Java HotSpot(TM) 64-Bit Server VM (24.80-b11) for linux-amd64 JRE (1.7.0_80-b15), built on Apr 10 2015 19:53:14 by "java_re" with gcc 4.3.0 20080428 (Red Hat 4.3.0-8)
Memory: 4k page, physical 8000092k(5783076k free), swap 8218620k(8218620k free)
CommandLine flags: -XX:+CMSParallelRemarkEnabled -XX:InitialHeapSize=170525696 -XX:MaxHeapSize=170525696 -XX:+PrintGC -XX:+PrintGCApplicationConcurrentTime -XX:+PrintGCApplicationStoppedTime -XX:+PrintGCDetails -XX:+PrintGCTimeStamps -XX:-UseAdaptiveSizePolicy -XX:+UseCompressedOops -XX:+UseParallelGC 
1.011: Application time: 0.9834980 seconds
1.011: Total time for which application threads were stopped: 0.0000430 seconds, Stopping threads took: 0.0000110 seconds
4.033: Application time: 3.0219040 seconds
4.033: Total time for which application threads were stopped: 0.0000690 seconds, Stopping threads took: 0.0000100 seconds
14.688: Application time: 10.6557750 seconds
14.689: Total time for which application threads were stopped: 0.0000360 seconds, Stopping threads took: 0.0000190 seconds
14.689: Application time: 0.0000630 seconds
14.689: Total time for which application threads were stopped: 0.0000340 seconds, Stopping threads took: 0.0000180 seconds
14.690: Application time: 0.0014610 seconds
14.690: Total time for which application threads were stopped: 0.0000110 seconds, Stopping threads took: 0.0000040 seconds
14.710: Application time: 0.0201340 seconds
14.710: Total time for which application threads were stopped: 0.0000400 seconds, Stopping threads took: 0.0000100 seconds
14.724: Application time: 0.0139360 seconds
14.724: [GC [PSYoungGen: 10893K->3353K(49152K)] 10893K->3361K(160256K), 0.0023560 secs] [Times: user=0.01 sys=0.01, real=0.01 secs] 
14.727: [Full GC [PSYoungGen: 3353K->0K(49152K)] [ParOldGen: 8K->3145K(111104K)] 3361K->3145K(160256K) [PSPermGen: 5076K->5074K(21504K)], 0.0107190 secs] [Times: user=0.04 sys=0.00, real=0.00 secs] 
14.737: Total time for which application threads were stopped: 0.0131940 seconds, Stopping threads took: 0.0000060 seconds
14.737: Application time: 0.0000590 seconds
14.738: [GC [PSYoungGen: 0K->0K(49152K)] 3145K->3145K(160256K), 0.0003610 secs] [Times: user=0.00 sys=0.00, real=0.00 secs] 
14.738: [Full GC [PSYoungGen: 0K->0K(49152K)] [ParOldGen: 3145K->3145K(111104K)] 3145K->3145K(160256K) [PSPermGen: 5074K->5074K(21504K)], 0.0049000 secs] [Times: user=0.02 sys=0.00, real=0.01 secs] 
14.743: Total time for which application threads were stopped: 0.0053670 seconds, Stopping threads took: 0.0000170 seconds
14.743: Application time: 0.0000500 seconds
14.743: Total time for which application threads were stopped: 0.0000270 seconds, Stopping threads took: 0.0000180 seconds
14.743: Application time: 0.0000220 seconds
14.743: Total time for which application threads were stopped: 0.0000190 seconds, Stopping threads took: 0.0000150 seconds
14.743: Application time: 0.0000110 seconds
14.743: Total time for which application threads were stopped: 0.0000140 seconds, Stopping threads took: 0.0000110 seconds
14.743: Application time: 0.0000100 seconds
14.743: Total time for which application threads were stopped: 0.0000160 seconds, Stopping threads took: 0.0000120 seconds
14.743: Application time: 0.0000100 seconds
14.743: Total time for which application threads were stopped: 0.0000160 seconds, Stopping threads took: 0.0000120 seconds
14.743: Application time: 0.0000090 seconds
14.743: Total time for which application threads were stopped: 0.0000150 seconds, Stopping threads took: 0.0000120 seconds
14.743: Application time: 0.0000090 seconds
14.743: Total time for which application threads were stopped: 0.0000180 seconds, Stopping threads took: 0.0000140 seconds
14.743: Application time: 0.0000080 seconds
14.743: Total time for which application threads were stopped: 0.0000150 seconds, Stopping threads took: 0.0000120 seconds
14.743: Application time: 0.0000100 seconds
14.743: Total time for which application threads were stopped: 0.0000150 seconds, Stopping threads took: 0.0000120 seconds
14.743: Application time: 0.0000100 seconds
14.743: Total time for which application threads were stopped: 0.0000150 seconds, Stopping threads took: 0.0000110 seconds
14.743: Application time: 0.0000100 seconds
14.743: Total time for which application threads were stopped: 0.0000140 seconds, Stopping threads took: 0.0000110 seconds
14.743: Application time: 0.0000090 seconds
14.743: Total time for which application threads were stopped: 0.0000160 seconds, Stopping threads took: 0.0000130 seconds
14.743: Application time: 0.0000280 seconds
14.743: Total time for which application threads were stopped: 0.0000160 seconds, Stopping threads took: 0.0000130 seconds
14.743: Application time: 0.0000130 seconds
14.743: Total time for which application threads were stopped: 0.0000190 seconds, Stopping threads took: 0.0000150 seconds
14.743: Application time: 0.0000120 seconds
14.743: Total time for which application threads were stopped: 0.0000150 seconds, Stopping threads took: 0.0000120 seconds
14.743: Application time: 0.0000120 seconds
14.743: Total time for which application threads were stopped: 0.0000160 seconds, Stopping threads took: 0.0000130 seconds
14.743: Application time: 0.0000120 seconds
14.743: Total time for which application threads were stopped: 0.0000140 seconds, Stopping threads took: 0.0000110 seconds
14.743: Application time: 0.0000090 seconds
14.743: Total time for which application threads were stopped: 0.0000160 seconds, Stopping threads took: 0.0000130 seconds
14.743: Application time: 0.0000090 seconds
14.743: Total time for which application threads were stopped: 0.0000160 seconds, Stopping threads took: 0.0000120 seconds
14.743: Application time: 0.0000120 seconds
14.743: Total time for which application threads were stopped: 0.0000160 seconds, Stopping threads took: 0.0000070 seconds
14.743: Application time: 0.0000110 seconds
14.743: Total time for which application threads were stopped: 0.0000140 seconds, Stopping threads took: 0.0000110 seconds
14.744: Application time: 0.0000120 seconds
14.744: Total time for which application threads were stopped: 0.0000160 seconds, Stopping threads took: 0.0000120 seconds
14.744: Application time: 0.0000100 seconds
14.744: Total time for which application threads were stopped: 0.0000150 seconds, Stopping threads took: 0.0000120 seconds
14.744: Application time: 0.0000110 seconds
14.744: Total time for which application threads were stopped: 0.0000220 seconds, Stopping threads took: 0.0000190 seconds
14.744: Application time: 0.0002560 seconds
14.744: Total time for which application threads were stopped: 0.0000240 seconds, Stopping threads took: 0.0000200 seconds
14.744: Application time: 0.0000150 seconds
14.744: Total time for which application threads were stopped: 0.0000120 seconds, Stopping threads took: 0.0000090 seconds
14.744: Application time: 0.0000150 seconds
14.744: Total time for which application threads were stopped: 0.0000130 seconds, Stopping threads took: 0.0000100 seconds
14.744: Application time: 0.0000140 seconds
14.744: Total time for which application threads were stopped: 0.0000090 seconds, Stopping threads took: 0.0000060 seconds
14.744: Application time: 0.0000150 seconds
14.744: Total time for which application threads were stopped: 0.0000120 seconds, Stopping threads took: 0.0000090 seconds
14.744: Application time: 0.0000150 seconds
14.744: Total time for which application threads were stopped: 0.0000130 seconds, Stopping threads took: 0.0000100 seconds
14.744: Application time: 0.0000140 seconds
14.744: Total time for which application threads were stopped: 0.0000120 seconds, Stopping threads took: 0.0000090 seconds
14.744: Application time: 0.0000150 seconds
14.744: Total time for which application threads were stopped: 0.0000140 seconds, Stopping threads took: 0.0000110 seconds
14.744: Application time: 0.0000140 seconds
14.744: Total time for which application threads were stopped: 0.0000120 seconds, Stopping threads took: 0.0000090 seconds
14.744: Application time: 0.0000140 seconds
14.744: Total time for which application threads were stopped: 0.0000120 seconds, Stopping threads took: 0.0000090 seconds
14.744: Application time: 0.0000150 seconds
14.744: Total time for which application threads were stopped: 0.0000080 seconds, Stopping threads took: 0.0000050 seconds
14.744: Application time: 0.0000150 seconds
14.744: Total time for which application threads were stopped: 0.0000130 seconds, Stopping threads took: 0.0000100 seconds
14.744: Application time: 0.0000140 seconds
14.744: Total time for which application threads were stopped: 0.0000130 seconds, Stopping threads took: 0.0000100 seconds
14.744: Application time: 0.0000150 seconds
14.744: Total time for which application threads were stopped: 0.0000130 seconds, Stopping threads took: 0.0000100 seconds
14.744: Application time: 0.0000150 seconds
14.744: Total time for which application threads were stopped: 0.0000080 seconds, Stopping threads took: 0.0000050 seconds
14.744: Application time: 0.0000140 seconds
14.744: Total time for which application threads were stopped: 0.0000140 seconds, Stopping threads took: 0.0000050 seconds
14.744: Application time: 0.0001170 seconds
14.744: Total time for which application threads were stopped: 0.0000140 seconds, Stopping threads took: 0.0000100 seconds
14.746: Application time: 0.0020680 seconds
14.747: Total time for which application threads were stopped: 0.0000320 seconds, Stopping threads took: 0.0000260 seconds
14.747: Application time: 0.0001130 seconds
14.747: Total time for which application threads were stopped: 0.0000510 seconds, Stopping threads took: 0.0000400 seconds
14.747: Application time: 0.0004400 seconds
14.747: Total time for which application threads were stopped: 0.0000270 seconds, Stopping threads took: 0.0000160 seconds
14.767: Application time: 0.0197320 seconds
14.767: Total time for which application threads were stopped: 0.0002220 seconds, Stopping threads took: 0.0002020 seconds
14.873: Application time: 0.1055370 seconds
14.874: [GC [PSYoungGen: 42496K->6640K(49152K)] 45641K->10862K(160256K), 0.0021100 secs] [Times: user=0.01 sys=0.00, real=0.00 secs] 
14.876: Total time for which application threads were stopped: 0.0038340 seconds, Stopping threads took: 0.0016190 seconds
14.877: Application time: 0.0003020 seconds
14.877: Total time for which application threads were stopped: 0.0003000 seconds, Stopping threads took: 0.0002830 seconds
14.918: Application time: 0.0405020 seconds
14.919: [GC [PSYoungGen: 49136K->6624K(49152K)] 53358K->11550K(160256K), 0.0016190 secs] [Times: user=0.01 sys=0.00, real=0.00 secs] 
14.920: Total time for which application threads were stopped: 0.0028180 seconds, Stopping threads took: 0.0011250 seconds
14.959: Application time: 0.0387510 seconds
14.961: [GC [PSYoungGen: 49120K->6080K(49152K)] 54046K->11006K(160256K), 0.0017650 secs] [Times: user=0.01 sys=0.00, real=0.00 secs] 
14.963: Total time for which application threads were stopped: 0.0040450 seconds, Stopping threads took: 0.0022060 seconds
15.002: Application time: 0.0387910 seconds
15.007: [GC [PSYoungGen: 48576K->6640K(49152K)] 53502K->11742K(160256K), 0.0019910 secs] [Times: user=0.01 sys=0.00, real=0.00 secs] 
15.009: Total time for which application threads were stopped: 0.0066600 seconds, Stopping threads took: 0.0045950 seconds
15.048: Application time: 0.0396970 seconds
15.050: [GC [PSYoungGen: 49136K->6640K(49152K)] 54238K->12690K(160256K), 0.0020620 secs] [Times: user=0.01 sys=0.00, real=0.00 secs] 
15.052: Total time for which application threads were stopped: 0.0035390 seconds, Stopping threads took: 0.0014040 seconds
15.092: Application time: 0.0397990 seconds
15.093: [GC [PSYoungGen: 49136K->5488K(49152K)] 55186K->11538K(160256K), 0.0015640 secs] [Times: user=0.01 sys=0.00, real=0.00 secs] 
15.095: Total time for which application threads were stopped: 0.0030750 seconds, Stopping threads took: 0.0014390 seconds
15.135: Application time: 0.0397600 seconds
15.137: [GC [PSYoungGen: 47984K->6640K(49152K)] 54034K->13418K(160256K), 0.0021340 secs] [Times: user=0.00 sys=0.01, real=0.01 secs] 
15.139: Total time for which application threads were stopped: 0.0044200 seconds, Stopping threads took: 0.0022000 seconds
15.176: Application time: 0.0371050 seconds
15.177: [GC [PSYoungGen: 49136K->6624K(49152K)] 55914K->13974K(160256K), 0.0020780 secs] [Times: user=0.02 sys=0.00, real=0.01 secs] 
15.180: Total time for which application threads were stopped: 0.0035140 seconds, Stopping threads took: 0.0013570 seconds
15.217: Application time: 0.0372550 seconds
15.218: [GC [PSYoungGen: 49120K->6656K(49152K)] 56470K->14454K(160256K), 0.0021730 secs] [Times: user=0.01 sys=0.00, real=0.01 secs] 
15.220: Total time for which application threads were stopped: 0.0033560 seconds, Stopping threads took: 0.0010920 seconds
15.261: Application time: 0.0403260 seconds
15.262: [GC [PSYoungGen: 49152K->6624K(49152K)] 56950K->14742K(160256K), 0.0019810 secs] [Times: user=0.01 sys=0.00, real=0.00 secs] 
15.264: Total time for which application threads were stopped: 0.0036170 seconds, Stopping threads took: 0.0015610 seconds
15.302: Application time: 0.0377770 seconds
15.305: [GC [PSYoungGen: 49120K->6656K(49152K)] 57238K->15958K(160256K), 0.0022730 secs] [Times: user=0.02 sys=0.00, real=0.01 secs] 
15.307: Total time for which application threads were stopped: 0.0050530 seconds, Stopping threads took: 0.0026990 seconds
15.345: Application time: 0.0376840 seconds
15.347: [GC [PSYoungGen: 49152K->6656K(49152K)] 58454K->17094K(160256K), 0.0022140 secs] [Times: user=0.01 sys=0.00, real=0.00 secs] 
15.349: Total time for which application threads were stopped: 0.0042550 seconds, Stopping threads took: 0.0019620 seconds
15.387: Application time: 0.0385320 seconds
15.389: [GC [PSYoungGen: 49152K->5536K(49152K)] 59590K->15974K(160256K), 0.0016060 secs] [Times: user=0.01 sys=0.00, real=0.00 secs] 
15.391: Total time for which application threads were stopped: 0.0034530 seconds, Stopping threads took: 0.0017750 seconds
15.429: Application time: 0.0380780 seconds
15.431: [GC [PSYoungGen: 48031K->6640K(49152K)] 58469K->18730K(160256K), 0.0024020 secs] [Times: user=0.01 sys=0.01, real=0.00 secs] 
15.433: Total time for which application threads were stopped: 0.0041280 seconds, Stopping threads took: 0.0016440 seconds
15.473: Application time: 0.0403280 seconds
15.476: [GC [PSYoungGen: 49136K->6640K(49152K)] 61226K->19114K(160256K), 0.0022230 secs] [Times: user=0.00 sys=0.01, real=0.00 secs] 
15.478: Total time for which application threads were stopped: 0.0044640 seconds, Stopping threads took: 0.0021550 seconds
15.525: Application time: 0.0468310 seconds
15.527: [GC [PSYoungGen: 49136K->5968K(49152K)] 61610K->18506K(160256K), 0.0019520 secs] [Times: user=0.01 sys=0.00, real=0.00 secs] 
15.529: Total time for which application threads were stopped: 0.0040100 seconds, Stopping threads took: 0.0019820 seconds
15.568: Application time: 0.0391590 seconds
15.570: [GC [PSYoungGen: 48464K->6656K(49152K)] 61002K->20354K(160256K), 0.0021370 secs] [Times: user=0.02 sys=0.00, real=0.00 secs] 
15.572: Total time for which application threads were stopped: 0.0045010 seconds, Stopping threads took: 0.0022840 seconds
15.611: Application time: 0.0388210 seconds
15.613: [GC [PSYoungGen: 49152K->6656K(49152K)] 62850K->20394K(160256K), 0.0041550 secs] [Times: user=0.03 sys=0.00, real=0.00 secs] 
15.617: Total time for which application threads were stopped: 0.0060120 seconds, Stopping threads took: 0.0017740 seconds
15.658: Application time: 0.0402350 seconds
15.659: [GC [PSYoungGen: 49152K->6544K(49152K)] 62890K->20282K(160256K), 0.0019170 secs] [Times: user=0.01 sys=0.00, real=0.00 secs] 
15.661: Total time for which application threads were stopped: 0.0036450 seconds, Stopping threads took: 0.0016300 seconds
15.700: Application time: 0.0386530 seconds
15.702: [GC [PSYoungGen: 49040K->6448K(49152K)] 62778K->20186K(160256K), 0.0018510 secs] [Times: user=0.01 sys=0.00, real=0.00 secs] 
15.704: Total time for which application threads were stopped: 0.0045330 seconds, Stopping threads took: 0.0026040 seconds
15.743: Application time: 0.0383850 seconds
15.744: [GC [PSYoungGen: 48944K->6656K(49152K)] 62682K->20914K(160256K), 0.0020500 secs] [Times: user=0.02 sys=0.00, real=0.00 secs] 
15.746: Total time for which application threads were stopped: 0.0036220 seconds, Stopping threads took: 0.0014780 seconds
15.787: Application time: 0.0403190 seconds
15.789: [GC [PSYoungGen: 49152K->6640K(49152K)] 63410K->21346K(160256K), 0.0020900 secs] [Times: user=0.01 sys=0.00, real=0.00 secs] 
15.791: Total time for which application threads were stopped: 0.0041760 seconds, Stopping threads took: 0.0020120 seconds
15.830: Application time: 0.0395350 seconds
15.832: [GC [PSYoungGen: 49136K->6656K(49152K)] 63842K->22730K(160256K), 0.0022690 secs] [Times: user=0.01 sys=0.00, real=0.00 secs] 
15.834: Total time for which application threads were stopped: 0.0037860 seconds, Stopping threads took: 0.0014370 seconds
15.872: Application time: 0.0376090 seconds
15.873: [GC [PSYoungGen: 49152K->6640K(49152K)] 65226K->22818K(160256K), 0.0019570 secs] [Times: user=0.02 sys=0.00, real=0.00 secs] 
15.875: Total time for which application threads were stopped: 0.0036420 seconds, Stopping threads took: 0.0016080 seconds
15.915: Application time: 0.0391110 seconds
15.917: [GC [PSYoungGen: 49136K->6640K(49152K)] 65314K->23594K(160256K), 0.0020820 secs] [Times: user=0.02 sys=0.00, real=0.01 secs] 
15.919: Total time for which application threads were stopped: 0.0046150 seconds, Stopping threads took: 0.0024580 seconds
15.959: Application time: 0.0394000 seconds
15.963: [GC [PSYoungGen: 49136K->6640K(49152K)] 66090K->24090K(160256K), 0.0022640 secs] [Times: user=0.01 sys=0.01, real=0.00 secs] 
15.965: Total time for which application threads were stopped: 0.0063750 seconds, Stopping threads took: 0.0040290 seconds
16.005: Application time: 0.0402210 seconds
16.006: [GC [PSYoungGen: 49136K->5200K(49152K)] 66586K->22658K(160256K), 0.0015330 secs] [Times: user=0.01 sys=0.00, real=0.01 secs] 
16.007: Total time for which application threads were stopped: 0.0022840 seconds, Stopping threads took: 0.0006850 seconds
16.047: Application time: 0.0396570 seconds
16.049: [GC [PSYoungGen: 47696K->6656K(49152K)] 65154K->24554K(160256K), 0.0020120 secs] [Times: user=0.01 sys=0.00, real=0.00 secs] 
16.051: Total time for which application threads were stopped: 0.0036340 seconds, Stopping threads took: 0.0015430 seconds
16.091: Application time: 0.0402960 seconds
16.092: [GC [PSYoungGen: 49152K->6144K(49152K)] 67050K->24050K(160256K), 0.0018160 secs] [Times: user=0.01 sys=0.00, real=0.00 secs] 
16.094: Total time for which application threads were stopped: 0.0028950 seconds, Stopping threads took: 0.0010040 seconds
16.138: Application time: 0.0442400 seconds
16.141: [GC [PSYoungGen: 48640K->6032K(49152K)] 66546K->23938K(160256K), 0.0017070 secs] [Times: user=0.01 sys=0.00, real=0.00 secs] 
16.142: Total time for which application threads were stopped: 0.0041030 seconds, Stopping threads took: 0.0023250 seconds
16.182: Application time: 0.0399160 seconds
16.184: [GC [PSYoungGen: 48528K->6640K(49152K)] 66434K->24874K(160256K), 0.0019360 secs] [Times: user=0.01 sys=0.01, real=0.00 secs] 
16.186: Total time for which application threads were stopped: 0.0035030 seconds, Stopping threads took: 0.0014980 seconds
16.227: Application time: 0.0415140 seconds
16.229: [GC [PSYoungGen: 49136K->6640K(49152K)] 67370K->26242K(160256K), 0.0021650 secs] [Times: user=0.01 sys=0.00, real=0.00 secs] 
16.232: Total time for which application threads were stopped: 0.0044390 seconds, Stopping threads took: 0.0021950 seconds
16.272: Application time: 0.0399020 seconds
16.274: [GC [PSYoungGen: 49136K->6640K(49152K)] 68738K->27626K(160256K), 0.0022930 secs] [Times: user=0.02 sys=0.00, real=0.00 secs] 
16.277: Total time for which application threads were stopped: 0.0052150 seconds, Stopping threads took: 0.0028310 seconds
16.315: Application time: 0.0384440 seconds
16.317: [GC [PSYoungGen: 49136K->6656K(49152K)] 70122K->28814K(160256K), 0.0022600 secs] [Times: user=0.01 sys=0.00, real=0.01 secs] 
16.320: Total time for which application threads were stopped: 0.0043370 seconds, Stopping threads took: 0.0019950 seconds
16.359: Application time: 0.0392890 seconds
16.360: [GC [PSYoungGen: 49150K->6640K(49152K)] 71308K->29838K(160256K), 0.0021420 secs] [Times: user=0.01 sys=0.00, real=0.00 secs] 
16.362: Total time for which application threads were stopped: 0.0031240 seconds, Stopping threads took: 0.0009070 seconds
16.403: Application time: 0.0409750 seconds
16.406: [GC [PSYoungGen: 49136K->6544K(49152K)] 72334K->29742K(160256K), 0.0019260 secs] [Times: user=0.01 sys=0.00, real=0.01 secs] 
16.408: Total time for which application threads were stopped: 0.0047900 seconds, Stopping threads took: 0.0027800 seconds
16.448: Application time: 0.0405650 seconds
16.451: [GC [PSYoungGen: 49040K->6224K(49152K)] 72238K->29422K(160256K), 0.0016970 secs] [Times: user=0.01 sys=0.00, real=0.00 secs] 
16.453: Total time for which application threads were stopped: 0.0044670 seconds, Stopping threads took: 0.0026990 seconds
16.493: Application time: 0.0399900 seconds
16.495: [GC [PSYoungGen: 48720K->5984K(49152K)] 71918K->29182K(160256K), 0.0017950 secs] [Times: user=0.01 sys=0.00, real=0.00 secs] 
16.497: Total time for which application threads were stopped: 0.0039710 seconds, Stopping threads took: 0.0021010 seconds
16.536: Application time: 0.0396970 seconds
16.538: [GC [PSYoungGen: 48480K->6640K(49152K)] 71678K->30166K(160256K), 0.0019630 secs] [Times: user=0.01 sys=0.00, real=0.01 secs] 
16.540: Total time for which application threads were stopped: 0.0030780 seconds, Stopping threads took: 0.0010390 seconds
16.579: Application time: 0.0398850 seconds
16.582: [GC [PSYoungGen: 49136K->6656K(49152K)] 72662K->30422K(160256K), 0.0020050 secs] [Times: user=0.01 sys=0.00, real=0.00 secs] 
16.584: Total time for which application threads were stopped: 0.0046940 seconds, Stopping threads took: 0.0026100 seconds
16.623: Application time: 0.0385190 seconds
16.625: [GC [PSYoungGen: 49152K->6656K(49152K)] 72918K->31534K(160256K), 0.0022070 secs] [Times: user=0.01 sys=0.00, real=0.01 secs] 
16.627: Total time for which application threads were stopped: 0.0041130 seconds, Stopping threads took: 0.0018220 seconds
16.667: Application time: 0.0405300 seconds
16.670: [GC [PSYoungGen: 49152K->6624K(49152K)] 74030K->31598K(160256K), 0.0021190 secs] [Times: user=0.02 sys=0.00, real=0.00 secs] 
16.672: Total time for which application threads were stopped: 0.0046900 seconds, Stopping threads took: 0.0024990 seconds
16.712: Application time: 0.0399530 seconds
16.715: [GC [PSYoungGen: 49120K->6656K(49152K)] 74094K->32462K(160256K), 0.0021700 secs] [Times: user=0.02 sys=0.00, real=0.00 secs] 
16.717: Total time for which application threads were stopped: 0.0053090 seconds, Stopping threads took: 0.0030540 seconds
16.756: Application time: 0.0390470 seconds
16.758: [GC [PSYoungGen: 49152K->6624K(49152K)] 74958K->33174K(160256K), 0.0020770 secs] [Times: user=0.01 sys=0.00, real=0.01 secs] 
16.760: Total time for which application threads were stopped: 0.0038100 seconds, Stopping threads took: 0.0016360 seconds
16.808: Application time: 0.0475960 seconds
16.808: [GC [PSYoungGen: 49120K->6624K(49152K)] 75670K->33814K(160256K), 0.0022530 secs] [Times: user=0.01 sys=0.00, real=0.00 secs] 
16.810: Total time for which application threads were stopped: 0.0027290 seconds, Stopping threads took: 0.0003900 seconds
16.854: Application time: 0.0433430 seconds
16.855: [GC [PSYoungGen: 49120K->6656K(49152K)] 76310K->35394K(160256K), 0.0024710 secs] [Times: user=0.02 sys=0.00, real=0.00 secs] 
16.858: Total time for which application threads were stopped: 0.0041750 seconds, Stopping threads took: 0.0016230 seconds
16.897: Application time: 0.0394480 seconds
16.899: [GC [PSYoungGen: 49152K->5968K(49152K)] 77890K->34706K(160256K), 0.0018810 secs] [Times: user=0.01 sys=0.01, real=0.00 secs] 
16.901: Total time for which application threads were stopped: 0.0036210 seconds, Stopping threads took: 0.0016690 seconds
16.942: Application time: 0.0409870 seconds
16.944: [GC [PSYoungGen: 48464K->5872K(49152K)] 77202K->34610K(160256K), 0.0018610 secs] [Times: user=0.01 sys=0.00, real=0.00 secs] 
16.946: Total time for which application threads were stopped: 0.0041320 seconds, Stopping threads took: 0.0021770 seconds
16.987: Application time: 0.0404260 seconds
16.989: [GC [PSYoungGen: 48368K->6640K(49152K)] 77106K->36174K(160256K), 0.0021130 secs] [Times: user=0.00 sys=0.02, real=0.00 secs] 
16.991: Total time for which application threads were stopped: 0.0042660 seconds, Stopping threads took: 0.0020700 seconds
17.030: Application time: 0.0390410 seconds
17.032: [GC [PSYoungGen: 49136K->6656K(49152K)] 78670K->36782K(160256K), 0.0021640 secs] [Times: user=0.01 sys=0.01, real=0.00 secs] 
17.035: Total time for which application threads were stopped: 0.0047060 seconds, Stopping threads took: 0.0024640 seconds
17.074: Application time: 0.0389780 seconds
17.075: [GC [PSYoungGen: 49152K->6624K(49152K)] 79278K->37174K(160256K), 0.0022390 secs] [Times: user=0.02 sys=0.01, real=0.00 secs] 
17.077: Total time for which application threads were stopped: 0.0038560 seconds, Stopping threads took: 0.0015340 seconds
17.116: Application time: 0.0387340 seconds
17.118: [GC [PSYoungGen: 49120K->6640K(49152K)] 79670K->37486K(160256K), 0.0020630 secs] [Times: user=0.01 sys=0.00, real=0.01 secs] 
17.120: Total time for which application threads were stopped: 0.0036790 seconds, Stopping threads took: 0.0015390 seconds
17.159: Application time: 0.0388150 seconds
17.161: [GC [PSYoungGen: 49136K->6656K(49152K)] 79982K->38594K(160256K), 0.0022680 secs] [Times: user=0.02 sys=0.00, real=0.00 secs] 
17.164: Total time for which application threads were stopped: 0.0049030 seconds, Stopping threads took: 0.0025330 seconds
17.202: Application time: 0.0388330 seconds
17.205: [GC [PSYoungGen: 49152K->6656K(49152K)] 81090K->39666K(160256K), 0.0022770 secs] [Times: user=0.00 sys=0.01, real=0.01 secs] 
17.207: Total time for which application threads were stopped: 0.0044110 seconds, Stopping threads took: 0.0020530 seconds
17.246: Application time: 0.0388320 seconds
17.246: [GC [PSYoungGen: 49152K->5568K(49152K)] 82162K->38578K(160256K), 0.0016430 secs] [Times: user=0.01 sys=0.00, real=0.01 secs] 
17.248: Total time for which application threads were stopped: 0.0024040 seconds, Stopping threads took: 0.0006860 seconds
17.288: Application time: 0.0402740 seconds
17.290: [GC [PSYoungGen: 48064K->6592K(49152K)] 81074K->39602K(160256K), 0.0019880 secs] [Times: user=0.01 sys=0.00, real=0.00 secs] 
17.292: Total time for which application threads were stopped: 0.0034840 seconds, Stopping threads took: 0.0014170 seconds
17.332: Application time: 0.0405770 seconds
17.335: [GC [PSYoungGen: 49088K->6656K(49152K)] 82098K->40410K(160256K), 0.0021950 secs] [Times: user=0.01 sys=0.00, real=0.00 secs] 
17.337: Total time for which application threads were stopped: 0.0046230 seconds, Stopping threads took: 0.0023400 seconds
17.375: Application time: 0.0377600 seconds
17.377: [GC [PSYoungGen: 49152K->6640K(49152K)] 82906K->41078K(160256K), 0.0022440 secs] [Times: user=0.02 sys=0.00, real=0.01 secs] 
17.379: Total time for which application threads were stopped: 0.0042650 seconds, Stopping threads took: 0.0019450 seconds
17.419: Application time: 0.0403930 seconds
17.422: [GC [PSYoungGen: 49136K->5344K(49152K)] 83574K->39782K(160256K), 0.0017070 secs] [Times: user=0.01 sys=0.00, real=0.00 secs] 
17.424: Total time for which application threads were stopped: 0.0044080 seconds, Stopping threads took: 0.0026270 seconds
17.464: Application time: 0.0397820 seconds
17.467: [GC [PSYoungGen: 47840K->6096K(49152K)] 82278K->40534K(160256K), 0.0018370 secs] [Times: user=0.01 sys=0.00, real=0.00 secs] 
17.468: Total time for which application threads were stopped: 0.0048160 seconds, Stopping threads took: 0.0028970 seconds
17.508: Application time: 0.0392130 seconds
17.509: [GC [PSYoungGen: 48592K->6640K(49152K)] 83030K->41206K(160256K), 0.0020560 secs] [Times: user=0.01 sys=0.00, real=0.00 secs] 
17.511: Total time for which application threads were stopped: 0.0032160 seconds, Stopping threads took: 0.0010800 seconds
17.551: Application time: 0.0398410 seconds
17.552: [GC [PSYoungGen: 49136K->6624K(49152K)] 83702K->41190K(160256K), 0.0019830 secs] [Times: user=0.01 sys=0.00, real=0.00 secs] 
17.554: Total time for which application threads were stopped: 0.0034870 seconds, Stopping threads took: 0.0014190 seconds
17.593: Application time: 0.0388610 seconds
17.595: [GC [PSYoungGen: 49120K->6656K(49152K)] 83686K->41766K(160256K), 0.0020710 secs] [Times: user=0.01 sys=0.00, real=0.00 secs] 
17.597: Total time for which application threads were stopped: 0.0038010 seconds, Stopping threads took: 0.0016500 seconds
17.638: Application time: 0.0406040 seconds
17.640: [GC [PSYoungGen: 49150K->6640K(49152K)] 84261K->42166K(160256K), 0.0019920 secs] [Times: user=0.01 sys=0.01, real=0.00 secs] 
17.642: Total time for which application threads were stopped: 0.0041390 seconds, Stopping threads took: 0.0020730 seconds
17.679: Application time: 0.0377790 seconds
17.681: [GC [PSYoungGen: 49136K->6656K(49152K)] 84662K->42398K(160256K), 0.0020000 secs] [Times: user=0.01 sys=0.00, real=0.00 secs] 
17.683: Total time for which application threads were stopped: 0.0036250 seconds, Stopping threads took: 0.0015490 seconds
17.722: Application time: 0.0384920 seconds
17.724: [GC [PSYoungGen: 49152K->6640K(49152K)] 84894K->42446K(160256K), 0.0019760 secs] [Times: user=0.01 sys=0.00, real=0.00 secs] 
17.726: Total time for which application threads were stopped: 0.0042910 seconds, Stopping threads took: 0.0022380 seconds
17.765: Application time: 0.0389770 seconds
17.766: [GC [PSYoungGen: 49136K->6640K(49152K)] 84942K->42478K(160256K), 0.0019730 secs] [Times: user=0.01 sys=0.00, real=0.01 secs] 
17.768: Total time for which application threads were stopped: 0.0036050 seconds, Stopping threads took: 0.0015560 seconds
17.809: Application time: 0.0402810 seconds
17.810: [GC [PSYoungGen: 49136K->6640K(49152K)] 84974K->43362K(160256K), 0.0021880 secs] [Times: user=0.01 sys=0.00, real=0.00 secs] 
17.812: Total time for which application threads were stopped: 0.0031130 seconds, Stopping threads took: 0.0008480 seconds
17.852: Application time: 0.0400440 seconds
17.853: [GC [PSYoungGen: 49135K->6560K(49152K)] 85858K->43282K(160256K), 0.0019770 secs] [Times: user=0.01 sys=0.00, real=0.00 secs] 
17.855: Total time for which application threads were stopped: 0.0034570 seconds, Stopping threads took: 0.0013900 seconds
17.894: Application time: 0.0382010 seconds
17.896: [GC [PSYoungGen: 49056K->6528K(49152K)] 85778K->43250K(160256K), 0.0019590 secs] [Times: user=0.01 sys=0.00, real=0.00 secs] 
17.898: Total time for which application threads were stopped: 0.0041550 seconds, Stopping threads took: 0.0021000 seconds
17.936: Application time: 0.0377960 seconds
17.938: [GC [PSYoungGen: 49022K->6656K(49152K)] 85745K->43958K(160256K), 0.0023000 secs] [Times: user=0.01 sys=0.00, real=0.01 secs] 
17.940: Total time for which application threads were stopped: 0.0048560 seconds, Stopping threads took: 0.0024630 seconds
17.978: Application time: 0.0379810 seconds
17.980: [GC [PSYoungGen: 49150K->6656K(49152K)] 86453K->45398K(160256K), 0.0023740 secs] [Times: user=0.02 sys=0.00, real=0.00 secs] 
17.982: Total time for which application threads were stopped: 0.0039460 seconds, Stopping threads took: 0.0014910 seconds
18.020: Application time: 0.0381220 seconds
18.023: [GC [PSYoungGen: 49152K->6640K(49152K)] 87894K->45638K(160256K), 0.0020690 secs] [Times: user=0.01 sys=0.00, real=0.00 secs] 
18.025: Total time for which application threads were stopped: 0.0043140 seconds, Stopping threads took: 0.0021490 seconds
18.064: Application time: 0.0391160 seconds
18.066: [GC [PSYoungGen: 49136K->6640K(49152K)] 88134K->46654K(160256K), 0.0021180 secs] [Times: user=0.02 sys=0.00, real=0.01 secs] 
18.068: Total time for which application threads were stopped: 0.0044460 seconds, Stopping threads took: 0.0022520 seconds
18.108: Application time: 0.0393820 seconds
18.109: [GC [PSYoungGen: 49136K->5376K(49152K)] 89150K->45406K(160256K), 0.0015810 secs] [Times: user=0.01 sys=0.00, real=0.00 secs] 
18.110: Total time for which application threads were stopped: 0.0025230 seconds, Stopping threads took: 0.0008720 seconds
18.156: Application time: 0.0453840 seconds
18.159: [GC [PSYoungGen: 47872K->6496K(49152K)] 87902K->46534K(160256K), 0.0019610 secs] [Times: user=0.01 sys=0.00, real=0.00 secs] 
18.161: Total time for which application threads were stopped: 0.0049720 seconds, Stopping threads took: 0.0029440 seconds
18.202: Application time: 0.0417820 seconds
18.205: [GC [PSYoungGen: 48992K->6656K(49152K)] 89030K->48247K(160256K), 0.0023670 secs] [Times: user=0.02 sys=0.00, real=0.01 secs] 
18.208: Total time for which application threads were stopped: 0.0054470 seconds, Stopping threads took: 0.0029980 seconds
18.248: Application time: 0.0406530 seconds
18.250: [GC [PSYoungGen: 49152K->6016K(49152K)] 90743K->47607K(160256K), 0.0018350 secs] [Times: user=0.01 sys=0.00, real=0.00 secs] 
18.252: Total time for which application threads were stopped: 0.0032970 seconds, Stopping threads took: 0.0013880 seconds
18.292: Application time: 0.0400510 seconds
18.294: [GC [PSYoungGen: 48512K->5088K(49152K)] 90103K->46679K(160256K), 0.0015740 secs] [Times: user=0.01 sys=0.00, real=0.00 secs] 
18.295: Total time for which application threads were stopped: 0.0034610 seconds, Stopping threads took: 0.0018150 seconds
18.336: Application time: 0.0412050 seconds
18.338: [GC [PSYoungGen: 47584K->6048K(49152K)] 89175K->47639K(160256K), 0.0017660 secs] [Times: user=0.01 sys=0.00, real=0.01 secs] 
18.340: Total time for which application threads were stopped: 0.0037090 seconds, Stopping threads took: 0.0018670 seconds
18.380: Application time: 0.0401590 seconds
18.382: [GC [PSYoungGen: 48544K->6656K(49152K)] 90135K->49547K(160256K), 0.0023610 secs] [Times: user=0.02 sys=0.00, real=0.00 secs] 
18.384: Total time for which application threads were stopped: 0.0039880 seconds, Stopping threads took: 0.0015380 seconds
18.426: Application time: 0.0411410 seconds
18.428: [GC [PSYoungGen: 49152K->5824K(49152K)] 92043K->48715K(160256K), 0.0017850 secs] [Times: user=0.01 sys=0.00, real=0.00 secs] 
18.429: Total time for which application threads were stopped: 0.0038310 seconds, Stopping threads took: 0.0019700 seconds
18.473: Application time: 0.0434700 seconds
18.474: [GC [PSYoungGen: 48320K->6656K(49152K)] 91211K->50331K(160256K), 0.0022150 secs] [Times: user=0.01 sys=0.00, real=0.00 secs] 
18.476: Total time for which application threads were stopped: 0.0036560 seconds, Stopping threads took: 0.0013660 seconds
18.517: Application time: 0.0402370 seconds
18.518: [GC [PSYoungGen: 49152K->6432K(49152K)] 92827K->50107K(160256K), 0.0022120 secs] [Times: user=0.01 sys=0.00, real=0.01 secs] 
18.521: Total time for which application threads were stopped: 0.0038350 seconds, Stopping threads took: 0.0015470 seconds
18.560: Application time: 0.0390850 seconds
18.562: [GC [PSYoungGen: 48927K->4800K(49152K)] 92602K->48475K(160256K), 0.0016090 secs] [Times: user=0.01 sys=0.00, real=0.00 secs] 
18.563: Total time for which application threads were stopped: 0.0035180 seconds, Stopping threads took: 0.0018290 seconds
18.600: Application time: 0.0368820 seconds
18.602: [GC [PSYoungGen: 47296K->6656K(49152K)] 90971K->51211K(160256K), 0.0021730 secs] [Times: user=0.02 sys=0.00, real=0.00 secs] 
18.604: Total time for which application threads were stopped: 0.0042630 seconds, Stopping threads took: 0.0020110 seconds
18.642: Application time: 0.0375960 seconds
18.644: [GC [PSYoungGen: 49152K->6656K(49152K)] 93707K->51699K(160256K), 0.0020460 secs] [Times: user=0.02 sys=0.00, real=0.00 secs] 
18.646: Total time for which application threads were stopped: 0.0045180 seconds, Stopping threads took: 0.0023990 seconds
18.689: Application time: 0.0421790 seconds
18.689: [GC [PSYoungGen: 49152K->5328K(49152K)] 94195K->50379K(160256K), 0.0016000 secs] [Times: user=0.01 sys=0.00, real=0.00 secs] 
18.691: Total time for which application threads were stopped: 0.0020240 seconds, Stopping threads took: 0.0003590 seconds
18.732: Application time: 0.0411540 seconds
18.733: [GC [PSYoungGen: 47824K->5280K(49152K)] 92875K->50339K(160256K), 0.0015960 secs] [Times: user=0.00 sys=0.00, real=0.00 secs] 
18.734: Total time for which application threads were stopped: 0.0026600 seconds, Stopping threads took: 0.0009920 seconds
18.773: Application time: 0.0383650 seconds
18.775: [GC [PSYoungGen: 47776K->6640K(49152K)] 92835K->52011K(160256K), 0.0020670 secs] [Times: user=0.01 sys=0.00, real=0.00 secs] 
18.778: Total time for which application threads were stopped: 0.0047170 seconds, Stopping threads took: 0.0025720 seconds
18.816: Application time: 0.0382930 seconds
18.818: [GC [PSYoungGen: 49136K->6400K(49152K)] 94507K->51771K(160256K), 0.0019080 secs] [Times: user=0.02 sys=0.00, real=0.01 secs] 
18.820: Total time for which application threads were stopped: 0.0039230 seconds, Stopping threads took: 0.0019440 seconds
18.858: Application time: 0.0379590 seconds
18.859: [GC [PSYoungGen: 48896K->6640K(49152K)] 94267K->53091K(160256K), 0.0022380 secs] [Times: user=0.01 sys=0.01, real=0.00 secs] 
18.861: Total time for which application threads were stopped: 0.0036260 seconds, Stopping threads took: 0.0013060 seconds
18.901: Application time: 0.0399110 seconds
18.902: [GC [PSYoungGen: 49136K->5824K(49152K)] 95587K->52275K(160256K), 0.0018770 secs] [Times: user=0.02 sys=0.00, real=0.00 secs] 
18.904: Total time for which application threads were stopped: 0.0030770 seconds, Stopping threads took: 0.0011140 seconds
18.944: Application time: 0.0396270 seconds
18.945: [GC [PSYoungGen: 48320K->6640K(49152K)] 94771K->53171K(160256K), 0.0021300 secs] [Times: user=0.01 sys=0.00, real=0.01 secs] 
18.948: Total time for which application threads were stopped: 0.0036640 seconds, Stopping threads took: 0.0014550 seconds
18.987: Application time: 0.0389550 seconds
18.988: [GC [PSYoungGen: 49136K->6656K(49152K)] 95667K->53219K(160256K), 0.0020880 secs] [Times: user=0.01 sys=0.00, real=0.00 secs] 
18.990: Total time for which application threads were stopped: 0.0034400 seconds, Stopping threads took: 0.0012750 seconds
19.030: Application time: 0.0401960 seconds
19.035: [GC [PSYoungGen: 49152K->6016K(49152K)] 95715K->52579K(160256K), 0.0017920 secs] [Times: user=0.01 sys=0.00, real=0.00 secs] 
19.036: Total time for which application threads were stopped: 0.0062230 seconds, Stopping threads took: 0.0043560 seconds
19.076: Application time: 0.0395670 seconds
19.078: [GC [PSYoungGen: 48512K->5632K(49152K)] 95075K->52195K(160256K), 0.0016210 secs] [Times: user=0.01 sys=0.00, real=0.01 secs] 
19.080: Total time for which application threads were stopped: 0.0035510 seconds, Stopping threads took: 0.0018580 seconds
19.120: Application time: 0.0407640 seconds
19.122: [GC [PSYoungGen: 48128K->5376K(49152K)] 94691K->51939K(160256K), 0.0017280 secs] [Times: user=0.01 sys=0.00, real=0.00 secs] 
19.124: Total time for which application threads were stopped: 0.0032530 seconds, Stopping threads took: 0.0014510 seconds
19.161: Application time: 0.0377300 seconds
19.164: [GC [PSYoungGen: 47870K->6528K(49152K)] 94434K->53091K(160256K), 0.0019410 secs] [Times: user=0.01 sys=0.00, real=0.00 secs] 
19.166: Total time for which application threads were stopped: 0.0044450 seconds, Stopping threads took: 0.0024240 seconds
19.205: Application time: 0.0390340 seconds
19.207: [GC [PSYoungGen: 49023K->5488K(49152K)] 95587K->52059K(160256K), 0.0016480 secs] [Times: user=0.01 sys=0.00, real=0.00 secs] 
19.209: Total time for which application threads were stopped: 0.0041520 seconds, Stopping threads took: 0.0024310 seconds
19.248: Application time: 0.0391510 seconds
19.250: [GC [PSYoungGen: 47984K->6640K(49152K)] 94555K->53875K(160256K), 0.0021910 secs] [Times: user=0.02 sys=0.00, real=0.00 secs] 
19.253: Total time for which application threads were stopped: 0.0043800 seconds, Stopping threads took: 0.0021100 seconds
19.290: Application time: 0.0373160 seconds
19.291: [GC [PSYoungGen: 49136K->6640K(49152K)] 96371K->54491K(160256K), 0.0021450 secs] [Times: user=0.02 sys=0.00, real=0.00 secs] 
19.294: Total time for which application threads were stopped: 0.0036720 seconds, Stopping threads took: 0.0014470 seconds
19.331: Application time: 0.0373410 seconds
19.332: [GC [PSYoungGen: 49136K->6656K(49152K)] 96987K->54947K(160256K), 0.0020780 secs] [Times: user=0.02 sys=0.00, real=0.00 secs] 
19.335: Total time for which application threads were stopped: 0.0037490 seconds, Stopping threads took: 0.0015950 seconds
19.373: Application time: 0.0384580 seconds
19.376: [GC [PSYoungGen: 49152K->6656K(49152K)] 97443K->55335K(160256K), 0.0020420 secs] [Times: user=0.01 sys=0.00, real=0.00 secs] 
19.378: Total time for which application threads were stopped: 0.0045530 seconds, Stopping threads took: 0.0024320 seconds
19.420: Application time: 0.0421330 seconds
19.422: [GC [PSYoungGen: 49152K->6544K(49152K)] 97831K->55223K(160256K), 0.0019610 secs] [Times: user=0.02 sys=0.00, real=0.00 secs] 
19.424: Total time for which application threads were stopped: 0.0040340 seconds, Stopping threads took: 0.0019870 seconds
19.467: Application time: 0.0428970 seconds
19.469: [GC [PSYoungGen: 49040K->5920K(49152K)] 97719K->54599K(160256K), 0.0017700 secs] [Times: user=0.01 sys=0.00, real=0.00 secs] 
19.471: Total time for which application threads were stopped: 0.0039670 seconds, Stopping threads took: 0.0021220 seconds
19.511: Application time: 0.0401050 seconds
19.513: [GC [PSYoungGen: 48416K->6656K(49152K)] 97095K->55471K(160256K), 0.0020400 secs] [Times: user=0.02 sys=0.00, real=0.00 secs] 
19.515: Total time for which application threads were stopped: 0.0045930 seconds, Stopping threads took: 0.0024750 seconds
19.557: Application time: 0.0419180 seconds
19.559: [GC [PSYoungGen: 49152K->6240K(49152K)] 97967K->55055K(160256K), 0.0020800 secs] [Times: user=0.01 sys=0.00, real=0.00 secs] 
19.561: Total time for which application threads were stopped: 0.0038690 seconds, Stopping threads took: 0.0017020 seconds
19.602: Application time: 0.0411420 seconds
19.604: [GC [PSYoungGen: 48736K->6048K(49152K)] 97551K->54863K(160256K), 0.0019560 secs] [Times: user=0.01 sys=0.00, real=0.00 secs] 
19.606: Total time for which application threads were stopped: 0.0041240 seconds, Stopping threads took: 0.0020680 seconds
19.649: Application time: 0.0421410 seconds
19.651: [GC [PSYoungGen: 48544K->6336K(49152K)] 97359K->55151K(160256K), 0.0019680 secs] [Times: user=0.01 sys=0.01, real=0.00 secs] 
19.653: Total time for which application threads were stopped: 0.0039710 seconds, Stopping threads took: 0.0019240 seconds
19.693: Application time: 0.0409030 seconds
19.695: [GC [PSYoungGen: 48832K->6640K(49152K)] 97647K->55967K(160256K), 0.0021360 secs] [Times: user=0.02 sys=0.00, real=0.00 secs] 
19.698: Total time for which application threads were stopped: 0.0041740 seconds, Stopping threads took: 0.0019640 seconds
19.740: Application time: 0.0428500 seconds
19.743: [GC [PSYoungGen: 49136K->6640K(49152K)] 98463K->57143K(160256K), 0.0022010 secs] [Times: user=0.01 sys=0.01, real=0.00 secs] 
19.746: Total time for which application threads were stopped: 0.0052500 seconds, Stopping threads took: 0.0029700 seconds
19.787: Application time: 0.0411780 seconds
19.789: [GC [PSYoungGen: 49136K->6656K(49152K)] 99639K->58271K(160256K), 0.0022420 secs] [Times: user=0.01 sys=0.00, real=0.00 secs] 
19.792: Total time for which application threads were stopped: 0.0046480 seconds, Stopping threads took: 0.0023190 seconds
19.832: Application time: 0.0402310 seconds
19.834: [GC [PSYoungGen: 49152K->6080K(49152K)] 100767K->57703K(160256K), 0.0018930 secs] [Times: user=0.02 sys=0.00, real=0.00 secs] 
19.836: Total time for which application threads were stopped: 0.0040590 seconds, Stopping threads took: 0.0020830 seconds
19.878: Application time: 0.0418560 seconds
19.881: [GC [PSYoungGen: 48576K->6592K(49152K)] 100199K->58231K(160256K), 0.0020270 secs] [Times: user=0.01 sys=0.00, real=0.00 secs] 
19.883: Total time for which application threads were stopped: 0.0049090 seconds, Stopping threads took: 0.0027990 seconds
19.925: Application time: 0.0427330 seconds
19.927: [GC [PSYoungGen: 49088K->4608K(49152K)] 100727K->56247K(160256K), 0.0015690 secs] [Times: user=0.00 sys=0.00, real=0.00 secs] 
19.929: Total time for which application threads were stopped: 0.0035340 seconds, Stopping threads took: 0.0018830 seconds
19.973: Application time: 0.0437580 seconds
19.975: [GC [PSYoungGen: 47104K->5584K(49152K)] 98743K->57223K(160256K), 0.0016850 secs] [Times: user=0.01 sys=0.01, real=0.00 secs] 
19.977: Total time for which application threads were stopped: 0.0044380 seconds, Stopping threads took: 0.0026800 seconds
20.022: Application time: 0.0446810 seconds
20.024: [GC [PSYoungGen: 48080K->5040K(49152K)] 99719K->56679K(160256K), 0.0015500 secs] [Times: user=0.01 sys=0.00, real=0.00 secs] 
20.026: Total time for which application threads were stopped: 0.0037340 seconds, Stopping threads took: 0.0021150 seconds
20.071: Application time: 0.0451860 seconds
20.073: [GC [PSYoungGen: 47536K->5440K(49152K)] 99175K->57079K(160256K), 0.0017110 secs] [Times: user=0.01 sys=0.00, real=0.00 secs] 
20.075: Total time for which application threads were stopped: 0.0039660 seconds, Stopping threads took: 0.0021580 seconds
20.116: Application time: 0.0413880 seconds
20.118: [GC [PSYoungGen: 47936K->6320K(49152K)] 99575K->57959K(160256K), 0.0019710 secs] [Times: user=0.01 sys=0.00, real=0.01 secs] 
20.120: Total time for which application threads were stopped: 0.0034990 seconds, Stopping threads took: 0.0014480 seconds
20.159: Application time: 0.0392890 seconds
20.162: [GC [PSYoungGen: 48816K->6640K(49152K)] 100455K->59711K(160256K), 0.0023110 secs] [Times: user=0.01 sys=0.00, real=0.00 secs] 
20.164: Total time for which application threads were stopped: 0.0050760 seconds, Stopping threads took: 0.0026870 seconds
20.205: Application time: 0.0415590 seconds
20.208: [GC [PSYoungGen: 49136K->6640K(49152K)] 102207K->59911K(160256K), 0.0020900 secs] [Times: user=0.01 sys=0.00, real=0.00 secs] 
20.210: Total time for which application threads were stopped: 0.0049200 seconds, Stopping threads took: 0.0027490 seconds
20.249: Application time: 0.0389220 seconds
20.252: [GC [PSYoungGen: 49136K->6656K(49152K)] 102407K->60903K(160256K), 0.0021160 secs] [Times: user=0.02 sys=0.00, real=0.00 secs] 
20.254: Total time for which application threads were stopped: 0.0045040 seconds, Stopping threads took: 0.0023100 seconds
20.296: Application time: 0.0424770 seconds
20.300: [GC [PSYoungGen: 49152K->6656K(49152K)] 103399K->61151K(160256K), 0.0019850 secs] [Times: user=0.01 sys=0.00, real=0.00 secs] 
20.302: Total time for which application threads were stopped: 0.0053240 seconds, Stopping threads took: 0.0032640 seconds
20.345: Application time: 0.0432590 seconds
20.347: [GC [PSYoungGen: 49152K->6496K(49152K)] 103647K->60999K(160256K), 0.0019190 secs] [Times: user=0.01 sys=0.00, real=0.00 secs] 
20.349: Total time for which application threads were stopped: 0.0042230 seconds, Stopping threads took: 0.0022280 seconds
20.390: Application time: 0.0413270 seconds
20.393: [GC [PSYoungGen: 48992K->6640K(49152K)] 103495K->61303K(160256K), 0.0020380 secs] [Times: user=0.02 sys=0.00, real=0.00 secs] 
20.395: Total time for which application threads were stopped: 0.0042540 seconds, Stopping threads took: 0.0021400 seconds
20.437: Application time: 0.0419680 seconds
20.440: [GC [PSYoungGen: 49136K->6624K(49152K)] 103799K->61295K(160256K), 0.0019200 secs] [Times: user=0.01 sys=0.00, real=0.00 secs] 
20.442: Total time for which application threads were stopped: 0.0050080 seconds, Stopping threads took: 0.0030050 seconds
20.484: Application time: 0.0423380 seconds
20.486: [GC [PSYoungGen: 49120K->6640K(49152K)] 103791K->62079K(160256K), 0.0021810 secs] [Times: user=0.01 sys=0.00, real=0.01 secs] 
20.489: Total time for which application threads were stopped: 0.0046580 seconds, Stopping threads took: 0.0024000 seconds
20.531: Application time: 0.0426780 seconds
20.534: [GC [PSYoungGen: 49136K->6640K(49152K)] 104575K->62711K(160256K), 0.0021090 secs] [Times: user=0.02 sys=0.00, real=0.00 secs] 
20.536: Total time for which application threads were stopped: 0.0048310 seconds, Stopping threads took: 0.0026410 seconds
20.578: Application time: 0.0414380 seconds
20.579: [GC [PSYoungGen: 49136K->6640K(49152K)] 105207K->63255K(160256K), 0.0021760 secs] [Times: user=0.02 sys=0.00, real=0.00 secs] 
20.582: Total time for which application threads were stopped: 0.0039270 seconds, Stopping threads took: 0.0016620 seconds
20.621: Application time: 0.0398780 seconds
20.624: [GC [PSYoungGen: 49136K->6640K(49152K)] 105751K->64531K(160256K), 0.0023970 secs] [Times: user=0.01 sys=0.00, real=0.00 secs] 
20.626: Total time for which application threads were stopped: 0.0050180 seconds, Stopping threads took: 0.0025410 seconds
20.670: Application time: 0.0435680 seconds
20.671: [GC [PSYoungGen: 49136K->6016K(49152K)] 107027K->63907K(160256K), 0.0018400 secs] [Times: user=0.01 sys=0.01, real=0.00 secs] 
20.673: Total time for which application threads were stopped: 0.0031780 seconds, Stopping threads took: 0.0012610 seconds
20.714: Application time: 0.0412170 seconds
20.716: [GC [PSYoungGen: 48511K->6640K(49152K)] 106403K->64771K(160256K), 0.0020450 secs] [Times: user=0.01 sys=0.00, real=0.00 secs] 
20.718: Total time for which application threads were stopped: 0.0036270 seconds, Stopping threads took: 0.0015030 seconds
20.759: Application time: 0.0411650 seconds
20.761: [GC [PSYoungGen: 49135K->6224K(49152K)] 107267K->64355K(160256K), 0.0018890 secs] [Times: user=0.02 sys=0.00, real=0.00 secs] 
20.763: Total time for which application threads were stopped: 0.0033730 seconds, Stopping threads took: 0.0014100 seconds
20.805: Application time: 0.0424880 seconds
20.805: [GC [PSYoungGen: 48720K->6576K(49152K)] 106851K->64707K(160256K), 0.0020630 secs] [Times: user=0.01 sys=0.00, real=0.01 secs] 
20.808: Total time for which application threads were stopped: 0.0023960 seconds, Stopping threads took: 0.0002610 seconds
20.849: Application time: 0.0418890 seconds
20.852: [GC [PSYoungGen: 49072K->6624K(49152K)] 107203K->66131K(160256K), 0.0023910 secs] [Times: user=0.01 sys=0.00, real=0.00 secs] 
20.854: Total time for which application threads were stopped: 0.0048470 seconds, Stopping threads took: 0.0023690 seconds
20.895: Application time: 0.0407730 seconds
20.897: [GC [PSYoungGen: 49120K->5920K(49152K)] 108627K->65435K(160256K), 0.0018070 secs] [Times: user=0.01 sys=0.00, real=0.01 secs] 
20.899: Total time for which application threads were stopped: 0.0040310 seconds, Stopping threads took: 0.0021480 seconds
20.941: Application time: 0.0421800 seconds
20.943: [GC [PSYoungGen: 48416K->6656K(49152K)] 107931K->66211K(160256K), 0.0019580 secs] [Times: user=0.01 sys=0.00, real=0.00 secs] 
20.945: Total time for which application threads were stopped: 0.0035820 seconds, Stopping threads took: 0.0015380 seconds
20.988: Application time: 0.0429880 seconds
20.991: [GC [PSYoungGen: 49152K->6176K(49152K)] 108707K->65739K(160256K), 0.0019370 secs] [Times: user=0.01 sys=0.00, real=0.00 secs] 
20.993: Total time for which application threads were stopped: 0.0048420 seconds, Stopping threads took: 0.0028290 seconds
21.037: Application time: 0.0447380 seconds
21.040: [GC [PSYoungGen: 48672K->6640K(49152K)] 108235K->66203K(160256K), 0.0021400 secs] [Times: user=0.01 sys=0.00, real=0.00 secs] 
21.042: Total time for which application threads were stopped: 0.0046120 seconds, Stopping threads took: 0.0023730 seconds
21.083: Application time: 0.0405140 seconds
21.085: [GC [PSYoungGen: 49136K->6624K(49152K)] 108699K->66187K(160256K), 0.0020630 secs] [Times: user=0.02 sys=0.00, real=0.01 secs] 
21.087: Total time for which application threads were stopped: 0.0041070 seconds, Stopping threads took: 0.0019660 seconds
21.129: Application time: 0.0422200 seconds
21.131: [GC [PSYoungGen: 49120K->6656K(49152K)] 108683K->66995K(160256K), 0.0023350 secs] [Times: user=0.01 sys=0.00, real=0.00 secs] 
21.134: Total time for which application threads were stopped: 0.0048650 seconds, Stopping threads took: 0.0024450 seconds
21.174: Application time: 0.0404890 seconds
21.177: [GC [PSYoungGen: 49152K->6656K(49152K)] 109491K->67699K(160256K), 0.0023020 secs] [Times: user=0.01 sys=0.00, real=0.01 secs] 
21.179: Total time for which application threads were stopped: 0.0052260 seconds, Stopping threads took: 0.0028260 seconds
21.220: Application time: 0.0404200 seconds
21.223: [GC [PSYoungGen: 49151K->6640K(49152K)] 110194K->68235K(160256K), 0.0021210 secs] [Times: user=0.02 sys=0.00, real=0.00 secs] 
21.225: Total time for which application threads were stopped: 0.0050960 seconds, Stopping threads took: 0.0029000 seconds
21.265: Application time: 0.0396620 seconds
21.267: [GC [PSYoungGen: 49136K->6656K(49152K)] 110731K->68611K(160256K), 0.0023700 secs] [Times: user=0.01 sys=0.00, real=0.00 secs] 
21.269: Total time for which application threads were stopped: 0.0047600 seconds, Stopping threads took: 0.0023080 seconds
21.311: Application time: 0.0417170 seconds
21.314: [GC [PSYoungGen: 49152K->5856K(49152K)] 111107K->67811K(160256K), 0.0020280 secs] [Times: user=0.01 sys=0.00, real=0.00 secs] 
21.316: Total time for which application threads were stopped: 0.0048870 seconds, Stopping threads took: 0.0027780 seconds
21.356: Application time: 0.0397580 seconds
21.357: [GC [PSYoungGen: 48352K->6640K(49152K)] 110307K->69019K(160256K), 0.0023620 secs] [Times: user=0.01 sys=0.00, real=0.01 secs] 
21.360: Total time for which application threads were stopped: 0.0038100 seconds, Stopping threads took: 0.0013630 seconds
21.400: Application time: 0.0407030 seconds
21.402: [GC [PSYoungGen: 49136K->5744K(49152K)] 111515K->68139K(160256K), 0.0018380 secs] [Times: user=0.01 sys=0.00, real=0.00 secs] 
21.404: Total time for which application threads were stopped: 0.0034760 seconds, Stopping threads took: 0.0015590 seconds
21.446: Application time: 0.0421380 seconds
21.448: [GC [PSYoungGen: 48240K->4992K(49152K)] 110635K->67403K(160256K), 0.0016500 secs] [Times: user=0.01 sys=0.00, real=0.00 secs] 
21.449: Total time for which application threads were stopped: 0.0033990 seconds, Stopping threads took: 0.0016680 seconds
21.491: Application time: 0.0418750 seconds
21.494: [GC [PSYoungGen: 47488K->6656K(49152K)] 109899K->69307K(160256K), 0.0020990 secs] [Times: user=0.02 sys=0.00, real=0.00 secs] 
21.496: Total time for which application threads were stopped: 0.0050200 seconds, Stopping threads took: 0.0028410 seconds
21.536: Application time: 0.0400660 seconds
21.538: [GC [PSYoungGen: 49152K->6656K(49152K)] 111803K->70459K(160256K), 0.0023570 secs] [Times: user=0.02 sys=0.00, real=0.01 secs] 
21.540: Total time for which application threads were stopped: 0.0041280 seconds, Stopping threads took: 0.0016890 seconds
21.582: Application time: 0.0416600 seconds
21.585: [GC [PSYoungGen: 49152K->6272K(49152K)] 112955K->70091K(160256K), 0.0019380 secs] [Times: user=0.02 sys=0.00, real=0.01 secs] 
21.587: Total time for which application threads were stopped: 0.0046120 seconds, Stopping threads took: 0.0025960 seconds
21.627: Application time: 0.0404480 seconds
21.628: [GC [PSYoungGen: 48768K->6592K(49152K)] 112587K->70411K(160256K), 0.0020630 secs] [Times: user=0.01 sys=0.00, real=0.00 secs] 
21.631: Total time for which application threads were stopped: 0.0034010 seconds, Stopping threads took: 0.0012580 seconds
21.672: Application time: 0.0409960 seconds
21.672: [GC [PSYoungGen: 49088K->6640K(49152K)] 112907K->71203K(160256K), 0.0022790 secs] [Times: user=0.01 sys=0.01, real=0.00 secs] 
21.675: Total time for which application threads were stopped: 0.0032320 seconds, Stopping threads took: 0.0008680 seconds
21.716: Application time: 0.0409510 seconds
21.719: [GC [PSYoungGen: 49136K->6640K(49152K)] 113699K->71947K(160256K), 0.0022470 secs] [Times: user=0.01 sys=0.00, real=0.00 secs] 
21.721: Total time for which application threads were stopped: 0.0054080 seconds, Stopping threads took: 0.0030750 seconds
21.762: Application time: 0.0407970 seconds
21.765: [GC [PSYoungGen: 49136K->6640K(49152K)] 114443K->72635K(160256K), 0.0022150 secs] [Times: user=0.01 sys=0.00, real=0.01 secs] 
21.767: Total time for which application threads were stopped: 0.0055480 seconds, Stopping threads took: 0.0032500 seconds
21.808: Application time: 0.0407140 seconds
21.810: [GC [PSYoungGen: 49136K->6656K(49152K)] 115131K->73123K(160256K), 0.0022500 secs] [Times: user=0.02 sys=0.00, real=0.00 secs] 
21.812: Total time for which application threads were stopped: 0.0037240 seconds, Stopping threads took: 0.0013830 seconds
21.853: Application time: 0.0406170 seconds
21.855: [GC [PSYoungGen: 49152K->6640K(49152K)] 115619K->74203K(160256K), 0.0021880 secs] [Times: user=0.01 sys=0.00, real=0.00 secs] 
21.857: Total time for which application threads were stopped: 0.0047830 seconds, Stopping threads took: 0.0025150 seconds
21.901: Application time: 0.0432210 seconds
21.903: [GC [PSYoungGen: 49136K->6640K(49152K)] 116699K->74203K(160256K), 0.0019650 secs] [Times: user=0.01 sys=0.00, real=0.00 secs] 
21.905: Total time for which application threads were stopped: 0.0046010 seconds, Stopping threads took: 0.0025540 seconds
21.948: Application time: 0.0430480 seconds
21.951: [GC [PSYoungGen: 49136K->6256K(49152K)] 116699K->73835K(160256K), 0.0018910 secs] [Times: user=0.01 sys=0.00, real=0.00 secs] 
21.953: Total time for which application threads were stopped: 0.0044040 seconds, Stopping threads took: 0.0024260 seconds
21.993: Application time: 0.0400630 seconds
21.994: [GC [PSYoungGen: 48751K->6048K(49152K)] 116330K->73643K(160256K), 0.0018550 secs] [Times: user=0.02 sys=0.00, real=0.00 secs] 
21.996: Total time for which application threads were stopped: 0.0034330 seconds, Stopping threads took: 0.0015030 seconds
22.038: Application time: 0.0416450 seconds
22.041: [GC [PSYoungGen: 48544K->6624K(49152K)] 116139K->74235K(160256K), 0.0020390 secs] [Times: user=0.01 sys=0.00, real=0.00 secs] 
22.043: Total time for which application threads were stopped: 0.0048380 seconds, Stopping threads took: 0.0027220 seconds
22.084: Application time: 0.0409380 seconds
22.086: [GC [PSYoungGen: 49120K->6592K(49152K)] 116731K->74211K(160256K), 0.0020030 secs] [Times: user=0.02 sys=0.00, real=0.01 secs] 
22.088: Total time for which application threads were stopped: 0.0042910 seconds, Stopping threads took: 0.0022080 seconds
22.128: Application time: 0.0406060 seconds
22.130: [GC [PSYoungGen: 49088K->6640K(49152K)] 116707K->74547K(160256K), 0.0021600 secs] [Times: user=0.01 sys=0.00, real=0.00 secs] 
22.132: Total time for which application threads were stopped: 0.0039950 seconds, Stopping threads took: 0.0017510 seconds
22.173: Application time: 0.0404600 seconds
22.176: [GC [PSYoungGen: 49136K->6640K(49152K)] 117043K->74707K(160256K), 0.0020370 secs] [Times: user=0.01 sys=0.00, real=0.00 secs] 
22.178: Total time for which application threads were stopped: 0.0052250 seconds, Stopping threads took: 0.0031100 seconds
22.219: Application time: 0.0407340 seconds
22.220: [GC [PSYoungGen: 49136K->6656K(49152K)] 117203K->75803K(160256K), 0.0023360 secs] [Times: user=0.02 sys=0.00, real=0.00 secs] 
22.223: Total time for which application threads were stopped: 0.0039680 seconds, Stopping threads took: 0.0015290 seconds
22.264: Application time: 0.0411220 seconds
22.266: [GC [PSYoungGen: 49152K->6624K(49152K)] 118299K->75795K(160256K), 0.0020030 secs] [Times: user=0.01 sys=0.00, real=0.01 secs] 
22.269: Total time for which application threads were stopped: 0.0045520 seconds, Stopping threads took: 0.0024680 seconds
22.309: Application time: 0.0403240 seconds
22.310: [GC [PSYoungGen: 49120K->6640K(49152K)] 118291K->75811K(160256K), 0.0019720 secs] [Times: user=0.01 sys=0.00, real=0.00 secs] 
22.312: Total time for which application threads were stopped: 0.0035140 seconds, Stopping threads took: 0.0014570 seconds
22.352: Application time: 0.0401100 seconds
22.355: [GC [PSYoungGen: 49136K->6576K(49152K)] 118307K->75747K(160256K), 0.0022020 secs] [Times: user=0.01 sys=0.00, real=0.00 secs] 
22.358: Total time for which application threads were stopped: 0.0052720 seconds, Stopping threads took: 0.0029890 seconds
22.397: Application time: 0.0394970 seconds
22.400: [GC [PSYoungGen: 49072K->6640K(49152K)] 118243K->77435K(160256K), 0.0024930 secs] [Times: user=0.01 sys=0.00, real=0.00 secs] 
22.402: Total time for which application threads were stopped: 0.0050240 seconds, Stopping threads took: 0.0024480 seconds
22.444: Application time: 0.0412740 seconds
22.445: [GC [PSYoungGen: 49136K->6032K(49152K)] 119931K->76827K(160256K), 0.0019300 secs] [Times: user=0.01 sys=0.00, real=0.01 secs] 
22.447: Total time for which application threads were stopped: 0.0038190 seconds, Stopping threads took: 0.0018010 seconds
22.488: Application time: 0.0406700 seconds
22.492: [GC [PSYoungGen: 48528K->5856K(49152K)] 119323K->76651K(160256K), 0.0018760 secs] [Times: user=0.01 sys=0.00, real=0.00 secs] 
22.493: Total time for which application threads were stopped: 0.0054490 seconds, Stopping threads took: 0.0034720 seconds
22.534: Application time: 0.0405380 seconds
22.537: [GC [PSYoungGen: 48352K->6640K(49152K)] 119147K->77875K(160256K), 0.0024510 secs] [Times: user=0.01 sys=0.00, real=0.01 secs] 
22.540: Total time for which application threads were stopped: 0.0057030 seconds, Stopping threads took: 0.0031670 seconds
22.585: Application time: 0.0451030 seconds
22.588: [GC [PSYoungGen: 49136K->6512K(49152K)] 120371K->77755K(160256K), 0.0018680 secs] [Times: user=0.01 sys=0.00, real=0.00 secs] 
22.590: Total time for which application threads were stopped: 0.0048070 seconds, Stopping threads took: 0.0028600 seconds
22.631: Application time: 0.0413230 seconds
22.633: [GC [PSYoungGen: 49008K->6640K(49152K)] 120251K->78387K(160256K), 0.0022330 secs] [Times: user=0.01 sys=0.01, real=0.00 secs] 
22.635: Total time for which application threads were stopped: 0.0040940 seconds, Stopping threads took: 0.0017800 seconds
22.677: Application time: 0.0414980 seconds
22.678: [GC [PSYoungGen: 49136K->5984K(49152K)] 120883K->77739K(160256K), 0.0018930 secs] [Times: user=0.02 sys=0.00, real=0.01 secs] 
22.680: Total time for which application threads were stopped: 0.0035830 seconds, Stopping threads took: 0.0016060 seconds
22.721: Application time: 0.0413240 seconds
22.723: [GC [PSYoungGen: 48480K->6656K(49152K)] 120235K->79019K(160256K), 0.0022180 secs] [Times: user=0.01 sys=0.00, real=0.00 secs] 
22.725: Total time for which application threads were stopped: 0.0037480 seconds, Stopping threads took: 0.0014540 seconds
22.767: Application time: 0.0416910 seconds
22.770: [GC [PSYoungGen: 49152K->6016K(49152K)] 121515K->78379K(160256K), 0.0018710 secs] [Times: user=0.01 sys=0.00, real=0.00 secs] 
22.772: Total time for which application threads were stopped: 0.0046080 seconds, Stopping threads took: 0.0026600 seconds
22.811: Application time: 0.0398970 seconds
22.814: [GC [PSYoungGen: 48512K->6496K(49152K)] 120875K->78859K(160256K), 0.0019580 secs] [Times: user=0.01 sys=0.00, real=0.00 secs] 
22.816: Total time for which application threads were stopped: 0.0043810 seconds, Stopping threads took: 0.0023410 seconds
22.856: Application time: 0.0404410 seconds
22.859: [GC [PSYoungGen: 48992K->6656K(49152K)] 121355K->79499K(160256K), 0.0021730 secs] [Times: user=0.02 sys=0.00, real=0.00 secs] 
22.862: Total time for which application threads were stopped: 0.0054660 seconds, Stopping threads took: 0.0032090 seconds
22.902: Application time: 0.0399270 seconds
22.903: [GC [PSYoungGen: 49152K->6656K(49152K)] 121995K->79795K(160256K), 0.0021860 secs] [Times: user=0.02 sys=0.00, real=0.00 secs] 
22.905: Total time for which application threads were stopped: 0.0037100 seconds, Stopping threads took: 0.0014400 seconds
22.947: Application time: 0.0413900 seconds
22.949: [GC [PSYoungGen: 49152K->6544K(49152K)] 122291K->79683K(160256K), 0.0020630 secs] [Times: user=0.01 sys=0.00, real=0.00 secs] 
22.951: Total time for which application threads were stopped: 0.0039440 seconds, Stopping threads took: 0.0017810 seconds
22.992: Application time: 0.0413140 seconds
22.995: [GC [PSYoungGen: 49040K->6640K(49152K)] 122179K->79979K(160256K), 0.0021000 secs] [Times: user=0.01 sys=0.00, real=0.00 secs] 
22.997: Total time for which application threads were stopped: 0.0054210 seconds, Stopping threads took: 0.0032310 seconds
23.038: Application time: 0.0403520 seconds
23.041: [GC [PSYoungGen: 49136K->6640K(49152K)] 122475K->81007K(160256K), 0.0023950 secs] [Times: user=0.00 sys=0.02, real=0.00 secs] 
23.043: Total time for which application threads were stopped: 0.0052220 seconds, Stopping threads took: 0.0027350 seconds
23.084: Application time: 0.0407640 seconds
23.085: [GC [PSYoungGen: 49136K->6640K(49152K)] 123503K->81815K(160256K), 0.0022090 secs] [Times: user=0.01 sys=0.00, real=0.01 secs] 
23.087: Total time for which application threads were stopped: 0.0033350 seconds, Stopping threads took: 0.0010450 seconds
23.128: Application time: 0.0412350 seconds
23.131: [GC [PSYoungGen: 49136K->6656K(49152K)] 124311K->82791K(160256K), 0.0023110 secs] [Times: user=0.02 sys=0.00, real=0.00 secs] 
23.134: Total time for which application threads were stopped: 0.0054630 seconds, Stopping threads took: 0.0030690 seconds
23.175: Application time: 0.0414310 seconds
23.176: [GC [PSYoungGen: 49152K->5248K(49152K)] 125287K->81383K(160256K), 0.0016660 secs] [Times: user=0.01 sys=0.00, real=0.00 secs] 
23.178: Total time for which application threads were stopped: 0.0027740 seconds, Stopping threads took: 0.0010350 seconds
23.220: Application time: 0.0420430 seconds
23.222: [GC [PSYoungGen: 47744K->4816K(49152K)] 123879K->80951K(160256K), 0.0015440 secs] [Times: user=0.01 sys=0.00, real=0.00 secs] 
23.223: Total time for which application threads were stopped: 0.0030830 seconds, Stopping threads took: 0.0014610 seconds
23.265: Application time: 0.0419870 seconds
23.267: [GC [PSYoungGen: 47312K->5168K(49152K)] 123447K->81311K(160256K), 0.0016620 secs] [Times: user=0.01 sys=0.00, real=0.00 secs] 
23.269: Total time for which application threads were stopped: 0.0036360 seconds, Stopping threads took: 0.0018980 seconds
23.310: Application time: 0.0415830 seconds
23.312: [GC [PSYoungGen: 47664K->6656K(49152K)] 123807K->83663K(160256K), 0.0022600 secs] [Times: user=0.01 sys=0.00, real=0.00 secs] 
23.315: Total time for which application threads were stopped: 0.0043250 seconds, Stopping threads took: 0.0019780 seconds
23.356: Application time: 0.0416370 seconds
23.358: [GC [PSYoungGen: 49152K->6400K(49152K)] 126159K->83407K(160256K), 0.0020010 secs] [Times: user=0.02 sys=0.00, real=0.01 secs] 
23.360: Total time for which application threads were stopped: 0.0040170 seconds, Stopping threads took: 0.0019320 seconds
23.403: Application time: 0.0430000 seconds
23.405: [GC [PSYoungGen: 48896K->6640K(49152K)] 125903K->84243K(160256K), 0.0020330 secs] [Times: user=0.01 sys=0.00, real=0.01 secs] 
23.407: Total time for which application threads were stopped: 0.0039590 seconds, Stopping threads took: 0.0018530 seconds
23.447: Application time: 0.0395140 seconds
23.448: [GC [PSYoungGen: 49136K->6656K(49152K)] 126739K->84783K(160256K), 0.0020650 secs] [Times: user=0.02 sys=0.00, real=0.00 secs] 
23.450: Total time for which application threads were stopped: 0.0036120 seconds, Stopping threads took: 0.0014760 seconds
23.491: Application time: 0.0405730 seconds
23.494: [GC [PSYoungGen: 49152K->6640K(49152K)] 127279K->85279K(160256K), 0.0021230 secs] [Times: user=0.02 sys=0.00, real=0.00 secs] 
23.496: Total time for which application threads were stopped: 0.0049780 seconds, Stopping threads took: 0.0027820 seconds
23.537: Application time: 0.0410600 seconds
23.539: [GC [PSYoungGen: 49136K->6032K(49152K)] 127775K->84671K(160256K), 0.0018750 secs] [Times: user=0.01 sys=0.00, real=0.00 secs] 
23.541: Total time for which application threads were stopped: 0.0039480 seconds, Stopping threads took: 0.0019890 seconds
23.580: Application time: 0.0388670 seconds
23.581: [GC [PSYoungGen: 48528K->5376K(49152K)] 127167K->84015K(160256K), 0.0018380 secs] [Times: user=0.01 sys=0.00, real=0.00 secs] 
23.583: Total time for which application threads were stopped: 0.0028310 seconds, Stopping threads took: 0.0009180 seconds
23.623: Application time: 0.0398140 seconds
23.624: [GC [PSYoungGen: 47872K->6432K(49152K)] 126511K->85079K(160256K), 0.0019170 secs] [Times: user=0.01 sys=0.01, real=0.00 secs] 
23.626: Total time for which application threads were stopped: 0.0034900 seconds, Stopping threads took: 0.0014940 seconds
23.665: Application time: 0.0387470 seconds
23.667: [GC [PSYoungGen: 48928K->6256K(49152K)] 127575K->84911K(160256K), 0.0020270 secs] [Times: user=0.00 sys=0.00, real=0.01 secs] 
23.669: Total time for which application threads were stopped: 0.0037960 seconds, Stopping threads took: 0.0016940 seconds
23.709: Application time: 0.0404230 seconds
23.710: [GC [PSYoungGen: 48752K->5264K(49152K)] 127407K->83927K(160256K), 0.0017260 secs] [Times: user=0.01 sys=0.00, real=0.00 secs] 
23.712: Total time for which application threads were stopped: 0.0030490 seconds, Stopping threads took: 0.0012530 seconds
23.749: Application time: 0.0370900 seconds
23.751: [GC [PSYoungGen: 47760K->5792K(49152K)] 126423K->84463K(160256K), 0.0018190 secs] [Times: user=0.01 sys=0.00, real=0.00 secs] 
23.753: Total time for which application threads were stopped: 0.0037910 seconds, Stopping threads took: 0.0019010 seconds
23.790: Application time: 0.0367260 seconds
23.792: [GC [PSYoungGen: 48288K->6656K(49152K)] 126959K->86727K(160256K), 0.0024540 secs] [Times: user=0.02 sys=0.00, real=0.00 secs] 
23.794: Total time for which application threads were stopped: 0.0044930 seconds, Stopping threads took: 0.0019460 seconds
23.833: Application time: 0.0389550 seconds
23.835: [GC [PSYoungGen: 49152K->6640K(49152K)] 129223K->86927K(160256K), 0.0020060 secs] [Times: user=0.01 sys=0.00, real=0.00 secs] 
23.837: Total time for which application threads were stopped: 0.0041180 seconds, Stopping threads took: 0.0020410 seconds
23.877: Application time: 0.0395630 seconds
23.878: [GC [PSYoungGen: 49136K->6624K(49152K)] 129423K->88031K(160256K), 0.0023120 secs] [Times: user=0.01 sys=0.00, real=0.01 secs] 
23.881: Total time for which application threads were stopped: 0.0039580 seconds, Stopping threads took: 0.0015660 seconds
23.921: Application time: 0.0403340 seconds
23.924: [GC [PSYoungGen: 49120K->6656K(49152K)] 130527K->88951K(160256K), 0.0022080 secs] [Times: user=0.02 sys=0.00, real=0.00 secs] 
23.926: Total time for which application threads were stopped: 0.0051350 seconds, Stopping threads took: 0.0028540 seconds
23.966: Application time: 0.0398040 seconds
23.968: [GC [PSYoungGen: 49152K->6624K(49152K)] 131447K->89687K(160256K), 0.0021370 secs] [Times: user=0.01 sys=0.00, real=0.00 secs] 
23.970: Total time for which application threads were stopped: 0.0042460 seconds, Stopping threads took: 0.0020360 seconds
24.011: Application time: 0.0410220 seconds
24.013: [GC [PSYoungGen: 49120K->6656K(49152K)] 132183K->91272K(160256K), 0.0022910 secs] [Times: user=0.02 sys=0.00, real=0.00 secs] 
24.015: Total time for which application threads were stopped: 0.0040750 seconds, Stopping threads took: 0.0017100 seconds
24.057: Application time: 0.0415560 seconds
24.060: [GC [PSYoungGen: 49152K->6656K(49152K)] 133768K->92488K(160256K), 0.0022280 secs] [Times: user=0.02 sys=0.01, real=0.00 secs] 
24.062: Total time for which application threads were stopped: 0.0049530 seconds, Stopping threads took: 0.0026430 seconds
24.101: Application time: 0.0387370 seconds
24.102: [GC [PSYoungGen: 49152K->6656K(49152K)] 134984K->93392K(160256K), 0.0021540 secs] [Times: user=0.01 sys=0.00, real=0.00 secs] 
24.104: Total time for which application threads were stopped: 0.0037760 seconds, Stopping threads took: 0.0015470 seconds
24.143: Application time: 0.0386560 seconds
24.145: [GC [PSYoungGen: 49152K->6656K(49152K)] 135888K->94184K(160256K), 0.0021750 secs] [Times: user=0.01 sys=0.00, real=0.01 secs] 
24.147: Total time for which application threads were stopped: 0.0037160 seconds, Stopping threads took: 0.0014610 seconds
24.187: Application time: 0.0404320 seconds
24.190: [GC [PSYoungGen: 49152K->6432K(49152K)] 136680K->93968K(160256K), 0.0018470 secs] [Times: user=0.01 sys=0.00, real=0.00 secs] 
24.192: Total time for which application threads were stopped: 0.0047370 seconds, Stopping threads took: 0.0028160 seconds
24.232: Application time: 0.0401180 seconds
24.234: [GC [PSYoungGen: 48928K->6432K(49152K)] 136464K->93976K(160256K), 0.0018360 secs] [Times: user=0.01 sys=0.00, real=0.00 secs] 
24.236: Total time for which application threads were stopped: 0.0036230 seconds, Stopping threads took: 0.0017120 seconds
24.272: Application time: 0.0365350 seconds
24.274: [GC [PSYoungGen: 48928K->6640K(49152K)] 136472K->95720K(160256K), 0.0023580 secs] [Times: user=0.01 sys=0.00, real=0.00 secs] 
24.277: Total time for which application threads were stopped: 0.0045960 seconds, Stopping threads took: 0.0021580 seconds
24.315: Application time: 0.0384050 seconds
24.318: [GC [PSYoungGen: 49136K->6656K(49152K)] 138216K->97016K(160256K), 0.0024120 secs] [Times: user=0.02 sys=0.00, real=0.01 secs] 
24.320: Total time for which application threads were stopped: 0.0050040 seconds, Stopping threads took: 0.0025090 seconds
24.361: Application time: 0.0411090 seconds
24.363: [GC [PSYoungGen: 49151K->6640K(49152K)] 139512K->97088K(160256K), 0.0020880 secs] [Times: user=0.01 sys=0.01, real=0.00 secs] 
24.365: Total time for which application threads were stopped: 0.0037950 seconds, Stopping threads took: 0.0016270 seconds
24.402: Application time: 0.0370990 seconds
24.404: [GC [PSYoungGen: 49136K->6640K(49152K)] 139584K->98136K(160256K), 0.0023410 secs] [Times: user=0.02 sys=0.00, real=0.00 secs] 
24.406: Total time for which application threads were stopped: 0.0039730 seconds, Stopping threads took: 0.0015510 seconds
24.446: Application time: 0.0399040 seconds
24.448: [GC [PSYoungGen: 49136K->5792K(49152K)] 140632K->97288K(160256K), 0.0018520 secs] [Times: user=0.01 sys=0.00, real=0.00 secs] 
24.450: Total time for which application threads were stopped: 0.0038080 seconds, Stopping threads took: 0.0018820 seconds
24.489: Application time: 0.0388330 seconds
24.490: [GC [PSYoungGen: 48288K->6656K(49152K)] 139784K->98184K(160256K), 0.0021430 secs] [Times: user=0.02 sys=0.00, real=0.00 secs] 
24.493: Total time for which application threads were stopped: 0.0038620 seconds, Stopping threads took: 0.0016310 seconds
24.531: Application time: 0.0383960 seconds
24.534: [GC [PSYoungGen: 49152K->6624K(49152K)] 140680K->98152K(160256K), 0.0021230 secs] [Times: user=0.02 sys=0.00, real=0.00 secs] 
24.536: Total time for which application threads were stopped: 0.0048810 seconds, Stopping threads took: 0.0026610 seconds
24.576: Application time: 0.0396710 seconds
24.577: [GC [PSYoungGen: 49120K->6656K(49152K)] 140648K->98504K(160256K), 0.0021420 secs] [Times: user=0.01 sys=0.00, real=0.01 secs] 
24.579: Total time for which application threads were stopped: 0.0038600 seconds, Stopping threads took: 0.0016320 seconds
24.620: Application time: 0.0407220 seconds
24.622: [GC [PSYoungGen: 49152K->6160K(49152K)] 141000K->98008K(160256K), 0.0019070 secs] [Times: user=0.01 sys=0.00, real=0.00 secs] 
24.624: Total time for which application threads were stopped: 0.0036280 seconds, Stopping threads took: 0.0016410 seconds
24.662: Application time: 0.0377990 seconds
24.663: [GC [PSYoungGen: 48656K->6656K(49152K)] 140504K->98904K(160256K), 0.0022170 secs] [Times: user=0.01 sys=0.00, real=0.00 secs] 
24.665: Total time for which application threads were stopped: 0.0037150 seconds, Stopping threads took: 0.0014180 seconds
24.705: Application time: 0.0392310 seconds
24.707: [GC [PSYoungGen: 49152K->6640K(49152K)] 141400K->99116K(160256K), 0.0021880 secs] [Times: user=0.01 sys=0.00, real=0.00 secs] 
24.709: Total time for which application threads were stopped: 0.0045140 seconds, Stopping threads took: 0.0022500 seconds
24.751: Application time: 0.0417990 seconds
24.753: [GC [PSYoungGen: 49136K->5824K(49152K)] 141612K->98308K(160256K), 0.0018280 secs] [Times: user=0.01 sys=0.00, real=0.00 secs] 
24.755: Total time for which application threads were stopped: 0.0040630 seconds, Stopping threads took: 0.0021590 seconds
24.794: Application time: 0.0387710 seconds
24.796: [GC [PSYoungGen: 48320K->6624K(49152K)] 140804K->100172K(160256K), 0.0022320 secs] [Times: user=0.01 sys=0.00, real=0.00 secs] 
24.798: Total time for which application threads were stopped: 0.0044930 seconds, Stopping threads took: 0.0021810 seconds
24.841: Application time: 0.0428170 seconds
24.844: [GC [PSYoungGen: 49120K->5584K(49152K)] 142668K->99132K(160256K), 0.0017820 secs] [Times: user=0.01 sys=0.00, real=0.00 secs] 
24.846: Total time for which application threads were stopped: 0.0046970 seconds, Stopping threads took: 0.0028360 seconds
24.888: Application time: 0.0421770 seconds
24.889: [GC [PSYoungGen: 48080K->5984K(49152K)] 141628K->99532K(160256K), 0.0018080 secs] [Times: user=0.01 sys=0.00, real=0.00 secs] 
24.891: Total time for which application threads were stopped: 0.0033650 seconds, Stopping threads took: 0.0014820 seconds
24.932: Application time: 0.0408200 seconds
24.933: [GC [PSYoungGen: 48480K->5200K(49152K)] 142028K->98748K(160256K), 0.0017210 secs] [Times: user=0.01 sys=0.00, real=0.00 secs] 
24.935: Total time for which application threads were stopped: 0.0024990 seconds, Stopping threads took: 0.0006800 seconds
24.974: Application time: 0.0396000 seconds
24.977: [GC [PSYoungGen: 47696K->6624K(49152K)] 141244K->100500K(160256K), 0.0023450 secs] [Times: user=0.01 sys=0.00, real=0.01 secs] 
24.980: Total time for which application threads were stopped: 0.0054650 seconds, Stopping threads took: 0.0030160 seconds
25.018: Application time: 0.0387460 seconds
25.021: [GC [PSYoungGen: 49120K->6336K(49152K)] 142996K->100212K(160256K), 0.0018560 secs] [Times: user=0.01 sys=0.00, real=0.00 secs] 
25.023: Total time for which application threads were stopped: 0.0040570 seconds, Stopping threads took: 0.0021280 seconds
25.064: Application time: 0.0410750 seconds
25.065: [GC [PSYoungGen: 48832K->6656K(49152K)] 142708K->100692K(160256K), 0.0021690 secs] [Times: user=0.01 sys=0.00, real=0.01 secs] 
25.067: Total time for which application threads were stopped: 0.0038000 seconds, Stopping threads took: 0.0015520 seconds
25.106: Application time: 0.0384110 seconds
25.109: [GC [PSYoungGen: 49152K->6656K(49152K)] 143188K->100804K(160256K), 0.0021140 secs] [Times: user=0.01 sys=0.00, real=0.00 secs] 
25.111: Total time for which application threads were stopped: 0.0049100 seconds, Stopping threads took: 0.0027040 seconds
25.151: Application time: 0.0402400 seconds
25.153: [GC [PSYoungGen: 49152K->6624K(49152K)] 143300K->101488K(160256K), 0.0022160 secs] [Times: user=0.01 sys=0.00, real=0.00 secs] 
25.156: Total time for which application threads were stopped: 0.0046200 seconds, Stopping threads took: 0.0023260 seconds
25.194: Application time: 0.0380600 seconds
25.195: [GC [PSYoungGen: 49120K->6224K(49152K)] 143984K->101088K(160256K), 0.0019180 secs] [Times: user=0.01 sys=0.00, real=0.00 secs] 
25.197: Total time for which application threads were stopped: 0.0037950 seconds, Stopping threads took: 0.0018070 seconds
25.237: Application time: 0.0397340 seconds
25.239: [GC [PSYoungGen: 48720K->5008K(49152K)] 143584K->99872K(160256K), 0.0016310 secs] [Times: user=0.01 sys=0.00, real=0.00 secs] 
25.241: Total time for which application threads were stopped: 0.0038920 seconds, Stopping threads took: 0.0021900 seconds
25.278: Application time: 0.0369210 seconds
25.280: [GC [PSYoungGen: 47504K->5952K(49152K)] 142368K->100848K(160256K), 0.0018330 secs] [Times: user=0.01 sys=0.00, real=0.00 secs] 
25.282: Total time for which application threads were stopped: 0.0036700 seconds, Stopping threads took: 0.0017600 seconds
25.320: Application time: 0.0386220 seconds
25.323: [GC [PSYoungGen: 48448K->6640K(49152K)] 143344K->101568K(160256K), 0.0020740 secs] [Times: user=0.02 sys=0.00, real=0.00 secs] 
25.325: Total time for which application threads were stopped: 0.0044040 seconds, Stopping threads took: 0.0022540 seconds
25.363: Application time: 0.0381650 seconds
25.365: [GC [PSYoungGen: 49136K->6656K(49152K)] 144064K->102408K(160256K), 0.0023140 secs] [Times: user=0.02 sys=0.00, real=0.01 secs] 
25.368: Total time for which application threads were stopped: 0.0048280 seconds, Stopping threads took: 0.0024320 seconds
25.407: Application time: 0.0391250 seconds
25.408: [GC [PSYoungGen: 49152K->5360K(49152K)] 144904K->101112K(160256K), 0.0017170 secs] [Times: user=0.02 sys=0.00, real=0.00 secs] 
25.410: Total time for which application threads were stopped: 0.0030710 seconds, Stopping threads took: 0.0012790 seconds
25.449: Application time: 0.0395100 seconds
25.451: [GC [PSYoungGen: 47856K->5408K(49152K)] 143608K->101176K(160256K), 0.0017160 secs] [Times: user=0.01 sys=0.00, real=0.00 secs] 
25.453: Total time for which application threads were stopped: 0.0034830 seconds, Stopping threads took: 0.0016920 seconds
25.491: Application time: 0.0379080 seconds
25.493: [GC [PSYoungGen: 47904K->6640K(49152K)] 143672K->102512K(160256K), 0.0022100 secs] [Times: user=0.01 sys=0.00, real=0.00 secs] 
25.495: Total time for which application threads were stopped: 0.0044080 seconds, Stopping threads took: 0.0021170 seconds
25.533: Application time: 0.0377750 seconds
25.535: [GC [PSYoungGen: 49136K->6656K(49152K)] 145008K->104080K(160256K), 0.0023810 secs] [Times: user=0.02 sys=0.00, real=0.00 secs] 
25.538: Total time for which application threads were stopped: 0.0045620 seconds, Stopping threads took: 0.0021010 seconds
25.577: Application time: 0.0394040 seconds
25.579: [GC [PSYoungGen: 49152K->6656K(49152K)] 146576K->104232K(160256K), 0.0020460 secs] [Times: user=0.01 sys=0.00, real=0.00 secs] 
25.581: Total time for which application threads were stopped: 0.0044830 seconds, Stopping threads took: 0.0023620 seconds
25.620: Application time: 0.0381580 seconds
25.621: [GC [PSYoungGen: 49152K->6656K(49152K)] 146728K->104696K(160256K), 0.0021380 secs] [Times: user=0.02 sys=0.00, real=0.00 secs] 
25.623: Total time for which application threads were stopped: 0.0034550 seconds, Stopping threads took: 0.0012340 seconds
25.662: Application time: 0.0390540 seconds
25.665: [GC [PSYoungGen: 49152K->6400K(49152K)] 147192K->104440K(160256K), 0.0019870 secs] [Times: user=0.01 sys=0.00, real=0.01 secs] 
25.667: Total time for which application threads were stopped: 0.0045530 seconds, Stopping threads took: 0.0024880 seconds
25.705: Application time: 0.0382430 seconds
25.707: [GC [PSYoungGen: 48896K->6640K(49152K)] 146936K->104744K(160256K), 0.0021920 secs] [Times: user=0.01 sys=0.00, real=0.00 secs] 
25.709: Total time for which application threads were stopped: 0.0042260 seconds, Stopping threads took: 0.0019530 seconds
25.747: Application time: 0.0381510 seconds
25.749: [GC [PSYoungGen: 49136K->6624K(49152K)] 147240K->105168K(160256K), 0.0021460 secs] [Times: user=0.02 sys=0.00, real=0.00 secs] 
25.751: Total time for which application threads were stopped: 0.0037670 seconds, Stopping threads took: 0.0015420 seconds
25.790: Application time: 0.0392840 seconds
25.792: [GC [PSYoungGen: 49120K->6656K(49152K)] 147664K->105640K(160256K), 0.0021740 secs] [Times: user=0.01 sys=0.00, real=0.00 secs] 
25.794: Total time for which application threads were stopped: 0.0037100 seconds, Stopping threads took: 0.0014600 seconds
25.834: Application time: 0.0396840 seconds
25.835: [GC [PSYoungGen: 49152K->5664K(49152K)] 148136K->104664K(160256K), 0.0017670 secs] [Times: user=0.01 sys=0.00, real=0.00 secs] 
25.837: Total time for which application threads were stopped: 0.0033430 seconds, Stopping threads took: 0.0015130 seconds
25.878: Application time: 0.0412480 seconds
25.880: [GC [PSYoungGen: 48160K->5440K(49152K)] 147160K->104448K(160256K), 0.0017660 secs] [Times: user=0.01 sys=0.00, real=0.00 secs] 
25.882: Total time for which application threads were stopped: 0.0035540 seconds, Stopping threads took: 0.0017120 seconds
25.920: Application time: 0.0383520 seconds
25.922: [GC [PSYoungGen: 47936K->6288K(49152K)] 146944K->105296K(160256K), 0.0019830 secs] [Times: user=0.01 sys=0.00, real=0.00 secs] 
25.924: Total time for which application threads were stopped: 0.0041550 seconds, Stopping threads took: 0.0020930 seconds
25.962: Application time: 0.0373540 seconds
25.963: [GC [PSYoungGen: 48784K->6624K(49152K)] 147792K->105656K(160256K), 0.0020370 secs] [Times: user=0.02 sys=0.01, real=0.00 secs] 
25.965: Total time for which application threads were stopped: 0.0032190 seconds, Stopping threads took: 0.0011050 seconds
26.003: Application time: 0.0382570 seconds
26.005: [GC [PSYoungGen: 49120K->6208K(49152K)] 148152K->105240K(160256K), 0.0019290 secs] [Times: user=0.01 sys=0.00, real=0.01 secs] 
26.007: Total time for which application threads were stopped: 0.0033790 seconds, Stopping threads took: 0.0013600 seconds
26.045: Application time: 0.0383940 seconds
26.047: [GC [PSYoungGen: 48704K->6640K(49152K)] 147736K->106656K(160256K), 0.0022350 secs] [Times: user=0.01 sys=0.00, real=0.00 secs] 
26.050: Total time for which application threads were stopped: 0.0046550 seconds, Stopping threads took: 0.0023440 seconds
26.089: Application time: 0.0396070 seconds
26.091: [GC [PSYoungGen: 49136K->6640K(49152K)] 149152K->106952K(160256K), 0.0021570 secs] [Times: user=0.01 sys=0.00, real=0.00 secs] 
26.093: Total time for which application threads were stopped: 0.0038710 seconds, Stopping threads took: 0.0016410 seconds
26.131: Application time: 0.0376400 seconds
26.133: [GC [PSYoungGen: 49136K->6352K(49152K)] 149448K->106664K(160256K), 0.0018720 secs] [Times: user=0.02 sys=0.00, real=0.00 secs] 
26.135: Total time for which application threads were stopped: 0.0042970 seconds, Stopping threads took: 0.0023340 seconds
26.175: Application time: 0.0397920 seconds
26.176: [GC [PSYoungGen: 48848K->5648K(49152K)] 149160K->105960K(160256K), 0.0018210 secs] [Times: user=0.01 sys=0.00, real=0.00 secs] 
26.178: Total time for which application threads were stopped: 0.0034260 seconds, Stopping threads took: 0.0015340 seconds
26.216: Application time: 0.0377790 seconds
26.218: [GC [PSYoungGen: 48144K->6624K(49152K)] 148456K->107160K(160256K), 0.0021060 secs] [Times: user=0.01 sys=0.00, real=0.01 secs] 
26.220: Total time for which application threads were stopped: 0.0037420 seconds, Stopping threads took: 0.0015660 seconds
26.259: Application time: 0.0386390 seconds
26.261: [GC [PSYoungGen: 49120K->6624K(49152K)] 149656K->108128K(160256K), 0.0022800 secs] [Times: user=0.01 sys=0.00, real=0.00 secs] 
26.263: Total time for which application threads were stopped: 0.0046740 seconds, Stopping threads took: 0.0023130 seconds
26.303: Application time: 0.0393830 seconds
26.305: [GC [PSYoungGen: 49120K->6624K(49152K)] 150624K->108152K(160256K), 0.0020370 secs] [Times: user=0.01 sys=0.00, real=0.01 secs] 
26.307: Total time for which application threads were stopped: 0.0046740 seconds, Stopping threads took: 0.0025590 seconds
26.347: Application time: 0.0398320 seconds
26.349: [GC [PSYoungGen: 49120K->6480K(49152K)] 150648K->108024K(160256K), 0.0020320 secs] [Times: user=0.01 sys=0.00, real=0.00 secs] 
26.351: Total time for which application threads were stopped: 0.0039710 seconds, Stopping threads took: 0.0018590 seconds
26.391: Application time: 0.0397850 seconds
26.392: [GC [PSYoungGen: 48976K->6512K(49152K)] 150520K->108064K(160256K), 0.0020900 secs] [Times: user=0.02 sys=0.00, real=0.00 secs] 
26.394: Total time for which application threads were stopped: 0.0033220 seconds, Stopping threads took: 0.0011560 seconds
26.434: Application time: 0.0397180 seconds
26.435: [GC [PSYoungGen: 49008K->5952K(49152K)] 150560K->107512K(160256K), 0.0019230 secs] [Times: user=0.01 sys=0.00, real=0.00 secs] 
26.437: Total time for which application threads were stopped: 0.0033700 seconds, Stopping threads took: 0.0013680 seconds
26.475: Application time: 0.0376460 seconds
26.478: [GC [PSYoungGen: 48448K->6656K(49152K)] 150008K->109776K(160256K), 0.0026040 secs] [Times: user=0.01 sys=0.00, real=0.01 secs] 
26.480: Total time for which application threads were stopped: 0.0053620 seconds, Stopping threads took: 0.0026730 seconds
26.520: Application time: 0.0398970 seconds
26.522: [GC [PSYoungGen: 49152K->6096K(49152K)] 152272K->109232K(160256K), 0.0019120 secs] [Times: user=0.01 sys=0.00, real=0.00 secs] 
26.524: Total time for which application threads were stopped: 0.0041170 seconds, Stopping threads took: 0.0021240 seconds
26.564: Application time: 0.0396640 seconds
26.567: [GC [PSYoungGen: 48592K->6096K(49152K)] 151728K->109232K(160256K), 0.0019540 secs] [Times: user=0.01 sys=0.00, real=0.00 secs] 
26.569: Total time for which application threads were stopped: 0.0047940 seconds, Stopping threads took: 0.0027630 seconds
26.609: Application time: 0.0397570 seconds
26.611: [GC [PSYoungGen: 48592K->5872K(49152K)] 151728K->109008K(160256K), 0.0017810 secs] [Times: user=0.01 sys=0.00, real=0.00 secs] 
26.613: Total time for which application threads were stopped: 0.0041230 seconds, Stopping threads took: 0.0022620 seconds
26.653: Application time: 0.0406380 seconds
26.655: [GC [PSYoungGen: 48368K->5568K(49152K)] 151504K->108704K(160256K), 0.0017440 secs] [Times: user=0.01 sys=0.00, real=0.00 secs] 
26.657: Total time for which application threads were stopped: 0.0037580 seconds, Stopping threads took: 0.0019290 seconds
26.696: Application time: 0.0391400 seconds
26.699: [GC [PSYoungGen: 48064K->5984K(49152K)] 151200K->109120K(160256K), 0.0018120 secs] [Times: user=0.01 sys=0.00, real=0.00 secs] 
26.701: Total time for which application threads were stopped: 0.0046840 seconds, Stopping threads took: 0.0027980 seconds
26.737: Application time: 0.0362310 seconds
26.740: [GC [PSYoungGen: 48480K->6656K(49152K)] 151616K->110480K(160256K), 0.0024560 secs] [Times: user=0.01 sys=0.01, real=0.00 secs] 
26.742: Total time for which application threads were stopped: 0.0051450 seconds, Stopping threads took: 0.0026060 seconds
26.779: Application time: 0.0372210 seconds
26.782: [GC [PSYoungGen: 49152K->6640K(49152K)] 152976K->111044K(160256K), 0.0023220 secs] [Times: user=0.02 sys=0.00, real=0.00 secs] 
26.784: Total time for which application threads were stopped: 0.0048410 seconds, Stopping threads took: 0.0024380 seconds
26.823: Application time: 0.0388060 seconds
26.825: [GC [PSYoungGen: 49136K->5632K(49152K)] 153540K->110044K(160256K), 0.0018160 secs] [Times: user=0.01 sys=0.00, real=0.00 secs] 
26.827: Total time for which application threads were stopped: 0.0033940 seconds, Stopping threads took: 0.0014980 seconds
26.865: Application time: 0.0380640 seconds
26.866: [GC [PSYoungGen: 48128K->6640K(49152K)] 152540K->111228K(160256K), 0.0020780 secs] [Times: user=0.01 sys=0.00, real=0.01 secs] 
26.868: Total time for which application threads were stopped: 0.0039020 seconds, Stopping threads took: 0.0017450 seconds
26.907: Application time: 0.0381550 seconds
26.908: [GC [PSYoungGen: 49136K->5792K(49152K)] 153724K->110388K(160256K), 0.0018210 secs] [Times: user=0.02 sys=0.00, real=0.00 secs] 
26.910: Total time for which application threads were stopped: 0.0036520 seconds, Stopping threads took: 0.0017540 seconds
26.949: Application time: 0.0391780 seconds
26.952: [GC [PSYoungGen: 48288K->6288K(49152K)] 152884K->110892K(160256K), 0.0019680 secs] [Times: user=0.01 sys=0.00, real=0.00 secs] 
26.954: Total time for which application threads were stopped: 0.0048340 seconds, Stopping threads took: 0.0027900 seconds
26.992: Application time: 0.0380690 seconds
26.995: [GC [PSYoungGen: 48784K->6640K(49152K)] 153388K->111348K(160256K), 0.0020650 secs] [Times: user=0.01 sys=0.00, real=0.00 secs] 
26.997: Total time for which application threads were stopped: 0.0044800 seconds, Stopping threads took: 0.0023320 seconds
27.035: Application time: 0.0381860 seconds
27.038: [GC [PSYoungGen: 49136K->6640K(49152K)] 153844K->111888K(160256K), 0.0022320 secs] [Times: user=0.01 sys=0.00, real=0.01 secs] 
27.040: Total time for which application threads were stopped: 0.0048340 seconds, Stopping threads took: 0.0025300 seconds
27.079: Application time: 0.0394620 seconds
27.081: [GC [PSYoungGen: 49136K->6016K(49152K)] 154384K->111264K(160256K), 0.0019520 secs] [Times: user=0.01 sys=0.00, real=0.00 secs] 
27.083: Total time for which application threads were stopped: 0.0036960 seconds, Stopping threads took: 0.0016700 seconds
27.121: Application time: 0.0383230 seconds
27.124: [GC [PSYoungGen: 48512K->6656K(49152K)] 153760K->112528K(160256K), 0.0022210 secs] [Times: user=0.02 sys=0.00, real=0.00 secs] 
27.126: Total time for which application threads were stopped: 0.0046970 seconds, Stopping threads took: 0.0023950 seconds
27.166: Application time: 0.0396780 seconds
27.168: [GC [PSYoungGen: 49152K->6624K(49152K)] 155024K->112568K(160256K), 0.0021170 secs] [Times: user=0.01 sys=0.00, real=0.00 secs] 
27.170: Total time for which application threads were stopped: 0.0044900 seconds, Stopping threads took: 0.0022790 seconds
27.208: Application time: 0.0376940 seconds
27.210: [GC [PSYoungGen: 49120K->6640K(49152K)] 155064K->113464K(160256K), 0.0022740 secs] [Times: user=0.01 sys=0.00, real=0.00 secs] 
27.213: Total time for which application threads were stopped: 0.0046980 seconds, Stopping threads took: 0.0023390 seconds
27.251: Application time: 0.0383130 seconds
27.254: [GC [PSYoungGen: 49136K->6624K(49152K)] 155960K->113488K(160256K), 0.0022710 secs] [Times: user=0.01 sys=0.00, real=0.00 secs] 
27.256: Total time for which application threads were stopped: 0.0049300 seconds, Stopping threads took: 0.0025810 seconds
27.294: Application time: 0.0378680 seconds
27.296: [GC [PSYoungGen: 49120K->6576K(49152K)] 155984K->113440K(160256K), 0.0020170 secs] [Times: user=0.02 sys=0.00, real=0.00 secs] 
27.298: Total time for which application threads were stopped: 0.0040510 seconds, Stopping threads took: 0.0019570 seconds
27.338: Application time: 0.0399350 seconds
27.340: [GC [PSYoungGen: 49072K->5648K(49152K)] 155936K->112520K(160256K), 0.0017740 secs] [Times: user=0.01 sys=0.00, real=0.00 secs] 
27.342: Total time for which application threads were stopped: 0.0044690 seconds, Stopping threads took: 0.0026240 seconds
27.380: Application time: 0.0381220 seconds
27.383: [GC [PSYoungGen: 48144K->6640K(49152K)] 155016K->113528K(160256K), 0.0020700 secs] [Times: user=0.01 sys=0.01, real=0.00 secs] 
27.385: Total time for which application threads were stopped: 0.0042640 seconds, Stopping threads took: 0.0021100 seconds
27.426: Application time: 0.0415860 seconds
27.428: [GC [PSYoungGen: 49136K->5024K(49152K)] 156024K->111920K(160256K), 0.0016590 secs] [Times: user=0.01 sys=0.00, real=0.00 secs] 
27.430: Total time for which application threads were stopped: 0.0036100 seconds, Stopping threads took: 0.0018760 seconds
27.472: Application time: 0.0416970 seconds
27.473: [GC [PSYoungGen: 47520K->6480K(49152K)] 154416K->113384K(160256K), 0.0020440 secs] [Times: user=0.01 sys=0.00, real=0.00 secs] 
27.475: Total time for which application threads were stopped: 0.0034300 seconds, Stopping threads took: 0.0013070 seconds
27.518: Application time: 0.0425920 seconds
27.519: [GC [PSYoungGen: 48976K->6640K(49152K)] 155880K->113632K(160256K), 0.0022970 secs] [Times: user=0.00 sys=0.00, real=0.00 secs] 
27.521: Total time for which application threads were stopped: 0.0039430 seconds, Stopping threads took: 0.0015680 seconds
27.562: Application time: 0.0404970 seconds
27.564: [GC [PSYoungGen: 49136K->6640K(49152K)] 156128K->114172K(160256K), 0.0023220 secs] [Times: user=0.01 sys=0.01, real=0.00 secs] 
27.566: Total time for which application threads were stopped: 0.0039990 seconds, Stopping threads took: 0.0015900 seconds
27.607: Application time: 0.0406490 seconds
27.608: [GC [PSYoungGen: 49136K->6640K(49152K)] 156668K->115452K(160256K), 0.0023890 secs] [Times: user=0.02 sys=0.00, real=0.00 secs] 
27.611: Total time for which application threads were stopped: 0.0042700 seconds, Stopping threads took: 0.0017990 seconds
27.650: Application time: 0.0392160 seconds
27.652: [GC [PSYoungGen: 49136K->6656K(49152K)] 157948K->116552K(160256K), 0.0025080 secs] [Times: user=0.01 sys=0.00, real=0.00 secs] 
27.654: [Full GC [PSYoungGen: 6656K->0K(49152K)] [ParOldGen: 109896K->9671K(111104K)] 116552K->9671K(160256K) [PSPermGen: 5139K->5139K(21504K)], 0.0154750 secs] [Times: user=0.08 sys=0.01, real=0.02 secs] 
27.670: Total time for which application threads were stopped: 0.0197230 seconds, Stopping threads took: 0.0016060 seconds
27.711: Application time: 0.0409570 seconds
27.713: [GC [PSYoungGen: 42496K->6560K(49152K)] 52167K->16231K(160256K), 0.0019450 secs] [Times: user=0.01 sys=0.00, real=0.00 secs] 
27.715: Total time for which application threads were stopped: 0.0043420 seconds, Stopping threads took: 0.0023110 seconds
27.756: Application time: 0.0404780 seconds
27.757: [GC [PSYoungGen: 49056K->6320K(49152K)] 58727K->15991K(160256K), 0.0019160 secs] [Times: user=0.01 sys=0.00, real=0.01 secs] 
27.759: Total time for which application threads were stopped: 0.0036010 seconds, Stopping threads took: 0.0016040 seconds
27.800: Application time: 0.0404650 seconds
27.801: [GC [PSYoungGen: 48816K->6640K(49152K)] 58487K->17055K(160256K), 0.0021500 secs] [Times: user=0.02 sys=0.00, real=0.00 secs] 
27.804: Total time for which application threads were stopped: 0.0039400 seconds, Stopping threads took: 0.0017070 seconds
27.844: Application time: 0.0404270 seconds
27.846: [GC [PSYoungGen: 49136K->6656K(49152K)] 59551K->17511K(160256K), 0.0021270 secs] [Times: user=0.01 sys=0.00, real=0.01 secs] 
27.848: Total time for which application threads were stopped: 0.0043150 seconds, Stopping threads took: 0.0021050 seconds
27.888: Application time: 0.0397580 seconds
27.890: [GC [PSYoungGen: 49152K->6656K(49152K)] 60007K->18279K(160256K), 0.0022630 secs] [Times: user=0.02 sys=0.00, real=0.00 secs] 
27.893: Total time for which application threads were stopped: 0.0044560 seconds, Stopping threads took: 0.0021060 seconds
27.933: Application time: 0.0407950 seconds
27.935: [GC [PSYoungGen: 49152K->6640K(49152K)] 60775K->18775K(160256K), 0.0021550 secs] [Times: user=0.01 sys=0.00, real=0.00 secs] 
27.937: Total time for which application threads were stopped: 0.0034140 seconds, Stopping threads took: 0.0011790 seconds
27.979: Application time: 0.0420530 seconds
27.981: [GC [PSYoungGen: 49136K->5216K(49152K)] 61271K->17351K(160256K), 0.0015680 secs] [Times: user=0.01 sys=0.00, real=0.00 secs] 
27.982: Total time for which application threads were stopped: 0.0034420 seconds, Stopping threads took: 0.0018030 seconds
28.023: Application time: 0.0408380 seconds
28.026: [GC [PSYoungGen: 47712K->6432K(49152K)] 59847K->18567K(160256K), 0.0018350 secs] [Times: user=0.01 sys=0.01, real=0.01 secs] 
28.028: Total time for which application threads were stopped: 0.0051570 seconds, Stopping threads took: 0.0032440 seconds
28.070: Application time: 0.0414600 seconds
28.072: [GC [PSYoungGen: 48928K->6336K(49152K)] 61063K->18471K(160256K), 0.0019090 secs] [Times: user=0.01 sys=0.00, real=0.00 secs] 
28.074: Total time for which application threads were stopped: 0.0044390 seconds, Stopping threads took: 0.0024510 seconds
28.117: Application time: 0.0430820 seconds
28.120: [GC [PSYoungGen: 48832K->4768K(49152K)] 60967K->16903K(160256K), 0.0014660 secs] [Times: user=0.01 sys=0.00, real=0.00 secs] 
28.121: Total time for which application threads were stopped: 0.0038000 seconds, Stopping threads took: 0.0022570 seconds
28.166: Application time: 0.0443970 seconds
28.168: [GC [PSYoungGen: 47264K->5664K(49152K)] 59399K->17799K(160256K), 0.0016340 secs] [Times: user=0.01 sys=0.00, real=0.00 secs] 
28.170: Total time for which application threads were stopped: 0.0040190 seconds, Stopping threads took: 0.0023130 seconds
28.212: Application time: 0.0423650 seconds
28.215: [GC [PSYoungGen: 48160K->6272K(49152K)] 60295K->18407K(160256K), 0.0019330 secs] [Times: user=0.01 sys=0.00, real=0.00 secs] 
28.217: Total time for which application threads were stopped: 0.0047510 seconds, Stopping threads took: 0.0027310 seconds
28.258: Application time: 0.0413060 seconds
28.259: [GC [PSYoungGen: 48768K->5680K(49152K)] 60903K->17815K(160256K), 0.0017930 secs] [Times: user=0.01 sys=0.00, real=0.00 secs] 
28.261: Total time for which application threads were stopped: 0.0029060 seconds, Stopping threads took: 0.0010350 seconds
28.300: Application time: 0.0388580 seconds
28.302: [GC [PSYoungGen: 48176K->6624K(49152K)] 60311K->19399K(160256K), 0.0022720 secs] [Times: user=0.01 sys=0.00, real=0.00 secs] 
28.304: Total time for which application threads were stopped: 0.0047170 seconds, Stopping threads took: 0.0023420 seconds
28.346: Application time: 0.0413270 seconds
28.348: [GC [PSYoungGen: 49120K->6640K(49152K)] 61895K->19679K(160256K), 0.0021870 secs] [Times: user=0.02 sys=0.00, real=0.00 secs] 
28.350: Total time for which application threads were stopped: 0.0044590 seconds, Stopping threads took: 0.0021800 seconds
28.395: Application time: 0.0442840 seconds
28.397: [GC [PSYoungGen: 49136K->5440K(49152K)] 62175K->18511K(160256K), 0.0017080 secs] [Times: user=0.01 sys=0.00, real=0.01 secs] 
28.399: Total time for which application threads were stopped: 0.0040840 seconds, Stopping threads took: 0.0022910 seconds
28.440: Application time: 0.0414050 seconds
28.442: [GC [PSYoungGen: 47936K->5760K(49152K)] 61007K->18839K(160256K), 0.0016610 secs] [Times: user=0.01 sys=0.00, real=0.00 secs] 
28.444: Total time for which application threads were stopped: 0.0041520 seconds, Stopping threads took: 0.0024160 seconds
28.485: Application time: 0.0411390 seconds
28.488: [GC [PSYoungGen: 48256K->6640K(49152K)] 61335K->19767K(160256K), 0.0019300 secs] [Times: user=0.01 sys=0.00, real=0.00 secs] 
28.490: Total time for which application threads were stopped: 0.0048600 seconds, Stopping threads took: 0.0028490 seconds
28.531: Application time: 0.0403100 seconds
28.534: [GC [PSYoungGen: 49136K->6592K(49152K)] 62263K->19727K(160256K), 0.0019500 secs] [Times: user=0.02 sys=0.00, real=0.00 secs] 
28.536: Total time for which application threads were stopped: 0.0050380 seconds, Stopping threads took: 0.0030060 seconds
28.577: Application time: 0.0412550 seconds
28.580: [GC [PSYoungGen: 49088K->6656K(49152K)] 62223K->20455K(160256K), 0.0021330 secs] [Times: user=0.02 sys=0.00, real=0.00 secs] 
28.582: Total time for which application threads were stopped: 0.0048950 seconds, Stopping threads took: 0.0026810 seconds
28.625: Application time: 0.0433380 seconds
28.627: [GC [PSYoungGen: 49152K->6384K(49152K)] 62951K->20191K(160256K), 0.0019500 secs] [Times: user=0.01 sys=0.00, real=0.00 secs] 
28.629: Total time for which application threads were stopped: 0.0035480 seconds, Stopping threads took: 0.0015180 seconds
28.670: Application time: 0.0418430 seconds
28.673: [GC [PSYoungGen: 48880K->6640K(49152K)] 62687K->20863K(160256K), 0.0020580 secs] [Times: user=0.01 sys=0.00, real=0.00 secs] 
28.675: Total time for which application threads were stopped: 0.0048480 seconds, Stopping threads took: 0.0027100 seconds
28.717: Application time: 0.0419130 seconds
28.719: [GC [PSYoungGen: 49136K->5568K(49152K)] 63359K->19791K(160256K), 0.0016280 secs] [Times: user=0.01 sys=0.00, real=0.00 secs] 
28.721: Total time for which application threads were stopped: 0.0039130 seconds, Stopping threads took: 0.0022000 seconds
28.762: Application time: 0.0410430 seconds
28.765: [GC [PSYoungGen: 48064K->6464K(49152K)] 62287K->20687K(160256K), 0.0019310 secs] [Times: user=0.01 sys=0.00, real=0.01 secs] 
28.767: Total time for which application threads were stopped: 0.0048320 seconds, Stopping threads took: 0.0028310 seconds
28.808: Application time: 0.0413810 seconds
28.811: [GC [PSYoungGen: 48960K->6480K(49152K)] 63183K->20703K(160256K), 0.0018430 secs] [Times: user=0.01 sys=0.01, real=0.00 secs] 
28.813: Total time for which application threads were stopped: 0.0041500 seconds, Stopping threads took: 0.0022250 seconds
28.853: Application time: 0.0399980 seconds
28.854: [GC [PSYoungGen: 48976K->6624K(49152K)] 63199K->21887K(160256K), 0.0022480 secs] [Times: user=0.02 sys=0.00, real=0.00 secs] 
28.856: Total time for which application threads were stopped: 0.0036700 seconds, Stopping threads took: 0.0013400 seconds
28.896: Application time: 0.0394010 seconds
28.897: [GC [PSYoungGen: 49120K->6656K(49152K)] 64383K->23416K(160256K), 0.0024140 secs] [Times: user=0.02 sys=0.00, real=0.01 secs] 
28.899: Total time for which application threads were stopped: 0.0037350 seconds, Stopping threads took: 0.0012330 seconds
28.940: Application time: 0.0403020 seconds
28.942: [GC [PSYoungGen: 49151K->6656K(49152K)] 65911K->23940K(160256K), 0.0020980 secs] [Times: user=0.01 sys=0.00, real=0.00 secs] 
28.944: Total time for which application threads were stopped: 0.0048020 seconds, Stopping threads took: 0.0026240 seconds
28.985: Application time: 0.0403920 seconds
28.987: [GC [PSYoungGen: 49150K->6640K(49152K)] 66434K->24652K(160256K), 0.0022040 secs] [Times: user=0.02 sys=0.00, real=0.00 secs] 
28.989: Total time for which application threads were stopped: 0.0039900 seconds, Stopping threads took: 0.0016960 seconds
29.030: Application time: 0.0409740 seconds
29.031: [GC [PSYoungGen: 49135K->6192K(49152K)] 67148K->24212K(160256K), 0.0017850 secs] [Times: user=0.01 sys=0.00, real=0.00 secs] 
29.033: Total time for which application threads were stopped: 0.0032440 seconds, Stopping threads took: 0.0013800 seconds
29.076: Application time: 0.0424730 seconds
29.078: [GC [PSYoungGen: 48688K->5712K(49152K)] 66708K->23740K(160256K), 0.0017260 secs] [Times: user=0.01 sys=0.00, real=0.01 secs] 
29.080: Total time for which application threads were stopped: 0.0044000 seconds, Stopping threads took: 0.0026010 seconds
29.120: Application time: 0.0402600 seconds
29.122: [GC [PSYoungGen: 48208K->6640K(49152K)] 66236K->24988K(160256K), 0.0020620 secs] [Times: user=0.01 sys=0.00, real=0.00 secs] 
29.124: Total time for which application threads were stopped: 0.0034650 seconds, Stopping threads took: 0.0013210 seconds
29.166: Application time: 0.0419720 seconds
29.169: [GC [PSYoungGen: 49136K->6640K(49152K)] 67484K->25268K(160256K), 0.0021020 secs] [Times: user=0.01 sys=0.01, real=0.00 secs] 
29.171: Total time for which application threads were stopped: 0.0052380 seconds, Stopping threads took: 0.0030330 seconds
29.212: Application time: 0.0407580 seconds
29.214: [GC [PSYoungGen: 49136K->5904K(49152K)] 67764K->24540K(160256K), 0.0017430 secs] [Times: user=0.01 sys=0.00, real=0.00 secs] 
29.215: Total time for which application threads were stopped: 0.0037490 seconds, Stopping threads took: 0.0019260 seconds
29.255: Application time: 0.0391850 seconds
29.258: [GC [PSYoungGen: 48400K->6656K(49152K)] 67036K->25356K(160256K), 0.0018690 secs] [Times: user=0.02 sys=0.00, real=0.01 secs] 
29.260: Total time for which application threads were stopped: 0.0053360 seconds, Stopping threads took: 0.0033790 seconds
29.303: Application time: 0.0433060 seconds
29.305: [GC [PSYoungGen: 49152K->6208K(49152K)] 67852K->24908K(160256K), 0.0018300 secs] [Times: user=0.01 sys=0.00, real=0.01 secs] 
29.307: Total time for which application threads were stopped: 0.0035280 seconds, Stopping threads took: 0.0016200 seconds
29.350: Application time: 0.0432600 seconds
29.352: [GC [PSYoungGen: 48704K->5056K(49152K)] 67404K->23756K(160256K), 0.0014900 secs] [Times: user=0.01 sys=0.00, real=0.00 secs] 
29.353: Total time for which application threads were stopped: 0.0032460 seconds, Stopping threads took: 0.0016870 seconds
29.395: Application time: 0.0412330 seconds
29.396: [GC [PSYoungGen: 47552K->6400K(49152K)] 66252K->25100K(160256K), 0.0018290 secs] [Times: user=0.02 sys=0.00, real=0.00 secs] 
29.398: Total time for which application threads were stopped: 0.0037230 seconds, Stopping threads took: 0.0018210 seconds
29.439: Application time: 0.0405890 seconds
29.440: [GC [PSYoungGen: 48896K->5904K(49152K)] 67596K->24604K(160256K), 0.0018410 secs] [Times: user=0.01 sys=0.00, real=0.00 secs] 
29.442: Total time for which application threads were stopped: 0.0028710 seconds, Stopping threads took: 0.0009560 seconds
29.482: Application time: 0.0404430 seconds
29.484: [GC [PSYoungGen: 48400K->6656K(49152K)] 67100K->26820K(160256K), 0.0023040 secs] [Times: user=0.02 sys=0.01, real=0.00 secs] 
29.486: Total time for which application threads were stopped: 0.0042010 seconds, Stopping threads took: 0.0018170 seconds
29.528: Application time: 0.0416240 seconds
29.530: [GC [PSYoungGen: 49152K->6048K(49152K)] 69316K->26212K(160256K), 0.0017120 secs] [Times: user=0.01 sys=0.00, real=0.00 secs] 
29.532: Total time for which application threads were stopped: 0.0038300 seconds, Stopping threads took: 0.0020460 seconds
29.574: Application time: 0.0418890 seconds
29.575: [GC [PSYoungGen: 48544K->6656K(49152K)] 68708K->27764K(160256K), 0.0022900 secs] [Times: user=0.02 sys=0.00, real=0.00 secs] 
29.578: Total time for which application threads were stopped: 0.0038110 seconds, Stopping threads took: 0.0014380 seconds
29.620: Application time: 0.0420960 seconds
29.622: [GC [PSYoungGen: 49152K->5664K(49152K)] 70260K->26772K(160256K), 0.0016500 secs] [Times: user=0.01 sys=0.00, real=0.00 secs] 
29.624: Total time for which application threads were stopped: 0.0038840 seconds, Stopping threads took: 0.0021610 seconds
29.665: Application time: 0.0412320 seconds
29.667: [GC [PSYoungGen: 48160K->6480K(49152K)] 69268K->27596K(160256K), 0.0019220 secs] [Times: user=0.01 sys=0.00, real=0.00 secs] 
29.669: Total time for which application threads were stopped: 0.0041990 seconds, Stopping threads took: 0.0021980 seconds
29.710: Application time: 0.0411760 seconds
29.712: [GC [PSYoungGen: 48976K->5296K(49152K)] 70092K->26420K(160256K), 0.0016020 secs] [Times: user=0.01 sys=0.00, real=0.00 secs] 
29.714: Total time for which application threads were stopped: 0.0037510 seconds, Stopping threads took: 0.0020790 seconds
29.753: Application time: 0.0392890 seconds
29.756: [GC [PSYoungGen: 47792K->6656K(49152K)] 68916K->29212K(160256K), 0.0023900 secs] [Times: user=0.02 sys=0.00, real=0.00 secs] 
29.758: Total time for which application threads were stopped: 0.0051380 seconds, Stopping threads took: 0.0026600 seconds
29.799: Application time: 0.0408280 seconds
29.802: [GC [PSYoungGen: 49152K->5824K(49152K)] 71708K->28380K(160256K), 0.0016470 secs] [Times: user=0.01 sys=0.00, real=0.00 secs] 
29.803: Total time for which application threads were stopped: 0.0041870 seconds, Stopping threads took: 0.0024600 seconds
29.847: Application time: 0.0432060 seconds
29.848: [GC [PSYoungGen: 48320K->5856K(49152K)] 70876K->28412K(160256K), 0.0016920 secs] [Times: user=0.01 sys=0.00, real=0.00 secs] 
29.850: Total time for which application threads were stopped: 0.0036030 seconds, Stopping threads took: 0.0018400 seconds
29.894: Application time: 0.0440670 seconds
29.897: [GC [PSYoungGen: 48352K->6656K(49152K)] 70908K->30172K(160256K), 0.0021960 secs] [Times: user=0.01 sys=0.00, real=0.01 secs] 
29.899: Total time for which application threads were stopped: 0.0046990 seconds, Stopping threads took: 0.0024160 seconds
29.940: Application time: 0.0408510 seconds
29.941: [GC [PSYoungGen: 49152K->6448K(49152K)] 72668K->29964K(160256K), 0.0018780 secs] [Times: user=0.01 sys=0.00, real=0.00 secs] 
29.943: Total time for which application threads were stopped: 0.0034630 seconds, Stopping threads took: 0.0015050 seconds
29.987: Application time: 0.0432990 seconds
29.989: [GC [PSYoungGen: 48944K->6336K(49152K)] 72460K->29852K(160256K), 0.0018280 secs] [Times: user=0.01 sys=0.00, real=0.00 secs] 
29.991: Total time for which application threads were stopped: 0.0043150 seconds, Stopping threads took: 0.0024100 seconds
30.032: Application time: 0.0408750 seconds
30.034: [GC [PSYoungGen: 48832K->6656K(49152K)] 72348K->30532K(160256K), 0.0020010 secs] [Times: user=0.01 sys=0.00, real=0.00 secs] 
30.036: Total time for which application threads were stopped: 0.0043400 seconds, Stopping threads took: 0.0022590 seconds
30.078: Application time: 0.0420010 seconds
30.081: [GC [PSYoungGen: 49152K->6464K(49152K)] 73028K->30348K(160256K), 0.0019770 secs] [Times: user=0.01 sys=0.00, real=0.00 secs] 
30.083: Total time for which application threads were stopped: 0.0047390 seconds, Stopping threads took: 0.0026800 seconds
30.126: Application time: 0.0429840 seconds
30.128: [GC [PSYoungGen: 48960K->5760K(49152K)] 72844K->29644K(160256K), 0.0016800 secs] [Times: user=0.01 sys=0.00, real=0.00 secs] 
30.130: Total time for which application threads were stopped: 0.0041670 seconds, Stopping threads took: 0.0024140 seconds
30.177: Application time: 0.0471220 seconds
30.180: [GC [PSYoungGen: 48256K->4720K(49152K)] 72140K->28612K(160256K), 0.0014380 secs] [Times: user=0.01 sys=0.00, real=0.00 secs] 
30.181: Total time for which application threads were stopped: 0.0039430 seconds, Stopping threads took: 0.0024350 seconds
30.222: Application time: 0.0411300 seconds
30.224: [GC [PSYoungGen: 47216K->6528K(49152K)] 71108K->30420K(160256K), 0.0019290 secs] [Times: user=0.01 sys=0.00, real=0.00 secs] 
30.226: Total time for which application threads were stopped: 0.0041820 seconds, Stopping threads took: 0.0021700 seconds
30.268: Application time: 0.0417100 seconds
30.271: [GC [PSYoungGen: 49024K->6256K(49152K)] 72916K->30156K(160256K), 0.0018790 secs] [Times: user=0.01 sys=0.00, real=0.00 secs] 
30.273: Total time for which application threads were stopped: 0.0048790 seconds, Stopping threads took: 0.0029160 seconds
30.315: Application time: 0.0418250 seconds
30.317: [GC [PSYoungGen: 48752K->6640K(49152K)] 72652K->30932K(160256K), 0.0021590 secs] [Times: user=0.02 sys=0.00, real=0.01 secs] 
30.320: Total time for which application threads were stopped: 0.0048700 seconds, Stopping threads took: 0.0026230 seconds
30.361: Application time: 0.0415500 seconds
30.364: [GC [PSYoungGen: 49136K->6144K(49152K)] 73428K->30444K(160256K), 0.0017760 secs] [Times: user=0.01 sys=0.00, real=0.00 secs] 
30.365: Total time for which application threads were stopped: 0.0042450 seconds, Stopping threads took: 0.0023930 seconds
30.407: Application time: 0.0412600 seconds
30.409: [GC [PSYoungGen: 48639K->6528K(49152K)] 72940K->30828K(160256K), 0.0018890 secs] [Times: user=0.01 sys=0.00, real=0.00 secs] 
30.411: Total time for which application threads were stopped: 0.0044030 seconds, Stopping threads took: 0.0024400 seconds
30.455: Application time: 0.0436130 seconds
30.456: [GC [PSYoungGen: 49024K->5392K(49152K)] 73324K->29692K(160256K), 0.0015920 secs] [Times: user=0.01 sys=0.00, real=0.00 secs] 
30.458: Total time for which application threads were stopped: 0.0028800 seconds, Stopping threads took: 0.0012210 seconds
30.498: Application time: 0.0406130 seconds
30.500: [GC [PSYoungGen: 47888K->6624K(49152K)] 72188K->31476K(160256K), 0.0021650 secs] [Times: user=0.01 sys=0.00, real=0.00 secs] 
30.502: Total time for which application threads were stopped: 0.0039460 seconds, Stopping threads took: 0.0017010 seconds
30.544: Application time: 0.0421240 seconds
30.547: [GC [PSYoungGen: 49120K->6656K(49152K)] 73972K->32316K(160256K), 0.0022940 secs] [Times: user=0.01 sys=0.00, real=0.00 secs] 
30.549: Total time for which application threads were stopped: 0.0046440 seconds, Stopping threads took: 0.0022690 seconds
30.589: Application time: 0.0405240 seconds
30.591: [GC [PSYoungGen: 49152K->6656K(49152K)] 74812K->32332K(160256K), 0.0021930 secs] [Times: user=0.01 sys=0.00, real=0.00 secs] 
30.594: Total time for which application threads were stopped: 0.0041850 seconds, Stopping threads took: 0.0019130 seconds
30.634: Application time: 0.0403220 seconds
30.636: [GC [PSYoungGen: 49152K->6656K(49152K)] 74828K->32596K(160256K), 0.0020710 secs] [Times: user=0.02 sys=0.00, real=0.00 secs] 
30.638: Total time for which application threads were stopped: 0.0037920 seconds, Stopping threads took: 0.0016310 seconds
30.680: Application time: 0.0418750 seconds
30.682: [GC [PSYoungGen: 49152K->6304K(49152K)] 75092K->32244K(160256K), 0.0019040 secs] [Times: user=0.01 sys=0.00, real=0.00 secs] 
30.684: Total time for which application threads were stopped: 0.0043970 seconds, Stopping threads took: 0.0024170 seconds
30.723: Application time: 0.0387930 seconds
30.725: [GC [PSYoungGen: 48800K->6656K(49152K)] 74740K->33612K(160256K), 0.0023500 secs] [Times: user=0.01 sys=0.00, real=0.01 secs] 
30.727: Total time for which application threads were stopped: 0.0044230 seconds, Stopping threads took: 0.0019640 seconds
30.768: Application time: 0.0408710 seconds
30.770: [GC [PSYoungGen: 49152K->6640K(49152K)] 76108K->33668K(160256K), 0.0021020 secs] [Times: user=0.01 sys=0.00, real=0.00 secs] 
30.772: Total time for which application threads were stopped: 0.0043020 seconds, Stopping threads took: 0.0021190 seconds
30.813: Application time: 0.0407040 seconds
30.815: [GC [PSYoungGen: 49136K->6656K(49152K)] 76164K->34196K(160256K), 0.0021170 secs] [Times: user=0.01 sys=0.00, real=0.00 secs] 
30.817: Total time for which application threads were stopped: 0.0040040 seconds, Stopping threads took: 0.0018060 seconds
30.857: Application time: 0.0396330 seconds
30.859: [GC [PSYoungGen: 49152K->6576K(49152K)] 76692K->34124K(160256K), 0.0019900 secs] [Times: user=0.01 sys=0.00, real=0.00 secs] 
30.861: Total time for which application threads were stopped: 0.0044450 seconds, Stopping threads took: 0.0023530 seconds
30.903: Application time: 0.0422420 seconds
30.905: [GC [PSYoungGen: 49072K->5152K(49152K)] 76620K->32716K(160256K), 0.0016040 secs] [Times: user=0.01 sys=0.00, real=0.01 secs] 
30.907: Total time for which application threads were stopped: 0.0033540 seconds, Stopping threads took: 0.0016780 seconds
30.950: Application time: 0.0427830 seconds
30.952: [GC [PSYoungGen: 47648K->5920K(49152K)] 75212K->33484K(160256K), 0.0017420 secs] [Times: user=0.01 sys=0.00, real=0.00 secs] 
30.954: Total time for which application threads were stopped: 0.0043220 seconds, Stopping threads took: 0.0025000 seconds
30.996: Application time: 0.0418770 seconds
30.999: [GC [PSYoungGen: 48416K->6368K(49152K)] 75980K->33932K(160256K), 0.0018750 secs] [Times: user=0.02 sys=0.00, real=0.01 secs] 
31.000: Total time for which application threads were stopped: 0.0046010 seconds, Stopping threads took: 0.0026530 seconds
31.045: Application time: 0.0442520 seconds
31.047: [GC [PSYoungGen: 48864K->6624K(49152K)] 76428K->34220K(160256K), 0.0020370 secs] [Times: user=0.02 sys=0.00, real=0.00 secs] 
31.050: Total time for which application threads were stopped: 0.0048840 seconds, Stopping threads took: 0.0027470 seconds
31.091: Application time: 0.0413170 seconds
31.094: [GC [PSYoungGen: 49120K->6256K(49152K)] 76716K->33852K(160256K), 0.0019300 secs] [Times: user=0.01 sys=0.00, real=0.00 secs] 
31.096: Total time for which application threads were stopped: 0.0047080 seconds, Stopping threads took: 0.0026980 seconds
31.135: Application time: 0.0391080 seconds
31.136: [GC [PSYoungGen: 48752K->6656K(49152K)] 76348K->34492K(160256K), 0.0021080 secs] [Times: user=0.01 sys=0.00, real=0.00 secs] 
31.139: Total time for which application threads were stopped: 0.0038040 seconds, Stopping threads took: 0.0016170 seconds
31.179: Application time: 0.0401150 seconds
31.181: [GC [PSYoungGen: 49152K->6624K(49152K)] 76988K->34580K(160256K), 0.0021190 secs] [Times: user=0.01 sys=0.00, real=0.00 secs] 
31.183: Total time for which application threads were stopped: 0.0040860 seconds, Stopping threads took: 0.0018870 seconds
31.224: Application time: 0.0407920 seconds
31.226: [GC [PSYoungGen: 49120K->6640K(49152K)] 77076K->34612K(160256K), 0.0019840 secs] [Times: user=0.02 sys=0.00, real=0.01 secs] 
31.228: Total time for which application threads were stopped: 0.0047430 seconds, Stopping threads took: 0.0026760 seconds
31.270: Application time: 0.0417710 seconds
31.273: [GC [PSYoungGen: 49136K->6560K(49152K)] 77108K->34540K(160256K), 0.0019110 secs] [Times: user=0.01 sys=0.00, real=0.00 secs] 
31.275: Total time for which application threads were stopped: 0.0044660 seconds, Stopping threads took: 0.0024750 seconds
31.315: Application time: 0.0402340 seconds
31.316: [GC [PSYoungGen: 49056K->6624K(49152K)] 77036K->35756K(160256K), 0.0023460 secs] [Times: user=0.01 sys=0.01, real=0.01 secs] 
31.319: Total time for which application threads were stopped: 0.0038350 seconds, Stopping threads took: 0.0013940 seconds
31.359: Application time: 0.0407440 seconds
31.361: [GC [PSYoungGen: 49120K->6656K(49152K)] 78252K->36244K(160256K), 0.0022190 secs] [Times: user=0.01 sys=0.00, real=0.00 secs] 
31.363: Total time for which application threads were stopped: 0.0036990 seconds, Stopping threads took: 0.0013870 seconds
31.404: Application time: 0.0413100 seconds
31.407: [GC [PSYoungGen: 49152K->6656K(49152K)] 78740K->36260K(160256K), 0.0019780 secs] [Times: user=0.01 sys=0.01, real=0.00 secs] 
31.409: Total time for which application threads were stopped: 0.0048510 seconds, Stopping threads took: 0.0028050 seconds
31.451: Application time: 0.0422560 seconds
31.453: [GC [PSYoungGen: 49152K->6080K(49152K)] 78756K->35700K(160256K), 0.0020370 secs] [Times: user=0.01 sys=0.00, real=0.00 secs] 
31.456: Total time for which application threads were stopped: 0.0040830 seconds, Stopping threads took: 0.0019670 seconds
31.494: Application time: 0.0383280 seconds
31.496: [GC [PSYoungGen: 48576K->6464K(49152K)] 78196K->36084K(160256K), 0.0017540 secs] [Times: user=0.01 sys=0.00, real=0.00 secs] 
31.498: Total time for which application threads were stopped: 0.0039590 seconds, Stopping threads took: 0.0021280 seconds
31.538: Application time: 0.0401660 seconds
31.541: [GC [PSYoungGen: 48960K->5312K(49152K)] 78580K->34932K(160256K), 0.0015530 secs] [Times: user=0.01 sys=0.00, real=0.00 secs] 
31.543: Total time for which application threads were stopped: 0.0045900 seconds, Stopping threads took: 0.0029620 seconds
31.580: Application time: 0.0378370 seconds
31.582: [GC [PSYoungGen: 47808K->6640K(49152K)] 77428K->36660K(160256K), 0.0020630 secs] [Times: user=0.01 sys=0.00, real=0.00 secs] 
31.584: Total time for which application threads were stopped: 0.0040470 seconds, Stopping threads took: 0.0019080 seconds
31.623: Application time: 0.0384060 seconds
31.625: [GC [PSYoungGen: 49136K->6624K(49152K)] 79156K->37900K(160256K), 0.0022010 secs] [Times: user=0.02 sys=0.00, real=0.01 secs] 
31.628: Total time for which application threads were stopped: 0.0046160 seconds, Stopping threads took: 0.0023370 seconds
31.668: Application time: 0.0400470 seconds
31.670: [GC [PSYoungGen: 49120K->6624K(49152K)] 80396K->38596K(160256K), 0.0021760 secs] [Times: user=0.02 sys=0.00, real=0.00 secs] 
31.672: Total time for which application threads were stopped: 0.0048000 seconds, Stopping threads took: 0.0025280 seconds
31.711: Application time: 0.0388590 seconds
31.712: [GC [PSYoungGen: 49120K->5872K(49152K)] 81092K->37845K(160256K), 0.0017550 secs] [Times: user=0.01 sys=0.00, real=0.00 secs] 
31.714: Total time for which application threads were stopped: 0.0027790 seconds, Stopping threads took: 0.0009510 seconds
31.754: Application time: 0.0403370 seconds
31.756: [GC [PSYoungGen: 48368K->5680K(49152K)] 80341K->37652K(160256K), 0.0017820 secs] [Times: user=0.01 sys=0.00, real=0.00 secs] 
31.758: Total time for which application threads were stopped: 0.0034440 seconds, Stopping threads took: 0.0015910 seconds
31.800: Application time: 0.0418400 seconds
31.802: [GC [PSYoungGen: 48174K->6624K(49152K)] 80147K->38901K(160256K), 0.0020420 secs] [Times: user=0.01 sys=0.00, real=0.00 secs] 
31.804: Total time for which application threads were stopped: 0.0041700 seconds, Stopping threads took: 0.0020580 seconds
31.844: Application time: 0.0404510 seconds
31.846: [GC [PSYoungGen: 49120K->6624K(49152K)] 81397K->39196K(160256K), 0.0020810 secs] [Times: user=0.01 sys=0.00, real=0.01 secs] 
31.848: Total time for which application threads were stopped: 0.0042320 seconds, Stopping threads took: 0.0020670 seconds
31.886: Application time: 0.0373730 seconds
31.888: [GC [PSYoungGen: 49120K->6448K(49152K)] 81692K->39020K(160256K), 0.0017990 secs] [Times: user=0.01 sys=0.00, real=0.00 secs] 
31.890: Total time for which application threads were stopped: 0.0042690 seconds, Stopping threads took: 0.0023870 seconds
31.930: Application time: 0.0396890 seconds
31.931: [GC [PSYoungGen: 48942K->6192K(49152K)] 81515K->38773K(160256K), 0.0019140 secs] [Times: user=0.01 sys=0.00, real=0.00 secs] 
31.933: Total time for which application threads were stopped: 0.0033410 seconds, Stopping threads took: 0.0013520 seconds
31.972: Application time: 0.0392100 seconds
31.973: [GC [PSYoungGen: 48688K->6640K(49152K)] 81269K->40093K(160256K), 0.0023260 secs] [Times: user=0.01 sys=0.00, real=0.00 secs] 
31.976: Total time for which application threads were stopped: 0.0034180 seconds, Stopping threads took: 0.0010050 seconds
32.014: Application time: 0.0383330 seconds
32.016: [GC [PSYoungGen: 49136K->6624K(49152K)] 82589K->40849K(160256K), 0.0022360 secs] [Times: user=0.01 sys=0.00, real=0.00 secs] 
32.018: Total time for which application threads were stopped: 0.0037610 seconds, Stopping threads took: 0.0014440 seconds
32.058: Application time: 0.0398700 seconds
32.059: [GC [PSYoungGen: 49119K->4928K(49152K)] 83344K->39153K(160256K), 0.0015810 secs] [Times: user=0.01 sys=0.00, real=0.00 secs] 
32.060: Total time for which application threads were stopped: 0.0024000 seconds, Stopping threads took: 0.0007290 seconds
32.102: Application time: 0.0420090 seconds
32.104: [GC [PSYoungGen: 47424K->5488K(49152K)] 81649K->39713K(160256K), 0.0016120 secs] [Times: user=0.01 sys=0.00, real=0.00 secs] 
32.106: Total time for which application threads were stopped: 0.0033660 seconds, Stopping threads took: 0.0016800 seconds
32.143: Application time: 0.0378930 seconds
32.145: [GC [PSYoungGen: 47984K->6656K(49152K)] 82209K->41401K(160256K), 0.0021370 secs] [Times: user=0.02 sys=0.00, real=0.01 secs] 
32.148: Total time for which application threads were stopped: 0.0041130 seconds, Stopping threads took: 0.0018960 seconds
32.187: Application time: 0.0393870 seconds
32.190: [GC [PSYoungGen: 49152K->6656K(49152K)] 83897K->41641K(160256K), 0.0020880 secs] [Times: user=0.02 sys=0.00, real=0.00 secs] 
32.192: Total time for which application threads were stopped: 0.0047410 seconds, Stopping threads took: 0.0025710 seconds
32.232: Application time: 0.0398650 seconds
32.235: [GC [PSYoungGen: 49152K->6224K(49152K)] 84137K->41209K(160256K), 0.0018460 secs] [Times: user=0.02 sys=0.00, real=0.00 secs] 
32.237: Total time for which application threads were stopped: 0.0049510 seconds, Stopping threads took: 0.0030250 seconds
32.276: Application time: 0.0396030 seconds
32.278: [GC [PSYoungGen: 48720K->5952K(49152K)] 83705K->40937K(160256K), 0.0018300 secs] [Times: user=0.01 sys=0.00, real=0.01 secs] 
32.280: Total time for which application threads were stopped: 0.0035120 seconds, Stopping threads took: 0.0016060 seconds
32.322: Application time: 0.0425220 seconds
32.324: [GC [PSYoungGen: 48448K->5424K(49152K)] 83433K->40425K(160256K), 0.0015460 secs] [Times: user=0.01 sys=0.00, real=0.00 secs] 
32.326: Total time for which application threads were stopped: 0.0037550 seconds, Stopping threads took: 0.0021430 seconds
32.368: Application time: 0.0425230 seconds
32.371: [GC [PSYoungGen: 47920K->6144K(49152K)] 82921K->41161K(160256K), 0.0018290 secs] [Times: user=0.01 sys=0.00, real=0.00 secs] 
32.373: Total time for which application threads were stopped: 0.0044600 seconds, Stopping threads took: 0.0025620 seconds
32.415: Application time: 0.0425580 seconds
32.418: [GC [PSYoungGen: 48640K->5456K(49152K)] 83657K->40489K(160256K), 0.0015910 secs] [Times: user=0.01 sys=0.00, real=0.01 secs] 
32.420: Total time for which application threads were stopped: 0.0042370 seconds, Stopping threads took: 0.0025780 seconds
32.461: Application time: 0.0408940 seconds
32.462: [GC [PSYoungGen: 47952K->4896K(49152K)] 82985K->39937K(160256K), 0.0014790 secs] [Times: user=0.01 sys=0.00, real=0.00 secs] 
32.463: Total time for which application threads were stopped: 0.0027330 seconds, Stopping threads took: 0.0011850 seconds
32.503: Application time: 0.0399390 seconds
32.507: [GC [PSYoungGen: 47392K->6624K(49152K)] 82433K->41793K(160256K), 0.0020060 secs] [Times: user=0.01 sys=0.00, real=0.00 secs] 
32.509: Total time for which application threads were stopped: 0.0054190 seconds, Stopping threads took: 0.0033300 seconds
32.546: Application time: 0.0375050 seconds
32.548: [GC [PSYoungGen: 49120K->6624K(49152K)] 84289K->42369K(160256K), 0.0022150 secs] [Times: user=0.02 sys=0.00, real=0.00 secs] 
32.551: Total time for which application threads were stopped: 0.0043740 seconds, Stopping threads took: 0.0020790 seconds
32.588: Application time: 0.0374950 seconds
32.591: [GC [PSYoungGen: 49120K->6624K(49152K)] 84865K->43337K(160256K), 0.0022610 secs] [Times: user=0.02 sys=0.00, real=0.00 secs] 
32.593: Total time for which application threads were stopped: 0.0047980 seconds, Stopping threads took: 0.0024570 seconds
32.632: Application time: 0.0391010 seconds
32.635: [GC [PSYoungGen: 49120K->6656K(49152K)] 85833K->44105K(160256K), 0.0021120 secs] [Times: user=0.02 sys=0.00, real=0.00 secs] 
32.637: Total time for which application threads were stopped: 0.0048620 seconds, Stopping threads took: 0.0026770 seconds
32.676: Application time: 0.0393210 seconds
32.679: [GC [PSYoungGen: 49152K->6656K(49152K)] 86601K->44153K(160256K), 0.0020550 secs] [Times: user=0.01 sys=0.00, real=0.00 secs] 
32.681: Total time for which application threads were stopped: 0.0049570 seconds, Stopping threads took: 0.0028220 seconds
32.720: Application time: 0.0389130 seconds
32.722: [GC [PSYoungGen: 49152K->6624K(49152K)] 86649K->44361K(160256K), 0.0021040 secs] [Times: user=0.02 sys=0.00, real=0.00 secs] 
32.724: Total time for which application threads were stopped: 0.0038490 seconds, Stopping threads took: 0.0016710 seconds
32.763: Application time: 0.0387830 seconds
32.764: [GC [PSYoungGen: 49120K->5280K(49152K)] 86857K->43017K(160256K), 0.0016500 secs] [Times: user=0.01 sys=0.00, real=0.00 secs] 
32.765: Total time for which application threads were stopped: 0.0026530 seconds, Stopping threads took: 0.0009150 seconds
32.805: Application time: 0.0395940 seconds
32.808: [GC [PSYoungGen: 47776K->5664K(49152K)] 85513K->43401K(160256K), 0.0018970 secs] [Times: user=0.01 sys=0.00, real=0.00 secs] 
32.810: Total time for which application threads were stopped: 0.0046630 seconds, Stopping threads took: 0.0026940 seconds
32.848: Application time: 0.0385120 seconds
32.850: [GC [PSYoungGen: 48160K->6512K(49152K)] 85897K->44257K(160256K), 0.0019240 secs] [Times: user=0.01 sys=0.00, real=0.00 secs] 
32.852: Total time for which application threads were stopped: 0.0035900 seconds, Stopping threads took: 0.0015910 seconds
32.891: Application time: 0.0391750 seconds
32.893: [GC [PSYoungGen: 49008K->6544K(49152K)] 86753K->44297K(160256K), 0.0019300 secs] [Times: user=0.02 sys=0.00, real=0.00 secs] 
32.895: Total time for which application threads were stopped: 0.0043620 seconds, Stopping threads took: 0.0023570 seconds
32.934: Application time: 0.0389500 seconds
32.937: [GC [PSYoungGen: 49040K->6624K(49152K)] 86793K->45041K(160256K), 0.0024340 secs] [Times: user=0.01 sys=0.00, real=0.01 secs] 
32.939: Total time for which application threads were stopped: 0.0050730 seconds, Stopping threads took: 0.0025320 seconds
32.979: Application time: 0.0395760 seconds
32.983: [GC [PSYoungGen: 49120K->5744K(49152K)] 87537K->44169K(160256K), 0.0017730 secs] [Times: user=0.01 sys=0.00, real=0.00 secs] 
32.984: Total time for which application threads were stopped: 0.0056230 seconds, Stopping threads took: 0.0037770 seconds
33.025: Application time: 0.0407540 seconds
33.027: [GC [PSYoungGen: 48240K->6176K(49152K)] 86665K->44609K(160256K), 0.0018670 secs] [Times: user=0.02 sys=0.00, real=0.00 secs] 
33.029: Total time for which application threads were stopped: 0.0033920 seconds, Stopping threads took: 0.0014520 seconds
33.069: Application time: 0.0401480 seconds
33.070: [GC [PSYoungGen: 48672K->6016K(49152K)] 87105K->44449K(160256K), 0.0017600 secs] [Times: user=0.02 sys=0.00, real=0.00 secs] 
33.072: Total time for which application threads were stopped: 0.0033430 seconds, Stopping threads took: 0.0015060 seconds
33.111: Application time: 0.0385950 seconds
33.113: [GC [PSYoungGen: 48512K->6624K(49152K)] 86945K->45201K(160256K), 0.0020020 secs] [Times: user=0.02 sys=0.00, real=0.00 secs] 
33.115: Total time for which application threads were stopped: 0.0047270 seconds, Stopping threads took: 0.0026430 seconds
33.157: Application time: 0.0417220 seconds
33.160: [GC [PSYoungGen: 49120K->6624K(49152K)] 87697K->45337K(160256K), 0.0018960 secs] [Times: user=0.01 sys=0.00, real=0.00 secs] 
33.162: Total time for which application threads were stopped: 0.0048770 seconds, Stopping threads took: 0.0029100 seconds
33.203: Application time: 0.0406790 seconds
33.204: [GC [PSYoungGen: 49120K->5872K(49152K)] 87833K->44585K(160256K), 0.0017810 secs] [Times: user=0.01 sys=0.00, real=0.00 secs] 
33.206: Total time for which application threads were stopped: 0.0033540 seconds, Stopping threads took: 0.0015060 seconds
33.248: Application time: 0.0414850 seconds
33.251: [GC [PSYoungGen: 48368K->5488K(49152K)] 87081K->44201K(160256K), 0.0016470 secs] [Times: user=0.01 sys=0.00, real=0.00 secs] 
33.252: Total time for which application threads were stopped: 0.0047300 seconds, Stopping threads took: 0.0030150 seconds
33.293: Application time: 0.0406970 seconds
33.295: [GC [PSYoungGen: 47984K->6624K(49152K)] 86697K->45377K(160256K), 0.0020250 secs] [Times: user=0.01 sys=0.00, real=0.00 secs] 
33.297: Total time for which application threads were stopped: 0.0039230 seconds, Stopping threads took: 0.0018180 seconds
33.335: Application time: 0.0384750 seconds
33.338: [GC [PSYoungGen: 49120K->6640K(49152K)] 87873K->46137K(160256K), 0.0023080 secs] [Times: user=0.02 sys=0.00, real=0.01 secs] 
33.340: Total time for which application threads were stopped: 0.0045560 seconds, Stopping threads took: 0.0021700 seconds
33.377: Application time: 0.0372870 seconds
33.379: [GC [PSYoungGen: 49136K->6384K(49152K)] 88633K->45889K(160256K), 0.0018370 secs] [Times: user=0.01 sys=0.00, real=0.00 secs] 
33.381: Total time for which application threads were stopped: 0.0033890 seconds, Stopping threads took: 0.0014730 seconds
33.418: Application time: 0.0375090 seconds
33.419: [GC [PSYoungGen: 48880K->5760K(49152K)] 88385K->45273K(160256K), 0.0017390 secs] [Times: user=0.01 sys=0.00, real=0.00 secs] 
33.421: Total time for which application threads were stopped: 0.0029260 seconds, Stopping threads took: 0.0011180 seconds
33.458: Application time: 0.0369540 seconds
33.461: [GC [PSYoungGen: 48256K->6640K(49152K)] 87769K->46457K(160256K), 0.0020130 secs] [Times: user=0.02 sys=0.00, real=0.00 secs] 
33.463: Total time for which application threads were stopped: 0.0045780 seconds, Stopping threads took: 0.0024790 seconds
33.502: Application time: 0.0395620 seconds
33.504: [GC [PSYoungGen: 49136K->6656K(49152K)] 88953K->46545K(160256K), 0.0019910 secs] [Times: user=0.02 sys=0.00, real=0.00 secs] 
33.506: Total time for which application threads were stopped: 0.0040010 seconds, Stopping threads took: 0.0019140 seconds
33.545: Application time: 0.0383540 seconds
33.547: [GC [PSYoungGen: 49152K->6624K(49152K)] 89041K->46553K(160256K), 0.0020070 secs] [Times: user=0.01 sys=0.00, real=0.00 secs] 
33.549: Total time for which application threads were stopped: 0.0046130 seconds, Stopping threads took: 0.0025270 seconds
33.587: Application time: 0.0380300 seconds
33.590: [GC [PSYoungGen: 49120K->6640K(49152K)] 89049K->47453K(160256K), 0.0022410 secs] [Times: user=0.01 sys=0.00, real=0.00 secs] 
33.592: Total time for which application threads were stopped: 0.0051970 seconds, Stopping threads took: 0.0028750 seconds
33.631: Application time: 0.0383600 seconds
33.633: [GC [PSYoungGen: 49136K->6624K(49152K)] 89949K->48245K(160256K), 0.0022190 secs] [Times: user=0.01 sys=0.01, real=0.00 secs] 
33.635: Total time for which application threads were stopped: 0.0040640 seconds, Stopping threads took: 0.0017600 seconds
33.674: Application time: 0.0393540 seconds
33.676: [GC [PSYoungGen: 49120K->6016K(49152K)] 90741K->47637K(160256K), 0.0018480 secs] [Times: user=0.01 sys=0.00, real=0.00 secs] 
33.678: Total time for which application threads were stopped: 0.0039200 seconds, Stopping threads took: 0.0019810 seconds
33.719: Application time: 0.0408330 seconds
33.720: [GC [PSYoungGen: 48512K->5952K(49152K)] 90133K->47573K(160256K), 0.0017900 secs] [Times: user=0.01 sys=0.00, real=0.00 secs] 
33.722: Total time for which application threads were stopped: 0.0032550 seconds, Stopping threads took: 0.0013960 seconds
33.762: Application time: 0.0401790 seconds
33.764: [GC [PSYoungGen: 48448K->5888K(49152K)] 90069K->47509K(160256K), 0.0017120 secs] [Times: user=0.01 sys=0.00, real=0.00 secs] 
33.766: Total time for which application threads were stopped: 0.0036040 seconds, Stopping threads took: 0.0018190 seconds
33.804: Application time: 0.0380600 seconds
33.805: [GC [PSYoungGen: 48383K->6096K(49152K)] 90004K->47717K(160256K), 0.0018710 secs] [Times: user=0.01 sys=0.00, real=0.01 secs] 
33.807: Total time for which application threads were stopped: 0.0033490 seconds, Stopping threads took: 0.0014060 seconds
33.847: Application time: 0.0393100 seconds
33.850: [GC [PSYoungGen: 48592K->5984K(49152K)] 90213K->47605K(160256K), 0.0020670 secs] [Times: user=0.02 sys=0.00, real=0.00 secs] 
33.852: Total time for which application threads were stopped: 0.0049030 seconds, Stopping threads took: 0.0027230 seconds
33.892: Application time: 0.0400800 seconds
33.893: [GC [PSYoungGen: 48480K->6560K(49152K)] 90101K->48181K(160256K), 0.0021140 secs] [Times: user=0.01 sys=0.00, real=0.00 secs] 
33.895: Total time for which application threads were stopped: 0.0033270 seconds, Stopping threads took: 0.0011370 seconds
33.932: Application time: 0.0374070 seconds
33.935: [GC [PSYoungGen: 49056K->6304K(49152K)] 90677K->47933K(160256K), 0.0019690 secs] [Times: user=0.01 sys=0.00, real=0.00 secs] 
33.937: Total time for which application threads were stopped: 0.0043500 seconds, Stopping threads took: 0.0023010 seconds
33.977: Application time: 0.0401280 seconds
33.978: [GC [PSYoungGen: 48800K->4160K(49152K)] 90429K->45789K(160256K), 0.0013970 secs] [Times: user=0.01 sys=0.00, real=0.01 secs] 
33.980: Total time for which application threads were stopped: 0.0027190 seconds, Stopping threads took: 0.0012450 seconds
34.017: Application time: 0.0373800 seconds
34.020: [GC [PSYoungGen: 46656K->6608K(49152K)] 88285K->48245K(160256K), 0.0018800 secs] [Times: user=0.01 sys=0.00, real=0.00 secs] 
34.022: Total time for which application threads were stopped: 0.0045120 seconds, Stopping threads took: 0.0025560 seconds
34.060: Application time: 0.0387240 seconds
34.062: [GC [PSYoungGen: 49104K->6640K(49152K)] 90741K->49109K(160256K), 0.0022550 secs] [Times: user=0.02 sys=0.00, real=0.00 secs] 
34.064: Total time for which application threads were stopped: 0.0041270 seconds, Stopping threads took: 0.0017900 seconds
34.101: Application time: 0.0368550 seconds
34.104: [GC [PSYoungGen: 49136K->6384K(49152K)] 91605K->48861K(160256K), 0.0019170 secs] [Times: user=0.01 sys=0.01, real=0.00 secs] 
34.106: Total time for which application threads were stopped: 0.0045700 seconds, Stopping threads took: 0.0025790 seconds
34.143: Application time: 0.0371460 seconds
34.145: [GC [PSYoungGen: 48880K->6640K(49152K)] 91357K->49333K(160256K), 0.0021410 secs] [Times: user=0.02 sys=0.00, real=0.01 secs] 
34.147: Total time for which application threads were stopped: 0.0041890 seconds, Stopping threads took: 0.0019660 seconds
34.185: Application time: 0.0374090 seconds
34.188: [GC [PSYoungGen: 49136K->6656K(49152K)] 91829K->50829K(160256K), 0.0024160 secs] [Times: user=0.02 sys=0.00, real=0.00 secs] 
34.190: Total time for which application threads were stopped: 0.0055740 seconds, Stopping threads took: 0.0030750 seconds
34.227: Application time: 0.0364100 seconds
34.228: [GC [PSYoungGen: 49152K->6656K(49152K)] 93325K->52165K(160256K), 0.0023820 secs] [Times: user=0.01 sys=0.00, real=0.00 secs] 
34.231: Total time for which application threads were stopped: 0.0041050 seconds, Stopping threads took: 0.0016410 seconds
34.269: Application time: 0.0387650 seconds
34.272: [GC [PSYoungGen: 49152K->6624K(49152K)] 94661K->52417K(160256K), 0.0020930 secs] [Times: user=0.02 sys=0.00, real=0.00 secs] 
34.274: Total time for which application threads were stopped: 0.0045140 seconds, Stopping threads took: 0.0023440 seconds
34.313: Application time: 0.0392060 seconds
34.315: [GC [PSYoungGen: 49120K->6624K(49152K)] 94913K->52913K(160256K), 0.0020250 secs] [Times: user=0.01 sys=0.00, real=0.00 secs] 
34.317: Total time for which application threads were stopped: 0.0035280 seconds, Stopping threads took: 0.0014330 seconds
34.355: Application time: 0.0380130 seconds
34.357: [GC [PSYoungGen: 49120K->6640K(49152K)] 95409K->53305K(160256K), 0.0020000 secs] [Times: user=0.02 sys=0.00, real=0.01 secs] 
34.359: Total time for which application threads were stopped: 0.0042430 seconds, Stopping threads took: 0.0021620 seconds
34.396: Application time: 0.0367800 seconds
34.398: [GC [PSYoungGen: 49136K->6624K(49152K)] 95801K->54209K(160256K), 0.0021900 secs] [Times: user=0.02 sys=0.00, real=0.01 secs] 
34.400: Total time for which application threads were stopped: 0.0041220 seconds, Stopping threads took: 0.0018530 seconds
34.439: Application time: 0.0388300 seconds
34.440: [GC [PSYoungGen: 49120K->6624K(49152K)] 96705K->54513K(160256K), 0.0021330 secs] [Times: user=0.01 sys=0.00, real=0.00 secs] 
34.442: Total time for which application threads were stopped: 0.0031620 seconds, Stopping threads took: 0.0009530 seconds
34.480: Application time: 0.0385180 seconds
34.483: [GC [PSYoungGen: 49120K->6624K(49152K)] 97009K->56109K(160256K), 0.0024520 secs] [Times: user=0.01 sys=0.00, real=0.00 secs] 
34.485: Total time for which application threads were stopped: 0.0046420 seconds, Stopping threads took: 0.0020970 seconds
34.525: Application time: 0.0397880 seconds
34.527: [GC [PSYoungGen: 49120K->6640K(49152K)] 98605K->56149K(160256K), 0.0019940 secs] [Times: user=0.01 sys=0.00, real=0.00 secs] 
34.529: Total time for which application threads were stopped: 0.0044750 seconds, Stopping threads took: 0.0023980 seconds
34.568: Application time: 0.0389170 seconds
34.569: [GC [PSYoungGen: 49136K->6624K(49152K)] 98645K->56141K(160256K), 0.0019480 secs] [Times: user=0.02 sys=0.00, real=0.00 secs] 
34.571: Total time for which application threads were stopped: 0.0030910 seconds, Stopping threads took: 0.0010690 seconds
34.610: Application time: 0.0386360 seconds
34.612: [GC [PSYoungGen: 49120K->6624K(49152K)] 98637K->56349K(160256K), 0.0019980 secs] [Times: user=0.01 sys=0.00, real=0.00 secs] 
34.614: Total time for which application threads were stopped: 0.0045090 seconds, Stopping threads took: 0.0024300 seconds
34.652: Application time: 0.0379160 seconds
34.655: [GC [PSYoungGen: 49120K->6640K(49152K)] 98845K->56477K(160256K), 0.0020030 secs] [Times: user=0.01 sys=0.00, real=0.00 secs] 
34.657: Total time for which application threads were stopped: 0.0044330 seconds, Stopping threads took: 0.0023540 seconds
34.695: Application time: 0.0379380 seconds
34.696: [GC [PSYoungGen: 49136K->6656K(49152K)] 98973K->56565K(160256K), 0.0021010 secs] [Times: user=0.01 sys=0.00, real=0.00 secs] 
34.698: Total time for which application threads were stopped: 0.0032910 seconds, Stopping threads took: 0.0011110 seconds
34.736: Application time: 0.0381990 seconds
34.738: [GC [PSYoungGen: 49152K->5312K(49152K)] 99061K->55221K(160256K), 0.0017470 secs] [Times: user=0.01 sys=0.00, real=0.01 secs] 
34.739: Total time for which application threads were stopped: 0.0031830 seconds, Stopping threads took: 0.0013610 seconds
34.780: Application time: 0.0401900 seconds
34.781: [GC [PSYoungGen: 47808K->5808K(49152K)] 97717K->55717K(160256K), 0.0016830 secs] [Times: user=0.01 sys=0.01, real=0.00 secs] 
34.783: Total time for which application threads were stopped: 0.0031600 seconds, Stopping threads took: 0.0014030 seconds
34.824: Application time: 0.0410400 seconds
34.828: [GC [PSYoungGen: 48304K->5424K(49152K)] 98213K->55333K(160256K), 0.0017630 secs] [Times: user=0.01 sys=0.00, real=0.00 secs] 
34.829: Total time for which application threads were stopped: 0.0055240 seconds, Stopping threads took: 0.0036840 seconds
34.867: Application time: 0.0379080 seconds
34.869: [GC [PSYoungGen: 47920K->6624K(49152K)] 97829K->56605K(160256K), 0.0020650 secs] [Times: user=0.01 sys=0.00, real=0.00 secs] 
34.871: Total time for which application threads were stopped: 0.0037080 seconds, Stopping threads took: 0.0015650 seconds
34.910: Application time: 0.0393800 seconds
34.913: [GC [PSYoungGen: 49120K->6656K(49152K)] 99101K->57437K(160256K), 0.0021500 secs] [Times: user=0.02 sys=0.00, real=0.00 secs] 
34.915: Total time for which application threads were stopped: 0.0047900 seconds, Stopping threads took: 0.0025590 seconds
34.953: Application time: 0.0378260 seconds
34.955: [GC [PSYoungGen: 49152K->6608K(49152K)] 99933K->57397K(160256K), 0.0019330 secs] [Times: user=0.01 sys=0.00, real=0.00 secs] 
34.957: Total time for which application threads were stopped: 0.0039310 seconds, Stopping threads took: 0.0019210 seconds
34.996: Application time: 0.0389440 seconds
34.997: [GC [PSYoungGen: 49104K->5376K(49152K)] 99893K->56173K(160256K), 0.0015990 secs] [Times: user=0.02 sys=0.00, real=0.00 secs] 
34.998: Total time for which application threads were stopped: 0.0024030 seconds, Stopping threads took: 0.0007130 seconds
35.039: Application time: 0.0403860 seconds
35.040: [GC [PSYoungGen: 47872K->5312K(49152K)] 98669K->56109K(160256K), 0.0016140 secs] [Times: user=0.01 sys=0.00, real=0.00 secs] 
35.042: Total time for which application threads were stopped: 0.0030840 seconds, Stopping threads took: 0.0013940 seconds
35.082: Application time: 0.0402680 seconds
35.083: [GC [PSYoungGen: 47808K->6272K(49152K)] 98605K->57077K(160256K), 0.0018670 secs] [Times: user=0.01 sys=0.00, real=0.00 secs] 
35.085: Total time for which application threads were stopped: 0.0033840 seconds, Stopping threads took: 0.0014390 seconds
35.128: Application time: 0.0424190 seconds
35.130: [GC [PSYoungGen: 48768K->6064K(49152K)] 99573K->56877K(160256K), 0.0018930 secs] [Times: user=0.01 sys=0.00, real=0.00 secs] 
35.132: Total time for which application threads were stopped: 0.0036890 seconds, Stopping threads took: 0.0017220 seconds
35.172: Application time: 0.0402970 seconds
35.174: [GC [PSYoungGen: 48560K->6656K(49152K)] 99373K->58173K(160256K), 0.0021600 secs] [Times: user=0.02 sys=0.00, real=0.00 secs] 
35.176: Total time for which application threads were stopped: 0.0046750 seconds, Stopping threads took: 0.0024310 seconds
35.220: Application time: 0.0436690 seconds
35.223: [GC [PSYoungGen: 49152K->4528K(49152K)] 100669K->56045K(160256K), 0.0014440 secs] [Times: user=0.01 sys=0.00, real=0.00 secs] 
35.224: Total time for which application threads were stopped: 0.0038970 seconds, Stopping threads took: 0.0023860 seconds
35.264: Application time: 0.0403850 seconds
35.266: [GC [PSYoungGen: 47024K->6032K(49152K)] 98541K->57549K(160256K), 0.0017540 secs] [Times: user=0.01 sys=0.00, real=0.01 secs] 
35.268: Total time for which application threads were stopped: 0.0036060 seconds, Stopping threads took: 0.0017820 seconds
35.309: Application time: 0.0408860 seconds
35.312: [GC [PSYoungGen: 48528K->6384K(49152K)] 100045K->57901K(160256K), 0.0018840 secs] [Times: user=0.01 sys=0.00, real=0.00 secs] 
35.314: Total time for which application threads were stopped: 0.0046550 seconds, Stopping threads took: 0.0026910 seconds
35.353: Application time: 0.0393280 seconds
35.356: [GC [PSYoungGen: 48880K->5760K(49152K)] 100397K->57277K(160256K), 0.0017630 secs] [Times: user=0.01 sys=0.00, real=0.00 secs] 
35.358: Total time for which application threads were stopped: 0.0047060 seconds, Stopping threads took: 0.0028670 seconds
35.397: Application time: 0.0389280 seconds
35.400: [GC [PSYoungGen: 48256K->6624K(49152K)] 99773K->59077K(160256K), 0.0022690 secs] [Times: user=0.01 sys=0.00, real=0.00 secs] 
35.402: Total time for which application threads were stopped: 0.0053420 seconds, Stopping threads took: 0.0029900 seconds
35.442: Application time: 0.0396390 seconds
35.443: [GC [PSYoungGen: 49119K->6384K(49152K)] 101572K->58837K(160256K), 0.0019080 secs] [Times: user=0.01 sys=0.00, real=0.00 secs] 
35.445: Total time for which application threads were stopped: 0.0037080 seconds, Stopping threads took: 0.0017190 seconds
35.485: Application time: 0.0400040 seconds
35.486: [GC [PSYoungGen: 48880K->6640K(49152K)] 101333K->59677K(160256K), 0.0022060 secs] [Times: user=0.02 sys=0.00, real=0.01 secs] 
35.488: Total time for which application threads were stopped: 0.0031640 seconds, Stopping threads took: 0.0008780 seconds
35.528: Application time: 0.0396030 seconds
35.530: [GC [PSYoungGen: 49136K->6624K(49152K)] 102173K->60697K(160256K), 0.0025400 secs] [Times: user=0.02 sys=0.00, real=0.00 secs] 
35.533: Total time for which application threads were stopped: 0.0048620 seconds, Stopping threads took: 0.0022270 seconds
35.574: Application time: 0.0410940 seconds
35.577: [GC [PSYoungGen: 49120K->6624K(49152K)] 103193K->60961K(160256K), 0.0021160 secs] [Times: user=0.01 sys=0.00, real=0.01 secs] 
35.579: Total time for which application threads were stopped: 0.0049430 seconds, Stopping threads took: 0.0027510 seconds
35.619: Application time: 0.0397250 seconds
35.621: [GC [PSYoungGen: 49120K->6656K(49152K)] 103457K->61625K(160256K), 0.0020660 secs] [Times: user=0.02 sys=0.00, real=0.00 secs] 
35.623: Total time for which application threads were stopped: 0.0046740 seconds, Stopping threads took: 0.0025350 seconds
35.663: Application time: 0.0395640 seconds
35.665: [GC [PSYoungGen: 49152K->6656K(49152K)] 104121K->62593K(160256K), 0.0022290 secs] [Times: user=0.02 sys=0.00, real=0.01 secs] 
35.667: Total time for which application threads were stopped: 0.0039980 seconds, Stopping threads took: 0.0016850 seconds
35.709: Application time: 0.0424510 seconds
35.717: [GC [PSYoungGen: 49152K->6496K(49152K)] 105089K->62433K(160256K), 0.0019000 secs] [Times: user=0.02 sys=0.00, real=0.01 secs] 
35.719: Total time for which application threads were stopped: 0.0099980 seconds, Stopping threads took: 0.0080200 seconds
35.764: Application time: 0.0447470 seconds
35.766: [GC [PSYoungGen: 48992K->4384K(49152K)] 104929K->60330K(160256K), 0.0014630 secs] [Times: user=0.01 sys=0.00, real=0.01 secs] 
35.767: Total time for which application threads were stopped: 0.0032520 seconds, Stopping threads took: 0.0017210 seconds
35.808: Application time: 0.0403780 seconds
35.811: [GC [PSYoungGen: 46880K->6656K(49152K)] 102826K->63041K(160256K), 0.0021400 secs] [Times: user=0.01 sys=0.00, real=0.00 secs] 
35.813: Total time for which application threads were stopped: 0.0052040 seconds, Stopping threads took: 0.0029850 seconds
35.854: Application time: 0.0406680 seconds
35.856: [GC [PSYoungGen: 49152K->6656K(49152K)] 105537K->63049K(160256K), 0.0020740 secs] [Times: user=0.02 sys=0.00, real=0.00 secs] 
35.858: Total time for which application threads were stopped: 0.0045370 seconds, Stopping threads took: 0.0023840 seconds
35.899: Application time: 0.0408280 seconds
35.902: [GC [PSYoungGen: 49152K->5456K(49152K)] 105545K->61850K(160256K), 0.0016360 secs] [Times: user=0.02 sys=0.00, real=0.00 secs] 
35.904: Total time for which application threads were stopped: 0.0047220 seconds, Stopping threads took: 0.0030100 seconds
35.945: Application time: 0.0414210 seconds
35.947: [GC [PSYoungGen: 47952K->5376K(49152K)] 104346K->61769K(160256K), 0.0016740 secs] [Times: user=0.01 sys=0.00, real=0.01 secs] 
35.948: Total time for which application threads were stopped: 0.0030730 seconds, Stopping threads took: 0.0013250 seconds
35.989: Application time: 0.0409950 seconds
35.991: [GC [PSYoungGen: 47872K->6624K(49152K)] 104265K->63618K(160256K), 0.0023240 secs] [Times: user=0.01 sys=0.00, real=0.00 secs] 
35.993: Total time for which application threads were stopped: 0.0042430 seconds, Stopping threads took: 0.0018180 seconds
36.035: Application time: 0.0415450 seconds
36.037: [GC [PSYoungGen: 49120K->5984K(49152K)] 106114K->62986K(160256K), 0.0021010 secs] [Times: user=0.02 sys=0.00, real=0.01 secs] 
36.040: Total time for which application threads were stopped: 0.0045410 seconds, Stopping threads took: 0.0023500 seconds
36.083: Application time: 0.0430000 seconds
36.086: [GC [PSYoungGen: 48480K->5696K(49152K)] 105482K->62706K(160256K), 0.0016890 secs] [Times: user=0.01 sys=0.00, real=0.01 secs] 
36.087: Total time for which application threads were stopped: 0.0048470 seconds, Stopping threads took: 0.0030820 seconds
36.128: Application time: 0.0410450 seconds
36.130: [GC [PSYoungGen: 48192K->6656K(49152K)] 105202K->63953K(160256K), 0.0020260 secs] [Times: user=0.01 sys=0.00, real=0.00 secs] 
36.132: Total time for which application threads were stopped: 0.0038270 seconds, Stopping threads took: 0.0017200 seconds
36.173: Application time: 0.0410450 seconds
36.176: [GC [PSYoungGen: 49152K->6640K(49152K)] 106449K->64026K(160256K), 0.0020040 secs] [Times: user=0.01 sys=0.00, real=0.00 secs] 
36.178: Total time for which application threads were stopped: 0.0044120 seconds, Stopping threads took: 0.0023350 seconds
36.222: Application time: 0.0439550 seconds
36.224: [GC [PSYoungGen: 49136K->6448K(49152K)] 106522K->63842K(160256K), 0.0019280 secs] [Times: user=0.01 sys=0.00, real=0.00 secs] 
36.226: Total time for which application threads were stopped: 0.0043810 seconds, Stopping threads took: 0.0023820 seconds
36.268: Application time: 0.0421300 seconds
36.270: [GC [PSYoungGen: 48944K->6624K(49152K)] 106338K->64642K(160256K), 0.0022750 secs] [Times: user=0.02 sys=0.00, real=0.00 secs] 
36.273: Total time for which application threads were stopped: 0.0044110 seconds, Stopping threads took: 0.0020540 seconds
36.313: Application time: 0.0407950 seconds
36.315: [GC [PSYoungGen: 49120K->6624K(49152K)] 107138K->64682K(160256K), 0.0020130 secs] [Times: user=0.01 sys=0.00, real=0.00 secs] 
36.317: Total time for which application threads were stopped: 0.0036300 seconds, Stopping threads took: 0.0015310 seconds
36.358: Application time: 0.0410440 seconds
36.360: [GC [PSYoungGen: 49120K->6640K(49152K)] 107178K->65402K(160256K), 0.0021330 secs] [Times: user=0.01 sys=0.00, real=0.00 secs] 
36.362: Total time for which application threads were stopped: 0.0039900 seconds, Stopping threads took: 0.0017730 seconds
36.403: Application time: 0.0404170 seconds
36.404: [GC [PSYoungGen: 49136K->6656K(49152K)] 107898K->66978K(160256K), 0.0025230 secs] [Times: user=0.02 sys=0.01, real=0.01 secs] 
36.407: Total time for which application threads were stopped: 0.0043670 seconds, Stopping threads took: 0.0017630 seconds
36.449: Application time: 0.0423740 seconds
36.451: [GC [PSYoungGen: 49150K->6656K(49152K)] 109472K->67090K(160256K), 0.0020070 secs] [Times: user=0.01 sys=0.00, real=0.00 secs] 
36.453: Total time for which application threads were stopped: 0.0040840 seconds, Stopping threads took: 0.0019950 seconds
36.494: Application time: 0.0406010 seconds
36.496: [GC [PSYoungGen: 49152K->6624K(49152K)] 109586K->67922K(160256K), 0.0025700 secs] [Times: user=0.02 sys=0.00, real=0.00 secs] 
36.498: Total time for which application threads were stopped: 0.0044380 seconds, Stopping threads took: 0.0017850 seconds
36.541: Application time: 0.0424950 seconds
36.542: [GC [PSYoungGen: 49120K->5312K(49152K)] 110418K->66610K(160256K), 0.0016540 secs] [Times: user=0.01 sys=0.00, real=0.00 secs] 
36.544: Total time for which application threads were stopped: 0.0029920 seconds, Stopping threads took: 0.0012580 seconds
36.588: Application time: 0.0437210 seconds
36.589: [GC [PSYoungGen: 47807K->5696K(49152K)] 109105K->67002K(160256K), 0.0017470 secs] [Times: user=0.01 sys=0.00, real=0.00 secs] 
36.591: Total time for which application threads were stopped: 0.0036000 seconds, Stopping threads took: 0.0017740 seconds
36.633: Application time: 0.0420290 seconds
36.636: [GC [PSYoungGen: 48192K->6592K(49152K)] 109498K->67906K(160256K), 0.0020000 secs] [Times: user=0.01 sys=0.00, real=0.00 secs] 
36.638: Total time for which application threads were stopped: 0.0050010 seconds, Stopping threads took: 0.0029180 seconds
36.678: Application time: 0.0399440 seconds
36.681: [GC [PSYoungGen: 49088K->6640K(49152K)] 110402K->69130K(160256K), 0.0023850 secs] [Times: user=0.02 sys=0.00, real=0.00 secs] 
36.683: Total time for which application threads were stopped: 0.0050580 seconds, Stopping threads took: 0.0025900 seconds
36.723: Application time: 0.0393200 seconds
36.724: [GC [PSYoungGen: 49136K->6640K(49152K)] 111626K->69530K(160256K), 0.0021360 secs] [Times: user=0.01 sys=0.00, real=0.00 secs] 
36.726: Total time for which application threads were stopped: 0.0037160 seconds, Stopping threads took: 0.0015020 seconds
36.768: Application time: 0.0414920 seconds
36.769: [GC [PSYoungGen: 49136K->5968K(49152K)] 112026K->68866K(160256K), 0.0018050 secs] [Times: user=0.02 sys=0.00, real=0.00 secs] 
36.771: Total time for which application threads were stopped: 0.0035160 seconds, Stopping threads took: 0.0016380 seconds
36.813: Application time: 0.0420930 seconds
36.816: [GC [PSYoungGen: 48464K->5840K(49152K)] 111362K->68746K(160256K), 0.0018310 secs] [Times: user=0.01 sys=0.00, real=0.00 secs] 
36.817: Total time for which application threads were stopped: 0.0040920 seconds, Stopping threads took: 0.0021620 seconds
36.859: Application time: 0.0417310 seconds
36.861: [GC [PSYoungGen: 48336K->5712K(49152K)] 111242K->68626K(160256K), 0.0017800 secs] [Times: user=0.01 sys=0.00, real=0.00 secs] 
36.863: Total time for which application threads were stopped: 0.0038280 seconds, Stopping threads took: 0.0019770 seconds
36.906: Application time: 0.0428520 seconds
36.909: [GC [PSYoungGen: 48208K->6640K(49152K)] 111122K->70130K(160256K), 0.0020770 secs] [Times: user=0.01 sys=0.00, real=0.00 secs] 
36.911: Total time for which application threads were stopped: 0.0050060 seconds, Stopping threads took: 0.0028560 seconds
36.956: Application time: 0.0449600 seconds
36.959: [GC [PSYoungGen: 49135K->5792K(49152K)] 112626K->69282K(160256K), 0.0017950 secs] [Times: user=0.01 sys=0.00, real=0.00 secs] 
36.960: Total time for which application threads were stopped: 0.0044980 seconds, Stopping threads took: 0.0026220 seconds
37.004: Application time: 0.0438470 seconds
37.006: [GC [PSYoungGen: 48288K->6016K(49152K)] 111778K->69506K(160256K), 0.0017720 secs] [Times: user=0.01 sys=0.00, real=0.01 secs] 
37.008: Total time for which application threads were stopped: 0.0038530 seconds, Stopping threads took: 0.0020070 seconds
37.051: Application time: 0.0427500 seconds
37.054: [GC [PSYoungGen: 48512K->6656K(49152K)] 112002K->70474K(160256K), 0.0020720 secs] [Times: user=0.01 sys=0.00, real=0.00 secs] 
37.056: Total time for which application threads were stopped: 0.0051990 seconds, Stopping threads took: 0.0030430 seconds
37.098: Application time: 0.0424010 seconds
37.100: [GC [PSYoungGen: 49152K->5552K(49152K)] 112970K->69370K(160256K), 0.0016810 secs] [Times: user=0.01 sys=0.00, real=0.00 secs] 
37.102: Total time for which application threads were stopped: 0.0035310 seconds, Stopping threads took: 0.0017720 seconds
37.144: Application time: 0.0416630 seconds
37.146: [GC [PSYoungGen: 48048K->6016K(49152K)] 111866K->69842K(160256K), 0.0018230 secs] [Times: user=0.01 sys=0.00, real=0.01 secs] 
37.148: Total time for which application threads were stopped: 0.0041580 seconds, Stopping threads took: 0.0022590 seconds
37.187: Application time: 0.0391590 seconds
37.189: [GC [PSYoungGen: 48512K->6368K(49152K)] 112338K->70210K(160256K), 0.0019910 secs] [Times: user=0.01 sys=0.00, real=0.00 secs] 
37.191: Total time for which application threads were stopped: 0.0043870 seconds, Stopping threads took: 0.0023160 seconds
37.230: Application time: 0.0390520 seconds
37.232: [GC [PSYoungGen: 48864K->6592K(49152K)] 112706K->70442K(160256K), 0.0019590 secs] [Times: user=0.01 sys=0.00, real=0.00 secs] 
37.234: Total time for which application threads were stopped: 0.0039750 seconds, Stopping threads took: 0.0019360 seconds
37.274: Application time: 0.0400510 seconds
37.276: [GC [PSYoungGen: 49088K->6640K(49152K)] 112938K->71578K(160256K), 0.0023150 secs] [Times: user=0.02 sys=0.00, real=0.00 secs] 
37.279: Total time for which application threads were stopped: 0.0040850 seconds, Stopping threads took: 0.0016880 seconds
37.318: Application time: 0.0398360 seconds
37.321: [GC [PSYoungGen: 49136K->6544K(49152K)] 114074K->71498K(160256K), 0.0019880 secs] [Times: user=0.01 sys=0.00, real=0.00 secs] 
37.323: Total time for which application threads were stopped: 0.0042510 seconds, Stopping threads took: 0.0021790 seconds
37.365: Application time: 0.0419170 seconds
37.367: [GC [PSYoungGen: 49040K->6528K(49152K)] 113994K->71490K(160256K), 0.0019910 secs] [Times: user=0.01 sys=0.00, real=0.00 secs] 
37.369: Total time for which application threads were stopped: 0.0042880 seconds, Stopping threads took: 0.0022190 seconds
37.411: Application time: 0.0421570 seconds
37.413: [GC [PSYoungGen: 49024K->5952K(49152K)] 113986K->70922K(160256K), 0.0018660 secs] [Times: user=0.01 sys=0.00, real=0.00 secs] 
37.415: Total time for which application threads were stopped: 0.0038340 seconds, Stopping threads took: 0.0018880 seconds
37.457: Application time: 0.0423570 seconds
37.460: [GC [PSYoungGen: 48448K->5504K(49152K)] 113418K->70474K(160256K), 0.0017080 secs] [Times: user=0.01 sys=0.00, real=0.00 secs] 
37.462: Total time for which application threads were stopped: 0.0043590 seconds, Stopping threads took: 0.0025730 seconds
37.502: Application time: 0.0408400 seconds
37.506: [GC [PSYoungGen: 48000K->6656K(49152K)] 112970K->71906K(160256K), 0.0023910 secs] [Times: user=0.01 sys=0.00, real=0.01 secs] 
37.508: Total time for which application threads were stopped: 0.0056110 seconds, Stopping threads took: 0.0031180 seconds
37.548: Application time: 0.0403300 seconds
37.551: [GC [PSYoungGen: 49152K->6416K(49152K)] 114402K->71666K(160256K), 0.0019610 secs] [Times: user=0.01 sys=0.00, real=0.00 secs] 
37.553: Total time for which application threads were stopped: 0.0044020 seconds, Stopping threads took: 0.0023370 seconds
37.595: Application time: 0.0420950 seconds
37.596: [GC [PSYoungGen: 48912K->6656K(49152K)] 114162K->71946K(160256K), 0.0020350 secs] [Times: user=0.02 sys=0.00, real=0.00 secs] 
37.599: Total time for which application threads were stopped: 0.0037130 seconds, Stopping threads took: 0.0015810 seconds
37.640: Application time: 0.0412120 seconds
37.642: [GC [PSYoungGen: 49152K->6640K(49152K)] 114442K->73214K(160256K), 0.0022750 secs] [Times: user=0.01 sys=0.00, real=0.00 secs] 
37.645: Total time for which application threads were stopped: 0.0049290 seconds, Stopping threads took: 0.0025740 seconds
37.687: Application time: 0.0427780 seconds
37.690: [GC [PSYoungGen: 49136K->6624K(49152K)] 115710K->73294K(160256K), 0.0019780 secs] [Times: user=0.01 sys=0.00, real=0.00 secs] 
37.692: Total time for which application threads were stopped: 0.0048500 seconds, Stopping threads took: 0.0027940 seconds
37.733: Application time: 0.0409910 seconds
37.736: [GC [PSYoungGen: 49120K->6656K(49152K)] 115790K->74210K(160256K), 0.0025460 secs] [Times: user=0.02 sys=0.01, real=0.00 secs] 
37.738: Total time for which application threads were stopped: 0.0050410 seconds, Stopping threads took: 0.0023870 seconds
37.778: Application time: 0.0400450 seconds
37.781: [GC [PSYoungGen: 49152K->6464K(49152K)] 116706K->74026K(160256K), 0.0021880 secs] [Times: user=0.02 sys=0.00, real=0.00 secs] 
37.784: Total time for which application threads were stopped: 0.0051300 seconds, Stopping threads took: 0.0028460 seconds
37.823: Application time: 0.0395780 seconds
37.825: [GC [PSYoungGen: 48960K->6208K(49152K)] 116522K->73770K(160256K), 0.0022130 secs] [Times: user=0.02 sys=0.00, real=0.01 secs] 
37.827: Total time for which application threads were stopped: 0.0043460 seconds, Stopping threads took: 0.0020300 seconds
37.868: Application time: 0.0408580 seconds
37.870: [GC [PSYoungGen: 48704K->6096K(49152K)] 116266K->73666K(160256K), 0.0020440 secs] [Times: user=0.01 sys=0.00, real=0.00 secs] 
37.872: Total time for which application threads were stopped: 0.0039960 seconds, Stopping threads took: 0.0018660 seconds
37.914: Application time: 0.0420340 seconds
37.917: [GC [PSYoungGen: 48592K->6640K(49152K)] 116162K->75450K(160256K), 0.0024120 secs] [Times: user=0.02 sys=0.00, real=0.01 secs] 
37.919: Total time for which application threads were stopped: 0.0047710 seconds, Stopping threads took: 0.0022800 seconds
37.962: Application time: 0.0423880 seconds
37.964: [GC [PSYoungGen: 49136K->6352K(49152K)] 117946K->75170K(160256K), 0.0019210 secs] [Times: user=0.01 sys=0.00, real=0.00 secs] 
37.966: Total time for which application threads were stopped: 0.0045730 seconds, Stopping threads took: 0.0025790 seconds
38.007: Application time: 0.0407380 seconds
38.010: [GC [PSYoungGen: 48848K->6624K(49152K)] 117666K->75514K(160256K), 0.0020490 secs] [Times: user=0.01 sys=0.00, real=0.00 secs] 
38.012: Total time for which application threads were stopped: 0.0051960 seconds, Stopping threads took: 0.0030680 seconds
38.052: Application time: 0.0399350 seconds
38.055: [GC [PSYoungGen: 49120K->6640K(49152K)] 118010K->76434K(160256K), 0.0023690 secs] [Times: user=0.02 sys=0.00, real=0.00 secs] 
38.057: Total time for which application threads were stopped: 0.0055050 seconds, Stopping threads took: 0.0030480 seconds
38.099: Application time: 0.0414450 seconds
38.101: [GC [PSYoungGen: 49136K->5488K(49152K)] 118930K->75282K(160256K), 0.0016890 secs] [Times: user=0.01 sys=0.00, real=0.00 secs] 
38.103: Total time for which application threads were stopped: 0.0037690 seconds, Stopping threads took: 0.0019870 seconds
38.143: Application time: 0.0405990 seconds
38.146: [GC [PSYoungGen: 47984K->6640K(49152K)] 117778K->76522K(160256K), 0.0020180 secs] [Times: user=0.01 sys=0.00, real=0.01 secs] 
38.148: Total time for which application threads were stopped: 0.0047040 seconds, Stopping threads took: 0.0026050 seconds
38.187: Application time: 0.0392180 seconds
38.189: [GC [PSYoungGen: 49136K->6640K(49152K)] 119018K->77018K(160256K), 0.0021080 secs] [Times: user=0.01 sys=0.00, real=0.00 secs] 
38.191: Total time for which application threads were stopped: 0.0036340 seconds, Stopping threads took: 0.0014470 seconds
38.232: Application time: 0.0407150 seconds
38.233: [GC [PSYoungGen: 49136K->6640K(49152K)] 119514K->77258K(160256K), 0.0021060 secs] [Times: user=0.02 sys=0.00, real=0.00 secs] 
38.235: Total time for which application threads were stopped: 0.0037540 seconds, Stopping threads took: 0.0015640 seconds
38.277: Application time: 0.0417320 seconds
38.279: [GC [PSYoungGen: 49136K->6624K(49152K)] 119754K->77418K(160256K), 0.0021080 secs] [Times: user=0.01 sys=0.00, real=0.00 secs] 
38.281: Total time for which application threads were stopped: 0.0043580 seconds, Stopping threads took: 0.0021670 seconds
38.324: Application time: 0.0422820 seconds
38.326: [GC [PSYoungGen: 49120K->6640K(49152K)] 119914K->77554K(160256K), 0.0020980 secs] [Times: user=0.01 sys=0.00, real=0.01 secs] 
38.328: Total time for which application threads were stopped: 0.0043420 seconds, Stopping threads took: 0.0021630 seconds
38.368: Application time: 0.0403360 seconds
38.370: [GC [PSYoungGen: 49136K->6592K(49152K)] 120050K->77506K(160256K), 0.0019690 secs] [Times: user=0.01 sys=0.00, real=0.00 secs] 
38.372: Total time for which application threads were stopped: 0.0032960 seconds, Stopping threads took: 0.0012450 seconds
38.412: Application time: 0.0406110 seconds
38.415: [GC [PSYoungGen: 49088K->5952K(49152K)] 120002K->76882K(160256K), 0.0018420 secs] [Times: user=0.02 sys=0.00, real=0.00 secs] 
38.417: Total time for which application threads were stopped: 0.0042260 seconds, Stopping threads took: 0.0023060 seconds
38.457: Application time: 0.0400430 seconds
38.459: [GC [PSYoungGen: 48448K->6656K(49152K)] 119378K->79186K(160256K), 0.0025200 secs] [Times: user=0.02 sys=0.00, real=0.00 secs] 
38.462: Total time for which application threads were stopped: 0.0050350 seconds, Stopping threads took: 0.0024350 seconds
38.503: Application time: 0.0417090 seconds
38.507: [GC [PSYoungGen: 49152K->6432K(49152K)] 121682K->78962K(160256K), 0.0018890 secs] [Times: user=0.01 sys=0.00, real=0.00 secs] 
38.509: Total time for which application threads were stopped: 0.0052270 seconds, Stopping threads took: 0.0032610 seconds
38.550: Application time: 0.0416660 seconds
38.552: [GC [PSYoungGen: 48928K->5696K(49152K)] 121458K->78226K(160256K), 0.0018010 secs] [Times: user=0.01 sys=0.00, real=0.00 secs] 
38.554: Total time for which application threads were stopped: 0.0038480 seconds, Stopping threads took: 0.0019690 seconds
38.596: Application time: 0.0418570 seconds
38.598: [GC [PSYoungGen: 48192K->6656K(49152K)] 120722K->79962K(160256K), 0.0021860 secs] [Times: user=0.01 sys=0.00, real=0.01 secs] 
38.600: Total time for which application threads were stopped: 0.0041780 seconds, Stopping threads took: 0.0019200 seconds
38.642: Application time: 0.0417730 seconds
38.645: [GC [PSYoungGen: 49152K->6656K(49152K)] 122458K->80690K(160256K), 0.0022350 secs] [Times: user=0.01 sys=0.00, real=0.01 secs] 
38.647: Total time for which application threads were stopped: 0.0049120 seconds, Stopping threads took: 0.0025840 seconds
38.686: Application time: 0.0394150 seconds
38.688: [GC [PSYoungGen: 49150K->6656K(49152K)] 123185K->81226K(160256K), 0.0021880 secs] [Times: user=0.01 sys=0.00, real=0.00 secs] 
38.690: Total time for which application threads were stopped: 0.0042070 seconds, Stopping threads took: 0.0019390 seconds
38.731: Application time: 0.0405600 seconds
38.733: [GC [PSYoungGen: 49152K->6640K(49152K)] 123722K->81554K(160256K), 0.0021330 secs] [Times: user=0.02 sys=0.00, real=0.00 secs] 
38.735: Total time for which application threads were stopped: 0.0040240 seconds, Stopping threads took: 0.0018110 seconds
38.775: Application time: 0.0400530 seconds
38.777: [GC [PSYoungGen: 49136K->6640K(49152K)] 124050K->81826K(160256K), 0.0021180 secs] [Times: user=0.02 sys=0.00, real=0.01 secs] 
38.779: Total time for which application threads were stopped: 0.0037060 seconds, Stopping threads took: 0.0015030 seconds
38.819: Application time: 0.0406160 seconds
38.822: [GC [PSYoungGen: 49136K->6656K(49152K)] 124322K->82851K(160256K), 0.0023200 secs] [Times: user=0.02 sys=0.00, real=0.00 secs] 
38.824: Total time for which application threads were stopped: 0.0044960 seconds, Stopping threads took: 0.0020900 seconds
38.864: Application time: 0.0398240 seconds
38.867: [GC [PSYoungGen: 49152K->6656K(49152K)] 125347K->83795K(160256K), 0.0022600 secs] [Times: user=0.01 sys=0.00, real=0.00 secs] 
38.869: Total time for which application threads were stopped: 0.0052570 seconds, Stopping threads took: 0.0029140 seconds
38.909: Application time: 0.0404320 seconds
38.912: [GC [PSYoungGen: 49152K->6640K(49152K)] 126291K->84411K(160256K), 0.0021810 secs] [Times: user=0.02 sys=0.01, real=0.00 secs] 
38.914: Total time for which application threads were stopped: 0.0048710 seconds, Stopping threads took: 0.0026060 seconds
38.956: Application time: 0.0422120 seconds
38.959: [GC [PSYoungGen: 49136K->5184K(49152K)] 126907K->82955K(160256K), 0.0017190 secs] [Times: user=0.01 sys=0.00, real=0.00 secs] 
38.960: Total time for which application threads were stopped: 0.0038490 seconds, Stopping threads took: 0.0020530 seconds
39.002: Application time: 0.0418340 seconds
39.003: [GC [PSYoungGen: 47680K->6144K(49152K)] 125451K->83923K(160256K), 0.0018940 secs] [Times: user=0.01 sys=0.00, real=0.00 secs] 
39.005: Total time for which application threads were stopped: 0.0028130 seconds, Stopping threads took: 0.0008420 seconds
39.048: Application time: 0.0425300 seconds
39.049: [GC [PSYoungGen: 48640K->5648K(49152K)] 126419K->83435K(160256K), 0.0017500 secs] [Times: user=0.01 sys=0.00, real=0.00 secs] 
39.051: Total time for which application threads were stopped: 0.0034450 seconds, Stopping threads took: 0.0016150 seconds
39.094: Application time: 0.0433290 seconds
39.099: [GC [PSYoungGen: 48144K->6656K(49152K)] 125931K->84635K(160256K), 0.0021540 secs] [Times: user=0.02 sys=0.00, real=0.00 secs] 
39.101: Total time for which application threads were stopped: 0.0065550 seconds, Stopping threads took: 0.0043180 seconds
39.142: Application time: 0.0407640 seconds
39.145: [GC [PSYoungGen: 49152K->5776K(49152K)] 127131K->83755K(160256K), 0.0018140 secs] [Times: user=0.01 sys=0.00, real=0.01 secs] 
39.147: Total time for which application threads were stopped: 0.0050620 seconds, Stopping threads took: 0.0031720 seconds
39.187: Application time: 0.0399970 seconds
39.190: [GC [PSYoungGen: 48272K->6624K(49152K)] 126251K->85563K(160256K), 0.0025060 secs] [Times: user=0.01 sys=0.00, real=0.00 secs] 
39.192: Total time for which application threads were stopped: 0.0054970 seconds, Stopping threads took: 0.0029040 seconds
39.233: Application time: 0.0408340 seconds
39.234: [GC [PSYoungGen: 49120K->6112K(49152K)] 128059K->85051K(160256K), 0.0019210 secs] [Times: user=0.02 sys=0.00, real=0.00 secs] 
39.236: Total time for which application threads were stopped: 0.0033090 seconds, Stopping threads took: 0.0013070 seconds
39.279: Application time: 0.0425060 seconds
39.280: [GC [PSYoungGen: 48608K->5952K(49152K)] 127547K->84891K(160256K), 0.0018550 secs] [Times: user=0.01 sys=0.00, real=0.00 secs] 
39.282: Total time for which application threads were stopped: 0.0034070 seconds, Stopping threads took: 0.0014760 seconds
39.324: Application time: 0.0418530 seconds
39.327: [GC [PSYoungGen: 48448K->6560K(49152K)] 127387K->85499K(160256K), 0.0019420 secs] [Times: user=0.01 sys=0.00, real=0.00 secs] 
39.329: Total time for which application threads were stopped: 0.0046470 seconds, Stopping threads took: 0.0026140 seconds
39.369: Application time: 0.0406600 seconds
39.371: [GC [PSYoungGen: 49056K->6304K(49152K)] 127995K->85259K(160256K), 0.0020220 secs] [Times: user=0.01 sys=0.00, real=0.00 secs] 
39.373: Total time for which application threads were stopped: 0.0039440 seconds, Stopping threads took: 0.0018460 seconds
39.411: Application time: 0.0379950 seconds
39.413: [GC [PSYoungGen: 48800K->6656K(49152K)] 127755K->86163K(160256K), 0.0023660 secs] [Times: user=0.01 sys=0.00, real=0.00 secs] 
39.415: Total time for which application threads were stopped: 0.0040860 seconds, Stopping threads took: 0.0016470 seconds
39.455: Application time: 0.0397240 seconds
39.457: [GC [PSYoungGen: 49152K->6240K(49152K)] 128659K->85763K(160256K), 0.0019100 secs] [Times: user=0.01 sys=0.00, real=0.00 secs] 
39.458: Total time for which application threads were stopped: 0.0032610 seconds, Stopping threads took: 0.0012730 seconds
39.497: Application time: 0.0388540 seconds
39.500: [GC [PSYoungGen: 48736K->6624K(49152K)] 128259K->86387K(160256K), 0.0020640 secs] [Times: user=0.01 sys=0.00, real=0.00 secs] 
39.502: Total time for which application threads were stopped: 0.0043900 seconds, Stopping threads took: 0.0022490 seconds
39.539: Application time: 0.0371940 seconds
39.541: [GC [PSYoungGen: 49120K->6624K(49152K)] 128883K->87931K(160256K), 0.0024810 secs] [Times: user=0.01 sys=0.00, real=0.00 secs] 
39.543: Total time for which application threads were stopped: 0.0043640 seconds, Stopping threads took: 0.0017980 seconds
39.582: Application time: 0.0384540 seconds
39.584: [GC [PSYoungGen: 49120K->6640K(49152K)] 130427K->88411K(160256K), 0.0021490 secs] [Times: user=0.01 sys=0.00, real=0.00 secs] 
39.586: Total time for which application threads were stopped: 0.0045560 seconds, Stopping threads took: 0.0023060 seconds
39.624: Application time: 0.0381670 seconds
39.626: [GC [PSYoungGen: 49136K->6656K(49152K)] 130907K->88899K(160256K), 0.0022490 secs] [Times: user=0.01 sys=0.00, real=0.01 secs] 
39.629: Total time for which application threads were stopped: 0.0043150 seconds, Stopping threads took: 0.0019880 seconds
39.666: Application time: 0.0373640 seconds
39.668: [GC [PSYoungGen: 49152K->6640K(49152K)] 131395K->89195K(160256K), 0.0022800 secs] [Times: user=0.01 sys=0.00, real=0.00 secs] 
39.670: Total time for which application threads were stopped: 0.0037370 seconds, Stopping threads took: 0.0013630 seconds
39.710: Application time: 0.0400510 seconds
39.712: [GC [PSYoungGen: 49135K->5920K(49152K)] 131691K->88475K(160256K), 0.0019870 secs] [Times: user=0.01 sys=0.00, real=0.00 secs] 
39.714: Total time for which application threads were stopped: 0.0043520 seconds, Stopping threads took: 0.0022600 seconds
39.753: Application time: 0.0387700 seconds
39.754: [GC [PSYoungGen: 48416K->6352K(49152K)] 130971K->88907K(160256K), 0.0020960 secs] [Times: user=0.02 sys=0.00, real=0.00 secs] 
39.756: Total time for which application threads were stopped: 0.0034110 seconds, Stopping threads took: 0.0012330 seconds
39.798: Application time: 0.0411450 seconds
39.799: [GC [PSYoungGen: 48848K->5488K(49152K)] 131403K->88043K(160256K), 0.0019490 secs] [Times: user=0.01 sys=0.00, real=0.00 secs] 
39.801: Total time for which application threads were stopped: 0.0036300 seconds, Stopping threads took: 0.0015890 seconds
39.841: Application time: 0.0396450 seconds
39.843: [GC [PSYoungGen: 47984K->6256K(49152K)] 130539K->88811K(160256K), 0.0020590 secs] [Times: user=0.02 sys=0.01, real=0.00 secs] 
39.846: Total time for which application threads were stopped: 0.0046470 seconds, Stopping threads took: 0.0025040 seconds
39.884: Application time: 0.0383980 seconds
39.886: [GC [PSYoungGen: 48752K->6640K(49152K)] 131307K->89699K(160256K), 0.0025630 secs] [Times: user=0.01 sys=0.00, real=0.01 secs] 
39.888: Total time for which application threads were stopped: 0.0045550 seconds, Stopping threads took: 0.0018870 seconds
39.926: Application time: 0.0375620 seconds
39.928: [GC [PSYoungGen: 49136K->6560K(49152K)] 132195K->89627K(160256K), 0.0021000 secs] [Times: user=0.01 sys=0.00, real=0.00 secs] 
39.930: Total time for which application threads were stopped: 0.0040590 seconds, Stopping threads took: 0.0018850 seconds
39.969: Application time: 0.0384480 seconds
39.971: [GC [PSYoungGen: 49056K->6624K(49152K)] 132123K->90739K(160256K), 0.0022870 secs] [Times: user=0.01 sys=0.00, real=0.00 secs] 
39.973: Total time for which application threads were stopped: 0.0042700 seconds, Stopping threads took: 0.0019000 seconds
40.015: Application time: 0.0417350 seconds
40.016: [GC [PSYoungGen: 49120K->6656K(49152K)] 133235K->91619K(160256K), 0.0022810 secs] [Times: user=0.02 sys=0.00, real=0.00 secs] 
40.018: Total time for which application threads were stopped: 0.0034940 seconds, Stopping threads took: 0.0011410 seconds
40.059: Application time: 0.0409850 seconds
40.061: [GC [PSYoungGen: 49152K->6640K(49152K)] 134115K->93183K(160256K), 0.0023880 secs] [Times: user=0.01 sys=0.00, real=0.00 secs] 
40.063: Total time for which application threads were stopped: 0.0040680 seconds, Stopping threads took: 0.0016030 seconds
40.104: Application time: 0.0404340 seconds
40.105: [GC [PSYoungGen: 49136K->6624K(49152K)] 135679K->93215K(160256K), 0.0020590 secs] [Times: user=0.01 sys=0.00, real=0.01 secs] 
40.107: Total time for which application threads were stopped: 0.0034130 seconds, Stopping threads took: 0.0012820 seconds
40.146: Application time: 0.0386410 seconds
40.148: [GC [PSYoungGen: 49120K->6016K(49152K)] 135711K->92615K(160256K), 0.0019010 secs] [Times: user=0.01 sys=0.00, real=0.00 secs] 
40.150: Total time for which application threads were stopped: 0.0040420 seconds, Stopping threads took: 0.0020690 seconds
40.188: Application time: 0.0382540 seconds
40.190: [GC [PSYoungGen: 48512K->6624K(49152K)] 135111K->93375K(160256K), 0.0020160 secs] [Times: user=0.01 sys=0.00, real=0.00 secs] 
40.193: Total time for which application threads were stopped: 0.0045750 seconds, Stopping threads took: 0.0024820 seconds
40.234: Application time: 0.0413590 seconds
40.237: [GC [PSYoungGen: 49120K->6224K(49152K)] 135871K->92975K(160256K), 0.0019390 secs] [Times: user=0.01 sys=0.00, real=0.01 secs] 
40.239: Total time for which application threads were stopped: 0.0050070 seconds, Stopping threads took: 0.0029860 seconds
40.278: Application time: 0.0395950 seconds
40.281: [GC [PSYoungGen: 48720K->6624K(49152K)] 135471K->93407K(160256K), 0.0020170 secs] [Times: user=0.01 sys=0.00, real=0.00 secs] 
40.283: Total time for which application threads were stopped: 0.0050010 seconds, Stopping threads took: 0.0029060 seconds
40.321: Application time: 0.0375070 seconds
40.323: [GC [PSYoungGen: 49120K->6656K(49152K)] 135903K->94215K(160256K), 0.0022780 secs] [Times: user=0.02 sys=0.00, real=0.00 secs] 
40.326: Total time for which application threads were stopped: 0.0047240 seconds, Stopping threads took: 0.0023660 seconds
40.364: Application time: 0.0379990 seconds
40.366: [GC [PSYoungGen: 49152K->6640K(49152K)] 136711K->94623K(160256K), 0.0021230 secs] [Times: user=0.01 sys=0.00, real=0.01 secs] 
40.368: Total time for which application threads were stopped: 0.0042050 seconds, Stopping threads took: 0.0020020 seconds
40.407: Application time: 0.0390470 seconds
40.409: [GC [PSYoungGen: 49136K->6400K(49152K)] 137119K->94383K(160256K), 0.0019880 secs] [Times: user=0.02 sys=0.00, real=0.00 secs] 
40.411: Total time for which application threads were stopped: 0.0037670 seconds, Stopping threads took: 0.0016980 seconds
40.452: Application time: 0.0414860 seconds
40.454: [GC [PSYoungGen: 48896K->6352K(49152K)] 136879K->94335K(160256K), 0.0020050 secs] [Times: user=0.02 sys=0.00, real=0.00 secs] 
40.456: Total time for which application threads were stopped: 0.0037190 seconds, Stopping threads took: 0.0016390 seconds
40.494: Application time: 0.0379140 seconds
40.496: [GC [PSYoungGen: 48848K->6304K(49152K)] 136831K->94287K(160256K), 0.0018760 secs] [Times: user=0.02 sys=0.00, real=0.00 secs] 
40.498: Total time for which application threads were stopped: 0.0037720 seconds, Stopping threads took: 0.0018140 seconds
40.538: Application time: 0.0407580 seconds
40.541: [GC [PSYoungGen: 48800K->6464K(49152K)] 136783K->94447K(160256K), 0.0019660 secs] [Times: user=0.01 sys=0.00, real=0.00 secs] 
40.543: Total time for which application threads were stopped: 0.0045350 seconds, Stopping threads took: 0.0024910 seconds
40.583: Application time: 0.0398380 seconds
40.585: [GC [PSYoungGen: 48960K->6656K(49152K)] 136943K->94719K(160256K), 0.0021350 secs] [Times: user=0.01 sys=0.00, real=0.01 secs] 
40.587: Total time for which application threads were stopped: 0.0044000 seconds, Stopping threads took: 0.0021870 seconds
40.626: Application time: 0.0389830 seconds
40.628: [GC [PSYoungGen: 49152K->6640K(49152K)] 137215K->95159K(160256K), 0.0021170 secs] [Times: user=0.02 sys=0.00, real=0.00 secs] 
40.630: Total time for which application threads were stopped: 0.0043010 seconds, Stopping threads took: 0.0021110 seconds
40.670: Application time: 0.0394810 seconds
40.673: [GC [PSYoungGen: 49136K->6384K(49152K)] 137655K->94911K(160256K), 0.0019320 secs] [Times: user=0.01 sys=0.00, real=0.00 secs] 
40.675: Total time for which application threads were stopped: 0.0050710 seconds, Stopping threads took: 0.0030430 seconds
40.716: Application time: 0.0414630 seconds
40.719: [GC [PSYoungGen: 48880K->5792K(49152K)] 137407K->94335K(160256K), 0.0018620 secs] [Times: user=0.01 sys=0.00, real=0.00 secs] 
40.721: Total time for which application threads were stopped: 0.0042400 seconds, Stopping threads took: 0.0023030 seconds
40.762: Application time: 0.0410890 seconds
40.764: [GC [PSYoungGen: 48288K->5104K(49152K)] 136831K->93647K(160256K), 0.0016330 secs] [Times: user=0.01 sys=0.00, real=0.00 secs] 
40.765: Total time for which application threads were stopped: 0.0034940 seconds, Stopping threads took: 0.0017620 seconds
40.806: Application time: 0.0403170 seconds
40.808: [GC [PSYoungGen: 47600K->6080K(49152K)] 136143K->94623K(160256K), 0.0019350 secs] [Times: user=0.02 sys=0.01, real=0.00 secs] 
40.810: Total time for which application threads were stopped: 0.0041410 seconds, Stopping threads took: 0.0021290 seconds
40.848: Application time: 0.0380140 seconds
40.850: [GC [PSYoungGen: 48576K->5952K(49152K)] 137119K->94495K(160256K), 0.0019010 secs] [Times: user=0.01 sys=0.00, real=0.00 secs] 
40.852: Total time for which application threads were stopped: 0.0044970 seconds, Stopping threads took: 0.0025200 seconds
40.892: Application time: 0.0394900 seconds
40.895: [GC [PSYoungGen: 48448K->6240K(49152K)] 136991K->94783K(160256K), 0.0018940 secs] [Times: user=0.01 sys=0.00, real=0.00 secs] 
40.896: Total time for which application threads were stopped: 0.0046830 seconds, Stopping threads took: 0.0027110 seconds
40.935: Application time: 0.0389960 seconds
40.938: [GC [PSYoungGen: 48736K->6640K(49152K)] 137279K->95855K(160256K), 0.0022690 secs] [Times: user=0.01 sys=0.00, real=0.01 secs] 
40.940: Total time for which application threads were stopped: 0.0045930 seconds, Stopping threads took: 0.0022460 seconds
40.978: Application time: 0.0378650 seconds
40.980: [GC [PSYoungGen: 49136K->6272K(49152K)] 138351K->95495K(160256K), 0.0019080 secs] [Times: user=0.01 sys=0.00, real=0.00 secs] 
40.982: Total time for which application threads were stopped: 0.0035610 seconds, Stopping threads took: 0.0015770 seconds
41.023: Application time: 0.0418600 seconds
41.026: [GC [PSYoungGen: 48768K->6656K(49152K)] 137991K->97279K(160256K), 0.0024600 secs] [Times: user=0.02 sys=0.00, real=0.01 secs] 
41.028: Total time for which application threads were stopped: 0.0050280 seconds, Stopping threads took: 0.0024850 seconds
41.068: Application time: 0.0392570 seconds
41.071: [GC [PSYoungGen: 49152K->6064K(49152K)] 139775K->96687K(160256K), 0.0018610 secs] [Times: user=0.01 sys=0.00, real=0.00 secs] 
41.072: Total time for which application threads were stopped: 0.0048100 seconds, Stopping threads took: 0.0028770 seconds
41.110: Application time: 0.0377610 seconds
41.113: [GC [PSYoungGen: 48560K->6352K(49152K)] 139183K->96975K(160256K), 0.0019170 secs] [Times: user=0.00 sys=0.01, real=0.00 secs] 
41.115: Total time for which application threads were stopped: 0.0043400 seconds, Stopping threads took: 0.0023360 seconds
41.152: Application time: 0.0376970 seconds
41.153: [GC [PSYoungGen: 48846K->6640K(49152K)] 139470K->97607K(160256K), 0.0021330 secs] [Times: user=0.02 sys=0.00, real=0.00 secs] 
41.156: Total time for which application threads were stopped: 0.0033250 seconds, Stopping threads took: 0.0011140 seconds
41.192: Application time: 0.0367980 seconds
41.195: [GC [PSYoungGen: 49136K->6656K(49152K)] 140103K->98663K(160256K), 0.0023340 secs] [Times: user=0.02 sys=0.00, real=0.00 secs] 
41.197: Total time for which application threads were stopped: 0.0048770 seconds, Stopping threads took: 0.0024640 seconds
41.234: Application time: 0.0364090 seconds
41.236: [GC [PSYoungGen: 49152K->6656K(49152K)] 141159K->98903K(160256K), 0.0020800 secs] [Times: user=0.02 sys=0.00, real=0.00 secs] 
41.238: Total time for which application threads were stopped: 0.0042910 seconds, Stopping threads took: 0.0021330 seconds
41.281: Application time: 0.0433960 seconds
41.283: [GC [PSYoungGen: 49152K->6432K(49152K)] 141399K->98679K(160256K), 0.0018520 secs] [Times: user=0.01 sys=0.00, real=0.00 secs] 
41.285: Total time for which application threads were stopped: 0.0039700 seconds, Stopping threads took: 0.0020340 seconds
41.328: Application time: 0.0425110 seconds
41.329: [GC [PSYoungGen: 48928K->6656K(49152K)] 141175K->99439K(160256K), 0.0022000 secs] [Times: user=0.01 sys=0.00, real=0.00 secs] 
41.331: Total time for which application threads were stopped: 0.0035300 seconds, Stopping threads took: 0.0012500 seconds
41.371: Application time: 0.0391810 seconds
41.373: [GC [PSYoungGen: 49152K->6224K(49152K)] 141935K->99007K(160256K), 0.0018700 secs] [Times: user=0.01 sys=0.00, real=0.00 secs] 
41.375: Total time for which application threads were stopped: 0.0039460 seconds, Stopping threads took: 0.0019990 seconds
41.414: Application time: 0.0391160 seconds
41.414: [GC [PSYoungGen: 48720K->6064K(49152K)] 141503K->98847K(160256K), 0.0019050 secs] [Times: user=0.02 sys=0.00, real=0.00 secs] 
41.416: Total time for which application threads were stopped: 0.0027010 seconds, Stopping threads took: 0.0007220 seconds
41.456: Application time: 0.0397650 seconds
41.458: [GC [PSYoungGen: 48560K->6480K(49152K)] 141343K->99263K(160256K), 0.0021170 secs] [Times: user=0.02 sys=0.00, real=0.01 secs] 
41.460: Total time for which application threads were stopped: 0.0041780 seconds, Stopping threads took: 0.0019820 seconds
41.499: Application time: 0.0391970 seconds
41.501: [GC [PSYoungGen: 48976K->5824K(49152K)] 141759K->98615K(160256K), 0.0018040 secs] [Times: user=0.01 sys=0.00, real=0.00 secs] 
41.503: Total time for which application threads were stopped: 0.0037520 seconds, Stopping threads took: 0.0018730 seconds
41.544: Application time: 0.0407650 seconds
41.546: [GC [PSYoungGen: 48318K->4640K(49152K)] 141110K->97439K(160256K), 0.0014950 secs] [Times: user=0.01 sys=0.00, real=0.01 secs] 
41.548: Total time for which application threads were stopped: 0.0038130 seconds, Stopping threads took: 0.0022450 seconds
41.588: Application time: 0.0397950 seconds
41.589: [GC [PSYoungGen: 47136K->6608K(49152K)] 139935K->99407K(160256K), 0.0020700 secs] [Times: user=0.01 sys=0.00, real=0.00 secs] 
41.591: Total time for which application threads were stopped: 0.0038420 seconds, Stopping threads took: 0.0016950 seconds
41.630: Application time: 0.0388520 seconds
41.632: [GC [PSYoungGen: 49104K->6032K(49152K)] 141903K->98831K(160256K), 0.0020150 secs] [Times: user=0.02 sys=0.00, real=0.00 secs] 
41.634: Total time for which application threads were stopped: 0.0038100 seconds, Stopping threads took: 0.0017120 seconds
41.670: Application time: 0.0355840 seconds
41.671: [GC [PSYoungGen: 48528K->6640K(49152K)] 141327K->99959K(160256K), 0.0021880 secs] [Times: user=0.02 sys=0.00, real=0.00 secs] 
41.673: Total time for which application threads were stopped: 0.0034070 seconds, Stopping threads took: 0.0011420 seconds
41.711: Application time: 0.0377730 seconds
41.713: [GC [PSYoungGen: 49136K->6640K(49152K)] 142455K->100367K(160256K), 0.0022670 secs] [Times: user=0.01 sys=0.00, real=0.00 secs] 
41.715: Total time for which application threads were stopped: 0.0043950 seconds, Stopping threads took: 0.0020460 seconds
41.754: Application time: 0.0390260 seconds
41.757: [GC [PSYoungGen: 49135K->5968K(49152K)] 142863K->99695K(160256K), 0.0018490 secs] [Times: user=0.01 sys=0.00, real=0.01 secs] 
41.759: Total time for which application threads were stopped: 0.0044910 seconds, Stopping threads took: 0.0025620 seconds
41.797: Application time: 0.0381330 seconds
41.798: [GC [PSYoungGen: 48464K->6352K(49152K)] 142191K->100079K(160256K), 0.0019550 secs] [Times: user=0.01 sys=0.00, real=0.01 secs] 
41.800: Total time for which application threads were stopped: 0.0025610 seconds, Stopping threads took: 0.0005220 seconds
41.838: Application time: 0.0389120 seconds
41.841: [GC [PSYoungGen: 48848K->6624K(49152K)] 142575K->100359K(160256K), 0.0020970 secs] [Times: user=0.01 sys=0.00, real=0.00 secs] 
41.843: Total time for which application threads were stopped: 0.0045550 seconds, Stopping threads took: 0.0023760 seconds
41.882: Application time: 0.0393480 seconds
41.887: [GC [PSYoungGen: 49120K->6640K(49152K)] 142855K->100767K(160256K), 0.0021760 secs] [Times: user=0.01 sys=0.00, real=0.00 secs] 
41.889: Total time for which application threads were stopped: 0.0065090 seconds, Stopping threads took: 0.0042540 seconds
41.927: Application time: 0.0384260 seconds
41.929: [GC [PSYoungGen: 49136K->6384K(49152K)] 143263K->100511K(160256K), 0.0020140 secs] [Times: user=0.01 sys=0.00, real=0.00 secs] 
41.931: Total time for which application threads were stopped: 0.0035820 seconds, Stopping threads took: 0.0014880 seconds
41.969: Application time: 0.0379060 seconds
41.970: [GC [PSYoungGen: 48880K->5728K(49152K)] 143007K->99855K(160256K), 0.0018470 secs] [Times: user=0.01 sys=0.00, real=0.00 secs] 
41.972: Total time for which application threads were stopped: 0.0034910 seconds, Stopping threads took: 0.0015680 seconds
42.015: Application time: 0.0428880 seconds
42.017: [GC [PSYoungGen: 48224K->4576K(49152K)] 142351K->98719K(160256K), 0.0014000 secs] [Times: user=0.01 sys=0.00, real=0.01 secs] 
42.019: Total time for which application threads were stopped: 0.0035300 seconds, Stopping threads took: 0.0020600 seconds
42.060: Application time: 0.0410190 seconds
42.061: [GC [PSYoungGen: 47072K->6640K(49152K)] 141215K->101135K(160256K), 0.0021720 secs] [Times: user=0.02 sys=0.00, real=0.00 secs] 
42.064: Total time for which application threads were stopped: 0.0039320 seconds, Stopping threads took: 0.0016840 seconds
42.103: Application time: 0.0392490 seconds
42.104: [GC [PSYoungGen: 49136K->6464K(49152K)] 143631K->100975K(160256K), 0.0020070 secs] [Times: user=0.02 sys=0.00, real=0.00 secs] 
42.106: Total time for which application threads were stopped: 0.0032510 seconds, Stopping threads took: 0.0011650 seconds
42.144: Application time: 0.0378610 seconds
42.146: [GC [PSYoungGen: 48960K->6624K(49152K)] 143471K->101183K(160256K), 0.0020480 secs] [Times: user=0.01 sys=0.00, real=0.01 secs] 
42.148: Total time for which application threads were stopped: 0.0040910 seconds, Stopping threads took: 0.0019610 seconds
42.187: Application time: 0.0391710 seconds
42.189: [GC [PSYoungGen: 49120K->4656K(49152K)] 143679K->99215K(160256K), 0.0015070 secs] [Times: user=0.01 sys=0.00, real=0.00 secs] 
42.190: Total time for which application threads were stopped: 0.0030600 seconds, Stopping threads took: 0.0014830 seconds
42.230: Application time: 0.0401180 seconds
42.233: [GC [PSYoungGen: 47152K->6640K(49152K)] 141711K->101231K(160256K), 0.0020460 secs] [Times: user=0.02 sys=0.00, real=0.00 secs] 
42.235: Total time for which application threads were stopped: 0.0047430 seconds, Stopping threads took: 0.0026180 seconds
42.275: Application time: 0.0395410 seconds
42.277: [GC [PSYoungGen: 49136K->5536K(49152K)] 143727K->100151K(160256K), 0.0017400 secs] [Times: user=0.01 sys=0.00, real=0.01 secs] 
42.279: Total time for which application threads were stopped: 0.0040690 seconds, Stopping threads took: 0.0022470 seconds
42.317: Application time: 0.0380020 seconds
42.320: [GC [PSYoungGen: 48032K->6528K(49152K)] 142647K->101143K(160256K), 0.0019760 secs] [Times: user=0.01 sys=0.00, real=0.00 secs] 
42.322: Total time for which application threads were stopped: 0.0047360 seconds, Stopping threads took: 0.0026740 seconds
42.362: Application time: 0.0404340 seconds
42.364: [GC [PSYoungGen: 49024K->6656K(49152K)] 143639K->101832K(160256K), 0.0021510 secs] [Times: user=0.02 sys=0.00, real=0.00 secs] 
42.366: Total time for which application threads were stopped: 0.0039950 seconds, Stopping threads took: 0.0017650 seconds
42.405: Application time: 0.0385630 seconds
42.408: [GC [PSYoungGen: 49152K->6656K(49152K)] 144328K->102120K(160256K), 0.0021850 secs] [Times: user=0.02 sys=0.00, real=0.00 secs] 
42.410: Total time for which application threads were stopped: 0.0052580 seconds, Stopping threads took: 0.0029720 seconds
42.447: Application time: 0.0375780 seconds
42.450: [GC [PSYoungGen: 49152K->6624K(49152K)] 144616K->102168K(160256K), 0.0022440 secs] [Times: user=0.01 sys=0.00, real=0.00 secs] 
42.452: Total time for which application threads were stopped: 0.0045090 seconds, Stopping threads took: 0.0021830 seconds
42.491: Application time: 0.0391480 seconds
42.492: [GC [PSYoungGen: 49120K->4672K(49152K)] 144664K->100216K(160256K), 0.0015100 secs] [Times: user=0.01 sys=0.00, real=0.00 secs] 
42.494: Total time for which application threads were stopped: 0.0025190 seconds, Stopping threads took: 0.0009400 seconds
42.536: Application time: 0.0428790 seconds
42.538: [GC [PSYoungGen: 47168K->5216K(49152K)] 142712K->100760K(160256K), 0.0016740 secs] [Times: user=0.01 sys=0.00, real=0.01 secs] 
42.540: Total time for which application threads were stopped: 0.0033640 seconds, Stopping threads took: 0.0016280 seconds
42.582: Application time: 0.0421910 seconds
42.585: [GC [PSYoungGen: 47712K->5648K(49152K)] 143256K->101200K(160256K), 0.0016830 secs] [Times: user=0.02 sys=0.00, real=0.00 secs] 
42.586: Total time for which application threads were stopped: 0.0043610 seconds, Stopping threads took: 0.0026020 seconds
42.626: Application time: 0.0394590 seconds
42.627: [GC [PSYoungGen: 48144K->6656K(49152K)] 143696K->102256K(160256K), 0.0020380 secs] [Times: user=0.01 sys=0.00, real=0.00 secs] 
42.629: Total time for which application threads were stopped: 0.0036300 seconds, Stopping threads took: 0.0015110 seconds
42.669: Application time: 0.0391290 seconds
42.672: [GC [PSYoungGen: 49152K->6624K(49152K)] 144752K->102976K(160256K), 0.0023000 secs] [Times: user=0.02 sys=0.00, real=0.00 secs] 
42.674: Total time for which application threads were stopped: 0.0052980 seconds, Stopping threads took: 0.0029140 seconds
42.712: Application time: 0.0376070 seconds
42.714: [GC [PSYoungGen: 49120K->6656K(49152K)] 145472K->103600K(160256K), 0.0021820 secs] [Times: user=0.02 sys=0.00, real=0.00 secs] 
42.716: Total time for which application threads were stopped: 0.0044450 seconds, Stopping threads took: 0.0021860 seconds
42.755: Application time: 0.0385500 seconds
42.757: [GC [PSYoungGen: 49152K->6656K(49152K)] 146096K->104580K(160256K), 0.0023820 secs] [Times: user=0.01 sys=0.00, real=0.01 secs] 
42.760: Total time for which application threads were stopped: 0.0050510 seconds, Stopping threads took: 0.0025870 seconds
42.802: Application time: 0.0426150 seconds
42.802: [GC [PSYoungGen: 49152K->4800K(49152K)] 147076K->102732K(160256K), 0.0015940 secs] [Times: user=0.01 sys=0.00, real=0.00 secs] 
42.804: Total time for which application threads were stopped: 0.0018520 seconds, Stopping threads took: 0.0001880 seconds
42.844: Application time: 0.0395940 seconds
42.846: [GC [PSYoungGen: 47296K->6656K(49152K)] 145228K->106044K(160256K), 0.0024510 secs] [Times: user=0.02 sys=0.00, real=0.01 secs] 
42.848: Total time for which application threads were stopped: 0.0043520 seconds, Stopping threads took: 0.0018120 seconds
42.886: Application time: 0.0378360 seconds
42.888: [GC [PSYoungGen: 49152K->6656K(49152K)] 148540K->106372K(160256K), 0.0021720 secs] [Times: user=0.01 sys=0.00, real=0.00 secs] 
42.890: Total time for which application threads were stopped: 0.0045420 seconds, Stopping threads took: 0.0022890 seconds
42.928: Application time: 0.0378280 seconds
42.931: [GC [PSYoungGen: 49152K->6656K(49152K)] 148868K->107564K(160256K), 0.0023620 secs] [Times: user=0.02 sys=0.00, real=0.00 secs] 
42.933: Total time for which application threads were stopped: 0.0048660 seconds, Stopping threads took: 0.0024250 seconds
42.971: Application time: 0.0380260 seconds
42.973: [GC [PSYoungGen: 49152K->6352K(49152K)] 150060K->107260K(160256K), 0.0020060 secs] [Times: user=0.01 sys=0.00, real=0.00 secs] 
42.975: Total time for which application threads were stopped: 0.0040830 seconds, Stopping threads took: 0.0019950 seconds
43.013: Application time: 0.0373000 seconds
43.014: [GC [PSYoungGen: 48848K->6656K(49152K)] 149756K->107572K(160256K), 0.0020810 secs] [Times: user=0.02 sys=0.00, real=0.00 secs] 
43.016: Total time for which application threads were stopped: 0.0034630 seconds, Stopping threads took: 0.0013050 seconds
43.054: Application time: 0.0384500 seconds
43.057: [GC [PSYoungGen: 49152K->6656K(49152K)] 150068K->108548K(160256K), 0.0022270 secs] [Times: user=0.02 sys=0.00, real=0.01 secs] 
43.059: Total time for which application threads were stopped: 0.0048600 seconds, Stopping threads took: 0.0025600 seconds
43.098: Application time: 0.0383230 seconds
43.100: [GC [PSYoungGen: 49152K->6656K(49152K)] 151044K->109396K(160256K), 0.0023410 secs] [Times: user=0.02 sys=0.00, real=0.00 secs] 
43.102: Total time for which application threads were stopped: 0.0043420 seconds, Stopping threads took: 0.0019140 seconds
43.140: Application time: 0.0383910 seconds
43.142: [GC [PSYoungGen: 49152K->6656K(49152K)] 151892K->109436K(160256K), 0.0021830 secs] [Times: user=0.01 sys=0.00, real=0.00 secs] 
43.144: Total time for which application threads were stopped: 0.0040170 seconds, Stopping threads took: 0.0017610 seconds
43.183: Application time: 0.0390960 seconds
43.185: [GC [PSYoungGen: 49152K->6048K(49152K)] 151932K->108828K(160256K), 0.0019640 secs] [Times: user=0.02 sys=0.00, real=0.01 secs] 
43.187: Total time for which application threads were stopped: 0.0037400 seconds, Stopping threads took: 0.0016990 seconds
43.227: Application time: 0.0398580 seconds
43.230: [GC [PSYoungGen: 48544K->6304K(49152K)] 151324K->109092K(160256K), 0.0019790 secs] [Times: user=0.01 sys=0.00, real=0.00 secs] 
43.232: Total time for which application threads were stopped: 0.0045940 seconds, Stopping threads took: 0.0025360 seconds
43.269: Application time: 0.0378000 seconds
43.271: [GC [PSYoungGen: 48800K->6640K(49152K)] 151588K->109444K(160256K), 0.0020360 secs] [Times: user=0.01 sys=0.00, real=0.00 secs] 
43.273: Total time for which application threads were stopped: 0.0032420 seconds, Stopping threads took: 0.0011320 seconds
43.311: Application time: 0.0380480 seconds
43.313: [GC [PSYoungGen: 49136K->6608K(49152K)] 151940K->109420K(160256K), 0.0020310 secs] [Times: user=0.02 sys=0.00, real=0.00 secs] 
43.315: Total time for which application threads were stopped: 0.0041490 seconds, Stopping threads took: 0.0020350 seconds
43.353: Application time: 0.0377660 seconds
43.355: [GC [PSYoungGen: 49104K->5968K(49152K)] 151916K->108780K(160256K), 0.0018700 secs] [Times: user=0.01 sys=0.00, real=0.00 secs] 
43.357: Total time for which application threads were stopped: 0.0045180 seconds, Stopping threads took: 0.0025660 seconds
43.395: Application time: 0.0376920 seconds
43.396: [GC [PSYoungGen: 48464K->6656K(49152K)] 151276K->110236K(160256K), 0.0022980 secs] [Times: user=0.01 sys=0.01, real=0.00 secs] 
43.398: Total time for which application threads were stopped: 0.0033010 seconds, Stopping threads took: 0.0009220 seconds
43.439: Application time: 0.0404390 seconds
43.440: [GC [PSYoungGen: 49152K->6400K(49152K)] 152732K->109980K(160256K), 0.0019990 secs] [Times: user=0.02 sys=0.00, real=0.00 secs] 
43.442: Total time for which application threads were stopped: 0.0036950 seconds, Stopping threads took: 0.0016060 seconds
43.485: Application time: 0.0429270 seconds
43.487: [GC [PSYoungGen: 48896K->5312K(49152K)] 152476K->108892K(160256K), 0.0018070 secs] [Times: user=0.01 sys=0.00, real=0.00 secs] 
43.489: Total time for which application threads were stopped: 0.0032800 seconds, Stopping threads took: 0.0013960 seconds
43.531: Application time: 0.0423150 seconds
43.533: [GC [PSYoungGen: 47808K->6624K(49152K)] 151388K->110204K(160256K), 0.0020510 secs] [Times: user=0.01 sys=0.00, real=0.00 secs] 
43.535: Total time for which application threads were stopped: 0.0037360 seconds, Stopping threads took: 0.0016060 seconds
43.574: Application time: 0.0396920 seconds
43.577: [GC [PSYoungGen: 49119K->6656K(49152K)] 152700K->110356K(160256K), 0.0021090 secs] [Times: user=0.01 sys=0.00, real=0.01 secs] 
43.579: Total time for which application threads were stopped: 0.0045360 seconds, Stopping threads took: 0.0023410 seconds
43.621: Application time: 0.0424260 seconds
43.622: [GC [PSYoungGen: 49152K->6656K(49152K)] 152852K->110388K(160256K), 0.0020130 secs] [Times: user=0.01 sys=0.00, real=0.00 secs] 
43.624: Total time for which application threads were stopped: 0.0025500 seconds, Stopping threads took: 0.0004640 seconds
43.665: Application time: 0.0415670 seconds
43.668: [GC [PSYoungGen: 49152K->6640K(49152K)] 152884K->111280K(160256K), 0.0023000 secs] [Times: user=0.01 sys=0.00, real=0.00 secs] 
43.670: Total time for which application threads were stopped: 0.0045990 seconds, Stopping threads took: 0.0022180 seconds
43.711: Application time: 0.0414790 seconds
43.714: [GC [PSYoungGen: 49136K->6624K(49152K)] 153776K->111880K(160256K), 0.0022090 secs] [Times: user=0.01 sys=0.00, real=0.00 secs] 
43.716: Total time for which application threads were stopped: 0.0044060 seconds, Stopping threads took: 0.0021120 seconds
43.756: Application time: 0.0399080 seconds
43.757: [GC [PSYoungGen: 49120K->6656K(49152K)] 154376K->112952K(160256K), 0.0024940 secs] [Times: user=0.01 sys=0.00, real=0.01 secs] 
43.760: Total time for which application threads were stopped: 0.0041760 seconds, Stopping threads took: 0.0016000 seconds
43.801: Application time: 0.0405600 seconds
43.804: [GC [PSYoungGen: 49152K->6640K(49152K)] 155448K->113208K(160256K), 0.0021200 secs] [Times: user=0.01 sys=0.00, real=0.00 secs] 
43.806: Total time for which application threads were stopped: 0.0054580 seconds, Stopping threads took: 0.0032660 seconds
43.847: Application time: 0.0413520 seconds
43.850: [GC [PSYoungGen: 49136K->6624K(49152K)] 155704K->113200K(160256K), 0.0020140 secs] [Times: user=0.01 sys=0.00, real=0.00 secs] 
43.852: Total time for which application threads were stopped: 0.0048090 seconds, Stopping threads took: 0.0027180 seconds
43.893: Application time: 0.0410880 seconds
43.896: [GC [PSYoungGen: 49120K->6656K(49152K)] 155696K->113288K(160256K), 0.0020830 secs] [Times: user=0.01 sys=0.00, real=0.00 secs] 
43.898: Total time for which application threads were stopped: 0.0046240 seconds, Stopping threads took: 0.0024560 seconds
43.939: Application time: 0.0407040 seconds
43.941: [GC [PSYoungGen: 49150K->6640K(49152K)] 155783K->113288K(160256K), 0.0020800 secs] [Times: user=0.02 sys=0.00, real=0.00 secs] 
43.943: Total time for which application threads were stopped: 0.0048000 seconds, Stopping threads took: 0.0026340 seconds
43.987: Application time: 0.0434940 seconds
43.990: [GC [PSYoungGen: 49136K->5760K(49152K)] 155784K->112408K(160256K), 0.0017380 secs] [Times: user=0.01 sys=0.00, real=0.00 secs] 
43.992: Total time for which application threads were stopped: 0.0049210 seconds, Stopping threads took: 0.0031030 seconds
44.036: Application time: 0.0439420 seconds
44.037: [GC [PSYoungGen: 48256K->6208K(49152K)] 154904K->112856K(160256K), 0.0019780 secs] [Times: user=0.02 sys=0.00, real=0.01 secs] 
44.039: Total time for which application threads were stopped: 0.0036350 seconds, Stopping threads took: 0.0015760 seconds
44.083: Application time: 0.0434750 seconds
44.085: [GC [PSYoungGen: 48704K->6016K(49152K)] 155352K->112664K(160256K), 0.0018950 secs] [Times: user=0.01 sys=0.00, real=0.00 secs] 
44.086: Total time for which application threads were stopped: 0.0035790 seconds, Stopping threads took: 0.0016020 seconds
44.127: Application time: 0.0405440 seconds
44.130: [GC [PSYoungGen: 48512K->6656K(49152K)] 155160K->113712K(160256K), 0.0022480 secs] [Times: user=0.01 sys=0.00, real=0.00 secs] 
44.132: Total time for which application threads were stopped: 0.0049420 seconds, Stopping threads took: 0.0026130 seconds
44.171: Application time: 0.0386500 seconds
44.173: [GC [PSYoungGen: 49152K->6624K(49152K)] 156208K->114840K(160256K), 0.0025350 secs] [Times: user=0.01 sys=0.00, real=0.00 secs] 
44.175: Total time for which application threads were stopped: 0.0045970 seconds, Stopping threads took: 0.0019680 seconds
44.216: Application time: 0.0409730 seconds
44.220: [GC [PSYoungGen: 49120K->6624K(49152K)] 157336K->115368K(160256K), 0.0024100 secs] [Times: user=0.02 sys=0.00, real=0.00 secs] 
44.222: Total time for which application threads were stopped: 0.0059160 seconds, Stopping threads took: 0.0033970 seconds
44.263: Application time: 0.0406300 seconds
44.265: [GC [PSYoungGen: 49120K->5632K(49152K)] 157864K->114392K(160256K), 0.0017680 secs] [Times: user=0.02 sys=0.00, real=0.01 secs] 
44.267: Total time for which application threads were stopped: 0.0043020 seconds, Stopping threads took: 0.0024520 seconds
44.307: Application time: 0.0398500 seconds
44.309: [GC [PSYoungGen: 48128K->6624K(49152K)] 156888K->115496K(160256K), 0.0023610 secs] [Times: user=0.01 sys=0.00, real=0.00 secs] 
44.311: Total time for which application threads were stopped: 0.0041050 seconds, Stopping threads took: 0.0016350 seconds
44.351: Application time: 0.0396170 seconds
44.352: [GC [PSYoungGen: 49120K->6640K(49152K)] 157992K->116080K(160256K), 0.0022780 secs] [Times: user=0.01 sys=0.00, real=0.00 secs] 
44.355: Total time for which application threads were stopped: 0.0040770 seconds, Stopping threads took: 0.0016860 seconds
44.395: Application time: 0.0403740 seconds
44.397: [GC [PSYoungGen: 49136K->6624K(49152K)] 158576K->116584K(160256K), 0.0022460 secs] [Times: user=0.02 sys=0.00, real=0.01 secs] 
44.399: [Full GC [PSYoungGen: 6624K->0K(49152K)] [ParOldGen: 109960K->9590K(111104K)] 116584K->9590K(160256K) [PSPermGen: 5141K->5141K(21504K)], 0.0069450 secs] [Times: user=0.03 sys=0.00, real=0.00 secs] 
44.406: Total time for which application threads were stopped: 0.0114220 seconds, Stopping threads took: 0.0020810 seconds
44.448: Application time: 0.0412440 seconds
44.450: [GC [PSYoungGen: 42496K->6656K(49152K)] 52086K->17070K(160256K), 0.0022340 secs] [Times: user=0.02 sys=0.00, real=0.00 secs] 
44.452: Total time for which application threads were stopped: 0.0046760 seconds, Stopping threads took: 0.0023530 seconds
44.493: Application time: 0.0409780 seconds
44.496: [GC [PSYoungGen: 49152K->6656K(49152K)] 59566K->17790K(160256K), 0.0021940 secs] [Times: user=0.02 sys=0.00, real=0.00 secs] 
44.498: Total time for which application threads were stopped: 0.0046780 seconds, Stopping threads took: 0.0024060 seconds
44.538: Application time: 0.0395630 seconds
44.539: [GC [PSYoungGen: 49152K->6656K(49152K)] 60286K->18502K(160256K), 0.0021950 secs] [Times: user=0.01 sys=0.00, real=0.00 secs] 
44.542: Total time for which application threads were stopped: 0.0038930 seconds, Stopping threads took: 0.0016180 seconds
44.582: Application time: 0.0403260 seconds
44.585: [GC [PSYoungGen: 49152K->6656K(49152K)] 60998K->19214K(160256K), 0.0022420 secs] [Times: user=0.01 sys=0.00, real=0.01 secs] 
44.587: Total time for which application threads were stopped: 0.0051710 seconds, Stopping threads took: 0.0028440 seconds
44.628: Application time: 0.0405260 seconds
44.629: [GC [PSYoungGen: 49152K->6640K(49152K)] 61710K->19870K(160256K), 0.0021550 secs] [Times: user=0.01 sys=0.00, real=0.00 secs] 
44.632: Total time for which application threads were stopped: 0.0039630 seconds, Stopping threads took: 0.0017310 seconds
44.675: Application time: 0.0437410 seconds
44.677: [GC [PSYoungGen: 49136K->6640K(49152K)] 62366K->20334K(160256K), 0.0021110 secs] [Times: user=0.01 sys=0.00, real=0.01 secs] 
44.679: Total time for which application threads were stopped: 0.0036820 seconds, Stopping threads took: 0.0015000 seconds
44.719: Application time: 0.0403660 seconds
44.722: [GC [PSYoungGen: 49136K->6640K(49152K)] 62830K->21766K(160256K), 0.0023260 secs] [Times: user=0.02 sys=0.00, real=0.00 secs] 
44.724: Total time for which application threads were stopped: 0.0050090 seconds, Stopping threads took: 0.0026020 seconds
44.767: Application time: 0.0423010 seconds
44.768: [GC [PSYoungGen: 49136K->6656K(49152K)] 64262K->22118K(160256K), 0.0021770 secs] [Times: user=0.01 sys=0.00, real=0.00 secs] 
44.770: Total time for which application threads were stopped: 0.0038310 seconds, Stopping threads took: 0.0015740 seconds
44.812: Application time: 0.0417720 seconds
44.814: [GC [PSYoungGen: 49151K->6640K(49152K)] 64613K->22318K(160256K), 0.0021470 secs] [Times: user=0.02 sys=0.00, real=0.00 secs] 
44.816: Total time for which application threads were stopped: 0.0037250 seconds, Stopping threads took: 0.0014970 seconds
44.856: Application time: 0.0403780 seconds
44.858: [GC [PSYoungGen: 49136K->6608K(49152K)] 64814K->22286K(160256K), 0.0019640 secs] [Times: user=0.01 sys=0.00, real=0.01 secs] 
44.860: Total time for which application threads were stopped: 0.0039910 seconds, Stopping threads took: 0.0019420 seconds
44.903: Application time: 0.0424510 seconds
44.905: [GC [PSYoungGen: 49104K->6656K(49152K)] 64782K->23630K(160256K), 0.0024260 secs] [Times: user=0.02 sys=0.00, real=0.01 secs] 
44.908: Total time for which application threads were stopped: 0.0050280 seconds, Stopping threads took: 0.0025090 seconds
44.949: Application time: 0.0415230 seconds
44.952: [GC [PSYoungGen: 49151K->6240K(49152K)] 66125K->23214K(160256K), 0.0018300 secs] [Times: user=0.01 sys=0.00, real=0.00 secs] 
44.954: Total time for which application threads were stopped: 0.0048250 seconds, Stopping threads took: 0.0029170 seconds
44.997: Application time: 0.0426010 seconds
44.999: [GC [PSYoungGen: 48736K->5696K(49152K)] 65710K->22670K(160256K), 0.0017080 secs] [Times: user=0.01 sys=0.00, real=0.00 secs] 
45.001: Total time for which application threads were stopped: 0.0039930 seconds, Stopping threads took: 0.0022080 seconds
45.039: Application time: 0.0387260 seconds
45.041: [GC [PSYoungGen: 48192K->6656K(49152K)] 65166K->25046K(160256K), 0.0024070 secs] [Times: user=0.02 sys=0.00, real=0.00 secs] 
45.044: Total time for which application threads were stopped: 0.0041140 seconds, Stopping threads took: 0.0016250 seconds
45.083: Application time: 0.0397320 seconds
45.086: [GC [PSYoungGen: 49152K->6656K(49152K)] 67542K->26270K(160256K), 0.0023830 secs] [Times: user=0.01 sys=0.00, real=0.01 secs] 
45.088: Total time for which application threads were stopped: 0.0047610 seconds, Stopping threads took: 0.0022930 seconds
45.130: Application time: 0.0416560 seconds
45.132: [GC [PSYoungGen: 49151K->6272K(49152K)] 68765K->26542K(160256K), 0.0020380 secs] [Times: user=0.01 sys=0.00, real=0.00 secs] 
45.134: Total time for which application threads were stopped: 0.0038470 seconds, Stopping threads took: 0.0017280 seconds
45.174: Application time: 0.0404920 seconds
45.177: [GC [PSYoungGen: 48768K->6144K(49152K)] 69038K->26414K(160256K), 0.0017700 secs] [Times: user=0.01 sys=0.00, real=0.01 secs] 
45.179: Total time for which application threads were stopped: 0.0044810 seconds, Stopping threads took: 0.0026340 seconds
45.221: Application time: 0.0425560 seconds
45.223: [GC [PSYoungGen: 48640K->6080K(49152K)] 68910K->26350K(160256K), 0.0017590 secs] [Times: user=0.01 sys=0.00, real=0.00 secs] 
45.225: Total time for which application threads were stopped: 0.0038900 seconds, Stopping threads took: 0.0020560 seconds
45.267: Application time: 0.0417820 seconds
45.270: [GC [PSYoungGen: 48576K->6624K(49152K)] 68846K->27150K(160256K), 0.0019940 secs] [Times: user=0.01 sys=0.00, real=0.00 secs] 
45.272: Total time for which application threads were stopped: 0.0049830 seconds, Stopping threads took: 0.0028980 seconds
45.313: Application time: 0.0415040 seconds
45.315: [GC [PSYoungGen: 49118K->5776K(49152K)] 69645K->26310K(160256K), 0.0016820 secs] [Times: user=0.01 sys=0.00, real=0.00 secs] 
45.317: Total time for which application threads were stopped: 0.0034230 seconds, Stopping threads took: 0.0016650 seconds
45.356: Application time: 0.0389200 seconds
45.357: [GC [PSYoungGen: 48272K->6656K(49152K)] 68806K->28158K(160256K), 0.0023030 secs] [Times: user=0.01 sys=0.00, real=0.01 secs] 
45.359: Total time for which application threads were stopped: 0.0036860 seconds, Stopping threads took: 0.0013010 seconds
45.401: Application time: 0.0414260 seconds
45.403: [GC [PSYoungGen: 49152K->6240K(49152K)] 70654K->27742K(160256K), 0.0018630 secs] [Times: user=0.01 sys=0.00, real=0.00 secs] 
45.405: Total time for which application threads were stopped: 0.0043660 seconds, Stopping threads took: 0.0024230 seconds
45.446: Application time: 0.0404960 seconds
45.448: [GC [PSYoungGen: 48736K->6624K(49152K)] 70238K->28686K(160256K), 0.0021010 secs] [Times: user=0.01 sys=0.00, real=0.00 secs] 
45.450: Total time for which application threads were stopped: 0.0047200 seconds, Stopping threads took: 0.0025270 seconds
45.491: Application time: 0.0404970 seconds
45.493: [GC [PSYoungGen: 49120K->6656K(49152K)] 71182K->28742K(160256K), 0.0020610 secs] [Times: user=0.01 sys=0.00, real=0.00 secs] 
45.495: Total time for which application threads were stopped: 0.0043790 seconds, Stopping threads took: 0.0022360 seconds
45.538: Application time: 0.0425660 seconds
45.540: [GC [PSYoungGen: 49152K->5952K(49152K)] 71238K->28046K(160256K), 0.0018070 secs] [Times: user=0.01 sys=0.00, real=0.00 secs] 
45.542: Total time for which application threads were stopped: 0.0044920 seconds, Stopping threads took: 0.0026070 seconds
45.584: Application time: 0.0416550 seconds
45.586: [GC [PSYoungGen: 48446K->5088K(49152K)] 70541K->27182K(160256K), 0.0015130 secs] [Times: user=0.01 sys=0.00, real=0.01 secs] 
45.588: Total time for which application threads were stopped: 0.0036250 seconds, Stopping threads took: 0.0020350 seconds
45.627: Application time: 0.0394750 seconds
45.628: [GC [PSYoungGen: 47584K->6400K(49152K)] 69678K->28494K(160256K), 0.0018440 secs] [Times: user=0.01 sys=0.00, real=0.00 secs] 
45.630: Total time for which application threads were stopped: 0.0033040 seconds, Stopping threads took: 0.0013820 seconds
45.672: Application time: 0.0420930 seconds
45.674: [GC [PSYoungGen: 48896K->6656K(49152K)] 70990K->29622K(160256K), 0.0021170 secs] [Times: user=0.01 sys=0.00, real=0.00 secs] 
45.676: Total time for which application threads were stopped: 0.0038580 seconds, Stopping threads took: 0.0016660 seconds
45.718: Application time: 0.0412540 seconds
45.720: [GC [PSYoungGen: 49152K->6640K(49152K)] 72118K->30230K(160256K), 0.0021830 secs] [Times: user=0.01 sys=0.00, real=0.00 secs] 
45.722: Total time for which application threads were stopped: 0.0044150 seconds, Stopping threads took: 0.0021570 seconds
45.766: Application time: 0.0436070 seconds
45.768: [GC [PSYoungGen: 49136K->6320K(49152K)] 72726K->29910K(160256K), 0.0018690 secs] [Times: user=0.01 sys=0.00, real=0.00 secs] 
45.770: Total time for which application threads were stopped: 0.0047560 seconds, Stopping threads took: 0.0028130 seconds
45.811: Application time: 0.0407870 seconds
45.813: [GC [PSYoungGen: 48816K->6624K(49152K)] 72406K->30262K(160256K), 0.0021350 secs] [Times: user=0.01 sys=0.00, real=0.00 secs] 
45.815: Total time for which application threads were stopped: 0.0035690 seconds, Stopping threads took: 0.0013540 seconds
45.855: Application time: 0.0403450 seconds
45.857: [GC [PSYoungGen: 49120K->6656K(49152K)] 72758K->30702K(160256K), 0.0021210 secs] [Times: user=0.02 sys=0.00, real=0.01 secs] 
45.859: Total time for which application threads were stopped: 0.0043400 seconds, Stopping threads took: 0.0021350 seconds
45.898: Application time: 0.0390550 seconds
45.901: [GC [PSYoungGen: 49152K->6656K(49152K)] 73198K->31766K(160256K), 0.0023000 secs] [Times: user=0.01 sys=0.00, real=0.00 secs] 
45.903: Total time for which application threads were stopped: 0.0049200 seconds, Stopping threads took: 0.0025350 seconds
45.944: Application time: 0.0404880 seconds
45.947: [GC [PSYoungGen: 49152K->6640K(49152K)] 74262K->32334K(160256K), 0.0021630 secs] [Times: user=0.02 sys=0.00, real=0.00 secs] 
45.949: Total time for which application threads were stopped: 0.0051960 seconds, Stopping threads took: 0.0029510 seconds
45.991: Application time: 0.0417950 seconds
45.994: [GC [PSYoungGen: 49136K->5712K(49152K)] 74830K->31414K(160256K), 0.0018150 secs] [Times: user=0.01 sys=0.00, real=0.00 secs] 
45.995: Total time for which application threads were stopped: 0.0044940 seconds, Stopping threads took: 0.0025970 seconds
46.036: Application time: 0.0403730 seconds
46.038: [GC [PSYoungGen: 48208K->6656K(49152K)] 73910K->32358K(160256K), 0.0021200 secs] [Times: user=0.02 sys=0.00, real=0.01 secs] 
46.040: Total time for which application threads were stopped: 0.0041440 seconds, Stopping threads took: 0.0019190 seconds
46.085: Application time: 0.0451000 seconds
46.087: [GC [PSYoungGen: 49152K->3936K(49152K)] 74854K->29646K(160256K), 0.0012990 secs] [Times: user=0.01 sys=0.00, real=0.01 secs] 
46.088: Total time for which application threads were stopped: 0.0028350 seconds, Stopping threads took: 0.0014530 seconds
46.131: Application time: 0.0427210 seconds
46.132: [GC [PSYoungGen: 46432K->6272K(49152K)] 72142K->31990K(160256K), 0.0020820 secs] [Times: user=0.02 sys=0.00, real=0.00 secs] 
46.134: Total time for which application threads were stopped: 0.0037670 seconds, Stopping threads took: 0.0016110 seconds
46.178: Application time: 0.0434520 seconds
46.181: [GC [PSYoungGen: 48768K->6176K(49152K)] 74486K->31894K(160256K), 0.0019320 secs] [Times: user=0.01 sys=0.00, real=0.00 secs] 
46.183: Total time for which application threads were stopped: 0.0052690 seconds, Stopping threads took: 0.0032690 seconds
46.226: Application time: 0.0427580 seconds
46.229: [GC [PSYoungGen: 48672K->6112K(49152K)] 74390K->31830K(160256K), 0.0017910 secs] [Times: user=0.01 sys=0.00, real=0.00 secs] 
46.231: Total time for which application threads were stopped: 0.0049710 seconds, Stopping threads took: 0.0030980 seconds
46.271: Application time: 0.0402800 seconds
46.274: [GC [PSYoungGen: 48608K->6640K(49152K)] 74326K->33206K(160256K), 0.0022560 secs] [Times: user=0.01 sys=0.00, real=0.00 secs] 
46.276: Total time for which application threads were stopped: 0.0049030 seconds, Stopping threads took: 0.0025600 seconds
46.317: Application time: 0.0409720 seconds
46.318: [GC [PSYoungGen: 49136K->6400K(49152K)] 75702K->32966K(160256K), 0.0019180 secs] [Times: user=0.01 sys=0.00, real=0.01 secs] 
46.320: Total time for which application threads were stopped: 0.0034760 seconds, Stopping threads took: 0.0014770 seconds
46.361: Application time: 0.0405260 seconds
46.362: [GC [PSYoungGen: 48896K->5840K(49152K)] 75462K->32406K(160256K), 0.0017830 secs] [Times: user=0.01 sys=0.00, real=0.00 secs] 
46.364: Total time for which application threads were stopped: 0.0031040 seconds, Stopping threads took: 0.0012420 seconds
46.405: Application time: 0.0411900 seconds
46.408: [GC [PSYoungGen: 48336K->6656K(49152K)] 74902K->33254K(160256K), 0.0020510 secs] [Times: user=0.01 sys=0.00, real=0.00 secs] 
46.410: Total time for which application threads were stopped: 0.0050070 seconds, Stopping threads took: 0.0028750 seconds
46.451: Application time: 0.0407410 seconds
46.453: [GC [PSYoungGen: 49152K->6656K(49152K)] 75750K->33638K(160256K), 0.0021220 secs] [Times: user=0.02 sys=0.00, real=0.00 secs] 
46.455: Total time for which application threads were stopped: 0.0039310 seconds, Stopping threads took: 0.0017280 seconds
46.495: Application time: 0.0400980 seconds
46.497: [GC [PSYoungGen: 49152K->6624K(49152K)] 76134K->34150K(160256K), 0.0022030 secs] [Times: user=0.02 sys=0.00, real=0.01 secs] 
46.499: Total time for which application threads were stopped: 0.0037560 seconds, Stopping threads took: 0.0014450 seconds
46.539: Application time: 0.0399840 seconds
46.541: [GC [PSYoungGen: 49120K->6624K(49152K)] 76646K->35074K(160256K), 0.0022600 secs] [Times: user=0.02 sys=0.00, real=0.00 secs] 
46.544: Total time for which application threads were stopped: 0.0047950 seconds, Stopping threads took: 0.0024270 seconds
46.585: Application time: 0.0410310 seconds
46.586: [GC [PSYoungGen: 49120K->6208K(49152K)] 77570K->34666K(160256K), 0.0019690 secs] [Times: user=0.01 sys=0.00, real=0.01 secs] 
46.588: Total time for which application threads were stopped: 0.0034400 seconds, Stopping threads took: 0.0013850 seconds
46.630: Application time: 0.0416220 seconds
46.632: [GC [PSYoungGen: 48704K->6336K(49152K)] 77162K->34802K(160256K), 0.0019710 secs] [Times: user=0.01 sys=0.00, real=0.00 secs] 
46.634: Total time for which application threads were stopped: 0.0038990 seconds, Stopping threads took: 0.0018470 seconds
46.676: Application time: 0.0427090 seconds
46.678: [GC [PSYoungGen: 48832K->5808K(49152K)] 77298K->34274K(160256K), 0.0016990 secs] [Times: user=0.01 sys=0.00, real=0.01 secs] 
46.680: Total time for which application threads were stopped: 0.0036270 seconds, Stopping threads took: 0.0018470 seconds
46.721: Application time: 0.0411530 seconds
46.724: [GC [PSYoungGen: 48304K->6624K(49152K)] 76770K->35106K(160256K), 0.0019310 secs] [Times: user=0.01 sys=0.00, real=0.00 secs] 
46.726: Total time for which application threads were stopped: 0.0044730 seconds, Stopping threads took: 0.0024680 seconds
46.766: Application time: 0.0402020 seconds
46.767: [GC [PSYoungGen: 49120K->5984K(49152K)] 77602K->34466K(160256K), 0.0017710 secs] [Times: user=0.01 sys=0.00, real=0.00 secs] 
46.769: Total time for which application threads were stopped: 0.0033810 seconds, Stopping threads took: 0.0015310 seconds
46.809: Application time: 0.0400720 seconds
46.811: [GC [PSYoungGen: 48480K->6624K(49152K)] 76962K->35778K(160256K), 0.0021060 secs] [Times: user=0.01 sys=0.00, real=0.00 secs] 
46.813: Total time for which application threads were stopped: 0.0036140 seconds, Stopping threads took: 0.0014260 seconds
46.854: Application time: 0.0415790 seconds
46.856: [GC [PSYoungGen: 49120K->6656K(49152K)] 78274K->36762K(160256K), 0.0021260 secs] [Times: user=0.02 sys=0.00, real=0.01 secs] 
46.859: Total time for which application threads were stopped: 0.0042250 seconds, Stopping threads took: 0.0020230 seconds
46.900: Application time: 0.0418290 seconds
46.902: [GC [PSYoungGen: 49152K->6624K(49152K)] 79258K->38050K(160256K), 0.0021790 secs] [Times: user=0.02 sys=0.00, real=0.00 secs] 
46.905: Total time for which application threads were stopped: 0.0041380 seconds, Stopping threads took: 0.0018800 seconds
46.955: Application time: 0.0503060 seconds
46.958: [GC [PSYoungGen: 49120K->5920K(49152K)] 80546K->37346K(160256K), 0.0018560 secs] [Times: user=0.01 sys=0.00, real=0.01 secs] 
46.960: Total time for which application threads were stopped: 0.0048480 seconds, Stopping threads took: 0.0029010 seconds
47.001: Application time: 0.0414230 seconds
47.004: [GC [PSYoungGen: 48416K->6640K(49152K)] 79842K->38130K(160256K), 0.0020080 secs] [Times: user=0.01 sys=0.00, real=0.00 secs] 
47.006: Total time for which application threads were stopped: 0.0047590 seconds, Stopping threads took: 0.0026670 seconds
47.049: Application time: 0.0434690 seconds
47.052: [GC [PSYoungGen: 49136K->6608K(49152K)] 80626K->38114K(160256K), 0.0018360 secs] [Times: user=0.01 sys=0.00, real=0.00 secs] 
47.054: Total time for which application threads were stopped: 0.0046820 seconds, Stopping threads took: 0.0027710 seconds
47.096: Application time: 0.0423150 seconds
47.100: [GC [PSYoungGen: 49104K->5136K(49152K)] 80610K->36650K(160256K), 0.0014890 secs] [Times: user=0.01 sys=0.00, real=0.00 secs] 
47.101: Total time for which application threads were stopped: 0.0049760 seconds, Stopping threads took: 0.0034200 seconds
47.143: Application time: 0.0417800 seconds
47.146: [GC [PSYoungGen: 47632K->5568K(49152K)] 79146K->37098K(160256K), 0.0016580 secs] [Times: user=0.01 sys=0.00, real=0.01 secs] 
47.147: Total time for which application threads were stopped: 0.0040760 seconds, Stopping threads took: 0.0023420 seconds
47.188: Application time: 0.0408020 seconds
47.190: [GC [PSYoungGen: 48064K->6032K(49152K)] 79594K->37570K(160256K), 0.0017780 secs] [Times: user=0.01 sys=0.00, real=0.00 secs] 
47.192: Total time for which application threads were stopped: 0.0039470 seconds, Stopping threads took: 0.0020880 seconds
47.233: Application time: 0.0409470 seconds
47.235: [GC [PSYoungGen: 48528K->5760K(49152K)] 80066K->37298K(160256K), 0.0017800 secs] [Times: user=0.01 sys=0.00, real=0.00 secs] 
47.237: Total time for which application threads were stopped: 0.0038620 seconds, Stopping threads took: 0.0020050 seconds
47.280: Application time: 0.0428390 seconds
47.281: [GC [PSYoungGen: 48256K->6272K(49152K)] 79794K->37826K(160256K), 0.0019140 secs] [Times: user=0.01 sys=0.00, real=0.00 secs] 
47.283: Total time for which application threads were stopped: 0.0036830 seconds, Stopping threads took: 0.0016930 seconds
47.323: Application time: 0.0396360 seconds
47.325: [GC [PSYoungGen: 48766K->6624K(49152K)] 80321K->38538K(160256K), 0.0020990 secs] [Times: user=0.01 sys=0.00, real=0.01 secs] 
47.327: Total time for which application threads were stopped: 0.0043450 seconds, Stopping threads took: 0.0021620 seconds
47.370: Application time: 0.0421740 seconds
47.372: [GC [PSYoungGen: 49120K->6624K(49152K)] 81034K->38814K(160256K), 0.0020650 secs] [Times: user=0.02 sys=0.00, real=0.00 secs] 
47.374: Total time for which application threads were stopped: 0.0041060 seconds, Stopping threads took: 0.0019630 seconds
47.414: Application time: 0.0403510 seconds
47.416: [GC [PSYoungGen: 49120K->6368K(49152K)] 81310K->38558K(160256K), 0.0018700 secs] [Times: user=0.01 sys=0.00, real=0.00 secs] 
47.418: Total time for which application threads were stopped: 0.0043430 seconds, Stopping threads took: 0.0023940 seconds
47.458: Application time: 0.0391630 seconds
47.460: [GC [PSYoungGen: 48864K->6336K(49152K)] 81054K->38542K(160256K), 0.0018480 secs] [Times: user=0.01 sys=0.00, real=0.00 secs] 
47.462: Total time for which application threads were stopped: 0.0045240 seconds, Stopping threads took: 0.0025960 seconds
47.503: Application time: 0.0405570 seconds
47.504: [GC [PSYoungGen: 48832K->6624K(49152K)] 81038K->38910K(160256K), 0.0021120 secs] [Times: user=0.01 sys=0.00, real=0.00 secs] 
47.506: Total time for which application threads were stopped: 0.0030880 seconds, Stopping threads took: 0.0008990 seconds
47.544: Application time: 0.0383780 seconds
47.547: [GC [PSYoungGen: 49120K->6096K(49152K)] 81406K->38398K(160256K), 0.0017320 secs] [Times: user=0.01 sys=0.00, real=0.00 secs] 
47.548: Total time for which application threads were stopped: 0.0044050 seconds, Stopping threads took: 0.0025960 seconds
47.590: Application time: 0.0412420 seconds
47.592: [GC [PSYoungGen: 48592K->6368K(49152K)] 80894K->38670K(160256K), 0.0019110 secs] [Times: user=0.01 sys=0.00, real=0.00 secs] 
47.594: Total time for which application threads were stopped: 0.0040890 seconds, Stopping threads took: 0.0021020 seconds
47.632: Application time: 0.0381900 seconds
47.634: [GC [PSYoungGen: 48864K->6640K(49152K)] 81166K->39430K(160256K), 0.0021900 secs] [Times: user=0.02 sys=0.00, real=0.00 secs] 
47.636: Total time for which application threads were stopped: 0.0040610 seconds, Stopping threads took: 0.0017660 seconds
47.675: Application time: 0.0393070 seconds
47.678: [GC [PSYoungGen: 49136K->6656K(49152K)] 81926K->40070K(160256K), 0.0022310 secs] [Times: user=0.02 sys=0.00, real=0.01 secs] 
47.680: Total time for which application threads were stopped: 0.0047720 seconds, Stopping threads took: 0.0024640 seconds
47.718: Application time: 0.0379160 seconds
47.720: [GC [PSYoungGen: 49152K->5696K(49152K)] 82566K->39118K(160256K), 0.0016650 secs] [Times: user=0.01 sys=0.00, real=0.00 secs] 
47.721: Total time for which application threads were stopped: 0.0033060 seconds, Stopping threads took: 0.0015470 seconds
47.762: Application time: 0.0403820 seconds
47.764: [GC [PSYoungGen: 48192K->6624K(49152K)] 81614K->40047K(160256K), 0.0019040 secs] [Times: user=0.02 sys=0.00, real=0.00 secs] 
47.766: Total time for which application threads were stopped: 0.0039570 seconds, Stopping threads took: 0.0019770 seconds
47.807: Application time: 0.0414100 seconds
47.809: [GC [PSYoungGen: 49120K->4544K(49152K)] 82543K->37974K(160256K), 0.0013100 secs] [Times: user=0.01 sys=0.00, real=0.00 secs] 
47.810: Total time for which application threads were stopped: 0.0029970 seconds, Stopping threads took: 0.0016170 seconds
47.850: Application time: 0.0396730 seconds
47.851: [GC [PSYoungGen: 47040K->6416K(49152K)] 80470K->39846K(160256K), 0.0018990 secs] [Times: user=0.01 sys=0.00, real=0.00 secs] 
47.853: Total time for which application threads were stopped: 0.0031460 seconds, Stopping threads took: 0.0011690 seconds
47.892: Application time: 0.0389760 seconds
47.894: [GC [PSYoungGen: 48912K->6256K(49152K)] 82342K->39686K(160256K), 0.0017870 secs] [Times: user=0.01 sys=0.00, real=0.00 secs] 
47.896: Total time for which application threads were stopped: 0.0037660 seconds, Stopping threads took: 0.0019040 seconds
47.936: Application time: 0.0402640 seconds
47.938: [GC [PSYoungGen: 48752K->6656K(49152K)] 82182K->40614K(160256K), 0.0021400 secs] [Times: user=0.02 sys=0.00, real=0.01 secs] 
47.940: Total time for which application threads were stopped: 0.0039780 seconds, Stopping threads took: 0.0017600 seconds
47.978: Application time: 0.0381450 seconds
47.980: [GC [PSYoungGen: 49152K->6640K(49152K)] 83110K->40822K(160256K), 0.0018830 secs] [Times: user=0.02 sys=0.00, real=0.00 secs] 
47.982: Total time for which application threads were stopped: 0.0036050 seconds, Stopping threads took: 0.0016550 seconds
48.024: Application time: 0.0425880 seconds
48.027: [GC [PSYoungGen: 49136K->6656K(49152K)] 83318K->40838K(160256K), 0.0018120 secs] [Times: user=0.01 sys=0.00, real=0.00 secs] 
48.029: Total time for which application threads were stopped: 0.0044210 seconds, Stopping threads took: 0.0025410 seconds
48.069: Application time: 0.0405250 seconds
48.070: [GC [PSYoungGen: 49152K->6624K(49152K)] 83334K->41419K(160256K), 0.0021730 secs] [Times: user=0.01 sys=0.00, real=0.00 secs] 
48.072: Total time for which application threads were stopped: 0.0027660 seconds, Stopping threads took: 0.0005110 seconds
48.111: Application time: 0.0387700 seconds
48.113: [GC [PSYoungGen: 49120K->5536K(49152K)] 83915K->40338K(160256K), 0.0015990 secs] [Times: user=0.01 sys=0.01, real=0.00 secs] 
48.115: Total time for which application threads were stopped: 0.0039670 seconds, Stopping threads took: 0.0023000 seconds
48.154: Application time: 0.0393500 seconds
48.156: [GC [PSYoungGen: 48032K->6656K(49152K)] 82834K->42118K(160256K), 0.0020420 secs] [Times: user=0.01 sys=0.00, real=0.00 secs] 
48.158: Total time for which application threads were stopped: 0.0038230 seconds, Stopping threads took: 0.0017110 seconds
48.199: Application time: 0.0407920 seconds
48.201: [GC [PSYoungGen: 49152K->6416K(49152K)] 84614K->41887K(160256K), 0.0018480 secs] [Times: user=0.01 sys=0.00, real=0.00 secs] 
48.202: Total time for which application threads were stopped: 0.0037200 seconds, Stopping threads took: 0.0017980 seconds
48.242: Application time: 0.0394620 seconds
48.245: [GC [PSYoungGen: 48912K->6656K(49152K)] 84383K->43135K(160256K), 0.0021910 secs] [Times: user=0.02 sys=0.00, real=0.01 secs] 
48.247: Total time for which application threads were stopped: 0.0053450 seconds, Stopping threads took: 0.0030780 seconds
48.287: Application time: 0.0393890 seconds
48.288: [GC [PSYoungGen: 49152K->6656K(49152K)] 85631K->43375K(160256K), 0.0020510 secs] [Times: user=0.02 sys=0.00, real=0.00 secs] 
48.290: Total time for which application threads were stopped: 0.0036020 seconds, Stopping threads took: 0.0014680 seconds
48.330: Application time: 0.0398130 seconds
48.332: [GC [PSYoungGen: 49152K->6432K(49152K)] 85871K->43159K(160256K), 0.0018060 secs] [Times: user=0.01 sys=0.00, real=0.00 secs] 
48.334: Total time for which application threads were stopped: 0.0037280 seconds, Stopping threads took: 0.0018400 seconds
48.376: Application time: 0.0417230 seconds
48.378: [GC [PSYoungGen: 48928K->5984K(49152K)] 85655K->42711K(160256K), 0.0017650 secs] [Times: user=0.01 sys=0.00, real=0.01 secs] 
48.380: Total time for which application threads were stopped: 0.0045170 seconds, Stopping threads took: 0.0026810 seconds
48.418: Application time: 0.0376020 seconds
48.420: [GC [PSYoungGen: 48480K->6640K(49152K)] 85207K->44855K(160256K), 0.0023470 secs] [Times: user=0.01 sys=0.00, real=0.00 secs] 
48.422: Total time for which application threads were stopped: 0.0045540 seconds, Stopping threads took: 0.0021320 seconds
48.463: Application time: 0.0407710 seconds
48.466: [GC [PSYoungGen: 49136K->6656K(49152K)] 87351K->46291K(160256K), 0.0023640 secs] [Times: user=0.01 sys=0.00, real=0.01 secs] 
48.468: Total time for which application threads were stopped: 0.0049990 seconds, Stopping threads took: 0.0025550 seconds
48.507: Application time: 0.0390490 seconds
48.510: [GC [PSYoungGen: 49151K->6656K(49152K)] 88786K->47523K(160256K), 0.0022380 secs] [Times: user=0.01 sys=0.00, real=0.00 secs] 
48.512: Total time for which application threads were stopped: 0.0050790 seconds, Stopping threads took: 0.0027640 seconds
48.554: Application time: 0.0414110 seconds
48.554: [GC [PSYoungGen: 49152K->6640K(49152K)] 90019K->48563K(160256K), 0.0021730 secs] [Times: user=0.02 sys=0.00, real=0.00 secs] 
48.557: Total time for which application threads were stopped: 0.0030660 seconds, Stopping threads took: 0.0008140 seconds
48.597: Application time: 0.0399130 seconds
48.598: [GC [PSYoungGen: 49136K->6608K(49152K)] 91059K->48531K(160256K), 0.0019540 secs] [Times: user=0.02 sys=0.00, real=0.01 secs] 
48.600: Total time for which application threads were stopped: 0.0036480 seconds, Stopping threads took: 0.0016090 seconds
48.639: Application time: 0.0384450 seconds
48.641: [GC [PSYoungGen: 49104K->6368K(49152K)] 91027K->48291K(160256K), 0.0020650 secs] [Times: user=0.00 sys=0.00, real=0.00 secs] 
48.643: Total time for which application threads were stopped: 0.0040080 seconds, Stopping threads took: 0.0018620 seconds
48.681: Application time: 0.0386480 seconds
48.682: [GC [PSYoungGen: 48864K->6640K(49152K)] 90787K->49131K(160256K), 0.0021760 secs] [Times: user=0.01 sys=0.00, real=0.00 secs] 
48.685: Total time for which application threads were stopped: 0.0034380 seconds, Stopping threads took: 0.0011760 seconds
48.723: Application time: 0.0382450 seconds
48.725: [GC [PSYoungGen: 49136K->6640K(49152K)] 91627K->49419K(160256K), 0.0021440 secs] [Times: user=0.01 sys=0.00, real=0.01 secs] 
48.728: Total time for which application threads were stopped: 0.0046300 seconds, Stopping threads took: 0.0024050 seconds
48.767: Application time: 0.0389210 seconds
48.769: [GC [PSYoungGen: 49136K->6368K(49152K)] 91915K->49155K(160256K), 0.0019800 secs] [Times: user=0.00 sys=0.01, real=0.00 secs] 
48.771: Total time for which application threads were stopped: 0.0040490 seconds, Stopping threads took: 0.0019760 seconds
48.811: Application time: 0.0407380 seconds
48.812: [GC [PSYoungGen: 48864K->5744K(49152K)] 91651K->48539K(160256K), 0.0017650 secs] [Times: user=0.01 sys=0.00, real=0.00 secs] 
48.814: Total time for which application threads were stopped: 0.0028830 seconds, Stopping threads took: 0.0010450 seconds
48.852: Application time: 0.0381040 seconds
48.854: [GC [PSYoungGen: 48240K->5744K(49152K)] 91035K->48547K(160256K), 0.0018040 secs] [Times: user=0.01 sys=0.00, real=0.00 secs] 
48.856: Total time for which application threads were stopped: 0.0040140 seconds, Stopping threads took: 0.0021340 seconds
48.896: Application time: 0.0399100 seconds
48.898: [GC [PSYoungGen: 48239K->5088K(49152K)] 91043K->47891K(160256K), 0.0015680 secs] [Times: user=0.01 sys=0.00, real=0.01 secs] 
48.900: Total time for which application threads were stopped: 0.0034550 seconds, Stopping threads took: 0.0018170 seconds
48.939: Application time: 0.0394560 seconds
48.941: [GC [PSYoungGen: 47584K->5392K(49152K)] 90387K->48195K(160256K), 0.0016050 secs] [Times: user=0.01 sys=0.00, real=0.00 secs] 
48.942: Total time for which application threads were stopped: 0.0031470 seconds, Stopping threads took: 0.0014710 seconds
48.981: Application time: 0.0389500 seconds
48.984: [GC [PSYoungGen: 47888K->6656K(49152K)] 90691K->49467K(160256K), 0.0020030 secs] [Times: user=0.02 sys=0.00, real=0.00 secs] 
48.986: Total time for which application threads were stopped: 0.0044670 seconds, Stopping threads took: 0.0023830 seconds
49.023: Application time: 0.0375870 seconds
49.026: [GC [PSYoungGen: 49152K->6656K(49152K)] 91963K->49723K(160256K), 0.0020290 secs] [Times: user=0.01 sys=0.00, real=0.01 secs] 
49.028: Total time for which application threads were stopped: 0.0045270 seconds, Stopping threads took: 0.0024240 seconds
49.067: Application time: 0.0390430 seconds
49.069: [GC [PSYoungGen: 49152K->6304K(49152K)] 92219K->49379K(160256K), 0.0019910 secs] [Times: user=0.01 sys=0.00, real=0.00 secs] 
49.071: Total time for which application threads were stopped: 0.0040950 seconds, Stopping threads took: 0.0020190 seconds
49.110: Application time: 0.0389640 seconds
49.111: [GC [PSYoungGen: 48800K->6592K(49152K)] 91875K->49667K(160256K), 0.0019550 secs] [Times: user=0.01 sys=0.00, real=0.00 secs] 
49.113: Total time for which application threads were stopped: 0.0034610 seconds, Stopping threads took: 0.0014220 seconds
49.153: Application time: 0.0397340 seconds
49.155: [GC [PSYoungGen: 49088K->6464K(49152K)] 92163K->49539K(160256K), 0.0018780 secs] [Times: user=0.01 sys=0.00, real=0.00 secs] 
49.157: Total time for which application threads were stopped: 0.0034160 seconds, Stopping threads took: 0.0014650 seconds
49.198: Application time: 0.0414550 seconds
49.200: [GC [PSYoungGen: 48960K->6368K(49152K)] 92035K->49451K(160256K), 0.0018330 secs] [Times: user=0.01 sys=0.00, real=0.00 secs] 
49.201: Total time for which application threads were stopped: 0.0034230 seconds, Stopping threads took: 0.0015210 seconds
49.241: Application time: 0.0396490 seconds
49.243: [GC [PSYoungGen: 48864K->6656K(49152K)] 91947K->50147K(160256K), 0.0020640 secs] [Times: user=0.01 sys=0.00, real=0.00 secs] 
49.245: Total time for which application threads were stopped: 0.0036230 seconds, Stopping threads took: 0.0014820 seconds
49.284: Application time: 0.0389720 seconds
49.286: [GC [PSYoungGen: 49152K->6640K(49152K)] 92643K->50411K(160256K), 0.0020610 secs] [Times: user=0.02 sys=0.00, real=0.01 secs] 
49.288: Total time for which application threads were stopped: 0.0045530 seconds, Stopping threads took: 0.0024140 seconds
49.327: Application time: 0.0389180 seconds
49.329: [GC [PSYoungGen: 49136K->6640K(49152K)] 92907K->50715K(160256K), 0.0020140 secs] [Times: user=0.02 sys=0.00, real=0.00 secs] 
49.331: Total time for which application threads were stopped: 0.0039510 seconds, Stopping threads took: 0.0018590 seconds
49.371: Application time: 0.0400960 seconds
49.374: [GC [PSYoungGen: 49136K->6640K(49152K)] 93211K->50915K(160256K), 0.0020440 secs] [Times: user=0.01 sys=0.00, real=0.00 secs] 
49.376: Total time for which application threads were stopped: 0.0043810 seconds, Stopping threads took: 0.0022660 seconds
49.414: Application time: 0.0384130 seconds
49.416: [GC [PSYoungGen: 49136K->6656K(49152K)] 93411K->52107K(160256K), 0.0022180 secs] [Times: user=0.01 sys=0.00, real=0.01 secs] 
49.419: Total time for which application threads were stopped: 0.0045610 seconds, Stopping threads took: 0.0022610 seconds
49.458: Application time: 0.0397180 seconds
49.459: [GC [PSYoungGen: 49152K->6656K(49152K)] 94603K->52139K(160256K), 0.0019840 secs] [Times: user=0.01 sys=0.00, real=0.00 secs] 
49.461: Total time for which application threads were stopped: 0.0028290 seconds, Stopping threads took: 0.0007710 seconds
49.500: Application time: 0.0387550 seconds
49.501: [GC [PSYoungGen: 49152K->6640K(49152K)] 94635K->52939K(160256K), 0.0022200 secs] [Times: user=0.01 sys=0.00, real=0.00 secs] 
49.503: Total time for which application threads were stopped: 0.0034830 seconds, Stopping threads took: 0.0011760 seconds
49.546: Application time: 0.0424130 seconds
49.547: [GC [PSYoungGen: 49136K->6640K(49152K)] 95435K->53507K(160256K), 0.0020450 secs] [Times: user=0.01 sys=0.01, real=0.00 secs] 
49.549: Total time for which application threads were stopped: 0.0035730 seconds, Stopping threads took: 0.0014600 seconds
49.592: Application time: 0.0423460 seconds
49.593: [GC [PSYoungGen: 49136K->5344K(49152K)] 96003K->52211K(160256K), 0.0016080 secs] [Times: user=0.01 sys=0.00, real=0.00 secs] 
49.594: Total time for which application threads were stopped: 0.0026890 seconds, Stopping threads took: 0.0010110 seconds
49.634: Application time: 0.0396130 seconds
49.636: [GC [PSYoungGen: 47840K->6656K(49152K)] 94707K->53883K(160256K), 0.0020610 secs] [Times: user=0.01 sys=0.00, real=0.00 secs] 
49.638: Total time for which application threads were stopped: 0.0036020 seconds, Stopping threads took: 0.0014570 seconds
49.675: Application time: 0.0378280 seconds
49.677: [GC [PSYoungGen: 49152K->6656K(49152K)] 96379K->54135K(160256K), 0.0020080 secs] [Times: user=0.01 sys=0.00, real=0.01 secs] 
49.679: Total time for which application threads were stopped: 0.0031290 seconds, Stopping threads took: 0.0010500 seconds
49.716: Application time: 0.0377770 seconds
49.718: [GC [PSYoungGen: 49152K->6656K(49152K)] 96631K->54183K(160256K), 0.0021220 secs] [Times: user=0.01 sys=0.00, real=0.01 secs] 
49.720: Total time for which application threads were stopped: 0.0036860 seconds, Stopping threads took: 0.0014830 seconds
49.758: Application time: 0.0384340 seconds
49.761: [GC [PSYoungGen: 49152K->6624K(49152K)] 96679K->54591K(160256K), 0.0021070 secs] [Times: user=0.02 sys=0.00, real=0.00 secs] 
49.763: Total time for which application threads were stopped: 0.0047210 seconds, Stopping threads took: 0.0025330 seconds
49.802: Application time: 0.0389130 seconds
49.804: [GC [PSYoungGen: 49120K->6416K(49152K)] 97087K->54383K(160256K), 0.0018810 secs] [Times: user=0.01 sys=0.00, real=0.00 secs] 
49.806: Total time for which application threads were stopped: 0.0039610 seconds, Stopping threads took: 0.0020020 seconds
49.846: Application time: 0.0398070 seconds
49.849: [GC [PSYoungGen: 48910K->6640K(49152K)] 96877K->55167K(160256K), 0.0021910 secs] [Times: user=0.01 sys=0.00, real=0.00 secs] 
49.851: Total time for which application threads were stopped: 0.0053650 seconds, Stopping threads took: 0.0030980 seconds
49.893: Application time: 0.0418390 seconds
49.895: [GC [PSYoungGen: 49136K->4784K(49152K)] 97663K->53319K(160256K), 0.0014920 secs] [Times: user=0.01 sys=0.00, real=0.00 secs] 
49.896: Total time for which application threads were stopped: 0.0030310 seconds, Stopping threads took: 0.0014740 seconds
49.937: Application time: 0.0404100 seconds
49.939: [GC [PSYoungGen: 47280K->6160K(49152K)] 95815K->54695K(160256K), 0.0019190 secs] [Times: user=0.01 sys=0.00, real=0.00 secs] 
49.941: Total time for which application threads were stopped: 0.0044470 seconds, Stopping threads took: 0.0024540 seconds
49.978: Application time: 0.0371370 seconds
49.980: [GC [PSYoungGen: 48656K->6656K(49152K)] 97191K->56535K(160256K), 0.0024500 secs] [Times: user=0.01 sys=0.00, real=0.00 secs] 
49.983: Total time for which application threads were stopped: 0.0047760 seconds, Stopping threads took: 0.0022470 seconds
50.022: Application time: 0.0389320 seconds
50.024: [GC [PSYoungGen: 49152K->6624K(49152K)] 99031K->56663K(160256K), 0.0021090 secs] [Times: user=0.01 sys=0.00, real=0.00 secs] 
50.026: Total time for which application threads were stopped: 0.0041380 seconds, Stopping threads took: 0.0019520 seconds
50.064: Application time: 0.0382100 seconds
50.066: [GC [PSYoungGen: 49120K->6640K(49152K)] 99159K->57127K(160256K), 0.0022010 secs] [Times: user=0.01 sys=0.00, real=0.01 secs] 
50.068: Total time for which application threads were stopped: 0.0038160 seconds, Stopping threads took: 0.0015340 seconds
50.106: Application time: 0.0379810 seconds
50.108: [GC [PSYoungGen: 49136K->6624K(49152K)] 99623K->57927K(160256K), 0.0022500 secs] [Times: user=0.02 sys=0.00, real=0.00 secs] 
50.110: Total time for which application threads were stopped: 0.0039260 seconds, Stopping threads took: 0.0015950 seconds
50.147: Application time: 0.0375310 seconds
50.149: [GC [PSYoungGen: 49120K->6640K(49152K)] 100423K->58415K(160256K), 0.0021240 secs] [Times: user=0.02 sys=0.00, real=0.00 secs] 
50.151: Total time for which application threads were stopped: 0.0038780 seconds, Stopping threads took: 0.0016660 seconds
50.191: Application time: 0.0396040 seconds
50.194: [GC [PSYoungGen: 49136K->6160K(49152K)] 100911K->57943K(160256K), 0.0017970 secs] [Times: user=0.01 sys=0.00, real=0.00 secs] 
50.195: Total time for which application threads were stopped: 0.0044350 seconds, Stopping threads took: 0.0025590 seconds
50.233: Application time: 0.0376920 seconds
50.236: [GC [PSYoungGen: 48656K->6496K(49152K)] 100439K->58279K(160256K), 0.0019160 secs] [Times: user=0.02 sys=0.00, real=0.00 secs] 
50.238: Total time for which application threads were stopped: 0.0046100 seconds, Stopping threads took: 0.0026170 seconds
50.276: Application time: 0.0379720 seconds
50.278: [GC [PSYoungGen: 48991K->6640K(49152K)] 100775K->59527K(160256K), 0.0023650 secs] [Times: user=0.02 sys=0.00, real=0.01 secs] 
50.280: Total time for which application threads were stopped: 0.0043370 seconds, Stopping threads took: 0.0018890 seconds
50.318: Application time: 0.0379360 seconds
50.320: [GC [PSYoungGen: 49136K->6656K(49152K)] 102023K->59551K(160256K), 0.0018940 secs] [Times: user=0.02 sys=0.00, real=0.00 secs] 
50.322: Total time for which application threads were stopped: 0.0043410 seconds, Stopping threads took: 0.0023680 seconds
50.362: Application time: 0.0394590 seconds
50.363: [GC [PSYoungGen: 49152K->6640K(49152K)] 102047K->59831K(160256K), 0.0022510 secs] [Times: user=0.01 sys=0.00, real=0.00 secs] 
50.366: Total time for which application threads were stopped: 0.0039340 seconds, Stopping threads took: 0.0016030 seconds
50.406: Application time: 0.0399700 seconds
50.407: [GC [PSYoungGen: 49136K->6448K(49152K)] 102327K->59655K(160256K), 0.0018930 secs] [Times: user=0.01 sys=0.00, real=0.00 secs] 
50.409: Total time for which application threads were stopped: 0.0031890 seconds, Stopping threads took: 0.0012230 seconds
50.447: Application time: 0.0385500 seconds
50.450: [GC [PSYoungGen: 48944K->6624K(49152K)] 102151K->59855K(160256K), 0.0019880 secs] [Times: user=0.02 sys=0.00, real=0.00 secs] 
50.452: Total time for which application threads were stopped: 0.0048930 seconds, Stopping threads took: 0.0028240 seconds
50.490: Application time: 0.0373830 seconds
50.491: [GC [PSYoungGen: 49120K->6640K(49152K)] 102351K->61279K(160256K), 0.0023390 secs] [Times: user=0.01 sys=0.00, real=0.00 secs] 
50.493: Total time for which application threads were stopped: 0.0035000 seconds, Stopping threads took: 0.0010860 seconds
50.532: Application time: 0.0384200 seconds
50.534: [GC [PSYoungGen: 49136K->5952K(49152K)] 103775K->60591K(160256K), 0.0017850 secs] [Times: user=0.02 sys=0.00, real=0.00 secs] 
50.535: Total time for which application threads were stopped: 0.0037030 seconds, Stopping threads took: 0.0018410 seconds
50.575: Application time: 0.0401320 seconds
50.577: [GC [PSYoungGen: 48448K->5824K(49152K)] 103087K->60463K(160256K), 0.0017650 secs] [Times: user=0.01 sys=0.00, real=0.01 secs] 
50.579: Total time for which application threads were stopped: 0.0034870 seconds, Stopping threads took: 0.0016460 seconds
50.620: Application time: 0.0406320 seconds
50.622: [GC [PSYoungGen: 48320K->6640K(49152K)] 102959K->62167K(160256K), 0.0021610 secs] [Times: user=0.01 sys=0.00, real=0.00 secs] 
50.624: Total time for which application threads were stopped: 0.0046840 seconds, Stopping threads took: 0.0024460 seconds
50.662: Application time: 0.0374060 seconds
50.664: [GC [PSYoungGen: 49136K->6640K(49152K)] 104663K->62719K(160256K), 0.0020900 secs] [Times: user=0.01 sys=0.00, real=0.01 secs] 
50.667: Total time for which application threads were stopped: 0.0049240 seconds, Stopping threads took: 0.0027500 seconds
50.705: Application time: 0.0379110 seconds
50.706: [GC [PSYoungGen: 49136K->6640K(49152K)] 105215K->63951K(160256K), 0.0023570 secs] [Times: user=0.02 sys=0.00, real=0.01 secs] 
50.708: Total time for which application threads were stopped: 0.0037870 seconds, Stopping threads took: 0.0013460 seconds
50.747: Application time: 0.0383880 seconds
50.749: [GC [PSYoungGen: 49136K->6656K(49152K)] 106447K->64927K(160256K), 0.0022760 secs] [Times: user=0.02 sys=0.00, real=0.00 secs] 
50.751: Total time for which application threads were stopped: 0.0044180 seconds, Stopping threads took: 0.0020630 seconds
50.789: Application time: 0.0381770 seconds
50.791: [GC [PSYoungGen: 49152K->6544K(49152K)] 107423K->64815K(160256K), 0.0020320 secs] [Times: user=0.01 sys=0.00, real=0.00 secs] 
50.793: Total time for which application threads were stopped: 0.0037770 seconds, Stopping threads took: 0.0016680 seconds
50.830: Application time: 0.0373480 seconds
50.832: [GC [PSYoungGen: 49040K->6304K(49152K)] 107311K->64575K(160256K), 0.0018740 secs] [Times: user=0.02 sys=0.00, real=0.00 secs] 
50.834: Total time for which application threads were stopped: 0.0035200 seconds, Stopping threads took: 0.0015660 seconds
50.871: Application time: 0.0369420 seconds
50.873: [GC [PSYoungGen: 48800K->6656K(49152K)] 107071K->65787K(160256K), 0.0023170 secs] [Times: user=0.02 sys=0.00, real=0.00 secs] 
50.875: Total time for which application threads were stopped: 0.0041560 seconds, Stopping threads took: 0.0017600 seconds
50.913: Application time: 0.0376180 seconds
50.915: [GC [PSYoungGen: 49152K->6640K(49152K)] 108283K->67023K(160256K), 0.0024470 secs] [Times: user=0.02 sys=0.00, real=0.00 secs] 
50.918: Total time for which application threads were stopped: 0.0050070 seconds, Stopping threads took: 0.0024650 seconds
50.956: Application time: 0.0380190 seconds
50.959: [GC [PSYoungGen: 49136K->6640K(49152K)] 109519K->68135K(160256K), 0.0023310 secs] [Times: user=0.02 sys=0.00, real=0.00 secs] 
50.961: Total time for which application threads were stopped: 0.0055430 seconds, Stopping threads took: 0.0031240 seconds
50.998: Application time: 0.0366670 seconds
50.999: [GC [PSYoungGen: 49136K->6640K(49152K)] 110631K->68511K(160256K), 0.0022060 secs] [Times: user=0.01 sys=0.00, real=0.00 secs] 
51.002: Total time for which application threads were stopped: 0.0036230 seconds, Stopping threads took: 0.0013350 seconds
51.040: Application time: 0.0380200 seconds
51.042: [GC [PSYoungGen: 49136K->6656K(49152K)] 111007K->68607K(160256K), 0.0020350 secs] [Times: user=0.01 sys=0.00, real=0.00 secs] 
51.044: Total time for which application threads were stopped: 0.0048150 seconds, Stopping threads took: 0.0027020 seconds
51.081: Application time: 0.0369820 seconds
51.083: [GC [PSYoungGen: 49152K->6656K(49152K)] 111103K->69407K(160256K), 0.0022730 secs] [Times: user=0.02 sys=0.00, real=0.00 secs] 
51.085: Total time for which application threads were stopped: 0.0039950 seconds, Stopping threads took: 0.0016370 seconds
51.124: Application time: 0.0387820 seconds
51.126: [GC [PSYoungGen: 49152K->5888K(49152K)] 111903K->68640K(160256K), 0.0018220 secs] [Times: user=0.01 sys=0.00, real=0.01 secs] 
51.128: Total time for which application threads were stopped: 0.0040370 seconds, Stopping threads took: 0.0021360 seconds
51.168: Application time: 0.0395270 seconds
51.171: [GC [PSYoungGen: 48384K->6656K(49152K)] 111136K->70096K(160256K), 0.0022360 secs] [Times: user=0.01 sys=0.00, real=0.00 secs] 
51.173: Total time for which application threads were stopped: 0.0052100 seconds, Stopping threads took: 0.0028830 seconds
51.213: Application time: 0.0404130 seconds
51.215: [GC [PSYoungGen: 49152K->4608K(49152K)] 112592K->68048K(160256K), 0.0014080 secs] [Times: user=0.01 sys=0.00, real=0.00 secs] 
51.216: Total time for which application threads were stopped: 0.0029240 seconds, Stopping threads took: 0.0014460 seconds
51.258: Application time: 0.0414650 seconds
51.259: [GC [PSYoungGen: 47104K->5088K(49152K)] 110544K->68528K(160256K), 0.0016190 secs] [Times: user=0.01 sys=0.00, real=0.00 secs] 
51.261: Total time for which application threads were stopped: 0.0032830 seconds, Stopping threads took: 0.0015880 seconds
51.301: Application time: 0.0396960 seconds
51.302: [GC [PSYoungGen: 47584K->6432K(49152K)] 111024K->69872K(160256K), 0.0018900 secs] [Times: user=0.01 sys=0.00, real=0.00 secs] 
51.304: Total time for which application threads were stopped: 0.0034500 seconds, Stopping threads took: 0.0014810 seconds
51.342: Application time: 0.0379550 seconds
51.345: [GC [PSYoungGen: 48928K->6192K(49152K)] 112368K->69640K(160256K), 0.0017810 secs] [Times: user=0.01 sys=0.00, real=0.00 secs] 
51.346: Total time for which application threads were stopped: 0.0043170 seconds, Stopping threads took: 0.0024640 seconds
51.387: Application time: 0.0409000 seconds
51.389: [GC [PSYoungGen: 48688K->6576K(49152K)] 112136K->70032K(160256K), 0.0020190 secs] [Times: user=0.01 sys=0.00, real=0.00 secs] 
51.391: Total time for which application threads were stopped: 0.0034130 seconds, Stopping threads took: 0.0013170 seconds
51.432: Application time: 0.0416540 seconds
51.434: [GC [PSYoungGen: 49072K->4800K(49152K)] 112528K->68256K(160256K), 0.0014640 secs] [Times: user=0.01 sys=0.00, real=0.00 secs] 
51.436: Total time for which application threads were stopped: 0.0032540 seconds, Stopping threads took: 0.0017160 seconds
51.480: Application time: 0.0438900 seconds
51.482: [GC [PSYoungGen: 47295K->5760K(49152K)] 110752K->69232K(160256K), 0.0017210 secs] [Times: user=0.02 sys=0.00, real=0.00 secs] 
51.484: Total time for which application threads were stopped: 0.0040350 seconds, Stopping threads took: 0.0022440 seconds
51.525: Application time: 0.0417850 seconds
51.528: [GC [PSYoungGen: 48256K->6656K(49152K)] 111728K->70920K(160256K), 0.0022410 secs] [Times: user=0.01 sys=0.00, real=0.00 secs] 
51.530: Total time for which application threads were stopped: 0.0049030 seconds, Stopping threads took: 0.0025810 seconds
51.571: Application time: 0.0411690 seconds
51.573: [GC [PSYoungGen: 49152K->6656K(49152K)] 113416K->71432K(160256K), 0.0022470 secs] [Times: user=0.01 sys=0.00, real=0.00 secs] 
51.576: Total time for which application threads were stopped: 0.0041150 seconds, Stopping threads took: 0.0017830 seconds
51.615: Application time: 0.0394430 seconds
51.618: [GC [PSYoungGen: 49152K->6656K(49152K)] 113928K->72752K(160256K), 0.0025400 secs] [Times: user=0.02 sys=0.00, real=0.01 secs] 
51.621: Total time for which application threads were stopped: 0.0058650 seconds, Stopping threads took: 0.0032380 seconds
51.661: Application time: 0.0404220 seconds
51.663: [GC [PSYoungGen: 49152K->6640K(49152K)] 115248K->73880K(160256K), 0.0023730 secs] [Times: user=0.01 sys=0.00, real=0.00 secs] 
51.666: Total time for which application threads were stopped: 0.0042750 seconds, Stopping threads took: 0.0018220 seconds
51.707: Application time: 0.0409050 seconds
51.708: [GC [PSYoungGen: 49135K->5696K(49152K)] 116375K->72944K(160256K), 0.0017970 secs] [Times: user=0.01 sys=0.00, real=0.00 secs] 
51.710: Total time for which application threads were stopped: 0.0036060 seconds, Stopping threads took: 0.0017220 seconds
51.752: Application time: 0.0415960 seconds
51.754: [GC [PSYoungGen: 48192K->6640K(49152K)] 115440K->74040K(160256K), 0.0020840 secs] [Times: user=0.02 sys=0.00, real=0.00 secs] 
51.756: Total time for which application threads were stopped: 0.0046860 seconds, Stopping threads took: 0.0025210 seconds
51.798: Application time: 0.0414190 seconds
51.800: [GC [PSYoungGen: 49136K->6640K(49152K)] 116536K->74072K(160256K), 0.0020480 secs] [Times: user=0.01 sys=0.01, real=0.00 secs] 
51.802: Total time for which application threads were stopped: 0.0039870 seconds, Stopping threads took: 0.0018550 seconds
51.843: Application time: 0.0409390 seconds
51.844: [GC [PSYoungGen: 49136K->6640K(49152K)] 116568K->74080K(160256K), 0.0020460 secs] [Times: user=0.01 sys=0.00, real=0.00 secs] 
51.846: Total time for which application threads were stopped: 0.0033470 seconds, Stopping threads took: 0.0012220 seconds
51.886: Application time: 0.0400520 seconds
51.889: [GC [PSYoungGen: 49136K->6576K(49152K)] 116576K->74032K(160256K), 0.0020310 secs] [Times: user=0.01 sys=0.00, real=0.00 secs] 
51.891: Total time for which application threads were stopped: 0.0044430 seconds, Stopping threads took: 0.0023300 seconds
51.933: Application time: 0.0419770 seconds
51.934: [GC [PSYoungGen: 49072K->5936K(49152K)] 116528K->73392K(160256K), 0.0018950 secs] [Times: user=0.02 sys=0.00, real=0.00 secs] 
51.936: Total time for which application threads were stopped: 0.0034150 seconds, Stopping threads took: 0.0014420 seconds
51.979: Application time: 0.0427160 seconds
51.981: [GC [PSYoungGen: 48432K->6352K(49152K)] 115888K->73816K(160256K), 0.0019590 secs] [Times: user=0.02 sys=0.00, real=0.00 secs] 
51.983: Total time for which application threads were stopped: 0.0039490 seconds, Stopping threads took: 0.0019100 seconds
52.024: Application time: 0.0410250 seconds
52.025: [GC [PSYoungGen: 48848K->5808K(49152K)] 116312K->73288K(160256K), 0.0018500 secs] [Times: user=0.01 sys=0.00, real=0.01 secs] 
52.027: Total time for which application threads were stopped: 0.0034850 seconds, Stopping threads took: 0.0015580 seconds
52.070: Application time: 0.0423660 seconds
52.072: [GC [PSYoungGen: 48304K->6640K(49152K)] 115784K->74120K(160256K), 0.0022600 secs] [Times: user=0.01 sys=0.00, real=0.00 secs] 
52.074: Total time for which application threads were stopped: 0.0043820 seconds, Stopping threads took: 0.0020430 seconds
52.115: Application time: 0.0409230 seconds
52.117: [GC [PSYoungGen: 49136K->6512K(49152K)] 116616K->73992K(160256K), 0.0022360 secs] [Times: user=0.01 sys=0.00, real=0.01 secs] 
52.120: Total time for which application threads were stopped: 0.0046660 seconds, Stopping threads took: 0.0023450 seconds
52.161: Application time: 0.0414090 seconds
52.164: [GC [PSYoungGen: 49008K->6272K(49152K)] 116488K->73752K(160256K), 0.0018530 secs] [Times: user=0.01 sys=0.00, real=0.00 secs] 
52.165: Total time for which application threads were stopped: 0.0044890 seconds, Stopping threads took: 0.0025500 seconds
52.207: Application time: 0.0411460 seconds
52.208: [GC [PSYoungGen: 48768K->5536K(49152K)] 116248K->73016K(160256K), 0.0018230 secs] [Times: user=0.01 sys=0.00, real=0.00 secs] 
52.210: Total time for which application threads were stopped: 0.0032550 seconds, Stopping threads took: 0.0013560 seconds
52.249: Application time: 0.0389180 seconds
52.251: [GC [PSYoungGen: 48030K->6640K(49152K)] 115510K->75260K(160256K), 0.0023400 secs] [Times: user=0.01 sys=0.00, real=0.00 secs] 
52.254: Total time for which application threads were stopped: 0.0047450 seconds, Stopping threads took: 0.0022940 seconds
52.295: Application time: 0.0411690 seconds
52.298: [GC [PSYoungGen: 49136K->6624K(49152K)] 117756K->75980K(160256K), 0.0023020 secs] [Times: user=0.01 sys=0.00, real=0.01 secs] 
52.300: Total time for which application threads were stopped: 0.0053640 seconds, Stopping threads took: 0.0029800 seconds
52.339: Application time: 0.0393140 seconds
52.341: [GC [PSYoungGen: 49120K->6624K(49152K)] 118476K->76084K(160256K), 0.0020560 secs] [Times: user=0.01 sys=0.00, real=0.00 secs] 
52.343: Total time for which application threads were stopped: 0.0035270 seconds, Stopping threads took: 0.0013930 seconds
52.385: Application time: 0.0416030 seconds
52.386: [GC [PSYoungGen: 49120K->6656K(49152K)] 118580K->76492K(160256K), 0.0021000 secs] [Times: user=0.02 sys=0.00, real=0.01 secs] 
52.389: Total time for which application threads were stopped: 0.0040020 seconds, Stopping threads took: 0.0018220 seconds
52.429: Application time: 0.0408670 seconds
52.431: [GC [PSYoungGen: 49152K->6656K(49152K)] 118988K->76820K(160256K), 0.0021800 secs] [Times: user=0.02 sys=0.00, real=0.00 secs] 
52.434: Total time for which application threads were stopped: 0.0041950 seconds, Stopping threads took: 0.0019310 seconds
52.474: Application time: 0.0407430 seconds
52.477: [GC [PSYoungGen: 49152K->6384K(49152K)] 119316K->76556K(160256K), 0.0020280 secs] [Times: user=0.02 sys=0.00, real=0.01 secs] 
52.479: Total time for which application threads were stopped: 0.0047840 seconds, Stopping threads took: 0.0026390 seconds
52.521: Application time: 0.0422940 seconds
52.523: [GC [PSYoungGen: 48880K->6336K(49152K)] 119052K->76516K(160256K), 0.0019720 secs] [Times: user=0.02 sys=0.00, real=0.00 secs] 
52.525: Total time for which application threads were stopped: 0.0038410 seconds, Stopping threads took: 0.0017920 seconds
52.567: Application time: 0.0420350 seconds
52.569: [GC [PSYoungGen: 48830K->6288K(49152K)] 119010K->76476K(160256K), 0.0019820 secs] [Times: user=0.01 sys=0.00, real=0.00 secs] 
52.571: Total time for which application threads were stopped: 0.0041470 seconds, Stopping threads took: 0.0020820 seconds
52.612: Application time: 0.0410030 seconds
52.614: [GC [PSYoungGen: 48784K->6288K(49152K)] 118972K->76476K(160256K), 0.0042260 secs] [Times: user=0.03 sys=0.00, real=0.00 secs] 
52.618: Total time for which application threads were stopped: 0.0056950 seconds, Stopping threads took: 0.0013890 seconds
52.662: Application time: 0.0441300 seconds
52.665: [GC [PSYoungGen: 48784K->6320K(49152K)] 118972K->76508K(160256K), 0.0018880 secs] [Times: user=0.01 sys=0.00, real=0.01 secs] 
52.667: Total time for which application threads were stopped: 0.0047920 seconds, Stopping threads took: 0.0028330 seconds
52.710: Application time: 0.0425260 seconds
52.712: [GC [PSYoungGen: 48816K->6016K(49152K)] 119004K->76204K(160256K), 0.0018360 secs] [Times: user=0.01 sys=0.00, real=0.00 secs] 
52.714: Total time for which application threads were stopped: 0.0042420 seconds, Stopping threads took: 0.0023100 seconds
52.757: Application time: 0.0428890 seconds
52.758: [GC [PSYoungGen: 48512K->6496K(49152K)] 118700K->76684K(160256K), 0.0021870 secs] [Times: user=0.01 sys=0.00, real=0.01 secs] 
52.761: Total time for which application threads were stopped: 0.0038620 seconds, Stopping threads took: 0.0015840 seconds
52.801: Application time: 0.0402590 seconds
52.804: [GC [PSYoungGen: 48992K->6640K(49152K)] 119180K->77780K(160256K), 0.0024120 secs] [Times: user=0.01 sys=0.00, real=0.00 secs] 
52.806: Total time for which application threads were stopped: 0.0052030 seconds, Stopping threads took: 0.0027080 seconds
52.848: Application time: 0.0417380 seconds
52.850: [GC [PSYoungGen: 49136K->6624K(49152K)] 120276K->78532K(160256K), 0.0022510 secs] [Times: user=0.02 sys=0.00, real=0.00 secs] 
52.852: Total time for which application threads were stopped: 0.0040650 seconds, Stopping threads took: 0.0017300 seconds
52.891: Application time: 0.0391370 seconds
52.893: [GC [PSYoungGen: 49120K->6640K(49152K)] 121028K->79020K(160256K), 0.0021910 secs] [Times: user=0.02 sys=0.00, real=0.00 secs] 
52.895: Total time for which application threads were stopped: 0.0037520 seconds, Stopping threads took: 0.0014770 seconds
52.936: Application time: 0.0409310 seconds
52.937: [GC [PSYoungGen: 49136K->5488K(49152K)] 121516K->77868K(160256K), 0.0016820 secs] [Times: user=0.01 sys=0.00, real=0.01 secs] 
52.939: Total time for which application threads were stopped: 0.0033710 seconds, Stopping threads took: 0.0016090 seconds
52.980: Application time: 0.0412460 seconds
52.981: [GC [PSYoungGen: 47984K->4736K(49152K)] 120364K->77132K(160256K), 0.0015330 secs] [Times: user=0.01 sys=0.00, real=0.00 secs] 
52.983: Total time for which application threads were stopped: 0.0027230 seconds, Stopping threads took: 0.0011170 seconds
53.024: Application time: 0.0408510 seconds
53.026: [GC [PSYoungGen: 47232K->6640K(49152K)] 119628K->80068K(160256K), 0.0024350 secs] [Times: user=0.02 sys=0.00, real=0.01 secs] 
53.029: Total time for which application threads were stopped: 0.0047330 seconds, Stopping threads took: 0.0022140 seconds
53.070: Application time: 0.0410730 seconds
53.072: [GC [PSYoungGen: 49136K->6656K(49152K)] 122564K->80876K(160256K), 0.0022380 secs] [Times: user=0.01 sys=0.00, real=0.00 secs] 
53.075: Total time for which application threads were stopped: 0.0050210 seconds, Stopping threads took: 0.0027010 seconds
53.115: Application time: 0.0405810 seconds
53.118: [GC [PSYoungGen: 49152K->6384K(49152K)] 123372K->80612K(160256K), 0.0021500 secs] [Times: user=0.02 sys=0.00, real=0.01 secs] 
53.120: Total time for which application threads were stopped: 0.0044280 seconds, Stopping threads took: 0.0021720 seconds
53.162: Application time: 0.0418470 seconds
53.163: [GC [PSYoungGen: 48880K->6192K(49152K)] 123108K->80420K(160256K), 0.0019980 secs] [Times: user=0.02 sys=0.00, real=0.00 secs] 
53.165: Total time for which application threads were stopped: 0.0035440 seconds, Stopping threads took: 0.0014650 seconds
53.207: Application time: 0.0417580 seconds
53.208: [GC [PSYoungGen: 48688K->5104K(49152K)] 122916K->79332K(160256K), 0.0015920 secs] [Times: user=0.01 sys=0.00, real=0.00 secs] 
53.210: Total time for which application threads were stopped: 0.0031840 seconds, Stopping threads took: 0.0015150 seconds
53.252: Application time: 0.0419900 seconds
53.255: [GC [PSYoungGen: 47600K->5856K(49152K)] 121828K->80084K(160256K), 0.0018940 secs] [Times: user=0.01 sys=0.00, real=0.00 secs] 
53.257: Total time for which application threads were stopped: 0.0045560 seconds, Stopping threads took: 0.0025820 seconds
53.298: Application time: 0.0417140 seconds
53.303: [GC [PSYoungGen: 48352K->5744K(49152K)] 122580K->79972K(160256K), 0.0018100 secs] [Times: user=0.01 sys=0.00, real=0.00 secs] 
53.304: Total time for which application threads were stopped: 0.0061380 seconds, Stopping threads took: 0.0042450 seconds
53.346: Application time: 0.0416240 seconds
53.348: [GC [PSYoungGen: 48240K->5248K(49152K)] 122468K->79476K(160256K), 0.0016740 secs] [Times: user=0.01 sys=0.00, real=0.00 secs] 
53.349: Total time for which application threads were stopped: 0.0032410 seconds, Stopping threads took: 0.0014940 seconds
53.391: Application time: 0.0420420 seconds
53.393: [GC [PSYoungGen: 47744K->6528K(49152K)] 121972K->80764K(160256K), 0.0019890 secs] [Times: user=0.01 sys=0.00, real=0.00 secs] 
53.395: Total time for which application threads were stopped: 0.0033770 seconds, Stopping threads took: 0.0013070 seconds
53.437: Application time: 0.0422410 seconds
53.439: [GC [PSYoungGen: 49024K->5264K(49152K)] 123260K->79500K(160256K), 0.0016160 secs] [Times: user=0.01 sys=0.00, real=0.00 secs] 
53.441: Total time for which application threads were stopped: 0.0038720 seconds, Stopping threads took: 0.0021810 seconds
53.482: Application time: 0.0410270 seconds
53.485: [GC [PSYoungGen: 47759K->6640K(49152K)] 121996K->81092K(160256K), 0.0020590 secs] [Times: user=0.01 sys=0.00, real=0.01 secs] 
53.487: Total time for which application threads were stopped: 0.0054060 seconds, Stopping threads took: 0.0032620 seconds
53.528: Application time: 0.0411190 seconds
53.530: [GC [PSYoungGen: 49136K->5776K(49152K)] 123588K->80236K(160256K), 0.0018110 secs] [Times: user=0.01 sys=0.00, real=0.00 secs] 
53.532: Total time for which application threads were stopped: 0.0037580 seconds, Stopping threads took: 0.0018670 seconds
53.578: Application time: 0.0455730 seconds
53.580: [GC [PSYoungGen: 48272K->4432K(49152K)] 122732K->78908K(160256K), 0.0014960 secs] [Times: user=0.01 sys=0.00, real=0.00 secs] 
53.581: Total time for which application threads were stopped: 0.0033550 seconds, Stopping threads took: 0.0017890 seconds
53.623: Application time: 0.0419790 seconds
53.625: [GC [PSYoungGen: 46928K->6624K(49152K)] 121404K->81796K(160256K), 0.0021830 secs] [Times: user=0.01 sys=0.00, real=0.01 secs] 
53.627: Total time for which application threads were stopped: 0.0038340 seconds, Stopping threads took: 0.0015670 seconds
53.668: Application time: 0.0409450 seconds
53.670: [GC [PSYoungGen: 49120K->6416K(49152K)] 124292K->81604K(160256K), 0.0018990 secs] [Times: user=0.01 sys=0.00, real=0.00 secs] 
53.672: Total time for which application threads were stopped: 0.0040540 seconds, Stopping threads took: 0.0020770 seconds
53.712: Application time: 0.0404820 seconds
53.714: [GC [PSYoungGen: 48912K->6640K(49152K)] 124100K->82460K(160256K), 0.0022560 secs] [Times: user=0.02 sys=0.00, real=0.00 secs] 
53.716: Total time for which application threads were stopped: 0.0036270 seconds, Stopping threads took: 0.0012800 seconds
53.757: Application time: 0.0409920 seconds
53.760: [GC [PSYoungGen: 49136K->6640K(49152K)] 124956K->82948K(160256K), 0.0021540 secs] [Times: user=0.02 sys=0.00, real=0.00 secs] 
53.762: Total time for which application threads were stopped: 0.0047390 seconds, Stopping threads took: 0.0025000 seconds
53.802: Application time: 0.0405510 seconds
53.804: [GC [PSYoungGen: 49136K->6624K(49152K)] 125444K->83364K(160256K), 0.0021400 secs] [Times: user=0.02 sys=0.00, real=0.01 secs] 
53.807: Total time for which application threads were stopped: 0.0042420 seconds, Stopping threads took: 0.0020120 seconds
53.847: Application time: 0.0404700 seconds
53.850: [GC [PSYoungGen: 49120K->6496K(49152K)] 125860K->83236K(160256K), 0.0019820 secs] [Times: user=0.02 sys=0.00, real=0.00 secs] 
53.852: Total time for which application threads were stopped: 0.0045760 seconds, Stopping threads took: 0.0025110 seconds
53.892: Application time: 0.0402410 seconds
53.893: [GC [PSYoungGen: 48992K->6384K(49152K)] 125732K->83124K(160256K), 0.0019210 secs] [Times: user=0.01 sys=0.00, real=0.00 secs] 
53.895: Total time for which application threads were stopped: 0.0034780 seconds, Stopping threads took: 0.0014750 seconds
53.937: Application time: 0.0420530 seconds
53.939: [GC [PSYoungGen: 48880K->6400K(49152K)] 125620K->83148K(160256K), 0.0020770 secs] [Times: user=0.02 sys=0.00, real=0.00 secs] 
53.941: Total time for which application threads were stopped: 0.0035970 seconds, Stopping threads took: 0.0014420 seconds
53.982: Application time: 0.0404980 seconds
53.984: [GC [PSYoungGen: 48896K->6640K(49152K)] 125644K->83452K(160256K), 0.0020920 secs] [Times: user=0.01 sys=0.00, real=0.00 secs] 
53.986: Total time for which application threads were stopped: 0.0042020 seconds, Stopping threads took: 0.0020280 seconds
54.027: Application time: 0.0416670 seconds
54.029: [GC [PSYoungGen: 49136K->5872K(49152K)] 125948K->82700K(160256K), 0.0019430 secs] [Times: user=0.01 sys=0.00, real=0.00 secs] 
54.031: Total time for which application threads were stopped: 0.0038130 seconds, Stopping threads took: 0.0017870 seconds
54.071: Application time: 0.0402390 seconds
54.073: [GC [PSYoungGen: 48368K->6336K(49152K)] 125196K->83180K(160256K), 0.0019190 secs] [Times: user=0.01 sys=0.00, real=0.00 secs] 
54.075: Total time for which application threads were stopped: 0.0034290 seconds, Stopping threads took: 0.0014320 seconds
54.119: Application time: 0.0440890 seconds
54.120: [GC [PSYoungGen: 48832K->5680K(49152K)] 125676K->82532K(160256K), 0.0017640 secs] [Times: user=0.01 sys=0.00, real=0.00 secs] 
54.122: Total time for which application threads were stopped: 0.0027420 seconds, Stopping threads took: 0.0009070 seconds
54.167: Application time: 0.0455080 seconds
54.170: [GC [PSYoungGen: 48176K->6496K(49152K)] 125028K->83356K(160256K), 0.0020380 secs] [Times: user=0.02 sys=0.00, real=0.00 secs] 
54.172: Total time for which application threads were stopped: 0.0045970 seconds, Stopping threads took: 0.0024800 seconds
54.214: Application time: 0.0425170 seconds
54.217: [GC [PSYoungGen: 48992K->6656K(49152K)] 125852K->84196K(160256K), 0.0022070 secs] [Times: user=0.01 sys=0.00, real=0.01 secs] 
54.219: Total time for which application threads were stopped: 0.0048260 seconds, Stopping threads took: 0.0025340 seconds
54.261: Application time: 0.0414840 seconds
54.264: [GC [PSYoungGen: 49152K->6624K(49152K)] 126692K->84328K(160256K), 0.0022280 secs] [Times: user=0.02 sys=0.00, real=0.00 secs] 
54.266: Total time for which application threads were stopped: 0.0053600 seconds, Stopping threads took: 0.0030510 seconds
54.307: Application time: 0.0406430 seconds
54.309: [GC [PSYoungGen: 49120K->6624K(49152K)] 126824K->85796K(160256K), 0.0024890 secs] [Times: user=0.02 sys=0.00, real=0.00 secs] 
54.312: Total time for which application threads were stopped: 0.0051410 seconds, Stopping threads took: 0.0025570 seconds
54.352: Application time: 0.0399290 seconds
54.355: [GC [PSYoungGen: 49120K->6640K(49152K)] 128292K->86076K(160256K), 0.0024010 secs] [Times: user=0.01 sys=0.00, real=0.00 secs] 
54.357: Total time for which application threads were stopped: 0.0053980 seconds, Stopping threads took: 0.0029180 seconds
54.399: Application time: 0.0415630 seconds
54.402: [GC [PSYoungGen: 49136K->6656K(49152K)] 128572K->86652K(160256K), 0.0021960 secs] [Times: user=0.02 sys=0.00, real=0.00 secs] 
54.404: Total time for which application threads were stopped: 0.0052850 seconds, Stopping threads took: 0.0030100 seconds
54.445: Application time: 0.0406240 seconds
54.447: [GC [PSYoungGen: 49152K->5952K(49152K)] 129148K->85948K(160256K), 0.0018350 secs] [Times: user=0.01 sys=0.00, real=0.00 secs] 
54.449: Total time for which application threads were stopped: 0.0044230 seconds, Stopping threads took: 0.0025050 seconds
54.492: Application time: 0.0425680 seconds
54.493: [GC [PSYoungGen: 48448K->5296K(49152K)] 128444K->85292K(160256K), 0.0017840 secs] [Times: user=0.00 sys=0.00, real=0.00 secs] 
54.494: Total time for which application threads were stopped: 0.0027200 seconds, Stopping threads took: 0.0008600 seconds
54.536: Application time: 0.0418030 seconds
54.539: [GC [PSYoungGen: 47792K->6656K(49152K)] 127788K->86732K(160256K), 0.0020300 secs] [Times: user=0.02 sys=0.00, real=0.00 secs] 
54.541: Total time for which application threads were stopped: 0.0047080 seconds, Stopping threads took: 0.0026000 seconds
54.582: Application time: 0.0413680 seconds
54.584: [GC [PSYoungGen: 49152K->6640K(49152K)] 129228K->87169K(160256K), 0.0022510 secs] [Times: user=0.02 sys=0.00, real=0.00 secs] 
54.586: Total time for which application threads were stopped: 0.0038930 seconds, Stopping threads took: 0.0015580 seconds
54.628: Application time: 0.0415710 seconds
54.630: [GC [PSYoungGen: 49136K->6640K(49152K)] 129665K->87369K(160256K), 0.0020780 secs] [Times: user=0.01 sys=0.00, real=0.00 secs] 
54.632: Total time for which application threads were stopped: 0.0046990 seconds, Stopping threads took: 0.0025440 seconds
54.673: Application time: 0.0407160 seconds
54.676: [GC [PSYoungGen: 49136K->5840K(49152K)] 129865K->86569K(160256K), 0.0017680 secs] [Times: user=0.01 sys=0.00, real=0.00 secs] 
54.678: Total time for which application threads were stopped: 0.0043560 seconds, Stopping threads took: 0.0025150 seconds
54.718: Application time: 0.0404340 seconds
54.720: [GC [PSYoungGen: 48336K->6464K(49152K)] 129065K->87201K(160256K), 0.0019280 secs] [Times: user=0.02 sys=0.00, real=0.00 secs] 
54.722: Total time for which application threads were stopped: 0.0042240 seconds, Stopping threads took: 0.0022160 seconds
54.767: Application time: 0.0445590 seconds
54.770: [GC [PSYoungGen: 48960K->6656K(49152K)] 129697K->88889K(160256K), 0.0023250 secs] [Times: user=0.02 sys=0.00, real=0.00 secs] 
54.772: Total time for which application threads were stopped: 0.0056390 seconds, Stopping threads took: 0.0032380 seconds
54.815: Application time: 0.0423210 seconds
54.816: [GC [PSYoungGen: 49152K->5984K(49152K)] 131385K->88217K(160256K), 0.0018680 secs] [Times: user=0.01 sys=0.00, real=0.00 secs] 
54.818: Total time for which application threads were stopped: 0.0033980 seconds, Stopping threads took: 0.0014390 seconds
54.861: Application time: 0.0424510 seconds
54.862: [GC [PSYoungGen: 48480K->5440K(49152K)] 130713K->87673K(160256K), 0.0017840 secs] [Times: user=0.01 sys=0.00, real=0.00 secs] 
54.864: Total time for which application threads were stopped: 0.0034190 seconds, Stopping threads took: 0.0015620 seconds
54.909: Application time: 0.0446160 seconds
54.911: [GC [PSYoungGen: 47936K->4416K(49152K)] 130169K->86649K(160256K), 0.0014000 secs] [Times: user=0.01 sys=0.00, real=0.00 secs] 
54.912: Total time for which application threads were stopped: 0.0035200 seconds, Stopping threads took: 0.0020420 seconds
54.955: Application time: 0.0423910 seconds
54.956: [GC [PSYoungGen: 46912K->5600K(49152K)] 129145K->87833K(160256K), 0.0019590 secs] [Times: user=0.01 sys=0.00, real=0.00 secs] 
54.958: Total time for which application threads were stopped: 0.0037670 seconds, Stopping threads took: 0.0017070 seconds
55.003: Application time: 0.0442700 seconds
55.005: [GC [PSYoungGen: 48096K->5088K(49152K)] 130329K->87321K(160256K), 0.0017050 secs] [Times: user=0.01 sys=0.00, real=0.00 secs] 
55.006: Total time for which application threads were stopped: 0.0037010 seconds, Stopping threads took: 0.0019160 seconds
55.050: Application time: 0.0437250 seconds
55.052: [GC [PSYoungGen: 47584K->5440K(49152K)] 129817K->87673K(160256K), 0.0017140 secs] [Times: user=0.01 sys=0.00, real=0.00 secs] 
55.054: Total time for which application threads were stopped: 0.0042260 seconds, Stopping threads took: 0.0024400 seconds
55.095: Application time: 0.0405550 seconds
55.096: [GC [PSYoungGen: 47936K->6656K(49152K)] 130169K->90393K(160256K), 0.0026900 secs] [Times: user=0.01 sys=0.00, real=0.01 secs] 
55.099: Total time for which application threads were stopped: 0.0043900 seconds, Stopping threads took: 0.0016100 seconds
55.140: Application time: 0.0405070 seconds
55.142: [GC [PSYoungGen: 49152K->6640K(49152K)] 132889K->90617K(160256K), 0.0021670 secs] [Times: user=0.01 sys=0.00, real=0.00 secs] 
55.144: Total time for which application threads were stopped: 0.0042320 seconds, Stopping threads took: 0.0019830 seconds
55.185: Application time: 0.0411050 seconds
55.188: [GC [PSYoungGen: 49136K->6656K(49152K)] 133113K->91601K(160256K), 0.0023800 secs] [Times: user=0.02 sys=0.00, real=0.00 secs] 
55.190: Total time for which application threads were stopped: 0.0050030 seconds, Stopping threads took: 0.0025440 seconds
55.233: Application time: 0.0428530 seconds
55.235: [GC [PSYoungGen: 49152K->6656K(49152K)] 134097K->92413K(160256K), 0.0023630 secs] [Times: user=0.01 sys=0.00, real=0.00 secs] 
55.238: Total time for which application threads were stopped: 0.0047050 seconds, Stopping threads took: 0.0022630 seconds
55.279: Application time: 0.0413530 seconds
55.282: [GC [PSYoungGen: 49152K->6656K(49152K)] 134909K->93925K(160256K), 0.0025180 secs] [Times: user=0.02 sys=0.00, real=0.00 secs] 
55.284: Total time for which application threads were stopped: 0.0052400 seconds, Stopping threads took: 0.0026360 seconds
55.325: Application time: 0.0407670 seconds
55.327: [GC [PSYoungGen: 49150K->6656K(49152K)] 136420K->94229K(160256K), 0.0021490 secs] [Times: user=0.02 sys=0.00, real=0.00 secs] 
55.329: Total time for which application threads were stopped: 0.0038600 seconds, Stopping threads took: 0.0016170 seconds
55.371: Application time: 0.0424780 seconds
55.373: [GC [PSYoungGen: 49150K->4384K(49152K)] 136723K->91957K(160256K), 0.0014130 secs] [Times: user=0.01 sys=0.00, real=0.00 secs] 
55.374: Total time for which application threads were stopped: 0.0030600 seconds, Stopping threads took: 0.0015760 seconds
55.416: Application time: 0.0418310 seconds
55.418: [GC [PSYoungGen: 46880K->6048K(49152K)] 134453K->93621K(160256K), 0.0018510 secs] [Times: user=0.01 sys=0.00, real=0.01 secs] 
55.420: Total time for which application threads were stopped: 0.0033550 seconds, Stopping threads took: 0.0014250 seconds
55.461: Application time: 0.0411720 seconds
55.463: [GC [PSYoungGen: 48544K->4832K(49152K)] 136117K->92405K(160256K), 0.0015290 secs] [Times: user=0.01 sys=0.00, real=0.00 secs] 
55.464: Total time for which application threads were stopped: 0.0034820 seconds, Stopping threads took: 0.0018800 seconds
55.504: Application time: 0.0399270 seconds
55.506: [GC [PSYoungGen: 47328K->6064K(49152K)] 134901K->93637K(160256K), 0.0019250 secs] [Times: user=0.01 sys=0.00, real=0.01 secs] 
55.508: Total time for which application threads were stopped: 0.0035080 seconds, Stopping threads took: 0.0015050 seconds
55.546: Application time: 0.0382910 seconds
55.549: [GC [PSYoungGen: 48560K->6480K(49152K)] 136133K->94053K(160256K), 0.0022350 secs] [Times: user=0.01 sys=0.01, real=0.00 secs] 
55.551: Total time for which application threads were stopped: 0.0049090 seconds, Stopping threads took: 0.0025730 seconds
55.590: Application time: 0.0387280 seconds
55.591: [GC [PSYoungGen: 48976K->6528K(49152K)] 136549K->94101K(160256K), 0.0020260 secs] [Times: user=0.02 sys=0.00, real=0.00 secs] 
55.593: Total time for which application threads were stopped: 0.0038770 seconds, Stopping threads took: 0.0017760 seconds
55.632: Application time: 0.0382700 seconds
55.634: [GC [PSYoungGen: 49024K->6656K(49152K)] 136597K->94765K(160256K), 0.0020710 secs] [Times: user=0.01 sys=0.00, real=0.00 secs] 
55.636: Total time for which application threads were stopped: 0.0041070 seconds, Stopping threads took: 0.0019590 seconds
55.676: Application time: 0.0401910 seconds
55.678: [GC [PSYoungGen: 49152K->6640K(49152K)] 137261K->95213K(160256K), 0.0021970 secs] [Times: user=0.02 sys=0.00, real=0.01 secs] 
55.681: Total time for which application threads were stopped: 0.0046320 seconds, Stopping threads took: 0.0023530 seconds
55.718: Application time: 0.0374490 seconds
55.720: [GC [PSYoungGen: 49136K->6656K(49152K)] 137709K->96581K(160256K), 0.0025000 secs] [Times: user=0.02 sys=0.00, real=0.00 secs] 
55.723: Total time for which application threads were stopped: 0.0045800 seconds, Stopping threads took: 0.0019900 seconds
55.760: Application time: 0.0376300 seconds
55.763: [GC [PSYoungGen: 49152K->6496K(49152K)] 139077K->96429K(160256K), 0.0019880 secs] [Times: user=0.01 sys=0.00, real=0.00 secs] 
55.765: Total time for which application threads were stopped: 0.0042780 seconds, Stopping threads took: 0.0022110 seconds
55.803: Application time: 0.0388810 seconds
55.808: [GC [PSYoungGen: 48992K->6528K(49152K)] 138925K->96469K(160256K), 0.0020320 secs] [Times: user=0.01 sys=0.00, real=0.00 secs] 
55.810: Total time for which application threads were stopped: 0.0067400 seconds, Stopping threads took: 0.0046340 seconds
55.850: Application time: 0.0393580 seconds
55.852: [GC [PSYoungGen: 49024K->6624K(49152K)] 138965K->97737K(160256K), 0.0022990 secs] [Times: user=0.02 sys=0.00, real=0.00 secs] 
55.855: Total time for which application threads were stopped: 0.0052070 seconds, Stopping threads took: 0.0028270 seconds
55.894: Application time: 0.0389300 seconds
55.896: [GC [PSYoungGen: 49120K->6640K(49152K)] 140233K->97921K(160256K), 0.0021550 secs] [Times: user=0.02 sys=0.00, real=0.00 secs] 
55.898: Total time for which application threads were stopped: 0.0042830 seconds, Stopping threads took: 0.0020530 seconds
55.938: Application time: 0.0401410 seconds
55.940: [GC [PSYoungGen: 49136K->5840K(49152K)] 140417K->97129K(160256K), 0.0018860 secs] [Times: user=0.01 sys=0.00, real=0.00 secs] 
55.942: Total time for which application threads were stopped: 0.0036220 seconds, Stopping threads took: 0.0016560 seconds
55.981: Application time: 0.0393120 seconds
55.982: [GC [PSYoungGen: 48336K->6096K(49152K)] 139625K->97385K(160256K), 0.0018180 secs] [Times: user=0.01 sys=0.00, real=0.00 secs] 
55.984: Total time for which application threads were stopped: 0.0031480 seconds, Stopping threads took: 0.0012600 seconds
56.025: Application time: 0.0404420 seconds
56.026: [GC [PSYoungGen: 48592K->5472K(49152K)] 139881K->96761K(160256K), 0.0018350 secs] [Times: user=0.01 sys=0.00, real=0.01 secs] 
56.028: Total time for which application threads were stopped: 0.0035930 seconds, Stopping threads took: 0.0016860 seconds
56.070: Application time: 0.0416570 seconds
56.072: [GC [PSYoungGen: 47968K->6496K(49152K)] 139257K->97785K(160256K), 0.0019830 secs] [Times: user=0.01 sys=0.00, real=0.00 secs] 
56.074: Total time for which application threads were stopped: 0.0040520 seconds, Stopping threads took: 0.0019920 seconds
56.114: Application time: 0.0400460 seconds
56.116: [GC [PSYoungGen: 48992K->6656K(49152K)] 140281K->97993K(160256K), 0.0020380 secs] [Times: user=0.01 sys=0.00, real=0.00 secs] 
56.118: Total time for which application threads were stopped: 0.0043900 seconds, Stopping threads took: 0.0022730 seconds
56.157: Application time: 0.0386770 seconds
56.159: [GC [PSYoungGen: 49152K->5120K(49152K)] 140489K->96465K(160256K), 0.0015930 secs] [Times: user=0.01 sys=0.00, real=0.00 secs] 
56.161: Total time for which application threads were stopped: 0.0039160 seconds, Stopping threads took: 0.0022480 seconds
56.200: Application time: 0.0388600 seconds
56.201: [GC [PSYoungGen: 47616K->5968K(49152K)] 138961K->97313K(160256K), 0.0018590 secs] [Times: user=0.01 sys=0.00, real=0.00 secs] 
56.203: Total time for which application threads were stopped: 0.0030270 seconds, Stopping threads took: 0.0010910 seconds
56.241: Application time: 0.0385090 seconds
56.244: [GC [PSYoungGen: 48464K->6640K(49152K)] 139809K->98161K(160256K), 0.0020530 secs] [Times: user=0.02 sys=0.00, real=0.00 secs] 
56.246: Total time for which application threads were stopped: 0.0048470 seconds, Stopping threads took: 0.0027130 seconds
56.284: Application time: 0.0374760 seconds
56.285: [GC [PSYoungGen: 49135K->6640K(49152K)] 140656K->99161K(160256K), 0.0024930 secs] [Times: user=0.01 sys=0.00, real=0.01 secs] 
56.288: Total time for which application threads were stopped: 0.0039960 seconds, Stopping threads took: 0.0014210 seconds
56.326: Application time: 0.0382580 seconds
56.327: [GC [PSYoungGen: 49136K->5664K(49152K)] 141657K->98201K(160256K), 0.0017690 secs] [Times: user=0.01 sys=0.00, real=0.00 secs] 
56.329: Total time for which application threads were stopped: 0.0032710 seconds, Stopping threads took: 0.0014300 seconds
56.368: Application time: 0.0389030 seconds
56.370: [GC [PSYoungGen: 48158K->6624K(49152K)] 140696K->99761K(160256K), 0.0022750 secs] [Times: user=0.02 sys=0.00, real=0.00 secs] 
56.372: Total time for which application threads were stopped: 0.0039410 seconds, Stopping threads took: 0.0015730 seconds
56.410: Application time: 0.0381710 seconds
56.412: [GC [PSYoungGen: 49120K->6304K(49152K)] 142257K->99457K(160256K), 0.0021190 secs] [Times: user=0.01 sys=0.00, real=0.00 secs] 
56.414: Total time for which application threads were stopped: 0.0039720 seconds, Stopping threads took: 0.0017480 seconds
56.454: Application time: 0.0401950 seconds
56.457: [GC [PSYoungGen: 48799K->6224K(49152K)] 141952K->99385K(160256K), 0.0019660 secs] [Times: user=0.01 sys=0.00, real=0.01 secs] 
56.459: Total time for which application threads were stopped: 0.0044830 seconds, Stopping threads took: 0.0024370 seconds
56.498: Application time: 0.0392030 seconds
56.500: [GC [PSYoungGen: 48720K->6080K(49152K)] 141881K->99249K(160256K), 0.0018670 secs] [Times: user=0.01 sys=0.00, real=0.00 secs] 
56.502: Total time for which application threads were stopped: 0.0035380 seconds, Stopping threads took: 0.0015940 seconds
56.541: Application time: 0.0393430 seconds
56.543: [GC [PSYoungGen: 48576K->6656K(49152K)] 141745K->100089K(160256K), 0.0021470 secs] [Times: user=0.02 sys=0.00, real=0.00 secs] 
56.545: Total time for which application threads were stopped: 0.0040780 seconds, Stopping threads took: 0.0018500 seconds
56.584: Application time: 0.0391020 seconds
56.587: [GC [PSYoungGen: 49152K->6656K(49152K)] 142585K->101209K(160256K), 0.0024640 secs] [Times: user=0.02 sys=0.00, real=0.00 secs] 
56.589: Total time for which application threads were stopped: 0.0049980 seconds, Stopping threads took: 0.0024540 seconds
56.629: Application time: 0.0401790 seconds
56.631: [GC [PSYoungGen: 49152K->6304K(49152K)] 143705K->100857K(160256K), 0.0020690 secs] [Times: user=0.01 sys=0.00, real=0.00 secs] 
56.633: Total time for which application threads were stopped: 0.0036660 seconds, Stopping threads took: 0.0015260 seconds
56.671: Application time: 0.0381820 seconds
56.673: [GC [PSYoungGen: 48800K->6656K(49152K)] 143353K->101585K(160256K), 0.0022180 secs] [Times: user=0.02 sys=0.00, real=0.00 secs] 
56.675: Total time for which application threads were stopped: 0.0036460 seconds, Stopping threads took: 0.0013470 seconds
56.715: Application time: 0.0400440 seconds
56.717: [GC [PSYoungGen: 49152K->5376K(49152K)] 144081K->100305K(160256K), 0.0016950 secs] [Times: user=0.01 sys=0.00, real=0.01 secs] 
56.719: Total time for which application threads were stopped: 0.0037290 seconds, Stopping threads took: 0.0019610 seconds
56.758: Application time: 0.0392560 seconds
56.759: [GC [PSYoungGen: 47872K->6464K(49152K)] 142801K->101401K(160256K), 0.0019570 secs] [Times: user=0.02 sys=0.00, real=0.00 secs] 
56.761: Total time for which application threads were stopped: 0.0033180 seconds, Stopping threads took: 0.0012710 seconds
56.802: Application time: 0.0402950 seconds
56.804: [GC [PSYoungGen: 48960K->6288K(49152K)] 143897K->101225K(160256K), 0.0018400 secs] [Times: user=0.01 sys=0.00, real=0.00 secs] 
56.806: Total time for which application threads were stopped: 0.0045820 seconds, Stopping threads took: 0.0026670 seconds
56.845: Application time: 0.0387340 seconds
56.848: [GC [PSYoungGen: 48784K->6640K(49152K)] 143721K->101929K(160256K), 0.0021670 secs] [Times: user=0.01 sys=0.00, real=0.00 secs] 
56.850: Total time for which application threads were stopped: 0.0050860 seconds, Stopping threads took: 0.0028420 seconds
56.889: Application time: 0.0389390 seconds
56.892: [GC [PSYoungGen: 49136K->5504K(49152K)] 144425K->100801K(160256K), 0.0017220 secs] [Times: user=0.01 sys=0.00, real=0.00 secs] 
56.893: Total time for which application threads were stopped: 0.0044380 seconds, Stopping threads took: 0.0026370 seconds
56.931: Application time: 0.0379960 seconds
56.934: [GC [PSYoungGen: 48000K->6656K(49152K)] 143297K->103121K(160256K), 0.0022520 secs] [Times: user=0.02 sys=0.00, real=0.00 secs] 
56.936: Total time for which application threads were stopped: 0.0049470 seconds, Stopping threads took: 0.0026180 seconds
56.977: Application time: 0.0407640 seconds
56.979: [GC [PSYoungGen: 49152K->5632K(49152K)] 145617K->102097K(160256K), 0.0016680 secs] [Times: user=0.01 sys=0.00, real=0.00 secs] 
56.980: Total time for which application threads were stopped: 0.0033180 seconds, Stopping threads took: 0.0015810 seconds
57.022: Application time: 0.0413250 seconds
57.024: [GC [PSYoungGen: 48128K->5024K(49152K)] 144593K->101489K(160256K), 0.0016050 secs] [Times: user=0.02 sys=0.00, real=0.00 secs] 
57.026: Total time for which application threads were stopped: 0.0039920 seconds, Stopping threads took: 0.0023140 seconds
57.064: Application time: 0.0385680 seconds
57.065: [GC [PSYoungGen: 47520K->4992K(49152K)] 143985K->101457K(160256K), 0.0015950 secs] [Times: user=0.01 sys=0.00, real=0.01 secs] 
57.067: Total time for which application threads were stopped: 0.0027980 seconds, Stopping threads took: 0.0011310 seconds
57.106: Application time: 0.0392510 seconds
57.108: [GC [PSYoungGen: 47488K->6240K(49152K)] 143953K->102705K(160256K), 0.0019470 secs] [Times: user=0.01 sys=0.00, real=0.00 secs] 
57.110: Total time for which application threads were stopped: 0.0034930 seconds, Stopping threads took: 0.0014770 seconds
57.152: Application time: 0.0420390 seconds
57.154: [GC [PSYoungGen: 48736K->5312K(49152K)] 145201K->101777K(160256K), 0.0017140 secs] [Times: user=0.01 sys=0.00, real=0.00 secs] 
57.155: Total time for which application threads were stopped: 0.0035040 seconds, Stopping threads took: 0.0017140 seconds
57.194: Application time: 0.0382470 seconds
57.195: [GC [PSYoungGen: 47808K->6128K(49152K)] 144273K->102601K(160256K), 0.0019120 secs] [Times: user=0.01 sys=0.00, real=0.00 secs] 
57.197: Total time for which application threads were stopped: 0.0032450 seconds, Stopping threads took: 0.0012570 seconds
57.238: Application time: 0.0406650 seconds
57.240: [GC [PSYoungGen: 48624K->6656K(49152K)] 145097K->103497K(160256K), 0.0020200 secs] [Times: user=0.00 sys=0.00, real=0.00 secs] 
57.242: Total time for which application threads were stopped: 0.0042230 seconds, Stopping threads took: 0.0021310 seconds
57.281: Application time: 0.0390340 seconds
57.282: [GC [PSYoungGen: 49152K->6656K(49152K)] 145993K->104050K(160256K), 0.0022320 secs] [Times: user=0.02 sys=0.00, real=0.00 secs] 
57.285: Total time for which application threads were stopped: 0.0039210 seconds, Stopping threads took: 0.0016060 seconds
57.324: Application time: 0.0394230 seconds
57.325: [GC [PSYoungGen: 49151K->6656K(49152K)] 146545K->104778K(160256K), 0.0021860 secs] [Times: user=0.01 sys=0.00, real=0.01 secs] 
57.328: Total time for which application threads were stopped: 0.0035270 seconds, Stopping threads took: 0.0012640 seconds
57.365: Application time: 0.0368100 seconds
57.367: [GC [PSYoungGen: 49150K->6656K(49152K)] 147272K->105350K(160256K), 0.0021120 secs] [Times: user=0.01 sys=0.00, real=0.00 secs] 
57.369: Total time for which application threads were stopped: 0.0043020 seconds, Stopping threads took: 0.0021150 seconds
57.406: Application time: 0.0371440 seconds
57.409: [GC [PSYoungGen: 49152K->6640K(49152K)] 147846K->106670K(160256K), 0.0024800 secs] [Times: user=0.02 sys=0.00, real=0.00 secs] 
57.411: Total time for which application threads were stopped: 0.0050920 seconds, Stopping threads took: 0.0025190 seconds
57.451: Application time: 0.0404360 seconds
57.453: [GC [PSYoungGen: 49136K->6016K(49152K)] 149166K->106046K(160256K), 0.0017730 secs] [Times: user=0.01 sys=0.00, real=0.00 secs] 
57.455: Total time for which application threads were stopped: 0.0038030 seconds, Stopping threads took: 0.0019580 seconds
57.494: Application time: 0.0388370 seconds
57.497: [GC [PSYoungGen: 48512K->6032K(49152K)] 148542K->106070K(160256K), 0.0018250 secs] [Times: user=0.01 sys=0.00, real=0.00 secs] 
57.498: Total time for which application threads were stopped: 0.0042990 seconds, Stopping threads took: 0.0023950 seconds
57.538: Application time: 0.0397500 seconds
57.540: [GC [PSYoungGen: 48528K->6416K(49152K)] 148566K->106454K(160256K), 0.0019860 secs] [Times: user=0.02 sys=0.00, real=0.00 secs] 
57.542: Total time for which application threads were stopped: 0.0039620 seconds, Stopping threads took: 0.0019030 seconds
57.582: Application time: 0.0397720 seconds
57.584: [GC [PSYoungGen: 48912K->6640K(49152K)] 148950K->106806K(160256K), 0.0020350 secs] [Times: user=0.01 sys=0.00, real=0.00 secs] 
57.586: Total time for which application threads were stopped: 0.0045110 seconds, Stopping threads took: 0.0023970 seconds
57.625: Application time: 0.0383090 seconds
57.627: [GC [PSYoungGen: 49136K->6656K(49152K)] 149302K->107774K(160256K), 0.0021840 secs] [Times: user=0.02 sys=0.00, real=0.00 secs] 
57.629: Total time for which application threads were stopped: 0.0045260 seconds, Stopping threads took: 0.0022620 seconds
57.669: Application time: 0.0395650 seconds
57.672: [GC [PSYoungGen: 49152K->6656K(49152K)] 150270K->108638K(160256K), 0.0023460 secs] [Times: user=0.02 sys=0.00, real=0.00 secs] 
57.674: Total time for which application threads were stopped: 0.0053000 seconds, Stopping threads took: 0.0028680 seconds
57.713: Application time: 0.0385010 seconds
57.715: [GC [PSYoungGen: 49152K->6512K(49152K)] 151134K->108494K(160256K), 0.0019560 secs] [Times: user=0.02 sys=0.00, real=0.00 secs] 
57.717: Total time for which application threads were stopped: 0.0044020 seconds, Stopping threads took: 0.0023670 seconds
57.756: Application time: 0.0386510 seconds
57.757: [GC [PSYoungGen: 49008K->5504K(49152K)] 150990K->107486K(160256K), 0.0017060 secs] [Times: user=0.01 sys=0.00, real=0.00 secs] 
57.758: Total time for which application threads were stopped: 0.0025830 seconds, Stopping threads took: 0.0008090 seconds
57.799: Application time: 0.0408660 seconds
57.800: [GC [PSYoungGen: 48000K->5920K(49152K)] 149982K->107902K(160256K), 0.0018240 secs] [Times: user=0.01 sys=0.00, real=0.00 secs] 
57.802: Total time for which application threads were stopped: 0.0030940 seconds, Stopping threads took: 0.0011950 seconds
57.844: Application time: 0.0422470 seconds
57.846: [GC [PSYoungGen: 48415K->4608K(49152K)] 150397K->106598K(160256K), 0.0015540 secs] [Times: user=0.01 sys=0.00, real=0.01 secs] 
57.847: Total time for which application threads were stopped: 0.0028640 seconds, Stopping threads took: 0.0012390 seconds
57.886: Application time: 0.0389640 seconds
57.888: [GC [PSYoungGen: 47104K->6624K(49152K)] 149094K->108750K(160256K), 0.0020990 secs] [Times: user=0.02 sys=0.00, real=0.00 secs] 
57.890: Total time for which application threads were stopped: 0.0039930 seconds, Stopping threads took: 0.0018020 seconds
57.929: Application time: 0.0387630 seconds
57.930: [GC [PSYoungGen: 49120K->5680K(49152K)] 151246K->107806K(160256K), 0.0018610 secs] [Times: user=0.01 sys=0.00, real=0.00 secs] 
57.932: Total time for which application threads were stopped: 0.0029690 seconds, Stopping threads took: 0.0010160 seconds
57.974: Application time: 0.0421590 seconds
57.976: [GC [PSYoungGen: 48176K->5760K(49152K)] 150302K->107894K(160256K), 0.0018260 secs] [Times: user=0.01 sys=0.00, real=0.00 secs] 
57.978: Total time for which application threads were stopped: 0.0039610 seconds, Stopping threads took: 0.0020600 seconds
58.020: Application time: 0.0418540 seconds
58.023: [GC [PSYoungGen: 48256K->6624K(49152K)] 150390K->108806K(160256K), 0.0019510 secs] [Times: user=0.01 sys=0.00, real=0.00 secs] 
58.025: Total time for which application threads were stopped: 0.0049140 seconds, Stopping threads took: 0.0028840 seconds
58.063: Application time: 0.0378000 seconds
58.066: [GC [PSYoungGen: 49120K->6640K(49152K)] 151302K->109654K(160256K), 0.0022320 secs] [Times: user=0.01 sys=0.00, real=0.01 secs] 
58.068: Total time for which application threads were stopped: 0.0051870 seconds, Stopping threads took: 0.0028690 seconds
58.109: Application time: 0.0406560 seconds
58.112: [GC [PSYoungGen: 49136K->6656K(49152K)] 152150K->109710K(160256K), 0.0020800 secs] [Times: user=0.02 sys=0.00, real=0.00 secs] 
58.114: Total time for which application threads were stopped: 0.0050490 seconds, Stopping threads took: 0.0028730 seconds
58.155: Application time: 0.0409380 seconds
58.156: [GC [PSYoungGen: 49152K->6640K(49152K)] 152206K->109694K(160256K), 0.0020580 secs] [Times: user=0.01 sys=0.00, real=0.00 secs] 
58.158: Total time for which application threads were stopped: 0.0035390 seconds, Stopping threads took: 0.0014060 seconds
58.198: Application time: 0.0394200 seconds
58.199: [GC [PSYoungGen: 49136K->6624K(49152K)] 152190K->109882K(160256K), 0.0021330 secs] [Times: user=0.02 sys=0.00, real=0.00 secs] 
58.202: Total time for which application threads were stopped: 0.0040910 seconds, Stopping threads took: 0.0018780 seconds
58.240: Application time: 0.0382340 seconds
58.242: [GC [PSYoungGen: 49120K->6656K(49152K)] 152378K->110890K(160256K), 0.0023320 secs] [Times: user=0.01 sys=0.00, real=0.00 secs] 
58.244: Total time for which application threads were stopped: 0.0041780 seconds, Stopping threads took: 0.0017670 seconds
58.281: Application time: 0.0372520 seconds
58.283: [GC [PSYoungGen: 49152K->6640K(49152K)] 153386K->111674K(160256K), 0.0022730 secs] [Times: user=0.02 sys=0.00, real=0.00 secs] 
58.286: Total time for which application threads were stopped: 0.0043420 seconds, Stopping threads took: 0.0019890 seconds
58.322: Application time: 0.0361150 seconds
58.324: [GC [PSYoungGen: 49136K->6640K(49152K)] 154170K->111722K(160256K), 0.0020630 secs] [Times: user=0.01 sys=0.00, real=0.00 secs] 
58.326: Total time for which application threads were stopped: 0.0041460 seconds, Stopping threads took: 0.0020070 seconds
58.363: Application time: 0.0369100 seconds
58.365: [GC [PSYoungGen: 49136K->6656K(49152K)] 154218K->113122K(160256K), 0.0024340 secs] [Times: user=0.02 sys=0.00, real=0.01 secs] 
58.367: Total time for which application threads were stopped: 0.0045730 seconds, Stopping threads took: 0.0020560 seconds
58.406: Application time: 0.0384220 seconds
58.407: [GC [PSYoungGen: 49152K->6288K(49152K)] 155618K->112754K(160256K), 0.0019170 secs] [Times: user=0.01 sys=0.00, real=0.00 secs] 
58.409: Total time for which application threads were stopped: 0.0035590 seconds, Stopping threads took: 0.0015720 seconds
58.450: Application time: 0.0401300 seconds
58.452: [GC [PSYoungGen: 48784K->5712K(49152K)] 155250K->112178K(160256K), 0.0017110 secs] [Times: user=0.02 sys=0.00, real=0.00 secs] 
58.453: Total time for which application threads were stopped: 0.0038690 seconds, Stopping threads took: 0.0020740 seconds
58.492: Application time: 0.0388490 seconds
58.494: [GC [PSYoungGen: 48208K->6112K(49152K)] 154674K->112578K(160256K), 0.0018950 secs] [Times: user=0.01 sys=0.00, real=0.00 secs] 
58.496: Total time for which application threads were stopped: 0.0037440 seconds, Stopping threads took: 0.0017740 seconds
58.536: Application time: 0.0395720 seconds
58.538: [GC [PSYoungGen: 48608K->5456K(49152K)] 155074K->111930K(160256K), 0.0017360 secs] [Times: user=0.01 sys=0.00, real=0.01 secs] 
58.539: Total time for which application threads were stopped: 0.0038080 seconds, Stopping threads took: 0.0019990 seconds
58.581: Application time: 0.0420520 seconds
58.584: [GC [PSYoungGen: 47952K->6640K(49152K)] 154426K->113242K(160256K), 0.0021980 secs] [Times: user=0.01 sys=0.00, real=0.00 secs] 
58.586: Total time for which application threads were stopped: 0.0049150 seconds, Stopping threads took: 0.0026410 seconds
58.626: Application time: 0.0392330 seconds
58.628: [GC [PSYoungGen: 49135K->6656K(49152K)] 155737K->113290K(160256K), 0.0020380 secs] [Times: user=0.02 sys=0.00, real=0.00 secs] 
58.630: Total time for which application threads were stopped: 0.0045720 seconds, Stopping threads took: 0.0024620 seconds
58.670: Application time: 0.0396760 seconds
58.672: [GC [PSYoungGen: 49152K->6640K(49152K)] 155786K->113754K(160256K), 0.0021310 secs] [Times: user=0.02 sys=0.00, real=0.00 secs] 
58.674: Total time for which application threads were stopped: 0.0039560 seconds, Stopping threads took: 0.0017510 seconds
58.714: Application time: 0.0401420 seconds
58.716: [GC [PSYoungGen: 49136K->5184K(49152K)] 156250K->112298K(160256K), 0.0016200 secs] [Times: user=0.01 sys=0.00, real=0.00 secs] 
58.718: Total time for which application threads were stopped: 0.0039680 seconds, Stopping threads took: 0.0022790 seconds
58.761: Application time: 0.0430550 seconds
58.764: [GC [PSYoungGen: 47679K->5168K(49152K)] 154793K->112290K(160256K), 0.0016050 secs] [Times: user=0.01 sys=0.00, real=0.00 secs] 
58.765: Total time for which application threads were stopped: 0.0043400 seconds, Stopping threads took: 0.0026670 seconds
58.805: Application time: 0.0395030 seconds
58.808: [GC [PSYoungGen: 47663K->6464K(49152K)] 154785K->113586K(160256K), 0.0020180 secs] [Times: user=0.01 sys=0.01, real=0.00 secs] 
58.810: Total time for which application threads were stopped: 0.0050000 seconds, Stopping threads took: 0.0029090 seconds
58.850: Application time: 0.0401800 seconds
58.852: [GC [PSYoungGen: 48960K->6656K(49152K)] 156082K->113914K(160256K), 0.0020330 secs] [Times: user=0.01 sys=0.00, real=0.00 secs] 
58.854: Total time for which application threads were stopped: 0.0042300 seconds, Stopping threads took: 0.0021210 seconds
58.894: Application time: 0.0401750 seconds
58.897: [GC [PSYoungGen: 49152K->6640K(49152K)] 156410K->113930K(160256K), 0.0019650 secs] [Times: user=0.01 sys=0.00, real=0.01 secs] 
58.899: Total time for which application threads were stopped: 0.0048330 seconds, Stopping threads took: 0.0027960 seconds
58.939: Application time: 0.0398090 seconds
58.941: [GC [PSYoungGen: 49136K->6624K(49152K)] 156426K->114362K(160256K), 0.0023650 secs] [Times: user=0.02 sys=0.00, real=0.00 secs] 
58.944: Total time for which application threads were stopped: 0.0047080 seconds, Stopping threads took: 0.0022590 seconds
58.983: Application time: 0.0387290 seconds
58.985: [GC [PSYoungGen: 49120K->6656K(49152K)] 156858K->114426K(160256K), 0.0020790 secs] [Times: user=0.02 sys=0.00, real=0.01 secs] 
58.987: Total time for which application threads were stopped: 0.0049660 seconds, Stopping threads took: 0.0027970 seconds
59.028: Application time: 0.0403300 seconds
59.030: [GC [PSYoungGen: 49152K->5120K(49152K)] 156922K->112890K(160256K), 0.0016180 secs] [Times: user=0.01 sys=0.00, real=0.00 secs] 
59.031: Total time for which application threads were stopped: 0.0035670 seconds, Stopping threads took: 0.0018750 seconds
59.070: Application time: 0.0388040 seconds
59.073: [GC [PSYoungGen: 47616K->5952K(49152K)] 155386K->113738K(160256K), 0.0018700 secs] [Times: user=0.01 sys=0.00, real=0.00 secs] 
59.075: Total time for which application threads were stopped: 0.0044370 seconds, Stopping threads took: 0.0024890 seconds
59.113: Application time: 0.0387840 seconds
59.115: [GC [PSYoungGen: 48448K->6640K(49152K)] 156234K->114610K(160256K), 0.0020800 secs] [Times: user=0.02 sys=0.00, real=0.00 secs] 
59.117: Total time for which application threads were stopped: 0.0035820 seconds, Stopping threads took: 0.0014110 seconds
59.155: Application time: 0.0375730 seconds
59.156: [GC [PSYoungGen: 49136K->6656K(49152K)] 157106K->115562K(160256K), 0.0026170 secs] [Times: user=0.02 sys=0.00, real=0.01 secs] 
59.159: Total time for which application threads were stopped: 0.0045710 seconds, Stopping threads took: 0.0018620 seconds
59.197: Application time: 0.0378270 seconds
59.200: [GC [PSYoungGen: 49152K->6464K(49152K)] 158058K->115370K(160256K), 0.0019480 secs] [Times: user=0.01 sys=0.00, real=0.00 secs] 
59.202: Total time for which application threads were stopped: 0.0046310 seconds, Stopping threads took: 0.0026010 seconds
59.239: Application time: 0.0377950 seconds
59.242: [GC [PSYoungGen: 48960K->6320K(49152K)] 157866K->115226K(160256K), 0.0019240 secs] [Times: user=0.01 sys=0.00, real=0.00 secs] 
59.244: Total time for which application threads were stopped: 0.0045440 seconds, Stopping threads took: 0.0025360 seconds
59.282: Application time: 0.0383350 seconds
59.285: [GC [PSYoungGen: 48816K->6624K(49152K)] 157722K->116162K(160256K), 0.0022780 secs] [Times: user=0.01 sys=0.00, real=0.01 secs] 
59.287: Total time for which application threads were stopped: 0.0051940 seconds, Stopping threads took: 0.0028140 seconds
59.326: Application time: 0.0384160 seconds
59.327: [GC [PSYoungGen: 49120K->6272K(49152K)] 158658K->115810K(160256K), 0.0020370 secs] [Times: user=0.02 sys=0.00, real=0.00 secs] 
59.329: Total time for which application threads were stopped: 0.0031340 seconds, Stopping threads took: 0.0010160 seconds
59.367: Application time: 0.0379500 seconds
59.370: [GC [PSYoungGen: 48768K->6624K(49152K)] 158306K->116418K(160256K), 0.0022170 secs] [Times: user=0.01 sys=0.00, real=0.00 secs] 
59.372: Total time for which application threads were stopped: 0.0052850 seconds, Stopping threads took: 0.0029860 seconds
59.411: Application time: 0.0386470 seconds
59.412: [GC [PSYoungGen: 49120K->6656K(49152K)] 158914K->117458K(160256K), 0.0025160 secs] [Times: user=0.01 sys=0.00, real=0.00 secs] 
59.415: [Full GC [PSYoungGen: 6656K->0K(49152K)] [ParOldGen: 110802K->10175K(111104K)] 117458K->10175K(160256K) [PSPermGen: 5142K->5142K(21504K)], 0.0070570 secs] [Times: user=0.04 sys=0.00, real=0.01 secs] 
59.422: Total time for which application threads were stopped: 0.0109390 seconds, Stopping threads took: 0.0012290 seconds
59.463: Application time: 0.0411390 seconds
59.464: [GC [PSYoungGen: 42496K->6656K(49152K)] 52671K->17119K(160256K), 0.0021100 secs] [Times: user=0.02 sys=0.00, real=0.01 secs] 
59.467: Total time for which application threads were stopped: 0.0035820 seconds, Stopping threads took: 0.0013920 seconds
59.507: Application time: 0.0407040 seconds
59.509: [GC [PSYoungGen: 49152K->6640K(49152K)] 59615K->18267K(160256K), 0.0023160 secs] [Times: user=0.01 sys=0.00, real=0.00 secs] 
59.511: Total time for which application threads were stopped: 0.0040250 seconds, Stopping threads took: 0.0016160 seconds
59.553: Application time: 0.0417750 seconds
59.556: [GC [PSYoungGen: 49136K->4688K(49152K)] 60763K->16315K(160256K), 0.0014740 secs] [Times: user=0.01 sys=0.00, real=0.00 secs] 
59.558: Total time for which application threads were stopped: 0.0045990 seconds, Stopping threads took: 0.0030610 seconds
59.598: Application time: 0.0406480 seconds
59.602: [GC [PSYoungGen: 47184K->6640K(49152K)] 58811K->18491K(160256K), 0.0020210 secs] [Times: user=0.01 sys=0.00, real=0.00 secs] 
59.604: Total time for which application threads were stopped: 0.0052170 seconds, Stopping threads took: 0.0031150 seconds
59.644: Application time: 0.0403180 seconds
59.646: [GC [PSYoungGen: 49136K->6640K(49152K)] 60987K->20131K(160256K), 0.0024990 secs] [Times: user=0.02 sys=0.00, real=0.01 secs] 
59.648: Total time for which application threads were stopped: 0.0041680 seconds, Stopping threads took: 0.0015840 seconds
59.690: Application time: 0.0421540 seconds
59.692: [GC [PSYoungGen: 49136K->6608K(49152K)] 62627K->20099K(160256K), 0.0019480 secs] [Times: user=0.01 sys=0.00, real=0.00 secs] 
59.694: Total time for which application threads were stopped: 0.0038070 seconds, Stopping threads took: 0.0017660 seconds
59.736: Application time: 0.0419190 seconds
59.738: [GC [PSYoungGen: 49104K->6544K(49152K)] 62595K->20035K(160256K), 0.0020210 secs] [Times: user=0.02 sys=0.00, real=0.01 secs] 
59.740: Total time for which application threads were stopped: 0.0038680 seconds, Stopping threads took: 0.0017670 seconds
59.781: Application time: 0.0415050 seconds
59.783: [GC [PSYoungGen: 49040K->6640K(49152K)] 62531K->20283K(160256K), 0.0020390 secs] [Times: user=0.02 sys=0.00, real=0.00 secs] 
59.786: Total time for which application threads were stopped: 0.0042360 seconds, Stopping threads took: 0.0021150 seconds
59.826: Application time: 0.0401220 seconds
59.828: [GC [PSYoungGen: 49134K->6640K(49152K)] 62777K->21419K(160256K), 0.0023270 secs] [Times: user=0.02 sys=0.01, real=0.00 secs] 
59.831: Total time for which application threads were stopped: 0.0051470 seconds, Stopping threads took: 0.0027370 seconds
59.872: Application time: 0.0409040 seconds
59.875: [GC [PSYoungGen: 49136K->6640K(49152K)] 63915K->21867K(160256K), 0.0020730 secs] [Times: user=0.01 sys=0.00, real=0.00 secs] 
59.877: Total time for which application threads were stopped: 0.0049320 seconds, Stopping threads took: 0.0027760 seconds
59.918: Application time: 0.0417580 seconds
59.920: [GC [PSYoungGen: 49136K->6544K(49152K)] 64363K->21771K(160256K), 0.0019600 secs] [Times: user=0.01 sys=0.00, real=0.00 secs] 
59.922: Total time for which application threads were stopped: 0.0035640 seconds, Stopping threads took: 0.0015270 seconds
59.966: Application time: 0.0441050 seconds
59.968: [GC [PSYoungGen: 49040K->5568K(49152K)] 64267K->20795K(160256K), 0.0018220 secs] [Times: user=0.01 sys=0.00, real=0.00 secs] 
59.970: Total time for which application threads were stopped: 0.0037550 seconds, Stopping threads took: 0.0018590 seconds
60.011: Application time: 0.0409780 seconds
60.013: [GC [PSYoungGen: 48064K->6448K(49152K)] 63291K->21675K(160256K), 0.0019250 secs] [Times: user=0.01 sys=0.00, real=0.00 secs] 
60.015: Total time for which application threads were stopped: 0.0038740 seconds, Stopping threads took: 0.0018620 seconds
60.057: Application time: 0.0425980 seconds
60.059: [GC [PSYoungGen: 48944K->6640K(49152K)] 64171K->21987K(160256K), 0.0020800 secs] [Times: user=0.01 sys=0.00, real=0.00 secs] 
60.061: Total time for which application threads were stopped: 0.0040110 seconds, Stopping threads took: 0.0018490 seconds
60.103: Application time: 0.0420730 seconds
60.105: [GC [PSYoungGen: 49136K->6032K(49152K)] 64483K->21379K(160256K), 0.0017860 secs] [Times: user=0.01 sys=0.00, real=0.01 secs] 
60.107: Total time for which application threads were stopped: 0.0033640 seconds, Stopping threads took: 0.0014990 seconds
60.150: Application time: 0.0427900 seconds
60.151: [GC [PSYoungGen: 48528K->6368K(49152K)] 63875K->22219K(160256K), 0.0020880 secs] [Times: user=0.01 sys=0.01, real=0.00 secs] 
60.154: Total time for which application threads were stopped: 0.0040140 seconds, Stopping threads took: 0.0018480 seconds
60.195: Application time: 0.0412290 seconds
60.198: [GC [PSYoungGen: 48864K->6640K(49152K)] 64715K->23079K(160256K), 0.0023080 secs] [Times: user=0.01 sys=0.00, real=0.01 secs] 
60.200: Total time for which application threads were stopped: 0.0052320 seconds, Stopping threads took: 0.0028370 seconds
60.240: Application time: 0.0397900 seconds
60.243: [GC [PSYoungGen: 49136K->6656K(49152K)] 65575K->24007K(160256K), 0.0021990 secs] [Times: user=0.02 sys=0.00, real=0.00 secs] 
60.245: Total time for which application threads were stopped: 0.0051860 seconds, Stopping threads took: 0.0029080 seconds
60.286: Application time: 0.0407410 seconds
60.288: [GC [PSYoungGen: 49152K->6624K(49152K)] 66503K->24387K(160256K), 0.0021210 secs] [Times: user=0.01 sys=0.00, real=0.00 secs] 
60.290: Total time for which application threads were stopped: 0.0040830 seconds, Stopping threads took: 0.0018840 seconds
60.330: Application time: 0.0401150 seconds
60.331: [GC [PSYoungGen: 49120K->6656K(49152K)] 66883K->25483K(160256K), 0.0027330 secs] [Times: user=0.02 sys=0.00, real=0.00 secs] 
60.334: Total time for which application threads were stopped: 0.0039850 seconds, Stopping threads took: 0.0011490 seconds
60.377: Application time: 0.0429890 seconds
60.379: [GC [PSYoungGen: 49152K->6656K(49152K)] 67979K->26163K(160256K), 0.0020180 secs] [Times: user=0.02 sys=0.00, real=0.00 secs] 
60.381: Total time for which application threads were stopped: 0.0037840 seconds, Stopping threads took: 0.0016920 seconds
60.425: Application time: 0.0446110 seconds
60.428: [GC [PSYoungGen: 49152K->6432K(49152K)] 68659K->25947K(160256K), 0.0018100 secs] [Times: user=0.01 sys=0.00, real=0.00 secs] 
60.429: Total time for which application threads were stopped: 0.0040400 seconds, Stopping threads took: 0.0021550 seconds
60.472: Application time: 0.0425470 seconds
60.474: [GC [PSYoungGen: 48928K->5360K(49152K)] 68443K->24875K(160256K), 0.0015610 secs] [Times: user=0.01 sys=0.00, real=0.00 secs] 
60.476: Total time for which application threads were stopped: 0.0037440 seconds, Stopping threads took: 0.0021100 seconds
60.517: Application time: 0.0411260 seconds
60.518: [GC [PSYoungGen: 47856K->5264K(49152K)] 67371K->24779K(160256K), 0.0015630 secs] [Times: user=0.01 sys=0.00, real=0.01 secs] 
60.520: Total time for which application threads were stopped: 0.0029440 seconds, Stopping threads took: 0.0012950 seconds
60.562: Application time: 0.0421680 seconds
60.564: [GC [PSYoungGen: 47760K->6144K(49152K)] 67275K->25659K(160256K), 0.0018230 secs] [Times: user=0.01 sys=0.00, real=0.00 secs] 
60.565: Total time for which application threads were stopped: 0.0035240 seconds, Stopping threads took: 0.0016270 seconds
60.608: Application time: 0.0424710 seconds
60.610: [GC [PSYoungGen: 48640K->6640K(49152K)] 68155K->26499K(160256K), 0.0019980 secs] [Times: user=0.01 sys=0.00, real=0.00 secs] 
60.612: Total time for which application threads were stopped: 0.0041660 seconds, Stopping threads took: 0.0020890 seconds
60.654: Application time: 0.0416620 seconds
60.656: [GC [PSYoungGen: 49136K->6656K(49152K)] 68995K->27659K(160256K), 0.0021600 secs] [Times: user=0.02 sys=0.00, real=0.00 secs] 
60.658: Total time for which application threads were stopped: 0.0046400 seconds, Stopping threads took: 0.0024030 seconds
60.700: Application time: 0.0417990 seconds
60.701: [GC [PSYoungGen: 49152K->6192K(49152K)] 70155K->27203K(160256K), 0.0018800 secs] [Times: user=0.01 sys=0.00, real=0.00 secs] 
60.703: Total time for which application threads were stopped: 0.0028950 seconds, Stopping threads took: 0.0009350 seconds
60.746: Application time: 0.0425380 seconds
60.747: [GC [PSYoungGen: 48688K->5776K(49152K)] 69699K->26795K(160256K), 0.0017740 secs] [Times: user=0.01 sys=0.01, real=0.00 secs] 
60.748: Total time for which application threads were stopped: 0.0027240 seconds, Stopping threads took: 0.0008740 seconds
60.789: Application time: 0.0401970 seconds
60.790: [GC [PSYoungGen: 48271K->6640K(49152K)] 69291K->27755K(160256K), 0.0021150 secs] [Times: user=0.02 sys=0.00, real=0.00 secs] 
60.792: Total time for which application threads were stopped: 0.0035080 seconds, Stopping threads took: 0.0013110 seconds
60.834: Application time: 0.0421180 seconds
60.837: [GC [PSYoungGen: 49136K->6656K(49152K)] 70251K->28771K(160256K), 0.0024070 secs] [Times: user=0.02 sys=0.00, real=0.01 secs] 
60.839: Total time for which application threads were stopped: 0.0048880 seconds, Stopping threads took: 0.0023760 seconds
60.880: Application time: 0.0407870 seconds
60.882: [GC [PSYoungGen: 49151K->6480K(49152K)] 71267K->28596K(160256K), 0.0022350 secs] [Times: user=0.02 sys=0.00, real=0.00 secs] 
60.884: Total time for which application threads were stopped: 0.0041980 seconds, Stopping threads took: 0.0018630 seconds
60.925: Application time: 0.0406380 seconds
60.926: [GC [PSYoungGen: 48976K->6416K(49152K)] 71092K->28532K(160256K), 0.0020220 secs] [Times: user=0.02 sys=0.00, real=0.01 secs] 
60.928: Total time for which application threads were stopped: 0.0033530 seconds, Stopping threads took: 0.0012270 seconds
60.968: Application time: 0.0401320 seconds
60.970: [GC [PSYoungGen: 48912K->6656K(49152K)] 71028K->29099K(160256K), 0.0021510 secs] [Times: user=0.01 sys=0.00, real=0.00 secs] 
60.972: Total time for which application threads were stopped: 0.0038210 seconds, Stopping threads took: 0.0015730 seconds
61.015: Application time: 0.0426580 seconds
61.017: [GC [PSYoungGen: 49152K->5312K(49152K)] 71595K->27763K(160256K), 0.0016530 secs] [Times: user=0.01 sys=0.00, real=0.01 secs] 
61.019: Total time for which application threads were stopped: 0.0039000 seconds, Stopping threads took: 0.0021720 seconds
61.059: Application time: 0.0403500 seconds
61.062: [GC [PSYoungGen: 47808K->6656K(49152K)] 70259K->30028K(160256K), 0.0022890 secs] [Times: user=0.02 sys=0.00, real=0.00 secs] 
61.064: Total time for which application threads were stopped: 0.0053220 seconds, Stopping threads took: 0.0029390 seconds
61.106: Application time: 0.0421640 seconds
61.108: [GC [PSYoungGen: 49150K->6304K(49152K)] 72523K->29676K(160256K), 0.0019350 secs] [Times: user=0.01 sys=0.00, real=0.00 secs] 
61.110: Total time for which application threads were stopped: 0.0035300 seconds, Stopping threads took: 0.0015180 seconds
61.152: Application time: 0.0415950 seconds
61.153: [GC [PSYoungGen: 48800K->5504K(49152K)] 72172K->28876K(160256K), 0.0016820 secs] [Times: user=0.01 sys=0.00, real=0.00 secs] 
61.154: Total time for which application threads were stopped: 0.0028250 seconds, Stopping threads took: 0.0010660 seconds
61.196: Application time: 0.0415020 seconds
61.198: [GC [PSYoungGen: 48000K->6640K(49152K)] 71372K->30596K(160256K), 0.0021910 secs] [Times: user=0.01 sys=0.00, real=0.01 secs] 
61.201: Total time for which application threads were stopped: 0.0046290 seconds, Stopping threads took: 0.0023580 seconds
61.241: Application time: 0.0406000 seconds
61.244: [GC [PSYoungGen: 49136K->6192K(49152K)] 73092K->30156K(160256K), 0.0018340 secs] [Times: user=0.01 sys=0.00, real=0.00 secs] 
61.246: Total time for which application threads were stopped: 0.0051710 seconds, Stopping threads took: 0.0032550 seconds
61.286: Application time: 0.0392860 seconds
61.288: [GC [PSYoungGen: 48688K->6640K(49152K)] 72652K->31552K(160256K), 0.0022720 secs] [Times: user=0.02 sys=0.00, real=0.00 secs] 
61.290: Total time for which application threads were stopped: 0.0045360 seconds, Stopping threads took: 0.0021770 seconds
61.330: Application time: 0.0399760 seconds
61.332: [GC [PSYoungGen: 49136K->6512K(49152K)] 74048K->31432K(160256K), 0.0019360 secs] [Times: user=0.02 sys=0.00, real=0.00 secs] 
61.334: Total time for which application threads were stopped: 0.0035970 seconds, Stopping threads took: 0.0015820 seconds
61.374: Application time: 0.0406560 seconds
61.376: [GC [PSYoungGen: 49008K->6432K(49152K)] 73928K->31352K(160256K), 0.0019380 secs] [Times: user=0.01 sys=0.00, real=0.00 secs] 
61.378: Total time for which application threads were stopped: 0.0034140 seconds, Stopping threads took: 0.0013950 seconds
61.419: Application time: 0.0413120 seconds
61.422: [GC [PSYoungGen: 48928K->6624K(49152K)] 73848K->32192K(160256K), 0.0021720 secs] [Times: user=0.01 sys=0.00, real=0.00 secs] 
61.424: Total time for which application threads were stopped: 0.0049880 seconds, Stopping threads took: 0.0027260 seconds
61.465: Application time: 0.0404950 seconds
61.466: [GC [PSYoungGen: 49120K->6656K(49152K)] 74688K->32608K(160256K), 0.0021240 secs] [Times: user=0.02 sys=0.00, real=0.01 secs] 
61.468: Total time for which application threads were stopped: 0.0038790 seconds, Stopping threads took: 0.0016710 seconds
61.510: Application time: 0.0416630 seconds
61.512: [GC [PSYoungGen: 49152K->5952K(49152K)] 75104K->31904K(160256K), 0.0018020 secs] [Times: user=0.01 sys=0.00, real=0.00 secs] 
61.513: Total time for which application threads were stopped: 0.0032260 seconds, Stopping threads took: 0.0013480 seconds
61.555: Application time: 0.0416640 seconds
61.557: [GC [PSYoungGen: 48448K->5296K(49152K)] 74400K->31264K(160256K), 0.0017520 secs] [Times: user=0.01 sys=0.00, real=0.00 secs] 
61.558: Total time for which application threads were stopped: 0.0034230 seconds, Stopping threads took: 0.0015960 seconds
61.601: Application time: 0.0425030 seconds
61.604: [GC [PSYoungGen: 47792K->6064K(49152K)] 73760K->32040K(160256K), 0.0017440 secs] [Times: user=0.01 sys=0.00, real=0.00 secs] 
61.605: Total time for which application threads were stopped: 0.0043590 seconds, Stopping threads took: 0.0025320 seconds
61.646: Application time: 0.0406780 seconds
61.649: [GC [PSYoungGen: 48558K->6448K(49152K)] 74534K->32424K(160256K), 0.0018820 secs] [Times: user=0.00 sys=0.01, real=0.00 secs] 
61.651: Total time for which application threads were stopped: 0.0047340 seconds, Stopping threads took: 0.0027710 seconds
61.691: Application time: 0.0397730 seconds
61.693: [GC [PSYoungGen: 48944K->6624K(49152K)] 74920K->33152K(160256K), 0.0021060 secs] [Times: user=0.01 sys=0.00, real=0.00 secs] 
61.695: Total time for which application threads were stopped: 0.0041210 seconds, Stopping threads took: 0.0019320 seconds
61.736: Application time: 0.0411610 seconds
61.737: [GC [PSYoungGen: 49120K->6288K(49152K)] 75648K->32824K(160256K), 0.0018660 secs] [Times: user=0.01 sys=0.00, real=0.01 secs] 
61.739: Total time for which application threads were stopped: 0.0032790 seconds, Stopping threads took: 0.0013320 seconds
61.780: Application time: 0.0408020 seconds
61.783: [GC [PSYoungGen: 48784K->5600K(49152K)] 75320K->32136K(160256K), 0.0016980 secs] [Times: user=0.01 sys=0.00, real=0.00 secs] 
61.785: Total time for which application threads were stopped: 0.0046410 seconds, Stopping threads took: 0.0028410 seconds
61.824: Application time: 0.0398510 seconds
61.826: [GC [PSYoungGen: 48096K->6640K(49152K)] 74632K->34028K(160256K), 0.0023150 secs] [Times: user=0.02 sys=0.00, real=0.01 secs] 
61.828: Total time for which application threads were stopped: 0.0038970 seconds, Stopping threads took: 0.0014990 seconds
61.870: Application time: 0.0413280 seconds
61.872: [GC [PSYoungGen: 49136K->6656K(49152K)] 76524K->34612K(160256K), 0.0020620 secs] [Times: user=0.01 sys=0.00, real=0.00 secs] 
61.875: Total time for which application threads were stopped: 0.0048760 seconds, Stopping threads took: 0.0027280 seconds
61.915: Application time: 0.0404170 seconds
61.917: [GC [PSYoungGen: 49152K->6656K(49152K)] 77108K->35068K(160256K), 0.0023800 secs] [Times: user=0.01 sys=0.00, real=0.01 secs] 
61.919: Total time for which application threads were stopped: 0.0043320 seconds, Stopping threads took: 0.0018470 seconds
61.962: Application time: 0.0422430 seconds
61.963: [GC [PSYoungGen: 49152K->6032K(49152K)] 77564K->34444K(160256K), 0.0020870 secs] [Times: user=0.01 sys=0.00, real=0.00 secs] 
61.966: Total time for which application threads were stopped: 0.0039920 seconds, Stopping threads took: 0.0018020 seconds
62.006: Application time: 0.0409210 seconds
62.009: [GC [PSYoungGen: 48528K->6656K(49152K)] 76940K->35236K(160256K), 0.0021600 secs] [Times: user=0.02 sys=0.00, real=0.00 secs] 
62.011: Total time for which application threads were stopped: 0.0048610 seconds, Stopping threads took: 0.0026230 seconds
62.051: Application time: 0.0400830 seconds
62.053: [GC [PSYoungGen: 49152K->6624K(49152K)] 77732K->35300K(160256K), 0.0020210 secs] [Times: user=0.02 sys=0.00, real=0.00 secs] 
62.055: Total time for which application threads were stopped: 0.0035870 seconds, Stopping threads took: 0.0014830 seconds
62.096: Application time: 0.0412050 seconds
62.099: [GC [PSYoungGen: 49120K->6640K(49152K)] 77796K->36268K(160256K), 0.0023000 secs] [Times: user=0.01 sys=0.00, real=0.00 secs] 
62.101: Total time for which application threads were stopped: 0.0051570 seconds, Stopping threads took: 0.0027770 seconds
62.144: Application time: 0.0426860 seconds
62.147: [GC [PSYoungGen: 49136K->6640K(49152K)] 78764K->36964K(160256K), 0.0020550 secs] [Times: user=0.02 sys=0.00, real=0.00 secs] 
62.149: Total time for which application threads were stopped: 0.0047030 seconds, Stopping threads took: 0.0025610 seconds
62.189: Application time: 0.0407500 seconds
62.191: [GC [PSYoungGen: 49136K->6656K(49152K)] 79460K->37428K(160256K), 0.0020810 secs] [Times: user=0.01 sys=0.00, real=0.00 secs] 
62.193: Total time for which application threads were stopped: 0.0038360 seconds, Stopping threads took: 0.0016830 seconds
62.236: Application time: 0.0430010 seconds
62.238: [GC [PSYoungGen: 49151K->6624K(49152K)] 79923K->37812K(160256K), 0.0021620 secs] [Times: user=0.01 sys=0.00, real=0.01 secs] 
62.240: Total time for which application threads were stopped: 0.0039380 seconds, Stopping threads took: 0.0016910 seconds
62.282: Application time: 0.0420430 seconds
62.285: [GC [PSYoungGen: 49120K->6320K(49152K)] 80308K->37516K(160256K), 0.0018360 secs] [Times: user=0.02 sys=0.00, real=0.01 secs] 
62.287: Total time for which application threads were stopped: 0.0044250 seconds, Stopping threads took: 0.0024900 seconds
62.329: Application time: 0.0424600 seconds
62.331: [GC [PSYoungGen: 48816K->6528K(49152K)] 80012K->37732K(160256K), 0.0019920 secs] [Times: user=0.02 sys=0.00, real=0.00 secs] 
62.333: Total time for which application threads were stopped: 0.0038430 seconds, Stopping threads took: 0.0017690 seconds
62.375: Application time: 0.0414700 seconds
62.377: [GC [PSYoungGen: 49024K->6480K(49152K)] 80228K->37684K(160256K), 0.0018360 secs] [Times: user=0.02 sys=0.00, real=0.01 secs] 
62.379: Total time for which application threads were stopped: 0.0045860 seconds, Stopping threads took: 0.0026760 seconds
62.424: Application time: 0.0449320 seconds
62.426: [GC [PSYoungGen: 48976K->4896K(49152K)] 80180K->36108K(160256K), 0.0015100 secs] [Times: user=0.01 sys=0.00, real=0.01 secs] 
62.427: Total time for which application threads were stopped: 0.0031240 seconds, Stopping threads took: 0.0015430 seconds
62.472: Application time: 0.0448260 seconds
62.475: [GC [PSYoungGen: 47392K->6400K(49152K)] 78604K->37620K(160256K), 0.0018530 secs] [Times: user=0.01 sys=0.00, real=0.00 secs] 
62.477: Total time for which application threads were stopped: 0.0051800 seconds, Stopping threads took: 0.0032550 seconds
62.520: Application time: 0.0429570 seconds
62.522: [GC [PSYoungGen: 48896K->6224K(49152K)] 80116K->37444K(160256K), 0.0018420 secs] [Times: user=0.01 sys=0.00, real=0.00 secs] 
62.524: Total time for which application threads were stopped: 0.0039940 seconds, Stopping threads took: 0.0020720 seconds
62.566: Application time: 0.0414740 seconds
62.568: [GC [PSYoungGen: 48720K->6208K(49152K)] 79940K->37428K(160256K), 0.0018620 secs] [Times: user=0.01 sys=0.00, real=0.00 secs] 
62.570: Total time for which application threads were stopped: 0.0044890 seconds, Stopping threads took: 0.0025390 seconds
62.612: Application time: 0.0417540 seconds
62.615: [GC [PSYoungGen: 48704K->6304K(49152K)] 79924K->37524K(160256K), 0.0020490 secs] [Times: user=0.02 sys=0.00, real=0.00 secs] 
62.617: Total time for which application threads were stopped: 0.0049560 seconds, Stopping threads took: 0.0028010 seconds
62.658: Application time: 0.0408860 seconds
62.661: [GC [PSYoungGen: 48800K->6640K(49152K)] 80020K->38276K(160256K), 0.0021630 secs] [Times: user=0.01 sys=0.00, real=0.00 secs] 
62.663: Total time for which application threads were stopped: 0.0054640 seconds, Stopping threads took: 0.0032120 seconds
62.704: Application time: 0.0408670 seconds
62.706: [GC [PSYoungGen: 49136K->5888K(49152K)] 80772K->37524K(160256K), 0.0017470 secs] [Times: user=0.01 sys=0.00, real=0.01 secs] 
62.708: Total time for which application threads were stopped: 0.0041760 seconds, Stopping threads took: 0.0023500 seconds
62.749: Application time: 0.0409260 seconds
62.751: [GC [PSYoungGen: 48384K->6624K(49152K)] 80020K->39120K(160256K), 0.0022640 secs] [Times: user=0.01 sys=0.00, real=0.00 secs] 
62.753: Total time for which application threads were stopped: 0.0041170 seconds, Stopping threads took: 0.0017700 seconds
62.796: Application time: 0.0432280 seconds
62.800: [GC [PSYoungGen: 49120K->5568K(49152K)] 81616K->38064K(160256K), 0.0018790 secs] [Times: user=0.01 sys=0.00, real=0.00 secs] 
62.801: Total time for which application threads were stopped: 0.0049520 seconds, Stopping threads took: 0.0029610 seconds
62.841: Application time: 0.0399370 seconds
62.845: [GC [PSYoungGen: 48064K->6624K(49152K)] 80560K->39872K(160256K), 0.0021470 secs] [Times: user=0.02 sys=0.00, real=0.01 secs] 
62.847: Total time for which application threads were stopped: 0.0053040 seconds, Stopping threads took: 0.0030750 seconds
62.888: Application time: 0.0416150 seconds
62.891: [GC [PSYoungGen: 49120K->6272K(49152K)] 82368K->39520K(160256K), 0.0018090 secs] [Times: user=0.01 sys=0.00, real=0.00 secs] 
62.893: Total time for which application threads were stopped: 0.0042920 seconds, Stopping threads took: 0.0024150 seconds
62.935: Application time: 0.0425290 seconds
62.937: [GC [PSYoungGen: 48766K->5984K(49152K)] 82014K->39232K(160256K), 0.0017190 secs] [Times: user=0.02 sys=0.00, real=0.01 secs] 
62.939: Total time for which application threads were stopped: 0.0038630 seconds, Stopping threads took: 0.0020690 seconds
62.981: Application time: 0.0415450 seconds
62.984: [GC [PSYoungGen: 48480K->6656K(49152K)] 81728K->40016K(160256K), 0.0020300 secs] [Times: user=0.01 sys=0.00, real=0.00 secs] 
62.986: Total time for which application threads were stopped: 0.0052180 seconds, Stopping threads took: 0.0031100 seconds
63.026: Application time: 0.0406790 seconds
63.028: [GC [PSYoungGen: 49152K->6656K(49152K)] 82512K->41080K(160256K), 0.0021610 secs] [Times: user=0.01 sys=0.00, real=0.00 secs] 
63.031: Total time for which application threads were stopped: 0.0040940 seconds, Stopping threads took: 0.0018470 seconds
63.076: Application time: 0.0450880 seconds
63.077: [GC [PSYoungGen: 49152K->6656K(49152K)] 83576K->41360K(160256K), 0.0019760 secs] [Times: user=0.01 sys=0.00, real=0.01 secs] 
63.079: Total time for which application threads were stopped: 0.0036010 seconds, Stopping threads took: 0.0015480 seconds
63.123: Application time: 0.0433920 seconds
63.124: [GC [PSYoungGen: 49152K->6336K(49152K)] 83856K->41040K(160256K), 0.0018450 secs] [Times: user=0.02 sys=0.00, real=0.00 secs] 
63.126: Total time for which application threads were stopped: 0.0037160 seconds, Stopping threads took: 0.0017940 seconds
63.169: Application time: 0.0423350 seconds
63.170: [GC [PSYoungGen: 48832K->6112K(49152K)] 83536K->40816K(160256K), 0.0018520 secs] [Times: user=0.01 sys=0.01, real=0.00 secs] 
63.172: Total time for which application threads were stopped: 0.0035730 seconds, Stopping threads took: 0.0016370 seconds
63.217: Application time: 0.0447000 seconds
63.219: [GC [PSYoungGen: 48608K->4224K(49152K)] 83312K->38936K(160256K), 0.0012650 secs] [Times: user=0.00 sys=0.00, real=0.00 secs] 
63.220: Total time for which application threads were stopped: 0.0029590 seconds, Stopping threads took: 0.0016290 seconds
63.258: Application time: 0.0384670 seconds
63.261: [GC [PSYoungGen: 46720K->6640K(49152K)] 81432K->41640K(160256K), 0.0020810 secs] [Times: user=0.01 sys=0.01, real=0.00 secs] 
63.263: Total time for which application threads were stopped: 0.0044830 seconds, Stopping threads took: 0.0023170 seconds
63.304: Application time: 0.0410110 seconds
63.306: [GC [PSYoungGen: 49136K->6656K(49152K)] 84136K->42672K(160256K), 0.0024060 secs] [Times: user=0.02 sys=0.00, real=0.01 secs] 
63.308: Total time for which application threads were stopped: 0.0041400 seconds, Stopping threads took: 0.0016510 seconds
63.348: Application time: 0.0399780 seconds
63.350: [GC [PSYoungGen: 49152K->6656K(49152K)] 85168K->43072K(160256K), 0.0021720 secs] [Times: user=0.02 sys=0.00, real=0.00 secs] 
63.352: Total time for which application threads were stopped: 0.0040190 seconds, Stopping threads took: 0.0017710 seconds
63.392: Application time: 0.0401180 seconds
63.395: [GC [PSYoungGen: 49152K->6624K(49152K)] 85568K->44624K(160256K), 0.0023750 secs] [Times: user=0.02 sys=0.00, real=0.00 secs] 
63.397: Total time for which application threads were stopped: 0.0051450 seconds, Stopping threads took: 0.0026860 seconds
63.438: Application time: 0.0411660 seconds
63.441: [GC [PSYoungGen: 49120K->6640K(49152K)] 87120K->44656K(160256K), 0.0022140 secs] [Times: user=0.01 sys=0.00, real=0.00 secs] 
63.444: Total time for which application threads were stopped: 0.0051200 seconds, Stopping threads took: 0.0028330 seconds
63.484: Application time: 0.0402800 seconds
63.487: [GC [PSYoungGen: 49136K->5632K(49152K)] 87152K->43648K(160256K), 0.0019410 secs] [Times: user=0.01 sys=0.00, real=0.00 secs] 
63.489: Total time for which application threads were stopped: 0.0052280 seconds, Stopping threads took: 0.0031970 seconds
63.528: Application time: 0.0387390 seconds
63.531: [GC [PSYoungGen: 48128K->6640K(49152K)] 86144K->45016K(160256K), 0.0020980 secs] [Times: user=0.02 sys=0.00, real=0.00 secs] 
63.533: Total time for which application threads were stopped: 0.0051990 seconds, Stopping threads took: 0.0030220 seconds
63.573: Application time: 0.0397780 seconds
63.574: [GC [PSYoungGen: 49136K->5552K(49152K)] 87512K->43936K(160256K), 0.0016920 secs] [Times: user=0.01 sys=0.00, real=0.00 secs] 
63.576: Total time for which application threads were stopped: 0.0031080 seconds, Stopping threads took: 0.0013470 seconds
63.617: Application time: 0.0412120 seconds
63.621: [GC [PSYoungGen: 48048K->6624K(49152K)] 86432K->45272K(160256K), 0.0019500 secs] [Times: user=0.02 sys=0.00, real=0.00 secs] 
63.623: Total time for which application threads were stopped: 0.0060790 seconds, Stopping threads took: 0.0040560 seconds
63.661: Application time: 0.0376420 seconds
63.663: [GC [PSYoungGen: 49120K->6640K(49152K)] 87768K->45328K(160256K), 0.0019220 secs] [Times: user=0.01 sys=0.00, real=0.00 secs] 
63.665: Total time for which application threads were stopped: 0.0045350 seconds, Stopping threads took: 0.0025400 seconds
63.704: Application time: 0.0387660 seconds
63.707: [GC [PSYoungGen: 49136K->6656K(49152K)] 87824K->46416K(160256K), 0.0022510 secs] [Times: user=0.01 sys=0.00, real=0.00 secs] 
63.710: Total time for which application threads were stopped: 0.0054360 seconds, Stopping threads took: 0.0030960 seconds
63.748: Application time: 0.0387600 seconds
63.750: [GC [PSYoungGen: 49152K->6656K(49152K)] 88912K->47256K(160256K), 0.0022570 secs] [Times: user=0.01 sys=0.00, real=0.00 secs] 
63.753: Total time for which application threads were stopped: 0.0043790 seconds, Stopping threads took: 0.0020380 seconds
63.791: Application time: 0.0382440 seconds
63.793: [GC [PSYoungGen: 49152K->6432K(49152K)] 89752K->47040K(160256K), 0.0019090 secs] [Times: user=0.01 sys=0.00, real=0.00 secs] 
63.795: Total time for which application threads were stopped: 0.0035140 seconds, Stopping threads took: 0.0015190 seconds
63.833: Application time: 0.0381530 seconds
63.834: [GC [PSYoungGen: 48928K->6640K(49152K)] 89536K->47336K(160256K), 0.0020350 secs] [Times: user=0.02 sys=0.00, real=0.00 secs] 
63.836: Total time for which application threads were stopped: 0.0037680 seconds, Stopping threads took: 0.0016580 seconds
63.873: Application time: 0.0366330 seconds
63.876: [GC [PSYoungGen: 49136K->6656K(49152K)] 89832K->48664K(160256K), 0.0023420 secs] [Times: user=0.02 sys=0.00, real=0.00 secs] 
63.878: Total time for which application threads were stopped: 0.0052860 seconds, Stopping threads took: 0.0028580 seconds
63.916: Application time: 0.0376670 seconds
63.918: [GC [PSYoungGen: 49151K->6624K(49152K)] 91160K->49380K(160256K), 0.0022080 secs] [Times: user=0.01 sys=0.00, real=0.01 secs] 
63.920: Total time for which application threads were stopped: 0.0042840 seconds, Stopping threads took: 0.0019980 seconds
63.959: Application time: 0.0387510 seconds
63.961: [GC [PSYoungGen: 49120K->6272K(49152K)] 91876K->49036K(160256K), 0.0018910 secs] [Times: user=0.01 sys=0.00, real=0.00 secs] 
63.963: Total time for which application threads were stopped: 0.0036720 seconds, Stopping threads took: 0.0016990 seconds
64.001: Application time: 0.0380470 seconds
64.002: [GC [PSYoungGen: 48768K->6624K(49152K)] 91532K->49780K(160256K), 0.0020800 secs] [Times: user=0.02 sys=0.00, real=0.00 secs] 
64.005: Total time for which application threads were stopped: 0.0037740 seconds, Stopping threads took: 0.0016090 seconds
64.048: Application time: 0.0434390 seconds
64.049: [GC [PSYoungGen: 49120K->6048K(49152K)] 92276K->49212K(160256K), 0.0017440 secs] [Times: user=0.01 sys=0.00, real=0.00 secs] 
64.051: Total time for which application threads were stopped: 0.0029330 seconds, Stopping threads took: 0.0011170 seconds
64.091: Application time: 0.0397600 seconds
64.093: [GC [PSYoungGen: 48544K->6400K(49152K)] 91708K->49564K(160256K), 0.0019240 secs] [Times: user=0.01 sys=0.00, real=0.00 secs] 
64.095: Total time for which application threads were stopped: 0.0040450 seconds, Stopping threads took: 0.0020440 seconds
64.135: Application time: 0.0399010 seconds
64.137: [GC [PSYoungGen: 48896K->5984K(49152K)] 92060K->49156K(160256K), 0.0017810 secs] [Times: user=0.01 sys=0.00, real=0.01 secs] 
64.139: Total time for which application threads were stopped: 0.0043010 seconds, Stopping threads took: 0.0024480 seconds
64.178: Application time: 0.0392020 seconds
64.181: [GC [PSYoungGen: 48480K->6464K(49152K)] 91652K->49636K(160256K), 0.0018590 secs] [Times: user=0.01 sys=0.00, real=0.00 secs] 
64.183: Total time for which application threads were stopped: 0.0049960 seconds, Stopping threads took: 0.0030620 seconds
64.224: Application time: 0.0406630 seconds
64.227: [GC [PSYoungGen: 48958K->5776K(49152K)] 92131K->48948K(160256K), 0.0016430 secs] [Times: user=0.01 sys=0.00, real=0.01 secs] 
64.228: Total time for which application threads were stopped: 0.0043350 seconds, Stopping threads took: 0.0026160 seconds
64.266: Application time: 0.0373210 seconds
64.267: [GC [PSYoungGen: 48272K->6640K(49152K)] 91444K->49820K(160256K), 0.0018850 secs] [Times: user=0.01 sys=0.00, real=0.00 secs] 
64.269: Total time for which application threads were stopped: 0.0038110 seconds, Stopping threads took: 0.0018570 seconds
64.310: Application time: 0.0407440 seconds
64.312: [GC [PSYoungGen: 49136K->5552K(49152K)] 92316K->48740K(160256K), 0.0016060 secs] [Times: user=0.01 sys=0.00, real=0.00 secs] 
64.314: Total time for which application threads were stopped: 0.0038160 seconds, Stopping threads took: 0.0021420 seconds
64.354: Application time: 0.0405200 seconds
64.356: [GC [PSYoungGen: 48048K->6640K(49152K)] 91236K->50500K(160256K), 0.0021510 secs] [Times: user=0.02 sys=0.00, real=0.00 secs] 
64.358: Total time for which application threads were stopped: 0.0037370 seconds, Stopping threads took: 0.0015110 seconds
64.396: Application time: 0.0379520 seconds
64.398: [GC [PSYoungGen: 49136K->6656K(49152K)] 92996K->51948K(160256K), 0.0025640 secs] [Times: user=0.02 sys=0.00, real=0.01 secs] 
64.401: Total time for which application threads were stopped: 0.0045610 seconds, Stopping threads took: 0.0019120 seconds
64.439: Application time: 0.0384050 seconds
64.442: [GC [PSYoungGen: 49152K->6624K(49152K)] 94444K->52180K(160256K), 0.0021340 secs] [Times: user=0.01 sys=0.00, real=0.00 secs] 
64.444: Total time for which application threads were stopped: 0.0050110 seconds, Stopping threads took: 0.0027960 seconds
64.486: Application time: 0.0415990 seconds
64.487: [GC [PSYoungGen: 49120K->4928K(49152K)] 94676K->50492K(160256K), 0.0015250 secs] [Times: user=0.01 sys=0.00, real=0.00 secs] 
64.489: Total time for which application threads were stopped: 0.0030900 seconds, Stopping threads took: 0.0014960 seconds
64.527: Application time: 0.0382300 seconds
64.529: [GC [PSYoungGen: 47423K->6656K(49152K)] 92988K->52636K(160256K), 0.0023530 secs] [Times: user=0.02 sys=0.00, real=0.00 secs] 
64.531: Total time for which application threads were stopped: 0.0042990 seconds, Stopping threads took: 0.0018660 seconds
64.572: Application time: 0.0403500 seconds
64.573: [GC [PSYoungGen: 49152K->6640K(49152K)] 95132K->53220K(160256K), 0.0023160 secs] [Times: user=0.01 sys=0.00, real=0.00 secs] 
64.575: Total time for which application threads were stopped: 0.0036340 seconds, Stopping threads took: 0.0012310 seconds
64.613: Application time: 0.0380200 seconds
64.615: [GC [PSYoungGen: 49136K->6624K(49152K)] 95716K->53660K(160256K), 0.0024740 secs] [Times: user=0.01 sys=0.00, real=0.00 secs] 
64.617: Total time for which application threads were stopped: 0.0040600 seconds, Stopping threads took: 0.0014970 seconds
64.655: Application time: 0.0375570 seconds
64.658: [GC [PSYoungGen: 49120K->6656K(49152K)] 96156K->55013K(160256K), 0.0023120 secs] [Times: user=0.01 sys=0.00, real=0.01 secs] 
64.660: Total time for which application threads were stopped: 0.0052840 seconds, Stopping threads took: 0.0028890 seconds
64.698: Application time: 0.0382070 seconds
64.700: [GC [PSYoungGen: 49152K->6624K(49152K)] 97509K->54981K(160256K), 0.0019220 secs] [Times: user=0.01 sys=0.00, real=0.00 secs] 
64.702: Total time for which application threads were stopped: 0.0039530 seconds, Stopping threads took: 0.0019540 seconds
64.741: Application time: 0.0383410 seconds
64.742: [GC [PSYoungGen: 49120K->6640K(49152K)] 97477K->55037K(160256K), 0.0019670 secs] [Times: user=0.01 sys=0.00, real=0.00 secs] 
64.744: Total time for which application threads were stopped: 0.0032560 seconds, Stopping threads took: 0.0012020 seconds
64.782: Application time: 0.0380050 seconds
64.784: [GC [PSYoungGen: 49136K->6592K(49152K)] 97533K->54989K(160256K), 0.0019040 secs] [Times: user=0.01 sys=0.00, real=0.00 secs] 
64.786: Total time for which application threads were stopped: 0.0037700 seconds, Stopping threads took: 0.0017960 seconds
64.826: Application time: 0.0404470 seconds
64.828: [GC [PSYoungGen: 49088K->6512K(49152K)] 97485K->54917K(160256K), 0.0018990 secs] [Times: user=0.02 sys=0.00, real=0.00 secs] 
64.830: Total time for which application threads were stopped: 0.0041890 seconds, Stopping threads took: 0.0022150 seconds
64.875: Application time: 0.0445610 seconds
64.879: [GC [PSYoungGen: 49008K->4544K(49152K)] 97413K->52957K(160256K), 0.0013170 secs] [Times: user=0.01 sys=0.00, real=0.00 secs] 
64.880: Total time for which application threads were stopped: 0.0050100 seconds, Stopping threads took: 0.0036240 seconds
64.920: Application time: 0.0399030 seconds
64.922: [GC [PSYoungGen: 47040K->6656K(49152K)] 95453K->55697K(160256K), 0.0020860 secs] [Times: user=0.02 sys=0.00, real=0.00 secs] 
64.924: Total time for which application threads were stopped: 0.0042790 seconds, Stopping threads took: 0.0021180 seconds
64.964: Application time: 0.0395260 seconds
64.966: [GC [PSYoungGen: 49152K->6656K(49152K)] 98193K->56169K(160256K), 0.0022200 secs] [Times: user=0.02 sys=0.00, real=0.01 secs] 
64.968: Total time for which application threads were stopped: 0.0047340 seconds, Stopping threads took: 0.0024310 seconds
65.006: Application time: 0.0376690 seconds
65.008: [GC [PSYoungGen: 49152K->6624K(49152K)] 98665K->56513K(160256K), 0.0020970 secs] [Times: user=0.01 sys=0.00, real=0.00 secs] 
65.010: Total time for which application threads were stopped: 0.0036740 seconds, Stopping threads took: 0.0015030 seconds
65.047: Application time: 0.0374670 seconds
65.050: [GC [PSYoungGen: 49120K->6624K(49152K)] 99009K->56537K(160256K), 0.0020450 secs] [Times: user=0.02 sys=0.00, real=0.00 secs] 
65.052: Total time for which application threads were stopped: 0.0044950 seconds, Stopping threads took: 0.0023750 seconds
65.091: Application time: 0.0389700 seconds
65.093: [GC [PSYoungGen: 49120K->6624K(49152K)] 99033K->56913K(160256K), 0.0021940 secs] [Times: user=0.01 sys=0.00, real=0.00 secs] 
65.095: Total time for which application threads were stopped: 0.0046950 seconds, Stopping threads took: 0.0024160 seconds
65.135: Application time: 0.0392630 seconds
65.137: [GC [PSYoungGen: 49120K->5088K(49152K)] 99409K->55385K(160256K), 0.0015890 secs] [Times: user=0.01 sys=0.00, real=0.00 secs] 
65.138: Total time for which application threads were stopped: 0.0035420 seconds, Stopping threads took: 0.0018810 seconds
65.176: Application time: 0.0379520 seconds
65.177: [GC [PSYoungGen: 47584K->6624K(49152K)] 97881K->57145K(160256K), 0.0020530 secs] [Times: user=0.01 sys=0.00, real=0.01 secs] 
65.179: Total time for which application threads were stopped: 0.0030530 seconds, Stopping threads took: 0.0009230 seconds
65.218: Application time: 0.0391810 seconds
65.221: [GC [PSYoungGen: 49120K->6640K(49152K)] 99641K->57169K(160256K), 0.0019750 secs] [Times: user=0.02 sys=0.00, real=0.00 secs] 
65.223: Total time for which application threads were stopped: 0.0043470 seconds, Stopping threads took: 0.0022950 seconds
65.262: Application time: 0.0388110 seconds
65.264: [GC [PSYoungGen: 49136K->6480K(49152K)] 99665K->57009K(160256K), 0.0019580 secs] [Times: user=0.01 sys=0.00, real=0.00 secs] 
65.266: Total time for which application threads were stopped: 0.0045120 seconds, Stopping threads took: 0.0024640 seconds
65.304: Application time: 0.0379790 seconds
65.306: [GC [PSYoungGen: 48976K->6400K(49152K)] 99505K->56929K(160256K), 0.0019480 secs] [Times: user=0.02 sys=0.00, real=0.01 secs] 
65.308: Total time for which application threads were stopped: 0.0036230 seconds, Stopping threads took: 0.0015970 seconds
65.347: Application time: 0.0392740 seconds
65.349: [GC [PSYoungGen: 48894K->6656K(49152K)] 99423K->57337K(160256K), 0.0021310 secs] [Times: user=0.01 sys=0.00, real=0.00 secs] 
65.351: Total time for which application threads were stopped: 0.0044000 seconds, Stopping threads took: 0.0021910 seconds
65.390: Application time: 0.0385050 seconds
65.391: [GC [PSYoungGen: 49152K->6272K(49152K)] 99833K->56953K(160256K), 0.0018640 secs] [Times: user=0.01 sys=0.00, real=0.00 secs] 
65.393: Total time for which application threads were stopped: 0.0032650 seconds, Stopping threads took: 0.0013230 seconds
65.433: Application time: 0.0401570 seconds
65.436: [GC [PSYoungGen: 48768K->6640K(49152K)] 99449K->57673K(160256K), 0.0021200 secs] [Times: user=0.01 sys=0.00, real=0.00 secs] 
65.438: Total time for which application threads were stopped: 0.0047970 seconds, Stopping threads took: 0.0025990 seconds
65.478: Application time: 0.0396370 seconds
65.480: [GC [PSYoungGen: 49136K->6576K(49152K)] 100169K->57609K(160256K), 0.0019540 secs] [Times: user=0.01 sys=0.00, real=0.00 secs] 
65.482: Total time for which application threads were stopped: 0.0041430 seconds, Stopping threads took: 0.0021130 seconds
65.521: Application time: 0.0390370 seconds
65.524: [GC [PSYoungGen: 49072K->6320K(49152K)] 100105K->57369K(160256K), 0.0018430 secs] [Times: user=0.01 sys=0.00, real=0.00 secs] 
65.526: Total time for which application threads were stopped: 0.0049560 seconds, Stopping threads took: 0.0030380 seconds
65.565: Application time: 0.0387410 seconds
65.567: [GC [PSYoungGen: 48816K->6640K(49152K)] 99865K->58841K(160256K), 0.0023490 secs] [Times: user=0.02 sys=0.00, real=0.00 secs] 
65.570: Total time for which application threads were stopped: 0.0050640 seconds, Stopping threads took: 0.0026330 seconds
65.608: Application time: 0.0378200 seconds
65.609: [GC [PSYoungGen: 49136K->6640K(49152K)] 101337K->59873K(160256K), 0.0023130 secs] [Times: user=0.02 sys=0.00, real=0.00 secs] 
65.612: Total time for which application threads were stopped: 0.0040670 seconds, Stopping threads took: 0.0016680 seconds
65.650: Application time: 0.0387330 seconds
65.652: [GC [PSYoungGen: 49136K->6656K(49152K)] 102369K->60753K(160256K), 0.0021610 secs] [Times: user=0.01 sys=0.00, real=0.00 secs] 
65.654: Total time for which application threads were stopped: 0.0041100 seconds, Stopping threads took: 0.0018700 seconds
65.698: Application time: 0.0431210 seconds
65.698: [GC [PSYoungGen: 49152K->5824K(49152K)] 103249K->59937K(160256K), 0.0017330 secs] [Times: user=0.01 sys=0.00, real=0.01 secs] 
65.700: Total time for which application threads were stopped: 0.0024980 seconds, Stopping threads took: 0.0006960 seconds
65.738: Application time: 0.0378930 seconds
65.741: [GC [PSYoungGen: 48320K->6656K(49152K)] 102433K->62177K(160256K), 0.0023990 secs] [Times: user=0.01 sys=0.00, real=0.00 secs] 
65.743: Total time for which application threads were stopped: 0.0049930 seconds, Stopping threads took: 0.0025090 seconds
65.782: Application time: 0.0394070 seconds
65.784: [GC [PSYoungGen: 49152K->5552K(49152K)] 104673K->61073K(160256K), 0.0017590 secs] [Times: user=0.01 sys=0.00, real=0.00 secs] 
65.786: Total time for which application threads were stopped: 0.0033320 seconds, Stopping threads took: 0.0014760 seconds
65.825: Application time: 0.0395360 seconds
65.828: [GC [PSYoungGen: 48048K->5968K(49152K)] 103569K->61489K(160256K), 0.0018390 secs] [Times: user=0.01 sys=0.00, real=0.00 secs] 
65.829: Total time for which application threads were stopped: 0.0042270 seconds, Stopping threads took: 0.0023100 seconds
65.869: Application time: 0.0390800 seconds
65.872: [GC [PSYoungGen: 48464K->6656K(49152K)] 103985K->62321K(160256K), 0.0019790 secs] [Times: user=0.02 sys=0.00, real=0.00 secs] 
65.874: Total time for which application threads were stopped: 0.0050150 seconds, Stopping threads took: 0.0029580 seconds
65.912: Application time: 0.0382460 seconds
65.913: [GC [PSYoungGen: 49152K->6624K(49152K)] 104817K->63265K(160256K), 0.0021940 secs] [Times: user=0.01 sys=0.00, real=0.00 secs] 
65.915: Total time for which application threads were stopped: 0.0030490 seconds, Stopping threads took: 0.0007830 seconds
65.955: Application time: 0.0405030 seconds
65.958: [GC [PSYoungGen: 49120K->6528K(49152K)] 105761K->63169K(160256K), 0.0021410 secs] [Times: user=0.02 sys=0.00, real=0.01 secs] 
65.960: Total time for which application threads were stopped: 0.0044440 seconds, Stopping threads took: 0.0022270 seconds
65.998: Application time: 0.0378220 seconds
66.000: [GC [PSYoungGen: 49024K->6640K(49152K)] 105665K->63377K(160256K), 0.0022300 secs] [Times: user=0.01 sys=0.00, real=0.00 secs] 
66.002: Total time for which application threads were stopped: 0.0046210 seconds, Stopping threads took: 0.0022990 seconds
66.042: Application time: 0.0400270 seconds
66.044: [GC [PSYoungGen: 49136K->5408K(49152K)] 105873K->62153K(160256K), 0.0017000 secs] [Times: user=0.01 sys=0.01, real=0.00 secs] 
66.046: Total time for which application threads were stopped: 0.0037510 seconds, Stopping threads took: 0.0019550 seconds
66.083: Application time: 0.0371770 seconds
66.085: [GC [PSYoungGen: 47904K->6640K(49152K)] 104649K->63961K(160256K), 0.0022740 secs] [Times: user=0.02 sys=0.00, real=0.01 secs] 
66.087: Total time for which application threads were stopped: 0.0041620 seconds, Stopping threads took: 0.0018060 seconds
66.125: Application time: 0.0372100 seconds
66.127: [GC [PSYoungGen: 49136K->6640K(49152K)] 106457K->64881K(160256K), 0.0022250 secs] [Times: user=0.01 sys=0.00, real=0.01 secs] 
66.129: Total time for which application threads were stopped: 0.0041740 seconds, Stopping threads took: 0.0018640 seconds
66.167: Application time: 0.0377860 seconds
66.169: [GC [PSYoungGen: 49136K->6656K(49152K)] 107377K->64913K(160256K), 0.0019840 secs] [Times: user=0.01 sys=0.00, real=0.00 secs] 
66.171: Total time for which application threads were stopped: 0.0045660 seconds, Stopping threads took: 0.0025050 seconds
66.210: Application time: 0.0385180 seconds
66.212: [GC [PSYoungGen: 49152K->5888K(49152K)] 107409K->64145K(160256K), 0.0017390 secs] [Times: user=0.01 sys=0.00, real=0.00 secs] 
66.214: Total time for which application threads were stopped: 0.0041030 seconds, Stopping threads took: 0.0022910 seconds
66.251: Application time: 0.0373890 seconds
66.253: [GC [PSYoungGen: 48384K->6624K(49152K)] 106641K->66553K(160256K), 0.0025250 secs] [Times: user=0.02 sys=0.00, real=0.00 secs] 
66.256: Total time for which application threads were stopped: 0.0046110 seconds, Stopping threads took: 0.0020050 seconds
66.294: Application time: 0.0383520 seconds
66.296: [GC [PSYoungGen: 49120K->6224K(49152K)] 109049K->66153K(160256K), 0.0018850 secs] [Times: user=0.01 sys=0.00, real=0.00 secs] 
66.298: Total time for which application threads were stopped: 0.0034660 seconds, Stopping threads took: 0.0014940 seconds
66.336: Application time: 0.0388510 seconds
66.338: [GC [PSYoungGen: 48719K->6640K(49152K)] 108648K->67113K(160256K), 0.0021720 secs] [Times: user=0.01 sys=0.00, real=0.01 secs] 
66.340: Total time for which application threads were stopped: 0.0038840 seconds, Stopping threads took: 0.0016280 seconds
66.380: Application time: 0.0401000 seconds
66.383: [GC [PSYoungGen: 49136K->6240K(49152K)] 109609K->66729K(160256K), 0.0018750 secs] [Times: user=0.02 sys=0.00, real=0.00 secs] 
66.385: Total time for which application threads were stopped: 0.0045040 seconds, Stopping threads took: 0.0025510 seconds
66.425: Application time: 0.0400960 seconds
66.427: [GC [PSYoungGen: 48735K->6624K(49152K)] 109225K->67597K(160256K), 0.0022190 secs] [Times: user=0.01 sys=0.00, real=0.00 secs] 
66.429: Total time for which application threads were stopped: 0.0043150 seconds, Stopping threads took: 0.0020070 seconds
66.470: Application time: 0.0407440 seconds
66.473: [GC [PSYoungGen: 49120K->6640K(49152K)] 110093K->68897K(160256K), 0.0024670 secs] [Times: user=0.01 sys=0.00, real=0.00 secs] 
66.475: Total time for which application threads were stopped: 0.0050760 seconds, Stopping threads took: 0.0025140 seconds
66.513: Application time: 0.0377510 seconds
66.515: [GC [PSYoungGen: 49136K->6640K(49152K)] 111393K->68929K(160256K), 0.0021230 secs] [Times: user=0.01 sys=0.00, real=0.00 secs] 
66.517: Total time for which application threads were stopped: 0.0039830 seconds, Stopping threads took: 0.0017830 seconds
66.555: Application time: 0.0375850 seconds
66.557: [GC [PSYoungGen: 49136K->6464K(49152K)] 111425K->68761K(160256K), 0.0018910 secs] [Times: user=0.01 sys=0.00, real=0.01 secs] 
66.559: Total time for which application threads were stopped: 0.0042240 seconds, Stopping threads took: 0.0022560 seconds
66.596: Application time: 0.0372540 seconds
66.598: [GC [PSYoungGen: 48960K->6624K(49152K)] 111257K->69377K(160256K), 0.0021910 secs] [Times: user=0.02 sys=0.00, real=0.01 secs] 
66.600: Total time for which application threads were stopped: 0.0041020 seconds, Stopping threads took: 0.0018320 seconds
66.638: Application time: 0.0381820 seconds
66.640: [GC [PSYoungGen: 49120K->6656K(49152K)] 111873K->69681K(160256K), 0.0020780 secs] [Times: user=0.01 sys=0.00, real=0.00 secs] 
66.642: Total time for which application threads were stopped: 0.0039850 seconds, Stopping threads took: 0.0018270 seconds
66.681: Application time: 0.0391480 seconds
66.684: [GC [PSYoungGen: 49152K->5968K(49152K)] 112177K->69009K(160256K), 0.0018200 secs] [Times: user=0.01 sys=0.00, real=0.00 secs] 
66.686: Total time for which application threads were stopped: 0.0044480 seconds, Stopping threads took: 0.0025560 seconds
66.725: Application time: 0.0395840 seconds
66.727: [GC [PSYoungGen: 48464K->6656K(49152K)] 111505K->69713K(160256K), 0.0020780 secs] [Times: user=0.02 sys=0.00, real=0.00 secs] 
66.729: Total time for which application threads were stopped: 0.0038750 seconds, Stopping threads took: 0.0017150 seconds
66.767: Application time: 0.0374370 seconds
66.768: [GC [PSYoungGen: 49152K->6624K(49152K)] 112209K->69713K(160256K), 0.0020390 secs] [Times: user=0.01 sys=0.00, real=0.00 secs] 
66.770: Total time for which application threads were stopped: 0.0035940 seconds, Stopping threads took: 0.0014760 seconds
66.806: Application time: 0.0358390 seconds
66.809: [GC [PSYoungGen: 49120K->6640K(49152K)] 112209K->70645K(160256K), 0.0023090 secs] [Times: user=0.01 sys=0.01, real=0.00 secs] 
66.811: Total time for which application threads were stopped: 0.0046710 seconds, Stopping threads took: 0.0022520 seconds
66.850: Application time: 0.0389770 seconds
66.852: [GC [PSYoungGen: 49136K->6640K(49152K)] 113141K->70653K(160256K), 0.0020230 secs] [Times: user=0.01 sys=0.00, real=0.00 secs] 
66.854: Total time for which application threads were stopped: 0.0041820 seconds, Stopping threads took: 0.0020790 seconds
66.894: Application time: 0.0399250 seconds
66.895: [GC [PSYoungGen: 49136K->6048K(49152K)] 113149K->70061K(160256K), 0.0018770 secs] [Times: user=0.01 sys=0.00, real=0.00 secs] 
66.897: Total time for which application threads were stopped: 0.0031020 seconds, Stopping threads took: 0.0011500 seconds
66.936: Application time: 0.0388270 seconds
66.938: [GC [PSYoungGen: 48544K->5408K(49152K)] 112557K->69429K(160256K), 0.0016790 secs] [Times: user=0.00 sys=0.00, real=0.01 secs] 
66.939: Total time for which application threads were stopped: 0.0033100 seconds, Stopping threads took: 0.0015480 seconds
66.979: Application time: 0.0400450 seconds
66.981: [GC [PSYoungGen: 47904K->6320K(49152K)] 111925K->70349K(160256K), 0.0018060 secs] [Times: user=0.01 sys=0.00, real=0.00 secs] 
66.983: Total time for which application threads were stopped: 0.0033050 seconds, Stopping threads took: 0.0014260 seconds
67.025: Application time: 0.0422430 seconds
67.027: [GC [PSYoungGen: 48816K->5472K(49152K)] 112845K->69501K(160256K), 0.0016820 secs] [Times: user=0.01 sys=0.00, real=0.00 secs] 
67.028: Total time for which application threads were stopped: 0.0036190 seconds, Stopping threads took: 0.0018650 seconds
67.067: Application time: 0.0382760 seconds
67.069: [GC [PSYoungGen: 47968K->6352K(49152K)] 111997K->70389K(160256K), 0.0018760 secs] [Times: user=0.01 sys=0.00, real=0.00 secs] 
67.071: Total time for which application threads were stopped: 0.0043310 seconds, Stopping threads took: 0.0023770 seconds
67.109: Application time: 0.0382490 seconds
67.111: [GC [PSYoungGen: 48848K->6656K(49152K)] 112885K->71597K(160256K), 0.0023690 secs] [Times: user=0.01 sys=0.00, real=0.00 secs] 
67.113: Total time for which application threads were stopped: 0.0039760 seconds, Stopping threads took: 0.0015200 seconds
67.152: Application time: 0.0384350 seconds
67.153: [GC [PSYoungGen: 49152K->5968K(49152K)] 114093K->70909K(160256K), 0.0018280 secs] [Times: user=0.01 sys=0.00, real=0.00 secs] 
67.155: Total time for which application threads were stopped: 0.0034580 seconds, Stopping threads took: 0.0015490 seconds
67.193: Application time: 0.0377790 seconds
67.194: [GC [PSYoungGen: 48464K->6624K(49152K)] 113405K->72053K(160256K), 0.0021310 secs] [Times: user=0.01 sys=0.00, real=0.00 secs] 
67.197: Total time for which application threads were stopped: 0.0036980 seconds, Stopping threads took: 0.0014810 seconds
67.235: Application time: 0.0386080 seconds
67.238: [GC [PSYoungGen: 49120K->6640K(49152K)] 114549K->73301K(160256K), 0.0023990 secs] [Times: user=0.02 sys=0.00, real=0.01 secs] 
67.240: Total time for which application threads were stopped: 0.0049330 seconds, Stopping threads took: 0.0024550 seconds
67.279: Application time: 0.0388580 seconds
67.280: [GC [PSYoungGen: 49136K->5376K(49152K)] 115797K->72037K(160256K), 0.0016760 secs] [Times: user=0.01 sys=0.00, real=0.00 secs] 
67.282: Total time for which application threads were stopped: 0.0030400 seconds, Stopping threads took: 0.0012920 seconds
67.320: Application time: 0.0383550 seconds
67.322: [GC [PSYoungGen: 47872K->6640K(49152K)] 114533K->73309K(160256K), 0.0020760 secs] [Times: user=0.01 sys=0.00, real=0.00 secs] 
67.324: Total time for which application threads were stopped: 0.0037630 seconds, Stopping threads took: 0.0015800 seconds
67.363: Application time: 0.0389480 seconds
67.365: [GC [PSYoungGen: 49136K->6624K(49152K)] 115805K->73301K(160256K), 0.0020210 secs] [Times: user=0.02 sys=0.00, real=0.01 secs] 
67.367: Total time for which application threads were stopped: 0.0040850 seconds, Stopping threads took: 0.0019630 seconds
67.408: Application time: 0.0411610 seconds
67.410: [GC [PSYoungGen: 49120K->5552K(49152K)] 115797K->72237K(160256K), 0.0017530 secs] [Times: user=0.01 sys=0.00, real=0.00 secs] 
67.412: Total time for which application threads were stopped: 0.0034010 seconds, Stopping threads took: 0.0015700 seconds
67.454: Application time: 0.0425140 seconds
67.456: [GC [PSYoungGen: 48048K->5520K(49152K)] 114733K->72205K(160256K), 0.0016950 secs] [Times: user=0.01 sys=0.00, real=0.00 secs] 
67.458: Total time for which application threads were stopped: 0.0032800 seconds, Stopping threads took: 0.0015100 seconds
67.499: Application time: 0.0415670 seconds
67.501: [GC [PSYoungGen: 48016K->5824K(49152K)] 114701K->72525K(160256K), 0.0018040 secs] [Times: user=0.01 sys=0.01, real=0.00 secs] 
67.503: Total time for which application threads were stopped: 0.0036060 seconds, Stopping threads took: 0.0017220 seconds
67.544: Application time: 0.0416390 seconds
67.547: [GC [PSYoungGen: 48320K->6272K(49152K)] 115021K->72973K(160256K), 0.0019310 secs] [Times: user=0.01 sys=0.01, real=0.00 secs] 
67.549: Total time for which application threads were stopped: 0.0045510 seconds, Stopping threads took: 0.0025320 seconds
67.593: Application time: 0.0442110 seconds
67.596: [GC [PSYoungGen: 48768K->6224K(49152K)] 115469K->72925K(160256K), 0.0017810 secs] [Times: user=0.01 sys=0.00, real=0.00 secs] 
67.598: Total time for which application threads were stopped: 0.0046900 seconds, Stopping threads took: 0.0028380 seconds
67.642: Application time: 0.0435980 seconds
67.644: [GC [PSYoungGen: 48720K->5984K(49152K)] 115421K->72693K(160256K), 0.0017120 secs] [Times: user=0.01 sys=0.00, real=0.00 secs] 
67.646: Total time for which application threads were stopped: 0.0040490 seconds, Stopping threads took: 0.0022660 seconds
67.688: Application time: 0.0427310 seconds
67.691: [GC [PSYoungGen: 48480K->6352K(49152K)] 115189K->73061K(160256K), 0.0019070 secs] [Times: user=0.01 sys=0.00, real=0.00 secs] 
67.693: Total time for which application threads were stopped: 0.0048260 seconds, Stopping threads took: 0.0028380 seconds
67.734: Application time: 0.0407640 seconds
67.736: [GC [PSYoungGen: 48848K->6320K(49152K)] 115557K->73037K(160256K), 0.0019510 secs] [Times: user=0.02 sys=0.00, real=0.00 secs] 
67.738: Total time for which application threads were stopped: 0.0043610 seconds, Stopping threads took: 0.0023120 seconds
67.781: Application time: 0.0430070 seconds
67.783: [GC [PSYoungGen: 48816K->5664K(49152K)] 115533K->72397K(160256K), 0.0016760 secs] [Times: user=0.02 sys=0.00, real=0.00 secs] 
67.785: Total time for which application threads were stopped: 0.0038090 seconds, Stopping threads took: 0.0020560 seconds
67.826: Application time: 0.0405110 seconds
67.829: [GC [PSYoungGen: 48160K->6624K(49152K)] 114893K->73589K(160256K), 0.0020900 secs] [Times: user=0.02 sys=0.00, real=0.00 secs] 
67.831: Total time for which application threads were stopped: 0.0051600 seconds, Stopping threads took: 0.0029770 seconds
67.872: Application time: 0.0410010 seconds
67.874: [GC [PSYoungGen: 49120K->6656K(49152K)] 116085K->73621K(160256K), 0.0020600 secs] [Times: user=0.01 sys=0.00, real=0.00 secs] 
67.876: Total time for which application threads were stopped: 0.0041800 seconds, Stopping threads took: 0.0020390 seconds
67.916: Application time: 0.0399710 seconds
67.918: [GC [PSYoungGen: 49152K->6640K(49152K)] 116117K->73853K(160256K), 0.0022940 secs] [Times: user=0.02 sys=0.00, real=0.01 secs] 
67.920: Total time for which application threads were stopped: 0.0041210 seconds, Stopping threads took: 0.0017260 seconds
67.960: Application time: 0.0402010 seconds
67.963: [GC [PSYoungGen: 49136K->6624K(49152K)] 116349K->74005K(160256K), 0.0020490 secs] [Times: user=0.02 sys=0.00, real=0.00 secs] 
67.965: Total time for which application threads were stopped: 0.0045640 seconds, Stopping threads took: 0.0024310 seconds
68.006: Application time: 0.0415510 seconds
68.009: [GC [PSYoungGen: 49120K->6624K(49152K)] 116501K->74149K(160256K), 0.0020550 secs] [Times: user=0.01 sys=0.00, real=0.00 secs] 
68.011: Total time for which application threads were stopped: 0.0049250 seconds, Stopping threads took: 0.0027690 seconds
68.053: Application time: 0.0415290 seconds
68.054: [GC [PSYoungGen: 49120K->5472K(49152K)] 116645K->73005K(160256K), 0.0018160 secs] [Times: user=0.02 sys=0.00, real=0.00 secs] 
68.056: Total time for which application threads were stopped: 0.0030170 seconds, Stopping threads took: 0.0011250 seconds
68.097: Application time: 0.0408790 seconds
68.099: [GC [PSYoungGen: 47968K->6576K(49152K)] 115501K->74109K(160256K), 0.0020260 secs] [Times: user=0.01 sys=0.00, real=0.00 secs] 
68.101: Total time for which application threads were stopped: 0.0038950 seconds, Stopping threads took: 0.0017820 seconds
68.141: Application time: 0.0408580 seconds
68.144: [GC [PSYoungGen: 49072K->5536K(49152K)] 116605K->73069K(160256K), 0.0016880 secs] [Times: user=0.01 sys=0.00, real=0.00 secs] 
68.145: Total time for which application threads were stopped: 0.0038060 seconds, Stopping threads took: 0.0020330 seconds
68.186: Application time: 0.0411700 seconds
68.192: [GC [PSYoungGen: 48032K->6640K(49152K)] 115565K->74701K(160256K), 0.0022370 secs] [Times: user=0.01 sys=0.00, real=0.00 secs] 
68.194: Total time for which application threads were stopped: 0.0077090 seconds, Stopping threads took: 0.0053900 seconds
68.236: Application time: 0.0418110 seconds
68.239: [GC [PSYoungGen: 49136K->6592K(49152K)] 117197K->74653K(160256K), 0.0019790 secs] [Times: user=0.01 sys=0.00, real=0.00 secs] 
68.241: Total time for which application threads were stopped: 0.0047290 seconds, Stopping threads took: 0.0026690 seconds
68.280: Application time: 0.0390640 seconds
68.281: [GC [PSYoungGen: 49088K->6656K(49152K)] 117149K->75661K(160256K), 0.0024430 secs] [Times: user=0.02 sys=0.00, real=0.00 secs] 
68.284: Total time for which application threads were stopped: 0.0038940 seconds, Stopping threads took: 0.0013640 seconds
68.325: Application time: 0.0411050 seconds
68.327: [GC [PSYoungGen: 49152K->6496K(49152K)] 118157K->75501K(160256K), 0.0019370 secs] [Times: user=0.01 sys=0.00, real=0.00 secs] 
68.329: Total time for which application threads were stopped: 0.0043980 seconds, Stopping threads took: 0.0023790 seconds
68.371: Application time: 0.0419230 seconds
68.373: [GC [PSYoungGen: 48992K->5504K(49152K)] 117997K->74517K(160256K), 0.0017480 secs] [Times: user=0.01 sys=0.00, real=0.00 secs] 
68.375: Total time for which application threads were stopped: 0.0034780 seconds, Stopping threads took: 0.0016470 seconds
68.417: Application time: 0.0428140 seconds
68.420: [GC [PSYoungGen: 48000K->6368K(49152K)] 117013K->75381K(160256K), 0.0019020 secs] [Times: user=0.02 sys=0.00, real=0.00 secs] 
68.422: Total time for which application threads were stopped: 0.0045740 seconds, Stopping threads took: 0.0025860 seconds
68.463: Application time: 0.0414150 seconds
68.465: [GC [PSYoungGen: 48864K->5632K(49152K)] 117877K->74661K(160256K), 0.0017940 secs] [Times: user=0.01 sys=0.00, real=0.00 secs] 
68.466: Total time for which application threads were stopped: 0.0030180 seconds, Stopping threads took: 0.0011450 seconds
68.509: Application time: 0.0429440 seconds
68.512: [GC [PSYoungGen: 48128K->6656K(49152K)] 117157K->75917K(160256K), 0.0021030 secs] [Times: user=0.02 sys=0.00, real=0.00 secs] 
68.514: Total time for which application threads were stopped: 0.0046390 seconds, Stopping threads took: 0.0024580 seconds
68.556: Application time: 0.0416310 seconds
68.557: [GC [PSYoungGen: 49152K->6240K(49152K)] 118413K->75509K(160256K), 0.0018950 secs] [Times: user=0.01 sys=0.00, real=0.01 secs] 
68.559: Total time for which application threads were stopped: 0.0035890 seconds, Stopping threads took: 0.0016120 seconds
68.602: Application time: 0.0425670 seconds
68.604: [GC [PSYoungGen: 48736K->6656K(49152K)] 118005K->75941K(160256K), 0.0020040 secs] [Times: user=0.01 sys=0.00, real=0.00 secs] 
68.606: Total time for which application threads were stopped: 0.0042670 seconds, Stopping threads took: 0.0021850 seconds
68.648: Application time: 0.0418000 seconds
68.650: [GC [PSYoungGen: 49152K->6096K(49152K)] 118437K->75381K(160256K), 0.0018770 secs] [Times: user=0.01 sys=0.00, real=0.00 secs] 
68.652: Total time for which application threads were stopped: 0.0036740 seconds, Stopping threads took: 0.0017210 seconds
68.692: Application time: 0.0406890 seconds
68.694: [GC [PSYoungGen: 48592K->6656K(49152K)] 117877K->76173K(160256K), 0.0020650 secs] [Times: user=0.01 sys=0.00, real=0.00 secs] 
68.696: Total time for which application threads were stopped: 0.0038540 seconds, Stopping threads took: 0.0017020 seconds
68.737: Application time: 0.0406360 seconds
68.738: [GC [PSYoungGen: 49152K->6464K(49152K)] 118669K->75989K(160256K), 0.0020050 secs] [Times: user=0.01 sys=0.00, real=0.01 secs] 
68.740: Total time for which application threads were stopped: 0.0034750 seconds, Stopping threads took: 0.0013920 seconds
68.781: Application time: 0.0406570 seconds
68.783: [GC [PSYoungGen: 48960K->6352K(49152K)] 118485K->75877K(160256K), 0.0019200 secs] [Times: user=0.01 sys=0.00, real=0.00 secs] 
68.785: Total time for which application threads were stopped: 0.0040940 seconds, Stopping threads took: 0.0020920 seconds
68.828: Application time: 0.0430750 seconds
68.829: [GC [PSYoungGen: 48848K->6432K(49152K)] 118373K->75965K(160256K), 0.0019730 secs] [Times: user=0.02 sys=0.00, real=0.00 secs] 
68.831: Total time for which application threads were stopped: 0.0030260 seconds, Stopping threads took: 0.0009750 seconds
68.871: Application time: 0.0401330 seconds
68.873: [GC [PSYoungGen: 48928K->6640K(49152K)] 118461K->76405K(160256K), 0.0021180 secs] [Times: user=0.02 sys=0.00, real=0.00 secs] 
68.875: Total time for which application threads were stopped: 0.0038270 seconds, Stopping threads took: 0.0016260 seconds
68.916: Application time: 0.0405430 seconds
68.919: [GC [PSYoungGen: 49136K->6640K(49152K)] 118901K->76941K(160256K), 0.0022150 secs] [Times: user=0.02 sys=0.00, real=0.00 secs] 
68.921: Total time for which application threads were stopped: 0.0052280 seconds, Stopping threads took: 0.0029160 seconds
68.962: Application time: 0.0411750 seconds
68.965: [GC [PSYoungGen: 49136K->6608K(49152K)] 119437K->76917K(160256K), 0.0020900 secs] [Times: user=0.02 sys=0.00, real=0.01 secs] 
68.967: Total time for which application threads were stopped: 0.0051210 seconds, Stopping threads took: 0.0029480 seconds
69.009: Application time: 0.0417270 seconds
69.012: [GC [PSYoungGen: 49104K->6640K(49152K)] 119413K->77133K(160256K), 0.0021470 secs] [Times: user=0.01 sys=0.00, real=0.00 secs] 
69.014: Total time for which application threads were stopped: 0.0049860 seconds, Stopping threads took: 0.0027600 seconds
69.053: Application time: 0.0394540 seconds
69.056: [GC [PSYoungGen: 49136K->6624K(49152K)] 119629K->77645K(160256K), 0.0023460 secs] [Times: user=0.01 sys=0.00, real=0.00 secs] 
69.058: Total time for which application threads were stopped: 0.0049560 seconds, Stopping threads took: 0.0025040 seconds
69.098: Application time: 0.0401810 seconds
69.100: [GC [PSYoungGen: 49120K->6624K(49152K)] 120141K->78021K(160256K), 0.0023910 secs] [Times: user=0.02 sys=0.00, real=0.00 secs] 
69.102: Total time for which application threads were stopped: 0.0036510 seconds, Stopping threads took: 0.0011610 seconds
69.144: Application time: 0.0423620 seconds
69.147: [GC [PSYoungGen: 49120K->6544K(49152K)] 120517K->77949K(160256K), 0.0019690 secs] [Times: user=0.01 sys=0.00, real=0.00 secs] 
69.149: Total time for which application threads were stopped: 0.0046600 seconds, Stopping threads took: 0.0026210 seconds
69.192: Application time: 0.0431500 seconds
69.196: [GC [PSYoungGen: 49040K->6432K(49152K)] 120445K->77837K(160256K), 0.0020030 secs] [Times: user=0.02 sys=0.00, real=0.00 secs] 
69.198: Total time for which application threads were stopped: 0.0054440 seconds, Stopping threads took: 0.0033590 seconds
69.240: Application time: 0.0421510 seconds
69.243: [GC [PSYoungGen: 48928K->5440K(49152K)] 120333K->76845K(160256K), 0.0017490 secs] [Times: user=0.01 sys=0.00, real=0.00 secs] 
69.245: Total time for which application threads were stopped: 0.0047800 seconds, Stopping threads took: 0.0029510 seconds
69.285: Application time: 0.0400600 seconds
69.286: [GC [PSYoungGen: 47936K->6656K(49152K)] 119341K->78549K(160256K), 0.0022440 secs] [Times: user=0.02 sys=0.00, real=0.01 secs] 
69.289: Total time for which application threads were stopped: 0.0039840 seconds, Stopping threads took: 0.0016550 seconds
69.329: Application time: 0.0401210 seconds
69.330: [GC [PSYoungGen: 49152K->6656K(49152K)] 121045K->78918K(160256K), 0.0021140 secs] [Times: user=0.02 sys=0.00, real=0.00 secs] 
69.333: Total time for which application threads were stopped: 0.0036840 seconds, Stopping threads took: 0.0014890 seconds
69.373: Application time: 0.0403460 seconds
69.375: [GC [PSYoungGen: 49152K->6656K(49152K)] 121414K->79830K(160256K), 0.0021870 secs] [Times: user=0.02 sys=0.00, real=0.00 secs] 
69.378: Total time for which application threads were stopped: 0.0046360 seconds, Stopping threads took: 0.0023700 seconds
69.419: Application time: 0.0419120 seconds
69.423: [GC [PSYoungGen: 49152K->6448K(49152K)] 122326K->79630K(160256K), 0.0020830 secs] [Times: user=0.01 sys=0.00, real=0.00 secs] 
69.425: Total time for which application threads were stopped: 0.0052260 seconds, Stopping threads took: 0.0030510 seconds
69.465: Application time: 0.0404250 seconds
69.467: [GC [PSYoungGen: 48944K->6624K(49152K)] 122126K->80518K(160256K), 0.0021590 secs] [Times: user=0.02 sys=0.00, real=0.00 secs] 
69.469: Total time for which application threads were stopped: 0.0043600 seconds, Stopping threads took: 0.0021010 seconds
69.511: Application time: 0.0414840 seconds
69.513: [GC [PSYoungGen: 49120K->6640K(49152K)] 123014K->81246K(160256K), 0.0022640 secs] [Times: user=0.01 sys=0.00, real=0.00 secs] 
69.515: Total time for which application threads were stopped: 0.0041140 seconds, Stopping threads took: 0.0017710 seconds
69.554: Application time: 0.0389310 seconds
69.556: [GC [PSYoungGen: 49136K->6640K(49152K)] 123742K->81406K(160256K), 0.0019820 secs] [Times: user=0.01 sys=0.00, real=0.00 secs] 
69.558: Total time for which application threads were stopped: 0.0042180 seconds, Stopping threads took: 0.0021590 seconds
69.600: Application time: 0.0422540 seconds
69.602: [GC [PSYoungGen: 49136K->5872K(49152K)] 123902K->80646K(160256K), 0.0018660 secs] [Times: user=0.01 sys=0.00, real=0.00 secs] 
69.604: Total time for which application threads were stopped: 0.0036440 seconds, Stopping threads took: 0.0016950 seconds
69.645: Application time: 0.0409750 seconds
69.648: [GC [PSYoungGen: 48368K->6640K(49152K)] 123142K->82474K(160256K), 0.0023120 secs] [Times: user=0.02 sys=0.00, real=0.00 secs] 
69.650: Total time for which application threads were stopped: 0.0050440 seconds, Stopping threads took: 0.0026520 seconds
69.691: Application time: 0.0410300 seconds
69.695: [GC [PSYoungGen: 49136K->6640K(49152K)] 124970K->82514K(160256K), 0.0020670 secs] [Times: user=0.01 sys=0.00, real=0.00 secs] 
69.697: Total time for which application threads were stopped: 0.0057480 seconds, Stopping threads took: 0.0036020 seconds
69.737: Application time: 0.0399700 seconds
69.738: [GC [PSYoungGen: 49136K->6640K(49152K)] 125010K->83386K(160256K), 0.0024580 secs] [Times: user=0.02 sys=0.00, real=0.01 secs] 
69.741: Total time for which application threads were stopped: 0.0039170 seconds, Stopping threads took: 0.0013720 seconds
69.783: Application time: 0.0418550 seconds
69.784: [GC [PSYoungGen: 49136K->6560K(49152K)] 125882K->83306K(160256K), 0.0020420 secs] [Times: user=0.01 sys=0.00, real=0.00 secs] 
69.786: Total time for which application threads were stopped: 0.0036280 seconds, Stopping threads took: 0.0015050 seconds
69.828: Application time: 0.0416550 seconds
69.830: [GC [PSYoungGen: 49056K->6624K(49152K)] 125802K->83442K(160256K), 0.0021490 secs] [Times: user=0.02 sys=0.00, real=0.00 secs] 
69.832: Total time for which application threads were stopped: 0.0038550 seconds, Stopping threads took: 0.0016230 seconds
69.873: Application time: 0.0412370 seconds
69.876: [GC [PSYoungGen: 49120K->6176K(49152K)] 125938K->82994K(160256K), 0.0020760 secs] [Times: user=0.02 sys=0.00, real=0.00 secs] 
69.878: Total time for which application threads were stopped: 0.0046320 seconds, Stopping threads took: 0.0024530 seconds
69.920: Application time: 0.0418740 seconds
69.922: [GC [PSYoungGen: 48670K->6624K(49152K)] 125488K->83458K(160256K), 0.0019840 secs] [Times: user=0.02 sys=0.00, real=0.00 secs] 
69.924: Total time for which application threads were stopped: 0.0041470 seconds, Stopping threads took: 0.0020610 seconds
69.964: Application time: 0.0401940 seconds
69.966: [GC [PSYoungGen: 49120K->6640K(49152K)] 125954K->83786K(160256K), 0.0023090 secs] [Times: user=0.02 sys=0.00, real=0.01 secs] 
69.968: Total time for which application threads were stopped: 0.0045150 seconds, Stopping threads took: 0.0021130 seconds
70.010: Application time: 0.0411430 seconds
70.011: [GC [PSYoungGen: 49136K->5792K(49152K)] 126282K->82938K(160256K), 0.0020230 secs] [Times: user=0.01 sys=0.00, real=0.00 secs] 
70.013: Total time for which application threads were stopped: 0.0035830 seconds, Stopping threads took: 0.0014500 seconds
70.055: Application time: 0.0417590 seconds
70.058: [GC [PSYoungGen: 48288K->6656K(49152K)] 125434K->84690K(160256K), 0.0025440 secs] [Times: user=0.01 sys=0.00, real=0.01 secs] 
70.061: Total time for which application threads were stopped: 0.0056050 seconds, Stopping threads took: 0.0029790 seconds
70.102: Application time: 0.0419780 seconds
70.105: [GC [PSYoungGen: 49152K->6640K(49152K)] 127186K->85810K(160256K), 0.0024810 secs] [Times: user=0.01 sys=0.00, real=0.01 secs] 
70.107: Total time for which application threads were stopped: 0.0045960 seconds, Stopping threads took: 0.0020130 seconds
70.146: Application time: 0.0388100 seconds
70.148: [GC [PSYoungGen: 49136K->6656K(49152K)] 128306K->87034K(160256K), 0.0024100 secs] [Times: user=0.01 sys=0.01, real=0.00 secs] 
70.151: Total time for which application threads were stopped: 0.0049760 seconds, Stopping threads took: 0.0024800 seconds
70.192: Application time: 0.0410260 seconds
70.194: [GC [PSYoungGen: 49152K->6656K(49152K)] 129530K->87106K(160256K), 0.0019790 secs] [Times: user=0.01 sys=0.00, real=0.00 secs] 
70.196: Total time for which application threads were stopped: 0.0042790 seconds, Stopping threads took: 0.0022190 seconds
70.237: Application time: 0.0411610 seconds
70.239: [GC [PSYoungGen: 49152K->5728K(49152K)] 129602K->86178K(160256K), 0.0017030 secs] [Times: user=0.01 sys=0.01, real=0.00 secs] 
70.241: Total time for which application threads were stopped: 0.0033640 seconds, Stopping threads took: 0.0015900 seconds
70.281: Application time: 0.0401940 seconds
70.283: [GC [PSYoungGen: 48224K->6640K(49152K)] 128674K->87106K(160256K), 0.0019520 secs] [Times: user=0.01 sys=0.00, real=0.00 secs] 
70.285: Total time for which application threads were stopped: 0.0042080 seconds, Stopping threads took: 0.0021810 seconds
70.326: Application time: 0.0407210 seconds
70.328: [GC [PSYoungGen: 49136K->6656K(49152K)] 129602K->88106K(160256K), 0.0023300 secs] [Times: user=0.01 sys=0.00, real=0.00 secs] 
70.330: Total time for which application threads were stopped: 0.0042030 seconds, Stopping threads took: 0.0017880 seconds
70.371: Application time: 0.0407900 seconds
70.374: [GC [PSYoungGen: 49152K->6656K(49152K)] 130602K->88722K(160256K), 0.0021820 secs] [Times: user=0.02 sys=0.00, real=0.00 secs] 
70.376: Total time for which application threads were stopped: 0.0049980 seconds, Stopping threads took: 0.0027380 seconds
70.416: Application time: 0.0404050 seconds
70.417: [GC [PSYoungGen: 49152K->6208K(49152K)] 131218K->88274K(160256K), 0.0018830 secs] [Times: user=0.02 sys=0.00, real=0.01 secs] 
70.419: Total time for which application threads were stopped: 0.0031710 seconds, Stopping threads took: 0.0012090 seconds
70.461: Application time: 0.0418540 seconds
70.463: [GC [PSYoungGen: 48704K->6496K(49152K)] 130770K->88562K(160256K), 0.0020100 secs] [Times: user=0.02 sys=0.00, real=0.00 secs] 
70.465: Total time for which application threads were stopped: 0.0037280 seconds, Stopping threads took: 0.0016390 seconds
70.505: Application time: 0.0404600 seconds
70.508: [GC [PSYoungGen: 48992K->6624K(49152K)] 131058K->88946K(160256K), 0.0021150 secs] [Times: user=0.02 sys=0.00, real=0.00 secs] 
70.510: Total time for which application threads were stopped: 0.0047790 seconds, Stopping threads took: 0.0025800 seconds
70.551: Application time: 0.0409700 seconds
70.554: [GC [PSYoungGen: 49120K->6656K(49152K)] 131442K->90150K(160256K), 0.0024050 secs] [Times: user=0.02 sys=0.00, real=0.00 secs] 
70.556: Total time for which application threads were stopped: 0.0050080 seconds, Stopping threads took: 0.0025200 seconds
70.599: Application time: 0.0431550 seconds
70.602: [GC [PSYoungGen: 49152K->6656K(49152K)] 132646K->91110K(160256K), 0.0022680 secs] [Times: user=0.02 sys=0.00, real=0.00 secs] 
70.604: Total time for which application threads were stopped: 0.0044370 seconds, Stopping threads took: 0.0020870 seconds
70.645: Application time: 0.0407000 seconds
70.647: [GC [PSYoungGen: 49152K->5056K(49152K)] 133606K->89510K(160256K), 0.0016160 secs] [Times: user=0.01 sys=0.00, real=0.00 secs] 
70.649: Total time for which application threads were stopped: 0.0040220 seconds, Stopping threads took: 0.0023350 seconds
70.690: Application time: 0.0419200 seconds
70.692: [GC [PSYoungGen: 47552K->6640K(49152K)] 132006K->91750K(160256K), 0.0022120 secs] [Times: user=0.02 sys=0.00, real=0.00 secs] 
70.694: Total time for which application threads were stopped: 0.0039440 seconds, Stopping threads took: 0.0016450 seconds
70.736: Application time: 0.0414760 seconds
70.737: [GC [PSYoungGen: 49136K->6464K(49152K)] 134246K->91574K(160256K), 0.0020150 secs] [Times: user=0.02 sys=0.00, real=0.01 secs] 
70.739: Total time for which application threads were stopped: 0.0029980 seconds, Stopping threads took: 0.0009040 seconds
70.783: Application time: 0.0444940 seconds
70.785: [GC [PSYoungGen: 48960K->6640K(49152K)] 134070K->91934K(160256K), 0.0021310 secs] [Times: user=0.01 sys=0.00, real=0.01 secs] 
70.787: Total time for which application threads were stopped: 0.0037080 seconds, Stopping threads took: 0.0014950 seconds
70.828: Application time: 0.0406770 seconds
70.830: [GC [PSYoungGen: 49136K->6352K(49152K)] 134430K->91654K(160256K), 0.0019420 secs] [Times: user=0.01 sys=0.00, real=0.00 secs] 
70.832: Total time for which application threads were stopped: 0.0044540 seconds, Stopping threads took: 0.0024290 seconds
70.875: Application time: 0.0424120 seconds
70.878: [GC [PSYoungGen: 48848K->6336K(49152K)] 134150K->91638K(160256K), 0.0021100 secs] [Times: user=0.01 sys=0.00, real=0.01 secs] 
70.880: Total time for which application threads were stopped: 0.0050640 seconds, Stopping threads took: 0.0028680 seconds
70.922: Application time: 0.0426230 seconds
70.924: [GC [PSYoungGen: 48832K->5152K(49152K)] 134134K->90462K(160256K), 0.0016170 secs] [Times: user=0.01 sys=0.00, real=0.00 secs] 
70.925: Total time for which application threads were stopped: 0.0031350 seconds, Stopping threads took: 0.0014440 seconds
70.967: Application time: 0.0418920 seconds
70.972: [GC [PSYoungGen: 47648K->5872K(49152K)] 132958K->91182K(160256K), 0.0021670 secs] [Times: user=0.01 sys=0.00, real=0.00 secs] 
70.975: Total time for which application threads were stopped: 0.0071810 seconds, Stopping threads took: 0.0049090 seconds
71.018: Application time: 0.0430190 seconds
71.020: [GC [PSYoungGen: 48368K->6416K(49152K)] 133678K->91726K(160256K), 0.0020090 secs] [Times: user=0.02 sys=0.00, real=0.00 secs] 
71.022: Total time for which application threads were stopped: 0.0041690 seconds, Stopping threads took: 0.0020550 seconds
71.065: Application time: 0.0435070 seconds
71.068: [GC [PSYoungGen: 48912K->6240K(49152K)] 134222K->91566K(160256K), 0.0019150 secs] [Times: user=0.02 sys=0.00, real=0.00 secs] 
71.070: Total time for which application threads were stopped: 0.0048550 seconds, Stopping threads took: 0.0028650 seconds
71.111: Application time: 0.0405370 seconds
71.113: [GC [PSYoungGen: 48736K->6576K(49152K)] 134062K->91902K(160256K), 0.0020290 secs] [Times: user=0.01 sys=0.00, real=0.00 secs] 
71.115: Total time for which application threads were stopped: 0.0043370 seconds, Stopping threads took: 0.0022280 seconds
71.157: Application time: 0.0424280 seconds
71.159: [GC [PSYoungGen: 49072K->6032K(49152K)] 134398K->91382K(160256K), 0.0017720 secs] [Times: user=0.01 sys=0.00, real=0.00 secs] 
71.161: Total time for which application threads were stopped: 0.0036370 seconds, Stopping threads took: 0.0017940 seconds
71.204: Application time: 0.0432930 seconds
71.207: [GC [PSYoungGen: 48528K->6656K(49152K)] 133878K->92702K(160256K), 0.0022590 secs] [Times: user=0.01 sys=0.00, real=0.00 secs] 
71.209: Total time for which application threads were stopped: 0.0047870 seconds, Stopping threads took: 0.0024570 seconds
71.255: Application time: 0.0458380 seconds
71.257: [GC [PSYoungGen: 49152K->5408K(49152K)] 135198K->91454K(160256K), 0.0016570 secs] [Times: user=0.01 sys=0.00, real=0.00 secs] 
71.258: Total time for which application threads were stopped: 0.0032320 seconds, Stopping threads took: 0.0014940 seconds
71.301: Application time: 0.0430720 seconds
71.304: [GC [PSYoungGen: 47904K->6640K(49152K)] 133950K->93134K(160256K), 0.0022720 secs] [Times: user=0.02 sys=0.00, real=0.00 secs] 
71.306: Total time for which application threads were stopped: 0.0047220 seconds, Stopping threads took: 0.0023660 seconds
71.348: Application time: 0.0416670 seconds
71.349: [GC [PSYoungGen: 49136K->6384K(49152K)] 135630K->92886K(160256K), 0.0020370 secs] [Times: user=0.01 sys=0.00, real=0.00 secs] 
71.351: Total time for which application threads were stopped: 0.0035770 seconds, Stopping threads took: 0.0014620 seconds
71.390: Application time: 0.0389840 seconds
71.393: [GC [PSYoungGen: 48880K->6656K(49152K)] 135382K->94126K(160256K), 0.0022150 secs] [Times: user=0.01 sys=0.00, real=0.00 secs] 
71.395: Total time for which application threads were stopped: 0.0050780 seconds, Stopping threads took: 0.0027870 seconds
71.438: Application time: 0.0423930 seconds
71.441: [GC [PSYoungGen: 49152K->6400K(49152K)] 136622K->93870K(160256K), 0.0019160 secs] [Times: user=0.01 sys=0.00, real=0.00 secs] 
71.443: Total time for which application threads were stopped: 0.0048950 seconds, Stopping threads took: 0.0029020 seconds
71.483: Application time: 0.0401290 seconds
71.484: [GC [PSYoungGen: 48896K->5184K(49152K)] 136366K->92654K(160256K), 0.0015760 secs] [Times: user=0.01 sys=0.00, real=0.00 secs] 
71.486: Total time for which application threads were stopped: 0.0030870 seconds, Stopping threads took: 0.0014400 seconds
71.525: Application time: 0.0394030 seconds
71.527: [GC [PSYoungGen: 47680K->6464K(49152K)] 135150K->93934K(160256K), 0.0019900 secs] [Times: user=0.01 sys=0.00, real=0.00 secs] 
71.529: Total time for which application threads were stopped: 0.0035290 seconds, Stopping threads took: 0.0014520 seconds
71.568: Application time: 0.0396900 seconds
71.571: [GC [PSYoungGen: 48960K->6640K(49152K)] 136430K->94230K(160256K), 0.0020320 secs] [Times: user=0.01 sys=0.00, real=0.00 secs] 
71.573: Total time for which application threads were stopped: 0.0043890 seconds, Stopping threads took: 0.0022630 seconds
71.611: Application time: 0.0385550 seconds
71.613: [GC [PSYoungGen: 49136K->6656K(49152K)] 136726K->95234K(160256K), 0.0044800 secs] [Times: user=0.04 sys=0.00, real=0.00 secs] 
71.618: Total time for which application threads were stopped: 0.0063890 seconds, Stopping threads took: 0.0018180 seconds
71.656: Application time: 0.0385470 seconds
71.658: [GC [PSYoungGen: 49152K->6528K(49152K)] 137730K->95114K(160256K), 0.0022120 secs] [Times: user=0.02 sys=0.00, real=0.01 secs] 
71.661: Total time for which application threads were stopped: 0.0042730 seconds, Stopping threads took: 0.0019790 seconds
71.701: Application time: 0.0398570 seconds
71.702: [GC [PSYoungGen: 49024K->6544K(49152K)] 137610K->95130K(160256K), 0.0020050 secs] [Times: user=0.01 sys=0.00, real=0.00 secs] 
71.704: Total time for which application threads were stopped: 0.0033740 seconds, Stopping threads took: 0.0012990 seconds
71.743: Application time: 0.0388960 seconds
71.745: [GC [PSYoungGen: 49040K->6624K(49152K)] 137626K->95778K(160256K), 0.0020740 secs] [Times: user=0.01 sys=0.00, real=0.01 secs] 
71.747: Total time for which application threads were stopped: 0.0044140 seconds, Stopping threads took: 0.0022590 seconds
71.787: Application time: 0.0397320 seconds
71.789: [GC [PSYoungGen: 49120K->6192K(49152K)] 138274K->95346K(160256K), 0.0019730 secs] [Times: user=0.01 sys=0.00, real=0.00 secs] 
71.791: Total time for which application threads were stopped: 0.0041390 seconds, Stopping threads took: 0.0020890 seconds
71.831: Application time: 0.0399870 seconds
71.832: [GC [PSYoungGen: 48688K->5120K(49152K)] 137842K->94282K(160256K), 0.0016360 secs] [Times: user=0.01 sys=0.00, real=0.00 secs] 
71.834: Total time for which application threads were stopped: 0.0026760 seconds, Stopping threads took: 0.0009700 seconds
71.874: Application time: 0.0405750 seconds
71.876: [GC [PSYoungGen: 47616K->4992K(49152K)] 136778K->94162K(160256K), 0.0015710 secs] [Times: user=0.01 sys=0.00, real=0.00 secs] 
71.877: Total time for which application threads were stopped: 0.0030790 seconds, Stopping threads took: 0.0014330 seconds
71.917: Application time: 0.0400230 seconds
71.919: [GC [PSYoungGen: 47488K->5712K(49152K)] 136658K->94882K(160256K), 0.0018460 secs] [Times: user=0.01 sys=0.00, real=0.00 secs] 
71.921: Total time for which application threads were stopped: 0.0032990 seconds, Stopping threads took: 0.0013740 seconds
71.962: Application time: 0.0409850 seconds
71.964: [GC [PSYoungGen: 48208K->5648K(49152K)] 137378K->94826K(160256K), 0.0017330 secs] [Times: user=0.01 sys=0.00, real=0.00 secs] 
71.966: Total time for which application threads were stopped: 0.0040370 seconds, Stopping threads took: 0.0022290 seconds
72.006: Application time: 0.0404870 seconds
72.007: [GC [PSYoungGen: 48144K->5600K(49152K)] 137322K->94794K(160256K), 0.0017660 secs] [Times: user=0.01 sys=0.00, real=0.00 secs] 
72.009: Total time for which application threads were stopped: 0.0029880 seconds, Stopping threads took: 0.0011520 seconds
72.048: Application time: 0.0392030 seconds
72.050: [GC [PSYoungGen: 48096K->6640K(49152K)] 137290K->95834K(160256K), 0.0020210 secs] [Times: user=0.02 sys=0.00, real=0.00 secs] 
72.052: Total time for which application threads were stopped: 0.0039590 seconds, Stopping threads took: 0.0018490 seconds
72.090: Application time: 0.0373510 seconds
72.091: [GC [PSYoungGen: 49136K->6064K(49152K)] 138330K->95258K(160256K), 0.0018930 secs] [Times: user=0.01 sys=0.00, real=0.00 secs] 
72.093: Total time for which application threads were stopped: 0.0034720 seconds, Stopping threads took: 0.0015020 seconds
72.132: Application time: 0.0389970 seconds
72.135: [GC [PSYoungGen: 48560K->6624K(49152K)] 137754K->95922K(160256K), 0.0022000 secs] [Times: user=0.02 sys=0.00, real=0.00 secs] 
72.137: Total time for which application threads were stopped: 0.0048360 seconds, Stopping threads took: 0.0025580 seconds
72.176: Application time: 0.0391960 seconds
72.178: [GC [PSYoungGen: 49120K->5792K(49152K)] 138418K->95106K(160256K), 0.0018210 secs] [Times: user=0.01 sys=0.00, real=0.01 secs] 
72.180: Total time for which application threads were stopped: 0.0040010 seconds, Stopping threads took: 0.0020800 seconds
72.222: Application time: 0.0412350 seconds
72.223: [GC [PSYoungGen: 48288K->5760K(49152K)] 137602K->95090K(160256K), 0.0017910 secs] [Times: user=0.01 sys=0.00, real=0.00 secs] 
72.225: Total time for which application threads were stopped: 0.0033380 seconds, Stopping threads took: 0.0014720 seconds
72.264: Application time: 0.0388120 seconds
72.266: [GC [PSYoungGen: 48256K->6560K(49152K)] 137586K->95906K(160256K), 0.0019960 secs] [Times: user=0.02 sys=0.00, real=0.01 secs] 
72.268: Total time for which application threads were stopped: 0.0045120 seconds, Stopping threads took: 0.0024340 seconds
72.306: Application time: 0.0381750 seconds
72.308: [GC [PSYoungGen: 49056K->6640K(49152K)] 138402K->96698K(160256K), 0.0022900 secs] [Times: user=0.01 sys=0.00, real=0.00 secs] 
72.310: Total time for which application threads were stopped: 0.0039320 seconds, Stopping threads took: 0.0015610 seconds
72.349: Application time: 0.0387920 seconds
72.351: [GC [PSYoungGen: 49136K->6368K(49152K)] 139194K->96426K(160256K), 0.0018850 secs] [Times: user=0.01 sys=0.00, real=0.00 secs] 
72.353: Total time for which application threads were stopped: 0.0042510 seconds, Stopping threads took: 0.0022870 seconds
72.393: Application time: 0.0395870 seconds
72.394: [GC [PSYoungGen: 48864K->5728K(49152K)] 138922K->95802K(160256K), 0.0017560 secs] [Times: user=0.02 sys=0.00, real=0.00 secs] 
72.396: Total time for which application threads were stopped: 0.0031420 seconds, Stopping threads took: 0.0013050 seconds
72.434: Application time: 0.0383540 seconds
72.436: [GC [PSYoungGen: 48224K->6192K(49152K)] 138298K->96266K(160256K), 0.0018950 secs] [Times: user=0.01 sys=0.00, real=0.00 secs] 
72.438: Total time for which application threads were stopped: 0.0032750 seconds, Stopping threads took: 0.0012950 seconds
72.478: Application time: 0.0400050 seconds
72.480: [GC [PSYoungGen: 48688K->6496K(49152K)] 138762K->96570K(160256K), 0.0020540 secs] [Times: user=0.01 sys=0.00, real=0.00 secs] 
72.482: Total time for which application threads were stopped: 0.0041190 seconds, Stopping threads took: 0.0019870 seconds
72.522: Application time: 0.0397340 seconds
72.523: [GC [PSYoungGen: 48992K->6656K(49152K)] 139066K->96834K(160256K), 0.0020410 secs] [Times: user=0.02 sys=0.00, real=0.00 secs] 
72.525: Total time for which application threads were stopped: 0.0038260 seconds, Stopping threads took: 0.0017090 seconds
72.565: Application time: 0.0395460 seconds
72.567: [GC [PSYoungGen: 49152K->6624K(49152K)] 139330K->97186K(160256K), 0.0023640 secs] [Times: user=0.02 sys=0.00, real=0.00 secs] 
72.569: Total time for which application threads were stopped: 0.0045100 seconds, Stopping threads took: 0.0020540 seconds
72.609: Application time: 0.0390610 seconds
72.610: [GC [PSYoungGen: 49120K->6640K(49152K)] 139682K->98002K(160256K), 0.0024560 secs] [Times: user=0.02 sys=0.00, real=0.00 secs] 
72.613: Total time for which application threads were stopped: 0.0043220 seconds, Stopping threads took: 0.0017850 seconds
72.652: Application time: 0.0387190 seconds
72.653: [GC [PSYoungGen: 49136K->6272K(49152K)] 140498K->97634K(160256K), 0.0022300 secs] [Times: user=0.01 sys=0.00, real=0.00 secs] 
72.655: Total time for which application threads were stopped: 0.0037170 seconds, Stopping threads took: 0.0014060 seconds
72.694: Application time: 0.0382900 seconds
72.696: [GC [PSYoungGen: 48768K->6656K(49152K)] 140130K->98026K(160256K), 0.0022810 secs] [Times: user=0.01 sys=0.00, real=0.00 secs] 
72.698: Total time for which application threads were stopped: 0.0047970 seconds, Stopping threads took: 0.0024140 seconds
72.737: Application time: 0.0387740 seconds
72.739: [GC [PSYoungGen: 49152K->6640K(49152K)] 140522K->99195K(160256K), 0.0024710 secs] [Times: user=0.01 sys=0.00, real=0.00 secs] 
72.742: Total time for which application threads were stopped: 0.0045700 seconds, Stopping threads took: 0.0019960 seconds
72.783: Application time: 0.0412080 seconds
72.784: [GC [PSYoungGen: 49136K->5776K(49152K)] 141691K->98339K(160256K), 0.0018320 secs] [Times: user=0.01 sys=0.00, real=0.00 secs] 
72.786: Total time for which application threads were stopped: 0.0034100 seconds, Stopping threads took: 0.0015000 seconds
72.822: Application time: 0.0361360 seconds
72.825: [GC [PSYoungGen: 48272K->6656K(49152K)] 140835K->100075K(160256K), 0.0022710 secs] [Times: user=0.02 sys=0.00, real=0.01 secs] 
72.827: Total time for which application threads were stopped: 0.0046080 seconds, Stopping threads took: 0.0022560 seconds
72.865: Application time: 0.0380250 seconds
72.867: [GC [PSYoungGen: 49152K->6656K(49152K)] 142571K->100799K(160256K), 0.0023070 secs] [Times: user=0.01 sys=0.00, real=0.00 secs] 
72.870: Total time for which application threads were stopped: 0.0044540 seconds, Stopping threads took: 0.0020430 seconds
72.906: Application time: 0.0365010 seconds
72.908: [GC [PSYoungGen: 49152K->6624K(49152K)] 143295K->100895K(160256K), 0.0020400 secs] [Times: user=0.02 sys=0.00, real=0.00 secs] 
72.910: Total time for which application threads were stopped: 0.0042580 seconds, Stopping threads took: 0.0021390 seconds
72.948: Application time: 0.0380660 seconds
72.950: [GC [PSYoungGen: 49120K->6656K(49152K)] 143391K->101487K(160256K), 0.0022030 secs] [Times: user=0.02 sys=0.00, real=0.00 secs] 
72.952: Total time for which application threads were stopped: 0.0035910 seconds, Stopping threads took: 0.0013070 seconds
72.991: Application time: 0.0389450 seconds
72.993: [GC [PSYoungGen: 49152K->6656K(49152K)] 143983K->102951K(160256K), 0.0023910 secs] [Times: user=0.01 sys=0.00, real=0.00 secs] 
72.995: Total time for which application threads were stopped: 0.0044710 seconds, Stopping threads took: 0.0019990 seconds
73.035: Application time: 0.0398070 seconds
73.038: [GC [PSYoungGen: 49152K->6640K(49152K)] 145447K->103095K(160256K), 0.0020250 secs] [Times: user=0.02 sys=0.00, real=0.01 secs] 
73.040: Total time for which application threads were stopped: 0.0044400 seconds, Stopping threads took: 0.0023350 seconds
73.080: Application time: 0.0401500 seconds
73.082: [GC [PSYoungGen: 49136K->5856K(49152K)] 145591K->102311K(160256K), 0.0018250 secs] [Times: user=0.01 sys=0.00, real=0.00 secs] 
73.084: Total time for which application threads were stopped: 0.0038380 seconds, Stopping threads took: 0.0019260 seconds
73.124: Application time: 0.0399980 seconds
73.125: [GC [PSYoungGen: 48352K->6112K(49152K)] 144807K->102567K(160256K), 0.0019380 secs] [Times: user=0.01 sys=0.00, real=0.01 secs] 
73.127: Total time for which application threads were stopped: 0.0035750 seconds, Stopping threads took: 0.0015570 seconds
73.166: Application time: 0.0388950 seconds
73.171: [GC [PSYoungGen: 48608K->6480K(49152K)] 145063K->102935K(160256K), 0.0019750 secs] [Times: user=0.02 sys=0.00, real=0.00 secs] 
73.173: Total time for which application threads were stopped: 0.0064950 seconds, Stopping threads took: 0.0044390 seconds
73.212: Application time: 0.0390750 seconds
73.213: [GC [PSYoungGen: 48976K->5408K(49152K)] 145431K->101871K(160256K), 0.0016920 secs] [Times: user=0.02 sys=0.00, real=0.00 secs] 
73.215: Total time for which application threads were stopped: 0.0033080 seconds, Stopping threads took: 0.0015440 seconds
73.254: Application time: 0.0394430 seconds
73.256: [GC [PSYoungGen: 47904K->5152K(49152K)] 144367K->101623K(160256K), 0.0016130 secs] [Times: user=0.01 sys=0.00, real=0.00 secs] 
73.257: Total time for which application threads were stopped: 0.0029400 seconds, Stopping threads took: 0.0012530 seconds
73.297: Application time: 0.0391880 seconds
73.298: [GC [PSYoungGen: 47648K->6096K(49152K)] 144119K->102575K(160256K), 0.0018520 secs] [Times: user=0.01 sys=0.00, real=0.01 secs] 
73.300: Total time for which application threads were stopped: 0.0033840 seconds, Stopping threads took: 0.0014530 seconds
73.340: Application time: 0.0397240 seconds
73.342: [GC [PSYoungGen: 48592K->6640K(49152K)] 145071K->103351K(160256K), 0.0021390 secs] [Times: user=0.02 sys=0.00, real=0.00 secs] 
73.344: Total time for which application threads were stopped: 0.0039950 seconds, Stopping threads took: 0.0017760 seconds
73.381: Application time: 0.0373300 seconds
73.382: [GC [PSYoungGen: 49136K->6288K(49152K)] 145847K->103007K(160256K), 0.0020010 secs] [Times: user=0.01 sys=0.00, real=0.00 secs] 
73.384: Total time for which application threads were stopped: 0.0030270 seconds, Stopping threads took: 0.0009470 seconds
73.422: Application time: 0.0380410 seconds
73.424: [GC [PSYoungGen: 48784K->6640K(49152K)] 145503K->103927K(160256K), 0.0021900 secs] [Times: user=0.02 sys=0.00, real=0.00 secs] 
73.426: Total time for which application threads were stopped: 0.0043450 seconds, Stopping threads took: 0.0020750 seconds
73.464: Application time: 0.0375180 seconds
73.466: [GC [PSYoungGen: 49136K->6640K(49152K)] 146423K->104767K(160256K), 0.0023720 secs] [Times: user=0.02 sys=0.00, real=0.01 secs] 
73.468: Total time for which application threads were stopped: 0.0042850 seconds, Stopping threads took: 0.0018290 seconds
73.507: Application time: 0.0390830 seconds
73.509: [GC [PSYoungGen: 49136K->6656K(49152K)] 147263K->105559K(160256K), 0.0022820 secs] [Times: user=0.02 sys=0.00, real=0.00 secs] 
73.511: Total time for which application threads were stopped: 0.0040030 seconds, Stopping threads took: 0.0016410 seconds
73.551: Application time: 0.0397080 seconds
73.553: [GC [PSYoungGen: 49152K->5808K(49152K)] 148055K->104719K(160256K), 0.0018250 secs] [Times: user=0.01 sys=0.00, real=0.00 secs] 
73.555: Total time for which application threads were stopped: 0.0034660 seconds, Stopping threads took: 0.0015600 seconds
73.593: Application time: 0.0385120 seconds
73.595: [GC [PSYoungGen: 48304K->4736K(49152K)] 147215K->103647K(160256K), 0.0015380 secs] [Times: user=0.01 sys=0.00, real=0.00 secs] 
73.596: Total time for which application threads were stopped: 0.0033870 seconds, Stopping threads took: 0.0017630 seconds
73.634: Application time: 0.0371470 seconds
73.635: [GC [PSYoungGen: 47232K->6640K(49152K)] 146143K->105895K(160256K), 0.0021310 secs] [Times: user=0.01 sys=0.00, real=0.00 secs] 
73.638: Total time for which application threads were stopped: 0.0039500 seconds, Stopping threads took: 0.0017360 seconds
73.675: Application time: 0.0371300 seconds
73.676: [GC [PSYoungGen: 49136K->6656K(49152K)] 148391K->106111K(160256K), 0.0020580 secs] [Times: user=0.01 sys=0.00, real=0.00 secs] 
73.678: Total time for which application threads were stopped: 0.0035410 seconds, Stopping threads took: 0.0014070 seconds
73.718: Application time: 0.0396140 seconds
73.721: [GC [PSYoungGen: 49152K->6640K(49152K)] 148607K->106223K(160256K), 0.0020940 secs] [Times: user=0.01 sys=0.00, real=0.00 secs] 
73.723: Total time for which application threads were stopped: 0.0048480 seconds, Stopping threads took: 0.0026600 seconds
73.760: Application time: 0.0373230 seconds
73.762: [GC [PSYoungGen: 49136K->6656K(49152K)] 148719K->107143K(160256K), 0.0023710 secs] [Times: user=0.01 sys=0.00, real=0.00 secs] 
73.764: Total time for which application threads were stopped: 0.0044760 seconds, Stopping threads took: 0.0020210 seconds
73.802: Application time: 0.0378160 seconds
73.804: [GC [PSYoungGen: 49151K->6656K(49152K)] 149639K->107327K(160256K), 0.0021500 secs] [Times: user=0.02 sys=0.00, real=0.00 secs] 
73.807: Total time for which application threads were stopped: 0.0042390 seconds, Stopping threads took: 0.0019990 seconds
73.848: Application time: 0.0409920 seconds
73.851: [GC [PSYoungGen: 49152K->5888K(49152K)] 149823K->106559K(160256K), 0.0017350 secs] [Times: user=0.01 sys=0.00, real=0.00 secs] 
73.852: Total time for which application threads were stopped: 0.0048500 seconds, Stopping threads took: 0.0030440 seconds
73.893: Application time: 0.0409250 seconds
73.896: [GC [PSYoungGen: 48384K->6400K(49152K)] 149055K->107071K(160256K), 0.0019410 secs] [Times: user=0.01 sys=0.00, real=0.00 secs] 
73.898: Total time for which application threads were stopped: 0.0042900 seconds, Stopping threads took: 0.0022680 seconds
73.938: Application time: 0.0407180 seconds
73.940: [GC [PSYoungGen: 48896K->5328K(49152K)] 149567K->105999K(160256K), 0.0018040 secs] [Times: user=0.01 sys=0.00, real=0.00 secs] 
73.942: Total time for which application threads were stopped: 0.0032540 seconds, Stopping threads took: 0.0013740 seconds
73.982: Application time: 0.0405040 seconds
73.987: [GC [PSYoungGen: 47824K->5728K(49152K)] 148495K->106399K(160256K), 0.0018950 secs] [Times: user=0.01 sys=0.00, real=0.00 secs] 
73.989: Total time for which application threads were stopped: 0.0064550 seconds, Stopping threads took: 0.0044770 seconds
74.027: Application time: 0.0380600 seconds
74.029: [GC [PSYoungGen: 48224K->6112K(49152K)] 148895K->106791K(160256K), 0.0021940 secs] [Times: user=0.01 sys=0.00, real=0.00 secs] 
74.031: Total time for which application threads were stopped: 0.0047150 seconds, Stopping threads took: 0.0024430 seconds
74.069: Application time: 0.0378790 seconds
74.072: [GC [PSYoungGen: 48608K->6656K(49152K)] 149287K->108407K(160256K), 0.0023550 secs] [Times: user=0.01 sys=0.00, real=0.00 secs] 
74.074: Total time for which application threads were stopped: 0.0051590 seconds, Stopping threads took: 0.0027230 seconds
74.114: Application time: 0.0393660 seconds
74.115: [GC [PSYoungGen: 49152K->6656K(49152K)] 150903K->109291K(160256K), 0.0023900 secs] [Times: user=0.01 sys=0.00, real=0.00 secs] 
74.118: Total time for which application threads were stopped: 0.0041410 seconds, Stopping threads took: 0.0016620 seconds
74.157: Application time: 0.0392170 seconds
74.159: [GC [PSYoungGen: 49152K->6240K(49152K)] 151787K->108875K(160256K), 0.0019880 secs] [Times: user=0.01 sys=0.00, real=0.00 secs] 
74.161: Total time for which application threads were stopped: 0.0041140 seconds, Stopping threads took: 0.0020210 seconds
74.198: Application time: 0.0370230 seconds
74.200: [GC [PSYoungGen: 48736K->6656K(49152K)] 151371K->110699K(160256K), 0.0024730 secs] [Times: user=0.02 sys=0.00, real=0.00 secs] 
74.203: Total time for which application threads were stopped: 0.0043950 seconds, Stopping threads took: 0.0018360 seconds
74.242: Application time: 0.0393010 seconds
74.244: [GC [PSYoungGen: 49152K->5952K(49152K)] 153195K->109995K(160256K), 0.0020610 secs] [Times: user=0.01 sys=0.00, real=0.00 secs] 
74.246: Total time for which application threads were stopped: 0.0040330 seconds, Stopping threads took: 0.0018860 seconds
74.284: Application time: 0.0377320 seconds
74.287: [GC [PSYoungGen: 48448K->6288K(49152K)] 152491K->110331K(160256K), 0.0020320 secs] [Times: user=0.01 sys=0.00, real=0.00 secs] 
74.289: Total time for which application threads were stopped: 0.0051810 seconds, Stopping threads took: 0.0030760 seconds
74.325: Application time: 0.0361700 seconds
74.327: [GC [PSYoungGen: 48784K->6656K(49152K)] 152827K->110707K(160256K), 0.0020590 secs] [Times: user=0.02 sys=0.00, real=0.00 secs] 
74.329: Total time for which application threads were stopped: 0.0040160 seconds, Stopping threads took: 0.0018540 seconds
74.367: Application time: 0.0382720 seconds
74.369: [GC [PSYoungGen: 49152K->6432K(49152K)] 153203K->110483K(160256K), 0.0022050 secs] [Times: user=0.01 sys=0.00, real=0.00 secs] 
74.371: Total time for which application threads were stopped: 0.0039130 seconds, Stopping threads took: 0.0016090 seconds
74.408: Application time: 0.0368730 seconds
74.410: [GC [PSYoungGen: 48928K->6624K(49152K)] 152979K->111319K(160256K), 0.0023410 secs] [Times: user=0.02 sys=0.00, real=0.00 secs] 
74.413: Total time for which application threads were stopped: 0.0044000 seconds, Stopping threads took: 0.0019820 seconds
74.453: Application time: 0.0403730 seconds
74.454: [GC [PSYoungGen: 49120K->6144K(49152K)] 153815K->110839K(160256K), 0.0019520 secs] [Times: user=0.01 sys=0.00, real=0.00 secs] 
74.456: Total time for which application threads were stopped: 0.0034520 seconds, Stopping threads took: 0.0014240 seconds
74.495: Application time: 0.0383940 seconds
74.497: [GC [PSYoungGen: 48640K->6048K(49152K)] 153335K->110743K(160256K), 0.0018980 secs] [Times: user=0.01 sys=0.00, real=0.01 secs] 
74.499: Total time for which application threads were stopped: 0.0040210 seconds, Stopping threads took: 0.0020510 seconds
74.539: Application time: 0.0405170 seconds
74.541: [GC [PSYoungGen: 48544K->5728K(49152K)] 153239K->110431K(160256K), 0.0018250 secs] [Times: user=0.01 sys=0.00, real=0.00 secs] 
74.543: Total time for which application threads were stopped: 0.0033680 seconds, Stopping threads took: 0.0014660 seconds
74.585: Application time: 0.0419070 seconds
74.586: [GC [PSYoungGen: 48224K->4640K(49152K)] 152927K->109351K(160256K), 0.0015240 secs] [Times: user=0.01 sys=0.00, real=0.01 secs] 
74.588: Total time for which application threads were stopped: 0.0029810 seconds, Stopping threads took: 0.0013820 seconds
74.625: Application time: 0.0372760 seconds
74.627: [GC [PSYoungGen: 47136K->6640K(49152K)] 151847K->112167K(160256K), 0.0023290 secs] [Times: user=0.02 sys=0.00, real=0.00 secs] 
74.629: Total time for which application threads were stopped: 0.0044590 seconds, Stopping threads took: 0.0020290 seconds
74.669: Application time: 0.0396180 seconds
74.671: [GC [PSYoungGen: 49136K->5248K(49152K)] 154663K->110775K(160256K), 0.0019800 secs] [Times: user=0.02 sys=0.00, real=0.00 secs] 
74.673: Total time for which application threads were stopped: 0.0040020 seconds, Stopping threads took: 0.0019290 seconds
74.710: Application time: 0.0371570 seconds
74.712: [GC [PSYoungGen: 47744K->6144K(49152K)] 153271K->111679K(160256K), 0.0023640 secs] [Times: user=0.01 sys=0.00, real=0.00 secs] 
74.714: Total time for which application threads were stopped: 0.0042240 seconds, Stopping threads took: 0.0017620 seconds
74.754: Application time: 0.0394830 seconds
74.756: [GC [PSYoungGen: 48640K->5920K(49152K)] 154175K->111455K(160256K), 0.0018570 secs] [Times: user=0.01 sys=0.00, real=0.00 secs] 
74.758: Total time for which application threads were stopped: 0.0044770 seconds, Stopping threads took: 0.0025330 seconds
74.800: Application time: 0.0415120 seconds
74.801: [GC [PSYoungGen: 48416K->3424K(49152K)] 153951K->108967K(160256K), 0.0012390 secs] [Times: user=0.01 sys=0.00, real=0.00 secs] 
74.803: Total time for which application threads were stopped: 0.0027190 seconds, Stopping threads took: 0.0014030 seconds
74.839: Application time: 0.0368810 seconds
74.841: [GC [PSYoungGen: 45920K->6640K(49152K)] 151463K->113175K(160256K), 0.0023330 secs] [Times: user=0.01 sys=0.00, real=0.00 secs] 
74.844: Total time for which application threads were stopped: 0.0040660 seconds, Stopping threads took: 0.0016540 seconds
74.881: Application time: 0.0378830 seconds
74.883: [GC [PSYoungGen: 49136K->6640K(49152K)] 155671K->113183K(160256K), 0.0020770 secs] [Times: user=0.02 sys=0.00, real=0.00 secs] 
74.885: Total time for which application threads were stopped: 0.0037970 seconds, Stopping threads took: 0.0016390 seconds
74.926: Application time: 0.0404040 seconds
74.927: [GC [PSYoungGen: 49136K->5616K(49152K)] 155679K->112159K(160256K), 0.0017950 secs] [Times: user=0.01 sys=0.00, real=0.00 secs] 
74.929: Total time for which application threads were stopped: 0.0031090 seconds, Stopping threads took: 0.0012380 seconds
74.967: Application time: 0.0383150 seconds
74.970: [GC [PSYoungGen: 48112K->6544K(49152K)] 154655K->113095K(160256K), 0.0020350 secs] [Times: user=0.02 sys=0.00, real=0.00 secs] 
74.972: Total time for which application threads were stopped: 0.0045860 seconds, Stopping threads took: 0.0024640 seconds
75.008: Application time: 0.0366590 seconds
75.010: [GC [PSYoungGen: 49040K->6656K(49152K)] 155591K->113927K(160256K), 0.0022390 secs] [Times: user=0.01 sys=0.00, real=0.00 secs] 
75.013: Total time for which application threads were stopped: 0.0043950 seconds, Stopping threads took: 0.0020730 seconds
75.052: Application time: 0.0389770 seconds
75.053: [GC [PSYoungGen: 49152K->5280K(49152K)] 156423K->112559K(160256K), 0.0016910 secs] [Times: user=0.01 sys=0.00, real=0.00 secs] 
75.054: Total time for which application threads were stopped: 0.0026420 seconds, Stopping threads took: 0.0008760 seconds
75.094: Application time: 0.0400580 seconds
75.096: [GC [PSYoungGen: 47776K->5824K(49152K)] 155055K->113103K(160256K), 0.0017830 secs] [Times: user=0.02 sys=0.00, real=0.00 secs] 
75.098: Total time for which application threads were stopped: 0.0036160 seconds, Stopping threads took: 0.0017620 seconds
75.139: Application time: 0.0405390 seconds
75.140: [GC [PSYoungGen: 48320K->4832K(49152K)] 155599K->112127K(160256K), 0.0016120 secs] [Times: user=0.01 sys=0.00, real=0.00 secs] 
75.142: Total time for which application threads were stopped: 0.0032880 seconds, Stopping threads took: 0.0015930 seconds
75.182: Application time: 0.0398680 seconds
75.183: [GC [PSYoungGen: 47328K->6304K(49152K)] 154623K->113615K(160256K), 0.0019190 secs] [Times: user=0.02 sys=0.00, real=0.00 secs] 
75.185: Total time for which application threads were stopped: 0.0033720 seconds, Stopping threads took: 0.0013790 seconds
75.225: Application time: 0.0396490 seconds
75.227: [GC [PSYoungGen: 48800K->5776K(49152K)] 156111K->113095K(160256K), 0.0018560 secs] [Times: user=0.01 sys=0.00, real=0.00 secs] 
75.229: Total time for which application threads were stopped: 0.0039410 seconds, Stopping threads took: 0.0020070 seconds
75.265: Application time: 0.0367040 seconds
75.268: [GC [PSYoungGen: 48272K->6624K(49152K)] 155591K->114907K(160256K), 0.0025010 secs] [Times: user=0.02 sys=0.00, real=0.00 secs] 
75.270: Total time for which application threads were stopped: 0.0047610 seconds, Stopping threads took: 0.0021780 seconds
75.309: Application time: 0.0387790 seconds
75.312: [GC [PSYoungGen: 49120K->6416K(49152K)] 157403K->114715K(160256K), 0.0020360 secs] [Times: user=0.02 sys=0.00, real=0.00 secs] 
75.314: Total time for which application threads were stopped: 0.0049200 seconds, Stopping threads took: 0.0028120 seconds
75.354: Application time: 0.0399610 seconds
75.356: [GC [PSYoungGen: 48912K->6192K(49152K)] 157211K->114491K(160256K), 0.0019400 secs] [Times: user=0.02 sys=0.00, real=0.00 secs] 
75.358: Total time for which application threads were stopped: 0.0040720 seconds, Stopping threads took: 0.0020460 seconds
75.396: Application time: 0.0378550 seconds
75.398: [GC [PSYoungGen: 48688K->6656K(49152K)] 156987K->115484K(160256K), 0.0021820 secs] [Times: user=0.02 sys=0.00, real=0.01 secs] 
75.400: Total time for which application threads were stopped: 0.0040370 seconds, Stopping threads took: 0.0017720 seconds
75.439: Application time: 0.0392370 seconds
75.442: [GC [PSYoungGen: 49151K->5952K(49152K)] 157979K->114788K(160256K), 0.0019050 secs] [Times: user=0.01 sys=0.00, real=0.00 secs] 
75.443: Total time for which application threads were stopped: 0.0044560 seconds, Stopping threads took: 0.0024750 seconds
75.487: Application time: 0.0431510 seconds
75.489: [GC [PSYoungGen: 48448K->5264K(49152K)] 157284K->114116K(160256K), 0.0016240 secs] [Times: user=0.01 sys=0.00, real=0.00 secs] 
75.490: Total time for which application threads were stopped: 0.0038430 seconds, Stopping threads took: 0.0021420 seconds
75.532: Application time: 0.0411750 seconds
75.534: [GC [PSYoungGen: 47760K->6560K(49152K)] 156612K->115412K(160256K), 0.0020290 secs] [Times: user=0.02 sys=0.00, real=0.00 secs] 
75.536: Total time for which application threads were stopped: 0.0040510 seconds, Stopping threads took: 0.0019350 seconds
75.578: Application time: 0.0419100 seconds
75.580: [GC [PSYoungGen: 49056K->6640K(49152K)] 157908K->116140K(160256K), 0.0023340 secs] [Times: user=0.01 sys=0.00, real=0.00 secs] 
75.582: Total time for which application threads were stopped: 0.0044660 seconds, Stopping threads took: 0.0020510 seconds
75.624: Application time: 0.0416820 seconds
75.626: [GC [PSYoungGen: 49136K->6640K(49152K)] 158636K->116596K(160256K), 0.0022540 secs] [Times: user=0.01 sys=0.00, real=0.01 secs] 
75.629: Total time for which application threads were stopped: 0.0049360 seconds, Stopping threads took: 0.0025980 seconds
75.669: Application time: 0.0407740 seconds
75.671: [GC [PSYoungGen: 49136K->5056K(49152K)] 159092K->115036K(160256K), 0.0016800 secs] [Times: user=0.01 sys=0.00, real=0.00 secs] 
75.673: Total time for which application threads were stopped: 0.0030930 seconds, Stopping threads took: 0.0013280 seconds
75.715: Application time: 0.0421980 seconds
75.719: [GC [PSYoungGen: 47552K->5888K(49152K)] 157532K->115884K(160256K), 0.0019210 secs] [Times: user=0.01 sys=0.00, real=0.00 secs] 
75.721: Total time for which application threads were stopped: 0.0058330 seconds, Stopping threads took: 0.0038300 seconds
75.762: Application time: 0.0413430 seconds
75.765: [GC [PSYoungGen: 48382K->6624K(49152K)] 158378K->117548K(160256K), 0.0023170 secs] [Times: user=0.02 sys=0.00, real=0.01 secs] 
75.767: [Full GC [PSYoungGen: 6624K->0K(49152K)] [ParOldGen: 110924K->10110K(111104K)] 117548K->10110K(160256K) [PSPermGen: 5147K->5147K(21504K)], 0.0072140 secs] [Times: user=0.03 sys=0.00, real=0.00 secs] 
75.774: Total time for which application threads were stopped: 0.0123350 seconds, Stopping threads took: 0.0026790 seconds
75.815: Application time: 0.0412250 seconds
75.817: [GC [PSYoungGen: 42496K->6176K(49152K)] 52606K->16286K(160256K), 0.0018990 secs] [Times: user=0.02 sys=0.00, real=0.01 secs] 
75.819: Total time for which application threads were stopped: 0.0032410 seconds, Stopping threads took: 0.0012580 seconds
75.861: Application time: 0.0425690 seconds
75.863: [GC [PSYoungGen: 48672K->6656K(49152K)] 58782K->17526K(160256K), 0.0021130 secs] [Times: user=0.02 sys=0.00, real=0.00 secs] 
75.866: Total time for which application threads were stopped: 0.0042420 seconds, Stopping threads took: 0.0020570 seconds
75.906: Application time: 0.0405610 seconds
75.908: [GC [PSYoungGen: 49152K->6656K(49152K)] 60022K->17942K(160256K), 0.0021630 secs] [Times: user=0.01 sys=0.00, real=0.00 secs] 
75.910: Total time for which application threads were stopped: 0.0040240 seconds, Stopping threads took: 0.0017820 seconds
75.951: Application time: 0.0406220 seconds
75.953: [GC [PSYoungGen: 49152K->6640K(49152K)] 60438K->18094K(160256K), 0.0020550 secs] [Times: user=0.01 sys=0.00, real=0.00 secs] 
75.955: Total time for which application threads were stopped: 0.0047130 seconds, Stopping threads took: 0.0025770 seconds
75.997: Application time: 0.0413450 seconds
76.000: [GC [PSYoungGen: 49136K->6160K(49152K)] 60590K->17614K(160256K), 0.0018510 secs] [Times: user=0.01 sys=0.00, real=0.00 secs] 
76.002: Total time for which application threads were stopped: 0.0048000 seconds, Stopping threads took: 0.0028740 seconds
76.044: Application time: 0.0422950 seconds
76.047: [GC [PSYoungGen: 48656K->5616K(49152K)] 60110K->17070K(160256K), 0.0016160 secs] [Times: user=0.01 sys=0.00, real=0.00 secs] 
76.048: Total time for which application threads were stopped: 0.0043760 seconds, Stopping threads took: 0.0026880 seconds
76.088: Application time: 0.0392560 seconds
76.089: [GC [PSYoungGen: 48112K->6496K(49152K)] 59566K->17950K(160256K), 0.0019190 secs] [Times: user=0.01 sys=0.00, real=0.00 secs] 
76.091: Total time for which application threads were stopped: 0.0033820 seconds, Stopping threads took: 0.0013820 seconds
76.131: Application time: 0.0403040 seconds
76.134: [GC [PSYoungGen: 48992K->6656K(49152K)] 60446K->18206K(160256K), 0.0020290 secs] [Times: user=0.01 sys=0.00, real=0.00 secs] 
76.136: Total time for which application threads were stopped: 0.0045130 seconds, Stopping threads took: 0.0024020 seconds
76.175: Application time: 0.0394510 seconds
76.176: [GC [PSYoungGen: 49152K->6640K(49152K)] 60702K->19142K(160256K), 0.0023010 secs] [Times: user=0.01 sys=0.01, real=0.01 secs] 
76.179: Total time for which application threads were stopped: 0.0035780 seconds, Stopping threads took: 0.0011820 seconds
76.221: Application time: 0.0417210 seconds
76.223: [GC [PSYoungGen: 49136K->6560K(49152K)] 61638K->19062K(160256K), 0.0018640 secs] [Times: user=0.01 sys=0.00, real=0.00 secs] 
76.225: Total time for which application threads were stopped: 0.0045990 seconds, Stopping threads took: 0.0026560 seconds
76.265: Application time: 0.0396100 seconds
76.266: [GC [PSYoungGen: 49056K->6464K(49152K)] 61558K->18966K(160256K), 0.0019070 secs] [Times: user=0.01 sys=0.00, real=0.01 secs] 
76.268: Total time for which application threads were stopped: 0.0036600 seconds, Stopping threads took: 0.0016780 seconds
76.310: Application time: 0.0414520 seconds
76.312: [GC [PSYoungGen: 48960K->6624K(49152K)] 61462K->19174K(160256K), 0.0020320 secs] [Times: user=0.02 sys=0.00, real=0.00 secs] 
76.314: Total time for which application threads were stopped: 0.0037770 seconds, Stopping threads took: 0.0016440 seconds
76.353: Application time: 0.0397200 seconds
76.355: [GC [PSYoungGen: 49120K->6640K(49152K)] 61670K->19462K(160256K), 0.0021180 secs] [Times: user=0.02 sys=0.00, real=0.00 secs] 
76.357: Total time for which application threads were stopped: 0.0036780 seconds, Stopping threads took: 0.0014830 seconds
76.397: Application time: 0.0404070 seconds
76.400: [GC [PSYoungGen: 49136K->6656K(49152K)] 61958K->20190K(160256K), 0.0021940 secs] [Times: user=0.01 sys=0.00, real=0.00 secs] 
76.402: Total time for which application threads were stopped: 0.0050010 seconds, Stopping threads took: 0.0027210 seconds
76.443: Application time: 0.0405720 seconds
76.445: [GC [PSYoungGen: 49151K->6512K(49152K)] 62686K->20046K(160256K), 0.0018900 secs] [Times: user=0.02 sys=0.00, real=0.01 secs] 
76.447: Total time for which application threads were stopped: 0.0039440 seconds, Stopping threads took: 0.0019720 seconds
76.491: Application time: 0.0436130 seconds
76.493: [GC [PSYoungGen: 49008K->6384K(49152K)] 62542K->19918K(160256K), 0.0018090 secs] [Times: user=0.01 sys=0.00, real=0.00 secs] 
76.495: Total time for which application threads were stopped: 0.0041680 seconds, Stopping threads took: 0.0022870 seconds
76.538: Application time: 0.0436640 seconds
76.540: [GC [PSYoungGen: 48880K->5312K(49152K)] 62414K->18854K(160256K), 0.0015660 secs] [Times: user=0.01 sys=0.00, real=0.00 secs] 
76.542: Total time for which application threads were stopped: 0.0036400 seconds, Stopping threads took: 0.0019950 seconds
76.584: Application time: 0.0420520 seconds
76.586: [GC [PSYoungGen: 47808K->6144K(49152K)] 61350K->19694K(160256K), 0.0019450 secs] [Times: user=0.01 sys=0.00, real=0.01 secs] 
76.588: Total time for which application threads were stopped: 0.0037500 seconds, Stopping threads took: 0.0017260 seconds
76.630: Application time: 0.0425660 seconds
76.633: [GC [PSYoungGen: 48640K->6112K(49152K)] 62190K->19678K(160256K), 0.0017760 secs] [Times: user=0.02 sys=0.00, real=0.00 secs] 
76.634: Total time for which application threads were stopped: 0.0039000 seconds, Stopping threads took: 0.0020500 seconds
76.677: Application time: 0.0430030 seconds
76.680: [GC [PSYoungGen: 48608K->5392K(49152K)] 62174K->18958K(160256K), 0.0016350 secs] [Times: user=0.01 sys=0.00, real=0.00 secs] 
76.682: Total time for which application threads were stopped: 0.0044990 seconds, Stopping threads took: 0.0027840 seconds
76.722: Application time: 0.0406170 seconds
76.724: [GC [PSYoungGen: 47888K->6640K(49152K)] 61454K->20287K(160256K), 0.0019430 secs] [Times: user=0.01 sys=0.00, real=0.00 secs] 
76.726: Total time for which application threads were stopped: 0.0033420 seconds, Stopping threads took: 0.0013220 seconds
76.767: Application time: 0.0409890 seconds
76.768: [GC [PSYoungGen: 49136K->6112K(49152K)] 62783K->19759K(160256K), 0.0017910 secs] [Times: user=0.00 sys=0.00, real=0.00 secs] 
76.770: Total time for which application threads were stopped: 0.0031800 seconds, Stopping threads took: 0.0013200 seconds
76.815: Application time: 0.0447260 seconds
76.817: [GC [PSYoungGen: 48608K->5120K(49152K)] 62255K->18775K(160256K), 0.0015620 secs] [Times: user=0.01 sys=0.00, real=0.01 secs] 
76.819: Total time for which application threads were stopped: 0.0039300 seconds, Stopping threads took: 0.0022960 seconds
76.863: Application time: 0.0441210 seconds
76.865: [GC [PSYoungGen: 47616K->6080K(49152K)] 61271K->19734K(160256K), 0.0017460 secs] [Times: user=0.02 sys=0.00, real=0.01 secs] 
76.867: Total time for which application threads were stopped: 0.0040160 seconds, Stopping threads took: 0.0021950 seconds
76.909: Application time: 0.0423950 seconds
76.912: [GC [PSYoungGen: 48576K->5056K(49152K)] 62230K->18727K(160256K), 0.0014700 secs] [Times: user=0.01 sys=0.00, real=0.00 secs] 
76.913: Total time for which application threads were stopped: 0.0040700 seconds, Stopping threads took: 0.0025290 seconds
76.954: Application time: 0.0406950 seconds
76.955: [GC [PSYoungGen: 47552K->6656K(49152K)] 61223K->20454K(160256K), 0.0021410 secs] [Times: user=0.01 sys=0.00, real=0.00 secs] 
76.957: Total time for which application threads were stopped: 0.0032440 seconds, Stopping threads took: 0.0010260 seconds
76.997: Application time: 0.0401780 seconds
77.000: [GC [PSYoungGen: 49152K->6656K(49152K)] 62950K->21270K(160256K), 0.0021280 secs] [Times: user=0.01 sys=0.00, real=0.00 secs] 
77.002: Total time for which application threads were stopped: 0.0048670 seconds, Stopping threads took: 0.0026340 seconds
77.043: Application time: 0.0406290 seconds
77.045: [GC [PSYoungGen: 49152K->6624K(49152K)] 63766K->21751K(160256K), 0.0020040 secs] [Times: user=0.01 sys=0.00, real=0.01 secs] 
77.047: Total time for which application threads were stopped: 0.0041120 seconds, Stopping threads took: 0.0020350 seconds
77.088: Application time: 0.0411060 seconds
77.090: [GC [PSYoungGen: 49120K->6656K(49152K)] 64247K->22166K(160256K), 0.0020020 secs] [Times: user=0.01 sys=0.00, real=0.00 secs] 
77.092: Total time for which application threads were stopped: 0.0041930 seconds, Stopping threads took: 0.0021120 seconds
77.134: Application time: 0.0419870 seconds
77.136: [GC [PSYoungGen: 49152K->6416K(49152K)] 64662K->21942K(160256K), 0.0019780 secs] [Times: user=0.01 sys=0.00, real=0.00 secs] 
77.138: Total time for which application threads were stopped: 0.0033360 seconds, Stopping threads took: 0.0012750 seconds
77.179: Application time: 0.0417160 seconds
77.181: [GC [PSYoungGen: 48912K->6656K(49152K)] 64438K->22270K(160256K), 0.0020530 secs] [Times: user=0.01 sys=0.00, real=0.00 secs] 
77.183: Total time for which application threads were stopped: 0.0039700 seconds, Stopping threads took: 0.0018110 seconds
77.224: Application time: 0.0408130 seconds
77.227: [GC [PSYoungGen: 49152K->6656K(49152K)] 64766K->23063K(160256K), 0.0022220 secs] [Times: user=0.01 sys=0.00, real=0.00 secs] 
77.229: Total time for which application threads were stopped: 0.0050660 seconds, Stopping threads took: 0.0027630 seconds
77.270: Application time: 0.0408690 seconds
77.272: [GC [PSYoungGen: 49152K->6624K(49152K)] 65559K->23047K(160256K), 0.0020950 secs] [Times: user=0.01 sys=0.00, real=0.00 secs] 
77.274: Total time for which application threads were stopped: 0.0042450 seconds, Stopping threads took: 0.0020720 seconds
77.315: Application time: 0.0405860 seconds
77.317: [GC [PSYoungGen: 49120K->6416K(49152K)] 65543K->22839K(160256K), 0.0021540 secs] [Times: user=0.00 sys=0.00, real=0.01 secs] 
77.319: Total time for which application threads were stopped: 0.0041950 seconds, Stopping threads took: 0.0019620 seconds
77.359: Application time: 0.0402930 seconds
77.362: [GC [PSYoungGen: 48912K->6656K(49152K)] 65335K->24063K(160256K), 0.0025800 secs] [Times: user=0.02 sys=0.00, real=0.00 secs] 
77.364: Total time for which application threads were stopped: 0.0050470 seconds, Stopping threads took: 0.0023580 seconds
77.405: Application time: 0.0405370 seconds
77.407: [GC [PSYoungGen: 49152K->6656K(49152K)] 66559K->24647K(160256K), 0.0021110 secs] [Times: user=0.02 sys=0.00, real=0.00 secs] 
77.409: Total time for which application threads were stopped: 0.0041340 seconds, Stopping threads took: 0.0019400 seconds
77.449: Application time: 0.0403060 seconds
77.452: [GC [PSYoungGen: 49152K->6176K(49152K)] 67143K->24167K(160256K), 0.0017810 secs] [Times: user=0.02 sys=0.00, real=0.00 secs] 
77.453: Total time for which application threads were stopped: 0.0038950 seconds, Stopping threads took: 0.0020360 seconds
77.495: Application time: 0.0421370 seconds
77.497: [GC [PSYoungGen: 48672K->4240K(49152K)] 66663K->22231K(160256K), 0.0013640 secs] [Times: user=0.01 sys=0.00, real=0.00 secs] 
77.499: Total time for which application threads were stopped: 0.0030120 seconds, Stopping threads took: 0.0015830 seconds
77.541: Application time: 0.0420360 seconds
77.542: [GC [PSYoungGen: 46736K->6048K(49152K)] 64727K->24047K(160256K), 0.0018650 secs] [Times: user=0.01 sys=0.00, real=0.00 secs] 
77.544: Total time for which application threads were stopped: 0.0036440 seconds, Stopping threads took: 0.0016970 seconds
77.584: Application time: 0.0399890 seconds
77.585: [GC [PSYoungGen: 48544K->6592K(49152K)] 66543K->24591K(160256K), 0.0019310 secs] [Times: user=0.01 sys=0.00, real=0.01 secs] 
77.587: Total time for which application threads were stopped: 0.0031930 seconds, Stopping threads took: 0.0011850 seconds
77.628: Application time: 0.0408310 seconds
77.631: [GC [PSYoungGen: 49088K->6656K(49152K)] 67087K->25895K(160256K), 0.0023090 secs] [Times: user=0.01 sys=0.00, real=0.00 secs] 
77.633: Total time for which application threads were stopped: 0.0049520 seconds, Stopping threads took: 0.0025370 seconds
77.675: Application time: 0.0415690 seconds
77.678: [GC [PSYoungGen: 49152K->6656K(49152K)] 68391K->26919K(160256K), 0.0020800 secs] [Times: user=0.01 sys=0.00, real=0.01 secs] 
77.680: Total time for which application threads were stopped: 0.0050410 seconds, Stopping threads took: 0.0028830 seconds
77.722: Application time: 0.0423320 seconds
77.724: [GC [PSYoungGen: 49152K->6656K(49152K)] 69415K->27263K(160256K), 0.0020370 secs] [Times: user=0.01 sys=0.00, real=0.00 secs] 
77.726: Total time for which application threads were stopped: 0.0038840 seconds, Stopping threads took: 0.0017630 seconds
77.768: Application time: 0.0415810 seconds
77.770: [GC [PSYoungGen: 49152K->6400K(49152K)] 69759K->27007K(160256K), 0.0019140 secs] [Times: user=0.01 sys=0.00, real=0.00 secs] 
77.772: Total time for which application threads were stopped: 0.0046200 seconds, Stopping threads took: 0.0026270 seconds
77.812: Application time: 0.0402310 seconds
77.815: [GC [PSYoungGen: 48896K->6272K(49152K)] 69503K->26887K(160256K), 0.0018840 secs] [Times: user=0.01 sys=0.00, real=0.00 secs] 
77.817: Total time for which application threads were stopped: 0.0041200 seconds, Stopping threads took: 0.0021630 seconds
77.858: Application time: 0.0418700 seconds
77.861: [GC [PSYoungGen: 48768K->6640K(49152K)] 69383K->27279K(160256K), 0.0020050 secs] [Times: user=0.02 sys=0.00, real=0.00 secs] 
77.863: Total time for which application threads were stopped: 0.0049710 seconds, Stopping threads took: 0.0028830 seconds
77.904: Application time: 0.0409010 seconds
77.906: [GC [PSYoungGen: 49136K->6656K(49152K)] 69775K->27831K(160256K), 0.0021790 secs] [Times: user=0.01 sys=0.00, real=0.01 secs] 
77.908: Total time for which application threads were stopped: 0.0038490 seconds, Stopping threads took: 0.0015850 seconds
77.949: Application time: 0.0412080 seconds
77.951: [GC [PSYoungGen: 49152K->6576K(49152K)] 70327K->27759K(160256K), 0.0020270 secs] [Times: user=0.01 sys=0.00, real=0.00 secs] 
77.953: Total time for which application threads were stopped: 0.0039580 seconds, Stopping threads took: 0.0018460 seconds
77.995: Application time: 0.0415260 seconds
77.997: [GC [PSYoungGen: 49072K->6656K(49152K)] 70255K->29055K(160256K), 0.0023560 secs] [Times: user=0.01 sys=0.00, real=0.01 secs] 
77.999: Total time for which application threads were stopped: 0.0044910 seconds, Stopping threads took: 0.0020530 seconds
78.040: Application time: 0.0411540 seconds
78.043: [GC [PSYoungGen: 49152K->5824K(49152K)] 71551K->28223K(160256K), 0.0017010 secs] [Times: user=0.01 sys=0.00, real=0.00 secs] 
78.045: Total time for which application threads were stopped: 0.0041440 seconds, Stopping threads took: 0.0023640 seconds
78.087: Application time: 0.0418630 seconds
78.088: [GC [PSYoungGen: 48320K->6656K(49152K)] 70719K->29471K(160256K), 0.0021080 secs] [Times: user=0.01 sys=0.00, real=0.00 secs] 
78.090: Total time for which application threads were stopped: 0.0038730 seconds, Stopping threads took: 0.0016830 seconds
78.130: Application time: 0.0399950 seconds
78.134: [GC [PSYoungGen: 49152K->6640K(49152K)] 71967K->29883K(160256K), 0.0021560 secs] [Times: user=0.02 sys=0.00, real=0.00 secs] 
78.136: Total time for which application threads were stopped: 0.0054900 seconds, Stopping threads took: 0.0032520 seconds
78.177: Application time: 0.0406230 seconds
78.179: [GC [PSYoungGen: 49136K->6640K(49152K)] 72379K->30451K(160256K), 0.0021940 secs] [Times: user=0.01 sys=0.00, real=0.00 secs] 
78.181: Total time for which application threads were stopped: 0.0043410 seconds, Stopping threads took: 0.0020630 seconds
78.222: Application time: 0.0414670 seconds
78.225: [GC [PSYoungGen: 49136K->6592K(49152K)] 72947K->30411K(160256K), 0.0018790 secs] [Times: user=0.02 sys=0.00, real=0.01 secs] 
78.227: Total time for which application threads were stopped: 0.0042950 seconds, Stopping threads took: 0.0023290 seconds
78.267: Application time: 0.0403460 seconds
78.268: [GC [PSYoungGen: 49088K->6656K(49152K)] 72907K->30595K(160256K), 0.0020520 secs] [Times: user=0.02 sys=0.00, real=0.00 secs] 
78.270: Total time for which application threads were stopped: 0.0032590 seconds, Stopping threads took: 0.0011280 seconds
78.312: Application time: 0.0419770 seconds
78.314: [GC [PSYoungGen: 49151K->5440K(49152K)] 73090K->29387K(160256K), 0.0015980 secs] [Times: user=0.01 sys=0.00, real=0.00 secs] 
78.315: Total time for which application threads were stopped: 0.0030430 seconds, Stopping threads took: 0.0013690 seconds
78.356: Application time: 0.0406410 seconds
78.358: [GC [PSYoungGen: 47936K->6656K(49152K)] 71883K->31571K(160256K), 0.0022740 secs] [Times: user=0.01 sys=0.00, real=0.01 secs] 
78.361: Total time for which application threads were stopped: 0.0047460 seconds, Stopping threads took: 0.0023880 seconds
78.402: Application time: 0.0416380 seconds
78.405: [GC [PSYoungGen: 49152K->5936K(49152K)] 74067K->30851K(160256K), 0.0017460 secs] [Times: user=0.00 sys=0.01, real=0.01 secs] 
78.407: Total time for which application threads were stopped: 0.0042940 seconds, Stopping threads took: 0.0024520 seconds
78.447: Application time: 0.0400750 seconds
78.449: [GC [PSYoungGen: 48432K->6640K(49152K)] 73347K->32163K(160256K), 0.0021860 secs] [Times: user=0.02 sys=0.00, real=0.00 secs] 
78.451: Total time for which application threads were stopped: 0.0043640 seconds, Stopping threads took: 0.0020930 seconds
78.491: Application time: 0.0401090 seconds
78.493: [GC [PSYoungGen: 49136K->6624K(49152K)] 74659K->32723K(160256K), 0.0021390 secs] [Times: user=0.02 sys=0.00, real=0.00 secs] 
78.495: Total time for which application threads were stopped: 0.0036760 seconds, Stopping threads took: 0.0014540 seconds
78.536: Application time: 0.0410190 seconds
78.538: [GC [PSYoungGen: 49119K->6656K(49152K)] 75219K->34111K(160256K), 0.0023990 secs] [Times: user=0.02 sys=0.00, real=0.01 secs] 
78.540: Total time for which application threads were stopped: 0.0041470 seconds, Stopping threads took: 0.0016670 seconds
78.580: Application time: 0.0402440 seconds
78.583: [GC [PSYoungGen: 49152K->6656K(49152K)] 76607K->34951K(160256K), 0.0022460 secs] [Times: user=0.01 sys=0.00, real=0.00 secs] 
78.586: Total time for which application threads were stopped: 0.0053000 seconds, Stopping threads took: 0.0029500 seconds
78.626: Application time: 0.0404550 seconds
78.628: [GC [PSYoungGen: 49152K->6656K(49152K)] 77447K->35915K(160256K), 0.0023060 secs] [Times: user=0.01 sys=0.00, real=0.00 secs] 
78.630: Total time for which application threads were stopped: 0.0043900 seconds, Stopping threads took: 0.0019820 seconds
78.670: Application time: 0.0399650 seconds
78.672: [GC [PSYoungGen: 49152K->6640K(49152K)] 78411K->35939K(160256K), 0.0019730 secs] [Times: user=0.02 sys=0.00, real=0.00 secs] 
78.675: Total time for which application threads were stopped: 0.0041610 seconds, Stopping threads took: 0.0021080 seconds
78.715: Application time: 0.0404710 seconds
78.716: [GC [PSYoungGen: 49136K->6496K(49152K)] 78435K->35795K(160256K), 0.0019260 secs] [Times: user=0.01 sys=0.00, real=0.00 secs] 
78.718: Total time for which application threads were stopped: 0.0033690 seconds, Stopping threads took: 0.0013640 seconds
78.760: Application time: 0.0413420 seconds
78.761: [GC [PSYoungGen: 48992K->5520K(49152K)] 78291K->34827K(160256K), 0.0016110 secs] [Times: user=0.00 sys=0.00, real=0.00 secs] 
78.763: Total time for which application threads were stopped: 0.0030920 seconds, Stopping threads took: 0.0013920 seconds
78.805: Application time: 0.0422690 seconds
78.808: [GC [PSYoungGen: 48016K->6656K(49152K)] 77323K->36563K(160256K), 0.0022330 secs] [Times: user=0.01 sys=0.00, real=0.00 secs] 
78.810: Total time for which application threads were stopped: 0.0047240 seconds, Stopping threads took: 0.0024070 seconds
78.850: Application time: 0.0405420 seconds
78.852: [GC [PSYoungGen: 49152K->5952K(49152K)] 79059K->35867K(160256K), 0.0018570 secs] [Times: user=0.01 sys=0.00, real=0.00 secs] 
78.854: Total time for which application threads were stopped: 0.0039830 seconds, Stopping threads took: 0.0020450 seconds
78.894: Application time: 0.0401480 seconds
78.897: [GC [PSYoungGen: 48448K->6624K(49152K)] 78363K->37467K(160256K), 0.0022590 secs] [Times: user=0.02 sys=0.00, real=0.01 secs] 
78.899: Total time for which application threads were stopped: 0.0046320 seconds, Stopping threads took: 0.0022930 seconds
78.940: Application time: 0.0410360 seconds
78.943: [GC [PSYoungGen: 49120K->6464K(49152K)] 79963K->37307K(160256K), 0.0019370 secs] [Times: user=0.01 sys=0.00, real=0.00 secs] 
78.945: Total time for which application threads were stopped: 0.0048720 seconds, Stopping threads took: 0.0028520 seconds
78.985: Application time: 0.0396830 seconds
78.987: [GC [PSYoungGen: 48960K->6624K(49152K)] 79803K->39051K(160256K), 0.0023960 secs] [Times: user=0.01 sys=0.00, real=0.00 secs] 
78.990: Total time for which application threads were stopped: 0.0051090 seconds, Stopping threads took: 0.0026300 seconds
79.031: Application time: 0.0410680 seconds
79.033: [GC [PSYoungGen: 49120K->6656K(49152K)] 81547K->40460K(160256K), 0.0024390 secs] [Times: user=0.01 sys=0.00, real=0.00 secs] 
79.036: Total time for which application threads were stopped: 0.0050540 seconds, Stopping threads took: 0.0025280 seconds
79.077: Application time: 0.0413960 seconds
79.080: [GC [PSYoungGen: 49152K->6640K(49152K)] 82956K->41592K(160256K), 0.0024820 secs] [Times: user=0.01 sys=0.00, real=0.00 secs] 
79.082: Total time for which application threads were stopped: 0.0047190 seconds, Stopping threads took: 0.0021310 seconds
79.122: Application time: 0.0402100 seconds
79.124: [GC [PSYoungGen: 49136K->6560K(49152K)] 84088K->41512K(160256K), 0.0019890 secs] [Times: user=0.01 sys=0.00, real=0.00 secs] 
79.126: Total time for which application threads were stopped: 0.0038650 seconds, Stopping threads took: 0.0017980 seconds
79.167: Application time: 0.0411490 seconds
79.169: [GC [PSYoungGen: 49056K->6640K(49152K)] 84008K->42104K(160256K), 0.0021810 secs] [Times: user=0.02 sys=0.00, real=0.00 secs] 
79.172: Total time for which application threads were stopped: 0.0042630 seconds, Stopping threads took: 0.0019970 seconds
79.213: Application time: 0.0414870 seconds
79.216: [GC [PSYoungGen: 49136K->6656K(49152K)] 84600K->43080K(160256K), 0.0023960 secs] [Times: user=0.02 sys=0.00, real=0.00 secs] 
79.218: Total time for which application threads were stopped: 0.0051810 seconds, Stopping threads took: 0.0026820 seconds
79.260: Application time: 0.0419310 seconds
79.262: [GC [PSYoungGen: 49152K->5056K(49152K)] 85576K->41480K(160256K), 0.0016880 secs] [Times: user=0.01 sys=0.00, real=0.00 secs] 
79.263: Total time for which application threads were stopped: 0.0032020 seconds, Stopping threads took: 0.0014270 seconds
79.304: Application time: 0.0410060 seconds
79.306: [GC [PSYoungGen: 47552K->6640K(49152K)] 83976K->43376K(160256K), 0.0024800 secs] [Times: user=0.02 sys=0.00, real=0.01 secs] 
79.309: Total time for which application threads were stopped: 0.0042320 seconds, Stopping threads took: 0.0016510 seconds
79.349: Application time: 0.0408700 seconds
79.352: [GC [PSYoungGen: 49136K->5760K(49152K)] 85872K->42496K(160256K), 0.0019060 secs] [Times: user=0.01 sys=0.00, real=0.00 secs] 
79.353: Total time for which application threads were stopped: 0.0039870 seconds, Stopping threads took: 0.0020010 seconds
79.393: Application time: 0.0397870 seconds
79.395: [GC [PSYoungGen: 48256K->6656K(49152K)] 84992K->43440K(160256K), 0.0021840 secs] [Times: user=0.02 sys=0.00, real=0.00 secs] 
79.397: Total time for which application threads were stopped: 0.0040810 seconds, Stopping threads took: 0.0017900 seconds
79.436: Application time: 0.0386630 seconds
79.438: [GC [PSYoungGen: 49152K->6208K(49152K)] 85936K->42992K(160256K), 0.0021780 secs] [Times: user=0.01 sys=0.00, real=0.01 secs] 
79.440: Total time for which application threads were stopped: 0.0039160 seconds, Stopping threads took: 0.0016580 seconds
79.479: Application time: 0.0387980 seconds
79.481: [GC [PSYoungGen: 48704K->6640K(49152K)] 85488K->43432K(160256K), 0.0021720 secs] [Times: user=0.02 sys=0.00, real=0.00 secs] 
79.484: Total time for which application threads were stopped: 0.0048030 seconds, Stopping threads took: 0.0025290 seconds
79.521: Application time: 0.0375230 seconds
79.523: [GC [PSYoungGen: 49136K->6640K(49152K)] 85928K->43520K(160256K), 0.0020900 secs] [Times: user=0.01 sys=0.00, real=0.00 secs] 
79.525: Total time for which application threads were stopped: 0.0043430 seconds, Stopping threads took: 0.0021740 seconds
79.565: Application time: 0.0391020 seconds
79.566: [GC [PSYoungGen: 49136K->6304K(49152K)] 86016K->43184K(160256K), 0.0018590 secs] [Times: user=0.01 sys=0.00, real=0.01 secs] 
79.568: Total time for which application threads were stopped: 0.0034880 seconds, Stopping threads took: 0.0015510 seconds
79.605: Application time: 0.0371460 seconds
79.607: [GC [PSYoungGen: 48800K->6656K(49152K)] 85680K->43976K(160256K), 0.0021770 secs] [Times: user=0.01 sys=0.00, real=0.00 secs] 
79.609: Total time for which application threads were stopped: 0.0041720 seconds, Stopping threads took: 0.0018970 seconds
79.647: Application time: 0.0381400 seconds
79.650: [GC [PSYoungGen: 49152K->6656K(49152K)] 86472K->45304K(160256K), 0.0023310 secs] [Times: user=0.02 sys=0.00, real=0.00 secs] 
79.652: Total time for which application threads were stopped: 0.0048870 seconds, Stopping threads took: 0.0024750 seconds
79.694: Application time: 0.0412150 seconds
79.695: [GC [PSYoungGen: 49152K->6624K(49152K)] 87800K->45280K(160256K), 0.0018770 secs] [Times: user=0.01 sys=0.00, real=0.00 secs] 
79.697: Total time for which application threads were stopped: 0.0035680 seconds, Stopping threads took: 0.0016240 seconds
79.739: Application time: 0.0423320 seconds
79.741: [GC [PSYoungGen: 49120K->4576K(49152K)] 87776K->43240K(160256K), 0.0013690 secs] [Times: user=0.00 sys=0.00, real=0.00 secs] 
79.743: Total time for which application threads were stopped: 0.0031850 seconds, Stopping threads took: 0.0017430 seconds
79.782: Application time: 0.0392680 seconds
79.784: [GC [PSYoungGen: 47072K->5888K(49152K)] 85736K->44552K(160256K), 0.0017860 secs] [Times: user=0.01 sys=0.00, real=0.00 secs] 
79.785: Total time for which application threads were stopped: 0.0034540 seconds, Stopping threads took: 0.0015830 seconds
79.824: Application time: 0.0385890 seconds
79.826: [GC [PSYoungGen: 48384K->5440K(49152K)] 87048K->44112K(160256K), 0.0015570 secs] [Times: user=0.01 sys=0.00, real=0.01 secs] 
79.828: Total time for which application threads were stopped: 0.0037730 seconds, Stopping threads took: 0.0021420 seconds
79.869: Application time: 0.0407610 seconds
79.871: [GC [PSYoungGen: 47936K->5408K(49152K)] 86608K->44096K(160256K), 0.0015800 secs] [Times: user=0.00 sys=0.00, real=0.00 secs] 
79.873: Total time for which application threads were stopped: 0.0041550 seconds, Stopping threads took: 0.0025030 seconds
79.912: Application time: 0.0390380 seconds
79.913: [GC [PSYoungGen: 47904K->5888K(49152K)] 86592K->44584K(160256K), 0.0020060 secs] [Times: user=0.02 sys=0.00, real=0.00 secs] 
79.915: Total time for which application threads were stopped: 0.0037220 seconds, Stopping threads took: 0.0016340 seconds
79.955: Application time: 0.0400140 seconds
79.958: [GC [PSYoungGen: 48384K->6192K(49152K)] 87080K->44888K(160256K), 0.0018790 secs] [Times: user=0.01 sys=0.00, real=0.01 secs] 
79.960: Total time for which application threads were stopped: 0.0047230 seconds, Stopping threads took: 0.0027660 seconds
80.000: Application time: 0.0393460 seconds
80.002: [GC [PSYoungGen: 48688K->6640K(49152K)] 87384K->45368K(160256K), 0.0020070 secs] [Times: user=0.02 sys=0.00, real=0.00 secs] 
80.004: Total time for which application threads were stopped: 0.0041370 seconds, Stopping threads took: 0.0020510 seconds
80.042: Application time: 0.0381030 seconds
80.044: [GC [PSYoungGen: 49136K->6624K(49152K)] 87864K->45640K(160256K), 0.0020660 secs] [Times: user=0.01 sys=0.00, real=0.00 secs] 
80.046: Total time for which application threads were stopped: 0.0039150 seconds, Stopping threads took: 0.0017690 seconds
80.087: Application time: 0.0416280 seconds
80.089: [GC [PSYoungGen: 49120K->6656K(49152K)] 88136K->46760K(160256K), 0.0022640 secs] [Times: user=0.01 sys=0.00, real=0.00 secs] 
80.092: Total time for which application threads were stopped: 0.0041850 seconds, Stopping threads took: 0.0018460 seconds
80.131: Application time: 0.0391430 seconds
80.133: [GC [PSYoungGen: 49152K->6640K(49152K)] 89256K->47584K(160256K), 0.0023900 secs] [Times: user=0.02 sys=0.00, real=0.00 secs] 
80.135: Total time for which application threads were stopped: 0.0044320 seconds, Stopping threads took: 0.0019560 seconds
80.172: Application time: 0.0369180 seconds
80.174: [GC [PSYoungGen: 49136K->6640K(49152K)] 90080K->48288K(160256K), 0.0022750 secs] [Times: user=0.01 sys=0.00, real=0.00 secs] 
80.176: Total time for which application threads were stopped: 0.0042840 seconds, Stopping threads took: 0.0019030 seconds
80.213: Application time: 0.0367890 seconds
80.215: [GC [PSYoungGen: 49136K->6640K(49152K)] 90784K->48984K(160256K), 0.0021570 secs] [Times: user=0.01 sys=0.00, real=0.00 secs] 
80.217: Total time for which application threads were stopped: 0.0038870 seconds, Stopping threads took: 0.0016410 seconds
80.255: Application time: 0.0381320 seconds
80.258: [GC [PSYoungGen: 49136K->6336K(49152K)] 91480K->48688K(160256K), 0.0019080 secs] [Times: user=0.01 sys=0.00, real=0.01 secs] 
80.260: Total time for which application threads were stopped: 0.0047220 seconds, Stopping threads took: 0.0027330 seconds
80.299: Application time: 0.0387520 seconds
80.300: [GC [PSYoungGen: 48832K->6624K(49152K)] 91184K->49432K(160256K), 0.0022820 secs] [Times: user=0.01 sys=0.00, real=0.00 secs] 
80.303: Total time for which application threads were stopped: 0.0039190 seconds, Stopping threads took: 0.0015400 seconds
80.341: Application time: 0.0384380 seconds
80.343: [GC [PSYoungGen: 49120K->6544K(49152K)] 91928K->49360K(160256K), 0.0020010 secs] [Times: user=0.02 sys=0.00, real=0.00 secs] 
80.345: Total time for which application threads were stopped: 0.0040920 seconds, Stopping threads took: 0.0020120 seconds
80.383: Application time: 0.0377930 seconds
80.384: [GC [PSYoungGen: 49040K->6640K(49152K)] 91856K->49664K(160256K), 0.0020280 secs] [Times: user=0.01 sys=0.00, real=0.00 secs] 
80.386: Total time for which application threads were stopped: 0.0035800 seconds, Stopping threads took: 0.0014710 seconds
80.426: Application time: 0.0394310 seconds
80.428: [GC [PSYoungGen: 49136K->6656K(49152K)] 92160K->49784K(160256K), 0.0020630 secs] [Times: user=0.01 sys=0.00, real=0.00 secs] 
80.431: Total time for which application threads were stopped: 0.0047030 seconds, Stopping threads took: 0.0025580 seconds
80.469: Application time: 0.0386020 seconds
80.471: [GC [PSYoungGen: 49152K->5696K(49152K)] 92280K->48824K(160256K), 0.0017860 secs] [Times: user=0.01 sys=0.00, real=0.00 secs] 
80.473: Total time for which application threads were stopped: 0.0039080 seconds, Stopping threads took: 0.0020220 seconds
80.512: Application time: 0.0386990 seconds
80.513: [GC [PSYoungGen: 48192K->5472K(49152K)] 91320K->48608K(160256K), 0.0016830 secs] [Times: user=0.01 sys=0.00, real=0.00 secs] 
80.515: Total time for which application threads were stopped: 0.0032440 seconds, Stopping threads took: 0.0014840 seconds
80.553: Application time: 0.0384530 seconds
80.555: [GC [PSYoungGen: 47968K->6368K(49152K)] 91104K->49504K(160256K), 0.0020640 secs] [Times: user=0.02 sys=0.00, real=0.00 secs] 
80.557: Total time for which application threads were stopped: 0.0036380 seconds, Stopping threads took: 0.0014910 seconds
80.596: Application time: 0.0384730 seconds
80.598: [GC [PSYoungGen: 48864K->6064K(49152K)] 92000K->49200K(160256K), 0.0018610 secs] [Times: user=0.01 sys=0.00, real=0.01 secs] 
80.600: Total time for which application threads were stopped: 0.0040320 seconds, Stopping threads took: 0.0020980 seconds
80.637: Application time: 0.0370470 seconds
80.639: [GC [PSYoungGen: 48560K->6656K(49152K)] 91696K->50420K(160256K), 0.0021280 secs] [Times: user=0.02 sys=0.00, real=0.00 secs] 
80.641: Total time for which application threads were stopped: 0.0042320 seconds, Stopping threads took: 0.0020170 seconds
80.681: Application time: 0.0402290 seconds
80.683: [GC [PSYoungGen: 49152K->6624K(49152K)] 92916K->50444K(160256K), 0.0019190 secs] [Times: user=0.01 sys=0.00, real=0.00 secs] 
80.685: Total time for which application threads were stopped: 0.0035090 seconds, Stopping threads took: 0.0015170 seconds
80.727: Application time: 0.0420760 seconds
80.728: [GC [PSYoungGen: 49120K->6624K(49152K)] 92940K->51352K(160256K), 0.0021080 secs] [Times: user=0.02 sys=0.00, real=0.00 secs] 
80.730: Total time for which application threads were stopped: 0.0037430 seconds, Stopping threads took: 0.0015520 seconds
80.772: Application time: 0.0411120 seconds
80.773: [GC [PSYoungGen: 49120K->6624K(49152K)] 93848K->52004K(160256K), 0.0021020 secs] [Times: user=0.01 sys=0.00, real=0.00 secs] 
80.775: Total time for which application threads were stopped: 0.0038050 seconds, Stopping threads took: 0.0016320 seconds
80.818: Application time: 0.0424680 seconds
80.820: [GC [PSYoungGen: 49120K->6624K(49152K)] 94500K->52428K(160256K), 0.0020010 secs] [Times: user=0.01 sys=0.00, real=0.00 secs] 
80.822: Total time for which application threads were stopped: 0.0042100 seconds, Stopping threads took: 0.0021250 seconds
80.863: Application time: 0.0407180 seconds
80.865: [GC [PSYoungGen: 49120K->6000K(49152K)] 94924K->51812K(160256K), 0.0017060 secs] [Times: user=0.01 sys=0.00, real=0.01 secs] 
80.867: Total time for which application threads were stopped: 0.0041110 seconds, Stopping threads took: 0.0023330 seconds
80.906: Application time: 0.0386270 seconds
80.908: [GC [PSYoungGen: 48496K->6016K(49152K)] 94308K->51836K(160256K), 0.0017470 secs] [Times: user=0.02 sys=0.00, real=0.00 secs] 
80.910: Total time for which application threads were stopped: 0.0041780 seconds, Stopping threads took: 0.0023570 seconds
80.949: Application time: 0.0389050 seconds
80.950: [GC [PSYoungGen: 48512K->6624K(49152K)] 94332K->52580K(160256K), 0.0020990 secs] [Times: user=0.02 sys=0.00, real=0.00 secs] 
80.952: Total time for which application threads were stopped: 0.0033540 seconds, Stopping threads took: 0.0011750 seconds
80.992: Application time: 0.0397280 seconds
80.993: [GC [PSYoungGen: 49120K->6304K(49152K)] 95076K->52260K(160256K), 0.0018860 secs] [Times: user=0.01 sys=0.00, real=0.00 secs] 
80.995: Total time for which application threads were stopped: 0.0034300 seconds, Stopping threads took: 0.0014650 seconds
81.034: Application time: 0.0388070 seconds
81.036: [GC [PSYoungGen: 48800K->6528K(49152K)] 94756K->52484K(160256K), 0.0021160 secs] [Times: user=0.02 sys=0.00, real=0.00 secs] 
81.038: Total time for which application threads were stopped: 0.0045170 seconds, Stopping threads took: 0.0023220 seconds
81.077: Application time: 0.0384470 seconds
81.079: [GC [PSYoungGen: 49024K->6624K(49152K)] 94980K->53360K(160256K), 0.0022420 secs] [Times: user=0.02 sys=0.00, real=0.00 secs] 
81.081: Total time for which application threads were stopped: 0.0040770 seconds, Stopping threads took: 0.0017480 seconds
81.118: Application time: 0.0368950 seconds
81.120: [GC [PSYoungGen: 49120K->6656K(49152K)] 95856K->53392K(160256K), 0.0019290 secs] [Times: user=0.02 sys=0.00, real=0.00 secs] 
81.122: Total time for which application threads were stopped: 0.0042400 seconds, Stopping threads took: 0.0022340 seconds
81.159: Application time: 0.0371150 seconds
81.161: [GC [PSYoungGen: 49152K->6640K(49152K)] 95888K->53696K(160256K), 0.0020540 secs] [Times: user=0.02 sys=0.00, real=0.00 secs] 
81.163: Total time for which application threads were stopped: 0.0040320 seconds, Stopping threads took: 0.0019000 seconds
81.202: Application time: 0.0390340 seconds
81.204: [GC [PSYoungGen: 49136K->5520K(49152K)] 96192K->52576K(160256K), 0.0017260 secs] [Times: user=0.01 sys=0.00, real=0.00 secs] 
81.205: Total time for which application threads were stopped: 0.0031170 seconds, Stopping threads took: 0.0013180 seconds
81.245: Application time: 0.0398940 seconds
81.248: [GC [PSYoungGen: 48016K->6464K(49152K)] 95072K->53528K(160256K), 0.0023990 secs] [Times: user=0.01 sys=0.00, real=0.00 secs] 
81.250: Total time for which application threads were stopped: 0.0048310 seconds, Stopping threads took: 0.0023550 seconds
81.289: Application time: 0.0383230 seconds
81.290: [GC [PSYoungGen: 48960K->5728K(49152K)] 96024K->52800K(160256K), 0.0017060 secs] [Times: user=0.01 sys=0.00, real=0.00 secs] 
81.292: Total time for which application threads were stopped: 0.0030550 seconds, Stopping threads took: 0.0012720 seconds
81.330: Application time: 0.0380860 seconds
81.332: [GC [PSYoungGen: 48224K->6624K(49152K)] 95296K->54608K(160256K), 0.0022540 secs] [Times: user=0.01 sys=0.00, real=0.00 secs] 
81.335: Total time for which application threads were stopped: 0.0050470 seconds, Stopping threads took: 0.0027000 seconds
81.373: Application time: 0.0385820 seconds
81.376: [GC [PSYoungGen: 49118K->6624K(49152K)] 97103K->54616K(160256K), 0.0019270 secs] [Times: user=0.01 sys=0.00, real=0.00 secs] 
81.378: Total time for which application threads were stopped: 0.0047670 seconds, Stopping threads took: 0.0027530 seconds
81.417: Application time: 0.0388100 seconds
81.418: [GC [PSYoungGen: 49120K->6032K(49152K)] 97112K->54032K(160256K), 0.0018210 secs] [Times: user=0.01 sys=0.00, real=0.01 secs] 
81.420: Total time for which application threads were stopped: 0.0034040 seconds, Stopping threads took: 0.0015120 seconds
81.461: Application time: 0.0405990 seconds
81.463: [GC [PSYoungGen: 48528K->5264K(49152K)] 96528K->53264K(160256K), 0.0015560 secs] [Times: user=0.01 sys=0.00, real=0.00 secs] 
81.464: Total time for which application threads were stopped: 0.0034010 seconds, Stopping threads took: 0.0017690 seconds
81.503: Application time: 0.0387720 seconds
81.506: [GC [PSYoungGen: 47760K->6624K(49152K)] 95760K->55064K(160256K), 0.0021720 secs] [Times: user=0.01 sys=0.00, real=0.01 secs] 
81.508: Total time for which application threads were stopped: 0.0048400 seconds, Stopping threads took: 0.0025890 seconds
81.548: Application time: 0.0405220 seconds
81.550: [GC [PSYoungGen: 49120K->5488K(49152K)] 97560K->53928K(160256K), 0.0017140 secs] [Times: user=0.01 sys=0.00, real=0.00 secs] 
81.552: Total time for which application threads were stopped: 0.0032390 seconds, Stopping threads took: 0.0014480 seconds
81.591: Application time: 0.0390380 seconds
81.593: [GC [PSYoungGen: 47984K->6624K(49152K)] 96424K->56168K(160256K), 0.0023110 secs] [Times: user=0.02 sys=0.00, real=0.00 secs] 
81.595: Total time for which application threads were stopped: 0.0046580 seconds, Stopping threads took: 0.0022680 seconds
81.635: Application time: 0.0396400 seconds
81.637: [GC [PSYoungGen: 49120K->6048K(49152K)] 98664K->55592K(160256K), 0.0017070 secs] [Times: user=0.01 sys=0.01, real=0.01 secs] 
81.639: Total time for which application threads were stopped: 0.0038230 seconds, Stopping threads took: 0.0017760 seconds
81.678: Application time: 0.0387560 seconds
81.680: [GC [PSYoungGen: 48544K->6640K(49152K)] 98088K->57064K(160256K), 0.0022790 secs] [Times: user=0.02 sys=0.00, real=0.00 secs] 
81.683: Total time for which application threads were stopped: 0.0050350 seconds, Stopping threads took: 0.0026800 seconds
81.720: Application time: 0.0376420 seconds
81.722: [GC [PSYoungGen: 49136K->6624K(49152K)] 99560K->57784K(160256K), 0.0023230 secs] [Times: user=0.02 sys=0.00, real=0.00 secs] 
81.724: Total time for which application threads were stopped: 0.0041660 seconds, Stopping threads took: 0.0017630 seconds
81.762: Application time: 0.0379230 seconds
81.765: [GC [PSYoungGen: 49120K->6240K(49152K)] 100280K->57408K(160256K), 0.0018510 secs] [Times: user=0.02 sys=0.00, real=0.01 secs] 
81.767: Total time for which application threads were stopped: 0.0043740 seconds, Stopping threads took: 0.0024440 seconds
81.806: Application time: 0.0393880 seconds
81.808: [GC [PSYoungGen: 48736K->6640K(49152K)] 99904K->57808K(160256K), 0.0018810 secs] [Times: user=0.01 sys=0.00, real=0.00 secs] 
81.810: Total time for which application threads were stopped: 0.0041700 seconds, Stopping threads took: 0.0022220 seconds
81.850: Application time: 0.0394730 seconds
81.851: [GC [PSYoungGen: 49135K->6560K(49152K)] 100304K->57728K(160256K), 0.0019410 secs] [Times: user=0.01 sys=0.00, real=0.00 secs] 
81.853: Total time for which application threads were stopped: 0.0036990 seconds, Stopping threads took: 0.0016720 seconds
81.892: Application time: 0.0383520 seconds
81.893: [GC [PSYoungGen: 49056K->6624K(49152K)] 100224K->58360K(160256K), 0.0021790 secs] [Times: user=0.01 sys=0.00, real=0.00 secs] 
81.896: Total time for which application threads were stopped: 0.0038850 seconds, Stopping threads took: 0.0016260 seconds
81.934: Application time: 0.0382990 seconds
81.936: [GC [PSYoungGen: 49120K->6640K(49152K)] 100856K->58768K(160256K), 0.0021570 secs] [Times: user=0.01 sys=0.00, real=0.01 secs] 
81.939: Total time for which application threads were stopped: 0.0045940 seconds, Stopping threads took: 0.0023340 seconds
81.978: Application time: 0.0390020 seconds
81.980: [GC [PSYoungGen: 49136K->6656K(49152K)] 101264K->59008K(160256K), 0.0020930 secs] [Times: user=0.01 sys=0.00, real=0.00 secs] 
81.982: Total time for which application threads were stopped: 0.0043240 seconds, Stopping threads took: 0.0021480 seconds
82.022: Application time: 0.0398010 seconds
82.024: [GC [PSYoungGen: 49152K->6640K(49152K)] 101504K->59288K(160256K), 0.0021410 secs] [Times: user=0.02 sys=0.00, real=0.00 secs] 
82.026: Total time for which application threads were stopped: 0.0040630 seconds, Stopping threads took: 0.0018410 seconds
82.065: Application time: 0.0391730 seconds
82.066: [GC [PSYoungGen: 49136K->6656K(49152K)] 101784K->60376K(160256K), 0.0023300 secs] [Times: user=0.02 sys=0.00, real=0.01 secs] 
82.069: Total time for which application threads were stopped: 0.0035850 seconds, Stopping threads took: 0.0011720 seconds
82.107: Application time: 0.0387820 seconds
82.108: [GC [PSYoungGen: 49152K->4976K(49152K)] 102872K->58696K(160256K), 0.0015470 secs] [Times: user=0.01 sys=0.00, real=0.00 secs] 
82.110: Total time for which application threads were stopped: 0.0026030 seconds, Stopping threads took: 0.0009860 seconds
82.149: Application time: 0.0386430 seconds
82.151: [GC [PSYoungGen: 47472K->6624K(49152K)] 101192K->60352K(160256K), 0.0019550 secs] [Times: user=0.01 sys=0.00, real=0.00 secs] 
82.153: Total time for which application threads were stopped: 0.0045940 seconds, Stopping threads took: 0.0025650 seconds
82.192: Application time: 0.0384760 seconds
82.193: [GC [PSYoungGen: 49120K->6640K(49152K)] 102848K->61040K(160256K), 0.0021570 secs] [Times: user=0.02 sys=0.00, real=0.00 secs] 
82.195: Total time for which application threads were stopped: 0.0037240 seconds, Stopping threads took: 0.0014880 seconds
82.237: Application time: 0.0419240 seconds
82.240: [GC [PSYoungGen: 49136K->5664K(49152K)] 103536K->60072K(160256K), 0.0018090 secs] [Times: user=0.01 sys=0.00, real=0.00 secs] 
82.242: Total time for which application threads were stopped: 0.0049020 seconds, Stopping threads took: 0.0030190 seconds
82.283: Application time: 0.0408410 seconds
82.285: [GC [PSYoungGen: 48160K->4512K(49152K)] 102568K->58928K(160256K), 0.0014080 secs] [Times: user=0.01 sys=0.00, real=0.00 secs] 
82.286: Total time for which application threads were stopped: 0.0030380 seconds, Stopping threads took: 0.0015580 seconds
82.325: Application time: 0.0391580 seconds
82.327: [GC [PSYoungGen: 47008K->6368K(49152K)] 101424K->60792K(160256K), 0.0019010 secs] [Times: user=0.01 sys=0.01, real=0.00 secs] 
82.329: Total time for which application threads were stopped: 0.0034910 seconds, Stopping threads took: 0.0015130 seconds
82.367: Application time: 0.0385890 seconds
82.369: [GC [PSYoungGen: 48864K->6272K(49152K)] 103288K->60696K(160256K), 0.0019310 secs] [Times: user=0.01 sys=0.00, real=0.00 secs] 
82.371: Total time for which application threads were stopped: 0.0035600 seconds, Stopping threads took: 0.0015410 seconds
82.411: Application time: 0.0401730 seconds
82.413: [GC [PSYoungGen: 48768K->5760K(49152K)] 103192K->60184K(160256K), 0.0017640 secs] [Times: user=0.02 sys=0.00, real=0.00 secs] 
82.414: Total time for which application threads were stopped: 0.0032380 seconds, Stopping threads took: 0.0013970 seconds
82.454: Application time: 0.0399870 seconds
82.456: [GC [PSYoungGen: 48256K->6208K(49152K)] 102680K->60640K(160256K), 0.0018500 secs] [Times: user=0.01 sys=0.00, real=0.00 secs] 
82.458: Total time for which application threads were stopped: 0.0038630 seconds, Stopping threads took: 0.0019390 seconds
82.497: Application time: 0.0392370 seconds
82.499: [GC [PSYoungGen: 48704K->6432K(49152K)] 103136K->60864K(160256K), 0.0019720 secs] [Times: user=0.01 sys=0.00, real=0.00 secs] 
82.501: Total time for which application threads were stopped: 0.0034350 seconds, Stopping threads took: 0.0013800 seconds
82.539: Application time: 0.0384430 seconds
82.542: [GC [PSYoungGen: 48928K->6640K(49152K)] 103360K->61320K(160256K), 0.0020630 secs] [Times: user=0.02 sys=0.00, real=0.00 secs] 
82.544: Total time for which application threads were stopped: 0.0044280 seconds, Stopping threads took: 0.0022780 seconds
82.582: Application time: 0.0386280 seconds
82.584: [GC [PSYoungGen: 49136K->6656K(49152K)] 103816K->61864K(160256K), 0.0021610 secs] [Times: user=0.02 sys=0.00, real=0.00 secs] 
82.586: Total time for which application threads were stopped: 0.0039680 seconds, Stopping threads took: 0.0017270 seconds
82.625: Application time: 0.0387750 seconds
82.627: [GC [PSYoungGen: 49152K->6160K(49152K)] 104360K->61377K(160256K), 0.0018580 secs] [Times: user=0.02 sys=0.00, real=0.00 secs] 
82.628: Total time for which application threads were stopped: 0.0033380 seconds, Stopping threads took: 0.0014020 seconds
82.669: Application time: 0.0402340 seconds
82.671: [GC [PSYoungGen: 48656K->5648K(49152K)] 103873K->60865K(160256K), 0.0016930 secs] [Times: user=0.01 sys=0.00, real=0.00 secs] 
82.673: Total time for which application threads were stopped: 0.0038620 seconds, Stopping threads took: 0.0020920 seconds
82.712: Application time: 0.0391690 seconds
82.715: [GC [PSYoungGen: 48144K->6480K(49152K)] 103361K->61697K(160256K), 0.0019470 secs] [Times: user=0.01 sys=0.00, real=0.00 secs] 
82.717: Total time for which application threads were stopped: 0.0050960 seconds, Stopping threads took: 0.0030660 seconds
82.755: Application time: 0.0380570 seconds
82.758: [GC [PSYoungGen: 48976K->6624K(49152K)] 104193K->61857K(160256K), 0.0020220 secs] [Times: user=0.01 sys=0.00, real=0.01 secs] 
82.760: Total time for which application threads were stopped: 0.0047410 seconds, Stopping threads took: 0.0026380 seconds
82.802: Application time: 0.0423560 seconds
82.803: [GC [PSYoungGen: 49120K->5472K(49152K)] 104353K->60713K(160256K), 0.0017690 secs] [Times: user=0.01 sys=0.00, real=0.00 secs] 
82.805: Total time for which application threads were stopped: 0.0031320 seconds, Stopping threads took: 0.0012930 seconds
82.845: Application time: 0.0399300 seconds
82.846: [GC [PSYoungGen: 47968K->4944K(49152K)] 103209K->60193K(160256K), 0.0015700 secs] [Times: user=0.01 sys=0.00, real=0.01 secs] 
82.848: Total time for which application threads were stopped: 0.0026420 seconds, Stopping threads took: 0.0009990 seconds
82.887: Application time: 0.0396590 seconds
82.890: [GC [PSYoungGen: 47440K->6288K(49152K)] 102689K->61545K(160256K), 0.0018480 secs] [Times: user=0.01 sys=0.00, real=0.00 secs] 
82.892: Total time for which application threads were stopped: 0.0041630 seconds, Stopping threads took: 0.0022340 seconds
82.929: Application time: 0.0375860 seconds
82.931: [GC [PSYoungGen: 48784K->6656K(49152K)] 104041K->62857K(160256K), 0.0022100 secs] [Times: user=0.01 sys=0.00, real=0.00 secs] 
82.934: Total time for which application threads were stopped: 0.0043830 seconds, Stopping threads took: 0.0020900 seconds
82.972: Application time: 0.0383680 seconds
82.974: [GC [PSYoungGen: 49152K->6432K(49152K)] 105353K->62649K(160256K), 0.0019080 secs] [Times: user=0.01 sys=0.00, real=0.00 secs] 
82.976: Total time for which application threads were stopped: 0.0037160 seconds, Stopping threads took: 0.0017330 seconds
83.013: Application time: 0.0377790 seconds
83.015: [GC [PSYoungGen: 48928K->6640K(49152K)] 105145K->62889K(160256K), 0.0020720 secs] [Times: user=0.02 sys=0.00, real=0.00 secs] 
83.017: Total time for which application threads were stopped: 0.0035540 seconds, Stopping threads took: 0.0014060 seconds
83.055: Application time: 0.0379800 seconds
83.057: [GC [PSYoungGen: 49136K->5984K(49152K)] 105385K->62233K(160256K), 0.0018140 secs] [Times: user=0.01 sys=0.00, real=0.00 secs] 
83.058: Total time for which application threads were stopped: 0.0034660 seconds, Stopping threads took: 0.0015790 seconds
83.098: Application time: 0.0396660 seconds
83.100: [GC [PSYoungGen: 48480K->6656K(49152K)] 104729K->62953K(160256K), 0.0019950 secs] [Times: user=0.02 sys=0.00, real=0.00 secs] 
83.102: Total time for which application threads were stopped: 0.0041300 seconds, Stopping threads took: 0.0020580 seconds
83.140: Application time: 0.0378660 seconds
83.142: [GC [PSYoungGen: 49152K->6656K(49152K)] 105449K->63337K(160256K), 0.0021940 secs] [Times: user=0.01 sys=0.00, real=0.00 secs] 
83.145: Total time for which application threads were stopped: 0.0044750 seconds, Stopping threads took: 0.0022060 seconds
83.187: Application time: 0.0425950 seconds
83.188: [GC [PSYoungGen: 49152K->5456K(49152K)] 105833K->62137K(160256K), 0.0016880 secs] [Times: user=0.01 sys=0.00, real=0.00 secs] 
83.190: Total time for which application threads were stopped: 0.0027410 seconds, Stopping threads took: 0.0009930 seconds
83.230: Application time: 0.0400640 seconds
83.232: [GC [PSYoungGen: 47952K->6624K(49152K)] 104633K->63409K(160256K), 0.0020650 secs] [Times: user=0.02 sys=0.00, real=0.00 secs] 
83.234: Total time for which application threads were stopped: 0.0043770 seconds, Stopping threads took: 0.0022310 seconds
83.272: Application time: 0.0377280 seconds
83.275: [GC [PSYoungGen: 49120K->6624K(49152K)] 105905K->63417K(160256K), 0.0021130 secs] [Times: user=0.01 sys=0.00, real=0.00 secs] 
83.277: Total time for which application threads were stopped: 0.0049330 seconds, Stopping threads took: 0.0027370 seconds
83.316: Application time: 0.0390840 seconds
83.318: [GC [PSYoungGen: 49120K->6624K(49152K)] 105913K->63569K(160256K), 0.0020330 secs] [Times: user=0.02 sys=0.00, real=0.01 secs] 
83.320: Total time for which application threads were stopped: 0.0036740 seconds, Stopping threads took: 0.0015590 seconds
83.358: Application time: 0.0385040 seconds
83.360: [GC [PSYoungGen: 49120K->5728K(49152K)] 106065K->62681K(160256K), 0.0017270 secs] [Times: user=0.01 sys=0.01, real=0.00 secs] 
83.361: Total time for which application threads were stopped: 0.0030540 seconds, Stopping threads took: 0.0012530 seconds
83.400: Application time: 0.0390910 seconds
83.403: [GC [PSYoungGen: 48224K->6656K(49152K)] 105177K->63833K(160256K), 0.0021120 secs] [Times: user=0.02 sys=0.00, real=0.00 secs] 
83.405: Total time for which application threads were stopped: 0.0045330 seconds, Stopping threads took: 0.0023340 seconds
83.445: Application time: 0.0398580 seconds
83.447: [GC [PSYoungGen: 49152K->5744K(49152K)] 106329K->62921K(160256K), 0.0017370 secs] [Times: user=0.01 sys=0.00, real=0.00 secs] 
83.448: Total time for which application threads were stopped: 0.0036690 seconds, Stopping threads took: 0.0018530 seconds
83.491: Application time: 0.0425080 seconds
83.493: [GC [PSYoungGen: 48240K->5584K(49152K)] 105417K->62761K(160256K), 0.0017210 secs] [Times: user=0.01 sys=0.00, real=0.00 secs] 
83.495: Total time for which application threads were stopped: 0.0035970 seconds, Stopping threads took: 0.0017970 seconds
83.536: Application time: 0.0418010 seconds
83.539: [GC [PSYoungGen: 48080K->6096K(49152K)] 105257K->63289K(160256K), 0.0018220 secs] [Times: user=0.01 sys=0.00, real=0.01 secs] 
83.540: Total time for which application threads were stopped: 0.0039810 seconds, Stopping threads took: 0.0020790 seconds
83.582: Application time: 0.0413550 seconds
83.583: [GC [PSYoungGen: 48592K->6656K(49152K)] 105785K->63937K(160256K), 0.0021460 secs] [Times: user=0.01 sys=0.00, real=0.00 secs] 
83.586: Total time for which application threads were stopped: 0.0038170 seconds, Stopping threads took: 0.0015920 seconds
83.627: Application time: 0.0418110 seconds
83.630: [GC [PSYoungGen: 49152K->6640K(49152K)] 106433K->64841K(160256K), 0.0021730 secs] [Times: user=0.01 sys=0.00, real=0.00 secs] 
83.632: Total time for which application threads were stopped: 0.0050300 seconds, Stopping threads took: 0.0027730 seconds
83.674: Application time: 0.0413500 seconds
83.676: [GC [PSYoungGen: 49136K->4832K(49152K)] 107337K->63049K(160256K), 0.0015270 secs] [Times: user=0.01 sys=0.00, real=0.00 secs] 
83.678: Total time for which application threads were stopped: 0.0038770 seconds, Stopping threads took: 0.0022770 seconds
83.718: Application time: 0.0408420 seconds
83.721: [GC [PSYoungGen: 47328K->6640K(49152K)] 105545K->65353K(160256K), 0.0022280 secs] [Times: user=0.02 sys=0.00, real=0.00 secs] 
83.723: Total time for which application threads were stopped: 0.0049050 seconds, Stopping threads took: 0.0025930 seconds
83.765: Application time: 0.0420870 seconds
83.767: [GC [PSYoungGen: 49136K->5040K(49152K)] 107849K->63769K(160256K), 0.0015560 secs] [Times: user=0.01 sys=0.00, real=0.00 secs] 
83.769: Total time for which application threads were stopped: 0.0032090 seconds, Stopping threads took: 0.0015770 seconds
83.811: Application time: 0.0420710 seconds
83.813: [GC [PSYoungGen: 47536K->6336K(49152K)] 106265K->65065K(160256K), 0.0019680 secs] [Times: user=0.01 sys=0.00, real=0.00 secs] 
83.815: Total time for which application threads were stopped: 0.0042980 seconds, Stopping threads took: 0.0022530 seconds
83.854: Application time: 0.0390860 seconds
83.856: [GC [PSYoungGen: 48832K->6640K(49152K)] 107561K->65385K(160256K), 0.0019670 secs] [Times: user=0.01 sys=0.00, real=0.00 secs] 
83.859: Total time for which application threads were stopped: 0.0043540 seconds, Stopping threads took: 0.0023040 seconds
83.899: Application time: 0.0406840 seconds
83.902: [GC [PSYoungGen: 49136K->6144K(49152K)] 107881K->64889K(160256K), 0.0020050 secs] [Times: user=0.01 sys=0.00, real=0.00 secs] 
83.904: Total time for which application threads were stopped: 0.0047460 seconds, Stopping threads took: 0.0026400 seconds
83.946: Application time: 0.0417950 seconds
83.948: [GC [PSYoungGen: 48640K->5504K(49152K)] 107385K->64257K(160256K), 0.0016210 secs] [Times: user=0.01 sys=0.00, real=0.00 secs] 
83.949: Total time for which application threads were stopped: 0.0034650 seconds, Stopping threads took: 0.0017630 seconds
83.991: Application time: 0.0422650 seconds
83.994: [GC [PSYoungGen: 48000K->6656K(49152K)] 106753K->65505K(160256K), 0.0020960 secs] [Times: user=0.02 sys=0.00, real=0.00 secs] 
83.996: Total time for which application threads were stopped: 0.0044590 seconds, Stopping threads took: 0.0022800 seconds
84.037: Application time: 0.0412690 seconds
84.040: [GC [PSYoungGen: 49152K->6336K(49152K)] 108001K->65185K(160256K), 0.0019350 secs] [Times: user=0.01 sys=0.00, real=0.00 secs] 
84.042: Total time for which application threads were stopped: 0.0049860 seconds, Stopping threads took: 0.0029730 seconds
84.084: Application time: 0.0422580 seconds
84.086: [GC [PSYoungGen: 48832K->6368K(49152K)] 107681K->65225K(160256K), 0.0019070 secs] [Times: user=0.02 sys=0.00, real=0.01 secs] 
84.088: Total time for which application threads were stopped: 0.0034600 seconds, Stopping threads took: 0.0014760 seconds
84.130: Application time: 0.0421510 seconds
84.132: [GC [PSYoungGen: 48864K->6416K(49152K)] 107721K->65273K(160256K), 0.0019030 secs] [Times: user=0.02 sys=0.00, real=0.00 secs] 
84.134: Total time for which application threads were stopped: 0.0043600 seconds, Stopping threads took: 0.0023810 seconds
84.176: Application time: 0.0418840 seconds
84.179: [GC [PSYoungGen: 48912K->6272K(49152K)] 107769K->65137K(160256K), 0.0018700 secs] [Times: user=0.01 sys=0.00, real=0.00 secs] 
84.181: Total time for which application threads were stopped: 0.0042000 seconds, Stopping threads took: 0.0022550 seconds
84.219: Application time: 0.0383130 seconds
84.221: [GC [PSYoungGen: 48768K->6624K(49152K)] 107633K->65881K(160256K), 0.0021690 secs] [Times: user=0.01 sys=0.00, real=0.00 secs] 
84.223: Total time for which application threads were stopped: 0.0044920 seconds, Stopping threads took: 0.0022390 seconds
84.265: Application time: 0.0420870 seconds
84.268: [GC [PSYoungGen: 49120K->6272K(49152K)] 108377K->65537K(160256K), 0.0018150 secs] [Times: user=0.01 sys=0.00, real=0.00 secs] 
84.270: Total time for which application threads were stopped: 0.0041750 seconds, Stopping threads took: 0.0022850 seconds
84.313: Application time: 0.0436180 seconds
84.315: [GC [PSYoungGen: 48768K->5552K(49152K)] 108033K->64817K(160256K), 0.0016890 secs] [Times: user=0.02 sys=0.00, real=0.00 secs] 
84.317: Total time for which application threads were stopped: 0.0039700 seconds, Stopping threads took: 0.0022120 seconds
84.358: Application time: 0.0405560 seconds
84.359: [GC [PSYoungGen: 48048K->5888K(49152K)] 107313K->65161K(160256K), 0.0018950 secs] [Times: user=0.01 sys=0.00, real=0.00 secs] 
84.361: Total time for which application threads were stopped: 0.0033420 seconds, Stopping threads took: 0.0013610 seconds
84.404: Application time: 0.0426430 seconds
84.406: [GC [PSYoungGen: 48384K->6640K(49152K)] 107657K->65953K(160256K), 0.0019030 secs] [Times: user=0.01 sys=0.00, real=0.01 secs] 
84.408: Total time for which application threads were stopped: 0.0039430 seconds, Stopping threads took: 0.0019610 seconds
84.451: Application time: 0.0428770 seconds
84.453: [GC [PSYoungGen: 49136K->6624K(49152K)] 108449K->66705K(160256K), 0.0022400 secs] [Times: user=0.01 sys=0.00, real=0.00 secs] 
84.455: Total time for which application threads were stopped: 0.0048200 seconds, Stopping threads took: 0.0024850 seconds
84.497: Application time: 0.0420410 seconds
84.500: [GC [PSYoungGen: 49120K->5888K(49152K)] 109201K->65977K(160256K), 0.0019570 secs] [Times: user=0.01 sys=0.00, real=0.00 secs] 
84.502: Total time for which application threads were stopped: 0.0042280 seconds, Stopping threads took: 0.0021970 seconds
84.544: Application time: 0.0427920 seconds
84.546: [GC [PSYoungGen: 48384K->6192K(49152K)] 108473K->66281K(160256K), 0.0018560 secs] [Times: user=0.01 sys=0.00, real=0.01 secs] 
84.548: Total time for which application threads were stopped: 0.0036050 seconds, Stopping threads took: 0.0016710 seconds
84.591: Application time: 0.0431680 seconds
84.594: [GC [PSYoungGen: 48688K->6576K(49152K)] 108777K->66665K(160256K), 0.0018890 secs] [Times: user=0.01 sys=0.00, real=0.00 secs] 
84.596: Total time for which application threads were stopped: 0.0045360 seconds, Stopping threads took: 0.0025710 seconds
84.640: Application time: 0.0443260 seconds
84.642: [GC [PSYoungGen: 49072K->6640K(49152K)] 109161K->67481K(160256K), 0.0021710 secs] [Times: user=0.02 sys=0.00, real=0.00 secs] 
84.644: Total time for which application threads were stopped: 0.0036250 seconds, Stopping threads took: 0.0013790 seconds
84.686: Application time: 0.0423160 seconds
84.688: [GC [PSYoungGen: 49136K->5744K(49152K)] 109977K->66601K(160256K), 0.0017920 secs] [Times: user=0.02 sys=0.00, real=0.00 secs] 
84.690: Total time for which application threads were stopped: 0.0038270 seconds, Stopping threads took: 0.0019650 seconds
84.735: Application time: 0.0452920 seconds
84.737: [GC [PSYoungGen: 48240K->3824K(49152K)] 109097K->64697K(160256K), 0.0012870 secs] [Times: user=0.01 sys=0.00, real=0.00 secs] 
84.738: Total time for which application threads were stopped: 0.0031170 seconds, Stopping threads took: 0.0017660 seconds
84.781: Application time: 0.0431340 seconds
84.784: [GC [PSYoungGen: 46320K->6592K(49152K)] 107193K->67465K(160256K), 0.0019950 secs] [Times: user=0.01 sys=0.00, real=0.00 secs] 
84.786: Total time for which application threads were stopped: 0.0042490 seconds, Stopping threads took: 0.0021770 seconds
84.828: Application time: 0.0424960 seconds
84.831: [GC [PSYoungGen: 49088K->6624K(49152K)] 109961K->67601K(160256K), 0.0021270 secs] [Times: user=0.02 sys=0.00, real=0.00 secs] 
84.833: Total time for which application threads were stopped: 0.0052380 seconds, Stopping threads took: 0.0030350 seconds
84.874: Application time: 0.0402930 seconds
84.877: [GC [PSYoungGen: 49120K->6656K(49152K)] 110097K->68185K(160256K), 0.0021780 secs] [Times: user=0.01 sys=0.00, real=0.01 secs] 
84.879: Total time for which application threads were stopped: 0.0053090 seconds, Stopping threads took: 0.0030500 seconds
84.918: Application time: 0.0392590 seconds
84.919: [GC [PSYoungGen: 49150K->6640K(49152K)] 110680K->68441K(160256K), 0.0020550 secs] [Times: user=0.02 sys=0.00, real=0.00 secs] 
84.922: Total time for which application threads were stopped: 0.0032570 seconds, Stopping threads took: 0.0011210 seconds
84.963: Application time: 0.0412820 seconds
84.965: [GC [PSYoungGen: 49136K->6528K(49152K)] 110937K->68329K(160256K), 0.0020350 secs] [Times: user=0.01 sys=0.00, real=0.01 secs] 
84.967: Total time for which application threads were stopped: 0.0040110 seconds, Stopping threads took: 0.0018850 seconds
85.008: Application time: 0.0413410 seconds
85.009: [GC [PSYoungGen: 49024K->5584K(49152K)] 110825K->67393K(160256K), 0.0018310 secs] [Times: user=0.01 sys=0.00, real=0.00 secs] 
85.011: Total time for which application threads were stopped: 0.0030240 seconds, Stopping threads took: 0.0011170 seconds
85.055: Application time: 0.0434790 seconds
85.057: [GC [PSYoungGen: 48080K->6496K(49152K)] 109889K->68313K(160256K), 0.0019510 secs] [Times: user=0.01 sys=0.00, real=0.01 secs] 
85.059: Total time for which application threads were stopped: 0.0041590 seconds, Stopping threads took: 0.0021240 seconds
85.102: Application time: 0.0427270 seconds
85.105: [GC [PSYoungGen: 48992K->6352K(49152K)] 110809K->68177K(160256K), 0.0018920 secs] [Times: user=0.01 sys=0.00, real=0.01 secs] 
85.107: Total time for which application threads were stopped: 0.0050960 seconds, Stopping threads took: 0.0031220 seconds
85.147: Application time: 0.0405710 seconds
85.149: [GC [PSYoungGen: 48848K->6608K(49152K)] 110673K->68433K(160256K), 0.0020720 secs] [Times: user=0.02 sys=0.00, real=0.00 secs] 
85.151: Total time for which application threads were stopped: 0.0042030 seconds, Stopping threads took: 0.0020540 seconds
85.193: Application time: 0.0416800 seconds
85.195: [GC [PSYoungGen: 49104K->5520K(49152K)] 110929K->67353K(160256K), 0.0017320 secs] [Times: user=0.01 sys=0.00, real=0.00 secs] 
85.197: Total time for which application threads were stopped: 0.0038650 seconds, Stopping threads took: 0.0020570 seconds
85.238: Application time: 0.0405260 seconds
85.239: [GC [PSYoungGen: 48016K->6112K(49152K)] 109849K->67953K(160256K), 0.0018490 secs] [Times: user=0.01 sys=0.00, real=0.00 secs] 
85.241: Total time for which application threads were stopped: 0.0034490 seconds, Stopping threads took: 0.0015230 seconds
85.284: Application time: 0.0432210 seconds
85.286: [GC [PSYoungGen: 48608K->6656K(49152K)] 110449K->69809K(160256K), 0.0024010 secs] [Times: user=0.02 sys=0.00, real=0.01 secs] 
85.288: Total time for which application threads were stopped: 0.0039840 seconds, Stopping threads took: 0.0015010 seconds
85.330: Application time: 0.0416620 seconds
85.331: [GC [PSYoungGen: 49152K->5984K(49152K)] 112305K->69145K(160256K), 0.0018230 secs] [Times: user=0.02 sys=0.00, real=0.00 secs] 
85.333: Total time for which application threads were stopped: 0.0034360 seconds, Stopping threads took: 0.0015350 seconds
85.375: Application time: 0.0414560 seconds
85.377: [GC [PSYoungGen: 48480K->4768K(49152K)] 111641K->67937K(160256K), 0.0015050 secs] [Times: user=0.01 sys=0.00, real=0.01 secs] 
85.379: Total time for which application threads were stopped: 0.0039010 seconds, Stopping threads took: 0.0023140 seconds
85.419: Application time: 0.0405470 seconds
85.421: [GC [PSYoungGen: 47264K->6656K(49152K)] 110433K->70529K(160256K), 0.0022320 secs] [Times: user=0.02 sys=0.00, real=0.00 secs] 
85.423: Total time for which application threads were stopped: 0.0038460 seconds, Stopping threads took: 0.0015250 seconds
85.462: Application time: 0.0390350 seconds
85.464: [GC [PSYoungGen: 49152K->6656K(49152K)] 113025K->70961K(160256K), 0.0022290 secs] [Times: user=0.01 sys=0.00, real=0.00 secs] 
85.466: Total time for which application threads were stopped: 0.0038250 seconds, Stopping threads took: 0.0015120 seconds
85.507: Application time: 0.0407690 seconds
85.510: [GC [PSYoungGen: 49152K->6416K(49152K)] 113457K->70721K(160256K), 0.0018320 secs] [Times: user=0.02 sys=0.00, real=0.00 secs] 
85.511: Total time for which application threads were stopped: 0.0047040 seconds, Stopping threads took: 0.0027900 seconds
85.556: Application time: 0.0443100 seconds
85.558: [GC [PSYoungGen: 48911K->5872K(49152K)] 113217K->70177K(160256K), 0.0017380 secs] [Times: user=0.02 sys=0.00, real=0.01 secs] 
85.560: Total time for which application threads were stopped: 0.0043060 seconds, Stopping threads took: 0.0024970 seconds
85.602: Application time: 0.0417200 seconds
85.603: [GC [PSYoungGen: 48368K->6464K(49152K)] 112673K->70777K(160256K), 0.0019730 secs] [Times: user=0.01 sys=0.00, real=0.00 secs] 
85.605: Total time for which application threads were stopped: 0.0037170 seconds, Stopping threads took: 0.0016560 seconds
85.646: Application time: 0.0404670 seconds
85.648: [GC [PSYoungGen: 48960K->6640K(49152K)] 113273K->71041K(160256K), 0.0020220 secs] [Times: user=0.01 sys=0.00, real=0.00 secs] 
85.651: Total time for which application threads were stopped: 0.0045640 seconds, Stopping threads took: 0.0024620 seconds
85.692: Application time: 0.0419020 seconds
85.695: [GC [PSYoungGen: 49136K->6320K(49152K)] 113537K->70721K(160256K), 0.0020410 secs] [Times: user=0.01 sys=0.00, real=0.00 secs] 
85.697: Total time for which application threads were stopped: 0.0044740 seconds, Stopping threads took: 0.0023550 seconds
85.737: Application time: 0.0400570 seconds
85.739: [GC [PSYoungGen: 48816K->6624K(49152K)] 113217K->72149K(160256K), 0.0023450 secs] [Times: user=0.02 sys=0.00, real=0.00 secs] 
85.742: Total time for which application threads were stopped: 0.0049060 seconds, Stopping threads took: 0.0024740 seconds
85.785: Application time: 0.0433140 seconds
85.786: [GC [PSYoungGen: 49120K->6592K(49152K)] 114645K->72117K(160256K), 0.0020230 secs] [Times: user=0.01 sys=0.00, real=0.01 secs] 
85.788: Total time for which application threads were stopped: 0.0031630 seconds, Stopping threads took: 0.0010670 seconds
85.829: Application time: 0.0405220 seconds
85.832: [GC [PSYoungGen: 49088K->6448K(49152K)] 114613K->71981K(160256K), 0.0020620 secs] [Times: user=0.01 sys=0.00, real=0.00 secs] 
85.834: Total time for which application threads were stopped: 0.0050650 seconds, Stopping threads took: 0.0029160 seconds
85.874: Application time: 0.0399050 seconds
85.877: [GC [PSYoungGen: 48943K->6656K(49152K)] 114476K->72637K(160256K), 0.0021890 secs] [Times: user=0.01 sys=0.01, real=0.01 secs] 
85.879: Total time for which application threads were stopped: 0.0050370 seconds, Stopping threads took: 0.0027400 seconds
85.920: Application time: 0.0407560 seconds
85.921: [GC [PSYoungGen: 49152K->6656K(49152K)] 115133K->73493K(160256K), 0.0023060 secs] [Times: user=0.01 sys=0.00, real=0.00 secs] 
85.924: Total time for which application threads were stopped: 0.0040150 seconds, Stopping threads took: 0.0016280 seconds
85.964: Application time: 0.0404250 seconds
85.966: [GC [PSYoungGen: 49152K->5936K(49152K)] 115989K->72773K(160256K), 0.0018850 secs] [Times: user=0.01 sys=0.00, real=0.01 secs] 
85.968: Total time for which application threads were stopped: 0.0039890 seconds, Stopping threads took: 0.0020230 seconds
86.009: Application time: 0.0413300 seconds
86.011: [GC [PSYoungGen: 48432K->6144K(49152K)] 115269K->72981K(160256K), 0.0019010 secs] [Times: user=0.01 sys=0.00, real=0.00 secs] 
86.013: Total time for which application threads were stopped: 0.0038460 seconds, Stopping threads took: 0.0018490 seconds
86.055: Application time: 0.0416790 seconds
86.058: [GC [PSYoungGen: 48640K->6432K(49152K)] 115477K->73277K(160256K), 0.0019110 secs] [Times: user=0.01 sys=0.00, real=0.01 secs] 
86.060: Total time for which application threads were stopped: 0.0046790 seconds, Stopping threads took: 0.0026890 seconds
86.101: Application time: 0.0416320 seconds
86.103: [GC [PSYoungGen: 48928K->5312K(49152K)] 115773K->72157K(160256K), 0.0017000 secs] [Times: user=0.01 sys=0.00, real=0.00 secs] 
86.105: Total time for which application threads were stopped: 0.0039880 seconds, Stopping threads took: 0.0022130 seconds
86.148: Application time: 0.0432200 seconds
86.150: [GC [PSYoungGen: 47808K->5216K(49152K)] 114653K->72069K(160256K), 0.0016540 secs] [Times: user=0.01 sys=0.00, real=0.00 secs] 
86.152: Total time for which application threads were stopped: 0.0030920 seconds, Stopping threads took: 0.0013670 seconds
86.191: Application time: 0.0395080 seconds
86.193: [GC [PSYoungGen: 47712K->6656K(49152K)] 114565K->74853K(160256K), 0.0024080 secs] [Times: user=0.02 sys=0.00, real=0.00 secs] 
86.195: Total time for which application threads were stopped: 0.0042980 seconds, Stopping threads took: 0.0018060 seconds
86.237: Application time: 0.0413500 seconds
86.239: [GC [PSYoungGen: 49152K->4400K(49152K)] 117349K->72597K(160256K), 0.0014510 secs] [Times: user=0.01 sys=0.00, real=0.00 secs] 
86.241: Total time for which application threads were stopped: 0.0038740 seconds, Stopping threads took: 0.0023540 seconds
86.282: Application time: 0.0416480 seconds
86.284: [GC [PSYoungGen: 46896K->6656K(49152K)] 115093K->74853K(160256K), 0.0020530 secs] [Times: user=0.01 sys=0.00, real=0.00 secs] 
86.286: Total time for which application threads were stopped: 0.0036310 seconds, Stopping threads took: 0.0015020 seconds
86.326: Application time: 0.0398560 seconds
86.327: [GC [PSYoungGen: 49152K->6576K(49152K)] 117349K->74781K(160256K), 0.0019610 secs] [Times: user=0.02 sys=0.00, real=0.00 secs] 
86.329: Total time for which application threads were stopped: 0.0034570 seconds, Stopping threads took: 0.0014140 seconds
86.372: Application time: 0.0427480 seconds
86.375: [GC [PSYoungGen: 49072K->5888K(49152K)] 117277K->74101K(160256K), 0.0019760 secs] [Times: user=0.01 sys=0.00, real=0.00 secs] 
86.377: Total time for which application threads were stopped: 0.0047290 seconds, Stopping threads took: 0.0026730 seconds
86.418: Application time: 0.0411170 seconds
86.421: [GC [PSYoungGen: 48384K->6640K(49152K)] 116597K->74869K(160256K), 0.0019940 secs] [Times: user=0.01 sys=0.00, real=0.00 secs] 
86.423: Total time for which application threads were stopped: 0.0049790 seconds, Stopping threads took: 0.0029040 seconds
86.464: Application time: 0.0409880 seconds
86.467: [GC [PSYoungGen: 49136K->6640K(49152K)] 117365K->76109K(160256K), 0.0024210 secs] [Times: user=0.02 sys=0.01, real=0.00 secs] 
86.469: Total time for which application threads were stopped: 0.0054430 seconds, Stopping threads took: 0.0029390 seconds
86.511: Application time: 0.0419490 seconds
86.514: [GC [PSYoungGen: 49136K->5728K(49152K)] 118605K->75197K(160256K), 0.0016910 secs] [Times: user=0.01 sys=0.00, real=0.00 secs] 
86.516: Total time for which application threads were stopped: 0.0049410 seconds, Stopping threads took: 0.0031700 seconds
86.559: Application time: 0.0424510 seconds
86.561: [GC [PSYoungGen: 48223K->6528K(49152K)] 117693K->75997K(160256K), 0.0019520 secs] [Times: user=0.02 sys=0.00, real=0.00 secs] 
86.563: Total time for which application threads were stopped: 0.0040810 seconds, Stopping threads took: 0.0020470 seconds
86.603: Application time: 0.0407510 seconds
86.606: [GC [PSYoungGen: 49024K->6400K(49152K)] 118493K->75877K(160256K), 0.0020430 secs] [Times: user=0.02 sys=0.00, real=0.01 secs] 
86.608: Total time for which application threads were stopped: 0.0048740 seconds, Stopping threads took: 0.0027500 seconds
86.649: Application time: 0.0406510 seconds
86.651: [GC [PSYoungGen: 48896K->6656K(49152K)] 118373K->76709K(160256K), 0.0021380 secs] [Times: user=0.02 sys=0.00, real=0.00 secs] 
86.653: Total time for which application threads were stopped: 0.0038930 seconds, Stopping threads took: 0.0016740 seconds
86.693: Application time: 0.0401570 seconds
86.696: [GC [PSYoungGen: 49152K->6640K(49152K)] 119205K->76990K(160256K), 0.0020970 secs] [Times: user=0.02 sys=0.00, real=0.00 secs] 
86.698: Total time for which application threads were stopped: 0.0050970 seconds, Stopping threads took: 0.0029160 seconds
86.740: Application time: 0.0419550 seconds
86.743: [GC [PSYoungGen: 49136K->5888K(49152K)] 119486K->76245K(160256K), 0.0018000 secs] [Times: user=0.01 sys=0.00, real=0.00 secs] 
86.745: Total time for which application threads were stopped: 0.0047910 seconds, Stopping threads took: 0.0029090 seconds
86.789: Application time: 0.0437020 seconds
86.790: [GC [PSYoungGen: 48384K->4864K(49152K)] 118741K->75222K(160256K), 0.0016100 secs] [Times: user=0.01 sys=0.00, real=0.00 secs] 
86.792: Total time for which application threads were stopped: 0.0035210 seconds, Stopping threads took: 0.0018440 seconds
86.837: Application time: 0.0453440 seconds
86.840: [GC [PSYoungGen: 47360K->5776K(49152K)] 117718K->76133K(160256K), 0.0017690 secs] [Times: user=0.01 sys=0.00, real=0.00 secs] 
86.842: Total time for which application threads were stopped: 0.0046300 seconds, Stopping threads took: 0.0027740 seconds
86.884: Application time: 0.0421970 seconds
86.886: [GC [PSYoungGen: 48272K->6224K(49152K)] 118629K->76589K(160256K), 0.0019680 secs] [Times: user=0.01 sys=0.00, real=0.01 secs] 
86.888: Total time for which application threads were stopped: 0.0036590 seconds, Stopping threads took: 0.0016140 seconds
86.928: Application time: 0.0398840 seconds
86.930: [GC [PSYoungGen: 48720K->6656K(49152K)] 119085K->78006K(160256K), 0.0023760 secs] [Times: user=0.02 sys=0.00, real=0.00 secs] 
86.933: Total time for which application threads were stopped: 0.0048120 seconds, Stopping threads took: 0.0023470 seconds
86.975: Application time: 0.0419720 seconds
86.976: [GC [PSYoungGen: 49152K->6624K(49152K)] 120502K->77974K(160256K), 0.0020110 secs] [Times: user=0.02 sys=0.00, real=0.00 secs] 
86.978: Total time for which application threads were stopped: 0.0035690 seconds, Stopping threads took: 0.0014770 seconds
87.023: Application time: 0.0446100 seconds
87.024: [GC [PSYoungGen: 49120K->6640K(49152K)] 120470K->78926K(160256K), 0.0022660 secs] [Times: user=0.01 sys=0.00, real=0.01 secs] 
87.027: Total time for which application threads were stopped: 0.0038150 seconds, Stopping threads took: 0.0014480 seconds
87.067: Application time: 0.0401200 seconds
87.069: [GC [PSYoungGen: 49134K->6464K(49152K)] 121420K->78750K(160256K), 0.0019670 secs] [Times: user=0.01 sys=0.00, real=0.00 secs] 
87.071: Total time for which application threads were stopped: 0.0045940 seconds, Stopping threads took: 0.0025500 seconds
87.116: Application time: 0.0445960 seconds
87.118: [GC [PSYoungGen: 48960K->5344K(49152K)] 121246K->77630K(160256K), 0.0015720 secs] [Times: user=0.01 sys=0.00, real=0.01 secs] 
87.120: Total time for which application threads were stopped: 0.0039650 seconds, Stopping threads took: 0.0023190 seconds
87.159: Application time: 0.0387270 seconds
87.160: [GC [PSYoungGen: 47840K->6624K(49152K)] 120126K->79254K(160256K), 0.0020330 secs] [Times: user=0.02 sys=0.00, real=0.00 secs] 
87.163: Total time for which application threads were stopped: 0.0039530 seconds, Stopping threads took: 0.0018320 seconds
87.205: Application time: 0.0429290 seconds
87.207: [GC [PSYoungGen: 49120K->5488K(49152K)] 121750K->78118K(160256K), 0.0017540 secs] [Times: user=0.01 sys=0.01, real=0.00 secs] 
87.209: Total time for which application threads were stopped: 0.0036030 seconds, Stopping threads took: 0.0017570 seconds
87.251: Application time: 0.0422490 seconds
87.253: [GC [PSYoungGen: 47984K->6656K(49152K)] 120614K->79430K(160256K), 0.0023860 secs] [Times: user=0.02 sys=0.00, real=0.00 secs] 
87.256: Total time for which application threads were stopped: 0.0041820 seconds, Stopping threads took: 0.0017060 seconds
87.295: Application time: 0.0395350 seconds
87.298: [GC [PSYoungGen: 49152K->6640K(49152K)] 121926K->79854K(160256K), 0.0024940 secs] [Times: user=0.02 sys=0.00, real=0.01 secs] 
87.301: Total time for which application threads were stopped: 0.0055630 seconds, Stopping threads took: 0.0029870 seconds
87.339: Application time: 0.0385400 seconds
87.341: [GC [PSYoungGen: 49136K->6624K(49152K)] 122350K->80750K(160256K), 0.0024400 secs] [Times: user=0.02 sys=0.00, real=0.00 secs] 
87.344: Total time for which application threads were stopped: 0.0045300 seconds, Stopping threads took: 0.0019850 seconds
87.384: Application time: 0.0402950 seconds
87.387: [GC [PSYoungGen: 49120K->5696K(49152K)] 123246K->79822K(160256K), 0.0020520 secs] [Times: user=0.01 sys=0.00, real=0.00 secs] 
87.389: Total time for which application threads were stopped: 0.0047710 seconds, Stopping threads took: 0.0026180 seconds
87.429: Application time: 0.0404860 seconds
87.432: [GC [PSYoungGen: 48192K->6656K(49152K)] 122318K->81498K(160256K), 0.0023450 secs] [Times: user=0.02 sys=0.00, real=0.00 secs] 
87.434: Total time for which application threads were stopped: 0.0049450 seconds, Stopping threads took: 0.0024950 seconds
87.472: Application time: 0.0380490 seconds
87.474: [GC [PSYoungGen: 49152K->6304K(49152K)] 123994K->81154K(160256K), 0.0019560 secs] [Times: user=0.02 sys=0.00, real=0.00 secs] 
87.476: Total time for which application threads were stopped: 0.0039280 seconds, Stopping threads took: 0.0018920 seconds
87.514: Application time: 0.0376910 seconds
87.516: [GC [PSYoungGen: 48800K->6656K(49152K)] 123650K->82066K(160256K), 0.0022210 secs] [Times: user=0.02 sys=0.00, real=0.00 secs] 
87.518: Total time for which application threads were stopped: 0.0043860 seconds, Stopping threads took: 0.0020860 seconds
87.557: Application time: 0.0389300 seconds
87.559: [GC [PSYoungGen: 49152K->6416K(49152K)] 124562K->81834K(160256K), 0.0019100 secs] [Times: user=0.02 sys=0.00, real=0.00 secs] 
87.561: Total time for which application threads were stopped: 0.0035520 seconds, Stopping threads took: 0.0015580 seconds
87.600: Application time: 0.0394660 seconds
87.602: [GC [PSYoungGen: 48912K->5728K(49152K)] 124330K->81154K(160256K), 0.0017620 secs] [Times: user=0.01 sys=0.00, real=0.00 secs] 
87.604: Total time for which application threads were stopped: 0.0034520 seconds, Stopping threads took: 0.0016180 seconds
87.644: Application time: 0.0406440 seconds
87.647: [GC [PSYoungGen: 48224K->6656K(49152K)] 123650K->82578K(160256K), 0.0021970 secs] [Times: user=0.02 sys=0.00, real=0.00 secs] 
87.649: Total time for which application threads were stopped: 0.0051570 seconds, Stopping threads took: 0.0028830 seconds
87.689: Application time: 0.0398490 seconds
87.691: [GC [PSYoungGen: 49152K->6656K(49152K)] 125074K->82738K(160256K), 0.0021320 secs] [Times: user=0.02 sys=0.00, real=0.00 secs] 
87.694: Total time for which application threads were stopped: 0.0041940 seconds, Stopping threads took: 0.0019830 seconds
87.734: Application time: 0.0405490 seconds
87.737: [GC [PSYoungGen: 49152K->6640K(49152K)] 125234K->82970K(160256K), 0.0021160 secs] [Times: user=0.01 sys=0.01, real=0.01 secs] 
87.739: Total time for which application threads were stopped: 0.0046380 seconds, Stopping threads took: 0.0024460 seconds
87.778: Application time: 0.0396450 seconds
87.781: [GC [PSYoungGen: 49136K->6640K(49152K)] 125466K->83138K(160256K), 0.0020910 secs] [Times: user=0.02 sys=0.00, real=0.00 secs] 
87.783: Total time for which application threads were stopped: 0.0045170 seconds, Stopping threads took: 0.0023490 seconds
87.820: Application time: 0.0371550 seconds
87.823: [GC [PSYoungGen: 49136K->6640K(49152K)] 125634K->84186K(160256K), 0.0022750 secs] [Times: user=0.01 sys=0.00, real=0.00 secs] 
87.825: Total time for which application threads were stopped: 0.0050360 seconds, Stopping threads took: 0.0026760 seconds
87.865: Application time: 0.0395870 seconds
87.867: [GC [PSYoungGen: 49136K->6624K(49152K)] 126682K->85026K(160256K), 0.0022080 secs] [Times: user=0.02 sys=0.00, real=0.00 secs] 
87.869: Total time for which application threads were stopped: 0.0047430 seconds, Stopping threads took: 0.0024570 seconds
87.910: Application time: 0.0402860 seconds
87.911: [GC [PSYoungGen: 49120K->6464K(49152K)] 127522K->84866K(160256K), 0.0019200 secs] [Times: user=0.01 sys=0.00, real=0.00 secs] 
87.913: Total time for which application threads were stopped: 0.0035940 seconds, Stopping threads took: 0.0016020 seconds
87.951: Application time: 0.0377200 seconds
87.952: [GC [PSYoungGen: 48960K->6336K(49152K)] 127362K->84738K(160256K), 0.0020130 secs] [Times: user=0.01 sys=0.00, real=0.00 secs] 
87.954: Total time for which application threads were stopped: 0.0029360 seconds, Stopping threads took: 0.0008470 seconds
87.992: Application time: 0.0381860 seconds
87.994: [GC [PSYoungGen: 48832K->6064K(49152K)] 127234K->84474K(160256K), 0.0018260 secs] [Times: user=0.01 sys=0.00, real=0.00 secs] 
87.996: Total time for which application threads were stopped: 0.0033860 seconds, Stopping threads took: 0.0014840 seconds
88.035: Application time: 0.0395360 seconds
88.038: [GC [PSYoungGen: 48560K->6512K(49152K)] 126970K->84922K(160256K), 0.0019890 secs] [Times: user=0.01 sys=0.00, real=0.01 secs] 
88.040: Total time for which application threads were stopped: 0.0048490 seconds, Stopping threads took: 0.0027890 seconds
88.084: Application time: 0.0443370 seconds
88.086: [GC [PSYoungGen: 49008K->3712K(49152K)] 127418K->82138K(160256K), 0.0013850 secs] [Times: user=0.01 sys=0.00, real=0.01 secs] 
88.087: Total time for which application threads were stopped: 0.0029650 seconds, Stopping threads took: 0.0015010 seconds
88.126: Application time: 0.0384050 seconds
88.128: [GC [PSYoungGen: 46208K->6576K(49152K)] 124634K->85018K(160256K), 0.0019690 secs] [Times: user=0.01 sys=0.00, real=0.00 secs] 
88.130: Total time for which application threads were stopped: 0.0044520 seconds, Stopping threads took: 0.0024010 seconds
88.169: Application time: 0.0388180 seconds
88.172: [GC [PSYoungGen: 49072K->6320K(49152K)] 127514K->84762K(160256K), 0.0020800 secs] [Times: user=0.01 sys=0.00, real=0.00 secs] 
88.174: Total time for which application threads were stopped: 0.0051830 seconds, Stopping threads took: 0.0030190 seconds
88.213: Application time: 0.0388120 seconds
88.214: [GC [PSYoungGen: 48816K->5984K(49152K)] 127258K->84426K(160256K), 0.0018480 secs] [Times: user=0.01 sys=0.00, real=0.00 secs] 
88.216: Total time for which application threads were stopped: 0.0034170 seconds, Stopping threads took: 0.0014900 seconds
88.255: Application time: 0.0388230 seconds
88.257: [GC [PSYoungGen: 48480K->6640K(49152K)] 126922K->86186K(160256K), 0.0022960 secs] [Times: user=0.02 sys=0.00, real=0.01 secs] 
88.260: Total time for which application threads were stopped: 0.0044130 seconds, Stopping threads took: 0.0020390 seconds
88.299: Application time: 0.0396630 seconds
88.300: [GC [PSYoungGen: 49136K->6640K(49152K)] 128682K->86202K(160256K), 0.0020170 secs] [Times: user=0.01 sys=0.00, real=0.00 secs] 
88.302: Total time for which application threads were stopped: 0.0031960 seconds, Stopping threads took: 0.0011030 seconds
88.341: Application time: 0.0388930 seconds
88.343: [GC [PSYoungGen: 49136K->6656K(49152K)] 128698K->87186K(160256K), 0.0022030 secs] [Times: user=0.02 sys=0.00, real=0.00 secs] 
88.346: Total time for which application threads were stopped: 0.0042100 seconds, Stopping threads took: 0.0019290 seconds
88.383: Application time: 0.0376560 seconds
88.385: [GC [PSYoungGen: 49152K->6640K(49152K)] 129682K->87822K(160256K), 0.0022360 secs] [Times: user=0.02 sys=0.00, real=0.01 secs] 
88.387: Total time for which application threads were stopped: 0.0037320 seconds, Stopping threads took: 0.0014120 seconds
88.426: Application time: 0.0392790 seconds
88.428: [GC [PSYoungGen: 49136K->6480K(49152K)] 130318K->87662K(160256K), 0.0019690 secs] [Times: user=0.01 sys=0.00, real=0.00 secs] 
88.430: Total time for which application threads were stopped: 0.0041260 seconds, Stopping threads took: 0.0020770 seconds
88.470: Application time: 0.0397720 seconds
88.473: [GC [PSYoungGen: 48976K->6240K(49152K)] 130158K->87438K(160256K), 0.0019150 secs] [Times: user=0.01 sys=0.00, real=0.00 secs] 
88.475: Total time for which application threads were stopped: 0.0046440 seconds, Stopping threads took: 0.0026540 seconds
88.515: Application time: 0.0403810 seconds
88.516: [GC [PSYoungGen: 48736K->5024K(49152K)] 129934K->86238K(160256K), 0.0016830 secs] [Times: user=0.01 sys=0.00, real=0.00 secs] 
88.518: Total time for which application threads were stopped: 0.0029080 seconds, Stopping threads took: 0.0011540 seconds
88.561: Application time: 0.0425000 seconds
88.562: [GC [PSYoungGen: 47520K->5088K(49152K)] 128734K->86302K(160256K), 0.0015870 secs] [Times: user=0.01 sys=0.00, real=0.00 secs] 
88.564: Total time for which application threads were stopped: 0.0032630 seconds, Stopping threads took: 0.0016100 seconds
88.603: Application time: 0.0394190 seconds
88.605: [GC [PSYoungGen: 47584K->6480K(49152K)] 128798K->87694K(160256K), 0.0020010 secs] [Times: user=0.01 sys=0.00, real=0.01 secs] 
88.607: Total time for which application threads were stopped: 0.0034300 seconds, Stopping threads took: 0.0013420 seconds
88.645: Application time: 0.0381780 seconds
88.647: [GC [PSYoungGen: 48975K->5904K(49152K)] 130190K->87126K(160256K), 0.0017950 secs] [Times: user=0.02 sys=0.00, real=0.00 secs] 
88.649: Total time for which application threads were stopped: 0.0039720 seconds, Stopping threads took: 0.0020900 seconds
88.686: Application time: 0.0375820 seconds
88.689: [GC [PSYoungGen: 48400K->6656K(49152K)] 129622K->87918K(160256K), 0.0019640 secs] [Times: user=0.01 sys=0.00, real=0.00 secs] 
88.691: Total time for which application threads were stopped: 0.0043640 seconds, Stopping threads took: 0.0023260 seconds
88.730: Application time: 0.0387830 seconds
88.732: [GC [PSYoungGen: 49152K->6624K(49152K)] 130414K->88566K(160256K), 0.0022100 secs] [Times: user=0.01 sys=0.00, real=0.00 secs] 
88.734: Total time for which application threads were stopped: 0.0042950 seconds, Stopping threads took: 0.0020060 seconds
88.771: Application time: 0.0375180 seconds
88.773: [GC [PSYoungGen: 49120K->6640K(49152K)] 131062K->88966K(160256K), 0.0021840 secs] [Times: user=0.01 sys=0.00, real=0.00 secs] 
88.776: Total time for which application threads were stopped: 0.0041580 seconds, Stopping threads took: 0.0018960 seconds
88.814: Application time: 0.0384310 seconds
88.817: [GC [PSYoungGen: 49136K->6624K(49152K)] 131462K->89206K(160256K), 0.0020470 secs] [Times: user=0.01 sys=0.00, real=0.01 secs] 
88.819: Total time for which application threads were stopped: 0.0048660 seconds, Stopping threads took: 0.0027370 seconds
88.858: Application time: 0.0391730 seconds
88.860: [GC [PSYoungGen: 49120K->5456K(49152K)] 131702K->88054K(160256K), 0.0016710 secs] [Times: user=0.01 sys=0.00, real=0.00 secs] 
88.861: Total time for which application threads were stopped: 0.0034430 seconds, Stopping threads took: 0.0016980 seconds
88.900: Application time: 0.0381800 seconds
88.902: [GC [PSYoungGen: 47952K->6624K(49152K)] 130550K->89718K(160256K), 0.0021740 secs] [Times: user=0.01 sys=0.00, real=0.00 secs] 
88.904: Total time for which application threads were stopped: 0.0041840 seconds, Stopping threads took: 0.0019270 seconds
88.941: Application time: 0.0371530 seconds
88.943: [GC [PSYoungGen: 49120K->6656K(49152K)] 132214K->90534K(160256K), 0.0021490 secs] [Times: user=0.02 sys=0.00, real=0.00 secs] 
88.945: Total time for which application threads were stopped: 0.0040790 seconds, Stopping threads took: 0.0018470 seconds
88.983: Application time: 0.0375730 seconds
88.984: [GC [PSYoungGen: 49152K->6656K(49152K)] 133030K->91094K(160256K), 0.0022030 secs] [Times: user=0.02 sys=0.00, real=0.00 secs] 
88.986: Total time for which application threads were stopped: 0.0036950 seconds, Stopping threads took: 0.0014100 seconds
89.025: Application time: 0.0382670 seconds
89.026: [GC [PSYoungGen: 49152K->6656K(49152K)] 133590K->92495K(160256K), 0.0024650 secs] [Times: user=0.02 sys=0.00, real=0.01 secs] 
89.029: Total time for which application threads were stopped: 0.0043440 seconds, Stopping threads took: 0.0017930 seconds
89.067: Application time: 0.0375980 seconds
89.069: [GC [PSYoungGen: 49152K->6656K(49152K)] 134991K->93143K(160256K), 0.0022880 secs] [Times: user=0.02 sys=0.00, real=0.00 secs] 
89.071: Total time for which application threads were stopped: 0.0048830 seconds, Stopping threads took: 0.0025140 seconds
89.109: Application time: 0.0380420 seconds
89.111: [GC [PSYoungGen: 49152K->6656K(49152K)] 135639K->94071K(160256K), 0.0023180 secs] [Times: user=0.01 sys=0.00, real=0.00 secs] 
89.114: Total time for which application threads were stopped: 0.0042600 seconds, Stopping threads took: 0.0018520 seconds
89.152: Application time: 0.0382190 seconds
89.154: [GC [PSYoungGen: 49152K->6528K(49152K)] 136567K->93943K(160256K), 0.0100410 secs] [Times: user=0.07 sys=0.00, real=0.01 secs] 
89.164: Total time for which application threads were stopped: 0.0117970 seconds, Stopping threads took: 0.0016810 seconds
89.203: Application time: 0.0389560 seconds
89.204: [GC [PSYoungGen: 49024K->6288K(49152K)] 136439K->93703K(160256K), 0.0018730 secs] [Times: user=0.01 sys=0.00, real=0.00 secs] 
89.206: Total time for which application threads were stopped: 0.0030580 seconds, Stopping threads took: 0.0011100 seconds
89.244: Application time: 0.0382640 seconds
89.246: [GC [PSYoungGen: 48784K->6048K(49152K)] 136199K->93463K(160256K), 0.0019670 secs] [Times: user=0.01 sys=0.00, real=0.01 secs] 
89.248: Total time for which application threads were stopped: 0.0035240 seconds, Stopping threads took: 0.0014800 seconds
89.287: Application time: 0.0396830 seconds
89.289: [GC [PSYoungGen: 48544K->6656K(49152K)] 135959K->95327K(160256K), 0.0023890 secs] [Times: user=0.02 sys=0.00, real=0.00 secs] 
89.292: Total time for which application threads were stopped: 0.0046350 seconds, Stopping threads took: 0.0021690 seconds
89.331: Application time: 0.0393010 seconds
89.334: [GC [PSYoungGen: 49152K->6432K(49152K)] 137823K->95103K(160256K), 0.0019610 secs] [Times: user=0.01 sys=0.00, real=0.00 secs] 
89.336: Total time for which application threads were stopped: 0.0044600 seconds, Stopping threads took: 0.0024180 seconds
89.377: Application time: 0.0418010 seconds
89.380: [GC [PSYoungGen: 48928K->5696K(49152K)] 137599K->94367K(160256K), 0.0016870 secs] [Times: user=0.01 sys=0.00, real=0.00 secs] 
89.381: Total time for which application threads were stopped: 0.0040140 seconds, Stopping threads took: 0.0022570 seconds
89.422: Application time: 0.0406510 seconds
89.425: [GC [PSYoungGen: 48192K->6592K(49152K)] 136863K->95271K(160256K), 0.0019590 secs] [Times: user=0.01 sys=0.00, real=0.01 secs] 
89.427: Total time for which application threads were stopped: 0.0045970 seconds, Stopping threads took: 0.0025600 seconds
89.466: Application time: 0.0393890 seconds
89.469: [GC [PSYoungGen: 49088K->6432K(49152K)] 137767K->95111K(160256K), 0.0019690 secs] [Times: user=0.01 sys=0.00, real=0.00 secs] 
89.471: Total time for which application threads were stopped: 0.0048610 seconds, Stopping threads took: 0.0028120 seconds
89.509: Application time: 0.0378460 seconds
89.510: [GC [PSYoungGen: 48928K->6576K(49152K)] 137607K->95263K(160256K), 0.0020140 secs] [Times: user=0.02 sys=0.00, real=0.00 secs] 
89.512: Total time for which application threads were stopped: 0.0034920 seconds, Stopping threads took: 0.0014010 seconds
89.549: Application time: 0.0369150 seconds
89.551: [GC [PSYoungGen: 49072K->6640K(49152K)] 137759K->95999K(160256K), 0.0021730 secs] [Times: user=0.01 sys=0.00, real=0.00 secs] 
89.554: Total time for which application threads were stopped: 0.0044570 seconds, Stopping threads took: 0.0022070 seconds
89.592: Application time: 0.0385550 seconds
89.594: [GC [PSYoungGen: 49136K->6640K(49152K)] 138495K->96039K(160256K), 0.0021320 secs] [Times: user=0.01 sys=0.00, real=0.00 secs] 
89.596: Total time for which application threads were stopped: 0.0035410 seconds, Stopping threads took: 0.0013280 seconds
89.636: Application time: 0.0405530 seconds
89.638: [GC [PSYoungGen: 49136K->6624K(49152K)] 138535K->96023K(160256K), 0.0020680 secs] [Times: user=0.01 sys=0.00, real=0.01 secs] 
89.640: Total time for which application threads were stopped: 0.0034750 seconds, Stopping threads took: 0.0013190 seconds
89.680: Application time: 0.0404690 seconds
89.682: [GC [PSYoungGen: 49120K->6080K(49152K)] 138519K->95487K(160256K), 0.0019390 secs] [Times: user=0.01 sys=0.00, real=0.00 secs] 
89.684: Total time for which application threads were stopped: 0.0040730 seconds, Stopping threads took: 0.0020490 seconds
89.722: Application time: 0.0372180 seconds
89.724: [GC [PSYoungGen: 48576K->6640K(49152K)] 137983K->96287K(160256K), 0.0021180 secs] [Times: user=0.02 sys=0.00, real=0.00 secs] 
89.726: Total time for which application threads were stopped: 0.0047230 seconds, Stopping threads took: 0.0025230 seconds
89.765: Application time: 0.0387100 seconds
89.767: [GC [PSYoungGen: 49136K->6256K(49152K)] 138783K->95903K(160256K), 0.0018760 secs] [Times: user=0.01 sys=0.00, real=0.00 secs] 
89.769: Total time for which application threads were stopped: 0.0041230 seconds, Stopping threads took: 0.0021720 seconds
89.809: Application time: 0.0394380 seconds
89.810: [GC [PSYoungGen: 48752K->5680K(49152K)] 138399K->95327K(160256K), 0.0017160 secs] [Times: user=0.01 sys=0.00, real=0.00 secs] 
89.812: Total time for which application threads were stopped: 0.0033640 seconds, Stopping threads took: 0.0015690 seconds
89.852: Application time: 0.0401330 seconds
89.854: [GC [PSYoungGen: 48176K->6032K(49152K)] 137823K->95687K(160256K), 0.0018680 secs] [Times: user=0.01 sys=0.00, real=0.00 secs] 
89.856: Total time for which application threads were stopped: 0.0034610 seconds, Stopping threads took: 0.0015180 seconds
89.895: Application time: 0.0396720 seconds
89.897: [GC [PSYoungGen: 48528K->5856K(49152K)] 138183K->95519K(160256K), 0.0017770 secs] [Times: user=0.01 sys=0.00, real=0.00 secs] 
89.899: Total time for which application threads were stopped: 0.0033060 seconds, Stopping threads took: 0.0014430 seconds
89.939: Application time: 0.0405020 seconds
89.941: [GC [PSYoungGen: 48352K->6256K(49152K)] 138015K->95927K(160256K), 0.0019310 secs] [Times: user=0.01 sys=0.00, real=0.00 secs] 
89.943: Total time for which application threads were stopped: 0.0040990 seconds, Stopping threads took: 0.0020900 seconds
89.985: Application time: 0.0416920 seconds
89.987: [GC [PSYoungGen: 48752K->6048K(49152K)] 138423K->95727K(160256K), 0.0018000 secs] [Times: user=0.01 sys=0.00, real=0.00 secs] 
89.989: Total time for which application threads were stopped: 0.0039890 seconds, Stopping threads took: 0.0021150 seconds
90.031: Application time: 0.0419580 seconds
90.032: [GC [PSYoungGen: 48544K->6496K(49152K)] 138223K->96191K(160256K), 0.0020150 secs] [Times: user=0.01 sys=0.00, real=0.00 secs] 
90.034: Total time for which application threads were stopped: 0.0030540 seconds, Stopping threads took: 0.0009630 seconds
90.077: Application time: 0.0433830 seconds
90.079: [GC [PSYoungGen: 48992K->6288K(49152K)] 138687K->95983K(160256K), 0.0019880 secs] [Times: user=0.01 sys=0.00, real=0.00 secs] 
90.081: Total time for which application threads were stopped: 0.0035080 seconds, Stopping threads took: 0.0014410 seconds
90.120: Application time: 0.0395960 seconds
90.122: [GC [PSYoungGen: 48784K->6624K(49152K)] 138479K->96687K(160256K), 0.0021740 secs] [Times: user=0.02 sys=0.00, real=0.00 secs] 
90.124: Total time for which application threads were stopped: 0.0039220 seconds, Stopping threads took: 0.0016630 seconds
90.164: Application time: 0.0399440 seconds
90.166: [GC [PSYoungGen: 49120K->6448K(49152K)] 139183K->96511K(160256K), 0.0021530 secs] [Times: user=0.01 sys=0.00, real=0.01 secs] 
90.168: Total time for which application threads were stopped: 0.0041990 seconds, Stopping threads took: 0.0019610 seconds
90.204: Application time: 0.0350870 seconds
90.206: [GC [PSYoungGen: 48944K->6640K(49152K)] 139007K->97711K(160256K), 0.0024030 secs] [Times: user=0.02 sys=0.00, real=0.01 secs] 
90.208: Total time for which application threads were stopped: 0.0047100 seconds, Stopping threads took: 0.0022260 seconds
90.247: Application time: 0.0384590 seconds
90.249: [GC [PSYoungGen: 49136K->6640K(49152K)] 140207K->98447K(160256K), 0.0022740 secs] [Times: user=0.01 sys=0.00, real=0.00 secs] 
90.251: Total time for which application threads were stopped: 0.0046430 seconds, Stopping threads took: 0.0022890 seconds
90.290: Application time: 0.0390810 seconds
90.293: [GC [PSYoungGen: 49136K->6640K(49152K)] 140943K->98975K(160256K), 0.0021470 secs] [Times: user=0.01 sys=0.00, real=0.00 secs] 
90.295: Total time for which application threads were stopped: 0.0048980 seconds, Stopping threads took: 0.0026710 seconds
90.336: Application time: 0.0401960 seconds
90.338: [GC [PSYoungGen: 49135K->6656K(49152K)] 141470K->99407K(160256K), 0.0022690 secs] [Times: user=0.02 sys=0.00, real=0.01 secs] 
90.341: Total time for which application threads were stopped: 0.0050730 seconds, Stopping threads took: 0.0027230 seconds
90.379: Application time: 0.0386430 seconds
90.380: [GC [PSYoungGen: 49152K->6656K(49152K)] 141903K->99447K(160256K), 0.0020360 secs] [Times: user=0.02 sys=0.00, real=0.00 secs] 
90.382: Total time for which application threads were stopped: 0.0031040 seconds, Stopping threads took: 0.0009880 seconds
90.422: Application time: 0.0396720 seconds
90.424: [GC [PSYoungGen: 49152K->5712K(49152K)] 141943K->98511K(160256K), 0.0019460 secs] [Times: user=0.01 sys=0.00, real=0.00 secs] 
90.426: Total time for which application threads were stopped: 0.0035350 seconds, Stopping threads took: 0.0015120 seconds
90.465: Application time: 0.0391820 seconds
90.467: [GC [PSYoungGen: 48208K->6288K(49152K)] 141007K->99103K(160256K), 0.0018780 secs] [Times: user=0.01 sys=0.00, real=0.00 secs] 
90.469: Total time for which application threads were stopped: 0.0040790 seconds, Stopping threads took: 0.0021240 seconds
90.509: Application time: 0.0397360 seconds
90.511: [GC [PSYoungGen: 48784K->6656K(49152K)] 141599K->100367K(160256K), 0.0023840 secs] [Times: user=0.02 sys=0.00, real=0.00 secs] 
90.513: Total time for which application threads were stopped: 0.0048220 seconds, Stopping threads took: 0.0023590 seconds
90.554: Application time: 0.0401500 seconds
90.556: [GC [PSYoungGen: 49152K->5616K(49152K)] 142863K->99327K(160256K), 0.0017040 secs] [Times: user=0.01 sys=0.00, real=0.00 secs] 
90.558: Total time for which application threads were stopped: 0.0041410 seconds, Stopping threads took: 0.0023660 seconds
90.597: Application time: 0.0397940 seconds
90.599: [GC [PSYoungGen: 48112K->6496K(49152K)] 141823K->100223K(160256K), 0.0019390 secs] [Times: user=0.02 sys=0.00, real=0.00 secs] 
90.601: Total time for which application threads were stopped: 0.0032540 seconds, Stopping threads took: 0.0012370 seconds
90.638: Application time: 0.0373680 seconds
90.640: [GC [PSYoungGen: 48992K->6512K(49152K)] 142719K->100239K(160256K), 0.0019550 secs] [Times: user=0.01 sys=0.00, real=0.00 secs] 
90.642: Total time for which application threads were stopped: 0.0035130 seconds, Stopping threads took: 0.0014790 seconds
90.684: Application time: 0.0423410 seconds
90.686: [GC [PSYoungGen: 49008K->6656K(49152K)] 142735K->101999K(160256K), 0.0024710 secs] [Times: user=0.02 sys=0.00, real=0.01 secs] 
90.688: Total time for which application threads were stopped: 0.0043430 seconds, Stopping threads took: 0.0017800 seconds
90.727: Application time: 0.0387830 seconds
90.728: [GC [PSYoungGen: 49152K->6528K(49152K)] 144495K->101871K(160256K), 0.0020070 secs] [Times: user=0.02 sys=0.00, real=0.00 secs] 
90.730: Total time for which application threads were stopped: 0.0029730 seconds, Stopping threads took: 0.0008920 seconds
90.771: Application time: 0.0407810 seconds
90.773: [GC [PSYoungGen: 49024K->5728K(49152K)] 144367K->101071K(160256K), 0.0017420 secs] [Times: user=0.01 sys=0.00, real=0.00 secs] 
90.775: Total time for which application threads were stopped: 0.0037570 seconds, Stopping threads took: 0.0019400 seconds
90.813: Application time: 0.0385680 seconds
90.815: [GC [PSYoungGen: 48224K->6096K(49152K)] 143567K->101439K(160256K), 0.0019910 secs] [Times: user=0.01 sys=0.00, real=0.00 secs] 
90.817: Total time for which application threads were stopped: 0.0042540 seconds, Stopping threads took: 0.0021860 seconds
90.858: Application time: 0.0405810 seconds
90.860: [GC [PSYoungGen: 48592K->5984K(49152K)] 143935K->101327K(160256K), 0.0018390 secs] [Times: user=0.01 sys=0.00, real=0.00 secs] 
90.861: Total time for which application threads were stopped: 0.0034530 seconds, Stopping threads took: 0.0015390 seconds
90.901: Application time: 0.0399220 seconds
90.902: [GC [PSYoungGen: 48480K->6176K(49152K)] 143823K->101527K(160256K), 0.0018830 secs] [Times: user=0.01 sys=0.00, real=0.00 secs] 
90.904: Total time for which application threads were stopped: 0.0028540 seconds, Stopping threads took: 0.0008940 seconds
90.945: Application time: 0.0408330 seconds
90.947: [GC [PSYoungGen: 48672K->6640K(49152K)] 144023K->102183K(160256K), 0.0020480 secs] [Times: user=0.02 sys=0.00, real=0.00 secs] 
90.949: Total time for which application threads were stopped: 0.0036810 seconds, Stopping threads took: 0.0015550 seconds
90.988: Application time: 0.0389280 seconds
90.989: [GC [PSYoungGen: 49136K->6656K(49152K)] 144679K->103207K(160256K), 0.0023450 secs] [Times: user=0.02 sys=0.00, real=0.00 secs] 
90.991: Total time for which application threads were stopped: 0.0037460 seconds, Stopping threads took: 0.0013130 seconds
91.031: Application time: 0.0395010 seconds
91.033: [GC [PSYoungGen: 49152K->5136K(49152K)] 145703K->101695K(160256K), 0.0017620 secs] [Times: user=0.01 sys=0.00, real=0.00 secs] 
91.035: Total time for which application threads were stopped: 0.0035470 seconds, Stopping threads took: 0.0017090 seconds
91.075: Application time: 0.0401000 seconds
91.077: [GC [PSYoungGen: 47632K->6496K(49152K)] 144191K->103055K(160256K), 0.0018480 secs] [Times: user=0.01 sys=0.00, real=0.01 secs] 
91.079: Total time for which application threads were stopped: 0.0041440 seconds, Stopping threads took: 0.0022230 seconds
91.120: Application time: 0.0414010 seconds
91.122: [GC [PSYoungGen: 48992K->4864K(49152K)] 145551K->101431K(160256K), 0.0016200 secs] [Times: user=0.01 sys=0.00, real=0.00 secs] 
91.124: Total time for which application threads were stopped: 0.0033340 seconds, Stopping threads took: 0.0016430 seconds
91.163: Application time: 0.0398460 seconds
91.167: [GC [PSYoungGen: 47360K->5936K(49152K)] 143927K->102503K(160256K), 0.0020530 secs] [Times: user=0.01 sys=0.00, real=0.00 secs] 
91.169: Total time for which application threads were stopped: 0.0053230 seconds, Stopping threads took: 0.0031860 seconds
91.208: Application time: 0.0389360 seconds
91.210: [GC [PSYoungGen: 48432K->6224K(49152K)] 144999K->102799K(160256K), 0.0019050 secs] [Times: user=0.01 sys=0.00, real=0.00 secs] 
91.212: Total time for which application threads were stopped: 0.0040310 seconds, Stopping threads took: 0.0020370 seconds
91.251: Application time: 0.0390490 seconds
91.253: [GC [PSYoungGen: 48720K->6640K(49152K)] 145295K->103511K(160256K), 0.0020940 secs] [Times: user=0.01 sys=0.00, real=0.00 secs] 
91.255: Total time for which application threads were stopped: 0.0043080 seconds, Stopping threads took: 0.0021360 seconds
91.294: Application time: 0.0389930 seconds
91.295: [GC [PSYoungGen: 49136K->6640K(49152K)] 146007K->104151K(160256K), 0.0024370 secs] [Times: user=0.01 sys=0.00, real=0.00 secs] 
91.298: Total time for which application threads were stopped: 0.0035160 seconds, Stopping threads took: 0.0009980 seconds
91.335: Application time: 0.0370670 seconds
91.337: [GC [PSYoungGen: 49136K->6640K(49152K)] 146647K->104159K(160256K), 0.0020380 secs] [Times: user=0.01 sys=0.00, real=0.01 secs] 
91.339: Total time for which application threads were stopped: 0.0040070 seconds, Stopping threads took: 0.0018890 seconds
91.378: Application time: 0.0391050 seconds
91.381: [GC [PSYoungGen: 49136K->6608K(49152K)] 146655K->104127K(160256K), 0.0020600 secs] [Times: user=0.02 sys=0.00, real=0.00 secs] 
91.383: Total time for which application threads were stopped: 0.0052120 seconds, Stopping threads took: 0.0030710 seconds
91.421: Application time: 0.0384450 seconds
91.424: [GC [PSYoungGen: 49104K->5408K(49152K)] 146623K->102927K(160256K), 0.0016890 secs] [Times: user=0.01 sys=0.00, real=0.00 secs] 
91.426: Total time for which application threads were stopped: 0.0042140 seconds, Stopping threads took: 0.0024490 seconds
91.465: Application time: 0.0394690 seconds
91.467: [GC [PSYoungGen: 47904K->6432K(49152K)] 145423K->103967K(160256K), 0.0020140 secs] [Times: user=0.01 sys=0.00, real=0.01 secs] 
91.469: Total time for which application threads were stopped: 0.0035200 seconds, Stopping threads took: 0.0014210 seconds
91.512: Application time: 0.0429790 seconds
91.514: [GC [PSYoungGen: 48928K->6240K(49152K)] 146463K->103775K(160256K), 0.0019470 secs] [Times: user=0.01 sys=0.00, real=0.00 secs] 
91.516: Total time for which application threads were stopped: 0.0041820 seconds, Stopping threads took: 0.0021580 seconds
91.557: Application time: 0.0415970 seconds
91.559: [GC [PSYoungGen: 48736K->6016K(49152K)] 146271K->103559K(160256K), 0.0020090 secs] [Times: user=0.01 sys=0.00, real=0.00 secs] 
91.561: Total time for which application threads were stopped: 0.0038750 seconds, Stopping threads took: 0.0017810 seconds
91.604: Application time: 0.0427350 seconds
91.606: [GC [PSYoungGen: 48511K->5984K(49152K)] 146055K->103535K(160256K), 0.0021540 secs] [Times: user=0.01 sys=0.01, real=0.01 secs] 
91.609: Total time for which application threads were stopped: 0.0046850 seconds, Stopping threads took: 0.0024500 seconds
91.649: Application time: 0.0402530 seconds
91.652: [GC [PSYoungGen: 48480K->6656K(49152K)] 146031K->104863K(160256K), 0.0023040 secs] [Times: user=0.01 sys=0.00, real=0.00 secs] 
91.655: Total time for which application threads were stopped: 0.0056540 seconds, Stopping threads took: 0.0032590 seconds
91.697: Application time: 0.0422670 seconds
91.699: [GC [PSYoungGen: 49152K->6624K(49152K)] 147359K->104927K(160256K), 0.0020660 secs] [Times: user=0.01 sys=0.00, real=0.00 secs] 
91.701: Total time for which application threads were stopped: 0.0039970 seconds, Stopping threads took: 0.0018540 seconds
91.741: Application time: 0.0405560 seconds
91.744: [GC [PSYoungGen: 49120K->6640K(49152K)] 147423K->105903K(160256K), 0.0023870 secs] [Times: user=0.02 sys=0.00, real=0.00 secs] 
91.746: Total time for which application threads were stopped: 0.0049750 seconds, Stopping threads took: 0.0024970 seconds
91.786: Application time: 0.0395820 seconds
91.789: [GC [PSYoungGen: 49136K->6656K(49152K)] 148399K->106439K(160256K), 0.0023070 secs] [Times: user=0.01 sys=0.00, real=0.00 secs] 
91.791: Total time for which application threads were stopped: 0.0050350 seconds, Stopping threads took: 0.0026430 seconds
91.833: Application time: 0.0424330 seconds
91.836: [GC [PSYoungGen: 49150K->6192K(49152K)] 148934K->105975K(160256K), 0.0020020 secs] [Times: user=0.01 sys=0.00, real=0.00 secs] 
91.838: Total time for which application threads were stopped: 0.0048520 seconds, Stopping threads took: 0.0027520 seconds
91.878: Application time: 0.0401680 seconds
91.881: [GC [PSYoungGen: 48688K->6656K(49152K)] 148471K->106743K(160256K), 0.0021700 secs] [Times: user=0.01 sys=0.00, real=0.00 secs] 
91.883: Total time for which application threads were stopped: 0.0044390 seconds, Stopping threads took: 0.0021800 seconds
91.924: Application time: 0.0406400 seconds
91.926: [GC [PSYoungGen: 49152K->6544K(49152K)] 149239K->106631K(160256K), 0.0020940 secs] [Times: user=0.02 sys=0.00, real=0.01 secs] 
91.928: Total time for which application threads were stopped: 0.0045300 seconds, Stopping threads took: 0.0023500 seconds
91.970: Application time: 0.0417260 seconds
91.973: [GC [PSYoungGen: 49040K->6640K(49152K)] 149127K->106847K(160256K), 0.0021390 secs] [Times: user=0.02 sys=0.00, real=0.00 secs] 
91.975: Total time for which application threads were stopped: 0.0055030 seconds, Stopping threads took: 0.0032830 seconds
92.017: Application time: 0.0416210 seconds
92.019: [GC [PSYoungGen: 49136K->6640K(49152K)] 149343K->107367K(160256K), 0.0023520 secs] [Times: user=0.01 sys=0.00, real=0.00 secs] 
92.021: Total time for which application threads were stopped: 0.0043510 seconds, Stopping threads took: 0.0019180 seconds
92.062: Application time: 0.0409930 seconds
92.065: [GC [PSYoungGen: 49136K->5456K(49152K)] 149863K->106183K(160256K), 0.0017460 secs] [Times: user=0.01 sys=0.00, real=0.00 secs] 
92.066: Total time for which application threads were stopped: 0.0040330 seconds, Stopping threads took: 0.0022050 seconds
92.108: Application time: 0.0416380 seconds
92.111: [GC [PSYoungGen: 47952K->6640K(49152K)] 148679K->107423K(160256K), 0.0023690 secs] [Times: user=0.01 sys=0.00, real=0.00 secs] 
92.113: Total time for which application threads were stopped: 0.0055040 seconds, Stopping threads took: 0.0030330 seconds
92.156: Application time: 0.0421320 seconds
92.157: [GC [PSYoungGen: 49136K->5568K(49152K)] 149919K->106359K(160256K), 0.0018330 secs] [Times: user=0.01 sys=0.00, real=0.01 secs] 
92.159: Total time for which application threads were stopped: 0.0036120 seconds, Stopping threads took: 0.0017010 seconds
92.201: Application time: 0.0419530 seconds
92.203: [GC [PSYoungGen: 48064K->6224K(49152K)] 148855K->107023K(160256K), 0.0019690 secs] [Times: user=0.02 sys=0.00, real=0.00 secs] 
92.205: Total time for which application threads were stopped: 0.0037360 seconds, Stopping threads took: 0.0016840 seconds
92.249: Application time: 0.0440740 seconds
92.251: [GC [PSYoungGen: 48720K->5504K(49152K)] 149519K->106303K(160256K), 0.0016920 secs] [Times: user=0.01 sys=0.00, real=0.00 secs] 
92.253: Total time for which application threads were stopped: 0.0042240 seconds, Stopping threads took: 0.0024500 seconds
92.293: Application time: 0.0401380 seconds
92.296: [GC [PSYoungGen: 48000K->6640K(49152K)] 148799K->108224K(160256K), 0.0023420 secs] [Times: user=0.02 sys=0.00, real=0.00 secs] 
92.298: Total time for which application threads were stopped: 0.0048580 seconds, Stopping threads took: 0.0024350 seconds
92.337: Application time: 0.0392730 seconds
92.339: [GC [PSYoungGen: 49136K->6640K(49152K)] 150720K->108264K(160256K), 0.0021330 secs] [Times: user=0.01 sys=0.00, real=0.00 secs] 
92.341: Total time for which application threads were stopped: 0.0037190 seconds, Stopping threads took: 0.0015080 seconds
92.383: Application time: 0.0416120 seconds
92.386: [GC [PSYoungGen: 49136K->6640K(49152K)] 150760K->108744K(160256K), 0.0022360 secs] [Times: user=0.01 sys=0.00, real=0.01 secs] 
92.388: Total time for which application threads were stopped: 0.0050820 seconds, Stopping threads took: 0.0027610 seconds
92.430: Application time: 0.0419530 seconds
92.432: [GC [PSYoungGen: 49136K->6592K(49152K)] 151240K->108696K(160256K), 0.0021600 secs] [Times: user=0.01 sys=0.01, real=0.00 secs] 
92.434: Total time for which application threads were stopped: 0.0043760 seconds, Stopping threads took: 0.0021380 seconds
92.475: Application time: 0.0410170 seconds
92.478: [GC [PSYoungGen: 49088K->6656K(49152K)] 151192K->108888K(160256K), 0.0023040 secs] [Times: user=0.01 sys=0.00, real=0.01 secs] 
92.480: Total time for which application threads were stopped: 0.0049350 seconds, Stopping threads took: 0.0025480 seconds
92.522: Application time: 0.0420420 seconds
92.524: [GC [PSYoungGen: 49152K->6656K(49152K)] 151384K->109912K(160256K), 0.0023960 secs] [Times: user=0.01 sys=0.00, real=0.01 secs] 
92.527: Total time for which application threads were stopped: 0.0046840 seconds, Stopping threads took: 0.0022030 seconds
92.569: Application time: 0.0417860 seconds
92.572: [GC [PSYoungGen: 49152K->6640K(49152K)] 152408K->110776K(160256K), 0.0024730 secs] [Times: user=0.01 sys=0.00, real=0.00 secs] 
92.574: Total time for which application threads were stopped: 0.0054170 seconds, Stopping threads took: 0.0028610 seconds
92.615: Application time: 0.0413280 seconds
92.617: [GC [PSYoungGen: 49136K->5792K(49152K)] 153272K->109928K(160256K), 0.0021420 secs] [Times: user=0.01 sys=0.00, real=0.01 secs] 
92.620: Total time for which application threads were stopped: 0.0041270 seconds, Stopping threads took: 0.0018990 seconds
92.659: Application time: 0.0397190 seconds
92.661: [GC [PSYoungGen: 48288K->6624K(49152K)] 152424K->110776K(160256K), 0.0021360 secs] [Times: user=0.02 sys=0.00, real=0.00 secs] 
92.663: Total time for which application threads were stopped: 0.0036990 seconds, Stopping threads took: 0.0014770 seconds
92.704: Application time: 0.0411070 seconds
92.707: [GC [PSYoungGen: 49120K->6080K(49152K)] 153272K->110232K(160256K), 0.0019130 secs] [Times: user=0.01 sys=0.00, real=0.00 secs] 
92.709: Total time for which application threads were stopped: 0.0048140 seconds, Stopping threads took: 0.0028210 seconds
92.748: Application time: 0.0388820 seconds
92.750: [GC [PSYoungGen: 48576K->6640K(49152K)] 152728K->110984K(160256K), 0.0022030 secs] [Times: user=0.02 sys=0.00, real=0.00 secs] 
92.752: Total time for which application threads were stopped: 0.0041920 seconds, Stopping threads took: 0.0018990 seconds
92.792: Application time: 0.0396550 seconds
92.795: [GC [PSYoungGen: 49136K->6464K(49152K)] 153480K->110808K(160256K), 0.0019830 secs] [Times: user=0.02 sys=0.00, real=0.00 secs] 
92.797: Total time for which application threads were stopped: 0.0054600 seconds, Stopping threads took: 0.0033760 seconds
92.838: Application time: 0.0412690 seconds
92.841: [GC [PSYoungGen: 48960K->6416K(49152K)] 153304K->110760K(160256K), 0.0019330 secs] [Times: user=0.01 sys=0.01, real=0.00 secs] 
92.843: Total time for which application threads were stopped: 0.0044220 seconds, Stopping threads took: 0.0023880 seconds
92.886: Application time: 0.0428980 seconds
92.889: [GC [PSYoungGen: 48912K->5024K(49152K)] 153256K->109376K(160256K), 0.0016460 secs] [Times: user=0.01 sys=0.00, real=0.00 secs] 
92.890: Total time for which application threads were stopped: 0.0046400 seconds, Stopping threads took: 0.0029210 seconds
92.936: Application time: 0.0453250 seconds
92.937: [GC [PSYoungGen: 47520K->5040K(49152K)] 151872K->109392K(160256K), 0.0016080 secs] [Times: user=0.01 sys=0.00, real=0.01 secs] 
92.939: Total time for which application threads were stopped: 0.0031550 seconds, Stopping threads took: 0.0014690 seconds
92.982: Application time: 0.0427240 seconds
92.983: [GC [PSYoungGen: 47536K->6480K(49152K)] 151888K->110832K(160256K), 0.0021370 secs] [Times: user=0.01 sys=0.00, real=0.00 secs] 
92.985: Total time for which application threads were stopped: 0.0038360 seconds, Stopping threads took: 0.0016160 seconds
93.028: Application time: 0.0424810 seconds
93.029: [GC [PSYoungGen: 48976K->5760K(49152K)] 153328K->110120K(160256K), 0.0018920 secs] [Times: user=0.02 sys=0.00, real=0.00 secs] 
93.031: Total time for which application threads were stopped: 0.0035180 seconds, Stopping threads took: 0.0015440 seconds
93.074: Application time: 0.0426000 seconds
93.076: [GC [PSYoungGen: 48254K->6640K(49152K)] 152615K->111008K(160256K), 0.0021260 secs] [Times: user=0.02 sys=0.00, real=0.00 secs] 
93.078: Total time for which application threads were stopped: 0.0039480 seconds, Stopping threads took: 0.0017380 seconds
93.119: Application time: 0.0406580 seconds
93.120: [GC [PSYoungGen: 49136K->6576K(49152K)] 153504K->110952K(160256K), 0.0020440 secs] [Times: user=0.01 sys=0.00, real=0.00 secs] 
93.122: Total time for which application threads were stopped: 0.0033470 seconds, Stopping threads took: 0.0012210 seconds
93.165: Application time: 0.0425890 seconds
93.167: [GC [PSYoungGen: 49072K->6288K(49152K)] 153448K->110680K(160256K), 0.0020080 secs] [Times: user=0.01 sys=0.00, real=0.00 secs] 
93.169: Total time for which application threads were stopped: 0.0042790 seconds, Stopping threads took: 0.0021910 seconds
93.209: Application time: 0.0401490 seconds
93.211: [GC [PSYoungGen: 48784K->6640K(49152K)] 153176K->111392K(160256K), 0.0022580 secs] [Times: user=0.01 sys=0.00, real=0.00 secs] 
93.213: Total time for which application threads were stopped: 0.0039510 seconds, Stopping threads took: 0.0016060 seconds
93.254: Application time: 0.0410480 seconds
93.257: [GC [PSYoungGen: 49136K->5072K(49152K)] 153888K->109824K(160256K), 0.0016050 secs] [Times: user=0.01 sys=0.00, real=0.00 secs] 
93.258: Total time for which application threads were stopped: 0.0044590 seconds, Stopping threads took: 0.0027790 seconds
93.301: Application time: 0.0425240 seconds
93.304: [GC [PSYoungGen: 47568K->5088K(49152K)] 152320K->109856K(160256K), 0.0016180 secs] [Times: user=0.01 sys=0.00, real=0.00 secs] 
93.306: Total time for which application threads were stopped: 0.0046960 seconds, Stopping threads took: 0.0029980 seconds
93.348: Application time: 0.0420410 seconds
93.350: [GC [PSYoungGen: 47584K->6048K(49152K)] 152352K->110816K(160256K), 0.0019420 secs] [Times: user=0.01 sys=0.00, real=0.00 secs] 
93.352: Total time for which application threads were stopped: 0.0041940 seconds, Stopping threads took: 0.0021740 seconds
93.393: Application time: 0.0411390 seconds
93.395: [GC [PSYoungGen: 48544K->6656K(49152K)] 153312K->112968K(160256K), 0.0026060 secs] [Times: user=0.02 sys=0.01, real=0.00 secs] 
93.397: Total time for which application threads were stopped: 0.0043390 seconds, Stopping threads took: 0.0016460 seconds
93.438: Application time: 0.0403320 seconds
93.439: [GC [PSYoungGen: 49152K->6656K(49152K)] 155464K->113192K(160256K), 0.0021630 secs] [Times: user=0.02 sys=0.00, real=0.00 secs] 
93.442: Total time for which application threads were stopped: 0.0037640 seconds, Stopping threads took: 0.0015070 seconds
93.483: Application time: 0.0409830 seconds
93.485: [GC [PSYoungGen: 49152K->5856K(49152K)] 155688K->112392K(160256K), 0.0018440 secs] [Times: user=0.00 sys=0.00, real=0.01 secs] 
93.487: Total time for which application threads were stopped: 0.0040370 seconds, Stopping threads took: 0.0021060 seconds
93.527: Application time: 0.0401570 seconds
93.529: [GC [PSYoungGen: 48350K->6224K(49152K)] 154886K->112760K(160256K), 0.0019560 secs] [Times: user=0.01 sys=0.00, real=0.00 secs] 
93.531: Total time for which application threads were stopped: 0.0038530 seconds, Stopping threads took: 0.0018110 seconds
93.573: Application time: 0.0425170 seconds
93.575: [GC [PSYoungGen: 48720K->5088K(49152K)] 155256K->111624K(160256K), 0.0016610 secs] [Times: user=0.01 sys=0.00, real=0.00 secs] 
93.577: Total time for which application threads were stopped: 0.0034850 seconds, Stopping threads took: 0.0017410 seconds
93.619: Application time: 0.0420430 seconds
93.621: [GC [PSYoungGen: 47584K->6624K(49152K)] 154120K->113784K(160256K), 0.0022930 secs] [Times: user=0.01 sys=0.00, real=0.00 secs] 
93.624: Total time for which application threads were stopped: 0.0050430 seconds, Stopping threads took: 0.0026650 seconds
93.665: Application time: 0.0411890 seconds
93.667: [GC [PSYoungGen: 49120K->6288K(49152K)] 156280K->113464K(160256K), 0.0020820 secs] [Times: user=0.01 sys=0.00, real=0.00 secs] 
93.669: Total time for which application threads were stopped: 0.0041130 seconds, Stopping threads took: 0.0019490 seconds
93.710: Application time: 0.0410410 seconds
93.713: [GC [PSYoungGen: 48784K->6640K(49152K)] 155960K->114216K(160256K), 0.0021850 secs] [Times: user=0.01 sys=0.00, real=0.00 secs] 
93.715: Total time for which application threads were stopped: 0.0053690 seconds, Stopping threads took: 0.0030980 seconds
93.755: Application time: 0.0396780 seconds
93.758: [GC [PSYoungGen: 49136K->6656K(49152K)] 156712K->115416K(160256K), 0.0022760 secs] [Times: user=0.01 sys=0.00, real=0.01 secs] 
93.760: Total time for which application threads were stopped: 0.0049410 seconds, Stopping threads took: 0.0025850 seconds
93.803: Application time: 0.0427720 seconds
93.804: [GC [PSYoungGen: 49152K->6656K(49152K)] 157912K->115496K(160256K), 0.0020720 secs] [Times: user=0.02 sys=0.00, real=0.00 secs] 
93.806: Total time for which application threads were stopped: 0.0032570 seconds, Stopping threads took: 0.0011120 seconds
93.849: Application time: 0.0428870 seconds
93.851: [GC [PSYoungGen: 49152K->6224K(49152K)] 157992K->115064K(160256K), 0.0019280 secs] [Times: user=0.01 sys=0.00, real=0.00 secs] 
93.853: Total time for which application threads were stopped: 0.0041200 seconds, Stopping threads took: 0.0021020 seconds
93.895: Application time: 0.0421580 seconds
93.897: [GC [PSYoungGen: 48720K->6656K(49152K)] 157560K->115792K(160256K), 0.0022090 secs] [Times: user=0.01 sys=0.00, real=0.01 secs] 
93.900: Total time for which application threads were stopped: 0.0043050 seconds, Stopping threads took: 0.0020170 seconds
93.943: Application time: 0.0436270 seconds
93.946: [GC [PSYoungGen: 49152K->6656K(49152K)] 158288K->116032K(160256K), 0.0022250 secs] [Times: user=0.02 sys=0.00, real=0.01 secs] 
93.948: Total time for which application threads were stopped: 0.0050190 seconds, Stopping threads took: 0.0026940 seconds
93.989: Application time: 0.0412050 seconds
93.992: [GC [PSYoungGen: 49152K->6352K(49152K)] 158528K->115736K(160256K), 0.0019820 secs] [Times: user=0.01 sys=0.00, real=0.00 secs] 
93.994: Total time for which application threads were stopped: 0.0041470 seconds, Stopping threads took: 0.0020870 seconds
94.033: Application time: 0.0396030 seconds
94.035: [GC [PSYoungGen: 48848K->6656K(49152K)] 158232K->116064K(160256K), 0.0021280 secs] [Times: user=0.02 sys=0.00, real=0.00 secs] 
94.037: Total time for which application threads were stopped: 0.0042320 seconds, Stopping threads took: 0.0020270 seconds
94.079: Application time: 0.0414930 seconds
94.081: [GC [PSYoungGen: 49152K->6176K(49152K)] 158560K->115584K(160256K), 0.0018930 secs] [Times: user=0.01 sys=0.00, real=0.00 secs] 
94.083: Total time for which application threads were stopped: 0.0041000 seconds, Stopping threads took: 0.0021280 seconds
94.123: Application time: 0.0399850 seconds
94.125: [GC [PSYoungGen: 48672K->6624K(49152K)] 158080K->116344K(160256K), 0.0023440 secs] [Times: user=0.01 sys=0.00, real=0.01 secs] 
94.127: Total time for which application threads were stopped: 0.0044470 seconds, Stopping threads took: 0.0020260 seconds
94.169: Application time: 0.0417520 seconds
94.172: [GC [PSYoungGen: 49120K->6656K(49152K)] 158840K->116488K(160256K), 0.0020730 secs] [Times: user=0.01 sys=0.00, real=0.00 secs] 
94.174: Total time for which application threads were stopped: 0.0044480 seconds, Stopping threads took: 0.0022980 seconds
94.217: Application time: 0.0430630 seconds
94.219: [GC [PSYoungGen: 49152K->6224K(49152K)] 158984K->116072K(160256K), 0.0021440 secs] [Times: user=0.02 sys=0.00, real=0.00 secs] 
94.221: Total time for which application threads were stopped: 0.0041090 seconds, Stopping threads took: 0.0018610 seconds
94.264: Application time: 0.0433870 seconds
94.266: [GC [PSYoungGen: 48720K->5760K(49152K)] 158568K->115608K(160256K), 0.0019530 secs] [Times: user=0.01 sys=0.00, real=0.01 secs] 
94.268: Total time for which application threads were stopped: 0.0039070 seconds, Stopping threads took: 0.0018810 seconds
94.312: Application time: 0.0438080 seconds
94.315: [GC [PSYoungGen: 48256K->5872K(49152K)] 158104K->115736K(160256K), 0.0020430 secs] [Times: user=0.01 sys=0.00, real=0.00 secs] 
94.317: Total time for which application threads were stopped: 0.0051860 seconds, Stopping threads took: 0.0030450 seconds
94.359: Application time: 0.0415840 seconds
94.361: [GC [PSYoungGen: 48368K->6656K(49152K)] 158232K->116720K(160256K), 0.0021700 secs] [Times: user=0.01 sys=0.00, real=0.00 secs] 
94.363: Total time for which application threads were stopped: 0.0040600 seconds, Stopping threads took: 0.0018080 seconds
94.405: Application time: 0.0427050 seconds
94.407: [GC [PSYoungGen: 49152K->6640K(49152K)] 159216K->116792K(160256K), 0.0021200 secs] [Times: user=0.01 sys=0.00, real=0.00 secs] 
94.409: Total time for which application threads were stopped: 0.0033720 seconds, Stopping threads took: 0.0011750 seconds
94.452: Application time: 0.0429740 seconds
94.455: [GC [PSYoungGen: 49136K->5536K(49152K)] 159288K->115704K(160256K), 0.0018070 secs] [Times: user=0.01 sys=0.00, real=0.00 secs] 
94.457: Total time for which application threads were stopped: 0.0048190 seconds, Stopping threads took: 0.0029340 seconds
94.497: Application time: 0.0402250 seconds
94.498: [GC [PSYoungGen: 48032K->6640K(49152K)] 158200K->116960K(160256K), 0.0022300 secs] [Times: user=0.02 sys=0.00, real=0.01 secs] 
94.500: Total time for which application threads were stopped: 0.0036040 seconds, Stopping threads took: 0.0012910 seconds
94.541: Application time: 0.0408280 seconds
94.543: [GC [PSYoungGen: 49136K->6288K(49152K)] 159456K->116616K(160256K), 0.0020750 secs] [Times: user=0.01 sys=0.00, real=0.00 secs] 
94.545: Total time for which application threads were stopped: 0.0041990 seconds, Stopping threads took: 0.0020170 seconds
94.587: Application time: 0.0419610 seconds
94.588: [GC [PSYoungGen: 48784K->6240K(49152K)] 159112K->116584K(160256K), 0.0021160 secs] [Times: user=0.01 sys=0.00, real=0.00 secs] 
94.590: Total time for which application threads were stopped: 0.0029100 seconds, Stopping threads took: 0.0007170 seconds
94.632: Application time: 0.0412170 seconds
94.634: [GC [PSYoungGen: 48736K->6624K(49152K)] 159080K->117344K(160256K), 0.0022220 secs] [Times: user=0.01 sys=0.00, real=0.00 secs] 
94.636: [Full GC [PSYoungGen: 6624K->0K(49152K)] [ParOldGen: 110720K->9931K(111104K)] 117344K->9931K(160256K) [PSPermGen: 5147K->5147K(21504K)], 0.0072440 secs] [Times: user=0.04 sys=0.00, real=0.01 secs] 
94.644: Total time for which application threads were stopped: 0.0119190 seconds, Stopping threads took: 0.0023160 seconds
94.684: Application time: 0.0408610 seconds
94.687: [GC [PSYoungGen: 42496K->6560K(49152K)] 52427K->16491K(160256K), 0.0019220 secs] [Times: user=0.02 sys=0.00, real=0.00 secs] 
94.689: Total time for which application threads were stopped: 0.0047750 seconds, Stopping threads took: 0.0027540 seconds
94.731: Application time: 0.0416510 seconds
94.733: [GC [PSYoungGen: 49055K->6656K(49152K)] 58987K->16995K(160256K), 0.0022720 secs] [Times: user=0.02 sys=0.00, real=0.00 secs] 
94.736: Total time for which application threads were stopped: 0.0046950 seconds, Stopping threads took: 0.0023430 seconds
94.776: Application time: 0.0408450 seconds
94.778: [GC [PSYoungGen: 49152K->6624K(49152K)] 59491K->17347K(160256K), 0.0022140 secs] [Times: user=0.01 sys=0.00, real=0.01 secs] 
94.780: Total time for which application threads were stopped: 0.0038960 seconds, Stopping threads took: 0.0015990 seconds
94.821: Application time: 0.0404630 seconds
94.823: [GC [PSYoungGen: 49120K->6624K(49152K)] 59843K->19099K(160256K), 0.0024650 secs] [Times: user=0.01 sys=0.00, real=0.00 secs] 
94.825: Total time for which application threads were stopped: 0.0043110 seconds, Stopping threads took: 0.0017670 seconds
94.867: Application time: 0.0424470 seconds
94.869: [GC [PSYoungGen: 49120K->6656K(49152K)] 61595K->20659K(160256K), 0.0025320 secs] [Times: user=0.02 sys=0.00, real=0.00 secs] 
94.872: Total time for which application threads were stopped: 0.0040940 seconds, Stopping threads took: 0.0014710 seconds
94.914: Application time: 0.0425250 seconds
94.917: [GC [PSYoungGen: 49152K->6656K(49152K)] 63155K->21931K(160256K), 0.0023400 secs] [Times: user=0.02 sys=0.00, real=0.01 secs] 
94.920: Total time for which application threads were stopped: 0.0054970 seconds, Stopping threads took: 0.0030750 seconds
94.960: Application time: 0.0407640 seconds
94.963: [GC [PSYoungGen: 49152K->6656K(49152K)] 64427K->22115K(160256K), 0.0020220 secs] [Times: user=0.01 sys=0.00, real=0.00 secs] 
94.965: Total time for which application threads were stopped: 0.0049730 seconds, Stopping threads took: 0.0028750 seconds
95.007: Application time: 0.0418500 seconds
95.011: [GC [PSYoungGen: 49152K->6384K(49152K)] 64611K->21843K(160256K), 0.0018700 secs] [Times: user=0.02 sys=0.00, real=0.00 secs] 
95.013: Total time for which application threads were stopped: 0.0053670 seconds, Stopping threads took: 0.0034110 seconds
95.054: Application time: 0.0410670 seconds
95.056: [GC [PSYoungGen: 48880K->6624K(49152K)] 64339K->23059K(160256K), 0.0022350 secs] [Times: user=0.02 sys=0.00, real=0.00 secs] 
95.058: Total time for which application threads were stopped: 0.0044580 seconds, Stopping threads took: 0.0021470 seconds
95.100: Application time: 0.0416600 seconds
95.101: [GC [PSYoungGen: 49120K->6656K(49152K)] 65555K->24003K(160256K), 0.0022660 secs] [Times: user=0.01 sys=0.00, real=0.00 secs] 
95.104: Total time for which application threads were stopped: 0.0038790 seconds, Stopping threads took: 0.0015300 seconds
95.146: Application time: 0.0424040 seconds
95.148: [GC [PSYoungGen: 49152K->6640K(49152K)] 66499K->24291K(160256K), 0.0021170 secs] [Times: user=0.01 sys=0.00, real=0.00 secs] 
95.151: Total time for which application threads were stopped: 0.0045590 seconds, Stopping threads took: 0.0023570 seconds
95.192: Application time: 0.0417700 seconds
95.194: [GC [PSYoungGen: 49136K->6640K(49152K)] 66787K->24891K(160256K), 0.0021540 secs] [Times: user=0.02 sys=0.00, real=0.00 secs] 
95.196: Total time for which application threads were stopped: 0.0038970 seconds, Stopping threads took: 0.0016630 seconds
95.240: Application time: 0.0434680 seconds
95.243: [GC [PSYoungGen: 49136K->6640K(49152K)] 67387K->26395K(160256K), 0.0024340 secs] [Times: user=0.02 sys=0.00, real=0.00 secs] 
95.245: Total time for which application threads were stopped: 0.0056440 seconds, Stopping threads took: 0.0031300 seconds
95.287: Application time: 0.0411150 seconds
95.290: [GC [PSYoungGen: 49136K->6624K(49152K)] 68891K->26747K(160256K), 0.0020950 secs] [Times: user=0.01 sys=0.00, real=0.00 secs] 
95.292: Total time for which application threads were stopped: 0.0052800 seconds, Stopping threads took: 0.0030880 seconds
95.332: Application time: 0.0398780 seconds
95.334: [GC [PSYoungGen: 49120K->6624K(49152K)] 69243K->26819K(160256K), 0.0020360 secs] [Times: user=0.02 sys=0.00, real=0.00 secs] 
95.336: Total time for which application threads were stopped: 0.0041070 seconds, Stopping threads took: 0.0019880 seconds
95.378: Application time: 0.0425520 seconds
95.380: [GC [PSYoungGen: 49120K->4896K(49152K)] 69315K->25899K(160256K), 0.0017330 secs] [Times: user=0.01 sys=0.00, real=0.00 secs] 
95.382: Total time for which application threads were stopped: 0.0033200 seconds, Stopping threads took: 0.0015060 seconds
95.425: Application time: 0.0437970 seconds
95.427: [GC [PSYoungGen: 47392K->4832K(49152K)] 68395K->25835K(160256K), 0.0015510 secs] [Times: user=0.01 sys=0.00, real=0.00 secs] 
95.429: Total time for which application threads were stopped: 0.0036070 seconds, Stopping threads took: 0.0019820 seconds
95.469: Application time: 0.0400930 seconds
95.471: [GC [PSYoungGen: 47328K->6256K(49152K)] 68331K->27267K(160256K), 0.0017780 secs] [Times: user=0.02 sys=0.00, real=0.00 secs] 
95.473: Total time for which application threads were stopped: 0.0041460 seconds, Stopping threads took: 0.0022950 seconds
95.514: Application time: 0.0411670 seconds
95.518: [GC [PSYoungGen: 48751K->6624K(49152K)] 69762K->27667K(160256K), 0.0018580 secs] [Times: user=0.01 sys=0.00, real=0.01 secs] 
95.519: Total time for which application threads were stopped: 0.0049870 seconds, Stopping threads took: 0.0030590 seconds
95.563: Application time: 0.0438070 seconds
95.566: [GC [PSYoungGen: 49120K->5600K(49152K)] 70163K->26659K(160256K), 0.0017000 secs] [Times: user=0.01 sys=0.00, real=0.01 secs] 
95.568: Total time for which application threads were stopped: 0.0044840 seconds, Stopping threads took: 0.0027150 seconds
95.608: Application time: 0.0400450 seconds
95.610: [GC [PSYoungGen: 48096K->6640K(49152K)] 69155K->28540K(160256K), 0.0021930 secs] [Times: user=0.02 sys=0.00, real=0.00 secs] 
95.612: Total time for which application threads were stopped: 0.0039160 seconds, Stopping threads took: 0.0016460 seconds
95.650: Application time: 0.0379160 seconds
95.652: [GC [PSYoungGen: 49136K->6640K(49152K)] 71036K->29156K(160256K), 0.0020460 secs] [Times: user=0.01 sys=0.00, real=0.00 secs] 
95.654: Total time for which application threads were stopped: 0.0044150 seconds, Stopping threads took: 0.0022920 seconds
95.694: Application time: 0.0403000 seconds
95.697: [GC [PSYoungGen: 49136K->6656K(49152K)] 71652K->29800K(160256K), 0.0021100 secs] [Times: user=0.01 sys=0.00, real=0.01 secs] 
95.699: Total time for which application threads were stopped: 0.0045540 seconds, Stopping threads took: 0.0023670 seconds
95.737: Application time: 0.0385730 seconds
95.739: [GC [PSYoungGen: 49150K->6192K(49152K)] 72294K->29336K(160256K), 0.0018900 secs] [Times: user=0.01 sys=0.00, real=0.00 secs] 
95.741: Total time for which application threads were stopped: 0.0035890 seconds, Stopping threads took: 0.0016250 seconds
95.782: Application time: 0.0409290 seconds
95.785: [GC [PSYoungGen: 48686K->6544K(49152K)] 71831K->29688K(160256K), 0.0018160 secs] [Times: user=0.01 sys=0.00, real=0.01 secs] 
95.787: Total time for which application threads were stopped: 0.0050210 seconds, Stopping threads took: 0.0031320 seconds
95.827: Application time: 0.0397630 seconds
95.830: [GC [PSYoungGen: 49040K->6640K(49152K)] 72184K->30936K(160256K), 0.0021960 secs] [Times: user=0.02 sys=0.00, real=0.00 secs] 
95.832: Total time for which application threads were stopped: 0.0050030 seconds, Stopping threads took: 0.0027270 seconds
95.871: Application time: 0.0391730 seconds
95.872: [GC [PSYoungGen: 49136K->5920K(49152K)] 73432K->30224K(160256K), 0.0017110 secs] [Times: user=0.02 sys=0.00, real=0.00 secs] 
95.874: Total time for which application threads were stopped: 0.0025590 seconds, Stopping threads took: 0.0007700 seconds
95.913: Application time: 0.0395700 seconds
95.915: [GC [PSYoungGen: 48416K->6640K(49152K)] 72720K->31152K(160256K), 0.0023280 secs] [Times: user=0.02 sys=0.00, real=0.00 secs] 
95.917: Total time for which application threads were stopped: 0.0040240 seconds, Stopping threads took: 0.0016000 seconds
95.954: Application time: 0.0365130 seconds
95.957: [GC [PSYoungGen: 49136K->6640K(49152K)] 73648K->32264K(160256K), 0.0023360 secs] [Times: user=0.01 sys=0.00, real=0.01 secs] 
95.959: Total time for which application threads were stopped: 0.0052900 seconds, Stopping threads took: 0.0028720 seconds
95.996: Application time: 0.0370190 seconds
95.998: [GC [PSYoungGen: 49136K->6656K(49152K)] 74760K->33056K(160256K), 0.0022500 secs] [Times: user=0.01 sys=0.00, real=0.01 secs] 
96.000: Total time for which application threads were stopped: 0.0039820 seconds, Stopping threads took: 0.0016450 seconds
96.038: Application time: 0.0381130 seconds
96.039: [GC [PSYoungGen: 49152K->6640K(49152K)] 75552K->33740K(160256K), 0.0021440 secs] [Times: user=0.01 sys=0.00, real=0.00 secs] 
96.041: Total time for which application threads were stopped: 0.0033530 seconds, Stopping threads took: 0.0011300 seconds
96.080: Application time: 0.0386410 seconds
96.082: [GC [PSYoungGen: 49136K->5376K(49152K)] 76236K->32484K(160256K), 0.0016100 secs] [Times: user=0.00 sys=0.00, real=0.00 secs] 
96.083: Total time for which application threads were stopped: 0.0032790 seconds, Stopping threads took: 0.0015920 seconds
96.123: Application time: 0.0397720 seconds
96.126: [GC [PSYoungGen: 47872K->6656K(49152K)] 74980K->34332K(160256K), 0.0021780 secs] [Times: user=0.02 sys=0.00, real=0.01 secs] 
96.128: Total time for which application threads were stopped: 0.0047090 seconds, Stopping threads took: 0.0024500 seconds
96.165: Application time: 0.0367450 seconds
96.167: [GC [PSYoungGen: 49152K->6208K(49152K)] 76828K->33884K(160256K), 0.0019010 secs] [Times: user=0.01 sys=0.00, real=0.00 secs] 
96.169: Total time for which application threads were stopped: 0.0048250 seconds, Stopping threads took: 0.0028450 seconds
96.208: Application time: 0.0388070 seconds
96.210: [GC [PSYoungGen: 48704K->4736K(49152K)] 76380K->32420K(160256K), 0.0015810 secs] [Times: user=0.01 sys=0.00, real=0.00 secs] 
96.212: Total time for which application threads were stopped: 0.0033060 seconds, Stopping threads took: 0.0016560 seconds
96.252: Application time: 0.0404770 seconds
96.254: [GC [PSYoungGen: 47232K->5600K(49152K)] 74916K->33284K(160256K), 0.0016560 secs] [Times: user=0.01 sys=0.00, real=0.00 secs] 
96.256: Total time for which application threads were stopped: 0.0037790 seconds, Stopping threads took: 0.0020470 seconds
96.294: Application time: 0.0386400 seconds
96.296: [GC [PSYoungGen: 48096K->6432K(49152K)] 75780K->34116K(160256K), 0.0019080 secs] [Times: user=0.02 sys=0.00, real=0.00 secs] 
96.298: Total time for which application threads were stopped: 0.0034170 seconds, Stopping threads took: 0.0014320 seconds
96.337: Application time: 0.0392750 seconds
96.338: [GC [PSYoungGen: 48928K->4752K(49152K)] 76612K->32436K(160256K), 0.0014440 secs] [Times: user=0.01 sys=0.00, real=0.01 secs] 
96.340: Total time for which application threads were stopped: 0.0027160 seconds, Stopping threads took: 0.0012000 seconds
96.379: Application time: 0.0392410 seconds
96.380: [GC [PSYoungGen: 47248K->6656K(49152K)] 74932K->34404K(160256K), 0.0020500 secs] [Times: user=0.02 sys=0.00, real=0.00 secs] 
96.383: Total time for which application threads were stopped: 0.0034640 seconds, Stopping threads took: 0.0013250 seconds
96.422: Application time: 0.0394910 seconds
96.424: [GC [PSYoungGen: 49152K->6656K(49152K)] 76900K->35208K(160256K), 0.0022080 secs] [Times: user=0.01 sys=0.00, real=0.00 secs] 
96.426: Total time for which application threads were stopped: 0.0038020 seconds, Stopping threads took: 0.0014970 seconds
96.466: Application time: 0.0399910 seconds
96.468: [GC [PSYoungGen: 49152K->6464K(49152K)] 77704K->35016K(160256K), 0.0019160 secs] [Times: user=0.01 sys=0.00, real=0.00 secs] 
96.470: Total time for which application threads were stopped: 0.0039760 seconds, Stopping threads took: 0.0019810 seconds
96.511: Application time: 0.0414020 seconds
96.513: [GC [PSYoungGen: 48960K->5328K(49152K)] 77512K->33888K(160256K), 0.0016120 secs] [Times: user=0.01 sys=0.00, real=0.00 secs] 
96.514: Total time for which application threads were stopped: 0.0032130 seconds, Stopping threads took: 0.0015270 seconds
96.554: Application time: 0.0394210 seconds
96.555: [GC [PSYoungGen: 47824K->6224K(49152K)] 76384K->34792K(160256K), 0.0018570 secs] [Times: user=0.01 sys=0.00, real=0.00 secs] 
96.557: Total time for which application threads were stopped: 0.0031670 seconds, Stopping threads took: 0.0012340 seconds
96.597: Application time: 0.0399020 seconds
96.598: [GC [PSYoungGen: 48720K->5600K(49152K)] 77288K->34168K(160256K), 0.0016100 secs] [Times: user=0.01 sys=0.00, real=0.01 secs] 
96.600: Total time for which application threads were stopped: 0.0029710 seconds, Stopping threads took: 0.0012920 seconds
96.638: Application time: 0.0383070 seconds
96.640: [GC [PSYoungGen: 48096K->6640K(49152K)] 76664K->35448K(160256K), 0.0020260 secs] [Times: user=0.01 sys=0.00, real=0.00 secs] 
96.642: Total time for which application threads were stopped: 0.0036660 seconds, Stopping threads took: 0.0015600 seconds
96.682: Application time: 0.0400070 seconds
96.683: [GC [PSYoungGen: 49136K->5712K(49152K)] 77944K->34520K(160256K), 0.0016750 secs] [Times: user=0.01 sys=0.00, real=0.00 secs] 
96.685: Total time for which application threads were stopped: 0.0031040 seconds, Stopping threads took: 0.0013510 seconds
96.726: Application time: 0.0409260 seconds
96.728: [GC [PSYoungGen: 48208K->6640K(49152K)] 77016K->36396K(160256K), 0.0098390 secs] [Times: user=0.03 sys=0.00, real=0.00 secs] 
96.738: Total time for which application threads were stopped: 0.0118960 seconds, Stopping threads took: 0.0019800 seconds
96.777: Application time: 0.0393260 seconds
96.779: [GC [PSYoungGen: 49136K->6624K(49152K)] 78892K->37196K(160256K), 0.0021910 secs] [Times: user=0.01 sys=0.00, real=0.00 secs] 
96.782: Total time for which application threads were stopped: 0.0043650 seconds, Stopping threads took: 0.0020910 seconds
96.821: Application time: 0.0394590 seconds
96.823: [GC [PSYoungGen: 49120K->5888K(49152K)] 79692K->36460K(160256K), 0.0017080 secs] [Times: user=0.01 sys=0.00, real=0.00 secs] 
96.824: Total time for which application threads were stopped: 0.0033270 seconds, Stopping threads took: 0.0015490 seconds
96.868: Application time: 0.0439320 seconds
96.868: [GC [PSYoungGen: 48384K->3520K(49152K)] 78956K->34092K(160256K), 0.0011500 secs] [Times: user=0.00 sys=0.00, real=0.00 secs] 
96.870: Total time for which application threads were stopped: 0.0013780 seconds, Stopping threads took: 0.0001670 seconds
96.912: Application time: 0.0422170 seconds
96.914: [GC [PSYoungGen: 46016K->5488K(49152K)] 76588K->36068K(160256K), 0.0015900 secs] [Times: user=0.01 sys=0.00, real=0.00 secs] 
96.915: Total time for which application threads were stopped: 0.0035770 seconds, Stopping threads took: 0.0019180 seconds
96.955: Application time: 0.0393640 seconds
96.957: [GC [PSYoungGen: 47984K->6624K(49152K)] 78564K->37604K(160256K), 0.0020930 secs] [Times: user=0.02 sys=0.00, real=0.01 secs] 
96.959: Total time for which application threads were stopped: 0.0043610 seconds, Stopping threads took: 0.0021810 seconds
96.998: Application time: 0.0388430 seconds
97.001: [GC [PSYoungGen: 49120K->6640K(49152K)] 80100K->38292K(160256K), 0.0024280 secs] [Times: user=0.01 sys=0.00, real=0.00 secs] 
97.003: Total time for which application threads were stopped: 0.0050020 seconds, Stopping threads took: 0.0024960 seconds
97.044: Application time: 0.0408260 seconds
97.045: [GC [PSYoungGen: 49136K->6112K(49152K)] 80788K->37780K(160256K), 0.0018330 secs] [Times: user=0.02 sys=0.00, real=0.01 secs] 
97.047: Total time for which application threads were stopped: 0.0033050 seconds, Stopping threads took: 0.0013750 seconds
97.086: Application time: 0.0392040 seconds
97.088: [GC [PSYoungGen: 48608K->6096K(49152K)] 80276K->37772K(160256K), 0.0017990 secs] [Times: user=0.01 sys=0.00, real=0.00 secs] 
97.089: Total time for which application threads were stopped: 0.0030650 seconds, Stopping threads took: 0.0011760 seconds
97.129: Application time: 0.0391870 seconds
97.131: [GC [PSYoungGen: 48592K->6368K(49152K)] 80268K->38044K(160256K), 0.0018260 secs] [Times: user=0.01 sys=0.00, real=0.00 secs] 
97.133: Total time for which application threads were stopped: 0.0045680 seconds, Stopping threads took: 0.0026660 seconds
97.171: Application time: 0.0378320 seconds
97.173: [GC [PSYoungGen: 48864K->6640K(49152K)] 80540K->39388K(160256K), 0.0022330 secs] [Times: user=0.01 sys=0.00, real=0.00 secs] 
97.176: Total time for which application threads were stopped: 0.0045160 seconds, Stopping threads took: 0.0022000 seconds
97.215: Application time: 0.0397670 seconds
97.217: [GC [PSYoungGen: 49136K->5152K(49152K)] 81884K->37900K(160256K), 0.0015280 secs] [Times: user=0.01 sys=0.00, real=0.01 secs] 
97.219: Total time for which application threads were stopped: 0.0033130 seconds, Stopping threads took: 0.0017180 seconds
97.259: Application time: 0.0403620 seconds
97.261: [GC [PSYoungGen: 47648K->5760K(49152K)] 80396K->38524K(160256K), 0.0016590 secs] [Times: user=0.01 sys=0.00, real=0.00 secs] 
97.262: Total time for which application threads were stopped: 0.0033510 seconds, Stopping threads took: 0.0016260 seconds
97.304: Application time: 0.0420810 seconds
97.307: [GC [PSYoungGen: 48256K->5312K(49152K)] 81020K->38084K(160256K), 0.0015040 secs] [Times: user=0.01 sys=0.00, real=0.00 secs] 
97.309: Total time for which application threads were stopped: 0.0044760 seconds, Stopping threads took: 0.0029020 seconds
97.349: Application time: 0.0405520 seconds
97.352: [GC [PSYoungGen: 47808K->5728K(49152K)] 80580K->38500K(160256K), 0.0017050 secs] [Times: user=0.01 sys=0.00, real=0.00 secs] 
97.354: Total time for which application threads were stopped: 0.0041610 seconds, Stopping threads took: 0.0023750 seconds
97.393: Application time: 0.0391290 seconds
97.393: [GC [PSYoungGen: 48224K->5632K(49152K)] 80996K->38404K(160256K), 0.0016460 secs] [Times: user=0.01 sys=0.00, real=0.00 secs] 
97.395: Total time for which application threads were stopped: 0.0022000 seconds, Stopping threads took: 0.0004860 seconds
97.436: Application time: 0.0408530 seconds
97.439: [GC [PSYoungGen: 48128K->6640K(49152K)] 80900K->39412K(160256K), 0.0018380 secs] [Times: user=0.01 sys=0.00, real=0.00 secs] 
97.441: Total time for which application threads were stopped: 0.0047180 seconds, Stopping threads took: 0.0028070 seconds
97.482: Application time: 0.0410400 seconds
97.484: [GC [PSYoungGen: 49136K->6640K(49152K)] 81908K->40092K(160256K), 0.0021060 secs] [Times: user=0.01 sys=0.00, real=0.00 secs] 
97.486: Total time for which application threads were stopped: 0.0046060 seconds, Stopping threads took: 0.0024160 seconds
97.526: Application time: 0.0396470 seconds
97.528: [GC [PSYoungGen: 49136K->6656K(49152K)] 82588K->40196K(160256K), 0.0020590 secs] [Times: user=0.01 sys=0.00, real=0.00 secs] 
97.530: Total time for which application threads were stopped: 0.0046170 seconds, Stopping threads took: 0.0024810 seconds
97.567: Application time: 0.0362220 seconds
97.569: [GC [PSYoungGen: 49152K->6640K(49152K)] 82692K->41324K(160256K), 0.0023240 secs] [Times: user=0.02 sys=0.00, real=0.00 secs] 
97.571: Total time for which application threads were stopped: 0.0041690 seconds, Stopping threads took: 0.0017620 seconds
97.609: Application time: 0.0380980 seconds
97.610: [GC [PSYoungGen: 49136K->6640K(49152K)] 83820K->42172K(160256K), 0.0021870 secs] [Times: user=0.02 sys=0.00, real=0.00 secs] 
97.613: Total time for which application threads were stopped: 0.0036170 seconds, Stopping threads took: 0.0013520 seconds
97.650: Application time: 0.0376510 seconds
97.653: [GC [PSYoungGen: 49136K->6640K(49152K)] 84668K->42212K(160256K), 0.0019090 secs] [Times: user=0.01 sys=0.01, real=0.00 secs] 
97.655: Total time for which application threads were stopped: 0.0044790 seconds, Stopping threads took: 0.0024960 seconds
97.693: Application time: 0.0387400 seconds
97.694: [GC [PSYoungGen: 49136K->6128K(49152K)] 84708K->41700K(160256K), 0.0018310 secs] [Times: user=0.01 sys=0.00, real=0.00 secs] 
97.696: Total time for which application threads were stopped: 0.0027820 seconds, Stopping threads took: 0.0008800 seconds
97.737: Application time: 0.0412180 seconds
97.739: [GC [PSYoungGen: 48624K->4912K(49152K)] 84196K->40484K(160256K), 0.0015800 secs] [Times: user=0.01 sys=0.00, real=0.00 secs] 
97.741: Total time for which application threads were stopped: 0.0033400 seconds, Stopping threads took: 0.0016870 seconds
97.780: Application time: 0.0395570 seconds
97.783: [GC [PSYoungGen: 47408K->6336K(49152K)] 82980K->41916K(160256K), 0.0018590 secs] [Times: user=0.01 sys=0.00, real=0.00 secs] 
97.785: Total time for which application threads were stopped: 0.0044430 seconds, Stopping threads took: 0.0025060 seconds
97.822: Application time: 0.0370030 seconds
97.824: [GC [PSYoungGen: 48832K->6640K(49152K)] 84412K->43192K(160256K), 0.0022950 secs] [Times: user=0.02 sys=0.00, real=0.00 secs] 
97.826: Total time for which application threads were stopped: 0.0041290 seconds, Stopping threads took: 0.0017480 seconds
97.868: Application time: 0.0417870 seconds
97.870: [GC [PSYoungGen: 49136K->6640K(49152K)] 85688K->43912K(160256K), 0.0020820 secs] [Times: user=0.01 sys=0.00, real=0.00 secs] 
97.872: Total time for which application threads were stopped: 0.0041690 seconds, Stopping threads took: 0.0020110 seconds
97.914: Application time: 0.0418060 seconds
97.915: [GC [PSYoungGen: 49136K->6656K(49152K)] 86408K->44488K(160256K), 0.0020630 secs] [Times: user=0.01 sys=0.00, real=0.00 secs] 
97.917: Total time for which application threads were stopped: 0.0030940 seconds, Stopping threads took: 0.0009580 seconds
97.957: Application time: 0.0402970 seconds
97.959: [GC [PSYoungGen: 49152K->6656K(49152K)] 86984K->45976K(160256K), 0.0023330 secs] [Times: user=0.01 sys=0.00, real=0.00 secs] 
97.961: Total time for which application threads were stopped: 0.0040730 seconds, Stopping threads took: 0.0016610 seconds
97.999: Application time: 0.0379230 seconds
98.001: [GC [PSYoungGen: 49152K->6640K(49152K)] 88472K->46192K(160256K), 0.0020160 secs] [Times: user=0.01 sys=0.00, real=0.00 secs] 
98.003: Total time for which application threads were stopped: 0.0041940 seconds, Stopping threads took: 0.0020910 seconds
98.042: Application time: 0.0388960 seconds
98.043: [GC [PSYoungGen: 49136K->4864K(49152K)] 88688K->44432K(160256K), 0.0015630 secs] [Times: user=0.01 sys=0.00, real=0.00 secs] 
98.045: Total time for which application threads were stopped: 0.0025760 seconds, Stopping threads took: 0.0009400 seconds
98.086: Application time: 0.0410110 seconds
98.087: [GC [PSYoungGen: 47360K->5584K(49152K)] 86928K->45160K(160256K), 0.0016420 secs] [Times: user=0.01 sys=0.00, real=0.00 secs] 
98.089: Total time for which application threads were stopped: 0.0030890 seconds, Stopping threads took: 0.0013750 seconds
98.130: Application time: 0.0408020 seconds
98.131: [GC [PSYoungGen: 48080K->6656K(49152K)] 87656K->47772K(160256K), 0.0024590 secs] [Times: user=0.02 sys=0.00, real=0.00 secs] 
98.134: Total time for which application threads were stopped: 0.0041320 seconds, Stopping threads took: 0.0015890 seconds
98.172: Application time: 0.0379320 seconds
98.173: [GC [PSYoungGen: 49152K->6640K(49152K)] 90268K->47900K(160256K), 0.0020220 secs] [Times: user=0.02 sys=0.00, real=0.00 secs] 
98.175: Total time for which application threads were stopped: 0.0033270 seconds, Stopping threads took: 0.0012270 seconds
98.212: Application time: 0.0370180 seconds
98.214: [GC [PSYoungGen: 49136K->6640K(49152K)] 90396K->48812K(160256K), 0.0022690 secs] [Times: user=0.02 sys=0.00, real=0.00 secs] 
98.216: Total time for which application threads were stopped: 0.0040790 seconds, Stopping threads took: 0.0017250 seconds
98.254: Application time: 0.0379250 seconds
98.257: [GC [PSYoungGen: 49136K->6624K(49152K)] 91308K->48796K(160256K), 0.0018310 secs] [Times: user=0.01 sys=0.00, real=0.01 secs] 
98.259: Total time for which application threads were stopped: 0.0045750 seconds, Stopping threads took: 0.0026610 seconds
98.297: Application time: 0.0386170 seconds
98.299: [GC [PSYoungGen: 49120K->6656K(49152K)] 91292K->49516K(160256K), 0.0021720 secs] [Times: user=0.01 sys=0.00, real=0.00 secs] 
98.302: Total time for which application threads were stopped: 0.0041980 seconds, Stopping threads took: 0.0019570 seconds
98.342: Application time: 0.0401510 seconds
98.344: [GC [PSYoungGen: 49152K->6464K(49152K)] 92012K->49340K(160256K), 0.0018850 secs] [Times: user=0.01 sys=0.00, real=0.00 secs] 
98.346: Total time for which application threads were stopped: 0.0043740 seconds, Stopping threads took: 0.0024160 seconds
98.385: Application time: 0.0392230 seconds
98.388: [GC [PSYoungGen: 48960K->6352K(49152K)] 91836K->49228K(160256K), 0.0018930 secs] [Times: user=0.01 sys=0.00, real=0.00 secs] 
98.389: Total time for which application threads were stopped: 0.0041550 seconds, Stopping threads took: 0.0021890 seconds
98.427: Application time: 0.0378770 seconds
98.429: [GC [PSYoungGen: 48848K->6640K(49152K)] 91724K->49972K(160256K), 0.0020800 secs] [Times: user=0.01 sys=0.00, real=0.00 secs] 
98.431: Total time for which application threads were stopped: 0.0037740 seconds, Stopping threads took: 0.0016190 seconds
98.468: Application time: 0.0370170 seconds
98.470: [GC [PSYoungGen: 49136K->6656K(49152K)] 92468K->51077K(160256K), 0.0022900 secs] [Times: user=0.02 sys=0.00, real=0.00 secs] 
98.473: Total time for which application threads were stopped: 0.0044240 seconds, Stopping threads took: 0.0020520 seconds
98.511: Application time: 0.0384490 seconds
98.515: [GC [PSYoungGen: 49152K->6656K(49152K)] 93573K->51829K(160256K), 0.0022730 secs] [Times: user=0.01 sys=0.00, real=0.00 secs] 
98.517: Total time for which application threads were stopped: 0.0060420 seconds, Stopping threads took: 0.0036840 seconds
98.557: Application time: 0.0401820 seconds
98.560: [GC [PSYoungGen: 49152K->6656K(49152K)] 94325K->52349K(160256K), 0.0021460 secs] [Times: user=0.01 sys=0.00, real=0.00 secs] 
98.562: Total time for which application threads were stopped: 0.0049780 seconds, Stopping threads took: 0.0027500 seconds
98.601: Application time: 0.0383420 seconds
98.603: [GC [PSYoungGen: 49152K->6640K(49152K)] 94845K->53197K(160256K), 0.0023060 secs] [Times: user=0.02 sys=0.00, real=0.00 secs] 
98.605: Total time for which application threads were stopped: 0.0044750 seconds, Stopping threads took: 0.0020900 seconds
98.644: Application time: 0.0387260 seconds
98.645: [GC [PSYoungGen: 49136K->6096K(49152K)] 95693K->52653K(160256K), 0.0017480 secs] [Times: user=0.01 sys=0.00, real=0.01 secs] 
98.647: Total time for which application threads were stopped: 0.0032380 seconds, Stopping threads took: 0.0014170 seconds
98.688: Application time: 0.0414780 seconds
98.691: [GC [PSYoungGen: 48592K->5504K(49152K)] 95149K->52061K(160256K), 0.0016370 secs] [Times: user=0.01 sys=0.00, real=0.00 secs] 
98.692: Total time for which application threads were stopped: 0.0038800 seconds, Stopping threads took: 0.0021750 seconds
98.731: Application time: 0.0386460 seconds
98.733: [GC [PSYoungGen: 48000K->6048K(49152K)] 94557K->52613K(160256K), 0.0017220 secs] [Times: user=0.01 sys=0.00, real=0.00 secs] 
98.734: Total time for which application threads were stopped: 0.0034060 seconds, Stopping threads took: 0.0016160 seconds
98.774: Application time: 0.0398320 seconds
98.776: [GC [PSYoungGen: 48544K->6640K(49152K)] 95109K->53581K(160256K), 0.0020610 secs] [Times: user=0.00 sys=0.00, real=0.00 secs] 
98.778: Total time for which application threads were stopped: 0.0039840 seconds, Stopping threads took: 0.0018520 seconds
98.819: Application time: 0.0410270 seconds
98.822: [GC [PSYoungGen: 49136K->6448K(49152K)] 96077K->53397K(160256K), 0.0018520 secs] [Times: user=0.02 sys=0.00, real=0.00 secs] 
98.824: Total time for which application threads were stopped: 0.0043300 seconds, Stopping threads took: 0.0024110 seconds
98.865: Application time: 0.0417500 seconds
98.868: [GC [PSYoungGen: 48944K->6640K(49152K)] 95893K->53653K(160256K), 0.0019390 secs] [Times: user=0.01 sys=0.00, real=0.00 secs] 
98.870: Total time for which application threads were stopped: 0.0042470 seconds, Stopping threads took: 0.0022390 seconds
98.910: Application time: 0.0406590 seconds
98.912: [GC [PSYoungGen: 49134K->6640K(49152K)] 96147K->53661K(160256K), 0.0019080 secs] [Times: user=0.01 sys=0.00, real=0.00 secs] 
98.914: Total time for which application threads were stopped: 0.0039460 seconds, Stopping threads took: 0.0019690 seconds
98.953: Application time: 0.0388590 seconds
98.955: [GC [PSYoungGen: 49136K->6000K(49152K)] 96157K->53021K(160256K), 0.0018000 secs] [Times: user=0.01 sys=0.00, real=0.00 secs] 
98.957: Total time for which application threads were stopped: 0.0037890 seconds, Stopping threads took: 0.0019110 seconds
98.995: Application time: 0.0385140 seconds
98.997: [GC [PSYoungGen: 48496K->6640K(49152K)] 95517K->54425K(160256K), 0.0023590 secs] [Times: user=0.01 sys=0.00, real=0.01 secs] 
99.000: Total time for which application threads were stopped: 0.0042450 seconds, Stopping threads took: 0.0017900 seconds
99.038: Application time: 0.0381150 seconds
99.040: [GC [PSYoungGen: 49136K->6368K(49152K)] 96921K->54161K(160256K), 0.0019460 secs] [Times: user=0.01 sys=0.00, real=0.00 secs] 
99.042: Total time for which application threads were stopped: 0.0039820 seconds, Stopping threads took: 0.0019510 seconds
99.082: Application time: 0.0405860 seconds
99.084: [GC [PSYoungGen: 48864K->5040K(49152K)] 96657K->52849K(160256K), 0.0015000 secs] [Times: user=0.01 sys=0.00, real=0.00 secs] 
99.085: Total time for which application threads were stopped: 0.0030150 seconds, Stopping threads took: 0.0014460 seconds
99.126: Application time: 0.0410490 seconds
99.128: [GC [PSYoungGen: 47534K->6624K(49152K)] 95343K->55201K(160256K), 0.0021560 secs] [Times: user=0.01 sys=0.00, real=0.00 secs] 
99.130: Total time for which application threads were stopped: 0.0038430 seconds, Stopping threads took: 0.0016130 seconds
99.172: Application time: 0.0414700 seconds
99.174: [GC [PSYoungGen: 49120K->5600K(49152K)] 97697K->54177K(160256K), 0.0017310 secs] [Times: user=0.01 sys=0.00, real=0.00 secs] 
99.175: Total time for which application threads were stopped: 0.0036900 seconds, Stopping threads took: 0.0018770 seconds
99.215: Application time: 0.0391860 seconds
99.217: [GC [PSYoungGen: 48096K->6656K(49152K)] 96673K->56321K(160256K), 0.0023460 secs] [Times: user=0.01 sys=0.00, real=0.01 secs] 
99.219: Total time for which application threads were stopped: 0.0046340 seconds, Stopping threads took: 0.0022070 seconds
99.258: Application time: 0.0388460 seconds
99.261: [GC [PSYoungGen: 49152K->6640K(49152K)] 98817K->56313K(160256K), 0.0019940 secs] [Times: user=0.01 sys=0.00, real=0.00 secs] 
99.263: Total time for which application threads were stopped: 0.0045340 seconds, Stopping threads took: 0.0024630 seconds
99.300: Application time: 0.0375600 seconds
99.302: [GC [PSYoungGen: 49136K->6576K(49152K)] 98809K->56281K(160256K), 0.0019160 secs] [Times: user=0.01 sys=0.01, real=0.00 secs] 
99.304: Total time for which application threads were stopped: 0.0042680 seconds, Stopping threads took: 0.0022750 seconds
99.343: Application time: 0.0389580 seconds
99.346: [GC [PSYoungGen: 49072K->6240K(49152K)] 98777K->55961K(160256K), 0.0018680 secs] [Times: user=0.01 sys=0.00, real=0.01 secs] 
99.347: Total time for which application threads were stopped: 0.0041140 seconds, Stopping threads took: 0.0021690 seconds
99.386: Application time: 0.0381620 seconds
99.387: [GC [PSYoungGen: 48736K->5504K(49152K)] 98457K->55233K(160256K), 0.0016240 secs] [Times: user=0.01 sys=0.00, real=0.00 secs] 
99.389: Total time for which application threads were stopped: 0.0029500 seconds, Stopping threads took: 0.0012540 seconds
99.428: Application time: 0.0391090 seconds
99.431: [GC [PSYoungGen: 48000K->6496K(49152K)] 97729K->56225K(160256K), 0.0020030 secs] [Times: user=0.01 sys=0.00, real=0.00 secs] 
99.433: Total time for which application threads were stopped: 0.0050880 seconds, Stopping threads took: 0.0030050 seconds
99.472: Application time: 0.0393440 seconds
99.474: [GC [PSYoungGen: 48992K->6320K(49152K)] 98721K->56049K(160256K), 0.0019140 secs] [Times: user=0.02 sys=0.00, real=0.00 secs] 
99.476: Total time for which application threads were stopped: 0.0038750 seconds, Stopping threads took: 0.0018820 seconds
99.520: Application time: 0.0438130 seconds
99.522: [GC [PSYoungGen: 48816K->5856K(49152K)] 98545K->55585K(160256K), 0.0018070 secs] [Times: user=0.01 sys=0.00, real=0.00 secs] 
99.523: Total time for which application threads were stopped: 0.0035680 seconds, Stopping threads took: 0.0016840 seconds
99.563: Application time: 0.0396020 seconds
99.565: [GC [PSYoungGen: 48350K->6256K(49152K)] 98079K->56001K(160256K), 0.0018210 secs] [Times: user=0.02 sys=0.00, real=0.01 secs] 
99.567: Total time for which application threads were stopped: 0.0035640 seconds, Stopping threads took: 0.0016600 seconds
99.610: Application time: 0.0430740 seconds
99.612: [GC [PSYoungGen: 48752K->6192K(49152K)] 98497K->55953K(160256K), 0.0017910 secs] [Times: user=0.01 sys=0.00, real=0.00 secs] 
99.614: Total time for which application threads were stopped: 0.0046430 seconds, Stopping threads took: 0.0027800 seconds
99.657: Application time: 0.0422110 seconds
99.659: [GC [PSYoungGen: 48688K->6656K(49152K)] 98449K->57169K(160256K), 0.0021740 secs] [Times: user=0.01 sys=0.00, real=0.00 secs] 
99.661: Total time for which application threads were stopped: 0.0042570 seconds, Stopping threads took: 0.0019990 seconds
99.703: Application time: 0.0423760 seconds
99.705: [GC [PSYoungGen: 49152K->6544K(49152K)] 99665K->57065K(160256K), 0.0019880 secs] [Times: user=0.01 sys=0.00, real=0.01 secs] 
99.707: Total time for which application threads were stopped: 0.0039430 seconds, Stopping threads took: 0.0018760 seconds
99.748: Application time: 0.0407960 seconds
99.749: [GC [PSYoungGen: 49040K->6192K(49152K)] 99561K->56713K(160256K), 0.0105820 secs] [Times: user=0.08 sys=0.00, real=0.01 secs] 
99.760: Total time for which application threads were stopped: 0.0121460 seconds, Stopping threads took: 0.0014820 seconds
99.803: Application time: 0.0431920 seconds
99.805: [GC [PSYoungGen: 48688K->6624K(49152K)] 99209K->57545K(160256K), 0.0021280 secs] [Times: user=0.02 sys=0.00, real=0.01 secs] 
99.808: Total time for which application threads were stopped: 0.0043720 seconds, Stopping threads took: 0.0021640 seconds
99.850: Application time: 0.0426140 seconds
99.852: [GC [PSYoungGen: 49120K->5920K(49152K)] 100041K->56849K(160256K), 0.0017300 secs] [Times: user=0.01 sys=0.00, real=0.00 secs] 
99.854: Total time for which application threads were stopped: 0.0035910 seconds, Stopping threads took: 0.0017920 seconds
99.897: Application time: 0.0429280 seconds
99.900: [GC [PSYoungGen: 48416K->6656K(49152K)] 99345K->58737K(160256K), 0.0022820 secs] [Times: user=0.02 sys=0.00, real=0.00 secs] 
99.902: Total time for which application threads were stopped: 0.0054890 seconds, Stopping threads took: 0.0031240 seconds
99.942: Application time: 0.0398150 seconds
99.944: [GC [PSYoungGen: 49152K->6656K(49152K)] 101233K->59649K(160256K), 0.0021280 secs] [Times: user=0.01 sys=0.00, real=0.00 secs] 
99.946: Total time for which application threads were stopped: 0.0039910 seconds, Stopping threads took: 0.0017870 seconds
99.991: Application time: 0.0449880 seconds
99.994: [GC [PSYoungGen: 49152K->6464K(49152K)] 102145K->59465K(160256K), 0.0018510 secs] [Times: user=0.01 sys=0.00, real=0.00 secs] 
99.996: Total time for which application threads were stopped: 0.0048330 seconds, Stopping threads took: 0.0029010 seconds
100.037: Application time: 0.0412240 seconds
100.040: [GC [PSYoungGen: 48960K->6624K(49152K)] 101961K->60225K(160256K), 0.0022900 secs] [Times: user=0.02 sys=0.00, real=0.00 secs] 
100.042: Total time for which application threads were stopped: 0.0047950 seconds, Stopping threads took: 0.0024210 seconds
100.082: Application time: 0.0400470 seconds
100.083: [GC [PSYoungGen: 49120K->6624K(49152K)] 102721K->60713K(160256K), 0.0022370 secs] [Times: user=0.02 sys=0.00, real=0.00 secs] 
100.086: Total time for which application threads were stopped: 0.0036410 seconds, Stopping threads took: 0.0013060 seconds
100.127: Application time: 0.0416120 seconds
100.129: [GC [PSYoungGen: 49120K->5552K(49152K)] 103209K->59641K(160256K), 0.0017010 secs] [Times: user=0.01 sys=0.00, real=0.00 secs] 
100.131: Total time for which application threads were stopped: 0.0034500 seconds, Stopping threads took: 0.0016730 seconds
100.172: Application time: 0.0410230 seconds
100.173: [GC [PSYoungGen: 48048K->6272K(49152K)] 102137K->60369K(160256K), 0.0019510 secs] [Times: user=0.01 sys=0.00, real=0.00 secs] 
100.175: Total time for which application threads were stopped: 0.0034990 seconds, Stopping threads took: 0.0014740 seconds
100.218: Application time: 0.0423250 seconds
100.219: [GC [PSYoungGen: 48768K->5728K(49152K)] 102865K->59825K(160256K), 0.0017780 secs] [Times: user=0.01 sys=0.00, real=0.00 secs] 
100.221: Total time for which application threads were stopped: 0.0034120 seconds, Stopping threads took: 0.0015600 seconds
100.264: Application time: 0.0432960 seconds
100.266: [GC [PSYoungGen: 48224K->6144K(49152K)] 102321K->60249K(160256K), 0.0019040 secs] [Times: user=0.01 sys=0.00, real=0.01 secs] 
100.268: Total time for which application threads were stopped: 0.0040170 seconds, Stopping threads took: 0.0020350 seconds
100.311: Application time: 0.0423790 seconds
100.312: [GC [PSYoungGen: 48640K->5456K(49152K)] 102745K->59561K(160256K), 0.0016380 secs] [Times: user=0.01 sys=0.00, real=0.00 secs] 
100.314: Total time for which application threads were stopped: 0.0030340 seconds, Stopping threads took: 0.0013150 seconds
100.356: Application time: 0.0422690 seconds
100.357: [GC [PSYoungGen: 47952K->6384K(49152K)] 102057K->60489K(160256K), 0.0020010 secs] [Times: user=0.01 sys=0.00, real=0.01 secs] 
100.359: Total time for which application threads were stopped: 0.0034640 seconds, Stopping threads took: 0.0013830 seconds
100.401: Application time: 0.0413860 seconds
100.404: [GC [PSYoungGen: 48879K->6624K(49152K)] 102984K->61209K(160256K), 0.0024870 secs] [Times: user=0.01 sys=0.00, real=0.00 secs] 
100.406: Total time for which application threads were stopped: 0.0055160 seconds, Stopping threads took: 0.0029220 seconds
100.447: Application time: 0.0406600 seconds
100.449: [GC [PSYoungGen: 49120K->6432K(49152K)] 103705K->61025K(160256K), 0.0020170 secs] [Times: user=0.01 sys=0.00, real=0.00 secs] 
100.451: Total time for which application threads were stopped: 0.0044230 seconds, Stopping threads took: 0.0023010 seconds
100.492: Application time: 0.0407450 seconds
100.495: [GC [PSYoungGen: 48928K->6656K(49152K)] 103521K->61545K(160256K), 0.0023680 secs] [Times: user=0.01 sys=0.00, real=0.00 secs] 
100.498: Total time for which application threads were stopped: 0.0054640 seconds, Stopping threads took: 0.0029870 seconds
100.539: Application time: 0.0416620 seconds
100.541: [GC [PSYoungGen: 49151K->6640K(49152K)] 104040K->61705K(160256K), 0.0022450 secs] [Times: user=0.01 sys=0.00, real=0.00 secs] 
100.543: Total time for which application threads were stopped: 0.0035550 seconds, Stopping threads took: 0.0012350 seconds
100.583: Application time: 0.0401240 seconds
100.585: [GC [PSYoungGen: 49136K->6656K(49152K)] 104201K->62569K(160256K), 0.0022920 secs] [Times: user=0.02 sys=0.00, real=0.01 secs] 
100.587: Total time for which application threads were stopped: 0.0040620 seconds, Stopping threads took: 0.0016750 seconds
100.631: Application time: 0.0442230 seconds
100.633: [GC [PSYoungGen: 49152K->6656K(49152K)] 105065K->63305K(160256K), 0.0021100 secs] [Times: user=0.01 sys=0.00, real=0.00 secs] 
100.635: Total time for which application threads were stopped: 0.0041890 seconds, Stopping threads took: 0.0020030 seconds
100.678: Application time: 0.0428770 seconds
100.681: [GC [PSYoungGen: 49152K->6640K(49152K)] 105801K->63865K(160256K), 0.0021870 secs] [Times: user=0.01 sys=0.00, real=0.00 secs] 
100.683: Total time for which application threads were stopped: 0.0044430 seconds, Stopping threads took: 0.0021740 seconds
100.724: Application time: 0.0411820 seconds
100.726: [GC [PSYoungGen: 49136K->5984K(49152K)] 106361K->63225K(160256K), 0.0018870 secs] [Times: user=0.01 sys=0.00, real=0.01 secs] 
100.728: Total time for which application threads were stopped: 0.0036870 seconds, Stopping threads took: 0.0017220 seconds
100.768: Application time: 0.0400920 seconds
100.769: [GC [PSYoungGen: 48480K->5696K(49152K)] 105721K->62937K(160256K), 0.0017110 secs] [Times: user=0.00 sys=0.00, real=0.00 secs] 
100.771: Total time for which application threads were stopped: 0.0030900 seconds, Stopping threads took: 0.0012980 seconds
100.813: Application time: 0.0417460 seconds
100.814: [GC [PSYoungGen: 48192K->6656K(49152K)] 105433K->64305K(160256K), 0.0023400 secs] [Times: user=0.02 sys=0.00, real=0.00 secs] 
100.816: Total time for which application threads were stopped: 0.0034600 seconds, Stopping threads took: 0.0010370 seconds
100.857: Application time: 0.0410150 seconds
100.859: [GC [PSYoungGen: 49152K->5872K(49152K)] 106801K->63537K(160256K), 0.0019330 secs] [Times: user=0.01 sys=0.00, real=0.00 secs] 
100.861: Total time for which application threads were stopped: 0.0038350 seconds, Stopping threads took: 0.0018270 seconds
100.901: Application time: 0.0398440 seconds
100.902: [GC [PSYoungGen: 48368K->6560K(49152K)] 106033K->64225K(160256K), 0.0020490 secs] [Times: user=0.02 sys=0.00, real=0.00 secs] 
100.904: Total time for which application threads were stopped: 0.0034980 seconds, Stopping threads took: 0.0013600 seconds
100.946: Application time: 0.0419890 seconds
100.947: [GC [PSYoungGen: 49056K->6080K(49152K)] 106721K->63761K(160256K), 0.0018960 secs] [Times: user=0.02 sys=0.00, real=0.00 secs] 
100.949: Total time for which application threads were stopped: 0.0029590 seconds, Stopping threads took: 0.0009860 seconds
100.995: Application time: 0.0456210 seconds
100.997: [GC [PSYoungGen: 48576K->5968K(49152K)] 106257K->63665K(160256K), 0.0017200 secs] [Times: user=0.01 sys=0.00, real=0.00 secs] 
100.999: Total time for which application threads were stopped: 0.0036860 seconds, Stopping threads took: 0.0018950 seconds
101.043: Application time: 0.0441970 seconds
101.044: [GC [PSYoungGen: 48464K->5824K(49152K)] 106161K->63537K(160256K), 0.0017460 secs] [Times: user=0.01 sys=0.00, real=0.00 secs] 
101.046: Total time for which application threads were stopped: 0.0031530 seconds, Stopping threads took: 0.0013330 seconds
101.088: Application time: 0.0422220 seconds
101.090: [GC [PSYoungGen: 48320K->6656K(49152K)] 106033K->64409K(160256K), 0.0020180 secs] [Times: user=0.01 sys=0.00, real=0.00 secs] 
101.092: Total time for which application threads were stopped: 0.0040100 seconds, Stopping threads took: 0.0019070 seconds
101.135: Application time: 0.0428390 seconds
101.137: [GC [PSYoungGen: 49152K->6624K(49152K)] 106905K->65345K(160256K), 0.0022640 secs] [Times: user=0.01 sys=0.00, real=0.01 secs] 
101.140: Total time for which application threads were stopped: 0.0048150 seconds, Stopping threads took: 0.0024680 seconds
101.179: Application time: 0.0392660 seconds
101.181: [GC [PSYoungGen: 49120K->6656K(49152K)] 107841K->66173K(160256K), 0.0022500 secs] [Times: user=0.01 sys=0.00, real=0.00 secs] 
101.183: Total time for which application threads were stopped: 0.0043290 seconds, Stopping threads took: 0.0019990 seconds
101.223: Application time: 0.0400470 seconds
101.225: [GC [PSYoungGen: 49152K->6624K(49152K)] 108669K->66869K(160256K), 0.0023410 secs] [Times: user=0.01 sys=0.00, real=0.01 secs] 
101.228: Total time for which application threads were stopped: 0.0041660 seconds, Stopping threads took: 0.0017440 seconds
101.267: Application time: 0.0394080 seconds
101.272: [GC [PSYoungGen: 49120K->6656K(49152K)] 109365K->68485K(160256K), 0.0026170 secs] [Times: user=0.02 sys=0.00, real=0.00 secs] 
101.274: Total time for which application threads were stopped: 0.0072390 seconds, Stopping threads took: 0.0045420 seconds
101.316: Application time: 0.0417480 seconds
101.318: [GC [PSYoungGen: 49152K->6656K(49152K)] 110981K->69917K(160256K), 0.0025060 secs] [Times: user=0.02 sys=0.00, real=0.01 secs] 
101.321: Total time for which application threads were stopped: 0.0046250 seconds, Stopping threads took: 0.0020310 seconds
101.362: Application time: 0.0417600 seconds
101.367: [GC [PSYoungGen: 49152K->5440K(49152K)] 112413K->68701K(160256K), 0.0018040 secs] [Times: user=0.01 sys=0.00, real=0.00 secs] 
101.368: Total time for which application threads were stopped: 0.0061040 seconds, Stopping threads took: 0.0042250 seconds
101.409: Application time: 0.0406760 seconds
101.412: [GC [PSYoungGen: 47936K->5920K(49152K)] 111197K->69189K(160256K), 0.0017940 secs] [Times: user=0.01 sys=0.00, real=0.00 secs] 
101.414: Total time for which application threads were stopped: 0.0046620 seconds, Stopping threads took: 0.0027930 seconds
101.455: Application time: 0.0410150 seconds
101.458: [GC [PSYoungGen: 48416K->6528K(49152K)] 111685K->69797K(160256K), 0.0020260 secs] [Times: user=0.02 sys=0.00, real=0.01 secs] 
101.460: Total time for which application threads were stopped: 0.0049670 seconds, Stopping threads took: 0.0028630 seconds
101.504: Application time: 0.0445450 seconds
101.507: [GC [PSYoungGen: 49024K->5824K(49152K)] 112293K->69093K(160256K), 0.0017550 secs] [Times: user=0.01 sys=0.01, real=0.01 secs] 
101.508: Total time for which application threads were stopped: 0.0039790 seconds, Stopping threads took: 0.0021480 seconds
101.549: Application time: 0.0410500 seconds
101.553: [GC [PSYoungGen: 48320K->6640K(49152K)] 111589K->71261K(160256K), 0.0024570 secs] [Times: user=0.02 sys=0.00, real=0.00 secs] 
101.555: Total time for which application threads were stopped: 0.0057020 seconds, Stopping threads took: 0.0031610 seconds
101.595: Application time: 0.0402000 seconds
101.597: [GC [PSYoungGen: 49136K->6656K(49152K)] 113757K->72229K(160256K), 0.0023010 secs] [Times: user=0.01 sys=0.00, real=0.01 secs] 
101.600: Total time for which application threads were stopped: 0.0044450 seconds, Stopping threads took: 0.0020470 seconds
101.641: Application time: 0.0408480 seconds
101.644: [GC [PSYoungGen: 49152K->5536K(49152K)] 114725K->71125K(160256K), 0.0017020 secs] [Times: user=0.01 sys=0.00, real=0.00 secs] 
101.645: Total time for which application threads were stopped: 0.0048180 seconds, Stopping threads took: 0.0030450 seconds
101.687: Application time: 0.0416150 seconds
101.688: [GC [PSYoungGen: 48032K->5888K(49152K)] 113621K->71477K(160256K), 0.0018030 secs] [Times: user=0.01 sys=0.00, real=0.00 secs] 
101.690: Total time for which application threads were stopped: 0.0030530 seconds, Stopping threads took: 0.0011730 seconds
101.734: Application time: 0.0439750 seconds
101.736: [GC [PSYoungGen: 48384K->4800K(49152K)] 113973K->70389K(160256K), 0.0015390 secs] [Times: user=0.01 sys=0.00, real=0.00 secs] 
101.737: Total time for which application threads were stopped: 0.0031420 seconds, Stopping threads took: 0.0015260 seconds
101.780: Application time: 0.0432980 seconds
101.782: [GC [PSYoungGen: 47296K->6016K(49152K)] 112885K->71605K(160256K), 0.0019530 secs] [Times: user=0.02 sys=0.00, real=0.00 secs] 
101.784: Total time for which application threads were stopped: 0.0036590 seconds, Stopping threads took: 0.0016330 seconds
101.827: Application time: 0.0423610 seconds
101.830: [GC [PSYoungGen: 48512K->6480K(49152K)] 114101K->72078K(160256K), 0.0019720 secs] [Times: user=0.02 sys=0.00, real=0.00 secs] 
101.832: Total time for which application threads were stopped: 0.0052750 seconds, Stopping threads took: 0.0032220 seconds
101.876: Application time: 0.0447070 seconds
101.878: [GC [PSYoungGen: 48976K->5840K(49152K)] 114574K->71454K(160256K), 0.0017780 secs] [Times: user=0.01 sys=0.00, real=0.01 secs] 
101.880: Total time for which application threads were stopped: 0.0037130 seconds, Stopping threads took: 0.0018600 seconds
101.922: Application time: 0.0414110 seconds
101.924: [GC [PSYoungGen: 48336K->5888K(49152K)] 113950K->71502K(160256K), 0.0018050 secs] [Times: user=0.01 sys=0.00, real=0.00 secs] 
101.926: Total time for which application threads were stopped: 0.0042410 seconds, Stopping threads took: 0.0023470 seconds
101.965: Application time: 0.0386640 seconds
101.967: [GC [PSYoungGen: 48382K->6640K(49152K)] 113996K->73058K(160256K), 0.0022720 secs] [Times: user=0.01 sys=0.00, real=0.00 secs] 
101.969: Total time for which application threads were stopped: 0.0044700 seconds, Stopping threads took: 0.0021110 seconds
102.011: Application time: 0.0421640 seconds
102.014: [GC [PSYoungGen: 49136K->6416K(49152K)] 115554K->72834K(160256K), 0.0019700 secs] [Times: user=0.01 sys=0.00, real=0.00 secs] 
102.016: Total time for which application threads were stopped: 0.0047110 seconds, Stopping threads took: 0.0026630 seconds
102.056: Application time: 0.0400900 seconds
102.059: [GC [PSYoungGen: 48912K->6656K(49152K)] 115330K->73098K(160256K), 0.0019120 secs] [Times: user=0.01 sys=0.00, real=0.00 secs] 
102.061: Total time for which application threads were stopped: 0.0047930 seconds, Stopping threads took: 0.0028060 seconds
102.104: Application time: 0.0429670 seconds
102.106: [GC [PSYoungGen: 49152K->6240K(49152K)] 115594K->72690K(160256K), 0.0019600 secs] [Times: user=0.01 sys=0.00, real=0.01 secs] 
102.108: Total time for which application threads were stopped: 0.0046380 seconds, Stopping threads took: 0.0025890 seconds
102.150: Application time: 0.0411360 seconds
102.152: [GC [PSYoungGen: 48736K->6592K(49152K)] 115186K->73050K(160256K), 0.0020650 secs] [Times: user=0.02 sys=0.00, real=0.00 secs] 
102.154: Total time for which application threads were stopped: 0.0041550 seconds, Stopping threads took: 0.0020120 seconds
102.195: Application time: 0.0411370 seconds
102.198: [GC [PSYoungGen: 49088K->6576K(49152K)] 115546K->73042K(160256K), 0.0019640 secs] [Times: user=0.01 sys=0.00, real=0.01 secs] 
102.200: Total time for which application threads were stopped: 0.0046790 seconds, Stopping threads took: 0.0026350 seconds
102.241: Application time: 0.0416480 seconds
102.243: [GC [PSYoungGen: 49072K->5424K(49152K)] 115538K->71890K(160256K), 0.0017270 secs] [Times: user=0.01 sys=0.00, real=0.00 secs] 
102.245: Total time for which application threads were stopped: 0.0036420 seconds, Stopping threads took: 0.0018390 seconds
102.287: Application time: 0.0417920 seconds
102.289: [GC [PSYoungGen: 47920K->5856K(49152K)] 114386K->72322K(160256K), 0.0017870 secs] [Times: user=0.01 sys=0.00, real=0.00 secs] 
102.291: Total time for which application threads were stopped: 0.0044410 seconds, Stopping threads took: 0.0025770 seconds
102.333: Application time: 0.0416930 seconds
102.336: [GC [PSYoungGen: 48352K->6640K(49152K)] 114818K->73682K(160256K), 0.0022880 secs] [Times: user=0.01 sys=0.00, real=0.00 secs] 
102.338: Total time for which application threads were stopped: 0.0052020 seconds, Stopping threads took: 0.0028090 seconds
102.378: Application time: 0.0399930 seconds
102.381: [GC [PSYoungGen: 49136K->6624K(49152K)] 116178K->74058K(160256K), 0.0025770 secs] [Times: user=0.01 sys=0.00, real=0.00 secs] 
102.383: Total time for which application threads were stopped: 0.0054090 seconds, Stopping threads took: 0.0027270 seconds
102.425: Application time: 0.0413400 seconds
102.428: [GC [PSYoungGen: 49120K->5888K(49152K)] 116554K->73330K(160256K), 0.0017980 secs] [Times: user=0.01 sys=0.00, real=0.00 secs] 
102.429: Total time for which application threads were stopped: 0.0047930 seconds, Stopping threads took: 0.0029000 seconds
102.472: Application time: 0.0429470 seconds
102.474: [GC [PSYoungGen: 48383K->5888K(49152K)] 115825K->73330K(160256K), 0.0020310 secs] [Times: user=0.01 sys=0.00, real=0.00 secs] 
102.476: Total time for which application threads were stopped: 0.0035250 seconds, Stopping threads took: 0.0014240 seconds
102.516: Application time: 0.0403080 seconds
102.518: [GC [PSYoungGen: 48384K->6304K(49152K)] 115826K->73746K(160256K), 0.0020430 secs] [Times: user=0.01 sys=0.00, real=0.01 secs] 
102.520: Total time for which application threads were stopped: 0.0035490 seconds, Stopping threads took: 0.0014150 seconds
102.564: Application time: 0.0440860 seconds
102.567: [GC [PSYoungGen: 48800K->6096K(49152K)] 116242K->73554K(160256K), 0.0021640 secs] [Times: user=0.01 sys=0.00, real=0.00 secs] 
102.569: Total time for which application threads were stopped: 0.0050790 seconds, Stopping threads took: 0.0028190 seconds
102.611: Application time: 0.0415650 seconds
102.613: [GC [PSYoungGen: 48592K->4912K(49152K)] 116050K->72370K(160256K), 0.0016720 secs] [Times: user=0.00 sys=0.00, real=0.00 secs] 
102.615: Total time for which application threads were stopped: 0.0044190 seconds, Stopping threads took: 0.0026540 seconds
102.655: Application time: 0.0403560 seconds
102.657: [GC [PSYoungGen: 47408K->6656K(49152K)] 114866K->74170K(160256K), 0.0021040 secs] [Times: user=0.01 sys=0.00, real=0.01 secs] 
102.659: Total time for which application threads were stopped: 0.0037710 seconds, Stopping threads took: 0.0015880 seconds
102.699: Application time: 0.0397040 seconds
102.701: [GC [PSYoungGen: 49152K->6640K(49152K)] 116666K->74618K(160256K), 0.0021480 secs] [Times: user=0.02 sys=0.00, real=0.00 secs] 
102.703: Total time for which application threads were stopped: 0.0046520 seconds, Stopping threads took: 0.0024210 seconds
102.744: Application time: 0.0403690 seconds
102.746: [GC [PSYoungGen: 49136K->6656K(49152K)] 117114K->75594K(160256K), 0.0023180 secs] [Times: user=0.01 sys=0.00, real=0.01 secs] 
102.748: Total time for which application threads were stopped: 0.0042230 seconds, Stopping threads took: 0.0018200 seconds
102.789: Application time: 0.0410470 seconds
102.791: [GC [PSYoungGen: 49152K->6624K(49152K)] 118090K->76426K(160256K), 0.0021570 secs] [Times: user=0.01 sys=0.00, real=0.00 secs] 
102.794: Total time for which application threads were stopped: 0.0044780 seconds, Stopping threads took: 0.0022420 seconds
102.836: Application time: 0.0424780 seconds
102.838: [GC [PSYoungGen: 49120K->5648K(49152K)] 118922K->75450K(160256K), 0.0019490 secs] [Times: user=0.01 sys=0.00, real=0.01 secs] 
102.840: Total time for which application threads were stopped: 0.0039930 seconds, Stopping threads took: 0.0019490 seconds
102.880: Application time: 0.0394570 seconds
102.882: [GC [PSYoungGen: 48144K->6480K(49152K)] 117946K->76282K(160256K), 0.0022130 secs] [Times: user=0.01 sys=0.00, real=0.00 secs] 
102.884: Total time for which application threads were stopped: 0.0042540 seconds, Stopping threads took: 0.0019550 seconds
102.925: Application time: 0.0413630 seconds
102.927: [GC [PSYoungGen: 48976K->5840K(49152K)] 118778K->75642K(160256K), 0.0018440 secs] [Times: user=0.01 sys=0.01, real=0.01 secs] 
102.928: Total time for which application threads were stopped: 0.0032570 seconds, Stopping threads took: 0.0013310 seconds
102.968: Application time: 0.0393430 seconds
102.969: [GC [PSYoungGen: 48336K->6640K(49152K)] 118138K->77274K(160256K), 0.0022370 secs] [Times: user=0.01 sys=0.00, real=0.00 secs] 
102.972: Total time for which application threads were stopped: 0.0039860 seconds, Stopping threads took: 0.0016680 seconds
103.013: Application time: 0.0414610 seconds
103.015: [GC [PSYoungGen: 49136K->6640K(49152K)] 119770K->78126K(160256K), 0.0022840 secs] [Times: user=0.01 sys=0.00, real=0.00 secs] 
103.017: Total time for which application threads were stopped: 0.0039080 seconds, Stopping threads took: 0.0015380 seconds
103.063: Application time: 0.0454710 seconds
103.064: [GC [PSYoungGen: 49136K->4032K(49152K)] 120622K->75518K(160256K), 0.0013870 secs] [Times: user=0.01 sys=0.00, real=0.00 secs] 
103.066: Total time for which application threads were stopped: 0.0029420 seconds, Stopping threads took: 0.0014890 seconds
103.108: Application time: 0.0420670 seconds
103.110: [GC [PSYoungGen: 46528K->6656K(49152K)] 118014K->78686K(160256K), 0.0021890 secs] [Times: user=0.01 sys=0.00, real=0.00 secs] 
103.112: Total time for which application threads were stopped: 0.0042610 seconds, Stopping threads took: 0.0019920 seconds
103.153: Application time: 0.0414750 seconds
103.155: [GC [PSYoungGen: 49152K->6656K(49152K)] 121182K->78694K(160256K), 0.0020340 secs] [Times: user=0.01 sys=0.00, real=0.00 secs] 
103.157: Total time for which application threads were stopped: 0.0041290 seconds, Stopping threads took: 0.0019700 seconds
103.201: Application time: 0.0439060 seconds
103.203: [GC [PSYoungGen: 49152K->6592K(49152K)] 121190K->78638K(160256K), 0.0019510 secs] [Times: user=0.01 sys=0.00, real=0.00 secs] 
103.205: Total time for which application threads were stopped: 0.0038150 seconds, Stopping threads took: 0.0017880 seconds
103.246: Application time: 0.0412290 seconds
103.249: [GC [PSYoungGen: 49088K->6560K(49152K)] 121134K->78614K(160256K), 0.0020340 secs] [Times: user=0.02 sys=0.00, real=0.00 secs] 
103.251: Total time for which application threads were stopped: 0.0046650 seconds, Stopping threads took: 0.0025470 seconds
103.292: Application time: 0.0408750 seconds
103.295: [GC [PSYoungGen: 49056K->6144K(49152K)] 121110K->78206K(160256K), 0.0018010 secs] [Times: user=0.01 sys=0.00, real=0.00 secs] 
103.297: Total time for which application threads were stopped: 0.0045380 seconds, Stopping threads took: 0.0026550 seconds
103.339: Application time: 0.0420010 seconds
103.341: [GC [PSYoungGen: 48640K->5568K(49152K)] 120702K->77630K(160256K), 0.0017690 secs] [Times: user=0.01 sys=0.00, real=0.00 secs] 
103.343: Total time for which application threads were stopped: 0.0040950 seconds, Stopping threads took: 0.0022530 seconds
103.384: Application time: 0.0414380 seconds
103.386: [GC [PSYoungGen: 48063K->5024K(49152K)] 120126K->77086K(160256K), 0.0016690 secs] [Times: user=0.01 sys=0.00, real=0.01 secs] 
103.388: Total time for which application threads were stopped: 0.0037820 seconds, Stopping threads took: 0.0020320 seconds
103.429: Application time: 0.0414650 seconds
103.431: [GC [PSYoungGen: 47520K->5536K(49152K)] 119582K->77598K(160256K), 0.0016170 secs] [Times: user=0.01 sys=0.00, real=0.00 secs] 
103.433: Total time for which application threads were stopped: 0.0032160 seconds, Stopping threads took: 0.0015180 seconds
103.474: Application time: 0.0412560 seconds
103.475: [GC [PSYoungGen: 48032K->5328K(49152K)] 120094K->77390K(160256K), 0.0017740 secs] [Times: user=0.01 sys=0.00, real=0.00 secs] 
103.477: Total time for which application threads were stopped: 0.0030750 seconds, Stopping threads took: 0.0012130 seconds
103.516: Application time: 0.0389940 seconds
103.517: [GC [PSYoungGen: 47824K->5296K(49152K)] 119886K->77374K(160256K), 0.0016390 secs] [Times: user=0.01 sys=0.00, real=0.01 secs] 
103.519: Total time for which application threads were stopped: 0.0031450 seconds, Stopping threads took: 0.0014280 seconds
103.558: Application time: 0.0387100 seconds
103.560: [GC [PSYoungGen: 47792K->6640K(49152K)] 119870K->78998K(160256K), 0.0020710 secs] [Times: user=0.02 sys=0.00, real=0.00 secs] 
103.562: Total time for which application threads were stopped: 0.0044020 seconds, Stopping threads took: 0.0022520 seconds
103.601: Application time: 0.0390260 seconds
103.603: [GC [PSYoungGen: 49136K->6640K(49152K)] 121494K->79166K(160256K), 0.0020860 secs] [Times: user=0.01 sys=0.00, real=0.00 secs] 
103.605: Total time for which application threads were stopped: 0.0041170 seconds, Stopping threads took: 0.0019510 seconds
103.643: Application time: 0.0376990 seconds
103.644: [GC [PSYoungGen: 49136K->6640K(49152K)] 121662K->79254K(160256K), 0.0020390 secs] [Times: user=0.02 sys=0.00, real=0.00 secs] 
103.646: Total time for which application threads were stopped: 0.0034490 seconds, Stopping threads took: 0.0013220 seconds
103.685: Application time: 0.0386840 seconds
103.687: [GC [PSYoungGen: 49136K->6640K(49152K)] 121750K->79534K(160256K), 0.0021950 secs] [Times: user=0.01 sys=0.00, real=0.00 secs] 
103.690: Total time for which application threads were stopped: 0.0044270 seconds, Stopping threads took: 0.0021430 seconds
103.729: Application time: 0.0391440 seconds
103.730: [GC [PSYoungGen: 49136K->6640K(49152K)] 122030K->80126K(160256K), 0.0022310 secs] [Times: user=0.01 sys=0.00, real=0.00 secs] 
103.733: Total time for which application threads were stopped: 0.0038330 seconds, Stopping threads took: 0.0015210 seconds
103.772: Application time: 0.0389920 seconds
103.773: [GC [PSYoungGen: 49136K->6624K(49152K)] 122622K->80134K(160256K), 0.0020510 secs] [Times: user=0.02 sys=0.00, real=0.00 secs] 
103.775: Total time for which application threads were stopped: 0.0036270 seconds, Stopping threads took: 0.0014930 seconds
103.815: Application time: 0.0400680 seconds
103.817: [GC [PSYoungGen: 49120K->6304K(49152K)] 122630K->79822K(160256K), 0.0018740 secs] [Times: user=0.02 sys=0.00, real=0.01 secs] 
103.819: Total time for which application threads were stopped: 0.0039800 seconds, Stopping threads took: 0.0020260 seconds
103.858: Application time: 0.0392400 seconds
103.860: [GC [PSYoungGen: 48800K->5280K(49152K)] 122318K->78798K(160256K), 0.0017770 secs] [Times: user=0.01 sys=0.00, real=0.00 secs] 
103.861: Total time for which application threads were stopped: 0.0030440 seconds, Stopping threads took: 0.0011900 seconds
103.900: Application time: 0.0383480 seconds
103.902: [GC [PSYoungGen: 47776K->6624K(49152K)] 121294K->80438K(160256K), 0.0020270 secs] [Times: user=0.01 sys=0.00, real=0.00 secs] 
103.904: Total time for which application threads were stopped: 0.0038030 seconds, Stopping threads took: 0.0016960 seconds
103.942: Application time: 0.0385110 seconds
103.945: [GC [PSYoungGen: 49120K->6640K(49152K)] 122934K->80718K(160256K), 0.0021560 secs] [Times: user=0.01 sys=0.00, real=0.01 secs] 
103.947: Total time for which application threads were stopped: 0.0049950 seconds, Stopping threads took: 0.0027560 seconds
103.985: Application time: 0.0382070 seconds
103.987: [GC [PSYoungGen: 49136K->6032K(49152K)] 123214K->80110K(160256K), 0.0017960 secs] [Times: user=0.01 sys=0.00, real=0.00 secs] 
103.989: Total time for which application threads were stopped: 0.0035340 seconds, Stopping threads took: 0.0016560 seconds
104.029: Application time: 0.0397090 seconds
104.030: [GC [PSYoungGen: 48528K->6288K(49152K)] 122606K->80382K(160256K), 0.0019900 secs] [Times: user=0.02 sys=0.00, real=0.00 secs] 
104.032: Total time for which application threads were stopped: 0.0034420 seconds, Stopping threads took: 0.0013760 seconds
104.077: Application time: 0.0446460 seconds
104.078: [GC [PSYoungGen: 48784K->4768K(49152K)] 122878K->78862K(160256K), 0.0014720 secs] [Times: user=0.00 sys=0.00, real=0.01 secs] 
104.080: Total time for which application threads were stopped: 0.0031790 seconds, Stopping threads took: 0.0016290 seconds
104.120: Application time: 0.0405490 seconds
104.123: [GC [PSYoungGen: 47262K->6656K(49152K)] 121357K->80750K(160256K), 0.0019670 secs] [Times: user=0.01 sys=0.00, real=0.00 secs] 
104.125: Total time for which application threads were stopped: 0.0046260 seconds, Stopping threads took: 0.0025800 seconds
104.163: Application time: 0.0381280 seconds
104.165: [GC [PSYoungGen: 49152K->6656K(49152K)] 123246K->81526K(160256K), 0.0022170 secs] [Times: user=0.02 sys=0.00, real=0.01 secs] 
104.167: Total time for which application threads were stopped: 0.0039110 seconds, Stopping threads took: 0.0016130 seconds
104.204: Application time: 0.0374050 seconds
104.207: [GC [PSYoungGen: 49152K->6656K(49152K)] 124022K->81942K(160256K), 0.0021650 secs] [Times: user=0.01 sys=0.00, real=0.00 secs] 
104.209: Total time for which application threads were stopped: 0.0044740 seconds, Stopping threads took: 0.0022220 seconds
104.249: Application time: 0.0400930 seconds
104.251: [GC [PSYoungGen: 49152K->5520K(49152K)] 124438K->80814K(160256K), 0.0016980 secs] [Times: user=0.01 sys=0.00, real=0.00 secs] 
104.253: Total time for which application threads were stopped: 0.0037900 seconds, Stopping threads took: 0.0020180 seconds
104.290: Application time: 0.0371910 seconds
104.292: [GC [PSYoungGen: 48016K->6368K(49152K)] 123310K->81662K(160256K), 0.0020400 secs] [Times: user=0.01 sys=0.00, real=0.00 secs] 
104.294: Total time for which application threads were stopped: 0.0039900 seconds, Stopping threads took: 0.0018650 seconds
104.333: Application time: 0.0391630 seconds
104.336: [GC [PSYoungGen: 48864K->6640K(49152K)] 124158K->83026K(160256K), 0.0021750 secs] [Times: user=0.02 sys=0.00, real=0.00 secs] 
104.339: Total time for which application threads were stopped: 0.0052890 seconds, Stopping threads took: 0.0030310 seconds
104.380: Application time: 0.0411360 seconds
104.382: [GC [PSYoungGen: 49136K->6640K(49152K)] 125522K->83050K(160256K), 0.0019450 secs] [Times: user=0.01 sys=0.00, real=0.00 secs] 
104.384: Total time for which application threads were stopped: 0.0043330 seconds, Stopping threads took: 0.0023100 seconds
104.423: Application time: 0.0386780 seconds
104.424: [GC [PSYoungGen: 49136K->6448K(49152K)] 125546K->82858K(160256K), 0.0020810 secs] [Times: user=0.01 sys=0.00, real=0.01 secs] 
104.427: Total time for which application threads were stopped: 0.0039200 seconds, Stopping threads took: 0.0017390 seconds
104.464: Application time: 0.0371080 seconds
104.465: [GC [PSYoungGen: 48944K->6640K(49152K)] 125354K->83754K(160256K), 0.0022370 secs] [Times: user=0.01 sys=0.00, real=0.01 secs] 
104.468: Total time for which application threads were stopped: 0.0038330 seconds, Stopping threads took: 0.0015070 seconds
104.506: Application time: 0.0380730 seconds
104.508: [GC [PSYoungGen: 49136K->6656K(49152K)] 126250K->84562K(160256K), 0.0022880 secs] [Times: user=0.02 sys=0.00, real=0.00 secs] 
104.510: Total time for which application threads were stopped: 0.0045900 seconds, Stopping threads took: 0.0022190 seconds
104.548: Application time: 0.0379500 seconds
104.550: [GC [PSYoungGen: 49152K->6624K(49152K)] 127058K->84762K(160256K), 0.0023710 secs] [Times: user=0.01 sys=0.00, real=0.00 secs] 
104.553: Total time for which application threads were stopped: 0.0043570 seconds, Stopping threads took: 0.0019060 seconds
104.591: Application time: 0.0383190 seconds
104.592: [GC [PSYoungGen: 49120K->6624K(49152K)] 127258K->85234K(160256K), 0.0021840 secs] [Times: user=0.02 sys=0.00, real=0.00 secs] 
104.595: Total time for which application threads were stopped: 0.0038360 seconds, Stopping threads took: 0.0015700 seconds
104.634: Application time: 0.0390310 seconds
104.636: [GC [PSYoungGen: 49120K->6656K(49152K)] 127730K->86674K(160256K), 0.0026270 secs] [Times: user=0.01 sys=0.00, real=0.01 secs] 
104.639: Total time for which application threads were stopped: 0.0049210 seconds, Stopping threads took: 0.0021910 seconds
104.678: Application time: 0.0395530 seconds
104.680: [GC [PSYoungGen: 49152K->6624K(49152K)] 129170K->86802K(160256K), 0.0021540 secs] [Times: user=0.01 sys=0.00, real=0.00 secs] 
104.682: Total time for which application threads were stopped: 0.0039450 seconds, Stopping threads took: 0.0017170 seconds
104.721: Application time: 0.0389010 seconds
104.724: [GC [PSYoungGen: 49120K->6656K(49152K)] 129298K->87714K(160256K), 0.0024340 secs] [Times: user=0.02 sys=0.00, real=0.00 secs] 
104.726: Total time for which application threads were stopped: 0.0053750 seconds, Stopping threads took: 0.0028340 seconds
104.764: Application time: 0.0375050 seconds
104.766: [GC [PSYoungGen: 49152K->6640K(49152K)] 130210K->88298K(160256K), 0.0022080 secs] [Times: user=0.02 sys=0.00, real=0.01 secs] 
104.768: Total time for which application threads were stopped: 0.0044830 seconds, Stopping threads took: 0.0021920 seconds
104.806: Application time: 0.0373600 seconds
104.807: [GC [PSYoungGen: 49136K->6640K(49152K)] 130794K->88754K(160256K), 0.0021200 secs] [Times: user=0.01 sys=0.00, real=0.00 secs] 
104.809: Total time for which application threads were stopped: 0.0037110 seconds, Stopping threads took: 0.0015080 seconds
104.846: Application time: 0.0366630 seconds
104.848: [GC [PSYoungGen: 49136K->6656K(49152K)] 131250K->90178K(160256K), 0.0024190 secs] [Times: user=0.02 sys=0.00, real=0.00 secs] 
104.851: Total time for which application threads were stopped: 0.0045340 seconds, Stopping threads took: 0.0020300 seconds
104.889: Application time: 0.0383050 seconds
104.891: [GC [PSYoungGen: 49152K->6656K(49152K)] 132674K->90946K(160256K), 0.0023150 secs] [Times: user=0.02 sys=0.00, real=0.00 secs] 
104.893: Total time for which application threads were stopped: 0.0039750 seconds, Stopping threads took: 0.0015780 seconds
104.932: Application time: 0.0387260 seconds
104.934: [GC [PSYoungGen: 49152K->6656K(49152K)] 133442K->91090K(160256K), 0.0020930 secs] [Times: user=0.02 sys=0.00, real=0.00 secs] 
104.936: Total time for which application threads were stopped: 0.0046110 seconds, Stopping threads took: 0.0024390 seconds
104.975: Application time: 0.0390820 seconds
104.976: [GC [PSYoungGen: 49152K->6656K(49152K)] 133586K->91098K(160256K), 0.0022310 secs] [Times: user=0.01 sys=0.00, real=0.00 secs] 
104.979: Total time for which application threads were stopped: 0.0031770 seconds, Stopping threads took: 0.0008590 seconds
105.017: Application time: 0.0382530 seconds
105.018: [GC [PSYoungGen: 49152K->6432K(49152K)] 133594K->90874K(160256K), 0.0020090 secs] [Times: user=0.01 sys=0.00, real=0.01 secs] 
105.020: Total time for which application threads were stopped: 0.0030390 seconds, Stopping threads took: 0.0009530 seconds
105.059: Application time: 0.0391900 seconds
105.061: [GC [PSYoungGen: 48928K->6464K(49152K)] 133370K->90914K(160256K), 0.0019560 secs] [Times: user=0.02 sys=0.00, real=0.00 secs] 
105.063: Total time for which application threads were stopped: 0.0040350 seconds, Stopping threads took: 0.0020020 seconds
105.102: Application time: 0.0389550 seconds
105.104: [GC [PSYoungGen: 48960K->6656K(49152K)] 133410K->91634K(160256K), 0.0021440 secs] [Times: user=0.01 sys=0.00, real=0.00 secs] 
105.107: Total time for which application threads were stopped: 0.0044610 seconds, Stopping threads took: 0.0022360 seconds
105.144: Application time: 0.0370780 seconds
105.146: [GC [PSYoungGen: 49152K->6656K(49152K)] 134130K->92914K(160256K), 0.0024490 secs] [Times: user=0.02 sys=0.00, real=0.01 secs] 
105.149: Total time for which application threads were stopped: 0.0051350 seconds, Stopping threads took: 0.0026060 seconds
105.187: Application time: 0.0387080 seconds
105.190: [GC [PSYoungGen: 49152K->6336K(49152K)] 135410K->92594K(160256K), 0.0018920 secs] [Times: user=0.01 sys=0.00, real=0.00 secs] 
105.192: Total time for which application threads were stopped: 0.0041860 seconds, Stopping threads took: 0.0022210 seconds
105.231: Application time: 0.0391470 seconds
105.233: [GC [PSYoungGen: 48832K->5120K(49152K)] 135090K->91387K(160256K), 0.0015700 secs] [Times: user=0.01 sys=0.00, real=0.00 secs] 
105.234: Total time for which application threads were stopped: 0.0035420 seconds, Stopping threads took: 0.0018920 seconds
105.273: Application time: 0.0390730 seconds
105.275: [GC [PSYoungGen: 47616K->6384K(49152K)] 133883K->92651K(160256K), 0.0019290 secs] [Times: user=0.02 sys=0.00, real=0.00 secs] 
105.277: Total time for which application threads were stopped: 0.0036960 seconds, Stopping threads took: 0.0016880 seconds
105.316: Application time: 0.0391860 seconds
105.318: [GC [PSYoungGen: 48880K->6208K(49152K)] 135147K->92483K(160256K), 0.0019400 secs] [Times: user=0.02 sys=0.00, real=0.01 secs] 
105.320: Total time for which application threads were stopped: 0.0038680 seconds, Stopping threads took: 0.0018500 seconds
105.359: Application time: 0.0392600 seconds
105.361: [GC [PSYoungGen: 48704K->6640K(49152K)] 134979K->93431K(160256K), 0.0022340 secs] [Times: user=0.02 sys=0.00, real=0.00 secs] 
105.363: Total time for which application threads were stopped: 0.0038340 seconds, Stopping threads took: 0.0015260 seconds
105.403: Application time: 0.0394240 seconds
105.405: [GC [PSYoungGen: 49136K->6640K(49152K)] 135927K->93751K(160256K), 0.0021370 secs] [Times: user=0.02 sys=0.00, real=0.01 secs] 
105.407: Total time for which application threads were stopped: 0.0048060 seconds, Stopping threads took: 0.0025880 seconds
105.447: Application time: 0.0394420 seconds
105.448: [GC [PSYoungGen: 49136K->6352K(49152K)] 136247K->93463K(160256K), 0.0020820 secs] [Times: user=0.01 sys=0.00, real=0.00 secs] 
105.450: Total time for which application threads were stopped: 0.0033210 seconds, Stopping threads took: 0.0011590 seconds
105.490: Application time: 0.0395510 seconds
105.492: [GC [PSYoungGen: 48848K->6176K(49152K)] 135959K->93287K(160256K), 0.0019390 secs] [Times: user=0.01 sys=0.00, real=0.00 secs] 
105.494: Total time for which application threads were stopped: 0.0044970 seconds, Stopping threads took: 0.0024770 seconds
105.534: Application time: 0.0394500 seconds
105.536: [GC [PSYoungGen: 48672K->6496K(49152K)] 135783K->93607K(160256K), 0.0019690 secs] [Times: user=0.02 sys=0.00, real=0.00 secs] 
105.538: Total time for which application threads were stopped: 0.0043230 seconds, Stopping threads took: 0.0022750 seconds
105.580: Application time: 0.0417540 seconds
105.581: [GC [PSYoungGen: 48992K->4544K(49152K)] 136103K->91671K(160256K), 0.0014250 secs] [Times: user=0.01 sys=0.00, real=0.00 secs] 
105.583: Total time for which application threads were stopped: 0.0029440 seconds, Stopping threads took: 0.0014530 seconds
105.622: Application time: 0.0388730 seconds
105.624: [GC [PSYoungGen: 47040K->6656K(49152K)] 134167K->94599K(160256K), 0.0022460 secs] [Times: user=0.01 sys=0.00, real=0.00 secs] 
105.626: Total time for which application threads were stopped: 0.0046430 seconds, Stopping threads took: 0.0023170 seconds
105.664: Application time: 0.0379970 seconds
105.666: [GC [PSYoungGen: 49152K->6656K(49152K)] 137095K->95111K(160256K), 0.0022540 secs] [Times: user=0.02 sys=0.00, real=0.01 secs] 
105.668: Total time for which application threads were stopped: 0.0037820 seconds, Stopping threads took: 0.0014480 seconds
105.708: Application time: 0.0397710 seconds
105.710: [GC [PSYoungGen: 49152K->6144K(49152K)] 137607K->94599K(160256K), 0.0018790 secs] [Times: user=0.02 sys=0.00, real=0.00 secs] 
105.712: Total time for which application threads were stopped: 0.0037490 seconds, Stopping threads took: 0.0017890 seconds
105.749: Application time: 0.0378290 seconds
105.750: [GC [PSYoungGen: 48640K->6656K(49152K)] 137095K->95135K(160256K), 0.0020420 secs] [Times: user=0.01 sys=0.00, real=0.00 secs] 
105.752: Total time for which application threads were stopped: 0.0029600 seconds, Stopping threads took: 0.0008290 seconds
105.792: Application time: 0.0400470 seconds
105.795: [GC [PSYoungGen: 49152K->6512K(49152K)] 137631K->94999K(160256K), 0.0021150 secs] [Times: user=0.01 sys=0.00, real=0.00 secs] 
105.797: Total time for which application threads were stopped: 0.0045180 seconds, Stopping threads took: 0.0023270 seconds
105.836: Application time: 0.0390250 seconds
105.839: [GC [PSYoungGen: 49008K->6624K(49152K)] 137495K->95679K(160256K), 0.0020980 secs] [Times: user=0.02 sys=0.00, real=0.00 secs] 
105.841: Total time for which application threads were stopped: 0.0048920 seconds, Stopping threads took: 0.0027140 seconds
105.879: Application time: 0.0383400 seconds
105.882: [GC [PSYoungGen: 49120K->6656K(49152K)] 138175K->96079K(160256K), 0.0022790 secs] [Times: user=0.01 sys=0.00, real=0.00 secs] 
105.884: Total time for which application threads were stopped: 0.0051490 seconds, Stopping threads took: 0.0027930 seconds
105.924: Application time: 0.0399360 seconds
105.927: [GC [PSYoungGen: 49152K->6640K(49152K)] 138575K->96319K(160256K), 0.0021460 secs] [Times: user=0.01 sys=0.00, real=0.00 secs] 
105.929: Total time for which application threads were stopped: 0.0048100 seconds, Stopping threads took: 0.0025880 seconds
105.969: Application time: 0.0402970 seconds
105.970: [GC [PSYoungGen: 49136K->4736K(49152K)] 138815K->94415K(160256K), 0.0015460 secs] [Times: user=0.01 sys=0.00, real=0.00 secs] 
105.971: Total time for which application threads were stopped: 0.0020240 seconds, Stopping threads took: 0.0004090 seconds
106.014: Application time: 0.0421650 seconds
106.016: [GC [PSYoungGen: 47232K->5216K(49152K)] 136911K->94895K(160256K), 0.0016250 secs] [Times: user=0.01 sys=0.00, real=0.00 secs] 
106.017: Total time for which application threads were stopped: 0.0037590 seconds, Stopping threads took: 0.0020660 seconds
106.059: Application time: 0.0420890 seconds
106.062: [GC [PSYoungGen: 47712K->6640K(49152K)] 137391K->96335K(160256K), 0.0020410 secs] [Times: user=0.01 sys=0.00, real=0.00 secs] 
106.064: Total time for which application threads were stopped: 0.0044750 seconds, Stopping threads took: 0.0023480 seconds
106.102: Application time: 0.0376740 seconds
106.105: [GC [PSYoungGen: 49136K->6624K(49152K)] 138831K->96335K(160256K), 0.0020070 secs] [Times: user=0.01 sys=0.00, real=0.01 secs] 
106.107: Total time for which application threads were stopped: 0.0049320 seconds, Stopping threads took: 0.0028380 seconds
106.146: Application time: 0.0395100 seconds
106.148: [GC [PSYoungGen: 49120K->6112K(49152K)] 138831K->95823K(160256K), 0.0018970 secs] [Times: user=0.01 sys=0.01, real=0.00 secs] 
106.150: Total time for which application threads were stopped: 0.0043040 seconds, Stopping threads took: 0.0023260 seconds
106.191: Application time: 0.0405810 seconds
106.194: [GC [PSYoungGen: 48608K->6560K(49152K)] 138319K->96287K(160256K), 0.0019890 secs] [Times: user=0.01 sys=0.00, real=0.00 secs] 
106.196: Total time for which application threads were stopped: 0.0046830 seconds, Stopping threads took: 0.0026120 seconds
106.233: Application time: 0.0376050 seconds
106.235: [GC [PSYoungGen: 49054K->6624K(49152K)] 138782K->96367K(160256K), 0.0020150 secs] [Times: user=0.01 sys=0.00, real=0.00 secs] 
106.237: Total time for which application threads were stopped: 0.0033650 seconds, Stopping threads took: 0.0012690 seconds
106.275: Application time: 0.0384730 seconds
106.278: [GC [PSYoungGen: 49120K->6432K(49152K)] 138863K->96175K(160256K), 0.0019210 secs] [Times: user=0.01 sys=0.00, real=0.01 secs] 
106.280: Total time for which application threads were stopped: 0.0047480 seconds, Stopping threads took: 0.0027410 seconds
106.320: Application time: 0.0401390 seconds
106.321: [GC [PSYoungGen: 48928K->5104K(49152K)] 138671K->94855K(160256K), 0.0016370 secs] [Times: user=0.01 sys=0.00, real=0.00 secs] 
106.323: Total time for which application threads were stopped: 0.0026460 seconds, Stopping threads took: 0.0009350 seconds
106.368: Application time: 0.0456770 seconds
106.370: [GC [PSYoungGen: 47600K->4576K(49152K)] 137351K->94327K(160256K), 0.0014350 secs] [Times: user=0.01 sys=0.00, real=0.00 secs] 
106.372: Total time for which application threads were stopped: 0.0034720 seconds, Stopping threads took: 0.0019680 seconds
106.412: Application time: 0.0403450 seconds
106.414: [GC [PSYoungGen: 47072K->6336K(49152K)] 136823K->96103K(160256K), 0.0019100 secs] [Times: user=0.01 sys=0.00, real=0.00 secs] 
106.416: Total time for which application threads were stopped: 0.0036980 seconds, Stopping threads took: 0.0017090 seconds
106.455: Application time: 0.0394760 seconds
106.458: [GC [PSYoungGen: 48832K->6640K(49152K)] 138599K->96415K(160256K), 0.0021340 secs] [Times: user=0.01 sys=0.00, real=0.01 secs] 
106.460: Total time for which application threads were stopped: 0.0048990 seconds, Stopping threads took: 0.0026860 seconds
106.499: Application time: 0.0385880 seconds
106.500: [GC [PSYoungGen: 49136K->6112K(49152K)] 138911K->95903K(160256K), 0.0018570 secs] [Times: user=0.02 sys=0.00, real=0.00 secs] 
106.502: Total time for which application threads were stopped: 0.0028510 seconds, Stopping threads took: 0.0009160 seconds
106.541: Application time: 0.0396630 seconds
106.543: [GC [PSYoungGen: 48608K->6624K(49152K)] 138399K->96439K(160256K), 0.0020120 secs] [Times: user=0.02 sys=0.00, real=0.00 secs] 
106.546: Total time for which application threads were stopped: 0.0041940 seconds, Stopping threads took: 0.0021050 seconds
106.586: Application time: 0.0401240 seconds
106.588: [GC [PSYoungGen: 49120K->5920K(49152K)] 138935K->95735K(160256K), 0.0017470 secs] [Times: user=0.02 sys=0.00, real=0.00 secs] 
106.590: Total time for which application threads were stopped: 0.0043800 seconds, Stopping threads took: 0.0025660 seconds
106.631: Application time: 0.0404990 seconds
106.633: [GC [PSYoungGen: 48416K->6240K(49152K)] 138231K->96063K(160256K), 0.0018240 secs] [Times: user=0.01 sys=0.00, real=0.00 secs] 
106.635: Total time for which application threads were stopped: 0.0046700 seconds, Stopping threads took: 0.0027750 seconds
106.677: Application time: 0.0414270 seconds
106.679: [GC [PSYoungGen: 48736K->5904K(49152K)] 138559K->95727K(160256K), 0.0018170 secs] [Times: user=0.01 sys=0.00, real=0.00 secs] 
106.681: Total time for which application threads were stopped: 0.0044860 seconds, Stopping threads took: 0.0025970 seconds
106.721: Application time: 0.0402850 seconds
106.724: [GC [PSYoungGen: 48400K->6240K(49152K)] 138223K->96079K(160256K), 0.0020440 secs] [Times: user=0.01 sys=0.00, real=0.00 secs] 
106.726: Total time for which application threads were stopped: 0.0049530 seconds, Stopping threads took: 0.0028190 seconds
106.767: Application time: 0.0403550 seconds
106.769: [GC [PSYoungGen: 48736K->5456K(49152K)] 138575K->95295K(160256K), 0.0017290 secs] [Times: user=0.01 sys=0.00, real=0.00 secs] 
106.771: Total time for which application threads were stopped: 0.0041910 seconds, Stopping threads took: 0.0023830 seconds
106.810: Application time: 0.0386060 seconds
106.811: [GC [PSYoungGen: 47952K->6640K(49152K)] 137791K->97071K(160256K), 0.0022140 secs] [Times: user=0.02 sys=0.00, real=0.00 secs] 
106.813: Total time for which application threads were stopped: 0.0039310 seconds, Stopping threads took: 0.0016300 seconds
106.852: Application time: 0.0384020 seconds
106.855: [GC [PSYoungGen: 49136K->5952K(49152K)] 139567K->96383K(160256K), 0.0018180 secs] [Times: user=0.02 sys=0.00, real=0.00 secs] 
106.856: Total time for which application threads were stopped: 0.0046130 seconds, Stopping threads took: 0.0027200 seconds
106.896: Application time: 0.0392610 seconds
106.898: [GC [PSYoungGen: 48448K->5744K(49152K)] 138879K->96183K(160256K), 0.0018170 secs] [Times: user=0.01 sys=0.00, real=0.01 secs] 
106.900: Total time for which application threads were stopped: 0.0041330 seconds, Stopping threads took: 0.0022390 seconds
106.942: Application time: 0.0418350 seconds
106.944: [GC [PSYoungGen: 48240K->6576K(49152K)] 138679K->97023K(160256K), 0.0019790 secs] [Times: user=0.01 sys=0.00, real=0.00 secs] 
106.946: Total time for which application threads were stopped: 0.0040740 seconds, Stopping threads took: 0.0020230 seconds
106.986: Application time: 0.0402340 seconds
106.988: [GC [PSYoungGen: 49072K->6144K(49152K)] 139519K->96599K(160256K), 0.0019870 secs] [Times: user=0.01 sys=0.01, real=0.00 secs] 
106.990: Total time for which application threads were stopped: 0.0040330 seconds, Stopping threads took: 0.0019720 seconds
107.029: Application time: 0.0392720 seconds
107.031: [GC [PSYoungGen: 48639K->6512K(49152K)] 139094K->96967K(160256K), 0.0020200 secs] [Times: user=0.01 sys=0.00, real=0.00 secs] 
107.033: Total time for which application threads were stopped: 0.0039740 seconds, Stopping threads took: 0.0018770 seconds
107.071: Application time: 0.0372020 seconds
107.072: [GC [PSYoungGen: 49008K->6640K(49152K)] 139463K->97215K(160256K), 0.0020760 secs] [Times: user=0.01 sys=0.00, real=0.00 secs] 
107.074: Total time for which application threads were stopped: 0.0038350 seconds, Stopping threads took: 0.0016790 seconds
107.114: Application time: 0.0398320 seconds
107.115: [GC [PSYoungGen: 49136K->6320K(49152K)] 139711K->96895K(160256K), 0.0020590 secs] [Times: user=0.01 sys=0.00, real=0.00 secs] 
107.117: Total time for which application threads were stopped: 0.0031470 seconds, Stopping threads took: 0.0010170 seconds
107.159: Application time: 0.0418940 seconds
107.160: [GC [PSYoungGen: 48816K->4720K(49152K)] 139391K->95303K(160256K), 0.0015940 secs] [Times: user=0.01 sys=0.00, real=0.00 secs] 
107.162: Total time for which application threads were stopped: 0.0025810 seconds, Stopping threads took: 0.0009210 seconds
107.201: Application time: 0.0393740 seconds
107.203: [GC [PSYoungGen: 47216K->6128K(49152K)] 137799K->96711K(160256K), 0.0018660 secs] [Times: user=0.01 sys=0.00, real=0.00 secs] 
107.204: Total time for which application threads were stopped: 0.0032800 seconds, Stopping threads took: 0.0013320 seconds
107.244: Application time: 0.0399370 seconds
107.246: [GC [PSYoungGen: 48624K->6640K(49152K)] 139207K->97503K(160256K), 0.0022000 secs] [Times: user=0.02 sys=0.00, real=0.01 secs] 
107.248: Total time for which application threads were stopped: 0.0034140 seconds, Stopping threads took: 0.0011260 seconds
107.289: Application time: 0.0411880 seconds
107.291: [GC [PSYoungGen: 49134K->5824K(49152K)] 139997K->96687K(160256K), 0.0018090 secs] [Times: user=0.01 sys=0.00, real=0.00 secs] 
107.293: Total time for which application threads were stopped: 0.0035910 seconds, Stopping threads took: 0.0017050 seconds
107.333: Application time: 0.0402240 seconds
107.335: [GC [PSYoungGen: 48320K->6624K(49152K)] 139183K->98523K(160256K), 0.0023860 secs] [Times: user=0.01 sys=0.00, real=0.00 secs] 
107.337: Total time for which application threads were stopped: 0.0044920 seconds, Stopping threads took: 0.0020180 seconds
107.379: Application time: 0.0413270 seconds
107.380: [GC [PSYoungGen: 49120K->6656K(49152K)] 141019K->98571K(160256K), 0.0020190 secs] [Times: user=0.02 sys=0.00, real=0.00 secs] 
107.382: Total time for which application threads were stopped: 0.0036190 seconds, Stopping threads took: 0.0015250 seconds
107.421: Application time: 0.0385340 seconds
107.422: [GC [PSYoungGen: 49152K->5536K(49152K)] 141067K->97459K(160256K), 0.0017420 secs] [Times: user=0.01 sys=0.00, real=0.00 secs] 
107.424: Total time for which application threads were stopped: 0.0028760 seconds, Stopping threads took: 0.0010560 seconds
107.465: Application time: 0.0414630 seconds
107.467: [GC [PSYoungGen: 48032K->6640K(49152K)] 139955K->98611K(160256K), 0.0020980 secs] [Times: user=0.01 sys=0.01, real=0.00 secs] 
107.469: Total time for which application threads were stopped: 0.0040880 seconds, Stopping threads took: 0.0019110 seconds
107.510: Application time: 0.0407540 seconds
107.513: [GC [PSYoungGen: 49136K->6656K(49152K)] 141107K->98635K(160256K), 0.0020780 secs] [Times: user=0.02 sys=0.00, real=0.00 secs] 
107.515: Total time for which application threads were stopped: 0.0047990 seconds, Stopping threads took: 0.0026420 seconds
107.556: Application time: 0.0412740 seconds
107.559: [GC [PSYoungGen: 49152K->6640K(49152K)] 141131K->99323K(160256K), 0.0021640 secs] [Times: user=0.01 sys=0.00, real=0.00 secs] 
107.561: Total time for which application threads were stopped: 0.0053750 seconds, Stopping threads took: 0.0031330 seconds
107.602: Application time: 0.0408050 seconds
107.605: [GC [PSYoungGen: 49136K->6624K(49152K)] 141819K->100847K(160256K), 0.0025510 secs] [Times: user=0.02 sys=0.00, real=0.01 secs] 
107.608: Total time for which application threads were stopped: 0.0056720 seconds, Stopping threads took: 0.0030350 seconds
107.650: Application time: 0.0424400 seconds
107.653: [GC [PSYoungGen: 49120K->6656K(49152K)] 143343K->102335K(160256K), 0.0024960 secs] [Times: user=0.02 sys=0.00, real=0.00 secs] 
107.655: Total time for which application threads were stopped: 0.0049240 seconds, Stopping threads took: 0.0023430 seconds
107.695: Application time: 0.0401570 seconds
107.698: [GC [PSYoungGen: 49152K->6656K(49152K)] 144831K->102671K(160256K), 0.0021960 secs] [Times: user=0.02 sys=0.00, real=0.01 secs] 
107.700: Total time for which application threads were stopped: 0.0047450 seconds, Stopping threads took: 0.0024630 seconds
107.743: Application time: 0.0427740 seconds
107.746: [GC [PSYoungGen: 49152K->5024K(49152K)] 145167K->101039K(160256K), 0.0016570 secs] [Times: user=0.01 sys=0.00, real=0.01 secs] 
107.747: Total time for which application threads were stopped: 0.0042160 seconds, Stopping threads took: 0.0024820 seconds
107.790: Application time: 0.0426760 seconds
107.792: [GC [PSYoungGen: 47520K->6048K(49152K)] 143535K->102063K(160256K), 0.0018740 secs] [Times: user=0.01 sys=0.00, real=0.00 secs] 
107.794: Total time for which application threads were stopped: 0.0042870 seconds, Stopping threads took: 0.0023390 seconds
107.836: Application time: 0.0419820 seconds
107.839: [GC [PSYoungGen: 48544K->6656K(49152K)] 144559K->103815K(160256K), 0.0023390 secs] [Times: user=0.01 sys=0.00, real=0.00 secs] 
107.841: Total time for which application threads were stopped: 0.0050350 seconds, Stopping threads took: 0.0026050 seconds
107.882: Application time: 0.0412490 seconds
107.883: [GC [PSYoungGen: 49152K->6272K(49152K)] 146311K->103431K(160256K), 0.0019540 secs] [Times: user=0.01 sys=0.00, real=0.00 secs] 
107.885: Total time for which application threads were stopped: 0.0029770 seconds, Stopping threads took: 0.0009430 seconds
107.930: Application time: 0.0440540 seconds
107.931: [GC [PSYoungGen: 48768K->6464K(49152K)] 145927K->103623K(160256K), 0.0019700 secs] [Times: user=0.02 sys=0.00, real=0.00 secs] 
107.933: Total time for which application threads were stopped: 0.0038460 seconds, Stopping threads took: 0.0017950 seconds
107.973: Application time: 0.0400380 seconds
107.975: [GC [PSYoungGen: 48960K->6640K(49152K)] 146119K->104455K(160256K), 0.0023090 secs] [Times: user=0.02 sys=0.00, real=0.00 secs] 
107.978: Total time for which application threads were stopped: 0.0041530 seconds, Stopping threads took: 0.0017590 seconds
108.018: Application time: 0.0407020 seconds
108.021: [GC [PSYoungGen: 49136K->6640K(49152K)] 146951K->104963K(160256K), 0.0022610 secs] [Times: user=0.01 sys=0.00, real=0.00 secs] 
108.023: Total time for which application threads were stopped: 0.0045740 seconds, Stopping threads took: 0.0022240 seconds
108.065: Application time: 0.0421770 seconds
108.067: [GC [PSYoungGen: 49136K->5440K(49152K)] 147459K->103771K(160256K), 0.0017670 secs] [Times: user=0.02 sys=0.00, real=0.00 secs] 
108.068: Total time for which application threads were stopped: 0.0033880 seconds, Stopping threads took: 0.0015440 seconds
108.112: Application time: 0.0435100 seconds
108.115: [GC [PSYoungGen: 47936K->4992K(49152K)] 146267K->103331K(160256K), 0.0016960 secs] [Times: user=0.01 sys=0.00, real=0.00 secs] 
108.117: Total time for which application threads were stopped: 0.0049480 seconds, Stopping threads took: 0.0031770 seconds
108.158: Application time: 0.0408350 seconds
108.159: [GC [PSYoungGen: 47488K->6400K(49152K)] 145827K->104739K(160256K), 0.0019490 secs] [Times: user=0.01 sys=0.00, real=0.00 secs] 
108.161: Total time for which application threads were stopped: 0.0036110 seconds, Stopping threads took: 0.0015830 seconds
108.204: Application time: 0.0423270 seconds
108.207: [GC [PSYoungGen: 48896K->6656K(49152K)] 147235K->105255K(160256K), 0.0020440 secs] [Times: user=0.02 sys=0.00, real=0.00 secs] 
108.209: Total time for which application threads were stopped: 0.0050630 seconds, Stopping threads took: 0.0029450 seconds
108.250: Application time: 0.0415260 seconds
108.252: [GC [PSYoungGen: 49152K->5856K(49152K)] 147751K->104455K(160256K), 0.0021470 secs] [Times: user=0.02 sys=0.00, real=0.00 secs] 
108.254: Total time for which application threads were stopped: 0.0038180 seconds, Stopping threads took: 0.0015810 seconds
108.294: Application time: 0.0400800 seconds
108.297: [GC [PSYoungGen: 48352K->6640K(49152K)] 146951K->106359K(160256K), 0.0025530 secs] [Times: user=0.02 sys=0.00, real=0.01 secs] 
108.300: Total time for which application threads were stopped: 0.0056570 seconds, Stopping threads took: 0.0030180 seconds
108.343: Application time: 0.0427180 seconds
108.344: [GC [PSYoungGen: 49136K->5680K(49152K)] 148855K->105399K(160256K), 0.0017500 secs] [Times: user=0.01 sys=0.00, real=0.00 secs] 
108.346: Total time for which application threads were stopped: 0.0035320 seconds, Stopping threads took: 0.0016890 seconds
108.387: Application time: 0.0411800 seconds
108.389: [GC [PSYoungGen: 48176K->6128K(49152K)] 147895K->105847K(160256K), 0.0019130 secs] [Times: user=0.01 sys=0.00, real=0.00 secs] 
108.391: Total time for which application threads were stopped: 0.0036890 seconds, Stopping threads took: 0.0016900 seconds
108.432: Application time: 0.0408340 seconds
108.435: [GC [PSYoungGen: 48624K->5440K(49152K)] 148343K->105167K(160256K), 0.0016900 secs] [Times: user=0.01 sys=0.00, real=0.00 secs] 
108.436: Total time for which application threads were stopped: 0.0047270 seconds, Stopping threads took: 0.0029580 seconds
108.480: Application time: 0.0430680 seconds
108.481: [GC [PSYoungGen: 47936K->6304K(49152K)] 147663K->106031K(160256K), 0.0020130 secs] [Times: user=0.01 sys=0.00, real=0.00 secs] 
108.483: Total time for which application threads were stopped: 0.0038450 seconds, Stopping threads took: 0.0017370 seconds
108.524: Application time: 0.0409310 seconds
108.526: [GC [PSYoungGen: 48800K->6656K(49152K)] 148527K->106663K(160256K), 0.0022840 secs] [Times: user=0.01 sys=0.00, real=0.01 secs] 
108.528: Total time for which application threads were stopped: 0.0040680 seconds, Stopping threads took: 0.0017020 seconds
108.569: Application time: 0.0409920 seconds
108.572: [GC [PSYoungGen: 49152K->5360K(49152K)] 149159K->105383K(160256K), 0.0020610 secs] [Times: user=0.01 sys=0.00, real=0.00 secs] 
108.574: Total time for which application threads were stopped: 0.0043150 seconds, Stopping threads took: 0.0021790 seconds
108.615: Application time: 0.0414690 seconds
108.617: [GC [PSYoungGen: 47856K->6272K(49152K)] 147879K->106311K(160256K), 0.0020720 secs] [Times: user=0.02 sys=0.00, real=0.01 secs] 
108.620: Total time for which application threads were stopped: 0.0043080 seconds, Stopping threads took: 0.0021440 seconds
108.660: Application time: 0.0405890 seconds
108.661: [GC [PSYoungGen: 48766K->6176K(49152K)] 148806K->106223K(160256K), 0.0020180 secs] [Times: user=0.01 sys=0.00, real=0.00 secs] 
108.663: Total time for which application threads were stopped: 0.0033540 seconds, Stopping threads took: 0.0012520 seconds
108.705: Application time: 0.0414390 seconds
108.708: [GC [PSYoungGen: 48672K->6400K(49152K)] 148719K->106447K(160256K), 0.0019460 secs] [Times: user=0.01 sys=0.00, real=0.00 secs] 
108.710: Total time for which application threads were stopped: 0.0047350 seconds, Stopping threads took: 0.0027110 seconds
108.751: Application time: 0.0409880 seconds
108.752: [GC [PSYoungGen: 48896K->6640K(49152K)] 148943K->108119K(160256K), 0.0026240 secs] [Times: user=0.01 sys=0.00, real=0.00 secs] 
108.754: Total time for which application threads were stopped: 0.0038430 seconds, Stopping threads took: 0.0011210 seconds
108.799: Application time: 0.0443960 seconds
108.801: [GC [PSYoungGen: 49136K->5968K(49152K)] 150615K->107455K(160256K), 0.0018760 secs] [Times: user=0.01 sys=0.00, real=0.00 secs] 
108.803: Total time for which application threads were stopped: 0.0044050 seconds, Stopping threads took: 0.0024320 seconds
108.847: Application time: 0.0434160 seconds
108.850: [GC [PSYoungGen: 48464K->6336K(49152K)] 149951K->107831K(160256K), 0.0019720 secs] [Times: user=0.02 sys=0.00, real=0.00 secs] 
108.852: Total time for which application threads were stopped: 0.0048270 seconds, Stopping threads took: 0.0027690 seconds
108.892: Application time: 0.0401630 seconds
108.893: [GC [PSYoungGen: 48832K->6640K(49152K)] 150327K->108199K(160256K), 0.0020270 secs] [Times: user=0.01 sys=0.00, real=0.00 secs] 
108.895: Total time for which application threads were stopped: 0.0037000 seconds, Stopping threads took: 0.0015960 seconds
108.938: Application time: 0.0421700 seconds
108.938: [GC [PSYoungGen: 49136K->6640K(49152K)] 150695K->108607K(160256K), 0.0021590 secs] [Times: user=0.02 sys=0.00, real=0.01 secs] 
108.941: Total time for which application threads were stopped: 0.0030640 seconds, Stopping threads took: 0.0008210 seconds
108.983: Application time: 0.0420820 seconds
108.985: [GC [PSYoungGen: 49136K->6656K(49152K)] 151103K->109352K(160256K), 0.0021930 secs] [Times: user=0.01 sys=0.00, real=0.01 secs] 
108.988: Total time for which application threads were stopped: 0.0049270 seconds, Stopping threads took: 0.0026570 seconds
109.032: Application time: 0.0444580 seconds
109.034: [GC [PSYoungGen: 49152K->6256K(49152K)] 151848K->108952K(160256K), 0.0019210 secs] [Times: user=0.01 sys=0.00, real=0.00 secs] 
109.036: Total time for which application threads were stopped: 0.0042850 seconds, Stopping threads took: 0.0022880 seconds
109.078: Application time: 0.0414540 seconds
109.080: [GC [PSYoungGen: 48752K->6112K(49152K)] 151448K->108808K(160256K), 0.0019560 secs] [Times: user=0.01 sys=0.00, real=0.00 secs] 
109.082: Total time for which application threads were stopped: 0.0043050 seconds, Stopping threads took: 0.0022670 seconds
109.124: Application time: 0.0417420 seconds
109.126: [GC [PSYoungGen: 48608K->6656K(49152K)] 151304K->110472K(160256K), 0.0024760 secs] [Times: user=0.02 sys=0.00, real=0.01 secs] 
109.129: Total time for which application threads were stopped: 0.0047550 seconds, Stopping threads took: 0.0021970 seconds
109.169: Application time: 0.0405000 seconds
109.172: [GC [PSYoungGen: 49152K->6352K(49152K)] 152968K->110176K(160256K), 0.0019580 secs] [Times: user=0.01 sys=0.00, real=0.00 secs] 
109.174: Total time for which application threads were stopped: 0.0052940 seconds, Stopping threads took: 0.0032550 seconds
109.214: Application time: 0.0400420 seconds
109.217: [GC [PSYoungGen: 48848K->6624K(49152K)] 152672K->110536K(160256K), 0.0022260 secs] [Times: user=0.01 sys=0.00, real=0.01 secs] 
109.219: Total time for which application threads were stopped: 0.0045740 seconds, Stopping threads took: 0.0022660 seconds
109.260: Application time: 0.0404800 seconds
109.262: [GC [PSYoungGen: 49120K->6528K(49152K)] 153032K->110440K(160256K), 0.0021130 secs] [Times: user=0.01 sys=0.00, real=0.00 secs] 
109.264: Total time for which application threads were stopped: 0.0041090 seconds, Stopping threads took: 0.0019140 seconds
109.304: Application time: 0.0406870 seconds
109.306: [GC [PSYoungGen: 49024K->6032K(49152K)] 152936K->109944K(160256K), 0.0019210 secs] [Times: user=0.02 sys=0.00, real=0.01 secs] 
109.308: Total time for which application threads were stopped: 0.0039780 seconds, Stopping threads took: 0.0019720 seconds
109.349: Application time: 0.0408090 seconds
109.351: [GC [PSYoungGen: 48528K->5952K(49152K)] 152440K->109864K(160256K), 0.0018660 secs] [Times: user=0.02 sys=0.00, real=0.00 secs] 
109.353: Total time for which application threads were stopped: 0.0034040 seconds, Stopping threads took: 0.0014530 seconds
109.393: Application time: 0.0403570 seconds
109.395: [GC [PSYoungGen: 48448K->6640K(49152K)] 152360K->111168K(160256K), 0.0022990 secs] [Times: user=0.01 sys=0.00, real=0.00 secs] 
109.397: Total time for which application threads were stopped: 0.0043530 seconds, Stopping threads took: 0.0019740 seconds
109.438: Application time: 0.0407670 seconds
109.441: [GC [PSYoungGen: 49136K->6624K(49152K)] 153664K->112680K(160256K), 0.0026060 secs] [Times: user=0.01 sys=0.00, real=0.00 secs] 
109.444: Total time for which application threads were stopped: 0.0054830 seconds, Stopping threads took: 0.0027910 seconds
109.485: Application time: 0.0411310 seconds
109.487: [GC [PSYoungGen: 49120K->6640K(49152K)] 155176K->113152K(160256K), 0.0021580 secs] [Times: user=0.02 sys=0.00, real=0.00 secs] 
109.490: Total time for which application threads were stopped: 0.0049870 seconds, Stopping threads took: 0.0027440 seconds
109.531: Application time: 0.0412540 seconds
109.533: [GC [PSYoungGen: 49136K->5584K(49152K)] 155648K->112112K(160256K), 0.0017700 secs] [Times: user=0.01 sys=0.00, real=0.00 secs] 
109.535: Total time for which application threads were stopped: 0.0041990 seconds, Stopping threads took: 0.0023510 seconds
109.576: Application time: 0.0407550 seconds
109.578: [GC [PSYoungGen: 48080K->5968K(49152K)] 154608K->112496K(160256K), 0.0017970 secs] [Times: user=0.02 sys=0.00, real=0.01 secs] 
109.580: Total time for which application threads were stopped: 0.0036560 seconds, Stopping threads took: 0.0017790 seconds
109.624: Application time: 0.0443250 seconds
109.627: [GC [PSYoungGen: 48464K->5296K(49152K)] 154992K->111824K(160256K), 0.0017240 secs] [Times: user=0.01 sys=0.00, real=0.00 secs] 
109.628: Total time for which application threads were stopped: 0.0045920 seconds, Stopping threads took: 0.0028020 seconds
109.670: Application time: 0.0411130 seconds
109.673: [GC [PSYoungGen: 47790K->6480K(49152K)] 154319K->113016K(160256K), 0.0019860 secs] [Times: user=0.02 sys=0.00, real=0.00 secs] 
109.675: Total time for which application threads were stopped: 0.0049930 seconds, Stopping threads took: 0.0029150 seconds
109.716: Application time: 0.0411200 seconds
109.718: [GC [PSYoungGen: 48975K->6496K(49152K)] 155512K->113040K(160256K), 0.0021890 secs] [Times: user=0.01 sys=0.00, real=0.01 secs] 
109.720: Total time for which application threads were stopped: 0.0045570 seconds, Stopping threads took: 0.0022830 seconds
109.760: Application time: 0.0396670 seconds
109.761: [GC [PSYoungGen: 48992K->6656K(49152K)] 155536K->113952K(160256K), 0.0022980 secs] [Times: user=0.02 sys=0.00, real=0.00 secs] 
109.764: Total time for which application threads were stopped: 0.0038170 seconds, Stopping threads took: 0.0014310 seconds
109.805: Application time: 0.0410860 seconds
109.807: [GC [PSYoungGen: 49152K->6208K(49152K)] 156448K->113512K(160256K), 0.0020130 secs] [Times: user=0.02 sys=0.00, real=0.00 secs] 
109.809: Total time for which application threads were stopped: 0.0043900 seconds, Stopping threads took: 0.0022770 seconds
109.850: Application time: 0.0404670 seconds
109.852: [GC [PSYoungGen: 48704K->6016K(49152K)] 156008K->113320K(160256K), 0.0019140 secs] [Times: user=0.01 sys=0.00, real=0.00 secs] 
109.854: Total time for which application threads were stopped: 0.0041500 seconds, Stopping threads took: 0.0021470 seconds
109.896: Application time: 0.0420210 seconds
109.898: [GC [PSYoungGen: 48512K->6048K(49152K)] 155816K->113352K(160256K), 0.0018520 secs] [Times: user=0.02 sys=0.00, real=0.01 secs] 
109.900: Total time for which application threads were stopped: 0.0038390 seconds, Stopping threads took: 0.0019060 seconds
109.943: Application time: 0.0429670 seconds
109.944: [GC [PSYoungGen: 48544K->5088K(49152K)] 155848K->112400K(160256K), 0.0016920 secs] [Times: user=0.02 sys=0.00, real=0.00 secs] 
109.946: Total time for which application threads were stopped: 0.0029650 seconds, Stopping threads took: 0.0012030 seconds
109.988: Application time: 0.0425900 seconds
109.990: [GC [PSYoungGen: 47584K->6096K(49152K)] 154896K->113408K(160256K), 0.0019110 secs] [Times: user=0.01 sys=0.00, real=0.00 secs] 
109.992: Total time for which application threads were stopped: 0.0035850 seconds, Stopping threads took: 0.0015960 seconds
110.036: Application time: 0.0437130 seconds
110.038: [GC [PSYoungGen: 48592K->6624K(49152K)] 155904K->114344K(160256K), 0.0021840 secs] [Times: user=0.02 sys=0.00, real=0.01 secs] 
110.040: Total time for which application threads were stopped: 0.0048960 seconds, Stopping threads took: 0.0026260 seconds
110.082: Application time: 0.0419370 seconds
110.085: [GC [PSYoungGen: 49120K->5936K(49152K)] 156840K->113672K(160256K), 0.0018040 secs] [Times: user=0.01 sys=0.00, real=0.01 secs] 
110.087: Total time for which application threads were stopped: 0.0047180 seconds, Stopping threads took: 0.0028290 seconds
110.129: Application time: 0.0421540 seconds
110.132: [GC [PSYoungGen: 48432K->5872K(49152K)] 156168K->113608K(160256K), 0.0019370 secs] [Times: user=0.01 sys=0.00, real=0.00 secs] 
110.134: Total time for which application threads were stopped: 0.0045060 seconds, Stopping threads took: 0.0024990 seconds
110.176: Application time: 0.0419330 seconds
110.177: [GC [PSYoungGen: 48368K->5200K(49152K)] 156104K->112936K(160256K), 0.0017500 secs] [Times: user=0.01 sys=0.00, real=0.01 secs] 
110.179: Total time for which application threads were stopped: 0.0032540 seconds, Stopping threads took: 0.0014260 seconds
110.220: Application time: 0.0410180 seconds
110.222: [GC [PSYoungGen: 47696K->6448K(49152K)] 155432K->114200K(160256K), 0.0019870 secs] [Times: user=0.01 sys=0.00, real=0.00 secs] 
110.224: Total time for which application threads were stopped: 0.0038960 seconds, Stopping threads took: 0.0018250 seconds
110.266: Application time: 0.0420880 seconds
110.269: [GC [PSYoungGen: 48944K->6656K(49152K)] 156696K->115032K(160256K), 0.0022540 secs] [Times: user=0.02 sys=0.00, real=0.00 secs] 
110.271: Total time for which application threads were stopped: 0.0050900 seconds, Stopping threads took: 0.0027520 seconds
110.312: Application time: 0.0414270 seconds
110.315: [GC [PSYoungGen: 49152K->6656K(49152K)] 157528K->115552K(160256K), 0.0022110 secs] [Times: user=0.02 sys=0.00, real=0.00 secs] 
110.317: Total time for which application threads were stopped: 0.0044090 seconds, Stopping threads took: 0.0021080 seconds
110.358: Application time: 0.0412230 seconds
110.360: [GC [PSYoungGen: 49152K->6656K(49152K)] 158048K->115916K(160256K), 0.0023640 secs] [Times: user=0.01 sys=0.00, real=0.00 secs] 
110.362: Total time for which application threads were stopped: 0.0044000 seconds, Stopping threads took: 0.0019300 seconds
110.403: Application time: 0.0404290 seconds
110.405: [GC [PSYoungGen: 49152K->6640K(49152K)] 158412K->116132K(160256K), 0.0021410 secs] [Times: user=0.01 sys=0.00, real=0.01 secs] 
110.407: Total time for which application threads were stopped: 0.0043110 seconds, Stopping threads took: 0.0020920 seconds
110.448: Application time: 0.0409140 seconds
110.451: [GC [PSYoungGen: 49136K->6640K(49152K)] 158628K->116292K(160256K), 0.0020670 secs] [Times: user=0.01 sys=0.00, real=0.00 secs] 
110.453: Total time for which application threads were stopped: 0.0047410 seconds, Stopping threads took: 0.0025880 seconds
110.494: Application time: 0.0409220 seconds
110.496: [GC [PSYoungGen: 49136K->6624K(49152K)] 158788K->117356K(160256K), 0.0025320 secs] [Times: user=0.01 sys=0.00, real=0.01 secs] 
110.499: [Full GC [PSYoungGen: 6624K->0K(49152K)] [ParOldGen: 110732K->10208K(111104K)] 117356K->10208K(160256K) [PSPermGen: 5147K->5147K(21504K)], 0.0072610 secs] [Times: user=0.04 sys=0.00, real=0.00 secs] 
110.506: Total time for which application threads were stopped: 0.0122150 seconds, Stopping threads took: 0.0022810 seconds
110.546: Application time: 0.0396520 seconds
110.547: [GC [PSYoungGen: 42495K->6640K(49152K)] 52703K->17536K(160256K), 0.0022460 secs] [Times: user=0.01 sys=0.00, real=0.00 secs] 
110.550: Total time for which application threads were stopped: 0.0040040 seconds, Stopping threads took: 0.0016560 seconds
110.590: Application time: 0.0402100 seconds
110.592: [GC [PSYoungGen: 49136K->6464K(49152K)] 60032K->17360K(160256K), 0.0018800 secs] [Times: user=0.02 sys=0.00, real=0.00 secs] 
110.594: Total time for which application threads were stopped: 0.0038240 seconds, Stopping threads took: 0.0018630 seconds
110.635: Application time: 0.0417460 seconds
110.639: [GC [PSYoungGen: 48959K->6640K(49152K)] 59855K->17952K(160256K), 0.0020920 secs] [Times: user=0.01 sys=0.00, real=0.00 secs] 
110.641: Total time for which application threads were stopped: 0.0052900 seconds, Stopping threads took: 0.0031210 seconds
110.681: Application time: 0.0398500 seconds
110.684: [GC [PSYoungGen: 49136K->6656K(49152K)] 60448K->18344K(160256K), 0.0020510 secs] [Times: user=0.02 sys=0.00, real=0.00 secs] 
110.686: Total time for which application threads were stopped: 0.0050720 seconds, Stopping threads took: 0.0029410 seconds
110.727: Application time: 0.0410010 seconds
110.729: [GC [PSYoungGen: 49152K->6544K(49152K)] 60840K->18232K(160256K), 0.0019750 secs] [Times: user=0.01 sys=0.00, real=0.00 secs] 
110.731: Total time for which application threads were stopped: 0.0042970 seconds, Stopping threads took: 0.0022420 seconds
110.773: Application time: 0.0422260 seconds
110.775: [GC [PSYoungGen: 49040K->5840K(49152K)] 60728K->17528K(160256K), 0.0017410 secs] [Times: user=0.01 sys=0.00, real=0.00 secs] 
110.777: Total time for which application threads were stopped: 0.0033230 seconds, Stopping threads took: 0.0015080 seconds
110.817: Application time: 0.0407340 seconds
110.820: [GC [PSYoungGen: 48336K->6272K(49152K)] 60024K->17960K(160256K), 0.0017940 secs] [Times: user=0.02 sys=0.00, real=0.00 secs] 
110.822: Total time for which application threads were stopped: 0.0045940 seconds, Stopping threads took: 0.0027230 seconds
110.864: Application time: 0.0422610 seconds
110.866: [GC [PSYoungGen: 48768K->5664K(49152K)] 60456K->17352K(160256K), 0.0016500 secs] [Times: user=0.01 sys=0.00, real=0.01 secs] 
110.868: Total time for which application threads were stopped: 0.0040180 seconds, Stopping threads took: 0.0022730 seconds
110.909: Application time: 0.0408030 seconds
110.911: [GC [PSYoungGen: 48160K->6640K(49152K)] 59848K->18328K(160256K), 0.0019570 secs] [Times: user=0.01 sys=0.00, real=0.00 secs] 
110.913: Total time for which application threads were stopped: 0.0038340 seconds, Stopping threads took: 0.0017810 seconds
110.956: Application time: 0.0431700 seconds
110.958: [GC [PSYoungGen: 49136K->5600K(49152K)] 60824K->17288K(160256K), 0.0017960 secs] [Times: user=0.01 sys=0.00, real=0.01 secs] 
110.960: Total time for which application threads were stopped: 0.0042680 seconds, Stopping threads took: 0.0024010 seconds
111.004: Application time: 0.0435740 seconds
111.006: [GC [PSYoungGen: 48096K->6416K(49152K)] 59784K->18104K(160256K), 0.0019590 secs] [Times: user=0.01 sys=0.00, real=0.01 secs] 
111.008: Total time for which application threads were stopped: 0.0038620 seconds, Stopping threads took: 0.0018130 seconds
111.050: Application time: 0.0424690 seconds
111.053: [GC [PSYoungGen: 48912K->6336K(49152K)] 60600K->18024K(160256K), 0.0018660 secs] [Times: user=0.01 sys=0.00, real=0.00 secs] 
111.055: Total time for which application threads were stopped: 0.0051030 seconds, Stopping threads took: 0.0031520 seconds
111.096: Application time: 0.0405720 seconds
111.098: [GC [PSYoungGen: 48832K->6640K(49152K)] 60520K->18728K(160256K), 0.0021850 secs] [Times: user=0.02 sys=0.00, real=0.01 secs] 
111.100: Total time for which application threads were stopped: 0.0041570 seconds, Stopping threads took: 0.0018940 seconds
111.141: Application time: 0.0408250 seconds
111.144: [GC [PSYoungGen: 49136K->6656K(49152K)] 61224K->18984K(160256K), 0.0020360 secs] [Times: user=0.02 sys=0.00, real=0.00 secs] 
111.146: Total time for which application threads were stopped: 0.0050370 seconds, Stopping threads took: 0.0029230 seconds
111.186: Application time: 0.0404560 seconds
111.189: [GC [PSYoungGen: 49152K->6656K(49152K)] 61480K->20240K(160256K), 0.0023390 secs] [Times: user=0.02 sys=0.00, real=0.00 secs] 
111.192: Total time for which application threads were stopped: 0.0055100 seconds, Stopping threads took: 0.0030840 seconds
111.234: Application time: 0.0424080 seconds
111.235: [GC [PSYoungGen: 49152K->5232K(49152K)] 62736K->18832K(160256K), 0.0016330 secs] [Times: user=0.01 sys=0.00, real=0.00 secs] 
111.237: Total time for which application threads were stopped: 0.0027180 seconds, Stopping threads took: 0.0010110 seconds
111.279: Application time: 0.0424310 seconds
111.281: [GC [PSYoungGen: 47728K->5648K(49152K)] 61328K->19248K(160256K), 0.0017200 secs] [Times: user=0.01 sys=0.00, real=0.00 secs] 
111.283: Total time for which application threads were stopped: 0.0036360 seconds, Stopping threads took: 0.0018380 seconds
111.326: Application time: 0.0425580 seconds
111.328: [GC [PSYoungGen: 48144K->6608K(49152K)] 61744K->20216K(160256K), 0.0019180 secs] [Times: user=0.01 sys=0.00, real=0.00 secs] 
111.330: Total time for which application threads were stopped: 0.0039030 seconds, Stopping threads took: 0.0019050 seconds
111.371: Application time: 0.0414760 seconds
111.373: [GC [PSYoungGen: 49104K->6048K(49152K)] 62712K->19672K(160256K), 0.0017620 secs] [Times: user=0.01 sys=0.00, real=0.00 secs] 
111.375: Total time for which application threads were stopped: 0.0042760 seconds, Stopping threads took: 0.0024250 seconds
111.414: Application time: 0.0386300 seconds
111.416: [GC [PSYoungGen: 48544K->6640K(49152K)] 62168K->20720K(160256K), 0.0020850 secs] [Times: user=0.01 sys=0.00, real=0.00 secs] 
111.419: Total time for which application threads were stopped: 0.0046290 seconds, Stopping threads took: 0.0024600 seconds
111.460: Application time: 0.0412320 seconds
111.462: [GC [PSYoungGen: 49136K->5664K(49152K)] 63216K->19752K(160256K), 0.0016140 secs] [Times: user=0.01 sys=0.00, real=0.00 secs] 
111.464: Total time for which application threads were stopped: 0.0038000 seconds, Stopping threads took: 0.0021150 seconds
111.504: Application time: 0.0405350 seconds
111.506: [GC [PSYoungGen: 48160K->6560K(49152K)] 62248K->20656K(160256K), 0.0018460 secs] [Times: user=0.01 sys=0.00, real=0.01 secs] 
111.508: Total time for which application threads were stopped: 0.0042360 seconds, Stopping threads took: 0.0023130 seconds
111.550: Application time: 0.0414850 seconds
111.551: [GC [PSYoungGen: 49056K->5600K(49152K)] 63152K->19712K(160256K), 0.0016730 secs] [Times: user=0.01 sys=0.00, real=0.00 secs] 
111.553: Total time for which application threads were stopped: 0.0031810 seconds, Stopping threads took: 0.0014180 seconds
111.598: Application time: 0.0448630 seconds
111.600: [GC [PSYoungGen: 48096K->4848K(49152K)] 62208K->18960K(160256K), 0.0014760 secs] [Times: user=0.01 sys=0.00, real=0.00 secs] 
111.601: Total time for which application threads were stopped: 0.0032470 seconds, Stopping threads took: 0.0016930 seconds
111.639: Application time: 0.0382950 seconds
111.642: [GC [PSYoungGen: 47344K->6656K(49152K)] 61456K->21784K(160256K), 0.0023020 secs] [Times: user=0.02 sys=0.00, real=0.00 secs] 
111.645: Total time for which application threads were stopped: 0.0051620 seconds, Stopping threads took: 0.0027780 seconds
111.683: Application time: 0.0382430 seconds
111.684: [GC [PSYoungGen: 49152K->6656K(49152K)] 64280K->22600K(160256K), 0.0021930 secs] [Times: user=0.02 sys=0.00, real=0.01 secs] 
111.687: Total time for which application threads were stopped: 0.0038420 seconds, Stopping threads took: 0.0015700 seconds
111.724: Application time: 0.0377760 seconds
111.727: [GC [PSYoungGen: 49150K->6656K(49152K)] 65095K->22648K(160256K), 0.0018980 secs] [Times: user=0.01 sys=0.00, real=0.01 secs] 
111.728: Total time for which application threads were stopped: 0.0040160 seconds, Stopping threads took: 0.0020360 seconds
111.766: Application time: 0.0371450 seconds
111.767: [GC [PSYoungGen: 49152K->6640K(49152K)] 65144K->22936K(160256K), 0.0020390 secs] [Times: user=0.01 sys=0.00, real=0.00 secs] 
111.769: Total time for which application threads were stopped: 0.0038830 seconds, Stopping threads took: 0.0017450 seconds
111.808: Application time: 0.0380940 seconds
111.809: [GC [PSYoungGen: 49136K->6272K(49152K)] 65432K->22568K(160256K), 0.0018470 secs] [Times: user=0.01 sys=0.00, real=0.00 secs] 
111.811: Total time for which application threads were stopped: 0.0035580 seconds, Stopping threads took: 0.0016360 seconds
111.851: Application time: 0.0396840 seconds
111.853: [GC [PSYoungGen: 48767K->6144K(49152K)] 65063K->22448K(160256K), 0.0017790 secs] [Times: user=0.01 sys=0.00, real=0.00 secs] 
111.855: Total time for which application threads were stopped: 0.0038700 seconds, Stopping threads took: 0.0020220 seconds
111.893: Application time: 0.0384630 seconds
111.896: [GC [PSYoungGen: 48640K->6432K(49152K)] 64944K->22744K(160256K), 0.0017380 secs] [Times: user=0.01 sys=0.00, real=0.00 secs] 
111.898: Total time for which application threads were stopped: 0.0046130 seconds, Stopping threads took: 0.0028000 seconds
111.939: Application time: 0.0413610 seconds
111.942: [GC [PSYoungGen: 48928K->6176K(49152K)] 65240K->22496K(160256K), 0.0017900 secs] [Times: user=0.01 sys=0.00, real=0.00 secs] 
111.944: Total time for which application threads were stopped: 0.0043960 seconds, Stopping threads took: 0.0025310 seconds
111.982: Application time: 0.0388560 seconds
111.984: [GC [PSYoungGen: 48672K->5552K(49152K)] 64992K->21880K(160256K), 0.0016330 secs] [Times: user=0.02 sys=0.00, real=0.00 secs] 
111.986: Total time for which application threads were stopped: 0.0035170 seconds, Stopping threads took: 0.0018140 seconds
112.026: Application time: 0.0395930 seconds
112.028: [GC [PSYoungGen: 48048K->5904K(49152K)] 64376K->22240K(160256K), 0.0017280 secs] [Times: user=0.01 sys=0.00, real=0.00 secs] 
112.030: Total time for which application threads were stopped: 0.0043900 seconds, Stopping threads took: 0.0025910 seconds
112.070: Application time: 0.0399680 seconds
112.071: [GC [PSYoungGen: 48400K->5872K(49152K)] 64736K->22216K(160256K), 0.0016970 secs] [Times: user=0.01 sys=0.00, real=0.00 secs] 
112.073: Total time for which application threads were stopped: 0.0026660 seconds, Stopping threads took: 0.0008970 seconds
112.110: Application time: 0.0373240 seconds
112.112: [GC [PSYoungGen: 48368K->6640K(49152K)] 64712K->23048K(160256K), 0.0019600 secs] [Times: user=0.01 sys=0.00, real=0.00 secs] 
112.114: Total time for which application threads were stopped: 0.0041170 seconds, Stopping threads took: 0.0020810 seconds
112.153: Application time: 0.0386850 seconds
112.154: [GC [PSYoungGen: 49136K->6656K(49152K)] 65544K->23969K(160256K), 0.0021630 secs] [Times: user=0.01 sys=0.00, real=0.00 secs] 
112.156: Total time for which application threads were stopped: 0.0037160 seconds, Stopping threads took: 0.0014720 seconds
112.194: Application time: 0.0378430 seconds
112.195: [GC [PSYoungGen: 49152K->6608K(49152K)] 66465K->23921K(160256K), 0.0019060 secs] [Times: user=0.01 sys=0.00, real=0.00 secs] 
112.197: Total time for which application threads were stopped: 0.0028290 seconds, Stopping threads took: 0.0008490 seconds
112.235: Application time: 0.0377390 seconds
112.237: [GC [PSYoungGen: 49102K->6496K(49152K)] 66415K->23809K(160256K), 0.0018530 secs] [Times: user=0.01 sys=0.00, real=0.01 secs] 
112.239: Total time for which application threads were stopped: 0.0039880 seconds, Stopping threads took: 0.0020570 seconds
112.276: Application time: 0.0367840 seconds
112.278: [GC [PSYoungGen: 48992K->6432K(49152K)] 66305K->23753K(160256K), 0.0019050 secs] [Times: user=0.01 sys=0.00, real=0.01 secs] 
112.280: Total time for which application threads were stopped: 0.0040430 seconds, Stopping threads took: 0.0020620 seconds
112.318: Application time: 0.0388270 seconds
112.320: [GC [PSYoungGen: 48928K->5824K(49152K)] 66249K->23145K(160256K), 0.0017680 secs] [Times: user=0.01 sys=0.00, real=0.00 secs] 
112.322: Total time for which application threads were stopped: 0.0034840 seconds, Stopping threads took: 0.0016420 seconds
112.362: Application time: 0.0398090 seconds
112.364: [GC [PSYoungGen: 48320K->6144K(49152K)] 65641K->23465K(160256K), 0.0018360 secs] [Times: user=0.01 sys=0.00, real=0.00 secs] 
112.366: Total time for which application threads were stopped: 0.0043780 seconds, Stopping threads took: 0.0024700 seconds
112.406: Application time: 0.0396920 seconds
112.408: [GC [PSYoungGen: 48640K->6544K(49152K)] 65961K->23873K(160256K), 0.0018880 secs] [Times: user=0.02 sys=0.00, real=0.00 secs] 
112.410: Total time for which application threads were stopped: 0.0043930 seconds, Stopping threads took: 0.0024240 seconds
112.450: Application time: 0.0393030 seconds
112.452: [GC [PSYoungGen: 49040K->6464K(49152K)] 66369K->23801K(160256K), 0.0018170 secs] [Times: user=0.01 sys=0.00, real=0.00 secs] 
112.454: Total time for which application threads were stopped: 0.0045140 seconds, Stopping threads took: 0.0026210 seconds
112.494: Application time: 0.0397980 seconds
112.496: [GC [PSYoungGen: 48960K->5840K(49152K)] 66297K->23177K(160256K), 0.0017350 secs] [Times: user=0.01 sys=0.00, real=0.00 secs] 
112.497: Total time for which application threads were stopped: 0.0034270 seconds, Stopping threads took: 0.0016180 seconds
112.540: Application time: 0.0425620 seconds
112.541: [GC [PSYoungGen: 48336K->5376K(49152K)] 65673K->22721K(160256K), 0.0016120 secs] [Times: user=0.01 sys=0.00, real=0.00 secs] 
112.543: Total time for which application threads were stopped: 0.0028500 seconds, Stopping threads took: 0.0011700 seconds
112.582: Application time: 0.0393270 seconds
112.584: [GC [PSYoungGen: 47872K->6624K(49152K)] 65217K->24121K(160256K), 0.0019460 secs] [Times: user=0.01 sys=0.00, real=0.00 secs] 
112.586: Total time for which application threads were stopped: 0.0041830 seconds, Stopping threads took: 0.0021660 seconds
112.625: Application time: 0.0391990 seconds
112.628: [GC [PSYoungGen: 49120K->6656K(49152K)] 66617K->25225K(160256K), 0.0021770 secs] [Times: user=0.02 sys=0.00, real=0.00 secs] 
112.630: Total time for which application threads were stopped: 0.0044780 seconds, Stopping threads took: 0.0022250 seconds
112.669: Application time: 0.0394380 seconds
112.671: [GC [PSYoungGen: 49152K->6464K(49152K)] 67721K->25033K(160256K), 0.0017960 secs] [Times: user=0.02 sys=0.00, real=0.00 secs] 
112.673: Total time for which application threads were stopped: 0.0039720 seconds, Stopping threads took: 0.0021000 seconds
112.713: Application time: 0.0400850 seconds
112.715: [GC [PSYoungGen: 48960K->6656K(49152K)] 67529K->25785K(160256K), 0.0020410 secs] [Times: user=0.02 sys=0.00, real=0.00 secs] 
112.717: Total time for which application threads were stopped: 0.0035840 seconds, Stopping threads took: 0.0014670 seconds
112.753: Application time: 0.0355160 seconds
112.755: [GC [PSYoungGen: 49152K->6656K(49152K)] 68281K->27209K(160256K), 0.0023590 secs] [Times: user=0.02 sys=0.00, real=0.00 secs] 
112.758: Total time for which application threads were stopped: 0.0050970 seconds, Stopping threads took: 0.0026600 seconds
112.797: Application time: 0.0391680 seconds
112.798: [GC [PSYoungGen: 49152K->6528K(49152K)] 69705K->27081K(160256K), 0.0019550 secs] [Times: user=0.02 sys=0.00, real=0.01 secs] 
112.800: Total time for which application threads were stopped: 0.0034600 seconds, Stopping threads took: 0.0014230 seconds
112.838: Application time: 0.0377320 seconds
112.840: [GC [PSYoungGen: 49024K->6640K(49152K)] 69577K->27313K(160256K), 0.0020400 secs] [Times: user=0.01 sys=0.00, real=0.00 secs] 
112.842: Total time for which application threads were stopped: 0.0036460 seconds, Stopping threads took: 0.0015310 seconds
112.880: Application time: 0.0385910 seconds
112.882: [GC [PSYoungGen: 49135K->6656K(49152K)] 69808K->27361K(160256K), 0.0018890 secs] [Times: user=0.01 sys=0.00, real=0.00 secs] 
112.884: Total time for which application threads were stopped: 0.0037800 seconds, Stopping threads took: 0.0018160 seconds
112.922: Application time: 0.0381340 seconds
112.925: [GC [PSYoungGen: 49152K->6208K(49152K)] 69857K->26913K(160256K), 0.0018180 secs] [Times: user=0.01 sys=0.00, real=0.00 secs] 
112.927: Total time for which application threads were stopped: 0.0043830 seconds, Stopping threads took: 0.0024810 seconds
112.965: Application time: 0.0382240 seconds
112.966: [GC [PSYoungGen: 48704K->6640K(49152K)] 69409K->27633K(160256K), 0.0020200 secs] [Times: user=0.02 sys=0.00, real=0.01 secs] 
112.968: Total time for which application threads were stopped: 0.0035990 seconds, Stopping threads took: 0.0014990 seconds
113.005: Application time: 0.0371090 seconds
113.007: [GC [PSYoungGen: 49136K->6624K(49152K)] 70129K->28249K(160256K), 0.0021320 secs] [Times: user=0.01 sys=0.00, real=0.00 secs] 
113.009: Total time for which application threads were stopped: 0.0039550 seconds, Stopping threads took: 0.0017440 seconds
113.048: Application time: 0.0390190 seconds
113.051: [GC [PSYoungGen: 49120K->6640K(49152K)] 70745K->28761K(160256K), 0.0021030 secs] [Times: user=0.02 sys=0.00, real=0.00 secs] 
113.053: Total time for which application threads were stopped: 0.0045220 seconds, Stopping threads took: 0.0023370 seconds
113.090: Application time: 0.0374820 seconds
113.092: [GC [PSYoungGen: 49136K->6656K(49152K)] 71257K->29169K(160256K), 0.0020140 secs] [Times: user=0.01 sys=0.00, real=0.00 secs] 
113.094: Total time for which application threads were stopped: 0.0039210 seconds, Stopping threads took: 0.0018280 seconds
113.133: Application time: 0.0386250 seconds
113.135: [GC [PSYoungGen: 49152K->6656K(49152K)] 71665K->30281K(160256K), 0.0022730 secs] [Times: user=0.01 sys=0.00, real=0.00 secs] 
113.137: Total time for which application threads were stopped: 0.0044450 seconds, Stopping threads took: 0.0020910 seconds
113.177: Application time: 0.0391000 seconds
113.178: [GC [PSYoungGen: 49152K->5216K(49152K)] 72777K->28841K(160256K), 0.0015460 secs] [Times: user=0.01 sys=0.00, real=0.01 secs] 
113.180: Total time for which application threads were stopped: 0.0032940 seconds, Stopping threads took: 0.0016760 seconds
113.219: Application time: 0.0394410 seconds
113.221: [GC [PSYoungGen: 47712K->6640K(49152K)] 71337K->30537K(160256K), 0.0020280 secs] [Times: user=0.01 sys=0.00, real=0.00 secs] 
113.223: Total time for which application threads were stopped: 0.0040750 seconds, Stopping threads took: 0.0019700 seconds
113.262: Application time: 0.0389070 seconds
113.264: [GC [PSYoungGen: 49136K->5808K(49152K)] 73033K->29705K(160256K), 0.0017350 secs] [Times: user=0.01 sys=0.00, real=0.00 secs] 
113.266: Total time for which application threads were stopped: 0.0037450 seconds, Stopping threads took: 0.0019340 seconds
113.307: Application time: 0.0411090 seconds
113.309: [GC [PSYoungGen: 48304K->4736K(49152K)] 72201K->28641K(160256K), 0.0014850 secs] [Times: user=0.01 sys=0.00, real=0.00 secs] 
113.310: Total time for which application threads were stopped: 0.0029170 seconds, Stopping threads took: 0.0013680 seconds
113.354: Application time: 0.0440720 seconds
113.356: [GC [PSYoungGen: 47232K->4048K(49152K)] 71137K->27953K(160256K), 0.0011570 secs] [Times: user=0.01 sys=0.00, real=0.00 secs] 
113.357: Total time for which application threads were stopped: 0.0026030 seconds, Stopping threads took: 0.0013790 seconds
113.396: Application time: 0.0388670 seconds
113.398: [GC [PSYoungGen: 46544K->6656K(49152K)] 70449K->31865K(160256K), 0.0022240 secs] [Times: user=0.01 sys=0.00, real=0.01 secs] 
113.400: Total time for which application threads were stopped: 0.0046660 seconds, Stopping threads took: 0.0023600 seconds
113.440: Application time: 0.0399960 seconds
113.442: [GC [PSYoungGen: 49152K->6656K(49152K)] 74361K->31985K(160256K), 0.0019570 secs] [Times: user=0.02 sys=0.00, real=0.00 secs] 
113.444: Total time for which application threads were stopped: 0.0041630 seconds, Stopping threads took: 0.0021170 seconds
113.486: Application time: 0.0418960 seconds
113.487: [GC [PSYoungGen: 49152K->5328K(49152K)] 74481K->30657K(160256K), 0.0016260 secs] [Times: user=0.01 sys=0.00, real=0.00 secs] 
113.489: Total time for which application threads were stopped: 0.0025480 seconds, Stopping threads took: 0.0008510 seconds
113.531: Application time: 0.0421340 seconds
113.532: [GC [PSYoungGen: 47824K->4800K(49152K)] 73153K->30129K(160256K), 0.0014520 secs] [Times: user=0.01 sys=0.00, real=0.00 secs] 
113.534: Total time for which application threads were stopped: 0.0026740 seconds, Stopping threads took: 0.0011460 seconds
113.574: Application time: 0.0407660 seconds
113.577: [GC [PSYoungGen: 47296K->6624K(49152K)] 72625K->31953K(160256K), 0.0018910 secs] [Times: user=0.01 sys=0.00, real=0.01 secs] 
113.579: Total time for which application threads were stopped: 0.0042770 seconds, Stopping threads took: 0.0023090 seconds
113.618: Application time: 0.0394890 seconds
113.620: [GC [PSYoungGen: 49120K->6656K(49152K)] 74449K->32377K(160256K), 0.0020560 secs] [Times: user=0.01 sys=0.00, real=0.00 secs] 
113.622: Total time for which application threads were stopped: 0.0042230 seconds, Stopping threads took: 0.0020860 seconds
113.662: Application time: 0.0397950 seconds
113.665: [GC [PSYoungGen: 49152K->6640K(49152K)] 74873K->32377K(160256K), 0.0018890 secs] [Times: user=0.01 sys=0.00, real=0.01 secs] 
113.667: Total time for which application threads were stopped: 0.0045430 seconds, Stopping threads took: 0.0025800 seconds
113.704: Application time: 0.0376400 seconds
113.706: [GC [PSYoungGen: 49136K->6592K(49152K)] 74873K->32329K(160256K), 0.0020310 secs] [Times: user=0.01 sys=0.00, real=0.01 secs] 
113.708: Total time for which application threads were stopped: 0.0036770 seconds, Stopping threads took: 0.0015620 seconds
113.747: Application time: 0.0388160 seconds
113.748: [GC [PSYoungGen: 49088K->6656K(49152K)] 74825K->33261K(160256K), 0.0021810 secs] [Times: user=0.01 sys=0.00, real=0.00 secs] 
113.750: Total time for which application threads were stopped: 0.0029620 seconds, Stopping threads took: 0.0007060 seconds
113.789: Application time: 0.0388970 seconds
113.790: [GC [PSYoungGen: 49150K->6496K(49152K)] 75755K->33101K(160256K), 0.0019710 secs] [Times: user=0.01 sys=0.00, real=0.00 secs] 
113.792: Total time for which application threads were stopped: 0.0036920 seconds, Stopping threads took: 0.0016400 seconds
113.832: Application time: 0.0397730 seconds
113.834: [GC [PSYoungGen: 48992K->4816K(49152K)] 75597K->31429K(160256K), 0.0014760 secs] [Times: user=0.01 sys=0.00, real=0.00 secs] 
113.836: Total time for which application threads were stopped: 0.0033800 seconds, Stopping threads took: 0.0018270 seconds
113.874: Application time: 0.0384970 seconds
113.876: [GC [PSYoungGen: 47312K->6416K(49152K)] 73925K->33029K(160256K), 0.0018810 secs] [Times: user=0.01 sys=0.00, real=0.00 secs] 
113.878: Total time for which application threads were stopped: 0.0037520 seconds, Stopping threads took: 0.0017970 seconds
113.917: Application time: 0.0393920 seconds
113.920: [GC [PSYoungGen: 48912K->6176K(49152K)] 75525K->32797K(160256K), 0.0018090 secs] [Times: user=0.01 sys=0.00, real=0.00 secs] 
113.922: Total time for which application threads were stopped: 0.0045100 seconds, Stopping threads took: 0.0026270 seconds
113.960: Application time: 0.0377090 seconds
113.962: [GC [PSYoungGen: 48672K->6656K(49152K)] 75293K->34109K(160256K), 0.0022140 secs] [Times: user=0.01 sys=0.00, real=0.00 secs] 
113.964: Total time for which application threads were stopped: 0.0046320 seconds, Stopping threads took: 0.0023250 seconds
114.002: Application time: 0.0378150 seconds
114.003: [GC [PSYoungGen: 49151K->6640K(49152K)] 76605K->34117K(160256K), 0.0019420 secs] [Times: user=0.01 sys=0.00, real=0.00 secs] 
114.005: Total time for which application threads were stopped: 0.0032280 seconds, Stopping threads took: 0.0012150 seconds
114.044: Application time: 0.0383970 seconds
114.046: [GC [PSYoungGen: 49136K->6528K(49152K)] 76613K->34013K(160256K), 0.0019390 secs] [Times: user=0.02 sys=0.00, real=0.01 secs] 
114.048: Total time for which application threads were stopped: 0.0041570 seconds, Stopping threads took: 0.0021400 seconds
114.085: Application time: 0.0375390 seconds
114.087: [GC [PSYoungGen: 49024K->6624K(49152K)] 76509K->34197K(160256K), 0.0020000 secs] [Times: user=0.01 sys=0.00, real=0.00 secs] 
114.089: Total time for which application threads were stopped: 0.0034610 seconds, Stopping threads took: 0.0013860 seconds
114.128: Application time: 0.0389220 seconds
114.129: [GC [PSYoungGen: 49120K->6320K(49152K)] 76693K->33901K(160256K), 0.0018700 secs] [Times: user=0.01 sys=0.00, real=0.00 secs] 
114.131: Total time for which application threads were stopped: 0.0035880 seconds, Stopping threads took: 0.0016380 seconds
114.172: Application time: 0.0407230 seconds
114.174: [GC [PSYoungGen: 48816K->6656K(49152K)] 76397K->34269K(160256K), 0.0019700 secs] [Times: user=0.01 sys=0.00, real=0.00 secs] 
114.176: Total time for which application threads were stopped: 0.0035140 seconds, Stopping threads took: 0.0014650 seconds
114.215: Application time: 0.0397580 seconds
114.217: [GC [PSYoungGen: 49152K->5616K(49152K)] 76765K->33237K(160256K), 0.0017340 secs] [Times: user=0.02 sys=0.00, real=0.01 secs] 
114.219: Total time for which application threads were stopped: 0.0034380 seconds, Stopping threads took: 0.0016290 seconds
114.257: Application time: 0.0383900 seconds
114.259: [GC [PSYoungGen: 48112K->5968K(49152K)] 75733K->33589K(160256K), 0.0017570 secs] [Times: user=0.02 sys=0.00, real=0.00 secs] 
114.261: Total time for which application threads were stopped: 0.0034620 seconds, Stopping threads took: 0.0016320 seconds
114.302: Application time: 0.0412270 seconds
114.303: [GC [PSYoungGen: 48464K->3920K(49152K)] 76085K->31541K(160256K), 0.0012360 secs] [Times: user=0.00 sys=0.00, real=0.00 secs] 
114.304: Total time for which application threads were stopped: 0.0023890 seconds, Stopping threads took: 0.0010850 seconds
114.345: Application time: 0.0404630 seconds
114.346: [GC [PSYoungGen: 46416K->5888K(49152K)] 74037K->33509K(160256K), 0.0016960 secs] [Times: user=0.01 sys=0.00, real=0.01 secs] 
114.348: Total time for which application threads were stopped: 0.0033490 seconds, Stopping threads took: 0.0015780 seconds
114.388: Application time: 0.0400160 seconds
114.390: [GC [PSYoungGen: 48384K->6624K(49152K)] 76005K->35417K(160256K), 0.0026580 secs] [Times: user=0.02 sys=0.00, real=0.00 secs] 
114.393: Total time for which application threads were stopped: 0.0047670 seconds, Stopping threads took: 0.0020240 seconds
114.431: Application time: 0.0385490 seconds
114.433: [GC [PSYoungGen: 49120K->6624K(49152K)] 77913K->35873K(160256K), 0.0022300 secs] [Times: user=0.01 sys=0.00, real=0.00 secs] 
114.435: Total time for which application threads were stopped: 0.0038530 seconds, Stopping threads took: 0.0015430 seconds
114.474: Application time: 0.0390400 seconds
114.476: [GC [PSYoungGen: 49120K->5488K(49152K)] 78369K->34753K(160256K), 0.0018660 secs] [Times: user=0.01 sys=0.00, real=0.00 secs] 
114.478: Total time for which application threads were stopped: 0.0039380 seconds, Stopping threads took: 0.0019950 seconds
114.517: Application time: 0.0390440 seconds
114.519: [GC [PSYoungGen: 47984K->5344K(49152K)] 77249K->34609K(160256K), 0.0017360 secs] [Times: user=0.01 sys=0.00, real=0.00 secs] 
114.521: Total time for which application threads were stopped: 0.0034810 seconds, Stopping threads took: 0.0016540 seconds
114.560: Application time: 0.0387860 seconds
114.562: [GC [PSYoungGen: 47840K->6640K(49152K)] 77105K->36513K(160256K), 0.0020080 secs] [Times: user=0.01 sys=0.00, real=0.00 secs] 
114.564: Total time for which application threads were stopped: 0.0040980 seconds, Stopping threads took: 0.0020150 seconds
114.604: Application time: 0.0408780 seconds
114.607: [GC [PSYoungGen: 49136K->5808K(49152K)] 79009K->35681K(160256K), 0.0016490 secs] [Times: user=0.01 sys=0.00, real=0.00 secs] 
114.609: Total time for which application threads were stopped: 0.0042470 seconds, Stopping threads took: 0.0025200 seconds
114.647: Application time: 0.0379400 seconds
114.649: [GC [PSYoungGen: 48304K->6208K(49152K)] 78177K->36090K(160256K), 0.0018450 secs] [Times: user=0.01 sys=0.00, real=0.00 secs] 
114.651: Total time for which application threads were stopped: 0.0039940 seconds, Stopping threads took: 0.0020730 seconds
114.690: Application time: 0.0390470 seconds
114.691: [GC [PSYoungGen: 48704K->6624K(49152K)] 78586K->36930K(160256K), 0.0020470 secs] [Times: user=0.02 sys=0.01, real=0.00 secs] 
114.694: Total time for which application threads were stopped: 0.0038000 seconds, Stopping threads took: 0.0016750 seconds
114.733: Application time: 0.0396420 seconds
114.735: [GC [PSYoungGen: 49120K->6000K(49152K)] 79426K->36321K(160256K), 0.0017500 secs] [Times: user=0.01 sys=0.00, real=0.00 secs] 
114.737: Total time for which application threads were stopped: 0.0036980 seconds, Stopping threads took: 0.0018770 seconds
114.776: Application time: 0.0389700 seconds
114.778: [GC [PSYoungGen: 48496K->6416K(49152K)] 78817K->36737K(160256K), 0.0019280 secs] [Times: user=0.01 sys=0.00, real=0.01 secs] 
114.780: Total time for which application threads were stopped: 0.0039130 seconds, Stopping threads took: 0.0019070 seconds
114.819: Application time: 0.0388380 seconds
114.821: [GC [PSYoungGen: 48912K->6624K(49152K)] 79233K->37002K(160256K), 0.0019940 secs] [Times: user=0.02 sys=0.00, real=0.00 secs] 
114.823: Total time for which application threads were stopped: 0.0047940 seconds, Stopping threads took: 0.0027210 seconds
114.862: Application time: 0.0390710 seconds
114.864: [GC [PSYoungGen: 49120K->6032K(49152K)] 79498K->36409K(160256K), 0.0017260 secs] [Times: user=0.02 sys=0.00, real=0.00 secs] 
114.866: Total time for which application threads were stopped: 0.0034390 seconds, Stopping threads took: 0.0016370 seconds
114.908: Application time: 0.0416460 seconds
114.909: [GC [PSYoungGen: 48528K->6624K(49152K)] 78905K->37674K(160256K), 0.0023590 secs] [Times: user=0.02 sys=0.00, real=0.00 secs] 
114.912: Total time for which application threads were stopped: 0.0040860 seconds, Stopping threads took: 0.0016520 seconds
114.951: Application time: 0.0392870 seconds
114.953: [GC [PSYoungGen: 49120K->6624K(49152K)] 80170K->38826K(160256K), 0.0024200 secs] [Times: user=0.01 sys=0.00, real=0.00 secs] 
114.956: Total time for which application threads were stopped: 0.0046750 seconds, Stopping threads took: 0.0021750 seconds
114.993: Application time: 0.0375380 seconds
114.994: [GC [PSYoungGen: 49120K->6112K(49152K)] 81322K->38321K(160256K), 0.0018100 secs] [Times: user=0.02 sys=0.00, real=0.00 secs] 
114.996: Total time for which application threads were stopped: 0.0030130 seconds, Stopping threads took: 0.0011080 seconds
115.038: Application time: 0.0421560 seconds
115.040: [GC [PSYoungGen: 48608K->4880K(49152K)] 80817K->37090K(160256K), 0.0014330 secs] [Times: user=0.00 sys=0.00, real=0.00 secs] 
115.042: Total time for which application threads were stopped: 0.0035610 seconds, Stopping threads took: 0.0020650 seconds
115.081: Application time: 0.0395300 seconds
115.083: [GC [PSYoungGen: 47374K->6160K(49152K)] 79584K->38378K(160256K), 0.0018730 secs] [Times: user=0.01 sys=0.00, real=0.00 secs] 
115.085: Total time for which application threads were stopped: 0.0035630 seconds, Stopping threads took: 0.0015950 seconds
115.128: Application time: 0.0433620 seconds
115.131: [GC [PSYoungGen: 48656K->4576K(49152K)] 80874K->36793K(160256K), 0.0013800 secs] [Times: user=0.01 sys=0.00, real=0.00 secs] 
115.132: Total time for which application threads were stopped: 0.0036440 seconds, Stopping threads took: 0.0021890 seconds
115.171: Application time: 0.0392860 seconds
115.174: [GC [PSYoungGen: 47072K->6656K(49152K)] 79289K->39477K(160256K), 0.0021320 secs] [Times: user=0.01 sys=0.00, real=0.00 secs] 
115.176: Total time for which application threads were stopped: 0.0050230 seconds, Stopping threads took: 0.0028170 seconds
115.214: Application time: 0.0376600 seconds
115.217: [GC [PSYoungGen: 49152K->6640K(49152K)] 81973K->39750K(160256K), 0.0020080 secs] [Times: user=0.01 sys=0.01, real=0.01 secs] 
115.219: Total time for which application threads were stopped: 0.0046040 seconds, Stopping threads took: 0.0024980 seconds
115.257: Application time: 0.0388640 seconds
115.259: [GC [PSYoungGen: 49136K->5440K(49152K)] 82246K->38550K(160256K), 0.0016860 secs] [Times: user=0.01 sys=0.00, real=0.00 secs] 
115.261: Total time for which application threads were stopped: 0.0030480 seconds, Stopping threads took: 0.0012880 seconds
115.299: Application time: 0.0381370 seconds
115.300: [GC [PSYoungGen: 47936K->6272K(49152K)] 81046K->39390K(160256K), 0.0019800 secs] [Times: user=0.00 sys=0.00, real=0.00 secs] 
115.302: Total time for which application threads were stopped: 0.0034440 seconds, Stopping threads took: 0.0013840 seconds
115.339: Application time: 0.0373290 seconds
115.342: [GC [PSYoungGen: 48768K->6640K(49152K)] 81886K->40558K(160256K), 0.0022430 secs] [Times: user=0.01 sys=0.00, real=0.00 secs] 
115.344: Total time for which application threads were stopped: 0.0045010 seconds, Stopping threads took: 0.0021740 seconds
115.383: Application time: 0.0388880 seconds
115.385: [GC [PSYoungGen: 49136K->6624K(49152K)] 83054K->40590K(160256K), 0.0020660 secs] [Times: user=0.01 sys=0.00, real=0.01 secs] 
115.387: Total time for which application threads were stopped: 0.0041620 seconds, Stopping threads took: 0.0020100 seconds
115.425: Application time: 0.0382470 seconds
115.428: [GC [PSYoungGen: 49120K->6624K(49152K)] 83086K->42030K(160256K), 0.0024600 secs] [Times: user=0.02 sys=0.00, real=0.00 secs] 
115.430: Total time for which application threads were stopped: 0.0050580 seconds, Stopping threads took: 0.0025160 seconds
115.469: Application time: 0.0389470 seconds
115.470: [GC [PSYoungGen: 49120K->6640K(49152K)] 84526K->42338K(160256K), 0.0021490 secs] [Times: user=0.01 sys=0.00, real=0.00 secs] 
115.473: Total time for which application threads were stopped: 0.0034220 seconds, Stopping threads took: 0.0011910 seconds
115.515: Application time: 0.0422220 seconds
115.516: [GC [PSYoungGen: 49136K->4864K(49152K)] 84834K->40570K(160256K), 0.0015660 secs] [Times: user=0.01 sys=0.00, real=0.00 secs] 
115.518: Total time for which application threads were stopped: 0.0030400 seconds, Stopping threads took: 0.0013930 seconds
115.560: Application time: 0.0421670 seconds
115.562: [GC [PSYoungGen: 47360K->5760K(49152K)] 83066K->41466K(160256K), 0.0016650 secs] [Times: user=0.02 sys=0.00, real=0.00 secs] 
115.563: Total time for which application threads were stopped: 0.0033440 seconds, Stopping threads took: 0.0015980 seconds
115.604: Application time: 0.0407240 seconds
115.605: [GC [PSYoungGen: 48256K->6432K(49152K)] 83962K->42138K(160256K), 0.0018750 secs] [Times: user=0.02 sys=0.00, real=0.01 secs] 
115.607: Total time for which application threads were stopped: 0.0030900 seconds, Stopping threads took: 0.0011310 seconds
115.650: Application time: 0.0426070 seconds
115.653: [GC [PSYoungGen: 48928K->6464K(49152K)] 84634K->42178K(160256K), 0.0019190 secs] [Times: user=0.01 sys=0.00, real=0.00 secs] 
115.655: Total time for which application threads were stopped: 0.0051660 seconds, Stopping threads took: 0.0031700 seconds
115.696: Application time: 0.0409750 seconds
115.698: [GC [PSYoungGen: 48960K->6640K(49152K)] 84674K->42474K(160256K), 0.0019730 secs] [Times: user=0.01 sys=0.00, real=0.01 secs] 
115.700: Total time for which application threads were stopped: 0.0043150 seconds, Stopping threads took: 0.0022640 seconds
115.740: Application time: 0.0395960 seconds
115.742: [GC [PSYoungGen: 49136K->6656K(49152K)] 84970K->43154K(160256K), 0.0022120 secs] [Times: user=0.02 sys=0.00, real=0.00 secs] 
115.744: Total time for which application threads were stopped: 0.0044290 seconds, Stopping threads took: 0.0021310 seconds
115.785: Application time: 0.0404060 seconds
115.787: [GC [PSYoungGen: 49152K->6656K(49152K)] 85650K->43586K(160256K), 0.0020700 secs] [Times: user=0.01 sys=0.00, real=0.00 secs] 
115.789: Total time for which application threads were stopped: 0.0044490 seconds, Stopping threads took: 0.0022930 seconds
115.829: Application time: 0.0393190 seconds
115.830: [GC [PSYoungGen: 49152K->6144K(49152K)] 86082K->43082K(160256K), 0.0019510 secs] [Times: user=0.02 sys=0.00, real=0.00 secs] 
115.832: Total time for which application threads were stopped: 0.0037960 seconds, Stopping threads took: 0.0017630 seconds
115.873: Application time: 0.0411440 seconds
115.875: [GC [PSYoungGen: 48640K->6656K(49152K)] 85578K->44778K(160256K), 0.0023310 secs] [Times: user=0.02 sys=0.00, real=0.00 secs] 
115.878: Total time for which application threads were stopped: 0.0043030 seconds, Stopping threads took: 0.0018900 seconds
115.919: Application time: 0.0408030 seconds
115.920: [GC [PSYoungGen: 49152K->6656K(49152K)] 87274K->44810K(160256K), 0.0019600 secs] [Times: user=0.01 sys=0.00, real=0.00 secs] 
115.922: Total time for which application threads were stopped: 0.0034100 seconds, Stopping threads took: 0.0013740 seconds
115.962: Application time: 0.0395960 seconds
115.963: [GC [PSYoungGen: 49152K->6656K(49152K)] 87306K->45266K(160256K), 0.0021480 secs] [Times: user=0.01 sys=0.00, real=0.00 secs] 
115.965: Total time for which application threads were stopped: 0.0036240 seconds, Stopping threads took: 0.0013950 seconds
116.005: Application time: 0.0393820 seconds
116.007: [GC [PSYoungGen: 49152K->6624K(49152K)] 87762K->46106K(160256K), 0.0022130 secs] [Times: user=0.01 sys=0.00, real=0.00 secs] 
116.009: Total time for which application threads were stopped: 0.0044830 seconds, Stopping threads took: 0.0021880 seconds
116.051: Application time: 0.0421890 seconds
116.053: [GC [PSYoungGen: 49120K->6640K(49152K)] 88602K->46322K(160256K), 0.0020430 secs] [Times: user=0.01 sys=0.00, real=0.00 secs] 
116.055: Total time for which application threads were stopped: 0.0041750 seconds, Stopping threads took: 0.0020430 seconds
116.096: Application time: 0.0402840 seconds
116.098: [GC [PSYoungGen: 49136K->6336K(49152K)] 88818K->46018K(160256K), 0.0018470 secs] [Times: user=0.01 sys=0.00, real=0.01 secs] 
116.100: Total time for which application threads were stopped: 0.0040570 seconds, Stopping threads took: 0.0021350 seconds
116.139: Application time: 0.0394060 seconds
116.141: [GC [PSYoungGen: 48832K->6656K(49152K)] 88514K->46622K(160256K), 0.0021150 secs] [Times: user=0.01 sys=0.00, real=0.00 secs] 
116.143: Total time for which application threads were stopped: 0.0040620 seconds, Stopping threads took: 0.0018610 seconds
116.183: Application time: 0.0401930 seconds
116.185: [GC [PSYoungGen: 49152K->6640K(49152K)] 89118K->47686K(160256K), 0.0023810 secs] [Times: user=0.02 sys=0.00, real=0.01 secs] 
116.188: Total time for which application threads were stopped: 0.0042400 seconds, Stopping threads took: 0.0017640 seconds
116.229: Application time: 0.0411050 seconds
116.231: [GC [PSYoungGen: 49136K->6544K(49152K)] 90182K->47598K(160256K), 0.0020120 secs] [Times: user=0.01 sys=0.00, real=0.00 secs] 
116.233: Total time for which application threads were stopped: 0.0046130 seconds, Stopping threads took: 0.0025220 seconds
116.275: Application time: 0.0418910 seconds
116.278: [GC [PSYoungGen: 49040K->6496K(49152K)] 90094K->47550K(160256K), 0.0018240 secs] [Times: user=0.02 sys=0.00, real=0.01 secs] 
116.280: Total time for which application threads were stopped: 0.0048770 seconds, Stopping threads took: 0.0029760 seconds
116.325: Application time: 0.0451470 seconds
116.327: [GC [PSYoungGen: 48991K->5376K(49152K)] 90045K->46430K(160256K), 0.0017170 secs] [Times: user=0.01 sys=0.01, real=0.01 secs] 
116.328: Total time for which application threads were stopped: 0.0029030 seconds, Stopping threads took: 0.0011160 seconds
116.371: Application time: 0.0424170 seconds
116.373: [GC [PSYoungGen: 47872K->6624K(49152K)] 88926K->47742K(160256K), 0.0020240 secs] [Times: user=0.01 sys=0.00, real=0.00 secs] 
116.375: Total time for which application threads were stopped: 0.0043870 seconds, Stopping threads took: 0.0022810 seconds
116.416: Application time: 0.0413370 seconds
116.420: [GC [PSYoungGen: 49120K->6208K(49152K)] 90238K->47326K(160256K), 0.0018130 secs] [Times: user=0.01 sys=0.00, real=0.00 secs] 
116.422: Total time for which application threads were stopped: 0.0057190 seconds, Stopping threads took: 0.0038390 seconds
116.466: Application time: 0.0437070 seconds
116.468: [GC [PSYoungGen: 48704K->6560K(49152K)] 89822K->47678K(160256K), 0.0020410 secs] [Times: user=0.01 sys=0.00, real=0.00 secs] 
116.470: Total time for which application threads were stopped: 0.0045570 seconds, Stopping threads took: 0.0024370 seconds
116.513: Application time: 0.0422510 seconds
116.515: [GC [PSYoungGen: 49056K->6656K(49152K)] 90174K->48062K(160256K), 0.0020070 secs] [Times: user=0.02 sys=0.00, real=0.00 secs] 
116.517: Total time for which application threads were stopped: 0.0047210 seconds, Stopping threads took: 0.0026430 seconds
116.561: Application time: 0.0438420 seconds
116.563: [GC [PSYoungGen: 49152K->6512K(49152K)] 90558K->47918K(160256K), 0.0020390 secs] [Times: user=0.01 sys=0.00, real=0.00 secs] 
116.565: Total time for which application threads were stopped: 0.0040630 seconds, Stopping threads took: 0.0019290 seconds
116.607: Application time: 0.0414500 seconds
116.608: [GC [PSYoungGen: 49008K->6640K(49152K)] 90414K->48086K(160256K), 0.0020150 secs] [Times: user=0.01 sys=0.00, real=0.00 secs] 
116.611: Total time for which application threads were stopped: 0.0037510 seconds, Stopping threads took: 0.0016540 seconds
116.651: Application time: 0.0405740 seconds
116.653: [GC [PSYoungGen: 49136K->6560K(49152K)] 90582K->48006K(160256K), 0.0020450 secs] [Times: user=0.01 sys=0.00, real=0.00 secs] 
116.655: Total time for which application threads were stopped: 0.0041250 seconds, Stopping threads took: 0.0019960 seconds
116.697: Application time: 0.0414290 seconds
116.699: [GC [PSYoungGen: 49056K->6656K(49152K)] 90502K->48854K(160256K), 0.0022450 secs] [Times: user=0.01 sys=0.01, real=0.01 secs] 
116.701: Total time for which application threads were stopped: 0.0041790 seconds, Stopping threads took: 0.0018510 seconds
116.741: Application time: 0.0402040 seconds
116.743: [GC [PSYoungGen: 49152K->6656K(49152K)] 91350K->50014K(160256K), 0.0023070 secs] [Times: user=0.02 sys=0.00, real=0.00 secs] 
116.746: Total time for which application threads were stopped: 0.0044960 seconds, Stopping threads took: 0.0021040 seconds
116.785: Application time: 0.0393840 seconds
116.787: [GC [PSYoungGen: 49152K->6656K(49152K)] 92510K->51126K(160256K), 0.0022880 secs] [Times: user=0.01 sys=0.00, real=0.00 secs] 
116.790: Total time for which application threads were stopped: 0.0047280 seconds, Stopping threads took: 0.0023360 seconds
116.832: Application time: 0.0422770 seconds
116.835: [GC [PSYoungGen: 49152K->6272K(49152K)] 93622K->50758K(160256K), 0.0019150 secs] [Times: user=0.02 sys=0.00, real=0.00 secs] 
116.837: Total time for which application threads were stopped: 0.0051690 seconds, Stopping threads took: 0.0031760 seconds
116.879: Application time: 0.0418040 seconds
116.881: [GC [PSYoungGen: 48766K->6624K(49152K)] 93253K->51118K(160256K), 0.0021100 secs] [Times: user=0.01 sys=0.00, real=0.00 secs] 
116.883: Total time for which application threads were stopped: 0.0038050 seconds, Stopping threads took: 0.0016130 seconds
116.924: Application time: 0.0410900 seconds
116.927: [GC [PSYoungGen: 49120K->6624K(49152K)] 93614K->51462K(160256K), 0.0020800 secs] [Times: user=0.01 sys=0.00, real=0.00 secs] 
116.929: Total time for which application threads were stopped: 0.0054270 seconds, Stopping threads took: 0.0032700 seconds
116.972: Application time: 0.0423230 seconds
116.973: [GC [PSYoungGen: 49120K->6544K(49152K)] 93958K->51382K(160256K), 0.0020440 secs] [Times: user=0.02 sys=0.00, real=0.00 secs] 
116.975: Total time for which application threads were stopped: 0.0038760 seconds, Stopping threads took: 0.0017570 seconds
117.018: Application time: 0.0421570 seconds
117.019: [GC [PSYoungGen: 49040K->6640K(49152K)] 93878K->51694K(160256K), 0.0021490 secs] [Times: user=0.01 sys=0.00, real=0.00 secs] 
117.021: Total time for which application threads were stopped: 0.0039000 seconds, Stopping threads took: 0.0016690 seconds
117.063: Application time: 0.0416510 seconds
117.065: [GC [PSYoungGen: 49136K->6016K(49152K)] 94190K->51086K(160256K), 0.0018550 secs] [Times: user=0.01 sys=0.00, real=0.01 secs] 
117.067: Total time for which application threads were stopped: 0.0040420 seconds, Stopping threads took: 0.0021000 seconds
117.109: Application time: 0.0420590 seconds
117.112: [GC [PSYoungGen: 48512K->5984K(49152K)] 93582K->51054K(160256K), 0.0017580 secs] [Times: user=0.01 sys=0.00, real=0.00 secs] 
117.114: Total time for which application threads were stopped: 0.0048430 seconds, Stopping threads took: 0.0030020 seconds
117.155: Application time: 0.0407780 seconds
117.157: [GC [PSYoungGen: 48480K->6656K(49152K)] 93550K->53254K(160256K), 0.0024190 secs] [Times: user=0.02 sys=0.00, real=0.01 secs] 
117.159: Total time for which application threads were stopped: 0.0042790 seconds, Stopping threads took: 0.0017780 seconds
117.199: Application time: 0.0400810 seconds
117.202: [GC [PSYoungGen: 49152K->6624K(49152K)] 95750K->53358K(160256K), 0.0020120 secs] [Times: user=0.01 sys=0.00, real=0.00 secs] 
117.204: Total time for which application threads were stopped: 0.0044760 seconds, Stopping threads took: 0.0023820 seconds
117.245: Application time: 0.0411210 seconds
117.246: [GC [PSYoungGen: 49120K->5552K(49152K)] 95854K->52286K(160256K), 0.0016690 secs] [Times: user=0.01 sys=0.00, real=0.01 secs] 
117.248: Total time for which application threads were stopped: 0.0031610 seconds, Stopping threads took: 0.0014160 seconds
117.291: Application time: 0.0429730 seconds
117.293: [GC [PSYoungGen: 48048K->5440K(49152K)] 94782K->52190K(160256K), 0.0017060 secs] [Times: user=0.01 sys=0.00, real=0.00 secs] 
117.295: Total time for which application threads were stopped: 0.0038780 seconds, Stopping threads took: 0.0020980 seconds
117.337: Application time: 0.0426260 seconds
117.340: [GC [PSYoungGen: 47936K->5936K(49152K)] 94686K->52702K(160256K), 0.0018280 secs] [Times: user=0.01 sys=0.00, real=0.00 secs] 
117.342: Total time for which application threads were stopped: 0.0041970 seconds, Stopping threads took: 0.0022930 seconds
117.385: Application time: 0.0436500 seconds
117.387: [GC [PSYoungGen: 48432K->6416K(49152K)] 95198K->53190K(160256K), 0.0018760 secs] [Times: user=0.01 sys=0.00, real=0.00 secs] 
117.389: Total time for which application threads were stopped: 0.0040150 seconds, Stopping threads took: 0.0020670 seconds
117.431: Application time: 0.0412750 seconds
117.434: [GC [PSYoungGen: 48912K->6656K(49152K)] 95686K->53510K(160256K), 0.0020580 secs] [Times: user=0.02 sys=0.00, real=0.00 secs] 
117.436: Total time for which application threads were stopped: 0.0052080 seconds, Stopping threads took: 0.0030600 seconds
117.478: Application time: 0.0421250 seconds
117.480: [GC [PSYoungGen: 49152K->6144K(49152K)] 96006K->52998K(160256K), 0.0019500 secs] [Times: user=0.01 sys=0.00, real=0.00 secs] 
117.482: Total time for which application threads were stopped: 0.0040380 seconds, Stopping threads took: 0.0019820 seconds
117.525: Application time: 0.0431100 seconds
117.527: [GC [PSYoungGen: 48640K->5584K(49152K)] 95494K->52454K(160256K), 0.0017690 secs] [Times: user=0.01 sys=0.00, real=0.00 secs] 
117.529: Total time for which application threads were stopped: 0.0041170 seconds, Stopping threads took: 0.0022710 seconds
117.570: Application time: 0.0412320 seconds
117.573: [GC [PSYoungGen: 48080K->6144K(49152K)] 94950K->53014K(160256K), 0.0018690 secs] [Times: user=0.02 sys=0.00, real=0.00 secs] 
117.575: Total time for which application threads were stopped: 0.0040630 seconds, Stopping threads took: 0.0020990 seconds
117.618: Application time: 0.0435170 seconds
117.622: [GC [PSYoungGen: 48640K->6624K(49152K)] 95510K->53894K(160256K), 0.0020210 secs] [Times: user=0.02 sys=0.00, real=0.00 secs] 
117.624: Total time for which application threads were stopped: 0.0055930 seconds, Stopping threads took: 0.0034930 seconds
117.664: Application time: 0.0402530 seconds
117.666: [GC [PSYoungGen: 49120K->6640K(49152K)] 96390K->54318K(160256K), 0.0020970 secs] [Times: user=0.01 sys=0.00, real=0.01 secs] 
117.668: Total time for which application threads were stopped: 0.0043300 seconds, Stopping threads took: 0.0021550 seconds
117.709: Application time: 0.0407650 seconds
117.711: [GC [PSYoungGen: 49136K->6624K(49152K)] 96814K->54686K(160256K), 0.0020060 secs] [Times: user=0.02 sys=0.00, real=0.00 secs] 
117.713: Total time for which application threads were stopped: 0.0044100 seconds, Stopping threads took: 0.0023240 seconds
117.754: Application time: 0.0408450 seconds
117.757: [GC [PSYoungGen: 49120K->6624K(49152K)] 97182K->54686K(160256K), 0.0019470 secs] [Times: user=0.01 sys=0.00, real=0.01 secs] 
117.759: Total time for which application threads were stopped: 0.0046190 seconds, Stopping threads took: 0.0025960 seconds
117.801: Application time: 0.0425220 seconds
117.804: [GC [PSYoungGen: 49120K->6192K(49152K)] 97182K->54254K(160256K), 0.0018130 secs] [Times: user=0.01 sys=0.00, real=0.00 secs] 
117.805: Total time for which application threads were stopped: 0.0040120 seconds, Stopping threads took: 0.0021280 seconds
117.849: Application time: 0.0439910 seconds
117.852: [GC [PSYoungGen: 48688K->5504K(49152K)] 96750K->53566K(160256K), 0.0016010 secs] [Times: user=0.01 sys=0.00, real=0.00 secs] 
117.854: Total time for which application threads were stopped: 0.0041780 seconds, Stopping threads took: 0.0025040 seconds
117.897: Application time: 0.0438300 seconds
117.899: [GC [PSYoungGen: 48000K->5888K(49152K)] 96062K->53958K(160256K), 0.0018010 secs] [Times: user=0.01 sys=0.00, real=0.00 secs] 
117.901: Total time for which application threads were stopped: 0.0033930 seconds, Stopping threads took: 0.0015180 seconds
117.946: Application time: 0.0450180 seconds
117.948: [GC [PSYoungGen: 48384K->6272K(49152K)] 96454K->54358K(160256K), 0.0016900 secs] [Times: user=0.01 sys=0.00, real=0.00 secs] 
117.950: Total time for which application threads were stopped: 0.0039520 seconds, Stopping threads took: 0.0021860 seconds
117.991: Application time: 0.0415160 seconds
117.993: [GC [PSYoungGen: 48768K->6304K(49152K)] 96854K->54406K(160256K), 0.0020190 secs] [Times: user=0.02 sys=0.00, real=0.00 secs] 
117.995: Total time for which application threads were stopped: 0.0039760 seconds, Stopping threads took: 0.0018780 seconds
118.038: Application time: 0.0424930 seconds
118.041: [GC [PSYoungGen: 48800K->6640K(49152K)] 96902K->55126K(160256K), 0.0020930 secs] [Times: user=0.01 sys=0.00, real=0.00 secs] 
118.043: Total time for which application threads were stopped: 0.0048930 seconds, Stopping threads took: 0.0027170 seconds
118.085: Application time: 0.0419400 seconds
118.087: [GC [PSYoungGen: 49136K->5952K(49152K)] 97622K->54454K(160256K), 0.0017650 secs] [Times: user=0.01 sys=0.00, real=0.00 secs] 
118.089: Total time for which application threads were stopped: 0.0040230 seconds, Stopping threads took: 0.0021770 seconds
118.129: Application time: 0.0402000 seconds
118.130: [GC [PSYoungGen: 48448K->5904K(49152K)] 96950K->54406K(160256K), 0.0018590 secs] [Times: user=0.01 sys=0.00, real=0.00 secs] 
118.132: Total time for which application threads were stopped: 0.0026860 seconds, Stopping threads took: 0.0007440 seconds
118.172: Application time: 0.0407490 seconds
118.174: [GC [PSYoungGen: 48400K->6656K(49152K)] 96902K->56151K(160256K), 0.0022900 secs] [Times: user=0.01 sys=0.00, real=0.00 secs] 
118.177: Total time for which application threads were stopped: 0.0044820 seconds, Stopping threads took: 0.0021100 seconds
118.218: Application time: 0.0413130 seconds
118.221: [GC [PSYoungGen: 49152K->6656K(49152K)] 98647K->56927K(160256K), 0.0023120 secs] [Times: user=0.01 sys=0.00, real=0.00 secs] 
118.223: Total time for which application threads were stopped: 0.0049080 seconds, Stopping threads took: 0.0025130 seconds
118.264: Application time: 0.0410280 seconds
118.266: [GC [PSYoungGen: 49152K->6432K(49152K)] 99423K->56703K(160256K), 0.0018780 secs] [Times: user=0.01 sys=0.00, real=0.01 secs] 
118.268: Total time for which application threads were stopped: 0.0036710 seconds, Stopping threads took: 0.0017120 seconds
118.309: Application time: 0.0414170 seconds
118.311: [GC [PSYoungGen: 48928K->6192K(49152K)] 99199K->56471K(160256K), 0.0018710 secs] [Times: user=0.01 sys=0.00, real=0.00 secs] 
118.312: Total time for which application threads were stopped: 0.0032950 seconds, Stopping threads took: 0.0013480 seconds
118.354: Application time: 0.0415250 seconds
118.355: [GC [PSYoungGen: 48688K->5808K(49152K)] 98967K->56087K(160256K), 0.0017730 secs] [Times: user=0.01 sys=0.00, real=0.00 secs] 
118.357: Total time for which application threads were stopped: 0.0031480 seconds, Stopping threads took: 0.0012970 seconds
118.398: Application time: 0.0407490 seconds
118.400: [GC [PSYoungGen: 48304K->6640K(49152K)] 98583K->57759K(160256K), 0.0023930 secs] [Times: user=0.01 sys=0.00, real=0.00 secs] 
118.403: Total time for which application threads were stopped: 0.0050230 seconds, Stopping threads took: 0.0025480 seconds
118.443: Application time: 0.0405720 seconds
118.445: [GC [PSYoungGen: 49136K->6464K(49152K)] 100255K->57591K(160256K), 0.0019770 secs] [Times: user=0.01 sys=0.00, real=0.01 secs] 
118.447: Total time for which application threads were stopped: 0.0040080 seconds, Stopping threads took: 0.0019470 seconds
118.489: Application time: 0.0411410 seconds
118.491: [GC [PSYoungGen: 48960K->6656K(49152K)] 100087K->58479K(160256K), 0.0021620 secs] [Times: user=0.02 sys=0.00, real=0.00 secs] 
118.494: Total time for which application threads were stopped: 0.0050380 seconds, Stopping threads took: 0.0027960 seconds
118.533: Application time: 0.0388740 seconds
118.534: [GC [PSYoungGen: 49152K->6656K(49152K)] 100975K->59039K(160256K), 0.0022480 secs] [Times: user=0.02 sys=0.00, real=0.00 secs] 
118.536: Total time for which application threads were stopped: 0.0034550 seconds, Stopping threads took: 0.0011250 seconds
118.576: Application time: 0.0396770 seconds
118.578: [GC [PSYoungGen: 49152K->6656K(49152K)] 101535K->59263K(160256K), 0.0020890 secs] [Times: user=0.01 sys=0.00, real=0.01 secs] 
118.580: Total time for which application threads were stopped: 0.0044580 seconds, Stopping threads took: 0.0022890 seconds
118.620: Application time: 0.0403580 seconds
118.622: [GC [PSYoungGen: 49152K->6656K(49152K)] 101759K->60247K(160256K), 0.0023540 secs] [Times: user=0.01 sys=0.00, real=0.00 secs] 
118.625: Total time for which application threads were stopped: 0.0041960 seconds, Stopping threads took: 0.0017480 seconds
118.668: Application time: 0.0435060 seconds
118.671: [GC [PSYoungGen: 49152K->6544K(49152K)] 102743K->60135K(160256K), 0.0019560 secs] [Times: user=0.01 sys=0.00, real=0.00 secs] 
118.673: Total time for which application threads were stopped: 0.0052910 seconds, Stopping threads took: 0.0032440 seconds
118.713: Application time: 0.0394710 seconds
118.715: [GC [PSYoungGen: 49040K->6240K(49152K)] 102631K->59839K(160256K), 0.0018560 secs] [Times: user=0.01 sys=0.00, real=0.00 secs] 
118.717: Total time for which application threads were stopped: 0.0039950 seconds, Stopping threads took: 0.0020590 seconds
118.757: Application time: 0.0399690 seconds
118.760: [GC [PSYoungGen: 48736K->6656K(49152K)] 102335K->61543K(160256K), 0.0023200 secs] [Times: user=0.01 sys=0.00, real=0.00 secs] 
118.763: Total time for which application threads were stopped: 0.0057160 seconds, Stopping threads took: 0.0033130 seconds
118.804: Application time: 0.0418490 seconds
118.806: [GC [PSYoungGen: 49152K->4896K(49152K)] 104039K->59783K(160256K), 0.0015020 secs] [Times: user=0.01 sys=0.00, real=0.01 secs] 
118.808: Total time for which application threads were stopped: 0.0031410 seconds, Stopping threads took: 0.0015630 seconds
118.850: Application time: 0.0422560 seconds
118.852: [GC [PSYoungGen: 47392K->6304K(49152K)] 102279K->61191K(160256K), 0.0022620 secs] [Times: user=0.01 sys=0.00, real=0.00 secs] 
118.854: Total time for which application threads were stopped: 0.0043100 seconds, Stopping threads took: 0.0019640 seconds
118.894: Application time: 0.0398660 seconds
118.896: [GC [PSYoungGen: 48800K->6656K(49152K)] 103687K->61991K(160256K), 0.0021430 secs] [Times: user=0.01 sys=0.00, real=0.00 secs] 
118.898: Total time for which application threads were stopped: 0.0036810 seconds, Stopping threads took: 0.0014580 seconds
118.940: Application time: 0.0424880 seconds
118.942: [GC [PSYoungGen: 49152K->5552K(49152K)] 104487K->60887K(160256K), 0.0016970 secs] [Times: user=0.01 sys=0.00, real=0.00 secs] 
118.944: Total time for which application threads were stopped: 0.0035150 seconds, Stopping threads took: 0.0017370 seconds
118.985: Application time: 0.0415950 seconds
118.987: [GC [PSYoungGen: 48048K->5328K(49152K)] 103383K->60671K(160256K), 0.0017640 secs] [Times: user=0.01 sys=0.00, real=0.00 secs] 
118.989: Total time for which application threads were stopped: 0.0031920 seconds, Stopping threads took: 0.0013580 seconds
119.030: Application time: 0.0416160 seconds
119.033: [GC [PSYoungGen: 47824K->5360K(49152K)] 103167K->60711K(160256K), 0.0016590 secs] [Times: user=0.01 sys=0.00, real=0.00 secs] 
119.035: Total time for which application threads were stopped: 0.0043390 seconds, Stopping threads took: 0.0026010 seconds
119.076: Application time: 0.0411570 seconds
119.078: [GC [PSYoungGen: 47856K->5568K(49152K)] 103207K->60927K(160256K), 0.0018880 secs] [Times: user=0.01 sys=0.00, real=0.01 secs] 
119.080: Total time for which application threads were stopped: 0.0039160 seconds, Stopping threads took: 0.0019520 seconds
119.120: Application time: 0.0408060 seconds
119.121: [GC [PSYoungGen: 48064K->6624K(49152K)] 103423K->62247K(160256K), 0.0021540 secs] [Times: user=0.01 sys=0.00, real=0.00 secs] 
119.123: Total time for which application threads were stopped: 0.0030610 seconds, Stopping threads took: 0.0008290 seconds
119.165: Application time: 0.0418430 seconds
119.168: [GC [PSYoungGen: 49120K->5808K(49152K)] 104743K->61431K(160256K), 0.0018600 secs] [Times: user=0.01 sys=0.00, real=0.00 secs] 
119.170: Total time for which application threads were stopped: 0.0044640 seconds, Stopping threads took: 0.0025140 seconds
119.212: Application time: 0.0425330 seconds
119.216: [GC [PSYoungGen: 48304K->5744K(49152K)] 103927K->61375K(160256K), 0.0017290 secs] [Times: user=0.01 sys=0.00, real=0.00 secs] 
119.217: Total time for which application threads were stopped: 0.0049920 seconds, Stopping threads took: 0.0031810 seconds
119.258: Application time: 0.0404920 seconds
119.259: [GC [PSYoungGen: 48240K->6640K(49152K)] 103871K->62671K(160256K), 0.0021500 secs] [Times: user=0.01 sys=0.00, real=0.00 secs] 
119.262: Total time for which application threads were stopped: 0.0037410 seconds, Stopping threads took: 0.0015050 seconds
119.303: Application time: 0.0413380 seconds
119.305: [GC [PSYoungGen: 49136K->5984K(49152K)] 105167K->62023K(160256K), 0.0018540 secs] [Times: user=0.01 sys=0.00, real=0.01 secs] 
119.307: Total time for which application threads were stopped: 0.0043960 seconds, Stopping threads took: 0.0024640 seconds
119.346: Application time: 0.0392040 seconds
119.349: [GC [PSYoungGen: 48478K->6624K(49152K)] 104517K->63335K(160256K), 0.0021790 secs] [Times: user=0.01 sys=0.00, real=0.00 secs] 
119.352: Total time for which application threads were stopped: 0.0051180 seconds, Stopping threads took: 0.0028590 seconds
119.393: Application time: 0.0408880 seconds
119.394: [GC [PSYoungGen: 49120K->6640K(49152K)] 105831K->63359K(160256K), 0.0020340 secs] [Times: user=0.01 sys=0.00, real=0.00 secs] 
119.396: Total time for which application threads were stopped: 0.0036020 seconds, Stopping threads took: 0.0014820 seconds
119.438: Application time: 0.0416860 seconds
119.439: [GC [PSYoungGen: 49136K->6640K(49152K)] 105855K->63375K(160256K), 0.0021220 secs] [Times: user=0.01 sys=0.00, real=0.00 secs] 
119.442: Total time for which application threads were stopped: 0.0037690 seconds, Stopping threads took: 0.0015660 seconds
119.482: Application time: 0.0405110 seconds
119.484: [GC [PSYoungGen: 49136K->5856K(49152K)] 105871K->62591K(160256K), 0.0017940 secs] [Times: user=0.01 sys=0.00, real=0.00 secs] 
119.485: Total time for which application threads were stopped: 0.0033080 seconds, Stopping threads took: 0.0014350 seconds
119.525: Application time: 0.0398100 seconds
119.528: [GC [PSYoungGen: 48352K->6640K(49152K)] 105087K->63879K(160256K), 0.0021410 secs] [Times: user=0.01 sys=0.00, real=0.00 secs] 
119.530: Total time for which application threads were stopped: 0.0047050 seconds, Stopping threads took: 0.0024850 seconds
119.568: Application time: 0.0377420 seconds
119.569: [GC [PSYoungGen: 49136K->6560K(49152K)] 106375K->63815K(160256K), 0.0019700 secs] [Times: user=0.01 sys=0.00, real=0.00 secs] 
119.571: Total time for which application threads were stopped: 0.0033440 seconds, Stopping threads took: 0.0012940 seconds
119.609: Application time: 0.0379370 seconds
119.611: [GC [PSYoungGen: 49056K->6656K(49152K)] 106311K->65375K(160256K), 0.0023740 secs] [Times: user=0.02 sys=0.00, real=0.00 secs] 
119.614: Total time for which application threads were stopped: 0.0047800 seconds, Stopping threads took: 0.0023200 seconds
119.651: Application time: 0.0371470 seconds
119.653: [GC [PSYoungGen: 49152K->6656K(49152K)] 107871K->66495K(160256K), 0.0023010 secs] [Times: user=0.02 sys=0.00, real=0.00 secs] 
119.655: Total time for which application threads were stopped: 0.0040350 seconds, Stopping threads took: 0.0016520 seconds
119.693: Application time: 0.0380470 seconds
119.696: [GC [PSYoungGen: 49152K->6656K(49152K)] 108991K->66559K(160256K), 0.0019330 secs] [Times: user=0.01 sys=0.00, real=0.00 secs] 
119.698: Total time for which application threads were stopped: 0.0050030 seconds, Stopping threads took: 0.0029860 seconds
119.737: Application time: 0.0392980 seconds
119.740: [GC [PSYoungGen: 49152K->6656K(49152K)] 109055K->66591K(160256K), 0.0019500 secs] [Times: user=0.01 sys=0.00, real=0.00 secs] 
119.742: Total time for which application threads were stopped: 0.0051140 seconds, Stopping threads took: 0.0030870 seconds
119.782: Application time: 0.0394180 seconds
119.784: [GC [PSYoungGen: 49152K->6640K(49152K)] 109087K->67479K(160256K), 0.0021450 secs] [Times: user=0.02 sys=0.00, real=0.00 secs] 
119.786: Total time for which application threads were stopped: 0.0041670 seconds, Stopping threads took: 0.0019450 seconds
119.825: Application time: 0.0395380 seconds
119.828: [GC [PSYoungGen: 49136K->6640K(49152K)] 109975K->67791K(160256K), 0.0021300 secs] [Times: user=0.01 sys=0.00, real=0.00 secs] 
119.830: Total time for which application threads were stopped: 0.0046910 seconds, Stopping threads took: 0.0024810 seconds
119.869: Application time: 0.0390330 seconds
119.872: [GC [PSYoungGen: 49136K->6640K(49152K)] 110287K->68547K(160256K), 0.0021530 secs] [Times: user=0.01 sys=0.00, real=0.00 secs] 
119.874: Total time for which application threads were stopped: 0.0048140 seconds, Stopping threads took: 0.0025650 seconds
119.915: Application time: 0.0412430 seconds
119.917: [GC [PSYoungGen: 49136K->4896K(49152K)] 111043K->66811K(160256K), 0.0015980 secs] [Times: user=0.01 sys=0.00, real=0.01 secs] 
119.919: Total time for which application threads were stopped: 0.0036660 seconds, Stopping threads took: 0.0020010 seconds
119.962: Application time: 0.0425800 seconds
119.963: [GC [PSYoungGen: 47391K->5280K(49152K)] 109307K->67195K(160256K), 0.0016770 secs] [Times: user=0.01 sys=0.00, real=0.00 secs] 
119.965: Total time for which application threads were stopped: 0.0031090 seconds, Stopping threads took: 0.0013640 seconds
120.003: Application time: 0.0379500 seconds
120.004: [GC [PSYoungGen: 47776K->6656K(49152K)] 109691K->69875K(160256K), 0.0023220 secs] [Times: user=0.02 sys=0.00, real=0.01 secs] 
120.007: Total time for which application threads were stopped: 0.0040640 seconds, Stopping threads took: 0.0016600 seconds
120.044: Application time: 0.0377760 seconds
120.047: [GC [PSYoungGen: 49152K->6656K(49152K)] 112371K->69915K(160256K), 0.0020380 secs] [Times: user=0.01 sys=0.00, real=0.00 secs] 
120.049: Total time for which application threads were stopped: 0.0041690 seconds, Stopping threads took: 0.0020390 seconds
120.087: Application time: 0.0379360 seconds
120.088: [GC [PSYoungGen: 49152K->6624K(49152K)] 112411K->69883K(160256K), 0.0020210 secs] [Times: user=0.01 sys=0.00, real=0.00 secs] 
120.090: Total time for which application threads were stopped: 0.0039010 seconds, Stopping threads took: 0.0018010 seconds
120.127: Application time: 0.0364780 seconds
120.129: [GC [PSYoungGen: 49120K->6656K(49152K)] 112379K->70767K(160256K), 0.0021960 secs] [Times: user=0.01 sys=0.00, real=0.00 secs] 
120.131: Total time for which application threads were stopped: 0.0037930 seconds, Stopping threads took: 0.0015150 seconds
120.169: Application time: 0.0382010 seconds
120.171: [GC [PSYoungGen: 49152K->6656K(49152K)] 113263K->71727K(160256K), 0.0023450 secs] [Times: user=0.02 sys=0.00, real=0.00 secs] 
120.174: Total time for which application threads were stopped: 0.0047400 seconds, Stopping threads took: 0.0023140 seconds
120.211: Application time: 0.0374220 seconds
120.214: [GC [PSYoungGen: 49152K->6656K(49152K)] 114223K->72063K(160256K), 0.0020940 secs] [Times: user=0.01 sys=0.00, real=0.00 secs] 
120.216: Total time for which application threads were stopped: 0.0046690 seconds, Stopping threads took: 0.0024830 seconds
120.254: Application time: 0.0382540 seconds
120.255: [GC [PSYoungGen: 49152K->6096K(49152K)] 114559K->71511K(160256K), 0.0018310 secs] [Times: user=0.01 sys=0.00, real=0.00 secs] 
120.257: Total time for which application threads were stopped: 0.0031780 seconds, Stopping threads took: 0.0012690 seconds
120.297: Application time: 0.0401040 seconds
120.299: [GC [PSYoungGen: 48592K->5568K(49152K)] 114007K->70983K(160256K), 0.0018010 secs] [Times: user=0.01 sys=0.00, real=0.00 secs] 
120.301: Total time for which application threads were stopped: 0.0034720 seconds, Stopping threads took: 0.0015940 seconds
120.340: Application time: 0.0396660 seconds
120.342: [GC [PSYoungGen: 48064K->5984K(49152K)] 113479K->71407K(160256K), 0.0018220 secs] [Times: user=0.01 sys=0.00, real=0.00 secs] 
120.344: Total time for which application threads were stopped: 0.0033350 seconds, Stopping threads took: 0.0014340 seconds
120.384: Application time: 0.0398900 seconds
120.385: [GC [PSYoungGen: 48480K->6464K(49152K)] 113903K->71887K(160256K), 0.0019580 secs] [Times: user=0.01 sys=0.00, real=0.01 secs] 
120.388: Total time for which application threads were stopped: 0.0037910 seconds, Stopping threads took: 0.0017550 seconds
120.426: Application time: 0.0388350 seconds
120.429: [GC [PSYoungGen: 48960K->5792K(49152K)] 114383K->71215K(160256K), 0.0017160 secs] [Times: user=0.01 sys=0.00, real=0.00 secs] 
120.431: Total time for which application threads were stopped: 0.0042670 seconds, Stopping threads took: 0.0024670 seconds
120.471: Application time: 0.0401130 seconds
120.473: [GC [PSYoungGen: 48288K->6048K(49152K)] 113711K->71479K(160256K), 0.0018370 secs] [Times: user=0.01 sys=0.00, real=0.00 secs] 
120.475: Total time for which application threads were stopped: 0.0037800 seconds, Stopping threads took: 0.0018640 seconds
120.516: Application time: 0.0410590 seconds
120.517: [GC [PSYoungGen: 48544K->4912K(49152K)] 113975K->70343K(160256K), 0.0015650 secs] [Times: user=0.01 sys=0.00, real=0.00 secs] 
120.518: Total time for which application threads were stopped: 0.0027080 seconds, Stopping threads took: 0.0010660 seconds
120.558: Application time: 0.0392630 seconds
120.559: [GC [PSYoungGen: 47408K->5840K(49152K)] 112839K->71271K(160256K), 0.0017880 secs] [Times: user=0.01 sys=0.00, real=0.00 secs] 
120.561: Total time for which application threads were stopped: 0.0030180 seconds, Stopping threads took: 0.0011560 seconds
120.600: Application time: 0.0390370 seconds
120.601: [GC [PSYoungGen: 48336K->6288K(49152K)] 113767K->71727K(160256K), 0.0018780 secs] [Times: user=0.02 sys=0.00, real=0.00 secs] 
120.603: Total time for which application threads were stopped: 0.0035030 seconds, Stopping threads took: 0.0015450 seconds
120.644: Application time: 0.0408150 seconds
120.646: [GC [PSYoungGen: 48784K->6016K(49152K)] 114223K->71463K(160256K), 0.0017780 secs] [Times: user=0.01 sys=0.00, real=0.01 secs] 
120.648: Total time for which application threads were stopped: 0.0039340 seconds, Stopping threads took: 0.0020790 seconds
120.686: Application time: 0.0380590 seconds
120.689: [GC [PSYoungGen: 48512K->6304K(49152K)] 113959K->71751K(160256K), 0.0018760 secs] [Times: user=0.01 sys=0.00, real=0.00 secs] 
120.690: Total time for which application threads were stopped: 0.0045750 seconds, Stopping threads took: 0.0026190 seconds
120.728: Application time: 0.0376710 seconds
120.730: [GC [PSYoungGen: 48800K->6656K(49152K)] 114247K->72159K(160256K), 0.0020540 secs] [Times: user=0.02 sys=0.00, real=0.00 secs] 
120.732: Total time for which application threads were stopped: 0.0036820 seconds, Stopping threads took: 0.0015400 seconds
120.770: Application time: 0.0385770 seconds
120.772: [GC [PSYoungGen: 49152K->6288K(49152K)] 114655K->71799K(160256K), 0.0019020 secs] [Times: user=0.01 sys=0.00, real=0.00 secs] 
120.774: Total time for which application threads were stopped: 0.0034510 seconds, Stopping threads took: 0.0014720 seconds
120.813: Application time: 0.0393380 seconds
120.815: [GC [PSYoungGen: 48784K->5712K(49152K)] 114295K->71223K(160256K), 0.0017630 secs] [Times: user=0.01 sys=0.00, real=0.00 secs] 
120.817: Total time for which application threads were stopped: 0.0033220 seconds, Stopping threads took: 0.0014860 seconds
120.855: Application time: 0.0380100 seconds
120.857: [GC [PSYoungGen: 48208K->6544K(49152K)] 113719K->72071K(160256K), 0.0019690 secs] [Times: user=0.00 sys=0.02, real=0.01 secs] 
120.859: Total time for which application threads were stopped: 0.0043180 seconds, Stopping threads took: 0.0022690 seconds
120.897: Application time: 0.0380930 seconds
120.899: [GC [PSYoungGen: 49040K->6608K(49152K)] 114567K->72135K(160256K), 0.0019450 secs] [Times: user=0.02 sys=0.00, real=0.00 secs] 
120.901: Total time for which application threads were stopped: 0.0040720 seconds, Stopping threads took: 0.0020490 seconds
120.939: Application time: 0.0381890 seconds
120.942: [GC [PSYoungGen: 49104K->6496K(49152K)] 114631K->72023K(160256K), 0.0019200 secs] [Times: user=0.01 sys=0.00, real=0.00 secs] 
120.944: Total time for which application threads were stopped: 0.0047520 seconds, Stopping threads took: 0.0027530 seconds
120.982: Application time: 0.0376490 seconds
120.983: [GC [PSYoungGen: 48992K->6656K(49152K)] 114519K->72791K(160256K), 0.0021390 secs] [Times: user=0.02 sys=0.01, real=0.00 secs] 
120.985: Total time for which application threads were stopped: 0.0038340 seconds, Stopping threads took: 0.0016170 seconds
121.024: Application time: 0.0380880 seconds
121.026: [GC [PSYoungGen: 49152K->6656K(49152K)] 115287K->73407K(160256K), 0.0021900 secs] [Times: user=0.02 sys=0.00, real=0.01 secs] 
121.028: Total time for which application threads were stopped: 0.0042130 seconds, Stopping threads took: 0.0019380 seconds
121.068: Application time: 0.0398330 seconds
121.070: [GC [PSYoungGen: 49152K->5936K(49152K)] 115903K->72687K(160256K), 0.0018070 secs] [Times: user=0.01 sys=0.00, real=0.00 secs] 
121.072: Total time for which application threads were stopped: 0.0041840 seconds, Stopping threads took: 0.0023020 seconds
121.113: Application time: 0.0410380 seconds
121.115: [GC [PSYoungGen: 48432K->5792K(49152K)] 115183K->72551K(160256K), 0.0017280 secs] [Times: user=0.02 sys=0.00, real=0.00 secs] 
121.116: Total time for which application threads were stopped: 0.0034910 seconds, Stopping threads took: 0.0016890 seconds
121.158: Application time: 0.0418160 seconds
121.160: [GC [PSYoungGen: 48288K->5568K(49152K)] 115047K->72343K(160256K), 0.0020240 secs] [Times: user=0.01 sys=0.00, real=0.00 secs] 
121.162: Total time for which application threads were stopped: 0.0034180 seconds, Stopping threads took: 0.0013190 seconds
121.202: Application time: 0.0399510 seconds
121.203: [GC [PSYoungGen: 48064K->5408K(49152K)] 114839K->72191K(160256K), 0.0016730 secs] [Times: user=0.01 sys=0.00, real=0.00 secs] 
121.205: Total time for which application threads were stopped: 0.0032690 seconds, Stopping threads took: 0.0015180 seconds
121.244: Application time: 0.0388440 seconds
121.246: [GC [PSYoungGen: 47903K->6640K(49152K)] 114686K->74848K(160256K), 0.0024640 secs] [Times: user=0.02 sys=0.00, real=0.01 secs] 
121.249: Total time for which application threads were stopped: 0.0049460 seconds, Stopping threads took: 0.0023880 seconds
121.286: Application time: 0.0378420 seconds
121.289: [GC [PSYoungGen: 49136K->6656K(49152K)] 117344K->74992K(160256K), 0.0020140 secs] [Times: user=0.02 sys=0.00, real=0.00 secs] 
121.291: Total time for which application threads were stopped: 0.0043880 seconds, Stopping threads took: 0.0022950 seconds
121.330: Application time: 0.0389250 seconds
121.332: [GC [PSYoungGen: 49152K->6560K(49152K)] 117488K->74896K(160256K), 0.0020260 secs] [Times: user=0.02 sys=0.00, real=0.00 secs] 
121.334: Total time for which application threads were stopped: 0.0046040 seconds, Stopping threads took: 0.0025010 seconds
121.374: Application time: 0.0393530 seconds
121.375: [GC [PSYoungGen: 49056K->5920K(49152K)] 117392K->74264K(160256K), 0.0018300 secs] [Times: user=0.01 sys=0.00, real=0.00 secs] 
121.377: Total time for which application threads were stopped: 0.0032700 seconds, Stopping threads took: 0.0013630 seconds
121.415: Application time: 0.0384950 seconds
121.418: [GC [PSYoungGen: 48416K->5952K(49152K)] 116760K->74296K(160256K), 0.0018560 secs] [Times: user=0.02 sys=0.00, real=0.01 secs] 
121.420: Total time for which application threads were stopped: 0.0042100 seconds, Stopping threads took: 0.0022760 seconds
121.461: Application time: 0.0409460 seconds
121.463: [GC [PSYoungGen: 48448K->5264K(49152K)] 116792K->73608K(160256K), 0.0016160 secs] [Times: user=0.01 sys=0.00, real=0.00 secs] 
121.465: Total time for which application threads were stopped: 0.0040220 seconds, Stopping threads took: 0.0023290 seconds
121.501: Application time: 0.0364130 seconds
121.504: [GC [PSYoungGen: 47760K->6624K(49152K)] 116104K->75488K(160256K), 0.0021690 secs] [Times: user=0.01 sys=0.00, real=0.00 secs] 
121.506: Total time for which application threads were stopped: 0.0046700 seconds, Stopping threads took: 0.0024210 seconds
121.544: Application time: 0.0381030 seconds
121.546: [GC [PSYoungGen: 49120K->6640K(49152K)] 117984K->76732K(160256K), 0.0024080 secs] [Times: user=0.01 sys=0.00, real=0.01 secs] 
121.548: Total time for which application threads were stopped: 0.0045180 seconds, Stopping threads took: 0.0020290 seconds
121.588: Application time: 0.0393400 seconds
121.590: [GC [PSYoungGen: 49136K->6640K(49152K)] 119228K->77308K(160256K), 0.0021990 secs] [Times: user=0.01 sys=0.00, real=0.00 secs] 
121.592: Total time for which application threads were stopped: 0.0045250 seconds, Stopping threads took: 0.0022380 seconds
121.631: Application time: 0.0387700 seconds
121.632: [GC [PSYoungGen: 49136K->6640K(49152K)] 119804K->77316K(160256K), 0.0020270 secs] [Times: user=0.02 sys=0.00, real=0.00 secs] 
121.634: Total time for which application threads were stopped: 0.0034300 seconds, Stopping threads took: 0.0013270 seconds
121.673: Application time: 0.0382120 seconds
121.675: [GC [PSYoungGen: 49136K->6640K(49152K)] 119812K->78084K(160256K), 0.0022790 secs] [Times: user=0.01 sys=0.00, real=0.00 secs] 
121.677: Total time for which application threads were stopped: 0.0045820 seconds, Stopping threads took: 0.0022230 seconds
121.717: Application time: 0.0399080 seconds
121.719: [GC [PSYoungGen: 49136K->5312K(49152K)] 120580K->76764K(160256K), 0.0016320 secs] [Times: user=0.01 sys=0.00, real=0.00 secs] 
121.721: Total time for which application threads were stopped: 0.0038790 seconds, Stopping threads took: 0.0021780 seconds
121.763: Application time: 0.0416540 seconds
121.764: [GC [PSYoungGen: 47808K->6656K(49152K)] 119260K->78628K(160256K), 0.0022940 secs] [Times: user=0.02 sys=0.00, real=0.01 secs] 
121.767: Total time for which application threads were stopped: 0.0040050 seconds, Stopping threads took: 0.0016230 seconds
121.807: Application time: 0.0403070 seconds
121.809: [GC [PSYoungGen: 49152K->5008K(49152K)] 121124K->76988K(160256K), 0.0015960 secs] [Times: user=0.01 sys=0.00, real=0.00 secs] 
121.810: Total time for which application threads were stopped: 0.0034020 seconds, Stopping threads took: 0.0017320 seconds
121.851: Application time: 0.0401380 seconds
121.853: [GC [PSYoungGen: 47504K->6656K(49152K)] 119484K->78804K(160256K), 0.0020880 secs] [Times: user=0.01 sys=0.00, real=0.00 secs] 
121.855: Total time for which application threads were stopped: 0.0044700 seconds, Stopping threads took: 0.0023020 seconds
121.895: Application time: 0.0398670 seconds
121.897: [GC [PSYoungGen: 49152K->5296K(49152K)] 121300K->77444K(160256K), 0.0015860 secs] [Times: user=0.00 sys=0.01, real=0.01 secs] 
121.899: Total time for which application threads were stopped: 0.0039200 seconds, Stopping threads took: 0.0022580 seconds
121.938: Application time: 0.0390280 seconds
121.939: [GC [PSYoungGen: 47792K->5696K(49152K)] 119940K->77860K(160256K), 0.0017800 secs] [Times: user=0.01 sys=0.00, real=0.00 secs] 
121.941: Total time for which application threads were stopped: 0.0033370 seconds, Stopping threads took: 0.0014800 seconds
121.981: Application time: 0.0397560 seconds
121.983: [GC [PSYoungGen: 48192K->6352K(49152K)] 120356K->78516K(160256K), 0.0019740 secs] [Times: user=0.02 sys=0.00, real=0.00 secs] 
121.985: Total time for which application threads were stopped: 0.0040890 seconds, Stopping threads took: 0.0020370 seconds
122.023: Application time: 0.0382030 seconds
122.025: [GC [PSYoungGen: 48848K->6624K(49152K)] 121012K->79100K(160256K), 0.0021740 secs] [Times: user=0.01 sys=0.00, real=0.01 secs] 
122.027: Total time for which application threads were stopped: 0.0037890 seconds, Stopping threads took: 0.0015040 seconds
122.066: Application time: 0.0387450 seconds
122.068: [GC [PSYoungGen: 49120K->5824K(49152K)] 121596K->78300K(160256K), 0.0019330 secs] [Times: user=0.01 sys=0.00, real=0.00 secs] 
122.070: Total time for which application threads were stopped: 0.0037680 seconds, Stopping threads took: 0.0017540 seconds
122.109: Application time: 0.0391780 seconds
122.111: [GC [PSYoungGen: 48320K->5808K(49152K)] 120796K->78300K(160256K), 0.0018140 secs] [Times: user=0.01 sys=0.01, real=0.00 secs] 
122.112: Total time for which application threads were stopped: 0.0036330 seconds, Stopping threads took: 0.0017440 seconds
122.153: Application time: 0.0401490 seconds
122.154: [GC [PSYoungGen: 48304K->4608K(49152K)] 120796K->77100K(160256K), 0.0014090 secs] [Times: user=0.01 sys=0.00, real=0.00 secs] 
122.155: Total time for which application threads were stopped: 0.0028510 seconds, Stopping threads took: 0.0013690 seconds
122.197: Application time: 0.0415080 seconds
122.199: [GC [PSYoungGen: 47104K->6256K(49152K)] 119596K->78748K(160256K), 0.0018590 secs] [Times: user=0.01 sys=0.00, real=0.00 secs] 
122.201: Total time for which application threads were stopped: 0.0042140 seconds, Stopping threads took: 0.0022820 seconds
122.243: Application time: 0.0423470 seconds
122.245: [GC [PSYoungGen: 48752K->5200K(49152K)] 121244K->77708K(160256K), 0.0016880 secs] [Times: user=0.01 sys=0.00, real=0.00 secs] 
122.246: Total time for which application threads were stopped: 0.0030290 seconds, Stopping threads took: 0.0012460 seconds
122.284: Application time: 0.0376850 seconds
122.286: [GC [PSYoungGen: 47696K->6624K(49152K)] 120204K->79476K(160256K), 0.0021410 secs] [Times: user=0.02 sys=0.00, real=0.01 secs] 
122.288: Total time for which application threads were stopped: 0.0041180 seconds, Stopping threads took: 0.0018890 seconds
122.326: Application time: 0.0375950 seconds
122.328: [GC [PSYoungGen: 49120K->6640K(49152K)] 121972K->80760K(160256K), 0.0023070 secs] [Times: user=0.01 sys=0.00, real=0.00 secs] 
122.331: Total time for which application threads were stopped: 0.0047690 seconds, Stopping threads took: 0.0023650 seconds
122.370: Application time: 0.0391680 seconds
122.372: [GC [PSYoungGen: 49136K->6640K(49152K)] 123256K->80936K(160256K), 0.0021390 secs] [Times: user=0.01 sys=0.00, real=0.00 secs] 
122.374: Total time for which application threads were stopped: 0.0038480 seconds, Stopping threads took: 0.0016330 seconds
122.413: Application time: 0.0395350 seconds
122.415: [GC [PSYoungGen: 49136K->6656K(49152K)] 123432K->81016K(160256K), 0.0019810 secs] [Times: user=0.02 sys=0.00, real=0.00 secs] 
122.418: Total time for which application threads were stopped: 0.0042810 seconds, Stopping threads took: 0.0022290 seconds
122.457: Application time: 0.0398200 seconds
122.459: [GC [PSYoungGen: 49152K->6624K(49152K)] 123512K->81080K(160256K), 0.0019810 secs] [Times: user=0.02 sys=0.00, real=0.00 secs] 
122.461: Total time for which application threads were stopped: 0.0037870 seconds, Stopping threads took: 0.0017390 seconds
122.501: Application time: 0.0399480 seconds
122.503: [GC [PSYoungGen: 49120K->6624K(49152K)] 123576K->81216K(160256K), 0.0020560 secs] [Times: user=0.01 sys=0.00, real=0.00 secs] 
122.505: Total time for which application threads were stopped: 0.0043200 seconds, Stopping threads took: 0.0021850 seconds
122.544: Application time: 0.0385930 seconds
122.547: [GC [PSYoungGen: 49120K->6592K(49152K)] 123712K->81192K(160256K), 0.0020850 secs] [Times: user=0.02 sys=0.00, real=0.00 secs] 
122.549: Total time for which application threads were stopped: 0.0047430 seconds, Stopping threads took: 0.0025760 seconds
122.587: Application time: 0.0386270 seconds
122.589: [GC [PSYoungGen: 49088K->6640K(49152K)] 123688K->82044K(160256K), 0.0022880 secs] [Times: user=0.02 sys=0.00, real=0.00 secs] 
122.592: Total time for which application threads were stopped: 0.0044410 seconds, Stopping threads took: 0.0020730 seconds
122.631: Application time: 0.0388080 seconds
122.632: [GC [PSYoungGen: 49136K->6656K(49152K)] 124540K->83564K(160256K), 0.0024200 secs] [Times: user=0.02 sys=0.00, real=0.00 secs] 
122.635: Total time for which application threads were stopped: 0.0041340 seconds, Stopping threads took: 0.0016320 seconds
122.673: Application time: 0.0378650 seconds
122.675: [GC [PSYoungGen: 49152K->6656K(49152K)] 126060K->84100K(160256K), 0.0021970 secs] [Times: user=0.02 sys=0.00, real=0.00 secs] 
122.677: Total time for which application threads were stopped: 0.0047560 seconds, Stopping threads took: 0.0024820 seconds
122.715: Application time: 0.0371930 seconds
122.716: [GC [PSYoungGen: 49152K->6528K(49152K)] 126596K->83972K(160256K), 0.0019780 secs] [Times: user=0.01 sys=0.00, real=0.00 secs] 
122.718: Total time for which application threads were stopped: 0.0031530 seconds, Stopping threads took: 0.0010960 seconds
122.757: Application time: 0.0397230 seconds
122.760: [GC [PSYoungGen: 49024K->6304K(49152K)] 126468K->83748K(160256K), 0.0018550 secs] [Times: user=0.02 sys=0.00, real=0.00 secs] 
122.762: Total time for which application threads were stopped: 0.0044980 seconds, Stopping threads took: 0.0025580 seconds
122.800: Application time: 0.0380720 seconds
122.802: [GC [PSYoungGen: 48800K->6624K(49152K)] 126244K->84076K(160256K), 0.0020320 secs] [Times: user=0.01 sys=0.00, real=0.00 secs] 
122.804: Total time for which application threads were stopped: 0.0043460 seconds, Stopping threads took: 0.0022310 seconds
122.843: Application time: 0.0387260 seconds
122.845: [GC [PSYoungGen: 49120K->6064K(49152K)] 126572K->83516K(160256K), 0.0019410 secs] [Times: user=0.01 sys=0.00, real=0.01 secs] 
122.847: Total time for which application threads were stopped: 0.0041920 seconds, Stopping threads took: 0.0021730 seconds
122.887: Application time: 0.0399670 seconds
122.891: [GC [PSYoungGen: 48560K->6640K(49152K)] 126012K->84652K(160256K), 0.0022120 secs] [Times: user=0.01 sys=0.00, real=0.00 secs] 
122.893: Total time for which application threads were stopped: 0.0056250 seconds, Stopping threads took: 0.0033340 seconds
122.931: Application time: 0.0381460 seconds
122.934: [GC [PSYoungGen: 49136K->6624K(49152K)] 127148K->84636K(160256K), 0.0019770 secs] [Times: user=0.01 sys=0.00, real=0.00 secs] 
122.936: Total time for which application threads were stopped: 0.0048620 seconds, Stopping threads took: 0.0028080 seconds
122.975: Application time: 0.0387010 seconds
122.977: [GC [PSYoungGen: 49120K->6464K(49152K)] 127132K->84476K(160256K), 0.0019000 secs] [Times: user=0.01 sys=0.00, real=0.01 secs] 
122.979: Total time for which application threads were stopped: 0.0041050 seconds, Stopping threads took: 0.0021290 seconds
123.017: Application time: 0.0380160 seconds
123.019: [GC [PSYoungGen: 48960K->6144K(49152K)] 126972K->84164K(160256K), 0.0020180 secs] [Times: user=0.02 sys=0.00, real=0.00 secs] 
123.021: Total time for which application threads were stopped: 0.0040000 seconds, Stopping threads took: 0.0019040 seconds
123.058: Application time: 0.0373770 seconds
123.060: [GC [PSYoungGen: 48640K->6624K(49152K)] 126660K->84900K(160256K), 0.0020940 secs] [Times: user=0.01 sys=0.00, real=0.00 secs] 
123.063: Total time for which application threads were stopped: 0.0043930 seconds, Stopping threads took: 0.0022190 seconds
123.105: Application time: 0.0421470 seconds
123.108: [GC [PSYoungGen: 49118K->6656K(49152K)] 127395K->85052K(160256K), 0.0021370 secs] [Times: user=0.02 sys=0.00, real=0.00 secs] 
123.110: Total time for which application threads were stopped: 0.0053300 seconds, Stopping threads took: 0.0031230 seconds
123.153: Application time: 0.0434850 seconds
123.156: [GC [PSYoungGen: 49152K->5200K(49152K)] 127548K->83596K(160256K), 0.0019460 secs] [Times: user=0.01 sys=0.00, real=0.00 secs] 
123.158: Total time for which application threads were stopped: 0.0041640 seconds, Stopping threads took: 0.0021480 seconds
123.198: Application time: 0.0401880 seconds
123.200: [GC [PSYoungGen: 47696K->6112K(49152K)] 126092K->84516K(160256K), 0.0017860 secs] [Times: user=0.01 sys=0.00, real=0.00 secs] 
123.202: Total time for which application threads were stopped: 0.0039690 seconds, Stopping threads took: 0.0021090 seconds
123.241: Application time: 0.0387920 seconds
123.242: [GC [PSYoungGen: 48608K->6352K(49152K)] 127012K->84756K(160256K), 0.0019500 secs] [Times: user=0.01 sys=0.00, real=0.00 secs] 
123.244: Total time for which application threads were stopped: 0.0038830 seconds, Stopping threads took: 0.0018510 seconds
123.284: Application time: 0.0392020 seconds
123.285: [GC [PSYoungGen: 48848K->5392K(49152K)] 127252K->83804K(160256K), 0.0016960 secs] [Times: user=0.01 sys=0.00, real=0.01 secs] 
123.287: Total time for which application threads were stopped: 0.0031030 seconds, Stopping threads took: 0.0013290 seconds
123.327: Application time: 0.0402240 seconds
123.329: [GC [PSYoungGen: 47888K->5696K(49152K)] 126300K->84124K(160256K), 0.0019210 secs] [Times: user=0.01 sys=0.01, real=0.00 secs] 
123.331: Total time for which application threads were stopped: 0.0035990 seconds, Stopping threads took: 0.0015890 seconds
123.372: Application time: 0.0413990 seconds
123.374: [GC [PSYoungGen: 48192K->5104K(49152K)] 126620K->83548K(160256K), 0.0016140 secs] [Times: user=0.01 sys=0.00, real=0.00 secs] 
123.376: Total time for which application threads were stopped: 0.0038290 seconds, Stopping threads took: 0.0021450 seconds
123.416: Application time: 0.0405650 seconds
123.418: [GC [PSYoungGen: 47600K->5968K(49152K)] 126044K->84420K(160256K), 0.0017610 secs] [Times: user=0.01 sys=0.00, real=0.01 secs] 
123.420: Total time for which application threads were stopped: 0.0037540 seconds, Stopping threads took: 0.0019270 seconds
123.462: Application time: 0.0420300 seconds
123.465: [GC [PSYoungGen: 48464K->5936K(49152K)] 126916K->84388K(160256K), 0.0017610 secs] [Times: user=0.01 sys=0.00, real=0.01 secs] 
123.467: Total time for which application threads were stopped: 0.0045810 seconds, Stopping threads took: 0.0027410 seconds
123.507: Application time: 0.0397230 seconds
123.509: [GC [PSYoungGen: 48432K->6304K(49152K)] 126884K->84756K(160256K), 0.0018750 secs] [Times: user=0.01 sys=0.00, real=0.00 secs] 
123.511: Total time for which application threads were stopped: 0.0046760 seconds, Stopping threads took: 0.0027250 seconds
123.550: Application time: 0.0389270 seconds
123.553: [GC [PSYoungGen: 48800K->6624K(49152K)] 127252K->85092K(160256K), 0.0020140 secs] [Times: user=0.02 sys=0.00, real=0.00 secs] 
123.555: Total time for which application threads were stopped: 0.0047930 seconds, Stopping threads took: 0.0026940 seconds
123.594: Application time: 0.0389620 seconds
123.595: [GC [PSYoungGen: 49120K->5616K(49152K)] 127588K->84100K(160256K), 0.0017150 secs] [Times: user=0.01 sys=0.00, real=0.00 secs] 
123.597: Total time for which application threads were stopped: 0.0030020 seconds, Stopping threads took: 0.0012100 seconds
123.635: Application time: 0.0384300 seconds
123.637: [GC [PSYoungGen: 48112K->6640K(49152K)] 126596K->85860K(160256K), 0.0022440 secs] [Times: user=0.02 sys=0.00, real=0.01 secs] 
123.639: Total time for which application threads were stopped: 0.0036350 seconds, Stopping threads took: 0.0013100 seconds
123.677: Application time: 0.0381220 seconds
123.680: [GC [PSYoungGen: 49136K->6624K(49152K)] 128356K->86308K(160256K), 0.0022170 secs] [Times: user=0.01 sys=0.01, real=0.00 secs] 
123.682: Total time for which application threads were stopped: 0.0048450 seconds, Stopping threads took: 0.0025480 seconds
123.722: Application time: 0.0398370 seconds
123.723: [GC [PSYoungGen: 49120K->5840K(49152K)] 128804K->85540K(160256K), 0.0018470 secs] [Times: user=0.01 sys=0.00, real=0.00 secs] 
123.725: Total time for which application threads were stopped: 0.0033650 seconds, Stopping threads took: 0.0014470 seconds
123.763: Application time: 0.0374440 seconds
123.765: [GC [PSYoungGen: 48336K->6640K(49152K)] 128036K->87252K(160256K), 0.0023440 secs] [Times: user=0.01 sys=0.00, real=0.01 secs] 
123.767: Total time for which application threads were stopped: 0.0045040 seconds, Stopping threads took: 0.0020730 seconds
123.805: Application time: 0.0383540 seconds
123.807: [GC [PSYoungGen: 49136K->6608K(49152K)] 129748K->87228K(160256K), 0.0021030 secs] [Times: user=0.01 sys=0.00, real=0.00 secs] 
123.809: Total time for which application threads were stopped: 0.0036860 seconds, Stopping threads took: 0.0015040 seconds
123.848: Application time: 0.0385320 seconds
123.850: [GC [PSYoungGen: 49104K->6384K(49152K)] 129724K->87012K(160256K), 0.0022280 secs] [Times: user=0.02 sys=0.00, real=0.00 secs] 
123.852: Total time for which application threads were stopped: 0.0043850 seconds, Stopping threads took: 0.0020620 seconds
123.889: Application time: 0.0374160 seconds
123.891: [GC [PSYoungGen: 48880K->6656K(49152K)] 129508K->87348K(160256K), 0.0022070 secs] [Times: user=0.02 sys=0.00, real=0.00 secs] 
123.894: Total time for which application threads were stopped: 0.0040400 seconds, Stopping threads took: 0.0017330 seconds
123.933: Application time: 0.0394880 seconds
123.936: [GC [PSYoungGen: 49151K->6208K(49152K)] 129844K->86916K(160256K), 0.0019050 secs] [Times: user=0.00 sys=0.00, real=0.00 secs] 
123.938: Total time for which application threads were stopped: 0.0047070 seconds, Stopping threads took: 0.0027280 seconds
123.978: Application time: 0.0399950 seconds
123.980: [GC [PSYoungGen: 48704K->6624K(49152K)] 129412K->87612K(160256K), 0.0021290 secs] [Times: user=0.01 sys=0.00, real=0.00 secs] 
123.983: Total time for which application threads were stopped: 0.0049390 seconds, Stopping threads took: 0.0027310 seconds
124.021: Application time: 0.0386900 seconds
124.023: [GC [PSYoungGen: 49120K->6624K(49152K)] 130108K->87916K(160256K), 0.0020640 secs] [Times: user=0.02 sys=0.00, real=0.00 secs] 
124.026: Total time for which application threads were stopped: 0.0041770 seconds, Stopping threads took: 0.0020380 seconds
124.065: Application time: 0.0390300 seconds
124.067: [GC [PSYoungGen: 49120K->6640K(49152K)] 130412K->89180K(160256K), 0.0022990 secs] [Times: user=0.02 sys=0.00, real=0.00 secs] 
124.069: Total time for which application threads were stopped: 0.0047540 seconds, Stopping threads took: 0.0023730 seconds
124.107: Application time: 0.0381350 seconds
124.110: [GC [PSYoungGen: 49136K->6656K(49152K)] 131676K->90148K(160256K), 0.0023700 secs] [Times: user=0.02 sys=0.00, real=0.00 secs] 
124.112: Total time for which application threads were stopped: 0.0049070 seconds, Stopping threads took: 0.0024380 seconds
124.150: Application time: 0.0377230 seconds
124.152: [GC [PSYoungGen: 49152K->6352K(49152K)] 132644K->89852K(160256K), 0.0019060 secs] [Times: user=0.02 sys=0.00, real=0.00 secs] 
124.154: Total time for which application threads were stopped: 0.0041970 seconds, Stopping threads took: 0.0022150 seconds
124.192: Application time: 0.0381140 seconds
124.195: [GC [PSYoungGen: 48848K->5920K(49152K)] 132348K->89420K(160256K), 0.0017660 secs] [Times: user=0.01 sys=0.00, real=0.00 secs] 
124.196: Total time for which application threads were stopped: 0.0039850 seconds, Stopping threads took: 0.0021450 seconds
124.238: Application time: 0.0415020 seconds
124.239: [GC [PSYoungGen: 48416K->5712K(49152K)] 131916K->89220K(160256K), 0.0017880 secs] [Times: user=0.01 sys=0.00, real=0.00 secs] 
124.241: Total time for which application threads were stopped: 0.0032410 seconds, Stopping threads took: 0.0013830 seconds
124.283: Application time: 0.0416210 seconds
124.286: [GC [PSYoungGen: 48208K->6592K(49152K)] 131716K->90100K(160256K), 0.0019610 secs] [Times: user=0.02 sys=0.00, real=0.01 secs] 
124.288: Total time for which application threads were stopped: 0.0048180 seconds, Stopping threads took: 0.0027760 seconds
124.326: Application time: 0.0381880 seconds
124.328: [GC [PSYoungGen: 49088K->6544K(49152K)] 132596K->90068K(160256K), 0.0019770 secs] [Times: user=0.01 sys=0.00, real=0.00 secs] 
124.330: Total time for which application threads were stopped: 0.0044530 seconds, Stopping threads took: 0.0024000 seconds
124.370: Application time: 0.0397370 seconds
124.372: [GC [PSYoungGen: 49040K->6272K(49152K)] 132564K->89804K(160256K), 0.0019450 secs] [Times: user=0.02 sys=0.00, real=0.00 secs] 
124.374: Total time for which application threads were stopped: 0.0040080 seconds, Stopping threads took: 0.0019880 seconds
124.413: Application time: 0.0395290 seconds
124.416: [GC [PSYoungGen: 48768K->6176K(49152K)] 132300K->89724K(160256K), 0.0019180 secs] [Times: user=0.01 sys=0.00, real=0.00 secs] 
124.418: Total time for which application threads were stopped: 0.0048820 seconds, Stopping threads took: 0.0028860 seconds
124.458: Application time: 0.0397720 seconds
124.459: [GC [PSYoungGen: 48672K->6112K(49152K)] 132220K->89660K(160256K), 0.0018450 secs] [Times: user=0.01 sys=0.00, real=0.00 secs] 
124.461: Total time for which application threads were stopped: 0.0031370 seconds, Stopping threads took: 0.0012220 seconds
124.503: Application time: 0.0418570 seconds
124.505: [GC [PSYoungGen: 48608K->6000K(49152K)] 132156K->89556K(160256K), 0.0018680 secs] [Times: user=0.01 sys=0.00, real=0.00 secs] 
124.507: Total time for which application threads were stopped: 0.0034050 seconds, Stopping threads took: 0.0014480 seconds
124.545: Application time: 0.0382990 seconds
124.547: [GC [PSYoungGen: 48496K->6656K(49152K)] 132052K->90260K(160256K), 0.0020350 secs] [Times: user=0.01 sys=0.00, real=0.00 secs] 
124.549: Total time for which application threads were stopped: 0.0046110 seconds, Stopping threads took: 0.0024960 seconds
124.587: Application time: 0.0372180 seconds
124.588: [GC [PSYoungGen: 49152K->6656K(49152K)] 132756K->90268K(160256K), 0.0019780 secs] [Times: user=0.01 sys=0.00, real=0.00 secs] 
124.590: Total time for which application threads were stopped: 0.0035640 seconds, Stopping threads took: 0.0015060 seconds
124.629: Application time: 0.0384210 seconds
124.631: [GC [PSYoungGen: 49152K->6560K(49152K)] 132764K->90180K(160256K), 0.0019470 secs] [Times: user=0.01 sys=0.00, real=0.00 secs] 
124.633: Total time for which application threads were stopped: 0.0043530 seconds, Stopping threads took: 0.0023220 seconds
124.672: Application time: 0.0391110 seconds
124.674: [GC [PSYoungGen: 49056K->5456K(49152K)] 132676K->89092K(160256K), 0.0017360 secs] [Times: user=0.01 sys=0.00, real=0.00 secs] 
124.675: Total time for which application threads were stopped: 0.0032400 seconds, Stopping threads took: 0.0014240 seconds
124.715: Application time: 0.0397220 seconds
124.717: [GC [PSYoungGen: 47952K->5504K(49152K)] 131588K->89140K(160256K), 0.0016880 secs] [Times: user=0.01 sys=0.00, real=0.00 secs] 
124.718: Total time for which application threads were stopped: 0.0031640 seconds, Stopping threads took: 0.0014050 seconds
124.757: Application time: 0.0389150 seconds
124.759: [GC [PSYoungGen: 48000K->6192K(49152K)] 131636K->89844K(160256K), 0.0019710 secs] [Times: user=0.01 sys=0.00, real=0.00 secs] 
124.761: Total time for which application threads were stopped: 0.0036500 seconds, Stopping threads took: 0.0016010 seconds
124.800: Application time: 0.0392850 seconds
124.802: [GC [PSYoungGen: 48688K->5104K(49152K)] 132340K->88756K(160256K), 0.0016700 secs] [Times: user=0.01 sys=0.00, real=0.00 secs] 
124.803: Total time for which application threads were stopped: 0.0031330 seconds, Stopping threads took: 0.0013910 seconds
124.841: Application time: 0.0378270 seconds
124.843: [GC [PSYoungGen: 47600K->6624K(49152K)] 131252K->90468K(160256K), 0.0021250 secs] [Times: user=0.01 sys=0.00, real=0.00 secs] 
124.846: Total time for which application threads were stopped: 0.0044880 seconds, Stopping threads took: 0.0022620 seconds
124.884: Application time: 0.0387130 seconds
124.886: [GC [PSYoungGen: 49120K->5904K(49152K)] 132964K->89756K(160256K), 0.0018260 secs] [Times: user=0.01 sys=0.00, real=0.01 secs] 
124.888: Total time for which application threads were stopped: 0.0034940 seconds, Stopping threads took: 0.0015860 seconds
124.927: Application time: 0.0394660 seconds
124.928: [GC [PSYoungGen: 48400K->5952K(49152K)] 132252K->89812K(160256K), 0.0018190 secs] [Times: user=0.01 sys=0.00, real=0.00 secs] 
124.930: Total time for which application threads were stopped: 0.0030130 seconds, Stopping threads took: 0.0011190 seconds
124.970: Application time: 0.0401880 seconds
124.973: [GC [PSYoungGen: 48448K->6656K(49152K)] 132308K->90716K(160256K), 0.0021510 secs] [Times: user=0.01 sys=0.00, real=0.00 secs] 
124.975: Total time for which application threads were stopped: 0.0045130 seconds, Stopping threads took: 0.0022800 seconds
125.015: Application time: 0.0400920 seconds
125.018: [GC [PSYoungGen: 49152K->6656K(49152K)] 133212K->90772K(160256K), 0.0019990 secs] [Times: user=0.01 sys=0.00, real=0.01 secs] 
125.020: Total time for which application threads were stopped: 0.0045770 seconds, Stopping threads took: 0.0025030 seconds
125.059: Application time: 0.0393710 seconds
125.060: [GC [PSYoungGen: 49152K->5488K(49152K)] 133268K->89605K(160256K), 0.0017220 secs] [Times: user=0.01 sys=0.00, real=0.00 secs] 
125.062: Total time for which application threads were stopped: 0.0031780 seconds, Stopping threads took: 0.0013850 seconds
125.103: Application time: 0.0409110 seconds
125.105: [GC [PSYoungGen: 47984K->6448K(49152K)] 132101K->90565K(160256K), 0.0019360 secs] [Times: user=0.02 sys=0.00, real=0.01 secs] 
125.107: Total time for which application threads were stopped: 0.0042440 seconds, Stopping threads took: 0.0022360 seconds
125.147: Application time: 0.0393810 seconds
125.149: [GC [PSYoungGen: 48944K->6480K(49152K)] 133061K->90596K(160256K), 0.0019670 secs] [Times: user=0.01 sys=0.01, real=0.00 secs] 
125.151: Total time for which application threads were stopped: 0.0041070 seconds, Stopping threads took: 0.0020620 seconds
125.191: Application time: 0.0400980 seconds
125.193: [GC [PSYoungGen: 48976K->6096K(49152K)] 133092K->90221K(160256K), 0.0018430 secs] [Times: user=0.01 sys=0.00, real=0.00 secs] 
125.195: Total time for which application threads were stopped: 0.0036700 seconds, Stopping threads took: 0.0017470 seconds
125.237: Application time: 0.0424480 seconds
125.239: [GC [PSYoungGen: 48592K->6464K(49152K)] 132717K->90588K(160256K), 0.0019480 secs] [Times: user=0.01 sys=0.00, real=0.00 secs] 
125.241: Total time for which application threads were stopped: 0.0036180 seconds, Stopping threads took: 0.0015910 seconds
125.280: Application time: 0.0393040 seconds
125.282: [GC [PSYoungGen: 48960K->6272K(49152K)] 133084K->90396K(160256K), 0.0019390 secs] [Times: user=0.01 sys=0.00, real=0.00 secs] 
125.284: Total time for which application threads were stopped: 0.0035260 seconds, Stopping threads took: 0.0015100 seconds
125.325: Application time: 0.0413900 seconds
125.327: [GC [PSYoungGen: 48768K->5520K(49152K)] 132892K->89652K(160256K), 0.0017830 secs] [Times: user=0.01 sys=0.00, real=0.00 secs] 
125.328: Total time for which application threads were stopped: 0.0034220 seconds, Stopping threads took: 0.0015580 seconds
125.368: Application time: 0.0394220 seconds
125.369: [GC [PSYoungGen: 48016K->5408K(49152K)] 132148K->89540K(160256K), 0.0016430 secs] [Times: user=0.01 sys=0.00, real=0.00 secs] 
125.371: Total time for which application threads were stopped: 0.0030770 seconds, Stopping threads took: 0.0013580 seconds
125.411: Application time: 0.0405010 seconds
125.413: [GC [PSYoungGen: 47904K->5376K(49152K)] 132036K->89516K(160256K), 0.0017370 secs] [Times: user=0.01 sys=0.00, real=0.00 secs] 
125.415: Total time for which application threads were stopped: 0.0033140 seconds, Stopping threads took: 0.0014920 seconds
125.454: Application time: 0.0390520 seconds
125.455: [GC [PSYoungGen: 47872K->6240K(49152K)] 132012K->90388K(160256K), 0.0021190 secs] [Times: user=0.01 sys=0.00, real=0.00 secs] 
125.458: Total time for which application threads were stopped: 0.0037800 seconds, Stopping threads took: 0.0015880 seconds
125.495: Application time: 0.0377550 seconds
125.497: [GC [PSYoungGen: 48736K->6656K(49152K)] 132884K->91196K(160256K), 0.0021660 secs] [Times: user=0.01 sys=0.00, real=0.01 secs] 
125.499: Total time for which application threads were stopped: 0.0038220 seconds, Stopping threads took: 0.0015750 seconds
125.538: Application time: 0.0392300 seconds
125.540: [GC [PSYoungGen: 49152K->6640K(49152K)] 133692K->92412K(160256K), 0.0023450 secs] [Times: user=0.02 sys=0.00, real=0.00 secs] 
125.543: Total time for which application threads were stopped: 0.0042630 seconds, Stopping threads took: 0.0018440 seconds
125.583: Application time: 0.0402740 seconds
125.586: [GC [PSYoungGen: 49136K->6640K(49152K)] 134908K->93453K(160256K), 0.0022480 secs] [Times: user=0.01 sys=0.00, real=0.01 secs] 
125.588: Total time for which application threads were stopped: 0.0049910 seconds, Stopping threads took: 0.0026650 seconds
125.627: Application time: 0.0392910 seconds
125.629: [GC [PSYoungGen: 49136K->5424K(49152K)] 135949K->92237K(160256K), 0.0016860 secs] [Times: user=0.01 sys=0.00, real=0.00 secs] 
125.630: Total time for which application threads were stopped: 0.0031150 seconds, Stopping threads took: 0.0013490 seconds
125.669: Application time: 0.0388050 seconds
125.670: [GC [PSYoungGen: 47920K->5296K(49152K)] 134733K->92109K(160256K), 0.0016500 secs] [Times: user=0.01 sys=0.00, real=0.00 secs] 
125.672: Total time for which application threads were stopped: 0.0029090 seconds, Stopping threads took: 0.0011740 seconds
125.713: Application time: 0.0405940 seconds
125.714: [GC [PSYoungGen: 47792K->4768K(49152K)] 134605K->91589K(160256K), 0.0023560 secs] [Times: user=0.01 sys=0.00, real=0.00 secs] 
125.717: Total time for which application threads were stopped: 0.0039060 seconds, Stopping threads took: 0.0014700 seconds
125.756: Application time: 0.0397460 seconds
125.758: [GC [PSYoungGen: 47264K->5552K(49152K)] 134085K->92373K(160256K), 0.0017170 secs] [Times: user=0.01 sys=0.00, real=0.01 secs] 
125.760: Total time for which application threads were stopped: 0.0039070 seconds, Stopping threads took: 0.0021170 seconds
125.801: Application time: 0.0404340 seconds
125.804: [GC [PSYoungGen: 48047K->6624K(49152K)] 134868K->93565K(160256K), 0.0019840 secs] [Times: user=0.01 sys=0.00, real=0.00 secs] 
125.806: Total time for which application threads were stopped: 0.0049240 seconds, Stopping threads took: 0.0028630 seconds
125.845: Application time: 0.0390290 seconds
125.847: [GC [PSYoungGen: 49120K->6656K(49152K)] 136061K->94509K(160256K), 0.0022920 secs] [Times: user=0.02 sys=0.00, real=0.00 secs] 
125.849: Total time for which application threads were stopped: 0.0044510 seconds, Stopping threads took: 0.0020790 seconds
125.888: Application time: 0.0390180 seconds
125.890: [GC [PSYoungGen: 49152K->6656K(49152K)] 137005K->95173K(160256K), 0.0021670 secs] [Times: user=0.01 sys=0.00, real=0.00 secs] 
125.892: Total time for which application threads were stopped: 0.0037240 seconds, Stopping threads took: 0.0014760 seconds
125.936: Application time: 0.0443720 seconds
125.937: [GC [PSYoungGen: 49152K->6656K(49152K)] 137669K->95709K(160256K), 0.0021140 secs] [Times: user=0.01 sys=0.00, real=0.01 secs] 
125.939: Total time for which application threads were stopped: 0.0033020 seconds, Stopping threads took: 0.0011070 seconds
125.982: Application time: 0.0421860 seconds
125.983: [GC [PSYoungGen: 49152K->6512K(49152K)] 138205K->95573K(160256K), 0.0020130 secs] [Times: user=0.01 sys=0.00, real=0.00 secs] 
125.985: Total time for which application threads were stopped: 0.0037620 seconds, Stopping threads took: 0.0016700 seconds
126.025: Application time: 0.0391920 seconds
126.025: [GC [PSYoungGen: 49008K->6656K(49152K)] 138069K->95949K(160256K), 0.0021640 secs] [Times: user=0.02 sys=0.00, real=0.01 secs] 
126.028: Total time for which application threads were stopped: 0.0030410 seconds, Stopping threads took: 0.0007970 seconds
126.064: Application time: 0.0363530 seconds
126.067: [GC [PSYoungGen: 49152K->6656K(49152K)] 138445K->96061K(160256K), 0.0021470 secs] [Times: user=0.01 sys=0.00, real=0.00 secs] 
126.069: Total time for which application threads were stopped: 0.0048710 seconds, Stopping threads took: 0.0026460 seconds
126.108: Application time: 0.0391330 seconds
126.110: [GC [PSYoungGen: 49152K->6560K(49152K)] 138557K->95973K(160256K), 0.0019680 secs] [Times: user=0.02 sys=0.00, real=0.00 secs] 
126.112: Total time for which application threads were stopped: 0.0042500 seconds, Stopping threads took: 0.0021980 seconds
126.153: Application time: 0.0406060 seconds
126.155: [GC [PSYoungGen: 49056K->6560K(49152K)] 138469K->95973K(160256K), 0.0021330 secs] [Times: user=0.02 sys=0.00, real=0.00 secs] 
126.158: Total time for which application threads were stopped: 0.0046650 seconds, Stopping threads took: 0.0024360 seconds
126.195: Application time: 0.0377330 seconds
126.197: [GC [PSYoungGen: 49056K->6624K(49152K)] 138469K->96921K(160256K), 0.0025930 secs] [Times: user=0.02 sys=0.00, real=0.01 secs] 
126.200: Total time for which application threads were stopped: 0.0042980 seconds, Stopping threads took: 0.0016030 seconds
126.236: Application time: 0.0367880 seconds
126.238: [GC [PSYoungGen: 49120K->6592K(49152K)] 139417K->96897K(160256K), 0.0022150 secs] [Times: user=0.02 sys=0.00, real=0.01 secs] 
126.240: Total time for which application threads were stopped: 0.0034470 seconds, Stopping threads took: 0.0011570 seconds
126.278: Application time: 0.0383900 seconds
126.280: [GC [PSYoungGen: 49088K->6640K(49152K)] 139393K->97073K(160256K), 0.0021390 secs] [Times: user=0.02 sys=0.00, real=0.00 secs] 
126.282: Total time for which application threads were stopped: 0.0040000 seconds, Stopping threads took: 0.0017780 seconds
126.322: Application time: 0.0402620 seconds
126.324: [GC [PSYoungGen: 49136K->4608K(49152K)] 139569K->95041K(160256K), 0.0015380 secs] [Times: user=0.01 sys=0.00, real=0.00 secs] 
126.326: Total time for which application threads were stopped: 0.0031630 seconds, Stopping threads took: 0.0015510 seconds
126.366: Application time: 0.0399450 seconds
126.367: [GC [PSYoungGen: 47104K->5056K(49152K)] 137537K->95497K(160256K), 0.0016420 secs] [Times: user=0.01 sys=0.00, real=0.00 secs] 
126.369: Total time for which application threads were stopped: 0.0032530 seconds, Stopping threads took: 0.0015370 seconds
126.407: Application time: 0.0386560 seconds
126.410: [GC [PSYoungGen: 47552K->6656K(49152K)] 137993K->98361K(160256K), 0.0024860 secs] [Times: user=0.02 sys=0.00, real=0.00 secs] 
126.412: Total time for which application threads were stopped: 0.0048970 seconds, Stopping threads took: 0.0023250 seconds
126.449: Application time: 0.0367740 seconds
126.451: [GC [PSYoungGen: 49152K->6656K(49152K)] 140857K->99129K(160256K), 0.0022050 secs] [Times: user=0.02 sys=0.00, real=0.00 secs] 
126.453: Total time for which application threads were stopped: 0.0036680 seconds, Stopping threads took: 0.0013540 seconds
126.491: Application time: 0.0377840 seconds
126.491: [GC [PSYoungGen: 49152K->6656K(49152K)] 141625K->99605K(160256K), 0.0021980 secs] [Times: user=0.01 sys=0.00, real=0.00 secs] 
126.494: Total time for which application threads were stopped: 0.0031030 seconds, Stopping threads took: 0.0008290 seconds
126.532: Application time: 0.0380890 seconds
126.534: [GC [PSYoungGen: 49152K->6640K(49152K)] 142101K->99885K(160256K), 0.0021320 secs] [Times: user=0.01 sys=0.01, real=0.00 secs] 
126.537: Total time for which application threads were stopped: 0.0047000 seconds, Stopping threads took: 0.0024850 seconds
126.576: Application time: 0.0392730 seconds
126.579: [GC [PSYoungGen: 49136K->6432K(49152K)] 142381K->99685K(160256K), 0.0018860 secs] [Times: user=0.01 sys=0.00, real=0.00 secs] 
126.581: Total time for which application threads were stopped: 0.0047730 seconds, Stopping threads took: 0.0028130 seconds
126.622: Application time: 0.0414820 seconds
126.624: [GC [PSYoungGen: 48928K->6288K(49152K)] 142181K->99549K(160256K), 0.0019000 secs] [Times: user=0.01 sys=0.00, real=0.00 secs] 
126.626: Total time for which application threads were stopped: 0.0036950 seconds, Stopping threads took: 0.0017260 seconds
126.668: Application time: 0.0420460 seconds
126.671: [GC [PSYoungGen: 48784K->6480K(49152K)] 142045K->99741K(160256K), 0.0019550 secs] [Times: user=0.01 sys=0.00, real=0.00 secs] 
126.673: Total time for which application threads were stopped: 0.0048880 seconds, Stopping threads took: 0.0028570 seconds
126.711: Application time: 0.0388020 seconds
126.714: [GC [PSYoungGen: 48976K->6656K(49152K)] 142237K->100573K(160256K), 0.0021540 secs] [Times: user=0.02 sys=0.00, real=0.00 secs] 
126.716: Total time for which application threads were stopped: 0.0042850 seconds, Stopping threads took: 0.0020560 seconds
126.755: Application time: 0.0393060 seconds
126.756: [GC [PSYoungGen: 49152K->6656K(49152K)] 143069K->101221K(160256K), 0.0021880 secs] [Times: user=0.02 sys=0.00, real=0.01 secs] 
126.759: Total time for which application threads were stopped: 0.0035090 seconds, Stopping threads took: 0.0012050 seconds
126.801: Application time: 0.0428630 seconds
126.802: [GC [PSYoungGen: 49150K->6144K(49152K)] 143715K->100709K(160256K), 0.0018600 secs] [Times: user=0.01 sys=0.00, real=0.00 secs] 
126.804: Total time for which application threads were stopped: 0.0028410 seconds, Stopping threads took: 0.0009040 seconds
126.841: Application time: 0.0369520 seconds
126.844: [GC [PSYoungGen: 48640K->6656K(49152K)] 143205K->101533K(160256K), 0.0021500 secs] [Times: user=0.01 sys=0.00, real=0.00 secs] 
126.846: Total time for which application threads were stopped: 0.0051020 seconds, Stopping threads took: 0.0028610 seconds
126.887: Application time: 0.0411480 seconds
126.889: [GC [PSYoungGen: 49152K->3904K(49152K)] 144029K->98781K(160256K), 0.0013210 secs] [Times: user=0.01 sys=0.00, real=0.00 secs] 
126.890: Total time for which application threads were stopped: 0.0027210 seconds, Stopping threads took: 0.0013330 seconds
126.930: Application time: 0.0402720 seconds
126.931: [GC [PSYoungGen: 46400K->6448K(49152K)] 141277K->101333K(160256K), 0.0020640 secs] [Times: user=0.02 sys=0.00, real=0.00 secs] 
126.933: Total time for which application threads were stopped: 0.0029880 seconds, Stopping threads took: 0.0008510 seconds
126.971: Application time: 0.0377470 seconds
126.974: [GC [PSYoungGen: 48944K->6624K(49152K)] 143829K->102077K(160256K), 0.0021800 secs] [Times: user=0.01 sys=0.00, real=0.00 secs] 
126.976: Total time for which application threads were stopped: 0.0046680 seconds, Stopping threads took: 0.0023970 seconds
127.016: Application time: 0.0397650 seconds
127.018: [GC [PSYoungGen: 49120K->6624K(49152K)] 144573K->103033K(160256K), 0.0024480 secs] [Times: user=0.02 sys=0.00, real=0.01 secs] 
127.020: Total time for which application threads were stopped: 0.0048170 seconds, Stopping threads took: 0.0022840 seconds
127.057: Application time: 0.0368690 seconds
127.060: [GC [PSYoungGen: 49120K->6656K(49152K)] 145529K->103801K(160256K), 0.0021060 secs] [Times: user=0.01 sys=0.00, real=0.00 secs] 
127.062: Total time for which application threads were stopped: 0.0049730 seconds, Stopping threads took: 0.0027940 seconds
127.100: Application time: 0.0379150 seconds
127.102: [GC [PSYoungGen: 49152K->6624K(49152K)] 146297K->104161K(160256K), 0.0021780 secs] [Times: user=0.02 sys=0.00, real=0.00 secs] 
127.104: Total time for which application threads were stopped: 0.0041390 seconds, Stopping threads took: 0.0018820 seconds
127.142: Application time: 0.0381020 seconds
127.145: [GC [PSYoungGen: 49120K->6624K(49152K)] 146657K->104401K(160256K), 0.0020700 secs] [Times: user=0.01 sys=0.01, real=0.01 secs] 
127.147: Total time for which application threads were stopped: 0.0042770 seconds, Stopping threads took: 0.0021240 seconds
127.184: Application time: 0.0374230 seconds
127.187: [GC [PSYoungGen: 49120K->6656K(49152K)] 146897K->104585K(160256K), 0.0021270 secs] [Times: user=0.01 sys=0.00, real=0.00 secs] 
127.189: Total time for which application threads were stopped: 0.0049150 seconds, Stopping threads took: 0.0027090 seconds
127.227: Application time: 0.0383210 seconds
127.229: [GC [PSYoungGen: 49152K->5856K(49152K)] 147081K->103785K(160256K), 0.0017710 secs] [Times: user=0.02 sys=0.00, real=0.00 secs] 
127.231: Total time for which application threads were stopped: 0.0030590 seconds, Stopping threads took: 0.0012070 seconds
127.271: Application time: 0.0404290 seconds
127.274: [GC [PSYoungGen: 48352K->4832K(49152K)] 146281K->102785K(160256K), 0.0021480 secs] [Times: user=0.02 sys=0.00, real=0.00 secs] 
127.276: Total time for which application threads were stopped: 0.0051060 seconds, Stopping threads took: 0.0028860 seconds
127.316: Application time: 0.0398660 seconds
127.318: [GC [PSYoungGen: 47326K->6656K(49152K)] 145280K->104641K(160256K), 0.0020060 secs] [Times: user=0.02 sys=0.00, real=0.01 secs] 
127.320: Total time for which application threads were stopped: 0.0037570 seconds, Stopping threads took: 0.0016790 seconds
127.361: Application time: 0.0417500 seconds
127.364: [GC [PSYoungGen: 49152K->5600K(49152K)] 147137K->103585K(160256K), 0.0018890 secs] [Times: user=0.01 sys=0.00, real=0.00 secs] 
127.366: Total time for which application threads were stopped: 0.0041140 seconds, Stopping threads took: 0.0021560 seconds
127.404: Application time: 0.0385700 seconds
127.406: [GC [PSYoungGen: 48096K->6656K(49152K)] 146081K->105473K(160256K), 0.0023280 secs] [Times: user=0.01 sys=0.00, real=0.01 secs] 
127.409: Total time for which application threads were stopped: 0.0044250 seconds, Stopping threads took: 0.0020170 seconds
127.446: Application time: 0.0373530 seconds
127.448: [GC [PSYoungGen: 49152K->6656K(49152K)] 147969K->106985K(160256K), 0.0025330 secs] [Times: user=0.02 sys=0.00, real=0.00 secs] 
127.450: Total time for which application threads were stopped: 0.0043740 seconds, Stopping threads took: 0.0017560 seconds
127.489: Application time: 0.0388300 seconds
127.492: [GC [PSYoungGen: 49152K->6656K(49152K)] 149481K->107321K(160256K), 0.0022000 secs] [Times: user=0.02 sys=0.00, real=0.00 secs] 
127.494: Total time for which application threads were stopped: 0.0051940 seconds, Stopping threads took: 0.0028830 seconds
127.536: Application time: 0.0421140 seconds
127.540: [GC [PSYoungGen: 49152K->6656K(49152K)] 149817K->107681K(160256K), 0.0022930 secs] [Times: user=0.02 sys=0.00, real=0.00 secs] 
127.543: Total time for which application threads were stopped: 0.0063220 seconds, Stopping threads took: 0.0039370 seconds
127.587: Application time: 0.0446370 seconds
127.590: [GC [PSYoungGen: 49152K->6656K(49152K)] 150177K->108897K(160256K), 0.0024400 secs] [Times: user=0.01 sys=0.00, real=0.00 secs] 
127.593: Total time for which application threads were stopped: 0.0055520 seconds, Stopping threads took: 0.0030220 seconds
127.633: Application time: 0.0399660 seconds
127.635: [GC [PSYoungGen: 49152K->6640K(49152K)] 151393K->109697K(160256K), 0.0023240 secs] [Times: user=0.02 sys=0.00, real=0.00 secs] 
127.637: Total time for which application threads were stopped: 0.0042330 seconds, Stopping threads took: 0.0018230 seconds
127.678: Application time: 0.0411270 seconds
127.680: [GC [PSYoungGen: 49136K->6368K(49152K)] 152193K->109425K(160256K), 0.0019310 secs] [Times: user=0.02 sys=0.00, real=0.00 secs] 
127.682: Total time for which application threads were stopped: 0.0037410 seconds, Stopping threads took: 0.0017300 seconds
127.729: Application time: 0.0465560 seconds
127.731: [GC [PSYoungGen: 48864K->5088K(49152K)] 151921K->108153K(160256K), 0.0016840 secs] [Times: user=0.01 sys=0.00, real=0.00 secs] 
127.733: Total time for which application threads were stopped: 0.0045820 seconds, Stopping threads took: 0.0028230 seconds
127.775: Application time: 0.0416730 seconds
127.777: [GC [PSYoungGen: 47584K->6656K(49152K)] 150649K->110073K(160256K), 0.0022050 secs] [Times: user=0.02 sys=0.00, real=0.01 secs] 
127.779: Total time for which application threads were stopped: 0.0042610 seconds, Stopping threads took: 0.0019700 seconds
127.819: Application time: 0.0398130 seconds
127.821: [GC [PSYoungGen: 49152K->6656K(49152K)] 152569K->110345K(160256K), 0.0022410 secs] [Times: user=0.02 sys=0.00, real=0.00 secs] 
127.824: Total time for which application threads were stopped: 0.0047290 seconds, Stopping threads took: 0.0024010 seconds
127.866: Application time: 0.0421180 seconds
127.868: [GC [PSYoungGen: 49152K->5968K(49152K)] 152841K->109657K(160256K), 0.0019070 secs] [Times: user=0.01 sys=0.00, real=0.00 secs] 
127.870: Total time for which application threads were stopped: 0.0041270 seconds, Stopping threads took: 0.0021400 seconds
127.913: Application time: 0.0435410 seconds
127.916: [GC [PSYoungGen: 48464K->5872K(49152K)] 152153K->109561K(160256K), 0.0019140 secs] [Times: user=0.01 sys=0.00, real=0.00 secs] 
127.918: Total time for which application threads were stopped: 0.0046780 seconds, Stopping threads took: 0.0026850 seconds
127.960: Application time: 0.0420250 seconds
127.962: [GC [PSYoungGen: 48368K->5872K(49152K)] 152057K->109561K(160256K), 0.0018460 secs] [Times: user=0.01 sys=0.00, real=0.00 secs] 
127.964: Total time for which application threads were stopped: 0.0035030 seconds, Stopping threads took: 0.0015830 seconds
128.005: Application time: 0.0417390 seconds
128.008: [GC [PSYoungGen: 48368K->5712K(49152K)] 152057K->109401K(160256K), 0.0017120 secs] [Times: user=0.01 sys=0.00, real=0.00 secs] 
128.010: Total time for which application threads were stopped: 0.0042510 seconds, Stopping threads took: 0.0024550 seconds
128.051: Application time: 0.0415160 seconds
128.053: [GC [PSYoungGen: 48207K->6624K(49152K)] 151897K->110681K(160256K), 0.0022250 secs] [Times: user=0.02 sys=0.00, real=0.00 secs] 
128.056: Total time for which application threads were stopped: 0.0045600 seconds, Stopping threads took: 0.0022540 seconds
128.096: Application time: 0.0404400 seconds
128.098: [GC [PSYoungGen: 49120K->6560K(49152K)] 153177K->110617K(160256K), 0.0021830 secs] [Times: user=0.01 sys=0.00, real=0.01 secs] 
128.100: Total time for which application threads were stopped: 0.0037020 seconds, Stopping threads took: 0.0014330 seconds
128.142: Application time: 0.0422360 seconds
128.145: [GC [PSYoungGen: 49056K->6624K(49152K)] 153113K->110705K(160256K), 0.0021420 secs] [Times: user=0.01 sys=0.00, real=0.01 secs] 
128.147: Total time for which application threads were stopped: 0.0047690 seconds, Stopping threads took: 0.0025250 seconds
128.190: Application time: 0.0429170 seconds
128.192: [GC [PSYoungGen: 49120K->5856K(49152K)] 153201K->109937K(160256K), 0.0018420 secs] [Times: user=0.02 sys=0.00, real=0.00 secs] 
128.194: Total time for which application threads were stopped: 0.0041000 seconds, Stopping threads took: 0.0021750 seconds
128.235: Application time: 0.0407890 seconds
128.237: [GC [PSYoungGen: 48352K->5968K(49152K)] 152433K->110065K(160256K), 0.0018740 secs] [Times: user=0.01 sys=0.00, real=0.01 secs] 
128.239: Total time for which application threads were stopped: 0.0040310 seconds, Stopping threads took: 0.0020730 seconds
128.280: Application time: 0.0414610 seconds
128.283: [GC [PSYoungGen: 48464K->6480K(49152K)] 152561K->110577K(160256K), 0.0019950 secs] [Times: user=0.01 sys=0.00, real=0.00 secs] 
128.285: Total time for which application threads were stopped: 0.0045750 seconds, Stopping threads took: 0.0025040 seconds
128.326: Application time: 0.0411580 seconds
128.328: [GC [PSYoungGen: 48976K->6656K(49152K)] 153073K->111881K(160256K), 0.0023010 secs] [Times: user=0.01 sys=0.01, real=0.00 secs] 
128.331: Total time for which application threads were stopped: 0.0046540 seconds, Stopping threads took: 0.0022690 seconds
128.372: Application time: 0.0411810 seconds
128.374: [GC [PSYoungGen: 49152K->6656K(49152K)] 154377K->112898K(160256K), 0.0022110 secs] [Times: user=0.01 sys=0.00, real=0.00 secs] 
128.376: Total time for which application threads were stopped: 0.0042780 seconds, Stopping threads took: 0.0019850 seconds
128.419: Application time: 0.0434560 seconds
128.422: [GC [PSYoungGen: 49152K->6560K(49152K)] 155394K->112802K(160256K), 0.0020660 secs] [Times: user=0.01 sys=0.00, real=0.00 secs] 
128.425: Total time for which application threads were stopped: 0.0050400 seconds, Stopping threads took: 0.0028870 seconds
128.467: Application time: 0.0426380 seconds
128.470: [GC [PSYoungGen: 49056K->5808K(49152K)] 155298K->112050K(160256K), 0.0018080 secs] [Times: user=0.02 sys=0.00, real=0.00 secs] 
128.472: Total time for which application threads were stopped: 0.0051570 seconds, Stopping threads took: 0.0032700 seconds
128.514: Application time: 0.0420640 seconds
128.516: [GC [PSYoungGen: 48304K->6624K(49152K)] 154546K->113402K(160256K), 0.0023760 secs] [Times: user=0.01 sys=0.00, real=0.00 secs] 
128.518: Total time for which application threads were stopped: 0.0038780 seconds, Stopping threads took: 0.0014160 seconds
128.562: Application time: 0.0434980 seconds
128.565: [GC [PSYoungGen: 49120K->6432K(49152K)] 155898K->113210K(160256K), 0.0019590 secs] [Times: user=0.01 sys=0.00, real=0.01 secs] 
128.567: Total time for which application threads were stopped: 0.0053480 seconds, Stopping threads took: 0.0033050 seconds
128.606: Application time: 0.0390420 seconds
128.608: [GC [PSYoungGen: 48928K->6624K(49152K)] 155706K->114490K(160256K), 0.0025990 secs] [Times: user=0.01 sys=0.00, real=0.00 secs] 
128.610: Total time for which application threads were stopped: 0.0042870 seconds, Stopping threads took: 0.0016000 seconds
128.651: Application time: 0.0401410 seconds
128.653: [GC [PSYoungGen: 49120K->6528K(49152K)] 156986K->114394K(160256K), 0.0021900 secs] [Times: user=0.02 sys=0.00, real=0.00 secs] 
128.656: Total time for which application threads were stopped: 0.0049500 seconds, Stopping threads took: 0.0026470 seconds
128.695: Application time: 0.0396760 seconds
128.698: [GC [PSYoungGen: 49024K->6656K(49152K)] 156890K->115218K(160256K), 0.0022610 secs] [Times: user=0.01 sys=0.00, real=0.01 secs] 
128.701: Total time for which application threads were stopped: 0.0054950 seconds, Stopping threads took: 0.0031440 seconds
128.741: Application time: 0.0400810 seconds
128.742: [GC [PSYoungGen: 49152K->6160K(49152K)] 157714K->114722K(160256K), 0.0019190 secs] [Times: user=0.01 sys=0.00, real=0.00 secs] 
128.744: Total time for which application threads were stopped: 0.0032750 seconds, Stopping threads took: 0.0012800 seconds
128.785: Application time: 0.0404990 seconds
128.786: [GC [PSYoungGen: 48656K->6048K(49152K)] 157218K->114610K(160256K), 0.0019180 secs] [Times: user=0.01 sys=0.00, real=0.01 secs] 
128.788: Total time for which application threads were stopped: 0.0033690 seconds, Stopping threads took: 0.0013680 seconds
128.831: Application time: 0.0431460 seconds
128.834: [GC [PSYoungGen: 48544K->6640K(49152K)] 157106K->116274K(160256K), 0.0023360 secs] [Times: user=0.02 sys=0.00, real=0.00 secs] 
128.836: [Full GC [PSYoungGen: 6640K->0K(49152K)] [ParOldGen: 109634K->10651K(111104K)] 116274K->10651K(160256K) [PSPermGen: 5147K->5147K(21504K)], 0.0075390 secs] [Times: user=0.03 sys=0.00, real=0.01 secs] 
128.844: Total time for which application threads were stopped: 0.0126920 seconds, Stopping threads took: 0.0026860 seconds
128.885: Application time: 0.0408990 seconds
128.888: [GC [PSYoungGen: 42496K->5632K(49152K)] 53147K->16283K(160256K), 0.0017220 secs] [Times: user=0.01 sys=0.00, real=0.00 secs] 
128.889: Total time for which application threads were stopped: 0.0047650 seconds, Stopping threads took: 0.0029700 seconds
128.932: Application time: 0.0427410 seconds
128.935: [GC [PSYoungGen: 48128K->6656K(49152K)] 58779K->18107K(160256K), 0.0021420 secs] [Times: user=0.01 sys=0.00, real=0.00 secs] 
128.937: Total time for which application threads were stopped: 0.0045060 seconds, Stopping threads took: 0.0022760 seconds
128.978: Application time: 0.0412230 seconds
128.980: [GC [PSYoungGen: 49152K->5888K(49152K)] 60603K->17339K(160256K), 0.0018890 secs] [Times: user=0.01 sys=0.00, real=0.00 secs] 
128.982: Total time for which application threads were stopped: 0.0040640 seconds, Stopping threads took: 0.0021040 seconds
129.025: Application time: 0.0427780 seconds
129.026: [GC [PSYoungGen: 48384K->5808K(49152K)] 59835K->17259K(160256K), 0.0021060 secs] [Times: user=0.01 sys=0.00, real=0.01 secs] 
129.028: Total time for which application threads were stopped: 0.0032020 seconds, Stopping threads took: 0.0010110 seconds
129.071: Application time: 0.0429140 seconds
129.073: [GC [PSYoungGen: 48304K->6192K(49152K)] 59755K->17643K(160256K), 0.0018570 secs] [Times: user=0.02 sys=0.00, real=0.00 secs] 
129.075: Total time for which application threads were stopped: 0.0042690 seconds, Stopping threads took: 0.0023330 seconds
129.116: Application time: 0.0411390 seconds
129.118: [GC [PSYoungGen: 48688K->6160K(49152K)] 60139K->17611K(160256K), 0.0017880 secs] [Times: user=0.01 sys=0.00, real=0.01 secs] 
129.120: Total time for which application threads were stopped: 0.0038960 seconds, Stopping threads took: 0.0020270 seconds
129.162: Application time: 0.0421840 seconds
129.165: [GC [PSYoungGen: 48656K->6656K(49152K)] 60107K->18139K(160256K), 0.0019700 secs] [Times: user=0.02 sys=0.00, real=0.01 secs] 
129.167: Total time for which application threads were stopped: 0.0044850 seconds, Stopping threads took: 0.0024320 seconds
129.209: Application time: 0.0418990 seconds
129.210: [GC [PSYoungGen: 49152K->6432K(49152K)] 60635K->17915K(160256K), 0.0019010 secs] [Times: user=0.01 sys=0.00, real=0.00 secs] 
129.212: Total time for which application threads were stopped: 0.0035660 seconds, Stopping threads took: 0.0015860 seconds
129.253: Application time: 0.0408340 seconds
129.256: [GC [PSYoungGen: 48928K->6656K(49152K)] 60411K->18163K(160256K), 0.0019060 secs] [Times: user=0.02 sys=0.00, real=0.00 secs] 
129.258: Total time for which application threads were stopped: 0.0045900 seconds, Stopping threads took: 0.0025960 seconds
129.299: Application time: 0.0410920 seconds
129.300: [GC [PSYoungGen: 49152K->6480K(49152K)] 60659K->17987K(160256K), 0.0019030 secs] [Times: user=0.02 sys=0.00, real=0.00 secs] 
129.302: Total time for which application threads were stopped: 0.0032590 seconds, Stopping threads took: 0.0012740 seconds
129.344: Application time: 0.0420050 seconds
129.346: [GC [PSYoungGen: 48976K->5616K(49152K)] 60483K->17123K(160256K), 0.0017240 secs] [Times: user=0.01 sys=0.00, real=0.01 secs] 
129.348: Total time for which application threads were stopped: 0.0033640 seconds, Stopping threads took: 0.0015590 seconds
129.390: Application time: 0.0425790 seconds
129.395: [GC [PSYoungGen: 48112K->6624K(49152K)] 59619K->18443K(160256K), 0.0019640 secs] [Times: user=0.01 sys=0.00, real=0.00 secs] 
129.397: Total time for which application threads were stopped: 0.0064990 seconds, Stopping threads took: 0.0044660 seconds
129.442: Application time: 0.0457230 seconds
129.444: [GC [PSYoungGen: 49120K->5072K(49152K)] 60939K->16891K(160256K), 0.0014340 secs] [Times: user=0.01 sys=0.00, real=0.00 secs] 
129.445: Total time for which application threads were stopped: 0.0030710 seconds, Stopping threads took: 0.0015660 seconds
129.486: Application time: 0.0406010 seconds
129.488: [GC [PSYoungGen: 47568K->6656K(49152K)] 59387K->18539K(160256K), 0.0019930 secs] [Times: user=0.01 sys=0.00, real=0.00 secs] 
129.490: Total time for which application threads were stopped: 0.0042210 seconds, Stopping threads took: 0.0021430 seconds
129.532: Application time: 0.0416780 seconds
129.534: [GC [PSYoungGen: 49152K->5664K(49152K)] 61035K->17547K(160256K), 0.0016450 secs] [Times: user=0.01 sys=0.00, real=0.00 secs] 
129.535: Total time for which application threads were stopped: 0.0035410 seconds, Stopping threads took: 0.0018120 seconds
129.576: Application time: 0.0407180 seconds
129.578: [GC [PSYoungGen: 48158K->6400K(49152K)] 60041K->18363K(160256K), 0.0018960 secs] [Times: user=0.02 sys=0.00, real=0.01 secs] 
129.580: Total time for which application threads were stopped: 0.0037900 seconds, Stopping threads took: 0.0018100 seconds
129.619: Application time: 0.0395260 seconds
129.622: [GC [PSYoungGen: 48896K->6656K(49152K)] 60859K->19035K(160256K), 0.0020350 secs] [Times: user=0.01 sys=0.00, real=0.00 secs] 
129.624: Total time for which application threads were stopped: 0.0045200 seconds, Stopping threads took: 0.0024080 seconds
129.668: Application time: 0.0434910 seconds
129.671: [GC [PSYoungGen: 49152K->6640K(49152K)] 61531K->19267K(160256K), 0.0020390 secs] [Times: user=0.01 sys=0.00, real=0.00 secs] 
129.673: Total time for which application threads were stopped: 0.0054010 seconds, Stopping threads took: 0.0032690 seconds
129.716: Application time: 0.0428270 seconds
129.718: [GC [PSYoungGen: 49136K->6656K(49152K)] 61763K->19347K(160256K), 0.0020650 secs] [Times: user=0.01 sys=0.00, real=0.01 secs] 
129.720: Total time for which application threads were stopped: 0.0040490 seconds, Stopping threads took: 0.0019060 seconds
129.763: Application time: 0.0431650 seconds
129.766: [GC [PSYoungGen: 49152K->5760K(49152K)] 61843K->18467K(160256K), 0.0017950 secs] [Times: user=0.01 sys=0.00, real=0.01 secs] 
129.767: Total time for which application threads were stopped: 0.0043950 seconds, Stopping threads took: 0.0025250 seconds
129.812: Application time: 0.0442110 seconds
129.814: [GC [PSYoungGen: 48256K->5648K(49152K)] 60963K->18355K(160256K), 0.0016140 secs] [Times: user=0.02 sys=0.00, real=0.00 secs] 
129.815: Total time for which application threads were stopped: 0.0037520 seconds, Stopping threads took: 0.0020670 seconds
129.855: Application time: 0.0400890 seconds
129.857: [GC [PSYoungGen: 48144K->6656K(49152K)] 60851K->19779K(160256K), 0.0020500 secs] [Times: user=0.02 sys=0.00, real=0.01 secs] 
129.860: Total time for which application threads were stopped: 0.0040920 seconds, Stopping threads took: 0.0019580 seconds
129.901: Application time: 0.0414410 seconds
129.903: [GC [PSYoungGen: 49152K->6272K(49152K)] 62275K->19403K(160256K), 0.0019610 secs] [Times: user=0.01 sys=0.00, real=0.00 secs] 
129.905: Total time for which application threads were stopped: 0.0037380 seconds, Stopping threads took: 0.0017020 seconds
129.945: Application time: 0.0399820 seconds
129.946: [GC [PSYoungGen: 48768K->6640K(49152K)] 61899K->19971K(160256K), 0.0019860 secs] [Times: user=0.02 sys=0.00, real=0.01 secs] 
129.948: Total time for which application threads were stopped: 0.0032910 seconds, Stopping threads took: 0.0012230 seconds
129.991: Application time: 0.0429990 seconds
129.993: [GC [PSYoungGen: 49136K->6640K(49152K)] 62467K->20115K(160256K), 0.0019390 secs] [Times: user=0.01 sys=0.00, real=0.00 secs] 
129.995: Total time for which application threads were stopped: 0.0037780 seconds, Stopping threads took: 0.0017540 seconds
130.036: Application time: 0.0412720 seconds
130.037: [GC [PSYoungGen: 49136K->6160K(49152K)] 62611K->19651K(160256K), 0.0018270 secs] [Times: user=0.01 sys=0.00, real=0.01 secs] 
130.039: Total time for which application threads were stopped: 0.0030050 seconds, Stopping threads took: 0.0010910 seconds
130.080: Application time: 0.0409260 seconds
130.083: [GC [PSYoungGen: 48656K->6640K(49152K)] 62147K->20131K(160256K), 0.0019240 secs] [Times: user=0.01 sys=0.00, real=0.00 secs] 
130.085: Total time for which application threads were stopped: 0.0051920 seconds, Stopping threads took: 0.0031900 seconds
130.125: Application time: 0.0395990 seconds
130.127: [GC [PSYoungGen: 49136K->6656K(49152K)] 62627K->20995K(160256K), 0.0021580 secs] [Times: user=0.01 sys=0.00, real=0.00 secs] 
130.130: Total time for which application threads were stopped: 0.0047670 seconds, Stopping threads took: 0.0025270 seconds
130.170: Application time: 0.0403480 seconds
130.172: [GC [PSYoungGen: 49152K->6272K(49152K)] 63491K->20611K(160256K), 0.0018070 secs] [Times: user=0.01 sys=0.00, real=0.00 secs] 
130.174: Total time for which application threads were stopped: 0.0041860 seconds, Stopping threads took: 0.0023000 seconds
130.215: Application time: 0.0408150 seconds
130.217: [GC [PSYoungGen: 48768K->6640K(49152K)] 63107K->21355K(160256K), 0.0021070 secs] [Times: user=0.02 sys=0.00, real=0.01 secs] 
130.219: Total time for which application threads were stopped: 0.0042170 seconds, Stopping threads took: 0.0020260 seconds
130.260: Application time: 0.0406340 seconds
130.262: [GC [PSYoungGen: 49136K->5376K(49152K)] 63851K->20099K(160256K), 0.0016380 secs] [Times: user=0.01 sys=0.00, real=0.00 secs] 
130.264: Total time for which application threads were stopped: 0.0038320 seconds, Stopping threads took: 0.0021130 seconds
130.304: Application time: 0.0402960 seconds
130.306: [GC [PSYoungGen: 47872K->5760K(49152K)] 62595K->20491K(160256K), 0.0017320 secs] [Times: user=0.01 sys=0.00, real=0.01 secs] 
130.308: Total time for which application threads were stopped: 0.0037090 seconds, Stopping threads took: 0.0018990 seconds
130.348: Application time: 0.0401080 seconds
130.350: [GC [PSYoungGen: 48256K->6640K(49152K)] 62987K->21387K(160256K), 0.0019630 secs] [Times: user=0.01 sys=0.00, real=0.00 secs] 
130.352: Total time for which application threads were stopped: 0.0047060 seconds, Stopping threads took: 0.0026590 seconds
130.394: Application time: 0.0418390 seconds
130.397: [GC [PSYoungGen: 49136K->6656K(49152K)] 63883K->21411K(160256K), 0.0019970 secs] [Times: user=0.01 sys=0.00, real=0.01 secs] 
130.399: Total time for which application threads were stopped: 0.0051670 seconds, Stopping threads took: 0.0030890 seconds
130.439: Application time: 0.0391990 seconds
130.440: [GC [PSYoungGen: 49152K->6544K(49152K)] 63907K->21307K(160256K), 0.0019350 secs] [Times: user=0.01 sys=0.00, real=0.00 secs] 
130.442: Total time for which application threads were stopped: 0.0031870 seconds, Stopping threads took: 0.0011740 seconds
130.483: Application time: 0.0412450 seconds
130.485: [GC [PSYoungGen: 49040K->5888K(49152K)] 63803K->20659K(160256K), 0.0017140 secs] [Times: user=0.01 sys=0.00, real=0.01 secs] 
130.487: Total time for which application threads were stopped: 0.0037740 seconds, Stopping threads took: 0.0019810 seconds
130.528: Application time: 0.0407990 seconds
130.530: [GC [PSYoungGen: 48384K->6640K(49152K)] 63155K->21435K(160256K), 0.0019610 secs] [Times: user=0.02 sys=0.00, real=0.00 secs] 
130.532: Total time for which application threads were stopped: 0.0044770 seconds, Stopping threads took: 0.0024310 seconds
130.575: Application time: 0.0430430 seconds
130.577: [GC [PSYoungGen: 49136K->5152K(49152K)] 63931K->19963K(160256K), 0.0015640 secs] [Times: user=0.01 sys=0.00, real=0.00 secs] 
130.578: Total time for which application threads were stopped: 0.0033370 seconds, Stopping threads took: 0.0016930 seconds
130.621: Application time: 0.0427770 seconds
130.623: [GC [PSYoungGen: 47648K->6624K(49152K)] 62459K->21851K(160256K), 0.0020260 secs] [Times: user=0.01 sys=0.00, real=0.00 secs] 
130.626: Total time for which application threads were stopped: 0.0042370 seconds, Stopping threads took: 0.0021260 seconds
130.668: Application time: 0.0421270 seconds
130.670: [GC [PSYoungGen: 49120K->6400K(49152K)] 64347K->21627K(160256K), 0.0019040 secs] [Times: user=0.01 sys=0.00, real=0.00 secs] 
130.672: Total time for which application threads were stopped: 0.0047600 seconds, Stopping threads took: 0.0027770 seconds
130.714: Application time: 0.0417030 seconds
130.716: [GC [PSYoungGen: 48896K->5744K(49152K)] 64123K->20971K(160256K), 0.0018000 secs] [Times: user=0.01 sys=0.00, real=0.00 secs] 
130.718: Total time for which application threads were stopped: 0.0034900 seconds, Stopping threads took: 0.0016130 seconds
130.759: Application time: 0.0413430 seconds
130.761: [GC [PSYoungGen: 48240K->5568K(49152K)] 63467K->20795K(160256K), 0.0016150 secs] [Times: user=0.01 sys=0.00, real=0.00 secs] 
130.762: Total time for which application threads were stopped: 0.0034660 seconds, Stopping threads took: 0.0017730 seconds
130.805: Application time: 0.0423130 seconds
130.806: [GC [PSYoungGen: 48064K->5904K(49152K)] 63291K->21131K(160256K), 0.0016970 secs] [Times: user=0.01 sys=0.00, real=0.01 secs] 
130.808: Total time for which application threads were stopped: 0.0031370 seconds, Stopping threads took: 0.0013660 seconds
130.848: Application time: 0.0398030 seconds
130.849: [GC [PSYoungGen: 48400K->5760K(49152K)] 63627K->20995K(160256K), 0.0017940 secs] [Times: user=0.01 sys=0.00, real=0.00 secs] 
130.851: Total time for which application threads were stopped: 0.0033280 seconds, Stopping threads took: 0.0014520 seconds
130.893: Application time: 0.0420400 seconds
130.896: [GC [PSYoungGen: 48256K->6624K(49152K)] 63491K->23379K(160256K), 0.0026170 secs] [Times: user=0.01 sys=0.00, real=0.01 secs] 
130.899: Total time for which application threads were stopped: 0.0055420 seconds, Stopping threads took: 0.0028390 seconds
130.940: Application time: 0.0418110 seconds
130.942: [GC [PSYoungGen: 49120K->6528K(49152K)] 65875K->23291K(160256K), 0.0021360 secs] [Times: user=0.02 sys=0.00, real=0.00 secs] 
130.944: Total time for which application threads were stopped: 0.0039410 seconds, Stopping threads took: 0.0017220 seconds
130.984: Application time: 0.0399370 seconds
130.986: [GC [PSYoungGen: 49024K->5744K(49152K)] 65787K->22507K(160256K), 0.0019450 secs] [Times: user=0.01 sys=0.00, real=0.01 secs] 
130.988: Total time for which application threads were stopped: 0.0039640 seconds, Stopping threads took: 0.0019420 seconds
131.028: Application time: 0.0395840 seconds
131.030: [GC [PSYoungGen: 48240K->6624K(49152K)] 65003K->24147K(160256K), 0.0023250 secs] [Times: user=0.02 sys=0.00, real=0.00 secs] 
131.033: Total time for which application threads were stopped: 0.0047150 seconds, Stopping threads took: 0.0023070 seconds
131.073: Application time: 0.0402720 seconds
131.074: [GC [PSYoungGen: 49120K->6640K(49152K)] 66643K->24531K(160256K), 0.0022410 secs] [Times: user=0.01 sys=0.00, real=0.00 secs] 
131.077: Total time for which application threads were stopped: 0.0038360 seconds, Stopping threads took: 0.0015120 seconds
131.116: Application time: 0.0392890 seconds
131.118: [GC [PSYoungGen: 49135K->6640K(49152K)] 67027K->24731K(160256K), 0.0019800 secs] [Times: user=0.01 sys=0.00, real=0.01 secs] 
131.120: Total time for which application threads were stopped: 0.0039310 seconds, Stopping threads took: 0.0018680 seconds
131.160: Application time: 0.0401990 seconds
131.163: [GC [PSYoungGen: 49136K->6656K(49152K)] 67227K->25787K(160256K), 0.0021760 secs] [Times: user=0.01 sys=0.00, real=0.00 secs] 
131.165: Total time for which application threads were stopped: 0.0051200 seconds, Stopping threads took: 0.0028620 seconds
131.206: Application time: 0.0412480 seconds
131.209: [GC [PSYoungGen: 49152K->6656K(49152K)] 68283K->26099K(160256K), 0.0021780 secs] [Times: user=0.01 sys=0.00, real=0.00 secs] 
131.212: Total time for which application threads were stopped: 0.0052140 seconds, Stopping threads took: 0.0029530 seconds
131.251: Application time: 0.0392060 seconds
131.252: [GC [PSYoungGen: 49152K->6656K(49152K)] 68595K->26371K(160256K), 0.0020310 secs] [Times: user=0.01 sys=0.00, real=0.00 secs] 
131.254: Total time for which application threads were stopped: 0.0034800 seconds, Stopping threads took: 0.0013690 seconds
131.296: Application time: 0.0420910 seconds
131.299: [GC [PSYoungGen: 49152K->6640K(49152K)] 68867K->26947K(160256K), 0.0020370 secs] [Times: user=0.01 sys=0.00, real=0.00 secs] 
131.301: Total time for which application threads were stopped: 0.0048980 seconds, Stopping threads took: 0.0027800 seconds
131.341: Application time: 0.0393550 seconds
131.343: [GC [PSYoungGen: 49136K->6656K(49152K)] 69443K->28339K(160256K), 0.0023380 secs] [Times: user=0.01 sys=0.00, real=0.00 secs] 
131.345: Total time for which application threads were stopped: 0.0045890 seconds, Stopping threads took: 0.0021690 seconds
131.386: Application time: 0.0406330 seconds
131.388: [GC [PSYoungGen: 49152K->6528K(49152K)] 70835K->28211K(160256K), 0.0019300 secs] [Times: user=0.02 sys=0.00, real=0.00 secs] 
131.390: Total time for which application threads were stopped: 0.0040380 seconds, Stopping threads took: 0.0020330 seconds
131.431: Application time: 0.0405840 seconds
131.433: [GC [PSYoungGen: 49024K->6656K(49152K)] 70707K->28515K(160256K), 0.0019950 secs] [Times: user=0.02 sys=0.00, real=0.00 secs] 
131.435: Total time for which application threads were stopped: 0.0040520 seconds, Stopping threads took: 0.0019770 seconds
131.475: Application time: 0.0406310 seconds
131.477: [GC [PSYoungGen: 49152K->6656K(49152K)] 71011K->28571K(160256K), 0.0019500 secs] [Times: user=0.01 sys=0.00, real=0.01 secs] 
131.479: Total time for which application threads were stopped: 0.0039070 seconds, Stopping threads took: 0.0018820 seconds
131.519: Application time: 0.0395980 seconds
131.523: [GC [PSYoungGen: 49152K->4960K(49152K)] 71067K->26875K(160256K), 0.0014900 secs] [Times: user=0.01 sys=0.00, real=0.00 secs] 
131.524: Total time for which application threads were stopped: 0.0053940 seconds, Stopping threads took: 0.0038290 seconds
131.562: Application time: 0.0379740 seconds
131.564: [GC [PSYoungGen: 47456K->6400K(49152K)] 69371K->28315K(160256K), 0.0019060 secs] [Times: user=0.01 sys=0.00, real=0.00 secs] 
131.566: Total time for which application threads were stopped: 0.0042330 seconds, Stopping threads took: 0.0022530 seconds
131.605: Application time: 0.0381300 seconds
131.607: [GC [PSYoungGen: 48896K->6640K(49152K)] 70811K->29131K(160256K), 0.0020200 secs] [Times: user=0.02 sys=0.00, real=0.00 secs] 
131.609: Total time for which application threads were stopped: 0.0044260 seconds, Stopping threads took: 0.0023270 seconds
131.648: Application time: 0.0394600 seconds
131.651: [GC [PSYoungGen: 49136K->6656K(49152K)] 71627K->29659K(160256K), 0.0020780 secs] [Times: user=0.01 sys=0.00, real=0.00 secs] 
131.653: Total time for which application threads were stopped: 0.0045030 seconds, Stopping threads took: 0.0023360 seconds
131.690: Application time: 0.0372740 seconds
131.692: [GC [PSYoungGen: 49152K->6640K(49152K)] 72155K->29947K(160256K), 0.0020020 secs] [Times: user=0.01 sys=0.00, real=0.00 secs] 
131.694: Total time for which application threads were stopped: 0.0038180 seconds, Stopping threads took: 0.0017360 seconds
131.733: Application time: 0.0393250 seconds
131.736: [GC [PSYoungGen: 49136K->6656K(49152K)] 72443K->30339K(160256K), 0.0021720 secs] [Times: user=0.01 sys=0.00, real=0.00 secs] 
131.738: Total time for which application threads were stopped: 0.0047590 seconds, Stopping threads took: 0.0025100 seconds
131.775: Application time: 0.0365520 seconds
131.777: [GC [PSYoungGen: 49152K->6656K(49152K)] 72835K->31539K(160256K), 0.0024390 secs] [Times: user=0.02 sys=0.00, real=0.01 secs] 
131.779: Total time for which application threads were stopped: 0.0046080 seconds, Stopping threads took: 0.0020870 seconds
131.817: Application time: 0.0381900 seconds
131.820: [GC [PSYoungGen: 49152K->6240K(49152K)] 74035K->31123K(160256K), 0.0018450 secs] [Times: user=0.01 sys=0.00, real=0.00 secs] 
131.822: Total time for which application threads were stopped: 0.0042310 seconds, Stopping threads took: 0.0023060 seconds
131.860: Application time: 0.0385060 seconds
131.863: [GC [PSYoungGen: 48736K->6656K(49152K)] 73619K->32315K(160256K), 0.0021600 secs] [Times: user=0.01 sys=0.00, real=0.00 secs] 
131.865: Total time for which application threads were stopped: 0.0050450 seconds, Stopping threads took: 0.0027760 seconds
131.903: Application time: 0.0375080 seconds
131.904: [GC [PSYoungGen: 49152K->6032K(49152K)] 74811K->31691K(160256K), 0.0017540 secs] [Times: user=0.01 sys=0.00, real=0.00 secs] 
131.906: Total time for which application threads were stopped: 0.0035130 seconds, Stopping threads took: 0.0016830 seconds
131.946: Application time: 0.0400950 seconds
131.948: [GC [PSYoungGen: 48528K->6640K(49152K)] 74187K->32459K(160256K), 0.0021510 secs] [Times: user=0.01 sys=0.00, real=0.00 secs] 
131.950: Total time for which application threads were stopped: 0.0038170 seconds, Stopping threads took: 0.0015870 seconds
131.990: Application time: 0.0396090 seconds
131.991: [GC [PSYoungGen: 49136K->5776K(49152K)] 74955K->31603K(160256K), 0.0016970 secs] [Times: user=0.01 sys=0.00, real=0.00 secs] 
131.993: Total time for which application threads were stopped: 0.0031220 seconds, Stopping threads took: 0.0013540 seconds
132.032: Application time: 0.0386910 seconds
132.034: [GC [PSYoungGen: 48272K->6624K(49152K)] 74099K->32859K(160256K), 0.0021510 secs] [Times: user=0.02 sys=0.00, real=0.00 secs] 
132.036: Total time for which application threads were stopped: 0.0046780 seconds, Stopping threads took: 0.0024470 seconds
132.075: Application time: 0.0386310 seconds
132.076: [GC [PSYoungGen: 49120K->6192K(49152K)] 75355K->32427K(160256K), 0.0018070 secs] [Times: user=0.01 sys=0.00, real=0.00 secs] 
132.078: Total time for which application threads were stopped: 0.0034010 seconds, Stopping threads took: 0.0015150 seconds
132.118: Application time: 0.0396370 seconds
132.119: [GC [PSYoungGen: 48686K->5696K(49152K)] 74922K->31939K(160256K), 0.0016930 secs] [Times: user=0.01 sys=0.00, real=0.00 secs] 
132.121: Total time for which application threads were stopped: 0.0032280 seconds, Stopping threads took: 0.0014360 seconds
132.161: Application time: 0.0394030 seconds
132.162: [GC [PSYoungGen: 48192K->6624K(49152K)] 74435K->33763K(160256K), 0.0023220 secs] [Times: user=0.01 sys=0.00, real=0.00 secs] 
132.165: Total time for which application threads were stopped: 0.0039690 seconds, Stopping threads took: 0.0015540 seconds
132.204: Application time: 0.0392930 seconds
132.205: [GC [PSYoungGen: 49120K->6624K(49152K)] 76259K->34244K(160256K), 0.0022120 secs] [Times: user=0.02 sys=0.00, real=0.01 secs] 
132.208: Total time for which application threads were stopped: 0.0037750 seconds, Stopping threads took: 0.0014840 seconds
132.248: Application time: 0.0399070 seconds
132.249: [GC [PSYoungGen: 49120K->5040K(49152K)] 76740K->32660K(160256K), 0.0014760 secs] [Times: user=0.01 sys=0.00, real=0.00 secs] 
132.250: Total time for which application threads were stopped: 0.0029290 seconds, Stopping threads took: 0.0013720 seconds
132.290: Application time: 0.0397830 seconds
132.292: [GC [PSYoungGen: 47536K->6304K(49152K)] 75156K->33924K(160256K), 0.0017980 secs] [Times: user=0.01 sys=0.00, real=0.00 secs] 
132.294: Total time for which application threads were stopped: 0.0040740 seconds, Stopping threads took: 0.0021980 seconds
132.334: Application time: 0.0394140 seconds
132.336: [GC [PSYoungGen: 48800K->6624K(49152K)] 76420K->34244K(160256K), 0.0020760 secs] [Times: user=0.01 sys=0.00, real=0.00 secs] 
132.338: Total time for which application threads were stopped: 0.0045220 seconds, Stopping threads took: 0.0023660 seconds
132.376: Application time: 0.0375770 seconds
132.377: [GC [PSYoungGen: 49120K->6544K(49152K)] 76740K->34164K(160256K), 0.0019590 secs] [Times: user=0.02 sys=0.00, real=0.01 secs] 
132.379: Total time for which application threads were stopped: 0.0033660 seconds, Stopping threads took: 0.0013290 seconds
132.416: Application time: 0.0368380 seconds
132.418: [GC [PSYoungGen: 49040K->6656K(49152K)] 76660K->35708K(160256K), 0.0023840 secs] [Times: user=0.02 sys=0.00, real=0.01 secs] 
132.420: Total time for which application threads were stopped: 0.0039800 seconds, Stopping threads took: 0.0015140 seconds
132.457: Application time: 0.0369390 seconds
132.458: [GC [PSYoungGen: 49152K->6656K(49152K)] 78204K->36712K(160256K), 0.0023060 secs] [Times: user=0.01 sys=0.00, real=0.01 secs] 
132.461: Total time for which application threads were stopped: 0.0037720 seconds, Stopping threads took: 0.0013840 seconds
132.499: Application time: 0.0383280 seconds
132.502: [GC [PSYoungGen: 49150K->6656K(49152K)] 79206K->37040K(160256K), 0.0020660 secs] [Times: user=0.01 sys=0.00, real=0.00 secs] 
132.504: Total time for which application threads were stopped: 0.0051870 seconds, Stopping threads took: 0.0030350 seconds
132.543: Application time: 0.0384510 seconds
132.544: [GC [PSYoungGen: 49152K->5952K(49152K)] 79536K->36336K(160256K), 0.0017830 secs] [Times: user=0.02 sys=0.00, real=0.00 secs] 
132.546: Total time for which application threads were stopped: 0.0033660 seconds, Stopping threads took: 0.0015040 seconds
132.587: Application time: 0.0406130 seconds
132.588: [GC [PSYoungGen: 48448K->5344K(49152K)] 78832K->35728K(160256K), 0.0017190 secs] [Times: user=0.01 sys=0.00, real=0.00 secs] 
132.590: Total time for which application threads were stopped: 0.0033680 seconds, Stopping threads took: 0.0015720 seconds
132.629: Application time: 0.0389310 seconds
132.631: [GC [PSYoungGen: 47840K->6656K(49152K)] 78224K->37488K(160256K), 0.0021810 secs] [Times: user=0.01 sys=0.00, real=0.00 secs] 
132.633: Total time for which application threads were stopped: 0.0039590 seconds, Stopping threads took: 0.0016970 seconds
132.672: Application time: 0.0385540 seconds
132.674: [GC [PSYoungGen: 49152K->6640K(49152K)] 79984K->38408K(160256K), 0.0023210 secs] [Times: user=0.01 sys=0.00, real=0.00 secs] 
132.676: Total time for which application threads were stopped: 0.0043720 seconds, Stopping threads took: 0.0019640 seconds
132.715: Application time: 0.0388810 seconds
132.717: [GC [PSYoungGen: 49136K->6016K(49152K)] 80904K->37792K(160256K), 0.0017650 secs] [Times: user=0.01 sys=0.00, real=0.00 secs] 
132.718: Total time for which application threads were stopped: 0.0036790 seconds, Stopping threads took: 0.0018390 seconds
132.758: Application time: 0.0397970 seconds
132.760: [GC [PSYoungGen: 48512K->5600K(49152K)] 80288K->37384K(160256K), 0.0016100 secs] [Times: user=0.01 sys=0.00, real=0.00 secs] 
132.762: Total time for which application threads were stopped: 0.0035020 seconds, Stopping threads took: 0.0018200 seconds
132.803: Application time: 0.0413160 seconds
132.805: [GC [PSYoungGen: 48096K->5600K(49152K)] 79880K->37384K(160256K), 0.0016600 secs] [Times: user=0.01 sys=0.00, real=0.00 secs] 
132.806: Total time for which application threads were stopped: 0.0031420 seconds, Stopping threads took: 0.0014060 seconds
132.846: Application time: 0.0393420 seconds
132.847: [GC [PSYoungGen: 48096K->6624K(49152K)] 79880K->38656K(160256K), 0.0020690 secs] [Times: user=0.02 sys=0.00, real=0.00 secs] 
132.849: Total time for which application threads were stopped: 0.0033630 seconds, Stopping threads took: 0.0012170 seconds
132.888: Application time: 0.0386440 seconds
132.889: [GC [PSYoungGen: 49120K->6384K(49152K)] 81152K->38416K(160256K), 0.0018940 secs] [Times: user=0.01 sys=0.01, real=0.00 secs] 
132.891: Total time for which application threads were stopped: 0.0032120 seconds, Stopping threads took: 0.0012400 seconds
132.930: Application time: 0.0388270 seconds
132.932: [GC [PSYoungGen: 48880K->6624K(49152K)] 80912K->38688K(160256K), 0.0020350 secs] [Times: user=0.02 sys=0.00, real=0.00 secs] 
132.934: Total time for which application threads were stopped: 0.0043980 seconds, Stopping threads took: 0.0022850 seconds
132.970: Application time: 0.0362090 seconds
132.972: [GC [PSYoungGen: 49120K->6656K(49152K)] 81184K->38728K(160256K), 0.0019770 secs] [Times: user=0.02 sys=0.00, real=0.00 secs] 
132.974: Total time for which application threads were stopped: 0.0039390 seconds, Stopping threads took: 0.0018830 seconds
133.013: Application time: 0.0392150 seconds
133.015: [GC [PSYoungGen: 49152K->6624K(49152K)] 81224K->39584K(160256K), 0.0022750 secs] [Times: user=0.02 sys=0.00, real=0.00 secs] 
133.018: Total time for which application threads were stopped: 0.0041120 seconds, Stopping threads took: 0.0017570 seconds
133.056: Application time: 0.0386320 seconds
133.058: [GC [PSYoungGen: 49120K->6624K(49152K)] 82080K->40168K(160256K), 0.0021200 secs] [Times: user=0.02 sys=0.00, real=0.01 secs] 
133.060: Total time for which application threads were stopped: 0.0038480 seconds, Stopping threads took: 0.0016440 seconds
133.098: Application time: 0.0376100 seconds
133.100: [GC [PSYoungGen: 49120K->6640K(49152K)] 82664K->41664K(160256K), 0.0022050 secs] [Times: user=0.02 sys=0.00, real=0.00 secs] 
133.102: Total time for which application threads were stopped: 0.0045150 seconds, Stopping threads took: 0.0022330 seconds
133.143: Application time: 0.0406730 seconds
133.144: [GC [PSYoungGen: 49136K->5888K(49152K)] 84160K->40912K(160256K), 0.0017460 secs] [Times: user=0.01 sys=0.00, real=0.00 secs] 
133.146: Total time for which application threads were stopped: 0.0032010 seconds, Stopping threads took: 0.0013860 seconds
133.184: Application time: 0.0383650 seconds
133.185: [GC [PSYoungGen: 48382K->5760K(49152K)] 83406K->40792K(160256K), 0.0017500 secs] [Times: user=0.01 sys=0.00, real=0.01 secs] 
133.187: Total time for which application threads were stopped: 0.0023100 seconds, Stopping threads took: 0.0004790 seconds
133.227: Application time: 0.0403180 seconds
133.229: [GC [PSYoungGen: 48256K->5888K(49152K)] 83288K->40920K(160256K), 0.0017610 secs] [Times: user=0.01 sys=0.00, real=0.00 secs] 
133.230: Total time for which application threads were stopped: 0.0033200 seconds, Stopping threads took: 0.0014790 seconds
133.271: Application time: 0.0408490 seconds
133.273: [GC [PSYoungGen: 48384K->5872K(49152K)] 83416K->40912K(160256K), 0.0017490 secs] [Times: user=0.01 sys=0.00, real=0.00 secs] 
133.275: Total time for which application threads were stopped: 0.0036860 seconds, Stopping threads took: 0.0018660 seconds
133.314: Application time: 0.0390530 seconds
133.317: [GC [PSYoungGen: 48368K->6256K(49152K)] 83408K->41296K(160256K), 0.0018300 secs] [Times: user=0.01 sys=0.00, real=0.00 secs] 
133.318: Total time for which application threads were stopped: 0.0045350 seconds, Stopping threads took: 0.0026290 seconds
133.356: Application time: 0.0371780 seconds
133.357: [GC [PSYoungGen: 48752K->6656K(49152K)] 83792K->42456K(160256K), 0.0020950 secs] [Times: user=0.02 sys=0.00, real=0.01 secs] 
133.360: Total time for which application threads were stopped: 0.0039550 seconds, Stopping threads took: 0.0017820 seconds
133.401: Application time: 0.0409970 seconds
133.403: [GC [PSYoungGen: 49152K->6640K(49152K)] 84952K->42968K(160256K), 0.0019920 secs] [Times: user=0.01 sys=0.00, real=0.00 secs] 
133.405: Total time for which application threads were stopped: 0.0040320 seconds, Stopping threads took: 0.0019600 seconds
133.444: Application time: 0.0394350 seconds
133.446: [GC [PSYoungGen: 49136K->6656K(49152K)] 85464K->43264K(160256K), 0.0020160 secs] [Times: user=0.01 sys=0.00, real=0.01 secs] 
133.448: Total time for which application threads were stopped: 0.0037610 seconds, Stopping threads took: 0.0016490 seconds
133.489: Application time: 0.0410690 seconds
133.491: [GC [PSYoungGen: 49152K->4864K(49152K)] 85760K->41480K(160256K), 0.0017620 secs] [Times: user=0.01 sys=0.00, real=0.00 secs] 
133.492: Total time for which application threads were stopped: 0.0035060 seconds, Stopping threads took: 0.0016810 seconds
133.530: Application time: 0.0378010 seconds
133.532: [GC [PSYoungGen: 47360K->6640K(49152K)] 83976K->44336K(160256K), 0.0021210 secs] [Times: user=0.01 sys=0.00, real=0.00 secs] 
133.534: Total time for which application threads were stopped: 0.0042000 seconds, Stopping threads took: 0.0020100 seconds
133.576: Application time: 0.0411460 seconds
133.578: [GC [PSYoungGen: 49136K->6656K(49152K)] 86832K->45268K(160256K), 0.0022710 secs] [Times: user=0.02 sys=0.00, real=0.01 secs] 
133.581: Total time for which application threads were stopped: 0.0049360 seconds, Stopping threads took: 0.0025840 seconds
133.620: Application time: 0.0398820 seconds
133.623: [GC [PSYoungGen: 49152K->6000K(49152K)] 87764K->44620K(160256K), 0.0018380 secs] [Times: user=0.00 sys=0.00, real=0.00 secs] 
133.625: Total time for which application threads were stopped: 0.0041260 seconds, Stopping threads took: 0.0022100 seconds
133.665: Application time: 0.0409450 seconds
133.668: [GC [PSYoungGen: 48496K->5232K(49152K)] 87116K->43852K(160256K), 0.0015030 secs] [Times: user=0.01 sys=0.00, real=0.00 secs] 
133.669: Total time for which application threads were stopped: 0.0039700 seconds, Stopping threads took: 0.0023950 seconds
133.706: Application time: 0.0370260 seconds
133.708: [GC [PSYoungGen: 47728K->6656K(49152K)] 86348K->45588K(160256K), 0.0021170 secs] [Times: user=0.01 sys=0.00, real=0.00 secs] 
133.711: Total time for which application threads were stopped: 0.0041530 seconds, Stopping threads took: 0.0019370 seconds
133.748: Application time: 0.0376430 seconds
133.750: [GC [PSYoungGen: 49152K->6640K(49152K)] 88084K->46236K(160256K), 0.0022240 secs] [Times: user=0.01 sys=0.00, real=0.00 secs] 
133.752: Total time for which application threads were stopped: 0.0041980 seconds, Stopping threads took: 0.0018940 seconds
133.791: Application time: 0.0386360 seconds
133.794: [GC [PSYoungGen: 49136K->6656K(49152K)] 88732K->46284K(160256K), 0.0019530 secs] [Times: user=0.02 sys=0.00, real=0.00 secs] 
133.796: Total time for which application threads were stopped: 0.0048350 seconds, Stopping threads took: 0.0028030 seconds
133.834: Application time: 0.0384960 seconds
133.837: [GC [PSYoungGen: 49152K->6272K(49152K)] 88780K->45916K(160256K), 0.0018760 secs] [Times: user=0.02 sys=0.00, real=0.01 secs] 
133.839: Total time for which application threads were stopped: 0.0046070 seconds, Stopping threads took: 0.0026510 seconds
133.879: Application time: 0.0399530 seconds
133.880: [GC [PSYoungGen: 48768K->4688K(49152K)] 88412K->44332K(160256K), 0.0015110 secs] [Times: user=0.01 sys=0.00, real=0.00 secs] 
133.881: Total time for which application threads were stopped: 0.0020950 seconds, Stopping threads took: 0.0005160 seconds
133.922: Application time: 0.0413030 seconds
133.924: [GC [PSYoungGen: 47184K->5664K(49152K)] 86828K->45308K(160256K), 0.0016110 secs] [Times: user=0.01 sys=0.00, real=0.00 secs] 
133.926: Total time for which application threads were stopped: 0.0036000 seconds, Stopping threads took: 0.0019140 seconds
133.967: Application time: 0.0407360 seconds
133.968: [GC [PSYoungGen: 48160K->6528K(49152K)] 87804K->46172K(160256K), 0.0019560 secs] [Times: user=0.01 sys=0.00, real=0.00 secs] 
133.970: Total time for which application threads were stopped: 0.0033210 seconds, Stopping threads took: 0.0012910 seconds
134.010: Application time: 0.0394220 seconds
134.011: [GC [PSYoungGen: 49024K->6656K(49152K)] 88668K->46780K(160256K), 0.0021620 secs] [Times: user=0.01 sys=0.00, real=0.00 secs] 
134.013: Total time for which application threads were stopped: 0.0038910 seconds, Stopping threads took: 0.0016410 seconds
134.053: Application time: 0.0393580 seconds
134.055: [GC [PSYoungGen: 49152K->6064K(49152K)] 89276K->46204K(160256K), 0.0019570 secs] [Times: user=0.01 sys=0.00, real=0.00 secs] 
134.057: Total time for which application threads were stopped: 0.0041500 seconds, Stopping threads took: 0.0021200 seconds
134.097: Application time: 0.0405310 seconds
134.099: [GC [PSYoungGen: 48560K->6640K(49152K)] 88700K->46964K(160256K), 0.0020640 secs] [Times: user=0.01 sys=0.00, real=0.00 secs] 
134.101: Total time for which application threads were stopped: 0.0038790 seconds, Stopping threads took: 0.0017350 seconds
134.141: Application time: 0.0397480 seconds
134.143: [GC [PSYoungGen: 49136K->5824K(49152K)] 89460K->46148K(160256K), 0.0017760 secs] [Times: user=0.02 sys=0.00, real=0.00 secs] 
134.145: Total time for which application threads were stopped: 0.0037950 seconds, Stopping threads took: 0.0019430 seconds
134.183: Application time: 0.0385470 seconds
134.186: [GC [PSYoungGen: 48320K->6528K(49152K)] 88644K->46852K(160256K), 0.0019170 secs] [Times: user=0.02 sys=0.00, real=0.01 secs] 
134.188: Total time for which application threads were stopped: 0.0043150 seconds, Stopping threads took: 0.0023190 seconds
134.228: Application time: 0.0400550 seconds
134.231: [GC [PSYoungGen: 49024K->5952K(49152K)] 89348K->46284K(160256K), 0.0017180 secs] [Times: user=0.01 sys=0.00, real=0.00 secs] 
134.232: Total time for which application threads were stopped: 0.0045570 seconds, Stopping threads took: 0.0027570 seconds
134.272: Application time: 0.0395060 seconds
134.274: [GC [PSYoungGen: 48448K->6176K(49152K)] 88780K->46516K(160256K), 0.0018540 secs] [Times: user=0.01 sys=0.00, real=0.00 secs] 
134.276: Total time for which application threads were stopped: 0.0039020 seconds, Stopping threads took: 0.0019720 seconds
134.318: Application time: 0.0421610 seconds
134.321: [GC [PSYoungGen: 48672K->6048K(49152K)] 89012K->46396K(160256K), 0.0017420 secs] [Times: user=0.01 sys=0.00, real=0.00 secs] 
134.322: Total time for which application threads were stopped: 0.0043930 seconds, Stopping threads took: 0.0025820 seconds
134.363: Application time: 0.0411160 seconds
134.367: [GC [PSYoungGen: 48544K->6640K(49152K)] 88892K->47276K(160256K), 0.0019960 secs] [Times: user=0.01 sys=0.00, real=0.00 secs] 
134.369: Total time for which application threads were stopped: 0.0052270 seconds, Stopping threads took: 0.0031610 seconds
134.409: Application time: 0.0404970 seconds
134.411: [GC [PSYoungGen: 49136K->6624K(49152K)] 89772K->47524K(160256K), 0.0021850 secs] [Times: user=0.02 sys=0.00, real=0.00 secs] 
134.413: Total time for which application threads were stopped: 0.0041940 seconds, Stopping threads took: 0.0019260 seconds
134.450: Application time: 0.0367170 seconds
134.451: [GC [PSYoungGen: 49120K->6624K(49152K)] 90020K->48584K(160256K), 0.0022890 secs] [Times: user=0.02 sys=0.00, real=0.00 secs] 
134.454: Total time for which application threads were stopped: 0.0037110 seconds, Stopping threads took: 0.0013420 seconds
134.492: Application time: 0.0383760 seconds
134.493: [GC [PSYoungGen: 49120K->6624K(49152K)] 91080K->49400K(160256K), 0.0022260 secs] [Times: user=0.02 sys=0.00, real=0.00 secs] 
134.496: Total time for which application threads were stopped: 0.0035450 seconds, Stopping threads took: 0.0012350 seconds
134.536: Application time: 0.0400920 seconds
134.537: [GC [PSYoungGen: 49120K->5104K(49152K)] 91896K->47888K(160256K), 0.0015590 secs] [Times: user=0.01 sys=0.00, real=0.01 secs] 
134.539: Total time for which application threads were stopped: 0.0030060 seconds, Stopping threads took: 0.0013790 seconds
134.579: Application time: 0.0405760 seconds
134.581: [GC [PSYoungGen: 47600K->6128K(49152K)] 90384K->48928K(160256K), 0.0018150 secs] [Times: user=0.01 sys=0.00, real=0.00 secs] 
134.583: Total time for which application threads were stopped: 0.0033810 seconds, Stopping threads took: 0.0014750 seconds
134.622: Application time: 0.0396230 seconds
134.625: [GC [PSYoungGen: 48624K->6656K(49152K)] 91424K->50620K(160256K), 0.0022800 secs] [Times: user=0.02 sys=0.00, real=0.01 secs] 
134.627: Total time for which application threads were stopped: 0.0046410 seconds, Stopping threads took: 0.0022750 seconds
134.665: Application time: 0.0379960 seconds
134.671: [GC [PSYoungGen: 49152K->6624K(49152K)] 93116K->50748K(160256K), 0.0023040 secs] [Times: user=0.02 sys=0.00, real=0.00 secs] 
134.673: Total time for which application threads were stopped: 0.0080690 seconds, Stopping threads took: 0.0056650 seconds
134.713: Application time: 0.0397000 seconds
134.715: [GC [PSYoungGen: 49120K->5696K(49152K)] 93244K->49820K(160256K), 0.0018450 secs] [Times: user=0.02 sys=0.00, real=0.00 secs] 
134.717: Total time for which application threads were stopped: 0.0041570 seconds, Stopping threads took: 0.0022160 seconds
134.757: Application time: 0.0402000 seconds
134.758: [GC [PSYoungGen: 48192K->5536K(49152K)] 92316K->49660K(160256K), 0.0018050 secs] [Times: user=0.01 sys=0.00, real=0.01 secs] 
134.760: Total time for which application threads were stopped: 0.0029110 seconds, Stopping threads took: 0.0010210 seconds
134.798: Application time: 0.0380100 seconds
134.800: [GC [PSYoungGen: 48032K->6640K(49152K)] 92156K->50772K(160256K), 0.0019480 secs] [Times: user=0.02 sys=0.00, real=0.00 secs] 
134.802: Total time for which application threads were stopped: 0.0042000 seconds, Stopping threads took: 0.0021520 seconds
134.840: Application time: 0.0374170 seconds
134.842: [GC [PSYoungGen: 49136K->6656K(49152K)] 93268K->51452K(160256K), 0.0023280 secs] [Times: user=0.01 sys=0.00, real=0.00 secs] 
134.845: Total time for which application threads were stopped: 0.0047670 seconds, Stopping threads took: 0.0023570 seconds
134.883: Application time: 0.0386660 seconds
134.888: [GC [PSYoungGen: 49152K->6656K(49152K)] 93948K->51476K(160256K), 0.0021220 secs] [Times: user=0.01 sys=0.00, real=0.00 secs] 
134.890: Total time for which application threads were stopped: 0.0069130 seconds, Stopping threads took: 0.0047190 seconds
134.931: Application time: 0.0405440 seconds
134.933: [GC [PSYoungGen: 49152K->6640K(49152K)] 93972K->51692K(160256K), 0.0021460 secs] [Times: user=0.01 sys=0.00, real=0.00 secs] 
134.935: Total time for which application threads were stopped: 0.0043420 seconds, Stopping threads took: 0.0021160 seconds
134.973: Application time: 0.0376310 seconds
134.975: [GC [PSYoungGen: 49136K->6624K(49152K)] 94188K->51860K(160256K), 0.0020080 secs] [Times: user=0.01 sys=0.00, real=0.00 secs] 
134.977: Total time for which application threads were stopped: 0.0044710 seconds, Stopping threads took: 0.0023840 seconds
135.015: Application time: 0.0376870 seconds
135.016: [GC [PSYoungGen: 49120K->5680K(49152K)] 94356K->50916K(160256K), 0.0016810 secs] [Times: user=0.01 sys=0.00, real=0.00 secs] 
135.018: Total time for which application threads were stopped: 0.0030440 seconds, Stopping threads took: 0.0012910 seconds
135.056: Application time: 0.0379830 seconds
135.058: [GC [PSYoungGen: 48176K->6640K(49152K)] 93412K->52636K(160256K), 0.0021890 secs] [Times: user=0.02 sys=0.00, real=0.01 secs] 
135.061: Total time for which application threads were stopped: 0.0047260 seconds, Stopping threads took: 0.0024530 seconds
135.097: Application time: 0.0365880 seconds
135.099: [GC [PSYoungGen: 49136K->6624K(49152K)] 95132K->53312K(160256K), 0.0022100 secs] [Times: user=0.02 sys=0.00, real=0.00 secs] 
135.101: Total time for which application threads were stopped: 0.0037150 seconds, Stopping threads took: 0.0014250 seconds
135.137: Application time: 0.0358620 seconds
135.139: [GC [PSYoungGen: 49120K->6656K(49152K)] 95808K->54472K(160256K), 0.0023720 secs] [Times: user=0.02 sys=0.00, real=0.00 secs] 
135.141: Total time for which application threads were stopped: 0.0047540 seconds, Stopping threads took: 0.0022830 seconds
135.180: Application time: 0.0383890 seconds
135.182: [GC [PSYoungGen: 49152K->6656K(49152K)] 96968K->55872K(160256K), 0.0023820 secs] [Times: user=0.01 sys=0.00, real=0.00 secs] 
135.185: Total time for which application threads were stopped: 0.0048020 seconds, Stopping threads took: 0.0023370 seconds
135.224: Application time: 0.0392820 seconds
135.226: [GC [PSYoungGen: 49152K->5952K(49152K)] 98368K->55168K(160256K), 0.0018890 secs] [Times: user=0.01 sys=0.00, real=0.01 secs] 
135.228: Total time for which application threads were stopped: 0.0036700 seconds, Stopping threads took: 0.0017060 seconds
135.266: Application time: 0.0379900 seconds
135.268: [GC [PSYoungGen: 48448K->5296K(49152K)] 97664K->54512K(160256K), 0.0017770 secs] [Times: user=0.01 sys=0.00, real=0.00 secs] 
135.270: Total time for which application threads were stopped: 0.0038950 seconds, Stopping threads took: 0.0020260 seconds
135.308: Application time: 0.0383640 seconds
135.311: [GC [PSYoungGen: 47792K->5760K(49152K)] 97008K->54976K(160256K), 0.0017910 secs] [Times: user=0.02 sys=0.00, real=0.00 secs] 
135.312: Total time for which application threads were stopped: 0.0045780 seconds, Stopping threads took: 0.0027050 seconds
135.350: Application time: 0.0372940 seconds
135.353: [GC [PSYoungGen: 48256K->6656K(49152K)] 97472K->56016K(160256K), 0.0019680 secs] [Times: user=0.01 sys=0.00, real=0.00 secs] 
135.355: Total time for which application threads were stopped: 0.0049920 seconds, Stopping threads took: 0.0029450 seconds
135.393: Application time: 0.0386150 seconds
135.395: [GC [PSYoungGen: 49152K->6656K(49152K)] 98512K->56144K(160256K), 0.0019480 secs] [Times: user=0.01 sys=0.00, real=0.00 secs] 
135.397: Total time for which application threads were stopped: 0.0040900 seconds, Stopping threads took: 0.0020580 seconds
135.437: Application time: 0.0397480 seconds
135.440: [GC [PSYoungGen: 49152K->4896K(49152K)] 98640K->54384K(160256K), 0.0015340 secs] [Times: user=0.01 sys=0.00, real=0.00 secs] 
135.441: Total time for which application threads were stopped: 0.0039780 seconds, Stopping threads took: 0.0023700 seconds
135.446: Application time: 0.0052330 seconds
135.449: Total time for which application threads were stopped: 0.0025410 seconds, Stopping threads took: 0.0025180 seconds
135.490: Application time: 0.0412140 seconds
135.493: [GC [PSYoungGen: 47392K->2720K(49152K)] 96880K->52208K(160256K), 0.0012160 secs] [Times: user=0.00 sys=0.00, real=0.00 secs] 
135.494: Total time for which application threads were stopped: 0.0038940 seconds, Stopping threads took: 0.0025860 seconds
135.517: Application time: 0.0227270 seconds
135.519: Total time for which application threads were stopped: 0.0026050 seconds, Stopping threads took: 0.0025770 seconds
135.533: Application time: 0.0132000 seconds
135.535: Total time for which application threads were stopped: 0.0020430 seconds, Stopping threads took: 0.0020160 seconds
135.550: Application time: 0.0157240 seconds
135.552: [GC [PSYoungGen: 45216K->2752K(49152K)] 94704K->52240K(160256K), 0.0010390 secs] [Times: user=0.00 sys=0.00, real=0.00 secs] 
135.553: Total time for which application threads were stopped: 0.0025970 seconds, Stopping threads took: 0.0014830 seconds
135.602: Application time: 0.0494240 seconds
135.603: Total time for which application threads were stopped: 0.0008460 seconds, Stopping threads took: 0.0008200 seconds
135.666: Application time: 0.0629160 seconds
135.666: Total time for which application threads were stopped: 0.0000930 seconds, Stopping threads took: 0.0000560 seconds
135.671: Application time: 0.0044120 seconds
135.672: [GC [PSYoungGen: 45248K->3040K(49152K)] 94736K->52528K(160256K), 0.0011680 secs] [Times: user=0.01 sys=0.01, real=0.00 secs] 
135.673: Total time for which application threads were stopped: 0.0025880 seconds, Stopping threads took: 0.0013480 seconds
135.713: Application time: 0.0401690 seconds
135.716: [GC [PSYoungGen: 45536K->6656K(49152K)] 95024K->56925K(160256K), 0.0022510 secs] [Times: user=0.02 sys=0.00, real=0.00 secs] 
135.718: Total time for which application threads were stopped: 0.0048720 seconds, Stopping threads took: 0.0025350 seconds
135.758: Application time: 0.0399030 seconds
135.760: [GC [PSYoungGen: 49152K->6480K(49152K)] 99421K->56749K(160256K), 0.0020300 secs] [Times: user=0.01 sys=0.00, real=0.00 secs] 
135.763: Total time for which application threads were stopped: 0.0043790 seconds, Stopping threads took: 0.0022560 seconds
135.802: Application time: 0.0398170 seconds
135.804: [GC [PSYoungGen: 48976K->6640K(49152K)] 99245K->57705K(160256K), 0.0023650 secs] [Times: user=0.02 sys=0.00, real=0.00 secs] 
135.807: Total time for which application threads were stopped: 0.0041520 seconds, Stopping threads took: 0.0016600 seconds
135.847: Application time: 0.0405740 seconds
135.848: [GC [PSYoungGen: 49136K->6560K(49152K)] 100201K->57625K(160256K), 0.0022420 secs] [Times: user=0.01 sys=0.00, real=0.00 secs] 
135.851: Total time for which application threads were stopped: 0.0036570 seconds, Stopping threads took: 0.0013040 seconds
135.893: Application time: 0.0422890 seconds
135.896: [GC [PSYoungGen: 49056K->6640K(49152K)] 100121K->57833K(160256K), 0.0022270 secs] [Times: user=0.01 sys=0.00, real=0.00 secs] 
135.898: Total time for which application threads were stopped: 0.0049780 seconds, Stopping threads took: 0.0026450 seconds
135.939: Application time: 0.0410080 seconds
135.942: [GC [PSYoungGen: 49136K->6640K(49152K)] 100329K->58321K(160256K), 0.0023790 secs] [Times: user=0.02 sys=0.00, real=0.00 secs] 
135.944: Total time for which application threads were stopped: 0.0049310 seconds, Stopping threads took: 0.0024480 seconds
135.986: Application time: 0.0417500 seconds
135.991: [GC [PSYoungGen: 49136K->6656K(49152K)] 100817K->59553K(160256K), 0.0027210 secs] [Times: user=0.01 sys=0.00, real=0.00 secs] 
135.994: Total time for which application threads were stopped: 0.0083200 seconds, Stopping threads took: 0.0054880 seconds
136.040: Application time: 0.0459550 seconds
136.042: [GC [PSYoungGen: 49152K->6656K(49152K)] 102049K->60681K(160256K), 0.0024240 secs] [Times: user=0.02 sys=0.00, real=0.00 secs] 
136.045: Total time for which application threads were stopped: 0.0047940 seconds, Stopping threads took: 0.0022790 seconds
136.087: Application time: 0.0423580 seconds
136.092: [GC [PSYoungGen: 49151K->6656K(49152K)] 103176K->61513K(160256K), 0.0024740 secs] [Times: user=0.02 sys=0.00, real=0.00 secs] 
136.094: Total time for which application threads were stopped: 0.0068730 seconds, Stopping threads took: 0.0043060 seconds
136.139: Application time: 0.0451620 seconds
136.141: [GC [PSYoungGen: 49152K->6656K(49152K)] 104009K->62105K(160256K), 0.0022930 secs] [Times: user=0.01 sys=0.00, real=0.00 secs] 
136.143: Total time for which application threads were stopped: 0.0041850 seconds, Stopping threads took: 0.0018030 seconds
136.175: Application time: 0.0313260 seconds
136.176: Total time for which application threads were stopped: 0.0015590 seconds, Stopping threads took: 0.0015260 seconds
136.177: Application time: 0.0002120 seconds
136.180: Total time for which application threads were stopped: 0.0033090 seconds, Stopping threads took: 0.0032930 seconds
136.189: Application time: 0.0089170 seconds
136.189: [GC [PSYoungGen: 49152K->5120K(49152K)] 104601K->60569K(160256K), 0.0017540 secs] [Times: user=0.01 sys=0.00, real=0.00 secs] 
136.191: Total time for which application threads were stopped: 0.0020950 seconds, Stopping threads took: 0.0002630 seconds
136.209: Application time: 0.0181580 seconds
136.211: Total time for which application threads were stopped: 0.0015510 seconds, Stopping threads took: 0.0015070 seconds
136.211: Application time: 0.0004030 seconds
136.214: Total time for which application threads were stopped: 0.0034020 seconds, Stopping threads took: 0.0033800 seconds
136.215: Application time: 0.0004110 seconds
136.217: Total time for which application threads were stopped: 0.0023660 seconds, Stopping threads took: 0.0023410 seconds
136.235: Application time: 0.0174090 seconds
136.237: [GC [PSYoungGen: 47616K->5856K(49152K)] 103065K->61313K(160256K), 0.0017600 secs] [Times: user=0.02 sys=0.00, real=0.01 secs] 
136.239: Total time for which application threads were stopped: 0.0041710 seconds, Stopping threads took: 0.0023210 seconds
136.281: Application time: 0.0423640 seconds
136.282: [GC [PSYoungGen: 48352K->6304K(49152K)] 103809K->61769K(160256K), 0.0019510 secs] [Times: user=0.01 sys=0.00, real=0.00 secs] 
136.284: Total time for which application threads were stopped: 0.0032810 seconds, Stopping threads took: 0.0012480 seconds
136.327: Application time: 0.0424410 seconds
136.329: [GC [PSYoungGen: 48800K->5712K(49152K)] 104265K->61185K(160256K), 0.0017740 secs] [Times: user=0.01 sys=0.00, real=0.00 secs] 
136.331: Total time for which application threads were stopped: 0.0038610 seconds, Stopping threads took: 0.0020000 seconds
136.373: Application time: 0.0421630 seconds
136.375: [GC [PSYoungGen: 48208K->6480K(49152K)] 103681K->62009K(160256K), 0.0021110 secs] [Times: user=0.01 sys=0.00, real=0.00 secs] 
136.377: Total time for which application threads were stopped: 0.0046300 seconds, Stopping threads took: 0.0024330 seconds
136.420: Application time: 0.0420820 seconds
136.423: [GC [PSYoungGen: 48976K->6624K(49152K)] 104505K->62625K(160256K), 0.0020800 secs] [Times: user=0.02 sys=0.00, real=0.00 secs] 
136.425: Total time for which application threads were stopped: 0.0055190 seconds, Stopping threads took: 0.0033380 seconds
136.467: Application time: 0.0414940 seconds
136.471: [GC [PSYoungGen: 49120K->6640K(49152K)] 105121K->63329K(160256K), 0.0022170 secs] [Times: user=0.01 sys=0.00, real=0.00 secs] 
136.473: Total time for which application threads were stopped: 0.0063060 seconds, Stopping threads took: 0.0040080 seconds
136.515: Application time: 0.0425640 seconds
136.518: [GC [PSYoungGen: 49136K->5968K(49152K)] 105825K->62657K(160256K), 0.0018040 secs] [Times: user=0.01 sys=0.00, real=0.01 secs] 
136.519: Total time for which application threads were stopped: 0.0040240 seconds, Stopping threads took: 0.0021350 seconds
136.562: Application time: 0.0426890 seconds
136.564: [GC [PSYoungGen: 48464K->6656K(49152K)] 105153K->63905K(160256K), 0.0023140 secs] [Times: user=0.02 sys=0.00, real=0.01 secs] 
136.567: Total time for which application threads were stopped: 0.0044200 seconds, Stopping threads took: 0.0020220 seconds
136.607: Application time: 0.0406380 seconds
136.609: [GC [PSYoungGen: 49151K->6624K(49152K)] 106401K->63881K(160256K), 0.0020010 secs] [Times: user=0.01 sys=0.00, real=0.00 secs] 
136.611: Total time for which application threads were stopped: 0.0038260 seconds, Stopping threads took: 0.0017400 seconds
136.651: Application time: 0.0399170 seconds
136.653: [GC [PSYoungGen: 49120K->6656K(49152K)] 106377K->64681K(160256K), 0.0023040 secs] [Times: user=0.01 sys=0.00, real=0.00 secs] 
136.656: Total time for which application threads were stopped: 0.0046780 seconds, Stopping threads took: 0.0022890 seconds
136.696: Application time: 0.0400760 seconds
136.698: [GC [PSYoungGen: 49152K->6640K(49152K)] 107177K->65217K(160256K), 0.0021370 secs] [Times: user=0.02 sys=0.00, real=0.01 secs] 
136.700: Total time for which application threads were stopped: 0.0040020 seconds, Stopping threads took: 0.0017790 seconds
136.739: Application time: 0.0390540 seconds
136.741: [GC [PSYoungGen: 49136K->6640K(49152K)] 107713K->66601K(160256K), 0.0025700 secs] [Times: user=0.02 sys=0.00, real=0.00 secs] 
136.744: Total time for which application threads were stopped: 0.0047200 seconds, Stopping threads took: 0.0020610 seconds
136.784: Application time: 0.0409150 seconds
136.787: [GC [PSYoungGen: 49136K->6464K(49152K)] 109097K->66425K(160256K), 0.0020050 secs] [Times: user=0.01 sys=0.00, real=0.00 secs] 
136.789: Total time for which application threads were stopped: 0.0048580 seconds, Stopping threads took: 0.0027720 seconds
136.830: Application time: 0.0406490 seconds
136.833: [GC [PSYoungGen: 48960K->6640K(49152K)] 108921K->66609K(160256K), 0.0020490 secs] [Times: user=0.01 sys=0.00, real=0.00 secs] 
136.835: Total time for which application threads were stopped: 0.0051010 seconds, Stopping threads took: 0.0029400 seconds
136.876: Application time: 0.0406560 seconds
136.877: [GC [PSYoungGen: 49136K->6624K(49152K)] 109105K->67389K(160256K), 0.0023310 secs] [Times: user=0.01 sys=0.00, real=0.01 secs] 
136.879: Total time for which application threads were stopped: 0.0035110 seconds, Stopping threads took: 0.0010910 seconds
136.922: Application time: 0.0431990 seconds
136.927: [GC [PSYoungGen: 49120K->5904K(49152K)] 109885K->66677K(160256K), 0.0018640 secs] [Times: user=0.02 sys=0.00, real=0.00 secs] 
136.929: Total time for which application threads were stopped: 0.0061010 seconds, Stopping threads took: 0.0041540 seconds
136.968: Application time: 0.0395870 seconds
136.971: [GC [PSYoungGen: 48400K->6624K(49152K)] 109173K->68125K(160256K), 0.0022940 secs] [Times: user=0.02 sys=0.00, real=0.00 secs] 
136.974: Total time for which application threads were stopped: 0.0055880 seconds, Stopping threads took: 0.0032020 seconds
137.016: Application time: 0.0420050 seconds
137.017: [GC [PSYoungGen: 49120K->5536K(49152K)] 110621K->67045K(160256K), 0.0017000 secs] [Times: user=0.01 sys=0.00, real=0.01 secs] 
137.019: Total time for which application threads were stopped: 0.0033840 seconds, Stopping threads took: 0.0016070 seconds
137.060: Application time: 0.0413290 seconds
137.063: [GC [PSYoungGen: 48032K->5952K(49152K)] 109541K->67477K(160256K), 0.0018820 secs] [Times: user=0.01 sys=0.00, real=0.00 secs] 
137.065: Total time for which application threads were stopped: 0.0043610 seconds, Stopping threads took: 0.0023980 seconds
137.104: Application time: 0.0395580 seconds
137.106: [GC [PSYoungGen: 48448K->6640K(49152K)] 109973K->68237K(160256K), 0.0020870 secs] [Times: user=0.01 sys=0.00, real=0.01 secs] 
137.109: Total time for which application threads were stopped: 0.0041820 seconds, Stopping threads took: 0.0020090 seconds
137.149: Application time: 0.0408160 seconds
137.151: [GC [PSYoungGen: 49136K->6640K(49152K)] 110733K->68549K(160256K), 0.0021430 secs] [Times: user=0.02 sys=0.00, real=0.00 secs] 
137.153: Total time for which application threads were stopped: 0.0039230 seconds, Stopping threads took: 0.0016910 seconds
137.194: Application time: 0.0409580 seconds
137.195: [GC [PSYoungGen: 49136K->6640K(49152K)] 111045K->68661K(160256K), 0.0020170 secs] [Times: user=0.02 sys=0.00, real=0.00 secs] 
137.197: Total time for which application threads were stopped: 0.0030650 seconds, Stopping threads took: 0.0009630 seconds
137.237: Application time: 0.0401030 seconds
137.240: [GC [PSYoungGen: 49136K->6640K(49152K)] 111157K->69741K(160256K), 0.0022730 secs] [Times: user=0.02 sys=0.00, real=0.00 secs] 
137.242: Total time for which application threads were stopped: 0.0047620 seconds, Stopping threads took: 0.0024040 seconds
137.283: Application time: 0.0405690 seconds
137.285: [GC [PSYoungGen: 49136K->6656K(49152K)] 112237K->70701K(160256K), 0.0023010 secs] [Times: user=0.01 sys=0.00, real=0.01 secs] 
137.287: Total time for which application threads were stopped: 0.0045930 seconds, Stopping threads took: 0.0022080 seconds
137.328: Application time: 0.0407840 seconds
137.331: [GC [PSYoungGen: 49152K->6656K(49152K)] 113197K->71385K(160256K), 0.0023100 secs] [Times: user=0.01 sys=0.00, real=0.00 secs] 
137.333: Total time for which application threads were stopped: 0.0050880 seconds, Stopping threads took: 0.0026930 seconds
137.373: Application time: 0.0396780 seconds
137.374: [GC [PSYoungGen: 49152K->6544K(49152K)] 113881K->71273K(160256K), 0.0019680 secs] [Times: user=0.02 sys=0.00, real=0.00 secs] 
137.376: Total time for which application threads were stopped: 0.0033350 seconds, Stopping threads took: 0.0012770 seconds
137.416: Application time: 0.0401190 seconds
137.418: [GC [PSYoungGen: 49040K->6624K(49152K)] 113769K->71617K(160256K), 0.0021210 secs] [Times: user=0.02 sys=0.00, real=0.01 secs] 
137.420: Total time for which application threads were stopped: 0.0041280 seconds, Stopping threads took: 0.0019200 seconds
137.462: Application time: 0.0411200 seconds
137.463: [GC [PSYoungGen: 49120K->6656K(49152K)] 114113K->71801K(160256K), 0.0020950 secs] [Times: user=0.01 sys=0.00, real=0.00 secs] 
137.465: Total time for which application threads were stopped: 0.0033500 seconds, Stopping threads took: 0.0011670 seconds
137.506: Application time: 0.0415360 seconds
137.508: [GC [PSYoungGen: 49152K->5328K(49152K)] 114297K->70489K(160256K), 0.0016600 secs] [Times: user=0.01 sys=0.00, real=0.00 secs] 
137.510: Total time for which application threads were stopped: 0.0030480 seconds, Stopping threads took: 0.0013120 seconds
137.551: Application time: 0.0410710 seconds
137.554: [GC [PSYoungGen: 47824K->6640K(49152K)] 112985K->71809K(160256K), 0.0020090 secs] [Times: user=0.02 sys=0.00, real=0.00 secs] 
137.556: Total time for which application threads were stopped: 0.0049760 seconds, Stopping threads took: 0.0028830 seconds
137.597: Application time: 0.0417840 seconds
137.600: [GC [PSYoungGen: 49135K->6576K(49152K)] 114305K->71753K(160256K), 0.0019880 secs] [Times: user=0.01 sys=0.00, real=0.00 secs] 
137.602: Total time for which application threads were stopped: 0.0045270 seconds, Stopping threads took: 0.0024530 seconds
137.643: Application time: 0.0410770 seconds
137.646: [GC [PSYoungGen: 49072K->6656K(49152K)] 114249K->72577K(160256K), 0.0022460 secs] [Times: user=0.02 sys=0.00, real=0.01 secs] 
137.648: Total time for which application threads were stopped: 0.0053810 seconds, Stopping threads took: 0.0030500 seconds
137.689: Application time: 0.0406960 seconds
137.691: [GC [PSYoungGen: 49152K->6656K(49152K)] 115073K->74105K(160256K), 0.0024560 secs] [Times: user=0.02 sys=0.00, real=0.00 secs] 
137.693: Total time for which application threads were stopped: 0.0040810 seconds, Stopping threads took: 0.0015340 seconds
137.734: Application time: 0.0407830 seconds
137.737: [GC [PSYoungGen: 49152K->6432K(49152K)] 116601K->73881K(160256K), 0.0020150 secs] [Times: user=0.01 sys=0.01, real=0.01 secs] 
137.739: Total time for which application threads were stopped: 0.0049720 seconds, Stopping threads took: 0.0028750 seconds
137.780: Application time: 0.0409290 seconds
137.783: [GC [PSYoungGen: 48928K->6656K(49152K)] 116377K->74169K(160256K), 0.0020540 secs] [Times: user=0.01 sys=0.00, real=0.00 secs] 
137.785: Total time for which application threads were stopped: 0.0048150 seconds, Stopping threads took: 0.0026760 seconds
137.825: Application time: 0.0403030 seconds
137.827: [GC [PSYoungGen: 49152K->6656K(49152K)] 116665K->74185K(160256K), 0.0020280 secs] [Times: user=0.02 sys=0.00, real=0.00 secs] 
137.829: Total time for which application threads were stopped: 0.0037400 seconds, Stopping threads took: 0.0016290 seconds
137.871: Application time: 0.0421330 seconds
137.872: [GC [PSYoungGen: 49152K->4992K(49152K)] 116681K->72521K(160256K), 0.0015290 secs] [Times: user=0.01 sys=0.00, real=0.00 secs] 
137.874: Total time for which application threads were stopped: 0.0031890 seconds, Stopping threads took: 0.0015890 seconds
137.916: Application time: 0.0416710 seconds
137.921: [GC [PSYoungGen: 47488K->6640K(49152K)] 115017K->74457K(160256K), 0.0022050 secs] [Times: user=0.01 sys=0.00, real=0.00 secs] 
137.923: Total time for which application threads were stopped: 0.0073380 seconds, Stopping threads took: 0.0050410 seconds
137.963: Application time: 0.0401600 seconds
137.965: [GC [PSYoungGen: 49136K->6592K(49152K)] 116953K->74409K(160256K), 0.0020740 secs] [Times: user=0.02 sys=0.00, real=0.01 secs] 
137.967: Total time for which application threads were stopped: 0.0035320 seconds, Stopping threads took: 0.0013790 seconds
138.007: Application time: 0.0405870 seconds
138.009: [GC [PSYoungGen: 49088K->6512K(49152K)] 116905K->74337K(160256K), 0.0020630 secs] [Times: user=0.02 sys=0.00, real=0.00 secs] 
138.011: Total time for which application threads were stopped: 0.0038470 seconds, Stopping threads took: 0.0016980 seconds
138.053: Application time: 0.0415430 seconds
138.055: [GC [PSYoungGen: 49008K->6464K(49152K)] 116833K->74297K(160256K), 0.0021760 secs] [Times: user=0.02 sys=0.00, real=0.00 secs] 
138.057: Total time for which application threads were stopped: 0.0043660 seconds, Stopping threads took: 0.0021030 seconds
138.098: Application time: 0.0412770 seconds
138.101: [GC [PSYoungGen: 48960K->6640K(49152K)] 116793K->74681K(160256K), 0.0020990 secs] [Times: user=0.02 sys=0.00, real=0.00 secs] 
138.103: Total time for which application threads were stopped: 0.0044420 seconds, Stopping threads took: 0.0022550 seconds
138.144: Application time: 0.0416140 seconds
138.146: [GC [PSYoungGen: 49135K->5488K(49152K)] 117177K->73537K(160256K), 0.0017550 secs] [Times: user=0.01 sys=0.00, real=0.01 secs] 
138.148: Total time for which application threads were stopped: 0.0032700 seconds, Stopping threads took: 0.0014340 seconds
138.190: Application time: 0.0425320 seconds
138.192: [GC [PSYoungGen: 47984K->6192K(49152K)] 116033K->74241K(160256K), 0.0020040 secs] [Times: user=0.01 sys=0.00, real=0.00 secs] 
138.194: Total time for which application threads were stopped: 0.0034570 seconds, Stopping threads took: 0.0013700 seconds
138.236: Application time: 0.0424170 seconds
138.239: [GC [PSYoungGen: 48688K->6640K(49152K)] 116737K->74961K(160256K), 0.0021430 secs] [Times: user=0.01 sys=0.00, real=0.00 secs] 
138.241: Total time for which application threads were stopped: 0.0048930 seconds, Stopping threads took: 0.0026680 seconds
138.283: Application time: 0.0418380 seconds
138.287: [GC [PSYoungGen: 49136K->6656K(49152K)] 117457K->75153K(160256K), 0.0021190 secs] [Times: user=0.01 sys=0.00, real=0.00 secs] 
138.289: Total time for which application threads were stopped: 0.0059460 seconds, Stopping threads took: 0.0037380 seconds
138.331: Application time: 0.0421780 seconds
138.333: [GC [PSYoungGen: 49150K->5840K(49152K)] 117648K->74337K(160256K), 0.0018650 secs] [Times: user=0.02 sys=0.00, real=0.00 secs] 
138.335: Total time for which application threads were stopped: 0.0035790 seconds, Stopping threads took: 0.0016390 seconds
138.376: Application time: 0.0415790 seconds
138.378: [GC [PSYoungGen: 48336K->5680K(49152K)] 116833K->74177K(160256K), 0.0017620 secs] [Times: user=0.01 sys=0.00, real=0.01 secs] 
138.380: Total time for which application threads were stopped: 0.0038260 seconds, Stopping threads took: 0.0019810 seconds
138.423: Application time: 0.0427490 seconds
138.424: [GC [PSYoungGen: 48176K->5440K(49152K)] 116673K->73937K(160256K), 0.0016880 secs] [Times: user=0.01 sys=0.00, real=0.00 secs] 
138.426: Total time for which application threads were stopped: 0.0034730 seconds, Stopping threads took: 0.0016960 seconds
138.469: Application time: 0.0429210 seconds
138.471: [GC [PSYoungGen: 47936K->5840K(49152K)] 116433K->74337K(160256K), 0.0018490 secs] [Times: user=0.01 sys=0.00, real=0.00 secs] 
138.473: Total time for which application threads were stopped: 0.0037360 seconds, Stopping threads took: 0.0018070 seconds
138.515: Application time: 0.0420940 seconds
138.517: [GC [PSYoungGen: 48336K->6544K(49152K)] 116833K->75041K(160256K), 0.0019960 secs] [Times: user=0.02 sys=0.00, real=0.01 secs] 
138.519: Total time for which application threads were stopped: 0.0043230 seconds, Stopping threads took: 0.0022430 seconds
138.560: Application time: 0.0404710 seconds
138.562: [GC [PSYoungGen: 49040K->6640K(49152K)] 117537K->75345K(160256K), 0.0020900 secs] [Times: user=0.01 sys=0.00, real=0.00 secs] 
138.564: Total time for which application threads were stopped: 0.0041470 seconds, Stopping threads took: 0.0019670 seconds
138.604: Application time: 0.0405690 seconds
138.606: [GC [PSYoungGen: 49136K->6624K(49152K)] 117841K->75369K(160256K), 0.0021210 secs] [Times: user=0.02 sys=0.00, real=0.01 secs] 
138.608: Total time for which application threads were stopped: 0.0037310 seconds, Stopping threads took: 0.0015200 seconds
138.650: Application time: 0.0415790 seconds
138.655: [GC [PSYoungGen: 49120K->6640K(49152K)] 117865K->75409K(160256K), 0.0020360 secs] [Times: user=0.02 sys=0.00, real=0.00 secs] 
138.657: Total time for which application threads were stopped: 0.0069000 seconds, Stopping threads took: 0.0047790 seconds
138.698: Application time: 0.0412970 seconds
138.700: [GC [PSYoungGen: 49136K->6656K(49152K)] 117905K->76257K(160256K), 0.0021680 secs] [Times: user=0.01 sys=0.00, real=0.00 secs] 
138.702: Total time for which application threads were stopped: 0.0038750 seconds, Stopping threads took: 0.0016290 seconds
138.744: Application time: 0.0420470 seconds
138.747: [GC [PSYoungGen: 49152K->6400K(49152K)] 118753K->76001K(160256K), 0.0018750 secs] [Times: user=0.01 sys=0.00, real=0.00 secs] 
138.749: Total time for which application threads were stopped: 0.0046140 seconds, Stopping threads took: 0.0026620 seconds
138.788: Application time: 0.0397090 seconds
138.790: [GC [PSYoungGen: 48896K->6640K(49152K)] 118497K->76849K(160256K), 0.0021900 secs] [Times: user=0.01 sys=0.00, real=0.00 secs] 
138.792: Total time for which application threads were stopped: 0.0035220 seconds, Stopping threads took: 0.0012460 seconds
138.832: Application time: 0.0400520 seconds
138.834: [GC [PSYoungGen: 49136K->6640K(49152K)] 119345K->77405K(160256K), 0.0022730 secs] [Times: user=0.01 sys=0.00, real=0.00 secs] 
138.837: Total time for which application threads were stopped: 0.0048950 seconds, Stopping threads took: 0.0025340 seconds
138.876: Application time: 0.0389210 seconds
138.877: [GC [PSYoungGen: 49136K->6656K(49152K)] 119901K->78785K(160256K), 0.0024880 secs] [Times: user=0.02 sys=0.00, real=0.01 secs] 
138.880: Total time for which application threads were stopped: 0.0043230 seconds, Stopping threads took: 0.0017510 seconds
138.921: Application time: 0.0405220 seconds
138.922: [GC [PSYoungGen: 49152K->6528K(49152K)] 121281K->78657K(160256K), 0.0020830 secs] [Times: user=0.02 sys=0.00, real=0.00 secs] 
138.924: Total time for which application threads were stopped: 0.0034550 seconds, Stopping threads took: 0.0012890 seconds
138.965: Application time: 0.0407890 seconds
138.967: [GC [PSYoungGen: 49024K->6496K(49152K)] 121153K->78625K(160256K), 0.0019220 secs] [Times: user=0.01 sys=0.00, real=0.00 secs] 
138.969: Total time for which application threads were stopped: 0.0038520 seconds, Stopping threads took: 0.0018470 seconds
139.011: Application time: 0.0421350 seconds
139.013: [GC [PSYoungGen: 48992K->6112K(49152K)] 121121K->78241K(160256K), 0.0018580 secs] [Times: user=0.01 sys=0.00, real=0.00 secs] 
139.014: Total time for which application threads were stopped: 0.0036850 seconds, Stopping threads took: 0.0017490 seconds
139.057: Application time: 0.0424720 seconds
139.058: [GC [PSYoungGen: 48608K->5920K(49152K)] 120737K->78049K(160256K), 0.0018210 secs] [Times: user=0.01 sys=0.00, real=0.01 secs] 
139.060: Total time for which application threads were stopped: 0.0033730 seconds, Stopping threads took: 0.0014680 seconds
139.103: Application time: 0.0426230 seconds
139.105: [GC [PSYoungGen: 48416K->6320K(49152K)] 120545K->78457K(160256K), 0.0019840 secs] [Times: user=0.01 sys=0.00, real=0.01 secs] 
139.107: Total time for which application threads were stopped: 0.0041960 seconds, Stopping threads took: 0.0021270 seconds
139.150: Application time: 0.0432080 seconds
139.154: [GC [PSYoungGen: 48816K->6640K(49152K)] 120953K->79378K(160256K), 0.0022250 secs] [Times: user=0.01 sys=0.00, real=0.00 secs] 
139.156: Total time for which application threads were stopped: 0.0057860 seconds, Stopping threads took: 0.0034740 seconds
139.197: Application time: 0.0406430 seconds
139.200: [GC [PSYoungGen: 49136K->6544K(49152K)] 121874K->79290K(160256K), 0.0020010 secs] [Times: user=0.01 sys=0.00, real=0.00 secs] 
139.202: Total time for which application threads were stopped: 0.0047930 seconds, Stopping threads took: 0.0027090 seconds
139.242: Application time: 0.0409160 seconds
139.244: [GC [PSYoungGen: 49040K->6640K(49152K)] 121786K->79458K(160256K), 0.0020810 secs] [Times: user=0.01 sys=0.00, real=0.00 secs] 
139.246: Total time for which application threads were stopped: 0.0033980 seconds, Stopping threads took: 0.0012310 seconds
139.287: Application time: 0.0406870 seconds
139.289: [GC [PSYoungGen: 49136K->6656K(49152K)] 121954K->79513K(160256K), 0.0020740 secs] [Times: user=0.01 sys=0.00, real=0.00 secs] 
139.291: Total time for which application threads were stopped: 0.0043310 seconds, Stopping threads took: 0.0021630 seconds
139.332: Application time: 0.0415030 seconds
139.334: [GC [PSYoungGen: 49152K->6640K(49152K)] 122009K->79498K(160256K), 0.0020440 secs] [Times: user=0.01 sys=0.00, real=0.00 secs] 
139.336: Total time for which application threads were stopped: 0.0033980 seconds, Stopping threads took: 0.0012670 seconds
139.378: Application time: 0.0425250 seconds
139.381: [GC [PSYoungGen: 49136K->5552K(49152K)] 121994K->78409K(160256K), 0.0016950 secs] [Times: user=0.01 sys=0.00, real=0.00 secs] 
139.383: Total time for which application threads were stopped: 0.0044140 seconds, Stopping threads took: 0.0026340 seconds
139.424: Application time: 0.0417070 seconds
139.427: [GC [PSYoungGen: 48048K->5984K(49152K)] 120905K->78842K(160256K), 0.0019310 secs] [Times: user=0.01 sys=0.00, real=0.00 secs] 
139.429: Total time for which application threads were stopped: 0.0040660 seconds, Stopping threads took: 0.0020430 seconds
139.468: Application time: 0.0396210 seconds
139.471: [GC [PSYoungGen: 48480K->6640K(49152K)] 121338K->80050K(160256K), 0.0021890 secs] [Times: user=0.01 sys=0.01, real=0.00 secs] 
139.473: Total time for which application threads were stopped: 0.0046950 seconds, Stopping threads took: 0.0024130 seconds
139.512: Application time: 0.0389300 seconds
139.514: [GC [PSYoungGen: 49136K->6656K(49152K)] 122546K->81442K(160256K), 0.0022390 secs] [Times: user=0.01 sys=0.00, real=0.00 secs] 
139.516: Total time for which application threads were stopped: 0.0045700 seconds, Stopping threads took: 0.0022560 seconds
139.557: Application time: 0.0403000 seconds
139.559: [GC [PSYoungGen: 49152K->6640K(49152K)] 123938K->82250K(160256K), 0.0022700 secs] [Times: user=0.02 sys=0.00, real=0.00 secs] 
139.562: Total time for which application threads were stopped: 0.0048640 seconds, Stopping threads took: 0.0025110 seconds
139.598: Application time: 0.0369440 seconds
139.601: [GC [PSYoungGen: 49136K->6400K(49152K)] 124746K->82010K(160256K), 0.0019460 secs] [Times: user=0.02 sys=0.00, real=0.00 secs] 
139.603: Total time for which application threads were stopped: 0.0045780 seconds, Stopping threads took: 0.0025410 seconds
139.643: Application time: 0.0395430 seconds
139.645: [GC [PSYoungGen: 48896K->5696K(49152K)] 124506K->81306K(160256K), 0.0017200 secs] [Times: user=0.02 sys=0.00, real=0.00 secs] 
139.646: Total time for which application threads were stopped: 0.0037240 seconds, Stopping threads took: 0.0019250 seconds
139.685: Application time: 0.0391490 seconds
139.686: [GC [PSYoungGen: 48192K->5120K(49152K)] 123802K->80746K(160256K), 0.0015810 secs] [Times: user=0.01 sys=0.00, real=0.01 secs] 
139.688: Total time for which application threads were stopped: 0.0024980 seconds, Stopping threads took: 0.0008400 seconds
139.727: Application time: 0.0386410 seconds
139.731: [GC [PSYoungGen: 47616K->5936K(49152K)] 123242K->81570K(160256K), 0.0018620 secs] [Times: user=0.01 sys=0.00, real=0.00 secs] 
139.733: Total time for which application threads were stopped: 0.0059700 seconds, Stopping threads took: 0.0040240 seconds
139.772: Application time: 0.0394840 seconds
139.774: [GC [PSYoungGen: 48432K->5808K(49152K)] 124066K->81442K(160256K), 0.0018240 secs] [Times: user=0.01 sys=0.00, real=0.00 secs] 
139.775: Total time for which application threads were stopped: 0.0034070 seconds, Stopping threads took: 0.0015030 seconds
139.814: Application time: 0.0387710 seconds
139.817: [GC [PSYoungGen: 48304K->5824K(49152K)] 123938K->81458K(160256K), 0.0017990 secs] [Times: user=0.01 sys=0.00, real=0.01 secs] 
139.819: Total time for which application threads were stopped: 0.0043420 seconds, Stopping threads took: 0.0024650 seconds
139.858: Application time: 0.0395440 seconds
139.861: [GC [PSYoungGen: 48320K->5744K(49152K)] 123954K->81386K(160256K), 0.0017090 secs] [Times: user=0.02 sys=0.00, real=0.00 secs] 
139.862: Total time for which application threads were stopped: 0.0041750 seconds, Stopping threads took: 0.0023850 seconds
139.901: Application time: 0.0391320 seconds
139.903: [GC [PSYoungGen: 48240K->6192K(49152K)] 123882K->81834K(160256K), 0.0019580 secs] [Times: user=0.01 sys=0.00, real=0.00 secs] 
139.905: Total time for which application threads were stopped: 0.0035000 seconds, Stopping threads took: 0.0014600 seconds
139.945: Application time: 0.0398840 seconds
139.946: [GC [PSYoungGen: 48688K->6656K(49152K)] 124330K->83106K(160256K), 0.0022880 secs] [Times: user=0.01 sys=0.00, real=0.01 secs] 
139.949: Total time for which application threads were stopped: 0.0039150 seconds, Stopping threads took: 0.0015420 seconds
139.987: Application time: 0.0378760 seconds
139.988: [GC [PSYoungGen: 49152K->6656K(49152K)] 125602K->83282K(160256K), 0.0021590 secs] [Times: user=0.01 sys=0.00, real=0.00 secs] 
139.990: Total time for which application threads were stopped: 0.0036600 seconds, Stopping threads took: 0.0014090 seconds
140.029: Application time: 0.0386430 seconds
140.030: [GC [PSYoungGen: 49152K->6640K(49152K)] 125778K->83338K(160256K), 0.0020810 secs] [Times: user=0.01 sys=0.00, real=0.00 secs] 
140.032: Total time for which application threads were stopped: 0.0034950 seconds, Stopping threads took: 0.0013280 seconds
140.070: Application time: 0.0371780 seconds
140.071: [GC [PSYoungGen: 49136K->6528K(49152K)] 125834K->83226K(160256K), 0.0019490 secs] [Times: user=0.02 sys=0.00, real=0.00 secs] 
140.073: Total time for which application threads were stopped: 0.0033750 seconds, Stopping threads took: 0.0013440 seconds
140.111: Application time: 0.0381820 seconds
140.113: [GC [PSYoungGen: 49024K->6256K(49152K)] 125722K->82954K(160256K), 0.0019460 secs] [Times: user=0.01 sys=0.00, real=0.00 secs] 
140.115: Total time for which application threads were stopped: 0.0037100 seconds, Stopping threads took: 0.0016840 seconds
140.156: Application time: 0.0406890 seconds
140.157: [GC [PSYoungGen: 48752K->6096K(49152K)] 125450K->82802K(160256K), 0.0018390 secs] [Times: user=0.01 sys=0.00, real=0.01 secs] 
140.159: Total time for which application threads were stopped: 0.0037370 seconds, Stopping threads took: 0.0018190 seconds
140.199: Application time: 0.0396810 seconds
140.200: [GC [PSYoungGen: 48592K->6544K(49152K)] 125298K->83266K(160256K), 0.0019620 secs] [Times: user=0.01 sys=0.00, real=0.00 secs] 
140.202: Total time for which application threads were stopped: 0.0034610 seconds, Stopping threads took: 0.0014190 seconds
140.243: Application time: 0.0402620 seconds
140.244: [GC [PSYoungGen: 49040K->6000K(49152K)] 125762K->82730K(160256K), 0.0019030 secs] [Times: user=0.01 sys=0.00, real=0.00 secs] 
140.246: Total time for which application threads were stopped: 0.0036790 seconds, Stopping threads took: 0.0016990 seconds
140.286: Application time: 0.0394350 seconds
140.287: [GC [PSYoungGen: 48496K->6272K(49152K)] 125226K->83026K(160256K), 0.0019390 secs] [Times: user=0.01 sys=0.00, real=0.00 secs] 
140.289: Total time for which application threads were stopped: 0.0032460 seconds, Stopping threads took: 0.0012260 seconds
140.331: Application time: 0.0420240 seconds
140.333: [GC [PSYoungGen: 48768K->4208K(49152K)] 125522K->80962K(160256K), 0.0013160 secs] [Times: user=0.01 sys=0.00, real=0.00 secs] 
140.334: Total time for which application threads were stopped: 0.0033710 seconds, Stopping threads took: 0.0019800 seconds
140.373: Application time: 0.0386980 seconds
140.375: [GC [PSYoungGen: 46704K->6608K(49152K)] 123458K->83362K(160256K), 0.0019550 secs] [Times: user=0.02 sys=0.00, real=0.00 secs] 
140.377: Total time for which application threads were stopped: 0.0042920 seconds, Stopping threads took: 0.0022570 seconds
140.416: Application time: 0.0389300 seconds
140.419: [GC [PSYoungGen: 49104K->6640K(49152K)] 125858K->83746K(160256K), 0.0021460 secs] [Times: user=0.01 sys=0.00, real=0.00 secs] 
140.421: Total time for which application threads were stopped: 0.0047230 seconds, Stopping threads took: 0.0025000 seconds
140.459: Application time: 0.0378650 seconds
140.461: [GC [PSYoungGen: 49136K->6656K(49152K)] 126242K->84138K(160256K), 0.0021280 secs] [Times: user=0.01 sys=0.00, real=0.00 secs] 
140.463: Total time for which application threads were stopped: 0.0043270 seconds, Stopping threads took: 0.0021040 seconds
140.502: Application time: 0.0387840 seconds
140.505: [GC [PSYoungGen: 49152K->6624K(49152K)] 126634K->84458K(160256K), 0.0020890 secs] [Times: user=0.01 sys=0.00, real=0.01 secs] 
140.507: Total time for which application threads were stopped: 0.0045300 seconds, Stopping threads took: 0.0023490 seconds
140.547: Application time: 0.0408080 seconds
140.550: [GC [PSYoungGen: 49120K->6000K(49152K)] 126954K->83834K(160256K), 0.0017720 secs] [Times: user=0.02 sys=0.00, real=0.00 secs] 
140.552: Total time for which application threads were stopped: 0.0041350 seconds, Stopping threads took: 0.0022900 seconds
140.592: Application time: 0.0402720 seconds
140.594: [GC [PSYoungGen: 48496K->6624K(49152K)] 126330K->84514K(160256K), 0.0020270 secs] [Times: user=0.01 sys=0.00, real=0.00 secs] 
140.596: Total time for which application threads were stopped: 0.0040020 seconds, Stopping threads took: 0.0018890 seconds
140.634: Application time: 0.0377400 seconds
140.636: [GC [PSYoungGen: 49120K->6560K(49152K)] 127010K->84450K(160256K), 0.0019880 secs] [Times: user=0.02 sys=0.00, real=0.00 secs] 
140.638: Total time for which application threads were stopped: 0.0043600 seconds, Stopping threads took: 0.0022920 seconds
140.676: Application time: 0.0384520 seconds
140.679: [GC [PSYoungGen: 49056K->6624K(49152K)] 126946K->85154K(160256K), 0.0022030 secs] [Times: user=0.01 sys=0.00, real=0.00 secs] 
140.681: Total time for which application threads were stopped: 0.0048230 seconds, Stopping threads took: 0.0025350 seconds
140.719: Application time: 0.0380590 seconds
140.721: [GC [PSYoungGen: 49120K->6640K(49152K)] 127650K->85530K(160256K), 0.0020300 secs] [Times: user=0.01 sys=0.00, real=0.00 secs] 
140.724: Total time for which application threads were stopped: 0.0041830 seconds, Stopping threads took: 0.0020770 seconds
140.764: Application time: 0.0401050 seconds
140.765: [GC [PSYoungGen: 49136K->5392K(49152K)] 128026K->84290K(160256K), 0.0016640 secs] [Times: user=0.01 sys=0.00, real=0.01 secs] 
140.767: Total time for which application threads were stopped: 0.0033070 seconds, Stopping threads took: 0.0015650 seconds
140.807: Application time: 0.0398880 seconds
140.808: [GC [PSYoungGen: 47888K->6240K(49152K)] 126786K->85146K(160256K), 0.0021150 secs] [Times: user=0.02 sys=0.00, real=0.00 secs] 
140.810: Total time for which application threads were stopped: 0.0032170 seconds, Stopping threads took: 0.0010120 seconds
140.849: Application time: 0.0389230 seconds
140.851: [GC [PSYoungGen: 48736K->6560K(49152K)] 127642K->85466K(160256K), 0.0020660 secs] [Times: user=0.01 sys=0.00, real=0.00 secs] 
140.853: Total time for which application threads were stopped: 0.0036990 seconds, Stopping threads took: 0.0015410 seconds
140.891: Application time: 0.0379800 seconds
140.892: [GC [PSYoungGen: 49056K->6656K(49152K)] 127962K->86298K(160256K), 0.0022120 secs] [Times: user=0.01 sys=0.00, real=0.00 secs] 
140.895: Total time for which application threads were stopped: 0.0040820 seconds, Stopping threads took: 0.0017850 seconds
140.934: Application time: 0.0391390 seconds
140.937: [GC [PSYoungGen: 49152K->6656K(49152K)] 128794K->86954K(160256K), 0.0020620 secs] [Times: user=0.01 sys=0.00, real=0.01 secs] 
140.939: Total time for which application threads were stopped: 0.0049160 seconds, Stopping threads took: 0.0027760 seconds
140.979: Application time: 0.0402380 seconds
140.982: [GC [PSYoungGen: 49152K->6368K(49152K)] 129450K->86666K(160256K), 0.0018540 secs] [Times: user=0.01 sys=0.00, real=0.00 secs] 
140.984: Total time for which application threads were stopped: 0.0047830 seconds, Stopping threads took: 0.0028550 seconds
141.024: Application time: 0.0400060 seconds
141.025: [GC [PSYoungGen: 48864K->6624K(49152K)] 129162K->87386K(160256K), 0.0020480 secs] [Times: user=0.01 sys=0.00, real=0.01 secs] 
141.027: Total time for which application threads were stopped: 0.0034360 seconds, Stopping threads took: 0.0012980 seconds
141.067: Application time: 0.0393050 seconds
141.069: [GC [PSYoungGen: 49120K->6656K(49152K)] 129882K->87522K(160256K), 0.0020230 secs] [Times: user=0.01 sys=0.00, real=0.00 secs] 
141.071: Total time for which application threads were stopped: 0.0042170 seconds, Stopping threads took: 0.0021080 seconds
141.110: Application time: 0.0387790 seconds
141.111: [GC [PSYoungGen: 49152K->6640K(49152K)] 130018K->88554K(160256K), 0.0023360 secs] [Times: user=0.02 sys=0.00, real=0.00 secs] 
141.114: Total time for which application threads were stopped: 0.0040310 seconds, Stopping threads took: 0.0015880 seconds
141.152: Application time: 0.0384450 seconds
141.154: [GC [PSYoungGen: 49136K->5024K(49152K)] 131050K->86938K(160256K), 0.0016030 secs] [Times: user=0.01 sys=0.00, real=0.00 secs] 
141.155: Total time for which application threads were stopped: 0.0031010 seconds, Stopping threads took: 0.0014230 seconds
141.194: Application time: 0.0389310 seconds
141.196: [GC [PSYoungGen: 47520K->6640K(49152K)] 129434K->88674K(160256K), 0.0022040 secs] [Times: user=0.02 sys=0.00, real=0.00 secs] 
141.198: Total time for which application threads were stopped: 0.0041860 seconds, Stopping threads took: 0.0018920 seconds
141.238: Application time: 0.0394550 seconds
141.240: [GC [PSYoungGen: 49135K->5776K(49152K)] 131170K->87818K(160256K), 0.0017960 secs] [Times: user=0.02 sys=0.00, real=0.00 secs] 
141.242: Total time for which application threads were stopped: 0.0040360 seconds, Stopping threads took: 0.0021610 seconds
141.282: Application time: 0.0404690 seconds
141.284: [GC [PSYoungGen: 48272K->5792K(49152K)] 130314K->87842K(160256K), 0.0018060 secs] [Times: user=0.01 sys=0.00, real=0.00 secs] 
141.286: Total time for which application threads were stopped: 0.0033940 seconds, Stopping threads took: 0.0015120 seconds
141.325: Application time: 0.0391660 seconds
141.327: [GC [PSYoungGen: 48288K->6640K(49152K)] 130338K->88698K(160256K), 0.0020550 secs] [Times: user=0.01 sys=0.00, real=0.00 secs] 
141.329: Total time for which application threads were stopped: 0.0043500 seconds, Stopping threads took: 0.0022170 seconds
141.366: Application time: 0.0370200 seconds
141.369: [GC [PSYoungGen: 49136K->6656K(49152K)] 131194K->89178K(160256K), 0.0023480 secs] [Times: user=0.00 sys=0.01, real=0.00 secs] 
141.371: Total time for which application threads were stopped: 0.0048260 seconds, Stopping threads took: 0.0023910 seconds
141.410: Application time: 0.0390950 seconds
141.412: [GC [PSYoungGen: 49152K->6112K(49152K)] 131674K->88634K(160256K), 0.0018870 secs] [Times: user=0.01 sys=0.00, real=0.00 secs] 
141.414: Total time for which application threads were stopped: 0.0041720 seconds, Stopping threads took: 0.0022030 seconds
141.454: Application time: 0.0396280 seconds
141.457: [GC [PSYoungGen: 48608K->6640K(49152K)] 131130K->89506K(160256K), 0.0021470 secs] [Times: user=0.01 sys=0.00, real=0.01 secs] 
141.459: Total time for which application threads were stopped: 0.0049940 seconds, Stopping threads took: 0.0027640 seconds
141.496: Application time: 0.0375950 seconds
141.498: [GC [PSYoungGen: 49136K->6656K(49152K)] 132002K->90094K(160256K), 0.0024170 secs] [Times: user=0.02 sys=0.00, real=0.01 secs] 
141.500: Total time for which application threads were stopped: 0.0034720 seconds, Stopping threads took: 0.0009740 seconds
141.536: Application time: 0.0363110 seconds
141.539: [GC [PSYoungGen: 49152K->6624K(49152K)] 132590K->91030K(160256K), 0.0024300 secs] [Times: user=0.01 sys=0.00, real=0.00 secs] 
141.541: Total time for which application threads were stopped: 0.0048720 seconds, Stopping threads took: 0.0023280 seconds
141.579: Application time: 0.0376940 seconds
141.580: [GC [PSYoungGen: 49120K->6496K(49152K)] 133526K->90902K(160256K), 0.0019930 secs] [Times: user=0.01 sys=0.00, real=0.00 secs] 
141.582: Total time for which application threads were stopped: 0.0033180 seconds, Stopping threads took: 0.0012450 seconds
141.620: Application time: 0.0381420 seconds
141.622: [GC [PSYoungGen: 48992K->6640K(49152K)] 133398K->91654K(160256K), 0.0023080 secs] [Times: user=0.01 sys=0.00, real=0.00 secs] 
141.624: Total time for which application threads were stopped: 0.0039380 seconds, Stopping threads took: 0.0015490 seconds
141.663: Application time: 0.0382810 seconds
141.665: [GC [PSYoungGen: 49136K->5984K(49152K)] 134150K->90998K(160256K), 0.0018650 secs] [Times: user=0.02 sys=0.00, real=0.00 secs] 
141.666: Total time for which application threads were stopped: 0.0039210 seconds, Stopping threads took: 0.0019740 seconds
141.706: Application time: 0.0393310 seconds
141.707: [GC [PSYoungGen: 48480K->5936K(49152K)] 133494K->90958K(160256K), 0.0018170 secs] [Times: user=0.01 sys=0.00, real=0.00 secs] 
141.709: Total time for which application threads were stopped: 0.0035220 seconds, Stopping threads took: 0.0016250 seconds
141.750: Application time: 0.0403640 seconds
141.751: [GC [PSYoungGen: 48432K->4992K(49152K)] 133454K->90022K(160256K), 0.0016020 secs] [Times: user=0.01 sys=0.00, real=0.00 secs] 
141.753: Total time for which application threads were stopped: 0.0031980 seconds, Stopping threads took: 0.0015190 seconds
141.790: Application time: 0.0367810 seconds
141.791: [GC [PSYoungGen: 47488K->6656K(49152K)] 132518K->92254K(160256K), 0.0021630 secs] [Times: user=0.02 sys=0.00, real=0.00 secs] 
141.793: Total time for which application threads were stopped: 0.0038040 seconds, Stopping threads took: 0.0015580 seconds
141.832: Application time: 0.0384880 seconds
141.834: [GC [PSYoungGen: 49152K->6656K(49152K)] 134750K->93198K(160256K), 0.0023500 secs] [Times: user=0.02 sys=0.00, real=0.00 secs] 
141.836: Total time for which application threads were stopped: 0.0039570 seconds, Stopping threads took: 0.0015180 seconds
141.874: Application time: 0.0383290 seconds
141.876: [GC [PSYoungGen: 49152K->6656K(49152K)] 135694K->93718K(160256K), 0.0022300 secs] [Times: user=0.01 sys=0.00, real=0.00 secs] 
141.878: Total time for which application threads were stopped: 0.0040770 seconds, Stopping threads took: 0.0017590 seconds
141.916: Application time: 0.0371710 seconds
141.918: [GC [PSYoungGen: 49152K->6656K(49152K)] 136214K->94022K(160256K), 0.0021170 secs] [Times: user=0.01 sys=0.00, real=0.01 secs] 
141.920: Total time for which application threads were stopped: 0.0043850 seconds, Stopping threads took: 0.0021850 seconds
141.958: Application time: 0.0385170 seconds
141.960: [GC [PSYoungGen: 49152K->6656K(49152K)] 136518K->94818K(160256K), 0.0024070 secs] [Times: user=0.01 sys=0.00, real=0.00 secs] 
141.962: Total time for which application threads were stopped: 0.0037760 seconds, Stopping threads took: 0.0012860 seconds
142.001: Application time: 0.0389660 seconds
142.003: [GC [PSYoungGen: 49152K->5888K(49152K)] 137314K->94050K(160256K), 0.0017980 secs] [Times: user=0.01 sys=0.00, real=0.00 secs] 
142.004: Total time for which application threads were stopped: 0.0032440 seconds, Stopping threads took: 0.0013610 seconds
142.042: Application time: 0.0379840 seconds
142.044: [GC [PSYoungGen: 48384K->5824K(49152K)] 136546K->93986K(160256K), 0.0017700 secs] [Times: user=0.02 sys=0.00, real=0.00 secs] 
142.046: Total time for which application threads were stopped: 0.0035370 seconds, Stopping threads took: 0.0016780 seconds
142.086: Application time: 0.0401830 seconds
142.088: [GC [PSYoungGen: 48320K->6656K(49152K)] 136482K->94826K(160256K), 0.0020500 secs] [Times: user=0.02 sys=0.00, real=0.00 secs] 
142.090: Total time for which application threads were stopped: 0.0036470 seconds, Stopping threads took: 0.0015160 seconds
142.130: Application time: 0.0397460 seconds
142.131: [GC [PSYoungGen: 49152K->5424K(49152K)] 137322K->93594K(160256K), 0.0017390 secs] [Times: user=0.02 sys=0.00, real=0.00 secs] 
142.132: Total time for which application threads were stopped: 0.0029250 seconds, Stopping threads took: 0.0011020 seconds
142.172: Application time: 0.0394360 seconds
142.175: [GC [PSYoungGen: 47920K->6352K(49152K)] 136090K->94522K(160256K), 0.0021560 secs] [Times: user=0.02 sys=0.00, real=0.00 secs] 
142.177: Total time for which application threads were stopped: 0.0051670 seconds, Stopping threads took: 0.0029280 seconds
142.217: Application time: 0.0398600 seconds
142.219: [GC [PSYoungGen: 48848K->5984K(49152K)] 137018K->94154K(160256K), 0.0020330 secs] [Times: user=0.02 sys=0.00, real=0.00 secs] 
142.221: Total time for which application threads were stopped: 0.0039670 seconds, Stopping threads took: 0.0018600 seconds
142.261: Application time: 0.0398100 seconds
142.262: [GC [PSYoungGen: 48480K->6352K(49152K)] 136650K->94530K(160256K), 0.0019020 secs] [Times: user=0.01 sys=0.00, real=0.00 secs] 
142.264: Total time for which application threads were stopped: 0.0029240 seconds, Stopping threads took: 0.0009390 seconds
142.303: Application time: 0.0398260 seconds
142.306: [GC [PSYoungGen: 48848K->6272K(49152K)] 137026K->94458K(160256K), 0.0018520 secs] [Times: user=0.01 sys=0.00, real=0.01 secs] 
142.308: Total time for which application threads were stopped: 0.0044240 seconds, Stopping threads took: 0.0024880 seconds
142.347: Application time: 0.0388830 seconds
142.349: [GC [PSYoungGen: 48768K->6048K(49152K)] 136954K->94242K(160256K), 0.0018470 secs] [Times: user=0.01 sys=0.00, real=0.00 secs] 
142.351: Total time for which application threads were stopped: 0.0043460 seconds, Stopping threads took: 0.0024200 seconds
142.391: Application time: 0.0398300 seconds
142.393: [GC [PSYoungGen: 48544K->6560K(49152K)] 136738K->94762K(160256K), 0.0020140 secs] [Times: user=0.02 sys=0.00, real=0.00 secs] 
142.395: Total time for which application threads were stopped: 0.0041240 seconds, Stopping threads took: 0.0020300 seconds
142.434: Application time: 0.0385680 seconds
142.435: [GC [PSYoungGen: 49056K->6656K(49152K)] 137258K->95506K(160256K), 0.0022730 secs] [Times: user=0.02 sys=0.00, real=0.00 secs] 
142.438: Total time for which application threads were stopped: 0.0038600 seconds, Stopping threads took: 0.0015070 seconds
142.476: Application time: 0.0382000 seconds
142.478: [GC [PSYoungGen: 49151K->6640K(49152K)] 138002K->96442K(160256K), 0.0023360 secs] [Times: user=0.02 sys=0.00, real=0.01 secs] 
142.480: Total time for which application threads were stopped: 0.0046860 seconds, Stopping threads took: 0.0022630 seconds
142.519: Application time: 0.0386200 seconds
142.521: [GC [PSYoungGen: 49136K->6656K(49152K)] 138938K->96474K(160256K), 0.0021120 secs] [Times: user=0.01 sys=0.00, real=0.00 secs] 
142.523: Total time for which application threads were stopped: 0.0041000 seconds, Stopping threads took: 0.0019020 seconds
142.563: Application time: 0.0399730 seconds
142.564: [GC [PSYoungGen: 49152K->6464K(49152K)] 138970K->96282K(160256K), 0.0020210 secs] [Times: user=0.01 sys=0.00, real=0.00 secs] 
142.566: Total time for which application threads were stopped: 0.0034020 seconds, Stopping threads took: 0.0012920 seconds
142.604: Application time: 0.0379230 seconds
142.607: [GC [PSYoungGen: 48960K->6624K(49152K)] 138778K->97058K(160256K), 0.0023040 secs] [Times: user=0.02 sys=0.00, real=0.00 secs] 
142.610: Total time for which application threads were stopped: 0.0050920 seconds, Stopping threads took: 0.0027040 seconds
142.647: Application time: 0.0370320 seconds
142.649: [GC [PSYoungGen: 49120K->6592K(49152K)] 139554K->97026K(160256K), 0.0019950 secs] [Times: user=0.02 sys=0.00, real=0.00 secs] 
142.651: Total time for which application threads were stopped: 0.0045590 seconds, Stopping threads took: 0.0024820 seconds
142.690: Application time: 0.0387120 seconds
142.691: [GC [PSYoungGen: 49088K->5904K(49152K)] 139522K->96338K(160256K), 0.0019980 secs] [Times: user=0.01 sys=0.00, real=0.00 secs] 
142.693: Total time for which application threads were stopped: 0.0032060 seconds, Stopping threads took: 0.0011330 seconds
142.735: Application time: 0.0416870 seconds
142.737: [GC [PSYoungGen: 48400K->5920K(49152K)] 138834K->96354K(160256K), 0.0017480 secs] [Times: user=0.01 sys=0.00, real=0.01 secs] 
142.739: Total time for which application threads were stopped: 0.0040960 seconds, Stopping threads took: 0.0022750 seconds
142.777: Application time: 0.0377740 seconds
142.779: [GC [PSYoungGen: 48416K->6656K(49152K)] 138850K->97498K(160256K), 0.0022060 secs] [Times: user=0.01 sys=0.00, real=0.00 secs] 
142.781: Total time for which application threads were stopped: 0.0043390 seconds, Stopping threads took: 0.0020510 seconds
142.821: Application time: 0.0399310 seconds
142.822: [GC [PSYoungGen: 49152K->5520K(49152K)] 139994K->96362K(160256K), 0.0017080 secs] [Times: user=0.01 sys=0.00, real=0.00 secs] 
142.824: Total time for which application threads were stopped: 0.0033150 seconds, Stopping threads took: 0.0015290 seconds
142.865: Application time: 0.0407290 seconds
142.866: [GC [PSYoungGen: 48016K->6640K(49152K)] 138858K->98155K(160256K), 0.0022170 secs] [Times: user=0.01 sys=0.00, real=0.01 secs] 
142.869: Total time for which application threads were stopped: 0.0037330 seconds, Stopping threads took: 0.0014260 seconds
142.908: Application time: 0.0394180 seconds
142.910: [GC [PSYoungGen: 49136K->5760K(49152K)] 140651K->97290K(160256K), 0.0017930 secs] [Times: user=0.02 sys=0.00, real=0.00 secs] 
142.912: Total time for which application threads were stopped: 0.0037930 seconds, Stopping threads took: 0.0019220 seconds
142.951: Application time: 0.0388540 seconds
142.952: [GC [PSYoungGen: 48256K->6656K(49152K)] 139786K->98402K(160256K), 0.0021400 secs] [Times: user=0.01 sys=0.00, real=0.00 secs] 
142.955: Total time for which application threads were stopped: 0.0038630 seconds, Stopping threads took: 0.0016380 seconds
142.994: Application time: 0.0395020 seconds
142.996: [GC [PSYoungGen: 49152K->5344K(49152K)] 140898K->97099K(160256K), 0.0017680 secs] [Times: user=0.01 sys=0.00, real=0.00 secs] 
142.998: Total time for which application threads were stopped: 0.0034600 seconds, Stopping threads took: 0.0015920 seconds
143.034: Application time: 0.0366760 seconds
143.036: [GC [PSYoungGen: 47840K->6656K(49152K)] 139595K->98442K(160256K), 0.0019990 secs] [Times: user=0.01 sys=0.00, real=0.00 secs] 
143.038: Total time for which application threads were stopped: 0.0037100 seconds, Stopping threads took: 0.0016300 seconds
143.078: Application time: 0.0397800 seconds
143.080: [GC [PSYoungGen: 49152K->6640K(49152K)] 140938K->98523K(160256K), 0.0021090 secs] [Times: user=0.02 sys=0.00, real=0.00 secs] 
143.082: Total time for which application threads were stopped: 0.0047640 seconds, Stopping threads took: 0.0025650 seconds
143.121: Application time: 0.0385500 seconds
143.124: [GC [PSYoungGen: 49136K->6640K(49152K)] 141019K->98619K(160256K), 0.0021100 secs] [Times: user=0.01 sys=0.00, real=0.00 secs] 
143.126: Total time for which application threads were stopped: 0.0049200 seconds, Stopping threads took: 0.0027240 seconds
143.165: Application time: 0.0385360 seconds
143.167: [GC [PSYoungGen: 49136K->6640K(49152K)] 141115K->99507K(160256K), 0.0023120 secs] [Times: user=0.01 sys=0.00, real=0.00 secs] 
143.170: Total time for which application threads were stopped: 0.0051350 seconds, Stopping threads took: 0.0027400 seconds
143.207: Application time: 0.0376590 seconds
143.210: [GC [PSYoungGen: 49136K->6656K(49152K)] 142003K->100259K(160256K), 0.0022330 secs] [Times: user=0.01 sys=0.00, real=0.00 secs] 
143.213: Total time for which application threads were stopped: 0.0052800 seconds, Stopping threads took: 0.0029640 seconds
143.250: Application time: 0.0377840 seconds
143.253: [GC [PSYoungGen: 49152K->6208K(49152K)] 142755K->99811K(160256K), 0.0019370 secs] [Times: user=0.02 sys=0.00, real=0.00 secs] 
143.255: Total time for which application threads were stopped: 0.0042120 seconds, Stopping threads took: 0.0021940 seconds
143.294: Application time: 0.0396230 seconds
143.296: [GC [PSYoungGen: 48704K->6624K(49152K)] 142307K->100931K(160256K), 0.0022980 secs] [Times: user=0.02 sys=0.00, real=0.00 secs] 
143.298: Total time for which application threads were stopped: 0.0039650 seconds, Stopping threads took: 0.0015800 seconds
143.337: Application time: 0.0384510 seconds
143.339: [GC [PSYoungGen: 49120K->6144K(49152K)] 143427K->100459K(160256K), 0.0019000 secs] [Times: user=0.01 sys=0.00, real=0.00 secs] 
143.341: Total time for which application threads were stopped: 0.0039230 seconds, Stopping threads took: 0.0019360 seconds
143.380: Application time: 0.0398220 seconds
143.382: [GC [PSYoungGen: 48640K->4592K(49152K)] 142955K->98923K(160256K), 0.0014740 secs] [Times: user=0.00 sys=0.00, real=0.00 secs] 
143.383: Total time for which application threads were stopped: 0.0030200 seconds, Stopping threads took: 0.0014680 seconds
143.423: Application time: 0.0399120 seconds
143.424: [GC [PSYoungGen: 47088K->6592K(49152K)] 141419K->100931K(160256K), 0.0020200 secs] [Times: user=0.01 sys=0.00, real=0.00 secs] 
143.426: Total time for which application threads were stopped: 0.0028450 seconds, Stopping threads took: 0.0007270 seconds
143.466: Application time: 0.0395530 seconds
143.467: [GC [PSYoungGen: 49088K->6432K(49152K)] 143427K->100779K(160256K), 0.0019880 secs] [Times: user=0.01 sys=0.00, real=0.00 secs] 
143.469: Total time for which application threads were stopped: 0.0030000 seconds, Stopping threads took: 0.0009380 seconds
143.508: Application time: 0.0392350 seconds
143.511: [GC [PSYoungGen: 48928K->6624K(49152K)] 143275K->100995K(160256K), 0.0021430 secs] [Times: user=0.02 sys=0.00, real=0.00 secs] 
143.513: Total time for which application threads were stopped: 0.0051630 seconds, Stopping threads took: 0.0029360 seconds
143.554: Application time: 0.0408620 seconds
143.556: [GC [PSYoungGen: 49120K->6592K(49152K)] 143491K->100963K(160256K), 0.0020320 secs] [Times: user=0.01 sys=0.00, real=0.00 secs] 
143.558: Total time for which application threads were stopped: 0.0044600 seconds, Stopping threads took: 0.0023430 seconds
143.600: Application time: 0.0414070 seconds
143.602: [GC [PSYoungGen: 49088K->6000K(49152K)] 143459K->100371K(160256K), 0.0019750 secs] [Times: user=0.02 sys=0.00, real=0.00 secs] 
143.604: Total time for which application threads were stopped: 0.0038120 seconds, Stopping threads took: 0.0017470 seconds
143.644: Application time: 0.0401270 seconds
143.646: [GC [PSYoungGen: 48496K->6656K(49152K)] 142867K->102155K(160256K), 0.0023820 secs] [Times: user=0.02 sys=0.00, real=0.01 secs] 
143.648: Total time for which application threads were stopped: 0.0044630 seconds, Stopping threads took: 0.0019930 seconds
143.689: Application time: 0.0412100 seconds
143.693: [GC [PSYoungGen: 49152K->6560K(49152K)] 144651K->102059K(160256K), 0.0021840 secs] [Times: user=0.02 sys=0.00, real=0.00 secs] 
143.695: Total time for which application threads were stopped: 0.0053580 seconds, Stopping threads took: 0.0030850 seconds
143.735: Application time: 0.0404350 seconds
143.738: [GC [PSYoungGen: 49056K->6624K(49152K)] 144555K->103051K(160256K), 0.0023720 secs] [Times: user=0.02 sys=0.00, real=0.01 secs] 
143.740: Total time for which application threads were stopped: 0.0046510 seconds, Stopping threads took: 0.0021900 seconds
143.779: Application time: 0.0394050 seconds
143.782: [GC [PSYoungGen: 49120K->6432K(49152K)] 145547K->102859K(160256K), 0.0019830 secs] [Times: user=0.01 sys=0.00, real=0.00 secs] 
143.784: Total time for which application threads were stopped: 0.0045540 seconds, Stopping threads took: 0.0024880 seconds
143.824: Application time: 0.0401550 seconds
143.826: [GC [PSYoungGen: 48928K->6240K(49152K)] 145355K->102683K(160256K), 0.0019810 secs] [Times: user=0.01 sys=0.00, real=0.01 secs] 
143.828: Total time for which application threads were stopped: 0.0041290 seconds, Stopping threads took: 0.0020630 seconds
143.871: Application time: 0.0424000 seconds
143.872: [GC [PSYoungGen: 48736K->5376K(49152K)] 145179K->101819K(160256K), 0.0016900 secs] [Times: user=0.01 sys=0.00, real=0.00 secs] 
143.874: Total time for which application threads were stopped: 0.0034600 seconds, Stopping threads took: 0.0016890 seconds
143.917: Application time: 0.0427430 seconds
143.918: [GC [PSYoungGen: 47872K->6224K(49152K)] 144315K->102675K(160256K), 0.0019450 secs] [Times: user=0.01 sys=0.00, real=0.01 secs] 
143.920: Total time for which application threads were stopped: 0.0034280 seconds, Stopping threads took: 0.0014040 seconds
143.962: Application time: 0.0416990 seconds
143.963: [GC [PSYoungGen: 48720K->5488K(49152K)] 145171K->101955K(160256K), 0.0017380 secs] [Times: user=0.01 sys=0.00, real=0.00 secs] 
143.965: Total time for which application threads were stopped: 0.0030830 seconds, Stopping threads took: 0.0012670 seconds
144.007: Application time: 0.0418350 seconds
144.010: [GC [PSYoungGen: 47984K->6640K(49152K)] 144451K->103787K(160256K), 0.0022640 secs] [Times: user=0.01 sys=0.00, real=0.00 secs] 
144.012: Total time for which application threads were stopped: 0.0050260 seconds, Stopping threads took: 0.0026710 seconds
144.053: Application time: 0.0411730 seconds
144.056: [GC [PSYoungGen: 49136K->6656K(49152K)] 146283K->104331K(160256K), 0.0022280 secs] [Times: user=0.02 sys=0.00, real=0.00 secs] 
144.058: Total time for which application threads were stopped: 0.0047560 seconds, Stopping threads took: 0.0024410 seconds
144.098: Application time: 0.0406030 seconds
144.100: [GC [PSYoungGen: 49152K->6656K(49152K)] 146827K->104651K(160256K), 0.0021370 secs] [Times: user=0.02 sys=0.00, real=0.00 secs] 
144.102: Total time for which application threads were stopped: 0.0034210 seconds, Stopping threads took: 0.0012050 seconds
144.144: Application time: 0.0426660 seconds
144.147: [GC [PSYoungGen: 49152K->6656K(49152K)] 147147K->105627K(160256K), 0.0023480 secs] [Times: user=0.01 sys=0.00, real=0.00 secs] 
144.149: Total time for which application threads were stopped: 0.0046320 seconds, Stopping threads took: 0.0021920 seconds
144.189: Application time: 0.0398180 seconds
144.191: [GC [PSYoungGen: 49152K->6656K(49152K)] 148123K->106347K(160256K), 0.0022670 secs] [Times: user=0.01 sys=0.00, real=0.00 secs] 
144.193: Total time for which application threads were stopped: 0.0043810 seconds, Stopping threads took: 0.0020270 seconds
144.235: Application time: 0.0418830 seconds
144.238: [GC [PSYoungGen: 49152K->6656K(49152K)] 148843K->106395K(160256K), 0.0020750 secs] [Times: user=0.01 sys=0.00, real=0.01 secs] 
144.240: Total time for which application threads were stopped: 0.0047850 seconds, Stopping threads took: 0.0026260 seconds
144.283: Application time: 0.0425450 seconds
144.284: [GC [PSYoungGen: 49152K->6592K(49152K)] 148891K->106331K(160256K), 0.0021400 secs] [Times: user=0.01 sys=0.00, real=0.00 secs] 
144.286: Total time for which application threads were stopped: 0.0038400 seconds, Stopping threads took: 0.0016200 seconds
144.328: Application time: 0.0414190 seconds
144.330: [GC [PSYoungGen: 49088K->6368K(49152K)] 148827K->106107K(160256K), 0.0019480 secs] [Times: user=0.02 sys=0.00, real=0.00 secs] 
144.332: Total time for which application threads were stopped: 0.0044610 seconds, Stopping threads took: 0.0024260 seconds
144.374: Application time: 0.0414260 seconds
144.376: [GC [PSYoungGen: 48864K->6160K(49152K)] 148603K->105907K(160256K), 0.0019360 secs] [Times: user=0.01 sys=0.00, real=0.00 secs] 
144.378: Total time for which application threads were stopped: 0.0046560 seconds, Stopping threads took: 0.0026420 seconds
144.420: Application time: 0.0419970 seconds
144.422: [GC [PSYoungGen: 48656K->5440K(49152K)] 148403K->105203K(160256K), 0.0017690 secs] [Times: user=0.02 sys=0.00, real=0.00 secs] 
144.424: Total time for which application threads were stopped: 0.0036310 seconds, Stopping threads took: 0.0017820 seconds
144.464: Application time: 0.0395480 seconds
144.465: [GC [PSYoungGen: 47936K->6656K(49152K)] 147699K->107075K(160256K), 0.0022680 secs] [Times: user=0.01 sys=0.00, real=0.01 secs] 
144.467: Total time for which application threads were stopped: 0.0033060 seconds, Stopping threads took: 0.0009470 seconds
144.507: Application time: 0.0400480 seconds
144.510: [GC [PSYoungGen: 49152K->6624K(49152K)] 149571K->107619K(160256K), 0.0023690 secs] [Times: user=0.02 sys=0.00, real=0.00 secs] 
144.512: Total time for which application threads were stopped: 0.0051830 seconds, Stopping threads took: 0.0027290 seconds
144.553: Application time: 0.0412880 seconds
144.555: [GC [PSYoungGen: 49120K->6640K(49152K)] 150115K->107667K(160256K), 0.0021490 secs] [Times: user=0.01 sys=0.00, real=0.00 secs] 
144.558: Total time for which application threads were stopped: 0.0042380 seconds, Stopping threads took: 0.0019930 seconds
144.598: Application time: 0.0405780 seconds
144.601: [GC [PSYoungGen: 49136K->6512K(49152K)] 150163K->107539K(160256K), 0.0020220 secs] [Times: user=0.01 sys=0.00, real=0.00 secs] 
144.603: Total time for which application threads were stopped: 0.0048940 seconds, Stopping threads took: 0.0027890 seconds
144.644: Application time: 0.0408230 seconds
144.646: [GC [PSYoungGen: 49008K->6656K(49152K)] 150035K->108411K(160256K), 0.0023090 secs] [Times: user=0.02 sys=0.00, real=0.01 secs] 
144.648: Total time for which application threads were stopped: 0.0041540 seconds, Stopping threads took: 0.0017560 seconds
144.688: Application time: 0.0403150 seconds
144.690: [GC [PSYoungGen: 49152K->6656K(49152K)] 150907K->109523K(160256K), 0.0025730 secs] [Times: user=0.02 sys=0.00, real=0.00 secs] 
144.693: Total time for which application threads were stopped: 0.0043100 seconds, Stopping threads took: 0.0016320 seconds
144.733: Application time: 0.0402030 seconds
144.736: [GC [PSYoungGen: 49152K->6640K(49152K)] 152019K->109523K(160256K), 0.0021560 secs] [Times: user=0.01 sys=0.01, real=0.00 secs] 
144.738: Total time for which application threads were stopped: 0.0048800 seconds, Stopping threads took: 0.0026180 seconds
144.780: Application time: 0.0420120 seconds
144.781: [GC [PSYoungGen: 49136K->6432K(49152K)] 152019K->109315K(160256K), 0.0020310 secs] [Times: user=0.01 sys=0.00, real=0.00 secs] 
144.783: Total time for which application threads were stopped: 0.0035880 seconds, Stopping threads took: 0.0014480 seconds
144.827: Application time: 0.0434600 seconds
144.829: [GC [PSYoungGen: 48928K->6304K(49152K)] 151811K->109187K(160256K), 0.0019770 secs] [Times: user=0.02 sys=0.00, real=0.00 secs] 
144.831: Total time for which application threads were stopped: 0.0039150 seconds, Stopping threads took: 0.0018490 seconds
144.872: Application time: 0.0416040 seconds
144.874: [GC [PSYoungGen: 48800K->5984K(49152K)] 151683K->108867K(160256K), 0.0018780 secs] [Times: user=0.02 sys=0.00, real=0.00 secs] 
144.876: Total time for which application threads were stopped: 0.0032020 seconds, Stopping threads took: 0.0012410 seconds
144.918: Application time: 0.0420410 seconds
144.920: [GC [PSYoungGen: 48480K->6464K(49152K)] 151363K->109355K(160256K), 0.0020970 secs] [Times: user=0.01 sys=0.00, real=0.00 secs] 
144.922: Total time for which application threads were stopped: 0.0044070 seconds, Stopping threads took: 0.0022270 seconds
144.964: Application time: 0.0419550 seconds
144.967: [GC [PSYoungGen: 48960K->6352K(49152K)] 151851K->109251K(160256K), 0.0020150 secs] [Times: user=0.02 sys=0.00, real=0.00 secs] 
144.969: Total time for which application threads were stopped: 0.0050550 seconds, Stopping threads took: 0.0029590 seconds
145.009: Application time: 0.0404170 seconds
145.012: [GC [PSYoungGen: 48848K->6624K(49152K)] 151747K->110419K(160256K), 0.0022680 secs] [Times: user=0.02 sys=0.00, real=0.00 secs] 
145.014: Total time for which application threads were stopped: 0.0046310 seconds, Stopping threads took: 0.0022770 seconds
145.054: Application time: 0.0402790 seconds
145.055: [GC [PSYoungGen: 49120K->6656K(49152K)] 152915K->111075K(160256K), 0.0023010 secs] [Times: user=0.02 sys=0.00, real=0.00 secs] 
145.058: Total time for which application threads were stopped: 0.0033940 seconds, Stopping threads took: 0.0010080 seconds
145.098: Application time: 0.0403390 seconds
145.100: [GC [PSYoungGen: 49150K->6256K(49152K)] 153569K->110691K(160256K), 0.0019580 secs] [Times: user=0.02 sys=0.00, real=0.00 secs] 
145.102: Total time for which application threads were stopped: 0.0042070 seconds, Stopping threads took: 0.0021620 seconds
145.143: Application time: 0.0409610 seconds
145.146: [GC [PSYoungGen: 48752K->6656K(49152K)] 153187K->111435K(160256K), 0.0022020 secs] [Times: user=0.02 sys=0.00, real=0.01 secs] 
145.149: Total time for which application threads were stopped: 0.0054120 seconds, Stopping threads took: 0.0031180 seconds
145.190: Application time: 0.0412210 seconds
145.192: [GC [PSYoungGen: 49152K->6640K(49152K)] 153931K->111667K(160256K), 0.0021080 secs] [Times: user=0.01 sys=0.01, real=0.00 secs] 
145.194: Total time for which application threads were stopped: 0.0043230 seconds, Stopping threads took: 0.0021140 seconds
145.234: Application time: 0.0399820 seconds
145.237: [GC [PSYoungGen: 49136K->6656K(49152K)] 154163K->112771K(160256K), 0.0023560 secs] [Times: user=0.02 sys=0.00, real=0.01 secs] 
145.239: Total time for which application threads were stopped: 0.0048750 seconds, Stopping threads took: 0.0024310 seconds
145.280: Application time: 0.0404740 seconds
145.281: [GC [PSYoungGen: 49152K->6624K(49152K)] 155267K->113531K(160256K), 0.0024000 secs] [Times: user=0.01 sys=0.00, real=0.00 secs] 
145.284: Total time for which application threads were stopped: 0.0041330 seconds, Stopping threads took: 0.0016480 seconds
145.325: Application time: 0.0415640 seconds
145.328: [GC [PSYoungGen: 49120K->6640K(49152K)] 156027K->114247K(160256K), 0.0023880 secs] [Times: user=0.01 sys=0.00, real=0.00 secs] 
145.330: Total time for which application threads were stopped: 0.0046560 seconds, Stopping threads took: 0.0021640 seconds
145.371: Application time: 0.0414110 seconds
145.373: [GC [PSYoungGen: 49136K->5376K(49152K)] 156743K->112983K(160256K), 0.0017170 secs] [Times: user=0.01 sys=0.00, real=0.00 secs] 
145.374: Total time for which application threads were stopped: 0.0029200 seconds, Stopping threads took: 0.0011230 seconds
145.417: Application time: 0.0425190 seconds
145.419: [GC [PSYoungGen: 47872K->6272K(49152K)] 155479K->113879K(160256K), 0.0019120 secs] [Times: user=0.01 sys=0.00, real=0.00 secs] 
145.421: Total time for which application threads were stopped: 0.0044870 seconds, Stopping threads took: 0.0024920 seconds
145.462: Application time: 0.0408160 seconds
145.465: [GC [PSYoungGen: 48768K->6640K(49152K)] 156375K->115655K(160256K), 0.0025380 secs] [Times: user=0.02 sys=0.00, real=0.01 secs] 
145.467: Total time for which application threads were stopped: 0.0050570 seconds, Stopping threads took: 0.0024320 seconds
145.509: Application time: 0.0415930 seconds
145.512: [GC [PSYoungGen: 49136K->6640K(49152K)] 158151K->115887K(160256K), 0.0020780 secs] [Times: user=0.02 sys=0.00, real=0.00 secs] 
145.514: Total time for which application threads were stopped: 0.0053040 seconds, Stopping threads took: 0.0031480 seconds
145.556: Application time: 0.0414290 seconds
145.558: [GC [PSYoungGen: 49136K->6400K(49152K)] 158383K->115647K(160256K), 0.0019650 secs] [Times: user=0.01 sys=0.00, real=0.01 secs] 
145.560: Total time for which application threads were stopped: 0.0041940 seconds, Stopping threads took: 0.0021500 seconds
145.603: Application time: 0.0434780 seconds
145.604: [GC [PSYoungGen: 48896K->4720K(49152K)] 158143K->113967K(160256K), 0.0016220 secs] [Times: user=0.00 sys=0.00, real=0.00 secs] 
145.606: Total time for which application threads were stopped: 0.0023190 seconds, Stopping threads took: 0.0006200 seconds
145.650: Application time: 0.0445400 seconds
145.652: [GC [PSYoungGen: 47215K->4944K(49152K)] 156463K->114199K(160256K), 0.0016330 secs] [Times: user=0.01 sys=0.00, real=0.00 secs] 
145.654: Total time for which application threads were stopped: 0.0037110 seconds, Stopping threads took: 0.0020070 seconds
145.697: Application time: 0.0433450 seconds
145.699: [GC [PSYoungGen: 47440K->6480K(49152K)] 156695K->115743K(160256K), 0.0021180 secs] [Times: user=0.00 sys=0.00, real=0.00 secs] 
145.701: Total time for which application threads were stopped: 0.0039570 seconds, Stopping threads took: 0.0017450 seconds
145.744: Application time: 0.0427410 seconds
145.746: [GC [PSYoungGen: 48976K->4880K(49152K)] 158239K->114143K(160256K), 0.0016600 secs] [Times: user=0.01 sys=0.00, real=0.01 secs] 
145.748: Total time for which application threads were stopped: 0.0040400 seconds, Stopping threads took: 0.0023010 seconds
145.790: Application time: 0.0417230 seconds
145.792: [GC [PSYoungGen: 47376K->6352K(49152K)] 156639K->115623K(160256K), 0.0020670 secs] [Times: user=0.02 sys=0.00, real=0.00 secs] 
145.794: Total time for which application threads were stopped: 0.0048290 seconds, Stopping threads took: 0.0026760 seconds
145.836: Application time: 0.0415180 seconds
145.838: [GC [PSYoungGen: 48848K->6640K(49152K)] 158119K->116399K(160256K), 0.0023020 secs] [Times: user=0.02 sys=0.00, real=0.01 secs] 
145.840: Total time for which application threads were stopped: 0.0043490 seconds, Stopping threads took: 0.0019620 seconds
145.880: Application time: 0.0400570 seconds
145.883: [GC [PSYoungGen: 49136K->6656K(49152K)] 158895K->116735K(160256K), 0.0021640 secs] [Times: user=0.01 sys=0.00, real=0.00 secs] 
145.885: [Full GC [PSYoungGen: 6656K->0K(49152K)] [ParOldGen: 110079K->10012K(111104K)] 116735K->10012K(160256K) [PSPermGen: 5183K->5183K(21504K)], 0.0072140 secs] [Times: user=0.04 sys=0.00, real=0.01 secs] 
145.893: Total time for which application threads were stopped: 0.0124140 seconds, Stopping threads took: 0.0028980 seconds
145.933: Application time: 0.0402150 seconds
145.935: [GC [PSYoungGen: 42496K->6656K(49152K)] 52508K->18428K(160256K), 0.0024950 secs] [Times: user=0.02 sys=0.00, real=0.00 secs] 
145.938: Total time for which application threads were stopped: 0.0048690 seconds, Stopping threads took: 0.0022840 seconds
145.980: Application time: 0.0417910 seconds
145.981: [GC [PSYoungGen: 49152K->6592K(49152K)] 60924K->18364K(160256K), 0.0020050 secs] [Times: user=0.02 sys=0.00, real=0.00 secs] 
145.983: Total time for which application threads were stopped: 0.0034610 seconds, Stopping threads took: 0.0013730 seconds
146.025: Application time: 0.0421010 seconds
146.027: [GC [PSYoungGen: 49088K->5472K(49152K)] 60860K->17244K(160256K), 0.0016660 secs] [Times: user=0.02 sys=0.00, real=0.00 secs] 
146.028: Total time for which application threads were stopped: 0.0031350 seconds, Stopping threads took: 0.0013920 seconds
146.070: Application time: 0.0419600 seconds
146.072: [GC [PSYoungGen: 47968K->6656K(49152K)] 59740K->18628K(160256K), 0.0022460 secs] [Times: user=0.02 sys=0.00, real=0.00 secs] 
146.074: Total time for which application threads were stopped: 0.0035740 seconds, Stopping threads took: 0.0012390 seconds
146.115: Application time: 0.0415020 seconds
146.118: [GC [PSYoungGen: 49152K->6624K(49152K)] 61124K->18724K(160256K), 0.0020960 secs] [Times: user=0.01 sys=0.00, real=0.01 secs] 
146.120: Total time for which application threads were stopped: 0.0048330 seconds, Stopping threads took: 0.0026510 seconds
146.160: Application time: 0.0395680 seconds
146.163: [GC [PSYoungGen: 49120K->6656K(49152K)] 61220K->20140K(160256K), 0.0024010 secs] [Times: user=0.02 sys=0.00, real=0.00 secs] 
146.165: Total time for which application threads were stopped: 0.0053290 seconds, Stopping threads took: 0.0028390 seconds
146.207: Application time: 0.0420640 seconds
146.209: [GC [PSYoungGen: 49152K->6656K(49152K)] 62636K->21356K(160256K), 0.0023840 secs] [Times: user=0.01 sys=0.00, real=0.00 secs] 
146.212: Total time for which application threads were stopped: 0.0045290 seconds, Stopping threads took: 0.0020520 seconds
146.252: Application time: 0.0400820 seconds
146.254: [GC [PSYoungGen: 49152K->6640K(49152K)] 63852K->22812K(160256K), 0.0024160 secs] [Times: user=0.02 sys=0.00, real=0.00 secs] 
146.256: Total time for which application threads were stopped: 0.0042150 seconds, Stopping threads took: 0.0017170 seconds
146.295: Application time: 0.0390520 seconds
146.297: [GC [PSYoungGen: 49136K->6624K(49152K)] 65308K->23156K(160256K), 0.0020570 secs] [Times: user=0.02 sys=0.00, real=0.01 secs] 
146.300: Total time for which application threads were stopped: 0.0044750 seconds, Stopping threads took: 0.0023290 seconds
146.340: Application time: 0.0404650 seconds
146.343: [GC [PSYoungGen: 49120K->6592K(49152K)] 65652K->23124K(160256K), 0.0019480 secs] [Times: user=0.01 sys=0.00, real=0.00 secs] 
146.345: Total time for which application threads were stopped: 0.0048430 seconds, Stopping threads took: 0.0027980 seconds
146.385: Application time: 0.0398550 seconds
146.387: [GC [PSYoungGen: 49088K->6656K(49152K)] 65620K->24404K(160256K), 0.0023780 secs] [Times: user=0.02 sys=0.00, real=0.00 secs] 
146.390: Total time for which application threads were stopped: 0.0047950 seconds, Stopping threads took: 0.0023320 seconds
146.429: Application time: 0.0398230 seconds
146.432: [GC [PSYoungGen: 49152K->6640K(49152K)] 66900K->25424K(160256K), 0.0023730 secs] [Times: user=0.02 sys=0.00, real=0.00 secs] 
146.434: Total time for which application threads were stopped: 0.0046070 seconds, Stopping threads took: 0.0021500 seconds
146.475: Application time: 0.0409070 seconds
146.477: [GC [PSYoungGen: 49136K->6256K(49152K)] 67920K->25040K(160256K), 0.0018790 secs] [Times: user=0.02 sys=0.00, real=0.01 secs] 
146.479: Total time for which application threads were stopped: 0.0037910 seconds, Stopping threads took: 0.0018270 seconds
146.519: Application time: 0.0404170 seconds
146.521: [GC [PSYoungGen: 48752K->5680K(49152K)] 67536K->24464K(160256K), 0.0017130 secs] [Times: user=0.01 sys=0.00, real=0.00 secs] 
146.523: Total time for which application threads were stopped: 0.0037560 seconds, Stopping threads took: 0.0019620 seconds
146.564: Application time: 0.0413590 seconds
146.566: [GC [PSYoungGen: 48176K->6656K(49152K)] 66960K->26524K(160256K), 0.0023400 secs] [Times: user=0.02 sys=0.00, real=0.01 secs] 
146.569: Total time for which application threads were stopped: 0.0043260 seconds, Stopping threads took: 0.0018980 seconds
146.609: Application time: 0.0407090 seconds
146.611: [GC [PSYoungGen: 49152K->6640K(49152K)] 69020K->27404K(160256K), 0.0022960 secs] [Times: user=0.02 sys=0.00, real=0.00 secs] 
146.614: Total time for which application threads were stopped: 0.0045500 seconds, Stopping threads took: 0.0021660 seconds
146.655: Application time: 0.0407410 seconds
146.656: [GC [PSYoungGen: 49136K->6656K(49152K)] 69900K->27452K(160256K), 0.0019620 secs] [Times: user=0.01 sys=0.00, real=0.00 secs] 
146.658: Total time for which application threads were stopped: 0.0036660 seconds, Stopping threads took: 0.0016150 seconds
146.700: Application time: 0.0422250 seconds
146.702: [GC [PSYoungGen: 49152K->5888K(49152K)] 69948K->26692K(160256K), 0.0017720 secs] [Times: user=0.01 sys=0.00, real=0.00 secs] 
146.704: Total time for which application threads were stopped: 0.0035140 seconds, Stopping threads took: 0.0016580 seconds
146.744: Application time: 0.0404330 seconds
146.746: [GC [PSYoungGen: 48384K->5744K(49152K)] 69188K->26548K(160256K), 0.0017330 secs] [Times: user=0.01 sys=0.00, real=0.01 secs] 
146.748: Total time for which application threads were stopped: 0.0033990 seconds, Stopping threads took: 0.0015770 seconds
146.787: Application time: 0.0391690 seconds
146.789: [GC [PSYoungGen: 48240K->6640K(49152K)] 69044K->27484K(160256K), 0.0020570 secs] [Times: user=0.01 sys=0.00, real=0.00 secs] 
146.791: Total time for which application threads were stopped: 0.0045050 seconds, Stopping threads took: 0.0023650 seconds
146.832: Application time: 0.0400920 seconds
146.834: [GC [PSYoungGen: 49136K->6656K(49152K)] 69980K->27516K(160256K), 0.0019460 secs] [Times: user=0.01 sys=0.00, real=0.00 secs] 
146.835: Total time for which application threads were stopped: 0.0039340 seconds, Stopping threads took: 0.0019020 seconds
146.876: Application time: 0.0407520 seconds
146.879: [GC [PSYoungGen: 49152K->6432K(49152K)] 70012K->27300K(160256K), 0.0018420 secs] [Times: user=0.01 sys=0.00, real=0.00 secs] 
146.881: Total time for which application threads were stopped: 0.0043590 seconds, Stopping threads took: 0.0024370 seconds
146.922: Application time: 0.0412460 seconds
146.924: [GC [PSYoungGen: 48928K->6208K(49152K)] 69796K->27076K(160256K), 0.0018490 secs] [Times: user=0.01 sys=0.00, real=0.00 secs] 
146.926: Total time for which application threads were stopped: 0.0037060 seconds, Stopping threads took: 0.0017800 seconds
146.971: Application time: 0.0454630 seconds
146.974: [GC [PSYoungGen: 48704K->5088K(49152K)] 69572K->25956K(160256K), 0.0014830 secs] [Times: user=0.01 sys=0.00, real=0.00 secs] 
146.975: Total time for which application threads were stopped: 0.0042180 seconds, Stopping threads took: 0.0026490 seconds
147.016: Application time: 0.0402970 seconds
147.020: [GC [PSYoungGen: 47584K->6656K(49152K)] 68452K->27708K(160256K), 0.0020690 secs] [Times: user=0.02 sys=0.00, real=0.00 secs] 
147.022: Total time for which application threads were stopped: 0.0063430 seconds, Stopping threads took: 0.0041970 seconds
147.064: Application time: 0.0419610 seconds
147.067: [GC [PSYoungGen: 49152K->6656K(49152K)] 70204K->28768K(160256K), 0.0022090 secs] [Times: user=0.01 sys=0.00, real=0.00 secs] 
147.069: Total time for which application threads were stopped: 0.0050130 seconds, Stopping threads took: 0.0027190 seconds
147.110: Application time: 0.0407770 seconds
147.111: [GC [PSYoungGen: 49152K->5600K(49152K)] 71264K->27728K(160256K), 0.0016780 secs] [Times: user=0.01 sys=0.00, real=0.00 secs] 
147.112: Total time for which application threads were stopped: 0.0026960 seconds, Stopping threads took: 0.0009390 seconds
147.153: Application time: 0.0403830 seconds
147.154: [GC [PSYoungGen: 48096K->5568K(49152K)] 70224K->27696K(160256K), 0.0016600 secs] [Times: user=0.01 sys=0.00, real=0.00 secs] 
147.155: Total time for which application threads were stopped: 0.0027580 seconds, Stopping threads took: 0.0010170 seconds
147.196: Application time: 0.0406430 seconds
147.198: [GC [PSYoungGen: 48064K->6624K(49152K)] 70192K->29384K(160256K), 0.0021280 secs] [Times: user=0.01 sys=0.00, real=0.01 secs] 
147.200: Total time for which application threads were stopped: 0.0042460 seconds, Stopping threads took: 0.0020260 seconds
147.241: Application time: 0.0410620 seconds
147.244: [GC [PSYoungGen: 49120K->6640K(49152K)] 71880K->29512K(160256K), 0.0020310 secs] [Times: user=0.01 sys=0.00, real=0.00 secs] 
147.246: Total time for which application threads were stopped: 0.0046280 seconds, Stopping threads took: 0.0025180 seconds
147.288: Application time: 0.0420400 seconds
147.289: [GC [PSYoungGen: 49136K->6624K(49152K)] 72008K->29928K(160256K), 0.0021880 secs] [Times: user=0.02 sys=0.00, real=0.00 secs] 
147.292: Total time for which application threads were stopped: 0.0034550 seconds, Stopping threads took: 0.0011740 seconds
147.333: Application time: 0.0415090 seconds
147.335: [GC [PSYoungGen: 49120K->5984K(49152K)] 72424K->29304K(160256K), 0.0018210 secs] [Times: user=0.02 sys=0.00, real=0.00 secs] 
147.337: Total time for which application threads were stopped: 0.0040250 seconds, Stopping threads took: 0.0021210 seconds
147.378: Application time: 0.0413400 seconds
147.380: [GC [PSYoungGen: 48480K->6640K(49152K)] 71800K->30184K(160256K), 0.0020220 secs] [Times: user=0.02 sys=0.00, real=0.00 secs] 
147.383: Total time for which application threads were stopped: 0.0040890 seconds, Stopping threads took: 0.0019790 seconds
147.424: Application time: 0.0414850 seconds
147.426: [GC [PSYoungGen: 49136K->6656K(49152K)] 72680K->30264K(160256K), 0.0020090 secs] [Times: user=0.02 sys=0.00, real=0.01 secs] 
147.428: Total time for which application threads were stopped: 0.0042460 seconds, Stopping threads took: 0.0021510 seconds
147.469: Application time: 0.0407990 seconds
147.471: [GC [PSYoungGen: 49152K->6656K(49152K)] 72760K->30288K(160256K), 0.0019670 secs] [Times: user=0.01 sys=0.00, real=0.00 secs] 
147.473: Total time for which application threads were stopped: 0.0037710 seconds, Stopping threads took: 0.0017180 seconds
147.513: Application time: 0.0402840 seconds
147.515: [GC [PSYoungGen: 49152K->5648K(49152K)] 72784K->29280K(160256K), 0.0017250 secs] [Times: user=0.01 sys=0.00, real=0.00 secs] 
147.516: Total time for which application threads were stopped: 0.0033450 seconds, Stopping threads took: 0.0015430 seconds
147.555: Application time: 0.0385400 seconds
147.557: [GC [PSYoungGen: 48144K->5776K(49152K)] 71776K->29408K(160256K), 0.0016750 secs] [Times: user=0.01 sys=0.00, real=0.00 secs] 
147.558: Total time for which application threads were stopped: 0.0033420 seconds, Stopping threads took: 0.0015880 seconds
147.597: Application time: 0.0388670 seconds
147.598: [GC [PSYoungGen: 48272K->5856K(49152K)] 71904K->29488K(160256K), 0.0017910 secs] [Times: user=0.01 sys=0.00, real=0.01 secs] 
147.600: Total time for which application threads were stopped: 0.0028960 seconds, Stopping threads took: 0.0010240 seconds
147.640: Application time: 0.0398500 seconds
147.642: [GC [PSYoungGen: 48352K->6208K(49152K)] 71984K->29848K(160256K), 0.0018800 secs] [Times: user=0.02 sys=0.00, real=0.00 secs] 
147.644: Total time for which application threads were stopped: 0.0037580 seconds, Stopping threads took: 0.0017940 seconds
147.683: Application time: 0.0389560 seconds
147.684: [GC [PSYoungGen: 48703K->6656K(49152K)] 72344K->31145K(160256K), 0.0023010 secs] [Times: user=0.01 sys=0.00, real=0.01 secs] 
147.687: Total time for which application threads were stopped: 0.0039770 seconds, Stopping threads took: 0.0015940 seconds
147.725: Application time: 0.0380260 seconds
147.726: [GC [PSYoungGen: 49152K->6160K(49152K)] 73641K->30649K(160256K), 0.0018080 secs] [Times: user=0.01 sys=0.00, real=0.01 secs] 
147.728: Total time for which application threads were stopped: 0.0032600 seconds, Stopping threads took: 0.0013690 seconds
147.768: Application time: 0.0401650 seconds
147.771: [GC [PSYoungGen: 48656K->6576K(49152K)] 73145K->31073K(160256K), 0.0020120 secs] [Times: user=0.01 sys=0.00, real=0.00 secs] 
147.773: Total time for which application threads were stopped: 0.0050250 seconds, Stopping threads took: 0.0029260 seconds
147.810: Application time: 0.0367940 seconds
147.812: [GC [PSYoungGen: 49072K->6640K(49152K)] 73569K->31729K(160256K), 0.0021810 secs] [Times: user=0.01 sys=0.00, real=0.00 secs] 
147.814: Total time for which application threads were stopped: 0.0041760 seconds, Stopping threads took: 0.0018960 seconds
147.853: Application time: 0.0391090 seconds
147.856: [GC [PSYoungGen: 49136K->5984K(49152K)] 74225K->31081K(160256K), 0.0018020 secs] [Times: user=0.01 sys=0.00, real=0.00 secs] 
147.858: Total time for which application threads were stopped: 0.0043840 seconds, Stopping threads took: 0.0024980 seconds
147.895: Application time: 0.0375090 seconds
147.897: [GC [PSYoungGen: 48480K->5280K(49152K)] 73577K->30385K(160256K), 0.0015980 secs] [Times: user=0.01 sys=0.00, real=0.00 secs] 
147.898: Total time for which application threads were stopped: 0.0030710 seconds, Stopping threads took: 0.0013970 seconds
147.936: Application time: 0.0378300 seconds
147.938: [GC [PSYoungGen: 47776K->6640K(49152K)] 72881K->32081K(160256K), 0.0020520 secs] [Times: user=0.01 sys=0.00, real=0.01 secs] 
147.940: Total time for which application threads were stopped: 0.0042430 seconds, Stopping threads took: 0.0021100 seconds
147.978: Application time: 0.0379570 seconds
147.980: [GC [PSYoungGen: 49136K->6464K(49152K)] 74577K->31913K(160256K), 0.0019380 secs] [Times: user=0.01 sys=0.00, real=0.00 secs] 
147.982: Total time for which application threads were stopped: 0.0041990 seconds, Stopping threads took: 0.0021780 seconds
148.021: Application time: 0.0386680 seconds
148.024: [GC [PSYoungGen: 48960K->6640K(49152K)] 74409K->32249K(160256K), 0.0019270 secs] [Times: user=0.01 sys=0.00, real=0.00 secs] 
148.026: Total time for which application threads were stopped: 0.0044870 seconds, Stopping threads took: 0.0024780 seconds
148.063: Application time: 0.0377140 seconds
148.065: [GC [PSYoungGen: 49136K->6624K(49152K)] 74745K->32329K(160256K), 0.0019850 secs] [Times: user=0.01 sys=0.00, real=0.01 secs] 
148.067: Total time for which application threads were stopped: 0.0039160 seconds, Stopping threads took: 0.0018500 seconds
148.106: Application time: 0.0387190 seconds
148.108: [GC [PSYoungGen: 49120K->6640K(49152K)] 74825K->32361K(160256K), 0.0019420 secs] [Times: user=0.01 sys=0.00, real=0.00 secs] 
148.110: Total time for which application threads were stopped: 0.0041230 seconds, Stopping threads took: 0.0021060 seconds
148.149: Application time: 0.0385170 seconds
148.152: [GC [PSYoungGen: 49136K->6640K(49152K)] 74857K->33153K(160256K), 0.0021520 secs] [Times: user=0.02 sys=0.00, real=0.00 secs] 
148.154: Total time for which application threads were stopped: 0.0051220 seconds, Stopping threads took: 0.0028860 seconds
148.194: Application time: 0.0402840 seconds
148.196: [GC [PSYoungGen: 49136K->6464K(49152K)] 75649K->32977K(160256K), 0.0018520 secs] [Times: user=0.01 sys=0.00, real=0.00 secs] 
148.198: Total time for which application threads were stopped: 0.0039100 seconds, Stopping threads took: 0.0019780 seconds
148.235: Application time: 0.0368350 seconds
148.237: [GC [PSYoungGen: 48960K->6640K(49152K)] 75473K->33889K(160256K), 0.0022230 secs] [Times: user=0.01 sys=0.00, real=0.01 secs] 
148.239: Total time for which application threads were stopped: 0.0039860 seconds, Stopping threads took: 0.0016800 seconds
148.277: Application time: 0.0378090 seconds
148.279: [GC [PSYoungGen: 49136K->6640K(49152K)] 76385K->34417K(160256K), 0.0021020 secs] [Times: user=0.01 sys=0.01, real=0.01 secs] 
148.281: Total time for which application threads were stopped: 0.0040610 seconds, Stopping threads took: 0.0018750 seconds
148.320: Application time: 0.0391200 seconds
148.322: [GC [PSYoungGen: 49134K->6656K(49152K)] 76911K->35833K(160256K), 0.0023160 secs] [Times: user=0.02 sys=0.00, real=0.00 secs] 
148.325: Total time for which application threads were stopped: 0.0049770 seconds, Stopping threads took: 0.0025670 seconds
148.365: Application time: 0.0407250 seconds
148.366: [GC [PSYoungGen: 49152K->3680K(49152K)] 78329K->32857K(160256K), 0.0012480 secs] [Times: user=0.01 sys=0.00, real=0.01 secs] 
148.368: Total time for which application threads were stopped: 0.0020650 seconds, Stopping threads took: 0.0007470 seconds
148.405: Application time: 0.0377320 seconds
148.407: [GC [PSYoungGen: 46176K->6656K(49152K)] 75353K->36353K(160256K), 0.0021140 secs] [Times: user=0.02 sys=0.00, real=0.00 secs] 
148.409: Total time for which application threads were stopped: 0.0039590 seconds, Stopping threads took: 0.0017630 seconds
148.449: Application time: 0.0393110 seconds
148.451: [GC [PSYoungGen: 49152K->6656K(49152K)] 78849K->36809K(160256K), 0.0021280 secs] [Times: user=0.01 sys=0.00, real=0.00 secs] 
148.453: Total time for which application threads were stopped: 0.0044200 seconds, Stopping threads took: 0.0022070 seconds
148.492: Application time: 0.0389430 seconds
148.495: [GC [PSYoungGen: 49152K->5120K(49152K)] 79305K->35273K(160256K), 0.0014520 secs] [Times: user=0.01 sys=0.00, real=0.00 secs] 
148.496: Total time for which application threads were stopped: 0.0043880 seconds, Stopping threads took: 0.0028550 seconds
148.534: Application time: 0.0377850 seconds
148.536: [GC [PSYoungGen: 47616K->6656K(49152K)] 77769K->37109K(160256K), 0.0021630 secs] [Times: user=0.01 sys=0.00, real=0.00 secs] 
148.538: Total time for which application threads were stopped: 0.0039180 seconds, Stopping threads took: 0.0016820 seconds
148.578: Application time: 0.0400690 seconds
148.581: [GC [PSYoungGen: 49152K->5584K(49152K)] 79605K->36037K(160256K), 0.0017090 secs] [Times: user=0.01 sys=0.00, real=0.00 secs] 
148.583: Total time for which application threads were stopped: 0.0045230 seconds, Stopping threads took: 0.0027360 seconds
148.621: Application time: 0.0380020 seconds
148.623: [GC [PSYoungGen: 48080K->6656K(49152K)] 78533K->37277K(160256K), 0.0019820 secs] [Times: user=0.02 sys=0.00, real=0.00 secs] 
148.625: Total time for which application threads were stopped: 0.0045410 seconds, Stopping threads took: 0.0024800 seconds
148.663: Application time: 0.0380340 seconds
148.665: [GC [PSYoungGen: 49152K->6656K(49152K)] 79773K->37333K(160256K), 0.0019830 secs] [Times: user=0.02 sys=0.00, real=0.01 secs] 
148.667: Total time for which application threads were stopped: 0.0038910 seconds, Stopping threads took: 0.0018290 seconds
148.705: Application time: 0.0378270 seconds
148.707: [GC [PSYoungGen: 49152K->6656K(49152K)] 79829K->37685K(160256K), 0.0022010 secs] [Times: user=0.02 sys=0.00, real=0.00 secs] 
148.709: Total time for which application threads were stopped: 0.0043860 seconds, Stopping threads took: 0.0021040 seconds
148.746: Application time: 0.0371270 seconds
148.748: [GC [PSYoungGen: 49152K->6640K(49152K)] 80181K->38093K(160256K), 0.0022450 secs] [Times: user=0.01 sys=0.00, real=0.00 secs] 
148.750: Total time for which application threads were stopped: 0.0035060 seconds, Stopping threads took: 0.0011770 seconds
148.788: Application time: 0.0383950 seconds
148.790: [GC [PSYoungGen: 49136K->6624K(49152K)] 80589K->38085K(160256K), 0.0020580 secs] [Times: user=0.01 sys=0.00, real=0.00 secs] 
148.792: Total time for which application threads were stopped: 0.0034990 seconds, Stopping threads took: 0.0013600 seconds
148.831: Application time: 0.0390590 seconds
148.832: [GC [PSYoungGen: 49120K->5472K(49152K)] 80581K->36941K(160256K), 0.0016830 secs] [Times: user=0.02 sys=0.00, real=0.00 secs] 
148.834: Total time for which application threads were stopped: 0.0026570 seconds, Stopping threads took: 0.0008920 seconds
148.874: Application time: 0.0406790 seconds
148.876: [GC [PSYoungGen: 47968K->4784K(49152K)] 79437K->36261K(160256K), 0.0014440 secs] [Times: user=0.01 sys=0.00, real=0.00 secs] 
148.878: Total time for which application threads were stopped: 0.0034260 seconds, Stopping threads took: 0.0019040 seconds
148.915: Application time: 0.0374360 seconds
148.917: [GC [PSYoungGen: 47280K->6624K(49152K)] 78757K->39189K(160256K), 0.0023310 secs] [Times: user=0.02 sys=0.00, real=0.01 secs] 
148.920: Total time for which application threads were stopped: 0.0047420 seconds, Stopping threads took: 0.0023280 seconds
148.959: Application time: 0.0395560 seconds
148.961: [GC [PSYoungGen: 49118K->6336K(49152K)] 81684K->38909K(160256K), 0.0018930 secs] [Times: user=0.01 sys=0.00, real=0.00 secs] 
148.963: Total time for which application threads were stopped: 0.0038820 seconds, Stopping threads took: 0.0019050 seconds
149.002: Application time: 0.0391160 seconds
149.004: [GC [PSYoungGen: 48832K->6624K(49152K)] 81405K->39693K(160256K), 0.0020910 secs] [Times: user=0.02 sys=0.00, real=0.00 secs] 
149.006: Total time for which application threads were stopped: 0.0036960 seconds, Stopping threads took: 0.0015190 seconds
149.045: Application time: 0.0387220 seconds
149.047: [GC [PSYoungGen: 49118K->6624K(49152K)] 82188K->39709K(160256K), 0.0020200 secs] [Times: user=0.01 sys=0.00, real=0.00 secs] 
149.049: Total time for which application threads were stopped: 0.0043260 seconds, Stopping threads took: 0.0022270 seconds
149.088: Application time: 0.0392760 seconds
149.090: [GC [PSYoungGen: 49120K->6624K(49152K)] 82205K->40461K(160256K), 0.0021770 secs] [Times: user=0.02 sys=0.00, real=0.00 secs] 
149.092: Total time for which application threads were stopped: 0.0037760 seconds, Stopping threads took: 0.0015130 seconds
149.131: Application time: 0.0388680 seconds
149.133: [GC [PSYoungGen: 49120K->6656K(49152K)] 82957K->40893K(160256K), 0.0020880 secs] [Times: user=0.01 sys=0.00, real=0.00 secs] 
149.135: Total time for which application threads were stopped: 0.0042210 seconds, Stopping threads took: 0.0020490 seconds
149.173: Application time: 0.0374220 seconds
149.174: [GC [PSYoungGen: 49152K->6656K(49152K)] 83389K->41253K(160256K), 0.0020830 secs] [Times: user=0.01 sys=0.00, real=0.00 secs] 
149.177: Total time for which application threads were stopped: 0.0037720 seconds, Stopping threads took: 0.0016050 seconds
149.215: Application time: 0.0381990 seconds
149.217: [GC [PSYoungGen: 49151K->6640K(49152K)] 83749K->42305K(160256K), 0.0022790 secs] [Times: user=0.01 sys=0.00, real=0.01 secs] 
149.219: Total time for which application threads were stopped: 0.0046820 seconds, Stopping threads took: 0.0022990 seconds
149.257: Application time: 0.0373720 seconds
149.259: [GC [PSYoungGen: 49136K->6592K(49152K)] 84801K->42257K(160256K), 0.0019050 secs] [Times: user=0.01 sys=0.00, real=0.00 secs] 
149.261: Total time for which application threads were stopped: 0.0043460 seconds, Stopping threads took: 0.0023610 seconds
149.300: Application time: 0.0384610 seconds
149.302: [GC [PSYoungGen: 49088K->6624K(49152K)] 84753K->43049K(160256K), 0.0022300 secs] [Times: user=0.01 sys=0.00, real=0.00 secs] 
149.304: Total time for which application threads were stopped: 0.0045180 seconds, Stopping threads took: 0.0022060 seconds
149.344: Application time: 0.0396470 seconds
149.345: [GC [PSYoungGen: 49120K->5760K(49152K)] 85545K->42193K(160256K), 0.0017390 secs] [Times: user=0.01 sys=0.00, real=0.01 secs] 
149.347: Total time for which application threads were stopped: 0.0031770 seconds, Stopping threads took: 0.0013520 seconds
149.385: Application time: 0.0384830 seconds
149.387: [GC [PSYoungGen: 48256K->6112K(49152K)] 84689K->42553K(160256K), 0.0018400 secs] [Times: user=0.02 sys=0.00, real=0.00 secs] 
149.389: Total time for which application threads were stopped: 0.0035860 seconds, Stopping threads took: 0.0016660 seconds
149.430: Application time: 0.0405200 seconds
149.432: [GC [PSYoungGen: 48608K->6432K(49152K)] 85049K->42873K(160256K), 0.0019560 secs] [Times: user=0.01 sys=0.00, real=0.00 secs] 
149.434: Total time for which application threads were stopped: 0.0043670 seconds, Stopping threads took: 0.0023330 seconds
149.476: Application time: 0.0423110 seconds
149.478: [GC [PSYoungGen: 48928K->5872K(49152K)] 85369K->42321K(160256K), 0.0017260 secs] [Times: user=0.01 sys=0.00, real=0.01 secs] 
149.480: Total time for which application threads were stopped: 0.0035310 seconds, Stopping threads took: 0.0017290 seconds
149.519: Application time: 0.0391450 seconds
149.522: [GC [PSYoungGen: 48368K->6528K(49152K)] 84817K->42977K(160256K), 0.0018370 secs] [Times: user=0.01 sys=0.00, real=0.00 secs] 
149.524: Total time for which application threads were stopped: 0.0047900 seconds, Stopping threads took: 0.0028730 seconds
149.565: Application time: 0.0414650 seconds
149.568: [GC [PSYoungGen: 49024K->6032K(49152K)] 85473K->42481K(160256K), 0.0017130 secs] [Times: user=0.01 sys=0.00, real=0.00 secs] 
149.570: Total time for which application threads were stopped: 0.0044940 seconds, Stopping threads took: 0.0027120 seconds
149.609: Application time: 0.0392740 seconds
149.611: [GC [PSYoungGen: 48528K->5856K(49152K)] 84977K->42305K(160256K), 0.0017480 secs] [Times: user=0.01 sys=0.00, real=0.00 secs] 
149.613: Total time for which application threads were stopped: 0.0037020 seconds, Stopping threads took: 0.0018760 seconds
149.652: Application time: 0.0390290 seconds
149.653: [GC [PSYoungGen: 48352K->6624K(49152K)] 84801K->43497K(160256K), 0.0020460 secs] [Times: user=0.01 sys=0.00, real=0.00 secs] 
149.655: Total time for which application threads were stopped: 0.0032170 seconds, Stopping threads took: 0.0010840 seconds
149.698: Application time: 0.0428530 seconds
149.699: [GC [PSYoungGen: 49120K->6624K(49152K)] 85993K->44989K(160256K), 0.0023330 secs] [Times: user=0.01 sys=0.00, real=0.00 secs] 
149.702: Total time for which application threads were stopped: 0.0037680 seconds, Stopping threads took: 0.0013410 seconds
149.742: Application time: 0.0401110 seconds
149.743: [GC [PSYoungGen: 49120K->6656K(49152K)] 87485K->46465K(160256K), 0.0024850 secs] [Times: user=0.01 sys=0.00, real=0.00 secs] 
149.746: Total time for which application threads were stopped: 0.0039670 seconds, Stopping threads took: 0.0014030 seconds
149.785: Application time: 0.0395080 seconds
149.787: [GC [PSYoungGen: 49152K->6640K(49152K)] 88961K->46673K(160256K), 0.0020080 secs] [Times: user=0.01 sys=0.00, real=0.00 secs] 
149.789: Total time for which application threads were stopped: 0.0035030 seconds, Stopping threads took: 0.0014140 seconds
149.830: Application time: 0.0414740 seconds
149.833: [GC [PSYoungGen: 49136K->4784K(49152K)] 89169K->44817K(160256K), 0.0014390 secs] [Times: user=0.01 sys=0.00, real=0.00 secs] 
149.834: Total time for which application threads were stopped: 0.0042120 seconds, Stopping threads took: 0.0026960 seconds
149.874: Application time: 0.0394070 seconds
149.876: [GC [PSYoungGen: 47280K->5584K(49152K)] 87313K->45625K(160256K), 0.0016750 secs] [Times: user=0.01 sys=0.00, real=0.00 secs] 
149.878: Total time for which application threads were stopped: 0.0039230 seconds, Stopping threads took: 0.0021610 seconds
149.914: Application time: 0.0364700 seconds
149.916: [GC [PSYoungGen: 48080K->6624K(49152K)] 88121K->47257K(160256K), 0.0022240 secs] [Times: user=0.01 sys=0.00, real=0.00 secs] 
149.919: Total time for which application threads were stopped: 0.0044070 seconds, Stopping threads took: 0.0020920 seconds
149.956: Application time: 0.0377260 seconds
149.958: [GC [PSYoungGen: 49120K->6320K(49152K)] 89753K->46969K(160256K), 0.0019220 secs] [Times: user=0.01 sys=0.00, real=0.01 secs] 
149.960: Total time for which application threads were stopped: 0.0040700 seconds, Stopping threads took: 0.0020650 seconds
150.000: Application time: 0.0395420 seconds
150.001: [GC [PSYoungGen: 48816K->5696K(49152K)] 89465K->46353K(160256K), 0.0017820 secs] [Times: user=0.01 sys=0.00, real=0.00 secs] 
150.003: Total time for which application threads were stopped: 0.0033240 seconds, Stopping threads took: 0.0014640 seconds
150.042: Application time: 0.0386030 seconds
150.044: [GC [PSYoungGen: 48192K->5776K(49152K)] 88849K->46449K(160256K), 0.0017750 secs] [Times: user=0.01 sys=0.00, real=0.00 secs] 
150.046: Total time for which application threads were stopped: 0.0037970 seconds, Stopping threads took: 0.0019460 seconds
150.084: Application time: 0.0379430 seconds
150.086: [GC [PSYoungGen: 48272K->6624K(49152K)] 88945K->47761K(160256K), 0.0021290 secs] [Times: user=0.01 sys=0.00, real=0.01 secs] 
150.088: Total time for which application threads were stopped: 0.0047630 seconds, Stopping threads took: 0.0025530 seconds
150.127: Application time: 0.0389180 seconds
150.129: [GC [PSYoungGen: 49120K->5984K(49152K)] 90257K->47121K(160256K), 0.0017060 secs] [Times: user=0.01 sys=0.00, real=0.00 secs] 
150.130: Total time for which application threads were stopped: 0.0031870 seconds, Stopping threads took: 0.0014030 seconds
150.171: Application time: 0.0401810 seconds
150.173: [GC [PSYoungGen: 48480K->6656K(49152K)] 89617K->47929K(160256K), 0.0020030 secs] [Times: user=0.02 sys=0.00, real=0.00 secs] 
150.175: Total time for which application threads were stopped: 0.0045680 seconds, Stopping threads took: 0.0024830 seconds
150.213: Application time: 0.0382550 seconds
150.215: [GC [PSYoungGen: 49152K->6624K(49152K)] 90425K->47953K(160256K), 0.0020240 secs] [Times: user=0.02 sys=0.00, real=0.00 secs] 
150.218: Total time for which application threads were stopped: 0.0040870 seconds, Stopping threads took: 0.0019840 seconds
150.258: Application time: 0.0401720 seconds
150.259: [GC [PSYoungGen: 49120K->6080K(49152K)] 90449K->47417K(160256K), 0.0017610 secs] [Times: user=0.01 sys=0.00, real=0.00 secs] 
150.261: Total time for which application threads were stopped: 0.0034650 seconds, Stopping threads took: 0.0016310 seconds
150.302: Application time: 0.0404000 seconds
150.303: [GC [PSYoungGen: 48576K->5712K(49152K)] 89913K->47049K(160256K), 0.0017440 secs] [Times: user=0.01 sys=0.00, real=0.00 secs] 
150.305: Total time for which application threads were stopped: 0.0033360 seconds, Stopping threads took: 0.0015220 seconds
150.350: Application time: 0.0447520 seconds
150.352: [GC [PSYoungGen: 48208K->4464K(49152K)] 89545K->45801K(160256K), 0.0013230 secs] [Times: user=0.01 sys=0.00, real=0.00 secs] 
150.354: Total time for which application threads were stopped: 0.0041330 seconds, Stopping threads took: 0.0027430 seconds
150.393: Application time: 0.0387360 seconds
150.394: [GC [PSYoungGen: 46960K->6288K(49152K)] 88297K->47633K(160256K), 0.0018320 secs] [Times: user=0.01 sys=0.00, real=0.00 secs] 
150.396: Total time for which application threads were stopped: 0.0038520 seconds, Stopping threads took: 0.0019340 seconds
150.435: Application time: 0.0382000 seconds
150.436: [GC [PSYoungGen: 48784K->5888K(49152K)] 90129K->47241K(160256K), 0.0017690 secs] [Times: user=0.01 sys=0.00, real=0.00 secs] 
150.438: Total time for which application threads were stopped: 0.0033340 seconds, Stopping threads took: 0.0014910 seconds
150.478: Application time: 0.0403410 seconds
150.480: [GC [PSYoungGen: 48384K->6656K(49152K)] 89737K->48961K(160256K), 0.0022150 secs] [Times: user=0.02 sys=0.00, real=0.00 secs] 
150.483: Total time for which application threads were stopped: 0.0044100 seconds, Stopping threads took: 0.0021100 seconds
150.521: Application time: 0.0386770 seconds
150.523: [GC [PSYoungGen: 49152K->6592K(49152K)] 91457K->48905K(160256K), 0.0019590 secs] [Times: user=0.01 sys=0.00, real=0.00 secs] 
150.525: Total time for which application threads were stopped: 0.0035330 seconds, Stopping threads took: 0.0014950 seconds
150.567: Application time: 0.0423970 seconds
150.569: [GC [PSYoungGen: 49088K->4512K(49152K)] 91401K->46833K(160256K), 0.0013890 secs] [Times: user=0.01 sys=0.00, real=0.00 secs] 
150.571: Total time for which application threads were stopped: 0.0033250 seconds, Stopping threads took: 0.0018660 seconds
150.609: Application time: 0.0388940 seconds
150.612: [GC [PSYoungGen: 47008K->6512K(49152K)] 89329K->48833K(160256K), 0.0018660 secs] [Times: user=0.01 sys=0.00, real=0.00 secs] 
150.614: Total time for which application threads were stopped: 0.0042980 seconds, Stopping threads took: 0.0023630 seconds
150.654: Application time: 0.0403450 seconds
150.656: [GC [PSYoungGen: 49008K->6368K(49152K)] 91329K->48689K(160256K), 0.0018490 secs] [Times: user=0.01 sys=0.00, real=0.00 secs] 
150.658: Total time for which application threads were stopped: 0.0042010 seconds, Stopping threads took: 0.0022750 seconds
150.698: Application time: 0.0392600 seconds
150.699: [GC [PSYoungGen: 48864K->5408K(49152K)] 91185K->47729K(160256K), 0.0016280 secs] [Times: user=0.01 sys=0.00, real=0.00 secs] 
150.701: Total time for which application threads were stopped: 0.0031850 seconds, Stopping threads took: 0.0014810 seconds
150.741: Application time: 0.0406720 seconds
150.743: [GC [PSYoungGen: 47904K->5360K(49152K)] 90225K->47681K(160256K), 0.0015880 secs] [Times: user=0.01 sys=0.00, real=0.00 secs] 
150.745: Total time for which application threads were stopped: 0.0034390 seconds, Stopping threads took: 0.0017760 seconds
150.784: Application time: 0.0388570 seconds
150.786: [GC [PSYoungGen: 47856K->6656K(49152K)] 90177K->49545K(160256K), 0.0020930 secs] [Times: user=0.01 sys=0.00, real=0.01 secs] 
150.788: Total time for which application threads were stopped: 0.0044080 seconds, Stopping threads took: 0.0022300 seconds
150.826: Application time: 0.0377040 seconds
150.829: [GC [PSYoungGen: 49152K->6624K(49152K)] 92041K->49841K(160256K), 0.0020750 secs] [Times: user=0.01 sys=0.00, real=0.00 secs] 
150.831: Total time for which application threads were stopped: 0.0047580 seconds, Stopping threads took: 0.0026010 seconds
150.870: Application time: 0.0392570 seconds
150.871: [GC [PSYoungGen: 49120K->5456K(49152K)] 92337K->48673K(160256K), 0.0016890 secs] [Times: user=0.02 sys=0.00, real=0.00 secs] 
150.873: Total time for which application threads were stopped: 0.0032480 seconds, Stopping threads took: 0.0014840 seconds
150.913: Application time: 0.0398000 seconds
150.915: [GC [PSYoungGen: 47952K->5792K(49152K)] 91169K->49017K(160256K), 0.0019130 secs] [Times: user=0.01 sys=0.00, real=0.00 secs] 
150.917: Total time for which application threads were stopped: 0.0041660 seconds, Stopping threads took: 0.0021700 seconds
150.956: Application time: 0.0387450 seconds
150.958: [GC [PSYoungGen: 48288K->6480K(49152K)] 91513K->49705K(160256K), 0.0021090 secs] [Times: user=0.02 sys=0.00, real=0.01 secs] 
150.960: Total time for which application threads were stopped: 0.0042690 seconds, Stopping threads took: 0.0020690 seconds
150.998: Application time: 0.0380180 seconds
151.001: [GC [PSYoungGen: 48976K->6112K(49152K)] 92201K->49345K(160256K), 0.0018850 secs] [Times: user=0.01 sys=0.00, real=0.00 secs] 
151.003: Total time for which application threads were stopped: 0.0044830 seconds, Stopping threads took: 0.0025100 seconds
151.041: Application time: 0.0384770 seconds
151.044: [GC [PSYoungGen: 48608K->6624K(49152K)] 91841K->50145K(160256K), 0.0021280 secs] [Times: user=0.01 sys=0.00, real=0.00 secs] 
151.046: Total time for which application threads were stopped: 0.0047060 seconds, Stopping threads took: 0.0024870 seconds
151.086: Application time: 0.0397900 seconds
151.088: [GC [PSYoungGen: 49118K->4912K(49152K)] 92640K->48441K(160256K), 0.0014920 secs] [Times: user=0.01 sys=0.00, real=0.00 secs] 
151.089: Total time for which application threads were stopped: 0.0034180 seconds, Stopping threads took: 0.0018510 seconds
151.128: Application time: 0.0386980 seconds
151.129: [GC [PSYoungGen: 47408K->6624K(49152K)] 90937K->50913K(160256K), 0.0022370 secs] [Times: user=0.02 sys=0.00, real=0.00 secs] 
151.132: Total time for which application threads were stopped: 0.0037540 seconds, Stopping threads took: 0.0014350 seconds
151.170: Application time: 0.0384550 seconds
151.172: [GC [PSYoungGen: 49120K->5232K(49152K)] 93409K->49521K(160256K), 0.0016940 secs] [Times: user=0.01 sys=0.00, real=0.00 secs] 
151.174: Total time for which application threads were stopped: 0.0036180 seconds, Stopping threads took: 0.0018470 seconds
151.212: Application time: 0.0383310 seconds
151.214: [GC [PSYoungGen: 47728K->6624K(49152K)] 92017K->51065K(160256K), 0.0021020 secs] [Times: user=0.01 sys=0.00, real=0.00 secs] 
151.216: Total time for which application threads were stopped: 0.0038370 seconds, Stopping threads took: 0.0016540 seconds
151.253: Application time: 0.0376220 seconds
151.256: [GC [PSYoungGen: 49120K->6656K(49152K)] 93561K->51153K(160256K), 0.0021680 secs] [Times: user=0.01 sys=0.00, real=0.00 secs] 
151.258: Total time for which application threads were stopped: 0.0046160 seconds, Stopping threads took: 0.0023620 seconds
151.299: Application time: 0.0409490 seconds
151.301: [GC [PSYoungGen: 49152K->6624K(49152K)] 93649K->52129K(160256K), 0.0022340 secs] [Times: user=0.02 sys=0.00, real=0.00 secs] 
151.303: Total time for which application threads were stopped: 0.0040610 seconds, Stopping threads took: 0.0017480 seconds
151.341: Application time: 0.0381950 seconds
151.342: [GC [PSYoungGen: 49120K->6624K(49152K)] 94625K->52137K(160256K), 0.0019810 secs] [Times: user=0.02 sys=0.00, real=0.00 secs] 
151.344: Total time for which application threads were stopped: 0.0025270 seconds, Stopping threads took: 0.0004580 seconds
151.381: Application time: 0.0374950 seconds
151.384: [GC [PSYoungGen: 49120K->6416K(49152K)] 94633K->51929K(160256K), 0.0018860 secs] [Times: user=0.01 sys=0.00, real=0.00 secs] 
151.386: Total time for which application threads were stopped: 0.0046960 seconds, Stopping threads took: 0.0027290 seconds
151.423: Application time: 0.0369440 seconds
151.425: [GC [PSYoungGen: 48911K->6624K(49152K)] 94425K->52401K(160256K), 0.0020640 secs] [Times: user=0.02 sys=0.00, real=0.01 secs] 
151.428: Total time for which application threads were stopped: 0.0046950 seconds, Stopping threads took: 0.0025400 seconds
151.466: Application time: 0.0383180 seconds
151.467: [GC [PSYoungGen: 49120K->6656K(49152K)] 94897K->52986K(160256K), 0.0022010 secs] [Times: user=0.01 sys=0.00, real=0.00 secs] 
151.469: Total time for which application threads were stopped: 0.0034300 seconds, Stopping threads took: 0.0011480 seconds
151.507: Application time: 0.0373470 seconds
151.509: [GC [PSYoungGen: 49152K->6656K(49152K)] 95482K->53730K(160256K), 0.0021750 secs] [Times: user=0.01 sys=0.00, real=0.00 secs] 
151.511: Total time for which application threads were stopped: 0.0043050 seconds, Stopping threads took: 0.0020400 seconds
151.553: Application time: 0.0424020 seconds
151.556: [GC [PSYoungGen: 49152K->5536K(49152K)] 96226K->52618K(160256K), 0.0018640 secs] [Times: user=0.01 sys=0.00, real=0.00 secs] 
151.558: Total time for which application threads were stopped: 0.0044080 seconds, Stopping threads took: 0.0024460 seconds
151.600: Application time: 0.0419610 seconds
151.603: [GC [PSYoungGen: 48032K->6368K(49152K)] 95114K->53458K(160256K), 0.0018570 secs] [Times: user=0.01 sys=0.00, real=0.00 secs] 
151.604: Total time for which application threads were stopped: 0.0047020 seconds, Stopping threads took: 0.0027490 seconds
151.644: Application time: 0.0395610 seconds
151.646: [GC [PSYoungGen: 48864K->6656K(49152K)] 95954K->55114K(160256K), 0.0024550 secs] [Times: user=0.01 sys=0.00, real=0.01 secs] 
151.648: Total time for which application threads were stopped: 0.0042080 seconds, Stopping threads took: 0.0016640 seconds
151.688: Application time: 0.0401000 seconds
151.690: [GC [PSYoungGen: 49152K->6464K(49152K)] 97610K->54922K(160256K), 0.0018910 secs] [Times: user=0.01 sys=0.00, real=0.00 secs] 
151.692: Total time for which application threads were stopped: 0.0036610 seconds, Stopping threads took: 0.0016890 seconds
151.732: Application time: 0.0397660 seconds
151.733: [GC [PSYoungGen: 48960K->6640K(49152K)] 97418K->55130K(160256K), 0.0023720 secs] [Times: user=0.01 sys=0.00, real=0.00 secs] 
151.736: Total time for which application threads were stopped: 0.0040340 seconds, Stopping threads took: 0.0015780 seconds
151.775: Application time: 0.0395780 seconds
151.777: [GC [PSYoungGen: 49136K->6496K(49152K)] 97626K->54986K(160256K), 0.0020110 secs] [Times: user=0.01 sys=0.00, real=0.01 secs] 
151.779: Total time for which application threads were stopped: 0.0037560 seconds, Stopping threads took: 0.0016590 seconds
151.819: Application time: 0.0400780 seconds
151.821: [GC [PSYoungGen: 48992K->6208K(49152K)] 97482K->54706K(160256K), 0.0020780 secs] [Times: user=0.01 sys=0.00, real=0.00 secs] 
151.823: Total time for which application threads were stopped: 0.0041380 seconds, Stopping threads took: 0.0019790 seconds
151.867: Application time: 0.0432400 seconds
151.870: [GC [PSYoungGen: 48704K->5984K(49152K)] 97202K->54482K(160256K), 0.0017780 secs] [Times: user=0.01 sys=0.00, real=0.00 secs] 
151.871: Total time for which application threads were stopped: 0.0048340 seconds, Stopping threads took: 0.0029700 seconds
151.915: Application time: 0.0431060 seconds
151.917: [GC [PSYoungGen: 48480K->6016K(49152K)] 96978K->54514K(160256K), 0.0017950 secs] [Times: user=0.02 sys=0.00, real=0.01 secs] 
151.919: Total time for which application threads were stopped: 0.0044670 seconds, Stopping threads took: 0.0025940 seconds
151.960: Application time: 0.0409470 seconds
151.962: [GC [PSYoungGen: 48512K->6560K(49152K)] 97010K->55058K(160256K), 0.0019800 secs] [Times: user=0.01 sys=0.00, real=0.00 secs] 
151.964: Total time for which application threads were stopped: 0.0040060 seconds, Stopping threads took: 0.0019350 seconds
152.005: Application time: 0.0408030 seconds
152.007: [GC [PSYoungGen: 49056K->6624K(49152K)] 97554K->55250K(160256K), 0.0020620 secs] [Times: user=0.01 sys=0.00, real=0.00 secs] 
152.009: Total time for which application threads were stopped: 0.0040770 seconds, Stopping threads took: 0.0019320 seconds
152.048: Application time: 0.0388870 seconds
152.050: [GC [PSYoungGen: 49120K->6640K(49152K)] 97746K->56714K(160256K), 0.0025160 secs] [Times: user=0.02 sys=0.00, real=0.00 secs] 
152.052: Total time for which application threads were stopped: 0.0045730 seconds, Stopping threads took: 0.0019660 seconds
152.092: Application time: 0.0398190 seconds
152.094: [GC [PSYoungGen: 49136K->6624K(49152K)] 99210K->56954K(160256K), 0.0021310 secs] [Times: user=0.02 sys=0.00, real=0.00 secs] 
152.096: Total time for which application threads were stopped: 0.0043230 seconds, Stopping threads took: 0.0021020 seconds
152.138: Application time: 0.0412210 seconds
152.140: [GC [PSYoungGen: 49120K->6576K(49152K)] 99450K->56922K(160256K), 0.0020390 secs] [Times: user=0.02 sys=0.00, real=0.00 secs] 
152.142: Total time for which application threads were stopped: 0.0045070 seconds, Stopping threads took: 0.0023830 seconds
152.181: Application time: 0.0389070 seconds
152.183: [GC [PSYoungGen: 49072K->6656K(49152K)] 99418K->58418K(160256K), 0.0023360 secs] [Times: user=0.02 sys=0.00, real=0.00 secs] 
152.186: Total time for which application threads were stopped: 0.0044180 seconds, Stopping threads took: 0.0020020 seconds
152.226: Application time: 0.0406070 seconds
152.229: [GC [PSYoungGen: 49152K->6592K(49152K)] 100914K->58354K(160256K), 0.0022190 secs] [Times: user=0.02 sys=0.00, real=0.00 secs] 
152.231: Total time for which application threads were stopped: 0.0050190 seconds, Stopping threads took: 0.0026910 seconds
152.271: Application time: 0.0397520 seconds
152.273: [GC [PSYoungGen: 49088K->6656K(49152K)] 100850K->58730K(160256K), 0.0020290 secs] [Times: user=0.01 sys=0.00, real=0.00 secs] 
152.275: Total time for which application threads were stopped: 0.0039250 seconds, Stopping threads took: 0.0018180 seconds
152.315: Application time: 0.0400430 seconds
152.317: [GC [PSYoungGen: 49152K->6624K(49152K)] 101226K->58730K(160256K), 0.0022430 secs] [Times: user=0.02 sys=0.00, real=0.01 secs] 
152.319: Total time for which application threads were stopped: 0.0043160 seconds, Stopping threads took: 0.0019670 seconds
152.359: Application time: 0.0393590 seconds
152.362: [GC [PSYoungGen: 49120K->6624K(49152K)] 101226K->58746K(160256K), 0.0021960 secs] [Times: user=0.02 sys=0.00, real=0.00 secs] 
152.364: Total time for which application threads were stopped: 0.0053390 seconds, Stopping threads took: 0.0030350 seconds
152.406: Application time: 0.0421110 seconds
152.408: [GC [PSYoungGen: 49120K->6624K(49152K)] 101242K->58770K(160256K), 0.0022950 secs] [Times: user=0.02 sys=0.00, real=0.00 secs] 
152.410: Total time for which application threads were stopped: 0.0040510 seconds, Stopping threads took: 0.0016560 seconds
152.451: Application time: 0.0407770 seconds
152.453: [GC [PSYoungGen: 49120K->6640K(49152K)] 101266K->59386K(160256K), 0.0025330 secs] [Times: user=0.02 sys=0.00, real=0.00 secs] 
152.455: Total time for which application threads were stopped: 0.0046220 seconds, Stopping threads took: 0.0019910 seconds
152.497: Application time: 0.0418500 seconds
152.500: [GC [PSYoungGen: 49136K->6624K(49152K)] 101882K->60786K(160256K), 0.0025310 secs] [Times: user=0.02 sys=0.00, real=0.00 secs] 
152.503: Total time for which application threads were stopped: 0.0052340 seconds, Stopping threads took: 0.0025950 seconds
152.543: Application time: 0.0404930 seconds
152.545: [GC [PSYoungGen: 49120K->6624K(49152K)] 103282K->61906K(160256K), 0.0023930 secs] [Times: user=0.02 sys=0.00, real=0.01 secs] 
152.547: Total time for which application threads were stopped: 0.0039280 seconds, Stopping threads took: 0.0014520 seconds
152.587: Application time: 0.0401130 seconds
152.589: [GC [PSYoungGen: 49120K->6416K(49152K)] 104402K->61706K(160256K), 0.0019110 secs] [Times: user=0.01 sys=0.00, real=0.00 secs] 
152.591: Total time for which application threads were stopped: 0.0041300 seconds, Stopping threads took: 0.0021330 seconds
152.632: Application time: 0.0411800 seconds
152.635: [GC [PSYoungGen: 48912K->5888K(49152K)] 104202K->61186K(160256K), 0.0018440 secs] [Times: user=0.01 sys=0.00, real=0.00 secs] 
152.637: Total time for which application threads were stopped: 0.0042050 seconds, Stopping threads took: 0.0022770 seconds
152.678: Application time: 0.0410100 seconds
152.680: [GC [PSYoungGen: 48384K->6416K(49152K)] 103682K->61738K(160256K), 0.0020430 secs] [Times: user=0.01 sys=0.00, real=0.00 secs] 
152.682: Total time for which application threads were stopped: 0.0044060 seconds, Stopping threads took: 0.0022560 seconds
152.723: Application time: 0.0404560 seconds
152.726: [GC [PSYoungGen: 48912K->6176K(49152K)] 104234K->61498K(160256K), 0.0021350 secs] [Times: user=0.01 sys=0.00, real=0.01 secs] 
152.728: Total time for which application threads were stopped: 0.0053550 seconds, Stopping threads took: 0.0031180 seconds
152.770: Application time: 0.0422880 seconds
152.772: [GC [PSYoungGen: 48672K->4528K(49152K)] 103994K->59850K(160256K), 0.0014920 secs] [Times: user=0.01 sys=0.00, real=0.00 secs] 
152.774: Total time for which application threads were stopped: 0.0037170 seconds, Stopping threads took: 0.0021500 seconds
152.815: Application time: 0.0408570 seconds
152.816: [GC [PSYoungGen: 47024K->6352K(49152K)] 102346K->61674K(160256K), 0.0019590 secs] [Times: user=0.02 sys=0.00, real=0.00 secs] 
152.818: Total time for which application threads were stopped: 0.0036000 seconds, Stopping threads took: 0.0015640 seconds
152.859: Application time: 0.0407890 seconds
152.862: [GC [PSYoungGen: 48848K->6208K(49152K)] 104170K->61530K(160256K), 0.0019760 secs] [Times: user=0.01 sys=0.00, real=0.00 secs] 
152.864: Total time for which application threads were stopped: 0.0045650 seconds, Stopping threads took: 0.0025050 seconds
152.904: Application time: 0.0404330 seconds
152.906: [GC [PSYoungGen: 48704K->6640K(49152K)] 104026K->61986K(160256K), 0.0020420 secs] [Times: user=0.01 sys=0.00, real=0.01 secs] 
152.908: Total time for which application threads were stopped: 0.0036170 seconds, Stopping threads took: 0.0014940 seconds
152.948: Application time: 0.0405790 seconds
152.951: [GC [PSYoungGen: 49136K->6656K(49152K)] 104482K->63106K(160256K), 0.0022860 secs] [Times: user=0.02 sys=0.00, real=0.00 secs] 
152.953: Total time for which application threads were stopped: 0.0045730 seconds, Stopping threads took: 0.0021950 seconds
152.994: Application time: 0.0411470 seconds
152.997: [GC [PSYoungGen: 49152K->6656K(49152K)] 105602K->63650K(160256K), 0.0021730 secs] [Times: user=0.02 sys=0.00, real=0.01 secs] 
152.999: Total time for which application threads were stopped: 0.0054310 seconds, Stopping threads took: 0.0031730 seconds
153.041: Application time: 0.0413840 seconds
153.043: [GC [PSYoungGen: 49152K->6656K(49152K)] 106146K->65130K(160256K), 0.0025260 secs] [Times: user=0.01 sys=0.00, real=0.00 secs] 
153.045: Total time for which application threads were stopped: 0.0045620 seconds, Stopping threads took: 0.0019450 seconds
153.088: Application time: 0.0429310 seconds
153.091: [GC [PSYoungGen: 49152K->6656K(49152K)] 107626K->66402K(160256K), 0.0023680 secs] [Times: user=0.01 sys=0.00, real=0.00 secs] 
153.094: Total time for which application threads were stopped: 0.0054850 seconds, Stopping threads took: 0.0030290 seconds
153.135: Application time: 0.0414230 seconds
153.138: [GC [PSYoungGen: 49152K->6192K(49152K)] 108898K->65938K(160256K), 0.0018810 secs] [Times: user=0.02 sys=0.00, real=0.01 secs] 
153.140: Total time for which application threads were stopped: 0.0048610 seconds, Stopping threads took: 0.0028990 seconds
153.183: Application time: 0.0426350 seconds
153.184: [GC [PSYoungGen: 48688K->4544K(49152K)] 108434K->64290K(160256K), 0.0015070 secs] [Times: user=0.01 sys=0.00, real=0.00 secs] 
153.186: Total time for which application threads were stopped: 0.0028890 seconds, Stopping threads took: 0.0013050 seconds
153.227: Application time: 0.0417420 seconds
153.229: [GC [PSYoungGen: 47040K->5536K(49152K)] 106786K->65290K(160256K), 0.0016490 secs] [Times: user=0.01 sys=0.00, real=0.00 secs] 
153.231: Total time for which application threads were stopped: 0.0035610 seconds, Stopping threads took: 0.0018360 seconds
153.273: Application time: 0.0416120 seconds
153.274: [GC [PSYoungGen: 48032K->5504K(49152K)] 107786K->65266K(160256K), 0.0016710 secs] [Times: user=0.01 sys=0.00, real=0.00 secs] 
153.276: Total time for which application threads were stopped: 0.0035090 seconds, Stopping threads took: 0.0017580 seconds
153.318: Application time: 0.0421210 seconds
153.320: [GC [PSYoungGen: 48000K->6496K(49152K)] 107762K->66258K(160256K), 0.0019390 secs] [Times: user=0.01 sys=0.00, real=0.00 secs] 
153.322: Total time for which application threads were stopped: 0.0036790 seconds, Stopping threads took: 0.0016570 seconds
153.363: Application time: 0.0411660 seconds
153.366: [GC [PSYoungGen: 48992K->6640K(49152K)] 108754K->66994K(160256K), 0.0021840 secs] [Times: user=0.01 sys=0.00, real=0.01 secs] 
153.368: Total time for which application threads were stopped: 0.0047300 seconds, Stopping threads took: 0.0024620 seconds
153.408: Application time: 0.0401970 seconds
153.410: [GC [PSYoungGen: 49136K->6656K(49152K)] 109490K->67466K(160256K), 0.0021630 secs] [Times: user=0.02 sys=0.00, real=0.00 secs] 
153.413: Total time for which application threads were stopped: 0.0045540 seconds, Stopping threads took: 0.0023020 seconds
153.453: Application time: 0.0401920 seconds
153.455: [GC [PSYoungGen: 49152K->6256K(49152K)] 109962K->67066K(160256K), 0.0018780 secs] [Times: user=0.01 sys=0.00, real=0.00 secs] 
153.457: Total time for which application threads were stopped: 0.0045660 seconds, Stopping threads took: 0.0025990 seconds
153.498: Application time: 0.0406490 seconds
153.501: [GC [PSYoungGen: 48752K->6096K(49152K)] 109562K->66914K(160256K), 0.0018490 secs] [Times: user=0.01 sys=0.00, real=0.00 secs] 
153.502: Total time for which application threads were stopped: 0.0044680 seconds, Stopping threads took: 0.0025430 seconds
153.544: Application time: 0.0418620 seconds
153.545: [GC [PSYoungGen: 48592K->6640K(49152K)] 109410K->67658K(160256K), 0.0021560 secs] [Times: user=0.02 sys=0.00, real=0.01 secs] 
153.547: Total time for which application threads were stopped: 0.0029770 seconds, Stopping threads took: 0.0007270 seconds
153.589: Application time: 0.0420930 seconds
153.592: [GC [PSYoungGen: 49136K->5920K(49152K)] 110154K->66938K(160256K), 0.0017990 secs] [Times: user=0.01 sys=0.00, real=0.00 secs] 
153.594: Total time for which application threads were stopped: 0.0045310 seconds, Stopping threads took: 0.0026500 seconds
153.636: Application time: 0.0421850 seconds
153.639: [GC [PSYoungGen: 48416K->6640K(49152K)] 109434K->67810K(160256K), 0.0021260 secs] [Times: user=0.01 sys=0.01, real=0.01 secs] 
153.641: Total time for which application threads were stopped: 0.0045690 seconds, Stopping threads took: 0.0023610 seconds
153.683: Application time: 0.0419450 seconds
153.683: [GC [PSYoungGen: 49136K->6624K(49152K)] 110306K->67818K(160256K), 0.0020020 secs] [Times: user=0.02 sys=0.00, real=0.00 secs] 
153.685: Total time for which application threads were stopped: 0.0028720 seconds, Stopping threads took: 0.0007880 seconds
153.729: Application time: 0.0436000 seconds
153.731: [GC [PSYoungGen: 49120K->5712K(49152K)] 110314K->66914K(160256K), 0.0016990 secs] [Times: user=0.01 sys=0.00, real=0.00 secs] 
153.733: Total time for which application threads were stopped: 0.0038200 seconds, Stopping threads took: 0.0020390 seconds
153.774: Application time: 0.0408260 seconds
153.776: [GC [PSYoungGen: 48208K->6640K(49152K)] 109410K->68650K(160256K), 0.0021190 secs] [Times: user=0.02 sys=0.00, real=0.00 secs] 
153.778: Total time for which application threads were stopped: 0.0045380 seconds, Stopping threads took: 0.0023360 seconds
153.818: Application time: 0.0395730 seconds
153.820: [GC [PSYoungGen: 49136K->6656K(49152K)] 111146K->70122K(160256K), 0.0024880 secs] [Times: user=0.02 sys=0.00, real=0.00 secs] 
153.823: Total time for which application threads were stopped: 0.0049160 seconds, Stopping threads took: 0.0023400 seconds
153.866: Application time: 0.0427950 seconds
153.868: [GC [PSYoungGen: 49152K->6656K(49152K)] 112618K->70314K(160256K), 0.0019750 secs] [Times: user=0.01 sys=0.00, real=0.00 secs] 
153.870: Total time for which application threads were stopped: 0.0042520 seconds, Stopping threads took: 0.0021970 seconds
153.913: Application time: 0.0428800 seconds
153.914: [GC [PSYoungGen: 49152K->5376K(49152K)] 112810K->69034K(160256K), 0.0016560 secs] [Times: user=0.01 sys=0.00, real=0.00 secs] 
153.916: Total time for which application threads were stopped: 0.0033870 seconds, Stopping threads took: 0.0016560 seconds
153.957: Application time: 0.0410610 seconds
153.959: [GC [PSYoungGen: 47872K->6640K(49152K)] 111530K->70346K(160256K), 0.0020600 secs] [Times: user=0.01 sys=0.00, real=0.00 secs] 
153.961: Total time for which application threads were stopped: 0.0039010 seconds, Stopping threads took: 0.0017510 seconds
154.002: Application time: 0.0413780 seconds
154.004: [GC [PSYoungGen: 49136K->5056K(49152K)] 112842K->68762K(160256K), 0.0015680 secs] [Times: user=0.01 sys=0.00, real=0.00 secs] 
154.006: Total time for which application threads were stopped: 0.0034630 seconds, Stopping threads took: 0.0018170 seconds
154.047: Application time: 0.0410630 seconds
154.049: [GC [PSYoungGen: 47552K->5328K(49152K)] 111258K->69034K(160256K), 0.0016590 secs] [Times: user=0.01 sys=0.00, real=0.00 secs] 
154.051: Total time for which application threads were stopped: 0.0040090 seconds, Stopping threads took: 0.0022650 seconds
154.091: Application time: 0.0398730 seconds
154.093: [GC [PSYoungGen: 47824K->6640K(49152K)] 111530K->70354K(160256K), 0.0021440 secs] [Times: user=0.01 sys=0.00, real=0.00 secs] 
154.095: Total time for which application threads were stopped: 0.0041970 seconds, Stopping threads took: 0.0019700 seconds
154.136: Application time: 0.0407100 seconds
154.138: [GC [PSYoungGen: 49136K->6640K(49152K)] 112850K->70362K(160256K), 0.0020320 secs] [Times: user=0.02 sys=0.00, real=0.01 secs] 
154.140: Total time for which application threads were stopped: 0.0044650 seconds, Stopping threads took: 0.0023500 seconds
154.180: Application time: 0.0402520 seconds
154.183: [GC [PSYoungGen: 49136K->6080K(49152K)] 112858K->69802K(160256K), 0.0019120 secs] [Times: user=0.01 sys=0.00, real=0.00 secs] 
154.185: Total time for which application threads were stopped: 0.0045710 seconds, Stopping threads took: 0.0025770 seconds
154.226: Application time: 0.0407060 seconds
154.228: [GC [PSYoungGen: 48576K->6656K(49152K)] 112298K->70630K(160256K), 0.0020780 secs] [Times: user=0.01 sys=0.01, real=0.00 secs] 
154.231: Total time for which application threads were stopped: 0.0048010 seconds, Stopping threads took: 0.0026210 seconds
154.271: Application time: 0.0406530 seconds
154.274: [GC [PSYoungGen: 49152K->6272K(49152K)] 113126K->70254K(160256K), 0.0018870 secs] [Times: user=0.01 sys=0.00, real=0.00 secs] 
154.276: Total time for which application threads were stopped: 0.0049420 seconds, Stopping threads took: 0.0029680 seconds
154.317: Application time: 0.0403290 seconds
154.318: [GC [PSYoungGen: 48768K->6624K(49152K)] 112750K->71526K(160256K), 0.0022380 secs] [Times: user=0.02 sys=0.00, real=0.01 secs] 
154.321: Total time for which application threads were stopped: 0.0042120 seconds, Stopping threads took: 0.0018880 seconds
154.364: Application time: 0.0432790 seconds
154.367: [GC [PSYoungGen: 49120K->6624K(49152K)] 114022K->72306K(160256K), 0.0022410 secs] [Times: user=0.02 sys=0.00, real=0.00 secs] 
154.369: Total time for which application threads were stopped: 0.0050790 seconds, Stopping threads took: 0.0027450 seconds
154.409: Application time: 0.0396330 seconds
154.411: [GC [PSYoungGen: 49120K->6624K(49152K)] 114802K->72938K(160256K), 0.0022300 secs] [Times: user=0.02 sys=0.00, real=0.00 secs] 
154.413: Total time for which application threads were stopped: 0.0045750 seconds, Stopping threads took: 0.0022460 seconds
154.456: Application time: 0.0426520 seconds
154.458: [GC [PSYoungGen: 49120K->5840K(49152K)] 115434K->72154K(160256K), 0.0018100 secs] [Times: user=0.02 sys=0.00, real=0.01 secs] 
154.459: Total time for which application threads were stopped: 0.0034930 seconds, Stopping threads took: 0.0016000 seconds
154.501: Application time: 0.0414330 seconds
154.503: [GC [PSYoungGen: 48336K->6656K(49152K)] 114650K->72978K(160256K), 0.0021060 secs] [Times: user=0.01 sys=0.00, real=0.00 secs] 
154.505: Total time for which application threads were stopped: 0.0039320 seconds, Stopping threads took: 0.0017420 seconds
154.546: Application time: 0.0410260 seconds
154.547: [GC [PSYoungGen: 49152K->6016K(49152K)] 115474K->72338K(160256K), 0.0018110 secs] [Times: user=0.01 sys=0.00, real=0.00 secs] 
154.549: Total time for which application threads were stopped: 0.0032650 seconds, Stopping threads took: 0.0013690 seconds
154.592: Application time: 0.0424080 seconds
154.596: [GC [PSYoungGen: 48512K->6400K(49152K)] 114834K->72730K(160256K), 0.0019890 secs] [Times: user=0.01 sys=0.00, real=0.00 secs] 
154.598: Total time for which application threads were stopped: 0.0063120 seconds, Stopping threads took: 0.0042390 seconds
154.639: Application time: 0.0414880 seconds
154.642: [GC [PSYoungGen: 48896K->6640K(49152K)] 115226K->73010K(160256K), 0.0019310 secs] [Times: user=0.01 sys=0.00, real=0.00 secs] 
154.644: Total time for which application threads were stopped: 0.0050330 seconds, Stopping threads took: 0.0030180 seconds
154.685: Application time: 0.0403590 seconds
154.688: [GC [PSYoungGen: 49136K->6656K(49152K)] 115506K->73698K(160256K), 0.0022710 secs] [Times: user=0.02 sys=0.00, real=0.00 secs] 
154.690: Total time for which application threads were stopped: 0.0051140 seconds, Stopping threads took: 0.0027490 seconds
154.730: Application time: 0.0396920 seconds
154.731: [GC [PSYoungGen: 49152K->6640K(49152K)] 116194K->74714K(160256K), 0.0023810 secs] [Times: user=0.01 sys=0.00, real=0.00 secs] 
154.733: Total time for which application threads were stopped: 0.0037770 seconds, Stopping threads took: 0.0013060 seconds
154.774: Application time: 0.0406040 seconds
154.777: [GC [PSYoungGen: 49136K->5984K(49152K)] 117210K->74074K(160256K), 0.0018910 secs] [Times: user=0.01 sys=0.00, real=0.01 secs] 
154.779: Total time for which application threads were stopped: 0.0047280 seconds, Stopping threads took: 0.0027330 seconds
154.821: Application time: 0.0419390 seconds
154.822: [GC [PSYoungGen: 48480K->6624K(49152K)] 116570K->74747K(160256K), 0.0021650 secs] [Times: user=0.01 sys=0.00, real=0.00 secs] 
154.824: Total time for which application threads were stopped: 0.0038740 seconds, Stopping threads took: 0.0016030 seconds
154.867: Application time: 0.0423740 seconds
154.869: [GC [PSYoungGen: 49120K->5136K(49152K)] 117243K->73259K(160256K), 0.0016670 secs] [Times: user=0.01 sys=0.00, real=0.00 secs] 
154.871: Total time for which application threads were stopped: 0.0038270 seconds, Stopping threads took: 0.0020730 seconds
154.912: Application time: 0.0414220 seconds
154.915: [GC [PSYoungGen: 47632K->6656K(49152K)] 115755K->74794K(160256K), 0.0020740 secs] [Times: user=0.01 sys=0.00, real=0.00 secs] 
154.917: Total time for which application threads were stopped: 0.0049520 seconds, Stopping threads took: 0.0027930 seconds
154.959: Application time: 0.0417550 seconds
154.961: [GC [PSYoungGen: 49152K->5632K(49152K)] 117290K->73794K(160256K), 0.0017390 secs] [Times: user=0.01 sys=0.00, real=0.00 secs] 
154.963: Total time for which application threads were stopped: 0.0042780 seconds, Stopping threads took: 0.0024590 seconds
155.004: Application time: 0.0406020 seconds
155.005: [GC [PSYoungGen: 48128K->6512K(49152K)] 116290K->74675K(160256K), 0.0019770 secs] [Times: user=0.01 sys=0.00, real=0.01 secs] 
155.007: Total time for which application threads were stopped: 0.0034340 seconds, Stopping threads took: 0.0013720 seconds
155.047: Application time: 0.0401250 seconds
155.050: [GC [PSYoungGen: 49008K->6624K(49152K)] 117171K->75434K(160256K), 0.0022120 secs] [Times: user=0.02 sys=0.00, real=0.00 secs] 
155.052: Total time for which application threads were stopped: 0.0049940 seconds, Stopping threads took: 0.0026970 seconds
155.094: Application time: 0.0421980 seconds
155.097: [GC [PSYoungGen: 49120K->5840K(49152K)] 117930K->74651K(160256K), 0.0018780 secs] [Times: user=0.01 sys=0.00, real=0.01 secs] 
155.099: Total time for which application threads were stopped: 0.0041300 seconds, Stopping threads took: 0.0021660 seconds
155.142: Application time: 0.0429650 seconds
155.144: [GC [PSYoungGen: 48336K->6256K(49152K)] 117147K->75074K(160256K), 0.0019600 secs] [Times: user=0.01 sys=0.00, real=0.00 secs] 
155.146: Total time for which application threads were stopped: 0.0044580 seconds, Stopping threads took: 0.0024170 seconds
155.187: Application time: 0.0409840 seconds
155.189: [GC [PSYoungGen: 48752K->6080K(49152K)] 117570K->74898K(160256K), 0.0018890 secs] [Times: user=0.01 sys=0.00, real=0.00 secs] 
155.191: Total time for which application threads were stopped: 0.0041410 seconds, Stopping threads took: 0.0021680 seconds
155.232: Application time: 0.0409410 seconds
155.234: [GC [PSYoungGen: 48576K->6640K(49152K)] 117394K->75467K(160256K), 0.0021260 secs] [Times: user=0.01 sys=0.00, real=0.00 secs] 
155.236: Total time for which application threads were stopped: 0.0037380 seconds, Stopping threads took: 0.0015260 seconds
155.278: Application time: 0.0417640 seconds
155.280: [GC [PSYoungGen: 49136K->5456K(49152K)] 117963K->74283K(160256K), 0.0016820 secs] [Times: user=0.01 sys=0.00, real=0.00 secs] 
155.281: Total time for which application threads were stopped: 0.0037110 seconds, Stopping threads took: 0.0019470 seconds
155.322: Application time: 0.0405420 seconds
155.324: [GC [PSYoungGen: 47952K->6400K(49152K)] 116779K->75226K(160256K), 0.0019350 secs] [Times: user=0.02 sys=0.00, real=0.00 secs] 
155.326: Total time for which application threads were stopped: 0.0044350 seconds, Stopping threads took: 0.0024160 seconds
155.368: Application time: 0.0418210 seconds
155.370: [GC [PSYoungGen: 48896K->6640K(49152K)] 117722K->75531K(160256K), 0.0020600 secs] [Times: user=0.01 sys=0.00, real=0.00 secs] 
155.372: Total time for which application threads were stopped: 0.0042870 seconds, Stopping threads took: 0.0021440 seconds
155.413: Application time: 0.0404610 seconds
155.414: [GC [PSYoungGen: 49136K->6256K(49152K)] 118027K->75147K(160256K), 0.0020270 secs] [Times: user=0.01 sys=0.01, real=0.00 secs] 
155.417: Total time for which application threads were stopped: 0.0036480 seconds, Stopping threads took: 0.0015400 seconds
155.457: Application time: 0.0409200 seconds
155.460: [GC [PSYoungGen: 48752K->6624K(49152K)] 117643K->75538K(160256K), 0.0020880 secs] [Times: user=0.02 sys=0.00, real=0.00 secs] 
155.462: Total time for which application threads were stopped: 0.0044390 seconds, Stopping threads took: 0.0022740 seconds
155.504: Application time: 0.0421760 seconds
155.506: [GC [PSYoungGen: 49120K->6112K(49152K)] 118034K->75034K(160256K), 0.0018820 secs] [Times: user=0.01 sys=0.00, real=0.01 secs] 
155.508: Total time for which application threads were stopped: 0.0035630 seconds, Stopping threads took: 0.0016030 seconds
155.547: Application time: 0.0391960 seconds
155.549: [GC [PSYoungGen: 48608K->6400K(49152K)] 117530K->75322K(160256K), 0.0018700 secs] [Times: user=0.02 sys=0.00, real=0.00 secs] 
155.551: Total time for which application threads were stopped: 0.0041490 seconds, Stopping threads took: 0.0022020 seconds
155.589: Application time: 0.0378390 seconds
155.591: [GC [PSYoungGen: 48896K->6304K(49152K)] 117818K->75226K(160256K), 0.0018690 secs] [Times: user=0.02 sys=0.00, real=0.00 secs] 
155.593: Total time for which application threads were stopped: 0.0040710 seconds, Stopping threads took: 0.0021250 seconds
155.632: Application time: 0.0393720 seconds
155.635: [GC [PSYoungGen: 48800K->6272K(49152K)] 117722K->75194K(160256K), 0.0019060 secs] [Times: user=0.01 sys=0.00, real=0.00 secs] 
155.637: Total time for which application threads were stopped: 0.0044460 seconds, Stopping threads took: 0.0024540 seconds
155.676: Application time: 0.0392060 seconds
155.678: [GC [PSYoungGen: 48768K->6240K(49152K)] 117690K->75162K(160256K), 0.0018530 secs] [Times: user=0.01 sys=0.00, real=0.01 secs] 
155.680: Total time for which application threads were stopped: 0.0038460 seconds, Stopping threads took: 0.0019130 seconds
155.718: Application time: 0.0381150 seconds
155.719: [GC [PSYoungGen: 48736K->6064K(49152K)] 117658K->74995K(160256K), 0.0018620 secs] [Times: user=0.01 sys=0.00, real=0.00 secs] 
155.721: Total time for which application threads were stopped: 0.0027650 seconds, Stopping threads took: 0.0008270 seconds
155.759: Application time: 0.0386540 seconds
155.760: [GC [PSYoungGen: 48560K->5360K(49152K)] 117491K->74291K(160256K), 0.0017180 secs] [Times: user=0.01 sys=0.00, real=0.00 secs] 
155.762: Total time for which application threads were stopped: 0.0027280 seconds, Stopping threads took: 0.0009300 seconds
155.800: Application time: 0.0381260 seconds
155.805: [GC [PSYoungGen: 47856K->6640K(49152K)] 116787K->75627K(160256K), 0.0021960 secs] [Times: user=0.02 sys=0.00, real=0.01 secs] 
155.807: Total time for which application threads were stopped: 0.0067540 seconds, Stopping threads took: 0.0044800 seconds
155.846: Application time: 0.0389600 seconds
155.848: [GC [PSYoungGen: 49136K->6640K(49152K)] 118123K->75947K(160256K), 0.0020390 secs] [Times: user=0.02 sys=0.00, real=0.00 secs] 
155.850: Total time for which application threads were stopped: 0.0045400 seconds, Stopping threads took: 0.0024200 seconds
155.889: Application time: 0.0381190 seconds
155.890: [GC [PSYoungGen: 49136K->6640K(49152K)] 118443K->76475K(160256K), 0.0023640 secs] [Times: user=0.01 sys=0.00, real=0.00 secs] 
155.893: Total time for which application threads were stopped: 0.0041710 seconds, Stopping threads took: 0.0017220 seconds
155.930: Application time: 0.0372740 seconds
155.931: [GC [PSYoungGen: 49136K->6656K(49152K)] 118971K->76515K(160256K), 0.0019600 secs] [Times: user=0.01 sys=0.00, real=0.00 secs] 
155.933: Total time for which application threads were stopped: 0.0034030 seconds, Stopping threads took: 0.0013640 seconds
155.972: Application time: 0.0384650 seconds
155.974: [GC [PSYoungGen: 49152K->6560K(49152K)] 119011K->76427K(160256K), 0.0019490 secs] [Times: user=0.01 sys=0.00, real=0.00 secs] 
155.976: Total time for which application threads were stopped: 0.0042160 seconds, Stopping threads took: 0.0021820 seconds
156.015: Application time: 0.0385910 seconds
156.017: [GC [PSYoungGen: 49056K->6512K(49152K)] 118923K->76387K(160256K), 0.0020320 secs] [Times: user=0.01 sys=0.00, real=0.01 secs] 
156.019: Total time for which application threads were stopped: 0.0042720 seconds, Stopping threads took: 0.0021580 seconds
156.060: Application time: 0.0410200 seconds
156.063: [GC [PSYoungGen: 49008K->6480K(49152K)] 118883K->76363K(160256K), 0.0020650 secs] [Times: user=0.01 sys=0.00, real=0.00 secs] 
156.065: Total time for which application threads were stopped: 0.0051680 seconds, Stopping threads took: 0.0030180 seconds
156.103: Application time: 0.0379130 seconds
156.106: [GC [PSYoungGen: 48976K->6624K(49152K)] 118859K->77051K(160256K), 0.0022570 secs] [Times: user=0.01 sys=0.00, real=0.01 secs] 
156.109: Total time for which application threads were stopped: 0.0056470 seconds, Stopping threads took: 0.0033090 seconds
156.147: Application time: 0.0381460 seconds
156.149: [GC [PSYoungGen: 49120K->6224K(49152K)] 119547K->76651K(160256K), 0.0020830 secs] [Times: user=0.01 sys=0.00, real=0.00 secs] 
156.151: Total time for which application threads were stopped: 0.0045140 seconds, Stopping threads took: 0.0023380 seconds
156.190: Application time: 0.0381240 seconds
156.191: [GC [PSYoungGen: 48720K->6640K(49152K)] 119147K->77435K(160256K), 0.0021270 secs] [Times: user=0.01 sys=0.00, real=0.00 secs] 
156.193: Total time for which application threads were stopped: 0.0033630 seconds, Stopping threads took: 0.0011560 seconds
156.232: Application time: 0.0387960 seconds
156.233: [GC [PSYoungGen: 49136K->5984K(49152K)] 119931K->76787K(160256K), 0.0017630 secs] [Times: user=0.01 sys=0.00, real=0.00 secs] 
156.235: Total time for which application threads were stopped: 0.0032870 seconds, Stopping threads took: 0.0014480 seconds
156.274: Application time: 0.0388490 seconds
156.277: [GC [PSYoungGen: 48480K->6624K(49152K)] 119283K->77539K(160256K), 0.0020650 secs] [Times: user=0.01 sys=0.00, real=0.01 secs] 
156.279: Total time for which application threads were stopped: 0.0047980 seconds, Stopping threads took: 0.0026480 seconds
156.318: Application time: 0.0393590 seconds
156.320: [GC [PSYoungGen: 49120K->6656K(49152K)] 120035K->78387K(160256K), 0.0023570 secs] [Times: user=0.01 sys=0.00, real=0.00 secs] 
156.322: Total time for which application threads were stopped: 0.0042350 seconds, Stopping threads took: 0.0017960 seconds
156.360: Application time: 0.0375220 seconds
156.362: [GC [PSYoungGen: 49152K->6656K(49152K)] 120883K->79899K(160256K), 0.0025360 secs] [Times: user=0.02 sys=0.00, real=0.00 secs] 
156.364: Total time for which application threads were stopped: 0.0044260 seconds, Stopping threads took: 0.0018040 seconds
156.403: Application time: 0.0391430 seconds
156.406: [GC [PSYoungGen: 49152K->5344K(49152K)] 122395K->78587K(160256K), 0.0018000 secs] [Times: user=0.01 sys=0.00, real=0.01 secs] 
156.408: Total time for which application threads were stopped: 0.0044350 seconds, Stopping threads took: 0.0025330 seconds
156.445: Application time: 0.0373940 seconds
156.446: [GC [PSYoungGen: 47840K->5776K(49152K)] 121083K->79019K(160256K), 0.0017470 secs] [Times: user=0.02 sys=0.00, real=0.01 secs] 
156.448: Total time for which application threads were stopped: 0.0030300 seconds, Stopping threads took: 0.0011910 seconds
156.486: Application time: 0.0374450 seconds
156.487: [GC [PSYoungGen: 48272K->6624K(49152K)] 121515K->80643K(160256K), 0.0022520 secs] [Times: user=0.01 sys=0.00, real=0.00 secs] 
156.489: Total time for which application threads were stopped: 0.0035980 seconds, Stopping threads took: 0.0012580 seconds
156.528: Application time: 0.0383100 seconds
156.529: [GC [PSYoungGen: 49120K->6640K(49152K)] 123139K->80883K(160256K), 0.0021470 secs] [Times: user=0.01 sys=0.00, real=0.00 secs] 
156.531: Total time for which application threads were stopped: 0.0038310 seconds, Stopping threads took: 0.0015980 seconds
156.570: Application time: 0.0386930 seconds
156.572: [GC [PSYoungGen: 49136K->6288K(49152K)] 123379K->80539K(160256K), 0.0020280 secs] [Times: user=0.02 sys=0.00, real=0.00 secs] 
156.574: Total time for which application threads were stopped: 0.0040490 seconds, Stopping threads took: 0.0019380 seconds
156.613: Application time: 0.0391600 seconds
156.616: [GC [PSYoungGen: 48784K->5376K(49152K)] 123035K->79627K(160256K), 0.0019680 secs] [Times: user=0.01 sys=0.00, real=0.00 secs] 
156.618: Total time for which application threads were stopped: 0.0042920 seconds, Stopping threads took: 0.0022190 seconds
156.657: Application time: 0.0390880 seconds
156.659: [GC [PSYoungGen: 47872K->6400K(49152K)] 122123K->80651K(160256K), 0.0019300 secs] [Times: user=0.01 sys=0.00, real=0.00 secs] 
156.661: Total time for which application threads were stopped: 0.0044470 seconds, Stopping threads took: 0.0024260 seconds
156.700: Application time: 0.0386450 seconds
156.702: [GC [PSYoungGen: 48896K->6240K(49152K)] 123147K->80491K(160256K), 0.0018450 secs] [Times: user=0.02 sys=0.00, real=0.00 secs] 
156.704: Total time for which application threads were stopped: 0.0037590 seconds, Stopping threads took: 0.0018270 seconds
156.741: Application time: 0.0378180 seconds
156.744: [GC [PSYoungGen: 48736K->6640K(49152K)] 122987K->81323K(160256K), 0.0021020 secs] [Times: user=0.01 sys=0.00, real=0.00 secs] 
156.746: Total time for which application threads were stopped: 0.0047120 seconds, Stopping threads took: 0.0025360 seconds
156.785: Application time: 0.0386750 seconds
156.786: [GC [PSYoungGen: 49136K->6656K(49152K)] 123819K->81619K(160256K), 0.0020940 secs] [Times: user=0.01 sys=0.00, real=0.01 secs] 
156.788: Total time for which application threads were stopped: 0.0031140 seconds, Stopping threads took: 0.0009340 seconds
156.826: Application time: 0.0381560 seconds
156.828: [GC [PSYoungGen: 49152K->5824K(49152K)] 124115K->80787K(160256K), 0.0017920 secs] [Times: user=0.01 sys=0.00, real=0.00 secs] 
156.830: Total time for which application threads were stopped: 0.0036430 seconds, Stopping threads took: 0.0017720 seconds
156.868: Application time: 0.0384470 seconds
156.871: [GC [PSYoungGen: 48320K->6640K(49152K)] 123283K->82643K(160256K), 0.0023900 secs] [Times: user=0.02 sys=0.00, real=0.00 secs] 
156.873: Total time for which application threads were stopped: 0.0053610 seconds, Stopping threads took: 0.0028850 seconds
156.912: Application time: 0.0386380 seconds
156.914: [GC [PSYoungGen: 49136K->6032K(49152K)] 125139K->82043K(160256K), 0.0018760 secs] [Times: user=0.02 sys=0.00, real=0.00 secs] 
156.916: Total time for which application threads were stopped: 0.0035800 seconds, Stopping threads took: 0.0016230 seconds
156.954: Application time: 0.0380110 seconds
156.955: [GC [PSYoungGen: 48528K->6272K(49152K)] 124539K->82291K(160256K), 0.0018750 secs] [Times: user=0.02 sys=0.00, real=0.00 secs] 
156.957: Total time for which application threads were stopped: 0.0035150 seconds, Stopping threads took: 0.0015570 seconds
156.997: Application time: 0.0400540 seconds
156.999: [GC [PSYoungGen: 48768K->5136K(49152K)] 124787K->81163K(160256K), 0.0016660 secs] [Times: user=0.01 sys=0.00, real=0.00 secs] 
157.001: Total time for which application threads were stopped: 0.0037060 seconds, Stopping threads took: 0.0019620 seconds
157.042: Application time: 0.0405700 seconds
157.044: [GC [PSYoungGen: 47632K->5984K(49152K)] 123659K->82035K(160256K), 0.0018460 secs] [Times: user=0.01 sys=0.00, real=0.00 secs] 
157.046: Total time for which application threads were stopped: 0.0042370 seconds, Stopping threads took: 0.0023120 seconds
157.084: Application time: 0.0384360 seconds
157.086: [GC [PSYoungGen: 48480K->5568K(49152K)] 124531K->81619K(160256K), 0.0017140 secs] [Times: user=0.01 sys=0.00, real=0.01 secs] 
157.088: Total time for which application threads were stopped: 0.0036120 seconds, Stopping threads took: 0.0018170 seconds
157.126: Application time: 0.0385020 seconds
157.128: [GC [PSYoungGen: 48064K->6624K(49152K)] 124115K->82819K(160256K), 0.0020540 secs] [Times: user=0.01 sys=0.00, real=0.00 secs] 
157.130: Total time for which application threads were stopped: 0.0035230 seconds, Stopping threads took: 0.0013870 seconds
157.169: Application time: 0.0394340 seconds
157.171: [GC [PSYoungGen: 49120K->5760K(49152K)] 125315K->81955K(160256K), 0.0019100 secs] [Times: user=0.01 sys=0.00, real=0.00 secs] 
157.173: Total time for which application threads were stopped: 0.0038980 seconds, Stopping threads took: 0.0018990 seconds
157.212: Application time: 0.0386980 seconds
157.214: [GC [PSYoungGen: 48256K->6064K(49152K)] 124451K->82259K(160256K), 0.0019270 secs] [Times: user=0.01 sys=0.00, real=0.00 secs] 
157.216: Total time for which application threads were stopped: 0.0043950 seconds, Stopping threads took: 0.0023830 seconds
157.254: Application time: 0.0376920 seconds
157.256: [GC [PSYoungGen: 48560K->5456K(49152K)] 124755K->81651K(160256K), 0.0016690 secs] [Times: user=0.01 sys=0.00, real=0.00 secs] 
157.257: Total time for which application threads were stopped: 0.0032970 seconds, Stopping threads took: 0.0015520 seconds
157.295: Application time: 0.0378880 seconds
157.296: [GC [PSYoungGen: 47952K->6192K(49152K)] 124147K->82403K(160256K), 0.0018730 secs] [Times: user=0.01 sys=0.00, real=0.00 secs] 
157.298: Total time for which application threads were stopped: 0.0030520 seconds, Stopping threads took: 0.0011040 seconds
157.339: Application time: 0.0403140 seconds
157.341: [GC [PSYoungGen: 48687K->6656K(49152K)] 124898K->84259K(160256K), 0.0024010 secs] [Times: user=0.02 sys=0.00, real=0.00 secs] 
157.344: Total time for which application threads were stopped: 0.0050900 seconds, Stopping threads took: 0.0026010 seconds
157.383: Application time: 0.0389860 seconds
157.385: [GC [PSYoungGen: 49152K->6656K(49152K)] 126755K->84331K(160256K), 0.0021660 secs] [Times: user=0.01 sys=0.00, real=0.01 secs] 
157.387: Total time for which application threads were stopped: 0.0044790 seconds, Stopping threads took: 0.0022250 seconds
157.425: Application time: 0.0382270 seconds
157.428: [GC [PSYoungGen: 49152K->6624K(49152K)] 126827K->84315K(160256K), 0.0020220 secs] [Times: user=0.01 sys=0.00, real=0.00 secs] 
157.430: Total time for which application threads were stopped: 0.0047310 seconds, Stopping threads took: 0.0026280 seconds
157.468: Application time: 0.0383890 seconds
157.470: [GC [PSYoungGen: 49120K->6640K(49152K)] 126811K->85251K(160256K), 0.0023430 secs] [Times: user=0.02 sys=0.00, real=0.00 secs] 
157.472: Total time for which application threads were stopped: 0.0040030 seconds, Stopping threads took: 0.0015710 seconds
157.513: Application time: 0.0400960 seconds
157.513: [GC [PSYoungGen: 49136K->5552K(49152K)] 127747K->84171K(160256K), 0.0017530 secs] [Times: user=0.01 sys=0.00, real=0.00 secs] 
157.515: Total time for which application threads were stopped: 0.0023270 seconds, Stopping threads took: 0.0004950 seconds
157.552: Application time: 0.0374060 seconds
157.554: [GC [PSYoungGen: 48048K->6640K(49152K)] 126667K->85843K(160256K), 0.0022230 secs] [Times: user=0.01 sys=0.00, real=0.00 secs] 
157.556: Total time for which application threads were stopped: 0.0038200 seconds, Stopping threads took: 0.0014900 seconds
157.592: Application time: 0.0362360 seconds
157.595: [GC [PSYoungGen: 49136K->6656K(49152K)] 128339K->86331K(160256K), 0.0022690 secs] [Times: user=0.02 sys=0.00, real=0.00 secs] 
157.597: Total time for which application threads were stopped: 0.0047000 seconds, Stopping threads took: 0.0023380 seconds
157.636: Application time: 0.0385200 seconds
157.638: [GC [PSYoungGen: 49152K->6640K(49152K)] 128827K->86731K(160256K), 0.0021820 secs] [Times: user=0.02 sys=0.00, real=0.01 secs] 
157.640: Total time for which application threads were stopped: 0.0045010 seconds, Stopping threads took: 0.0022340 seconds
157.678: Application time: 0.0378370 seconds
157.681: [GC [PSYoungGen: 49136K->6656K(49152K)] 129227K->88059K(160256K), 0.0026160 secs] [Times: user=0.02 sys=0.00, real=0.00 secs] 
157.683: Total time for which application threads were stopped: 0.0052820 seconds, Stopping threads took: 0.0025700 seconds
157.722: Application time: 0.0392220 seconds
157.724: [GC [PSYoungGen: 49152K->5760K(49152K)] 130555K->87163K(160256K), 0.0019850 secs] [Times: user=0.02 sys=0.00, real=0.00 secs] 
157.727: Total time for which application threads were stopped: 0.0040720 seconds, Stopping threads took: 0.0019960 seconds
157.765: Application time: 0.0383030 seconds
157.767: [GC [PSYoungGen: 48256K->6080K(49152K)] 129659K->87483K(160256K), 0.0020280 secs] [Times: user=0.01 sys=0.00, real=0.00 secs] 
157.769: Total time for which application threads were stopped: 0.0041910 seconds, Stopping threads took: 0.0020750 seconds
157.806: Application time: 0.0374060 seconds
157.809: [GC [PSYoungGen: 48576K->6592K(49152K)] 129979K->87995K(160256K), 0.0022390 secs] [Times: user=0.01 sys=0.00, real=0.00 secs] 
157.811: Total time for which application threads were stopped: 0.0047040 seconds, Stopping threads took: 0.0023610 seconds
157.851: Application time: 0.0398180 seconds
157.853: [GC [PSYoungGen: 49088K->6336K(49152K)] 130491K->87747K(160256K), 0.0022530 secs] [Times: user=0.01 sys=0.00, real=0.00 secs] 
157.855: Total time for which application threads were stopped: 0.0044880 seconds, Stopping threads took: 0.0021590 seconds
157.894: Application time: 0.0389140 seconds
157.896: [GC [PSYoungGen: 48832K->6640K(49152K)] 130243K->88387K(160256K), 0.0022980 secs] [Times: user=0.01 sys=0.00, real=0.00 secs] 
157.898: Total time for which application threads were stopped: 0.0037760 seconds, Stopping threads took: 0.0013940 seconds
157.937: Application time: 0.0383690 seconds
157.938: [GC [PSYoungGen: 49134K->6480K(49152K)] 130882K->88235K(160256K), 0.0020630 secs] [Times: user=0.01 sys=0.00, real=0.01 secs] 
157.940: Total time for which application threads were stopped: 0.0033740 seconds, Stopping threads took: 0.0012300 seconds
157.980: Application time: 0.0399940 seconds
157.982: [GC [PSYoungGen: 48976K->5248K(49152K)] 130731K->87011K(160256K), 0.0016250 secs] [Times: user=0.01 sys=0.00, real=0.00 secs] 
157.984: Total time for which application threads were stopped: 0.0036330 seconds, Stopping threads took: 0.0019270 seconds
158.022: Application time: 0.0388640 seconds
158.024: [GC [PSYoungGen: 47744K->6208K(49152K)] 129507K->87979K(160256K), 0.0018530 secs] [Times: user=0.01 sys=0.00, real=0.00 secs] 
158.026: Total time for which application threads were stopped: 0.0033710 seconds, Stopping threads took: 0.0014350 seconds
158.064: Application time: 0.0378250 seconds
158.066: [GC [PSYoungGen: 48704K->6608K(49152K)] 130475K->88387K(160256K), 0.0020420 secs] [Times: user=0.01 sys=0.00, real=0.01 secs] 
158.068: Total time for which application threads were stopped: 0.0046900 seconds, Stopping threads took: 0.0025630 seconds
158.107: Application time: 0.0383450 seconds
158.108: [GC [PSYoungGen: 49104K->6640K(49152K)] 130883K->88539K(160256K), 0.0021490 secs] [Times: user=0.01 sys=0.00, real=0.00 secs] 
158.110: Total time for which application threads were stopped: 0.0036930 seconds, Stopping threads took: 0.0014610 seconds
158.148: Application time: 0.0372460 seconds
158.150: [GC [PSYoungGen: 49136K->6624K(49152K)] 131035K->89067K(160256K), 0.0021400 secs] [Times: user=0.01 sys=0.00, real=0.00 secs] 
158.152: Total time for which application threads were stopped: 0.0045720 seconds, Stopping threads took: 0.0023490 seconds
158.192: Application time: 0.0401720 seconds
158.194: [GC [PSYoungGen: 49120K->5696K(49152K)] 131563K->88147K(160256K), 0.0018750 secs] [Times: user=0.01 sys=0.00, real=0.00 secs] 
158.196: Total time for which application threads were stopped: 0.0034460 seconds, Stopping threads took: 0.0014740 seconds
158.236: Application time: 0.0400810 seconds
158.238: [GC [PSYoungGen: 48192K->5056K(49152K)] 130643K->87507K(160256K), 0.0016390 secs] [Times: user=0.01 sys=0.00, real=0.01 secs] 
158.240: Total time for which application threads were stopped: 0.0036900 seconds, Stopping threads took: 0.0019760 seconds
158.279: Application time: 0.0396070 seconds
158.281: [GC [PSYoungGen: 47552K->4928K(49152K)] 130003K->87379K(160256K), 0.0015740 secs] [Times: user=0.01 sys=0.00, real=0.00 secs] 
158.282: Total time for which application threads were stopped: 0.0031690 seconds, Stopping threads took: 0.0015190 seconds
158.322: Application time: 0.0394890 seconds
158.323: [GC [PSYoungGen: 47424K->6640K(49152K)] 129875K->89355K(160256K), 0.0021580 secs] [Times: user=0.02 sys=0.00, real=0.00 secs] 
158.325: Total time for which application threads were stopped: 0.0035140 seconds, Stopping threads took: 0.0012770 seconds
158.365: Application time: 0.0394650 seconds
158.366: [GC [PSYoungGen: 49136K->5744K(49152K)] 131851K->88467K(160256K), 0.0018520 secs] [Times: user=0.01 sys=0.00, real=0.01 secs] 
158.368: Total time for which application threads were stopped: 0.0032360 seconds, Stopping threads took: 0.0013060 seconds
158.408: Application time: 0.0398770 seconds
158.409: [GC [PSYoungGen: 48240K->5792K(49152K)] 130963K->88515K(160256K), 0.0017640 secs] [Times: user=0.02 sys=0.00, real=0.00 secs] 
158.411: Total time for which application threads were stopped: 0.0032980 seconds, Stopping threads took: 0.0014520 seconds
158.451: Application time: 0.0397810 seconds
158.452: [GC [PSYoungGen: 48288K->6432K(49152K)] 131011K->89155K(160256K), 0.0020020 secs] [Times: user=0.01 sys=0.00, real=0.00 secs] 
158.454: Total time for which application threads were stopped: 0.0033250 seconds, Stopping threads took: 0.0012390 seconds
158.495: Application time: 0.0405450 seconds
158.497: [GC [PSYoungGen: 48928K->5872K(49152K)] 131651K->88611K(160256K), 0.0018050 secs] [Times: user=0.01 sys=0.00, real=0.01 secs] 
158.499: Total time for which application threads were stopped: 0.0037350 seconds, Stopping threads took: 0.0018530 seconds
158.538: Application time: 0.0394130 seconds
158.540: [GC [PSYoungGen: 48368K->6544K(49152K)] 131107K->89291K(160256K), 0.0020070 secs] [Times: user=0.01 sys=0.00, real=0.00 secs] 
158.542: Total time for which application threads were stopped: 0.0041330 seconds, Stopping threads took: 0.0020450 seconds
158.581: Application time: 0.0386800 seconds
158.582: [GC [PSYoungGen: 49040K->6640K(49152K)] 131787K->89995K(160256K), 0.0022350 secs] [Times: user=0.01 sys=0.00, real=0.00 secs] 
158.585: Total time for which application threads were stopped: 0.0037630 seconds, Stopping threads took: 0.0014470 seconds
158.625: Application time: 0.0401450 seconds
158.627: [GC [PSYoungGen: 49136K->6640K(49152K)] 132491K->90003K(160256K), 0.0020000 secs] [Times: user=0.01 sys=0.00, real=0.00 secs] 
158.629: Total time for which application threads were stopped: 0.0042890 seconds, Stopping threads took: 0.0022070 seconds
158.668: Application time: 0.0388190 seconds
158.670: [GC [PSYoungGen: 49136K->6640K(49152K)] 132499K->90203K(160256K), 0.0022440 secs] [Times: user=0.02 sys=0.00, real=0.00 secs] 
158.672: Total time for which application threads were stopped: 0.0044700 seconds, Stopping threads took: 0.0021190 seconds
158.711: Application time: 0.0384870 seconds
158.712: [GC [PSYoungGen: 49136K->5840K(49152K)] 132699K->89403K(160256K), 0.0018130 secs] [Times: user=0.01 sys=0.00, real=0.00 secs] 
158.714: Total time for which application threads were stopped: 0.0034550 seconds, Stopping threads took: 0.0015490 seconds
158.755: Application time: 0.0402720 seconds
158.756: [GC [PSYoungGen: 48336K->6080K(49152K)] 131899K->89643K(160256K), 0.0018800 secs] [Times: user=0.01 sys=0.00, real=0.00 secs] 
158.758: Total time for which application threads were stopped: 0.0030470 seconds, Stopping threads took: 0.0010820 seconds
158.799: Application time: 0.0413590 seconds
158.800: [GC [PSYoungGen: 48576K->4912K(49152K)] 132139K->88475K(160256K), 0.0015430 secs] [Times: user=0.01 sys=0.00, real=0.00 secs] 
158.802: Total time for which application threads were stopped: 0.0030760 seconds, Stopping threads took: 0.0014570 seconds
158.842: Application time: 0.0396660 seconds
158.844: [GC [PSYoungGen: 47408K->6640K(49152K)] 130971K->90339K(160256K), 0.0019670 secs] [Times: user=0.01 sys=0.00, real=0.00 secs] 
158.846: Total time for which application threads were stopped: 0.0043670 seconds, Stopping threads took: 0.0023240 seconds
158.885: Application time: 0.0392730 seconds
158.887: [GC [PSYoungGen: 49136K->6656K(49152K)] 132835K->90811K(160256K), 0.0021000 secs] [Times: user=0.01 sys=0.00, real=0.00 secs] 
158.890: Total time for which application threads were stopped: 0.0041800 seconds, Stopping threads took: 0.0019820 seconds
158.930: Application time: 0.0400490 seconds
158.932: [GC [PSYoungGen: 49152K->6432K(49152K)] 133307K->90587K(160256K), 0.0019250 secs] [Times: user=0.01 sys=0.00, real=0.00 secs] 
158.934: Total time for which application threads were stopped: 0.0044390 seconds, Stopping threads took: 0.0024300 seconds
158.976: Application time: 0.0420150 seconds
158.977: [GC [PSYoungGen: 48928K->6640K(49152K)] 133083K->91532K(160256K), 0.0021780 secs] [Times: user=0.02 sys=0.00, real=0.01 secs] 
158.980: Total time for which application threads were stopped: 0.0035420 seconds, Stopping threads took: 0.0012870 seconds
159.023: Application time: 0.0435970 seconds
159.025: [GC [PSYoungGen: 49136K->6656K(49152K)] 134028K->92428K(160256K), 0.0021830 secs] [Times: user=0.01 sys=0.00, real=0.01 secs] 
159.028: Total time for which application threads were stopped: 0.0043440 seconds, Stopping threads took: 0.0020840 seconds
159.068: Application time: 0.0403570 seconds
159.069: [GC [PSYoungGen: 49152K->6656K(49152K)] 134924K->93060K(160256K), 0.0022070 secs] [Times: user=0.01 sys=0.00, real=0.00 secs] 
159.071: Total time for which application threads were stopped: 0.0032310 seconds, Stopping threads took: 0.0009440 seconds
159.111: Application time: 0.0401020 seconds
159.112: [GC [PSYoungGen: 49152K->5792K(49152K)] 135556K->92204K(160256K), 0.0017610 secs] [Times: user=0.01 sys=0.00, real=0.00 secs] 
159.114: Total time for which application threads were stopped: 0.0025310 seconds, Stopping threads took: 0.0006920 seconds
159.153: Application time: 0.0391420 seconds
159.155: [GC [PSYoungGen: 48288K->6656K(49152K)] 134700K->93180K(160256K), 0.0020420 secs] [Times: user=0.01 sys=0.00, real=0.00 secs] 
159.157: Total time for which application threads were stopped: 0.0045210 seconds, Stopping threads took: 0.0023970 seconds
159.196: Application time: 0.0387090 seconds
159.198: [GC [PSYoungGen: 49152K->6656K(49152K)] 135676K->93196K(160256K), 0.0020010 secs] [Times: user=0.02 sys=0.00, real=0.01 secs] 
159.200: Total time for which application threads were stopped: 0.0041660 seconds, Stopping threads took: 0.0020800 seconds
159.239: Application time: 0.0391920 seconds
159.242: [GC [PSYoungGen: 49152K->6640K(49152K)] 135692K->93500K(160256K), 0.0021390 secs] [Times: user=0.01 sys=0.00, real=0.00 secs] 
159.244: Total time for which application threads were stopped: 0.0042500 seconds, Stopping threads took: 0.0020130 seconds
159.281: Application time: 0.0376290 seconds
159.283: [GC [PSYoungGen: 49136K->6656K(49152K)] 135996K->94140K(160256K), 0.0022250 secs] [Times: user=0.01 sys=0.00, real=0.00 secs] 
159.285: Total time for which application threads were stopped: 0.0034820 seconds, Stopping threads took: 0.0011620 seconds
159.323: Application time: 0.0379160 seconds
159.325: [GC [PSYoungGen: 49152K->6640K(49152K)] 136636K->94580K(160256K), 0.0020680 secs] [Times: user=0.02 sys=0.00, real=0.01 secs] 
159.327: Total time for which application threads were stopped: 0.0041990 seconds, Stopping threads took: 0.0020550 seconds
159.369: Application time: 0.0419880 seconds
159.371: [GC [PSYoungGen: 49136K->5184K(49152K)] 137076K->93124K(160256K), 0.0017200 secs] [Times: user=0.01 sys=0.01, real=0.00 secs] 
159.372: Total time for which application threads were stopped: 0.0032730 seconds, Stopping threads took: 0.0014830 seconds
159.414: Application time: 0.0412810 seconds
159.415: [GC [PSYoungGen: 47680K->5200K(49152K)] 135620K->93148K(160256K), 0.0016620 secs] [Times: user=0.01 sys=0.00, real=0.00 secs] 
159.417: Total time for which application threads were stopped: 0.0030490 seconds, Stopping threads took: 0.0013090 seconds
159.455: Application time: 0.0379870 seconds
159.457: [GC [PSYoungGen: 47696K->6096K(49152K)] 135644K->94044K(160256K), 0.0019190 secs] [Times: user=0.01 sys=0.00, real=0.01 secs] 
159.459: Total time for which application threads were stopped: 0.0045340 seconds, Stopping threads took: 0.0025370 seconds
159.499: Application time: 0.0394930 seconds
159.499: [GC [PSYoungGen: 48592K->6640K(49152K)] 136540K->94612K(160256K), 0.0020750 secs] [Times: user=0.02 sys=0.00, real=0.00 secs] 
159.501: Total time for which application threads were stopped: 0.0025150 seconds, Stopping threads took: 0.0003640 seconds
159.542: Application time: 0.0405780 seconds
159.544: [GC [PSYoungGen: 49136K->6656K(49152K)] 137108K->96044K(160256K), 0.0024860 secs] [Times: user=0.02 sys=0.00, real=0.01 secs] 
159.547: Total time for which application threads were stopped: 0.0050260 seconds, Stopping threads took: 0.0024540 seconds
159.585: Application time: 0.0380690 seconds
159.588: [GC [PSYoungGen: 49152K->6656K(49152K)] 138540K->96204K(160256K), 0.0020680 secs] [Times: user=0.01 sys=0.00, real=0.00 secs] 
159.590: Total time for which application threads were stopped: 0.0049110 seconds, Stopping threads took: 0.0027650 seconds
159.627: Application time: 0.0377590 seconds
159.630: [GC [PSYoungGen: 49152K->6640K(49152K)] 138700K->96356K(160256K), 0.0020900 secs] [Times: user=0.02 sys=0.00, real=0.00 secs] 
159.632: Total time for which application threads were stopped: 0.0044370 seconds, Stopping threads took: 0.0022690 seconds
159.671: Application time: 0.0391440 seconds
159.673: [GC [PSYoungGen: 49136K->6656K(49152K)] 138852K->97284K(160256K), 0.0022680 secs] [Times: user=0.01 sys=0.00, real=0.00 secs] 
159.675: Total time for which application threads were stopped: 0.0040940 seconds, Stopping threads took: 0.0017450 seconds
159.718: Application time: 0.0426410 seconds
159.719: [GC [PSYoungGen: 49152K->5216K(49152K)] 139780K->95852K(160256K), 0.0016640 secs] [Times: user=0.01 sys=0.00, real=0.00 secs] 
159.721: Total time for which application threads were stopped: 0.0029300 seconds, Stopping threads took: 0.0011930 seconds
159.761: Application time: 0.0405380 seconds
159.763: [GC [PSYoungGen: 47712K->5616K(49152K)] 138348K->96252K(160256K), 0.0017360 secs] [Times: user=0.01 sys=0.00, real=0.00 secs] 
159.765: Total time for which application threads were stopped: 0.0035530 seconds, Stopping threads took: 0.0017350 seconds
159.804: Application time: 0.0389600 seconds
159.806: [GC [PSYoungGen: 48112K->5472K(49152K)] 138748K->96108K(160256K), 0.0017250 secs] [Times: user=0.01 sys=0.00, real=0.01 secs] 
159.808: Total time for which application threads were stopped: 0.0041350 seconds, Stopping threads took: 0.0023300 seconds
159.848: Application time: 0.0397250 seconds
159.849: [GC [PSYoungGen: 47968K->5408K(49152K)] 138604K->96044K(160256K), 0.0018420 secs] [Times: user=0.01 sys=0.00, real=0.00 secs] 
159.851: Total time for which application threads were stopped: 0.0034550 seconds, Stopping threads took: 0.0015310 seconds
159.890: Application time: 0.0387710 seconds
159.891: [GC [PSYoungGen: 47904K->6656K(49152K)] 138540K->97844K(160256K), 0.0022470 secs] [Times: user=0.01 sys=0.00, real=0.00 secs] 
159.894: Total time for which application threads were stopped: 0.0038540 seconds, Stopping threads took: 0.0015050 seconds
159.931: Application time: 0.0376800 seconds
159.934: [GC [PSYoungGen: 49152K->6560K(49152K)] 140340K->97756K(160256K), 0.0020400 secs] [Times: user=0.01 sys=0.00, real=0.00 secs] 
159.936: Total time for which application threads were stopped: 0.0046730 seconds, Stopping threads took: 0.0025530 seconds
159.974: Application time: 0.0381260 seconds
159.977: [GC [PSYoungGen: 49056K->6640K(49152K)] 140252K->97924K(160256K), 0.0019960 secs] [Times: user=0.01 sys=0.00, real=0.01 secs] 
159.979: Total time for which application threads were stopped: 0.0046180 seconds, Stopping threads took: 0.0025380 seconds
160.018: Application time: 0.0390700 seconds
160.020: [GC [PSYoungGen: 49136K->6032K(49152K)] 140420K->97316K(160256K), 0.0019230 secs] [Times: user=0.01 sys=0.00, real=0.00 secs] 
160.022: Total time for which application threads were stopped: 0.0040340 seconds, Stopping threads took: 0.0020290 seconds
160.062: Application time: 0.0396190 seconds
160.063: [GC [PSYoungGen: 48528K->5824K(49152K)] 139812K->97116K(160256K), 0.0020160 secs] [Times: user=0.02 sys=0.00, real=0.00 secs] 
160.065: Total time for which application threads were stopped: 0.0037000 seconds, Stopping threads took: 0.0015840 seconds
160.104: Application time: 0.0384570 seconds
160.105: [GC [PSYoungGen: 48320K->5728K(49152K)] 139612K->97028K(160256K), 0.0022660 secs] [Times: user=0.02 sys=0.00, real=0.01 secs] 
160.108: Total time for which application threads were stopped: 0.0038330 seconds, Stopping threads took: 0.0014910 seconds
160.147: Application time: 0.0395120 seconds
160.149: [GC [PSYoungGen: 48224K->4992K(49152K)] 139524K->96292K(160256K), 0.0015820 secs] [Times: user=0.01 sys=0.00, real=0.00 secs] 
160.151: Total time for which application threads were stopped: 0.0038820 seconds, Stopping threads took: 0.0022280 seconds
160.189: Application time: 0.0381200 seconds
160.191: [GC [PSYoungGen: 47488K->6624K(49152K)] 138788K->97964K(160256K), 0.0020520 secs] [Times: user=0.02 sys=0.00, real=0.00 secs] 
160.193: Total time for which application threads were stopped: 0.0041460 seconds, Stopping threads took: 0.0020190 seconds
160.232: Application time: 0.0383800 seconds
160.233: [GC [PSYoungGen: 49120K->5840K(49152K)] 140460K->97188K(160256K), 0.0018510 secs] [Times: user=0.01 sys=0.00, real=0.00 secs] 
160.235: Total time for which application threads were stopped: 0.0037390 seconds, Stopping threads took: 0.0018110 seconds
160.273: Application time: 0.0379170 seconds
160.275: [GC [PSYoungGen: 48336K->6640K(49152K)] 139684K->98084K(160256K), 0.0020480 secs] [Times: user=0.02 sys=0.00, real=0.00 secs] 
160.277: Total time for which application threads were stopped: 0.0033540 seconds, Stopping threads took: 0.0012100 seconds
160.316: Application time: 0.0398550 seconds
160.319: [GC [PSYoungGen: 49136K->5872K(49152K)] 140580K->97316K(160256K), 0.0018190 secs] [Times: user=0.02 sys=0.00, real=0.00 secs] 
160.321: Total time for which application threads were stopped: 0.0041230 seconds, Stopping threads took: 0.0022310 seconds
160.360: Application time: 0.0393050 seconds
160.362: [GC [PSYoungGen: 48368K->6656K(49152K)] 139812K->99068K(160256K), 0.0022920 secs] [Times: user=0.02 sys=0.00, real=0.00 secs] 
160.365: Total time for which application threads were stopped: 0.0047110 seconds, Stopping threads took: 0.0023340 seconds
160.404: Application time: 0.0394020 seconds
160.406: [GC [PSYoungGen: 49150K->6272K(49152K)] 141562K->98684K(160256K), 0.0019880 secs] [Times: user=0.01 sys=0.00, real=0.01 secs] 
160.408: Total time for which application threads were stopped: 0.0037030 seconds, Stopping threads took: 0.0016370 seconds
160.449: Application time: 0.0414580 seconds
160.451: [GC [PSYoungGen: 48767K->6336K(49152K)] 141180K->98748K(160256K), 0.0019640 secs] [Times: user=0.01 sys=0.00, real=0.00 secs] 
160.453: Total time for which application threads were stopped: 0.0037220 seconds, Stopping threads took: 0.0016710 seconds
160.493: Application time: 0.0396810 seconds
160.495: [GC [PSYoungGen: 48832K->6304K(49152K)] 141244K->98716K(160256K), 0.0019070 secs] [Times: user=0.02 sys=0.00, real=0.00 secs] 
160.497: Total time for which application threads were stopped: 0.0042370 seconds, Stopping threads took: 0.0022420 seconds
160.538: Application time: 0.0410930 seconds
160.539: [GC [PSYoungGen: 48800K->6656K(49152K)] 141212K->99124K(160256K), 0.0021370 secs] [Times: user=0.01 sys=0.00, real=0.00 secs] 
160.542: Total time for which application threads were stopped: 0.0036500 seconds, Stopping threads took: 0.0014340 seconds
160.579: Application time: 0.0373820 seconds
160.581: [GC [PSYoungGen: 49152K->6656K(49152K)] 141620K->99252K(160256K), 0.0021290 secs] [Times: user=0.01 sys=0.00, real=0.00 secs] 
160.583: Total time for which application threads were stopped: 0.0037980 seconds, Stopping threads took: 0.0015870 seconds
160.622: Application time: 0.0395810 seconds
160.625: [GC [PSYoungGen: 49152K->6656K(49152K)] 141748K->100188K(160256K), 0.0023650 secs] [Times: user=0.01 sys=0.00, real=0.01 secs] 
160.627: Total time for which application threads were stopped: 0.0047270 seconds, Stopping threads took: 0.0022810 seconds
160.665: Application time: 0.0380080 seconds
160.668: [GC [PSYoungGen: 49152K->6640K(49152K)] 142684K->100852K(160256K), 0.0022210 secs] [Times: user=0.01 sys=0.00, real=0.00 secs] 
160.670: Total time for which application threads were stopped: 0.0051630 seconds, Stopping threads took: 0.0028580 seconds
160.708: Application time: 0.0378070 seconds
160.711: [GC [PSYoungGen: 49136K->6656K(49152K)] 143348K->100868K(160256K), 0.0020340 secs] [Times: user=0.01 sys=0.00, real=0.00 secs] 
160.713: Total time for which application threads were stopped: 0.0048790 seconds, Stopping threads took: 0.0027650 seconds
160.753: Application time: 0.0398680 seconds
160.754: [GC [PSYoungGen: 49152K->5984K(49152K)] 143364K->100196K(160256K), 0.0017890 secs] [Times: user=0.01 sys=0.00, real=0.00 secs] 
160.756: Total time for which application threads were stopped: 0.0029360 seconds, Stopping threads took: 0.0010710 seconds
160.795: Application time: 0.0391160 seconds
160.799: [GC [PSYoungGen: 48478K->6272K(49152K)] 142691K->100484K(160256K), 0.0019400 secs] [Times: user=0.01 sys=0.00, real=0.00 secs] 
160.801: Total time for which application threads were stopped: 0.0057630 seconds, Stopping threads took: 0.0037400 seconds
160.842: Application time: 0.0409520 seconds
160.844: [GC [PSYoungGen: 48768K->6048K(49152K)] 142980K->100260K(160256K), 0.0019120 secs] [Times: user=0.01 sys=0.00, real=0.00 secs] 
160.845: Total time for which application threads were stopped: 0.0038390 seconds, Stopping threads took: 0.0018470 seconds
160.887: Application time: 0.0414130 seconds
160.888: [GC [PSYoungGen: 48544K->5504K(49152K)] 142756K->99716K(160256K), 0.0017190 secs] [Times: user=0.01 sys=0.00, real=0.00 secs] 
160.890: Total time for which application threads were stopped: 0.0031200 seconds, Stopping threads took: 0.0013280 seconds
160.928: Application time: 0.0383040 seconds
160.931: [GC [PSYoungGen: 48000K->6640K(49152K)] 142212K->101500K(160256K), 0.0021610 secs] [Times: user=0.02 sys=0.00, real=0.00 secs] 
160.933: Total time for which application threads were stopped: 0.0045990 seconds, Stopping threads took: 0.0023530 seconds
160.973: Application time: 0.0398720 seconds
160.975: [GC [PSYoungGen: 49136K->6240K(49152K)] 143996K->101100K(160256K), 0.0019630 secs] [Times: user=0.01 sys=0.00, real=0.00 secs] 
160.977: Total time for which application threads were stopped: 0.0042350 seconds, Stopping threads took: 0.0021930 seconds
161.017: Application time: 0.0396840 seconds
161.019: [GC [PSYoungGen: 48736K->5104K(49152K)] 143596K->99972K(160256K), 0.0016380 secs] [Times: user=0.01 sys=0.00, real=0.00 secs] 
161.020: Total time for which application threads were stopped: 0.0036920 seconds, Stopping threads took: 0.0019800 seconds
161.059: Application time: 0.0383380 seconds
161.060: [GC [PSYoungGen: 47600K->5920K(49152K)] 142468K->100788K(160256K), 0.0018240 secs] [Times: user=0.01 sys=0.00, real=0.00 secs] 
161.062: Total time for which application threads were stopped: 0.0033920 seconds, Stopping threads took: 0.0014900 seconds
161.100: Application time: 0.0379590 seconds
161.103: [GC [PSYoungGen: 48416K->6624K(49152K)] 143284K->102004K(160256K), 0.0022600 secs] [Times: user=0.01 sys=0.01, real=0.00 secs] 
161.105: Total time for which application threads were stopped: 0.0047330 seconds, Stopping threads took: 0.0023900 seconds
161.144: Application time: 0.0393940 seconds
161.147: [GC [PSYoungGen: 49120K->5424K(49152K)] 144500K->100804K(160256K), 0.0016330 secs] [Times: user=0.01 sys=0.00, real=0.00 secs] 
161.148: Total time for which application threads were stopped: 0.0039900 seconds, Stopping threads took: 0.0022700 seconds
161.187: Application time: 0.0387720 seconds
161.189: [GC [PSYoungGen: 47920K->6144K(49152K)] 143300K->101540K(160256K), 0.0019340 secs] [Times: user=0.01 sys=0.00, real=0.00 secs] 
161.191: Total time for which application threads were stopped: 0.0043570 seconds, Stopping threads took: 0.0023410 seconds
161.230: Application time: 0.0389090 seconds
161.232: [GC [PSYoungGen: 48640K->6624K(49152K)] 144036K->102140K(160256K), 0.0020700 secs] [Times: user=0.01 sys=0.00, real=0.00 secs] 
161.234: Total time for which application threads were stopped: 0.0033630 seconds, Stopping threads took: 0.0012160 seconds
161.271: Application time: 0.0377490 seconds
161.274: [GC [PSYoungGen: 49120K->6624K(49152K)] 144636K->103124K(160256K), 0.0022470 secs] [Times: user=0.02 sys=0.00, real=0.00 secs] 
161.277: Total time for which application threads were stopped: 0.0053860 seconds, Stopping threads took: 0.0030520 seconds
161.317: Application time: 0.0403020 seconds
161.319: [GC [PSYoungGen: 49120K->5408K(49152K)] 145620K->101916K(160256K), 0.0017780 secs] [Times: user=0.01 sys=0.01, real=0.00 secs] 
161.321: Total time for which application threads were stopped: 0.0035830 seconds, Stopping threads took: 0.0017210 seconds
161.359: Application time: 0.0382760 seconds
161.360: [GC [PSYoungGen: 47904K->6640K(49152K)] 144412K->103748K(160256K), 0.0022200 secs] [Times: user=0.02 sys=0.00, real=0.00 secs] 
161.362: Total time for which application threads were stopped: 0.0034730 seconds, Stopping threads took: 0.0011630 seconds
161.400: Application time: 0.0380790 seconds
161.403: [GC [PSYoungGen: 49136K->6592K(49152K)] 146244K->103700K(160256K), 0.0020230 secs] [Times: user=0.02 sys=0.00, real=0.00 secs] 
161.405: Total time for which application threads were stopped: 0.0043950 seconds, Stopping threads took: 0.0022910 seconds
161.445: Application time: 0.0399660 seconds
161.447: [GC [PSYoungGen: 49088K->5920K(49152K)] 146196K->103028K(160256K), 0.0018460 secs] [Times: user=0.01 sys=0.00, real=0.00 secs] 
161.449: Total time for which application threads were stopped: 0.0036890 seconds, Stopping threads took: 0.0017670 seconds
161.490: Application time: 0.0413520 seconds
161.492: [GC [PSYoungGen: 48416K->5776K(49152K)] 145524K->102884K(160256K), 0.0018120 secs] [Times: user=0.01 sys=0.00, real=0.00 secs] 
161.494: Total time for which application threads were stopped: 0.0038520 seconds, Stopping threads took: 0.0019640 seconds
161.534: Application time: 0.0399850 seconds
161.536: [GC [PSYoungGen: 48272K->6336K(49152K)] 145380K->103452K(160256K), 0.0019540 secs] [Times: user=0.02 sys=0.00, real=0.00 secs] 
161.538: Total time for which application threads were stopped: 0.0046410 seconds, Stopping threads took: 0.0026160 seconds
161.581: Application time: 0.0422250 seconds
161.582: [GC [PSYoungGen: 48832K->6624K(49152K)] 145948K->103740K(160256K), 0.0020400 secs] [Times: user=0.02 sys=0.00, real=0.00 secs] 
161.584: Total time for which application threads were stopped: 0.0038810 seconds, Stopping threads took: 0.0017580 seconds
161.626: Application time: 0.0412110 seconds
161.628: [GC [PSYoungGen: 49120K->6096K(49152K)] 146236K->103220K(160256K), 0.0019160 secs] [Times: user=0.01 sys=0.00, real=0.00 secs] 
161.630: Total time for which application threads were stopped: 0.0043850 seconds, Stopping threads took: 0.0023920 seconds
161.671: Application time: 0.0406990 seconds
161.673: [GC [PSYoungGen: 48592K->6496K(49152K)] 145716K->103628K(160256K), 0.0020320 secs] [Times: user=0.02 sys=0.00, real=0.00 secs] 
161.675: Total time for which application threads were stopped: 0.0044520 seconds, Stopping threads took: 0.0023250 seconds
161.713: Application time: 0.0375860 seconds
161.715: [GC [PSYoungGen: 48992K->6640K(49152K)] 146124K->103788K(160256K), 0.0021250 secs] [Times: user=0.02 sys=0.00, real=0.00 secs] 
161.717: Total time for which application threads were stopped: 0.0040890 seconds, Stopping threads took: 0.0018820 seconds
161.754: Application time: 0.0368550 seconds
161.756: [GC [PSYoungGen: 49136K->6624K(49152K)] 146284K->103964K(160256K), 0.0021520 secs] [Times: user=0.01 sys=0.00, real=0.01 secs] 
161.759: Total time for which application threads were stopped: 0.0047870 seconds, Stopping threads took: 0.0025410 seconds
161.796: Application time: 0.0375200 seconds
161.798: [GC [PSYoungGen: 49120K->6656K(49152K)] 146460K->104981K(160256K), 0.0021760 secs] [Times: user=0.02 sys=0.00, real=0.01 secs] 
161.800: Total time for which application threads were stopped: 0.0039120 seconds, Stopping threads took: 0.0016540 seconds
161.840: Application time: 0.0396310 seconds
161.843: [GC [PSYoungGen: 49152K->6656K(49152K)] 147477K->105629K(160256K), 0.0022520 secs] [Times: user=0.02 sys=0.00, real=0.00 secs] 
161.845: Total time for which application threads were stopped: 0.0054030 seconds, Stopping threads took: 0.0030570 seconds
161.885: Application time: 0.0403880 seconds
161.887: [GC [PSYoungGen: 49152K->5248K(49152K)] 148125K->104229K(160256K), 0.0016440 secs] [Times: user=0.01 sys=0.00, real=0.00 secs] 
161.889: Total time for which application threads were stopped: 0.0036450 seconds, Stopping threads took: 0.0019210 seconds
161.927: Application time: 0.0381130 seconds
161.929: [GC [PSYoungGen: 47744K->6656K(49152K)] 146725K->107013K(160256K), 0.0024930 secs] [Times: user=0.01 sys=0.00, real=0.00 secs] 
161.932: Total time for which application threads were stopped: 0.0047950 seconds, Stopping threads took: 0.0022130 seconds
161.970: Application time: 0.0384680 seconds
161.973: [GC [PSYoungGen: 49152K->6640K(49152K)] 149509K->108149K(160256K), 0.0023180 secs] [Times: user=0.02 sys=0.00, real=0.00 secs] 
161.976: Total time for which application threads were stopped: 0.0051390 seconds, Stopping threads took: 0.0027380 seconds
162.014: Application time: 0.0388780 seconds
162.016: [GC [PSYoungGen: 49136K->5888K(49152K)] 150645K->107397K(160256K), 0.0018820 secs] [Times: user=0.02 sys=0.00, real=0.00 secs] 
162.018: Total time for which application threads were stopped: 0.0035200 seconds, Stopping threads took: 0.0015560 seconds
162.058: Application time: 0.0401090 seconds
162.060: [GC [PSYoungGen: 48384K->5712K(49152K)] 149893K->107221K(160256K), 0.0018480 secs] [Times: user=0.01 sys=0.00, real=0.00 secs] 
162.061: Total time for which application threads were stopped: 0.0033420 seconds, Stopping threads took: 0.0014130 seconds
162.101: Application time: 0.0396530 seconds
162.103: [GC [PSYoungGen: 48208K->6656K(49152K)] 149717K->108565K(160256K), 0.0021530 secs] [Times: user=0.01 sys=0.00, real=0.00 secs] 
162.105: Total time for which application threads were stopped: 0.0037560 seconds, Stopping threads took: 0.0015210 seconds
162.145: Application time: 0.0400130 seconds
162.146: [GC [PSYoungGen: 49152K->6464K(49152K)] 151061K->108373K(160256K), 0.0019690 secs] [Times: user=0.01 sys=0.00, real=0.01 secs] 
162.149: Total time for which application threads were stopped: 0.0036080 seconds, Stopping threads took: 0.0015540 seconds
162.187: Application time: 0.0381300 seconds
162.189: [GC [PSYoungGen: 48960K->6640K(49152K)] 150869K->109229K(160256K), 0.0021290 secs] [Times: user=0.01 sys=0.00, real=0.00 secs] 
162.191: Total time for which application threads were stopped: 0.0044240 seconds, Stopping threads took: 0.0022180 seconds
162.228: Application time: 0.0369920 seconds
162.231: [GC [PSYoungGen: 49136K->6656K(49152K)] 151725K->110797K(160256K), 0.0024910 secs] [Times: user=0.02 sys=0.00, real=0.00 secs] 
162.234: Total time for which application threads were stopped: 0.0055250 seconds, Stopping threads took: 0.0029480 seconds
162.273: Application time: 0.0391520 seconds
162.274: [GC [PSYoungGen: 49152K->6656K(49152K)] 153293K->111093K(160256K), 0.0021960 secs] [Times: user=0.01 sys=0.00, real=0.00 secs] 
162.277: Total time for which application threads were stopped: 0.0038460 seconds, Stopping threads took: 0.0015630 seconds
162.314: Application time: 0.0376170 seconds
162.317: [GC [PSYoungGen: 49152K->6656K(49152K)] 153589K->111789K(160256K), 0.0023130 secs] [Times: user=0.02 sys=0.00, real=0.01 secs] 
162.319: Total time for which application threads were stopped: 0.0049860 seconds, Stopping threads took: 0.0025900 seconds
162.357: Application time: 0.0381590 seconds
162.359: [GC [PSYoungGen: 49152K->6496K(49152K)] 154285K->111629K(160256K), 0.0020340 secs] [Times: user=0.01 sys=0.00, real=0.00 secs] 
162.361: Total time for which application threads were stopped: 0.0033940 seconds, Stopping threads took: 0.0012700 seconds
162.401: Application time: 0.0404280 seconds
162.403: [GC [PSYoungGen: 48992K->5328K(49152K)] 154125K->110461K(160256K), 0.0016680 secs] [Times: user=0.01 sys=0.00, real=0.00 secs] 
162.405: Total time for which application threads were stopped: 0.0035530 seconds, Stopping threads took: 0.0018050 seconds
162.441: Application time: 0.0359170 seconds
162.442: [GC [PSYoungGen: 47824K->6640K(49152K)] 152957K->112717K(160256K), 0.0022880 secs] [Times: user=0.02 sys=0.00, real=0.00 secs] 
162.445: Total time for which application threads were stopped: 0.0038960 seconds, Stopping threads took: 0.0015210 seconds
162.483: Application time: 0.0385070 seconds
162.486: [GC [PSYoungGen: 49135K->6640K(49152K)] 155212K->113493K(160256K), 0.0023070 secs] [Times: user=0.02 sys=0.00, real=0.01 secs] 
162.488: Total time for which application threads were stopped: 0.0052680 seconds, Stopping threads took: 0.0028680 seconds
162.527: Application time: 0.0382780 seconds
162.528: [GC [PSYoungGen: 49136K->6656K(49152K)] 155989K->113541K(160256K), 0.0020470 secs] [Times: user=0.01 sys=0.00, real=0.00 secs] 
162.530: Total time for which application threads were stopped: 0.0030430 seconds, Stopping threads took: 0.0009270 seconds
162.568: Application time: 0.0387630 seconds
162.570: [GC [PSYoungGen: 49152K->6640K(49152K)] 156037K->113861K(160256K), 0.0021560 secs] [Times: user=0.02 sys=0.00, real=0.00 secs] 
162.572: Total time for which application threads were stopped: 0.0035990 seconds, Stopping threads took: 0.0013590 seconds
162.610: Application time: 0.0380200 seconds
162.612: [GC [PSYoungGen: 49136K->6640K(49152K)] 156357K->114045K(160256K), 0.0021010 secs] [Times: user=0.01 sys=0.00, real=0.00 secs] 
162.614: Total time for which application threads were stopped: 0.0042890 seconds, Stopping threads took: 0.0021090 seconds
162.653: Application time: 0.0384570 seconds
162.655: [GC [PSYoungGen: 49136K->5696K(49152K)] 156541K->113101K(160256K), 0.0018150 secs] [Times: user=0.01 sys=0.00, real=0.00 secs] 
162.656: Total time for which application threads were stopped: 0.0036670 seconds, Stopping threads took: 0.0017710 seconds
162.695: Application time: 0.0384710 seconds
162.697: [GC [PSYoungGen: 48192K->6608K(49152K)] 155597K->114013K(160256K), 0.0021000 secs] [Times: user=0.01 sys=0.00, real=0.01 secs] 
162.699: Total time for which application threads were stopped: 0.0042420 seconds, Stopping threads took: 0.0020420 seconds
162.737: Application time: 0.0379340 seconds
162.738: [GC [PSYoungGen: 49104K->6656K(49152K)] 156509K->114189K(160256K), 0.0021680 secs] [Times: user=0.02 sys=0.01, real=0.01 secs] 
162.741: Total time for which application threads were stopped: 0.0033860 seconds, Stopping threads took: 0.0011300 seconds
162.779: Application time: 0.0382490 seconds
162.781: [GC [PSYoungGen: 49152K->6448K(49152K)] 156685K->113989K(160256K), 0.0020700 secs] [Times: user=0.01 sys=0.00, real=0.00 secs] 
162.783: Total time for which application threads were stopped: 0.0042620 seconds, Stopping threads took: 0.0021100 seconds
162.821: Application time: 0.0384520 seconds
162.824: [GC [PSYoungGen: 48944K->5984K(49152K)] 156485K->113533K(160256K), 0.0018770 secs] [Times: user=0.02 sys=0.00, real=0.00 secs] 
162.826: Total time for which application threads were stopped: 0.0040500 seconds, Stopping threads took: 0.0020910 seconds
162.864: Application time: 0.0388830 seconds
162.866: [GC [PSYoungGen: 48480K->5872K(49152K)] 156029K->113429K(160256K), 0.0018340 secs] [Times: user=0.02 sys=0.00, real=0.01 secs] 
162.868: Total time for which application threads were stopped: 0.0034480 seconds, Stopping threads took: 0.0015270 seconds
162.909: Application time: 0.0409850 seconds
162.911: [GC [PSYoungGen: 48368K->5904K(49152K)] 155925K->113477K(160256K), 0.0017510 secs] [Times: user=0.02 sys=0.00, real=0.00 secs] 
162.913: Total time for which application threads were stopped: 0.0041610 seconds, Stopping threads took: 0.0023360 seconds
162.952: Application time: 0.0387950 seconds
162.954: [GC [PSYoungGen: 48400K->6640K(49152K)] 155973K->114237K(160256K), 0.0020330 secs] [Times: user=0.02 sys=0.00, real=0.00 secs] 
162.956: Total time for which application threads were stopped: 0.0044770 seconds, Stopping threads took: 0.0023630 seconds
162.994: Application time: 0.0378570 seconds
162.996: [GC [PSYoungGen: 49136K->6640K(49152K)] 156733K->115069K(160256K), 0.0022890 secs] [Times: user=0.02 sys=0.00, real=0.00 secs] 
162.998: Total time for which application threads were stopped: 0.0037170 seconds, Stopping threads took: 0.0013440 seconds
163.037: Application time: 0.0391490 seconds
163.039: [GC [PSYoungGen: 49136K->6656K(49152K)] 157565K->116453K(160256K), 0.0023210 secs] [Times: user=0.01 sys=0.00, real=0.00 secs] 
163.042: [Full GC [PSYoungGen: 6656K->0K(49152K)] [ParOldGen: 109797K->11111K(111104K)] 116453K->11111K(160256K) [PSPermGen: 5183K->5183K(21504K)], 0.0067690 secs] [Times: user=0.03 sys=0.01, real=0.01 secs] 
163.048: Total time for which application threads were stopped: 0.0113710 seconds, Stopping threads took: 0.0021500 seconds
163.086: Application time: 0.0375340 seconds
163.087: [GC [PSYoungGen: 42496K->6528K(49152K)] 53607K->17639K(160256K), 0.0019280 secs] [Times: user=0.01 sys=0.00, real=0.00 secs] 
163.089: Total time for which application threads were stopped: 0.0032480 seconds, Stopping threads took: 0.0012390 seconds
163.126: Application time: 0.0366650 seconds
163.128: [GC [PSYoungGen: 49024K->6656K(49152K)] 60135K->18799K(160256K), 0.0022210 secs] [Times: user=0.02 sys=0.00, real=0.00 secs] 
163.130: Total time for which application threads were stopped: 0.0041170 seconds, Stopping threads took: 0.0018120 seconds
163.168: Application time: 0.0384000 seconds
163.171: [GC [PSYoungGen: 49152K->6656K(49152K)] 61295K->19655K(160256K), 0.0022240 secs] [Times: user=0.01 sys=0.00, real=0.00 secs] 
163.173: Total time for which application threads were stopped: 0.0045270 seconds, Stopping threads took: 0.0022190 seconds
163.211: Application time: 0.0384190 seconds
163.214: [GC [PSYoungGen: 49152K->6640K(49152K)] 62151K->20191K(160256K), 0.0021210 secs] [Times: user=0.01 sys=0.00, real=0.00 secs] 
163.216: Total time for which application threads were stopped: 0.0044820 seconds, Stopping threads took: 0.0022790 seconds
163.253: Application time: 0.0373780 seconds
163.255: [GC [PSYoungGen: 49136K->6656K(49152K)] 62687K->21455K(160256K), 0.0022980 secs] [Times: user=0.01 sys=0.00, real=0.00 secs] 
163.257: Total time for which application threads were stopped: 0.0040950 seconds, Stopping threads took: 0.0017130 seconds
163.296: Application time: 0.0391870 seconds
163.298: [GC [PSYoungGen: 49152K->4832K(49152K)] 63951K->19631K(160256K), 0.0014510 secs] [Times: user=0.01 sys=0.00, real=0.01 secs] 
163.299: Total time for which application threads were stopped: 0.0026990 seconds, Stopping threads took: 0.0011730 seconds
163.340: Application time: 0.0404540 seconds
163.341: [GC [PSYoungGen: 47328K->5424K(49152K)] 62127K->20223K(160256K), 0.0016570 secs] [Times: user=0.00 sys=0.00, real=0.00 secs] 
163.343: Total time for which application threads were stopped: 0.0032300 seconds, Stopping threads took: 0.0015000 seconds
163.383: Application time: 0.0400510 seconds
163.386: [GC [PSYoungGen: 47920K->6624K(49152K)] 62719K->21655K(160256K), 0.0020350 secs] [Times: user=0.01 sys=0.00, real=0.01 secs] 
163.388: Total time for which application threads were stopped: 0.0049250 seconds, Stopping threads took: 0.0028070 seconds
163.425: Application time: 0.0370260 seconds
163.427: [GC [PSYoungGen: 49120K->6656K(49152K)] 64151K->22759K(160256K), 0.0023890 secs] [Times: user=0.02 sys=0.00, real=0.00 secs] 
163.430: Total time for which application threads were stopped: 0.0047820 seconds, Stopping threads took: 0.0022880 seconds
163.469: Application time: 0.0391030 seconds
163.472: [GC [PSYoungGen: 49152K->6640K(49152K)] 65255K->23591K(160256K), 0.0023390 secs] [Times: user=0.02 sys=0.01, real=0.00 secs] 
163.474: Total time for which application threads were stopped: 0.0051600 seconds, Stopping threads took: 0.0027150 seconds
163.512: Application time: 0.0381430 seconds
163.514: [GC [PSYoungGen: 49136K->6512K(49152K)] 66087K->23463K(160256K), 0.0021330 secs] [Times: user=0.01 sys=0.00, real=0.00 secs] 
163.516: Total time for which application threads were stopped: 0.0040590 seconds, Stopping threads took: 0.0018260 seconds
163.556: Application time: 0.0395330 seconds
163.558: [GC [PSYoungGen: 49008K->6656K(49152K)] 65959K->23727K(160256K), 0.0020890 secs] [Times: user=0.02 sys=0.00, real=0.01 secs] 
163.560: Total time for which application threads were stopped: 0.0040370 seconds, Stopping threads took: 0.0018450 seconds
163.600: Application time: 0.0404290 seconds
163.603: [GC [PSYoungGen: 49152K->6624K(49152K)] 66223K->24247K(160256K), 0.0021150 secs] [Times: user=0.01 sys=0.00, real=0.00 secs] 
163.605: Total time for which application threads were stopped: 0.0049080 seconds, Stopping threads took: 0.0027080 seconds
163.645: Application time: 0.0402820 seconds
163.648: [GC [PSYoungGen: 49120K->6640K(49152K)] 66743K->24679K(160256K), 0.0021400 secs] [Times: user=0.01 sys=0.00, real=0.00 secs] 
163.650: Total time for which application threads were stopped: 0.0051140 seconds, Stopping threads took: 0.0028910 seconds
163.691: Application time: 0.0409030 seconds
163.693: [GC [PSYoungGen: 49136K->6640K(49152K)] 67175K->25071K(160256K), 0.0021640 secs] [Times: user=0.01 sys=0.00, real=0.00 secs] 
163.695: Total time for which application threads were stopped: 0.0037340 seconds, Stopping threads took: 0.0014850 seconds
163.736: Application time: 0.0411220 seconds
163.738: [GC [PSYoungGen: 49136K->6656K(49152K)] 67567K->25247K(160256K), 0.0020920 secs] [Times: user=0.02 sys=0.00, real=0.01 secs] 
163.740: Total time for which application threads were stopped: 0.0035800 seconds, Stopping threads took: 0.0014050 seconds
163.782: Application time: 0.0425340 seconds
163.785: [GC [PSYoungGen: 49152K->5504K(49152K)] 67743K->24103K(160256K), 0.0015250 secs] [Times: user=0.01 sys=0.00, real=0.01 secs] 
163.787: Total time for which application threads were stopped: 0.0046440 seconds, Stopping threads took: 0.0030410 seconds
163.827: Application time: 0.0398840 seconds
163.829: [GC [PSYoungGen: 48000K->6624K(49152K)] 66599K->25551K(160256K), 0.0022470 secs] [Times: user=0.01 sys=0.00, real=0.00 secs] 
163.831: Total time for which application threads were stopped: 0.0045490 seconds, Stopping threads took: 0.0022170 seconds
163.873: Application time: 0.0412940 seconds
163.876: [GC [PSYoungGen: 49120K->6640K(49152K)] 68047K->26671K(160256K), 0.0023670 secs] [Times: user=0.01 sys=0.00, real=0.01 secs] 
163.879: Total time for which application threads were stopped: 0.0058700 seconds, Stopping threads took: 0.0034080 seconds
163.919: Application time: 0.0408400 seconds
163.921: [GC [PSYoungGen: 49136K->6016K(49152K)] 69167K->26047K(160256K), 0.0017940 secs] [Times: user=0.01 sys=0.00, real=0.00 secs] 
163.923: Total time for which application threads were stopped: 0.0032500 seconds, Stopping threads took: 0.0013670 seconds
163.964: Application time: 0.0408470 seconds
163.965: [GC [PSYoungGen: 48512K->6656K(49152K)] 68543K->27519K(160256K), 0.0021940 secs] [Times: user=0.02 sys=0.00, real=0.01 secs] 
163.968: Total time for which application threads were stopped: 0.0042050 seconds, Stopping threads took: 0.0019090 seconds
164.008: Application time: 0.0404510 seconds
164.010: [GC [PSYoungGen: 49152K->6656K(49152K)] 70015K->28223K(160256K), 0.0022080 secs] [Times: user=0.02 sys=0.00, real=0.00 secs] 
164.012: Total time for which application threads were stopped: 0.0039620 seconds, Stopping threads took: 0.0016660 seconds
164.054: Application time: 0.0415450 seconds
164.056: [GC [PSYoungGen: 49152K->6240K(49152K)] 70719K->27807K(160256K), 0.0018740 secs] [Times: user=0.01 sys=0.00, real=0.00 secs] 
164.058: Total time for which application threads were stopped: 0.0038750 seconds, Stopping threads took: 0.0019190 seconds
164.099: Application time: 0.0411540 seconds
164.101: [GC [PSYoungGen: 48736K->5776K(49152K)] 70303K->27343K(160256K), 0.0017490 secs] [Times: user=0.01 sys=0.00, real=0.00 secs] 
164.103: Total time for which application threads were stopped: 0.0037900 seconds, Stopping threads took: 0.0019630 seconds
164.143: Application time: 0.0408420 seconds
164.145: [GC [PSYoungGen: 48272K->6176K(49152K)] 69839K->27743K(160256K), 0.0018340 secs] [Times: user=0.01 sys=0.00, real=0.01 secs] 
164.147: Total time for which application threads were stopped: 0.0037080 seconds, Stopping threads took: 0.0017920 seconds
164.190: Application time: 0.0433000 seconds
164.193: [GC [PSYoungGen: 48672K->6080K(49152K)] 70239K->27655K(160256K), 0.0016900 secs] [Times: user=0.01 sys=0.00, real=0.00 secs] 
164.194: Total time for which application threads were stopped: 0.0040590 seconds, Stopping threads took: 0.0022890 seconds
164.236: Application time: 0.0413470 seconds
164.238: [GC [PSYoungGen: 48576K->6528K(49152K)] 70151K->28111K(160256K), 0.0019600 secs] [Times: user=0.01 sys=0.01, real=0.01 secs] 
164.240: Total time for which application threads were stopped: 0.0046490 seconds, Stopping threads took: 0.0026080 seconds
164.282: Application time: 0.0416290 seconds
164.284: [GC [PSYoungGen: 49024K->6640K(49152K)] 70607K->28255K(160256K), 0.0019930 secs] [Times: user=0.01 sys=0.00, real=0.00 secs] 
164.286: Total time for which application threads were stopped: 0.0036990 seconds, Stopping threads took: 0.0016240 seconds
164.328: Application time: 0.0425470 seconds
164.330: [GC [PSYoungGen: 49136K->6192K(49152K)] 70751K->27823K(160256K), 0.0017370 secs] [Times: user=0.01 sys=0.00, real=0.00 secs] 
164.332: Total time for which application threads were stopped: 0.0036710 seconds, Stopping threads took: 0.0018550 seconds
164.371: Application time: 0.0392590 seconds
164.374: [GC [PSYoungGen: 48688K->6640K(49152K)] 70319K->28847K(160256K), 0.0021290 secs] [Times: user=0.01 sys=0.00, real=0.00 secs] 
164.376: Total time for which application threads were stopped: 0.0046360 seconds, Stopping threads took: 0.0024160 seconds
164.418: Application time: 0.0417050 seconds
164.419: [GC [PSYoungGen: 49136K->6144K(49152K)] 71343K->28351K(160256K), 0.0018950 secs] [Times: user=0.02 sys=0.00, real=0.00 secs] 
164.421: Total time for which application threads were stopped: 0.0035430 seconds, Stopping threads took: 0.0015640 seconds
164.464: Application time: 0.0432320 seconds
164.466: [GC [PSYoungGen: 48640K->5952K(49152K)] 70847K->28159K(160256K), 0.0017460 secs] [Times: user=0.01 sys=0.00, real=0.01 secs] 
164.468: Total time for which application threads were stopped: 0.0034940 seconds, Stopping threads took: 0.0016570 seconds
164.509: Application time: 0.0415380 seconds
164.512: [GC [PSYoungGen: 48448K->6640K(49152K)] 70655K->28935K(160256K), 0.0020200 secs] [Times: user=0.01 sys=0.00, real=0.00 secs] 
164.514: Total time for which application threads were stopped: 0.0041560 seconds, Stopping threads took: 0.0020500 seconds
164.554: Application time: 0.0409130 seconds
164.558: [GC [PSYoungGen: 49136K->6656K(49152K)] 71431K->29879K(160256K), 0.0022380 secs] [Times: user=0.02 sys=0.00, real=0.01 secs] 
164.560: Total time for which application threads were stopped: 0.0054170 seconds, Stopping threads took: 0.0030870 seconds
164.600: Application time: 0.0403800 seconds
164.602: [GC [PSYoungGen: 49152K->6656K(49152K)] 72375K->30527K(160256K), 0.0021420 secs] [Times: user=0.01 sys=0.00, real=0.00 secs] 
164.604: Total time for which application threads were stopped: 0.0041150 seconds, Stopping threads took: 0.0018870 seconds
164.646: Application time: 0.0412350 seconds
164.648: [GC [PSYoungGen: 49152K->5600K(49152K)] 73023K->29471K(160256K), 0.0017370 secs] [Times: user=0.02 sys=0.00, real=0.00 secs] 
164.650: Total time for which application threads were stopped: 0.0039650 seconds, Stopping threads took: 0.0021530 seconds
164.691: Application time: 0.0410020 seconds
164.692: [GC [PSYoungGen: 48094K->5536K(49152K)] 71966K->29407K(160256K), 0.0016630 secs] [Times: user=0.01 sys=0.00, real=0.00 secs] 
164.694: Total time for which application threads were stopped: 0.0035150 seconds, Stopping threads took: 0.0017790 seconds
164.736: Application time: 0.0419500 seconds
164.738: [GC [PSYoungGen: 48032K->4992K(49152K)] 71903K->28863K(160256K), 0.0014730 secs] [Times: user=0.01 sys=0.00, real=0.01 secs] 
164.739: Total time for which application threads were stopped: 0.0031110 seconds, Stopping threads took: 0.0015640 seconds
164.782: Application time: 0.0426500 seconds
164.783: [GC [PSYoungGen: 47488K->5936K(49152K)] 71359K->29815K(160256K), 0.0020150 secs] [Times: user=0.01 sys=0.00, real=0.00 secs] 
164.786: Total time for which application threads were stopped: 0.0036880 seconds, Stopping threads took: 0.0015690 seconds
164.827: Application time: 0.0419070 seconds
164.830: [GC [PSYoungGen: 48432K->5712K(49152K)] 72311K->29607K(160256K), 0.0017790 secs] [Times: user=0.01 sys=0.00, real=0.00 secs] 
164.832: Total time for which application threads were stopped: 0.0048440 seconds, Stopping threads took: 0.0029760 seconds
164.872: Application time: 0.0396040 seconds
164.874: [GC [PSYoungGen: 48206K->6624K(49152K)] 72102K->31328K(160256K), 0.0022480 secs] [Times: user=0.01 sys=0.00, real=0.00 secs] 
164.876: Total time for which application threads were stopped: 0.0044930 seconds, Stopping threads took: 0.0021590 seconds
164.919: Application time: 0.0422520 seconds
164.921: [GC [PSYoungGen: 49120K->6640K(49152K)] 73824K->31912K(160256K), 0.0020940 secs] [Times: user=0.01 sys=0.00, real=0.00 secs] 
164.923: Total time for which application threads were stopped: 0.0044510 seconds, Stopping threads took: 0.0022760 seconds
164.965: Application time: 0.0415760 seconds
164.966: [GC [PSYoungGen: 49136K->6112K(49152K)] 74408K->31400K(160256K), 0.0018360 secs] [Times: user=0.01 sys=0.00, real=0.01 secs] 
164.968: Total time for which application threads were stopped: 0.0034720 seconds, Stopping threads took: 0.0015500 seconds
165.010: Application time: 0.0416820 seconds
165.011: [GC [PSYoungGen: 48608K->6640K(49152K)] 73896K->32176K(160256K), 0.0020140 secs] [Times: user=0.01 sys=0.00, real=0.00 secs] 
165.013: Total time for which application threads were stopped: 0.0033690 seconds, Stopping threads took: 0.0012650 seconds
165.056: Application time: 0.0423830 seconds
165.058: [GC [PSYoungGen: 49136K->6656K(49152K)] 74672K->33408K(160256K), 0.0022400 secs] [Times: user=0.02 sys=0.00, real=0.01 secs] 
165.061: Total time for which application threads were stopped: 0.0049630 seconds, Stopping threads took: 0.0026390 seconds
165.104: Application time: 0.0429860 seconds
165.105: [GC [PSYoungGen: 49152K->6640K(49152K)] 75904K->33496K(160256K), 0.0020710 secs] [Times: user=0.01 sys=0.00, real=0.01 secs] 
165.107: Total time for which application threads were stopped: 0.0038190 seconds, Stopping threads took: 0.0016660 seconds
165.149: Application time: 0.0414790 seconds
165.151: [GC [PSYoungGen: 49136K->5488K(49152K)] 75992K->32344K(160256K), 0.0016650 secs] [Times: user=0.01 sys=0.00, real=0.00 secs] 
165.152: Total time for which application threads were stopped: 0.0036400 seconds, Stopping threads took: 0.0018960 seconds
165.195: Application time: 0.0426680 seconds
165.198: [GC [PSYoungGen: 47984K->6656K(49152K)] 74840K->33648K(160256K), 0.0021190 secs] [Times: user=0.01 sys=0.00, real=0.01 secs] 
165.200: Total time for which application threads were stopped: 0.0049230 seconds, Stopping threads took: 0.0027140 seconds
165.242: Application time: 0.0422310 seconds
165.245: [GC [PSYoungGen: 49152K->6208K(49152K)] 76144K->33200K(160256K), 0.0018770 secs] [Times: user=0.01 sys=0.00, real=0.01 secs] 
165.247: Total time for which application threads were stopped: 0.0046040 seconds, Stopping threads took: 0.0026410 seconds
165.287: Application time: 0.0398860 seconds
165.289: [GC [PSYoungGen: 48702K->6624K(49152K)] 75694K->33704K(160256K), 0.0020430 secs] [Times: user=0.01 sys=0.00, real=0.00 secs] 
165.291: Total time for which application threads were stopped: 0.0038850 seconds, Stopping threads took: 0.0017550 seconds
165.332: Application time: 0.0411190 seconds
165.334: [GC [PSYoungGen: 49120K->5808K(49152K)] 76200K->32888K(160256K), 0.0017550 secs] [Times: user=0.01 sys=0.00, real=0.00 secs] 
165.336: Total time for which application threads were stopped: 0.0042780 seconds, Stopping threads took: 0.0024430 seconds
165.376: Application time: 0.0395550 seconds
165.377: [GC [PSYoungGen: 48304K->6624K(49152K)] 75384K->33752K(160256K), 0.0020120 secs] [Times: user=0.01 sys=0.00, real=0.01 secs] 
165.379: Total time for which application threads were stopped: 0.0034300 seconds, Stopping threads took: 0.0013350 seconds
165.420: Application time: 0.0407490 seconds
165.423: [GC [PSYoungGen: 49120K->6448K(49152K)] 76248K->33584K(160256K), 0.0019290 secs] [Times: user=0.01 sys=0.00, real=0.00 secs] 
165.425: Total time for which application threads were stopped: 0.0050540 seconds, Stopping threads took: 0.0030400 seconds
165.465: Application time: 0.0402550 seconds
165.468: [GC [PSYoungGen: 48944K->6272K(49152K)] 76080K->33408K(160256K), 0.0018660 secs] [Times: user=0.01 sys=0.00, real=0.00 secs] 
165.470: Total time for which application threads were stopped: 0.0047990 seconds, Stopping threads took: 0.0028270 seconds
165.510: Application time: 0.0405170 seconds
165.513: [GC [PSYoungGen: 48768K->6400K(49152K)] 75904K->33544K(160256K), 0.0019690 secs] [Times: user=0.02 sys=0.00, real=0.00 secs] 
165.515: Total time for which application threads were stopped: 0.0044320 seconds, Stopping threads took: 0.0023730 seconds
165.554: Application time: 0.0389470 seconds
165.556: [GC [PSYoungGen: 48896K->6624K(49152K)] 76040K->34920K(160256K), 0.0023210 secs] [Times: user=0.02 sys=0.00, real=0.00 secs] 
165.558: Total time for which application threads were stopped: 0.0044790 seconds, Stopping threads took: 0.0020680 seconds
165.598: Application time: 0.0399180 seconds
165.600: [GC [PSYoungGen: 49120K->6640K(49152K)] 77416K->35624K(160256K), 0.0022770 secs] [Times: user=0.01 sys=0.00, real=0.00 secs] 
165.603: Total time for which application threads were stopped: 0.0043500 seconds, Stopping threads took: 0.0019900 seconds
165.643: Application time: 0.0407890 seconds
165.646: [GC [PSYoungGen: 49136K->6640K(49152K)] 78120K->36216K(160256K), 0.0021700 secs] [Times: user=0.01 sys=0.00, real=0.01 secs] 
165.648: Total time for which application threads were stopped: 0.0044170 seconds, Stopping threads took: 0.0021610 seconds
165.689: Application time: 0.0408850 seconds
165.692: [GC [PSYoungGen: 49136K->6544K(49152K)] 78712K->36120K(160256K), 0.0019340 secs] [Times: user=0.01 sys=0.00, real=0.00 secs] 
165.694: Total time for which application threads were stopped: 0.0051690 seconds, Stopping threads took: 0.0031300 seconds
165.733: Application time: 0.0386520 seconds
165.735: [GC [PSYoungGen: 49040K->6640K(49152K)] 78616K->36936K(160256K), 0.0021840 secs] [Times: user=0.01 sys=0.00, real=0.00 secs] 
165.737: Total time for which application threads were stopped: 0.0042770 seconds, Stopping threads took: 0.0020050 seconds
165.777: Application time: 0.0400470 seconds
165.778: [GC [PSYoungGen: 49136K->6432K(49152K)] 79432K->36728K(160256K), 0.0019110 secs] [Times: user=0.01 sys=0.00, real=0.01 secs] 
165.780: Total time for which application threads were stopped: 0.0030490 seconds, Stopping threads took: 0.0010610 seconds
165.821: Application time: 0.0407690 seconds
165.823: [GC [PSYoungGen: 48928K->6640K(49152K)] 79224K->36944K(160256K), 0.0020050 secs] [Times: user=0.02 sys=0.00, real=0.00 secs] 
165.825: Total time for which application threads were stopped: 0.0039060 seconds, Stopping threads took: 0.0018090 seconds
165.865: Application time: 0.0400510 seconds
165.866: [GC [PSYoungGen: 49136K->6000K(49152K)] 79440K->36304K(160256K), 0.0017540 secs] [Times: user=0.01 sys=0.00, real=0.01 secs] 
165.868: Total time for which application threads were stopped: 0.0032720 seconds, Stopping threads took: 0.0014370 seconds
165.909: Application time: 0.0408130 seconds
165.911: [GC [PSYoungGen: 48496K->5792K(49152K)] 78800K->36104K(160256K), 0.0016470 secs] [Times: user=0.01 sys=0.00, real=0.00 secs] 
165.913: Total time for which application threads were stopped: 0.0039910 seconds, Stopping threads took: 0.0022740 seconds
165.955: Application time: 0.0424560 seconds
165.957: [GC [PSYoungGen: 48288K->5696K(49152K)] 78600K->36016K(160256K), 0.0016380 secs] [Times: user=0.01 sys=0.00, real=0.00 secs] 
165.958: Total time for which application threads were stopped: 0.0032090 seconds, Stopping threads took: 0.0014950 seconds
166.001: Application time: 0.0427560 seconds
166.003: [GC [PSYoungGen: 48192K->6016K(49152K)] 78512K->36336K(160256K), 0.0019460 secs] [Times: user=0.01 sys=0.00, real=0.00 secs] 
166.005: Total time for which application threads were stopped: 0.0041350 seconds, Stopping threads took: 0.0021000 seconds
166.046: Application time: 0.0408860 seconds
166.048: [GC [PSYoungGen: 48512K->5904K(49152K)] 78832K->36240K(160256K), 0.0017450 secs] [Times: user=0.01 sys=0.00, real=0.00 secs] 
166.050: Total time for which application threads were stopped: 0.0037670 seconds, Stopping threads took: 0.0019330 seconds
166.092: Application time: 0.0417630 seconds
166.093: [GC [PSYoungGen: 48400K->6624K(49152K)] 78736K->37032K(160256K), 0.0019990 secs] [Times: user=0.01 sys=0.00, real=0.00 secs] 
166.096: Total time for which application threads were stopped: 0.0038090 seconds, Stopping threads took: 0.0017240 seconds
166.136: Application time: 0.0409020 seconds
166.139: [GC [PSYoungGen: 49120K->6128K(49152K)] 79528K->36544K(160256K), 0.0018480 secs] [Times: user=0.01 sys=0.00, real=0.00 secs] 
166.141: Total time for which application threads were stopped: 0.0043600 seconds, Stopping threads took: 0.0024250 seconds
166.185: Application time: 0.0446660 seconds
166.187: [GC [PSYoungGen: 48624K->4576K(49152K)] 79040K->35000K(160256K), 0.0015520 secs] [Times: user=0.01 sys=0.00, real=0.00 secs] 
166.189: Total time for which application threads were stopped: 0.0032310 seconds, Stopping threads took: 0.0015950 seconds
166.232: Application time: 0.0437020 seconds
166.235: [GC [PSYoungGen: 47072K->6464K(49152K)] 77496K->36888K(160256K), 0.0020790 secs] [Times: user=0.02 sys=0.00, real=0.00 secs] 
166.237: Total time for which application threads were stopped: 0.0050470 seconds, Stopping threads took: 0.0028680 seconds
166.279: Application time: 0.0412540 seconds
166.281: [GC [PSYoungGen: 48960K->6640K(49152K)] 79384K->37728K(160256K), 0.0023270 secs] [Times: user=0.01 sys=0.00, real=0.00 secs] 
166.284: Total time for which application threads were stopped: 0.0049100 seconds, Stopping threads took: 0.0024940 seconds
166.324: Application time: 0.0406220 seconds
166.326: [GC [PSYoungGen: 49136K->6400K(49152K)] 80224K->37488K(160256K), 0.0019460 secs] [Times: user=0.01 sys=0.00, real=0.01 secs] 
166.327: Total time for which application threads were stopped: 0.0032340 seconds, Stopping threads took: 0.0012070 seconds
166.368: Application time: 0.0402290 seconds
166.369: [GC [PSYoungGen: 48896K->6560K(49152K)] 79984K->37648K(160256K), 0.0020540 secs] [Times: user=0.01 sys=0.00, real=0.00 secs] 
166.371: Total time for which application threads were stopped: 0.0037610 seconds, Stopping threads took: 0.0015990 seconds
166.410: Application time: 0.0386820 seconds
166.413: [GC [PSYoungGen: 49056K->6656K(49152K)] 80144K->38820K(160256K), 0.0024200 secs] [Times: user=0.01 sys=0.00, real=0.00 secs] 
166.415: Total time for which application threads were stopped: 0.0048350 seconds, Stopping threads took: 0.0023270 seconds
166.455: Application time: 0.0398670 seconds
166.458: [GC [PSYoungGen: 49152K->6656K(49152K)] 81316K->39652K(160256K), 0.0023050 secs] [Times: user=0.02 sys=0.00, real=0.01 secs] 
166.460: Total time for which application threads were stopped: 0.0052220 seconds, Stopping threads took: 0.0028310 seconds
166.500: Application time: 0.0398180 seconds
166.502: [GC [PSYoungGen: 49152K->6640K(49152K)] 82148K->40520K(160256K), 0.0023400 secs] [Times: user=0.02 sys=0.00, real=0.00 secs] 
166.504: Total time for which application threads were stopped: 0.0040600 seconds, Stopping threads took: 0.0016320 seconds
166.544: Application time: 0.0400950 seconds
166.546: [GC [PSYoungGen: 49136K->6640K(49152K)] 83016K->40680K(160256K), 0.0020840 secs] [Times: user=0.01 sys=0.00, real=0.01 secs] 
166.548: Total time for which application threads were stopped: 0.0038090 seconds, Stopping threads took: 0.0016420 seconds
166.589: Application time: 0.0411730 seconds
166.591: [GC [PSYoungGen: 49136K->6640K(49152K)] 83176K->41264K(160256K), 0.0021460 secs] [Times: user=0.02 sys=0.00, real=0.00 secs] 
166.593: Total time for which application threads were stopped: 0.0040260 seconds, Stopping threads took: 0.0017880 seconds
166.634: Application time: 0.0409790 seconds
166.636: [GC [PSYoungGen: 49136K->6640K(49152K)] 83760K->41592K(160256K), 0.0020490 secs] [Times: user=0.01 sys=0.00, real=0.00 secs] 
166.639: Total time for which application threads were stopped: 0.0044740 seconds, Stopping threads took: 0.0023350 seconds
166.680: Application time: 0.0410340 seconds
166.682: [GC [PSYoungGen: 49136K->6640K(49152K)] 84088K->41608K(160256K), 0.0019420 secs] [Times: user=0.01 sys=0.00, real=0.00 secs] 
166.684: Total time for which application threads were stopped: 0.0041080 seconds, Stopping threads took: 0.0020820 seconds
166.724: Application time: 0.0404930 seconds
166.727: [GC [PSYoungGen: 49136K->6624K(49152K)] 84104K->42472K(160256K), 0.0022040 secs] [Times: user=0.02 sys=0.00, real=0.00 secs] 
166.729: Total time for which application threads were stopped: 0.0051340 seconds, Stopping threads took: 0.0028470 seconds
166.769: Application time: 0.0401750 seconds
166.772: [GC [PSYoungGen: 49120K->6656K(49152K)] 84968K->42680K(160256K), 0.0020860 secs] [Times: user=0.01 sys=0.00, real=0.00 secs] 
166.774: Total time for which application threads were stopped: 0.0046110 seconds, Stopping threads took: 0.0024380 seconds
166.817: Application time: 0.0424070 seconds
166.819: [GC [PSYoungGen: 49152K->5392K(49152K)] 85176K->41416K(160256K), 0.0016180 secs] [Times: user=0.01 sys=0.00, real=0.00 secs] 
166.821: Total time for which application threads were stopped: 0.0043750 seconds, Stopping threads took: 0.0026770 seconds
166.862: Application time: 0.0415630 seconds
166.864: [GC [PSYoungGen: 47888K->6336K(49152K)] 83912K->42360K(160256K), 0.0018000 secs] [Times: user=0.01 sys=0.00, real=0.00 secs] 
166.866: Total time for which application threads were stopped: 0.0038430 seconds, Stopping threads took: 0.0019640 seconds
166.908: Application time: 0.0420890 seconds
166.910: [GC [PSYoungGen: 48832K->6624K(49152K)] 84856K->42648K(160256K), 0.0020700 secs] [Times: user=0.01 sys=0.00, real=0.00 secs] 
166.912: Total time for which application threads were stopped: 0.0037410 seconds, Stopping threads took: 0.0015900 seconds
166.955: Application time: 0.0425490 seconds
166.957: [GC [PSYoungGen: 49120K->5600K(49152K)] 85144K->41624K(160256K), 0.0017020 secs] [Times: user=0.01 sys=0.00, real=0.01 secs] 
166.959: Total time for which application threads were stopped: 0.0040060 seconds, Stopping threads took: 0.0022230 seconds
166.999: Application time: 0.0398700 seconds
167.002: [GC [PSYoungGen: 48096K->6624K(49152K)] 84120K->42760K(160256K), 0.0019940 secs] [Times: user=0.02 sys=0.00, real=0.00 secs] 
167.004: Total time for which application threads were stopped: 0.0050510 seconds, Stopping threads took: 0.0029730 seconds
167.044: Application time: 0.0401480 seconds
167.046: [GC [PSYoungGen: 49120K->6640K(49152K)] 85256K->43548K(160256K), 0.0024150 secs] [Times: user=0.02 sys=0.00, real=0.01 secs] 
167.048: Total time for which application threads were stopped: 0.0043460 seconds, Stopping threads took: 0.0018490 seconds
167.090: Application time: 0.0420830 seconds
167.092: [GC [PSYoungGen: 49136K->5344K(49152K)] 86044K->42252K(160256K), 0.0017250 secs] [Times: user=0.01 sys=0.00, real=0.00 secs] 
167.094: Total time for which application threads were stopped: 0.0039350 seconds, Stopping threads took: 0.0021080 seconds
167.134: Application time: 0.0402470 seconds
167.137: [GC [PSYoungGen: 47840K->6240K(49152K)] 84748K->43148K(160256K), 0.0019570 secs] [Times: user=0.01 sys=0.00, real=0.01 secs] 
167.139: Total time for which application threads were stopped: 0.0042080 seconds, Stopping threads took: 0.0021660 seconds
167.181: Application time: 0.0428020 seconds
167.183: [GC [PSYoungGen: 48736K->6000K(49152K)] 85644K->42908K(160256K), 0.0018380 secs] [Times: user=0.01 sys=0.00, real=0.00 secs] 
167.185: Total time for which application threads were stopped: 0.0036240 seconds, Stopping threads took: 0.0016800 seconds
167.226: Application time: 0.0407590 seconds
167.229: [GC [PSYoungGen: 48496K->6528K(49152K)] 85404K->43436K(160256K), 0.0019360 secs] [Times: user=0.02 sys=0.00, real=0.00 secs] 
167.231: Total time for which application threads were stopped: 0.0049010 seconds, Stopping threads took: 0.0028580 seconds
167.270: Application time: 0.0396960 seconds
167.273: [GC [PSYoungGen: 49024K->6624K(49152K)] 85932K->43876K(160256K), 0.0020690 secs] [Times: user=0.02 sys=0.00, real=0.00 secs] 
167.275: Total time for which application threads were stopped: 0.0042350 seconds, Stopping threads took: 0.0020770 seconds
167.316: Application time: 0.0413440 seconds
167.318: [GC [PSYoungGen: 49120K->6640K(49152K)] 86372K->45212K(160256K), 0.0022850 secs] [Times: user=0.02 sys=0.00, real=0.01 secs] 
167.321: Total time for which application threads were stopped: 0.0045730 seconds, Stopping threads took: 0.0022100 seconds
167.363: Application time: 0.0424170 seconds
167.365: [GC [PSYoungGen: 49136K->4912K(49152K)] 87708K->43484K(160256K), 0.0014820 secs] [Times: user=0.01 sys=0.00, real=0.00 secs] 
167.366: Total time for which application threads were stopped: 0.0034170 seconds, Stopping threads took: 0.0018630 seconds
167.412: Application time: 0.0451500 seconds
167.412: [GC [PSYoungGen: 47408K->4848K(49152K)] 85980K->43420K(160256K), 0.0015340 secs] [Times: user=0.01 sys=0.00, real=0.00 secs] 
167.414: Total time for which application threads were stopped: 0.0021430 seconds, Stopping threads took: 0.0005400 seconds
167.458: Application time: 0.0446630 seconds
167.461: [GC [PSYoungGen: 47344K->5136K(49152K)] 85916K->43708K(160256K), 0.0016070 secs] [Times: user=0.01 sys=0.00, real=0.00 secs] 
167.462: Total time for which application threads were stopped: 0.0041280 seconds, Stopping threads took: 0.0024400 seconds
167.502: Application time: 0.0397470 seconds
167.504: [GC [PSYoungGen: 47632K->6432K(49152K)] 86204K->45004K(160256K), 0.0019270 secs] [Times: user=0.01 sys=0.00, real=0.00 secs] 
167.506: Total time for which application threads were stopped: 0.0042040 seconds, Stopping threads took: 0.0021770 seconds
167.545: Application time: 0.0389010 seconds
167.547: [GC [PSYoungGen: 48928K->6176K(49152K)] 87500K->44748K(160256K), 0.0018880 secs] [Times: user=0.02 sys=0.00, real=0.00 secs] 
167.549: Total time for which application threads were stopped: 0.0037670 seconds, Stopping threads took: 0.0017980 seconds
167.589: Application time: 0.0394770 seconds
167.590: [GC [PSYoungGen: 48672K->5664K(49152K)] 87244K->44252K(160256K), 0.0017330 secs] [Times: user=0.01 sys=0.00, real=0.00 secs] 
167.592: Total time for which application threads were stopped: 0.0035600 seconds, Stopping threads took: 0.0017450 seconds
167.632: Application time: 0.0398480 seconds
167.635: [GC [PSYoungGen: 48160K->6656K(49152K)] 86748K->45620K(160256K), 0.0021420 secs] [Times: user=0.01 sys=0.00, real=0.00 secs] 
167.637: Total time for which application threads were stopped: 0.0047590 seconds, Stopping threads took: 0.0025240 seconds
167.675: Application time: 0.0385630 seconds
167.678: [GC [PSYoungGen: 49152K->5440K(49152K)] 88116K->44412K(160256K), 0.0018260 secs] [Times: user=0.01 sys=0.00, real=0.01 secs] 
167.680: Total time for which application threads were stopped: 0.0047160 seconds, Stopping threads took: 0.0027920 seconds
167.717: Application time: 0.0366960 seconds
167.718: [GC [PSYoungGen: 47936K->6640K(49152K)] 86908K->46640K(160256K), 0.0023850 secs] [Times: user=0.02 sys=0.00, real=0.01 secs] 
167.721: Total time for which application threads were stopped: 0.0039320 seconds, Stopping threads took: 0.0014620 seconds
167.760: Application time: 0.0390440 seconds
167.761: [GC [PSYoungGen: 49136K->6640K(49152K)] 89136K->46640K(160256K), 0.0019900 secs] [Times: user=0.02 sys=0.00, real=0.00 secs] 
167.763: Total time for which application threads were stopped: 0.0037060 seconds, Stopping threads took: 0.0016320 seconds
167.802: Application time: 0.0389990 seconds
167.805: [GC [PSYoungGen: 49136K->6528K(49152K)] 89136K->46552K(160256K), 0.0019080 secs] [Times: user=0.01 sys=0.00, real=0.01 secs] 
167.807: Total time for which application threads were stopped: 0.0049770 seconds, Stopping threads took: 0.0029860 seconds
167.847: Application time: 0.0398400 seconds
167.849: [GC [PSYoungGen: 49024K->6624K(49152K)] 89048K->47312K(160256K), 0.0022040 secs] [Times: user=0.02 sys=0.00, real=0.00 secs] 
167.851: Total time for which application threads were stopped: 0.0038260 seconds, Stopping threads took: 0.0015350 seconds
167.890: Application time: 0.0391260 seconds
167.892: [GC [PSYoungGen: 49120K->5360K(49152K)] 89808K->46048K(160256K), 0.0016430 secs] [Times: user=0.01 sys=0.00, real=0.00 secs] 
167.893: Total time for which application threads were stopped: 0.0032440 seconds, Stopping threads took: 0.0015280 seconds
167.934: Application time: 0.0404840 seconds
167.936: [GC [PSYoungGen: 47856K->6144K(49152K)] 88544K->46832K(160256K), 0.0021980 secs] [Times: user=0.01 sys=0.00, real=0.00 secs] 
167.938: Total time for which application threads were stopped: 0.0042670 seconds, Stopping threads took: 0.0019900 seconds
167.978: Application time: 0.0400710 seconds
167.981: [GC [PSYoungGen: 48640K->6544K(49152K)] 89328K->47232K(160256K), 0.0020170 secs] [Times: user=0.01 sys=0.00, real=0.00 secs] 
167.983: Total time for which application threads were stopped: 0.0048700 seconds, Stopping threads took: 0.0027740 seconds
168.023: Application time: 0.0396790 seconds
168.025: [GC [PSYoungGen: 49040K->5728K(49152K)] 89728K->46416K(160256K), 0.0016760 secs] [Times: user=0.01 sys=0.00, real=0.01 secs] 
168.027: Total time for which application threads were stopped: 0.0039210 seconds, Stopping threads took: 0.0021440 seconds
168.066: Application time: 0.0387550 seconds
168.067: [GC [PSYoungGen: 48224K->6624K(49152K)] 88912K->47936K(160256K), 0.0022440 secs] [Times: user=0.02 sys=0.00, real=0.00 secs] 
168.069: Total time for which application threads were stopped: 0.0038070 seconds, Stopping threads took: 0.0014730 seconds
168.105: Application time: 0.0361440 seconds
168.107: [GC [PSYoungGen: 49120K->6656K(49152K)] 90432K->48916K(160256K), 0.0023730 secs] [Times: user=0.02 sys=0.00, real=0.00 secs] 
168.109: Total time for which application threads were stopped: 0.0038630 seconds, Stopping threads took: 0.0014050 seconds
168.147: Application time: 0.0379420 seconds
168.149: [GC [PSYoungGen: 49152K->6640K(49152K)] 91412K->50172K(160256K), 0.0023280 secs] [Times: user=0.02 sys=0.00, real=0.00 secs] 
168.151: Total time for which application threads were stopped: 0.0041320 seconds, Stopping threads took: 0.0017080 seconds
168.190: Application time: 0.0383560 seconds
168.192: [GC [PSYoungGen: 49136K->6656K(49152K)] 92668K->51156K(160256K), 0.0022760 secs] [Times: user=0.01 sys=0.00, real=0.00 secs] 
168.195: Total time for which application threads were stopped: 0.0049760 seconds, Stopping threads took: 0.0026170 seconds
168.235: Application time: 0.0405110 seconds
168.237: [GC [PSYoungGen: 49152K->6624K(49152K)] 93652K->51556K(160256K), 0.0021250 secs] [Times: user=0.02 sys=0.00, real=0.01 secs] 
168.240: Total time for which application threads were stopped: 0.0043100 seconds, Stopping threads took: 0.0021080 seconds
168.277: Application time: 0.0377720 seconds
168.279: [GC [PSYoungGen: 49120K->6640K(49152K)] 94052K->52452K(160256K), 0.0022240 secs] [Times: user=0.01 sys=0.00, real=0.00 secs] 
168.281: Total time for which application threads were stopped: 0.0036870 seconds, Stopping threads took: 0.0013850 seconds
168.320: Application time: 0.0389740 seconds
168.322: [GC [PSYoungGen: 49136K->6640K(49152K)] 94948K->53140K(160256K), 0.0021040 secs] [Times: user=0.01 sys=0.01, real=0.00 secs] 
168.325: Total time for which application threads were stopped: 0.0045780 seconds, Stopping threads took: 0.0023880 seconds
168.363: Application time: 0.0388990 seconds
168.365: [GC [PSYoungGen: 49136K->5760K(49152K)] 95636K->52268K(160256K), 0.0018130 secs] [Times: user=0.01 sys=0.00, real=0.01 secs] 
168.367: Total time for which application threads were stopped: 0.0031330 seconds, Stopping threads took: 0.0012430 seconds
168.405: Application time: 0.0379750 seconds
168.407: [GC [PSYoungGen: 48256K->6640K(49152K)] 94764K->53572K(160256K), 0.0021130 secs] [Times: user=0.01 sys=0.00, real=0.00 secs] 
168.409: Total time for which application threads were stopped: 0.0048170 seconds, Stopping threads took: 0.0026230 seconds
168.449: Application time: 0.0398150 seconds
168.450: [GC [PSYoungGen: 49135K->5040K(49152K)] 96068K->51972K(160256K), 0.0016100 secs] [Times: user=0.01 sys=0.01, real=0.00 secs] 
168.452: Total time for which application threads were stopped: 0.0028790 seconds, Stopping threads took: 0.0011980 seconds
168.491: Application time: 0.0392930 seconds
168.493: [GC [PSYoungGen: 47536K->6064K(49152K)] 94468K->52996K(160256K), 0.0018090 secs] [Times: user=0.01 sys=0.00, real=0.00 secs] 
168.495: Total time for which application threads were stopped: 0.0032860 seconds, Stopping threads took: 0.0013940 seconds
168.534: Application time: 0.0395510 seconds
168.536: [GC [PSYoungGen: 48560K->6640K(49152K)] 95492K->53724K(160256K), 0.0020230 secs] [Times: user=0.01 sys=0.00, real=0.00 secs] 
168.538: Total time for which application threads were stopped: 0.0033100 seconds, Stopping threads took: 0.0012050 seconds
168.579: Application time: 0.0410750 seconds
168.580: [GC [PSYoungGen: 49136K->6496K(49152K)] 96220K->53580K(160256K), 0.0020170 secs] [Times: user=0.02 sys=0.00, real=0.00 secs] 
168.582: Total time for which application threads were stopped: 0.0034940 seconds, Stopping threads took: 0.0013960 seconds
168.620: Application time: 0.0382150 seconds
168.623: [GC [PSYoungGen: 48992K->6640K(49152K)] 96076K->54333K(160256K), 0.0021310 secs] [Times: user=0.02 sys=0.00, real=0.00 secs] 
168.625: Total time for which application threads were stopped: 0.0047690 seconds, Stopping threads took: 0.0025580 seconds
168.664: Application time: 0.0389220 seconds
168.666: [GC [PSYoungGen: 49136K->6656K(49152K)] 96829K->54856K(160256K), 0.0021990 secs] [Times: user=0.02 sys=0.00, real=0.01 secs] 
168.668: Total time for which application threads were stopped: 0.0043150 seconds, Stopping threads took: 0.0020000 seconds
168.706: Application time: 0.0379870 seconds
168.708: [GC [PSYoungGen: 49152K->6640K(49152K)] 97352K->55177K(160256K), 0.0020800 secs] [Times: user=0.01 sys=0.00, real=0.00 secs] 
168.710: Total time for which application threads were stopped: 0.0036640 seconds, Stopping threads took: 0.0015020 seconds
168.748: Application time: 0.0384200 seconds
168.751: [GC [PSYoungGen: 49136K->6640K(49152K)] 97673K->55417K(160256K), 0.0020580 secs] [Times: user=0.01 sys=0.00, real=0.00 secs] 
168.753: Total time for which application threads were stopped: 0.0049850 seconds, Stopping threads took: 0.0028480 seconds
168.791: Application time: 0.0375120 seconds
168.793: [GC [PSYoungGen: 49136K->6640K(49152K)] 97913K->55617K(160256K), 0.0022300 secs] [Times: user=0.01 sys=0.00, real=0.00 secs] 
168.795: Total time for which application threads were stopped: 0.0040290 seconds, Stopping threads took: 0.0017120 seconds
168.835: Application time: 0.0401290 seconds
168.838: [GC [PSYoungGen: 49136K->6656K(49152K)] 98113K->56568K(160256K), 0.0022940 secs] [Times: user=0.01 sys=0.00, real=0.01 secs] 
168.840: Total time for which application threads were stopped: 0.0052120 seconds, Stopping threads took: 0.0028330 seconds
168.878: Application time: 0.0372410 seconds
168.880: [GC [PSYoungGen: 49152K->6656K(49152K)] 99064K->57265K(160256K), 0.0021860 secs] [Times: user=0.01 sys=0.00, real=0.00 secs] 
168.883: Total time for which application threads were stopped: 0.0050780 seconds, Stopping threads took: 0.0028060 seconds
168.921: Application time: 0.0380560 seconds
168.923: [GC [PSYoungGen: 49152K->6560K(49152K)] 99761K->57169K(160256K), 0.0019030 secs] [Times: user=0.01 sys=0.00, real=0.00 secs] 
168.925: Total time for which application threads were stopped: 0.0041580 seconds, Stopping threads took: 0.0021770 seconds
168.964: Application time: 0.0386660 seconds
168.965: [GC [PSYoungGen: 49056K->5408K(49152K)] 99665K->56025K(160256K), 0.0016780 secs] [Times: user=0.01 sys=0.00, real=0.01 secs] 
168.967: Total time for which application threads were stopped: 0.0034090 seconds, Stopping threads took: 0.0016530 seconds
169.006: Application time: 0.0391310 seconds
169.007: [GC [PSYoungGen: 47903K->5776K(49152K)] 98520K->56393K(160256K), 0.0017960 secs] [Times: user=0.02 sys=0.00, real=0.00 secs] 
169.009: Total time for which application threads were stopped: 0.0030160 seconds, Stopping threads took: 0.0011460 seconds
169.049: Application time: 0.0397620 seconds
169.050: [GC [PSYoungGen: 48272K->6352K(49152K)] 98889K->56969K(160256K), 0.0018960 secs] [Times: user=0.01 sys=0.00, real=0.00 secs] 
169.052: Total time for which application threads were stopped: 0.0032220 seconds, Stopping threads took: 0.0012480 seconds
169.092: Application time: 0.0395600 seconds
169.094: [GC [PSYoungGen: 48848K->6224K(49152K)] 99465K->56841K(160256K), 0.0018710 secs] [Times: user=0.02 sys=0.00, real=0.00 secs] 
169.095: Total time for which application threads were stopped: 0.0038020 seconds, Stopping threads took: 0.0018470 seconds
169.136: Application time: 0.0402640 seconds
169.137: [GC [PSYoungGen: 48720K->4992K(49152K)] 99337K->55609K(160256K), 0.0015670 secs] [Times: user=0.01 sys=0.00, real=0.01 secs] 
169.139: Total time for which application threads were stopped: 0.0031070 seconds, Stopping threads took: 0.0014660 seconds
169.177: Application time: 0.0379100 seconds
169.178: [GC [PSYoungGen: 47488K->6656K(49152K)] 98105K->57713K(160256K), 0.0020630 secs] [Times: user=0.02 sys=0.00, real=0.01 secs] 
169.181: Total time for which application threads were stopped: 0.0038460 seconds, Stopping threads took: 0.0016940 seconds
169.219: Application time: 0.0387070 seconds
169.221: [GC [PSYoungGen: 49152K->6624K(49152K)] 100209K->58521K(160256K), 0.0022180 secs] [Times: user=0.02 sys=0.00, real=0.00 secs] 
169.223: Total time for which application threads were stopped: 0.0037560 seconds, Stopping threads took: 0.0014570 seconds
169.263: Application time: 0.0401510 seconds
169.266: [GC [PSYoungGen: 49120K->6656K(49152K)] 101017K->58585K(160256K), 0.0019670 secs] [Times: user=0.01 sys=0.00, real=0.01 secs] 
169.268: Total time for which application threads were stopped: 0.0048970 seconds, Stopping threads took: 0.0028510 seconds
169.306: Application time: 0.0380990 seconds
169.308: [GC [PSYoungGen: 49152K->6640K(49152K)] 101081K->58721K(160256K), 0.0019650 secs] [Times: user=0.01 sys=0.00, real=0.00 secs] 
169.310: Total time for which application threads were stopped: 0.0038560 seconds, Stopping threads took: 0.0018160 seconds
169.350: Application time: 0.0396620 seconds
169.352: [GC [PSYoungGen: 49136K->6640K(49152K)] 101217K->58737K(160256K), 0.0019050 secs] [Times: user=0.01 sys=0.00, real=0.00 secs] 
169.354: Total time for which application threads were stopped: 0.0046210 seconds, Stopping threads took: 0.0026280 seconds
169.393: Application time: 0.0385050 seconds
169.394: [GC [PSYoungGen: 49136K->6640K(49152K)] 101233K->59497K(160256K), 0.0022220 secs] [Times: user=0.02 sys=0.00, real=0.00 secs] 
169.396: Total time for which application threads were stopped: 0.0036040 seconds, Stopping threads took: 0.0012770 seconds
169.434: Application time: 0.0379410 seconds
169.436: [GC [PSYoungGen: 49136K->6640K(49152K)] 101993K->59729K(160256K), 0.0099810 secs] [Times: user=0.06 sys=0.00, real=0.01 secs] 
169.446: Total time for which application threads were stopped: 0.0115220 seconds, Stopping threads took: 0.0014640 seconds
169.485: Application time: 0.0390850 seconds
169.487: [GC [PSYoungGen: 49136K->5952K(49152K)] 102225K->59049K(160256K), 0.0017980 secs] [Times: user=0.01 sys=0.01, real=0.01 secs] 
169.488: Total time for which application threads were stopped: 0.0033270 seconds, Stopping threads took: 0.0014490 seconds
169.528: Application time: 0.0401090 seconds
169.530: [GC [PSYoungGen: 48448K->5376K(49152K)] 101545K->58473K(160256K), 0.0016230 secs] [Times: user=0.02 sys=0.00, real=0.00 secs] 
169.532: Total time for which application threads were stopped: 0.0032650 seconds, Stopping threads took: 0.0015630 seconds
169.571: Application time: 0.0396210 seconds
169.574: [GC [PSYoungGen: 47872K->6192K(49152K)] 100969K->59289K(160256K), 0.0018560 secs] [Times: user=0.01 sys=0.00, real=0.00 secs] 
169.576: Total time for which application threads were stopped: 0.0041960 seconds, Stopping threads took: 0.0022540 seconds
169.615: Application time: 0.0399200 seconds
169.617: [GC [PSYoungGen: 48688K->5920K(49152K)] 101785K->59017K(160256K), 0.0018480 secs] [Times: user=0.01 sys=0.00, real=0.01 secs] 
169.619: Total time for which application threads were stopped: 0.0036280 seconds, Stopping threads took: 0.0016980 seconds
169.657: Application time: 0.0375270 seconds
169.658: [GC [PSYoungGen: 48416K->6640K(49152K)] 101513K->60689K(160256K), 0.0022770 secs] [Times: user=0.02 sys=0.00, real=0.01 secs] 
169.661: Total time for which application threads were stopped: 0.0040390 seconds, Stopping threads took: 0.0016770 seconds
169.700: Application time: 0.0394520 seconds
169.702: [GC [PSYoungGen: 49136K->6336K(49152K)] 103185K->60393K(160256K), 0.0018650 secs] [Times: user=0.01 sys=0.00, real=0.00 secs] 
169.704: Total time for which application threads were stopped: 0.0041780 seconds, Stopping threads took: 0.0022220 seconds
169.742: Application time: 0.0379000 seconds
169.745: [GC [PSYoungGen: 48832K->6624K(49152K)] 102889K->62089K(160256K), 0.0024620 secs] [Times: user=0.01 sys=0.00, real=0.01 secs] 
169.747: Total time for which application threads were stopped: 0.0049690 seconds, Stopping threads took: 0.0024250 seconds
169.786: Application time: 0.0389820 seconds
169.788: [GC [PSYoungGen: 49120K->5504K(49152K)] 104585K->60969K(160256K), 0.0017160 secs] [Times: user=0.01 sys=0.00, real=0.00 secs] 
169.789: Total time for which application threads were stopped: 0.0030930 seconds, Stopping threads took: 0.0012960 seconds
169.829: Application time: 0.0397180 seconds
169.831: [GC [PSYoungGen: 48000K->5952K(49152K)] 103465K->61433K(160256K), 0.0018220 secs] [Times: user=0.01 sys=0.00, real=0.00 secs] 
169.832: Total time for which application threads were stopped: 0.0034170 seconds, Stopping threads took: 0.0015150 seconds
169.873: Application time: 0.0401150 seconds
169.874: [GC [PSYoungGen: 48448K->5488K(49152K)] 103929K->60977K(160256K), 0.0017430 secs] [Times: user=0.01 sys=0.00, real=0.00 secs] 
169.876: Total time for which application threads were stopped: 0.0032440 seconds, Stopping threads took: 0.0014280 seconds
169.915: Application time: 0.0396470 seconds
169.918: [GC [PSYoungGen: 47984K->5920K(49152K)] 103473K->61425K(160256K), 0.0018400 secs] [Times: user=0.02 sys=0.00, real=0.01 secs] 
169.920: Total time for which application threads were stopped: 0.0044670 seconds, Stopping threads took: 0.0025470 seconds
169.960: Application time: 0.0404220 seconds
169.963: [GC [PSYoungGen: 48416K->5824K(49152K)] 103921K->61329K(160256K), 0.0016780 secs] [Times: user=0.01 sys=0.00, real=0.00 secs] 
169.965: Total time for which application threads were stopped: 0.0045360 seconds, Stopping threads took: 0.0027760 seconds
170.003: Application time: 0.0385670 seconds
170.006: [GC [PSYoungGen: 48320K->6624K(49152K)] 103825K->62929K(160256K), 0.0022150 secs] [Times: user=0.01 sys=0.00, real=0.01 secs] 
170.009: Total time for which application threads were stopped: 0.0052440 seconds, Stopping threads took: 0.0029460 seconds
170.049: Application time: 0.0401420 seconds
170.050: [GC [PSYoungGen: 49120K->5984K(49152K)] 105425K->62289K(160256K), 0.0018200 secs] [Times: user=0.01 sys=0.00, real=0.00 secs] 
170.052: Total time for which application threads were stopped: 0.0031190 seconds, Stopping threads took: 0.0012170 seconds
170.093: Application time: 0.0407490 seconds
170.095: [GC [PSYoungGen: 48480K->5840K(49152K)] 104785K->62145K(160256K), 0.0019140 secs] [Times: user=0.00 sys=0.00, real=0.00 secs] 
170.097: Total time for which application threads were stopped: 0.0038100 seconds, Stopping threads took: 0.0018130 seconds
170.137: Application time: 0.0406660 seconds
170.140: [GC [PSYoungGen: 48336K->6640K(49152K)] 104641K->63297K(160256K), 0.0020850 secs] [Times: user=0.02 sys=0.00, real=0.00 secs] 
170.142: Total time for which application threads were stopped: 0.0050370 seconds, Stopping threads took: 0.0028710 seconds
170.179: Application time: 0.0368990 seconds
170.182: [GC [PSYoungGen: 49136K->6624K(49152K)] 105793K->63513K(160256K), 0.0019990 secs] [Times: user=0.02 sys=0.00, real=0.00 secs] 
170.184: Total time for which application threads were stopped: 0.0046020 seconds, Stopping threads took: 0.0025200 seconds
170.221: Application time: 0.0373370 seconds
170.222: [GC [PSYoungGen: 49120K->6432K(49152K)] 106009K->63329K(160256K), 0.0019890 secs] [Times: user=0.01 sys=0.00, real=0.00 secs] 
170.224: Total time for which application threads were stopped: 0.0030980 seconds, Stopping threads took: 0.0010180 seconds
170.263: Application time: 0.0387590 seconds
170.266: [GC [PSYoungGen: 48928K->6624K(49152K)] 105825K->63713K(160256K), 0.0020640 secs] [Times: user=0.02 sys=0.00, real=0.01 secs] 
170.268: Total time for which application threads were stopped: 0.0047640 seconds, Stopping threads took: 0.0026170 seconds
170.305: Application time: 0.0377250 seconds
170.307: [GC [PSYoungGen: 49120K->6656K(49152K)] 106209K->64705K(160256K), 0.0023520 secs] [Times: user=0.01 sys=0.00, real=0.00 secs] 
170.310: Total time for which application threads were stopped: 0.0040840 seconds, Stopping threads took: 0.0016480 seconds
170.347: Application time: 0.0378300 seconds
170.349: [GC [PSYoungGen: 49152K->6656K(49152K)] 107201K->65297K(160256K), 0.0021960 secs] [Times: user=0.02 sys=0.00, real=0.00 secs] 
170.351: Total time for which application threads were stopped: 0.0036800 seconds, Stopping threads took: 0.0013980 seconds
170.390: Application time: 0.0388580 seconds
170.392: [GC [PSYoungGen: 49152K->6640K(49152K)] 107793K->65657K(160256K), 0.0021440 secs] [Times: user=0.02 sys=0.00, real=0.00 secs] 
170.394: Total time for which application threads were stopped: 0.0039190 seconds, Stopping threads took: 0.0016910 seconds
170.435: Application time: 0.0412390 seconds
170.437: [GC [PSYoungGen: 49136K->5632K(49152K)] 108153K->64657K(160256K), 0.0016810 secs] [Times: user=0.01 sys=0.00, real=0.00 secs] 
170.438: Total time for which application threads were stopped: 0.0032920 seconds, Stopping threads took: 0.0015310 seconds
170.478: Application time: 0.0395460 seconds
170.480: [GC [PSYoungGen: 48128K->5568K(49152K)] 107153K->64593K(160256K), 0.0018470 secs] [Times: user=0.01 sys=0.00, real=0.00 secs] 
170.481: Total time for which application threads were stopped: 0.0035570 seconds, Stopping threads took: 0.0016360 seconds
170.520: Application time: 0.0386340 seconds
170.522: [GC [PSYoungGen: 48064K->5888K(49152K)] 107089K->64921K(160256K), 0.0017980 secs] [Times: user=0.01 sys=0.00, real=0.00 secs] 
170.524: Total time for which application threads were stopped: 0.0036980 seconds, Stopping threads took: 0.0017910 seconds
170.564: Application time: 0.0402640 seconds
170.566: [GC [PSYoungGen: 48384K->5856K(49152K)] 107417K->64889K(160256K), 0.0017830 secs] [Times: user=0.01 sys=0.00, real=0.01 secs] 
170.568: Total time for which application threads were stopped: 0.0037820 seconds, Stopping threads took: 0.0019160 seconds
170.607: Application time: 0.0388860 seconds
170.609: [GC [PSYoungGen: 48352K->6656K(49152K)] 107385K->66041K(160256K), 0.0022450 secs] [Times: user=0.01 sys=0.00, real=0.00 secs] 
170.611: Total time for which application threads were stopped: 0.0044760 seconds, Stopping threads took: 0.0021310 seconds
170.650: Application time: 0.0384750 seconds
170.652: [GC [PSYoungGen: 49152K->6112K(49152K)] 108537K->65497K(160256K), 0.0018000 secs] [Times: user=0.01 sys=0.00, real=0.00 secs] 
170.654: Total time for which application threads were stopped: 0.0046480 seconds, Stopping threads took: 0.0027680 seconds
170.693: Application time: 0.0383530 seconds
170.694: [GC [PSYoungGen: 48608K->6640K(49152K)] 107993K->66081K(160256K), 0.0020990 secs] [Times: user=0.02 sys=0.00, real=0.00 secs] 
170.696: Total time for which application threads were stopped: 0.0035890 seconds, Stopping threads took: 0.0014090 seconds
170.736: Application time: 0.0393440 seconds
170.737: [GC [PSYoungGen: 49136K->5632K(49152K)] 108577K->65081K(160256K), 0.0017930 secs] [Times: user=0.02 sys=0.00, real=0.01 secs] 
170.739: Total time for which application threads were stopped: 0.0031240 seconds, Stopping threads took: 0.0012440 seconds
170.777: Application time: 0.0382590 seconds
170.779: [GC [PSYoungGen: 48128K->5920K(49152K)] 107577K->65385K(160256K), 0.0018140 secs] [Times: user=0.01 sys=0.00, real=0.00 secs] 
170.781: Total time for which application threads were stopped: 0.0043100 seconds, Stopping threads took: 0.0024200 seconds
170.822: Application time: 0.0403220 seconds
170.823: [GC [PSYoungGen: 48416K->6624K(49152K)] 107881K->67193K(160256K), 0.0024180 secs] [Times: user=0.02 sys=0.00, real=0.00 secs] 
170.825: Total time for which application threads were stopped: 0.0036810 seconds, Stopping threads took: 0.0011770 seconds
170.866: Application time: 0.0402920 seconds
170.868: [GC [PSYoungGen: 49120K->5584K(49152K)] 109689K->66161K(160256K), 0.0017090 secs] [Times: user=0.01 sys=0.00, real=0.00 secs] 
170.869: Total time for which application threads were stopped: 0.0036790 seconds, Stopping threads took: 0.0018930 seconds
170.909: Application time: 0.0392940 seconds
170.912: [GC [PSYoungGen: 48080K->6464K(49152K)] 108657K->67049K(160256K), 0.0019250 secs] [Times: user=0.01 sys=0.00, real=0.00 secs] 
170.914: Total time for which application threads were stopped: 0.0049190 seconds, Stopping threads took: 0.0029170 seconds
170.950: Application time: 0.0363880 seconds
170.952: [GC [PSYoungGen: 48960K->6640K(49152K)] 109545K->67817K(160256K), 0.0021740 secs] [Times: user=0.01 sys=0.00, real=0.00 secs] 
170.955: Total time for which application threads were stopped: 0.0045910 seconds, Stopping threads took: 0.0023370 seconds
170.994: Application time: 0.0398080 seconds
170.997: [GC [PSYoungGen: 49136K->6640K(49152K)] 110313K->68209K(160256K), 0.0022020 secs] [Times: user=0.01 sys=0.00, real=0.01 secs] 
170.999: Total time for which application threads were stopped: 0.0051220 seconds, Stopping threads took: 0.0028370 seconds
171.038: Application time: 0.0382710 seconds
171.040: [GC [PSYoungGen: 49136K->6656K(49152K)] 110705K->68329K(160256K), 0.0020560 secs] [Times: user=0.02 sys=0.00, real=0.00 secs] 
171.042: Total time for which application threads were stopped: 0.0042630 seconds, Stopping threads took: 0.0021220 seconds
171.080: Application time: 0.0377280 seconds
171.082: [GC [PSYoungGen: 49152K->5776K(49152K)] 110825K->67449K(160256K), 0.0018680 secs] [Times: user=0.01 sys=0.00, real=0.00 secs] 
171.084: Total time for which application threads were stopped: 0.0038020 seconds, Stopping threads took: 0.0018520 seconds
171.122: Application time: 0.0386660 seconds
171.125: [GC [PSYoungGen: 48272K->6640K(49152K)] 109945K->68345K(160256K), 0.0021390 secs] [Times: user=0.01 sys=0.00, real=0.01 secs] 
171.127: Total time for which application threads were stopped: 0.0052320 seconds, Stopping threads took: 0.0030120 seconds
171.166: Application time: 0.0384660 seconds
171.167: [GC [PSYoungGen: 49136K->6640K(49152K)] 110841K->68345K(160256K), 0.0020740 secs] [Times: user=0.01 sys=0.00, real=0.00 secs] 
171.169: Total time for which application threads were stopped: 0.0034850 seconds, Stopping threads took: 0.0013320 seconds
171.207: Application time: 0.0377950 seconds
171.209: [GC [PSYoungGen: 49136K->6368K(49152K)] 110841K->68073K(160256K), 0.0019360 secs] [Times: user=0.01 sys=0.00, real=0.00 secs] 
171.211: Total time for which application threads were stopped: 0.0038730 seconds, Stopping threads took: 0.0018540 seconds
171.251: Application time: 0.0403090 seconds
171.256: [GC [PSYoungGen: 48864K->6656K(49152K)] 110569K->68865K(160256K), 0.0021640 secs] [Times: user=0.01 sys=0.00, real=0.00 secs] 
171.258: Total time for which application threads were stopped: 0.0068990 seconds, Stopping threads took: 0.0046420 seconds
171.295: Application time: 0.0368390 seconds
171.297: [GC [PSYoungGen: 49152K->6624K(49152K)] 111361K->70177K(160256K), 0.0024420 secs] [Times: user=0.02 sys=0.00, real=0.01 secs] 
171.300: Total time for which application threads were stopped: 0.0044080 seconds, Stopping threads took: 0.0018830 seconds
171.338: Application time: 0.0383570 seconds
171.340: [GC [PSYoungGen: 49120K->6656K(49152K)] 112673K->70329K(160256K), 0.0020050 secs] [Times: user=0.01 sys=0.00, real=0.00 secs] 
171.342: Total time for which application threads were stopped: 0.0042250 seconds, Stopping threads took: 0.0021330 seconds
171.380: Application time: 0.0376410 seconds
171.382: [GC [PSYoungGen: 49152K->6640K(49152K)] 112825K->71353K(160256K), 0.0024530 secs] [Times: user=0.02 sys=0.00, real=0.00 secs] 
171.385: Total time for which application threads were stopped: 0.0052160 seconds, Stopping threads took: 0.0026790 seconds
171.423: Application time: 0.0376990 seconds
171.425: [GC [PSYoungGen: 49136K->6656K(49152K)] 113849K->72113K(160256K), 0.0022420 secs] [Times: user=0.02 sys=0.00, real=0.01 secs] 
171.427: Total time for which application threads were stopped: 0.0043250 seconds, Stopping threads took: 0.0019960 seconds
171.466: Application time: 0.0387880 seconds
171.467: [GC [PSYoungGen: 49152K->6080K(49152K)] 114609K->71545K(160256K), 0.0018260 secs] [Times: user=0.01 sys=0.00, real=0.00 secs] 
171.469: Total time for which application threads were stopped: 0.0030130 seconds, Stopping threads took: 0.0011060 seconds
171.510: Application time: 0.0412500 seconds
171.512: [GC [PSYoungGen: 48576K->5504K(49152K)] 114041K->70977K(160256K), 0.0017900 secs] [Times: user=0.01 sys=0.00, real=0.00 secs] 
171.514: Total time for which application threads were stopped: 0.0040720 seconds, Stopping threads took: 0.0022080 seconds
171.553: Application time: 0.0393010 seconds
171.556: [GC [PSYoungGen: 48000K->6656K(49152K)] 113473K->72249K(160256K), 0.0023240 secs] [Times: user=0.01 sys=0.00, real=0.00 secs] 
171.558: Total time for which application threads were stopped: 0.0046250 seconds, Stopping threads took: 0.0022140 seconds
171.598: Application time: 0.0397200 seconds
171.600: [GC [PSYoungGen: 49152K->6656K(49152K)] 114745K->73105K(160256K), 0.0022830 secs] [Times: user=0.01 sys=0.00, real=0.00 secs] 
171.603: Total time for which application threads were stopped: 0.0048720 seconds, Stopping threads took: 0.0025050 seconds
171.644: Application time: 0.0409670 seconds
171.645: [GC [PSYoungGen: 49152K->6112K(49152K)] 115601K->72561K(160256K), 0.0020820 secs] [Times: user=0.01 sys=0.00, real=0.01 secs] 
171.648: Total time for which application threads were stopped: 0.0039190 seconds, Stopping threads took: 0.0017550 seconds
171.688: Application time: 0.0408520 seconds
171.690: [GC [PSYoungGen: 48608K->6336K(49152K)] 115057K->72785K(160256K), 0.0019070 secs] [Times: user=0.01 sys=0.00, real=0.00 secs] 
171.692: Total time for which application threads were stopped: 0.0037500 seconds, Stopping threads took: 0.0017520 seconds
171.732: Application time: 0.0400510 seconds
171.735: [GC [PSYoungGen: 48832K->6624K(49152K)] 115281K->73073K(160256K), 0.0021480 secs] [Times: user=0.01 sys=0.00, real=0.00 secs] 
171.737: Total time for which application threads were stopped: 0.0052880 seconds, Stopping threads took: 0.0030500 seconds
171.779: Application time: 0.0420040 seconds
171.781: [GC [PSYoungGen: 49120K->5056K(49152K)] 115569K->71513K(160256K), 0.0015740 secs] [Times: user=0.01 sys=0.00, real=0.00 secs] 
171.783: Total time for which application threads were stopped: 0.0030800 seconds, Stopping threads took: 0.0014100 seconds
171.825: Application time: 0.0423030 seconds
171.827: [GC [PSYoungGen: 47552K->5568K(49152K)] 114009K->72033K(160256K), 0.0017540 secs] [Times: user=0.01 sys=0.00, real=0.00 secs] 
171.829: Total time for which application threads were stopped: 0.0039470 seconds, Stopping threads took: 0.0021120 seconds
171.870: Application time: 0.0411780 seconds
171.871: [GC [PSYoungGen: 48064K->6080K(49152K)] 114529K->72553K(160256K), 0.0019310 secs] [Times: user=0.01 sys=0.00, real=0.00 secs] 
171.873: Total time for which application threads were stopped: 0.0034240 seconds, Stopping threads took: 0.0013970 seconds
171.917: Application time: 0.0435990 seconds
171.920: [GC [PSYoungGen: 48576K->5648K(49152K)] 115049K->72121K(160256K), 0.0018500 secs] [Times: user=0.02 sys=0.00, real=0.00 secs] 
171.922: Total time for which application threads were stopped: 0.0045490 seconds, Stopping threads took: 0.0026110 seconds
171.962: Application time: 0.0403110 seconds
171.964: [GC [PSYoungGen: 48144K->6656K(49152K)] 114617K->73778K(160256K), 0.0026570 secs] [Times: user=0.02 sys=0.00, real=0.01 secs] 
171.967: Total time for which application threads were stopped: 0.0052520 seconds, Stopping threads took: 0.0025080 seconds
172.008: Application time: 0.0412000 seconds
172.011: [GC [PSYoungGen: 49152K->6000K(49152K)] 116274K->73138K(160256K), 0.0018280 secs] [Times: user=0.01 sys=0.00, real=0.00 secs] 
172.013: Total time for which application threads were stopped: 0.0041970 seconds, Stopping threads took: 0.0022850 seconds
172.053: Application time: 0.0404140 seconds
172.055: [GC [PSYoungGen: 48496K->6528K(49152K)] 115634K->73682K(160256K), 0.0020280 secs] [Times: user=0.01 sys=0.00, real=0.00 secs] 
172.057: Total time for which application threads were stopped: 0.0045150 seconds, Stopping threads took: 0.0024010 seconds
172.099: Application time: 0.0412050 seconds
172.100: [GC [PSYoungGen: 49024K->6144K(49152K)] 116178K->73298K(160256K), 0.0018910 secs] [Times: user=0.01 sys=0.00, real=0.00 secs] 
172.102: Total time for which application threads were stopped: 0.0037290 seconds, Stopping threads took: 0.0017570 seconds
172.148: Application time: 0.0454420 seconds
172.151: [GC [PSYoungGen: 48640K->4432K(49152K)] 115794K->71594K(160256K), 0.0013690 secs] [Times: user=0.00 sys=0.00, real=0.00 secs] 
172.152: Total time for which application threads were stopped: 0.0041880 seconds, Stopping threads took: 0.0027470 seconds
172.193: Application time: 0.0408030 seconds
172.194: [GC [PSYoungGen: 46928K->6192K(49152K)] 114090K->73354K(160256K), 0.0019550 secs] [Times: user=0.01 sys=0.00, real=0.00 secs] 
172.196: Total time for which application threads were stopped: 0.0032960 seconds, Stopping threads took: 0.0012570 seconds
172.240: Application time: 0.0442880 seconds
172.242: [GC [PSYoungGen: 48688K->4112K(49152K)] 115850K->71274K(160256K), 0.0013980 secs] [Times: user=0.01 sys=0.00, real=0.00 secs] 
172.243: Total time for which application threads were stopped: 0.0030080 seconds, Stopping threads took: 0.0015340 seconds
172.285: Application time: 0.0420170 seconds
172.287: [GC [PSYoungGen: 46607K->5904K(49152K)] 113769K->73066K(160256K), 0.0018210 secs] [Times: user=0.01 sys=0.00, real=0.00 secs] 
172.289: Total time for which application threads were stopped: 0.0035100 seconds, Stopping threads took: 0.0015950 seconds
172.330: Application time: 0.0410330 seconds
172.332: [GC [PSYoungGen: 48400K->6656K(49152K)] 115562K->73842K(160256K), 0.0020520 secs] [Times: user=0.01 sys=0.00, real=0.00 secs] 
172.334: Total time for which application threads were stopped: 0.0039480 seconds, Stopping threads took: 0.0018130 seconds
172.375: Application time: 0.0406290 seconds
172.377: [GC [PSYoungGen: 49152K->6656K(49152K)] 116338K->74706K(160256K), 0.0022890 secs] [Times: user=0.02 sys=0.00, real=0.01 secs] 
172.380: Total time for which application threads were stopped: 0.0052170 seconds, Stopping threads took: 0.0028400 seconds
172.421: Application time: 0.0416730 seconds
172.424: [GC [PSYoungGen: 49152K->5936K(49152K)] 117202K->73994K(160256K), 0.0018320 secs] [Times: user=0.01 sys=0.00, real=0.00 secs] 
172.426: Total time for which application threads were stopped: 0.0048180 seconds, Stopping threads took: 0.0029070 seconds
172.466: Application time: 0.0399790 seconds
172.468: [GC [PSYoungGen: 48432K->6656K(49152K)] 116490K->76274K(160256K), 0.0026090 secs] [Times: user=0.01 sys=0.00, real=0.00 secs] 
172.471: Total time for which application threads were stopped: 0.0043520 seconds, Stopping threads took: 0.0016510 seconds
172.512: Application time: 0.0409770 seconds
172.513: [GC [PSYoungGen: 49151K->6640K(49152K)] 118769K->76258K(160256K), 0.0019830 secs] [Times: user=0.02 sys=0.00, real=0.00 secs] 
172.515: Total time for which application threads were stopped: 0.0036910 seconds, Stopping threads took: 0.0016250 seconds
172.555: Application time: 0.0392310 seconds
172.557: [GC [PSYoungGen: 49136K->6624K(49152K)] 118754K->76482K(160256K), 0.0020060 secs] [Times: user=0.01 sys=0.00, real=0.01 secs] 
172.559: Total time for which application threads were stopped: 0.0044600 seconds, Stopping threads took: 0.0023710 seconds
172.600: Application time: 0.0406570 seconds
172.603: [GC [PSYoungGen: 49120K->6656K(49152K)] 118978K->77546K(160256K), 0.0022380 secs] [Times: user=0.01 sys=0.00, real=0.00 secs] 
172.605: Total time for which application threads were stopped: 0.0051990 seconds, Stopping threads took: 0.0028780 seconds
172.646: Application time: 0.0407650 seconds
172.648: [GC [PSYoungGen: 49152K->6432K(49152K)] 120042K->77330K(160256K), 0.0020000 secs] [Times: user=0.01 sys=0.00, real=0.00 secs] 
172.650: Total time for which application threads were stopped: 0.0039370 seconds, Stopping threads took: 0.0018550 seconds
172.691: Application time: 0.0414890 seconds
172.692: [GC [PSYoungGen: 48928K->6656K(49152K)] 119826K->78166K(160256K), 0.0021270 secs] [Times: user=0.02 sys=0.00, real=0.00 secs] 
172.694: Total time for which application threads were stopped: 0.0033520 seconds, Stopping threads took: 0.0011470 seconds
172.738: Application time: 0.0432540 seconds
172.740: [GC [PSYoungGen: 49152K->6272K(49152K)] 120662K->77782K(160256K), 0.0019000 secs] [Times: user=0.01 sys=0.00, real=0.00 secs] 
172.741: Total time for which application threads were stopped: 0.0037890 seconds, Stopping threads took: 0.0018090 seconds
172.782: Application time: 0.0403120 seconds
172.785: [GC [PSYoungGen: 48768K->6240K(49152K)] 120278K->77750K(160256K), 0.0018420 secs] [Times: user=0.02 sys=0.00, real=0.01 secs] 
172.787: Total time for which application threads were stopped: 0.0049130 seconds, Stopping threads took: 0.0029900 seconds
172.828: Application time: 0.0408240 seconds
172.830: [GC [PSYoungGen: 48736K->6656K(49152K)] 120246K->79406K(160256K), 0.0023740 secs] [Times: user=0.02 sys=0.00, real=0.00 secs] 
172.833: Total time for which application threads were stopped: 0.0049740 seconds, Stopping threads took: 0.0025010 seconds
172.873: Application time: 0.0403240 seconds
172.876: [GC [PSYoungGen: 49152K->6656K(49152K)] 121902K->79494K(160256K), 0.0020370 secs] [Times: user=0.01 sys=0.00, real=0.00 secs] 
172.878: Total time for which application threads were stopped: 0.0049590 seconds, Stopping threads took: 0.0028380 seconds
172.917: Application time: 0.0392970 seconds
172.919: [GC [PSYoungGen: 49152K->6656K(49152K)] 121990K->80326K(160256K), 0.0022930 secs] [Times: user=0.02 sys=0.00, real=0.00 secs] 
172.921: Total time for which application threads were stopped: 0.0043130 seconds, Stopping threads took: 0.0019330 seconds
172.963: Application time: 0.0414990 seconds
172.966: [GC [PSYoungGen: 49152K->6656K(49152K)] 122822K->81030K(160256K), 0.0022350 secs] [Times: user=0.01 sys=0.00, real=0.01 secs] 
172.968: Total time for which application threads were stopped: 0.0055640 seconds, Stopping threads took: 0.0032390 seconds
173.008: Application time: 0.0399140 seconds
173.010: [GC [PSYoungGen: 49152K->6272K(49152K)] 123526K->80646K(160256K), 0.0019380 secs] [Times: user=0.01 sys=0.00, real=0.00 secs] 
173.012: Total time for which application threads were stopped: 0.0036420 seconds, Stopping threads took: 0.0016150 seconds
173.055: Application time: 0.0429900 seconds
173.057: [GC [PSYoungGen: 48768K->6208K(49152K)] 123142K->80582K(160256K), 0.0019360 secs] [Times: user=0.01 sys=0.00, real=0.01 secs] 
173.059: Total time for which application threads were stopped: 0.0035780 seconds, Stopping threads took: 0.0015570 seconds
173.100: Application time: 0.0418200 seconds
173.102: [GC [PSYoungGen: 48704K->6480K(49152K)] 123078K->80862K(160256K), 0.0020430 secs] [Times: user=0.01 sys=0.00, real=0.00 secs] 
173.104: Total time for which application threads were stopped: 0.0036200 seconds, Stopping threads took: 0.0014950 seconds
173.145: Application time: 0.0413160 seconds
173.147: [GC [PSYoungGen: 48976K->5728K(49152K)] 123358K->80118K(160256K), 0.0017860 secs] [Times: user=0.01 sys=0.00, real=0.00 secs] 
173.149: Total time for which application threads were stopped: 0.0034670 seconds, Stopping threads took: 0.0015980 seconds
173.191: Application time: 0.0422560 seconds
173.194: [GC [PSYoungGen: 48224K->6640K(49152K)] 122614K->82082K(160256K), 0.0024110 secs] [Times: user=0.01 sys=0.00, real=0.00 secs] 
173.196: Total time for which application threads were stopped: 0.0052110 seconds, Stopping threads took: 0.0027100 seconds
173.237: Application time: 0.0407820 seconds
173.240: [GC [PSYoungGen: 49136K->5680K(49152K)] 124578K->81130K(160256K), 0.0019970 secs] [Times: user=0.01 sys=0.00, real=0.00 secs] 
173.242: Total time for which application threads were stopped: 0.0050470 seconds, Stopping threads took: 0.0029610 seconds
173.282: Application time: 0.0396990 seconds
173.284: [GC [PSYoungGen: 48176K->6560K(49152K)] 123626K->82010K(160256K), 0.0021260 secs] [Times: user=0.01 sys=0.00, real=0.00 secs] 
173.286: Total time for which application threads were stopped: 0.0041420 seconds, Stopping threads took: 0.0019180 seconds
173.327: Application time: 0.0410880 seconds
173.330: [GC [PSYoungGen: 49056K->6656K(49152K)] 124506K->83622K(160256K), 0.0026910 secs] [Times: user=0.02 sys=0.00, real=0.00 secs] 
173.333: Total time for which application threads were stopped: 0.0055220 seconds, Stopping threads took: 0.0027220 seconds
173.377: Application time: 0.0439550 seconds
173.379: [GC [PSYoungGen: 49152K->6640K(49152K)] 126118K->83742K(160256K), 0.0020980 secs] [Times: user=0.02 sys=0.00, real=0.00 secs] 
173.381: Total time for which application threads were stopped: 0.0046240 seconds, Stopping threads took: 0.0024360 seconds
173.422: Application time: 0.0410330 seconds
173.424: [GC [PSYoungGen: 49136K->6640K(49152K)] 126238K->84734K(160256K), 0.0021730 secs] [Times: user=0.01 sys=0.00, real=0.00 secs] 
173.426: Total time for which application threads were stopped: 0.0038080 seconds, Stopping threads took: 0.0015550 seconds
173.469: Application time: 0.0425350 seconds
173.471: [GC [PSYoungGen: 49136K->6656K(49152K)] 127230K->85022K(160256K), 0.0021340 secs] [Times: user=0.01 sys=0.00, real=0.00 secs] 
173.473: Total time for which application threads were stopped: 0.0042910 seconds, Stopping threads took: 0.0020820 seconds
173.516: Application time: 0.0432290 seconds
173.519: [GC [PSYoungGen: 49152K->6464K(49152K)] 127518K->84830K(160256K), 0.0019180 secs] [Times: user=0.01 sys=0.00, real=0.00 secs] 
173.521: Total time for which application threads were stopped: 0.0046200 seconds, Stopping threads took: 0.0026140 seconds
173.563: Application time: 0.0421410 seconds
173.564: [GC [PSYoungGen: 48960K->6304K(49152K)] 127326K->84670K(160256K), 0.0019970 secs] [Times: user=0.01 sys=0.00, real=0.00 secs] 
173.567: Total time for which application threads were stopped: 0.0036880 seconds, Stopping threads took: 0.0016000 seconds
173.608: Application time: 0.0415440 seconds
173.611: [GC [PSYoungGen: 48800K->6352K(49152K)] 127166K->84718K(160256K), 0.0022020 secs] [Times: user=0.01 sys=0.00, real=0.00 secs] 
173.613: Total time for which application threads were stopped: 0.0047310 seconds, Stopping threads took: 0.0024350 seconds
173.653: Application time: 0.0399170 seconds
173.655: [GC [PSYoungGen: 48848K->6656K(49152K)] 127214K->86566K(160256K), 0.0024970 secs] [Times: user=0.02 sys=0.00, real=0.00 secs] 
173.658: Total time for which application threads were stopped: 0.0050860 seconds, Stopping threads took: 0.0024830 seconds
173.700: Application time: 0.0418330 seconds
173.702: [GC [PSYoungGen: 49152K->6656K(49152K)] 129062K->86946K(160256K), 0.0022320 secs] [Times: user=0.02 sys=0.00, real=0.00 secs] 
173.705: Total time for which application threads were stopped: 0.0049440 seconds, Stopping threads took: 0.0026270 seconds
173.745: Application time: 0.0402100 seconds
173.747: [GC [PSYoungGen: 49152K->6640K(49152K)] 129442K->87314K(160256K), 0.0021530 secs] [Times: user=0.01 sys=0.00, real=0.00 secs] 
173.750: Total time for which application threads were stopped: 0.0047700 seconds, Stopping threads took: 0.0025300 seconds
173.791: Application time: 0.0416920 seconds
173.793: [GC [PSYoungGen: 49136K->5024K(49152K)] 129810K->85698K(160256K), 0.0015980 secs] [Times: user=0.01 sys=0.00, real=0.00 secs] 
173.795: Total time for which application threads were stopped: 0.0032960 seconds, Stopping threads took: 0.0016210 seconds
173.837: Application time: 0.0422140 seconds
173.838: [GC [PSYoungGen: 47520K->5760K(49152K)] 128194K->86442K(160256K), 0.0017960 secs] [Times: user=0.02 sys=0.00, real=0.01 secs] 
173.840: Total time for which application threads were stopped: 0.0035230 seconds, Stopping threads took: 0.0016440 seconds
173.884: Application time: 0.0437730 seconds
173.886: [GC [PSYoungGen: 48256K->4160K(49152K)] 128938K->84842K(160256K), 0.0014900 secs] [Times: user=0.01 sys=0.00, real=0.01 secs] 
173.888: Total time for which application threads were stopped: 0.0034430 seconds, Stopping threads took: 0.0018680 seconds
173.927: Application time: 0.0390050 seconds
173.928: [GC [PSYoungGen: 46656K->6656K(49152K)] 127338K->87978K(160256K), 0.0022310 secs] [Times: user=0.01 sys=0.00, real=0.00 secs] 
173.931: Total time for which application threads were stopped: 0.0042130 seconds, Stopping threads took: 0.0018950 seconds
173.970: Application time: 0.0390280 seconds
173.972: [GC [PSYoungGen: 49152K->6656K(49152K)] 130474K->88594K(160256K), 0.0022400 secs] [Times: user=0.02 sys=0.00, real=0.00 secs] 
173.975: Total time for which application threads were stopped: 0.0047350 seconds, Stopping threads took: 0.0024000 seconds
174.014: Application time: 0.0397230 seconds
174.017: [GC [PSYoungGen: 49152K->6656K(49152K)] 131090K->89618K(160256K), 0.0023310 secs] [Times: user=0.02 sys=0.00, real=0.01 secs] 
174.019: Total time for which application threads were stopped: 0.0051490 seconds, Stopping threads took: 0.0027340 seconds
174.060: Application time: 0.0403850 seconds
174.062: [GC [PSYoungGen: 49152K->6640K(49152K)] 132114K->89826K(160256K), 0.0021910 secs] [Times: user=0.01 sys=0.00, real=0.00 secs] 
174.065: Total time for which application threads were stopped: 0.0047300 seconds, Stopping threads took: 0.0024510 seconds
174.106: Application time: 0.0418320 seconds
174.108: [GC [PSYoungGen: 49136K->5120K(49152K)] 132322K->88306K(160256K), 0.0017960 secs] [Times: user=0.01 sys=0.00, real=0.00 secs] 
174.110: Total time for which application threads were stopped: 0.0035080 seconds, Stopping threads took: 0.0016310 seconds
174.150: Application time: 0.0401700 seconds
174.153: [GC [PSYoungGen: 47616K->6656K(49152K)] 130802K->90251K(160256K), 0.0022680 secs] [Times: user=0.02 sys=0.00, real=0.00 secs] 
174.155: Total time for which application threads were stopped: 0.0049410 seconds, Stopping threads took: 0.0025910 seconds
174.196: Application time: 0.0405590 seconds
174.198: [GC [PSYoungGen: 49152K->6000K(49152K)] 132747K->89603K(160256K), 0.0018760 secs] [Times: user=0.01 sys=0.01, real=0.01 secs] 
174.200: Total time for which application threads were stopped: 0.0046760 seconds, Stopping threads took: 0.0027170 seconds
174.241: Application time: 0.0409720 seconds
174.243: [GC [PSYoungGen: 48496K->5824K(49152K)] 132099K->89435K(160256K), 0.0018500 secs] [Times: user=0.01 sys=0.00, real=0.00 secs] 
174.245: Total time for which application threads were stopped: 0.0033280 seconds, Stopping threads took: 0.0013970 seconds
174.287: Application time: 0.0423730 seconds
174.290: [GC [PSYoungGen: 48320K->6336K(49152K)] 131931K->89947K(160256K), 0.0019530 secs] [Times: user=0.01 sys=0.00, real=0.00 secs] 
174.292: Total time for which application threads were stopped: 0.0046980 seconds, Stopping threads took: 0.0026660 seconds
174.333: Application time: 0.0415470 seconds
174.335: [GC [PSYoungGen: 48832K->6656K(49152K)] 132443K->90283K(160256K), 0.0021140 secs] [Times: user=0.02 sys=0.00, real=0.00 secs] 
174.337: Total time for which application threads were stopped: 0.0043010 seconds, Stopping threads took: 0.0021010 seconds
174.379: Application time: 0.0411610 seconds
174.382: [GC [PSYoungGen: 49152K->6656K(49152K)] 132779K->90971K(160256K), 0.0022940 secs] [Times: user=0.01 sys=0.00, real=0.00 secs] 
174.384: Total time for which application threads were stopped: 0.0053520 seconds, Stopping threads took: 0.0029700 seconds
174.425: Application time: 0.0408050 seconds
174.426: [GC [PSYoungGen: 49152K->6272K(49152K)] 133467K->90587K(160256K), 0.0020140 secs] [Times: user=0.02 sys=0.00, real=0.01 secs] 
174.428: Total time for which application threads were stopped: 0.0030850 seconds, Stopping threads took: 0.0009560 seconds
174.470: Application time: 0.0419760 seconds
174.472: [GC [PSYoungGen: 48768K->6640K(49152K)] 133083K->91299K(160256K), 0.0022030 secs] [Times: user=0.02 sys=0.00, real=0.00 secs] 
174.474: Total time for which application threads were stopped: 0.0041090 seconds, Stopping threads took: 0.0018180 seconds
174.515: Application time: 0.0409510 seconds
174.517: [GC [PSYoungGen: 49136K->5904K(49152K)] 133795K->90563K(160256K), 0.0019150 secs] [Times: user=0.01 sys=0.01, real=0.01 secs] 
174.519: Total time for which application threads were stopped: 0.0036490 seconds, Stopping threads took: 0.0016390 seconds
174.560: Application time: 0.0415370 seconds
174.562: [GC [PSYoungGen: 48400K->5952K(49152K)] 133059K->90611K(160256K), 0.0019430 secs] [Times: user=0.02 sys=0.00, real=0.00 secs] 
174.564: Total time for which application threads were stopped: 0.0036510 seconds, Stopping threads took: 0.0016060 seconds
174.606: Application time: 0.0425850 seconds
174.608: [GC [PSYoungGen: 48447K->6640K(49152K)] 133106K->91767K(160256K), 0.0022590 secs] [Times: user=0.02 sys=0.00, real=0.00 secs] 
174.610: Total time for which application threads were stopped: 0.0039170 seconds, Stopping threads took: 0.0015730 seconds
174.651: Application time: 0.0407150 seconds
174.653: [GC [PSYoungGen: 49136K->6512K(49152K)] 134263K->91647K(160256K), 0.0020060 secs] [Times: user=0.01 sys=0.00, real=0.00 secs] 
174.655: Total time for which application threads were stopped: 0.0039540 seconds, Stopping threads took: 0.0018630 seconds
174.697: Application time: 0.0420620 seconds
174.700: [GC [PSYoungGen: 49008K->6656K(49152K)] 134143K->92343K(160256K), 0.0022540 secs] [Times: user=0.01 sys=0.00, real=0.00 secs] 
174.703: Total time for which application threads were stopped: 0.0055080 seconds, Stopping threads took: 0.0031700 seconds
174.745: Application time: 0.0421170 seconds
174.746: [GC [PSYoungGen: 49152K->4992K(49152K)] 134839K->90687K(160256K), 0.0016480 secs] [Times: user=0.01 sys=0.00, real=0.01 secs] 
174.748: Total time for which application threads were stopped: 0.0031050 seconds, Stopping threads took: 0.0013660 seconds
174.789: Application time: 0.0410000 seconds
174.791: [GC [PSYoungGen: 47488K->6640K(49152K)] 133183K->93023K(160256K), 0.0022810 secs] [Times: user=0.01 sys=0.00, real=0.00 secs] 
174.794: Total time for which application threads were stopped: 0.0049300 seconds, Stopping threads took: 0.0025630 seconds
174.835: Application time: 0.0413110 seconds
174.837: [GC [PSYoungGen: 49136K->5792K(49152K)] 135519K->92191K(160256K), 0.0018350 secs] [Times: user=0.02 sys=0.00, real=0.00 secs] 
174.838: Total time for which application threads were stopped: 0.0034320 seconds, Stopping threads took: 0.0015120 seconds
174.880: Application time: 0.0420380 seconds
174.882: [GC [PSYoungGen: 48288K->5584K(49152K)] 134687K->91983K(160256K), 0.0017780 secs] [Times: user=0.02 sys=0.00, real=0.00 secs] 
174.884: Total time for which application threads were stopped: 0.0034860 seconds, Stopping threads took: 0.0016230 seconds
174.925: Application time: 0.0413770 seconds
174.927: [GC [PSYoungGen: 48080K->6656K(49152K)] 134479K->93071K(160256K), 0.0021520 secs] [Times: user=0.02 sys=0.00, real=0.00 secs] 
174.929: Total time for which application threads were stopped: 0.0038910 seconds, Stopping threads took: 0.0016290 seconds
174.970: Application time: 0.0407350 seconds
174.973: [GC [PSYoungGen: 49151K->6656K(49152K)] 135567K->94351K(160256K), 0.0024900 secs] [Times: user=0.02 sys=0.00, real=0.00 secs] 
174.975: Total time for which application threads were stopped: 0.0053150 seconds, Stopping threads took: 0.0027330 seconds
175.015: Application time: 0.0398860 seconds
175.017: [GC [PSYoungGen: 49152K->5856K(49152K)] 136847K->93551K(160256K), 0.0018460 secs] [Times: user=0.02 sys=0.00, real=0.01 secs] 
175.019: Total time for which application threads were stopped: 0.0037340 seconds, Stopping threads took: 0.0018070 seconds
175.060: Application time: 0.0411940 seconds
175.061: [GC [PSYoungGen: 48352K->6336K(49152K)] 136047K->94031K(160256K), 0.0019870 secs] [Times: user=0.02 sys=0.00, real=0.00 secs] 
175.064: Total time for which application threads were stopped: 0.0034060 seconds, Stopping threads took: 0.0013330 seconds
175.102: Application time: 0.0383460 seconds
175.105: [GC [PSYoungGen: 48832K->6656K(49152K)] 136527K->95159K(160256K), 0.0022930 secs] [Times: user=0.02 sys=0.00, real=0.01 secs] 
175.107: Total time for which application threads were stopped: 0.0056290 seconds, Stopping threads took: 0.0032500 seconds
175.148: Application time: 0.0400220 seconds
175.149: [GC [PSYoungGen: 49152K->6640K(49152K)] 137655K->95727K(160256K), 0.0024670 secs] [Times: user=0.02 sys=0.00, real=0.00 secs] 
175.152: Total time for which application threads were stopped: 0.0043050 seconds, Stopping threads took: 0.0017510 seconds
175.193: Application time: 0.0408720 seconds
175.194: [GC [PSYoungGen: 49136K->6144K(49152K)] 138223K->95231K(160256K), 0.0020060 secs] [Times: user=0.01 sys=0.01, real=0.00 secs] 
175.197: Total time for which application threads were stopped: 0.0038220 seconds, Stopping threads took: 0.0017340 seconds
175.237: Application time: 0.0404740 seconds
175.239: [GC [PSYoungGen: 48640K->6656K(49152K)] 137727K->95935K(160256K), 0.0023840 secs] [Times: user=0.01 sys=0.00, real=0.00 secs] 
175.242: Total time for which application threads were stopped: 0.0045710 seconds, Stopping threads took: 0.0020820 seconds
175.281: Application time: 0.0399000 seconds
175.283: [GC [PSYoungGen: 49152K->6656K(49152K)] 138431K->95975K(160256K), 0.0021830 secs] [Times: user=0.02 sys=0.00, real=0.00 secs] 
175.285: Total time for which application threads were stopped: 0.0037300 seconds, Stopping threads took: 0.0014610 seconds
175.327: Application time: 0.0421590 seconds
175.330: [GC [PSYoungGen: 49152K->6640K(49152K)] 138471K->96707K(160256K), 0.0023230 secs] [Times: user=0.01 sys=0.00, real=0.00 secs] 
175.332: Total time for which application threads were stopped: 0.0048950 seconds, Stopping threads took: 0.0024840 seconds
175.373: Application time: 0.0409190 seconds
175.375: [GC [PSYoungGen: 49136K->6656K(49152K)] 139203K->96787K(160256K), 0.0021090 secs] [Times: user=0.01 sys=0.00, real=0.00 secs] 
175.377: Total time for which application threads were stopped: 0.0040210 seconds, Stopping threads took: 0.0018070 seconds
175.419: Application time: 0.0416640 seconds
175.420: [GC [PSYoungGen: 49152K->5456K(49152K)] 139283K->95595K(160256K), 0.0017110 secs] [Times: user=0.02 sys=0.00, real=0.00 secs] 
175.422: Total time for which application threads were stopped: 0.0033530 seconds, Stopping threads took: 0.0015620 seconds
175.464: Application time: 0.0417410 seconds
175.466: [GC [PSYoungGen: 47952K->5440K(49152K)] 138091K->95587K(160256K), 0.0016800 secs] [Times: user=0.01 sys=0.00, real=0.01 secs] 
175.467: Total time for which application threads were stopped: 0.0032790 seconds, Stopping threads took: 0.0015100 seconds
175.508: Application time: 0.0406070 seconds
175.510: [GC [PSYoungGen: 47936K->6624K(49152K)] 138083K->97403K(160256K), 0.0022220 secs] [Times: user=0.02 sys=0.00, real=0.00 secs] 
175.512: Total time for which application threads were stopped: 0.0041900 seconds, Stopping threads took: 0.0018850 seconds
175.549: Application time: 0.0373060 seconds
175.551: [GC [PSYoungGen: 49120K->6656K(49152K)] 139899K->97843K(160256K), 0.0021530 secs] [Times: user=0.01 sys=0.00, real=0.00 secs] 
175.553: Total time for which application threads were stopped: 0.0040430 seconds, Stopping threads took: 0.0018080 seconds
175.591: Application time: 0.0379180 seconds
175.594: [GC [PSYoungGen: 49152K->6624K(49152K)] 140339K->98347K(160256K), 0.0022090 secs] [Times: user=0.01 sys=0.00, real=0.00 secs] 
175.597: Total time for which application threads were stopped: 0.0051890 seconds, Stopping threads took: 0.0028940 seconds
175.635: Application time: 0.0383870 seconds
175.637: [GC [PSYoungGen: 49120K->6656K(49152K)] 140843K->98867K(160256K), 0.0022240 secs] [Times: user=0.02 sys=0.00, real=0.01 secs] 
175.639: Total time for which application threads were stopped: 0.0043100 seconds, Stopping threads took: 0.0020000 seconds
175.678: Application time: 0.0391130 seconds
175.681: [GC [PSYoungGen: 49152K->5632K(49152K)] 141363K->97843K(160256K), 0.0017310 secs] [Times: user=0.01 sys=0.00, real=0.00 secs] 
175.683: Total time for which application threads were stopped: 0.0048360 seconds, Stopping threads took: 0.0030300 seconds
175.723: Application time: 0.0394370 seconds
175.724: [GC [PSYoungGen: 48128K->5504K(49152K)] 140339K->97739K(160256K), 0.0017850 secs] [Times: user=0.01 sys=0.00, real=0.00 secs] 
175.726: Total time for which application threads were stopped: 0.0032950 seconds, Stopping threads took: 0.0014240 seconds
175.766: Application time: 0.0399750 seconds
175.768: [GC [PSYoungGen: 48000K->6656K(49152K)] 140235K->98963K(160256K), 0.0021210 secs] [Times: user=0.01 sys=0.00, real=0.00 secs] 
175.770: Total time for which application threads were stopped: 0.0037940 seconds, Stopping threads took: 0.0015890 seconds
175.807: Application time: 0.0372160 seconds
175.809: [GC [PSYoungGen: 49150K->6640K(49152K)] 141457K->99227K(160256K), 0.0021010 secs] [Times: user=0.02 sys=0.00, real=0.00 secs] 
175.811: Total time for which application threads were stopped: 0.0038770 seconds, Stopping threads took: 0.0016920 seconds
175.850: Application time: 0.0388190 seconds
175.852: [GC [PSYoungGen: 49136K->6592K(49152K)] 141723K->99195K(160256K), 0.0019800 secs] [Times: user=0.02 sys=0.00, real=0.00 secs] 
175.854: Total time for which application threads were stopped: 0.0039780 seconds, Stopping threads took: 0.0019170 seconds
175.893: Application time: 0.0396520 seconds
175.895: [GC [PSYoungGen: 49086K->5088K(49152K)] 141690K->97699K(160256K), 0.0016560 secs] [Times: user=0.01 sys=0.00, real=0.00 secs] 
175.897: Total time for which application threads were stopped: 0.0033350 seconds, Stopping threads took: 0.0016020 seconds
175.935: Application time: 0.0384590 seconds
175.937: [GC [PSYoungGen: 47584K->6080K(49152K)] 140195K->98699K(160256K), 0.0018640 secs] [Times: user=0.02 sys=0.00, real=0.01 secs] 
175.939: Total time for which application threads were stopped: 0.0035980 seconds, Stopping threads took: 0.0016410 seconds
175.977: Application time: 0.0384860 seconds
175.980: [GC [PSYoungGen: 48576K->6624K(49152K)] 141195K->99299K(160256K), 0.0021030 secs] [Times: user=0.01 sys=0.00, real=0.00 secs] 
175.982: Total time for which application threads were stopped: 0.0047860 seconds, Stopping threads took: 0.0025940 seconds
176.019: Application time: 0.0371740 seconds
176.021: [GC [PSYoungGen: 49120K->6640K(49152K)] 141795K->99811K(160256K), 0.0021730 secs] [Times: user=0.02 sys=0.00, real=0.00 secs] 
176.023: Total time for which application threads were stopped: 0.0043310 seconds, Stopping threads took: 0.0020770 seconds
176.063: Application time: 0.0392080 seconds
176.064: [GC [PSYoungGen: 49136K->6656K(49152K)] 142307K->100643K(160256K), 0.0022570 secs] [Times: user=0.01 sys=0.00, real=0.00 secs] 
176.066: Total time for which application threads were stopped: 0.0035180 seconds, Stopping threads took: 0.0011830 seconds
176.106: Application time: 0.0402770 seconds
176.109: [GC [PSYoungGen: 49152K->6640K(49152K)] 143139K->100963K(160256K), 0.0021180 secs] [Times: user=0.02 sys=0.00, real=0.00 secs] 
176.111: Total time for which application threads were stopped: 0.0043260 seconds, Stopping threads took: 0.0021220 seconds
176.151: Application time: 0.0399340 seconds
176.152: [GC [PSYoungGen: 49136K->6656K(49152K)] 143459K->101091K(160256K), 0.0020480 secs] [Times: user=0.02 sys=0.00, real=0.00 secs] 
176.154: Total time for which application threads were stopped: 0.0035990 seconds, Stopping threads took: 0.0014690 seconds
176.195: Application time: 0.0406430 seconds
176.196: [GC [PSYoungGen: 49152K->5216K(49152K)] 143587K->99651K(160256K), 0.0016510 secs] [Times: user=0.01 sys=0.00, real=0.00 secs] 
176.198: Total time for which application threads were stopped: 0.0031160 seconds, Stopping threads took: 0.0013870 seconds
176.237: Application time: 0.0389000 seconds
176.239: [GC [PSYoungGen: 47712K->5664K(49152K)] 142147K->100107K(160256K), 0.0016980 secs] [Times: user=0.01 sys=0.00, real=0.00 secs] 
176.241: Total time for which application threads were stopped: 0.0037530 seconds, Stopping threads took: 0.0019720 seconds
176.278: Application time: 0.0376330 seconds
176.281: [GC [PSYoungGen: 48160K->6640K(49152K)] 142603K->101419K(160256K), 0.0021590 secs] [Times: user=0.01 sys=0.00, real=0.00 secs] 
176.283: Total time for which application threads were stopped: 0.0044940 seconds, Stopping threads took: 0.0022500 seconds
176.322: Application time: 0.0389650 seconds
176.325: [GC [PSYoungGen: 49136K->6544K(49152K)] 143915K->101331K(160256K), 0.0019730 secs] [Times: user=0.01 sys=0.00, real=0.01 secs] 
176.327: Total time for which application threads were stopped: 0.0048310 seconds, Stopping threads took: 0.0027780 seconds
176.365: Application time: 0.0386890 seconds
176.367: [GC [PSYoungGen: 49040K->5504K(49152K)] 143827K->100291K(160256K), 0.0017870 secs] [Times: user=0.01 sys=0.00, real=0.00 secs] 
176.369: Total time for which application threads were stopped: 0.0033460 seconds, Stopping threads took: 0.0014820 seconds
176.408: Application time: 0.0393050 seconds
176.409: [GC [PSYoungGen: 48000K->5392K(49152K)] 142787K->100187K(160256K), 0.0016690 secs] [Times: user=0.01 sys=0.00, real=0.00 secs] 
176.411: Total time for which application threads were stopped: 0.0030690 seconds, Stopping threads took: 0.0013190 seconds
176.451: Application time: 0.0402470 seconds
176.453: [GC [PSYoungGen: 47888K->6640K(49152K)] 142683K->101515K(160256K), 0.0020360 secs] [Times: user=0.01 sys=0.00, real=0.00 secs] 
176.456: Total time for which application threads were stopped: 0.0042240 seconds, Stopping threads took: 0.0021120 seconds
176.494: Application time: 0.0382940 seconds
176.496: [GC [PSYoungGen: 49136K->6624K(49152K)] 144011K->102147K(160256K), 0.0021360 secs] [Times: user=0.01 sys=0.00, real=0.00 secs] 
176.498: Total time for which application threads were stopped: 0.0042410 seconds, Stopping threads took: 0.0020210 seconds
176.538: Application time: 0.0398850 seconds
176.541: [GC [PSYoungGen: 49120K->6304K(49152K)] 144643K->101827K(160256K), 0.0019580 secs] [Times: user=0.01 sys=0.00, real=0.00 secs] 
176.543: Total time for which application threads were stopped: 0.0046060 seconds, Stopping threads took: 0.0025590 seconds
176.581: Application time: 0.0383650 seconds
176.582: [GC [PSYoungGen: 48800K->6640K(49152K)] 144323K->102195K(160256K), 0.0020690 secs] [Times: user=0.01 sys=0.00, real=0.00 secs] 
176.585: Total time for which application threads were stopped: 0.0035850 seconds, Stopping threads took: 0.0014350 seconds
176.622: Application time: 0.0376890 seconds
176.625: [GC [PSYoungGen: 49136K->6640K(49152K)] 144691K->103483K(160256K), 0.0023700 secs] [Times: user=0.02 sys=0.00, real=0.01 secs] 
176.628: Total time for which application threads were stopped: 0.0054040 seconds, Stopping threads took: 0.0029490 seconds
176.666: Application time: 0.0380730 seconds
176.667: [GC [PSYoungGen: 49136K->6656K(49152K)] 145979K->103515K(160256K), 0.0020000 secs] [Times: user=0.01 sys=0.00, real=0.00 secs] 
176.669: Total time for which application threads were stopped: 0.0035310 seconds, Stopping threads took: 0.0014570 seconds
176.711: Application time: 0.0414360 seconds
176.713: [GC [PSYoungGen: 49152K->6528K(49152K)] 146011K->103387K(160256K), 0.0019990 secs] [Times: user=0.01 sys=0.00, real=0.00 secs] 
176.715: Total time for which application threads were stopped: 0.0045650 seconds, Stopping threads took: 0.0024810 seconds
176.752: Application time: 0.0371020 seconds
176.755: [GC [PSYoungGen: 49024K->6624K(49152K)] 145883K->103499K(160256K), 0.0020460 secs] [Times: user=0.01 sys=0.00, real=0.00 secs] 
176.757: Total time for which application threads were stopped: 0.0043860 seconds, Stopping threads took: 0.0022600 seconds
176.795: Application time: 0.0387680 seconds
176.798: [GC [PSYoungGen: 49119K->6624K(49152K)] 145995K->103731K(160256K), 0.0021680 secs] [Times: user=0.02 sys=0.00, real=0.01 secs] 
176.800: Total time for which application threads were stopped: 0.0044430 seconds, Stopping threads took: 0.0021930 seconds
176.840: Application time: 0.0396490 seconds
176.841: [GC [PSYoungGen: 49120K->4672K(49152K)] 146227K->101779K(160256K), 0.0015320 secs] [Times: user=0.01 sys=0.00, real=0.00 secs] 
176.842: Total time for which application threads were stopped: 0.0025320 seconds, Stopping threads took: 0.0009270 seconds
176.882: Application time: 0.0397360 seconds
176.883: [GC [PSYoungGen: 47168K->6608K(49152K)] 144275K->103723K(160256K), 0.0020060 secs] [Times: user=0.02 sys=0.00, real=0.00 secs] 
176.885: Total time for which application threads were stopped: 0.0033740 seconds, Stopping threads took: 0.0012860 seconds
176.924: Application time: 0.0391570 seconds
176.927: [GC [PSYoungGen: 49104K->6032K(49152K)] 146219K->103155K(160256K), 0.0018560 secs] [Times: user=0.01 sys=0.00, real=0.00 secs] 
176.929: Total time for which application threads were stopped: 0.0049370 seconds, Stopping threads took: 0.0029790 seconds
176.971: Application time: 0.0417500 seconds
176.973: [GC [PSYoungGen: 48528K->6576K(49152K)] 145651K->103707K(160256K), 0.0020410 secs] [Times: user=0.02 sys=0.00, real=0.00 secs] 
176.975: Total time for which application threads were stopped: 0.0037410 seconds, Stopping threads took: 0.0016130 seconds
177.017: Application time: 0.0421110 seconds
177.020: [GC [PSYoungGen: 49072K->5552K(49152K)] 146203K->102691K(160256K), 0.0017850 secs] [Times: user=0.01 sys=0.00, real=0.00 secs] 
177.022: Total time for which application threads were stopped: 0.0048810 seconds, Stopping threads took: 0.0030150 seconds
177.062: Application time: 0.0404440 seconds
177.065: [GC [PSYoungGen: 48048K->6640K(49152K)] 145187K->104563K(160256K), 0.0022480 secs] [Times: user=0.02 sys=0.00, real=0.01 secs] 
177.067: Total time for which application threads were stopped: 0.0047470 seconds, Stopping threads took: 0.0024140 seconds
177.107: Application time: 0.0402810 seconds
177.109: [GC [PSYoungGen: 49136K->6496K(49152K)] 147059K->104419K(160256K), 0.0020280 secs] [Times: user=0.01 sys=0.00, real=0.00 secs] 
177.111: Total time for which application threads were stopped: 0.0041750 seconds, Stopping threads took: 0.0020620 seconds
177.149: Application time: 0.0377220 seconds
177.150: [GC [PSYoungGen: 48992K->6640K(49152K)] 146915K->104811K(160256K), 0.0022160 secs] [Times: user=0.01 sys=0.00, real=0.00 secs] 
177.153: Total time for which application threads were stopped: 0.0035430 seconds, Stopping threads took: 0.0012480 seconds
177.191: Application time: 0.0383100 seconds
177.193: [GC [PSYoungGen: 49136K->6064K(49152K)] 147307K->104235K(160256K), 0.0021310 secs] [Times: user=0.01 sys=0.00, real=0.00 secs] 
177.195: Total time for which application threads were stopped: 0.0042960 seconds, Stopping threads took: 0.0020870 seconds
177.234: Application time: 0.0382240 seconds
177.236: [GC [PSYoungGen: 48560K->6640K(49152K)] 146731K->104923K(160256K), 0.0022290 secs] [Times: user=0.01 sys=0.00, real=0.00 secs] 
177.238: Total time for which application threads were stopped: 0.0046220 seconds, Stopping threads took: 0.0022980 seconds
177.279: Application time: 0.0411590 seconds
177.282: [GC [PSYoungGen: 49136K->4864K(49152K)] 147419K->103155K(160256K), 0.0015690 secs] [Times: user=0.01 sys=0.00, real=0.00 secs] 
177.283: Total time for which application threads were stopped: 0.0039330 seconds, Stopping threads took: 0.0022910 seconds
177.322: Application time: 0.0384300 seconds
177.324: [GC [PSYoungGen: 47360K->6656K(49152K)] 145651K->105019K(160256K), 0.0020640 secs] [Times: user=0.01 sys=0.00, real=0.00 secs] 
177.326: Total time for which application threads were stopped: 0.0042960 seconds, Stopping threads took: 0.0021480 seconds
177.363: Application time: 0.0374330 seconds
177.366: [GC [PSYoungGen: 49152K->6656K(49152K)] 147515K->106652K(160256K), 0.0024780 secs] [Times: user=0.02 sys=0.00, real=0.01 secs] 
177.368: Total time for which application threads were stopped: 0.0046630 seconds, Stopping threads took: 0.0020950 seconds
177.407: Application time: 0.0388720 seconds
177.409: [GC [PSYoungGen: 49152K->6656K(49152K)] 149148K->106876K(160256K), 0.0021510 secs] [Times: user=0.02 sys=0.00, real=0.00 secs] 
177.411: Total time for which application threads were stopped: 0.0037520 seconds, Stopping threads took: 0.0015170 seconds
177.449: Application time: 0.0386780 seconds
177.452: [GC [PSYoungGen: 49152K->6656K(49152K)] 149372K->106924K(160256K), 0.0020130 secs] [Times: user=0.01 sys=0.00, real=0.00 secs] 
177.454: Total time for which application threads were stopped: 0.0048920 seconds, Stopping threads took: 0.0027930 seconds
177.492: Application time: 0.0379390 seconds
177.494: [GC [PSYoungGen: 49152K->6656K(49152K)] 149420K->107988K(160256K), 0.0023380 secs] [Times: user=0.02 sys=0.00, real=0.00 secs] 
177.496: Total time for which application threads were stopped: 0.0037200 seconds, Stopping threads took: 0.0012990 seconds
177.534: Application time: 0.0378610 seconds
177.536: [GC [PSYoungGen: 49152K->6656K(49152K)] 150484K->108004K(160256K), 0.0020780 secs] [Times: user=0.01 sys=0.00, real=0.00 secs] 
177.538: Total time for which application threads were stopped: 0.0042880 seconds, Stopping threads took: 0.0021170 seconds
177.576: Application time: 0.0382930 seconds
177.579: [GC [PSYoungGen: 49152K->6592K(49152K)] 150500K->107940K(160256K), 0.0020150 secs] [Times: user=0.01 sys=0.00, real=0.00 secs] 
177.581: Total time for which application threads were stopped: 0.0044750 seconds, Stopping threads took: 0.0023810 seconds
177.620: Application time: 0.0391600 seconds
177.623: [GC [PSYoungGen: 49088K->6400K(49152K)] 150436K->107748K(160256K), 0.0019830 secs] [Times: user=0.01 sys=0.00, real=0.00 secs] 
177.625: Total time for which application threads were stopped: 0.0046680 seconds, Stopping threads took: 0.0026020 seconds
177.664: Application time: 0.0393450 seconds
177.666: [GC [PSYoungGen: 48896K->5920K(49152K)] 150244K->107268K(160256K), 0.0018500 secs] [Times: user=0.01 sys=0.00, real=0.01 secs] 
177.668: Total time for which application threads were stopped: 0.0034320 seconds, Stopping threads took: 0.0014940 seconds
177.709: Application time: 0.0409830 seconds
177.711: [GC [PSYoungGen: 48416K->5712K(49152K)] 149764K->107060K(160256K), 0.0017690 secs] [Times: user=0.01 sys=0.00, real=0.00 secs] 
177.713: Total time for which application threads were stopped: 0.0043360 seconds, Stopping threads took: 0.0024860 seconds
177.751: Application time: 0.0381790 seconds
177.752: [GC [PSYoungGen: 48208K->6624K(49152K)] 149556K->108380K(160256K), 0.0022570 secs] [Times: user=0.01 sys=0.00, real=0.00 secs] 
177.755: Total time for which application threads were stopped: 0.0037620 seconds, Stopping threads took: 0.0014200 seconds
177.793: Application time: 0.0386090 seconds
177.796: [GC [PSYoungGen: 49120K->6000K(49152K)] 150876K->107756K(160256K), 0.0018620 secs] [Times: user=0.02 sys=0.00, real=0.00 secs] 
177.798: Total time for which application threads were stopped: 0.0042990 seconds, Stopping threads took: 0.0023580 seconds
177.837: Application time: 0.0392950 seconds
177.839: [GC [PSYoungGen: 48496K->6464K(49152K)] 150252K->108228K(160256K), 0.0022220 secs] [Times: user=0.02 sys=0.00, real=0.00 secs] 
177.841: Total time for which application threads were stopped: 0.0043460 seconds, Stopping threads took: 0.0020440 seconds
177.881: Application time: 0.0395100 seconds
177.882: [GC [PSYoungGen: 48960K->5328K(49152K)] 150724K->107092K(160256K), 0.0019150 secs] [Times: user=0.01 sys=0.00, real=0.00 secs] 
177.884: Total time for which application threads were stopped: 0.0035730 seconds, Stopping threads took: 0.0015800 seconds
177.923: Application time: 0.0389170 seconds
177.925: [GC [PSYoungGen: 47824K->6128K(49152K)] 149588K->107900K(160256K), 0.0019780 secs] [Times: user=0.01 sys=0.00, real=0.01 secs] 
177.927: Total time for which application threads were stopped: 0.0036730 seconds, Stopping threads took: 0.0016130 seconds
177.966: Application time: 0.0388750 seconds
177.967: [GC [PSYoungGen: 48624K->6656K(49152K)] 150396K->109172K(160256K), 0.0022960 secs] [Times: user=0.02 sys=0.00, real=0.00 secs] 
177.970: Total time for which application threads were stopped: 0.0038230 seconds, Stopping threads took: 0.0014410 seconds
178.009: Application time: 0.0391730 seconds
178.010: [GC [PSYoungGen: 49152K->5360K(49152K)] 151668K->107884K(160256K), 0.0017000 secs] [Times: user=0.01 sys=0.00, real=0.00 secs] 
178.012: Total time for which application threads were stopped: 0.0032350 seconds, Stopping threads took: 0.0014510 seconds
178.053: Application time: 0.0411920 seconds
178.055: [GC [PSYoungGen: 47856K->6288K(49152K)] 150380K->108812K(160256K), 0.0020290 secs] [Times: user=0.01 sys=0.00, real=0.00 secs] 
178.057: Total time for which application threads were stopped: 0.0040120 seconds, Stopping threads took: 0.0018950 seconds
178.097: Application time: 0.0391730 seconds
178.099: [GC [PSYoungGen: 48784K->6656K(49152K)] 151308K->109476K(160256K), 0.0020890 secs] [Times: user=0.02 sys=0.00, real=0.00 secs] 
178.101: Total time for which application threads were stopped: 0.0047590 seconds, Stopping threads took: 0.0025740 seconds
178.142: Application time: 0.0408930 seconds
178.144: [GC [PSYoungGen: 49152K->6592K(49152K)] 151972K->109412K(160256K), 0.0019870 secs] [Times: user=0.01 sys=0.00, real=0.00 secs] 
178.146: Total time for which application threads were stopped: 0.0037530 seconds, Stopping threads took: 0.0016850 seconds
178.184: Application time: 0.0385300 seconds
178.187: [GC [PSYoungGen: 49088K->6640K(49152K)] 151908K->110088K(160256K), 0.0024350 secs] [Times: user=0.02 sys=0.00, real=0.00 secs] 
178.190: Total time for which application threads were stopped: 0.0053800 seconds, Stopping threads took: 0.0028550 seconds
178.228: Application time: 0.0376910 seconds
178.230: [GC [PSYoungGen: 49136K->6640K(49152K)] 152584K->110352K(160256K), 0.0022750 secs] [Times: user=0.02 sys=0.00, real=0.00 secs] 
178.232: Total time for which application threads were stopped: 0.0044110 seconds, Stopping threads took: 0.0020480 seconds
178.269: Application time: 0.0365980 seconds
178.271: [GC [PSYoungGen: 49136K->6640K(49152K)] 152848K->111352K(160256K), 0.0023110 secs] [Times: user=0.01 sys=0.00, real=0.00 secs] 
178.273: Total time for which application threads were stopped: 0.0047560 seconds, Stopping threads took: 0.0023640 seconds
178.311: Application time: 0.0379580 seconds
178.314: [GC [PSYoungGen: 49136K->6592K(49152K)] 153848K->111304K(160256K), 0.0020160 secs] [Times: user=0.02 sys=0.00, real=0.00 secs] 
178.316: Total time for which application threads were stopped: 0.0047150 seconds, Stopping threads took: 0.0026140 seconds
178.353: Application time: 0.0374420 seconds
178.356: [GC [PSYoungGen: 49088K->6656K(49152K)] 153800K->112024K(160256K), 0.0022920 secs] [Times: user=0.01 sys=0.00, real=0.00 secs] 
178.358: Total time for which application threads were stopped: 0.0045850 seconds, Stopping threads took: 0.0022040 seconds
178.395: Application time: 0.0373190 seconds
178.398: [GC [PSYoungGen: 49152K->6640K(49152K)] 154520K->112712K(160256K), 0.0023000 secs] [Times: user=0.02 sys=0.00, real=0.01 secs] 
178.400: Total time for which application threads were stopped: 0.0049920 seconds, Stopping threads took: 0.0026130 seconds
178.441: Application time: 0.0406220 seconds
178.444: [GC [PSYoungGen: 49136K->6208K(49152K)] 155208K->112296K(160256K), 0.0019240 secs] [Times: user=0.01 sys=0.00, real=0.00 secs] 
178.446: Total time for which application threads were stopped: 0.0048310 seconds, Stopping threads took: 0.0028310 seconds
178.487: Application time: 0.0411320 seconds
178.488: [GC [PSYoungGen: 48704K->6656K(49152K)] 154792K->113056K(160256K), 0.0021120 secs] [Times: user=0.02 sys=0.00, real=0.00 secs] 
178.490: Total time for which application threads were stopped: 0.0033470 seconds, Stopping threads took: 0.0011600 seconds
178.529: Application time: 0.0386620 seconds
178.531: [GC [PSYoungGen: 49152K->6624K(49152K)] 155552K->113672K(160256K), 0.0023920 secs] [Times: user=0.02 sys=0.00, real=0.00 secs] 
178.534: Total time for which application threads were stopped: 0.0048100 seconds, Stopping threads took: 0.0023390 seconds
178.573: Application time: 0.0395400 seconds
178.576: [GC [PSYoungGen: 49120K->6656K(49152K)] 156168K->113752K(160256K), 0.0021400 secs] [Times: user=0.01 sys=0.00, real=0.00 secs] 
178.578: Total time for which application threads were stopped: 0.0043950 seconds, Stopping threads took: 0.0021610 seconds
178.617: Application time: 0.0394960 seconds
178.620: [GC [PSYoungGen: 49152K->6656K(49152K)] 156248K->114312K(160256K), 0.0022030 secs] [Times: user=0.01 sys=0.00, real=0.00 secs] 
178.622: Total time for which application threads were stopped: 0.0050080 seconds, Stopping threads took: 0.0027000 seconds
178.660: Application time: 0.0380460 seconds
178.663: [GC [PSYoungGen: 49151K->6640K(49152K)] 156808K->114720K(160256K), 0.0021620 secs] [Times: user=0.01 sys=0.00, real=0.00 secs] 
178.665: Total time for which application threads were stopped: 0.0047820 seconds, Stopping threads took: 0.0025410 seconds
178.704: Application time: 0.0393050 seconds
178.706: [GC [PSYoungGen: 49136K->6656K(49152K)] 157216K->115120K(160256K), 0.0023010 secs] [Times: user=0.01 sys=0.00, real=0.01 secs] 
178.708: Total time for which application threads were stopped: 0.0038520 seconds, Stopping threads took: 0.0014620 seconds
178.745: Application time: 0.0369300 seconds
178.747: [GC [PSYoungGen: 49152K->6624K(49152K)] 157616K->116580K(160256K), 0.0026140 secs] [Times: user=0.02 sys=0.00, real=0.00 secs] 
178.750: [Full GC [PSYoungGen: 6624K->0K(49152K)] [ParOldGen: 109956K->11151K(111104K)] 116580K->11151K(160256K) [PSPermGen: 5183K->5180K(21504K)], 0.0072890 secs] [Times: user=0.03 sys=0.00, real=0.00 secs] 
178.757: Total time for which application threads were stopped: 0.0123170 seconds, Stopping threads took: 0.0022600 seconds
178.796: Application time: 0.0386530 seconds
178.799: [GC [PSYoungGen: 42496K->6656K(49152K)] 53647K->19127K(160256K), 0.0023150 secs] [Times: user=0.02 sys=0.00, real=0.00 secs] 
178.801: Total time for which application threads were stopped: 0.0049220 seconds, Stopping threads took: 0.0025140 seconds
178.840: Application time: 0.0391750 seconds
178.843: [GC [PSYoungGen: 49152K->6656K(49152K)] 61623K->19703K(160256K), 0.0020980 secs] [Times: user=0.01 sys=0.00, real=0.00 secs] 
178.845: Total time for which application threads were stopped: 0.0049250 seconds, Stopping threads took: 0.0027490 seconds
178.887: Application time: 0.0414580 seconds
178.889: [GC [PSYoungGen: 49152K->6016K(49152K)] 62199K->19063K(160256K), 0.0016950 secs] [Times: user=0.01 sys=0.00, real=0.00 secs] 
178.891: Total time for which application threads were stopped: 0.0046250 seconds, Stopping threads took: 0.0028550 seconds
178.930: Application time: 0.0391890 seconds
178.932: [GC [PSYoungGen: 48512K->6288K(49152K)] 61559K->19335K(160256K), 0.0019210 secs] [Times: user=0.01 sys=0.00, real=0.00 secs] 
178.934: Total time for which application threads were stopped: 0.0040270 seconds, Stopping threads took: 0.0020220 seconds
178.974: Application time: 0.0393620 seconds
178.976: [GC [PSYoungGen: 48784K->6640K(49152K)] 61831K->20207K(160256K), 0.0020740 secs] [Times: user=0.02 sys=0.00, real=0.00 secs] 
178.978: Total time for which application threads were stopped: 0.0039270 seconds, Stopping threads took: 0.0017730 seconds
179.016: Application time: 0.0385520 seconds
179.019: [GC [PSYoungGen: 49136K->5968K(49152K)] 62703K->19535K(160256K), 0.0018600 secs] [Times: user=0.01 sys=0.00, real=0.00 secs] 
179.021: Total time for which application threads were stopped: 0.0042600 seconds, Stopping threads took: 0.0023230 seconds
179.058: Application time: 0.0378180 seconds
179.061: [GC [PSYoungGen: 48464K->5808K(49152K)] 62031K->19375K(160256K), 0.0016800 secs] [Times: user=0.01 sys=0.00, real=0.00 secs] 
179.062: Total time for which application threads were stopped: 0.0038450 seconds, Stopping threads took: 0.0020820 seconds
179.102: Application time: 0.0396340 seconds
179.103: [GC [PSYoungGen: 48304K->5408K(49152K)] 61871K->18975K(160256K), 0.0016230 secs] [Times: user=0.01 sys=0.00, real=0.00 secs] 
179.105: Total time for which application threads were stopped: 0.0031650 seconds, Stopping threads took: 0.0014580 seconds
179.142: Application time: 0.0368850 seconds
179.145: [GC [PSYoungGen: 47904K->6656K(49152K)] 61471K->21231K(160256K), 0.0024590 secs] [Times: user=0.02 sys=0.00, real=0.01 secs] 
179.147: Total time for which application threads were stopped: 0.0054870 seconds, Stopping threads took: 0.0029420 seconds
179.186: Application time: 0.0385760 seconds
179.188: [GC [PSYoungGen: 49152K->6656K(49152K)] 63727K->22031K(160256K), 0.0023220 secs] [Times: user=0.02 sys=0.00, real=0.00 secs] 
179.190: Total time for which application threads were stopped: 0.0042680 seconds, Stopping threads took: 0.0018520 seconds
179.231: Application time: 0.0405300 seconds
179.233: [GC [PSYoungGen: 49152K->5536K(49152K)] 64527K->20911K(160256K), 0.0016210 secs] [Times: user=0.01 sys=0.00, real=0.00 secs] 
179.235: Total time for which application threads were stopped: 0.0037690 seconds, Stopping threads took: 0.0020660 seconds
179.275: Application time: 0.0408890 seconds
179.277: [GC [PSYoungGen: 48032K->5504K(49152K)] 63407K->20879K(160256K), 0.0015540 secs] [Times: user=0.01 sys=0.00, real=0.01 secs] 
179.279: Total time for which application threads were stopped: 0.0031320 seconds, Stopping threads took: 0.0015010 seconds
179.317: Application time: 0.0387900 seconds
179.319: [GC [PSYoungGen: 47999K->6624K(49152K)] 63375K->21999K(160256K), 0.0020060 secs] [Times: user=0.02 sys=0.00, real=0.00 secs] 
179.321: Total time for which application threads were stopped: 0.0038900 seconds, Stopping threads took: 0.0018070 seconds
179.362: Application time: 0.0407560 seconds
179.363: [GC [PSYoungGen: 49118K->5984K(49152K)] 64493K->21359K(160256K), 0.0017660 secs] [Times: user=0.02 sys=0.00, real=0.00 secs] 
179.365: Total time for which application threads were stopped: 0.0032010 seconds, Stopping threads took: 0.0013560 seconds
179.404: Application time: 0.0389600 seconds
179.406: [GC [PSYoungGen: 48480K->6464K(49152K)] 63855K->21839K(160256K), 0.0018650 secs] [Times: user=0.01 sys=0.00, real=0.01 secs] 
179.408: Total time for which application threads were stopped: 0.0039540 seconds, Stopping threads took: 0.0020050 seconds
179.446: Application time: 0.0378800 seconds
179.448: [GC [PSYoungGen: 48960K->6624K(49152K)] 64335K->22023K(160256K), 0.0019410 secs] [Times: user=0.01 sys=0.00, real=0.00 secs] 
179.450: Total time for which application threads were stopped: 0.0043020 seconds, Stopping threads took: 0.0022840 seconds
179.490: Application time: 0.0400710 seconds
179.492: [GC [PSYoungGen: 49120K->5024K(49152K)] 64519K->20423K(160256K), 0.0015570 secs] [Times: user=0.01 sys=0.00, real=0.00 secs] 
179.493: Total time for which application threads were stopped: 0.0030470 seconds, Stopping threads took: 0.0014210 seconds
179.531: Application time: 0.0372250 seconds
179.532: [GC [PSYoungGen: 47520K->6640K(49152K)] 62919K->22687K(160256K), 0.0021130 secs] [Times: user=0.02 sys=0.00, real=0.00 secs] 
179.535: Total time for which application threads were stopped: 0.0038380 seconds, Stopping threads took: 0.0016390 seconds
179.576: Application time: 0.0413310 seconds
179.578: [GC [PSYoungGen: 49136K->6016K(49152K)] 65183K->22079K(160256K), 0.0017120 secs] [Times: user=0.01 sys=0.00, real=0.01 secs] 
179.580: Total time for which application threads were stopped: 0.0041760 seconds, Stopping threads took: 0.0023830 seconds
179.623: Application time: 0.0432970 seconds
179.624: [GC [PSYoungGen: 48512K->6656K(49152K)] 64575K->23199K(160256K), 0.0020450 secs] [Times: user=0.01 sys=0.01, real=0.01 secs] 
179.627: Total time for which application threads were stopped: 0.0032250 seconds, Stopping threads took: 0.0010900 seconds
179.668: Application time: 0.0419250 seconds
179.670: [GC [PSYoungGen: 49152K->5568K(49152K)] 65695K->22111K(160256K), 0.0019350 secs] [Times: user=0.01 sys=0.00, real=0.00 secs] 
179.672: Total time for which application threads were stopped: 0.0034920 seconds, Stopping threads took: 0.0014740 seconds
179.712: Application time: 0.0397100 seconds
179.713: [GC [PSYoungGen: 48064K->6656K(49152K)] 64607K->24047K(160256K), 0.0023100 secs] [Times: user=0.02 sys=0.00, real=0.00 secs] 
179.715: Total time for which application threads were stopped: 0.0037350 seconds, Stopping threads took: 0.0013190 seconds
179.756: Application time: 0.0408360 seconds
179.760: [GC [PSYoungGen: 49152K->6656K(49152K)] 66543K->24359K(160256K), 0.0021410 secs] [Times: user=0.02 sys=0.00, real=0.00 secs] 
179.762: Total time for which application threads were stopped: 0.0056020 seconds, Stopping threads took: 0.0033750 seconds
179.803: Application time: 0.0407600 seconds
179.805: [GC [PSYoungGen: 49152K->6528K(49152K)] 66855K->24231K(160256K), 0.0019090 secs] [Times: user=0.02 sys=0.00, real=0.01 secs] 
179.807: Total time for which application threads were stopped: 0.0041270 seconds, Stopping threads took: 0.0021370 seconds
179.847: Application time: 0.0398710 seconds
179.848: [GC [PSYoungGen: 49024K->6656K(49152K)] 66727K->24951K(160256K), 0.0023550 secs] [Times: user=0.01 sys=0.00, real=0.00 secs] 
179.850: Total time for which application threads were stopped: 0.0036660 seconds, Stopping threads took: 0.0012090 seconds
179.891: Application time: 0.0403850 seconds
179.893: [GC [PSYoungGen: 49152K->6656K(49152K)] 67447K->25519K(160256K), 0.0021730 secs] [Times: user=0.02 sys=0.00, real=0.00 secs] 
179.895: Total time for which application threads were stopped: 0.0043770 seconds, Stopping threads took: 0.0020960 seconds
179.936: Application time: 0.0412970 seconds
179.940: [GC [PSYoungGen: 49152K->5888K(49152K)] 68015K->24751K(160256K), 0.0017550 secs] [Times: user=0.01 sys=0.00, real=0.00 secs] 
179.941: Total time for which application threads were stopped: 0.0050560 seconds, Stopping threads took: 0.0032240 seconds
179.981: Application time: 0.0396930 seconds
179.983: [GC [PSYoungGen: 48384K->6656K(49152K)] 67247K->25591K(160256K), 0.0020180 secs] [Times: user=0.01 sys=0.00, real=0.00 secs] 
179.985: Total time for which application threads were stopped: 0.0040680 seconds, Stopping threads took: 0.0019560 seconds
180.026: Application time: 0.0408250 seconds
180.029: [GC [PSYoungGen: 49152K->6096K(49152K)] 68087K->25031K(160256K), 0.0017760 secs] [Times: user=0.01 sys=0.00, real=0.00 secs] 
180.031: Total time for which application threads were stopped: 0.0049950 seconds, Stopping threads took: 0.0031350 seconds
180.071: Application time: 0.0400560 seconds
180.073: [GC [PSYoungGen: 48592K->6640K(49152K)] 67527K->25711K(160256K), 0.0019990 secs] [Times: user=0.01 sys=0.00, real=0.00 secs] 
180.075: Total time for which application threads were stopped: 0.0040650 seconds, Stopping threads took: 0.0019800 seconds
180.117: Application time: 0.0415880 seconds
180.119: [GC [PSYoungGen: 49136K->6560K(49152K)] 68207K->25639K(160256K), 0.0019290 secs] [Times: user=0.01 sys=0.00, real=0.00 secs] 
180.121: Total time for which application threads were stopped: 0.0044910 seconds, Stopping threads took: 0.0024830 seconds
180.164: Application time: 0.0425160 seconds
180.166: [GC [PSYoungGen: 49056K->5392K(49152K)] 68135K->24479K(160256K), 0.0016250 secs] [Times: user=0.01 sys=0.00, real=0.01 secs] 
180.168: Total time for which application threads were stopped: 0.0043290 seconds, Stopping threads took: 0.0026170 seconds
180.209: Application time: 0.0409440 seconds
180.211: [GC [PSYoungGen: 47888K->6144K(49152K)] 66975K->25231K(160256K), 0.0018580 secs] [Times: user=0.01 sys=0.00, real=0.00 secs] 
180.213: Total time for which application threads were stopped: 0.0034950 seconds, Stopping threads took: 0.0015530 seconds
180.254: Application time: 0.0416640 seconds
180.256: [GC [PSYoungGen: 48640K->6640K(49152K)] 67727K->25871K(160256K), 0.0019900 secs] [Times: user=0.01 sys=0.00, real=0.00 secs] 
180.258: Total time for which application threads were stopped: 0.0037470 seconds, Stopping threads took: 0.0016700 seconds
180.299: Application time: 0.0406940 seconds
180.301: [GC [PSYoungGen: 49136K->6656K(49152K)] 68367K->26895K(160256K), 0.0022880 secs] [Times: user=0.01 sys=0.01, real=0.00 secs] 
180.303: Total time for which application threads were stopped: 0.0042180 seconds, Stopping threads took: 0.0018400 seconds
180.344: Application time: 0.0414410 seconds
180.348: [GC [PSYoungGen: 49152K->6080K(49152K)] 69391K->26319K(160256K), 0.0018490 secs] [Times: user=0.02 sys=0.00, real=0.00 secs] 
180.350: Total time for which application threads were stopped: 0.0052830 seconds, Stopping threads took: 0.0033570 seconds
180.391: Application time: 0.0411860 seconds
180.393: [GC [PSYoungGen: 48576K->6640K(49152K)] 68815K->27144K(160256K), 0.0020890 secs] [Times: user=0.02 sys=0.00, real=0.00 secs] 
180.395: Total time for which application threads were stopped: 0.0046620 seconds, Stopping threads took: 0.0024910 seconds
180.433: Application time: 0.0379930 seconds
180.436: [GC [PSYoungGen: 49136K->6640K(49152K)] 69640K->28704K(160256K), 0.0025670 secs] [Times: user=0.01 sys=0.00, real=0.00 secs] 
180.438: Total time for which application threads were stopped: 0.0049410 seconds, Stopping threads took: 0.0022780 seconds
180.480: Application time: 0.0412470 seconds
180.482: [GC [PSYoungGen: 49136K->6656K(49152K)] 71200K->28728K(160256K), 0.0019670 secs] [Times: user=0.01 sys=0.00, real=0.00 secs] 
180.484: Total time for which application threads were stopped: 0.0043860 seconds, Stopping threads took: 0.0023370 seconds
180.524: Application time: 0.0401800 seconds
180.527: [GC [PSYoungGen: 49152K->6640K(49152K)] 71224K->29016K(160256K), 0.0020950 secs] [Times: user=0.01 sys=0.00, real=0.00 secs] 
180.529: Total time for which application threads were stopped: 0.0048210 seconds, Stopping threads took: 0.0026170 seconds
180.569: Application time: 0.0402200 seconds
180.571: [GC [PSYoungGen: 49136K->6640K(49152K)] 71512K->29696K(160256K), 0.0021990 secs] [Times: user=0.01 sys=0.00, real=0.00 secs] 
180.573: Total time for which application threads were stopped: 0.0040250 seconds, Stopping threads took: 0.0017400 seconds
180.615: Application time: 0.0418090 seconds
180.617: [GC [PSYoungGen: 49136K->5600K(49152K)] 72192K->28656K(160256K), 0.0018030 secs] [Times: user=0.01 sys=0.00, real=0.01 secs] 
180.619: Total time for which application threads were stopped: 0.0038850 seconds, Stopping threads took: 0.0019940 seconds
180.659: Application time: 0.0405090 seconds
180.662: [GC [PSYoungGen: 48096K->6400K(49152K)] 71152K->29464K(160256K), 0.0019580 secs] [Times: user=0.01 sys=0.00, real=0.00 secs] 
180.664: Total time for which application threads were stopped: 0.0045560 seconds, Stopping threads took: 0.0025170 seconds
180.705: Application time: 0.0406220 seconds
180.706: [GC [PSYoungGen: 48896K->6656K(49152K)] 71960K->31176K(160256K), 0.0023210 secs] [Times: user=0.02 sys=0.00, real=0.01 secs] 
180.708: Total time for which application threads were stopped: 0.0038160 seconds, Stopping threads took: 0.0014010 seconds
180.749: Application time: 0.0404950 seconds
180.752: [GC [PSYoungGen: 49152K->6656K(49152K)] 73672K->31328K(160256K), 0.0020450 secs] [Times: user=0.01 sys=0.00, real=0.00 secs] 
180.754: Total time for which application threads were stopped: 0.0052050 seconds, Stopping threads took: 0.0030790 seconds
180.796: Application time: 0.0414090 seconds
180.799: [GC [PSYoungGen: 49152K->5792K(49152K)] 73824K->30464K(160256K), 0.0019470 secs] [Times: user=0.01 sys=0.00, real=0.00 secs] 
180.801: Total time for which application threads were stopped: 0.0051080 seconds, Stopping threads took: 0.0030610 seconds
180.841: Application time: 0.0398190 seconds
180.842: [GC [PSYoungGen: 48288K->6656K(49152K)] 72960K->31728K(160256K), 0.0022920 secs] [Times: user=0.02 sys=0.00, real=0.00 secs] 
180.845: Total time for which application threads were stopped: 0.0039950 seconds, Stopping threads took: 0.0015940 seconds
180.885: Application time: 0.0408880 seconds
180.888: [GC [PSYoungGen: 49152K->6656K(49152K)] 74224K->31984K(160256K), 0.0021520 secs] [Times: user=0.01 sys=0.00, real=0.00 secs] 
180.891: Total time for which application threads were stopped: 0.0052070 seconds, Stopping threads took: 0.0029750 seconds
180.935: Application time: 0.0441080 seconds
180.936: [GC [PSYoungGen: 49152K->5440K(49152K)] 74480K->30768K(160256K), 0.0016350 secs] [Times: user=0.01 sys=0.00, real=0.00 secs] 
180.938: Total time for which application threads were stopped: 0.0030440 seconds, Stopping threads took: 0.0013330 seconds
180.980: Application time: 0.0425570 seconds
180.982: [GC [PSYoungGen: 47936K->6624K(49152K)] 73264K->31952K(160256K), 0.0020630 secs] [Times: user=0.02 sys=0.00, real=0.00 secs] 
180.984: Total time for which application threads were stopped: 0.0038330 seconds, Stopping threads took: 0.0016840 seconds
181.025: Application time: 0.0405660 seconds
181.027: [GC [PSYoungGen: 49120K->6144K(49152K)] 74448K->31472K(160256K), 0.0018460 secs] [Times: user=0.01 sys=0.00, real=0.00 secs] 
181.029: Total time for which application threads were stopped: 0.0040150 seconds, Stopping threads took: 0.0020810 seconds
181.070: Application time: 0.0414560 seconds
181.072: [GC [PSYoungGen: 48640K->6560K(49152K)] 73968K->31896K(160256K), 0.0019620 secs] [Times: user=0.01 sys=0.00, real=0.00 secs] 
181.074: Total time for which application threads were stopped: 0.0038940 seconds, Stopping threads took: 0.0018510 seconds
181.114: Application time: 0.0400070 seconds
181.116: [GC [PSYoungGen: 49056K->6640K(49152K)] 74392K->32384K(160256K), 0.0021840 secs] [Times: user=0.02 sys=0.00, real=0.00 secs] 
181.118: Total time for which application threads were stopped: 0.0038720 seconds, Stopping threads took: 0.0016020 seconds
181.159: Application time: 0.0412450 seconds
181.162: [GC [PSYoungGen: 49136K->6000K(49152K)] 74880K->31744K(160256K), 0.0017590 secs] [Times: user=0.02 sys=0.00, real=0.00 secs] 
181.163: Total time for which application threads were stopped: 0.0042070 seconds, Stopping threads took: 0.0023720 seconds
181.204: Application time: 0.0405400 seconds
181.207: [GC [PSYoungGen: 48496K->6624K(49152K)] 74240K->33504K(160256K), 0.0023580 secs] [Times: user=0.02 sys=0.00, real=0.00 secs] 
181.210: Total time for which application threads were stopped: 0.0056040 seconds, Stopping threads took: 0.0031420 seconds
181.250: Application time: 0.0406230 seconds
181.253: [GC [PSYoungGen: 49120K->6608K(49152K)] 76000K->33496K(160256K), 0.0018890 secs] [Times: user=0.01 sys=0.00, real=0.00 secs] 
181.254: Total time for which application threads were stopped: 0.0042300 seconds, Stopping threads took: 0.0022580 seconds
181.295: Application time: 0.0406590 seconds
181.297: [GC [PSYoungGen: 49104K->6624K(49152K)] 75992K->34392K(160256K), 0.0022640 secs] [Times: user=0.01 sys=0.00, real=0.01 secs] 
181.300: Total time for which application threads were stopped: 0.0046670 seconds, Stopping threads took: 0.0023160 seconds
181.342: Application time: 0.0417410 seconds
181.345: [GC [PSYoungGen: 49120K->6256K(49152K)] 76888K->34032K(160256K), 0.0019180 secs] [Times: user=0.02 sys=0.00, real=0.01 secs] 
181.347: Total time for which application threads were stopped: 0.0051580 seconds, Stopping threads took: 0.0031380 seconds
181.388: Application time: 0.0412720 seconds
181.391: [GC [PSYoungGen: 48752K->6656K(49152K)] 76528K->34976K(160256K), 0.0020940 secs] [Times: user=0.01 sys=0.00, real=0.00 secs] 
181.393: Total time for which application threads were stopped: 0.0050140 seconds, Stopping threads took: 0.0028360 seconds
181.433: Application time: 0.0404320 seconds
181.435: [GC [PSYoungGen: 49152K->6048K(49152K)] 77472K->34368K(160256K), 0.0018390 secs] [Times: user=0.01 sys=0.00, real=0.00 secs] 
181.437: Total time for which application threads were stopped: 0.0039130 seconds, Stopping threads took: 0.0019950 seconds
181.478: Application time: 0.0404240 seconds
181.480: [GC [PSYoungGen: 48544K->6656K(49152K)] 76864K->35936K(160256K), 0.0022640 secs] [Times: user=0.01 sys=0.00, real=0.00 secs] 
181.482: Total time for which application threads were stopped: 0.0045150 seconds, Stopping threads took: 0.0021670 seconds
181.524: Application time: 0.0418810 seconds
181.527: [GC [PSYoungGen: 49152K->6144K(49152K)] 78432K->35424K(160256K), 0.0018450 secs] [Times: user=0.01 sys=0.00, real=0.00 secs] 
181.528: Total time for which application threads were stopped: 0.0043050 seconds, Stopping threads took: 0.0023860 seconds
181.570: Application time: 0.0417430 seconds
181.572: [GC [PSYoungGen: 48640K->6496K(49152K)] 77920K->35776K(160256K), 0.0019690 secs] [Times: user=0.01 sys=0.00, real=0.00 secs] 
181.574: Total time for which application threads were stopped: 0.0035060 seconds, Stopping threads took: 0.0014570 seconds
181.617: Application time: 0.0430100 seconds
181.620: [GC [PSYoungGen: 48992K->6656K(49152K)] 78272K->37352K(160256K), 0.0025080 secs] [Times: user=0.02 sys=0.00, real=0.00 secs] 
181.622: Total time for which application threads were stopped: 0.0055870 seconds, Stopping threads took: 0.0029870 seconds
181.662: Application time: 0.0399580 seconds
181.664: [GC [PSYoungGen: 49152K->6656K(49152K)] 79848K->38584K(160256K), 0.0022960 secs] [Times: user=0.02 sys=0.00, real=0.01 secs] 
181.667: Total time for which application threads were stopped: 0.0045140 seconds, Stopping threads took: 0.0021330 seconds
181.707: Application time: 0.0405150 seconds
181.708: [GC [PSYoungGen: 49152K->6640K(49152K)] 81080K->38656K(160256K), 0.0020060 secs] [Times: user=0.01 sys=0.00, real=0.00 secs] 
181.710: Total time for which application threads were stopped: 0.0031600 seconds, Stopping threads took: 0.0010640 seconds
181.753: Application time: 0.0421130 seconds
181.755: [GC [PSYoungGen: 49136K->6624K(49152K)] 81152K->38704K(160256K), 0.0019680 secs] [Times: user=0.01 sys=0.00, real=0.00 secs] 
181.757: Total time for which application threads were stopped: 0.0046020 seconds, Stopping threads took: 0.0025510 seconds
181.800: Application time: 0.0423650 seconds
181.802: [GC [PSYoungGen: 49120K->6624K(49152K)] 81200K->39096K(160256K), 0.0022290 secs] [Times: user=0.01 sys=0.00, real=0.00 secs] 
181.804: Total time for which application threads were stopped: 0.0043370 seconds, Stopping threads took: 0.0020040 seconds
181.845: Application time: 0.0409760 seconds
181.846: [GC [PSYoungGen: 49120K->6512K(49152K)] 81592K->38992K(160256K), 0.0021230 secs] [Times: user=0.01 sys=0.01, real=0.01 secs] 
181.849: Total time for which application threads were stopped: 0.0037220 seconds, Stopping threads took: 0.0014920 seconds
181.889: Application time: 0.0402900 seconds
181.891: [GC [PSYoungGen: 49008K->6640K(49152K)] 81488K->39232K(160256K), 0.0022110 secs] [Times: user=0.01 sys=0.00, real=0.00 secs] 
181.893: Total time for which application threads were stopped: 0.0045520 seconds, Stopping threads took: 0.0022560 seconds
181.934: Application time: 0.0409950 seconds
181.937: [GC [PSYoungGen: 49136K->6336K(49152K)] 81728K->38928K(160256K), 0.0018160 secs] [Times: user=0.01 sys=0.00, real=0.00 secs] 
181.938: Total time for which application threads were stopped: 0.0039600 seconds, Stopping threads took: 0.0020590 seconds
181.979: Application time: 0.0410740 seconds
181.980: [GC [PSYoungGen: 48832K->6656K(49152K)] 81424K->39288K(160256K), 0.0019710 secs] [Times: user=0.02 sys=0.00, real=0.00 secs] 
181.982: Total time for which application threads were stopped: 0.0025620 seconds, Stopping threads took: 0.0005060 seconds
182.022: Application time: 0.0400630 seconds
182.023: [GC [PSYoungGen: 49152K->6656K(49152K)] 81784K->40280K(160256K), 0.0023190 secs] [Times: user=0.02 sys=0.00, real=0.00 secs] 
182.026: Total time for which application threads were stopped: 0.0036930 seconds, Stopping threads took: 0.0012900 seconds
182.067: Application time: 0.0409650 seconds
182.070: [GC [PSYoungGen: 49152K->6656K(49152K)] 82776K->41516K(160256K), 0.0024330 secs] [Times: user=0.02 sys=0.00, real=0.00 secs] 
182.072: Total time for which application threads were stopped: 0.0053610 seconds, Stopping threads took: 0.0028370 seconds
182.114: Application time: 0.0414000 seconds
182.117: [GC [PSYoungGen: 49152K->6624K(49152K)] 84012K->41956K(160256K), 0.0022680 secs] [Times: user=0.01 sys=0.00, real=0.01 secs] 
182.119: Total time for which application threads were stopped: 0.0053220 seconds, Stopping threads took: 0.0029590 seconds
182.159: Application time: 0.0399420 seconds
182.162: [GC [PSYoungGen: 49120K->6656K(49152K)] 84452K->42780K(160256K), 0.0022790 secs] [Times: user=0.01 sys=0.00, real=0.00 secs] 
182.164: Total time for which application threads were stopped: 0.0052310 seconds, Stopping threads took: 0.0028650 seconds
182.204: Application time: 0.0403780 seconds
182.208: [GC [PSYoungGen: 49152K->6656K(49152K)] 85276K->43560K(160256K), 0.0022440 secs] [Times: user=0.01 sys=0.00, real=0.00 secs] 
182.210: Total time for which application threads were stopped: 0.0056260 seconds, Stopping threads took: 0.0032920 seconds
182.249: Application time: 0.0387930 seconds
182.251: [GC [PSYoungGen: 49152K->6656K(49152K)] 86056K->44832K(160256K), 0.0024460 secs] [Times: user=0.02 sys=0.00, real=0.00 secs] 
182.253: Total time for which application threads were stopped: 0.0044320 seconds, Stopping threads took: 0.0018910 seconds
182.294: Application time: 0.0406320 seconds
182.297: [GC [PSYoungGen: 49152K->6656K(49152K)] 87328K->45744K(160256K), 0.0022580 secs] [Times: user=0.01 sys=0.00, real=0.01 secs] 
182.299: Total time for which application threads were stopped: 0.0050840 seconds, Stopping threads took: 0.0027350 seconds
182.340: Application time: 0.0409390 seconds
182.343: [GC [PSYoungGen: 49152K->5952K(49152K)] 88240K->45040K(160256K), 0.0017440 secs] [Times: user=0.01 sys=0.00, real=0.00 secs] 
182.345: Total time for which application threads were stopped: 0.0045820 seconds, Stopping threads took: 0.0027600 seconds
182.385: Application time: 0.0402240 seconds
182.387: [GC [PSYoungGen: 48448K->6544K(49152K)] 87536K->45632K(160256K), 0.0019530 secs] [Times: user=0.01 sys=0.00, real=0.00 secs] 
182.389: Total time for which application threads were stopped: 0.0046470 seconds, Stopping threads took: 0.0026060 seconds
182.431: Application time: 0.0413260 seconds
182.433: [GC [PSYoungGen: 49040K->6144K(49152K)] 88128K->45240K(160256K), 0.0018640 secs] [Times: user=0.02 sys=0.00, real=0.00 secs] 
182.435: Total time for which application threads were stopped: 0.0046110 seconds, Stopping threads took: 0.0026540 seconds
182.477: Application time: 0.0416400 seconds
182.480: [GC [PSYoungGen: 48640K->5712K(49152K)] 87736K->44808K(160256K), 0.0016890 secs] [Times: user=0.01 sys=0.00, real=0.00 secs] 
182.481: Total time for which application threads were stopped: 0.0044610 seconds, Stopping threads took: 0.0026910 seconds
182.523: Application time: 0.0420190 seconds
182.527: [GC [PSYoungGen: 48208K->6208K(49152K)] 87304K->45304K(160256K), 0.0018570 secs] [Times: user=0.01 sys=0.00, real=0.00 secs] 
182.529: Total time for which application threads were stopped: 0.0050750 seconds, Stopping threads took: 0.0031380 seconds
182.570: Application time: 0.0410950 seconds
182.571: [GC [PSYoungGen: 48703K->6624K(49152K)] 87800K->45736K(160256K), 0.0020390 secs] [Times: user=0.01 sys=0.00, real=0.00 secs] 
182.573: Total time for which application threads were stopped: 0.0037930 seconds, Stopping threads took: 0.0016650 seconds
182.613: Application time: 0.0400040 seconds
182.616: [GC [PSYoungGen: 49120K->6512K(49152K)] 88232K->45624K(160256K), 0.0022130 secs] [Times: user=0.02 sys=0.00, real=0.00 secs] 
182.618: Total time for which application threads were stopped: 0.0046540 seconds, Stopping threads took: 0.0023490 seconds
182.658: Application time: 0.0402730 seconds
182.661: [GC [PSYoungGen: 49008K->6640K(49152K)] 88120K->46424K(160256K), 0.0021640 secs] [Times: user=0.02 sys=0.00, real=0.00 secs] 
182.663: Total time for which application threads were stopped: 0.0048470 seconds, Stopping threads took: 0.0025770 seconds
182.707: Application time: 0.0441910 seconds
182.710: [GC [PSYoungGen: 49136K->5392K(49152K)] 88920K->45184K(160256K), 0.0015670 secs] [Times: user=0.01 sys=0.00, real=0.00 secs] 
182.712: Total time for which application threads were stopped: 0.0045780 seconds, Stopping threads took: 0.0029370 seconds
182.751: Application time: 0.0387660 seconds
182.753: [GC [PSYoungGen: 47888K->6624K(49152K)] 87680K->47804K(160256K), 0.0024080 secs] [Times: user=0.02 sys=0.00, real=0.00 secs] 
182.755: Total time for which application threads were stopped: 0.0045090 seconds, Stopping threads took: 0.0019900 seconds
182.796: Application time: 0.0409290 seconds
182.799: [GC [PSYoungGen: 49120K->6640K(49152K)] 90300K->48140K(160256K), 0.0020320 secs] [Times: user=0.01 sys=0.00, real=0.00 secs] 
182.801: Total time for which application threads were stopped: 0.0046940 seconds, Stopping threads took: 0.0025800 seconds
182.842: Application time: 0.0410910 seconds
182.844: [GC [PSYoungGen: 49136K->5856K(49152K)] 90636K->47356K(160256K), 0.0017260 secs] [Times: user=0.01 sys=0.00, real=0.00 secs] 
182.846: Total time for which application threads were stopped: 0.0040240 seconds, Stopping threads took: 0.0022180 seconds
182.888: Application time: 0.0414710 seconds
182.891: [GC [PSYoungGen: 48352K->6160K(49152K)] 89852K->47676K(160256K), 0.0018750 secs] [Times: user=0.01 sys=0.00, real=0.00 secs] 
182.893: Total time for which application threads were stopped: 0.0050640 seconds, Stopping threads took: 0.0031080 seconds
182.934: Application time: 0.0415910 seconds
182.936: [GC [PSYoungGen: 48656K->5552K(49152K)] 90172K->47076K(160256K), 0.0017030 secs] [Times: user=0.02 sys=0.00, real=0.00 secs] 
182.938: Total time for which application threads were stopped: 0.0033530 seconds, Stopping threads took: 0.0015680 seconds
182.980: Application time: 0.0423450 seconds
182.982: [GC [PSYoungGen: 48048K->5584K(49152K)] 89572K->47108K(160256K), 0.0017000 secs] [Times: user=0.01 sys=0.00, real=0.00 secs] 
182.984: Total time for which application threads were stopped: 0.0036600 seconds, Stopping threads took: 0.0018760 seconds
183.025: Application time: 0.0419750 seconds
183.027: [GC [PSYoungGen: 48080K->6640K(49152K)] 89604K->48588K(160256K), 0.0021200 secs] [Times: user=0.02 sys=0.00, real=0.00 secs] 
183.030: Total time for which application threads were stopped: 0.0040400 seconds, Stopping threads took: 0.0018380 seconds
183.071: Application time: 0.0416460 seconds
183.075: [GC [PSYoungGen: 49136K->6512K(49152K)] 91084K->48460K(160256K), 0.0020260 secs] [Times: user=0.01 sys=0.00, real=0.00 secs] 
183.077: Total time for which application threads were stopped: 0.0054980 seconds, Stopping threads took: 0.0033920 seconds
183.117: Application time: 0.0401830 seconds
183.119: [GC [PSYoungGen: 49008K->6640K(49152K)] 90956K->49236K(160256K), 0.0021850 secs] [Times: user=0.02 sys=0.00, real=0.00 secs] 
183.121: Total time for which application threads were stopped: 0.0045400 seconds, Stopping threads took: 0.0022730 seconds
183.163: Application time: 0.0411190 seconds
183.165: [GC [PSYoungGen: 49136K->6640K(49152K)] 91732K->50052K(160256K), 0.0022650 secs] [Times: user=0.01 sys=0.00, real=0.01 secs] 
183.168: Total time for which application threads were stopped: 0.0051140 seconds, Stopping threads took: 0.0027640 seconds
183.207: Application time: 0.0397760 seconds
183.210: [GC [PSYoungGen: 49136K->6640K(49152K)] 92548K->50076K(160256K), 0.0020400 secs] [Times: user=0.02 sys=0.00, real=0.00 secs] 
183.212: Total time for which application threads were stopped: 0.0042800 seconds, Stopping threads took: 0.0021590 seconds
183.252: Application time: 0.0406100 seconds
183.253: [GC [PSYoungGen: 49136K->5840K(49152K)] 92572K->49276K(160256K), 0.0017390 secs] [Times: user=0.01 sys=0.00, real=0.00 secs] 
183.255: Total time for which application threads were stopped: 0.0027020 seconds, Stopping threads took: 0.0008900 seconds
183.296: Application time: 0.0412390 seconds
183.299: [GC [PSYoungGen: 48336K->6624K(49152K)] 91772K->50076K(160256K), 0.0019520 secs] [Times: user=0.01 sys=0.00, real=0.00 secs] 
183.301: Total time for which application threads were stopped: 0.0049590 seconds, Stopping threads took: 0.0029160 seconds
183.341: Application time: 0.0398360 seconds
183.343: [GC [PSYoungGen: 49120K->6656K(49152K)] 92572K->50789K(160256K), 0.0022150 secs] [Times: user=0.02 sys=0.00, real=0.00 secs] 
183.345: Total time for which application threads were stopped: 0.0042820 seconds, Stopping threads took: 0.0019840 seconds
183.386: Application time: 0.0406990 seconds
183.388: [GC [PSYoungGen: 49152K->6656K(49152K)] 93285K->52169K(160256K), 0.0025070 secs] [Times: user=0.01 sys=0.00, real=0.00 secs] 
183.391: Total time for which application threads were stopped: 0.0048220 seconds, Stopping threads took: 0.0022220 seconds
183.431: Application time: 0.0399650 seconds
183.433: [GC [PSYoungGen: 49152K->6656K(49152K)] 94665K->52449K(160256K), 0.0021800 secs] [Times: user=0.02 sys=0.00, real=0.00 secs] 
183.435: Total time for which application threads were stopped: 0.0045410 seconds, Stopping threads took: 0.0022740 seconds
183.475: Application time: 0.0396950 seconds
183.476: [GC [PSYoungGen: 49152K->6656K(49152K)] 94945K->52641K(160256K), 0.0022180 secs] [Times: user=0.01 sys=0.00, real=0.01 secs] 
183.479: Total time for which application threads were stopped: 0.0035740 seconds, Stopping threads took: 0.0012740 seconds
183.519: Application time: 0.0402550 seconds
183.521: [GC [PSYoungGen: 49152K->6656K(49152K)] 95137K->52657K(160256K), 0.0020170 secs] [Times: user=0.01 sys=0.00, real=0.00 secs] 
183.523: Total time for which application threads were stopped: 0.0038040 seconds, Stopping threads took: 0.0016890 seconds
183.562: Application time: 0.0396850 seconds
183.565: [GC [PSYoungGen: 49152K->6656K(49152K)] 95153K->53545K(160256K), 0.0022890 secs] [Times: user=0.02 sys=0.00, real=0.01 secs] 
183.567: Total time for which application threads were stopped: 0.0047890 seconds, Stopping threads took: 0.0024150 seconds
183.606: Application time: 0.0389430 seconds
183.608: [GC [PSYoungGen: 49152K->6656K(49152K)] 96041K->54337K(160256K), 0.0021990 secs] [Times: user=0.01 sys=0.00, real=0.00 secs] 
183.610: Total time for which application threads were stopped: 0.0039820 seconds, Stopping threads took: 0.0017000 seconds
183.647: Application time: 0.0372880 seconds
183.649: [GC [PSYoungGen: 49152K->6656K(49152K)] 96833K->55049K(160256K), 0.0021400 secs] [Times: user=0.02 sys=0.00, real=0.00 secs] 
183.651: Total time for which application threads were stopped: 0.0037390 seconds, Stopping threads took: 0.0014980 seconds
183.690: Application time: 0.0391670 seconds
183.693: [GC [PSYoungGen: 49152K->6656K(49152K)] 97545K->55137K(160256K), 0.0020050 secs] [Times: user=0.01 sys=0.00, real=0.00 secs] 
183.695: Total time for which application threads were stopped: 0.0046240 seconds, Stopping threads took: 0.0025350 seconds
183.734: Application time: 0.0385710 seconds
183.735: [GC [PSYoungGen: 49152K->6640K(49152K)] 97633K->55169K(160256K), 0.0020360 secs] [Times: user=0.01 sys=0.00, real=0.00 secs] 
183.737: Total time for which application threads were stopped: 0.0039220 seconds, Stopping threads took: 0.0018040 seconds
183.776: Application time: 0.0390160 seconds
183.779: [GC [PSYoungGen: 49135K->6128K(49152K)] 97665K->54657K(160256K), 0.0018170 secs] [Times: user=0.01 sys=0.00, real=0.01 secs] 
183.780: Total time for which application threads were stopped: 0.0038800 seconds, Stopping threads took: 0.0019840 seconds
183.822: Application time: 0.0418670 seconds
183.824: [GC [PSYoungGen: 48624K->6384K(49152K)] 97153K->54921K(160256K), 0.0019700 secs] [Times: user=0.01 sys=0.00, real=0.00 secs] 
183.826: Total time for which application threads were stopped: 0.0036300 seconds, Stopping threads took: 0.0015700 seconds
183.863: Application time: 0.0373960 seconds
183.865: [GC [PSYoungGen: 48880K->6656K(49152K)] 97417K->56153K(160256K), 0.0022770 secs] [Times: user=0.02 sys=0.00, real=0.01 secs] 
183.867: Total time for which application threads were stopped: 0.0040700 seconds, Stopping threads took: 0.0017070 seconds
183.907: Application time: 0.0398960 seconds
183.909: [GC [PSYoungGen: 49152K->5488K(49152K)] 98649K->54985K(160256K), 0.0016360 secs] [Times: user=0.01 sys=0.00, real=0.00 secs] 
183.911: Total time for which application threads were stopped: 0.0037800 seconds, Stopping threads took: 0.0020670 seconds
183.951: Application time: 0.0395820 seconds
183.952: [GC [PSYoungGen: 47984K->6240K(49152K)] 97481K->55745K(160256K), 0.0018290 secs] [Times: user=0.02 sys=0.00, real=0.00 secs] 
183.954: Total time for which application threads were stopped: 0.0033700 seconds, Stopping threads took: 0.0014660 seconds
183.994: Application time: 0.0399270 seconds
183.995: [GC [PSYoungGen: 48736K->6656K(49152K)] 98241K->57473K(160256K), 0.0024070 secs] [Times: user=0.02 sys=0.00, real=0.00 secs] 
183.997: Total time for which application threads were stopped: 0.0033460 seconds, Stopping threads took: 0.0008550 seconds
184.036: Application time: 0.0386530 seconds
184.038: [GC [PSYoungGen: 49152K->6176K(49152K)] 99969K->56993K(160256K), 0.0018620 secs] [Times: user=0.01 sys=0.00, real=0.01 secs] 
184.040: Total time for which application threads were stopped: 0.0038920 seconds, Stopping threads took: 0.0019470 seconds
184.079: Application time: 0.0394070 seconds
184.081: [GC [PSYoungGen: 48672K->6656K(49152K)] 99489K->57481K(160256K), 0.0019460 secs] [Times: user=0.01 sys=0.00, real=0.00 secs] 
184.083: Total time for which application threads were stopped: 0.0040390 seconds, Stopping threads took: 0.0020160 seconds
184.122: Application time: 0.0391200 seconds
184.125: [GC [PSYoungGen: 49152K->6304K(49152K)] 99977K->57129K(160256K), 0.0019080 secs] [Times: user=0.01 sys=0.00, real=0.01 secs] 
184.127: Total time for which application threads were stopped: 0.0043830 seconds, Stopping threads took: 0.0023910 seconds
184.165: Application time: 0.0387280 seconds
184.168: [GC [PSYoungGen: 48800K->6656K(49152K)] 99625K->58025K(160256K), 0.0020540 secs] [Times: user=0.01 sys=0.00, real=0.00 secs] 
184.170: Total time for which application threads were stopped: 0.0046620 seconds, Stopping threads took: 0.0025320 seconds
184.209: Application time: 0.0386460 seconds
184.210: [GC [PSYoungGen: 49152K->5120K(49152K)] 100521K->56489K(160256K), 0.0015560 secs] [Times: user=0.01 sys=0.00, real=0.00 secs] 
184.212: Total time for which application threads were stopped: 0.0030250 seconds, Stopping threads took: 0.0013950 seconds
184.249: Application time: 0.0373200 seconds
184.251: [GC [PSYoungGen: 47616K->6656K(49152K)] 98985K->58169K(160256K), 0.0020270 secs] [Times: user=0.02 sys=0.00, real=0.00 secs] 
184.253: Total time for which application threads were stopped: 0.0034760 seconds, Stopping threads took: 0.0013640 seconds
184.293: Application time: 0.0401480 seconds
184.294: [GC [PSYoungGen: 49152K->6640K(49152K)] 100665K->59141K(160256K), 0.0021980 secs] [Times: user=0.02 sys=0.00, real=0.00 secs] 
184.297: Total time for which application threads were stopped: 0.0038790 seconds, Stopping threads took: 0.0016030 seconds
184.337: Application time: 0.0402960 seconds
184.338: [GC [PSYoungGen: 49136K->4944K(49152K)] 101637K->57453K(160256K), 0.0015120 secs] [Times: user=0.01 sys=0.00, real=0.01 secs] 
184.340: Total time for which application threads were stopped: 0.0029080 seconds, Stopping threads took: 0.0013100 seconds
184.378: Application time: 0.0384400 seconds
184.380: [GC [PSYoungGen: 47440K->5712K(49152K)] 99949K->58229K(160256K), 0.0018540 secs] [Times: user=0.01 sys=0.00, real=0.00 secs] 
184.382: Total time for which application threads were stopped: 0.0036860 seconds, Stopping threads took: 0.0017590 seconds
184.420: Application time: 0.0382650 seconds
184.422: [GC [PSYoungGen: 48208K->6624K(49152K)] 100725K->59493K(160256K), 0.0021200 secs] [Times: user=0.02 sys=0.00, real=0.00 secs] 
184.424: Total time for which application threads were stopped: 0.0037540 seconds, Stopping threads took: 0.0015490 seconds
184.463: Application time: 0.0389500 seconds
184.465: [GC [PSYoungGen: 49120K->6480K(49152K)] 101989K->59357K(160256K), 0.0018880 secs] [Times: user=0.01 sys=0.00, real=0.00 secs] 
184.466: Total time for which application threads were stopped: 0.0035050 seconds, Stopping threads took: 0.0015360 seconds
184.506: Application time: 0.0392490 seconds
184.507: [GC [PSYoungGen: 48976K->5824K(49152K)] 101853K->58709K(160256K), 0.0017580 secs] [Times: user=0.01 sys=0.00, real=0.00 secs] 
184.509: Total time for which application threads were stopped: 0.0034990 seconds, Stopping threads took: 0.0016690 seconds
184.546: Application time: 0.0364240 seconds
184.547: [GC [PSYoungGen: 48320K->6640K(49152K)] 101205K->59573K(160256K), 0.0020260 secs] [Times: user=0.01 sys=0.00, real=0.00 secs] 
184.549: Total time for which application threads were stopped: 0.0037380 seconds, Stopping threads took: 0.0016340 seconds
184.588: Application time: 0.0381160 seconds
184.590: [GC [PSYoungGen: 49136K->6640K(49152K)] 102069K->60325K(160256K), 0.0021590 secs] [Times: user=0.02 sys=0.00, real=0.00 secs] 
184.592: Total time for which application threads were stopped: 0.0046710 seconds, Stopping threads took: 0.0024320 seconds
184.631: Application time: 0.0390680 seconds
184.633: [GC [PSYoungGen: 49136K->6640K(49152K)] 102821K->61037K(160256K), 0.0022270 secs] [Times: user=0.02 sys=0.00, real=0.00 secs] 
184.636: Total time for which application threads were stopped: 0.0042370 seconds, Stopping threads took: 0.0019220 seconds
184.675: Application time: 0.0391220 seconds
184.676: [GC [PSYoungGen: 49136K->5216K(49152K)] 103533K->59613K(160256K), 0.0016160 secs] [Times: user=0.01 sys=0.00, real=0.00 secs] 
184.678: Total time for which application threads were stopped: 0.0034070 seconds, Stopping threads took: 0.0017150 seconds
184.719: Application time: 0.0405990 seconds
184.720: [GC [PSYoungGen: 47712K->5632K(49152K)] 102109K->60029K(160256K), 0.0016500 secs] [Times: user=0.01 sys=0.00, real=0.00 secs] 
184.722: Total time for which application threads were stopped: 0.0031560 seconds, Stopping threads took: 0.0014320 seconds
184.762: Application time: 0.0401840 seconds
184.764: [GC [PSYoungGen: 48128K->5808K(49152K)] 102525K->60205K(160256K), 0.0017550 secs] [Times: user=0.01 sys=0.00, real=0.00 secs] 
184.766: Total time for which application threads were stopped: 0.0041650 seconds, Stopping threads took: 0.0023300 seconds
184.804: Application time: 0.0376830 seconds
184.805: [GC [PSYoungGen: 48304K->6640K(49152K)] 102701K->61717K(160256K), 0.0022260 secs] [Times: user=0.02 sys=0.00, real=0.01 secs] 
184.808: Total time for which application threads were stopped: 0.0038690 seconds, Stopping threads took: 0.0015520 seconds
184.846: Application time: 0.0378250 seconds
184.847: [GC [PSYoungGen: 49136K->6624K(49152K)] 104213K->62069K(160256K), 0.0022450 secs] [Times: user=0.01 sys=0.00, real=0.00 secs] 
184.849: Total time for which application threads were stopped: 0.0039220 seconds, Stopping threads took: 0.0015900 seconds
184.887: Application time: 0.0375030 seconds
184.891: [GC [PSYoungGen: 49120K->6656K(49152K)] 104565K->62897K(160256K), 0.0022390 secs] [Times: user=0.01 sys=0.00, real=0.00 secs] 
184.893: Total time for which application threads were stopped: 0.0058590 seconds, Stopping threads took: 0.0035300 seconds
184.931: Application time: 0.0379490 seconds
184.932: [GC [PSYoungGen: 49152K->6656K(49152K)] 105393K->63961K(160256K), 0.0023280 secs] [Times: user=0.02 sys=0.00, real=0.00 secs] 
184.935: Total time for which application threads were stopped: 0.0038870 seconds, Stopping threads took: 0.0014760 seconds
184.973: Application time: 0.0383580 seconds
184.975: [GC [PSYoungGen: 49152K->6640K(49152K)] 106457K->64041K(160256K), 0.0020520 secs] [Times: user=0.02 sys=0.00, real=0.00 secs] 
184.978: Total time for which application threads were stopped: 0.0045230 seconds, Stopping threads took: 0.0023850 seconds
185.016: Application time: 0.0381540 seconds
185.019: [GC [PSYoungGen: 49136K->5584K(49152K)] 106537K->63001K(160256K), 0.0017290 secs] [Times: user=0.01 sys=0.00, real=0.00 secs] 
185.020: Total time for which application threads were stopped: 0.0047590 seconds, Stopping threads took: 0.0029550 seconds
185.059: Application time: 0.0385990 seconds
185.061: [GC [PSYoungGen: 48080K->6640K(49152K)] 105497K->64873K(160256K), 0.0022350 secs] [Times: user=0.02 sys=0.00, real=0.00 secs] 
185.063: Total time for which application threads were stopped: 0.0042880 seconds, Stopping threads took: 0.0019710 seconds
185.102: Application time: 0.0390540 seconds
185.104: [GC [PSYoungGen: 49136K->5824K(49152K)] 107369K->64065K(160256K), 0.0017570 secs] [Times: user=0.01 sys=0.00, real=0.00 secs] 
185.105: Total time for which application threads were stopped: 0.0030670 seconds, Stopping threads took: 0.0012320 seconds
185.145: Application time: 0.0395190 seconds
185.147: [GC [PSYoungGen: 48320K->6256K(49152K)] 106561K->64505K(160256K), 0.0018860 secs] [Times: user=0.02 sys=0.00, real=0.00 secs] 
185.149: Total time for which application threads were stopped: 0.0038790 seconds, Stopping threads took: 0.0019110 seconds
185.188: Application time: 0.0390500 seconds
185.190: [GC [PSYoungGen: 48752K->6128K(49152K)] 107001K->64377K(160256K), 0.0019220 secs] [Times: user=0.01 sys=0.00, real=0.00 secs] 
185.192: Total time for which application threads were stopped: 0.0042860 seconds, Stopping threads took: 0.0022790 seconds
185.232: Application time: 0.0395770 seconds
185.234: [GC [PSYoungGen: 48624K->4992K(49152K)] 106873K->63241K(160256K), 0.0015780 secs] [Times: user=0.01 sys=0.00, real=0.00 secs] 
185.235: Total time for which application threads were stopped: 0.0035290 seconds, Stopping threads took: 0.0018720 seconds
185.275: Application time: 0.0397310 seconds
185.278: [GC [PSYoungGen: 47488K->6656K(49152K)] 105737K->65081K(160256K), 0.0020610 secs] [Times: user=0.01 sys=0.00, real=0.01 secs] 
185.280: Total time for which application threads were stopped: 0.0046410 seconds, Stopping threads took: 0.0025000 seconds
185.318: Application time: 0.0386810 seconds
185.320: [GC [PSYoungGen: 49152K->6640K(49152K)] 107577K->65065K(160256K), 0.0019710 secs] [Times: user=0.01 sys=0.00, real=0.00 secs] 
185.322: Total time for which application threads were stopped: 0.0034430 seconds, Stopping threads took: 0.0013880 seconds
185.359: Application time: 0.0376350 seconds
185.362: [GC [PSYoungGen: 49136K->6432K(49152K)] 107561K->64865K(160256K), 0.0018650 secs] [Times: user=0.01 sys=0.00, real=0.00 secs] 
185.364: Total time for which application threads were stopped: 0.0046050 seconds, Stopping threads took: 0.0026520 seconds
185.403: Application time: 0.0390430 seconds
185.404: [GC [PSYoungGen: 48928K->5760K(49152K)] 107361K->64193K(160256K), 0.0017560 secs] [Times: user=0.01 sys=0.00, real=0.00 secs] 
185.406: Total time for which application threads were stopped: 0.0028080 seconds, Stopping threads took: 0.0009710 seconds
185.446: Application time: 0.0399210 seconds
185.448: [GC [PSYoungGen: 48256K->6064K(49152K)] 106689K->64505K(160256K), 0.0018610 secs] [Times: user=0.01 sys=0.00, real=0.00 secs] 
185.449: Total time for which application threads were stopped: 0.0035530 seconds, Stopping threads took: 0.0016160 seconds
185.489: Application time: 0.0399560 seconds
185.492: [GC [PSYoungGen: 48558K->5840K(49152K)] 107000K->64289K(160256K), 0.0017070 secs] [Times: user=0.01 sys=0.00, real=0.00 secs] 
185.494: Total time for which application threads were stopped: 0.0044220 seconds, Stopping threads took: 0.0026410 seconds
185.534: Application time: 0.0402370 seconds
185.535: [GC [PSYoungGen: 48336K->6656K(49152K)] 106785K->65113K(160256K), 0.0019690 secs] [Times: user=0.02 sys=0.00, real=0.00 secs] 
185.538: Total time for which application threads were stopped: 0.0034660 seconds, Stopping threads took: 0.0014190 seconds
185.576: Application time: 0.0388160 seconds
185.578: [GC [PSYoungGen: 49152K->6608K(49152K)] 107609K->65073K(160256K), 0.0020970 secs] [Times: user=0.02 sys=0.00, real=0.01 secs] 
185.580: Total time for which application threads were stopped: 0.0040090 seconds, Stopping threads took: 0.0018310 seconds
185.620: Application time: 0.0398580 seconds
185.623: [GC [PSYoungGen: 49104K->6624K(49152K)] 107569K->65089K(160256K), 0.0019160 secs] [Times: user=0.02 sys=0.00, real=0.00 secs] 
185.625: Total time for which application threads were stopped: 0.0045420 seconds, Stopping threads took: 0.0025440 seconds
185.663: Application time: 0.0384090 seconds
185.666: [GC [PSYoungGen: 49120K->6640K(49152K)] 107585K->65449K(160256K), 0.0021350 secs] [Times: user=0.01 sys=0.00, real=0.01 secs] 
185.668: Total time for which application threads were stopped: 0.0050120 seconds, Stopping threads took: 0.0027920 seconds
185.708: Application time: 0.0395670 seconds
185.709: [GC [PSYoungGen: 49136K->6016K(49152K)] 107945K->64833K(160256K), 0.0018350 secs] [Times: user=0.01 sys=0.00, real=0.00 secs] 
185.711: Total time for which application threads were stopped: 0.0032220 seconds, Stopping threads took: 0.0013050 seconds
185.749: Application time: 0.0377500 seconds
185.750: [GC [PSYoungGen: 48512K->6576K(49152K)] 107329K->65393K(160256K), 0.0020830 secs] [Times: user=0.01 sys=0.01, real=0.00 secs] 
185.752: Total time for which application threads were stopped: 0.0037510 seconds, Stopping threads took: 0.0015910 seconds
185.794: Application time: 0.0414280 seconds
185.795: [GC [PSYoungGen: 49072K->4608K(49152K)] 107889K->63425K(160256K), 0.0016990 secs] [Times: user=0.01 sys=0.00, real=0.00 secs] 
185.797: Total time for which application threads were stopped: 0.0032700 seconds, Stopping threads took: 0.0014810 seconds
185.836: Application time: 0.0391710 seconds
185.839: [GC [PSYoungGen: 47104K->6528K(49152K)] 105921K->65345K(160256K), 0.0021070 secs] [Times: user=0.01 sys=0.00, real=0.00 secs] 
185.841: Total time for which application threads were stopped: 0.0046350 seconds, Stopping threads took: 0.0024530 seconds
185.879: Application time: 0.0380080 seconds
185.881: [GC [PSYoungGen: 49024K->6656K(49152K)] 107841K->66193K(160256K), 0.0022840 secs] [Times: user=0.02 sys=0.00, real=0.00 secs] 
185.883: Total time for which application threads were stopped: 0.0044790 seconds, Stopping threads took: 0.0020800 seconds
185.922: Application time: 0.0387560 seconds
185.925: [GC [PSYoungGen: 49152K->6064K(49152K)] 108689K->65602K(160256K), 0.0019240 secs] [Times: user=0.01 sys=0.00, real=0.01 secs] 
185.927: Total time for which application threads were stopped: 0.0044910 seconds, Stopping threads took: 0.0024890 seconds
185.966: Application time: 0.0396880 seconds
185.968: [GC [PSYoungGen: 48560K->6160K(49152K)] 108098K->65714K(160256K), 0.0018370 secs] [Times: user=0.02 sys=0.00, real=0.00 secs] 
185.970: Total time for which application threads were stopped: 0.0034600 seconds, Stopping threads took: 0.0015380 seconds
186.010: Application time: 0.0400410 seconds
186.011: [GC [PSYoungGen: 48656K->5872K(49152K)] 108210K->65434K(160256K), 0.0018610 secs] [Times: user=0.01 sys=0.00, real=0.00 secs] 
186.013: Total time for which application threads were stopped: 0.0032520 seconds, Stopping threads took: 0.0013040 seconds
186.054: Application time: 0.0405610 seconds
186.055: [GC [PSYoungGen: 48368K->5728K(49152K)] 107930K->65297K(160256K), 0.0017440 secs] [Times: user=0.02 sys=0.00, real=0.00 secs] 
186.057: Total time for which application threads were stopped: 0.0033180 seconds, Stopping threads took: 0.0014960 seconds
186.095: Application time: 0.0380160 seconds
186.098: [GC [PSYoungGen: 48224K->6096K(49152K)] 107793K->65674K(160256K), 0.0019340 secs] [Times: user=0.01 sys=0.00, real=0.01 secs] 
186.100: Total time for which application threads were stopped: 0.0047770 seconds, Stopping threads took: 0.0027700 seconds
186.140: Application time: 0.0400500 seconds
186.142: [GC [PSYoungGen: 48592K->6384K(49152K)] 108170K->65962K(160256K), 0.0019000 secs] [Times: user=0.01 sys=0.00, real=0.00 secs] 
186.144: Total time for which application threads were stopped: 0.0041640 seconds, Stopping threads took: 0.0021800 seconds
186.183: Application time: 0.0390000 seconds
186.185: [GC [PSYoungGen: 48880K->6336K(49152K)] 108458K->65921K(160256K), 0.0019630 secs] [Times: user=0.01 sys=0.00, real=0.01 secs] 
186.187: Total time for which application threads were stopped: 0.0036320 seconds, Stopping threads took: 0.0015900 seconds
186.227: Application time: 0.0400140 seconds
186.229: [GC [PSYoungGen: 48832K->6192K(49152K)] 108417K->65786K(160256K), 0.0018050 secs] [Times: user=0.01 sys=0.00, real=0.00 secs] 
186.231: Total time for which application threads were stopped: 0.0039200 seconds, Stopping threads took: 0.0020360 seconds
186.269: Application time: 0.0384210 seconds
186.270: [GC [PSYoungGen: 48688K->6656K(49152K)] 108282K->66457K(160256K), 0.0020350 secs] [Times: user=0.01 sys=0.00, real=0.00 secs] 
186.273: Total time for which application threads were stopped: 0.0034830 seconds, Stopping threads took: 0.0013640 seconds
186.310: Application time: 0.0379320 seconds
186.312: [GC [PSYoungGen: 49152K->6528K(49152K)] 108953K->66330K(160256K), 0.0019950 secs] [Times: user=0.01 sys=0.00, real=0.00 secs] 
186.314: Total time for which application threads were stopped: 0.0032920 seconds, Stopping threads took: 0.0012170 seconds
186.351: Application time: 0.0377210 seconds
186.354: [GC [PSYoungGen: 49024K->6480K(49152K)] 108826K->66282K(160256K), 0.0019340 secs] [Times: user=0.01 sys=0.00, real=0.00 secs] 
186.356: Total time for which application threads were stopped: 0.0047300 seconds, Stopping threads took: 0.0027100 seconds
186.396: Application time: 0.0396960 seconds
186.400: [GC [PSYoungGen: 48976K->6208K(49152K)] 108778K->66010K(160256K), 0.0019080 secs] [Times: user=0.01 sys=0.00, real=0.00 secs] 
186.402: Total time for which application threads were stopped: 0.0059700 seconds, Stopping threads took: 0.0039770 seconds
186.442: Application time: 0.0397290 seconds
186.443: [GC [PSYoungGen: 48704K->5536K(49152K)] 108506K->65346K(160256K), 0.0017000 secs] [Times: user=0.01 sys=0.00, real=0.00 secs] 
186.445: Total time for which application threads were stopped: 0.0034760 seconds, Stopping threads took: 0.0017060 seconds
186.483: Application time: 0.0379840 seconds
186.485: [GC [PSYoungGen: 48032K->6032K(49152K)] 107842K->65850K(160256K), 0.0018080 secs] [Times: user=0.01 sys=0.00, real=0.00 secs] 
186.486: Total time for which application threads were stopped: 0.0032980 seconds, Stopping threads took: 0.0014120 seconds
186.526: Application time: 0.0399690 seconds
186.529: [GC [PSYoungGen: 48528K->5408K(49152K)] 108346K->65234K(160256K), 0.0016600 secs] [Times: user=0.01 sys=0.00, real=0.00 secs] 
186.531: Total time for which application threads were stopped: 0.0041940 seconds, Stopping threads took: 0.0024410 seconds
186.570: Application time: 0.0395720 seconds
186.572: [GC [PSYoungGen: 47904K->6000K(49152K)] 107730K->65842K(160256K), 0.0017790 secs] [Times: user=0.01 sys=0.00, real=0.00 secs] 
186.574: Total time for which application threads were stopped: 0.0034140 seconds, Stopping threads took: 0.0015550 seconds
186.613: Application time: 0.0390670 seconds
186.614: [GC [PSYoungGen: 48496K->6176K(49152K)] 108338K->66018K(160256K), 0.0039640 secs] [Times: user=0.02 sys=0.00, real=0.00 secs] 
186.618: Total time for which application threads were stopped: 0.0055690 seconds, Stopping threads took: 0.0015180 seconds
186.656: Application time: 0.0378460 seconds
186.659: [GC [PSYoungGen: 48672K->6656K(49152K)] 108514K->67265K(160256K), 0.0022260 secs] [Times: user=0.02 sys=0.00, real=0.00 secs] 
186.661: Total time for which application threads were stopped: 0.0053220 seconds, Stopping threads took: 0.0030100 seconds
186.699: Application time: 0.0372380 seconds
186.700: [GC [PSYoungGen: 49152K->6656K(49152K)] 109761K->68274K(160256K), 0.0023220 secs] [Times: user=0.02 sys=0.00, real=0.00 secs] 
186.702: Total time for which application threads were stopped: 0.0036120 seconds, Stopping threads took: 0.0012060 seconds
186.742: Application time: 0.0393680 seconds
186.743: [GC [PSYoungGen: 49152K->6656K(49152K)] 110770K->68522K(160256K), 0.0021190 secs] [Times: user=0.02 sys=0.00, real=0.00 secs] 
186.746: Total time for which application threads were stopped: 0.0039590 seconds, Stopping threads took: 0.0017640 seconds
186.783: Application time: 0.0379400 seconds
186.785: [GC [PSYoungGen: 49152K->6656K(49152K)] 111018K->69218K(160256K), 0.0022450 secs] [Times: user=0.02 sys=0.00, real=0.01 secs] 
186.788: Total time for which application threads were stopped: 0.0042850 seconds, Stopping threads took: 0.0019590 seconds
186.826: Application time: 0.0384610 seconds
186.829: [GC [PSYoungGen: 49152K->6656K(49152K)] 111714K->69338K(160256K), 0.0020440 secs] [Times: user=0.02 sys=0.00, real=0.00 secs] 
186.831: Total time for which application threads were stopped: 0.0050900 seconds, Stopping threads took: 0.0029650 seconds
186.870: Application time: 0.0390980 seconds
186.872: [GC [PSYoungGen: 49152K->6128K(49152K)] 111834K->68810K(160256K), 0.0018290 secs] [Times: user=0.01 sys=0.00, real=0.00 secs] 
186.874: Total time for which application threads were stopped: 0.0034240 seconds, Stopping threads took: 0.0015150 seconds
186.912: Application time: 0.0385220 seconds
186.914: [GC [PSYoungGen: 48624K->6496K(49152K)] 111306K->69178K(160256K), 0.0019440 secs] [Times: user=0.01 sys=0.00, real=0.00 secs] 
186.916: Total time for which application threads were stopped: 0.0034650 seconds, Stopping threads took: 0.0014280 seconds
186.955: Application time: 0.0387220 seconds
186.956: [GC [PSYoungGen: 48992K->5568K(49152K)] 111674K->68266K(160256K), 0.0016720 secs] [Times: user=0.01 sys=0.00, real=0.00 secs] 
186.958: Total time for which application threads were stopped: 0.0031520 seconds, Stopping threads took: 0.0014000 seconds
186.997: Application time: 0.0390880 seconds
186.998: [GC [PSYoungGen: 48064K->5376K(49152K)] 110762K->68074K(160256K), 0.0016910 secs] [Times: user=0.01 sys=0.00, real=0.01 secs] 
187.000: Total time for which application threads were stopped: 0.0032170 seconds, Stopping threads took: 0.0014500 seconds
187.040: Application time: 0.0398480 seconds
187.041: [GC [PSYoungGen: 47872K->5872K(49152K)] 110570K->68578K(160256K), 0.0018000 secs] [Times: user=0.02 sys=0.00, real=0.00 secs] 
187.043: Total time for which application threads were stopped: 0.0033580 seconds, Stopping threads took: 0.0014800 seconds
187.083: Application time: 0.0394460 seconds
187.084: [GC [PSYoungGen: 48368K->6240K(49152K)] 111074K->68954K(160256K), 0.0019220 secs] [Times: user=0.01 sys=0.00, real=0.00 secs] 
187.086: Total time for which application threads were stopped: 0.0035550 seconds, Stopping threads took: 0.0015530 seconds
187.126: Application time: 0.0401570 seconds
187.128: [GC [PSYoungGen: 48736K->6128K(49152K)] 111450K->68842K(160256K), 0.0018580 secs] [Times: user=0.02 sys=0.00, real=0.00 secs] 
187.130: Total time for which application threads were stopped: 0.0033900 seconds, Stopping threads took: 0.0014570 seconds
187.171: Application time: 0.0407070 seconds
187.172: [GC [PSYoungGen: 48624K->6064K(49152K)] 111338K->68786K(160256K), 0.0018160 secs] [Times: user=0.01 sys=0.00, real=0.00 secs] 
187.174: Total time for which application threads were stopped: 0.0033320 seconds, Stopping threads took: 0.0014310 seconds
187.214: Application time: 0.0399260 seconds
187.216: [GC [PSYoungGen: 48560K->6656K(49152K)] 111282K->70674K(160256K), 0.0023260 secs] [Times: user=0.01 sys=0.00, real=0.01 secs] 
187.219: Total time for which application threads were stopped: 0.0049510 seconds, Stopping threads took: 0.0025420 seconds
187.257: Application time: 0.0379890 seconds
187.258: [GC [PSYoungGen: 49152K->6640K(49152K)] 113170K->71618K(160256K), 0.0022470 secs] [Times: user=0.02 sys=0.00, real=0.01 secs] 
187.261: Total time for which application threads were stopped: 0.0038060 seconds, Stopping threads took: 0.0014750 seconds
187.299: Application time: 0.0388220 seconds
187.302: [GC [PSYoungGen: 49136K->6496K(49152K)] 114114K->71482K(160256K), 0.0019670 secs] [Times: user=0.01 sys=0.00, real=0.00 secs] 
187.304: Total time for which application threads were stopped: 0.0045620 seconds, Stopping threads took: 0.0025170 seconds
187.342: Application time: 0.0376620 seconds
187.344: [GC [PSYoungGen: 48992K->6640K(49152K)] 113978K->72266K(160256K), 0.0020890 secs] [Times: user=0.02 sys=0.00, real=0.00 secs] 
187.346: Total time for which application threads were stopped: 0.0043560 seconds, Stopping threads took: 0.0021880 seconds
187.384: Application time: 0.0382210 seconds
187.386: [GC [PSYoungGen: 49136K->6656K(49152K)] 114762K->73146K(160256K), 0.0022770 secs] [Times: user=0.01 sys=0.01, real=0.01 secs] 
187.389: Total time for which application threads were stopped: 0.0044700 seconds, Stopping threads took: 0.0021080 seconds
187.428: Application time: 0.0388870 seconds
187.430: [GC [PSYoungGen: 49152K->6656K(49152K)] 115642K->73234K(160256K), 0.0019530 secs] [Times: user=0.02 sys=0.00, real=0.00 secs] 
187.432: Total time for which application threads were stopped: 0.0046810 seconds, Stopping threads took: 0.0026380 seconds
187.472: Application time: 0.0399660 seconds
187.473: [GC [PSYoungGen: 49152K->6640K(49152K)] 115730K->73226K(160256K), 0.0020660 secs] [Times: user=0.01 sys=0.00, real=0.00 secs] 
187.475: Total time for which application threads were stopped: 0.0031110 seconds, Stopping threads took: 0.0009600 seconds
187.513: Application time: 0.0373810 seconds
187.514: [GC [PSYoungGen: 49136K->6368K(49152K)] 115722K->72954K(160256K), 0.0019790 secs] [Times: user=0.01 sys=0.00, real=0.00 secs] 
187.516: Total time for which application threads were stopped: 0.0030800 seconds, Stopping threads took: 0.0010210 seconds
187.555: Application time: 0.0388820 seconds
187.556: [GC [PSYoungGen: 48864K->6432K(49152K)] 115450K->73026K(160256K), 0.0019630 secs] [Times: user=0.01 sys=0.00, real=0.00 secs] 
187.558: Total time for which application threads were stopped: 0.0036650 seconds, Stopping threads took: 0.0016190 seconds
187.602: Application time: 0.0435190 seconds
187.606: [GC [PSYoungGen: 48928K->5888K(49152K)] 115522K->72482K(160256K), 0.0018410 secs] [Times: user=0.01 sys=0.00, real=0.01 secs] 
187.608: Total time for which application threads were stopped: 0.0060370 seconds, Stopping threads took: 0.0041170 seconds
187.650: Application time: 0.0420550 seconds
187.653: [GC [PSYoungGen: 48384K->6640K(49152K)] 114978K->73290K(160256K), 0.0021330 secs] [Times: user=0.01 sys=0.00, real=0.00 secs] 
187.655: Total time for which application threads were stopped: 0.0053440 seconds, Stopping threads took: 0.0031030 seconds
187.696: Application time: 0.0407480 seconds
187.697: [GC [PSYoungGen: 49136K->6160K(49152K)] 115786K->72818K(160256K), 0.0019530 secs] [Times: user=0.02 sys=0.00, real=0.01 secs] 
187.699: Total time for which application threads were stopped: 0.0031540 seconds, Stopping threads took: 0.0011120 seconds
187.740: Application time: 0.0412950 seconds
187.742: [GC [PSYoungGen: 48656K->6624K(49152K)] 115314K->73594K(160256K), 0.0021440 secs] [Times: user=0.02 sys=0.00, real=0.00 secs] 
187.744: Total time for which application threads were stopped: 0.0038940 seconds, Stopping threads took: 0.0016610 seconds
187.785: Application time: 0.0408910 seconds
187.788: [GC [PSYoungGen: 49120K->6592K(49152K)] 116090K->73570K(160256K), 0.0020500 secs] [Times: user=0.02 sys=0.00, real=0.00 secs] 
187.790: Total time for which application threads were stopped: 0.0047950 seconds, Stopping threads took: 0.0026610 seconds
187.831: Application time: 0.0404580 seconds
187.832: [GC [PSYoungGen: 49088K->6640K(49152K)] 116066K->74434K(160256K), 0.0022320 secs] [Times: user=0.01 sys=0.00, real=0.00 secs] 
187.834: Total time for which application threads were stopped: 0.0039200 seconds, Stopping threads took: 0.0016030 seconds
187.875: Application time: 0.0402700 seconds
187.878: [GC [PSYoungGen: 49136K->6656K(49152K)] 116930K->75138K(160256K), 0.0022820 secs] [Times: user=0.02 sys=0.00, real=0.01 secs] 
187.880: Total time for which application threads were stopped: 0.0052030 seconds, Stopping threads took: 0.0028290 seconds
187.922: Application time: 0.0419110 seconds
187.924: [GC [PSYoungGen: 49152K->6640K(49152K)] 117634K->75690K(160256K), 0.0021250 secs] [Times: user=0.02 sys=0.00, real=0.00 secs] 
187.926: Total time for which application threads were stopped: 0.0043670 seconds, Stopping threads took: 0.0021600 seconds
187.967: Application time: 0.0412030 seconds
187.970: [GC [PSYoungGen: 49136K->6640K(49152K)] 118186K->76130K(160256K), 0.0021250 secs] [Times: user=0.01 sys=0.00, real=0.00 secs] 
187.972: Total time for which application threads were stopped: 0.0044200 seconds, Stopping threads took: 0.0022030 seconds
188.013: Application time: 0.0410780 seconds
188.014: [GC [PSYoungGen: 49136K->6624K(49152K)] 118626K->76426K(160256K), 0.0020590 secs] [Times: user=0.02 sys=0.00, real=0.00 secs] 
188.016: Total time for which application threads were stopped: 0.0033350 seconds, Stopping threads took: 0.0011970 seconds
188.061: Application time: 0.0444340 seconds
188.063: [GC [PSYoungGen: 49120K->6656K(49152K)] 118922K->77530K(160256K), 0.0022990 secs] [Times: user=0.01 sys=0.00, real=0.00 secs] 
188.065: Total time for which application threads were stopped: 0.0044780 seconds, Stopping threads took: 0.0020960 seconds
188.105: Application time: 0.0400470 seconds
188.107: [GC [PSYoungGen: 49152K->6624K(49152K)] 120026K->77998K(160256K), 0.0022150 secs] [Times: user=0.01 sys=0.00, real=0.00 secs] 
188.110: Total time for which application threads were stopped: 0.0044490 seconds, Stopping threads took: 0.0021560 seconds
188.153: Application time: 0.0433340 seconds
188.155: [GC [PSYoungGen: 49120K->6112K(49152K)] 120494K->77502K(160256K), 0.0019180 secs] [Times: user=0.01 sys=0.00, real=0.00 secs] 
188.157: Total time for which application threads were stopped: 0.0036520 seconds, Stopping threads took: 0.0016510 seconds
188.198: Application time: 0.0415170 seconds
188.200: [GC [PSYoungGen: 48608K->5648K(49152K)] 119998K->77038K(160256K), 0.0017820 secs] [Times: user=0.01 sys=0.00, real=0.00 secs] 
188.201: Total time for which application threads were stopped: 0.0033100 seconds, Stopping threads took: 0.0014440 seconds
188.241: Application time: 0.0397200 seconds
188.243: [GC [PSYoungGen: 48144K->6512K(49152K)] 119534K->77918K(160256K), 0.0020560 secs] [Times: user=0.01 sys=0.00, real=0.00 secs] 
188.245: Total time for which application threads were stopped: 0.0040910 seconds, Stopping threads took: 0.0019460 seconds
188.287: Application time: 0.0418870 seconds
188.290: [GC [PSYoungGen: 49008K->6624K(49152K)] 120414K->78626K(160256K), 0.0022010 secs] [Times: user=0.01 sys=0.00, real=0.00 secs] 
188.292: Total time for which application threads were stopped: 0.0051190 seconds, Stopping threads took: 0.0028320 seconds
188.333: Application time: 0.0404250 seconds
188.335: [GC [PSYoungGen: 49120K->6128K(49152K)] 121122K->78138K(160256K), 0.0021180 secs] [Times: user=0.02 sys=0.00, real=0.00 secs] 
188.337: Total time for which application threads were stopped: 0.0042500 seconds, Stopping threads took: 0.0020470 seconds
188.377: Application time: 0.0396720 seconds
188.379: [GC [PSYoungGen: 48624K->6640K(49152K)] 120634K->79010K(160256K), 0.0021430 secs] [Times: user=0.02 sys=0.00, real=0.00 secs] 
188.381: Total time for which application threads were stopped: 0.0047460 seconds, Stopping threads took: 0.0025170 seconds
188.421: Application time: 0.0401050 seconds
188.423: [GC [PSYoungGen: 49136K->6656K(49152K)] 121506K->79194K(160256K), 0.0020910 secs] [Times: user=0.02 sys=0.00, real=0.00 secs] 
188.426: Total time for which application threads were stopped: 0.0041290 seconds, Stopping threads took: 0.0019530 seconds
188.467: Application time: 0.0414160 seconds
188.469: [GC [PSYoungGen: 49152K->6208K(49152K)] 121690K->78746K(160256K), 0.0020320 secs] [Times: user=0.02 sys=0.00, real=0.00 secs] 
188.471: Total time for which application threads were stopped: 0.0038570 seconds, Stopping threads took: 0.0017430 seconds
188.511: Application time: 0.0399670 seconds
188.513: [GC [PSYoungGen: 48704K->6032K(49152K)] 121242K->78570K(160256K), 0.0018450 secs] [Times: user=0.01 sys=0.01, real=0.00 secs] 
188.515: Total time for which application threads were stopped: 0.0037100 seconds, Stopping threads took: 0.0017720 seconds
188.556: Application time: 0.0417510 seconds
188.559: [GC [PSYoungGen: 48528K->6016K(49152K)] 121066K->78570K(160256K), 0.0018590 secs] [Times: user=0.01 sys=0.00, real=0.00 secs] 
188.560: Total time for which application threads were stopped: 0.0041450 seconds, Stopping threads took: 0.0022020 seconds
188.602: Application time: 0.0413680 seconds
188.605: [GC [PSYoungGen: 48512K->5600K(49152K)] 121066K->78170K(160256K), 0.0018550 secs] [Times: user=0.01 sys=0.00, real=0.00 secs] 
188.606: Total time for which application threads were stopped: 0.0045700 seconds, Stopping threads took: 0.0026340 seconds
188.647: Application time: 0.0406880 seconds
188.650: [GC [PSYoungGen: 48096K->6384K(49152K)] 120666K->78970K(160256K), 0.0018940 secs] [Times: user=0.01 sys=0.00, real=0.00 secs] 
188.652: Total time for which application threads were stopped: 0.0049750 seconds, Stopping threads took: 0.0029980 seconds
188.694: Application time: 0.0422140 seconds
188.695: [GC [PSYoungGen: 48880K->6144K(49152K)] 121466K->78746K(160256K), 0.0019560 secs] [Times: user=0.01 sys=0.00, real=0.00 secs] 
188.697: Total time for which application threads were stopped: 0.0031560 seconds, Stopping threads took: 0.0011240 seconds
188.740: Application time: 0.0426510 seconds
188.742: [GC [PSYoungGen: 48640K->5056K(49152K)] 121242K->77658K(160256K), 0.0015740 secs] [Times: user=0.01 sys=0.00, real=0.00 secs] 
188.743: Total time for which application threads were stopped: 0.0030930 seconds, Stopping threads took: 0.0014460 seconds
188.785: Application time: 0.0415520 seconds
188.786: [GC [PSYoungGen: 47552K->6640K(49152K)] 120154K->79450K(160256K), 0.0021260 secs] [Times: user=0.01 sys=0.00, real=0.01 secs] 
188.788: Total time for which application threads were stopped: 0.0036920 seconds, Stopping threads took: 0.0014750 seconds
188.829: Application time: 0.0406230 seconds
188.831: [GC [PSYoungGen: 49136K->6640K(49152K)] 121946K->80467K(160256K), 0.0024680 secs] [Times: user=0.02 sys=0.00, real=0.00 secs] 
188.834: Total time for which application threads were stopped: 0.0046790 seconds, Stopping threads took: 0.0021230 seconds
188.875: Application time: 0.0411410 seconds
188.877: [GC [PSYoungGen: 49136K->6576K(49152K)] 122963K->80403K(160256K), 0.0019900 secs] [Times: user=0.01 sys=0.00, real=0.01 secs] 
188.879: Total time for which application threads were stopped: 0.0038400 seconds, Stopping threads took: 0.0017680 seconds
188.919: Application time: 0.0402940 seconds
188.921: [GC [PSYoungGen: 49072K->5600K(49152K)] 122899K->79435K(160256K), 0.0017160 secs] [Times: user=0.01 sys=0.00, real=0.00 secs] 
188.923: Total time for which application threads were stopped: 0.0036950 seconds, Stopping threads took: 0.0018860 seconds
188.965: Application time: 0.0418320 seconds
188.967: [GC [PSYoungGen: 48096K->6512K(49152K)] 121931K->80363K(160256K), 0.0019900 secs] [Times: user=0.01 sys=0.00, real=0.00 secs] 
188.969: Total time for which application threads were stopped: 0.0044540 seconds, Stopping threads took: 0.0023770 seconds
189.009: Application time: 0.0402480 seconds
189.012: [GC [PSYoungGen: 49008K->6656K(49152K)] 122859K->81171K(160256K), 0.0023150 secs] [Times: user=0.01 sys=0.00, real=0.00 secs] 
189.014: Total time for which application threads were stopped: 0.0050310 seconds, Stopping threads took: 0.0026310 seconds
189.055: Application time: 0.0403200 seconds
189.058: [GC [PSYoungGen: 49152K->6560K(49152K)] 123667K->81075K(160256K), 0.0019900 secs] [Times: user=0.01 sys=0.00, real=0.01 secs] 
189.060: Total time for which application threads were stopped: 0.0052060 seconds, Stopping threads took: 0.0031240 seconds
189.100: Application time: 0.0397340 seconds
189.102: [GC [PSYoungGen: 49056K->6528K(49152K)] 123571K->81059K(160256K), 0.0020890 secs] [Times: user=0.01 sys=0.00, real=0.00 secs] 
189.105: Total time for which application threads were stopped: 0.0049990 seconds, Stopping threads took: 0.0028220 seconds
189.147: Application time: 0.0422950 seconds
189.149: [GC [PSYoungGen: 49024K->5856K(49152K)] 123555K->80387K(160256K), 0.0017720 secs] [Times: user=0.01 sys=0.00, real=0.00 secs] 
189.150: Total time for which application threads were stopped: 0.0034810 seconds, Stopping threads took: 0.0016320 seconds
189.192: Application time: 0.0411360 seconds
189.195: [GC [PSYoungGen: 48352K->6640K(49152K)] 122883K->81195K(160256K), 0.0020790 secs] [Times: user=0.01 sys=0.01, real=0.00 secs] 
189.197: Total time for which application threads were stopped: 0.0051310 seconds, Stopping threads took: 0.0029630 seconds
189.237: Application time: 0.0399620 seconds
189.238: [GC [PSYoungGen: 49136K->5392K(49152K)] 123691K->79963K(160256K), 0.0016820 secs] [Times: user=0.01 sys=0.00, real=0.01 secs] 
189.240: Total time for which application threads were stopped: 0.0030170 seconds, Stopping threads took: 0.0012530 seconds
189.280: Application time: 0.0403820 seconds
189.282: [GC [PSYoungGen: 47888K->6400K(49152K)] 122459K->80971K(160256K), 0.0019580 secs] [Times: user=0.01 sys=0.00, real=0.00 secs] 
189.284: Total time for which application threads were stopped: 0.0043630 seconds, Stopping threads took: 0.0023190 seconds
189.325: Application time: 0.0410110 seconds
189.328: [GC [PSYoungGen: 48894K->6416K(49152K)] 123465K->81003K(160256K), 0.0019650 secs] [Times: user=0.02 sys=0.00, real=0.00 secs] 
189.330: Total time for which application threads were stopped: 0.0047870 seconds, Stopping threads took: 0.0027380 seconds
189.369: Application time: 0.0390360 seconds
189.371: [GC [PSYoungGen: 48912K->6640K(49152K)] 123499K->81539K(160256K), 0.0021280 secs] [Times: user=0.01 sys=0.00, real=0.00 secs] 
189.374: Total time for which application threads were stopped: 0.0043990 seconds, Stopping threads took: 0.0021860 seconds
189.413: Application time: 0.0394890 seconds
189.415: [GC [PSYoungGen: 49136K->6624K(49152K)] 124035K->82699K(160256K), 0.0023880 secs] [Times: user=0.02 sys=0.00, real=0.00 secs] 
189.418: Total time for which application threads were stopped: 0.0047950 seconds, Stopping threads took: 0.0023140 seconds
189.461: Application time: 0.0427180 seconds
189.463: [GC [PSYoungGen: 49120K->6640K(49152K)] 125195K->83667K(160256K), 0.0026460 secs] [Times: user=0.02 sys=0.00, real=0.00 secs] 
189.466: Total time for which application threads were stopped: 0.0054780 seconds, Stopping threads took: 0.0027390 seconds
189.507: Application time: 0.0408780 seconds
189.509: [GC [PSYoungGen: 49136K->6432K(49152K)] 126163K->83467K(160256K), 0.0019320 secs] [Times: user=0.01 sys=0.00, real=0.00 secs] 
189.511: Total time for which application threads were stopped: 0.0040160 seconds, Stopping threads took: 0.0019990 seconds
189.552: Application time: 0.0410930 seconds
189.554: [GC [PSYoungGen: 48928K->6400K(49152K)] 125963K->83435K(160256K), 0.0019840 secs] [Times: user=0.01 sys=0.00, real=0.00 secs] 
189.556: Total time for which application threads were stopped: 0.0035640 seconds, Stopping threads took: 0.0014940 seconds
189.596: Application time: 0.0405130 seconds
189.598: [GC [PSYoungGen: 48896K->5744K(49152K)] 125931K->82779K(160256K), 0.0018520 secs] [Times: user=0.02 sys=0.00, real=0.01 secs] 
189.600: Total time for which application threads were stopped: 0.0036680 seconds, Stopping threads took: 0.0017240 seconds
189.640: Application time: 0.0401030 seconds
189.641: [GC [PSYoungGen: 48240K->6640K(49152K)] 125275K->84203K(160256K), 0.0022330 secs] [Times: user=0.01 sys=0.00, real=0.00 secs] 
189.644: Total time for which application threads were stopped: 0.0036520 seconds, Stopping threads took: 0.0013320 seconds
189.684: Application time: 0.0406360 seconds
189.687: [GC [PSYoungGen: 49134K->6624K(49152K)] 126697K->85507K(160256K), 0.0024210 secs] [Times: user=0.02 sys=0.00, real=0.00 secs] 
189.690: Total time for which application threads were stopped: 0.0053250 seconds, Stopping threads took: 0.0028110 seconds
189.731: Application time: 0.0411990 seconds
189.733: [GC [PSYoungGen: 49120K->6656K(49152K)] 128003K->86867K(160256K), 0.0024440 secs] [Times: user=0.02 sys=0.00, real=0.00 secs] 
189.736: Total time for which application threads were stopped: 0.0049430 seconds, Stopping threads took: 0.0024140 seconds
189.776: Application time: 0.0397900 seconds
189.777: [GC [PSYoungGen: 49152K->6640K(49152K)] 129363K->87803K(160256K), 0.0023820 secs] [Times: user=0.01 sys=0.00, real=0.01 secs] 
189.780: Total time for which application threads were stopped: 0.0042860 seconds, Stopping threads took: 0.0018170 seconds
189.821: Application time: 0.0415300 seconds
189.823: [GC [PSYoungGen: 49136K->5552K(49152K)] 130299K->86715K(160256K), 0.0017490 secs] [Times: user=0.01 sys=0.00, real=0.00 secs] 
189.825: Total time for which application threads were stopped: 0.0038800 seconds, Stopping threads took: 0.0020410 seconds
189.866: Application time: 0.0405280 seconds
189.869: [GC [PSYoungGen: 48048K->6512K(49152K)] 129211K->87675K(160256K), 0.0019120 secs] [Times: user=0.01 sys=0.00, real=0.00 secs] 
189.871: Total time for which application threads were stopped: 0.0050840 seconds, Stopping threads took: 0.0030840 seconds
189.911: Application time: 0.0399700 seconds
189.914: [GC [PSYoungGen: 49008K->6656K(49152K)] 130171K->88427K(160256K), 0.0023140 secs] [Times: user=0.02 sys=0.00, real=0.00 secs] 
189.916: Total time for which application threads were stopped: 0.0053170 seconds, Stopping threads took: 0.0029140 seconds
189.958: Application time: 0.0414200 seconds
189.960: [GC [PSYoungGen: 49152K->5296K(49152K)] 130923K->87067K(160256K), 0.0016890 secs] [Times: user=0.01 sys=0.00, real=0.00 secs] 
189.961: Total time for which application threads were stopped: 0.0038640 seconds, Stopping threads took: 0.0020980 seconds
190.001: Application time: 0.0398270 seconds
190.003: [GC [PSYoungGen: 47792K->6624K(49152K)] 129563K->89083K(160256K), 0.0023070 secs] [Times: user=0.01 sys=0.00, real=0.00 secs] 
190.005: Total time for which application threads were stopped: 0.0038020 seconds, Stopping threads took: 0.0014130 seconds
190.045: Application time: 0.0402490 seconds
190.046: [GC [PSYoungGen: 49120K->6304K(49152K)] 131579K->88771K(160256K), 0.0018850 secs] [Times: user=0.01 sys=0.00, real=0.01 secs] 
190.048: Total time for which application threads were stopped: 0.0030180 seconds, Stopping threads took: 0.0010480 seconds
190.088: Application time: 0.0394810 seconds
190.090: [GC [PSYoungGen: 48800K->6112K(49152K)] 131267K->88579K(160256K), 0.0018890 secs] [Times: user=0.01 sys=0.00, real=0.00 secs] 
190.091: Total time for which application threads were stopped: 0.0036460 seconds, Stopping threads took: 0.0016750 seconds
190.131: Application time: 0.0396610 seconds
190.133: [GC [PSYoungGen: 48608K->6656K(49152K)] 131075K->90547K(160256K), 0.0025570 secs] [Times: user=0.02 sys=0.00, real=0.00 secs] 
190.136: Total time for which application threads were stopped: 0.0045180 seconds, Stopping threads took: 0.0018570 seconds
190.177: Application time: 0.0411020 seconds
190.180: [GC [PSYoungGen: 49152K->6656K(49152K)] 133043K->91687K(160256K), 0.0023600 secs] [Times: user=0.01 sys=0.00, real=0.00 secs] 
190.182: Total time for which application threads were stopped: 0.0053950 seconds, Stopping threads took: 0.0029490 seconds
190.223: Application time: 0.0411130 seconds
190.226: [GC [PSYoungGen: 49152K->6656K(49152K)] 134183K->92167K(160256K), 0.0021110 secs] [Times: user=0.01 sys=0.00, real=0.01 secs] 
190.228: Total time for which application threads were stopped: 0.0045590 seconds, Stopping threads took: 0.0023700 seconds
190.271: Application time: 0.0428070 seconds
190.273: [GC [PSYoungGen: 49152K->6656K(49152K)] 134663K->92167K(160256K), 0.0020960 secs] [Times: user=0.01 sys=0.00, real=0.00 secs] 
190.275: Total time for which application threads were stopped: 0.0044930 seconds, Stopping threads took: 0.0023190 seconds
190.316: Application time: 0.0410030 seconds
190.319: [GC [PSYoungGen: 49152K->6624K(49152K)] 134663K->92407K(160256K), 0.0021300 secs] [Times: user=0.02 sys=0.00, real=0.00 secs] 
190.321: Total time for which application threads were stopped: 0.0049820 seconds, Stopping threads took: 0.0027660 seconds
190.364: Application time: 0.0425300 seconds
190.365: [GC [PSYoungGen: 49120K->4800K(49152K)] 134903K->90591K(160256K), 0.0015770 secs] [Times: user=0.00 sys=0.00, real=0.01 secs] 
190.367: Total time for which application threads were stopped: 0.0031660 seconds, Stopping threads took: 0.0014940 seconds
190.406: Application time: 0.0388500 seconds
190.408: [GC [PSYoungGen: 47296K->6640K(49152K)] 133087K->92783K(160256K), 0.0022370 secs] [Times: user=0.02 sys=0.00, real=0.00 secs] 
190.410: Total time for which application threads were stopped: 0.0043580 seconds, Stopping threads took: 0.0020330 seconds
190.452: Application time: 0.0417720 seconds
190.453: [GC [PSYoungGen: 49136K->5888K(49152K)] 135279K->92039K(160256K), 0.0024940 secs] [Times: user=0.02 sys=0.00, real=0.00 secs] 
190.456: Total time for which application threads were stopped: 0.0040970 seconds, Stopping threads took: 0.0015280 seconds
190.501: Application time: 0.0447450 seconds
190.503: [GC [PSYoungGen: 48384K->4944K(49152K)] 134535K->91095K(160256K), 0.0015930 secs] [Times: user=0.02 sys=0.00, real=0.00 secs] 
190.504: Total time for which application threads were stopped: 0.0036450 seconds, Stopping threads took: 0.0019760 seconds
190.546: Application time: 0.0415850 seconds
190.551: [GC [PSYoungGen: 47440K->6624K(49152K)] 133591K->93991K(160256K), 0.0025230 secs] [Times: user=0.01 sys=0.00, real=0.00 secs] 
190.553: Total time for which application threads were stopped: 0.0074300 seconds, Stopping threads took: 0.0048160 seconds
190.596: Application time: 0.0428460 seconds
190.598: [GC [PSYoungGen: 49120K->6640K(49152K)] 136487K->94879K(160256K), 0.0023560 secs] [Times: user=0.01 sys=0.00, real=0.01 secs] 
190.600: Total time for which application threads were stopped: 0.0040620 seconds, Stopping threads took: 0.0016220 seconds
190.641: Application time: 0.0411900 seconds
190.644: [GC [PSYoungGen: 49136K->6384K(49152K)] 137375K->94631K(160256K), 0.0020370 secs] [Times: user=0.01 sys=0.01, real=0.00 secs] 
190.646: Total time for which application threads were stopped: 0.0043410 seconds, Stopping threads took: 0.0022140 seconds
190.687: Application time: 0.0417120 seconds
190.690: [GC [PSYoungGen: 48880K->5360K(49152K)] 137127K->93607K(160256K), 0.0017140 secs] [Times: user=0.01 sys=0.00, real=0.00 secs] 
190.691: Total time for which application threads were stopped: 0.0038800 seconds, Stopping threads took: 0.0020890 seconds
190.733: Application time: 0.0420110 seconds
190.735: [GC [PSYoungGen: 47856K->4768K(49152K)] 136103K->93023K(160256K), 0.0015740 secs] [Times: user=0.01 sys=0.00, real=0.00 secs] 
190.737: Total time for which application threads were stopped: 0.0032690 seconds, Stopping threads took: 0.0016100 seconds
190.775: Application time: 0.0385760 seconds
190.778: [GC [PSYoungGen: 47264K->6656K(49152K)] 135519K->96023K(160256K), 0.0022700 secs] [Times: user=0.01 sys=0.00, real=0.01 secs] 
190.781: Total time for which application threads were stopped: 0.0052920 seconds, Stopping threads took: 0.0029350 seconds
190.825: Application time: 0.0440600 seconds
190.827: [GC [PSYoungGen: 49152K->6592K(49152K)] 138519K->95959K(160256K), 0.0019710 secs] [Times: user=0.02 sys=0.00, real=0.00 secs] 
190.829: Total time for which application threads were stopped: 0.0041060 seconds, Stopping threads took: 0.0020620 seconds
190.873: Application time: 0.0447690 seconds
190.875: [GC [PSYoungGen: 49088K->6560K(49152K)] 138455K->95927K(160256K), 0.0020260 secs] [Times: user=0.02 sys=0.00, real=0.00 secs] 
190.877: Total time for which application threads were stopped: 0.0039130 seconds, Stopping threads took: 0.0018040 seconds
190.918: Application time: 0.0409620 seconds
190.920: [GC [PSYoungGen: 49056K->5360K(49152K)] 138423K->94727K(160256K), 0.0017560 secs] [Times: user=0.01 sys=0.00, real=0.00 secs] 
190.922: Total time for which application threads were stopped: 0.0034220 seconds, Stopping threads took: 0.0015790 seconds
190.962: Application time: 0.0397750 seconds
190.964: [GC [PSYoungGen: 47856K->6320K(49152K)] 137223K->95687K(160256K), 0.0020830 secs] [Times: user=0.02 sys=0.00, real=0.00 secs] 
190.966: Total time for which application threads were stopped: 0.0045990 seconds, Stopping threads took: 0.0024320 seconds
191.007: Application time: 0.0407400 seconds
191.009: [GC [PSYoungGen: 48816K->6224K(49152K)] 138183K->95599K(160256K), 0.0020040 secs] [Times: user=0.01 sys=0.00, real=0.00 secs] 
191.011: Total time for which application threads were stopped: 0.0041680 seconds, Stopping threads took: 0.0020770 seconds
191.051: Application time: 0.0403610 seconds
191.054: [GC [PSYoungGen: 48720K->6624K(49152K)] 138095K->96351K(160256K), 0.0022040 secs] [Times: user=0.02 sys=0.00, real=0.00 secs] 
191.056: Total time for which application threads were stopped: 0.0043740 seconds, Stopping threads took: 0.0020810 seconds
191.097: Application time: 0.0411240 seconds
191.098: [GC [PSYoungGen: 49120K->5776K(49152K)] 138847K->95503K(160256K), 0.0018210 secs] [Times: user=0.02 sys=0.00, real=0.01 secs] 
191.100: Total time for which application threads were stopped: 0.0030890 seconds, Stopping threads took: 0.0011800 seconds
191.141: Application time: 0.0411840 seconds
191.144: [GC [PSYoungGen: 48272K->6656K(49152K)] 137999K->96399K(160256K), 0.0021220 secs] [Times: user=0.02 sys=0.00, real=0.00 secs] 
191.146: Total time for which application threads were stopped: 0.0049500 seconds, Stopping threads took: 0.0027420 seconds
191.186: Application time: 0.0400910 seconds
191.188: [GC [PSYoungGen: 49152K->6624K(49152K)] 138895K->97247K(160256K), 0.0023360 secs] [Times: user=0.01 sys=0.01, real=0.00 secs] 
191.191: Total time for which application threads were stopped: 0.0044910 seconds, Stopping threads took: 0.0020560 seconds
191.231: Application time: 0.0407150 seconds
191.233: [GC [PSYoungGen: 49120K->6656K(49152K)] 139743K->97923K(160256K), 0.0023880 secs] [Times: user=0.01 sys=0.00, real=0.00 secs] 
191.236: Total time for which application threads were stopped: 0.0042450 seconds, Stopping threads took: 0.0017700 seconds
191.277: Application time: 0.0416010 seconds
191.280: [GC [PSYoungGen: 49152K->6640K(49152K)] 140419K->98219K(160256K), 0.0021990 secs] [Times: user=0.01 sys=0.00, real=0.00 secs] 
191.282: Total time for which application threads were stopped: 0.0051230 seconds, Stopping threads took: 0.0028340 seconds
191.322: Application time: 0.0396580 seconds
191.325: [GC [PSYoungGen: 49136K->6640K(49152K)] 140715K->98451K(160256K), 0.0021210 secs] [Times: user=0.02 sys=0.00, real=0.01 secs] 
191.327: Total time for which application threads were stopped: 0.0048930 seconds, Stopping threads took: 0.0026820 seconds
191.368: Application time: 0.0407000 seconds
191.369: [GC [PSYoungGen: 49136K->6256K(49152K)] 140947K->98067K(160256K), 0.0019830 secs] [Times: user=0.01 sys=0.01, real=0.00 secs] 
191.371: Total time for which application threads were stopped: 0.0031040 seconds, Stopping threads took: 0.0010390 seconds
191.415: Application time: 0.0438560 seconds
191.416: [GC [PSYoungGen: 48752K->5936K(49152K)] 140563K->97755K(160256K), 0.0019310 secs] [Times: user=0.01 sys=0.00, real=0.00 secs] 
191.418: Total time for which application threads were stopped: 0.0035730 seconds, Stopping threads took: 0.0015580 seconds
191.459: Application time: 0.0412490 seconds
191.461: [GC [PSYoungGen: 48432K->6256K(49152K)] 140251K->98083K(160256K), 0.0020990 secs] [Times: user=0.02 sys=0.00, real=0.00 secs] 
191.463: Total time for which application threads were stopped: 0.0039780 seconds, Stopping threads took: 0.0017930 seconds
191.504: Application time: 0.0409430 seconds
191.507: [GC [PSYoungGen: 48752K->6640K(49152K)] 140579K->99883K(160256K), 0.0025790 secs] [Times: user=0.02 sys=0.00, real=0.00 secs] 
191.510: Total time for which application threads were stopped: 0.0055650 seconds, Stopping threads took: 0.0028730 seconds
191.549: Application time: 0.0394660 seconds
191.551: [GC [PSYoungGen: 49136K->6624K(49152K)] 142379K->100123K(160256K), 0.0021600 secs] [Times: user=0.01 sys=0.00, real=0.00 secs] 
191.553: Total time for which application threads were stopped: 0.0039490 seconds, Stopping threads took: 0.0017070 seconds
191.589: Application time: 0.0356850 seconds
191.591: [GC [PSYoungGen: 49120K->6656K(49152K)] 142619K->101188K(160256K), 0.0024270 secs] [Times: user=0.01 sys=0.00, real=0.00 secs] 
191.594: Total time for which application threads were stopped: 0.0044870 seconds, Stopping threads took: 0.0019530 seconds
191.631: Application time: 0.0378440 seconds
191.634: [GC [PSYoungGen: 49152K->6640K(49152K)] 143684K->101228K(160256K), 0.0020780 secs] [Times: user=0.01 sys=0.00, real=0.00 secs] 
191.636: Total time for which application threads were stopped: 0.0043640 seconds, Stopping threads took: 0.0021810 seconds
191.676: Application time: 0.0403570 seconds
191.679: [GC [PSYoungGen: 49135K->6224K(49152K)] 143723K->100812K(160256K), 0.0019400 secs] [Times: user=0.01 sys=0.00, real=0.00 secs] 
191.681: Total time for which application threads were stopped: 0.0044630 seconds, Stopping threads took: 0.0024240 seconds
191.718: Application time: 0.0375540 seconds
191.720: [GC [PSYoungGen: 48720K->6128K(49152K)] 143308K->100724K(160256K), 0.0019580 secs] [Times: user=0.01 sys=0.00, real=0.00 secs] 
191.722: Total time for which application threads were stopped: 0.0034550 seconds, Stopping threads took: 0.0014080 seconds
191.759: Application time: 0.0372320 seconds
191.761: [GC [PSYoungGen: 48624K->6656K(49152K)] 143220K->102524K(160256K), 0.0024560 secs] [Times: user=0.02 sys=0.00, real=0.00 secs] 
191.764: Total time for which application threads were stopped: 0.0049610 seconds, Stopping threads took: 0.0024210 seconds
191.802: Application time: 0.0381070 seconds
191.804: [GC [PSYoungGen: 49152K->6656K(49152K)] 145020K->102564K(160256K), 0.0020460 secs] [Times: user=0.02 sys=0.00, real=0.00 secs] 
191.806: Total time for which application threads were stopped: 0.0042290 seconds, Stopping threads took: 0.0021000 seconds
191.843: Application time: 0.0372320 seconds
191.845: [GC [PSYoungGen: 49152K->6624K(49152K)] 145060K->102564K(160256K), 0.0020280 secs] [Times: user=0.01 sys=0.00, real=0.01 secs] 
191.847: Total time for which application threads were stopped: 0.0033810 seconds, Stopping threads took: 0.0012680 seconds
191.884: Application time: 0.0372630 seconds
191.885: [GC [PSYoungGen: 49120K->6656K(49152K)] 145060K->102852K(160256K), 0.0022140 secs] [Times: user=0.01 sys=0.00, real=0.01 secs] 
191.888: Total time for which application threads were stopped: 0.0035170 seconds, Stopping threads took: 0.0012200 seconds
191.926: Application time: 0.0383300 seconds
191.928: [GC [PSYoungGen: 49152K->6464K(49152K)] 145348K->102668K(160256K), 0.0019320 secs] [Times: user=0.01 sys=0.00, real=0.00 secs] 
191.930: Total time for which application threads were stopped: 0.0044560 seconds, Stopping threads took: 0.0024360 seconds
191.969: Application time: 0.0386290 seconds
191.972: [GC [PSYoungGen: 48960K->6624K(49152K)] 145164K->103036K(160256K), 0.0022100 secs] [Times: user=0.01 sys=0.00, real=0.00 secs] 
191.974: Total time for which application threads were stopped: 0.0048450 seconds, Stopping threads took: 0.0025530 seconds
192.014: Application time: 0.0402080 seconds
192.016: [GC [PSYoungGen: 49120K->5312K(49152K)] 145532K->101732K(160256K), 0.0018970 secs] [Times: user=0.01 sys=0.00, real=0.00 secs] 
192.018: Total time for which application threads were stopped: 0.0042350 seconds, Stopping threads took: 0.0022660 seconds
192.057: Application time: 0.0388340 seconds
192.060: [GC [PSYoungGen: 47808K->6592K(49152K)] 144228K->103020K(160256K), 0.0021050 secs] [Times: user=0.02 sys=0.00, real=0.00 secs] 
192.062: Total time for which application threads were stopped: 0.0048250 seconds, Stopping threads took: 0.0026340 seconds
192.100: Application time: 0.0378280 seconds
192.102: [GC [PSYoungGen: 49088K->6624K(49152K)] 145516K->103388K(160256K), 0.0021440 secs] [Times: user=0.02 sys=0.00, real=0.00 secs] 
192.105: Total time for which application threads were stopped: 0.0048140 seconds, Stopping threads took: 0.0025840 seconds
192.142: Application time: 0.0377530 seconds
192.144: [GC [PSYoungGen: 49120K->6640K(49152K)] 145884K->104068K(160256K), 0.0103080 secs] [Times: user=0.07 sys=0.00, real=0.01 secs] 
192.155: Total time for which application threads were stopped: 0.0122250 seconds, Stopping threads took: 0.0018330 seconds
192.194: Application time: 0.0392200 seconds
192.195: [GC [PSYoungGen: 49136K->5920K(49152K)] 146564K->103348K(160256K), 0.0018700 secs] [Times: user=0.01 sys=0.00, real=0.00 secs] 
192.197: Total time for which application threads were stopped: 0.0029840 seconds, Stopping threads took: 0.0010320 seconds
192.236: Application time: 0.0390100 seconds
192.238: [GC [PSYoungGen: 48416K->6304K(49152K)] 145844K->103740K(160256K), 0.0019340 secs] [Times: user=0.02 sys=0.00, real=0.01 secs] 
192.240: Total time for which application threads were stopped: 0.0041410 seconds, Stopping threads took: 0.0021170 seconds
192.279: Application time: 0.0391580 seconds
192.283: [GC [PSYoungGen: 48800K->5632K(49152K)] 146236K->103076K(160256K), 0.0019090 secs] [Times: user=0.02 sys=0.00, real=0.00 secs] 
192.285: Total time for which application threads were stopped: 0.0056630 seconds, Stopping threads took: 0.0036480 seconds
192.323: Application time: 0.0382800 seconds
192.327: [GC [PSYoungGen: 48126K->6624K(49152K)] 145570K->104188K(160256K), 0.0022560 secs] [Times: user=0.02 sys=0.00, real=0.00 secs] 
192.329: Total time for which application threads were stopped: 0.0061060 seconds, Stopping threads took: 0.0037430 seconds
192.367: Application time: 0.0375780 seconds
192.369: [GC [PSYoungGen: 49120K->6624K(49152K)] 146684K->105748K(160256K), 0.0027130 secs] [Times: user=0.01 sys=0.00, real=0.00 secs] 
192.371: Total time for which application threads were stopped: 0.0047840 seconds, Stopping threads took: 0.0019630 seconds
192.411: Application time: 0.0393880 seconds
192.413: [GC [PSYoungGen: 49120K->6064K(49152K)] 148244K->105196K(160256K), 0.0019270 secs] [Times: user=0.01 sys=0.00, real=0.00 secs] 
192.415: Total time for which application threads were stopped: 0.0042820 seconds, Stopping threads took: 0.0022750 seconds
192.458: Application time: 0.0432440 seconds
192.461: [GC [PSYoungGen: 48559K->5008K(49152K)] 147692K->104148K(160256K), 0.0016710 secs] [Times: user=0.01 sys=0.00, real=0.00 secs] 
192.463: Total time for which application threads were stopped: 0.0042120 seconds, Stopping threads took: 0.0024620 seconds
192.502: Application time: 0.0392560 seconds
192.504: [GC [PSYoungGen: 47504K->6640K(49152K)] 146644K->106764K(160256K), 0.0023880 secs] [Times: user=0.01 sys=0.00, real=0.01 secs] 
192.507: Total time for which application threads were stopped: 0.0049630 seconds, Stopping threads took: 0.0024760 seconds
192.543: Application time: 0.0366510 seconds
192.546: [GC [PSYoungGen: 49136K->6656K(49152K)] 149260K->107284K(160256K), 0.0022440 secs] [Times: user=0.02 sys=0.00, real=0.01 secs] 
192.548: Total time for which application threads were stopped: 0.0045110 seconds, Stopping threads took: 0.0021810 seconds
192.586: Application time: 0.0383990 seconds
192.587: [GC [PSYoungGen: 49152K->6128K(49152K)] 149780K->106764K(160256K), 0.0018630 secs] [Times: user=0.01 sys=0.00, real=0.00 secs] 
192.589: Total time for which application threads were stopped: 0.0029830 seconds, Stopping threads took: 0.0010400 seconds
192.629: Application time: 0.0394260 seconds
192.631: [GC [PSYoungGen: 48624K->6624K(49152K)] 149260K->108484K(160256K), 0.0023450 secs] [Times: user=0.01 sys=0.00, real=0.00 secs] 
192.633: Total time for which application threads were stopped: 0.0045060 seconds, Stopping threads took: 0.0020810 seconds
192.673: Application time: 0.0394700 seconds
192.675: [GC [PSYoungGen: 49119K->6656K(49152K)] 150979K->109524K(160256K), 0.0022880 secs] [Times: user=0.02 sys=0.00, real=0.00 secs] 
192.678: Total time for which application threads were stopped: 0.0049550 seconds, Stopping threads took: 0.0025870 seconds
192.717: Application time: 0.0397260 seconds
192.720: [GC [PSYoungGen: 49152K->6624K(49152K)] 152020K->110332K(160256K), 0.0022930 secs] [Times: user=0.02 sys=0.00, real=0.00 secs] 
192.722: Total time for which application threads were stopped: 0.0044810 seconds, Stopping threads took: 0.0021020 seconds
192.760: Application time: 0.0378930 seconds
192.761: [GC [PSYoungGen: 49120K->6656K(49152K)] 152828K->111028K(160256K), 0.0023540 secs] [Times: user=0.02 sys=0.00, real=0.00 secs] 
192.764: Total time for which application threads were stopped: 0.0039030 seconds, Stopping threads took: 0.0014510 seconds
192.803: Application time: 0.0394480 seconds
192.806: [GC [PSYoungGen: 49152K->6320K(49152K)] 153524K->110700K(160256K), 0.0019160 secs] [Times: user=0.02 sys=0.00, real=0.01 secs] 
192.808: Total time for which application threads were stopped: 0.0043830 seconds, Stopping threads took: 0.0023800 seconds
192.844: Application time: 0.0368060 seconds
192.847: [GC [PSYoungGen: 48816K->6640K(49152K)] 153196K->112452K(160256K), 0.0025970 secs] [Times: user=0.01 sys=0.00, real=0.00 secs] 
192.850: Total time for which application threads were stopped: 0.0053240 seconds, Stopping threads took: 0.0026180 seconds
192.889: Application time: 0.0388440 seconds
192.890: [GC [PSYoungGen: 49136K->5376K(49152K)] 154948K->111188K(160256K), 0.0017950 secs] [Times: user=0.01 sys=0.00, real=0.00 secs] 
192.892: Total time for which application threads were stopped: 0.0033080 seconds, Stopping threads took: 0.0014300 seconds
192.932: Application time: 0.0396750 seconds
192.933: [GC [PSYoungGen: 47870K->6576K(49152K)] 153683K->112388K(160256K), 0.0021370 secs] [Times: user=0.01 sys=0.00, real=0.00 secs] 
192.935: Total time for which application threads were stopped: 0.0036410 seconds, Stopping threads took: 0.0014230 seconds
192.974: Application time: 0.0392810 seconds
192.976: [GC [PSYoungGen: 49072K->5136K(49152K)] 154884K->110956K(160256K), 0.0018460 secs] [Times: user=0.01 sys=0.00, real=0.00 secs] 
192.978: Total time for which application threads were stopped: 0.0032290 seconds, Stopping threads took: 0.0013080 seconds
193.018: Application time: 0.0400170 seconds
193.019: [GC [PSYoungGen: 47632K->5536K(49152K)] 153452K->111356K(160256K), 0.0017130 secs] [Times: user=0.01 sys=0.00, real=0.00 secs] 
193.020: Total time for which application threads were stopped: 0.0026370 seconds, Stopping threads took: 0.0008470 seconds
193.059: Application time: 0.0390260 seconds
193.062: [GC [PSYoungGen: 48032K->5856K(49152K)] 153852K->111684K(160256K), 0.0018250 secs] [Times: user=0.02 sys=0.00, real=0.00 secs] 
193.064: Total time for which application threads were stopped: 0.0041250 seconds, Stopping threads took: 0.0022200 seconds
193.102: Application time: 0.0387880 seconds
193.105: [GC [PSYoungGen: 48352K->6272K(49152K)] 154180K->112100K(160256K), 0.0019070 secs] [Times: user=0.01 sys=0.00, real=0.00 secs] 
193.107: Total time for which application threads were stopped: 0.0042270 seconds, Stopping threads took: 0.0022320 seconds
193.147: Application time: 0.0408570 seconds
193.149: [GC [PSYoungGen: 48768K->5472K(49152K)] 154596K->111308K(160256K), 0.0018120 secs] [Times: user=0.01 sys=0.00, real=0.00 secs] 
193.151: Total time for which application threads were stopped: 0.0036920 seconds, Stopping threads took: 0.0017820 seconds
193.190: Application time: 0.0391860 seconds
193.192: [GC [PSYoungGen: 47968K->5920K(49152K)] 153804K->111756K(160256K), 0.0018480 secs] [Times: user=0.01 sys=0.00, real=0.00 secs] 
193.194: Total time for which application threads were stopped: 0.0039560 seconds, Stopping threads took: 0.0020270 seconds
193.233: Application time: 0.0387330 seconds
193.235: [GC [PSYoungGen: 48416K->6048K(49152K)] 154252K->111884K(160256K), 0.0018880 secs] [Times: user=0.01 sys=0.00, real=0.00 secs] 
193.237: Total time for which application threads were stopped: 0.0035860 seconds, Stopping threads took: 0.0016160 seconds
193.274: Application time: 0.0377000 seconds
193.277: [GC [PSYoungGen: 48544K->6656K(49152K)] 154380K->113252K(160256K), 0.0022470 secs] [Times: user=0.01 sys=0.00, real=0.01 secs] 
193.280: Total time for which application threads were stopped: 0.0052250 seconds, Stopping threads took: 0.0028860 seconds
193.319: Application time: 0.0397890 seconds
193.320: [GC [PSYoungGen: 49152K->4960K(49152K)] 155748K->111556K(160256K), 0.0016400 secs] [Times: user=0.01 sys=0.00, real=0.00 secs] 
193.322: Total time for which application threads were stopped: 0.0026020 seconds, Stopping threads took: 0.0008840 seconds
193.364: Application time: 0.0418110 seconds
193.366: [GC [PSYoungGen: 47456K->5360K(49152K)] 154052K->111964K(160256K), 0.0017270 secs] [Times: user=0.01 sys=0.00, real=0.01 secs] 
193.367: Total time for which application threads were stopped: 0.0035670 seconds, Stopping threads took: 0.0017610 seconds
193.406: Application time: 0.0384760 seconds
193.408: [GC [PSYoungGen: 47856K->6640K(49152K)] 154460K->113268K(160256K), 0.0020810 secs] [Times: user=0.01 sys=0.00, real=0.00 secs] 
193.410: Total time for which application threads were stopped: 0.0041210 seconds, Stopping threads took: 0.0019540 seconds
193.448: Application time: 0.0381510 seconds
193.450: [GC [PSYoungGen: 49136K->6640K(49152K)] 155764K->113588K(160256K), 0.0021290 secs] [Times: user=0.02 sys=0.00, real=0.00 secs] 
193.452: Total time for which application threads were stopped: 0.0040080 seconds, Stopping threads took: 0.0017940 seconds
193.490: Application time: 0.0384440 seconds
193.493: [GC [PSYoungGen: 49136K->6640K(49152K)] 156084K->114156K(160256K), 0.0022460 secs] [Times: user=0.02 sys=0.00, real=0.00 secs] 
193.495: Total time for which application threads were stopped: 0.0046710 seconds, Stopping threads took: 0.0023440 seconds
193.534: Application time: 0.0389220 seconds
193.536: [GC [PSYoungGen: 49136K->6112K(49152K)] 156652K->113636K(160256K), 0.0018850 secs] [Times: user=0.01 sys=0.00, real=0.00 secs] 
193.538: Total time for which application threads were stopped: 0.0035040 seconds, Stopping threads took: 0.0015430 seconds
193.574: Application time: 0.0365000 seconds
193.577: [GC [PSYoungGen: 48608K->6656K(49152K)] 156132K->115084K(160256K), 0.0023510 secs] [Times: user=0.02 sys=0.00, real=0.01 secs] 
193.579: Total time for which application threads were stopped: 0.0052020 seconds, Stopping threads took: 0.0027670 seconds
193.619: Application time: 0.0394520 seconds
193.621: [GC [PSYoungGen: 49152K->6480K(49152K)] 157580K->114908K(160256K), 0.0019720 secs] [Times: user=0.01 sys=0.00, real=0.00 secs] 
193.623: Total time for which application threads were stopped: 0.0045580 seconds, Stopping threads took: 0.0025050 seconds
193.662: Application time: 0.0391730 seconds
193.665: [GC [PSYoungGen: 48976K->5408K(49152K)] 157404K->113852K(160256K), 0.0018070 secs] [Times: user=0.01 sys=0.00, real=0.01 secs] 
193.667: Total time for which application threads were stopped: 0.0042770 seconds, Stopping threads took: 0.0023960 seconds
193.708: Application time: 0.0408240 seconds
193.710: [GC [PSYoungGen: 47904K->6624K(49152K)] 156348K->115636K(160256K), 0.0021940 secs] [Times: user=0.02 sys=0.00, real=0.00 secs] 
193.712: Total time for which application threads were stopped: 0.0047330 seconds, Stopping threads took: 0.0024560 seconds
193.750: Application time: 0.0378460 seconds
193.752: [GC [PSYoungGen: 49120K->6640K(49152K)] 158132K->115652K(160256K), 0.0021010 secs] [Times: user=0.01 sys=0.00, real=0.00 secs] 
193.754: Total time for which application threads were stopped: 0.0042750 seconds, Stopping threads took: 0.0020920 seconds
193.794: Application time: 0.0397960 seconds
193.796: [GC [PSYoungGen: 49136K->5088K(49152K)] 158148K->114116K(160256K), 0.0016230 secs] [Times: user=0.01 sys=0.00, real=0.00 secs] 
193.797: Total time for which application threads were stopped: 0.0029530 seconds, Stopping threads took: 0.0012410 seconds
193.836: Application time: 0.0384970 seconds
193.837: [GC [PSYoungGen: 47584K->5824K(49152K)] 156612K->114852K(160256K), 0.0017980 secs] [Times: user=0.01 sys=0.00, real=0.01 secs] 
193.839: Total time for which application threads were stopped: 0.0031760 seconds, Stopping threads took: 0.0012930 seconds
193.877: Application time: 0.0384430 seconds
193.879: [GC [PSYoungGen: 48320K->5760K(49152K)] 157348K->114796K(160256K), 0.0017810 secs] [Times: user=0.02 sys=0.00, real=0.00 secs] 
193.881: Total time for which application threads were stopped: 0.0038200 seconds, Stopping threads took: 0.0019590 seconds
193.919: Application time: 0.0376900 seconds
193.921: [GC [PSYoungGen: 48256K->5824K(49152K)] 157292K->114860K(160256K), 0.0019420 secs] [Times: user=0.01 sys=0.00, real=0.00 secs] 
193.923: Total time for which application threads were stopped: 0.0046050 seconds, Stopping threads took: 0.0025590 seconds
193.961: Application time: 0.0379080 seconds
193.963: [GC [PSYoungGen: 48320K->5584K(49152K)] 157356K->114620K(160256K), 0.0018080 secs] [Times: user=0.02 sys=0.00, real=0.00 secs] 
193.965: Total time for which application threads were stopped: 0.0038920 seconds, Stopping threads took: 0.0019840 seconds
194.005: Application time: 0.0393660 seconds
194.007: [GC [PSYoungGen: 48080K->6640K(49152K)] 157116K->115884K(160256K), 0.0020200 secs] [Times: user=0.01 sys=0.00, real=0.00 secs] 
194.010: Total time for which application threads were stopped: 0.0048820 seconds, Stopping threads took: 0.0027830 seconds
194.048: Application time: 0.0382160 seconds
194.050: [GC [PSYoungGen: 49136K->6656K(49152K)] 158380K->116932K(160256K), 0.0023470 secs] [Times: user=0.02 sys=0.00, real=0.00 secs] 
194.052: [Full GC [PSYoungGen: 6656K->0K(49152K)] [ParOldGen: 110276K->10292K(111104K)] 116932K->10292K(160256K) [PSPermGen: 5182K->5182K(21504K)], 0.0064530 secs] [Times: user=0.03 sys=0.00, real=0.00 secs] 
194.059: Total time for which application threads were stopped: 0.0107790 seconds, Stopping threads took: 0.0018410 seconds
194.097: Application time: 0.0380410 seconds
194.099: [GC [PSYoungGen: 42496K->6656K(49152K)] 52788K->17164K(160256K), 0.0019800 secs] [Times: user=0.01 sys=0.00, real=0.00 secs] 
194.101: Total time for which application threads were stopped: 0.0049220 seconds, Stopping threads took: 0.0028630 seconds
194.139: Application time: 0.0373820 seconds
194.140: [GC [PSYoungGen: 49152K->5376K(49152K)] 59660K->15884K(160256K), 0.0015940 secs] [Times: user=0.01 sys=0.00, real=0.00 secs] 
194.142: Total time for which application threads were stopped: 0.0031060 seconds, Stopping threads took: 0.0014380 seconds
194.180: Application time: 0.0381340 seconds
194.182: [GC [PSYoungGen: 47872K->6640K(49152K)] 58380K->17740K(160256K), 0.0021830 secs] [Times: user=0.01 sys=0.00, real=0.00 secs] 
194.184: Total time for which application threads were stopped: 0.0042750 seconds, Stopping threads took: 0.0020100 seconds
194.223: Application time: 0.0382990 seconds
194.224: [GC [PSYoungGen: 49136K->6640K(49152K)] 60236K->18132K(160256K), 0.0020540 secs] [Times: user=0.02 sys=0.00, real=0.00 secs] 
194.227: Total time for which application threads were stopped: 0.0038740 seconds, Stopping threads took: 0.0017120 seconds
194.266: Application time: 0.0393090 seconds
194.267: [GC [PSYoungGen: 49136K->6032K(49152K)] 60628K->17524K(160256K), 0.0017910 secs] [Times: user=0.02 sys=0.00, real=0.00 secs] 
194.269: Total time for which application threads were stopped: 0.0033610 seconds, Stopping threads took: 0.0014940 seconds
194.309: Application time: 0.0401400 seconds
194.311: [GC [PSYoungGen: 48528K->6448K(49152K)] 60020K->17940K(160256K), 0.0019180 secs] [Times: user=0.02 sys=0.00, real=0.00 secs] 
194.313: Total time for which application threads were stopped: 0.0035270 seconds, Stopping threads took: 0.0015240 seconds
194.351: Application time: 0.0385880 seconds
194.353: [GC [PSYoungGen: 48944K->5984K(49152K)] 60436K->17476K(160256K), 0.0017470 secs] [Times: user=0.01 sys=0.01, real=0.00 secs] 
194.355: Total time for which application threads were stopped: 0.0032960 seconds, Stopping threads took: 0.0014660 seconds
194.396: Application time: 0.0414190 seconds
194.398: [GC [PSYoungGen: 48480K->6512K(49152K)] 59972K->18004K(160256K), 0.0019610 secs] [Times: user=0.01 sys=0.00, real=0.01 secs] 
194.400: Total time for which application threads were stopped: 0.0041820 seconds, Stopping threads took: 0.0021420 seconds
194.440: Application time: 0.0395890 seconds
194.443: [GC [PSYoungGen: 49008K->6624K(49152K)] 60500K->18212K(160256K), 0.0019610 secs] [Times: user=0.01 sys=0.00, real=0.00 secs] 
194.445: Total time for which application threads were stopped: 0.0050480 seconds, Stopping threads took: 0.0030100 seconds
194.483: Application time: 0.0383410 seconds
194.485: [GC [PSYoungGen: 49120K->6624K(49152K)] 60708K->18212K(160256K), 0.0020330 secs] [Times: user=0.01 sys=0.00, real=0.01 secs] 
194.487: Total time for which application threads were stopped: 0.0035880 seconds, Stopping threads took: 0.0014770 seconds
194.525: Application time: 0.0382420 seconds
194.527: [GC [PSYoungGen: 49120K->6656K(49152K)] 60708K->19820K(160256K), 0.0023780 secs] [Times: user=0.02 sys=0.00, real=0.00 secs] 
194.529: Total time for which application threads were stopped: 0.0042240 seconds, Stopping threads took: 0.0017600 seconds
194.568: Application time: 0.0389330 seconds
194.571: [GC [PSYoungGen: 49152K->6656K(49152K)] 62316K->20512K(160256K), 0.0021320 secs] [Times: user=0.01 sys=0.00, real=0.00 secs] 
194.573: Total time for which application threads were stopped: 0.0044160 seconds, Stopping threads took: 0.0022000 seconds
194.612: Application time: 0.0392220 seconds
194.613: [GC [PSYoungGen: 49152K->6656K(49152K)] 63008K->20624K(160256K), 0.0044020 secs] [Times: user=0.03 sys=0.00, real=0.00 secs] 
194.618: Total time for which application threads were stopped: 0.0056820 seconds, Stopping threads took: 0.0011910 seconds
194.656: Application time: 0.0386640 seconds
194.658: [GC [PSYoungGen: 49152K->6656K(49152K)] 63120K->20648K(160256K), 0.0019100 secs] [Times: user=0.01 sys=0.00, real=0.01 secs] 
194.660: Total time for which application threads were stopped: 0.0035850 seconds, Stopping threads took: 0.0015950 seconds
194.701: Application time: 0.0410730 seconds
194.703: [GC [PSYoungGen: 49152K->5472K(49152K)] 63144K->19464K(160256K), 0.0015840 secs] [Times: user=0.02 sys=0.00, real=0.00 secs] 
194.705: Total time for which application threads were stopped: 0.0036900 seconds, Stopping threads took: 0.0020260 seconds
194.743: Application time: 0.0380690 seconds
194.745: [GC [PSYoungGen: 47968K->6640K(49152K)] 61960K->21152K(160256K), 0.0020420 secs] [Times: user=0.02 sys=0.00, real=0.01 secs] 
194.747: Total time for which application threads were stopped: 0.0038950 seconds, Stopping threads took: 0.0017740 seconds
194.786: Application time: 0.0395730 seconds
194.789: [GC [PSYoungGen: 49136K->6640K(49152K)] 63648K->21552K(160256K), 0.0019760 secs] [Times: user=0.01 sys=0.00, real=0.00 secs] 
194.791: Total time for which application threads were stopped: 0.0045900 seconds, Stopping threads took: 0.0025340 seconds
194.830: Application time: 0.0388910 seconds
194.832: [GC [PSYoungGen: 49136K->6080K(49152K)] 64048K->20992K(160256K), 0.0018760 secs] [Times: user=0.02 sys=0.00, real=0.00 secs] 
194.834: Total time for which application threads were stopped: 0.0039640 seconds, Stopping threads took: 0.0020050 seconds
194.874: Application time: 0.0401430 seconds
194.875: [GC [PSYoungGen: 48576K->6048K(49152K)] 63488K->20960K(160256K), 0.0017940 secs] [Times: user=0.01 sys=0.00, real=0.00 secs] 
194.877: Total time for which application threads were stopped: 0.0033610 seconds, Stopping threads took: 0.0014920 seconds
194.917: Application time: 0.0397890 seconds
194.919: [GC [PSYoungGen: 48544K->5840K(49152K)] 63456K->20752K(160256K), 0.0017240 secs] [Times: user=0.01 sys=0.00, real=0.00 secs] 
194.920: Total time for which application threads were stopped: 0.0034300 seconds, Stopping threads took: 0.0016300 seconds
194.959: Application time: 0.0388690 seconds
194.962: [GC [PSYoungGen: 48336K->6624K(49152K)] 63248K->21608K(160256K), 0.0020800 secs] [Times: user=0.02 sys=0.00, real=0.00 secs] 
194.964: Total time for which application threads were stopped: 0.0044890 seconds, Stopping threads took: 0.0023300 seconds
195.003: Application time: 0.0389120 seconds
195.004: [GC [PSYoungGen: 49120K->5648K(49152K)] 64104K->20632K(160256K), 0.0016560 secs] [Times: user=0.01 sys=0.00, real=0.00 secs] 
195.006: Total time for which application threads were stopped: 0.0027930 seconds, Stopping threads took: 0.0010600 seconds
195.045: Application time: 0.0391630 seconds
195.047: [GC [PSYoungGen: 48144K->6544K(49152K)] 63128K->21528K(160256K), 0.0019520 secs] [Times: user=0.01 sys=0.00, real=0.00 secs] 
195.049: Total time for which application threads were stopped: 0.0039550 seconds, Stopping threads took: 0.0019190 seconds
195.087: Application time: 0.0388240 seconds
195.090: [GC [PSYoungGen: 49040K->6640K(49152K)] 64024K->21808K(160256K), 0.0020060 secs] [Times: user=0.01 sys=0.00, real=0.00 secs] 
195.092: Total time for which application threads were stopped: 0.0044240 seconds, Stopping threads took: 0.0023400 seconds
195.129: Application time: 0.0369440 seconds
195.131: [GC [PSYoungGen: 49136K->6640K(49152K)] 64304K->22280K(160256K), 0.0020130 secs] [Times: user=0.01 sys=0.00, real=0.00 secs] 
195.134: Total time for which application threads were stopped: 0.0046900 seconds, Stopping threads took: 0.0025980 seconds
195.171: Application time: 0.0373700 seconds
195.174: [GC [PSYoungGen: 49136K->6624K(49152K)] 64776K->22716K(160256K), 0.0022100 secs] [Times: user=0.02 sys=0.00, real=0.00 secs] 
195.177: Total time for which application threads were stopped: 0.0056330 seconds, Stopping threads took: 0.0033300 seconds
195.214: Application time: 0.0375990 seconds
195.217: [GC [PSYoungGen: 49120K->6640K(49152K)] 65212K->23588K(160256K), 0.0022900 secs] [Times: user=0.01 sys=0.00, real=0.01 secs] 
195.219: Total time for which application threads were stopped: 0.0048990 seconds, Stopping threads took: 0.0025270 seconds
195.256: Application time: 0.0373590 seconds
195.260: [GC [PSYoungGen: 49136K->6640K(49152K)] 66084K->24812K(160256K), 0.0024870 secs] [Times: user=0.02 sys=0.00, real=0.00 secs] 
195.262: Total time for which application threads were stopped: 0.0057510 seconds, Stopping threads took: 0.0031580 seconds
195.300: Application time: 0.0382660 seconds
195.302: [GC [PSYoungGen: 49136K->5680K(49152K)] 67308K->23852K(160256K), 0.0019030 secs] [Times: user=0.01 sys=0.00, real=0.00 secs] 
195.304: Total time for which application threads were stopped: 0.0035020 seconds, Stopping threads took: 0.0015180 seconds
195.343: Application time: 0.0389390 seconds
195.344: [GC [PSYoungGen: 48176K->5568K(49152K)] 66348K->23748K(160256K), 0.0016860 secs] [Times: user=0.01 sys=0.00, real=0.00 secs] 
195.346: Total time for which application threads were stopped: 0.0030360 seconds, Stopping threads took: 0.0012600 seconds
195.386: Application time: 0.0400960 seconds
195.388: [GC [PSYoungGen: 48064K->6640K(49152K)] 66244K->25084K(160256K), 0.0020880 secs] [Times: user=0.00 sys=0.00, real=0.00 secs] 
195.390: Total time for which application threads were stopped: 0.0044110 seconds, Stopping threads took: 0.0022390 seconds
195.428: Application time: 0.0374590 seconds
195.429: [GC [PSYoungGen: 49136K->6336K(49152K)] 67580K->24796K(160256K), 0.0018240 secs] [Times: user=0.01 sys=0.00, real=0.00 secs] 
195.431: Total time for which application threads were stopped: 0.0034210 seconds, Stopping threads took: 0.0015200 seconds
195.469: Application time: 0.0372950 seconds
195.471: [GC [PSYoungGen: 48832K->6656K(49152K)] 67292K->25516K(160256K), 0.0021120 secs] [Times: user=0.01 sys=0.00, real=0.00 secs] 
195.473: Total time for which application threads were stopped: 0.0044160 seconds, Stopping threads took: 0.0022190 seconds
195.511: Application time: 0.0383180 seconds
195.514: [GC [PSYoungGen: 49152K->6112K(49152K)] 68012K->24972K(160256K), 0.0017410 secs] [Times: user=0.02 sys=0.00, real=0.00 secs] 
195.516: Total time for which application threads were stopped: 0.0043230 seconds, Stopping threads took: 0.0025060 seconds
195.554: Application time: 0.0386360 seconds
195.556: [GC [PSYoungGen: 48608K->6640K(49152K)] 67468K->25596K(160256K), 0.0019920 secs] [Times: user=0.01 sys=0.00, real=0.00 secs] 
195.558: Total time for which application threads were stopped: 0.0038090 seconds, Stopping threads took: 0.0017360 seconds
195.598: Application time: 0.0397660 seconds
195.600: [GC [PSYoungGen: 49136K->6640K(49152K)] 68092K->25620K(160256K), 0.0020190 secs] [Times: user=0.01 sys=0.00, real=0.00 secs] 
195.602: Total time for which application threads were stopped: 0.0039960 seconds, Stopping threads took: 0.0018950 seconds
195.643: Application time: 0.0408000 seconds
195.645: [GC [PSYoungGen: 49136K->6640K(49152K)] 68116K->25956K(160256K), 0.0020400 secs] [Times: user=0.02 sys=0.00, real=0.01 secs] 
195.647: Total time for which application threads were stopped: 0.0040560 seconds, Stopping threads took: 0.0019320 seconds
195.688: Application time: 0.0412260 seconds
195.690: [GC [PSYoungGen: 49136K->5792K(49152K)] 68452K->25124K(160256K), 0.0017770 secs] [Times: user=0.01 sys=0.00, real=0.00 secs] 
195.691: Total time for which application threads were stopped: 0.0034600 seconds, Stopping threads took: 0.0016010 seconds
195.733: Application time: 0.0417060 seconds
195.735: [GC [PSYoungGen: 48288K->5856K(49152K)] 67620K->25188K(160256K), 0.0017540 secs] [Times: user=0.01 sys=0.00, real=0.00 secs] 
195.737: Total time for which application threads were stopped: 0.0035720 seconds, Stopping threads took: 0.0017380 seconds
195.777: Application time: 0.0400380 seconds
195.778: [GC [PSYoungGen: 48352K->6656K(49152K)] 67684K->26556K(160256K), 0.0021840 secs] [Times: user=0.01 sys=0.00, real=0.01 secs] 
195.780: Total time for which application threads were stopped: 0.0033430 seconds, Stopping threads took: 0.0010740 seconds
195.821: Application time: 0.0406790 seconds
195.823: [GC [PSYoungGen: 49152K->6624K(49152K)] 69052K->26572K(160256K), 0.0020050 secs] [Times: user=0.01 sys=0.00, real=0.00 secs] 
195.825: Total time for which application threads were stopped: 0.0042320 seconds, Stopping threads took: 0.0021470 seconds
195.864: Application time: 0.0390610 seconds
195.867: [GC [PSYoungGen: 49119K->6656K(49152K)] 69067K->27332K(160256K), 0.0021660 secs] [Times: user=0.01 sys=0.00, real=0.00 secs] 
195.870: Total time for which application threads were stopped: 0.0054350 seconds, Stopping threads took: 0.0031690 seconds
195.911: Application time: 0.0410520 seconds
195.912: [GC [PSYoungGen: 49152K->6624K(49152K)] 69828K->27532K(160256K), 0.0020670 secs] [Times: user=0.01 sys=0.00, real=0.00 secs] 
195.915: Total time for which application threads were stopped: 0.0040020 seconds, Stopping threads took: 0.0018200 seconds
195.955: Application time: 0.0404430 seconds
195.958: [GC [PSYoungGen: 49120K->6656K(49152K)] 70028K->27580K(160256K), 0.0020120 secs] [Times: user=0.01 sys=0.00, real=0.01 secs] 
195.960: Total time for which application threads were stopped: 0.0052130 seconds, Stopping threads took: 0.0031190 seconds
196.002: Application time: 0.0415340 seconds
196.003: [GC [PSYoungGen: 49152K->5504K(49152K)] 70076K->26436K(160256K), 0.0016320 secs] [Times: user=0.01 sys=0.00, real=0.00 secs] 
196.005: Total time for which application threads were stopped: 0.0028620 seconds, Stopping threads took: 0.0011540 seconds
196.044: Application time: 0.0394450 seconds
196.046: [GC [PSYoungGen: 48000K->6656K(49152K)] 68932K->28156K(160256K), 0.0020710 secs] [Times: user=0.01 sys=0.00, real=0.01 secs] 
196.048: Total time for which application threads were stopped: 0.0040180 seconds, Stopping threads took: 0.0018610 seconds
196.090: Application time: 0.0414640 seconds
196.092: [GC [PSYoungGen: 49152K->5120K(49152K)] 70652K->26620K(160256K), 0.0015310 secs] [Times: user=0.01 sys=0.00, real=0.00 secs] 
196.093: Total time for which application threads were stopped: 0.0036920 seconds, Stopping threads took: 0.0020850 seconds
196.134: Application time: 0.0410770 seconds
196.137: [GC [PSYoungGen: 47616K->6624K(49152K)] 69116K->28468K(160256K), 0.0020340 secs] [Times: user=0.02 sys=0.00, real=0.01 secs] 
196.139: Total time for which application threads were stopped: 0.0046930 seconds, Stopping threads took: 0.0025720 seconds
196.181: Application time: 0.0422870 seconds
196.183: [GC [PSYoungGen: 49120K->5440K(49152K)] 70964K->27292K(160256K), 0.0017080 secs] [Times: user=0.01 sys=0.00, real=0.00 secs] 
196.184: Total time for which application threads were stopped: 0.0031320 seconds, Stopping threads took: 0.0013460 seconds
196.225: Application time: 0.0404060 seconds
196.226: [GC [PSYoungGen: 47936K->6352K(49152K)] 69788K->28220K(160256K), 0.0019170 secs] [Times: user=0.01 sys=0.00, real=0.01 secs] 
196.228: Total time for which application threads were stopped: 0.0033450 seconds, Stopping threads took: 0.0013460 seconds
196.271: Application time: 0.0425940 seconds
196.274: [GC [PSYoungGen: 48848K->6080K(49152K)] 70716K->27948K(160256K), 0.0017920 secs] [Times: user=0.02 sys=0.00, real=0.00 secs] 
196.276: Total time for which application threads were stopped: 0.0048130 seconds, Stopping threads took: 0.0029450 seconds
196.317: Application time: 0.0414000 seconds
196.320: [GC [PSYoungGen: 48576K->5952K(49152K)] 70444K->27820K(160256K), 0.0017040 secs] [Times: user=0.01 sys=0.00, real=0.00 secs] 
196.322: Total time for which application threads were stopped: 0.0045320 seconds, Stopping threads took: 0.0027470 seconds
196.361: Application time: 0.0398950 seconds
196.364: [GC [PSYoungGen: 48448K->6640K(49152K)] 70316K->28740K(160256K), 0.0020270 secs] [Times: user=0.01 sys=0.00, real=0.00 secs] 
196.366: Total time for which application threads were stopped: 0.0044770 seconds, Stopping threads took: 0.0023570 seconds
196.406: Application time: 0.0403110 seconds
196.409: [GC [PSYoungGen: 49136K->6256K(49152K)] 71236K->28364K(160256K), 0.0018370 secs] [Times: user=0.01 sys=0.00, real=0.00 secs] 
196.411: Total time for which application threads were stopped: 0.0044280 seconds, Stopping threads took: 0.0025030 seconds
196.453: Application time: 0.0427870 seconds
196.456: [GC [PSYoungGen: 48752K->4768K(49152K)] 70860K->26876K(160256K), 0.0014240 secs] [Times: user=0.01 sys=0.00, real=0.00 secs] 
196.457: Total time for which application threads were stopped: 0.0039860 seconds, Stopping threads took: 0.0024850 seconds
196.501: Application time: 0.0430880 seconds
196.503: [GC [PSYoungGen: 47264K->6288K(49152K)] 69372K->28396K(160256K), 0.0019000 secs] [Times: user=0.01 sys=0.00, real=0.00 secs] 
196.505: Total time for which application threads were stopped: 0.0048000 seconds, Stopping threads took: 0.0028200 seconds
196.546: Application time: 0.0404940 seconds
196.549: [GC [PSYoungGen: 48784K->6656K(49152K)] 70892K->28772K(160256K), 0.0020300 secs] [Times: user=0.02 sys=0.00, real=0.00 secs] 
196.551: Total time for which application threads were stopped: 0.0052110 seconds, Stopping threads took: 0.0030980 seconds
196.590: Application time: 0.0390460 seconds
196.592: [GC [PSYoungGen: 49139K->6656K(49152K)] 71256K->28876K(160256K), 0.0020870 secs] [Times: user=0.01 sys=0.00, real=0.00 secs] 
196.595: Total time for which application threads were stopped: 0.0044280 seconds, Stopping threads took: 0.0022500 seconds
196.637: Application time: 0.0428900 seconds
196.640: [GC [PSYoungGen: 49152K->6656K(49152K)] 71372K->29596K(160256K), 0.0020620 secs] [Times: user=0.01 sys=0.00, real=0.00 secs] 
196.642: Total time for which application threads were stopped: 0.0045800 seconds, Stopping threads took: 0.0024360 seconds
196.683: Application time: 0.0408480 seconds
196.687: [GC [PSYoungGen: 49152K->6352K(49152K)] 72092K->29300K(160256K), 0.0020220 secs] [Times: user=0.01 sys=0.00, real=0.00 secs] 
196.689: Total time for which application threads were stopped: 0.0058710 seconds, Stopping threads took: 0.0037610 seconds
196.732: Application time: 0.0429760 seconds
196.735: [GC [PSYoungGen: 48848K->6640K(49152K)] 71796K->30252K(160256K), 0.0021220 secs] [Times: user=0.02 sys=0.00, real=0.00 secs] 
196.737: Total time for which application threads were stopped: 0.0053470 seconds, Stopping threads took: 0.0031450 seconds
196.778: Application time: 0.0411660 seconds
196.781: [GC [PSYoungGen: 49136K->6272K(49152K)] 72748K->29892K(160256K), 0.0017940 secs] [Times: user=0.01 sys=0.00, real=0.00 secs] 
196.783: Total time for which application threads were stopped: 0.0042820 seconds, Stopping threads took: 0.0024080 seconds
196.826: Application time: 0.0430700 seconds
196.827: [GC [PSYoungGen: 48768K->5104K(49152K)] 72388K->28733K(160256K), 0.0015290 secs] [Times: user=0.01 sys=0.00, real=0.00 secs] 
196.829: Total time for which application threads were stopped: 0.0030220 seconds, Stopping threads took: 0.0014140 seconds
196.869: Application time: 0.0407220 seconds
196.872: [GC [PSYoungGen: 47600K->5984K(49152K)] 71229K->29613K(160256K), 0.0017360 secs] [Times: user=0.01 sys=0.00, real=0.00 secs] 
196.874: Total time for which application threads were stopped: 0.0044580 seconds, Stopping threads took: 0.0026350 seconds
196.915: Application time: 0.0414940 seconds
196.918: [GC [PSYoungGen: 48479K->6640K(49152K)] 72108K->30380K(160256K), 0.0020350 secs] [Times: user=0.01 sys=0.00, real=0.01 secs] 
196.920: Total time for which application threads were stopped: 0.0049160 seconds, Stopping threads took: 0.0027830 seconds
196.961: Application time: 0.0404500 seconds
196.962: [GC [PSYoungGen: 49136K->6176K(49152K)] 72876K->29924K(160256K), 0.0021420 secs] [Times: user=0.01 sys=0.00, real=0.00 secs] 
196.965: Total time for which application threads were stopped: 0.0038460 seconds, Stopping threads took: 0.0015980 seconds
197.006: Application time: 0.0414130 seconds
197.008: [GC [PSYoungGen: 48672K->6528K(49152K)] 72420K->30277K(160256K), 0.0020490 secs] [Times: user=0.01 sys=0.00, real=0.00 secs] 
197.010: Total time for which application threads were stopped: 0.0037900 seconds, Stopping threads took: 0.0016560 seconds
197.051: Application time: 0.0415240 seconds
197.055: [GC [PSYoungGen: 49024K->5952K(49152K)] 72773K->29700K(160256K), 0.0016900 secs] [Times: user=0.01 sys=0.00, real=0.00 secs] 
197.056: Total time for which application threads were stopped: 0.0050520 seconds, Stopping threads took: 0.0032730 seconds
197.097: Application time: 0.0402610 seconds
197.098: [GC [PSYoungGen: 48448K->6480K(49152K)] 72196K->30244K(160256K), 0.0018680 secs] [Times: user=0.01 sys=0.00, real=0.01 secs] 
197.100: Total time for which application threads were stopped: 0.0035220 seconds, Stopping threads took: 0.0015700 seconds
197.141: Application time: 0.0407450 seconds
197.144: [GC [PSYoungGen: 48976K->6400K(49152K)] 72740K->30164K(160256K), 0.0019070 secs] [Times: user=0.01 sys=0.00, real=0.00 secs] 
197.146: Total time for which application threads were stopped: 0.0047770 seconds, Stopping threads took: 0.0027840 seconds
197.188: Application time: 0.0422210 seconds
197.191: [GC [PSYoungGen: 48896K->6320K(49152K)] 72660K->30084K(160256K), 0.0019010 secs] [Times: user=0.01 sys=0.00, real=0.00 secs] 
197.193: Total time for which application threads were stopped: 0.0050100 seconds, Stopping threads took: 0.0030250 seconds
197.235: Application time: 0.0424100 seconds
197.238: [GC [PSYoungGen: 48816K->6640K(49152K)] 72580K->30444K(160256K), 0.0020110 secs] [Times: user=0.02 sys=0.00, real=0.01 secs] 
197.240: Total time for which application threads were stopped: 0.0046940 seconds, Stopping threads took: 0.0025990 seconds
197.279: Application time: 0.0394370 seconds
197.282: [GC [PSYoungGen: 49136K->6640K(49152K)] 72940K->30829K(160256K), 0.0020910 secs] [Times: user=0.01 sys=0.00, real=0.00 secs] 
197.284: Total time for which application threads were stopped: 0.0047720 seconds, Stopping threads took: 0.0025960 seconds
197.325: Application time: 0.0407040 seconds
197.328: [GC [PSYoungGen: 49136K->6144K(49152K)] 73325K->30341K(160256K), 0.0017820 secs] [Times: user=0.01 sys=0.00, real=0.00 secs] 
197.329: Total time for which application threads were stopped: 0.0044830 seconds, Stopping threads took: 0.0026170 seconds
197.371: Application time: 0.0418100 seconds
197.373: [GC [PSYoungGen: 48640K->5872K(49152K)] 72837K->30092K(160256K), 0.0018630 secs] [Times: user=0.01 sys=0.00, real=0.00 secs] 
197.375: Total time for which application threads were stopped: 0.0038240 seconds, Stopping threads took: 0.0018790 seconds
197.416: Application time: 0.0409280 seconds
197.418: [GC [PSYoungGen: 48368K->5840K(49152K)] 72588K->30060K(160256K), 0.0017490 secs] [Times: user=0.02 sys=0.00, real=0.01 secs] 
197.420: Total time for which application threads were stopped: 0.0040260 seconds, Stopping threads took: 0.0021970 seconds
197.463: Application time: 0.0427490 seconds
197.464: [GC [PSYoungGen: 48336K->6368K(49152K)] 72556K->30596K(160256K), 0.0019620 secs] [Times: user=0.02 sys=0.00, real=0.00 secs] 
197.466: Total time for which application threads were stopped: 0.0037220 seconds, Stopping threads took: 0.0016450 seconds
197.508: Application time: 0.0410950 seconds
197.509: [GC [PSYoungGen: 48864K->6656K(49152K)] 73092K->31236K(160256K), 0.0020680 secs] [Times: user=0.02 sys=0.00, real=0.00 secs] 
197.511: Total time for which application threads were stopped: 0.0036120 seconds, Stopping threads took: 0.0014590 seconds
197.552: Application time: 0.0412340 seconds
197.554: [GC [PSYoungGen: 49152K->6464K(49152K)] 73732K->31061K(160256K), 0.0018930 secs] [Times: user=0.01 sys=0.00, real=0.00 secs] 
197.556: Total time for which application threads were stopped: 0.0035780 seconds, Stopping threads took: 0.0016060 seconds
197.597: Application time: 0.0406450 seconds
197.599: [GC [PSYoungGen: 48960K->6656K(49152K)] 73557K->31940K(160256K), 0.0022260 secs] [Times: user=0.01 sys=0.00, real=0.00 secs] 
197.601: Total time for which application threads were stopped: 0.0047830 seconds, Stopping threads took: 0.0024690 seconds
197.642: Application time: 0.0407250 seconds
197.644: [GC [PSYoungGen: 49152K->6640K(49152K)] 74436K->33445K(160256K), 0.0025730 secs] [Times: user=0.01 sys=0.00, real=0.01 secs] 
197.647: Total time for which application threads were stopped: 0.0045440 seconds, Stopping threads took: 0.0018670 seconds
197.687: Application time: 0.0407230 seconds
197.690: [GC [PSYoungGen: 49136K->6656K(49152K)] 75941K->34789K(160256K), 0.0023250 secs] [Times: user=0.01 sys=0.00, real=0.00 secs] 
197.692: Total time for which application threads were stopped: 0.0049850 seconds, Stopping threads took: 0.0025700 seconds
197.733: Application time: 0.0405400 seconds
197.735: [GC [PSYoungGen: 49152K->6656K(49152K)] 77285K->34877K(160256K), 0.0020940 secs] [Times: user=0.01 sys=0.00, real=0.00 secs] 
197.737: Total time for which application threads were stopped: 0.0041650 seconds, Stopping threads took: 0.0019670 seconds
197.778: Application time: 0.0409110 seconds
197.779: [GC [PSYoungGen: 49152K->5776K(49152K)] 77373K->33997K(160256K), 0.0017910 secs] [Times: user=0.01 sys=0.00, real=0.00 secs] 
197.781: Total time for which application threads were stopped: 0.0032350 seconds, Stopping threads took: 0.0013410 seconds
197.824: Application time: 0.0423400 seconds
197.825: [GC [PSYoungGen: 48272K->6144K(49152K)] 76493K->34365K(160256K), 0.0020930 secs] [Times: user=0.01 sys=0.00, real=0.01 secs] 
197.827: Total time for which application threads were stopped: 0.0037300 seconds, Stopping threads took: 0.0015580 seconds
197.869: Application time: 0.0417450 seconds
197.870: [GC [PSYoungGen: 48640K->5744K(49152K)] 76861K->33973K(160256K), 0.0018060 secs] [Times: user=0.01 sys=0.00, real=0.00 secs] 
197.872: Total time for which application threads were stopped: 0.0024540 seconds, Stopping threads took: 0.0005750 seconds
197.914: Application time: 0.0425440 seconds
197.916: [GC [PSYoungGen: 48240K->5632K(49152K)] 76469K->33869K(160256K), 0.0015860 secs] [Times: user=0.01 sys=0.00, real=0.00 secs] 
197.918: Total time for which application threads were stopped: 0.0037050 seconds, Stopping threads took: 0.0020390 seconds
197.960: Application time: 0.0418000 seconds
197.962: [GC [PSYoungGen: 48128K->6640K(49152K)] 76365K->34877K(160256K), 0.0019020 secs] [Times: user=0.02 sys=0.00, real=0.00 secs] 
197.964: Total time for which application threads were stopped: 0.0046460 seconds, Stopping threads took: 0.0026580 seconds
198.005: Application time: 0.0410510 seconds
198.008: [GC [PSYoungGen: 49136K->6656K(49152K)] 77373K->35917K(160256K), 0.0022890 secs] [Times: user=0.02 sys=0.00, real=0.00 secs] 
198.010: Total time for which application threads were stopped: 0.0050520 seconds, Stopping threads took: 0.0026720 seconds
198.050: Application time: 0.0393950 seconds
198.052: [GC [PSYoungGen: 49152K->6656K(49152K)] 78413K->36037K(160256K), 0.0020450 secs] [Times: user=0.01 sys=0.00, real=0.00 secs] 
198.054: Total time for which application threads were stopped: 0.0038980 seconds, Stopping threads took: 0.0017750 seconds
198.095: Application time: 0.0413180 seconds
198.096: [GC [PSYoungGen: 49152K->6656K(49152K)] 78533K->36141K(160256K), 0.0020340 secs] [Times: user=0.01 sys=0.00, real=0.00 secs] 
198.098: Total time for which application threads were stopped: 0.0032730 seconds, Stopping threads took: 0.0011620 seconds
198.139: Application time: 0.0411700 seconds
198.141: [GC [PSYoungGen: 49152K->5568K(49152K)] 78637K->35053K(160256K), 0.0018070 secs] [Times: user=0.01 sys=0.00, real=0.00 secs] 
198.143: Total time for which application threads were stopped: 0.0035110 seconds, Stopping threads took: 0.0015970 seconds
198.185: Application time: 0.0423200 seconds
198.187: [GC [PSYoungGen: 48064K->5456K(49152K)] 77549K->34949K(160256K), 0.0019010 secs] [Times: user=0.01 sys=0.00, real=0.00 secs] 
198.189: Total time for which application threads were stopped: 0.0035260 seconds, Stopping threads took: 0.0015440 seconds
198.231: Application time: 0.0420900 seconds
198.234: [GC [PSYoungGen: 47952K->6656K(49152K)] 77445K->36725K(160256K), 0.0023100 secs] [Times: user=0.01 sys=0.00, real=0.00 secs] 
198.236: Total time for which application threads were stopped: 0.0050480 seconds, Stopping threads took: 0.0026550 seconds
198.276: Application time: 0.0400770 seconds
198.278: [GC [PSYoungGen: 49152K->6656K(49152K)] 79221K->37269K(160256K), 0.0021860 secs] [Times: user=0.02 sys=0.00, real=0.01 secs] 
198.280: Total time for which application threads were stopped: 0.0041130 seconds, Stopping threads took: 0.0018450 seconds
198.321: Application time: 0.0413620 seconds
198.324: [GC [PSYoungGen: 49152K->6640K(49152K)] 79765K->37277K(160256K), 0.0019740 secs] [Times: user=0.01 sys=0.00, real=0.00 secs] 
198.326: Total time for which application threads were stopped: 0.0048420 seconds, Stopping threads took: 0.0027820 seconds
198.366: Application time: 0.0394070 seconds
198.369: [GC [PSYoungGen: 49135K->6656K(49152K)] 79772K->38053K(160256K), 0.0022470 secs] [Times: user=0.01 sys=0.00, real=0.00 secs] 
198.371: Total time for which application threads were stopped: 0.0055850 seconds, Stopping threads took: 0.0032540 seconds
198.412: Application time: 0.0406710 seconds
198.414: [GC [PSYoungGen: 49152K->6656K(49152K)] 80549K->38173K(160256K), 0.0020300 secs] [Times: user=0.01 sys=0.00, real=0.00 secs] 
198.416: Total time for which application threads were stopped: 0.0039930 seconds, Stopping threads took: 0.0018690 seconds
198.456: Application time: 0.0403120 seconds
198.458: [GC [PSYoungGen: 49152K->5744K(49152K)] 80669K->37269K(160256K), 0.0016470 secs] [Times: user=0.01 sys=0.00, real=0.01 secs] 
198.460: Total time for which application threads were stopped: 0.0034830 seconds, Stopping threads took: 0.0017620 seconds
198.503: Application time: 0.0428510 seconds
198.505: [GC [PSYoungGen: 48240K->6624K(49152K)] 79765K->38181K(160256K), 0.0019570 secs] [Times: user=0.01 sys=0.00, real=0.01 secs] 
198.507: Total time for which application threads were stopped: 0.0046660 seconds, Stopping threads took: 0.0026270 seconds
198.549: Application time: 0.0416350 seconds
198.551: [GC [PSYoungGen: 49120K->6592K(49152K)] 80677K->38149K(160256K), 0.0019260 secs] [Times: user=0.02 sys=0.00, real=0.00 secs] 
198.553: Total time for which application threads were stopped: 0.0042700 seconds, Stopping threads took: 0.0022510 seconds
198.593: Application time: 0.0400250 seconds
198.596: [GC [PSYoungGen: 49088K->6496K(49152K)] 80645K->38061K(160256K), 0.0019880 secs] [Times: user=0.00 sys=0.00, real=0.00 secs] 
198.598: Total time for which application threads were stopped: 0.0043950 seconds, Stopping threads took: 0.0023260 seconds
198.638: Application time: 0.0404330 seconds
198.640: [GC [PSYoungGen: 48992K->6640K(49152K)] 80557K->38821K(160256K), 0.0021300 secs] [Times: user=0.01 sys=0.00, real=0.00 secs] 
198.642: Total time for which application threads were stopped: 0.0038920 seconds, Stopping threads took: 0.0016810 seconds
198.683: Application time: 0.0413190 seconds
198.685: [GC [PSYoungGen: 49136K->6144K(49152K)] 81317K->38333K(160256K), 0.0018700 secs] [Times: user=0.01 sys=0.00, real=0.01 secs] 
198.687: Total time for which application threads were stopped: 0.0033140 seconds, Stopping threads took: 0.0013610 seconds
198.729: Application time: 0.0426600 seconds
198.732: [GC [PSYoungGen: 48640K->4480K(49152K)] 80829K->36669K(160256K), 0.0014310 secs] [Times: user=0.01 sys=0.00, real=0.00 secs] 
198.733: Total time for which application threads were stopped: 0.0039170 seconds, Stopping threads took: 0.0024180 seconds
198.774: Application time: 0.0404550 seconds
198.776: [GC [PSYoungGen: 46976K->5888K(49152K)] 79165K->38085K(160256K), 0.0016990 secs] [Times: user=0.01 sys=0.00, real=0.00 secs] 
198.778: Total time for which application threads were stopped: 0.0045050 seconds, Stopping threads took: 0.0027250 seconds
198.820: Application time: 0.0420400 seconds
198.822: [GC [PSYoungGen: 48384K->6016K(49152K)] 80581K->38213K(160256K), 0.0017670 secs] [Times: user=0.01 sys=0.00, real=0.00 secs] 
198.824: Total time for which application threads were stopped: 0.0034150 seconds, Stopping threads took: 0.0015660 seconds
198.865: Application time: 0.0417890 seconds
198.868: [GC [PSYoungGen: 48512K->5856K(49152K)] 80709K->38069K(160256K), 0.0017670 secs] [Times: user=0.01 sys=0.00, real=0.00 secs] 
198.870: Total time for which application threads were stopped: 0.0043180 seconds, Stopping threads took: 0.0024700 seconds
198.909: Application time: 0.0397170 seconds
198.911: [GC [PSYoungGen: 48352K->6640K(49152K)] 80565K->39725K(160256K), 0.0023970 secs] [Times: user=0.01 sys=0.00, real=0.00 secs] 
198.913: Total time for which application threads were stopped: 0.0040180 seconds, Stopping threads took: 0.0015350 seconds
198.954: Application time: 0.0407900 seconds
198.956: [GC [PSYoungGen: 49136K->6544K(49152K)] 82221K->39645K(160256K), 0.0019400 secs] [Times: user=0.01 sys=0.00, real=0.00 secs] 
198.958: Total time for which application threads were stopped: 0.0034580 seconds, Stopping threads took: 0.0014370 seconds
199.000: Application time: 0.0419000 seconds
199.002: [GC [PSYoungGen: 49040K->6624K(49152K)] 82141K->40349K(160256K), 0.0021870 secs] [Times: user=0.02 sys=0.00, real=0.00 secs] 
199.004: Total time for which application threads were stopped: 0.0047510 seconds, Stopping threads took: 0.0024760 seconds
199.045: Application time: 0.0411280 seconds
199.048: [GC [PSYoungGen: 49120K->6640K(49152K)] 82845K->40893K(160256K), 0.0021750 secs] [Times: user=0.02 sys=0.00, real=0.00 secs] 
199.050: Total time for which application threads were stopped: 0.0047330 seconds, Stopping threads took: 0.0024720 seconds
199.091: Application time: 0.0410640 seconds
199.093: [GC [PSYoungGen: 49136K->6640K(49152K)] 83389K->41061K(160256K), 0.0021020 secs] [Times: user=0.02 sys=0.00, real=0.00 secs] 
199.096: Total time for which application threads were stopped: 0.0042260 seconds, Stopping threads took: 0.0020320 seconds
199.135: Application time: 0.0399510 seconds
199.137: [GC [PSYoungGen: 49136K->6640K(49152K)] 83557K->41365K(160256K), 0.0021020 secs] [Times: user=0.02 sys=0.00, real=0.01 secs] 
199.139: Total time for which application threads were stopped: 0.0036660 seconds, Stopping threads took: 0.0014770 seconds
199.180: Application time: 0.0413570 seconds
199.183: [GC [PSYoungGen: 49136K->6624K(49152K)] 83861K->42573K(160256K), 0.0023780 secs] [Times: user=0.01 sys=0.00, real=0.00 secs] 
199.186: Total time for which application threads were stopped: 0.0050680 seconds, Stopping threads took: 0.0026040 seconds
199.226: Application time: 0.0407240 seconds
199.230: [GC [PSYoungGen: 49120K->6656K(49152K)] 85069K->43645K(160256K), 0.0021890 secs] [Times: user=0.01 sys=0.00, real=0.00 secs] 
199.232: Total time for which application threads were stopped: 0.0055020 seconds, Stopping threads took: 0.0032300 seconds
199.273: Application time: 0.0413930 seconds
199.274: [GC [PSYoungGen: 49152K->6496K(49152K)] 86141K->43485K(160256K), 0.0019430 secs] [Times: user=0.02 sys=0.00, real=0.00 secs] 
199.276: Total time for which application threads were stopped: 0.0029830 seconds, Stopping threads took: 0.0009570 seconds
199.317: Application time: 0.0408760 seconds
199.319: [GC [PSYoungGen: 48992K->6640K(49152K)] 85981K->44237K(160256K), 0.0022120 secs] [Times: user=0.01 sys=0.00, real=0.00 secs] 
199.321: Total time for which application threads were stopped: 0.0039830 seconds, Stopping threads took: 0.0016850 seconds
199.361: Application time: 0.0399790 seconds
199.363: [GC [PSYoungGen: 49136K->6640K(49152K)] 86733K->44653K(160256K), 0.0021410 secs] [Times: user=0.01 sys=0.00, real=0.00 secs] 
199.365: Total time for which application threads were stopped: 0.0040160 seconds, Stopping threads took: 0.0017910 seconds
199.407: Application time: 0.0416840 seconds
199.408: [GC [PSYoungGen: 49136K->5024K(49152K)] 87149K->43045K(160256K), 0.0015490 secs] [Times: user=0.01 sys=0.00, real=0.00 secs] 
199.410: Total time for which application threads were stopped: 0.0032150 seconds, Stopping threads took: 0.0015900 seconds
199.452: Application time: 0.0424890 seconds
199.455: [GC [PSYoungGen: 47520K->6448K(49152K)] 85541K->44485K(160256K), 0.0019180 secs] [Times: user=0.01 sys=0.00, real=0.00 secs] 
199.457: Total time for which application threads were stopped: 0.0044970 seconds, Stopping threads took: 0.0025000 seconds
199.497: Application time: 0.0400500 seconds
199.500: [GC [PSYoungGen: 48944K->6640K(49152K)] 86981K->45833K(160256K), 0.0022820 secs] [Times: user=0.02 sys=0.00, real=0.00 secs] 
199.502: Total time for which application threads were stopped: 0.0054080 seconds, Stopping threads took: 0.0030360 seconds
199.543: Application time: 0.0409490 seconds
199.546: [GC [PSYoungGen: 49136K->6624K(49152K)] 88329K->45833K(160256K), 0.0018530 secs] [Times: user=0.01 sys=0.00, real=0.01 secs] 
199.548: Total time for which application threads were stopped: 0.0042820 seconds, Stopping threads took: 0.0023460 seconds
199.586: Application time: 0.0386990 seconds
199.588: [GC [PSYoungGen: 49120K->6048K(49152K)] 88329K->45265K(160256K), 0.0018010 secs] [Times: user=0.01 sys=0.00, real=0.00 secs] 
199.590: Total time for which application threads were stopped: 0.0032580 seconds, Stopping threads took: 0.0013820 seconds
199.629: Application time: 0.0390710 seconds
199.631: [GC [PSYoungGen: 48544K->6656K(49152K)] 87761K->46449K(160256K), 0.0021350 secs] [Times: user=0.02 sys=0.00, real=0.00 secs] 
199.633: Total time for which application threads were stopped: 0.0042910 seconds, Stopping threads took: 0.0020520 seconds
199.672: Application time: 0.0386370 seconds
199.674: [GC [PSYoungGen: 49152K->6144K(49152K)] 88945K->45945K(160256K), 0.0018150 secs] [Times: user=0.02 sys=0.00, real=0.00 secs] 
199.676: Total time for which application threads were stopped: 0.0039300 seconds, Stopping threads took: 0.0020360 seconds
199.716: Application time: 0.0400740 seconds
199.719: [GC [PSYoungGen: 48640K->6016K(49152K)] 88441K->45817K(160256K), 0.0019240 secs] [Times: user=0.00 sys=0.00, real=0.00 secs] 
199.721: Total time for which application threads were stopped: 0.0051010 seconds, Stopping threads took: 0.0031020 seconds
199.760: Application time: 0.0395250 seconds
199.762: [GC [PSYoungGen: 48512K->5824K(49152K)] 88313K->45625K(160256K), 0.0018130 secs] [Times: user=0.01 sys=0.00, real=0.00 secs] 
199.764: Total time for which application threads were stopped: 0.0036780 seconds, Stopping threads took: 0.0017880 seconds
199.804: Application time: 0.0396660 seconds
199.806: [GC [PSYoungGen: 48320K->6656K(49152K)] 88121K->47361K(160256K), 0.0022710 secs] [Times: user=0.02 sys=0.00, real=0.01 secs] 
199.808: Total time for which application threads were stopped: 0.0043330 seconds, Stopping threads took: 0.0019780 seconds
199.846: Application time: 0.0384810 seconds
199.848: [GC [PSYoungGen: 49152K->6640K(49152K)] 89857K->48025K(160256K), 0.0021410 secs] [Times: user=0.02 sys=0.00, real=0.00 secs] 
199.851: Total time for which application threads were stopped: 0.0041950 seconds, Stopping threads took: 0.0019710 seconds
199.890: Application time: 0.0394700 seconds
199.891: [GC [PSYoungGen: 49136K->6624K(49152K)] 90521K->48633K(160256K), 0.0021070 secs] [Times: user=0.01 sys=0.00, real=0.00 secs] 
199.893: Total time for which application threads were stopped: 0.0030540 seconds, Stopping threads took: 0.0008670 seconds
199.934: Application time: 0.0404010 seconds
199.936: [GC [PSYoungGen: 49120K->6656K(49152K)] 91129K->50073K(160256K), 0.0024210 secs] [Times: user=0.01 sys=0.00, real=0.00 secs] 
199.938: Total time for which application threads were stopped: 0.0048630 seconds, Stopping threads took: 0.0023570 seconds
199.977: Application time: 0.0386610 seconds
199.978: [GC [PSYoungGen: 49152K->6656K(49152K)] 92569K->50129K(160256K), 0.0020050 secs] [Times: user=0.01 sys=0.00, real=0.01 secs] 
199.980: Total time for which application threads were stopped: 0.0033230 seconds, Stopping threads took: 0.0012350 seconds
200.019: Application time: 0.0385530 seconds
200.021: [GC [PSYoungGen: 49152K->6112K(49152K)] 92625K->49585K(160256K), 0.0017910 secs] [Times: user=0.01 sys=0.00, real=0.00 secs] 
200.023: Total time for which application threads were stopped: 0.0040210 seconds, Stopping threads took: 0.0021510 seconds
200.061: Application time: 0.0381090 seconds
200.062: [GC [PSYoungGen: 48608K->6448K(49152K)] 92081K->49929K(160256K), 0.0019780 secs] [Times: user=0.01 sys=0.00, real=0.00 secs] 
200.064: Total time for which application threads were stopped: 0.0030890 seconds, Stopping threads took: 0.0010330 seconds
200.103: Application time: 0.0390190 seconds
200.105: [GC [PSYoungGen: 48944K->6624K(49152K)] 92425K->50681K(160256K), 0.0021400 secs] [Times: user=0.01 sys=0.00, real=0.01 secs] 
200.108: Total time for which application threads were stopped: 0.0044600 seconds, Stopping threads took: 0.0022350 seconds
200.146: Application time: 0.0384220 seconds
200.149: [GC [PSYoungGen: 49120K->6192K(49152K)] 93177K->50249K(160256K), 0.0018340 secs] [Times: user=0.01 sys=0.00, real=0.00 secs] 
200.150: Total time for which application threads were stopped: 0.0044120 seconds, Stopping threads took: 0.0024920 seconds
200.188: Application time: 0.0377300 seconds
200.190: [GC [PSYoungGen: 48688K->6096K(49152K)] 92745K->50161K(160256K), 0.0018000 secs] [Times: user=0.01 sys=0.00, real=0.00 secs] 
200.192: Total time for which application threads were stopped: 0.0039500 seconds, Stopping threads took: 0.0020730 seconds
200.231: Application time: 0.0389450 seconds
200.233: [GC [PSYoungGen: 48591K->6624K(49152K)] 92657K->50801K(160256K), 0.0019680 secs] [Times: user=0.01 sys=0.01, real=0.00 secs] 
200.235: Total time for which application threads were stopped: 0.0034580 seconds, Stopping threads took: 0.0014030 seconds
200.274: Application time: 0.0393340 seconds
200.276: [GC [PSYoungGen: 49120K->5616K(49152K)] 93297K->49793K(160256K), 0.0018230 secs] [Times: user=0.01 sys=0.00, real=0.00 secs] 
200.278: Total time for which application threads were stopped: 0.0039230 seconds, Stopping threads took: 0.0020230 seconds
200.318: Application time: 0.0406500 seconds
200.320: [GC [PSYoungGen: 48112K->5568K(49152K)] 92289K->49753K(160256K), 0.0016870 secs] [Times: user=0.01 sys=0.00, real=0.00 secs] 
200.322: Total time for which application threads were stopped: 0.0031850 seconds, Stopping threads took: 0.0014260 seconds
200.362: Application time: 0.0408090 seconds
200.363: [GC [PSYoungGen: 48064K->5008K(49152K)] 92249K->49193K(160256K), 0.0015560 secs] [Times: user=0.01 sys=0.00, real=0.00 secs] 
200.365: Total time for which application threads were stopped: 0.0022490 seconds, Stopping threads took: 0.0006210 seconds
200.404: Application time: 0.0396620 seconds
200.406: [GC [PSYoungGen: 47504K->6160K(49152K)] 91689K->50353K(160256K), 0.0018130 secs] [Times: user=0.01 sys=0.00, real=0.01 secs] 
200.408: Total time for which application threads were stopped: 0.0034910 seconds, Stopping threads took: 0.0015990 seconds
200.447: Application time: 0.0394660 seconds
200.450: [GC [PSYoungGen: 48656K->6624K(49152K)] 92849K->51154K(160256K), 0.0021020 secs] [Times: user=0.01 sys=0.00, real=0.00 secs] 
200.452: Total time for which application threads were stopped: 0.0043860 seconds, Stopping threads took: 0.0022030 seconds
200.491: Application time: 0.0387730 seconds
200.492: [GC [PSYoungGen: 49120K->6640K(49152K)] 93650K->51210K(160256K), 0.0020150 secs] [Times: user=0.02 sys=0.00, real=0.00 secs] 
200.494: Total time for which application threads were stopped: 0.0032600 seconds, Stopping threads took: 0.0011610 seconds
200.532: Application time: 0.0382550 seconds
200.534: [GC [PSYoungGen: 49136K->6640K(49152K)] 93706K->51522K(160256K), 0.0021120 secs] [Times: user=0.02 sys=0.00, real=0.00 secs] 
200.536: Total time for which application threads were stopped: 0.0041100 seconds, Stopping threads took: 0.0019110 seconds
200.575: Application time: 0.0385540 seconds
200.577: [GC [PSYoungGen: 49136K->6480K(49152K)] 94018K->51362K(160256K), 0.0019370 secs] [Times: user=0.02 sys=0.00, real=0.01 secs] 
200.579: Total time for which application threads were stopped: 0.0043930 seconds, Stopping threads took: 0.0023750 seconds
200.620: Application time: 0.0413820 seconds
200.622: [GC [PSYoungGen: 48976K->5024K(49152K)] 93858K->49914K(160256K), 0.0015370 secs] [Times: user=0.01 sys=0.00, real=0.00 secs] 
200.624: Total time for which application threads were stopped: 0.0032710 seconds, Stopping threads took: 0.0016600 seconds
200.661: Application time: 0.0367930 seconds
200.662: [GC [PSYoungGen: 47520K->6528K(49152K)] 92410K->51426K(160256K), 0.0018900 secs] [Times: user=0.01 sys=0.00, real=0.00 secs] 
200.664: Total time for which application threads were stopped: 0.0033220 seconds, Stopping threads took: 0.0013390 seconds
200.704: Application time: 0.0397230 seconds
200.704: [GC [PSYoungGen: 49024K->5280K(49152K)] 93922K->50194K(160256K), 0.0016210 secs] [Times: user=0.01 sys=0.00, real=0.00 secs] 
200.706: Total time for which application threads were stopped: 0.0023970 seconds, Stopping threads took: 0.0007040 seconds
200.744: Application time: 0.0376840 seconds
200.745: [GC [PSYoungGen: 47776K->6512K(49152K)] 92690K->51426K(160256K), 0.0019780 secs] [Times: user=0.01 sys=0.00, real=0.01 secs] 
200.747: Total time for which application threads were stopped: 0.0034780 seconds, Stopping threads took: 0.0014170 seconds
200.785: Application time: 0.0380200 seconds
200.788: [GC [PSYoungGen: 49008K->6640K(49152K)] 93922K->52250K(160256K), 0.0021740 secs] [Times: user=0.02 sys=0.00, real=0.00 secs] 
200.790: Total time for which application threads were stopped: 0.0047800 seconds, Stopping threads took: 0.0025130 seconds
200.832: Application time: 0.0416500 seconds
200.833: [GC [PSYoungGen: 49136K->5376K(49152K)] 94746K->51002K(160256K), 0.0016870 secs] [Times: user=0.01 sys=0.00, real=0.00 secs] 
200.835: Total time for which application threads were stopped: 0.0030060 seconds, Stopping threads took: 0.0012400 seconds
200.874: Application time: 0.0391940 seconds
200.875: [GC [PSYoungGen: 47872K->5872K(49152K)] 93498K->51498K(160256K), 0.0019160 secs] [Times: user=0.01 sys=0.00, real=0.00 secs] 
200.877: Total time for which application threads were stopped: 0.0033770 seconds, Stopping threads took: 0.0013820 seconds
200.915: Application time: 0.0381360 seconds
200.917: [GC [PSYoungGen: 48368K->6656K(49152K)] 93994K->53770K(160256K), 0.0026640 secs] [Times: user=0.02 sys=0.00, real=0.01 secs] 
200.920: Total time for which application threads were stopped: 0.0046830 seconds, Stopping threads took: 0.0019320 seconds
200.957: Application time: 0.0373320 seconds
200.959: [GC [PSYoungGen: 49152K->6656K(49152K)] 96266K->54074K(160256K), 0.0021400 secs] [Times: user=0.01 sys=0.00, real=0.00 secs] 
200.962: Total time for which application threads were stopped: 0.0043090 seconds, Stopping threads took: 0.0020640 seconds
201.001: Application time: 0.0389060 seconds
201.002: [GC [PSYoungGen: 49152K->6624K(49152K)] 96570K->54202K(160256K), 0.0020040 secs] [Times: user=0.01 sys=0.00, real=0.00 secs] 
201.004: Total time for which application threads were stopped: 0.0035090 seconds, Stopping threads took: 0.0014220 seconds
201.041: Application time: 0.0372550 seconds
201.043: [GC [PSYoungGen: 49120K->6624K(49152K)] 96698K->55146K(160256K), 0.0023270 secs] [Times: user=0.01 sys=0.00, real=0.00 secs] 
201.046: Total time for which application threads were stopped: 0.0042250 seconds, Stopping threads took: 0.0018140 seconds
201.085: Application time: 0.0393130 seconds
201.087: [GC [PSYoungGen: 49120K->6624K(49152K)] 97642K->56178K(160256K), 0.0022510 secs] [Times: user=0.02 sys=0.00, real=0.00 secs] 
201.090: Total time for which application threads were stopped: 0.0047440 seconds, Stopping threads took: 0.0024090 seconds
201.128: Application time: 0.0380040 seconds
201.131: [GC [PSYoungGen: 49120K->6544K(49152K)] 98674K->56106K(160256K), 0.0019370 secs] [Times: user=0.02 sys=0.00, real=0.00 secs] 
201.133: Total time for which application threads were stopped: 0.0048580 seconds, Stopping threads took: 0.0028380 seconds
201.172: Application time: 0.0392920 seconds
201.174: [GC [PSYoungGen: 49040K->6624K(49152K)] 98602K->56858K(160256K), 0.0021310 secs] [Times: user=0.01 sys=0.00, real=0.00 secs] 
201.176: Total time for which application threads were stopped: 0.0044080 seconds, Stopping threads took: 0.0021860 seconds
201.215: Application time: 0.0391000 seconds
201.217: [GC [PSYoungGen: 49120K->5696K(49152K)] 99354K->55930K(160256K), 0.0017200 secs] [Times: user=0.01 sys=0.00, real=0.01 secs] 
201.219: Total time for which application threads were stopped: 0.0036670 seconds, Stopping threads took: 0.0018690 seconds
201.259: Application time: 0.0403100 seconds
201.262: [GC [PSYoungGen: 48190K->6656K(49152K)] 98424K->58258K(160256K), 0.0022240 secs] [Times: user=0.02 sys=0.00, real=0.00 secs] 
201.264: Total time for which application threads were stopped: 0.0046060 seconds, Stopping threads took: 0.0023030 seconds
201.303: Application time: 0.0391770 seconds
201.305: [GC [PSYoungGen: 49152K->6656K(49152K)] 100754K->59378K(160256K), 0.0022210 secs] [Times: user=0.02 sys=0.00, real=0.01 secs] 
201.308: Total time for which application threads were stopped: 0.0044950 seconds, Stopping threads took: 0.0021900 seconds
201.352: Application time: 0.0445460 seconds
201.353: [GC [PSYoungGen: 49152K->6288K(49152K)] 101874K->59010K(160256K), 0.0020450 secs] [Times: user=0.01 sys=0.00, real=0.00 secs] 
201.355: Total time for which application threads were stopped: 0.0032200 seconds, Stopping threads took: 0.0010940 seconds
201.396: Application time: 0.0409420 seconds
201.398: [GC [PSYoungGen: 48784K->5344K(49152K)] 101506K->58066K(160256K), 0.0016030 secs] [Times: user=0.01 sys=0.00, real=0.01 secs] 
201.399: Total time for which application threads were stopped: 0.0030730 seconds, Stopping threads took: 0.0013930 seconds
201.439: Application time: 0.0392690 seconds
201.440: [GC [PSYoungGen: 47840K->6640K(49152K)] 100562K->59610K(160256K), 0.0020710 secs] [Times: user=0.01 sys=0.00, real=0.00 secs] 
201.442: Total time for which application threads were stopped: 0.0035430 seconds, Stopping threads took: 0.0013930 seconds
201.481: Application time: 0.0384360 seconds
201.483: [GC [PSYoungGen: 49136K->5840K(49152K)] 102106K->58810K(160256K), 0.0017680 secs] [Times: user=0.02 sys=0.00, real=0.00 secs] 
201.485: Total time for which application threads were stopped: 0.0041590 seconds, Stopping threads took: 0.0023130 seconds
201.522: Application time: 0.0369330 seconds
201.523: [GC [PSYoungGen: 48336K->6624K(49152K)] 101306K->60162K(160256K), 0.0021730 secs] [Times: user=0.01 sys=0.00, real=0.00 secs] 
201.525: Total time for which application threads were stopped: 0.0035290 seconds, Stopping threads took: 0.0012750 seconds
201.564: Application time: 0.0387820 seconds
201.566: [GC [PSYoungGen: 49120K->6624K(49152K)] 102658K->60474K(160256K), 0.0021740 secs] [Times: user=0.01 sys=0.00, real=0.01 secs] 
201.568: Total time for which application threads were stopped: 0.0043130 seconds, Stopping threads took: 0.0020490 seconds
201.606: Application time: 0.0373050 seconds
201.607: [GC [PSYoungGen: 49120K->6640K(49152K)] 102970K->61534K(160256K), 0.0025440 secs] [Times: user=0.02 sys=0.00, real=0.00 secs] 
201.609: Total time for which application threads were stopped: 0.0038270 seconds, Stopping threads took: 0.0012030 seconds
201.649: Application time: 0.0398410 seconds
201.652: [GC [PSYoungGen: 49136K->6640K(49152K)] 104030K->61566K(160256K), 0.0019440 secs] [Times: user=0.01 sys=0.00, real=0.00 secs] 
201.654: Total time for which application threads were stopped: 0.0042150 seconds, Stopping threads took: 0.0021890 seconds
201.692: Application time: 0.0382260 seconds
201.694: [GC [PSYoungGen: 49136K->6640K(49152K)] 104062K->61782K(160256K), 0.0021340 secs] [Times: user=0.01 sys=0.00, real=0.00 secs] 
201.696: Total time for which application threads were stopped: 0.0045680 seconds, Stopping threads took: 0.0023410 seconds
201.735: Application time: 0.0386570 seconds
201.737: [GC [PSYoungGen: 49136K->5440K(49152K)] 104278K->60582K(160256K), 0.0016520 secs] [Times: user=0.01 sys=0.00, real=0.01 secs] 
201.739: Total time for which application threads were stopped: 0.0037350 seconds, Stopping threads took: 0.0020010 seconds
201.780: Application time: 0.0416510 seconds
201.782: [GC [PSYoungGen: 47936K->5264K(49152K)] 103078K->60414K(160256K), 0.0016210 secs] [Times: user=0.02 sys=0.00, real=0.00 secs] 
201.784: Total time for which application threads were stopped: 0.0033710 seconds, Stopping threads took: 0.0016780 seconds
201.822: Application time: 0.0383460 seconds
201.823: [GC [PSYoungGen: 47760K->6144K(49152K)] 102910K->61294K(160256K), 0.0018090 secs] [Times: user=0.02 sys=0.00, real=0.00 secs] 
201.825: Total time for which application threads were stopped: 0.0032290 seconds, Stopping threads took: 0.0013390 seconds
201.866: Application time: 0.0404390 seconds
201.867: [GC [PSYoungGen: 48640K->6640K(49152K)] 103790K->62110K(160256K), 0.0020690 secs] [Times: user=0.02 sys=0.00, real=0.00 secs] 
201.870: Total time for which application threads were stopped: 0.0038180 seconds, Stopping threads took: 0.0016650 seconds
201.908: Application time: 0.0382890 seconds
201.910: [GC [PSYoungGen: 49136K->6640K(49152K)] 104606K->62822K(160256K), 0.0023220 secs] [Times: user=0.01 sys=0.00, real=0.00 secs] 
201.913: Total time for which application threads were stopped: 0.0047320 seconds, Stopping threads took: 0.0023260 seconds
201.953: Application time: 0.0404700 seconds
201.955: [GC [PSYoungGen: 49136K->6176K(49152K)] 105318K->62374K(160256K), 0.0018390 secs] [Times: user=0.01 sys=0.00, real=0.00 secs] 
201.957: Total time for which application threads were stopped: 0.0042240 seconds, Stopping threads took: 0.0023000 seconds
201.999: Application time: 0.0413800 seconds
202.000: [GC [PSYoungGen: 48672K->4912K(49152K)] 104870K->61110K(160256K), 0.0015560 secs] [Times: user=0.01 sys=0.00, real=0.00 secs] 
202.002: Total time for which application threads were stopped: 0.0028280 seconds, Stopping threads took: 0.0012010 seconds
202.040: Application time: 0.0388090 seconds
202.042: [GC [PSYoungGen: 47408K->6416K(49152K)] 103606K->62614K(160256K), 0.0019500 secs] [Times: user=0.01 sys=0.00, real=0.00 secs] 
202.044: Total time for which application threads were stopped: 0.0038640 seconds, Stopping threads took: 0.0018320 seconds
202.083: Application time: 0.0392130 seconds
202.086: [GC [PSYoungGen: 48912K->6480K(49152K)] 105110K->62678K(160256K), 0.0019990 secs] [Times: user=0.02 sys=0.00, real=0.01 secs] 
202.088: Total time for which application threads were stopped: 0.0045890 seconds, Stopping threads took: 0.0025060 seconds
202.126: Application time: 0.0381910 seconds
202.128: [GC [PSYoungGen: 48976K->6640K(49152K)] 105174K->63046K(160256K), 0.0019970 secs] [Times: user=0.02 sys=0.00, real=0.00 secs] 
202.130: Total time for which application threads were stopped: 0.0036520 seconds, Stopping threads took: 0.0015780 seconds
202.169: Application time: 0.0395830 seconds
202.171: [GC [PSYoungGen: 49136K->6624K(49152K)] 105542K->63142K(160256K), 0.0020040 secs] [Times: user=0.01 sys=0.00, real=0.00 secs] 
202.173: Total time for which application threads were stopped: 0.0036250 seconds, Stopping threads took: 0.0015420 seconds
202.215: Application time: 0.0423580 seconds
202.217: [GC [PSYoungGen: 49120K->5744K(49152K)] 105638K->62270K(160256K), 0.0017910 secs] [Times: user=0.02 sys=0.00, real=0.01 secs] 
202.219: Total time for which application threads were stopped: 0.0035770 seconds, Stopping threads took: 0.0016980 seconds
202.259: Application time: 0.0398510 seconds
202.261: [GC [PSYoungGen: 48240K->6544K(49152K)] 104766K->63070K(160256K), 0.0019730 secs] [Times: user=0.02 sys=0.00, real=0.00 secs] 
202.263: Total time for which application threads were stopped: 0.0041450 seconds, Stopping threads took: 0.0020920 seconds
202.305: Application time: 0.0419910 seconds
202.308: [GC [PSYoungGen: 49040K->5584K(49152K)] 105566K->62110K(160256K), 0.0016440 secs] [Times: user=0.01 sys=0.00, real=0.00 secs] 
202.309: Total time for which application threads were stopped: 0.0043370 seconds, Stopping threads took: 0.0026200 seconds
202.349: Application time: 0.0393240 seconds
202.351: [GC [PSYoungGen: 48080K->6656K(49152K)] 104606K->63750K(160256K), 0.0022060 secs] [Times: user=0.01 sys=0.00, real=0.00 secs] 
202.353: Total time for which application threads were stopped: 0.0044320 seconds, Stopping threads took: 0.0021470 seconds
202.392: Application time: 0.0387490 seconds
202.394: [GC [PSYoungGen: 49152K->6656K(49152K)] 106246K->64158K(160256K), 0.0021400 secs] [Times: user=0.02 sys=0.00, real=0.00 secs] 
202.396: Total time for which application threads were stopped: 0.0045130 seconds, Stopping threads took: 0.0022880 seconds
202.435: Application time: 0.0382340 seconds
202.437: [GC [PSYoungGen: 49152K->6624K(49152K)] 106654K->64126K(160256K), 0.0020190 secs] [Times: user=0.01 sys=0.01, real=0.01 secs] 
202.439: Total time for which application threads were stopped: 0.0041780 seconds, Stopping threads took: 0.0020720 seconds
202.477: Application time: 0.0380700 seconds
202.480: [GC [PSYoungGen: 49120K->6656K(49152K)] 106622K->64438K(160256K), 0.0020820 secs] [Times: user=0.01 sys=0.00, real=0.00 secs] 
202.482: Total time for which application threads were stopped: 0.0048500 seconds, Stopping threads took: 0.0026840 seconds
202.522: Application time: 0.0400690 seconds
202.523: [GC [PSYoungGen: 49150K->6656K(49152K)] 106932K->64454K(160256K), 0.0019800 secs] [Times: user=0.02 sys=0.00, real=0.00 secs] 
202.526: Total time for which application threads were stopped: 0.0037000 seconds, Stopping threads took: 0.0016340 seconds
202.564: Application time: 0.0381450 seconds
202.565: [GC [PSYoungGen: 49150K->6560K(49152K)] 106949K->64358K(160256K), 0.0019540 secs] [Times: user=0.01 sys=0.00, real=0.01 secs] 
202.567: Total time for which application threads were stopped: 0.0033320 seconds, Stopping threads took: 0.0012950 seconds
202.606: Application time: 0.0387060 seconds
202.608: [GC [PSYoungGen: 49056K->6240K(49152K)] 106854K->64046K(160256K), 0.0019120 secs] [Times: user=0.01 sys=0.00, real=0.00 secs] 
202.610: Total time for which application threads were stopped: 0.0038780 seconds, Stopping threads took: 0.0018840 seconds
202.648: Application time: 0.0384310 seconds
202.651: [GC [PSYoungGen: 48736K->6656K(49152K)] 106542K->65726K(160256K), 0.0022350 secs] [Times: user=0.01 sys=0.00, real=0.00 secs] 
202.653: Total time for which application threads were stopped: 0.0052340 seconds, Stopping threads took: 0.0029200 seconds
202.691: Application time: 0.0378570 seconds
202.693: [GC [PSYoungGen: 49152K->6656K(49152K)] 108222K->65822K(160256K), 0.0020030 secs] [Times: user=0.02 sys=0.00, real=0.00 secs] 
202.695: Total time for which application threads were stopped: 0.0041170 seconds, Stopping threads took: 0.0020270 seconds
202.732: Application time: 0.0370020 seconds
202.734: [GC [PSYoungGen: 49152K->6656K(49152K)] 108318K->66870K(160256K), 0.0023380 secs] [Times: user=0.02 sys=0.00, real=0.00 secs] 
202.737: Total time for which application threads were stopped: 0.0043200 seconds, Stopping threads took: 0.0018880 seconds
202.775: Application time: 0.0383910 seconds
202.777: [GC [PSYoungGen: 49151K->6656K(49152K)] 109366K->66878K(160256K), 0.0019060 secs] [Times: user=0.01 sys=0.00, real=0.00 secs] 
202.779: Total time for which application threads were stopped: 0.0035670 seconds, Stopping threads took: 0.0015790 seconds
202.817: Application time: 0.0381250 seconds
202.818: [GC [PSYoungGen: 49152K->5920K(49152K)] 109374K->66142K(160256K), 0.0018440 secs] [Times: user=0.01 sys=0.00, real=0.01 secs] 
202.820: Total time for which application threads were stopped: 0.0037240 seconds, Stopping threads took: 0.0018000 seconds
202.860: Application time: 0.0400950 seconds
202.862: [GC [PSYoungGen: 48416K->5264K(49152K)] 108638K->65494K(160256K), 0.0017230 secs] [Times: user=0.01 sys=0.00, real=0.00 secs] 
202.863: Total time for which application threads were stopped: 0.0029210 seconds, Stopping threads took: 0.0011240 seconds
202.904: Application time: 0.0402660 seconds
202.905: [GC [PSYoungGen: 47760K->5136K(49152K)] 107990K->65374K(160256K), 0.0015620 secs] [Times: user=0.01 sys=0.00, real=0.01 secs] 
202.907: Total time for which application threads were stopped: 0.0030570 seconds, Stopping threads took: 0.0014190 seconds
202.946: Application time: 0.0396520 seconds
202.948: [GC [PSYoungGen: 47632K->6016K(49152K)] 107870K->66254K(160256K), 0.0018870 secs] [Times: user=0.01 sys=0.00, real=0.00 secs] 
202.950: Total time for which application threads were stopped: 0.0034040 seconds, Stopping threads took: 0.0014370 seconds
202.990: Application time: 0.0398090 seconds
202.992: [GC [PSYoungGen: 48512K->6016K(49152K)] 108750K->66262K(160256K), 0.0019150 secs] [Times: user=0.01 sys=0.00, real=0.00 secs] 
202.994: Total time for which application threads were stopped: 0.0040280 seconds, Stopping threads took: 0.0020170 seconds
203.032: Application time: 0.0387530 seconds
203.034: [GC [PSYoungGen: 48512K->5888K(49152K)] 108758K->66134K(160256K), 0.0017420 secs] [Times: user=0.01 sys=0.00, real=0.00 secs] 
203.036: Total time for which application threads were stopped: 0.0039120 seconds, Stopping threads took: 0.0020910 seconds
203.076: Application time: 0.0398760 seconds
203.079: [GC [PSYoungGen: 48384K->6640K(49152K)] 108630K->67006K(160256K), 0.0019450 secs] [Times: user=0.02 sys=0.00, real=0.00 secs] 
203.081: Total time for which application threads were stopped: 0.0049080 seconds, Stopping threads took: 0.0028830 seconds
203.120: Application time: 0.0394060 seconds
203.123: [GC [PSYoungGen: 49136K->6640K(49152K)] 109502K->68098K(160256K), 0.0023070 secs] [Times: user=0.02 sys=0.00, real=0.00 secs] 
203.125: Total time for which application threads were stopped: 0.0045260 seconds, Stopping threads took: 0.0021290 seconds
203.165: Application time: 0.0396550 seconds
203.166: [GC [PSYoungGen: 49136K->6640K(49152K)] 110594K->68354K(160256K), 0.0020930 secs] [Times: user=0.01 sys=0.00, real=0.01 secs] 
203.168: Total time for which application threads were stopped: 0.0036910 seconds, Stopping threads took: 0.0015120 seconds
203.206: Application time: 0.0372010 seconds
203.208: [GC [PSYoungGen: 49136K->6640K(49152K)] 110850K->68418K(160256K), 0.0020280 secs] [Times: user=0.01 sys=0.00, real=0.00 secs] 
203.210: Total time for which application threads were stopped: 0.0040500 seconds, Stopping threads took: 0.0019400 seconds
203.248: Application time: 0.0388780 seconds
203.251: [GC [PSYoungGen: 49136K->6624K(49152K)] 110914K->68426K(160256K), 0.0020200 secs] [Times: user=0.02 sys=0.00, real=0.00 secs] 
203.253: Total time for which application threads were stopped: 0.0048050 seconds, Stopping threads took: 0.0026890 seconds
203.290: Application time: 0.0370600 seconds
203.293: [GC [PSYoungGen: 49120K->6640K(49152K)] 110922K->68722K(160256K), 0.0020780 secs] [Times: user=0.02 sys=0.00, real=0.00 secs] 
203.295: Total time for which application threads were stopped: 0.0044060 seconds, Stopping threads took: 0.0022460 seconds
203.332: Application time: 0.0371030 seconds
203.333: [GC [PSYoungGen: 49136K->6656K(49152K)] 111218K->69794K(160256K), 0.0023170 secs] [Times: user=0.02 sys=0.00, real=0.00 secs] 
203.336: Total time for which application threads were stopped: 0.0039720 seconds, Stopping threads took: 0.0015710 seconds
203.374: Application time: 0.0385940 seconds
203.377: [GC [PSYoungGen: 49152K->6336K(49152K)] 112290K->69474K(160256K), 0.0018370 secs] [Times: user=0.01 sys=0.00, real=0.01 secs] 
203.379: Total time for which application threads were stopped: 0.0042010 seconds, Stopping threads took: 0.0022830 seconds
203.420: Application time: 0.0418460 seconds
203.422: [GC [PSYoungGen: 48832K->5248K(49152K)] 111970K->68394K(160256K), 0.0016340 secs] [Times: user=0.01 sys=0.00, real=0.00 secs] 
203.424: Total time for which application threads were stopped: 0.0030960 seconds, Stopping threads took: 0.0013890 seconds
203.463: Application time: 0.0394010 seconds
203.464: [GC [PSYoungGen: 47744K->5792K(49152K)] 110890K->68938K(160256K), 0.0017460 secs] [Times: user=0.01 sys=0.00, real=0.00 secs] 
203.466: Total time for which application threads were stopped: 0.0027760 seconds, Stopping threads took: 0.0009580 seconds
203.504: Application time: 0.0378140 seconds
203.506: [GC [PSYoungGen: 48287K->6624K(49152K)] 111434K->70195K(160256K), 0.0021770 secs] [Times: user=0.01 sys=0.00, real=0.01 secs] 
203.508: Total time for which application threads were stopped: 0.0044680 seconds, Stopping threads took: 0.0022080 seconds
203.545: Application time: 0.0372260 seconds
203.547: [GC [PSYoungGen: 49120K->6656K(49152K)] 112691K->71591K(160256K), 0.0024110 secs] [Times: user=0.02 sys=0.00, real=0.00 secs] 
203.549: Total time for which application threads were stopped: 0.0041870 seconds, Stopping threads took: 0.0016920 seconds
203.589: Application time: 0.0394790 seconds
203.592: [GC [PSYoungGen: 49152K->6656K(49152K)] 114087K->72791K(160256K), 0.0023270 secs] [Times: user=0.02 sys=0.00, real=0.00 secs] 
203.594: Total time for which application threads were stopped: 0.0053220 seconds, Stopping threads took: 0.0029130 seconds
203.634: Application time: 0.0402060 seconds
203.637: [GC [PSYoungGen: 49152K->6656K(49152K)] 115287K->72855K(160256K), 0.0020210 secs] [Times: user=0.01 sys=0.00, real=0.01 secs] 
203.640: Total time for which application threads were stopped: 0.0050700 seconds, Stopping threads took: 0.0029620 seconds
203.683: Application time: 0.0435710 seconds
203.684: [GC [PSYoungGen: 49152K->6096K(49152K)] 115351K->72295K(160256K), 0.0019410 secs] [Times: user=0.01 sys=0.00, real=0.00 secs] 
203.686: Total time for which application threads were stopped: 0.0024240 seconds, Stopping threads took: 0.0004020 seconds
203.726: Application time: 0.0408940 seconds
203.728: [GC [PSYoungGen: 48592K->6656K(49152K)] 114791K->73783K(160256K), 0.0023290 secs] [Times: user=0.02 sys=0.00, real=0.00 secs] 
203.730: Total time for which application threads were stopped: 0.0035650 seconds, Stopping threads took: 0.0011500 seconds
203.771: Application time: 0.0411070 seconds
203.773: [GC [PSYoungGen: 49152K->6432K(49152K)] 116279K->73567K(160256K), 0.0020210 secs] [Times: user=0.02 sys=0.00, real=0.00 secs] 
203.775: Total time for which application threads were stopped: 0.0041400 seconds, Stopping threads took: 0.0020180 seconds
203.817: Application time: 0.0418140 seconds
203.820: [GC [PSYoungGen: 48926K->6640K(49152K)] 116062K->73831K(160256K), 0.0021690 secs] [Times: user=0.01 sys=0.00, real=0.00 secs] 
203.822: Total time for which application threads were stopped: 0.0053550 seconds, Stopping threads took: 0.0031010 seconds
203.862: Application time: 0.0392920 seconds
203.863: [GC [PSYoungGen: 49136K->6640K(49152K)] 116327K->74039K(160256K), 0.0021410 secs] [Times: user=0.01 sys=0.00, real=0.00 secs] 
203.865: Total time for which application threads were stopped: 0.0035530 seconds, Stopping threads took: 0.0013320 seconds
203.906: Application time: 0.0405720 seconds
203.909: [GC [PSYoungGen: 49136K->6640K(49152K)] 116535K->75007K(160256K), 0.0023200 secs] [Times: user=0.02 sys=0.00, real=0.00 secs] 
203.912: Total time for which application threads were stopped: 0.0056700 seconds, Stopping threads took: 0.0032620 seconds
203.954: Application time: 0.0420550 seconds
203.955: [GC [PSYoungGen: 49136K->5664K(49152K)] 117503K->74039K(160256K), 0.0016690 secs] [Times: user=0.02 sys=0.00, real=0.00 secs] 
203.957: Total time for which application threads were stopped: 0.0033060 seconds, Stopping threads took: 0.0015580 seconds
203.999: Application time: 0.0421430 seconds
204.000: [GC [PSYoungGen: 48160K->5248K(49152K)] 116535K->73631K(160256K), 0.0016890 secs] [Times: user=0.02 sys=0.00, real=0.00 secs] 
204.002: Total time for which application threads were stopped: 0.0024740 seconds, Stopping threads took: 0.0007090 seconds
204.044: Application time: 0.0422800 seconds
204.045: [GC [PSYoungGen: 47744K->6160K(49152K)] 116127K->74551K(160256K), 0.0019050 secs] [Times: user=0.01 sys=0.00, real=0.01 secs] 
204.047: Total time for which application threads were stopped: 0.0035320 seconds, Stopping threads took: 0.0015390 seconds
204.090: Application time: 0.0426100 seconds
204.091: [GC [PSYoungGen: 48654K->6512K(49152K)] 117045K->74903K(160256K), 0.0019870 secs] [Times: user=0.02 sys=0.00, real=0.00 secs] 
204.093: Total time for which application threads were stopped: 0.0027570 seconds, Stopping threads took: 0.0006850 seconds
204.134: Application time: 0.0408350 seconds
204.136: [GC [PSYoungGen: 49008K->6544K(49152K)] 117399K->74935K(160256K), 0.0019890 secs] [Times: user=0.01 sys=0.00, real=0.00 secs] 
204.138: Total time for which application threads were stopped: 0.0044640 seconds, Stopping threads took: 0.0023950 seconds
204.180: Application time: 0.0416920 seconds
204.182: [GC [PSYoungGen: 49040K->6304K(49152K)] 117431K->74703K(160256K), 0.0018880 secs] [Times: user=0.02 sys=0.00, real=0.00 secs] 
204.184: Total time for which application threads were stopped: 0.0042360 seconds, Stopping threads took: 0.0022650 seconds
204.227: Application time: 0.0428720 seconds
204.229: [GC [PSYoungGen: 48800K->6016K(49152K)] 117199K->74415K(160256K), 0.0018120 secs] [Times: user=0.01 sys=0.00, real=0.00 secs] 
204.231: Total time for which application threads were stopped: 0.0037960 seconds, Stopping threads took: 0.0019020 seconds
204.273: Application time: 0.0419550 seconds
204.275: [GC [PSYoungGen: 48512K->6544K(49152K)] 116911K->74943K(160256K), 0.0019980 secs] [Times: user=0.01 sys=0.00, real=0.00 secs] 
204.277: Total time for which application threads were stopped: 0.0045150 seconds, Stopping threads took: 0.0024290 seconds
204.320: Application time: 0.0426460 seconds
204.322: [GC [PSYoungGen: 49040K->6656K(49152K)] 117439K->75695K(160256K), 0.0023300 secs] [Times: user=0.01 sys=0.00, real=0.00 secs] 
204.324: Total time for which application threads were stopped: 0.0042180 seconds, Stopping threads took: 0.0018080 seconds
204.366: Application time: 0.0419600 seconds
204.369: [GC [PSYoungGen: 49152K->6640K(49152K)] 118191K->77151K(160256K), 0.0024730 secs] [Times: user=0.01 sys=0.00, real=0.00 secs] 
204.372: Total time for which application threads were stopped: 0.0058270 seconds, Stopping threads took: 0.0032680 seconds
204.412: Application time: 0.0405570 seconds
204.414: [GC [PSYoungGen: 49136K->6656K(49152K)] 119647K->78303K(160256K), 0.0022800 secs] [Times: user=0.02 sys=0.00, real=0.00 secs] 
204.417: Total time for which application threads were stopped: 0.0044540 seconds, Stopping threads took: 0.0020880 seconds
204.458: Application time: 0.0415620 seconds
204.462: [GC [PSYoungGen: 49152K->6528K(49152K)] 120799K->78175K(160256K), 0.0019840 secs] [Times: user=0.02 sys=0.00, real=0.00 secs] 
204.464: Total time for which application threads were stopped: 0.0052450 seconds, Stopping threads took: 0.0031740 seconds
204.503: Application time: 0.0395580 seconds
204.505: [GC [PSYoungGen: 49024K->6656K(49152K)] 120671K->79083K(160256K), 0.0023090 secs] [Times: user=0.02 sys=0.00, real=0.01 secs] 
204.508: Total time for which application threads were stopped: 0.0044690 seconds, Stopping threads took: 0.0020750 seconds
204.548: Application time: 0.0407150 seconds
204.551: [GC [PSYoungGen: 49152K->6640K(49152K)] 121579K->79651K(160256K), 0.0022100 secs] [Times: user=0.01 sys=0.00, real=0.00 secs] 
204.554: Total time for which application threads were stopped: 0.0053150 seconds, Stopping threads took: 0.0030190 seconds
204.595: Application time: 0.0408790 seconds
204.598: [GC [PSYoungGen: 49136K->6656K(49152K)] 122147K->80075K(160256K), 0.0022220 secs] [Times: user=0.02 sys=0.00, real=0.01 secs] 
204.600: Total time for which application threads were stopped: 0.0052940 seconds, Stopping threads took: 0.0029830 seconds
204.640: Application time: 0.0404020 seconds
204.642: [GC [PSYoungGen: 49152K->6048K(49152K)] 122571K->79467K(160256K), 0.0019100 secs] [Times: user=0.01 sys=0.00, real=0.00 secs] 
204.644: Total time for which application threads were stopped: 0.0034910 seconds, Stopping threads took: 0.0014780 seconds
204.685: Application time: 0.0413710 seconds
204.687: [GC [PSYoungGen: 48544K->5968K(49152K)] 121963K->79387K(160256K), 0.0018610 secs] [Times: user=0.01 sys=0.00, real=0.00 secs] 
204.689: Total time for which application threads were stopped: 0.0038090 seconds, Stopping threads took: 0.0018650 seconds
204.731: Application time: 0.0424980 seconds
204.733: [GC [PSYoungGen: 48464K->5440K(49152K)] 121883K->78867K(160256K), 0.0017600 secs] [Times: user=0.01 sys=0.01, real=0.00 secs] 
204.735: Total time for which application threads were stopped: 0.0034350 seconds, Stopping threads took: 0.0015890 seconds
204.777: Application time: 0.0422050 seconds
204.779: [GC [PSYoungGen: 47936K->5552K(49152K)] 121363K->78979K(160256K), 0.0017890 secs] [Times: user=0.01 sys=0.00, real=0.00 secs] 
204.781: Total time for which application threads were stopped: 0.0038250 seconds, Stopping threads took: 0.0019470 seconds
204.823: Application time: 0.0418920 seconds
204.825: [GC [PSYoungGen: 48048K->5744K(49152K)] 121475K->79171K(160256K), 0.0017880 secs] [Times: user=0.01 sys=0.00, real=0.01 secs] 
204.827: Total time for which application threads were stopped: 0.0039480 seconds, Stopping threads took: 0.0020760 seconds
204.870: Application time: 0.0433750 seconds
204.872: [GC [PSYoungGen: 48240K->5856K(49152K)] 121667K->79283K(160256K), 0.0018450 secs] [Times: user=0.02 sys=0.00, real=0.00 secs] 
204.874: Total time for which application threads were stopped: 0.0036080 seconds, Stopping threads took: 0.0016790 seconds
204.916: Application time: 0.0424050 seconds
204.918: [GC [PSYoungGen: 48352K->5776K(49152K)] 121779K->79219K(160256K), 0.0017870 secs] [Times: user=0.01 sys=0.00, real=0.01 secs] 
204.920: Total time for which application threads were stopped: 0.0034390 seconds, Stopping threads took: 0.0015630 seconds
204.963: Application time: 0.0429570 seconds
204.965: [GC [PSYoungGen: 48272K->6576K(49152K)] 121715K->80027K(160256K), 0.0020650 secs] [Times: user=0.01 sys=0.00, real=0.01 secs] 
204.967: Total time for which application threads were stopped: 0.0048770 seconds, Stopping threads took: 0.0027280 seconds
205.009: Application time: 0.0411490 seconds
205.011: [GC [PSYoungGen: 49072K->5888K(49152K)] 122523K->79339K(160256K), 0.0018150 secs] [Times: user=0.02 sys=0.00, real=0.00 secs] 
205.013: Total time for which application threads were stopped: 0.0040710 seconds, Stopping threads took: 0.0021760 seconds
205.054: Application time: 0.0411840 seconds
205.055: [GC [PSYoungGen: 48384K->6624K(49152K)] 121835K->80123K(160256K), 0.0020910 secs] [Times: user=0.01 sys=0.00, real=0.00 secs] 
205.057: Total time for which application threads were stopped: 0.0030620 seconds, Stopping threads took: 0.0008910 seconds
205.099: Application time: 0.0419760 seconds
205.101: [GC [PSYoungGen: 49120K->6640K(49152K)] 122619K->81051K(160256K), 0.0023650 secs] [Times: user=0.02 sys=0.00, real=0.00 secs] 
205.103: Total time for which application threads were stopped: 0.0045200 seconds, Stopping threads took: 0.0020690 seconds
205.145: Application time: 0.0415460 seconds
205.147: [GC [PSYoungGen: 49136K->6656K(49152K)] 123547K->81771K(160256K), 0.0022280 secs] [Times: user=0.02 sys=0.00, real=0.00 secs] 
205.149: Total time for which application threads were stopped: 0.0038670 seconds, Stopping threads took: 0.0015480 seconds
205.190: Application time: 0.0410530 seconds
205.192: [GC [PSYoungGen: 49152K->6656K(49152K)] 124267K->81851K(160256K), 0.0020960 secs] [Times: user=0.02 sys=0.00, real=0.00 secs] 
205.194: Total time for which application threads were stopped: 0.0038030 seconds, Stopping threads took: 0.0016220 seconds
205.234: Application time: 0.0406630 seconds
205.237: [GC [PSYoungGen: 49152K->5696K(49152K)] 124347K->80907K(160256K), 0.0017670 secs] [Times: user=0.01 sys=0.00, real=0.01 secs] 
205.239: Total time for which application threads were stopped: 0.0047570 seconds, Stopping threads took: 0.0029090 seconds
205.281: Application time: 0.0415490 seconds
205.282: [GC [PSYoungGen: 48192K->5280K(49152K)] 123403K->80491K(160256K), 0.0016740 secs] [Times: user=0.01 sys=0.00, real=0.00 secs] 
205.284: Total time for which application threads were stopped: 0.0033720 seconds, Stopping threads took: 0.0016080 seconds
205.324: Application time: 0.0398810 seconds
205.325: [GC [PSYoungGen: 47776K->6016K(49152K)] 122987K->81227K(160256K), 0.0018500 secs] [Times: user=0.01 sys=0.00, real=0.01 secs] 
205.327: Total time for which application threads were stopped: 0.0028280 seconds, Stopping threads took: 0.0008940 seconds
205.367: Application time: 0.0404120 seconds
205.369: [GC [PSYoungGen: 48512K->6640K(49152K)] 123723K->82411K(160256K), 0.0023260 secs] [Times: user=0.02 sys=0.00, real=0.00 secs] 
205.371: Total time for which application threads were stopped: 0.0041600 seconds, Stopping threads took: 0.0017460 seconds
205.412: Application time: 0.0402260 seconds
205.414: [GC [PSYoungGen: 49136K->6624K(49152K)] 124907K->82411K(160256K), 0.0022520 secs] [Times: user=0.01 sys=0.00, real=0.00 secs] 
205.417: Total time for which application threads were stopped: 0.0050670 seconds, Stopping threads took: 0.0027030 seconds
205.458: Application time: 0.0412740 seconds
205.459: [GC [PSYoungGen: 49120K->5152K(49152K)] 124907K->80963K(160256K), 0.0018010 secs] [Times: user=0.01 sys=0.00, real=0.00 secs] 
205.461: Total time for which application threads were stopped: 0.0028510 seconds, Stopping threads took: 0.0009790 seconds
205.503: Application time: 0.0419050 seconds
205.505: [GC [PSYoungGen: 47648K->5744K(49152K)] 123459K->81563K(160256K), 0.0017900 secs] [Times: user=0.01 sys=0.00, real=0.01 secs] 
205.507: Total time for which application threads were stopped: 0.0044180 seconds, Stopping threads took: 0.0025470 seconds
205.548: Application time: 0.0404800 seconds
205.551: [GC [PSYoungGen: 48240K->6656K(49152K)] 124059K->82747K(160256K), 0.0021320 secs] [Times: user=0.01 sys=0.01, real=0.00 secs] 
205.553: Total time for which application threads were stopped: 0.0051380 seconds, Stopping threads took: 0.0029170 seconds
205.596: Application time: 0.0433200 seconds
205.597: [GC [PSYoungGen: 49152K->5552K(49152K)] 125243K->81643K(160256K), 0.0018540 secs] [Times: user=0.01 sys=0.00, real=0.01 secs] 
205.599: Total time for which application threads were stopped: 0.0033020 seconds, Stopping threads took: 0.0013680 seconds
205.642: Application time: 0.0424360 seconds
205.644: [GC [PSYoungGen: 48048K->5792K(49152K)] 124139K->81899K(160256K), 0.0017450 secs] [Times: user=0.01 sys=0.00, real=0.00 secs] 
205.645: Total time for which application threads were stopped: 0.0037300 seconds, Stopping threads took: 0.0019030 seconds
205.687: Application time: 0.0415250 seconds
205.688: [GC [PSYoungGen: 48288K->6096K(49152K)] 124395K->82211K(160256K), 0.0020860 secs] [Times: user=0.02 sys=0.00, real=0.00 secs] 
205.691: Total time for which application threads were stopped: 0.0035110 seconds, Stopping threads took: 0.0013330 seconds
205.731: Application time: 0.0405120 seconds
205.734: [GC [PSYoungGen: 48592K->6656K(49152K)] 124707K->83507K(160256K), 0.0023470 secs] [Times: user=0.02 sys=0.00, real=0.00 secs] 
205.736: Total time for which application threads were stopped: 0.0049190 seconds, Stopping threads took: 0.0024780 seconds
205.775: Application time: 0.0395110 seconds
205.777: [GC [PSYoungGen: 49152K->6624K(49152K)] 126003K->84187K(160256K), 0.0023830 secs] [Times: user=0.01 sys=0.00, real=0.01 secs] 
205.779: Total time for which application threads were stopped: 0.0034980 seconds, Stopping threads took: 0.0010240 seconds
205.819: Application time: 0.0400380 seconds
205.821: [GC [PSYoungGen: 49120K->6640K(49152K)] 126683K->84659K(160256K), 0.0021740 secs] [Times: user=0.01 sys=0.00, real=0.00 secs] 
205.823: Total time for which application threads were stopped: 0.0042260 seconds, Stopping threads took: 0.0019630 seconds
205.865: Application time: 0.0416170 seconds
205.868: [GC [PSYoungGen: 49136K->6640K(49152K)] 127155K->85963K(160256K), 0.0024040 secs] [Times: user=0.02 sys=0.00, real=0.00 secs] 
205.871: Total time for which application threads were stopped: 0.0057440 seconds, Stopping threads took: 0.0032460 seconds
205.911: Application time: 0.0408170 seconds
205.914: [GC [PSYoungGen: 49136K->6640K(49152K)] 128459K->86115K(160256K), 0.0020370 secs] [Times: user=0.01 sys=0.00, real=0.00 secs] 
205.916: Total time for which application threads were stopped: 0.0045200 seconds, Stopping threads took: 0.0023950 seconds
205.958: Application time: 0.0420380 seconds
205.960: [GC [PSYoungGen: 49136K->6624K(49152K)] 128611K->86971K(160256K), 0.0024030 secs] [Times: user=0.02 sys=0.00, real=0.00 secs] 
205.962: Total time for which application threads were stopped: 0.0043540 seconds, Stopping threads took: 0.0018580 seconds
206.003: Application time: 0.0410600 seconds
206.006: [GC [PSYoungGen: 49119K->6592K(49152K)] 129467K->86947K(160256K), 0.0021630 secs] [Times: user=0.01 sys=0.00, real=0.01 secs] 
206.008: Total time for which application threads were stopped: 0.0047230 seconds, Stopping threads took: 0.0024610 seconds
206.050: Application time: 0.0421860 seconds
206.053: [GC [PSYoungGen: 49088K->6656K(49152K)] 129443K->87627K(160256K), 0.0025710 secs] [Times: user=0.01 sys=0.00, real=0.00 secs] 
206.056: Total time for which application threads were stopped: 0.0052660 seconds, Stopping threads took: 0.0026060 seconds
206.095: Application time: 0.0397720 seconds
206.101: [GC [PSYoungGen: 49152K->6512K(49152K)] 130123K->87491K(160256K), 0.0021700 secs] [Times: user=0.02 sys=0.00, real=0.00 secs] 
206.103: Total time for which application threads were stopped: 0.0074920 seconds, Stopping threads took: 0.0052460 seconds
206.145: Application time: 0.0418890 seconds
206.146: [GC [PSYoungGen: 49008K->5424K(49152K)] 129987K->86403K(160256K), 0.0018120 secs] [Times: user=0.01 sys=0.00, real=0.01 secs] 
206.148: Total time for which application threads were stopped: 0.0032550 seconds, Stopping threads took: 0.0013550 seconds
206.188: Application time: 0.0400160 seconds
206.191: [GC [PSYoungGen: 47920K->6624K(49152K)] 128899K->87739K(160256K), 0.0020910 secs] [Times: user=0.01 sys=0.01, real=0.00 secs] 
206.193: Total time for which application threads were stopped: 0.0046290 seconds, Stopping threads took: 0.0024510 seconds
206.233: Application time: 0.0405430 seconds
206.236: [GC [PSYoungGen: 49120K->6624K(49152K)] 130235K->88259K(160256K), 0.0023000 secs] [Times: user=0.01 sys=0.00, real=0.00 secs] 
206.238: Total time for which application threads were stopped: 0.0052370 seconds, Stopping threads took: 0.0028510 seconds
206.279: Application time: 0.0405440 seconds
206.282: [GC [PSYoungGen: 49120K->6544K(49152K)] 130755K->88179K(160256K), 0.0020090 secs] [Times: user=0.01 sys=0.00, real=0.00 secs] 
206.284: Total time for which application threads were stopped: 0.0048420 seconds, Stopping threads took: 0.0027490 seconds
206.325: Application time: 0.0414750 seconds
206.327: [GC [PSYoungGen: 49040K->6144K(49152K)] 130675K->87779K(160256K), 0.0018800 secs] [Times: user=0.01 sys=0.00, real=0.00 secs] 
206.329: Total time for which application threads were stopped: 0.0035570 seconds, Stopping threads took: 0.0015910 seconds
206.369: Application time: 0.0405120 seconds
206.371: [GC [PSYoungGen: 48640K->6656K(49152K)] 130275K->89199K(160256K), 0.0024530 secs] [Times: user=0.01 sys=0.00, real=0.00 secs] 
206.374: Total time for which application threads were stopped: 0.0042680 seconds, Stopping threads took: 0.0017290 seconds
206.416: Application time: 0.0420210 seconds
206.419: [GC [PSYoungGen: 49152K->6640K(49152K)] 131695K->89263K(160256K), 0.0020800 secs] [Times: user=0.01 sys=0.00, real=0.00 secs] 
206.421: Total time for which application threads were stopped: 0.0054520 seconds, Stopping threads took: 0.0032890 seconds
206.461: Application time: 0.0394160 seconds
206.463: [GC [PSYoungGen: 49136K->6640K(49152K)] 131759K->89263K(160256K), 0.0020510 secs] [Times: user=0.01 sys=0.00, real=0.00 secs] 
206.465: Total time for which application threads were stopped: 0.0045730 seconds, Stopping threads took: 0.0024410 seconds
206.505: Application time: 0.0403120 seconds
206.508: [GC [PSYoungGen: 49136K->6656K(49152K)] 131759K->89471K(160256K), 0.0021800 secs] [Times: user=0.02 sys=0.00, real=0.00 secs] 
206.510: Total time for which application threads were stopped: 0.0045450 seconds, Stopping threads took: 0.0022830 seconds
206.552: Application time: 0.0418280 seconds
206.554: [GC [PSYoungGen: 49152K->6640K(49152K)] 131967K->89455K(160256K), 0.0020710 secs] [Times: user=0.01 sys=0.00, real=0.00 secs] 
206.556: Total time for which application threads were stopped: 0.0038130 seconds, Stopping threads took: 0.0016550 seconds
206.596: Application time: 0.0401840 seconds
206.598: [GC [PSYoungGen: 49136K->6640K(49152K)] 131951K->90195K(160256K), 0.0023180 secs] [Times: user=0.02 sys=0.00, real=0.01 secs] 
206.600: Total time for which application threads were stopped: 0.0044260 seconds, Stopping threads took: 0.0020210 seconds
206.641: Application time: 0.0411510 seconds
206.643: [GC [PSYoungGen: 49136K->6432K(49152K)] 132691K->89995K(160256K), 0.0019650 secs] [Times: user=0.01 sys=0.00, real=0.00 secs] 
206.645: Total time for which application threads were stopped: 0.0037810 seconds, Stopping threads took: 0.0017380 seconds
206.685: Application time: 0.0397200 seconds
206.687: [GC [PSYoungGen: 48928K->6480K(49152K)] 132491K->90043K(160256K), 0.0018870 secs] [Times: user=0.01 sys=0.00, real=0.00 secs] 
206.689: Total time for which application threads were stopped: 0.0043020 seconds, Stopping threads took: 0.0023360 seconds
206.732: Application time: 0.0427770 seconds
206.735: [GC [PSYoungGen: 48976K->5888K(49152K)] 132539K->89459K(160256K), 0.0017970 secs] [Times: user=0.01 sys=0.00, real=0.00 secs] 
206.737: Total time for which application threads were stopped: 0.0050750 seconds, Stopping threads took: 0.0031940 seconds
206.779: Application time: 0.0421340 seconds
206.780: [GC [PSYoungGen: 48384K->5984K(49152K)] 131955K->89563K(160256K), 0.0017940 secs] [Times: user=0.01 sys=0.00, real=0.00 secs] 
206.782: Total time for which application threads were stopped: 0.0030860 seconds, Stopping threads took: 0.0012190 seconds
206.825: Application time: 0.0422150 seconds
206.827: [GC [PSYoungGen: 48480K->6656K(49152K)] 132059K->90499K(160256K), 0.0021060 secs] [Times: user=0.01 sys=0.00, real=0.00 secs] 
206.829: Total time for which application threads were stopped: 0.0046150 seconds, Stopping threads took: 0.0024190 seconds
206.873: Application time: 0.0434980 seconds
206.876: [GC [PSYoungGen: 49152K->6656K(49152K)] 132995K->91579K(160256K), 0.0021690 secs] [Times: user=0.02 sys=0.00, real=0.00 secs] 
206.878: Total time for which application threads were stopped: 0.0055160 seconds, Stopping threads took: 0.0032610 seconds
206.920: Application time: 0.0418200 seconds
206.922: [GC [PSYoungGen: 49152K->6592K(49152K)] 134075K->91515K(160256K), 0.0019900 secs] [Times: user=0.01 sys=0.00, real=0.00 secs] 
206.924: Total time for which application threads were stopped: 0.0037530 seconds, Stopping threads took: 0.0016820 seconds
206.965: Application time: 0.0408130 seconds
206.967: [GC [PSYoungGen: 49088K->6656K(49152K)] 134011K->92107K(160256K), 0.0021670 secs] [Times: user=0.01 sys=0.00, real=0.00 secs] 
206.969: Total time for which application threads were stopped: 0.0045880 seconds, Stopping threads took: 0.0023350 seconds
207.008: Application time: 0.0392610 seconds
207.011: [GC [PSYoungGen: 49152K->6656K(49152K)] 134603K->93508K(160256K), 0.0025000 secs] [Times: user=0.02 sys=0.00, real=0.00 secs] 
207.014: Total time for which application threads were stopped: 0.0053460 seconds, Stopping threads took: 0.0027560 seconds
207.054: Application time: 0.0398230 seconds
207.056: [GC [PSYoungGen: 49152K->6656K(49152K)] 136004K->93748K(160256K), 0.0021180 secs] [Times: user=0.01 sys=0.00, real=0.00 secs] 
207.058: Total time for which application threads were stopped: 0.0048710 seconds, Stopping threads took: 0.0026660 seconds
207.098: Application time: 0.0395130 seconds
207.100: [GC [PSYoungGen: 49152K->6640K(49152K)] 136244K->93788K(160256K), 0.0020690 secs] [Times: user=0.01 sys=0.00, real=0.00 secs] 
207.102: Total time for which application threads were stopped: 0.0040560 seconds, Stopping threads took: 0.0019050 seconds
207.143: Application time: 0.0412090 seconds
207.146: [GC [PSYoungGen: 49136K->6656K(49152K)] 136284K->94708K(160256K), 0.0024400 secs] [Times: user=0.02 sys=0.00, real=0.01 secs] 
207.149: Total time for which application threads were stopped: 0.0053440 seconds, Stopping threads took: 0.0028120 seconds
207.191: Application time: 0.0424650 seconds
207.193: [GC [PSYoungGen: 49152K->5488K(49152K)] 137204K->93548K(160256K), 0.0017910 secs] [Times: user=0.02 sys=0.00, real=0.00 secs] 
207.195: Total time for which application threads were stopped: 0.0038700 seconds, Stopping threads took: 0.0019970 seconds
207.237: Application time: 0.0416970 seconds
207.238: [GC [PSYoungGen: 47984K->6384K(49152K)] 136044K->94452K(160256K), 0.0020800 secs] [Times: user=0.01 sys=0.00, real=0.01 secs] 
207.240: Total time for which application threads were stopped: 0.0036220 seconds, Stopping threads took: 0.0014550 seconds
207.282: Application time: 0.0418240 seconds
207.284: [GC [PSYoungGen: 48880K->6336K(49152K)] 136948K->94412K(160256K), 0.0019970 secs] [Times: user=0.01 sys=0.00, real=0.00 secs] 
207.286: Total time for which application threads were stopped: 0.0037470 seconds, Stopping threads took: 0.0016690 seconds
207.328: Application time: 0.0417130 seconds
207.330: [GC [PSYoungGen: 48832K->6624K(49152K)] 136908K->95108K(160256K), 0.0021580 secs] [Times: user=0.02 sys=0.00, real=0.00 secs] 
207.332: Total time for which application threads were stopped: 0.0046840 seconds, Stopping threads took: 0.0024450 seconds
207.375: Application time: 0.0428960 seconds
207.378: [GC [PSYoungGen: 49120K->6624K(49152K)] 137604K->95388K(160256K), 0.0021290 secs] [Times: user=0.02 sys=0.00, real=0.01 secs] 
207.380: Total time for which application threads were stopped: 0.0053000 seconds, Stopping threads took: 0.0030690 seconds
207.421: Application time: 0.0409900 seconds
207.424: [GC [PSYoungGen: 49120K->6528K(49152K)] 137884K->95292K(160256K), 0.0020840 secs] [Times: user=0.01 sys=0.00, real=0.00 secs] 
207.426: Total time for which application threads were stopped: 0.0046590 seconds, Stopping threads took: 0.0024910 seconds
207.467: Application time: 0.0406230 seconds
207.469: [GC [PSYoungGen: 49024K->6464K(49152K)] 137788K->95228K(160256K), 0.0020560 secs] [Times: user=0.01 sys=0.00, real=0.00 secs] 
207.471: Total time for which application threads were stopped: 0.0040020 seconds, Stopping threads took: 0.0018600 seconds
207.514: Application time: 0.0429940 seconds
207.516: [GC [PSYoungGen: 48960K->6624K(49152K)] 137724K->95564K(160256K), 0.0021500 secs] [Times: user=0.02 sys=0.00, real=0.00 secs] 
207.518: Total time for which application threads were stopped: 0.0045080 seconds, Stopping threads took: 0.0022540 seconds
207.558: Application time: 0.0402160 seconds
207.560: [GC [PSYoungGen: 49120K->6624K(49152K)] 138060K->95604K(160256K), 0.0020840 secs] [Times: user=0.01 sys=0.00, real=0.00 secs] 
207.562: Total time for which application threads were stopped: 0.0035660 seconds, Stopping threads took: 0.0013980 seconds
207.602: Application time: 0.0397860 seconds
207.604: [GC [PSYoungGen: 49120K->6016K(49152K)] 138100K->94996K(160256K), 0.0099880 secs] [Times: user=0.07 sys=0.00, real=0.01 secs] 
207.614: Total time for which application threads were stopped: 0.0118010 seconds, Stopping threads took: 0.0017350 seconds
207.650: Application time: 0.0368900 seconds
207.652: [GC [PSYoungGen: 48512K->6656K(49152K)] 137492K->96404K(160256K), 0.0021730 secs] [Times: user=0.01 sys=0.00, real=0.00 secs] 
207.654: Total time for which application threads were stopped: 0.0038760 seconds, Stopping threads took: 0.0016240 seconds
207.692: Application time: 0.0373750 seconds
207.694: [GC [PSYoungGen: 49151K->6656K(49152K)] 138899K->97612K(160256K), 0.0023700 secs] [Times: user=0.02 sys=0.00, real=0.00 secs] 
207.696: Total time for which application threads were stopped: 0.0042660 seconds, Stopping threads took: 0.0018070 seconds
207.735: Application time: 0.0389410 seconds
207.738: [GC [PSYoungGen: 49152K->6640K(49152K)] 140108K->97628K(160256K), 0.0020720 secs] [Times: user=0.02 sys=0.00, real=0.01 secs] 
207.740: Total time for which application threads were stopped: 0.0048100 seconds, Stopping threads took: 0.0026510 seconds
207.778: Application time: 0.0379570 seconds
207.779: [GC [PSYoungGen: 49136K->6640K(49152K)] 140124K->98516K(160256K), 0.0022810 secs] [Times: user=0.02 sys=0.00, real=0.00 secs] 
207.781: Total time for which application threads were stopped: 0.0032520 seconds, Stopping threads took: 0.0008900 seconds
207.818: Application time: 0.0374920 seconds
207.821: [GC [PSYoungGen: 49136K->6656K(49152K)] 141012K->98820K(160256K), 0.0021150 secs] [Times: user=0.02 sys=0.00, real=0.00 secs] 
207.823: Total time for which application threads were stopped: 0.0043480 seconds, Stopping threads took: 0.0021520 seconds
207.861: Application time: 0.0384490 seconds
207.864: [GC [PSYoungGen: 49152K->5488K(49152K)] 141316K->97660K(160256K), 0.0017410 secs] [Times: user=0.01 sys=0.00, real=0.00 secs] 
207.866: Total time for which application threads were stopped: 0.0043340 seconds, Stopping threads took: 0.0025120 seconds
207.904: Application time: 0.0385390 seconds
207.906: [GC [PSYoungGen: 47984K->6656K(49152K)] 140156K->99460K(160256K), 0.0022120 secs] [Times: user=0.02 sys=0.00, real=0.01 secs] 
207.908: Total time for which application threads were stopped: 0.0041270 seconds, Stopping threads took: 0.0018200 seconds
207.945: Application time: 0.0363700 seconds
207.947: [GC [PSYoungGen: 49152K->6656K(49152K)] 141956K->99940K(160256K), 0.0021750 secs] [Times: user=0.01 sys=0.00, real=0.00 secs] 
207.949: Total time for which application threads were stopped: 0.0041900 seconds, Stopping threads took: 0.0019240 seconds
207.987: Application time: 0.0384530 seconds
207.989: [GC [PSYoungGen: 49152K->6640K(49152K)] 142436K->100412K(160256K), 0.0021460 secs] [Times: user=0.01 sys=0.00, real=0.00 secs] 
207.992: Total time for which application threads were stopped: 0.0043450 seconds, Stopping threads took: 0.0021130 seconds
208.030: Application time: 0.0388230 seconds
208.032: [GC [PSYoungGen: 49136K->6640K(49152K)] 142908K->100736K(160256K), 0.0023270 secs] [Times: user=0.01 sys=0.00, real=0.00 secs] 
208.034: Total time for which application threads were stopped: 0.0036600 seconds, Stopping threads took: 0.0012530 seconds
208.073: Application time: 0.0393420 seconds
208.076: [GC [PSYoungGen: 49136K->6624K(49152K)] 143232K->100824K(160256K), 0.0020510 secs] [Times: user=0.02 sys=0.00, real=0.00 secs] 
208.078: Total time for which application threads were stopped: 0.0041660 seconds, Stopping threads took: 0.0020320 seconds
208.114: Application time: 0.0368570 seconds
208.116: [GC [PSYoungGen: 49120K->6640K(49152K)] 143320K->101744K(160256K), 0.0023210 secs] [Times: user=0.02 sys=0.00, real=0.01 secs] 
208.119: Total time for which application threads were stopped: 0.0042870 seconds, Stopping threads took: 0.0018780 seconds
208.156: Application time: 0.0371000 seconds
208.158: [GC [PSYoungGen: 49136K->6640K(49152K)] 144240K->102392K(160256K), 0.0022240 secs] [Times: user=0.01 sys=0.00, real=0.01 secs] 
208.160: Total time for which application threads were stopped: 0.0040520 seconds, Stopping threads took: 0.0017390 seconds
208.197: Application time: 0.0370710 seconds
208.198: [GC [PSYoungGen: 49136K->6656K(49152K)] 144888K->103872K(160256K), 0.0025540 secs] [Times: user=0.02 sys=0.00, real=0.01 secs] 
208.201: Total time for which application threads were stopped: 0.0039710 seconds, Stopping threads took: 0.0013290 seconds
208.238: Application time: 0.0370480 seconds
208.239: [GC [PSYoungGen: 49152K->6368K(49152K)] 146368K->103600K(160256K), 0.0019320 secs] [Times: user=0.02 sys=0.00, real=0.00 secs] 
208.241: Total time for which application threads were stopped: 0.0032430 seconds, Stopping threads took: 0.0012290 seconds
208.279: Application time: 0.0378630 seconds
208.280: [GC [PSYoungGen: 48864K->6592K(49152K)] 146096K->103824K(160256K), 0.0019900 secs] [Times: user=0.01 sys=0.00, real=0.00 secs] 
208.282: Total time for which application threads were stopped: 0.0033390 seconds, Stopping threads took: 0.0012670 seconds
208.325: Application time: 0.0420450 seconds
208.326: [GC [PSYoungGen: 49088K->6640K(49152K)] 146320K->104664K(160256K), 0.0021600 secs] [Times: user=0.01 sys=0.00, real=0.01 secs] 
208.328: Total time for which application threads were stopped: 0.0039760 seconds, Stopping threads took: 0.0017350 seconds
208.370: Application time: 0.0415830 seconds
208.373: [GC [PSYoungGen: 49136K->5920K(49152K)] 147160K->103944K(160256K), 0.0017110 secs] [Times: user=0.01 sys=0.00, real=0.00 secs] 
208.375: Total time for which application threads were stopped: 0.0047250 seconds, Stopping threads took: 0.0029380 seconds
208.415: Application time: 0.0400380 seconds
208.416: [GC [PSYoungGen: 48416K->6048K(49152K)] 146440K->104072K(160256K), 0.0017970 secs] [Times: user=0.01 sys=0.00, real=0.00 secs] 
208.418: Total time for which application threads were stopped: 0.0032360 seconds, Stopping threads took: 0.0013560 seconds
208.459: Application time: 0.0413140 seconds
208.461: [GC [PSYoungGen: 48544K->5120K(49152K)] 146568K->103144K(160256K), 0.0016290 secs] [Times: user=0.01 sys=0.00, real=0.00 secs] 
208.462: Total time for which application threads were stopped: 0.0028000 seconds, Stopping threads took: 0.0010990 seconds
208.505: Application time: 0.0423130 seconds
208.507: [GC [PSYoungGen: 47616K->6144K(49152K)] 145640K->104168K(160256K), 0.0018410 secs] [Times: user=0.02 sys=0.00, real=0.00 secs] 
208.509: Total time for which application threads were stopped: 0.0040760 seconds, Stopping threads took: 0.0021540 seconds
208.546: Application time: 0.0377140 seconds
208.549: [GC [PSYoungGen: 48640K->6640K(49152K)] 146664K->104784K(160256K), 0.0021100 secs] [Times: user=0.01 sys=0.00, real=0.00 secs] 
208.551: Total time for which application threads were stopped: 0.0048430 seconds, Stopping threads took: 0.0026480 seconds
208.588: Application time: 0.0367330 seconds
208.590: [GC [PSYoungGen: 49136K->6656K(49152K)] 147280K->105888K(160256K), 0.0023340 secs] [Times: user=0.02 sys=0.00, real=0.00 secs] 
208.592: Total time for which application threads were stopped: 0.0040940 seconds, Stopping threads took: 0.0016750 seconds
208.629: Application time: 0.0371020 seconds
208.631: [GC [PSYoungGen: 49151K->6032K(49152K)] 148384K->105264K(160256K), 0.0017900 secs] [Times: user=0.01 sys=0.00, real=0.00 secs] 
208.633: Total time for which application threads were stopped: 0.0039690 seconds, Stopping threads took: 0.0021030 seconds
208.671: Application time: 0.0383420 seconds
208.674: [GC [PSYoungGen: 48528K->5840K(49152K)] 147760K->105080K(160256K), 0.0018100 secs] [Times: user=0.01 sys=0.00, real=0.00 secs] 
208.676: Total time for which application threads were stopped: 0.0045460 seconds, Stopping threads took: 0.0026580 seconds
208.712: Application time: 0.0364830 seconds
208.714: [GC [PSYoungGen: 48336K->6640K(49152K)] 147576K->106408K(160256K), 0.0021830 secs] [Times: user=0.02 sys=0.00, real=0.00 secs] 
208.717: Total time for which application threads were stopped: 0.0041710 seconds, Stopping threads took: 0.0019070 seconds
208.755: Application time: 0.0379210 seconds
208.756: [GC [PSYoungGen: 49136K->6656K(49152K)] 148904K->106688K(160256K), 0.0020980 secs] [Times: user=0.01 sys=0.00, real=0.00 secs] 
208.759: Total time for which application threads were stopped: 0.0039710 seconds, Stopping threads took: 0.0017910 seconds
208.797: Application time: 0.0383380 seconds
208.798: [GC [PSYoungGen: 49152K->6288K(49152K)] 149184K->106320K(160256K), 0.0019560 secs] [Times: user=0.01 sys=0.00, real=0.01 secs] 
208.800: Total time for which application threads were stopped: 0.0033460 seconds, Stopping threads took: 0.0013070 seconds
208.840: Application time: 0.0393720 seconds
208.842: [GC [PSYoungGen: 48784K->6624K(49152K)] 148816K->106704K(160256K), 0.0021050 secs] [Times: user=0.02 sys=0.00, real=0.00 secs] 
208.844: Total time for which application threads were stopped: 0.0045260 seconds, Stopping threads took: 0.0023350 seconds
208.884: Application time: 0.0396920 seconds
208.886: [GC [PSYoungGen: 49120K->6640K(49152K)] 149200K->107032K(160256K), 0.0021760 secs] [Times: user=0.02 sys=0.00, real=0.01 secs] 
208.888: Total time for which application threads were stopped: 0.0042580 seconds, Stopping threads took: 0.0019740 seconds
208.926: Application time: 0.0380290 seconds
208.928: [GC [PSYoungGen: 49136K->6656K(49152K)] 149528K->107792K(160256K), 0.0022400 secs] [Times: user=0.01 sys=0.00, real=0.00 secs] 
208.930: Total time for which application threads were stopped: 0.0043000 seconds, Stopping threads took: 0.0019650 seconds
208.968: Application time: 0.0374180 seconds
208.969: [GC [PSYoungGen: 49152K->6656K(49152K)] 150288K->108777K(160256K), 0.0023350 secs] [Times: user=0.02 sys=0.00, real=0.00 secs] 
208.972: Total time for which application threads were stopped: 0.0040530 seconds, Stopping threads took: 0.0016350 seconds
209.011: Application time: 0.0394670 seconds
209.013: [GC [PSYoungGen: 49152K->6560K(49152K)] 151273K->108681K(160256K), 0.0019790 secs] [Times: user=0.01 sys=0.00, real=0.00 secs] 
209.015: Total time for which application threads were stopped: 0.0040510 seconds, Stopping threads took: 0.0019910 seconds
209.056: Application time: 0.0403340 seconds
209.058: [GC [PSYoungGen: 49056K->4880K(49152K)] 151177K->107009K(160256K), 0.0016800 secs] [Times: user=0.01 sys=0.00, real=0.01 secs] 
209.060: Total time for which application threads were stopped: 0.0038590 seconds, Stopping threads took: 0.0021050 seconds
209.098: Application time: 0.0380890 seconds
209.100: [GC [PSYoungGen: 47376K->6656K(49152K)] 149505K->108897K(160256K), 0.0020340 secs] [Times: user=0.01 sys=0.00, real=0.00 secs] 
209.102: Total time for which application threads were stopped: 0.0044190 seconds, Stopping threads took: 0.0022940 seconds
209.141: Application time: 0.0393620 seconds
209.144: [GC [PSYoungGen: 49152K->6656K(49152K)] 151393K->109033K(160256K), 0.0022490 secs] [Times: user=0.01 sys=0.00, real=0.00 secs] 
209.146: Total time for which application threads were stopped: 0.0050030 seconds, Stopping threads took: 0.0026800 seconds
209.185: Application time: 0.0388970 seconds
209.187: [GC [PSYoungGen: 49152K->6624K(49152K)] 151529K->109081K(160256K), 0.0020550 secs] [Times: user=0.01 sys=0.00, real=0.00 secs] 
209.189: Total time for which application threads were stopped: 0.0035760 seconds, Stopping threads took: 0.0014350 seconds
209.226: Application time: 0.0375130 seconds
209.228: [GC [PSYoungGen: 49120K->6656K(49152K)] 151577K->109993K(160256K), 0.0022990 secs] [Times: user=0.02 sys=0.00, real=0.00 secs] 
209.231: Total time for which application threads were stopped: 0.0042470 seconds, Stopping threads took: 0.0018630 seconds
209.269: Application time: 0.0379030 seconds
209.271: [GC [PSYoungGen: 49152K->6624K(49152K)] 152489K->110577K(160256K), 0.0022120 secs] [Times: user=0.02 sys=0.00, real=0.00 secs] 
209.273: Total time for which application threads were stopped: 0.0043340 seconds, Stopping threads took: 0.0020310 seconds
209.311: Application time: 0.0382340 seconds
209.313: [GC [PSYoungGen: 49120K->6656K(49152K)] 153073K->111801K(160256K), 0.0023930 secs] [Times: user=0.02 sys=0.00, real=0.00 secs] 
209.315: Total time for which application threads were stopped: 0.0042490 seconds, Stopping threads took: 0.0017720 seconds
209.354: Application time: 0.0383900 seconds
209.356: [GC [PSYoungGen: 49152K->6640K(49152K)] 154297K->112601K(160256K), 0.0022060 secs] [Times: user=0.01 sys=0.00, real=0.00 secs] 
209.358: Total time for which application threads were stopped: 0.0045610 seconds, Stopping threads took: 0.0022760 seconds
209.397: Application time: 0.0390070 seconds
209.400: [GC [PSYoungGen: 49136K->6496K(49152K)] 155097K->112465K(160256K), 0.0020240 secs] [Times: user=0.01 sys=0.00, real=0.00 secs] 
209.402: Total time for which application threads were stopped: 0.0042570 seconds, Stopping threads took: 0.0021480 seconds
209.440: Application time: 0.0383860 seconds
209.443: [GC [PSYoungGen: 48992K->5424K(49152K)] 154961K->111401K(160256K), 0.0016700 secs] [Times: user=0.01 sys=0.00, real=0.00 secs] 
209.444: Total time for which application threads were stopped: 0.0042380 seconds, Stopping threads took: 0.0024690 seconds
209.481: Application time: 0.0366560 seconds
209.483: [GC [PSYoungGen: 47920K->6640K(49152K)] 153897K->113073K(160256K), 0.0021990 secs] [Times: user=0.01 sys=0.00, real=0.00 secs] 
209.486: Total time for which application threads were stopped: 0.0047990 seconds, Stopping threads took: 0.0025160 seconds
209.523: Application time: 0.0375870 seconds
209.525: [GC [PSYoungGen: 49136K->6640K(49152K)] 155569K->113401K(160256K), 0.0021370 secs] [Times: user=0.01 sys=0.00, real=0.01 secs] 
209.527: Total time for which application threads were stopped: 0.0034940 seconds, Stopping threads took: 0.0012700 seconds
209.565: Application time: 0.0377130 seconds
209.566: [GC [PSYoungGen: 49136K->6432K(49152K)] 155897K->113193K(160256K), 0.0020700 secs] [Times: user=0.01 sys=0.00, real=0.01 secs] 
209.568: Total time for which application threads were stopped: 0.0035460 seconds, Stopping threads took: 0.0013930 seconds
209.607: Application time: 0.0385730 seconds
209.608: [GC [PSYoungGen: 48928K->6656K(49152K)] 155689K->113473K(160256K), 0.0021130 secs] [Times: user=0.01 sys=0.00, real=0.00 secs] 
209.610: Total time for which application threads were stopped: 0.0037000 seconds, Stopping threads took: 0.0015040 seconds
209.649: Application time: 0.0384310 seconds
209.651: [GC [PSYoungGen: 49152K->6560K(49152K)] 155969K->113377K(160256K), 0.0019510 secs] [Times: user=0.02 sys=0.00, real=0.00 secs] 
209.653: Total time for which application threads were stopped: 0.0040570 seconds, Stopping threads took: 0.0020240 seconds
209.690: Application time: 0.0371340 seconds
209.692: [GC [PSYoungGen: 49056K->6624K(49152K)] 155873K->113705K(160256K), 0.0022120 secs] [Times: user=0.01 sys=0.00, real=0.00 secs] 
209.695: Total time for which application threads were stopped: 0.0046110 seconds, Stopping threads took: 0.0023130 seconds
209.734: Application time: 0.0393730 seconds
209.735: [GC [PSYoungGen: 49120K->6368K(49152K)] 156201K->113449K(160256K), 0.0020820 secs] [Times: user=0.01 sys=0.00, real=0.00 secs] 
209.737: Total time for which application threads were stopped: 0.0032590 seconds, Stopping threads took: 0.0010930 seconds
209.776: Application time: 0.0387210 seconds
209.777: [GC [PSYoungGen: 48864K->5856K(49152K)] 155945K->112945K(160256K), 0.0018680 secs] [Times: user=0.01 sys=0.00, real=0.01 secs] 
209.779: Total time for which application threads were stopped: 0.0027810 seconds, Stopping threads took: 0.0008310 seconds
209.818: Application time: 0.0389960 seconds
209.820: [GC [PSYoungGen: 48351K->6176K(49152K)] 155441K->113273K(160256K), 0.0018870 secs] [Times: user=0.01 sys=0.00, real=0.00 secs] 
209.822: Total time for which application threads were stopped: 0.0044910 seconds, Stopping threads took: 0.0025220 seconds
209.861: Application time: 0.0386320 seconds
209.863: [GC [PSYoungGen: 48672K->6032K(49152K)] 155769K->113129K(160256K), 0.0019220 secs] [Times: user=0.01 sys=0.00, real=0.00 secs] 
209.865: Total time for which application threads were stopped: 0.0037510 seconds, Stopping threads took: 0.0017480 seconds
209.904: Application time: 0.0389840 seconds
209.905: [GC [PSYoungGen: 48528K->6368K(49152K)] 155625K->113473K(160256K), 0.0020000 secs] [Times: user=0.01 sys=0.00, real=0.01 secs] 
209.907: Total time for which application threads were stopped: 0.0032210 seconds, Stopping threads took: 0.0011390 seconds
209.944: Application time: 0.0371110 seconds
209.947: [GC [PSYoungGen: 48864K->6640K(49152K)] 155969K->114601K(160256K), 0.0022930 secs] [Times: user=0.02 sys=0.00, real=0.00 secs] 
209.949: Total time for which application threads were stopped: 0.0051380 seconds, Stopping threads took: 0.0027500 seconds
209.988: Application time: 0.0385950 seconds
209.990: [GC [PSYoungGen: 49136K->6640K(49152K)] 157097K->114729K(160256K), 0.0020840 secs] [Times: user=0.02 sys=0.00, real=0.00 secs] 
209.992: Total time for which application threads were stopped: 0.0040360 seconds, Stopping threads took: 0.0018730 seconds
210.029: Application time: 0.0369550 seconds
210.032: [GC [PSYoungGen: 49136K->6656K(49152K)] 157225K->116209K(160256K), 0.0024720 secs] [Times: user=0.02 sys=0.00, real=0.00 secs] 
210.034: Total time for which application threads were stopped: 0.0055290 seconds, Stopping threads took: 0.0029700 seconds
210.072: Application time: 0.0382560 seconds
210.076: [GC [PSYoungGen: 49152K->6656K(49152K)] 158705K->116233K(160256K), 0.0021060 secs] [Times: user=0.01 sys=0.00, real=0.00 secs] 
210.078: Total time for which application threads were stopped: 0.0052140 seconds, Stopping threads took: 0.0030260 seconds
210.116: Application time: 0.0385750 seconds
210.118: [GC [PSYoungGen: 49152K->6640K(49152K)] 158729K->116497K(160256K), 0.0022610 secs] [Times: user=0.02 sys=0.01, real=0.01 secs] 
210.121: [Full GC [PSYoungGen: 6640K->0K(49152K)] [ParOldGen: 109857K->9717K(111104K)] 116497K->9717K(160256K) [PSPermGen: 5182K->5182K(21504K)], 0.0060950 secs] [Times: user=0.02 sys=0.00, real=0.01 secs] 
210.127: Total time for which application threads were stopped: 0.0106470 seconds, Stopping threads took: 0.0021570 seconds
210.166: Application time: 0.0387350 seconds
210.167: [GC [PSYoungGen: 42496K->6384K(49152K)] 52213K->16101K(160256K), 0.0018980 secs] [Times: user=0.01 sys=0.00, real=0.00 secs] 
210.169: Total time for which application threads were stopped: 0.0037810 seconds, Stopping threads took: 0.0018020 seconds
210.209: Application time: 0.0392440 seconds
210.210: [GC [PSYoungGen: 48880K->5728K(49152K)] 58597K->15445K(160256K), 0.0018390 secs] [Times: user=0.01 sys=0.00, real=0.00 secs] 
210.212: Total time for which application threads were stopped: 0.0034870 seconds, Stopping threads took: 0.0015630 seconds
210.251: Application time: 0.0384610 seconds
210.252: [GC [PSYoungGen: 48224K->5568K(49152K)] 57941K->15285K(160256K), 0.0016240 secs] [Times: user=0.01 sys=0.00, real=0.00 secs] 
210.254: Total time for which application threads were stopped: 0.0031740 seconds, Stopping threads took: 0.0014760 seconds
210.293: Application time: 0.0387840 seconds
210.295: [GC [PSYoungGen: 48064K->5488K(49152K)] 57781K->15205K(160256K), 0.0015700 secs] [Times: user=0.01 sys=0.00, real=0.00 secs] 
210.297: Total time for which application threads were stopped: 0.0040120 seconds, Stopping threads took: 0.0023650 seconds
210.336: Application time: 0.0390720 seconds
210.338: [GC [PSYoungGen: 47984K->6640K(49152K)] 57701K->17429K(160256K), 0.0023010 secs] [Times: user=0.02 sys=0.00, real=0.01 secs] 
210.341: Total time for which application threads were stopped: 0.0050720 seconds, Stopping threads took: 0.0026900 seconds
210.379: Application time: 0.0378210 seconds
210.382: [GC [PSYoungGen: 49136K->6640K(49152K)] 59925K->17733K(160256K), 0.0019670 secs] [Times: user=0.01 sys=0.00, real=0.00 secs] 
210.384: Total time for which application threads were stopped: 0.0049330 seconds, Stopping threads took: 0.0028850 seconds
210.422: Application time: 0.0387470 seconds
210.424: [GC [PSYoungGen: 49136K->6352K(49152K)] 60229K->17445K(160256K), 0.0018010 secs] [Times: user=0.01 sys=0.00, real=0.00 secs] 
210.426: Total time for which application threads were stopped: 0.0036160 seconds, Stopping threads took: 0.0017370 seconds
210.465: Application time: 0.0393980 seconds
210.466: [GC [PSYoungGen: 48848K->6272K(49152K)] 59941K->17365K(160256K), 0.0018970 secs] [Times: user=0.01 sys=0.00, real=0.01 secs] 
210.468: Total time for which application threads were stopped: 0.0030560 seconds, Stopping threads took: 0.0010750 seconds
210.508: Application time: 0.0399030 seconds
210.510: [GC [PSYoungGen: 48768K->6656K(49152K)] 59861K->19053K(160256K), 0.0023100 secs] [Times: user=0.02 sys=0.00, real=0.00 secs] 
210.512: Total time for which application threads were stopped: 0.0041350 seconds, Stopping threads took: 0.0017400 seconds
210.552: Application time: 0.0395110 seconds
210.553: [GC [PSYoungGen: 49152K->5616K(49152K)] 61549K->18013K(160256K), 0.0016250 secs] [Times: user=0.01 sys=0.00, real=0.00 secs] 
210.555: Total time for which application threads were stopped: 0.0027630 seconds, Stopping threads took: 0.0010610 seconds
210.595: Application time: 0.0402800 seconds
210.597: [GC [PSYoungGen: 48112K->5408K(49152K)] 60509K->17805K(160256K), 0.0015500 secs] [Times: user=0.01 sys=0.00, real=0.00 secs] 
210.598: Total time for which application threads were stopped: 0.0035030 seconds, Stopping threads took: 0.0018760 seconds
210.637: Application time: 0.0386040 seconds
210.640: [GC [PSYoungGen: 47904K->6656K(49152K)] 60301K->19557K(160256K), 0.0022120 secs] [Times: user=0.01 sys=0.00, real=0.00 secs] 
210.642: Total time for which application threads were stopped: 0.0049050 seconds, Stopping threads took: 0.0026150 seconds
210.681: Application time: 0.0389720 seconds
210.682: [GC [PSYoungGen: 49152K->6656K(49152K)] 62053K->20229K(160256K), 0.0021850 secs] [Times: user=0.02 sys=0.00, real=0.00 secs] 
210.685: Total time for which application threads were stopped: 0.0037290 seconds, Stopping threads took: 0.0014560 seconds
210.722: Application time: 0.0374710 seconds
210.724: [GC [PSYoungGen: 49152K->6640K(49152K)] 62725K->21189K(160256K), 0.0022300 secs] [Times: user=0.02 sys=0.00, real=0.00 secs] 
210.726: Total time for which application threads were stopped: 0.0037990 seconds, Stopping threads took: 0.0014860 seconds
210.765: Application time: 0.0390020 seconds
210.768: [GC [PSYoungGen: 49136K->6608K(49152K)] 63685K->21157K(160256K), 0.0018250 secs] [Times: user=0.01 sys=0.00, real=0.00 secs] 
210.770: Total time for which application threads were stopped: 0.0045740 seconds, Stopping threads took: 0.0026680 seconds
210.807: Application time: 0.0378110 seconds
210.809: [GC [PSYoungGen: 49104K->6624K(49152K)] 63653K->22053K(160256K), 0.0022140 secs] [Times: user=0.00 sys=0.00, real=0.00 secs] 
210.811: Total time for which application threads were stopped: 0.0035960 seconds, Stopping threads took: 0.0012990 seconds
210.849: Application time: 0.0385120 seconds
210.852: [GC [PSYoungGen: 49120K->6656K(49152K)] 64549K->22549K(160256K), 0.0020290 secs] [Times: user=0.01 sys=0.00, real=0.00 secs] 
210.854: Total time for which application threads were stopped: 0.0041350 seconds, Stopping threads took: 0.0020240 seconds
210.891: Application time: 0.0372630 seconds
210.892: [GC [PSYoungGen: 49152K->6640K(49152K)] 65045K->22765K(160256K), 0.0020350 secs] [Times: user=0.01 sys=0.00, real=0.00 secs] 
210.894: Total time for which application threads were stopped: 0.0034950 seconds, Stopping threads took: 0.0013770 seconds
210.933: Application time: 0.0388780 seconds
210.936: [GC [PSYoungGen: 49136K->6640K(49152K)] 65261K->23869K(160256K), 0.0021940 secs] [Times: user=0.02 sys=0.00, real=0.00 secs] 
210.938: Total time for which application threads were stopped: 0.0049620 seconds, Stopping threads took: 0.0026870 seconds
210.975: Application time: 0.0370450 seconds
210.977: [GC [PSYoungGen: 49136K->6640K(49152K)] 66365K->24813K(160256K), 0.0021750 secs] [Times: user=0.02 sys=0.00, real=0.01 secs] 
210.979: Total time for which application threads were stopped: 0.0037870 seconds, Stopping threads took: 0.0015270 seconds
211.018: Application time: 0.0386240 seconds
211.019: [GC [PSYoungGen: 49136K->6000K(49152K)] 67309K->24173K(160256K), 0.0017680 secs] [Times: user=0.01 sys=0.00, real=0.00 secs] 
211.021: Total time for which application threads were stopped: 0.0032430 seconds, Stopping threads took: 0.0014010 seconds
211.060: Application time: 0.0394010 seconds
211.062: [GC [PSYoungGen: 48496K->6656K(49152K)] 66669K->24845K(160256K), 0.0021370 secs] [Times: user=0.01 sys=0.00, real=0.00 secs] 
211.065: Total time for which application threads were stopped: 0.0043270 seconds, Stopping threads took: 0.0021040 seconds
211.104: Application time: 0.0393970 seconds
211.105: [GC [PSYoungGen: 49152K->6656K(49152K)] 67341K->25105K(160256K), 0.0022560 secs] [Times: user=0.02 sys=0.00, real=0.01 secs] 
211.108: Total time for which application threads were stopped: 0.0036160 seconds, Stopping threads took: 0.0012790 seconds
211.147: Application time: 0.0397050 seconds
211.149: [GC [PSYoungGen: 49152K->4960K(49152K)] 67601K->23409K(160256K), 0.0014740 secs] [Times: user=0.01 sys=0.00, real=0.00 secs] 
211.150: Total time for which application threads were stopped: 0.0029240 seconds, Stopping threads took: 0.0013710 seconds
211.188: Application time: 0.0376590 seconds
211.189: [GC [PSYoungGen: 47456K->6640K(49152K)] 65905K->25161K(160256K), 0.0019620 secs] [Times: user=0.01 sys=0.00, real=0.00 secs] 
211.191: Total time for which application threads were stopped: 0.0030170 seconds, Stopping threads took: 0.0009710 seconds
211.231: Application time: 0.0397550 seconds
211.233: [GC [PSYoungGen: 49136K->6624K(49152K)] 67657K->25145K(160256K), 0.0020680 secs] [Times: user=0.01 sys=0.00, real=0.00 secs] 
211.235: Total time for which application threads were stopped: 0.0044020 seconds, Stopping threads took: 0.0022520 seconds
211.274: Application time: 0.0387490 seconds
211.275: [GC [PSYoungGen: 49120K->6464K(49152K)] 67641K->24993K(160256K), 0.0018550 secs] [Times: user=0.01 sys=0.00, real=0.00 secs] 
211.277: Total time for which application threads were stopped: 0.0033200 seconds, Stopping threads took: 0.0013830 seconds
211.316: Application time: 0.0387300 seconds
211.317: [GC [PSYoungGen: 48960K->5840K(49152K)] 67489K->24377K(160256K), 0.0019180 secs] [Times: user=0.01 sys=0.00, real=0.01 secs] 
211.319: Total time for which application threads were stopped: 0.0031200 seconds, Stopping threads took: 0.0011200 seconds
211.358: Application time: 0.0393370 seconds
211.360: [GC [PSYoungGen: 48336K->6048K(49152K)] 66873K->24593K(160256K), 0.0018090 secs] [Times: user=0.01 sys=0.00, real=0.00 secs] 
211.362: Total time for which application threads were stopped: 0.0034270 seconds, Stopping threads took: 0.0015280 seconds
211.401: Application time: 0.0389340 seconds
211.402: [GC [PSYoungGen: 48544K->6016K(49152K)] 67089K->24561K(160256K), 0.0017630 secs] [Times: user=0.01 sys=0.00, real=0.00 secs] 
211.404: Total time for which application threads were stopped: 0.0031450 seconds, Stopping threads took: 0.0012820 seconds
211.444: Application time: 0.0399870 seconds
211.446: [GC [PSYoungGen: 48512K->5760K(49152K)] 67057K->24305K(160256K), 0.0017890 secs] [Times: user=0.01 sys=0.00, real=0.01 secs] 
211.448: Total time for which application threads were stopped: 0.0038950 seconds, Stopping threads took: 0.0020270 seconds
211.486: Application time: 0.0381480 seconds
211.488: [GC [PSYoungGen: 48256K->6272K(49152K)] 66801K->24825K(160256K), 0.0018530 secs] [Times: user=0.01 sys=0.00, real=0.00 secs] 
211.490: Total time for which application threads were stopped: 0.0038220 seconds, Stopping threads took: 0.0018810 seconds
211.528: Application time: 0.0387270 seconds
211.530: [GC [PSYoungGen: 48768K->6640K(49152K)] 67321K->25233K(160256K), 0.0019770 secs] [Times: user=0.01 sys=0.00, real=0.00 secs] 
211.532: Total time for which application threads were stopped: 0.0039020 seconds, Stopping threads took: 0.0018430 seconds
211.572: Application time: 0.0399900 seconds
211.574: [GC [PSYoungGen: 49136K->6640K(49152K)] 67729K->25249K(160256K), 0.0019680 secs] [Times: user=0.01 sys=0.00, real=0.00 secs] 
211.576: Total time for which application threads were stopped: 0.0037660 seconds, Stopping threads took: 0.0017180 seconds
211.617: Application time: 0.0404030 seconds
211.620: [GC [PSYoungGen: 49136K->6640K(49152K)] 67745K->25993K(160256K), 0.0021090 secs] [Times: user=0.01 sys=0.00, real=0.00 secs] 
211.622: Total time for which application threads were stopped: 0.0052530 seconds, Stopping threads took: 0.0030590 seconds
211.664: Application time: 0.0423110 seconds
211.665: [GC [PSYoungGen: 49136K->5696K(49152K)] 68489K->25049K(160256K), 0.0017710 secs] [Times: user=0.01 sys=0.00, real=0.01 secs] 
211.667: Total time for which application threads were stopped: 0.0031380 seconds, Stopping threads took: 0.0012880 seconds
211.712: Application time: 0.0445480 seconds
211.715: [GC [PSYoungGen: 48192K->5824K(49152K)] 67545K->25185K(160256K), 0.0017410 secs] [Times: user=0.01 sys=0.00, real=0.00 secs] 
211.717: Total time for which application threads were stopped: 0.0051840 seconds, Stopping threads took: 0.0033680 seconds
211.758: Application time: 0.0411250 seconds
211.760: [GC [PSYoungGen: 48320K->6656K(49152K)] 67681K->26449K(160256K), 0.0021330 secs] [Times: user=0.02 sys=0.00, real=0.00 secs] 
211.763: Total time for which application threads were stopped: 0.0044650 seconds, Stopping threads took: 0.0022440 seconds
211.804: Application time: 0.0411690 seconds
211.805: [GC [PSYoungGen: 49152K->5904K(49152K)] 68945K->25705K(160256K), 0.0018070 secs] [Times: user=0.01 sys=0.00, real=0.01 secs] 
211.807: Total time for which application threads were stopped: 0.0034700 seconds, Stopping threads took: 0.0015820 seconds
211.849: Application time: 0.0420800 seconds
211.852: [GC [PSYoungGen: 48398K->6624K(49152K)] 68200K->26465K(160256K), 0.0019360 secs] [Times: user=0.02 sys=0.00, real=0.00 secs] 
211.854: Total time for which application threads were stopped: 0.0048450 seconds, Stopping threads took: 0.0028330 seconds
211.897: Application time: 0.0426280 seconds
211.899: [GC [PSYoungGen: 49120K->6640K(49152K)] 68961K->26793K(160256K), 0.0021830 secs] [Times: user=0.02 sys=0.01, real=0.00 secs] 
211.901: Total time for which application threads were stopped: 0.0041030 seconds, Stopping threads took: 0.0018390 seconds
211.943: Application time: 0.0416920 seconds
211.944: [GC [PSYoungGen: 49136K->6624K(49152K)] 69289K->26801K(160256K), 0.0019340 secs] [Times: user=0.01 sys=0.00, real=0.00 secs] 
211.946: Total time for which application threads were stopped: 0.0036700 seconds, Stopping threads took: 0.0016540 seconds
211.990: Application time: 0.0436010 seconds
211.992: [GC [PSYoungGen: 49120K->5536K(49152K)] 69297K->25713K(160256K), 0.0016820 secs] [Times: user=0.01 sys=0.00, real=0.00 secs] 
211.993: Total time for which application threads were stopped: 0.0034810 seconds, Stopping threads took: 0.0017080 seconds
212.033: Application time: 0.0394600 seconds
212.035: [GC [PSYoungGen: 48032K->6656K(49152K)] 68209K->27929K(160256K), 0.0023050 secs] [Times: user=0.01 sys=0.00, real=0.00 secs] 
212.037: Total time for which application threads were stopped: 0.0042040 seconds, Stopping threads took: 0.0018130 seconds
212.077: Application time: 0.0404690 seconds
212.080: [GC [PSYoungGen: 49152K->6656K(49152K)] 70425K->28857K(160256K), 0.0021870 secs] [Times: user=0.01 sys=0.00, real=0.00 secs] 
212.083: Total time for which application threads were stopped: 0.0050110 seconds, Stopping threads took: 0.0027370 seconds
212.122: Application time: 0.0394020 seconds
212.124: [GC [PSYoungGen: 49152K->6656K(49152K)] 71353K->29497K(160256K), 0.0021730 secs] [Times: user=0.02 sys=0.00, real=0.00 secs] 
212.126: Total time for which application threads were stopped: 0.0041800 seconds, Stopping threads took: 0.0019190 seconds
212.169: Application time: 0.0429470 seconds
212.171: [GC [PSYoungGen: 49152K->5392K(49152K)] 71993K->28233K(160256K), 0.0015850 secs] [Times: user=0.01 sys=0.00, real=0.00 secs] 
212.173: Total time for which application threads were stopped: 0.0036340 seconds, Stopping threads took: 0.0019740 seconds
212.213: Application time: 0.0402020 seconds
212.214: [GC [PSYoungGen: 47888K->6656K(49152K)] 70729K->29521K(160256K), 0.0019800 secs] [Times: user=0.02 sys=0.00, real=0.00 secs] 
212.216: Total time for which application threads were stopped: 0.0035120 seconds, Stopping threads took: 0.0014470 seconds
212.259: Application time: 0.0430050 seconds
212.262: [GC [PSYoungGen: 49152K->6656K(49152K)] 72017K->30033K(160256K), 0.0020700 secs] [Times: user=0.02 sys=0.00, real=0.00 secs] 
212.264: Total time for which application threads were stopped: 0.0046930 seconds, Stopping threads took: 0.0025430 seconds
212.305: Application time: 0.0409310 seconds
212.308: [GC [PSYoungGen: 49152K->6656K(49152K)] 72529K->30321K(160256K), 0.0020850 secs] [Times: user=0.01 sys=0.00, real=0.00 secs] 
212.310: Total time for which application threads were stopped: 0.0053840 seconds, Stopping threads took: 0.0032130 seconds
212.353: Application time: 0.0421110 seconds
212.354: [GC [PSYoungGen: 49152K->5936K(49152K)] 72817K->29609K(160256K), 0.0019750 secs] [Times: user=0.01 sys=0.00, real=0.00 secs] 
212.356: Total time for which application threads were stopped: 0.0038120 seconds, Stopping threads took: 0.0017580 seconds
212.399: Application time: 0.0421660 seconds
212.401: [GC [PSYoungGen: 48432K->4688K(49152K)] 72105K->28361K(160256K), 0.0014670 secs] [Times: user=0.01 sys=0.00, real=0.00 secs] 
212.403: Total time for which application threads were stopped: 0.0040710 seconds, Stopping threads took: 0.0025140 seconds
212.443: Application time: 0.0404280 seconds
212.444: [GC [PSYoungGen: 47184K->6624K(49152K)] 70857K->30305K(160256K), 0.0019540 secs] [Times: user=0.01 sys=0.00, real=0.00 secs] 
212.446: Total time for which application threads were stopped: 0.0033740 seconds, Stopping threads took: 0.0013420 seconds
212.487: Application time: 0.0402390 seconds
212.490: [GC [PSYoungGen: 49120K->6656K(49152K)] 72801K->31033K(160256K), 0.0025160 secs] [Times: user=0.01 sys=0.00, real=0.00 secs] 
212.492: Total time for which application threads were stopped: 0.0054820 seconds, Stopping threads took: 0.0028730 seconds
212.533: Application time: 0.0411050 seconds
212.535: [GC [PSYoungGen: 49152K->6352K(49152K)] 73529K->30729K(160256K), 0.0018990 secs] [Times: user=0.01 sys=0.00, real=0.00 secs] 
212.537: Total time for which application threads were stopped: 0.0041430 seconds, Stopping threads took: 0.0021520 seconds
212.578: Application time: 0.0407300 seconds
212.580: [GC [PSYoungGen: 48848K->6624K(49152K)] 73225K->31545K(160256K), 0.0020900 secs] [Times: user=0.02 sys=0.00, real=0.00 secs] 
212.582: Total time for which application threads were stopped: 0.0037100 seconds, Stopping threads took: 0.0015030 seconds
212.622: Application time: 0.0404290 seconds
212.624: [GC [PSYoungGen: 49120K->6656K(49152K)] 74041K->31889K(160256K), 0.0022550 secs] [Times: user=0.02 sys=0.00, real=0.00 secs] 
212.626: Total time for which application threads were stopped: 0.0039530 seconds, Stopping threads took: 0.0016140 seconds
212.667: Application time: 0.0405620 seconds
212.668: [GC [PSYoungGen: 49152K->6656K(49152K)] 74385K->32305K(160256K), 0.0021590 secs] [Times: user=0.01 sys=0.00, real=0.00 secs] 
212.670: Total time for which application threads were stopped: 0.0036890 seconds, Stopping threads took: 0.0014410 seconds
212.711: Application time: 0.0402270 seconds
212.713: [GC [PSYoungGen: 49152K->6656K(49152K)] 74801K->32609K(160256K), 0.0020250 secs] [Times: user=0.01 sys=0.00, real=0.00 secs] 
212.715: Total time for which application threads were stopped: 0.0045260 seconds, Stopping threads took: 0.0024200 seconds
212.757: Application time: 0.0413450 seconds
212.759: [GC [PSYoungGen: 49152K->6656K(49152K)] 75105K->32681K(160256K), 0.0020190 secs] [Times: user=0.02 sys=0.00, real=0.00 secs] 
212.761: Total time for which application threads were stopped: 0.0041670 seconds, Stopping threads took: 0.0020620 seconds
212.805: Application time: 0.0444800 seconds
212.807: [GC [PSYoungGen: 49152K->6656K(49152K)] 75177K->33582K(160256K), 0.0020930 secs] [Times: user=0.02 sys=0.00, real=0.00 secs] 
212.809: Total time for which application threads were stopped: 0.0037910 seconds, Stopping threads took: 0.0016180 seconds
212.849: Application time: 0.0401120 seconds
212.851: [GC [PSYoungGen: 49152K->6656K(49152K)] 76078K->34070K(160256K), 0.0021440 secs] [Times: user=0.02 sys=0.00, real=0.00 secs] 
212.853: Total time for which application threads were stopped: 0.0039740 seconds, Stopping threads took: 0.0017440 seconds
212.894: Application time: 0.0404590 seconds
212.895: [GC [PSYoungGen: 49152K->6656K(49152K)] 76566K->35398K(160256K), 0.0024550 secs] [Times: user=0.01 sys=0.00, real=0.00 secs] 
212.897: Total time for which application threads were stopped: 0.0038330 seconds, Stopping threads took: 0.0012900 seconds
212.936: Application time: 0.0390320 seconds
212.939: [GC [PSYoungGen: 49152K->6656K(49152K)] 77894K->36566K(160256K), 0.0022310 secs] [Times: user=0.01 sys=0.00, real=0.00 secs] 
212.941: Total time for which application threads were stopped: 0.0047340 seconds, Stopping threads took: 0.0024150 seconds
212.981: Application time: 0.0400170 seconds
212.984: [GC [PSYoungGen: 49152K->6656K(49152K)] 79062K->36678K(160256K), 0.0020310 secs] [Times: user=0.01 sys=0.00, real=0.00 secs] 
212.986: Total time for which application threads were stopped: 0.0049770 seconds, Stopping threads took: 0.0028610 seconds
213.026: Application time: 0.0395850 seconds
213.028: [GC [PSYoungGen: 49152K->6544K(49152K)] 79174K->36566K(160256K), 0.0019110 secs] [Times: user=0.01 sys=0.00, real=0.00 secs] 
213.030: Total time for which application threads were stopped: 0.0038290 seconds, Stopping threads took: 0.0018410 seconds
213.071: Application time: 0.0411920 seconds
213.074: [GC [PSYoungGen: 49040K->6512K(49152K)] 79062K->36534K(160256K), 0.0018660 secs] [Times: user=0.01 sys=0.00, real=0.00 secs] 
213.075: Total time for which application threads were stopped: 0.0046710 seconds, Stopping threads took: 0.0027120 seconds
213.116: Application time: 0.0407250 seconds
213.118: [GC [PSYoungGen: 49008K->6208K(49152K)] 79030K->36238K(160256K), 0.0019990 secs] [Times: user=0.01 sys=0.00, real=0.01 secs] 
213.120: Total time for which application threads were stopped: 0.0037000 seconds, Stopping threads took: 0.0016180 seconds
213.162: Application time: 0.0417110 seconds
213.163: [GC [PSYoungGen: 48704K->5616K(49152K)] 78734K->35654K(160256K), 0.0017030 secs] [Times: user=0.01 sys=0.00, real=0.00 secs] 
213.165: Total time for which application threads were stopped: 0.0029520 seconds, Stopping threads took: 0.0011700 seconds
213.207: Application time: 0.0426870 seconds
213.208: [GC [PSYoungGen: 48112K->5152K(49152K)] 78150K->35198K(160256K), 0.0016730 secs] [Times: user=0.01 sys=0.00, real=0.00 secs] 
213.210: Total time for which application threads were stopped: 0.0028220 seconds, Stopping threads took: 0.0010720 seconds
213.252: Application time: 0.0422000 seconds
213.254: [GC [PSYoungGen: 47648K->6016K(49152K)] 77694K->36062K(160256K), 0.0019860 secs] [Times: user=0.01 sys=0.00, real=0.00 secs] 
213.256: Total time for which application threads were stopped: 0.0037480 seconds, Stopping threads took: 0.0016590 seconds
213.298: Application time: 0.0424750 seconds
213.301: [GC [PSYoungGen: 48512K->6528K(49152K)] 78558K->36574K(160256K), 0.0019760 secs] [Times: user=0.01 sys=0.00, real=0.00 secs] 
213.303: Total time for which application threads were stopped: 0.0049710 seconds, Stopping threads took: 0.0029160 seconds
213.344: Application time: 0.0403330 seconds
213.345: [GC [PSYoungGen: 49024K->5904K(49152K)] 79070K->35950K(160256K), 0.0017810 secs] [Times: user=0.01 sys=0.00, real=0.01 secs] 
213.347: Total time for which application threads were stopped: 0.0034480 seconds, Stopping threads took: 0.0015870 seconds
213.389: Application time: 0.0420540 seconds
213.391: [GC [PSYoungGen: 48400K->6640K(49152K)] 78446K->37726K(160256K), 0.0022230 secs] [Times: user=0.02 sys=0.00, real=0.00 secs] 
213.394: Total time for which application threads were stopped: 0.0042250 seconds, Stopping threads took: 0.0019140 seconds
213.434: Application time: 0.0404970 seconds
213.436: [GC [PSYoungGen: 49136K->6656K(49152K)] 80222K->38086K(160256K), 0.0021130 secs] [Times: user=0.01 sys=0.00, real=0.00 secs] 
213.438: Total time for which application threads were stopped: 0.0040970 seconds, Stopping threads took: 0.0019000 seconds
213.478: Application time: 0.0397190 seconds
213.480: [GC [PSYoungGen: 49152K->6656K(49152K)] 80582K->38278K(160256K), 0.0021220 secs] [Times: user=0.01 sys=0.00, real=0.00 secs] 
213.482: Total time for which application threads were stopped: 0.0043080 seconds, Stopping threads took: 0.0021030 seconds
213.523: Application time: 0.0408190 seconds
213.525: [GC [PSYoungGen: 49152K->6656K(49152K)] 80774K->38734K(160256K), 0.0021510 secs] [Times: user=0.02 sys=0.00, real=0.01 secs] 
213.527: Total time for which application threads were stopped: 0.0037930 seconds, Stopping threads took: 0.0015530 seconds
213.567: Application time: 0.0406600 seconds
213.571: [GC [PSYoungGen: 49152K->6656K(49152K)] 81230K->40046K(160256K), 0.0023890 secs] [Times: user=0.01 sys=0.00, real=0.00 secs] 
213.573: Total time for which application threads were stopped: 0.0055560 seconds, Stopping threads took: 0.0030750 seconds
213.614: Application time: 0.0407800 seconds
213.616: [GC [PSYoungGen: 49152K->6640K(49152K)] 82542K->40150K(160256K), 0.0022860 secs] [Times: user=0.01 sys=0.00, real=0.01 secs] 
213.619: Total time for which application threads were stopped: 0.0048840 seconds, Stopping threads took: 0.0024920 seconds
213.660: Application time: 0.0409160 seconds
213.661: [GC [PSYoungGen: 49136K->6576K(49152K)] 82646K->40086K(160256K), 0.0020370 secs] [Times: user=0.02 sys=0.00, real=0.00 secs] 
213.663: Total time for which application threads were stopped: 0.0035680 seconds, Stopping threads took: 0.0014520 seconds
213.708: Application time: 0.0450090 seconds
213.709: [GC [PSYoungGen: 49072K->6656K(49152K)] 82582K->40878K(160256K), 0.0021340 secs] [Times: user=0.01 sys=0.00, real=0.00 secs] 
213.712: Total time for which application threads were stopped: 0.0034290 seconds, Stopping threads took: 0.0012120 seconds
213.752: Application time: 0.0408480 seconds
213.754: [GC [PSYoungGen: 49152K->6656K(49152K)] 83374K->41302K(160256K), 0.0021210 secs] [Times: user=0.01 sys=0.00, real=0.00 secs] 
213.757: Total time for which application threads were stopped: 0.0041790 seconds, Stopping threads took: 0.0019720 seconds
213.796: Application time: 0.0393430 seconds
213.798: [GC [PSYoungGen: 49152K->6624K(49152K)] 83798K->42046K(160256K), 0.0022230 secs] [Times: user=0.01 sys=0.00, real=0.01 secs] 
213.800: Total time for which application threads were stopped: 0.0043860 seconds, Stopping threads took: 0.0020670 seconds
213.841: Application time: 0.0410030 seconds
213.843: [GC [PSYoungGen: 49120K->6304K(49152K)] 84542K->41726K(160256K), 0.0018680 secs] [Times: user=0.01 sys=0.00, real=0.00 secs] 
213.845: Total time for which application threads were stopped: 0.0037100 seconds, Stopping threads took: 0.0017600 seconds
213.887: Application time: 0.0424210 seconds
213.889: [GC [PSYoungGen: 48800K->5824K(49152K)] 84222K->41246K(160256K), 0.0017880 secs] [Times: user=0.01 sys=0.00, real=0.00 secs] 
213.891: Total time for which application threads were stopped: 0.0035240 seconds, Stopping threads took: 0.0016580 seconds
213.932: Application time: 0.0406100 seconds
213.934: [GC [PSYoungGen: 48320K->6176K(49152K)] 83742K->41614K(160256K), 0.0019630 secs] [Times: user=0.01 sys=0.00, real=0.00 secs] 
213.936: Total time for which application threads were stopped: 0.0046260 seconds, Stopping threads took: 0.0025780 seconds
213.977: Application time: 0.0408890 seconds
213.979: [GC [PSYoungGen: 48672K->6592K(49152K)] 84110K->42030K(160256K), 0.0019820 secs] [Times: user=0.02 sys=0.00, real=0.00 secs] 
213.981: Total time for which application threads were stopped: 0.0041050 seconds, Stopping threads took: 0.0020380 seconds
214.022: Application time: 0.0410770 seconds
214.024: [GC [PSYoungGen: 49088K->6640K(49152K)] 84526K->42862K(160256K), 0.0022960 secs] [Times: user=0.01 sys=0.00, real=0.00 secs] 
214.026: Total time for which application threads were stopped: 0.0041230 seconds, Stopping threads took: 0.0017410 seconds
214.068: Application time: 0.0415690 seconds
214.070: [GC [PSYoungGen: 49136K->5616K(49152K)] 85358K->41846K(160256K), 0.0017400 secs] [Times: user=0.01 sys=0.00, real=0.00 secs] 
214.072: Total time for which application threads were stopped: 0.0040410 seconds, Stopping threads took: 0.0022190 seconds
214.112: Application time: 0.0403280 seconds
214.114: [GC [PSYoungGen: 48112K->6656K(49152K)] 84342K->43222K(160256K), 0.0021040 secs] [Times: user=0.02 sys=0.00, real=0.00 secs] 
214.116: Total time for which application threads were stopped: 0.0038740 seconds, Stopping threads took: 0.0016880 seconds
214.155: Application time: 0.0382320 seconds
214.157: [GC [PSYoungGen: 49152K->6640K(49152K)] 85718K->44278K(160256K), 0.0024450 secs] [Times: user=0.01 sys=0.00, real=0.01 secs] 
214.159: Total time for which application threads were stopped: 0.0048970 seconds, Stopping threads took: 0.0023350 seconds
214.199: Application time: 0.0395770 seconds
214.201: [GC [PSYoungGen: 49136K->6640K(49152K)] 86774K->45230K(160256K), 0.0023110 secs] [Times: user=0.01 sys=0.00, real=0.00 secs] 
214.203: Total time for which application threads were stopped: 0.0041650 seconds, Stopping threads took: 0.0017670 seconds
214.244: Application time: 0.0407430 seconds
214.247: [GC [PSYoungGen: 49136K->6512K(49152K)] 87726K->45118K(160256K), 0.0019160 secs] [Times: user=0.02 sys=0.00, real=0.00 secs] 
214.249: Total time for which application threads were stopped: 0.0049790 seconds, Stopping threads took: 0.0029760 seconds
214.290: Application time: 0.0410590 seconds
214.291: [GC [PSYoungGen: 49008K->4448K(49152K)] 87614K->43062K(160256K), 0.0015110 secs] [Times: user=0.01 sys=0.00, real=0.00 secs] 
214.292: Total time for which application threads were stopped: 0.0024160 seconds, Stopping threads took: 0.0008360 seconds
214.333: Application time: 0.0403800 seconds
214.335: [GC [PSYoungGen: 46944K->6400K(49152K)] 85558K->45014K(160256K), 0.0018550 secs] [Times: user=0.01 sys=0.00, real=0.00 secs] 
214.337: Total time for which application threads were stopped: 0.0043330 seconds, Stopping threads took: 0.0023970 seconds
214.376: Application time: 0.0391160 seconds
214.378: [GC [PSYoungGen: 48896K->6656K(49152K)] 87510K->46742K(160256K), 0.0024120 secs] [Times: user=0.01 sys=0.00, real=0.01 secs] 
214.380: Total time for which application threads were stopped: 0.0040410 seconds, Stopping threads took: 0.0015400 seconds
214.422: Application time: 0.0413130 seconds
214.424: [GC [PSYoungGen: 49152K->6048K(49152K)] 89238K->46134K(160256K), 0.0017860 secs] [Times: user=0.01 sys=0.00, real=0.00 secs] 
214.426: Total time for which application threads were stopped: 0.0043370 seconds, Stopping threads took: 0.0024760 seconds
214.469: Application time: 0.0432790 seconds
214.471: [GC [PSYoungGen: 48544K->5440K(49152K)] 88630K->45526K(160256K), 0.0016680 secs] [Times: user=0.01 sys=0.00, real=0.00 secs] 
214.472: Total time for which application threads were stopped: 0.0030550 seconds, Stopping threads took: 0.0013050 seconds
214.513: Application time: 0.0408290 seconds
214.516: [GC [PSYoungGen: 47936K->6656K(49152K)] 88022K->46910K(160256K), 0.0020640 secs] [Times: user=0.01 sys=0.00, real=0.00 secs] 
214.518: Total time for which application threads were stopped: 0.0051240 seconds, Stopping threads took: 0.0029750 seconds
214.559: Application time: 0.0409350 seconds
214.562: [GC [PSYoungGen: 49152K->5856K(49152K)] 89406K->46110K(160256K), 0.0017050 secs] [Times: user=0.01 sys=0.00, real=0.00 secs] 
214.564: Total time for which application threads were stopped: 0.0049480 seconds, Stopping threads took: 0.0031610 seconds
214.605: Application time: 0.0411020 seconds
214.608: [GC [PSYoungGen: 48352K->6048K(49152K)] 88606K->46302K(160256K), 0.0020530 secs] [Times: user=0.01 sys=0.00, real=0.00 secs] 
214.610: Total time for which application threads were stopped: 0.0045910 seconds, Stopping threads took: 0.0024570 seconds
214.650: Application time: 0.0400000 seconds
214.653: [GC [PSYoungGen: 48544K->6656K(49152K)] 88798K->47150K(160256K), 0.0021030 secs] [Times: user=0.02 sys=0.00, real=0.00 secs] 
214.655: Total time for which application threads were stopped: 0.0050260 seconds, Stopping threads took: 0.0028360 seconds
214.695: Application time: 0.0398120 seconds
214.696: [GC [PSYoungGen: 49152K->6624K(49152K)] 89646K->47646K(160256K), 0.0021680 secs] [Times: user=0.02 sys=0.00, real=0.00 secs] 
214.699: Total time for which application threads were stopped: 0.0039020 seconds, Stopping threads took: 0.0016370 seconds
214.739: Application time: 0.0401960 seconds
214.741: [GC [PSYoungGen: 49120K->5632K(49152K)] 90142K->46662K(160256K), 0.0017470 secs] [Times: user=0.01 sys=0.00, real=0.00 secs] 
214.743: Total time for which application threads were stopped: 0.0038430 seconds, Stopping threads took: 0.0020050 seconds
214.783: Application time: 0.0408440 seconds
214.785: [GC [PSYoungGen: 48128K->5952K(49152K)] 89158K->46982K(160256K), 0.0018140 secs] [Times: user=0.01 sys=0.00, real=0.00 secs] 
214.786: Total time for which application threads were stopped: 0.0030200 seconds, Stopping threads took: 0.0011240 seconds
214.829: Application time: 0.0429320 seconds
214.832: [GC [PSYoungGen: 48448K->6624K(49152K)] 89478K->47822K(160256K), 0.0021250 secs] [Times: user=0.01 sys=0.00, real=0.00 secs] 
214.834: Total time for which application threads were stopped: 0.0042860 seconds, Stopping threads took: 0.0020730 seconds
214.875: Application time: 0.0415390 seconds
214.878: [GC [PSYoungGen: 49120K->6640K(49152K)] 90318K->47902K(160256K), 0.0019200 secs] [Times: user=0.01 sys=0.00, real=0.01 secs] 
214.880: Total time for which application threads were stopped: 0.0051960 seconds, Stopping threads took: 0.0032030 seconds
214.922: Application time: 0.0417430 seconds
214.925: [GC [PSYoungGen: 49136K->6144K(49152K)] 90398K->47406K(160256K), 0.0018340 secs] [Times: user=0.02 sys=0.00, real=0.00 secs] 
214.927: Total time for which application threads were stopped: 0.0043950 seconds, Stopping threads took: 0.0024730 seconds
214.969: Application time: 0.0423250 seconds
214.971: [GC [PSYoungGen: 48640K->5632K(49152K)] 89902K->46894K(160256K), 0.0016790 secs] [Times: user=0.01 sys=0.00, real=0.00 secs] 
214.973: Total time for which application threads were stopped: 0.0036580 seconds, Stopping threads took: 0.0019000 seconds
215.015: Application time: 0.0422010 seconds
215.016: [GC [PSYoungGen: 48128K->5552K(49152K)] 89390K->46814K(160256K), 0.0016930 secs] [Times: user=0.01 sys=0.00, real=0.00 secs] 
215.018: Total time for which application threads were stopped: 0.0029110 seconds, Stopping threads took: 0.0011310 seconds
215.061: Application time: 0.0432300 seconds
215.064: [GC [PSYoungGen: 48048K->6624K(49152K)] 89310K->48022K(160256K), 0.0020200 secs] [Times: user=0.01 sys=0.00, real=0.00 secs] 
215.066: Total time for which application threads were stopped: 0.0052800 seconds, Stopping threads took: 0.0031780 seconds
215.107: Application time: 0.0412200 seconds
215.110: [GC [PSYoungGen: 49120K->6224K(49152K)] 90518K->47622K(160256K), 0.0018920 secs] [Times: user=0.01 sys=0.00, real=0.00 secs] 
215.111: Total time for which application threads were stopped: 0.0040950 seconds, Stopping threads took: 0.0021230 seconds
215.154: Application time: 0.0421200 seconds
215.156: [GC [PSYoungGen: 48720K->6048K(49152K)] 90118K->47446K(160256K), 0.0018330 secs] [Times: user=0.01 sys=0.00, real=0.00 secs] 
215.158: Total time for which application threads were stopped: 0.0040960 seconds, Stopping threads took: 0.0021780 seconds
215.199: Application time: 0.0414510 seconds
215.202: [GC [PSYoungGen: 48544K->6496K(49152K)] 89942K->47910K(160256K), 0.0020640 secs] [Times: user=0.01 sys=0.00, real=0.00 secs] 
215.204: Total time for which application threads were stopped: 0.0047110 seconds, Stopping threads took: 0.0025600 seconds
215.246: Application time: 0.0420200 seconds
215.248: [GC [PSYoungGen: 48992K->5840K(49152K)] 90406K->47254K(160256K), 0.0017760 secs] [Times: user=0.01 sys=0.00, real=0.00 secs] 
215.250: Total time for which application threads were stopped: 0.0043520 seconds, Stopping threads took: 0.0024960 seconds
215.292: Application time: 0.0422140 seconds
215.294: [GC [PSYoungGen: 48336K->5968K(49152K)] 89750K->47390K(160256K), 0.0017930 secs] [Times: user=0.01 sys=0.00, real=0.00 secs] 
215.295: Total time for which application threads were stopped: 0.0030310 seconds, Stopping threads took: 0.0011570 seconds
215.339: Application time: 0.0432900 seconds
215.340: [GC [PSYoungGen: 48464K->4928K(49152K)] 89886K->46350K(160256K), 0.0015460 secs] [Times: user=0.01 sys=0.00, real=0.00 secs] 
215.342: Total time for which application threads were stopped: 0.0028950 seconds, Stopping threads took: 0.0012690 seconds
215.385: Application time: 0.0435030 seconds
215.388: [GC [PSYoungGen: 47424K->6336K(49152K)] 88846K->47774K(160256K), 0.0018770 secs] [Times: user=0.01 sys=0.00, real=0.00 secs] 
215.390: Total time for which application threads were stopped: 0.0043890 seconds, Stopping threads took: 0.0024310 seconds
215.433: Application time: 0.0429530 seconds
215.434: [GC [PSYoungGen: 48832K->6640K(49152K)] 90270K->48158K(160256K), 0.0020310 secs] [Times: user=0.02 sys=0.00, real=0.00 secs] 
215.436: Total time for which application threads were stopped: 0.0038850 seconds, Stopping threads took: 0.0017730 seconds
215.479: Application time: 0.0427110 seconds
215.482: [GC [PSYoungGen: 49136K->6112K(49152K)] 90654K->47646K(160256K), 0.0018700 secs] [Times: user=0.01 sys=0.00, real=0.00 secs] 
215.483: Total time for which application threads were stopped: 0.0043140 seconds, Stopping threads took: 0.0023620 seconds
215.523: Application time: 0.0397200 seconds
215.525: [GC [PSYoungGen: 48608K->6640K(49152K)] 90142K->48398K(160256K), 0.0020310 secs] [Times: user=0.02 sys=0.00, real=0.01 secs] 
215.527: Total time for which application threads were stopped: 0.0042810 seconds, Stopping threads took: 0.0021660 seconds
215.568: Application time: 0.0406460 seconds
215.570: [GC [PSYoungGen: 49136K->6656K(49152K)] 90894K->49494K(160256K), 0.0022700 secs] [Times: user=0.02 sys=0.00, real=0.00 secs] 
215.572: Total time for which application threads were stopped: 0.0042170 seconds, Stopping threads took: 0.0018620 seconds
215.611: Application time: 0.0383040 seconds
215.613: [GC [PSYoungGen: 49152K->6656K(49152K)] 91990K->50206K(160256K), 0.0046100 secs] [Times: user=0.03 sys=0.00, real=0.00 secs] 
215.617: Total time for which application threads were stopped: 0.0066020 seconds, Stopping threads took: 0.0018980 seconds
215.656: Application time: 0.0387000 seconds
215.658: [GC [PSYoungGen: 49152K->6656K(49152K)] 92702K->50814K(160256K), 0.0023160 secs] [Times: user=0.01 sys=0.00, real=0.01 secs] 
215.660: Total time for which application threads were stopped: 0.0043810 seconds, Stopping threads took: 0.0019820 seconds
215.698: Application time: 0.0381410 seconds
215.701: [GC [PSYoungGen: 49152K->6272K(49152K)] 93310K->50430K(160256K), 0.0018340 secs] [Times: user=0.01 sys=0.00, real=0.00 secs] 
215.703: Total time for which application threads were stopped: 0.0045210 seconds, Stopping threads took: 0.0026030 seconds
215.741: Application time: 0.0383850 seconds
215.743: [GC [PSYoungGen: 48768K->5920K(49152K)] 92926K->50078K(160256K), 0.0017870 secs] [Times: user=0.01 sys=0.00, real=0.00 secs] 
215.745: Total time for which application threads were stopped: 0.0037420 seconds, Stopping threads took: 0.0018610 seconds
215.785: Application time: 0.0394050 seconds
215.786: [GC [PSYoungGen: 48416K->5328K(49152K)] 92574K->49494K(160256K), 0.0016730 secs] [Times: user=0.01 sys=0.00, real=0.01 secs] 
215.788: Total time for which application threads were stopped: 0.0033120 seconds, Stopping threads took: 0.0015650 seconds
215.827: Application time: 0.0389500 seconds
215.829: [GC [PSYoungGen: 47824K->5680K(49152K)] 91990K->49854K(160256K), 0.0016890 secs] [Times: user=0.01 sys=0.00, real=0.00 secs] 
215.831: Total time for which application threads were stopped: 0.0042220 seconds, Stopping threads took: 0.0024530 seconds
215.870: Application time: 0.0389380 seconds
215.872: [GC [PSYoungGen: 48176K->6640K(49152K)] 92350K->51503K(160256K), 0.0022090 secs] [Times: user=0.01 sys=0.00, real=0.00 secs] 
215.874: Total time for which application threads were stopped: 0.0043620 seconds, Stopping threads took: 0.0020680 seconds
215.914: Application time: 0.0393020 seconds
215.914: [GC [PSYoungGen: 49136K->6400K(49152K)] 93999K->51271K(160256K), 0.0019440 secs] [Times: user=0.01 sys=0.00, real=0.00 secs] 
215.916: Total time for which application threads were stopped: 0.0026610 seconds, Stopping threads took: 0.0006390 seconds
215.957: Application time: 0.0408240 seconds
215.958: [GC [PSYoungGen: 48896K->5728K(49152K)] 93767K->50599K(160256K), 0.0017330 secs] [Times: user=0.01 sys=0.00, real=0.01 secs] 
215.960: Total time for which application threads were stopped: 0.0031460 seconds, Stopping threads took: 0.0013360 seconds
215.999: Application time: 0.0387090 seconds
216.001: [GC [PSYoungGen: 48224K->6640K(49152K)] 93095K->52454K(160256K), 0.0023130 secs] [Times: user=0.02 sys=0.00, real=0.00 secs] 
216.004: Total time for which application threads were stopped: 0.0046740 seconds, Stopping threads took: 0.0022740 seconds
216.042: Application time: 0.0380990 seconds
216.044: [GC [PSYoungGen: 49136K->6656K(49152K)] 94950K->52702K(160256K), 0.0020070 secs] [Times: user=0.01 sys=0.00, real=0.00 secs] 
216.046: Total time for which application threads were stopped: 0.0039290 seconds, Stopping threads took: 0.0018400 seconds
216.086: Application time: 0.0399780 seconds
216.088: [GC [PSYoungGen: 49152K->6640K(49152K)] 95198K->53846K(160256K), 0.0021790 secs] [Times: user=0.02 sys=0.00, real=0.00 secs] 
216.090: Total time for which application threads were stopped: 0.0048240 seconds, Stopping threads took: 0.0025700 seconds
216.131: Application time: 0.0403040 seconds
216.133: [GC [PSYoungGen: 49134K->6656K(49152K)] 96341K->54799K(160256K), 0.0022490 secs] [Times: user=0.01 sys=0.00, real=0.00 secs] 
216.135: Total time for which application threads were stopped: 0.0041950 seconds, Stopping threads took: 0.0018680 seconds
216.175: Application time: 0.0395540 seconds
216.176: [GC [PSYoungGen: 49152K->6640K(49152K)] 97295K->55387K(160256K), 0.0022150 secs] [Times: user=0.01 sys=0.00, real=0.01 secs] 
216.179: Total time for which application threads were stopped: 0.0041460 seconds, Stopping threads took: 0.0018450 seconds
216.217: Application time: 0.0381380 seconds
216.218: [GC [PSYoungGen: 49136K->6656K(49152K)] 97883K->55619K(160256K), 0.0020760 secs] [Times: user=0.01 sys=0.00, real=0.01 secs] 
216.220: Total time for which application threads were stopped: 0.0029990 seconds, Stopping threads took: 0.0008310 seconds
216.258: Application time: 0.0382790 seconds
216.260: [GC [PSYoungGen: 49152K->6640K(49152K)] 98115K->56703K(160256K), 0.0022950 secs] [Times: user=0.01 sys=0.00, real=0.00 secs] 
216.262: Total time for which application threads were stopped: 0.0041000 seconds, Stopping threads took: 0.0017190 seconds
216.301: Application time: 0.0387460 seconds
216.303: [GC [PSYoungGen: 49136K->6640K(49152K)] 99199K->57439K(160256K), 0.0021670 secs] [Times: user=0.01 sys=0.00, real=0.00 secs] 
216.305: Total time for which application threads were stopped: 0.0043810 seconds, Stopping threads took: 0.0021290 seconds
216.342: Application time: 0.0370830 seconds
216.347: [GC [PSYoungGen: 49136K->6656K(49152K)] 99935K->58063K(160256K), 0.0023130 secs] [Times: user=0.01 sys=0.00, real=0.00 secs] 
216.349: Total time for which application threads were stopped: 0.0066310 seconds, Stopping threads took: 0.0042360 seconds
216.390: Application time: 0.0413770 seconds
216.393: [GC [PSYoungGen: 49152K->6640K(49152K)] 100559K->58503K(160256K), 0.0019950 secs] [Times: user=0.01 sys=0.00, real=0.00 secs] 
216.395: Total time for which application threads were stopped: 0.0045530 seconds, Stopping threads took: 0.0024780 seconds
216.432: Application time: 0.0369230 seconds
216.434: [GC [PSYoungGen: 49136K->6640K(49152K)] 100999K->59415K(160256K), 0.0022820 secs] [Times: user=0.01 sys=0.00, real=0.00 secs] 
216.436: Total time for which application threads were stopped: 0.0041190 seconds, Stopping threads took: 0.0017520 seconds
216.475: Application time: 0.0385450 seconds
216.477: [GC [PSYoungGen: 49136K->6624K(49152K)] 101911K->59551K(160256K), 0.0020060 secs] [Times: user=0.02 sys=0.00, real=0.01 secs] 
216.479: Total time for which application threads were stopped: 0.0046120 seconds, Stopping threads took: 0.0025280 seconds
216.518: Application time: 0.0390230 seconds
216.520: [GC [PSYoungGen: 49120K->6176K(49152K)] 102047K->59111K(160256K), 0.0019630 secs] [Times: user=0.01 sys=0.00, real=0.00 secs] 
216.522: Total time for which application threads were stopped: 0.0033230 seconds, Stopping threads took: 0.0012800 seconds
216.562: Application time: 0.0402270 seconds
216.564: [GC [PSYoungGen: 48672K->5584K(49152K)] 101607K->58519K(160256K), 0.0016920 secs] [Times: user=0.01 sys=0.00, real=0.00 secs] 
216.566: Total time for which application threads were stopped: 0.0042280 seconds, Stopping threads took: 0.0024580 seconds
216.606: Application time: 0.0401040 seconds
216.608: [GC [PSYoungGen: 48080K->6640K(49152K)] 101015K->60151K(160256K), 0.0022010 secs] [Times: user=0.01 sys=0.00, real=0.00 secs] 
216.611: Total time for which application threads were stopped: 0.0044760 seconds, Stopping threads took: 0.0021910 seconds
216.649: Application time: 0.0386000 seconds
216.651: [GC [PSYoungGen: 49136K->6160K(49152K)] 102647K->59671K(160256K), 0.0018670 secs] [Times: user=0.01 sys=0.00, real=0.00 secs] 
216.653: Total time for which application threads were stopped: 0.0037800 seconds, Stopping threads took: 0.0018340 seconds
216.693: Application time: 0.0399340 seconds
216.694: [GC [PSYoungGen: 48656K->5424K(49152K)] 102167K->58935K(160256K), 0.0016830 secs] [Times: user=0.01 sys=0.00, real=0.00 secs] 
216.696: Total time for which application threads were stopped: 0.0032410 seconds, Stopping threads took: 0.0014790 seconds
216.736: Application time: 0.0401920 seconds
216.739: [GC [PSYoungGen: 47920K->6144K(49152K)] 101431K->59671K(160256K), 0.0018500 secs] [Times: user=0.01 sys=0.00, real=0.00 secs] 
216.740: Total time for which application threads were stopped: 0.0041350 seconds, Stopping threads took: 0.0022070 seconds
216.780: Application time: 0.0394910 seconds
216.783: [GC [PSYoungGen: 48640K->6608K(49152K)] 102167K->60135K(160256K), 0.0019940 secs] [Times: user=0.01 sys=0.00, real=0.00 secs] 
216.785: Total time for which application threads were stopped: 0.0047640 seconds, Stopping threads took: 0.0026810 seconds
216.825: Application time: 0.0403190 seconds
216.826: [GC [PSYoungGen: 49104K->6128K(49152K)] 102631K->59655K(160256K), 0.0019570 secs] [Times: user=0.01 sys=0.00, real=0.01 secs] 
216.828: Total time for which application threads were stopped: 0.0033830 seconds, Stopping threads took: 0.0013460 seconds
216.868: Application time: 0.0394100 seconds
216.869: [GC [PSYoungGen: 48624K->6624K(49152K)] 102151K->60247K(160256K), 0.0020650 secs] [Times: user=0.01 sys=0.00, real=0.00 secs] 
216.871: Total time for which application threads were stopped: 0.0035870 seconds, Stopping threads took: 0.0014440 seconds
216.910: Application time: 0.0382070 seconds
216.912: [GC [PSYoungGen: 49120K->6128K(49152K)] 102743K->59767K(160256K), 0.0018390 secs] [Times: user=0.01 sys=0.00, real=0.00 secs] 
216.913: Total time for which application threads were stopped: 0.0037490 seconds, Stopping threads took: 0.0018270 seconds
216.953: Application time: 0.0392120 seconds
216.954: [GC [PSYoungGen: 48623K->6480K(49152K)] 102263K->60127K(160256K), 0.0020360 secs] [Times: user=0.01 sys=0.00, real=0.00 secs] 
216.956: Total time for which application threads were stopped: 0.0036200 seconds, Stopping threads took: 0.0015010 seconds
216.996: Application time: 0.0400980 seconds
216.998: [GC [PSYoungGen: 48976K->5984K(49152K)] 102623K->59655K(160256K), 0.0018670 secs] [Times: user=0.01 sys=0.00, real=0.01 secs] 
217.000: Total time for which application threads were stopped: 0.0039320 seconds, Stopping threads took: 0.0019910 seconds
217.039: Application time: 0.0387420 seconds
217.041: [GC [PSYoungGen: 48480K->6656K(49152K)] 102151K->60543K(160256K), 0.0019860 secs] [Times: user=0.01 sys=0.00, real=0.00 secs] 
217.043: Total time for which application threads were stopped: 0.0040900 seconds, Stopping threads took: 0.0020230 seconds
217.081: Application time: 0.0380670 seconds
217.084: [GC [PSYoungGen: 49152K->6640K(49152K)] 103039K->61039K(160256K), 0.0021740 secs] [Times: user=0.02 sys=0.00, real=0.00 secs] 
217.086: Total time for which application threads were stopped: 0.0047480 seconds, Stopping threads took: 0.0024900 seconds
217.127: Application time: 0.0411190 seconds
217.131: [GC [PSYoungGen: 49136K->6368K(49152K)] 103535K->60767K(160256K), 0.0018980 secs] [Times: user=0.02 sys=0.00, real=0.00 secs] 
217.133: Total time for which application threads were stopped: 0.0055110 seconds, Stopping threads took: 0.0035280 seconds
217.173: Application time: 0.0402430 seconds
217.174: [GC [PSYoungGen: 48864K->5328K(49152K)] 103263K->59727K(160256K), 0.0016590 secs] [Times: user=0.01 sys=0.00, real=0.00 secs] 
217.176: Total time for which application threads were stopped: 0.0030310 seconds, Stopping threads took: 0.0012930 seconds
217.216: Application time: 0.0398700 seconds
217.217: [GC [PSYoungGen: 47822K->6640K(49152K)] 102221K->61575K(160256K), 0.0021550 secs] [Times: user=0.01 sys=0.00, real=0.01 secs] 
217.219: Total time for which application threads were stopped: 0.0031910 seconds, Stopping threads took: 0.0009520 seconds
217.258: Application time: 0.0387810 seconds
217.260: [GC [PSYoungGen: 49136K->6624K(49152K)] 104071K->62743K(160256K), 0.0023180 secs] [Times: user=0.02 sys=0.00, real=0.00 secs] 
217.262: Total time for which application threads were stopped: 0.0046650 seconds, Stopping threads took: 0.0022620 seconds
217.303: Application time: 0.0402080 seconds
217.305: [GC [PSYoungGen: 49120K->5952K(49152K)] 105239K->62071K(160256K), 0.0017960 secs] [Times: user=0.01 sys=0.00, real=0.01 secs] 
217.307: Total time for which application threads were stopped: 0.0045720 seconds, Stopping threads took: 0.0026940 seconds
217.349: Application time: 0.0418480 seconds
217.352: [GC [PSYoungGen: 48448K->3840K(49152K)] 104567K->59967K(160256K), 0.0011760 secs] [Times: user=0.01 sys=0.00, real=0.00 secs] 
217.353: Total time for which application threads were stopped: 0.0043790 seconds, Stopping threads took: 0.0031320 seconds
217.391: Application time: 0.0378770 seconds
217.394: [GC [PSYoungGen: 46336K->6624K(49152K)] 102463K->62759K(160256K), 0.0019350 secs] [Times: user=0.02 sys=0.00, real=0.00 secs] 
217.396: Total time for which application threads were stopped: 0.0049920 seconds, Stopping threads took: 0.0029740 seconds
217.435: Application time: 0.0383050 seconds
217.436: [GC [PSYoungGen: 49120K->6208K(49152K)] 105255K->62351K(160256K), 0.0019620 secs] [Times: user=0.01 sys=0.00, real=0.00 secs] 
217.438: Total time for which application threads were stopped: 0.0030030 seconds, Stopping threads took: 0.0009620 seconds
217.476: Application time: 0.0380080 seconds
217.477: [GC [PSYoungGen: 48704K->6624K(49152K)] 104847K->63239K(160256K), 0.0021930 secs] [Times: user=0.01 sys=0.00, real=0.01 secs] 
217.479: Total time for which application threads were stopped: 0.0035660 seconds, Stopping threads took: 0.0012920 seconds
217.518: Application time: 0.0386630 seconds
217.519: [GC [PSYoungGen: 49120K->6016K(49152K)] 105735K->62639K(160256K), 0.0017700 secs] [Times: user=0.01 sys=0.00, real=0.00 secs] 
217.521: Total time for which application threads were stopped: 0.0031310 seconds, Stopping threads took: 0.0012830 seconds
217.561: Application time: 0.0397190 seconds
217.562: [GC [PSYoungGen: 48510K->5888K(49152K)] 105134K->62511K(160256K), 0.0016870 secs] [Times: user=0.01 sys=0.00, real=0.00 secs] 
217.564: Total time for which application threads were stopped: 0.0032330 seconds, Stopping threads took: 0.0014700 seconds
217.604: Application time: 0.0400870 seconds
217.606: [GC [PSYoungGen: 48384K->6656K(49152K)] 105007K->63391K(160256K), 0.0020840 secs] [Times: user=0.01 sys=0.00, real=0.01 secs] 
217.608: Total time for which application threads were stopped: 0.0042750 seconds, Stopping threads took: 0.0021140 seconds
217.646: Application time: 0.0374900 seconds
217.648: [GC [PSYoungGen: 49152K->6656K(49152K)] 105887K->63455K(160256K), 0.0020450 secs] [Times: user=0.01 sys=0.00, real=0.00 secs] 
217.650: Total time for which application threads were stopped: 0.0046220 seconds, Stopping threads took: 0.0024900 seconds
217.688: Application time: 0.0379010 seconds
217.690: [GC [PSYoungGen: 49152K->6624K(49152K)] 105951K->63455K(160256K), 0.0019730 secs] [Times: user=0.01 sys=0.00, real=0.00 secs] 
217.692: Total time for which application threads were stopped: 0.0040550 seconds, Stopping threads took: 0.0020020 seconds
217.732: Application time: 0.0399370 seconds
217.734: [GC [PSYoungGen: 49120K->6656K(49152K)] 105951K->63511K(160256K), 0.0021040 secs] [Times: user=0.01 sys=0.00, real=0.00 secs] 
217.736: Total time for which application threads were stopped: 0.0036810 seconds, Stopping threads took: 0.0014980 seconds
217.775: Application time: 0.0385900 seconds
217.776: [GC [PSYoungGen: 49152K->6064K(49152K)] 106007K->62927K(160256K), 0.0018930 secs] [Times: user=0.01 sys=0.00, real=0.00 secs] 
217.778: Total time for which application threads were stopped: 0.0034810 seconds, Stopping threads took: 0.0015110 seconds
217.817: Application time: 0.0385210 seconds
217.818: [GC [PSYoungGen: 48560K->6640K(49152K)] 105423K->65087K(160256K), 0.0024620 secs] [Times: user=0.02 sys=0.00, real=0.01 secs] 
217.821: Total time for which application threads were stopped: 0.0041610 seconds, Stopping threads took: 0.0016040 seconds
217.860: Application time: 0.0391590 seconds
217.861: [GC [PSYoungGen: 49136K->5504K(49152K)] 107583K->63959K(160256K), 0.0017020 secs] [Times: user=0.01 sys=0.00, real=0.00 secs] 
217.863: Total time for which application threads were stopped: 0.0031980 seconds, Stopping threads took: 0.0014150 seconds
217.904: Application time: 0.0411430 seconds
217.906: [GC [PSYoungGen: 48000K->5808K(49152K)] 106455K->64271K(160256K), 0.0017960 secs] [Times: user=0.02 sys=0.00, real=0.01 secs] 
217.908: Total time for which application threads were stopped: 0.0033690 seconds, Stopping threads took: 0.0014930 seconds
217.948: Application time: 0.0406400 seconds
217.951: [GC [PSYoungGen: 48304K->6656K(49152K)] 106767K->65151K(160256K), 0.0019520 secs] [Times: user=0.01 sys=0.00, real=0.00 secs] 
217.953: Total time for which application threads were stopped: 0.0046150 seconds, Stopping threads took: 0.0025690 seconds
217.991: Application time: 0.0384760 seconds
217.993: [GC [PSYoungGen: 49152K->6608K(49152K)] 107647K->65111K(160256K), 0.0019680 secs] [Times: user=0.01 sys=0.00, real=0.00 secs] 
217.995: Total time for which application threads were stopped: 0.0031550 seconds, Stopping threads took: 0.0010860 seconds
218.034: Application time: 0.0395270 seconds
218.037: [GC [PSYoungGen: 49104K->6080K(49152K)] 107607K->64591K(160256K), 0.0018360 secs] [Times: user=0.01 sys=0.00, real=0.00 secs] 
218.039: Total time for which application threads were stopped: 0.0045150 seconds, Stopping threads took: 0.0025900 seconds
218.078: Application time: 0.0391260 seconds
218.078: [GC [PSYoungGen: 48576K->4928K(49152K)] 107087K->63447K(160256K), 0.0015540 secs] [Times: user=0.01 sys=0.00, real=0.01 secs] 
218.080: Total time for which application threads were stopped: 0.0020500 seconds, Stopping threads took: 0.0004210 seconds
218.119: Application time: 0.0391180 seconds
218.120: [GC [PSYoungGen: 47424K->6224K(49152K)] 105943K->64743K(160256K), 0.0018590 secs] [Times: user=0.01 sys=0.00, real=0.00 secs] 
218.122: Total time for which application threads were stopped: 0.0033640 seconds, Stopping threads took: 0.0014260 seconds
218.162: Application time: 0.0402170 seconds
218.163: [GC [PSYoungGen: 48720K->5664K(49152K)] 107239K->64183K(160256K), 0.0018280 secs] [Times: user=0.01 sys=0.00, real=0.00 secs] 
218.165: Total time for which application threads were stopped: 0.0028310 seconds, Stopping threads took: 0.0009250 seconds
218.207: Application time: 0.0413960 seconds
218.208: [GC [PSYoungGen: 48160K->5504K(49152K)] 106679K->64023K(160256K), 0.0016940 secs] [Times: user=0.02 sys=0.00, real=0.00 secs] 
218.210: Total time for which application threads were stopped: 0.0034480 seconds, Stopping threads took: 0.0016740 seconds
218.249: Application time: 0.0384460 seconds
218.250: [GC [PSYoungGen: 48000K->6624K(49152K)] 106519K->65711K(160256K), 0.0021570 secs] [Times: user=0.01 sys=0.00, real=0.00 secs] 
218.252: Total time for which application threads were stopped: 0.0038600 seconds, Stopping threads took: 0.0016130 seconds
218.291: Application time: 0.0385340 seconds
218.293: [GC [PSYoungGen: 49120K->5584K(49152K)] 108207K->64671K(160256K), 0.0017350 secs] [Times: user=0.01 sys=0.00, real=0.00 secs] 
218.295: Total time for which application threads were stopped: 0.0040200 seconds, Stopping threads took: 0.0022100 seconds
218.334: Application time: 0.0392750 seconds
218.337: [GC [PSYoungGen: 48080K->6112K(49152K)] 107167K->65215K(160256K), 0.0018520 secs] [Times: user=0.01 sys=0.00, real=0.00 secs] 
218.338: Total time for which application threads were stopped: 0.0041810 seconds, Stopping threads took: 0.0022460 seconds
218.376: Application time: 0.0377270 seconds
218.378: [GC [PSYoungGen: 48608K->6640K(49152K)] 107711K->66903K(160256K), 0.0024230 secs] [Times: user=0.01 sys=0.00, real=0.01 secs] 
218.380: Total time for which application threads were stopped: 0.0039140 seconds, Stopping threads took: 0.0014070 seconds
218.418: Application time: 0.0383610 seconds
218.421: [GC [PSYoungGen: 49136K->6640K(49152K)] 109399K->67423K(160256K), 0.0021290 secs] [Times: user=0.01 sys=0.00, real=0.00 secs] 
218.423: Total time for which application threads were stopped: 0.0045030 seconds, Stopping threads took: 0.0022930 seconds
218.461: Application time: 0.0376740 seconds
218.462: [GC [PSYoungGen: 49136K->6624K(49152K)] 109919K->67803K(160256K), 0.0021330 secs] [Times: user=0.02 sys=0.00, real=0.00 secs] 
218.464: Total time for which application threads were stopped: 0.0038540 seconds, Stopping threads took: 0.0016420 seconds
218.502: Application time: 0.0371300 seconds
218.504: [GC [PSYoungGen: 49120K->6624K(49152K)] 110299K->67947K(160256K), 0.0020040 secs] [Times: user=0.02 sys=0.00, real=0.00 secs] 
218.506: Total time for which application threads were stopped: 0.0042150 seconds, Stopping threads took: 0.0021300 seconds
218.545: Application time: 0.0392030 seconds
218.548: [GC [PSYoungGen: 49120K->6640K(49152K)] 110443K->68427K(160256K), 0.0020370 secs] [Times: user=0.01 sys=0.00, real=0.00 secs] 
218.550: Total time for which application threads were stopped: 0.0047210 seconds, Stopping threads took: 0.0026100 seconds
218.591: Application time: 0.0407850 seconds
218.593: [GC [PSYoungGen: 49136K->6480K(49152K)] 110923K->68283K(160256K), 0.0019350 secs] [Times: user=0.01 sys=0.00, real=0.00 secs] 
218.595: Total time for which application threads were stopped: 0.0047380 seconds, Stopping threads took: 0.0027210 seconds
218.634: Application time: 0.0387310 seconds
218.636: [GC [PSYoungGen: 48976K->6352K(49152K)] 110779K->68155K(160256K), 0.0019400 secs] [Times: user=0.02 sys=0.00, real=0.00 secs] 
218.638: Total time for which application threads were stopped: 0.0040530 seconds, Stopping threads took: 0.0020130 seconds
218.677: Application time: 0.0391880 seconds
218.679: [GC [PSYoungGen: 48848K->6656K(49152K)] 110651K->68483K(160256K), 0.0021040 secs] [Times: user=0.02 sys=0.00, real=0.00 secs] 
218.681: Total time for which application threads were stopped: 0.0040860 seconds, Stopping threads took: 0.0018970 seconds
218.718: Application time: 0.0370650 seconds
218.720: [GC [PSYoungGen: 49152K->6656K(49152K)] 110979K->68795K(160256K), 0.0021150 secs] [Times: user=0.01 sys=0.00, real=0.00 secs] 
218.722: Total time for which application threads were stopped: 0.0038340 seconds, Stopping threads took: 0.0016390 seconds
218.761: Application time: 0.0392050 seconds
218.764: [GC [PSYoungGen: 49152K->5952K(49152K)] 111291K->68091K(160256K), 0.0018550 secs] [Times: user=0.01 sys=0.00, real=0.00 secs] 
218.766: Total time for which application threads were stopped: 0.0042650 seconds, Stopping threads took: 0.0023330 seconds
218.803: Application time: 0.0375100 seconds
218.804: [GC [PSYoungGen: 48448K->5616K(49152K)] 110587K->67755K(160256K), 0.0018060 secs] [Times: user=0.01 sys=0.00, real=0.00 secs] 
218.806: Total time for which application threads were stopped: 0.0030300 seconds, Stopping threads took: 0.0011480 seconds
218.843: Application time: 0.0367360 seconds
218.845: [GC [PSYoungGen: 48112K->6656K(49152K)] 110251K->69491K(160256K), 0.0022340 secs] [Times: user=0.01 sys=0.00, real=0.01 secs] 
218.847: Total time for which application threads were stopped: 0.0041310 seconds, Stopping threads took: 0.0018060 seconds
218.885: Application time: 0.0378020 seconds
218.887: [GC [PSYoungGen: 49152K->6624K(49152K)] 111987K->70035K(160256K), 0.0022450 secs] [Times: user=0.02 sys=0.00, real=0.00 secs] 
218.889: Total time for which application threads were stopped: 0.0039700 seconds, Stopping threads took: 0.0016390 seconds
218.926: Application time: 0.0373230 seconds
218.928: [GC [PSYoungGen: 49120K->6640K(49152K)] 112531K->70307K(160256K), 0.0022210 secs] [Times: user=0.01 sys=0.00, real=0.00 secs] 
218.930: Total time for which application threads were stopped: 0.0038890 seconds, Stopping threads took: 0.0015890 seconds
218.969: Application time: 0.0387720 seconds
218.971: [GC [PSYoungGen: 49136K->6640K(49152K)] 112803K->71495K(160256K), 0.0023150 secs] [Times: user=0.01 sys=0.00, real=0.00 secs] 
218.974: Total time for which application threads were stopped: 0.0047280 seconds, Stopping threads took: 0.0023300 seconds
219.011: Application time: 0.0374290 seconds
219.013: [GC [PSYoungGen: 49136K->6656K(49152K)] 113991K->72263K(160256K), 0.0022310 secs] [Times: user=0.02 sys=0.00, real=0.00 secs] 
219.016: Total time for which application threads were stopped: 0.0045600 seconds, Stopping threads took: 0.0022440 seconds
219.054: Application time: 0.0384110 seconds
219.056: [GC [PSYoungGen: 49152K->6656K(49152K)] 114759K->72335K(160256K), 0.0021160 secs] [Times: user=0.01 sys=0.00, real=0.00 secs] 
219.058: Total time for which application threads were stopped: 0.0039690 seconds, Stopping threads took: 0.0017750 seconds
219.096: Application time: 0.0382720 seconds
219.097: [GC [PSYoungGen: 49152K->6656K(49152K)] 114831K->72375K(160256K), 0.0020610 secs] [Times: user=0.01 sys=0.00, real=0.01 secs] 
219.099: Total time for which application threads were stopped: 0.0025700 seconds, Stopping threads took: 0.0004190 seconds
219.138: Application time: 0.0388580 seconds
219.140: [GC [PSYoungGen: 49152K->6656K(49152K)] 114871K->72391K(160256K), 0.0020530 secs] [Times: user=0.01 sys=0.00, real=0.00 secs] 
219.142: Total time for which application threads were stopped: 0.0044220 seconds, Stopping threads took: 0.0022920 seconds
219.181: Application time: 0.0386000 seconds
219.183: [GC [PSYoungGen: 49152K->6656K(49152K)] 114887K->72567K(160256K), 0.0020590 secs] [Times: user=0.01 sys=0.00, real=0.00 secs] 
219.185: Total time for which application threads were stopped: 0.0044620 seconds, Stopping threads took: 0.0023220 seconds
219.224: Application time: 0.0383640 seconds
219.226: [GC [PSYoungGen: 49152K->6640K(49152K)] 115063K->72559K(160256K), 0.0021300 secs] [Times: user=0.01 sys=0.00, real=0.01 secs] 
219.228: Total time for which application threads were stopped: 0.0044720 seconds, Stopping threads took: 0.0022610 seconds
219.267: Application time: 0.0391280 seconds
219.269: [GC [PSYoungGen: 49136K->6160K(49152K)] 115055K->72079K(160256K), 0.0019160 secs] [Times: user=0.01 sys=0.00, real=0.00 secs] 
219.271: Total time for which application threads were stopped: 0.0035040 seconds, Stopping threads took: 0.0015070 seconds
219.312: Application time: 0.0413390 seconds
219.314: [GC [PSYoungGen: 48656K->5536K(49152K)] 114575K->71455K(160256K), 0.0017240 secs] [Times: user=0.01 sys=0.00, real=0.00 secs] 
219.315: Total time for which application threads were stopped: 0.0032750 seconds, Stopping threads took: 0.0014750 seconds
219.354: Application time: 0.0387510 seconds
219.357: [GC [PSYoungGen: 48032K->5344K(49152K)] 113951K->71279K(160256K), 0.0015860 secs] [Times: user=0.01 sys=0.00, real=0.00 secs] 
219.358: Total time for which application threads were stopped: 0.0042180 seconds, Stopping threads took: 0.0025480 seconds
219.398: Application time: 0.0393620 seconds
219.399: [GC [PSYoungGen: 47840K->6368K(49152K)] 113775K->72303K(160256K), 0.0019500 secs] [Times: user=0.01 sys=0.00, real=0.00 secs] 
219.401: Total time for which application threads were stopped: 0.0037530 seconds, Stopping threads took: 0.0017210 seconds
219.438: Application time: 0.0365690 seconds
219.440: [GC [PSYoungGen: 48864K->6624K(49152K)] 114799K->73016K(160256K), 0.0021150 secs] [Times: user=0.01 sys=0.00, real=0.00 secs] 
219.442: Total time for which application threads were stopped: 0.0037250 seconds, Stopping threads took: 0.0015220 seconds
219.481: Application time: 0.0389550 seconds
219.483: [GC [PSYoungGen: 49120K->6624K(49152K)] 115512K->73176K(160256K), 0.0020340 secs] [Times: user=0.01 sys=0.00, real=0.00 secs] 
219.485: Total time for which application threads were stopped: 0.0043200 seconds, Stopping threads took: 0.0021990 seconds
219.523: Application time: 0.0383810 seconds
219.525: [GC [PSYoungGen: 49120K->6656K(49152K)] 115672K->74080K(160256K), 0.0024800 secs] [Times: user=0.02 sys=0.00, real=0.01 secs] 
219.528: Total time for which application threads were stopped: 0.0041870 seconds, Stopping threads took: 0.0016260 seconds
219.564: Application time: 0.0369080 seconds
219.567: [GC [PSYoungGen: 49152K->6656K(49152K)] 116576K->74576K(160256K), 0.0021770 secs] [Times: user=0.02 sys=0.00, real=0.00 secs] 
219.569: Total time for which application threads were stopped: 0.0043200 seconds, Stopping threads took: 0.0020600 seconds
219.609: Application time: 0.0403950 seconds
219.612: [GC [PSYoungGen: 49152K->6656K(49152K)] 117072K->74960K(160256K), 0.0021360 secs] [Times: user=0.02 sys=0.00, real=0.00 secs] 
219.614: Total time for which application threads were stopped: 0.0045790 seconds, Stopping threads took: 0.0023590 seconds
219.654: Application time: 0.0400370 seconds
219.656: [GC [PSYoungGen: 49152K->6560K(49152K)] 117456K->74872K(160256K), 0.0020390 secs] [Times: user=0.01 sys=0.00, real=0.00 secs] 
219.658: Total time for which application threads were stopped: 0.0038330 seconds, Stopping threads took: 0.0016880 seconds
219.698: Application time: 0.0402340 seconds
219.700: [GC [PSYoungGen: 49056K->6640K(49152K)] 117368K->75096K(160256K), 0.0020520 secs] [Times: user=0.01 sys=0.00, real=0.00 secs] 
219.702: Total time for which application threads were stopped: 0.0040050 seconds, Stopping threads took: 0.0018670 seconds
219.742: Application time: 0.0402340 seconds
219.745: [GC [PSYoungGen: 49136K->6656K(49152K)] 117592K->76296K(160256K), 0.0023610 secs] [Times: user=0.01 sys=0.00, real=0.01 secs] 
219.748: Total time for which application threads were stopped: 0.0055110 seconds, Stopping threads took: 0.0030610 seconds
219.788: Application time: 0.0408280 seconds
219.791: [GC [PSYoungGen: 49152K->6624K(49152K)] 118792K->76264K(160256K), 0.0020540 secs] [Times: user=0.01 sys=0.00, real=0.00 secs] 
219.793: Total time for which application threads were stopped: 0.0048200 seconds, Stopping threads took: 0.0026840 seconds
219.835: Application time: 0.0419310 seconds
219.836: [GC [PSYoungGen: 49120K->6624K(49152K)] 118760K->76264K(160256K), 0.0020960 secs] [Times: user=0.02 sys=0.00, real=0.01 secs] 
219.839: Total time for which application threads were stopped: 0.0033630 seconds, Stopping threads took: 0.0011820 seconds
219.881: Application time: 0.0421550 seconds
219.882: [GC [PSYoungGen: 49120K->5952K(49152K)] 118760K->75592K(160256K), 0.0018730 secs] [Times: user=0.01 sys=0.00, real=0.00 secs] 
219.884: Total time for which application threads were stopped: 0.0034640 seconds, Stopping threads took: 0.0014990 seconds
219.927: Application time: 0.0424050 seconds
219.930: [GC [PSYoungGen: 48448K->6448K(49152K)] 118088K->76088K(160256K), 0.0022310 secs] [Times: user=0.02 sys=0.00, real=0.00 secs] 
219.932: Total time for which application threads were stopped: 0.0054000 seconds, Stopping threads took: 0.0030860 seconds
219.975: Application time: 0.0425570 seconds
219.976: [GC [PSYoungGen: 48944K->4704K(49152K)] 118584K->74344K(160256K), 0.0016440 secs] [Times: user=0.01 sys=0.00, real=0.00 secs] 
219.978: Total time for which application threads were stopped: 0.0035550 seconds, Stopping threads took: 0.0018350 seconds
220.020: Application time: 0.0415390 seconds
220.021: [GC [PSYoungGen: 47198K->6096K(49152K)] 116838K->75744K(160256K), 0.0019080 secs] [Times: user=0.02 sys=0.00, real=0.00 secs] 
220.023: Total time for which application threads were stopped: 0.0036010 seconds, Stopping threads took: 0.0016120 seconds
220.063: Application time: 0.0400440 seconds
220.067: [GC [PSYoungGen: 48592K->6640K(49152K)] 118240K->77312K(160256K), 0.0023930 secs] [Times: user=0.01 sys=0.00, real=0.01 secs] 
220.069: Total time for which application threads were stopped: 0.0056310 seconds, Stopping threads took: 0.0031490 seconds
220.110: Application time: 0.0410810 seconds
220.112: [GC [PSYoungGen: 49136K->6624K(49152K)] 119808K->77752K(160256K), 0.0022580 secs] [Times: user=0.02 sys=0.00, real=0.00 secs] 
220.114: Total time for which application threads were stopped: 0.0039160 seconds, Stopping threads took: 0.0015750 seconds
220.155: Application time: 0.0413690 seconds
220.158: [GC [PSYoungGen: 49120K->6624K(49152K)] 120248K->77768K(160256K), 0.0020290 secs] [Times: user=0.01 sys=0.00, real=0.01 secs] 
220.160: Total time for which application threads were stopped: 0.0050750 seconds, Stopping threads took: 0.0029590 seconds
220.201: Application time: 0.0405160 seconds
220.202: [GC [PSYoungGen: 49118K->6544K(49152K)] 120262K->77696K(160256K), 0.0020640 secs] [Times: user=0.02 sys=0.00, real=0.00 secs] 
220.205: Total time for which application threads were stopped: 0.0036070 seconds, Stopping threads took: 0.0014590 seconds
220.246: Application time: 0.0418850 seconds
220.248: [GC [PSYoungGen: 49040K->5312K(49152K)] 120192K->76464K(160256K), 0.0018020 secs] [Times: user=0.01 sys=0.00, real=0.00 secs] 
220.250: Total time for which application threads were stopped: 0.0039060 seconds, Stopping threads took: 0.0020200 seconds
220.292: Application time: 0.0417060 seconds
220.295: [GC [PSYoungGen: 47808K->6336K(49152K)] 118960K->77488K(160256K), 0.0020990 secs] [Times: user=0.01 sys=0.00, real=0.00 secs] 
220.297: Total time for which application threads were stopped: 0.0047860 seconds, Stopping threads took: 0.0025870 seconds
220.339: Application time: 0.0420000 seconds
220.341: [GC [PSYoungGen: 48832K->6304K(49152K)] 119984K->77456K(160256K), 0.0020090 secs] [Times: user=0.01 sys=0.00, real=0.00 secs] 
220.343: Total time for which application threads were stopped: 0.0038360 seconds, Stopping threads took: 0.0017420 seconds
220.386: Application time: 0.0428700 seconds
220.387: [GC [PSYoungGen: 48800K->5184K(49152K)] 119952K->76344K(160256K), 0.0016740 secs] [Times: user=0.01 sys=0.00, real=0.00 secs] 
220.389: Total time for which application threads were stopped: 0.0030520 seconds, Stopping threads took: 0.0012910 seconds
220.430: Application time: 0.0411470 seconds
220.432: [GC [PSYoungGen: 47680K->6384K(49152K)] 118840K->77552K(160256K), 0.0019450 secs] [Times: user=0.01 sys=0.00, real=0.00 secs] 
220.434: Total time for which application threads were stopped: 0.0041060 seconds, Stopping threads took: 0.0020750 seconds
220.476: Application time: 0.0422880 seconds
220.478: [GC [PSYoungGen: 48880K->5056K(49152K)] 120048K->76224K(160256K), 0.0016230 secs] [Times: user=0.01 sys=0.00, real=0.01 secs] 
220.480: Total time for which application threads were stopped: 0.0035450 seconds, Stopping threads took: 0.0018450 seconds
220.521: Application time: 0.0416880 seconds
220.524: [GC [PSYoungGen: 47552K->5536K(49152K)] 118720K->76704K(160256K), 0.0018160 secs] [Times: user=0.02 sys=0.00, real=0.00 secs] 
220.526: Total time for which application threads were stopped: 0.0046450 seconds, Stopping threads took: 0.0027290 seconds
220.566: Application time: 0.0402860 seconds
220.568: [GC [PSYoungGen: 48032K->6368K(49152K)] 119200K->77552K(160256K), 0.0019450 secs] [Times: user=0.02 sys=0.00, real=0.00 secs] 
220.570: Total time for which application threads were stopped: 0.0036780 seconds, Stopping threads took: 0.0016490 seconds
220.612: Application time: 0.0417500 seconds
220.613: [GC [PSYoungGen: 48864K->5360K(49152K)] 120048K->76560K(160256K), 0.0016960 secs] [Times: user=0.00 sys=0.00, real=0.00 secs] 
220.615: Total time for which application threads were stopped: 0.0029760 seconds, Stopping threads took: 0.0012010 seconds
220.655: Application time: 0.0407670 seconds
220.657: [GC [PSYoungGen: 47856K->6096K(49152K)] 119056K->77312K(160256K), 0.0019670 secs] [Times: user=0.02 sys=0.00, real=0.01 secs] 
220.659: Total time for which application threads were stopped: 0.0036110 seconds, Stopping threads took: 0.0015560 seconds
220.700: Application time: 0.0413820 seconds
220.703: [GC [PSYoungGen: 48592K->6032K(49152K)] 119808K->77264K(160256K), 0.0018420 secs] [Times: user=0.01 sys=0.00, real=0.00 secs] 
220.704: Total time for which application threads were stopped: 0.0039690 seconds, Stopping threads took: 0.0020420 seconds
220.748: Application time: 0.0433700 seconds
220.750: [GC [PSYoungGen: 48528K->6096K(49152K)] 119760K->77352K(160256K), 0.0018790 secs] [Times: user=0.02 sys=0.00, real=0.00 secs] 
220.751: Total time for which application threads were stopped: 0.0036190 seconds, Stopping threads took: 0.0016550 seconds
220.794: Application time: 0.0428530 seconds
220.797: [GC [PSYoungGen: 48592K->6512K(49152K)] 119848K->77768K(160256K), 0.0019700 secs] [Times: user=0.01 sys=0.00, real=0.01 secs] 
220.799: Total time for which application threads were stopped: 0.0044850 seconds, Stopping threads took: 0.0024320 seconds
220.842: Application time: 0.0427090 seconds
220.844: [GC [PSYoungGen: 49008K->6640K(49152K)] 120264K->78032K(160256K), 0.0021140 secs] [Times: user=0.02 sys=0.00, real=0.00 secs] 
220.846: Total time for which application threads were stopped: 0.0049030 seconds, Stopping threads took: 0.0027010 seconds
220.887: Application time: 0.0410400 seconds
220.890: [GC [PSYoungGen: 49136K->6656K(49152K)] 120528K->78712K(160256K), 0.0022670 secs] [Times: user=0.02 sys=0.00, real=0.00 secs] 
220.892: Total time for which application threads were stopped: 0.0046330 seconds, Stopping threads took: 0.0022690 seconds
220.931: Application time: 0.0393130 seconds
220.934: [GC [PSYoungGen: 49152K->6656K(49152K)] 121208K->79536K(160256K), 0.0022670 secs] [Times: user=0.01 sys=0.00, real=0.00 secs] 
220.936: Total time for which application threads were stopped: 0.0045060 seconds, Stopping threads took: 0.0021520 seconds
220.977: Application time: 0.0414670 seconds
220.980: [GC [PSYoungGen: 49152K->6448K(49152K)] 122032K->79328K(160256K), 0.0019220 secs] [Times: user=0.01 sys=0.00, real=0.00 secs] 
220.982: Total time for which application threads were stopped: 0.0045550 seconds, Stopping threads took: 0.0025490 seconds
221.021: Application time: 0.0389680 seconds
221.023: [GC [PSYoungGen: 48944K->6656K(49152K)] 121824K->79600K(160256K), 0.0021690 secs] [Times: user=0.01 sys=0.00, real=0.00 secs] 
221.025: Total time for which application threads were stopped: 0.0045360 seconds, Stopping threads took: 0.0022770 seconds
221.067: Application time: 0.0420130 seconds
221.070: [GC [PSYoungGen: 49152K->6656K(49152K)] 122096K->80000K(160256K), 0.0021230 secs] [Times: user=0.01 sys=0.00, real=0.00 secs] 
221.072: Total time for which application threads were stopped: 0.0048050 seconds, Stopping threads took: 0.0025930 seconds
221.114: Application time: 0.0413800 seconds
221.116: [GC [PSYoungGen: 49152K->5472K(49152K)] 122496K->78824K(160256K), 0.0018070 secs] [Times: user=0.01 sys=0.00, real=0.00 secs] 
221.118: Total time for which application threads were stopped: 0.0042690 seconds, Stopping threads took: 0.0023810 seconds
221.160: Application time: 0.0423340 seconds
221.162: [GC [PSYoungGen: 47968K->6624K(49152K)] 121320K->80248K(160256K), 0.0021280 secs] [Times: user=0.01 sys=0.00, real=0.00 secs] 
221.164: Total time for which application threads were stopped: 0.0042050 seconds, Stopping threads took: 0.0019880 seconds
221.207: Application time: 0.0424780 seconds
221.210: [GC [PSYoungGen: 49120K->6656K(49152K)] 122744K->80304K(160256K), 0.0020400 secs] [Times: user=0.01 sys=0.00, real=0.00 secs] 
221.212: Total time for which application threads were stopped: 0.0049920 seconds, Stopping threads took: 0.0028660 seconds
221.254: Application time: 0.0417260 seconds
221.256: [GC [PSYoungGen: 49152K->6640K(49152K)] 122800K->81224K(160256K), 0.0025860 secs] [Times: user=0.01 sys=0.00, real=0.01 secs] 
221.259: Total time for which application threads were stopped: 0.0053290 seconds, Stopping threads took: 0.0026570 seconds
221.298: Application time: 0.0392780 seconds
221.301: [GC [PSYoungGen: 49136K->6640K(49152K)] 123720K->81952K(160256K), 0.0023270 secs] [Times: user=0.01 sys=0.00, real=0.00 secs] 
221.303: Total time for which application threads were stopped: 0.0050680 seconds, Stopping threads took: 0.0026530 seconds
221.346: Application time: 0.0429670 seconds
221.349: [GC [PSYoungGen: 49136K->6272K(49152K)] 124448K->81592K(160256K), 0.0018290 secs] [Times: user=0.01 sys=0.00, real=0.00 secs] 
221.351: Total time for which application threads were stopped: 0.0042040 seconds, Stopping threads took: 0.0022920 seconds
221.392: Application time: 0.0416930 seconds
221.394: [GC [PSYoungGen: 48768K->5712K(49152K)] 124088K->81032K(160256K), 0.0018160 secs] [Times: user=0.01 sys=0.00, real=0.00 secs] 
221.395: Total time for which application threads were stopped: 0.0032090 seconds, Stopping threads took: 0.0013020 seconds
221.437: Application time: 0.0412100 seconds
221.438: [GC [PSYoungGen: 48208K->6064K(49152K)] 123528K->81384K(160256K), 0.0019080 secs] [Times: user=0.01 sys=0.00, real=0.01 secs] 
221.440: Total time for which application threads were stopped: 0.0032180 seconds, Stopping threads took: 0.0012240 seconds
221.484: Application time: 0.0436690 seconds
221.485: [GC [PSYoungGen: 48560K->6656K(49152K)] 123880K->82256K(160256K), 0.0022080 secs] [Times: user=0.01 sys=0.00, real=0.01 secs] 
221.488: Total time for which application threads were stopped: 0.0040470 seconds, Stopping threads took: 0.0017510 seconds
221.528: Application time: 0.0399260 seconds
221.529: [GC [PSYoungGen: 49152K->6448K(49152K)] 124752K->82048K(160256K), 0.0019710 secs] [Times: user=0.01 sys=0.00, real=0.00 secs] 
221.531: Total time for which application threads were stopped: 0.0030340 seconds, Stopping threads took: 0.0009690 seconds
221.572: Application time: 0.0413130 seconds
221.575: [GC [PSYoungGen: 48944K->6656K(49152K)] 124544K->82328K(160256K), 0.0020200 secs] [Times: user=0.02 sys=0.00, real=0.00 secs] 
221.577: Total time for which application threads were stopped: 0.0047350 seconds, Stopping threads took: 0.0026270 seconds
221.617: Application time: 0.0407940 seconds
221.619: [GC [PSYoungGen: 49152K->6624K(49152K)] 124824K->82312K(160256K), 0.0019620 secs] [Times: user=0.02 sys=0.00, real=0.00 secs] 
221.621: Total time for which application threads were stopped: 0.0037330 seconds, Stopping threads took: 0.0016870 seconds
221.662: Application time: 0.0405120 seconds
221.664: [GC [PSYoungGen: 49120K->6624K(49152K)] 124808K->83080K(160256K), 0.0022760 secs] [Times: user=0.02 sys=0.00, real=0.01 secs] 
221.667: Total time for which application threads were stopped: 0.0051600 seconds, Stopping threads took: 0.0027960 seconds
221.708: Application time: 0.0407340 seconds
221.709: [GC [PSYoungGen: 49120K->6656K(49152K)] 125576K->84480K(160256K), 0.0024010 secs] [Times: user=0.02 sys=0.00, real=0.00 secs] 
221.712: Total time for which application threads were stopped: 0.0043900 seconds, Stopping threads took: 0.0018980 seconds
221.751: Application time: 0.0393670 seconds
221.754: [GC [PSYoungGen: 49152K->6656K(49152K)] 126976K->84520K(160256K), 0.0021810 secs] [Times: user=0.01 sys=0.00, real=0.00 secs] 
221.756: Total time for which application threads were stopped: 0.0051460 seconds, Stopping threads took: 0.0028800 seconds
221.797: Application time: 0.0409380 seconds
221.799: [GC [PSYoungGen: 49152K->6640K(49152K)] 127016K->84512K(160256K), 0.0020060 secs] [Times: user=0.01 sys=0.00, real=0.00 secs] 
221.801: Total time for which application threads were stopped: 0.0037030 seconds, Stopping threads took: 0.0016100 seconds
221.842: Application time: 0.0409260 seconds
221.843: [GC [PSYoungGen: 49136K->5488K(49152K)] 127008K->83360K(160256K), 0.0017750 secs] [Times: user=0.01 sys=0.00, real=0.00 secs] 
221.845: Total time for which application threads were stopped: 0.0032510 seconds, Stopping threads took: 0.0013950 seconds
221.889: Application time: 0.0437330 seconds
221.891: [GC [PSYoungGen: 47984K->6432K(49152K)] 125856K->84312K(160256K), 0.0019790 secs] [Times: user=0.01 sys=0.01, real=0.00 secs] 
221.893: Total time for which application threads were stopped: 0.0036540 seconds, Stopping threads took: 0.0015940 seconds
221.933: Application time: 0.0399140 seconds
221.934: [GC [PSYoungGen: 48928K->6656K(49152K)] 126808K->85080K(160256K), 0.0021550 secs] [Times: user=0.01 sys=0.00, real=0.00 secs] 
221.937: Total time for which application threads were stopped: 0.0040060 seconds, Stopping threads took: 0.0017580 seconds
221.979: Application time: 0.0421590 seconds
221.981: [GC [PSYoungGen: 49152K->6656K(49152K)] 127576K->85736K(160256K), 0.0021850 secs] [Times: user=0.01 sys=0.00, real=0.00 secs] 
221.984: Total time for which application threads were stopped: 0.0049530 seconds, Stopping threads took: 0.0026810 seconds
222.024: Application time: 0.0400060 seconds
222.026: [GC [PSYoungGen: 49152K->6640K(49152K)] 128232K->86272K(160256K), 0.0022390 secs] [Times: user=0.01 sys=0.00, real=0.01 secs] 
222.028: Total time for which application threads were stopped: 0.0044430 seconds, Stopping threads took: 0.0021180 seconds
222.068: Application time: 0.0393950 seconds
222.071: [GC [PSYoungGen: 49136K->6640K(49152K)] 128768K->87484K(160256K), 0.0023670 secs] [Times: user=0.02 sys=0.00, real=0.00 secs] 
222.073: Total time for which application threads were stopped: 0.0054470 seconds, Stopping threads took: 0.0029940 seconds
222.114: Application time: 0.0411190 seconds
222.116: [GC [PSYoungGen: 49136K->6656K(49152K)] 129980K->88228K(160256K), 0.0022230 secs] [Times: user=0.01 sys=0.00, real=0.00 secs] 
222.118: Total time for which application threads were stopped: 0.0040790 seconds, Stopping threads took: 0.0017620 seconds
222.160: Application time: 0.0415210 seconds
222.161: [GC [PSYoungGen: 49152K->6144K(49152K)] 130724K->87724K(160256K), 0.0019310 secs] [Times: user=0.01 sys=0.00, real=0.00 secs] 
222.163: Total time for which application threads were stopped: 0.0033350 seconds, Stopping threads took: 0.0013240 seconds
222.205: Application time: 0.0420750 seconds
222.207: [GC [PSYoungGen: 48640K->6432K(49152K)] 130220K->88020K(160256K), 0.0019570 secs] [Times: user=0.02 sys=0.00, real=0.00 secs] 
222.209: Total time for which application threads were stopped: 0.0036480 seconds, Stopping threads took: 0.0016080 seconds
222.248: Application time: 0.0394110 seconds
222.250: [GC [PSYoungGen: 48928K->6656K(49152K)] 130516K->89764K(160256K), 0.0025240 secs] [Times: user=0.02 sys=0.00, real=0.00 secs] 
222.253: Total time for which application threads were stopped: 0.0043230 seconds, Stopping threads took: 0.0017110 seconds
222.292: Application time: 0.0398580 seconds
222.295: [GC [PSYoungGen: 49152K->6592K(49152K)] 132260K->89700K(160256K), 0.0020960 secs] [Times: user=0.02 sys=0.00, real=0.00 secs] 
222.297: Total time for which application threads were stopped: 0.0044110 seconds, Stopping threads took: 0.0022270 seconds
222.337: Application time: 0.0398050 seconds
222.339: [GC [PSYoungGen: 49088K->6656K(49152K)] 132196K->89980K(160256K), 0.0021730 secs] [Times: user=0.02 sys=0.00, real=0.00 secs] 
222.342: Total time for which application threads were stopped: 0.0049390 seconds, Stopping threads took: 0.0026780 seconds
222.382: Application time: 0.0407380 seconds
222.385: [GC [PSYoungGen: 49150K->6272K(49152K)] 132475K->89597K(160256K), 0.0019210 secs] [Times: user=0.01 sys=0.00, real=0.01 secs] 
222.387: Total time for which application threads were stopped: 0.0045590 seconds, Stopping threads took: 0.0025530 seconds
222.427: Application time: 0.0399330 seconds
222.429: [GC [PSYoungGen: 48768K->6656K(49152K)] 132093K->90988K(160256K), 0.0022840 secs] [Times: user=0.02 sys=0.00, real=0.00 secs] 
222.431: Total time for which application threads were stopped: 0.0043960 seconds, Stopping threads took: 0.0020240 seconds
222.472: Application time: 0.0410520 seconds
222.474: [GC [PSYoungGen: 49152K->6656K(49152K)] 133484K->91773K(160256K), 0.0021920 secs] [Times: user=0.01 sys=0.00, real=0.00 secs] 
222.477: Total time for which application threads were stopped: 0.0044440 seconds, Stopping threads took: 0.0021610 seconds
222.518: Application time: 0.0414430 seconds
222.520: [GC [PSYoungGen: 49152K->6592K(49152K)] 134269K->91709K(160256K), 0.0020530 secs] [Times: user=0.01 sys=0.00, real=0.00 secs] 
222.522: Total time for which application threads were stopped: 0.0036930 seconds, Stopping threads took: 0.0015600 seconds
222.566: Application time: 0.0440550 seconds
222.567: [GC [PSYoungGen: 49088K->4528K(49152K)] 134205K->89653K(160256K), 0.0014430 secs] [Times: user=0.01 sys=0.00, real=0.00 secs] 
222.569: Total time for which application threads were stopped: 0.0030460 seconds, Stopping threads took: 0.0015240 seconds
222.610: Application time: 0.0408070 seconds
222.612: [GC [PSYoungGen: 47024K->6400K(49152K)] 132149K->91525K(160256K), 0.0019450 secs] [Times: user=0.01 sys=0.00, real=0.00 secs] 
222.614: Total time for which application threads were stopped: 0.0040200 seconds, Stopping threads took: 0.0019900 seconds
222.656: Application time: 0.0422590 seconds
222.659: [GC [PSYoungGen: 48896K->6624K(49152K)] 134021K->92197K(160256K), 0.0021160 secs] [Times: user=0.02 sys=0.00, real=0.00 secs] 
222.661: Total time for which application threads were stopped: 0.0046900 seconds, Stopping threads took: 0.0024820 seconds
222.704: Application time: 0.0435770 seconds
222.705: [GC [PSYoungGen: 49120K->5504K(49152K)] 134693K->91077K(160256K), 0.0018200 secs] [Times: user=0.01 sys=0.00, real=0.01 secs] 
222.707: Total time for which application threads were stopped: 0.0026460 seconds, Stopping threads took: 0.0007470 seconds
222.748: Application time: 0.0410070 seconds
222.750: [GC [PSYoungGen: 48000K->6336K(49152K)] 133573K->91917K(160256K), 0.0022120 secs] [Times: user=0.01 sys=0.00, real=0.00 secs] 
222.752: Total time for which application threads were stopped: 0.0037890 seconds, Stopping threads took: 0.0014900 seconds
222.793: Application time: 0.0408830 seconds
222.795: [GC [PSYoungGen: 48832K->6624K(49152K)] 134413K->92253K(160256K), 0.0020590 secs] [Times: user=0.01 sys=0.00, real=0.00 secs] 
222.797: Total time for which application threads were stopped: 0.0041470 seconds, Stopping threads took: 0.0019990 seconds
222.839: Application time: 0.0417660 seconds
222.841: [GC [PSYoungGen: 49120K->6656K(49152K)] 134749K->92309K(160256K), 0.0020290 secs] [Times: user=0.01 sys=0.00, real=0.00 secs] 
222.844: Total time for which application threads were stopped: 0.0049910 seconds, Stopping threads took: 0.0028820 seconds
222.883: Application time: 0.0397990 seconds
222.886: [GC [PSYoungGen: 49152K->6560K(49152K)] 134805K->92213K(160256K), 0.0019820 secs] [Times: user=0.02 sys=0.00, real=0.01 secs] 
222.888: Total time for which application threads were stopped: 0.0047970 seconds, Stopping threads took: 0.0027310 seconds
222.929: Application time: 0.0413000 seconds
222.932: [GC [PSYoungGen: 49056K->6496K(49152K)] 134709K->92157K(160256K), 0.0020420 secs] [Times: user=0.02 sys=0.00, real=0.00 secs] 
222.934: Total time for which application threads were stopped: 0.0043150 seconds, Stopping threads took: 0.0021870 seconds
222.976: Application time: 0.0417550 seconds
222.977: [GC [PSYoungGen: 48992K->6624K(49152K)] 134653K->92837K(160256K), 0.0022100 secs] [Times: user=0.01 sys=0.00, real=0.01 secs] 
222.980: Total time for which application threads were stopped: 0.0040030 seconds, Stopping threads took: 0.0016990 seconds
223.021: Application time: 0.0416220 seconds
223.023: [GC [PSYoungGen: 49120K->6224K(49152K)] 135333K->92445K(160256K), 0.0019740 secs] [Times: user=0.01 sys=0.00, real=0.00 secs] 
223.025: Total time for which application threads were stopped: 0.0036710 seconds, Stopping threads took: 0.0016110 seconds
223.064: Application time: 0.0389990 seconds
223.065: [GC [PSYoungGen: 48720K->6656K(49152K)] 134941K->93197K(160256K), 0.0021410 secs] [Times: user=0.01 sys=0.00, real=0.01 secs] 
223.068: Total time for which application threads were stopped: 0.0037320 seconds, Stopping threads took: 0.0015060 seconds
223.107: Application time: 0.0393790 seconds
223.110: [GC [PSYoungGen: 49152K->6640K(49152K)] 135693K->94309K(160256K), 0.0024030 secs] [Times: user=0.02 sys=0.00, real=0.00 secs] 
223.112: Total time for which application threads were stopped: 0.0050590 seconds, Stopping threads took: 0.0025700 seconds
223.152: Application time: 0.0404710 seconds
223.155: [GC [PSYoungGen: 49136K->6656K(49152K)] 136805K->94325K(160256K), 0.0020960 secs] [Times: user=0.01 sys=0.00, real=0.00 secs] 
223.157: Total time for which application threads were stopped: 0.0042160 seconds, Stopping threads took: 0.0020310 seconds
223.197: Application time: 0.0399990 seconds
223.198: [GC [PSYoungGen: 49152K->6640K(49152K)] 136821K->95021K(160256K), 0.0022800 secs] [Times: user=0.02 sys=0.00, real=0.01 secs] 
223.201: Total time for which application threads were stopped: 0.0039490 seconds, Stopping threads took: 0.0015830 seconds
223.240: Application time: 0.0397710 seconds
223.243: [GC [PSYoungGen: 49134K->6624K(49152K)] 137515K->95029K(160256K), 0.0020380 secs] [Times: user=0.01 sys=0.00, real=0.00 secs] 
223.245: Total time for which application threads were stopped: 0.0045510 seconds, Stopping threads took: 0.0024280 seconds
223.284: Application time: 0.0392790 seconds
223.286: [GC [PSYoungGen: 49120K->6400K(49152K)] 137525K->94813K(160256K), 0.0020140 secs] [Times: user=0.01 sys=0.00, real=0.01 secs] 
223.288: Total time for which application threads were stopped: 0.0038860 seconds, Stopping threads took: 0.0017880 seconds
223.329: Application time: 0.0409400 seconds
223.331: [GC [PSYoungGen: 48896K->6624K(49152K)] 137309K->95061K(160256K), 0.0020880 secs] [Times: user=0.02 sys=0.00, real=0.00 secs] 
223.333: Total time for which application threads were stopped: 0.0038970 seconds, Stopping threads took: 0.0017120 seconds
223.373: Application time: 0.0401770 seconds
223.375: [GC [PSYoungGen: 49120K->6624K(49152K)] 137557K->95085K(160256K), 0.0020120 secs] [Times: user=0.01 sys=0.00, real=0.00 secs] 
223.377: Total time for which application threads were stopped: 0.0043040 seconds, Stopping threads took: 0.0022140 seconds
223.418: Application time: 0.0408430 seconds
223.420: [GC [PSYoungGen: 49120K->5616K(49152K)] 137581K->94077K(160256K), 0.0017910 secs] [Times: user=0.01 sys=0.00, real=0.00 secs] 
223.422: Total time for which application threads were stopped: 0.0039500 seconds, Stopping threads took: 0.0020830 seconds
223.465: Application time: 0.0430100 seconds
223.468: [GC [PSYoungGen: 48112K->5504K(49152K)] 136573K->93973K(160256K), 0.0017060 secs] [Times: user=0.01 sys=0.00, real=0.00 secs] 
223.470: Total time for which application threads were stopped: 0.0045770 seconds, Stopping threads took: 0.0027930 seconds
223.512: Application time: 0.0416760 seconds
223.513: [GC [PSYoungGen: 48000K->6656K(49152K)] 136469K->95157K(160256K), 0.0020560 secs] [Times: user=0.01 sys=0.00, real=0.00 secs] 
223.515: Total time for which application threads were stopped: 0.0036900 seconds, Stopping threads took: 0.0015420 seconds
223.557: Application time: 0.0418880 seconds
223.559: [GC [PSYoungGen: 49152K->6640K(49152K)] 137653K->95437K(160256K), 0.0021800 secs] [Times: user=0.02 sys=0.00, real=0.00 secs] 
223.561: Total time for which application threads were stopped: 0.0038520 seconds, Stopping threads took: 0.0015840 seconds
223.600: Application time: 0.0394820 seconds
223.602: [GC [PSYoungGen: 49136K->5008K(49152K)] 137933K->93813K(160256K), 0.0016830 secs] [Times: user=0.01 sys=0.00, real=0.00 secs] 
223.603: Total time for which application threads were stopped: 0.0027920 seconds, Stopping threads took: 0.0010390 seconds
223.643: Application time: 0.0393810 seconds
223.644: [GC [PSYoungGen: 47504K->6640K(49152K)] 136309K->95833K(160256K), 0.0021660 secs] [Times: user=0.01 sys=0.00, real=0.00 secs] 
223.646: Total time for which application threads were stopped: 0.0034910 seconds, Stopping threads took: 0.0012430 seconds
223.687: Application time: 0.0405990 seconds
223.689: [GC [PSYoungGen: 49134K->6640K(49152K)] 138328K->96065K(160256K), 0.0021010 secs] [Times: user=0.01 sys=0.00, real=0.00 secs] 
223.692: Total time for which application threads were stopped: 0.0047710 seconds, Stopping threads took: 0.0025880 seconds
223.731: Application time: 0.0397320 seconds
223.733: [GC [PSYoungGen: 49136K->5744K(49152K)] 138561K->95169K(160256K), 0.0017750 secs] [Times: user=0.01 sys=0.00, real=0.00 secs] 
223.735: Total time for which application threads were stopped: 0.0040380 seconds, Stopping threads took: 0.0021810 seconds
223.775: Application time: 0.0401850 seconds
223.777: [GC [PSYoungGen: 48240K->5680K(49152K)] 137665K->95105K(160256K), 0.0018660 secs] [Times: user=0.01 sys=0.00, real=0.01 secs] 
223.779: Total time for which application threads were stopped: 0.0037800 seconds, Stopping threads took: 0.0018320 seconds
223.820: Application time: 0.0403480 seconds
223.822: [GC [PSYoungGen: 48176K->6624K(49152K)] 137601K->96065K(160256K), 0.0019990 secs] [Times: user=0.01 sys=0.00, real=0.00 secs] 
223.824: Total time for which application threads were stopped: 0.0041230 seconds, Stopping threads took: 0.0020440 seconds
223.862: Application time: 0.0382190 seconds
223.865: [GC [PSYoungGen: 49120K->6400K(49152K)] 138561K->95849K(160256K), 0.0019310 secs] [Times: user=0.02 sys=0.00, real=0.00 secs] 
223.866: Total time for which application threads were stopped: 0.0045290 seconds, Stopping threads took: 0.0025160 seconds
223.905: Application time: 0.0389050 seconds
223.907: [GC [PSYoungGen: 48896K->5312K(49152K)] 138345K->94777K(160256K), 0.0017110 secs] [Times: user=0.01 sys=0.00, real=0.00 secs] 
223.909: Total time for which application threads were stopped: 0.0031510 seconds, Stopping threads took: 0.0013600 seconds
223.948: Application time: 0.0392730 seconds
223.950: [GC [PSYoungGen: 47808K->6192K(49152K)] 137273K->95665K(160256K), 0.0019180 secs] [Times: user=0.01 sys=0.00, real=0.00 secs] 
223.952: Total time for which application threads were stopped: 0.0042000 seconds, Stopping threads took: 0.0022000 seconds
223.993: Application time: 0.0410240 seconds
223.995: [GC [PSYoungGen: 48688K->6640K(49152K)] 138161K->96593K(160256K), 0.0020900 secs] [Times: user=0.02 sys=0.00, real=0.00 secs] 
223.998: Total time for which application threads were stopped: 0.0044580 seconds, Stopping threads took: 0.0022910 seconds
224.036: Application time: 0.0389840 seconds
224.039: [GC [PSYoungGen: 49136K->6640K(49152K)] 139089K->96777K(160256K), 0.0021700 secs] [Times: user=0.01 sys=0.00, real=0.00 secs] 
224.041: Total time for which application threads were stopped: 0.0043160 seconds, Stopping threads took: 0.0020510 seconds
224.078: Application time: 0.0374890 seconds
224.080: [GC [PSYoungGen: 49134K->6640K(49152K)] 139271K->97665K(160256K), 0.0022690 secs] [Times: user=0.01 sys=0.00, real=0.00 secs] 
224.083: Total time for which application threads were stopped: 0.0043240 seconds, Stopping threads took: 0.0019680 seconds
224.121: Application time: 0.0388270 seconds
224.124: [GC [PSYoungGen: 49136K->6656K(49152K)] 140161K->98393K(160256K), 0.0021930 secs] [Times: user=0.01 sys=0.00, real=0.00 secs] 
224.126: Total time for which application threads were stopped: 0.0047760 seconds, Stopping threads took: 0.0025000 seconds
224.164: Application time: 0.0379700 seconds
224.166: [GC [PSYoungGen: 49152K->6432K(49152K)] 140889K->98177K(160256K), 0.0019380 secs] [Times: user=0.01 sys=0.00, real=0.01 secs] 
224.168: Total time for which application threads were stopped: 0.0032980 seconds, Stopping threads took: 0.0012780 seconds
224.207: Application time: 0.0395710 seconds
224.208: [GC [PSYoungGen: 48928K->4352K(49152K)] 140673K->96097K(160256K), 0.0014140 secs] [Times: user=0.01 sys=0.00, real=0.00 secs] 
224.210: Total time for which application threads were stopped: 0.0026390 seconds, Stopping threads took: 0.0011510 seconds
224.249: Application time: 0.0392210 seconds
224.251: [GC [PSYoungGen: 46848K->6304K(49152K)] 138593K->98049K(160256K), 0.0019740 secs] [Times: user=0.02 sys=0.00, real=0.00 secs] 
224.253: Total time for which application threads were stopped: 0.0045380 seconds, Stopping threads took: 0.0024860 seconds
224.292: Application time: 0.0387480 seconds
224.295: [GC [PSYoungGen: 48800K->6656K(49152K)] 140545K->98425K(160256K), 0.0020650 secs] [Times: user=0.01 sys=0.00, real=0.00 secs] 
224.297: Total time for which application threads were stopped: 0.0050290 seconds, Stopping threads took: 0.0028860 seconds
224.338: Application time: 0.0406880 seconds
224.339: [GC [PSYoungGen: 49152K->5264K(49152K)] 140921K->97033K(160256K), 0.0016700 secs] [Times: user=0.01 sys=0.00, real=0.00 secs] 
224.341: Total time for which application threads were stopped: 0.0032150 seconds, Stopping threads took: 0.0014680 seconds
224.379: Application time: 0.0379050 seconds
224.381: [GC [PSYoungGen: 47760K->6624K(49152K)] 139529K->98825K(160256K), 0.0021530 secs] [Times: user=0.02 sys=0.00, real=0.00 secs] 
224.383: Total time for which application threads were stopped: 0.0036350 seconds, Stopping threads took: 0.0013970 seconds
224.421: Application time: 0.0381110 seconds
224.423: [GC [PSYoungGen: 49120K->6624K(49152K)] 141321K->100105K(160256K), 0.0023960 secs] [Times: user=0.02 sys=0.00, real=0.00 secs] 
224.426: Total time for which application threads were stopped: 0.0048060 seconds, Stopping threads took: 0.0023260 seconds
224.465: Application time: 0.0396510 seconds
224.468: [GC [PSYoungGen: 49120K->5696K(49152K)] 142601K->99177K(160256K), 0.0017420 secs] [Times: user=0.01 sys=0.00, real=0.00 secs] 
224.470: Total time for which application threads were stopped: 0.0042990 seconds, Stopping threads took: 0.0024800 seconds
224.510: Application time: 0.0404110 seconds
224.511: [GC [PSYoungGen: 48192K->5408K(49152K)] 141673K->98889K(160256K), 0.0017450 secs] [Times: user=0.01 sys=0.00, real=0.00 secs] 
224.513: Total time for which application threads were stopped: 0.0031810 seconds, Stopping threads took: 0.0013530 seconds
224.554: Application time: 0.0410690 seconds
224.556: [GC [PSYoungGen: 47904K->5136K(49152K)] 141385K->98617K(160256K), 0.0017140 secs] [Times: user=0.01 sys=0.00, real=0.00 secs] 
224.558: Total time for which application threads were stopped: 0.0037680 seconds, Stopping threads took: 0.0019730 seconds
224.596: Application time: 0.0380000 seconds
224.598: [GC [PSYoungGen: 47632K->6656K(49152K)] 141113K->101337K(160256K), 0.0023680 secs] [Times: user=0.02 sys=0.00, real=0.01 secs] 
224.600: Total time for which application threads were stopped: 0.0040720 seconds, Stopping threads took: 0.0016170 seconds
224.638: Application time: 0.0382460 seconds
224.641: [GC [PSYoungGen: 49152K->6656K(49152K)] 143833K->101433K(160256K), 0.0020830 secs] [Times: user=0.02 sys=0.00, real=0.00 secs] 
224.643: Total time for which application threads were stopped: 0.0042860 seconds, Stopping threads took: 0.0021140 seconds
224.681: Application time: 0.0384510 seconds
224.683: [GC [PSYoungGen: 49152K->6656K(49152K)] 143929K->101521K(160256K), 0.0020960 secs] [Times: user=0.01 sys=0.00, real=0.00 secs] 
224.685: Total time for which application threads were stopped: 0.0042480 seconds, Stopping threads took: 0.0020690 seconds
224.724: Application time: 0.0382310 seconds
224.726: [GC [PSYoungGen: 49152K->6656K(49152K)] 144017K->101585K(160256K), 0.0022830 secs] [Times: user=0.01 sys=0.00, real=0.01 secs] 
224.728: Total time for which application threads were stopped: 0.0046090 seconds, Stopping threads took: 0.0022200 seconds
224.766: Application time: 0.0383170 seconds
224.769: [GC [PSYoungGen: 49152K->5776K(49152K)] 144081K->100705K(160256K), 0.0018860 secs] [Times: user=0.01 sys=0.00, real=0.00 secs] 
224.771: Total time for which application threads were stopped: 0.0043510 seconds, Stopping threads took: 0.0023860 seconds
224.811: Application time: 0.0399820 seconds
224.815: [GC [PSYoungGen: 48272K->5568K(49152K)] 143201K->100497K(160256K), 0.0017280 secs] [Times: user=0.01 sys=0.00, real=0.00 secs] 
224.816: Total time for which application threads were stopped: 0.0056200 seconds, Stopping threads took: 0.0038110 seconds
224.856: Application time: 0.0396470 seconds
224.858: [GC [PSYoungGen: 48064K->6640K(49152K)] 142993K->101649K(160256K), 0.0020930 secs] [Times: user=0.01 sys=0.00, real=0.01 secs] 
224.860: Total time for which application threads were stopped: 0.0039220 seconds, Stopping threads took: 0.0017420 seconds
224.898: Application time: 0.0383790 seconds
224.901: [GC [PSYoungGen: 49136K->6656K(49152K)] 144145K->102569K(160256K), 0.0023640 secs] [Times: user=0.02 sys=0.00, real=0.00 secs] 
224.904: Total time for which application threads were stopped: 0.0051950 seconds, Stopping threads took: 0.0027460 seconds
224.942: Application time: 0.0384420 seconds
224.944: [GC [PSYoungGen: 49152K->6656K(49152K)] 145065K->102857K(160256K), 0.0021200 secs] [Times: user=0.01 sys=0.00, real=0.00 secs] 
224.946: Total time for which application threads were stopped: 0.0036670 seconds, Stopping threads took: 0.0014700 seconds
224.984: Application time: 0.0378940 seconds
224.985: [GC [PSYoungGen: 49152K->6640K(49152K)] 145353K->102945K(160256K), 0.0020730 secs] [Times: user=0.02 sys=0.00, real=0.01 secs] 
224.987: Total time for which application threads were stopped: 0.0034600 seconds, Stopping threads took: 0.0013040 seconds
225.026: Application time: 0.0393420 seconds
225.028: [GC [PSYoungGen: 49135K->6656K(49152K)] 145441K->102969K(160256K), 0.0020290 secs] [Times: user=0.01 sys=0.00, real=0.00 secs] 
225.031: Total time for which application threads were stopped: 0.0040790 seconds, Stopping threads took: 0.0019690 seconds
225.068: Application time: 0.0377730 seconds
225.070: [GC [PSYoungGen: 49152K->6656K(49152K)] 145465K->103209K(160256K), 0.0021950 secs] [Times: user=0.01 sys=0.00, real=0.00 secs] 
225.072: Total time for which application threads were stopped: 0.0042030 seconds, Stopping threads took: 0.0019140 seconds
225.111: Application time: 0.0387100 seconds
225.113: [GC [PSYoungGen: 49152K->6656K(49152K)] 145705K->104234K(160256K), 0.0023510 secs] [Times: user=0.02 sys=0.00, real=0.00 secs] 
225.115: Total time for which application threads were stopped: 0.0042210 seconds, Stopping threads took: 0.0017840 seconds
225.153: Application time: 0.0376370 seconds
225.155: [GC [PSYoungGen: 49152K->6656K(49152K)] 146730K->104610K(160256K), 0.0021750 secs] [Times: user=0.01 sys=0.00, real=0.00 secs] 
225.157: Total time for which application threads were stopped: 0.0042930 seconds, Stopping threads took: 0.0020330 seconds
225.196: Application time: 0.0384100 seconds
225.199: [GC [PSYoungGen: 49152K->6656K(49152K)] 147106K->104922K(160256K), 0.0023350 secs] [Times: user=0.01 sys=0.00, real=0.00 secs] 
225.201: Total time for which application threads were stopped: 0.0053600 seconds, Stopping threads took: 0.0029420 seconds
225.237: Application time: 0.0359390 seconds
225.240: [GC [PSYoungGen: 49152K->6656K(49152K)] 147418K->106122K(160256K), 0.0024820 secs] [Times: user=0.01 sys=0.00, real=0.00 secs] 
225.242: Total time for which application threads were stopped: 0.0053090 seconds, Stopping threads took: 0.0027370 seconds
225.280: Application time: 0.0380070 seconds
225.282: [GC [PSYoungGen: 49152K->6656K(49152K)] 148618K->106218K(160256K), 0.0022370 secs] [Times: user=0.01 sys=0.00, real=0.00 secs] 
225.284: Total time for which application threads were stopped: 0.0038760 seconds, Stopping threads took: 0.0015560 seconds
225.323: Application time: 0.0385910 seconds
225.325: [GC [PSYoungGen: 49152K->6208K(49152K)] 148714K->105770K(160256K), 0.0019380 secs] [Times: user=0.01 sys=0.00, real=0.00 secs] 
225.327: Total time for which application threads were stopped: 0.0036410 seconds, Stopping threads took: 0.0016000 seconds
225.365: Application time: 0.0384690 seconds
225.366: [GC [PSYoungGen: 48704K->6160K(49152K)] 148266K->105722K(160256K), 0.0019380 secs] [Times: user=0.01 sys=0.00, real=0.01 secs] 
225.368: Total time for which application threads were stopped: 0.0032730 seconds, Stopping threads took: 0.0012560 seconds
225.406: Application time: 0.0373960 seconds
225.409: [GC [PSYoungGen: 48656K->6400K(49152K)] 148218K->105962K(160256K), 0.0019700 secs] [Times: user=0.02 sys=0.00, real=0.00 secs] 
225.411: Total time for which application threads were stopped: 0.0049490 seconds, Stopping threads took: 0.0028950 seconds
225.449: Application time: 0.0379340 seconds
225.451: [GC [PSYoungGen: 48896K->6624K(49152K)] 148458K->106218K(160256K), 0.0020490 secs] [Times: user=0.01 sys=0.00, real=0.00 secs] 
225.453: Total time for which application threads were stopped: 0.0042070 seconds, Stopping threads took: 0.0020750 seconds
225.491: Application time: 0.0382780 seconds
225.493: [GC [PSYoungGen: 49120K->6656K(49152K)] 148714K->106594K(160256K), 0.0021610 secs] [Times: user=0.01 sys=0.00, real=0.00 secs] 
225.496: Total time for which application threads were stopped: 0.0046520 seconds, Stopping threads took: 0.0024010 seconds
225.535: Application time: 0.0393360 seconds
225.538: [GC [PSYoungGen: 49152K->6448K(49152K)] 149090K->106386K(160256K), 0.0020420 secs] [Times: user=0.01 sys=0.00, real=0.01 secs] 
225.540: Total time for which application threads were stopped: 0.0045870 seconds, Stopping threads took: 0.0024640 seconds
225.580: Application time: 0.0406970 seconds
225.582: [GC [PSYoungGen: 48943K->6640K(49152K)] 148881K->106586K(160256K), 0.0020070 secs] [Times: user=0.02 sys=0.00, real=0.00 secs] 
225.584: Total time for which application threads were stopped: 0.0037310 seconds, Stopping threads took: 0.0016350 seconds
225.623: Application time: 0.0391240 seconds
225.626: [GC [PSYoungGen: 49136K->6656K(49152K)] 149082K->107330K(160256K), 0.0022570 secs] [Times: user=0.02 sys=0.00, real=0.01 secs] 
225.628: Total time for which application threads were stopped: 0.0046870 seconds, Stopping threads took: 0.0023470 seconds
225.665: Application time: 0.0376040 seconds
225.668: [GC [PSYoungGen: 49152K->6656K(49152K)] 149826K->107442K(160256K), 0.0021510 secs] [Times: user=0.01 sys=0.00, real=0.00 secs] 
225.670: Total time for which application threads were stopped: 0.0046460 seconds, Stopping threads took: 0.0024110 seconds
225.710: Application time: 0.0396440 seconds
225.713: [GC [PSYoungGen: 49152K->5840K(49152K)] 149938K->106626K(160256K), 0.0017700 secs] [Times: user=0.01 sys=0.00, real=0.00 secs] 
225.715: Total time for which application threads were stopped: 0.0047800 seconds, Stopping threads took: 0.0029230 seconds
225.754: Application time: 0.0393900 seconds
225.756: [GC [PSYoungGen: 48336K->6240K(49152K)] 149122K->107026K(160256K), 0.0019550 secs] [Times: user=0.01 sys=0.00, real=0.00 secs] 
225.758: Total time for which application threads were stopped: 0.0037280 seconds, Stopping threads took: 0.0016940 seconds
225.797: Application time: 0.0389780 seconds
225.800: [GC [PSYoungGen: 48736K->5984K(49152K)] 149522K->106770K(160256K), 0.0020430 secs] [Times: user=0.01 sys=0.00, real=0.00 secs] 
225.802: Total time for which application threads were stopped: 0.0054920 seconds, Stopping threads took: 0.0033550 seconds
225.840: Application time: 0.0379890 seconds
225.842: [GC [PSYoungGen: 48480K->6640K(49152K)] 149266K->107666K(160256K), 0.0020760 secs] [Times: user=0.01 sys=0.00, real=0.00 secs] 
225.845: Total time for which application threads were stopped: 0.0043910 seconds, Stopping threads took: 0.0022310 seconds
225.885: Application time: 0.0401340 seconds
225.887: [GC [PSYoungGen: 49136K->6640K(49152K)] 150162K->107858K(160256K), 0.0021020 secs] [Times: user=0.01 sys=0.00, real=0.00 secs] 
225.889: Total time for which application threads were stopped: 0.0043740 seconds, Stopping threads took: 0.0021890 seconds
225.927: Application time: 0.0382670 seconds
225.929: [GC [PSYoungGen: 49136K->6640K(49152K)] 150354K->108962K(160256K), 0.0024320 secs] [Times: user=0.02 sys=0.00, real=0.00 secs] 
225.932: Total time for which application threads were stopped: 0.0045900 seconds, Stopping threads took: 0.0020720 seconds
225.970: Application time: 0.0385180 seconds
225.973: [GC [PSYoungGen: 49136K->6656K(49152K)] 151458K->109010K(160256K), 0.0020940 secs] [Times: user=0.01 sys=0.00, real=0.00 secs] 
225.975: Total time for which application threads were stopped: 0.0045720 seconds, Stopping threads took: 0.0023940 seconds
226.014: Application time: 0.0388240 seconds
226.016: [GC [PSYoungGen: 49152K->6640K(49152K)] 151506K->109010K(160256K), 0.0020610 secs] [Times: user=0.01 sys=0.00, real=0.01 secs] 
226.019: Total time for which application threads were stopped: 0.0047820 seconds, Stopping threads took: 0.0026340 seconds
226.056: Application time: 0.0369610 seconds
226.057: [GC [PSYoungGen: 49136K->6656K(49152K)] 151506K->109226K(160256K), 0.0022180 secs] [Times: user=0.01 sys=0.00, real=0.01 secs] 
226.059: Total time for which application threads were stopped: 0.0036650 seconds, Stopping threads took: 0.0013630 seconds
226.097: Application time: 0.0372850 seconds
226.098: [GC [PSYoungGen: 49152K->6656K(49152K)] 151722K->110234K(160256K), 0.0023560 secs] [Times: user=0.02 sys=0.00, real=0.01 secs] 
226.100: Total time for which application threads were stopped: 0.0038440 seconds, Stopping threads took: 0.0013910 seconds
226.139: Application time: 0.0390700 seconds
226.142: [GC [PSYoungGen: 49152K->6656K(49152K)] 152730K->111338K(160256K), 0.0023970 secs] [Times: user=0.02 sys=0.00, real=0.00 secs] 
226.145: Total time for which application threads were stopped: 0.0050630 seconds, Stopping threads took: 0.0025790 seconds
226.183: Application time: 0.0389490 seconds
226.185: [GC [PSYoungGen: 49152K->6656K(49152K)] 153834K->111362K(160256K), 0.0020470 secs] [Times: user=0.02 sys=0.00, real=0.01 secs] 
226.187: Total time for which application threads were stopped: 0.0038240 seconds, Stopping threads took: 0.0016950 seconds
226.227: Application time: 0.0394380 seconds
226.229: [GC [PSYoungGen: 49152K->6272K(49152K)] 153858K->110978K(160256K), 0.0018850 secs] [Times: user=0.01 sys=0.00, real=0.00 secs] 
226.230: Total time for which application threads were stopped: 0.0037470 seconds, Stopping threads took: 0.0017740 seconds
226.269: Application time: 0.0383900 seconds
226.271: [GC [PSYoungGen: 48768K->6656K(49152K)] 153474K->112270K(160256K), 0.0022330 secs] [Times: user=0.02 sys=0.00, real=0.00 secs] 
226.273: Total time for which application threads were stopped: 0.0045940 seconds, Stopping threads took: 0.0022850 seconds
226.312: Application time: 0.0384880 seconds
226.315: [GC [PSYoungGen: 49152K->6464K(49152K)] 154766K->112078K(160256K), 0.0019590 secs] [Times: user=0.01 sys=0.00, real=0.00 secs] 
226.317: Total time for which application threads were stopped: 0.0047840 seconds, Stopping threads took: 0.0027440 seconds
226.355: Application time: 0.0381850 seconds
226.357: [GC [PSYoungGen: 48960K->6656K(49152K)] 154574K->112454K(160256K), 0.0022340 secs] [Times: user=0.01 sys=0.00, real=0.01 secs] 
226.359: Total time for which application threads were stopped: 0.0045610 seconds, Stopping threads took: 0.0022370 seconds
226.398: Application time: 0.0389110 seconds
226.400: [GC [PSYoungGen: 49152K->6272K(49152K)] 154950K->112070K(160256K), 0.0019970 secs] [Times: user=0.02 sys=0.00, real=0.00 secs] 
226.402: Total time for which application threads were stopped: 0.0033810 seconds, Stopping threads took: 0.0013040 seconds
226.441: Application time: 0.0395800 seconds
226.443: [GC [PSYoungGen: 48768K->5632K(49152K)] 154566K->111430K(160256K), 0.0017550 secs] [Times: user=0.01 sys=0.00, real=0.00 secs] 
226.445: Total time for which application threads were stopped: 0.0033660 seconds, Stopping threads took: 0.0015290 seconds
226.481: Application time: 0.0365170 seconds
226.483: [GC [PSYoungGen: 48128K->6624K(49152K)] 153926K->112430K(160256K), 0.0020670 secs] [Times: user=0.01 sys=0.00, real=0.00 secs] 
226.485: Total time for which application threads were stopped: 0.0041590 seconds, Stopping threads took: 0.0020140 seconds
226.523: Application time: 0.0374030 seconds
226.525: [GC [PSYoungGen: 49120K->6640K(49152K)] 154926K->112886K(160256K), 0.0022250 secs] [Times: user=0.01 sys=0.00, real=0.01 secs] 
226.527: Total time for which application threads were stopped: 0.0040710 seconds, Stopping threads took: 0.0017590 seconds
226.564: Application time: 0.0374130 seconds
226.567: [GC [PSYoungGen: 49136K->6640K(49152K)] 155382K->114030K(160256K), 0.0025440 secs] [Times: user=0.01 sys=0.00, real=0.00 secs] 
226.569: Total time for which application threads were stopped: 0.0051880 seconds, Stopping threads took: 0.0025590 seconds
226.608: Application time: 0.0381110 seconds
226.610: [GC [PSYoungGen: 49136K->6624K(49152K)] 156526K->115006K(160256K), 0.0025450 secs] [Times: user=0.01 sys=0.00, real=0.00 secs] 
226.612: Total time for which application threads were stopped: 0.0047230 seconds, Stopping threads took: 0.0020860 seconds
226.651: Application time: 0.0384690 seconds
226.653: [GC [PSYoungGen: 49120K->6640K(49152K)] 157502K->116046K(160256K), 0.0023030 secs] [Times: user=0.01 sys=0.00, real=0.00 secs] 
226.655: Total time for which application threads were stopped: 0.0042720 seconds, Stopping threads took: 0.0018900 seconds
226.695: Application time: 0.0399680 seconds
226.697: [GC [PSYoungGen: 49136K->6624K(49152K)] 158542K->116134K(160256K), 0.0020310 secs] [Times: user=0.01 sys=0.01, real=0.01 secs] 
226.699: [Full GC [PSYoungGen: 6624K->0K(49152K)] [ParOldGen: 109510K->9405K(111104K)] 116134K->9405K(160256K) [PSPermGen: 5182K->5182K(21504K)], 0.0064380 secs] [Times: user=0.03 sys=0.00, real=0.00 secs] 
226.705: Total time for which application threads were stopped: 0.0102280 seconds, Stopping threads took: 0.0016100 seconds
226.742: Application time: 0.0367020 seconds
226.744: [GC [PSYoungGen: 42496K->6656K(49152K)] 51901K->17933K(160256K), 0.0025030 secs] [Times: user=0.01 sys=0.00, real=0.01 secs] 
226.747: Total time for which application threads were stopped: 0.0047580 seconds, Stopping threads took: 0.0021760 seconds
226.784: Application time: 0.0374090 seconds
226.786: [GC [PSYoungGen: 49152K->6656K(49152K)] 60429K->19237K(160256K), 0.0024100 secs] [Times: user=0.02 sys=0.00, real=0.01 secs] 
226.789: Total time for which application threads were stopped: 0.0046800 seconds, Stopping threads took: 0.0021850 seconds
226.829: Application time: 0.0400880 seconds
226.830: [GC [PSYoungGen: 49152K->6656K(49152K)] 61733K->19445K(160256K), 0.0020700 secs] [Times: user=0.01 sys=0.00, real=0.00 secs] 
226.833: Total time for which application threads were stopped: 0.0036300 seconds, Stopping threads took: 0.0014760 seconds
226.872: Application time: 0.0391730 seconds
226.874: [GC [PSYoungGen: 49152K->6336K(49152K)] 61941K->19125K(160256K), 0.0019020 secs] [Times: user=0.01 sys=0.00, real=0.00 secs] 
226.876: Total time for which application threads were stopped: 0.0038830 seconds, Stopping threads took: 0.0019000 seconds
226.913: Application time: 0.0376300 seconds
226.916: [GC [PSYoungGen: 48832K->6048K(49152K)] 61621K->18837K(160256K), 0.0017970 secs] [Times: user=0.01 sys=0.00, real=0.00 secs] 
226.917: Total time for which application threads were stopped: 0.0041220 seconds, Stopping threads took: 0.0022450 seconds
226.957: Application time: 0.0400510 seconds
226.959: [GC [PSYoungGen: 48544K->6656K(49152K)] 61333K->20085K(160256K), 0.0022300 secs] [Times: user=0.01 sys=0.00, real=0.00 secs] 
226.961: Total time for which application threads were stopped: 0.0038610 seconds, Stopping threads took: 0.0015500 seconds
226.999: Application time: 0.0373720 seconds
227.001: [GC [PSYoungGen: 49152K->6640K(49152K)] 62581K->21370K(160256K), 0.0023400 secs] [Times: user=0.02 sys=0.00, real=0.00 secs] 
227.004: Total time for which application threads were stopped: 0.0050610 seconds, Stopping threads took: 0.0026320 seconds
227.042: Application time: 0.0384130 seconds
227.045: [GC [PSYoungGen: 49136K->6640K(49152K)] 63866K->21666K(160256K), 0.0020650 secs] [Times: user=0.02 sys=0.00, real=0.01 secs] 
227.047: Total time for which application threads were stopped: 0.0045110 seconds, Stopping threads took: 0.0023650 seconds
227.086: Application time: 0.0394950 seconds
227.088: [GC [PSYoungGen: 49136K->6640K(49152K)] 64162K->22666K(160256K), 0.0023590 secs] [Times: user=0.01 sys=0.00, real=0.00 secs] 
227.090: Total time for which application threads were stopped: 0.0042480 seconds, Stopping threads took: 0.0018050 seconds
227.130: Application time: 0.0392010 seconds
227.131: [GC [PSYoungGen: 49136K->6080K(49152K)] 65162K->22106K(160256K), 0.0018020 secs] [Times: user=0.01 sys=0.00, real=0.00 secs] 
227.133: Total time for which application threads were stopped: 0.0034740 seconds, Stopping threads took: 0.0015870 seconds
227.173: Application time: 0.0398280 seconds
227.174: [GC [PSYoungGen: 48576K->5616K(49152K)] 64602K->21642K(160256K), 0.0017320 secs] [Times: user=0.01 sys=0.00, real=0.00 secs] 
227.176: Total time for which application threads were stopped: 0.0032630 seconds, Stopping threads took: 0.0014570 seconds
227.216: Application time: 0.0398200 seconds
227.218: [GC [PSYoungGen: 48112K->6528K(49152K)] 64138K->22554K(160256K), 0.0020630 secs] [Times: user=0.01 sys=0.00, real=0.01 secs] 
227.220: Total time for which application threads were stopped: 0.0038620 seconds, Stopping threads took: 0.0017130 seconds
227.260: Application time: 0.0403560 seconds
227.262: [GC [PSYoungGen: 49024K->6560K(49152K)] 65050K->22586K(160256K), 0.0020110 secs] [Times: user=0.01 sys=0.00, real=0.00 secs] 
227.264: Total time for which application threads were stopped: 0.0037370 seconds, Stopping threads took: 0.0016460 seconds
227.301: Application time: 0.0371700 seconds
227.303: [GC [PSYoungGen: 49056K->6640K(49152K)] 65082K->23458K(160256K), 0.0022120 secs] [Times: user=0.02 sys=0.00, real=0.00 secs] 
227.305: Total time for which application threads were stopped: 0.0039560 seconds, Stopping threads took: 0.0016660 seconds
227.343: Application time: 0.0381140 seconds
227.345: [GC [PSYoungGen: 49136K->6656K(49152K)] 65954K->23682K(160256K), 0.0021200 secs] [Times: user=0.01 sys=0.00, real=0.01 secs] 
227.347: Total time for which application threads were stopped: 0.0039090 seconds, Stopping threads took: 0.0017090 seconds
227.386: Application time: 0.0392110 seconds
227.387: [GC [PSYoungGen: 49152K->5696K(49152K)] 66178K->23378K(160256K), 0.0018980 secs] [Times: user=0.01 sys=0.00, real=0.00 secs] 
227.389: Total time for which application threads were stopped: 0.0029420 seconds, Stopping threads took: 0.0009670 seconds
227.429: Application time: 0.0392770 seconds
227.430: [GC [PSYoungGen: 48192K->5456K(49152K)] 65874K->23138K(160256K), 0.0016520 secs] [Times: user=0.01 sys=0.00, real=0.00 secs] 
227.432: Total time for which application threads were stopped: 0.0030040 seconds, Stopping threads took: 0.0012750 seconds
227.472: Application time: 0.0400360 seconds
227.473: [GC [PSYoungGen: 47952K->5776K(49152K)] 65634K->23458K(160256K), 0.0016840 secs] [Times: user=0.01 sys=0.00, real=0.00 secs] 
227.475: Total time for which application threads were stopped: 0.0031680 seconds, Stopping threads took: 0.0014030 seconds
227.514: Application time: 0.0394020 seconds
227.516: [GC [PSYoungGen: 48272K->6144K(49152K)] 65954K->23826K(160256K), 0.0017600 secs] [Times: user=0.01 sys=0.00, real=0.00 secs] 
227.518: Total time for which application threads were stopped: 0.0036090 seconds, Stopping threads took: 0.0017690 seconds
227.555: Application time: 0.0373420 seconds
227.557: [GC [PSYoungGen: 48640K->6624K(49152K)] 66322K->24546K(160256K), 0.0020110 secs] [Times: user=0.02 sys=0.00, real=0.01 secs] 
227.559: Total time for which application threads were stopped: 0.0038220 seconds, Stopping threads took: 0.0017270 seconds
227.599: Application time: 0.0400550 seconds
227.602: [GC [PSYoungGen: 49120K->6656K(49152K)] 67042K->25626K(160256K), 0.0023800 secs] [Times: user=0.01 sys=0.00, real=0.00 secs] 
227.604: Total time for which application threads were stopped: 0.0051450 seconds, Stopping threads took: 0.0026820 seconds
227.645: Application time: 0.0412740 seconds
227.648: [GC [PSYoungGen: 49152K->5664K(49152K)] 68122K->24634K(160256K), 0.0015960 secs] [Times: user=0.01 sys=0.00, real=0.00 secs] 
227.649: Total time for which application threads were stopped: 0.0039860 seconds, Stopping threads took: 0.0023000 seconds
227.691: Application time: 0.0418150 seconds
227.694: [GC [PSYoungGen: 48160K->6656K(49152K)] 67130K->25882K(160256K), 0.0020050 secs] [Times: user=0.02 sys=0.00, real=0.00 secs] 
227.696: Total time for which application threads were stopped: 0.0051400 seconds, Stopping threads took: 0.0030510 seconds
227.737: Application time: 0.0401370 seconds
227.738: [GC [PSYoungGen: 49152K->6640K(49152K)] 68378K->26570K(160256K), 0.0021380 secs] [Times: user=0.02 sys=0.00, real=0.01 secs] 
227.740: Total time for which application threads were stopped: 0.0038000 seconds, Stopping threads took: 0.0015760 seconds
227.781: Application time: 0.0411090 seconds
227.784: [GC [PSYoungGen: 49136K->6656K(49152K)] 69066K->26690K(160256K), 0.0020450 secs] [Times: user=0.01 sys=0.00, real=0.00 secs] 
227.786: Total time for which application threads were stopped: 0.0049240 seconds, Stopping threads took: 0.0027960 seconds
227.827: Application time: 0.0406020 seconds
227.828: [GC [PSYoungGen: 49152K->5696K(49152K)] 69186K->25746K(160256K), 0.0017690 secs] [Times: user=0.01 sys=0.00, real=0.00 secs] 
227.830: Total time for which application threads were stopped: 0.0032750 seconds, Stopping threads took: 0.0014310 seconds
227.872: Application time: 0.0419630 seconds
227.874: [GC [PSYoungGen: 48192K->6256K(49152K)] 68242K->26306K(160256K), 0.0018230 secs] [Times: user=0.01 sys=0.00, real=0.00 secs] 
227.876: Total time for which application threads were stopped: 0.0035620 seconds, Stopping threads took: 0.0016580 seconds
227.918: Application time: 0.0420680 seconds
227.920: [GC [PSYoungGen: 48752K->5200K(49152K)] 68802K->25250K(160256K), 0.0016460 secs] [Times: user=0.01 sys=0.00, real=0.00 secs] 
227.921: Total time for which application threads were stopped: 0.0034140 seconds, Stopping threads took: 0.0016880 seconds
227.964: Application time: 0.0426210 seconds
227.965: [GC [PSYoungGen: 47696K->5072K(49152K)] 67746K->25122K(160256K), 0.0032710 secs] [Times: user=0.01 sys=0.00, real=0.01 secs] 
227.969: Total time for which application threads were stopped: 0.0048390 seconds, Stopping threads took: 0.0014890 seconds
228.011: Application time: 0.0426020 seconds
228.013: [GC [PSYoungGen: 47568K->5824K(49152K)] 67618K->25874K(160256K), 0.0017290 secs] [Times: user=0.01 sys=0.00, real=0.00 secs] 
228.015: Total time for which application threads were stopped: 0.0031680 seconds, Stopping threads took: 0.0013420 seconds
228.057: Application time: 0.0420830 seconds
228.059: [GC [PSYoungGen: 48320K->6624K(49152K)] 68370K->26674K(160256K), 0.0019340 secs] [Times: user=0.01 sys=0.00, real=0.00 secs] 
228.061: Total time for which application threads were stopped: 0.0041370 seconds, Stopping threads took: 0.0021210 seconds
228.102: Application time: 0.0413240 seconds
228.104: [GC [PSYoungGen: 49120K->6464K(49152K)] 69170K->26522K(160256K), 0.0020050 secs] [Times: user=0.01 sys=0.00, real=0.00 secs] 
228.106: Total time for which application threads were stopped: 0.0041060 seconds, Stopping threads took: 0.0020190 seconds
228.147: Application time: 0.0413100 seconds
228.150: [GC [PSYoungGen: 48960K->6336K(49152K)] 69018K->26402K(160256K), 0.0019470 secs] [Times: user=0.01 sys=0.00, real=0.00 secs] 
228.152: Total time for which application threads were stopped: 0.0040540 seconds, Stopping threads took: 0.0020120 seconds
228.191: Application time: 0.0392130 seconds
228.193: [GC [PSYoungGen: 48832K->6640K(49152K)] 68898K->27034K(160256K), 0.0021180 secs] [Times: user=0.02 sys=0.00, real=0.00 secs] 
228.195: Total time for which application threads were stopped: 0.0039640 seconds, Stopping threads took: 0.0017570 seconds
228.237: Application time: 0.0421280 seconds
228.239: [GC [PSYoungGen: 49136K->5952K(49152K)] 69530K->26346K(160256K), 0.0017840 secs] [Times: user=0.01 sys=0.00, real=0.00 secs] 
228.241: Total time for which application threads were stopped: 0.0041710 seconds, Stopping threads took: 0.0022910 seconds
228.280: Application time: 0.0394350 seconds
228.282: [GC [PSYoungGen: 48448K->6640K(49152K)] 68842K->27234K(160256K), 0.0020840 secs] [Times: user=0.01 sys=0.01, real=0.00 secs] 
228.285: Total time for which application threads were stopped: 0.0041370 seconds, Stopping threads took: 0.0019700 seconds
228.324: Application time: 0.0397060 seconds
228.326: [GC [PSYoungGen: 49136K->6640K(49152K)] 69730K->27762K(160256K), 0.0021230 secs] [Times: user=0.02 sys=0.00, real=0.01 secs] 
228.329: Total time for which application threads were stopped: 0.0043070 seconds, Stopping threads took: 0.0020960 seconds
228.371: Application time: 0.0422110 seconds
228.373: [GC [PSYoungGen: 49136K->6640K(49152K)] 70258K->28770K(160256K), 0.0023360 secs] [Times: user=0.01 sys=0.00, real=0.00 secs] 
228.375: Total time for which application threads were stopped: 0.0046750 seconds, Stopping threads took: 0.0022490 seconds
228.417: Application time: 0.0412060 seconds
228.419: [GC [PSYoungGen: 49136K->6656K(49152K)] 71266K->29858K(160256K), 0.0025000 secs] [Times: user=0.01 sys=0.00, real=0.00 secs] 
228.422: Total time for which application threads were stopped: 0.0048200 seconds, Stopping threads took: 0.0022180 seconds
228.463: Application time: 0.0417940 seconds
228.465: [GC [PSYoungGen: 49152K->5440K(49152K)] 72354K->28642K(160256K), 0.0017700 secs] [Times: user=0.01 sys=0.00, real=0.00 secs] 
228.466: Total time for which application threads were stopped: 0.0030670 seconds, Stopping threads took: 0.0011930 seconds
228.509: Application time: 0.0426270 seconds
228.511: [GC [PSYoungGen: 47936K->6432K(49152K)] 71138K->29634K(160256K), 0.0019650 secs] [Times: user=0.01 sys=0.00, real=0.00 secs] 
228.513: Total time for which application threads were stopped: 0.0040720 seconds, Stopping threads took: 0.0020260 seconds
228.553: Application time: 0.0401940 seconds
228.555: [GC [PSYoungGen: 48928K->6656K(49152K)] 72130K->30282K(160256K), 0.0020740 secs] [Times: user=0.01 sys=0.00, real=0.00 secs] 
228.558: Total time for which application threads were stopped: 0.0042870 seconds, Stopping threads took: 0.0021210 seconds
228.599: Application time: 0.0416680 seconds
228.602: [GC [PSYoungGen: 49152K->6656K(49152K)] 72778K->31522K(160256K), 0.0023700 secs] [Times: user=0.01 sys=0.00, real=0.00 secs] 
228.604: Total time for which application threads were stopped: 0.0048300 seconds, Stopping threads took: 0.0023710 seconds
228.643: Application time: 0.0393650 seconds
228.645: [GC [PSYoungGen: 49152K->6656K(49152K)] 74018K->32778K(160256K), 0.0023580 secs] [Times: user=0.02 sys=0.00, real=0.01 secs] 
228.648: Total time for which application threads were stopped: 0.0041190 seconds, Stopping threads took: 0.0016710 seconds
228.689: Application time: 0.0415730 seconds
228.692: [GC [PSYoungGen: 49152K->6640K(49152K)] 75274K->33350K(160256K), 0.0021330 secs] [Times: user=0.01 sys=0.00, real=0.00 secs] 
228.694: Total time for which application threads were stopped: 0.0053440 seconds, Stopping threads took: 0.0031250 seconds
228.737: Application time: 0.0422990 seconds
228.738: [GC [PSYoungGen: 49136K->5504K(49152K)] 75846K->32222K(160256K), 0.0016930 secs] [Times: user=0.01 sys=0.00, real=0.01 secs] 
228.740: Total time for which application threads were stopped: 0.0030570 seconds, Stopping threads took: 0.0012640 seconds
228.781: Application time: 0.0413330 seconds
228.784: [GC [PSYoungGen: 48000K->6560K(49152K)] 74718K->33278K(160256K), 0.0019670 secs] [Times: user=0.02 sys=0.00, real=0.00 secs] 
228.786: Total time for which application threads were stopped: 0.0045720 seconds, Stopping threads took: 0.0025220 seconds
228.827: Application time: 0.0412870 seconds
228.829: [GC [PSYoungGen: 49056K->6560K(49152K)] 75774K->33286K(160256K), 0.0019870 secs] [Times: user=0.01 sys=0.00, real=0.00 secs] 
228.831: Total time for which application threads were stopped: 0.0043970 seconds, Stopping threads took: 0.0023250 seconds
228.871: Application time: 0.0399330 seconds
228.874: [GC [PSYoungGen: 49056K->6528K(49152K)] 75782K->33262K(160256K), 0.0019550 secs] [Times: user=0.01 sys=0.00, real=0.00 secs] 
228.876: Total time for which application threads were stopped: 0.0045210 seconds, Stopping threads took: 0.0024840 seconds
228.918: Application time: 0.0425060 seconds
228.921: [GC [PSYoungGen: 49024K->5488K(49152K)] 75758K->32230K(160256K), 0.0016220 secs] [Times: user=0.01 sys=0.00, real=0.00 secs] 
228.923: Total time for which application threads were stopped: 0.0041690 seconds, Stopping threads took: 0.0024700 seconds
228.963: Application time: 0.0407360 seconds
228.965: [GC [PSYoungGen: 47984K->6368K(49152K)] 74726K->33110K(160256K), 0.0018930 secs] [Times: user=0.02 sys=0.00, real=0.01 secs] 
228.967: Total time for which application threads were stopped: 0.0035600 seconds, Stopping threads took: 0.0015840 seconds
229.009: Application time: 0.0418070 seconds
229.011: [GC [PSYoungGen: 48864K->6432K(49152K)] 75606K->33174K(160256K), 0.0018760 secs] [Times: user=0.01 sys=0.00, real=0.00 secs] 
229.013: Total time for which application threads were stopped: 0.0042920 seconds, Stopping threads took: 0.0023340 seconds
229.055: Application time: 0.0419580 seconds
229.057: [GC [PSYoungGen: 48928K->6304K(49152K)] 75670K->33046K(160256K), 0.0019480 secs] [Times: user=0.01 sys=0.00, real=0.01 secs] 
229.059: Total time for which application threads were stopped: 0.0043810 seconds, Stopping threads took: 0.0023430 seconds
229.099: Application time: 0.0393930 seconds
229.101: [GC [PSYoungGen: 48800K->6624K(49152K)] 75542K->33750K(160256K), 0.0020830 secs] [Times: user=0.02 sys=0.00, real=0.00 secs] 
229.103: Total time for which application threads were stopped: 0.0044880 seconds, Stopping threads took: 0.0023200 seconds
229.142: Application time: 0.0391820 seconds
229.145: [GC [PSYoungGen: 49119K->6624K(49152K)] 76246K->34950K(160256K), 0.0022120 secs] [Times: user=0.02 sys=0.00, real=0.01 secs] 
229.148: Total time for which application threads were stopped: 0.0051090 seconds, Stopping threads took: 0.0028170 seconds
229.190: Application time: 0.0425100 seconds
229.193: [GC [PSYoungGen: 49120K->6224K(49152K)] 77446K->34550K(160256K), 0.0018540 secs] [Times: user=0.01 sys=0.00, real=0.00 secs] 
229.195: Total time for which application threads were stopped: 0.0044860 seconds, Stopping threads took: 0.0025450 seconds
229.234: Application time: 0.0390520 seconds
229.236: [GC [PSYoungGen: 48720K->6656K(49152K)] 77046K->35878K(160256K), 0.0022580 secs] [Times: user=0.01 sys=0.00, real=0.00 secs] 
229.238: Total time for which application threads were stopped: 0.0044500 seconds, Stopping threads took: 0.0021020 seconds
229.278: Application time: 0.0404760 seconds
229.281: [GC [PSYoungGen: 49152K->6432K(49152K)] 78374K->35662K(160256K), 0.0019910 secs] [Times: user=0.01 sys=0.00, real=0.00 secs] 
229.283: Total time for which application threads were stopped: 0.0041770 seconds, Stopping threads took: 0.0021000 seconds
229.324: Application time: 0.0413010 seconds
229.326: [GC [PSYoungGen: 48928K->5712K(49152K)] 78158K->34950K(160256K), 0.0017950 secs] [Times: user=0.01 sys=0.00, real=0.01 secs] 
229.328: Total time for which application threads were stopped: 0.0036240 seconds, Stopping threads took: 0.0017450 seconds
229.368: Application time: 0.0408180 seconds
229.370: [GC [PSYoungGen: 48208K->6656K(49152K)] 77446K->35910K(160256K), 0.0020290 secs] [Times: user=0.01 sys=0.00, real=0.00 secs] 
229.372: Total time for which application threads were stopped: 0.0036940 seconds, Stopping threads took: 0.0015800 seconds
229.414: Application time: 0.0417160 seconds
229.417: [GC [PSYoungGen: 49152K->6528K(49152K)] 78406K->35798K(160256K), 0.0020510 secs] [Times: user=0.01 sys=0.00, real=0.01 secs] 
229.419: Total time for which application threads were stopped: 0.0049740 seconds, Stopping threads took: 0.0028360 seconds
229.459: Application time: 0.0406490 seconds
229.461: [GC [PSYoungGen: 49024K->6640K(49152K)] 78294K->36054K(160256K), 0.0020950 secs] [Times: user=0.02 sys=0.00, real=0.00 secs] 
229.463: Total time for which application threads were stopped: 0.0038820 seconds, Stopping threads took: 0.0017030 seconds
229.505: Application time: 0.0420820 seconds
229.508: [GC [PSYoungGen: 49136K->5792K(49152K)] 78550K->35222K(160256K), 0.0018140 secs] [Times: user=0.00 sys=0.00, real=0.00 secs] 
229.510: Total time for which application threads were stopped: 0.0046130 seconds, Stopping threads took: 0.0027130 seconds
229.552: Application time: 0.0421770 seconds
229.555: [GC [PSYoungGen: 48288K->6304K(49152K)] 77718K->35734K(160256K), 0.0018580 secs] [Times: user=0.01 sys=0.00, real=0.00 secs] 
229.556: Total time for which application threads were stopped: 0.0041750 seconds, Stopping threads took: 0.0022380 seconds
229.597: Application time: 0.0407460 seconds
229.600: [GC [PSYoungGen: 48800K->6640K(49152K)] 78230K->36070K(160256K), 0.0018560 secs] [Times: user=0.02 sys=0.00, real=0.00 secs] 
229.602: Total time for which application threads were stopped: 0.0045930 seconds, Stopping threads took: 0.0026620 seconds
229.643: Application time: 0.0413600 seconds
229.646: [GC [PSYoungGen: 49136K->6656K(49152K)] 78566K->36746K(160256K), 0.0021410 secs] [Times: user=0.01 sys=0.00, real=0.01 secs] 
229.649: Total time for which application threads were stopped: 0.0055390 seconds, Stopping threads took: 0.0033110 seconds
229.690: Application time: 0.0414680 seconds
229.691: [GC [PSYoungGen: 49152K->5248K(49152K)] 79242K->35338K(160256K), 0.0016040 secs] [Times: user=0.01 sys=0.00, real=0.00 secs] 
229.693: Total time for which application threads were stopped: 0.0029490 seconds, Stopping threads took: 0.0012640 seconds
229.735: Application time: 0.0423420 seconds
229.737: [GC [PSYoungGen: 47744K->5920K(49152K)] 77834K->36010K(160256K), 0.0019630 secs] [Times: user=0.00 sys=0.01, real=0.01 secs] 
229.739: Total time for which application threads were stopped: 0.0031550 seconds, Stopping threads took: 0.0010900 seconds
229.781: Application time: 0.0427900 seconds
229.784: [GC [PSYoungGen: 48416K->5280K(49152K)] 78506K->35386K(160256K), 0.0016830 secs] [Times: user=0.01 sys=0.00, real=0.00 secs] 
229.785: Total time for which application threads were stopped: 0.0039860 seconds, Stopping threads took: 0.0022080 seconds
229.826: Application time: 0.0410610 seconds
229.828: [GC [PSYoungGen: 47776K->6656K(49152K)] 77882K->36770K(160256K), 0.0020600 secs] [Times: user=0.01 sys=0.00, real=0.00 secs] 
229.830: Total time for which application threads were stopped: 0.0035320 seconds, Stopping threads took: 0.0013880 seconds
229.872: Application time: 0.0421300 seconds
229.875: [GC [PSYoungGen: 49152K->5376K(49152K)] 79266K->35506K(160256K), 0.0015970 secs] [Times: user=0.01 sys=0.00, real=0.00 secs] 
229.877: Total time for which application threads were stopped: 0.0044520 seconds, Stopping threads took: 0.0027760 seconds
229.918: Application time: 0.0410280 seconds
229.919: [GC [PSYoungGen: 47872K->6640K(49152K)] 78002K->36794K(160256K), 0.0020270 secs] [Times: user=0.02 sys=0.00, real=0.00 secs] 
229.921: Total time for which application threads were stopped: 0.0037960 seconds, Stopping threads took: 0.0016870 seconds
229.962: Application time: 0.0401680 seconds
229.963: [GC [PSYoungGen: 49136K->6624K(49152K)] 79290K->37002K(160256K), 0.0021250 secs] [Times: user=0.01 sys=0.00, real=0.00 secs] 
229.965: Total time for which application threads were stopped: 0.0038200 seconds, Stopping threads took: 0.0016090 seconds
230.007: Application time: 0.0416900 seconds
230.010: [GC [PSYoungGen: 49120K->6640K(49152K)] 79498K->38359K(160256K), 0.0023200 secs] [Times: user=0.02 sys=0.00, real=0.00 secs] 
230.012: Total time for which application threads were stopped: 0.0051050 seconds, Stopping threads took: 0.0026950 seconds
230.054: Application time: 0.0422300 seconds
230.057: [GC [PSYoungGen: 49136K->5920K(49152K)] 80855K->37655K(160256K), 0.0018040 secs] [Times: user=0.01 sys=0.00, real=0.01 secs] 
230.059: Total time for which application threads were stopped: 0.0043130 seconds, Stopping threads took: 0.0024350 seconds
230.101: Application time: 0.0420120 seconds
230.104: [GC [PSYoungGen: 48416K->6240K(49152K)] 80151K->37975K(160256K), 0.0018150 secs] [Times: user=0.02 sys=0.00, real=0.00 secs] 
230.106: Total time for which application threads were stopped: 0.0050290 seconds, Stopping threads took: 0.0031300 seconds
230.148: Application time: 0.0427400 seconds
230.151: [GC [PSYoungGen: 48736K->6624K(49152K)] 80471K->38359K(160256K), 0.0019600 secs] [Times: user=0.01 sys=0.00, real=0.00 secs] 
230.153: Total time for which application threads were stopped: 0.0040710 seconds, Stopping threads took: 0.0020220 seconds
230.194: Application time: 0.0415210 seconds
230.196: [GC [PSYoungGen: 49120K->5472K(49152K)] 80855K->37207K(160256K), 0.0018210 secs] [Times: user=0.01 sys=0.00, real=0.00 secs] 
230.198: Total time for which application threads were stopped: 0.0036970 seconds, Stopping threads took: 0.0017940 seconds
230.238: Application time: 0.0399950 seconds
230.240: [GC [PSYoungGen: 47968K->6656K(49152K)] 79703K->38903K(160256K), 0.0021940 secs] [Times: user=0.01 sys=0.00, real=0.00 secs] 
230.242: Total time for which application threads were stopped: 0.0040450 seconds, Stopping threads took: 0.0017580 seconds
230.283: Application time: 0.0410550 seconds
230.285: [GC [PSYoungGen: 49152K->6400K(49152K)] 81399K->38647K(160256K), 0.0019880 secs] [Times: user=0.01 sys=0.01, real=0.01 secs] 
230.287: Total time for which application threads were stopped: 0.0036810 seconds, Stopping threads took: 0.0015780 seconds
230.326: Application time: 0.0398670 seconds
230.328: [GC [PSYoungGen: 48896K->6640K(49152K)] 81143K->38919K(160256K), 0.0019620 secs] [Times: user=0.01 sys=0.00, real=0.00 secs] 
230.330: Total time for which application threads were stopped: 0.0038490 seconds, Stopping threads took: 0.0017790 seconds
230.370: Application time: 0.0400460 seconds
230.373: [GC [PSYoungGen: 49136K->6640K(49152K)] 81415K->39691K(160256K), 0.0021900 secs] [Times: user=0.02 sys=0.00, real=0.00 secs] 
230.375: Total time for which application threads were stopped: 0.0048380 seconds, Stopping threads took: 0.0025600 seconds
230.416: Application time: 0.0403840 seconds
230.417: [GC [PSYoungGen: 49136K->6640K(49152K)] 82187K->39851K(160256K), 0.0022250 secs] [Times: user=0.01 sys=0.00, real=0.01 secs] 
230.419: Total time for which application threads were stopped: 0.0034330 seconds, Stopping threads took: 0.0011260 seconds
230.457: Application time: 0.0383730 seconds
230.460: [GC [PSYoungGen: 49136K->6656K(49152K)] 82347K->41471K(160256K), 0.0024720 secs] [Times: user=0.02 sys=0.00, real=0.00 secs] 
230.462: Total time for which application threads were stopped: 0.0046840 seconds, Stopping threads took: 0.0021270 seconds
230.503: Application time: 0.0406750 seconds
230.505: [GC [PSYoungGen: 49152K->6640K(49152K)] 83967K->41863K(160256K), 0.0021820 secs] [Times: user=0.01 sys=0.00, real=0.01 secs] 
230.507: Total time for which application threads were stopped: 0.0041290 seconds, Stopping threads took: 0.0018630 seconds
230.546: Application time: 0.0395780 seconds
230.548: [GC [PSYoungGen: 49136K->6640K(49152K)] 84359K->42279K(160256K), 0.0020880 secs] [Times: user=0.02 sys=0.00, real=0.00 secs] 
230.551: Total time for which application threads were stopped: 0.0040730 seconds, Stopping threads took: 0.0019020 seconds
230.592: Application time: 0.0411280 seconds
230.593: [GC [PSYoungGen: 49136K->6496K(49152K)] 84775K->42135K(160256K), 0.0019270 secs] [Times: user=0.01 sys=0.00, real=0.00 secs] 
230.595: Total time for which application threads were stopped: 0.0037500 seconds, Stopping threads took: 0.0017430 seconds
230.637: Application time: 0.0417180 seconds
230.639: [GC [PSYoungGen: 48992K->6464K(49152K)] 84631K->42103K(160256K), 0.0019290 secs] [Times: user=0.01 sys=0.00, real=0.00 secs] 
230.641: Total time for which application threads were stopped: 0.0042700 seconds, Stopping threads took: 0.0022590 seconds
230.682: Application time: 0.0401760 seconds
230.683: [GC [PSYoungGen: 48960K->6656K(49152K)] 84599K->42351K(160256K), 0.0019970 secs] [Times: user=0.01 sys=0.00, real=0.00 secs] 
230.685: Total time for which application threads were stopped: 0.0034410 seconds, Stopping threads took: 0.0013610 seconds
230.725: Application time: 0.0400240 seconds
230.727: [GC [PSYoungGen: 49152K->6640K(49152K)] 84847K->43115K(160256K), 0.0022240 secs] [Times: user=0.02 sys=0.00, real=0.00 secs] 
230.730: Total time for which application threads were stopped: 0.0047040 seconds, Stopping threads took: 0.0023890 seconds
230.771: Application time: 0.0416550 seconds
230.773: [GC [PSYoungGen: 49135K->6624K(49152K)] 85610K->43131K(160256K), 0.0021700 secs] [Times: user=0.01 sys=0.00, real=0.00 secs] 
230.776: Total time for which application threads were stopped: 0.0041530 seconds, Stopping threads took: 0.0018870 seconds
230.816: Application time: 0.0406390 seconds
230.818: [GC [PSYoungGen: 49120K->5920K(49152K)] 85627K->42427K(160256K), 0.0018360 secs] [Times: user=0.02 sys=0.00, real=0.01 secs] 
230.820: Total time for which application threads were stopped: 0.0034060 seconds, Stopping threads took: 0.0014900 seconds
230.861: Application time: 0.0411880 seconds
230.862: [GC [PSYoungGen: 48416K->5728K(49152K)] 84923K->42243K(160256K), 0.0017120 secs] [Times: user=0.01 sys=0.00, real=0.00 secs] 
230.864: Total time for which application threads were stopped: 0.0028710 seconds, Stopping threads took: 0.0010780 seconds
230.905: Application time: 0.0417080 seconds
230.907: [GC [PSYoungGen: 48224K->6096K(49152K)] 84739K->42611K(160256K), 0.0019560 secs] [Times: user=0.00 sys=0.00, real=0.00 secs] 
230.909: Total time for which application threads were stopped: 0.0035970 seconds, Stopping threads took: 0.0015580 seconds
230.951: Application time: 0.0422340 seconds
230.953: [GC [PSYoungGen: 48592K->5504K(49152K)] 85107K->42035K(160256K), 0.0017820 secs] [Times: user=0.02 sys=0.00, real=0.00 secs] 
230.955: Total time for which application threads were stopped: 0.0039320 seconds, Stopping threads took: 0.0020480 seconds
230.995: Application time: 0.0395760 seconds
230.997: [GC [PSYoungGen: 48000K->6400K(49152K)] 84531K->42939K(160256K), 0.0019250 secs] [Times: user=0.01 sys=0.00, real=0.01 secs] 
230.999: Total time for which application threads were stopped: 0.0040260 seconds, Stopping threads took: 0.0020120 seconds
231.040: Application time: 0.0412570 seconds
231.043: [GC [PSYoungGen: 48896K->5632K(49152K)] 85435K->42187K(160256K), 0.0017120 secs] [Times: user=0.01 sys=0.00, real=0.00 secs] 
231.045: Total time for which application threads were stopped: 0.0045630 seconds, Stopping threads took: 0.0027710 seconds
231.086: Application time: 0.0414060 seconds
231.088: [GC [PSYoungGen: 48128K->5984K(49152K)] 84683K->42547K(160256K), 0.0018130 secs] [Times: user=0.02 sys=0.00, real=0.00 secs] 
231.090: Total time for which application threads were stopped: 0.0043040 seconds, Stopping threads took: 0.0023920 seconds
231.132: Application time: 0.0414340 seconds
231.134: [GC [PSYoungGen: 48480K->6416K(49152K)] 85043K->42979K(160256K), 0.0019840 secs] [Times: user=0.01 sys=0.00, real=0.00 secs] 
231.136: Total time for which application threads were stopped: 0.0045450 seconds, Stopping threads took: 0.0024800 seconds
231.177: Application time: 0.0412000 seconds
231.179: [GC [PSYoungGen: 48912K->6368K(49152K)] 85475K->42931K(160256K), 0.0019260 secs] [Times: user=0.01 sys=0.00, real=0.00 secs] 
231.181: Total time for which application threads were stopped: 0.0035590 seconds, Stopping threads took: 0.0015470 seconds
231.220: Application time: 0.0391430 seconds
231.222: [GC [PSYoungGen: 48864K->6560K(49152K)] 85427K->43123K(160256K), 0.0019460 secs] [Times: user=0.01 sys=0.00, real=0.00 secs] 
231.224: Total time for which application threads were stopped: 0.0039050 seconds, Stopping threads took: 0.0018720 seconds
231.265: Application time: 0.0407220 seconds
231.267: [GC [PSYoungGen: 49056K->6640K(49152K)] 85619K->43395K(160256K), 0.0022460 secs] [Times: user=0.01 sys=0.00, real=0.00 secs] 
231.270: Total time for which application threads were stopped: 0.0046850 seconds, Stopping threads took: 0.0023410 seconds
231.309: Application time: 0.0393600 seconds
231.311: [GC [PSYoungGen: 49136K->6640K(49152K)] 85891K->43867K(160256K), 0.0024260 secs] [Times: user=0.02 sys=0.00, real=0.00 secs] 
231.314: Total time for which application threads were stopped: 0.0048960 seconds, Stopping threads took: 0.0023730 seconds
231.355: Application time: 0.0408880 seconds
231.357: [GC [PSYoungGen: 49136K->4928K(49152K)] 86363K->42155K(160256K), 0.0014920 secs] [Times: user=0.01 sys=0.00, real=0.00 secs] 
231.358: Total time for which application threads were stopped: 0.0035750 seconds, Stopping threads took: 0.0020050 seconds
231.400: Application time: 0.0416330 seconds
231.402: [GC [PSYoungGen: 47424K->5664K(49152K)] 84651K->42899K(160256K), 0.0017070 secs] [Times: user=0.01 sys=0.00, real=0.00 secs] 
231.404: Total time for which application threads were stopped: 0.0037700 seconds, Stopping threads took: 0.0019810 seconds
231.445: Application time: 0.0415060 seconds
231.446: [GC [PSYoungGen: 48160K->5520K(49152K)] 85395K->42755K(160256K), 0.0017670 secs] [Times: user=0.01 sys=0.00, real=0.01 secs] 
231.447: Total time for which application threads were stopped: 0.0023110 seconds, Stopping threads took: 0.0004620 seconds
231.489: Application time: 0.0413990 seconds
231.491: [GC [PSYoungGen: 48016K->6176K(49152K)] 85251K->43419K(160256K), 0.0019290 secs] [Times: user=0.01 sys=0.00, real=0.00 secs] 
231.493: Total time for which application threads were stopped: 0.0038520 seconds, Stopping threads took: 0.0018400 seconds
231.533: Application time: 0.0406310 seconds
231.536: [GC [PSYoungGen: 48672K->6656K(49152K)] 85915K->45275K(160256K), 0.0023420 secs] [Times: user=0.02 sys=0.00, real=0.00 secs] 
231.538: Total time for which application threads were stopped: 0.0049220 seconds, Stopping threads took: 0.0025000 seconds
231.580: Application time: 0.0416580 seconds
231.583: [GC [PSYoungGen: 49152K->6640K(49152K)] 87771K->45283K(160256K), 0.0019280 secs] [Times: user=0.01 sys=0.00, real=0.00 secs] 
231.585: Total time for which application threads were stopped: 0.0048270 seconds, Stopping threads took: 0.0028120 seconds
231.622: Application time: 0.0377170 seconds
231.625: [GC [PSYoungGen: 49136K->6656K(49152K)] 87779K->46111K(160256K), 0.0022420 secs] [Times: user=0.02 sys=0.00, real=0.01 secs] 
231.627: Total time for which application threads were stopped: 0.0048240 seconds, Stopping threads took: 0.0025000 seconds
231.665: Application time: 0.0375680 seconds
231.667: [GC [PSYoungGen: 49152K->6016K(49152K)] 88607K->45479K(160256K), 0.0019300 secs] [Times: user=0.01 sys=0.00, real=0.00 secs] 
231.669: Total time for which application threads were stopped: 0.0042940 seconds, Stopping threads took: 0.0022800 seconds
231.706: Application time: 0.0368840 seconds
231.708: [GC [PSYoungGen: 48512K->6656K(49152K)] 87975K->46967K(160256K), 0.0022710 secs] [Times: user=0.02 sys=0.00, real=0.00 secs] 
231.710: Total time for which application threads were stopped: 0.0037530 seconds, Stopping threads took: 0.0013790 seconds
231.749: Application time: 0.0393030 seconds
231.752: [GC [PSYoungGen: 49152K->5568K(49152K)] 89463K->45879K(160256K), 0.0016840 secs] [Times: user=0.01 sys=0.00, real=0.00 secs] 
231.754: Total time for which application threads were stopped: 0.0046810 seconds, Stopping threads took: 0.0028980 seconds
231.792: Application time: 0.0386410 seconds
231.794: [GC [PSYoungGen: 48064K->5344K(49152K)] 88375K->45655K(160256K), 0.0016780 secs] [Times: user=0.01 sys=0.00, real=0.00 secs] 
231.795: Total time for which application threads were stopped: 0.0029050 seconds, Stopping threads took: 0.0011490 seconds
231.833: Application time: 0.0378320 seconds
231.835: [GC [PSYoungGen: 47840K->6656K(49152K)] 88151K->47295K(160256K), 0.0021180 secs] [Times: user=0.02 sys=0.00, real=0.00 secs] 
231.837: Total time for which application threads were stopped: 0.0036340 seconds, Stopping threads took: 0.0014250 seconds
231.876: Application time: 0.0392450 seconds
231.878: [GC [PSYoungGen: 49152K->5904K(49152K)] 89791K->46543K(160256K), 0.0017000 secs] [Times: user=0.01 sys=0.00, real=0.01 secs] 
231.880: Total time for which application threads were stopped: 0.0038140 seconds, Stopping threads took: 0.0020380 seconds
231.920: Application time: 0.0406020 seconds
231.923: [GC [PSYoungGen: 48400K->5808K(49152K)] 89039K->46455K(160256K), 0.0017220 secs] [Times: user=0.01 sys=0.00, real=0.00 secs] 
231.925: Total time for which application threads were stopped: 0.0040320 seconds, Stopping threads took: 0.0022300 seconds
231.963: Application time: 0.0381780 seconds
231.964: [GC [PSYoungGen: 48304K->6640K(49152K)] 88951K->48047K(160256K), 0.0022710 secs] [Times: user=0.02 sys=0.00, real=0.00 secs] 
231.966: Total time for which application threads were stopped: 0.0036100 seconds, Stopping threads took: 0.0012580 seconds
232.005: Application time: 0.0387810 seconds
232.007: [GC [PSYoungGen: 49136K->6656K(49152K)] 90543K->48599K(160256K), 0.0021200 secs] [Times: user=0.02 sys=0.00, real=0.00 secs] 
232.009: Total time for which application threads were stopped: 0.0040020 seconds, Stopping threads took: 0.0017990 seconds
232.048: Application time: 0.0384520 seconds
232.050: [GC [PSYoungGen: 49152K->6656K(49152K)] 91095K->49047K(160256K), 0.0021560 secs] [Times: user=0.02 sys=0.00, real=0.00 secs] 
232.052: Total time for which application threads were stopped: 0.0046170 seconds, Stopping threads took: 0.0023810 seconds
232.090: Application time: 0.0380600 seconds
232.092: [GC [PSYoungGen: 49152K->6640K(49152K)] 91543K->49255K(160256K), 0.0020530 secs] [Times: user=0.01 sys=0.00, real=0.00 secs] 
232.095: Total time for which application threads were stopped: 0.0043240 seconds, Stopping threads took: 0.0021840 seconds
232.133: Application time: 0.0385940 seconds
232.135: [GC [PSYoungGen: 49136K->5856K(49152K)] 91751K->48487K(160256K), 0.0018290 secs] [Times: user=0.02 sys=0.00, real=0.00 secs] 
232.137: Total time for which application threads were stopped: 0.0037880 seconds, Stopping threads took: 0.0018710 seconds
232.174: Application time: 0.0366650 seconds
232.175: [GC [PSYoungGen: 48352K->6656K(49152K)] 90983K->50119K(160256K), 0.0022870 secs] [Times: user=0.02 sys=0.00, real=0.00 secs] 
232.178: Total time for which application threads were stopped: 0.0041370 seconds, Stopping threads took: 0.0017380 seconds
232.215: Application time: 0.0375730 seconds
232.217: [GC [PSYoungGen: 49152K->6656K(49152K)] 92615K->50247K(160256K), 0.0020420 secs] [Times: user=0.01 sys=0.00, real=0.01 secs] 
232.219: Total time for which application threads were stopped: 0.0040920 seconds, Stopping threads took: 0.0019660 seconds
232.258: Application time: 0.0385530 seconds
232.260: [GC [PSYoungGen: 49152K->6336K(49152K)] 92743K->49927K(160256K), 0.0020260 secs] [Times: user=0.01 sys=0.00, real=0.00 secs] 
232.262: Total time for which application threads were stopped: 0.0041930 seconds, Stopping threads took: 0.0020840 seconds
232.301: Application time: 0.0391860 seconds
232.303: [GC [PSYoungGen: 48832K->5344K(49152K)] 92423K->48935K(160256K), 0.0015820 secs] [Times: user=0.02 sys=0.00, real=0.00 secs] 
232.304: Total time for which application threads were stopped: 0.0030710 seconds, Stopping threads took: 0.0014130 seconds
232.343: Application time: 0.0381330 seconds
232.344: [GC [PSYoungGen: 47840K->5728K(49152K)] 91431K->49319K(160256K), 0.0018900 secs] [Times: user=0.01 sys=0.00, real=0.00 secs] 
232.346: Total time for which application threads were stopped: 0.0035940 seconds, Stopping threads took: 0.0016220 seconds
232.386: Application time: 0.0393590 seconds
232.387: [GC [PSYoungGen: 48224K->5104K(49152K)] 91815K->48695K(160256K), 0.0017580 secs] [Times: user=0.01 sys=0.00, real=0.00 secs] 
232.388: Total time for which application threads were stopped: 0.0029560 seconds, Stopping threads took: 0.0011160 seconds
232.428: Application time: 0.0395570 seconds
232.430: [GC [PSYoungGen: 47600K->6064K(49152K)] 91191K->49655K(160256K), 0.0017870 secs] [Times: user=0.02 sys=0.00, real=0.00 secs] 
232.432: Total time for which application threads were stopped: 0.0040280 seconds, Stopping threads took: 0.0021640 seconds
232.468: Application time: 0.0360660 seconds
232.470: [GC [PSYoungGen: 48560K->6624K(49152K)] 92151K->50231K(160256K), 0.0018620 secs] [Times: user=0.02 sys=0.00, real=0.00 secs] 
232.472: Total time for which application threads were stopped: 0.0040800 seconds, Stopping threads took: 0.0021390 seconds
232.509: Application time: 0.0370890 seconds
232.511: [GC [PSYoungGen: 49120K->6640K(49152K)] 92727K->50455K(160256K), 0.0021120 secs] [Times: user=0.02 sys=0.00, real=0.00 secs] 
232.513: Total time for which application threads were stopped: 0.0040570 seconds, Stopping threads took: 0.0018640 seconds
232.552: Application time: 0.0388770 seconds
232.555: [GC [PSYoungGen: 49136K->6256K(49152K)] 92951K->50079K(160256K), 0.0018550 secs] [Times: user=0.02 sys=0.00, real=0.00 secs] 
232.557: Total time for which application threads were stopped: 0.0045490 seconds, Stopping threads took: 0.0026150 seconds
232.599: Application time: 0.0419490 seconds
232.600: [GC [PSYoungGen: 48752K->4800K(49152K)] 92575K->48647K(160256K), 0.0015370 secs] [Times: user=0.01 sys=0.00, real=0.00 secs] 
232.602: Total time for which application threads were stopped: 0.0031270 seconds, Stopping threads took: 0.0015120 seconds
232.641: Application time: 0.0390860 seconds
232.643: [GC [PSYoungGen: 47296K->6640K(49152K)] 91143K->50991K(160256K), 0.0020860 secs] [Times: user=0.01 sys=0.00, real=0.00 secs] 
232.645: Total time for which application threads were stopped: 0.0045170 seconds, Stopping threads took: 0.0023490 seconds
232.685: Application time: 0.0393530 seconds
232.687: [GC [PSYoungGen: 49136K->6640K(49152K)] 93487K->51007K(160256K), 0.0019100 secs] [Times: user=0.02 sys=0.00, real=0.00 secs] 
232.689: Total time for which application threads were stopped: 0.0038360 seconds, Stopping threads took: 0.0018500 seconds
232.728: Application time: 0.0395770 seconds
232.731: [GC [PSYoungGen: 49136K->6640K(49152K)] 93503K->51191K(160256K), 0.0019840 secs] [Times: user=0.01 sys=0.00, real=0.00 secs] 
232.733: Total time for which application threads were stopped: 0.0044980 seconds, Stopping threads took: 0.0024320 seconds
232.772: Application time: 0.0388680 seconds
232.773: [GC [PSYoungGen: 49136K->6640K(49152K)] 93687K->51359K(160256K), 0.0021060 secs] [Times: user=0.01 sys=0.00, real=0.00 secs] 
232.775: Total time for which application threads were stopped: 0.0034180 seconds, Stopping threads took: 0.0012310 seconds
232.815: Application time: 0.0398570 seconds
232.817: [GC [PSYoungGen: 49136K->5808K(49152K)] 93855K->50527K(160256K), 0.0017000 secs] [Times: user=0.01 sys=0.00, real=0.01 secs] 
232.819: Total time for which application threads were stopped: 0.0037980 seconds, Stopping threads took: 0.0020200 seconds
232.859: Application time: 0.0405740 seconds
232.860: [GC [PSYoungGen: 48304K->5808K(49152K)] 93023K->50527K(160256K), 0.0017180 secs] [Times: user=0.01 sys=0.00, real=0.00 secs] 
232.862: Total time for which application threads were stopped: 0.0023920 seconds, Stopping threads took: 0.0005840 seconds
232.903: Application time: 0.0408310 seconds
232.904: [GC [PSYoungGen: 48304K->5216K(49152K)] 93023K->49935K(160256K), 0.0015840 secs] [Times: user=0.01 sys=0.00, real=0.00 secs] 
232.906: Total time for which application threads were stopped: 0.0035100 seconds, Stopping threads took: 0.0018520 seconds
232.945: Application time: 0.0391720 seconds
232.948: [GC [PSYoungGen: 47712K->6432K(49152K)] 92431K->51151K(160256K), 0.0018760 secs] [Times: user=0.01 sys=0.00, real=0.00 secs] 
232.950: Total time for which application threads were stopped: 0.0043980 seconds, Stopping threads took: 0.0024430 seconds
232.989: Application time: 0.0390760 seconds
232.990: [GC [PSYoungGen: 48928K->5920K(49152K)] 93647K->50647K(160256K), 0.0018220 secs] [Times: user=0.01 sys=0.01, real=0.00 secs] 
232.992: Total time for which application threads were stopped: 0.0036330 seconds, Stopping threads took: 0.0017340 seconds
233.032: Application time: 0.0397490 seconds
233.033: [GC [PSYoungGen: 48416K->5856K(49152K)] 93143K->50599K(160256K), 0.0099350 secs] [Times: user=0.07 sys=0.00, real=0.01 secs] 
233.043: Total time for which application threads were stopped: 0.0109680 seconds, Stopping threads took: 0.0009540 seconds
233.084: Application time: 0.0408380 seconds
233.086: [GC [PSYoungGen: 48352K->5392K(49152K)] 93095K->50151K(160256K), 0.0016160 secs] [Times: user=0.01 sys=0.00, real=0.01 secs] 
233.088: Total time for which application threads were stopped: 0.0039110 seconds, Stopping threads took: 0.0022210 seconds
233.125: Application time: 0.0371950 seconds
233.127: [GC [PSYoungGen: 47888K->6656K(49152K)] 92647K->52703K(160256K), 0.0023470 secs] [Times: user=0.01 sys=0.00, real=0.00 secs] 
233.130: Total time for which application threads were stopped: 0.0047220 seconds, Stopping threads took: 0.0022930 seconds
233.168: Application time: 0.0384290 seconds
233.169: [GC [PSYoungGen: 49152K->6640K(49152K)] 95199K->52847K(160256K), 0.0020500 secs] [Times: user=0.02 sys=0.00, real=0.00 secs] 
233.171: Total time for which application threads were stopped: 0.0032760 seconds, Stopping threads took: 0.0011440 seconds
233.209: Application time: 0.0371540 seconds
233.211: [GC [PSYoungGen: 49136K->6640K(49152K)] 95343K->53015K(160256K), 0.0020700 secs] [Times: user=0.01 sys=0.00, real=0.00 secs] 
233.213: Total time for which application threads were stopped: 0.0043570 seconds, Stopping threads took: 0.0022090 seconds
233.252: Application time: 0.0390660 seconds
233.254: [GC [PSYoungGen: 49136K->6656K(49152K)] 95511K->54103K(160256K), 0.0022270 secs] [Times: user=0.01 sys=0.00, real=0.00 secs] 
233.256: Total time for which application threads were stopped: 0.0038680 seconds, Stopping threads took: 0.0015570 seconds
233.294: Application time: 0.0385000 seconds
233.297: [GC [PSYoungGen: 49152K->6640K(49152K)] 96599K->54447K(160256K), 0.0021710 secs] [Times: user=0.02 sys=0.00, real=0.01 secs] 
233.299: Total time for which application threads were stopped: 0.0048100 seconds, Stopping threads took: 0.0025550 seconds
233.338: Application time: 0.0387030 seconds
233.339: [GC [PSYoungGen: 49136K->6512K(49152K)] 96943K->54319K(160256K), 0.0019100 secs] [Times: user=0.02 sys=0.00, real=0.00 secs] 
233.341: Total time for which application threads were stopped: 0.0032290 seconds, Stopping threads took: 0.0012290 seconds
233.380: Application time: 0.0383910 seconds
233.382: [GC [PSYoungGen: 49008K->6640K(49152K)] 96815K->55039K(160256K), 0.0020610 secs] [Times: user=0.01 sys=0.00, real=0.00 secs] 
233.385: Total time for which application threads were stopped: 0.0050700 seconds, Stopping threads took: 0.0029120 seconds
233.422: Application time: 0.0376240 seconds
233.423: [GC [PSYoungGen: 49136K->6656K(49152K)] 97535K->55427K(160256K), 0.0021900 secs] [Times: user=0.01 sys=0.00, real=0.00 secs] 
233.426: Total time for which application threads were stopped: 0.0034880 seconds, Stopping threads took: 0.0012170 seconds
233.463: Application time: 0.0376670 seconds
233.465: [GC [PSYoungGen: 49152K->6320K(49152K)] 97923K->55091K(160256K), 0.0019690 secs] [Times: user=0.02 sys=0.00, real=0.01 secs] 
233.467: Total time for which application threads were stopped: 0.0039960 seconds, Stopping threads took: 0.0019180 seconds
233.506: Application time: 0.0383990 seconds
233.509: [GC [PSYoungGen: 48816K->6640K(49152K)] 97587K->55839K(160256K), 0.0021120 secs] [Times: user=0.01 sys=0.00, real=0.00 secs] 
233.511: Total time for which application threads were stopped: 0.0049660 seconds, Stopping threads took: 0.0027690 seconds
233.548: Application time: 0.0376930 seconds
233.550: [GC [PSYoungGen: 49136K->6640K(49152K)] 98335K->56256K(160256K), 0.0021740 secs] [Times: user=0.02 sys=0.00, real=0.00 secs] 
233.552: Total time for which application threads were stopped: 0.0033680 seconds, Stopping threads took: 0.0011120 seconds
233.589: Application time: 0.0371940 seconds
233.591: [GC [PSYoungGen: 49136K->6640K(49152K)] 98752K->56488K(160256K), 0.0020830 secs] [Times: user=0.02 sys=0.00, real=0.00 secs] 
233.593: Total time for which application threads were stopped: 0.0042000 seconds, Stopping threads took: 0.0020300 seconds
233.632: Application time: 0.0386660 seconds
233.634: [GC [PSYoungGen: 49136K->6640K(49152K)] 98984K->57044K(160256K), 0.0021740 secs] [Times: user=0.02 sys=0.00, real=0.00 secs] 
233.636: Total time for which application threads were stopped: 0.0041470 seconds, Stopping threads took: 0.0018900 seconds
233.675: Application time: 0.0393000 seconds
233.676: [GC [PSYoungGen: 49136K->6592K(49152K)] 99540K->57004K(160256K), 0.0020110 secs] [Times: user=0.02 sys=0.00, real=0.00 secs] 
233.678: Total time for which application threads were stopped: 0.0026640 seconds, Stopping threads took: 0.0005720 seconds
233.716: Application time: 0.0380550 seconds
233.718: [GC [PSYoungGen: 49088K->6640K(49152K)] 99500K->57316K(160256K), 0.0021070 secs] [Times: user=0.01 sys=0.00, real=0.01 secs] 
233.720: Total time for which application threads were stopped: 0.0041350 seconds, Stopping threads took: 0.0019320 seconds
233.760: Application time: 0.0393220 seconds
233.761: [GC [PSYoungGen: 49136K->6384K(49152K)] 99812K->57068K(160256K), 0.0019210 secs] [Times: user=0.01 sys=0.00, real=0.00 secs] 
233.763: Total time for which application threads were stopped: 0.0038080 seconds, Stopping threads took: 0.0018010 seconds
233.804: Application time: 0.0405850 seconds
233.806: [GC [PSYoungGen: 48880K->6416K(49152K)] 99564K->57100K(160256K), 0.0019630 secs] [Times: user=0.02 sys=0.00, real=0.01 secs] 
233.808: Total time for which application threads were stopped: 0.0045010 seconds, Stopping threads took: 0.0024530 seconds
233.846: Application time: 0.0379190 seconds
233.848: [GC [PSYoungGen: 48912K->5472K(49152K)] 99596K->56156K(160256K), 0.0016880 secs] [Times: user=0.01 sys=0.00, real=0.00 secs] 
233.850: Total time for which application threads were stopped: 0.0032200 seconds, Stopping threads took: 0.0014570 seconds
233.889: Application time: 0.0393450 seconds
233.891: [GC [PSYoungGen: 47968K->5504K(49152K)] 98652K->56188K(160256K), 0.0016520 secs] [Times: user=0.01 sys=0.00, real=0.00 secs] 
233.892: Total time for which application threads were stopped: 0.0033740 seconds, Stopping threads took: 0.0016370 seconds
233.931: Application time: 0.0391480 seconds
233.933: [GC [PSYoungGen: 48000K->6624K(49152K)] 98684K->57308K(160256K), 0.0020010 secs] [Times: user=0.02 sys=0.00, real=0.00 secs] 
233.935: Total time for which application threads were stopped: 0.0040300 seconds, Stopping threads took: 0.0019450 seconds
233.973: Application time: 0.0380060 seconds
233.974: [GC [PSYoungGen: 49120K->6320K(49152K)] 99804K->57004K(160256K), 0.0018840 secs] [Times: user=0.02 sys=0.00, real=0.00 secs] 
233.976: Total time for which application threads were stopped: 0.0028570 seconds, Stopping threads took: 0.0008950 seconds
234.015: Application time: 0.0383420 seconds
234.017: [GC [PSYoungGen: 48816K->6048K(49152K)] 99500K->56732K(160256K), 0.0018070 secs] [Times: user=0.01 sys=0.00, real=0.00 secs] 
234.018: Total time for which application threads were stopped: 0.0038030 seconds, Stopping threads took: 0.0019140 seconds
234.058: Application time: 0.0397120 seconds
234.061: [GC [PSYoungGen: 48544K->6336K(49152K)] 99228K->57036K(160256K), 0.0019000 secs] [Times: user=0.01 sys=0.00, real=0.00 secs] 
234.063: Total time for which application threads were stopped: 0.0044910 seconds, Stopping threads took: 0.0025090 seconds
234.102: Application time: 0.0390820 seconds
234.103: [GC [PSYoungGen: 48832K->6640K(49152K)] 99532K->57724K(160256K), 0.0021750 secs] [Times: user=0.02 sys=0.00, real=0.00 secs] 
234.106: Total time for which application threads were stopped: 0.0037780 seconds, Stopping threads took: 0.0015180 seconds
234.144: Application time: 0.0380470 seconds
234.145: [GC [PSYoungGen: 49136K->5680K(49152K)] 100220K->56772K(160256K), 0.0017940 secs] [Times: user=0.01 sys=0.00, real=0.01 secs] 
234.147: Total time for which application threads were stopped: 0.0034790 seconds, Stopping threads took: 0.0016060 seconds
234.185: Application time: 0.0379880 seconds
234.188: [GC [PSYoungGen: 48176K->6624K(49152K)] 99268K->57972K(160256K), 0.0019920 secs] [Times: user=0.02 sys=0.00, real=0.00 secs] 
234.190: Total time for which application threads were stopped: 0.0045510 seconds, Stopping threads took: 0.0024790 seconds
234.228: Application time: 0.0386700 seconds
234.230: [GC [PSYoungGen: 49120K->6624K(49152K)] 100468K->57996K(160256K), 0.0019790 secs] [Times: user=0.01 sys=0.00, real=0.00 secs] 
234.232: Total time for which application threads were stopped: 0.0036870 seconds, Stopping threads took: 0.0016280 seconds
234.269: Application time: 0.0369150 seconds
234.271: [GC [PSYoungGen: 49120K->6624K(49152K)] 100492K->58180K(160256K), 0.0019770 secs] [Times: user=0.01 sys=0.00, real=0.00 secs] 
234.273: Total time for which application threads were stopped: 0.0036800 seconds, Stopping threads took: 0.0016150 seconds
234.311: Application time: 0.0379250 seconds
234.312: [GC [PSYoungGen: 49120K->6640K(49152K)] 100676K->58732K(160256K), 0.0021710 secs] [Times: user=0.02 sys=0.00, real=0.00 secs] 
234.314: Total time for which application threads were stopped: 0.0035280 seconds, Stopping threads took: 0.0012780 seconds
234.353: Application time: 0.0392410 seconds
234.356: [GC [PSYoungGen: 49136K->6656K(49152K)] 101228K->59108K(160256K), 0.0019950 secs] [Times: user=0.01 sys=0.00, real=0.00 secs] 
234.358: Total time for which application threads were stopped: 0.0047860 seconds, Stopping threads took: 0.0027190 seconds
234.397: Application time: 0.0389140 seconds
234.398: [GC [PSYoungGen: 49152K->5440K(49152K)] 101604K->57892K(160256K), 0.0017210 secs] [Times: user=0.01 sys=0.00, real=0.01 secs] 
234.400: Total time for which application threads were stopped: 0.0032490 seconds, Stopping threads took: 0.0014350 seconds
234.437: Application time: 0.0364820 seconds
234.439: [GC [PSYoungGen: 47936K->6064K(49152K)] 100388K->58516K(160256K), 0.0017550 secs] [Times: user=0.01 sys=0.00, real=0.00 secs] 
234.440: Total time for which application threads were stopped: 0.0036820 seconds, Stopping threads took: 0.0018460 seconds
234.478: Application time: 0.0371610 seconds
234.479: [GC [PSYoungGen: 48560K->6656K(49152K)] 101012K->59380K(160256K), 0.0022550 secs] [Times: user=0.01 sys=0.00, real=0.00 secs] 
234.481: Total time for which application threads were stopped: 0.0037280 seconds, Stopping threads took: 0.0013610 seconds
234.519: Application time: 0.0381030 seconds
234.521: [GC [PSYoungGen: 49152K->6656K(49152K)] 101876K->60320K(160256K), 0.0024010 secs] [Times: user=0.02 sys=0.00, real=0.00 secs] 
234.523: Total time for which application threads were stopped: 0.0040120 seconds, Stopping threads took: 0.0015310 seconds
234.562: Application time: 0.0387740 seconds
234.564: [GC [PSYoungGen: 49152K->5824K(49152K)] 102816K->59504K(160256K), 0.0017240 secs] [Times: user=0.01 sys=0.00, real=0.00 secs] 
234.566: Total time for which application threads were stopped: 0.0039610 seconds, Stopping threads took: 0.0021430 seconds
234.604: Application time: 0.0381850 seconds
234.607: [GC [PSYoungGen: 48320K->6624K(49152K)] 102000K->61144K(160256K), 0.0022890 secs] [Times: user=0.02 sys=0.00, real=0.00 secs] 
234.609: Total time for which application threads were stopped: 0.0049650 seconds, Stopping threads took: 0.0025930 seconds
234.648: Application time: 0.0383120 seconds
234.650: [GC [PSYoungGen: 49120K->6304K(49152K)] 103640K->60832K(160256K), 0.0018520 secs] [Times: user=0.01 sys=0.00, real=0.00 secs] 
234.652: Total time for which application threads were stopped: 0.0043560 seconds, Stopping threads took: 0.0024220 seconds
234.690: Application time: 0.0376560 seconds
234.691: [GC [PSYoungGen: 48798K->6176K(49152K)] 103326K->60704K(160256K), 0.0018590 secs] [Times: user=0.01 sys=0.00, real=0.00 secs] 
234.693: Total time for which application threads were stopped: 0.0034890 seconds, Stopping threads took: 0.0015530 seconds
234.732: Application time: 0.0390720 seconds
234.735: [GC [PSYoungGen: 48672K->6640K(49152K)] 103200K->61536K(160256K), 0.0020870 secs] [Times: user=0.01 sys=0.00, real=0.00 secs] 
234.737: Total time for which application threads were stopped: 0.0044990 seconds, Stopping threads took: 0.0023350 seconds
234.776: Application time: 0.0393150 seconds
234.778: [GC [PSYoungGen: 49136K->6016K(49152K)] 104032K->60912K(160256K), 0.0017440 secs] [Times: user=0.01 sys=0.00, real=0.01 secs] 
234.780: Total time for which application threads were stopped: 0.0039050 seconds, Stopping threads took: 0.0020830 seconds
234.819: Application time: 0.0389800 seconds
234.823: [GC [PSYoungGen: 48512K->5408K(49152K)] 103408K->60312K(160256K), 0.0016570 secs] [Times: user=0.01 sys=0.00, real=0.00 secs] 
234.824: Total time for which application threads were stopped: 0.0054200 seconds, Stopping threads took: 0.0036840 seconds
234.864: Application time: 0.0396080 seconds
234.867: [GC [PSYoungGen: 47904K->5888K(49152K)] 102808K->60792K(160256K), 0.0017380 secs] [Times: user=0.01 sys=0.00, real=0.00 secs] 
234.869: Total time for which application threads were stopped: 0.0046250 seconds, Stopping threads took: 0.0028100 seconds
234.907: Application time: 0.0383700 seconds
234.909: [GC [PSYoungGen: 48384K->6640K(49152K)] 103288K->61608K(160256K), 0.0022090 secs] [Times: user=0.01 sys=0.00, real=0.00 secs] 
234.911: Total time for which application threads were stopped: 0.0045020 seconds, Stopping threads took: 0.0022000 seconds
234.949: Application time: 0.0376900 seconds
234.950: [GC [PSYoungGen: 49136K->6640K(49152K)] 104104K->61608K(160256K), 0.0020440 secs] [Times: user=0.01 sys=0.00, real=0.00 secs] 
234.952: Total time for which application threads were stopped: 0.0032620 seconds, Stopping threads took: 0.0011330 seconds
234.990: Application time: 0.0372210 seconds
234.991: [GC [PSYoungGen: 49136K->6640K(49152K)] 104104K->62480K(160256K), 0.0022740 secs] [Times: user=0.02 sys=0.00, real=0.00 secs] 
234.993: Total time for which application threads were stopped: 0.0038070 seconds, Stopping threads took: 0.0014460 seconds
235.033: Application time: 0.0396020 seconds
235.036: [GC [PSYoungGen: 49136K->6336K(49152K)] 104976K->62176K(160256K), 0.0017890 secs] [Times: user=0.01 sys=0.00, real=0.00 secs] 
235.038: Total time for which application threads were stopped: 0.0048760 seconds, Stopping threads took: 0.0030020 seconds
235.079: Application time: 0.0408950 seconds
235.080: [GC [PSYoungGen: 48832K->5152K(49152K)] 104672K->60992K(160256K), 0.0015440 secs] [Times: user=0.01 sys=0.00, real=0.00 secs] 
235.082: Total time for which application threads were stopped: 0.0029190 seconds, Stopping threads took: 0.0012990 seconds
235.122: Application time: 0.0406270 seconds
235.124: [GC [PSYoungGen: 47648K->3984K(49152K)] 103488K->59824K(160256K), 0.0012670 secs] [Times: user=0.01 sys=0.00, real=0.00 secs] 
235.125: Total time for which application threads were stopped: 0.0025900 seconds, Stopping threads took: 0.0012520 seconds
235.165: Application time: 0.0399680 seconds
235.166: [GC [PSYoungGen: 46480K->5232K(49152K)] 102320K->61080K(160256K), 0.0016240 secs] [Times: user=0.01 sys=0.00, real=0.01 secs] 
235.168: Total time for which application threads were stopped: 0.0031710 seconds, Stopping threads took: 0.0014720 seconds
235.207: Application time: 0.0388560 seconds
235.209: [GC [PSYoungGen: 47728K->6208K(49152K)] 103576K->62072K(160256K), 0.0018890 secs] [Times: user=0.02 sys=0.00, real=0.00 secs] 
235.210: Total time for which application threads were stopped: 0.0034760 seconds, Stopping threads took: 0.0015090 seconds
235.250: Application time: 0.0400360 seconds
235.252: [GC [PSYoungGen: 48704K->6144K(49152K)] 104568K->62016K(160256K), 0.0018600 secs] [Times: user=0.01 sys=0.00, real=0.00 secs] 
235.254: Total time for which application threads were stopped: 0.0037550 seconds, Stopping threads took: 0.0018150 seconds
235.295: Application time: 0.0403920 seconds
235.297: [GC [PSYoungGen: 48640K->5536K(49152K)] 104512K->61408K(160256K), 0.0018220 secs] [Times: user=0.01 sys=0.00, real=0.00 secs] 
235.298: Total time for which application threads were stopped: 0.0037650 seconds, Stopping threads took: 0.0018660 seconds
235.338: Application time: 0.0391440 seconds
235.340: [GC [PSYoungGen: 48032K->6080K(49152K)] 103904K->61960K(160256K), 0.0018240 secs] [Times: user=0.01 sys=0.00, real=0.00 secs] 
235.342: Total time for which application threads were stopped: 0.0045390 seconds, Stopping threads took: 0.0026370 seconds
235.380: Application time: 0.0380130 seconds
235.382: [GC [PSYoungGen: 48576K->6544K(49152K)] 104456K->62440K(160256K), 0.0018830 secs] [Times: user=0.01 sys=0.00, real=0.00 secs] 
235.384: Total time for which application threads were stopped: 0.0040330 seconds, Stopping threads took: 0.0020720 seconds
235.423: Application time: 0.0392160 seconds
235.425: [GC [PSYoungGen: 49040K->6400K(49152K)] 104936K->62296K(160256K), 0.0019740 secs] [Times: user=0.02 sys=0.00, real=0.01 secs] 
235.427: Total time for which application threads were stopped: 0.0037180 seconds, Stopping threads took: 0.0016530 seconds
235.466: Application time: 0.0385960 seconds
235.467: [GC [PSYoungGen: 48896K->6240K(49152K)] 104792K->62136K(160256K), 0.0018720 secs] [Times: user=0.01 sys=0.00, real=0.00 secs] 
235.469: Total time for which application threads were stopped: 0.0034790 seconds, Stopping threads took: 0.0015320 seconds
235.508: Application time: 0.0392710 seconds
235.511: [GC [PSYoungGen: 48736K->6640K(49152K)] 104632K->62536K(160256K), 0.0019480 secs] [Times: user=0.02 sys=0.00, real=0.00 secs] 
235.513: Total time for which application threads were stopped: 0.0043270 seconds, Stopping threads took: 0.0023070 seconds
235.552: Application time: 0.0397300 seconds
235.554: [GC [PSYoungGen: 49136K->5552K(49152K)] 105032K->61448K(160256K), 0.0017030 secs] [Times: user=0.01 sys=0.00, real=0.00 secs] 
235.556: Total time for which application threads were stopped: 0.0033990 seconds, Stopping threads took: 0.0016170 seconds
235.594: Application time: 0.0383400 seconds
235.597: [GC [PSYoungGen: 48048K->6640K(49152K)] 103944K->63032K(160256K), 0.0022090 secs] [Times: user=0.01 sys=0.00, real=0.01 secs] 
235.600: Total time for which application threads were stopped: 0.0052930 seconds, Stopping threads took: 0.0030030 seconds
235.641: Application time: 0.0412620 seconds
235.642: [GC [PSYoungGen: 49136K->6528K(49152K)] 105528K->62928K(160256K), 0.0020110 secs] [Times: user=0.02 sys=0.00, real=0.00 secs] 
235.644: Total time for which application threads were stopped: 0.0034880 seconds, Stopping threads took: 0.0013900 seconds
235.686: Application time: 0.0420900 seconds
235.689: [GC [PSYoungGen: 49024K->6640K(49152K)] 105424K->63080K(160256K), 0.0021230 secs] [Times: user=0.02 sys=0.00, real=0.00 secs] 
235.691: Total time for which application threads were stopped: 0.0045630 seconds, Stopping threads took: 0.0023620 seconds
235.735: Application time: 0.0437250 seconds
235.737: [GC [PSYoungGen: 49136K->6640K(49152K)] 105576K->63504K(160256K), 0.0021580 secs] [Times: user=0.01 sys=0.01, real=0.01 secs] 
235.739: Total time for which application threads were stopped: 0.0041610 seconds, Stopping threads took: 0.0019250 seconds
235.782: Application time: 0.0427800 seconds
235.785: [GC [PSYoungGen: 49136K->6640K(49152K)] 106000K->63784K(160256K), 0.0020610 secs] [Times: user=0.02 sys=0.00, real=0.01 secs] 
235.787: Total time for which application threads were stopped: 0.0051970 seconds, Stopping threads took: 0.0030520 seconds
235.826: Application time: 0.0396630 seconds
235.828: [GC [PSYoungGen: 49136K->6656K(49152K)] 106280K->64484K(160256K), 0.0022880 secs] [Times: user=0.01 sys=0.00, real=0.00 secs] 
235.830: Total time for which application threads were stopped: 0.0039450 seconds, Stopping threads took: 0.0015720 seconds
235.871: Application time: 0.0409290 seconds
235.874: [GC [PSYoungGen: 49151K->6624K(49152K)] 106979K->64508K(160256K), 0.0020470 secs] [Times: user=0.02 sys=0.00, real=0.00 secs] 
235.876: Total time for which application threads were stopped: 0.0045390 seconds, Stopping threads took: 0.0024050 seconds
235.919: Application time: 0.0427010 seconds
235.919: [GC [PSYoungGen: 49120K->5680K(49152K)] 107004K->63572K(160256K), 0.0018600 secs] [Times: user=0.01 sys=0.00, real=0.00 secs] 
235.921: Total time for which application threads were stopped: 0.0023690 seconds, Stopping threads took: 0.0004260 seconds
235.964: Application time: 0.0433530 seconds
235.966: [GC [PSYoungGen: 48176K->6608K(49152K)] 106068K->64500K(160256K), 0.0020500 secs] [Times: user=0.02 sys=0.00, real=0.01 secs] 
235.968: Total time for which application threads were stopped: 0.0038190 seconds, Stopping threads took: 0.0016750 seconds
236.010: Application time: 0.0420440 seconds
236.011: [GC [PSYoungGen: 49104K->6544K(49152K)] 106996K->64436K(160256K), 0.0020150 secs] [Times: user=0.01 sys=0.00, real=0.00 secs] 
236.014: Total time for which application threads were stopped: 0.0033110 seconds, Stopping threads took: 0.0012160 seconds
236.056: Application time: 0.0428520 seconds
236.058: [GC [PSYoungGen: 49040K->5440K(49152K)] 106932K->63332K(160256K), 0.0017520 secs] [Times: user=0.01 sys=0.00, real=0.01 secs] 
236.060: Total time for which application threads were stopped: 0.0038480 seconds, Stopping threads took: 0.0020150 seconds
236.101: Application time: 0.0408110 seconds
236.103: [GC [PSYoungGen: 47936K->6640K(49152K)] 105828K->64564K(160256K), 0.0020850 secs] [Times: user=0.02 sys=0.00, real=0.00 secs] 
236.105: Total time for which application threads were stopped: 0.0039740 seconds, Stopping threads took: 0.0018010 seconds
236.145: Application time: 0.0398830 seconds
236.147: [GC [PSYoungGen: 49136K->6624K(49152K)] 107060K->64888K(160256K), 0.0021560 secs] [Times: user=0.01 sys=0.00, real=0.00 secs] 
236.149: Total time for which application threads were stopped: 0.0041010 seconds, Stopping threads took: 0.0018630 seconds
236.188: Application time: 0.0391330 seconds
236.190: [GC [PSYoungGen: 49120K->6640K(49152K)] 107384K->65872K(160256K), 0.0022700 secs] [Times: user=0.02 sys=0.00, real=0.00 secs] 
236.192: Total time for which application threads were stopped: 0.0043490 seconds, Stopping threads took: 0.0019900 seconds
236.233: Application time: 0.0407080 seconds
236.236: [GC [PSYoungGen: 49136K->6624K(49152K)] 108368K->66016K(160256K), 0.0021720 secs] [Times: user=0.01 sys=0.00, real=0.00 secs] 
236.238: Total time for which application threads were stopped: 0.0048140 seconds, Stopping threads took: 0.0025260 seconds
236.278: Application time: 0.0403180 seconds
236.281: [GC [PSYoungGen: 49120K->6640K(49152K)] 108512K->66392K(160256K), 0.0021490 secs] [Times: user=0.01 sys=0.00, real=0.00 secs] 
236.283: Total time for which application threads were stopped: 0.0049600 seconds, Stopping threads took: 0.0027260 seconds
236.324: Application time: 0.0408640 seconds
236.326: [GC [PSYoungGen: 49136K->6640K(49152K)] 108888K->66600K(160256K), 0.0020600 secs] [Times: user=0.01 sys=0.00, real=0.01 secs] 
236.328: Total time for which application threads were stopped: 0.0035500 seconds, Stopping threads took: 0.0014010 seconds
236.368: Application time: 0.0403630 seconds
236.370: [GC [PSYoungGen: 49136K->6640K(49152K)] 109096K->66688K(160256K), 0.0021080 secs] [Times: user=0.01 sys=0.00, real=0.00 secs] 
236.372: Total time for which application threads were stopped: 0.0037850 seconds, Stopping threads took: 0.0015960 seconds
236.414: Application time: 0.0417800 seconds
236.416: [GC [PSYoungGen: 49136K->6192K(49152K)] 109184K->66240K(160256K), 0.0019060 secs] [Times: user=0.02 sys=0.00, real=0.00 secs] 
236.418: Total time for which application threads were stopped: 0.0046070 seconds, Stopping threads took: 0.0026200 seconds
236.459: Application time: 0.0412230 seconds
236.461: [GC [PSYoungGen: 48688K->6560K(49152K)] 108736K->66616K(160256K), 0.0019930 secs] [Times: user=0.01 sys=0.00, real=0.00 secs] 
236.463: Total time for which application threads were stopped: 0.0033820 seconds, Stopping threads took: 0.0013030 seconds
236.506: Application time: 0.0435230 seconds
236.508: [GC [PSYoungGen: 49056K->6640K(49152K)] 109112K->67400K(160256K), 0.0022490 secs] [Times: user=0.01 sys=0.00, real=0.00 secs] 
236.510: Total time for which application threads were stopped: 0.0040260 seconds, Stopping threads took: 0.0016850 seconds
236.552: Application time: 0.0411390 seconds
236.553: [GC [PSYoungGen: 49136K->6320K(49152K)] 109896K->67080K(160256K), 0.0020220 secs] [Times: user=0.01 sys=0.00, real=0.00 secs] 
236.555: Total time for which application threads were stopped: 0.0038810 seconds, Stopping threads took: 0.0017540 seconds
236.598: Application time: 0.0423230 seconds
236.600: [GC [PSYoungGen: 48816K->6544K(49152K)] 109576K->67304K(160256K), 0.0020040 secs] [Times: user=0.02 sys=0.00, real=0.00 secs] 
236.602: Total time for which application threads were stopped: 0.0046660 seconds, Stopping threads took: 0.0025780 seconds
236.643: Application time: 0.0410650 seconds
236.646: [GC [PSYoungGen: 49040K->5920K(49152K)] 109800K->66680K(160256K), 0.0017880 secs] [Times: user=0.01 sys=0.00, real=0.01 secs] 
236.648: Total time for which application threads were stopped: 0.0044240 seconds, Stopping threads took: 0.0025490 seconds
236.690: Application time: 0.0419040 seconds
236.692: [GC [PSYoungGen: 48416K->6640K(49152K)] 109176K->67440K(160256K), 0.0020200 secs] [Times: user=0.01 sys=0.00, real=0.00 secs] 
236.695: Total time for which application threads were stopped: 0.0046810 seconds, Stopping threads took: 0.0025850 seconds
236.738: Application time: 0.0439830 seconds
236.741: [GC [PSYoungGen: 49135K->6592K(49152K)] 109936K->67392K(160256K), 0.0019570 secs] [Times: user=0.02 sys=0.00, real=0.00 secs] 
236.743: Total time for which application threads were stopped: 0.0042600 seconds, Stopping threads took: 0.0022200 seconds
236.785: Application time: 0.0425540 seconds
236.787: [GC [PSYoungGen: 49088K->5312K(49152K)] 109888K->66120K(160256K), 0.0016760 secs] [Times: user=0.01 sys=0.00, real=0.00 secs] 
236.789: Total time for which application threads were stopped: 0.0033580 seconds, Stopping threads took: 0.0016000 seconds
236.829: Application time: 0.0403450 seconds
236.831: [GC [PSYoungGen: 47808K->6624K(49152K)] 108616K->67440K(160256K), 0.0020590 secs] [Times: user=0.01 sys=0.00, real=0.00 secs] 
236.833: Total time for which application threads were stopped: 0.0038430 seconds, Stopping threads took: 0.0017010 seconds
236.875: Application time: 0.0416960 seconds
236.877: [GC [PSYoungGen: 49120K->6640K(49152K)] 109936K->67624K(160256K), 0.0020830 secs] [Times: user=0.01 sys=0.00, real=0.01 secs] 
236.879: Total time for which application threads were stopped: 0.0041150 seconds, Stopping threads took: 0.0019540 seconds
236.919: Application time: 0.0403650 seconds
236.921: [GC [PSYoungGen: 49136K->6624K(49152K)] 110120K->67720K(160256K), 0.0021310 secs] [Times: user=0.01 sys=0.00, real=0.00 secs] 
236.923: Total time for which application threads were stopped: 0.0041520 seconds, Stopping threads took: 0.0019210 seconds
236.964: Application time: 0.0407830 seconds
236.967: [GC [PSYoungGen: 49120K->6624K(49152K)] 110216K->67720K(160256K), 0.0020550 secs] [Times: user=0.01 sys=0.00, real=0.00 secs] 
236.969: Total time for which application threads were stopped: 0.0049740 seconds, Stopping threads took: 0.0028340 seconds
237.010: Application time: 0.0408650 seconds
237.012: [GC [PSYoungGen: 49120K->6480K(49152K)] 110216K->67592K(160256K), 0.0020730 secs] [Times: user=0.02 sys=0.00, real=0.00 secs] 
237.014: Total time for which application threads were stopped: 0.0038260 seconds, Stopping threads took: 0.0016600 seconds
237.053: Application time: 0.0395430 seconds
237.055: [GC [PSYoungGen: 48976K->6624K(49152K)] 110088K->67928K(160256K), 0.0021550 secs] [Times: user=0.01 sys=0.00, real=0.00 secs] 
237.057: Total time for which application threads were stopped: 0.0038860 seconds, Stopping threads took: 0.0016450 seconds
237.097: Application time: 0.0399740 seconds
237.100: [GC [PSYoungGen: 49120K->6640K(49152K)] 110424K->68472K(160256K), 0.0022030 secs] [Times: user=0.02 sys=0.00, real=0.00 secs] 
237.102: Total time for which application threads were stopped: 0.0050160 seconds, Stopping threads took: 0.0027200 seconds
237.144: Application time: 0.0414450 seconds
237.146: [GC [PSYoungGen: 49136K->5952K(49152K)] 110968K->67784K(160256K), 0.0017630 secs] [Times: user=0.01 sys=0.00, real=0.01 secs] 
237.147: Total time for which application threads were stopped: 0.0039670 seconds, Stopping threads took: 0.0021230 seconds
237.189: Application time: 0.0416970 seconds
237.192: [GC [PSYoungGen: 48448K->5824K(49152K)] 110280K->67656K(160256K), 0.0017460 secs] [Times: user=0.01 sys=0.01, real=0.00 secs] 
237.194: Total time for which application threads were stopped: 0.0047970 seconds, Stopping threads took: 0.0029750 seconds
237.235: Application time: 0.0411840 seconds
237.237: [GC [PSYoungGen: 48320K->6256K(49152K)] 110152K->68088K(160256K), 0.0019210 secs] [Times: user=0.01 sys=0.00, real=0.01 secs] 
237.239: Total time for which application threads were stopped: 0.0037620 seconds, Stopping threads took: 0.0017580 seconds
237.281: Application time: 0.0416120 seconds
237.283: [GC [PSYoungGen: 48751K->5424K(49152K)] 110584K->67264K(160256K), 0.0015820 secs] [Times: user=0.01 sys=0.00, real=0.00 secs] 
237.285: Total time for which application threads were stopped: 0.0044050 seconds, Stopping threads took: 0.0027410 seconds
237.327: Application time: 0.0423150 seconds
237.330: [GC [PSYoungGen: 47920K->5280K(49152K)] 109760K->67120K(160256K), 0.0017400 secs] [Times: user=0.01 sys=0.00, real=0.00 secs] 
237.332: Total time for which application threads were stopped: 0.0045400 seconds, Stopping threads took: 0.0027250 seconds
237.370: Application time: 0.0385200 seconds
237.374: [GC [PSYoungGen: 47776K->6640K(49152K)] 109616K->69032K(160256K), 0.0021030 secs] [Times: user=0.01 sys=0.00, real=0.00 secs] 
237.376: Total time for which application threads were stopped: 0.0054710 seconds, Stopping threads took: 0.0032810 seconds
237.415: Application time: 0.0388860 seconds
237.417: [GC [PSYoungGen: 49136K->6624K(49152K)] 111528K->70320K(160256K), 0.0026490 secs] [Times: user=0.02 sys=0.00, real=0.01 secs] 
237.420: Total time for which application threads were stopped: 0.0054610 seconds, Stopping threads took: 0.0027230 seconds
237.458: Application time: 0.0380230 seconds
237.461: [GC [PSYoungGen: 49120K->6640K(49152K)] 112816K->71496K(160256K), 0.0026110 secs] [Times: user=0.02 sys=0.00, real=0.00 secs] 
237.464: Total time for which application threads were stopped: 0.0055330 seconds, Stopping threads took: 0.0028050 seconds
237.504: Application time: 0.0404350 seconds
237.507: [GC [PSYoungGen: 49136K->6640K(49152K)] 113992K->71640K(160256K), 0.0021670 secs] [Times: user=0.02 sys=0.00, real=0.00 secs] 
237.509: Total time for which application threads were stopped: 0.0048400 seconds, Stopping threads took: 0.0025890 seconds
237.549: Application time: 0.0403240 seconds
237.551: [GC [PSYoungGen: 49136K->6640K(49152K)] 114136K->71680K(160256K), 0.0022860 secs] [Times: user=0.01 sys=0.00, real=0.00 secs] 
237.554: Total time for which application threads were stopped: 0.0042300 seconds, Stopping threads took: 0.0018420 seconds
237.594: Application time: 0.0400850 seconds
237.596: [GC [PSYoungGen: 49136K->6624K(49152K)] 114176K->72512K(160256K), 0.0024580 secs] [Times: user=0.02 sys=0.00, real=0.00 secs] 
237.598: Total time for which application threads were stopped: 0.0044300 seconds, Stopping threads took: 0.0018850 seconds
237.640: Application time: 0.0415650 seconds
237.642: [GC [PSYoungGen: 49120K->6656K(49152K)] 115008K->73264K(160256K), 0.0022280 secs] [Times: user=0.02 sys=0.00, real=0.00 secs] 
237.644: Total time for which application threads were stopped: 0.0048000 seconds, Stopping threads took: 0.0024850 seconds
237.685: Application time: 0.0407380 seconds
237.688: [GC [PSYoungGen: 49152K->6656K(49152K)] 115760K->74160K(160256K), 0.0024240 secs] [Times: user=0.01 sys=0.00, real=0.00 secs] 
237.690: Total time for which application threads were stopped: 0.0051800 seconds, Stopping threads took: 0.0026720 seconds
237.730: Application time: 0.0396460 seconds
237.732: [GC [PSYoungGen: 49152K->6624K(49152K)] 116656K->74304K(160256K), 0.0021100 secs] [Times: user=0.01 sys=0.00, real=0.00 secs] 
237.734: Total time for which application threads were stopped: 0.0038640 seconds, Stopping threads took: 0.0016690 seconds
237.775: Application time: 0.0413300 seconds
237.778: [GC [PSYoungGen: 49120K->6624K(49152K)] 116800K->75244K(160256K), 0.0023270 secs] [Times: user=0.01 sys=0.00, real=0.01 secs] 
237.781: Total time for which application threads were stopped: 0.0053480 seconds, Stopping threads took: 0.0029340 seconds
237.823: Application time: 0.0429080 seconds
237.825: [GC [PSYoungGen: 49120K->6480K(49152K)] 117740K->75108K(160256K), 0.0019620 secs] [Times: user=0.02 sys=0.00, real=0.01 secs] 
237.827: Total time for which application threads were stopped: 0.0038990 seconds, Stopping threads took: 0.0018530 seconds
237.867: Application time: 0.0401040 seconds
237.871: [GC [PSYoungGen: 48976K->6640K(49152K)] 117604K->76676K(160256K), 0.0023190 secs] [Times: user=0.02 sys=0.00, real=0.00 secs] 
237.873: Total time for which application threads were stopped: 0.0055630 seconds, Stopping threads took: 0.0031590 seconds
237.915: Application time: 0.0419360 seconds
237.918: [GC [PSYoungGen: 49136K->6656K(49152K)] 119172K->76732K(160256K), 0.0021290 secs] [Times: user=0.01 sys=0.00, real=0.01 secs] 
237.920: Total time for which application threads were stopped: 0.0048870 seconds, Stopping threads took: 0.0026770 seconds
237.961: Application time: 0.0410580 seconds
237.963: [GC [PSYoungGen: 49152K->5728K(49152K)] 119228K->75812K(160256K), 0.0017430 secs] [Times: user=0.01 sys=0.00, real=0.00 secs] 
237.965: Total time for which application threads were stopped: 0.0042770 seconds, Stopping threads took: 0.0024520 seconds
238.007: Application time: 0.0420870 seconds
238.008: [GC [PSYoungGen: 48224K->6624K(49152K)] 118308K->76732K(160256K), 0.0023050 secs] [Times: user=0.00 sys=0.00, real=0.00 secs] 
238.011: Total time for which application threads were stopped: 0.0033460 seconds, Stopping threads took: 0.0009520 seconds
238.051: Application time: 0.0405460 seconds
238.054: [GC [PSYoungGen: 49120K->6480K(49152K)] 119228K->76588K(160256K), 0.0019510 secs] [Times: user=0.01 sys=0.00, real=0.00 secs] 
238.056: Total time for which application threads were stopped: 0.0050170 seconds, Stopping threads took: 0.0029750 seconds
238.097: Application time: 0.0411680 seconds
238.099: [GC [PSYoungGen: 48976K->6656K(49152K)] 119084K->78301K(160256K), 0.0024630 secs] [Times: user=0.01 sys=0.00, real=0.00 secs] 
238.102: Total time for which application threads were stopped: 0.0043210 seconds, Stopping threads took: 0.0017680 seconds
238.144: Application time: 0.0421930 seconds
238.147: [GC [PSYoungGen: 49152K->5952K(49152K)] 120797K->77597K(160256K), 0.0018110 secs] [Times: user=0.01 sys=0.00, real=0.00 secs] 
238.149: Total time for which application threads were stopped: 0.0048260 seconds, Stopping threads took: 0.0029320 seconds
238.189: Application time: 0.0400970 seconds
238.191: [GC [PSYoungGen: 48448K->5952K(49152K)] 120093K->77597K(160256K), 0.0017800 secs] [Times: user=0.01 sys=0.00, real=0.00 secs] 
238.193: Total time for which application threads were stopped: 0.0043810 seconds, Stopping threads took: 0.0025230 seconds
238.234: Application time: 0.0412670 seconds
238.237: [GC [PSYoungGen: 48448K->6656K(49152K)] 120093K->78957K(160256K), 0.0024280 secs] [Times: user=0.02 sys=0.00, real=0.01 secs] 
238.240: Total time for which application threads were stopped: 0.0054310 seconds, Stopping threads took: 0.0029010 seconds
238.284: Application time: 0.0444660 seconds
238.287: [GC [PSYoungGen: 49152K->5504K(49152K)] 121453K->77805K(160256K), 0.0017810 secs] [Times: user=0.01 sys=0.00, real=0.00 secs] 
238.289: Total time for which application threads were stopped: 0.0045430 seconds, Stopping threads took: 0.0026720 seconds
238.336: Application time: 0.0470530 seconds
238.338: [GC [PSYoungGen: 48000K->4000K(49152K)] 120301K->76301K(160256K), 0.0012410 secs] [Times: user=0.01 sys=0.00, real=0.01 secs] 
238.339: Total time for which application threads were stopped: 0.0030620 seconds, Stopping threads took: 0.0017470 seconds
238.381: Application time: 0.0418790 seconds
238.384: [GC [PSYoungGen: 46496K->5888K(49152K)] 118797K->78197K(160256K), 0.0018430 secs] [Times: user=0.01 sys=0.00, real=0.00 secs] 
238.386: Total time for which application threads were stopped: 0.0046630 seconds, Stopping threads took: 0.0027320 seconds
238.425: Application time: 0.0395020 seconds
238.427: [GC [PSYoungGen: 48384K->6624K(49152K)] 120693K->80029K(160256K), 0.0025520 secs] [Times: user=0.02 sys=0.00, real=0.00 secs] 
238.430: Total time for which application threads were stopped: 0.0047610 seconds, Stopping threads took: 0.0021200 seconds
238.471: Application time: 0.0410410 seconds
238.473: [GC [PSYoungGen: 49120K->4640K(49152K)] 122525K->78053K(160256K), 0.0015300 secs] [Times: user=0.01 sys=0.00, real=0.00 secs] 
238.474: Total time for which application threads were stopped: 0.0033240 seconds, Stopping threads took: 0.0017160 seconds
238.515: Application time: 0.0411660 seconds
238.518: [GC [PSYoungGen: 47136K->6624K(49152K)] 120549K->80517K(160256K), 0.0023010 secs] [Times: user=0.01 sys=0.00, real=0.01 secs] 
238.520: Total time for which application threads were stopped: 0.0044920 seconds, Stopping threads took: 0.0021090 seconds
238.562: Application time: 0.0417800 seconds
238.564: [GC [PSYoungGen: 49120K->6208K(49152K)] 123013K->80109K(160256K), 0.0019280 secs] [Times: user=0.02 sys=0.00, real=0.00 secs] 
238.566: Total time for which application threads were stopped: 0.0043250 seconds, Stopping threads took: 0.0023030 seconds
238.607: Application time: 0.0412400 seconds
238.610: [GC [PSYoungGen: 48704K->5632K(49152K)] 122605K->79541K(160256K), 0.0017820 secs] [Times: user=0.02 sys=0.00, real=0.00 secs] 
238.611: Total time for which application threads were stopped: 0.0041550 seconds, Stopping threads took: 0.0022960 seconds
238.653: Application time: 0.0419290 seconds
238.656: [GC [PSYoungGen: 48128K->6512K(49152K)] 122037K->80429K(160256K), 0.0018700 secs] [Times: user=0.01 sys=0.00, real=0.00 secs] 
238.658: Total time for which application threads were stopped: 0.0043060 seconds, Stopping threads took: 0.0023510 seconds
238.699: Application time: 0.0412890 seconds
238.700: [GC [PSYoungGen: 49008K->6656K(49152K)] 122925K->81113K(160256K), 0.0023260 secs] [Times: user=0.01 sys=0.00, real=0.00 secs] 
238.702: Total time for which application threads were stopped: 0.0031150 seconds, Stopping threads took: 0.0007000 seconds
238.744: Application time: 0.0418510 seconds
238.746: [GC [PSYoungGen: 49152K->6624K(49152K)] 123609K->82565K(160256K), 0.0024890 secs] [Times: user=0.02 sys=0.00, real=0.01 secs] 
238.748: Total time for which application threads were stopped: 0.0043080 seconds, Stopping threads took: 0.0017320 seconds
238.788: Application time: 0.0399460 seconds
238.791: [GC [PSYoungGen: 49120K->6656K(49152K)] 125061K->83397K(160256K), 0.0024460 secs] [Times: user=0.02 sys=0.00, real=0.00 secs] 
238.793: Total time for which application threads were stopped: 0.0049030 seconds, Stopping threads took: 0.0023730 seconds
238.833: Application time: 0.0404040 seconds
238.835: [GC [PSYoungGen: 49152K->6624K(49152K)] 125893K->83453K(160256K), 0.0021350 secs] [Times: user=0.01 sys=0.00, real=0.00 secs] 
238.837: Total time for which application threads were stopped: 0.0039210 seconds, Stopping threads took: 0.0016980 seconds
238.879: Application time: 0.0416940 seconds
238.882: [GC [PSYoungGen: 49120K->6656K(49152K)] 125949K->84469K(160256K), 0.0022450 secs] [Times: user=0.01 sys=0.00, real=0.00 secs] 
238.884: Total time for which application threads were stopped: 0.0048770 seconds, Stopping threads took: 0.0025460 seconds
238.925: Application time: 0.0407520 seconds
238.927: [GC [PSYoungGen: 49152K->6048K(49152K)] 126965K->83869K(160256K), 0.0018430 secs] [Times: user=0.01 sys=0.00, real=0.00 secs] 
238.929: Total time for which application threads were stopped: 0.0041120 seconds, Stopping threads took: 0.0021850 seconds
238.969: Application time: 0.0403250 seconds
238.971: [GC [PSYoungGen: 48544K->5920K(49152K)] 126365K->83741K(160256K), 0.0018500 secs] [Times: user=0.01 sys=0.00, real=0.00 secs] 
238.973: Total time for which application threads were stopped: 0.0033630 seconds, Stopping threads took: 0.0014310 seconds
239.012: Application time: 0.0399570 seconds
239.015: [GC [PSYoungGen: 48416K->6112K(49152K)] 126237K->83941K(160256K), 0.0018710 secs] [Times: user=0.01 sys=0.00, real=0.00 secs] 
239.017: Total time for which application threads were stopped: 0.0041420 seconds, Stopping threads took: 0.0021870 seconds
239.056: Application time: 0.0392840 seconds
239.059: [GC [PSYoungGen: 48608K->6656K(49152K)] 126437K->85637K(160256K), 0.0024710 secs] [Times: user=0.02 sys=0.00, real=0.00 secs] 
239.062: Total time for which application threads were stopped: 0.0056450 seconds, Stopping threads took: 0.0030970 seconds
239.107: Application time: 0.0458170 seconds
239.109: [GC [PSYoungGen: 49152K->6656K(49152K)] 128133K->85661K(160256K), 0.0019630 secs] [Times: user=0.02 sys=0.00, real=0.00 secs] 
239.111: Total time for which application threads were stopped: 0.0035670 seconds, Stopping threads took: 0.0015210 seconds
239.154: Application time: 0.0432790 seconds
239.156: [GC [PSYoungGen: 49152K->6592K(49152K)] 128157K->85605K(160256K), 0.0019730 secs] [Times: user=0.02 sys=0.00, real=0.00 secs] 
239.158: Total time for which application threads were stopped: 0.0033720 seconds, Stopping threads took: 0.0013260 seconds
239.201: Application time: 0.0436720 seconds
239.203: [GC [PSYoungGen: 49088K->5536K(49152K)] 128101K->84557K(160256K), 0.0018300 secs] [Times: user=0.01 sys=0.00, real=0.00 secs] 
239.205: Total time for which application threads were stopped: 0.0035300 seconds, Stopping threads took: 0.0016260 seconds
239.246: Application time: 0.0415120 seconds
239.249: [GC [PSYoungGen: 48032K->6464K(49152K)] 127053K->85485K(160256K), 0.0020450 secs] [Times: user=0.01 sys=0.00, real=0.00 secs] 
239.251: Total time for which application threads were stopped: 0.0046890 seconds, Stopping threads took: 0.0025570 seconds
239.292: Application time: 0.0412020 seconds
239.295: [GC [PSYoungGen: 48960K->6368K(49152K)] 127981K->85389K(160256K), 0.0018320 secs] [Times: user=0.02 sys=0.00, real=0.00 secs] 
239.297: Total time for which application threads were stopped: 0.0047980 seconds, Stopping threads took: 0.0028820 seconds
239.339: Application time: 0.0415930 seconds
239.342: [GC [PSYoungGen: 48864K->5792K(49152K)] 127885K->84813K(160256K), 0.0020390 secs] [Times: user=0.02 sys=0.00, real=0.00 secs] 
239.344: Total time for which application threads were stopped: 0.0052530 seconds, Stopping threads took: 0.0031290 seconds
239.385: Application time: 0.0413090 seconds
239.386: [GC [PSYoungGen: 48288K->6112K(49152K)] 127309K->85133K(160256K), 0.0018520 secs] [Times: user=0.01 sys=0.00, real=0.01 secs] 
239.388: Total time for which application threads were stopped: 0.0026490 seconds, Stopping threads took: 0.0007220 seconds
239.429: Application time: 0.0413520 seconds
239.432: [GC [PSYoungGen: 48608K->6624K(49152K)] 127629K->86005K(160256K), 0.0020500 secs] [Times: user=0.01 sys=0.00, real=0.00 secs] 
239.435: Total time for which application threads were stopped: 0.0053050 seconds, Stopping threads took: 0.0031790 seconds
239.475: Application time: 0.0402740 seconds
239.478: [GC [PSYoungGen: 49120K->6624K(49152K)] 128501K->86765K(160256K), 0.0022590 secs] [Times: user=0.01 sys=0.00, real=0.01 secs] 
239.480: Total time for which application threads were stopped: 0.0053190 seconds, Stopping threads took: 0.0029740 seconds
239.521: Application time: 0.0409370 seconds
239.523: [GC [PSYoungGen: 49120K->6368K(49152K)] 129261K->86517K(160256K), 0.0018800 secs] [Times: user=0.01 sys=0.00, real=0.00 secs] 
239.525: Total time for which application threads were stopped: 0.0036310 seconds, Stopping threads took: 0.0016750 seconds
239.568: Application time: 0.0435240 seconds
239.571: [GC [PSYoungGen: 48864K->6032K(49152K)] 129013K->86189K(160256K), 0.0018320 secs] [Times: user=0.01 sys=0.00, real=0.00 secs] 
239.573: Total time for which application threads were stopped: 0.0046570 seconds, Stopping threads took: 0.0027410 seconds
239.612: Application time: 0.0395100 seconds
239.614: [GC [PSYoungGen: 48528K->6480K(49152K)] 128685K->86637K(160256K), 0.0037590 secs] [Times: user=0.03 sys=0.00, real=0.00 secs] 
239.618: Total time for which application threads were stopped: 0.0052370 seconds, Stopping threads took: 0.0013870 seconds
239.658: Application time: 0.0399830 seconds
239.659: [GC [PSYoungGen: 48976K->5968K(49152K)] 129133K->86133K(160256K), 0.0018080 secs] [Times: user=0.01 sys=0.00, real=0.00 secs] 
239.661: Total time for which application threads were stopped: 0.0034450 seconds, Stopping threads took: 0.0015610 seconds
239.701: Application time: 0.0398370 seconds
239.702: [GC [PSYoungGen: 48464K->5856K(49152K)] 128629K->86037K(160256K), 0.0018350 secs] [Times: user=0.01 sys=0.01, real=0.00 secs] 
239.704: Total time for which application threads were stopped: 0.0033360 seconds, Stopping threads took: 0.0014220 seconds
239.744: Application time: 0.0399380 seconds
239.746: [GC [PSYoungGen: 48352K->6272K(49152K)] 128533K->86469K(160256K), 0.0019500 secs] [Times: user=0.01 sys=0.00, real=0.01 secs] 
239.748: Total time for which application threads were stopped: 0.0035380 seconds, Stopping threads took: 0.0015070 seconds
239.789: Application time: 0.0410040 seconds
239.791: [GC [PSYoungGen: 48768K->6640K(49152K)] 128965K->86845K(160256K), 0.0020690 secs] [Times: user=0.01 sys=0.00, real=0.00 secs] 
239.793: Total time for which application threads were stopped: 0.0039180 seconds, Stopping threads took: 0.0017700 seconds
239.831: Application time: 0.0387160 seconds
239.833: [GC [PSYoungGen: 49136K->6048K(49152K)] 129341K->86253K(160256K), 0.0018760 secs] [Times: user=0.01 sys=0.00, real=0.00 secs] 
239.835: Total time for which application threads were stopped: 0.0039820 seconds, Stopping threads took: 0.0020260 seconds
239.876: Application time: 0.0407430 seconds
239.878: [GC [PSYoungGen: 48544K->6656K(49152K)] 128749K->87117K(160256K), 0.0021420 secs] [Times: user=0.02 sys=0.00, real=0.01 secs] 
239.880: Total time for which application threads were stopped: 0.0042130 seconds, Stopping threads took: 0.0019840 seconds
239.918: Application time: 0.0378950 seconds
239.919: [GC [PSYoungGen: 49152K->6176K(49152K)] 129613K->86637K(160256K), 0.0019690 secs] [Times: user=0.01 sys=0.00, real=0.00 secs] 
239.921: Total time for which application threads were stopped: 0.0031290 seconds, Stopping threads took: 0.0010810 seconds
239.961: Application time: 0.0397480 seconds
239.963: [GC [PSYoungGen: 48672K->5552K(49152K)] 129133K->86013K(160256K), 0.0016870 secs] [Times: user=0.01 sys=0.00, real=0.00 secs] 
239.965: Total time for which application threads were stopped: 0.0038630 seconds, Stopping threads took: 0.0021050 seconds
240.004: Application time: 0.0391220 seconds
240.007: [GC [PSYoungGen: 48048K->6480K(49152K)] 128509K->86941K(160256K), 0.0019130 secs] [Times: user=0.01 sys=0.00, real=0.01 secs] 
240.008: Total time for which application threads were stopped: 0.0044060 seconds, Stopping threads took: 0.0024130 seconds
240.048: Application time: 0.0392140 seconds
240.051: [GC [PSYoungGen: 48976K->6656K(49152K)] 129437K->88565K(160256K), 0.0023260 secs] [Times: user=0.01 sys=0.00, real=0.00 secs] 
240.053: Total time for which application threads were stopped: 0.0052440 seconds, Stopping threads took: 0.0028360 seconds
240.091: Application time: 0.0384710 seconds
240.094: [GC [PSYoungGen: 49152K->6640K(49152K)] 131061K->88573K(160256K), 0.0020200 secs] [Times: user=0.01 sys=0.00, real=0.00 secs] 
240.096: Total time for which application threads were stopped: 0.0042490 seconds, Stopping threads took: 0.0021420 seconds
240.136: Application time: 0.0401010 seconds
240.138: [GC [PSYoungGen: 49136K->4960K(49152K)] 131069K->86893K(160256K), 0.0016260 secs] [Times: user=0.01 sys=0.00, real=0.01 secs] 
240.139: Total time for which application threads were stopped: 0.0036720 seconds, Stopping threads took: 0.0019590 seconds
240.179: Application time: 0.0392440 seconds
240.181: [GC [PSYoungGen: 47456K->5056K(49152K)] 129389K->87005K(160256K), 0.0016180 secs] [Times: user=0.01 sys=0.00, real=0.00 secs] 
240.182: Total time for which application threads were stopped: 0.0034730 seconds, Stopping threads took: 0.0017820 seconds
240.220: Application time: 0.0380490 seconds
240.222: [GC [PSYoungGen: 47552K->6656K(49152K)] 129501K->89229K(160256K), 0.0022190 secs] [Times: user=0.01 sys=0.00, real=0.00 secs] 
240.224: Total time for which application threads were stopped: 0.0037940 seconds, Stopping threads took: 0.0014950 seconds
240.265: Application time: 0.0414200 seconds
240.267: [GC [PSYoungGen: 49152K->5184K(49152K)] 131725K->87765K(160256K), 0.0016380 secs] [Times: user=0.01 sys=0.00, real=0.00 secs] 
240.269: Total time for which application threads were stopped: 0.0031600 seconds, Stopping threads took: 0.0014430 seconds
240.308: Application time: 0.0396200 seconds
240.310: [GC [PSYoungGen: 47680K->6240K(49152K)] 130261K->88821K(160256K), 0.0019070 secs] [Times: user=0.01 sys=0.00, real=0.00 secs] 
240.312: Total time for which application threads were stopped: 0.0032810 seconds, Stopping threads took: 0.0012930 seconds
240.351: Application time: 0.0395110 seconds
240.352: [GC [PSYoungGen: 48736K->5216K(49152K)] 131317K->87797K(160256K), 0.0015920 secs] [Times: user=0.01 sys=0.00, real=0.00 secs] 
240.354: Total time for which application threads were stopped: 0.0030920 seconds, Stopping threads took: 0.0014230 seconds
240.394: Application time: 0.0398470 seconds
240.396: [GC [PSYoungGen: 47712K->6144K(49152K)] 130293K->88725K(160256K), 0.0019090 secs] [Times: user=0.01 sys=0.00, real=0.00 secs] 
240.398: Total time for which application threads were stopped: 0.0040160 seconds, Stopping threads took: 0.0020270 seconds
240.437: Application time: 0.0386890 seconds
240.440: [GC [PSYoungGen: 48640K->6624K(49152K)] 131221K->89429K(160256K), 0.0020860 secs] [Times: user=0.01 sys=0.00, real=0.00 secs] 
240.442: Total time for which application threads were stopped: 0.0050030 seconds, Stopping threads took: 0.0028370 seconds
240.481: Application time: 0.0390570 seconds
240.484: [GC [PSYoungGen: 49120K->5856K(49152K)] 131925K->88661K(160256K), 0.0017590 secs] [Times: user=0.02 sys=0.00, real=0.00 secs] 
240.485: Total time for which application threads were stopped: 0.0046340 seconds, Stopping threads took: 0.0027860 seconds
240.521: Application time: 0.0357790 seconds
240.522: [GC [PSYoungGen: 48352K->6624K(49152K)] 131157K->90565K(160256K), 0.0022980 secs] [Times: user=0.01 sys=0.00, real=0.00 secs] 
240.525: Total time for which application threads were stopped: 0.0034540 seconds, Stopping threads took: 0.0010710 seconds
240.562: Application time: 0.0375600 seconds
240.565: [GC [PSYoungGen: 49120K->6656K(49152K)] 133061K->91293K(160256K), 0.0022400 secs] [Times: user=0.01 sys=0.00, real=0.01 secs] 
240.567: Total time for which application threads were stopped: 0.0052600 seconds, Stopping threads took: 0.0029340 seconds
240.606: Application time: 0.0389800 seconds
240.608: [GC [PSYoungGen: 49152K->6640K(49152K)] 133789K->91561K(160256K), 0.0021520 secs] [Times: user=0.01 sys=0.00, real=0.00 secs] 
240.610: Total time for which application threads were stopped: 0.0040160 seconds, Stopping threads took: 0.0017850 seconds
240.648: Application time: 0.0378540 seconds
240.651: [GC [PSYoungGen: 49136K->6640K(49152K)] 134057K->92033K(160256K), 0.0021100 secs] [Times: user=0.01 sys=0.00, real=0.00 secs] 
240.653: Total time for which application threads were stopped: 0.0044180 seconds, Stopping threads took: 0.0022170 seconds
240.692: Application time: 0.0397760 seconds
240.695: [GC [PSYoungGen: 49136K->6512K(49152K)] 134529K->91905K(160256K), 0.0020700 secs] [Times: user=0.02 sys=0.00, real=0.00 secs] 
240.697: Total time for which application threads were stopped: 0.0044440 seconds, Stopping threads took: 0.0022930 seconds
240.735: Application time: 0.0381050 seconds
240.737: [GC [PSYoungGen: 49008K->6432K(49152K)] 134401K->91842K(160256K), 0.0020070 secs] [Times: user=0.01 sys=0.00, real=0.01 secs] 
240.739: Total time for which application threads were stopped: 0.0041490 seconds, Stopping threads took: 0.0020550 seconds
240.777: Application time: 0.0373380 seconds
240.778: [GC [PSYoungGen: 48928K->6640K(49152K)] 134338K->92714K(160256K), 0.0022530 secs] [Times: user=0.02 sys=0.00, real=0.01 secs] 
240.780: Total time for which application threads were stopped: 0.0034170 seconds, Stopping threads took: 0.0010780 seconds
240.819: Application time: 0.0393000 seconds
240.821: [GC [PSYoungGen: 49136K->6656K(49152K)] 135210K->93234K(160256K), 0.0020700 secs] [Times: user=0.02 sys=0.00, real=0.00 secs] 
240.824: Total time for which application threads were stopped: 0.0042740 seconds, Stopping threads took: 0.0021240 seconds
240.862: Application time: 0.0384140 seconds
240.865: [GC [PSYoungGen: 49152K->6656K(49152K)] 135730K->94690K(160256K), 0.0025880 secs] [Times: user=0.02 sys=0.00, real=0.01 secs] 
240.868: Total time for which application threads were stopped: 0.0056930 seconds, Stopping threads took: 0.0029990 seconds
240.905: Application time: 0.0373980 seconds
240.908: [GC [PSYoungGen: 49152K->6624K(49152K)] 137186K->94962K(160256K), 0.0020860 secs] [Times: user=0.02 sys=0.00, real=0.00 secs] 
240.910: Total time for which application threads were stopped: 0.0046380 seconds, Stopping threads took: 0.0024680 seconds
240.948: Application time: 0.0381620 seconds
240.949: [GC [PSYoungGen: 49120K->6640K(49152K)] 137458K->95018K(160256K), 0.0020780 secs] [Times: user=0.02 sys=0.00, real=0.00 secs] 
240.952: Total time for which application threads were stopped: 0.0037370 seconds, Stopping threads took: 0.0015800 seconds
240.991: Application time: 0.0393750 seconds
240.993: [GC [PSYoungGen: 49136K->5616K(49152K)] 137514K->93994K(160256K), 0.0017030 secs] [Times: user=0.01 sys=0.00, real=0.00 secs] 
240.995: Total time for which application threads were stopped: 0.0041420 seconds, Stopping threads took: 0.0023590 seconds
241.036: Application time: 0.0407450 seconds
241.037: [GC [PSYoungGen: 48112K->6032K(49152K)] 136490K->94410K(160256K), 0.0019080 secs] [Times: user=0.01 sys=0.00, real=0.01 secs] 
241.039: Total time for which application threads were stopped: 0.0032540 seconds, Stopping threads took: 0.0012670 seconds
241.079: Application time: 0.0396950 seconds
241.080: [GC [PSYoungGen: 48528K->5888K(49152K)] 136906K->94274K(160256K), 0.0018840 secs] [Times: user=0.01 sys=0.00, real=0.00 secs] 
241.082: Total time for which application threads were stopped: 0.0034220 seconds, Stopping threads took: 0.0014580 seconds
241.122: Application time: 0.0402070 seconds
241.124: [GC [PSYoungGen: 48384K->6288K(49152K)] 136770K->94674K(160256K), 0.0018820 secs] [Times: user=0.01 sys=0.00, real=0.00 secs] 
241.126: Total time for which application threads were stopped: 0.0036170 seconds, Stopping threads took: 0.0016530 seconds
241.167: Application time: 0.0408330 seconds
241.170: [GC [PSYoungGen: 48784K->5008K(49152K)] 137170K->93394K(160256K), 0.0015790 secs] [Times: user=0.01 sys=0.00, real=0.00 secs] 
241.171: Total time for which application threads were stopped: 0.0042670 seconds, Stopping threads took: 0.0025970 seconds
241.211: Application time: 0.0394270 seconds
241.212: [GC [PSYoungGen: 47504K->6064K(49152K)] 135890K->94466K(160256K), 0.0019050 secs] [Times: user=0.02 sys=0.00, real=0.00 secs] 
241.214: Total time for which application threads were stopped: 0.0030540 seconds, Stopping threads took: 0.0010700 seconds
241.254: Application time: 0.0402170 seconds
241.255: [GC [PSYoungGen: 48560K->6400K(49152K)] 136962K->94826K(160256K), 0.0019800 secs] [Times: user=0.01 sys=0.00, real=0.00 secs] 
241.257: Total time for which application threads were stopped: 0.0033830 seconds, Stopping threads took: 0.0013250 seconds
241.294: Application time: 0.0370220 seconds
241.296: [GC [PSYoungGen: 48896K->6656K(49152K)] 137322K->95130K(160256K), 0.0022240 secs] [Times: user=0.01 sys=0.00, real=0.00 secs] 
241.298: Total time for which application threads were stopped: 0.0041670 seconds, Stopping threads took: 0.0018550 seconds
241.337: Application time: 0.0387600 seconds
241.339: [GC [PSYoungGen: 49152K->6640K(49152K)] 137626K->95898K(160256K), 0.0023180 secs] [Times: user=0.02 sys=0.00, real=0.00 secs] 
241.341: Total time for which application threads were stopped: 0.0041050 seconds, Stopping threads took: 0.0017010 seconds
241.379: Application time: 0.0374220 seconds
241.380: [GC [PSYoungGen: 49136K->6656K(49152K)] 138394K->96650K(160256K), 0.0022570 secs] [Times: user=0.02 sys=0.00, real=0.00 secs] 
241.382: Total time for which application threads were stopped: 0.0037250 seconds, Stopping threads took: 0.0013820 seconds
241.422: Application time: 0.0396450 seconds
241.424: [GC [PSYoungGen: 49152K->5760K(49152K)] 139146K->95754K(160256K), 0.0018050 secs] [Times: user=0.01 sys=0.00, real=0.00 secs] 
241.426: Total time for which application threads were stopped: 0.0042040 seconds, Stopping threads took: 0.0023220 seconds
241.465: Application time: 0.0383710 seconds
241.466: [GC [PSYoungGen: 48256K->6624K(49152K)] 138250K->96618K(160256K), 0.0020800 secs] [Times: user=0.01 sys=0.00, real=0.01 secs] 
241.468: Total time for which application threads were stopped: 0.0032300 seconds, Stopping threads took: 0.0010650 seconds
241.507: Application time: 0.0395310 seconds
241.510: [GC [PSYoungGen: 49120K->6016K(49152K)] 139114K->96010K(160256K), 0.0018950 secs] [Times: user=0.01 sys=0.00, real=0.00 secs] 
241.512: Total time for which application threads were stopped: 0.0045990 seconds, Stopping threads took: 0.0026200 seconds
241.551: Application time: 0.0393680 seconds
241.553: [GC [PSYoungGen: 48512K->5936K(49152K)] 138506K->95930K(160256K), 0.0018090 secs] [Times: user=0.02 sys=0.00, real=0.00 secs] 
241.555: Total time for which application threads were stopped: 0.0036520 seconds, Stopping threads took: 0.0017640 seconds
241.595: Application time: 0.0402090 seconds
241.597: [GC [PSYoungGen: 48432K->5904K(49152K)] 138426K->95914K(160256K), 0.0018280 secs] [Times: user=0.01 sys=0.00, real=0.01 secs] 
241.599: Total time for which application threads were stopped: 0.0037220 seconds, Stopping threads took: 0.0018180 seconds
241.637: Application time: 0.0382420 seconds
241.639: [GC [PSYoungGen: 48400K->6624K(49152K)] 138410K->96794K(160256K), 0.0021060 secs] [Times: user=0.01 sys=0.00, real=0.00 secs] 
241.641: Total time for which application threads were stopped: 0.0039110 seconds, Stopping threads took: 0.0017130 seconds
241.680: Application time: 0.0385820 seconds
241.683: [GC [PSYoungGen: 49120K->6640K(49152K)] 139290K->97570K(160256K), 0.0022710 secs] [Times: user=0.01 sys=0.00, real=0.00 secs] 
241.685: Total time for which application threads were stopped: 0.0050920 seconds, Stopping threads took: 0.0027190 seconds
241.724: Application time: 0.0390990 seconds
241.726: [GC [PSYoungGen: 49136K->6464K(49152K)] 140066K->97402K(160256K), 0.0019850 secs] [Times: user=0.01 sys=0.00, real=0.01 secs] 
241.728: Total time for which application threads were stopped: 0.0036070 seconds, Stopping threads took: 0.0015420 seconds
241.767: Application time: 0.0396270 seconds
241.769: [GC [PSYoungGen: 48958K->5856K(49152K)] 139896K->96802K(160256K), 0.0018410 secs] [Times: user=0.01 sys=0.00, real=0.00 secs] 
241.771: Total time for which application threads were stopped: 0.0035190 seconds, Stopping threads took: 0.0015970 seconds
241.811: Application time: 0.0401650 seconds
241.812: [GC [PSYoungGen: 48352K->6272K(49152K)] 139298K->97226K(160256K), 0.0019000 secs] [Times: user=0.01 sys=0.00, real=0.00 secs] 
241.814: Total time for which application threads were stopped: 0.0031790 seconds, Stopping threads took: 0.0012020 seconds
241.853: Application time: 0.0390080 seconds
241.855: [GC [PSYoungGen: 48768K->6640K(49152K)] 139722K->98074K(160256K), 0.0021450 secs] [Times: user=0.01 sys=0.00, real=0.00 secs] 
241.857: Total time for which application threads were stopped: 0.0042150 seconds, Stopping threads took: 0.0019920 seconds
241.897: Application time: 0.0392950 seconds
241.899: [GC [PSYoungGen: 49136K->6640K(49152K)] 140570K->98514K(160256K), 0.0022650 secs] [Times: user=0.01 sys=0.00, real=0.00 secs] 
241.901: Total time for which application threads were stopped: 0.0043320 seconds, Stopping threads took: 0.0019850 seconds
241.940: Application time: 0.0390130 seconds
241.942: [GC [PSYoungGen: 49136K->6624K(49152K)] 141010K->98762K(160256K), 0.0021440 secs] [Times: user=0.01 sys=0.00, real=0.00 secs] 
241.944: Total time for which application threads were stopped: 0.0038750 seconds, Stopping threads took: 0.0016490 seconds
241.981: Application time: 0.0371880 seconds
241.983: [GC [PSYoungGen: 49120K->6256K(49152K)] 141258K->98394K(160256K), 0.0018770 secs] [Times: user=0.01 sys=0.00, real=0.00 secs] 
241.985: Total time for which application threads were stopped: 0.0036880 seconds, Stopping threads took: 0.0017400 seconds
242.023: Application time: 0.0381360 seconds
242.024: [GC [PSYoungGen: 48752K->6656K(49152K)] 140890K->99642K(160256K), 0.0023560 secs] [Times: user=0.02 sys=0.00, real=0.00 secs] 
242.027: Total time for which application threads were stopped: 0.0036770 seconds, Stopping threads took: 0.0012370 seconds
242.065: Application time: 0.0381420 seconds
242.066: [GC [PSYoungGen: 49152K->6432K(49152K)] 142138K->99418K(160256K), 0.0018980 secs] [Times: user=0.01 sys=0.00, real=0.01 secs] 
242.068: Total time for which application threads were stopped: 0.0035660 seconds, Stopping threads took: 0.0015830 seconds
242.106: Application time: 0.0376820 seconds
242.109: [GC [PSYoungGen: 48928K->6656K(49152K)] 141914K->101066K(160256K), 0.0024610 secs] [Times: user=0.02 sys=0.00, real=0.00 secs] 
242.111: Total time for which application threads were stopped: 0.0055230 seconds, Stopping threads took: 0.0029710 seconds
242.149: Application time: 0.0378540 seconds
242.152: [GC [PSYoungGen: 49152K->6400K(49152K)] 143562K->100810K(160256K), 0.0019570 secs] [Times: user=0.01 sys=0.00, real=0.00 secs] 
242.154: Total time for which application threads were stopped: 0.0042820 seconds, Stopping threads took: 0.0022420 seconds
242.192: Application time: 0.0380830 seconds
242.193: [GC [PSYoungGen: 48896K->6624K(49152K)] 143306K->101034K(160256K), 0.0020900 secs] [Times: user=0.01 sys=0.00, real=0.00 secs] 
242.195: Total time for which application threads were stopped: 0.0037980 seconds, Stopping threads took: 0.0016170 seconds
242.234: Application time: 0.0381610 seconds
242.235: [GC [PSYoungGen: 49120K->5440K(49152K)] 143530K->99850K(160256K), 0.0017390 secs] [Times: user=0.01 sys=0.00, real=0.00 secs] 
242.237: Total time for which application threads were stopped: 0.0036190 seconds, Stopping threads took: 0.0017990 seconds
242.277: Application time: 0.0395360 seconds
242.278: [GC [PSYoungGen: 47936K->5488K(49152K)] 142346K->99898K(160256K), 0.0017060 secs] [Times: user=0.01 sys=0.00, real=0.01 secs] 
242.280: Total time for which application threads were stopped: 0.0031770 seconds, Stopping threads took: 0.0013900 seconds
242.319: Application time: 0.0395210 seconds
242.321: [GC [PSYoungGen: 47984K->5568K(49152K)] 142394K->99986K(160256K), 0.0017270 secs] [Times: user=0.01 sys=0.00, real=0.00 secs] 
242.323: Total time for which application threads were stopped: 0.0032260 seconds, Stopping threads took: 0.0014160 seconds
242.360: Application time: 0.0374370 seconds
242.362: [GC [PSYoungGen: 48064K->6496K(49152K)] 142482K->100914K(160256K), 0.0020820 secs] [Times: user=0.01 sys=0.00, real=0.00 secs] 
242.364: Total time for which application threads were stopped: 0.0039500 seconds, Stopping threads took: 0.0017870 seconds
242.404: Application time: 0.0394330 seconds
242.406: [GC [PSYoungGen: 48992K->6384K(49152K)] 143410K->100810K(160256K), 0.0020220 secs] [Times: user=0.01 sys=0.00, real=0.01 secs] 
242.408: Total time for which application threads were stopped: 0.0044820 seconds, Stopping threads took: 0.0023780 seconds
242.446: Application time: 0.0378310 seconds
242.452: [GC [PSYoungGen: 48880K->6656K(49152K)] 143306K->102450K(160256K), 0.0024560 secs] [Times: user=0.01 sys=0.00, real=0.00 secs] 
242.454: Total time for which application threads were stopped: 0.0085710 seconds, Stopping threads took: 0.0060340 seconds
242.493: Application time: 0.0389110 seconds
242.496: [GC [PSYoungGen: 49152K->5920K(49152K)] 144946K->101714K(160256K), 0.0017950 secs] [Times: user=0.01 sys=0.00, real=0.00 secs] 
242.498: Total time for which application threads were stopped: 0.0045180 seconds, Stopping threads took: 0.0026440 seconds
242.538: Application time: 0.0403270 seconds
242.540: [GC [PSYoungGen: 48416K->4704K(49152K)] 144210K->100498K(160256K), 0.0015790 secs] [Times: user=0.01 sys=0.00, real=0.00 secs] 
242.542: Total time for which application threads were stopped: 0.0033180 seconds, Stopping threads took: 0.0016650 seconds
242.580: Application time: 0.0389790 seconds
242.583: [GC [PSYoungGen: 47200K->6656K(49152K)] 142994K->103134K(160256K), 0.0022400 secs] [Times: user=0.02 sys=0.00, real=0.00 secs] 
242.585: Total time for which application threads were stopped: 0.0044740 seconds, Stopping threads took: 0.0021510 seconds
242.624: Application time: 0.0394230 seconds
242.626: [GC [PSYoungGen: 49152K->6272K(49152K)] 145630K->102758K(160256K), 0.0019720 secs] [Times: user=0.01 sys=0.00, real=0.01 secs] 
242.628: Total time for which application threads were stopped: 0.0033670 seconds, Stopping threads took: 0.0013140 seconds
242.667: Application time: 0.0388210 seconds
242.669: [GC [PSYoungGen: 48768K->5440K(49152K)] 145254K->101926K(160256K), 0.0016620 secs] [Times: user=0.01 sys=0.00, real=0.00 secs] 
242.671: Total time for which application threads were stopped: 0.0040790 seconds, Stopping threads took: 0.0023440 seconds
242.711: Application time: 0.0400470 seconds
242.713: [GC [PSYoungGen: 47936K->6256K(49152K)] 144422K->102742K(160256K), 0.0019610 secs] [Times: user=0.01 sys=0.00, real=0.00 secs] 
242.715: Total time for which application threads were stopped: 0.0039910 seconds, Stopping threads took: 0.0019440 seconds
242.753: Application time: 0.0386370 seconds
242.754: [GC [PSYoungGen: 48751K->5600K(49152K)] 145238K->102094K(160256K), 0.0017330 secs] [Times: user=0.02 sys=0.00, real=0.00 secs] 
242.756: Total time for which application threads were stopped: 0.0028240 seconds, Stopping threads took: 0.0010140 seconds
242.796: Application time: 0.0398300 seconds
242.799: [GC [PSYoungGen: 48096K->6656K(49152K)] 144590K->103414K(160256K), 0.0021520 secs] [Times: user=0.01 sys=0.00, real=0.00 secs] 
242.801: Total time for which application threads were stopped: 0.0050580 seconds, Stopping threads took: 0.0028160 seconds
242.840: Application time: 0.0392860 seconds
242.841: [GC [PSYoungGen: 49152K->5888K(49152K)] 145910K->102654K(160256K), 0.0018530 secs] [Times: user=0.01 sys=0.00, real=0.00 secs] 
242.843: Total time for which application threads were stopped: 0.0029500 seconds, Stopping threads took: 0.0010140 seconds
242.882: Application time: 0.0389390 seconds
242.883: [GC [PSYoungGen: 48384K->5680K(49152K)] 145150K->102446K(160256K), 0.0017870 secs] [Times: user=0.01 sys=0.00, real=0.00 secs] 
242.885: Total time for which application threads were stopped: 0.0030220 seconds, Stopping threads took: 0.0011530 seconds
242.926: Application time: 0.0403130 seconds
242.928: [GC [PSYoungGen: 48176K->6032K(49152K)] 144942K->102806K(160256K), 0.0018610 secs] [Times: user=0.02 sys=0.00, real=0.00 secs] 
242.930: Total time for which application threads were stopped: 0.0039660 seconds, Stopping threads took: 0.0020240 seconds
242.969: Application time: 0.0392120 seconds
242.971: [GC [PSYoungGen: 48528K->6032K(49152K)] 145302K->102806K(160256K), 0.0019370 secs] [Times: user=0.02 sys=0.00, real=0.00 secs] 
242.972: Total time for which application threads were stopped: 0.0037310 seconds, Stopping threads took: 0.0017140 seconds
243.010: Application time: 0.0380000 seconds
243.012: [GC [PSYoungGen: 48528K->5872K(49152K)] 145302K->102646K(160256K), 0.0018120 secs] [Times: user=0.01 sys=0.00, real=0.00 secs] 
243.014: Total time for which application threads were stopped: 0.0035500 seconds, Stopping threads took: 0.0016600 seconds
243.055: Application time: 0.0408690 seconds
243.057: [GC [PSYoungGen: 48368K->5648K(49152K)] 145142K->102422K(160256K), 0.0017960 secs] [Times: user=0.01 sys=0.00, real=0.01 secs] 
243.059: Total time for which application threads were stopped: 0.0042660 seconds, Stopping threads took: 0.0023960 seconds
243.097: Application time: 0.0378820 seconds
243.099: [GC [PSYoungGen: 48144K->6640K(49152K)] 144918K->104350K(160256K), 0.0021780 secs] [Times: user=0.02 sys=0.00, real=0.00 secs] 
243.101: Total time for which application threads were stopped: 0.0040420 seconds, Stopping threads took: 0.0017890 seconds
243.143: Application time: 0.0415220 seconds
243.144: [GC [PSYoungGen: 49136K->6448K(49152K)] 146846K->104158K(160256K), 0.0019700 secs] [Times: user=0.01 sys=0.00, real=0.00 secs] 
243.146: Total time for which application threads were stopped: 0.0036670 seconds, Stopping threads took: 0.0016190 seconds
243.185: Application time: 0.0391640 seconds
243.187: [GC [PSYoungGen: 48944K->6624K(49152K)] 146654K->104366K(160256K), 0.0020480 secs] [Times: user=0.01 sys=0.00, real=0.00 secs] 
243.189: Total time for which application threads were stopped: 0.0035130 seconds, Stopping threads took: 0.0013780 seconds
243.229: Application time: 0.0397120 seconds
243.230: [GC [PSYoungGen: 49120K->6016K(49152K)] 146862K->103758K(160256K), 0.0020000 secs] [Times: user=0.01 sys=0.00, real=0.00 secs] 
243.232: Total time for which application threads were stopped: 0.0030850 seconds, Stopping threads took: 0.0009930 seconds
243.272: Application time: 0.0405270 seconds
243.274: [GC [PSYoungGen: 48512K->5328K(49152K)] 146254K->103078K(160256K), 0.0017000 secs] [Times: user=0.01 sys=0.00, real=0.00 secs] 
243.276: Total time for which application threads were stopped: 0.0032780 seconds, Stopping threads took: 0.0014990 seconds
243.315: Application time: 0.0390410 seconds
243.317: [GC [PSYoungGen: 47824K->6640K(49152K)] 145574K->104758K(160256K), 0.0021590 secs] [Times: user=0.02 sys=0.00, real=0.01 secs] 
243.319: Total time for which application threads were stopped: 0.0045810 seconds, Stopping threads took: 0.0023330 seconds
243.357: Application time: 0.0379250 seconds
243.359: [GC [PSYoungGen: 49136K->6432K(49152K)] 147254K->104558K(160256K), 0.0019640 secs] [Times: user=0.02 sys=0.00, real=0.00 secs] 
243.361: Total time for which application threads were stopped: 0.0036230 seconds, Stopping threads took: 0.0015750 seconds
243.399: Application time: 0.0382990 seconds
243.401: [GC [PSYoungGen: 48928K->6464K(49152K)] 147054K->104598K(160256K), 0.0019990 secs] [Times: user=0.01 sys=0.00, real=0.00 secs] 
243.403: Total time for which application threads were stopped: 0.0039060 seconds, Stopping threads took: 0.0018260 seconds
243.440: Application time: 0.0372270 seconds
243.442: [GC [PSYoungGen: 48960K->6656K(49152K)] 147094K->106399K(160256K), 0.0024310 secs] [Times: user=0.01 sys=0.00, real=0.00 secs] 
243.444: Total time for which application threads were stopped: 0.0041430 seconds, Stopping threads took: 0.0016320 seconds
243.483: Application time: 0.0384110 seconds
243.485: [GC [PSYoungGen: 49152K->6656K(49152K)] 148895K->107767K(160256K), 0.0025130 secs] [Times: user=0.02 sys=0.00, real=0.01 secs] 
243.488: Total time for which application threads were stopped: 0.0050200 seconds, Stopping threads took: 0.0024210 seconds
243.526: Application time: 0.0384930 seconds
243.529: [GC [PSYoungGen: 49152K->6496K(49152K)] 150263K->107607K(160256K), 0.0020730 secs] [Times: user=0.01 sys=0.00, real=0.00 secs] 
243.531: Total time for which application threads were stopped: 0.0049860 seconds, Stopping threads took: 0.0028320 seconds
243.570: Application time: 0.0384820 seconds
243.572: [GC [PSYoungGen: 48992K->6640K(49152K)] 150103K->108039K(160256K), 0.0021580 secs] [Times: user=0.01 sys=0.00, real=0.00 secs] 
243.574: Total time for which application threads were stopped: 0.0045110 seconds, Stopping threads took: 0.0022710 seconds
243.613: Application time: 0.0389740 seconds
243.615: [GC [PSYoungGen: 49136K->6640K(49152K)] 150535K->108311K(160256K), 0.0025730 secs] [Times: user=0.01 sys=0.00, real=0.00 secs] 
243.618: Total time for which application threads were stopped: 0.0043220 seconds, Stopping threads took: 0.0016460 seconds
243.659: Application time: 0.0409760 seconds
243.661: [GC [PSYoungGen: 49135K->6432K(49152K)] 150806K->108103K(160256K), 0.0019750 secs] [Times: user=0.01 sys=0.00, real=0.00 secs] 
243.663: Total time for which application threads were stopped: 0.0041070 seconds, Stopping threads took: 0.0020480 seconds
243.702: Application time: 0.0398130 seconds
243.704: [GC [PSYoungGen: 48926K->6656K(49152K)] 150597K->108439K(160256K), 0.0020510 secs] [Times: user=0.02 sys=0.00, real=0.00 secs] 
243.706: Total time for which application threads were stopped: 0.0035580 seconds, Stopping threads took: 0.0014210 seconds
243.748: Application time: 0.0415330 seconds
243.750: [GC [PSYoungGen: 49152K->6624K(49152K)] 150935K->108431K(160256K), 0.0020070 secs] [Times: user=0.01 sys=0.00, real=0.00 secs] 
243.752: Total time for which application threads were stopped: 0.0048010 seconds, Stopping threads took: 0.0026990 seconds
243.795: Application time: 0.0428070 seconds
243.796: [GC [PSYoungGen: 49120K->6400K(49152K)] 150927K->108215K(160256K), 0.0022770 secs] [Times: user=0.01 sys=0.00, real=0.00 secs] 
243.798: Total time for which application threads were stopped: 0.0030150 seconds, Stopping threads took: 0.0006480 seconds
243.840: Application time: 0.0416100 seconds
243.842: [GC [PSYoungGen: 48896K->6656K(49152K)] 150711K->108495K(160256K), 0.0021200 secs] [Times: user=0.01 sys=0.00, real=0.00 secs] 
243.844: Total time for which application threads were stopped: 0.0042030 seconds, Stopping threads took: 0.0019950 seconds
243.885: Application time: 0.0412520 seconds
243.888: [GC [PSYoungGen: 49152K->6608K(49152K)] 150991K->108455K(160256K), 0.0020200 secs] [Times: user=0.01 sys=0.00, real=0.00 secs] 
243.890: Total time for which application threads were stopped: 0.0047700 seconds, Stopping threads took: 0.0026620 seconds
243.932: Application time: 0.0423080 seconds
243.935: [GC [PSYoungGen: 49104K->4944K(49152K)] 150951K->106799K(160256K), 0.0015910 secs] [Times: user=0.01 sys=0.00, real=0.00 secs] 
243.936: Total time for which application threads were stopped: 0.0040880 seconds, Stopping threads took: 0.0024190 seconds
243.977: Application time: 0.0402340 seconds
243.980: [GC [PSYoungGen: 47440K->5920K(49152K)] 149295K->107783K(160256K), 0.0018610 secs] [Times: user=0.01 sys=0.00, real=0.00 secs] 
243.981: Total time for which application threads were stopped: 0.0047460 seconds, Stopping threads took: 0.0027870 seconds
244.023: Application time: 0.0416280 seconds
244.026: [GC [PSYoungGen: 48416K->5616K(49152K)] 150279K->107487K(160256K), 0.0017810 secs] [Times: user=0.01 sys=0.00, real=0.01 secs] 
244.028: Total time for which application threads were stopped: 0.0045480 seconds, Stopping threads took: 0.0026800 seconds
244.069: Application time: 0.0414670 seconds
244.071: [GC [PSYoungGen: 48112K->5664K(49152K)] 149983K->107535K(160256K), 0.0017700 secs] [Times: user=0.02 sys=0.00, real=0.00 secs] 
244.073: Total time for which application threads were stopped: 0.0038660 seconds, Stopping threads took: 0.0020140 seconds
244.115: Application time: 0.0416390 seconds
244.117: [GC [PSYoungGen: 48160K->5600K(49152K)] 150031K->107471K(160256K), 0.0017840 secs] [Times: user=0.01 sys=0.00, real=0.01 secs] 
244.119: Total time for which application threads were stopped: 0.0045760 seconds, Stopping threads took: 0.0027130 seconds
244.160: Application time: 0.0408420 seconds
244.162: [GC [PSYoungGen: 48094K->5664K(49152K)] 149966K->107535K(160256K), 0.0018300 secs] [Times: user=0.01 sys=0.00, real=0.00 secs] 
244.164: Total time for which application threads were stopped: 0.0036770 seconds, Stopping threads took: 0.0017690 seconds
244.208: Application time: 0.0444090 seconds
244.211: [GC [PSYoungGen: 48160K->6032K(49152K)] 150031K->107903K(160256K), 0.0019000 secs] [Times: user=0.01 sys=0.00, real=0.00 secs] 
244.213: Total time for which application threads were stopped: 0.0049690 seconds, Stopping threads took: 0.0029890 seconds
244.257: Application time: 0.0436450 seconds
244.258: [GC [PSYoungGen: 48528K->5664K(49152K)] 150399K->107559K(160256K), 0.0018460 secs] [Times: user=0.01 sys=0.00, real=0.01 secs] 
244.260: Total time for which application threads were stopped: 0.0035140 seconds, Stopping threads took: 0.0015810 seconds
244.302: Application time: 0.0421880 seconds
244.305: [GC [PSYoungGen: 48160K->6016K(49152K)] 150055K->107911K(160256K), 0.0018470 secs] [Times: user=0.01 sys=0.00, real=0.00 secs] 
244.307: Total time for which application threads were stopped: 0.0041020 seconds, Stopping threads took: 0.0021640 seconds
244.349: Application time: 0.0423330 seconds
244.351: [GC [PSYoungGen: 48512K->6656K(49152K)] 150407K->108591K(160256K), 0.0020000 secs] [Times: user=0.01 sys=0.00, real=0.00 secs] 
244.353: Total time for which application threads were stopped: 0.0042850 seconds, Stopping threads took: 0.0021980 seconds
244.395: Application time: 0.0420130 seconds
244.397: [GC [PSYoungGen: 49152K->6448K(49152K)] 151087K->108383K(160256K), 0.0021970 secs] [Times: user=0.01 sys=0.00, real=0.01 secs] 
244.400: Total time for which application threads were stopped: 0.0044750 seconds, Stopping threads took: 0.0021960 seconds
244.440: Application time: 0.0402390 seconds
244.441: [GC [PSYoungGen: 48942K->6256K(49152K)] 150877K->108207K(160256K), 0.0022330 secs] [Times: user=0.01 sys=0.00, real=0.00 secs] 
244.444: Total time for which application threads were stopped: 0.0038560 seconds, Stopping threads took: 0.0015380 seconds
244.484: Application time: 0.0399190 seconds
244.485: [GC [PSYoungGen: 48752K->5856K(49152K)] 150703K->107831K(160256K), 0.0020530 secs] [Times: user=0.02 sys=0.00, real=0.01 secs] 
244.487: Total time for which application threads were stopped: 0.0034940 seconds, Stopping threads took: 0.0013590 seconds
244.527: Application time: 0.0400490 seconds
244.530: [GC [PSYoungGen: 48352K->6624K(49152K)] 150327K->109267K(160256K), 0.0023220 secs] [Times: user=0.01 sys=0.00, real=0.00 secs] 
244.532: Total time for which application threads were stopped: 0.0050190 seconds, Stopping threads took: 0.0026150 seconds
244.572: Application time: 0.0397910 seconds
244.574: [GC [PSYoungGen: 49120K->6624K(49152K)] 151763K->109651K(160256K), 0.0022000 secs] [Times: user=0.01 sys=0.00, real=0.00 secs] 
244.576: Total time for which application threads were stopped: 0.0042210 seconds, Stopping threads took: 0.0019240 seconds
244.618: Application time: 0.0418590 seconds
244.621: [GC [PSYoungGen: 49120K->6048K(49152K)] 152147K->109075K(160256K), 0.0017870 secs] [Times: user=0.01 sys=0.00, real=0.00 secs] 
244.622: Total time for which application threads were stopped: 0.0042420 seconds, Stopping threads took: 0.0023530 seconds
244.663: Application time: 0.0410990 seconds
244.666: [GC [PSYoungGen: 48544K->5920K(49152K)] 151571K->108947K(160256K), 0.0018370 secs] [Times: user=0.01 sys=0.00, real=0.01 secs] 
244.668: Total time for which application threads were stopped: 0.0040350 seconds, Stopping threads took: 0.0021200 seconds
244.711: Application time: 0.0437030 seconds
244.715: [GC [PSYoungGen: 48415K->5424K(49152K)] 151442K->108451K(160256K), 0.0017680 secs] [Times: user=0.01 sys=0.00, real=0.00 secs] 
244.716: Total time for which application threads were stopped: 0.0052560 seconds, Stopping threads took: 0.0034140 seconds
244.758: Application time: 0.0414540 seconds
244.760: [GC [PSYoungGen: 47920K->6656K(49152K)] 150947K->110659K(160256K), 0.0023360 secs] [Times: user=0.02 sys=0.00, real=0.00 secs] 
244.762: Total time for which application threads were stopped: 0.0044550 seconds, Stopping threads took: 0.0020210 seconds
244.805: Application time: 0.0422470 seconds
244.806: [GC [PSYoungGen: 49152K->6432K(49152K)] 153155K->110435K(160256K), 0.0019840 secs] [Times: user=0.02 sys=0.00, real=0.01 secs] 
244.808: Total time for which application threads were stopped: 0.0034870 seconds, Stopping threads took: 0.0014200 seconds
244.848: Application time: 0.0403410 seconds
244.851: [GC [PSYoungGen: 48928K->5408K(49152K)] 152931K->109411K(160256K), 0.0018380 secs] [Times: user=0.01 sys=0.00, real=0.00 secs] 
244.853: Total time for which application threads were stopped: 0.0045560 seconds, Stopping threads took: 0.0026400 seconds
244.893: Application time: 0.0404730 seconds
244.895: [GC [PSYoungGen: 47904K->6656K(49152K)] 151907K->111911K(160256K), 0.0025730 secs] [Times: user=0.01 sys=0.00, real=0.00 secs] 
244.898: Total time for which application threads were stopped: 0.0045180 seconds, Stopping threads took: 0.0018600 seconds
244.938: Application time: 0.0402110 seconds
244.940: [GC [PSYoungGen: 49152K->6656K(49152K)] 154407K->113183K(160256K), 0.0024420 secs] [Times: user=0.02 sys=0.00, real=0.00 secs] 
244.943: Total time for which application threads were stopped: 0.0043760 seconds, Stopping threads took: 0.0018540 seconds
244.983: Application time: 0.0399800 seconds
244.985: [GC [PSYoungGen: 49152K->6640K(49152K)] 155679K->113303K(160256K), 0.0021460 secs] [Times: user=0.01 sys=0.00, real=0.01 secs] 
244.987: Total time for which application threads were stopped: 0.0046450 seconds, Stopping threads took: 0.0024080 seconds
245.028: Application time: 0.0410950 seconds
245.032: [GC [PSYoungGen: 49136K->6640K(49152K)] 155799K->113343K(160256K), 0.0020350 secs] [Times: user=0.01 sys=0.00, real=0.00 secs] 
245.034: Total time for which application threads were stopped: 0.0054710 seconds, Stopping threads took: 0.0033510 seconds
245.075: Application time: 0.0414100 seconds
245.078: [GC [PSYoungGen: 49136K->5472K(49152K)] 155839K->112175K(160256K), 0.0017970 secs] [Times: user=0.01 sys=0.00, real=0.01 secs] 
245.079: Total time for which application threads were stopped: 0.0042100 seconds, Stopping threads took: 0.0023290 seconds
245.120: Application time: 0.0410720 seconds
245.122: [GC [PSYoungGen: 47968K->6400K(49152K)] 154671K->113111K(160256K), 0.0020980 secs] [Times: user=0.01 sys=0.00, real=0.00 secs] 
245.124: Total time for which application threads were stopped: 0.0034700 seconds, Stopping threads took: 0.0012900 seconds
245.164: Application time: 0.0398910 seconds
245.166: [GC [PSYoungGen: 48896K->6640K(49152K)] 155607K->113423K(160256K), 0.0021850 secs] [Times: user=0.02 sys=0.00, real=0.01 secs] 
245.168: Total time for which application threads were stopped: 0.0044300 seconds, Stopping threads took: 0.0021610 seconds
245.209: Application time: 0.0402390 seconds
245.210: [GC [PSYoungGen: 49136K->6656K(49152K)] 155919K->113927K(160256K), 0.0022040 secs] [Times: user=0.01 sys=0.00, real=0.00 secs] 
245.213: Total time for which application threads were stopped: 0.0041500 seconds, Stopping threads took: 0.0018580 seconds
245.254: Application time: 0.0409270 seconds
245.257: [GC [PSYoungGen: 49152K->6656K(49152K)] 156423K->114271K(160256K), 0.0021740 secs] [Times: user=0.01 sys=0.00, real=0.01 secs] 
245.259: Total time for which application threads were stopped: 0.0051310 seconds, Stopping threads took: 0.0028670 seconds
245.299: Application time: 0.0405290 seconds
245.302: [GC [PSYoungGen: 49152K->6624K(49152K)] 156767K->115319K(160256K), 0.0024690 secs] [Times: user=0.02 sys=0.00, real=0.00 secs] 
245.305: Total time for which application threads were stopped: 0.0055190 seconds, Stopping threads took: 0.0029570 seconds
245.345: Application time: 0.0405860 seconds
245.347: [GC [PSYoungGen: 49120K->6624K(49152K)] 157815K->115327K(160256K), 0.0020140 secs] [Times: user=0.02 sys=0.00, real=0.00 secs] 
245.349: Total time for which application threads were stopped: 0.0039610 seconds, Stopping threads took: 0.0018620 seconds
245.390: Application time: 0.0403820 seconds
245.391: [GC [PSYoungGen: 49120K->6432K(49152K)] 157823K->115143K(160256K), 0.0019760 secs] [Times: user=0.01 sys=0.00, real=0.00 secs] 
245.393: Total time for which application threads were stopped: 0.0033190 seconds, Stopping threads took: 0.0012630 seconds
245.434: Application time: 0.0412850 seconds
245.436: [GC [PSYoungGen: 48928K->6656K(49152K)] 157639K->115383K(160256K), 0.0019590 secs] [Times: user=0.01 sys=0.00, real=0.00 secs] 
245.438: Total time for which application threads were stopped: 0.0035170 seconds, Stopping threads took: 0.0014750 seconds
245.481: Application time: 0.0432840 seconds
245.483: [GC [PSYoungGen: 49151K->6640K(49152K)] 157878K->116531K(160256K), 0.0025570 secs] [Times: user=0.02 sys=0.00, real=0.00 secs] 
245.486: [Full GC [PSYoungGen: 6640K->0K(49152K)] [ParOldGen: 109891K->10794K(111104K)] 116531K->10794K(160256K) [PSPermGen: 5184K->5184K(21504K)], 0.0070260 secs] [Times: user=0.03 sys=0.00, real=0.01 secs] 
245.493: Total time for which application threads were stopped: 0.0117720 seconds, Stopping threads took: 0.0020540 seconds
245.533: Application time: 0.0404940 seconds
245.534: [GC [PSYoungGen: 42496K->6624K(49152K)] 53290K->17762K(160256K), 0.0021270 secs] [Times: user=0.01 sys=0.00, real=0.00 secs] 
245.537: Total time for which application threads were stopped: 0.0032350 seconds, Stopping threads took: 0.0010220 seconds
245.578: Application time: 0.0413290 seconds
245.581: [GC [PSYoungGen: 49120K->6624K(49152K)] 60258K->17978K(160256K), 0.0020680 secs] [Times: user=0.01 sys=0.00, real=0.00 secs] 
245.583: Total time for which application threads were stopped: 0.0052220 seconds, Stopping threads took: 0.0030700 seconds
245.623: Application time: 0.0400730 seconds
245.625: [GC [PSYoungGen: 49120K->6624K(49152K)] 60474K->19178K(160256K), 0.0022970 secs] [Times: user=0.01 sys=0.00, real=0.01 secs] 
245.627: Total time for which application threads were stopped: 0.0035650 seconds, Stopping threads took: 0.0011800 seconds
245.670: Application time: 0.0430620 seconds
245.672: [GC [PSYoungGen: 49120K->6656K(49152K)] 61674K->20250K(160256K), 0.0022190 secs] [Times: user=0.01 sys=0.00, real=0.00 secs] 
245.674: Total time for which application threads were stopped: 0.0040350 seconds, Stopping threads took: 0.0017350 seconds
245.717: Application time: 0.0432160 seconds
245.720: [GC [PSYoungGen: 49152K->6640K(49152K)] 62746K->20282K(160256K), 0.0019130 secs] [Times: user=0.01 sys=0.00, real=0.00 secs] 
245.722: Total time for which application threads were stopped: 0.0050330 seconds, Stopping threads took: 0.0030370 seconds
245.764: Application time: 0.0416750 seconds
245.765: [GC [PSYoungGen: 49136K->6656K(49152K)] 62778K->20306K(160256K), 0.0020300 secs] [Times: user=0.02 sys=0.00, real=0.01 secs] 
245.768: Total time for which application threads were stopped: 0.0036630 seconds, Stopping threads took: 0.0015400 seconds
245.808: Application time: 0.0404140 seconds
245.810: [GC [PSYoungGen: 49152K->6656K(49152K)] 62802K->20682K(160256K), 0.0021490 secs] [Times: user=0.02 sys=0.00, real=0.00 secs] 
245.812: Total time for which application threads were stopped: 0.0039300 seconds, Stopping threads took: 0.0016890 seconds
245.852: Application time: 0.0400450 seconds
245.855: [GC [PSYoungGen: 49152K->6624K(49152K)] 63178K->21298K(160256K), 0.0022050 secs] [Times: user=0.02 sys=0.00, real=0.00 secs] 
245.857: Total time for which application threads were stopped: 0.0051440 seconds, Stopping threads took: 0.0028560 seconds
245.897: Application time: 0.0403860 seconds
245.900: [GC [PSYoungGen: 49120K->6640K(49152K)] 63794K->21842K(160256K), 0.0020670 secs] [Times: user=0.02 sys=0.00, real=0.00 secs] 
245.902: Total time for which application threads were stopped: 0.0049770 seconds, Stopping threads took: 0.0028240 seconds
245.944: Application time: 0.0419290 seconds
245.947: [GC [PSYoungGen: 49136K->6640K(49152K)] 64338K->22330K(160256K), 0.0021410 secs] [Times: user=0.00 sys=0.00, real=0.00 secs] 
245.949: Total time for which application threads were stopped: 0.0044580 seconds, Stopping threads took: 0.0022310 seconds
245.990: Application time: 0.0407390 seconds
245.991: [GC [PSYoungGen: 49136K->6656K(49152K)] 64826K->22570K(160256K), 0.0020400 secs] [Times: user=0.01 sys=0.00, real=0.00 secs] 
245.993: Total time for which application threads were stopped: 0.0038600 seconds, Stopping threads took: 0.0017390 seconds
246.034: Application time: 0.0404780 seconds
246.037: [GC [PSYoungGen: 49152K->6640K(49152K)] 65066K->23210K(160256K), 0.0023120 secs] [Times: user=0.01 sys=0.00, real=0.01 secs] 
246.039: Total time for which application threads were stopped: 0.0052920 seconds, Stopping threads took: 0.0028680 seconds
246.081: Application time: 0.0415890 seconds
246.083: [GC [PSYoungGen: 49136K->6208K(49152K)] 65706K->22778K(160256K), 0.0018810 secs] [Times: user=0.01 sys=0.00, real=0.00 secs] 
246.085: Total time for which application threads were stopped: 0.0039520 seconds, Stopping threads took: 0.0019890 seconds
246.126: Application time: 0.0415370 seconds
246.128: [GC [PSYoungGen: 48704K->6624K(49152K)] 65274K->23194K(160256K), 0.0019540 secs] [Times: user=0.01 sys=0.00, real=0.00 secs] 
246.130: Total time for which application threads were stopped: 0.0035070 seconds, Stopping threads took: 0.0014720 seconds
246.173: Application time: 0.0429240 seconds
246.175: [GC [PSYoungGen: 49120K->5456K(49152K)] 65690K->22026K(160256K), 0.0016150 secs] [Times: user=0.01 sys=0.00, real=0.00 secs] 
246.176: Total time for which application threads were stopped: 0.0036390 seconds, Stopping threads took: 0.0019430 seconds
246.217: Application time: 0.0404920 seconds
246.218: [GC [PSYoungGen: 47952K->6400K(49152K)] 64522K->23410K(160256K), 0.0021150 secs] [Times: user=0.01 sys=0.00, real=0.01 secs] 
246.221: Total time for which application threads were stopped: 0.0037300 seconds, Stopping threads took: 0.0015280 seconds
246.263: Application time: 0.0419830 seconds
246.264: [GC [PSYoungGen: 48896K->6320K(49152K)] 65906K->23330K(160256K), 0.0018740 secs] [Times: user=0.01 sys=0.00, real=0.00 secs] 
246.266: Total time for which application threads were stopped: 0.0037790 seconds, Stopping threads took: 0.0018180 seconds
246.309: Application time: 0.0425240 seconds
246.312: [GC [PSYoungGen: 48816K->6272K(49152K)] 65826K->23282K(160256K), 0.0019140 secs] [Times: user=0.02 sys=0.00, real=0.00 secs] 
246.314: Total time for which application threads were stopped: 0.0051810 seconds, Stopping threads took: 0.0031590 seconds
246.356: Application time: 0.0415880 seconds
246.357: [GC [PSYoungGen: 48768K->5504K(49152K)] 65778K->22514K(160256K), 0.0016610 secs] [Times: user=0.01 sys=0.00, real=0.01 secs] 
246.359: Total time for which application threads were stopped: 0.0033420 seconds, Stopping threads took: 0.0015990 seconds
246.401: Application time: 0.0418680 seconds
246.402: [GC [PSYoungGen: 48000K->6304K(49152K)] 65010K->23314K(160256K), 0.0019060 secs] [Times: user=0.01 sys=0.00, real=0.00 secs] 
246.404: Total time for which application threads were stopped: 0.0034430 seconds, Stopping threads took: 0.0014560 seconds
246.446: Application time: 0.0415640 seconds
246.449: [GC [PSYoungGen: 48800K->6656K(49152K)] 65810K->24098K(160256K), 0.0021970 secs] [Times: user=0.01 sys=0.00, real=0.00 secs] 
246.451: Total time for which application threads were stopped: 0.0050910 seconds, Stopping threads took: 0.0028100 seconds
246.493: Application time: 0.0418550 seconds
246.495: [GC [PSYoungGen: 49152K->6128K(49152K)] 66594K->23586K(160256K), 0.0018710 secs] [Times: user=0.01 sys=0.00, real=0.00 secs] 
246.497: Total time for which application threads were stopped: 0.0041230 seconds, Stopping threads took: 0.0021740 seconds
246.539: Application time: 0.0419100 seconds
246.543: [GC [PSYoungGen: 48624K->5120K(49152K)] 66082K->22594K(160256K), 0.0014990 secs] [Times: user=0.01 sys=0.00, real=0.00 secs] 
246.544: Total time for which application threads were stopped: 0.0052570 seconds, Stopping threads took: 0.0036840 seconds
246.585: Application time: 0.0406760 seconds
246.587: [GC [PSYoungGen: 47616K->6624K(49152K)] 65090K->24650K(160256K), 0.0021640 secs] [Times: user=0.02 sys=0.00, real=0.00 secs] 
246.589: Total time for which application threads were stopped: 0.0039580 seconds, Stopping threads took: 0.0017150 seconds
246.630: Application time: 0.0413870 seconds
246.633: [GC [PSYoungGen: 49120K->6464K(49152K)] 67146K->24490K(160256K), 0.0018340 secs] [Times: user=0.02 sys=0.00, real=0.00 secs] 
246.634: Total time for which application threads were stopped: 0.0041760 seconds, Stopping threads took: 0.0022640 seconds
246.676: Application time: 0.0412260 seconds
246.678: [GC [PSYoungGen: 48959K->6208K(49152K)] 66985K->24250K(160256K), 0.0019350 secs] [Times: user=0.01 sys=0.00, real=0.01 secs] 
246.680: Total time for which application threads were stopped: 0.0043130 seconds, Stopping threads took: 0.0023040 seconds
246.722: Application time: 0.0417730 seconds
246.724: [GC [PSYoungGen: 48704K->6576K(49152K)] 66746K->24634K(160256K), 0.0019680 secs] [Times: user=0.01 sys=0.00, real=0.00 secs] 
246.726: Total time for which application threads were stopped: 0.0042860 seconds, Stopping threads took: 0.0022320 seconds
246.767: Application time: 0.0406220 seconds
246.769: [GC [PSYoungGen: 49072K->5792K(49152K)] 67130K->23858K(160256K), 0.0017300 secs] [Times: user=0.01 sys=0.00, real=0.00 secs] 
246.770: Total time for which application threads were stopped: 0.0037800 seconds, Stopping threads took: 0.0019700 seconds
246.813: Application time: 0.0422890 seconds
246.815: [GC [PSYoungGen: 48288K->5680K(49152K)] 66354K->23762K(160256K), 0.0016300 secs] [Times: user=0.01 sys=0.00, real=0.00 secs] 
246.817: Total time for which application threads were stopped: 0.0038980 seconds, Stopping threads took: 0.0021790 seconds
246.858: Application time: 0.0414890 seconds
246.860: [GC [PSYoungGen: 48176K->6592K(49152K)] 66258K->24674K(160256K), 0.0019150 secs] [Times: user=0.01 sys=0.00, real=0.00 secs] 
246.862: Total time for which application threads were stopped: 0.0039020 seconds, Stopping threads took: 0.0019000 seconds
246.903: Application time: 0.0411980 seconds
246.906: [GC [PSYoungGen: 49088K->6464K(49152K)] 67170K->24546K(160256K), 0.0020850 secs] [Times: user=0.01 sys=0.00, real=0.01 secs] 
246.908: Total time for which application threads were stopped: 0.0048830 seconds, Stopping threads took: 0.0027110 seconds
246.949: Application time: 0.0408430 seconds
246.951: [GC [PSYoungGen: 48960K->6640K(49152K)] 67042K->24770K(160256K), 0.0019390 secs] [Times: user=0.01 sys=0.00, real=0.00 secs] 
246.953: Total time for which application threads were stopped: 0.0038320 seconds, Stopping threads took: 0.0018140 seconds
246.995: Application time: 0.0426100 seconds
246.998: [GC [PSYoungGen: 49136K->6656K(49152K)] 67266K->25642K(160256K), 0.0022080 secs] [Times: user=0.01 sys=0.00, real=0.01 secs] 
247.000: Total time for which application threads were stopped: 0.0045140 seconds, Stopping threads took: 0.0022150 seconds
247.038: Application time: 0.0379830 seconds
247.040: [GC [PSYoungGen: 49152K->6656K(49152K)] 68138K->26594K(160256K), 0.0022430 secs] [Times: user=0.01 sys=0.00, real=0.00 secs] 
247.043: Total time for which application threads were stopped: 0.0048210 seconds, Stopping threads took: 0.0024810 seconds
247.083: Application time: 0.0406170 seconds
247.085: [GC [PSYoungGen: 49152K->6464K(49152K)] 69090K->26410K(160256K), 0.0018620 secs] [Times: user=0.01 sys=0.00, real=0.01 secs] 
247.087: Total time for which application threads were stopped: 0.0039850 seconds, Stopping threads took: 0.0020360 seconds
247.128: Application time: 0.0410050 seconds
247.131: [GC [PSYoungGen: 48960K->5456K(49152K)] 68906K->25410K(160256K), 0.0016260 secs] [Times: user=0.01 sys=0.00, real=0.00 secs] 
247.132: Total time for which application threads were stopped: 0.0041270 seconds, Stopping threads took: 0.0023990 seconds
247.174: Application time: 0.0414330 seconds
247.175: [GC [PSYoungGen: 47952K->5696K(49152K)] 67906K->25650K(160256K), 0.0017230 secs] [Times: user=0.00 sys=0.00, real=0.00 secs] 
247.177: Total time for which application threads were stopped: 0.0030600 seconds, Stopping threads took: 0.0012580 seconds
247.218: Application time: 0.0406420 seconds
247.219: [GC [PSYoungGen: 48192K->6640K(49152K)] 68146K->26930K(160256K), 0.0020900 secs] [Times: user=0.02 sys=0.00, real=0.00 secs] 
247.221: Total time for which application threads were stopped: 0.0036890 seconds, Stopping threads took: 0.0015150 seconds
247.262: Application time: 0.0408830 seconds
247.264: [GC [PSYoungGen: 49136K->6656K(49152K)] 69426K->28170K(160256K), 0.0023220 secs] [Times: user=0.01 sys=0.00, real=0.00 secs] 
247.266: Total time for which application threads were stopped: 0.0040750 seconds, Stopping threads took: 0.0016630 seconds
247.307: Application time: 0.0411390 seconds
247.308: [GC [PSYoungGen: 49152K->6624K(49152K)] 70666K->28138K(160256K), 0.0020110 secs] [Times: user=0.01 sys=0.00, real=0.00 secs] 
247.311: Total time for which application threads were stopped: 0.0031710 seconds, Stopping threads took: 0.0010750 seconds
247.351: Application time: 0.0403440 seconds
247.353: [GC [PSYoungGen: 49120K->6336K(49152K)] 70634K->27850K(160256K), 0.0018620 secs] [Times: user=0.01 sys=0.00, real=0.00 secs] 
247.354: Total time for which application threads were stopped: 0.0035450 seconds, Stopping threads took: 0.0015920 seconds
247.397: Application time: 0.0423600 seconds
247.399: [GC [PSYoungGen: 48832K->5504K(49152K)] 70346K->27018K(160256K), 0.0015850 secs] [Times: user=0.01 sys=0.00, real=0.00 secs] 
247.401: Total time for which application threads were stopped: 0.0041420 seconds, Stopping threads took: 0.0024820 seconds
247.444: Application time: 0.0428470 seconds
247.446: [GC [PSYoungGen: 48000K->5984K(49152K)] 69514K->27498K(160256K), 0.0018380 secs] [Times: user=0.01 sys=0.00, real=0.01 secs] 
247.448: Total time for which application threads were stopped: 0.0040020 seconds, Stopping threads took: 0.0020830 seconds
247.490: Application time: 0.0422210 seconds
247.493: [GC [PSYoungGen: 48480K->5824K(49152K)] 69994K->27338K(160256K), 0.0017380 secs] [Times: user=0.01 sys=0.00, real=0.00 secs] 
247.494: Total time for which application threads were stopped: 0.0043400 seconds, Stopping threads took: 0.0025250 seconds
247.537: Application time: 0.0431190 seconds
247.540: [GC [PSYoungGen: 48320K->6272K(49152K)] 69834K->27786K(160256K), 0.0019140 secs] [Times: user=0.02 sys=0.00, real=0.00 secs] 
247.541: Total time for which application threads were stopped: 0.0040130 seconds, Stopping threads took: 0.0020130 seconds
247.584: Application time: 0.0428840 seconds
247.587: [GC [PSYoungGen: 48768K->5936K(49152K)] 70282K->27450K(160256K), 0.0017560 secs] [Times: user=0.01 sys=0.00, real=0.00 secs] 
247.589: Total time for which application threads were stopped: 0.0041960 seconds, Stopping threads took: 0.0023600 seconds
247.626: Application time: 0.0375570 seconds
247.628: [GC [PSYoungGen: 48432K->6640K(49152K)] 69946K->28843K(160256K), 0.0025870 secs] [Times: user=0.01 sys=0.00, real=0.00 secs] 
247.631: Total time for which application threads were stopped: 0.0048760 seconds, Stopping threads took: 0.0022010 seconds
247.670: Application time: 0.0390030 seconds
247.672: [GC [PSYoungGen: 49136K->6624K(49152K)] 71339K->28834K(160256K), 0.0019530 secs] [Times: user=0.01 sys=0.00, real=0.00 secs] 
247.674: Total time for which application threads were stopped: 0.0036910 seconds, Stopping threads took: 0.0016600 seconds
247.713: Application time: 0.0389060 seconds
247.715: [GC [PSYoungGen: 49120K->6480K(49152K)] 71330K->28691K(160256K), 0.0018400 secs] [Times: user=0.01 sys=0.00, real=0.00 secs] 
247.717: Total time for which application threads were stopped: 0.0040270 seconds, Stopping threads took: 0.0021060 seconds
247.754: Application time: 0.0371670 seconds
247.756: [GC [PSYoungGen: 48976K->6656K(49152K)] 71187K->29379K(160256K), 0.0021730 secs] [Times: user=0.02 sys=0.00, real=0.00 secs] 
247.758: Total time for which application threads were stopped: 0.0040490 seconds, Stopping threads took: 0.0017930 seconds
247.797: Application time: 0.0388460 seconds
247.798: [GC [PSYoungGen: 49152K->6496K(49152K)] 71875K->29227K(160256K), 0.0019040 secs] [Times: user=0.02 sys=0.00, real=0.01 secs] 
247.800: Total time for which application threads were stopped: 0.0028540 seconds, Stopping threads took: 0.0008710 seconds
247.839: Application time: 0.0391980 seconds
247.841: [GC [PSYoungGen: 48991K->6048K(49152K)] 71722K->28787K(160256K), 0.0017560 secs] [Times: user=0.01 sys=0.00, real=0.00 secs] 
247.843: Total time for which application threads were stopped: 0.0044610 seconds, Stopping threads took: 0.0026310 seconds
247.883: Application time: 0.0398120 seconds
247.884: [GC [PSYoungGen: 48544K->5936K(49152K)] 71283K->28675K(160256K), 0.0018550 secs] [Times: user=0.01 sys=0.00, real=0.00 secs] 
247.886: Total time for which application threads were stopped: 0.0033000 seconds, Stopping threads took: 0.0013570 seconds
247.926: Application time: 0.0391850 seconds
247.927: [GC [PSYoungGen: 48432K->6336K(49152K)] 71171K->29083K(160256K), 0.0018750 secs] [Times: user=0.02 sys=0.00, real=0.00 secs] 
247.929: Total time for which application threads were stopped: 0.0037940 seconds, Stopping threads took: 0.0018390 seconds
247.968: Application time: 0.0385870 seconds
247.970: [GC [PSYoungGen: 48832K->5936K(49152K)] 71579K->28683K(160256K), 0.0016970 secs] [Times: user=0.01 sys=0.00, real=0.00 secs] 
247.972: Total time for which application threads were stopped: 0.0041360 seconds, Stopping threads took: 0.0023570 seconds
248.011: Application time: 0.0392380 seconds
248.013: [GC [PSYoungGen: 48432K->6640K(49152K)] 71179K->30251K(160256K), 0.0022300 secs] [Times: user=0.02 sys=0.00, real=0.00 secs] 
248.016: Total time for which application threads were stopped: 0.0044300 seconds, Stopping threads took: 0.0021210 seconds
248.055: Application time: 0.0394640 seconds
248.056: [GC [PSYoungGen: 49136K->5664K(49152K)] 72747K->29275K(160256K), 0.0017760 secs] [Times: user=0.01 sys=0.00, real=0.00 secs] 
248.058: Total time for which application threads were stopped: 0.0027510 seconds, Stopping threads took: 0.0009050 seconds
248.097: Application time: 0.0385780 seconds
248.099: [GC [PSYoungGen: 48160K->5488K(49152K)] 71771K->29099K(160256K), 0.0016870 secs] [Times: user=0.01 sys=0.00, real=0.00 secs] 
248.100: Total time for which application threads were stopped: 0.0039570 seconds, Stopping threads took: 0.0021880 seconds
248.140: Application time: 0.0391550 seconds
248.142: [GC [PSYoungGen: 47984K->6432K(49152K)] 71595K->30051K(160256K), 0.0019040 secs] [Times: user=0.01 sys=0.00, real=0.00 secs] 
248.144: Total time for which application threads were stopped: 0.0041990 seconds, Stopping threads took: 0.0022180 seconds
248.184: Application time: 0.0400370 seconds
248.185: [GC [PSYoungGen: 48928K->6400K(49152K)] 72547K->30019K(160256K), 0.0020600 secs] [Times: user=0.01 sys=0.00, real=0.01 secs] 
248.187: Total time for which application threads were stopped: 0.0032320 seconds, Stopping threads took: 0.0010740 seconds
248.225: Application time: 0.0379700 seconds
248.228: [GC [PSYoungGen: 48896K->6656K(49152K)] 72515K->30779K(160256K), 0.0020800 secs] [Times: user=0.02 sys=0.00, real=0.00 secs] 
248.230: Total time for which application threads were stopped: 0.0052220 seconds, Stopping threads took: 0.0030540 seconds
248.268: Application time: 0.0377720 seconds
248.271: [GC [PSYoungGen: 49152K->6336K(49152K)] 73275K->30459K(160256K), 0.0018960 secs] [Times: user=0.02 sys=0.00, real=0.00 secs] 
248.273: Total time for which application threads were stopped: 0.0045390 seconds, Stopping threads took: 0.0025620 seconds
248.312: Application time: 0.0391740 seconds
248.313: [GC [PSYoungGen: 48832K->6640K(49152K)] 72955K->30795K(160256K), 0.0020350 secs] [Times: user=0.01 sys=0.00, real=0.00 secs] 
248.315: Total time for which application threads were stopped: 0.0035670 seconds, Stopping threads took: 0.0014530 seconds
248.354: Application time: 0.0387660 seconds
248.356: [GC [PSYoungGen: 49136K->6576K(49152K)] 73291K->30739K(160256K), 0.0019250 secs] [Times: user=0.01 sys=0.00, real=0.00 secs] 
248.358: Total time for which application threads were stopped: 0.0037820 seconds, Stopping threads took: 0.0017800 seconds
248.396: Application time: 0.0385280 seconds
248.398: [GC [PSYoungGen: 49072K->6592K(49152K)] 73235K->30763K(160256K), 0.0019090 secs] [Times: user=0.01 sys=0.00, real=0.01 secs] 
248.399: Total time for which application threads were stopped: 0.0030080 seconds, Stopping threads took: 0.0010100 seconds
248.439: Application time: 0.0397490 seconds
248.442: [GC [PSYoungGen: 49088K->6096K(49152K)] 73259K->30267K(160256K), 0.0018130 secs] [Times: user=0.01 sys=0.00, real=0.00 secs] 
248.444: Total time for which application threads were stopped: 0.0043080 seconds, Stopping threads took: 0.0024170 seconds
248.481: Application time: 0.0376920 seconds
248.484: [GC [PSYoungGen: 48592K->6656K(49152K)] 72763K->30915K(160256K), 0.0020320 secs] [Times: user=0.01 sys=0.00, real=0.00 secs] 
248.486: Total time for which application threads were stopped: 0.0044080 seconds, Stopping threads took: 0.0022940 seconds
248.525: Application time: 0.0392540 seconds
248.528: [GC [PSYoungGen: 49152K->6640K(49152K)] 73411K->30907K(160256K), 0.0019260 secs] [Times: user=0.01 sys=0.00, real=0.00 secs] 
248.530: Total time for which application threads were stopped: 0.0051450 seconds, Stopping threads took: 0.0031420 seconds
248.569: Application time: 0.0386400 seconds
248.571: [GC [PSYoungGen: 49136K->6080K(49152K)] 73403K->30347K(160256K), 0.0017680 secs] [Times: user=0.01 sys=0.00, real=0.00 secs] 
248.573: Total time for which application threads were stopped: 0.0039300 seconds, Stopping threads took: 0.0020840 seconds
248.611: Application time: 0.0385450 seconds
248.613: [GC [PSYoungGen: 48576K->6656K(49152K)] 72843K->32027K(160256K), 0.0046670 secs] [Times: user=0.04 sys=0.00, real=0.00 secs] 
248.618: Total time for which application threads were stopped: 0.0065100 seconds, Stopping threads took: 0.0017530 seconds
248.657: Application time: 0.0396460 seconds
248.659: [GC [PSYoungGen: 49152K->5600K(49152K)] 74523K->30971K(160256K), 0.0017870 secs] [Times: user=0.01 sys=0.00, real=0.00 secs] 
248.661: Total time for which application threads were stopped: 0.0036780 seconds, Stopping threads took: 0.0017920 seconds
248.698: Application time: 0.0367180 seconds
248.699: [GC [PSYoungGen: 48096K->6656K(49152K)] 73467K->32699K(160256K), 0.0021590 secs] [Times: user=0.01 sys=0.00, real=0.00 secs] 
248.702: Total time for which application threads were stopped: 0.0038680 seconds, Stopping threads took: 0.0016110 seconds
248.740: Application time: 0.0387460 seconds
248.742: [GC [PSYoungGen: 49152K->6240K(49152K)] 75195K->32291K(160256K), 0.0018300 secs] [Times: user=0.01 sys=0.00, real=0.00 secs] 
248.744: Total time for which application threads were stopped: 0.0037740 seconds, Stopping threads took: 0.0018620 seconds
248.783: Application time: 0.0393020 seconds
248.785: [GC [PSYoungGen: 48736K->6656K(49152K)] 74787K->32891K(160256K), 0.0020860 secs] [Times: user=0.02 sys=0.00, real=0.01 secs] 
248.787: Total time for which application threads were stopped: 0.0037570 seconds, Stopping threads took: 0.0015890 seconds
248.828: Application time: 0.0409780 seconds
248.830: [GC [PSYoungGen: 49152K->6624K(49152K)] 75387K->32859K(160256K), 0.0019300 secs] [Times: user=0.01 sys=0.00, real=0.00 secs] 
248.832: Total time for which application threads were stopped: 0.0037270 seconds, Stopping threads took: 0.0017210 seconds
248.872: Application time: 0.0401060 seconds
248.873: [GC [PSYoungGen: 49120K->6624K(49152K)] 75355K->32899K(160256K), 0.0021460 secs] [Times: user=0.01 sys=0.00, real=0.00 secs] 
248.876: Total time for which application threads were stopped: 0.0036800 seconds, Stopping threads took: 0.0014520 seconds
248.915: Application time: 0.0392640 seconds
248.916: [GC [PSYoungGen: 49120K->6176K(49152K)] 75395K->32467K(160256K), 0.0019520 secs] [Times: user=0.01 sys=0.00, real=0.00 secs] 
248.918: Total time for which application threads were stopped: 0.0034080 seconds, Stopping threads took: 0.0013710 seconds
248.959: Application time: 0.0409440 seconds
248.961: [GC [PSYoungGen: 48672K->6608K(49152K)] 74963K->32907K(160256K), 0.0019570 secs] [Times: user=0.02 sys=0.00, real=0.00 secs] 
248.963: Total time for which application threads were stopped: 0.0032110 seconds, Stopping threads took: 0.0011740 seconds
249.003: Application time: 0.0405760 seconds
249.004: [GC [PSYoungGen: 49104K->6240K(49152K)] 75403K->32539K(160256K), 0.0018870 secs] [Times: user=0.01 sys=0.00, real=0.00 secs] 
249.006: Total time for which application threads were stopped: 0.0029980 seconds, Stopping threads took: 0.0010320 seconds
249.048: Application time: 0.0419950 seconds
249.051: [GC [PSYoungGen: 48736K->6640K(49152K)] 75035K->32947K(160256K), 0.0020220 secs] [Times: user=0.02 sys=0.00, real=0.00 secs] 
249.053: Total time for which application threads were stopped: 0.0045770 seconds, Stopping threads took: 0.0024690 seconds
249.093: Application time: 0.0399510 seconds
249.095: [GC [PSYoungGen: 49136K->6640K(49152K)] 75443K->32947K(160256K), 0.0019090 secs] [Times: user=0.02 sys=0.00, real=0.00 secs] 
249.097: Total time for which application threads were stopped: 0.0042810 seconds, Stopping threads took: 0.0022960 seconds
249.139: Application time: 0.0422890 seconds
249.142: [GC [PSYoungGen: 49136K->6608K(49152K)] 75443K->32915K(160256K), 0.0019700 secs] [Times: user=0.01 sys=0.00, real=0.00 secs] 
249.144: Total time for which application threads were stopped: 0.0049090 seconds, Stopping threads took: 0.0028530 seconds
249.182: Application time: 0.0374640 seconds
249.184: [GC [PSYoungGen: 49104K->6464K(49152K)] 75411K->32779K(160256K), 0.0019050 secs] [Times: user=0.01 sys=0.00, real=0.00 secs] 
249.186: Total time for which application threads were stopped: 0.0042680 seconds, Stopping threads took: 0.0022820 seconds
249.225: Application time: 0.0387160 seconds
249.226: [GC [PSYoungGen: 48960K->6640K(49152K)] 75275K->33667K(160256K), 0.0021360 secs] [Times: user=0.02 sys=0.00, real=0.01 secs] 
249.228: Total time for which application threads were stopped: 0.0034370 seconds, Stopping threads took: 0.0012180 seconds
249.266: Application time: 0.0381710 seconds
249.268: [GC [PSYoungGen: 49136K->6640K(49152K)] 76163K->33731K(160256K), 0.0020030 secs] [Times: user=0.01 sys=0.00, real=0.00 secs] 
249.270: Total time for which application threads were stopped: 0.0040790 seconds, Stopping threads took: 0.0019920 seconds
249.309: Application time: 0.0383490 seconds
249.310: [GC [PSYoungGen: 49136K->6640K(49152K)] 76227K->34979K(160256K), 0.0023270 secs] [Times: user=0.02 sys=0.00, real=0.00 secs] 
249.312: Total time for which application threads were stopped: 0.0036180 seconds, Stopping threads took: 0.0012060 seconds
249.351: Application time: 0.0388970 seconds
249.353: [GC [PSYoungGen: 49136K->6336K(49152K)] 77475K->34675K(160256K), 0.0018970 secs] [Times: user=0.01 sys=0.00, real=0.00 secs] 
249.354: Total time for which application threads were stopped: 0.0033240 seconds, Stopping threads took: 0.0013350 seconds
249.395: Application time: 0.0406280 seconds
249.397: [GC [PSYoungGen: 48832K->6352K(49152K)] 77171K->34691K(160256K), 0.0018970 secs] [Times: user=0.02 sys=0.00, real=0.01 secs] 
249.399: Total time for which application threads were stopped: 0.0037680 seconds, Stopping threads took: 0.0017900 seconds
249.438: Application time: 0.0391240 seconds
249.440: [GC [PSYoungGen: 48848K->5840K(49152K)] 77187K->34195K(160256K), 0.0017000 secs] [Times: user=0.01 sys=0.00, real=0.00 secs] 
249.442: Total time for which application threads were stopped: 0.0036710 seconds, Stopping threads took: 0.0018840 seconds
249.481: Application time: 0.0397380 seconds
249.484: [GC [PSYoungGen: 48336K->6304K(49152K)] 76691K->34667K(160256K), 0.0019090 secs] [Times: user=0.01 sys=0.00, real=0.00 secs] 
249.486: Total time for which application threads were stopped: 0.0049390 seconds, Stopping threads took: 0.0029460 seconds
249.524: Application time: 0.0378530 seconds
249.526: [GC [PSYoungGen: 48800K->6640K(49152K)] 77163K->35379K(160256K), 0.0021160 secs] [Times: user=0.02 sys=0.00, real=0.01 secs] 
249.528: Total time for which application threads were stopped: 0.0038760 seconds, Stopping threads took: 0.0016760 seconds
249.568: Application time: 0.0398620 seconds
249.570: [GC [PSYoungGen: 49136K->5424K(49152K)] 77875K->34163K(160256K), 0.0015980 secs] [Times: user=0.01 sys=0.00, real=0.00 secs] 
249.571: Total time for which application threads were stopped: 0.0032040 seconds, Stopping threads took: 0.0015390 seconds
249.611: Application time: 0.0399010 seconds
249.613: [GC [PSYoungGen: 47920K->6400K(49152K)] 76659K->35139K(160256K), 0.0018990 secs] [Times: user=0.01 sys=0.00, real=0.00 secs] 
249.615: Total time for which application threads were stopped: 0.0035130 seconds, Stopping threads took: 0.0015180 seconds
249.654: Application time: 0.0391670 seconds
249.656: [GC [PSYoungGen: 48896K->6656K(49152K)] 77635K->35467K(160256K), 0.0018940 secs] [Times: user=0.01 sys=0.00, real=0.00 secs] 
249.658: Total time for which application threads were stopped: 0.0042580 seconds, Stopping threads took: 0.0022950 seconds
249.699: Application time: 0.0413920 seconds
249.703: [GC [PSYoungGen: 49152K->5888K(49152K)] 77963K->34715K(160256K), 0.0017610 secs] [Times: user=0.01 sys=0.00, real=0.00 secs] 
249.704: Total time for which application threads were stopped: 0.0050600 seconds, Stopping threads took: 0.0032270 seconds
249.747: Application time: 0.0430150 seconds
249.749: [GC [PSYoungGen: 48384K->5984K(49152K)] 77211K->34811K(160256K), 0.0016790 secs] [Times: user=0.01 sys=0.00, real=0.00 secs] 
249.751: Total time for which application threads were stopped: 0.0036850 seconds, Stopping threads took: 0.0019280 seconds
249.790: Application time: 0.0389160 seconds
249.792: [GC [PSYoungGen: 48480K->6640K(49152K)] 77307K->35619K(160256K), 0.0019840 secs] [Times: user=0.01 sys=0.00, real=0.00 secs] 
249.794: Total time for which application threads were stopped: 0.0036930 seconds, Stopping threads took: 0.0016270 seconds
249.834: Application time: 0.0403310 seconds
249.836: [GC [PSYoungGen: 49136K->6640K(49152K)] 78115K->35675K(160256K), 0.0019410 secs] [Times: user=0.01 sys=0.00, real=0.00 secs] 
249.838: Total time for which application threads were stopped: 0.0035470 seconds, Stopping threads took: 0.0015230 seconds
249.876: Application time: 0.0387840 seconds
249.878: [GC [PSYoungGen: 49136K->5568K(49152K)] 78171K->34603K(160256K), 0.0016970 secs] [Times: user=0.01 sys=0.00, real=0.01 secs] 
249.879: Total time for which application threads were stopped: 0.0030240 seconds, Stopping threads took: 0.0012530 seconds
249.917: Application time: 0.0374490 seconds
249.919: [GC [PSYoungGen: 48064K->6592K(49152K)] 77099K->35627K(160256K), 0.0019120 secs] [Times: user=0.01 sys=0.00, real=0.00 secs] 
249.921: Total time for which application threads were stopped: 0.0044740 seconds, Stopping threads took: 0.0024790 seconds
249.960: Application time: 0.0381980 seconds
249.961: [GC [PSYoungGen: 49088K->5568K(49152K)] 78123K->34619K(160256K), 0.0016930 secs] [Times: user=0.01 sys=0.00, real=0.00 secs] 
249.963: Total time for which application threads were stopped: 0.0036050 seconds, Stopping threads took: 0.0018210 seconds
250.001: Application time: 0.0377840 seconds
250.003: [GC [PSYoungGen: 48063K->6464K(49152K)] 77114K->35523K(160256K), 0.0019120 secs] [Times: user=0.02 sys=0.00, real=0.00 secs] 
250.005: Total time for which application threads were stopped: 0.0043460 seconds, Stopping threads took: 0.0023480 seconds
250.044: Application time: 0.0383400 seconds
250.045: [GC [PSYoungGen: 48960K->6336K(49152K)] 78019K->35395K(160256K), 0.0017930 secs] [Times: user=0.01 sys=0.00, real=0.01 secs] 
250.047: Total time for which application threads were stopped: 0.0033810 seconds, Stopping threads took: 0.0015080 seconds
250.087: Application time: 0.0395550 seconds
250.088: [GC [PSYoungGen: 48832K->6176K(49152K)] 77891K->35235K(160256K), 0.0018270 secs] [Times: user=0.01 sys=0.00, real=0.00 secs] 
250.090: Total time for which application threads were stopped: 0.0033460 seconds, Stopping threads took: 0.0014400 seconds
250.130: Application time: 0.0399510 seconds
250.132: [GC [PSYoungGen: 48672K->6624K(49152K)] 77731K->35967K(160256K), 0.0020150 secs] [Times: user=0.01 sys=0.00, real=0.00 secs] 
250.134: Total time for which application threads were stopped: 0.0041200 seconds, Stopping threads took: 0.0020250 seconds
250.172: Application time: 0.0381490 seconds
250.174: [GC [PSYoungGen: 49120K->6352K(49152K)] 78463K->35695K(160256K), 0.0018670 secs] [Times: user=0.01 sys=0.00, real=0.00 secs] 
250.176: Total time for which application threads were stopped: 0.0039860 seconds, Stopping threads took: 0.0020390 seconds
250.214: Application time: 0.0381840 seconds
250.216: [GC [PSYoungGen: 48848K->6640K(49152K)] 78191K->36039K(160256K), 0.0019410 secs] [Times: user=0.02 sys=0.00, real=0.00 secs] 
250.218: Total time for which application threads were stopped: 0.0039440 seconds, Stopping threads took: 0.0019210 seconds
250.258: Application time: 0.0401080 seconds
250.260: [GC [PSYoungGen: 49136K->6624K(49152K)] 78535K->36615K(160256K), 0.0021180 secs] [Times: user=0.01 sys=0.00, real=0.00 secs] 
250.262: Total time for which application threads were stopped: 0.0036960 seconds, Stopping threads took: 0.0015010 seconds
250.302: Application time: 0.0396410 seconds
250.304: [GC [PSYoungGen: 49120K->6208K(49152K)] 79111K->36215K(160256K), 0.0018090 secs] [Times: user=0.01 sys=0.00, real=0.00 secs] 
250.305: Total time for which application threads were stopped: 0.0036170 seconds, Stopping threads took: 0.0017310 seconds
250.344: Application time: 0.0386010 seconds
250.345: [GC [PSYoungGen: 48704K->6016K(49152K)] 78711K->36031K(160256K), 0.0017780 secs] [Times: user=0.01 sys=0.00, real=0.01 secs] 
250.347: Total time for which application threads were stopped: 0.0028890 seconds, Stopping threads took: 0.0010330 seconds
250.385: Application time: 0.0384100 seconds
250.388: [GC [PSYoungGen: 48512K->6656K(49152K)] 78527K->37103K(160256K), 0.0021360 secs] [Times: user=0.02 sys=0.00, real=0.00 secs] 
250.390: Total time for which application threads were stopped: 0.0051820 seconds, Stopping threads took: 0.0029520 seconds
250.431: Application time: 0.0404160 seconds
250.434: [GC [PSYoungGen: 49152K->6496K(49152K)] 79599K->36943K(160256K), 0.0020610 secs] [Times: user=0.01 sys=0.00, real=0.00 secs] 
250.436: Total time for which application threads were stopped: 0.0048850 seconds, Stopping threads took: 0.0027430 seconds
250.473: Application time: 0.0371670 seconds
250.475: [GC [PSYoungGen: 48992K->6432K(49152K)] 79439K->36887K(160256K), 0.0020390 secs] [Times: user=0.01 sys=0.00, real=0.00 secs] 
250.477: Total time for which application threads were stopped: 0.0044290 seconds, Stopping threads took: 0.0022800 seconds
250.515: Application time: 0.0380850 seconds
250.518: [GC [PSYoungGen: 48927K->6656K(49152K)] 79383K->37639K(160256K), 0.0023170 secs] [Times: user=0.01 sys=0.00, real=0.01 secs] 
250.520: Total time for which application threads were stopped: 0.0049690 seconds, Stopping threads took: 0.0025600 seconds
250.562: Application time: 0.0413310 seconds
250.565: [GC [PSYoungGen: 49152K->6464K(49152K)] 80135K->37447K(160256K), 0.0019350 secs] [Times: user=0.01 sys=0.00, real=0.00 secs] 
250.566: Total time for which application threads were stopped: 0.0047290 seconds, Stopping threads took: 0.0027140 seconds
250.604: Application time: 0.0375820 seconds
250.605: [GC [PSYoungGen: 48960K->6656K(49152K)] 79943K->37663K(160256K), 0.0020780 secs] [Times: user=0.02 sys=0.00, real=0.01 secs] 
250.608: Total time for which application threads were stopped: 0.0035280 seconds, Stopping threads took: 0.0013660 seconds
250.645: Application time: 0.0375600 seconds
250.647: [GC [PSYoungGen: 49152K->6656K(49152K)] 80159K->37679K(160256K), 0.0019530 secs] [Times: user=0.01 sys=0.00, real=0.00 secs] 
250.649: Total time for which application threads were stopped: 0.0038450 seconds, Stopping threads took: 0.0018100 seconds
250.687: Application time: 0.0381800 seconds
250.689: [GC [PSYoungGen: 49152K->6592K(49152K)] 80175K->37615K(160256K), 0.0019970 secs] [Times: user=0.01 sys=0.00, real=0.00 secs] 
250.691: Total time for which application threads were stopped: 0.0035860 seconds, Stopping threads took: 0.0014850 seconds
250.728: Application time: 0.0376810 seconds
250.731: [GC [PSYoungGen: 49087K->6352K(49152K)] 80111K->37383K(160256K), 0.0018660 secs] [Times: user=0.01 sys=0.00, real=0.00 secs] 
250.733: Total time for which application threads were stopped: 0.0043390 seconds, Stopping threads took: 0.0023910 seconds
250.770: Application time: 0.0371440 seconds
250.772: [GC [PSYoungGen: 48848K->6640K(49152K)] 79879K->38071K(160256K), 0.0020370 secs] [Times: user=0.01 sys=0.00, real=0.00 secs] 
250.774: Total time for which application threads were stopped: 0.0041110 seconds, Stopping threads took: 0.0019900 seconds
250.813: Application time: 0.0394220 seconds
250.815: [GC [PSYoungGen: 49136K->5440K(49152K)] 80567K->36871K(160256K), 0.0016910 secs] [Times: user=0.02 sys=0.00, real=0.00 secs] 
250.816: Total time for which application threads were stopped: 0.0029780 seconds, Stopping threads took: 0.0012090 seconds
250.856: Application time: 0.0393320 seconds
250.858: [GC [PSYoungGen: 47936K->6656K(49152K)] 79367K->38143K(160256K), 0.0020320 secs] [Times: user=0.01 sys=0.00, real=0.01 secs] 
250.860: Total time for which application threads were stopped: 0.0040770 seconds, Stopping threads took: 0.0019730 seconds
250.899: Application time: 0.0389620 seconds
250.900: [GC [PSYoungGen: 49152K->5280K(49152K)] 80639K->36767K(160256K), 0.0016640 secs] [Times: user=0.02 sys=0.00, real=0.00 secs] 
250.902: Total time for which application threads were stopped: 0.0027050 seconds, Stopping threads took: 0.0009670 seconds
250.940: Application time: 0.0388350 seconds
250.942: [GC [PSYoungGen: 47776K->6640K(49152K)] 79263K->38135K(160256K), 0.0020020 secs] [Times: user=0.01 sys=0.00, real=0.00 secs] 
250.944: Total time for which application threads were stopped: 0.0034720 seconds, Stopping threads took: 0.0013880 seconds
250.984: Application time: 0.0404280 seconds
250.987: [GC [PSYoungGen: 49136K->6656K(49152K)] 80631K->38159K(160256K), 0.0019340 secs] [Times: user=0.01 sys=0.00, real=0.00 secs] 
250.989: Total time for which application threads were stopped: 0.0044190 seconds, Stopping threads took: 0.0024050 seconds
251.026: Application time: 0.0376910 seconds
251.029: [GC [PSYoungGen: 49152K->6640K(49152K)] 80655K->38415K(160256K), 0.0020220 secs] [Times: user=0.02 sys=0.00, real=0.00 secs] 
251.031: Total time for which application threads were stopped: 0.0046080 seconds, Stopping threads took: 0.0025050 seconds
251.070: Application time: 0.0393280 seconds
251.071: [GC [PSYoungGen: 49136K->5392K(49152K)] 80911K->37167K(160256K), 0.0016260 secs] [Times: user=0.01 sys=0.00, real=0.00 secs] 
251.073: Total time for which application threads were stopped: 0.0026200 seconds, Stopping threads took: 0.0009190 seconds
251.112: Application time: 0.0390760 seconds
251.114: [GC [PSYoungGen: 47888K->6640K(49152K)] 79663K->38447K(160256K), 0.0020910 secs] [Times: user=0.02 sys=0.00, real=0.00 secs] 
251.116: Total time for which application threads were stopped: 0.0041180 seconds, Stopping threads took: 0.0019440 seconds
251.154: Application time: 0.0378640 seconds
251.156: [GC [PSYoungGen: 49136K->6640K(49152K)] 80943K->38783K(160256K), 0.0021150 secs] [Times: user=0.01 sys=0.00, real=0.00 secs] 
251.158: Total time for which application threads were stopped: 0.0038570 seconds, Stopping threads took: 0.0016580 seconds
251.199: Application time: 0.0406720 seconds
251.201: [GC [PSYoungGen: 49136K->6656K(49152K)] 81279K->39103K(160256K), 0.0104480 secs] [Times: user=0.07 sys=0.00, real=0.01 secs] 
251.211: Total time for which application threads were stopped: 0.0128630 seconds, Stopping threads took: 0.0023350 seconds
251.249: Application time: 0.0380470 seconds
251.251: [GC [PSYoungGen: 49152K->6656K(49152K)] 81599K->39231K(160256K), 0.0020220 secs] [Times: user=0.01 sys=0.00, real=0.00 secs] 
251.253: Total time for which application threads were stopped: 0.0036250 seconds, Stopping threads took: 0.0015220 seconds
251.290: Application time: 0.0372030 seconds
251.293: [GC [PSYoungGen: 49152K->6640K(49152K)] 81727K->40168K(160256K), 0.0022150 secs] [Times: user=0.02 sys=0.00, real=0.00 secs] 
251.295: Total time for which application threads were stopped: 0.0045000 seconds, Stopping threads took: 0.0022000 seconds
251.334: Application time: 0.0388910 seconds
251.335: [GC [PSYoungGen: 49136K->5984K(49152K)] 82664K->39512K(160256K), 0.0018220 secs] [Times: user=0.01 sys=0.00, real=0.00 secs] 
251.337: Total time for which application threads were stopped: 0.0030290 seconds, Stopping threads took: 0.0011260 seconds
251.377: Application time: 0.0403170 seconds
251.379: [GC [PSYoungGen: 48480K->6384K(49152K)] 82008K->39920K(160256K), 0.0018410 secs] [Times: user=0.01 sys=0.00, real=0.00 secs] 
251.381: Total time for which application threads were stopped: 0.0035610 seconds, Stopping threads took: 0.0016440 seconds
251.420: Application time: 0.0395030 seconds
251.421: [GC [PSYoungGen: 48880K->6640K(49152K)] 82416K->40640K(160256K), 0.0021820 secs] [Times: user=0.01 sys=0.00, real=0.00 secs] 
251.424: Total time for which application threads were stopped: 0.0035890 seconds, Stopping threads took: 0.0013270 seconds
251.463: Application time: 0.0391980 seconds
251.465: [GC [PSYoungGen: 49136K->6624K(49152K)] 83136K->40864K(160256K), 0.0020040 secs] [Times: user=0.01 sys=0.00, real=0.01 secs] 
251.467: Total time for which application threads were stopped: 0.0039320 seconds, Stopping threads took: 0.0018410 seconds
251.506: Application time: 0.0391430 seconds
251.508: [GC [PSYoungGen: 49120K->6656K(49152K)] 83360K->40912K(160256K), 0.0020330 secs] [Times: user=0.02 sys=0.00, real=0.00 secs] 
251.510: Total time for which application threads were stopped: 0.0041750 seconds, Stopping threads took: 0.0020520 seconds
251.550: Application time: 0.0402030 seconds
251.552: [GC [PSYoungGen: 49152K->5360K(49152K)] 83408K->39624K(160256K), 0.0015220 secs] [Times: user=0.00 sys=0.00, real=0.00 secs] 
251.554: Total time for which application threads were stopped: 0.0032340 seconds, Stopping threads took: 0.0016380 seconds
251.592: Application time: 0.0383570 seconds
251.594: [GC [PSYoungGen: 47854K->6640K(49152K)] 82118K->41496K(160256K), 0.0022390 secs] [Times: user=0.01 sys=0.00, real=0.00 secs] 
251.596: Total time for which application threads were stopped: 0.0040470 seconds, Stopping threads took: 0.0017260 seconds
251.638: Application time: 0.0417090 seconds
251.640: [GC [PSYoungGen: 49136K->5680K(49152K)] 83992K->40536K(160256K), 0.0017220 secs] [Times: user=0.01 sys=0.00, real=0.00 secs] 
251.642: Total time for which application threads were stopped: 0.0044030 seconds, Stopping threads took: 0.0026010 seconds
251.683: Application time: 0.0409740 seconds
251.685: [GC [PSYoungGen: 48176K->6576K(49152K)] 83032K->41432K(160256K), 0.0019510 secs] [Times: user=0.01 sys=0.00, real=0.01 secs] 
251.687: Total time for which application threads were stopped: 0.0040570 seconds, Stopping threads took: 0.0020180 seconds
251.728: Application time: 0.0410450 seconds
251.731: [GC [PSYoungGen: 49072K->5040K(49152K)] 83928K->39904K(160256K), 0.0015670 secs] [Times: user=0.01 sys=0.00, real=0.00 secs] 
251.732: Total time for which application threads were stopped: 0.0042290 seconds, Stopping threads took: 0.0025850 seconds
251.774: Application time: 0.0417040 seconds
251.777: [GC [PSYoungGen: 47536K->5888K(49152K)] 82400K->40752K(160256K), 0.0017220 secs] [Times: user=0.01 sys=0.00, real=0.01 secs] 
251.779: Total time for which application threads were stopped: 0.0046400 seconds, Stopping threads took: 0.0028370 seconds
251.820: Application time: 0.0415660 seconds
251.821: [GC [PSYoungGen: 48384K->5856K(49152K)] 83248K->40720K(160256K), 0.0017350 secs] [Times: user=0.02 sys=0.00, real=0.00 secs] 
251.823: Total time for which application threads were stopped: 0.0027990 seconds, Stopping threads took: 0.0009840 seconds
251.865: Application time: 0.0414050 seconds
251.866: [GC [PSYoungGen: 48352K->5680K(49152K)] 83216K->40544K(160256K), 0.0017050 secs] [Times: user=0.01 sys=0.00, real=0.01 secs] 
251.868: Total time for which application threads were stopped: 0.0031950 seconds, Stopping threads took: 0.0014120 seconds
251.909: Application time: 0.0415740 seconds
251.912: [GC [PSYoungGen: 48176K->6656K(49152K)] 83040K->41648K(160256K), 0.0019350 secs] [Times: user=0.01 sys=0.00, real=0.00 secs] 
251.914: Total time for which application threads were stopped: 0.0046450 seconds, Stopping threads took: 0.0026340 seconds
251.955: Application time: 0.0411420 seconds
251.957: [GC [PSYoungGen: 49152K->6240K(49152K)] 84144K->41240K(160256K), 0.0018700 secs] [Times: user=0.01 sys=0.01, real=0.01 secs] 
251.959: Total time for which application threads were stopped: 0.0036880 seconds, Stopping threads took: 0.0017320 seconds
252.000: Application time: 0.0412020 seconds
252.002: [GC [PSYoungGen: 48736K->6448K(49152K)] 83736K->41448K(160256K), 0.0019030 secs] [Times: user=0.01 sys=0.00, real=0.00 secs] 
252.004: Total time for which application threads were stopped: 0.0040620 seconds, Stopping threads took: 0.0020770 seconds
252.047: Application time: 0.0427510 seconds
252.049: [GC [PSYoungGen: 48944K->5936K(49152K)] 83944K->40936K(160256K), 0.0018770 secs] [Times: user=0.01 sys=0.00, real=0.00 secs] 
252.051: Total time for which application threads were stopped: 0.0037030 seconds, Stopping threads took: 0.0017290 seconds
252.094: Application time: 0.0431070 seconds
252.096: [GC [PSYoungGen: 48432K->5936K(49152K)] 83432K->40944K(160256K), 0.0016830 secs] [Times: user=0.01 sys=0.00, real=0.00 secs] 
252.098: Total time for which application threads were stopped: 0.0043470 seconds, Stopping threads took: 0.0025860 seconds
252.139: Application time: 0.0405530 seconds
252.141: [GC [PSYoungGen: 48432K->6656K(49152K)] 83440K->41776K(160256K), 0.0020040 secs] [Times: user=0.02 sys=0.00, real=0.00 secs] 
252.143: Total time for which application threads were stopped: 0.0046160 seconds, Stopping threads took: 0.0025260 seconds
252.184: Application time: 0.0409230 seconds
252.186: [GC [PSYoungGen: 49152K->6208K(49152K)] 84272K->41328K(160256K), 0.0018920 secs] [Times: user=0.01 sys=0.00, real=0.01 secs] 
252.188: Total time for which application threads were stopped: 0.0038370 seconds, Stopping threads took: 0.0018670 seconds
252.228: Application time: 0.0400990 seconds
252.230: [GC [PSYoungGen: 48704K->5680K(49152K)] 83824K->40800K(160256K), 0.0017330 secs] [Times: user=0.01 sys=0.00, real=0.00 secs] 
252.232: Total time for which application threads were stopped: 0.0037580 seconds, Stopping threads took: 0.0019400 seconds
252.275: Application time: 0.0429150 seconds
252.277: [GC [PSYoungGen: 48176K->6560K(49152K)] 83296K->41696K(160256K), 0.0018930 secs] [Times: user=0.01 sys=0.00, real=0.01 secs] 
252.279: Total time for which application threads were stopped: 0.0045990 seconds, Stopping threads took: 0.0026190 seconds
252.320: Application time: 0.0410230 seconds
252.322: [GC [PSYoungGen: 49056K->6640K(49152K)] 84192K->42560K(160256K), 0.0022450 secs] [Times: user=0.01 sys=0.00, real=0.00 secs] 
252.324: Total time for which application threads were stopped: 0.0039080 seconds, Stopping threads took: 0.0015810 seconds
252.365: Application time: 0.0403020 seconds
252.367: [GC [PSYoungGen: 49136K->6640K(49152K)] 85056K->44088K(160256K), 0.0024510 secs] [Times: user=0.01 sys=0.00, real=0.00 secs] 
252.370: Total time for which application threads were stopped: 0.0051680 seconds, Stopping threads took: 0.0026330 seconds
252.411: Application time: 0.0410320 seconds
252.412: [GC [PSYoungGen: 49136K->6640K(49152K)] 86584K->44464K(160256K), 0.0021060 secs] [Times: user=0.02 sys=0.00, real=0.00 secs] 
252.414: Total time for which application threads were stopped: 0.0033660 seconds, Stopping threads took: 0.0011810 seconds
252.456: Application time: 0.0415530 seconds
252.458: [GC [PSYoungGen: 49136K->6656K(49152K)] 86960K->45832K(160256K), 0.0023510 secs] [Times: user=0.02 sys=0.00, real=0.01 secs] 
252.460: Total time for which application threads were stopped: 0.0045950 seconds, Stopping threads took: 0.0021570 seconds
252.500: Application time: 0.0400300 seconds
252.502: [GC [PSYoungGen: 49152K->6656K(49152K)] 88328K->45960K(160256K), 0.0020100 secs] [Times: user=0.01 sys=0.00, real=0.00 secs] 
252.504: Total time for which application threads were stopped: 0.0033960 seconds, Stopping threads took: 0.0013020 seconds
252.546: Application time: 0.0422090 seconds
252.549: [GC [PSYoungGen: 49152K->5760K(49152K)] 88456K->45064K(160256K), 0.0017900 secs] [Times: user=0.01 sys=0.00, real=0.00 secs] 
252.551: Total time for which application threads were stopped: 0.0046460 seconds, Stopping threads took: 0.0027800 seconds
252.592: Application time: 0.0411250 seconds
252.594: [GC [PSYoungGen: 48256K->6304K(49152K)] 87560K->45616K(160256K), 0.0019230 secs] [Times: user=0.01 sys=0.00, real=0.00 secs] 
252.596: Total time for which application threads were stopped: 0.0042060 seconds, Stopping threads took: 0.0021880 seconds
252.637: Application time: 0.0407160 seconds
252.639: [GC [PSYoungGen: 48800K->6624K(49152K)] 88112K->46720K(160256K), 0.0021700 secs] [Times: user=0.01 sys=0.00, real=0.00 secs] 
252.641: Total time for which application threads were stopped: 0.0048290 seconds, Stopping threads took: 0.0025750 seconds
252.682: Application time: 0.0403900 seconds
252.687: [GC [PSYoungGen: 49120K->6656K(49152K)] 89216K->47416K(160256K), 0.0024260 secs] [Times: user=0.02 sys=0.00, real=0.00 secs] 
252.689: Total time for which application threads were stopped: 0.0074860 seconds, Stopping threads took: 0.0049740 seconds
252.731: Application time: 0.0419050 seconds
252.733: [GC [PSYoungGen: 49152K->6640K(49152K)] 89912K->47848K(160256K), 0.0021260 secs] [Times: user=0.01 sys=0.00, real=0.00 secs] 
252.735: Total time for which application threads were stopped: 0.0035100 seconds, Stopping threads took: 0.0012980 seconds
252.774: Application time: 0.0394840 seconds
252.777: [GC [PSYoungGen: 49136K->6656K(49152K)] 90344K->49132K(160256K), 0.0024070 secs] [Times: user=0.01 sys=0.00, real=0.01 secs] 
252.779: Total time for which application threads were stopped: 0.0049660 seconds, Stopping threads took: 0.0024750 seconds
252.820: Application time: 0.0410170 seconds
252.822: [GC [PSYoungGen: 49152K->6176K(49152K)] 91628K->48652K(160256K), 0.0018470 secs] [Times: user=0.01 sys=0.00, real=0.00 secs] 
252.823: Total time for which application threads were stopped: 0.0032440 seconds, Stopping threads took: 0.0013210 seconds
252.866: Application time: 0.0425100 seconds
252.868: [GC [PSYoungGen: 48672K->6560K(49152K)] 91148K->49044K(160256K), 0.0019940 secs] [Times: user=0.01 sys=0.00, real=0.00 secs] 
252.870: Total time for which application threads were stopped: 0.0041150 seconds, Stopping threads took: 0.0020400 seconds
252.912: Application time: 0.0417690 seconds
252.914: [GC [PSYoungGen: 49056K->5984K(49152K)] 91540K->48468K(160256K), 0.0018680 secs] [Times: user=0.02 sys=0.00, real=0.00 secs] 
252.916: Total time for which application threads were stopped: 0.0038230 seconds, Stopping threads took: 0.0018590 seconds
252.958: Application time: 0.0424700 seconds
252.960: [GC [PSYoungGen: 48480K->5792K(49152K)] 90964K->48276K(160256K), 0.0017630 secs] [Times: user=0.02 sys=0.00, real=0.00 secs] 
252.961: Total time for which application threads were stopped: 0.0032310 seconds, Stopping threads took: 0.0013840 seconds
253.004: Application time: 0.0425130 seconds
253.006: [GC [PSYoungGen: 48288K->6320K(49152K)] 90772K->48812K(160256K), 0.0019430 secs] [Times: user=0.02 sys=0.00, real=0.01 secs] 
253.008: Total time for which application threads were stopped: 0.0037850 seconds, Stopping threads took: 0.0017610 seconds
253.049: Application time: 0.0414080 seconds
253.052: [GC [PSYoungGen: 48816K->6656K(49152K)] 91308K->49556K(160256K), 0.0022540 secs] [Times: user=0.01 sys=0.00, real=0.00 secs] 
253.054: Total time for which application threads were stopped: 0.0048870 seconds, Stopping threads took: 0.0025540 seconds
253.099: Application time: 0.0448400 seconds
253.101: [GC [PSYoungGen: 49152K->5952K(49152K)] 92052K->48860K(160256K), 0.0018160 secs] [Times: user=0.01 sys=0.00, real=0.00 secs] 
253.102: Total time for which application threads were stopped: 0.0035380 seconds, Stopping threads took: 0.0016320 seconds
253.143: Application time: 0.0410880 seconds
253.146: [GC [PSYoungGen: 48447K->6640K(49152K)] 91356K->49556K(160256K), 0.0019890 secs] [Times: user=0.01 sys=0.00, real=0.01 secs] 
253.148: Total time for which application threads were stopped: 0.0046900 seconds, Stopping threads took: 0.0026110 seconds
253.191: Application time: 0.0423830 seconds
253.193: [GC [PSYoungGen: 49136K->6624K(49152K)] 92052K->49988K(160256K), 0.0021150 secs] [Times: user=0.02 sys=0.00, real=0.00 secs] 
253.195: Total time for which application threads were stopped: 0.0041760 seconds, Stopping threads took: 0.0019710 seconds
253.236: Application time: 0.0412490 seconds
253.238: [GC [PSYoungGen: 49120K->6464K(49152K)] 92484K->49844K(160256K), 0.0019770 secs] [Times: user=0.00 sys=0.01, real=0.01 secs] 
253.241: Total time for which application threads were stopped: 0.0045120 seconds, Stopping threads took: 0.0024500 seconds
253.282: Application time: 0.0411850 seconds
253.284: [GC [PSYoungGen: 48960K->6656K(49152K)] 92340K->50772K(160256K), 0.0021910 secs] [Times: user=0.01 sys=0.01, real=0.01 secs] 
253.287: Total time for which application threads were stopped: 0.0048650 seconds, Stopping threads took: 0.0025750 seconds
253.326: Application time: 0.0394790 seconds
253.328: [GC [PSYoungGen: 49152K->6656K(49152K)] 93268K->52372K(160256K), 0.0024720 secs] [Times: user=0.02 sys=0.00, real=0.00 secs] 
253.330: Total time for which application threads were stopped: 0.0041220 seconds, Stopping threads took: 0.0015630 seconds
253.371: Application time: 0.0411890 seconds
253.373: [GC [PSYoungGen: 49152K->6048K(49152K)] 94868K->51764K(160256K), 0.0017820 secs] [Times: user=0.01 sys=0.00, real=0.00 secs] 
253.375: Total time for which application threads were stopped: 0.0037160 seconds, Stopping threads took: 0.0018550 seconds
253.417: Application time: 0.0420410 seconds
253.420: [GC [PSYoungGen: 48544K->5824K(49152K)] 94260K->51540K(160256K), 0.0017500 secs] [Times: user=0.01 sys=0.00, real=0.00 secs] 
253.422: Total time for which application threads were stopped: 0.0048700 seconds, Stopping threads took: 0.0030430 seconds
253.463: Application time: 0.0414330 seconds
253.465: [GC [PSYoungGen: 48320K->5712K(49152K)] 94036K->51428K(160256K), 0.0017380 secs] [Times: user=0.02 sys=0.00, real=0.01 secs] 
253.467: Total time for which application threads were stopped: 0.0034580 seconds, Stopping threads took: 0.0016390 seconds
253.509: Application time: 0.0424550 seconds
253.511: [GC [PSYoungGen: 48208K->5488K(49152K)] 93924K->51204K(160256K), 0.0016340 secs] [Times: user=0.01 sys=0.00, real=0.00 secs] 
253.513: Total time for which application threads were stopped: 0.0037540 seconds, Stopping threads took: 0.0020390 seconds
253.556: Application time: 0.0424430 seconds
253.558: [GC [PSYoungGen: 47984K->6528K(49152K)] 93700K->52252K(160256K), 0.0020760 secs] [Times: user=0.01 sys=0.00, real=0.01 secs] 
253.561: Total time for which application threads were stopped: 0.0049890 seconds, Stopping threads took: 0.0028310 seconds
253.604: Application time: 0.0430140 seconds
253.605: [GC [PSYoungGen: 49024K->6640K(49152K)] 94748K->53100K(160256K), 0.0022350 secs] [Times: user=0.01 sys=0.00, real=0.01 secs] 
253.608: Total time for which application threads were stopped: 0.0039660 seconds, Stopping threads took: 0.0016410 seconds
253.650: Application time: 0.0428510 seconds
253.653: [GC [PSYoungGen: 49136K->6224K(49152K)] 95596K->52692K(160256K), 0.0017290 secs] [Times: user=0.02 sys=0.00, real=0.00 secs] 
253.655: Total time for which application threads were stopped: 0.0044170 seconds, Stopping threads took: 0.0026150 seconds
253.697: Application time: 0.0422410 seconds
253.699: [GC [PSYoungGen: 48720K->5664K(49152K)] 95188K->52132K(160256K), 0.0019440 secs] [Times: user=0.01 sys=0.00, real=0.00 secs] 
253.701: Total time for which application threads were stopped: 0.0035380 seconds, Stopping threads took: 0.0015100 seconds
253.743: Application time: 0.0425220 seconds
253.745: [GC [PSYoungGen: 48160K->6640K(49152K)] 94628K->53292K(160256K), 0.0020340 secs] [Times: user=0.01 sys=0.00, real=0.01 secs] 
253.747: Total time for which application threads were stopped: 0.0041330 seconds, Stopping threads took: 0.0020120 seconds
253.789: Application time: 0.0418620 seconds
253.791: [GC [PSYoungGen: 49136K->5808K(49152K)] 95788K->52468K(160256K), 0.0017810 secs] [Times: user=0.01 sys=0.00, real=0.00 secs] 
253.793: Total time for which application threads were stopped: 0.0037980 seconds, Stopping threads took: 0.0019400 seconds
253.835: Application time: 0.0421210 seconds
253.837: [GC [PSYoungGen: 48304K->6640K(49152K)] 94964K->53356K(160256K), 0.0019930 secs] [Times: user=0.01 sys=0.00, real=0.01 secs] 
253.840: Total time for which application threads were stopped: 0.0044680 seconds, Stopping threads took: 0.0023900 seconds
253.880: Application time: 0.0401730 seconds
253.882: [GC [PSYoungGen: 49136K->6640K(49152K)] 95852K->53372K(160256K), 0.0020120 secs] [Times: user=0.01 sys=0.00, real=0.00 secs] 
253.884: Total time for which application threads were stopped: 0.0038940 seconds, Stopping threads took: 0.0017970 seconds
253.924: Application time: 0.0407470 seconds
253.926: [GC [PSYoungGen: 49136K->6640K(49152K)] 95868K->53372K(160256K), 0.0020430 secs] [Times: user=0.01 sys=0.00, real=0.01 secs] 
253.928: Total time for which application threads were stopped: 0.0033260 seconds, Stopping threads took: 0.0011970 seconds
253.968: Application time: 0.0403250 seconds
253.971: [GC [PSYoungGen: 49136K->6624K(49152K)] 95868K->53620K(160256K), 0.0021310 secs] [Times: user=0.01 sys=0.00, real=0.00 secs] 
253.973: Total time for which application threads were stopped: 0.0047790 seconds, Stopping threads took: 0.0025600 seconds
254.013: Application time: 0.0400680 seconds
254.015: [GC [PSYoungGen: 49120K->6592K(49152K)] 96116K->53588K(160256K), 0.0019280 secs] [Times: user=0.01 sys=0.00, real=0.00 secs] 
254.017: Total time for which application threads were stopped: 0.0043150 seconds, Stopping threads took: 0.0023000 seconds
254.058: Application time: 0.0406030 seconds
254.060: [GC [PSYoungGen: 49088K->6624K(49152K)] 96084K->54120K(160256K), 0.0020090 secs] [Times: user=0.01 sys=0.00, real=0.00 secs] 
254.062: Total time for which application threads were stopped: 0.0044890 seconds, Stopping threads took: 0.0024040 seconds
254.102: Application time: 0.0394050 seconds
254.103: [GC [PSYoungGen: 49120K->6656K(49152K)] 96616K->55513K(160256K), 0.0024670 secs] [Times: user=0.02 sys=0.00, real=0.00 secs] 
254.106: Total time for which application threads were stopped: 0.0041880 seconds, Stopping threads took: 0.0016350 seconds
254.146: Application time: 0.0404650 seconds
254.148: [GC [PSYoungGen: 49152K->6656K(49152K)] 98009K->56185K(160256K), 0.0022050 secs] [Times: user=0.02 sys=0.00, real=0.00 secs] 
254.150: Total time for which application threads were stopped: 0.0040820 seconds, Stopping threads took: 0.0017840 seconds
254.191: Application time: 0.0409180 seconds
254.194: [GC [PSYoungGen: 49152K->6656K(49152K)] 98681K->57225K(160256K), 0.0022800 secs] [Times: user=0.01 sys=0.00, real=0.00 secs] 
254.197: Total time for which application threads were stopped: 0.0052690 seconds, Stopping threads took: 0.0029030 seconds
254.237: Application time: 0.0402500 seconds
254.239: [GC [PSYoungGen: 49152K->6480K(49152K)] 99721K->57049K(160256K), 0.0021580 secs] [Times: user=0.01 sys=0.00, real=0.00 secs] 
254.241: Total time for which application threads were stopped: 0.0039890 seconds, Stopping threads took: 0.0017490 seconds
254.281: Application time: 0.0401990 seconds
254.283: [GC [PSYoungGen: 48976K->6352K(49152K)] 99545K->56921K(160256K), 0.0020550 secs] [Times: user=0.01 sys=0.00, real=0.00 secs] 
254.285: Total time for which application threads were stopped: 0.0040050 seconds, Stopping threads took: 0.0018700 seconds
254.325: Application time: 0.0398160 seconds
254.328: [GC [PSYoungGen: 48848K->6624K(49152K)] 99417K->57593K(160256K), 0.0021890 secs] [Times: user=0.02 sys=0.00, real=0.00 secs] 
254.330: Total time for which application threads were stopped: 0.0052500 seconds, Stopping threads took: 0.0029770 seconds
254.370: Application time: 0.0401800 seconds
254.372: [GC [PSYoungGen: 49120K->6656K(49152K)] 100089K->57905K(160256K), 0.0023460 secs] [Times: user=0.02 sys=0.00, real=0.00 secs] 
254.374: Total time for which application threads were stopped: 0.0040690 seconds, Stopping threads took: 0.0016180 seconds
254.414: Application time: 0.0394730 seconds
254.416: [GC [PSYoungGen: 49152K->6656K(49152K)] 100401K->58065K(160256K), 0.0020700 secs] [Times: user=0.02 sys=0.00, real=0.00 secs] 
254.418: Total time for which application threads were stopped: 0.0041480 seconds, Stopping threads took: 0.0019850 seconds
254.459: Application time: 0.0411640 seconds
254.462: [GC [PSYoungGen: 49152K->6656K(49152K)] 100561K->59153K(160256K), 0.0023010 secs] [Times: user=0.02 sys=0.00, real=0.00 secs] 
254.465: Total time for which application threads were stopped: 0.0056110 seconds, Stopping threads took: 0.0032270 seconds
254.505: Application time: 0.0402210 seconds
254.507: [GC [PSYoungGen: 49152K->6624K(49152K)] 101649K->60017K(160256K), 0.0023440 secs] [Times: user=0.01 sys=0.00, real=0.00 secs] 
254.509: Total time for which application threads were stopped: 0.0041560 seconds, Stopping threads took: 0.0017220 seconds
254.552: Application time: 0.0427540 seconds
254.555: [GC [PSYoungGen: 49120K->6640K(49152K)] 102513K->60509K(160256K), 0.0021290 secs] [Times: user=0.01 sys=0.00, real=0.00 secs] 
254.557: Total time for which application threads were stopped: 0.0050780 seconds, Stopping threads took: 0.0028590 seconds
254.598: Application time: 0.0407730 seconds
254.600: [GC [PSYoungGen: 49136K->6624K(49152K)] 103005K->61177K(160256K), 0.0022070 secs] [Times: user=0.01 sys=0.00, real=0.00 secs] 
254.602: Total time for which application threads were stopped: 0.0045500 seconds, Stopping threads took: 0.0022570 seconds
254.644: Application time: 0.0418210 seconds
254.647: [GC [PSYoungGen: 49120K->6352K(49152K)] 103673K->60913K(160256K), 0.0018820 secs] [Times: user=0.01 sys=0.00, real=0.00 secs] 
254.649: Total time for which application threads were stopped: 0.0049990 seconds, Stopping threads took: 0.0030370 seconds
254.689: Application time: 0.0401360 seconds
254.691: [GC [PSYoungGen: 48848K->6336K(49152K)] 103409K->60897K(160256K), 0.0019180 secs] [Times: user=0.02 sys=0.00, real=0.00 secs] 
254.693: Total time for which application threads were stopped: 0.0035030 seconds, Stopping threads took: 0.0014900 seconds
254.733: Application time: 0.0401750 seconds
254.736: [GC [PSYoungGen: 48832K->6640K(49152K)] 103393K->61593K(160256K), 0.0021250 secs] [Times: user=0.02 sys=0.00, real=0.00 secs] 
254.738: Total time for which application threads were stopped: 0.0048420 seconds, Stopping threads took: 0.0026320 seconds
254.777: Application time: 0.0388470 seconds
254.780: [GC [PSYoungGen: 49136K->6640K(49152K)] 104089K->62145K(160256K), 0.0022130 secs] [Times: user=0.01 sys=0.00, real=0.00 secs] 
254.782: Total time for which application threads were stopped: 0.0052790 seconds, Stopping threads took: 0.0029800 seconds
254.823: Application time: 0.0406880 seconds
254.825: [GC [PSYoungGen: 49136K->6656K(49152K)] 104641K->63121K(160256K), 0.0023380 secs] [Times: user=0.01 sys=0.00, real=0.01 secs] 
254.828: Total time for which application threads were stopped: 0.0052210 seconds, Stopping threads took: 0.0027950 seconds
254.869: Application time: 0.0410770 seconds
254.870: [GC [PSYoungGen: 49152K->6656K(49152K)] 105617K->63137K(160256K), 0.0020740 secs] [Times: user=0.02 sys=0.00, real=0.00 secs] 
254.872: Total time for which application threads were stopped: 0.0035350 seconds, Stopping threads took: 0.0013740 seconds
254.914: Application time: 0.0414600 seconds
254.917: [GC [PSYoungGen: 49152K->6576K(49152K)] 105633K->63065K(160256K), 0.0019510 secs] [Times: user=0.02 sys=0.00, real=0.01 secs] 
254.919: Total time for which application threads were stopped: 0.0047560 seconds, Stopping threads took: 0.0027200 seconds
254.960: Application time: 0.0416600 seconds
254.963: [GC [PSYoungGen: 49072K->5424K(49152K)] 105561K->61929K(160256K), 0.0017530 secs] [Times: user=0.01 sys=0.01, real=0.00 secs] 
254.964: Total time for which application threads were stopped: 0.0039890 seconds, Stopping threads took: 0.0021520 seconds
255.006: Application time: 0.0421360 seconds
255.011: [GC [PSYoungGen: 47920K->5936K(49152K)] 104425K->62441K(160256K), 0.0018720 secs] [Times: user=0.01 sys=0.00, real=0.00 secs] 
255.013: Total time for which application threads were stopped: 0.0061070 seconds, Stopping threads took: 0.0041510 seconds
255.055: Application time: 0.0424930 seconds
255.057: [GC [PSYoungGen: 48432K->5744K(49152K)] 104937K->62249K(160256K), 0.0017800 secs] [Times: user=0.01 sys=0.00, real=0.00 secs] 
255.059: Total time for which application threads were stopped: 0.0034990 seconds, Stopping threads took: 0.0016280 seconds
255.100: Application time: 0.0418020 seconds
255.103: [GC [PSYoungGen: 48240K->6624K(49152K)] 104745K->63577K(160256K), 0.0021690 secs] [Times: user=0.02 sys=0.00, real=0.00 secs] 
255.105: Total time for which application threads were stopped: 0.0045080 seconds, Stopping threads took: 0.0022530 seconds
255.147: Application time: 0.0418010 seconds
255.149: [GC [PSYoungGen: 49120K->6048K(49152K)] 106073K->63001K(160256K), 0.0018810 secs] [Times: user=0.01 sys=0.00, real=0.00 secs] 
255.150: Total time for which application threads were stopped: 0.0037740 seconds, Stopping threads took: 0.0018080 seconds
255.192: Application time: 0.0411650 seconds
255.195: [GC [PSYoungGen: 48543K->6624K(49152K)] 105497K->63633K(160256K), 0.0020090 secs] [Times: user=0.02 sys=0.00, real=0.00 secs] 
255.197: Total time for which application threads were stopped: 0.0051550 seconds, Stopping threads took: 0.0030540 seconds
255.235: Application time: 0.0383230 seconds
255.237: [GC [PSYoungGen: 49120K->6656K(49152K)] 106129K->64465K(160256K), 0.0022070 secs] [Times: user=0.01 sys=0.00, real=0.01 secs] 
255.239: Total time for which application threads were stopped: 0.0042880 seconds, Stopping threads took: 0.0019930 seconds
255.282: Application time: 0.0424260 seconds
255.284: [GC [PSYoungGen: 49152K->6352K(49152K)] 106961K->64185K(160256K), 0.0020210 secs] [Times: user=0.01 sys=0.00, real=0.00 secs] 
255.286: Total time for which application threads were stopped: 0.0046520 seconds, Stopping threads took: 0.0025560 seconds
255.327: Application time: 0.0400570 seconds
255.329: [GC [PSYoungGen: 48848K->5936K(49152K)] 106681K->63769K(160256K), 0.0018070 secs] [Times: user=0.01 sys=0.00, real=0.00 secs] 
255.331: Total time for which application threads were stopped: 0.0041360 seconds, Stopping threads took: 0.0022530 seconds
255.373: Application time: 0.0420100 seconds
255.375: [GC [PSYoungGen: 48432K->6656K(49152K)] 106265K->64521K(160256K), 0.0020460 secs] [Times: user=0.02 sys=0.00, real=0.00 secs] 
255.377: Total time for which application threads were stopped: 0.0040830 seconds, Stopping threads took: 0.0019530 seconds
255.417: Application time: 0.0404730 seconds
255.419: [GC [PSYoungGen: 49152K->5696K(49152K)] 107017K->63569K(160256K), 0.0017420 secs] [Times: user=0.01 sys=0.00, real=0.00 secs] 
255.421: Total time for which application threads were stopped: 0.0034530 seconds, Stopping threads took: 0.0016330 seconds
255.463: Application time: 0.0423330 seconds
255.465: [GC [PSYoungGen: 48192K->5872K(49152K)] 106065K->63761K(160256K), 0.0018400 secs] [Times: user=0.02 sys=0.00, real=0.00 secs] 
255.466: Total time for which application threads were stopped: 0.0034390 seconds, Stopping threads took: 0.0015170 seconds
255.509: Application time: 0.0425590 seconds
255.512: [GC [PSYoungGen: 48368K->5888K(49152K)] 106257K->63777K(160256K), 0.0017300 secs] [Times: user=0.02 sys=0.00, real=0.00 secs] 
255.513: Total time for which application threads were stopped: 0.0043350 seconds, Stopping threads took: 0.0025280 seconds
255.556: Application time: 0.0421460 seconds
255.559: [GC [PSYoungGen: 48384K->6656K(49152K)] 106273K->65449K(160256K), 0.0022250 secs] [Times: user=0.01 sys=0.00, real=0.00 secs] 
255.561: Total time for which application threads were stopped: 0.0053690 seconds, Stopping threads took: 0.0030570 seconds
255.601: Application time: 0.0400990 seconds
255.602: [GC [PSYoungGen: 49152K->5840K(49152K)] 107945K->64633K(160256K), 0.0018730 secs] [Times: user=0.01 sys=0.00, real=0.00 secs] 
255.604: Total time for which application threads were stopped: 0.0029240 seconds, Stopping threads took: 0.0009770 seconds
255.641: Application time: 0.0371650 seconds
255.643: [GC [PSYoungGen: 48336K->6656K(49152K)] 107129K->65905K(160256K), 0.0022530 secs] [Times: user=0.01 sys=0.00, real=0.00 secs] 
255.645: Total time for which application threads were stopped: 0.0043310 seconds, Stopping threads took: 0.0019780 seconds
255.684: Application time: 0.0384650 seconds
255.686: [GC [PSYoungGen: 49152K->6624K(49152K)] 108401K->65929K(160256K), 0.0020700 secs] [Times: user=0.01 sys=0.00, real=0.01 secs] 
255.688: Total time for which application threads were stopped: 0.0044050 seconds, Stopping threads took: 0.0022490 seconds
255.727: Application time: 0.0389820 seconds
255.728: [GC [PSYoungGen: 49120K->6640K(49152K)] 108425K->66433K(160256K), 0.0021620 secs] [Times: user=0.01 sys=0.00, real=0.00 secs] 
255.730: Total time for which application threads were stopped: 0.0030740 seconds, Stopping threads took: 0.0008200 seconds
255.774: Application time: 0.0434380 seconds
255.775: [GC [PSYoungGen: 49136K->6640K(49152K)] 108929K->67021K(160256K), 0.0021980 secs] [Times: user=0.01 sys=0.00, real=0.00 secs] 
255.777: Total time for which application threads were stopped: 0.0036270 seconds, Stopping threads took: 0.0013440 seconds
255.817: Application time: 0.0398810 seconds
255.819: [GC [PSYoungGen: 49136K->6640K(49152K)] 109517K->67557K(160256K), 0.0022440 secs] [Times: user=0.01 sys=0.00, real=0.00 secs] 
255.822: Total time for which application threads were stopped: 0.0044740 seconds, Stopping threads took: 0.0021460 seconds
255.862: Application time: 0.0399490 seconds
255.864: [GC [PSYoungGen: 49134K->6192K(49152K)] 110051K->67109K(160256K), 0.0021230 secs] [Times: user=0.02 sys=0.00, real=0.00 secs] 
255.867: Total time for which application threads were stopped: 0.0047960 seconds, Stopping threads took: 0.0025700 seconds
255.907: Application time: 0.0407630 seconds
255.909: [GC [PSYoungGen: 48688K->6160K(49152K)] 109605K->67077K(160256K), 0.0018790 secs] [Times: user=0.01 sys=0.00, real=0.00 secs] 
255.911: Total time for which application threads were stopped: 0.0034320 seconds, Stopping threads took: 0.0014540 seconds
255.950: Application time: 0.0396830 seconds
255.953: [GC [PSYoungGen: 48656K->6512K(49152K)] 109573K->67429K(160256K), 0.0018820 secs] [Times: user=0.00 sys=0.01, real=0.00 secs] 
255.955: Total time for which application threads were stopped: 0.0044200 seconds, Stopping threads took: 0.0024500 seconds
255.994: Application time: 0.0387400 seconds
255.996: [GC [PSYoungGen: 49008K->6624K(49152K)] 109925K->67821K(160256K), 0.0021260 secs] [Times: user=0.01 sys=0.00, real=0.00 secs] 
255.998: Total time for which application threads were stopped: 0.0044760 seconds, Stopping threads took: 0.0022740 seconds
256.036: Application time: 0.0377850 seconds
256.038: [GC [PSYoungGen: 49120K->6640K(49152K)] 110317K->68301K(160256K), 0.0021720 secs] [Times: user=0.01 sys=0.00, real=0.01 secs] 
256.040: Total time for which application threads were stopped: 0.0041070 seconds, Stopping threads took: 0.0018530 seconds
256.078: Application time: 0.0381080 seconds
256.082: [GC [PSYoungGen: 49136K->6624K(49152K)] 110797K->69149K(160256K), 0.0023150 secs] [Times: user=0.01 sys=0.00, real=0.00 secs] 
256.085: Total time for which application threads were stopped: 0.0065170 seconds, Stopping threads took: 0.0041210 seconds
256.123: Application time: 0.0386880 seconds
256.125: [GC [PSYoungGen: 49120K->4912K(49152K)] 111645K->67437K(160256K), 0.0014920 secs] [Times: user=0.01 sys=0.00, real=0.01 secs] 
256.127: Total time for which application threads were stopped: 0.0036700 seconds, Stopping threads took: 0.0021020 seconds
256.165: Application time: 0.0383750 seconds
256.167: [GC [PSYoungGen: 47408K->6640K(49152K)] 109933K->70101K(160256K), 0.0023550 secs] [Times: user=0.01 sys=0.00, real=0.00 secs] 
256.169: Total time for which application threads were stopped: 0.0038750 seconds, Stopping threads took: 0.0014340 seconds
256.207: Application time: 0.0382500 seconds
256.209: [GC [PSYoungGen: 49136K->6640K(49152K)] 112597K->71205K(160256K), 0.0023250 secs] [Times: user=0.01 sys=0.00, real=0.00 secs] 
256.211: Total time for which application threads were stopped: 0.0039400 seconds, Stopping threads took: 0.0015300 seconds
256.250: Application time: 0.0386830 seconds
256.252: [GC [PSYoungGen: 49136K->5632K(49152K)] 113701K->70197K(160256K), 0.0016860 secs] [Times: user=0.01 sys=0.00, real=0.00 secs] 
256.254: Total time for which application threads were stopped: 0.0035550 seconds, Stopping threads took: 0.0017800 seconds
256.292: Application time: 0.0387970 seconds
256.294: [GC [PSYoungGen: 48128K->6640K(49152K)] 112693K->72013K(160256K), 0.0022860 secs] [Times: user=0.02 sys=0.00, real=0.00 secs] 
256.296: Total time for which application threads were stopped: 0.0037610 seconds, Stopping threads took: 0.0013900 seconds
256.336: Application time: 0.0400860 seconds
256.338: [GC [PSYoungGen: 49136K->5888K(49152K)] 114509K->71269K(160256K), 0.0017920 secs] [Times: user=0.01 sys=0.00, real=0.01 secs] 
256.340: Total time for which application threads were stopped: 0.0033050 seconds, Stopping threads took: 0.0014360 seconds
256.379: Application time: 0.0389300 seconds
256.380: [GC [PSYoungGen: 48384K->6320K(49152K)] 113765K->71717K(160256K), 0.0018960 secs] [Times: user=0.01 sys=0.00, real=0.00 secs] 
256.382: Total time for which application threads were stopped: 0.0035890 seconds, Stopping threads took: 0.0016100 seconds
256.422: Application time: 0.0398610 seconds
256.424: [GC [PSYoungGen: 48816K->5760K(49152K)] 114213K->71157K(160256K), 0.0017930 secs] [Times: user=0.01 sys=0.00, real=0.00 secs] 
256.425: Total time for which application threads were stopped: 0.0034180 seconds, Stopping threads took: 0.0015420 seconds
256.464: Application time: 0.0386730 seconds
256.467: [GC [PSYoungGen: 48256K->6480K(49152K)] 113653K->71877K(160256K), 0.0020280 secs] [Times: user=0.01 sys=0.00, real=0.00 secs] 
256.469: Total time for which application threads were stopped: 0.0045960 seconds, Stopping threads took: 0.0024890 seconds
256.508: Application time: 0.0393100 seconds
256.510: [GC [PSYoungGen: 48976K->6656K(49152K)] 114373K->72269K(160256K), 0.0021890 secs] [Times: user=0.02 sys=0.00, real=0.00 secs] 
256.512: Total time for which application threads were stopped: 0.0043130 seconds, Stopping threads took: 0.0020420 seconds
256.551: Application time: 0.0382240 seconds
256.552: [GC [PSYoungGen: 49152K->6032K(49152K)] 114765K->71645K(160256K), 0.0019230 secs] [Times: user=0.01 sys=0.00, real=0.00 secs] 
256.553: Total time for which application threads were stopped: 0.0029680 seconds, Stopping threads took: 0.0009460 seconds
256.594: Application time: 0.0409850 seconds
256.597: [GC [PSYoungGen: 48528K->6288K(49152K)] 114141K->71909K(160256K), 0.0019070 secs] [Times: user=0.01 sys=0.00, real=0.01 secs] 
256.599: Total time for which application threads were stopped: 0.0044140 seconds, Stopping threads took: 0.0024290 seconds
256.638: Application time: 0.0389990 seconds
256.641: [GC [PSYoungGen: 48784K->6640K(49152K)] 114405K->72565K(160256K), 0.0021140 secs] [Times: user=0.01 sys=0.00, real=0.00 secs] 
256.643: Total time for which application threads were stopped: 0.0048500 seconds, Stopping threads took: 0.0026250 seconds
256.681: Application time: 0.0385810 seconds
256.683: [GC [PSYoungGen: 49136K->6656K(49152K)] 115061K->73029K(160256K), 0.0021850 secs] [Times: user=0.01 sys=0.00, real=0.00 secs] 
256.686: Total time for which application threads were stopped: 0.0043600 seconds, Stopping threads took: 0.0020940 seconds
256.724: Application time: 0.0378840 seconds
256.726: [GC [PSYoungGen: 49152K->6656K(49152K)] 115525K->73773K(160256K), 0.0022200 secs] [Times: user=0.01 sys=0.00, real=0.01 secs] 
256.728: Total time for which application threads were stopped: 0.0043120 seconds, Stopping threads took: 0.0020070 seconds
256.765: Application time: 0.0372380 seconds
256.767: [GC [PSYoungGen: 49152K->6624K(49152K)] 116269K->74653K(160256K), 0.0022650 secs] [Times: user=0.01 sys=0.00, real=0.00 secs] 
256.769: Total time for which application threads were stopped: 0.0037920 seconds, Stopping threads took: 0.0014360 seconds
256.806: Application time: 0.0368660 seconds
256.808: [GC [PSYoungGen: 49120K->6352K(49152K)] 117149K->74389K(160256K), 0.0019930 secs] [Times: user=0.01 sys=0.00, real=0.00 secs] 
256.810: Total time for which application threads were stopped: 0.0043920 seconds, Stopping threads took: 0.0023140 seconds
256.850: Application time: 0.0400210 seconds
256.852: [GC [PSYoungGen: 48848K->5376K(49152K)] 116885K->73421K(160256K), 0.0016840 secs] [Times: user=0.01 sys=0.00, real=0.00 secs] 
256.853: Total time for which application threads were stopped: 0.0032060 seconds, Stopping threads took: 0.0014410 seconds
256.892: Application time: 0.0388430 seconds
256.894: [GC [PSYoungGen: 47872K->4320K(49152K)] 115917K->72381K(160256K), 0.0014340 secs] [Times: user=0.01 sys=0.00, real=0.00 secs] 
256.895: Total time for which application threads were stopped: 0.0027680 seconds, Stopping threads took: 0.0012610 seconds
256.933: Application time: 0.0382930 seconds
256.936: [GC [PSYoungGen: 46816K->5552K(49152K)] 114877K->73613K(160256K), 0.0016940 secs] [Times: user=0.01 sys=0.00, real=0.00 secs] 
256.938: Total time for which application threads were stopped: 0.0042540 seconds, Stopping threads took: 0.0024820 seconds
256.976: Application time: 0.0385310 seconds
256.978: [GC [PSYoungGen: 48048K->6624K(49152K)] 116109K->74893K(160256K), 0.0020880 secs] [Times: user=0.01 sys=0.00, real=0.01 secs] 
256.980: Total time for which application threads were stopped: 0.0041540 seconds, Stopping threads took: 0.0019790 seconds
257.017: Application time: 0.0369660 seconds
257.019: [GC [PSYoungGen: 49120K->5936K(49152K)] 117389K->74221K(160256K), 0.0018440 secs] [Times: user=0.01 sys=0.00, real=0.00 secs] 
257.021: Total time for which application threads were stopped: 0.0034620 seconds, Stopping threads took: 0.0015400 seconds
257.057: Application time: 0.0360230 seconds
257.059: [GC [PSYoungGen: 48432K->6624K(49152K)] 116717K->75037K(160256K), 0.0021740 secs] [Times: user=0.01 sys=0.00, real=0.01 secs] 
257.061: Total time for which application threads were stopped: 0.0039810 seconds, Stopping threads took: 0.0017230 seconds
257.098: Application time: 0.0377300 seconds
257.100: [GC [PSYoungGen: 49120K->6624K(49152K)] 117533K->75965K(160256K), 0.0022440 secs] [Times: user=0.02 sys=0.00, real=0.00 secs] 
257.103: Total time for which application threads were stopped: 0.0042470 seconds, Stopping threads took: 0.0019090 seconds
257.141: Application time: 0.0384900 seconds
257.144: [GC [PSYoungGen: 49120K->6512K(49152K)] 118461K->75853K(160256K), 0.0019010 secs] [Times: user=0.01 sys=0.00, real=0.00 secs] 
257.146: Total time for which application threads were stopped: 0.0044230 seconds, Stopping threads took: 0.0024450 seconds
257.184: Application time: 0.0385210 seconds
257.187: [GC [PSYoungGen: 49008K->6432K(49152K)] 118349K->75773K(160256K), 0.0018930 secs] [Times: user=0.01 sys=0.00, real=0.00 secs] 
257.189: Total time for which application threads were stopped: 0.0045310 seconds, Stopping threads took: 0.0025590 seconds
257.227: Application time: 0.0382430 seconds
257.229: [GC [PSYoungGen: 48928K->6640K(49152K)] 118269K->77509K(160256K), 0.0025690 secs] [Times: user=0.02 sys=0.00, real=0.00 secs] 
257.231: Total time for which application threads were stopped: 0.0043140 seconds, Stopping threads took: 0.0016610 seconds
257.270: Application time: 0.0383850 seconds
257.273: [GC [PSYoungGen: 49136K->6640K(49152K)] 120005K->77909K(160256K), 0.0022620 secs] [Times: user=0.01 sys=0.00, real=0.00 secs] 
257.275: Total time for which application threads were stopped: 0.0054840 seconds, Stopping threads took: 0.0031290 seconds
257.313: Application time: 0.0382260 seconds
257.316: [GC [PSYoungGen: 49136K->5920K(49152K)] 120405K->77189K(160256K), 0.0018210 secs] [Times: user=0.01 sys=0.00, real=0.00 secs] 
257.318: Total time for which application threads were stopped: 0.0043880 seconds, Stopping threads took: 0.0024860 seconds
257.357: Application time: 0.0389660 seconds
257.358: [GC [PSYoungGen: 48416K->5808K(49152K)] 119685K->77085K(160256K), 0.0017760 secs] [Times: user=0.01 sys=0.00, real=0.01 secs] 
257.360: Total time for which application threads were stopped: 0.0032620 seconds, Stopping threads took: 0.0014070 seconds
257.398: Application time: 0.0383930 seconds
257.401: [GC [PSYoungGen: 48304K->6496K(49152K)] 119581K->77789K(160256K), 0.0019390 secs] [Times: user=0.02 sys=0.00, real=0.00 secs] 
257.402: Total time for which application threads were stopped: 0.0041320 seconds, Stopping threads took: 0.0021110 seconds
257.443: Application time: 0.0403130 seconds
257.444: [GC [PSYoungGen: 48992K->5344K(49152K)] 120285K->76653K(160256K), 0.0017590 secs] [Times: user=0.02 sys=0.00, real=0.00 secs] 
257.446: Total time for which application threads were stopped: 0.0033450 seconds, Stopping threads took: 0.0015110 seconds
257.486: Application time: 0.0400520 seconds
257.487: [GC [PSYoungGen: 47840K->6176K(49152K)] 119149K->77485K(160256K), 0.0018670 secs] [Times: user=0.01 sys=0.00, real=0.00 secs] 
257.489: Total time for which application threads were stopped: 0.0029050 seconds, Stopping threads took: 0.0009590 seconds
257.529: Application time: 0.0403560 seconds
257.532: [GC [PSYoungGen: 48672K->6560K(49152K)] 119981K->77885K(160256K), 0.0019520 secs] [Times: user=0.02 sys=0.00, real=0.00 secs] 
257.534: Total time for which application threads were stopped: 0.0044720 seconds, Stopping threads took: 0.0024410 seconds
257.572: Application time: 0.0377060 seconds
257.574: [GC [PSYoungGen: 49056K->6624K(49152K)] 120381K->78013K(160256K), 0.0020970 secs] [Times: user=0.01 sys=0.00, real=0.00 secs] 
257.576: Total time for which application threads were stopped: 0.0042590 seconds, Stopping threads took: 0.0020800 seconds
257.617: Application time: 0.0408630 seconds
257.619: [GC [PSYoungGen: 49120K->6560K(49152K)] 120509K->77949K(160256K), 0.0020040 secs] [Times: user=0.01 sys=0.00, real=0.00 secs] 
257.621: Total time for which application threads were stopped: 0.0038560 seconds, Stopping threads took: 0.0017710 seconds
257.659: Application time: 0.0388390 seconds
257.661: [GC [PSYoungGen: 49056K->6512K(49152K)] 120445K->77901K(160256K), 0.0020130 secs] [Times: user=0.01 sys=0.00, real=0.00 secs] 
257.663: Total time for which application threads were stopped: 0.0037760 seconds, Stopping threads took: 0.0016840 seconds
257.703: Application time: 0.0393230 seconds
257.705: [GC [PSYoungGen: 49008K->6448K(49152K)] 120397K->77837K(160256K), 0.0019200 secs] [Times: user=0.01 sys=0.00, real=0.01 secs] 
257.707: Total time for which application threads were stopped: 0.0044140 seconds, Stopping threads took: 0.0024150 seconds
257.745: Application time: 0.0375540 seconds
257.747: [GC [PSYoungGen: 48944K->6640K(49152K)] 120333K->78629K(160256K), 0.0022440 secs] [Times: user=0.01 sys=0.00, real=0.00 secs] 
257.749: Total time for which application threads were stopped: 0.0043050 seconds, Stopping threads took: 0.0019810 seconds
257.788: Application time: 0.0392380 seconds
257.789: [GC [PSYoungGen: 49136K->6576K(49152K)] 121125K->78573K(160256K), 0.0020110 secs] [Times: user=0.01 sys=0.00, real=0.00 secs] 
257.791: Total time for which application threads were stopped: 0.0028890 seconds, Stopping threads took: 0.0007930 seconds
257.831: Application time: 0.0398510 seconds
257.835: [GC [PSYoungGen: 49072K->4944K(49152K)] 121069K->76941K(160256K), 0.0015340 secs] [Times: user=0.01 sys=0.00, real=0.00 secs] 
257.836: Total time for which application threads were stopped: 0.0053800 seconds, Stopping threads took: 0.0037680 seconds
257.875: Application time: 0.0384980 seconds
257.876: [GC [PSYoungGen: 47440K->6624K(49152K)] 119437K->78677K(160256K), 0.0020340 secs] [Times: user=0.01 sys=0.00, real=0.00 secs] 
257.878: Total time for which application threads were stopped: 0.0033800 seconds, Stopping threads took: 0.0012620 seconds
257.917: Application time: 0.0390300 seconds
257.918: [GC [PSYoungGen: 49120K->6656K(49152K)] 121173K->79086K(160256K), 0.0022030 secs] [Times: user=0.01 sys=0.00, real=0.01 secs] 
257.921: Total time for which application threads were stopped: 0.0035640 seconds, Stopping threads took: 0.0012790 seconds
257.961: Application time: 0.0402490 seconds
257.963: [GC [PSYoungGen: 49152K->5344K(49152K)] 121582K->77782K(160256K), 0.0015630 secs] [Times: user=0.01 sys=0.00, real=0.00 secs] 
257.965: Total time for which application threads were stopped: 0.0038600 seconds, Stopping threads took: 0.0022200 seconds
258.001: Application time: 0.0363540 seconds
258.003: [GC [PSYoungGen: 47840K->6656K(49152K)] 120278K->79550K(160256K), 0.0021200 secs] [Times: user=0.02 sys=0.00, real=0.00 secs] 
258.005: Total time for which application threads were stopped: 0.0041160 seconds, Stopping threads took: 0.0019110 seconds
258.043: Application time: 0.0375240 seconds
258.044: [GC [PSYoungGen: 49152K->6656K(49152K)] 122046K->79822K(160256K), 0.0022360 secs] [Times: user=0.02 sys=0.00, real=0.01 secs] 
258.047: Total time for which application threads were stopped: 0.0037700 seconds, Stopping threads took: 0.0014490 seconds
258.085: Application time: 0.0385210 seconds
258.087: [GC [PSYoungGen: 49152K->6656K(49152K)] 122318K->80030K(160256K), 0.0020910 secs] [Times: user=0.01 sys=0.00, real=0.00 secs] 
258.090: Total time for which application threads were stopped: 0.0044540 seconds, Stopping threads took: 0.0022870 seconds
258.129: Application time: 0.0392420 seconds
258.131: [GC [PSYoungGen: 49152K->5248K(49152K)] 122526K->78622K(160256K), 0.0016500 secs] [Times: user=0.02 sys=0.00, real=0.00 secs] 
258.133: Total time for which application threads were stopped: 0.0036980 seconds, Stopping threads took: 0.0019480 seconds
258.171: Application time: 0.0382990 seconds
258.172: [GC [PSYoungGen: 47744K->6016K(49152K)] 121118K->79390K(160256K), 0.0018520 secs] [Times: user=0.01 sys=0.00, real=0.00 secs] 
258.174: Total time for which application threads were stopped: 0.0031620 seconds, Stopping threads took: 0.0012340 seconds
258.214: Application time: 0.0401980 seconds
258.216: [GC [PSYoungGen: 48512K->4432K(49152K)] 121886K->77806K(160256K), 0.0014210 secs] [Times: user=0.01 sys=0.00, real=0.00 secs] 
258.217: Total time for which application threads were stopped: 0.0033050 seconds, Stopping threads took: 0.0018100 seconds
258.257: Application time: 0.0393760 seconds
258.259: [GC [PSYoungGen: 46928K->6288K(49152K)] 120302K->79662K(160256K), 0.0019130 secs] [Times: user=0.02 sys=0.00, real=0.00 secs] 
258.261: Total time for which application threads were stopped: 0.0037150 seconds, Stopping threads took: 0.0017200 seconds
258.300: Application time: 0.0390050 seconds
258.302: [GC [PSYoungGen: 48784K->5088K(49152K)] 122158K->78470K(160256K), 0.0015320 secs] [Times: user=0.01 sys=0.00, real=0.00 secs] 
258.303: Total time for which application threads were stopped: 0.0036030 seconds, Stopping threads took: 0.0019920 seconds
258.341: Application time: 0.0379780 seconds
258.343: [GC [PSYoungGen: 47584K->6640K(49152K)] 120966K->80638K(160256K), 0.0021480 secs] [Times: user=0.01 sys=0.00, real=0.00 secs] 
258.345: Total time for which application threads were stopped: 0.0036910 seconds, Stopping threads took: 0.0014580 seconds
258.384: Application time: 0.0388310 seconds
258.385: [GC [PSYoungGen: 49136K->6624K(49152K)] 123134K->80670K(160256K), 0.0021000 secs] [Times: user=0.01 sys=0.00, real=0.01 secs] 
258.387: Total time for which application threads were stopped: 0.0036080 seconds, Stopping threads took: 0.0014300 seconds
258.426: Application time: 0.0384620 seconds
258.427: [GC [PSYoungGen: 49120K->5984K(49152K)] 123166K->80038K(160256K), 0.0018570 secs] [Times: user=0.02 sys=0.00, real=0.00 secs] 
258.429: Total time for which application threads were stopped: 0.0032930 seconds, Stopping threads took: 0.0013600 seconds
258.468: Application time: 0.0393210 seconds
258.471: [GC [PSYoungGen: 48480K->6384K(49152K)] 122534K->80446K(160256K), 0.0018590 secs] [Times: user=0.02 sys=0.00, real=0.00 secs] 
258.473: Total time for which application threads were stopped: 0.0046770 seconds, Stopping threads took: 0.0027380 seconds
258.510: Application time: 0.0369590 seconds
258.512: [GC [PSYoungGen: 48880K->6656K(49152K)] 122942K->80734K(160256K), 0.0020550 secs] [Times: user=0.01 sys=0.00, real=0.00 secs] 
258.514: Total time for which application threads were stopped: 0.0036590 seconds, Stopping threads took: 0.0015200 seconds
258.552: Application time: 0.0381190 seconds
258.555: [GC [PSYoungGen: 49152K->6656K(49152K)] 123230K->81942K(160256K), 0.0023830 secs] [Times: user=0.01 sys=0.00, real=0.00 secs] 
258.557: Total time for which application threads were stopped: 0.0053950 seconds, Stopping threads took: 0.0029310 seconds
258.596: Application time: 0.0391250 seconds
258.598: [GC [PSYoungGen: 49152K->5184K(49152K)] 124438K->80470K(160256K), 0.0016350 secs] [Times: user=0.01 sys=0.00, real=0.01 secs] 
258.600: Total time for which application threads were stopped: 0.0036990 seconds, Stopping threads took: 0.0019870 seconds
258.637: Application time: 0.0373520 seconds
258.639: [GC [PSYoungGen: 47680K->6656K(49152K)] 122966K->82318K(160256K), 0.0020960 secs] [Times: user=0.01 sys=0.00, real=0.00 secs] 
258.641: Total time for which application threads were stopped: 0.0039770 seconds, Stopping threads took: 0.0017960 seconds
258.681: Application time: 0.0392770 seconds
258.683: [GC [PSYoungGen: 49152K->6432K(49152K)] 124814K->82094K(160256K), 0.0018390 secs] [Times: user=0.01 sys=0.00, real=0.00 secs] 
258.685: Total time for which application threads were stopped: 0.0041190 seconds, Stopping threads took: 0.0022010 seconds
258.723: Application time: 0.0384730 seconds
258.724: [GC [PSYoungGen: 48928K->6240K(49152K)] 124590K->81902K(160256K), 0.0018620 secs] [Times: user=0.01 sys=0.00, real=0.00 secs] 
258.726: Total time for which application threads were stopped: 0.0029700 seconds, Stopping threads took: 0.0010300 seconds
258.765: Application time: 0.0383630 seconds
258.767: [GC [PSYoungGen: 48736K->5152K(49152K)] 124398K->80814K(160256K), 0.0016790 secs] [Times: user=0.01 sys=0.00, real=0.00 secs] 
258.768: Total time for which application threads were stopped: 0.0037230 seconds, Stopping threads took: 0.0019650 seconds
258.807: Application time: 0.0391140 seconds
258.809: [GC [PSYoungGen: 47648K->6640K(49152K)] 123310K->82626K(160256K), 0.0021760 secs] [Times: user=0.02 sys=0.00, real=0.00 secs] 
258.811: Total time for which application threads were stopped: 0.0032990 seconds, Stopping threads took: 0.0010290 seconds
258.850: Application time: 0.0392810 seconds
258.852: [GC [PSYoungGen: 49136K->6112K(49152K)] 125122K->82098K(160256K), 0.0018090 secs] [Times: user=0.01 sys=0.00, real=0.00 secs] 
258.854: Total time for which application threads were stopped: 0.0036150 seconds, Stopping threads took: 0.0017280 seconds
258.892: Application time: 0.0386790 seconds
258.895: [GC [PSYoungGen: 48608K->6624K(49152K)] 124594K->82722K(160256K), 0.0020820 secs] [Times: user=0.01 sys=0.00, real=0.00 secs] 
258.897: Total time for which application threads were stopped: 0.0045420 seconds, Stopping threads took: 0.0023760 seconds
258.937: Application time: 0.0401600 seconds
258.939: [GC [PSYoungGen: 49120K->4288K(49152K)] 125218K->80394K(160256K), 0.0013580 secs] [Times: user=0.01 sys=0.00, real=0.00 secs] 
258.940: Total time for which application threads were stopped: 0.0030680 seconds, Stopping threads took: 0.0016420 seconds
258.977: Application time: 0.0370610 seconds
258.979: [GC [PSYoungGen: 46784K->6640K(49152K)] 122890K->83738K(160256K), 0.0023560 secs] [Times: user=0.01 sys=0.00, real=0.00 secs] 
258.981: Total time for which application threads were stopped: 0.0042890 seconds, Stopping threads took: 0.0018470 seconds
259.019: Application time: 0.0373590 seconds
259.020: [GC [PSYoungGen: 49136K->6624K(49152K)] 126234K->83722K(160256K), 0.0020010 secs] [Times: user=0.02 sys=0.00, real=0.00 secs] 
259.023: Total time for which application threads were stopped: 0.0037100 seconds, Stopping threads took: 0.0016260 seconds
259.060: Application time: 0.0379010 seconds
259.062: [GC [PSYoungGen: 49120K->6320K(49152K)] 126218K->83426K(160256K), 0.0019470 secs] [Times: user=0.01 sys=0.00, real=0.00 secs] 
259.064: Total time for which application threads were stopped: 0.0037590 seconds, Stopping threads took: 0.0017290 seconds
259.102: Application time: 0.0380630 seconds
259.104: [GC [PSYoungGen: 48816K->6640K(49152K)] 125922K->84298K(160256K), 0.0022840 secs] [Times: user=0.02 sys=0.00, real=0.01 secs] 
259.107: Total time for which application threads were stopped: 0.0043550 seconds, Stopping threads took: 0.0019840 seconds
259.146: Application time: 0.0391070 seconds
259.147: [GC [PSYoungGen: 49136K->6240K(49152K)] 126794K->83906K(160256K), 0.0019320 secs] [Times: user=0.01 sys=0.00, real=0.00 secs] 
259.149: Total time for which application threads were stopped: 0.0034420 seconds, Stopping threads took: 0.0014290 seconds
259.189: Application time: 0.0402660 seconds
259.191: [GC [PSYoungGen: 48736K->6144K(49152K)] 126402K->83810K(160256K), 0.0019530 secs] [Times: user=0.01 sys=0.00, real=0.00 secs] 
259.193: Total time for which application threads were stopped: 0.0034850 seconds, Stopping threads took: 0.0014600 seconds
259.236: Application time: 0.0429210 seconds
259.238: [GC [PSYoungGen: 48640K->4992K(49152K)] 126306K->82658K(160256K), 0.0015470 secs] [Times: user=0.01 sys=0.00, real=0.01 secs] 
259.240: Total time for which application threads were stopped: 0.0039540 seconds, Stopping threads took: 0.0023310 seconds
259.279: Application time: 0.0394860 seconds
259.282: [GC [PSYoungGen: 47488K->6640K(49152K)] 125154K->84562K(160256K), 0.0020590 secs] [Times: user=0.01 sys=0.00, real=0.00 secs] 
259.284: Total time for which application threads were stopped: 0.0043820 seconds, Stopping threads took: 0.0022360 seconds
259.321: Application time: 0.0377590 seconds
259.323: [GC [PSYoungGen: 49136K->6656K(49152K)] 127058K->84586K(160256K), 0.0019930 secs] [Times: user=0.01 sys=0.00, real=0.00 secs] 
259.325: Total time for which application threads were stopped: 0.0040070 seconds, Stopping threads took: 0.0019270 seconds
259.363: Application time: 0.0379960 seconds
259.365: [GC [PSYoungGen: 49152K->5488K(49152K)] 127082K->83434K(160256K), 0.0016740 secs] [Times: user=0.01 sys=0.00, real=0.00 secs] 
259.366: Total time for which application threads were stopped: 0.0029630 seconds, Stopping threads took: 0.0012130 seconds
259.404: Application time: 0.0379640 seconds
259.407: [GC [PSYoungGen: 47984K->6624K(49152K)] 125930K->85138K(160256K), 0.0022160 secs] [Times: user=0.02 sys=0.00, real=0.00 secs] 
259.409: Total time for which application threads were stopped: 0.0045050 seconds, Stopping threads took: 0.0022040 seconds
259.448: Application time: 0.0386450 seconds
259.451: [GC [PSYoungGen: 49120K->6624K(49152K)] 127634K->85202K(160256K), 0.0020540 secs] [Times: user=0.02 sys=0.00, real=0.00 secs] 
259.453: Total time for which application threads were stopped: 0.0052150 seconds, Stopping threads took: 0.0030770 seconds
259.492: Application time: 0.0391730 seconds
259.493: [GC [PSYoungGen: 49120K->6640K(49152K)] 127698K->85458K(160256K), 0.0021640 secs] [Times: user=0.02 sys=0.00, real=0.00 secs] 
259.495: Total time for which application threads were stopped: 0.0034950 seconds, Stopping threads took: 0.0012490 seconds
259.534: Application time: 0.0388560 seconds
259.536: [GC [PSYoungGen: 49136K->6464K(49152K)] 127954K->85290K(160256K), 0.0019540 secs] [Times: user=0.01 sys=0.00, real=0.00 secs] 
259.538: Total time for which application threads were stopped: 0.0032620 seconds, Stopping threads took: 0.0012280 seconds
259.576: Application time: 0.0386550 seconds
259.578: [GC [PSYoungGen: 48960K->6656K(49152K)] 127786K->85498K(160256K), 0.0020470 secs] [Times: user=0.01 sys=0.00, real=0.01 secs] 
259.580: Total time for which application threads were stopped: 0.0040180 seconds, Stopping threads took: 0.0018890 seconds
259.619: Application time: 0.0388620 seconds
259.620: [GC [PSYoungGen: 49152K->5664K(49152K)] 127994K->84514K(160256K), 0.0017370 secs] [Times: user=0.02 sys=0.00, real=0.00 secs] 
259.622: Total time for which application threads were stopped: 0.0029190 seconds, Stopping threads took: 0.0011030 seconds
259.664: Application time: 0.0425020 seconds
259.666: [GC [PSYoungGen: 48160K->6624K(49152K)] 127010K->85490K(160256K), 0.0021400 secs] [Times: user=0.02 sys=0.00, real=0.01 secs] 
259.668: Total time for which application threads were stopped: 0.0035820 seconds, Stopping threads took: 0.0013380 seconds
259.710: Application time: 0.0418760 seconds
259.712: [GC [PSYoungGen: 49118K->5728K(49152K)] 127985K->84594K(160256K), 0.0017590 secs] [Times: user=0.01 sys=0.00, real=0.00 secs] 
259.713: Total time for which application threads were stopped: 0.0035130 seconds, Stopping threads took: 0.0016730 seconds
259.756: Application time: 0.0423230 seconds
259.758: [GC [PSYoungGen: 48224K->6640K(49152K)] 127090K->85530K(160256K), 0.0020810 secs] [Times: user=0.01 sys=0.00, real=0.01 secs] 
259.760: Total time for which application threads were stopped: 0.0043750 seconds, Stopping threads took: 0.0022080 seconds
259.801: Application time: 0.0408990 seconds
259.802: [GC [PSYoungGen: 49136K->6640K(49152K)] 128026K->85530K(160256K), 0.0021190 secs] [Times: user=0.01 sys=0.00, real=0.00 secs] 
259.804: Total time for which application threads were stopped: 0.0034120 seconds, Stopping threads took: 0.0012100 seconds
259.847: Application time: 0.0425600 seconds
259.849: [GC [PSYoungGen: 49136K->5456K(49152K)] 128026K->84346K(160256K), 0.0016940 secs] [Times: user=0.01 sys=0.00, real=0.00 secs] 
259.850: Total time for which application threads were stopped: 0.0033300 seconds, Stopping threads took: 0.0015520 seconds
259.892: Application time: 0.0413430 seconds
259.894: [GC [PSYoungGen: 47952K->6624K(49152K)] 126842K->85522K(160256K), 0.0020090 secs] [Times: user=0.01 sys=0.00, real=0.00 secs] 
259.896: Total time for which application threads were stopped: 0.0044940 seconds, Stopping threads took: 0.0023990 seconds
259.938: Application time: 0.0416310 seconds
259.940: [GC [PSYoungGen: 49120K->6112K(49152K)] 128018K->85010K(160256K), 0.0018710 secs] [Times: user=0.01 sys=0.00, real=0.00 secs] 
259.942: Total time for which application threads were stopped: 0.0044490 seconds, Stopping threads took: 0.0024960 seconds
259.984: Application time: 0.0417760 seconds
259.986: [GC [PSYoungGen: 48608K->6656K(49152K)] 127506K->85626K(160256K), 0.0020910 secs] [Times: user=0.02 sys=0.00, real=0.01 secs] 
259.988: Total time for which application threads were stopped: 0.0037250 seconds, Stopping threads took: 0.0015390 seconds
260.028: Application time: 0.0404650 seconds
260.030: [GC [PSYoungGen: 49152K->6560K(49152K)] 128122K->85530K(160256K), 0.0020370 secs] [Times: user=0.01 sys=0.00, real=0.00 secs] 
260.032: Total time for which application threads were stopped: 0.0040000 seconds, Stopping threads took: 0.0018750 seconds
260.072: Application time: 0.0394520 seconds
260.075: [GC [PSYoungGen: 49056K->6656K(49152K)] 128026K->86338K(160256K), 0.0023200 secs] [Times: user=0.02 sys=0.00, real=0.00 secs] 
260.077: Total time for which application threads were stopped: 0.0053340 seconds, Stopping threads took: 0.0029230 seconds
260.116: Application time: 0.0387190 seconds
260.118: [GC [PSYoungGen: 49152K->6640K(49152K)] 128834K->87242K(160256K), 0.0023070 secs] [Times: user=0.02 sys=0.00, real=0.01 secs] 
260.120: Total time for which application threads were stopped: 0.0041670 seconds, Stopping threads took: 0.0017750 seconds
260.161: Application time: 0.0409250 seconds
260.164: [GC [PSYoungGen: 49136K->6640K(49152K)] 129738K->87610K(160256K), 0.0021380 secs] [Times: user=0.02 sys=0.00, real=0.00 secs] 
260.166: Total time for which application threads were stopped: 0.0053460 seconds, Stopping threads took: 0.0031210 seconds
260.208: Application time: 0.0412860 seconds
260.209: [GC [PSYoungGen: 49136K->6624K(49152K)] 130106K->87858K(160256K), 0.0021090 secs] [Times: user=0.02 sys=0.00, real=0.00 secs] 
260.211: Total time for which application threads were stopped: 0.0034050 seconds, Stopping threads took: 0.0012120 seconds
260.251: Application time: 0.0395840 seconds
260.253: [GC [PSYoungGen: 49120K->6624K(49152K)] 130354K->89010K(160256K), 0.0024440 secs] [Times: user=0.02 sys=0.00, real=0.00 secs] 
260.255: Total time for which application threads were stopped: 0.0044810 seconds, Stopping threads took: 0.0019520 seconds
260.295: Application time: 0.0402930 seconds
260.300: [GC [PSYoungGen: 49120K->6640K(49152K)] 131506K->89074K(160256K), 0.0021230 secs] [Times: user=0.02 sys=0.00, real=0.00 secs] 
260.302: Total time for which application threads were stopped: 0.0071420 seconds, Stopping threads took: 0.0049420 seconds
260.346: Application time: 0.0431610 seconds
260.347: [GC [PSYoungGen: 49136K->6640K(49152K)] 131570K->89242K(160256K), 0.0021350 secs] [Times: user=0.01 sys=0.00, real=0.00 secs] 
260.349: Total time for which application threads were stopped: 0.0034550 seconds, Stopping threads took: 0.0012340 seconds
260.392: Application time: 0.0427520 seconds
260.393: [GC [PSYoungGen: 49136K->6368K(49152K)] 131738K->88970K(160256K), 0.0019380 secs] [Times: user=0.01 sys=0.00, real=0.00 secs] 
260.395: Total time for which application threads were stopped: 0.0036580 seconds, Stopping threads took: 0.0016250 seconds
260.437: Application time: 0.0418930 seconds
260.440: [GC [PSYoungGen: 48864K->6624K(49152K)] 131466K->89242K(160256K), 0.0020840 secs] [Times: user=0.02 sys=0.00, real=0.00 secs] 
260.442: Total time for which application threads were stopped: 0.0046550 seconds, Stopping threads took: 0.0024830 seconds
260.483: Application time: 0.0412980 seconds
260.485: [GC [PSYoungGen: 49120K->6464K(49152K)] 131738K->89082K(160256K), 0.0019370 secs] [Times: user=0.01 sys=0.00, real=0.01 secs] 
260.487: Total time for which application threads were stopped: 0.0039740 seconds, Stopping threads took: 0.0019510 seconds
260.528: Application time: 0.0406160 seconds
260.531: [GC [PSYoungGen: 48960K->6640K(49152K)] 131578K->90074K(160256K), 0.0022130 secs] [Times: user=0.02 sys=0.00, real=0.00 secs] 
260.533: Total time for which application threads were stopped: 0.0050150 seconds, Stopping threads took: 0.0027220 seconds
260.578: Application time: 0.0455220 seconds
260.581: [GC [PSYoungGen: 49136K->4544K(49152K)] 132570K->87986K(160256K), 0.0013840 secs] [Times: user=0.01 sys=0.00, real=0.00 secs] 
260.582: Total time for which application threads were stopped: 0.0038030 seconds, Stopping threads took: 0.0023460 seconds
260.624: Application time: 0.0417800 seconds
260.627: [GC [PSYoungGen: 47040K->6656K(49152K)] 130482K->91618K(160256K), 0.0024420 secs] [Times: user=0.02 sys=0.00, real=0.00 secs] 
260.629: Total time for which application threads were stopped: 0.0051000 seconds, Stopping threads took: 0.0025800 seconds
260.672: Application time: 0.0428650 seconds
260.674: [GC [PSYoungGen: 49152K->6640K(49152K)] 134114K->91794K(160256K), 0.0020540 secs] [Times: user=0.01 sys=0.00, real=0.00 secs] 
260.676: Total time for which application threads were stopped: 0.0042740 seconds, Stopping threads took: 0.0021380 seconds
260.718: Application time: 0.0421560 seconds
260.721: [GC [PSYoungGen: 49136K->4992K(49152K)] 134290K->90146K(160256K), 0.0015950 secs] [Times: user=0.01 sys=0.00, real=0.00 secs] 
260.723: Total time for which application threads were stopped: 0.0046590 seconds, Stopping threads took: 0.0029820 seconds
260.765: Application time: 0.0418590 seconds
260.767: [GC [PSYoungGen: 47488K->5824K(49152K)] 132642K->90978K(160256K), 0.0017920 secs] [Times: user=0.01 sys=0.00, real=0.00 secs] 
260.769: Total time for which application threads were stopped: 0.0035820 seconds, Stopping threads took: 0.0017080 seconds
260.810: Application time: 0.0418120 seconds
260.811: [GC [PSYoungGen: 48320K->5760K(49152K)] 133474K->90922K(160256K), 0.0017830 secs] [Times: user=0.01 sys=0.00, real=0.00 secs] 
260.813: Total time for which application threads were stopped: 0.0026380 seconds, Stopping threads took: 0.0007800 seconds
260.855: Application time: 0.0416220 seconds
260.858: [GC [PSYoungGen: 48256K->6592K(49152K)] 133418K->91754K(160256K), 0.0020000 secs] [Times: user=0.01 sys=0.00, real=0.01 secs] 
260.860: Total time for which application threads were stopped: 0.0049860 seconds, Stopping threads took: 0.0029040 seconds
260.899: Application time: 0.0396220 seconds
260.902: [GC [PSYoungGen: 49088K->6624K(49152K)] 134250K->92066K(160256K), 0.0021510 secs] [Times: user=0.02 sys=0.00, real=0.00 secs] 
260.904: Total time for which application threads were stopped: 0.0050500 seconds, Stopping threads took: 0.0028100 seconds
260.946: Application time: 0.0421760 seconds
260.949: [GC [PSYoungGen: 49120K->6336K(49152K)] 134562K->91778K(160256K), 0.0020710 secs] [Times: user=0.01 sys=0.00, real=0.00 secs] 
260.951: Total time for which application threads were stopped: 0.0048670 seconds, Stopping threads took: 0.0027150 seconds
260.993: Application time: 0.0420510 seconds
260.996: [GC [PSYoungGen: 48832K->6240K(49152K)] 134274K->91690K(160256K), 0.0019820 secs] [Times: user=0.01 sys=0.00, real=0.00 secs] 
260.998: Total time for which application threads were stopped: 0.0044250 seconds, Stopping threads took: 0.0023660 seconds
261.041: Application time: 0.0434190 seconds
261.044: [GC [PSYoungGen: 48736K->6128K(49152K)] 134186K->91578K(160256K), 0.0019410 secs] [Times: user=0.01 sys=0.00, real=0.00 secs] 
261.046: Total time for which application threads were stopped: 0.0042890 seconds, Stopping threads took: 0.0022720 seconds
261.087: Application time: 0.0416530 seconds
261.090: [GC [PSYoungGen: 48624K->6624K(49152K)] 134074K->92274K(160256K), 0.0020880 secs] [Times: user=0.02 sys=0.00, real=0.00 secs] 
261.092: Total time for which application threads were stopped: 0.0047090 seconds, Stopping threads took: 0.0025330 seconds
261.133: Application time: 0.0413150 seconds
261.135: [GC [PSYoungGen: 49120K->5792K(49152K)] 134770K->91450K(160256K), 0.0022680 secs] [Times: user=0.01 sys=0.00, real=0.00 secs] 
261.137: Total time for which application threads were stopped: 0.0037710 seconds, Stopping threads took: 0.0014210 seconds
261.177: Application time: 0.0397720 seconds
261.179: [GC [PSYoungGen: 48288K->6272K(49152K)] 133946K->91938K(160256K), 0.0020600 secs] [Times: user=0.01 sys=0.00, real=0.00 secs] 
261.182: Total time for which application threads were stopped: 0.0047480 seconds, Stopping threads took: 0.0026060 seconds
261.223: Application time: 0.0419650 seconds
261.225: [GC [PSYoungGen: 48768K->6048K(49152K)] 134434K->91714K(160256K), 0.0018110 secs] [Times: user=0.01 sys=0.00, real=0.01 secs] 
261.227: Total time for which application threads were stopped: 0.0035480 seconds, Stopping threads took: 0.0016400 seconds
261.270: Application time: 0.0427020 seconds
261.271: [GC [PSYoungGen: 48544K->6624K(49152K)] 134210K->92442K(160256K), 0.0021010 secs] [Times: user=0.02 sys=0.00, real=0.00 secs] 
261.274: Total time for which application threads were stopped: 0.0038340 seconds, Stopping threads took: 0.0016530 seconds
261.316: Application time: 0.0425090 seconds
261.318: [GC [PSYoungGen: 49120K->5280K(49152K)] 134938K->91106K(160256K), 0.0017940 secs] [Times: user=0.01 sys=0.00, real=0.01 secs] 
261.320: Total time for which application threads were stopped: 0.0034090 seconds, Stopping threads took: 0.0015330 seconds
261.361: Application time: 0.0415550 seconds
261.363: [GC [PSYoungGen: 47776K->6560K(49152K)] 133602K->92410K(160256K), 0.0020550 secs] [Times: user=0.01 sys=0.00, real=0.00 secs] 
261.365: Total time for which application threads were stopped: 0.0042390 seconds, Stopping threads took: 0.0020990 seconds
261.407: Application time: 0.0413240 seconds
261.408: [GC [PSYoungGen: 49056K->6640K(49152K)] 134906K->92746K(160256K), 0.0021970 secs] [Times: user=0.01 sys=0.00, real=0.00 secs] 
261.410: Total time for which application threads were stopped: 0.0038430 seconds, Stopping threads took: 0.0015460 seconds
261.452: Application time: 0.0420160 seconds
261.454: [GC [PSYoungGen: 49136K->6288K(49152K)] 135242K->92394K(160256K), 0.0019460 secs] [Times: user=0.01 sys=0.00, real=0.00 secs] 
261.456: Total time for which application threads were stopped: 0.0038920 seconds, Stopping threads took: 0.0018630 seconds
261.497: Application time: 0.0404460 seconds
261.498: [GC [PSYoungGen: 48784K->6096K(49152K)] 134890K->92218K(160256K), 0.0020260 secs] [Times: user=0.01 sys=0.00, real=0.01 secs] 
261.501: Total time for which application threads were stopped: 0.0036730 seconds, Stopping threads took: 0.0015610 seconds
261.542: Application time: 0.0414790 seconds
261.543: [GC [PSYoungGen: 48592K->5536K(49152K)] 134714K->91658K(160256K), 0.0017550 secs] [Times: user=0.01 sys=0.00, real=0.00 secs] 
261.545: Total time for which application threads were stopped: 0.0031560 seconds, Stopping threads took: 0.0013200 seconds
261.587: Application time: 0.0418330 seconds
261.589: [GC [PSYoungGen: 48032K->6592K(49152K)] 134154K->92714K(160256K), 0.0020400 secs] [Times: user=0.01 sys=0.00, real=0.00 secs] 
261.591: Total time for which application threads were stopped: 0.0040940 seconds, Stopping threads took: 0.0019660 seconds
261.632: Application time: 0.0404630 seconds
261.633: [GC [PSYoungGen: 49088K->6640K(49152K)] 135210K->92922K(160256K), 0.0020740 secs] [Times: user=0.02 sys=0.00, real=0.00 secs] 
261.635: Total time for which application threads were stopped: 0.0038080 seconds, Stopping threads took: 0.0016500 seconds
261.678: Application time: 0.0424210 seconds
261.680: [GC [PSYoungGen: 49136K->6176K(49152K)] 135418K->92474K(160256K), 0.0021650 secs] [Times: user=0.01 sys=0.00, real=0.00 secs] 
261.682: Total time for which application threads were stopped: 0.0045020 seconds, Stopping threads took: 0.0022570 seconds
261.722: Application time: 0.0400130 seconds
261.725: [GC [PSYoungGen: 48672K->6624K(49152K)] 134970K->93875K(160256K), 0.0024760 secs] [Times: user=0.01 sys=0.00, real=0.01 secs] 
261.728: Total time for which application threads were stopped: 0.0055290 seconds, Stopping threads took: 0.0029480 seconds
261.768: Application time: 0.0403530 seconds
261.770: [GC [PSYoungGen: 49120K->6592K(49152K)] 136371K->93842K(160256K), 0.0022130 secs] [Times: user=0.01 sys=0.00, real=0.00 secs] 
261.772: Total time for which application threads were stopped: 0.0036690 seconds, Stopping threads took: 0.0013520 seconds
261.812: Application time: 0.0404640 seconds
261.815: [GC [PSYoungGen: 49088K->6272K(49152K)] 136338K->93531K(160256K), 0.0020770 secs] [Times: user=0.01 sys=0.00, real=0.00 secs] 
261.817: Total time for which application threads were stopped: 0.0044300 seconds, Stopping threads took: 0.0022700 seconds
261.857: Application time: 0.0406160 seconds
261.860: [GC [PSYoungGen: 48766K->6640K(49152K)] 136025K->94050K(160256K), 0.0022620 secs] [Times: user=0.01 sys=0.00, real=0.00 secs] 
261.862: Total time for which application threads were stopped: 0.0050770 seconds, Stopping threads took: 0.0027080 seconds
261.905: Application time: 0.0422880 seconds
261.908: [GC [PSYoungGen: 49136K->6240K(49152K)] 136546K->93658K(160256K), 0.0019000 secs] [Times: user=0.01 sys=0.00, real=0.00 secs] 
261.910: Total time for which application threads were stopped: 0.0047840 seconds, Stopping threads took: 0.0027970 seconds
261.953: Application time: 0.0433400 seconds
261.955: [GC [PSYoungGen: 48736K->5504K(49152K)] 136154K->92922K(160256K), 0.0017120 secs] [Times: user=0.01 sys=0.00, real=0.00 secs] 
261.956: Total time for which application threads were stopped: 0.0036010 seconds, Stopping threads took: 0.0018050 seconds
261.998: Application time: 0.0412960 seconds
262.000: [GC [PSYoungGen: 48000K->5760K(49152K)] 135418K->93178K(160256K), 0.0018610 secs] [Times: user=0.01 sys=0.00, real=0.00 secs] 
262.002: Total time for which application threads were stopped: 0.0040420 seconds, Stopping threads took: 0.0021020 seconds
262.044: Application time: 0.0422990 seconds
262.046: [GC [PSYoungGen: 48256K->5728K(49152K)] 135674K->93154K(160256K), 0.0018410 secs] [Times: user=0.02 sys=0.00, real=0.01 secs] 
262.048: Total time for which application threads were stopped: 0.0034880 seconds, Stopping threads took: 0.0015690 seconds
262.091: Application time: 0.0431410 seconds
262.093: [GC [PSYoungGen: 48224K->6480K(49152K)] 135650K->93906K(160256K), 0.0019480 secs] [Times: user=0.01 sys=0.00, real=0.00 secs] 
262.095: Total time for which application threads were stopped: 0.0044760 seconds, Stopping threads took: 0.0024460 seconds
262.137: Application time: 0.0422410 seconds
262.141: [GC [PSYoungGen: 48976K->6640K(49152K)] 136402K->94467K(160256K), 0.0021910 secs] [Times: user=0.01 sys=0.00, real=0.00 secs] 
262.143: Total time for which application threads were stopped: 0.0053470 seconds, Stopping threads took: 0.0030750 seconds
262.184: Application time: 0.0410390 seconds
262.186: [GC [PSYoungGen: 49136K->6064K(49152K)] 136963K->93891K(160256K), 0.0018990 secs] [Times: user=0.01 sys=0.00, real=0.01 secs] 
262.188: Total time for which application threads were stopped: 0.0039490 seconds, Stopping threads took: 0.0019670 seconds
262.228: Application time: 0.0402540 seconds
262.230: [GC [PSYoungGen: 48560K->6640K(49152K)] 136387K->94699K(160256K), 0.0021140 secs] [Times: user=0.01 sys=0.00, real=0.00 secs] 
262.232: Total time for which application threads were stopped: 0.0036320 seconds, Stopping threads took: 0.0014330 seconds
262.272: Application time: 0.0398120 seconds
262.274: [GC [PSYoungGen: 49136K->6640K(49152K)] 137195K->94779K(160256K), 0.0020650 secs] [Times: user=0.02 sys=0.00, real=0.00 secs] 
262.276: Total time for which application threads were stopped: 0.0049710 seconds, Stopping threads took: 0.0028180 seconds
262.316: Application time: 0.0390460 seconds
262.318: [GC [PSYoungGen: 49136K->6640K(49152K)] 137275K->95471K(160256K), 0.0023980 secs] [Times: user=0.01 sys=0.00, real=0.01 secs] 
262.321: Total time for which application threads were stopped: 0.0052770 seconds, Stopping threads took: 0.0027910 seconds
262.360: Application time: 0.0392780 seconds
262.362: [GC [PSYoungGen: 49136K->6624K(49152K)] 137967K->95887K(160256K), 0.0021530 secs] [Times: user=0.02 sys=0.00, real=0.00 secs] 
262.365: Total time for which application threads were stopped: 0.0044030 seconds, Stopping threads took: 0.0021660 seconds
262.403: Application time: 0.0388620 seconds
262.405: [GC [PSYoungGen: 49120K->6640K(49152K)] 138383K->96311K(160256K), 0.0021610 secs] [Times: user=0.02 sys=0.00, real=0.01 secs] 
262.407: Total time for which application threads were stopped: 0.0037730 seconds, Stopping threads took: 0.0015220 seconds
262.449: Application time: 0.0414110 seconds
262.450: [GC [PSYoungGen: 49136K->6176K(49152K)] 138807K->95855K(160256K), 0.0019990 secs] [Times: user=0.01 sys=0.00, real=0.00 secs] 
262.452: Total time for which application threads were stopped: 0.0038250 seconds, Stopping threads took: 0.0017300 seconds
262.494: Application time: 0.0412240 seconds
262.496: [GC [PSYoungGen: 48672K->6624K(49152K)] 138351K->96639K(160256K), 0.0023020 secs] [Times: user=0.01 sys=0.00, real=0.00 secs] 
262.498: Total time for which application threads were stopped: 0.0042500 seconds, Stopping threads took: 0.0018590 seconds
262.538: Application time: 0.0396490 seconds
262.541: [GC [PSYoungGen: 49120K->6656K(49152K)] 139135K->97847K(160256K), 0.0025340 secs] [Times: user=0.01 sys=0.00, real=0.00 secs] 
262.543: Total time for which application threads were stopped: 0.0057260 seconds, Stopping threads took: 0.0031060 seconds
262.585: Application time: 0.0413470 seconds
262.586: [GC [PSYoungGen: 49152K->5696K(49152K)] 140343K->96887K(160256K), 0.0020770 secs] [Times: user=0.01 sys=0.00, real=0.01 secs] 
262.588: Total time for which application threads were stopped: 0.0036220 seconds, Stopping threads took: 0.0014660 seconds
262.631: Application time: 0.0427510 seconds
262.633: [GC [PSYoungGen: 48192K->6560K(49152K)] 139383K->97751K(160256K), 0.0019080 secs] [Times: user=0.01 sys=0.00, real=0.00 secs] 
262.635: Total time for which application threads were stopped: 0.0041280 seconds, Stopping threads took: 0.0021430 seconds
262.677: Application time: 0.0419760 seconds
262.680: [GC [PSYoungGen: 49056K->5456K(49152K)] 140247K->96647K(160256K), 0.0017870 secs] [Times: user=0.01 sys=0.00, real=0.00 secs] 
262.682: Total time for which application threads were stopped: 0.0048950 seconds, Stopping threads took: 0.0030290 seconds
262.723: Application time: 0.0411520 seconds
262.725: [GC [PSYoungGen: 47952K->6640K(49152K)] 139143K->98287K(160256K), 0.0022860 secs] [Times: user=0.01 sys=0.00, real=0.01 secs] 
262.727: Total time for which application threads were stopped: 0.0037590 seconds, Stopping threads took: 0.0013850 seconds
262.767: Application time: 0.0406180 seconds
262.769: [GC [PSYoungGen: 49136K->5936K(49152K)] 140783K->97583K(160256K), 0.0019180 secs] [Times: user=0.01 sys=0.00, real=0.00 secs] 
262.771: Total time for which application threads were stopped: 0.0032240 seconds, Stopping threads took: 0.0012190 seconds
262.811: Application time: 0.0405540 seconds
262.814: [GC [PSYoungGen: 48432K->6320K(49152K)] 140079K->97975K(160256K), 0.0019630 secs] [Times: user=0.02 sys=0.00, real=0.00 secs] 
262.816: Total time for which application threads were stopped: 0.0045970 seconds, Stopping threads took: 0.0025480 seconds
262.858: Application time: 0.0417560 seconds
262.858: [GC [PSYoungGen: 48816K->6624K(49152K)] 140471K->98295K(160256K), 0.0020640 secs] [Times: user=0.02 sys=0.00, real=0.01 secs] 
262.860: Total time for which application threads were stopped: 0.0026650 seconds, Stopping threads took: 0.0005140 seconds
262.901: Application time: 0.0405670 seconds
262.902: [GC [PSYoungGen: 49120K->6624K(49152K)] 140791K->98599K(160256K), 0.0021730 secs] [Times: user=0.01 sys=0.00, real=0.00 secs] 
262.905: Total time for which application threads were stopped: 0.0037970 seconds, Stopping threads took: 0.0015410 seconds
262.948: Application time: 0.0432410 seconds
262.950: [GC [PSYoungGen: 49120K->6528K(49152K)] 141095K->98511K(160256K), 0.0021240 secs] [Times: user=0.01 sys=0.00, real=0.00 secs] 
262.953: Total time for which application threads were stopped: 0.0046950 seconds, Stopping threads took: 0.0024920 seconds
262.996: Application time: 0.0430300 seconds
262.998: [GC [PSYoungGen: 49024K->5456K(49152K)] 141007K->97447K(160256K), 0.0017740 secs] [Times: user=0.01 sys=0.00, real=0.01 secs] 
263.000: Total time for which application threads were stopped: 0.0039950 seconds, Stopping threads took: 0.0021270 seconds
263.043: Application time: 0.0430490 seconds
263.045: [GC [PSYoungGen: 47952K->6384K(49152K)] 139943K->98383K(160256K), 0.0018900 secs] [Times: user=0.01 sys=0.00, real=0.01 secs] 
263.047: Total time for which application threads were stopped: 0.0041960 seconds, Stopping threads took: 0.0022230 seconds
263.089: Application time: 0.0424890 seconds
263.092: [GC [PSYoungGen: 48880K->5936K(49152K)] 140879K->97935K(160256K), 0.0019180 secs] [Times: user=0.01 sys=0.00, real=0.00 secs] 
263.094: Total time for which application threads were stopped: 0.0046180 seconds, Stopping threads took: 0.0025960 seconds
263.136: Application time: 0.0419050 seconds
263.139: [GC [PSYoungGen: 48432K->6400K(49152K)] 140431K->98399K(160256K), 0.0020520 secs] [Times: user=0.01 sys=0.00, real=0.00 secs] 
263.141: Total time for which application threads were stopped: 0.0049690 seconds, Stopping threads took: 0.0028300 seconds
263.183: Application time: 0.0416720 seconds
263.184: [GC [PSYoungGen: 48896K->5344K(49152K)] 140895K->97351K(160256K), 0.0017640 secs] [Times: user=0.01 sys=0.00, real=0.00 secs] 
263.186: Total time for which application threads were stopped: 0.0033830 seconds, Stopping threads took: 0.0015340 seconds
263.227: Application time: 0.0405650 seconds
263.229: [GC [PSYoungGen: 47840K->6624K(49152K)] 139847K->98967K(160256K), 0.0022250 secs] [Times: user=0.01 sys=0.00, real=0.00 secs] 
263.232: Total time for which application threads were stopped: 0.0051440 seconds, Stopping threads took: 0.0028340 seconds
263.275: Application time: 0.0430830 seconds
263.276: [GC [PSYoungGen: 49120K->5360K(49152K)] 141463K->97703K(160256K), 0.0016570 secs] [Times: user=0.01 sys=0.00, real=0.00 secs] 
263.278: Total time for which application threads were stopped: 0.0031630 seconds, Stopping threads took: 0.0014290 seconds
263.320: Application time: 0.0415890 seconds
263.323: [GC [PSYoungGen: 47856K->6512K(49152K)] 140199K->98855K(160256K), 0.0021690 secs] [Times: user=0.01 sys=0.00, real=0.00 secs] 
263.325: Total time for which application threads were stopped: 0.0057830 seconds, Stopping threads took: 0.0035340 seconds
263.366: Application time: 0.0405030 seconds
263.369: [GC [PSYoungGen: 49008K->6352K(49152K)] 141351K->98711K(160256K), 0.0019790 secs] [Times: user=0.01 sys=0.00, real=0.00 secs] 
263.371: Total time for which application threads were stopped: 0.0048860 seconds, Stopping threads took: 0.0028140 seconds
263.413: Application time: 0.0428070 seconds
263.416: [GC [PSYoungGen: 48848K->6640K(49152K)] 141207K->99359K(160256K), 0.0021400 secs] [Times: user=0.02 sys=0.00, real=0.00 secs] 
263.418: Total time for which application threads were stopped: 0.0046520 seconds, Stopping threads took: 0.0024280 seconds
263.458: Application time: 0.0398560 seconds
263.460: [GC [PSYoungGen: 49136K->6640K(49152K)] 141855K->99551K(160256K), 0.0021490 secs] [Times: user=0.01 sys=0.00, real=0.00 secs] 
263.462: Total time for which application threads were stopped: 0.0038880 seconds, Stopping threads took: 0.0016510 seconds
263.503: Application time: 0.0413670 seconds
263.506: [GC [PSYoungGen: 49136K->5120K(49152K)] 142047K->98047K(160256K), 0.0016750 secs] [Times: user=0.01 sys=0.00, real=0.01 secs] 
263.507: Total time for which application threads were stopped: 0.0041590 seconds, Stopping threads took: 0.0023980 seconds
263.550: Application time: 0.0426510 seconds
263.552: [GC [PSYoungGen: 47616K->4976K(49152K)] 140543K->97919K(160256K), 0.0016780 secs] [Times: user=0.01 sys=0.00, real=0.00 secs] 
263.554: Total time for which application threads were stopped: 0.0040420 seconds, Stopping threads took: 0.0022830 seconds
263.597: Application time: 0.0427030 seconds
263.599: [GC [PSYoungGen: 47472K->5952K(49152K)] 140415K->98919K(160256K), 0.0019280 secs] [Times: user=0.01 sys=0.00, real=0.00 secs] 
263.601: Total time for which application threads were stopped: 0.0040110 seconds, Stopping threads took: 0.0020050 seconds
263.639: Application time: 0.0385330 seconds
263.642: [GC [PSYoungGen: 48448K->6352K(49152K)] 141415K->99319K(160256K), 0.0019810 secs] [Times: user=0.01 sys=0.00, real=0.00 secs] 
263.644: Total time for which application threads were stopped: 0.0046890 seconds, Stopping threads took: 0.0026240 seconds
263.682: Application time: 0.0374490 seconds
263.684: [GC [PSYoungGen: 48848K->6656K(49152K)] 141815K->100247K(160256K), 0.0022240 secs] [Times: user=0.01 sys=0.00, real=0.00 secs] 
263.686: Total time for which application threads were stopped: 0.0047190 seconds, Stopping threads took: 0.0024140 seconds
263.724: Application time: 0.0377220 seconds
263.726: [GC [PSYoungGen: 49152K->6624K(49152K)] 142743K->100883K(160256K), 0.0022800 secs] [Times: user=0.01 sys=0.00, real=0.01 secs] 
263.728: Total time for which application threads were stopped: 0.0042600 seconds, Stopping threads took: 0.0018710 seconds
263.766: Application time: 0.0377640 seconds
263.769: [GC [PSYoungGen: 49119K->6640K(49152K)] 143378K->101491K(160256K), 0.0021830 secs] [Times: user=0.02 sys=0.00, real=0.00 secs] 
263.771: Total time for which application threads were stopped: 0.0049630 seconds, Stopping threads took: 0.0026940 seconds
263.809: Application time: 0.0384910 seconds
263.811: [GC [PSYoungGen: 49136K->6624K(49152K)] 143987K->101499K(160256K), 0.0021110 secs] [Times: user=0.01 sys=0.00, real=0.00 secs] 
263.813: Total time for which application threads were stopped: 0.0038180 seconds, Stopping threads took: 0.0016210 seconds
263.853: Application time: 0.0393980 seconds
263.854: [GC [PSYoungGen: 49120K->6144K(49152K)] 143995K->101019K(160256K), 0.0018850 secs] [Times: user=0.02 sys=0.00, real=0.00 secs] 
263.856: Total time for which application threads were stopped: 0.0035410 seconds, Stopping threads took: 0.0015700 seconds
263.895: Application time: 0.0388330 seconds
263.897: [GC [PSYoungGen: 48640K->6080K(49152K)] 143515K->100963K(160256K), 0.0020380 secs] [Times: user=0.02 sys=0.00, real=0.01 secs] 
263.899: Total time for which application threads were stopped: 0.0038320 seconds, Stopping threads took: 0.0017180 seconds
263.939: Application time: 0.0397770 seconds
263.940: [GC [PSYoungGen: 48576K->4944K(49152K)] 143459K->99835K(160256K), 0.0016020 secs] [Times: user=0.01 sys=0.00, real=0.00 secs] 
263.942: Total time for which application threads were stopped: 0.0032910 seconds, Stopping threads took: 0.0016140 seconds
263.981: Application time: 0.0391640 seconds
263.983: [GC [PSYoungGen: 47440K->5792K(49152K)] 142331K->100691K(160256K), 0.0018420 secs] [Times: user=0.01 sys=0.00, real=0.00 secs] 
263.985: Total time for which application threads were stopped: 0.0035630 seconds, Stopping threads took: 0.0016490 seconds
264.023: Application time: 0.0387590 seconds
264.026: [GC [PSYoungGen: 48288K->6608K(49152K)] 143187K->101515K(160256K), 0.0020390 secs] [Times: user=0.01 sys=0.00, real=0.01 secs] 
264.028: Total time for which application threads were stopped: 0.0044770 seconds, Stopping threads took: 0.0023490 seconds
264.067: Application time: 0.0393710 seconds
264.069: [GC [PSYoungGen: 49104K->6480K(49152K)] 144011K->101395K(160256K), 0.0020300 secs] [Times: user=0.02 sys=0.00, real=0.00 secs] 
264.071: Total time for which application threads were stopped: 0.0041140 seconds, Stopping threads took: 0.0020050 seconds
264.110: Application time: 0.0384460 seconds
264.111: [GC [PSYoungGen: 48976K->5856K(49152K)] 143891K->100779K(160256K), 0.0018340 secs] [Times: user=0.01 sys=0.00, real=0.00 secs] 
264.113: Total time for which application threads were stopped: 0.0033830 seconds, Stopping threads took: 0.0014710 seconds
264.150: Application time: 0.0370950 seconds
264.153: [GC [PSYoungGen: 48352K->6656K(49152K)] 143275K->102051K(160256K), 0.0022450 secs] [Times: user=0.02 sys=0.00, real=0.00 secs] 
264.155: Total time for which application threads were stopped: 0.0049940 seconds, Stopping threads took: 0.0026660 seconds
264.194: Application time: 0.0389080 seconds
264.197: [GC [PSYoungGen: 49152K->6656K(49152K)] 144547K->102875K(160256K), 0.0023330 secs] [Times: user=0.02 sys=0.00, real=0.01 secs] 
264.199: Total time for which application threads were stopped: 0.0048860 seconds, Stopping threads took: 0.0024700 seconds
264.238: Application time: 0.0388530 seconds
264.239: [GC [PSYoungGen: 49152K->4896K(49152K)] 145371K->101115K(160256K), 0.0015490 secs] [Times: user=0.01 sys=0.00, real=0.00 secs] 
264.241: Total time for which application threads were stopped: 0.0029190 seconds, Stopping threads took: 0.0012800 seconds
264.280: Application time: 0.0391210 seconds
264.282: [GC [PSYoungGen: 47390K->6656K(49152K)] 143610K->103815K(160256K), 0.0023920 secs] [Times: user=0.01 sys=0.00, real=0.00 secs] 
264.284: Total time for which application threads were stopped: 0.0039780 seconds, Stopping threads took: 0.0015020 seconds
264.323: Application time: 0.0393870 seconds
264.325: [GC [PSYoungGen: 49152K->5056K(49152K)] 146311K->102215K(160256K), 0.0017080 secs] [Times: user=0.01 sys=0.00, real=0.00 secs] 
264.326: Total time for which application threads were stopped: 0.0028640 seconds, Stopping threads took: 0.0010550 seconds
264.366: Application time: 0.0396400 seconds
264.367: [GC [PSYoungGen: 47552K->5872K(49152K)] 144711K->103031K(160256K), 0.0018050 secs] [Times: user=0.01 sys=0.00, real=0.00 secs] 
264.369: Total time for which application threads were stopped: 0.0033940 seconds, Stopping threads took: 0.0015070 seconds
264.409: Application time: 0.0392390 seconds
264.411: [GC [PSYoungGen: 48368K->6192K(49152K)] 145527K->103351K(160256K), 0.0021380 secs] [Times: user=0.02 sys=0.00, real=0.00 secs] 
264.413: Total time for which application threads were stopped: 0.0044630 seconds, Stopping threads took: 0.0022470 seconds
264.454: Application time: 0.0407700 seconds
264.456: [GC [PSYoungGen: 48688K->6064K(49152K)] 145847K->103231K(160256K), 0.0020520 secs] [Times: user=0.01 sys=0.00, real=0.00 secs] 
264.458: Total time for which application threads were stopped: 0.0039870 seconds, Stopping threads took: 0.0018500 seconds
264.496: Application time: 0.0385350 seconds
264.498: [GC [PSYoungGen: 48560K->6336K(49152K)] 145727K->103519K(160256K), 0.0021340 secs] [Times: user=0.01 sys=0.00, real=0.01 secs] 
264.501: Total time for which application threads were stopped: 0.0042670 seconds, Stopping threads took: 0.0020480 seconds
264.543: Application time: 0.0420080 seconds
264.545: [GC [PSYoungGen: 48832K->6624K(49152K)] 146015K->103951K(160256K), 0.0021760 secs] [Times: user=0.02 sys=0.00, real=0.01 secs] 
264.547: Total time for which application threads were stopped: 0.0046210 seconds, Stopping threads took: 0.0023430 seconds
264.585: Application time: 0.0378340 seconds
264.588: [GC [PSYoungGen: 49120K->6624K(49152K)] 146447K->104439K(160256K), 0.0023280 secs] [Times: user=0.01 sys=0.00, real=0.00 secs] 
264.590: Total time for which application threads were stopped: 0.0050010 seconds, Stopping threads took: 0.0025660 seconds
264.631: Application time: 0.0406630 seconds
264.632: [GC [PSYoungGen: 49120K->6144K(49152K)] 146935K->103967K(160256K), 0.0019350 secs] [Times: user=0.01 sys=0.00, real=0.00 secs] 
264.634: Total time for which application threads were stopped: 0.0034980 seconds, Stopping threads took: 0.0014830 seconds
264.675: Application time: 0.0407440 seconds
264.677: [GC [PSYoungGen: 48640K->5568K(49152K)] 146463K->103391K(160256K), 0.0017850 secs] [Times: user=0.01 sys=0.00, real=0.01 secs] 
264.679: Total time for which application threads were stopped: 0.0037640 seconds, Stopping threads took: 0.0018930 seconds
264.718: Application time: 0.0395840 seconds
264.720: [GC [PSYoungGen: 48064K->6512K(49152K)] 145887K->104335K(160256K), 0.0021250 secs] [Times: user=0.01 sys=0.00, real=0.00 secs] 
264.723: Total time for which application threads were stopped: 0.0041940 seconds, Stopping threads took: 0.0019660 seconds
264.762: Application time: 0.0397530 seconds
264.764: [GC [PSYoungGen: 49008K->6624K(49152K)] 146831K->104575K(160256K), 0.0022690 secs] [Times: user=0.02 sys=0.00, real=0.00 secs] 
264.766: Total time for which application threads were stopped: 0.0038960 seconds, Stopping threads took: 0.0015430 seconds
264.804: Application time: 0.0379570 seconds
264.806: [GC [PSYoungGen: 49120K->6608K(49152K)] 147071K->104559K(160256K), 0.0020540 secs] [Times: user=0.01 sys=0.00, real=0.01 secs] 
264.808: Total time for which application threads were stopped: 0.0042040 seconds, Stopping threads took: 0.0020650 seconds
264.847: Application time: 0.0384960 seconds
264.849: [GC [PSYoungGen: 49104K->6656K(49152K)] 147055K->105743K(160256K), 0.0024210 secs] [Times: user=0.02 sys=0.00, real=0.00 secs] 
264.851: Total time for which application threads were stopped: 0.0044370 seconds, Stopping threads took: 0.0019320 seconds
264.890: Application time: 0.0388790 seconds
264.895: [GC [PSYoungGen: 49152K->6576K(49152K)] 148239K->105663K(160256K), 0.0020220 secs] [Times: user=0.01 sys=0.00, real=0.00 secs] 
264.897: Total time for which application threads were stopped: 0.0065330 seconds, Stopping threads took: 0.0044280 seconds
264.936: Application time: 0.0390450 seconds
264.937: [GC [PSYoungGen: 49072K->6656K(49152K)] 148159K->105863K(160256K), 0.0021700 secs] [Times: user=0.01 sys=0.00, real=0.01 secs] 
264.939: Total time for which application threads were stopped: 0.0036800 seconds, Stopping threads took: 0.0014250 seconds
264.978: Application time: 0.0389000 seconds
264.980: [GC [PSYoungGen: 49151K->5248K(49152K)] 148359K->104463K(160256K), 0.0019900 secs] [Times: user=0.01 sys=0.00, real=0.00 secs] 
264.982: Total time for which application threads were stopped: 0.0034550 seconds, Stopping threads took: 0.0013870 seconds
265.021: Application time: 0.0397070 seconds
265.023: [GC [PSYoungGen: 47744K->6656K(49152K)] 146959K->107091K(160256K), 0.0027030 secs] [Times: user=0.01 sys=0.00, real=0.00 secs] 
265.026: Total time for which application threads were stopped: 0.0046840 seconds, Stopping threads took: 0.0018930 seconds
265.065: Application time: 0.0384650 seconds
265.066: [GC [PSYoungGen: 49152K->6656K(49152K)] 149587K->107564K(160256K), 0.0022790 secs] [Times: user=0.02 sys=0.00, real=0.01 secs] 
265.068: Total time for which application threads were stopped: 0.0037910 seconds, Stopping threads took: 0.0014200 seconds
265.107: Application time: 0.0389110 seconds
265.109: [GC [PSYoungGen: 49152K->5152K(49152K)] 150060K->106060K(160256K), 0.0015740 secs] [Times: user=0.02 sys=0.00, real=0.00 secs] 
265.111: Total time for which application threads were stopped: 0.0031780 seconds, Stopping threads took: 0.0015180 seconds
265.151: Application time: 0.0403140 seconds
265.152: [GC [PSYoungGen: 47648K->5760K(49152K)] 148556K->106676K(160256K), 0.0100740 secs] [Times: user=0.07 sys=0.00, real=0.01 secs] 
265.162: Total time for which application threads were stopped: 0.0113880 seconds, Stopping threads took: 0.0012370 seconds
265.203: Application time: 0.0408720 seconds
265.205: [GC [PSYoungGen: 48256K->5504K(49152K)] 149172K->106420K(160256K), 0.0017070 secs] [Times: user=0.02 sys=0.00, real=0.01 secs] 
265.207: Total time for which application threads were stopped: 0.0035180 seconds, Stopping threads took: 0.0017320 seconds
265.246: Application time: 0.0392290 seconds
265.248: [GC [PSYoungGen: 48000K->6384K(49152K)] 148916K->107300K(160256K), 0.0019270 secs] [Times: user=0.01 sys=0.00, real=0.00 secs] 
265.250: Total time for which application threads were stopped: 0.0045580 seconds, Stopping threads took: 0.0025450 seconds
265.288: Application time: 0.0380160 seconds
265.290: [GC [PSYoungGen: 48880K->6656K(49152K)] 149796K->107772K(160256K), 0.0021670 secs] [Times: user=0.01 sys=0.00, real=0.00 secs] 
265.292: Total time for which application threads were stopped: 0.0038590 seconds, Stopping threads took: 0.0016080 seconds
265.331: Application time: 0.0389570 seconds
265.334: [GC [PSYoungGen: 49152K->6208K(49152K)] 150268K->107332K(160256K), 0.0018760 secs] [Times: user=0.01 sys=0.00, real=0.00 secs] 
265.336: Total time for which application threads were stopped: 0.0047850 seconds, Stopping threads took: 0.0028300 seconds
265.375: Application time: 0.0390410 seconds
265.376: [GC [PSYoungGen: 48704K->5680K(49152K)] 149828K->106804K(160256K), 0.0018150 secs] [Times: user=0.01 sys=0.00, real=0.00 secs] 
265.378: Total time for which application threads were stopped: 0.0030750 seconds, Stopping threads took: 0.0011830 seconds
265.418: Application time: 0.0401070 seconds
265.419: [GC [PSYoungGen: 48176K->4496K(49152K)] 149300K->105620K(160256K), 0.0015380 secs] [Times: user=0.01 sys=0.00, real=0.00 secs] 
265.421: Total time for which application threads were stopped: 0.0025900 seconds, Stopping threads took: 0.0009680 seconds
265.462: Application time: 0.0411320 seconds
265.464: [GC [PSYoungGen: 46992K->4880K(49152K)] 148116K->106004K(160256K), 0.0015570 secs] [Times: user=0.01 sys=0.00, real=0.00 secs] 
265.465: Total time for which application threads were stopped: 0.0031170 seconds, Stopping threads took: 0.0014810 seconds
265.503: Application time: 0.0379070 seconds
265.505: [GC [PSYoungGen: 47376K->6384K(49152K)] 148500K->107516K(160256K), 0.0018850 secs] [Times: user=0.01 sys=0.00, real=0.01 secs] 
265.507: Total time for which application threads were stopped: 0.0038290 seconds, Stopping threads took: 0.0018650 seconds
265.545: Application time: 0.0376830 seconds
265.547: [GC [PSYoungGen: 48880K->6624K(49152K)] 150012K->107860K(160256K), 0.0020820 secs] [Times: user=0.02 sys=0.00, real=0.00 secs] 
265.549: Total time for which application threads were stopped: 0.0045500 seconds, Stopping threads took: 0.0023850 seconds
265.588: Application time: 0.0390080 seconds
265.590: [GC [PSYoungGen: 49120K->6240K(49152K)] 150356K->107476K(160256K), 0.0019770 secs] [Times: user=0.01 sys=0.00, real=0.00 secs] 
265.592: Total time for which application threads were stopped: 0.0041670 seconds, Stopping threads took: 0.0020990 seconds
265.631: Application time: 0.0387650 seconds
265.633: [GC [PSYoungGen: 48736K->6640K(49152K)] 149972K->107996K(160256K), 0.0022890 secs] [Times: user=0.01 sys=0.00, real=0.00 secs] 
265.635: Total time for which application threads were stopped: 0.0043410 seconds, Stopping threads took: 0.0019660 seconds
265.675: Application time: 0.0394720 seconds
265.677: [GC [PSYoungGen: 49136K->6624K(49152K)] 150492K->108348K(160256K), 0.0023950 secs] [Times: user=0.02 sys=0.00, real=0.01 secs] 
265.679: Total time for which application threads were stopped: 0.0041690 seconds, Stopping threads took: 0.0016860 seconds
265.719: Application time: 0.0397480 seconds
265.720: [GC [PSYoungGen: 49120K->5296K(49152K)] 150844K->107036K(160256K), 0.0020200 secs] [Times: user=0.01 sys=0.00, real=0.00 secs] 
265.722: Total time for which application threads were stopped: 0.0036460 seconds, Stopping threads took: 0.0015260 seconds
265.762: Application time: 0.0400130 seconds
265.764: [GC [PSYoungGen: 47792K->6624K(49152K)] 149532K->108436K(160256K), 0.0021200 secs] [Times: user=0.02 sys=0.00, real=0.01 secs] 
265.767: Total time for which application threads were stopped: 0.0041820 seconds, Stopping threads took: 0.0019750 seconds
265.806: Application time: 0.0395880 seconds
265.808: [GC [PSYoungGen: 49120K->6640K(49152K)] 150932K->108476K(160256K), 0.0020680 secs] [Times: user=0.02 sys=0.00, real=0.00 secs] 
265.810: Total time for which application threads were stopped: 0.0040030 seconds, Stopping threads took: 0.0018510 seconds
265.850: Application time: 0.0399840 seconds
265.852: [GC [PSYoungGen: 49136K->6304K(49152K)] 150972K->108148K(160256K), 0.0019790 secs] [Times: user=0.01 sys=0.00, real=0.00 secs] 
265.854: Total time for which application threads were stopped: 0.0038760 seconds, Stopping threads took: 0.0018150 seconds
265.894: Application time: 0.0399750 seconds
265.897: [GC [PSYoungGen: 48800K->6464K(49152K)] 150644K->108308K(160256K), 0.0020300 secs] [Times: user=0.02 sys=0.00, real=0.01 secs] 
265.899: Total time for which application threads were stopped: 0.0046010 seconds, Stopping threads took: 0.0024950 seconds
265.936: Application time: 0.0376120 seconds
265.939: [GC [PSYoungGen: 48960K->6656K(49152K)] 150804K->109004K(160256K), 0.0022200 secs] [Times: user=0.02 sys=0.00, real=0.00 secs] 
265.941: Total time for which application threads were stopped: 0.0046450 seconds, Stopping threads took: 0.0023420 seconds
265.980: Application time: 0.0393840 seconds
265.982: [GC [PSYoungGen: 49152K->6080K(49152K)] 151500K->108428K(160256K), 0.0018600 secs] [Times: user=0.01 sys=0.00, real=0.00 secs] 
265.984: Total time for which application threads were stopped: 0.0033880 seconds, Stopping threads took: 0.0014440 seconds
266.021: Application time: 0.0377540 seconds
266.024: [GC [PSYoungGen: 48576K->5888K(49152K)] 150924K->108252K(160256K), 0.0018590 secs] [Times: user=0.01 sys=0.00, real=0.00 secs] 
266.026: Total time for which application threads were stopped: 0.0040470 seconds, Stopping threads took: 0.0021100 seconds
266.064: Application time: 0.0384700 seconds
266.065: [GC [PSYoungGen: 48384K->6224K(49152K)] 150748K->108596K(160256K), 0.0019440 secs] [Times: user=0.02 sys=0.00, real=0.01 secs] 
266.067: Total time for which application threads were stopped: 0.0031490 seconds, Stopping threads took: 0.0011250 seconds
266.105: Application time: 0.0376370 seconds
266.107: [GC [PSYoungGen: 48720K->6656K(49152K)] 151092K->109924K(160256K), 0.0021670 secs] [Times: user=0.01 sys=0.00, real=0.00 secs] 
266.109: Total time for which application threads were stopped: 0.0042880 seconds, Stopping threads took: 0.0020220 seconds
266.148: Application time: 0.0389520 seconds
266.150: [GC [PSYoungGen: 49152K->6304K(49152K)] 152420K->109580K(160256K), 0.0019530 secs] [Times: user=0.01 sys=0.00, real=0.00 secs] 
266.152: Total time for which application threads were stopped: 0.0041510 seconds, Stopping threads took: 0.0021200 seconds
266.192: Application time: 0.0401850 seconds
266.194: [GC [PSYoungGen: 48800K->5600K(49152K)] 152076K->108884K(160256K), 0.0017740 secs] [Times: user=0.01 sys=0.01, real=0.00 secs] 
266.196: Total time for which application threads were stopped: 0.0033560 seconds, Stopping threads took: 0.0015080 seconds
266.233: Application time: 0.0377660 seconds
266.235: [GC [PSYoungGen: 48096K->6576K(49152K)] 151380K->109868K(160256K), 0.0020940 secs] [Times: user=0.01 sys=0.00, real=0.00 secs] 
266.237: Total time for which application threads were stopped: 0.0036890 seconds, Stopping threads took: 0.0015080 seconds
266.276: Application time: 0.0391530 seconds
266.279: [GC [PSYoungGen: 49072K->6592K(49152K)] 152364K->109892K(160256K), 0.0020150 secs] [Times: user=0.02 sys=0.01, real=0.00 secs] 
266.281: Total time for which application threads were stopped: 0.0048370 seconds, Stopping threads took: 0.0027440 seconds
266.320: Application time: 0.0391750 seconds
266.321: [GC [PSYoungGen: 49088K->5248K(49152K)] 152388K->108548K(160256K), 0.0017750 secs] [Times: user=0.01 sys=0.00, real=0.00 secs] 
266.323: Total time for which application threads were stopped: 0.0027370 seconds, Stopping threads took: 0.0008820 seconds
266.360: Application time: 0.0371450 seconds
266.363: [GC [PSYoungGen: 47744K->6624K(49152K)] 151044K->110292K(160256K), 0.0021950 secs] [Times: user=0.01 sys=0.00, real=0.00 secs] 
266.365: Total time for which application threads were stopped: 0.0045480 seconds, Stopping threads took: 0.0022650 seconds
266.404: Application time: 0.0390180 seconds
266.406: [GC [PSYoungGen: 49120K->5936K(49152K)] 152788K->109604K(160256K), 0.0018120 secs] [Times: user=0.01 sys=0.00, real=0.01 secs] 
266.408: Total time for which application threads were stopped: 0.0039710 seconds, Stopping threads took: 0.0020790 seconds
266.447: Application time: 0.0392520 seconds
266.449: [GC [PSYoungGen: 48432K->5760K(49152K)] 152100K->109428K(160256K), 0.0018430 secs] [Times: user=0.02 sys=0.00, real=0.00 secs] 
266.451: Total time for which application threads were stopped: 0.0036330 seconds, Stopping threads took: 0.0017120 seconds
266.489: Application time: 0.0385380 seconds
266.492: [GC [PSYoungGen: 48256K->5616K(49152K)] 151924K->109284K(160256K), 0.0017830 secs] [Times: user=0.01 sys=0.00, real=0.00 secs] 
266.494: Total time for which application threads were stopped: 0.0042970 seconds, Stopping threads took: 0.0024380 seconds
266.531: Application time: 0.0374340 seconds
266.532: [GC [PSYoungGen: 48112K->6656K(49152K)] 151780K->111212K(160256K), 0.0021960 secs] [Times: user=0.02 sys=0.00, real=0.00 secs] 
266.534: Total time for which application threads were stopped: 0.0034640 seconds, Stopping threads took: 0.0011850 seconds
266.574: Application time: 0.0398320 seconds
266.577: [GC [PSYoungGen: 49152K->6640K(49152K)] 153708K->111844K(160256K), 0.0022250 secs] [Times: user=0.02 sys=0.00, real=0.01 secs] 
266.580: Total time for which application threads were stopped: 0.0054350 seconds, Stopping threads took: 0.0031330 seconds
266.618: Application time: 0.0385170 seconds
266.621: [GC [PSYoungGen: 49136K->6656K(49152K)] 154340K->113316K(160256K), 0.0023540 secs] [Times: user=0.02 sys=0.00, real=0.00 secs] 
266.623: Total time for which application threads were stopped: 0.0051560 seconds, Stopping threads took: 0.0027110 seconds
266.664: Application time: 0.0405310 seconds
266.667: [GC [PSYoungGen: 49152K->6048K(49152K)] 155812K->112708K(160256K), 0.0019780 secs] [Times: user=0.01 sys=0.00, real=0.00 secs] 
266.669: Total time for which application threads were stopped: 0.0050740 seconds, Stopping threads took: 0.0030220 seconds
266.710: Application time: 0.0409300 seconds
266.711: [GC [PSYoungGen: 48544K->4976K(49152K)] 155204K->111636K(160256K), 0.0015780 secs] [Times: user=0.01 sys=0.00, real=0.00 secs] 
266.713: Total time for which application threads were stopped: 0.0031500 seconds, Stopping threads took: 0.0014960 seconds
266.753: Application time: 0.0399410 seconds
266.754: [GC [PSYoungGen: 47472K->5872K(49152K)] 154132K->112532K(160256K), 0.0018510 secs] [Times: user=0.01 sys=0.00, real=0.00 secs] 
266.756: Total time for which application threads were stopped: 0.0033140 seconds, Stopping threads took: 0.0013780 seconds
266.798: Application time: 0.0418790 seconds
266.800: [GC [PSYoungGen: 48368K->5728K(49152K)] 155028K->112396K(160256K), 0.0018340 secs] [Times: user=0.02 sys=0.00, real=0.00 secs] 
266.802: Total time for which application threads were stopped: 0.0034500 seconds, Stopping threads took: 0.0015370 seconds
266.839: Application time: 0.0371660 seconds
266.840: [GC [PSYoungGen: 48223K->6592K(49152K)] 154892K->113260K(160256K), 0.0020630 secs] [Times: user=0.01 sys=0.00, real=0.00 secs] 
266.842: Total time for which application threads were stopped: 0.0034570 seconds, Stopping threads took: 0.0013120 seconds
266.881: Application time: 0.0390040 seconds
266.883: [GC [PSYoungGen: 49088K->6656K(49152K)] 155756K->113516K(160256K), 0.0021360 secs] [Times: user=0.01 sys=0.00, real=0.00 secs] 
266.885: Total time for which application threads were stopped: 0.0041550 seconds, Stopping threads took: 0.0019370 seconds
266.923: Application time: 0.0375970 seconds
266.925: [GC [PSYoungGen: 49152K->6656K(49152K)] 156012K->114900K(160256K), 0.0025920 secs] [Times: user=0.02 sys=0.00, real=0.01 secs] 
266.928: Total time for which application threads were stopped: 0.0047470 seconds, Stopping threads took: 0.0020690 seconds
266.966: Application time: 0.0377530 seconds
266.967: [GC [PSYoungGen: 49152K->6032K(49152K)] 157396K->114276K(160256K), 0.0018190 secs] [Times: user=0.01 sys=0.00, real=0.00 secs] 
266.969: Total time for which application threads were stopped: 0.0032780 seconds, Stopping threads took: 0.0013830 seconds
267.008: Application time: 0.0394040 seconds
267.010: [GC [PSYoungGen: 48528K->5856K(49152K)] 156772K->114100K(160256K), 0.0019620 secs] [Times: user=0.01 sys=0.00, real=0.00 secs] 
267.012: Total time for which application threads were stopped: 0.0039980 seconds, Stopping threads took: 0.0019490 seconds
267.051: Application time: 0.0390090 seconds
267.054: [GC [PSYoungGen: 48352K->5840K(49152K)] 156596K->114084K(160256K), 0.0023130 secs] [Times: user=0.02 sys=0.00, real=0.00 secs] 
267.056: Total time for which application threads were stopped: 0.0049200 seconds, Stopping threads took: 0.0024990 seconds
267.094: Application time: 0.0382380 seconds
267.097: [GC [PSYoungGen: 48336K->6656K(49152K)] 156580K->114924K(160256K), 0.0021070 secs] [Times: user=0.01 sys=0.00, real=0.01 secs] 
267.099: Total time for which application threads were stopped: 0.0042390 seconds, Stopping threads took: 0.0020490 seconds
267.137: Application time: 0.0384320 seconds
267.139: [GC [PSYoungGen: 49152K->6000K(49152K)] 157420K->114276K(160256K), 0.0019400 secs] [Times: user=0.02 sys=0.00, real=0.00 secs] 
267.141: Total time for which application threads were stopped: 0.0039830 seconds, Stopping threads took: 0.0019370 seconds
267.177: Application time: 0.0364200 seconds
267.180: [GC [PSYoungGen: 48496K->6640K(49152K)] 156772K->115732K(160256K), 0.0022790 secs] [Times: user=0.02 sys=0.00, real=0.00 secs] 
267.182: Total time for which application threads were stopped: 0.0047270 seconds, Stopping threads took: 0.0023620 seconds
267.221: Application time: 0.0390220 seconds
267.224: [GC [PSYoungGen: 49136K->6624K(49152K)] 158228K->116148K(160256K), 0.0021690 secs] [Times: user=0.02 sys=0.00, real=0.00 secs] 
267.226: Total time for which application threads were stopped: 0.0046570 seconds, Stopping threads took: 0.0024040 seconds
267.264: Application time: 0.0385170 seconds
267.266: [GC [PSYoungGen: 49120K->5360K(49152K)] 158644K->114892K(160256K), 0.0017280 secs] [Times: user=0.01 sys=0.00, real=0.01 secs] 
267.268: Total time for which application threads were stopped: 0.0031560 seconds, Stopping threads took: 0.0013460 seconds
267.305: Application time: 0.0371550 seconds
267.306: [GC [PSYoungGen: 47856K->6624K(49152K)] 157388K->116716K(160256K), 0.0022890 secs] [Times: user=0.02 sys=0.00, real=0.01 secs] 
267.308: [Full GC [PSYoungGen: 6624K->0K(49152K)] [ParOldGen: 110092K->9929K(111104K)] 116716K->9929K(160256K) [PSPermGen: 5184K->5184K(21504K)], 0.0065510 secs] [Times: user=0.03 sys=0.00, real=0.00 secs] 
267.315: Total time for which application threads were stopped: 0.0100910 seconds, Stopping threads took: 0.0011140 seconds
267.353: Application time: 0.0385510 seconds
267.356: [GC [PSYoungGen: 42496K->5664K(49152K)] 52425K->15593K(160256K), 0.0016200 secs] [Times: user=0.02 sys=0.00, real=0.00 secs] 
267.358: Total time for which application threads were stopped: 0.0045520 seconds, Stopping threads took: 0.0028590 seconds
267.397: Application time: 0.0386070 seconds
267.398: [GC [PSYoungGen: 48160K->6656K(49152K)] 58089K->16857K(160256K), 0.0019520 secs] [Times: user=0.01 sys=0.00, real=0.01 secs] 
267.400: Total time for which application threads were stopped: 0.0038520 seconds, Stopping threads took: 0.0018220 seconds
267.437: Application time: 0.0370230 seconds
267.439: [GC [PSYoungGen: 49150K->6640K(49152K)] 59351K->17473K(160256K), 0.0021970 secs] [Times: user=0.01 sys=0.00, real=0.00 secs] 
267.441: Total time for which application threads were stopped: 0.0036630 seconds, Stopping threads took: 0.0013800 seconds
267.478: Application time: 0.0372340 seconds
267.480: [GC [PSYoungGen: 49136K->6656K(49152K)] 59969K->17873K(160256K), 0.0020130 secs] [Times: user=0.01 sys=0.00, real=0.00 secs] 
267.482: Total time for which application threads were stopped: 0.0037040 seconds, Stopping threads took: 0.0016120 seconds
267.519: Application time: 0.0374470 seconds
267.522: [GC [PSYoungGen: 49152K->6624K(49152K)] 60369K->18033K(160256K), 0.0019840 secs] [Times: user=0.01 sys=0.00, real=0.00 secs] 
267.524: Total time for which application threads were stopped: 0.0044320 seconds, Stopping threads took: 0.0023660 seconds
267.562: Application time: 0.0384050 seconds
267.564: [GC [PSYoungGen: 49120K->6656K(49152K)] 60529K->19009K(160256K), 0.0022300 secs] [Times: user=0.01 sys=0.00, real=0.00 secs] 
267.566: Total time for which application threads were stopped: 0.0038630 seconds, Stopping threads took: 0.0015470 seconds
267.604: Application time: 0.0375810 seconds
267.607: [GC [PSYoungGen: 49152K->6640K(49152K)] 61505K->19193K(160256K), 0.0019510 secs] [Times: user=0.01 sys=0.00, real=0.01 secs] 
267.609: Total time for which application threads were stopped: 0.0047460 seconds, Stopping threads took: 0.0027150 seconds
267.649: Application time: 0.0407740 seconds
267.652: [GC [PSYoungGen: 49136K->5920K(49152K)] 61689K->18473K(160256K), 0.0017400 secs] [Times: user=0.01 sys=0.00, real=0.00 secs] 
267.654: Total time for which application threads were stopped: 0.0047310 seconds, Stopping threads took: 0.0029030 seconds
267.695: Application time: 0.0410030 seconds
267.698: [GC [PSYoungGen: 48416K->5904K(49152K)] 60969K->18457K(160256K), 0.0017180 secs] [Times: user=0.01 sys=0.00, real=0.01 secs] 
267.700: Total time for which application threads were stopped: 0.0045470 seconds, Stopping threads took: 0.0027480 seconds
267.741: Application time: 0.0409970 seconds
267.742: [GC [PSYoungGen: 48400K->6640K(49152K)] 60953K->19505K(160256K), 0.0021010 secs] [Times: user=0.01 sys=0.00, real=0.00 secs] 
267.744: Total time for which application threads were stopped: 0.0036890 seconds, Stopping threads took: 0.0014960 seconds
267.785: Application time: 0.0408330 seconds
267.787: [GC [PSYoungGen: 49136K->6656K(49152K)] 62001K->19585K(160256K), 0.0019770 secs] [Times: user=0.02 sys=0.00, real=0.00 secs] 
267.789: Total time for which application threads were stopped: 0.0036730 seconds, Stopping threads took: 0.0016150 seconds
267.830: Application time: 0.0411070 seconds
267.833: [GC [PSYoungGen: 49152K->5424K(49152K)] 62081K->18353K(160256K), 0.0017350 secs] [Times: user=0.01 sys=0.00, real=0.00 secs] 
267.834: Total time for which application threads were stopped: 0.0045510 seconds, Stopping threads took: 0.0027090 seconds
267.875: Application time: 0.0406980 seconds
267.879: [GC [PSYoungGen: 47920K->6640K(49152K)] 60849K->20125K(160256K), 0.0020630 secs] [Times: user=0.01 sys=0.00, real=0.00 secs] 
267.881: Total time for which application threads were stopped: 0.0054960 seconds, Stopping threads took: 0.0033450 seconds
267.922: Application time: 0.0418440 seconds
267.924: [GC [PSYoungGen: 49136K->6640K(49152K)] 62621K->20597K(160256K), 0.0019690 secs] [Times: user=0.02 sys=0.00, real=0.00 secs] 
267.926: Total time for which application threads were stopped: 0.0036090 seconds, Stopping threads took: 0.0015640 seconds
267.967: Application time: 0.0406580 seconds
267.969: [GC [PSYoungGen: 49136K->6656K(49152K)] 63093K->20965K(160256K), 0.0020560 secs] [Times: user=0.01 sys=0.00, real=0.00 secs] 
267.971: Total time for which application threads were stopped: 0.0043180 seconds, Stopping threads took: 0.0021770 seconds
268.014: Application time: 0.0426330 seconds
268.016: [GC [PSYoungGen: 49152K->6192K(49152K)] 63461K->20501K(160256K), 0.0017740 secs] [Times: user=0.01 sys=0.00, real=0.00 secs] 
268.018: Total time for which application threads were stopped: 0.0042620 seconds, Stopping threads took: 0.0024130 seconds
268.060: Application time: 0.0422010 seconds
268.062: [GC [PSYoungGen: 48688K->5600K(49152K)] 62997K->19909K(160256K), 0.0016770 secs] [Times: user=0.01 sys=0.00, real=0.00 secs] 
268.064: Total time for which application threads were stopped: 0.0038150 seconds, Stopping threads took: 0.0020650 seconds
268.105: Application time: 0.0407000 seconds
268.107: [GC [PSYoungGen: 48096K->6096K(49152K)] 62405K->20421K(160256K), 0.0017410 secs] [Times: user=0.01 sys=0.00, real=0.00 secs] 
268.110: Total time for which application threads were stopped: 0.0053010 seconds, Stopping threads took: 0.0024020 seconds
268.151: Application time: 0.0414300 seconds
268.154: [GC [PSYoungGen: 48592K->6640K(49152K)] 62917K->21709K(160256K), 0.0024030 secs] [Times: user=0.01 sys=0.00, real=0.00 secs] 
268.157: Total time for which application threads were stopped: 0.0053550 seconds, Stopping threads took: 0.0028630 seconds
268.198: Application time: 0.0412930 seconds
268.201: [GC [PSYoungGen: 49136K->6640K(49152K)] 64205K->21709K(160256K), 0.0020450 secs] [Times: user=0.01 sys=0.00, real=0.00 secs] 
268.203: Total time for which application threads were stopped: 0.0052380 seconds, Stopping threads took: 0.0030830 seconds
268.244: Application time: 0.0408200 seconds
268.247: [GC [PSYoungGen: 49134K->6656K(49152K)] 64204K->22069K(160256K), 0.0021260 secs] [Times: user=0.01 sys=0.00, real=0.00 secs] 
268.249: Total time for which application threads were stopped: 0.0049480 seconds, Stopping threads took: 0.0027360 seconds
268.291: Application time: 0.0418140 seconds
268.293: [GC [PSYoungGen: 49152K->6432K(49152K)] 64565K->21861K(160256K), 0.0018870 secs] [Times: user=0.01 sys=0.00, real=0.00 secs] 
268.294: Total time for which application threads were stopped: 0.0035330 seconds, Stopping threads took: 0.0015630 seconds
268.336: Application time: 0.0412110 seconds
268.337: [GC [PSYoungGen: 48928K->5824K(49152K)] 64357K->21269K(160256K), 0.0018070 secs] [Times: user=0.02 sys=0.00, real=0.01 secs] 
268.339: Total time for which application threads were stopped: 0.0032860 seconds, Stopping threads took: 0.0013960 seconds
268.379: Application time: 0.0401970 seconds
268.381: [GC [PSYoungGen: 48320K->6640K(49152K)] 63765K->22573K(160256K), 0.0021770 secs] [Times: user=0.02 sys=0.00, real=0.00 secs] 
268.383: Total time for which application threads were stopped: 0.0041030 seconds, Stopping threads took: 0.0018410 seconds
268.423: Application time: 0.0400860 seconds
268.426: [GC [PSYoungGen: 49134K->6464K(49152K)] 65068K->22413K(160256K), 0.0021560 secs] [Times: user=0.01 sys=0.00, real=0.01 secs] 
268.428: Total time for which application threads were stopped: 0.0044450 seconds, Stopping threads took: 0.0022060 seconds
268.470: Application time: 0.0420250 seconds
268.472: [GC [PSYoungGen: 48960K->5856K(49152K)] 64909K->21805K(160256K), 0.0018970 secs] [Times: user=0.01 sys=0.00, real=0.00 secs] 
268.474: Total time for which application threads were stopped: 0.0045140 seconds, Stopping threads took: 0.0025120 seconds
268.516: Application time: 0.0414550 seconds
268.518: [GC [PSYoungGen: 48352K->6624K(49152K)] 64301K->22605K(160256K), 0.0020150 secs] [Times: user=0.01 sys=0.00, real=0.01 secs] 
268.520: Total time for which application threads were stopped: 0.0044800 seconds, Stopping threads took: 0.0023590 seconds
268.561: Application time: 0.0409260 seconds
268.564: [GC [PSYoungGen: 49120K->5616K(49152K)] 65101K->21597K(160256K), 0.0016870 secs] [Times: user=0.01 sys=0.00, real=0.00 secs] 
268.565: Total time for which application threads were stopped: 0.0042700 seconds, Stopping threads took: 0.0025010 seconds
268.607: Application time: 0.0416370 seconds
268.608: [GC [PSYoungGen: 48112K->5328K(49152K)] 64093K->21309K(160256K), 0.0015730 secs] [Times: user=0.01 sys=0.00, real=0.00 secs] 
268.610: Total time for which application threads were stopped: 0.0027520 seconds, Stopping threads took: 0.0011020 seconds
268.652: Application time: 0.0416750 seconds
268.654: [GC [PSYoungGen: 47824K->5136K(49152K)] 63805K->21117K(160256K), 0.0015060 secs] [Times: user=0.01 sys=0.00, real=0.00 secs] 
268.655: Total time for which application threads were stopped: 0.0036210 seconds, Stopping threads took: 0.0020380 seconds
268.697: Application time: 0.0422000 seconds
268.700: [GC [PSYoungGen: 47632K->6640K(49152K)] 63613K->22637K(160256K), 0.0019390 secs] [Times: user=0.01 sys=0.00, real=0.00 secs] 
268.702: Total time for which application threads were stopped: 0.0047870 seconds, Stopping threads took: 0.0027580 seconds
268.743: Application time: 0.0408160 seconds
268.746: [GC [PSYoungGen: 49136K->6656K(49152K)] 65133K->23294K(160256K), 0.0021720 secs] [Times: user=0.01 sys=0.00, real=0.01 secs] 
268.748: Total time for which application threads were stopped: 0.0047690 seconds, Stopping threads took: 0.0025090 seconds
268.789: Application time: 0.0414120 seconds
268.791: [GC [PSYoungGen: 49152K->5552K(49152K)] 65790K->22198K(160256K), 0.0017060 secs] [Times: user=0.01 sys=0.00, real=0.00 secs] 
268.793: Total time for which application threads were stopped: 0.0035700 seconds, Stopping threads took: 0.0017730 seconds
268.834: Application time: 0.0414960 seconds
268.836: [GC [PSYoungGen: 48048K->6544K(49152K)] 64694K->23198K(160256K), 0.0020010 secs] [Times: user=0.01 sys=0.00, real=0.00 secs] 
268.838: Total time for which application threads were stopped: 0.0042030 seconds, Stopping threads took: 0.0021080 seconds
268.880: Application time: 0.0412580 seconds
268.882: [GC [PSYoungGen: 49040K->5488K(49152K)] 65694K->22158K(160256K), 0.0016760 secs] [Times: user=0.01 sys=0.00, real=0.00 secs] 
268.884: Total time for which application threads were stopped: 0.0038220 seconds, Stopping threads took: 0.0020700 seconds
268.926: Application time: 0.0426940 seconds
268.928: [GC [PSYoungGen: 47984K->6208K(49152K)] 64654K->22878K(160256K), 0.0018640 secs] [Times: user=0.01 sys=0.00, real=0.00 secs] 
268.930: Total time for which application threads were stopped: 0.0033430 seconds, Stopping threads took: 0.0013980 seconds
268.972: Application time: 0.0423990 seconds
268.975: [GC [PSYoungGen: 48704K->6224K(49152K)] 65374K->22894K(160256K), 0.0017950 secs] [Times: user=0.02 sys=0.00, real=0.00 secs] 
268.977: Total time for which application threads were stopped: 0.0046610 seconds, Stopping threads took: 0.0027840 seconds
269.018: Application time: 0.0410730 seconds
269.021: [GC [PSYoungGen: 48718K->6560K(49152K)] 65388K->23246K(160256K), 0.0019110 secs] [Times: user=0.02 sys=0.00, real=0.00 secs] 
269.023: Total time for which application threads were stopped: 0.0049620 seconds, Stopping threads took: 0.0029630 seconds
269.063: Application time: 0.0400500 seconds
269.064: [GC [PSYoungGen: 49056K->6656K(49152K)] 65742K->23598K(160256K), 0.0019850 secs] [Times: user=0.02 sys=0.00, real=0.00 secs] 
269.066: Total time for which application threads were stopped: 0.0035990 seconds, Stopping threads took: 0.0015310 seconds
269.106: Application time: 0.0401830 seconds
269.109: [GC [PSYoungGen: 49152K->6656K(49152K)] 66094K->24318K(160256K), 0.0022070 secs] [Times: user=0.01 sys=0.00, real=0.00 secs] 
269.111: Total time for which application threads were stopped: 0.0048280 seconds, Stopping threads took: 0.0025280 seconds
269.151: Application time: 0.0397220 seconds
269.154: [GC [PSYoungGen: 49152K->6624K(49152K)] 66814K->24390K(160256K), 0.0019430 secs] [Times: user=0.01 sys=0.00, real=0.00 secs] 
269.156: Total time for which application threads were stopped: 0.0044390 seconds, Stopping threads took: 0.0024130 seconds
269.195: Application time: 0.0392340 seconds
269.196: [GC [PSYoungGen: 49120K->6640K(49152K)] 66886K->25270K(160256K), 0.0022520 secs] [Times: user=0.02 sys=0.00, real=0.00 secs] 
269.198: Total time for which application threads were stopped: 0.0035870 seconds, Stopping threads took: 0.0012460 seconds
269.240: Application time: 0.0415900 seconds
269.242: [GC [PSYoungGen: 49136K->6400K(49152K)] 67766K->25038K(160256K), 0.0019280 secs] [Times: user=0.01 sys=0.00, real=0.00 secs] 
269.244: Total time for which application threads were stopped: 0.0041980 seconds, Stopping threads took: 0.0021580 seconds
269.284: Application time: 0.0402410 seconds
269.286: [GC [PSYoungGen: 48896K->6624K(49152K)] 67534K->26134K(160256K), 0.0022640 secs] [Times: user=0.02 sys=0.00, real=0.01 secs] 
269.289: Total time for which application threads were stopped: 0.0042630 seconds, Stopping threads took: 0.0019100 seconds
269.329: Application time: 0.0399070 seconds
269.330: [GC [PSYoungGen: 49120K->6640K(49152K)] 68630K->26270K(160256K), 0.0020460 secs] [Times: user=0.02 sys=0.00, real=0.00 secs] 
269.332: Total time for which application threads were stopped: 0.0038080 seconds, Stopping threads took: 0.0016570 seconds
269.375: Application time: 0.0423360 seconds
269.380: [GC [PSYoungGen: 49136K->6656K(49152K)] 68766K->26750K(160256K), 0.0020800 secs] [Times: user=0.02 sys=0.00, real=0.00 secs] 
269.382: Total time for which application threads were stopped: 0.0077170 seconds, Stopping threads took: 0.0055630 seconds
269.424: Application time: 0.0417390 seconds
269.427: [GC [PSYoungGen: 49152K->6080K(49152K)] 69246K->26190K(160256K), 0.0018300 secs] [Times: user=0.02 sys=0.00, real=0.00 secs] 
269.429: Total time for which application threads were stopped: 0.0045100 seconds, Stopping threads took: 0.0026040 seconds
269.469: Application time: 0.0401880 seconds
269.471: [GC [PSYoungGen: 48576K->6480K(49152K)] 68686K->26590K(160256K), 0.0018580 secs] [Times: user=0.02 sys=0.00, real=0.00 secs] 
269.473: Total time for which application threads were stopped: 0.0042720 seconds, Stopping threads took: 0.0023290 seconds
269.514: Application time: 0.0413100 seconds
269.517: [GC [PSYoungGen: 48976K->5472K(49152K)] 69086K->25582K(160256K), 0.0016690 secs] [Times: user=0.01 sys=0.00, real=0.00 secs] 
269.518: Total time for which application threads were stopped: 0.0039470 seconds, Stopping threads took: 0.0021900 seconds
269.559: Application time: 0.0406100 seconds
269.561: [GC [PSYoungGen: 47968K->5840K(49152K)] 68078K->25950K(160256K), 0.0017460 secs] [Times: user=0.01 sys=0.00, real=0.00 secs] 
269.562: Total time for which application threads were stopped: 0.0032880 seconds, Stopping threads took: 0.0014600 seconds
269.602: Application time: 0.0401390 seconds
269.605: [GC [PSYoungGen: 48336K->6640K(49152K)] 68446K->27374K(160256K), 0.0021370 secs] [Times: user=0.01 sys=0.00, real=0.01 secs] 
269.607: Total time for which application threads were stopped: 0.0043850 seconds, Stopping threads took: 0.0021620 seconds
269.647: Application time: 0.0406140 seconds
269.651: [GC [PSYoungGen: 49136K->6656K(49152K)] 69870K->27926K(160256K), 0.0021010 secs] [Times: user=0.02 sys=0.00, real=0.00 secs] 
269.653: Total time for which application threads were stopped: 0.0052650 seconds, Stopping threads took: 0.0030730 seconds
269.692: Application time: 0.0396960 seconds
269.696: [GC [PSYoungGen: 49152K->6640K(49152K)] 70422K->29198K(160256K), 0.0023890 secs] [Times: user=0.01 sys=0.00, real=0.00 secs] 
269.698: Total time for which application threads were stopped: 0.0059900 seconds, Stopping threads took: 0.0035160 seconds
269.737: Application time: 0.0386570 seconds
269.739: [GC [PSYoungGen: 49136K->6656K(49152K)] 71694K->30054K(160256K), 0.0022120 secs] [Times: user=0.01 sys=0.00, real=0.00 secs] 
269.742: Total time for which application threads were stopped: 0.0044510 seconds, Stopping threads took: 0.0021520 seconds
269.783: Application time: 0.0415870 seconds
269.785: [GC [PSYoungGen: 49152K->6336K(49152K)] 72550K->29734K(160256K), 0.0018700 secs] [Times: user=0.01 sys=0.00, real=0.01 secs] 
269.787: Total time for which application threads were stopped: 0.0042290 seconds, Stopping threads took: 0.0022610 seconds
269.829: Application time: 0.0412560 seconds
269.831: [GC [PSYoungGen: 48832K->6624K(49152K)] 72230K->30958K(160256K), 0.0022260 secs] [Times: user=0.01 sys=0.00, real=0.00 secs] 
269.834: Total time for which application threads were stopped: 0.0049120 seconds, Stopping threads took: 0.0026020 seconds
269.874: Application time: 0.0404630 seconds
269.876: [GC [PSYoungGen: 49120K->6640K(49152K)] 73454K->31254K(160256K), 0.0020570 secs] [Times: user=0.01 sys=0.00, real=0.00 secs] 
269.878: Total time for which application threads were stopped: 0.0041210 seconds, Stopping threads took: 0.0019820 seconds
269.920: Application time: 0.0414740 seconds
269.923: [GC [PSYoungGen: 49136K->5376K(49152K)] 73750K->29990K(160256K), 0.0016710 secs] [Times: user=0.01 sys=0.00, real=0.00 secs] 
269.924: Total time for which application threads were stopped: 0.0047840 seconds, Stopping threads took: 0.0030350 seconds
269.965: Application time: 0.0410450 seconds
269.967: [GC [PSYoungGen: 47872K->6624K(49152K)] 72486K->31270K(160256K), 0.0020070 secs] [Times: user=0.02 sys=0.00, real=0.00 secs] 
269.969: Total time for which application threads were stopped: 0.0040140 seconds, Stopping threads took: 0.0019240 seconds
270.009: Application time: 0.0395340 seconds
270.011: [GC [PSYoungGen: 49120K->6656K(49152K)] 73766K->32134K(160256K), 0.0022490 secs] [Times: user=0.02 sys=0.00, real=0.00 secs] 
270.013: Total time for which application threads were stopped: 0.0042500 seconds, Stopping threads took: 0.0019170 seconds
270.055: Application time: 0.0420100 seconds
270.058: [GC [PSYoungGen: 49152K->6640K(49152K)] 74630K->32542K(160256K), 0.0020620 secs] [Times: user=0.01 sys=0.00, real=0.01 secs] 
270.060: Total time for which application threads were stopped: 0.0052410 seconds, Stopping threads took: 0.0030890 seconds
270.100: Application time: 0.0397370 seconds
270.101: [GC [PSYoungGen: 49136K->6592K(49152K)] 75038K->32494K(160256K), 0.0019690 secs] [Times: user=0.02 sys=0.00, real=0.00 secs] 
270.104: Total time for which application threads were stopped: 0.0033070 seconds, Stopping threads took: 0.0012540 seconds
270.145: Application time: 0.0412370 seconds
270.147: [GC [PSYoungGen: 49088K->6368K(49152K)] 74990K->32278K(160256K), 0.0018930 secs] [Times: user=0.02 sys=0.00, real=0.01 secs] 
270.148: Total time for which application threads were stopped: 0.0036930 seconds, Stopping threads took: 0.0017150 seconds
270.189: Application time: 0.0408960 seconds
270.191: [GC [PSYoungGen: 48864K->5712K(49152K)] 74774K->31622K(160256K), 0.0016790 secs] [Times: user=0.01 sys=0.00, real=0.00 secs] 
270.193: Total time for which application threads were stopped: 0.0035770 seconds, Stopping threads took: 0.0018160 seconds
270.235: Application time: 0.0421210 seconds
270.237: [GC [PSYoungGen: 48208K->6656K(49152K)] 74118K->33494K(160256K), 0.0023090 secs] [Times: user=0.02 sys=0.00, real=0.01 secs] 
270.239: Total time for which application threads were stopped: 0.0039820 seconds, Stopping threads took: 0.0015830 seconds
270.281: Application time: 0.0418690 seconds
270.282: [GC [PSYoungGen: 49152K->5856K(49152K)] 75990K->32694K(160256K), 0.0017770 secs] [Times: user=0.02 sys=0.00, real=0.00 secs] 
270.284: Total time for which application threads were stopped: 0.0028210 seconds, Stopping threads took: 0.0009630 seconds
270.325: Application time: 0.0415060 seconds
270.326: [GC [PSYoungGen: 48352K->5888K(49152K)] 75190K->32726K(160256K), 0.0018060 secs] [Times: user=0.01 sys=0.00, real=0.01 secs] 
270.328: Total time for which application threads were stopped: 0.0023500 seconds, Stopping threads took: 0.0004560 seconds
270.368: Application time: 0.0408960 seconds
270.371: [GC [PSYoungGen: 48384K->6304K(49152K)] 75222K->33150K(160256K), 0.0018390 secs] [Times: user=0.01 sys=0.00, real=0.00 secs] 
270.373: Total time for which application threads were stopped: 0.0041910 seconds, Stopping threads took: 0.0022620 seconds
270.414: Application time: 0.0410030 seconds
270.416: [GC [PSYoungGen: 48800K->6656K(49152K)] 75646K->33910K(160256K), 0.0020890 secs] [Times: user=0.02 sys=0.00, real=0.00 secs] 
270.419: Total time for which application threads were stopped: 0.0048520 seconds, Stopping threads took: 0.0026810 seconds
270.459: Application time: 0.0404940 seconds
270.462: [GC [PSYoungGen: 49152K->5984K(49152K)] 76406K->33238K(160256K), 0.0018230 secs] [Times: user=0.01 sys=0.00, real=0.00 secs] 
270.464: Total time for which application threads were stopped: 0.0048180 seconds, Stopping threads took: 0.0029160 seconds
270.503: Application time: 0.0391710 seconds
270.505: [GC [PSYoungGen: 48480K->6656K(49152K)] 75734K->34134K(160256K), 0.0020750 secs] [Times: user=0.01 sys=0.00, real=0.01 secs] 
270.507: Total time for which application threads were stopped: 0.0043670 seconds, Stopping threads took: 0.0022020 seconds
270.550: Application time: 0.0424930 seconds
270.552: [GC [PSYoungGen: 49152K->5984K(49152K)] 76630K->33470K(160256K), 0.0018490 secs] [Times: user=0.02 sys=0.00, real=0.00 secs] 
270.553: Total time for which application threads were stopped: 0.0035440 seconds, Stopping threads took: 0.0016170 seconds
270.594: Application time: 0.0407830 seconds
270.596: [GC [PSYoungGen: 48480K->6656K(49152K)] 75966K->34502K(160256K), 0.0021110 secs] [Times: user=0.01 sys=0.00, real=0.00 secs] 
270.599: Total time for which application threads were stopped: 0.0043040 seconds, Stopping threads took: 0.0021080 seconds
270.638: Application time: 0.0397980 seconds
270.640: [GC [PSYoungGen: 49152K->6496K(49152K)] 76998K->34342K(160256K), 0.0018670 secs] [Times: user=0.01 sys=0.00, real=0.00 secs] 
270.642: Total time for which application threads were stopped: 0.0039820 seconds, Stopping threads took: 0.0020310 seconds
270.684: Application time: 0.0419950 seconds
270.687: [GC [PSYoungGen: 48992K->6624K(49152K)] 76838K->35094K(160256K), 0.0023450 secs] [Times: user=0.01 sys=0.00, real=0.00 secs] 
270.689: Total time for which application threads were stopped: 0.0051120 seconds, Stopping threads took: 0.0026800 seconds
270.731: Application time: 0.0418600 seconds
270.733: [GC [PSYoungGen: 49120K->6432K(49152K)] 77590K->34918K(160256K), 0.0019650 secs] [Times: user=0.01 sys=0.00, real=0.00 secs] 
270.735: Total time for which application threads were stopped: 0.0037650 seconds, Stopping threads took: 0.0017020 seconds
270.778: Application time: 0.0425750 seconds
270.779: [GC [PSYoungGen: 48928K->5888K(49152K)] 77414K->34374K(160256K), 0.0018350 secs] [Times: user=0.01 sys=0.00, real=0.00 secs] 
270.781: Total time for which application threads were stopped: 0.0033960 seconds, Stopping threads took: 0.0014800 seconds
270.821: Application time: 0.0396500 seconds
270.823: [GC [PSYoungGen: 48384K->6656K(49152K)] 76870K->35686K(160256K), 0.0021110 secs] [Times: user=0.01 sys=0.00, real=0.00 secs] 
270.825: Total time for which application threads were stopped: 0.0041520 seconds, Stopping threads took: 0.0019580 seconds
270.865: Application time: 0.0400900 seconds
270.866: [GC [PSYoungGen: 49152K->6112K(49152K)] 78182K->35142K(160256K), 0.0018170 secs] [Times: user=0.01 sys=0.00, real=0.01 secs] 
270.868: Total time for which application threads were stopped: 0.0033150 seconds, Stopping threads took: 0.0014080 seconds
270.911: Application time: 0.0428280 seconds
270.913: [GC [PSYoungGen: 48608K->6656K(49152K)] 77638K->36934K(160256K), 0.0022300 secs] [Times: user=0.01 sys=0.00, real=0.00 secs] 
270.916: Total time for which application threads were stopped: 0.0046180 seconds, Stopping threads took: 0.0023090 seconds
270.955: Application time: 0.0393710 seconds
270.957: [GC [PSYoungGen: 49152K->6656K(49152K)] 79430K->37914K(160256K), 0.0024090 secs] [Times: user=0.02 sys=0.00, real=0.01 secs] 
270.959: Total time for which application threads were stopped: 0.0044180 seconds, Stopping threads took: 0.0019220 seconds
271.001: Application time: 0.0417430 seconds
271.004: [GC [PSYoungGen: 49152K->6592K(49152K)] 80410K->37850K(160256K), 0.0019780 secs] [Times: user=0.02 sys=0.00, real=0.00 secs] 
271.006: Total time for which application threads were stopped: 0.0043340 seconds, Stopping threads took: 0.0022720 seconds
271.047: Application time: 0.0410930 seconds
271.048: [GC [PSYoungGen: 49088K->6560K(49152K)] 80346K->37834K(160256K), 0.0020150 secs] [Times: user=0.01 sys=0.00, real=0.00 secs] 
271.051: Total time for which application threads were stopped: 0.0038660 seconds, Stopping threads took: 0.0017720 seconds
271.091: Application time: 0.0406460 seconds
271.093: [GC [PSYoungGen: 49056K->6624K(49152K)] 80330K->38018K(160256K), 0.0020470 secs] [Times: user=0.02 sys=0.00, real=0.00 secs] 
271.096: Total time for which application threads were stopped: 0.0044190 seconds, Stopping threads took: 0.0022880 seconds
271.135: Application time: 0.0394950 seconds
271.137: [GC [PSYoungGen: 49120K->6496K(49152K)] 80514K->37890K(160256K), 0.0019850 secs] [Times: user=0.01 sys=0.00, real=0.01 secs] 
271.139: Total time for which application threads were stopped: 0.0037570 seconds, Stopping threads took: 0.0016860 seconds
271.179: Application time: 0.0403570 seconds
271.182: [GC [PSYoungGen: 48992K->6640K(49152K)] 80386K->38826K(160256K), 0.0022300 secs] [Times: user=0.01 sys=0.00, real=0.00 secs] 
271.184: Total time for which application threads were stopped: 0.0048420 seconds, Stopping threads took: 0.0025200 seconds
271.225: Application time: 0.0412030 seconds
271.227: [GC [PSYoungGen: 49136K->6656K(49152K)] 81322K->38842K(160256K), 0.0019690 secs] [Times: user=0.01 sys=0.00, real=0.00 secs] 
271.229: Total time for which application threads were stopped: 0.0040310 seconds, Stopping threads took: 0.0019760 seconds
271.270: Application time: 0.0408950 seconds
271.271: [GC [PSYoungGen: 49152K->6656K(49152K)] 81338K->38890K(160256K), 0.0020600 secs] [Times: user=0.01 sys=0.00, real=0.00 secs] 
271.274: Total time for which application threads were stopped: 0.0034040 seconds, Stopping threads took: 0.0012620 seconds
271.314: Application time: 0.0404990 seconds
271.316: [GC [PSYoungGen: 49152K->6656K(49152K)] 81386K->39714K(160256K), 0.0023060 secs] [Times: user=0.01 sys=0.00, real=0.00 secs] 
271.318: Total time for which application threads were stopped: 0.0040190 seconds, Stopping threads took: 0.0016250 seconds
271.359: Application time: 0.0407560 seconds
271.362: [GC [PSYoungGen: 49152K->6656K(49152K)] 82210K->40370K(160256K), 0.0023380 secs] [Times: user=0.01 sys=0.00, real=0.00 secs] 
271.364: Total time for which application threads were stopped: 0.0053130 seconds, Stopping threads took: 0.0028880 seconds
271.405: Application time: 0.0410640 seconds
271.408: [GC [PSYoungGen: 49152K->6640K(49152K)] 82866K->41790K(160256K), 0.0025360 secs] [Times: user=0.02 sys=0.00, real=0.00 secs] 
271.410: Total time for which application threads were stopped: 0.0050130 seconds, Stopping threads took: 0.0023810 seconds
271.450: Application time: 0.0394170 seconds
271.452: [GC [PSYoungGen: 49136K->6656K(49152K)] 84286K->41982K(160256K), 0.0021420 secs] [Times: user=0.02 sys=0.00, real=0.00 secs] 
271.454: Total time for which application threads were stopped: 0.0040210 seconds, Stopping threads took: 0.0017700 seconds
271.495: Application time: 0.0413560 seconds
271.496: [GC [PSYoungGen: 49151K->5760K(49152K)] 84478K->41094K(160256K), 0.0018080 secs] [Times: user=0.01 sys=0.00, real=0.00 secs] 
271.498: Total time for which application threads were stopped: 0.0027460 seconds, Stopping threads took: 0.0008620 seconds
271.540: Application time: 0.0426540 seconds
271.543: [GC [PSYoungGen: 48256K->6560K(49152K)] 83590K->41902K(160256K), 0.0019100 secs] [Times: user=0.01 sys=0.00, real=0.00 secs] 
271.545: Total time for which application threads were stopped: 0.0046190 seconds, Stopping threads took: 0.0026260 seconds
271.585: Application time: 0.0398090 seconds
271.587: [GC [PSYoungGen: 49056K->6640K(49152K)] 84398K->42694K(160256K), 0.0022500 secs] [Times: user=0.02 sys=0.00, real=0.00 secs] 
271.589: Total time for which application threads were stopped: 0.0042410 seconds, Stopping threads took: 0.0019070 seconds
271.631: Application time: 0.0418780 seconds
271.634: [GC [PSYoungGen: 49136K->6656K(49152K)] 85190K->42774K(160256K), 0.0019800 secs] [Times: user=0.01 sys=0.00, real=0.00 secs] 
271.636: Total time for which application threads were stopped: 0.0049120 seconds, Stopping threads took: 0.0028530 seconds
271.672: Application time: 0.0362700 seconds
271.674: [GC [PSYoungGen: 49152K->6640K(49152K)] 85270K->43134K(160256K), 0.0021160 secs] [Times: user=0.02 sys=0.00, real=0.00 secs] 
271.676: Total time for which application threads were stopped: 0.0038910 seconds, Stopping threads took: 0.0016910 seconds
271.713: Application time: 0.0369030 seconds
271.715: [GC [PSYoungGen: 49136K->6640K(49152K)] 85630K->43446K(160256K), 0.0020420 secs] [Times: user=0.02 sys=0.00, real=0.00 secs] 
271.717: Total time for which application threads were stopped: 0.0038430 seconds, Stopping threads took: 0.0017180 seconds
271.754: Application time: 0.0369000 seconds
271.757: [GC [PSYoungGen: 49136K->6624K(49152K)] 85942K->43662K(160256K), 0.0020150 secs] [Times: user=0.01 sys=0.00, real=0.01 secs] 
271.759: Total time for which application threads were stopped: 0.0049040 seconds, Stopping threads took: 0.0028060 seconds
271.797: Application time: 0.0379800 seconds
271.799: [GC [PSYoungGen: 49120K->6624K(49152K)] 86158K->43758K(160256K), 0.0021120 secs] [Times: user=0.01 sys=0.00, real=0.00 secs] 
271.802: Total time for which application threads were stopped: 0.0048760 seconds, Stopping threads took: 0.0026840 seconds
271.839: Application time: 0.0373950 seconds
271.840: [GC [PSYoungGen: 49120K->6640K(49152K)] 86254K->43790K(160256K), 0.0020110 secs] [Times: user=0.02 sys=0.00, real=0.00 secs] 
271.842: Total time for which application threads were stopped: 0.0035580 seconds, Stopping threads took: 0.0014650 seconds
271.881: Application time: 0.0385040 seconds
271.882: [GC [PSYoungGen: 49136K->6144K(49152K)] 86286K->43294K(160256K), 0.0019320 secs] [Times: user=0.01 sys=0.00, real=0.00 secs] 
271.884: Total time for which application threads were stopped: 0.0028700 seconds, Stopping threads took: 0.0008620 seconds
271.922: Application time: 0.0382150 seconds
271.924: [GC [PSYoungGen: 48638K->5552K(49152K)] 85789K->42702K(160256K), 0.0015910 secs] [Times: user=0.02 sys=0.00, real=0.00 secs] 
271.925: Total time for which application threads were stopped: 0.0032190 seconds, Stopping threads took: 0.0015360 seconds
271.966: Application time: 0.0406070 seconds
271.967: [GC [PSYoungGen: 48048K->6496K(49152K)] 85198K->43654K(160256K), 0.0018950 secs] [Times: user=0.02 sys=0.00, real=0.00 secs] 
271.969: Total time for which application threads were stopped: 0.0033610 seconds, Stopping threads took: 0.0013850 seconds
272.008: Application time: 0.0385830 seconds
272.009: [GC [PSYoungGen: 48992K->6224K(49152K)] 86150K->43390K(160256K), 0.0018840 secs] [Times: user=0.01 sys=0.00, real=0.00 secs] 
272.011: Total time for which application threads were stopped: 0.0026570 seconds, Stopping threads took: 0.0006910 seconds
272.051: Application time: 0.0404230 seconds
272.053: [GC [PSYoungGen: 48720K->5600K(49152K)] 85886K->42774K(160256K), 0.0017310 secs] [Times: user=0.01 sys=0.00, real=0.00 secs] 
272.055: Total time for which application threads were stopped: 0.0041710 seconds, Stopping threads took: 0.0023630 seconds
272.093: Application time: 0.0382540 seconds
272.096: [GC [PSYoungGen: 48096K->6176K(49152K)] 85270K->43350K(160256K), 0.0017760 secs] [Times: user=0.01 sys=0.00, real=0.00 secs] 
272.097: Total time for which application threads were stopped: 0.0041210 seconds, Stopping threads took: 0.0022620 seconds
272.138: Application time: 0.0408660 seconds
272.141: [GC [PSYoungGen: 48672K->5856K(49152K)] 85846K->43038K(160256K), 0.0016350 secs] [Times: user=0.01 sys=0.00, real=0.00 secs] 
272.143: Total time for which application threads were stopped: 0.0046450 seconds, Stopping threads took: 0.0029340 seconds
272.182: Application time: 0.0393080 seconds
272.184: [GC [PSYoungGen: 48352K->6528K(49152K)] 85534K->43718K(160256K), 0.0020890 secs] [Times: user=0.01 sys=0.00, real=0.00 secs] 
272.186: Total time for which application threads were stopped: 0.0038420 seconds, Stopping threads took: 0.0016690 seconds
272.223: Application time: 0.0370870 seconds
272.225: [GC [PSYoungGen: 49024K->6624K(49152K)] 86214K->44470K(160256K), 0.0022390 secs] [Times: user=0.02 sys=0.00, real=0.01 secs] 
272.228: Total time for which application threads were stopped: 0.0044380 seconds, Stopping threads took: 0.0020960 seconds
272.267: Application time: 0.0394980 seconds
272.269: [GC [PSYoungGen: 49120K->6368K(49152K)] 86966K->44214K(160256K), 0.0018750 secs] [Times: user=0.02 sys=0.00, real=0.00 secs] 
272.271: Total time for which application threads were stopped: 0.0042130 seconds, Stopping threads took: 0.0022570 seconds
272.310: Application time: 0.0382970 seconds
272.312: [GC [PSYoungGen: 48864K->5840K(49152K)] 86710K->43694K(160256K), 0.0017690 secs] [Times: user=0.01 sys=0.00, real=0.00 secs] 
272.313: Total time for which application threads were stopped: 0.0036470 seconds, Stopping threads took: 0.0018020 seconds
272.353: Application time: 0.0399630 seconds
272.355: [GC [PSYoungGen: 48336K->6656K(49152K)] 86190K->44606K(160256K), 0.0021030 secs] [Times: user=0.01 sys=0.00, real=0.00 secs] 
272.357: Total time for which application threads were stopped: 0.0037920 seconds, Stopping threads took: 0.0016110 seconds
272.397: Application time: 0.0394530 seconds
272.398: [GC [PSYoungGen: 49152K->6096K(49152K)] 87102K->44046K(160256K), 0.0019960 secs] [Times: user=0.01 sys=0.00, real=0.01 secs] 
272.400: Total time for which application threads were stopped: 0.0034380 seconds, Stopping threads took: 0.0013640 seconds
272.438: Application time: 0.0376450 seconds
272.440: [GC [PSYoungGen: 48592K->6624K(49152K)] 86542K->45274K(160256K), 0.0022180 secs] [Times: user=0.02 sys=0.00, real=0.00 secs] 
272.442: Total time for which application threads were stopped: 0.0047890 seconds, Stopping threads took: 0.0024720 seconds
272.479: Application time: 0.0364950 seconds
272.481: [GC [PSYoungGen: 49120K->6656K(49152K)] 87770K->46323K(160256K), 0.0022500 secs] [Times: user=0.01 sys=0.00, real=0.00 secs] 
272.484: Total time for which application threads were stopped: 0.0048030 seconds, Stopping threads took: 0.0024650 seconds
272.522: Application time: 0.0380650 seconds
272.524: [GC [PSYoungGen: 49152K->6656K(49152K)] 88819K->47139K(160256K), 0.0022610 secs] [Times: user=0.02 sys=0.00, real=0.00 secs] 
272.526: Total time for which application threads were stopped: 0.0041100 seconds, Stopping threads took: 0.0017670 seconds
272.570: Application time: 0.0436480 seconds
272.571: [GC [PSYoungGen: 49152K->6640K(49152K)] 89635K->47211K(160256K), 0.0019660 secs] [Times: user=0.01 sys=0.00, real=0.00 secs] 
272.573: Total time for which application threads were stopped: 0.0034760 seconds, Stopping threads took: 0.0014310 seconds
272.612: Application time: 0.0386200 seconds
272.614: [GC [PSYoungGen: 49136K->6656K(49152K)] 89707K->47723K(160256K), 0.0060530 secs] [Times: user=0.04 sys=0.00, real=0.01 secs] 
272.620: Total time for which application threads were stopped: 0.0081420 seconds, Stopping threads took: 0.0020070 seconds
272.658: Application time: 0.0379430 seconds
272.660: [GC [PSYoungGen: 49152K->5424K(49152K)] 90219K->46491K(160256K), 0.0015970 secs] [Times: user=0.01 sys=0.00, real=0.00 secs] 
272.661: Total time for which application threads were stopped: 0.0034640 seconds, Stopping threads took: 0.0017870 seconds
272.700: Application time: 0.0392780 seconds
272.702: [GC [PSYoungGen: 47920K->5392K(49152K)] 88987K->46467K(160256K), 0.0016350 secs] [Times: user=0.01 sys=0.00, real=0.00 secs] 
272.704: Total time for which application threads were stopped: 0.0031510 seconds, Stopping threads took: 0.0014370 seconds
272.743: Application time: 0.0392730 seconds
272.745: [GC [PSYoungGen: 47888K->6432K(49152K)] 88963K->47507K(160256K), 0.0019160 secs] [Times: user=0.01 sys=0.00, real=0.01 secs] 
272.747: Total time for which application threads were stopped: 0.0040470 seconds, Stopping threads took: 0.0020490 seconds
272.787: Application time: 0.0398820 seconds
272.789: [GC [PSYoungGen: 48928K->5904K(49152K)] 90003K->46987K(160256K), 0.0017340 secs] [Times: user=0.01 sys=0.00, real=0.00 secs] 
272.791: Total time for which application threads were stopped: 0.0041350 seconds, Stopping threads took: 0.0023200 seconds
272.830: Application time: 0.0390720 seconds
272.832: [GC [PSYoungGen: 48400K->5760K(49152K)] 89483K->46851K(160256K), 0.0016990 secs] [Times: user=0.01 sys=0.00, real=0.00 secs] 
272.834: Total time for which application threads were stopped: 0.0040460 seconds, Stopping threads took: 0.0022610 seconds
272.874: Application time: 0.0399950 seconds
272.876: [GC [PSYoungGen: 48256K->5536K(49152K)] 89347K->46627K(160256K), 0.0016280 secs] [Times: user=0.01 sys=0.00, real=0.00 secs] 
272.877: Total time for which application threads were stopped: 0.0031650 seconds, Stopping threads took: 0.0014580 seconds
272.919: Application time: 0.0418650 seconds
272.921: [GC [PSYoungGen: 48032K->4016K(49152K)] 89123K->45107K(160256K), 0.0012900 secs] [Times: user=0.01 sys=0.00, real=0.00 secs] 
272.922: Total time for which application threads were stopped: 0.0031530 seconds, Stopping threads took: 0.0017890 seconds
272.961: Application time: 0.0385060 seconds
272.963: [GC [PSYoungGen: 46512K->6640K(49152K)] 87603K->47787K(160256K), 0.0020190 secs] [Times: user=0.01 sys=0.00, real=0.00 secs] 
272.965: Total time for which application threads were stopped: 0.0038300 seconds, Stopping threads took: 0.0017210 seconds
273.004: Application time: 0.0393620 seconds
273.006: [GC [PSYoungGen: 49136K->6096K(49152K)] 90283K->47243K(160256K), 0.0017650 secs] [Times: user=0.01 sys=0.00, real=0.01 secs] 
273.007: Total time for which application threads were stopped: 0.0034150 seconds, Stopping threads took: 0.0015690 seconds
273.047: Application time: 0.0397910 seconds
273.049: [GC [PSYoungGen: 48592K->5168K(49152K)] 89739K->46331K(160256K), 0.0016040 secs] [Times: user=0.00 sys=0.00, real=0.00 secs] 
273.051: Total time for which application threads were stopped: 0.0032890 seconds, Stopping threads took: 0.0016070 seconds
273.090: Application time: 0.0391760 seconds
273.091: [GC [PSYoungGen: 47664K->6624K(49152K)] 88827K->47851K(160256K), 0.0019500 secs] [Times: user=0.01 sys=0.00, real=0.00 secs] 
273.093: Total time for which application threads were stopped: 0.0036950 seconds, Stopping threads took: 0.0016530 seconds
273.131: Application time: 0.0376190 seconds
273.133: [GC [PSYoungGen: 49120K->6640K(49152K)] 90347K->48475K(160256K), 0.0021890 secs] [Times: user=0.01 sys=0.00, real=0.00 secs] 
273.135: Total time for which application threads were stopped: 0.0043960 seconds, Stopping threads took: 0.0021250 seconds
273.174: Application time: 0.0387540 seconds
273.175: [GC [PSYoungGen: 49136K->6144K(49152K)] 90971K->47979K(160256K), 0.0018350 secs] [Times: user=0.01 sys=0.00, real=0.00 secs] 
273.177: Total time for which application threads were stopped: 0.0031340 seconds, Stopping threads took: 0.0012180 seconds
273.217: Application time: 0.0397560 seconds
273.219: [GC [PSYoungGen: 48640K->5616K(49152K)] 90475K->47475K(160256K), 0.0016510 secs] [Times: user=0.01 sys=0.00, real=0.00 secs] 
273.221: Total time for which application threads were stopped: 0.0036290 seconds, Stopping threads took: 0.0018980 seconds
273.260: Application time: 0.0388340 seconds
273.262: [GC [PSYoungGen: 48112K->6464K(49152K)] 89971K->48323K(160256K), 0.0019010 secs] [Times: user=0.01 sys=0.00, real=0.00 secs] 
273.264: Total time for which application threads were stopped: 0.0041270 seconds, Stopping threads took: 0.0021400 seconds
273.302: Application time: 0.0379060 seconds
273.303: [GC [PSYoungGen: 48960K->6640K(49152K)] 90819K->49267K(160256K), 0.0021680 secs] [Times: user=0.01 sys=0.00, real=0.00 secs] 
273.306: Total time for which application threads were stopped: 0.0039990 seconds, Stopping threads took: 0.0017490 seconds
273.344: Application time: 0.0386200 seconds
273.345: [GC [PSYoungGen: 49136K->6496K(49152K)] 91763K->49139K(160256K), 0.0019680 secs] [Times: user=0.01 sys=0.00, real=0.01 secs] 
273.347: Total time for which application threads were stopped: 0.0028110 seconds, Stopping threads took: 0.0007640 seconds
273.386: Application time: 0.0390350 seconds
273.387: [GC [PSYoungGen: 48992K->6432K(49152K)] 91635K->49075K(160256K), 0.0019790 secs] [Times: user=0.01 sys=0.00, real=0.00 secs] 
273.389: Total time for which application threads were stopped: 0.0033570 seconds, Stopping threads took: 0.0012960 seconds
273.430: Application time: 0.0409190 seconds
273.432: [GC [PSYoungGen: 48928K->5888K(49152K)] 91571K->48531K(160256K), 0.0017300 secs] [Times: user=0.02 sys=0.00, real=0.00 secs] 
273.434: Total time for which application threads were stopped: 0.0036400 seconds, Stopping threads took: 0.0018320 seconds
273.474: Application time: 0.0403450 seconds
273.477: [GC [PSYoungGen: 48384K->6272K(49152K)] 91027K->48915K(160256K), 0.0018120 secs] [Times: user=0.01 sys=0.00, real=0.01 secs] 
273.479: Total time for which application threads were stopped: 0.0046170 seconds, Stopping threads took: 0.0027180 seconds
273.522: Application time: 0.0434170 seconds
273.524: [GC [PSYoungGen: 48768K->5056K(49152K)] 91411K->47699K(160256K), 0.0015990 secs] [Times: user=0.01 sys=0.00, real=0.00 secs] 
273.525: Total time for which application threads were stopped: 0.0030650 seconds, Stopping threads took: 0.0014020 seconds
273.564: Application time: 0.0385180 seconds
273.566: [GC [PSYoungGen: 47552K->6544K(49152K)] 90195K->49203K(160256K), 0.0019460 secs] [Times: user=0.02 sys=0.00, real=0.01 secs] 
273.568: Total time for which application threads were stopped: 0.0037960 seconds, Stopping threads took: 0.0017740 seconds
273.608: Application time: 0.0397800 seconds
273.609: [GC [PSYoungGen: 49040K->6640K(49152K)] 91699K->49699K(160256K), 0.0021150 secs] [Times: user=0.01 sys=0.00, real=0.00 secs] 
273.611: Total time for which application threads were stopped: 0.0035060 seconds, Stopping threads took: 0.0013070 seconds
273.648: Application time: 0.0374370 seconds
273.650: [GC [PSYoungGen: 49136K->6528K(49152K)] 92195K->49603K(160256K), 0.0019270 secs] [Times: user=0.01 sys=0.00, real=0.00 secs] 
273.652: Total time for which application threads were stopped: 0.0033750 seconds, Stopping threads took: 0.0013630 seconds
273.691: Application time: 0.0390620 seconds
273.693: [GC [PSYoungGen: 49024K->6640K(49152K)] 92099K->50351K(160256K), 0.0022560 secs] [Times: user=0.02 sys=0.00, real=0.00 secs] 
273.696: Total time for which application threads were stopped: 0.0046010 seconds, Stopping threads took: 0.0022610 seconds
273.734: Application time: 0.0386980 seconds
273.736: [GC [PSYoungGen: 49136K->6640K(49152K)] 92847K->50767K(160256K), 0.0021940 secs] [Times: user=0.02 sys=0.00, real=0.00 secs] 
273.738: Total time for which application threads were stopped: 0.0037560 seconds, Stopping threads took: 0.0014560 seconds
273.776: Application time: 0.0381120 seconds
273.778: [GC [PSYoungGen: 49136K->6624K(49152K)] 93263K->50943K(160256K), 0.0020790 secs] [Times: user=0.01 sys=0.00, real=0.01 secs] 
273.780: Total time for which application threads were stopped: 0.0042350 seconds, Stopping threads took: 0.0020690 seconds
273.818: Application time: 0.0380040 seconds
273.820: [GC [PSYoungGen: 49120K->6656K(49152K)] 93439K->51119K(160256K), 0.0019860 secs] [Times: user=0.02 sys=0.00, real=0.00 secs] 
273.822: Total time for which application threads were stopped: 0.0033850 seconds, Stopping threads took: 0.0013150 seconds
273.861: Application time: 0.0387900 seconds
273.863: [GC [PSYoungGen: 49152K->6640K(49152K)] 93615K->51375K(160256K), 0.0020890 secs] [Times: user=0.01 sys=0.00, real=0.00 secs] 
273.865: Total time for which application threads were stopped: 0.0046430 seconds, Stopping threads took: 0.0024740 seconds
273.903: Application time: 0.0379490 seconds
273.906: [GC [PSYoungGen: 49136K->6624K(49152K)] 93871K->51535K(160256K), 0.0020620 secs] [Times: user=0.02 sys=0.00, real=0.01 secs] 
273.908: Total time for which application threads were stopped: 0.0047200 seconds, Stopping threads took: 0.0025770 seconds
273.946: Application time: 0.0383360 seconds
273.948: [GC [PSYoungGen: 49120K->6624K(49152K)] 94031K->52643K(160256K), 0.0022860 secs] [Times: user=0.02 sys=0.00, real=0.00 secs] 
273.950: Total time for which application threads were stopped: 0.0042390 seconds, Stopping threads took: 0.0018680 seconds
273.992: Application time: 0.0420090 seconds
273.995: [GC [PSYoungGen: 49120K->4416K(49152K)] 95139K->50435K(160256K), 0.0013360 secs] [Times: user=0.01 sys=0.00, real=0.00 secs] 
273.996: Total time for which application threads were stopped: 0.0040390 seconds, Stopping threads took: 0.0026250 seconds
274.036: Application time: 0.0399320 seconds
274.038: [GC [PSYoungGen: 46912K->6208K(49152K)] 92931K->52227K(160256K), 0.0018900 secs] [Times: user=0.01 sys=0.00, real=0.01 secs] 
274.040: Total time for which application threads were stopped: 0.0040180 seconds, Stopping threads took: 0.0020500 seconds
274.080: Application time: 0.0396050 seconds
274.082: [GC [PSYoungGen: 48704K->5600K(49152K)] 94723K->51627K(160256K), 0.0016210 secs] [Times: user=0.01 sys=0.00, real=0.00 secs] 
274.083: Total time for which application threads were stopped: 0.0031520 seconds, Stopping threads took: 0.0014530 seconds
274.123: Application time: 0.0396800 seconds
274.125: [GC [PSYoungGen: 48095K->6224K(49152K)] 94122K->52251K(160256K), 0.0018400 secs] [Times: user=0.02 sys=0.00, real=0.01 secs] 
274.127: Total time for which application threads were stopped: 0.0041240 seconds, Stopping threads took: 0.0022030 seconds
274.165: Application time: 0.0376690 seconds
274.167: [GC [PSYoungGen: 48720K->6656K(49152K)] 94747K->54083K(160256K), 0.0024150 secs] [Times: user=0.02 sys=0.00, real=0.00 secs] 
274.170: Total time for which application threads were stopped: 0.0051160 seconds, Stopping threads took: 0.0026150 seconds
274.209: Application time: 0.0392920 seconds
274.211: [GC [PSYoungGen: 49152K->5856K(49152K)] 96579K->53291K(160256K), 0.0017800 secs] [Times: user=0.01 sys=0.00, real=0.00 secs] 
274.213: Total time for which application threads were stopped: 0.0038630 seconds, Stopping threads took: 0.0020040 seconds
274.254: Application time: 0.0408970 seconds
274.256: [GC [PSYoungGen: 48352K->6656K(49152K)] 95787K->54547K(160256K), 0.0021690 secs] [Times: user=0.01 sys=0.00, real=0.00 secs] 
274.258: Total time for which application threads were stopped: 0.0040030 seconds, Stopping threads took: 0.0017360 seconds
274.296: Application time: 0.0376790 seconds
274.297: [GC [PSYoungGen: 49152K->6656K(49152K)] 97043K->55499K(160256K), 0.0023390 secs] [Times: user=0.02 sys=0.00, real=0.01 secs] 
274.300: Total time for which application threads were stopped: 0.0042100 seconds, Stopping threads took: 0.0017840 seconds
274.338: Application time: 0.0378580 seconds
274.339: [GC [PSYoungGen: 49152K->6656K(49152K)] 97995K->56315K(160256K), 0.0022340 secs] [Times: user=0.01 sys=0.00, real=0.00 secs] 
274.341: Total time for which application threads were stopped: 0.0039120 seconds, Stopping threads took: 0.0015930 seconds
274.379: Application time: 0.0376900 seconds
274.382: [GC [PSYoungGen: 49152K->6400K(49152K)] 98811K->56059K(160256K), 0.0019150 secs] [Times: user=0.01 sys=0.00, real=0.00 secs] 
274.384: Total time for which application threads were stopped: 0.0043120 seconds, Stopping threads took: 0.0023180 seconds
274.421: Application time: 0.0378810 seconds
274.423: [GC [PSYoungGen: 48896K->6624K(49152K)] 98555K->56683K(160256K), 0.0020820 secs] [Times: user=0.01 sys=0.00, real=0.00 secs] 
274.425: Total time for which application threads were stopped: 0.0036800 seconds, Stopping threads took: 0.0015160 seconds
274.463: Application time: 0.0377360 seconds
274.465: [GC [PSYoungGen: 49120K->5552K(49152K)] 99179K->55611K(160256K), 0.0017280 secs] [Times: user=0.01 sys=0.00, real=0.00 secs] 
274.466: Total time for which application threads were stopped: 0.0035070 seconds, Stopping threads took: 0.0017030 seconds
274.508: Application time: 0.0415620 seconds
274.510: [GC [PSYoungGen: 48048K->5024K(49152K)] 98107K->55083K(160256K), 0.0015450 secs] [Times: user=0.00 sys=0.00, real=0.00 secs] 
274.512: Total time for which application threads were stopped: 0.0041450 seconds, Stopping threads took: 0.0025180 seconds
274.551: Application time: 0.0387910 seconds
274.552: [GC [PSYoungGen: 47520K->6144K(49152K)] 97579K->56203K(160256K), 0.0018800 secs] [Times: user=0.01 sys=0.00, real=0.00 secs] 
274.554: Total time for which application threads were stopped: 0.0034880 seconds, Stopping threads took: 0.0015260 seconds
274.594: Application time: 0.0401500 seconds
274.597: [GC [PSYoungGen: 48640K->6112K(49152K)] 98699K->56179K(160256K), 0.0018120 secs] [Times: user=0.01 sys=0.00, real=0.00 secs] 
274.598: Total time for which application threads were stopped: 0.0040280 seconds, Stopping threads took: 0.0021320 seconds
274.638: Application time: 0.0394190 seconds
274.640: [GC [PSYoungGen: 48608K->6640K(49152K)] 98675K->56771K(160256K), 0.0020410 secs] [Times: user=0.01 sys=0.00, real=0.00 secs] 
274.642: Total time for which application threads were stopped: 0.0043750 seconds, Stopping threads took: 0.0022490 seconds
274.681: Application time: 0.0389620 seconds
274.683: [GC [PSYoungGen: 49136K->6112K(49152K)] 99267K->56251K(160256K), 0.0019820 secs] [Times: user=0.01 sys=0.00, real=0.00 secs] 
274.685: Total time for which application threads were stopped: 0.0035760 seconds, Stopping threads took: 0.0015130 seconds
274.724: Application time: 0.0394650 seconds
274.726: [GC [PSYoungGen: 48608K->5968K(49152K)] 98747K->56115K(160256K), 0.0018770 secs] [Times: user=0.01 sys=0.00, real=0.01 secs] 
274.728: Total time for which application threads were stopped: 0.0035620 seconds, Stopping threads took: 0.0016020 seconds
274.766: Application time: 0.0381780 seconds
274.771: [GC [PSYoungGen: 48462K->6304K(49152K)] 98609K->56459K(160256K), 0.0019090 secs] [Times: user=0.01 sys=0.00, real=0.00 secs] 
274.773: Total time for which application threads were stopped: 0.0066650 seconds, Stopping threads took: 0.0046750 seconds
274.813: Application time: 0.0400660 seconds
274.816: [GC [PSYoungGen: 48800K->6624K(49152K)] 98955K->56779K(160256K), 0.0019990 secs] [Times: user=0.01 sys=0.00, real=0.00 secs] 
274.818: Total time for which application threads were stopped: 0.0048510 seconds, Stopping threads took: 0.0027740 seconds
274.855: Application time: 0.0376100 seconds
274.856: [GC [PSYoungGen: 49120K->5936K(49152K)] 99275K->56099K(160256K), 0.0017900 secs] [Times: user=0.02 sys=0.00, real=0.00 secs] 
274.858: Total time for which application threads were stopped: 0.0027580 seconds, Stopping threads took: 0.0008930 seconds
274.898: Application time: 0.0403300 seconds
274.900: [GC [PSYoungGen: 48432K->5920K(49152K)] 98595K->56083K(160256K), 0.0017980 secs] [Times: user=0.01 sys=0.00, real=0.00 secs] 
274.902: Total time for which application threads were stopped: 0.0033050 seconds, Stopping threads took: 0.0014360 seconds
274.944: Application time: 0.0420620 seconds
274.945: [GC [PSYoungGen: 48415K->4736K(49152K)] 98579K->54899K(160256K), 0.0014630 secs] [Times: user=0.01 sys=0.00, real=0.00 secs] 
274.947: Total time for which application threads were stopped: 0.0028430 seconds, Stopping threads took: 0.0012980 seconds
274.985: Application time: 0.0385760 seconds
274.987: [GC [PSYoungGen: 47232K->6560K(49152K)] 97395K->56731K(160256K), 0.0020300 secs] [Times: user=0.01 sys=0.00, real=0.00 secs] 
274.989: Total time for which application threads were stopped: 0.0039330 seconds, Stopping threads took: 0.0018220 seconds
275.028: Application time: 0.0388540 seconds
275.029: [GC [PSYoungGen: 49056K->6640K(49152K)] 99227K->57531K(160256K), 0.0022440 secs] [Times: user=0.01 sys=0.00, real=0.00 secs] 
275.032: Total time for which application threads were stopped: 0.0037530 seconds, Stopping threads took: 0.0014160 seconds
275.070: Application time: 0.0388180 seconds
275.072: [GC [PSYoungGen: 49136K->6176K(49152K)] 100027K->57067K(160256K), 0.0018480 secs] [Times: user=0.01 sys=0.00, real=0.00 secs] 
275.074: Total time for which application threads were stopped: 0.0030510 seconds, Stopping threads took: 0.0011200 seconds
275.115: Application time: 0.0413400 seconds
275.117: [GC [PSYoungGen: 48672K->6096K(49152K)] 99563K->56987K(160256K), 0.0018770 secs] [Times: user=0.01 sys=0.00, real=0.01 secs] 
275.119: Total time for which application threads were stopped: 0.0040590 seconds, Stopping threads took: 0.0021040 seconds
275.160: Application time: 0.0410090 seconds
275.163: [GC [PSYoungGen: 48592K->5920K(49152K)] 99483K->56819K(160256K), 0.0017270 secs] [Times: user=0.02 sys=0.00, real=0.00 secs] 
275.164: Total time for which application threads were stopped: 0.0045260 seconds, Stopping threads took: 0.0027260 seconds
275.204: Application time: 0.0391440 seconds
275.206: [GC [PSYoungGen: 48415K->5680K(49152K)] 99314K->56595K(160256K), 0.0017330 secs] [Times: user=0.01 sys=0.00, real=0.01 secs] 
275.207: Total time for which application threads were stopped: 0.0037320 seconds, Stopping threads took: 0.0019210 seconds
275.246: Application time: 0.0386110 seconds
275.248: [GC [PSYoungGen: 48175K->6640K(49152K)] 99091K->58283K(160256K), 0.0021940 secs] [Times: user=0.02 sys=0.00, real=0.00 secs] 
275.250: Total time for which application threads were stopped: 0.0044370 seconds, Stopping threads took: 0.0021580 seconds
275.288: Application time: 0.0374860 seconds
275.290: [GC [PSYoungGen: 49136K->6656K(49152K)] 100779K->58323K(160256K), 0.0020140 secs] [Times: user=0.01 sys=0.00, real=0.00 secs] 
275.292: Total time for which application threads were stopped: 0.0039920 seconds, Stopping threads took: 0.0018960 seconds
275.331: Application time: 0.0393790 seconds
275.333: [GC [PSYoungGen: 49151K->5696K(49152K)] 100819K->57363K(160256K), 0.0017380 secs] [Times: user=0.02 sys=0.00, real=0.00 secs] 
275.335: Total time for which application threads were stopped: 0.0033560 seconds, Stopping threads took: 0.0015390 seconds
275.374: Application time: 0.0389640 seconds
275.375: [GC [PSYoungGen: 48192K->6656K(49152K)] 99859K->58643K(160256K), 0.0020770 secs] [Times: user=0.01 sys=0.00, real=0.00 secs] 
275.377: Total time for which application threads were stopped: 0.0038230 seconds, Stopping threads took: 0.0016610 seconds
275.416: Application time: 0.0385250 seconds
275.418: [GC [PSYoungGen: 49152K->6464K(49152K)] 101139K->58451K(160256K), 0.0019860 secs] [Times: user=0.01 sys=0.00, real=0.01 secs] 
275.420: Total time for which application threads were stopped: 0.0037790 seconds, Stopping threads took: 0.0017010 seconds
275.459: Application time: 0.0392190 seconds
275.460: [GC [PSYoungGen: 48960K->5920K(49152K)] 100947K->57907K(160256K), 0.0017990 secs] [Times: user=0.01 sys=0.00, real=0.00 secs] 
275.462: Total time for which application threads were stopped: 0.0031690 seconds, Stopping threads took: 0.0012940 seconds
275.502: Application time: 0.0398030 seconds
275.505: [GC [PSYoungGen: 48414K->6624K(49152K)] 100402K->58811K(160256K), 0.0020100 secs] [Times: user=0.01 sys=0.00, real=0.01 secs] 
275.507: Total time for which application threads were stopped: 0.0049990 seconds, Stopping threads took: 0.0028990 seconds
275.547: Application time: 0.0402670 seconds
275.548: [GC [PSYoungGen: 49120K->5792K(49152K)] 101307K->57987K(160256K), 0.0018330 secs] [Times: user=0.01 sys=0.00, real=0.00 secs] 
275.550: Total time for which application threads were stopped: 0.0028550 seconds, Stopping threads took: 0.0009290 seconds
275.592: Application time: 0.0419730 seconds
275.594: [GC [PSYoungGen: 48288K->6240K(49152K)] 100483K->58435K(160256K), 0.0019010 secs] [Times: user=0.01 sys=0.00, real=0.00 secs] 
275.596: Total time for which application threads were stopped: 0.0041160 seconds, Stopping threads took: 0.0021340 seconds
275.635: Application time: 0.0386310 seconds
275.637: [GC [PSYoungGen: 48736K->6640K(49152K)] 100931K->59811K(160256K), 0.0022130 secs] [Times: user=0.01 sys=0.00, real=0.01 secs] 
275.639: Total time for which application threads were stopped: 0.0043970 seconds, Stopping threads took: 0.0021010 seconds
275.681: Application time: 0.0421630 seconds
275.684: [GC [PSYoungGen: 49136K->5728K(49152K)] 102307K->58907K(160256K), 0.0017420 secs] [Times: user=0.02 sys=0.00, real=0.00 secs] 
275.685: Total time for which application threads were stopped: 0.0041120 seconds, Stopping threads took: 0.0022970 seconds
275.726: Application time: 0.0407710 seconds
275.728: [GC [PSYoungGen: 48224K->6000K(49152K)] 101403K->59187K(160256K), 0.0017930 secs] [Times: user=0.01 sys=0.00, real=0.00 secs] 
275.730: Total time for which application threads were stopped: 0.0039070 seconds, Stopping threads took: 0.0020350 seconds
275.771: Application time: 0.0413060 seconds
275.774: [GC [PSYoungGen: 48496K->6448K(49152K)] 101683K->59635K(160256K), 0.0019240 secs] [Times: user=0.02 sys=0.00, real=0.00 secs] 
275.776: Total time for which application threads were stopped: 0.0047980 seconds, Stopping threads took: 0.0027920 seconds
275.816: Application time: 0.0394260 seconds
275.818: [GC [PSYoungGen: 48944K->6624K(49152K)] 102131K->60991K(160256K), 0.0023340 secs] [Times: user=0.02 sys=0.00, real=0.01 secs] 
275.820: Total time for which application threads were stopped: 0.0043900 seconds, Stopping threads took: 0.0019650 seconds
275.860: Application time: 0.0396540 seconds
275.862: [GC [PSYoungGen: 49120K->6640K(49152K)] 103487K->61983K(160256K), 0.0023410 secs] [Times: user=0.02 sys=0.00, real=0.00 secs] 
275.864: Total time for which application threads were stopped: 0.0047030 seconds, Stopping threads took: 0.0022690 seconds
275.905: Application time: 0.0404710 seconds
275.907: [GC [PSYoungGen: 49136K->6656K(49152K)] 104479K->62931K(160256K), 0.0022890 secs] [Times: user=0.02 sys=0.00, real=0.00 secs] 
275.910: Total time for which application threads were stopped: 0.0048160 seconds, Stopping threads took: 0.0024290 seconds
275.952: Application time: 0.0425450 seconds
275.954: [GC [PSYoungGen: 49152K->5408K(49152K)] 105427K->61691K(160256K), 0.0016240 secs] [Times: user=0.00 sys=0.00, real=0.00 secs] 
275.956: Total time for which application threads were stopped: 0.0038700 seconds, Stopping threads took: 0.0021610 seconds
275.997: Application time: 0.0406240 seconds
275.998: [GC [PSYoungGen: 47904K->6384K(49152K)] 104187K->62667K(160256K), 0.0019110 secs] [Times: user=0.02 sys=0.00, real=0.01 secs] 
276.000: Total time for which application threads were stopped: 0.0033690 seconds, Stopping threads took: 0.0013740 seconds
276.042: Application time: 0.0417210 seconds
276.043: [GC [PSYoungGen: 48879K->5344K(49152K)] 105163K->61627K(160256K), 0.0019860 secs] [Times: user=0.02 sys=0.00, real=0.00 secs] 
276.045: Total time for which application threads were stopped: 0.0032620 seconds, Stopping threads took: 0.0012090 seconds
276.086: Application time: 0.0410720 seconds
276.088: [GC [PSYoungGen: 47840K->6624K(49152K)] 104123K->62947K(160256K), 0.0020470 secs] [Times: user=0.02 sys=0.00, real=0.00 secs] 
276.090: Total time for which application threads were stopped: 0.0035390 seconds, Stopping threads took: 0.0013870 seconds
276.131: Application time: 0.0415740 seconds
276.134: [GC [PSYoungGen: 49120K->6656K(49152K)] 105443K->64311K(160256K), 0.0024940 secs] [Times: user=0.02 sys=0.00, real=0.00 secs] 
276.137: Total time for which application threads were stopped: 0.0054730 seconds, Stopping threads took: 0.0028930 seconds
276.177: Application time: 0.0405050 seconds
276.180: [GC [PSYoungGen: 49152K->6368K(49152K)] 106807K->64023K(160256K), 0.0019490 secs] [Times: user=0.02 sys=0.00, real=0.00 secs] 
276.182: Total time for which application threads were stopped: 0.0044970 seconds, Stopping threads took: 0.0024640 seconds
276.223: Application time: 0.0410880 seconds
276.224: [GC [PSYoungGen: 48864K->5520K(49152K)] 106519K->63183K(160256K), 0.0017520 secs] [Times: user=0.01 sys=0.00, real=0.00 secs] 
276.226: Total time for which application threads were stopped: 0.0029280 seconds, Stopping threads took: 0.0011030 seconds
276.267: Application time: 0.0413150 seconds
276.269: [GC [PSYoungGen: 48016K->6288K(49152K)] 105679K->63959K(160256K), 0.0018890 secs] [Times: user=0.01 sys=0.00, real=0.00 secs] 
276.271: Total time for which application threads were stopped: 0.0039350 seconds, Stopping threads took: 0.0019610 seconds
276.313: Application time: 0.0417320 seconds
276.316: [GC [PSYoungGen: 48784K->6624K(49152K)] 106455K->64328K(160256K), 0.0020730 secs] [Times: user=0.01 sys=0.00, real=0.00 secs] 
276.318: Total time for which application threads were stopped: 0.0051030 seconds, Stopping threads took: 0.0029490 seconds
276.360: Application time: 0.0419400 seconds
276.362: [GC [PSYoungGen: 49120K->6496K(49152K)] 106824K->64215K(160256K), 0.0019750 secs] [Times: user=0.02 sys=0.00, real=0.00 secs] 
276.364: Total time for which application threads were stopped: 0.0037040 seconds, Stopping threads took: 0.0016470 seconds
276.404: Application time: 0.0408520 seconds
276.407: [GC [PSYoungGen: 48992K->6656K(49152K)] 106711K->64535K(160256K), 0.0020720 secs] [Times: user=0.01 sys=0.00, real=0.00 secs] 
276.409: Total time for which application threads were stopped: 0.0044590 seconds, Stopping threads took: 0.0023020 seconds
276.451: Application time: 0.0421700 seconds
276.453: [GC [PSYoungGen: 49152K->4832K(49152K)] 107031K->62711K(160256K), 0.0015010 secs] [Times: user=0.01 sys=0.00, real=0.00 secs] 
276.454: Total time for which application threads were stopped: 0.0030840 seconds, Stopping threads took: 0.0015080 seconds
276.497: Application time: 0.0425020 seconds
276.498: [GC [PSYoungGen: 47328K->5728K(49152K)] 105207K->63623K(160256K), 0.0017720 secs] [Times: user=0.01 sys=0.00, real=0.01 secs] 
276.500: Total time for which application threads were stopped: 0.0030200 seconds, Stopping threads took: 0.0011600 seconds
276.542: Application time: 0.0422540 seconds
276.544: [GC [PSYoungGen: 48224K->6624K(49152K)] 106119K->65411K(160256K), 0.0024130 secs] [Times: user=0.01 sys=0.00, real=0.00 secs] 
276.546: Total time for which application threads were stopped: 0.0044380 seconds, Stopping threads took: 0.0019180 seconds
276.587: Application time: 0.0410190 seconds
276.591: [GC [PSYoungGen: 49120K->5456K(49152K)] 107907K->64244K(160256K), 0.0018410 secs] [Times: user=0.01 sys=0.00, real=0.00 secs] 
276.592: Total time for which application threads were stopped: 0.0050200 seconds, Stopping threads took: 0.0030880 seconds
276.634: Application time: 0.0416990 seconds
276.636: [GC [PSYoungGen: 47952K->6240K(49152K)] 106740K->65044K(160256K), 0.0018720 secs] [Times: user=0.02 sys=0.00, real=0.00 secs] 
276.638: Total time for which application threads were stopped: 0.0039170 seconds, Stopping threads took: 0.0019670 seconds
276.679: Application time: 0.0414490 seconds
276.681: [GC [PSYoungGen: 48736K->6640K(49152K)] 107540K->65467K(160256K), 0.0020840 secs] [Times: user=0.02 sys=0.00, real=0.00 secs] 
276.683: Total time for which application threads were stopped: 0.0034880 seconds, Stopping threads took: 0.0013200 seconds
276.723: Application time: 0.0402810 seconds
276.725: [GC [PSYoungGen: 49136K->5968K(49152K)] 107963K->64796K(160256K), 0.0018360 secs] [Times: user=0.02 sys=0.00, real=0.00 secs] 
276.726: Total time for which application threads were stopped: 0.0031340 seconds, Stopping threads took: 0.0012130 seconds
276.770: Application time: 0.0434380 seconds
276.772: [GC [PSYoungGen: 48464K->5840K(49152K)] 107292K->64675K(160256K), 0.0017990 secs] [Times: user=0.01 sys=0.00, real=0.00 secs] 
276.773: Total time for which application threads were stopped: 0.0035190 seconds, Stopping threads took: 0.0016350 seconds
276.812: Application time: 0.0391090 seconds
276.814: [GC [PSYoungGen: 48336K->6624K(49152K)] 107171K->66372K(160256K), 0.0023580 secs] [Times: user=0.01 sys=0.00, real=0.00 secs] 
276.817: Total time for which application threads were stopped: 0.0040630 seconds, Stopping threads took: 0.0015970 seconds
276.859: Application time: 0.0420530 seconds
276.861: [GC [PSYoungGen: 49120K->6640K(49152K)] 108868K->67052K(160256K), 0.0022120 secs] [Times: user=0.02 sys=0.00, real=0.00 secs] 
276.863: Total time for which application threads were stopped: 0.0044970 seconds, Stopping threads took: 0.0021950 seconds
276.902: Application time: 0.0393320 seconds
276.904: [GC [PSYoungGen: 49136K->6224K(49152K)] 109548K->66652K(160256K), 0.0018250 secs] [Times: user=0.01 sys=0.00, real=0.00 secs] 
276.906: Total time for which application threads were stopped: 0.0038240 seconds, Stopping threads took: 0.0019220 seconds
276.945: Application time: 0.0389450 seconds
276.948: [GC [PSYoungGen: 48720K->6624K(49152K)] 109148K->67404K(160256K), 0.0022590 secs] [Times: user=0.02 sys=0.00, real=0.00 secs] 
276.950: Total time for which application threads were stopped: 0.0052860 seconds, Stopping threads took: 0.0029380 seconds
276.992: Application time: 0.0411350 seconds
276.994: [GC [PSYoungGen: 49120K->6640K(49152K)] 109900K->67595K(160256K), 0.0022420 secs] [Times: user=0.01 sys=0.00, real=0.00 secs] 
276.996: Total time for which application threads were stopped: 0.0047430 seconds, Stopping threads took: 0.0024140 seconds
277.037: Application time: 0.0406060 seconds
277.039: [GC [PSYoungGen: 49136K->6640K(49152K)] 110091K->67723K(160256K), 0.0020460 secs] [Times: user=0.01 sys=0.00, real=0.00 secs] 
277.042: Total time for which application threads were stopped: 0.0045650 seconds, Stopping threads took: 0.0024350 seconds
277.082: Application time: 0.0405120 seconds
277.084: [GC [PSYoungGen: 49136K->6624K(49152K)] 110219K->67740K(160256K), 0.0021490 secs] [Times: user=0.02 sys=0.00, real=0.00 secs] 
277.086: Total time for which application threads were stopped: 0.0042950 seconds, Stopping threads took: 0.0020530 seconds
277.127: Application time: 0.0411350 seconds
277.129: [GC [PSYoungGen: 49120K->6176K(49152K)] 110236K->67291K(160256K), 0.0020090 secs] [Times: user=0.01 sys=0.00, real=0.00 secs] 
277.131: Total time for which application threads were stopped: 0.0033100 seconds, Stopping threads took: 0.0012090 seconds
277.172: Application time: 0.0415910 seconds
277.175: [GC [PSYoungGen: 48672K->5968K(49152K)] 109787K->67091K(160256K), 0.0018650 secs] [Times: user=0.02 sys=0.00, real=0.00 secs] 
277.177: Total time for which application threads were stopped: 0.0043370 seconds, Stopping threads took: 0.0023850 seconds
277.217: Application time: 0.0400220 seconds
277.220: [GC [PSYoungGen: 48464K->6480K(49152K)] 109587K->67604K(160256K), 0.0018730 secs] [Times: user=0.02 sys=0.00, real=0.00 secs] 
277.222: Total time for which application threads were stopped: 0.0049470 seconds, Stopping threads took: 0.0029800 seconds
277.262: Application time: 0.0400580 seconds
277.263: [GC [PSYoungGen: 48976K->6000K(49152K)] 110100K->67123K(160256K), 0.0017960 secs] [Times: user=0.01 sys=0.00, real=0.00 secs] 
277.265: Total time for which application threads were stopped: 0.0034370 seconds, Stopping threads took: 0.0015640 seconds
277.309: Application time: 0.0433770 seconds
277.311: [GC [PSYoungGen: 48496K->6624K(49152K)] 109619K->68548K(160256K), 0.0021920 secs] [Times: user=0.01 sys=0.00, real=0.00 secs] 
277.314: Total time for which application threads were stopped: 0.0051030 seconds, Stopping threads took: 0.0028310 seconds
277.356: Application time: 0.0424820 seconds
277.358: [GC [PSYoungGen: 49120K->5456K(49152K)] 111044K->67379K(160256K), 0.0017570 secs] [Times: user=0.02 sys=0.00, real=0.01 secs] 
277.360: Total time for which application threads were stopped: 0.0034990 seconds, Stopping threads took: 0.0016660 seconds
277.401: Application time: 0.0410150 seconds
277.402: [GC [PSYoungGen: 47952K->6640K(49152K)] 109875K->69163K(160256K), 0.0022400 secs] [Times: user=0.01 sys=0.00, real=0.00 secs] 
277.405: Total time for which application threads were stopped: 0.0040770 seconds, Stopping threads took: 0.0017510 seconds
277.447: Application time: 0.0419130 seconds
277.448: [GC [PSYoungGen: 49136K->6112K(49152K)] 111659K->68643K(160256K), 0.0018670 secs] [Times: user=0.02 sys=0.00, real=0.00 secs] 
277.450: Total time for which application threads were stopped: 0.0034920 seconds, Stopping threads took: 0.0015430 seconds
277.493: Application time: 0.0427720 seconds
277.495: [GC [PSYoungGen: 48608K->6640K(49152K)] 111139K->69267K(160256K), 0.0021130 secs] [Times: user=0.01 sys=0.00, real=0.00 secs] 
277.497: Total time for which application threads were stopped: 0.0040040 seconds, Stopping threads took: 0.0018090 seconds
277.539: Application time: 0.0417100 seconds
277.541: [GC [PSYoungGen: 49136K->5888K(49152K)] 111763K->68524K(160256K), 0.0018120 secs] [Times: user=0.01 sys=0.00, real=0.00 secs] 
277.543: Total time for which application threads were stopped: 0.0040190 seconds, Stopping threads took: 0.0021270 seconds
277.586: Application time: 0.0429890 seconds
277.587: [GC [PSYoungGen: 48384K->5328K(49152K)] 111020K->67964K(160256K), 0.0016160 secs] [Times: user=0.01 sys=0.00, real=0.00 secs] 
277.589: Total time for which application threads were stopped: 0.0032910 seconds, Stopping threads took: 0.0015920 seconds
277.631: Application time: 0.0416590 seconds
277.633: [GC [PSYoungGen: 47824K->6592K(49152K)] 110460K->69235K(160256K), 0.0019330 secs] [Times: user=0.01 sys=0.00, real=0.00 secs] 
277.635: Total time for which application threads were stopped: 0.0040190 seconds, Stopping threads took: 0.0019950 seconds
277.675: Application time: 0.0405660 seconds
277.677: [GC [PSYoungGen: 49088K->6624K(49152K)] 111731K->69267K(160256K), 0.0020370 secs] [Times: user=0.01 sys=0.00, real=0.01 secs] 
277.679: Total time for which application threads were stopped: 0.0039410 seconds, Stopping threads took: 0.0018150 seconds
277.721: Application time: 0.0413640 seconds
277.722: [GC [PSYoungGen: 49120K->6624K(49152K)] 111763K->69435K(160256K), 0.0021820 secs] [Times: user=0.02 sys=0.00, real=0.00 secs] 
277.725: Total time for which application threads were stopped: 0.0040750 seconds, Stopping threads took: 0.0018050 seconds
277.766: Application time: 0.0409850 seconds
277.767: [GC [PSYoungGen: 49120K->5696K(49152K)] 111931K->68515K(160256K), 0.0019140 secs] [Times: user=0.01 sys=0.00, real=0.00 secs] 
277.769: Total time for which application threads were stopped: 0.0037730 seconds, Stopping threads took: 0.0017560 seconds
277.811: Application time: 0.0412080 seconds
277.812: [GC [PSYoungGen: 48192K->6592K(49152K)] 111011K->69411K(160256K), 0.0023140 secs] [Times: user=0.02 sys=0.00, real=0.00 secs] 
277.815: Total time for which application threads were stopped: 0.0041130 seconds, Stopping threads took: 0.0016950 seconds
277.856: Application time: 0.0409680 seconds
277.858: [GC [PSYoungGen: 49086K->6640K(49152K)] 111906K->69644K(160256K), 0.0023870 secs] [Times: user=0.02 sys=0.00, real=0.01 secs] 
277.860: Total time for which application threads were stopped: 0.0042700 seconds, Stopping threads took: 0.0017990 seconds
277.899: Application time: 0.0394170 seconds
277.901: [GC [PSYoungGen: 49136K->6640K(49152K)] 112140K->69756K(160256K), 0.0021980 secs] [Times: user=0.01 sys=0.00, real=0.00 secs] 
277.903: Total time for which application threads were stopped: 0.0040740 seconds, Stopping threads took: 0.0017700 seconds
277.944: Application time: 0.0409480 seconds
277.947: [GC [PSYoungGen: 49136K->6560K(49152K)] 112252K->69683K(160256K), 0.0019490 secs] [Times: user=0.01 sys=0.00, real=0.00 secs] 
277.949: Total time for which application threads were stopped: 0.0048930 seconds, Stopping threads took: 0.0028570 seconds
277.989: Application time: 0.0400150 seconds
277.991: [GC [PSYoungGen: 49056K->6384K(49152K)] 112179K->69507K(160256K), 0.0022680 secs] [Times: user=0.01 sys=0.00, real=0.00 secs] 
277.994: Total time for which application threads were stopped: 0.0044920 seconds, Stopping threads took: 0.0021200 seconds
278.035: Application time: 0.0407580 seconds
278.037: [GC [PSYoungGen: 48880K->6640K(49152K)] 112003K->69859K(160256K), 0.0023500 secs] [Times: user=0.02 sys=0.00, real=0.01 secs] 
278.039: Total time for which application threads were stopped: 0.0046940 seconds, Stopping threads took: 0.0022620 seconds
278.079: Application time: 0.0397370 seconds
278.082: [GC [PSYoungGen: 49136K->6624K(49152K)] 112355K->70332K(160256K), 0.0024020 secs] [Times: user=0.02 sys=0.00, real=0.00 secs] 
278.084: Total time for which application threads were stopped: 0.0050180 seconds, Stopping threads took: 0.0025300 seconds
278.124: Application time: 0.0395420 seconds
278.126: [GC [PSYoungGen: 49120K->6528K(49152K)] 112828K->70243K(160256K), 0.0020970 secs] [Times: user=0.02 sys=0.00, real=0.01 secs] 
278.128: Total time for which application threads were stopped: 0.0045160 seconds, Stopping threads took: 0.0023370 seconds
278.169: Application time: 0.0404490 seconds
278.170: [GC [PSYoungGen: 49024K->6400K(49152K)] 112739K->70115K(160256K), 0.0020310 secs] [Times: user=0.01 sys=0.00, real=0.00 secs] 
278.173: Total time for which application threads were stopped: 0.0039660 seconds, Stopping threads took: 0.0018390 seconds
278.214: Application time: 0.0410640 seconds
278.216: [GC [PSYoungGen: 48896K->6624K(49152K)] 112611K->70459K(160256K), 0.0021130 secs] [Times: user=0.01 sys=0.00, real=0.00 secs] 
278.218: Total time for which application threads were stopped: 0.0048950 seconds, Stopping threads took: 0.0027010 seconds
278.259: Application time: 0.0403930 seconds
278.262: [GC [PSYoungGen: 49120K->6656K(49152K)] 112955K->71420K(160256K), 0.0022890 secs] [Times: user=0.01 sys=0.00, real=0.00 secs] 
278.264: Total time for which application threads were stopped: 0.0052270 seconds, Stopping threads took: 0.0028500 seconds
278.305: Application time: 0.0414200 seconds
278.307: [GC [PSYoungGen: 49152K->6624K(49152K)] 113916K->71436K(160256K), 0.0020790 secs] [Times: user=0.01 sys=0.00, real=0.00 secs] 
278.309: Total time for which application threads were stopped: 0.0039000 seconds, Stopping threads took: 0.0017380 seconds
278.351: Application time: 0.0412360 seconds
278.353: [GC [PSYoungGen: 49120K->5376K(49152K)] 113932K->70188K(160256K), 0.0017060 secs] [Times: user=0.01 sys=0.00, real=0.00 secs] 
278.354: Total time for which application threads were stopped: 0.0037020 seconds, Stopping threads took: 0.0019140 seconds
278.396: Application time: 0.0420190 seconds
278.397: [GC [PSYoungGen: 47872K->4848K(49152K)] 112684K->69668K(160256K), 0.0015840 secs] [Times: user=0.01 sys=0.00, real=0.01 secs] 
278.399: Total time for which application threads were stopped: 0.0026790 seconds, Stopping threads took: 0.0010130 seconds
278.442: Application time: 0.0427660 seconds
278.444: [GC [PSYoungGen: 47344K->5536K(49152K)] 112164K->70356K(160256K), 0.0017160 secs] [Times: user=0.01 sys=0.00, real=0.00 secs] 
278.445: Total time for which application threads were stopped: 0.0035740 seconds, Stopping threads took: 0.0017500 seconds
278.486: Application time: 0.0410160 seconds
278.489: [GC [PSYoungGen: 48032K->6640K(49152K)] 112852K->72656K(160256K), 0.0027460 secs] [Times: user=0.02 sys=0.00, real=0.00 secs] 
278.491: Total time for which application threads were stopped: 0.0050540 seconds, Stopping threads took: 0.0022070 seconds
278.531: Application time: 0.0395720 seconds
278.534: [GC [PSYoungGen: 49136K->6576K(49152K)] 115152K->72600K(160256K), 0.0019970 secs] [Times: user=0.02 sys=0.00, real=0.00 secs] 
278.536: Total time for which application threads were stopped: 0.0046670 seconds, Stopping threads took: 0.0025870 seconds
278.577: Application time: 0.0413540 seconds
278.579: [GC [PSYoungGen: 49072K->4384K(49152K)] 115096K->70408K(160256K), 0.0014800 secs] [Times: user=0.01 sys=0.00, real=0.00 secs] 
278.580: Total time for which application threads were stopped: 0.0034030 seconds, Stopping threads took: 0.0018260 seconds
278.620: Application time: 0.0399730 seconds
278.623: [GC [PSYoungGen: 46878K->6352K(49152K)] 112902K->72384K(160256K), 0.0018740 secs] [Times: user=0.01 sys=0.00, real=0.00 secs] 
278.625: Total time for which application threads were stopped: 0.0042820 seconds, Stopping threads took: 0.0023350 seconds
278.669: Application time: 0.0441160 seconds
278.671: [GC [PSYoungGen: 48848K->6624K(49152K)] 114880K->73256K(160256K), 0.0022050 secs] [Times: user=0.02 sys=0.00, real=0.00 secs] 
278.674: Total time for which application threads were stopped: 0.0048840 seconds, Stopping threads took: 0.0025830 seconds
278.716: Application time: 0.0424770 seconds
278.719: [GC [PSYoungGen: 49120K->6624K(49152K)] 115752K->73656K(160256K), 0.0020880 secs] [Times: user=0.02 sys=0.00, real=0.00 secs] 
278.721: Total time for which application threads were stopped: 0.0045820 seconds, Stopping threads took: 0.0024090 seconds
278.761: Application time: 0.0397430 seconds
278.763: [GC [PSYoungGen: 49120K->6624K(49152K)] 116152K->74096K(160256K), 0.0021320 secs] [Times: user=0.01 sys=0.00, real=0.00 secs] 
278.765: Total time for which application threads were stopped: 0.0048950 seconds, Stopping threads took: 0.0026800 seconds
278.806: Application time: 0.0406630 seconds
278.809: [GC [PSYoungGen: 49120K->5904K(49152K)] 116592K->73376K(160256K), 0.0017560 secs] [Times: user=0.01 sys=0.00, real=0.00 secs] 
278.810: Total time for which application threads were stopped: 0.0042740 seconds, Stopping threads took: 0.0024300 seconds
278.852: Application time: 0.0418270 seconds
278.855: [GC [PSYoungGen: 48400K->6416K(49152K)] 115872K->73896K(160256K), 0.0019880 secs] [Times: user=0.01 sys=0.00, real=0.00 secs] 
278.857: Total time for which application threads were stopped: 0.0049010 seconds, Stopping threads took: 0.0028310 seconds
278.897: Application time: 0.0400330 seconds
278.899: [GC [PSYoungGen: 48912K->6624K(49152K)] 116392K->74144K(160256K), 0.0022970 secs] [Times: user=0.01 sys=0.00, real=0.00 secs] 
278.902: Total time for which application threads were stopped: 0.0045810 seconds, Stopping threads took: 0.0021780 seconds
278.942: Application time: 0.0407300 seconds
278.945: [GC [PSYoungGen: 49120K->6240K(49152K)] 116640K->73760K(160256K), 0.0020160 secs] [Times: user=0.00 sys=0.01, real=0.01 secs] 
278.947: Total time for which application threads were stopped: 0.0042880 seconds, Stopping threads took: 0.0021650 seconds
278.987: Application time: 0.0406820 seconds
278.990: [GC [PSYoungGen: 48736K->6656K(49152K)] 116256K->74192K(160256K), 0.0019850 secs] [Times: user=0.01 sys=0.00, real=0.00 secs] 
278.992: Total time for which application threads were stopped: 0.0046140 seconds, Stopping threads took: 0.0025460 seconds
279.034: Application time: 0.0418960 seconds
279.036: [GC [PSYoungGen: 49152K->5856K(49152K)] 116688K->73400K(160256K), 0.0018130 secs] [Times: user=0.01 sys=0.00, real=0.00 secs] 
279.037: Total time for which application threads were stopped: 0.0034040 seconds, Stopping threads took: 0.0015090 seconds
279.079: Application time: 0.0412360 seconds
279.081: [GC [PSYoungGen: 48352K->6192K(49152K)] 115896K->73744K(160256K), 0.0020380 secs] [Times: user=0.01 sys=0.00, real=0.00 secs] 
279.083: Total time for which application threads were stopped: 0.0043720 seconds, Stopping threads took: 0.0022300 seconds
279.124: Application time: 0.0414020 seconds
279.126: [GC [PSYoungGen: 48688K->6144K(49152K)] 116240K->73696K(160256K), 0.0024960 secs] [Times: user=0.01 sys=0.00, real=0.01 secs] 
279.128: Total time for which application threads were stopped: 0.0039350 seconds, Stopping threads took: 0.0013670 seconds
279.174: Application time: 0.0459350 seconds
279.176: [GC [PSYoungGen: 48640K->5584K(49152K)] 116192K->73144K(160256K), 0.0017390 secs] [Times: user=0.01 sys=0.00, real=0.00 secs] 
279.178: Total time for which application threads were stopped: 0.0035200 seconds, Stopping threads took: 0.0016700 seconds
279.222: Application time: 0.0437350 seconds
279.224: [GC [PSYoungGen: 48080K->6528K(49152K)] 115640K->74096K(160256K), 0.0019250 secs] [Times: user=0.01 sys=0.00, real=0.00 secs] 
279.226: Total time for which application threads were stopped: 0.0047540 seconds, Stopping threads took: 0.0027420 seconds
279.268: Application time: 0.0414650 seconds
279.271: [GC [PSYoungGen: 49024K->6656K(49152K)] 116592K->74352K(160256K), 0.0021690 secs] [Times: user=0.01 sys=0.00, real=0.00 secs] 
279.273: Total time for which application threads were stopped: 0.0052840 seconds, Stopping threads took: 0.0030280 seconds
279.314: Application time: 0.0413390 seconds
279.317: [GC [PSYoungGen: 49152K->6592K(49152K)] 116848K->74288K(160256K), 0.0021200 secs] [Times: user=0.00 sys=0.00, real=0.01 secs] 
279.319: Total time for which application threads were stopped: 0.0044080 seconds, Stopping threads took: 0.0021970 seconds
279.359: Application time: 0.0404420 seconds
279.361: [GC [PSYoungGen: 49088K->5936K(49152K)] 116784K->73632K(160256K), 0.0018380 secs] [Times: user=0.01 sys=0.00, real=0.00 secs] 
279.363: Total time for which application threads were stopped: 0.0040870 seconds, Stopping threads took: 0.0021680 seconds
279.405: Application time: 0.0418050 seconds
279.407: [GC [PSYoungGen: 48432K->6656K(49152K)] 116128K->75392K(160256K), 0.0023590 secs] [Times: user=0.02 sys=0.00, real=0.00 secs] 
279.409: Total time for which application threads were stopped: 0.0042580 seconds, Stopping threads took: 0.0018130 seconds
279.450: Application time: 0.0401530 seconds
279.451: [GC [PSYoungGen: 49152K->6656K(49152K)] 117888K->76016K(160256K), 0.0021910 secs] [Times: user=0.01 sys=0.00, real=0.00 secs] 
279.453: Total time for which application threads were stopped: 0.0039440 seconds, Stopping threads took: 0.0016640 seconds
279.494: Application time: 0.0408560 seconds
279.497: [GC [PSYoungGen: 49152K->6224K(49152K)] 118512K->75584K(160256K), 0.0019500 secs] [Times: user=0.01 sys=0.00, real=0.01 secs] 
279.499: Total time for which application threads were stopped: 0.0045700 seconds, Stopping threads took: 0.0025300 seconds
279.540: Application time: 0.0409850 seconds
279.543: [GC [PSYoungGen: 48720K->6640K(49152K)] 118080K->77432K(160256K), 0.0024690 secs] [Times: user=0.01 sys=0.00, real=0.00 secs] 
279.545: Total time for which application threads were stopped: 0.0051190 seconds, Stopping threads took: 0.0025620 seconds
279.586: Application time: 0.0410140 seconds
279.587: [GC [PSYoungGen: 49136K->6624K(49152K)] 119928K->77520K(160256K), 0.0019870 secs] [Times: user=0.01 sys=0.00, real=0.00 secs] 
279.589: Total time for which application threads were stopped: 0.0032590 seconds, Stopping threads took: 0.0011900 seconds
279.629: Application time: 0.0401770 seconds
279.631: [GC [PSYoungGen: 49120K->6624K(49152K)] 120016K->78448K(160256K), 0.0023290 secs] [Times: user=0.02 sys=0.00, real=0.00 secs] 
279.634: Total time for which application threads were stopped: 0.0043070 seconds, Stopping threads took: 0.0018950 seconds
279.671: Application time: 0.0372210 seconds
279.674: [GC [PSYoungGen: 49120K->6640K(49152K)] 120944K->78680K(160256K), 0.0022220 secs] [Times: user=0.01 sys=0.00, real=0.00 secs] 
279.676: Total time for which application threads were stopped: 0.0050580 seconds, Stopping threads took: 0.0027380 seconds
279.713: Application time: 0.0370760 seconds
279.715: [GC [PSYoungGen: 49136K->6640K(49152K)] 121176K->79392K(160256K), 0.0023240 secs] [Times: user=0.01 sys=0.00, real=0.00 secs] 
279.717: Total time for which application threads were stopped: 0.0042800 seconds, Stopping threads took: 0.0018610 seconds
279.755: Application time: 0.0372860 seconds
279.757: [GC [PSYoungGen: 49136K->6624K(49152K)] 121888K->80072K(160256K), 0.0023010 secs] [Times: user=0.01 sys=0.00, real=0.01 secs] 
279.759: Total time for which application threads were stopped: 0.0044560 seconds, Stopping threads took: 0.0020700 seconds
279.799: Application time: 0.0396970 seconds
279.801: [GC [PSYoungGen: 49120K->5024K(49152K)] 122568K->78480K(160256K), 0.0015550 secs] [Times: user=0.01 sys=0.00, real=0.00 secs] 
279.802: Total time for which application threads were stopped: 0.0035920 seconds, Stopping threads took: 0.0019660 seconds
279.841: Application time: 0.0388700 seconds
279.843: [GC [PSYoungGen: 47520K->6496K(49152K)] 120976K->79952K(160256K), 0.0019310 secs] [Times: user=0.02 sys=0.00, real=0.00 secs] 
279.845: Total time for which application threads were stopped: 0.0037090 seconds, Stopping threads took: 0.0017000 seconds
279.883: Application time: 0.0380480 seconds
279.884: [GC [PSYoungGen: 48992K->5408K(49152K)] 122448K->78864K(160256K), 0.0016900 secs] [Times: user=0.01 sys=0.00, real=0.00 secs] 
279.886: Total time for which application threads were stopped: 0.0025810 seconds, Stopping threads took: 0.0008140 seconds
279.926: Application time: 0.0399040 seconds
279.927: [GC [PSYoungGen: 47904K->6640K(49152K)] 121360K->81200K(160256K), 0.0024320 secs] [Times: user=0.02 sys=0.00, real=0.00 secs] 
279.930: Total time for which application threads were stopped: 0.0040570 seconds, Stopping threads took: 0.0015220 seconds
279.969: Application time: 0.0394970 seconds
279.971: [GC [PSYoungGen: 49136K->6240K(49152K)] 123696K->80808K(160256K), 0.0019600 secs] [Times: user=0.01 sys=0.00, real=0.00 secs] 
279.973: Total time for which application threads were stopped: 0.0034290 seconds, Stopping threads took: 0.0013870 seconds
280.013: Application time: 0.0402360 seconds
280.015: [GC [PSYoungGen: 48735K->6464K(49152K)] 123303K->81032K(160256K), 0.0021310 secs] [Times: user=0.01 sys=0.00, real=0.00 secs] 
280.017: Total time for which application threads were stopped: 0.0042820 seconds, Stopping threads took: 0.0020620 seconds
280.056: Application time: 0.0384150 seconds
280.057: [GC [PSYoungGen: 48960K->6640K(49152K)] 123528K->81736K(160256K), 0.0024360 secs] [Times: user=0.01 sys=0.00, real=0.01 secs] 
280.060: Total time for which application threads were stopped: 0.0042890 seconds, Stopping threads took: 0.0017440 seconds
280.097: Application time: 0.0372820 seconds
280.099: [GC [PSYoungGen: 49136K->6640K(49152K)] 124232K->82980K(160256K), 0.0025320 secs] [Times: user=0.02 sys=0.00, real=0.00 secs] 
280.102: Total time for which application threads were stopped: 0.0046820 seconds, Stopping threads took: 0.0020460 seconds
280.140: Application time: 0.0380970 seconds
280.142: [GC [PSYoungGen: 49136K->5776K(49152K)] 125476K->82116K(160256K), 0.0018330 secs] [Times: user=0.01 sys=0.00, real=0.00 secs] 
280.143: Total time for which application threads were stopped: 0.0035360 seconds, Stopping threads took: 0.0016180 seconds
280.182: Application time: 0.0380970 seconds
280.183: [GC [PSYoungGen: 48272K->6624K(49152K)] 124612K->83044K(160256K), 0.0021080 secs] [Times: user=0.02 sys=0.00, real=0.00 secs] 
280.185: Total time for which application threads were stopped: 0.0039030 seconds, Stopping threads took: 0.0017150 seconds
280.225: Application time: 0.0393180 seconds
280.225: [GC [PSYoungGen: 49120K->6464K(49152K)] 125540K->82892K(160256K), 0.0020100 secs] [Times: user=0.02 sys=0.00, real=0.01 secs] 
280.227: Total time for which application threads were stopped: 0.0027230 seconds, Stopping threads took: 0.0006260 seconds
280.267: Application time: 0.0394430 seconds
280.268: [GC [PSYoungGen: 48960K->5968K(49152K)] 125388K->82404K(160256K), 0.0018750 secs] [Times: user=0.01 sys=0.00, real=0.00 secs] 
280.270: Total time for which application threads were stopped: 0.0033430 seconds, Stopping threads took: 0.0013910 seconds
280.309: Application time: 0.0388450 seconds
280.311: [GC [PSYoungGen: 48464K->6640K(49152K)] 124900K->83164K(160256K), 0.0021890 secs] [Times: user=0.02 sys=0.00, real=0.00 secs] 
280.313: Total time for which application threads were stopped: 0.0038060 seconds, Stopping threads took: 0.0015240 seconds
280.352: Application time: 0.0386080 seconds
280.353: [GC [PSYoungGen: 49136K->6624K(49152K)] 125660K->83284K(160256K), 0.0023190 secs] [Times: user=0.02 sys=0.00, real=0.00 secs] 
280.356: Total time for which application threads were stopped: 0.0041180 seconds, Stopping threads took: 0.0017150 seconds
280.394: Application time: 0.0381600 seconds
280.396: [GC [PSYoungGen: 49120K->6656K(49152K)] 125780K->83948K(160256K), 0.0023740 secs] [Times: user=0.01 sys=0.00, real=0.00 secs] 
280.398: Total time for which application threads were stopped: 0.0042880 seconds, Stopping threads took: 0.0018260 seconds
280.437: Application time: 0.0387010 seconds
280.439: [GC [PSYoungGen: 49150K->5664K(49152K)] 126442K->82956K(160256K), 0.0020270 secs] [Times: user=0.01 sys=0.00, real=0.00 secs] 
280.441: Total time for which application threads were stopped: 0.0042930 seconds, Stopping threads took: 0.0021690 seconds
280.482: Application time: 0.0408580 seconds
280.484: [GC [PSYoungGen: 48160K->6208K(49152K)] 125452K->83508K(160256K), 0.0019300 secs] [Times: user=0.01 sys=0.00, real=0.00 secs] 
280.486: Total time for which application threads were stopped: 0.0036200 seconds, Stopping threads took: 0.0016150 seconds
280.524: Application time: 0.0388710 seconds
280.526: [GC [PSYoungGen: 48704K->6640K(49152K)] 126004K->84172K(160256K), 0.0021870 secs] [Times: user=0.01 sys=0.00, real=0.01 secs] 
280.529: Total time for which application threads were stopped: 0.0041310 seconds, Stopping threads took: 0.0018630 seconds
280.567: Application time: 0.0384970 seconds
280.569: [GC [PSYoungGen: 49136K->5760K(49152K)] 126668K->83308K(160256K), 0.0017800 secs] [Times: user=0.02 sys=0.00, real=0.00 secs] 
280.570: Total time for which application threads were stopped: 0.0032520 seconds, Stopping threads took: 0.0013930 seconds
280.610: Application time: 0.0397890 seconds
280.611: [GC [PSYoungGen: 48256K->6032K(49152K)] 125804K->83580K(160256K), 0.0018750 secs] [Times: user=0.01 sys=0.00, real=0.00 secs] 
280.613: Total time for which application threads were stopped: 0.0031770 seconds, Stopping threads took: 0.0012240 seconds
280.652: Application time: 0.0387270 seconds
280.654: [GC [PSYoungGen: 48528K->6400K(49152K)] 126076K->83956K(160256K), 0.0020080 secs] [Times: user=0.01 sys=0.00, real=0.00 secs] 
280.656: Total time for which application threads were stopped: 0.0037910 seconds, Stopping threads took: 0.0017040 seconds
280.695: Application time: 0.0391630 seconds
280.696: [GC [PSYoungGen: 48896K->5472K(49152K)] 126452K->83028K(160256K), 0.0017360 secs] [Times: user=0.01 sys=0.00, real=0.00 secs] 
280.698: Total time for which application threads were stopped: 0.0031380 seconds, Stopping threads took: 0.0013220 seconds
280.738: Application time: 0.0399840 seconds
280.739: [GC [PSYoungGen: 47968K->5312K(49152K)] 125524K->82876K(160256K), 0.0017030 secs] [Times: user=0.01 sys=0.00, real=0.00 secs] 
280.741: Total time for which application threads were stopped: 0.0026490 seconds, Stopping threads took: 0.0008610 seconds
280.782: Application time: 0.0412220 seconds
280.784: [GC [PSYoungGen: 47808K->5280K(49152K)] 125372K->82852K(160256K), 0.0016740 secs] [Times: user=0.01 sys=0.00, real=0.00 secs] 
280.785: Total time for which application threads were stopped: 0.0033930 seconds, Stopping threads took: 0.0016430 seconds
280.825: Application time: 0.0392090 seconds
280.826: [GC [PSYoungGen: 47776K->6640K(49152K)] 125348K->84780K(160256K), 0.0021510 secs] [Times: user=0.01 sys=0.00, real=0.01 secs] 
280.828: Total time for which application threads were stopped: 0.0038170 seconds, Stopping threads took: 0.0015830 seconds
280.870: Application time: 0.0419140 seconds
280.872: [GC [PSYoungGen: 49136K->4464K(49152K)] 127276K->82620K(160256K), 0.0014620 secs] [Times: user=0.01 sys=0.00, real=0.00 secs] 
280.873: Total time for which application threads were stopped: 0.0029840 seconds, Stopping threads took: 0.0014470 seconds
280.912: Application time: 0.0382820 seconds
280.913: [GC [PSYoungGen: 46959K->6656K(49152K)] 125115K->85892K(160256K), 0.0023430 secs] [Times: user=0.02 sys=0.00, real=0.00 secs] 
280.916: Total time for which application threads were stopped: 0.0042770 seconds, Stopping threads took: 0.0018460 seconds
280.953: Application time: 0.0375540 seconds
280.954: [GC [PSYoungGen: 49152K->6656K(49152K)] 128388K->86408K(160256K), 0.0022110 secs] [Times: user=0.02 sys=0.00, real=0.00 secs] 
280.957: Total time for which application threads were stopped: 0.0032580 seconds, Stopping threads took: 0.0009630 seconds
280.995: Application time: 0.0381410 seconds
280.998: [GC [PSYoungGen: 49152K->6640K(49152K)] 128904K->86408K(160256K), 0.0019290 secs] [Times: user=0.02 sys=0.00, real=0.01 secs] 
281.000: Total time for which application threads were stopped: 0.0050640 seconds, Stopping threads took: 0.0030530 seconds
281.039: Application time: 0.0386650 seconds
281.040: [GC [PSYoungGen: 49136K->6624K(49152K)] 128904K->86584K(160256K), 0.0021430 secs] [Times: user=0.02 sys=0.00, real=0.00 secs] 
281.042: Total time for which application threads were stopped: 0.0038010 seconds, Stopping threads took: 0.0015750 seconds
281.082: Application time: 0.0395810 seconds
281.083: [GC [PSYoungGen: 49120K->5280K(49152K)] 129080K->85248K(160256K), 0.0016650 secs] [Times: user=0.01 sys=0.00, real=0.00 secs] 
281.085: Total time for which application threads were stopped: 0.0030680 seconds, Stopping threads took: 0.0013230 seconds
281.124: Application time: 0.0390270 seconds
281.126: [GC [PSYoungGen: 47776K->6624K(49152K)] 127744K->86624K(160256K), 0.0020800 secs] [Times: user=0.01 sys=0.00, real=0.01 secs] 
281.128: Total time for which application threads were stopped: 0.0035770 seconds, Stopping threads took: 0.0014170 seconds
281.166: Application time: 0.0386990 seconds
281.168: [GC [PSYoungGen: 49120K->5584K(49152K)] 129120K->85592K(160256K), 0.0017590 secs] [Times: user=0.01 sys=0.00, real=0.00 secs] 
281.169: Total time for which application threads were stopped: 0.0030270 seconds, Stopping threads took: 0.0011910 seconds
281.210: Application time: 0.0410600 seconds
281.212: [GC [PSYoungGen: 48080K->5600K(49152K)] 128088K->85608K(160256K), 0.0016910 secs] [Times: user=0.01 sys=0.00, real=0.00 secs] 
281.214: Total time for which application threads were stopped: 0.0036870 seconds, Stopping threads took: 0.0019170 seconds
281.254: Application time: 0.0394420 seconds
281.255: [GC [PSYoungGen: 48096K->6336K(49152K)] 128104K->86352K(160256K), 0.0019040 secs] [Times: user=0.01 sys=0.00, real=0.00 secs] 
281.257: Total time for which application threads were stopped: 0.0035970 seconds, Stopping threads took: 0.0016070 seconds
281.297: Application time: 0.0398030 seconds
281.299: [GC [PSYoungGen: 48832K->5152K(49152K)] 128848K->85176K(160256K), 0.0016300 secs] [Times: user=0.01 sys=0.00, real=0.00 secs] 
281.301: Total time for which application threads were stopped: 0.0035250 seconds, Stopping threads took: 0.0017960 seconds
281.337: Application time: 0.0363790 seconds
281.338: [GC [PSYoungGen: 47648K->6624K(49152K)] 127672K->86984K(160256K), 0.0020320 secs] [Times: user=0.01 sys=0.00, real=0.01 secs] 
281.340: Total time for which application threads were stopped: 0.0035680 seconds, Stopping threads took: 0.0014540 seconds
281.379: Application time: 0.0387010 seconds
281.381: [GC [PSYoungGen: 49120K->6624K(49152K)] 129480K->88068K(160256K), 0.0023810 secs] [Times: user=0.01 sys=0.00, real=0.00 secs] 
281.384: Total time for which application threads were stopped: 0.0045400 seconds, Stopping threads took: 0.0020450 seconds
281.420: Application time: 0.0360680 seconds
281.423: [GC [PSYoungGen: 49120K->6656K(49152K)] 130564K->88997K(160256K), 0.0023710 secs] [Times: user=0.02 sys=0.00, real=0.00 secs] 
281.425: Total time for which application threads were stopped: 0.0054630 seconds, Stopping threads took: 0.0030060 seconds
281.465: Application time: 0.0402060 seconds
281.467: [GC [PSYoungGen: 49152K->6656K(49152K)] 131493K->89761K(160256K), 0.0022130 secs] [Times: user=0.01 sys=0.00, real=0.00 secs] 
281.470: Total time for which application threads were stopped: 0.0041000 seconds, Stopping threads took: 0.0018110 seconds
281.509: Application time: 0.0396570 seconds
281.512: [GC [PSYoungGen: 49152K->6656K(49152K)] 132257K->90177K(160256K), 0.0021360 secs] [Times: user=0.02 sys=0.00, real=0.00 secs] 
281.514: Total time for which application threads were stopped: 0.0051030 seconds, Stopping threads took: 0.0028640 seconds
281.551: Application time: 0.0370070 seconds
281.553: [GC [PSYoungGen: 49152K->6656K(49152K)] 132673K->90417K(160256K), 0.0021060 secs] [Times: user=0.02 sys=0.00, real=0.00 secs] 
281.556: Total time for which application threads were stopped: 0.0042420 seconds, Stopping threads took: 0.0020530 seconds
281.595: Application time: 0.0389520 seconds
281.596: [GC [PSYoungGen: 49152K->5808K(49152K)] 132913K->89569K(160256K), 0.0018040 secs] [Times: user=0.01 sys=0.00, real=0.00 secs] 
281.598: Total time for which application threads were stopped: 0.0032270 seconds, Stopping threads took: 0.0013470 seconds
281.637: Application time: 0.0387580 seconds
281.638: [GC [PSYoungGen: 48304K->6656K(49152K)] 132065K->91193K(160256K), 0.0022350 secs] [Times: user=0.02 sys=0.00, real=0.01 secs] 
281.640: Total time for which application threads were stopped: 0.0039310 seconds, Stopping threads took: 0.0016110 seconds
281.679: Application time: 0.0382220 seconds
281.680: [GC [PSYoungGen: 49152K->6656K(49152K)] 133689K->91561K(160256K), 0.0021460 secs] [Times: user=0.02 sys=0.00, real=0.00 secs] 
281.683: Total time for which application threads were stopped: 0.0040090 seconds, Stopping threads took: 0.0017760 seconds
281.722: Application time: 0.0388770 seconds
281.723: [GC [PSYoungGen: 49152K->6640K(49152K)] 134057K->91793K(160256K), 0.0021360 secs] [Times: user=0.02 sys=0.00, real=0.00 secs] 
281.725: Total time for which application threads were stopped: 0.0038540 seconds, Stopping threads took: 0.0016080 seconds
281.764: Application time: 0.0390950 seconds
281.767: [GC [PSYoungGen: 49136K->6624K(49152K)] 134289K->91849K(160256K), 0.0022050 secs] [Times: user=0.02 sys=0.00, real=0.01 secs] 
281.769: Total time for which application threads were stopped: 0.0042530 seconds, Stopping threads took: 0.0019550 seconds
281.808: Application time: 0.0391950 seconds
281.809: [GC [PSYoungGen: 49120K->6624K(49152K)] 134345K->91913K(160256K), 0.0021220 secs] [Times: user=0.01 sys=0.00, real=0.00 secs] 
281.811: Total time for which application threads were stopped: 0.0033920 seconds, Stopping threads took: 0.0011880 seconds
281.850: Application time: 0.0388750 seconds
281.853: [GC [PSYoungGen: 49120K->6640K(49152K)] 134409K->91929K(160256K), 0.0019830 secs] [Times: user=0.02 sys=0.00, real=0.00 secs] 
281.855: Total time for which application threads were stopped: 0.0045300 seconds, Stopping threads took: 0.0024620 seconds
281.893: Application time: 0.0384300 seconds
281.895: [GC [PSYoungGen: 49136K->6624K(49152K)] 134425K->92689K(160256K), 0.0022930 secs] [Times: user=0.02 sys=0.00, real=0.00 secs] 
281.898: Total time for which application threads were stopped: 0.0045520 seconds, Stopping threads took: 0.0021740 seconds
281.937: Application time: 0.0388500 seconds
281.939: [GC [PSYoungGen: 49120K->6640K(49152K)] 135185K->92881K(160256K), 0.0021000 secs] [Times: user=0.02 sys=0.00, real=0.00 secs] 
281.941: Total time for which application threads were stopped: 0.0046560 seconds, Stopping threads took: 0.0024740 seconds
281.979: Application time: 0.0373150 seconds
281.980: [GC [PSYoungGen: 49136K->6656K(49152K)] 135377K->94457K(160256K), 0.0024290 secs] [Times: user=0.01 sys=0.00, real=0.00 secs] 
281.983: Total time for which application threads were stopped: 0.0039440 seconds, Stopping threads took: 0.0014300 seconds
282.021: Application time: 0.0380530 seconds
282.022: [GC [PSYoungGen: 49152K->5984K(49152K)] 136953K->93785K(160256K), 0.0018260 secs] [Times: user=0.01 sys=0.00, real=0.00 secs] 
282.024: Total time for which application threads were stopped: 0.0035210 seconds, Stopping threads took: 0.0016120 seconds
282.062: Application time: 0.0378900 seconds
282.064: [GC [PSYoungGen: 48480K->6096K(49152K)] 136281K->93897K(160256K), 0.0020210 secs] [Times: user=0.01 sys=0.00, real=0.00 secs] 
282.066: Total time for which application threads were stopped: 0.0038040 seconds, Stopping threads took: 0.0017030 seconds
282.106: Application time: 0.0400590 seconds
282.107: [GC [PSYoungGen: 48592K->5600K(49152K)] 136393K->93401K(160256K), 0.0018160 secs] [Times: user=0.01 sys=0.00, real=0.00 secs] 
282.109: Total time for which application threads were stopped: 0.0027680 seconds, Stopping threads took: 0.0008750 seconds
282.146: Application time: 0.0378270 seconds
282.149: [GC [PSYoungGen: 48096K->6656K(49152K)] 135897K->95129K(160256K), 0.0022490 secs] [Times: user=0.01 sys=0.00, real=0.00 secs] 
282.151: Total time for which application threads were stopped: 0.0048340 seconds, Stopping threads took: 0.0025000 seconds
282.188: Application time: 0.0371030 seconds
282.191: [GC [PSYoungGen: 49152K->6656K(49152K)] 137625K->95469K(160256K), 0.0023560 secs] [Times: user=0.01 sys=0.00, real=0.00 secs] 
282.193: Total time for which application threads were stopped: 0.0045180 seconds, Stopping threads took: 0.0020770 seconds
282.232: Application time: 0.0392440 seconds
282.234: [GC [PSYoungGen: 49152K->5984K(49152K)] 137965K->94805K(160256K), 0.0018720 secs] [Times: user=0.01 sys=0.00, real=0.00 secs] 
282.236: Total time for which application threads were stopped: 0.0035860 seconds, Stopping threads took: 0.0016360 seconds
282.275: Application time: 0.0391500 seconds
282.277: [GC [PSYoungGen: 48479K->4896K(49152K)] 137301K->93717K(160256K), 0.0015110 secs] [Times: user=0.01 sys=0.00, real=0.00 secs] 
282.278: Total time for which application threads were stopped: 0.0031740 seconds, Stopping threads took: 0.0015820 seconds
282.318: Application time: 0.0396090 seconds
282.320: [GC [PSYoungGen: 47392K->6608K(49152K)] 136213K->95437K(160256K), 0.0020080 secs] [Times: user=0.02 sys=0.00, real=0.00 secs] 
282.322: Total time for which application threads were stopped: 0.0038740 seconds, Stopping threads took: 0.0017850 seconds
282.360: Application time: 0.0381180 seconds
282.361: [GC [PSYoungGen: 49104K->6000K(49152K)] 137933K->94829K(160256K), 0.0019350 secs] [Times: user=0.01 sys=0.00, real=0.00 secs] 
282.363: Total time for which application threads were stopped: 0.0032360 seconds, Stopping threads took: 0.0012210 seconds
282.401: Application time: 0.0376900 seconds
282.403: [GC [PSYoungGen: 48496K->6624K(49152K)] 137325K->97037K(160256K), 0.0025980 secs] [Times: user=0.02 sys=0.00, real=0.00 secs] 
282.406: Total time for which application threads were stopped: 0.0051000 seconds, Stopping threads took: 0.0024180 seconds
282.445: Application time: 0.0393430 seconds
282.446: [GC [PSYoungGen: 49120K->6640K(49152K)] 139533K->97077K(160256K), 0.0021710 secs] [Times: user=0.01 sys=0.00, real=0.01 secs] 
282.449: Total time for which application threads were stopped: 0.0036050 seconds, Stopping threads took: 0.0013520 seconds
282.487: Application time: 0.0386300 seconds
282.489: [GC [PSYoungGen: 49136K->5056K(49152K)] 139573K->95493K(160256K), 0.0016180 secs] [Times: user=0.01 sys=0.00, real=0.00 secs] 
282.491: Total time for which application threads were stopped: 0.0037950 seconds, Stopping threads took: 0.0021010 seconds
282.530: Application time: 0.0392460 seconds
282.532: [GC [PSYoungGen: 47552K->6624K(49152K)] 137989K->97285K(160256K), 0.0020780 secs] [Times: user=0.02 sys=0.00, real=0.00 secs] 
282.534: Total time for which application threads were stopped: 0.0036510 seconds, Stopping threads took: 0.0014890 seconds
282.573: Application time: 0.0389210 seconds
282.575: [GC [PSYoungGen: 49120K->6640K(49152K)] 139781K->97413K(160256K), 0.0020630 secs] [Times: user=0.01 sys=0.00, real=0.00 secs] 
282.577: Total time for which application threads were stopped: 0.0038600 seconds, Stopping threads took: 0.0017190 seconds
282.615: Application time: 0.0380910 seconds
282.618: [GC [PSYoungGen: 49136K->6640K(49152K)] 139909K->97893K(160256K), 0.0022230 secs] [Times: user=0.01 sys=0.00, real=0.01 secs] 
282.620: Total time for which application threads were stopped: 0.0048830 seconds, Stopping threads took: 0.0025810 seconds
282.661: Application time: 0.0416180 seconds
282.663: [GC [PSYoungGen: 49136K->5984K(49152K)] 140389K->97253K(160256K), 0.0018260 secs] [Times: user=0.01 sys=0.00, real=0.00 secs] 
282.665: Total time for which application threads were stopped: 0.0036280 seconds, Stopping threads took: 0.0017260 seconds
282.707: Application time: 0.0416780 seconds
282.709: [GC [PSYoungGen: 48480K->3520K(49152K)] 139749K->94797K(160256K), 0.0012830 secs] [Times: user=0.01 sys=0.00, real=0.00 secs] 
282.710: Total time for which application threads were stopped: 0.0034910 seconds, Stopping threads took: 0.0021450 seconds
282.749: Application time: 0.0383510 seconds
282.750: [GC [PSYoungGen: 46016K->6656K(49152K)] 137293K->98597K(160256K), 0.0021440 secs] [Times: user=0.02 sys=0.00, real=0.00 secs] 
282.753: Total time for which application threads were stopped: 0.0040560 seconds, Stopping threads took: 0.0018300 seconds
282.792: Application time: 0.0391870 seconds
282.794: [GC [PSYoungGen: 49152K->6624K(49152K)] 141093K->99117K(160256K), 0.0022000 secs] [Times: user=0.01 sys=0.00, real=0.00 secs] 
282.796: Total time for which application threads were stopped: 0.0043840 seconds, Stopping threads took: 0.0020870 seconds
282.834: Application time: 0.0379120 seconds
282.835: [GC [PSYoungGen: 49120K->6640K(49152K)] 141613K->99669K(160256K), 0.0021800 secs] [Times: user=0.02 sys=0.00, real=0.00 secs] 
282.838: Total time for which application threads were stopped: 0.0034390 seconds, Stopping threads took: 0.0011780 seconds
282.875: Application time: 0.0376800 seconds
282.878: [GC [PSYoungGen: 49136K->6656K(49152K)] 142165K->101109K(160256K), 0.0024340 secs] [Times: user=0.01 sys=0.00, real=0.01 secs] 
282.880: Total time for which application threads were stopped: 0.0049940 seconds, Stopping threads took: 0.0024700 seconds
282.920: Application time: 0.0393030 seconds
282.921: [GC [PSYoungGen: 49152K->5824K(49152K)] 143605K->100277K(160256K), 0.0018800 secs] [Times: user=0.02 sys=0.00, real=0.00 secs] 
282.923: Total time for which application threads were stopped: 0.0034770 seconds, Stopping threads took: 0.0015160 seconds
282.961: Application time: 0.0380270 seconds
282.963: [GC [PSYoungGen: 48320K->6656K(49152K)] 142773K->101149K(160256K), 0.0020040 secs] [Times: user=0.02 sys=0.00, real=0.00 secs] 
282.965: Total time for which application threads were stopped: 0.0043210 seconds, Stopping threads took: 0.0022300 seconds
283.002: Application time: 0.0371380 seconds
283.004: [GC [PSYoungGen: 49150K->6656K(49152K)] 143644K->101965K(160256K), 0.0022860 secs] [Times: user=0.01 sys=0.00, real=0.01 secs] 
283.007: Total time for which application threads were stopped: 0.0042770 seconds, Stopping threads took: 0.0019070 seconds
283.044: Application time: 0.0371540 seconds
283.045: [GC [PSYoungGen: 49152K->6640K(49152K)] 144461K->102637K(160256K), 0.0022440 secs] [Times: user=0.02 sys=0.00, real=0.01 secs] 
283.048: Total time for which application threads were stopped: 0.0036140 seconds, Stopping threads took: 0.0012870 seconds
283.085: Application time: 0.0374780 seconds
283.087: [GC [PSYoungGen: 49136K->6656K(49152K)] 145133K->103085K(160256K), 0.0022460 secs] [Times: user=0.02 sys=0.00, real=0.00 secs] 
283.089: Total time for which application threads were stopped: 0.0041950 seconds, Stopping threads took: 0.0018620 seconds
283.127: Application time: 0.0373720 seconds
283.129: [GC [PSYoungGen: 49152K->6640K(49152K)] 145581K->104357K(160256K), 0.0025690 secs] [Times: user=0.02 sys=0.00, real=0.00 secs] 
283.131: Total time for which application threads were stopped: 0.0045390 seconds, Stopping threads took: 0.0018630 seconds
283.171: Application time: 0.0396160 seconds
283.172: [GC [PSYoungGen: 49136K->6640K(49152K)] 146853K->105425K(160256K), 0.0025320 secs] [Times: user=0.02 sys=0.00, real=0.00 secs] 
283.175: Total time for which application threads were stopped: 0.0037920 seconds, Stopping threads took: 0.0011670 seconds
283.212: Application time: 0.0370190 seconds
283.214: [GC [PSYoungGen: 49136K->6496K(49152K)] 147921K->105289K(160256K), 0.0019820 secs] [Times: user=0.01 sys=0.00, real=0.00 secs] 
283.216: Total time for which application threads were stopped: 0.0040670 seconds, Stopping threads took: 0.0020010 seconds
283.254: Application time: 0.0384190 seconds
283.256: [GC [PSYoungGen: 48992K->5360K(49152K)] 147785K->104153K(160256K), 0.0017400 secs] [Times: user=0.01 sys=0.00, real=0.00 secs] 
283.257: Total time for which application threads were stopped: 0.0032870 seconds, Stopping threads took: 0.0014670 seconds
283.296: Application time: 0.0388400 seconds
283.298: [GC [PSYoungGen: 47856K->6112K(49152K)] 146649K->104905K(160256K), 0.0019040 secs] [Times: user=0.02 sys=0.00, real=0.01 secs] 
283.299: Total time for which application threads were stopped: 0.0032870 seconds, Stopping threads took: 0.0012880 seconds
283.339: Application time: 0.0396520 seconds
283.344: [GC [PSYoungGen: 48608K->6624K(49152K)] 147401K->105577K(160256K), 0.0021360 secs] [Times: user=0.01 sys=0.00, real=0.00 secs] 
283.346: Total time for which application threads were stopped: 0.0068750 seconds, Stopping threads took: 0.0046690 seconds
283.386: Application time: 0.0398340 seconds
283.387: [GC [PSYoungGen: 49120K->5776K(49152K)] 148073K->104737K(160256K), 0.0018870 secs] [Times: user=0.01 sys=0.00, real=0.00 secs] 
283.389: Total time for which application threads were stopped: 0.0032410 seconds, Stopping threads took: 0.0012820 seconds
283.429: Application time: 0.0394590 seconds
283.431: [GC [PSYoungGen: 48272K->6240K(49152K)] 147233K->105201K(160256K), 0.0019300 secs] [Times: user=0.01 sys=0.00, real=0.00 secs] 
283.433: Total time for which application threads were stopped: 0.0042890 seconds, Stopping threads took: 0.0022790 seconds
283.472: Application time: 0.0387010 seconds
283.473: [GC [PSYoungGen: 48736K->6592K(49152K)] 147697K->105561K(160256K), 0.0020690 secs] [Times: user=0.01 sys=0.00, real=0.00 secs] 
283.475: Total time for which application threads were stopped: 0.0037670 seconds, Stopping threads took: 0.0016170 seconds
283.516: Application time: 0.0404090 seconds
283.518: [GC [PSYoungGen: 49088K->6640K(49152K)] 148057K->105713K(160256K), 0.0021500 secs] [Times: user=0.02 sys=0.00, real=0.01 secs] 
283.520: Total time for which application threads were stopped: 0.0043620 seconds, Stopping threads took: 0.0021310 seconds
283.558: Application time: 0.0381410 seconds
283.561: [GC [PSYoungGen: 49136K->6656K(49152K)] 148209K->106617K(160256K), 0.0024000 secs] [Times: user=0.02 sys=0.00, real=0.00 secs] 
283.563: Total time for which application threads were stopped: 0.0052050 seconds, Stopping threads took: 0.0027170 seconds
283.601: Application time: 0.0376960 seconds
283.602: [GC [PSYoungGen: 49152K->6272K(49152K)] 149113K->106233K(160256K), 0.0019030 secs] [Times: user=0.01 sys=0.00, real=0.00 secs] 
283.604: Total time for which application threads were stopped: 0.0033130 seconds, Stopping threads took: 0.0013300 seconds
283.644: Application time: 0.0395870 seconds
283.646: [GC [PSYoungGen: 48768K->6432K(49152K)] 148729K->106393K(160256K), 0.0019940 secs] [Times: user=0.01 sys=0.00, real=0.01 secs] 
283.648: Total time for which application threads were stopped: 0.0041860 seconds, Stopping threads took: 0.0021110 seconds
283.691: Application time: 0.0427750 seconds
283.694: [GC [PSYoungGen: 48928K->6640K(49152K)] 148889K->106809K(160256K), 0.0021710 secs] [Times: user=0.01 sys=0.00, real=0.00 secs] 
283.696: Total time for which application threads were stopped: 0.0049370 seconds, Stopping threads took: 0.0026720 seconds
283.736: Application time: 0.0405640 seconds
283.740: [GC [PSYoungGen: 49136K->6432K(49152K)] 149305K->106602K(160256K), 0.0020310 secs] [Times: user=0.01 sys=0.00, real=0.00 secs] 
283.742: Total time for which application threads were stopped: 0.0053330 seconds, Stopping threads took: 0.0032190 seconds
283.783: Application time: 0.0415530 seconds
283.786: [GC [PSYoungGen: 48928K->6624K(49152K)] 149098K->107730K(160256K), 0.0025150 secs] [Times: user=0.01 sys=0.00, real=0.01 secs] 
283.789: Total time for which application threads were stopped: 0.0053850 seconds, Stopping threads took: 0.0027680 seconds
283.831: Application time: 0.0425890 seconds
283.832: [GC [PSYoungGen: 49120K->5520K(49152K)] 150226K->106626K(160256K), 0.0019590 secs] [Times: user=0.01 sys=0.00, real=0.00 secs] 
283.834: Total time for which application threads were stopped: 0.0029520 seconds, Stopping threads took: 0.0008900 seconds
283.880: Application time: 0.0455930 seconds
283.882: [GC [PSYoungGen: 48015K->4016K(49152K)] 149121K->105138K(160256K), 0.0015780 secs] [Times: user=0.01 sys=0.00, real=0.00 secs] 
283.884: Total time for which application threads were stopped: 0.0036810 seconds, Stopping threads took: 0.0020310 seconds
283.926: Application time: 0.0419570 seconds
283.928: [GC [PSYoungGen: 46512K->5760K(49152K)] 147634K->106882K(160256K), 0.0021180 secs] [Times: user=0.01 sys=0.00, real=0.00 secs] 
283.930: Total time for which application threads were stopped: 0.0042970 seconds, Stopping threads took: 0.0020790 seconds
283.973: Application time: 0.0428440 seconds
283.975: [GC [PSYoungGen: 48256K->5632K(49152K)] 149378K->106762K(160256K), 0.0017700 secs] [Times: user=0.01 sys=0.00, real=0.00 secs] 
283.977: Total time for which application threads were stopped: 0.0041880 seconds, Stopping threads took: 0.0023330 seconds
284.020: Application time: 0.0428250 seconds
284.022: [GC [PSYoungGen: 48128K->5600K(49152K)] 149258K->106738K(160256K), 0.0017930 secs] [Times: user=0.02 sys=0.00, real=0.00 secs] 
284.024: Total time for which application threads were stopped: 0.0040500 seconds, Stopping threads took: 0.0021790 seconds
284.065: Application time: 0.0416200 seconds
284.068: [GC [PSYoungGen: 48096K->6592K(49152K)] 149234K->107730K(160256K), 0.0020410 secs] [Times: user=0.02 sys=0.00, real=0.00 secs] 
284.070: Total time for which application threads were stopped: 0.0050360 seconds, Stopping threads took: 0.0029130 seconds
284.111: Application time: 0.0408250 seconds
284.113: [GC [PSYoungGen: 49088K->6624K(49152K)] 150226K->108466K(160256K), 0.0022820 secs] [Times: user=0.02 sys=0.00, real=0.00 secs] 
284.116: Total time for which application threads were stopped: 0.0044460 seconds, Stopping threads took: 0.0020780 seconds
284.158: Application time: 0.0422280 seconds
284.161: [GC [PSYoungGen: 49120K->6384K(49152K)] 150962K->108226K(160256K), 0.0019140 secs] [Times: user=0.02 sys=0.00, real=0.00 secs] 
284.163: Total time for which application threads were stopped: 0.0047160 seconds, Stopping threads took: 0.0027220 seconds
284.204: Application time: 0.0411910 seconds
284.206: [GC [PSYoungGen: 48880K->6640K(49152K)] 150722K->108634K(160256K), 0.0021260 secs] [Times: user=0.01 sys=0.00, real=0.01 secs] 
284.208: Total time for which application threads were stopped: 0.0045850 seconds, Stopping threads took: 0.0023780 seconds
284.251: Application time: 0.0425370 seconds
284.253: [GC [PSYoungGen: 49136K->6320K(49152K)] 151130K->108314K(160256K), 0.0020190 secs] [Times: user=0.01 sys=0.00, real=0.00 secs] 
284.255: Total time for which application threads were stopped: 0.0043170 seconds, Stopping threads took: 0.0022140 seconds
284.297: Application time: 0.0416840 seconds
284.300: [GC [PSYoungGen: 48816K->6640K(49152K)] 150810K->109146K(160256K), 0.0023310 secs] [Times: user=0.02 sys=0.00, real=0.00 secs] 
284.302: Total time for which application threads were stopped: 0.0050100 seconds, Stopping threads took: 0.0025920 seconds
284.343: Application time: 0.0409050 seconds
284.345: [GC [PSYoungGen: 49136K->6016K(49152K)] 151642K->108538K(160256K), 0.0018780 secs] [Times: user=0.01 sys=0.00, real=0.01 secs] 
284.347: Total time for which application threads were stopped: 0.0041810 seconds, Stopping threads took: 0.0022080 seconds
284.389: Application time: 0.0419820 seconds
284.392: [GC [PSYoungGen: 48512K->5936K(49152K)] 151034K->108458K(160256K), 0.0018660 secs] [Times: user=0.02 sys=0.00, real=0.00 secs] 
284.394: Total time for which application threads were stopped: 0.0047540 seconds, Stopping threads took: 0.0028020 seconds
284.435: Application time: 0.0406940 seconds
284.436: [GC [PSYoungGen: 48432K->6640K(49152K)] 150954K->109242K(160256K), 0.0021760 secs] [Times: user=0.02 sys=0.00, real=0.00 secs] 
284.438: Total time for which application threads were stopped: 0.0038930 seconds, Stopping threads took: 0.0016250 seconds
284.480: Application time: 0.0411930 seconds
284.482: [GC [PSYoungGen: 49136K->5888K(49152K)] 151738K->108506K(160256K), 0.0018510 secs] [Times: user=0.01 sys=0.00, real=0.00 secs] 
284.484: Total time for which application threads were stopped: 0.0039620 seconds, Stopping threads took: 0.0020250 seconds
284.526: Application time: 0.0422040 seconds
284.529: [GC [PSYoungGen: 48384K->6656K(49152K)] 151002K->109306K(160256K), 0.0023760 secs] [Times: user=0.01 sys=0.00, real=0.00 secs] 
284.531: Total time for which application threads were stopped: 0.0055650 seconds, Stopping threads took: 0.0030980 seconds
284.572: Application time: 0.0408340 seconds
284.575: [GC [PSYoungGen: 49152K->6048K(49152K)] 151802K->108706K(160256K), 0.0018810 secs] [Times: user=0.02 sys=0.00, real=0.00 secs] 
284.577: Total time for which application threads were stopped: 0.0048340 seconds, Stopping threads took: 0.0028710 seconds
284.619: Application time: 0.0420820 seconds
284.622: [GC [PSYoungGen: 48544K->6400K(49152K)] 151202K->109074K(160256K), 0.0019500 secs] [Times: user=0.01 sys=0.00, real=0.00 secs] 
284.624: Total time for which application threads were stopped: 0.0048050 seconds, Stopping threads took: 0.0027680 seconds
284.665: Application time: 0.0408560 seconds
284.667: [GC [PSYoungGen: 48896K->6624K(49152K)] 151570K->109322K(160256K), 0.0021670 secs] [Times: user=0.01 sys=0.00, real=0.00 secs] 
284.669: Total time for which application threads were stopped: 0.0047160 seconds, Stopping threads took: 0.0024450 seconds
284.710: Application time: 0.0403890 seconds
284.712: [GC [PSYoungGen: 49120K->5168K(49152K)] 151818K->107866K(160256K), 0.0017110 secs] [Times: user=0.01 sys=0.00, real=0.00 secs] 
284.714: Total time for which application threads were stopped: 0.0036820 seconds, Stopping threads took: 0.0018910 seconds
284.755: Application time: 0.0418830 seconds
284.757: [GC [PSYoungGen: 47664K->5680K(49152K)] 150362K->108386K(160256K), 0.0018340 secs] [Times: user=0.01 sys=0.00, real=0.01 secs] 
284.759: Total time for which application threads were stopped: 0.0033030 seconds, Stopping threads took: 0.0013850 seconds
284.801: Application time: 0.0417840 seconds
284.801: [GC [PSYoungGen: 48176K->5728K(49152K)] 150882K->108434K(160256K), 0.0018340 secs] [Times: user=0.01 sys=0.00, real=0.00 secs] 
284.803: Total time for which application threads were stopped: 0.0027680 seconds, Stopping threads took: 0.0008550 seconds
284.845: Application time: 0.0417790 seconds
284.848: [GC [PSYoungGen: 48224K->6048K(49152K)] 150930K->108754K(160256K), 0.0021150 secs] [Times: user=0.01 sys=0.00, real=0.00 secs] 
284.850: Total time for which application threads were stopped: 0.0052570 seconds, Stopping threads took: 0.0030550 seconds
284.891: Application time: 0.0409390 seconds
284.894: [GC [PSYoungGen: 48544K->6656K(49152K)] 151250K->110226K(160256K), 0.0024140 secs] [Times: user=0.02 sys=0.00, real=0.00 secs] 
284.896: Total time for which application threads were stopped: 0.0051790 seconds, Stopping threads took: 0.0026790 seconds
284.936: Application time: 0.0399510 seconds
284.939: [GC [PSYoungGen: 49152K->6656K(49152K)] 152722K->110946K(160256K), 0.0023430 secs] [Times: user=0.01 sys=0.00, real=0.00 secs] 
284.941: Total time for which application threads were stopped: 0.0048410 seconds, Stopping threads took: 0.0024140 seconds
284.981: Application time: 0.0401610 seconds
284.983: [GC [PSYoungGen: 49152K->6640K(49152K)] 153442K->111482K(160256K), 0.0022380 secs] [Times: user=0.01 sys=0.00, real=0.00 secs] 
284.985: Total time for which application threads were stopped: 0.0040400 seconds, Stopping threads took: 0.0017200 seconds
285.026: Application time: 0.0408810 seconds
285.029: [GC [PSYoungGen: 49136K->6640K(49152K)] 153978K->112730K(160256K), 0.0024510 secs] [Times: user=0.01 sys=0.00, real=0.00 secs] 
285.031: Total time for which application threads were stopped: 0.0050840 seconds, Stopping threads took: 0.0025440 seconds
285.073: Application time: 0.0419210 seconds
285.075: [GC [PSYoungGen: 49136K->5808K(49152K)] 155226K->111906K(160256K), 0.0019870 secs] [Times: user=0.01 sys=0.00, real=0.00 secs] 
285.077: Total time for which application threads were stopped: 0.0038550 seconds, Stopping threads took: 0.0017820 seconds
285.117: Application time: 0.0401310 seconds
285.120: [GC [PSYoungGen: 48304K->6656K(49152K)] 154402K->113122K(160256K), 0.0020960 secs] [Times: user=0.02 sys=0.00, real=0.00 secs] 
285.122: Total time for which application threads were stopped: 0.0049710 seconds, Stopping threads took: 0.0027960 seconds
285.164: Application time: 0.0412540 seconds
285.165: [GC [PSYoungGen: 49152K->6528K(49152K)] 155618K->113002K(160256K), 0.0020050 secs] [Times: user=0.01 sys=0.00, real=0.01 secs] 
285.168: Total time for which application threads were stopped: 0.0039550 seconds, Stopping threads took: 0.0018710 seconds
285.208: Application time: 0.0401700 seconds
285.209: [GC [PSYoungGen: 49024K->5360K(49152K)] 155498K->111834K(160256K), 0.0017210 secs] [Times: user=0.01 sys=0.00, real=0.00 secs] 
285.211: Total time for which application threads were stopped: 0.0032790 seconds, Stopping threads took: 0.0014860 seconds
285.255: Application time: 0.0435770 seconds
285.256: [GC [PSYoungGen: 47856K->5264K(49152K)] 154330K->111746K(160256K), 0.0017400 secs] [Times: user=0.01 sys=0.00, real=0.00 secs] 
285.258: Total time for which application threads were stopped: 0.0035030 seconds, Stopping threads took: 0.0016840 seconds
285.301: Application time: 0.0424610 seconds
285.303: [GC [PSYoungGen: 47760K->6496K(49152K)] 154242K->112978K(160256K), 0.0020150 secs] [Times: user=0.01 sys=0.00, real=0.00 secs] 
285.305: Total time for which application threads were stopped: 0.0046790 seconds, Stopping threads took: 0.0025830 seconds
285.345: Application time: 0.0399840 seconds
285.348: [GC [PSYoungGen: 48992K->6480K(49152K)] 155474K->112970K(160256K), 0.0020410 secs] [Times: user=0.02 sys=0.00, real=0.00 secs] 
285.350: Total time for which application threads were stopped: 0.0051780 seconds, Stopping threads took: 0.0030550 seconds
285.392: Application time: 0.0412730 seconds
285.394: [GC [PSYoungGen: 48976K->6400K(49152K)] 155466K->112890K(160256K), 0.0019590 secs] [Times: user=0.02 sys=0.00, real=0.00 secs] 
285.396: Total time for which application threads were stopped: 0.0039840 seconds, Stopping threads took: 0.0019350 seconds
285.435: Application time: 0.0394410 seconds
285.437: [GC [PSYoungGen: 48896K->6640K(49152K)] 155386K->113146K(160256K), 0.0020270 secs] [Times: user=0.01 sys=0.00, real=0.01 secs] 
285.439: Total time for which application threads were stopped: 0.0042930 seconds, Stopping threads took: 0.0021830 seconds
285.482: Application time: 0.0430670 seconds
285.484: [GC [PSYoungGen: 49136K->5648K(49152K)] 155642K->112154K(160256K), 0.0018200 secs] [Times: user=0.01 sys=0.00, real=0.00 secs] 
285.486: Total time for which application threads were stopped: 0.0037710 seconds, Stopping threads took: 0.0018620 seconds
285.528: Application time: 0.0422430 seconds
285.530: [GC [PSYoungGen: 48143K->5056K(49152K)] 154650K->111570K(160256K), 0.0017310 secs] [Times: user=0.01 sys=0.00, real=0.00 secs] 
285.532: Total time for which application threads were stopped: 0.0035560 seconds, Stopping threads took: 0.0017360 seconds
285.572: Application time: 0.0396520 seconds
285.573: [GC [PSYoungGen: 47552K->6640K(49152K)] 154066K->113362K(160256K), 0.0021890 secs] [Times: user=0.01 sys=0.00, real=0.00 secs] 
285.575: Total time for which application threads were stopped: 0.0035900 seconds, Stopping threads took: 0.0013130 seconds
285.617: Application time: 0.0412650 seconds
285.619: [GC [PSYoungGen: 49136K->6640K(49152K)] 155858K->114402K(160256K), 0.0023890 secs] [Times: user=0.01 sys=0.00, real=0.00 secs] 
285.622: Total time for which application threads were stopped: 0.0051040 seconds, Stopping threads took: 0.0026230 seconds
285.663: Application time: 0.0409480 seconds
285.665: [GC [PSYoungGen: 49136K->5952K(49152K)] 156898K->113722K(160256K), 0.0019780 secs] [Times: user=0.01 sys=0.00, real=0.01 secs] 
285.667: Total time for which application threads were stopped: 0.0040380 seconds, Stopping threads took: 0.0019790 seconds
285.708: Application time: 0.0413500 seconds
285.711: [GC [PSYoungGen: 48448K->5824K(49152K)] 156218K->113602K(160256K), 0.0018100 secs] [Times: user=0.01 sys=0.00, real=0.00 secs] 
285.712: Total time for which application threads were stopped: 0.0044100 seconds, Stopping threads took: 0.0025060 seconds
285.755: Application time: 0.0423300 seconds
285.757: [GC [PSYoungGen: 48320K->5616K(49152K)] 156098K->113410K(160256K), 0.0017550 secs] [Times: user=0.02 sys=0.00, real=0.01 secs] 
285.759: Total time for which application threads were stopped: 0.0039490 seconds, Stopping threads took: 0.0021130 seconds
285.799: Application time: 0.0407320 seconds
285.802: [GC [PSYoungGen: 48112K->6624K(49152K)] 155906K->114730K(160256K), 0.0022270 secs] [Times: user=0.02 sys=0.00, real=0.00 secs] 
285.804: Total time for which application threads were stopped: 0.0046110 seconds, Stopping threads took: 0.0022960 seconds
285.845: Application time: 0.0410970 seconds
285.847: [GC [PSYoungGen: 49120K->5392K(49152K)] 157226K->113498K(160256K), 0.0017400 secs] [Times: user=0.01 sys=0.00, real=0.00 secs] 
285.848: Total time for which application threads were stopped: 0.0032250 seconds, Stopping threads took: 0.0014080 seconds
285.891: Application time: 0.0429290 seconds
285.893: [GC [PSYoungGen: 47888K->5616K(49152K)] 155994K->113738K(160256K), 0.0018220 secs] [Times: user=0.02 sys=0.00, real=0.00 secs] 
285.895: Total time for which application threads were stopped: 0.0039970 seconds, Stopping threads took: 0.0020930 seconds
285.935: Application time: 0.0400680 seconds
285.937: [GC [PSYoungGen: 48112K->6592K(49152K)] 156234K->114714K(160256K), 0.0020990 secs] [Times: user=0.02 sys=0.00, real=0.01 secs] 
285.939: Total time for which application threads were stopped: 0.0040690 seconds, Stopping threads took: 0.0018760 seconds
285.981: Application time: 0.0415080 seconds
285.983: [GC [PSYoungGen: 49088K->5584K(49152K)] 157210K->113714K(160256K), 0.0019630 secs] [Times: user=0.01 sys=0.00, real=0.00 secs] 
285.985: Total time for which application threads were stopped: 0.0036260 seconds, Stopping threads took: 0.0015670 seconds
286.026: Application time: 0.0414410 seconds
286.028: [GC [PSYoungGen: 48078K->6048K(49152K)] 156208K->114178K(160256K), 0.0019190 secs] [Times: user=0.01 sys=0.00, real=0.00 secs] 
286.030: Total time for which application threads were stopped: 0.0038450 seconds, Stopping threads took: 0.0018420 seconds
286.073: Application time: 0.0426820 seconds
286.074: [GC [PSYoungGen: 48544K->5936K(49152K)] 156674K->114074K(160256K), 0.0018660 secs] [Times: user=0.01 sys=0.00, real=0.00 secs] 
286.076: Total time for which application threads were stopped: 0.0037850 seconds, Stopping threads took: 0.0018370 seconds
286.117: Application time: 0.0406530 seconds
286.120: [GC [PSYoungGen: 48432K->6656K(49152K)] 156570K->115402K(160256K), 0.0022610 secs] [Times: user=0.01 sys=0.00, real=0.00 secs] 
286.122: Total time for which application threads were stopped: 0.0049210 seconds, Stopping threads took: 0.0025740 seconds
286.163: Application time: 0.0406600 seconds
286.164: [GC [PSYoungGen: 49152K->6384K(49152K)] 157898K->115130K(160256K), 0.0020400 secs] [Times: user=0.02 sys=0.00, real=0.00 secs] 
286.166: Total time for which application threads were stopped: 0.0033890 seconds, Stopping threads took: 0.0012620 seconds
286.207: Application time: 0.0414000 seconds
286.210: [GC [PSYoungGen: 48880K->6352K(49152K)] 157626K->115106K(160256K), 0.0019020 secs] [Times: user=0.01 sys=0.00, real=0.00 secs] 
286.212: Total time for which application threads were stopped: 0.0044960 seconds, Stopping threads took: 0.0025100 seconds
286.254: Application time: 0.0417290 seconds
286.255: [GC [PSYoungGen: 48847K->5792K(49152K)] 157602K->114546K(160256K), 0.0019300 secs] [Times: user=0.02 sys=0.00, real=0.00 secs] 
286.257: Total time for which application threads were stopped: 0.0032370 seconds, Stopping threads took: 0.0012200 seconds
286.297: Application time: 0.0398670 seconds
286.298: [GC [PSYoungGen: 48288K->6656K(49152K)] 157042K->116754K(160256K), 0.0024920 secs] [Times: user=0.02 sys=0.00, real=0.01 secs] 
286.301: [Full GC [PSYoungGen: 6656K->0K(49152K)] [ParOldGen: 110098K->11029K(111104K)] 116754K->11029K(160256K) [PSPermGen: 5184K->5184K(21504K)], 0.0067680 secs] [Times: user=0.03 sys=0.01, real=0.01 secs] 
286.308: Total time for which application threads were stopped: 0.0108170 seconds, Stopping threads took: 0.0014150 seconds
286.348: Application time: 0.0407650 seconds
286.350: [GC [PSYoungGen: 42495K->6656K(49152K)] 53525K->18701K(160256K), 0.0023490 secs] [Times: user=0.02 sys=0.00, real=0.00 secs] 
286.353: Total time for which application threads were stopped: 0.0044390 seconds, Stopping threads took: 0.0019990 seconds
286.393: Application time: 0.0401180 seconds
286.395: [GC [PSYoungGen: 49152K->6656K(49152K)] 61197K->18725K(160256K), 0.0020260 secs] [Times: user=0.01 sys=0.00, real=0.00 secs] 
286.397: Total time for which application threads were stopped: 0.0037510 seconds, Stopping threads took: 0.0016340 seconds
286.437: Application time: 0.0408130 seconds
286.440: [GC [PSYoungGen: 49152K->6592K(49152K)] 61221K->18661K(160256K), 0.0018640 secs] [Times: user=0.01 sys=0.00, real=0.00 secs] 
286.442: Total time for which application threads were stopped: 0.0047470 seconds, Stopping threads took: 0.0027940 seconds
286.484: Application time: 0.0422500 seconds
286.487: [GC [PSYoungGen: 49088K->6624K(49152K)] 61157K->18693K(160256K), 0.0020100 secs] [Times: user=0.01 sys=0.00, real=0.00 secs] 
286.489: Total time for which application threads were stopped: 0.0048990 seconds, Stopping threads took: 0.0028070 seconds
286.530: Application time: 0.0402110 seconds
286.531: [GC [PSYoungGen: 49120K->6656K(49152K)] 61189K->19501K(160256K), 0.0022290 secs] [Times: user=0.01 sys=0.00, real=0.00 secs] 
286.534: Total time for which application threads were stopped: 0.0040900 seconds, Stopping threads took: 0.0017670 seconds
286.574: Application time: 0.0406070 seconds
286.577: [GC [PSYoungGen: 49152K->6640K(49152K)] 61997K->20185K(160256K), 0.0024400 secs] [Times: user=0.01 sys=0.00, real=0.01 secs] 
286.579: Total time for which application threads were stopped: 0.0048580 seconds, Stopping threads took: 0.0023290 seconds
286.619: Application time: 0.0394660 seconds
286.620: [GC [PSYoungGen: 49136K->6640K(49152K)] 62681K->20769K(160256K), 0.0020230 secs] [Times: user=0.01 sys=0.00, real=0.00 secs] 
286.622: Total time for which application threads were stopped: 0.0035960 seconds, Stopping threads took: 0.0015010 seconds
286.665: Application time: 0.0425370 seconds
286.667: [GC [PSYoungGen: 49136K->6640K(49152K)] 63265K->22273K(160256K), 0.0025070 secs] [Times: user=0.02 sys=0.00, real=0.00 secs] 
286.669: Total time for which application threads were stopped: 0.0047890 seconds, Stopping threads took: 0.0021940 seconds
286.710: Application time: 0.0404810 seconds
286.712: [GC [PSYoungGen: 49136K->6656K(49152K)] 64769K->22537K(160256K), 0.0020460 secs] [Times: user=0.01 sys=0.00, real=0.00 secs] 
286.714: Total time for which application threads were stopped: 0.0039970 seconds, Stopping threads took: 0.0018540 seconds
286.756: Application time: 0.0422500 seconds
286.759: [GC [PSYoungGen: 49152K->6640K(49152K)] 65033K->23217K(160256K), 0.0022390 secs] [Times: user=0.02 sys=0.00, real=0.00 secs] 
286.762: Total time for which application threads were stopped: 0.0053780 seconds, Stopping threads took: 0.0030320 seconds
286.801: Application time: 0.0393040 seconds
286.802: [GC [PSYoungGen: 49136K->6624K(49152K)] 65713K->24265K(160256K), 0.0023240 secs] [Times: user=0.01 sys=0.00, real=0.00 secs] 
286.805: Total time for which application threads were stopped: 0.0039130 seconds, Stopping threads took: 0.0014980 seconds
286.846: Application time: 0.0409860 seconds
286.848: [GC [PSYoungGen: 49120K->5152K(49152K)] 66761K->22793K(160256K), 0.0014390 secs] [Times: user=0.01 sys=0.00, real=0.00 secs] 
286.849: Total time for which application threads were stopped: 0.0033730 seconds, Stopping threads took: 0.0018570 seconds
286.889: Application time: 0.0400440 seconds
286.891: [GC [PSYoungGen: 47648K->6624K(49152K)] 65289K->24305K(160256K), 0.0019780 secs] [Times: user=0.02 sys=0.00, real=0.00 secs] 
286.893: Total time for which application threads were stopped: 0.0039330 seconds, Stopping threads took: 0.0018720 seconds
286.933: Application time: 0.0399870 seconds
286.936: [GC [PSYoungGen: 49120K->6624K(49152K)] 66801K->24337K(160256K), 0.0020200 secs] [Times: user=0.02 sys=0.00, real=0.00 secs] 
286.938: Total time for which application threads were stopped: 0.0047370 seconds, Stopping threads took: 0.0026360 seconds
286.978: Application time: 0.0399630 seconds
286.980: [GC [PSYoungGen: 49120K->6624K(49152K)] 66833K->25137K(160256K), 0.0023530 secs] [Times: user=0.02 sys=0.00, real=0.00 secs] 
286.982: Total time for which application threads were stopped: 0.0045560 seconds, Stopping threads took: 0.0021110 seconds
287.022: Application time: 0.0399680 seconds
287.024: [GC [PSYoungGen: 49120K->6640K(49152K)] 67633K->25905K(160256K), 0.0021850 secs] [Times: user=0.02 sys=0.00, real=0.00 secs] 
287.026: Total time for which application threads were stopped: 0.0034570 seconds, Stopping threads took: 0.0011810 seconds
287.066: Application time: 0.0404850 seconds
287.069: [GC [PSYoungGen: 49136K->6624K(49152K)] 68401K->26745K(160256K), 0.0022010 secs] [Times: user=0.01 sys=0.00, real=0.00 secs] 
287.072: Total time for which application threads were stopped: 0.0052060 seconds, Stopping threads took: 0.0029180 seconds
287.111: Application time: 0.0397220 seconds
287.114: [GC [PSYoungGen: 49119K->6640K(49152K)] 69241K->26929K(160256K), 0.0019770 secs] [Times: user=0.01 sys=0.00, real=0.00 secs] 
287.116: Total time for which application threads were stopped: 0.0045520 seconds, Stopping threads took: 0.0024930 seconds
287.157: Application time: 0.0411800 seconds
287.158: [GC [PSYoungGen: 49136K->6640K(49152K)] 69425K->27337K(160256K), 0.0021860 secs] [Times: user=0.02 sys=0.00, real=0.01 secs] 
287.161: Total time for which application threads were stopped: 0.0035140 seconds, Stopping threads took: 0.0012390 seconds
287.202: Application time: 0.0411910 seconds
287.203: [GC [PSYoungGen: 49136K->6640K(49152K)] 69833K->27413K(160256K), 0.0020830 secs] [Times: user=0.01 sys=0.00, real=0.00 secs] 
287.206: Total time for which application threads were stopped: 0.0038380 seconds, Stopping threads took: 0.0016650 seconds
287.246: Application time: 0.0400010 seconds
287.248: [GC [PSYoungGen: 49135K->6656K(49152K)] 69908K->28829K(160256K), 0.0024670 secs] [Times: user=0.02 sys=0.00, real=0.00 secs] 
287.250: Total time for which application threads were stopped: 0.0048260 seconds, Stopping threads took: 0.0022720 seconds
287.290: Application time: 0.0392580 seconds
287.291: [GC [PSYoungGen: 49152K->6640K(49152K)] 71325K->28829K(160256K), 0.0020370 secs] [Times: user=0.01 sys=0.00, real=0.00 secs] 
287.293: Total time for which application threads were stopped: 0.0034050 seconds, Stopping threads took: 0.0012880 seconds
287.332: Application time: 0.0392470 seconds
287.335: [GC [PSYoungGen: 49136K->6064K(49152K)] 71325K->28253K(160256K), 0.0020520 secs] [Times: user=0.01 sys=0.00, real=0.00 secs] 
287.337: Total time for which application threads were stopped: 0.0049060 seconds, Stopping threads took: 0.0027460 seconds
287.379: Application time: 0.0412890 seconds
287.381: [GC [PSYoungGen: 48560K->5568K(49152K)] 70749K->27757K(160256K), 0.0017210 secs] [Times: user=0.01 sys=0.00, real=0.00 secs] 
287.382: Total time for which application threads were stopped: 0.0039190 seconds, Stopping threads took: 0.0021160 seconds
287.425: Application time: 0.0422100 seconds
287.427: [GC [PSYoungGen: 48062K->5568K(49152K)] 70252K->27765K(160256K), 0.0018380 secs] [Times: user=0.01 sys=0.00, real=0.00 secs] 
287.429: Total time for which application threads were stopped: 0.0038880 seconds, Stopping threads took: 0.0019730 seconds
287.470: Application time: 0.0417130 seconds
287.473: [GC [PSYoungGen: 48064K->5424K(49152K)] 70261K->27629K(160256K), 0.0016700 secs] [Times: user=0.01 sys=0.00, real=0.00 secs] 
287.475: Total time for which application threads were stopped: 0.0043740 seconds, Stopping threads took: 0.0026250 seconds
287.517: Application time: 0.0421420 seconds
287.518: [GC [PSYoungGen: 47920K->6352K(49152K)] 70125K->28557K(160256K), 0.0019700 secs] [Times: user=0.01 sys=0.01, real=0.01 secs] 
287.520: Total time for which application threads were stopped: 0.0037050 seconds, Stopping threads took: 0.0016430 seconds
287.561: Application time: 0.0405860 seconds
287.563: [GC [PSYoungGen: 48848K->6640K(49152K)] 71053K->29621K(160256K), 0.0022070 secs] [Times: user=0.01 sys=0.00, real=0.00 secs] 
287.565: Total time for which application threads were stopped: 0.0043400 seconds, Stopping threads took: 0.0020600 seconds
287.611: Application time: 0.0454940 seconds
287.612: [GC [PSYoungGen: 49136K->4720K(49152K)] 72117K->27701K(160256K), 0.0014760 secs] [Times: user=0.01 sys=0.00, real=0.00 secs] 
287.614: Total time for which application threads were stopped: 0.0028390 seconds, Stopping threads took: 0.0012870 seconds
287.653: Application time: 0.0397090 seconds
287.656: [GC [PSYoungGen: 47216K->6640K(49152K)] 70197K->29973K(160256K), 0.0019810 secs] [Times: user=0.01 sys=0.00, real=0.00 secs] 
287.658: Total time for which application threads were stopped: 0.0044170 seconds, Stopping threads took: 0.0023530 seconds
287.698: Application time: 0.0396500 seconds
287.700: [GC [PSYoungGen: 49136K->6656K(49152K)] 72469K->30293K(160256K), 0.0021890 secs] [Times: user=0.01 sys=0.00, real=0.00 secs] 
287.702: Total time for which application threads were stopped: 0.0044530 seconds, Stopping threads took: 0.0021840 seconds
287.740: Application time: 0.0380210 seconds
287.743: [GC [PSYoungGen: 49152K->6640K(49152K)] 72789K->30510K(160256K), 0.0020720 secs] [Times: user=0.01 sys=0.00, real=0.00 secs] 
287.745: Total time for which application threads were stopped: 0.0047370 seconds, Stopping threads took: 0.0025810 seconds
287.784: Application time: 0.0389690 seconds
287.785: [GC [PSYoungGen: 49136K->5376K(49152K)] 73006K->29245K(160256K), 0.0016320 secs] [Times: user=0.01 sys=0.00, real=0.00 secs] 
287.786: Total time for which application threads were stopped: 0.0026480 seconds, Stopping threads took: 0.0009310 seconds
287.824: Application time: 0.0381220 seconds
287.826: [GC [PSYoungGen: 47872K->6656K(49152K)] 71741K->30790K(160256K), 0.0021530 secs] [Times: user=0.01 sys=0.01, real=0.01 secs] 
287.829: Total time for which application threads were stopped: 0.0041540 seconds, Stopping threads took: 0.0019120 seconds
287.868: Application time: 0.0389040 seconds
287.870: [GC [PSYoungGen: 49152K->5696K(49152K)] 73286K->29830K(160256K), 0.0017040 secs] [Times: user=0.01 sys=0.00, real=0.00 secs] 
287.872: Total time for which application threads were stopped: 0.0045310 seconds, Stopping threads took: 0.0027480 seconds
287.910: Application time: 0.0379200 seconds
287.913: [GC [PSYoungGen: 48192K->6640K(49152K)] 72326K->31014K(160256K), 0.0019840 secs] [Times: user=0.01 sys=0.00, real=0.00 secs] 
287.915: Total time for which application threads were stopped: 0.0047250 seconds, Stopping threads took: 0.0026470 seconds
287.953: Application time: 0.0386670 seconds
287.956: [GC [PSYoungGen: 49136K->6656K(49152K)] 73510K->31214K(160256K), 0.0020540 secs] [Times: user=0.02 sys=0.00, real=0.00 secs] 
287.958: Total time for which application threads were stopped: 0.0044550 seconds, Stopping threads took: 0.0023210 seconds
287.995: Application time: 0.0375600 seconds
287.997: [GC [PSYoungGen: 49152K->6640K(49152K)] 73710K->31310K(160256K), 0.0020170 secs] [Times: user=0.01 sys=0.00, real=0.01 secs] 
287.999: Total time for which application threads were stopped: 0.0037120 seconds, Stopping threads took: 0.0016090 seconds
288.037: Application time: 0.0380780 seconds
288.039: [GC [PSYoungGen: 49136K->6640K(49152K)] 73806K->31414K(160256K), 0.0019880 secs] [Times: user=0.01 sys=0.00, real=0.00 secs] 
288.041: Total time for which application threads were stopped: 0.0040380 seconds, Stopping threads took: 0.0019610 seconds
288.079: Application time: 0.0378840 seconds
288.081: [GC [PSYoungGen: 49136K->6320K(49152K)] 73910K->31110K(160256K), 0.0018730 secs] [Times: user=0.01 sys=0.00, real=0.00 secs] 
288.083: Total time for which application threads were stopped: 0.0038880 seconds, Stopping threads took: 0.0019360 seconds
288.125: Application time: 0.0417240 seconds
288.127: [GC [PSYoungGen: 48816K->5792K(49152K)] 73606K->30582K(160256K), 0.0017100 secs] [Times: user=0.02 sys=0.00, real=0.00 secs] 
288.128: Total time for which application threads were stopped: 0.0036970 seconds, Stopping threads took: 0.0019150 seconds
288.167: Application time: 0.0384110 seconds
288.170: [GC [PSYoungGen: 48288K->6656K(49152K)] 73078K->31870K(160256K), 0.0020860 secs] [Times: user=0.02 sys=0.00, real=0.00 secs] 
288.173: Total time for which application threads were stopped: 0.0063030 seconds, Stopping threads took: 0.0026570 seconds
288.211: Application time: 0.0375170 seconds
288.213: [GC [PSYoungGen: 49152K->6656K(49152K)] 74366K->32606K(160256K), 0.0021900 secs] [Times: user=0.02 sys=0.00, real=0.00 secs] 
288.216: Total time for which application threads were stopped: 0.0048580 seconds, Stopping threads took: 0.0025790 seconds
288.254: Application time: 0.0384410 seconds
288.256: [GC [PSYoungGen: 49152K->6640K(49152K)] 75102K->32598K(160256K), 0.0019130 secs] [Times: user=0.01 sys=0.00, real=0.00 secs] 
288.258: Total time for which application threads were stopped: 0.0039110 seconds, Stopping threads took: 0.0019120 seconds
288.295: Application time: 0.0369450 seconds
288.297: [GC [PSYoungGen: 49136K->6656K(49152K)] 75094K->32798K(160256K), 0.0020480 secs] [Times: user=0.01 sys=0.00, real=0.01 secs] 
288.299: Total time for which application threads were stopped: 0.0040980 seconds, Stopping threads took: 0.0019700 seconds
288.338: Application time: 0.0391080 seconds
288.340: [GC [PSYoungGen: 49152K->6304K(49152K)] 75294K->32454K(160256K), 0.0019670 secs] [Times: user=0.01 sys=0.00, real=0.00 secs] 
288.342: Total time for which application threads were stopped: 0.0042260 seconds, Stopping threads took: 0.0021800 seconds
288.384: Application time: 0.0414580 seconds
288.386: [GC [PSYoungGen: 48800K->5824K(49152K)] 74950K->31982K(160256K), 0.0017750 secs] [Times: user=0.02 sys=0.00, real=0.01 secs] 
288.388: Total time for which application threads were stopped: 0.0042190 seconds, Stopping threads took: 0.0023740 seconds
288.428: Application time: 0.0402510 seconds
288.430: [GC [PSYoungGen: 48320K->5792K(49152K)] 74478K->31950K(160256K), 0.0016840 secs] [Times: user=0.01 sys=0.00, real=0.00 secs] 
288.432: Total time for which application threads were stopped: 0.0033950 seconds, Stopping threads took: 0.0016340 seconds
288.472: Application time: 0.0408200 seconds
288.474: [GC [PSYoungGen: 48288K->5728K(49152K)] 74446K->31894K(160256K), 0.0017600 secs] [Times: user=0.02 sys=0.00, real=0.00 secs] 
288.476: Total time for which application threads were stopped: 0.0031210 seconds, Stopping threads took: 0.0012850 seconds
288.515: Application time: 0.0395310 seconds
288.518: [GC [PSYoungGen: 48224K->6064K(49152K)] 74390K->32246K(160256K), 0.0018020 secs] [Times: user=0.02 sys=0.00, real=0.01 secs] 
288.520: Total time for which application threads were stopped: 0.0047150 seconds, Stopping threads took: 0.0028320 seconds
288.557: Application time: 0.0370040 seconds
288.560: [GC [PSYoungGen: 48560K->6656K(49152K)] 74742K->33582K(160256K), 0.0021770 secs] [Times: user=0.01 sys=0.00, real=0.00 secs] 
288.562: Total time for which application threads were stopped: 0.0050070 seconds, Stopping threads took: 0.0027330 seconds
288.600: Application time: 0.0383160 seconds
288.603: [GC [PSYoungGen: 49152K->6336K(49152K)] 76078K->33262K(160256K), 0.0018330 secs] [Times: user=0.02 sys=0.00, real=0.00 secs] 
288.604: Total time for which application threads were stopped: 0.0043120 seconds, Stopping threads took: 0.0023990 seconds
288.642: Application time: 0.0374590 seconds
288.644: [GC [PSYoungGen: 48832K->6656K(49152K)] 75758K->34862K(160256K), 0.0024220 secs] [Times: user=0.02 sys=0.00, real=0.00 secs] 
288.647: Total time for which application threads were stopped: 0.0046190 seconds, Stopping threads took: 0.0021010 seconds
288.684: Application time: 0.0378110 seconds
288.686: [GC [PSYoungGen: 49152K->6624K(49152K)] 77358K->34942K(160256K), 0.0019740 secs] [Times: user=0.01 sys=0.00, real=0.01 secs] 
288.688: Total time for which application threads were stopped: 0.0039440 seconds, Stopping threads took: 0.0018870 seconds
288.727: Application time: 0.0389840 seconds
288.728: [GC [PSYoungGen: 49120K->5888K(49152K)] 77438K->34206K(160256K), 0.0018110 secs] [Times: user=0.01 sys=0.00, real=0.00 secs] 
288.730: Total time for which application threads were stopped: 0.0027140 seconds, Stopping threads took: 0.0008260 seconds
288.768: Application time: 0.0383900 seconds
288.770: [GC [PSYoungGen: 48384K->6640K(49152K)] 76702K->35222K(160256K), 0.0021450 secs] [Times: user=0.02 sys=0.00, real=0.00 secs] 
288.772: Total time for which application threads were stopped: 0.0037720 seconds, Stopping threads took: 0.0015400 seconds
288.811: Application time: 0.0386530 seconds
288.812: [GC [PSYoungGen: 49136K->6272K(49152K)] 77718K->34862K(160256K), 0.0019280 secs] [Times: user=0.01 sys=0.00, real=0.00 secs] 
288.814: Total time for which application threads were stopped: 0.0030740 seconds, Stopping threads took: 0.0010700 seconds
288.853: Application time: 0.0391030 seconds
288.855: [GC [PSYoungGen: 48768K->6624K(49152K)] 77358K->35222K(160256K), 0.0019680 secs] [Times: user=0.01 sys=0.00, real=0.00 secs] 
288.857: Total time for which application threads were stopped: 0.0036170 seconds, Stopping threads took: 0.0015690 seconds
288.896: Application time: 0.0392700 seconds
288.897: [GC [PSYoungGen: 49120K->5920K(49152K)] 77718K->34534K(160256K), 0.0017900 secs] [Times: user=0.01 sys=0.00, real=0.01 secs] 
288.899: Total time for which application threads were stopped: 0.0033420 seconds, Stopping threads took: 0.0014730 seconds
288.940: Application time: 0.0402990 seconds
288.941: [GC [PSYoungGen: 48416K->6624K(49152K)] 77030K->35238K(160256K), 0.0019680 secs] [Times: user=0.02 sys=0.00, real=0.00 secs] 
288.943: Total time for which application threads were stopped: 0.0034710 seconds, Stopping threads took: 0.0014250 seconds
288.981: Application time: 0.0383800 seconds
288.983: [GC [PSYoungGen: 49120K->6624K(49152K)] 77734K->35886K(160256K), 0.0021110 secs] [Times: user=0.01 sys=0.00, real=0.00 secs] 
288.985: Total time for which application threads were stopped: 0.0037420 seconds, Stopping threads took: 0.0015460 seconds
289.021: Application time: 0.0362870 seconds
289.024: [GC [PSYoungGen: 49120K->6624K(49152K)] 78382K->36278K(160256K), 0.0021050 secs] [Times: user=0.01 sys=0.01, real=0.00 secs] 
289.026: Total time for which application threads were stopped: 0.0045280 seconds, Stopping threads took: 0.0023200 seconds
289.064: Application time: 0.0379700 seconds
289.065: [GC [PSYoungGen: 49120K->6080K(49152K)] 78774K->35742K(160256K), 0.0018140 secs] [Times: user=0.02 sys=0.00, real=0.01 secs] 
289.067: Total time for which application threads were stopped: 0.0030560 seconds, Stopping threads took: 0.0011310 seconds
289.107: Application time: 0.0396760 seconds
289.109: [GC [PSYoungGen: 48576K->6640K(49152K)] 78238K->36470K(160256K), 0.0019420 secs] [Times: user=0.02 sys=0.00, real=0.00 secs] 
289.111: Total time for which application threads were stopped: 0.0043200 seconds, Stopping threads took: 0.0023040 seconds
289.149: Application time: 0.0383960 seconds
289.151: [GC [PSYoungGen: 49136K->6640K(49152K)] 78966K->36566K(160256K), 0.0020220 secs] [Times: user=0.01 sys=0.00, real=0.00 secs] 
289.153: Total time for which application threads were stopped: 0.0037160 seconds, Stopping threads took: 0.0016090 seconds
289.191: Application time: 0.0378450 seconds
289.192: [GC [PSYoungGen: 49136K->6624K(49152K)] 79062K->36950K(160256K), 0.0020810 secs] [Times: user=0.02 sys=0.00, real=0.00 secs] 
289.195: Total time for which application threads were stopped: 0.0036320 seconds, Stopping threads took: 0.0014690 seconds
289.233: Application time: 0.0383790 seconds
289.235: [GC [PSYoungGen: 49120K->6640K(49152K)] 79446K->37646K(160256K), 0.0021880 secs] [Times: user=0.02 sys=0.00, real=0.00 secs] 
289.237: Total time for which application threads were stopped: 0.0042180 seconds, Stopping threads took: 0.0019440 seconds
289.275: Application time: 0.0379010 seconds
289.277: [GC [PSYoungGen: 49136K->6640K(49152K)] 80142K->38158K(160256K), 0.0021230 secs] [Times: user=0.01 sys=0.00, real=0.01 secs] 
289.279: Total time for which application threads were stopped: 0.0037090 seconds, Stopping threads took: 0.0015010 seconds
289.316: Application time: 0.0368250 seconds
289.317: [GC [PSYoungGen: 49136K->6624K(49152K)] 80654K->38470K(160256K), 0.0021300 secs] [Times: user=0.01 sys=0.00, real=0.01 secs] 
289.319: Total time for which application threads were stopped: 0.0037280 seconds, Stopping threads took: 0.0015150 seconds
289.357: Application time: 0.0377490 seconds
289.358: [GC [PSYoungGen: 49120K->6640K(49152K)] 80966K->38558K(160256K), 0.0020400 secs] [Times: user=0.01 sys=0.00, real=0.01 secs] 
289.360: Total time for which application threads were stopped: 0.0033000 seconds, Stopping threads took: 0.0011750 seconds
289.399: Application time: 0.0381070 seconds
289.403: [GC [PSYoungGen: 49136K->6624K(49152K)] 81054K->39078K(160256K), 0.0022710 secs] [Times: user=0.01 sys=0.00, real=0.00 secs] 
289.405: Total time for which application threads were stopped: 0.0068970 seconds, Stopping threads took: 0.0045440 seconds
289.444: Application time: 0.0385400 seconds
289.446: [GC [PSYoungGen: 49120K->6432K(49152K)] 81574K->38910K(160256K), 0.0019390 secs] [Times: user=0.02 sys=0.00, real=0.01 secs] 
289.448: Total time for which application threads were stopped: 0.0040910 seconds, Stopping threads took: 0.0020460 seconds
289.488: Application time: 0.0403140 seconds
289.490: [GC [PSYoungGen: 48928K->5456K(49152K)] 81406K->37942K(160256K), 0.0016850 secs] [Times: user=0.01 sys=0.00, real=0.00 secs] 
289.492: Total time for which application threads were stopped: 0.0031440 seconds, Stopping threads took: 0.0013810 seconds
289.532: Application time: 0.0401820 seconds
289.533: [GC [PSYoungGen: 47952K->6624K(49152K)] 80438K->39614K(160256K), 0.0021040 secs] [Times: user=0.01 sys=0.00, real=0.00 secs] 
289.535: Total time for which application threads were stopped: 0.0035750 seconds, Stopping threads took: 0.0013890 seconds
289.578: Application time: 0.0427340 seconds
289.583: [GC [PSYoungGen: 49120K->4400K(49152K)] 82110K->37398K(160256K), 0.0015370 secs] [Times: user=0.01 sys=0.00, real=0.00 secs] 
289.584: Total time for which application threads were stopped: 0.0061820 seconds, Stopping threads took: 0.0045650 seconds
289.622: Application time: 0.0373730 seconds
289.624: [GC [PSYoungGen: 46896K->6624K(49152K)] 79894K->40130K(160256K), 0.0021100 secs] [Times: user=0.02 sys=0.00, real=0.00 secs] 
289.626: Total time for which application threads were stopped: 0.0041910 seconds, Stopping threads took: 0.0019970 seconds
289.663: Application time: 0.0376540 seconds
289.665: [GC [PSYoungGen: 49120K->6464K(49152K)] 82626K->39994K(160256K), 0.0019580 secs] [Times: user=0.02 sys=0.00, real=0.01 secs] 
289.667: Total time for which application threads were stopped: 0.0034190 seconds, Stopping threads took: 0.0013770 seconds
289.706: Application time: 0.0387730 seconds
289.708: [GC [PSYoungGen: 48960K->5616K(49152K)] 82490K->39146K(160256K), 0.0017230 secs] [Times: user=0.01 sys=0.00, real=0.00 secs] 
289.709: Total time for which application threads were stopped: 0.0037060 seconds, Stopping threads took: 0.0019140 seconds
289.748: Application time: 0.0390160 seconds
289.751: [GC [PSYoungGen: 48112K->6448K(49152K)] 81642K->39986K(160256K), 0.0018740 secs] [Times: user=0.01 sys=0.00, real=0.00 secs] 
289.753: Total time for which application threads were stopped: 0.0043960 seconds, Stopping threads took: 0.0024400 seconds
289.790: Application time: 0.0376330 seconds
289.795: [GC [PSYoungGen: 48944K->6640K(49152K)] 82482K->40806K(160256K), 0.0022040 secs] [Times: user=0.02 sys=0.00, real=0.00 secs] 
289.797: Total time for which application threads were stopped: 0.0064640 seconds, Stopping threads took: 0.0041770 seconds
289.835: Application time: 0.0376970 seconds
289.836: [GC [PSYoungGen: 49136K->6656K(49152K)] 83302K->42046K(160256K), 0.0023240 secs] [Times: user=0.01 sys=0.00, real=0.00 secs] 
289.838: Total time for which application threads were stopped: 0.0039070 seconds, Stopping threads took: 0.0015010 seconds
289.877: Application time: 0.0385460 seconds
289.880: [GC [PSYoungGen: 49152K->6656K(49152K)] 84542K->42078K(160256K), 0.0020150 secs] [Times: user=0.02 sys=0.00, real=0.00 secs] 
289.882: Total time for which application threads were stopped: 0.0046190 seconds, Stopping threads took: 0.0025220 seconds
289.921: Application time: 0.0390900 seconds
289.922: [GC [PSYoungGen: 49152K->6432K(49152K)] 84574K->41862K(160256K), 0.0018880 secs] [Times: user=0.01 sys=0.00, real=0.00 secs] 
289.924: Total time for which application threads were stopped: 0.0035460 seconds, Stopping threads took: 0.0015780 seconds
289.962: Application time: 0.0378060 seconds
289.963: [GC [PSYoungGen: 48928K->5072K(49152K)] 84358K->40510K(160256K), 0.0015370 secs] [Times: user=0.01 sys=0.00, real=0.00 secs] 
289.965: Total time for which application threads were stopped: 0.0028210 seconds, Stopping threads took: 0.0012120 seconds
290.004: Application time: 0.0392180 seconds
290.006: [GC [PSYoungGen: 47568K->5856K(49152K)] 83006K->41302K(160256K), 0.0017750 secs] [Times: user=0.01 sys=0.00, real=0.01 secs] 
290.007: Total time for which application threads were stopped: 0.0033160 seconds, Stopping threads took: 0.0014650 seconds
290.047: Application time: 0.0394490 seconds
290.048: [GC [PSYoungGen: 48352K->6080K(49152K)] 83798K->41526K(160256K), 0.0018740 secs] [Times: user=0.01 sys=0.00, real=0.00 secs] 
290.050: Total time for which application threads were stopped: 0.0026530 seconds, Stopping threads took: 0.0007070 seconds
290.089: Application time: 0.0389570 seconds
290.091: [GC [PSYoungGen: 48576K->6000K(49152K)] 84022K->41454K(160256K), 0.0018060 secs] [Times: user=0.01 sys=0.00, real=0.00 secs] 
290.093: Total time for which application threads were stopped: 0.0042500 seconds, Stopping threads took: 0.0023540 seconds
290.130: Application time: 0.0374830 seconds
290.133: [GC [PSYoungGen: 48496K->6656K(49152K)] 83950K->42782K(160256K), 0.0021530 secs] [Times: user=0.02 sys=0.00, real=0.00 secs] 
290.135: Total time for which application threads were stopped: 0.0050070 seconds, Stopping threads took: 0.0027690 seconds
290.174: Application time: 0.0386830 seconds
290.176: [GC [PSYoungGen: 49152K->6096K(49152K)] 85278K->42230K(160256K), 0.0017610 secs] [Times: user=0.01 sys=0.00, real=0.00 secs] 
290.178: Total time for which application threads were stopped: 0.0039350 seconds, Stopping threads took: 0.0020950 seconds
290.217: Application time: 0.0391500 seconds
290.219: [GC [PSYoungGen: 48592K->6656K(49152K)] 84726K->42862K(160256K), 0.0019660 secs] [Times: user=0.01 sys=0.00, real=0.00 secs] 
290.221: Total time for which application threads were stopped: 0.0035460 seconds, Stopping threads took: 0.0014960 seconds
290.260: Application time: 0.0393150 seconds
290.262: [GC [PSYoungGen: 49152K->6624K(49152K)] 85358K->43622K(160256K), 0.0022230 secs] [Times: user=0.01 sys=0.00, real=0.00 secs] 
290.265: Total time for which application threads were stopped: 0.0046870 seconds, Stopping threads took: 0.0023750 seconds
290.305: Application time: 0.0408180 seconds
290.307: [GC [PSYoungGen: 49120K->4992K(49152K)] 86118K->41990K(160256K), 0.0014620 secs] [Times: user=0.01 sys=0.00, real=0.00 secs] 
290.309: Total time for which application threads were stopped: 0.0035360 seconds, Stopping threads took: 0.0020010 seconds
290.345: Application time: 0.0364000 seconds
290.348: [GC [PSYoungGen: 47488K->6640K(49152K)] 84486K->44086K(160256K), 0.0020710 secs] [Times: user=0.02 sys=0.00, real=0.00 secs] 
290.350: Total time for which application threads were stopped: 0.0042780 seconds, Stopping threads took: 0.0021260 seconds
290.387: Application time: 0.0369260 seconds
290.389: [GC [PSYoungGen: 49136K->6656K(49152K)] 86582K->45238K(160256K), 0.0021560 secs] [Times: user=0.01 sys=0.00, real=0.00 secs] 
290.391: Total time for which application threads were stopped: 0.0043850 seconds, Stopping threads took: 0.0021500 seconds
290.430: Application time: 0.0387360 seconds
290.432: [GC [PSYoungGen: 49152K->6640K(49152K)] 87734K->45246K(160256K), 0.0020070 secs] [Times: user=0.01 sys=0.00, real=0.00 secs] 
290.434: Total time for which application threads were stopped: 0.0047540 seconds, Stopping threads took: 0.0026660 seconds
290.474: Application time: 0.0392530 seconds
290.476: [GC [PSYoungGen: 49136K->6528K(49152K)] 87742K->45134K(160256K), 0.0019600 secs] [Times: user=0.01 sys=0.00, real=0.00 secs] 
290.478: Total time for which application threads were stopped: 0.0039410 seconds, Stopping threads took: 0.0019010 seconds
290.517: Application time: 0.0392730 seconds
290.519: [GC [PSYoungGen: 49024K->5920K(49152K)] 87630K->44534K(160256K), 0.0018480 secs] [Times: user=0.01 sys=0.00, real=0.00 secs] 
290.520: Total time for which application threads were stopped: 0.0035220 seconds, Stopping threads took: 0.0015890 seconds
290.559: Application time: 0.0385260 seconds
290.560: [GC [PSYoungGen: 48416K->6640K(49152K)] 87030K->45694K(160256K), 0.0021530 secs] [Times: user=0.02 sys=0.00, real=0.00 secs] 
290.562: Total time for which application threads were stopped: 0.0033930 seconds, Stopping threads took: 0.0011550 seconds
290.602: Application time: 0.0393090 seconds
290.604: [GC [PSYoungGen: 49136K->6640K(49152K)] 88190K->45950K(160256K), 0.0020320 secs] [Times: user=0.01 sys=0.00, real=0.00 secs] 
290.606: Total time for which application threads were stopped: 0.0041190 seconds, Stopping threads took: 0.0020020 seconds
290.645: Application time: 0.0390990 seconds
290.648: [GC [PSYoungGen: 49136K->6624K(49152K)] 88446K->46230K(160256K), 0.0019980 secs] [Times: user=0.01 sys=0.00, real=0.00 secs] 
290.650: Total time for which application threads were stopped: 0.0051760 seconds, Stopping threads took: 0.0031000 seconds
290.689: Application time: 0.0390000 seconds
290.691: [GC [PSYoungGen: 49119K->5904K(49152K)] 88726K->45518K(160256K), 0.0018280 secs] [Times: user=0.01 sys=0.00, real=0.00 secs] 
290.693: Total time for which application threads were stopped: 0.0038270 seconds, Stopping threads took: 0.0019150 seconds
290.731: Application time: 0.0382100 seconds
290.732: [GC [PSYoungGen: 48400K->6240K(49152K)] 88014K->45854K(160256K), 0.0019920 secs] [Times: user=0.01 sys=0.00, real=0.00 secs] 
290.734: Total time for which application threads were stopped: 0.0028120 seconds, Stopping threads took: 0.0007420 seconds
290.774: Application time: 0.0405010 seconds
290.776: [GC [PSYoungGen: 48736K->6048K(49152K)] 88350K->45662K(160256K), 0.0018040 secs] [Times: user=0.01 sys=0.00, real=0.00 secs] 
290.778: Total time for which application threads were stopped: 0.0038410 seconds, Stopping threads took: 0.0019590 seconds
290.817: Application time: 0.0386670 seconds
290.820: [GC [PSYoungGen: 48544K->6432K(49152K)] 88158K->46054K(160256K), 0.0018760 secs] [Times: user=0.02 sys=0.00, real=0.00 secs] 
290.822: Total time for which application threads were stopped: 0.0048950 seconds, Stopping threads took: 0.0029370 seconds
290.860: Application time: 0.0382300 seconds
290.862: [GC [PSYoungGen: 48928K->6240K(49152K)] 88550K->45862K(160256K), 0.0018160 secs] [Times: user=0.01 sys=0.00, real=0.00 secs] 
290.864: Total time for which application threads were stopped: 0.0041370 seconds, Stopping threads took: 0.0022460 seconds
290.904: Application time: 0.0398440 seconds
290.906: [GC [PSYoungGen: 48736K->6400K(49152K)] 88358K->46030K(160256K), 0.0101420 secs] [Times: user=0.06 sys=0.00, real=0.01 secs] 
290.916: Total time for which application threads were stopped: 0.0118230 seconds, Stopping threads took: 0.0016020 seconds
290.954: Application time: 0.0384090 seconds
290.956: [GC [PSYoungGen: 48896K->6640K(49152K)] 88526K->46350K(160256K), 0.0021000 secs] [Times: user=0.02 sys=0.00, real=0.00 secs] 
290.958: Total time for which application threads were stopped: 0.0038920 seconds, Stopping threads took: 0.0017100 seconds
290.997: Application time: 0.0390690 seconds
291.000: [GC [PSYoungGen: 49136K->6656K(49152K)] 88846K->46430K(160256K), 0.0020940 secs] [Times: user=0.01 sys=0.00, real=0.00 secs] 
291.002: Total time for which application threads were stopped: 0.0044460 seconds, Stopping threads took: 0.0022710 seconds
291.041: Application time: 0.0391160 seconds
291.043: [GC [PSYoungGen: 49152K->6624K(49152K)] 88926K->47206K(160256K), 0.0021820 secs] [Times: user=0.01 sys=0.00, real=0.00 secs] 
291.045: Total time for which application threads were stopped: 0.0046300 seconds, Stopping threads took: 0.0023670 seconds
291.085: Application time: 0.0391300 seconds
291.086: [GC [PSYoungGen: 49120K->5552K(49152K)] 89702K->46150K(160256K), 0.0017290 secs] [Times: user=0.02 sys=0.00, real=0.01 secs] 
291.088: Total time for which application threads were stopped: 0.0032570 seconds, Stopping threads took: 0.0014490 seconds
291.127: Application time: 0.0391770 seconds
291.129: [GC [PSYoungGen: 48048K->4832K(49152K)] 88646K->45430K(160256K), 0.0014810 secs] [Times: user=0.01 sys=0.00, real=0.00 secs] 
291.130: Total time for which application threads were stopped: 0.0031090 seconds, Stopping threads took: 0.0015480 seconds
291.173: Application time: 0.0428990 seconds
291.176: [GC [PSYoungGen: 47328K->5648K(49152K)] 87926K->46254K(160256K), 0.0018630 secs] [Times: user=0.01 sys=0.00, real=0.00 secs] 
291.178: Total time for which application threads were stopped: 0.0045840 seconds, Stopping threads took: 0.0026490 seconds
291.218: Application time: 0.0400230 seconds
291.218: [GC [PSYoungGen: 48144K->6624K(49152K)] 88750K->47478K(160256K), 0.0020770 secs] [Times: user=0.01 sys=0.01, real=0.01 secs] 
291.221: Total time for which application threads were stopped: 0.0029250 seconds, Stopping threads took: 0.0007710 seconds
291.260: Application time: 0.0390960 seconds
291.261: [GC [PSYoungGen: 49120K->6656K(49152K)] 89974K->48558K(160256K), 0.0022870 secs] [Times: user=0.01 sys=0.00, real=0.00 secs] 
291.264: Total time for which application threads were stopped: 0.0041190 seconds, Stopping threads took: 0.0017460 seconds
291.303: Application time: 0.0394660 seconds
291.306: [GC [PSYoungGen: 49152K->6624K(49152K)] 91054K->48558K(160256K), 0.0019460 secs] [Times: user=0.01 sys=0.00, real=0.01 secs] 
291.308: Total time for which application threads were stopped: 0.0049260 seconds, Stopping threads took: 0.0028940 seconds
291.348: Application time: 0.0398550 seconds
291.350: [GC [PSYoungGen: 49120K->5600K(49152K)] 91054K->47550K(160256K), 0.0016710 secs] [Times: user=0.01 sys=0.00, real=0.00 secs] 
291.352: Total time for which application threads were stopped: 0.0036040 seconds, Stopping threads took: 0.0018580 seconds
291.391: Application time: 0.0398070 seconds
291.394: [GC [PSYoungGen: 48096K->6528K(49152K)] 90046K->48478K(160256K), 0.0018980 secs] [Times: user=0.02 sys=0.00, real=0.00 secs] 
291.396: Total time for which application threads were stopped: 0.0047010 seconds, Stopping threads took: 0.0027100 seconds
291.435: Application time: 0.0386730 seconds
291.437: [GC [PSYoungGen: 49024K->6624K(49152K)] 90974K->48710K(160256K), 0.0020560 secs] [Times: user=0.02 sys=0.00, real=0.01 secs] 
291.439: Total time for which application threads were stopped: 0.0038390 seconds, Stopping threads took: 0.0017000 seconds
291.477: Application time: 0.0379260 seconds
291.479: [GC [PSYoungGen: 49120K->6640K(49152K)] 91206K->49311K(160256K), 0.0021330 secs] [Times: user=0.02 sys=0.00, real=0.00 secs] 
291.481: Total time for which application threads were stopped: 0.0040850 seconds, Stopping threads took: 0.0018670 seconds
291.518: Application time: 0.0370830 seconds
291.519: [GC [PSYoungGen: 49136K->6624K(49152K)] 91807K->49779K(160256K), 0.0022980 secs] [Times: user=0.01 sys=0.00, real=0.00 secs] 
291.522: Total time for which application threads were stopped: 0.0039080 seconds, Stopping threads took: 0.0015260 seconds
291.560: Application time: 0.0386090 seconds
291.562: [GC [PSYoungGen: 49120K->6016K(49152K)] 92275K->49186K(160256K), 0.0018900 secs] [Times: user=0.02 sys=0.00, real=0.00 secs] 
291.563: Total time for which application threads were stopped: 0.0031480 seconds, Stopping threads took: 0.0011830 seconds
291.601: Application time: 0.0378840 seconds
291.603: [GC [PSYoungGen: 48511K->6016K(49152K)] 91682K->49203K(160256K), 0.0018090 secs] [Times: user=0.01 sys=0.00, real=0.00 secs] 
291.605: Total time for which application threads were stopped: 0.0035190 seconds, Stopping threads took: 0.0016350 seconds
291.644: Application time: 0.0387670 seconds
291.646: [GC [PSYoungGen: 48512K->6000K(49152K)] 91699K->49186K(160256K), 0.0017810 secs] [Times: user=0.02 sys=0.00, real=0.01 secs] 
291.648: Total time for which application threads were stopped: 0.0039440 seconds, Stopping threads took: 0.0020740 seconds
291.688: Application time: 0.0407520 seconds
291.691: [GC [PSYoungGen: 48496K->6656K(49152K)] 91682K->49930K(160256K), 0.0020840 secs] [Times: user=0.02 sys=0.00, real=0.00 secs] 
291.693: Total time for which application threads were stopped: 0.0046130 seconds, Stopping threads took: 0.0024420 seconds
291.732: Application time: 0.0394570 seconds
291.734: [GC [PSYoungGen: 49152K->6624K(49152K)] 92426K->50211K(160256K), 0.0022950 secs] [Times: user=0.01 sys=0.00, real=0.00 secs] 
291.736: Total time for which application threads were stopped: 0.0039810 seconds, Stopping threads took: 0.0016020 seconds
291.776: Application time: 0.0393470 seconds
291.778: [GC [PSYoungGen: 49120K->6640K(49152K)] 92707K->50787K(160256K), 0.0022630 secs] [Times: user=0.02 sys=0.00, real=0.01 secs] 
291.780: Total time for which application threads were stopped: 0.0044210 seconds, Stopping threads took: 0.0020480 seconds
291.821: Application time: 0.0406020 seconds
291.824: [GC [PSYoungGen: 49136K->6640K(49152K)] 93283K->52175K(160256K), 0.0025900 secs] [Times: user=0.02 sys=0.00, real=0.00 secs] 
291.826: Total time for which application threads were stopped: 0.0056130 seconds, Stopping threads took: 0.0029340 seconds
291.867: Application time: 0.0403100 seconds
291.868: [GC [PSYoungGen: 49134K->6640K(49152K)] 94669K->52367K(160256K), 0.0020990 secs] [Times: user=0.02 sys=0.00, real=0.00 secs] 
291.870: Total time for which application threads were stopped: 0.0030870 seconds, Stopping threads took: 0.0008980 seconds
291.910: Application time: 0.0404300 seconds
291.913: [GC [PSYoungGen: 49136K->6624K(49152K)] 94863K->53483K(160256K), 0.0023270 secs] [Times: user=0.01 sys=0.00, real=0.00 secs] 
291.915: Total time for which application threads were stopped: 0.0051310 seconds, Stopping threads took: 0.0027160 seconds
291.956: Application time: 0.0403750 seconds
291.958: [GC [PSYoungGen: 49120K->6608K(49152K)] 95979K->53475K(160256K), 0.0019640 secs] [Times: user=0.02 sys=0.00, real=0.01 secs] 
291.960: Total time for which application threads were stopped: 0.0042260 seconds, Stopping threads took: 0.0021770 seconds
292.001: Application time: 0.0408690 seconds
292.002: [GC [PSYoungGen: 49104K->5424K(49152K)] 95971K->52291K(160256K), 0.0018010 secs] [Times: user=0.01 sys=0.00, real=0.00 secs] 
292.004: Total time for which application threads were stopped: 0.0029880 seconds, Stopping threads took: 0.0011030 seconds
292.045: Application time: 0.0411990 seconds
292.046: [GC [PSYoungGen: 47919K->5296K(49152K)] 94786K->52171K(160256K), 0.0016710 secs] [Times: user=0.01 sys=0.00, real=0.01 secs] 
292.048: Total time for which application threads were stopped: 0.0029900 seconds, Stopping threads took: 0.0012380 seconds
292.093: Application time: 0.0448570 seconds
292.095: [GC [PSYoungGen: 47792K->4656K(49152K)] 94667K->51547K(160256K), 0.0015670 secs] [Times: user=0.01 sys=0.00, real=0.00 secs] 
292.096: Total time for which application threads were stopped: 0.0035670 seconds, Stopping threads took: 0.0019310 seconds
292.136: Application time: 0.0393390 seconds
292.138: [GC [PSYoungGen: 47152K->6640K(49152K)] 94043K->54155K(160256K), 0.0022450 secs] [Times: user=0.01 sys=0.00, real=0.01 secs] 
292.140: Total time for which application threads were stopped: 0.0042470 seconds, Stopping threads took: 0.0019300 seconds
292.186: Application time: 0.0456510 seconds
292.188: [GC [PSYoungGen: 49136K->6656K(49152K)] 96651K->55003K(160256K), 0.0023830 secs] [Times: user=0.02 sys=0.00, real=0.00 secs] 
292.190: Total time for which application threads were stopped: 0.0044050 seconds, Stopping threads took: 0.0019310 seconds
292.231: Application time: 0.0409560 seconds
292.233: [GC [PSYoungGen: 49151K->6624K(49152K)] 97498K->55871K(160256K), 0.0023220 secs] [Times: user=0.01 sys=0.00, real=0.00 secs] 
292.235: Total time for which application threads were stopped: 0.0038270 seconds, Stopping threads took: 0.0014020 seconds
292.275: Application time: 0.0398100 seconds
292.276: [GC [PSYoungGen: 49120K->6656K(49152K)] 98367K->56755K(160256K), 0.0022530 secs] [Times: user=0.01 sys=0.00, real=0.01 secs] 
292.279: Total time for which application threads were stopped: 0.0040280 seconds, Stopping threads took: 0.0016940 seconds
292.318: Application time: 0.0393430 seconds
292.320: [GC [PSYoungGen: 49150K->6640K(49152K)] 99249K->57035K(160256K), 0.0021750 secs] [Times: user=0.01 sys=0.00, real=0.00 secs] 
292.322: Total time for which application threads were stopped: 0.0043710 seconds, Stopping threads took: 0.0021150 seconds
292.364: Application time: 0.0411880 seconds
292.365: [GC [PSYoungGen: 49136K->6640K(49152K)] 99531K->57675K(160256K), 0.0023020 secs] [Times: user=0.01 sys=0.00, real=0.01 secs] 
292.368: Total time for which application threads were stopped: 0.0040990 seconds, Stopping threads took: 0.0017140 seconds
292.410: Application time: 0.0426140 seconds
292.413: [GC [PSYoungGen: 49136K->6640K(49152K)] 100171K->58027K(160256K), 0.0021320 secs] [Times: user=0.01 sys=0.00, real=0.00 secs] 
292.416: Total time for which application threads were stopped: 0.0052470 seconds, Stopping threads took: 0.0030250 seconds
292.458: Application time: 0.0421400 seconds
292.459: [GC [PSYoungGen: 49136K->6656K(49152K)] 100523K->59183K(160256K), 0.0023370 secs] [Times: user=0.01 sys=0.00, real=0.00 secs] 
292.462: Total time for which application threads were stopped: 0.0039370 seconds, Stopping threads took: 0.0015120 seconds
292.502: Application time: 0.0401070 seconds
292.503: [GC [PSYoungGen: 49152K->6624K(49152K)] 101679K->59543K(160256K), 0.0021220 secs] [Times: user=0.01 sys=0.00, real=0.00 secs] 
292.506: Total time for which application threads were stopped: 0.0037170 seconds, Stopping threads took: 0.0015170 seconds
292.548: Application time: 0.0420910 seconds
292.550: [GC [PSYoungGen: 49119K->6624K(49152K)] 102038K->60399K(160256K), 0.0025750 secs] [Times: user=0.01 sys=0.00, real=0.00 secs] 
292.552: Total time for which application threads were stopped: 0.0046400 seconds, Stopping threads took: 0.0019740 seconds
292.593: Application time: 0.0403240 seconds
292.595: [GC [PSYoungGen: 49120K->6656K(49152K)] 102895K->61131K(160256K), 0.0023250 secs] [Times: user=0.01 sys=0.00, real=0.00 secs] 
292.598: Total time for which application threads were stopped: 0.0051050 seconds, Stopping threads took: 0.0026660 seconds
292.639: Application time: 0.0412670 seconds
292.641: [GC [PSYoungGen: 49152K->6656K(49152K)] 103627K->61675K(160256K), 0.0023160 secs] [Times: user=0.02 sys=0.00, real=0.00 secs] 
292.643: Total time for which application threads were stopped: 0.0042740 seconds, Stopping threads took: 0.0018750 seconds
292.684: Application time: 0.0404510 seconds
292.686: [GC [PSYoungGen: 49152K->6656K(49152K)] 104171K->62259K(160256K), 0.0023080 secs] [Times: user=0.02 sys=0.00, real=0.01 secs] 
292.688: Total time for which application threads were stopped: 0.0047170 seconds, Stopping threads took: 0.0023210 seconds
292.727: Application time: 0.0386860 seconds
292.729: [GC [PSYoungGen: 49152K->6640K(49152K)] 104755K->63691K(160256K), 0.0025020 secs] [Times: user=0.02 sys=0.00, real=0.00 secs] 
292.731: Total time for which application threads were stopped: 0.0043880 seconds, Stopping threads took: 0.0017900 seconds
292.773: Application time: 0.0410230 seconds
292.774: [GC [PSYoungGen: 49136K->5968K(49152K)] 106187K->63019K(160256K), 0.0018110 secs] [Times: user=0.02 sys=0.00, real=0.00 secs] 
292.776: Total time for which application threads were stopped: 0.0038130 seconds, Stopping threads took: 0.0019200 seconds
292.820: Application time: 0.0432670 seconds
292.822: [GC [PSYoungGen: 48464K->4928K(49152K)] 105515K->61979K(160256K), 0.0016680 secs] [Times: user=0.01 sys=0.00, real=0.00 secs] 
292.823: Total time for which application threads were stopped: 0.0038760 seconds, Stopping threads took: 0.0021290 seconds
292.865: Application time: 0.0416670 seconds
292.868: [GC [PSYoungGen: 47424K->5952K(49152K)] 104475K->63003K(160256K), 0.0019730 secs] [Times: user=0.01 sys=0.00, real=0.00 secs] 
292.870: Total time for which application threads were stopped: 0.0047750 seconds, Stopping threads took: 0.0027270 seconds
292.912: Application time: 0.0419470 seconds
292.915: [GC [PSYoungGen: 48448K->5376K(49152K)] 105499K->62427K(160256K), 0.0019080 secs] [Times: user=0.01 sys=0.00, real=0.00 secs] 
292.917: Total time for which application threads were stopped: 0.0048800 seconds, Stopping threads took: 0.0028830 seconds
292.958: Application time: 0.0415500 seconds
292.960: [GC [PSYoungGen: 47872K->6240K(49152K)] 104923K->63291K(160256K), 0.0019320 secs] [Times: user=0.01 sys=0.00, real=0.00 secs] 
292.962: Total time for which application threads were stopped: 0.0040980 seconds, Stopping threads took: 0.0020920 seconds
293.006: Application time: 0.0439210 seconds
293.008: [GC [PSYoungGen: 48736K->5584K(49152K)] 105787K->62643K(160256K), 0.0017570 secs] [Times: user=0.01 sys=0.00, real=0.00 secs] 
293.010: Total time for which application threads were stopped: 0.0038330 seconds, Stopping threads took: 0.0020040 seconds
293.053: Application time: 0.0427500 seconds
293.055: [GC [PSYoungGen: 48079K->5968K(49152K)] 105138K->63027K(160256K), 0.0018140 secs] [Times: user=0.01 sys=0.00, real=0.00 secs] 
293.057: Total time for which application threads were stopped: 0.0036090 seconds, Stopping threads took: 0.0017180 seconds
293.099: Application time: 0.0422430 seconds
293.102: [GC [PSYoungGen: 48464K->5856K(49152K)] 105523K->62923K(160256K), 0.0017780 secs] [Times: user=0.01 sys=0.00, real=0.00 secs] 
293.103: Total time for which application threads were stopped: 0.0047100 seconds, Stopping threads took: 0.0028480 seconds
293.145: Application time: 0.0411260 seconds
293.148: [GC [PSYoungGen: 48352K->6640K(49152K)] 105419K->63811K(160256K), 0.0021280 secs] [Times: user=0.02 sys=0.00, real=0.00 secs] 
293.150: Total time for which application threads were stopped: 0.0054470 seconds, Stopping threads took: 0.0032400 seconds
293.190: Application time: 0.0400160 seconds
293.192: [GC [PSYoungGen: 49136K->6656K(49152K)] 106307K->65139K(160256K), 0.0024080 secs] [Times: user=0.02 sys=0.00, real=0.00 secs] 
293.194: Total time for which application threads were stopped: 0.0042790 seconds, Stopping threads took: 0.0017790 seconds
293.235: Application time: 0.0402180 seconds
293.236: [GC [PSYoungGen: 49152K->6448K(49152K)] 107635K->64931K(160256K), 0.0019920 secs] [Times: user=0.02 sys=0.00, real=0.00 secs] 
293.238: Total time for which application threads were stopped: 0.0032830 seconds, Stopping threads took: 0.0012020 seconds
293.278: Application time: 0.0404930 seconds
293.281: [GC [PSYoungGen: 48944K->6112K(49152K)] 107427K->64595K(160256K), 0.0018130 secs] [Times: user=0.01 sys=0.00, real=0.00 secs] 
293.283: Total time for which application threads were stopped: 0.0048010 seconds, Stopping threads took: 0.0029010 seconds
293.325: Application time: 0.0416990 seconds
293.327: [GC [PSYoungGen: 48607K->5952K(49152K)] 107090K->64435K(160256K), 0.0018790 secs] [Times: user=0.01 sys=0.00, real=0.00 secs] 
293.329: Total time for which application threads were stopped: 0.0045460 seconds, Stopping threads took: 0.0025670 seconds
293.371: Application time: 0.0420400 seconds
293.374: [GC [PSYoungGen: 48448K->6496K(49152K)] 106931K->64987K(160256K), 0.0019910 secs] [Times: user=0.02 sys=0.00, real=0.00 secs] 
293.376: Total time for which application threads were stopped: 0.0041810 seconds, Stopping threads took: 0.0021080 seconds
293.417: Application time: 0.0413730 seconds
293.419: [GC [PSYoungGen: 48992K->5888K(49152K)] 107483K->64387K(160256K), 0.0018100 secs] [Times: user=0.01 sys=0.00, real=0.00 secs] 
293.421: Total time for which application threads were stopped: 0.0037260 seconds, Stopping threads took: 0.0018350 seconds
293.462: Application time: 0.0410860 seconds
293.465: [GC [PSYoungGen: 48384K->6592K(49152K)] 106883K->65091K(160256K), 0.0020070 secs] [Times: user=0.02 sys=0.00, real=0.01 secs] 
293.467: Total time for which application threads were stopped: 0.0051950 seconds, Stopping threads took: 0.0031010 seconds
293.509: Application time: 0.0415310 seconds
293.511: [GC [PSYoungGen: 49088K->6656K(49152K)] 107587K->66051K(160256K), 0.0023080 secs] [Times: user=0.02 sys=0.00, real=0.00 secs] 
293.513: Total time for which application threads were stopped: 0.0043140 seconds, Stopping threads took: 0.0019200 seconds
293.554: Application time: 0.0415790 seconds
293.556: [GC [PSYoungGen: 49152K->6656K(49152K)] 108547K->66715K(160256K), 0.0022320 secs] [Times: user=0.01 sys=0.00, real=0.00 secs] 
293.558: Total time for which application threads were stopped: 0.0038740 seconds, Stopping threads took: 0.0015570 seconds
293.601: Application time: 0.0426210 seconds
293.603: [GC [PSYoungGen: 49152K->6208K(49152K)] 109211K->66267K(160256K), 0.0019620 secs] [Times: user=0.02 sys=0.00, real=0.00 secs] 
293.605: Total time for which application threads were stopped: 0.0039050 seconds, Stopping threads took: 0.0018570 seconds
293.647: Application time: 0.0425480 seconds
293.650: [GC [PSYoungGen: 48702K->6624K(49152K)] 108762K->67139K(160256K), 0.0023940 secs] [Times: user=0.02 sys=0.00, real=0.00 secs] 
293.653: Total time for which application threads were stopped: 0.0050860 seconds, Stopping threads took: 0.0025800 seconds
293.692: Application time: 0.0397570 seconds
293.694: [GC [PSYoungGen: 49120K->6640K(49152K)] 109635K->67603K(160256K), 0.0024250 secs] [Times: user=0.01 sys=0.00, real=0.00 secs] 
293.696: Total time for which application threads were stopped: 0.0038170 seconds, Stopping threads took: 0.0013160 seconds
293.738: Application time: 0.0416330 seconds
293.741: [GC [PSYoungGen: 49136K->6640K(49152K)] 110099K->67963K(160256K), 0.0021370 secs] [Times: user=0.01 sys=0.00, real=0.00 secs] 
293.743: Total time for which application threads were stopped: 0.0056410 seconds, Stopping threads took: 0.0034180 seconds
293.784: Application time: 0.0411020 seconds
293.787: [GC [PSYoungGen: 49136K->6624K(49152K)] 110459K->69131K(160256K), 0.0023720 secs] [Times: user=0.02 sys=0.00, real=0.00 secs] 
293.789: Total time for which application threads were stopped: 0.0045680 seconds, Stopping threads took: 0.0021070 seconds
293.829: Application time: 0.0396630 seconds
293.831: [GC [PSYoungGen: 49118K->6640K(49152K)] 111626K->70175K(160256K), 0.0022820 secs] [Times: user=0.02 sys=0.00, real=0.00 secs] 
293.833: Total time for which application threads were stopped: 0.0043710 seconds, Stopping threads took: 0.0020050 seconds
293.876: Application time: 0.0424780 seconds
293.876: [GC [PSYoungGen: 49136K->6432K(49152K)] 112671K->69975K(160256K), 0.0019660 secs] [Times: user=0.01 sys=0.00, real=0.00 secs] 
293.878: Total time for which application threads were stopped: 0.0026490 seconds, Stopping threads took: 0.0006050 seconds
293.921: Application time: 0.0423770 seconds
293.923: [GC [PSYoungGen: 48928K->6336K(49152K)] 112471K->69887K(160256K), 0.0019060 secs] [Times: user=0.01 sys=0.00, real=0.00 secs] 
293.925: Total time for which application threads were stopped: 0.0041480 seconds, Stopping threads took: 0.0021580 seconds
293.965: Application time: 0.0398360 seconds
293.967: [GC [PSYoungGen: 48832K->6640K(49152K)] 112383K->70207K(160256K), 0.0020730 secs] [Times: user=0.01 sys=0.00, real=0.00 secs] 
293.969: Total time for which application threads were stopped: 0.0044560 seconds, Stopping threads took: 0.0023020 seconds
294.010: Application time: 0.0410610 seconds
294.012: [GC [PSYoungGen: 49136K->6656K(49152K)] 112703K->70667K(160256K), 0.0021590 secs] [Times: user=0.02 sys=0.01, real=0.00 secs] 
294.014: Total time for which application threads were stopped: 0.0037860 seconds, Stopping threads took: 0.0015380 seconds
294.056: Application time: 0.0421160 seconds
294.059: [GC [PSYoungGen: 49152K->6640K(49152K)] 113163K->70651K(160256K), 0.0020470 secs] [Times: user=0.02 sys=0.00, real=0.00 secs] 
294.061: Total time for which application threads were stopped: 0.0046990 seconds, Stopping threads took: 0.0025680 seconds
294.102: Application time: 0.0410630 seconds
294.105: [GC [PSYoungGen: 49136K->6032K(49152K)] 113147K->70059K(160256K), 0.0018370 secs] [Times: user=0.01 sys=0.00, real=0.00 secs] 
294.106: Total time for which application threads were stopped: 0.0046600 seconds, Stopping threads took: 0.0027420 seconds
294.147: Application time: 0.0405500 seconds
294.149: [GC [PSYoungGen: 48528K->6624K(49152K)] 112555K->70675K(160256K), 0.0020570 secs] [Times: user=0.02 sys=0.00, real=0.00 secs] 
294.151: Total time for which application threads were stopped: 0.0037570 seconds, Stopping threads took: 0.0016170 seconds
294.192: Application time: 0.0409340 seconds
294.194: [GC [PSYoungGen: 49120K->6624K(49152K)] 113171K->70675K(160256K), 0.0020200 secs] [Times: user=0.02 sys=0.00, real=0.00 secs] 
294.196: Total time for which application threads were stopped: 0.0040820 seconds, Stopping threads took: 0.0019780 seconds
294.238: Application time: 0.0426260 seconds
294.240: [GC [PSYoungGen: 49120K->6464K(49152K)] 113171K->70531K(160256K), 0.0019340 secs] [Times: user=0.02 sys=0.00, real=0.00 secs] 
294.242: Total time for which application threads were stopped: 0.0036280 seconds, Stopping threads took: 0.0016110 seconds
294.283: Application time: 0.0410910 seconds
294.286: [GC [PSYoungGen: 48960K->6640K(49152K)] 113027K->71799K(160256K), 0.0023490 secs] [Times: user=0.01 sys=0.00, real=0.01 secs] 
294.288: Total time for which application threads were stopped: 0.0048990 seconds, Stopping threads took: 0.0024550 seconds
294.328: Application time: 0.0399830 seconds
294.330: [GC [PSYoungGen: 49136K->6656K(49152K)] 114295K->73184K(160256K), 0.0025170 secs] [Times: user=0.01 sys=0.00, real=0.00 secs] 
294.332: Total time for which application threads were stopped: 0.0043210 seconds, Stopping threads took: 0.0017110 seconds
294.372: Application time: 0.0400950 seconds
294.374: [GC [PSYoungGen: 49151K->6656K(49152K)] 115679K->73232K(160256K), 0.0021280 secs] [Times: user=0.01 sys=0.00, real=0.00 secs] 
294.376: Total time for which application threads were stopped: 0.0035730 seconds, Stopping threads took: 0.0013580 seconds
294.417: Application time: 0.0408120 seconds
294.419: [GC [PSYoungGen: 49152K->6640K(49152K)] 115728K->73232K(160256K), 0.0020230 secs] [Times: user=0.01 sys=0.00, real=0.00 secs] 
294.421: Total time for which application threads were stopped: 0.0041100 seconds, Stopping threads took: 0.0019940 seconds
294.461: Application time: 0.0401920 seconds
294.462: [GC [PSYoungGen: 49135K->5712K(49152K)] 115727K->72304K(160256K), 0.0018510 secs] [Times: user=0.01 sys=0.00, real=0.00 secs] 
294.464: Total time for which application threads were stopped: 0.0032390 seconds, Stopping threads took: 0.0013020 seconds
294.505: Application time: 0.0409130 seconds
294.508: [GC [PSYoungGen: 48208K->6656K(49152K)] 114800K->73608K(160256K), 0.0021470 secs] [Times: user=0.01 sys=0.00, real=0.00 secs] 
294.510: Total time for which application threads were stopped: 0.0047450 seconds, Stopping threads took: 0.0025190 seconds
294.550: Application time: 0.0396310 seconds
294.552: [GC [PSYoungGen: 49152K->6656K(49152K)] 116104K->74280K(160256K), 0.0023280 secs] [Times: user=0.02 sys=0.00, real=0.00 secs] 
294.555: Total time for which application threads were stopped: 0.0052120 seconds, Stopping threads took: 0.0028000 seconds
294.595: Application time: 0.0403810 seconds
294.597: [GC [PSYoungGen: 49152K->6336K(49152K)] 116776K->73960K(160256K), 0.0019430 secs] [Times: user=0.01 sys=0.00, real=0.01 secs] 
294.599: Total time for which application threads were stopped: 0.0041490 seconds, Stopping threads took: 0.0021200 seconds
294.640: Application time: 0.0404180 seconds
294.641: [GC [PSYoungGen: 48832K->6656K(49152K)] 116456K->74720K(160256K), 0.0021510 secs] [Times: user=0.02 sys=0.00, real=0.00 secs] 
294.643: Total time for which application threads were stopped: 0.0035020 seconds, Stopping threads took: 0.0012630 seconds
294.685: Application time: 0.0421180 seconds
294.688: [GC [PSYoungGen: 49152K->6032K(49152K)] 117216K->74096K(160256K), 0.0018680 secs] [Times: user=0.01 sys=0.00, real=0.00 secs] 
294.690: Total time for which application threads were stopped: 0.0047780 seconds, Stopping threads took: 0.0028310 seconds
294.732: Application time: 0.0414160 seconds
294.735: [GC [PSYoungGen: 48528K->5872K(49152K)] 116592K->73936K(160256K), 0.0017630 secs] [Times: user=0.02 sys=0.00, real=0.00 secs] 
294.736: Total time for which application threads were stopped: 0.0046760 seconds, Stopping threads took: 0.0028340 seconds
294.780: Application time: 0.0434280 seconds
294.783: [GC [PSYoungGen: 48368K->5824K(49152K)] 116432K->73888K(160256K), 0.0017230 secs] [Times: user=0.01 sys=0.00, real=0.00 secs] 
294.784: Total time for which application threads were stopped: 0.0046240 seconds, Stopping threads took: 0.0028190 seconds
294.827: Application time: 0.0423670 seconds
294.830: [GC [PSYoungGen: 48320K->6592K(49152K)] 116384K->74664K(160256K), 0.0020290 secs] [Times: user=0.01 sys=0.00, real=0.00 secs] 
294.832: Total time for which application threads were stopped: 0.0050300 seconds, Stopping threads took: 0.0029150 seconds
294.874: Application time: 0.0424130 seconds
294.876: [GC [PSYoungGen: 49088K->5840K(49152K)] 117160K->73920K(160256K), 0.0017920 secs] [Times: user=0.01 sys=0.00, real=0.00 secs] 
294.878: Total time for which application threads were stopped: 0.0033890 seconds, Stopping threads took: 0.0015200 seconds
294.920: Application time: 0.0427310 seconds
294.922: [GC [PSYoungGen: 48336K->6304K(49152K)] 116416K->74384K(160256K), 0.0019380 secs] [Times: user=0.01 sys=0.00, real=0.00 secs] 
294.924: Total time for which application threads were stopped: 0.0041490 seconds, Stopping threads took: 0.0021250 seconds
294.966: Application time: 0.0415770 seconds
294.969: [GC [PSYoungGen: 48800K->6656K(49152K)] 116880K->75640K(160256K), 0.0022720 secs] [Times: user=0.01 sys=0.00, real=0.00 secs] 
294.972: Total time for which application threads were stopped: 0.0056520 seconds, Stopping threads took: 0.0032960 seconds
295.013: Application time: 0.0409320 seconds
295.015: [GC [PSYoungGen: 49152K->6656K(49152K)] 118136K->75808K(160256K), 0.0020790 secs] [Times: user=0.01 sys=0.00, real=0.00 secs] 
295.017: Total time for which application threads were stopped: 0.0040660 seconds, Stopping threads took: 0.0019030 seconds
295.059: Application time: 0.0419650 seconds
295.060: [GC [PSYoungGen: 49152K->5600K(49152K)] 118304K->74752K(160256K), 0.0018150 secs] [Times: user=0.01 sys=0.00, real=0.00 secs] 
295.062: Total time for which application threads were stopped: 0.0036230 seconds, Stopping threads took: 0.0017340 seconds
295.104: Application time: 0.0416470 seconds
295.106: [GC [PSYoungGen: 48096K->6320K(49152K)] 117248K->75480K(160256K), 0.0019480 secs] [Times: user=0.02 sys=0.00, real=0.01 secs] 
295.108: Total time for which application threads were stopped: 0.0043980 seconds, Stopping threads took: 0.0023640 seconds
295.150: Application time: 0.0421130 seconds
295.153: [GC [PSYoungGen: 48816K->6208K(49152K)] 117976K->75368K(160256K), 0.0019570 secs] [Times: user=0.02 sys=0.00, real=0.00 secs] 
295.155: Total time for which application threads were stopped: 0.0045920 seconds, Stopping threads took: 0.0025580 seconds
295.195: Application time: 0.0396250 seconds
295.196: [GC [PSYoungGen: 48704K->6064K(49152K)] 117864K->75232K(160256K), 0.0020240 secs] [Times: user=0.01 sys=0.00, real=0.00 secs] 
295.198: Total time for which application threads were stopped: 0.0035330 seconds, Stopping threads took: 0.0014290 seconds
295.238: Application time: 0.0399140 seconds
295.240: [GC [PSYoungGen: 48560K->6656K(49152K)] 117728K->75976K(160256K), 0.0021190 secs] [Times: user=0.02 sys=0.00, real=0.00 secs] 
295.242: Total time for which application threads were stopped: 0.0040020 seconds, Stopping threads took: 0.0018020 seconds
295.282: Application time: 0.0400960 seconds
295.284: [GC [PSYoungGen: 49152K->6640K(49152K)] 118472K->76916K(160256K), 0.0023970 secs] [Times: user=0.02 sys=0.00, real=0.01 secs] 
295.287: Total time for which application threads were stopped: 0.0046200 seconds, Stopping threads took: 0.0021200 seconds
295.327: Application time: 0.0396980 seconds
295.328: [GC [PSYoungGen: 49136K->6480K(49152K)] 119412K->76756K(160256K), 0.0019690 secs] [Times: user=0.02 sys=0.00, real=0.00 secs] 
295.330: Total time for which application threads were stopped: 0.0035980 seconds, Stopping threads took: 0.0015430 seconds
295.371: Application time: 0.0404390 seconds
295.372: [GC [PSYoungGen: 48976K->6624K(49152K)] 119252K->77452K(160256K), 0.0022190 secs] [Times: user=0.01 sys=0.00, real=0.00 secs] 
295.375: Total time for which application threads were stopped: 0.0039650 seconds, Stopping threads took: 0.0016390 seconds
295.416: Application time: 0.0418260 seconds
295.419: [GC [PSYoungGen: 49120K->6080K(49152K)] 119948K->76916K(160256K), 0.0019170 secs] [Times: user=0.01 sys=0.00, real=0.00 secs] 
295.421: Total time for which application threads were stopped: 0.0044610 seconds, Stopping threads took: 0.0024630 seconds
295.463: Application time: 0.0422870 seconds
295.465: [GC [PSYoungGen: 48576K->6640K(49152K)] 119412K->77740K(160256K), 0.0021620 secs] [Times: user=0.01 sys=0.00, real=0.01 secs] 
295.467: Total time for which application threads were stopped: 0.0043140 seconds, Stopping threads took: 0.0020630 seconds
295.508: Application time: 0.0401850 seconds
295.510: [GC [PSYoungGen: 49136K->6656K(49152K)] 120236K->78924K(160256K), 0.0023020 secs] [Times: user=0.02 sys=0.00, real=0.00 secs] 
295.513: Total time for which application threads were stopped: 0.0049300 seconds, Stopping threads took: 0.0025410 seconds
295.555: Application time: 0.0426590 seconds
295.558: [GC [PSYoungGen: 49152K->6112K(49152K)] 121420K->78380K(160256K), 0.0018500 secs] [Times: user=0.01 sys=0.00, real=0.01 secs] 
295.559: Total time for which application threads were stopped: 0.0042460 seconds, Stopping threads took: 0.0023180 seconds
295.602: Application time: 0.0422820 seconds
295.604: [GC [PSYoungGen: 48608K->6656K(49152K)] 120876K->79724K(160256K), 0.0022840 secs] [Times: user=0.01 sys=0.00, real=0.00 secs] 
295.607: Total time for which application threads were stopped: 0.0047690 seconds, Stopping threads took: 0.0023910 seconds
295.646: Application time: 0.0396590 seconds
295.648: [GC [PSYoungGen: 49152K->6288K(49152K)] 122220K->79356K(160256K), 0.0021620 secs] [Times: user=0.01 sys=0.00, real=0.00 secs] 
295.650: Total time for which application threads were stopped: 0.0039500 seconds, Stopping threads took: 0.0017010 seconds
295.686: Application time: 0.0361050 seconds
295.688: [GC [PSYoungGen: 48784K->6656K(49152K)] 121852K->81092K(160256K), 0.0024040 secs] [Times: user=0.02 sys=0.00, real=0.00 secs] 
295.691: Total time for which application threads were stopped: 0.0046640 seconds, Stopping threads took: 0.0021720 seconds
295.731: Application time: 0.0398950 seconds
295.733: [GC [PSYoungGen: 49152K->6656K(49152K)] 123588K->82340K(160256K), 0.0024430 secs] [Times: user=0.02 sys=0.00, real=0.00 secs] 
295.735: Total time for which application threads were stopped: 0.0043770 seconds, Stopping threads took: 0.0018520 seconds
295.777: Application time: 0.0420510 seconds
295.779: [GC [PSYoungGen: 49152K->6640K(49152K)] 124836K->82396K(160256K), 0.0019270 secs] [Times: user=0.01 sys=0.00, real=0.00 secs] 
295.781: Total time for which application threads were stopped: 0.0038980 seconds, Stopping threads took: 0.0018890 seconds
295.820: Application time: 0.0390220 seconds
295.822: [GC [PSYoungGen: 49136K->6640K(49152K)] 124892K->82724K(160256K), 0.0021510 secs] [Times: user=0.01 sys=0.00, real=0.00 secs] 
295.825: Total time for which application threads were stopped: 0.0045040 seconds, Stopping threads took: 0.0022710 seconds
295.862: Application time: 0.0378010 seconds
295.864: [GC [PSYoungGen: 49136K->6448K(49152K)] 125220K->82532K(160256K), 0.0019110 secs] [Times: user=0.01 sys=0.00, real=0.00 secs] 
295.866: Total time for which application threads were stopped: 0.0032750 seconds, Stopping threads took: 0.0012850 seconds
295.906: Application time: 0.0398390 seconds
295.908: [GC [PSYoungGen: 48944K->5360K(49152K)] 125028K->81452K(160256K), 0.0016540 secs] [Times: user=0.01 sys=0.00, real=0.00 secs] 
295.909: Total time for which application threads were stopped: 0.0037040 seconds, Stopping threads took: 0.0019650 seconds
295.949: Application time: 0.0400900 seconds
295.951: [GC [PSYoungGen: 47856K->5824K(49152K)] 123948K->81924K(160256K), 0.0018330 secs] [Times: user=0.01 sys=0.00, real=0.00 secs] 
295.953: Total time for which application threads were stopped: 0.0035600 seconds, Stopping threads took: 0.0016470 seconds
295.992: Application time: 0.0391880 seconds
295.995: [GC [PSYoungGen: 48320K->6064K(49152K)] 124420K->82172K(160256K), 0.0018550 secs] [Times: user=0.02 sys=0.00, real=0.00 secs] 
295.997: Total time for which application threads were stopped: 0.0043840 seconds, Stopping threads took: 0.0024480 seconds
296.036: Application time: 0.0393800 seconds
296.037: [GC [PSYoungGen: 48560K->4560K(49152K)] 124668K->80668K(160256K), 0.0014300 secs] [Times: user=0.00 sys=0.01, real=0.01 secs] 
296.039: Total time for which application threads were stopped: 0.0029390 seconds, Stopping threads took: 0.0014340 seconds
296.078: Application time: 0.0388240 seconds
296.081: [GC [PSYoungGen: 47056K->5952K(49152K)] 123164K->82068K(160256K), 0.0017440 secs] [Times: user=0.01 sys=0.00, real=0.00 secs] 
296.082: Total time for which application threads were stopped: 0.0046730 seconds, Stopping threads took: 0.0028470 seconds
296.125: Application time: 0.0423890 seconds
296.126: [GC [PSYoungGen: 48448K->4880K(49152K)] 124564K->80996K(160256K), 0.0015710 secs] [Times: user=0.01 sys=0.00, real=0.01 secs] 
296.128: Total time for which application threads were stopped: 0.0033500 seconds, Stopping threads took: 0.0017050 seconds
296.168: Application time: 0.0399840 seconds
296.170: [GC [PSYoungGen: 47376K->6640K(49152K)] 123492K->82804K(160256K), 0.0020630 secs] [Times: user=0.01 sys=0.00, real=0.00 secs] 
296.172: Total time for which application threads were stopped: 0.0035160 seconds, Stopping threads took: 0.0013710 seconds
296.211: Application time: 0.0392850 seconds
296.213: [GC [PSYoungGen: 49136K->6192K(49152K)] 125300K->82356K(160256K), 0.0018820 secs] [Times: user=0.01 sys=0.00, real=0.00 secs] 
296.215: Total time for which application threads were stopped: 0.0038800 seconds, Stopping threads took: 0.0019180 seconds
296.255: Application time: 0.0403120 seconds
296.259: [GC [PSYoungGen: 48688K->6624K(49152K)] 124852K->82804K(160256K), 0.0019730 secs] [Times: user=0.01 sys=0.00, real=0.00 secs] 
296.261: Total time for which application threads were stopped: 0.0055800 seconds, Stopping threads took: 0.0035240 seconds
296.298: Application time: 0.0373650 seconds
296.300: [GC [PSYoungGen: 49120K->6528K(49152K)] 125300K->82716K(160256K), 0.0019380 secs] [Times: user=0.01 sys=0.00, real=0.00 secs] 
296.302: Total time for which application threads were stopped: 0.0035530 seconds, Stopping threads took: 0.0015360 seconds
296.340: Application time: 0.0388990 seconds
296.343: [GC [PSYoungGen: 49024K->6640K(49152K)] 125212K->83428K(160256K), 0.0021500 secs] [Times: user=0.02 sys=0.00, real=0.00 secs] 
296.345: Total time for which application threads were stopped: 0.0045880 seconds, Stopping threads took: 0.0023540 seconds
296.385: Application time: 0.0395500 seconds
296.385: [GC [PSYoungGen: 49136K->5472K(49152K)] 125924K->82260K(160256K), 0.0016620 secs] [Times: user=0.01 sys=0.00, real=0.01 secs] 
296.387: Total time for which application threads were stopped: 0.0024500 seconds, Stopping threads took: 0.0007150 seconds
296.427: Application time: 0.0396640 seconds
296.429: [GC [PSYoungGen: 47968K->5392K(49152K)] 124756K->82188K(160256K), 0.0018640 secs] [Times: user=0.01 sys=0.00, real=0.00 secs] 
296.431: Total time for which application threads were stopped: 0.0038520 seconds, Stopping threads took: 0.0018990 seconds
296.469: Application time: 0.0385980 seconds
296.472: [GC [PSYoungGen: 47888K->5984K(49152K)] 124684K->82796K(160256K), 0.0018260 secs] [Times: user=0.01 sys=0.00, real=0.00 secs] 
296.473: Total time for which application threads were stopped: 0.0041630 seconds, Stopping threads took: 0.0022570 seconds
296.511: Application time: 0.0380010 seconds
296.514: [GC [PSYoungGen: 48480K->6608K(49152K)] 125292K->83428K(160256K), 0.0020410 secs] [Times: user=0.01 sys=0.00, real=0.00 secs] 
296.516: Total time for which application threads were stopped: 0.0045470 seconds, Stopping threads took: 0.0023980 seconds
296.554: Application time: 0.0382040 seconds
296.556: [GC [PSYoungGen: 49104K->6096K(49152K)] 125924K->82916K(160256K), 0.0018280 secs] [Times: user=0.02 sys=0.00, real=0.00 secs] 
296.558: Total time for which application threads were stopped: 0.0037300 seconds, Stopping threads took: 0.0018020 seconds
296.599: Application time: 0.0412980 seconds
296.601: [GC [PSYoungGen: 48592K->5888K(49152K)] 125412K->82716K(160256K), 0.0020080 secs] [Times: user=0.01 sys=0.00, real=0.00 secs] 
296.603: Total time for which application threads were stopped: 0.0037790 seconds, Stopping threads took: 0.0016740 seconds
296.642: Application time: 0.0388000 seconds
296.643: [GC [PSYoungGen: 48384K->6656K(49152K)] 125212K->84180K(160256K), 0.0022160 secs] [Times: user=0.02 sys=0.00, real=0.00 secs] 
296.645: Total time for which application threads were stopped: 0.0037310 seconds, Stopping threads took: 0.0014320 seconds
296.683: Application time: 0.0378900 seconds
296.686: [GC [PSYoungGen: 49152K->6640K(49152K)] 126676K->85724K(160256K), 0.0024080 secs] [Times: user=0.02 sys=0.00, real=0.01 secs] 
296.688: Total time for which application threads were stopped: 0.0049990 seconds, Stopping threads took: 0.0025020 seconds
296.727: Application time: 0.0389360 seconds
296.729: [GC [PSYoungGen: 49136K->6656K(49152K)] 128220K->86180K(160256K), 0.0021320 secs] [Times: user=0.01 sys=0.00, real=0.00 secs] 
296.731: Total time for which application threads were stopped: 0.0036680 seconds, Stopping threads took: 0.0014550 seconds
296.770: Application time: 0.0390560 seconds
296.772: [GC [PSYoungGen: 49152K->6480K(49152K)] 128676K->86004K(160256K), 0.0021150 secs] [Times: user=0.01 sys=0.00, real=0.00 secs] 
296.774: Total time for which application threads were stopped: 0.0038410 seconds, Stopping threads took: 0.0016240 seconds
296.813: Application time: 0.0396050 seconds
296.816: [GC [PSYoungGen: 48976K->4864K(49152K)] 128500K->84396K(160256K), 0.0015010 secs] [Times: user=0.01 sys=0.00, real=0.00 secs] 
296.817: Total time for which application threads were stopped: 0.0039680 seconds, Stopping threads took: 0.0023860 seconds
296.857: Application time: 0.0399150 seconds
296.860: [GC [PSYoungGen: 47360K->5840K(49152K)] 126892K->85372K(160256K), 0.0017360 secs] [Times: user=0.01 sys=0.00, real=0.00 secs] 
296.862: Total time for which application threads were stopped: 0.0044040 seconds, Stopping threads took: 0.0025910 seconds
296.901: Application time: 0.0392060 seconds
296.903: [GC [PSYoungGen: 48336K->5680K(49152K)] 127868K->85212K(160256K), 0.0018270 secs] [Times: user=0.01 sys=0.00, real=0.00 secs] 
296.905: Total time for which application threads were stopped: 0.0038640 seconds, Stopping threads took: 0.0019630 seconds
296.943: Application time: 0.0379040 seconds
296.945: [GC [PSYoungGen: 48176K->6640K(49152K)] 127708K->86800K(160256K), 0.0023290 secs] [Times: user=0.01 sys=0.00, real=0.01 secs] 
296.947: Total time for which application threads were stopped: 0.0041810 seconds, Stopping threads took: 0.0017590 seconds
296.985: Application time: 0.0378440 seconds
296.987: [GC [PSYoungGen: 49136K->6640K(49152K)] 129296K->87456K(160256K), 0.0021880 secs] [Times: user=0.01 sys=0.00, real=0.00 secs] 
296.989: Total time for which application threads were stopped: 0.0046470 seconds, Stopping threads took: 0.0023550 seconds
297.027: Application time: 0.0373720 seconds
297.028: [GC [PSYoungGen: 49136K->6640K(49152K)] 129952K->88352K(160256K), 0.0023530 secs] [Times: user=0.01 sys=0.00, real=0.00 secs] 
297.031: Total time for which application threads were stopped: 0.0039840 seconds, Stopping threads took: 0.0015470 seconds
297.068: Application time: 0.0370250 seconds
297.070: [GC [PSYoungGen: 49136K->6656K(49152K)] 130848K->89568K(160256K), 0.0023960 secs] [Times: user=0.01 sys=0.00, real=0.00 secs] 
297.072: Total time for which application threads were stopped: 0.0043350 seconds, Stopping threads took: 0.0018540 seconds
297.110: Application time: 0.0381280 seconds
297.112: [GC [PSYoungGen: 49152K->6624K(49152K)] 132064K->89536K(160256K), 0.0020890 secs] [Times: user=0.01 sys=0.00, real=0.00 secs] 
297.114: Total time for which application threads were stopped: 0.0034510 seconds, Stopping threads took: 0.0012810 seconds
297.152: Application time: 0.0379190 seconds
297.153: [GC [PSYoungGen: 49120K->6544K(49152K)] 132032K->89465K(160256K), 0.0019620 secs] [Times: user=0.01 sys=0.00, real=0.00 secs] 
297.155: Total time for which application threads were stopped: 0.0035920 seconds, Stopping threads took: 0.0015500 seconds
297.194: Application time: 0.0388260 seconds
297.196: [GC [PSYoungGen: 49040K->6640K(49152K)] 131961K->90185K(160256K), 0.0021750 secs] [Times: user=0.01 sys=0.00, real=0.00 secs] 
297.198: Total time for which application threads were stopped: 0.0038650 seconds, Stopping threads took: 0.0016090 seconds
297.236: Application time: 0.0376530 seconds
297.237: [GC [PSYoungGen: 49136K->6656K(49152K)] 132681K->90696K(160256K), 0.0022140 secs] [Times: user=0.02 sys=0.00, real=0.01 secs] 
297.240: Total time for which application threads were stopped: 0.0039120 seconds, Stopping threads took: 0.0016150 seconds
297.277: Application time: 0.0378710 seconds
297.280: [GC [PSYoungGen: 49152K->6640K(49152K)] 133192K->91221K(160256K), 0.0020810 secs] [Times: user=0.00 sys=0.00, real=0.00 secs] 
297.282: Total time for which application threads were stopped: 0.0050280 seconds, Stopping threads took: 0.0028700 seconds
297.321: Application time: 0.0387210 seconds
297.323: [GC [PSYoungGen: 49136K->6640K(49152K)] 133717K->91597K(160256K), 0.0022290 secs] [Times: user=0.02 sys=0.00, real=0.00 secs] 
297.325: Total time for which application threads were stopped: 0.0036990 seconds, Stopping threads took: 0.0013830 seconds
297.364: Application time: 0.0391860 seconds
297.366: [GC [PSYoungGen: 49136K->6064K(49152K)] 134093K->91021K(160256K), 0.0018660 secs] [Times: user=0.02 sys=0.00, real=0.01 secs] 
297.367: Total time for which application threads were stopped: 0.0034310 seconds, Stopping threads took: 0.0014840 seconds
297.407: Application time: 0.0393280 seconds
297.408: [GC [PSYoungGen: 48560K->6656K(49152K)] 133517K->91829K(160256K), 0.0021730 secs] [Times: user=0.02 sys=0.00, real=0.00 secs] 
297.410: Total time for which application threads were stopped: 0.0034440 seconds, Stopping threads took: 0.0011900 seconds
297.449: Application time: 0.0388060 seconds
297.451: [GC [PSYoungGen: 49152K->6256K(49152K)] 134325K->91437K(160256K), 0.0019880 secs] [Times: user=0.01 sys=0.00, real=0.00 secs] 
297.453: Total time for which application threads were stopped: 0.0036820 seconds, Stopping threads took: 0.0015980 seconds
297.491: Application time: 0.0384380 seconds
297.493: [GC [PSYoungGen: 48752K->6432K(49152K)] 133933K->91621K(160256K), 0.0021050 secs] [Times: user=0.01 sys=0.00, real=0.00 secs] 
297.496: Total time for which application threads were stopped: 0.0043910 seconds, Stopping threads took: 0.0022030 seconds
297.535: Application time: 0.0389260 seconds
297.537: [GC [PSYoungGen: 48928K->6624K(49152K)] 134117K->92433K(160256K), 0.0023670 secs] [Times: user=0.02 sys=0.00, real=0.01 secs] 
297.539: Total time for which application threads were stopped: 0.0045070 seconds, Stopping threads took: 0.0020580 seconds
297.578: Application time: 0.0389140 seconds
297.580: [GC [PSYoungGen: 49119K->6656K(49152K)] 134928K->93609K(160256K), 0.0025000 secs] [Times: user=0.01 sys=0.00, real=0.00 secs] 
297.583: Total time for which application threads were stopped: 0.0048790 seconds, Stopping threads took: 0.0022920 seconds
297.621: Application time: 0.0381970 seconds
297.624: [GC [PSYoungGen: 49152K->6656K(49152K)] 136105K->94521K(160256K), 0.0022870 secs] [Times: user=0.01 sys=0.00, real=0.00 secs] 
297.626: Total time for which application threads were stopped: 0.0048230 seconds, Stopping threads took: 0.0024560 seconds
297.663: Application time: 0.0370530 seconds
297.665: [GC [PSYoungGen: 49152K->6656K(49152K)] 137017K->94577K(160256K), 0.0020060 secs] [Times: user=0.01 sys=0.00, real=0.01 secs] 
297.667: Total time for which application threads were stopped: 0.0039020 seconds, Stopping threads took: 0.0018130 seconds
297.705: Application time: 0.0379830 seconds
297.707: [GC [PSYoungGen: 49152K->6640K(49152K)] 137073K->95017K(160256K), 0.0023730 secs] [Times: user=0.01 sys=0.00, real=0.00 secs] 
297.709: Total time for which application threads were stopped: 0.0044760 seconds, Stopping threads took: 0.0020190 seconds
297.750: Application time: 0.0408520 seconds
297.753: [GC [PSYoungGen: 49136K->6592K(49152K)] 137513K->94977K(160256K), 0.0022530 secs] [Times: user=0.01 sys=0.00, real=0.00 secs] 
297.755: Total time for which application threads were stopped: 0.0050200 seconds, Stopping threads took: 0.0026830 seconds
297.794: Application time: 0.0391940 seconds
297.796: [GC [PSYoungGen: 49086K->5520K(49152K)] 137471K->93905K(160256K), 0.0018780 secs] [Times: user=0.01 sys=0.00, real=0.00 secs] 
297.798: Total time for which application threads were stopped: 0.0034200 seconds, Stopping threads took: 0.0014450 seconds
297.837: Application time: 0.0390570 seconds
297.840: [GC [PSYoungGen: 48016K->6352K(49152K)] 136401K->94745K(160256K), 0.0019800 secs] [Times: user=0.01 sys=0.00, real=0.00 secs] 
297.842: Total time for which application threads were stopped: 0.0050110 seconds, Stopping threads took: 0.0029470 seconds
297.881: Application time: 0.0389810 seconds
297.883: [GC [PSYoungGen: 48848K->5408K(49152K)] 137241K->93801K(160256K), 0.0016430 secs] [Times: user=0.01 sys=0.00, real=0.00 secs] 
297.885: Total time for which application threads were stopped: 0.0043290 seconds, Stopping threads took: 0.0026090 seconds
297.924: Application time: 0.0385250 seconds
297.926: [GC [PSYoungGen: 47904K->6416K(49152K)] 136297K->94809K(160256K), 0.0019050 secs] [Times: user=0.01 sys=0.00, real=0.01 secs] 
297.928: Total time for which application threads were stopped: 0.0042740 seconds, Stopping threads took: 0.0022940 seconds
297.967: Application time: 0.0388480 seconds
297.968: [GC [PSYoungGen: 48912K->6656K(49152K)] 137305K->95265K(160256K), 0.0020770 secs] [Times: user=0.01 sys=0.00, real=0.00 secs] 
297.970: Total time for which application threads were stopped: 0.0036910 seconds, Stopping threads took: 0.0015210 seconds
298.010: Application time: 0.0396750 seconds
298.012: [GC [PSYoungGen: 49152K->5328K(49152K)] 137761K->93937K(160256K), 0.0016930 secs] [Times: user=0.02 sys=0.00, real=0.00 secs] 
298.013: Total time for which application threads were stopped: 0.0031510 seconds, Stopping threads took: 0.0013800 seconds
298.053: Application time: 0.0394090 seconds
298.054: [GC [PSYoungGen: 47824K->6016K(49152K)] 136433K->94633K(160256K), 0.0019470 secs] [Times: user=0.02 sys=0.00, real=0.00 secs] 
298.056: Total time for which application threads were stopped: 0.0031870 seconds, Stopping threads took: 0.0011640 seconds
298.093: Application time: 0.0371770 seconds
298.095: [GC [PSYoungGen: 48512K->6624K(49152K)] 137129K->95305K(160256K), 0.0020720 secs] [Times: user=0.01 sys=0.00, real=0.00 secs] 
298.097: Total time for which application threads were stopped: 0.0039580 seconds, Stopping threads took: 0.0018080 seconds
298.137: Application time: 0.0397980 seconds
298.138: [GC [PSYoungGen: 49120K->6656K(49152K)] 137801K->95449K(160256K), 0.0021070 secs] [Times: user=0.02 sys=0.00, real=0.01 secs] 
298.140: Total time for which application threads were stopped: 0.0035790 seconds, Stopping threads took: 0.0013890 seconds
298.181: Application time: 0.0403470 seconds
298.183: [GC [PSYoungGen: 49152K->6624K(49152K)] 137945K->95513K(160256K), 0.0020320 secs] [Times: user=0.01 sys=0.00, real=0.00 secs] 
298.185: Total time for which application threads were stopped: 0.0042130 seconds, Stopping threads took: 0.0021030 seconds
298.223: Application time: 0.0380760 seconds
298.226: [GC [PSYoungGen: 49120K->6656K(49152K)] 138009K->96369K(160256K), 0.0024550 secs] [Times: user=0.02 sys=0.00, real=0.01 secs] 
298.228: Total time for which application threads were stopped: 0.0050350 seconds, Stopping threads took: 0.0024930 seconds
298.267: Application time: 0.0389660 seconds
298.269: [GC [PSYoungGen: 49152K->6288K(49152K)] 138865K->96001K(160256K), 0.0019540 secs] [Times: user=0.01 sys=0.00, real=0.00 secs] 
298.271: Total time for which application threads were stopped: 0.0035180 seconds, Stopping threads took: 0.0014800 seconds
298.310: Application time: 0.0391340 seconds
298.312: [GC [PSYoungGen: 48784K->5216K(49152K)] 138497K->94937K(160256K), 0.0017480 secs] [Times: user=0.01 sys=0.00, real=0.00 secs] 
298.314: Total time for which application threads were stopped: 0.0041400 seconds, Stopping threads took: 0.0023170 seconds
298.353: Application time: 0.0392290 seconds
298.355: [GC [PSYoungGen: 47712K->5616K(49152K)] 137433K->95337K(160256K), 0.0017020 secs] [Times: user=0.02 sys=0.00, real=0.00 secs] 
298.357: Total time for which application threads were stopped: 0.0040550 seconds, Stopping threads took: 0.0022760 seconds
298.395: Application time: 0.0378290 seconds
298.396: [GC [PSYoungGen: 48112K->6048K(49152K)] 137833K->95777K(160256K), 0.0018310 secs] [Times: user=0.01 sys=0.00, real=0.00 secs] 
298.398: Total time for which application threads were stopped: 0.0031970 seconds, Stopping threads took: 0.0012870 seconds
298.437: Application time: 0.0387310 seconds
298.439: [GC [PSYoungGen: 48544K->6400K(49152K)] 138273K->96129K(160256K), 0.0019570 secs] [Times: user=0.01 sys=0.00, real=0.00 secs] 
298.441: Total time for which application threads were stopped: 0.0038890 seconds, Stopping threads took: 0.0018500 seconds
298.481: Application time: 0.0401560 seconds
298.484: [GC [PSYoungGen: 48896K->6592K(49152K)] 138625K->96329K(160256K), 0.0021100 secs] [Times: user=0.01 sys=0.00, real=0.00 secs] 
298.486: Total time for which application threads were stopped: 0.0050450 seconds, Stopping threads took: 0.0028430 seconds
298.523: Application time: 0.0369350 seconds
298.526: [GC [PSYoungGen: 49088K->6208K(49152K)] 138825K->95953K(160256K), 0.0019520 secs] [Times: user=0.01 sys=0.00, real=0.01 secs] 
298.528: Total time for which application threads were stopped: 0.0049320 seconds, Stopping threads took: 0.0028890 seconds
298.566: Application time: 0.0385710 seconds
298.568: [GC [PSYoungGen: 48704K->6640K(49152K)] 138449K->96713K(160256K), 0.0021080 secs] [Times: user=0.01 sys=0.00, real=0.00 secs] 
298.570: Total time for which application threads were stopped: 0.0036210 seconds, Stopping threads took: 0.0014330 seconds
298.608: Application time: 0.0383020 seconds
298.610: [GC [PSYoungGen: 49136K->6208K(49152K)] 139209K->96297K(160256K), 0.0019560 secs] [Times: user=0.02 sys=0.00, real=0.00 secs] 
298.612: Total time for which application threads were stopped: 0.0037230 seconds, Stopping threads took: 0.0016890 seconds
298.651: Application time: 0.0389590 seconds
298.654: [GC [PSYoungGen: 48704K->6528K(49152K)] 138793K->96617K(160256K), 0.0018780 secs] [Times: user=0.01 sys=0.00, real=0.00 secs] 
298.656: Total time for which application threads were stopped: 0.0048340 seconds, Stopping threads took: 0.0028750 seconds
298.697: Application time: 0.0409020 seconds
298.700: [GC [PSYoungGen: 49024K->6640K(49152K)] 139113K->97305K(160256K), 0.0023670 secs] [Times: user=0.02 sys=0.00, real=0.00 secs] 
298.702: Total time for which application threads were stopped: 0.0052810 seconds, Stopping threads took: 0.0028080 seconds
298.739: Application time: 0.0370450 seconds
298.741: [GC [PSYoungGen: 49136K->6656K(49152K)] 139801K->97761K(160256K), 0.0022810 secs] [Times: user=0.02 sys=0.00, real=0.00 secs] 
298.744: Total time for which application threads were stopped: 0.0044160 seconds, Stopping threads took: 0.0020530 seconds
298.780: Application time: 0.0363200 seconds
298.782: [GC [PSYoungGen: 49152K->6640K(49152K)] 140257K->99025K(160256K), 0.0024170 secs] [Times: user=0.02 sys=0.00, real=0.00 secs] 
298.784: Total time for which application threads were stopped: 0.0043080 seconds, Stopping threads took: 0.0018050 seconds
298.823: Application time: 0.0392170 seconds
298.826: [GC [PSYoungGen: 49136K->6640K(49152K)] 141521K->99081K(160256K), 0.0020170 secs] [Times: user=0.01 sys=0.00, real=0.01 secs] 
298.828: Total time for which application threads were stopped: 0.0048790 seconds, Stopping threads took: 0.0027800 seconds
298.866: Application time: 0.0377700 seconds
298.869: [GC [PSYoungGen: 49136K->6640K(49152K)] 141577K->99105K(160256K), 0.0019910 secs] [Times: user=0.02 sys=0.00, real=0.00 secs] 
298.871: Total time for which application threads were stopped: 0.0045550 seconds, Stopping threads took: 0.0024830 seconds
298.909: Application time: 0.0380970 seconds
298.911: [GC [PSYoungGen: 49136K->5488K(49152K)] 141601K->97953K(160256K), 0.0017260 secs] [Times: user=0.01 sys=0.00, real=0.00 secs] 
298.913: Total time for which application threads were stopped: 0.0041180 seconds, Stopping threads took: 0.0023100 seconds
298.951: Application time: 0.0384900 seconds
298.953: [GC [PSYoungGen: 47984K->6336K(49152K)] 140449K->98801K(160256K), 0.0021090 secs] [Times: user=0.01 sys=0.00, real=0.00 secs] 
298.955: Total time for which application threads were stopped: 0.0038660 seconds, Stopping threads took: 0.0016570 seconds
298.993: Application time: 0.0377840 seconds
298.995: [GC [PSYoungGen: 48832K->6656K(49152K)] 141297K->99633K(160256K), 0.0022650 secs] [Times: user=0.02 sys=0.00, real=0.00 secs] 
298.997: Total time for which application threads were stopped: 0.0041550 seconds, Stopping threads took: 0.0018000 seconds
299.035: Application time: 0.0381280 seconds
299.037: [GC [PSYoungGen: 49152K->6640K(49152K)] 142129K->100097K(160256K), 0.0022040 secs] [Times: user=0.01 sys=0.00, real=0.01 secs] 
299.039: Total time for which application threads were stopped: 0.0037500 seconds, Stopping threads took: 0.0014620 seconds
299.077: Application time: 0.0376690 seconds
299.079: [GC [PSYoungGen: 49136K->6656K(49152K)] 142593K->100465K(160256K), 0.0021730 secs] [Times: user=0.01 sys=0.00, real=0.00 secs] 
299.081: Total time for which application threads were stopped: 0.0041000 seconds, Stopping threads took: 0.0018410 seconds
299.119: Application time: 0.0386510 seconds
299.121: [GC [PSYoungGen: 49152K->6048K(49152K)] 142961K->99873K(160256K), 0.0019300 secs] [Times: user=0.01 sys=0.00, real=0.00 secs] 
299.123: Total time for which application threads were stopped: 0.0036120 seconds, Stopping threads took: 0.0015970 seconds
299.162: Application time: 0.0389990 seconds
299.165: [GC [PSYoungGen: 48544K->6640K(49152K)] 142369K->100577K(160256K), 0.0020570 secs] [Times: user=0.02 sys=0.00, real=0.01 secs] 
299.167: Total time for which application threads were stopped: 0.0049370 seconds, Stopping threads took: 0.0027980 seconds
299.204: Application time: 0.0371270 seconds
299.206: [GC [PSYoungGen: 49136K->6656K(49152K)] 143073K->101513K(160256K), 0.0023520 secs] [Times: user=0.01 sys=0.00, real=0.01 secs] 
299.209: Total time for which application threads were stopped: 0.0045720 seconds, Stopping threads took: 0.0021320 seconds
299.248: Application time: 0.0395590 seconds
299.251: [GC [PSYoungGen: 49152K->6592K(49152K)] 144009K->101457K(160256K), 0.0019600 secs] [Times: user=0.01 sys=0.00, real=0.00 secs] 
299.253: Total time for which application threads were stopped: 0.0042320 seconds, Stopping threads took: 0.0021930 seconds
299.291: Application time: 0.0385000 seconds
299.293: [GC [PSYoungGen: 49088K->6576K(49152K)] 143953K->101441K(160256K), 0.0020690 secs] [Times: user=0.01 sys=0.00, real=0.00 secs] 
299.295: Total time for which application threads were stopped: 0.0038470 seconds, Stopping threads took: 0.0016940 seconds
299.335: Application time: 0.0404860 seconds
299.337: [GC [PSYoungGen: 49072K->5920K(49152K)] 143937K->100785K(160256K), 0.0019200 secs] [Times: user=0.01 sys=0.00, real=0.01 secs] 
299.339: Total time for which application threads were stopped: 0.0034300 seconds, Stopping threads took: 0.0014380 seconds
299.379: Application time: 0.0401930 seconds
299.381: [GC [PSYoungGen: 48416K->6640K(49152K)] 143281K->101713K(160256K), 0.0021190 secs] [Times: user=0.01 sys=0.00, real=0.00 secs] 
299.383: Total time for which application threads were stopped: 0.0041270 seconds, Stopping threads took: 0.0019240 seconds
299.421: Application time: 0.0377600 seconds
299.423: [GC [PSYoungGen: 49136K->6480K(49152K)] 144209K->101561K(160256K), 0.0020430 secs] [Times: user=0.01 sys=0.00, real=0.00 secs] 
299.425: Total time for which application threads were stopped: 0.0043750 seconds, Stopping threads took: 0.0022490 seconds
299.464: Application time: 0.0391960 seconds
299.467: [GC [PSYoungGen: 48976K->5856K(49152K)] 144057K->100937K(160256K), 0.0019090 secs] [Times: user=0.01 sys=0.00, real=0.00 secs] 
299.469: Total time for which application threads were stopped: 0.0041370 seconds, Stopping threads took: 0.0021400 seconds
299.507: Application time: 0.0385800 seconds
299.509: [GC [PSYoungGen: 48352K->6224K(49152K)] 143433K->101305K(160256K), 0.0019540 secs] [Times: user=0.01 sys=0.00, real=0.00 secs] 
299.511: Total time for which application threads were stopped: 0.0034840 seconds, Stopping threads took: 0.0014410 seconds
299.550: Application time: 0.0390660 seconds
299.552: [GC [PSYoungGen: 48720K->5488K(49152K)] 143801K->100585K(160256K), 0.0018100 secs] [Times: user=0.01 sys=0.00, real=0.00 secs] 
299.554: Total time for which application threads were stopped: 0.0039330 seconds, Stopping threads took: 0.0020250 seconds
299.590: Application time: 0.0364120 seconds
299.592: [GC [PSYoungGen: 47984K->6640K(49152K)] 143081K->102009K(160256K), 0.0021730 secs] [Times: user=0.01 sys=0.00, real=0.00 secs] 
299.594: Total time for which application threads were stopped: 0.0040930 seconds, Stopping threads took: 0.0018170 seconds
299.633: Application time: 0.0388510 seconds
299.635: [GC [PSYoungGen: 49136K->6656K(49152K)] 144505K->103569K(160256K), 0.0024000 secs] [Times: user=0.02 sys=0.00, real=0.00 secs] 
299.638: Total time for which application threads were stopped: 0.0048970 seconds, Stopping threads took: 0.0024210 seconds
299.679: Application time: 0.0406340 seconds
299.680: [GC [PSYoungGen: 49152K->6640K(49152K)] 146065K->103777K(160256K), 0.0020690 secs] [Times: user=0.02 sys=0.00, real=0.00 secs] 
299.682: Total time for which application threads were stopped: 0.0038820 seconds, Stopping threads took: 0.0017260 seconds
299.724: Application time: 0.0419530 seconds
299.727: [GC [PSYoungGen: 49136K->6624K(49152K)] 146273K->104913K(160256K), 0.0023480 secs] [Times: user=0.02 sys=0.00, real=0.00 secs] 
299.729: Total time for which application threads were stopped: 0.0049640 seconds, Stopping threads took: 0.0025230 seconds
299.771: Application time: 0.0413330 seconds
299.772: [GC [PSYoungGen: 49120K->6384K(49152K)] 147409K->104681K(160256K), 0.0020460 secs] [Times: user=0.01 sys=0.00, real=0.00 secs] 
299.775: Total time for which application threads were stopped: 0.0038100 seconds, Stopping threads took: 0.0016770 seconds
299.815: Application time: 0.0400990 seconds
299.818: [GC [PSYoungGen: 48879K->6640K(49152K)] 147176K->105249K(160256K), 0.0021310 secs] [Times: user=0.02 sys=0.00, real=0.01 secs] 
299.820: Total time for which application threads were stopped: 0.0052660 seconds, Stopping threads took: 0.0030500 seconds
299.861: Application time: 0.0408420 seconds
299.864: [GC [PSYoungGen: 49136K->6656K(49152K)] 147745K->105465K(160256K), 0.0021330 secs] [Times: user=0.01 sys=0.00, real=0.00 secs] 
299.866: Total time for which application threads were stopped: 0.0049930 seconds, Stopping threads took: 0.0027770 seconds
299.905: Application time: 0.0389750 seconds
299.906: [GC [PSYoungGen: 49152K->6656K(49152K)] 147961K->106186K(160256K), 0.0022870 secs] [Times: user=0.01 sys=0.00, real=0.01 secs] 
299.909: Total time for which application threads were stopped: 0.0038540 seconds, Stopping threads took: 0.0014760 seconds
299.950: Application time: 0.0412010 seconds
299.952: [GC [PSYoungGen: 49152K->5824K(49152K)] 148682K->105362K(160256K), 0.0019060 secs] [Times: user=0.01 sys=0.00, real=0.00 secs] 
299.954: Total time for which application threads were stopped: 0.0038870 seconds, Stopping threads took: 0.0018990 seconds
299.996: Application time: 0.0420230 seconds
299.999: [GC [PSYoungGen: 48320K->6640K(49152K)] 147858K->107102K(160256K), 0.0023990 secs] [Times: user=0.01 sys=0.00, real=0.00 secs] 
300.001: Total time for which application threads were stopped: 0.0057860 seconds, Stopping threads took: 0.0033010 seconds
300.044: Application time: 0.0428730 seconds
300.048: [GC [PSYoungGen: 49136K->6624K(49152K)] 149598K->107806K(160256K), 0.0021900 secs] [Times: user=0.01 sys=0.00, real=0.00 secs] 
300.050: Total time for which application threads were stopped: 0.0054830 seconds, Stopping threads took: 0.0032010 seconds
300.090: Application time: 0.0401840 seconds
300.091: [GC [PSYoungGen: 49120K->6640K(49152K)] 150302K->108478K(160256K), 0.0022610 secs] [Times: user=0.02 sys=0.00, real=0.00 secs] 
300.094: Total time for which application threads were stopped: 0.0037710 seconds, Stopping threads took: 0.0014220 seconds
300.134: Application time: 0.0398220 seconds
300.134: [GC [PSYoungGen: 49136K->6176K(49152K)] 150974K->108014K(160256K), 0.0019710 secs] [Times: user=0.02 sys=0.00, real=0.00 secs] 
300.137: Total time for which application threads were stopped: 0.0029060 seconds, Stopping threads took: 0.0008450 seconds
300.177: Application time: 0.0406070 seconds
300.180: [GC [PSYoungGen: 48672K->6640K(49152K)] 150510K->108870K(160256K), 0.0022080 secs] [Times: user=0.01 sys=0.00, real=0.00 secs] 
300.182: Total time for which application threads were stopped: 0.0050520 seconds, Stopping threads took: 0.0027570 seconds
300.223: Application time: 0.0409770 seconds
300.225: [GC [PSYoungGen: 49136K->6640K(49152K)] 151366K->108990K(160256K), 0.0021060 secs] [Times: user=0.01 sys=0.00, real=0.01 secs] 
300.227: Total time for which application threads were stopped: 0.0042020 seconds, Stopping threads took: 0.0020080 seconds
300.268: Application time: 0.0402850 seconds
300.270: [GC [PSYoungGen: 49136K->6656K(49152K)] 151486K->109414K(160256K), 0.0022200 secs] [Times: user=0.01 sys=0.00, real=0.00 secs] 
300.273: Total time for which application threads were stopped: 0.0050210 seconds, Stopping threads took: 0.0027200 seconds
300.314: Application time: 0.0412430 seconds
300.317: [GC [PSYoungGen: 49152K->6128K(49152K)] 151910K->108894K(160256K), 0.0020190 secs] [Times: user=0.01 sys=0.00, real=0.01 secs] 
300.319: Total time for which application threads were stopped: 0.0052180 seconds, Stopping threads took: 0.0031120 seconds
300.360: Application time: 0.0410880 seconds
300.362: [GC [PSYoungGen: 48624K->6064K(49152K)] 151390K->108838K(160256K), 0.0018830 secs] [Times: user=0.01 sys=0.00, real=0.00 secs] 
300.364: Total time for which application threads were stopped: 0.0036860 seconds, Stopping threads took: 0.0017170 seconds
300.407: Application time: 0.0433120 seconds
300.409: [GC [PSYoungGen: 48560K->5520K(49152K)] 151334K->108294K(160256K), 0.0017620 secs] [Times: user=0.01 sys=0.00, real=0.00 secs] 
300.411: Total time for which application threads were stopped: 0.0035040 seconds, Stopping threads took: 0.0016580 seconds
300.450: Application time: 0.0389950 seconds
300.452: [GC [PSYoungGen: 48016K->6640K(49152K)] 150790K->110190K(160256K), 0.0023290 secs] [Times: user=0.02 sys=0.00, real=0.00 secs] 
300.454: Total time for which application threads were stopped: 0.0046700 seconds, Stopping threads took: 0.0022570 seconds
300.498: Application time: 0.0434870 seconds
300.500: [GC [PSYoungGen: 49136K->6656K(49152K)] 152686K->110798K(160256K), 0.0021580 secs] [Times: user=0.02 sys=0.00, real=0.00 secs] 
300.502: Total time for which application threads were stopped: 0.0044060 seconds, Stopping threads took: 0.0021740 seconds
300.544: Application time: 0.0417030 seconds
300.545: [GC [PSYoungGen: 49152K->6640K(49152K)] 153294K->111174K(160256K), 0.0021410 secs] [Times: user=0.02 sys=0.00, real=0.01 secs] 
300.548: Total time for which application threads were stopped: 0.0035670 seconds, Stopping threads took: 0.0013460 seconds
300.591: Application time: 0.0431090 seconds
300.593: [GC [PSYoungGen: 49136K->6640K(49152K)] 153670K->112378K(160256K), 0.0024260 secs] [Times: user=0.01 sys=0.00, real=0.00 secs] 
300.596: Total time for which application threads were stopped: 0.0051620 seconds, Stopping threads took: 0.0026490 seconds
300.638: Application time: 0.0417080 seconds
300.641: [GC [PSYoungGen: 49136K->6640K(49152K)] 154874K->113386K(160256K), 0.0024580 secs] [Times: user=0.02 sys=0.00, real=0.00 secs] 
300.643: Total time for which application threads were stopped: 0.0055210 seconds, Stopping threads took: 0.0029720 seconds
300.686: Application time: 0.0433200 seconds
300.688: [GC [PSYoungGen: 49136K->6640K(49152K)] 155882K->114210K(160256K), 0.0023220 secs] [Times: user=0.02 sys=0.00, real=0.00 secs] 
300.690: Total time for which application threads were stopped: 0.0036560 seconds, Stopping threads took: 0.0012450 seconds
300.731: Application time: 0.0411190 seconds
300.733: [GC [PSYoungGen: 49136K->6656K(49152K)] 156706K->114314K(160256K), 0.0022100 secs] [Times: user=0.01 sys=0.00, real=0.00 secs] 
300.735: Total time for which application threads were stopped: 0.0041870 seconds, Stopping threads took: 0.0018940 seconds
300.776: Application time: 0.0406550 seconds
300.778: [GC [PSYoungGen: 49152K->5344K(49152K)] 156810K->113002K(160256K), 0.0016960 secs] [Times: user=0.01 sys=0.00, real=0.01 secs] 
300.780: Total time for which application threads were stopped: 0.0034780 seconds, Stopping threads took: 0.0016950 seconds
300.821: Application time: 0.0416890 seconds
300.823: [GC [PSYoungGen: 47840K->5120K(49152K)] 155498K->112778K(160256K), 0.0017590 secs] [Times: user=0.01 sys=0.00, real=0.00 secs] 
300.825: Total time for which application threads were stopped: 0.0035230 seconds, Stopping threads took: 0.0016870 seconds
300.864: Application time: 0.0393770 seconds
300.866: [GC [PSYoungGen: 47615K->6656K(49152K)] 155273K->114794K(160256K), 0.0022750 secs] [Times: user=0.02 sys=0.00, real=0.01 secs] 
300.868: Total time for which application threads were stopped: 0.0039350 seconds, Stopping threads took: 0.0015560 seconds
300.908: Application time: 0.0401330 seconds
300.911: [GC [PSYoungGen: 49152K->6656K(49152K)] 157290K->115010K(160256K), 0.0021400 secs] [Times: user=0.02 sys=0.00, real=0.00 secs] 
300.913: Total time for which application threads were stopped: 0.0047570 seconds, Stopping threads took: 0.0025280 seconds
300.954: Application time: 0.0414350 seconds
300.956: [GC [PSYoungGen: 49152K->6480K(49152K)] 157506K->114834K(160256K), 0.0021110 secs] [Times: user=0.01 sys=0.00, real=0.00 secs] 
300.958: Total time for which application threads were stopped: 0.0038470 seconds, Stopping threads took: 0.0016490 seconds
300.999: Application time: 0.0411420 seconds
301.001: [GC [PSYoungGen: 48976K->5840K(49152K)] 157330K->114194K(160256K), 0.0019030 secs] [Times: user=0.02 sys=0.00, real=0.00 secs] 
301.003: Total time for which application threads were stopped: 0.0031250 seconds, Stopping threads took: 0.0011450 seconds
301.043: Application time: 0.0406250 seconds
301.045: [GC [PSYoungGen: 48336K->6336K(49152K)] 156690K->114698K(160256K), 0.0020270 secs] [Times: user=0.02 sys=0.00, real=0.01 secs] 
301.047: Total time for which application threads were stopped: 0.0043430 seconds, Stopping threads took: 0.0022330 seconds
301.089: Application time: 0.0418970 seconds
301.091: [GC [PSYoungGen: 48832K->6656K(49152K)] 157194K->115362K(160256K), 0.0022870 secs] [Times: user=0.02 sys=0.00, real=0.00 secs] 
301.093: Total time for which application threads were stopped: 0.0036050 seconds, Stopping threads took: 0.0012290 seconds
301.133: Application time: 0.0404020 seconds
301.135: [GC [PSYoungGen: 49152K->6656K(49152K)] 157858K->115954K(160256K), 0.0023020 secs] [Times: user=0.02 sys=0.00, real=0.00 secs] 
301.137: Total time for which application threads were stopped: 0.0040470 seconds, Stopping threads took: 0.0016280 seconds
301.177: Application time: 0.0395980 seconds
301.178: [GC [PSYoungGen: 49152K->6656K(49152K)] 158450K->116002K(160256K), 0.0021470 secs] [Times: user=0.01 sys=0.00, real=0.01 secs] 
301.181: Total time for which application threads were stopped: 0.0034970 seconds, Stopping threads took: 0.0012650 seconds
301.223: Application time: 0.0420310 seconds
301.225: [GC [PSYoungGen: 49152K->6640K(49152K)] 158498K->116810K(160256K), 0.0023320 secs] [Times: user=0.02 sys=0.00, real=0.01 secs] 
301.227: [Full GC [PSYoungGen: 6640K->0K(49152K)] [ParOldGen: 110170K->10573K(111104K)] 116810K->10573K(160256K) [PSPermGen: 5184K->5184K(21504K)], 0.0066500 secs] [Times: user=0.03 sys=0.00, real=0.00 secs] 
301.234: Total time for which application threads were stopped: 0.0112480 seconds, Stopping threads took: 0.0021250 seconds
301.274: Application time: 0.0400910 seconds
301.276: [GC [PSYoungGen: 42496K->6656K(49152K)] 53069K->17893K(160256K), 0.0022080 secs] [Times: user=0.02 sys=0.00, real=0.00 secs] 
301.278: Total time for which application threads were stopped: 0.0042110 seconds, Stopping threads took: 0.0019180 seconds
301.318: Application time: 0.0394730 seconds
301.320: [GC [PSYoungGen: 49152K->6640K(49152K)] 60389K->19333K(160256K), 0.0024860 secs] [Times: user=0.01 sys=0.00, real=0.00 secs] 
301.323: Total time for which application threads were stopped: 0.0049610 seconds, Stopping threads took: 0.0023560 seconds
301.362: Application time: 0.0397920 seconds
301.364: [GC [PSYoungGen: 49136K->6656K(49152K)] 61829K->20533K(160256K), 0.0022840 secs] [Times: user=0.02 sys=0.00, real=0.00 secs] 
301.366: Total time for which application threads were stopped: 0.0038140 seconds, Stopping threads took: 0.0014440 seconds
301.406: Application time: 0.0401380 seconds
301.408: [GC [PSYoungGen: 49152K->6176K(49152K)] 63029K->20053K(160256K), 0.0019280 secs] [Times: user=0.01 sys=0.00, real=0.00 secs] 
301.410: Total time for which application threads were stopped: 0.0037300 seconds, Stopping threads took: 0.0017200 seconds
301.452: Application time: 0.0416470 seconds
301.453: [GC [PSYoungGen: 48672K->5744K(49152K)] 62549K->19621K(160256K), 0.0019990 secs] [Times: user=0.01 sys=0.00, real=0.00 secs] 
301.455: Total time for which application threads were stopped: 0.0036980 seconds, Stopping threads took: 0.0016180 seconds
301.495: Application time: 0.0400080 seconds
301.498: [GC [PSYoungGen: 48240K->6624K(49152K)] 62117K->20509K(160256K), 0.0022490 secs] [Times: user=0.02 sys=0.00, real=0.01 secs] 
301.500: Total time for which application threads were stopped: 0.0046840 seconds, Stopping threads took: 0.0023290 seconds
301.541: Application time: 0.0413070 seconds
301.544: [GC [PSYoungGen: 49120K->6624K(49152K)] 63005K->21265K(160256K), 0.0021780 secs] [Times: user=0.02 sys=0.00, real=0.00 secs] 
301.546: Total time for which application threads were stopped: 0.0046820 seconds, Stopping threads took: 0.0023950 seconds
301.587: Application time: 0.0406380 seconds
301.589: [GC [PSYoungGen: 49120K->6320K(49152K)] 63761K->20961K(160256K), 0.0018700 secs] [Times: user=0.01 sys=0.00, real=0.00 secs] 
301.591: Total time for which application threads were stopped: 0.0043150 seconds, Stopping threads took: 0.0023590 seconds
301.633: Application time: 0.0417330 seconds
301.636: [GC [PSYoungGen: 48816K->6656K(49152K)] 63457K->22249K(160256K), 0.0022040 secs] [Times: user=0.01 sys=0.00, real=0.00 secs] 
301.638: Total time for which application threads were stopped: 0.0052710 seconds, Stopping threads took: 0.0029740 seconds
301.680: Application time: 0.0422270 seconds
301.682: [GC [PSYoungGen: 49152K->6240K(49152K)] 64745K->21833K(160256K), 0.0018840 secs] [Times: user=0.01 sys=0.00, real=0.00 secs] 
301.684: Total time for which application threads were stopped: 0.0036670 seconds, Stopping threads took: 0.0017000 seconds
301.727: Application time: 0.0433990 seconds
301.729: [GC [PSYoungGen: 48736K->4592K(49152K)] 64329K->20185K(160256K), 0.0013780 secs] [Times: user=0.01 sys=0.00, real=0.00 secs] 
301.730: Total time for which application threads were stopped: 0.0029950 seconds, Stopping threads took: 0.0015440 seconds
301.772: Application time: 0.0421350 seconds
301.774: [GC [PSYoungGen: 47088K->5904K(49152K)] 62681K->21497K(160256K), 0.0018020 secs] [Times: user=0.02 sys=0.00, real=0.00 secs] 
301.776: Total time for which application threads were stopped: 0.0033350 seconds, Stopping threads took: 0.0014530 seconds
301.818: Application time: 0.0426470 seconds
301.820: [GC [PSYoungGen: 48400K->5856K(49152K)] 63993K->21449K(160256K), 0.0017270 secs] [Times: user=0.01 sys=0.00, real=0.00 secs] 
301.822: Total time for which application threads were stopped: 0.0035670 seconds, Stopping threads took: 0.0017630 seconds
301.866: Application time: 0.0435070 seconds
301.868: [GC [PSYoungGen: 48352K->5696K(49152K)] 63945K->21289K(160256K), 0.0016580 secs] [Times: user=0.01 sys=0.00, real=0.00 secs] 
301.869: Total time for which application threads were stopped: 0.0037370 seconds, Stopping threads took: 0.0019950 seconds
301.911: Application time: 0.0417920 seconds
301.914: [GC [PSYoungGen: 48192K->5648K(49152K)] 63785K->21241K(160256K), 0.0016480 secs] [Times: user=0.01 sys=0.00, real=0.00 secs] 
301.915: Total time for which application threads were stopped: 0.0041730 seconds, Stopping threads took: 0.0024430 seconds
301.956: Application time: 0.0406050 seconds
301.957: [GC [PSYoungGen: 48144K->6336K(49152K)] 63737K->21937K(160256K), 0.0019450 secs] [Times: user=0.02 sys=0.00, real=0.01 secs] 
301.959: Total time for which application threads were stopped: 0.0035050 seconds, Stopping threads took: 0.0014770 seconds
302.001: Application time: 0.0416530 seconds
302.003: [GC [PSYoungGen: 48830K->6624K(49152K)] 64432K->22737K(160256K), 0.0020630 secs] [Times: user=0.01 sys=0.00, real=0.00 secs] 
302.005: Total time for which application threads were stopped: 0.0040890 seconds, Stopping threads took: 0.0019450 seconds
302.046: Application time: 0.0413040 seconds
302.047: [GC [PSYoungGen: 49120K->6096K(49152K)] 65233K->22209K(160256K), 0.0018580 secs] [Times: user=0.02 sys=0.00, real=0.00 secs] 
302.049: Total time for which application threads were stopped: 0.0025970 seconds, Stopping threads took: 0.0006620 seconds
302.091: Application time: 0.0416580 seconds
302.095: [GC [PSYoungGen: 48592K->6048K(49152K)] 64705K->22169K(160256K), 0.0016950 secs] [Times: user=0.01 sys=0.00, real=0.00 secs] 
302.096: Total time for which application threads were stopped: 0.0056800 seconds, Stopping threads took: 0.0038910 seconds
302.138: Application time: 0.0412530 seconds
302.140: [GC [PSYoungGen: 48544K->6656K(49152K)] 64665K->23913K(160256K), 0.0025290 secs] [Times: user=0.01 sys=0.01, real=0.00 secs] 
302.143: Total time for which application threads were stopped: 0.0054210 seconds, Stopping threads took: 0.0027940 seconds
302.184: Application time: 0.0411990 seconds
302.186: [GC [PSYoungGen: 49150K->6656K(49152K)] 66408K->24745K(160256K), 0.0024740 secs] [Times: user=0.02 sys=0.00, real=0.01 secs] 
302.189: Total time for which application threads were stopped: 0.0043440 seconds, Stopping threads took: 0.0017820 seconds
302.229: Application time: 0.0399830 seconds
302.231: [GC [PSYoungGen: 49152K->6656K(49152K)] 67241K->25201K(160256K), 0.0022800 secs] [Times: user=0.01 sys=0.00, real=0.00 secs] 
302.233: Total time for which application threads were stopped: 0.0044750 seconds, Stopping threads took: 0.0020870 seconds
302.273: Application time: 0.0395970 seconds
302.274: [GC [PSYoungGen: 49152K->6640K(49152K)] 67697K->25889K(160256K), 0.0023070 secs] [Times: user=0.01 sys=0.00, real=0.00 secs] 
302.277: Total time for which application threads were stopped: 0.0041140 seconds, Stopping threads took: 0.0016980 seconds
302.317: Application time: 0.0403840 seconds
302.319: [GC [PSYoungGen: 49136K->6640K(49152K)] 68385K->26361K(160256K), 0.0021480 secs] [Times: user=0.02 sys=0.00, real=0.00 secs] 
302.322: Total time for which application threads were stopped: 0.0043600 seconds, Stopping threads took: 0.0021050 seconds
302.362: Application time: 0.0407350 seconds
302.365: [GC [PSYoungGen: 49136K->6656K(49152K)] 68857K->27225K(160256K), 0.0020590 secs] [Times: user=0.01 sys=0.00, real=0.01 secs] 
302.367: Total time for which application threads were stopped: 0.0047660 seconds, Stopping threads took: 0.0026270 seconds
302.409: Application time: 0.0418900 seconds
302.412: [GC [PSYoungGen: 49152K->6624K(49152K)] 69721K->27201K(160256K), 0.0019450 secs] [Times: user=0.01 sys=0.00, real=0.00 secs] 
302.414: Total time for which application threads were stopped: 0.0046630 seconds, Stopping threads took: 0.0026210 seconds
302.457: Application time: 0.0432160 seconds
302.459: [GC [PSYoungGen: 49120K->6240K(49152K)] 69697K->26817K(160256K), 0.0018320 secs] [Times: user=0.01 sys=0.00, real=0.00 secs] 
302.461: Total time for which application threads were stopped: 0.0042670 seconds, Stopping threads took: 0.0023480 seconds
302.503: Application time: 0.0423880 seconds
302.507: [GC [PSYoungGen: 48736K->6656K(49152K)] 69313K->27457K(160256K), 0.0021000 secs] [Times: user=0.02 sys=0.00, real=0.00 secs] 
302.509: Total time for which application threads were stopped: 0.0052380 seconds, Stopping threads took: 0.0030530 seconds
302.549: Application time: 0.0406890 seconds
302.552: [GC [PSYoungGen: 49152K->6656K(49152K)] 69953K->27481K(160256K), 0.0020690 secs] [Times: user=0.01 sys=0.00, real=0.00 secs] 
302.554: Total time for which application threads were stopped: 0.0043010 seconds, Stopping threads took: 0.0021280 seconds
302.595: Application time: 0.0409270 seconds
302.596: [GC [PSYoungGen: 49152K->5552K(49152K)] 69977K->26377K(160256K), 0.0016710 secs] [Times: user=0.01 sys=0.00, real=0.00 secs] 
302.598: Total time for which application threads were stopped: 0.0033830 seconds, Stopping threads took: 0.0016270 seconds
302.640: Application time: 0.0416120 seconds
302.642: [GC [PSYoungGen: 48048K->6640K(49152K)] 68873K->27481K(160256K), 0.0020450 secs] [Times: user=0.02 sys=0.00, real=0.00 secs] 
302.644: Total time for which application threads were stopped: 0.0041050 seconds, Stopping threads took: 0.0019660 seconds
302.686: Application time: 0.0421730 seconds
302.688: [GC [PSYoungGen: 49136K->5152K(49152K)] 69977K->26001K(160256K), 0.0015760 secs] [Times: user=0.01 sys=0.00, real=0.00 secs] 
302.690: Total time for which application threads were stopped: 0.0036430 seconds, Stopping threads took: 0.0019900 seconds
302.732: Application time: 0.0428440 seconds
302.735: [GC [PSYoungGen: 47648K->5600K(49152K)] 68497K->26449K(160256K), 0.0016910 secs] [Times: user=0.01 sys=0.00, real=0.00 secs] 
302.736: Total time for which application threads were stopped: 0.0039120 seconds, Stopping threads took: 0.0021350 seconds
302.779: Application time: 0.0422650 seconds
302.780: [GC [PSYoungGen: 48096K->6640K(49152K)] 68945K->27697K(160256K), 0.0020770 secs] [Times: user=0.01 sys=0.00, real=0.00 secs] 
302.782: Total time for which application threads were stopped: 0.0035180 seconds, Stopping threads took: 0.0013580 seconds
302.823: Application time: 0.0412130 seconds
302.825: [GC [PSYoungGen: 49136K->5744K(49152K)] 70193K->26801K(160256K), 0.0017860 secs] [Times: user=0.01 sys=0.00, real=0.00 secs] 
302.827: Total time for which application threads were stopped: 0.0032120 seconds, Stopping threads took: 0.0013450 seconds
302.868: Application time: 0.0414580 seconds
302.869: [GC [PSYoungGen: 48240K->6656K(49152K)] 69297K->27729K(160256K), 0.0020170 secs] [Times: user=0.02 sys=0.00, real=0.00 secs] 
302.871: Total time for which application threads were stopped: 0.0034540 seconds, Stopping threads took: 0.0013480 seconds
302.914: Application time: 0.0425700 seconds
302.916: [GC [PSYoungGen: 49152K->6128K(49152K)] 70225K->27217K(160256K), 0.0018030 secs] [Times: user=0.01 sys=0.00, real=0.00 secs] 
302.917: Total time for which application threads were stopped: 0.0033520 seconds, Stopping threads took: 0.0014690 seconds
302.958: Application time: 0.0406680 seconds
302.961: [GC [PSYoungGen: 48624K->6656K(49152K)] 69713K->29354K(160256K), 0.0024100 secs] [Times: user=0.02 sys=0.00, real=0.00 secs] 
302.964: Total time for which application threads were stopped: 0.0056070 seconds, Stopping threads took: 0.0031120 seconds
303.005: Application time: 0.0410310 seconds
303.007: [GC [PSYoungGen: 49152K->6656K(49152K)] 71850K->29538K(160256K), 0.0020020 secs] [Times: user=0.01 sys=0.00, real=0.00 secs] 
303.009: Total time for which application threads were stopped: 0.0044960 seconds, Stopping threads took: 0.0024110 seconds
303.050: Application time: 0.0406190 seconds
303.051: [GC [PSYoungGen: 49152K->5760K(49152K)] 72034K->28642K(160256K), 0.0016640 secs] [Times: user=0.01 sys=0.00, real=0.00 secs] 
303.053: Total time for which application threads were stopped: 0.0028210 seconds, Stopping threads took: 0.0010790 seconds
303.093: Application time: 0.0407500 seconds
303.096: [GC [PSYoungGen: 48256K->6656K(49152K)] 71138K->29546K(160256K), 0.0019960 secs] [Times: user=0.01 sys=0.00, real=0.00 secs] 
303.098: Total time for which application threads were stopped: 0.0048540 seconds, Stopping threads took: 0.0027740 seconds
303.139: Application time: 0.0407970 seconds
303.141: [GC [PSYoungGen: 49152K->6496K(49152K)] 72042K->29386K(160256K), 0.0020430 secs] [Times: user=0.01 sys=0.00, real=0.00 secs] 
303.144: Total time for which application threads were stopped: 0.0045240 seconds, Stopping threads took: 0.0023940 seconds
303.184: Application time: 0.0402980 seconds
303.186: [GC [PSYoungGen: 48992K->6320K(49152K)] 71882K->29226K(160256K), 0.0018950 secs] [Times: user=0.01 sys=0.00, real=0.01 secs] 
303.188: Total time for which application threads were stopped: 0.0040660 seconds, Stopping threads took: 0.0020680 seconds
303.227: Application time: 0.0388250 seconds
303.229: [GC [PSYoungGen: 48816K->6656K(49152K)] 71722K->29994K(160256K), 0.0021630 secs] [Times: user=0.01 sys=0.00, real=0.00 secs] 
303.231: Total time for which application threads were stopped: 0.0041690 seconds, Stopping threads took: 0.0019200 seconds
303.271: Application time: 0.0396840 seconds
303.272: [GC [PSYoungGen: 49152K->6432K(49152K)] 72490K->29770K(160256K), 0.0018690 secs] [Times: user=0.01 sys=0.00, real=0.00 secs] 
303.274: Total time for which application threads were stopped: 0.0033490 seconds, Stopping threads took: 0.0014020 seconds
303.314: Application time: 0.0403660 seconds
303.317: [GC [PSYoungGen: 48928K->5632K(49152K)] 72266K->28978K(160256K), 0.0016100 secs] [Times: user=0.01 sys=0.00, real=0.01 secs] 
303.319: Total time for which application threads were stopped: 0.0042500 seconds, Stopping threads took: 0.0025370 seconds
303.360: Application time: 0.0410920 seconds
303.361: [GC [PSYoungGen: 48128K->5920K(49152K)] 71474K->29266K(160256K), 0.0022860 secs] [Times: user=0.01 sys=0.00, real=0.00 secs] 
303.364: Total time for which application threads were stopped: 0.0039730 seconds, Stopping threads took: 0.0016060 seconds
303.406: Application time: 0.0427070 seconds
303.408: [GC [PSYoungGen: 48416K->6256K(49152K)] 71762K->29602K(160256K), 0.0018790 secs] [Times: user=0.01 sys=0.00, real=0.00 secs] 
303.409: Total time for which application threads were stopped: 0.0030870 seconds, Stopping threads took: 0.0011290 seconds
303.451: Application time: 0.0420330 seconds
303.454: [GC [PSYoungGen: 48752K->6544K(49152K)] 72098K->29898K(160256K), 0.0019940 secs] [Times: user=0.01 sys=0.00, real=0.00 secs] 
303.456: Total time for which application threads were stopped: 0.0040840 seconds, Stopping threads took: 0.0020050 seconds
303.497: Application time: 0.0418650 seconds
303.500: [GC [PSYoungGen: 49040K->6400K(49152K)] 72394K->29762K(160256K), 0.0018390 secs] [Times: user=0.01 sys=0.00, real=0.00 secs] 
303.501: Total time for which application threads were stopped: 0.0040260 seconds, Stopping threads took: 0.0021110 seconds
303.542: Application time: 0.0410100 seconds
303.546: [GC [PSYoungGen: 48896K->6624K(49152K)] 72258K->31010K(160256K), 0.0022400 secs] [Times: user=0.01 sys=0.00, real=0.01 secs] 
303.548: Total time for which application threads were stopped: 0.0054990 seconds, Stopping threads took: 0.0031750 seconds
303.588: Application time: 0.0400800 seconds
303.589: [GC [PSYoungGen: 49120K->6640K(49152K)] 73506K->31970K(160256K), 0.0022250 secs] [Times: user=0.02 sys=0.00, real=0.00 secs] 
303.592: Total time for which application threads were stopped: 0.0036390 seconds, Stopping threads took: 0.0013270 seconds
303.632: Application time: 0.0401630 seconds
303.635: [GC [PSYoungGen: 49136K->6656K(49152K)] 74466K->32562K(160256K), 0.0021940 secs] [Times: user=0.01 sys=0.00, real=0.00 secs] 
303.637: Total time for which application threads were stopped: 0.0049060 seconds, Stopping threads took: 0.0026260 seconds
303.675: Application time: 0.0385970 seconds
303.678: [GC [PSYoungGen: 49152K->6656K(49152K)] 75058K->33114K(160256K), 0.0021620 secs] [Times: user=0.01 sys=0.00, real=0.01 secs] 
303.680: Total time for which application threads were stopped: 0.0046470 seconds, Stopping threads took: 0.0023970 seconds
303.718: Application time: 0.0382160 seconds
303.720: [GC [PSYoungGen: 49152K->6624K(49152K)] 75610K->33454K(160256K), 0.0021940 secs] [Times: user=0.01 sys=0.00, real=0.00 secs] 
303.722: Total time for which application threads were stopped: 0.0037440 seconds, Stopping threads took: 0.0014360 seconds
303.760: Application time: 0.0377140 seconds
303.762: [GC [PSYoungGen: 49120K->6656K(49152K)] 75950K->34702K(160256K), 0.0030300 secs] [Times: user=0.02 sys=0.00, real=0.00 secs] 
303.766: Total time for which application threads were stopped: 0.0058200 seconds, Stopping threads took: 0.0027030 seconds
303.805: Application time: 0.0398960 seconds
303.808: [GC [PSYoungGen: 49152K->5728K(49152K)] 77198K->33774K(160256K), 0.0017810 secs] [Times: user=0.02 sys=0.00, real=0.00 secs] 
303.810: Total time for which application threads were stopped: 0.0046480 seconds, Stopping threads took: 0.0027870 seconds
303.848: Application time: 0.0383920 seconds
303.850: [GC [PSYoungGen: 48224K->6656K(49152K)] 76270K->35390K(160256K), 0.0021310 secs] [Times: user=0.01 sys=0.00, real=0.00 secs] 
303.852: Total time for which application threads were stopped: 0.0039220 seconds, Stopping threads took: 0.0017110 seconds
303.890: Application time: 0.0379720 seconds
303.892: [GC [PSYoungGen: 49152K->6640K(49152K)] 77886K->35846K(160256K), 0.0020520 secs] [Times: user=0.01 sys=0.00, real=0.00 secs] 
303.894: Total time for which application threads were stopped: 0.0038810 seconds, Stopping threads took: 0.0017450 seconds
303.931: Application time: 0.0370350 seconds
303.933: [GC [PSYoungGen: 49136K->6640K(49152K)] 78342K->36142K(160256K), 0.0024970 secs] [Times: user=0.02 sys=0.00, real=0.00 secs] 
303.936: Total time for which application threads were stopped: 0.0045140 seconds, Stopping threads took: 0.0019350 seconds
303.974: Application time: 0.0377820 seconds
303.976: [GC [PSYoungGen: 49134K->6656K(49152K)] 78637K->36350K(160256K), 0.0022400 secs] [Times: user=0.01 sys=0.00, real=0.00 secs] 
303.978: Total time for which application threads were stopped: 0.0043980 seconds, Stopping threads took: 0.0020640 seconds
304.016: Application time: 0.0383570 seconds
304.018: [GC [PSYoungGen: 49152K->6624K(49152K)] 78846K->36414K(160256K), 0.0020140 secs] [Times: user=0.01 sys=0.00, real=0.01 secs] 
304.020: Total time for which application threads were stopped: 0.0040650 seconds, Stopping threads took: 0.0019670 seconds
304.057: Application time: 0.0370170 seconds
