Java HotSpot(TM) 64-Bit Server VM (24.80-b11) for linux-amd64 JRE (1.7.0_80-b15), built on Apr 10 2015 19:53:14 by "java_re" with gcc 4.3.0 20080428 (Red Hat 4.3.0-8)
Memory: 4k page, physical 8000092k(5683544k free), swap 8218620k(8218620k free)
CommandLine flags: -XX:+CMSParallelRemarkEnabled -XX:InitialHeapSize=27241472 -XX:MaxHeapSize=27241472 -XX:+PrintGC -XX:+PrintGCApplicationConcurrentTime -XX:+PrintGCApplicationStoppedTime -XX:+PrintGCDetails -XX:+PrintGCTimeStamps -XX:-UseAdaptiveSizePolicy -XX:+UseCompressedOops -XX:+UseParallelGC 
1.007: Application time: 0.9842870 seconds
1.007: Total time for which application threads were stopped: 0.0000430 seconds, Stopping threads took: 0.0000110 seconds
4.028: Application time: 3.0210530 seconds
4.028: Total time for which application threads were stopped: 0.0000650 seconds, Stopping threads took: 0.0000120 seconds
14.623: Application time: 10.5952770 seconds
14.623: Total time for which application threads were stopped: 0.0000350 seconds, Stopping threads took: 0.0000200 seconds
14.623: Application time: 0.0000640 seconds
14.623: Total time for which application threads were stopped: 0.0000230 seconds, Stopping threads took: 0.0000170 seconds
14.625: Application time: 0.0015600 seconds
14.625: Total time for which application threads were stopped: 0.0000250 seconds, Stopping threads took: 0.0000180 seconds
14.631: Application time: 0.0060130 seconds
14.631: [GC [PSYoungGen: 7168K->1015K(8192K)] 7168K->2835K(26112K), 0.0020690 secs] [Times: user=0.01 sys=0.00, real=0.00 secs] 
14.633: Total time for which application threads were stopped: 0.0021510 seconds, Stopping threads took: 0.0000180 seconds
14.633: Application time: 0.0001430 seconds
14.633: Total time for which application threads were stopped: 0.0000450 seconds, Stopping threads took: 0.0000320 seconds
14.633: Application time: 0.0000410 seconds
14.633: Total time for which application threads were stopped: 0.0000240 seconds, Stopping threads took: 0.0000170 seconds
14.633: Application time: 0.0000200 seconds
14.634: Total time for which application threads were stopped: 0.0000200 seconds, Stopping threads took: 0.0000140 seconds
14.634: Application time: 0.0000260 seconds
14.634: Total time for which application threads were stopped: 0.0000270 seconds, Stopping threads took: 0.0000220 seconds
14.634: Application time: 0.0000180 seconds
14.634: Total time for which application threads were stopped: 0.0000220 seconds, Stopping threads took: 0.0000170 seconds
14.634: Application time: 0.0000180 seconds
14.634: Total time for which application threads were stopped: 0.0000180 seconds, Stopping threads took: 0.0000130 seconds
14.634: Application time: 0.0000180 seconds
14.634: Total time for which application threads were stopped: 0.0000110 seconds, Stopping threads took: 0.0000060 seconds
14.634: Application time: 0.0000160 seconds
14.634: Total time for which application threads were stopped: 0.0000120 seconds, Stopping threads took: 0.0000080 seconds
14.634: Application time: 0.0000160 seconds
14.634: Total time for which application threads were stopped: 0.0000120 seconds, Stopping threads took: 0.0000070 seconds
14.634: Application time: 0.0000150 seconds
14.634: Total time for which application threads were stopped: 0.0000120 seconds, Stopping threads took: 0.0000070 seconds
14.634: Application time: 0.0000160 seconds
14.634: Total time for which application threads were stopped: 0.0000120 seconds, Stopping threads took: 0.0000070 seconds
14.634: Application time: 0.0000150 seconds
14.634: Total time for which application threads were stopped: 0.0000170 seconds, Stopping threads took: 0.0000120 seconds
14.634: Application time: 0.0000160 seconds
14.634: Total time for which application threads were stopped: 0.0000110 seconds, Stopping threads took: 0.0000060 seconds
14.634: Application time: 0.0000150 seconds
14.634: Total time for which application threads were stopped: 0.0000180 seconds, Stopping threads took: 0.0000130 seconds
14.634: Application time: 0.0000170 seconds
14.634: Total time for which application threads were stopped: 0.0000180 seconds, Stopping threads took: 0.0000130 seconds
14.634: Application time: 0.0000150 seconds
14.634: Total time for which application threads were stopped: 0.0000100 seconds, Stopping threads took: 0.0000060 seconds
14.634: Application time: 0.0000160 seconds
14.634: Total time for which application threads were stopped: 0.0000160 seconds, Stopping threads took: 0.0000120 seconds
14.634: Application time: 0.0000160 seconds
14.634: Total time for which application threads were stopped: 0.0000170 seconds, Stopping threads took: 0.0000130 seconds
14.634: Application time: 0.0000170 seconds
14.634: Total time for which application threads were stopped: 0.0000210 seconds, Stopping threads took: 0.0000160 seconds
14.634: Application time: 0.0000150 seconds
14.634: Total time for which application threads were stopped: 0.0000170 seconds, Stopping threads took: 0.0000120 seconds
14.634: Application time: 0.0000160 seconds
14.634: Total time for which application threads were stopped: 0.0000250 seconds, Stopping threads took: 0.0000070 seconds
14.651: Application time: 0.0166230 seconds
14.651: Total time for which application threads were stopped: 0.0000370 seconds, Stopping threads took: 0.0000090 seconds
14.663: Application time: 0.0121110 seconds
14.663: [GC [PSYoungGen: 3267K->1018K(8192K)] 5087K->3255K(26112K), 0.0011380 secs] [Times: user=0.01 sys=0.01, real=0.00 secs] 
14.664: [Full GC [PSYoungGen: 1018K->0K(8192K)] [ParOldGen: 2236K->3010K(17920K)] 3255K->3010K(26112K) [PSPermGen: 5076K->5074K(21504K)], 0.0168700 secs] [Times: user=0.08 sys=0.00, real=0.02 secs] 
14.681: Total time for which application threads were stopped: 0.0181080 seconds, Stopping threads took: 0.0000050 seconds
14.681: Application time: 0.0000410 seconds
14.681: [GC [PSYoungGen: 0K->0K(8192K)] 3010K->3010K(26112K), 0.0002480 secs] [Times: user=0.00 sys=0.00, real=0.00 secs] 
14.681: [Full GC [PSYoungGen: 0K->0K(8192K)] [ParOldGen: 3010K->3010K(17920K)] 3010K->3010K(26112K) [PSPermGen: 5074K->5074K(21504K)], 0.0047000 secs] [Times: user=0.02 sys=0.00, real=0.00 secs] 
14.686: Total time for which application threads were stopped: 0.0050270 seconds, Stopping threads took: 0.0000070 seconds
14.686: Application time: 0.0001150 seconds
14.686: Total time for which application threads were stopped: 0.0000240 seconds, Stopping threads took: 0.0000150 seconds
14.686: Application time: 0.0000120 seconds
14.686: Total time for which application threads were stopped: 0.0000170 seconds, Stopping threads took: 0.0000120 seconds
14.686: Application time: 0.0000090 seconds
14.686: Total time for which application threads were stopped: 0.0000150 seconds, Stopping threads took: 0.0000110 seconds
14.686: Application time: 0.0000090 seconds
14.686: Total time for which application threads were stopped: 0.0000150 seconds, Stopping threads took: 0.0000120 seconds
14.686: Application time: 0.0000090 seconds
14.686: Total time for which application threads were stopped: 0.0000150 seconds, Stopping threads took: 0.0000110 seconds
14.686: Application time: 0.0000100 seconds
14.686: Total time for which application threads were stopped: 0.0000150 seconds, Stopping threads took: 0.0000110 seconds
14.686: Application time: 0.0000100 seconds
14.686: Total time for which application threads were stopped: 0.0000160 seconds, Stopping threads took: 0.0000120 seconds
14.686: Application time: 0.0000090 seconds
14.686: Total time for which application threads were stopped: 0.0000160 seconds, Stopping threads took: 0.0000120 seconds
14.686: Application time: 0.0000080 seconds
14.686: Total time for which application threads were stopped: 0.0000150 seconds, Stopping threads took: 0.0000110 seconds
14.686: Application time: 0.0000090 seconds
14.686: Total time for which application threads were stopped: 0.0000140 seconds, Stopping threads took: 0.0000100 seconds
14.686: Application time: 0.0000080 seconds
14.686: Total time for which application threads were stopped: 0.0000130 seconds, Stopping threads took: 0.0000090 seconds
14.686: Application time: 0.0000090 seconds
14.687: Total time for which application threads were stopped: 0.0000260 seconds, Stopping threads took: 0.0000230 seconds
14.687: Application time: 0.0000080 seconds
14.687: Total time for which application threads were stopped: 0.0000130 seconds, Stopping threads took: 0.0000100 seconds
14.687: Application time: 0.0000080 seconds
14.687: Total time for which application threads were stopped: 0.0000110 seconds, Stopping threads took: 0.0000080 seconds
14.687: Application time: 0.0000080 seconds
14.687: Total time for which application threads were stopped: 0.0000120 seconds, Stopping threads took: 0.0000090 seconds
14.687: Application time: 0.0000080 seconds
14.687: Total time for which application threads were stopped: 0.0000120 seconds, Stopping threads took: 0.0000090 seconds
14.687: Application time: 0.0000080 seconds
14.687: Total time for which application threads were stopped: 0.0000120 seconds, Stopping threads took: 0.0000090 seconds
14.687: Application time: 0.0000090 seconds
14.687: Total time for which application threads were stopped: 0.0000120 seconds, Stopping threads took: 0.0000090 seconds
14.687: Application time: 0.0000090 seconds
14.687: Total time for which application threads were stopped: 0.0000150 seconds, Stopping threads took: 0.0000120 seconds
14.687: Application time: 0.0000090 seconds
14.687: Total time for which application threads were stopped: 0.0000190 seconds, Stopping threads took: 0.0000080 seconds
14.774: Application time: 0.0873800 seconds
14.774: Total time for which application threads were stopped: 0.0000750 seconds, Stopping threads took: 0.0000460 seconds
14.774: Application time: 0.0002180 seconds
14.774: Total time for which application threads were stopped: 0.0000450 seconds, Stopping threads took: 0.0000320 seconds
14.775: Application time: 0.0007410 seconds
14.775: Total time for which application threads were stopped: 0.0000460 seconds, Stopping threads took: 0.0000320 seconds
14.781: Application time: 0.0056180 seconds
14.781: Total time for which application threads were stopped: 0.0000430 seconds, Stopping threads took: 0.0000210 seconds
14.782: Application time: 0.0009290 seconds
14.782: Total time for which application threads were stopped: 0.0000400 seconds, Stopping threads took: 0.0000220 seconds
14.787: Application time: 0.0051180 seconds
14.787: Total time for which application threads were stopped: 0.0000490 seconds, Stopping threads took: 0.0000310 seconds
14.790: Application time: 0.0025590 seconds
14.790: [GC [PSYoungGen: 7168K->768K(8192K)] 10178K->3778K(26112K), 0.0008180 secs] [Times: user=0.00 sys=0.00, real=0.00 secs] 
14.790: Total time for which application threads were stopped: 0.0008820 seconds, Stopping threads took: 0.0000090 seconds
14.791: Application time: 0.0000620 seconds
14.791: Total time for which application threads were stopped: 0.0000200 seconds, Stopping threads took: 0.0000090 seconds
14.791: Application time: 0.0000240 seconds
14.791: Total time for which application threads were stopped: 0.0000230 seconds, Stopping threads took: 0.0000150 seconds
14.791: Application time: 0.0000160 seconds
14.791: Total time for which application threads were stopped: 0.0000190 seconds, Stopping threads took: 0.0000130 seconds
14.800: Application time: 0.0095760 seconds
14.800: Total time for which application threads were stopped: 0.0000640 seconds, Stopping threads took: 0.0000110 seconds
14.803: Application time: 0.0026070 seconds
14.803: Total time for which application threads were stopped: 0.0000340 seconds, Stopping threads took: 0.0000210 seconds
14.820: Application time: 0.0174520 seconds
14.820: Total time for which application threads were stopped: 0.0000700 seconds, Stopping threads took: 0.0000370 seconds
14.821: Application time: 0.0000710 seconds
14.821: Total time for which application threads were stopped: 0.0000180 seconds, Stopping threads took: 0.0000070 seconds
14.821: Application time: 0.0008840 seconds
14.821: Total time for which application threads were stopped: 0.0000110 seconds, Stopping threads took: 0.0000050 seconds
14.822: Application time: 0.0004830 seconds
14.822: Total time for which application threads were stopped: 0.0000460 seconds, Stopping threads took: 0.0000360 seconds
14.822: Application time: 0.0000150 seconds
14.822: Total time for which application threads were stopped: 0.0000110 seconds, Stopping threads took: 0.0000040 seconds
14.844: Application time: 0.0223750 seconds
14.844: Total time for which application threads were stopped: 0.0000410 seconds, Stopping threads took: 0.0000200 seconds
14.844: Application time: 0.0000550 seconds
14.845: Total time for which application threads were stopped: 0.0000720 seconds, Stopping threads took: 0.0000570 seconds
14.845: Application time: 0.0000660 seconds
14.845: Total time for which application threads were stopped: 0.0000890 seconds, Stopping threads took: 0.0000790 seconds
14.845: Application time: 0.0000920 seconds
14.845: Total time for which application threads were stopped: 0.0000160 seconds, Stopping threads took: 0.0000050 seconds
14.845: Application time: 0.0003820 seconds
14.845: Total time for which application threads were stopped: 0.0000410 seconds, Stopping threads took: 0.0000300 seconds
14.845: Application time: 0.0000400 seconds
14.845: Total time for which application threads were stopped: 0.0000270 seconds, Stopping threads took: 0.0000190 seconds
14.851: Application time: 0.0054570 seconds
14.851: Total time for which application threads were stopped: 0.0000680 seconds, Stopping threads took: 0.0000450 seconds
14.853: Application time: 0.0016980 seconds
14.853: [GC [PSYoungGen: 7936K->1014K(8192K)] 10946K->5391K(26112K), 0.0016450 secs] [Times: user=0.01 sys=0.00, real=0.00 secs] 
14.854: Total time for which application threads were stopped: 0.0017420 seconds, Stopping threads took: 0.0000360 seconds
14.856: Application time: 0.0017810 seconds
14.856: Total time for which application threads were stopped: 0.0000760 seconds, Stopping threads took: 0.0000540 seconds
14.856: Application time: 0.0001860 seconds
14.856: Total time for which application threads were stopped: 0.0000430 seconds, Stopping threads took: 0.0000240 seconds
14.857: Application time: 0.0002020 seconds
14.861: Total time for which application threads were stopped: 0.0041660 seconds, Stopping threads took: 0.0041530 seconds
14.861: Application time: 0.0000370 seconds
14.861: Total time for which application threads were stopped: 0.0000480 seconds, Stopping threads took: 0.0000340 seconds
14.861: Application time: 0.0000370 seconds
14.861: Total time for which application threads were stopped: 0.0000650 seconds, Stopping threads took: 0.0000490 seconds
14.912: Application time: 0.0510660 seconds
14.913: [GC [PSYoungGen: 8182K->928K(8192K)] 12559K->5305K(26112K), 0.0008620 secs] [Times: user=0.00 sys=0.00, real=0.00 secs] 
14.914: Total time for which application threads were stopped: 0.0016590 seconds, Stopping threads took: 0.0007170 seconds
14.970: Application time: 0.0558500 seconds
14.970: [GC [PSYoungGen: 8096K->896K(8192K)] 12473K->5273K(26112K), 0.0009510 secs] [Times: user=0.00 sys=0.01, real=0.00 secs] 
14.971: Total time for which application threads were stopped: 0.0011050 seconds, Stopping threads took: 0.0000670 seconds
15.016: Application time: 0.0453850 seconds
15.016: [GC [PSYoungGen: 8064K->912K(8192K)] 12441K->5296K(26112K), 0.0008440 secs] [Times: user=0.00 sys=0.00, real=0.01 secs] 
15.017: Total time for which application threads were stopped: 0.0009840 seconds, Stopping threads took: 0.0000580 seconds
15.064: Application time: 0.0468920 seconds
15.064: [GC [PSYoungGen: 8080K->976K(8192K)] 12464K->5368K(26112K), 0.0008960 secs] [Times: user=0.01 sys=0.00, real=0.00 secs] 
15.065: Total time for which application threads were stopped: 0.0010230 seconds, Stopping threads took: 0.0000610 seconds
15.109: Application time: 0.0441430 seconds
15.109: [GC [PSYoungGen: 8144K->976K(8192K)] 12536K->5376K(26112K), 0.0008910 secs] [Times: user=0.01 sys=0.00, real=0.00 secs] 
15.110: Total time for which application threads were stopped: 0.0010240 seconds, Stopping threads took: 0.0000580 seconds
15.157: Application time: 0.0466910 seconds
15.158: [GC [PSYoungGen: 8144K->928K(8192K)] 12544K->5329K(26112K), 0.0008500 secs] [Times: user=0.01 sys=0.00, real=0.00 secs] 
15.159: Total time for which application threads were stopped: 0.0025530 seconds, Stopping threads took: 0.0016270 seconds
15.207: Application time: 0.0481750 seconds
15.208: [GC [PSYoungGen: 8096K->976K(8192K)] 12497K->5376K(26112K), 0.0009230 secs] [Times: user=0.01 sys=0.00, real=0.01 secs] 
15.209: Total time for which application threads were stopped: 0.0012830 seconds, Stopping threads took: 0.0002970 seconds
15.255: Application time: 0.0462710 seconds
15.255: [GC [PSYoungGen: 8144K->1008K(8192K)] 12544K->5416K(26112K), 0.0007640 secs] [Times: user=0.00 sys=0.00, real=0.00 secs] 
15.256: Total time for which application threads were stopped: 0.0008730 seconds, Stopping threads took: 0.0000510 seconds
15.297: Application time: 0.0409100 seconds
15.297: [GC [PSYoungGen: 8176K->928K(8192K)] 12584K->5336K(26112K), 0.0008050 secs] [Times: user=0.00 sys=0.00, real=0.00 secs] 
15.298: Total time for which application threads were stopped: 0.0009280 seconds, Stopping threads took: 0.0000660 seconds
15.340: Application time: 0.0418430 seconds
15.341: [GC [PSYoungGen: 8096K->960K(8192K)] 12504K->5368K(26112K), 0.0007990 secs] [Times: user=0.00 sys=0.00, real=0.00 secs] 
15.342: Total time for which application threads were stopped: 0.0019510 seconds, Stopping threads took: 0.0010950 seconds
15.383: Application time: 0.0415090 seconds
15.383: [GC [PSYoungGen: 8128K->960K(8192K)] 12536K->5369K(26112K), 0.0007530 secs] [Times: user=0.00 sys=0.00, real=0.00 secs] 
15.384: Total time for which application threads were stopped: 0.0008540 seconds, Stopping threads took: 0.0000420 seconds
15.424: Application time: 0.0404070 seconds
15.424: [GC [PSYoungGen: 8128K->944K(8192K)] 12537K->5352K(26112K), 0.0007380 secs] [Times: user=0.00 sys=0.00, real=0.00 secs] 
15.425: Total time for which application threads were stopped: 0.0008430 seconds, Stopping threads took: 0.0000520 seconds
15.467: Application time: 0.0414280 seconds
15.469: [GC [PSYoungGen: 8112K->976K(8192K)] 12520K->5392K(26112K), 0.0008300 secs] [Times: user=0.01 sys=0.00, real=0.00 secs] 
15.470: Total time for which application threads were stopped: 0.0029680 seconds, Stopping threads took: 0.0020850 seconds
15.511: Application time: 0.0415140 seconds
15.511: [GC [PSYoungGen: 8144K->448K(8192K)] 12560K->5385K(26112K), 0.0007210 secs] [Times: user=0.00 sys=0.00, real=0.00 secs] 
15.512: Total time for which application threads were stopped: 0.0008280 seconds, Stopping threads took: 0.0000570 seconds
15.554: Application time: 0.0417350 seconds
15.554: [GC [PSYoungGen: 7616K->288K(8192K)] 12553K->5417K(26112K), 0.0005310 secs] [Times: user=0.00 sys=0.00, real=0.00 secs] 
15.554: Total time for which application threads were stopped: 0.0006370 seconds, Stopping threads took: 0.0000490 seconds
15.595: Application time: 0.0404150 seconds
15.595: [GC [PSYoungGen: 7456K->272K(8192K)] 12585K->5457K(26112K), 0.0003790 secs] [Times: user=0.00 sys=0.00, real=0.00 secs] 
15.595: Total time for which application threads were stopped: 0.0004740 seconds, Stopping threads took: 0.0000470 seconds
15.636: Application time: 0.0409420 seconds
15.636: [GC [PSYoungGen: 7440K->256K(8192K)] 12625K->5473K(26112K), 0.0004290 secs] [Times: user=0.01 sys=0.00, real=0.00 secs] 
15.637: Total time for which application threads were stopped: 0.0005370 seconds, Stopping threads took: 0.0000490 seconds
15.679: Application time: 0.0420860 seconds
15.679: [GC [PSYoungGen: 7424K->272K(8192K)] 12641K->5513K(26112K), 0.0003870 secs] [Times: user=0.01 sys=0.00, real=0.00 secs] 
15.679: Total time for which application threads were stopped: 0.0004970 seconds, Stopping threads took: 0.0000500 seconds
15.721: Application time: 0.0414790 seconds
15.721: [GC [PSYoungGen: 7440K->304K(8192K)] 12681K->5561K(26112K), 0.0004430 secs] [Times: user=0.00 sys=0.00, real=0.00 secs] 
15.721: Total time for which application threads were stopped: 0.0005580 seconds, Stopping threads took: 0.0000510 seconds
15.724: Application time: 0.0027690 seconds
15.724: Total time for which application threads were stopped: 0.0000630 seconds, Stopping threads took: 0.0000440 seconds
15.760: Application time: 0.0358650 seconds
15.760: [GC [PSYoungGen: 7472K->352K(8192K)] 12729K->5633K(26112K), 0.0004400 secs] [Times: user=0.00 sys=0.00, real=0.00 secs] 
15.761: Total time for which application threads were stopped: 0.0005510 seconds, Stopping threads took: 0.0000430 seconds
15.801: Application time: 0.0403610 seconds
15.801: [GC [PSYoungGen: 7520K->496K(8192K)] 12801K->5777K(26112K), 0.0005190 secs] [Times: user=0.00 sys=0.00, real=0.00 secs] 
15.802: Total time for which application threads were stopped: 0.0006170 seconds, Stopping threads took: 0.0000460 seconds
15.841: Application time: 0.0397990 seconds
15.841: [GC [PSYoungGen: 7664K->512K(8192K)] 12945K->5817K(26112K), 0.0005110 secs] [Times: user=0.00 sys=0.00, real=0.00 secs] 
15.842: Total time for which application threads were stopped: 0.0005990 seconds, Stopping threads took: 0.0000420 seconds
15.882: Application time: 0.0404020 seconds
15.882: [GC [PSYoungGen: 7680K->512K(8192K)] 12985K->5817K(26112K), 0.0004850 secs] [Times: user=0.00 sys=0.00, real=0.00 secs] 
15.883: Total time for which application threads were stopped: 0.0005740 seconds, Stopping threads took: 0.0000410 seconds
15.928: Application time: 0.0447920 seconds
15.929: [GC [PSYoungGen: 7680K->528K(8192K)] 12985K->5833K(26112K), 0.0005060 secs] [Times: user=0.01 sys=0.00, real=0.00 secs] 
15.930: Total time for which application threads were stopped: 0.0017890 seconds, Stopping threads took: 0.0012280 seconds
15.962: Application time: 0.0327860 seconds
15.965: Total time for which application threads were stopped: 0.0024400 seconds, Stopping threads took: 0.0024180 seconds
15.971: Application time: 0.0060270 seconds
15.971: Total time for which application threads were stopped: 0.0000580 seconds, Stopping threads took: 0.0000440 seconds
15.976: Application time: 0.0052740 seconds
15.976: [GC [PSYoungGen: 7696K->528K(8192K)] 13001K->5841K(26112K), 0.0004760 secs] [Times: user=0.00 sys=0.00, real=0.00 secs] 
15.977: Total time for which application threads were stopped: 0.0005780 seconds, Stopping threads took: 0.0000410 seconds
16.031: Application time: 0.0547150 seconds
16.031: [GC [PSYoungGen: 7696K->496K(8192K)] 13009K->5809K(26112K), 0.0005820 secs] [Times: user=0.00 sys=0.00, real=0.00 secs] 
16.032: Total time for which application threads were stopped: 0.0006840 seconds, Stopping threads took: 0.0000410 seconds
16.086: Application time: 0.0543520 seconds
16.089: [GC [PSYoungGen: 7664K->496K(8192K)] 12977K->5809K(26112K), 0.0006080 secs] [Times: user=0.00 sys=0.01, real=0.00 secs] 
16.089: Total time for which application threads were stopped: 0.0029550 seconds, Stopping threads took: 0.0022780 seconds
16.135: Application time: 0.0459160 seconds
16.136: [GC [PSYoungGen: 7664K->496K(8192K)] 12977K->5817K(26112K), 0.0005430 secs] [Times: user=0.00 sys=0.00, real=0.01 secs] 
16.137: Total time for which application threads were stopped: 0.0015170 seconds, Stopping threads took: 0.0008870 seconds
16.184: Application time: 0.0476530 seconds
16.185: [GC [PSYoungGen: 7664K->464K(8192K)] 12985K->5785K(26112K), 0.0005740 secs] [Times: user=0.00 sys=0.00, real=0.00 secs] 
16.185: Total time for which application threads were stopped: 0.0009290 seconds, Stopping threads took: 0.0002740 seconds
16.238: Application time: 0.0522150 seconds
16.238: [GC [PSYoungGen: 7632K->480K(8192K)] 12953K->5801K(26112K), 0.0005900 secs] [Times: user=0.00 sys=0.00, real=0.00 secs] 
16.238: Total time for which application threads were stopped: 0.0007370 seconds, Stopping threads took: 0.0000850 seconds
16.286: Application time: 0.0479000 seconds
16.286: [GC [PSYoungGen: 7648K->464K(8192K)] 12969K->5809K(26112K), 0.0007040 secs] [Times: user=0.00 sys=0.00, real=0.00 secs] 
16.287: Total time for which application threads were stopped: 0.0008410 seconds, Stopping threads took: 0.0000660 seconds
16.328: Application time: 0.0406710 seconds
16.328: [GC [PSYoungGen: 7632K->512K(8192K)] 12977K->5865K(26112K), 0.0005610 secs] [Times: user=0.00 sys=0.00, real=0.00 secs] 
16.328: Total time for which application threads were stopped: 0.0006620 seconds, Stopping threads took: 0.0000450 seconds
16.368: Application time: 0.0392100 seconds
16.368: [GC [PSYoungGen: 7680K->496K(8192K)] 13033K->5849K(26112K), 0.0005270 secs] [Times: user=0.00 sys=0.00, real=0.00 secs] 
16.368: Total time for which application threads were stopped: 0.0006140 seconds, Stopping threads took: 0.0000410 seconds
16.408: Application time: 0.0395020 seconds
16.408: [GC [PSYoungGen: 7664K->512K(8192K)] 13017K->5865K(26112K), 0.0004220 secs] [Times: user=0.00 sys=0.00, real=0.00 secs] 
16.408: Total time for which application threads were stopped: 0.0005080 seconds, Stopping threads took: 0.0000390 seconds
16.448: Application time: 0.0393190 seconds
16.448: [GC [PSYoungGen: 7680K->432K(8192K)] 13033K->5889K(26112K), 0.0004530 secs] [Times: user=0.00 sys=0.00, real=0.00 secs] 
16.448: Total time for which application threads were stopped: 0.0005390 seconds, Stopping threads took: 0.0000370 seconds
16.488: Application time: 0.0395890 seconds
16.488: [GC [PSYoungGen: 7600K->272K(8192K)] 13057K->5881K(26112K), 0.0004290 secs] [Times: user=0.00 sys=0.00, real=0.00 secs] 
16.488: Total time for which application threads were stopped: 0.0005180 seconds, Stopping threads took: 0.0000390 seconds
16.528: Application time: 0.0394600 seconds
16.528: [GC [PSYoungGen: 7440K->272K(8192K)] 13049K->5953K(26112K), 0.0003610 secs] [Times: user=0.00 sys=0.00, real=0.00 secs] 
16.528: Total time for which application threads were stopped: 0.0004530 seconds, Stopping threads took: 0.0000440 seconds
16.568: Application time: 0.0394200 seconds
16.568: [GC [PSYoungGen: 7440K->256K(8192K)] 13121K->5969K(26112K), 0.0003730 secs] [Times: user=0.00 sys=0.00, real=0.00 secs] 
16.568: Total time for which application threads were stopped: 0.0004710 seconds, Stopping threads took: 0.0000490 seconds
16.606: Application time: 0.0376220 seconds
16.606: [GC [PSYoungGen: 7424K->320K(8192K)] 13137K->6073K(26112K), 0.0004190 secs] [Times: user=0.00 sys=0.00, real=0.00 secs] 
16.606: Total time for which application threads were stopped: 0.0005120 seconds, Stopping threads took: 0.0000460 seconds
16.646: Application time: 0.0393930 seconds
16.646: [GC [PSYoungGen: 7488K->336K(8192K)] 13241K->6145K(26112K), 0.0003680 secs] [Times: user=0.01 sys=0.00, real=0.00 secs] 
16.646: Total time for which application threads were stopped: 0.0004650 seconds, Stopping threads took: 0.0000480 seconds
16.685: Application time: 0.0384430 seconds
16.685: [GC [PSYoungGen: 7504K->400K(8192K)] 13313K->6217K(26112K), 0.0004120 secs] [Times: user=0.00 sys=0.00, real=0.00 secs] 
16.685: Total time for which application threads were stopped: 0.0005010 seconds, Stopping threads took: 0.0000430 seconds
16.724: Application time: 0.0392910 seconds
16.724: [GC [PSYoungGen: 7568K->528K(8192K)] 13385K->6345K(26112K), 0.0004870 secs] [Times: user=0.00 sys=0.00, real=0.00 secs] 
16.725: Total time for which application threads were stopped: 0.0006120 seconds, Stopping threads took: 0.0000550 seconds
16.764: Application time: 0.0394040 seconds
16.764: [GC [PSYoungGen: 7696K->496K(8192K)] 13513K->6313K(26112K), 0.0004340 secs] [Times: user=0.00 sys=0.00, real=0.00 secs] 
16.765: Total time for which application threads were stopped: 0.0005240 seconds, Stopping threads took: 0.0000390 seconds
16.804: Application time: 0.0394060 seconds
16.804: [GC [PSYoungGen: 7664K->512K(8192K)] 13481K->6329K(26112K), 0.0004320 secs] [Times: user=0.00 sys=0.00, real=0.00 secs] 
16.805: Total time for which application threads were stopped: 0.0005200 seconds, Stopping threads took: 0.0000350 seconds
16.844: Application time: 0.0393850 seconds
16.844: [GC [PSYoungGen: 7680K->512K(8192K)] 13497K->6329K(26112K), 0.0004550 secs] [Times: user=0.00 sys=0.00, real=0.00 secs] 
16.845: Total time for which application threads were stopped: 0.0005460 seconds, Stopping threads took: 0.0000420 seconds
16.884: Application time: 0.0394090 seconds
16.884: [GC [PSYoungGen: 7680K->528K(8192K)] 13497K->6345K(26112K), 0.0004460 secs] [Times: user=0.00 sys=0.00, real=0.00 secs] 
16.885: Total time for which application threads were stopped: 0.0005480 seconds, Stopping threads took: 0.0000460 seconds
16.924: Application time: 0.0396420 seconds
16.924: [GC [PSYoungGen: 7696K->512K(8192K)] 13513K->6329K(26112K), 0.0004280 secs] [Times: user=0.01 sys=0.00, real=0.00 secs] 
16.925: Total time for which application threads were stopped: 0.0005220 seconds, Stopping threads took: 0.0000470 seconds
16.965: Application time: 0.0398540 seconds
16.965: [GC [PSYoungGen: 7680K->448K(8192K)] 13497K->6265K(26112K), 0.0004570 secs] [Times: user=0.01 sys=0.00, real=0.00 secs] 
16.965: Total time for which application threads were stopped: 0.0005570 seconds, Stopping threads took: 0.0000490 seconds
17.005: Application time: 0.0394770 seconds
17.005: [GC [PSYoungGen: 7616K->528K(8192K)] 13433K->6345K(26112K), 0.0004550 secs] [Times: user=0.00 sys=0.00, real=0.00 secs] 
17.005: Total time for which application threads were stopped: 0.0005600 seconds, Stopping threads took: 0.0000490 seconds
17.045: Application time: 0.0393760 seconds
17.045: [GC [PSYoungGen: 7696K->496K(8192K)] 13513K->6313K(26112K), 0.0004230 secs] [Times: user=0.01 sys=0.00, real=0.00 secs] 
17.045: Total time for which application threads were stopped: 0.0005120 seconds, Stopping threads took: 0.0000430 seconds
17.087: Application time: 0.0421970 seconds
17.089: [GC [PSYoungGen: 7664K->512K(8192K)] 13481K->6329K(26112K), 0.0006180 secs] [Times: user=0.01 sys=0.00, real=0.00 secs] 
17.089: Total time for which application threads were stopped: 0.0020210 seconds, Stopping threads took: 0.0013280 seconds
17.129: Application time: 0.0398630 seconds
17.129: [GC [PSYoungGen: 7680K->496K(8192K)] 13497K->6313K(26112K), 0.0004640 secs] [Times: user=0.01 sys=0.00, real=0.00 secs] 
17.130: Total time for which application threads were stopped: 0.0005600 seconds, Stopping threads took: 0.0000370 seconds
17.169: Application time: 0.0393430 seconds
17.169: [GC [PSYoungGen: 7664K->480K(8192K)] 13481K->6297K(26112K), 0.0004050 secs] [Times: user=0.00 sys=0.00, real=0.00 secs] 
17.170: Total time for which application threads were stopped: 0.0005000 seconds, Stopping threads took: 0.0000470 seconds
17.209: Application time: 0.0396710 seconds
17.209: [GC [PSYoungGen: 7648K->368K(8192K)] 13465K->6313K(26112K), 0.0004720 secs] [Times: user=0.00 sys=0.00, real=0.00 secs] 
17.210: Total time for which application threads were stopped: 0.0005570 seconds, Stopping threads took: 0.0000380 seconds
17.249: Application time: 0.0392920 seconds
17.249: [GC [PSYoungGen: 7536K->384K(8192K)] 13481K->6329K(26112K), 0.0004030 secs] [Times: user=0.00 sys=0.00, real=0.00 secs] 
17.250: Total time for which application threads were stopped: 0.0004970 seconds, Stopping threads took: 0.0000340 seconds
17.290: Application time: 0.0400040 seconds
17.290: [GC [PSYoungGen: 7552K->288K(8192K)] 13497K->6353K(26112K), 0.0004230 secs] [Times: user=0.00 sys=0.00, real=0.00 secs] 
17.290: Total time for which application threads were stopped: 0.0005150 seconds, Stopping threads took: 0.0000430 seconds
17.329: Application time: 0.0392250 seconds
17.330: [GC [PSYoungGen: 7456K->256K(8192K)] 13521K->6421K(26112K), 0.0003660 secs] [Times: user=0.00 sys=0.00, real=0.00 secs] 
17.330: Total time for which application threads were stopped: 0.0004520 seconds, Stopping threads took: 0.0000390 seconds
17.369: Application time: 0.0392930 seconds
17.369: [GC [PSYoungGen: 7424K->272K(8192K)] 13589K->6437K(26112K), 0.0003510 secs] [Times: user=0.01 sys=0.00, real=0.00 secs] 
17.370: Total time for which application threads were stopped: 0.0004380 seconds, Stopping threads took: 0.0000380 seconds
17.409: Application time: 0.0392920 seconds
17.409: [GC [PSYoungGen: 7440K->304K(8192K)] 13605K->6469K(26112K), 0.0004250 secs] [Times: user=0.00 sys=0.00, real=0.00 secs] 
17.409: Total time for which application threads were stopped: 0.0005330 seconds, Stopping threads took: 0.0000490 seconds
17.449: Application time: 0.0391190 seconds
17.449: [GC [PSYoungGen: 7472K->320K(8192K)] 13637K->6485K(26112K), 0.0005340 secs] [Times: user=0.00 sys=0.00, real=0.01 secs] 
17.449: Total time for which application threads were stopped: 0.0006260 seconds, Stopping threads took: 0.0000410 seconds
17.487: Application time: 0.0379290 seconds
17.487: [GC [PSYoungGen: 7488K->432K(8192K)] 13653K->6653K(26112K), 0.0004780 secs] [Times: user=0.00 sys=0.00, real=0.00 secs] 
17.488: Total time for which application threads were stopped: 0.0005910 seconds, Stopping threads took: 0.0000620 seconds
17.526: Application time: 0.0387520 seconds
17.527: [GC [PSYoungGen: 7600K->496K(8192K)] 13821K->6717K(26112K), 0.0004220 secs] [Times: user=0.00 sys=0.00, real=0.00 secs] 
17.527: Total time for which application threads were stopped: 0.0005060 seconds, Stopping threads took: 0.0000380 seconds
17.568: Application time: 0.0405820 seconds
17.568: [GC [PSYoungGen: 7664K->512K(8192K)] 13885K->6733K(26112K), 0.0004930 secs] [Times: user=0.00 sys=0.00, real=0.00 secs] 
17.568: Total time for which application threads were stopped: 0.0005860 seconds, Stopping threads took: 0.0000410 seconds
17.608: Application time: 0.0394240 seconds
17.608: [GC [PSYoungGen: 7680K->512K(8192K)] 13901K->6773K(26112K), 0.0004240 secs] [Times: user=0.00 sys=0.00, real=0.00 secs] 
17.608: Total time for which application threads were stopped: 0.0005270 seconds, Stopping threads took: 0.0000530 seconds
17.648: Application time: 0.0393770 seconds
17.648: [GC [PSYoungGen: 7680K->512K(8192K)] 13941K->6773K(26112K), 0.0004580 secs] [Times: user=0.01 sys=0.00, real=0.00 secs] 
17.648: Total time for which application threads were stopped: 0.0005490 seconds, Stopping threads took: 0.0000420 seconds
17.687: Application time: 0.0392860 seconds
17.687: [GC [PSYoungGen: 7680K->480K(8192K)] 13941K->6741K(26112K), 0.0004090 secs] [Times: user=0.00 sys=0.00, real=0.00 secs] 
17.688: Total time for which application threads were stopped: 0.0004980 seconds, Stopping threads took: 0.0000440 seconds
17.728: Application time: 0.0399390 seconds
17.728: [GC [PSYoungGen: 7648K->480K(8192K)] 13909K->6741K(26112K), 0.0004690 secs] [Times: user=0.00 sys=0.00, real=0.00 secs] 
17.728: Total time for which application threads were stopped: 0.0005830 seconds, Stopping threads took: 0.0000560 seconds
17.767: Application time: 0.0390800 seconds
17.768: [GC [PSYoungGen: 7648K->512K(8192K)] 13909K->6773K(26112K), 0.0005030 secs] [Times: user=0.00 sys=0.00, real=0.00 secs] 
17.768: Total time for which application threads were stopped: 0.0005990 seconds, Stopping threads took: 0.0000370 seconds
17.807: Application time: 0.0391940 seconds
17.807: [GC [PSYoungGen: 7680K->496K(8192K)] 13941K->6757K(26112K), 0.0004500 secs] [Times: user=0.00 sys=0.00, real=0.00 secs] 
17.808: Total time for which application threads were stopped: 0.0005400 seconds, Stopping threads took: 0.0000450 seconds
17.847: Application time: 0.0391150 seconds
17.847: [GC [PSYoungGen: 7664K->528K(8192K)] 13925K->6789K(26112K), 0.0004060 secs] [Times: user=0.00 sys=0.00, real=0.00 secs] 
17.847: Total time for which application threads were stopped: 0.0004960 seconds, Stopping threads took: 0.0000450 seconds
17.887: Application time: 0.0392230 seconds
17.887: [GC [PSYoungGen: 7696K->496K(8192K)] 13957K->6757K(26112K), 0.0004240 secs] [Times: user=0.00 sys=0.00, real=0.00 secs] 
17.887: Total time for which application threads were stopped: 0.0005140 seconds, Stopping threads took: 0.0000450 seconds
17.927: Application time: 0.0397640 seconds
17.927: [GC [PSYoungGen: 7664K->480K(8192K)] 13925K->6741K(26112K), 0.0004540 secs] [Times: user=0.01 sys=0.00, real=0.00 secs] 
17.927: Total time for which application threads were stopped: 0.0005470 seconds, Stopping threads took: 0.0000460 seconds
17.966: Application time: 0.0390120 seconds
17.967: [GC [PSYoungGen: 7648K->480K(8192K)] 13909K->6797K(26112K), 0.0004030 secs] [Times: user=0.00 sys=0.00, real=0.00 secs] 
17.967: Total time for which application threads were stopped: 0.0005010 seconds, Stopping threads took: 0.0000410 seconds
18.006: Application time: 0.0394040 seconds
18.006: [GC [PSYoungGen: 7648K->368K(8192K)] 13965K->6789K(26112K), 0.0004100 secs] [Times: user=0.01 sys=0.00, real=0.00 secs] 
18.007: Total time for which application threads were stopped: 0.0005000 seconds, Stopping threads took: 0.0000410 seconds
18.046: Application time: 0.0392990 seconds
18.046: [GC [PSYoungGen: 7536K->368K(8192K)] 13957K->6845K(26112K), 0.0004290 secs] [Times: user=0.00 sys=0.00, real=0.00 secs] 
18.047: Total time for which application threads were stopped: 0.0005200 seconds, Stopping threads took: 0.0000420 seconds
18.086: Application time: 0.0392380 seconds
18.086: [GC [PSYoungGen: 7536K->272K(8192K)] 14013K->6877K(26112K), 0.0003760 secs] [Times: user=0.00 sys=0.00, real=0.00 secs] 
18.086: Total time for which application threads were stopped: 0.0004630 seconds, Stopping threads took: 0.0000400 seconds
18.126: Application time: 0.0391460 seconds
18.126: [GC [PSYoungGen: 7440K->256K(8192K)] 14045K->6933K(26112K), 0.0003660 secs] [Times: user=0.00 sys=0.00, real=0.00 secs] 
18.126: Total time for which application threads were stopped: 0.0004600 seconds, Stopping threads took: 0.0000450 seconds
18.165: Application time: 0.0390850 seconds
18.165: [GC [PSYoungGen: 7424K->256K(8192K)] 14101K->6934K(26112K), 0.0004180 secs] [Times: user=0.01 sys=0.00, real=0.00 secs] 
18.166: Total time for which application threads were stopped: 0.0005200 seconds, Stopping threads took: 0.0000500 seconds
18.204: Application time: 0.0379140 seconds
18.204: [GC [PSYoungGen: 7424K->336K(8192K)] 14102K->7013K(26112K), 0.0003640 secs] [Times: user=0.00 sys=0.00, real=0.00 secs] 
18.204: Total time for which application threads were stopped: 0.0004500 seconds, Stopping threads took: 0.0000410 seconds
18.242: Application time: 0.0384040 seconds
18.242: [GC [PSYoungGen: 7504K->400K(8192K)] 14181K->7078K(26112K), 0.0003940 secs] [Times: user=0.00 sys=0.00, real=0.00 secs] 
18.243: Total time for which application threads were stopped: 0.0004810 seconds, Stopping threads took: 0.0000370 seconds
18.281: Application time: 0.0382450 seconds
18.281: [GC [PSYoungGen: 7568K->432K(8192K)] 14246K->7110K(26112K), 0.0004110 secs] [Times: user=0.00 sys=0.00, real=0.00 secs] 
18.282: Total time for which application threads were stopped: 0.0005130 seconds, Stopping threads took: 0.0000440 seconds
18.320: Application time: 0.0387960 seconds
18.321: [GC [PSYoungGen: 7600K->464K(8192K)] 14278K->7142K(26112K), 0.0004250 secs] [Times: user=0.01 sys=0.00, real=0.00 secs] 
18.321: Total time for which application threads were stopped: 0.0005250 seconds, Stopping threads took: 0.0000500 seconds
18.360: Application time: 0.0392080 seconds
18.360: [GC [PSYoungGen: 7632K->480K(8192K)] 14310K->7158K(26112K), 0.0003990 secs] [Times: user=0.00 sys=0.00, real=0.00 secs] 
18.361: Total time for which application threads were stopped: 0.0005030 seconds, Stopping threads took: 0.0000550 seconds
18.400: Application time: 0.0392960 seconds
18.401: [GC [PSYoungGen: 7648K->464K(8192K)] 14326K->7142K(26112K), 0.0003950 secs] [Times: user=0.00 sys=0.00, real=0.00 secs] 
18.401: Total time for which application threads were stopped: 0.0011840 seconds, Stopping threads took: 0.0007410 seconds
18.440: Application time: 0.0392750 seconds
18.440: [GC [PSYoungGen: 7632K->432K(8192K)] 14310K->7110K(26112K), 0.0004350 secs] [Times: user=0.00 sys=0.00, real=0.00 secs] 
18.441: Total time for which application threads were stopped: 0.0005270 seconds, Stopping threads took: 0.0000440 seconds
18.480: Application time: 0.0392920 seconds
18.480: [GC [PSYoungGen: 7600K->464K(8192K)] 14278K->7142K(26112K), 0.0004480 secs] [Times: user=0.00 sys=0.00, real=0.00 secs] 
18.481: Total time for which application threads were stopped: 0.0005420 seconds, Stopping threads took: 0.0000490 seconds
18.520: Application time: 0.0396190 seconds
18.520: [GC [PSYoungGen: 7632K->480K(8192K)] 14310K->7158K(26112K), 0.0004200 secs] [Times: user=0.00 sys=0.00, real=0.00 secs] 
18.521: Total time for which application threads were stopped: 0.0005120 seconds, Stopping threads took: 0.0000390 seconds
18.560: Application time: 0.0389040 seconds
18.560: [GC [PSYoungGen: 7648K->528K(8192K)] 14326K->7205K(26112K), 0.0004030 secs] [Times: user=0.00 sys=0.00, real=0.00 secs] 
18.560: Total time for which application threads were stopped: 0.0004910 seconds, Stopping threads took: 0.0000430 seconds
18.600: Application time: 0.0392360 seconds
18.600: [GC [PSYoungGen: 7696K->528K(8192K)] 14373K->7206K(26112K), 0.0004240 secs] [Times: user=0.00 sys=0.00, real=0.00 secs] 
18.600: Total time for which application threads were stopped: 0.0005200 seconds, Stopping threads took: 0.0000480 seconds
18.639: Application time: 0.0392590 seconds
18.639: [GC [PSYoungGen: 7696K->480K(8192K)] 14374K->7158K(26112K), 0.0004130 secs] [Times: user=0.00 sys=0.00, real=0.00 secs] 
18.640: Total time for which application threads were stopped: 0.0005030 seconds, Stopping threads took: 0.0000430 seconds
18.679: Application time: 0.0393930 seconds
18.679: [GC [PSYoungGen: 7648K->512K(8192K)] 14326K->7190K(26112K), 0.0004380 secs] [Times: user=0.00 sys=0.00, real=0.00 secs] 
18.680: Total time for which application threads were stopped: 0.0005310 seconds, Stopping threads took: 0.0000410 seconds
18.719: Application time: 0.0393790 seconds
18.719: [GC [PSYoungGen: 7680K->512K(8192K)] 14358K->7190K(26112K), 0.0005010 secs] [Times: user=0.00 sys=0.00, real=0.00 secs] 
18.720: Total time for which application threads were stopped: 0.0006110 seconds, Stopping threads took: 0.0000510 seconds
18.759: Application time: 0.0392900 seconds
18.759: [GC [PSYoungGen: 7680K->464K(8192K)] 14358K->7198K(26112K), 0.0004640 secs] [Times: user=0.00 sys=0.00, real=0.00 secs] 
18.760: Total time for which application threads were stopped: 0.0005660 seconds, Stopping threads took: 0.0000510 seconds
18.799: Application time: 0.0395320 seconds
18.799: [GC [PSYoungGen: 7632K->416K(8192K)] 14366K->7238K(26112K), 0.0004030 secs] [Times: user=0.01 sys=0.00, real=0.00 secs] 
18.800: Total time for which application threads were stopped: 0.0005290 seconds, Stopping threads took: 0.0000600 seconds
18.839: Application time: 0.0392110 seconds
18.839: [GC [PSYoungGen: 7584K->336K(8192K)] 14406K->7246K(26112K), 0.0004310 secs] [Times: user=0.00 sys=0.00, real=0.00 secs] 
18.839: Total time for which application threads were stopped: 0.0005200 seconds, Stopping threads took: 0.0000410 seconds
18.879: Application time: 0.0398480 seconds
18.881: [GC [PSYoungGen: 7504K->304K(8192K)] 14414K->7286K(26112K), 0.0003680 secs] [Times: user=0.00 sys=0.00, real=0.00 secs] 
18.881: Total time for which application threads were stopped: 0.0018510 seconds, Stopping threads took: 0.0014360 seconds
18.921: Application time: 0.0398920 seconds
18.921: [GC [PSYoungGen: 7472K->256K(8192K)] 14454K->7310K(26112K), 0.0004250 secs] [Times: user=0.00 sys=0.00, real=0.00 secs] 
18.922: Total time for which application threads were stopped: 0.0005180 seconds, Stopping threads took: 0.0000430 seconds
18.960: Application time: 0.0387670 seconds
18.960: [GC [PSYoungGen: 7424K->288K(8192K)] 14478K->7342K(26112K), 0.0003630 secs] [Times: user=0.00 sys=0.00, real=0.00 secs] 
18.961: Total time for which application threads were stopped: 0.0004660 seconds, Stopping threads took: 0.0000540 seconds
19.000: Application time: 0.0389420 seconds
19.000: [GC [PSYoungGen: 7456K->304K(8192K)] 14510K->7358K(26112K), 0.0004140 secs] [Times: user=0.01 sys=0.00, real=0.00 secs] 
19.000: Total time for which application threads were stopped: 0.0005100 seconds, Stopping threads took: 0.0000470 seconds
19.038: Application time: 0.0373330 seconds
19.038: [GC [PSYoungGen: 7472K->448K(8192K)] 14526K->7502K(26112K), 0.0004400 secs] [Times: user=0.00 sys=0.00, real=0.00 secs] 
19.038: Total time for which application threads were stopped: 0.0005330 seconds, Stopping threads took: 0.0000430 seconds
19.078: Application time: 0.0400560 seconds
19.078: [GC [PSYoungGen: 7616K->464K(8192K)] 14670K->7518K(26112K), 0.0004450 secs] [Times: user=0.00 sys=0.00, real=0.00 secs] 
19.079: Total time for which application threads were stopped: 0.0005430 seconds, Stopping threads took: 0.0000420 seconds
19.117: Application time: 0.0386110 seconds
19.117: [GC [PSYoungGen: 7632K->512K(8192K)] 14686K->7566K(26112K), 0.0004200 secs] [Times: user=0.00 sys=0.00, real=0.00 secs] 
19.118: Total time for which application threads were stopped: 0.0005140 seconds, Stopping threads took: 0.0000450 seconds
19.157: Application time: 0.0396180 seconds
19.158: [GC [PSYoungGen: 7680K->512K(8192K)] 14734K->7566K(26112K), 0.0004100 secs] [Times: user=0.00 sys=0.00, real=0.00 secs] 
19.158: Total time for which application threads were stopped: 0.0004990 seconds, Stopping threads took: 0.0000400 seconds
19.198: Application time: 0.0398250 seconds
19.198: [GC [PSYoungGen: 7680K->496K(8192K)] 14734K->7550K(26112K), 0.0004310 secs] [Times: user=0.01 sys=0.00, real=0.00 secs] 
19.198: Total time for which application threads were stopped: 0.0005260 seconds, Stopping threads took: 0.0000420 seconds
19.238: Application time: 0.0392630 seconds
19.238: [GC [PSYoungGen: 7664K->464K(8192K)] 14718K->7518K(26112K), 0.0004260 secs] [Times: user=0.00 sys=0.00, real=0.00 secs] 
19.238: Total time for which application threads were stopped: 0.0005290 seconds, Stopping threads took: 0.0000510 seconds
19.277: Application time: 0.0391870 seconds
19.277: [GC [PSYoungGen: 7632K->512K(8192K)] 14686K->7566K(26112K), 0.0004150 secs] [Times: user=0.00 sys=0.00, real=0.00 secs] 
19.278: Total time for which application threads were stopped: 0.0005140 seconds, Stopping threads took: 0.0000480 seconds
19.317: Application time: 0.0395270 seconds
19.317: [GC [PSYoungGen: 7680K->496K(8192K)] 14734K->7550K(26112K), 0.0004450 secs] [Times: user=0.00 sys=0.00, real=0.00 secs] 
19.318: Total time for which application threads were stopped: 0.0005530 seconds, Stopping threads took: 0.0000470 seconds
19.357: Application time: 0.0387710 seconds
19.357: [GC [PSYoungGen: 7664K->480K(8192K)] 14718K->7534K(26112K), 0.0004590 secs] [Times: user=0.00 sys=0.00, real=0.00 secs] 
19.357: Total time for which application threads were stopped: 0.0005510 seconds, Stopping threads took: 0.0000430 seconds
19.396: Application time: 0.0392130 seconds
19.396: [GC [PSYoungGen: 7648K->512K(8192K)] 14702K->7566K(26112K), 0.0004270 secs] [Times: user=0.01 sys=0.00, real=0.01 secs] 
19.397: Total time for which application threads were stopped: 0.0005160 seconds, Stopping threads took: 0.0000390 seconds
19.436: Application time: 0.0389960 seconds
19.436: [GC [PSYoungGen: 7680K->528K(8192K)] 14734K->7582K(26112K), 0.0004170 secs] [Times: user=0.01 sys=0.00, real=0.00 secs] 
19.436: Total time for which application threads were stopped: 0.0005100 seconds, Stopping threads took: 0.0000460 seconds
19.476: Application time: 0.0391480 seconds
19.476: [GC [PSYoungGen: 7696K->496K(8192K)] 14750K->7550K(26112K), 0.0004500 secs] [Times: user=0.00 sys=0.00, real=0.00 secs] 
19.476: Total time for which application threads were stopped: 0.0005430 seconds, Stopping threads took: 0.0000420 seconds
19.516: Application time: 0.0395920 seconds
19.516: [GC [PSYoungGen: 7664K->480K(8192K)] 14718K->7534K(26112K), 0.0004260 secs] [Times: user=0.00 sys=0.00, real=0.00 secs] 
19.516: Total time for which application threads were stopped: 0.0005200 seconds, Stopping threads took: 0.0000420 seconds
19.556: Application time: 0.0396390 seconds
19.556: [GC [PSYoungGen: 7648K->432K(8192K)] 14702K->7574K(26112K), 0.0004160 secs] [Times: user=0.00 sys=0.00, real=0.00 secs] 
19.556: Total time for which application threads were stopped: 0.0005090 seconds, Stopping threads took: 0.0000450 seconds
19.596: Application time: 0.0391260 seconds
19.596: [GC [PSYoungGen: 7600K->384K(8192K)] 14742K->7574K(26112K), 0.0003930 secs] [Times: user=0.00 sys=0.00, real=0.00 secs] 
19.596: Total time for which application threads were stopped: 0.0004880 seconds, Stopping threads took: 0.0000480 seconds
19.635: Application time: 0.0393150 seconds
19.635: [GC [PSYoungGen: 7552K->288K(8192K)] 14742K->7598K(26112K), 0.0004510 secs] [Times: user=0.00 sys=0.00, real=0.00 secs] 
19.636: Total time for which application threads were stopped: 0.0005390 seconds, Stopping threads took: 0.0000390 seconds
19.675: Application time: 0.0392100 seconds
19.675: [GC [PSYoungGen: 7456K->272K(8192K)] 14766K->7638K(26112K), 0.0003620 secs] [Times: user=0.00 sys=0.00, real=0.00 secs] 
19.676: Total time for which application threads were stopped: 0.0004450 seconds, Stopping threads took: 0.0000380 seconds
19.715: Application time: 0.0394550 seconds
19.715: [GC [PSYoungGen: 7440K->256K(8192K)] 14806K->7686K(26112K), 0.0004210 secs] [Times: user=0.01 sys=0.00, real=0.00 secs] 
19.716: Total time for which application threads were stopped: 0.0005470 seconds, Stopping threads took: 0.0000640 seconds
19.754: Application time: 0.0385850 seconds
19.754: [GC [PSYoungGen: 7424K->288K(8192K)] 14854K->7718K(26112K), 0.0003740 secs] [Times: user=0.01 sys=0.00, real=0.00 secs] 
19.755: Total time for which application threads were stopped: 0.0004680 seconds, Stopping threads took: 0.0000430 seconds
19.796: Application time: 0.0411650 seconds
19.796: [GC [PSYoungGen: 7456K->304K(8192K)] 14886K->7734K(26112K), 0.0004700 secs] [Times: user=0.01 sys=0.00, real=0.00 secs] 
19.796: Total time for which application threads were stopped: 0.0005610 seconds, Stopping threads took: 0.0000400 seconds
19.834: Application time: 0.0381770 seconds
19.835: [GC [PSYoungGen: 7472K->400K(8192K)] 14902K->7830K(26112K), 0.0004010 secs] [Times: user=0.00 sys=0.00, real=0.00 secs] 
19.835: Total time for which application threads were stopped: 0.0005000 seconds, Stopping threads took: 0.0000410 seconds
19.873: Application time: 0.0377640 seconds
19.873: [GC [PSYoungGen: 7568K->480K(8192K)] 14998K->7910K(26112K), 0.0004650 secs] [Times: user=0.00 sys=0.00, real=0.00 secs] 
19.873: Total time for which application threads were stopped: 0.0005520 seconds, Stopping threads took: 0.0000400 seconds
19.913: Application time: 0.0393710 seconds
19.914: [GC [PSYoungGen: 7648K->448K(8192K)] 15078K->7878K(26112K), 0.0004270 secs] [Times: user=0.00 sys=0.00, real=0.00 secs] 
19.914: Total time for which application threads were stopped: 0.0014060 seconds, Stopping threads took: 0.0009300 seconds
19.954: Application time: 0.0395720 seconds
19.954: [GC [PSYoungGen: 7616K->512K(8192K)] 15046K->7942K(26112K), 0.0004330 secs] [Times: user=0.00 sys=0.00, real=0.00 secs] 
19.954: Total time for which application threads were stopped: 0.0005250 seconds, Stopping threads took: 0.0000420 seconds
19.994: Application time: 0.0393470 seconds
19.994: [GC [PSYoungGen: 7680K->496K(8192K)] 15110K->7926K(26112K), 0.0004560 secs] [Times: user=0.00 sys=0.00, real=0.00 secs] 
19.994: Total time for which application threads were stopped: 0.0005420 seconds, Stopping threads took: 0.0000400 seconds
20.033: Application time: 0.0392980 seconds
20.033: [GC [PSYoungGen: 7664K->464K(8192K)] 15094K->7894K(26112K), 0.0004400 secs] [Times: user=0.01 sys=0.00, real=0.00 secs] 
20.034: Total time for which application threads were stopped: 0.0005300 seconds, Stopping threads took: 0.0000430 seconds
20.073: Application time: 0.0394950 seconds
20.073: [GC [PSYoungGen: 7632K->480K(8192K)] 15062K->7910K(26112K), 0.0004460 secs] [Times: user=0.01 sys=0.00, real=0.00 secs] 
20.074: Total time for which application threads were stopped: 0.0005320 seconds, Stopping threads took: 0.0000380 seconds
20.114: Application time: 0.0396310 seconds
20.114: [GC [PSYoungGen: 7648K->512K(8192K)] 15078K->7942K(26112K), 0.0004370 secs] [Times: user=0.00 sys=0.00, real=0.00 secs] 
20.114: Total time for which application threads were stopped: 0.0005450 seconds, Stopping threads took: 0.0000580 seconds
20.153: Application time: 0.0387920 seconds
20.153: [GC [PSYoungGen: 7680K->544K(8192K)] 15110K->7974K(26112K), 0.0004430 secs] [Times: user=0.00 sys=0.00, real=0.00 secs] 
20.153: Total time for which application threads were stopped: 0.0005380 seconds, Stopping threads took: 0.0000450 seconds
20.193: Application time: 0.0396320 seconds
20.193: [GC [PSYoungGen: 7712K->496K(8192K)] 15142K->7926K(26112K), 0.0004420 secs] [Times: user=0.00 sys=0.00, real=0.00 secs] 
20.194: Total time for which application threads were stopped: 0.0005360 seconds, Stopping threads took: 0.0000450 seconds
20.233: Application time: 0.0391590 seconds
20.234: [GC [PSYoungGen: 7664K->496K(8192K)] 15094K->7926K(26112K), 0.0004240 secs] [Times: user=0.00 sys=0.00, real=0.00 secs] 
20.234: Total time for which application threads were stopped: 0.0013120 seconds, Stopping threads took: 0.0008420 seconds
20.273: Application time: 0.0391670 seconds
20.273: [GC [PSYoungGen: 7664K->528K(8192K)] 15094K->7958K(26112K), 0.0004280 secs] [Times: user=0.00 sys=0.00, real=0.00 secs] 
20.274: Total time for which application threads were stopped: 0.0005210 seconds, Stopping threads took: 0.0000480 seconds
20.313: Application time: 0.0392870 seconds
20.313: [GC [PSYoungGen: 7696K->464K(8192K)] 15126K->7894K(26112K), 0.0004020 secs] [Times: user=0.01 sys=0.00, real=0.00 secs] 
20.314: Total time for which application threads were stopped: 0.0005050 seconds, Stopping threads took: 0.0000530 seconds
20.353: Application time: 0.0392520 seconds
20.353: [GC [PSYoungGen: 7632K->448K(8192K)] 15062K->7958K(26112K), 0.0004530 secs] [Times: user=0.00 sys=0.00, real=0.00 secs] 
20.353: Total time for which application threads were stopped: 0.0005550 seconds, Stopping threads took: 0.0000480 seconds
20.393: Application time: 0.0394340 seconds
20.393: [GC [PSYoungGen: 7616K->400K(8192K)] 15126K->7966K(26112K), 0.0004040 secs] [Times: user=0.00 sys=0.00, real=0.00 secs] 
20.393: Total time for which application threads were stopped: 0.0004970 seconds, Stopping threads took: 0.0000480 seconds
20.434: Application time: 0.0407090 seconds
20.434: [GC [PSYoungGen: 7568K->304K(8192K)] 15134K->7966K(26112K), 0.0004100 secs] [Times: user=0.00 sys=0.00, real=0.00 secs] 
20.435: Total time for which application threads were stopped: 0.0005110 seconds, Stopping threads took: 0.0000520 seconds
20.474: Application time: 0.0393160 seconds
20.474: [GC [PSYoungGen: 7472K->256K(8192K)] 15134K->8038K(26112K), 0.0004170 secs] [Times: user=0.00 sys=0.00, real=0.00 secs] 
20.474: Total time for which application threads were stopped: 0.0005020 seconds, Stopping threads took: 0.0000390 seconds
20.513: Application time: 0.0390750 seconds
20.514: [GC [PSYoungGen: 7424K->240K(8192K)] 15206K->8022K(26112K), 0.0004090 secs] [Times: user=0.00 sys=0.00, real=0.00 secs] 
20.514: Total time for which application threads were stopped: 0.0005190 seconds, Stopping threads took: 0.0000580 seconds
20.552: Application time: 0.0383930 seconds
20.552: [GC [PSYoungGen: 7408K->336K(8192K)] 15190K->8118K(26112K), 0.0004170 secs] [Times: user=0.00 sys=0.00, real=0.00 secs] 
20.553: Total time for which application threads were stopped: 0.0005150 seconds, Stopping threads took: 0.0000470 seconds
20.594: Application time: 0.0415220 seconds
20.594: [GC [PSYoungGen: 7504K->304K(8192K)] 15286K->8086K(26112K), 0.0004000 secs] [Times: user=0.00 sys=0.00, real=0.00 secs] 
20.595: Total time for which application threads were stopped: 0.0004980 seconds, Stopping threads took: 0.0000470 seconds
20.635: Application time: 0.0396950 seconds
20.639: [GC [PSYoungGen: 7472K->416K(8192K)] 15254K->8198K(26112K), 0.0008660 secs] [Times: user=0.01 sys=0.00, real=0.00 secs] 
20.640: Total time for which application threads were stopped: 0.0051900 seconds, Stopping threads took: 0.0042680 seconds
20.680: Application time: 0.0404670 seconds
20.680: [GC [PSYoungGen: 7584K->544K(8192K)] 15366K->8326K(26112K), 0.0005380 secs] [Times: user=0.00 sys=0.00, real=0.00 secs] 
20.681: Total time for which application threads were stopped: 0.0006490 seconds, Stopping threads took: 0.0000520 seconds
20.722: Application time: 0.0408440 seconds
20.722: [GC [PSYoungGen: 7712K->512K(8192K)] 15494K->8294K(26112K), 0.0004600 secs] [Times: user=0.00 sys=0.00, real=0.00 secs] 
20.722: Total time for which application threads were stopped: 0.0005830 seconds, Stopping threads took: 0.0000620 seconds
20.762: Application time: 0.0391600 seconds
20.762: [GC [PSYoungGen: 7680K->528K(8192K)] 15462K->8310K(26112K), 0.0005060 secs] [Times: user=0.01 sys=0.00, real=0.00 secs] 
20.762: Total time for which application threads were stopped: 0.0005950 seconds, Stopping threads took: 0.0000430 seconds
20.801: Application time: 0.0391700 seconds
20.801: [GC [PSYoungGen: 7696K->528K(8192K)] 15478K->8310K(26112K), 0.0004590 secs] [Times: user=0.00 sys=0.00, real=0.00 secs] 
20.802: Total time for which application threads were stopped: 0.0005540 seconds, Stopping threads took: 0.0000470 seconds
20.841: Application time: 0.0392220 seconds
20.841: [GC [PSYoungGen: 7696K->512K(8192K)] 15478K->8294K(26112K), 0.0004210 secs] [Times: user=0.00 sys=0.00, real=0.00 secs] 
20.842: Total time for which application threads were stopped: 0.0005100 seconds, Stopping threads took: 0.0000430 seconds
20.881: Application time: 0.0391860 seconds
20.881: [GC [PSYoungGen: 7680K->496K(8192K)] 15462K->8278K(26112K), 0.0004380 secs] [Times: user=0.00 sys=0.00, real=0.00 secs] 
20.881: Total time for which application threads were stopped: 0.0005370 seconds, Stopping threads took: 0.0000410 seconds
20.921: Application time: 0.0393150 seconds
20.921: [GC [PSYoungGen: 7664K->528K(8192K)] 15446K->8310K(26112K), 0.0004160 secs] [Times: user=0.01 sys=0.00, real=0.00 secs] 
20.921: Total time for which application threads were stopped: 0.0005100 seconds, Stopping threads took: 0.0000430 seconds
20.960: Application time: 0.0392430 seconds
20.960: [GC [PSYoungGen: 7696K->496K(8192K)] 15478K->8278K(26112K), 0.0004200 secs] [Times: user=0.00 sys=0.00, real=0.00 secs] 
20.961: Total time for which application threads were stopped: 0.0005120 seconds, Stopping threads took: 0.0000460 seconds
21.000: Application time: 0.0392200 seconds
21.000: [GC [PSYoungGen: 7664K->496K(8192K)] 15446K->8278K(26112K), 0.0004100 secs] [Times: user=0.00 sys=0.00, real=0.00 secs] 
21.001: Total time for which application threads were stopped: 0.0005030 seconds, Stopping threads took: 0.0000480 seconds
21.040: Application time: 0.0390670 seconds
21.040: [GC [PSYoungGen: 7664K->512K(8192K)] 15446K->8294K(26112K), 0.0004490 secs] [Times: user=0.00 sys=0.00, real=0.00 secs] 
21.040: Total time for which application threads were stopped: 0.0005450 seconds, Stopping threads took: 0.0000480 seconds
21.079: Application time: 0.0391880 seconds
21.079: [GC [PSYoungGen: 7680K->512K(8192K)] 15462K->8294K(26112K), 0.0004160 secs] [Times: user=0.01 sys=0.00, real=0.00 secs] 
21.080: Total time for which application threads were stopped: 0.0005110 seconds, Stopping threads took: 0.0000480 seconds
21.119: Application time: 0.0392690 seconds
21.119: [GC [PSYoungGen: 7680K->432K(8192K)] 15462K->8262K(26112K), 0.0004560 secs] [Times: user=0.00 sys=0.00, real=0.00 secs] 
21.120: Total time for which application threads were stopped: 0.0005430 seconds, Stopping threads took: 0.0000390 seconds
21.159: Application time: 0.0392880 seconds
21.159: [GC [PSYoungGen: 7600K->368K(8192K)] 15430K->8302K(26112K), 0.0003970 secs] [Times: user=0.00 sys=0.00, real=0.00 secs] 
21.160: Total time for which application threads were stopped: 0.0004880 seconds, Stopping threads took: 0.0000430 seconds
21.199: Application time: 0.0392560 seconds
21.199: [GC [PSYoungGen: 7536K->400K(8192K)] 15470K->8334K(26112K), 0.0004080 secs] [Times: user=0.00 sys=0.00, real=0.00 secs] 
21.199: Total time for which application threads were stopped: 0.0004970 seconds, Stopping threads took: 0.0000410 seconds
21.238: Application time: 0.0392250 seconds
21.239: [GC [PSYoungGen: 7568K->288K(8192K)] 15502K->8362K(26112K), 0.0003830 secs] [Times: user=0.00 sys=0.00, real=0.00 secs] 
21.239: Total time for which application threads were stopped: 0.0004760 seconds, Stopping threads took: 0.0000450 seconds
21.278: Application time: 0.0393210 seconds
21.278: [GC [PSYoungGen: 7456K->256K(8192K)] 15530K->8434K(26112K), 0.0003700 secs] [Times: user=0.01 sys=0.00, real=0.00 secs] 
21.279: Total time for which application threads were stopped: 0.0004630 seconds, Stopping threads took: 0.0000410 seconds
21.317: Application time: 0.0386780 seconds
21.318: [GC [PSYoungGen: 7424K->272K(8192K)] 15602K->8451K(26112K), 0.0003650 secs] [Times: user=0.01 sys=0.00, real=0.00 secs] 
21.318: Total time for which application threads were stopped: 0.0004540 seconds, Stopping threads took: 0.0000430 seconds
21.356: Application time: 0.0383700 seconds
21.356: [GC [PSYoungGen: 7440K->336K(8192K)] 15619K->8515K(26112K), 0.0004120 secs] [Times: user=0.00 sys=0.00, real=0.01 secs] 
21.357: Total time for which application threads were stopped: 0.0005100 seconds, Stopping threads took: 0.0000480 seconds
21.396: Application time: 0.0388830 seconds
21.396: [GC [PSYoungGen: 7504K->384K(8192K)] 15683K->8563K(26112K), 0.0004400 secs] [Times: user=0.00 sys=0.00, real=0.00 secs] 
21.396: Total time for which application threads were stopped: 0.0005410 seconds, Stopping threads took: 0.0000420 seconds
21.434: Application time: 0.0376720 seconds
21.434: [GC [PSYoungGen: 7552K->464K(8192K)] 15731K->8643K(26112K), 0.0004830 secs] [Times: user=0.00 sys=0.00, real=0.00 secs] 
21.434: Total time for which application threads were stopped: 0.0005730 seconds, Stopping threads took: 0.0000380 seconds
21.473: Application time: 0.0384560 seconds
21.473: [GC [PSYoungGen: 7632K->544K(8192K)] 15811K->8723K(26112K), 0.0004190 secs] [Times: user=0.00 sys=0.00, real=0.00 secs] 
21.473: Total time for which application threads were stopped: 0.0005150 seconds, Stopping threads took: 0.0000480 seconds
21.513: Application time: 0.0394570 seconds
21.513: [GC [PSYoungGen: 7712K->512K(8192K)] 15891K->8691K(26112K), 0.0004600 secs] [Times: user=0.00 sys=0.00, real=0.00 secs] 
21.513: Total time for which application threads were stopped: 0.0005500 seconds, Stopping threads took: 0.0000400 seconds
21.553: Application time: 0.0395770 seconds
21.553: [GC [PSYoungGen: 7680K->480K(8192K)] 15859K->8659K(26112K), 0.0004740 secs] [Times: user=0.00 sys=0.00, real=0.00 secs] 
21.554: Total time for which application threads were stopped: 0.0005640 seconds, Stopping threads took: 0.0000440 seconds
21.593: Application time: 0.0395210 seconds
21.593: [GC [PSYoungGen: 7648K->496K(8192K)] 15827K->8675K(26112K), 0.0004150 secs] [Times: user=0.00 sys=0.00, real=0.00 secs] 
21.594: Total time for which application threads were stopped: 0.0005010 seconds, Stopping threads took: 0.0000380 seconds
21.633: Application time: 0.0393320 seconds
21.633: [GC [PSYoungGen: 7664K->480K(8192K)] 15843K->8659K(26112K), 0.0004200 secs] [Times: user=0.00 sys=0.00, real=0.00 secs] 
21.633: Total time for which application threads were stopped: 0.0005050 seconds, Stopping threads took: 0.0000390 seconds
21.673: Application time: 0.0392400 seconds
21.673: [GC [PSYoungGen: 7648K->496K(8192K)] 15827K->8675K(26112K), 0.0004440 secs] [Times: user=0.00 sys=0.00, real=0.00 secs] 
21.673: Total time for which application threads were stopped: 0.0005320 seconds, Stopping threads took: 0.0000400 seconds
21.713: Application time: 0.0395490 seconds
21.713: [GC [PSYoungGen: 7664K->544K(8192K)] 15843K->8723K(26112K), 0.0004650 secs] [Times: user=0.01 sys=0.00, real=0.00 secs] 
21.713: Total time for which application threads were stopped: 0.0005800 seconds, Stopping threads took: 0.0000580 seconds
21.752: Application time: 0.0391140 seconds
21.753: [GC [PSYoungGen: 7712K->496K(8192K)] 15891K->8675K(26112K), 0.0004210 secs] [Times: user=0.00 sys=0.00, real=0.00 secs] 
21.753: Total time for which application threads were stopped: 0.0005200 seconds, Stopping threads took: 0.0000490 seconds
21.792: Application time: 0.0391040 seconds
21.792: [GC [PSYoungGen: 7664K->448K(8192K)] 15843K->8627K(26112K), 0.0004550 secs] [Times: user=0.00 sys=0.00, real=0.00 secs] 
21.793: Total time for which application threads were stopped: 0.0005490 seconds, Stopping threads took: 0.0000460 seconds
21.832: Application time: 0.0390450 seconds
21.832: [GC [PSYoungGen: 7616K->480K(8192K)] 15795K->8659K(26112K), 0.0004580 secs] [Times: user=0.00 sys=0.00, real=0.00 secs] 
21.832: Total time for which application threads were stopped: 0.0005590 seconds, Stopping threads took: 0.0000430 seconds
21.872: Application time: 0.0392500 seconds
21.872: [GC [PSYoungGen: 7648K->512K(8192K)] 15827K->8691K(26112K), 0.0004450 secs] [Times: user=0.00 sys=0.00, real=0.00 secs] 
21.872: Total time for which application threads were stopped: 0.0005460 seconds, Stopping threads took: 0.0000540 seconds
21.911: Application time: 0.0392210 seconds
21.911: [GC [PSYoungGen: 7680K->464K(8192K)] 15859K->8699K(26112K), 0.0004350 secs] [Times: user=0.01 sys=0.00, real=0.00 secs] 
21.912: Total time for which application threads were stopped: 0.0005350 seconds, Stopping threads took: 0.0000450 seconds
21.953: Application time: 0.0414120 seconds
21.953: [GC [PSYoungGen: 7632K->416K(8192K)] 15867K->8747K(26112K), 0.0004800 secs] [Times: user=0.00 sys=0.00, real=0.00 secs] 
21.954: Total time for which application threads were stopped: 0.0005760 seconds, Stopping threads took: 0.0000480 seconds
21.993: Application time: 0.0396040 seconds
21.993: [GC [PSYoungGen: 7584K->336K(8192K)] 15915K->8715K(26112K), 0.0004300 secs] [Times: user=0.00 sys=0.00, real=0.00 secs] 
21.994: Total time for which application threads were stopped: 0.0005330 seconds, Stopping threads took: 0.0000550 seconds
22.033: Application time: 0.0392820 seconds
22.033: [GC [PSYoungGen: 7504K->272K(8192K)] 15883K->8763K(26112K), 0.0004080 secs] [Times: user=0.01 sys=0.00, real=0.00 secs] 
22.034: Total time for which application threads were stopped: 0.0005000 seconds, Stopping threads took: 0.0000450 seconds
22.073: Application time: 0.0392700 seconds
22.073: [GC [PSYoungGen: 7440K->256K(8192K)] 15931K->8819K(26112K), 0.0003980 secs] [Times: user=0.00 sys=0.00, real=0.00 secs] 
22.073: Total time for which application threads were stopped: 0.0004910 seconds, Stopping threads took: 0.0000460 seconds
22.113: Application time: 0.0396940 seconds
22.113: [GC [PSYoungGen: 7424K->272K(8192K)] 15987K->8835K(26112K), 0.0004230 secs] [Times: user=0.00 sys=0.00, real=0.00 secs] 
22.114: Total time for which application threads were stopped: 0.0005170 seconds, Stopping threads took: 0.0000460 seconds
22.152: Application time: 0.0386260 seconds
22.152: [GC [PSYoungGen: 7440K->352K(8192K)] 16003K->8915K(26112K), 0.0003740 secs] [Times: user=0.00 sys=0.00, real=0.00 secs] 
22.153: Total time for which application threads were stopped: 0.0004710 seconds, Stopping threads took: 0.0000480 seconds
22.191: Application time: 0.0385990 seconds
22.191: [GC [PSYoungGen: 7520K->384K(8192K)] 16083K->8947K(26112K), 0.0003980 secs] [Times: user=0.00 sys=0.00, real=0.00 secs] 
22.192: Total time for which application threads were stopped: 0.0004890 seconds, Stopping threads took: 0.0000420 seconds
22.230: Application time: 0.0378110 seconds
22.230: [GC [PSYoungGen: 7552K->448K(8192K)] 16115K->9011K(26112K), 0.0005030 secs] [Times: user=0.00 sys=0.00, real=0.00 secs] 
22.230: Total time for which application threads were stopped: 0.0005950 seconds, Stopping threads took: 0.0000420 seconds
22.269: Application time: 0.0388710 seconds
22.269: [GC [PSYoungGen: 7616K->496K(8192K)] 16179K->9059K(26112K), 0.0004660 secs] [Times: user=0.00 sys=0.00, real=0.00 secs] 
22.270: Total time for which application threads were stopped: 0.0005700 seconds, Stopping threads took: 0.0000520 seconds
22.309: Application time: 0.0393740 seconds
22.309: [GC [PSYoungGen: 7664K->528K(8192K)] 16227K->9091K(26112K), 0.0004170 secs] [Times: user=0.00 sys=0.00, real=0.00 secs] 
22.310: Total time for which application threads were stopped: 0.0005210 seconds, Stopping threads took: 0.0000540 seconds
22.349: Application time: 0.0393180 seconds
22.349: [GC [PSYoungGen: 7696K->512K(8192K)] 16259K->9075K(26112K), 0.0004070 secs] [Times: user=0.00 sys=0.00, real=0.00 secs] 
22.349: Total time for which application threads were stopped: 0.0004950 seconds, Stopping threads took: 0.0000370 seconds
22.389: Application time: 0.0393880 seconds
22.389: [GC [PSYoungGen: 7680K->528K(8192K)] 16243K->9091K(26112K), 0.0004260 secs] [Times: user=0.00 sys=0.00, real=0.00 secs] 
22.389: Total time for which application threads were stopped: 0.0005130 seconds, Stopping threads took: 0.0000360 seconds
22.429: Application time: 0.0393410 seconds
22.429: [GC [PSYoungGen: 7696K->480K(8192K)] 16259K->9043K(26112K), 0.0004080 secs] [Times: user=0.00 sys=0.00, real=0.00 secs] 
22.429: Total time for which application threads were stopped: 0.0004990 seconds, Stopping threads took: 0.0000360 seconds
22.469: Application time: 0.0393580 seconds
22.469: [GC [PSYoungGen: 7648K->496K(8192K)] 16211K->9059K(26112K), 0.0004550 secs] [Times: user=0.00 sys=0.00, real=0.01 secs] 
22.469: Total time for which application threads were stopped: 0.0005450 seconds, Stopping threads took: 0.0000380 seconds
22.508: Application time: 0.0392230 seconds
22.508: [GC [PSYoungGen: 7664K->512K(8192K)] 16227K->9075K(26112K), 0.0004060 secs] [Times: user=0.00 sys=0.00, real=0.01 secs] 
22.509: Total time for which application threads were stopped: 0.0005080 seconds, Stopping threads took: 0.0000510 seconds
22.548: Application time: 0.0391760 seconds
22.548: [GC [PSYoungGen: 7680K->512K(8192K)] 16243K->9075K(26112K), 0.0004480 secs] [Times: user=0.00 sys=0.00, real=0.00 secs] 
22.549: Total time for which application threads were stopped: 0.0005420 seconds, Stopping threads took: 0.0000460 seconds
22.588: Application time: 0.0391090 seconds
22.588: [GC [PSYoungGen: 7680K->528K(8192K)] 16243K->9091K(26112K), 0.0004120 secs] [Times: user=0.00 sys=0.00, real=0.00 secs] 
22.588: Total time for which application threads were stopped: 0.0005010 seconds, Stopping threads took: 0.0000430 seconds
22.627: Application time: 0.0392190 seconds
22.627: [GC [PSYoungGen: 7696K->496K(8192K)] 16259K->9059K(26112K), 0.0004690 secs] [Times: user=0.01 sys=0.00, real=0.00 secs] 
22.628: Total time for which application threads were stopped: 0.0005610 seconds, Stopping threads took: 0.0000410 seconds
22.667: Application time: 0.0393320 seconds
22.667: [GC [PSYoungGen: 7664K->448K(8192K)] 16227K->9011K(26112K), 0.0004220 secs] [Times: user=0.00 sys=0.00, real=0.00 secs] 
22.668: Total time for which application threads were stopped: 0.0005070 seconds, Stopping threads took: 0.0000360 seconds
22.707: Application time: 0.0395750 seconds
22.707: [GC [PSYoungGen: 7616K->480K(8192K)] 16179K->9099K(26112K), 0.0005050 secs] [Times: user=0.01 sys=0.00, real=0.00 secs] 
22.708: Total time for which application threads were stopped: 0.0006260 seconds, Stopping threads took: 0.0000600 seconds
22.747: Application time: 0.0392460 seconds
22.747: [GC [PSYoungGen: 7648K->400K(8192K)] 16267K->9111K(26112K), 0.0004560 secs] [Times: user=0.00 sys=0.00, real=0.00 secs] 
22.748: Total time for which application threads were stopped: 0.0005580 seconds, Stopping threads took: 0.0000520 seconds
22.787: Application time: 0.0392850 seconds
22.787: [GC [PSYoungGen: 7568K->384K(8192K)] 16279K->9151K(26112K), 0.0003920 secs] [Times: user=0.00 sys=0.00, real=0.00 secs] 
22.788: Total time for which application threads were stopped: 0.0004830 seconds, Stopping threads took: 0.0000460 seconds
22.827: Application time: 0.0391510 seconds
22.827: [GC [PSYoungGen: 7552K->272K(8192K)] 16319K->9179K(26112K), 0.0003910 secs] [Times: user=0.00 sys=0.00, real=0.00 secs] 
22.827: Total time for which application threads were stopped: 0.0004770 seconds, Stopping threads took: 0.0000390 seconds
22.866: Application time: 0.0392540 seconds
22.867: [GC [PSYoungGen: 7439K->256K(8192K)] 16347K->9227K(26112K), 0.0003390 secs] [Times: user=0.00 sys=0.00, real=0.00 secs] 
22.867: Total time for which application threads were stopped: 0.0004320 seconds, Stopping threads took: 0.0000470 seconds
22.905: Application time: 0.0381850 seconds
22.905: [GC [PSYoungGen: 7424K->304K(8192K)] 16395K->9275K(26112K), 0.0003810 secs] [Times: user=0.00 sys=0.00, real=0.00 secs] 
22.906: Total time for which application threads were stopped: 0.0004720 seconds, Stopping threads took: 0.0000420 seconds
22.945: Application time: 0.0390320 seconds
22.945: [GC [PSYoungGen: 7472K->336K(8192K)] 16443K->9307K(26112K), 0.0004290 secs] [Times: user=0.00 sys=0.00, real=0.00 secs] 
22.945: Total time for which application threads were stopped: 0.0005450 seconds, Stopping threads took: 0.0000510 seconds
22.983: Application time: 0.0380530 seconds
22.983: [GC [PSYoungGen: 7504K->432K(8192K)] 16475K->9403K(26112K), 0.0003910 secs] [Times: user=0.00 sys=0.00, real=0.00 secs] 
22.984: Total time for which application threads were stopped: 0.0004890 seconds, Stopping threads took: 0.0000470 seconds
23.022: Application time: 0.0386300 seconds
23.022: [GC [PSYoungGen: 7600K->448K(8192K)] 16571K->9419K(26112K), 0.0005120 secs] [Times: user=0.00 sys=0.00, real=0.00 secs] 
23.023: Total time for which application threads were stopped: 0.0005970 seconds, Stopping threads took: 0.0000380 seconds
23.061: Application time: 0.0384450 seconds
23.061: [GC [PSYoungGen: 7616K->528K(8192K)] 16587K->9499K(26112K), 0.0004210 secs] [Times: user=0.00 sys=0.00, real=0.00 secs] 
23.062: Total time for which application threads were stopped: 0.0005150 seconds, Stopping threads took: 0.0000460 seconds
23.102: Application time: 0.0396860 seconds
23.102: [GC [PSYoungGen: 7696K->544K(8192K)] 16667K->9515K(26112K), 0.0004730 secs] [Times: user=0.00 sys=0.00, real=0.00 secs] 
23.102: Total time for which application threads were stopped: 0.0005580 seconds, Stopping threads took: 0.0000400 seconds
23.141: Application time: 0.0392950 seconds
23.141: [GC [PSYoungGen: 7712K->496K(8192K)] 16683K->9467K(26112K), 0.0004470 secs] [Times: user=0.00 sys=0.00, real=0.00 secs] 
23.142: Total time for which application threads were stopped: 0.0005330 seconds, Stopping threads took: 0.0000390 seconds
23.181: Application time: 0.0392490 seconds
23.181: [GC [PSYoungGen: 7664K->512K(8192K)] 16635K->9483K(26112K), 0.0004730 secs] [Times: user=0.00 sys=0.00, real=0.00 secs] 
23.182: Total time for which application threads were stopped: 0.0005630 seconds, Stopping threads took: 0.0000410 seconds
23.221: Application time: 0.0391980 seconds
23.221: [GC [PSYoungGen: 7680K->512K(8192K)] 16651K->9483K(26112K), 0.0004180 secs] [Times: user=0.00 sys=0.00, real=0.00 secs] 
23.221: Total time for which application threads were stopped: 0.0005060 seconds, Stopping threads took: 0.0000430 seconds
23.261: Application time: 0.0393090 seconds
23.261: [GC [PSYoungGen: 7680K->512K(8192K)] 16651K->9483K(26112K), 0.0004880 secs] [Times: user=0.01 sys=0.00, real=0.00 secs] 
23.261: Total time for which application threads were stopped: 0.0005720 seconds, Stopping threads took: 0.0000390 seconds
23.300: Application time: 0.0390640 seconds
23.301: [GC [PSYoungGen: 7680K->544K(8192K)] 16651K->9515K(26112K), 0.0004340 secs] [Times: user=0.00 sys=0.00, real=0.00 secs] 
23.301: Total time for which application threads were stopped: 0.0005360 seconds, Stopping threads took: 0.0000530 seconds
23.340: Application time: 0.0391830 seconds
23.340: [GC [PSYoungGen: 7712K->512K(8192K)] 16683K->9483K(26112K), 0.0004630 secs] [Times: user=0.00 sys=0.00, real=0.00 secs] 
23.341: Total time for which application threads were stopped: 0.0005570 seconds, Stopping threads took: 0.0000430 seconds
23.380: Application time: 0.0392230 seconds
23.380: [GC [PSYoungGen: 7680K->496K(8192K)] 16651K->9467K(26112K), 0.0004800 secs] [Times: user=0.00 sys=0.00, real=0.00 secs] 
23.381: Total time for which application threads were stopped: 0.0005730 seconds, Stopping threads took: 0.0000450 seconds
23.420: Application time: 0.0390820 seconds
23.420: [GC [PSYoungGen: 7664K->544K(8192K)] 16635K->9515K(26112K), 0.0004180 secs] [Times: user=0.00 sys=0.00, real=0.00 secs] 
23.420: Total time for which application threads were stopped: 0.0005070 seconds, Stopping threads took: 0.0000400 seconds
23.460: Application time: 0.0402450 seconds
23.460: [GC [PSYoungGen: 7712K->496K(8192K)] 16683K->9467K(26112K), 0.0004560 secs] [Times: user=0.00 sys=0.00, real=0.00 secs] 
23.461: Total time for which application threads were stopped: 0.0005760 seconds, Stopping threads took: 0.0000530 seconds
23.501: Application time: 0.0395840 seconds
23.501: [GC [PSYoungGen: 7664K->464K(8192K)] 16635K->9531K(26112K), 0.0007030 secs] [Times: user=0.01 sys=0.00, real=0.00 secs] 
23.501: Total time for which application threads were stopped: 0.0008040 seconds, Stopping threads took: 0.0000520 seconds
23.541: Application time: 0.0392760 seconds
23.541: [GC [PSYoungGen: 7632K->416K(8192K)] 16699K->9531K(26112K), 0.0004090 secs] [Times: user=0.00 sys=0.01, real=0.00 secs] 
23.541: Total time for which application threads were stopped: 0.0004940 seconds, Stopping threads took: 0.0000380 seconds
23.580: Application time: 0.0392570 seconds
23.580: [GC [PSYoungGen: 7584K->304K(8192K)] 16699K->9531K(26112K), 0.0003900 secs] [Times: user=0.00 sys=0.00, real=0.00 secs] 
23.581: Total time for which application threads were stopped: 0.0004760 seconds, Stopping threads took: 0.0000390 seconds
23.621: Application time: 0.0402490 seconds
23.621: [GC [PSYoungGen: 7472K->272K(8192K)] 16699K->9591K(26112K), 0.0004380 secs] [Times: user=0.00 sys=0.00, real=0.00 secs] 
23.622: Total time for which application threads were stopped: 0.0005410 seconds, Stopping threads took: 0.0000510 seconds
23.661: Application time: 0.0389050 seconds
23.661: [GC [PSYoungGen: 7440K->272K(8192K)] 16759K->9655K(26112K), 0.0003760 secs] [Times: user=0.00 sys=0.00, real=0.00 secs] 
23.661: Total time for which application threads were stopped: 0.0004680 seconds, Stopping threads took: 0.0000420 seconds
23.699: Application time: 0.0385060 seconds
23.700: [GC [PSYoungGen: 7440K->288K(8192K)] 16823K->9671K(26112K), 0.0003610 secs] [Times: user=0.00 sys=0.00, real=0.00 secs] 
23.700: Total time for which application threads were stopped: 0.0004570 seconds, Stopping threads took: 0.0000490 seconds
23.739: Application time: 0.0390970 seconds
23.739: [GC [PSYoungGen: 7456K->352K(8192K)] 16839K->9735K(26112K), 0.0004860 secs] [Times: user=0.00 sys=0.00, real=0.00 secs] 
23.740: Total time for which application threads were stopped: 0.0006120 seconds, Stopping threads took: 0.0000680 seconds
23.778: Application time: 0.0386040 seconds
23.778: [GC [PSYoungGen: 7520K->416K(8192K)] 16903K->9799K(26112K), 0.0004420 secs] [Times: user=0.00 sys=0.00, real=0.00 secs] 
23.779: Total time for which application threads were stopped: 0.0005370 seconds, Stopping threads took: 0.0000430 seconds
23.817: Application time: 0.0382490 seconds
23.817: [GC [PSYoungGen: 7584K->480K(8192K)] 16967K->9863K(26112K), 0.0004140 secs] [Times: user=0.00 sys=0.00, real=0.00 secs] 
23.818: Total time for which application threads were stopped: 0.0005130 seconds, Stopping threads took: 0.0000490 seconds
23.856: Application time: 0.0389070 seconds
23.857: [GC [PSYoungGen: 7648K->496K(8192K)] 17031K->9879K(26112K), 0.0004130 secs] [Times: user=0.00 sys=0.00, real=0.01 secs] 
23.857: Total time for which application threads were stopped: 0.0005080 seconds, Stopping threads took: 0.0000490 seconds
23.896: Application time: 0.0393560 seconds
23.896: [GC [PSYoungGen: 7664K->496K(8192K)] 17047K->9879K(26112K), 0.0004160 secs] [Times: user=0.00 sys=0.00, real=0.01 secs] 
23.897: Total time for which application threads were stopped: 0.0005090 seconds, Stopping threads took: 0.0000420 seconds
23.937: Application time: 0.0396430 seconds
23.937: [GC [PSYoungGen: 7664K->496K(8192K)] 17047K->9879K(26112K), 0.0004080 secs] [Times: user=0.00 sys=0.00, real=0.01 secs] 
23.937: Total time for which application threads were stopped: 0.0004900 seconds, Stopping threads took: 0.0000350 seconds
23.976: Application time: 0.0393410 seconds
23.976: [GC [PSYoungGen: 7664K->496K(8192K)] 17047K->9879K(26112K), 0.0004220 secs] [Times: user=0.00 sys=0.00, real=0.01 secs] 
23.977: Total time for which application threads were stopped: 0.0005300 seconds, Stopping threads took: 0.0000460 seconds
24.016: Application time: 0.0393400 seconds
24.016: [GC [PSYoungGen: 7664K->512K(8192K)] 17047K->9895K(26112K), 0.0004260 secs] [Times: user=0.01 sys=0.00, real=0.01 secs] 
24.017: Total time for which application threads were stopped: 0.0005170 seconds, Stopping threads took: 0.0000410 seconds
24.056: Application time: 0.0392470 seconds
24.056: [GC [PSYoungGen: 7680K->512K(8192K)] 17063K->9895K(26112K), 0.0004180 secs] [Times: user=0.00 sys=0.00, real=0.00 secs] 
24.056: Total time for which application threads were stopped: 0.0005050 seconds, Stopping threads took: 0.0000400 seconds
24.096: Application time: 0.0392520 seconds
24.097: [GC [PSYoungGen: 7680K->496K(8192K)] 17063K->9879K(26112K), 0.0004420 secs] [Times: user=0.01 sys=0.00, real=0.00 secs] 
24.097: Total time for which application threads were stopped: 0.0014650 seconds, Stopping threads took: 0.0009720 seconds
24.137: Application time: 0.0393210 seconds
24.137: [GC [PSYoungGen: 7664K->528K(8192K)] 17047K->9911K(26112K), 0.0004250 secs] [Times: user=0.00 sys=0.00, real=0.01 secs] 
24.137: Total time for which application threads were stopped: 0.0005160 seconds, Stopping threads took: 0.0000380 seconds
24.176: Application time: 0.0393080 seconds
24.176: [GC [PSYoungGen: 7696K->480K(8192K)] 17079K->9863K(26112K), 0.0004310 secs] [Times: user=0.01 sys=0.00, real=0.01 secs] 
24.177: Total time for which application threads were stopped: 0.0005270 seconds, Stopping threads took: 0.0000460 seconds
24.216: Application time: 0.0392020 seconds
24.216: [GC [PSYoungGen: 7648K->544K(8192K)] 17031K->9927K(26112K), 0.0004410 secs] [Times: user=0.00 sys=0.00, real=0.00 secs] 
24.217: Total time for which application threads were stopped: 0.0005340 seconds, Stopping threads took: 0.0000440 seconds
24.256: Application time: 0.0390750 seconds
24.256: [GC [PSYoungGen: 7712K->496K(8192K)] 17095K->9935K(26112K), 0.0004510 secs] [Times: user=0.00 sys=0.00, real=0.00 secs] 
24.256: Total time for which application threads were stopped: 0.0005510 seconds, Stopping threads took: 0.0000530 seconds
24.296: Application time: 0.0392720 seconds
24.296: [GC [PSYoungGen: 7664K->432K(8192K)] 17103K->9927K(26112K), 0.0004560 secs] [Times: user=0.01 sys=0.00, real=0.00 secs] 
24.296: Total time for which application threads were stopped: 0.0005480 seconds, Stopping threads took: 0.0000430 seconds
24.336: Application time: 0.0394960 seconds
24.336: [GC [PSYoungGen: 7600K->384K(8192K)] 17095K->9967K(26112K), 0.0004030 secs] [Times: user=0.00 sys=0.00, real=0.00 secs] 
24.336: Total time for which application threads were stopped: 0.0004960 seconds, Stopping threads took: 0.0000450 seconds
24.376: Application time: 0.0395230 seconds
24.376: [GC [PSYoungGen: 7552K->304K(8192K)] 17135K->9951K(26112K), 0.0003900 secs] [Times: user=0.00 sys=0.00, real=0.00 secs] 
24.376: Total time for which application threads were stopped: 0.0004820 seconds, Stopping threads took: 0.0000450 seconds
24.415: Application time: 0.0394180 seconds
24.416: [GC [PSYoungGen: 7472K->256K(8192K)] 17119K->9976K(26112K), 0.0004100 secs] [Times: user=0.00 sys=0.00, real=0.00 secs] 
24.416: Total time for which application threads were stopped: 0.0005040 seconds, Stopping threads took: 0.0000490 seconds
24.455: Application time: 0.0387000 seconds
24.455: [GC [PSYoungGen: 7424K->288K(8192K)] 17144K->10072K(26112K), 0.0003760 secs] [Times: user=0.00 sys=0.00, real=0.00 secs] 
24.455: Total time for which application threads were stopped: 0.0004720 seconds, Stopping threads took: 0.0000460 seconds
24.493: Application time: 0.0382730 seconds
24.494: [GC [PSYoungGen: 7456K->304K(8192K)] 17240K->10088K(26112K), 0.0004010 secs] [Times: user=0.00 sys=0.00, real=0.00 secs] 
24.494: Total time for which application threads were stopped: 0.0005030 seconds, Stopping threads took: 0.0000450 seconds
24.533: Application time: 0.0388560 seconds
24.533: [GC [PSYoungGen: 7472K->384K(8192K)] 17256K->10168K(26112K), 0.0003860 secs] [Times: user=0.00 sys=0.00, real=0.00 secs] 
24.533: Total time for which application threads were stopped: 0.0004790 seconds, Stopping threads took: 0.0000450 seconds
24.572: Application time: 0.0382190 seconds
24.572: [GC [PSYoungGen: 7541K->368K(8192K)] 17325K->10152K(26112K), 0.0004050 secs] [Times: user=0.00 sys=0.00, real=0.00 secs] 
24.572: Total time for which application threads were stopped: 0.0005010 seconds, Stopping threads took: 0.0000440 seconds
24.611: Application time: 0.0389680 seconds
24.611: [GC [PSYoungGen: 7536K->448K(8192K)] 17320K->10232K(26112K), 0.0004110 secs] [Times: user=0.01 sys=0.00, real=0.00 secs] 
24.611: Total time for which application threads were stopped: 0.0004990 seconds, Stopping threads took: 0.0000400 seconds
24.650: Application time: 0.0385220 seconds
24.650: [GC [PSYoungGen: 7616K->496K(8192K)] 17400K->10280K(26112K), 0.0004150 secs] [Times: user=0.01 sys=0.00, real=0.00 secs] 
24.651: Total time for which application threads were stopped: 0.0005050 seconds, Stopping threads took: 0.0000430 seconds
24.690: Application time: 0.0394240 seconds
24.690: [GC [PSYoungGen: 7664K->544K(8192K)] 17448K->10328K(26112K), 0.0004730 secs] [Times: user=0.00 sys=0.00, real=0.00 secs] 
24.691: Total time for which application threads were stopped: 0.0005680 seconds, Stopping threads took: 0.0000450 seconds
24.730: Application time: 0.0397150 seconds
24.733: [GC [PSYoungGen: 7712K->528K(8192K)] 17496K->10312K(26112K), 0.0004870 secs] [Times: user=0.00 sys=0.00, real=0.00 secs] 
24.733: Total time for which application threads were stopped: 0.0030330 seconds, Stopping threads took: 0.0024900 seconds
24.773: Application time: 0.0392870 seconds
24.773: [GC [PSYoungGen: 7696K->480K(8192K)] 17480K->10264K(26112K), 0.0004430 secs] [Times: user=0.00 sys=0.00, real=0.00 secs] 
24.773: Total time for which application threads were stopped: 0.0005370 seconds, Stopping threads took: 0.0000410 seconds
24.812: Application time: 0.0394150 seconds
24.813: [GC [PSYoungGen: 7648K->496K(8192K)] 17432K->10280K(26112K), 0.0004070 secs] [Times: user=0.00 sys=0.00, real=0.00 secs] 
24.813: Total time for which application threads were stopped: 0.0005010 seconds, Stopping threads took: 0.0000440 seconds
24.852: Application time: 0.0390930 seconds
24.852: [GC [PSYoungGen: 7664K->480K(8192K)] 17448K->10264K(26112K), 0.0004440 secs] [Times: user=0.00 sys=0.00, real=0.00 secs] 
24.853: Total time for which application threads were stopped: 0.0005330 seconds, Stopping threads took: 0.0000380 seconds
24.892: Application time: 0.0390820 seconds
24.892: [GC [PSYoungGen: 7648K->496K(8192K)] 17432K->10280K(26112K), 0.0004170 secs] [Times: user=0.01 sys=0.00, real=0.00 secs] 
24.892: Total time for which application threads were stopped: 0.0005050 seconds, Stopping threads took: 0.0000390 seconds
24.931: Application time: 0.0391130 seconds
24.931: [GC [PSYoungGen: 7664K->496K(8192K)] 17448K->10280K(26112K), 0.0004580 secs] [Times: user=0.00 sys=0.00, real=0.00 secs] 
24.932: Total time for which application threads were stopped: 0.0005430 seconds, Stopping threads took: 0.0000360 seconds
24.972: Application time: 0.0402590 seconds
24.972: [GC [PSYoungGen: 7664K->528K(8192K)] 17448K->10312K(26112K), 0.0004430 secs] [Times: user=0.00 sys=0.00, real=0.00 secs] 
24.973: Total time for which application threads were stopped: 0.0005560 seconds, Stopping threads took: 0.0000590 seconds
25.012: Application time: 0.0394830 seconds
25.012: [GC [PSYoungGen: 7696K->496K(8192K)] 17480K->10280K(26112K), 0.0004750 secs] [Times: user=0.00 sys=0.00, real=0.00 secs] 
25.013: Total time for which application threads were stopped: 0.0005840 seconds, Stopping threads took: 0.0000490 seconds
25.052: Application time: 0.0391600 seconds
25.052: [GC [PSYoungGen: 7664K->448K(8192K)] 17448K->10280K(26112K), 0.0004870 secs] [Times: user=0.00 sys=0.00, real=0.00 secs] 
25.052: Total time for which application threads were stopped: 0.0005760 seconds, Stopping threads took: 0.0000410 seconds
25.092: Application time: 0.0391050 seconds
25.092: [GC [PSYoungGen: 7616K->368K(8192K)] 17448K->10300K(26112K), 0.0003980 secs] [Times: user=0.00 sys=0.00, real=0.00 secs] 
25.092: Total time for which application threads were stopped: 0.0004850 seconds, Stopping threads took: 0.0000410 seconds
25.132: Application time: 0.0403280 seconds
25.132: [GC [PSYoungGen: 7536K->368K(8192K)] 17468K->10364K(26112K), 0.0004260 secs] [Times: user=0.00 sys=0.00, real=0.00 secs] 
25.133: Total time for which application threads were stopped: 0.0005320 seconds, Stopping threads took: 0.0000510 seconds
25.173: Application time: 0.0404530 seconds
25.173: [GC [PSYoungGen: 7536K->304K(8192K)] 17532K->10388K(26112K), 0.0003980 secs] [Times: user=0.00 sys=0.00, real=0.00 secs] 
25.174: Total time for which application threads were stopped: 0.0004870 seconds, Stopping threads took: 0.0000420 seconds
25.213: Application time: 0.0394420 seconds
25.213: [GC [PSYoungGen: 7472K->288K(8192K)] 17556K->10420K(26112K), 0.0004340 secs] [Times: user=0.00 sys=0.00, real=0.00 secs] 
25.214: Total time for which application threads were stopped: 0.0005290 seconds, Stopping threads took: 0.0000480 seconds
25.253: Application time: 0.0387300 seconds
25.253: [GC [PSYoungGen: 7456K->240K(8192K)] 17588K->10452K(26112K), 0.0004130 secs] [Times: user=0.00 sys=0.00, real=0.00 secs] 
25.253: Total time for which application threads were stopped: 0.0005110 seconds, Stopping threads took: 0.0000440 seconds
25.292: Application time: 0.0384850 seconds
25.292: [GC [PSYoungGen: 7408K->304K(8192K)] 17620K->10516K(26112K), 0.0003680 secs] [Times: user=0.00 sys=0.00, real=0.00 secs] 
25.292: Total time for which application threads were stopped: 0.0004730 seconds, Stopping threads took: 0.0000570 seconds
25.330: Application time: 0.0383590 seconds
25.331: [GC [PSYoungGen: 7472K->416K(8192K)] 17684K->10628K(26112K), 0.0004100 secs] [Times: user=0.01 sys=0.00, real=0.00 secs] 
25.331: Total time for which application threads were stopped: 0.0005020 seconds, Stopping threads took: 0.0000440 seconds
25.370: Application time: 0.0386390 seconds
25.370: [GC [PSYoungGen: 7584K->432K(8192K)] 17796K->10644K(26112K), 0.0004100 secs] [Times: user=0.00 sys=0.00, real=0.00 secs] 
25.370: Total time for which application threads were stopped: 0.0005020 seconds, Stopping threads took: 0.0000440 seconds
25.409: Application time: 0.0388880 seconds
25.409: [GC [PSYoungGen: 7600K->480K(8192K)] 17812K->10692K(26112K), 0.0003970 secs] [Times: user=0.01 sys=0.00, real=0.00 secs] 
25.409: Total time for which application threads were stopped: 0.0004900 seconds, Stopping threads took: 0.0000460 seconds
25.448: Application time: 0.0387680 seconds
25.448: [GC [PSYoungGen: 7648K->512K(8192K)] 17860K->10724K(26112K), 0.0004620 secs] [Times: user=0.00 sys=0.00, real=0.01 secs] 
25.449: Total time for which application threads were stopped: 0.0005530 seconds, Stopping threads took: 0.0000480 seconds
25.488: Application time: 0.0394700 seconds
25.488: [GC [PSYoungGen: 7680K->496K(8192K)] 17892K->10708K(26112K), 0.0004640 secs] [Times: user=0.00 sys=0.00, real=0.01 secs] 
25.489: Total time for which application threads were stopped: 0.0005570 seconds, Stopping threads took: 0.0000450 seconds
25.528: Application time: 0.0396330 seconds
25.529: [GC [PSYoungGen: 7664K->496K(8192K)] 17876K->10708K(26112K), 0.0004260 secs] [Times: user=0.00 sys=0.00, real=0.01 secs] 
25.529: Total time for which application threads were stopped: 0.0005270 seconds, Stopping threads took: 0.0000410 seconds
25.568: Application time: 0.0394360 seconds
25.568: [GC [PSYoungGen: 7664K->528K(8192K)] 17876K->10740K(26112K), 0.0004220 secs] [Times: user=0.00 sys=0.00, real=0.01 secs] 
25.569: Total time for which application threads were stopped: 0.0005130 seconds, Stopping threads took: 0.0000430 seconds
25.608: Application time: 0.0394460 seconds
25.608: [GC [PSYoungGen: 7696K->512K(8192K)] 17908K->10740K(26112K), 0.0004580 secs] [Times: user=0.00 sys=0.00, real=0.01 secs] 
25.609: Total time for which application threads were stopped: 0.0005500 seconds, Stopping threads took: 0.0000440 seconds
25.648: Application time: 0.0392600 seconds
25.648: [GC [PSYoungGen: 7680K->480K(8192K)] 17908K->10708K(26112K), 0.0004700 secs] [Times: user=0.00 sys=0.00, real=0.01 secs] 
25.650: Total time for which application threads were stopped: 0.0015800 seconds, Stopping threads took: 0.0000440 seconds
25.689: Application time: 0.0392410 seconds
25.689: [GC [PSYoungGen: 7648K->496K(8192K)] 17876K->10724K(26112K), 0.0004480 secs] [Times: user=0.01 sys=0.00, real=0.00 secs] 
25.690: Total time for which application threads were stopped: 0.0005500 seconds, Stopping threads took: 0.0000520 seconds
25.729: Application time: 0.0392590 seconds
25.729: [GC [PSYoungGen: 7664K->480K(8192K)] 17892K->10708K(26112K), 0.0004630 secs] [Times: user=0.00 sys=0.00, real=0.00 secs] 
25.729: Total time for which application threads were stopped: 0.0005780 seconds, Stopping threads took: 0.0000550 seconds
25.769: Application time: 0.0392060 seconds
25.769: [GC [PSYoungGen: 7648K->480K(8192K)] 17876K->10708K(26112K), 0.0004090 secs] [Times: user=0.01 sys=0.00, real=0.00 secs] 
25.769: Total time for which application threads were stopped: 0.0005100 seconds, Stopping threads took: 0.0000490 seconds
25.808: Application time: 0.0392510 seconds
25.808: [GC [PSYoungGen: 7648K->464K(8192K)] 17876K->10692K(26112K), 0.0004670 secs] [Times: user=0.00 sys=0.00, real=0.01 secs] 
25.809: Total time for which application threads were stopped: 0.0005570 seconds, Stopping threads took: 0.0000430 seconds
25.848: Application time: 0.0392580 seconds
25.848: [GC [PSYoungGen: 7632K->448K(8192K)] 17860K->10724K(26112K), 0.0004250 secs] [Times: user=0.00 sys=0.00, real=0.01 secs] 
25.849: Total time for which application threads were stopped: 0.0005110 seconds, Stopping threads took: 0.0000410 seconds
25.888: Application time: 0.0392070 seconds
25.888: [GC [PSYoungGen: 7616K->368K(8192K)] 17892K->10740K(26112K), 0.0004190 secs] [Times: user=0.00 sys=0.00, real=0.00 secs] 
25.888: Total time for which application threads were stopped: 0.0005020 seconds, Stopping threads took: 0.0000350 seconds
25.928: Application time: 0.0392750 seconds
25.928: [GC [PSYoungGen: 7536K->336K(8192K)] 17908K->10796K(26112K), 0.0004460 secs] [Times: user=0.01 sys=0.00, real=0.00 secs] 
25.928: Total time for which application threads were stopped: 0.0005400 seconds, Stopping threads took: 0.0000420 seconds
25.968: Application time: 0.0395490 seconds
25.968: [GC [PSYoungGen: 7504K->288K(8192K)] 17964K->10812K(26112K), 0.0003770 secs] [Times: user=0.00 sys=0.00, real=0.00 secs] 
25.968: Total time for which application threads were stopped: 0.0004640 seconds, Stopping threads took: 0.0000390 seconds
26.008: Application time: 0.0393150 seconds
26.008: [GC [PSYoungGen: 7456K->272K(8192K)] 17980K->10860K(26112K), 0.0003920 secs] [Times: user=0.00 sys=0.00, real=0.00 secs] 
26.008: Total time for which application threads were stopped: 0.0004920 seconds, Stopping threads took: 0.0000510 seconds
26.046: Application time: 0.0378090 seconds
26.046: [GC [PSYoungGen: 7440K->320K(8192K)] 18028K->10972K(26112K), 0.0003730 secs] [Times: user=0.00 sys=0.00, real=0.00 secs] 
26.046: Total time for which application threads were stopped: 0.0004770 seconds, Stopping threads took: 0.0000410 seconds
26.085: Application time: 0.0385320 seconds
26.085: [GC [PSYoungGen: 7488K->368K(8192K)] 18140K->11020K(26112K), 0.0003980 secs] [Times: user=0.00 sys=0.00, real=0.00 secs] 
26.085: Total time for which application threads were stopped: 0.0004830 seconds, Stopping threads took: 0.0000380 seconds
26.124: Application time: 0.0389160 seconds
26.124: [GC [PSYoungGen: 7536K->400K(8192K)] 18188K->11052K(26112K), 0.0004160 secs] [Times: user=0.00 sys=0.00, real=0.00 secs] 
26.125: Total time for which application threads were stopped: 0.0005120 seconds, Stopping threads took: 0.0000440 seconds
26.164: Application time: 0.0388090 seconds
26.164: [GC [PSYoungGen: 7568K->432K(8192K)] 18220K->11084K(26112K), 0.0004170 secs] [Times: user=0.00 sys=0.00, real=0.00 secs] 
26.164: Total time for which application threads were stopped: 0.0005010 seconds, Stopping threads took: 0.0000370 seconds
26.203: Application time: 0.0385680 seconds
26.203: [GC [PSYoungGen: 7600K->448K(8192K)] 18252K->11100K(26112K), 0.0004490 secs] [Times: user=0.00 sys=0.00, real=0.00 secs] 
26.203: Total time for which application threads were stopped: 0.0005440 seconds, Stopping threads took: 0.0000480 seconds
26.242: Application time: 0.0391440 seconds
26.242: [GC [PSYoungGen: 7616K->448K(8192K)] 18268K->11100K(26112K), 0.0004210 secs] [Times: user=0.01 sys=0.00, real=0.00 secs] 
26.243: Total time for which application threads were stopped: 0.0005160 seconds, Stopping threads took: 0.0000450 seconds
26.282: Application time: 0.0392920 seconds
26.282: [GC [PSYoungGen: 7616K->496K(8192K)] 18268K->11148K(26112K), 0.0004510 secs] [Times: user=0.00 sys=0.00, real=0.00 secs] 
26.283: Total time for which application threads were stopped: 0.0005370 seconds, Stopping threads took: 0.0000400 seconds
26.322: Application time: 0.0392890 seconds
26.322: [GC [PSYoungGen: 7664K->480K(8192K)] 18316K->11132K(26112K), 0.0004680 secs] [Times: user=0.01 sys=0.00, real=0.00 secs] 
26.323: Total time for which application threads were stopped: 0.0005530 seconds, Stopping threads took: 0.0000370 seconds
26.362: Application time: 0.0391890 seconds
26.362: [GC [PSYoungGen: 7648K->512K(8192K)] 18300K->11164K(26112K), 0.0004550 secs] [Times: user=0.00 sys=0.00, real=0.00 secs] 
26.362: Total time for which application threads were stopped: 0.0005410 seconds, Stopping threads took: 0.0000390 seconds
26.402: Application time: 0.0398200 seconds
26.402: [GC [PSYoungGen: 7680K->480K(8192K)] 18332K->11132K(26112K), 0.0004600 secs] [Times: user=0.00 sys=0.00, real=0.00 secs] 
26.403: Total time for which application threads were stopped: 0.0005570 seconds, Stopping threads took: 0.0000500 seconds
26.442: Application time: 0.0392360 seconds
26.442: [GC [PSYoungGen: 7648K->512K(8192K)] 18300K->11164K(26112K), 0.0004110 secs] [Times: user=0.01 sys=0.00, real=0.00 secs] 
26.442: Total time for which application threads were stopped: 0.0004970 seconds, Stopping threads took: 0.0000390 seconds
26.483: Application time: 0.0404700 seconds
26.483: [GC [PSYoungGen: 7680K->480K(8192K)] 18332K->11132K(26112K), 0.0005400 secs] [Times: user=0.00 sys=0.00, real=0.00 secs] 
26.484: Total time for which application threads were stopped: 0.0006370 seconds, Stopping threads took: 0.0000410 seconds
26.523: Application time: 0.0392530 seconds
26.523: [GC [PSYoungGen: 7648K->480K(8192K)] 18300K->11132K(26112K), 0.0004600 secs] [Times: user=0.00 sys=0.00, real=0.00 secs] 
26.523: Total time for which application threads were stopped: 0.0005520 seconds, Stopping threads took: 0.0000480 seconds
26.563: Application time: 0.0392790 seconds
26.565: [GC [PSYoungGen: 7648K->432K(8192K)] 18300K->11084K(26112K), 0.0004700 secs] [Times: user=0.01 sys=0.00, real=0.00 secs] 
26.565: Total time for which application threads were stopped: 0.0026360 seconds, Stopping threads took: 0.0021090 seconds
26.604: Application time: 0.0391550 seconds
26.604: [GC [PSYoungGen: 7600K->480K(8192K)] 18252K->11132K(26112K), 0.0004180 secs] [Times: user=0.00 sys=0.00, real=0.00 secs] 
26.605: Total time for which application threads were stopped: 0.0005080 seconds, Stopping threads took: 0.0000460 seconds
26.646: Application time: 0.0408940 seconds
26.646: [GC [PSYoungGen: 7648K->400K(8192K)] 18300K->11148K(26112K), 0.0004960 secs] [Times: user=0.00 sys=0.00, real=0.00 secs] 
26.646: Total time for which application threads were stopped: 0.0005840 seconds, Stopping threads took: 0.0000410 seconds
26.686: Application time: 0.0397660 seconds
26.686: [GC [PSYoungGen: 7568K->352K(8192K)] 18316K->11196K(26112K), 0.0004070 secs] [Times: user=0.00 sys=0.00, real=0.00 secs] 
26.687: Total time for which application threads were stopped: 0.0004960 seconds, Stopping threads took: 0.0000420 seconds
26.726: Application time: 0.0398420 seconds
26.727: [GC [PSYoungGen: 7520K->304K(8192K)] 18364K->11212K(26112K), 0.0004530 secs] [Times: user=0.00 sys=0.00, real=0.00 secs] 
26.727: Total time for which application threads were stopped: 0.0005690 seconds, Stopping threads took: 0.0000560 seconds
26.766: Application time: 0.0392500 seconds
26.766: [GC [PSYoungGen: 7472K->288K(8192K)] 18380K->11252K(26112K), 0.0004030 secs] [Times: user=0.00 sys=0.00, real=0.00 secs] 
26.767: Total time for which application threads were stopped: 0.0005100 seconds, Stopping threads took: 0.0000490 seconds
26.806: Application time: 0.0392740 seconds
26.806: [GC [PSYoungGen: 7456K->240K(8192K)] 18420K->11268K(26112K), 0.0004130 secs] [Times: user=0.00 sys=0.00, real=0.00 secs] 
26.807: Total time for which application threads were stopped: 0.0005030 seconds, Stopping threads took: 0.0000430 seconds
26.845: Application time: 0.0386160 seconds
26.845: [GC [PSYoungGen: 7408K->288K(8192K)] 18436K->11380K(26112K), 0.0003690 secs] [Times: user=0.00 sys=0.00, real=0.00 secs] 
26.846: Total time for which application threads were stopped: 0.0004650 seconds, Stopping threads took: 0.0000460 seconds
26.884: Application time: 0.0382520 seconds
26.884: [GC [PSYoungGen: 7456K->336K(8192K)] 18548K->11428K(26112K), 0.0003900 secs] [Times: user=0.00 sys=0.00, real=0.00 secs] 
26.884: Total time for which application threads were stopped: 0.0004810 seconds, Stopping threads took: 0.0000460 seconds
26.922: Application time: 0.0379960 seconds
26.923: [GC [PSYoungGen: 7504K->416K(8192K)] 18596K->11508K(26112K), 0.0004540 secs] [Times: user=0.00 sys=0.00, real=0.00 secs] 
26.923: Total time for which application threads were stopped: 0.0005530 seconds, Stopping threads took: 0.0000490 seconds
26.963: Application time: 0.0396720 seconds
26.963: [GC [PSYoungGen: 7584K->480K(8192K)] 18676K->11572K(26112K), 0.0004100 secs] [Times: user=0.01 sys=0.00, real=0.00 secs] 
26.963: Total time for which application threads were stopped: 0.0005010 seconds, Stopping threads took: 0.0000420 seconds
27.002: Application time: 0.0393350 seconds
27.003: [GC [PSYoungGen: 7648K->480K(8192K)] 18740K->11572K(26112K), 0.0003970 secs] [Times: user=0.00 sys=0.00, real=0.00 secs] 
27.003: Total time for which application threads were stopped: 0.0004830 seconds, Stopping threads took: 0.0000380 seconds
27.041: Application time: 0.0384820 seconds
27.042: [GC [PSYoungGen: 7647K->512K(8192K)] 18740K->11604K(26112K), 0.0004770 secs] [Times: user=0.00 sys=0.00, real=0.00 secs] 
27.042: Total time for which application threads were stopped: 0.0005740 seconds, Stopping threads took: 0.0000470 seconds
27.082: Application time: 0.0397870 seconds
27.082: [GC [PSYoungGen: 7680K->528K(8192K)] 18772K->11620K(26112K), 0.0004180 secs] [Times: user=0.00 sys=0.00, real=0.00 secs] 
27.082: Total time for which application threads were stopped: 0.0005200 seconds, Stopping threads took: 0.0000470 seconds
27.122: Application time: 0.0392350 seconds
27.122: [GC [PSYoungGen: 7696K->512K(8192K)] 18788K->11604K(26112K), 0.0004160 secs] [Times: user=0.00 sys=0.00, real=0.00 secs] 
27.122: Total time for which application threads were stopped: 0.0005140 seconds, Stopping threads took: 0.0000490 seconds
27.161: Application time: 0.0393910 seconds
27.162: [GC [PSYoungGen: 7680K->480K(8192K)] 18772K->11572K(26112K), 0.0004650 secs] [Times: user=0.00 sys=0.00, real=0.00 secs] 
27.162: Total time for which application threads were stopped: 0.0005620 seconds, Stopping threads took: 0.0000490 seconds
27.201: Application time: 0.0394100 seconds
27.202: [GC [PSYoungGen: 7648K->496K(8192K)] 18740K->11588K(26112K), 0.0004460 secs] [Times: user=0.01 sys=0.00, real=0.00 secs] 
27.202: Total time for which application threads were stopped: 0.0005430 seconds, Stopping threads took: 0.0000510 seconds
27.241: Application time: 0.0392170 seconds
27.241: [GC [PSYoungGen: 7664K->496K(8192K)] 18756K->11588K(26112K), 0.0004520 secs] [Times: user=0.00 sys=0.00, real=0.00 secs] 
27.242: Total time for which application threads were stopped: 0.0005410 seconds, Stopping threads took: 0.0000410 seconds
27.281: Application time: 0.0391520 seconds
27.281: [GC [PSYoungGen: 7664K->512K(8192K)] 18756K->11604K(26112K), 0.0004350 secs] [Times: user=0.01 sys=0.00, real=0.00 secs] 
27.281: Total time for which application threads were stopped: 0.0005320 seconds, Stopping threads took: 0.0000480 seconds
27.320: Application time: 0.0390350 seconds
27.321: [GC [PSYoungGen: 7680K->512K(8192K)] 18772K->11604K(26112K), 0.0004310 secs] [Times: user=0.00 sys=0.00, real=0.00 secs] 
27.321: Total time for which application threads were stopped: 0.0005310 seconds, Stopping threads took: 0.0000410 seconds
27.360: Application time: 0.0392680 seconds
27.360: [GC [PSYoungGen: 7680K->496K(8192K)] 18772K->11588K(26112K), 0.0004190 secs] [Times: user=0.01 sys=0.00, real=0.00 secs] 
27.361: Total time for which application threads were stopped: 0.0005080 seconds, Stopping threads took: 0.0000410 seconds
27.400: Application time: 0.0392790 seconds
27.400: [GC [PSYoungGen: 7664K->448K(8192K)] 18756K->11540K(26112K), 0.0004000 secs] [Times: user=0.00 sys=0.00, real=0.00 secs] 
27.401: Total time for which application threads were stopped: 0.0004860 seconds, Stopping threads took: 0.0000410 seconds
27.440: Application time: 0.0392490 seconds
27.440: [GC [PSYoungGen: 7616K->416K(8192K)] 18708K->11604K(26112K), 0.0004180 secs] [Times: user=0.00 sys=0.00, real=0.00 secs] 
27.440: Total time for which application threads were stopped: 0.0005060 seconds, Stopping threads took: 0.0000400 seconds
27.480: Application time: 0.0393560 seconds
27.480: [GC [PSYoungGen: 7584K->352K(8192K)] 18772K->11636K(26112K), 0.0003940 secs] [Times: user=0.00 sys=0.00, real=0.00 secs] 
27.480: Total time for which application threads were stopped: 0.0004800 seconds, Stopping threads took: 0.0000400 seconds
27.520: Application time: 0.0393430 seconds
27.520: [GC [PSYoungGen: 7520K->336K(8192K)] 18804K->11725K(26112K), 0.0003770 secs] [Times: user=0.00 sys=0.00, real=0.00 secs] 
27.520: Total time for which application threads were stopped: 0.0004660 seconds, Stopping threads took: 0.0000440 seconds
27.559: Application time: 0.0393190 seconds
27.559: [GC [PSYoungGen: 7504K->272K(8192K)] 18893K->11733K(26112K), 0.0003630 secs] [Times: user=0.00 sys=0.00, real=0.00 secs] 
27.560: Total time for which application threads were stopped: 0.0004560 seconds, Stopping threads took: 0.0000450 seconds
27.599: Application time: 0.0389860 seconds
27.599: [GC [PSYoungGen: 7440K->304K(8192K)] 18901K->11765K(26112K), 0.0003550 secs] [Times: user=0.00 sys=0.00, real=0.00 secs] 
27.599: Total time for which application threads were stopped: 0.0004550 seconds, Stopping threads took: 0.0000450 seconds
27.638: Application time: 0.0388840 seconds
27.638: [GC [PSYoungGen: 7472K->304K(8192K)] 18933K->11829K(26112K), 0.0004170 secs] [Times: user=0.00 sys=0.00, real=0.00 secs] 
27.639: Total time for which application threads were stopped: 0.0005060 seconds, Stopping threads took: 0.0000420 seconds
27.677: Application time: 0.0383690 seconds
27.677: [GC [PSYoungGen: 7472K->384K(8192K)] 18997K->11909K(26112K), 0.0003940 secs] [Times: user=0.00 sys=0.00, real=0.00 secs] 
27.677: Total time for which application threads were stopped: 0.0004920 seconds, Stopping threads took: 0.0000500 seconds
27.716: Application time: 0.0383130 seconds
27.716: [GC [PSYoungGen: 7552K->480K(8192K)] 19077K->12005K(26112K), 0.0004960 secs] [Times: user=0.00 sys=0.00, real=0.00 secs] 
27.716: Total time for which application threads were stopped: 0.0006000 seconds, Stopping threads took: 0.0000500 seconds
27.755: Application time: 0.0390080 seconds
27.755: [GC [PSYoungGen: 7648K->416K(8192K)] 19173K->11941K(26112K), 0.0004070 secs] [Times: user=0.01 sys=0.00, real=0.00 secs] 
27.756: Total time for which application threads were stopped: 0.0005060 seconds, Stopping threads took: 0.0000480 seconds
27.795: Application time: 0.0392000 seconds
27.795: [GC [PSYoungGen: 7584K->416K(8192K)] 19109K->11941K(26112K), 0.0004390 secs] [Times: user=0.00 sys=0.00, real=0.00 secs] 
27.796: Total time for which application threads were stopped: 0.0005290 seconds, Stopping threads took: 0.0000390 seconds
27.835: Application time: 0.0389100 seconds
27.835: [GC [PSYoungGen: 7584K->512K(8192K)] 19109K->12037K(26112K), 0.0004640 secs] [Times: user=0.00 sys=0.00, real=0.00 secs] 
27.835: Total time for which application threads were stopped: 0.0005600 seconds, Stopping threads took: 0.0000470 seconds
27.874: Application time: 0.0393630 seconds
27.875: [GC [PSYoungGen: 7680K->496K(8192K)] 19205K->12021K(26112K), 0.0004680 secs] [Times: user=0.00 sys=0.00, real=0.00 secs] 
27.875: Total time for which application threads were stopped: 0.0005700 seconds, Stopping threads took: 0.0000530 seconds
27.914: Application time: 0.0393510 seconds
27.914: [GC [PSYoungGen: 7664K->528K(8192K)] 19189K->12053K(26112K), 0.0004110 secs] [Times: user=0.01 sys=0.00, real=0.00 secs] 
27.915: Total time for which application threads were stopped: 0.0005010 seconds, Stopping threads took: 0.0000430 seconds
27.954: Application time: 0.0393560 seconds
27.954: [GC [PSYoungGen: 7696K->480K(8192K)] 19221K->12005K(26112K), 0.0003990 secs] [Times: user=0.00 sys=0.00, real=0.00 secs] 
27.955: Total time for which application threads were stopped: 0.0004810 seconds, Stopping threads took: 0.0000350 seconds
27.995: Application time: 0.0405570 seconds
27.995: [GC [PSYoungGen: 7648K->496K(8192K)] 19173K->12021K(26112K), 0.0004530 secs] [Times: user=0.00 sys=0.00, real=0.00 secs] 
27.996: Total time for which application threads were stopped: 0.0005510 seconds, Stopping threads took: 0.0000460 seconds
28.035: Application time: 0.0391300 seconds
28.035: [GC [PSYoungGen: 7664K->464K(8192K)] 19189K->11989K(26112K), 0.0004500 secs] [Times: user=0.00 sys=0.00, real=0.00 secs] 
28.036: Total time for which application threads were stopped: 0.0005460 seconds, Stopping threads took: 0.0000510 seconds
28.075: Application time: 0.0392990 seconds
28.075: [GC [PSYoungGen: 7632K->464K(8192K)] 19157K->11989K(26112K), 0.0004220 secs] [Times: user=0.00 sys=0.00, real=0.00 secs] 
28.075: Total time for which application threads were stopped: 0.0005060 seconds, Stopping threads took: 0.0000350 seconds
28.115: Application time: 0.0392460 seconds
28.115: [GC [PSYoungGen: 7632K->528K(8192K)] 19157K->12053K(26112K), 0.0004330 secs] [Times: user=0.00 sys=0.00, real=0.00 secs] 
28.115: Total time for which application threads were stopped: 0.0005410 seconds, Stopping threads took: 0.0000470 seconds
28.155: Application time: 0.0401810 seconds
28.155: [GC [PSYoungGen: 7696K->528K(8192K)] 19221K->12053K(26112K), 0.0004620 secs] [Times: user=0.00 sys=0.00, real=0.00 secs] 
28.156: Total time for which application threads were stopped: 0.0005620 seconds, Stopping threads took: 0.0000490 seconds
28.195: Application time: 0.0394960 seconds
28.195: [GC [PSYoungGen: 7696K->448K(8192K)] 19221K->12029K(26112K), 0.0004250 secs] [Times: user=0.01 sys=0.00, real=0.00 secs] 
28.196: Total time for which application threads were stopped: 0.0005180 seconds, Stopping threads took: 0.0000460 seconds
28.235: Application time: 0.0393150 seconds
28.235: [GC [PSYoungGen: 7616K->400K(8192K)] 19197K->12037K(26112K), 0.0004040 secs] [Times: user=0.00 sys=0.00, real=0.00 secs] 
28.236: Total time for which application threads were stopped: 0.0004940 seconds, Stopping threads took: 0.0000420 seconds
28.275: Application time: 0.0392960 seconds
28.275: [GC [PSYoungGen: 7568K->368K(8192K)] 19205K->12109K(26112K), 0.0004060 secs] [Times: user=0.00 sys=0.00, real=0.00 secs] 
28.275: Total time for which application threads were stopped: 0.0004910 seconds, Stopping threads took: 0.0000370 seconds
28.315: Application time: 0.0393530 seconds
28.317: [GC [PSYoungGen: 7536K->320K(8192K)] 19277K->12149K(26112K), 0.0003870 secs] [Times: user=0.00 sys=0.00, real=0.00 secs] 
28.317: Total time for which application threads were stopped: 0.0023180 seconds, Stopping threads took: 0.0018780 seconds
28.356: Application time: 0.0392530 seconds
28.356: [GC [PSYoungGen: 7488K->272K(8192K)] 19317K->12157K(26112K), 0.0003900 secs] [Times: user=0.00 sys=0.00, real=0.01 secs] 
28.357: Total time for which application threads were stopped: 0.0004880 seconds, Stopping threads took: 0.0000470 seconds
28.396: Application time: 0.0390040 seconds
28.396: [GC [PSYoungGen: 7440K->288K(8192K)] 19325K->12173K(26112K), 0.0003900 secs] [Times: user=0.00 sys=0.00, real=0.00 secs] 
28.396: Total time for which application threads were stopped: 0.0004820 seconds, Stopping threads took: 0.0000420 seconds
28.434: Application time: 0.0376570 seconds
28.434: [GC [PSYoungGen: 7456K->368K(8192K)] 19341K->12309K(26112K), 0.0003810 secs] [Times: user=0.01 sys=0.00, real=0.00 secs] 
28.435: Total time for which application threads were stopped: 0.0004720 seconds, Stopping threads took: 0.0000430 seconds
28.473: Application time: 0.0387200 seconds
28.473: [GC [PSYoungGen: 7536K->368K(8192K)] 19477K->12309K(26112K), 0.0004000 secs] [Times: user=0.00 sys=0.00, real=0.00 secs] 
28.474: Total time for which application threads were stopped: 0.0004810 seconds, Stopping threads took: 0.0000330 seconds
28.512: Application time: 0.0387120 seconds
28.512: [GC [PSYoungGen: 7536K->416K(8192K)] 19477K->12357K(26112K), 0.0004130 secs] [Times: user=0.00 sys=0.00, real=0.00 secs] 
28.513: Total time for which application threads were stopped: 0.0004950 seconds, Stopping threads took: 0.0000360 seconds
28.552: Application time: 0.0389490 seconds
28.552: [GC [PSYoungGen: 7584K->416K(8192K)] 19525K->12357K(26112K), 0.0004540 secs] [Times: user=0.00 sys=0.00, real=0.00 secs] 
28.552: Total time for which application threads were stopped: 0.0005430 seconds, Stopping threads took: 0.0000410 seconds
28.591: Application time: 0.0387150 seconds
28.591: [GC [PSYoungGen: 7584K->512K(8192K)] 19525K->12453K(26112K), 0.0004150 secs] [Times: user=0.01 sys=0.00, real=0.00 secs] 
28.592: Total time for which application threads were stopped: 0.0005120 seconds, Stopping threads took: 0.0000430 seconds
28.631: Application time: 0.0396440 seconds
28.631: [GC [PSYoungGen: 7680K->448K(8192K)] 19621K->12389K(26112K), 0.0004490 secs] [Times: user=0.00 sys=0.00, real=0.00 secs] 
28.632: Total time for which application threads were stopped: 0.0005460 seconds, Stopping threads took: 0.0000370 seconds
28.671: Application time: 0.0393390 seconds
28.671: [GC [PSYoungGen: 7616K->496K(8192K)] 19557K->12437K(26112K), 0.0004940 secs] [Times: user=0.00 sys=0.00, real=0.00 secs] 
28.672: Total time for which application threads were stopped: 0.0005780 seconds, Stopping threads took: 0.0000370 seconds
28.711: Application time: 0.0393890 seconds
28.711: [GC [PSYoungGen: 7664K->528K(8192K)] 19605K->12469K(26112K), 0.0005120 secs] [Times: user=0.01 sys=0.00, real=0.00 secs] 
28.712: Total time for which application threads were stopped: 0.0006270 seconds, Stopping threads took: 0.0000600 seconds
28.751: Application time: 0.0394340 seconds
28.751: [GC [PSYoungGen: 7696K->496K(8192K)] 19637K->12437K(26112K), 0.0004280 secs] [Times: user=0.00 sys=0.00, real=0.00 secs] 
28.752: Total time for which application threads were stopped: 0.0005320 seconds, Stopping threads took: 0.0000510 seconds
28.791: Application time: 0.0391700 seconds
28.791: [GC [PSYoungGen: 7664K->512K(8192K)] 19605K->12453K(26112K), 0.0004190 secs] [Times: user=0.00 sys=0.00, real=0.00 secs] 
28.791: Total time for which application threads were stopped: 0.0005110 seconds, Stopping threads took: 0.0000420 seconds
28.830: Application time: 0.0390230 seconds
28.831: [GC [PSYoungGen: 7680K->480K(8192K)] 19621K->12421K(26112K), 0.0004890 secs] [Times: user=0.00 sys=0.00, real=0.00 secs] 
28.831: Total time for which application threads were stopped: 0.0005800 seconds, Stopping threads took: 0.0000420 seconds
28.870: Application time: 0.0392030 seconds
28.870: [GC [PSYoungGen: 7648K->480K(8192K)] 19589K->12421K(26112K), 0.0004150 secs] [Times: user=0.00 sys=0.00, real=0.00 secs] 
28.871: Total time for which application threads were stopped: 0.0005040 seconds, Stopping threads took: 0.0000420 seconds
28.910: Application time: 0.0392580 seconds
28.910: [GC [PSYoungGen: 7648K->512K(8192K)] 19589K->12453K(26112K), 0.0004890 secs] [Times: user=0.00 sys=0.00, real=0.00 secs] 
28.911: Total time for which application threads were stopped: 0.0005900 seconds, Stopping threads took: 0.0000540 seconds
28.950: Application time: 0.0392430 seconds
28.950: [GC [PSYoungGen: 7680K->480K(8192K)] 19621K->12421K(26112K), 0.0004160 secs] [Times: user=0.00 sys=0.00, real=0.00 secs] 
28.950: Total time for which application threads were stopped: 0.0005150 seconds, Stopping threads took: 0.0000530 seconds
28.990: Application time: 0.0391770 seconds
28.990: [GC [PSYoungGen: 7648K->448K(8192K)] 19589K->12445K(26112K), 0.0004190 secs] [Times: user=0.00 sys=0.00, real=0.00 secs] 
28.990: Total time for which application threads were stopped: 0.0005150 seconds, Stopping threads took: 0.0000490 seconds
29.029: Application time: 0.0392370 seconds
29.029: [GC [PSYoungGen: 7616K->400K(8192K)] 19613K->12517K(26112K), 0.0004110 secs] [Times: user=0.00 sys=0.00, real=0.00 secs] 
29.030: Total time for which application threads were stopped: 0.0005040 seconds, Stopping threads took: 0.0000470 seconds
29.069: Application time: 0.0394860 seconds
29.069: [GC [PSYoungGen: 7568K->368K(8192K)] 19685K->12541K(26112K), 0.0003980 secs] [Times: user=0.00 sys=0.00, real=0.00 secs] 
29.070: Total time for which application threads were stopped: 0.0004860 seconds, Stopping threads took: 0.0000430 seconds
29.109: Application time: 0.0396670 seconds
29.110: [GC [PSYoungGen: 7536K->320K(8192K)] 19709K->12557K(26112K), 0.0004180 secs] [Times: user=0.00 sys=0.00, real=0.00 secs] 
29.110: Total time for which application threads were stopped: 0.0005070 seconds, Stopping threads took: 0.0000420 seconds
29.149: Application time: 0.0393600 seconds
29.149: [GC [PSYoungGen: 7488K->272K(8192K)] 19725K->12565K(26112K), 0.0003600 secs] [Times: user=0.00 sys=0.00, real=0.00 secs] 
29.150: Total time for which application threads were stopped: 0.0004550 seconds, Stopping threads took: 0.0000390 seconds
29.189: Application time: 0.0388680 seconds
29.189: [GC [PSYoungGen: 7440K->272K(8192K)] 19733K->12629K(26112K), 0.0003720 secs] [Times: user=0.00 sys=0.00, real=0.00 secs] 
29.189: Total time for which application threads were stopped: 0.0004620 seconds, Stopping threads took: 0.0000440 seconds
29.227: Application time: 0.0377000 seconds
29.227: [GC [PSYoungGen: 7440K->384K(8192K)] 19797K->12741K(26112K), 0.0004120 secs] [Times: user=0.00 sys=0.00, real=0.00 secs] 
29.227: Total time for which application threads were stopped: 0.0005060 seconds, Stopping threads took: 0.0000460 seconds
29.266: Application time: 0.0386420 seconds
29.266: [GC [PSYoungGen: 7552K->400K(8192K)] 19909K->12757K(26112K), 0.0003970 secs] [Times: user=0.00 sys=0.00, real=0.00 secs] 
29.266: Total time for which application threads were stopped: 0.0004950 seconds, Stopping threads took: 0.0000480 seconds
29.305: Application time: 0.0387150 seconds
29.305: [GC [PSYoungGen: 7568K->416K(8192K)] 19925K->12773K(26112K), 0.0004250 secs] [Times: user=0.00 sys=0.00, real=0.00 secs] 
29.306: Total time for which application threads were stopped: 0.0005190 seconds, Stopping threads took: 0.0000460 seconds
29.345: Application time: 0.0391120 seconds
29.345: [GC [PSYoungGen: 7584K->448K(8192K)] 19941K->12805K(26112K), 0.0004980 secs] [Times: user=0.00 sys=0.00, real=0.00 secs] 
29.345: Total time for which application threads were stopped: 0.0005880 seconds, Stopping threads took: 0.0000390 seconds
29.384: Application time: 0.0386690 seconds
29.384: [GC [PSYoungGen: 7616K->512K(8192K)] 19973K->12869K(26112K), 0.0004600 secs] [Times: user=0.00 sys=0.00, real=0.00 secs] 
29.385: Total time for which application threads were stopped: 0.0005480 seconds, Stopping threads took: 0.0000390 seconds
29.424: Application time: 0.0392190 seconds
29.424: [GC [PSYoungGen: 7680K->496K(8192K)] 20037K->12853K(26112K), 0.0004540 secs] [Times: user=0.01 sys=0.00, real=0.00 secs] 
29.424: Total time for which application threads were stopped: 0.0005380 seconds, Stopping threads took: 0.0000380 seconds
29.464: Application time: 0.0395230 seconds
29.465: [GC [PSYoungGen: 7664K->480K(8192K)] 20021K->12837K(26112K), 0.0004090 secs] [Times: user=0.00 sys=0.00, real=0.00 secs] 
29.465: Total time for which application threads were stopped: 0.0012690 seconds, Stopping threads took: 0.0008090 seconds
29.506: Application time: 0.0403300 seconds
29.506: [GC [PSYoungGen: 7648K->496K(8192K)] 20005K->12853K(26112K), 0.0004600 secs] [Times: user=0.00 sys=0.00, real=0.00 secs] 
29.506: Total time for which application threads were stopped: 0.0005630 seconds, Stopping threads took: 0.0000440 seconds
29.545: Application time: 0.0391690 seconds
29.545: [GC [PSYoungGen: 7664K->512K(8192K)] 20021K->12869K(26112K), 0.0004610 secs] [Times: user=0.01 sys=0.00, real=0.00 secs] 
29.546: Total time for which application threads were stopped: 0.0005490 seconds, Stopping threads took: 0.0000400 seconds
29.585: Application time: 0.0395530 seconds
29.585: [GC [PSYoungGen: 7680K->512K(8192K)] 20037K->12869K(26112K), 0.0004490 secs] [Times: user=0.00 sys=0.00, real=0.00 secs] 
29.586: Total time for which application threads were stopped: 0.0005410 seconds, Stopping threads took: 0.0000450 seconds
29.625: Application time: 0.0390270 seconds
29.625: [GC [PSYoungGen: 7680K->560K(8192K)] 20037K->12917K(26112K), 0.0004440 secs] [Times: user=0.00 sys=0.00, real=0.00 secs] 
29.625: Total time for which application threads were stopped: 0.0005490 seconds, Stopping threads took: 0.0000530 seconds
29.665: Application time: 0.0398490 seconds
29.665: [GC [PSYoungGen: 7728K->464K(8192K)] 20085K->12821K(26112K), 0.0004480 secs] [Times: user=0.00 sys=0.00, real=0.00 secs] 
29.666: Total time for which application threads were stopped: 0.0005610 seconds, Stopping threads took: 0.0000540 seconds
29.706: Application time: 0.0397510 seconds
29.707: [GC [PSYoungGen: 7632K->480K(8192K)] 19989K->12837K(26112K), 0.0004990 secs] [Times: user=0.00 sys=0.00, real=0.00 secs] 
29.707: Total time for which application threads were stopped: 0.0014250 seconds, Stopping threads took: 0.0008530 seconds
29.746: Application time: 0.0393250 seconds
29.746: [GC [PSYoungGen: 7648K->496K(8192K)] 20005K->12853K(26112K), 0.0004300 secs] [Times: user=0.00 sys=0.00, real=0.00 secs] 
29.747: Total time for which application threads were stopped: 0.0005290 seconds, Stopping threads took: 0.0000500 seconds
29.786: Application time: 0.0392430 seconds
29.786: [GC [PSYoungGen: 7664K->464K(8192K)] 20021K->12869K(26112K), 0.0004670 secs] [Times: user=0.00 sys=0.00, real=0.00 secs] 
29.787: Total time for which application threads were stopped: 0.0005510 seconds, Stopping threads took: 0.0000380 seconds
29.826: Application time: 0.0393400 seconds
29.826: [GC [PSYoungGen: 7632K->368K(8192K)] 20037K->12893K(26112K), 0.0004660 secs] [Times: user=0.00 sys=0.00, real=0.00 secs] 
29.827: Total time for which application threads were stopped: 0.0005540 seconds, Stopping threads took: 0.0000410 seconds
29.866: Application time: 0.0396540 seconds
29.866: [GC [PSYoungGen: 7536K->336K(8192K)] 20061K->12917K(26112K), 0.0003950 secs] [Times: user=0.00 sys=0.00, real=0.00 secs] 
29.867: Total time for which application threads were stopped: 0.0004960 seconds, Stopping threads took: 0.0000510 seconds
29.906: Application time: 0.0394630 seconds
29.906: [GC [PSYoungGen: 7504K->288K(8192K)] 20085K->12925K(26112K), 0.0003880 secs] [Times: user=0.00 sys=0.00, real=0.00 secs] 
29.907: Total time for which application threads were stopped: 0.0004780 seconds, Stopping threads took: 0.0000430 seconds
29.946: Application time: 0.0394710 seconds
29.946: [GC [PSYoungGen: 7456K->272K(8192K)] 20093K->12989K(26112K), 0.0003690 secs] [Times: user=0.01 sys=0.00, real=0.00 secs] 
29.947: Total time for which application threads were stopped: 0.0004590 seconds, Stopping threads took: 0.0000430 seconds
29.985: Application time: 0.0381220 seconds
29.985: [GC [PSYoungGen: 7440K->320K(8192K)] 20157K->13101K(26112K), 0.0003940 secs] [Times: user=0.00 sys=0.00, real=0.00 secs] 
29.985: Total time for which application threads were stopped: 0.0004830 seconds, Stopping threads took: 0.0000400 seconds
30.023: Application time: 0.0380910 seconds
30.023: [GC [PSYoungGen: 7488K->368K(8192K)] 20269K->13149K(26112K), 0.0004330 secs] [Times: user=0.01 sys=0.00, real=0.00 secs] 
30.024: Total time for which application threads were stopped: 0.0005260 seconds, Stopping threads took: 0.0000450 seconds
30.062: Application time: 0.0384530 seconds
30.062: [GC [PSYoungGen: 7536K->416K(8192K)] 20317K->13197K(26112K), 0.0004400 secs] [Times: user=0.00 sys=0.00, real=0.00 secs] 
30.063: Total time for which application threads were stopped: 0.0005300 seconds, Stopping threads took: 0.0000370 seconds
30.102: Application time: 0.0392350 seconds
30.102: [GC [PSYoungGen: 7584K->432K(8192K)] 20365K->13213K(26112K), 0.0004160 secs] [Times: user=0.01 sys=0.00, real=0.00 secs] 
30.103: Total time for which application threads were stopped: 0.0005060 seconds, Stopping threads took: 0.0000410 seconds
30.141: Application time: 0.0387610 seconds
30.141: [GC [PSYoungGen: 7600K->448K(8192K)] 20381K->13229K(26112K), 0.0004330 secs] [Times: user=0.00 sys=0.00, real=0.00 secs] 
30.142: Total time for which application threads were stopped: 0.0005170 seconds, Stopping threads took: 0.0000360 seconds
30.181: Application time: 0.0386560 seconds
30.181: [GC [PSYoungGen: 7616K->480K(8192K)] 20397K->13261K(26112K), 0.0004170 secs] [Times: user=0.00 sys=0.00, real=0.00 secs] 
30.181: Total time for which application threads were stopped: 0.0005150 seconds, Stopping threads took: 0.0000430 seconds
30.220: Application time: 0.0393550 seconds
30.220: [GC [PSYoungGen: 7648K->528K(8192K)] 20429K->13309K(26112K), 0.0004140 secs] [Times: user=0.00 sys=0.01, real=0.00 secs] 
30.221: Total time for which application threads were stopped: 0.0005040 seconds, Stopping threads took: 0.0000410 seconds
30.261: Application time: 0.0396680 seconds
30.265: [GC [PSYoungGen: 7696K->480K(8192K)] 20477K->13261K(26112K), 0.0004570 secs] [Times: user=0.00 sys=0.00, real=0.00 secs] 
30.265: Total time for which application threads were stopped: 0.0046430 seconds, Stopping threads took: 0.0041390 seconds
30.305: Application time: 0.0393400 seconds
30.305: [GC [PSYoungGen: 7648K->512K(8192K)] 20429K->13293K(26112K), 0.0004450 secs] [Times: user=0.01 sys=0.00, real=0.00 secs] 
30.305: Total time for which application threads were stopped: 0.0005310 seconds, Stopping threads took: 0.0000360 seconds
30.344: Application time: 0.0393090 seconds
30.344: [GC [PSYoungGen: 7680K->480K(8192K)] 20461K->13261K(26112K), 0.0004360 secs] [Times: user=0.00 sys=0.00, real=0.00 secs] 
30.345: Total time for which application threads were stopped: 0.0005300 seconds, Stopping threads took: 0.0000420 seconds
30.384: Application time: 0.0391900 seconds
30.384: [GC [PSYoungGen: 7648K->448K(8192K)] 20429K->13229K(26112K), 0.0004110 secs] [Times: user=0.00 sys=0.00, real=0.00 secs] 
30.385: Total time for which application threads were stopped: 0.0005190 seconds, Stopping threads took: 0.0000640 seconds
30.424: Application time: 0.0390920 seconds
30.424: [GC [PSYoungGen: 7616K->512K(8192K)] 20397K->13293K(26112K), 0.0004210 secs] [Times: user=0.00 sys=0.00, real=0.00 secs] 
30.424: Total time for which application threads were stopped: 0.0005170 seconds, Stopping threads took: 0.0000490 seconds
30.463: Application time: 0.0388540 seconds
30.463: [GC [PSYoungGen: 7680K->496K(8192K)] 20461K->13277K(26112K), 0.0004170 secs] [Times: user=0.00 sys=0.00, real=0.00 secs] 
30.464: Total time for which application threads were stopped: 0.0005070 seconds, Stopping threads took: 0.0000440 seconds
30.503: Application time: 0.0393910 seconds
30.503: [GC [PSYoungGen: 7664K->496K(8192K)] 20445K->13277K(26112K), 0.0004900 secs] [Times: user=0.00 sys=0.00, real=0.00 secs] 
30.504: Total time for which application threads were stopped: 0.0005850 seconds, Stopping threads took: 0.0000470 seconds
30.543: Application time: 0.0389750 seconds
30.543: [GC [PSYoungGen: 7664K->512K(8192K)] 20445K->13293K(26112K), 0.0004260 secs] [Times: user=0.00 sys=0.00, real=0.00 secs] 
30.543: Total time for which application threads were stopped: 0.0005240 seconds, Stopping threads took: 0.0000530 seconds
30.583: Application time: 0.0394940 seconds
30.583: [GC [PSYoungGen: 7680K->400K(8192K)] 20461K->13285K(26112K), 0.0004750 secs] [Times: user=0.00 sys=0.00, real=0.00 secs] 
30.583: Total time for which application threads were stopped: 0.0005620 seconds, Stopping threads took: 0.0000360 seconds
30.622: Application time: 0.0392450 seconds
30.622: [GC [PSYoungGen: 7568K->320K(8192K)] 20453K->13293K(26112K), 0.0004680 secs] [Times: user=0.00 sys=0.00, real=0.00 secs] 
30.623: Total time for which application threads were stopped: 0.0005570 seconds, Stopping threads took: 0.0000410 seconds
30.662: Application time: 0.0392400 seconds
30.662: [GC [PSYoungGen: 7488K->288K(8192K)] 20461K->13342K(26112K), 0.0004440 secs] [Times: user=0.00 sys=0.00, real=0.00 secs] 
30.664: Total time for which application threads were stopped: 0.0016170 seconds, Stopping threads took: 0.0000410 seconds
30.703: Application time: 0.0391690 seconds
30.703: [GC [PSYoungGen: 7456K->288K(8192K)] 20510K->13342K(26112K), 0.0003940 secs] [Times: user=0.01 sys=0.00, real=0.00 secs] 
30.703: Total time for which application threads were stopped: 0.0004880 seconds, Stopping threads took: 0.0000420 seconds
30.743: Application time: 0.0395790 seconds
30.743: [GC [PSYoungGen: 7456K->272K(8192K)] 20510K->13390K(26112K), 0.0004440 secs] [Times: user=0.00 sys=0.00, real=0.00 secs] 
30.744: Total time for which application threads were stopped: 0.0005550 seconds, Stopping threads took: 0.0000520 seconds
30.781: Application time: 0.0374950 seconds
30.781: [GC [PSYoungGen: 7440K->336K(8192K)] 20558K->13518K(26112K), 0.0003870 secs] [Times: user=0.00 sys=0.00, real=0.00 secs] 
30.782: Total time for which application threads were stopped: 0.0004860 seconds, Stopping threads took: 0.0000490 seconds
30.820: Application time: 0.0387890 seconds
30.820: [GC [PSYoungGen: 7504K->368K(8192K)] 20686K->13550K(26112K), 0.0003950 secs] [Times: user=0.00 sys=0.00, real=0.00 secs] 
30.821: Total time for which application threads were stopped: 0.0004860 seconds, Stopping threads took: 0.0000420 seconds
30.859: Application time: 0.0384300 seconds
30.861: [GC [PSYoungGen: 7536K->416K(8192K)] 20718K->13598K(26112K), 0.0004490 secs] [Times: user=0.00 sys=0.00, real=0.00 secs] 
30.861: Total time for which application threads were stopped: 0.0018890 seconds, Stopping threads took: 0.0013910 seconds
30.900: Application time: 0.0392530 seconds
30.901: [GC [PSYoungGen: 7584K->432K(8192K)] 20766K->13614K(26112K), 0.0004370 secs] [Times: user=0.00 sys=0.00, real=0.00 secs] 
30.901: Total time for which application threads were stopped: 0.0005350 seconds, Stopping threads took: 0.0000490 seconds
30.940: Application time: 0.0385910 seconds
30.940: [GC [PSYoungGen: 7587K->464K(8192K)] 20769K->13646K(26112K), 0.0005380 secs] [Times: user=0.00 sys=0.00, real=0.00 secs] 
30.940: Total time for which application threads were stopped: 0.0006370 seconds, Stopping threads took: 0.0000480 seconds
30.979: Application time: 0.0389800 seconds
30.979: [GC [PSYoungGen: 7632K->496K(8192K)] 20814K->13678K(26112K), 0.0004160 secs] [Times: user=0.00 sys=0.00, real=0.00 secs] 
30.980: Total time for which application threads were stopped: 0.0005110 seconds, Stopping threads took: 0.0000450 seconds
31.020: Application time: 0.0406370 seconds
31.020: [GC [PSYoungGen: 7664K->496K(8192K)] 20846K->13678K(26112K), 0.0004960 secs] [Times: user=0.01 sys=0.00, real=0.00 secs] 
31.021: Total time for which application threads were stopped: 0.0006040 seconds, Stopping threads took: 0.0000530 seconds
31.060: Application time: 0.0391780 seconds
31.060: [GC [PSYoungGen: 7663K->496K(8192K)] 20846K->13678K(26112K), 0.0004510 secs] [Times: user=0.00 sys=0.00, real=0.00 secs] 
31.061: Total time for which application threads were stopped: 0.0005530 seconds, Stopping threads took: 0.0000440 seconds
31.100: Application time: 0.0391670 seconds
31.100: [GC [PSYoungGen: 7664K->512K(8192K)] 20846K->13694K(26112K), 0.0004340 secs] [Times: user=0.00 sys=0.00, real=0.00 secs] 
31.100: Total time for which application threads were stopped: 0.0005200 seconds, Stopping threads took: 0.0000380 seconds
31.140: Application time: 0.0395190 seconds
31.140: [GC [PSYoungGen: 7680K->464K(8192K)] 20862K->13646K(26112K), 0.0004150 secs] [Times: user=0.00 sys=0.00, real=0.00 secs] 
31.140: Total time for which application threads were stopped: 0.0004970 seconds, Stopping threads took: 0.0000360 seconds
31.180: Application time: 0.0399940 seconds
31.180: [GC [PSYoungGen: 7632K->480K(8192K)] 20814K->13662K(26112K), 0.0004740 secs] [Times: user=0.00 sys=0.00, real=0.00 secs] 
31.181: Total time for which application threads were stopped: 0.0005770 seconds, Stopping threads took: 0.0000480 seconds
31.220: Application time: 0.0394090 seconds
31.220: [GC [PSYoungGen: 7648K->480K(8192K)] 20830K->13662K(26112K), 0.0004320 secs] [Times: user=0.00 sys=0.00, real=0.00 secs] 
31.221: Total time for which application threads were stopped: 0.0005320 seconds, Stopping threads took: 0.0000440 seconds
31.260: Application time: 0.0392230 seconds
31.260: [GC [PSYoungGen: 7648K->528K(8192K)] 20830K->13710K(26112K), 0.0004690 secs] [Times: user=0.01 sys=0.00, real=0.00 secs] 
31.261: Total time for which application threads were stopped: 0.0005600 seconds, Stopping threads took: 0.0000460 seconds
31.300: Application time: 0.0393130 seconds
31.300: [GC [PSYoungGen: 7696K->480K(8192K)] 20878K->13662K(26112K), 0.0004190 secs] [Times: user=0.00 sys=0.00, real=0.00 secs] 
31.301: Total time for which application threads were stopped: 0.0005090 seconds, Stopping threads took: 0.0000420 seconds
31.340: Application time: 0.0392520 seconds
31.340: [GC [PSYoungGen: 7648K->496K(8192K)] 20830K->13678K(26112K), 0.0004470 secs] [Times: user=0.00 sys=0.00, real=0.00 secs] 
31.340: Total time for which application threads were stopped: 0.0005370 seconds, Stopping threads took: 0.0000380 seconds
31.380: Application time: 0.0393120 seconds
31.380: [GC [PSYoungGen: 7664K->368K(8192K)] 20846K->13678K(26112K), 0.0004450 secs] [Times: user=0.00 sys=0.00, real=0.00 secs] 
31.380: Total time for which application threads were stopped: 0.0005370 seconds, Stopping threads took: 0.0000410 seconds
31.419: Application time: 0.0391690 seconds
31.419: [GC [PSYoungGen: 7536K->352K(8192K)] 20846K->13718K(26112K), 0.0004060 secs] [Times: user=0.01 sys=0.00, real=0.00 secs] 
31.420: Total time for which application threads were stopped: 0.0005130 seconds, Stopping threads took: 0.0000620 seconds
31.459: Application time: 0.0391650 seconds
31.459: [GC [PSYoungGen: 7520K->288K(8192K)] 20886K->13754K(26112K), 0.0004200 secs] [Times: user=0.00 sys=0.00, real=0.00 secs] 
31.460: Total time for which application threads were stopped: 0.0005170 seconds, Stopping threads took: 0.0000470 seconds
31.499: Application time: 0.0394230 seconds
31.499: [GC [PSYoungGen: 7456K->320K(8192K)] 20922K->13786K(26112K), 0.0003700 secs] [Times: user=0.00 sys=0.00, real=0.00 secs] 
31.499: Total time for which application threads were stopped: 0.0004600 seconds, Stopping threads took: 0.0000460 seconds
31.538: Application time: 0.0387760 seconds
31.541: [GC [PSYoungGen: 7488K->288K(8192K)] 20954K->13818K(26112K), 0.0003940 secs] [Times: user=0.00 sys=0.00, real=0.00 secs] 
31.541: Total time for which application threads were stopped: 0.0029590 seconds, Stopping threads took: 0.0025180 seconds
31.579: Application time: 0.0375680 seconds
31.579: [GC [PSYoungGen: 7456K->400K(8192K)] 20986K->13978K(26112K), 0.0004550 secs] [Times: user=0.00 sys=0.00, real=0.00 secs] 
31.579: Total time for which application threads were stopped: 0.0005440 seconds, Stopping threads took: 0.0000420 seconds
31.619: Application time: 0.0395740 seconds
31.619: [GC [PSYoungGen: 7568K->352K(8192K)] 21146K->13930K(26112K), 0.0003980 secs] [Times: user=0.00 sys=0.00, real=0.00 secs] 
31.619: Total time for which application threads were stopped: 0.0004850 seconds, Stopping threads took: 0.0000390 seconds
31.658: Application time: 0.0382850 seconds
31.658: [GC [PSYoungGen: 7520K->400K(8192K)] 21098K->13978K(26112K), 0.0004110 secs] [Times: user=0.00 sys=0.00, real=0.00 secs] 
31.658: Total time for which application threads were stopped: 0.0005020 seconds, Stopping threads took: 0.0000450 seconds
31.697: Application time: 0.0392640 seconds
31.697: [GC [PSYoungGen: 7568K->400K(8192K)] 21146K->13978K(26112K), 0.0004030 secs] [Times: user=0.00 sys=0.00, real=0.00 secs] 
31.698: Total time for which application threads were stopped: 0.0004960 seconds, Stopping threads took: 0.0000470 seconds
31.736: Application time: 0.0384640 seconds
31.736: [GC [PSYoungGen: 7568K->480K(8192K)] 21146K->14058K(26112K), 0.0005230 secs] [Times: user=0.00 sys=0.00, real=0.01 secs] 
31.737: Total time for which application threads were stopped: 0.0006450 seconds, Stopping threads took: 0.0000590 seconds
31.776: Application time: 0.0392770 seconds
31.776: [GC [PSYoungGen: 7648K->560K(8192K)] 21226K->14138K(26112K), 0.0004830 secs] [Times: user=0.00 sys=0.00, real=0.01 secs] 
31.777: Total time for which application threads were stopped: 0.0005760 seconds, Stopping threads took: 0.0000440 seconds
31.816: Application time: 0.0393330 seconds
31.816: [GC [PSYoungGen: 7728K->560K(8192K)] 21306K->14138K(26112K), 0.0004380 secs] [Times: user=0.00 sys=0.00, real=0.01 secs] 
31.817: Total time for which application threads were stopped: 0.0005250 seconds, Stopping threads took: 0.0000380 seconds
31.856: Application time: 0.0392610 seconds
31.856: [GC [PSYoungGen: 7728K->528K(8192K)] 21306K->14106K(26112K), 0.0004100 secs] [Times: user=0.00 sys=0.00, real=0.00 secs] 
31.856: Total time for which application threads were stopped: 0.0005000 seconds, Stopping threads took: 0.0000460 seconds
31.896: Application time: 0.0392620 seconds
31.896: [GC [PSYoungGen: 7696K->480K(8192K)] 21274K->14058K(26112K), 0.0005610 secs] [Times: user=0.00 sys=0.00, real=0.00 secs] 
31.896: Total time for which application threads were stopped: 0.0006570 seconds, Stopping threads took: 0.0000510 seconds
31.936: Application time: 0.0391630 seconds
31.936: [GC [PSYoungGen: 7648K->512K(8192K)] 21226K->14090K(26112K), 0.0004120 secs] [Times: user=0.01 sys=0.00, real=0.00 secs] 
31.936: Total time for which application threads were stopped: 0.0005140 seconds, Stopping threads took: 0.0000530 seconds
31.975: Application time: 0.0390020 seconds
31.975: [GC [PSYoungGen: 7680K->528K(8192K)] 21258K->14106K(26112K), 0.0004610 secs] [Times: user=0.00 sys=0.00, real=0.00 secs] 
31.976: Total time for which application threads were stopped: 0.0005500 seconds, Stopping threads took: 0.0000400 seconds
32.015: Application time: 0.0392410 seconds
32.015: [GC [PSYoungGen: 7696K->528K(8192K)] 21274K->14106K(26112K), 0.0004190 secs] [Times: user=0.00 sys=0.00, real=0.00 secs] 
32.015: Total time for which application threads were stopped: 0.0005060 seconds, Stopping threads took: 0.0000420 seconds
32.055: Application time: 0.0393290 seconds
32.055: [GC [PSYoungGen: 7696K->496K(8192K)] 21274K->14074K(26112K), 0.0004300 secs] [Times: user=0.00 sys=0.00, real=0.00 secs] 
32.055: Total time for which application threads were stopped: 0.0005220 seconds, Stopping threads took: 0.0000420 seconds
32.094: Application time: 0.0390880 seconds
32.094: [GC [PSYoungGen: 7664K->512K(8192K)] 21242K->14090K(26112K), 0.0004250 secs] [Times: user=0.00 sys=0.00, real=0.00 secs] 
32.095: Total time for which application threads were stopped: 0.0005120 seconds, Stopping threads took: 0.0000400 seconds
32.134: Application time: 0.0392960 seconds
32.134: [GC [PSYoungGen: 7680K->480K(8192K)] 21258K->14130K(26112K), 0.0004630 secs] [Times: user=0.00 sys=0.00, real=0.00 secs] 
32.135: Total time for which application threads were stopped: 0.0005480 seconds, Stopping threads took: 0.0000360 seconds
32.174: Application time: 0.0392880 seconds
32.174: [GC [PSYoungGen: 7648K->320K(8192K)] 21298K->14082K(26112K), 0.0004830 secs] [Times: user=0.00 sys=0.00, real=0.00 secs] 
32.175: Total time for which application threads were stopped: 0.0005800 seconds, Stopping threads took: 0.0000490 seconds
32.214: Application time: 0.0395230 seconds
32.214: [GC [PSYoungGen: 7488K->352K(8192K)] 21250K->14114K(26112K), 0.0004010 secs] [Times: user=0.00 sys=0.00, real=0.00 secs] 
32.215: Total time for which application threads were stopped: 0.0004970 seconds, Stopping threads took: 0.0000510 seconds
32.254: Application time: 0.0392780 seconds
32.254: [GC [PSYoungGen: 7520K->288K(8192K)] 21282K->14138K(26112K), 0.0003850 secs] [Times: user=0.00 sys=0.00, real=0.00 secs] 
32.254: Total time for which application threads were stopped: 0.0004960 seconds, Stopping threads took: 0.0000470 seconds
32.294: Application time: 0.0392160 seconds
32.294: [GC [PSYoungGen: 7456K->288K(8192K)] 21306K->14138K(26112K), 0.0003790 secs] [Times: user=0.00 sys=0.00, real=0.00 secs] 
32.294: Total time for which application threads were stopped: 0.0004660 seconds, Stopping threads took: 0.0000410 seconds
32.333: Application time: 0.0391870 seconds
32.333: [GC [PSYoungGen: 7456K->272K(8192K)] 21306K->14226K(26112K), 0.0003900 secs] [Times: user=0.00 sys=0.00, real=0.00 secs] 
32.334: Total time for which application threads were stopped: 0.0004880 seconds, Stopping threads took: 0.0000470 seconds
32.372: Application time: 0.0378710 seconds
32.372: [GC [PSYoungGen: 7440K->384K(8192K)] 21394K->14338K(26112K), 0.0004130 secs] [Times: user=0.00 sys=0.00, real=0.00 secs] 
32.372: Total time for which application threads were stopped: 0.0005160 seconds, Stopping threads took: 0.0000490 seconds
32.411: Application time: 0.0392300 seconds
32.413: [GC [PSYoungGen: 7552K->384K(8192K)] 21506K->14338K(26112K), 0.0004340 secs] [Times: user=0.00 sys=0.00, real=0.00 secs] 
32.413: Total time for which application threads were stopped: 0.0018340 seconds, Stopping threads took: 0.0013520 seconds
32.452: Application time: 0.0386340 seconds
32.452: [GC [PSYoungGen: 7552K->448K(8192K)] 21506K->14402K(26112K), 0.0004170 secs] [Times: user=0.00 sys=0.00, real=0.00 secs] 
32.452: Total time for which application threads were stopped: 0.0005120 seconds, Stopping threads took: 0.0000470 seconds
32.491: Application time: 0.0384850 seconds
32.491: [GC [PSYoungGen: 7616K->464K(8192K)] 21570K->14418K(26112K), 0.0004220 secs] [Times: user=0.00 sys=0.00, real=0.00 secs] 
32.491: Total time for which application threads were stopped: 0.0005160 seconds, Stopping threads took: 0.0000430 seconds
32.531: Application time: 0.0401470 seconds
32.532: [GC [PSYoungGen: 7632K->496K(8192K)] 21586K->14450K(26112K), 0.0004640 secs] [Times: user=0.00 sys=0.00, real=0.00 secs] 
32.532: Total time for which application threads were stopped: 0.0005690 seconds, Stopping threads took: 0.0000510 seconds
32.571: Application time: 0.0392640 seconds
32.571: [GC [PSYoungGen: 7664K->480K(8192K)] 21618K->14434K(26112K), 0.0004280 secs] [Times: user=0.00 sys=0.00, real=0.00 secs] 
32.572: Total time for which application threads were stopped: 0.0005170 seconds, Stopping threads took: 0.0000390 seconds
32.611: Application time: 0.0392880 seconds
32.611: [GC [PSYoungGen: 7648K->448K(8192K)] 21602K->14402K(26112K), 0.0004570 secs] [Times: user=0.00 sys=0.00, real=0.00 secs] 
32.612: Total time for which application threads were stopped: 0.0005430 seconds, Stopping threads took: 0.0000390 seconds
32.651: Application time: 0.0392330 seconds
32.651: [GC [PSYoungGen: 7616K->496K(8192K)] 21570K->14450K(26112K), 0.0005030 secs] [Times: user=0.00 sys=0.00, real=0.00 secs] 
32.652: Total time for which application threads were stopped: 0.0006040 seconds, Stopping threads took: 0.0000510 seconds
32.692: Application time: 0.0405030 seconds
32.692: [GC [PSYoungGen: 7664K->496K(8192K)] 21618K->14450K(26112K), 0.0004370 secs] [Times: user=0.00 sys=0.00, real=0.00 secs] 
32.693: Total time for which application threads were stopped: 0.0005450 seconds, Stopping threads took: 0.0000570 seconds
32.732: Application time: 0.0393130 seconds
32.732: [GC [PSYoungGen: 7664K->528K(8192K)] 21618K->14482K(26112K), 0.0005130 secs] [Times: user=0.00 sys=0.00, real=0.00 secs] 
32.733: Total time for which application threads were stopped: 0.0006310 seconds, Stopping threads took: 0.0000550 seconds
32.772: Application time: 0.0391780 seconds
32.772: [GC [PSYoungGen: 7696K->512K(8192K)] 21650K->14466K(26112K), 0.0004470 secs] [Times: user=0.01 sys=0.00, real=0.00 secs] 
32.772: Total time for which application threads were stopped: 0.0005490 seconds, Stopping threads took: 0.0000410 seconds
32.812: Application time: 0.0393170 seconds
32.812: [GC [PSYoungGen: 7680K->496K(8192K)] 21634K->14450K(26112K), 0.0004580 secs] [Times: user=0.00 sys=0.00, real=0.00 secs] 
32.812: Total time for which application threads were stopped: 0.0005630 seconds, Stopping threads took: 0.0000490 seconds
32.851: Application time: 0.0392730 seconds
32.851: [GC [PSYoungGen: 7664K->528K(8192K)] 21618K->14482K(26112K), 0.0004220 secs] [Times: user=0.00 sys=0.00, real=0.00 secs] 
32.852: Total time for which application threads were stopped: 0.0005080 seconds, Stopping threads took: 0.0000390 seconds
32.891: Application time: 0.0390940 seconds
32.891: [GC [PSYoungGen: 7696K->464K(8192K)] 21650K->14418K(26112K), 0.0004270 secs] [Times: user=0.00 sys=0.00, real=0.00 secs] 
32.892: Total time for which application threads were stopped: 0.0005300 seconds, Stopping threads took: 0.0000500 seconds
32.931: Application time: 0.0392580 seconds
32.931: [GC [PSYoungGen: 7632K->464K(8192K)] 21586K->14474K(26112K), 0.0004350 secs] [Times: user=0.00 sys=0.00, real=0.00 secs] 
32.931: Total time for which application threads were stopped: 0.0005260 seconds, Stopping threads took: 0.0000400 seconds
32.971: Application time: 0.0393060 seconds
32.971: [GC [PSYoungGen: 7632K->368K(8192K)] 21642K->14506K(26112K), 0.0004130 secs] [Times: user=0.00 sys=0.00, real=0.00 secs] 
32.971: Total time for which application threads were stopped: 0.0005020 seconds, Stopping threads took: 0.0000390 seconds
33.010: Application time: 0.0392950 seconds
33.011: [GC [PSYoungGen: 7536K->384K(8192K)] 21674K->14522K(26112K), 0.0003920 secs] [Times: user=0.00 sys=0.00, real=0.00 secs] 
33.011: Total time for which application threads were stopped: 0.0004810 seconds, Stopping threads took: 0.0000400 seconds
33.050: Application time: 0.0393820 seconds
33.050: [GC [PSYoungGen: 7551K->304K(8192K)] 21690K->14538K(26112K), 0.0003940 secs] [Times: user=0.01 sys=0.00, real=0.00 secs] 
33.051: Total time for which application threads were stopped: 0.0004870 seconds, Stopping threads took: 0.0000450 seconds
33.091: Application time: 0.0399300 seconds
33.091: [GC [PSYoungGen: 7472K->256K(8192K)] 21706K->14546K(26112K), 0.0003990 secs] [Times: user=0.00 sys=0.00, real=0.00 secs] 
33.091: Total time for which application threads were stopped: 0.0004990 seconds, Stopping threads took: 0.0000500 seconds
33.130: Application time: 0.0385320 seconds
33.130: [GC [PSYoungGen: 7424K->256K(8192K)] 21714K->14602K(26112K), 0.0004340 secs] [Times: user=0.00 sys=0.00, real=0.00 secs] 
33.130: Total time for which application threads were stopped: 0.0005320 seconds, Stopping threads took: 0.0000470 seconds
33.168: Application time: 0.0375590 seconds
33.168: [GC [PSYoungGen: 7424K->384K(8192K)] 21770K->14730K(26112K), 0.0003900 secs] [Times: user=0.01 sys=0.00, real=0.00 secs] 
33.168: Total time for which application threads were stopped: 0.0004860 seconds, Stopping threads took: 0.0000480 seconds
33.207: Application time: 0.0389020 seconds
33.207: [GC [PSYoungGen: 7552K->400K(8192K)] 21898K->14746K(26112K), 0.0004080 secs] [Times: user=0.00 sys=0.00, real=0.00 secs] 
33.208: Total time for which application threads were stopped: 0.0004970 seconds, Stopping threads took: 0.0000370 seconds
33.247: Application time: 0.0390730 seconds
33.247: [GC [PSYoungGen: 7568K->400K(8192K)] 21914K->14746K(26112K), 0.0004120 secs] [Times: user=0.00 sys=0.00, real=0.00 secs] 
33.247: Total time for which application threads were stopped: 0.0005070 seconds, Stopping threads took: 0.0000460 seconds
33.286: Application time: 0.0390710 seconds
33.286: [GC [PSYoungGen: 7568K->480K(8192K)] 21914K->14826K(26112K), 0.0004130 secs] [Times: user=0.01 sys=0.00, real=0.00 secs] 
33.287: Total time for which application threads were stopped: 0.0005180 seconds, Stopping threads took: 0.0000450 seconds
33.325: Application time: 0.0382430 seconds
33.325: [GC [PSYoungGen: 7648K->528K(8192K)] 21994K->14874K(26112K), 0.0004460 secs] [Times: user=0.00 sys=0.00, real=0.00 secs] 
33.326: Total time for which application threads were stopped: 0.0005460 seconds, Stopping threads took: 0.0000500 seconds
33.365: Application time: 0.0397160 seconds
33.365: [GC [PSYoungGen: 7696K->512K(8192K)] 22042K->14858K(26112K), 0.0004260 secs] [Times: user=0.00 sys=0.00, real=0.00 secs] 
33.366: Total time for which application threads were stopped: 0.0005170 seconds, Stopping threads took: 0.0000410 seconds
33.405: Application time: 0.0392860 seconds
33.405: [GC [PSYoungGen: 7680K->512K(8192K)] 22026K->14858K(26112K), 0.0004250 secs] [Times: user=0.00 sys=0.00, real=0.00 secs] 
33.406: Total time for which application threads were stopped: 0.0005130 seconds, Stopping threads took: 0.0000430 seconds
33.446: Application time: 0.0398860 seconds
33.446: [GC [PSYoungGen: 7680K->480K(8192K)] 22026K->14826K(26112K), 0.0004160 secs] [Times: user=0.00 sys=0.00, real=0.00 secs] 
33.446: Total time for which application threads were stopped: 0.0005090 seconds, Stopping threads took: 0.0000450 seconds
33.485: Application time: 0.0393180 seconds
33.486: [GC [PSYoungGen: 7648K->528K(8192K)] 21994K->14874K(26112K), 0.0004080 secs] [Times: user=0.00 sys=0.00, real=0.00 secs] 
33.486: Total time for which application threads were stopped: 0.0004920 seconds, Stopping threads took: 0.0000370 seconds
33.525: Application time: 0.0391360 seconds
33.525: [GC [PSYoungGen: 7696K->512K(8192K)] 22042K->14858K(26112K), 0.0004200 secs] [Times: user=0.00 sys=0.00, real=0.00 secs] 
33.526: Total time for which application threads were stopped: 0.0005140 seconds, Stopping threads took: 0.0000440 seconds
33.565: Application time: 0.0391140 seconds
33.565: [GC [PSYoungGen: 7680K->512K(8192K)] 22026K->14858K(26112K), 0.0004730 secs] [Times: user=0.00 sys=0.00, real=0.00 secs] 
33.565: Total time for which application threads were stopped: 0.0005620 seconds, Stopping threads took: 0.0000350 seconds
33.605: Application time: 0.0394520 seconds
33.605: [GC [PSYoungGen: 7680K->496K(8192K)] 22026K->14842K(26112K), 0.0004190 secs] [Times: user=0.01 sys=0.00, real=0.00 secs] 
33.605: Total time for which application threads were stopped: 0.0005110 seconds, Stopping threads took: 0.0000380 seconds
33.645: Application time: 0.0392600 seconds
33.645: [GC [PSYoungGen: 7664K->480K(8192K)] 22010K->14826K(26112K), 0.0004430 secs] [Times: user=0.00 sys=0.00, real=0.00 secs] 
33.645: Total time for which application threads were stopped: 0.0005370 seconds, Stopping threads took: 0.0000410 seconds
33.684: Application time: 0.0392390 seconds
33.684: [GC [PSYoungGen: 7648K->544K(8192K)] 21994K->14890K(26112K), 0.0004370 secs] [Times: user=0.00 sys=0.00, real=0.00 secs] 
33.685: Total time for which application threads were stopped: 0.0005370 seconds, Stopping threads took: 0.0000470 seconds
33.724: Application time: 0.0393680 seconds
33.724: [GC [PSYoungGen: 7712K->448K(8192K)] 22058K->14850K(26112K), 0.0004870 secs] [Times: user=0.00 sys=0.00, real=0.00 secs] 
33.725: Total time for which application threads were stopped: 0.0005910 seconds, Stopping threads took: 0.0000440 seconds
33.764: Application time: 0.0393250 seconds
33.764: [GC [PSYoungGen: 7616K->336K(8192K)] 22018K->14858K(26112K), 0.0004320 secs] [Times: user=0.00 sys=0.00, real=0.00 secs] 
33.765: Total time for which application threads were stopped: 0.0005240 seconds, Stopping threads took: 0.0000420 seconds
33.804: Application time: 0.0393940 seconds
33.804: [GC [PSYoungGen: 7504K->304K(8192K)] 22026K->14883K(26112K), 0.0004270 secs] [Times: user=0.00 sys=0.00, real=0.00 secs] 
33.805: Total time for which application threads were stopped: 0.0005290 seconds, Stopping threads took: 0.0000430 seconds
33.844: Application time: 0.0394790 seconds
33.844: [GC [PSYoungGen: 7472K->336K(8192K)] 22051K->14963K(26112K), 0.0003820 secs] [Times: user=0.00 sys=0.00, real=0.00 secs] 
33.845: Total time for which application threads were stopped: 0.0004780 seconds, Stopping threads took: 0.0000450 seconds
33.883: Application time: 0.0385150 seconds
33.883: [GC [PSYoungGen: 7504K->256K(8192K)] 22131K->14931K(26112K), 0.0004620 secs] [Times: user=0.00 sys=0.00, real=0.00 secs] 
33.884: Total time for which application threads were stopped: 0.0005550 seconds, Stopping threads took: 0.0000420 seconds
33.923: Application time: 0.0390220 seconds
33.923: [GC [PSYoungGen: 7424K->304K(8192K)] 22099K->15035K(26112K), 0.0003920 secs] [Times: user=0.00 sys=0.00, real=0.00 secs] 
33.923: Total time for which application threads were stopped: 0.0004930 seconds, Stopping threads took: 0.0000450 seconds
33.962: Application time: 0.0390750 seconds
33.962: [GC [PSYoungGen: 7472K->352K(8192K)] 22203K->15083K(26112K), 0.0003770 secs] [Times: user=0.00 sys=0.00, real=0.00 secs] 
33.963: Total time for which application threads were stopped: 0.0004750 seconds, Stopping threads took: 0.0000500 seconds
34.001: Application time: 0.0379650 seconds
34.001: [GC [PSYoungGen: 7520K->416K(8192K)] 22251K->15147K(26112K), 0.0004180 secs] [Times: user=0.00 sys=0.00, real=0.00 secs] 
34.001: Total time for which application threads were stopped: 0.0005170 seconds, Stopping threads took: 0.0000490 seconds
34.042: Application time: 0.0406990 seconds
34.042: [GC [PSYoungGen: 7584K->416K(8192K)] 22315K->15147K(26112K), 0.0004600 secs] [Times: user=0.00 sys=0.00, real=0.00 secs] 
34.042: Total time for which application threads were stopped: 0.0005680 seconds, Stopping threads took: 0.0000490 seconds
34.081: Application time: 0.0385430 seconds
34.081: [GC [PSYoungGen: 7584K->480K(8192K)] 22315K->15211K(26112K), 0.0004570 secs] [Times: user=0.00 sys=0.00, real=0.00 secs] 
34.082: Total time for which application threads were stopped: 0.0005510 seconds, Stopping threads took: 0.0000430 seconds
34.120: Application time: 0.0388930 seconds
34.120: [GC [PSYoungGen: 7648K->480K(8192K)] 22379K->15211K(26112K), 0.0004440 secs] [Times: user=0.00 sys=0.00, real=0.00 secs] 
34.121: Total time for which application threads were stopped: 0.0005460 seconds, Stopping threads took: 0.0000500 seconds
34.160: Application time: 0.0394490 seconds
34.160: [GC [PSYoungGen: 7648K->512K(8192K)] 22379K->15243K(26112K), 0.0004430 secs] [Times: user=0.00 sys=0.00, real=0.00 secs] 
34.161: Total time for which application threads were stopped: 0.0005340 seconds, Stopping threads took: 0.0000420 seconds
34.201: Application time: 0.0404630 seconds
34.201: [GC [PSYoungGen: 7680K->512K(8192K)] 22411K->15243K(26112K), 0.0004390 secs] [Times: user=0.01 sys=0.00, real=0.00 secs] 
34.202: Total time for which application threads were stopped: 0.0005250 seconds, Stopping threads took: 0.0000330 seconds
34.241: Application time: 0.0393260 seconds
34.241: [GC [PSYoungGen: 7680K->480K(8192K)] 22411K->15211K(26112K), 0.0004250 secs] [Times: user=0.00 sys=0.00, real=0.00 secs] 
34.242: Total time for which application threads were stopped: 0.0005140 seconds, Stopping threads took: 0.0000390 seconds
34.281: Application time: 0.0393420 seconds
34.281: [GC [PSYoungGen: 7648K->528K(8192K)] 22379K->15259K(26112K), 0.0004530 secs] [Times: user=0.00 sys=0.00, real=0.00 secs] 
34.282: Total time for which application threads were stopped: 0.0005490 seconds, Stopping threads took: 0.0000440 seconds
34.321: Application time: 0.0391610 seconds
34.321: [GC [PSYoungGen: 7696K->480K(8192K)] 22427K->15211K(26112K), 0.0005290 secs] [Times: user=0.00 sys=0.00, real=0.00 secs] 
34.321: Total time for which application threads were stopped: 0.0006360 seconds, Stopping threads took: 0.0000430 seconds
34.360: Application time: 0.0389570 seconds
34.360: [GC [PSYoungGen: 7648K->512K(8192K)] 22379K->15243K(26112K), 0.0004560 secs] [Times: user=0.00 sys=0.00, real=0.00 secs] 
34.361: Total time for which application threads were stopped: 0.0005510 seconds, Stopping threads took: 0.0000450 seconds
34.400: Application time: 0.0393020 seconds
34.400: [GC [PSYoungGen: 7680K->528K(8192K)] 22411K->15259K(26112K), 0.0004560 secs] [Times: user=0.00 sys=0.00, real=0.00 secs] 
34.401: Total time for which application threads were stopped: 0.0005490 seconds, Stopping threads took: 0.0000430 seconds
34.440: Application time: 0.0394990 seconds
34.440: [GC [PSYoungGen: 7696K->528K(8192K)] 22427K->15259K(26112K), 0.0004970 secs] [Times: user=0.00 sys=0.00, real=0.00 secs] 
34.441: Total time for which application threads were stopped: 0.0005960 seconds, Stopping threads took: 0.0000480 seconds
34.480: Application time: 0.0394140 seconds
34.480: [GC [PSYoungGen: 7696K->432K(8192K)] 22427K->15219K(26112K), 0.0004350 secs] [Times: user=0.00 sys=0.00, real=0.00 secs] 
34.481: Total time for which application threads were stopped: 0.0005330 seconds, Stopping threads took: 0.0000470 seconds
34.520: Application time: 0.0392510 seconds
34.520: [GC [PSYoungGen: 7600K->448K(8192K)] 22387K->15299K(26112K), 0.0004960 secs] [Times: user=0.00 sys=0.00, real=0.00 secs] 
34.521: Total time for which application threads were stopped: 0.0005930 seconds, Stopping threads took: 0.0000450 seconds
34.560: Application time: 0.0392750 seconds
34.560: [GC [PSYoungGen: 7616K->368K(8192K)] 22467K->15323K(26112K), 0.0003990 secs] [Times: user=0.00 sys=0.00, real=0.00 secs] 
34.560: Total time for which application threads were stopped: 0.0004950 seconds, Stopping threads took: 0.0000470 seconds
34.600: Application time: 0.0395950 seconds
34.600: [GC [PSYoungGen: 7536K->288K(8192K)] 22491K->15347K(26112K), 0.0003890 secs] [Times: user=0.00 sys=0.00, real=0.00 secs] 
34.601: Total time for which application threads were stopped: 0.0004790 seconds, Stopping threads took: 0.0000430 seconds
34.640: Application time: 0.0392440 seconds
34.640: [GC [PSYoungGen: 7456K->272K(8192K)] 22515K->15331K(26112K), 0.0003910 secs] [Times: user=0.00 sys=0.00, real=0.00 secs] 
34.640: Total time for which application threads were stopped: 0.0004850 seconds, Stopping threads took: 0.0000470 seconds
34.679: Application time: 0.0391050 seconds
34.679: [GC [PSYoungGen: 7440K->304K(8192K)] 22499K->15411K(26112K), 0.0004160 secs] [Times: user=0.01 sys=0.00, real=0.00 secs] 
34.680: Total time for which application threads were stopped: 0.0005000 seconds, Stopping threads took: 0.0000360 seconds
34.719: Application time: 0.0389830 seconds
34.719: [GC [PSYoungGen: 7472K->320K(8192K)] 22579K->15483K(26112K), 0.0004300 secs] [Times: user=0.00 sys=0.00, real=0.00 secs] 
34.719: Total time for which application threads were stopped: 0.0005350 seconds, Stopping threads took: 0.0000460 seconds
34.757: Application time: 0.0378030 seconds
34.757: [GC [PSYoungGen: 7488K->400K(8192K)] 22651K->15563K(26112K), 0.0003920 secs] [Times: user=0.00 sys=0.00, real=0.00 secs] 
34.758: Total time for which application threads were stopped: 0.0004830 seconds, Stopping threads took: 0.0000390 seconds
34.796: Application time: 0.0383630 seconds
34.796: [GC [PSYoungGen: 7568K->432K(8192K)] 22731K->15595K(26112K), 0.0004100 secs] [Times: user=0.01 sys=0.00, real=0.00 secs] 
34.797: Total time for which application threads were stopped: 0.0005060 seconds, Stopping threads took: 0.0000430 seconds
34.836: Application time: 0.0393500 seconds
34.836: [GC [PSYoungGen: 7600K->448K(8192K)] 22763K->15611K(26112K), 0.0004460 secs] [Times: user=0.00 sys=0.00, real=0.00 secs] 
34.837: Total time for which application threads were stopped: 0.0005540 seconds, Stopping threads took: 0.0000460 seconds
34.875: Application time: 0.0385140 seconds
34.875: [GC [PSYoungGen: 7616K->464K(8192K)] 22779K->15627K(26112K), 0.0004130 secs] [Times: user=0.00 sys=0.00, real=0.00 secs] 
34.876: Total time for which application threads were stopped: 0.0005040 seconds, Stopping threads took: 0.0000420 seconds
34.915: Application time: 0.0391940 seconds
34.915: [GC [PSYoungGen: 7632K->480K(8192K)] 22795K->15643K(26112K), 0.0004720 secs] [Times: user=0.00 sys=0.00, real=0.00 secs] 
34.915: Total time for which application threads were stopped: 0.0005670 seconds, Stopping threads took: 0.0000470 seconds
34.955: Application time: 0.0394430 seconds
34.955: [GC [PSYoungGen: 7648K->464K(8192K)] 22811K->15627K(26112K), 0.0004250 secs] [Times: user=0.00 sys=0.00, real=0.00 secs] 
34.955: Total time for which application threads were stopped: 0.0005240 seconds, Stopping threads took: 0.0000480 seconds
34.995: Application time: 0.0393130 seconds
34.995: [GC [PSYoungGen: 7632K->512K(8192K)] 22795K->15675K(26112K), 0.0004880 secs] [Times: user=0.00 sys=0.00, real=0.00 secs] 
34.995: Total time for which application threads were stopped: 0.0005880 seconds, Stopping threads took: 0.0000390 seconds
35.034: Application time: 0.0393390 seconds
35.035: [GC [PSYoungGen: 7680K->512K(8192K)] 22843K->15675K(26112K), 0.0004680 secs] [Times: user=0.00 sys=0.00, real=0.00 secs] 
35.035: Total time for which application threads were stopped: 0.0005630 seconds, Stopping threads took: 0.0000450 seconds
35.074: Application time: 0.0392190 seconds
35.074: [GC [PSYoungGen: 7680K->480K(8192K)] 22843K->15643K(26112K), 0.0004290 secs] [Times: user=0.00 sys=0.00, real=0.00 secs] 
35.075: Total time for which application threads were stopped: 0.0005200 seconds, Stopping threads took: 0.0000390 seconds
35.114: Application time: 0.0392740 seconds
35.114: [GC [PSYoungGen: 7648K->480K(8192K)] 22811K->15643K(26112K), 0.0004250 secs] [Times: user=0.00 sys=0.00, real=0.00 secs] 
35.115: Total time for which application threads were stopped: 0.0005180 seconds, Stopping threads took: 0.0000440 seconds
35.154: Application time: 0.0391480 seconds
35.154: [GC [PSYoungGen: 7648K->512K(8192K)] 22811K->15675K(26112K), 0.0004170 secs] [Times: user=0.00 sys=0.00, real=0.00 secs] 
35.154: Total time for which application threads were stopped: 0.0005140 seconds, Stopping threads took: 0.0000460 seconds
35.194: Application time: 0.0392520 seconds
35.194: [GC [PSYoungGen: 7680K->448K(8192K)] 22843K->15611K(26112K), 0.0004270 secs] [Times: user=0.01 sys=0.00, real=0.00 secs] 
35.194: Total time for which application threads were stopped: 0.0005170 seconds, Stopping threads took: 0.0000430 seconds
35.233: Application time: 0.0392970 seconds
35.233: [GC [PSYoungGen: 7616K->496K(8192K)] 22779K->15659K(26112K), 0.0004420 secs] [Times: user=0.00 sys=0.00, real=0.00 secs] 
35.234: Total time for which application threads were stopped: 0.0005340 seconds, Stopping threads took: 0.0000440 seconds
35.273: Application time: 0.0391840 seconds
35.273: [GC [PSYoungGen: 7664K->464K(8192K)] 22827K->15683K(26112K), 0.0004340 secs] [Times: user=0.00 sys=0.00, real=0.00 secs] 
35.274: Total time for which application threads were stopped: 0.0005240 seconds, Stopping threads took: 0.0000400 seconds
35.313: Application time: 0.0395090 seconds
35.313: [GC [PSYoungGen: 7632K->400K(8192K)] 22851K->15675K(26112K), 0.0004180 secs] [Times: user=0.01 sys=0.00, real=0.00 secs] 
35.314: Total time for which application threads were stopped: 0.0005070 seconds, Stopping threads took: 0.0000390 seconds
35.353: Application time: 0.0391830 seconds
35.353: [GC [PSYoungGen: 7568K->352K(8192K)] 22843K->15755K(26112K), 0.0004140 secs] [Times: user=0.00 sys=0.00, real=0.00 secs] 
35.353: Total time for which application threads were stopped: 0.0005080 seconds, Stopping threads took: 0.0000380 seconds
35.392: Application time: 0.0391790 seconds
35.393: [GC [PSYoungGen: 7520K->288K(8192K)] 22923K->15755K(26112K), 0.0003820 secs] [Times: user=0.00 sys=0.00, real=0.00 secs] 
35.393: Total time for which application threads were stopped: 0.0004760 seconds, Stopping threads took: 0.0000430 seconds
35.432: Application time: 0.0391320 seconds
35.432: [GC [PSYoungGen: 7456K->320K(8192K)] 22923K->15787K(26112K), 0.0003590 secs] [Times: user=0.00 sys=0.00, real=0.00 secs] 
35.433: Total time for which application threads were stopped: 0.0004520 seconds, Stopping threads took: 0.0000440 seconds
35.471: Application time: 0.0388890 seconds
35.471: [GC [PSYoungGen: 7488K->256K(8192K)] 22955K->15815K(26112K), 0.0004310 secs] [Times: user=0.00 sys=0.00, real=0.00 secs] 
35.472: Total time for which application threads were stopped: 0.0005200 seconds, Stopping threads took: 0.0000390 seconds
35.511: Application time: 0.0388520 seconds
35.511: [GC [PSYoungGen: 7424K->288K(8192K)] 22983K->15847K(26112K), 0.0003660 secs] [Times: user=0.00 sys=0.00, real=0.00 secs] 
35.511: Total time for which application threads were stopped: 0.0004540 seconds, Stopping threads took: 0.0000400 seconds
35.550: Application time: 0.0384820 seconds
35.550: [GC [PSYoungGen: 7456K->384K(8192K)] 23015K->15943K(26112K), 0.0004280 secs] [Times: user=0.00 sys=0.00, real=0.00 secs] 
35.550: Total time for which application threads were stopped: 0.0005320 seconds, Stopping threads took: 0.0000440 seconds
35.589: Application time: 0.0391610 seconds
35.590: [GC [PSYoungGen: 7552K->416K(8192K)] 23111K->15975K(26112K), 0.0004410 secs] [Times: user=0.00 sys=0.00, real=0.00 secs] 
35.590: Total time for which application threads were stopped: 0.0005330 seconds, Stopping threads took: 0.0000410 seconds
35.630: Application time: 0.0395910 seconds
35.630: [GC [PSYoungGen: 7584K->432K(8192K)] 23143K->15991K(26112K), 0.0004000 secs] [Times: user=0.00 sys=0.00, real=0.00 secs] 
35.630: Total time for which application threads were stopped: 0.0004890 seconds, Stopping threads took: 0.0000410 seconds
35.669: Application time: 0.0385270 seconds
35.669: [GC [PSYoungGen: 7600K->464K(8192K)] 23159K->16023K(26112K), 0.0005060 secs] [Times: user=0.00 sys=0.00, real=0.01 secs] 
35.670: Total time for which application threads were stopped: 0.0017640 seconds, Stopping threads took: 0.0000430 seconds
35.711: Application time: 0.0407450 seconds
35.711: [GC [PSYoungGen: 7632K->496K(8192K)] 23191K->16055K(26112K), 0.0005310 secs] [Times: user=0.00 sys=0.00, real=0.00 secs] 
35.712: Total time for which application threads were stopped: 0.0006450 seconds, Stopping threads took: 0.0000500 seconds
35.751: Application time: 0.0392750 seconds
35.751: [GC [PSYoungGen: 7664K->560K(8192K)] 23223K->16119K(26112K), 0.0004390 secs] [Times: user=0.00 sys=0.00, real=0.00 secs] 
35.752: Total time for which application threads were stopped: 0.0005400 seconds, Stopping threads took: 0.0000440 seconds
35.791: Application time: 0.0392470 seconds
35.791: [GC [PSYoungGen: 7728K->496K(8192K)] 23287K->16055K(26112K), 0.0004190 secs] [Times: user=0.00 sys=0.00, real=0.00 secs] 
35.791: Total time for which application threads were stopped: 0.0005030 seconds, Stopping threads took: 0.0000340 seconds
35.831: Application time: 0.0391970 seconds
35.831: [GC [PSYoungGen: 7664K->512K(8192K)] 23223K->16071K(26112K), 0.0005180 secs] [Times: user=0.01 sys=0.00, real=0.00 secs] 
35.831: Total time for which application threads were stopped: 0.0006180 seconds, Stopping threads took: 0.0000540 seconds
35.870: Application time: 0.0392370 seconds
35.870: [GC [PSYoungGen: 7680K->448K(8192K)] 23239K->16007K(26112K), 0.0004390 secs] [Times: user=0.00 sys=0.00, real=0.00 secs] 
35.871: Total time for which application threads were stopped: 0.0005250 seconds, Stopping threads took: 0.0000320 seconds
35.910: Application time: 0.0392230 seconds
35.910: [GC [PSYoungGen: 7616K->496K(8192K)] 23175K->16055K(26112K), 0.0004350 secs] [Times: user=0.00 sys=0.00, real=0.00 secs] 
35.911: Total time for which application threads were stopped: 0.0005240 seconds, Stopping threads took: 0.0000400 seconds
35.950: Application time: 0.0391390 seconds
35.950: [GC [PSYoungGen: 7664K->480K(8192K)] 23223K->16039K(26112K), 0.0004380 secs] [Times: user=0.00 sys=0.00, real=0.00 secs] 
35.950: Total time for which application threads were stopped: 0.0005370 seconds, Stopping threads took: 0.0000460 seconds
35.989: Application time: 0.0391470 seconds
35.990: [GC [PSYoungGen: 7648K->496K(8192K)] 23207K->16055K(26112K), 0.0004210 secs] [Times: user=0.00 sys=0.00, real=0.00 secs] 
35.990: Total time for which application threads were stopped: 0.0005120 seconds, Stopping threads took: 0.0000450 seconds
36.029: Application time: 0.0393990 seconds
36.029: [GC [PSYoungGen: 7664K->512K(8192K)] 23223K->16071K(26112K), 0.0004500 secs] [Times: user=0.00 sys=0.00, real=0.00 secs] 
36.030: Total time for which application threads were stopped: 0.0005410 seconds, Stopping threads took: 0.0000400 seconds
36.069: Application time: 0.0389760 seconds
36.069: [GC [PSYoungGen: 7680K->480K(8192K)] 23239K->16091K(26112K), 0.0004280 secs] [Times: user=0.00 sys=0.00, real=0.00 secs] 
36.069: Total time for which application threads were stopped: 0.0005250 seconds, Stopping threads took: 0.0000490 seconds
36.109: Application time: 0.0392430 seconds
36.109: [GC [PSYoungGen: 7648K->416K(8192K)] 23259K->16083K(26112K), 0.0004460 secs] [Times: user=0.00 sys=0.00, real=0.00 secs] 
36.109: Total time for which application threads were stopped: 0.0005360 seconds, Stopping threads took: 0.0000380 seconds
36.149: Application time: 0.0395600 seconds
36.149: [GC [PSYoungGen: 7584K->320K(8192K)] 23251K->16099K(26112K), 0.0004610 secs] [Times: user=0.00 sys=0.00, real=0.00 secs] 
36.149: Total time for which application threads were stopped: 0.0005520 seconds, Stopping threads took: 0.0000380 seconds
36.189: Application time: 0.0393220 seconds
36.189: [GC [PSYoungGen: 7488K->304K(8192K)] 23267K->16139K(26112K), 0.0004040 secs] [Times: user=0.00 sys=0.00, real=0.00 secs] 
36.189: Total time for which application threads were stopped: 0.0004990 seconds, Stopping threads took: 0.0000440 seconds
36.228: Application time: 0.0393310 seconds
36.229: [GC [PSYoungGen: 7472K->288K(8192K)] 23307K->16123K(26112K), 0.0003820 secs] [Times: user=0.00 sys=0.00, real=0.01 secs] 
36.229: Total time for which application threads were stopped: 0.0004870 seconds, Stopping threads took: 0.0000510 seconds
36.268: Application time: 0.0390080 seconds
36.268: [GC [PSYoungGen: 7456K->272K(8192K)] 23291K->16203K(26112K), 0.0003850 secs] [Times: user=0.00 sys=0.00, real=0.00 secs] 
36.268: Total time for which application threads were stopped: 0.0004740 seconds, Stopping threads took: 0.0000370 seconds
36.307: Application time: 0.0380490 seconds
36.307: [GC [PSYoungGen: 7440K->272K(8192K)] 23371K->16203K(26112K), 0.0004380 secs] [Times: user=0.00 sys=0.00, real=0.00 secs] 
36.307: Total time for which application threads were stopped: 0.0005290 seconds, Stopping threads took: 0.0000420 seconds
36.345: Application time: 0.0382050 seconds
36.345: [GC [PSYoungGen: 7440K->432K(8192K)] 23371K->16363K(26112K), 0.0004180 secs] [Times: user=0.00 sys=0.00, real=0.00 secs] 
36.346: Total time for which application threads were stopped: 0.0005090 seconds, Stopping threads took: 0.0000390 seconds
36.385: Application time: 0.0389420 seconds
36.385: [GC [PSYoungGen: 7600K->400K(8192K)] 23531K->16331K(26112K), 0.0004590 secs] [Times: user=0.00 sys=0.00, real=0.00 secs] 
36.385: Total time for which application threads were stopped: 0.0005600 seconds, Stopping threads took: 0.0000450 seconds
36.424: Application time: 0.0391030 seconds
36.424: [GC [PSYoungGen: 7568K->384K(8192K)] 23499K->16315K(26112K), 0.0004260 secs] [Times: user=0.00 sys=0.00, real=0.00 secs] 
36.425: Total time for which application threads were stopped: 0.0005300 seconds, Stopping threads took: 0.0000510 seconds
36.464: Application time: 0.0389400 seconds
36.464: [GC [PSYoungGen: 7552K->496K(8192K)] 23483K->16427K(26112K), 0.0004860 secs] [Times: user=0.00 sys=0.00, real=0.00 secs] 
36.464: Total time for which application threads were stopped: 0.0005850 seconds, Stopping threads took: 0.0000440 seconds
36.504: Application time: 0.0394420 seconds
36.504: [GC [PSYoungGen: 7664K->496K(8192K)] 23595K->16427K(26112K), 0.0004850 secs] [Times: user=0.00 sys=0.00, real=0.00 secs] 
36.504: Total time for which application threads were stopped: 0.0005890 seconds, Stopping threads took: 0.0000540 seconds
36.544: Application time: 0.0393690 seconds
36.544: [GC [PSYoungGen: 7664K->480K(8192K)] 23595K->16411K(26112K), 0.0004530 secs] [Times: user=0.00 sys=0.00, real=0.00 secs] 
36.544: Total time for which application threads were stopped: 0.0005590 seconds, Stopping threads took: 0.0000530 seconds
36.584: Application time: 0.0392940 seconds
36.584: [GC [PSYoungGen: 7648K->512K(8192K)] 23579K->16443K(26112K), 0.0004220 secs] [Times: user=0.00 sys=0.00, real=0.00 secs] 
36.584: Total time for which application threads were stopped: 0.0005070 seconds, Stopping threads took: 0.0000340 seconds
36.623: Application time: 0.0392800 seconds
36.624: [GC [PSYoungGen: 7680K->512K(8192K)] 23611K->16443K(26112K), 0.0004850 secs] [Times: user=0.00 sys=0.00, real=0.00 secs] 
36.624: Total time for which application threads were stopped: 0.0005650 seconds, Stopping threads took: 0.0000310 seconds
36.663: Application time: 0.0392330 seconds
36.663: [GC [PSYoungGen: 7680K->496K(8192K)] 23611K->16427K(26112K), 0.0004620 secs] [Times: user=0.00 sys=0.00, real=0.00 secs] 
36.664: Total time for which application threads were stopped: 0.0005590 seconds, Stopping threads took: 0.0000470 seconds
36.703: Application time: 0.0391440 seconds
36.703: [GC [PSYoungGen: 7664K->528K(8192K)] 23595K->16459K(26112K), 0.0004650 secs] [Times: user=0.00 sys=0.00, real=0.00 secs] 
36.704: Total time for which application threads were stopped: 0.0005620 seconds, Stopping threads took: 0.0000470 seconds
36.743: Application time: 0.0396310 seconds
36.743: [GC [PSYoungGen: 7696K->480K(8192K)] 23627K->16411K(26112K), 0.0004830 secs] [Times: user=0.00 sys=0.00, real=0.00 secs] 
36.744: Total time for which application threads were stopped: 0.0005910 seconds, Stopping threads took: 0.0000460 seconds
36.783: Application time: 0.0391660 seconds
36.783: [GC [PSYoungGen: 7648K->512K(8192K)] 23579K->16443K(26112K), 0.0004760 secs] [Times: user=0.00 sys=0.00, real=0.00 secs] 
36.784: Total time for which application threads were stopped: 0.0005730 seconds, Stopping threads took: 0.0000430 seconds
36.823: Application time: 0.0392680 seconds
36.823: [GC [PSYoungGen: 7680K->480K(8192K)] 23611K->16411K(26112K), 0.0004440 secs] [Times: user=0.00 sys=0.00, real=0.00 secs] 
36.823: Total time for which application threads were stopped: 0.0005410 seconds, Stopping threads took: 0.0000450 seconds
36.862: Application time: 0.0391620 seconds
36.863: [GC [PSYoungGen: 7648K->480K(8192K)] 23579K->16467K(26112K), 0.0004390 secs] [Times: user=0.00 sys=0.00, real=0.00 secs] 
36.863: Total time for which application threads were stopped: 0.0005360 seconds, Stopping threads took: 0.0000440 seconds
36.902: Application time: 0.0393600 seconds
36.902: [GC [PSYoungGen: 7648K->368K(8192K)] 23635K->16440K(26112K), 0.0005240 secs] [Times: user=0.00 sys=0.00, real=0.00 secs] 
36.903: Total time for which application threads were stopped: 0.0006280 seconds, Stopping threads took: 0.0000430 seconds
36.942: Application time: 0.0392670 seconds
36.942: [GC [PSYoungGen: 7536K->336K(8192K)] 23608K->16516K(26112K), 0.0004110 secs] [Times: user=0.00 sys=0.00, real=0.00 secs] 
36.943: Total time for which application threads were stopped: 0.0005100 seconds, Stopping threads took: 0.0000510 seconds
36.982: Application time: 0.0392360 seconds
36.982: [GC [PSYoungGen: 7504K->288K(8192K)] 23684K->16540K(26112K), 0.0003880 secs] [Times: user=0.00 sys=0.00, real=0.00 secs] 
36.983: Total time for which application threads were stopped: 0.0004790 seconds, Stopping threads took: 0.0000430 seconds
37.022: Application time: 0.0396490 seconds
37.022: [GC [PSYoungGen: 7456K->304K(8192K)] 23708K->16636K(26112K), 0.0003810 secs] [Times: user=0.00 sys=0.00, real=0.00 secs] 
37.023: Total time for which application threads were stopped: 0.0004700 seconds, Stopping threads took: 0.0000380 seconds
37.062: Application time: 0.0397150 seconds
37.062: [GC [PSYoungGen: 7472K->256K(8192K)] 23804K->16652K(26112K), 0.0004520 secs] [Times: user=0.00 sys=0.00, real=0.00 secs] 
37.063: Total time for which application threads were stopped: 0.0005690 seconds, Stopping threads took: 0.0000540 seconds
37.101: Application time: 0.0377540 seconds
37.101: [GC [PSYoungGen: 7424K->384K(8192K)] 23820K->16780K(26112K), 0.0004040 secs] [Times: user=0.00 sys=0.00, real=0.00 secs] 
37.101: Total time for which application threads were stopped: 0.0005020 seconds, Stopping threads took: 0.0000440 seconds
37.139: Application time: 0.0380670 seconds
37.139: [GC [PSYoungGen: 7552K->400K(8192K)] 23948K->16796K(26112K), 0.0004000 secs] [Times: user=0.00 sys=0.00, real=0.00 secs] 
37.140: Total time for which application threads were stopped: 0.0005010 seconds, Stopping threads took: 0.0000470 seconds
37.179: Application time: 0.0393890 seconds
37.179: [GC [PSYoungGen: 7568K->416K(8192K)] 23964K->16812K(26112K), 0.0004210 secs] [Times: user=0.00 sys=0.00, real=0.00 secs] 
37.180: Total time for which application threads were stopped: 0.0005240 seconds, Stopping threads took: 0.0000490 seconds
37.219: Application time: 0.0393250 seconds
37.219: [GC [PSYoungGen: 7584K->528K(8192K)] 23980K->16924K(26112K), 0.0005050 secs] [Times: user=0.00 sys=0.00, real=0.00 secs] 
37.220: Total time for which application threads were stopped: 0.0006090 seconds, Stopping threads took: 0.0000460 seconds
37.259: Application time: 0.0397430 seconds
37.261: [GC [PSYoungGen: 7696K->480K(8192K)] 24092K->16876K(26112K), 0.0004820 secs] [Times: user=0.00 sys=0.00, real=0.00 secs] 
37.261: Total time for which application threads were stopped: 0.0018930 seconds, Stopping threads took: 0.0013570 seconds
37.300: Application time: 0.0392500 seconds
37.301: [GC [PSYoungGen: 7648K->496K(8192K)] 24044K->16892K(26112K), 0.0004170 secs] [Times: user=0.00 sys=0.00, real=0.00 secs] 
37.301: Total time for which application threads were stopped: 0.0005100 seconds, Stopping threads took: 0.0000430 seconds
37.340: Application time: 0.0392910 seconds
37.340: [GC [PSYoungGen: 7664K->448K(8192K)] 24060K->16844K(26112K), 0.0004750 secs] [Times: user=0.00 sys=0.00, real=0.00 secs] 
37.341: Total time for which application threads were stopped: 0.0005670 seconds, Stopping threads took: 0.0000410 seconds
37.380: Application time: 0.0392620 seconds
37.380: [GC [PSYoungGen: 7616K->512K(8192K)] 24012K->16908K(26112K), 0.0004120 secs] [Times: user=0.00 sys=0.00, real=0.00 secs] 
37.381: Total time for which application threads were stopped: 0.0005190 seconds, Stopping threads took: 0.0000560 seconds
37.420: Application time: 0.0391990 seconds
37.420: [GC [PSYoungGen: 7680K->512K(8192K)] 24076K->16908K(26112K), 0.0004740 secs] [Times: user=0.01 sys=0.00, real=0.00 secs] 
37.420: Total time for which application threads were stopped: 0.0005860 seconds, Stopping threads took: 0.0000500 seconds
37.460: Application time: 0.0391390 seconds
37.460: [GC [PSYoungGen: 7680K->528K(8192K)] 24076K->16924K(26112K), 0.0004330 secs] [Times: user=0.00 sys=0.00, real=0.00 secs] 
37.460: Total time for which application threads were stopped: 0.0005250 seconds, Stopping threads took: 0.0000410 seconds
37.499: Application time: 0.0391300 seconds
37.499: [GC [PSYoungGen: 7696K->528K(8192K)] 24092K->16924K(26112K), 0.0004580 secs] [Times: user=0.01 sys=0.00, real=0.00 secs] 
37.500: Total time for which application threads were stopped: 0.0005510 seconds, Stopping threads took: 0.0000430 seconds
37.539: Application time: 0.0392710 seconds
37.539: [GC [PSYoungGen: 7696K->480K(8192K)] 24092K->16876K(26112K), 0.0004210 secs] [Times: user=0.00 sys=0.00, real=0.00 secs] 
37.540: Total time for which application threads were stopped: 0.0005110 seconds, Stopping threads took: 0.0000420 seconds
37.580: Application time: 0.0400950 seconds
37.580: [GC [PSYoungGen: 7648K->528K(8192K)] 24044K->16924K(26112K), 0.0004930 secs] [Times: user=0.00 sys=0.00, real=0.00 secs] 
37.580: Total time for which application threads were stopped: 0.0005820 seconds, Stopping threads took: 0.0000400 seconds
37.619: Application time: 0.0390590 seconds
37.619: [GC [PSYoungGen: 7696K->528K(8192K)] 24092K->16924K(26112K), 0.0004640 secs] [Times: user=0.00 sys=0.00, real=0.00 secs] 
37.620: Total time for which application threads were stopped: 0.0005580 seconds, Stopping threads took: 0.0000460 seconds
37.659: Application time: 0.0392640 seconds
37.659: [GC [PSYoungGen: 7696K->432K(8192K)] 24092K->16884K(26112K), 0.0004270 secs] [Times: user=0.00 sys=0.00, real=0.00 secs] 
37.660: Total time for which application threads were stopped: 0.0005230 seconds, Stopping threads took: 0.0000450 seconds
37.699: Application time: 0.0392130 seconds
37.699: [GC [PSYoungGen: 7600K->368K(8192K)] 24052K->16944K(26112K), 0.0004730 secs] [Times: user=0.00 sys=0.00, real=0.00 secs] 
37.699: Total time for which application threads were stopped: 0.0005650 seconds, Stopping threads took: 0.0000420 seconds
37.739: Application time: 0.0392770 seconds
37.739: [GC [PSYoungGen: 7536K->304K(8192K)] 24112K->16976K(26112K), 0.0005200 secs] [Times: user=0.00 sys=0.00, real=0.00 secs] 
37.739: Total time for which application threads were stopped: 0.0006340 seconds, Stopping threads took: 0.0000480 seconds
37.779: Application time: 0.0391930 seconds
37.779: [GC [PSYoungGen: 7472K->288K(8192K)] 24144K->16960K(26112K), 0.0003660 secs] [Times: user=0.00 sys=0.00, real=0.00 secs] 
37.779: Total time for which application threads were stopped: 0.0004600 seconds, Stopping threads took: 0.0000440 seconds
37.818: Application time: 0.0393230 seconds
37.818: [GC [PSYoungGen: 7456K->240K(8192K)] 24128K->17000K(26112K), 0.0004450 secs] [Times: user=0.00 sys=0.00, real=0.00 secs] 
37.819: Total time for which application threads were stopped: 0.0005300 seconds, Stopping threads took: 0.0000370 seconds
37.858: Application time: 0.0391460 seconds
37.861: [GC [PSYoungGen: 7408K->272K(8192K)] 24168K->17032K(26112K), 0.0004270 secs] [Times: user=0.00 sys=0.00, real=0.00 secs] 
37.861: Total time for which application threads were stopped: 0.0031660 seconds, Stopping threads took: 0.0026880 seconds
37.898: Application time: 0.0366180 seconds
37.898: [GC [PSYoungGen: 7440K->416K(8192K)] 24200K->17176K(26112K), 0.0004020 secs] [Times: user=0.00 sys=0.00, real=0.00 secs] 
37.898: Total time for which application threads were stopped: 0.0004970 seconds, Stopping threads took: 0.0000450 seconds
37.937: Application time: 0.0391000 seconds
37.937: [GC [PSYoungGen: 7584K->432K(8192K)] 24344K->17192K(26112K), 0.0004890 secs] [Times: user=0.01 sys=0.00, real=0.00 secs] 
37.938: Total time for which application threads were stopped: 0.0005920 seconds, Stopping threads took: 0.0000440 seconds
37.977: Application time: 0.0393030 seconds
37.977: [GC [PSYoungGen: 7600K->416K(8192K)] 24360K->17176K(26112K), 0.0004070 secs] [Times: user=0.00 sys=0.00, real=0.00 secs] 
37.978: Total time for which application threads were stopped: 0.0005000 seconds, Stopping threads took: 0.0000450 seconds
38.016: Application time: 0.0382250 seconds
38.016: [GC [PSYoungGen: 7584K->480K(8192K)] 24344K->17240K(26112K), 0.0004350 secs] [Times: user=0.00 sys=0.00, real=0.00 secs] 
38.017: Total time for which application threads were stopped: 0.0005270 seconds, Stopping threads took: 0.0000410 seconds
38.056: Application time: 0.0392300 seconds
38.056: [GC [PSYoungGen: 7648K->480K(8192K)] 24408K->17240K(26112K), 0.0004650 secs] [Times: user=0.00 sys=0.00, real=0.00 secs] 
38.056: Total time for which application threads were stopped: 0.0005640 seconds, Stopping threads took: 0.0000480 seconds
38.096: Application time: 0.0396560 seconds
38.096: [GC [PSYoungGen: 7648K->512K(8192K)] 24408K->17272K(26112K), 0.0004570 secs] [Times: user=0.00 sys=0.00, real=0.00 secs] 
38.097: Total time for which application threads were stopped: 0.0005390 seconds, Stopping threads took: 0.0000340 seconds
38.136: Application time: 0.0392670 seconds
38.136: [GC [PSYoungGen: 7680K->528K(8192K)] 24440K->17288K(26112K), 0.0004270 secs] [Times: user=0.00 sys=0.00, real=0.00 secs] 
38.136: Total time for which application threads were stopped: 0.0005160 seconds, Stopping threads took: 0.0000420 seconds
38.176: Application time: 0.0393010 seconds
38.176: [GC [PSYoungGen: 7696K->496K(8192K)] 24456K->17256K(26112K), 0.0004220 secs] [Times: user=0.01 sys=0.00, real=0.00 secs] 
38.176: Total time for which application threads were stopped: 0.0005150 seconds, Stopping threads took: 0.0000430 seconds
38.215: Application time: 0.0392890 seconds
38.216: [GC [PSYoungGen: 7664K->496K(8192K)] 24424K->17256K(26112K), 0.0004380 secs] [Times: user=0.00 sys=0.00, real=0.00 secs] 
38.216: Total time for which application threads were stopped: 0.0005420 seconds, Stopping threads took: 0.0000520 seconds
38.255: Application time: 0.0389980 seconds
38.255: [GC [PSYoungGen: 7664K->512K(8192K)] 24424K->17272K(26112K), 0.0004110 secs] [Times: user=0.01 sys=0.00, real=0.00 secs] 
38.255: Total time for which application threads were stopped: 0.0005100 seconds, Stopping threads took: 0.0000490 seconds
38.294: Application time: 0.0388560 seconds
38.294: [GC [PSYoungGen: 7680K->528K(8192K)] 24440K->17288K(26112K), 0.0004310 secs] [Times: user=0.00 sys=0.00, real=0.00 secs] 
38.295: Total time for which application threads were stopped: 0.0005340 seconds, Stopping threads took: 0.0000470 seconds
38.335: Application time: 0.0398100 seconds
38.335: [GC [PSYoungGen: 7696K->512K(8192K)] 24456K->17272K(26112K), 0.0004790 secs] [Times: user=0.00 sys=0.00, real=0.00 secs] 
38.335: Total time for which application threads were stopped: 0.0005720 seconds, Stopping threads took: 0.0000430 seconds
38.374: Application time: 0.0392230 seconds
38.375: [GC [PSYoungGen: 7680K->496K(8192K)] 24440K->17256K(26112K), 0.0004080 secs] [Times: user=0.00 sys=0.00, real=0.00 secs] 
38.375: Total time for which application threads were stopped: 0.0004920 seconds, Stopping threads took: 0.0000370 seconds
38.414: Application time: 0.0391850 seconds
38.414: [GC [PSYoungGen: 7664K->544K(8192K)] 24424K->17304K(26112K), 0.0004250 secs] [Times: user=0.00 sys=0.00, real=0.00 secs] 
38.415: Total time for which application threads were stopped: 0.0005210 seconds, Stopping threads took: 0.0000480 seconds
38.454: Application time: 0.0393060 seconds
38.454: [GC [PSYoungGen: 7712K->448K(8192K)] 24472K->17264K(26112K), 0.0004460 secs] [Times: user=0.00 sys=0.00, real=0.00 secs] 
38.455: Total time for which application threads were stopped: 0.0005470 seconds, Stopping threads took: 0.0000450 seconds
38.494: Application time: 0.0394640 seconds
38.494: [GC [PSYoungGen: 7616K->352K(8192K)] 24432K->17312K(26112K), 0.0004610 secs] [Times: user=0.01 sys=0.00, real=0.00 secs] 
38.495: Total time for which application threads were stopped: 0.0005570 seconds, Stopping threads took: 0.0000450 seconds
38.534: Application time: 0.0393800 seconds
38.534: [GC [PSYoungGen: 7520K->288K(8192K)] 24480K->17320K(26112K), 0.0004760 secs] [Times: user=0.00 sys=0.00, real=0.00 secs] 
38.535: Total time for which application threads were stopped: 0.0005600 seconds, Stopping threads took: 0.0000360 seconds
38.575: Application time: 0.0404920 seconds
38.575: [GC [PSYoungGen: 7456K->288K(8192K)] 24488K->17320K(26112K), 0.0004190 secs] [Times: user=0.01 sys=0.00, real=0.00 secs] 
38.576: Total time for which application threads were stopped: 0.0005170 seconds, Stopping threads took: 0.0000420 seconds
38.614: Application time: 0.0388680 seconds
38.614: [GC [PSYoungGen: 7456K->288K(8192K)] 24488K->17408K(26112K), 0.0004420 secs] [Times: user=0.00 sys=0.00, real=0.00 secs] 
38.615: Total time for which application threads were stopped: 0.0005360 seconds, Stopping threads took: 0.0000400 seconds
38.653: Application time: 0.0385390 seconds
38.654: [GC [PSYoungGen: 7456K->288K(8192K)] 24576K->17408K(26112K), 0.0003810 secs] [Times: user=0.00 sys=0.00, real=0.00 secs] 
38.654: Total time for which application threads were stopped: 0.0004750 seconds, Stopping threads took: 0.0000430 seconds
38.692: Application time: 0.0378310 seconds
38.692: [GC [PSYoungGen: 7456K->416K(8192K)] 24576K->17536K(26112K), 0.0004040 secs] [Times: user=0.00 sys=0.00, real=0.00 secs] 
38.692: Total time for which application threads were stopped: 0.0004990 seconds, Stopping threads took: 0.0000430 seconds
38.732: Application time: 0.0400820 seconds
38.732: [GC [PSYoungGen: 7584K->464K(8192K)] 24704K->17584K(26112K), 0.0004620 secs] [Times: user=0.00 sys=0.00, real=0.00 secs] 
38.733: Total time for which application threads were stopped: 0.0005730 seconds, Stopping threads took: 0.0000530 seconds
38.772: Application time: 0.0395330 seconds
38.773: [GC [PSYoungGen: 7632K->448K(8192K)] 24752K->17568K(26112K), 0.0004100 secs] [Times: user=0.00 sys=0.00, real=0.00 secs] 
38.773: Total time for which application threads were stopped: 0.0005070 seconds, Stopping threads took: 0.0000490 seconds
38.811: Application time: 0.0382810 seconds
38.811: [GC [PSYoungGen: 7616K->480K(8192K)] 24736K->17600K(26112K), 0.0004190 secs] [Times: user=0.00 sys=0.00, real=0.00 secs] 
38.812: Total time for which application threads were stopped: 0.0005110 seconds, Stopping threads took: 0.0000440 seconds
38.851: Application time: 0.0393340 seconds
38.851: [GC [PSYoungGen: 7648K->512K(8192K)] 24768K->17632K(26112K), 0.0004330 secs] [Times: user=0.00 sys=0.00, real=0.00 secs] 
38.852: Total time for which application threads were stopped: 0.0005280 seconds, Stopping threads took: 0.0000460 seconds
38.892: Application time: 0.0398540 seconds
38.892: [GC [PSYoungGen: 7680K->480K(8192K)] 24800K->17600K(26112K), 0.0004240 secs] [Times: user=0.01 sys=0.00, real=0.00 secs] 
38.892: Total time for which application threads were stopped: 0.0005140 seconds, Stopping threads took: 0.0000450 seconds
38.931: Application time: 0.0391290 seconds
38.931: [GC [PSYoungGen: 7648K->528K(8192K)] 24768K->17648K(26112K), 0.0004660 secs] [Times: user=0.00 sys=0.00, real=0.00 secs] 
38.932: Total time for which application threads were stopped: 0.0005600 seconds, Stopping threads took: 0.0000460 seconds
38.971: Application time: 0.0393010 seconds
38.971: [GC [PSYoungGen: 7696K->496K(8192K)] 24816K->17616K(26112K), 0.0004060 secs] [Times: user=0.01 sys=0.00, real=0.00 secs] 
38.972: Total time for which application threads were stopped: 0.0005020 seconds, Stopping threads took: 0.0000430 seconds
39.011: Application time: 0.0392360 seconds
39.011: [GC [PSYoungGen: 7664K->496K(8192K)] 24784K->17616K(26112K), 0.0005240 secs] [Times: user=0.00 sys=0.00, real=0.00 secs] 
39.011: Total time for which application threads were stopped: 0.0006230 seconds, Stopping threads took: 0.0000470 seconds
39.051: Application time: 0.0392330 seconds
39.051: [GC [PSYoungGen: 7664K->480K(8192K)] 24784K->17600K(26112K), 0.0004670 secs] [Times: user=0.01 sys=0.00, real=0.00 secs] 
39.051: Total time for which application threads were stopped: 0.0005600 seconds, Stopping threads took: 0.0000400 seconds
39.090: Application time: 0.0390590 seconds
39.090: [GC [PSYoungGen: 7648K->496K(8192K)] 24768K->17616K(26112K), 0.0004310 secs] [Times: user=0.00 sys=0.00, real=0.00 secs] 
39.091: Total time for which application threads were stopped: 0.0005350 seconds, Stopping threads took: 0.0000520 seconds
39.130: Application time: 0.0392230 seconds
39.130: [GC [PSYoungGen: 7664K->544K(8192K)] 24784K->17664K(26112K), 0.0004320 secs] [Times: user=0.01 sys=0.00, real=0.00 secs] 
39.131: Total time for which application threads were stopped: 0.0005310 seconds, Stopping threads took: 0.0000490 seconds
39.170: Application time: 0.0395600 seconds
39.170: [GC [PSYoungGen: 7712K->480K(8192K)] 24832K->17600K(26112K), 0.0004380 secs] [Times: user=0.00 sys=0.00, real=0.00 secs] 
39.171: Total time for which application threads were stopped: 0.0005270 seconds, Stopping threads took: 0.0000370 seconds
39.210: Application time: 0.0390750 seconds
39.210: [GC [PSYoungGen: 7648K->480K(8192K)] 24768K->17648K(26112K), 0.0004720 secs] [Times: user=0.00 sys=0.00, real=0.00 secs] 
39.210: Total time for which application threads were stopped: 0.0005590 seconds, Stopping threads took: 0.0000420 seconds
39.249: Application time: 0.0391680 seconds
39.249: [GC [PSYoungGen: 7648K->464K(8192K)] 24816K->17688K(26112K), 0.0004220 secs] [Times: user=0.00 sys=0.00, real=0.00 secs] 
39.250: Total time for which application threads were stopped: 0.0005100 seconds, Stopping threads took: 0.0000420 seconds
39.289: Application time: 0.0394600 seconds
39.293: [GC [PSYoungGen: 7632K->320K(8192K)] 24856K->17680K(26112K), 0.0004070 secs] [Times: user=0.00 sys=0.00, real=0.00 secs] 
39.293: Total time for which application threads were stopped: 0.0037740 seconds, Stopping threads took: 0.0033160 seconds
39.332: Application time: 0.0392220 seconds
39.332: [GC [PSYoungGen: 7488K->288K(8192K)] 24848K->17712K(26112K), 0.0003980 secs] [Times: user=0.00 sys=0.00, real=0.00 secs] 
39.333: Total time for which application threads were stopped: 0.0004970 seconds, Stopping threads took: 0.0000500 seconds
39.372: Application time: 0.0392030 seconds
39.372: [GC [PSYoungGen: 7456K->320K(8192K)] 24880K->17744K(26112K), 0.0003820 secs] [Times: user=0.00 sys=0.00, real=0.00 secs] 
39.373: Total time for which application threads were stopped: 0.0004780 seconds, Stopping threads took: 0.0000470 seconds
39.412: Application time: 0.0390200 seconds
39.413: [GC [PSYoungGen: 7488K->272K(8192K)] 24912K->17808K(26112K), 0.0004520 secs] [Times: user=0.00 sys=0.00, real=0.00 secs] 
39.413: Total time for which application threads were stopped: 0.0016100 seconds, Stopping threads took: 0.0011070 seconds
39.452: Application time: 0.0387440 seconds
39.452: [GC [PSYoungGen: 7440K->288K(8192K)] 24976K->17824K(26112K), 0.0003790 secs] [Times: user=0.00 sys=0.00, real=0.00 secs] 
39.452: Total time for which application threads were stopped: 0.0004790 seconds, Stopping threads took: 0.0000490 seconds
39.490: Application time: 0.0377530 seconds
39.490: [GC [PSYoungGen: 7456K->368K(8192K)] 24992K->17904K(26112K), 0.0004350 secs] [Times: user=0.00 sys=0.00, real=0.00 secs] 
39.491: Total time for which application threads were stopped: 0.0005350 seconds, Stopping threads took: 0.0000430 seconds
39.530: Application time: 0.0388780 seconds
39.530: [GC [PSYoungGen: 7536K->432K(8192K)] 25072K->17968K(26112K), 0.0004360 secs] [Times: user=0.00 sys=0.00, real=0.00 secs] 
39.530: Total time for which application threads were stopped: 0.0005250 seconds, Stopping threads took: 0.0000380 seconds
39.569: Application time: 0.0388330 seconds
39.569: [GC [PSYoungGen: 7600K->416K(8192K)] 25136K->17952K(26112K), 0.0004080 secs] [Times: user=0.00 sys=0.00, real=0.00 secs] 
39.569: Total time for which application threads were stopped: 0.0005010 seconds, Stopping threads took: 0.0000430 seconds
39.608: Application time: 0.0389410 seconds
39.608: [GC [PSYoungGen: 7584K->512K(8192K)] 25120K->18048K(26112K), 0.0004660 secs] [Times: user=0.01 sys=0.00, real=0.01 secs] 
39.609: Total time for which application threads were stopped: 0.0005580 seconds, Stopping threads took: 0.0000380 seconds
39.648: Application time: 0.0392150 seconds
39.648: [GC [PSYoungGen: 7680K->496K(8192K)] 25216K->18032K(26112K), 0.0004370 secs] [Times: user=0.00 sys=0.00, real=0.01 secs] 
39.649: Total time for which application threads were stopped: 0.0005280 seconds, Stopping threads took: 0.0000390 seconds
39.688: Application time: 0.0392220 seconds
39.688: [GC [PSYoungGen: 7664K->512K(8192K)] 25200K->18048K(26112K), 0.0004830 secs] [Times: user=0.01 sys=0.00, real=0.00 secs] 
39.689: Total time for which application threads were stopped: 0.0005790 seconds, Stopping threads took: 0.0000480 seconds
39.728: Application time: 0.0395770 seconds
39.728: [GC [PSYoungGen: 7680K->528K(8192K)] 25216K->18064K(26112K), 0.0005230 secs] [Times: user=0.00 sys=0.00, real=0.01 secs] 
39.729: Total time for which application threads were stopped: 0.0006470 seconds, Stopping threads took: 0.0000640 seconds
39.768: Application time: 0.0394510 seconds
39.768: [GC [PSYoungGen: 7696K->496K(8192K)] 25232K->18033K(26112K), 0.0004410 secs] [Times: user=0.00 sys=0.00, real=0.01 secs] 
39.769: Total time for which application threads were stopped: 0.0005340 seconds, Stopping threads took: 0.0000420 seconds
39.808: Application time: 0.0392990 seconds
39.808: [GC [PSYoungGen: 7664K->512K(8192K)] 25201K->18048K(26112K), 0.0004510 secs] [Times: user=0.00 sys=0.00, real=0.00 secs] 
39.809: Total time for which application threads were stopped: 0.0005530 seconds, Stopping threads took: 0.0000500 seconds
39.848: Application time: 0.0391630 seconds
39.848: [GC [PSYoungGen: 7680K->496K(8192K)] 25216K->18032K(26112K), 0.0004480 secs] [Times: user=0.00 sys=0.00, real=0.00 secs] 
39.848: Total time for which application threads were stopped: 0.0005390 seconds, Stopping threads took: 0.0000430 seconds
39.887: Application time: 0.0388210 seconds
39.887: [GC [PSYoungGen: 7664K->496K(8192K)] 25200K->18032K(26112K), 0.0004650 secs] [Times: user=0.00 sys=0.00, real=0.00 secs] 
39.888: Total time for which application threads were stopped: 0.0005580 seconds, Stopping threads took: 0.0000420 seconds
39.926: Application time: 0.0388180 seconds
39.927: [GC [PSYoungGen: 7664K->528K(8192K)] 25200K->18064K(26112K), 0.0004330 secs] [Times: user=0.00 sys=0.00, real=0.00 secs] 
39.927: Total time for which application threads were stopped: 0.0005450 seconds, Stopping threads took: 0.0000520 seconds
39.966: Application time: 0.0390690 seconds
39.966: [GC [PSYoungGen: 7696K->512K(8192K)] 25232K->18048K(26112K), 0.0004260 secs] [Times: user=0.00 sys=0.00, real=0.00 secs] 
39.967: Total time for which application threads were stopped: 0.0005210 seconds, Stopping threads took: 0.0000430 seconds
40.006: Application time: 0.0397190 seconds
40.006: [GC [PSYoungGen: 7680K->480K(8192K)] 25216K->18088K(26112K), 0.0004750 secs] [Times: user=0.00 sys=0.00, real=0.00 secs] 
40.007: Total time for which application threads were stopped: 0.0005730 seconds, Stopping threads took: 0.0000370 seconds
40.046: Application time: 0.0394800 seconds
40.046: [GC [PSYoungGen: 7648K->432K(8192K)] 25256K->18097K(26112K), 0.0004230 secs] [Times: user=0.00 sys=0.00, real=0.00 secs] 
40.047: Total time for which application threads were stopped: 0.0005150 seconds, Stopping threads took: 0.0000410 seconds
40.088: Application time: 0.0407780 seconds
40.088: [GC [PSYoungGen: 7600K->336K(8192K)] 25265K->18121K(26112K), 0.0005040 secs] [Times: user=0.00 sys=0.00, real=0.00 secs] 
40.088: [Full GC [PSYoungGen: 336K->0K(8192K)] [ParOldGen: 17785K->1710K(17920K)] 18121K->1710K(26112K) [PSPermGen: 6047K->6041K(21504K)], 0.0100750 secs] [Times: user=0.04 sys=0.00, real=0.02 secs] 
40.098: Total time for which application threads were stopped: 0.0107350 seconds, Stopping threads took: 0.0000490 seconds
40.138: Application time: 0.0392390 seconds
40.138: [GC [PSYoungGen: 7168K->256K(8192K)] 8878K->1966K(26112K), 0.0003810 secs] [Times: user=0.00 sys=0.00, real=0.00 secs] 
40.138: Total time for which application threads were stopped: 0.0004900 seconds, Stopping threads took: 0.0000490 seconds
40.177: Application time: 0.0392040 seconds
40.177: [GC [PSYoungGen: 7424K->256K(8192K)] 9134K->1966K(26112K), 0.0003250 secs] [Times: user=0.00 sys=0.00, real=0.00 secs] 
40.178: Total time for which application threads were stopped: 0.0004220 seconds, Stopping threads took: 0.0000460 seconds
40.218: Application time: 0.0398860 seconds
40.218: [GC [PSYoungGen: 7424K->272K(8192K)] 9134K->1982K(26112K), 0.0003460 secs] [Times: user=0.00 sys=0.00, real=0.00 secs] 
40.218: Total time for which application threads were stopped: 0.0004560 seconds, Stopping threads took: 0.0000560 seconds
40.256: Application time: 0.0382820 seconds
40.257: [GC [PSYoungGen: 7440K->256K(8192K)] 9150K->1966K(26112K), 0.0003530 secs] [Times: user=0.00 sys=0.00, real=0.01 secs] 
40.257: Total time for which application threads were stopped: 0.0004450 seconds, Stopping threads took: 0.0000420 seconds
40.295: Application time: 0.0381450 seconds
40.295: [GC [PSYoungGen: 7424K->368K(8192K)] 9134K->2078K(26112K), 0.0004130 secs] [Times: user=0.00 sys=0.00, real=0.00 secs] 
40.296: Total time for which application threads were stopped: 0.0004990 seconds, Stopping threads took: 0.0000370 seconds
40.334: Application time: 0.0386530 seconds
40.334: [GC [PSYoungGen: 7536K->400K(8192K)] 9246K->2110K(26112K), 0.0003860 secs] [Times: user=0.00 sys=0.00, real=0.00 secs] 
40.335: Total time for which application threads were stopped: 0.0004770 seconds, Stopping threads took: 0.0000420 seconds
40.373: Application time: 0.0387370 seconds
40.373: [GC [PSYoungGen: 7568K->528K(8192K)] 9278K->2238K(26112K), 0.0004060 secs] [Times: user=0.00 sys=0.00, real=0.00 secs] 
40.374: Total time for which application threads were stopped: 0.0004950 seconds, Stopping threads took: 0.0000420 seconds
40.413: Application time: 0.0392540 seconds
40.413: [GC [PSYoungGen: 7696K->496K(8192K)] 9406K->2206K(26112K), 0.0004320 secs] [Times: user=0.00 sys=0.00, real=0.00 secs] 
40.414: Total time for which application threads were stopped: 0.0005240 seconds, Stopping threads took: 0.0000420 seconds
40.453: Application time: 0.0393900 seconds
40.453: [GC [PSYoungGen: 7664K->480K(8192K)] 9374K->2191K(26112K), 0.0004380 secs] [Times: user=0.00 sys=0.00, real=0.00 secs] 
40.454: Total time for which application threads were stopped: 0.0005360 seconds, Stopping threads took: 0.0000510 seconds
40.493: Application time: 0.0392970 seconds
40.493: [GC [PSYoungGen: 7648K->480K(8192K)] 9359K->2190K(26112K), 0.0004170 secs] [Times: user=0.00 sys=0.00, real=0.00 secs] 
40.493: Total time for which application threads were stopped: 0.0005140 seconds, Stopping threads took: 0.0000470 seconds
40.533: Application time: 0.0393940 seconds
40.533: [GC [PSYoungGen: 7648K->480K(8192K)] 9358K->2190K(26112K), 0.0004370 secs] [Times: user=0.01 sys=0.00, real=0.00 secs] 
40.533: Total time for which application threads were stopped: 0.0005330 seconds, Stopping threads took: 0.0000380 seconds
40.573: Application time: 0.0394260 seconds
40.573: [GC [PSYoungGen: 7648K->512K(8192K)] 9358K->2222K(26112K), 0.0004130 secs] [Times: user=0.00 sys=0.00, real=0.00 secs] 
40.573: Total time for which application threads were stopped: 0.0005060 seconds, Stopping threads took: 0.0000400 seconds
40.613: Application time: 0.0392540 seconds
40.613: [GC [PSYoungGen: 7680K->528K(8192K)] 9390K->2238K(26112K), 0.0004010 secs] [Times: user=0.00 sys=0.00, real=0.00 secs] 
40.613: Total time for which application threads were stopped: 0.0004970 seconds, Stopping threads took: 0.0000460 seconds
40.652: Application time: 0.0394020 seconds
40.653: [GC [PSYoungGen: 7696K->512K(8192K)] 9406K->2222K(26112K), 0.0004120 secs] [Times: user=0.00 sys=0.00, real=0.00 secs] 
40.653: Total time for which application threads were stopped: 0.0005040 seconds, Stopping threads took: 0.0000400 seconds
40.692: Application time: 0.0391140 seconds
40.692: [GC [PSYoungGen: 7680K->528K(8192K)] 9390K->2238K(26112K), 0.0004540 secs] [Times: user=0.00 sys=0.00, real=0.00 secs] 
40.694: Total time for which application threads were stopped: 0.0016270 seconds, Stopping threads took: 0.0000410 seconds
40.733: Application time: 0.0392550 seconds
40.733: [GC [PSYoungGen: 7696K->496K(8192K)] 9406K->2222K(26112K), 0.0004450 secs] [Times: user=0.00 sys=0.00, real=0.00 secs] 
40.733: Total time for which application threads were stopped: 0.0005450 seconds, Stopping threads took: 0.0000450 seconds
40.773: Application time: 0.0390870 seconds
40.773: [GC [PSYoungGen: 7664K->528K(8192K)] 9390K->2254K(26112K), 0.0004190 secs] [Times: user=0.00 sys=0.00, real=0.00 secs] 
40.773: Total time for which application threads were stopped: 0.0005310 seconds, Stopping threads took: 0.0000610 seconds
40.812: Application time: 0.0392830 seconds
40.812: [GC [PSYoungGen: 7696K->448K(8192K)] 9422K->2222K(26112K), 0.0004340 secs] [Times: user=0.00 sys=0.00, real=0.00 secs] 
40.813: Total time for which application threads were stopped: 0.0005230 seconds, Stopping threads took: 0.0000420 seconds
40.852: Application time: 0.0391500 seconds
40.852: [GC [PSYoungGen: 7616K->368K(8192K)] 9390K->2231K(26112K), 0.0004710 secs] [Times: user=0.00 sys=0.00, real=0.00 secs] 
40.853: Total time for which application threads were stopped: 0.0005690 seconds, Stopping threads took: 0.0000490 seconds
40.892: Application time: 0.0392340 seconds
40.892: [GC [PSYoungGen: 7536K->304K(8192K)] 9399K->2255K(26112K), 0.0004000 secs] [Times: user=0.00 sys=0.00, real=0.00 secs] 
40.892: Total time for which application threads were stopped: 0.0004940 seconds, Stopping threads took: 0.0000440 seconds
40.932: Application time: 0.0392290 seconds
40.932: [GC [PSYoungGen: 7472K->288K(8192K)] 9423K->2279K(26112K), 0.0004000 secs] [Times: user=0.00 sys=0.00, real=0.00 secs] 
40.932: Total time for which application threads were stopped: 0.0004950 seconds, Stopping threads took: 0.0000460 seconds
40.971: Application time: 0.0392730 seconds
40.971: [GC [PSYoungGen: 7456K->240K(8192K)] 9447K->2319K(26112K), 0.0003940 secs] [Times: user=0.00 sys=0.00, real=0.00 secs] 
40.972: Total time for which application threads were stopped: 0.0004790 seconds, Stopping threads took: 0.0000370 seconds
41.011: Application time: 0.0390400 seconds
41.011: [GC [PSYoungGen: 7408K->256K(8192K)] 9487K->2335K(26112K), 0.0003560 secs] [Times: user=0.00 sys=0.00, real=0.00 secs] 
41.011: Total time for which application threads were stopped: 0.0004460 seconds, Stopping threads took: 0.0000430 seconds
41.049: Application time: 0.0377520 seconds
41.049: [GC [PSYoungGen: 7424K->352K(8192K)] 9503K->2431K(26112K), 0.0004280 secs] [Times: user=0.00 sys=0.00, real=0.00 secs] 
41.050: Total time for which application threads were stopped: 0.0005310 seconds, Stopping threads took: 0.0000440 seconds
41.088: Application time: 0.0387120 seconds
41.088: [GC [PSYoungGen: 7520K->400K(8192K)] 9599K->2479K(26112K), 0.0004600 secs] [Times: user=0.00 sys=0.00, real=0.01 secs] 
41.089: Total time for which application threads were stopped: 0.0005500 seconds, Stopping threads took: 0.0000430 seconds
41.128: Application time: 0.0387880 seconds
41.128: [GC [PSYoungGen: 7568K->432K(8192K)] 9647K->2511K(26112K), 0.0004570 secs] [Times: user=0.00 sys=0.00, real=0.00 secs] 
41.128: Total time for which application threads were stopped: 0.0005470 seconds, Stopping threads took: 0.0000430 seconds
41.167: Application time: 0.0382740 seconds
41.167: [GC [PSYoungGen: 7600K->512K(8192K)] 9679K->2591K(26112K), 0.0004080 secs] [Times: user=0.00 sys=0.00, real=0.00 secs] 
41.167: Total time for which application threads were stopped: 0.0005000 seconds, Stopping threads took: 0.0000400 seconds
41.206: Application time: 0.0392750 seconds
41.206: [GC [PSYoungGen: 7680K->480K(8192K)] 9759K->2559K(26112K), 0.0004640 secs] [Times: user=0.00 sys=0.00, real=0.00 secs] 
41.207: Total time for which application threads were stopped: 0.0005540 seconds, Stopping threads took: 0.0000380 seconds
41.246: Application time: 0.0393100 seconds
41.246: [GC [PSYoungGen: 7648K->528K(8192K)] 9727K->2607K(26112K), 0.0004060 secs] [Times: user=0.00 sys=0.00, real=0.00 secs] 
41.247: Total time for which application threads were stopped: 0.0004930 seconds, Stopping threads took: 0.0000370 seconds
41.286: Application time: 0.0392520 seconds
41.286: [GC [PSYoungGen: 7696K->512K(8192K)] 9775K->2591K(26112K), 0.0004490 secs] [Times: user=0.01 sys=0.00, real=0.00 secs] 
41.286: Total time for which application threads were stopped: 0.0005370 seconds, Stopping threads took: 0.0000380 seconds
41.326: Application time: 0.0397850 seconds
41.326: [GC [PSYoungGen: 7680K->480K(8192K)] 9759K->2559K(26112K), 0.0004060 secs] [Times: user=0.00 sys=0.00, real=0.00 secs] 
41.327: Total time for which application threads were stopped: 0.0005070 seconds, Stopping threads took: 0.0000510 seconds
41.366: Application time: 0.0393600 seconds
41.366: [GC [PSYoungGen: 7648K->496K(8192K)] 9727K->2575K(26112K), 0.0004360 secs] [Times: user=0.00 sys=0.00, real=0.00 secs] 
41.367: Total time for which application threads were stopped: 0.0005380 seconds, Stopping threads took: 0.0000510 seconds
41.406: Application time: 0.0392580 seconds
41.406: [GC [PSYoungGen: 7664K->480K(8192K)] 9743K->2559K(26112K), 0.0005070 secs] [Times: user=0.01 sys=0.00, real=0.00 secs] 
41.406: Total time for which application threads were stopped: 0.0006010 seconds, Stopping threads took: 0.0000430 seconds
41.446: Application time: 0.0392130 seconds
41.446: [GC [PSYoungGen: 7648K->496K(8192K)] 9727K->2575K(26112K), 0.0004060 secs] [Times: user=0.00 sys=0.00, real=0.00 secs] 
41.446: Total time for which application threads were stopped: 0.0004960 seconds, Stopping threads took: 0.0000390 seconds
41.485: Application time: 0.0392070 seconds
41.485: [GC [PSYoungGen: 7664K->464K(8192K)] 9743K->2543K(26112K), 0.0003960 secs] [Times: user=0.00 sys=0.00, real=0.00 secs] 
41.486: Total time for which application threads were stopped: 0.0004790 seconds, Stopping threads took: 0.0000380 seconds
41.525: Application time: 0.0393630 seconds
41.529: [GC [PSYoungGen: 7632K->480K(8192K)] 9711K->2559K(26112K), 0.0004780 secs] [Times: user=0.00 sys=0.00, real=0.00 secs] 
41.529: Total time for which application threads were stopped: 0.0039930 seconds, Stopping threads took: 0.0034610 seconds
41.570: Application time: 0.0404920 seconds
41.570: [GC [PSYoungGen: 7648K->528K(8192K)] 9727K->2607K(26112K), 0.0004330 secs] [Times: user=0.00 sys=0.00, real=0.00 secs] 
41.570: Total time for which application threads were stopped: 0.0005610 seconds, Stopping threads took: 0.0000570 seconds
41.610: Application time: 0.0394090 seconds
41.610: [GC [PSYoungGen: 7696K->464K(8192K)] 9775K->2599K(26112K), 0.0004480 secs] [Times: user=0.00 sys=0.00, real=0.00 secs] 
41.610: Total time for which application threads were stopped: 0.0005410 seconds, Stopping threads took: 0.0000460 seconds
41.650: Application time: 0.0393190 seconds
41.650: [GC [PSYoungGen: 7632K->352K(8192K)] 9767K->2607K(26112K), 0.0004330 secs] [Times: user=0.00 sys=0.00, real=0.00 secs] 
41.650: Total time for which application threads were stopped: 0.0005210 seconds, Stopping threads took: 0.0000420 seconds
41.689: Application time: 0.0393110 seconds
41.689: [GC [PSYoungGen: 7520K->304K(8192K)] 9775K->2599K(26112K), 0.0003570 secs] [Times: user=0.01 sys=0.00, real=0.00 secs] 
41.690: Total time for which application threads were stopped: 0.0004480 seconds, Stopping threads took: 0.0000420 seconds
41.730: Application time: 0.0405990 seconds
41.731: [GC [PSYoungGen: 7472K->288K(8192K)] 9767K->2631K(26112K), 0.0004290 secs] [Times: user=0.00 sys=0.00, real=0.00 secs] 
41.731: Total time for which application threads were stopped: 0.0005400 seconds, Stopping threads took: 0.0000530 seconds
41.770: Application time: 0.0391050 seconds
41.770: [GC [PSYoungGen: 7456K->240K(8192K)] 9799K->2683K(26112K), 0.0003830 secs] [Times: user=0.00 sys=0.00, real=0.00 secs] 
41.771: Total time for which application threads were stopped: 0.0004770 seconds, Stopping threads took: 0.0000440 seconds
41.809: Application time: 0.0381360 seconds
41.809: [GC [PSYoungGen: 7408K->336K(8192K)] 9851K->2779K(26112K), 0.0003570 secs] [Times: user=0.00 sys=0.00, real=0.00 secs] 
41.809: Total time for which application threads were stopped: 0.0004500 seconds, Stopping threads took: 0.0000440 seconds
41.848: Application time: 0.0386100 seconds
41.848: [GC [PSYoungGen: 7504K->384K(8192K)] 9947K->2827K(26112K), 0.0003920 secs] [Times: user=0.00 sys=0.00, real=0.00 secs] 
41.848: Total time for which application threads were stopped: 0.0004820 seconds, Stopping threads took: 0.0000430 seconds
41.887: Application time: 0.0387300 seconds
41.887: [GC [PSYoungGen: 7552K->416K(8192K)] 9995K->2859K(26112K), 0.0003910 secs] [Times: user=0.01 sys=0.00, real=0.00 secs] 
41.887: Total time for which application threads were stopped: 0.0004820 seconds, Stopping threads took: 0.0000440 seconds
41.926: Application time: 0.0388600 seconds
41.926: [GC [PSYoungGen: 7584K->400K(8192K)] 10027K->2843K(26112K), 0.0003850 secs] [Times: user=0.01 sys=0.00, real=0.00 secs] 
41.927: Total time for which application threads were stopped: 0.0004730 seconds, Stopping threads took: 0.0000430 seconds
41.965: Application time: 0.0380890 seconds
41.965: [GC [PSYoungGen: 7568K->512K(8192K)] 10011K->2955K(26112K), 0.0004420 secs] [Times: user=0.00 sys=0.00, real=0.00 secs] 
41.965: Total time for which application threads were stopped: 0.0005390 seconds, Stopping threads took: 0.0000490 seconds
42.005: Application time: 0.0394320 seconds
42.005: [GC [PSYoungGen: 7680K->528K(8192K)] 10123K->2971K(26112K), 0.0004060 secs] [Times: user=0.00 sys=0.00, real=0.00 secs] 
42.005: Total time for which application threads were stopped: 0.0004910 seconds, Stopping threads took: 0.0000390 seconds
42.045: Application time: 0.0393490 seconds
42.045: [GC [PSYoungGen: 7696K->544K(8192K)] 10139K->2987K(26112K), 0.0003920 secs] [Times: user=0.00 sys=0.00, real=0.00 secs] 
42.045: Total time for which application threads were stopped: 0.0004770 seconds, Stopping threads took: 0.0000360 seconds
42.085: Application time: 0.0393110 seconds
42.085: [GC [PSYoungGen: 7712K->512K(8192K)] 10155K->2955K(26112K), 0.0004700 secs] [Times: user=0.00 sys=0.00, real=0.00 secs] 
42.085: Total time for which application threads were stopped: 0.0005820 seconds, Stopping threads took: 0.0000490 seconds
42.124: Application time: 0.0393030 seconds
42.124: [GC [PSYoungGen: 7680K->512K(8192K)] 10123K->2955K(26112K), 0.0004630 secs] [Times: user=0.00 sys=0.00, real=0.00 secs] 
42.125: Total time for which application threads were stopped: 0.0005800 seconds, Stopping threads took: 0.0000550 seconds
42.164: Application time: 0.0393090 seconds
42.164: [GC [PSYoungGen: 7680K->480K(8192K)] 10123K->2923K(26112K), 0.0004180 secs] [Times: user=0.00 sys=0.00, real=0.00 secs] 
42.165: Total time for which application threads were stopped: 0.0005210 seconds, Stopping threads took: 0.0000510 seconds
42.204: Application time: 0.0391930 seconds
42.204: [GC [PSYoungGen: 7648K->464K(8192K)] 10091K->2907K(26112K), 0.0003960 secs] [Times: user=0.00 sys=0.00, real=0.00 secs] 
42.205: Total time for which application threads were stopped: 0.0004940 seconds, Stopping threads took: 0.0000430 seconds
42.244: Application time: 0.0391530 seconds
42.245: [GC [PSYoungGen: 7632K->480K(8192K)] 10075K->2923K(26112K), 0.0004070 secs] [Times: user=0.00 sys=0.00, real=0.00 secs] 
42.245: Total time for which application threads were stopped: 0.0014970 seconds, Stopping threads took: 0.0010430 seconds
42.284: Application time: 0.0391990 seconds
42.284: [GC [PSYoungGen: 7648K->480K(8192K)] 10091K->2923K(26112K), 0.0004080 secs] [Times: user=0.00 sys=0.00, real=0.00 secs] 
42.285: Total time for which application threads were stopped: 0.0004980 seconds, Stopping threads took: 0.0000400 seconds
42.324: Application time: 0.0392870 seconds
42.324: [GC [PSYoungGen: 7648K->480K(8192K)] 10091K->2923K(26112K), 0.0004000 secs] [Times: user=0.00 sys=0.00, real=0.00 secs] 
42.325: Total time for which application threads were stopped: 0.0004990 seconds, Stopping threads took: 0.0000500 seconds
42.364: Application time: 0.0393950 seconds
42.364: [GC [PSYoungGen: 7648K->480K(8192K)] 10091K->2971K(26112K), 0.0004220 secs] [Times: user=0.00 sys=0.00, real=0.00 secs] 
42.365: Total time for which application threads were stopped: 0.0005170 seconds, Stopping threads took: 0.0000460 seconds
42.404: Application time: 0.0393130 seconds
42.404: [GC [PSYoungGen: 7648K->416K(8192K)] 10139K->2999K(26112K), 0.0003990 secs] [Times: user=0.00 sys=0.00, real=0.00 secs] 
42.404: Total time for which application threads were stopped: 0.0004920 seconds, Stopping threads took: 0.0000420 seconds
42.444: Application time: 0.0392160 seconds
42.444: [GC [PSYoungGen: 7584K->400K(8192K)] 10167K->3031K(26112K), 0.0003840 secs] [Times: user=0.00 sys=0.00, real=0.00 secs] 
42.444: Total time for which application threads were stopped: 0.0004840 seconds, Stopping threads took: 0.0000480 seconds
42.483: Application time: 0.0392450 seconds
42.483: [GC [PSYoungGen: 7568K->336K(8192K)] 10199K->3023K(26112K), 0.0004600 secs] [Times: user=0.01 sys=0.00, real=0.00 secs] 
42.484: Total time for which application threads were stopped: 0.0005600 seconds, Stopping threads took: 0.0000500 seconds
42.523: Application time: 0.0392430 seconds
42.523: [GC [PSYoungGen: 7504K->320K(8192K)] 10191K->3047K(26112K), 0.0003510 secs] [Times: user=0.00 sys=0.00, real=0.00 secs] 
42.524: Total time for which application threads were stopped: 0.0004340 seconds, Stopping threads took: 0.0000360 seconds
42.562: Application time: 0.0389220 seconds
42.563: [GC [PSYoungGen: 7488K->272K(8192K)] 10215K->3087K(26112K), 0.0003730 secs] [Times: user=0.00 sys=0.00, real=0.00 secs] 
42.563: Total time for which application threads were stopped: 0.0004680 seconds, Stopping threads took: 0.0000460 seconds
42.601: Application time: 0.0384840 seconds
42.602: [GC [PSYoungGen: 7440K->288K(8192K)] 10255K->3103K(26112K), 0.0003550 secs] [Times: user=0.00 sys=0.00, real=0.00 secs] 
42.602: Total time for which application threads were stopped: 0.0004560 seconds, Stopping threads took: 0.0000390 seconds
42.640: Application time: 0.0378650 seconds
42.640: [GC [PSYoungGen: 7456K->400K(8192K)] 10271K->3215K(26112K), 0.0004260 secs] [Times: user=0.00 sys=0.00, real=0.00 secs] 
42.640: Total time for which application threads were stopped: 0.0005220 seconds, Stopping threads took: 0.0000450 seconds
42.680: Application time: 0.0396910 seconds
42.680: [GC [PSYoungGen: 7568K->368K(8192K)] 10383K->3183K(26112K), 0.0003720 secs] [Times: user=0.00 sys=0.00, real=0.00 secs] 
42.680: Total time for which application threads were stopped: 0.0004820 seconds, Stopping threads took: 0.0000530 seconds
42.720: Application time: 0.0391310 seconds
42.720: [GC [PSYoungGen: 7536K->416K(8192K)] 10351K->3231K(26112K), 0.0004490 secs] [Times: user=0.00 sys=0.00, real=0.00 secs] 
42.720: Total time for which application threads were stopped: 0.0005690 seconds, Stopping threads took: 0.0000590 seconds
42.758: Application time: 0.0379200 seconds
42.758: [GC [PSYoungGen: 7584K->496K(8192K)] 10399K->3311K(26112K), 0.0004050 secs] [Times: user=0.00 sys=0.00, real=0.00 secs] 
42.759: Total time for which application threads were stopped: 0.0005010 seconds, Stopping threads took: 0.0000460 seconds
42.798: Application time: 0.0393390 seconds
42.798: [GC [PSYoungGen: 7664K->512K(8192K)] 10479K->3327K(26112K), 0.0003950 secs] [Times: user=0.00 sys=0.00, real=0.00 secs] 
42.798: Total time for which application threads were stopped: 0.0004850 seconds, Stopping threads took: 0.0000390 seconds
42.838: Application time: 0.0393760 seconds
42.838: [GC [PSYoungGen: 7680K->512K(8192K)] 10495K->3327K(26112K), 0.0003890 secs] [Times: user=0.01 sys=0.00, real=0.00 secs] 
42.838: Total time for which application threads were stopped: 0.0004880 seconds, Stopping threads took: 0.0000510 seconds
42.878: Application time: 0.0393590 seconds
42.878: [GC [PSYoungGen: 7680K->544K(8192K)] 10495K->3359K(26112K), 0.0004020 secs] [Times: user=0.00 sys=0.00, real=0.00 secs] 
42.878: Total time for which application threads were stopped: 0.0004960 seconds, Stopping threads took: 0.0000460 seconds
42.918: Application time: 0.0398370 seconds
42.918: [GC [PSYoungGen: 7712K->464K(8192K)] 10527K->3279K(26112K), 0.0004160 secs] [Times: user=0.00 sys=0.00, real=0.00 secs] 
42.918: Total time for which application threads were stopped: 0.0005110 seconds, Stopping threads took: 0.0000490 seconds
42.958: Application time: 0.0390730 seconds
42.958: [GC [PSYoungGen: 7632K->512K(8192K)] 10447K->3327K(26112K), 0.0004420 secs] [Times: user=0.00 sys=0.00, real=0.00 secs] 
42.958: Total time for which application threads were stopped: 0.0005280 seconds, Stopping threads took: 0.0000380 seconds
42.997: Application time: 0.0390470 seconds
42.997: [GC [PSYoungGen: 7680K->512K(8192K)] 10495K->3327K(26112K), 0.0003970 secs] [Times: user=0.00 sys=0.00, real=0.00 secs] 
42.998: Total time for which application threads were stopped: 0.0004950 seconds, Stopping threads took: 0.0000470 seconds
43.037: Application time: 0.0392350 seconds
43.037: [GC [PSYoungGen: 7680K->528K(8192K)] 10495K->3343K(26112K), 0.0004030 secs] [Times: user=0.00 sys=0.00, real=0.00 secs] 
43.037: Total time for which application threads were stopped: 0.0005020 seconds, Stopping threads took: 0.0000470 seconds
43.077: Application time: 0.0396180 seconds
43.079: [GC [PSYoungGen: 7696K->496K(8192K)] 10511K->3311K(26112K), 0.0004790 secs] [Times: user=0.00 sys=0.00, real=0.00 secs] 
43.080: Total time for which application threads were stopped: 0.0027030 seconds, Stopping threads took: 0.0021650 seconds
43.119: Application time: 0.0392890 seconds
43.119: [GC [PSYoungGen: 7664K->480K(8192K)] 10479K->3295K(26112K), 0.0004020 secs] [Times: user=0.00 sys=0.00, real=0.00 secs] 
43.120: Total time for which application threads were stopped: 0.0005120 seconds, Stopping threads took: 0.0000510 seconds
43.159: Application time: 0.0391620 seconds
43.159: [GC [PSYoungGen: 7648K->464K(8192K)] 10463K->3319K(26112K), 0.0004530 secs] [Times: user=0.00 sys=0.00, real=0.00 secs] 
43.159: Total time for which application threads were stopped: 0.0005400 seconds, Stopping threads took: 0.0000370 seconds
43.198: Application time: 0.0392080 seconds
43.198: [GC [PSYoungGen: 7632K->416K(8192K)] 10487K->3335K(26112K), 0.0004710 secs] [Times: user=0.01 sys=0.00, real=0.00 secs] 
43.199: Total time for which application threads were stopped: 0.0005630 seconds, Stopping threads took: 0.0000430 seconds
43.240: Application time: 0.0405740 seconds
43.240: [GC [PSYoungGen: 7584K->368K(8192K)] 10503K->3419K(26112K), 0.0004180 secs] [Times: user=0.00 sys=0.00, real=0.00 secs] 
43.240: Total time for which application threads were stopped: 0.0005210 seconds, Stopping threads took: 0.0000510 seconds
43.280: Application time: 0.0394660 seconds
43.280: [GC [PSYoungGen: 7536K->336K(8192K)] 10587K->3387K(26112K), 0.0003670 secs] [Times: user=0.00 sys=0.00, real=0.00 secs] 
43.280: Total time for which application threads were stopped: 0.0004610 seconds, Stopping threads took: 0.0000460 seconds
43.319: Application time: 0.0392900 seconds
43.319: [GC [PSYoungGen: 7504K->320K(8192K)] 10555K->3411K(26112K), 0.0003590 secs] [Times: user=0.00 sys=0.00, real=0.00 secs] 
43.320: Total time for which application threads were stopped: 0.0004490 seconds, Stopping threads took: 0.0000420 seconds
43.359: Application time: 0.0390590 seconds
43.361: [GC [PSYoungGen: 7488K->272K(8192K)] 10579K->3451K(26112K), 0.0003960 secs] [Times: user=0.01 sys=0.00, real=0.00 secs] 
43.361: Total time for which application threads were stopped: 0.0023630 seconds, Stopping threads took: 0.0019180 seconds
43.400: Application time: 0.0384740 seconds
43.400: [GC [PSYoungGen: 7440K->336K(8192K)] 10619K->3515K(26112K), 0.0003740 secs] [Times: user=0.00 sys=0.00, real=0.00 secs] 
43.400: Total time for which application threads were stopped: 0.0004680 seconds, Stopping threads took: 0.0000440 seconds
43.438: Application time: 0.0381460 seconds
43.438: [GC [PSYoungGen: 7504K->400K(8192K)] 10683K->3580K(26112K), 0.0003850 secs] [Times: user=0.00 sys=0.00, real=0.00 secs] 
43.439: Total time for which application threads were stopped: 0.0004800 seconds, Stopping threads took: 0.0000400 seconds
43.478: Application time: 0.0392220 seconds
43.478: [GC [PSYoungGen: 7568K->384K(8192K)] 10748K->3563K(26112K), 0.0003950 secs] [Times: user=0.00 sys=0.00, real=0.00 secs] 
43.478: Total time for which application threads were stopped: 0.0004880 seconds, Stopping threads took: 0.0000430 seconds
43.517: Application time: 0.0383930 seconds
43.517: [GC [PSYoungGen: 7552K->464K(8192K)] 10731K->3644K(26112K), 0.0004050 secs] [Times: user=0.00 sys=0.00, real=0.00 secs] 
43.517: Total time for which application threads were stopped: 0.0004990 seconds, Stopping threads took: 0.0000400 seconds
43.556: Application time: 0.0387980 seconds
43.556: [GC [PSYoungGen: 7632K->528K(8192K)] 10812K->3707K(26112K), 0.0004700 secs] [Times: user=0.00 sys=0.00, real=0.01 secs] 
43.557: Total time for which application threads were stopped: 0.0005660 seconds, Stopping threads took: 0.0000440 seconds
43.596: Application time: 0.0392810 seconds
43.596: [GC [PSYoungGen: 7696K->496K(8192K)] 10875K->3675K(26112K), 0.0004050 secs] [Times: user=0.00 sys=0.00, real=0.00 secs] 
43.597: Total time for which application threads were stopped: 0.0004960 seconds, Stopping threads took: 0.0000420 seconds
43.636: Application time: 0.0395220 seconds
43.636: [GC [PSYoungGen: 7664K->512K(8192K)] 10843K->3691K(26112K), 0.0004090 secs] [Times: user=0.01 sys=0.00, real=0.00 secs] 
43.637: Total time for which application threads were stopped: 0.0005170 seconds, Stopping threads took: 0.0000500 seconds
43.676: Application time: 0.0392670 seconds
43.676: [GC [PSYoungGen: 7680K->480K(8192K)] 10859K->3659K(26112K), 0.0004210 secs] [Times: user=0.00 sys=0.00, real=0.00 secs] 
43.676: Total time for which application threads were stopped: 0.0005140 seconds, Stopping threads took: 0.0000430 seconds
43.716: Application time: 0.0394220 seconds
43.716: [GC [PSYoungGen: 7648K->480K(8192K)] 10827K->3659K(26112K), 0.0004540 secs] [Times: user=0.01 sys=0.00, real=0.00 secs] 
43.716: Total time for which application threads were stopped: 0.0005800 seconds, Stopping threads took: 0.0000670 seconds
43.756: Application time: 0.0393040 seconds
43.757: [GC [PSYoungGen: 7648K->480K(8192K)] 10827K->3660K(26112K), 0.0004010 secs] [Times: user=0.00 sys=0.00, real=0.00 secs] 
43.757: Total time for which application threads were stopped: 0.0015260 seconds, Stopping threads took: 0.0010750 seconds
43.796: Application time: 0.0391890 seconds
43.796: [GC [PSYoungGen: 7648K->496K(8192K)] 10828K->3676K(26112K), 0.0004270 secs] [Times: user=0.00 sys=0.00, real=0.01 secs] 
43.797: Total time for which application threads were stopped: 0.0005200 seconds, Stopping threads took: 0.0000470 seconds
43.836: Application time: 0.0392090 seconds
43.836: [GC [PSYoungGen: 7664K->464K(8192K)] 10844K->3644K(26112K), 0.0003970 secs] [Times: user=0.00 sys=0.00, real=0.00 secs] 
43.837: Total time for which application threads were stopped: 0.0004890 seconds, Stopping threads took: 0.0000430 seconds
43.876: Application time: 0.0392740 seconds
43.876: [GC [PSYoungGen: 7632K->496K(8192K)] 10812K->3676K(26112K), 0.0003980 secs] [Times: user=0.01 sys=0.00, real=0.00 secs] 
43.876: Total time for which application threads were stopped: 0.0004930 seconds, Stopping threads took: 0.0000430 seconds
43.915: Application time: 0.0389760 seconds
43.915: [GC [PSYoungGen: 7664K->464K(8192K)] 10844K->3644K(26112K), 0.0004550 secs] [Times: user=0.01 sys=0.00, real=0.00 secs] 
43.916: Total time for which application threads were stopped: 0.0005460 seconds, Stopping threads took: 0.0000420 seconds
43.955: Application time: 0.0392460 seconds
43.955: [GC [PSYoungGen: 7632K->480K(8192K)] 10812K->3715K(26112K), 0.0004010 secs] [Times: user=0.00 sys=0.00, real=0.00 secs] 
43.956: Total time for which application threads were stopped: 0.0004880 seconds, Stopping threads took: 0.0000380 seconds
43.995: Application time: 0.0392330 seconds
43.995: [GC [PSYoungGen: 7648K->400K(8192K)] 10883K->3716K(26112K), 0.0004040 secs] [Times: user=0.01 sys=0.00, real=0.00 secs] 
43.995: Total time for which application threads were stopped: 0.0004990 seconds, Stopping threads took: 0.0000480 seconds
44.035: Application time: 0.0393120 seconds
44.035: [GC [PSYoungGen: 7568K->320K(8192K)] 10884K->3740K(26112K), 0.0004120 secs] [Times: user=0.00 sys=0.00, real=0.00 secs] 
44.035: Total time for which application threads were stopped: 0.0005040 seconds, Stopping threads took: 0.0000420 seconds
44.074: Application time: 0.0391530 seconds
44.074: [GC [PSYoungGen: 7488K->304K(8192K)] 10908K->3724K(26112K), 0.0004070 secs] [Times: user=0.01 sys=0.00, real=0.00 secs] 
44.075: Total time for which application threads were stopped: 0.0005030 seconds, Stopping threads took: 0.0000460 seconds
44.114: Application time: 0.0387720 seconds
44.114: [GC [PSYoungGen: 7472K->288K(8192K)] 10892K->3796K(26112K), 0.0003720 secs] [Times: user=0.00 sys=0.00, real=0.00 secs] 
44.114: Total time for which application threads were stopped: 0.0004680 seconds, Stopping threads took: 0.0000440 seconds
44.154: Application time: 0.0394900 seconds
44.154: [GC [PSYoungGen: 7456K->272K(8192K)] 10964K->3844K(26112K), 0.0003520 secs] [Times: user=0.00 sys=0.00, real=0.00 secs] 
44.154: Total time for which application threads were stopped: 0.0004570 seconds, Stopping threads took: 0.0000450 seconds
44.192: Application time: 0.0381840 seconds
44.192: [GC [PSYoungGen: 7440K->400K(8192K)] 11012K->3972K(26112K), 0.0003790 secs] [Times: user=0.00 sys=0.00, real=0.00 secs] 
44.193: Total time for which application threads were stopped: 0.0004710 seconds, Stopping threads took: 0.0000390 seconds
44.232: Application time: 0.0388360 seconds
44.232: [GC [PSYoungGen: 7568K->384K(8192K)] 11140K->3956K(26112K), 0.0004040 secs] [Times: user=0.00 sys=0.00, real=0.00 secs] 
44.232: Total time for which application threads were stopped: 0.0004940 seconds, Stopping threads took: 0.0000430 seconds
44.271: Application time: 0.0393440 seconds
44.271: [GC [PSYoungGen: 7552K->352K(8192K)] 11124K->3924K(26112K), 0.0004150 secs] [Times: user=0.00 sys=0.00, real=0.00 secs] 
44.272: Total time for which application threads were stopped: 0.0005020 seconds, Stopping threads took: 0.0000420 seconds
44.310: Application time: 0.0385860 seconds
44.311: [GC [PSYoungGen: 7520K->448K(8192K)] 11092K->4020K(26112K), 0.0003970 secs] [Times: user=0.00 sys=0.00, real=0.00 secs] 
44.311: Total time for which application threads were stopped: 0.0004900 seconds, Stopping threads took: 0.0000430 seconds
44.349: Application time: 0.0383800 seconds
44.349: [GC [PSYoungGen: 7616K->560K(8192K)] 11188K->4132K(26112K), 0.0004290 secs] [Times: user=0.00 sys=0.00, real=0.00 secs] 
44.350: Total time for which application threads were stopped: 0.0005170 seconds, Stopping threads took: 0.0000390 seconds
44.390: Application time: 0.0398340 seconds
44.390: [GC [PSYoungGen: 7728K->512K(8192K)] 11300K->4084K(26112K), 0.0004160 secs] [Times: user=0.00 sys=0.00, real=0.00 secs] 
44.390: Total time for which application threads were stopped: 0.0005060 seconds, Stopping threads took: 0.0000420 seconds
44.430: Application time: 0.0393250 seconds
44.430: [GC [PSYoungGen: 7680K->528K(8192K)] 11252K->4100K(26112K), 0.0003990 secs] [Times: user=0.00 sys=0.00, real=0.00 secs] 
44.430: Total time for which application threads were stopped: 0.0004890 seconds, Stopping threads took: 0.0000410 seconds
44.469: Application time: 0.0393120 seconds
44.469: [GC [PSYoungGen: 7696K->512K(8192K)] 11268K->4084K(26112K), 0.0004510 secs] [Times: user=0.00 sys=0.00, real=0.00 secs] 
44.470: Total time for which application threads were stopped: 0.0005410 seconds, Stopping threads took: 0.0000420 seconds
44.509: Application time: 0.0393980 seconds
44.509: [GC [PSYoungGen: 7680K->464K(8192K)] 11252K->4036K(26112K), 0.0004490 secs] [Times: user=0.00 sys=0.00, real=0.00 secs] 
44.510: Total time for which application threads were stopped: 0.0005510 seconds, Stopping threads took: 0.0000500 seconds
44.549: Application time: 0.0393630 seconds
44.549: [GC [PSYoungGen: 7632K->480K(8192K)] 11204K->4052K(26112K), 0.0005000 secs] [Times: user=0.00 sys=0.00, real=0.00 secs] 
44.550: Total time for which application threads were stopped: 0.0005910 seconds, Stopping threads took: 0.0000400 seconds
44.590: Application time: 0.0401910 seconds
44.593: [GC [PSYoungGen: 7648K->512K(8192K)] 11220K->4084K(26112K), 0.0004670 secs] [Times: user=0.00 sys=0.00, real=0.00 secs] 
44.593: Total time for which application threads were stopped: 0.0032880 seconds, Stopping threads took: 0.0027680 seconds
44.632: Application time: 0.0390780 seconds
44.632: [GC [PSYoungGen: 7680K->496K(8192K)] 11252K->4068K(26112K), 0.0004830 secs] [Times: user=0.00 sys=0.00, real=0.00 secs] 
44.633: Total time for which application threads were stopped: 0.0005820 seconds, Stopping threads took: 0.0000480 seconds
44.672: Application time: 0.0391520 seconds
44.672: [GC [PSYoungGen: 7664K->512K(8192K)] 11236K->4084K(26112K), 0.0004030 secs] [Times: user=0.00 sys=0.00, real=0.00 secs] 
44.673: Total time for which application threads were stopped: 0.0005030 seconds, Stopping threads took: 0.0000440 seconds
44.712: Application time: 0.0392910 seconds
44.712: [GC [PSYoungGen: 7680K->496K(8192K)] 11252K->4124K(26112K), 0.0005010 secs] [Times: user=0.00 sys=0.00, real=0.00 secs] 
44.712: Total time for which application threads were stopped: 0.0006120 seconds, Stopping threads took: 0.0000560 seconds
44.756: Application time: 0.0437650 seconds
44.756: [GC [PSYoungGen: 7664K->480K(8192K)] 11292K->4108K(26112K), 0.0004250 secs] [Times: user=0.00 sys=0.00, real=0.01 secs] 
44.757: Total time for which application threads were stopped: 0.0005240 seconds, Stopping threads took: 0.0000490 seconds
44.796: Application time: 0.0390990 seconds
44.796: [GC [PSYoungGen: 7648K->368K(8192K)] 11276K->4124K(26112K), 0.0003870 secs] [Times: user=0.00 sys=0.00, real=0.00 secs] 
44.796: Total time for which application threads were stopped: 0.0004830 seconds, Stopping threads took: 0.0000510 seconds
44.836: Application time: 0.0392550 seconds
44.836: [GC [PSYoungGen: 7536K->320K(8192K)] 11292K->4132K(26112K), 0.0003900 secs] [Times: user=0.00 sys=0.00, real=0.00 secs] 
44.836: Total time for which application threads were stopped: 0.0004840 seconds, Stopping threads took: 0.0000480 seconds
44.875: Application time: 0.0392850 seconds
44.875: [GC [PSYoungGen: 7488K->336K(8192K)] 11300K->4148K(26112K), 0.0003530 secs] [Times: user=0.00 sys=0.00, real=0.00 secs] 
44.876: Total time for which application threads were stopped: 0.0004580 seconds, Stopping threads took: 0.0000470 seconds
44.915: Application time: 0.0386760 seconds
44.915: [GC [PSYoungGen: 7504K->336K(8192K)] 11316K->4248K(26112K), 0.0004000 secs] [Times: user=0.00 sys=0.00, real=0.00 secs] 
44.915: Total time for which application threads were stopped: 0.0004910 seconds, Stopping threads took: 0.0000380 seconds
44.954: Application time: 0.0392570 seconds
44.954: [GC [PSYoungGen: 7504K->240K(8192K)] 11416K->4200K(26112K), 0.0003810 secs] [Times: user=0.00 sys=0.00, real=0.00 secs] 
44.955: Total time for which application threads were stopped: 0.0004710 seconds, Stopping threads took: 0.0000420 seconds
44.992: Application time: 0.0377580 seconds
44.993: [GC [PSYoungGen: 7408K->336K(8192K)] 11368K->4296K(26112K), 0.0003690 secs] [Times: user=0.00 sys=0.00, real=0.00 secs] 
44.993: Total time for which application threads were stopped: 0.0004660 seconds, Stopping threads took: 0.0000470 seconds
45.032: Application time: 0.0390400 seconds
45.032: [GC [PSYoungGen: 7504K->432K(8192K)] 11464K->4392K(26112K), 0.0003960 secs] [Times: user=0.00 sys=0.00, real=0.00 secs] 
45.032: Total time for which application threads were stopped: 0.0004900 seconds, Stopping threads took: 0.0000450 seconds
45.071: Application time: 0.0389030 seconds
45.071: [GC [PSYoungGen: 7600K->432K(8192K)] 11560K->4392K(26112K), 0.0004700 secs] [Times: user=0.00 sys=0.00, real=0.00 secs] 
45.072: Total time for which application threads were stopped: 0.0005530 seconds, Stopping threads took: 0.0000330 seconds
45.110: Application time: 0.0381020 seconds
45.110: [GC [PSYoungGen: 7600K->496K(8192K)] 11560K->4456K(26112K), 0.0004520 secs] [Times: user=0.01 sys=0.00, real=0.00 secs] 
45.111: Total time for which application threads were stopped: 0.0005520 seconds, Stopping threads took: 0.0000480 seconds
45.150: Application time: 0.0395640 seconds
45.150: [GC [PSYoungGen: 7664K->512K(8192K)] 11624K->4472K(26112K), 0.0003990 secs] [Times: user=0.00 sys=0.00, real=0.00 secs] 
45.151: Total time for which application threads were stopped: 0.0004870 seconds, Stopping threads took: 0.0000440 seconds
45.190: Application time: 0.0394110 seconds
45.190: [GC [PSYoungGen: 7680K->496K(8192K)] 11640K->4456K(26112K), 0.0004300 secs] [Times: user=0.00 sys=0.00, real=0.00 secs] 
45.191: Total time for which application threads were stopped: 0.0005330 seconds, Stopping threads took: 0.0000460 seconds
45.230: Application time: 0.0392730 seconds
45.230: [GC [PSYoungGen: 7664K->496K(8192K)] 11624K->4456K(26112K), 0.0004210 secs] [Times: user=0.00 sys=0.00, real=0.00 secs] 
45.230: Total time for which application threads were stopped: 0.0005080 seconds, Stopping threads took: 0.0000380 seconds
45.270: Application time: 0.0392340 seconds
45.270: [GC [PSYoungGen: 7664K->512K(8192K)] 11624K->4472K(26112K), 0.0004560 secs] [Times: user=0.00 sys=0.00, real=0.00 secs] 
45.270: Total time for which application threads were stopped: 0.0005620 seconds, Stopping threads took: 0.0000560 seconds
45.309: Application time: 0.0391930 seconds
45.309: [GC [PSYoungGen: 7680K->496K(8192K)] 11640K->4456K(26112K), 0.0004100 secs] [Times: user=0.00 sys=0.00, real=0.00 secs] 
45.310: Total time for which application threads were stopped: 0.0005010 seconds, Stopping threads took: 0.0000420 seconds
45.349: Application time: 0.0391700 seconds
45.349: [GC [PSYoungGen: 7664K->544K(8192K)] 11624K->4504K(26112K), 0.0004090 secs] [Times: user=0.00 sys=0.00, real=0.00 secs] 
45.350: Total time for which application threads were stopped: 0.0004960 seconds, Stopping threads took: 0.0000400 seconds
45.389: Application time: 0.0391880 seconds
45.389: [GC [PSYoungGen: 7712K->496K(8192K)] 11672K->4456K(26112K), 0.0003900 secs] [Times: user=0.01 sys=0.00, real=0.00 secs] 
45.389: Total time for which application threads were stopped: 0.0004800 seconds, Stopping threads took: 0.0000400 seconds
45.428: Application time: 0.0392700 seconds
45.429: [GC [PSYoungGen: 7664K->544K(8192K)] 11624K->4504K(26112K), 0.0004350 secs] [Times: user=0.00 sys=0.00, real=0.01 secs] 
45.429: Total time for which application threads were stopped: 0.0005400 seconds, Stopping threads took: 0.0000490 seconds
45.468: Application time: 0.0392650 seconds
45.468: [GC [PSYoungGen: 7712K->480K(8192K)] 11672K->4440K(26112K), 0.0004460 secs] [Times: user=0.00 sys=0.00, real=0.01 secs] 
45.469: Total time for which application threads were stopped: 0.0005450 seconds, Stopping threads took: 0.0000490 seconds
45.509: Application time: 0.0398400 seconds
45.509: [GC [PSYoungGen: 7648K->464K(8192K)] 11608K->4480K(26112K), 0.0004760 secs] [Times: user=0.00 sys=0.00, real=0.00 secs] 
45.509: Total time for which application threads were stopped: 0.0005830 seconds, Stopping threads took: 0.0000510 seconds
45.549: Application time: 0.0396340 seconds
45.553: [GC [PSYoungGen: 7632K->416K(8192K)] 11648K->4432K(26112K), 0.0004280 secs] [Times: user=0.01 sys=0.00, real=0.00 secs] 
45.553: Total time for which application threads were stopped: 0.0043100 seconds, Stopping threads took: 0.0038300 seconds
45.593: Application time: 0.0393650 seconds
45.593: [GC [PSYoungGen: 7584K->368K(8192K)] 11600K->4496K(26112K), 0.0004620 secs] [Times: user=0.00 sys=0.00, real=0.00 secs] 
45.593: Total time for which application threads were stopped: 0.0005610 seconds, Stopping threads took: 0.0000460 seconds
45.632: Application time: 0.0392470 seconds
45.632: [GC [PSYoungGen: 7536K->320K(8192K)] 11664K->4504K(26112K), 0.0004160 secs] [Times: user=0.00 sys=0.00, real=0.00 secs] 
45.633: Total time for which application threads were stopped: 0.0005130 seconds, Stopping threads took: 0.0000470 seconds
45.672: Application time: 0.0392370 seconds
45.672: [GC [PSYoungGen: 7488K->304K(8192K)] 11672K->4536K(26112K), 0.0003980 secs] [Times: user=0.01 sys=0.00, real=0.00 secs] 
45.673: Total time for which application threads were stopped: 0.0004930 seconds, Stopping threads took: 0.0000470 seconds
45.712: Application time: 0.0391350 seconds
45.712: [GC [PSYoungGen: 7472K->240K(8192K)] 11704K->4560K(26112K), 0.0005280 secs] [Times: user=0.01 sys=0.00, real=0.00 secs] 
45.713: Total time for which application threads were stopped: 0.0015770 seconds, Stopping threads took: 0.0000570 seconds
45.752: Application time: 0.0391030 seconds
45.753: [GC [PSYoungGen: 7408K->320K(8192K)] 11728K->4640K(26112K), 0.0004020 secs] [Times: user=0.00 sys=0.00, real=0.00 secs] 
45.753: Total time for which application threads were stopped: 0.0005220 seconds, Stopping threads took: 0.0000680 seconds
45.791: Application time: 0.0377760 seconds
45.791: [GC [PSYoungGen: 7488K->400K(8192K)] 11808K->4720K(26112K), 0.0004320 secs] [Times: user=0.00 sys=0.00, real=0.00 secs] 
45.791: Total time for which application threads were stopped: 0.0005410 seconds, Stopping threads took: 0.0000530 seconds
45.831: Application time: 0.0392820 seconds
45.831: [GC [PSYoungGen: 7568K->384K(8192K)] 11888K->4704K(26112K), 0.0003740 secs] [Times: user=0.00 sys=0.00, real=0.00 secs] 
45.831: Total time for which application threads were stopped: 0.0004660 seconds, Stopping threads took: 0.0000450 seconds
45.870: Application time: 0.0390580 seconds
45.870: [GC [PSYoungGen: 7552K->432K(8192K)] 11872K->4752K(26112K), 0.0004000 secs] [Times: user=0.00 sys=0.00, real=0.00 secs] 
45.871: Total time for which application threads were stopped: 0.0004920 seconds, Stopping threads took: 0.0000420 seconds
45.909: Application time: 0.0382200 seconds
45.909: [GC [PSYoungGen: 7600K->512K(8192K)] 11920K->4832K(26112K), 0.0004150 secs] [Times: user=0.00 sys=0.00, real=0.00 secs] 
45.909: Total time for which application threads were stopped: 0.0005070 seconds, Stopping threads took: 0.0000440 seconds
45.949: Application time: 0.0395220 seconds
45.949: [GC [PSYoungGen: 7680K->528K(8192K)] 12000K->4848K(26112K), 0.0004450 secs] [Times: user=0.00 sys=0.00, real=0.00 secs] 
45.949: Total time for which application threads were stopped: 0.0005350 seconds, Stopping threads took: 0.0000410 seconds
45.989: Application time: 0.0392820 seconds
45.989: [GC [PSYoungGen: 7696K->544K(8192K)] 12016K->4864K(26112K), 0.0004110 secs] [Times: user=0.00 sys=0.00, real=0.00 secs] 
45.989: Total time for which application threads were stopped: 0.0005070 seconds, Stopping threads took: 0.0000380 seconds
46.029: Application time: 0.0399770 seconds
46.029: [GC [PSYoungGen: 7712K->496K(8192K)] 12032K->4816K(26112K), 0.0004240 secs] [Times: user=0.00 sys=0.00, real=0.00 secs] 
46.030: Total time for which application threads were stopped: 0.0005130 seconds, Stopping threads took: 0.0000390 seconds
46.069: Application time: 0.0397790 seconds
46.070: [GC [PSYoungGen: 7664K->464K(8192K)] 11984K->4784K(26112K), 0.0004170 secs] [Times: user=0.00 sys=0.00, real=0.00 secs] 
46.070: Total time for which application threads were stopped: 0.0005170 seconds, Stopping threads took: 0.0000510 seconds
46.110: Application time: 0.0402160 seconds
46.110: [GC [PSYoungGen: 7632K->496K(8192K)] 11952K->4816K(26112K), 0.0004530 secs] [Times: user=0.00 sys=0.00, real=0.00 secs] 
46.111: Total time for which application threads were stopped: 0.0005640 seconds, Stopping threads took: 0.0000560 seconds
46.150: Application time: 0.0390600 seconds
46.150: [GC [PSYoungGen: 7664K->512K(8192K)] 11984K->4832K(26112K), 0.0004460 secs] [Times: user=0.00 sys=0.00, real=0.00 secs] 
46.150: Total time for which application threads were stopped: 0.0005370 seconds, Stopping threads took: 0.0000390 seconds
46.190: Application time: 0.0394730 seconds
46.190: [GC [PSYoungGen: 7680K->496K(8192K)] 12000K->4816K(26112K), 0.0004220 secs] [Times: user=0.00 sys=0.00, real=0.00 secs] 
46.190: Total time for which application threads were stopped: 0.0005140 seconds, Stopping threads took: 0.0000410 seconds
46.230: Application time: 0.0391950 seconds
46.230: [GC [PSYoungGen: 7664K->512K(8192K)] 11984K->4832K(26112K), 0.0004300 secs] [Times: user=0.00 sys=0.00, real=0.00 secs] 
46.230: Total time for which application threads were stopped: 0.0005350 seconds, Stopping threads took: 0.0000420 seconds
46.273: Application time: 0.0432780 seconds
46.273: [GC [PSYoungGen: 7680K->496K(8192K)] 12000K->4816K(26112K), 0.0004510 secs] [Times: user=0.00 sys=0.00, real=0.00 secs] 
46.274: Total time for which application threads were stopped: 0.0005360 seconds, Stopping threads took: 0.0000370 seconds
46.313: Application time: 0.0392310 seconds
46.313: [GC [PSYoungGen: 7664K->480K(8192K)] 11984K->4848K(26112K), 0.0004020 secs] [Times: user=0.00 sys=0.00, real=0.00 secs] 
46.314: Total time for which application threads were stopped: 0.0005060 seconds, Stopping threads took: 0.0000490 seconds
46.353: Application time: 0.0392110 seconds
46.353: [GC [PSYoungGen: 7648K->416K(8192K)] 12016K->4832K(26112K), 0.0004480 secs] [Times: user=0.00 sys=0.00, real=0.00 secs] 
46.353: Total time for which application threads were stopped: 0.0005350 seconds, Stopping threads took: 0.0000380 seconds
46.393: Application time: 0.0393250 seconds
46.393: [GC [PSYoungGen: 7584K->352K(8192K)] 12000K->4880K(26112K), 0.0003790 secs] [Times: user=0.00 sys=0.00, real=0.00 secs] 
46.393: Total time for which application threads were stopped: 0.0004710 seconds, Stopping threads took: 0.0000430 seconds
46.433: Application time: 0.0393390 seconds
46.433: [GC [PSYoungGen: 7520K->320K(8192K)] 12048K->4848K(26112K), 0.0004040 secs] [Times: user=0.00 sys=0.00, real=0.00 secs] 
46.433: Total time for which application threads were stopped: 0.0005020 seconds, Stopping threads took: 0.0000480 seconds
46.472: Application time: 0.0392750 seconds
46.472: [GC [PSYoungGen: 7488K->288K(8192K)] 12016K->4864K(26112K), 0.0003800 secs] [Times: user=0.00 sys=0.00, real=0.00 secs] 
46.473: Total time for which application threads were stopped: 0.0004690 seconds, Stopping threads took: 0.0000390 seconds
46.512: Application time: 0.0388160 seconds
46.512: [GC [PSYoungGen: 7456K->272K(8192K)] 12032K->4944K(26112K), 0.0003790 secs] [Times: user=0.00 sys=0.00, real=0.00 secs] 
46.512: Total time for which application threads were stopped: 0.0004690 seconds, Stopping threads took: 0.0000390 seconds
46.551: Application time: 0.0385440 seconds
46.551: [GC [PSYoungGen: 7440K->320K(8192K)] 12112K->4993K(26112K), 0.0004070 secs] [Times: user=0.00 sys=0.00, real=0.00 secs] 
46.551: Total time for which application threads were stopped: 0.0005030 seconds, Stopping threads took: 0.0000460 seconds
46.589: Application time: 0.0380560 seconds
46.589: [GC [PSYoungGen: 7488K->432K(8192K)] 12161K->5104K(26112K), 0.0004290 secs] [Times: user=0.00 sys=0.00, real=0.00 secs] 
46.590: Total time for which application threads were stopped: 0.0005240 seconds, Stopping threads took: 0.0000420 seconds
46.629: Application time: 0.0393700 seconds
46.629: [GC [PSYoungGen: 7600K->368K(8192K)] 12272K->5041K(26112K), 0.0004580 secs] [Times: user=0.00 sys=0.00, real=0.00 secs] 
46.630: Total time for which application threads were stopped: 0.0005490 seconds, Stopping threads took: 0.0000410 seconds
46.669: Application time: 0.0390740 seconds
46.669: [GC [PSYoungGen: 7536K->416K(8192K)] 12209K->5088K(26112K), 0.0004100 secs] [Times: user=0.00 sys=0.00, real=0.00 secs] 
46.669: Total time for which application threads were stopped: 0.0004960 seconds, Stopping threads took: 0.0000370 seconds
46.708: Application time: 0.0387570 seconds
46.708: [GC [PSYoungGen: 7584K->544K(8192K)] 12256K->5216K(26112K), 0.0005160 secs] [Times: user=0.00 sys=0.00, real=0.00 secs] 
46.709: Total time for which application threads were stopped: 0.0006310 seconds, Stopping threads took: 0.0000480 seconds
46.748: Application time: 0.0393920 seconds
46.748: [GC [PSYoungGen: 7712K->496K(8192K)] 12384K->5169K(26112K), 0.0004450 secs] [Times: user=0.00 sys=0.00, real=0.00 secs] 
46.749: Total time for which application threads were stopped: 0.0005550 seconds, Stopping threads took: 0.0000400 seconds
46.788: Application time: 0.0392420 seconds
46.788: [GC [PSYoungGen: 7664K->512K(8192K)] 12337K->5185K(26112K), 0.0004010 secs] [Times: user=0.00 sys=0.00, real=0.00 secs] 
46.788: Total time for which application threads were stopped: 0.0004990 seconds, Stopping threads took: 0.0000460 seconds
46.828: Application time: 0.0394340 seconds
46.829: [GC [PSYoungGen: 7680K->496K(8192K)] 12353K->5169K(26112K), 0.0004370 secs] [Times: user=0.00 sys=0.00, real=0.00 secs] 
46.829: Total time for which application threads were stopped: 0.0014720 seconds, Stopping threads took: 0.0009850 seconds
46.868: Application time: 0.0392530 seconds
46.869: [GC [PSYoungGen: 7664K->480K(8192K)] 12337K->5153K(26112K), 0.0004490 secs] [Times: user=0.00 sys=0.00, real=0.01 secs] 
46.869: Total time for which application threads were stopped: 0.0005430 seconds, Stopping threads took: 0.0000460 seconds
46.908: Application time: 0.0391340 seconds
46.908: [GC [PSYoungGen: 7648K->512K(8192K)] 12321K->5185K(26112K), 0.0004060 secs] [Times: user=0.01 sys=0.00, real=0.00 secs] 
46.909: Total time for which application threads were stopped: 0.0004940 seconds, Stopping threads took: 0.0000400 seconds
46.948: Application time: 0.0391570 seconds
46.948: [GC [PSYoungGen: 7680K->496K(8192K)] 12353K->5168K(26112K), 0.0003920 secs] [Times: user=0.00 sys=0.00, real=0.00 secs] 
46.948: Total time for which application threads were stopped: 0.0004820 seconds, Stopping threads took: 0.0000430 seconds
46.987: Application time: 0.0390640 seconds
46.987: [GC [PSYoungGen: 7664K->560K(8192K)] 12336K->5232K(26112K), 0.0004460 secs] [Times: user=0.00 sys=0.00, real=0.00 secs] 
46.988: Total time for which application threads were stopped: 0.0005350 seconds, Stopping threads took: 0.0000410 seconds
47.027: Application time: 0.0393120 seconds
47.027: [GC [PSYoungGen: 7728K->528K(8192K)] 12400K->5200K(26112K), 0.0004160 secs] [Times: user=0.00 sys=0.00, real=0.00 secs] 
47.028: Total time for which application threads were stopped: 0.0005120 seconds, Stopping threads took: 0.0000490 seconds
47.067: Application time: 0.0391260 seconds
47.067: [GC [PSYoungGen: 7696K->464K(8192K)] 12368K->5137K(26112K), 0.0004500 secs] [Times: user=0.00 sys=0.00, real=0.00 secs] 
47.067: Total time for which application threads were stopped: 0.0005450 seconds, Stopping threads took: 0.0000450 seconds
47.107: Application time: 0.0395300 seconds
47.107: [GC [PSYoungGen: 7632K->432K(8192K)] 12305K->5153K(26112K), 0.0004240 secs] [Times: user=0.00 sys=0.00, real=0.00 secs] 
47.107: Total time for which application threads were stopped: 0.0005230 seconds, Stopping threads took: 0.0000490 seconds
47.147: Application time: 0.0392370 seconds
47.147: [GC [PSYoungGen: 7600K->384K(8192K)] 12321K->5193K(26112K), 0.0004340 secs] [Times: user=0.01 sys=0.00, real=0.00 secs] 
47.147: Total time for which application threads were stopped: 0.0005210 seconds, Stopping threads took: 0.0000400 seconds
47.186: Application time: 0.0392840 seconds
47.187: [GC [PSYoungGen: 7552K->304K(8192K)] 12361K->5201K(26112K), 0.0004190 secs] [Times: user=0.00 sys=0.00, real=0.00 secs] 
47.187: Total time for which application threads were stopped: 0.0005130 seconds, Stopping threads took: 0.0000480 seconds
47.226: Application time: 0.0393340 seconds
47.226: [GC [PSYoungGen: 7472K->288K(8192K)] 12369K->5185K(26112K), 0.0004320 secs] [Times: user=0.00 sys=0.00, real=0.00 secs] 
47.227: Total time for which application threads were stopped: 0.0005280 seconds, Stopping threads took: 0.0000460 seconds
47.268: Application time: 0.0408100 seconds
47.268: [GC [PSYoungGen: 7456K->288K(8192K)] 12353K->5233K(26112K), 0.0004370 secs] [Times: user=0.00 sys=0.00, real=0.00 secs] 
47.268: Total time for which application threads were stopped: 0.0005350 seconds, Stopping threads took: 0.0000410 seconds
47.307: Application time: 0.0390880 seconds
47.307: [GC [PSYoungGen: 7456K->272K(8192K)] 12401K->5305K(26112K), 0.0004120 secs] [Times: user=0.00 sys=0.00, real=0.00 secs] 
47.308: Total time for which application threads were stopped: 0.0005000 seconds, Stopping threads took: 0.0000390 seconds
47.345: Application time: 0.0376860 seconds
47.346: [GC [PSYoungGen: 7440K->320K(8192K)] 12473K->5353K(26112K), 0.0003680 secs] [Times: user=0.00 sys=0.00, real=0.00 secs] 
47.346: Total time for which application threads were stopped: 0.0004650 seconds, Stopping threads took: 0.0000440 seconds
47.385: Application time: 0.0385790 seconds
47.385: [GC [PSYoungGen: 7488K->384K(8192K)] 12521K->5417K(26112K), 0.0004310 secs] [Times: user=0.00 sys=0.00, real=0.00 secs] 
47.385: Total time for which application threads were stopped: 0.0005200 seconds, Stopping threads took: 0.0000420 seconds
47.424: Application time: 0.0389650 seconds
47.424: [GC [PSYoungGen: 7551K->416K(8192K)] 12584K->5449K(26112K), 0.0004050 secs] [Times: user=0.00 sys=0.00, real=0.00 secs] 
47.425: Total time for which application threads were stopped: 0.0004960 seconds, Stopping threads took: 0.0000400 seconds
47.462: Application time: 0.0378920 seconds
47.462: [GC [PSYoungGen: 7584K->512K(8192K)] 12617K->5545K(26112K), 0.0004050 secs] [Times: user=0.00 sys=0.00, real=0.00 secs] 
47.463: Total time for which application threads were stopped: 0.0005000 seconds, Stopping threads took: 0.0000400 seconds
47.502: Application time: 0.0394240 seconds
47.502: [GC [PSYoungGen: 7680K->528K(8192K)] 12713K->5561K(26112K), 0.0004340 secs] [Times: user=0.00 sys=0.00, real=0.00 secs] 
47.503: Total time for which application threads were stopped: 0.0005240 seconds, Stopping threads took: 0.0000400 seconds
47.542: Application time: 0.0393450 seconds
47.542: [GC [PSYoungGen: 7696K->512K(8192K)] 12729K->5545K(26112K), 0.0004350 secs] [Times: user=0.00 sys=0.00, real=0.00 secs] 
47.543: Total time for which application threads were stopped: 0.0005210 seconds, Stopping threads took: 0.0000390 seconds
47.582: Application time: 0.0394540 seconds
47.582: [GC [PSYoungGen: 7680K->480K(8192K)] 12713K->5513K(26112K), 0.0004380 secs] [Times: user=0.01 sys=0.00, real=0.00 secs] 
47.583: Total time for which application threads were stopped: 0.0005220 seconds, Stopping threads took: 0.0000360 seconds
47.623: Application time: 0.0402980 seconds
47.623: [GC [PSYoungGen: 7648K->480K(8192K)] 12681K->5513K(26112K), 0.0004880 secs] [Times: user=0.00 sys=0.00, real=0.00 secs] 
47.624: Total time for which application threads were stopped: 0.0005860 seconds, Stopping threads took: 0.0000450 seconds
47.663: Application time: 0.0394570 seconds
47.663: [GC [PSYoungGen: 7648K->528K(8192K)] 12681K->5561K(26112K), 0.0004200 secs] [Times: user=0.01 sys=0.00, real=0.00 secs] 
47.664: Total time for which application threads were stopped: 0.0005060 seconds, Stopping threads took: 0.0000390 seconds
47.703: Application time: 0.0391430 seconds
47.703: [GC [PSYoungGen: 7696K->544K(8192K)] 12729K->5577K(26112K), 0.0004140 secs] [Times: user=0.00 sys=0.00, real=0.00 secs] 
47.703: Total time for which application threads were stopped: 0.0005090 seconds, Stopping threads took: 0.0000460 seconds
47.743: Application time: 0.0394860 seconds
47.743: [GC [PSYoungGen: 7712K->512K(8192K)] 12745K->5545K(26112K), 0.0004470 secs] [Times: user=0.00 sys=0.00, real=0.00 secs] 
47.743: Total time for which application threads were stopped: 0.0005560 seconds, Stopping threads took: 0.0000530 seconds
47.784: Application time: 0.0405120 seconds
47.784: [GC [PSYoungGen: 7680K->480K(8192K)] 12713K->5513K(26112K), 0.0004390 secs] [Times: user=0.00 sys=0.00, real=0.00 secs] 
47.784: Total time for which application threads were stopped: 0.0005440 seconds, Stopping threads took: 0.0000460 seconds
47.824: Application time: 0.0393010 seconds
47.824: [GC [PSYoungGen: 7648K->512K(8192K)] 12681K->5545K(26112K), 0.0004050 secs] [Times: user=0.00 sys=0.00, real=0.00 secs] 
47.824: Total time for which application threads were stopped: 0.0004980 seconds, Stopping threads took: 0.0000450 seconds
47.864: Application time: 0.0395540 seconds
47.864: [GC [PSYoungGen: 7680K->464K(8192K)] 12713K->5497K(26112K), 0.0004090 secs] [Times: user=0.00 sys=0.00, real=0.00 secs] 
47.864: Total time for which application threads were stopped: 0.0005100 seconds, Stopping threads took: 0.0000520 seconds
47.903: Application time: 0.0392640 seconds
47.904: [GC [PSYoungGen: 7632K->432K(8192K)] 12665K->5513K(26112K), 0.0004590 secs] [Times: user=0.00 sys=0.00, real=0.00 secs] 
47.904: Total time for which application threads were stopped: 0.0005520 seconds, Stopping threads took: 0.0000430 seconds
47.943: Application time: 0.0391950 seconds
47.943: [GC [PSYoungGen: 7600K->320K(8192K)] 12681K->5521K(26112K), 0.0003990 secs] [Times: user=0.00 sys=0.00, real=0.00 secs] 
47.944: Total time for which application threads were stopped: 0.0004880 seconds, Stopping threads took: 0.0000400 seconds
47.983: Application time: 0.0392680 seconds
47.983: [GC [PSYoungGen: 7488K->304K(8192K)] 12689K->5553K(26112K), 0.0004120 secs] [Times: user=0.00 sys=0.00, real=0.00 secs] 
47.983: Total time for which application threads were stopped: 0.0004980 seconds, Stopping threads took: 0.0000360 seconds
48.023: Application time: 0.0392510 seconds
48.023: [GC [PSYoungGen: 7472K->320K(8192K)] 12721K->5617K(26112K), 0.0003860 secs] [Times: user=0.00 sys=0.00, real=0.00 secs] 
48.023: Total time for which application threads were stopped: 0.0004770 seconds, Stopping threads took: 0.0000430 seconds
48.063: Application time: 0.0394550 seconds
48.065: [GC [PSYoungGen: 7488K->256K(8192K)] 12785K->5665K(26112K), 0.0003580 secs] [Times: user=0.00 sys=0.00, real=0.00 secs] 
48.065: Total time for which application threads were stopped: 0.0024730 seconds, Stopping threads took: 0.0020650 seconds
48.104: Application time: 0.0388460 seconds
48.104: [GC [PSYoungGen: 7424K->304K(8192K)] 12833K->5713K(26112K), 0.0003570 secs] [Times: user=0.01 sys=0.00, real=0.00 secs] 
48.104: Total time for which application threads were stopped: 0.0004470 seconds, Stopping threads took: 0.0000420 seconds
48.142: Application time: 0.0376400 seconds
48.142: [GC [PSYoungGen: 7472K->368K(8192K)] 12881K->5777K(26112K), 0.0004230 secs] [Times: user=0.00 sys=0.00, real=0.00 secs] 
48.143: Total time for which application threads were stopped: 0.0005260 seconds, Stopping threads took: 0.0000460 seconds
48.181: Application time: 0.0387100 seconds
48.181: [GC [PSYoungGen: 7536K->384K(8192K)] 12945K->5793K(26112K), 0.0004300 secs] [Times: user=0.00 sys=0.00, real=0.00 secs] 
48.182: Total time for which application threads were stopped: 0.0005240 seconds, Stopping threads took: 0.0000400 seconds
48.221: Application time: 0.0387380 seconds
48.221: [GC [PSYoungGen: 7552K->432K(8192K)] 12961K->5841K(26112K), 0.0004440 secs] [Times: user=0.00 sys=0.00, real=0.00 secs] 
48.221: Total time for which application threads were stopped: 0.0005430 seconds, Stopping threads took: 0.0000510 seconds
48.260: Application time: 0.0384280 seconds
48.260: [GC [PSYoungGen: 7600K->528K(8192K)] 13009K->5937K(26112K), 0.0004520 secs] [Times: user=0.00 sys=0.00, real=0.00 secs] 
48.260: Total time for which application threads were stopped: 0.0005510 seconds, Stopping threads took: 0.0000440 seconds
48.300: Application time: 0.0394380 seconds
48.301: [GC [PSYoungGen: 7696K->496K(8192K)] 13105K->5905K(26112K), 0.0005020 secs] [Times: user=0.00 sys=0.00, real=0.00 secs] 
48.301: Total time for which application threads were stopped: 0.0017900 seconds, Stopping threads took: 0.0012220 seconds
48.341: Application time: 0.0393180 seconds
48.341: [GC [PSYoungGen: 7664K->496K(8192K)] 13073K->5905K(26112K), 0.0004020 secs] [Times: user=0.00 sys=0.00, real=0.00 secs] 
48.341: Total time for which application threads were stopped: 0.0004980 seconds, Stopping threads took: 0.0000480 seconds
48.380: Application time: 0.0392020 seconds
48.380: [GC [PSYoungGen: 7664K->496K(8192K)] 13073K->5905K(26112K), 0.0004090 secs] [Times: user=0.00 sys=0.00, real=0.00 secs] 
48.381: Total time for which application threads were stopped: 0.0004970 seconds, Stopping threads took: 0.0000410 seconds
48.420: Application time: 0.0393540 seconds
48.420: [GC [PSYoungGen: 7664K->480K(8192K)] 13073K->5889K(26112K), 0.0004360 secs] [Times: user=0.00 sys=0.00, real=0.00 secs] 
48.421: Total time for which application threads were stopped: 0.0005300 seconds, Stopping threads took: 0.0000420 seconds
48.460: Application time: 0.0392040 seconds
48.460: [GC [PSYoungGen: 7648K->496K(8192K)] 13057K->5905K(26112K), 0.0004870 secs] [Times: user=0.01 sys=0.00, real=0.00 secs] 
48.461: Total time for which application threads were stopped: 0.0005750 seconds, Stopping threads took: 0.0000380 seconds
48.500: Application time: 0.0392320 seconds
48.500: [GC [PSYoungGen: 7664K->496K(8192K)] 13073K->5905K(26112K), 0.0004000 secs] [Times: user=0.00 sys=0.00, real=0.00 secs] 
48.500: Total time for which application threads were stopped: 0.0004920 seconds, Stopping threads took: 0.0000390 seconds
48.539: Application time: 0.0391900 seconds
48.539: [GC [PSYoungGen: 7664K->512K(8192K)] 13073K->5921K(26112K), 0.0004400 secs] [Times: user=0.01 sys=0.00, real=0.00 secs] 
48.540: Total time for which application threads were stopped: 0.0005270 seconds, Stopping threads took: 0.0000390 seconds
48.579: Application time: 0.0392130 seconds
48.579: [GC [PSYoungGen: 7680K->512K(8192K)] 13089K->5921K(26112K), 0.0003980 secs] [Times: user=0.00 sys=0.00, real=0.00 secs] 
48.580: Total time for which application threads were stopped: 0.0004880 seconds, Stopping threads took: 0.0000420 seconds
48.619: Application time: 0.0393020 seconds
48.619: [GC [PSYoungGen: 7680K->512K(8192K)] 13089K->5921K(26112K), 0.0004790 secs] [Times: user=0.00 sys=0.00, real=0.00 secs] 
48.620: Total time for which application threads were stopped: 0.0005770 seconds, Stopping threads took: 0.0000480 seconds
48.659: Application time: 0.0391790 seconds
48.659: [GC [PSYoungGen: 7680K->496K(8192K)] 13089K->5905K(26112K), 0.0004010 secs] [Times: user=0.00 sys=0.00, real=0.00 secs] 
48.659: Total time for which application threads were stopped: 0.0004880 seconds, Stopping threads took: 0.0000400 seconds
48.698: Application time: 0.0392420 seconds
48.699: [GC [PSYoungGen: 7664K->448K(8192K)] 13073K->5905K(26112K), 0.0004100 secs] [Times: user=0.00 sys=0.00, real=0.00 secs] 
48.699: Total time for which application threads were stopped: 0.0005120 seconds, Stopping threads took: 0.0000510 seconds
48.739: Application time: 0.0396310 seconds
48.739: [GC [PSYoungGen: 7616K->368K(8192K)] 13073K->5945K(26112K), 0.0004510 secs] [Times: user=0.00 sys=0.00, real=0.00 secs] 
48.739: Total time for which application threads were stopped: 0.0005800 seconds, Stopping threads took: 0.0000600 seconds
48.779: Application time: 0.0393570 seconds
48.779: [GC [PSYoungGen: 7536K->320K(8192K)] 13113K->5945K(26112K), 0.0003940 secs] [Times: user=0.00 sys=0.00, real=0.00 secs] 
48.779: Total time for which application threads were stopped: 0.0004920 seconds, Stopping threads took: 0.0000430 seconds
48.819: Application time: 0.0394900 seconds
48.819: [GC [PSYoungGen: 7488K->288K(8192K)] 13113K->5961K(26112K), 0.0003950 secs] [Times: user=0.00 sys=0.00, real=0.00 secs] 
48.819: Total time for which application threads were stopped: 0.0004960 seconds, Stopping threads took: 0.0000430 seconds
48.858: Application time: 0.0385310 seconds
48.858: [GC [PSYoungGen: 7456K->288K(8192K)] 13129K->6053K(26112K), 0.0003720 secs] [Times: user=0.00 sys=0.00, real=0.00 secs] 
48.858: Total time for which application threads were stopped: 0.0004720 seconds, Stopping threads took: 0.0000470 seconds
48.898: Application time: 0.0396580 seconds
48.898: [GC [PSYoungGen: 7456K->304K(8192K)] 13221K->6069K(26112K), 0.0003410 secs] [Times: user=0.00 sys=0.00, real=0.00 secs] 
48.898: Total time for which application threads were stopped: 0.0004300 seconds, Stopping threads took: 0.0000430 seconds
48.936: Application time: 0.0376880 seconds
48.936: [GC [PSYoungGen: 7472K->368K(8192K)] 13237K->6133K(26112K), 0.0004210 secs] [Times: user=0.00 sys=0.00, real=0.00 secs] 
48.936: Total time for which application threads were stopped: 0.0005170 seconds, Stopping threads took: 0.0000450 seconds
48.975: Application time: 0.0388640 seconds
48.975: [GC [PSYoungGen: 7536K->400K(8192K)] 13301K->6165K(26112K), 0.0004380 secs] [Times: user=0.00 sys=0.00, real=0.00 secs] 
48.976: Total time for which application threads were stopped: 0.0005330 seconds, Stopping threads took: 0.0000470 seconds
49.015: Application time: 0.0389800 seconds
49.015: [GC [PSYoungGen: 7568K->432K(8192K)] 13333K->6197K(26112K), 0.0004160 secs] [Times: user=0.00 sys=0.00, real=0.00 secs] 
49.015: Total time for which application threads were stopped: 0.0005100 seconds, Stopping threads took: 0.0000430 seconds
49.053: Application time: 0.0380590 seconds
49.053: [GC [PSYoungGen: 7600K->512K(8192K)] 13365K->6277K(26112K), 0.0004390 secs] [Times: user=0.00 sys=0.00, real=0.00 secs] 
49.054: Total time for which application threads were stopped: 0.0005380 seconds, Stopping threads took: 0.0000500 seconds
49.093: Application time: 0.0392510 seconds
49.093: [GC [PSYoungGen: 7680K->528K(8192K)] 13445K->6293K(26112K), 0.0004360 secs] [Times: user=0.00 sys=0.00, real=0.00 secs] 
49.094: Total time for which application threads were stopped: 0.0005290 seconds, Stopping threads took: 0.0000450 seconds
49.134: Application time: 0.0407380 seconds
49.134: [GC [PSYoungGen: 7696K->528K(8192K)] 13461K->6293K(26112K), 0.0004920 secs] [Times: user=0.00 sys=0.00, real=0.00 secs] 
49.135: Total time for which application threads were stopped: 0.0006040 seconds, Stopping threads took: 0.0000590 seconds
49.174: Application time: 0.0392550 seconds
49.174: [GC [PSYoungGen: 7696K->496K(8192K)] 13461K->6261K(26112K), 0.0004440 secs] [Times: user=0.00 sys=0.00, real=0.00 secs] 
49.175: Total time for which application threads were stopped: 0.0005370 seconds, Stopping threads took: 0.0000430 seconds
49.214: Application time: 0.0392890 seconds
49.214: [GC [PSYoungGen: 7664K->496K(8192K)] 13429K->6261K(26112K), 0.0004460 secs] [Times: user=0.00 sys=0.00, real=0.00 secs] 
49.215: Total time for which application threads were stopped: 0.0005380 seconds, Stopping threads took: 0.0000440 seconds
49.254: Application time: 0.0391740 seconds
49.254: [GC [PSYoungGen: 7663K->496K(8192K)] 13429K->6261K(26112K), 0.0003950 secs] [Times: user=0.00 sys=0.00, real=0.00 secs] 
49.254: Total time for which application threads were stopped: 0.0004910 seconds, Stopping threads took: 0.0000460 seconds
49.295: Application time: 0.0405310 seconds
49.295: [GC [PSYoungGen: 7664K->496K(8192K)] 13429K->6261K(26112K), 0.0004230 secs] [Times: user=0.01 sys=0.00, real=0.00 secs] 
49.295: Total time for which application threads were stopped: 0.0005510 seconds, Stopping threads took: 0.0000710 seconds
49.334: Application time: 0.0389690 seconds
49.334: [GC [PSYoungGen: 7664K->512K(8192K)] 13429K->6277K(26112K), 0.0004070 secs] [Times: user=0.01 sys=0.00, real=0.00 secs] 
49.335: Total time for which application threads were stopped: 0.0005100 seconds, Stopping threads took: 0.0000420 seconds
49.374: Application time: 0.0393520 seconds
49.374: [GC [PSYoungGen: 7680K->512K(8192K)] 13445K->6277K(26112K), 0.0004220 secs] [Times: user=0.00 sys=0.00, real=0.00 secs] 
49.375: Total time for which application threads were stopped: 0.0005180 seconds, Stopping threads took: 0.0000440 seconds
49.414: Application time: 0.0392750 seconds
49.414: [GC [PSYoungGen: 7680K->528K(8192K)] 13445K->6293K(26112K), 0.0004190 secs] [Times: user=0.00 sys=0.00, real=0.00 secs] 
49.414: Total time for which application threads were stopped: 0.0005110 seconds, Stopping threads took: 0.0000440 seconds
49.454: Application time: 0.0394360 seconds
49.454: [GC [PSYoungGen: 7696K->464K(8192K)] 13461K->6277K(26112K), 0.0004050 secs] [Times: user=0.00 sys=0.00, real=0.00 secs] 
49.454: Total time for which application threads were stopped: 0.0004970 seconds, Stopping threads took: 0.0000460 seconds
49.494: Application time: 0.0392520 seconds
49.494: [GC [PSYoungGen: 7632K->464K(8192K)] 13445K->6277K(26112K), 0.0004090 secs] [Times: user=0.00 sys=0.00, real=0.00 secs] 
49.494: Total time for which application threads were stopped: 0.0005060 seconds, Stopping threads took: 0.0000510 seconds
49.534: Application time: 0.0394830 seconds
49.534: [GC [PSYoungGen: 7632K->320K(8192K)] 13445K->6261K(26112K), 0.0004820 secs] [Times: user=0.00 sys=0.00, real=0.00 secs] 
49.534: Total time for which application threads were stopped: 0.0005740 seconds, Stopping threads took: 0.0000410 seconds
49.574: Application time: 0.0400830 seconds
49.574: [GC [PSYoungGen: 7488K->320K(8192K)] 13429K->6325K(26112K), 0.0003940 secs] [Times: user=0.00 sys=0.00, real=0.00 secs] 
49.575: Total time for which application threads were stopped: 0.0004870 seconds, Stopping threads took: 0.0000420 seconds
49.614: Application time: 0.0392340 seconds
49.614: [GC [PSYoungGen: 7488K->288K(8192K)] 13493K->6349K(26112K), 0.0004230 secs] [Times: user=0.00 sys=0.00, real=0.00 secs] 
49.615: Total time for which application threads were stopped: 0.0005110 seconds, Stopping threads took: 0.0000370 seconds
49.653: Application time: 0.0385490 seconds
49.657: [GC [PSYoungGen: 7456K->272K(8192K)] 13517K->6429K(26112K), 0.0004200 secs] [Times: user=0.00 sys=0.00, real=0.00 secs] 
49.657: Total time for which application threads were stopped: 0.0040880 seconds, Stopping threads took: 0.0036190 seconds
49.696: Application time: 0.0390340 seconds
49.696: [GC [PSYoungGen: 7440K->288K(8192K)] 13597K->6445K(26112K), 0.0003660 secs] [Times: user=0.00 sys=0.00, real=0.00 secs] 
49.697: Total time for which application threads were stopped: 0.0004660 seconds, Stopping threads took: 0.0000430 seconds
49.734: Application time: 0.0377850 seconds
49.735: [GC [PSYoungGen: 7456K->384K(8192K)] 13613K->6542K(26112K), 0.0004580 secs] [Times: user=0.00 sys=0.00, real=0.00 secs] 
49.735: Total time for which application threads were stopped: 0.0005650 seconds, Stopping threads took: 0.0000520 seconds
49.775: Application time: 0.0394890 seconds
49.775: [GC [PSYoungGen: 7552K->416K(8192K)] 13710K->6574K(26112K), 0.0004280 secs] [Times: user=0.00 sys=0.00, real=0.00 secs] 
49.775: Total time for which application threads were stopped: 0.0005280 seconds, Stopping threads took: 0.0000470 seconds
49.813: Application time: 0.0384050 seconds
49.814: [GC [PSYoungGen: 7584K->464K(8192K)] 13742K->6622K(26112K), 0.0005110 secs] [Times: user=0.00 sys=0.00, real=0.00 secs] 
49.814: Total time for which application threads were stopped: 0.0006120 seconds, Stopping threads took: 0.0000500 seconds
49.853: Application time: 0.0385600 seconds
49.853: [GC [PSYoungGen: 7632K->480K(8192K)] 13790K->6638K(26112K), 0.0004140 secs] [Times: user=0.00 sys=0.00, real=0.00 secs] 
49.853: Total time for which application threads were stopped: 0.0005170 seconds, Stopping threads took: 0.0000410 seconds
49.892: Application time: 0.0391970 seconds
49.892: [GC [PSYoungGen: 7648K->496K(8192K)] 13806K->6654K(26112K), 0.0004500 secs] [Times: user=0.00 sys=0.00, real=0.00 secs] 
49.893: Total time for which application threads were stopped: 0.0005430 seconds, Stopping threads took: 0.0000460 seconds
49.932: Application time: 0.0394340 seconds
49.932: [GC [PSYoungGen: 7664K->528K(8192K)] 13822K->6686K(26112K), 0.0004200 secs] [Times: user=0.00 sys=0.00, real=0.00 secs] 
49.933: Total time for which application threads were stopped: 0.0005150 seconds, Stopping threads took: 0.0000410 seconds
49.972: Application time: 0.0392150 seconds
49.972: [GC [PSYoungGen: 7696K->496K(8192K)] 13854K->6653K(26112K), 0.0004110 secs] [Times: user=0.00 sys=0.00, real=0.00 secs] 
49.973: Total time for which application threads were stopped: 0.0005030 seconds, Stopping threads took: 0.0000440 seconds
50.012: Application time: 0.0392840 seconds
50.012: [GC [PSYoungGen: 7664K->496K(8192K)] 13821K->6654K(26112K), 0.0004050 secs] [Times: user=0.00 sys=0.00, real=0.00 secs] 
50.012: Total time for which application threads were stopped: 0.0004930 seconds, Stopping threads took: 0.0000410 seconds
50.051: Application time: 0.0389840 seconds
50.051: [GC [PSYoungGen: 7664K->528K(8192K)] 13822K->6686K(26112K), 0.0004510 secs] [Times: user=0.00 sys=0.00, real=0.00 secs] 
50.052: Total time for which application threads were stopped: 0.0005430 seconds, Stopping threads took: 0.0000430 seconds
50.091: Application time: 0.0391600 seconds
50.091: [GC [PSYoungGen: 7696K->544K(8192K)] 13854K->6701K(26112K), 0.0004480 secs] [Times: user=0.00 sys=0.00, real=0.00 secs] 
50.092: Total time for which application threads were stopped: 0.0005450 seconds, Stopping threads took: 0.0000460 seconds
50.131: Application time: 0.0389250 seconds
50.131: [GC [PSYoungGen: 7712K->480K(8192K)] 13869K->6638K(26112K), 0.0004720 secs] [Times: user=0.00 sys=0.00, real=0.00 secs] 
50.131: Total time for which application threads were stopped: 0.0005680 seconds, Stopping threads took: 0.0000460 seconds
50.170: Application time: 0.0391320 seconds
50.170: [GC [PSYoungGen: 7648K->512K(8192K)] 13806K->6670K(26112K), 0.0004070 secs] [Times: user=0.01 sys=0.00, real=0.00 secs] 
50.171: Total time for which application threads were stopped: 0.0005050 seconds, Stopping threads took: 0.0000490 seconds
50.210: Application time: 0.0393290 seconds
50.210: [GC [PSYoungGen: 7680K->496K(8192K)] 13838K->6654K(26112K), 0.0004170 secs] [Times: user=0.00 sys=0.00, real=0.00 secs] 
50.211: Total time for which application threads were stopped: 0.0005150 seconds, Stopping threads took: 0.0000430 seconds
50.250: Application time: 0.0392450 seconds
50.250: [GC [PSYoungGen: 7664K->480K(8192K)] 13822K->6686K(26112K), 0.0004110 secs] [Times: user=0.00 sys=0.00, real=0.00 secs] 
50.250: Total time for which application threads were stopped: 0.0005060 seconds, Stopping threads took: 0.0000460 seconds
50.290: Application time: 0.0392350 seconds
50.290: [GC [PSYoungGen: 7648K->432K(8192K)] 13854K->6694K(26112K), 0.0004420 secs] [Times: user=0.00 sys=0.00, real=0.00 secs] 
50.290: Total time for which application threads were stopped: 0.0005270 seconds, Stopping threads took: 0.0000380 seconds
50.330: Application time: 0.0397520 seconds
50.330: [GC [PSYoungGen: 7600K->336K(8192K)] 13862K->6710K(26112K), 0.0004210 secs] [Times: user=0.00 sys=0.00, real=0.00 secs] 
50.330: Total time for which application threads were stopped: 0.0005120 seconds, Stopping threads took: 0.0000390 seconds
50.370: Application time: 0.0393370 seconds
50.370: [GC [PSYoungGen: 7504K->336K(8192K)] 13878K->6710K(26112K), 0.0003590 secs] [Times: user=0.00 sys=0.00, real=0.00 secs] 
50.370: Total time for which application threads were stopped: 0.0004570 seconds, Stopping threads took: 0.0000410 seconds
50.409: Application time: 0.0393090 seconds
50.410: [GC [PSYoungGen: 7504K->272K(8192K)] 13878K->6734K(26112K), 0.0003800 secs] [Times: user=0.00 sys=0.00, real=0.00 secs] 
50.410: Total time for which application threads were stopped: 0.0004820 seconds, Stopping threads took: 0.0000490 seconds
50.448: Application time: 0.0384080 seconds
50.448: [GC [PSYoungGen: 7440K->288K(8192K)] 13902K->6814K(26112K), 0.0004000 secs] [Times: user=0.00 sys=0.00, real=0.01 secs] 
50.449: Total time for which application threads were stopped: 0.0004920 seconds, Stopping threads took: 0.0000440 seconds
50.488: Application time: 0.0389120 seconds
50.488: [GC [PSYoungGen: 7456K->256K(8192K)] 13982K->6782K(26112K), 0.0004240 secs] [Times: user=0.01 sys=0.00, real=0.00 secs] 
50.488: Total time for which application threads were stopped: 0.0005200 seconds, Stopping threads took: 0.0000450 seconds
50.526: Application time: 0.0378420 seconds
50.526: [GC [PSYoungGen: 7424K->352K(8192K)] 13950K->6878K(26112K), 0.0004730 secs] [Times: user=0.00 sys=0.00, real=0.00 secs] 
50.527: Total time for which application threads were stopped: 0.0005730 seconds, Stopping threads took: 0.0000490 seconds
50.566: Application time: 0.0389900 seconds
50.566: [GC [PSYoungGen: 7520K->400K(8192K)] 14046K->6926K(26112K), 0.0003860 secs] [Times: user=0.00 sys=0.00, real=0.00 secs] 
50.566: Total time for which application threads were stopped: 0.0004880 seconds, Stopping threads took: 0.0000510 seconds
50.605: Application time: 0.0388390 seconds
50.605: [GC [PSYoungGen: 7568K->480K(8192K)] 14094K->7006K(26112K), 0.0004390 secs] [Times: user=0.00 sys=0.00, real=0.00 secs] 
50.606: Total time for which application threads were stopped: 0.0005380 seconds, Stopping threads took: 0.0000470 seconds
50.645: Application time: 0.0397990 seconds
50.645: [GC [PSYoungGen: 7648K->496K(8192K)] 14174K->7022K(26112K), 0.0004560 secs] [Times: user=0.01 sys=0.00, real=0.00 secs] 
50.646: Total time for which application threads were stopped: 0.0005680 seconds, Stopping threads took: 0.0000540 seconds
50.685: Application time: 0.0393140 seconds
50.685: [GC [PSYoungGen: 7664K->528K(8192K)] 14190K->7054K(26112K), 0.0004380 secs] [Times: user=0.00 sys=0.00, real=0.00 secs] 
50.686: Total time for which application threads were stopped: 0.0005370 seconds, Stopping threads took: 0.0000440 seconds
50.726: Application time: 0.0398430 seconds
50.726: [GC [PSYoungGen: 7696K->448K(8192K)] 14222K->6974K(26112K), 0.0005490 secs] [Times: user=0.00 sys=0.00, real=0.00 secs] 
50.727: Total time for which application threads were stopped: 0.0017450 seconds, Stopping threads took: 0.0000440 seconds
50.767: Application time: 0.0392720 seconds
50.767: [GC [PSYoungGen: 7616K->480K(8192K)] 14142K->7006K(26112K), 0.0004100 secs] [Times: user=0.00 sys=0.00, real=0.00 secs] 
50.767: Total time for which application threads were stopped: 0.0005020 seconds, Stopping threads took: 0.0000420 seconds
50.808: Application time: 0.0404630 seconds
50.808: [GC [PSYoungGen: 7648K->496K(8192K)] 14174K->7022K(26112K), 0.0004260 secs] [Times: user=0.00 sys=0.00, real=0.00 secs] 
50.808: Total time for which application threads were stopped: 0.0005250 seconds, Stopping threads took: 0.0000470 seconds
50.847: Application time: 0.0391990 seconds
50.847: [GC [PSYoungGen: 7664K->512K(8192K)] 14190K->7038K(26112K), 0.0004310 secs] [Times: user=0.00 sys=0.00, real=0.00 secs] 
50.848: Total time for which application threads were stopped: 0.0005390 seconds, Stopping threads took: 0.0000580 seconds
50.887: Application time: 0.0390100 seconds
50.887: [GC [PSYoungGen: 7680K->528K(8192K)] 14206K->7054K(26112K), 0.0004590 secs] [Times: user=0.00 sys=0.00, real=0.00 secs] 
50.887: Total time for which application threads were stopped: 0.0005570 seconds, Stopping threads took: 0.0000400 seconds
50.927: Application time: 0.0392140 seconds
50.927: [GC [PSYoungGen: 7696K->496K(8192K)] 14222K->7022K(26112K), 0.0004380 secs] [Times: user=0.01 sys=0.00, real=0.00 secs] 
50.927: Total time for which application threads were stopped: 0.0005280 seconds, Stopping threads took: 0.0000430 seconds
50.966: Application time: 0.0391210 seconds
50.966: [GC [PSYoungGen: 7664K->496K(8192K)] 14190K->7022K(26112K), 0.0004360 secs] [Times: user=0.00 sys=0.00, real=0.00 secs] 
50.967: Total time for which application threads were stopped: 0.0005240 seconds, Stopping threads took: 0.0000420 seconds
51.006: Application time: 0.0391850 seconds
51.006: [GC [PSYoungGen: 7664K->512K(8192K)] 14190K->7038K(26112K), 0.0004760 secs] [Times: user=0.01 sys=0.00, real=0.00 secs] 
51.007: Total time for which application threads were stopped: 0.0005790 seconds, Stopping threads took: 0.0000530 seconds
51.046: Application time: 0.0390590 seconds
51.046: [GC [PSYoungGen: 7680K->512K(8192K)] 14206K->7086K(26112K), 0.0004060 secs] [Times: user=0.00 sys=0.00, real=0.00 secs] 
51.046: Total time for which application threads were stopped: 0.0005010 seconds, Stopping threads took: 0.0000480 seconds
51.086: Application time: 0.0393510 seconds
51.086: [GC [PSYoungGen: 7680K->448K(8192K)] 14254K->7070K(26112K), 0.0004680 secs] [Times: user=0.00 sys=0.00, real=0.00 secs] 
51.086: Total time for which application threads were stopped: 0.0005580 seconds, Stopping threads took: 0.0000420 seconds
51.126: Application time: 0.0395150 seconds
51.126: [GC [PSYoungGen: 7616K->304K(8192K)] 14238K->7046K(26112K), 0.0003830 secs] [Times: user=0.00 sys=0.00, real=0.00 secs] 
51.126: Total time for which application threads were stopped: 0.0004740 seconds, Stopping threads took: 0.0000420 seconds
51.165: Application time: 0.0393330 seconds
51.165: [GC [PSYoungGen: 7472K->288K(8192K)] 14214K->7078K(26112K), 0.0003730 secs] [Times: user=0.00 sys=0.00, real=0.00 secs] 
51.166: Total time for which application threads were stopped: 0.0004610 seconds, Stopping threads took: 0.0000420 seconds
51.205: Application time: 0.0392720 seconds
51.205: [GC [PSYoungGen: 7456K->272K(8192K)] 14246K->7110K(26112K), 0.0003930 secs] [Times: user=0.01 sys=0.00, real=0.00 secs] 
51.206: Total time for which application threads were stopped: 0.0004830 seconds, Stopping threads took: 0.0000400 seconds
51.244: Application time: 0.0385600 seconds
51.244: [GC [PSYoungGen: 7440K->272K(8192K)] 14278K->7166K(26112K), 0.0003680 secs] [Times: user=0.01 sys=0.00, real=0.00 secs] 
51.245: Total time for which application threads were stopped: 0.0004660 seconds, Stopping threads took: 0.0000460 seconds
51.283: Application time: 0.0380690 seconds
51.283: [GC [PSYoungGen: 7440K->368K(8192K)] 14334K->7262K(26112K), 0.0003720 secs] [Times: user=0.00 sys=0.00, real=0.00 secs] 
51.283: Total time for which application threads were stopped: 0.0004710 seconds, Stopping threads took: 0.0000470 seconds
51.322: Application time: 0.0387710 seconds
51.322: [GC [PSYoungGen: 7536K->384K(8192K)] 14430K->7278K(26112K), 0.0003980 secs] [Times: user=0.00 sys=0.00, real=0.00 secs] 
51.322: Total time for which application threads were stopped: 0.0005000 seconds, Stopping threads took: 0.0000500 seconds
51.361: Application time: 0.0388200 seconds
51.361: [GC [PSYoungGen: 7552K->400K(8192K)] 14446K->7294K(26112K), 0.0004000 secs] [Times: user=0.00 sys=0.00, real=0.00 secs] 
51.362: Total time for which application threads were stopped: 0.0005000 seconds, Stopping threads took: 0.0000480 seconds
51.400: Application time: 0.0384320 seconds
51.400: [GC [PSYoungGen: 7568K->512K(8192K)] 14462K->7406K(26112K), 0.0004640 secs] [Times: user=0.00 sys=0.00, real=0.00 secs] 
51.401: Total time for which application threads were stopped: 0.0005700 seconds, Stopping threads took: 0.0000460 seconds
51.440: Application time: 0.0393890 seconds
51.440: [GC [PSYoungGen: 7680K->512K(8192K)] 14574K->7406K(26112K), 0.0004160 secs] [Times: user=0.00 sys=0.00, real=0.00 secs] 
51.441: Total time for which application threads were stopped: 0.0005200 seconds, Stopping threads took: 0.0000500 seconds
51.480: Application time: 0.0394090 seconds
51.481: [GC [PSYoungGen: 7680K->544K(8192K)] 14574K->7438K(26112K), 0.0004200 secs] [Times: user=0.00 sys=0.00, real=0.00 secs] 
51.481: Total time for which application threads were stopped: 0.0010720 seconds, Stopping threads took: 0.0006000 seconds
51.520: Application time: 0.0392670 seconds
51.525: [GC [PSYoungGen: 7712K->512K(8192K)] 14606K->7406K(26112K), 0.0004460 secs] [Times: user=0.00 sys=0.00, real=0.00 secs] 
51.525: Total time for which application threads were stopped: 0.0047800 seconds, Stopping threads took: 0.0042810 seconds
51.565: Application time: 0.0395320 seconds
51.565: [GC [PSYoungGen: 7680K->560K(8192K)] 14574K->7454K(26112K), 0.0004210 secs] [Times: user=0.01 sys=0.00, real=0.00 secs] 
51.565: Total time for which application threads were stopped: 0.0005110 seconds, Stopping threads took: 0.0000410 seconds
51.605: Application time: 0.0392430 seconds
51.605: [GC [PSYoungGen: 7728K->560K(8192K)] 14622K->7454K(26112K), 0.0004850 secs] [Times: user=0.00 sys=0.00, real=0.00 secs] 
51.605: Total time for which application threads were stopped: 0.0005780 seconds, Stopping threads took: 0.0000440 seconds
51.644: Application time: 0.0392440 seconds
51.644: [GC [PSYoungGen: 7728K->528K(8192K)] 14622K->7422K(26112K), 0.0004420 secs] [Times: user=0.00 sys=0.01, real=0.00 secs] 
51.645: Total time for which application threads were stopped: 0.0005360 seconds, Stopping threads took: 0.0000460 seconds
51.684: Application time: 0.0390150 seconds
51.684: [GC [PSYoungGen: 7696K->512K(8192K)] 14590K->7406K(26112K), 0.0004080 secs] [Times: user=0.01 sys=0.00, real=0.00 secs] 
51.684: Total time for which application threads were stopped: 0.0005000 seconds, Stopping threads took: 0.0000430 seconds
51.724: Application time: 0.0392650 seconds
51.724: [GC [PSYoungGen: 7680K->496K(8192K)] 14574K->7390K(26112K), 0.0004740 secs] [Times: user=0.00 sys=0.00, real=0.00 secs] 
51.724: Total time for which application threads were stopped: 0.0005770 seconds, Stopping threads took: 0.0000470 seconds
51.764: Application time: 0.0400290 seconds
51.764: [GC [PSYoungGen: 7664K->512K(8192K)] 14558K->7406K(26112K), 0.0004100 secs] [Times: user=0.00 sys=0.00, real=0.00 secs] 
51.765: Total time for which application threads were stopped: 0.0005070 seconds, Stopping threads took: 0.0000470 seconds
51.804: Application time: 0.0390140 seconds
51.804: [GC [PSYoungGen: 7680K->512K(8192K)] 14574K->7406K(26112K), 0.0004080 secs] [Times: user=0.00 sys=0.00, real=0.00 secs] 
51.804: Total time for which application threads were stopped: 0.0005000 seconds, Stopping threads took: 0.0000480 seconds
51.844: Application time: 0.0393800 seconds
51.844: [GC [PSYoungGen: 7680K->480K(8192K)] 14574K->7422K(26112K), 0.0004470 secs] [Times: user=0.00 sys=0.00, real=0.00 secs] 
51.844: Total time for which application threads were stopped: 0.0005340 seconds, Stopping threads took: 0.0000390 seconds
51.884: Application time: 0.0393330 seconds
51.884: [GC [PSYoungGen: 7648K->368K(8192K)] 14590K->7430K(26112K), 0.0004100 secs] [Times: user=0.00 sys=0.00, real=0.00 secs] 
51.884: Total time for which application threads were stopped: 0.0005010 seconds, Stopping threads took: 0.0000420 seconds
51.923: Application time: 0.0393320 seconds
51.923: [GC [PSYoungGen: 7536K->336K(8192K)] 14598K->7446K(26112K), 0.0003960 secs] [Times: user=0.00 sys=0.00, real=0.00 secs] 
51.924: Total time for which application threads were stopped: 0.0005020 seconds, Stopping threads took: 0.0000480 seconds
51.963: Application time: 0.0392420 seconds
51.963: [GC [PSYoungGen: 7504K->256K(8192K)] 14614K->7414K(26112K), 0.0004080 secs] [Times: user=0.00 sys=0.00, real=0.00 secs] 
51.964: Total time for which application threads were stopped: 0.0005050 seconds, Stopping threads took: 0.0000470 seconds
52.003: Application time: 0.0392930 seconds
52.003: [GC [PSYoungGen: 7424K->256K(8192K)] 14582K->7494K(26112K), 0.0003500 secs] [Times: user=0.00 sys=0.00, real=0.00 secs] 
52.003: Total time for which application threads were stopped: 0.0004390 seconds, Stopping threads took: 0.0000370 seconds
52.042: Application time: 0.0389740 seconds
52.042: [GC [PSYoungGen: 7424K->272K(8192K)] 14662K->7510K(26112K), 0.0004010 secs] [Times: user=0.00 sys=0.00, real=0.00 secs] 
52.043: Total time for which application threads were stopped: 0.0005020 seconds, Stopping threads took: 0.0000440 seconds
52.081: Application time: 0.0378330 seconds
52.081: [GC [PSYoungGen: 7440K->336K(8192K)] 14678K->7574K(26112K), 0.0003730 secs] [Times: user=0.00 sys=0.00, real=0.00 secs] 
52.081: Total time for which application threads were stopped: 0.0004540 seconds, Stopping threads took: 0.0000330 seconds
52.120: Application time: 0.0387940 seconds
52.120: [GC [PSYoungGen: 7504K->416K(8192K)] 14742K->7654K(26112K), 0.0003950 secs] [Times: user=0.01 sys=0.00, real=0.00 secs] 
52.120: Total time for which application threads were stopped: 0.0004820 seconds, Stopping threads took: 0.0000400 seconds
52.160: Application time: 0.0393850 seconds
52.160: [GC [PSYoungGen: 7584K->464K(8192K)] 14822K->7702K(26112K), 0.0004690 secs] [Times: user=0.00 sys=0.00, real=0.00 secs] 
52.160: Total time for which application threads were stopped: 0.0005650 seconds, Stopping threads took: 0.0000420 seconds
52.199: Application time: 0.0386790 seconds
52.199: [GC [PSYoungGen: 7632K->480K(8192K)] 14870K->7718K(26112K), 0.0004770 secs] [Times: user=0.00 sys=0.00, real=0.00 secs] 
52.200: Total time for which application threads were stopped: 0.0005800 seconds, Stopping threads took: 0.0000540 seconds
52.239: Application time: 0.0395230 seconds
52.239: [GC [PSYoungGen: 7648K->528K(8192K)] 14886K->7766K(26112K), 0.0004140 secs] [Times: user=0.00 sys=0.00, real=0.00 secs] 
52.240: Total time for which application threads were stopped: 0.0005060 seconds, Stopping threads took: 0.0000430 seconds
52.279: Application time: 0.0393010 seconds
52.279: [GC [PSYoungGen: 7696K->496K(8192K)] 14934K->7734K(26112K), 0.0088240 secs] [Times: user=0.06 sys=0.00, real=0.00 secs] 
52.288: Total time for which application threads were stopped: 0.0089140 seconds, Stopping threads took: 0.0000420 seconds
52.327: Application time: 0.0393990 seconds
52.327: [GC [PSYoungGen: 7664K->480K(8192K)] 14902K->7718K(26112K), 0.0005290 secs] [Times: user=0.00 sys=0.00, real=0.00 secs] 
52.328: Total time for which application threads were stopped: 0.0006140 seconds, Stopping threads took: 0.0000350 seconds
52.367: Application time: 0.0393060 seconds
52.367: [GC [PSYoungGen: 7648K->512K(8192K)] 14886K->7750K(26112K), 0.0004020 secs] [Times: user=0.00 sys=0.00, real=0.00 secs] 
52.368: Total time for which application threads were stopped: 0.0004890 seconds, Stopping threads took: 0.0000360 seconds
52.407: Application time: 0.0392050 seconds
52.407: [GC [PSYoungGen: 7680K->480K(8192K)] 14918K->7718K(26112K), 0.0004130 secs] [Times: user=0.00 sys=0.00, real=0.00 secs] 
52.407: Total time for which application threads were stopped: 0.0005020 seconds, Stopping threads took: 0.0000410 seconds
52.447: Application time: 0.0392970 seconds
52.447: [GC [PSYoungGen: 7648K->496K(8192K)] 14886K->7734K(26112K), 0.0004040 secs] [Times: user=0.00 sys=0.00, real=0.00 secs] 
52.447: Total time for which application threads were stopped: 0.0005110 seconds, Stopping threads took: 0.0000490 seconds
52.486: Application time: 0.0391480 seconds
52.486: [GC [PSYoungGen: 7664K->528K(8192K)] 14902K->7766K(26112K), 0.0004550 secs] [Times: user=0.00 sys=0.00, real=0.00 secs] 
52.487: Total time for which application threads were stopped: 0.0005400 seconds, Stopping threads took: 0.0000380 seconds
52.526: Application time: 0.0392130 seconds
52.526: [GC [PSYoungGen: 7696K->512K(8192K)] 14934K->7750K(26112K), 0.0004150 secs] [Times: user=0.00 sys=0.00, real=0.00 secs] 
52.527: Total time for which application threads were stopped: 0.0005020 seconds, Stopping threads took: 0.0000400 seconds
52.566: Application time: 0.0392830 seconds
52.566: [GC [PSYoungGen: 7680K->480K(8192K)] 14918K->7718K(26112K), 0.0004350 secs] [Times: user=0.00 sys=0.00, real=0.00 secs] 
52.566: Total time for which application threads were stopped: 0.0005250 seconds, Stopping threads took: 0.0000380 seconds
52.606: Application time: 0.0392900 seconds
52.609: [GC [PSYoungGen: 7648K->464K(8192K)] 14886K->7702K(26112K), 0.0004250 secs] [Times: user=0.01 sys=0.00, real=0.00 secs] 
52.609: Total time for which application threads were stopped: 0.0034550 seconds, Stopping threads took: 0.0029710 seconds
52.648: Application time: 0.0392720 seconds
52.649: [GC [PSYoungGen: 7632K->448K(8192K)] 14870K->7726K(26112K), 0.0004110 secs] [Times: user=0.00 sys=0.00, real=0.01 secs] 
52.649: Total time for which application threads were stopped: 0.0005130 seconds, Stopping threads took: 0.0000520 seconds
52.688: Application time: 0.0393800 seconds
52.688: [GC [PSYoungGen: 7616K->384K(8192K)] 14894K->7782K(26112K), 0.0004410 secs] [Times: user=0.00 sys=0.00, real=0.01 secs] 
52.689: Total time for which application threads were stopped: 0.0005310 seconds, Stopping threads took: 0.0000400 seconds
52.729: Application time: 0.0398880 seconds
52.729: [GC [PSYoungGen: 7552K->336K(8192K)] 14950K->7790K(26112K), 0.0004310 secs] [Times: user=0.00 sys=0.00, real=0.00 secs] 
52.729: Total time for which application threads were stopped: 0.0005380 seconds, Stopping threads took: 0.0000500 seconds
52.769: Application time: 0.0392520 seconds
52.769: [GC [PSYoungGen: 7504K->272K(8192K)] 14958K->7814K(26112K), 0.0003980 secs] [Times: user=0.00 sys=0.00, real=0.01 secs] 
52.769: Total time for which application threads were stopped: 0.0004870 seconds, Stopping threads took: 0.0000460 seconds
52.808: Application time: 0.0392530 seconds
52.808: [GC [PSYoungGen: 7440K->256K(8192K)] 14982K->7854K(26112K), 0.0003750 secs] [Times: user=0.00 sys=0.00, real=0.01 secs] 
52.809: Total time for which application threads were stopped: 0.0004680 seconds, Stopping threads took: 0.0000460 seconds
52.848: Application time: 0.0391040 seconds
52.848: [GC [PSYoungGen: 7424K->272K(8192K)] 15022K->7870K(26112K), 0.0004010 secs] [Times: user=0.00 sys=0.00, real=0.00 secs] 
52.848: Total time for which application threads were stopped: 0.0004960 seconds, Stopping threads took: 0.0000470 seconds
52.886: Application time: 0.0377320 seconds
52.886: [GC [PSYoungGen: 7440K->320K(8192K)] 15038K->7919K(26112K), 0.0003980 secs] [Times: user=0.01 sys=0.00, real=0.00 secs] 
52.887: Total time for which application threads were stopped: 0.0005010 seconds, Stopping threads took: 0.0000530 seconds
52.926: Application time: 0.0388950 seconds
52.926: [GC [PSYoungGen: 7488K->400K(8192K)] 15087K->7999K(26112K), 0.0003990 secs] [Times: user=0.00 sys=0.00, real=0.00 secs] 
52.926: Total time for which application threads were stopped: 0.0004970 seconds, Stopping threads took: 0.0000470 seconds
52.964: Application time: 0.0381270 seconds
52.964: [GC [PSYoungGen: 7568K->496K(8192K)] 15167K->8095K(26112K), 0.0004740 secs] [Times: user=0.00 sys=0.00, real=0.00 secs] 
52.965: Total time for which application threads were stopped: 0.0005920 seconds, Stopping threads took: 0.0000530 seconds
53.004: Application time: 0.0392130 seconds
53.004: [GC [PSYoungGen: 7664K->512K(8192K)] 15263K->8111K(26112K), 0.0004280 secs] [Times: user=0.00 sys=0.00, real=0.00 secs] 
53.004: Total time for which application threads were stopped: 0.0005230 seconds, Stopping threads took: 0.0000440 seconds
53.044: Application time: 0.0395450 seconds
53.044: [GC [PSYoungGen: 7680K->512K(8192K)] 15279K->8110K(26112K), 0.0004290 secs] [Times: user=0.00 sys=0.00, real=0.00 secs] 
53.045: Total time for which application threads were stopped: 0.0005210 seconds, Stopping threads took: 0.0000430 seconds
53.084: Application time: 0.0394460 seconds
53.084: [GC [PSYoungGen: 7680K->480K(8192K)] 15278K->8079K(26112K), 0.0004230 secs] [Times: user=0.00 sys=0.00, real=0.00 secs] 
53.085: Total time for which application threads were stopped: 0.0005370 seconds, Stopping threads took: 0.0000640 seconds
53.124: Application time: 0.0392070 seconds
53.124: [GC [PSYoungGen: 7648K->512K(8192K)] 15247K->8110K(26112K), 0.0004520 secs] [Times: user=0.00 sys=0.00, real=0.00 secs] 
53.124: Total time for which application threads were stopped: 0.0005410 seconds, Stopping threads took: 0.0000410 seconds
53.164: Application time: 0.0394490 seconds
53.164: [GC [PSYoungGen: 7680K->464K(8192K)] 15278K->8063K(26112K), 0.0004590 secs] [Times: user=0.00 sys=0.00, real=0.00 secs] 
53.164: Total time for which application threads were stopped: 0.0005460 seconds, Stopping threads took: 0.0000360 seconds
53.204: Application time: 0.0393010 seconds
53.204: [GC [PSYoungGen: 7632K->528K(8192K)] 15231K->8127K(26112K), 0.0004550 secs] [Times: user=0.00 sys=0.00, real=0.00 secs] 
53.204: Total time for which application threads were stopped: 0.0005500 seconds, Stopping threads took: 0.0000430 seconds
53.243: Application time: 0.0391850 seconds
53.243: [GC [PSYoungGen: 7696K->512K(8192K)] 15295K->8111K(26112K), 0.0004430 secs] [Times: user=0.00 sys=0.00, real=0.00 secs] 
53.244: Total time for which application threads were stopped: 0.0005320 seconds, Stopping threads took: 0.0000400 seconds
53.283: Application time: 0.0390600 seconds
53.283: [GC [PSYoungGen: 7680K->464K(8192K)] 15279K->8062K(26112K), 0.0004610 secs] [Times: user=0.00 sys=0.00, real=0.00 secs] 
53.283: Total time for which application threads were stopped: 0.0005520 seconds, Stopping threads took: 0.0000400 seconds
53.323: Application time: 0.0395590 seconds
53.323: [GC [PSYoungGen: 7632K->512K(8192K)] 15230K->8110K(26112K), 0.0004670 secs] [Times: user=0.00 sys=0.00, real=0.00 secs] 
53.324: Total time for which application threads were stopped: 0.0005600 seconds, Stopping threads took: 0.0000400 seconds
53.362: Application time: 0.0388510 seconds
53.363: [GC [PSYoungGen: 7680K->480K(8192K)] 15278K->8079K(26112K), 0.0004040 secs] [Times: user=0.00 sys=0.00, real=0.00 secs] 
53.363: Total time for which application threads were stopped: 0.0005070 seconds, Stopping threads took: 0.0000500 seconds
53.402: Application time: 0.0392310 seconds
53.402: [GC [PSYoungGen: 7648K->528K(8192K)] 15247K->8127K(26112K), 0.0004180 secs] [Times: user=0.00 sys=0.00, real=0.00 secs] 
53.403: Total time for which application threads were stopped: 0.0005130 seconds, Stopping threads took: 0.0000460 seconds
53.442: Application time: 0.0393910 seconds
53.442: [GC [PSYoungGen: 7696K->496K(8192K)] 15295K->8143K(26112K), 0.0004120 secs] [Times: user=0.00 sys=0.00, real=0.00 secs] 
53.443: Total time for which application threads were stopped: 0.0005060 seconds, Stopping threads took: 0.0000460 seconds
53.482: Application time: 0.0392180 seconds
53.482: [GC [PSYoungGen: 7664K->336K(8192K)] 15311K->8087K(26112K), 0.0004040 secs] [Times: user=0.00 sys=0.00, real=0.00 secs] 
53.482: Total time for which application threads were stopped: 0.0005110 seconds, Stopping threads took: 0.0000430 seconds
53.522: Application time: 0.0393530 seconds
53.522: [GC [PSYoungGen: 7504K->352K(8192K)] 15255K->8159K(26112K), 0.0003920 secs] [Times: user=0.00 sys=0.00, real=0.00 secs] 
53.522: Total time for which application threads were stopped: 0.0004890 seconds, Stopping threads took: 0.0000430 seconds
53.561: Application time: 0.0392800 seconds
53.562: [GC [PSYoungGen: 7520K->256K(8192K)] 15327K->8191K(26112K), 0.0003690 secs] [Times: user=0.00 sys=0.00, real=0.00 secs] 
53.562: Total time for which application threads were stopped: 0.0004630 seconds, Stopping threads took: 0.0000430 seconds
53.601: Application time: 0.0386720 seconds
53.601: [GC [PSYoungGen: 7424K->272K(8192K)] 15359K->8207K(26112K), 0.0003700 secs] [Times: user=0.00 sys=0.00, real=0.00 secs] 
53.601: Total time for which application threads were stopped: 0.0004600 seconds, Stopping threads took: 0.0000390 seconds
53.640: Application time: 0.0393450 seconds
53.640: [GC [PSYoungGen: 7440K->272K(8192K)] 15375K->8207K(26112K), 0.0003630 secs] [Times: user=0.00 sys=0.00, real=0.00 secs] 
53.641: Total time for which application threads were stopped: 0.0004550 seconds, Stopping threads took: 0.0000420 seconds
53.680: Application time: 0.0388440 seconds
53.680: [GC [PSYoungGen: 7440K->384K(8192K)] 15375K->8319K(26112K), 0.0004950 secs] [Times: user=0.00 sys=0.00, real=0.00 secs] 
53.680: Total time for which application threads were stopped: 0.0006020 seconds, Stopping threads took: 0.0000490 seconds
53.719: Application time: 0.0390300 seconds
53.719: [GC [PSYoungGen: 7552K->384K(8192K)] 15487K->8319K(26112K), 0.0004660 secs] [Times: user=0.01 sys=0.00, real=0.00 secs] 
53.720: Total time for which application threads were stopped: 0.0005720 seconds, Stopping threads took: 0.0000500 seconds
53.758: Application time: 0.0378860 seconds
53.758: [GC [PSYoungGen: 7552K->544K(8192K)] 15487K->8479K(26112K), 0.0004160 secs] [Times: user=0.00 sys=0.00, real=0.00 secs] 
53.758: Total time for which application threads were stopped: 0.0005060 seconds, Stopping threads took: 0.0000370 seconds
53.799: Application time: 0.0403570 seconds
53.799: [GC [PSYoungGen: 7712K->512K(8192K)] 15647K->8447K(26112K), 0.0004510 secs] [Times: user=0.01 sys=0.00, real=0.00 secs] 
53.799: Total time for which application threads were stopped: 0.0005510 seconds, Stopping threads took: 0.0000470 seconds
53.838: Application time: 0.0391190 seconds
53.838: [GC [PSYoungGen: 7680K->528K(8192K)] 15615K->8463K(26112K), 0.0004410 secs] [Times: user=0.00 sys=0.00, real=0.00 secs] 
53.839: Total time for which application threads were stopped: 0.0005380 seconds, Stopping threads took: 0.0000490 seconds
53.878: Application time: 0.0394510 seconds
53.878: [GC [PSYoungGen: 7696K->512K(8192K)] 15631K->8447K(26112K), 0.0004530 secs] [Times: user=0.00 sys=0.00, real=0.00 secs] 
53.879: Total time for which application threads were stopped: 0.0005390 seconds, Stopping threads took: 0.0000350 seconds
53.918: Application time: 0.0391660 seconds
53.918: [GC [PSYoungGen: 7680K->496K(8192K)] 15615K->8431K(26112K), 0.0003930 secs] [Times: user=0.00 sys=0.00, real=0.00 secs] 
53.919: Total time for which application threads were stopped: 0.0004820 seconds, Stopping threads took: 0.0000410 seconds
53.958: Application time: 0.0392180 seconds
53.958: [GC [PSYoungGen: 7664K->480K(8192K)] 15599K->8415K(26112K), 0.0004470 secs] [Times: user=0.00 sys=0.00, real=0.00 secs] 
53.958: Total time for which application threads were stopped: 0.0005370 seconds, Stopping threads took: 0.0000430 seconds
53.997: Application time: 0.0391730 seconds
53.998: [GC [PSYoungGen: 7648K->528K(8192K)] 15583K->8463K(26112K), 0.0004450 secs] [Times: user=0.00 sys=0.00, real=0.00 secs] 
53.998: Total time for which application threads were stopped: 0.0005570 seconds, Stopping threads took: 0.0000540 seconds
54.038: Application time: 0.0396350 seconds
54.038: [GC [PSYoungGen: 7696K->528K(8192K)] 15631K->8463K(26112K), 0.0004510 secs] [Times: user=0.00 sys=0.00, real=0.00 secs] 
54.038: Total time for which application threads were stopped: 0.0005430 seconds, Stopping threads took: 0.0000400 seconds
54.078: Application time: 0.0397350 seconds
54.078: [GC [PSYoungGen: 7696K->512K(8192K)] 15631K->8447K(26112K), 0.0004060 secs] [Times: user=0.01 sys=0.00, real=0.00 secs] 
54.078: Total time for which application threads were stopped: 0.0005010 seconds, Stopping threads took: 0.0000420 seconds
54.118: Application time: 0.0392880 seconds
54.118: [GC [PSYoungGen: 7680K->496K(8192K)] 15615K->8431K(26112K), 0.0005360 secs] [Times: user=0.00 sys=0.00, real=0.00 secs] 
54.118: Total time for which application threads were stopped: 0.0006270 seconds, Stopping threads took: 0.0000390 seconds
54.157: Application time: 0.0388400 seconds
54.157: [GC [PSYoungGen: 7664K->512K(8192K)] 15599K->8447K(26112K), 0.0004070 secs] [Times: user=0.01 sys=0.00, real=0.00 secs] 
54.158: Total time for which application threads were stopped: 0.0005030 seconds, Stopping threads took: 0.0000440 seconds
54.197: Application time: 0.0394230 seconds
54.197: [GC [PSYoungGen: 7680K->464K(8192K)] 15615K->8447K(26112K), 0.0004630 secs] [Times: user=0.00 sys=0.00, real=0.00 secs] 
54.198: Total time for which application threads were stopped: 0.0005570 seconds, Stopping threads took: 0.0000470 seconds
54.237: Application time: 0.0395420 seconds
54.237: [GC [PSYoungGen: 7632K->400K(8192K)] 15615K->8383K(26112K), 0.0004000 secs] [Times: user=0.00 sys=0.00, real=0.00 secs] 
54.238: Total time for which application threads were stopped: 0.0004870 seconds, Stopping threads took: 0.0000420 seconds
54.277: Application time: 0.0392990 seconds
54.277: [GC [PSYoungGen: 7568K->384K(8192K)] 15551K->8487K(26112K), 0.0004610 secs] [Times: user=0.00 sys=0.00, real=0.00 secs] 
54.278: Total time for which application threads were stopped: 0.0005470 seconds, Stopping threads took: 0.0000380 seconds
54.317: Application time: 0.0391940 seconds
54.317: [GC [PSYoungGen: 7552K->320K(8192K)] 15655K->8471K(26112K), 0.0004140 secs] [Times: user=0.00 sys=0.00, real=0.00 secs] 
54.317: Total time for which application threads were stopped: 0.0005030 seconds, Stopping threads took: 0.0000400 seconds
54.357: Application time: 0.0392730 seconds
54.357: [GC [PSYoungGen: 7488K->256K(8192K)] 15639K->8531K(26112K), 0.0003960 secs] [Times: user=0.00 sys=0.00, real=0.01 secs] 
54.357: Total time for which application threads were stopped: 0.0004930 seconds, Stopping threads took: 0.0000470 seconds
54.396: Application time: 0.0387690 seconds
54.396: [GC [PSYoungGen: 7423K->272K(8192K)] 15699K->8547K(26112K), 0.0003690 secs] [Times: user=0.00 sys=0.00, real=0.00 secs] 
54.396: Total time for which application threads were stopped: 0.0004590 seconds, Stopping threads took: 0.0000380 seconds
54.434: Application time: 0.0378090 seconds
54.434: [GC [PSYoungGen: 7440K->352K(8192K)] 15715K->8627K(26112K), 0.0003800 secs] [Times: user=0.00 sys=0.00, real=0.00 secs] 
54.435: Total time for which application threads were stopped: 0.0004730 seconds, Stopping threads took: 0.0000420 seconds
54.474: Application time: 0.0393460 seconds
54.474: [GC [PSYoungGen: 7520K->400K(8192K)] 15795K->8675K(26112K), 0.0003820 secs] [Times: user=0.01 sys=0.00, real=0.00 secs] 
54.474: Total time for which application threads were stopped: 0.0004700 seconds, Stopping threads took: 0.0000410 seconds
54.513: Application time: 0.0388490 seconds
54.513: [GC [PSYoungGen: 7568K->368K(8192K)] 15843K->8643K(26112K), 0.0004890 secs] [Times: user=0.01 sys=0.00, real=0.00 secs] 
54.514: Total time for which application threads were stopped: 0.0005980 seconds, Stopping threads took: 0.0000450 seconds
54.552: Application time: 0.0377770 seconds
54.552: [GC [PSYoungGen: 7536K->512K(8192K)] 15811K->8787K(26112K), 0.0004310 secs] [Times: user=0.00 sys=0.00, real=0.00 secs] 
54.552: Total time for which application threads were stopped: 0.0005230 seconds, Stopping threads took: 0.0000430 seconds
54.591: Application time: 0.0392100 seconds
54.591: [GC [PSYoungGen: 7680K->528K(8192K)] 15955K->8803K(26112K), 0.0004230 secs] [Times: user=0.00 sys=0.00, real=0.00 secs] 
54.592: Total time for which application threads were stopped: 0.0005190 seconds, Stopping threads took: 0.0000460 seconds
54.631: Application time: 0.0394830 seconds
54.631: [GC [PSYoungGen: 7696K->512K(8192K)] 15971K->8787K(26112K), 0.0004170 secs] [Times: user=0.00 sys=0.00, real=0.00 secs] 
54.632: Total time for which application threads were stopped: 0.0005090 seconds, Stopping threads took: 0.0000390 seconds
54.671: Application time: 0.0393310 seconds
54.671: [GC [PSYoungGen: 7680K->528K(8192K)] 15955K->8803K(26112K), 0.0004060 secs] [Times: user=0.00 sys=0.00, real=0.00 secs] 
54.672: Total time for which application threads were stopped: 0.0004950 seconds, Stopping threads took: 0.0000410 seconds
54.711: Application time: 0.0393290 seconds
54.711: [GC [PSYoungGen: 7696K->496K(8192K)] 15971K->8771K(26112K), 0.0004810 secs] [Times: user=0.00 sys=0.00, real=0.00 secs] 
54.712: Total time for which application threads were stopped: 0.0005920 seconds, Stopping threads took: 0.0000490 seconds
54.751: Application time: 0.0392830 seconds
54.751: [GC [PSYoungGen: 7664K->512K(8192K)] 15939K->8787K(26112K), 0.0004050 secs] [Times: user=0.00 sys=0.00, real=0.00 secs] 
54.751: Total time for which application threads were stopped: 0.0005000 seconds, Stopping threads took: 0.0000430 seconds
54.791: Application time: 0.0391920 seconds
54.791: [GC [PSYoungGen: 7680K->512K(8192K)] 15955K->8787K(26112K), 0.0004460 secs] [Times: user=0.00 sys=0.00, real=0.00 secs] 
54.791: Total time for which application threads were stopped: 0.0005360 seconds, Stopping threads took: 0.0000420 seconds
54.830: Application time: 0.0391460 seconds
54.830: [GC [PSYoungGen: 7680K->512K(8192K)] 15955K->8787K(26112K), 0.0004120 secs] [Times: user=0.00 sys=0.00, real=0.00 secs] 
54.831: Total time for which application threads were stopped: 0.0005050 seconds, Stopping threads took: 0.0000440 seconds
54.870: Application time: 0.0392280 seconds
54.870: [GC [PSYoungGen: 7680K->496K(8192K)] 15955K->8771K(26112K), 0.0004810 secs] [Times: user=0.00 sys=0.00, real=0.00 secs] 
54.871: Total time for which application threads were stopped: 0.0005670 seconds, Stopping threads took: 0.0000400 seconds
54.910: Application time: 0.0391510 seconds
54.910: [GC [PSYoungGen: 7664K->512K(8192K)] 15939K->8787K(26112K), 0.0004220 secs] [Times: user=0.00 sys=0.00, real=0.00 secs] 
54.910: Total time for which application threads were stopped: 0.0005070 seconds, Stopping threads took: 0.0000360 seconds
54.949: Application time: 0.0390900 seconds
54.949: [GC [PSYoungGen: 7680K->480K(8192K)] 15955K->8755K(26112K), 0.0004590 secs] [Times: user=0.00 sys=0.00, real=0.00 secs] 
54.950: Total time for which application threads were stopped: 0.0005600 seconds, Stopping threads took: 0.0000520 seconds
54.989: Application time: 0.0392560 seconds
54.989: [GC [PSYoungGen: 7648K->416K(8192K)] 15923K->8731K(26112K), 0.0004980 secs] [Times: user=0.00 sys=0.00, real=0.00 secs] 
54.990: Total time for which application threads were stopped: 0.0005840 seconds, Stopping threads took: 0.0000370 seconds
55.029: Application time: 0.0397620 seconds
55.030: [GC [PSYoungGen: 7584K->352K(8192K)] 15899K->8779K(26112K), 0.0004050 secs] [Times: user=0.00 sys=0.00, real=0.00 secs] 
55.030: Total time for which application threads were stopped: 0.0005010 seconds, Stopping threads took: 0.0000390 seconds
55.069: Application time: 0.0392650 seconds
55.069: [GC [PSYoungGen: 7520K->352K(8192K)] 15947K->8779K(26112K), 0.0003960 secs] [Times: user=0.00 sys=0.00, real=0.00 secs] 
55.070: Total time for which application threads were stopped: 0.0004930 seconds, Stopping threads took: 0.0000480 seconds
55.109: Application time: 0.0393000 seconds
55.109: [GC [PSYoungGen: 7520K->304K(8192K)] 15947K->8787K(26112K), 0.0003690 secs] [Times: user=0.01 sys=0.00, real=0.00 secs] 
55.110: Total time for which application threads were stopped: 0.0004530 seconds, Stopping threads took: 0.0000370 seconds
55.149: Application time: 0.0393480 seconds
55.149: [GC [PSYoungGen: 7472K->256K(8192K)] 15955K->8859K(26112K), 0.0003650 secs] [Times: user=0.00 sys=0.00, real=0.00 secs] 
55.149: Total time for which application threads were stopped: 0.0004510 seconds, Stopping threads took: 0.0000380 seconds
55.189: Application time: 0.0397180 seconds
55.189: [GC [PSYoungGen: 7424K->272K(8192K)] 16027K->8875K(26112K), 0.0004160 secs] [Times: user=0.00 sys=0.00, real=0.00 secs] 
55.190: Total time for which application threads were stopped: 0.0005210 seconds, Stopping threads took: 0.0000490 seconds
55.228: Application time: 0.0383190 seconds
55.228: [GC [PSYoungGen: 7440K->400K(8192K)] 16043K->9003K(26112K), 0.0003920 secs] [Times: user=0.00 sys=0.00, real=0.00 secs] 
55.228: Total time for which application threads were stopped: 0.0004990 seconds, Stopping threads took: 0.0000540 seconds
55.267: Application time: 0.0386570 seconds
55.267: [GC [PSYoungGen: 7560K->400K(8192K)] 16163K->9003K(26112K), 0.0004420 secs] [Times: user=0.01 sys=0.00, real=0.00 secs] 
55.268: Total time for which application threads were stopped: 0.0005370 seconds, Stopping threads took: 0.0000440 seconds
55.307: Application time: 0.0398470 seconds
55.308: [GC [PSYoungGen: 7568K->416K(8192K)] 16171K->9019K(26112K), 0.0004250 secs] [Times: user=0.00 sys=0.00, real=0.00 secs] 
55.308: Total time for which application threads were stopped: 0.0010090 seconds, Stopping threads took: 0.0005280 seconds
55.347: Application time: 0.0383130 seconds
55.347: [GC [PSYoungGen: 7584K->512K(8192K)] 16187K->9115K(26112K), 0.0004190 secs] [Times: user=0.00 sys=0.00, real=0.00 secs] 
55.347: Total time for which application threads were stopped: 0.0005220 seconds, Stopping threads took: 0.0000440 seconds
55.387: Application time: 0.0392430 seconds
55.387: [GC [PSYoungGen: 7680K->528K(8192K)] 16283K->9131K(26112K), 0.0004120 secs] [Times: user=0.00 sys=0.00, real=0.00 secs] 
55.387: Total time for which application threads were stopped: 0.0005000 seconds, Stopping threads took: 0.0000410 seconds
55.427: Application time: 0.0398730 seconds
55.427: [GC [PSYoungGen: 7696K->480K(8192K)] 16299K->9083K(26112K), 0.0003940 secs] [Times: user=0.00 sys=0.00, real=0.00 secs] 
55.427: Total time for which application threads were stopped: 0.0004890 seconds, Stopping threads took: 0.0000470 seconds
55.467: Application time: 0.0393340 seconds
55.467: [GC [PSYoungGen: 7648K->512K(8192K)] 16251K->9115K(26112K), 0.0004410 secs] [Times: user=0.00 sys=0.00, real=0.00 secs] 
55.467: Total time for which application threads were stopped: 0.0005290 seconds, Stopping threads took: 0.0000370 seconds
55.507: Application time: 0.0399500 seconds
55.507: [GC [PSYoungGen: 7680K->528K(8192K)] 16283K->9131K(26112K), 0.0004510 secs] [Times: user=0.01 sys=0.00, real=0.00 secs] 
55.508: Total time for which application threads were stopped: 0.0005440 seconds, Stopping threads took: 0.0000490 seconds
55.547: Application time: 0.0393190 seconds
55.547: [GC [PSYoungGen: 7696K->480K(8192K)] 16299K->9083K(26112K), 0.0004900 secs] [Times: user=0.00 sys=0.00, real=0.00 secs] 
55.548: Total time for which application threads were stopped: 0.0005970 seconds, Stopping threads took: 0.0000460 seconds
55.587: Application time: 0.0394250 seconds
55.587: [GC [PSYoungGen: 7648K->480K(8192K)] 16251K->9083K(26112K), 0.0004160 secs] [Times: user=0.00 sys=0.00, real=0.00 secs] 
55.588: Total time for which application threads were stopped: 0.0005080 seconds, Stopping threads took: 0.0000410 seconds
55.627: Application time: 0.0391890 seconds
55.627: [GC [PSYoungGen: 7648K->496K(8192K)] 16251K->9099K(26112K), 0.0004270 secs] [Times: user=0.00 sys=0.00, real=0.00 secs] 
55.627: Total time for which application threads were stopped: 0.0005220 seconds, Stopping threads took: 0.0000440 seconds
55.667: Application time: 0.0392500 seconds
55.667: [GC [PSYoungGen: 7664K->448K(8192K)] 16267K->9051K(26112K), 0.0004220 secs] [Times: user=0.00 sys=0.00, real=0.00 secs] 
55.667: Total time for which application threads were stopped: 0.0005150 seconds, Stopping threads took: 0.0000440 seconds
55.706: Application time: 0.0392690 seconds
55.707: [GC [PSYoungGen: 7616K->448K(8192K)] 16219K->9051K(26112K), 0.0005420 secs] [Times: user=0.00 sys=0.00, real=0.00 secs] 
55.707: Total time for which application threads were stopped: 0.0007960 seconds, Stopping threads took: 0.0001930 seconds
55.746: Application time: 0.0392410 seconds
55.746: [GC [PSYoungGen: 7616K->464K(8192K)] 16219K->9067K(26112K), 0.0004300 secs] [Times: user=0.00 sys=0.00, real=0.00 secs] 
55.748: Total time for which application threads were stopped: 0.0016220 seconds, Stopping threads took: 0.0000510 seconds
55.787: Application time: 0.0393260 seconds
55.787: [GC [PSYoungGen: 7632K->496K(8192K)] 16235K->9147K(26112K), 0.0004170 secs] [Times: user=0.00 sys=0.00, real=0.00 secs] 
55.788: Total time for which application threads were stopped: 0.0005060 seconds, Stopping threads took: 0.0000450 seconds
55.828: Application time: 0.0398290 seconds
55.828: [GC [PSYoungGen: 7664K->400K(8192K)] 16315K->9171K(26112K), 0.0004270 secs] [Times: user=0.00 sys=0.00, real=0.00 secs] 
55.828: Total time for which application threads were stopped: 0.0005270 seconds, Stopping threads took: 0.0000500 seconds
55.868: Application time: 0.0393320 seconds
55.868: [GC [PSYoungGen: 7568K->304K(8192K)] 16339K->9131K(26112K), 0.0003800 secs] [Times: user=0.01 sys=0.00, real=0.00 secs] 
55.868: Total time for which application threads were stopped: 0.0004740 seconds, Stopping threads took: 0.0000460 seconds
55.908: Application time: 0.0396860 seconds
55.908: [GC [PSYoungGen: 7472K->320K(8192K)] 16299K->9195K(26112K), 0.0003710 secs] [Times: user=0.01 sys=0.00, real=0.00 secs] 
55.908: Total time for which application threads were stopped: 0.0004630 seconds, Stopping threads took: 0.0000380 seconds
55.947: Application time: 0.0392470 seconds
55.949: [GC [PSYoungGen: 7488K->256K(8192K)] 16363K->9227K(26112K), 0.0004590 secs] [Times: user=0.00 sys=0.00, real=0.00 secs] 
55.949: Total time for which application threads were stopped: 0.0018250 seconds, Stopping threads took: 0.0013140 seconds
55.988: Application time: 0.0388670 seconds
55.988: [GC [PSYoungGen: 7424K->272K(8192K)] 16395K->9243K(26112K), 0.0003920 secs] [Times: user=0.00 sys=0.00, real=0.00 secs] 
55.989: Total time for which application threads were stopped: 0.0004890 seconds, Stopping threads took: 0.0000460 seconds
56.026: Application time: 0.0376420 seconds
56.026: [GC [PSYoungGen: 7440K->352K(8192K)] 16411K->9324K(26112K), 0.0003820 secs] [Times: user=0.00 sys=0.00, real=0.00 secs] 
56.027: Total time for which application threads were stopped: 0.0004750 seconds, Stopping threads took: 0.0000450 seconds
56.065: Application time: 0.0387290 seconds
56.066: [GC [PSYoungGen: 7520K->400K(8192K)] 16492K->9372K(26112K), 0.0004360 secs] [Times: user=0.00 sys=0.00, real=0.00 secs] 
56.066: Total time for which application threads were stopped: 0.0005410 seconds, Stopping threads took: 0.0000430 seconds
56.104: Application time: 0.0384030 seconds
56.104: [GC [PSYoungGen: 7568K->432K(8192K)] 16540K->9404K(26112K), 0.0004210 secs] [Times: user=0.00 sys=0.00, real=0.00 secs] 
56.105: Total time for which application threads were stopped: 0.0005230 seconds, Stopping threads took: 0.0000510 seconds
56.144: Application time: 0.0388410 seconds
56.144: [GC [PSYoungGen: 7600K->544K(8192K)] 16572K->9516K(26112K), 0.0004110 secs] [Times: user=0.00 sys=0.00, real=0.00 secs] 
56.144: Total time for which application threads were stopped: 0.0005150 seconds, Stopping threads took: 0.0000490 seconds
56.184: Application time: 0.0394430 seconds
56.184: [GC [PSYoungGen: 7712K->480K(8192K)] 16684K->9452K(26112K), 0.0004170 secs] [Times: user=0.00 sys=0.00, real=0.00 secs] 
56.184: Total time for which application threads were stopped: 0.0005100 seconds, Stopping threads took: 0.0000430 seconds
56.224: Application time: 0.0393100 seconds
56.224: [GC [PSYoungGen: 7648K->528K(8192K)] 16620K->9500K(26112K), 0.0004270 secs] [Times: user=0.00 sys=0.00, real=0.00 secs] 
56.224: Total time for which application threads were stopped: 0.0005280 seconds, Stopping threads took: 0.0000520 seconds
56.263: Application time: 0.0392350 seconds
56.263: [GC [PSYoungGen: 7696K->496K(8192K)] 16668K->9468K(26112K), 0.0004180 secs] [Times: user=0.00 sys=0.00, real=0.00 secs] 
56.264: Total time for which application threads were stopped: 0.0005230 seconds, Stopping threads took: 0.0000580 seconds
56.303: Application time: 0.0392410 seconds
56.305: [GC [PSYoungGen: 7664K->464K(8192K)] 16636K->9436K(26112K), 0.0004060 secs] [Times: user=0.01 sys=0.00, real=0.00 secs] 
56.305: Total time for which application threads were stopped: 0.0021120 seconds, Stopping threads took: 0.0016580 seconds
56.344: Application time: 0.0392740 seconds
56.345: [GC [PSYoungGen: 7632K->448K(8192K)] 16604K->9420K(26112K), 0.0004370 secs] [Times: user=0.00 sys=0.00, real=0.00 secs] 
56.345: Total time for which application threads were stopped: 0.0005240 seconds, Stopping threads took: 0.0000420 seconds
56.384: Application time: 0.0391530 seconds
56.384: [GC [PSYoungGen: 7616K->480K(8192K)] 16588K->9452K(26112K), 0.0004100 secs] [Times: user=0.01 sys=0.00, real=0.00 secs] 
56.385: Total time for which application threads were stopped: 0.0004980 seconds, Stopping threads took: 0.0000380 seconds
56.424: Application time: 0.0392570 seconds
56.424: [GC [PSYoungGen: 7648K->480K(8192K)] 16620K->9452K(26112K), 0.0004180 secs] [Times: user=0.00 sys=0.00, real=0.00 secs] 
56.424: Total time for which application threads were stopped: 0.0005150 seconds, Stopping threads took: 0.0000460 seconds
56.464: Application time: 0.0392820 seconds
56.464: [GC [PSYoungGen: 7648K->512K(8192K)] 16620K->9484K(26112K), 0.0004990 secs] [Times: user=0.00 sys=0.00, real=0.00 secs] 
56.464: Total time for which application threads were stopped: 0.0005930 seconds, Stopping threads took: 0.0000440 seconds
56.503: Application time: 0.0392090 seconds
56.504: [GC [PSYoungGen: 7680K->512K(8192K)] 16652K->9484K(26112K), 0.0004590 secs] [Times: user=0.00 sys=0.00, real=0.00 secs] 
56.504: Total time for which application threads were stopped: 0.0005510 seconds, Stopping threads took: 0.0000420 seconds
56.543: Application time: 0.0392620 seconds
56.543: [GC [PSYoungGen: 7680K->496K(8192K)] 16652K->9468K(26112K), 0.0004230 secs] [Times: user=0.00 sys=0.00, real=0.00 secs] 
56.544: Total time for which application threads were stopped: 0.0005150 seconds, Stopping threads took: 0.0000410 seconds
56.583: Application time: 0.0392770 seconds
56.583: [GC [PSYoungGen: 7664K->464K(8192K)] 16636K->9492K(26112K), 0.0004110 secs] [Times: user=0.00 sys=0.00, real=0.00 secs] 
56.584: Total time for which application threads were stopped: 0.0005070 seconds, Stopping threads took: 0.0000410 seconds
56.623: Application time: 0.0393300 seconds
56.623: [GC [PSYoungGen: 7632K->384K(8192K)] 16660K->9524K(26112K), 0.0004030 secs] [Times: user=0.00 sys=0.00, real=0.00 secs] 
56.623: Total time for which application threads were stopped: 0.0004890 seconds, Stopping threads took: 0.0000410 seconds
56.663: Application time: 0.0395680 seconds
56.665: [GC [PSYoungGen: 7552K->336K(8192K)] 16692K->9532K(26112K), 0.0004730 secs] [Times: user=0.00 sys=0.00, real=0.00 secs] 
56.665: Total time for which application threads were stopped: 0.0022410 seconds, Stopping threads took: 0.0017110 seconds
56.705: Application time: 0.0399500 seconds
56.705: [GC [PSYoungGen: 7504K->288K(8192K)] 16700K->9588K(26112K), 0.0005220 secs] [Times: user=0.00 sys=0.00, real=0.00 secs] 
56.706: Total time for which application threads were stopped: 0.0006890 seconds, Stopping threads took: 0.0001000 seconds
56.746: Application time: 0.0399300 seconds
56.746: [GC [PSYoungGen: 7456K->256K(8192K)] 16756K->9612K(26112K), 0.0003970 secs] [Times: user=0.00 sys=0.00, real=0.00 secs] 
56.746: Total time for which application threads were stopped: 0.0005350 seconds, Stopping threads took: 0.0000770 seconds
56.784: Application time: 0.0377430 seconds
56.784: [GC [PSYoungGen: 7424K->304K(8192K)] 16780K->9660K(26112K), 0.0003710 secs] [Times: user=0.00 sys=0.00, real=0.00 secs] 
56.785: Total time for which application threads were stopped: 0.0004660 seconds, Stopping threads took: 0.0000430 seconds
56.824: Application time: 0.0397730 seconds
56.824: [GC [PSYoungGen: 7472K->336K(8192K)] 16828K->9692K(26112K), 0.0004280 secs] [Times: user=0.00 sys=0.00, real=0.00 secs] 
56.825: Total time for which application threads were stopped: 0.0005350 seconds, Stopping threads took: 0.0000500 seconds
56.864: Application time: 0.0390540 seconds
56.864: [GC [PSYoungGen: 7504K->368K(8192K)] 16860K->9724K(26112K), 0.0003930 secs] [Times: user=0.00 sys=0.00, real=0.00 secs] 
56.864: Total time for which application threads were stopped: 0.0004980 seconds, Stopping threads took: 0.0000470 seconds
56.902: Application time: 0.0379800 seconds
56.902: [GC [PSYoungGen: 7536K->464K(8192K)] 16892K->9820K(26112K), 0.0004220 secs] [Times: user=0.00 sys=0.00, real=0.00 secs] 
56.903: Total time for which application threads were stopped: 0.0005200 seconds, Stopping threads took: 0.0000480 seconds
56.942: Application time: 0.0390830 seconds
56.942: [GC [PSYoungGen: 7632K->560K(8192K)] 16988K->9916K(26112K), 0.0004380 secs] [Times: user=0.00 sys=0.00, real=0.00 secs] 
56.943: Total time for which application threads were stopped: 0.0005480 seconds, Stopping threads took: 0.0000560 seconds
56.982: Application time: 0.0392040 seconds
56.982: [GC [PSYoungGen: 7728K->464K(8192K)] 17084K->9820K(26112K), 0.0004180 secs] [Times: user=0.01 sys=0.00, real=0.00 secs] 
56.982: Total time for which application threads were stopped: 0.0005110 seconds, Stopping threads took: 0.0000440 seconds
57.022: Application time: 0.0392460 seconds
57.022: [GC [PSYoungGen: 7632K->496K(8192K)] 16988K->9852K(26112K), 0.0004260 secs] [Times: user=0.00 sys=0.00, real=0.00 secs] 
57.022: Total time for which application threads were stopped: 0.0005180 seconds, Stopping threads took: 0.0000410 seconds
57.061: Application time: 0.0392750 seconds
57.061: [GC [PSYoungGen: 7664K->512K(8192K)] 17020K->9868K(26112K), 0.0004500 secs] [Times: user=0.00 sys=0.00, real=0.00 secs] 
57.062: Total time for which application threads were stopped: 0.0005440 seconds, Stopping threads took: 0.0000480 seconds
57.101: Application time: 0.0395500 seconds
57.102: [GC [PSYoungGen: 7680K->480K(8192K)] 17036K->9836K(26112K), 0.0004110 secs] [Times: user=0.00 sys=0.00, real=0.00 secs] 
57.102: Total time for which application threads were stopped: 0.0005190 seconds, Stopping threads took: 0.0000520 seconds
57.141: Application time: 0.0392990 seconds
57.141: [GC [PSYoungGen: 7648K->512K(8192K)] 17004K->9868K(26112K), 0.0004680 secs] [Times: user=0.00 sys=0.00, real=0.00 secs] 
57.142: Total time for which application threads were stopped: 0.0005600 seconds, Stopping threads took: 0.0000420 seconds
57.181: Application time: 0.0389040 seconds
57.181: [GC [PSYoungGen: 7680K->496K(8192K)] 17036K->9852K(26112K), 0.0004050 secs] [Times: user=0.00 sys=0.00, real=0.00 secs] 
57.181: Total time for which application threads were stopped: 0.0005060 seconds, Stopping threads took: 0.0000490 seconds
57.220: Application time: 0.0391880 seconds
57.220: [GC [PSYoungGen: 7664K->512K(8192K)] 17020K->9868K(26112K), 0.0004600 secs] [Times: user=0.00 sys=0.00, real=0.00 secs] 
57.221: Total time for which application threads were stopped: 0.0005540 seconds, Stopping threads took: 0.0000440 seconds
57.260: Application time: 0.0393450 seconds
57.260: [GC [PSYoungGen: 7680K->512K(8192K)] 17036K->9868K(26112K), 0.0004680 secs] [Times: user=0.00 sys=0.00, real=0.00 secs] 
57.261: Total time for which application threads were stopped: 0.0005610 seconds, Stopping threads took: 0.0000410 seconds
57.300: Application time: 0.0390460 seconds
57.300: [GC [PSYoungGen: 7680K->512K(8192K)] 17036K->9868K(26112K), 0.0004290 secs] [Times: user=0.00 sys=0.00, real=0.00 secs] 
57.300: Total time for which application threads were stopped: 0.0005230 seconds, Stopping threads took: 0.0000450 seconds
57.340: Application time: 0.0391800 seconds
57.340: [GC [PSYoungGen: 7680K->496K(8192K)] 17036K->9852K(26112K), 0.0004560 secs] [Times: user=0.00 sys=0.00, real=0.00 secs] 
57.340: Total time for which application threads were stopped: 0.0005390 seconds, Stopping threads took: 0.0000380 seconds
57.379: Application time: 0.0392240 seconds
57.379: [GC [PSYoungGen: 7664K->416K(8192K)] 17020K->9900K(26112K), 0.0003980 secs] [Times: user=0.00 sys=0.00, real=0.00 secs] 
57.380: Total time for which application threads were stopped: 0.0004860 seconds, Stopping threads took: 0.0000420 seconds
57.419: Application time: 0.0393290 seconds
57.419: [GC [PSYoungGen: 7584K->352K(8192K)] 17068K->9892K(26112K), 0.0004590 secs] [Times: user=0.00 sys=0.00, real=0.00 secs] 
57.420: Total time for which application threads were stopped: 0.0005440 seconds, Stopping threads took: 0.0000360 seconds
57.459: Application time: 0.0393290 seconds
57.459: [GC [PSYoungGen: 7520K->336K(8192K)] 17060K->9932K(26112K), 0.0003690 secs] [Times: user=0.00 sys=0.00, real=0.00 secs] 
57.460: Total time for which application threads were stopped: 0.0004670 seconds, Stopping threads took: 0.0000490 seconds
57.499: Application time: 0.0392900 seconds
57.499: [GC [PSYoungGen: 7504K->272K(8192K)] 17100K->9956K(26112K), 0.0003660 secs] [Times: user=0.00 sys=0.00, real=0.00 secs] 
57.499: Total time for which application threads were stopped: 0.0004560 seconds, Stopping threads took: 0.0000430 seconds
57.539: Application time: 0.0393200 seconds
57.539: [GC [PSYoungGen: 7440K->256K(8192K)] 17124K->9996K(26112K), 0.0003620 secs] [Times: user=0.01 sys=0.00, real=0.00 secs] 
57.539: Total time for which application threads were stopped: 0.0004580 seconds, Stopping threads took: 0.0000490 seconds
57.577: Application time: 0.0377590 seconds
57.577: [GC [PSYoungGen: 7424K->304K(8192K)] 17164K->10044K(26112K), 0.0003910 secs] [Times: user=0.00 sys=0.00, real=0.00 secs] 
57.577: Total time for which application threads were stopped: 0.0004830 seconds, Stopping threads took: 0.0000420 seconds
57.616: Application time: 0.0388150 seconds
57.616: [GC [PSYoungGen: 7472K->384K(8192K)] 17212K->10124K(26112K), 0.0004230 secs] [Times: user=0.00 sys=0.00, real=0.00 secs] 
57.617: Total time for which application threads were stopped: 0.0005280 seconds, Stopping threads took: 0.0000420 seconds
57.655: Application time: 0.0384930 seconds
57.655: [GC [PSYoungGen: 7552K->400K(8192K)] 17292K->10140K(26112K), 0.0003990 secs] [Times: user=0.00 sys=0.00, real=0.00 secs] 
57.656: Total time for which application threads were stopped: 0.0004900 seconds, Stopping threads took: 0.0000410 seconds
57.694: Application time: 0.0385330 seconds
57.694: [GC [PSYoungGen: 7568K->528K(8192K)] 17308K->10268K(26112K), 0.0004140 secs] [Times: user=0.00 sys=0.00, real=0.00 secs] 
57.695: Total time for which application threads were stopped: 0.0005130 seconds, Stopping threads took: 0.0000470 seconds
57.734: Application time: 0.0391000 seconds
57.734: [GC [PSYoungGen: 7696K->512K(8192K)] 17436K->10252K(26112K), 0.0004570 secs] [Times: user=0.00 sys=0.00, real=0.00 secs] 
57.734: Total time for which application threads were stopped: 0.0005710 seconds, Stopping threads took: 0.0000570 seconds
57.774: Application time: 0.0394290 seconds
57.774: [GC [PSYoungGen: 7680K->528K(8192K)] 17420K->10268K(26112K), 0.0004190 secs] [Times: user=0.01 sys=0.00, real=0.00 secs] 
57.774: Total time for which application threads were stopped: 0.0005170 seconds, Stopping threads took: 0.0000500 seconds
57.814: Application time: 0.0392300 seconds
57.814: [GC [PSYoungGen: 7696K->528K(8192K)] 17436K->10268K(26112K), 0.0004670 secs] [Times: user=0.00 sys=0.00, real=0.00 secs] 
57.814: Total time for which application threads were stopped: 0.0005520 seconds, Stopping threads took: 0.0000380 seconds
57.853: Application time: 0.0392730 seconds
57.853: [GC [PSYoungGen: 7696K->512K(8192K)] 17436K->10252K(26112K), 0.0004170 secs] [Times: user=0.00 sys=0.00, real=0.00 secs] 
57.854: Total time for which application threads were stopped: 0.0005070 seconds, Stopping threads took: 0.0000410 seconds
57.893: Application time: 0.0392810 seconds
57.893: [GC [PSYoungGen: 7680K->496K(8192K)] 17420K->10236K(26112K), 0.0004060 secs] [Times: user=0.00 sys=0.00, real=0.00 secs] 
57.894: Total time for which application threads were stopped: 0.0005100 seconds, Stopping threads took: 0.0000520 seconds
57.933: Application time: 0.0392450 seconds
57.933: [GC [PSYoungGen: 7664K->528K(8192K)] 17404K->10268K(26112K), 0.0004250 secs] [Times: user=0.00 sys=0.00, real=0.00 secs] 
57.933: Total time for which application threads were stopped: 0.0005160 seconds, Stopping threads took: 0.0000400 seconds
57.973: Application time: 0.0391320 seconds
57.973: [GC [PSYoungGen: 7696K->544K(8192K)] 17436K->10284K(26112K), 0.0004880 secs] [Times: user=0.00 sys=0.00, real=0.00 secs] 
57.973: Total time for which application threads were stopped: 0.0005790 seconds, Stopping threads took: 0.0000380 seconds
58.012: Application time: 0.0392550 seconds
58.013: [GC [PSYoungGen: 7712K->480K(8192K)] 17452K->10220K(26112K), 0.0004130 secs] [Times: user=0.00 sys=0.00, real=0.00 secs] 
58.013: Total time for which application threads were stopped: 0.0005330 seconds, Stopping threads took: 0.0000670 seconds
58.052: Application time: 0.0392230 seconds
58.052: [GC [PSYoungGen: 7648K->512K(8192K)] 17388K->10252K(26112K), 0.0004210 secs] [Times: user=0.00 sys=0.00, real=0.00 secs] 
58.053: Total time for which application threads were stopped: 0.0005170 seconds, Stopping threads took: 0.0000470 seconds
58.092: Application time: 0.0392030 seconds
58.092: [GC [PSYoungGen: 7680K->496K(8192K)] 17420K->10236K(26112K), 0.0004410 secs] [Times: user=0.00 sys=0.00, real=0.00 secs] 
58.092: Total time for which application threads were stopped: 0.0005320 seconds, Stopping threads took: 0.0000450 seconds
58.132: Application time: 0.0394900 seconds
58.132: [GC [PSYoungGen: 7664K->512K(8192K)] 17404K->10252K(26112K), 0.0004330 secs] [Times: user=0.00 sys=0.00, real=0.00 secs] 
58.132: Total time for which application threads were stopped: 0.0005470 seconds, Stopping threads took: 0.0000500 seconds
58.172: Application time: 0.0392820 seconds
58.172: [GC [PSYoungGen: 7680K->368K(8192K)] 17420K->10228K(26112K), 0.0004350 secs] [Times: user=0.00 sys=0.00, real=0.00 secs] 
58.172: Total time for which application threads were stopped: 0.0005480 seconds, Stopping threads took: 0.0000610 seconds
58.213: Application time: 0.0402370 seconds
58.213: [GC [PSYoungGen: 7536K->336K(8192K)] 17396K->10228K(26112K), 0.0007000 secs] [Times: user=0.00 sys=0.01, real=0.00 secs] 
58.213: Total time for which application threads were stopped: 0.0008190 seconds, Stopping threads took: 0.0000550 seconds
58.253: Application time: 0.0394190 seconds
58.253: [GC [PSYoungGen: 7504K->336K(8192K)] 17396K->10284K(26112K), 0.0003870 secs] [Times: user=0.00 sys=0.00, real=0.00 secs] 
58.253: Total time for which application threads were stopped: 0.0004770 seconds, Stopping threads took: 0.0000400 seconds
58.293: Application time: 0.0393000 seconds
58.293: [GC [PSYoungGen: 7504K->272K(8192K)] 17452K->10308K(26112K), 0.0003860 secs] [Times: user=0.00 sys=0.00, real=0.00 secs] 
58.293: Total time for which application threads were stopped: 0.0004720 seconds, Stopping threads took: 0.0000380 seconds
58.333: Application time: 0.0400500 seconds
58.333: [GC [PSYoungGen: 7440K->272K(8192K)] 17476K->10356K(26112K), 0.0004410 secs] [Times: user=0.00 sys=0.00, real=0.00 secs] 
58.334: Total time for which application threads were stopped: 0.0005380 seconds, Stopping threads took: 0.0000400 seconds
58.371: Application time: 0.0378390 seconds
58.372: [GC [PSYoungGen: 7440K->400K(8192K)] 17524K->10484K(26112K), 0.0003830 secs] [Times: user=0.01 sys=0.00, real=0.00 secs] 
58.372: Total time for which application threads were stopped: 0.0004780 seconds, Stopping threads took: 0.0000410 seconds
58.411: Application time: 0.0395100 seconds
58.412: [GC [PSYoungGen: 7568K->368K(8192K)] 17652K->10452K(26112K), 0.0003990 secs] [Times: user=0.00 sys=0.00, real=0.00 secs] 
58.412: Total time for which application threads were stopped: 0.0005030 seconds, Stopping threads took: 0.0000510 seconds
58.450: Application time: 0.0382420 seconds
58.450: [GC [PSYoungGen: 7536K->448K(8192K)] 17620K->10532K(26112K), 0.0004190 secs] [Times: user=0.01 sys=0.00, real=0.00 secs] 
58.451: Total time for which application threads were stopped: 0.0005190 seconds, Stopping threads took: 0.0000450 seconds
58.489: Application time: 0.0384490 seconds
58.489: [GC [PSYoungGen: 7616K->512K(8192K)] 17700K->10596K(26112K), 0.0004040 secs] [Times: user=0.00 sys=0.00, real=0.00 secs] 
58.490: Total time for which application threads were stopped: 0.0004900 seconds, Stopping threads took: 0.0000420 seconds
58.529: Application time: 0.0392170 seconds
58.529: [GC [PSYoungGen: 7680K->496K(8192K)] 17764K->10580K(26112K), 0.0004260 secs] [Times: user=0.00 sys=0.00, real=0.00 secs] 
58.529: Total time for which application threads were stopped: 0.0005150 seconds, Stopping threads took: 0.0000380 seconds
58.569: Application time: 0.0394470 seconds
58.569: [GC [PSYoungGen: 7664K->528K(8192K)] 17748K->10612K(26112K), 0.0004200 secs] [Times: user=0.00 sys=0.00, real=0.00 secs] 
58.569: Total time for which application threads were stopped: 0.0005100 seconds, Stopping threads took: 0.0000430 seconds
58.609: Application time: 0.0392990 seconds
58.609: [GC [PSYoungGen: 7696K->528K(8192K)] 17780K->10612K(26112K), 0.0004200 secs] [Times: user=0.00 sys=0.00, real=0.00 secs] 
58.609: Total time for which application threads were stopped: 0.0005170 seconds, Stopping threads took: 0.0000480 seconds
58.648: Application time: 0.0392410 seconds
58.649: [GC [PSYoungGen: 7696K->528K(8192K)] 17780K->10612K(26112K), 0.0004310 secs] [Times: user=0.01 sys=0.00, real=0.01 secs] 
58.649: Total time for which application threads were stopped: 0.0005400 seconds, Stopping threads took: 0.0000420 seconds
58.688: Application time: 0.0392100 seconds
58.688: [GC [PSYoungGen: 7696K->480K(8192K)] 17780K->10564K(26112K), 0.0004110 secs] [Times: user=0.00 sys=0.00, real=0.01 secs] 
58.689: Total time for which application threads were stopped: 0.0005090 seconds, Stopping threads took: 0.0000490 seconds
58.728: Application time: 0.0394820 seconds
58.728: [GC [PSYoungGen: 7648K->544K(8192K)] 17732K->10628K(26112K), 0.0004500 secs] [Times: user=0.00 sys=0.00, real=0.01 secs] 
58.729: Total time for which application threads were stopped: 0.0005580 seconds, Stopping threads took: 0.0000490 seconds
58.768: Application time: 0.0389660 seconds
58.768: [GC [PSYoungGen: 7712K->496K(8192K)] 17796K->10580K(26112K), 0.0004150 secs] [Times: user=0.01 sys=0.00, real=0.00 secs] 
58.768: Total time for which application threads were stopped: 0.0005200 seconds, Stopping threads took: 0.0000510 seconds
58.807: Application time: 0.0390860 seconds
58.807: [GC [PSYoungGen: 7664K->464K(8192K)] 17748K->10548K(26112K), 0.0003990 secs] [Times: user=0.00 sys=0.00, real=0.00 secs] 
58.808: Total time for which application threads were stopped: 0.0004970 seconds, Stopping threads took: 0.0000480 seconds
58.847: Application time: 0.0391610 seconds
58.847: [GC [PSYoungGen: 7632K->512K(8192K)] 17716K->10596K(26112K), 0.0004580 secs] [Times: user=0.01 sys=0.00, real=0.00 secs] 
58.848: Total time for which application threads were stopped: 0.0005420 seconds, Stopping threads took: 0.0000350 seconds
58.887: Application time: 0.0391310 seconds
58.887: [GC [PSYoungGen: 7680K->528K(8192K)] 17764K->10612K(26112K), 0.0004250 secs] [Times: user=0.00 sys=0.00, real=0.00 secs] 
58.887: Total time for which application threads were stopped: 0.0005270 seconds, Stopping threads took: 0.0000500 seconds
58.927: Application time: 0.0394330 seconds
58.927: [GC [PSYoungGen: 7696K->480K(8192K)] 17780K->10604K(26112K), 0.0004220 secs] [Times: user=0.01 sys=0.00, real=0.00 secs] 
58.927: Total time for which application threads were stopped: 0.0005200 seconds, Stopping threads took: 0.0000470 seconds
58.967: Application time: 0.0396040 seconds
58.967: [GC [PSYoungGen: 7648K->368K(8192K)] 17772K->10620K(26112K), 0.0004080 secs] [Times: user=0.01 sys=0.00, real=0.00 secs] 
58.967: Total time for which application threads were stopped: 0.0004990 seconds, Stopping threads took: 0.0000420 seconds
59.007: Application time: 0.0394040 seconds
59.007: [GC [PSYoungGen: 7536K->384K(8192K)] 17788K->10636K(26112K), 0.0003760 secs] [Times: user=0.00 sys=0.00, real=0.00 secs] 
59.007: Total time for which application threads were stopped: 0.0004730 seconds, Stopping threads took: 0.0000460 seconds
59.047: Application time: 0.0393880 seconds
59.047: [GC [PSYoungGen: 7552K->320K(8192K)] 17804K->10652K(26112K), 0.0003780 secs] [Times: user=0.01 sys=0.00, real=0.00 secs] 
59.047: Total time for which application threads were stopped: 0.0004800 seconds, Stopping threads took: 0.0000520 seconds
59.086: Application time: 0.0391790 seconds
59.086: [GC [PSYoungGen: 7488K->256K(8192K)] 17820K->10680K(26112K), 0.0004020 secs] [Times: user=0.00 sys=0.00, real=0.00 secs] 
59.087: Total time for which application threads were stopped: 0.0004930 seconds, Stopping threads took: 0.0000440 seconds
59.125: Application time: 0.0381520 seconds
59.125: [GC [PSYoungGen: 7424K->288K(8192K)] 17848K->10713K(26112K), 0.0004090 secs] [Times: user=0.00 sys=0.00, real=0.00 secs] 
59.125: Total time for which application threads were stopped: 0.0005080 seconds, Stopping threads took: 0.0000470 seconds
59.164: Application time: 0.0385140 seconds
59.164: [GC [PSYoungGen: 7456K->320K(8192K)] 17881K->10745K(26112K), 0.0003860 secs] [Times: user=0.01 sys=0.00, real=0.00 secs] 
59.164: Total time for which application threads were stopped: 0.0004840 seconds, Stopping threads took: 0.0000430 seconds
59.203: Application time: 0.0385450 seconds
59.203: [GC [PSYoungGen: 7488K->384K(8192K)] 17913K->10809K(26112K), 0.0004660 secs] [Times: user=0.00 sys=0.00, real=0.00 secs] 
59.203: Total time for which application threads were stopped: 0.0005630 seconds, Stopping threads took: 0.0000440 seconds
59.242: Application time: 0.0388460 seconds
59.242: [GC [PSYoungGen: 7552K->432K(8192K)] 17977K->10857K(26112K), 0.0004470 secs] [Times: user=0.00 sys=0.00, real=0.00 secs] 
59.243: Total time for which application threads were stopped: 0.0005430 seconds, Stopping threads took: 0.0000440 seconds
59.281: Application time: 0.0380920 seconds
59.281: [GC [PSYoungGen: 7600K->528K(8192K)] 18025K->10953K(26112K), 0.0004150 secs] [Times: user=0.01 sys=0.00, real=0.00 secs] 
59.281: Total time for which application threads were stopped: 0.0005010 seconds, Stopping threads took: 0.0000370 seconds
59.321: Application time: 0.0393180 seconds
59.321: [GC [PSYoungGen: 7696K->496K(8192K)] 18121K->10921K(26112K), 0.0004620 secs] [Times: user=0.00 sys=0.00, real=0.00 secs] 
59.321: Total time for which application threads were stopped: 0.0005470 seconds, Stopping threads took: 0.0000370 seconds
59.361: Application time: 0.0396590 seconds
59.361: [GC [PSYoungGen: 7664K->528K(8192K)] 18089K->10953K(26112K), 0.0004000 secs] [Times: user=0.00 sys=0.00, real=0.00 secs] 
59.361: Total time for which application threads were stopped: 0.0005010 seconds, Stopping threads took: 0.0000490 seconds
59.401: Application time: 0.0392760 seconds
59.401: [GC [PSYoungGen: 7696K->512K(8192K)] 18121K->10937K(26112K), 0.0004230 secs] [Times: user=0.00 sys=0.00, real=0.00 secs] 
59.401: Total time for which application threads were stopped: 0.0005120 seconds, Stopping threads took: 0.0000390 seconds
59.440: Application time: 0.0392450 seconds
59.441: [GC [PSYoungGen: 7680K->496K(8192K)] 18105K->10921K(26112K), 0.0004050 secs] [Times: user=0.00 sys=0.00, real=0.00 secs] 
59.441: Total time for which application threads were stopped: 0.0004940 seconds, Stopping threads took: 0.0000410 seconds
59.480: Application time: 0.0392150 seconds
59.480: [GC [PSYoungGen: 7664K->512K(8192K)] 18089K->10937K(26112K), 0.0004340 secs] [Times: user=0.01 sys=0.00, real=0.00 secs] 
59.481: Total time for which application threads were stopped: 0.0005280 seconds, Stopping threads took: 0.0000440 seconds
59.520: Application time: 0.0390320 seconds
59.520: [GC [PSYoungGen: 7680K->544K(8192K)] 18105K->10969K(26112K), 0.0004540 secs] [Times: user=0.01 sys=0.00, real=0.00 secs] 
59.520: Total time for which application threads were stopped: 0.0005630 seconds, Stopping threads took: 0.0000550 seconds
59.560: Application time: 0.0391690 seconds
59.560: [GC [PSYoungGen: 7712K->512K(8192K)] 18137K->10937K(26112K), 0.0003990 secs] [Times: user=0.00 sys=0.00, real=0.00 secs] 
59.560: Total time for which application threads were stopped: 0.0004910 seconds, Stopping threads took: 0.0000430 seconds
59.599: Application time: 0.0392990 seconds
59.599: [GC [PSYoungGen: 7680K->528K(8192K)] 18105K->10953K(26112K), 0.0004740 secs] [Times: user=0.00 sys=0.00, real=0.00 secs] 
59.600: Total time for which application threads were stopped: 0.0005630 seconds, Stopping threads took: 0.0000410 seconds
59.639: Application time: 0.0392440 seconds
59.639: [GC [PSYoungGen: 7696K->528K(8192K)] 18121K->10953K(26112K), 0.0004750 secs] [Times: user=0.00 sys=0.00, real=0.00 secs] 
59.640: Total time for which application threads were stopped: 0.0005630 seconds, Stopping threads took: 0.0000380 seconds
59.679: Application time: 0.0392390 seconds
59.679: [GC [PSYoungGen: 7696K->512K(8192K)] 18121K->10937K(26112K), 0.0004300 secs] [Times: user=0.01 sys=0.00, real=0.00 secs] 
59.679: Total time for which application threads were stopped: 0.0005390 seconds, Stopping threads took: 0.0000490 seconds
59.720: Application time: 0.0406520 seconds
59.720: [GC [PSYoungGen: 7680K->432K(8192K)] 18105K->10929K(26112K), 0.0005780 secs] [Times: user=0.00 sys=0.00, real=0.00 secs] 
59.721: Total time for which application threads were stopped: 0.0007100 seconds, Stopping threads took: 0.0000600 seconds
59.760: Application time: 0.0392520 seconds
59.760: [GC [PSYoungGen: 7600K->352K(8192K)] 18097K->10937K(26112K), 0.0004300 secs] [Times: user=0.00 sys=0.00, real=0.00 secs] 
59.761: Total time for which application threads were stopped: 0.0005300 seconds, Stopping threads took: 0.0000450 seconds
59.800: Application time: 0.0394770 seconds
59.800: [GC [PSYoungGen: 7520K->368K(8192K)] 18105K->11017K(26112K), 0.0003950 secs] [Times: user=0.00 sys=0.00, real=0.00 secs] 
59.801: Total time for which application threads were stopped: 0.0004950 seconds, Stopping threads took: 0.0000490 seconds
59.841: Application time: 0.0402840 seconds
59.841: [GC [PSYoungGen: 7536K->272K(8192K)] 18185K->10969K(26112K), 0.0004380 secs] [Times: user=0.00 sys=0.00, real=0.00 secs] 
59.841: Total time for which application threads were stopped: 0.0005490 seconds, Stopping threads took: 0.0000540 seconds
59.881: Application time: 0.0395700 seconds
59.881: [GC [PSYoungGen: 7440K->256K(8192K)] 18137K->11033K(26112K), 0.0004180 secs] [Times: user=0.00 sys=0.00, real=0.00 secs] 
59.881: Total time for which application threads were stopped: 0.0005060 seconds, Stopping threads took: 0.0000360 seconds
59.920: Application time: 0.0382550 seconds
59.920: [GC [PSYoungGen: 7424K->288K(8192K)] 18201K->11065K(26112K), 0.0004100 secs] [Times: user=0.01 sys=0.00, real=0.00 secs] 
59.920: Total time for which application threads were stopped: 0.0005020 seconds, Stopping threads took: 0.0000410 seconds
59.959: Application time: 0.0384780 seconds
59.959: [GC [PSYoungGen: 7456K->320K(8192K)] 18233K->11097K(26112K), 0.0003690 secs] [Times: user=0.01 sys=0.00, real=0.00 secs] 
59.959: Total time for which application threads were stopped: 0.0004690 seconds, Stopping threads took: 0.0000510 seconds
59.998: Application time: 0.0385320 seconds
59.998: [GC [PSYoungGen: 7488K->400K(8192K)] 18265K->11177K(26112K), 0.0004000 secs] [Times: user=0.01 sys=0.00, real=0.00 secs] 
59.998: Total time for which application threads were stopped: 0.0005070 seconds, Stopping threads took: 0.0000570 seconds
60.037: Application time: 0.0388420 seconds
60.037: [GC [PSYoungGen: 7568K->416K(8192K)] 18345K->11193K(26112K), 0.0004070 secs] [Times: user=0.00 sys=0.00, real=0.00 secs] 
60.038: Total time for which application threads were stopped: 0.0005050 seconds, Stopping threads took: 0.0000480 seconds
60.076: Application time: 0.0385180 seconds
60.076: [GC [PSYoungGen: 7584K->528K(8192K)] 18361K->11305K(26112K), 0.0004210 secs] [Times: user=0.00 sys=0.00, real=0.00 secs] 
60.077: Total time for which application threads were stopped: 0.0005090 seconds, Stopping threads took: 0.0000380 seconds
60.116: Application time: 0.0392550 seconds
60.116: [GC [PSYoungGen: 7696K->480K(8192K)] 18473K->11257K(26112K), 0.0004340 secs] [Times: user=0.00 sys=0.00, real=0.00 secs] 
60.116: Total time for which application threads were stopped: 0.0005250 seconds, Stopping threads took: 0.0000390 seconds
60.156: Application time: 0.0396200 seconds
60.156: [GC [PSYoungGen: 7648K->528K(8192K)] 18425K->11305K(26112K), 0.0004460 secs] [Times: user=0.00 sys=0.00, real=0.00 secs] 
60.157: Total time for which application threads were stopped: 0.0005390 seconds, Stopping threads took: 0.0000400 seconds
60.196: Application time: 0.0392490 seconds
60.196: [GC [PSYoungGen: 7696K->496K(8192K)] 18473K->11273K(26112K), 0.0004230 secs] [Times: user=0.01 sys=0.00, real=0.00 secs] 
60.196: Total time for which application threads were stopped: 0.0005270 seconds, Stopping threads took: 0.0000450 seconds
60.236: Application time: 0.0393570 seconds
60.236: [GC [PSYoungGen: 7664K->480K(8192K)] 18441K->11257K(26112K), 0.0004370 secs] [Times: user=0.00 sys=0.00, real=0.00 secs] 
60.236: Total time for which application threads were stopped: 0.0005330 seconds, Stopping threads took: 0.0000450 seconds
60.276: Application time: 0.0393440 seconds
60.276: [GC [PSYoungGen: 7648K->512K(8192K)] 18425K->11289K(26112K), 0.0004040 secs] [Times: user=0.00 sys=0.00, real=0.00 secs] 
60.276: Total time for which application threads were stopped: 0.0005100 seconds, Stopping threads took: 0.0000540 seconds
60.315: Application time: 0.0391900 seconds
60.315: [GC [PSYoungGen: 7680K->480K(8192K)] 18457K->11257K(26112K), 0.0004650 secs] [Times: user=0.00 sys=0.00, real=0.00 secs] 
60.316: Total time for which application threads were stopped: 0.0005560 seconds, Stopping threads took: 0.0000390 seconds
60.355: Application time: 0.0391450 seconds
60.355: [GC [PSYoungGen: 7648K->496K(8192K)] 18425K->11273K(26112K), 0.0004020 secs] [Times: user=0.00 sys=0.00, real=0.00 secs] 
60.355: Total time for which application threads were stopped: 0.0005040 seconds, Stopping threads took: 0.0000500 seconds
60.395: Application time: 0.0390850 seconds
60.395: [GC [PSYoungGen: 7664K->496K(8192K)] 18441K->11273K(26112K), 0.0004150 secs] [Times: user=0.00 sys=0.00, real=0.00 secs] 
60.395: Total time for which application threads were stopped: 0.0005100 seconds, Stopping threads took: 0.0000420 seconds
60.434: Application time: 0.0391660 seconds
60.434: [GC [PSYoungGen: 7664K->480K(8192K)] 18441K->11257K(26112K), 0.0004680 secs] [Times: user=0.00 sys=0.00, real=0.00 secs] 
60.435: Total time for which application threads were stopped: 0.0005660 seconds, Stopping threads took: 0.0000470 seconds
60.474: Application time: 0.0392470 seconds
60.474: [GC [PSYoungGen: 7648K->496K(8192K)] 18425K->11273K(26112K), 0.0004080 secs] [Times: user=0.00 sys=0.00, real=0.00 secs] 
60.475: Total time for which application threads were stopped: 0.0004910 seconds, Stopping threads took: 0.0000360 seconds
60.514: Application time: 0.0393410 seconds
60.514: [GC [PSYoungGen: 7664K->416K(8192K)] 18441K->11289K(26112K), 0.0004310 secs] [Times: user=0.00 sys=0.00, real=0.00 secs] 
60.514: Total time for which application threads were stopped: 0.0005320 seconds, Stopping threads took: 0.0000520 seconds
60.554: Application time: 0.0392620 seconds
60.554: [GC [PSYoungGen: 7584K->336K(8192K)] 18457K->11305K(26112K), 0.0003990 secs] [Times: user=0.00 sys=0.00, real=0.00 secs] 
60.554: Total time for which application threads were stopped: 0.0004940 seconds, Stopping threads took: 0.0000470 seconds
60.593: Application time: 0.0391840 seconds
60.593: [GC [PSYoungGen: 7504K->320K(8192K)] 18473K->11345K(26112K), 0.0003810 secs] [Times: user=0.01 sys=0.00, real=0.00 secs] 
60.594: Total time for which application threads were stopped: 0.0004710 seconds, Stopping threads took: 0.0000390 seconds
60.633: Application time: 0.0392690 seconds
60.633: [GC [PSYoungGen: 7488K->320K(8192K)] 18513K->11401K(26112K), 0.0003840 secs] [Times: user=0.00 sys=0.00, real=0.00 secs] 
60.634: Total time for which application threads were stopped: 0.0004740 seconds, Stopping threads took: 0.0000430 seconds
60.673: Application time: 0.0397180 seconds
60.673: [GC [PSYoungGen: 7488K->256K(8192K)] 18569K->11425K(26112K), 0.0003690 secs] [Times: user=0.00 sys=0.00, real=0.00 secs] 
60.674: Total time for which application threads were stopped: 0.0004630 seconds, Stopping threads took: 0.0000430 seconds
60.712: Application time: 0.0382200 seconds
60.712: [GC [PSYoungGen: 7424K->320K(8192K)] 18593K->11489K(26112K), 0.0004720 secs] [Times: user=0.00 sys=0.00, real=0.00 secs] 
60.713: Total time for which application threads were stopped: 0.0005900 seconds, Stopping threads took: 0.0000450 seconds
60.751: Application time: 0.0386460 seconds
60.751: [GC [PSYoungGen: 7488K->336K(8192K)] 18657K->11505K(26112K), 0.0004480 secs] [Times: user=0.00 sys=0.00, real=0.00 secs] 
60.753: Total time for which application threads were stopped: 0.0015630 seconds, Stopping threads took: 0.0000410 seconds
60.792: Application time: 0.0389410 seconds
60.792: [GC [PSYoungGen: 7504K->400K(8192K)] 18673K->11569K(26112K), 0.0004050 secs] [Times: user=0.00 sys=0.00, real=0.00 secs] 
60.792: Total time for which application threads were stopped: 0.0005020 seconds, Stopping threads took: 0.0000460 seconds
60.830: Application time: 0.0376850 seconds
60.830: [GC [PSYoungGen: 7568K->512K(8192K)] 18737K->11681K(26112K), 0.0004170 secs] [Times: user=0.00 sys=0.00, real=0.00 secs] 
60.830: Total time for which application threads were stopped: 0.0005040 seconds, Stopping threads took: 0.0000390 seconds
60.870: Application time: 0.0392950 seconds
60.870: [GC [PSYoungGen: 7680K->512K(8192K)] 18849K->11681K(26112K), 0.0004360 secs] [Times: user=0.00 sys=0.00, real=0.00 secs] 
60.870: Total time for which application threads were stopped: 0.0005270 seconds, Stopping threads took: 0.0000400 seconds
60.910: Application time: 0.0393360 seconds
60.910: [GC [PSYoungGen: 7680K->544K(8192K)] 18849K->11713K(26112K), 0.0004100 secs] [Times: user=0.00 sys=0.00, real=0.00 secs] 
60.910: Total time for which application threads were stopped: 0.0004990 seconds, Stopping threads took: 0.0000390 seconds
60.949: Application time: 0.0393340 seconds
60.950: [GC [PSYoungGen: 7712K->480K(8192K)] 18881K->11649K(26112K), 0.0004210 secs] [Times: user=0.00 sys=0.00, real=0.00 secs] 
60.950: Total time for which application threads were stopped: 0.0005210 seconds, Stopping threads took: 0.0000470 seconds
60.989: Application time: 0.0392460 seconds
60.989: [GC [PSYoungGen: 7648K->512K(8192K)] 18817K->11681K(26112K), 0.0004300 secs] [Times: user=0.00 sys=0.00, real=0.00 secs] 
60.990: Total time for which application threads were stopped: 0.0005200 seconds, Stopping threads took: 0.0000400 seconds
61.029: Application time: 0.0393680 seconds
61.029: [GC [PSYoungGen: 7680K->512K(8192K)] 18849K->11681K(26112K), 0.0004350 secs] [Times: user=0.00 sys=0.00, real=0.00 secs] 
61.030: Total time for which application threads were stopped: 0.0005280 seconds, Stopping threads took: 0.0000430 seconds
61.069: Application time: 0.0392680 seconds
61.069: [GC [PSYoungGen: 7680K->512K(8192K)] 18849K->11681K(26112K), 0.0004240 secs] [Times: user=0.00 sys=0.00, real=0.00 secs] 
61.069: Total time for which application threads were stopped: 0.0005190 seconds, Stopping threads took: 0.0000460 seconds
61.109: Application time: 0.0391700 seconds
61.109: [GC [PSYoungGen: 7680K->544K(8192K)] 18849K->11713K(26112K), 0.0004230 secs] [Times: user=0.00 sys=0.00, real=0.01 secs] 
61.109: Total time for which application threads were stopped: 0.0005180 seconds, Stopping threads took: 0.0000420 seconds
61.148: Application time: 0.0392490 seconds
61.148: [GC [PSYoungGen: 7712K->544K(8192K)] 18881K->11713K(26112K), 0.0004310 secs] [Times: user=0.00 sys=0.00, real=0.01 secs] 
61.149: Total time for which application threads were stopped: 0.0005240 seconds, Stopping threads took: 0.0000410 seconds
61.188: Application time: 0.0392300 seconds
61.188: [GC [PSYoungGen: 7712K->512K(8192K)] 18881K->11681K(26112K), 0.0004620 secs] [Times: user=0.00 sys=0.00, real=0.00 secs] 
61.189: Total time for which application threads were stopped: 0.0005520 seconds, Stopping threads took: 0.0000360 seconds
61.229: Application time: 0.0404220 seconds
61.229: [GC [PSYoungGen: 7680K->496K(8192K)] 18849K->11665K(26112K), 0.0004670 secs] [Times: user=0.00 sys=0.00, real=0.00 secs] 
61.230: Total time for which application threads were stopped: 0.0005930 seconds, Stopping threads took: 0.0000570 seconds
61.269: Application time: 0.0393290 seconds
61.269: [GC [PSYoungGen: 7664K->528K(8192K)] 18833K->11697K(26112K), 0.0004290 secs] [Times: user=0.00 sys=0.00, real=0.00 secs] 
61.270: Total time for which application threads were stopped: 0.0005180 seconds, Stopping threads took: 0.0000370 seconds
61.309: Application time: 0.0392840 seconds
61.309: [GC [PSYoungGen: 7696K->416K(8192K)] 18865K->11681K(26112K), 0.0004120 secs] [Times: user=0.00 sys=0.00, real=0.00 secs] 
61.309: Total time for which application threads were stopped: 0.0005120 seconds, Stopping threads took: 0.0000490 seconds
61.350: Application time: 0.0402930 seconds
61.350: [GC [PSYoungGen: 7584K->352K(8192K)] 18849K->11689K(26112K), 0.0004380 secs] [Times: user=0.01 sys=0.00, real=0.00 secs] 
61.350: Total time for which application threads were stopped: 0.0005410 seconds, Stopping threads took: 0.0000500 seconds
61.390: Application time: 0.0395690 seconds
61.390: [GC [PSYoungGen: 7520K->336K(8192K)] 18857K->11721K(26112K), 0.0003760 secs] [Times: user=0.00 sys=0.00, real=0.00 secs] 
61.390: Total time for which application threads were stopped: 0.0004660 seconds, Stopping threads took: 0.0000380 seconds
61.430: Application time: 0.0393120 seconds
61.430: [GC [PSYoungGen: 7504K->256K(8192K)] 18889K->11753K(26112K), 0.0004470 secs] [Times: user=0.00 sys=0.00, real=0.00 secs] 
61.430: Total time for which application threads were stopped: 0.0005430 seconds, Stopping threads took: 0.0000460 seconds
61.469: Application time: 0.0388790 seconds
61.469: [GC [PSYoungGen: 7424K->272K(8192K)] 18921K->11769K(26112K), 0.0003650 secs] [Times: user=0.00 sys=0.00, real=0.00 secs] 
61.469: Total time for which application threads were stopped: 0.0004610 seconds, Stopping threads took: 0.0000450 seconds
61.507: Application time: 0.0380570 seconds
61.508: [GC [PSYoungGen: 7440K->320K(8192K)] 18937K->11817K(26112K), 0.0004160 secs] [Times: user=0.00 sys=0.00, real=0.00 secs] 
61.508: Total time for which application threads were stopped: 0.0005050 seconds, Stopping threads took: 0.0000410 seconds
61.546: Application time: 0.0383460 seconds
61.546: [GC [PSYoungGen: 7488K->416K(8192K)] 18985K->11913K(26112K), 0.0003890 secs] [Times: user=0.00 sys=0.00, real=0.00 secs] 
61.547: Total time for which application threads were stopped: 0.0004820 seconds, Stopping threads took: 0.0000420 seconds
61.586: Application time: 0.0395050 seconds
61.586: [GC [PSYoungGen: 7584K->400K(8192K)] 19081K->11897K(26112K), 0.0003860 secs] [Times: user=0.01 sys=0.00, real=0.00 secs] 
61.587: Total time for which application threads were stopped: 0.0004720 seconds, Stopping threads took: 0.0000360 seconds
61.625: Application time: 0.0378010 seconds
61.625: [GC [PSYoungGen: 7568K->496K(8192K)] 19065K->11993K(26112K), 0.0004170 secs] [Times: user=0.00 sys=0.00, real=0.00 secs] 
61.625: Total time for which application threads were stopped: 0.0005100 seconds, Stopping threads took: 0.0000390 seconds
61.664: Application time: 0.0391330 seconds
61.664: [GC [PSYoungGen: 7664K->496K(8192K)] 19161K->11993K(26112K), 0.0004180 secs] [Times: user=0.01 sys=0.00, real=0.00 secs] 
61.665: Total time for which application threads were stopped: 0.0005130 seconds, Stopping threads took: 0.0000450 seconds
61.704: Application time: 0.0393410 seconds
61.704: [GC [PSYoungGen: 7664K->512K(8192K)] 19161K->12009K(26112K), 0.0004000 secs] [Times: user=0.00 sys=0.00, real=0.00 secs] 
61.705: Total time for which application threads were stopped: 0.0004980 seconds, Stopping threads took: 0.0000460 seconds
61.744: Application time: 0.0396580 seconds
61.744: [GC [PSYoungGen: 7680K->544K(8192K)] 19177K->12041K(26112K), 0.0005160 secs] [Times: user=0.00 sys=0.00, real=0.00 secs] 
61.745: Total time for which application threads were stopped: 0.0006410 seconds, Stopping threads took: 0.0000570 seconds
61.785: Application time: 0.0397780 seconds
61.785: [GC [PSYoungGen: 7712K->528K(8192K)] 19209K->12025K(26112K), 0.0004160 secs] [Times: user=0.00 sys=0.00, real=0.00 secs] 
61.785: Total time for which application threads were stopped: 0.0005150 seconds, Stopping threads took: 0.0000480 seconds
61.824: Application time: 0.0392550 seconds
61.829: [GC [PSYoungGen: 7696K->512K(8192K)] 19193K->12009K(26112K), 0.0004870 secs] [Times: user=0.00 sys=0.00, real=0.00 secs] 
61.829: Total time for which application threads were stopped: 0.0048140 seconds, Stopping threads took: 0.0042750 seconds
61.869: Application time: 0.0392840 seconds
61.869: [GC [PSYoungGen: 7680K->512K(8192K)] 19177K->12009K(26112K), 0.0004330 secs] [Times: user=0.00 sys=0.00, real=0.01 secs] 
61.869: Total time for which application threads were stopped: 0.0005260 seconds, Stopping threads took: 0.0000420 seconds
61.908: Application time: 0.0391320 seconds
61.908: [GC [PSYoungGen: 7680K->512K(8192K)] 19177K->12009K(26112K), 0.0004420 secs] [Times: user=0.00 sys=0.00, real=0.01 secs] 
61.909: Total time for which application threads were stopped: 0.0005400 seconds, Stopping threads took: 0.0000460 seconds
61.948: Application time: 0.0392390 seconds
61.948: [GC [PSYoungGen: 7680K->512K(8192K)] 19177K->12009K(26112K), 0.0004400 secs] [Times: user=0.00 sys=0.00, real=0.00 secs] 
61.949: Total time for which application threads were stopped: 0.0005280 seconds, Stopping threads took: 0.0000380 seconds
61.988: Application time: 0.0391390 seconds
61.988: [GC [PSYoungGen: 7680K->528K(8192K)] 19177K->12025K(26112K), 0.0004260 secs] [Times: user=0.00 sys=0.00, real=0.00 secs] 
61.988: Total time for which application threads were stopped: 0.0005170 seconds, Stopping threads took: 0.0000430 seconds
62.027: Application time: 0.0390870 seconds
62.027: [GC [PSYoungGen: 7696K->512K(8192K)] 19193K->12009K(26112K), 0.0004460 secs] [Times: user=0.00 sys=0.00, real=0.00 secs] 
62.028: Total time for which application threads were stopped: 0.0005490 seconds, Stopping threads took: 0.0000510 seconds
62.067: Application time: 0.0392730 seconds
62.067: [GC [PSYoungGen: 7680K->464K(8192K)] 19177K->12017K(26112K), 0.0004540 secs] [Times: user=0.00 sys=0.00, real=0.00 secs] 
62.068: Total time for which application threads were stopped: 0.0005430 seconds, Stopping threads took: 0.0000360 seconds
62.107: Application time: 0.0394980 seconds
62.107: [GC [PSYoungGen: 7632K->352K(8192K)] 19185K->11993K(26112K), 0.0004150 secs] [Times: user=0.00 sys=0.00, real=0.00 secs] 
62.108: Total time for which application threads were stopped: 0.0005010 seconds, Stopping threads took: 0.0000360 seconds
62.147: Application time: 0.0393140 seconds
62.147: [GC [PSYoungGen: 7520K->336K(8192K)] 19161K->12085K(26112K), 0.0003970 secs] [Times: user=0.00 sys=0.00, real=0.00 secs] 
62.147: Total time for which application threads were stopped: 0.0004860 seconds, Stopping threads took: 0.0000370 seconds
62.187: Application time: 0.0392090 seconds
62.187: [GC [PSYoungGen: 7504K->336K(8192K)] 19253K->12085K(26112K), 0.0003830 secs] [Times: user=0.00 sys=0.00, real=0.00 secs] 
62.187: Total time for which application threads were stopped: 0.0004790 seconds, Stopping threads took: 0.0000450 seconds
62.227: Application time: 0.0395730 seconds
62.227: [GC [PSYoungGen: 7504K->256K(8192K)] 19253K->12126K(26112K), 0.0003980 secs] [Times: user=0.00 sys=0.00, real=0.00 secs] 
62.227: Total time for which application threads were stopped: 0.0004950 seconds, Stopping threads took: 0.0000460 seconds
62.266: Application time: 0.0388990 seconds
62.266: [GC [PSYoungGen: 7424K->272K(8192K)] 19294K->12142K(26112K), 0.0003960 secs] [Times: user=0.00 sys=0.00, real=0.00 secs] 
62.267: Total time for which application threads were stopped: 0.0004960 seconds, Stopping threads took: 0.0000420 seconds
62.305: Application time: 0.0383720 seconds
62.305: [GC [PSYoungGen: 7436K->320K(8192K)] 19306K->12190K(26112K), 0.0003770 secs] [Times: user=0.00 sys=0.00, real=0.00 secs] 
62.305: Total time for which application threads were stopped: 0.0004720 seconds, Stopping threads took: 0.0000450 seconds
62.344: Application time: 0.0383170 seconds
62.344: [GC [PSYoungGen: 7488K->400K(8192K)] 19358K->12270K(26112K), 0.0004000 secs] [Times: user=0.00 sys=0.00, real=0.00 secs] 
62.344: Total time for which application threads were stopped: 0.0005000 seconds, Stopping threads took: 0.0000500 seconds
62.384: Application time: 0.0393380 seconds
62.384: [GC [PSYoungGen: 7568K->416K(8192K)] 19438K->12286K(26112K), 0.0003930 secs] [Times: user=0.01 sys=0.00, real=0.00 secs] 
62.384: Total time for which application threads were stopped: 0.0004800 seconds, Stopping threads took: 0.0000380 seconds
62.422: Application time: 0.0383130 seconds
62.422: [GC [PSYoungGen: 7584K->512K(8192K)] 19454K->12382K(26112K), 0.0004240 secs] [Times: user=0.00 sys=0.00, real=0.00 secs] 
62.423: Total time for which application threads were stopped: 0.0005110 seconds, Stopping threads took: 0.0000370 seconds
62.462: Application time: 0.0393070 seconds
62.462: [GC [PSYoungGen: 7680K->512K(8192K)] 19550K->12382K(26112K), 0.0004250 secs] [Times: user=0.00 sys=0.00, real=0.00 secs] 
62.463: Total time for which application threads were stopped: 0.0005230 seconds, Stopping threads took: 0.0000500 seconds
62.502: Application time: 0.0393340 seconds
62.502: [GC [PSYoungGen: 7680K->528K(8192K)] 19550K->12398K(26112K), 0.0004310 secs] [Times: user=0.00 sys=0.00, real=0.00 secs] 
62.503: Total time for which application threads were stopped: 0.0005290 seconds, Stopping threads took: 0.0000480 seconds
62.542: Application time: 0.0394230 seconds
62.542: [GC [PSYoungGen: 7696K->480K(8192K)] 19566K->12350K(26112K), 0.0004140 secs] [Times: user=0.00 sys=0.00, real=0.00 secs] 
62.543: Total time for which application threads were stopped: 0.0005120 seconds, Stopping threads took: 0.0000500 seconds
62.582: Application time: 0.0393080 seconds
62.582: [GC [PSYoungGen: 7648K->480K(8192K)] 19518K->12350K(26112K), 0.0004180 secs] [Times: user=0.01 sys=0.00, real=0.00 secs] 
62.582: Total time for which application threads were stopped: 0.0005070 seconds, Stopping threads took: 0.0000380 seconds
62.622: Application time: 0.0392410 seconds
62.622: [GC [PSYoungGen: 7648K->512K(8192K)] 19518K->12382K(26112K), 0.0004550 secs] [Times: user=0.00 sys=0.00, real=0.00 secs] 
62.622: Total time for which application threads were stopped: 0.0005490 seconds, Stopping threads took: 0.0000420 seconds
62.661: Application time: 0.0390790 seconds
62.661: [GC [PSYoungGen: 7680K->512K(8192K)] 19550K->12382K(26112K), 0.0004580 secs] [Times: user=0.01 sys=0.00, real=0.00 secs] 
62.662: Total time for which application threads were stopped: 0.0005570 seconds, Stopping threads took: 0.0000460 seconds
62.701: Application time: 0.0391960 seconds
62.701: [GC [PSYoungGen: 7680K->496K(8192K)] 19550K->12366K(26112K), 0.0004270 secs] [Times: user=0.00 sys=0.00, real=0.00 secs] 
62.702: Total time for which application threads were stopped: 0.0005130 seconds, Stopping threads took: 0.0000370 seconds
62.742: Application time: 0.0403270 seconds
62.742: [GC [PSYoungGen: 7664K->480K(8192K)] 19534K->12350K(26112K), 0.0004880 secs] [Times: user=0.00 sys=0.00, real=0.00 secs] 
62.742: Total time for which application threads were stopped: 0.0006050 seconds, Stopping threads took: 0.0000550 seconds
62.782: Application time: 0.0392110 seconds
62.782: [GC [PSYoungGen: 7648K->496K(8192K)] 19518K->12366K(26112K), 0.0004770 secs] [Times: user=0.00 sys=0.00, real=0.00 secs] 
62.782: Total time for which application threads were stopped: 0.0005950 seconds, Stopping threads took: 0.0000520 seconds
62.821: Application time: 0.0388660 seconds
62.821: [GC [PSYoungGen: 7664K->512K(8192K)] 19534K->12382K(26112K), 0.0004150 secs] [Times: user=0.00 sys=0.00, real=0.00 secs] 
62.822: Total time for which application threads were stopped: 0.0005090 seconds, Stopping threads took: 0.0000460 seconds
62.862: Application time: 0.0404400 seconds
62.862: [GC [PSYoungGen: 7680K->448K(8192K)] 19550K->12374K(26112K), 0.0004900 secs] [Times: user=0.00 sys=0.00, real=0.00 secs] 
62.863: Total time for which application threads were stopped: 0.0005840 seconds, Stopping threads took: 0.0000430 seconds
62.902: Application time: 0.0395610 seconds
62.902: [GC [PSYoungGen: 7616K->416K(8192K)] 19542K->12438K(26112K), 0.0004510 secs] [Times: user=0.00 sys=0.00, real=0.00 secs] 
62.903: Total time for which application threads were stopped: 0.0005400 seconds, Stopping threads took: 0.0000410 seconds
62.942: Application time: 0.0393540 seconds
62.942: [GC [PSYoungGen: 7584K->336K(8192K)] 19606K->12446K(26112K), 0.0003950 secs] [Times: user=0.00 sys=0.00, real=0.00 secs] 
62.943: Total time for which application threads were stopped: 0.0004790 seconds, Stopping threads took: 0.0000380 seconds
62.982: Application time: 0.0391690 seconds
62.982: [GC [PSYoungGen: 7504K->320K(8192K)] 19614K->12430K(26112K), 0.0004260 secs] [Times: user=0.00 sys=0.00, real=0.00 secs] 
62.982: Total time for which application threads were stopped: 0.0005170 seconds, Stopping threads took: 0.0000430 seconds
63.022: Application time: 0.0392340 seconds
63.022: [GC [PSYoungGen: 7488K->208K(8192K)] 19598K->12426K(26112K), 0.0005260 secs] [Times: user=0.00 sys=0.00, real=0.00 secs] 
63.022: Total time for which application threads were stopped: 0.0006130 seconds, Stopping threads took: 0.0000400 seconds
63.061: Application time: 0.0387190 seconds
63.061: [GC [PSYoungGen: 7376K->272K(8192K)] 19594K->12490K(26112K), 0.0003790 secs] [Times: user=0.00 sys=0.00, real=0.00 secs] 
63.061: Total time for which application threads were stopped: 0.0004730 seconds, Stopping threads took: 0.0000470 seconds
63.099: Application time: 0.0379690 seconds
63.099: [GC [PSYoungGen: 7440K->352K(8192K)] 19658K->12570K(26112K), 0.0004110 secs] [Times: user=0.00 sys=0.00, real=0.00 secs] 
63.100: Total time for which application threads were stopped: 0.0005040 seconds, Stopping threads took: 0.0000420 seconds
63.138: Application time: 0.0386030 seconds
63.139: [GC [PSYoungGen: 7520K->352K(8192K)] 19738K->12570K(26112K), 0.0003920 secs] [Times: user=0.00 sys=0.00, real=0.00 secs] 
63.139: Total time for which application threads were stopped: 0.0004840 seconds, Stopping threads took: 0.0000430 seconds
63.177: Application time: 0.0382800 seconds
63.177: [GC [PSYoungGen: 7520K->464K(8192K)] 19738K->12682K(26112K), 0.0004510 secs] [Times: user=0.00 sys=0.00, real=0.00 secs] 
63.178: Total time for which application threads were stopped: 0.0005440 seconds, Stopping threads took: 0.0000430 seconds
63.216: Application time: 0.0386070 seconds
63.216: [GC [PSYoungGen: 7632K->480K(8192K)] 19850K->12698K(26112K), 0.0004300 secs] [Times: user=0.00 sys=0.00, real=0.01 secs] 
63.217: Total time for which application threads were stopped: 0.0005250 seconds, Stopping threads took: 0.0000430 seconds
63.256: Application time: 0.0392150 seconds
63.256: [GC [PSYoungGen: 7648K->480K(8192K)] 19866K->12698K(26112K), 0.0004310 secs] [Times: user=0.00 sys=0.00, real=0.00 secs] 
63.257: Total time for which application threads were stopped: 0.0005350 seconds, Stopping threads took: 0.0000490 seconds
63.296: Application time: 0.0396330 seconds
63.296: [GC [PSYoungGen: 7648K->528K(8192K)] 19866K->12746K(26112K), 0.0004670 secs] [Times: user=0.00 sys=0.00, real=0.01 secs] 
63.297: Total time for which application threads were stopped: 0.0005700 seconds, Stopping threads took: 0.0000440 seconds
63.336: Application time: 0.0393030 seconds
63.336: [GC [PSYoungGen: 7696K->528K(8192K)] 19914K->12746K(26112K), 0.0004130 secs] [Times: user=0.00 sys=0.00, real=0.00 secs] 
63.337: Total time for which application threads were stopped: 0.0005090 seconds, Stopping threads took: 0.0000470 seconds
63.376: Application time: 0.0392770 seconds
63.376: [GC [PSYoungGen: 7696K->512K(8192K)] 19914K->12730K(26112K), 0.0004190 secs] [Times: user=0.00 sys=0.00, real=0.00 secs] 
63.376: Total time for which application threads were stopped: 0.0005070 seconds, Stopping threads took: 0.0000440 seconds
63.416: Application time: 0.0392290 seconds
63.416: [GC [PSYoungGen: 7680K->512K(8192K)] 19898K->12730K(26112K), 0.0004280 secs] [Times: user=0.00 sys=0.00, real=0.00 secs] 
63.416: Total time for which application threads were stopped: 0.0005180 seconds, Stopping threads took: 0.0000380 seconds
63.455: Application time: 0.0391870 seconds
63.455: [GC [PSYoungGen: 7680K->528K(8192K)] 19898K->12746K(26112K), 0.0004580 secs] [Times: user=0.00 sys=0.00, real=0.00 secs] 
63.456: Total time for which application threads were stopped: 0.0005450 seconds, Stopping threads took: 0.0000380 seconds
63.495: Application time: 0.0391540 seconds
63.495: [GC [PSYoungGen: 7696K->496K(8192K)] 19914K->12714K(26112K), 0.0004600 secs] [Times: user=0.00 sys=0.00, real=0.00 secs] 
63.496: Total time for which application threads were stopped: 0.0005540 seconds, Stopping threads took: 0.0000450 seconds
63.535: Application time: 0.0394100 seconds
63.535: [GC [PSYoungGen: 7664K->496K(8192K)] 19882K->12714K(26112K), 0.0004560 secs] [Times: user=0.00 sys=0.00, real=0.00 secs] 
63.536: Total time for which application threads were stopped: 0.0005560 seconds, Stopping threads took: 0.0000530 seconds
63.575: Application time: 0.0392170 seconds
63.575: [GC [PSYoungGen: 7664K->512K(8192K)] 19882K->12730K(26112K), 0.0004360 secs] [Times: user=0.01 sys=0.00, real=0.00 secs] 
63.575: Total time for which application threads were stopped: 0.0005270 seconds, Stopping threads took: 0.0000350 seconds
63.615: Application time: 0.0392260 seconds
63.615: [GC [PSYoungGen: 7680K->512K(8192K)] 19898K->12730K(26112K), 0.0004240 secs] [Times: user=0.00 sys=0.00, real=0.00 secs] 
63.615: Total time for which application threads were stopped: 0.0005150 seconds, Stopping threads took: 0.0000420 seconds
63.654: Application time: 0.0393020 seconds
63.654: [GC [PSYoungGen: 7680K->480K(8192K)] 19898K->12746K(26112K), 0.0004560 secs] [Times: user=0.01 sys=0.00, real=0.00 secs] 
63.655: Total time for which application threads were stopped: 0.0005540 seconds, Stopping threads took: 0.0000500 seconds
63.694: Application time: 0.0392760 seconds
63.694: [GC [PSYoungGen: 7648K->304K(8192K)] 19914K->12674K(26112K), 0.0004630 secs] [Times: user=0.00 sys=0.00, real=0.00 secs] 
63.695: Total time for which application threads were stopped: 0.0005550 seconds, Stopping threads took: 0.0000450 seconds
63.734: Application time: 0.0395830 seconds
63.734: [GC [PSYoungGen: 7472K->336K(8192K)] 19842K->12762K(26112K), 0.0004180 secs] [Times: user=0.00 sys=0.00, real=0.00 secs] 
63.735: Total time for which application threads were stopped: 0.0005280 seconds, Stopping threads took: 0.0000540 seconds
63.774: Application time: 0.0392680 seconds
63.774: [GC [PSYoungGen: 7504K->304K(8192K)] 19930K->12818K(26112K), 0.0003870 secs] [Times: user=0.00 sys=0.00, real=0.00 secs] 
63.775: Total time for which application threads were stopped: 0.0004720 seconds, Stopping threads took: 0.0000390 seconds
63.814: Application time: 0.0393710 seconds
63.814: [GC [PSYoungGen: 7472K->272K(8192K)] 19986K->12834K(26112K), 0.0003860 secs] [Times: user=0.00 sys=0.00, real=0.00 secs] 
63.815: Total time for which application threads were stopped: 0.0004800 seconds, Stopping threads took: 0.0000380 seconds
63.853: Application time: 0.0382780 seconds
63.853: [GC [PSYoungGen: 7440K->288K(8192K)] 20002K->12850K(26112K), 0.0003730 secs] [Times: user=0.00 sys=0.00, real=0.00 secs] 
63.853: Total time for which application threads were stopped: 0.0004640 seconds, Stopping threads took: 0.0000400 seconds
63.892: Application time: 0.0383810 seconds
63.892: [GC [PSYoungGen: 7456K->336K(8192K)] 20018K->12898K(26112K), 0.0004010 secs] [Times: user=0.00 sys=0.00, real=0.00 secs] 
63.892: Total time for which application threads were stopped: 0.0005050 seconds, Stopping threads took: 0.0000490 seconds
63.931: Application time: 0.0392660 seconds
63.931: [GC [PSYoungGen: 7504K->384K(8192K)] 20066K->12946K(26112K), 0.0003890 secs] [Times: user=0.01 sys=0.00, real=0.00 secs] 
63.932: Total time for which application threads were stopped: 0.0004680 seconds, Stopping threads took: 0.0000310 seconds
63.970: Application time: 0.0379670 seconds
63.970: [GC [PSYoungGen: 7552K->480K(8192K)] 20114K->13042K(26112K), 0.0004090 secs] [Times: user=0.00 sys=0.00, real=0.00 secs] 
63.970: Total time for which application threads were stopped: 0.0005060 seconds, Stopping threads took: 0.0000460 seconds
64.009: Application time: 0.0389460 seconds
64.009: [GC [PSYoungGen: 7648K->480K(8192K)] 20210K->13042K(26112K), 0.0004120 secs] [Times: user=0.00 sys=0.00, real=0.00 secs] 
64.010: Total time for which application threads were stopped: 0.0005010 seconds, Stopping threads took: 0.0000420 seconds
64.049: Application time: 0.0392510 seconds
64.049: [GC [PSYoungGen: 7648K->528K(8192K)] 20210K->13090K(26112K), 0.0004230 secs] [Times: user=0.00 sys=0.00, real=0.00 secs] 
64.050: Total time for which application threads were stopped: 0.0005090 seconds, Stopping threads took: 0.0000420 seconds
64.089: Application time: 0.0393080 seconds
64.089: [GC [PSYoungGen: 7696K->480K(8192K)] 20258K->13042K(26112K), 0.0004580 secs] [Times: user=0.01 sys=0.00, real=0.00 secs] 
64.089: Total time for which application threads were stopped: 0.0005540 seconds, Stopping threads took: 0.0000460 seconds
64.129: Application time: 0.0393240 seconds
64.129: [GC [PSYoungGen: 7648K->496K(8192K)] 20210K->13058K(26112K), 0.0004060 secs] [Times: user=0.00 sys=0.00, real=0.00 secs] 
64.129: Total time for which application threads were stopped: 0.0005100 seconds, Stopping threads took: 0.0000470 seconds
64.169: Application time: 0.0397460 seconds
64.169: [GC [PSYoungGen: 7664K->528K(8192K)] 20226K->13090K(26112K), 0.0004430 secs] [Times: user=0.00 sys=0.00, real=0.00 secs] 
64.170: Total time for which application threads were stopped: 0.0005390 seconds, Stopping threads took: 0.0000420 seconds
64.209: Application time: 0.0397390 seconds
64.209: [GC [PSYoungGen: 7696K->496K(8192K)] 20258K->13058K(26112K), 0.0004060 secs] [Times: user=0.00 sys=0.00, real=0.00 secs] 
64.210: Total time for which application threads were stopped: 0.0004950 seconds, Stopping threads took: 0.0000400 seconds
64.249: Application time: 0.0396940 seconds
64.250: [GC [PSYoungGen: 7664K->496K(8192K)] 20226K->13058K(26112K), 0.0004650 secs] [Times: user=0.00 sys=0.00, real=0.00 secs] 
64.250: Total time for which application threads were stopped: 0.0005750 seconds, Stopping threads took: 0.0000540 seconds
64.289: Application time: 0.0392660 seconds
64.289: [GC [PSYoungGen: 7664K->480K(8192K)] 20226K->13042K(26112K), 0.0004340 secs] [Times: user=0.00 sys=0.00, real=0.00 secs] 
64.290: Total time for which application threads were stopped: 0.0005260 seconds, Stopping threads took: 0.0000400 seconds
64.329: Application time: 0.0391550 seconds
64.329: [GC [PSYoungGen: 7648K->496K(8192K)] 20210K->13058K(26112K), 0.0004130 secs] [Times: user=0.00 sys=0.00, real=0.00 secs] 
64.330: Total time for which application threads were stopped: 0.0005130 seconds, Stopping threads took: 0.0000380 seconds
64.370: Application time: 0.0402950 seconds
64.370: [GC [PSYoungGen: 7664K->480K(8192K)] 20226K->13042K(26112K), 0.0004570 secs] [Times: user=0.01 sys=0.00, real=0.00 secs] 
64.370: Total time for which application threads were stopped: 0.0005550 seconds, Stopping threads took: 0.0000410 seconds
64.410: Application time: 0.0391670 seconds
64.410: [GC [PSYoungGen: 7648K->496K(8192K)] 20210K->13058K(26112K), 0.0004220 secs] [Times: user=0.00 sys=0.00, real=0.00 secs] 
64.410: Total time for which application threads were stopped: 0.0005140 seconds, Stopping threads took: 0.0000420 seconds
64.450: Application time: 0.0402960 seconds
64.453: [GC [PSYoungGen: 7664K->416K(8192K)] 20226K->13066K(26112K), 0.0004430 secs] [Times: user=0.01 sys=0.00, real=0.00 secs] 
64.453: Total time for which application threads were stopped: 0.0028460 seconds, Stopping threads took: 0.0023540 seconds
64.492: Application time: 0.0392920 seconds
64.493: [GC [PSYoungGen: 7584K->320K(8192K)] 20234K->13098K(26112K), 0.0004450 secs] [Times: user=0.00 sys=0.01, real=0.00 secs] 
64.493: Total time for which application threads were stopped: 0.0005320 seconds, Stopping threads took: 0.0000390 seconds
64.532: Application time: 0.0391530 seconds
64.532: [GC [PSYoungGen: 7488K->304K(8192K)] 20266K->13082K(26112K), 0.0003690 secs] [Times: user=0.00 sys=0.00, real=0.00 secs] 
64.533: Total time for which application threads were stopped: 0.0004570 seconds, Stopping threads took: 0.0000390 seconds
64.572: Application time: 0.0392420 seconds
64.572: [GC [PSYoungGen: 7472K->256K(8192K)] 20250K->13134K(26112K), 0.0004240 secs] [Times: user=0.00 sys=0.00, real=0.00 secs] 
64.572: Total time for which application threads were stopped: 0.0005140 seconds, Stopping threads took: 0.0000410 seconds
64.611: Application time: 0.0389500 seconds
64.611: [GC [PSYoungGen: 7424K->272K(8192K)] 20302K->13206K(26112K), 0.0004110 secs] [Times: user=0.00 sys=0.00, real=0.00 secs] 
64.612: Total time for which application threads were stopped: 0.0005040 seconds, Stopping threads took: 0.0000430 seconds
64.650: Application time: 0.0385130 seconds
64.653: [GC [PSYoungGen: 7440K->288K(8192K)] 20374K->13222K(26112K), 0.0003620 secs] [Times: user=0.00 sys=0.00, real=0.00 secs] 
64.653: Total time for which application threads were stopped: 0.0027480 seconds, Stopping threads took: 0.0023360 seconds
64.691: Application time: 0.0377500 seconds
64.691: [GC [PSYoungGen: 7456K->368K(8192K)] 20390K->13302K(26112K), 0.0003980 secs] [Times: user=0.00 sys=0.00, real=0.00 secs] 
64.691: Total time for which application threads were stopped: 0.0004940 seconds, Stopping threads took: 0.0000480 seconds
64.731: Application time: 0.0397370 seconds
64.731: [GC [PSYoungGen: 7536K->400K(8192K)] 20470K->13334K(26112K), 0.0004590 secs] [Times: user=0.00 sys=0.00, real=0.00 secs] 
64.732: Total time for which application threads were stopped: 0.0005850 seconds, Stopping threads took: 0.0000530 seconds
64.770: Application time: 0.0380470 seconds
64.770: [GC [PSYoungGen: 7568K->480K(8192K)] 20502K->13414K(26112K), 0.0004360 secs] [Times: user=0.01 sys=0.00, real=0.00 secs] 
64.770: Total time for which application threads were stopped: 0.0005380 seconds, Stopping threads took: 0.0000440 seconds
64.810: Application time: 0.0392580 seconds
64.810: [GC [PSYoungGen: 7648K->480K(8192K)] 20582K->13414K(26112K), 0.0004610 secs] [Times: user=0.00 sys=0.00, real=0.00 secs] 
64.810: Total time for which application threads were stopped: 0.0005600 seconds, Stopping threads took: 0.0000450 seconds
64.849: Application time: 0.0393530 seconds
64.850: [GC [PSYoungGen: 7648K->496K(8192K)] 20582K->13430K(26112K), 0.0004250 secs] [Times: user=0.00 sys=0.00, real=0.00 secs] 
64.850: Total time for which application threads were stopped: 0.0005300 seconds, Stopping threads took: 0.0000390 seconds
64.889: Application time: 0.0393280 seconds
64.889: [GC [PSYoungGen: 7664K->496K(8192K)] 20598K->13430K(26112K), 0.0004060 secs] [Times: user=0.00 sys=0.00, real=0.00 secs] 
64.890: Total time for which application threads were stopped: 0.0005010 seconds, Stopping threads took: 0.0000450 seconds
64.929: Application time: 0.0395720 seconds
64.929: [GC [PSYoungGen: 7664K->496K(8192K)] 20598K->13430K(26112K), 0.0004370 secs] [Times: user=0.00 sys=0.00, real=0.00 secs] 
64.930: Total time for which application threads were stopped: 0.0005340 seconds, Stopping threads took: 0.0000460 seconds
64.969: Application time: 0.0392300 seconds
64.969: [GC [PSYoungGen: 7664K->496K(8192K)] 20598K->13430K(26112K), 0.0004240 secs] [Times: user=0.01 sys=0.00, real=0.00 secs] 
64.970: Total time for which application threads were stopped: 0.0005160 seconds, Stopping threads took: 0.0000420 seconds
65.009: Application time: 0.0392460 seconds
65.009: [GC [PSYoungGen: 7664K->528K(8192K)] 20598K->13462K(26112K), 0.0004210 secs] [Times: user=0.00 sys=0.00, real=0.00 secs] 
65.009: Total time for which application threads were stopped: 0.0005120 seconds, Stopping threads took: 0.0000420 seconds
65.049: Application time: 0.0392250 seconds
65.049: [GC [PSYoungGen: 7696K->496K(8192K)] 20630K->13430K(26112K), 0.0004560 secs] [Times: user=0.00 sys=0.00, real=0.00 secs] 
65.049: Total time for which application threads were stopped: 0.0005520 seconds, Stopping threads took: 0.0000470 seconds
65.088: Application time: 0.0390250 seconds
65.088: [GC [PSYoungGen: 7664K->496K(8192K)] 20598K->13430K(26112K), 0.0004260 secs] [Times: user=0.00 sys=0.00, real=0.01 secs] 
65.089: Total time for which application threads were stopped: 0.0005130 seconds, Stopping threads took: 0.0000370 seconds
65.128: Application time: 0.0392250 seconds
65.128: [GC [PSYoungGen: 7664K->496K(8192K)] 20598K->13430K(26112K), 0.0004500 secs] [Times: user=0.00 sys=0.00, real=0.00 secs] 
65.129: Total time for which application threads were stopped: 0.0005470 seconds, Stopping threads took: 0.0000440 seconds
65.168: Application time: 0.0391570 seconds
65.168: [GC [PSYoungGen: 7664K->512K(8192K)] 20598K->13446K(26112K), 0.0004170 secs] [Times: user=0.00 sys=0.00, real=0.00 secs] 
65.168: Total time for which application threads were stopped: 0.0005040 seconds, Stopping threads took: 0.0000390 seconds
65.208: Application time: 0.0397260 seconds
65.208: [GC [PSYoungGen: 7680K->448K(8192K)] 20614K->13446K(26112K), 0.0004190 secs] [Times: user=0.00 sys=0.00, real=0.00 secs] 
65.208: Total time for which application threads were stopped: 0.0005090 seconds, Stopping threads took: 0.0000390 seconds
65.248: Application time: 0.0392670 seconds
65.248: [GC [PSYoungGen: 7616K->416K(8192K)] 20614K->13470K(26112K), 0.0004030 secs] [Times: user=0.00 sys=0.00, real=0.00 secs] 
65.248: Total time for which application threads were stopped: 0.0004890 seconds, Stopping threads took: 0.0000360 seconds
65.287: Application time: 0.0391340 seconds
65.287: [GC [PSYoungGen: 7584K->320K(8192K)] 20638K->13506K(26112K), 0.0003920 secs] [Times: user=0.00 sys=0.00, real=0.00 secs] 
65.288: Total time for which application threads were stopped: 0.0004820 seconds, Stopping threads took: 0.0000400 seconds
65.327: Application time: 0.0392500 seconds
65.329: [GC [PSYoungGen: 7488K->304K(8192K)] 20674K->13491K(26112K), 0.0005060 secs] [Times: user=0.01 sys=0.00, real=0.00 secs] 
65.329: Total time for which application threads were stopped: 0.0022110 seconds, Stopping threads took: 0.0016550 seconds
65.369: Application time: 0.0392270 seconds
65.369: [GC [PSYoungGen: 7472K->256K(8192K)] 20659K->13575K(26112K), 0.0004220 secs] [Times: user=0.00 sys=0.00, real=0.01 secs] 
65.369: Total time for which application threads were stopped: 0.0005180 seconds, Stopping threads took: 0.0000380 seconds
65.408: Application time: 0.0387870 seconds
65.408: [GC [PSYoungGen: 7424K->272K(8192K)] 20743K->13591K(26112K), 0.0003550 secs] [Times: user=0.00 sys=0.00, real=0.00 secs] 
65.408: Total time for which application threads were stopped: 0.0004540 seconds, Stopping threads took: 0.0000490 seconds
65.447: Application time: 0.0388180 seconds
65.447: [GC [PSYoungGen: 7440K->288K(8192K)] 20759K->13607K(26112K), 0.0004130 secs] [Times: user=0.00 sys=0.00, real=0.00 secs] 
65.448: Total time for which application threads were stopped: 0.0005060 seconds, Stopping threads took: 0.0000430 seconds
65.485: Application time: 0.0378880 seconds
65.486: [GC [PSYoungGen: 7456K->368K(8192K)] 20775K->13687K(26112K), 0.0004060 secs] [Times: user=0.00 sys=0.00, real=0.00 secs] 
65.486: Total time for which application threads were stopped: 0.0004990 seconds, Stopping threads took: 0.0000390 seconds
65.525: Application time: 0.0386280 seconds
65.525: [GC [PSYoungGen: 7536K->432K(8192K)] 20855K->13751K(26112K), 0.0004470 secs] [Times: user=0.01 sys=0.00, real=0.00 secs] 
65.525: Total time for which application threads were stopped: 0.0005510 seconds, Stopping threads took: 0.0000470 seconds
65.563: Application time: 0.0382870 seconds
65.564: [GC [PSYoungGen: 7600K->512K(8192K)] 20919K->13831K(26112K), 0.0004190 secs] [Times: user=0.00 sys=0.00, real=0.00 secs] 
65.564: Total time for which application threads were stopped: 0.0005130 seconds, Stopping threads took: 0.0000430 seconds
65.603: Application time: 0.0394870 seconds
65.604: [GC [PSYoungGen: 7680K->496K(8192K)] 20999K->13815K(26112K), 0.0004110 secs] [Times: user=0.01 sys=0.00, real=0.00 secs] 
65.604: Total time for which application threads were stopped: 0.0004950 seconds, Stopping threads took: 0.0000360 seconds
65.643: Application time: 0.0392690 seconds
65.643: [GC [PSYoungGen: 7664K->496K(8192K)] 20983K->13815K(26112K), 0.0004740 secs] [Times: user=0.00 sys=0.00, real=0.00 secs] 
65.644: Total time for which application threads were stopped: 0.0005660 seconds, Stopping threads took: 0.0000430 seconds
65.683: Application time: 0.0395580 seconds
65.683: [GC [PSYoungGen: 7664K->496K(8192K)] 20983K->13815K(26112K), 0.0004220 secs] [Times: user=0.00 sys=0.00, real=0.00 secs] 
65.684: Total time for which application threads were stopped: 0.0005000 seconds, Stopping threads took: 0.0000330 seconds
65.724: Application time: 0.0397130 seconds
65.724: [GC [PSYoungGen: 7664K->544K(8192K)] 20983K->13863K(26112K), 0.0004680 secs] [Times: user=0.00 sys=0.00, real=0.00 secs] 
65.724: Total time for which application threads were stopped: 0.0005960 seconds, Stopping threads took: 0.0000650 seconds
65.764: Application time: 0.0401730 seconds
65.764: [GC [PSYoungGen: 7712K->496K(8192K)] 21031K->13815K(26112K), 0.0006110 secs] [Times: user=0.00 sys=0.00, real=0.00 secs] 
65.766: Total time for which application threads were stopped: 0.0016640 seconds, Stopping threads took: 0.0000580 seconds
65.805: Application time: 0.0391980 seconds
65.805: [GC [PSYoungGen: 7664K->512K(8192K)] 20983K->13831K(26112K), 0.0004520 secs] [Times: user=0.00 sys=0.00, real=0.00 secs] 
65.806: Total time for which application threads were stopped: 0.0005520 seconds, Stopping threads took: 0.0000460 seconds
65.845: Application time: 0.0389000 seconds
65.845: [GC [PSYoungGen: 7680K->512K(8192K)] 20999K->13831K(26112K), 0.0005010 secs] [Times: user=0.00 sys=0.00, real=0.00 secs] 
65.845: Total time for which application threads were stopped: 0.0005990 seconds, Stopping threads took: 0.0000470 seconds
65.885: Application time: 0.0398950 seconds
65.885: [GC [PSYoungGen: 7680K->496K(8192K)] 20999K->13815K(26112K), 0.0004780 secs] [Times: user=0.00 sys=0.00, real=0.00 secs] 
65.886: Total time for which application threads were stopped: 0.0005830 seconds, Stopping threads took: 0.0000440 seconds
65.925: Application time: 0.0392830 seconds
65.925: [GC [PSYoungGen: 7664K->512K(8192K)] 20983K->13831K(26112K), 0.0004370 secs] [Times: user=0.01 sys=0.00, real=0.00 secs] 
65.926: Total time for which application threads were stopped: 0.0005320 seconds, Stopping threads took: 0.0000430 seconds
65.965: Application time: 0.0392730 seconds
65.965: [GC [PSYoungGen: 7680K->512K(8192K)] 20999K->13831K(26112K), 0.0004120 secs] [Times: user=0.00 sys=0.00, real=0.00 secs] 
65.965: Total time for which application threads were stopped: 0.0005060 seconds, Stopping threads took: 0.0000450 seconds
66.005: Application time: 0.0391980 seconds
66.005: [GC [PSYoungGen: 7680K->496K(8192K)] 20999K->13855K(26112K), 0.0004980 secs] [Times: user=0.00 sys=0.00, real=0.00 secs] 
66.005: Total time for which application threads were stopped: 0.0005830 seconds, Stopping threads took: 0.0000350 seconds
66.045: Application time: 0.0395050 seconds
66.045: [GC [PSYoungGen: 7664K->432K(8192K)] 21023K->13847K(26112K), 0.0004090 secs] [Times: user=0.00 sys=0.00, real=0.00 secs] 
66.045: Total time for which application threads were stopped: 0.0004980 seconds, Stopping threads took: 0.0000380 seconds
66.084: Application time: 0.0393490 seconds
66.085: [GC [PSYoungGen: 7600K->336K(8192K)] 21015K->13879K(26112K), 0.0004480 secs] [Times: user=0.00 sys=0.00, real=0.00 secs] 
66.085: Total time for which application threads were stopped: 0.0005360 seconds, Stopping threads took: 0.0000390 seconds
66.124: Application time: 0.0392380 seconds
66.124: [GC [PSYoungGen: 7504K->288K(8192K)] 21047K->13895K(26112K), 0.0003850 secs] [Times: user=0.00 sys=0.00, real=0.00 secs] 
66.125: Total time for which application threads were stopped: 0.0004790 seconds, Stopping threads took: 0.0000410 seconds
66.164: Application time: 0.0391940 seconds
66.164: [GC [PSYoungGen: 7456K->256K(8192K)] 21063K->13975K(26112K), 0.0003650 secs] [Times: user=0.00 sys=0.00, real=0.00 secs] 
66.164: Total time for which application threads were stopped: 0.0004530 seconds, Stopping threads took: 0.0000390 seconds
66.203: Application time: 0.0385000 seconds
66.203: [GC [PSYoungGen: 7424K->256K(8192K)] 21143K->13975K(26112K), 0.0004180 secs] [Times: user=0.00 sys=0.00, real=0.00 secs] 
66.203: Total time for which application threads were stopped: 0.0005080 seconds, Stopping threads took: 0.0000430 seconds
66.242: Application time: 0.0388860 seconds
66.242: [GC [PSYoungGen: 7424K->288K(8192K)] 21143K->14007K(26112K), 0.0003850 secs] [Times: user=0.00 sys=0.00, real=0.00 secs] 
66.243: Total time for which application threads were stopped: 0.0004820 seconds, Stopping threads took: 0.0000440 seconds
66.280: Application time: 0.0374350 seconds
66.280: [GC [PSYoungGen: 7456K->416K(8192K)] 21175K->14135K(26112K), 0.0004360 secs] [Times: user=0.00 sys=0.00, real=0.00 secs] 
66.281: Total time for which application threads were stopped: 0.0005270 seconds, Stopping threads took: 0.0000420 seconds
66.320: Application time: 0.0389120 seconds
66.320: [GC [PSYoungGen: 7584K->400K(8192K)] 21303K->14119K(26112K), 0.0004030 secs] [Times: user=0.00 sys=0.00, real=0.00 secs] 
66.320: Total time for which application threads were stopped: 0.0005030 seconds, Stopping threads took: 0.0000410 seconds
66.359: Application time: 0.0385500 seconds
66.359: [GC [PSYoungGen: 7568K->480K(8192K)] 21287K->14199K(26112K), 0.0004570 secs] [Times: user=0.00 sys=0.00, real=0.00 secs] 
66.359: Total time for which application threads were stopped: 0.0005610 seconds, Stopping threads took: 0.0000510 seconds
66.399: Application time: 0.0394460 seconds
66.399: [GC [PSYoungGen: 7648K->528K(8192K)] 21367K->14247K(26112K), 0.0004190 secs] [Times: user=0.00 sys=0.00, real=0.00 secs] 
66.399: Total time for which application threads were stopped: 0.0005130 seconds, Stopping threads took: 0.0000400 seconds
66.439: Application time: 0.0394280 seconds
66.439: [GC [PSYoungGen: 7696K->512K(8192K)] 21415K->14231K(26112K), 0.0004250 secs] [Times: user=0.00 sys=0.00, real=0.00 secs] 
66.439: Total time for which application threads were stopped: 0.0005130 seconds, Stopping threads took: 0.0000380 seconds
66.478: Application time: 0.0392240 seconds
66.481: [GC [PSYoungGen: 7680K->512K(8192K)] 21399K->14231K(26112K), 0.0004070 secs] [Times: user=0.00 sys=0.00, real=0.00 secs] 
66.481: Total time for which application threads were stopped: 0.0027730 seconds, Stopping threads took: 0.0023150 seconds
66.520: Application time: 0.0393060 seconds
66.521: [GC [PSYoungGen: 7680K->480K(8192K)] 21399K->14199K(26112K), 0.0004240 secs] [Times: user=0.01 sys=0.00, real=0.00 secs] 
66.521: Total time for which application threads were stopped: 0.0005220 seconds, Stopping threads took: 0.0000470 seconds
66.560: Application time: 0.0392820 seconds
66.560: [GC [PSYoungGen: 7648K->512K(8192K)] 21367K->14231K(26112K), 0.0004710 secs] [Times: user=0.00 sys=0.00, real=0.00 secs] 
66.561: Total time for which application threads were stopped: 0.0005690 seconds, Stopping threads took: 0.0000460 seconds
66.600: Application time: 0.0393560 seconds
66.600: [GC [PSYoungGen: 7680K->528K(8192K)] 21399K->14247K(26112K), 0.0004270 secs] [Times: user=0.00 sys=0.00, real=0.00 secs] 
66.601: Total time for which application threads were stopped: 0.0005190 seconds, Stopping threads took: 0.0000400 seconds
66.640: Application time: 0.0391400 seconds
66.640: [GC [PSYoungGen: 7696K->512K(8192K)] 21415K->14231K(26112K), 0.0004190 secs] [Times: user=0.00 sys=0.00, real=0.00 secs] 
66.640: Total time for which application threads were stopped: 0.0005360 seconds, Stopping threads took: 0.0000650 seconds
66.679: Application time: 0.0390590 seconds
66.680: [GC [PSYoungGen: 7680K->496K(8192K)] 21399K->14215K(26112K), 0.0004100 secs] [Times: user=0.00 sys=0.00, real=0.00 secs] 
66.680: Total time for which application threads were stopped: 0.0005030 seconds, Stopping threads took: 0.0000410 seconds
66.720: Application time: 0.0396510 seconds
66.720: [GC [PSYoungGen: 7664K->496K(8192K)] 21383K->14215K(26112K), 0.0004760 secs] [Times: user=0.00 sys=0.00, real=0.00 secs] 
66.720: Total time for which application threads were stopped: 0.0005990 seconds, Stopping threads took: 0.0000600 seconds
66.759: Application time: 0.0389750 seconds
66.759: [GC [PSYoungGen: 7664K->496K(8192K)] 21383K->14215K(26112K), 0.0004360 secs] [Times: user=0.00 sys=0.00, real=0.00 secs] 
66.760: Total time for which application threads were stopped: 0.0005300 seconds, Stopping threads took: 0.0000430 seconds
66.799: Application time: 0.0391050 seconds
66.799: [GC [PSYoungGen: 7664K->480K(8192K)] 21383K->14247K(26112K), 0.0004190 secs] [Times: user=0.00 sys=0.00, real=0.00 secs] 
66.799: Total time for which application threads were stopped: 0.0005100 seconds, Stopping threads took: 0.0000410 seconds
66.839: Application time: 0.0398510 seconds
66.839: [GC [PSYoungGen: 7648K->432K(8192K)] 21415K->14255K(26112K), 0.0004690 secs] [Times: user=0.00 sys=0.00, real=0.00 secs] 
66.840: Total time for which application threads were stopped: 0.0005610 seconds, Stopping threads took: 0.0000390 seconds
66.879: Application time: 0.0392510 seconds
66.879: [GC [PSYoungGen: 7600K->336K(8192K)] 21423K->14283K(26112K), 0.0003950 secs] [Times: user=0.00 sys=0.00, real=0.00 secs] 
66.880: Total time for which application threads were stopped: 0.0004880 seconds, Stopping threads took: 0.0000390 seconds
66.919: Application time: 0.0391370 seconds
66.919: [GC [PSYoungGen: 7504K->288K(8192K)] 21451K->14291K(26112K), 0.0003810 secs] [Times: user=0.00 sys=0.00, real=0.00 secs] 
66.919: Total time for which application threads were stopped: 0.0004850 seconds, Stopping threads took: 0.0000450 seconds
66.958: Application time: 0.0393340 seconds
66.959: [GC [PSYoungGen: 7456K->240K(8192K)] 21459K->14331K(26112K), 0.0003920 secs] [Times: user=0.01 sys=0.00, real=0.00 secs] 
66.959: Total time for which application threads were stopped: 0.0004950 seconds, Stopping threads took: 0.0000510 seconds
66.998: Application time: 0.0388330 seconds
66.998: [GC [PSYoungGen: 7408K->272K(8192K)] 21499K->14363K(26112K), 0.0003810 secs] [Times: user=0.00 sys=0.00, real=0.00 secs] 
66.998: Total time for which application threads were stopped: 0.0004730 seconds, Stopping threads took: 0.0000410 seconds
67.037: Application time: 0.0382430 seconds
67.037: [GC [PSYoungGen: 7440K->304K(8192K)] 21531K->14395K(26112K), 0.0004230 secs] [Times: user=0.00 sys=0.00, real=0.01 secs] 
67.037: Total time for which application threads were stopped: 0.0005310 seconds, Stopping threads took: 0.0000500 seconds
67.075: Application time: 0.0383350 seconds
67.075: [GC [PSYoungGen: 7472K->384K(8192K)] 21563K->14475K(26112K), 0.0004030 secs] [Times: user=0.00 sys=0.00, real=0.00 secs] 
67.076: Total time for which application threads were stopped: 0.0004960 seconds, Stopping threads took: 0.0000410 seconds
67.114: Application time: 0.0385140 seconds
67.114: [GC [PSYoungGen: 7552K->464K(8192K)] 21643K->14555K(26112K), 0.0004160 secs] [Times: user=0.00 sys=0.00, real=0.00 secs] 
67.115: Total time for which application threads were stopped: 0.0005140 seconds, Stopping threads took: 0.0000440 seconds
67.154: Application time: 0.0386130 seconds
67.154: [GC [PSYoungGen: 7632K->480K(8192K)] 21723K->14571K(26112K), 0.0004320 secs] [Times: user=0.00 sys=0.00, real=0.00 secs] 
67.154: Total time for which application threads were stopped: 0.0005250 seconds, Stopping threads took: 0.0000390 seconds
67.194: Application time: 0.0394740 seconds
67.194: [GC [PSYoungGen: 7648K->528K(8192K)] 21739K->14619K(26112K), 0.0004740 secs] [Times: user=0.01 sys=0.00, real=0.00 secs] 
67.194: Total time for which application threads were stopped: 0.0005720 seconds, Stopping threads took: 0.0000400 seconds
67.233: Application time: 0.0393920 seconds
67.234: [GC [PSYoungGen: 7696K->528K(8192K)] 21787K->14619K(26112K), 0.0004110 secs] [Times: user=0.00 sys=0.00, real=0.00 secs] 
67.234: Total time for which application threads were stopped: 0.0004980 seconds, Stopping threads took: 0.0000360 seconds
67.275: Application time: 0.0405710 seconds
67.275: [GC [PSYoungGen: 7696K->496K(8192K)] 21787K->14587K(26112K), 0.0004770 secs] [Times: user=0.01 sys=0.00, real=0.00 secs] 
67.275: Total time for which application threads were stopped: 0.0005950 seconds, Stopping threads took: 0.0000540 seconds
67.314: Application time: 0.0392900 seconds
67.315: [GC [PSYoungGen: 7664K->512K(8192K)] 21755K->14603K(26112K), 0.0004620 secs] [Times: user=0.00 sys=0.00, real=0.00 secs] 
67.315: Total time for which application threads were stopped: 0.0005580 seconds, Stopping threads took: 0.0000420 seconds
67.354: Application time: 0.0394240 seconds
67.355: [GC [PSYoungGen: 7680K->544K(8192K)] 21771K->14635K(26112K), 0.0004660 secs] [Times: user=0.00 sys=0.00, real=0.00 secs] 
67.355: Total time for which application threads were stopped: 0.0005610 seconds, Stopping threads took: 0.0000390 seconds
67.395: Application time: 0.0404910 seconds
67.396: [GC [PSYoungGen: 7712K->496K(8192K)] 21803K->14587K(26112K), 0.0004650 secs] [Times: user=0.00 sys=0.00, real=0.00 secs] 
67.396: Total time for which application threads were stopped: 0.0005710 seconds, Stopping threads took: 0.0000490 seconds
67.435: Application time: 0.0391770 seconds
67.435: [GC [PSYoungGen: 7664K->512K(8192K)] 21755K->14603K(26112K), 0.0004800 secs] [Times: user=0.00 sys=0.00, real=0.00 secs] 
67.436: Total time for which application threads were stopped: 0.0005850 seconds, Stopping threads took: 0.0000380 seconds
67.475: Application time: 0.0390810 seconds
67.475: [GC [PSYoungGen: 7680K->512K(8192K)] 21771K->14603K(26112K), 0.0004190 secs] [Times: user=0.00 sys=0.00, real=0.00 secs] 
67.475: Total time for which application threads were stopped: 0.0005150 seconds, Stopping threads took: 0.0000440 seconds
67.514: Application time: 0.0390130 seconds
67.515: [GC [PSYoungGen: 7680K->512K(8192K)] 21771K->14603K(26112K), 0.0004920 secs] [Times: user=0.00 sys=0.00, real=0.00 secs] 
67.515: Total time for which application threads were stopped: 0.0005900 seconds, Stopping threads took: 0.0000440 seconds
67.554: Application time: 0.0391260 seconds
67.554: [GC [PSYoungGen: 7680K->480K(8192K)] 21771K->14571K(26112K), 0.0004610 secs] [Times: user=0.00 sys=0.00, real=0.00 secs] 
67.555: Total time for which application threads were stopped: 0.0005660 seconds, Stopping threads took: 0.0000520 seconds
67.594: Application time: 0.0390810 seconds
67.594: [GC [PSYoungGen: 7648K->512K(8192K)] 21739K->14659K(26112K), 0.0004240 secs] [Times: user=0.01 sys=0.00, real=0.00 secs] 
67.594: Total time for which application threads were stopped: 0.0005190 seconds, Stopping threads took: 0.0000440 seconds
67.634: Application time: 0.0392910 seconds
67.634: [GC [PSYoungGen: 7680K->400K(8192K)] 21827K->14635K(26112K), 0.0003970 secs] [Times: user=0.00 sys=0.00, real=0.00 secs] 
67.634: Total time for which application threads were stopped: 0.0004960 seconds, Stopping threads took: 0.0000480 seconds
67.673: Application time: 0.0393000 seconds
67.674: [GC [PSYoungGen: 7568K->336K(8192K)] 21803K->14651K(26112K), 0.0004410 secs] [Times: user=0.00 sys=0.00, real=0.00 secs] 
67.674: Total time for which application threads were stopped: 0.0005360 seconds, Stopping threads took: 0.0000430 seconds
67.714: Application time: 0.0401360 seconds
67.714: [GC [PSYoungGen: 7504K->288K(8192K)] 21819K->14691K(26112K), 0.0005040 secs] [Times: user=0.00 sys=0.00, real=0.00 secs] 
67.715: Total time for which application threads were stopped: 0.0006300 seconds, Stopping threads took: 0.0000610 seconds
67.754: Application time: 0.0390260 seconds
67.754: [GC [PSYoungGen: 7456K->272K(8192K)] 21859K->14739K(26112K), 0.0003600 secs] [Times: user=0.00 sys=0.00, real=0.00 secs] 
67.754: Total time for which application threads were stopped: 0.0004620 seconds, Stopping threads took: 0.0000480 seconds
67.793: Application time: 0.0386230 seconds
67.793: [GC [PSYoungGen: 7440K->320K(8192K)] 21907K->14787K(26112K), 0.0004140 secs] [Times: user=0.01 sys=0.00, real=0.00 secs] 
67.793: Total time for which application threads were stopped: 0.0005060 seconds, Stopping threads took: 0.0000370 seconds
67.832: Application time: 0.0384860 seconds
67.832: [GC [PSYoungGen: 7488K->352K(8192K)] 21955K->14819K(26112K), 0.0003770 secs] [Times: user=0.00 sys=0.00, real=0.00 secs] 
67.832: Total time for which application threads were stopped: 0.0004720 seconds, Stopping threads took: 0.0000390 seconds
67.871: Application time: 0.0382620 seconds
67.871: [GC [PSYoungGen: 7520K->432K(8192K)] 21987K->14899K(26112K), 0.0004520 secs] [Times: user=0.00 sys=0.00, real=0.00 secs] 
67.871: Total time for which application threads were stopped: 0.0005500 seconds, Stopping threads took: 0.0000430 seconds
67.910: Application time: 0.0388590 seconds
67.910: [GC [PSYoungGen: 7600K->448K(8192K)] 22067K->14915K(26112K), 0.0004140 secs] [Times: user=0.01 sys=0.00, real=0.00 secs] 
67.911: Total time for which application threads were stopped: 0.0005090 seconds, Stopping threads took: 0.0000410 seconds
67.949: Application time: 0.0388910 seconds
67.949: [GC [PSYoungGen: 7616K->544K(8192K)] 22083K->15011K(26112K), 0.0004280 secs] [Times: user=0.00 sys=0.00, real=0.00 secs] 
67.950: Total time for which application threads were stopped: 0.0005290 seconds, Stopping threads took: 0.0000410 seconds
67.989: Application time: 0.0394420 seconds
67.989: [GC [PSYoungGen: 7712K->528K(8192K)] 22179K->14995K(26112K), 0.0004300 secs] [Times: user=0.01 sys=0.00, real=0.00 secs] 
67.990: Total time for which application threads were stopped: 0.0005220 seconds, Stopping threads took: 0.0000380 seconds
68.029: Application time: 0.0393210 seconds
68.029: [GC [PSYoungGen: 7696K->480K(8192K)] 22163K->14947K(26112K), 0.0004230 secs] [Times: user=0.00 sys=0.00, real=0.00 secs] 
68.030: Total time for which application threads were stopped: 0.0005170 seconds, Stopping threads took: 0.0000430 seconds
68.069: Application time: 0.0392590 seconds
68.069: [GC [PSYoungGen: 7648K->448K(8192K)] 22115K->14915K(26112K), 0.0004150 secs] [Times: user=0.00 sys=0.00, real=0.00 secs] 
68.069: Total time for which application threads were stopped: 0.0005000 seconds, Stopping threads took: 0.0000350 seconds
68.109: Application time: 0.0393280 seconds
68.109: [GC [PSYoungGen: 7616K->480K(8192K)] 22083K->14947K(26112K), 0.0004440 secs] [Times: user=0.00 sys=0.00, real=0.00 secs] 
68.109: Total time for which application threads were stopped: 0.0005420 seconds, Stopping threads took: 0.0000460 seconds
68.149: Application time: 0.0392460 seconds
68.149: [GC [PSYoungGen: 7648K->528K(8192K)] 22115K->14995K(26112K), 0.0004940 secs] [Times: user=0.00 sys=0.00, real=0.00 secs] 
68.149: Total time for which application threads were stopped: 0.0005880 seconds, Stopping threads took: 0.0000450 seconds
68.188: Application time: 0.0392220 seconds
68.188: [GC [PSYoungGen: 7696K->544K(8192K)] 22163K->15011K(26112K), 0.0004260 secs] [Times: user=0.01 sys=0.00, real=0.01 secs] 
68.189: Total time for which application threads were stopped: 0.0005180 seconds, Stopping threads took: 0.0000450 seconds
68.228: Application time: 0.0392300 seconds
68.228: [GC [PSYoungGen: 7712K->512K(8192K)] 22179K->14979K(26112K), 0.0004270 secs] [Times: user=0.00 sys=0.01, real=0.01 secs] 
68.229: Total time for which application threads were stopped: 0.0005230 seconds, Stopping threads took: 0.0000420 seconds
68.268: Application time: 0.0392020 seconds
68.268: [GC [PSYoungGen: 7680K->544K(8192K)] 22147K->15011K(26112K), 0.0004610 secs] [Times: user=0.01 sys=0.00, real=0.00 secs] 
68.268: Total time for which application threads were stopped: 0.0005600 seconds, Stopping threads took: 0.0000480 seconds
68.308: Application time: 0.0390730 seconds
68.308: [GC [PSYoungGen: 7712K->544K(8192K)] 22179K->15011K(26112K), 0.0004180 secs] [Times: user=0.00 sys=0.00, real=0.00 secs] 
68.308: Total time for which application threads were stopped: 0.0005140 seconds, Stopping threads took: 0.0000430 seconds
68.347: Application time: 0.0391410 seconds
68.347: [GC [PSYoungGen: 7712K->480K(8192K)] 22179K->15003K(26112K), 0.0004270 secs] [Times: user=0.00 sys=0.00, real=0.00 secs] 
68.348: Total time for which application threads were stopped: 0.0005250 seconds, Stopping threads took: 0.0000440 seconds
68.387: Application time: 0.0393400 seconds
68.387: [GC [PSYoungGen: 7648K->416K(8192K)] 22171K->14995K(26112K), 0.0004150 secs] [Times: user=0.00 sys=0.00, real=0.00 secs] 
68.388: Total time for which application threads were stopped: 0.0005040 seconds, Stopping threads took: 0.0000380 seconds
68.427: Application time: 0.0394420 seconds
68.427: [GC [PSYoungGen: 7584K->336K(8192K)] 22163K->15008K(26112K), 0.0004470 secs] [Times: user=0.00 sys=0.00, real=0.00 secs] 
68.428: Total time for which application threads were stopped: 0.0005390 seconds, Stopping threads took: 0.0000390 seconds
68.467: Application time: 0.0393190 seconds
68.467: [GC [PSYoungGen: 7504K->288K(8192K)] 22176K->15072K(26112K), 0.0004020 secs] [Times: user=0.00 sys=0.00, real=0.00 secs] 
68.467: Total time for which application threads were stopped: 0.0005130 seconds, Stopping threads took: 0.0000490 seconds
68.507: Application time: 0.0395530 seconds
68.507: [GC [PSYoungGen: 7456K->272K(8192K)] 22240K->15120K(26112K), 0.0004240 secs] [Times: user=0.00 sys=0.00, real=0.00 secs] 
68.507: Total time for which application threads were stopped: 0.0005150 seconds, Stopping threads took: 0.0000390 seconds
68.546: Application time: 0.0384730 seconds
68.546: [GC [PSYoungGen: 7440K->272K(8192K)] 22288K->15168K(26112K), 0.0004300 secs] [Times: user=0.00 sys=0.00, real=0.00 secs] 
68.546: Total time for which application threads were stopped: 0.0005260 seconds, Stopping threads took: 0.0000420 seconds
68.585: Application time: 0.0389500 seconds
68.585: [GC [PSYoungGen: 7440K->288K(8192K)] 22336K->15184K(26112K), 0.0003740 secs] [Times: user=0.00 sys=0.00, real=0.00 secs] 
68.586: Total time for which application threads were stopped: 0.0004730 seconds, Stopping threads took: 0.0000480 seconds
68.624: Application time: 0.0376900 seconds
68.624: [GC [PSYoungGen: 7456K->368K(8192K)] 22352K->15264K(26112K), 0.0004400 secs] [Times: user=0.00 sys=0.00, real=0.00 secs] 
68.624: Total time for which application threads were stopped: 0.0005340 seconds, Stopping threads took: 0.0000410 seconds
68.663: Application time: 0.0391290 seconds
68.663: [GC [PSYoungGen: 7536K->432K(8192K)] 22432K->15328K(26112K), 0.0005180 secs] [Times: user=0.00 sys=0.00, real=0.00 secs] 
68.664: Total time for which application threads were stopped: 0.0006170 seconds, Stopping threads took: 0.0000460 seconds
68.702: Application time: 0.0386270 seconds
68.703: [GC [PSYoungGen: 7600K->448K(8192K)] 22496K->15344K(26112K), 0.0004540 secs] [Times: user=0.00 sys=0.00, real=0.00 secs] 
68.703: Total time for which application threads were stopped: 0.0005410 seconds, Stopping threads took: 0.0000360 seconds
68.742: Application time: 0.0390950 seconds
68.742: [GC [PSYoungGen: 7616K->480K(8192K)] 22512K->15376K(26112K), 0.0004760 secs] [Times: user=0.00 sys=0.00, real=0.00 secs] 
68.743: Total time for which application threads were stopped: 0.0005850 seconds, Stopping threads took: 0.0000470 seconds
68.784: Application time: 0.0411370 seconds
68.784: [GC [PSYoungGen: 7648K->480K(8192K)] 22544K->15376K(26112K), 0.0004540 secs] [Times: user=0.00 sys=0.00, real=0.00 secs] 
68.784: Total time for which application threads were stopped: 0.0005730 seconds, Stopping threads took: 0.0000640 seconds
68.824: Application time: 0.0394460 seconds
68.824: [GC [PSYoungGen: 7648K->464K(8192K)] 22544K->15360K(26112K), 0.0004160 secs] [Times: user=0.00 sys=0.00, real=0.00 secs] 
68.824: Total time for which application threads were stopped: 0.0005110 seconds, Stopping threads took: 0.0000440 seconds
68.864: Application time: 0.0393040 seconds
68.864: [GC [PSYoungGen: 7632K->480K(8192K)] 22528K->15376K(26112K), 0.0004130 secs] [Times: user=0.01 sys=0.00, real=0.00 secs] 
68.864: Total time for which application threads were stopped: 0.0005140 seconds, Stopping threads took: 0.0000450 seconds
68.905: Application time: 0.0406210 seconds
68.905: [GC [PSYoungGen: 7648K->544K(8192K)] 22544K->15440K(26112K), 0.0004630 secs] [Times: user=0.00 sys=0.00, real=0.00 secs] 
68.905: Total time for which application threads were stopped: 0.0005620 seconds, Stopping threads took: 0.0000410 seconds
68.945: Application time: 0.0391420 seconds
68.945: [GC [PSYoungGen: 7712K->512K(8192K)] 22608K->15408K(26112K), 0.0004450 secs] [Times: user=0.00 sys=0.00, real=0.00 secs] 
68.945: Total time for which application threads were stopped: 0.0005490 seconds, Stopping threads took: 0.0000430 seconds
68.984: Application time: 0.0391430 seconds
68.984: [GC [PSYoungGen: 7680K->496K(8192K)] 22576K->15392K(26112K), 0.0004290 secs] [Times: user=0.00 sys=0.00, real=0.00 secs] 
68.985: Total time for which application threads were stopped: 0.0005350 seconds, Stopping threads took: 0.0000420 seconds
69.024: Application time: 0.0389280 seconds
69.024: [GC [PSYoungGen: 7664K->496K(8192K)] 22560K->15392K(26112K), 0.0004170 secs] [Times: user=0.00 sys=0.00, real=0.00 secs] 
69.024: Total time for which application threads were stopped: 0.0005120 seconds, Stopping threads took: 0.0000430 seconds
69.064: Application time: 0.0394280 seconds
69.064: [GC [PSYoungGen: 7664K->480K(8192K)] 22560K->15376K(26112K), 0.0005290 secs] [Times: user=0.00 sys=0.00, real=0.00 secs] 
69.064: Total time for which application threads were stopped: 0.0006300 seconds, Stopping threads took: 0.0000400 seconds
69.103: Application time: 0.0389730 seconds
69.103: [GC [PSYoungGen: 7648K->512K(8192K)] 22544K->15408K(26112K), 0.0004210 secs] [Times: user=0.00 sys=0.00, real=0.00 secs] 
69.104: Total time for which application threads were stopped: 0.0005200 seconds, Stopping threads took: 0.0000440 seconds
69.143: Application time: 0.0391720 seconds
69.143: [GC [PSYoungGen: 7680K->464K(8192K)] 22576K->15408K(26112K), 0.0004740 secs] [Times: user=0.00 sys=0.00, real=0.00 secs] 
69.144: Total time for which application threads were stopped: 0.0005720 seconds, Stopping threads took: 0.0000450 seconds
69.183: Application time: 0.0395050 seconds
69.183: [GC [PSYoungGen: 7632K->400K(8192K)] 22576K->15400K(26112K), 0.0004190 secs] [Times: user=0.00 sys=0.00, real=0.00 secs] 
69.184: Total time for which application threads were stopped: 0.0005170 seconds, Stopping threads took: 0.0000470 seconds
69.222: Application time: 0.0389210 seconds
69.223: [GC [PSYoungGen: 7568K->304K(8192K)] 22568K->15428K(26112K), 0.0005010 secs] [Times: user=0.00 sys=0.00, real=0.00 secs] 
69.223: Total time for which application threads were stopped: 0.0006010 seconds, Stopping threads took: 0.0000490 seconds
69.263: Application time: 0.0397220 seconds
69.263: [GC [PSYoungGen: 7472K->304K(8192K)] 22596K->15484K(26112K), 0.0004240 secs] [Times: user=0.00 sys=0.00, real=0.00 secs] 
69.263: Total time for which application threads were stopped: 0.0005240 seconds, Stopping threads took: 0.0000460 seconds
69.303: Application time: 0.0392500 seconds
69.303: [GC [PSYoungGen: 7472K->272K(8192K)] 22652K->15500K(26112K), 0.0003660 secs] [Times: user=0.00 sys=0.00, real=0.00 secs] 
69.303: Total time for which application threads were stopped: 0.0004650 seconds, Stopping threads took: 0.0000510 seconds
69.342: Application time: 0.0387460 seconds
69.342: [GC [PSYoungGen: 7440K->272K(8192K)] 22668K->15556K(26112K), 0.0003750 secs] [Times: user=0.01 sys=0.00, real=0.00 secs] 
69.342: Total time for which application threads were stopped: 0.0004710 seconds, Stopping threads took: 0.0000440 seconds
69.381: Application time: 0.0390200 seconds
69.381: [GC [PSYoungGen: 7440K->288K(8192K)] 22724K->15572K(26112K), 0.0003640 secs] [Times: user=0.00 sys=0.00, real=0.00 secs] 
69.382: Total time for which application threads were stopped: 0.0004580 seconds, Stopping threads took: 0.0000400 seconds
69.420: Application time: 0.0377820 seconds
69.420: [GC [PSYoungGen: 7456K->416K(8192K)] 22740K->15700K(26112K), 0.0004160 secs] [Times: user=0.00 sys=0.00, real=0.00 secs] 
69.420: Total time for which application threads were stopped: 0.0005140 seconds, Stopping threads took: 0.0000410 seconds
69.459: Application time: 0.0390840 seconds
69.459: [GC [PSYoungGen: 7584K->384K(8192K)] 22868K->15668K(26112K), 0.0004630 secs] [Times: user=0.00 sys=0.00, real=0.00 secs] 
69.460: Total time for which application threads were stopped: 0.0005560 seconds, Stopping threads took: 0.0000390 seconds
69.498: Application time: 0.0381790 seconds
69.498: [GC [PSYoungGen: 7552K->480K(8192K)] 22836K->15764K(26112K), 0.0004150 secs] [Times: user=0.00 sys=0.00, real=0.00 secs] 
69.498: Total time for which application threads were stopped: 0.0005180 seconds, Stopping threads took: 0.0000440 seconds
69.538: Application time: 0.0393390 seconds
69.538: [GC [PSYoungGen: 7648K->464K(8192K)] 22932K->15748K(26112K), 0.0004300 secs] [Times: user=0.00 sys=0.00, real=0.00 secs] 
69.538: Total time for which application threads were stopped: 0.0005170 seconds, Stopping threads took: 0.0000380 seconds
69.577: Application time: 0.0392130 seconds
69.578: [GC [PSYoungGen: 7632K->496K(8192K)] 22916K->15780K(26112K), 0.0004170 secs] [Times: user=0.01 sys=0.00, real=0.00 secs] 
69.578: Total time for which application threads were stopped: 0.0005160 seconds, Stopping threads took: 0.0000490 seconds
69.617: Application time: 0.0393790 seconds
69.617: [GC [PSYoungGen: 7664K->512K(8192K)] 22948K->15796K(26112K), 0.0004420 secs] [Times: user=0.00 sys=0.00, real=0.00 secs] 
69.618: Total time for which application threads were stopped: 0.0005420 seconds, Stopping threads took: 0.0000390 seconds
69.658: Application time: 0.0397490 seconds
69.658: [GC [PSYoungGen: 7680K->528K(8192K)] 22964K->15812K(26112K), 0.0004470 secs] [Times: user=0.00 sys=0.00, real=0.00 secs] 
69.658: Total time for which application threads were stopped: 0.0005470 seconds, Stopping threads took: 0.0000460 seconds
69.698: Application time: 0.0393440 seconds
69.698: [GC [PSYoungGen: 7696K->496K(8192K)] 22980K->15780K(26112K), 0.0004250 secs] [Times: user=0.00 sys=0.00, real=0.00 secs] 
69.698: Total time for which application threads were stopped: 0.0005450 seconds, Stopping threads took: 0.0000650 seconds
69.738: Application time: 0.0395990 seconds
69.738: [GC [PSYoungGen: 7664K->512K(8192K)] 22948K->15796K(26112K), 0.0004770 secs] [Times: user=0.00 sys=0.00, real=0.00 secs] 
69.738: Total time for which application threads were stopped: 0.0005910 seconds, Stopping threads took: 0.0000500 seconds
69.777: Application time: 0.0388870 seconds
69.777: [GC [PSYoungGen: 7680K->480K(8192K)] 22964K->15764K(26112K), 0.0004200 secs] [Times: user=0.00 sys=0.00, real=0.00 secs] 
69.778: Total time for which application threads were stopped: 0.0005160 seconds, Stopping threads took: 0.0000400 seconds
69.817: Application time: 0.0391470 seconds
69.817: [GC [PSYoungGen: 7648K->512K(8192K)] 22932K->15796K(26112K), 0.0004220 secs] [Times: user=0.01 sys=0.00, real=0.00 secs] 
69.817: Total time for which application threads were stopped: 0.0005140 seconds, Stopping threads took: 0.0000410 seconds
69.857: Application time: 0.0394720 seconds
69.857: [GC [PSYoungGen: 7680K->528K(8192K)] 22964K->15812K(26112K), 0.0004650 secs] [Times: user=0.00 sys=0.00, real=0.00 secs] 
69.857: Total time for which application threads were stopped: 0.0005570 seconds, Stopping threads took: 0.0000390 seconds
69.896: Application time: 0.0387290 seconds
69.896: [GC [PSYoungGen: 7696K->496K(8192K)] 22980K->15780K(26112K), 0.0004450 secs] [Times: user=0.00 sys=0.00, real=0.00 secs] 
69.897: Total time for which application threads were stopped: 0.0005440 seconds, Stopping threads took: 0.0000460 seconds
69.936: Application time: 0.0392010 seconds
69.936: [GC [PSYoungGen: 7664K->464K(8192K)] 22948K->15788K(26112K), 0.0004660 secs] [Times: user=0.01 sys=0.00, real=0.00 secs] 
69.936: Total time for which application threads were stopped: 0.0005560 seconds, Stopping threads took: 0.0000370 seconds
69.976: Application time: 0.0393180 seconds
69.976: [GC [PSYoungGen: 7632K->432K(8192K)] 22956K->15796K(26112K), 0.0004710 secs] [Times: user=0.00 sys=0.00, real=0.00 secs] 
69.976: Total time for which application threads were stopped: 0.0005660 seconds, Stopping threads took: 0.0000440 seconds
70.016: Application time: 0.0393030 seconds
70.016: [GC [PSYoungGen: 7600K->304K(8192K)] 22964K->15772K(26112K), 0.0004750 secs] [Times: user=0.00 sys=0.00, real=0.00 secs] 
70.016: Total time for which application threads were stopped: 0.0005780 seconds, Stopping threads took: 0.0000410 seconds
70.055: Application time: 0.0392700 seconds
70.056: [GC [PSYoungGen: 7472K->320K(8192K)] 22940K->15852K(26112K), 0.0003790 secs] [Times: user=0.00 sys=0.00, real=0.00 secs] 
70.056: Total time for which application threads were stopped: 0.0004720 seconds, Stopping threads took: 0.0000390 seconds
70.095: Application time: 0.0391790 seconds
70.095: [GC [PSYoungGen: 7488K->224K(8192K)] 23020K->15844K(26112K), 0.0004450 secs] [Times: user=0.00 sys=0.00, real=0.00 secs] 
70.096: Total time for which application threads were stopped: 0.0005380 seconds, Stopping threads took: 0.0000420 seconds
70.134: Application time: 0.0387910 seconds
70.135: [GC [PSYoungGen: 7392K->256K(8192K)] 23012K->15876K(26112K), 0.0003880 secs] [Times: user=0.00 sys=0.00, real=0.00 secs] 
70.135: Total time for which application threads were stopped: 0.0004840 seconds, Stopping threads took: 0.0000470 seconds
70.173: Application time: 0.0383050 seconds
70.173: [GC [PSYoungGen: 7424K->336K(8192K)] 23044K->15956K(26112K), 0.0003950 secs] [Times: user=0.01 sys=0.00, real=0.00 secs] 
70.174: Total time for which application threads were stopped: 0.0004910 seconds, Stopping threads took: 0.0000450 seconds
70.213: Application time: 0.0390220 seconds
70.213: [GC [PSYoungGen: 7504K->416K(8192K)] 23124K->16036K(26112K), 0.0004460 secs] [Times: user=0.00 sys=0.00, real=0.00 secs] 
70.213: Total time for which application threads were stopped: 0.0005510 seconds, Stopping threads took: 0.0000510 seconds
70.252: Application time: 0.0389180 seconds
70.252: [GC [PSYoungGen: 7584K->432K(8192K)] 23204K->16052K(26112K), 0.0004620 secs] [Times: user=0.00 sys=0.00, real=0.00 secs] 
70.253: Total time for which application threads were stopped: 0.0005620 seconds, Stopping threads took: 0.0000480 seconds
70.292: Application time: 0.0394420 seconds
70.292: [GC [PSYoungGen: 7600K->512K(8192K)] 23220K->16132K(26112K), 0.0005000 secs] [Times: user=0.00 sys=0.00, real=0.00 secs] 
70.293: Total time for which application threads were stopped: 0.0006090 seconds, Stopping threads took: 0.0000480 seconds
70.332: Application time: 0.0392170 seconds
70.332: [GC [PSYoungGen: 7680K->496K(8192K)] 23300K->16116K(26112K), 0.0004250 secs] [Times: user=0.00 sys=0.00, real=0.00 secs] 
70.333: Total time for which application threads were stopped: 0.0005230 seconds, Stopping threads took: 0.0000460 seconds
70.372: Application time: 0.0394100 seconds
70.372: [GC [PSYoungGen: 7664K->512K(8192K)] 23284K->16132K(26112K), 0.0004200 secs] [Times: user=0.00 sys=0.00, real=0.00 secs] 
70.372: Total time for which application threads were stopped: 0.0005130 seconds, Stopping threads took: 0.0000420 seconds
70.413: Application time: 0.0403900 seconds
70.413: [GC [PSYoungGen: 7680K->480K(8192K)] 23300K->16100K(26112K), 0.0004530 secs] [Times: user=0.00 sys=0.00, real=0.00 secs] 
70.413: Total time for which application threads were stopped: 0.0005630 seconds, Stopping threads took: 0.0000540 seconds
70.453: Application time: 0.0392430 seconds
70.453: [GC [PSYoungGen: 7648K->496K(8192K)] 23268K->16116K(26112K), 0.0004150 secs] [Times: user=0.00 sys=0.00, real=0.00 secs] 
70.453: Total time for which application threads were stopped: 0.0005130 seconds, Stopping threads took: 0.0000470 seconds
70.493: Application time: 0.0393460 seconds
70.493: [GC [PSYoungGen: 7664K->544K(8192K)] 23284K->16164K(26112K), 0.0004390 secs] [Times: user=0.00 sys=0.00, real=0.00 secs] 
70.493: Total time for which application threads were stopped: 0.0005410 seconds, Stopping threads took: 0.0000480 seconds
70.532: Application time: 0.0393540 seconds
70.533: [GC [PSYoungGen: 7712K->496K(8192K)] 23332K->16116K(26112K), 0.0004800 secs] [Times: user=0.00 sys=0.00, real=0.00 secs] 
70.533: Total time for which application threads were stopped: 0.0005910 seconds, Stopping threads took: 0.0000500 seconds
70.572: Application time: 0.0391310 seconds
70.572: [GC [PSYoungGen: 7664K->496K(8192K)] 23284K->16116K(26112K), 0.0004730 secs] [Times: user=0.00 sys=0.00, real=0.00 secs] 
70.573: Total time for which application threads were stopped: 0.0005680 seconds, Stopping threads took: 0.0000420 seconds
70.612: Application time: 0.0389040 seconds
70.612: [GC [PSYoungGen: 7664K->528K(8192K)] 23284K->16148K(26112K), 0.0004220 secs] [Times: user=0.01 sys=0.00, real=0.00 secs] 
70.612: Total time for which application threads were stopped: 0.0005160 seconds, Stopping threads took: 0.0000420 seconds
70.651: Application time: 0.0392870 seconds
70.652: [GC [PSYoungGen: 7696K->512K(8192K)] 23316K->16132K(26112K), 0.0004170 secs] [Times: user=0.00 sys=0.00, real=0.00 secs] 
70.652: Total time for which application threads were stopped: 0.0005110 seconds, Stopping threads took: 0.0000410 seconds
70.691: Application time: 0.0391160 seconds
70.691: [GC [PSYoungGen: 7680K->528K(8192K)] 23300K->16148K(26112K), 0.0004600 secs] [Times: user=0.01 sys=0.00, real=0.00 secs] 
70.692: Total time for which application threads were stopped: 0.0005560 seconds, Stopping threads took: 0.0000460 seconds
70.731: Application time: 0.0395330 seconds
70.731: [GC [PSYoungGen: 7696K->448K(8192K)] 23316K->16124K(26112K), 0.0004910 secs] [Times: user=0.00 sys=0.00, real=0.00 secs] 
70.732: Total time for which application threads were stopped: 0.0006110 seconds, Stopping threads took: 0.0000580 seconds
70.771: Application time: 0.0392090 seconds
70.771: [GC [PSYoungGen: 7616K->384K(8192K)] 23292K->16148K(26112K), 0.0004250 secs] [Times: user=0.00 sys=0.00, real=0.00 secs] 
70.773: Total time for which application threads were stopped: 0.0016560 seconds, Stopping threads took: 0.0000430 seconds
70.812: Application time: 0.0392380 seconds
70.812: [GC [PSYoungGen: 7552K->304K(8192K)] 23316K->16156K(26112K), 0.0004120 secs] [Times: user=0.00 sys=0.00, real=0.00 secs] 
70.812: Total time for which application threads were stopped: 0.0005250 seconds, Stopping threads took: 0.0000610 seconds
70.852: Application time: 0.0392400 seconds
70.852: [GC [PSYoungGen: 7472K->288K(8192K)] 23324K->16204K(26112K), 0.0003930 secs] [Times: user=0.01 sys=0.00, real=0.00 secs] 
70.852: Total time for which application threads were stopped: 0.0004840 seconds, Stopping threads took: 0.0000440 seconds
70.891: Application time: 0.0389340 seconds
70.891: [GC [PSYoungGen: 7456K->288K(8192K)] 23372K->16300K(26112K), 0.0003940 secs] [Times: user=0.00 sys=0.00, real=0.00 secs] 
70.892: Total time for which application threads were stopped: 0.0004910 seconds, Stopping threads took: 0.0000430 seconds
70.931: Application time: 0.0395290 seconds
70.931: [GC [PSYoungGen: 7456K->288K(8192K)] 23468K->16300K(26112K), 0.0004700 secs] [Times: user=0.01 sys=0.00, real=0.00 secs] 
70.932: Total time for which application threads were stopped: 0.0005700 seconds, Stopping threads took: 0.0000490 seconds
70.970: Application time: 0.0379940 seconds
70.970: [GC [PSYoungGen: 7456K->368K(8192K)] 23468K->16380K(26112K), 0.0003780 secs] [Times: user=0.00 sys=0.00, real=0.00 secs] 
70.970: Total time for which application threads were stopped: 0.0004800 seconds, Stopping threads took: 0.0000480 seconds
71.008: Application time: 0.0378540 seconds
71.008: [GC [PSYoungGen: 7536K->416K(8192K)] 23548K->16428K(26112K), 0.0004110 secs] [Times: user=0.01 sys=0.00, real=0.00 secs] 
71.009: Total time for which application threads were stopped: 0.0005050 seconds, Stopping threads took: 0.0000400 seconds
71.047: Application time: 0.0388670 seconds
71.047: [GC [PSYoungGen: 7584K->480K(8192K)] 23596K->16492K(26112K), 0.0004370 secs] [Times: user=0.00 sys=0.00, real=0.00 secs] 
71.048: Total time for which application threads were stopped: 0.0005460 seconds, Stopping threads took: 0.0000470 seconds
71.087: Application time: 0.0386240 seconds
71.087: [GC [PSYoungGen: 7648K->496K(8192K)] 23660K->16508K(26112K), 0.0004080 secs] [Times: user=0.00 sys=0.00, real=0.00 secs] 
71.087: Total time for which application threads were stopped: 0.0005070 seconds, Stopping threads took: 0.0000450 seconds
71.126: Application time: 0.0391380 seconds
71.126: [GC [PSYoungGen: 7664K->512K(8192K)] 23676K->16524K(26112K), 0.0004250 secs] [Times: user=0.00 sys=0.00, real=0.00 secs] 
71.127: Total time for which application threads were stopped: 0.0005130 seconds, Stopping threads took: 0.0000380 seconds
71.166: Application time: 0.0393510 seconds
71.166: [GC [PSYoungGen: 7680K->528K(8192K)] 23692K->16540K(26112K), 0.0004150 secs] [Times: user=0.01 sys=0.00, real=0.00 secs] 
71.167: Total time for which application threads were stopped: 0.0005100 seconds, Stopping threads took: 0.0000420 seconds
71.206: Application time: 0.0393340 seconds
71.206: [GC [PSYoungGen: 7696K->496K(8192K)] 23708K->16508K(26112K), 0.0004610 secs] [Times: user=0.00 sys=0.00, real=0.00 secs] 
71.206: Total time for which application threads were stopped: 0.0005630 seconds, Stopping threads took: 0.0000490 seconds
71.246: Application time: 0.0396980 seconds
71.246: [GC [PSYoungGen: 7664K->512K(8192K)] 23676K->16524K(26112K), 0.0004350 secs] [Times: user=0.00 sys=0.00, real=0.00 secs] 
71.247: Total time for which application threads were stopped: 0.0005380 seconds, Stopping threads took: 0.0000480 seconds
71.286: Application time: 0.0391290 seconds
71.286: [GC [PSYoungGen: 7680K->512K(8192K)] 23692K->16524K(26112K), 0.0004440 secs] [Times: user=0.00 sys=0.00, real=0.00 secs] 
71.286: Total time for which application threads were stopped: 0.0005440 seconds, Stopping threads took: 0.0000430 seconds
71.326: Application time: 0.0398010 seconds
71.326: [GC [PSYoungGen: 7680K->496K(8192K)] 23692K->16508K(26112K), 0.0004430 secs] [Times: user=0.00 sys=0.00, real=0.00 secs] 
71.327: Total time for which application threads were stopped: 0.0005360 seconds, Stopping threads took: 0.0000430 seconds
71.366: Application time: 0.0391430 seconds
71.366: [GC [PSYoungGen: 7664K->496K(8192K)] 23676K->16508K(26112K), 0.0004560 secs] [Times: user=0.00 sys=0.00, real=0.00 secs] 
71.366: Total time for which application threads were stopped: 0.0005460 seconds, Stopping threads took: 0.0000420 seconds
71.406: Application time: 0.0390800 seconds
71.406: [GC [PSYoungGen: 7664K->496K(8192K)] 23676K->16508K(26112K), 0.0004210 secs] [Times: user=0.00 sys=0.00, real=0.00 secs] 
71.406: Total time for which application threads were stopped: 0.0005120 seconds, Stopping threads took: 0.0000380 seconds
71.445: Application time: 0.0391880 seconds
71.445: [GC [PSYoungGen: 7664K->512K(8192K)] 23676K->16524K(26112K), 0.0004640 secs] [Times: user=0.00 sys=0.00, real=0.00 secs] 
71.446: Total time for which application threads were stopped: 0.0005570 seconds, Stopping threads took: 0.0000430 seconds
71.485: Application time: 0.0392440 seconds
71.485: [GC [PSYoungGen: 7680K->464K(8192K)] 23692K->16532K(26112K), 0.0004770 secs] [Times: user=0.01 sys=0.00, real=0.00 secs] 
71.486: Total time for which application threads were stopped: 0.0005760 seconds, Stopping threads took: 0.0000450 seconds
71.525: Application time: 0.0392050 seconds
71.525: [GC [PSYoungGen: 7632K->448K(8192K)] 23700K->16516K(26112K), 0.0004700 secs] [Times: user=0.00 sys=0.00, real=0.00 secs] 
71.525: Total time for which application threads were stopped: 0.0005630 seconds, Stopping threads took: 0.0000390 seconds
71.565: Application time: 0.0392700 seconds
71.565: [GC [PSYoungGen: 7616K->368K(8192K)] 23684K->16533K(26112K), 0.0004150 secs] [Times: user=0.00 sys=0.00, real=0.00 secs] 
71.565: Total time for which application threads were stopped: 0.0005410 seconds, Stopping threads took: 0.0000620 seconds
71.604: Application time: 0.0392880 seconds
71.605: [GC [PSYoungGen: 7536K->304K(8192K)] 23701K->16597K(26112K), 0.0004090 secs] [Times: user=0.00 sys=0.00, real=0.00 secs] 
71.605: Total time for which application threads were stopped: 0.0005100 seconds, Stopping threads took: 0.0000450 seconds
71.644: Application time: 0.0394840 seconds
71.645: [GC [PSYoungGen: 7472K->272K(8192K)] 23765K->16621K(26112K), 0.0003950 secs] [Times: user=0.00 sys=0.00, real=0.00 secs] 
71.645: Total time for which application threads were stopped: 0.0005070 seconds, Stopping threads took: 0.0000550 seconds
71.684: Application time: 0.0387040 seconds
71.684: [GC [PSYoungGen: 7440K->272K(8192K)] 23789K->16669K(26112K), 0.0003880 secs] [Times: user=0.00 sys=0.00, real=0.00 secs] 
71.684: Total time for which application threads were stopped: 0.0004850 seconds, Stopping threads took: 0.0000430 seconds
71.724: Application time: 0.0397490 seconds
71.724: [GC [PSYoungGen: 7440K->272K(8192K)] 23837K->16669K(26112K), 0.0004290 secs] [Times: user=0.00 sys=0.00, real=0.00 secs] 
71.724: Total time for which application threads were stopped: 0.0005420 seconds, Stopping threads took: 0.0000460 seconds
71.763: Application time: 0.0380490 seconds
71.763: [GC [PSYoungGen: 7440K->304K(8192K)] 23837K->16701K(26112K), 0.0004000 secs] [Times: user=0.01 sys=0.00, real=0.00 secs] 
71.763: Total time for which application threads were stopped: 0.0004930 seconds, Stopping threads took: 0.0000390 seconds
71.802: Application time: 0.0390640 seconds
71.802: [GC [PSYoungGen: 7472K->416K(8192K)] 23869K->16813K(26112K), 0.0004230 secs] [Times: user=0.00 sys=0.00, real=0.00 secs] 
71.803: Total time for which application threads were stopped: 0.0005310 seconds, Stopping threads took: 0.0000450 seconds
71.841: Application time: 0.0386900 seconds
71.841: [GC [PSYoungGen: 7584K->464K(8192K)] 23981K->16861K(26112K), 0.0004680 secs] [Times: user=0.00 sys=0.00, real=0.00 secs] 
71.842: Total time for which application threads were stopped: 0.0005600 seconds, Stopping threads took: 0.0000400 seconds
71.880: Application time: 0.0386290 seconds
71.881: [GC [PSYoungGen: 7632K->480K(8192K)] 24029K->16877K(26112K), 0.0005010 secs] [Times: user=0.00 sys=0.00, real=0.00 secs] 
71.881: Total time for which application threads were stopped: 0.0006030 seconds, Stopping threads took: 0.0000460 seconds
71.922: Application time: 0.0407040 seconds
71.922: [GC [PSYoungGen: 7648K->496K(8192K)] 24045K->16893K(26112K), 0.0004740 secs] [Times: user=0.00 sys=0.00, real=0.00 secs] 
71.922: Total time for which application threads were stopped: 0.0005780 seconds, Stopping threads took: 0.0000450 seconds
71.962: Application time: 0.0393830 seconds
71.962: [GC [PSYoungGen: 7664K->512K(8192K)] 24061K->16909K(26112K), 0.0004360 secs] [Times: user=0.00 sys=0.00, real=0.00 secs] 
71.962: Total time for which application threads were stopped: 0.0005370 seconds, Stopping threads took: 0.0000500 seconds
72.001: Application time: 0.0391330 seconds
72.001: [GC [PSYoungGen: 7680K->480K(8192K)] 24077K->16877K(26112K), 0.0004220 secs] [Times: user=0.00 sys=0.00, real=0.00 secs] 
72.002: Total time for which application threads were stopped: 0.0005090 seconds, Stopping threads took: 0.0000370 seconds
72.041: Application time: 0.0392450 seconds
72.041: [GC [PSYoungGen: 7648K->512K(8192K)] 24045K->16909K(26112K), 0.0004230 secs] [Times: user=0.00 sys=0.00, real=0.00 secs] 
72.042: Total time for which application threads were stopped: 0.0005140 seconds, Stopping threads took: 0.0000380 seconds
72.081: Application time: 0.0392660 seconds
72.081: [GC [PSYoungGen: 7680K->496K(8192K)] 24077K->16893K(26112K), 0.0004350 secs] [Times: user=0.00 sys=0.00, real=0.00 secs] 
72.082: Total time for which application threads were stopped: 0.0005360 seconds, Stopping threads took: 0.0000390 seconds
72.121: Application time: 0.0392470 seconds
72.121: [GC [PSYoungGen: 7664K->480K(8192K)] 24061K->16877K(26112K), 0.0004320 secs] [Times: user=0.00 sys=0.00, real=0.00 secs] 
72.121: Total time for which application threads were stopped: 0.0005310 seconds, Stopping threads took: 0.0000460 seconds
72.160: Application time: 0.0391580 seconds
72.161: [GC [PSYoungGen: 7648K->480K(8192K)] 24045K->16877K(26112K), 0.0004230 secs] [Times: user=0.01 sys=0.00, real=0.00 secs] 
72.161: Total time for which application threads were stopped: 0.0005210 seconds, Stopping threads took: 0.0000480 seconds
72.200: Application time: 0.0389480 seconds
72.200: [GC [PSYoungGen: 7648K->512K(8192K)] 24045K->16909K(26112K), 0.0004220 secs] [Times: user=0.00 sys=0.00, real=0.00 secs] 
72.200: Total time for which application threads were stopped: 0.0005140 seconds, Stopping threads took: 0.0000410 seconds
72.240: Application time: 0.0391650 seconds
72.240: [GC [PSYoungGen: 7680K->512K(8192K)] 24077K->16909K(26112K), 0.0004160 secs] [Times: user=0.00 sys=0.00, real=0.00 secs] 
72.240: Total time for which application threads were stopped: 0.0005110 seconds, Stopping threads took: 0.0000430 seconds
72.279: Application time: 0.0392020 seconds
72.279: [GC [PSYoungGen: 7680K->496K(8192K)] 24077K->16949K(26112K), 0.0004380 secs] [Times: user=0.00 sys=0.00, real=0.00 secs] 
72.280: Total time for which application threads were stopped: 0.0005310 seconds, Stopping threads took: 0.0000410 seconds
72.319: Application time: 0.0394500 seconds
72.319: [GC [PSYoungGen: 7664K->464K(8192K)] 24117K->16917K(26112K), 0.0004180 secs] [Times: user=0.00 sys=0.00, real=0.00 secs] 
72.320: Total time for which application threads were stopped: 0.0005040 seconds, Stopping threads took: 0.0000340 seconds
72.359: Application time: 0.0392420 seconds
72.359: [GC [PSYoungGen: 7632K->416K(8192K)] 24085K->16957K(26112K), 0.0004160 secs] [Times: user=0.00 sys=0.00, real=0.00 secs] 
72.360: Total time for which application threads were stopped: 0.0005240 seconds, Stopping threads took: 0.0000510 seconds
72.399: Application time: 0.0397170 seconds
72.399: [GC [PSYoungGen: 7584K->288K(8192K)] 24125K->16957K(26112K), 0.0004080 secs] [Times: user=0.00 sys=0.00, real=0.00 secs] 
72.400: Total time for which application threads were stopped: 0.0005070 seconds, Stopping threads took: 0.0000480 seconds
72.439: Application time: 0.0391240 seconds
72.439: [GC [PSYoungGen: 7456K->256K(8192K)] 24125K->16981K(26112K), 0.0003570 secs] [Times: user=0.00 sys=0.00, real=0.00 secs] 
72.439: Total time for which application threads were stopped: 0.0004500 seconds, Stopping threads took: 0.0000410 seconds
72.478: Application time: 0.0388580 seconds
72.478: [GC [PSYoungGen: 7424K->256K(8192K)] 24149K->17037K(26112K), 0.0004060 secs] [Times: user=0.00 sys=0.00, real=0.00 secs] 
72.479: Total time for which application threads were stopped: 0.0005080 seconds, Stopping threads took: 0.0000470 seconds
72.518: Application time: 0.0392740 seconds
72.518: [GC [PSYoungGen: 7424K->288K(8192K)] 24205K->17069K(26112K), 0.0003790 secs] [Times: user=0.00 sys=0.00, real=0.00 secs] 
72.518: Total time for which application threads were stopped: 0.0004720 seconds, Stopping threads took: 0.0000410 seconds
72.557: Application time: 0.0382840 seconds
72.557: [GC [PSYoungGen: 7456K->384K(8192K)] 24237K->17165K(26112K), 0.0003970 secs] [Times: user=0.00 sys=0.00, real=0.00 secs] 
72.557: Total time for which application threads were stopped: 0.0004920 seconds, Stopping threads took: 0.0000440 seconds
72.596: Application time: 0.0384010 seconds
72.596: [GC [PSYoungGen: 7552K->432K(8192K)] 24333K->17213K(26112K), 0.0004430 secs] [Times: user=0.00 sys=0.00, real=0.00 secs] 
72.596: Total time for which application threads were stopped: 0.0005490 seconds, Stopping threads took: 0.0000420 seconds
72.635: Application time: 0.0387130 seconds
72.635: [GC [PSYoungGen: 7600K->464K(8192K)] 24381K->17245K(26112K), 0.0004160 secs] [Times: user=0.00 sys=0.00, real=0.00 secs] 
72.635: Total time for which application threads were stopped: 0.0005230 seconds, Stopping threads took: 0.0000520 seconds
72.674: Application time: 0.0385680 seconds
72.674: [GC [PSYoungGen: 7632K->528K(8192K)] 24413K->17309K(26112K), 0.0004500 secs] [Times: user=0.00 sys=0.00, real=0.00 secs] 
72.675: Total time for which application threads were stopped: 0.0005440 seconds, Stopping threads took: 0.0000420 seconds
72.714: Application time: 0.0398080 seconds
72.714: [GC [PSYoungGen: 7696K->544K(8192K)] 24477K->17325K(26112K), 0.0005600 secs] [Times: user=0.00 sys=0.00, real=0.00 secs] 
72.715: Total time for which application threads were stopped: 0.0006780 seconds, Stopping threads took: 0.0000570 seconds
72.754: Application time: 0.0393770 seconds
72.755: [GC [PSYoungGen: 7712K->544K(8192K)] 24493K->17325K(26112K), 0.0004250 secs] [Times: user=0.00 sys=0.00, real=0.00 secs] 
72.755: Total time for which application threads were stopped: 0.0005230 seconds, Stopping threads took: 0.0000440 seconds
72.794: Application time: 0.0392990 seconds
72.794: [GC [PSYoungGen: 7712K->544K(8192K)] 24493K->17325K(26112K), 0.0004260 secs] [Times: user=0.01 sys=0.00, real=0.00 secs] 
72.795: Total time for which application threads were stopped: 0.0005190 seconds, Stopping threads took: 0.0000380 seconds
72.834: Application time: 0.0394670 seconds
72.834: [GC [PSYoungGen: 7712K->512K(8192K)] 24493K->17293K(26112K), 0.0004280 secs] [Times: user=0.00 sys=0.00, real=0.00 secs] 
72.835: Total time for which application threads were stopped: 0.0005240 seconds, Stopping threads took: 0.0000440 seconds
72.874: Application time: 0.0392270 seconds
72.874: [GC [PSYoungGen: 7680K->512K(8192K)] 24461K->17293K(26112K), 0.0005050 secs] [Times: user=0.01 sys=0.00, real=0.00 secs] 
72.875: Total time for which application threads were stopped: 0.0006050 seconds, Stopping threads took: 0.0000470 seconds
72.914: Application time: 0.0391760 seconds
72.914: [GC [PSYoungGen: 7680K->480K(8192K)] 24461K->17261K(26112K), 0.0004270 secs] [Times: user=0.00 sys=0.00, real=0.00 secs] 
72.914: Total time for which application threads were stopped: 0.0005150 seconds, Stopping threads took: 0.0000380 seconds
72.954: Application time: 0.0396500 seconds
72.954: [GC [PSYoungGen: 7648K->528K(8192K)] 24429K->17309K(26112K), 0.0004320 secs] [Times: user=0.00 sys=0.00, real=0.00 secs] 
72.954: Total time for which application threads were stopped: 0.0005260 seconds, Stopping threads took: 0.0000420 seconds
72.994: Application time: 0.0392000 seconds
72.994: [GC [PSYoungGen: 7696K->496K(8192K)] 24477K->17277K(26112K), 0.0004770 secs] [Times: user=0.00 sys=0.00, real=0.00 secs] 
72.994: Total time for which application threads were stopped: 0.0005670 seconds, Stopping threads took: 0.0000390 seconds
73.033: Application time: 0.0391550 seconds
73.033: [GC [PSYoungGen: 7664K->528K(8192K)] 24445K->17309K(26112K), 0.0004770 secs] [Times: user=0.00 sys=0.00, real=0.00 secs] 
73.034: Total time for which application threads were stopped: 0.0005690 seconds, Stopping threads took: 0.0000370 seconds
73.073: Application time: 0.0390320 seconds
73.073: [GC [PSYoungGen: 7696K->448K(8192K)] 24477K->17277K(26112K), 0.0004260 secs] [Times: user=0.00 sys=0.00, real=0.00 secs] 
73.074: Total time for which application threads were stopped: 0.0005200 seconds, Stopping threads took: 0.0000450 seconds
73.113: Application time: 0.0394200 seconds
73.113: [GC [PSYoungGen: 7616K->400K(8192K)] 24445K->17277K(26112K), 0.0004490 secs] [Times: user=0.00 sys=0.00, real=0.00 secs] 
73.114: Total time for which application threads were stopped: 0.0005550 seconds, Stopping threads took: 0.0000450 seconds
73.153: Application time: 0.0394150 seconds
73.153: [GC [PSYoungGen: 7568K->336K(8192K)] 24445K->17301K(26112K), 0.0004950 secs] [Times: user=0.00 sys=0.00, real=0.00 secs] 
73.154: Total time for which application threads were stopped: 0.0005950 seconds, Stopping threads took: 0.0000440 seconds
73.193: Application time: 0.0392910 seconds
73.193: [GC [PSYoungGen: 7504K->288K(8192K)] 24469K->17341K(26112K), 0.0004060 secs] [Times: user=0.00 sys=0.00, real=0.00 secs] 
73.193: Total time for which application threads were stopped: 0.0005080 seconds, Stopping threads took: 0.0000500 seconds
73.232: Application time: 0.0386530 seconds
73.232: [GC [PSYoungGen: 7456K->288K(8192K)] 24509K->17397K(26112K), 0.0004150 secs] [Times: user=0.00 sys=0.00, real=0.00 secs] 
73.232: Total time for which application threads were stopped: 0.0005120 seconds, Stopping threads took: 0.0000450 seconds
73.272: Application time: 0.0391900 seconds
73.272: [GC [PSYoungGen: 7456K->272K(8192K)] 24565K->17429K(26112K), 0.0004180 secs] [Times: user=0.00 sys=0.00, real=0.00 secs] 
73.272: Total time for which application threads were stopped: 0.0005160 seconds, Stopping threads took: 0.0000510 seconds
73.312: Application time: 0.0401390 seconds
73.312: [GC [PSYoungGen: 7440K->288K(8192K)] 24597K->17445K(26112K), 0.0004100 secs] [Times: user=0.00 sys=0.00, real=0.00 secs] 
73.313: Total time for which application threads were stopped: 0.0005140 seconds, Stopping threads took: 0.0000430 seconds
73.350: Application time: 0.0370000 seconds
73.350: [GC [PSYoungGen: 7448K->384K(8192K)] 24606K->17541K(26112K), 0.0004000 secs] [Times: user=0.00 sys=0.00, real=0.00 secs] 
73.350: Total time for which application threads were stopped: 0.0005090 seconds, Stopping threads took: 0.0000540 seconds
73.390: Application time: 0.0395470 seconds
73.393: [GC [PSYoungGen: 7552K->432K(8192K)] 24709K->17589K(26112K), 0.0004000 secs] [Times: user=0.01 sys=0.00, real=0.00 secs] 
73.393: Total time for which application threads were stopped: 0.0032480 seconds, Stopping threads took: 0.0027970 seconds
73.433: Application time: 0.0393640 seconds
73.433: [GC [PSYoungGen: 7600K->448K(8192K)] 24757K->17605K(26112K), 0.0004810 secs] [Times: user=0.00 sys=0.00, real=0.00 secs] 
73.433: Total time for which application threads were stopped: 0.0005860 seconds, Stopping threads took: 0.0000500 seconds
73.472: Application time: 0.0391060 seconds
73.472: [GC [PSYoungGen: 7616K->528K(8192K)] 24773K->17685K(26112K), 0.0004420 secs] [Times: user=0.00 sys=0.00, real=0.00 secs] 
73.473: Total time for which application threads were stopped: 0.0005310 seconds, Stopping threads took: 0.0000390 seconds
73.512: Application time: 0.0393110 seconds
73.512: [GC [PSYoungGen: 7696K->512K(8192K)] 24853K->17669K(26112K), 0.0004650 secs] [Times: user=0.01 sys=0.00, real=0.00 secs] 
73.513: Total time for which application threads were stopped: 0.0005670 seconds, Stopping threads took: 0.0000460 seconds
73.552: Application time: 0.0394720 seconds
73.552: [GC [PSYoungGen: 7680K->544K(8192K)] 24837K->17701K(26112K), 0.0004270 secs] [Times: user=0.00 sys=0.00, real=0.00 secs] 
73.553: Total time for which application threads were stopped: 0.0005260 seconds, Stopping threads took: 0.0000440 seconds
73.592: Application time: 0.0392780 seconds
73.592: [GC [PSYoungGen: 7712K->496K(8192K)] 24869K->17653K(26112K), 0.0004750 secs] [Times: user=0.01 sys=0.00, real=0.00 secs] 
73.592: Total time for which application threads were stopped: 0.0005730 seconds, Stopping threads took: 0.0000450 seconds
73.632: Application time: 0.0391420 seconds
73.632: [GC [PSYoungGen: 7664K->528K(8192K)] 24821K->17685K(26112K), 0.0004280 secs] [Times: user=0.00 sys=0.00, real=0.00 secs] 
73.632: Total time for which application threads were stopped: 0.0005250 seconds, Stopping threads took: 0.0000410 seconds
73.671: Application time: 0.0390850 seconds
73.671: [GC [PSYoungGen: 7696K->528K(8192K)] 24853K->17685K(26112K), 0.0004240 secs] [Times: user=0.00 sys=0.00, real=0.00 secs] 
73.672: Total time for which application threads were stopped: 0.0005200 seconds, Stopping threads took: 0.0000470 seconds
73.711: Application time: 0.0396440 seconds
73.712: [GC [PSYoungGen: 7696K->464K(8192K)] 24853K->17621K(26112K), 0.0004850 secs] [Times: user=0.00 sys=0.00, real=0.00 secs] 
73.712: Total time for which application threads were stopped: 0.0006030 seconds, Stopping threads took: 0.0000560 seconds
73.751: Application time: 0.0386780 seconds
73.751: [GC [PSYoungGen: 7632K->480K(8192K)] 24789K->17637K(26112K), 0.0004620 secs] [Times: user=0.00 sys=0.00, real=0.00 secs] 
73.751: Total time for which application threads were stopped: 0.0005580 seconds, Stopping threads took: 0.0000420 seconds
73.791: Application time: 0.0397200 seconds
73.791: [GC [PSYoungGen: 7648K->544K(8192K)] 24805K->17701K(26112K), 0.0004090 secs] [Times: user=0.00 sys=0.00, real=0.00 secs] 
73.791: Total time for which application threads were stopped: 0.0005020 seconds, Stopping threads took: 0.0000410 seconds
73.831: Application time: 0.0391070 seconds
73.831: [GC [PSYoungGen: 7712K->496K(8192K)] 24869K->17701K(26112K), 0.0004260 secs] [Times: user=0.00 sys=0.00, real=0.00 secs] 
73.831: Total time for which application threads were stopped: 0.0005110 seconds, Stopping threads took: 0.0000370 seconds
73.870: Application time: 0.0393740 seconds
73.871: [GC [PSYoungGen: 7664K->464K(8192K)] 24869K->17669K(26112K), 0.0004070 secs] [Times: user=0.00 sys=0.00, real=0.00 secs] 
73.871: Total time for which application threads were stopped: 0.0004960 seconds, Stopping threads took: 0.0000380 seconds
73.910: Application time: 0.0393500 seconds
73.910: [GC [PSYoungGen: 7632K->400K(8192K)] 24837K->17661K(26112K), 0.0004240 secs] [Times: user=0.00 sys=0.00, real=0.00 secs] 
73.911: Total time for which application threads were stopped: 0.0005250 seconds, Stopping threads took: 0.0000490 seconds
73.950: Application time: 0.0393080 seconds
73.950: [GC [PSYoungGen: 7568K->336K(8192K)] 24829K->17761K(26112K), 0.0004480 secs] [Times: user=0.00 sys=0.00, real=0.00 secs] 
73.951: Total time for which application threads were stopped: 0.0005460 seconds, Stopping threads took: 0.0000460 seconds
73.990: Application time: 0.0392570 seconds
73.993: [GC [PSYoungGen: 7504K->288K(8192K)] 24929K->17713K(26112K), 0.0003640 secs] [Times: user=0.00 sys=0.00, real=0.00 secs] 
73.993: Total time for which application threads were stopped: 0.0031540 seconds, Stopping threads took: 0.0027320 seconds
74.032: Application time: 0.0390280 seconds
74.032: [GC [PSYoungGen: 7456K->288K(8192K)] 24881K->17785K(26112K), 0.0003900 secs] [Times: user=0.01 sys=0.00, real=0.00 secs] 
74.033: Total time for which application threads were stopped: 0.0004760 seconds, Stopping threads took: 0.0000370 seconds
74.072: Application time: 0.0392740 seconds
74.072: [GC [PSYoungGen: 7456K->272K(8192K)] 24953K->17785K(26112K), 0.0003750 secs] [Times: user=0.00 sys=0.00, real=0.00 secs] 
74.072: Total time for which application threads were stopped: 0.0004600 seconds, Stopping threads took: 0.0000360 seconds
74.111: Application time: 0.0388340 seconds
74.111: [GC [PSYoungGen: 7440K->288K(8192K)] 24953K->17801K(26112K), 0.0003910 secs] [Times: user=0.00 sys=0.00, real=0.00 secs] 
74.112: Total time for which application threads were stopped: 0.0004850 seconds, Stopping threads took: 0.0000380 seconds
74.148: Application time: 0.0368040 seconds
74.149: [GC [PSYoungGen: 7456K->448K(8192K)] 24969K->17961K(26112K), 0.0004930 secs] [Times: user=0.00 sys=0.00, real=0.01 secs] 
74.149: Total time for which application threads were stopped: 0.0005990 seconds, Stopping threads took: 0.0000400 seconds
74.188: Application time: 0.0391780 seconds
74.188: [GC [PSYoungGen: 7616K->416K(8192K)] 25129K->17929K(26112K), 0.0004180 secs] [Times: user=0.00 sys=0.00, real=0.01 secs] 
74.189: Total time for which application threads were stopped: 0.0005180 seconds, Stopping threads took: 0.0000460 seconds
74.227: Application time: 0.0382800 seconds
74.227: [GC [PSYoungGen: 7584K->512K(8192K)] 25097K->18025K(26112K), 0.0004770 secs] [Times: user=0.01 sys=0.00, real=0.00 secs] 
74.228: Total time for which application threads were stopped: 0.0005820 seconds, Stopping threads took: 0.0000510 seconds
74.267: Application time: 0.0393170 seconds
74.267: [GC [PSYoungGen: 7680K->512K(8192K)] 25193K->18025K(26112K), 0.0005020 secs] [Times: user=0.00 sys=0.00, real=0.00 secs] 
74.268: Total time for which application threads were stopped: 0.0006000 seconds, Stopping threads took: 0.0000420 seconds
74.307: Application time: 0.0394330 seconds
74.307: [GC [PSYoungGen: 7680K->496K(8192K)] 25193K->18009K(26112K), 0.0004580 secs] [Times: user=0.00 sys=0.00, real=0.00 secs] 
74.308: Total time for which application threads were stopped: 0.0005570 seconds, Stopping threads took: 0.0000470 seconds
74.347: Application time: 0.0393300 seconds
74.347: [GC [PSYoungGen: 7664K->496K(8192K)] 25177K->18009K(26112K), 0.0004090 secs] [Times: user=0.00 sys=0.00, real=0.00 secs] 
74.347: Total time for which application threads were stopped: 0.0005010 seconds, Stopping threads took: 0.0000440 seconds
74.387: Application time: 0.0392990 seconds
74.387: [GC [PSYoungGen: 7664K->512K(8192K)] 25177K->18025K(26112K), 0.0004310 secs] [Times: user=0.00 sys=0.00, real=0.00 secs] 
74.387: Total time for which application threads were stopped: 0.0005190 seconds, Stopping threads took: 0.0000370 seconds
74.427: Application time: 0.0393200 seconds
74.427: [GC [PSYoungGen: 7680K->512K(8192K)] 25193K->18025K(26112K), 0.0004270 secs] [Times: user=0.00 sys=0.00, real=0.00 secs] 
74.427: Total time for which application threads were stopped: 0.0005210 seconds, Stopping threads took: 0.0000410 seconds
74.466: Application time: 0.0391800 seconds
74.466: [GC [PSYoungGen: 7680K->512K(8192K)] 25193K->18025K(26112K), 0.0004110 secs] [Times: user=0.00 sys=0.00, real=0.00 secs] 
74.467: Total time for which application threads were stopped: 0.0005050 seconds, Stopping threads took: 0.0000430 seconds
74.506: Application time: 0.0391830 seconds
74.506: [GC [PSYoungGen: 7680K->480K(8192K)] 25193K->17993K(26112K), 0.0004090 secs] [Times: user=0.00 sys=0.00, real=0.00 secs] 
74.506: Total time for which application threads were stopped: 0.0005010 seconds, Stopping threads took: 0.0000350 seconds
74.546: Application time: 0.0391310 seconds
74.546: [GC [PSYoungGen: 7648K->528K(8192K)] 25161K->18041K(26112K), 0.0004360 secs] [Times: user=0.00 sys=0.00, real=0.00 secs] 
74.546: Total time for which application threads were stopped: 0.0005340 seconds, Stopping threads took: 0.0000380 seconds
74.585: Application time: 0.0392420 seconds
74.585: [GC [PSYoungGen: 7696K->512K(8192K)] 25209K->18025K(26112K), 0.0004270 secs] [Times: user=0.00 sys=0.00, real=0.00 secs] 
74.586: Total time for which application threads were stopped: 0.0005250 seconds, Stopping threads took: 0.0000430 seconds
74.625: Application time: 0.0393340 seconds
74.625: [GC [PSYoungGen: 7680K->480K(8192K)] 25193K->18041K(26112K), 0.0004710 secs] [Times: user=0.00 sys=0.00, real=0.00 secs] 
74.626: Total time for which application threads were stopped: 0.0005710 seconds, Stopping threads took: 0.0000440 seconds
74.665: Application time: 0.0393330 seconds
74.665: [GC [PSYoungGen: 7648K->464K(8192K)] 25209K->18025K(26112K), 0.0004160 secs] [Times: user=0.00 sys=0.00, real=0.00 secs] 
74.666: Total time for which application threads were stopped: 0.0005180 seconds, Stopping threads took: 0.0000370 seconds
74.705: Application time: 0.0395230 seconds
74.706: [GC [PSYoungGen: 7632K->448K(8192K)] 25193K->18058K(26112K), 0.0005410 secs] [Times: user=0.00 sys=0.00, real=0.00 secs] 
74.707: Total time for which application threads were stopped: 0.0016610 seconds, Stopping threads took: 0.0010470 seconds
74.746: Application time: 0.0395110 seconds
74.746: [GC [PSYoungGen: 7616K->304K(8192K)] 25226K->18058K(26112K), 0.0004190 secs] [Times: user=0.01 sys=0.00, real=0.00 secs] 
74.747: [Full GC [PSYoungGen: 304K->0K(8192K)] [ParOldGen: 17754K->1940K(17920K)] 18058K->1940K(26112K) [PSPermGen: 6043K->6043K(21504K)], 0.0048580 secs] [Times: user=0.01 sys=0.00, real=0.01 secs] 
74.752: Total time for which application threads were stopped: 0.0054220 seconds, Stopping threads took: 0.0000420 seconds
74.792: Application time: 0.0401150 seconds
74.793: [GC [PSYoungGen: 7168K->224K(8192K)] 9108K->2164K(26112K), 0.0004340 secs] [Times: user=0.00 sys=0.00, real=0.00 secs] 
74.793: Total time for which application threads were stopped: 0.0013390 seconds, Stopping threads took: 0.0008350 seconds
74.832: Application time: 0.0390200 seconds
74.832: [GC [PSYoungGen: 7392K->256K(8192K)] 9332K->2196K(26112K), 0.0003550 secs] [Times: user=0.00 sys=0.00, real=0.00 secs] 
74.833: Total time for which application threads were stopped: 0.0004590 seconds, Stopping threads took: 0.0000450 seconds
74.872: Application time: 0.0390900 seconds
74.872: [GC [PSYoungGen: 7424K->288K(8192K)] 9364K->2228K(26112K), 0.0003460 secs] [Times: user=0.00 sys=0.00, real=0.00 secs] 
74.872: Total time for which application threads were stopped: 0.0004480 seconds, Stopping threads took: 0.0000490 seconds
74.911: Application time: 0.0392310 seconds
74.912: [GC [PSYoungGen: 7456K->256K(8192K)] 9396K->2196K(26112K), 0.0003480 secs] [Times: user=0.00 sys=0.00, real=0.00 secs] 
74.912: Total time for which application threads were stopped: 0.0004520 seconds, Stopping threads took: 0.0000530 seconds
74.950: Application time: 0.0384660 seconds
74.951: [GC [PSYoungGen: 7424K->384K(8192K)] 9364K->2324K(26112K), 0.0004410 secs] [Times: user=0.00 sys=0.00, real=0.00 secs] 
74.951: Total time for which application threads were stopped: 0.0005620 seconds, Stopping threads took: 0.0000560 seconds
74.990: Application time: 0.0388780 seconds
74.990: [GC [PSYoungGen: 7552K->448K(8192K)] 9492K->2388K(26112K), 0.0003810 secs] [Times: user=0.00 sys=0.00, real=0.00 secs] 
74.990: Total time for which application threads were stopped: 0.0004800 seconds, Stopping threads took: 0.0000430 seconds
75.030: Application time: 0.0394350 seconds
75.030: [GC [PSYoungGen: 7616K->528K(8192K)] 9556K->2468K(26112K), 0.0004730 secs] [Times: user=0.00 sys=0.00, real=0.00 secs] 
75.030: Total time for which application threads were stopped: 0.0005770 seconds, Stopping threads took: 0.0000470 seconds
75.070: Application time: 0.0394410 seconds
75.070: [GC [PSYoungGen: 7696K->480K(8192K)] 9636K->2420K(26112K), 0.0004350 secs] [Times: user=0.00 sys=0.00, real=0.00 secs] 
75.070: Total time for which application threads were stopped: 0.0005340 seconds, Stopping threads took: 0.0000360 seconds
75.110: Application time: 0.0397420 seconds
75.110: [GC [PSYoungGen: 7648K->496K(8192K)] 9588K->2436K(26112K), 0.0004640 secs] [Times: user=0.00 sys=0.00, real=0.00 secs] 
75.111: Total time for which application threads were stopped: 0.0005640 seconds, Stopping threads took: 0.0000430 seconds
75.150: Application time: 0.0393440 seconds
75.150: [GC [PSYoungGen: 7664K->512K(8192K)] 9604K->2452K(26112K), 0.0005000 secs] [Times: user=0.01 sys=0.00, real=0.00 secs] 
75.151: Total time for which application threads were stopped: 0.0005990 seconds, Stopping threads took: 0.0000450 seconds
75.190: Application time: 0.0396810 seconds
75.190: [GC [PSYoungGen: 7680K->464K(8192K)] 9620K->2404K(26112K), 0.0003950 secs] [Times: user=0.00 sys=0.00, real=0.00 secs] 
75.191: Total time for which application threads were stopped: 0.0004950 seconds, Stopping threads took: 0.0000370 seconds
75.230: Application time: 0.0392540 seconds
75.230: [GC [PSYoungGen: 7632K->496K(8192K)] 9572K->2436K(26112K), 0.0004110 secs] [Times: user=0.00 sys=0.00, real=0.00 secs] 
75.231: Total time for which application threads were stopped: 0.0005050 seconds, Stopping threads took: 0.0000380 seconds
75.270: Application time: 0.0392070 seconds
75.270: [GC [PSYoungGen: 7664K->496K(8192K)] 9604K->2436K(26112K), 0.0004860 secs] [Times: user=0.00 sys=0.00, real=0.00 secs] 
75.270: Total time for which application threads were stopped: 0.0005820 seconds, Stopping threads took: 0.0000410 seconds
75.310: Application time: 0.0392600 seconds
75.310: [GC [PSYoungGen: 7664K->512K(8192K)] 9604K->2452K(26112K), 0.0004960 secs] [Times: user=0.01 sys=0.00, real=0.00 secs] 
75.310: Total time for which application threads were stopped: 0.0005840 seconds, Stopping threads took: 0.0000380 seconds
75.349: Application time: 0.0391920 seconds
75.349: [GC [PSYoungGen: 7680K->512K(8192K)] 9620K->2452K(26112K), 0.0004220 secs] [Times: user=0.00 sys=0.00, real=0.00 secs] 
75.350: Total time for which application threads were stopped: 0.0005120 seconds, Stopping threads took: 0.0000330 seconds
75.389: Application time: 0.0392070 seconds
75.389: [GC [PSYoungGen: 7680K->496K(8192K)] 9620K->2444K(26112K), 0.0004150 secs] [Times: user=0.00 sys=0.00, real=0.00 secs] 
75.390: Total time for which application threads were stopped: 0.0005100 seconds, Stopping threads took: 0.0000420 seconds
75.429: Application time: 0.0392440 seconds
75.429: [GC [PSYoungGen: 7664K->464K(8192K)] 9612K->2476K(26112K), 0.0004110 secs] [Times: user=0.00 sys=0.00, real=0.00 secs] 
75.429: Total time for which application threads were stopped: 0.0005110 seconds, Stopping threads took: 0.0000480 seconds
75.469: Application time: 0.0392450 seconds
75.469: [GC [PSYoungGen: 7632K->432K(8192K)] 9644K->2484K(26112K), 0.0004170 secs] [Times: user=0.00 sys=0.00, real=0.01 secs] 
75.469: Total time for which application threads were stopped: 0.0005190 seconds, Stopping threads took: 0.0000490 seconds
75.508: Application time: 0.0392670 seconds
75.508: [GC [PSYoungGen: 7600K->416K(8192K)] 9652K->2468K(26112K), 0.0003930 secs] [Times: user=0.00 sys=0.00, real=0.01 secs] 
75.509: Total time for which application threads were stopped: 0.0004920 seconds, Stopping threads took: 0.0000410 seconds
75.548: Application time: 0.0393760 seconds
75.548: [GC [PSYoungGen: 7584K->288K(8192K)] 9636K->2489K(26112K), 0.0004400 secs] [Times: user=0.00 sys=0.00, real=0.01 secs] 
75.549: Total time for which application threads were stopped: 0.0005340 seconds, Stopping threads took: 0.0000390 seconds
75.588: Application time: 0.0392560 seconds
75.588: [GC [PSYoungGen: 7456K->256K(8192K)] 9657K->2505K(26112K), 0.0003960 secs] [Times: user=0.01 sys=0.00, real=0.00 secs] 
75.589: Total time for which application threads were stopped: 0.0004970 seconds, Stopping threads took: 0.0000450 seconds
75.628: Application time: 0.0389640 seconds
75.628: [GC [PSYoungGen: 7424K->288K(8192K)] 9673K->2585K(26112K), 0.0003660 secs] [Times: user=0.00 sys=0.00, real=0.00 secs] 
75.628: Total time for which application threads were stopped: 0.0004780 seconds, Stopping threads took: 0.0000480 seconds
75.667: Application time: 0.0388880 seconds
75.667: [GC [PSYoungGen: 7456K->272K(8192K)] 9753K->2569K(26112K), 0.0004110 secs] [Times: user=0.00 sys=0.00, real=0.00 secs] 
75.667: Total time for which application threads were stopped: 0.0005150 seconds, Stopping threads took: 0.0000460 seconds
75.706: Application time: 0.0389440 seconds
75.707: [GC [PSYoungGen: 7440K->304K(8192K)] 9737K->2601K(26112K), 0.0004280 secs] [Times: user=0.00 sys=0.00, real=0.00 secs] 
75.707: Total time for which application threads were stopped: 0.0009210 seconds, Stopping threads took: 0.0004080 seconds
75.745: Application time: 0.0377650 seconds
75.745: [GC [PSYoungGen: 7472K->400K(8192K)] 9769K->2697K(26112K), 0.0004040 secs] [Times: user=0.01 sys=0.00, real=0.00 secs] 
75.746: Total time for which application threads were stopped: 0.0005030 seconds, Stopping threads took: 0.0000430 seconds
75.784: Application time: 0.0388780 seconds
75.784: [GC [PSYoungGen: 7568K->416K(8192K)] 9865K->2713K(26112K), 0.0004170 secs] [Times: user=0.00 sys=0.00, real=0.00 secs] 
75.786: Total time for which application threads were stopped: 0.0016070 seconds, Stopping threads took: 0.0000510 seconds
75.825: Application time: 0.0385710 seconds
75.825: [GC [PSYoungGen: 7584K->512K(8192K)] 9881K->2809K(26112K), 0.0004680 secs] [Times: user=0.00 sys=0.00, real=0.00 secs] 
75.825: Total time for which application threads were stopped: 0.0006070 seconds, Stopping threads took: 0.0000750 seconds
75.865: Application time: 0.0394040 seconds
75.865: [GC [PSYoungGen: 7680K->496K(8192K)] 9977K->2793K(26112K), 0.0004240 secs] [Times: user=0.00 sys=0.00, real=0.00 secs] 
75.865: Total time for which application threads were stopped: 0.0005250 seconds, Stopping threads took: 0.0000410 seconds
75.904: Application time: 0.0392970 seconds
75.905: [GC [PSYoungGen: 7664K->496K(8192K)] 9961K->2793K(26112K), 0.0003990 secs] [Times: user=0.00 sys=0.00, real=0.00 secs] 
75.905: Total time for which application threads were stopped: 0.0004980 seconds, Stopping threads took: 0.0000450 seconds
75.944: Application time: 0.0393520 seconds
75.944: [GC [PSYoungGen: 7664K->544K(8192K)] 9961K->2841K(26112K), 0.0004210 secs] [Times: user=0.00 sys=0.00, real=0.00 secs] 
75.945: Total time for which application threads were stopped: 0.0005250 seconds, Stopping threads took: 0.0000480 seconds
75.984: Application time: 0.0394140 seconds
75.984: [GC [PSYoungGen: 7712K->544K(8192K)] 10009K->2841K(26112K), 0.0004000 secs] [Times: user=0.00 sys=0.00, real=0.00 secs] 
75.985: Total time for which application threads were stopped: 0.0005040 seconds, Stopping threads took: 0.0000520 seconds
76.024: Application time: 0.0392710 seconds
76.024: [GC [PSYoungGen: 7712K->512K(8192K)] 10009K->2809K(26112K), 0.0003960 secs] [Times: user=0.00 sys=0.00, real=0.00 secs] 
76.024: Total time for which application threads were stopped: 0.0004850 seconds, Stopping threads took: 0.0000380 seconds
76.064: Application time: 0.0391900 seconds
76.064: [GC [PSYoungGen: 7680K->480K(8192K)] 9977K->2777K(26112K), 0.0004520 secs] [Times: user=0.00 sys=0.00, real=0.00 secs] 
76.064: Total time for which application threads were stopped: 0.0005470 seconds, Stopping threads took: 0.0000410 seconds
76.104: Application time: 0.0393780 seconds
76.104: [GC [PSYoungGen: 7648K->544K(8192K)] 9945K->2841K(26112K), 0.0004210 secs] [Times: user=0.01 sys=0.00, real=0.00 secs] 
76.104: Total time for which application threads were stopped: 0.0005220 seconds, Stopping threads took: 0.0000460 seconds
76.143: Application time: 0.0393340 seconds
76.144: [GC [PSYoungGen: 7712K->512K(8192K)] 10009K->2809K(26112K), 0.0004460 secs] [Times: user=0.00 sys=0.00, real=0.00 secs] 
76.144: Total time for which application threads were stopped: 0.0005460 seconds, Stopping threads took: 0.0000440 seconds
76.183: Application time: 0.0391020 seconds
76.183: [GC [PSYoungGen: 7680K->512K(8192K)] 9977K->2809K(26112K), 0.0004170 secs] [Times: user=0.00 sys=0.00, real=0.00 secs] 
76.184: Total time for which application threads were stopped: 0.0005300 seconds, Stopping threads took: 0.0000460 seconds
76.223: Application time: 0.0393370 seconds
76.223: [GC [PSYoungGen: 7680K->464K(8192K)] 9977K->2809K(26112K), 0.0003970 secs] [Times: user=0.00 sys=0.00, real=0.00 secs] 
76.223: Total time for which application threads were stopped: 0.0005080 seconds, Stopping threads took: 0.0000460 seconds
76.263: Application time: 0.0394200 seconds
76.265: [GC [PSYoungGen: 7632K->432K(8192K)] 9977K->2825K(26112K), 0.0004060 secs] [Times: user=0.00 sys=0.00, real=0.00 secs] 
76.265: Total time for which application threads were stopped: 0.0022840 seconds, Stopping threads took: 0.0018240 seconds
76.306: Application time: 0.0405170 seconds
76.309: [GC [PSYoungGen: 7600K->368K(8192K)] 9993K->2809K(26112K), 0.0004560 secs] [Times: user=0.00 sys=0.00, real=0.00 secs] 
76.309: Total time for which application threads were stopped: 0.0035180 seconds, Stopping threads took: 0.0029990 seconds
76.348: Application time: 0.0392610 seconds
76.349: [GC [PSYoungGen: 7536K->304K(8192K)] 9977K->2869K(26112K), 0.0006740 secs] [Times: user=0.01 sys=0.00, real=0.01 secs] 
76.349: Total time for which application threads were stopped: 0.0007710 seconds, Stopping threads took: 0.0000400 seconds
76.389: Application time: 0.0394070 seconds
76.389: [GC [PSYoungGen: 7472K->272K(8192K)] 10037K->2893K(26112K), 0.0003610 secs] [Times: user=0.00 sys=0.00, real=0.00 secs] 
76.389: Total time for which application threads were stopped: 0.0004520 seconds, Stopping threads took: 0.0000390 seconds
76.428: Application time: 0.0388240 seconds
76.428: [GC [PSYoungGen: 7440K->272K(8192K)] 10061K->2949K(26112K), 0.0003620 secs] [Times: user=0.00 sys=0.00, real=0.00 secs] 
76.428: Total time for which application threads were stopped: 0.0004580 seconds, Stopping threads took: 0.0000420 seconds
76.468: Application time: 0.0398750 seconds
76.468: [GC [PSYoungGen: 7440K->288K(8192K)] 10117K->2965K(26112K), 0.0003880 secs] [Times: user=0.00 sys=0.00, real=0.01 secs] 
76.469: Total time for which application threads were stopped: 0.0004890 seconds, Stopping threads took: 0.0000410 seconds
76.508: Application time: 0.0388780 seconds
76.508: [GC [PSYoungGen: 7456K->320K(8192K)] 10133K->2997K(26112K), 0.0003670 secs] [Times: user=0.00 sys=0.00, real=0.00 secs] 
76.508: Total time for which application threads were stopped: 0.0004640 seconds, Stopping threads took: 0.0000440 seconds
76.546: Application time: 0.0378510 seconds
76.546: [GC [PSYoungGen: 7488K->432K(8192K)] 10165K->3109K(26112K), 0.0004310 secs] [Times: user=0.00 sys=0.00, real=0.00 secs] 
76.547: Total time for which application threads were stopped: 0.0005330 seconds, Stopping threads took: 0.0000450 seconds
76.585: Application time: 0.0383640 seconds
76.585: [GC [PSYoungGen: 7600K->512K(8192K)] 10277K->3189K(26112K), 0.0004380 secs] [Times: user=0.00 sys=0.00, real=0.00 secs] 
76.585: Total time for which application threads were stopped: 0.0005300 seconds, Stopping threads took: 0.0000370 seconds
76.625: Application time: 0.0391430 seconds
76.625: [GC [PSYoungGen: 7680K->528K(8192K)] 10357K->3205K(26112K), 0.0004580 secs] [Times: user=0.00 sys=0.00, real=0.00 secs] 
76.625: Total time for which application threads were stopped: 0.0005480 seconds, Stopping threads took: 0.0000410 seconds
76.664: Application time: 0.0393170 seconds
76.665: [GC [PSYoungGen: 7696K->528K(8192K)] 10373K->3205K(26112K), 0.0004000 secs] [Times: user=0.00 sys=0.00, real=0.00 secs] 
76.665: Total time for which application threads were stopped: 0.0004980 seconds, Stopping threads took: 0.0000430 seconds
76.704: Application time: 0.0392480 seconds
76.704: [GC [PSYoungGen: 7696K->512K(8192K)] 10373K->3189K(26112K), 0.0004140 secs] [Times: user=0.00 sys=0.00, real=0.00 secs] 
76.705: Total time for which application threads were stopped: 0.0005110 seconds, Stopping threads took: 0.0000410 seconds
76.744: Application time: 0.0397240 seconds
76.745: [GC [PSYoungGen: 7680K->480K(8192K)] 10357K->3157K(26112K), 0.0004800 secs] [Times: user=0.00 sys=0.00, real=0.00 secs] 
76.745: Total time for which application threads were stopped: 0.0006040 seconds, Stopping threads took: 0.0000530 seconds
76.784: Application time: 0.0392250 seconds
76.784: [GC [PSYoungGen: 7648K->480K(8192K)] 10325K->3157K(26112K), 0.0004730 secs] [Times: user=0.00 sys=0.00, real=0.00 secs] 
76.785: Total time for which application threads were stopped: 0.0005970 seconds, Stopping threads took: 0.0000670 seconds
76.824: Application time: 0.0391420 seconds
76.824: [GC [PSYoungGen: 7648K->496K(8192K)] 10325K->3173K(26112K), 0.0004050 secs] [Times: user=0.00 sys=0.00, real=0.00 secs] 
76.825: Total time for which application threads were stopped: 0.0005100 seconds, Stopping threads took: 0.0000500 seconds
76.864: Application time: 0.0392870 seconds
76.864: [GC [PSYoungGen: 7664K->480K(8192K)] 10341K->3157K(26112K), 0.0004000 secs] [Times: user=0.00 sys=0.00, real=0.00 secs] 
76.864: Total time for which application threads were stopped: 0.0005000 seconds, Stopping threads took: 0.0000430 seconds
76.904: Application time: 0.0392390 seconds
76.904: [GC [PSYoungGen: 7648K->496K(8192K)] 10325K->3173K(26112K), 0.0004590 secs] [Times: user=0.00 sys=0.00, real=0.00 secs] 
76.904: Total time for which application threads were stopped: 0.0005590 seconds, Stopping threads took: 0.0000430 seconds
76.943: Application time: 0.0386110 seconds
76.943: [GC [PSYoungGen: 7664K->496K(8192K)] 10341K->3173K(26112K), 0.0004000 secs] [Times: user=0.00 sys=0.00, real=0.00 secs] 
76.943: Total time for which application threads were stopped: 0.0004920 seconds, Stopping threads took: 0.0000390 seconds
76.982: Application time: 0.0390210 seconds
76.982: [GC [PSYoungGen: 7664K->544K(8192K)] 10341K->3221K(26112K), 0.0004180 secs] [Times: user=0.00 sys=0.00, real=0.00 secs] 
76.983: Total time for which application threads were stopped: 0.0005130 seconds, Stopping threads took: 0.0000400 seconds
77.023: Application time: 0.0399410 seconds
77.023: [GC [PSYoungGen: 7712K->496K(8192K)] 10389K->3229K(26112K), 0.0004100 secs] [Times: user=0.01 sys=0.00, real=0.00 secs] 
77.023: Total time for which application threads were stopped: 0.0005080 seconds, Stopping threads took: 0.0000420 seconds
77.063: Application time: 0.0395190 seconds
77.063: [GC [PSYoungGen: 7664K->416K(8192K)] 10397K->3197K(26112K), 0.0004300 secs] [Times: user=0.00 sys=0.00, real=0.00 secs] 
77.063: Total time for which application threads were stopped: 0.0005290 seconds, Stopping threads took: 0.0000450 seconds
77.103: Application time: 0.0393300 seconds
77.103: [GC [PSYoungGen: 7584K->368K(8192K)] 10365K->3205K(26112K), 0.0003780 secs] [Times: user=0.00 sys=0.00, real=0.00 secs] 
77.103: Total time for which application threads were stopped: 0.0004800 seconds, Stopping threads took: 0.0000480 seconds
77.142: Application time: 0.0393530 seconds
77.142: [GC [PSYoungGen: 7536K->288K(8192K)] 10373K->3245K(26112K), 0.0003760 secs] [Times: user=0.01 sys=0.00, real=0.00 secs] 
77.143: Total time for which application threads were stopped: 0.0004690 seconds, Stopping threads took: 0.0000370 seconds
77.182: Application time: 0.0390990 seconds
77.182: [GC [PSYoungGen: 7456K->224K(8192K)] 10413K->3269K(26112K), 0.0003840 secs] [Times: user=0.00 sys=0.00, real=0.00 secs] 
77.182: Total time for which application threads were stopped: 0.0004830 seconds, Stopping threads took: 0.0000480 seconds
77.221: Application time: 0.0383740 seconds
77.221: [GC [PSYoungGen: 7392K->288K(8192K)] 10437K->3333K(26112K), 0.0003490 secs] [Times: user=0.00 sys=0.00, real=0.00 secs] 
77.221: Total time for which application threads were stopped: 0.0004400 seconds, Stopping threads took: 0.0000380 seconds
77.261: Application time: 0.0396590 seconds
77.261: [GC [PSYoungGen: 7456K->288K(8192K)] 10501K->3333K(26112K), 0.0003870 secs] [Times: user=0.00 sys=0.00, real=0.00 secs] 
77.261: Total time for which application threads were stopped: 0.0005070 seconds, Stopping threads took: 0.0000500 seconds
77.300: Application time: 0.0381670 seconds
77.300: [GC [PSYoungGen: 7456K->336K(8192K)] 10501K->3381K(26112K), 0.0004320 secs] [Times: user=0.00 sys=0.00, real=0.00 secs] 
77.300: Total time for which application threads were stopped: 0.0005260 seconds, Stopping threads took: 0.0000390 seconds
77.338: Application time: 0.0381470 seconds
77.338: [GC [PSYoungGen: 7498K->448K(8192K)] 10544K->3493K(26112K), 0.0004060 secs] [Times: user=0.00 sys=0.00, real=0.00 secs] 
77.339: Total time for which application threads were stopped: 0.0005080 seconds, Stopping threads took: 0.0000440 seconds
77.377: Application time: 0.0381930 seconds
77.377: [GC [PSYoungGen: 7616K->528K(8192K)] 10661K->3573K(26112K), 0.0004710 secs] [Times: user=0.00 sys=0.00, real=0.00 secs] 
77.378: Total time for which application threads were stopped: 0.0005740 seconds, Stopping threads took: 0.0000490 seconds
77.417: Application time: 0.0395880 seconds
77.417: [GC [PSYoungGen: 7696K->528K(8192K)] 10741K->3573K(26112K), 0.0004240 secs] [Times: user=0.00 sys=0.00, real=0.00 secs] 
77.418: Total time for which application threads were stopped: 0.0005200 seconds, Stopping threads took: 0.0000420 seconds
77.457: Application time: 0.0393200 seconds
77.457: [GC [PSYoungGen: 7696K->480K(8192K)] 10741K->3525K(26112K), 0.0004510 secs] [Times: user=0.00 sys=0.00, real=0.00 secs] 
77.458: Total time for which application threads were stopped: 0.0005460 seconds, Stopping threads took: 0.0000370 seconds
77.497: Application time: 0.0392620 seconds
77.497: [GC [PSYoungGen: 7648K->496K(8192K)] 10693K->3541K(26112K), 0.0003900 secs] [Times: user=0.01 sys=0.00, real=0.00 secs] 
77.497: Total time for which application threads were stopped: 0.0004800 seconds, Stopping threads took: 0.0000380 seconds
77.537: Application time: 0.0393020 seconds
77.537: [GC [PSYoungGen: 7664K->512K(8192K)] 10709K->3557K(26112K), 0.0004120 secs] [Times: user=0.00 sys=0.00, real=0.01 secs] 
77.537: Total time for which application threads were stopped: 0.0005080 seconds, Stopping threads took: 0.0000410 seconds
77.576: Application time: 0.0392010 seconds
77.576: [GC [PSYoungGen: 7680K->464K(8192K)] 10725K->3509K(26112K), 0.0003980 secs] [Times: user=0.00 sys=0.00, real=0.01 secs] 
77.577: Total time for which application threads were stopped: 0.0004990 seconds, Stopping threads took: 0.0000460 seconds
77.616: Application time: 0.0396120 seconds
77.621: [GC [PSYoungGen: 7632K->480K(8192K)] 10677K->3525K(26112K), 0.0004800 secs] [Times: user=0.01 sys=0.00, real=0.00 secs] 
77.621: Total time for which application threads were stopped: 0.0048610 seconds, Stopping threads took: 0.0043180 seconds
77.661: Application time: 0.0393560 seconds
77.661: [GC [PSYoungGen: 7648K->512K(8192K)] 10693K->3557K(26112K), 0.0004180 secs] [Times: user=0.00 sys=0.00, real=0.00 secs] 
77.661: Total time for which application threads were stopped: 0.0005210 seconds, Stopping threads took: 0.0000430 seconds
77.700: Application time: 0.0392150 seconds
77.700: [GC [PSYoungGen: 7680K->464K(8192K)] 10725K->3509K(26112K), 0.0004140 secs] [Times: user=0.00 sys=0.00, real=0.00 secs] 
77.701: Total time for which application threads were stopped: 0.0005120 seconds, Stopping threads took: 0.0000440 seconds
77.740: Application time: 0.0393310 seconds
77.740: [GC [PSYoungGen: 7632K->496K(8192K)] 10677K->3541K(26112K), 0.0004390 secs] [Times: user=0.00 sys=0.00, real=0.00 secs] 
77.741: Total time for which application threads were stopped: 0.0005500 seconds, Stopping threads took: 0.0000480 seconds
77.780: Application time: 0.0392030 seconds
77.780: [GC [PSYoungGen: 7664K->464K(8192K)] 10709K->3565K(26112K), 0.0004200 secs] [Times: user=0.01 sys=0.00, real=0.00 secs] 
77.781: Total time for which application threads were stopped: 0.0005240 seconds, Stopping threads took: 0.0000430 seconds
77.821: Application time: 0.0404410 seconds
77.821: [GC [PSYoungGen: 7632K->400K(8192K)] 10733K->3557K(26112K), 0.0004780 secs] [Times: user=0.00 sys=0.00, real=0.00 secs] 
77.822: Total time for which application threads were stopped: 0.0005880 seconds, Stopping threads took: 0.0000480 seconds
77.861: Application time: 0.0392780 seconds
77.861: [GC [PSYoungGen: 7568K->448K(8192K)] 10725K->3605K(26112K), 0.0004500 secs] [Times: user=0.00 sys=0.00, real=0.00 secs] 
77.861: Total time for which application threads were stopped: 0.0005490 seconds, Stopping threads took: 0.0000420 seconds
77.901: Application time: 0.0394580 seconds
77.901: [GC [PSYoungGen: 7616K->368K(8192K)] 10773K->3605K(26112K), 0.0004520 secs] [Times: user=0.00 sys=0.00, real=0.00 secs] 
77.901: Total time for which application threads were stopped: 0.0005520 seconds, Stopping threads took: 0.0000470 seconds
77.941: Application time: 0.0392710 seconds
77.941: [GC [PSYoungGen: 7536K->288K(8192K)] 10773K->3629K(26112K), 0.0003630 secs] [Times: user=0.00 sys=0.00, real=0.00 secs] 
77.941: Total time for which application threads were stopped: 0.0004560 seconds, Stopping threads took: 0.0000400 seconds
77.981: Application time: 0.0400880 seconds
77.981: [GC [PSYoungGen: 7456K->272K(8192K)] 10797K->3701K(26112K), 0.0003820 secs] [Times: user=0.00 sys=0.00, real=0.00 secs] 
77.982: Total time for which application threads were stopped: 0.0004920 seconds, Stopping threads took: 0.0000530 seconds
78.021: Application time: 0.0389730 seconds
78.021: [GC [PSYoungGen: 7440K->320K(8192K)] 10869K->3749K(26112K), 0.0003470 secs] [Times: user=0.00 sys=0.00, real=0.00 secs] 
78.021: Total time for which application threads were stopped: 0.0004550 seconds, Stopping threads took: 0.0000520 seconds
78.060: Application time: 0.0393260 seconds
78.061: [GC [PSYoungGen: 7488K->288K(8192K)] 10917K->3717K(26112K), 0.0004030 secs] [Times: user=0.00 sys=0.00, real=0.00 secs] 
78.061: Total time for which application threads were stopped: 0.0004990 seconds, Stopping threads took: 0.0000460 seconds
78.098: Application time: 0.0371010 seconds
78.098: [GC [PSYoungGen: 7456K->400K(8192K)] 10885K->3829K(26112K), 0.0003810 secs] [Times: user=0.00 sys=0.00, real=0.00 secs] 
78.099: Total time for which application threads were stopped: 0.0004820 seconds, Stopping threads took: 0.0000460 seconds
78.138: Application time: 0.0390460 seconds
78.138: [GC [PSYoungGen: 7568K->464K(8192K)] 10997K->3893K(26112K), 0.0004040 secs] [Times: user=0.00 sys=0.00, real=0.00 secs] 
78.138: Total time for which application threads were stopped: 0.0004990 seconds, Stopping threads took: 0.0000380 seconds
78.177: Application time: 0.0386100 seconds
78.177: [GC [PSYoungGen: 7632K->512K(8192K)] 11061K->3941K(26112K), 0.0004140 secs] [Times: user=0.00 sys=0.00, real=0.00 secs] 
78.177: Total time for which application threads were stopped: 0.0005170 seconds, Stopping threads took: 0.0000470 seconds
78.217: Application time: 0.0393510 seconds
78.217: [GC [PSYoungGen: 7680K->496K(8192K)] 11109K->3925K(26112K), 0.0004170 secs] [Times: user=0.00 sys=0.00, real=0.01 secs] 
78.217: Total time for which application threads were stopped: 0.0005190 seconds, Stopping threads took: 0.0000490 seconds
78.256: Application time: 0.0391860 seconds
78.256: [GC [PSYoungGen: 7664K->480K(8192K)] 11093K->3909K(26112K), 0.0004330 secs] [Times: user=0.00 sys=0.00, real=0.01 secs] 
78.257: Total time for which application threads were stopped: 0.0005350 seconds, Stopping threads took: 0.0000510 seconds
78.296: Application time: 0.0396270 seconds
78.297: [GC [PSYoungGen: 7648K->464K(8192K)] 11077K->3893K(26112K), 0.0004660 secs] [Times: user=0.00 sys=0.00, real=0.01 secs] 
78.297: Total time for which application threads were stopped: 0.0005780 seconds, Stopping threads took: 0.0000440 seconds
78.336: Application time: 0.0392800 seconds
78.336: [GC [PSYoungGen: 7632K->480K(8192K)] 11061K->3909K(26112K), 0.0004530 secs] [Times: user=0.00 sys=0.00, real=0.01 secs] 
78.337: Total time for which application threads were stopped: 0.0005520 seconds, Stopping threads took: 0.0000400 seconds
78.376: Application time: 0.0392090 seconds
78.376: [GC [PSYoungGen: 7648K->464K(8192K)] 11077K->3893K(26112K), 0.0004520 secs] [Times: user=0.00 sys=0.00, real=0.00 secs] 
78.377: Total time for which application threads were stopped: 0.0005420 seconds, Stopping threads took: 0.0000350 seconds
78.416: Application time: 0.0392540 seconds
78.416: [GC [PSYoungGen: 7632K->496K(8192K)] 11061K->3925K(26112K), 0.0004360 secs] [Times: user=0.01 sys=0.00, real=0.00 secs] 
78.416: Total time for which application threads were stopped: 0.0005310 seconds, Stopping threads took: 0.0000390 seconds
78.456: Application time: 0.0393220 seconds
78.456: [GC [PSYoungGen: 7664K->528K(8192K)] 11093K->3957K(26112K), 0.0005000 secs] [Times: user=0.00 sys=0.00, real=0.00 secs] 
78.456: Total time for which application threads were stopped: 0.0005930 seconds, Stopping threads took: 0.0000410 seconds
78.495: Application time: 0.0391720 seconds
78.497: [GC [PSYoungGen: 7696K->464K(8192K)] 11125K->3893K(26112K), 0.0004110 secs] [Times: user=0.00 sys=0.00, real=0.00 secs] 
78.497: Total time for which application threads were stopped: 0.0016920 seconds, Stopping threads took: 0.0012240 seconds
78.536: Application time: 0.0392260 seconds
78.536: [GC [PSYoungGen: 7632K->512K(8192K)] 11061K->3941K(26112K), 0.0004240 secs] [Times: user=0.00 sys=0.00, real=0.01 secs] 
78.537: Total time for which application threads were stopped: 0.0005290 seconds, Stopping threads took: 0.0000510 seconds
78.576: Application time: 0.0391810 seconds
78.576: [GC [PSYoungGen: 7680K->448K(8192K)] 11109K->3949K(26112K), 0.0004120 secs] [Times: user=0.00 sys=0.00, real=0.00 secs] 
78.577: Total time for which application threads were stopped: 0.0005170 seconds, Stopping threads took: 0.0000510 seconds
78.616: Application time: 0.0392310 seconds
78.616: [GC [PSYoungGen: 7616K->432K(8192K)] 11117K->3981K(26112K), 0.0004350 secs] [Times: user=0.00 sys=0.00, real=0.00 secs] 
78.616: Total time for which application threads were stopped: 0.0005470 seconds, Stopping threads took: 0.0000580 seconds
78.656: Application time: 0.0392260 seconds
78.656: [GC [PSYoungGen: 7600K->416K(8192K)] 11149K->3965K(26112K), 0.0004440 secs] [Times: user=0.00 sys=0.00, real=0.00 secs] 
78.656: Total time for which application threads were stopped: 0.0005430 seconds, Stopping threads took: 0.0000460 seconds
78.695: Application time: 0.0392160 seconds
78.695: [GC [PSYoungGen: 7584K->288K(8192K)] 11133K->3990K(26112K), 0.0003810 secs] [Times: user=0.01 sys=0.00, real=0.00 secs] 
78.696: Total time for which application threads were stopped: 0.0004740 seconds, Stopping threads took: 0.0000430 seconds
78.736: Application time: 0.0403530 seconds
78.736: [GC [PSYoungGen: 7456K->272K(8192K)] 11158K->4022K(26112K), 0.0004120 secs] [Times: user=0.01 sys=0.00, real=0.01 secs] 
78.737: Total time for which application threads were stopped: 0.0005250 seconds, Stopping threads took: 0.0000470 seconds
78.775: Application time: 0.0382580 seconds
78.775: [GC [PSYoungGen: 7440K->272K(8192K)] 11190K->4070K(26112K), 0.0003640 secs] [Times: user=0.00 sys=0.00, real=0.00 secs] 
78.775: Total time for which application threads were stopped: 0.0004620 seconds, Stopping threads took: 0.0000410 seconds
78.814: Application time: 0.0388540 seconds
78.814: [GC [PSYoungGen: 7440K->288K(8192K)] 11238K->4086K(26112K), 0.0003620 secs] [Times: user=0.00 sys=0.00, real=0.00 secs] 
78.815: Total time for which application threads were stopped: 0.0004760 seconds, Stopping threads took: 0.0000450 seconds
78.854: Application time: 0.0391190 seconds
78.854: [GC [PSYoungGen: 7456K->288K(8192K)] 11254K->4086K(26112K), 0.0004050 secs] [Times: user=0.01 sys=0.00, real=0.00 secs] 
78.854: Total time for which application threads were stopped: 0.0005100 seconds, Stopping threads took: 0.0000490 seconds
78.892: Application time: 0.0377490 seconds
78.892: [GC [PSYoungGen: 7456K->400K(8192K)] 11254K->4198K(26112K), 0.0003990 secs] [Times: user=0.00 sys=0.00, real=0.00 secs] 
78.893: Total time for which application threads were stopped: 0.0005060 seconds, Stopping threads took: 0.0000490 seconds
78.931: Application time: 0.0385380 seconds
78.931: [GC [PSYoungGen: 7568K->512K(8192K)] 11366K->4310K(26112K), 0.0004130 secs] [Times: user=0.00 sys=0.00, real=0.00 secs] 
78.932: Total time for which application threads were stopped: 0.0005290 seconds, Stopping threads took: 0.0000500 seconds
78.970: Application time: 0.0385480 seconds
78.970: [GC [PSYoungGen: 7680K->480K(8192K)] 11478K->4278K(26112K), 0.0004160 secs] [Times: user=0.00 sys=0.00, real=0.00 secs] 
78.971: Total time for which application threads were stopped: 0.0005010 seconds, Stopping threads took: 0.0000330 seconds
79.010: Application time: 0.0394260 seconds
79.010: [GC [PSYoungGen: 7648K->512K(8192K)] 11446K->4310K(26112K), 0.0004280 secs] [Times: user=0.00 sys=0.00, real=0.00 secs] 
79.011: Total time for which application threads were stopped: 0.0005290 seconds, Stopping threads took: 0.0000470 seconds
79.050: Application time: 0.0396590 seconds
79.051: [GC [PSYoungGen: 7680K->496K(8192K)] 11478K->4294K(26112K), 0.0004050 secs] [Times: user=0.00 sys=0.00, real=0.00 secs] 
79.051: Total time for which application threads were stopped: 0.0004950 seconds, Stopping threads took: 0.0000380 seconds
79.090: Application time: 0.0393690 seconds
79.090: [GC [PSYoungGen: 7664K->496K(8192K)] 11462K->4294K(26112K), 0.0004440 secs] [Times: user=0.01 sys=0.00, real=0.00 secs] 
79.091: Total time for which application threads were stopped: 0.0005380 seconds, Stopping threads took: 0.0000420 seconds
79.130: Application time: 0.0394100 seconds
79.130: [GC [PSYoungGen: 7664K->528K(8192K)] 11462K->4326K(26112K), 0.0003970 secs] [Times: user=0.00 sys=0.00, real=0.00 secs] 
79.131: Total time for which application threads were stopped: 0.0004930 seconds, Stopping threads took: 0.0000450 seconds
79.170: Application time: 0.0395980 seconds
79.170: [GC [PSYoungGen: 7696K->496K(8192K)] 11494K->4294K(26112K), 0.0005020 secs] [Times: user=0.00 sys=0.00, real=0.00 secs] 
79.171: Total time for which application threads were stopped: 0.0006060 seconds, Stopping threads took: 0.0000460 seconds
79.210: Application time: 0.0393460 seconds
79.210: [GC [PSYoungGen: 7664K->512K(8192K)] 11462K->4310K(26112K), 0.0004170 secs] [Times: user=0.00 sys=0.00, real=0.00 secs] 
79.211: Total time for which application threads were stopped: 0.0005250 seconds, Stopping threads took: 0.0000520 seconds
79.250: Application time: 0.0393180 seconds
79.250: [GC [PSYoungGen: 7680K->480K(8192K)] 11478K->4278K(26112K), 0.0004220 secs] [Times: user=0.01 sys=0.00, real=0.00 secs] 
79.251: Total time for which application threads were stopped: 0.0005220 seconds, Stopping threads took: 0.0000450 seconds
79.290: Application time: 0.0390660 seconds
79.290: [GC [PSYoungGen: 7648K->544K(8192K)] 11446K->4342K(26112K), 0.0004490 secs] [Times: user=0.00 sys=0.00, real=0.00 secs] 
79.290: Total time for which application threads were stopped: 0.0005390 seconds, Stopping threads took: 0.0000390 seconds
79.330: Application time: 0.0399870 seconds
79.330: [GC [PSYoungGen: 7712K->544K(8192K)] 11510K->4342K(26112K), 0.0004370 secs] [Times: user=0.00 sys=0.00, real=0.00 secs] 
79.331: Total time for which application threads were stopped: 0.0005550 seconds, Stopping threads took: 0.0000450 seconds
79.370: Application time: 0.0393230 seconds
79.370: [GC [PSYoungGen: 7712K->496K(8192K)] 11510K->4342K(26112K), 0.0004590 secs] [Times: user=0.00 sys=0.00, real=0.00 secs] 
79.371: Total time for which application threads were stopped: 0.0005570 seconds, Stopping threads took: 0.0000390 seconds
79.410: Application time: 0.0392180 seconds
79.410: [GC [PSYoungGen: 7664K->432K(8192K)] 11510K->4334K(26112K), 0.0003930 secs] [Times: user=0.01 sys=0.00, real=0.00 secs] 
79.410: Total time for which application threads were stopped: 0.0004880 seconds, Stopping threads took: 0.0000420 seconds
79.450: Application time: 0.0399780 seconds
79.450: [GC [PSYoungGen: 7600K->416K(8192K)] 11502K->4350K(26112K), 0.0004020 secs] [Times: user=0.00 sys=0.00, real=0.00 secs] 
79.451: Total time for which application threads were stopped: 0.0005010 seconds, Stopping threads took: 0.0000440 seconds
79.491: Application time: 0.0402650 seconds
79.491: [GC [PSYoungGen: 7584K->304K(8192K)] 11518K->4374K(26112K), 0.0004870 secs] [Times: user=0.00 sys=0.00, real=0.00 secs] 
79.492: Total time for which application threads were stopped: 0.0005960 seconds, Stopping threads took: 0.0000460 seconds
79.531: Application time: 0.0396870 seconds
79.532: [GC [PSYoungGen: 7472K->272K(8192K)] 11542K->4382K(26112K), 0.0003600 secs] [Times: user=0.00 sys=0.00, real=0.00 secs] 
79.532: Total time for which application threads were stopped: 0.0004610 seconds, Stopping threads took: 0.0000460 seconds
79.570: Application time: 0.0382460 seconds
79.573: [GC [PSYoungGen: 7440K->288K(8192K)] 11550K->4438K(26112K), 0.0004370 secs] [Times: user=0.00 sys=0.00, real=0.00 secs] 
79.573: Total time for which application threads were stopped: 0.0030320 seconds, Stopping threads took: 0.0025390 seconds
79.612: Application time: 0.0392450 seconds
79.613: [GC [PSYoungGen: 7456K->320K(8192K)] 11606K->4470K(26112K), 0.0003680 secs] [Times: user=0.00 sys=0.00, real=0.00 secs] 
79.613: Total time for which application threads were stopped: 0.0004640 seconds, Stopping threads took: 0.0000400 seconds
79.652: Application time: 0.0390990 seconds
79.652: [GC [PSYoungGen: 7488K->320K(8192K)] 11638K->4470K(26112K), 0.0004120 secs] [Times: user=0.00 sys=0.00, real=0.00 secs] 
79.653: Total time for which application threads were stopped: 0.0005070 seconds, Stopping threads took: 0.0000400 seconds
79.690: Application time: 0.0373600 seconds
79.690: [GC [PSYoungGen: 7488K->448K(8192K)] 11638K->4598K(26112K), 0.0004210 secs] [Times: user=0.00 sys=0.00, real=0.00 secs] 
79.690: Total time for which application threads were stopped: 0.0005170 seconds, Stopping threads took: 0.0000420 seconds
79.730: Application time: 0.0393950 seconds
79.730: [GC [PSYoungGen: 7616K->464K(8192K)] 11766K->4614K(26112K), 0.0004280 secs] [Times: user=0.00 sys=0.00, real=0.00 secs] 
79.730: Total time for which application threads were stopped: 0.0005500 seconds, Stopping threads took: 0.0000540 seconds
79.769: Application time: 0.0385850 seconds
79.769: [GC [PSYoungGen: 7632K->512K(8192K)] 11782K->4662K(26112K), 0.0004780 secs] [Times: user=0.00 sys=0.00, real=0.00 secs] 
79.770: Total time for which application threads were stopped: 0.0005720 seconds, Stopping threads took: 0.0000380 seconds
79.809: Application time: 0.0396380 seconds
79.809: [GC [PSYoungGen: 7680K->496K(8192K)] 11830K->4646K(26112K), 0.0004110 secs] [Times: user=0.00 sys=0.00, real=0.00 secs] 
79.810: Total time for which application threads were stopped: 0.0005010 seconds, Stopping threads took: 0.0000370 seconds
79.849: Application time: 0.0392260 seconds
79.849: [GC [PSYoungGen: 7664K->544K(8192K)] 11814K->4694K(26112K), 0.0004070 secs] [Times: user=0.00 sys=0.00, real=0.00 secs] 
79.849: Total time for which application threads were stopped: 0.0005120 seconds, Stopping threads took: 0.0000410 seconds
79.889: Application time: 0.0394510 seconds
79.889: [GC [PSYoungGen: 7712K->480K(8192K)] 11862K->4630K(26112K), 0.0004180 secs] [Times: user=0.00 sys=0.00, real=0.00 secs] 
79.889: Total time for which application threads were stopped: 0.0005090 seconds, Stopping threads took: 0.0000350 seconds
79.929: Application time: 0.0392260 seconds
79.929: [GC [PSYoungGen: 7648K->528K(8192K)] 11798K->4678K(26112K), 0.0003970 secs] [Times: user=0.00 sys=0.00, real=0.01 secs] 
79.929: Total time for which application threads were stopped: 0.0004960 seconds, Stopping threads took: 0.0000450 seconds
79.968: Application time: 0.0391300 seconds
79.968: [GC [PSYoungGen: 7696K->528K(8192K)] 11846K->4678K(26112K), 0.0004150 secs] [Times: user=0.00 sys=0.00, real=0.01 secs] 
79.969: Total time for which application threads were stopped: 0.0005150 seconds, Stopping threads took: 0.0000440 seconds
80.009: Application time: 0.0402250 seconds
80.009: [GC [PSYoungGen: 7695K->480K(8192K)] 11846K->4630K(26112K), 0.0004160 secs] [Times: user=0.00 sys=0.00, real=0.00 secs] 
80.009: Total time for which application threads were stopped: 0.0005090 seconds, Stopping threads took: 0.0000430 seconds
80.049: Application time: 0.0392200 seconds
80.049: [GC [PSYoungGen: 7648K->496K(8192K)] 11798K->4646K(26112K), 0.0004610 secs] [Times: user=0.00 sys=0.00, real=0.00 secs] 
80.049: Total time for which application threads were stopped: 0.0005540 seconds, Stopping threads took: 0.0000420 seconds
80.088: Application time: 0.0387280 seconds
80.088: [GC [PSYoungGen: 7664K->528K(8192K)] 11814K->4678K(26112K), 0.0004060 secs] [Times: user=0.01 sys=0.00, real=0.00 secs] 
80.088: Total time for which application threads were stopped: 0.0005030 seconds, Stopping threads took: 0.0000440 seconds
80.128: Application time: 0.0391920 seconds
80.128: [GC [PSYoungGen: 7696K->480K(8192K)] 11846K->4630K(26112K), 0.0004150 secs] [Times: user=0.00 sys=0.00, real=0.00 secs] 
80.128: Total time for which application threads were stopped: 0.0005120 seconds, Stopping threads took: 0.0000420 seconds
80.168: Application time: 0.0394660 seconds
80.168: [GC [PSYoungGen: 7648K->448K(8192K)] 11798K->4694K(26112K), 0.0004170 secs] [Times: user=0.00 sys=0.00, real=0.00 secs] 
80.168: Total time for which application threads were stopped: 0.0005120 seconds, Stopping threads took: 0.0000420 seconds
80.207: Application time: 0.0392620 seconds
80.208: [GC [PSYoungGen: 7616K->416K(8192K)] 11862K->4662K(26112K), 0.0003830 secs] [Times: user=0.00 sys=0.00, real=0.00 secs] 
80.208: Total time for which application threads were stopped: 0.0004820 seconds, Stopping threads took: 0.0000450 seconds
80.247: Application time: 0.0391970 seconds
80.247: [GC [PSYoungGen: 7584K->400K(8192K)] 11830K->4694K(26112K), 0.0004600 secs] [Times: user=0.00 sys=0.00, real=0.00 secs] 
80.248: Total time for which application threads were stopped: 0.0005510 seconds, Stopping threads took: 0.0000380 seconds
80.287: Application time: 0.0392080 seconds
80.287: [GC [PSYoungGen: 7568K->288K(8192K)] 11862K->4694K(26112K), 0.0003850 secs] [Times: user=0.01 sys=0.00, real=0.00 secs] 
80.287: Total time for which application threads were stopped: 0.0004860 seconds, Stopping threads took: 0.0000490 seconds
80.326: Application time: 0.0391230 seconds
80.327: [GC [PSYoungGen: 7456K->272K(8192K)] 11862K->4726K(26112K), 0.0003500 secs] [Times: user=0.00 sys=0.00, real=0.00 secs] 
80.327: Total time for which application threads were stopped: 0.0004410 seconds, Stopping threads took: 0.0000410 seconds
80.365: Application time: 0.0382090 seconds
80.365: [GC [PSYoungGen: 7440K->272K(8192K)] 11894K->4774K(26112K), 0.0003980 secs] [Times: user=0.00 sys=0.00, real=0.00 secs] 
80.366: Total time for which application threads were stopped: 0.0004960 seconds, Stopping threads took: 0.0000360 seconds
80.405: Application time: 0.0392780 seconds
80.405: [GC [PSYoungGen: 7440K->288K(8192K)] 11942K->4790K(26112K), 0.0004130 secs] [Times: user=0.00 sys=0.00, real=0.00 secs] 
80.405: Total time for which application threads were stopped: 0.0005110 seconds, Stopping threads took: 0.0000440 seconds
80.444: Application time: 0.0389420 seconds
80.444: [GC [PSYoungGen: 7456K->320K(8192K)] 11958K->4822K(26112K), 0.0003670 secs] [Times: user=0.00 sys=0.00, real=0.00 secs] 
80.445: Total time for which application threads were stopped: 0.0004630 seconds, Stopping threads took: 0.0000420 seconds
80.483: Application time: 0.0379120 seconds
80.483: [GC [PSYoungGen: 7488K->400K(8192K)] 11990K->4902K(26112K), 0.0004320 secs] [Times: user=0.00 sys=0.00, real=0.00 secs] 
80.483: Total time for which application threads were stopped: 0.0005270 seconds, Stopping threads took: 0.0000390 seconds
80.521: Application time: 0.0381270 seconds
80.521: [GC [PSYoungGen: 7557K->496K(8192K)] 12059K->4998K(26112K), 0.0004360 secs] [Times: user=0.00 sys=0.00, real=0.00 secs] 
80.522: Total time for which application threads were stopped: 0.0005340 seconds, Stopping threads took: 0.0000450 seconds
80.561: Application time: 0.0395190 seconds
80.562: [GC [PSYoungGen: 7664K->528K(8192K)] 12166K->5030K(26112K), 0.0003990 secs] [Times: user=0.00 sys=0.00, real=0.00 secs] 
80.562: Total time for which application threads were stopped: 0.0004940 seconds, Stopping threads took: 0.0000430 seconds
80.601: Application time: 0.0393530 seconds
80.601: [GC [PSYoungGen: 7696K->480K(8192K)] 12198K->4982K(26112K), 0.0004130 secs] [Times: user=0.00 sys=0.00, real=0.00 secs] 
80.602: Total time for which application threads were stopped: 0.0005040 seconds, Stopping threads took: 0.0000400 seconds
80.641: Application time: 0.0392320 seconds
80.641: [GC [PSYoungGen: 7648K->496K(8192K)] 12150K->4998K(26112K), 0.0003950 secs] [Times: user=0.00 sys=0.00, real=0.00 secs] 
80.642: Total time for which application threads were stopped: 0.0004880 seconds, Stopping threads took: 0.0000410 seconds
80.681: Application time: 0.0394890 seconds
80.681: [GC [PSYoungGen: 7664K->480K(8192K)] 12166K->4982K(26112K), 0.0004110 secs] [Times: user=0.00 sys=0.00, real=0.00 secs] 
80.682: Total time for which application threads were stopped: 0.0005070 seconds, Stopping threads took: 0.0000410 seconds
80.721: Application time: 0.0393650 seconds
80.721: [GC [PSYoungGen: 7648K->528K(8192K)] 12150K->5030K(26112K), 0.0004480 secs] [Times: user=0.00 sys=0.00, real=0.00 secs] 
80.721: Total time for which application threads were stopped: 0.0005630 seconds, Stopping threads took: 0.0000520 seconds
80.761: Application time: 0.0395080 seconds
80.761: [GC [PSYoungGen: 7696K->512K(8192K)] 12198K->5014K(26112K), 0.0004300 secs] [Times: user=0.00 sys=0.00, real=0.00 secs] 
80.762: Total time for which application threads were stopped: 0.0005310 seconds, Stopping threads took: 0.0000450 seconds
80.801: Application time: 0.0392430 seconds
80.801: [GC [PSYoungGen: 7680K->496K(8192K)] 12182K->4998K(26112K), 0.0004690 secs] [Times: user=0.00 sys=0.00, real=0.00 secs] 
80.802: Total time for which application threads were stopped: 0.0016050 seconds, Stopping threads took: 0.0000440 seconds
80.843: Application time: 0.0402970 seconds
80.843: [GC [PSYoungGen: 7664K->464K(8192K)] 12166K->4966K(26112K), 0.0004440 secs] [Times: user=0.01 sys=0.00, real=0.00 secs] 
80.843: Total time for which application threads were stopped: 0.0005550 seconds, Stopping threads took: 0.0000510 seconds
80.882: Application time: 0.0392280 seconds
80.883: [GC [PSYoungGen: 7632K->480K(8192K)] 12134K->4982K(26112K), 0.0004320 secs] [Times: user=0.00 sys=0.00, real=0.00 secs] 
80.883: Total time for which application threads were stopped: 0.0005470 seconds, Stopping threads took: 0.0000480 seconds
80.922: Application time: 0.0391980 seconds
80.922: [GC [PSYoungGen: 7648K->496K(8192K)] 12150K->4998K(26112K), 0.0004180 secs] [Times: user=0.00 sys=0.00, real=0.00 secs] 
80.923: Total time for which application threads were stopped: 0.0005150 seconds, Stopping threads took: 0.0000410 seconds
80.962: Application time: 0.0392760 seconds
80.962: [GC [PSYoungGen: 7664K->368K(8192K)] 12166K->4966K(26112K), 0.0003940 secs] [Times: user=0.00 sys=0.00, real=0.00 secs] 
80.962: Total time for which application threads were stopped: 0.0004840 seconds, Stopping threads took: 0.0000350 seconds
81.003: Application time: 0.0405670 seconds
81.003: [GC [PSYoungGen: 7536K->416K(8192K)] 12134K->5014K(26112K), 0.0004510 secs] [Times: user=0.01 sys=0.00, real=0.00 secs] 
81.004: Total time for which application threads were stopped: 0.0005590 seconds, Stopping threads took: 0.0000500 seconds
81.043: Application time: 0.0392720 seconds
81.045: [GC [PSYoungGen: 7584K->368K(8192K)] 12182K->5014K(26112K), 0.0004000 secs] [Times: user=0.00 sys=0.00, real=0.00 secs] 
81.045: Total time for which application threads were stopped: 0.0022870 seconds, Stopping threads took: 0.0018340 seconds
81.085: Application time: 0.0393760 seconds
81.085: [GC [PSYoungGen: 7536K->320K(8192K)] 12182K->5102K(26112K), 0.0003940 secs] [Times: user=0.00 sys=0.00, real=0.00 secs] 
81.085: Total time for which application threads were stopped: 0.0004990 seconds, Stopping threads took: 0.0000460 seconds
81.124: Application time: 0.0393760 seconds
81.124: [GC [PSYoungGen: 7488K->256K(8192K)] 12270K->5134K(26112K), 0.0003790 secs] [Times: user=0.00 sys=0.00, real=0.00 secs] 
81.125: Total time for which application threads were stopped: 0.0004760 seconds, Stopping threads took: 0.0000400 seconds
81.163: Application time: 0.0378750 seconds
81.163: [GC [PSYoungGen: 7424K->272K(8192K)] 12302K->5150K(26112K), 0.0003780 secs] [Times: user=0.01 sys=0.00, real=0.00 secs] 
81.163: Total time for which application threads were stopped: 0.0004720 seconds, Stopping threads took: 0.0000390 seconds
81.203: Application time: 0.0392970 seconds
81.203: [GC [PSYoungGen: 7440K->288K(8192K)] 12318K->5166K(26112K), 0.0003630 secs] [Times: user=0.00 sys=0.00, real=0.00 secs] 
81.203: Total time for which application threads were stopped: 0.0004580 seconds, Stopping threads took: 0.0000380 seconds
81.241: Application time: 0.0384680 seconds
81.242: [GC [PSYoungGen: 7456K->304K(8192K)] 12334K->5182K(26112K), 0.0003610 secs] [Times: user=0.00 sys=0.00, real=0.00 secs] 
81.242: Total time for which application threads were stopped: 0.0004600 seconds, Stopping threads took: 0.0000430 seconds
81.279: Application time: 0.0375510 seconds
81.280: [GC [PSYoungGen: 7472K->480K(8192K)] 12350K->5358K(26112K), 0.0004110 secs] [Times: user=0.00 sys=0.00, real=0.00 secs] 
81.280: Total time for which application threads were stopped: 0.0005110 seconds, Stopping threads took: 0.0000440 seconds
81.319: Application time: 0.0387270 seconds
81.319: [GC [PSYoungGen: 7648K->512K(8192K)] 12526K->5390K(26112K), 0.0004140 secs] [Times: user=0.00 sys=0.00, real=0.00 secs] 
81.319: Total time for which application threads were stopped: 0.0005110 seconds, Stopping threads took: 0.0000430 seconds
81.359: Application time: 0.0393330 seconds
81.359: [GC [PSYoungGen: 7680K->544K(8192K)] 12558K->5422K(26112K), 0.0004100 secs] [Times: user=0.00 sys=0.00, real=0.00 secs] 
81.359: Total time for which application threads were stopped: 0.0005110 seconds, Stopping threads took: 0.0000480 seconds
81.399: Application time: 0.0395200 seconds
81.399: [GC [PSYoungGen: 7712K->512K(8192K)] 12590K->5390K(26112K), 0.0004020 secs] [Times: user=0.00 sys=0.00, real=0.00 secs] 
81.399: Total time for which application threads were stopped: 0.0005100 seconds, Stopping threads took: 0.0000420 seconds
81.439: Application time: 0.0394000 seconds
81.439: [GC [PSYoungGen: 7680K->512K(8192K)] 12558K->5390K(26112K), 0.0004150 secs] [Times: user=0.00 sys=0.00, real=0.00 secs] 
81.439: Total time for which application threads were stopped: 0.0005170 seconds, Stopping threads took: 0.0000460 seconds
81.478: Application time: 0.0391700 seconds
81.478: [GC [PSYoungGen: 7680K->512K(8192K)] 12558K->5390K(26112K), 0.0004130 secs] [Times: user=0.00 sys=0.00, real=0.00 secs] 
81.479: Total time for which application threads were stopped: 0.0005060 seconds, Stopping threads took: 0.0000380 seconds
81.518: Application time: 0.0392760 seconds
81.518: [GC [PSYoungGen: 7680K->496K(8192K)] 12558K->5374K(26112K), 0.0004220 secs] [Times: user=0.00 sys=0.00, real=0.00 secs] 
81.519: Total time for which application threads were stopped: 0.0005200 seconds, Stopping threads took: 0.0000440 seconds
81.558: Application time: 0.0391870 seconds
81.558: [GC [PSYoungGen: 7664K->496K(8192K)] 12542K->5374K(26112K), 0.0004000 secs] [Times: user=0.00 sys=0.00, real=0.00 secs] 
81.558: Total time for which application threads were stopped: 0.0005030 seconds, Stopping threads took: 0.0000520 seconds
81.597: Application time: 0.0392590 seconds
81.598: [GC [PSYoungGen: 7664K->496K(8192K)] 12542K->5374K(26112K), 0.0004020 secs] [Times: user=0.01 sys=0.00, real=0.00 secs] 
81.598: Total time for which application threads were stopped: 0.0004940 seconds, Stopping threads took: 0.0000410 seconds
81.637: Application time: 0.0392170 seconds
81.637: [GC [PSYoungGen: 7664K->496K(8192K)] 12542K->5374K(26112K), 0.0004470 secs] [Times: user=0.00 sys=0.00, real=0.00 secs] 
81.638: Total time for which application threads were stopped: 0.0005410 seconds, Stopping threads took: 0.0000410 seconds
81.678: Application time: 0.0401100 seconds
81.678: [GC [PSYoungGen: 7664K->480K(8192K)] 12542K->5358K(26112K), 0.0005310 secs] [Times: user=0.01 sys=0.00, real=0.00 secs] 
81.678: Total time for which application threads were stopped: 0.0006200 seconds, Stopping threads took: 0.0000360 seconds
81.718: Application time: 0.0395160 seconds
81.718: [GC [PSYoungGen: 7648K->512K(8192K)] 12526K->5390K(26112K), 0.0004740 secs] [Times: user=0.00 sys=0.00, real=0.00 secs] 
81.719: Total time for which application threads were stopped: 0.0005900 seconds, Stopping threads took: 0.0000500 seconds
81.758: Application time: 0.0392450 seconds
81.758: [GC [PSYoungGen: 7680K->432K(8192K)] 12558K->5390K(26112K), 0.0004520 secs] [Times: user=0.00 sys=0.00, real=0.00 secs] 
81.758: Total time for which application threads were stopped: 0.0005580 seconds, Stopping threads took: 0.0000480 seconds
81.798: Application time: 0.0401260 seconds
81.799: [GC [PSYoungGen: 7600K->432K(8192K)] 12558K->5390K(26112K), 0.0003980 secs] [Times: user=0.00 sys=0.00, real=0.00 secs] 
81.799: Total time for which application threads were stopped: 0.0004950 seconds, Stopping threads took: 0.0000420 seconds
81.838: Application time: 0.0392210 seconds
81.838: [GC [PSYoungGen: 7600K->368K(8192K)] 12558K->5406K(26112K), 0.0004370 secs] [Times: user=0.01 sys=0.00, real=0.00 secs] 
81.839: Total time for which application threads were stopped: 0.0005280 seconds, Stopping threads took: 0.0000390 seconds
81.878: Application time: 0.0392840 seconds
81.878: [GC [PSYoungGen: 7536K->256K(8192K)] 12574K->5407K(26112K), 0.0004650 secs] [Times: user=0.00 sys=0.00, real=0.00 secs] 
81.879: Total time for which application threads were stopped: 0.0005670 seconds, Stopping threads took: 0.0000460 seconds
81.918: Application time: 0.0390980 seconds
81.918: [GC [PSYoungGen: 7424K->256K(8192K)] 12575K->5471K(26112K), 0.0003770 secs] [Times: user=0.00 sys=0.00, real=0.00 secs] 
81.918: Total time for which application threads were stopped: 0.0004840 seconds, Stopping threads took: 0.0000450 seconds
81.956: Application time: 0.0379560 seconds
81.956: [GC [PSYoungGen: 7424K->288K(8192K)] 12639K->5503K(26112K), 0.0003450 secs] [Times: user=0.00 sys=0.00, real=0.00 secs] 
81.957: Total time for which application threads were stopped: 0.0004380 seconds, Stopping threads took: 0.0000410 seconds
81.996: Application time: 0.0395630 seconds
81.996: [GC [PSYoungGen: 7456K->320K(8192K)] 12671K->5535K(26112K), 0.0003650 secs] [Times: user=0.01 sys=0.00, real=0.00 secs] 
81.997: Total time for which application threads were stopped: 0.0004680 seconds, Stopping threads took: 0.0000510 seconds
82.034: Application time: 0.0378030 seconds
82.034: [GC [PSYoungGen: 7484K->384K(8192K)] 12699K->5599K(26112K), 0.0003920 secs] [Times: user=0.00 sys=0.00, real=0.00 secs] 
82.035: Total time for which application threads were stopped: 0.0004880 seconds, Stopping threads took: 0.0000400 seconds
82.074: Application time: 0.0386900 seconds
82.074: [GC [PSYoungGen: 7552K->464K(8192K)] 12767K->5679K(26112K), 0.0004240 secs] [Times: user=0.00 sys=0.00, real=0.00 secs] 
82.074: Total time for which application threads were stopped: 0.0005300 seconds, Stopping threads took: 0.0000490 seconds
82.113: Application time: 0.0389200 seconds
82.113: [GC [PSYoungGen: 7632K->544K(8192K)] 12847K->5759K(26112K), 0.0004260 secs] [Times: user=0.00 sys=0.00, real=0.00 secs] 
82.114: Total time for which application threads were stopped: 0.0005250 seconds, Stopping threads took: 0.0000420 seconds
82.153: Application time: 0.0393250 seconds
82.153: [GC [PSYoungGen: 7712K->528K(8192K)] 12927K->5743K(26112K), 0.0003990 secs] [Times: user=0.00 sys=0.00, real=0.00 secs] 
82.153: Total time for which application threads were stopped: 0.0004970 seconds, Stopping threads took: 0.0000370 seconds
82.193: Application time: 0.0393890 seconds
82.193: [GC [PSYoungGen: 7696K->464K(8192K)] 12911K->5679K(26112K), 0.0004120 secs] [Times: user=0.00 sys=0.00, real=0.00 secs] 
82.193: Total time for which application threads were stopped: 0.0005100 seconds, Stopping threads took: 0.0000440 seconds
82.233: Application time: 0.0392080 seconds
82.233: [GC [PSYoungGen: 7632K->448K(8192K)] 12847K->5663K(26112K), 0.0004090 secs] [Times: user=0.00 sys=0.00, real=0.00 secs] 
82.233: Total time for which application threads were stopped: 0.0005090 seconds, Stopping threads took: 0.0000400 seconds
82.272: Application time: 0.0392570 seconds
82.272: [GC [PSYoungGen: 7616K->528K(8192K)] 12831K->5743K(26112K), 0.0004060 secs] [Times: user=0.00 sys=0.00, real=0.00 secs] 
82.273: Total time for which application threads were stopped: 0.0004970 seconds, Stopping threads took: 0.0000400 seconds
82.312: Application time: 0.0393570 seconds
82.312: [GC [PSYoungGen: 7696K->480K(8192K)] 12911K->5695K(26112K), 0.0004110 secs] [Times: user=0.00 sys=0.00, real=0.00 secs] 
82.313: Total time for which application threads were stopped: 0.0005110 seconds, Stopping threads took: 0.0000460 seconds
82.353: Application time: 0.0401800 seconds
82.353: [GC [PSYoungGen: 7648K->512K(8192K)] 12863K->5727K(26112K), 0.0004790 secs] [Times: user=0.00 sys=0.00, real=0.00 secs] 
82.353: Total time for which application threads were stopped: 0.0005810 seconds, Stopping threads took: 0.0000420 seconds
82.393: Application time: 0.0392330 seconds
82.393: [GC [PSYoungGen: 7680K->528K(8192K)] 12895K->5743K(26112K), 0.0004080 secs] [Times: user=0.00 sys=0.00, real=0.00 secs] 
82.393: Total time for which application threads were stopped: 0.0005100 seconds, Stopping threads took: 0.0000500 seconds
82.432: Application time: 0.0391030 seconds
82.432: [GC [PSYoungGen: 7696K->496K(8192K)] 12911K->5711K(26112K), 0.0004600 secs] [Times: user=0.00 sys=0.00, real=0.00 secs] 
82.433: Total time for which application threads were stopped: 0.0005820 seconds, Stopping threads took: 0.0000550 seconds
82.472: Application time: 0.0389260 seconds
82.472: [GC [PSYoungGen: 7664K->496K(8192K)] 12879K->5711K(26112K), 0.0004040 secs] [Times: user=0.01 sys=0.00, real=0.00 secs] 
82.472: Total time for which application threads were stopped: 0.0005110 seconds, Stopping threads took: 0.0000490 seconds
82.513: Application time: 0.0403480 seconds
82.513: [GC [PSYoungGen: 7664K->480K(8192K)] 12879K->5743K(26112K), 0.0004510 secs] [Times: user=0.00 sys=0.00, real=0.00 secs] 
82.513: Total time for which application threads were stopped: 0.0005690 seconds, Stopping threads took: 0.0000640 seconds
82.553: Application time: 0.0394320 seconds
82.553: [GC [PSYoungGen: 7648K->432K(8192K)] 12911K->5751K(26112K), 0.0004460 secs] [Times: user=0.00 sys=0.00, real=0.00 secs] 
82.553: Total time for which application threads were stopped: 0.0005630 seconds, Stopping threads took: 0.0000580 seconds
82.593: Application time: 0.0393640 seconds
82.593: [GC [PSYoungGen: 7600K->416K(8192K)] 12919K->5735K(26112K), 0.0004610 secs] [Times: user=0.00 sys=0.00, real=0.00 secs] 
82.593: Total time for which application threads were stopped: 0.0005650 seconds, Stopping threads took: 0.0000460 seconds
82.632: Application time: 0.0393250 seconds
82.633: [GC [PSYoungGen: 7584K->320K(8192K)] 12903K->5755K(26112K), 0.0003990 secs] [Times: user=0.00 sys=0.00, real=0.00 secs] 
82.633: Total time for which application threads were stopped: 0.0004990 seconds, Stopping threads took: 0.0000450 seconds
82.672: Application time: 0.0392760 seconds
82.672: [GC [PSYoungGen: 7488K->272K(8192K)] 12923K->5803K(26112K), 0.0003840 secs] [Times: user=0.00 sys=0.00, real=0.00 secs] 
82.673: Total time for which application threads were stopped: 0.0004880 seconds, Stopping threads took: 0.0000480 seconds
82.712: Application time: 0.0389730 seconds
82.712: [GC [PSYoungGen: 7440K->288K(8192K)] 12971K->5875K(26112K), 0.0004010 secs] [Times: user=0.01 sys=0.00, real=0.00 secs] 
82.712: Total time for which application threads were stopped: 0.0005210 seconds, Stopping threads took: 0.0000540 seconds
82.751: Application time: 0.0388130 seconds
82.751: [GC [PSYoungGen: 7456K->272K(8192K)] 13043K->5859K(26112K), 0.0004010 secs] [Times: user=0.00 sys=0.00, real=0.00 secs] 
82.752: Total time for which application threads were stopped: 0.0005020 seconds, Stopping threads took: 0.0000450 seconds
82.793: Application time: 0.0413220 seconds
82.793: [GC [PSYoungGen: 7440K->352K(8192K)] 13027K->5939K(26112K), 0.0003900 secs] [Times: user=0.00 sys=0.00, real=0.00 secs] 
82.793: Total time for which application threads were stopped: 0.0005020 seconds, Stopping threads took: 0.0000480 seconds
82.831: Application time: 0.0378190 seconds
82.831: [GC [PSYoungGen: 7520K->384K(8192K)] 13107K->5971K(26112K), 0.0004030 secs] [Times: user=0.00 sys=0.00, real=0.00 secs] 
82.832: Total time for which application threads were stopped: 0.0005110 seconds, Stopping threads took: 0.0000500 seconds
82.870: Application time: 0.0379050 seconds
82.870: [GC [PSYoungGen: 7552K->544K(8192K)] 13139K->6131K(26112K), 0.0004610 secs] [Times: user=0.00 sys=0.00, real=0.00 secs] 
82.870: Total time for which application threads were stopped: 0.0005640 seconds, Stopping threads took: 0.0000430 seconds
82.910: Application time: 0.0394720 seconds
82.910: [GC [PSYoungGen: 7712K->512K(8192K)] 13299K->6099K(26112K), 0.0004910 secs] [Times: user=0.00 sys=0.00, real=0.00 secs] 
82.910: Total time for which application threads were stopped: 0.0005950 seconds, Stopping threads took: 0.0000500 seconds
82.949: Application time: 0.0391900 seconds
82.950: [GC [PSYoungGen: 7680K->512K(8192K)] 13267K->6099K(26112K), 0.0004280 secs] [Times: user=0.01 sys=0.00, real=0.00 secs] 
82.950: Total time for which application threads were stopped: 0.0005390 seconds, Stopping threads took: 0.0000430 seconds
82.989: Application time: 0.0394660 seconds
82.990: [GC [PSYoungGen: 7680K->512K(8192K)] 13267K->6099K(26112K), 0.0004200 secs] [Times: user=0.00 sys=0.00, real=0.00 secs] 
82.990: Total time for which application threads were stopped: 0.0005160 seconds, Stopping threads took: 0.0000430 seconds
83.030: Application time: 0.0400940 seconds
83.030: [GC [PSYoungGen: 7680K->480K(8192K)] 13267K->6067K(26112K), 0.0004180 secs] [Times: user=0.00 sys=0.00, real=0.00 secs] 
83.031: Total time for which application threads were stopped: 0.0005150 seconds, Stopping threads took: 0.0000450 seconds
83.070: Application time: 0.0396740 seconds
83.070: [GC [PSYoungGen: 7648K->496K(8192K)] 13235K->6083K(26112K), 0.0004130 secs] [Times: user=0.00 sys=0.00, real=0.00 secs] 
83.071: Total time for which application threads were stopped: 0.0005120 seconds, Stopping threads took: 0.0000480 seconds
83.110: Application time: 0.0393340 seconds
83.110: [GC [PSYoungGen: 7664K->496K(8192K)] 13251K->6083K(26112K), 0.0004240 secs] [Times: user=0.01 sys=0.00, real=0.00 secs] 
83.111: Total time for which application threads were stopped: 0.0005450 seconds, Stopping threads took: 0.0000630 seconds
83.150: Application time: 0.0392460 seconds
83.150: [GC [PSYoungGen: 7664K->496K(8192K)] 13251K->6083K(26112K), 0.0004200 secs] [Times: user=0.00 sys=0.00, real=0.00 secs] 
83.150: Total time for which application threads were stopped: 0.0005190 seconds, Stopping threads took: 0.0000460 seconds
83.190: Application time: 0.0391590 seconds
83.190: [GC [PSYoungGen: 7664K->480K(8192K)] 13251K->6067K(26112K), 0.0004390 secs] [Times: user=0.00 sys=0.00, real=0.00 secs] 
83.190: Total time for which application threads were stopped: 0.0005360 seconds, Stopping threads took: 0.0000410 seconds
83.229: Application time: 0.0390870 seconds
83.229: [GC [PSYoungGen: 7648K->480K(8192K)] 13235K->6067K(26112K), 0.0004040 secs] [Times: user=0.00 sys=0.00, real=0.00 secs] 
83.230: Total time for which application threads were stopped: 0.0004990 seconds, Stopping threads took: 0.0000390 seconds
83.269: Application time: 0.0390600 seconds
83.269: [GC [PSYoungGen: 7648K->528K(8192K)] 13235K->6115K(26112K), 0.0004790 secs] [Times: user=0.00 sys=0.00, real=0.00 secs] 
83.269: Total time for which application threads were stopped: 0.0005740 seconds, Stopping threads took: 0.0000440 seconds
83.309: Application time: 0.0392550 seconds
83.309: [GC [PSYoungGen: 7696K->432K(8192K)] 13283K->6075K(26112K), 0.0004740 secs] [Times: user=0.00 sys=0.00, real=0.01 secs] 
83.309: Total time for which application threads were stopped: 0.0005710 seconds, Stopping threads took: 0.0000410 seconds
83.349: Application time: 0.0394140 seconds
83.349: [GC [PSYoungGen: 7600K->464K(8192K)] 13243K->6163K(26112K), 0.0004520 secs] [Times: user=0.00 sys=0.00, real=0.01 secs] 
83.349: Total time for which application threads were stopped: 0.0005600 seconds, Stopping threads took: 0.0000460 seconds
83.389: Application time: 0.0395850 seconds
83.389: [GC [PSYoungGen: 7632K->352K(8192K)] 13331K->6107K(26112K), 0.0004010 secs] [Times: user=0.00 sys=0.00, real=0.00 secs] 
83.389: Total time for which application threads were stopped: 0.0005000 seconds, Stopping threads took: 0.0000430 seconds
83.429: Application time: 0.0395340 seconds
83.429: [GC [PSYoungGen: 7520K->352K(8192K)] 13275K->6231K(26112K), 0.0004430 secs] [Times: user=0.00 sys=0.00, real=0.00 secs] 
83.429: Total time for which application threads were stopped: 0.0005440 seconds, Stopping threads took: 0.0000470 seconds
83.469: Application time: 0.0392620 seconds
83.469: [GC [PSYoungGen: 7520K->240K(8192K)] 13399K->6207K(26112K), 0.0003970 secs] [Times: user=0.01 sys=0.00, real=0.01 secs] 
83.469: Total time for which application threads were stopped: 0.0005090 seconds, Stopping threads took: 0.0000470 seconds
83.508: Application time: 0.0389600 seconds
83.508: [GC [PSYoungGen: 7408K->272K(8192K)] 13375K->6239K(26112K), 0.0003670 secs] [Times: user=0.00 sys=0.00, real=0.00 secs] 
83.509: Total time for which application threads were stopped: 0.0004610 seconds, Stopping threads took: 0.0000390 seconds
83.547: Application time: 0.0386720 seconds
83.547: [GC [PSYoungGen: 7440K->320K(8192K)] 13407K->6287K(26112K), 0.0003810 secs] [Times: user=0.00 sys=0.00, real=0.00 secs] 
83.548: Total time for which application threads were stopped: 0.0004850 seconds, Stopping threads took: 0.0000430 seconds
83.587: Application time: 0.0397840 seconds
83.588: [GC [PSYoungGen: 7488K->336K(8192K)] 13455K->6303K(26112K), 0.0004140 secs] [Times: user=0.00 sys=0.00, real=0.00 secs] 
83.588: Total time for which application threads were stopped: 0.0005100 seconds, Stopping threads took: 0.0000410 seconds
83.626: Application time: 0.0380430 seconds
83.629: [GC [PSYoungGen: 7504K->352K(8192K)] 13471K->6319K(26112K), 0.0006000 secs] [Times: user=0.00 sys=0.00, real=0.00 secs] 
83.629: Total time for which application threads were stopped: 0.0033910 seconds, Stopping threads took: 0.0027010 seconds
83.671: Application time: 0.0415620 seconds
83.671: [GC [PSYoungGen: 7520K->480K(8192K)] 13487K->6447K(26112K), 0.0004510 secs] [Times: user=0.00 sys=0.00, real=0.00 secs] 
83.672: Total time for which application threads were stopped: 0.0005800 seconds, Stopping threads took: 0.0000600 seconds
83.711: Application time: 0.0394790 seconds
83.711: [GC [PSYoungGen: 7648K->512K(8192K)] 13615K->6479K(26112K), 0.0004640 secs] [Times: user=0.00 sys=0.00, real=0.00 secs] 
83.712: Total time for which application threads were stopped: 0.0005790 seconds, Stopping threads took: 0.0000490 seconds
83.751: Application time: 0.0391870 seconds
83.751: [GC [PSYoungGen: 7680K->496K(8192K)] 13647K->6463K(26112K), 0.0004160 secs] [Times: user=0.00 sys=0.00, real=0.00 secs] 
83.751: Total time for which application threads were stopped: 0.0005110 seconds, Stopping threads took: 0.0000390 seconds
83.791: Application time: 0.0392630 seconds
83.791: [GC [PSYoungGen: 7664K->496K(8192K)] 13631K->6463K(26112K), 0.0003920 secs] [Times: user=0.00 sys=0.00, real=0.00 secs] 
83.791: Total time for which application threads were stopped: 0.0004890 seconds, Stopping threads took: 0.0000460 seconds
83.830: Application time: 0.0394330 seconds
83.831: [GC [PSYoungGen: 7664K->496K(8192K)] 13631K->6463K(26112K), 0.0004080 secs] [Times: user=0.00 sys=0.00, real=0.00 secs] 
83.831: Total time for which application threads were stopped: 0.0005000 seconds, Stopping threads took: 0.0000380 seconds
83.871: Application time: 0.0404650 seconds
83.872: [GC [PSYoungGen: 7664K->528K(8192K)] 13631K->6495K(26112K), 0.0004430 secs] [Times: user=0.00 sys=0.00, real=0.00 secs] 
83.872: Total time for which application threads were stopped: 0.0005500 seconds, Stopping threads took: 0.0000440 seconds
83.912: Application time: 0.0395360 seconds
83.912: [GC [PSYoungGen: 7696K->480K(8192K)] 13663K->6447K(26112K), 0.0004820 secs] [Times: user=0.00 sys=0.00, real=0.00 secs] 
83.912: Total time for which application threads were stopped: 0.0005830 seconds, Stopping threads took: 0.0000420 seconds
83.951: Application time: 0.0392070 seconds
83.951: [GC [PSYoungGen: 7648K->512K(8192K)] 13615K->6479K(26112K), 0.0004210 secs] [Times: user=0.00 sys=0.00, real=0.00 secs] 
83.952: Total time for which application threads were stopped: 0.0005270 seconds, Stopping threads took: 0.0000520 seconds
83.991: Application time: 0.0394800 seconds
83.993: [GC [PSYoungGen: 7680K->544K(8192K)] 13647K->6511K(26112K), 0.0005110 secs] [Times: user=0.00 sys=0.00, real=0.00 secs] 
83.993: Total time for which application threads were stopped: 0.0019730 seconds, Stopping threads took: 0.0013880 seconds
84.033: Application time: 0.0397130 seconds
84.033: [GC [PSYoungGen: 7712K->496K(8192K)] 13679K->6463K(26112K), 0.0004100 secs] [Times: user=0.00 sys=0.00, real=0.00 secs] 
84.034: Total time for which application threads were stopped: 0.0005150 seconds, Stopping threads took: 0.0000490 seconds
84.073: Application time: 0.0390940 seconds
84.073: [GC [PSYoungGen: 7664K->496K(8192K)] 13631K->6463K(26112K), 0.0004390 secs] [Times: user=0.01 sys=0.00, real=0.00 secs] 
84.073: Total time for which application threads were stopped: 0.0005330 seconds, Stopping threads took: 0.0000410 seconds
84.112: Application time: 0.0390100 seconds
84.112: [GC [PSYoungGen: 7664K->464K(8192K)] 13631K->6479K(26112K), 0.0004160 secs] [Times: user=0.00 sys=0.00, real=0.00 secs] 
84.113: Total time for which application threads were stopped: 0.0005090 seconds, Stopping threads took: 0.0000380 seconds
84.152: Application time: 0.0391140 seconds
84.152: [GC [PSYoungGen: 7632K->400K(8192K)] 13647K->6447K(26112K), 0.0004400 secs] [Times: user=0.00 sys=0.00, real=0.00 secs] 
84.152: Total time for which application threads were stopped: 0.0005330 seconds, Stopping threads took: 0.0000420 seconds
84.192: Application time: 0.0392590 seconds
84.192: [GC [PSYoungGen: 7568K->384K(8192K)] 13615K->6479K(26112K), 0.0004180 secs] [Times: user=0.00 sys=0.00, real=0.00 secs] 
84.192: Total time for which application threads were stopped: 0.0005210 seconds, Stopping threads took: 0.0000490 seconds
84.231: Application time: 0.0391570 seconds
84.231: [GC [PSYoungGen: 7552K->320K(8192K)] 13647K->6535K(26112K), 0.0003940 secs] [Times: user=0.00 sys=0.00, real=0.00 secs] 
84.232: Total time for which application threads were stopped: 0.0004910 seconds, Stopping threads took: 0.0000460 seconds
84.271: Application time: 0.0392370 seconds
84.271: [GC [PSYoungGen: 7488K->256K(8192K)] 13703K->6559K(26112K), 0.0004110 secs] [Times: user=0.00 sys=0.00, real=0.00 secs] 
84.272: Total time for which application threads were stopped: 0.0005010 seconds, Stopping threads took: 0.0000400 seconds
84.310: Application time: 0.0387090 seconds
84.310: [GC [PSYoungGen: 7424K->256K(8192K)] 13727K->6559K(26112K), 0.0004340 secs] [Times: user=0.00 sys=0.00, real=0.00 secs] 
84.311: Total time for which application threads were stopped: 0.0005370 seconds, Stopping threads took: 0.0000490 seconds
84.350: Application time: 0.0391940 seconds
84.350: [GC [PSYoungGen: 7424K->304K(8192K)] 13727K->6607K(26112K), 0.0004270 secs] [Times: user=0.00 sys=0.00, real=0.00 secs] 
84.351: Total time for which application threads were stopped: 0.0005240 seconds, Stopping threads took: 0.0000440 seconds
84.389: Application time: 0.0380150 seconds
84.389: [GC [PSYoungGen: 7472K->368K(8192K)] 13775K->6671K(26112K), 0.0004150 secs] [Times: user=0.00 sys=0.00, real=0.01 secs] 
84.389: Total time for which application threads were stopped: 0.0005140 seconds, Stopping threads took: 0.0000440 seconds
84.427: Application time: 0.0376790 seconds
84.427: [GC [PSYoungGen: 7536K->448K(8192K)] 13839K->6751K(26112K), 0.0004140 secs] [Times: user=0.00 sys=0.00, real=0.00 secs] 
84.427: Total time for which application threads were stopped: 0.0005160 seconds, Stopping threads took: 0.0000500 seconds
84.466: Application time: 0.0390510 seconds
84.466: [GC [PSYoungGen: 7616K->496K(8192K)] 13919K->6799K(26112K), 0.0005050 secs] [Times: user=0.00 sys=0.00, real=0.00 secs] 
84.467: Total time for which application threads were stopped: 0.0006030 seconds, Stopping threads took: 0.0000460 seconds
84.506: Application time: 0.0394760 seconds
84.506: [GC [PSYoungGen: 7664K->512K(8192K)] 13967K->6815K(26112K), 0.0004980 secs] [Times: user=0.01 sys=0.00, real=0.00 secs] 
84.507: Total time for which application threads were stopped: 0.0005990 seconds, Stopping threads took: 0.0000360 seconds
84.546: Application time: 0.0392480 seconds
84.546: [GC [PSYoungGen: 7680K->512K(8192K)] 13983K->6815K(26112K), 0.0004110 secs] [Times: user=0.00 sys=0.00, real=0.00 secs] 
84.547: Total time for which application threads were stopped: 0.0005170 seconds, Stopping threads took: 0.0000520 seconds
84.586: Application time: 0.0393560 seconds
84.586: [GC [PSYoungGen: 7680K->528K(8192K)] 13983K->6831K(26112K), 0.0004130 secs] [Times: user=0.00 sys=0.00, real=0.00 secs] 
84.587: Total time for which application threads were stopped: 0.0005150 seconds, Stopping threads took: 0.0000460 seconds
84.626: Application time: 0.0398440 seconds
84.627: [GC [PSYoungGen: 7696K->544K(8192K)] 13999K->6847K(26112K), 0.0004170 secs] [Times: user=0.00 sys=0.00, real=0.00 secs] 
84.627: Total time for which application threads were stopped: 0.0005100 seconds, Stopping threads took: 0.0000380 seconds
84.666: Application time: 0.0393180 seconds
84.666: [GC [PSYoungGen: 7712K->496K(8192K)] 14015K->6799K(26112K), 0.0004060 secs] [Times: user=0.01 sys=0.00, real=0.00 secs] 
84.667: Total time for which application threads were stopped: 0.0005020 seconds, Stopping threads took: 0.0000430 seconds
84.706: Application time: 0.0393550 seconds
84.707: [GC [PSYoungGen: 7664K->480K(8192K)] 13967K->6783K(26112K), 0.0005010 secs] [Times: user=0.00 sys=0.00, real=0.00 secs] 
84.707: Total time for which application threads were stopped: 0.0010950 seconds, Stopping threads took: 0.0005200 seconds
84.746: Application time: 0.0392400 seconds
84.747: [GC [PSYoungGen: 7648K->512K(8192K)] 13951K->6815K(26112K), 0.0004300 secs] [Times: user=0.00 sys=0.00, real=0.00 secs] 
84.747: Total time for which application threads were stopped: 0.0005370 seconds, Stopping threads took: 0.0000490 seconds
84.786: Application time: 0.0392560 seconds
84.786: [GC [PSYoungGen: 7680K->496K(8192K)] 13983K->6799K(26112K), 0.0004680 secs] [Times: user=0.00 sys=0.00, real=0.00 secs] 
84.787: Total time for which application threads were stopped: 0.0005670 seconds, Stopping threads took: 0.0000460 seconds
84.826: Application time: 0.0391800 seconds
84.826: [GC [PSYoungGen: 7664K->464K(8192K)] 13967K->6767K(26112K), 0.0004310 secs] [Times: user=0.00 sys=0.00, real=0.00 secs] 
84.827: Total time for which application threads were stopped: 0.0005310 seconds, Stopping threads took: 0.0000460 seconds
84.866: Application time: 0.0391500 seconds
84.866: [GC [PSYoungGen: 7632K->480K(8192K)] 13935K->6783K(26112K), 0.0004180 secs] [Times: user=0.00 sys=0.00, real=0.00 secs] 
84.866: Total time for which application threads were stopped: 0.0005120 seconds, Stopping threads took: 0.0000410 seconds
84.906: Application time: 0.0393680 seconds
84.906: [GC [PSYoungGen: 7648K->432K(8192K)] 13951K->6776K(26112K), 0.0004090 secs] [Times: user=0.00 sys=0.00, real=0.00 secs] 
84.906: Total time for which application threads were stopped: 0.0005010 seconds, Stopping threads took: 0.0000400 seconds
84.945: Application time: 0.0392640 seconds
84.945: [GC [PSYoungGen: 7600K->384K(8192K)] 13944K->6775K(26112K), 0.0004430 secs] [Times: user=0.00 sys=0.00, real=0.00 secs] 
84.946: Total time for which application threads were stopped: 0.0005400 seconds, Stopping threads took: 0.0000430 seconds
84.986: Application time: 0.0399290 seconds
84.986: [GC [PSYoungGen: 7552K->336K(8192K)] 13943K->6824K(26112K), 0.0004100 secs] [Times: user=0.01 sys=0.00, real=0.00 secs] 
84.986: Total time for which application threads were stopped: 0.0005080 seconds, Stopping threads took: 0.0000450 seconds
85.026: Application time: 0.0391890 seconds
85.026: [GC [PSYoungGen: 7504K->272K(8192K)] 13992K->6888K(26112K), 0.0004130 secs] [Times: user=0.00 sys=0.00, real=0.00 secs] 
85.026: Total time for which application threads were stopped: 0.0005240 seconds, Stopping threads took: 0.0000480 seconds
85.065: Application time: 0.0388000 seconds
85.065: [GC [PSYoungGen: 7440K->272K(8192K)] 14056K->6952K(26112K), 0.0003700 secs] [Times: user=0.00 sys=0.00, real=0.00 secs] 
85.065: Total time for which application threads were stopped: 0.0004670 seconds, Stopping threads took: 0.0000410 seconds
85.104: Application time: 0.0387020 seconds
85.104: [GC [PSYoungGen: 7440K->288K(8192K)] 14120K->6968K(26112K), 0.0003670 secs] [Times: user=0.00 sys=0.00, real=0.00 secs] 
85.104: Total time for which application threads were stopped: 0.0004650 seconds, Stopping threads took: 0.0000460 seconds
85.143: Application time: 0.0388690 seconds
85.143: [GC [PSYoungGen: 7456K->352K(8192K)] 14136K->7032K(26112K), 0.0003890 secs] [Times: user=0.00 sys=0.00, real=0.00 secs] 
85.144: Total time for which application threads were stopped: 0.0004880 seconds, Stopping threads took: 0.0000430 seconds
85.183: Application time: 0.0389190 seconds
85.183: [GC [PSYoungGen: 7520K->320K(8192K)] 14200K->7000K(26112K), 0.0004190 secs] [Times: user=0.00 sys=0.00, real=0.00 secs] 
85.183: Total time for which application threads were stopped: 0.0005150 seconds, Stopping threads took: 0.0000400 seconds
85.221: Application time: 0.0377700 seconds
85.221: [GC [PSYoungGen: 7488K->448K(8192K)] 14168K->7128K(26112K), 0.0004430 secs] [Times: user=0.00 sys=0.00, real=0.00 secs] 
85.222: Total time for which application threads were stopped: 0.0005410 seconds, Stopping threads took: 0.0000450 seconds
85.260: Application time: 0.0385940 seconds
85.260: [GC [PSYoungGen: 7616K->528K(8192K)] 14296K->7208K(26112K), 0.0004130 secs] [Times: user=0.00 sys=0.00, real=0.00 secs] 
85.261: Total time for which application threads were stopped: 0.0005080 seconds, Stopping threads took: 0.0000430 seconds
85.300: Application time: 0.0392650 seconds
85.300: [GC [PSYoungGen: 7696K->496K(8192K)] 14376K->7176K(26112K), 0.0004160 secs] [Times: user=0.00 sys=0.00, real=0.00 secs] 
85.300: Total time for which application threads were stopped: 0.0005060 seconds, Stopping threads took: 0.0000380 seconds
85.340: Application time: 0.0394910 seconds
85.340: [GC [PSYoungGen: 7664K->512K(8192K)] 14344K->7192K(26112K), 0.0004150 secs] [Times: user=0.01 sys=0.00, real=0.00 secs] 
85.341: Total time for which application threads were stopped: 0.0005200 seconds, Stopping threads took: 0.0000520 seconds
85.381: Application time: 0.0405350 seconds
85.381: [GC [PSYoungGen: 7680K->512K(8192K)] 14360K->7192K(26112K), 0.0004310 secs] [Times: user=0.00 sys=0.00, real=0.00 secs] 
85.382: Total time for which application threads were stopped: 0.0005400 seconds, Stopping threads took: 0.0000530 seconds
85.421: Application time: 0.0395190 seconds
85.421: [GC [PSYoungGen: 7680K->528K(8192K)] 14360K->7208K(26112K), 0.0004800 secs] [Times: user=0.00 sys=0.00, real=0.00 secs] 
85.422: Total time for which application threads were stopped: 0.0005830 seconds, Stopping threads took: 0.0000510 seconds
85.461: Application time: 0.0392890 seconds
85.461: [GC [PSYoungGen: 7696K->528K(8192K)] 14376K->7208K(26112K), 0.0004260 secs] [Times: user=0.00 sys=0.00, real=0.00 secs] 
85.461: Total time for which application threads were stopped: 0.0005230 seconds, Stopping threads took: 0.0000440 seconds
85.501: Application time: 0.0396700 seconds
85.501: [GC [PSYoungGen: 7696K->496K(8192K)] 14376K->7176K(26112K), 0.0005090 secs] [Times: user=0.01 sys=0.00, real=0.00 secs] 
85.502: Total time for which application threads were stopped: 0.0006290 seconds, Stopping threads took: 0.0000610 seconds
85.542: Application time: 0.0399720 seconds
85.542: [GC [PSYoungGen: 7664K->480K(8192K)] 14344K->7160K(26112K), 0.0004290 secs] [Times: user=0.00 sys=0.00, real=0.00 secs] 
85.542: Total time for which application threads were stopped: 0.0005590 seconds, Stopping threads took: 0.0000510 seconds
85.582: Application time: 0.0395990 seconds
85.582: [GC [PSYoungGen: 7648K->480K(8192K)] 14328K->7160K(26112K), 0.0004010 secs] [Times: user=0.00 sys=0.00, real=0.00 secs] 
85.582: Total time for which application threads were stopped: 0.0004930 seconds, Stopping threads took: 0.0000380 seconds
85.621: Application time: 0.0387280 seconds
85.621: [GC [PSYoungGen: 7648K->528K(8192K)] 14328K->7208K(26112K), 0.0004290 secs] [Times: user=0.00 sys=0.00, real=0.00 secs] 
85.622: Total time for which application threads were stopped: 0.0005220 seconds, Stopping threads took: 0.0000380 seconds
85.661: Application time: 0.0396540 seconds
85.661: [GC [PSYoungGen: 7696K->448K(8192K)] 14376K->7176K(26112K), 0.0004120 secs] [Times: user=0.00 sys=0.00, real=0.00 secs] 
85.662: Total time for which application threads were stopped: 0.0005110 seconds, Stopping threads took: 0.0000450 seconds
85.701: Application time: 0.0392390 seconds
85.701: [GC [PSYoungGen: 7616K->432K(8192K)] 14344K->7216K(26112K), 0.0004050 secs] [Times: user=0.00 sys=0.00, real=0.00 secs] 
85.702: Total time for which application threads were stopped: 0.0004980 seconds, Stopping threads took: 0.0000390 seconds
85.741: Application time: 0.0393040 seconds
85.741: [GC [PSYoungGen: 7600K->400K(8192K)] 14384K->7240K(26112K), 0.0004560 secs] [Times: user=0.01 sys=0.00, real=0.00 secs] 
85.741: Total time for which application threads were stopped: 0.0005800 seconds, Stopping threads took: 0.0000570 seconds
85.781: Application time: 0.0397410 seconds
85.781: [GC [PSYoungGen: 7568K->352K(8192K)] 14408K->7256K(26112K), 0.0003970 secs] [Times: user=0.00 sys=0.00, real=0.00 secs] 
85.782: Total time for which application threads were stopped: 0.0005210 seconds, Stopping threads took: 0.0000660 seconds
85.821: Application time: 0.0393880 seconds
85.821: [GC [PSYoungGen: 7520K->272K(8192K)] 14424K->7300K(26112K), 0.0004360 secs] [Times: user=0.00 sys=0.00, real=0.00 secs] 
85.823: Total time for which application threads were stopped: 0.0017270 seconds, Stopping threads took: 0.0000510 seconds
85.862: Application time: 0.0388120 seconds
85.862: [GC [PSYoungGen: 7440K->272K(8192K)] 14468K->7356K(26112K), 0.0003820 secs] [Times: user=0.01 sys=0.00, real=0.00 secs] 
85.862: Total time for which application threads were stopped: 0.0004870 seconds, Stopping threads took: 0.0000470 seconds
85.902: Application time: 0.0395140 seconds
85.902: [GC [PSYoungGen: 7438K->272K(8192K)] 14522K->7356K(26112K), 0.0003960 secs] [Times: user=0.00 sys=0.00, real=0.00 secs] 
85.902: Total time for which application threads were stopped: 0.0004980 seconds, Stopping threads took: 0.0000460 seconds
85.940: Application time: 0.0380460 seconds
85.940: [GC [PSYoungGen: 7440K->336K(8192K)] 14524K->7420K(26112K), 0.0003740 secs] [Times: user=0.00 sys=0.00, real=0.00 secs] 
85.941: Total time for which application threads were stopped: 0.0004740 seconds, Stopping threads took: 0.0000400 seconds
85.980: Application time: 0.0390420 seconds
85.980: [GC [PSYoungGen: 7504K->352K(8192K)] 14588K->7436K(26112K), 0.0003900 secs] [Times: user=0.00 sys=0.00, real=0.00 secs] 
85.980: Total time for which application threads were stopped: 0.0004930 seconds, Stopping threads took: 0.0000450 seconds
86.017: Application time: 0.0371320 seconds
86.017: [GC [PSYoungGen: 7520K->496K(8192K)] 14604K->7580K(26112K), 0.0004200 secs] [Times: user=0.00 sys=0.00, real=0.00 secs] 
86.018: Total time for which application threads were stopped: 0.0005230 seconds, Stopping threads took: 0.0000450 seconds
86.057: Application time: 0.0392430 seconds
86.057: [GC [PSYoungGen: 7664K->512K(8192K)] 14748K->7596K(26112K), 0.0004220 secs] [Times: user=0.01 sys=0.00, real=0.00 secs] 
86.058: Total time for which application threads were stopped: 0.0005360 seconds, Stopping threads took: 0.0000470 seconds
86.097: Application time: 0.0392950 seconds
86.097: [GC [PSYoungGen: 7680K->512K(8192K)] 14764K->7596K(26112K), 0.0004260 secs] [Times: user=0.01 sys=0.00, real=0.00 secs] 
86.098: Total time for which application threads were stopped: 0.0005340 seconds, Stopping threads took: 0.0000390 seconds
86.137: Application time: 0.0392330 seconds
86.137: [GC [PSYoungGen: 7680K->480K(8192K)] 14764K->7564K(26112K), 0.0004630 secs] [Times: user=0.00 sys=0.00, real=0.00 secs] 
86.137: Total time for which application threads were stopped: 0.0005590 seconds, Stopping threads took: 0.0000420 seconds
86.177: Application time: 0.0395520 seconds
86.177: [GC [PSYoungGen: 7648K->512K(8192K)] 14732K->7596K(26112K), 0.0004650 secs] [Times: user=0.01 sys=0.00, real=0.00 secs] 
86.177: Total time for which application threads were stopped: 0.0005570 seconds, Stopping threads took: 0.0000380 seconds
86.217: Application time: 0.0395110 seconds
86.217: [GC [PSYoungGen: 7680K->512K(8192K)] 14764K->7596K(26112K), 0.0004200 secs] [Times: user=0.00 sys=0.00, real=0.00 secs] 
86.217: Total time for which application threads were stopped: 0.0005140 seconds, Stopping threads took: 0.0000420 seconds
86.257: Application time: 0.0392250 seconds
86.257: [GC [PSYoungGen: 7680K->528K(8192K)] 14764K->7612K(26112K), 0.0004570 secs] [Times: user=0.00 sys=0.00, real=0.00 secs] 
86.257: Total time for which application threads were stopped: 0.0005560 seconds, Stopping threads took: 0.0000460 seconds
86.297: Application time: 0.0393210 seconds
86.297: [GC [PSYoungGen: 7696K->512K(8192K)] 14780K->7596K(26112K), 0.0004280 secs] [Times: user=0.00 sys=0.00, real=0.01 secs] 
86.297: Total time for which application threads were stopped: 0.0005230 seconds, Stopping threads took: 0.0000410 seconds
86.336: Application time: 0.0390700 seconds
86.336: [GC [PSYoungGen: 7680K->544K(8192K)] 14764K->7628K(26112K), 0.0004210 secs] [Times: user=0.00 sys=0.00, real=0.00 secs] 
86.337: Total time for which application threads were stopped: 0.0005160 seconds, Stopping threads took: 0.0000390 seconds
86.376: Application time: 0.0388930 seconds
86.376: [GC [PSYoungGen: 7712K->528K(8192K)] 14796K->7612K(26112K), 0.0004160 secs] [Times: user=0.00 sys=0.00, real=0.00 secs] 
86.376: Total time for which application threads were stopped: 0.0005180 seconds, Stopping threads took: 0.0000480 seconds
86.415: Application time: 0.0393090 seconds
86.415: [GC [PSYoungGen: 7696K->512K(8192K)] 14780K->7596K(26112K), 0.0004360 secs] [Times: user=0.00 sys=0.00, real=0.00 secs] 
86.416: Total time for which application threads were stopped: 0.0005260 seconds, Stopping threads took: 0.0000400 seconds
86.455: Application time: 0.0395040 seconds
86.455: [GC [PSYoungGen: 7680K->512K(8192K)] 14764K->7636K(26112K), 0.0004340 secs] [Times: user=0.00 sys=0.00, real=0.00 secs] 
86.456: Total time for which application threads were stopped: 0.0005270 seconds, Stopping threads took: 0.0000390 seconds
86.495: Application time: 0.0392270 seconds
86.495: [GC [PSYoungGen: 7680K->464K(8192K)] 14804K->7596K(26112K), 0.0004680 secs] [Times: user=0.00 sys=0.00, real=0.00 secs] 
86.496: Total time for which application threads were stopped: 0.0005820 seconds, Stopping threads took: 0.0000600 seconds
86.535: Application time: 0.0393140 seconds
86.535: [GC [PSYoungGen: 7632K->352K(8192K)] 14764K->7564K(26112K), 0.0004090 secs] [Times: user=0.01 sys=0.00, real=0.00 secs] 
86.536: Total time for which application threads were stopped: 0.0005030 seconds, Stopping threads took: 0.0000380 seconds
86.575: Application time: 0.0397260 seconds
86.575: [GC [PSYoungGen: 7520K->320K(8192K)] 14732K->7588K(26112K), 0.0004230 secs] [Times: user=0.00 sys=0.00, real=0.00 secs] 
86.576: Total time for which application threads were stopped: 0.0005400 seconds, Stopping threads took: 0.0000540 seconds
86.615: Application time: 0.0392860 seconds
86.615: [GC [PSYoungGen: 7488K->256K(8192K)] 14756K->7684K(26112K), 0.0004380 secs] [Times: user=0.01 sys=0.00, real=0.00 secs] 
86.616: Total time for which application threads were stopped: 0.0005540 seconds, Stopping threads took: 0.0000580 seconds
86.655: Application time: 0.0389630 seconds
86.655: [GC [PSYoungGen: 7424K->272K(8192K)] 14852K->7700K(26112K), 0.0003620 secs] [Times: user=0.00 sys=0.00, real=0.00 secs] 
86.655: Total time for which application threads were stopped: 0.0004670 seconds, Stopping threads took: 0.0000420 seconds
86.694: Application time: 0.0388170 seconds
86.694: [GC [PSYoungGen: 7440K->288K(8192K)] 14868K->7716K(26112K), 0.0003710 secs] [Times: user=0.00 sys=0.00, real=0.00 secs] 
86.694: Total time for which application threads were stopped: 0.0004700 seconds, Stopping threads took: 0.0000470 seconds
86.733: Application time: 0.0389630 seconds
86.733: [GC [PSYoungGen: 7456K->320K(8192K)] 14884K->7748K(26112K), 0.0004070 secs] [Times: user=0.00 sys=0.00, real=0.00 secs] 
86.734: Total time for which application threads were stopped: 0.0005260 seconds, Stopping threads took: 0.0000550 seconds
86.772: Application time: 0.0383090 seconds
86.772: [GC [PSYoungGen: 7488K->384K(8192K)] 14916K->7812K(26112K), 0.0003840 secs] [Times: user=0.00 sys=0.00, real=0.00 secs] 
86.773: Total time for which application threads were stopped: 0.0005150 seconds, Stopping threads took: 0.0000760 seconds
86.811: Application time: 0.0378250 seconds
86.811: [GC [PSYoungGen: 7552K->512K(8192K)] 14980K->7940K(26112K), 0.0004450 secs] [Times: user=0.00 sys=0.00, real=0.00 secs] 
86.811: Total time for which application threads were stopped: 0.0005430 seconds, Stopping threads took: 0.0000440 seconds
86.850: Application time: 0.0392130 seconds
86.850: [GC [PSYoungGen: 7680K->512K(8192K)] 15108K->7940K(26112K), 0.0004030 secs] [Times: user=0.00 sys=0.00, real=0.00 secs] 
86.851: Total time for which application threads were stopped: 0.0004930 seconds, Stopping threads took: 0.0000380 seconds
86.891: Application time: 0.0404460 seconds
86.891: [GC [PSYoungGen: 7680K->464K(8192K)] 15108K->7892K(26112K), 0.0004410 secs] [Times: user=0.00 sys=0.00, real=0.00 secs] 
86.892: Total time for which application threads were stopped: 0.0005570 seconds, Stopping threads took: 0.0000560 seconds
86.931: Application time: 0.0393350 seconds
86.931: [GC [PSYoungGen: 7632K->512K(8192K)] 15060K->7940K(26112K), 0.0004270 secs] [Times: user=0.00 sys=0.00, real=0.00 secs] 
86.932: Total time for which application threads were stopped: 0.0005220 seconds, Stopping threads took: 0.0000360 seconds
86.971: Application time: 0.0392560 seconds
86.971: [GC [PSYoungGen: 7680K->464K(8192K)] 15108K->7892K(26112K), 0.0004240 secs] [Times: user=0.00 sys=0.00, real=0.00 secs] 
86.971: Total time for which application threads were stopped: 0.0005120 seconds, Stopping threads took: 0.0000330 seconds
87.011: Application time: 0.0398930 seconds
87.013: [GC [PSYoungGen: 7632K->560K(8192K)] 15060K->7988K(26112K), 0.0005150 secs] [Times: user=0.00 sys=0.00, real=0.00 secs] 
87.013: Total time for which application threads were stopped: 0.0019530 seconds, Stopping threads took: 0.0013800 seconds
87.053: Application time: 0.0395040 seconds
87.053: [GC [PSYoungGen: 7728K->448K(8192K)] 15156K->7876K(26112K), 0.0004380 secs] [Times: user=0.01 sys=0.00, real=0.00 secs] 
87.053: Total time for which application threads were stopped: 0.0005670 seconds, Stopping threads took: 0.0000720 seconds
87.093: Application time: 0.0398270 seconds
87.093: [GC [PSYoungGen: 7616K->480K(8192K)] 15044K->7908K(26112K), 0.0004260 secs] [Times: user=0.00 sys=0.00, real=0.00 secs] 
87.094: Total time for which application threads were stopped: 0.0005380 seconds, Stopping threads took: 0.0000460 seconds
87.133: Application time: 0.0391770 seconds
87.133: [GC [PSYoungGen: 7648K->544K(8192K)] 15076K->7972K(26112K), 0.0004330 secs] [Times: user=0.00 sys=0.00, real=0.00 secs] 
87.133: Total time for which application threads were stopped: 0.0005280 seconds, Stopping threads took: 0.0000410 seconds
87.172: Application time: 0.0388660 seconds
87.172: [GC [PSYoungGen: 7712K->512K(8192K)] 15140K->7940K(26112K), 0.0004630 secs] [Times: user=0.00 sys=0.00, real=0.00 secs] 
87.173: Total time for which application threads were stopped: 0.0005600 seconds, Stopping threads took: 0.0000420 seconds
87.212: Application time: 0.0388990 seconds
87.212: [GC [PSYoungGen: 7680K->528K(8192K)] 15108K->7956K(26112K), 0.0004350 secs] [Times: user=0.00 sys=0.00, real=0.00 secs] 
87.212: Total time for which application threads were stopped: 0.0005330 seconds, Stopping threads took: 0.0000430 seconds
87.252: Application time: 0.0393630 seconds
87.252: [GC [PSYoungGen: 7696K->480K(8192K)] 15124K->7964K(26112K), 0.0004590 secs] [Times: user=0.00 sys=0.00, real=0.00 secs] 
87.252: Total time for which application threads were stopped: 0.0005590 seconds, Stopping threads took: 0.0000430 seconds
87.292: Application time: 0.0394920 seconds
87.292: [GC [PSYoungGen: 7648K->448K(8192K)] 15132K->7980K(26112K), 0.0004070 secs] [Times: user=0.00 sys=0.00, real=0.00 secs] 
87.292: Total time for which application threads were stopped: 0.0005050 seconds, Stopping threads took: 0.0000430 seconds
87.332: Application time: 0.0393000 seconds
87.332: [GC [PSYoungGen: 7616K->400K(8192K)] 15148K->7980K(26112K), 0.0004390 secs] [Times: user=0.00 sys=0.00, real=0.00 secs] 
87.332: Total time for which application threads were stopped: 0.0005330 seconds, Stopping threads took: 0.0000400 seconds
87.371: Application time: 0.0393050 seconds
87.371: [GC [PSYoungGen: 7568K->288K(8192K)] 15148K->7948K(26112K), 0.0004250 secs] [Times: user=0.00 sys=0.00, real=0.00 secs] 
87.372: Total time for which application threads were stopped: 0.0005210 seconds, Stopping threads took: 0.0000410 seconds
87.411: Application time: 0.0386070 seconds
87.411: [GC [PSYoungGen: 7456K->272K(8192K)] 15116K->8052K(26112K), 0.0004090 secs] [Times: user=0.00 sys=0.00, real=0.00 secs] 
87.411: Total time for which application threads were stopped: 0.0005040 seconds, Stopping threads took: 0.0000430 seconds
87.450: Application time: 0.0394400 seconds
87.451: [GC [PSYoungGen: 7440K->272K(8192K)] 15220K->8052K(26112K), 0.0003550 secs] [Times: user=0.00 sys=0.00, real=0.00 secs] 
87.451: Total time for which application threads were stopped: 0.0004570 seconds, Stopping threads took: 0.0000460 seconds
87.490: Application time: 0.0389260 seconds
87.490: [GC [PSYoungGen: 7440K->288K(8192K)] 15220K->8068K(26112K), 0.0003800 secs] [Times: user=0.00 sys=0.00, real=0.00 secs] 
87.490: Total time for which application threads were stopped: 0.0004800 seconds, Stopping threads took: 0.0000430 seconds
87.529: Application time: 0.0385280 seconds
87.529: [GC [PSYoungGen: 7456K->304K(8192K)] 15236K->8084K(26112K), 0.0004150 secs] [Times: user=0.00 sys=0.00, real=0.00 secs] 
87.529: Total time for which application threads were stopped: 0.0005160 seconds, Stopping threads took: 0.0000490 seconds
87.567: Application time: 0.0381150 seconds
87.568: [GC [PSYoungGen: 7472K->400K(8192K)] 15252K->8180K(26112K), 0.0004360 secs] [Times: user=0.00 sys=0.00, real=0.00 secs] 
87.568: Total time for which application threads were stopped: 0.0005410 seconds, Stopping threads took: 0.0000480 seconds
87.606: Application time: 0.0376180 seconds
87.606: [GC [PSYoungGen: 7568K->512K(8192K)] 15348K->8292K(26112K), 0.0004240 secs] [Times: user=0.01 sys=0.00, real=0.00 secs] 
87.606: Total time for which application threads were stopped: 0.0005340 seconds, Stopping threads took: 0.0000430 seconds
87.646: Application time: 0.0393620 seconds
87.646: [GC [PSYoungGen: 7680K->480K(8192K)] 15460K->8260K(26112K), 0.0005180 secs] [Times: user=0.00 sys=0.00, real=0.00 secs] 
87.646: Total time for which application threads were stopped: 0.0006190 seconds, Stopping threads took: 0.0000430 seconds
87.686: Application time: 0.0396570 seconds
87.686: [GC [PSYoungGen: 7648K->496K(8192K)] 15428K->8276K(26112K), 0.0004340 secs] [Times: user=0.00 sys=0.00, real=0.00 secs] 
87.686: Total time for which application threads were stopped: 0.0005300 seconds, Stopping threads took: 0.0000400 seconds
87.726: Application time: 0.0395760 seconds
87.726: [GC [PSYoungGen: 7664K->512K(8192K)] 15444K->8292K(26112K), 0.0004600 secs] [Times: user=0.00 sys=0.00, real=0.00 secs] 
87.727: Total time for which application threads were stopped: 0.0005750 seconds, Stopping threads took: 0.0000510 seconds
87.766: Application time: 0.0391190 seconds
87.766: [GC [PSYoungGen: 7680K->496K(8192K)] 15460K->8276K(26112K), 0.0004640 secs] [Times: user=0.00 sys=0.00, real=0.00 secs] 
87.766: Total time for which application threads were stopped: 0.0005580 seconds, Stopping threads took: 0.0000450 seconds
87.805: Application time: 0.0390720 seconds
87.805: [GC [PSYoungGen: 7664K->496K(8192K)] 15444K->8276K(26112K), 0.0004280 secs] [Times: user=0.00 sys=0.00, real=0.00 secs] 
87.806: Total time for which application threads were stopped: 0.0005190 seconds, Stopping threads took: 0.0000410 seconds
87.845: Application time: 0.0396320 seconds
87.845: [GC [PSYoungGen: 7664K->512K(8192K)] 15444K->8292K(26112K), 0.0004630 secs] [Times: user=0.00 sys=0.00, real=0.00 secs] 
87.846: Total time for which application threads were stopped: 0.0005620 seconds, Stopping threads took: 0.0000450 seconds
87.885: Application time: 0.0392500 seconds
87.885: [GC [PSYoungGen: 7680K->512K(8192K)] 15460K->8292K(26112K), 0.0004470 secs] [Times: user=0.01 sys=0.00, real=0.00 secs] 
87.886: Total time for which application threads were stopped: 0.0005440 seconds, Stopping threads took: 0.0000460 seconds
87.925: Application time: 0.0390520 seconds
87.925: [GC [PSYoungGen: 7680K->512K(8192K)] 15460K->8292K(26112K), 0.0004020 secs] [Times: user=0.00 sys=0.00, real=0.00 secs] 
87.925: Total time for which application threads were stopped: 0.0004950 seconds, Stopping threads took: 0.0000390 seconds
87.964: Application time: 0.0391330 seconds
87.965: [GC [PSYoungGen: 7680K->496K(8192K)] 15460K->8276K(26112K), 0.0004200 secs] [Times: user=0.00 sys=0.00, real=0.00 secs] 
87.965: Total time for which application threads were stopped: 0.0005120 seconds, Stopping threads took: 0.0000380 seconds
88.004: Application time: 0.0391370 seconds
88.004: [GC [PSYoungGen: 7664K->448K(8192K)] 15444K->8276K(26112K), 0.0004170 secs] [Times: user=0.00 sys=0.00, real=0.00 secs] 
88.005: Total time for which application threads were stopped: 0.0005090 seconds, Stopping threads took: 0.0000390 seconds
88.044: Application time: 0.0393350 seconds
88.044: [GC [PSYoungGen: 7616K->448K(8192K)] 15444K->8276K(26112K), 0.0003900 secs] [Times: user=0.01 sys=0.00, real=0.00 secs] 
88.044: Total time for which application threads were stopped: 0.0004800 seconds, Stopping threads took: 0.0000380 seconds
88.084: Application time: 0.0393040 seconds
88.084: [GC [PSYoungGen: 7616K->432K(8192K)] 15444K->8300K(26112K), 0.0004120 secs] [Times: user=0.00 sys=0.00, real=0.00 secs] 
88.084: Total time for which application threads were stopped: 0.0005130 seconds, Stopping threads took: 0.0000430 seconds
88.123: Application time: 0.0392320 seconds
88.124: [GC [PSYoungGen: 7600K->400K(8192K)] 15468K->8333K(26112K), 0.0004030 secs] [Times: user=0.00 sys=0.00, real=0.00 secs] 
88.124: Total time for which application threads were stopped: 0.0005100 seconds, Stopping threads took: 0.0000410 seconds
88.163: Application time: 0.0394480 seconds
88.164: [GC [PSYoungGen: 7568K->304K(8192K)] 15501K->8333K(26112K), 0.0003960 secs] [Times: user=0.00 sys=0.00, real=0.00 secs] 
88.164: Total time for which application threads were stopped: 0.0005000 seconds, Stopping threads took: 0.0000450 seconds
88.203: Application time: 0.0387470 seconds
88.203: [GC [PSYoungGen: 7472K->272K(8192K)] 15501K->8421K(26112K), 0.0003830 secs] [Times: user=0.00 sys=0.00, real=0.00 secs] 
88.203: Total time for which application threads were stopped: 0.0004810 seconds, Stopping threads took: 0.0000420 seconds
88.243: Application time: 0.0393870 seconds
88.243: [GC [PSYoungGen: 7440K->272K(8192K)] 15589K->8421K(26112K), 0.0003590 secs] [Times: user=0.01 sys=0.00, real=0.00 secs] 
88.243: Total time for which application threads were stopped: 0.0004600 seconds, Stopping threads took: 0.0000480 seconds
88.281: Application time: 0.0380880 seconds
88.281: [GC [PSYoungGen: 7440K->320K(8192K)] 15589K->8469K(26112K), 0.0004110 secs] [Times: user=0.00 sys=0.00, real=0.00 secs] 
88.282: Total time for which application threads were stopped: 0.0005160 seconds, Stopping threads took: 0.0000470 seconds
88.321: Application time: 0.0389160 seconds
88.321: [GC [PSYoungGen: 7488K->320K(8192K)] 15637K->8469K(26112K), 0.0004600 secs] [Times: user=0.00 sys=0.01, real=0.00 secs] 
88.321: Total time for which application threads were stopped: 0.0005640 seconds, Stopping threads took: 0.0000480 seconds
88.359: Application time: 0.0379860 seconds
88.359: [GC [PSYoungGen: 7488K->384K(8192K)] 15637K->8533K(26112K), 0.0004010 secs] [Times: user=0.01 sys=0.00, real=0.00 secs] 
88.360: Total time for which application threads were stopped: 0.0005080 seconds, Stopping threads took: 0.0000490 seconds
88.399: Application time: 0.0395990 seconds
88.399: [GC [PSYoungGen: 7552K->512K(8192K)] 15701K->8661K(26112K), 0.0004300 secs] [Times: user=0.01 sys=0.00, real=0.00 secs] 
88.400: Total time for which application threads were stopped: 0.0005410 seconds, Stopping threads took: 0.0000510 seconds
88.440: Application time: 0.0398340 seconds
88.440: [GC [PSYoungGen: 7680K->544K(8192K)] 15829K->8693K(26112K), 0.0005370 secs] [Times: user=0.00 sys=0.00, real=0.00 secs] 
88.440: Total time for which application threads were stopped: 0.0006340 seconds, Stopping threads took: 0.0000460 seconds
88.480: Application time: 0.0392990 seconds
88.480: [GC [PSYoungGen: 7712K->480K(8192K)] 15861K->8629K(26112K), 0.0004080 secs] [Times: user=0.00 sys=0.00, real=0.00 secs] 
88.480: Total time for which application threads were stopped: 0.0005130 seconds, Stopping threads took: 0.0000510 seconds
88.520: Application time: 0.0395340 seconds
88.521: [GC [PSYoungGen: 7648K->544K(8192K)] 15797K->8693K(26112K), 0.0005080 secs] [Times: user=0.00 sys=0.00, real=0.00 secs] 
88.521: Total time for which application threads were stopped: 0.0017000 seconds, Stopping threads took: 0.0011290 seconds
88.561: Application time: 0.0398040 seconds
88.561: [GC [PSYoungGen: 7712K->512K(8192K)] 15861K->8661K(26112K), 0.0004480 secs] [Times: user=0.00 sys=0.00, real=0.00 secs] 
88.562: Total time for which application threads were stopped: 0.0005500 seconds, Stopping threads took: 0.0000450 seconds
88.601: Application time: 0.0392590 seconds
88.601: [GC [PSYoungGen: 7680K->448K(8192K)] 15829K->8597K(26112K), 0.0004050 secs] [Times: user=0.00 sys=0.00, real=0.00 secs] 
88.601: Total time for which application threads were stopped: 0.0005000 seconds, Stopping threads took: 0.0000430 seconds
88.641: Application time: 0.0391580 seconds
88.641: [GC [PSYoungGen: 7616K->544K(8192K)] 15765K->8693K(26112K), 0.0004100 secs] [Times: user=0.00 sys=0.00, real=0.00 secs] 
88.641: Total time for which application threads were stopped: 0.0005170 seconds, Stopping threads took: 0.0000450 seconds
88.680: Application time: 0.0389900 seconds
88.680: [GC [PSYoungGen: 7712K->512K(8192K)] 15861K->8661K(26112K), 0.0004450 secs] [Times: user=0.00 sys=0.00, real=0.00 secs] 
88.681: Total time for which application threads were stopped: 0.0005410 seconds, Stopping threads took: 0.0000430 seconds
88.720: Application time: 0.0393590 seconds
88.720: [GC [PSYoungGen: 7680K->512K(8192K)] 15829K->8661K(26112K), 0.0004640 secs] [Times: user=0.00 sys=0.00, real=0.00 secs] 
88.721: Total time for which application threads were stopped: 0.0005870 seconds, Stopping threads took: 0.0000560 seconds
88.760: Application time: 0.0392170 seconds
88.760: [GC [PSYoungGen: 7680K->512K(8192K)] 15829K->8661K(26112K), 0.0004290 secs] [Times: user=0.00 sys=0.00, real=0.00 secs] 
88.760: Total time for which application threads were stopped: 0.0005370 seconds, Stopping threads took: 0.0000500 seconds
88.799: Application time: 0.0391150 seconds
88.800: [GC [PSYoungGen: 7680K->464K(8192K)] 15829K->8669K(26112K), 0.0004190 secs] [Times: user=0.00 sys=0.00, real=0.00 secs] 
88.800: Total time for which application threads were stopped: 0.0005240 seconds, Stopping threads took: 0.0000450 seconds
88.839: Application time: 0.0394920 seconds
88.840: [GC [PSYoungGen: 7632K->512K(8192K)] 15837K->8717K(26112K), 0.0004040 secs] [Times: user=0.00 sys=0.00, real=0.00 secs] 
88.840: Total time for which application threads were stopped: 0.0005090 seconds, Stopping threads took: 0.0000430 seconds
88.879: Application time: 0.0394180 seconds
88.879: [GC [PSYoungGen: 7680K->416K(8192K)] 15885K->8709K(26112K), 0.0004310 secs] [Times: user=0.00 sys=0.00, real=0.00 secs] 
88.880: Total time for which application threads were stopped: 0.0005290 seconds, Stopping threads took: 0.0000430 seconds
88.919: Application time: 0.0393300 seconds
88.921: [GC [PSYoungGen: 7584K->400K(8192K)] 15877K->8741K(26112K), 0.0004650 secs] [Times: user=0.00 sys=0.00, real=0.00 secs] 
88.921: Total time for which application threads were stopped: 0.0019820 seconds, Stopping threads took: 0.0014630 seconds
88.961: Application time: 0.0396020 seconds
88.961: [GC [PSYoungGen: 7568K->288K(8192K)] 15909K->8717K(26112K), 0.0003850 secs] [Times: user=0.00 sys=0.00, real=0.00 secs] 
88.961: Total time for which application threads were stopped: 0.0004790 seconds, Stopping threads took: 0.0000410 seconds
89.000: Application time: 0.0385410 seconds
89.000: [GC [PSYoungGen: 7456K->272K(8192K)] 15885K->8789K(26112K), 0.0003700 secs] [Times: user=0.01 sys=0.00, real=0.00 secs] 
89.000: Total time for which application threads were stopped: 0.0004620 seconds, Stopping threads took: 0.0000420 seconds
89.040: Application time: 0.0392580 seconds
89.040: [GC [PSYoungGen: 7440K->288K(8192K)] 15957K->8805K(26112K), 0.0003990 secs] [Times: user=0.00 sys=0.00, real=0.00 secs] 
89.040: Total time for which application threads were stopped: 0.0005010 seconds, Stopping threads took: 0.0000490 seconds
89.079: Application time: 0.0387500 seconds
89.079: [GC [PSYoungGen: 7456K->336K(8192K)] 15973K->8853K(26112K), 0.0003810 secs] [Times: user=0.00 sys=0.00, real=0.00 secs] 
89.079: Total time for which application threads were stopped: 0.0004870 seconds, Stopping threads took: 0.0000460 seconds
89.118: Application time: 0.0384990 seconds
89.118: [GC [PSYoungGen: 7504K->368K(8192K)] 16021K->8885K(26112K), 0.0003840 secs] [Times: user=0.00 sys=0.00, real=0.00 secs] 
89.118: Total time for which application threads were stopped: 0.0004810 seconds, Stopping threads took: 0.0000410 seconds
89.156: Application time: 0.0378210 seconds
89.156: [GC [PSYoungGen: 7536K->448K(8192K)] 16053K->8965K(26112K), 0.0004080 secs] [Times: user=0.00 sys=0.00, real=0.00 secs] 
89.157: Total time for which application threads were stopped: 0.0005140 seconds, Stopping threads took: 0.0000460 seconds
89.195: Application time: 0.0387740 seconds
89.195: [GC [PSYoungGen: 7616K->480K(8192K)] 16133K->8997K(26112K), 0.0004470 secs] [Times: user=0.00 sys=0.00, real=0.00 secs] 
89.196: Total time for which application threads were stopped: 0.0005380 seconds, Stopping threads took: 0.0000360 seconds
89.235: Application time: 0.0392800 seconds
89.235: [GC [PSYoungGen: 7648K->480K(8192K)] 16165K->8997K(26112K), 0.0004420 secs] [Times: user=0.00 sys=0.00, real=0.00 secs] 
89.236: Total time for which application threads were stopped: 0.0005400 seconds, Stopping threads took: 0.0000480 seconds
89.275: Application time: 0.0394600 seconds
89.275: [GC [PSYoungGen: 7648K->528K(8192K)] 16165K->9045K(26112K), 0.0004130 secs] [Times: user=0.00 sys=0.00, real=0.00 secs] 
89.276: Total time for which application threads were stopped: 0.0005110 seconds, Stopping threads took: 0.0000430 seconds
89.315: Application time: 0.0394300 seconds
89.315: [GC [PSYoungGen: 7696K->512K(8192K)] 16213K->9029K(26112K), 0.0005240 secs] [Times: user=0.00 sys=0.00, real=0.00 secs] 
89.316: Total time for which application threads were stopped: 0.0006210 seconds, Stopping threads took: 0.0000420 seconds
89.355: Application time: 0.0393640 seconds
89.355: [GC [PSYoungGen: 7680K->512K(8192K)] 16197K->9029K(26112K), 0.0004310 secs] [Times: user=0.00 sys=0.00, real=0.00 secs] 
89.356: Total time for which application threads were stopped: 0.0005340 seconds, Stopping threads took: 0.0000470 seconds
89.395: Application time: 0.0395400 seconds
89.395: [GC [PSYoungGen: 7680K->512K(8192K)] 16197K->9029K(26112K), 0.0004190 secs] [Times: user=0.00 sys=0.00, real=0.00 secs] 
89.396: Total time for which application threads were stopped: 0.0005370 seconds, Stopping threads took: 0.0000510 seconds
89.435: Application time: 0.0392390 seconds
89.435: [GC [PSYoungGen: 7680K->512K(8192K)] 16197K->9029K(26112K), 0.0004080 secs] [Times: user=0.00 sys=0.00, real=0.00 secs] 
89.436: Total time for which application threads were stopped: 0.0005100 seconds, Stopping threads took: 0.0000460 seconds
89.475: Application time: 0.0391940 seconds
89.475: [GC [PSYoungGen: 7680K->496K(8192K)] 16197K->9013K(26112K), 0.0004270 secs] [Times: user=0.00 sys=0.00, real=0.00 secs] 
89.475: Total time for which application threads were stopped: 0.0005250 seconds, Stopping threads took: 0.0000360 seconds
89.514: Application time: 0.0391050 seconds
89.514: [GC [PSYoungGen: 7664K->496K(8192K)] 16181K->9013K(26112K), 0.0004190 secs] [Times: user=0.00 sys=0.00, real=0.00 secs] 
89.515: Total time for which application threads were stopped: 0.0005110 seconds, Stopping threads took: 0.0000390 seconds
89.554: Application time: 0.0391020 seconds
89.554: [GC [PSYoungGen: 7664K->512K(8192K)] 16181K->9029K(26112K), 0.0004070 secs] [Times: user=0.00 sys=0.00, real=0.00 secs] 
89.554: Total time for which application threads were stopped: 0.0005010 seconds, Stopping threads took: 0.0000390 seconds
89.594: Application time: 0.0391410 seconds
89.594: [GC [PSYoungGen: 7680K->448K(8192K)] 16197K->9013K(26112K), 0.0004220 secs] [Times: user=0.00 sys=0.00, real=0.00 secs] 
89.594: Total time for which application threads were stopped: 0.0005140 seconds, Stopping threads took: 0.0000420 seconds
89.633: Application time: 0.0392020 seconds
89.633: [GC [PSYoungGen: 7616K->448K(8192K)] 16181K->9013K(26112K), 0.0004170 secs] [Times: user=0.00 sys=0.00, real=0.00 secs] 
89.634: Total time for which application threads were stopped: 0.0005180 seconds, Stopping threads took: 0.0000490 seconds
89.674: Application time: 0.0396720 seconds
89.674: [GC [PSYoungGen: 7616K->400K(8192K)] 16181K->9057K(26112K), 0.0004000 secs] [Times: user=0.00 sys=0.00, real=0.00 secs] 
89.674: Total time for which application threads were stopped: 0.0005120 seconds, Stopping threads took: 0.0000490 seconds
89.713: Application time: 0.0394200 seconds
89.714: [GC [PSYoungGen: 7568K->384K(8192K)] 16225K->9089K(26112K), 0.0004630 secs] [Times: user=0.00 sys=0.00, real=0.00 secs] 
89.714: Total time for which application threads were stopped: 0.0005840 seconds, Stopping threads took: 0.0000540 seconds
89.754: Application time: 0.0394930 seconds
89.754: [GC [PSYoungGen: 7552K->288K(8192K)] 16257K->9113K(26112K), 0.0003890 secs] [Times: user=0.00 sys=0.00, real=0.00 secs] 
89.754: Total time for which application threads were stopped: 0.0005020 seconds, Stopping threads took: 0.0000560 seconds
89.793: Application time: 0.0388360 seconds
89.793: [GC [PSYoungGen: 7456K->272K(8192K)] 16281K->9153K(26112K), 0.0003650 secs] [Times: user=0.00 sys=0.00, real=0.00 secs] 
89.793: Total time for which application threads were stopped: 0.0004710 seconds, Stopping threads took: 0.0000510 seconds
89.833: Application time: 0.0393930 seconds
89.833: [GC [PSYoungGen: 7440K->272K(8192K)] 16321K->9153K(26112K), 0.0003710 secs] [Times: user=0.00 sys=0.00, real=0.00 secs] 
89.833: Total time for which application threads were stopped: 0.0004690 seconds, Stopping threads took: 0.0000460 seconds
89.872: Application time: 0.0383640 seconds
89.872: [GC [PSYoungGen: 7440K->336K(8192K)] 16321K->9217K(26112K), 0.0003640 secs] [Times: user=0.00 sys=0.00, real=0.00 secs] 
89.872: Total time for which application threads were stopped: 0.0004650 seconds, Stopping threads took: 0.0000470 seconds
89.911: Application time: 0.0392730 seconds
89.911: [GC [PSYoungGen: 7504K->336K(8192K)] 16385K->9217K(26112K), 0.0004070 secs] [Times: user=0.01 sys=0.00, real=0.00 secs] 
89.912: Total time for which application threads were stopped: 0.0005100 seconds, Stopping threads took: 0.0000430 seconds
89.950: Application time: 0.0380250 seconds
89.950: [GC [PSYoungGen: 7504K->464K(8192K)] 16385K->9345K(26112K), 0.0004190 secs] [Times: user=0.00 sys=0.00, real=0.00 secs] 
89.950: Total time for which application threads were stopped: 0.0005500 seconds, Stopping threads took: 0.0000670 seconds
89.990: Application time: 0.0394070 seconds
89.990: [GC [PSYoungGen: 7632K->512K(8192K)] 16513K->9393K(26112K), 0.0004340 secs] [Times: user=0.00 sys=0.00, real=0.00 secs] 
89.990: Total time for which application threads were stopped: 0.0005370 seconds, Stopping threads took: 0.0000430 seconds
90.030: Application time: 0.0395730 seconds
90.033: [GC [PSYoungGen: 7680K->512K(8192K)] 16561K->9393K(26112K), 0.0005120 secs] [Times: user=0.00 sys=0.00, real=0.00 secs] 
90.033: Total time for which application threads were stopped: 0.0033720 seconds, Stopping threads took: 0.0027990 seconds
90.073: Application time: 0.0397550 seconds
90.073: [GC [PSYoungGen: 7680K->528K(8192K)] 16561K->9409K(26112K), 0.0004630 secs] [Times: user=0.00 sys=0.00, real=0.00 secs] 
90.074: Total time for which application threads were stopped: 0.0005620 seconds, Stopping threads took: 0.0000430 seconds
90.113: Application time: 0.0393610 seconds
90.113: [GC [PSYoungGen: 7696K->496K(8192K)] 16577K->9377K(26112K), 0.0004090 secs] [Times: user=0.00 sys=0.00, real=0.00 secs] 
90.114: Total time for which application threads were stopped: 0.0005070 seconds, Stopping threads took: 0.0000420 seconds
90.153: Application time: 0.0392990 seconds
90.153: [GC [PSYoungGen: 7664K->512K(8192K)] 16545K->9393K(26112K), 0.0004380 secs] [Times: user=0.01 sys=0.00, real=0.00 secs] 
90.153: Total time for which application threads were stopped: 0.0005370 seconds, Stopping threads took: 0.0000470 seconds
90.192: Application time: 0.0391450 seconds
90.193: [GC [PSYoungGen: 7680K->480K(8192K)] 16561K->9361K(26112K), 0.0004450 secs] [Times: user=0.00 sys=0.00, real=0.00 secs] 
90.193: Total time for which application threads were stopped: 0.0005570 seconds, Stopping threads took: 0.0000520 seconds
90.233: Application time: 0.0397160 seconds
90.233: [GC [PSYoungGen: 7648K->528K(8192K)] 16529K->9409K(26112K), 0.0004180 secs] [Times: user=0.00 sys=0.00, real=0.00 secs] 
90.233: Total time for which application threads were stopped: 0.0005160 seconds, Stopping threads took: 0.0000420 seconds
90.272: Application time: 0.0388570 seconds
90.272: [GC [PSYoungGen: 7696K->512K(8192K)] 16577K->9393K(26112K), 0.0004170 secs] [Times: user=0.00 sys=0.00, real=0.00 secs] 
90.273: Total time for which application threads were stopped: 0.0005130 seconds, Stopping threads took: 0.0000420 seconds
90.312: Application time: 0.0391750 seconds
90.312: [GC [PSYoungGen: 7680K->480K(8192K)] 16561K->9361K(26112K), 0.0004460 secs] [Times: user=0.00 sys=0.00, real=0.00 secs] 
90.312: Total time for which application threads were stopped: 0.0005390 seconds, Stopping threads took: 0.0000380 seconds
90.352: Application time: 0.0392750 seconds
90.352: [GC [PSYoungGen: 7648K->480K(8192K)] 16529K->9361K(26112K), 0.0004270 secs] [Times: user=0.00 sys=0.00, real=0.00 secs] 
90.352: Total time for which application threads were stopped: 0.0005260 seconds, Stopping threads took: 0.0000450 seconds
90.392: Application time: 0.0395350 seconds
90.392: [GC [PSYoungGen: 7648K->480K(8192K)] 16529K->9417K(26112K), 0.0004800 secs] [Times: user=0.00 sys=0.00, real=0.00 secs] 
90.392: Total time for which application threads were stopped: 0.0005790 seconds, Stopping threads took: 0.0000460 seconds
90.432: Application time: 0.0393110 seconds
90.432: [GC [PSYoungGen: 7648K->496K(8192K)] 16585K->9433K(26112K), 0.0004920 secs] [Times: user=0.00 sys=0.00, real=0.00 secs] 
90.432: Total time for which application threads were stopped: 0.0005900 seconds, Stopping threads took: 0.0000420 seconds
90.471: Application time: 0.0392750 seconds
90.472: [GC [PSYoungGen: 7664K->384K(8192K)] 16601K->9409K(26112K), 0.0004470 secs] [Times: user=0.00 sys=0.00, real=0.00 secs] 
90.472: Total time for which application threads were stopped: 0.0005490 seconds, Stopping threads took: 0.0000470 seconds
90.511: Application time: 0.0392140 seconds
90.511: [GC [PSYoungGen: 7552K->320K(8192K)] 16577K->9433K(26112K), 0.0004060 secs] [Times: user=0.00 sys=0.00, real=0.00 secs] 
90.512: Total time for which application threads were stopped: 0.0005020 seconds, Stopping threads took: 0.0000420 seconds
90.551: Application time: 0.0390170 seconds
90.551: [GC [PSYoungGen: 7488K->320K(8192K)] 16601K->9529K(26112K), 0.0004020 secs] [Times: user=0.00 sys=0.00, real=0.00 secs] 
90.551: Total time for which application threads were stopped: 0.0005070 seconds, Stopping threads took: 0.0000470 seconds
90.591: Application time: 0.0392880 seconds
90.591: [GC [PSYoungGen: 7488K->272K(8192K)] 16697K->9529K(26112K), 0.0003680 secs] [Times: user=0.00 sys=0.00, real=0.00 secs] 
90.591: Total time for which application threads were stopped: 0.0004770 seconds, Stopping threads took: 0.0000540 seconds
90.630: Application time: 0.0392240 seconds
90.630: [GC [PSYoungGen: 7440K->272K(8192K)] 16697K->9529K(26112K), 0.0003620 secs] [Times: user=0.00 sys=0.00, real=0.00 secs] 
90.631: Total time for which application threads were stopped: 0.0004600 seconds, Stopping threads took: 0.0000460 seconds
90.669: Application time: 0.0384050 seconds
90.669: [GC [PSYoungGen: 7440K->304K(8192K)] 16697K->9561K(26112K), 0.0003680 secs] [Times: user=0.00 sys=0.00, real=0.00 secs] 
90.670: Total time for which application threads were stopped: 0.0004650 seconds, Stopping threads took: 0.0000420 seconds
90.708: Application time: 0.0382040 seconds
90.708: [GC [PSYoungGen: 7472K->448K(8192K)] 16729K->9705K(26112K), 0.0005530 secs] [Times: user=0.00 sys=0.00, real=0.00 secs] 
90.708: Total time for which application threads were stopped: 0.0006920 seconds, Stopping threads took: 0.0000630 seconds
90.747: Application time: 0.0384920 seconds
90.747: [GC [PSYoungGen: 7616K->480K(8192K)] 16873K->9737K(26112K), 0.0004090 secs] [Times: user=0.00 sys=0.00, real=0.00 secs] 
90.748: Total time for which application threads were stopped: 0.0005100 seconds, Stopping threads took: 0.0000410 seconds
90.786: Application time: 0.0386270 seconds
90.786: [GC [PSYoungGen: 7648K->464K(8192K)] 16905K->9721K(26112K), 0.0004080 secs] [Times: user=0.01 sys=0.00, real=0.00 secs] 
90.787: Total time for which application threads were stopped: 0.0005010 seconds, Stopping threads took: 0.0000390 seconds
90.826: Application time: 0.0392830 seconds
90.829: [GC [PSYoungGen: 7632K->528K(8192K)] 16889K->9785K(26112K), 0.0004330 secs] [Times: user=0.00 sys=0.00, real=0.00 secs] 
90.830: Total time for which application threads were stopped: 0.0043280 seconds, Stopping threads took: 0.0027900 seconds
90.870: Application time: 0.0397500 seconds
90.870: [GC [PSYoungGen: 7696K->512K(8192K)] 16953K->9769K(26112K), 0.0004550 secs] [Times: user=0.00 sys=0.00, real=0.00 secs] 
90.871: Total time for which application threads were stopped: 0.0005510 seconds, Stopping threads took: 0.0000410 seconds
90.910: Application time: 0.0393040 seconds
90.910: [GC [PSYoungGen: 7680K->544K(8192K)] 16937K->9801K(26112K), 0.0004180 secs] [Times: user=0.00 sys=0.00, real=0.00 secs] 
90.910: Total time for which application threads were stopped: 0.0005220 seconds, Stopping threads took: 0.0000470 seconds
90.950: Application time: 0.0392120 seconds
90.950: [GC [PSYoungGen: 7712K->544K(8192K)] 16969K->9801K(26112K), 0.0004310 secs] [Times: user=0.00 sys=0.00, real=0.00 secs] 
90.950: Total time for which application threads were stopped: 0.0005340 seconds, Stopping threads took: 0.0000440 seconds
90.990: Application time: 0.0393910 seconds
90.990: [GC [PSYoungGen: 7712K->528K(8192K)] 16969K->9785K(26112K), 0.0004140 secs] [Times: user=0.00 sys=0.00, real=0.00 secs] 
90.990: Total time for which application threads were stopped: 0.0005190 seconds, Stopping threads took: 0.0000490 seconds
91.029: Application time: 0.0393640 seconds
91.029: [GC [PSYoungGen: 7696K->512K(8192K)] 16953K->9769K(26112K), 0.0004220 secs] [Times: user=0.00 sys=0.00, real=0.00 secs] 
91.030: Total time for which application threads were stopped: 0.0005270 seconds, Stopping threads took: 0.0000480 seconds
91.069: Application time: 0.0391330 seconds
91.069: [GC [PSYoungGen: 7680K->496K(8192K)] 16937K->9753K(26112K), 0.0004590 secs] [Times: user=0.00 sys=0.00, real=0.00 secs] 
91.070: Total time for which application threads were stopped: 0.0005590 seconds, Stopping threads took: 0.0000450 seconds
91.109: Application time: 0.0391540 seconds
91.109: [GC [PSYoungGen: 7656K->480K(8192K)] 16914K->9737K(26112K), 0.0004840 secs] [Times: user=0.00 sys=0.00, real=0.00 secs] 
91.109: Total time for which application threads were stopped: 0.0005890 seconds, Stopping threads took: 0.0000440 seconds
91.148: Application time: 0.0390190 seconds
91.148: [GC [PSYoungGen: 7648K->480K(8192K)] 16905K->9785K(26112K), 0.0004310 secs] [Times: user=0.00 sys=0.00, real=0.01 secs] 
91.149: Total time for which application threads were stopped: 0.0005450 seconds, Stopping threads took: 0.0000590 seconds
91.188: Application time: 0.0393450 seconds
91.188: [GC [PSYoungGen: 7648K->464K(8192K)] 16953K->9770K(26112K), 0.0004150 secs] [Times: user=0.01 sys=0.00, real=0.01 secs] 
91.189: Total time for which application threads were stopped: 0.0005210 seconds, Stopping threads took: 0.0000500 seconds
91.228: Application time: 0.0393100 seconds
91.228: [GC [PSYoungGen: 7632K->432K(8192K)] 16938K->9737K(26112K), 0.0004290 secs] [Times: user=0.00 sys=0.00, real=0.00 secs] 
91.229: Total time for which application threads were stopped: 0.0005340 seconds, Stopping threads took: 0.0000410 seconds
91.268: Application time: 0.0392940 seconds
91.269: [GC [PSYoungGen: 7600K->400K(8192K)] 16905K->9778K(26112K), 0.0004280 secs] [Times: user=0.00 sys=0.00, real=0.00 secs] 
91.269: Total time for which application threads were stopped: 0.0012530 seconds, Stopping threads took: 0.0007720 seconds
91.308: Application time: 0.0392030 seconds
91.308: [GC [PSYoungGen: 7568K->288K(8192K)] 16946K->9794K(26112K), 0.0003930 secs] [Times: user=0.00 sys=0.00, real=0.01 secs] 
91.309: Total time for which application threads were stopped: 0.0004950 seconds, Stopping threads took: 0.0000460 seconds
91.348: Application time: 0.0389640 seconds
91.348: [GC [PSYoungGen: 7456K->288K(8192K)] 16962K->9858K(26112K), 0.0003920 secs] [Times: user=0.01 sys=0.00, real=0.00 secs] 
91.348: Total time for which application threads were stopped: 0.0004940 seconds, Stopping threads took: 0.0000440 seconds
91.388: Application time: 0.0392850 seconds
91.388: [GC [PSYoungGen: 7456K->288K(8192K)] 17026K->9914K(26112K), 0.0003720 secs] [Times: user=0.00 sys=0.00, real=0.00 secs] 
91.388: Total time for which application threads were stopped: 0.0004710 seconds, Stopping threads took: 0.0000450 seconds
91.427: Application time: 0.0391940 seconds
91.427: [GC [PSYoungGen: 7456K->336K(8192K)] 17082K->9962K(26112K), 0.0004380 secs] [Times: user=0.00 sys=0.00, real=0.00 secs] 
91.428: Total time for which application threads were stopped: 0.0005550 seconds, Stopping threads took: 0.0000550 seconds
91.467: Application time: 0.0387470 seconds
91.467: [GC [PSYoungGen: 7504K->336K(8192K)] 17130K->9962K(26112K), 0.0003960 secs] [Times: user=0.00 sys=0.00, real=0.00 secs] 
91.467: Total time for which application threads were stopped: 0.0004930 seconds, Stopping threads took: 0.0000420 seconds
91.505: Application time: 0.0376750 seconds
91.505: [GC [PSYoungGen: 7504K->432K(8192K)] 17130K->10058K(26112K), 0.0004690 secs] [Times: user=0.00 sys=0.00, real=0.00 secs] 
91.505: Total time for which application threads were stopped: 0.0005690 seconds, Stopping threads took: 0.0000430 seconds
91.546: Application time: 0.0404840 seconds
91.546: [GC [PSYoungGen: 7600K->448K(8192K)] 17226K->10074K(26112K), 0.0004350 secs] [Times: user=0.00 sys=0.00, real=0.00 secs] 
91.546: Total time for which application threads were stopped: 0.0005330 seconds, Stopping threads took: 0.0000400 seconds
91.585: Application time: 0.0388690 seconds
91.585: [GC [PSYoungGen: 7616K->544K(8192K)] 17242K->10170K(26112K), 0.0004260 secs] [Times: user=0.00 sys=0.00, real=0.00 secs] 
91.586: Total time for which application threads were stopped: 0.0005230 seconds, Stopping threads took: 0.0000450 seconds
91.625: Application time: 0.0393060 seconds
91.625: [GC [PSYoungGen: 7712K->512K(8192K)] 17338K->10138K(26112K), 0.0004350 secs] [Times: user=0.00 sys=0.00, real=0.00 secs] 
91.626: Total time for which application threads were stopped: 0.0005300 seconds, Stopping threads took: 0.0000410 seconds
91.666: Application time: 0.0399000 seconds
91.666: [GC [PSYoungGen: 7680K->560K(8192K)] 17306K->10186K(26112K), 0.0004190 secs] [Times: user=0.00 sys=0.00, real=0.00 secs] 
91.666: Total time for which application threads were stopped: 0.0005160 seconds, Stopping threads took: 0.0000410 seconds
91.705: Application time: 0.0393720 seconds
91.706: [GC [PSYoungGen: 7728K->512K(8192K)] 17354K->10138K(26112K), 0.0005000 secs] [Times: user=0.01 sys=0.00, real=0.00 secs] 
91.707: Total time for which application threads were stopped: 0.0014330 seconds, Stopping threads took: 0.0008590 seconds
91.746: Application time: 0.0392160 seconds
91.746: [GC [PSYoungGen: 7680K->496K(8192K)] 17306K->10122K(26112K), 0.0004400 secs] [Times: user=0.00 sys=0.00, real=0.00 secs] 
91.747: Total time for which application threads were stopped: 0.0005530 seconds, Stopping threads took: 0.0000470 seconds
91.786: Application time: 0.0392350 seconds
91.789: [GC [PSYoungGen: 7664K->512K(8192K)] 17290K->10138K(26112K), 0.0004310 secs] [Times: user=0.00 sys=0.00, real=0.00 secs] 
91.789: Total time for which application threads were stopped: 0.0033620 seconds, Stopping threads took: 0.0028730 seconds
91.828: Application time: 0.0390840 seconds
91.828: [GC [PSYoungGen: 7680K->496K(8192K)] 17306K->10122K(26112K), 0.0004250 secs] [Times: user=0.00 sys=0.00, real=0.01 secs] 
91.829: Total time for which application threads were stopped: 0.0005230 seconds, Stopping threads took: 0.0000400 seconds
91.868: Application time: 0.0392810 seconds
91.868: [GC [PSYoungGen: 7664K->512K(8192K)] 17290K->10138K(26112K), 0.0004100 secs] [Times: user=0.00 sys=0.00, real=0.00 secs] 
91.869: Total time for which application threads were stopped: 0.0005160 seconds, Stopping threads took: 0.0000520 seconds
91.908: Application time: 0.0390690 seconds
91.908: [GC [PSYoungGen: 7680K->544K(8192K)] 17306K->10170K(26112K), 0.0004060 secs] [Times: user=0.00 sys=0.00, real=0.00 secs] 
91.908: Total time for which application threads were stopped: 0.0005160 seconds, Stopping threads took: 0.0000530 seconds
91.948: Application time: 0.0393080 seconds
91.948: [GC [PSYoungGen: 7712K->464K(8192K)] 17338K->10138K(26112K), 0.0004160 secs] [Times: user=0.00 sys=0.00, real=0.00 secs] 
91.948: Total time for which application threads were stopped: 0.0005100 seconds, Stopping threads took: 0.0000380 seconds
91.987: Application time: 0.0392320 seconds
91.987: [GC [PSYoungGen: 7632K->464K(8192K)] 17306K->10138K(26112K), 0.0004320 secs] [Times: user=0.00 sys=0.00, real=0.00 secs] 
91.988: Total time for which application threads were stopped: 0.0005270 seconds, Stopping threads took: 0.0000430 seconds
92.027: Application time: 0.0392560 seconds
92.027: [GC [PSYoungGen: 7632K->384K(8192K)] 17306K->10138K(26112K), 0.0004530 secs] [Times: user=0.00 sys=0.00, real=0.00 secs] 
92.028: Total time for which application threads were stopped: 0.0005440 seconds, Stopping threads took: 0.0000380 seconds
92.067: Application time: 0.0395660 seconds
92.067: [GC [PSYoungGen: 7552K->368K(8192K)] 17306K->10178K(26112K), 0.0003780 secs] [Times: user=0.01 sys=0.00, real=0.00 secs] 
92.068: Total time for which application threads were stopped: 0.0004860 seconds, Stopping threads took: 0.0000540 seconds
92.107: Application time: 0.0392640 seconds
92.107: [GC [PSYoungGen: 7536K->272K(8192K)] 17346K->10194K(26112K), 0.0003790 secs] [Times: user=0.00 sys=0.00, real=0.00 secs] 
92.107: Total time for which application threads were stopped: 0.0004740 seconds, Stopping threads took: 0.0000400 seconds
92.146: Application time: 0.0389100 seconds
92.146: [GC [PSYoungGen: 7440K->288K(8192K)] 17362K->10210K(26112K), 0.0003770 secs] [Times: user=0.00 sys=0.00, real=0.00 secs] 
92.147: Total time for which application threads were stopped: 0.0004840 seconds, Stopping threads took: 0.0000420 seconds
92.186: Application time: 0.0392880 seconds
92.186: [GC [PSYoungGen: 7456K->272K(8192K)] 17378K->10242K(26112K), 0.0003860 secs] [Times: user=0.00 sys=0.00, real=0.00 secs] 
92.187: Total time for which application threads were stopped: 0.0004810 seconds, Stopping threads took: 0.0000410 seconds
92.225: Application time: 0.0383520 seconds
92.225: [GC [PSYoungGen: 7440K->288K(8192K)] 17410K->10258K(26112K), 0.0004520 secs] [Times: user=0.00 sys=0.00, real=0.00 secs] 
92.225: Total time for which application threads were stopped: 0.0005460 seconds, Stopping threads took: 0.0000390 seconds
92.264: Application time: 0.0386690 seconds
92.264: [GC [PSYoungGen: 7456K->352K(8192K)] 17426K->10322K(26112K), 0.0004100 secs] [Times: user=0.00 sys=0.00, real=0.00 secs] 
92.265: Total time for which application threads were stopped: 0.0005260 seconds, Stopping threads took: 0.0000500 seconds
92.302: Application time: 0.0377610 seconds
92.303: [GC [PSYoungGen: 7520K->464K(8192K)] 17490K->10434K(26112K), 0.0004130 secs] [Times: user=0.00 sys=0.00, real=0.00 secs] 
92.303: Total time for which application threads were stopped: 0.0005170 seconds, Stopping threads took: 0.0000470 seconds
92.342: Application time: 0.0387530 seconds
92.342: [GC [PSYoungGen: 7632K->496K(8192K)] 17602K->10466K(26112K), 0.0004240 secs] [Times: user=0.01 sys=0.00, real=0.00 secs] 
92.342: Total time for which application threads were stopped: 0.0005220 seconds, Stopping threads took: 0.0000430 seconds
92.381: Application time: 0.0392380 seconds
92.382: [GC [PSYoungGen: 7664K->512K(8192K)] 17634K->10482K(26112K), 0.0004520 secs] [Times: user=0.00 sys=0.00, real=0.00 secs] 
92.382: Total time for which application threads were stopped: 0.0005450 seconds, Stopping threads took: 0.0000420 seconds
92.422: Application time: 0.0396560 seconds
92.422: [GC [PSYoungGen: 7680K->464K(8192K)] 17650K->10434K(26112K), 0.0004910 secs] [Times: user=0.00 sys=0.00, real=0.00 secs] 
92.422: Total time for which application threads were stopped: 0.0005930 seconds, Stopping threads took: 0.0000490 seconds
92.462: Application time: 0.0392820 seconds
92.462: [GC [PSYoungGen: 7632K->528K(8192K)] 17602K->10498K(26112K), 0.0004120 secs] [Times: user=0.00 sys=0.00, real=0.00 secs] 
92.462: Total time for which application threads were stopped: 0.0005040 seconds, Stopping threads took: 0.0000370 seconds
92.501: Application time: 0.0391680 seconds
92.501: [GC [PSYoungGen: 7696K->528K(8192K)] 17666K->10498K(26112K), 0.0004400 secs] [Times: user=0.00 sys=0.00, real=0.00 secs] 
92.502: Total time for which application threads were stopped: 0.0005310 seconds, Stopping threads took: 0.0000370 seconds
92.541: Application time: 0.0391870 seconds
92.541: [GC [PSYoungGen: 7696K->528K(8192K)] 17666K->10498K(26112K), 0.0004260 secs] [Times: user=0.00 sys=0.00, real=0.00 secs] 
92.541: Total time for which application threads were stopped: 0.0005220 seconds, Stopping threads took: 0.0000440 seconds
92.581: Application time: 0.0395390 seconds
92.581: [GC [PSYoungGen: 7696K->528K(8192K)] 17666K->10498K(26112K), 0.0004010 secs] [Times: user=0.00 sys=0.00, real=0.00 secs] 
92.581: Total time for which application threads were stopped: 0.0004920 seconds, Stopping threads took: 0.0000390 seconds
92.621: Application time: 0.0391190 seconds
92.621: [GC [PSYoungGen: 7696K->528K(8192K)] 17666K->10498K(26112K), 0.0004150 secs] [Times: user=0.01 sys=0.00, real=0.00 secs] 
92.621: Total time for which application threads were stopped: 0.0005160 seconds, Stopping threads took: 0.0000450 seconds
92.660: Application time: 0.0390880 seconds
92.660: [GC [PSYoungGen: 7696K->528K(8192K)] 17666K->10498K(26112K), 0.0005130 secs] [Times: user=0.00 sys=0.00, real=0.00 secs] 
92.661: Total time for which application threads were stopped: 0.0006130 seconds, Stopping threads took: 0.0000450 seconds
92.700: Application time: 0.0389570 seconds
92.700: [GC [PSYoungGen: 7696K->528K(8192K)] 17666K->10498K(26112K), 0.0004340 secs] [Times: user=0.00 sys=0.00, real=0.00 secs] 
92.700: Total time for which application threads were stopped: 0.0005420 seconds, Stopping threads took: 0.0000460 seconds
92.740: Application time: 0.0392940 seconds
92.740: [GC [PSYoungGen: 7696K->464K(8192K)] 17666K->10498K(26112K), 0.0005000 secs] [Times: user=0.00 sys=0.00, real=0.00 secs] 
92.740: Total time for which application threads were stopped: 0.0006220 seconds, Stopping threads took: 0.0000550 seconds
92.780: Application time: 0.0394180 seconds
92.780: [GC [PSYoungGen: 7632K->448K(8192K)] 17666K->10482K(26112K), 0.0004290 secs] [Times: user=0.00 sys=0.00, real=0.00 secs] 
92.780: Total time for which application threads were stopped: 0.0005500 seconds, Stopping threads took: 0.0000510 seconds
92.820: Application time: 0.0395480 seconds
92.820: [GC [PSYoungGen: 7616K->384K(8192K)] 17650K->10514K(26112K), 0.0004190 secs] [Times: user=0.01 sys=0.00, real=0.00 secs] 
92.820: Total time for which application threads were stopped: 0.0005260 seconds, Stopping threads took: 0.0000480 seconds
92.859: Application time: 0.0391270 seconds
92.860: [GC [PSYoungGen: 7552K->320K(8192K)] 17682K->10490K(26112K), 0.0003840 secs] [Times: user=0.00 sys=0.00, real=0.00 secs] 
92.860: Total time for which application threads were stopped: 0.0004880 seconds, Stopping threads took: 0.0000490 seconds
92.899: Application time: 0.0394730 seconds
92.899: [GC [PSYoungGen: 7488K->272K(8192K)] 17658K->10570K(26112K), 0.0003760 secs] [Times: user=0.01 sys=0.00, real=0.00 secs] 
92.900: Total time for which application threads were stopped: 0.0004730 seconds, Stopping threads took: 0.0000440 seconds
92.940: Application time: 0.0397450 seconds
92.940: [GC [PSYoungGen: 7440K->256K(8192K)] 17738K->10594K(26112K), 0.0004230 secs] [Times: user=0.01 sys=0.00, real=0.00 secs] 
92.940: Total time for which application threads were stopped: 0.0005180 seconds, Stopping threads took: 0.0000360 seconds
92.979: Application time: 0.0392900 seconds
92.980: [GC [PSYoungGen: 7424K->272K(8192K)] 17762K->10610K(26112K), 0.0003710 secs] [Times: user=0.00 sys=0.00, real=0.00 secs] 
92.980: Total time for which application threads were stopped: 0.0004870 seconds, Stopping threads took: 0.0000590 seconds
93.018: Application time: 0.0383170 seconds
93.018: [GC [PSYoungGen: 7440K->352K(8192K)] 17778K->10690K(26112K), 0.0004160 secs] [Times: user=0.00 sys=0.00, real=0.00 secs] 
93.019: Total time for which application threads were stopped: 0.0005090 seconds, Stopping threads took: 0.0000390 seconds
93.058: Application time: 0.0397430 seconds
93.059: [GC [PSYoungGen: 7520K->352K(8192K)] 17858K->10690K(26112K), 0.0004140 secs] [Times: user=0.00 sys=0.00, real=0.00 secs] 
93.059: Total time for which application threads were stopped: 0.0005200 seconds, Stopping threads took: 0.0000480 seconds
93.097: Application time: 0.0377040 seconds
93.097: [GC [PSYoungGen: 7520K->448K(8192K)] 17858K->10786K(26112K), 0.0004420 secs] [Times: user=0.00 sys=0.00, real=0.00 secs] 
93.097: Total time for which application threads were stopped: 0.0005410 seconds, Stopping threads took: 0.0000460 seconds
93.136: Application time: 0.0389360 seconds
93.136: [GC [PSYoungGen: 7616K->512K(8192K)] 17954K->10850K(26112K), 0.0004920 secs] [Times: user=0.01 sys=0.00, real=0.01 secs] 
93.137: Total time for which application threads were stopped: 0.0006020 seconds, Stopping threads took: 0.0000550 seconds
93.176: Application time: 0.0392180 seconds
93.176: [GC [PSYoungGen: 7680K->512K(8192K)] 18018K->10850K(26112K), 0.0004300 secs] [Times: user=0.00 sys=0.00, real=0.00 secs] 
93.177: Total time for which application threads were stopped: 0.0005320 seconds, Stopping threads took: 0.0000490 seconds
93.216: Application time: 0.0395480 seconds
93.216: [GC [PSYoungGen: 7680K->496K(8192K)] 18018K->10834K(26112K), 0.0004600 secs] [Times: user=0.01 sys=0.00, real=0.00 secs] 
93.217: Total time for which application threads were stopped: 0.0005620 seconds, Stopping threads took: 0.0000490 seconds
93.257: Application time: 0.0400640 seconds
93.257: [GC [PSYoungGen: 7664K->512K(8192K)] 18002K->10850K(26112K), 0.0004360 secs] [Times: user=0.01 sys=0.00, real=0.00 secs] 
93.257: Total time for which application threads were stopped: 0.0005350 seconds, Stopping threads took: 0.0000440 seconds
93.297: Application time: 0.0394910 seconds
93.297: [GC [PSYoungGen: 7680K->496K(8192K)] 18018K->10834K(26112K), 0.0004570 secs] [Times: user=0.00 sys=0.00, real=0.00 secs] 
93.297: Total time for which application threads were stopped: 0.0005700 seconds, Stopping threads took: 0.0000490 seconds
93.337: Application time: 0.0392620 seconds
93.337: [GC [PSYoungGen: 7664K->480K(8192K)] 18002K->10818K(26112K), 0.0004230 secs] [Times: user=0.00 sys=0.00, real=0.01 secs] 
93.337: Total time for which application threads were stopped: 0.0005200 seconds, Stopping threads took: 0.0000410 seconds
93.376: Application time: 0.0392480 seconds
93.376: [GC [PSYoungGen: 7648K->528K(8192K)] 17986K->10866K(26112K), 0.0004700 secs] [Times: user=0.00 sys=0.00, real=0.01 secs] 
93.377: Total time for which application threads were stopped: 0.0005650 seconds, Stopping threads took: 0.0000420 seconds
93.416: Application time: 0.0392300 seconds
93.416: [GC [PSYoungGen: 7696K->528K(8192K)] 18034K->10866K(26112K), 0.0004090 secs] [Times: user=0.00 sys=0.00, real=0.00 secs] 
93.417: Total time for which application threads were stopped: 0.0005220 seconds, Stopping threads took: 0.0000500 seconds
93.456: Application time: 0.0391410 seconds
93.456: [GC [PSYoungGen: 7696K->464K(8192K)] 18034K->10802K(26112K), 0.0005120 secs] [Times: user=0.00 sys=0.00, real=0.00 secs] 
93.456: Total time for which application threads were stopped: 0.0006150 seconds, Stopping threads took: 0.0000490 seconds
93.496: Application time: 0.0390630 seconds
93.496: [GC [PSYoungGen: 7631K->512K(8192K)] 17970K->10850K(26112K), 0.0004590 secs] [Times: user=0.00 sys=0.00, real=0.00 secs] 
93.496: Total time for which application threads were stopped: 0.0005580 seconds, Stopping threads took: 0.0000460 seconds
93.535: Application time: 0.0391670 seconds
93.535: [GC [PSYoungGen: 7680K->480K(8192K)] 18018K->10874K(26112K), 0.0004200 secs] [Times: user=0.00 sys=0.00, real=0.00 secs] 
93.536: Total time for which application threads were stopped: 0.0005180 seconds, Stopping threads took: 0.0000420 seconds
93.575: Application time: 0.0392480 seconds
93.575: [GC [PSYoungGen: 7648K->464K(8192K)] 18042K->10858K(26112K), 0.0004620 secs] [Times: user=0.00 sys=0.00, real=0.00 secs] 
93.576: Total time for which application threads were stopped: 0.0005590 seconds, Stopping threads took: 0.0000440 seconds
93.615: Application time: 0.0392170 seconds
93.615: [GC [PSYoungGen: 7632K->400K(8192K)] 18026K->10874K(26112K), 0.0004560 secs] [Times: user=0.00 sys=0.00, real=0.00 secs] 
93.615: Total time for which application threads were stopped: 0.0005500 seconds, Stopping threads took: 0.0000420 seconds
93.655: Application time: 0.0394140 seconds
93.655: [GC [PSYoungGen: 7568K->384K(8192K)] 18042K->10906K(26112K), 0.0004040 secs] [Times: user=0.00 sys=0.00, real=0.00 secs] 
93.655: Total time for which application threads were stopped: 0.0005070 seconds, Stopping threads took: 0.0000500 seconds
93.694: Application time: 0.0386690 seconds
93.694: [GC [PSYoungGen: 7552K->320K(8192K)] 18074K->10954K(26112K), 0.0004430 secs] [Times: user=0.00 sys=0.00, real=0.00 secs] 
93.694: Total time for which application threads were stopped: 0.0005420 seconds, Stopping threads took: 0.0000440 seconds
93.734: Application time: 0.0396760 seconds
93.734: [GC [PSYoungGen: 7488K->272K(8192K)] 18122K->10954K(26112K), 0.0004030 secs] [Times: user=0.00 sys=0.00, real=0.00 secs] 
93.735: Total time for which application threads were stopped: 0.0005130 seconds, Stopping threads took: 0.0000430 seconds
93.774: Application time: 0.0397340 seconds
93.774: [GC [PSYoungGen: 7440K->272K(8192K)] 18122K->10954K(26112K), 0.0004070 secs] [Times: user=0.00 sys=0.00, real=0.00 secs] 
93.775: Total time for which application threads were stopped: 0.0005020 seconds, Stopping threads took: 0.0000400 seconds
93.814: Application time: 0.0386890 seconds
93.814: [GC [PSYoungGen: 7440K->400K(8192K)] 18122K->11082K(26112K), 0.0003970 secs] [Times: user=0.00 sys=0.00, real=0.00 secs] 
93.814: Total time for which application threads were stopped: 0.0005090 seconds, Stopping threads took: 0.0000470 seconds
93.853: Application time: 0.0390690 seconds
93.853: [GC [PSYoungGen: 7568K->352K(8192K)] 18250K->11034K(26112K), 0.0003790 secs] [Times: user=0.00 sys=0.00, real=0.00 secs] 
93.854: Total time for which application threads were stopped: 0.0004730 seconds, Stopping threads took: 0.0000390 seconds
93.892: Application time: 0.0379310 seconds
93.892: [GC [PSYoungGen: 7520K->480K(8192K)] 18202K->11162K(26112K), 0.0004230 secs] [Times: user=0.00 sys=0.00, real=0.00 secs] 
93.892: Total time for which application threads were stopped: 0.0005220 seconds, Stopping threads took: 0.0000460 seconds
93.931: Application time: 0.0386810 seconds
93.931: [GC [PSYoungGen: 7648K->480K(8192K)] 18330K->11162K(26112K), 0.0004300 secs] [Times: user=0.01 sys=0.00, real=0.00 secs] 
93.931: Total time for which application threads were stopped: 0.0005320 seconds, Stopping threads took: 0.0000460 seconds
93.971: Application time: 0.0392790 seconds
93.971: [GC [PSYoungGen: 7648K->512K(8192K)] 18330K->11194K(26112K), 0.0004170 secs] [Times: user=0.00 sys=0.00, real=0.00 secs] 
93.971: Total time for which application threads were stopped: 0.0005180 seconds, Stopping threads took: 0.0000460 seconds
94.010: Application time: 0.0393820 seconds
94.011: [GC [PSYoungGen: 7680K->512K(8192K)] 18362K->11194K(26112K), 0.0004090 secs] [Times: user=0.01 sys=0.00, real=0.00 secs] 
94.011: Total time for which application threads were stopped: 0.0005050 seconds, Stopping threads took: 0.0000430 seconds
94.050: Application time: 0.0392770 seconds
94.050: [GC [PSYoungGen: 7680K->496K(8192K)] 18362K->11179K(26112K), 0.0004390 secs] [Times: user=0.00 sys=0.00, real=0.00 secs] 
94.051: Total time for which application threads were stopped: 0.0005320 seconds, Stopping threads took: 0.0000400 seconds
94.090: Application time: 0.0392480 seconds
94.090: [GC [PSYoungGen: 7664K->496K(8192K)] 18347K->11178K(26112K), 0.0004380 secs] [Times: user=0.00 sys=0.00, real=0.00 secs] 
94.091: Total time for which application threads were stopped: 0.0005350 seconds, Stopping threads took: 0.0000410 seconds
94.130: Application time: 0.0392610 seconds
94.130: [GC [PSYoungGen: 7664K->496K(8192K)] 18346K->11178K(26112K), 0.0004580 secs] [Times: user=0.00 sys=0.00, real=0.00 secs] 
94.130: Total time for which application threads were stopped: 0.0005490 seconds, Stopping threads took: 0.0000360 seconds
94.170: Application time: 0.0391830 seconds
94.170: [GC [PSYoungGen: 7664K->544K(8192K)] 18346K->11226K(26112K), 0.0004370 secs] [Times: user=0.00 sys=0.00, real=0.00 secs] 
94.170: Total time for which application threads were stopped: 0.0005370 seconds, Stopping threads took: 0.0000470 seconds
94.209: Application time: 0.0391990 seconds
94.209: [GC [PSYoungGen: 7712K->512K(8192K)] 18394K->11194K(26112K), 0.0004360 secs] [Times: user=0.00 sys=0.00, real=0.00 secs] 
94.210: Total time for which application threads were stopped: 0.0005340 seconds, Stopping threads took: 0.0000390 seconds
94.249: Application time: 0.0392760 seconds
94.249: [GC [PSYoungGen: 7680K->480K(8192K)] 18362K->11162K(26112K), 0.0004160 secs] [Times: user=0.00 sys=0.00, real=0.00 secs] 
94.250: Total time for which application threads were stopped: 0.0005190 seconds, Stopping threads took: 0.0000460 seconds
94.289: Application time: 0.0389790 seconds
94.289: [GC [PSYoungGen: 7648K->496K(8192K)] 18330K->11234K(26112K), 0.0005010 secs] [Times: user=0.01 sys=0.00, real=0.00 secs] 
94.289: Total time for which application threads were stopped: 0.0006140 seconds, Stopping threads took: 0.0000560 seconds
94.329: Application time: 0.0392740 seconds
94.329: [GC [PSYoungGen: 7664K->432K(8192K)] 18402K->11170K(26112K), 0.0004550 secs] [Times: user=0.00 sys=0.00, real=0.01 secs] 
94.329: Total time for which application threads were stopped: 0.0005670 seconds, Stopping threads took: 0.0000430 seconds
94.368: Application time: 0.0392770 seconds
94.368: [GC [PSYoungGen: 7600K->496K(8192K)] 18338K->11250K(26112K), 0.0004260 secs] [Times: user=0.00 sys=0.00, real=0.01 secs] 
94.369: Total time for which application threads were stopped: 0.0005280 seconds, Stopping threads took: 0.0000410 seconds
94.408: Application time: 0.0394370 seconds
94.408: [GC [PSYoungGen: 7664K->432K(8192K)] 18418K->11267K(26112K), 0.0004060 secs] [Times: user=0.00 sys=0.00, real=0.01 secs] 
94.409: Total time for which application threads were stopped: 0.0005030 seconds, Stopping threads took: 0.0000400 seconds
94.449: Application time: 0.0403840 seconds
94.449: [GC [PSYoungGen: 7600K->336K(8192K)] 18435K->11227K(26112K), 0.0004120 secs] [Times: user=0.00 sys=0.00, real=0.00 secs] 
94.450: Total time for which application threads were stopped: 0.0005140 seconds, Stopping threads took: 0.0000420 seconds
94.489: Application time: 0.0390550 seconds
94.489: [GC [PSYoungGen: 7504K->320K(8192K)] 18395K->11331K(26112K), 0.0004160 secs] [Times: user=0.00 sys=0.00, real=0.00 secs] 
94.489: Total time for which application threads were stopped: 0.0005240 seconds, Stopping threads took: 0.0000490 seconds
94.529: Application time: 0.0392390 seconds
94.529: [GC [PSYoungGen: 7488K->272K(8192K)] 18499K->11339K(26112K), 0.0003830 secs] [Times: user=0.01 sys=0.00, real=0.01 secs] 
94.529: Total time for which application threads were stopped: 0.0004860 seconds, Stopping threads took: 0.0000460 seconds
94.569: Application time: 0.0399410 seconds
94.569: [GC [PSYoungGen: 7440K->320K(8192K)] 18507K->11387K(26112K), 0.0003970 secs] [Times: user=0.00 sys=0.00, real=0.00 secs] 
94.570: Total time for which application threads were stopped: 0.0005030 seconds, Stopping threads took: 0.0000440 seconds
94.608: Application time: 0.0380570 seconds
94.608: [GC [PSYoungGen: 7488K->320K(8192K)] 18555K->11387K(26112K), 0.0003810 secs] [Times: user=0.00 sys=0.00, real=0.00 secs] 
94.608: Total time for which application threads were stopped: 0.0004870 seconds, Stopping threads took: 0.0000470 seconds
94.646: Application time: 0.0377400 seconds
94.646: [GC [PSYoungGen: 7488K->464K(8192K)] 18555K->11531K(26112K), 0.0004200 secs] [Times: user=0.00 sys=0.00, real=0.00 secs] 
94.646: Total time for which application threads were stopped: 0.0005320 seconds, Stopping threads took: 0.0000540 seconds
94.686: Application time: 0.0393110 seconds
94.686: [GC [PSYoungGen: 7632K->464K(8192K)] 18699K->11531K(26112K), 0.0004560 secs] [Times: user=0.00 sys=0.00, real=0.00 secs] 
94.686: Total time for which application threads were stopped: 0.0005580 seconds, Stopping threads took: 0.0000460 seconds
94.725: Application time: 0.0392680 seconds
94.726: [GC [PSYoungGen: 7632K->480K(8192K)] 18699K->11547K(26112K), 0.0005470 secs] [Times: user=0.00 sys=0.00, real=0.00 secs] 
94.726: Total time for which application threads were stopped: 0.0006580 seconds, Stopping threads took: 0.0000460 seconds
94.765: Application time: 0.0393500 seconds
94.766: [GC [PSYoungGen: 7648K->512K(8192K)] 18715K->11579K(26112K), 0.0004680 secs] [Times: user=0.00 sys=0.00, real=0.00 secs] 
94.766: Total time for which application threads were stopped: 0.0005760 seconds, Stopping threads took: 0.0000470 seconds
94.805: Application time: 0.0392750 seconds
94.805: [GC [PSYoungGen: 7680K->496K(8192K)] 18747K->11563K(26112K), 0.0004700 secs] [Times: user=0.00 sys=0.00, real=0.00 secs] 
94.806: Total time for which application threads were stopped: 0.0005730 seconds, Stopping threads took: 0.0000460 seconds
94.845: Application time: 0.0395750 seconds
94.846: [GC [PSYoungGen: 7664K->496K(8192K)] 18731K->11563K(26112K), 0.0004130 secs] [Times: user=0.00 sys=0.00, real=0.00 secs] 
94.846: Total time for which application threads were stopped: 0.0005170 seconds, Stopping threads took: 0.0000370 seconds
94.885: Application time: 0.0390740 seconds
94.885: [GC [PSYoungGen: 7664K->496K(8192K)] 18731K->11563K(26112K), 0.0004250 secs] [Times: user=0.00 sys=0.00, real=0.00 secs] 
94.886: Total time for which application threads were stopped: 0.0005530 seconds, Stopping threads took: 0.0000610 seconds
94.925: Application time: 0.0392630 seconds
94.925: [GC [PSYoungGen: 7664K->512K(8192K)] 18731K->11579K(26112K), 0.0004240 secs] [Times: user=0.00 sys=0.00, real=0.00 secs] 
94.925: Total time for which application threads were stopped: 0.0005210 seconds, Stopping threads took: 0.0000420 seconds
94.965: Application time: 0.0392030 seconds
94.965: [GC [PSYoungGen: 7680K->528K(8192K)] 18747K->11595K(26112K), 0.0004270 secs] [Times: user=0.00 sys=0.00, real=0.00 secs] 
94.965: Total time for which application threads were stopped: 0.0005290 seconds, Stopping threads took: 0.0000470 seconds
95.004: Application time: 0.0391780 seconds
95.004: [GC [PSYoungGen: 7696K->512K(8192K)] 18763K->11579K(26112K), 0.0004680 secs] [Times: user=0.00 sys=0.00, real=0.00 secs] 
95.005: Total time for which application threads were stopped: 0.0005680 seconds, Stopping threads took: 0.0000440 seconds
95.044: Application time: 0.0391040 seconds
95.044: [GC [PSYoungGen: 7680K->528K(8192K)] 18747K->11595K(26112K), 0.0004470 secs] [Times: user=0.00 sys=0.00, real=0.00 secs] 
95.045: Total time for which application threads were stopped: 0.0005420 seconds, Stopping threads took: 0.0000430 seconds
95.084: Application time: 0.0393090 seconds
95.084: [GC [PSYoungGen: 7696K->512K(8192K)] 18763K->11627K(26112K), 0.0004180 secs] [Times: user=0.00 sys=0.00, real=0.00 secs] 
95.084: Total time for which application threads were stopped: 0.0005170 seconds, Stopping threads took: 0.0000460 seconds
95.124: Application time: 0.0392100 seconds
95.124: [GC [PSYoungGen: 7680K->464K(8192K)] 18795K->11579K(26112K), 0.0004290 secs] [Times: user=0.00 sys=0.00, real=0.00 secs] 
95.124: Total time for which application threads were stopped: 0.0005410 seconds, Stopping threads took: 0.0000570 seconds
95.163: Application time: 0.0393170 seconds
95.164: [GC [PSYoungGen: 7632K->432K(8192K)] 18747K->11603K(26112K), 0.0003990 secs] [Times: user=0.00 sys=0.00, real=0.00 secs] 
95.164: Total time for which application threads were stopped: 0.0005010 seconds, Stopping threads took: 0.0000490 seconds
95.203: Application time: 0.0392440 seconds
95.203: [GC [PSYoungGen: 7600K->352K(8192K)] 18771K->11627K(26112K), 0.0004300 secs] [Times: user=0.00 sys=0.00, real=0.00 secs] 
95.204: Total time for which application threads were stopped: 0.0005200 seconds, Stopping threads took: 0.0000380 seconds
95.243: Application time: 0.0391610 seconds
95.243: [GC [PSYoungGen: 7520K->272K(8192K)] 18795K->11679K(26112K), 0.0003770 secs] [Times: user=0.00 sys=0.00, real=0.00 secs] 
95.243: Total time for which application threads were stopped: 0.0004700 seconds, Stopping threads took: 0.0000420 seconds
95.282: Application time: 0.0390590 seconds
95.283: [GC [PSYoungGen: 7440K->304K(8192K)] 18847K->11711K(26112K), 0.0003670 secs] [Times: user=0.01 sys=0.00, real=0.00 secs] 
95.283: Total time for which application threads were stopped: 0.0004790 seconds, Stopping threads took: 0.0000550 seconds
95.322: Application time: 0.0392480 seconds
95.322: [GC [PSYoungGen: 7472K->256K(8192K)] 18879K->11703K(26112K), 0.0004330 secs] [Times: user=0.00 sys=0.00, real=0.00 secs] 
95.323: Total time for which application threads were stopped: 0.0005250 seconds, Stopping threads took: 0.0000380 seconds
95.361: Application time: 0.0382530 seconds
95.361: [GC [PSYoungGen: 7424K->304K(8192K)] 18871K->11751K(26112K), 0.0003640 secs] [Times: user=0.00 sys=0.00, real=0.00 secs] 
95.361: Total time for which application threads were stopped: 0.0004740 seconds, Stopping threads took: 0.0000440 seconds
95.400: Application time: 0.0388780 seconds
95.400: [GC [PSYoungGen: 7472K->336K(8192K)] 18919K->11783K(26112K), 0.0003960 secs] [Times: user=0.00 sys=0.00, real=0.00 secs] 
95.401: Total time for which application threads were stopped: 0.0005050 seconds, Stopping threads took: 0.0000530 seconds
95.439: Application time: 0.0379480 seconds
95.439: [GC [PSYoungGen: 7504K->480K(8192K)] 18951K->11927K(26112K), 0.0004790 secs] [Times: user=0.00 sys=0.00, real=0.00 secs] 
95.439: Total time for which application threads were stopped: 0.0005910 seconds, Stopping threads took: 0.0000490 seconds
95.479: Application time: 0.0401270 seconds
95.480: [GC [PSYoungGen: 7648K->448K(8192K)] 19095K->11895K(26112K), 0.0004160 secs] [Times: user=0.00 sys=0.00, real=0.00 secs] 
95.480: Total time for which application threads were stopped: 0.0005190 seconds, Stopping threads took: 0.0000450 seconds
95.519: Application time: 0.0390000 seconds
95.519: [GC [PSYoungGen: 7616K->512K(8192K)] 19063K->11959K(26112K), 0.0004100 secs] [Times: user=0.00 sys=0.00, real=0.00 secs] 
95.520: Total time for which application threads were stopped: 0.0005100 seconds, Stopping threads took: 0.0000470 seconds
95.559: Application time: 0.0393310 seconds
95.559: [GC [PSYoungGen: 7680K->512K(8192K)] 19127K->11959K(26112K), 0.0004660 secs] [Times: user=0.00 sys=0.00, real=0.00 secs] 
95.559: Total time for which application threads were stopped: 0.0005690 seconds, Stopping threads took: 0.0000460 seconds
95.599: Application time: 0.0392280 seconds
95.599: [GC [PSYoungGen: 7680K->528K(8192K)] 19127K->11975K(26112K), 0.0004620 secs] [Times: user=0.00 sys=0.00, real=0.00 secs] 
95.599: Total time for which application threads were stopped: 0.0005530 seconds, Stopping threads took: 0.0000350 seconds
95.638: Application time: 0.0392480 seconds
95.639: [GC [PSYoungGen: 7696K->512K(8192K)] 19143K->11959K(26112K), 0.0004200 secs] [Times: user=0.00 sys=0.00, real=0.00 secs] 
95.639: Total time for which application threads were stopped: 0.0005150 seconds, Stopping threads took: 0.0000410 seconds
95.678: Application time: 0.0393360 seconds
95.678: [GC [PSYoungGen: 7680K->496K(8192K)] 19127K->11943K(26112K), 0.0004230 secs] [Times: user=0.00 sys=0.00, real=0.00 secs] 
95.679: Total time for which application threads were stopped: 0.0005170 seconds, Stopping threads took: 0.0000400 seconds
95.720: Application time: 0.0411270 seconds
95.720: [GC [PSYoungGen: 7664K->480K(8192K)] 19111K->11927K(26112K), 0.0004870 secs] [Times: user=0.00 sys=0.00, real=0.00 secs] 
95.721: Total time for which application threads were stopped: 0.0006040 seconds, Stopping threads took: 0.0000540 seconds
95.760: Application time: 0.0392710 seconds
95.760: [GC [PSYoungGen: 7648K->480K(8192K)] 19095K->11927K(26112K), 0.0004160 secs] [Times: user=0.00 sys=0.00, real=0.00 secs] 
95.760: Total time for which application threads were stopped: 0.0005050 seconds, Stopping threads took: 0.0000380 seconds
95.800: Application time: 0.0391900 seconds
95.800: [GC [PSYoungGen: 7648K->496K(8192K)] 19095K->11943K(26112K), 0.0004130 secs] [Times: user=0.01 sys=0.00, real=0.00 secs] 
95.800: Total time for which application threads were stopped: 0.0005080 seconds, Stopping threads took: 0.0000400 seconds
95.839: Application time: 0.0390830 seconds
95.839: [GC [PSYoungGen: 7664K->496K(8192K)] 19111K->11943K(26112K), 0.0004620 secs] [Times: user=0.00 sys=0.00, real=0.00 secs] 
95.841: Total time for which application threads were stopped: 0.0015590 seconds, Stopping threads took: 0.0000450 seconds
95.880: Application time: 0.0392590 seconds
95.880: [GC [PSYoungGen: 7664K->416K(8192K)] 19111K->11911K(26112K), 0.0005130 secs] [Times: user=0.01 sys=0.00, real=0.00 secs] 
95.881: Total time for which application threads were stopped: 0.0006420 seconds, Stopping threads took: 0.0000640 seconds
95.920: Application time: 0.0392940 seconds
95.920: [GC [PSYoungGen: 7584K->448K(8192K)] 19079K->11943K(26112K), 0.0004350 secs] [Times: user=0.00 sys=0.00, real=0.00 secs] 
95.920: Total time for which application threads were stopped: 0.0005310 seconds, Stopping threads took: 0.0000400 seconds
95.961: Application time: 0.0406940 seconds
95.961: [GC [PSYoungGen: 7616K->352K(8192K)] 19111K->11943K(26112K), 0.0004690 secs] [Times: user=0.00 sys=0.00, real=0.00 secs] 
95.962: Total time for which application threads were stopped: 0.0005720 seconds, Stopping threads took: 0.0000420 seconds
96.001: Application time: 0.0392250 seconds
96.001: [GC [PSYoungGen: 7520K->368K(8192K)] 19111K->12007K(26112K), 0.0004030 secs] [Times: user=0.00 sys=0.00, real=0.00 secs] 
96.001: Total time for which application threads were stopped: 0.0005010 seconds, Stopping threads took: 0.0000430 seconds
96.041: Application time: 0.0393330 seconds
96.041: [GC [PSYoungGen: 7536K->272K(8192K)] 19175K->12031K(26112K), 0.0004050 secs] [Times: user=0.01 sys=0.00, real=0.00 secs] 
96.041: Total time for which application threads were stopped: 0.0005120 seconds, Stopping threads took: 0.0000500 seconds
96.081: Application time: 0.0395940 seconds
96.081: [GC [PSYoungGen: 7440K->288K(8192K)] 19199K->12047K(26112K), 0.0004430 secs] [Times: user=0.00 sys=0.00, real=0.00 secs] 
96.081: Total time for which application threads were stopped: 0.0005540 seconds, Stopping threads took: 0.0000520 seconds
96.121: Application time: 0.0395830 seconds
96.121: [GC [PSYoungGen: 7456K->272K(8192K)] 19215K->12087K(26112K), 0.0003710 secs] [Times: user=0.01 sys=0.00, real=0.00 secs] 
96.121: Total time for which application threads were stopped: 0.0004620 seconds, Stopping threads took: 0.0000370 seconds
96.160: Application time: 0.0384890 seconds
96.160: [GC [PSYoungGen: 7440K->320K(8192K)] 19255K->12135K(26112K), 0.0004080 secs] [Times: user=0.00 sys=0.00, real=0.00 secs] 
96.160: Total time for which application threads were stopped: 0.0005100 seconds, Stopping threads took: 0.0000480 seconds
96.199: Application time: 0.0387990 seconds
96.199: [GC [PSYoungGen: 7488K->352K(8192K)] 19303K->12167K(26112K), 0.0003860 secs] [Times: user=0.00 sys=0.00, real=0.00 secs] 
96.200: Total time for which application threads were stopped: 0.0004780 seconds, Stopping threads took: 0.0000410 seconds
96.237: Application time: 0.0377360 seconds
96.238: [GC [PSYoungGen: 7520K->480K(8192K)] 19335K->12295K(26112K), 0.0004270 secs] [Times: user=0.00 sys=0.00, real=0.00 secs] 
96.238: Total time for which application threads were stopped: 0.0005270 seconds, Stopping threads took: 0.0000440 seconds
96.277: Application time: 0.0394270 seconds
96.277: [GC [PSYoungGen: 7648K->496K(8192K)] 19463K->12311K(26112K), 0.0005440 secs] [Times: user=0.00 sys=0.00, real=0.00 secs] 
96.278: Total time for which application threads were stopped: 0.0006420 seconds, Stopping threads took: 0.0000420 seconds
96.318: Application time: 0.0395110 seconds
96.318: [GC [PSYoungGen: 7664K->512K(8192K)] 19479K->12327K(26112K), 0.0004790 secs] [Times: user=0.00 sys=0.00, real=0.00 secs] 
96.318: Total time for which application threads were stopped: 0.0005780 seconds, Stopping threads took: 0.0000440 seconds
96.357: Application time: 0.0392700 seconds
96.357: [GC [PSYoungGen: 7680K->448K(8192K)] 19495K->12263K(26112K), 0.0004250 secs] [Times: user=0.00 sys=0.00, real=0.00 secs] 
96.358: Total time for which application threads were stopped: 0.0005170 seconds, Stopping threads took: 0.0000360 seconds
96.397: Application time: 0.0393610 seconds
96.397: [GC [PSYoungGen: 7616K->448K(8192K)] 19431K->12263K(26112K), 0.0004200 secs] [Times: user=0.00 sys=0.00, real=0.00 secs] 
96.398: Total time for which application threads were stopped: 0.0005300 seconds, Stopping threads took: 0.0000490 seconds
96.437: Application time: 0.0392810 seconds
96.437: [GC [PSYoungGen: 7616K->480K(8192K)] 19431K->12295K(26112K), 0.0004320 secs] [Times: user=0.00 sys=0.00, real=0.00 secs] 
96.438: Total time for which application threads were stopped: 0.0005280 seconds, Stopping threads took: 0.0000400 seconds
96.477: Application time: 0.0393330 seconds
96.477: [GC [PSYoungGen: 7648K->448K(8192K)] 19463K->12263K(26112K), 0.0004150 secs] [Times: user=0.00 sys=0.00, real=0.00 secs] 
96.478: Total time for which application threads were stopped: 0.0005270 seconds, Stopping threads took: 0.0000590 seconds
96.517: Application time: 0.0393100 seconds
96.517: [GC [PSYoungGen: 7616K->512K(8192K)] 19431K->12327K(26112K), 0.0004430 secs] [Times: user=0.00 sys=0.00, real=0.00 secs] 
96.517: Total time for which application threads were stopped: 0.0005420 seconds, Stopping threads took: 0.0000460 seconds
96.557: Application time: 0.0392210 seconds
96.557: [GC [PSYoungGen: 7680K->496K(8192K)] 19495K->12311K(26112K), 0.0004530 secs] [Times: user=0.00 sys=0.00, real=0.01 secs] 
96.557: Total time for which application threads were stopped: 0.0005520 seconds, Stopping threads took: 0.0000420 seconds
96.596: Application time: 0.0392020 seconds
96.596: [GC [PSYoungGen: 7664K->480K(8192K)] 19479K->12295K(26112K), 0.0004220 secs] [Times: user=0.00 sys=0.00, real=0.01 secs] 
96.597: Total time for which application threads were stopped: 0.0005210 seconds, Stopping threads took: 0.0000430 seconds
96.636: Application time: 0.0391780 seconds
96.636: [GC [PSYoungGen: 7648K->512K(8192K)] 19463K->12327K(26112K), 0.0004220 secs] [Times: user=0.00 sys=0.00, real=0.00 secs] 
96.637: Total time for which application threads were stopped: 0.0005150 seconds, Stopping threads took: 0.0000370 seconds
96.676: Application time: 0.0392140 seconds
96.676: [GC [PSYoungGen: 7680K->480K(8192K)] 19495K->12351K(26112K), 0.0004170 secs] [Times: user=0.00 sys=0.00, real=0.00 secs] 
96.676: Total time for which application threads were stopped: 0.0005140 seconds, Stopping threads took: 0.0000430 seconds
96.716: Application time: 0.0393430 seconds
96.716: [GC [PSYoungGen: 7648K->464K(8192K)] 19519K->12335K(26112K), 0.0004730 secs] [Times: user=0.00 sys=0.00, real=0.00 secs] 
96.716: Total time for which application threads were stopped: 0.0005820 seconds, Stopping threads took: 0.0000420 seconds
96.755: Application time: 0.0392270 seconds
96.756: [GC [PSYoungGen: 7632K->400K(8192K)] 19503K->12359K(26112K), 0.0004110 secs] [Times: user=0.00 sys=0.00, real=0.00 secs] 
96.756: Total time for which application threads were stopped: 0.0005070 seconds, Stopping threads took: 0.0000390 seconds
96.795: Application time: 0.0392260 seconds
96.795: [GC [PSYoungGen: 7568K->384K(8192K)] 19527K->12391K(26112K), 0.0003790 secs] [Times: user=0.00 sys=0.00, real=0.00 secs] 
96.796: Total time for which application threads were stopped: 0.0004770 seconds, Stopping threads took: 0.0000430 seconds
96.835: Application time: 0.0390290 seconds
96.835: [GC [PSYoungGen: 7552K->288K(8192K)] 19559K->12423K(26112K), 0.0003880 secs] [Times: user=0.00 sys=0.00, real=0.00 secs] 
96.835: Total time for which application threads were stopped: 0.0004840 seconds, Stopping threads took: 0.0000420 seconds
96.874: Application time: 0.0392740 seconds
96.875: [GC [PSYoungGen: 7456K->288K(8192K)] 19591K->12463K(26112K), 0.0003800 secs] [Times: user=0.00 sys=0.00, real=0.00 secs] 
96.875: Total time for which application threads were stopped: 0.0004880 seconds, Stopping threads took: 0.0000550 seconds
96.914: Application time: 0.0386630 seconds
96.914: [GC [PSYoungGen: 7456K->304K(8192K)] 19631K->12479K(26112K), 0.0003810 secs] [Times: user=0.00 sys=0.00, real=0.00 secs] 
96.914: Total time for which application threads were stopped: 0.0004870 seconds, Stopping threads took: 0.0000390 seconds
96.953: Application time: 0.0388980 seconds
96.953: [GC [PSYoungGen: 7472K->320K(8192K)] 19647K->12495K(26112K), 0.0004430 secs] [Times: user=0.01 sys=0.00, real=0.00 secs] 
96.954: Total time for which application threads were stopped: 0.0005420 seconds, Stopping threads took: 0.0000410 seconds
96.992: Application time: 0.0386660 seconds
96.992: [GC [PSYoungGen: 7488K->368K(8192K)] 19663K->12543K(26112K), 0.0004230 secs] [Times: user=0.00 sys=0.00, real=0.00 secs] 
96.993: Total time for which application threads were stopped: 0.0005290 seconds, Stopping threads took: 0.0000500 seconds
97.030: Application time: 0.0377510 seconds
97.031: [GC [PSYoungGen: 7536K->448K(8192K)] 19711K->12623K(26112K), 0.0004170 secs] [Times: user=0.00 sys=0.00, real=0.00 secs] 
97.031: Total time for which application threads were stopped: 0.0005140 seconds, Stopping threads took: 0.0000420 seconds
97.070: Application time: 0.0388410 seconds
97.070: [GC [PSYoungGen: 7616K->512K(8192K)] 19791K->12687K(26112K), 0.0004120 secs] [Times: user=0.00 sys=0.00, real=0.00 secs] 
97.070: Total time for which application threads were stopped: 0.0005120 seconds, Stopping threads took: 0.0000440 seconds
97.110: Application time: 0.0393150 seconds
97.110: [GC [PSYoungGen: 7680K->512K(8192K)] 19855K->12687K(26112K), 0.0004310 secs] [Times: user=0.01 sys=0.00, real=0.00 secs] 
97.110: Total time for which application threads were stopped: 0.0005370 seconds, Stopping threads took: 0.0000500 seconds
97.149: Application time: 0.0392740 seconds
97.150: [GC [PSYoungGen: 7680K->464K(8192K)] 19855K->12639K(26112K), 0.0004530 secs] [Times: user=0.00 sys=0.00, real=0.00 secs] 
97.150: Total time for which application threads were stopped: 0.0005480 seconds, Stopping threads took: 0.0000450 seconds
97.189: Application time: 0.0392690 seconds
97.189: [GC [PSYoungGen: 7632K->512K(8192K)] 19807K->12687K(26112K), 0.0004290 secs] [Times: user=0.00 sys=0.00, real=0.00 secs] 
97.190: Total time for which application threads were stopped: 0.0005240 seconds, Stopping threads took: 0.0000440 seconds
97.229: Application time: 0.0392880 seconds
97.229: [GC [PSYoungGen: 7680K->496K(8192K)] 19855K->12671K(26112K), 0.0004140 secs] [Times: user=0.00 sys=0.00, real=0.00 secs] 
97.230: Total time for which application threads were stopped: 0.0005100 seconds, Stopping threads took: 0.0000410 seconds
97.269: Application time: 0.0396600 seconds
97.273: [GC [PSYoungGen: 7664K->480K(8192K)] 19839K->12655K(26112K), 0.0004290 secs] [Times: user=0.00 sys=0.00, real=0.00 secs] 
97.273: Total time for which application threads were stopped: 0.0038980 seconds, Stopping threads took: 0.0034120 seconds
97.312: Application time: 0.0391570 seconds
97.312: [GC [PSYoungGen: 7648K->496K(8192K)] 19823K->12671K(26112K), 0.0004370 secs] [Times: user=0.00 sys=0.00, real=0.00 secs] 
97.313: Total time for which application threads were stopped: 0.0005340 seconds, Stopping threads took: 0.0000390 seconds
97.352: Application time: 0.0392040 seconds
97.352: [GC [PSYoungGen: 7664K->496K(8192K)] 19839K->12671K(26112K), 0.0004300 secs] [Times: user=0.01 sys=0.00, real=0.00 secs] 
97.353: Total time for which application threads were stopped: 0.0005340 seconds, Stopping threads took: 0.0000510 seconds
97.392: Application time: 0.0392960 seconds
97.392: [GC [PSYoungGen: 7664K->528K(8192K)] 19839K->12703K(26112K), 0.0004560 secs] [Times: user=0.00 sys=0.00, real=0.00 secs] 
97.392: Total time for which application threads were stopped: 0.0005420 seconds, Stopping threads took: 0.0000340 seconds
97.432: Application time: 0.0392180 seconds
97.432: [GC [PSYoungGen: 7696K->528K(8192K)] 19871K->12759K(26112K), 0.0004700 secs] [Times: user=0.00 sys=0.00, real=0.00 secs] 
97.432: Total time for which application threads were stopped: 0.0005840 seconds, Stopping threads took: 0.0000480 seconds
97.473: Application time: 0.0402340 seconds
97.473: [GC [PSYoungGen: 7696K->448K(8192K)] 19927K->12679K(26112K), 0.0004810 secs] [Times: user=0.00 sys=0.00, real=0.00 secs] 
97.473: Total time for which application threads were stopped: 0.0005850 seconds, Stopping threads took: 0.0000470 seconds
97.512: Application time: 0.0393550 seconds
97.513: [GC [PSYoungGen: 7616K->416K(8192K)] 19847K->12704K(26112K), 0.0004480 secs] [Times: user=0.00 sys=0.00, real=0.00 secs] 
97.513: Total time for which application threads were stopped: 0.0005460 seconds, Stopping threads took: 0.0000460 seconds
97.552: Application time: 0.0392910 seconds
97.552: [GC [PSYoungGen: 7584K->384K(8192K)] 19872K->12728K(26112K), 0.0004020 secs] [Times: user=0.00 sys=0.00, real=0.00 secs] 
97.553: Total time for which application threads were stopped: 0.0005060 seconds, Stopping threads took: 0.0000470 seconds
97.593: Application time: 0.0400770 seconds
97.593: [GC [PSYoungGen: 7552K->368K(8192K)] 19896K->12768K(26112K), 0.0004640 secs] [Times: user=0.00 sys=0.00, real=0.00 secs] 
97.593: Total time for which application threads were stopped: 0.0005730 seconds, Stopping threads took: 0.0000470 seconds
97.633: Application time: 0.0393180 seconds
97.633: [GC [PSYoungGen: 7536K->288K(8192K)] 19936K->12816K(26112K), 0.0004550 secs] [Times: user=0.01 sys=0.00, real=0.00 secs] 
97.633: Total time for which application threads were stopped: 0.0006410 seconds, Stopping threads took: 0.0001220 seconds
97.673: Application time: 0.0393820 seconds
97.673: [GC [PSYoungGen: 7456K->272K(8192K)] 19984K->12848K(26112K), 0.0003920 secs] [Times: user=0.00 sys=0.00, real=0.00 secs] 
97.673: Total time for which application threads were stopped: 0.0004850 seconds, Stopping threads took: 0.0000390 seconds
97.712: Application time: 0.0391240 seconds
97.713: [GC [PSYoungGen: 7440K->288K(8192K)] 20016K->12864K(26112K), 0.0004270 secs] [Times: user=0.01 sys=0.00, real=0.00 secs] 
97.713: Total time for which application threads were stopped: 0.0005550 seconds, Stopping threads took: 0.0000620 seconds
97.751: Application time: 0.0384180 seconds
97.751: [GC [PSYoungGen: 7456K->352K(8192K)] 20032K->12928K(26112K), 0.0004140 secs] [Times: user=0.00 sys=0.00, real=0.00 secs] 
97.752: Total time for which application threads were stopped: 0.0005200 seconds, Stopping threads took: 0.0000470 seconds
97.791: Application time: 0.0388920 seconds
97.791: [GC [PSYoungGen: 7520K->384K(8192K)] 20096K->12960K(26112K), 0.0003780 secs] [Times: user=0.01 sys=0.00, real=0.00 secs] 
97.791: Total time for which application threads were stopped: 0.0004820 seconds, Stopping threads took: 0.0000500 seconds
97.830: Application time: 0.0382560 seconds
97.830: [GC [PSYoungGen: 7552K->448K(8192K)] 20128K->13024K(26112K), 0.0004760 secs] [Times: user=0.00 sys=0.00, real=0.00 secs] 
97.830: Total time for which application threads were stopped: 0.0005740 seconds, Stopping threads took: 0.0000440 seconds
97.869: Application time: 0.0386810 seconds
97.869: [GC [PSYoungGen: 7616K->496K(8192K)] 20192K->13072K(26112K), 0.0004570 secs] [Times: user=0.00 sys=0.00, real=0.00 secs] 
97.869: Total time for which application threads were stopped: 0.0005530 seconds, Stopping threads took: 0.0000440 seconds
97.909: Application time: 0.0395300 seconds
97.909: [GC [PSYoungGen: 7664K->512K(8192K)] 20240K->13088K(26112K), 0.0004420 secs] [Times: user=0.00 sys=0.00, real=0.00 secs] 
97.909: Total time for which application threads were stopped: 0.0005450 seconds, Stopping threads took: 0.0000510 seconds
97.949: Application time: 0.0393860 seconds
97.949: [GC [PSYoungGen: 7680K->480K(8192K)] 20256K->13056K(26112K), 0.0004170 secs] [Times: user=0.00 sys=0.00, real=0.00 secs] 
97.949: Total time for which application threads were stopped: 0.0005240 seconds, Stopping threads took: 0.0000400 seconds
97.989: Application time: 0.0392350 seconds
97.989: [GC [PSYoungGen: 7648K->496K(8192K)] 20224K->13072K(26112K), 0.0004810 secs] [Times: user=0.00 sys=0.00, real=0.01 secs] 
97.989: Total time for which application threads were stopped: 0.0005710 seconds, Stopping threads took: 0.0000350 seconds
98.028: Application time: 0.0392140 seconds
98.028: [GC [PSYoungGen: 7664K->480K(8192K)] 20240K->13056K(26112K), 0.0004720 secs] [Times: user=0.00 sys=0.00, real=0.01 secs] 
98.029: Total time for which application threads were stopped: 0.0005770 seconds, Stopping threads took: 0.0000500 seconds
98.068: Application time: 0.0392400 seconds
98.068: [GC [PSYoungGen: 7648K->528K(8192K)] 20224K->13104K(26112K), 0.0004760 secs] [Times: user=0.00 sys=0.00, real=0.01 secs] 
98.069: Total time for which application threads were stopped: 0.0005750 seconds, Stopping threads took: 0.0000390 seconds
98.108: Application time: 0.0392030 seconds
98.108: [GC [PSYoungGen: 7696K->480K(8192K)] 20272K->13056K(26112K), 0.0004660 secs] [Times: user=0.01 sys=0.00, real=0.00 secs] 
98.109: Total time for which application threads were stopped: 0.0005690 seconds, Stopping threads took: 0.0000470 seconds
98.148: Application time: 0.0392180 seconds
98.148: [GC [PSYoungGen: 7648K->464K(8192K)] 20224K->13040K(26112K), 0.0004370 secs] [Times: user=0.00 sys=0.00, real=0.00 secs] 
98.148: Total time for which application threads were stopped: 0.0005290 seconds, Stopping threads took: 0.0000340 seconds
98.188: Application time: 0.0392350 seconds
98.188: [GC [PSYoungGen: 7632K->480K(8192K)] 20208K->13056K(26112K), 0.0004640 secs] [Times: user=0.00 sys=0.00, real=0.00 secs] 
98.188: Total time for which application threads were stopped: 0.0005640 seconds, Stopping threads took: 0.0000360 seconds
98.227: Application time: 0.0392400 seconds
98.227: [GC [PSYoungGen: 7648K->480K(8192K)] 20224K->13128K(26112K), 0.0004610 secs] [Times: user=0.00 sys=0.00, real=0.00 secs] 
98.228: Total time for which application threads were stopped: 0.0005600 seconds, Stopping threads took: 0.0000450 seconds
98.267: Application time: 0.0392780 seconds
98.267: [GC [PSYoungGen: 7648K->448K(8192K)] 20296K->13096K(26112K), 0.0004540 secs] [Times: user=0.01 sys=0.00, real=0.00 secs] 
98.268: Total time for which application threads were stopped: 0.0005550 seconds, Stopping threads took: 0.0000430 seconds
98.307: Application time: 0.0393000 seconds
98.307: [GC [PSYoungGen: 7616K->448K(8192K)] 20264K->13144K(26112K), 0.0004570 secs] [Times: user=0.00 sys=0.00, real=0.00 secs] 
98.308: Total time for which application threads were stopped: 0.0005530 seconds, Stopping threads took: 0.0000380 seconds
98.347: Application time: 0.0398250 seconds
98.348: [GC [PSYoungGen: 7616K->336K(8192K)] 20312K->13112K(26112K), 0.0003950 secs] [Times: user=0.00 sys=0.00, real=0.00 secs] 
98.348: Total time for which application threads were stopped: 0.0005110 seconds, Stopping threads took: 0.0000590 seconds
98.387: Application time: 0.0392930 seconds
98.387: [GC [PSYoungGen: 7504K->352K(8192K)] 20280K->13184K(26112K), 0.0004030 secs] [Times: user=0.00 sys=0.00, real=0.00 secs] 
98.388: Total time for which application threads were stopped: 0.0004980 seconds, Stopping threads took: 0.0000400 seconds
98.426: Application time: 0.0387310 seconds
98.427: [GC [PSYoungGen: 7520K->288K(8192K)] 20352K->13200K(26112K), 0.0003920 secs] [Times: user=0.00 sys=0.00, real=0.00 secs] 
98.427: Total time for which application threads were stopped: 0.0004880 seconds, Stopping threads took: 0.0000420 seconds
98.466: Application time: 0.0395430 seconds
98.467: [GC [PSYoungGen: 7456K->272K(8192K)] 20368K->13232K(26112K), 0.0003660 secs] [Times: user=0.01 sys=0.00, real=0.00 secs] 
98.467: Total time for which application threads were stopped: 0.0004720 seconds, Stopping threads took: 0.0000440 seconds
98.505: Application time: 0.0385460 seconds
98.506: [GC [PSYoungGen: 7440K->304K(8192K)] 20400K->13264K(26112K), 0.0004530 secs] [Times: user=0.00 sys=0.00, real=0.00 secs] 
98.506: Total time for which application threads were stopped: 0.0005460 seconds, Stopping threads took: 0.0000420 seconds
98.544: Application time: 0.0383870 seconds
98.545: [GC [PSYoungGen: 7472K->368K(8192K)] 20432K->13328K(26112K), 0.0003950 secs] [Times: user=0.00 sys=0.00, real=0.00 secs] 
98.545: Total time for which application threads were stopped: 0.0004970 seconds, Stopping threads took: 0.0000440 seconds
98.583: Application time: 0.0381700 seconds
98.583: [GC [PSYoungGen: 7536K->400K(8192K)] 20496K->13360K(26112K), 0.0004060 secs] [Times: user=0.00 sys=0.00, real=0.00 secs] 
98.584: Total time for which application threads were stopped: 0.0005010 seconds, Stopping threads took: 0.0000420 seconds
98.623: Application time: 0.0390140 seconds
98.623: [GC [PSYoungGen: 7568K->464K(8192K)] 20528K->13424K(26112K), 0.0004000 secs] [Times: user=0.00 sys=0.00, real=0.00 secs] 
98.623: Total time for which application threads were stopped: 0.0004940 seconds, Stopping threads took: 0.0000410 seconds
98.662: Application time: 0.0390350 seconds
98.662: [GC [PSYoungGen: 7632K->528K(8192K)] 20592K->13488K(26112K), 0.0004120 secs] [Times: user=0.00 sys=0.00, real=0.00 secs] 
98.663: Total time for which application threads were stopped: 0.0005130 seconds, Stopping threads took: 0.0000470 seconds
98.702: Application time: 0.0389980 seconds
98.702: [GC [PSYoungGen: 7696K->544K(8192K)] 20656K->13504K(26112K), 0.0004200 secs] [Times: user=0.00 sys=0.00, real=0.00 secs] 
98.702: Total time for which application threads were stopped: 0.0005170 seconds, Stopping threads took: 0.0000450 seconds
98.742: Application time: 0.0396500 seconds
98.742: [GC [PSYoungGen: 7712K->496K(8192K)] 20672K->13456K(26112K), 0.0004760 secs] [Times: user=0.00 sys=0.00, real=0.00 secs] 
98.742: Total time for which application threads were stopped: 0.0005960 seconds, Stopping threads took: 0.0000550 seconds
98.782: Application time: 0.0392630 seconds
98.782: [GC [PSYoungGen: 7664K->512K(8192K)] 20624K->13472K(26112K), 0.0005050 secs] [Times: user=0.00 sys=0.00, real=0.00 secs] 
98.782: Total time for which application threads were stopped: 0.0005980 seconds, Stopping threads took: 0.0000380 seconds
98.821: Application time: 0.0391820 seconds
98.822: [GC [PSYoungGen: 7680K->528K(8192K)] 20640K->13488K(26112K), 0.0004090 secs] [Times: user=0.00 sys=0.00, real=0.00 secs] 
98.822: Total time for which application threads were stopped: 0.0005030 seconds, Stopping threads took: 0.0000410 seconds
98.861: Application time: 0.0392090 seconds
98.865: [GC [PSYoungGen: 7696K->512K(8192K)] 20656K->13472K(26112K), 0.0004150 secs] [Times: user=0.00 sys=0.00, real=0.00 secs] 
98.865: Total time for which application threads were stopped: 0.0039750 seconds, Stopping threads took: 0.0035030 seconds
98.904: Application time: 0.0392160 seconds
98.904: [GC [PSYoungGen: 7680K->480K(8192K)] 20640K->13440K(26112K), 0.0004360 secs] [Times: user=0.00 sys=0.00, real=0.00 secs] 
98.905: Total time for which application threads were stopped: 0.0005340 seconds, Stopping threads took: 0.0000400 seconds
98.944: Application time: 0.0392180 seconds
98.944: [GC [PSYoungGen: 7648K->528K(8192K)] 20608K->13488K(26112K), 0.0004650 secs] [Times: user=0.01 sys=0.00, real=0.00 secs] 
98.945: Total time for which application threads were stopped: 0.0005680 seconds, Stopping threads took: 0.0000470 seconds
98.985: Application time: 0.0402860 seconds
98.985: [GC [PSYoungGen: 7696K->496K(8192K)] 20656K->13456K(26112K), 0.0004580 secs] [Times: user=0.00 sys=0.00, real=0.00 secs] 
98.986: Total time for which application threads were stopped: 0.0005820 seconds, Stopping threads took: 0.0000530 seconds
99.026: Application time: 0.0405690 seconds
99.029: [GC [PSYoungGen: 7664K->416K(8192K)] 20624K->13432K(26112K), 0.0005390 secs] [Times: user=0.00 sys=0.00, real=0.00 secs] 
99.029: Total time for which application threads were stopped: 0.0031740 seconds, Stopping threads took: 0.0025680 seconds
99.070: Application time: 0.0404910 seconds
99.070: [GC [PSYoungGen: 7584K->432K(8192K)] 20600K->13448K(26112K), 0.0004950 secs] [Times: user=0.00 sys=0.00, real=0.00 secs] 
99.070: Total time for which application threads were stopped: 0.0006140 seconds, Stopping threads took: 0.0000570 seconds
99.111: Application time: 0.0404840 seconds
99.111: [GC [PSYoungGen: 7600K->432K(8192K)] 20616K->13504K(26112K), 0.0004320 secs] [Times: user=0.00 sys=0.00, real=0.00 secs] 
99.111: Total time for which application threads were stopped: 0.0005460 seconds, Stopping threads took: 0.0000550 seconds
99.151: Application time: 0.0394580 seconds
99.151: [GC [PSYoungGen: 7600K->320K(8192K)] 20672K->13488K(26112K), 0.0004530 secs] [Times: user=0.00 sys=0.00, real=0.00 secs] 
99.151: Total time for which application threads were stopped: 0.0005610 seconds, Stopping threads took: 0.0000540 seconds
99.191: Application time: 0.0392350 seconds
99.191: [GC [PSYoungGen: 7488K->256K(8192K)] 20656K->13512K(26112K), 0.0004280 secs] [Times: user=0.00 sys=0.00, real=0.00 secs] 
99.191: Total time for which application threads were stopped: 0.0005350 seconds, Stopping threads took: 0.0000510 seconds
99.230: Application time: 0.0389080 seconds
99.230: [GC [PSYoungGen: 7424K->320K(8192K)] 20680K->13640K(26112K), 0.0004000 secs] [Times: user=0.00 sys=0.00, real=0.00 secs] 
99.231: Total time for which application threads were stopped: 0.0004980 seconds, Stopping threads took: 0.0000430 seconds
99.269: Application time: 0.0386660 seconds
99.269: [GC [PSYoungGen: 7488K->320K(8192K)] 20808K->13696K(26112K), 0.0003740 secs] [Times: user=0.01 sys=0.00, real=0.00 secs] 
99.270: Total time for which application threads were stopped: 0.0004700 seconds, Stopping threads took: 0.0000430 seconds
99.309: Application time: 0.0395190 seconds
99.309: [GC [PSYoungGen: 7488K->272K(8192K)] 20864K->13648K(26112K), 0.0003910 secs] [Times: user=0.00 sys=0.00, real=0.00 secs] 
99.310: Total time for which application threads were stopped: 0.0004890 seconds, Stopping threads took: 0.0000450 seconds
99.348: Application time: 0.0382920 seconds
99.348: [GC [PSYoungGen: 7440K->352K(8192K)] 20816K->13728K(26112K), 0.0004270 secs] [Times: user=0.00 sys=0.00, real=0.00 secs] 
99.349: Total time for which application threads were stopped: 0.0005390 seconds, Stopping threads took: 0.0000570 seconds
99.386: Application time: 0.0377160 seconds
99.386: [GC [PSYoungGen: 7520K->464K(8192K)] 20896K->13840K(26112K), 0.0004510 secs] [Times: user=0.00 sys=0.00, real=0.00 secs] 
99.387: Total time for which application threads were stopped: 0.0005450 seconds, Stopping threads took: 0.0000390 seconds
99.426: Application time: 0.0391930 seconds
99.426: [GC [PSYoungGen: 7632K->464K(8192K)] 21008K->13840K(26112K), 0.0004330 secs] [Times: user=0.00 sys=0.00, real=0.00 secs] 
99.427: Total time for which application threads were stopped: 0.0005260 seconds, Stopping threads took: 0.0000410 seconds
99.466: Application time: 0.0389240 seconds
99.466: [GC [PSYoungGen: 7632K->528K(8192K)] 21008K->13904K(26112K), 0.0004380 secs] [Times: user=0.00 sys=0.00, real=0.00 secs] 
99.466: Total time for which application threads were stopped: 0.0005340 seconds, Stopping threads took: 0.0000390 seconds
99.505: Application time: 0.0392610 seconds
99.509: [GC [PSYoungGen: 7696K->544K(8192K)] 21072K->13920K(26112K), 0.0004480 secs] [Times: user=0.00 sys=0.00, real=0.00 secs] 
99.509: Total time for which application threads were stopped: 0.0038460 seconds, Stopping threads took: 0.0033350 seconds
99.548: Application time: 0.0392510 seconds
99.549: [GC [PSYoungGen: 7712K->512K(8192K)] 21088K->13888K(26112K), 0.0004470 secs] [Times: user=0.00 sys=0.00, real=0.01 secs] 
99.549: Total time for which application threads were stopped: 0.0005340 seconds, Stopping threads took: 0.0000330 seconds
99.588: Application time: 0.0392900 seconds
99.588: [GC [PSYoungGen: 7680K->512K(8192K)] 21056K->13888K(26112K), 0.0004760 secs] [Times: user=0.00 sys=0.00, real=0.01 secs] 
99.589: Total time for which application threads were stopped: 0.0005730 seconds, Stopping threads took: 0.0000410 seconds
99.628: Application time: 0.0392490 seconds
99.629: [GC [PSYoungGen: 7680K->496K(8192K)] 21056K->13872K(26112K), 0.0004260 secs] [Times: user=0.00 sys=0.00, real=0.00 secs] 
99.629: Total time for which application threads were stopped: 0.0010680 seconds, Stopping threads took: 0.0005860 seconds
99.668: Application time: 0.0392330 seconds
99.668: [GC [PSYoungGen: 7664K->480K(8192K)] 21040K->13856K(26112K), 0.0004160 secs] [Times: user=0.01 sys=0.00, real=0.01 secs] 
99.669: Total time for which application threads were stopped: 0.0005170 seconds, Stopping threads took: 0.0000450 seconds
99.709: Application time: 0.0396460 seconds
99.709: [GC [PSYoungGen: 7648K->512K(8192K)] 21024K->13888K(26112K), 0.0004910 secs] [Times: user=0.00 sys=0.00, real=0.00 secs] 
99.709: Total time for which application threads were stopped: 0.0006130 seconds, Stopping threads took: 0.0000480 seconds
99.748: Application time: 0.0391160 seconds
99.748: [GC [PSYoungGen: 7680K->496K(8192K)] 21056K->13872K(26112K), 0.0004380 secs] [Times: user=0.00 sys=0.00, real=0.01 secs] 
99.749: Total time for which application threads were stopped: 0.0005430 seconds, Stopping threads took: 0.0000440 seconds
99.788: Application time: 0.0391300 seconds
99.788: [GC [PSYoungGen: 7664K->480K(8192K)] 21040K->13856K(26112K), 0.0004270 secs] [Times: user=0.01 sys=0.00, real=0.00 secs] 
99.789: Total time for which application threads were stopped: 0.0005230 seconds, Stopping threads took: 0.0000400 seconds
99.828: Application time: 0.0392910 seconds
99.828: [GC [PSYoungGen: 7648K->384K(8192K)] 21024K->13808K(26112K), 0.0004250 secs] [Times: user=0.00 sys=0.00, real=0.00 secs] 
99.828: Total time for which application threads were stopped: 0.0005330 seconds, Stopping threads took: 0.0000510 seconds
99.868: Application time: 0.0392490 seconds
99.868: [GC [PSYoungGen: 7552K->432K(8192K)] 20976K->13912K(26112K), 0.0004250 secs] [Times: user=0.00 sys=0.00, real=0.00 secs] 
99.868: Total time for which application threads were stopped: 0.0005180 seconds, Stopping threads took: 0.0000420 seconds
99.907: Application time: 0.0392580 seconds
99.907: [GC [PSYoungGen: 7600K->448K(8192K)] 21080K->13928K(26112K), 0.0004040 secs] [Times: user=0.00 sys=0.00, real=0.00 secs] 
99.908: Total time for which application threads were stopped: 0.0005070 seconds, Stopping threads took: 0.0000470 seconds
99.947: Application time: 0.0392940 seconds
99.947: [GC [PSYoungGen: 7616K->352K(8192K)] 21096K->13924K(26112K), 0.0003870 secs] [Times: user=0.00 sys=0.00, real=0.00 secs] 
99.948: Total time for which application threads were stopped: 0.0004830 seconds, Stopping threads took: 0.0000420 seconds
99.987: Application time: 0.0390530 seconds
99.987: [GC [PSYoungGen: 7520K->272K(8192K)] 21092K->13972K(26112K), 0.0003800 secs] [Times: user=0.00 sys=0.00, real=0.00 secs] 
99.987: Total time for which application threads were stopped: 0.0004900 seconds, Stopping threads took: 0.0000550 seconds
100.026: Application time: 0.0392410 seconds
100.027: [GC [PSYoungGen: 7440K->304K(8192K)] 21140K->14004K(26112K), 0.0003670 secs] [Times: user=0.00 sys=0.00, real=0.00 secs] 
100.027: Total time for which application threads were stopped: 0.0004800 seconds, Stopping threads took: 0.0000480 seconds
100.066: Application time: 0.0390310 seconds
100.066: [GC [PSYoungGen: 7472K->288K(8192K)] 21172K->14044K(26112K), 0.0003750 secs] [Times: user=0.00 sys=0.00, real=0.00 secs] 
100.066: Total time for which application threads were stopped: 0.0004710 seconds, Stopping threads took: 0.0000430 seconds
100.106: Application time: 0.0393050 seconds
100.106: [GC [PSYoungGen: 7456K->320K(8192K)] 21212K->14076K(26112K), 0.0004470 secs] [Times: user=0.00 sys=0.00, real=0.00 secs] 
100.106: Total time for which application threads were stopped: 0.0005460 seconds, Stopping threads took: 0.0000450 seconds
100.144: Application time: 0.0379150 seconds
100.144: [GC [PSYoungGen: 7488K->384K(8192K)] 21244K->14140K(26112K), 0.0004250 secs] [Times: user=0.00 sys=0.00, real=0.00 secs] 
100.145: Total time for which application threads were stopped: 0.0005310 seconds, Stopping threads took: 0.0000510 seconds
100.183: Application time: 0.0378890 seconds
100.183: [GC [PSYoungGen: 7552K->432K(8192K)] 21308K->14189K(26112K), 0.0004340 secs] [Times: user=0.00 sys=0.00, real=0.00 secs] 
100.183: Total time for which application threads were stopped: 0.0005280 seconds, Stopping threads took: 0.0000400 seconds
100.222: Application time: 0.0389870 seconds
100.222: [GC [PSYoungGen: 7600K->496K(8192K)] 21357K->14253K(26112K), 0.0004170 secs] [Times: user=0.00 sys=0.00, real=0.00 secs] 
100.223: Total time for which application threads were stopped: 0.0005160 seconds, Stopping threads took: 0.0000450 seconds
100.262: Application time: 0.0392920 seconds
100.262: [GC [PSYoungGen: 7664K->496K(8192K)] 21421K->14252K(26112K), 0.0004520 secs] [Times: user=0.00 sys=0.00, real=0.00 secs] 
100.263: Total time for which application threads were stopped: 0.0005460 seconds, Stopping threads took: 0.0000420 seconds
100.302: Application time: 0.0394300 seconds
100.302: [GC [PSYoungGen: 7664K->560K(8192K)] 21420K->14317K(26112K), 0.0004940 secs] [Times: user=0.00 sys=0.00, real=0.00 secs] 
100.303: Total time for which application threads were stopped: 0.0005910 seconds, Stopping threads took: 0.0000430 seconds
100.342: Application time: 0.0394790 seconds
100.342: [GC [PSYoungGen: 7728K->480K(8192K)] 21485K->14236K(26112K), 0.0004580 secs] [Times: user=0.00 sys=0.00, real=0.00 secs] 
100.343: Total time for which application threads were stopped: 0.0005540 seconds, Stopping threads took: 0.0000420 seconds
100.382: Application time: 0.0389710 seconds
100.382: [GC [PSYoungGen: 7648K->560K(8192K)] 21404K->14316K(26112K), 0.0004190 secs] [Times: user=0.00 sys=0.00, real=0.00 secs] 
100.382: Total time for which application threads were stopped: 0.0005320 seconds, Stopping threads took: 0.0000470 seconds
100.421: Application time: 0.0393930 seconds
100.422: [GC [PSYoungGen: 7728K->528K(8192K)] 21484K->14285K(26112K), 0.0004840 secs] [Times: user=0.00 sys=0.00, real=0.00 secs] 
100.422: Total time for which application threads were stopped: 0.0005840 seconds, Stopping threads took: 0.0000460 seconds
100.462: Application time: 0.0397690 seconds
100.465: [GC [PSYoungGen: 7696K->480K(8192K)] 21453K->14237K(26112K), 0.0004760 secs] [Times: user=0.00 sys=0.00, real=0.00 secs] 
100.465: Total time for which application threads were stopped: 0.0032510 seconds, Stopping threads took: 0.0027070 seconds
100.505: Application time: 0.0395690 seconds
100.505: [GC [PSYoungGen: 7648K->480K(8192K)] 21405K->14236K(26112K), 0.0004450 secs] [Times: user=0.00 sys=0.00, real=0.00 secs] 
100.505: Total time for which application threads were stopped: 0.0005580 seconds, Stopping threads took: 0.0000520 seconds
100.544: Application time: 0.0387990 seconds
100.544: [GC [PSYoungGen: 7648K->480K(8192K)] 21404K->14236K(26112K), 0.0004280 secs] [Times: user=0.00 sys=0.00, real=0.00 secs] 
100.545: Total time for which application threads were stopped: 0.0005430 seconds, Stopping threads took: 0.0000480 seconds
100.584: Application time: 0.0391370 seconds
100.584: [GC [PSYoungGen: 7648K->432K(8192K)] 21404K->14237K(26112K), 0.0004360 secs] [Times: user=0.00 sys=0.00, real=0.00 secs] 
100.584: Total time for which application threads were stopped: 0.0005420 seconds, Stopping threads took: 0.0000510 seconds
100.625: Application time: 0.0403210 seconds
100.625: [GC [PSYoungGen: 7600K->448K(8192K)] 21405K->14253K(26112K), 0.0004420 secs] [Times: user=0.00 sys=0.00, real=0.00 secs] 
100.625: Total time for which application threads were stopped: 0.0005430 seconds, Stopping threads took: 0.0000420 seconds
100.664: Application time: 0.0392500 seconds
100.664: [GC [PSYoungGen: 7616K->448K(8192K)] 21421K->14309K(26112K), 0.0004250 secs] [Times: user=0.00 sys=0.00, real=0.00 secs] 
100.665: Total time for which application threads were stopped: 0.0005220 seconds, Stopping threads took: 0.0000460 seconds
100.704: Application time: 0.0393030 seconds
100.704: [GC [PSYoungGen: 7616K->432K(8192K)] 21477K->14293K(26112K), 0.0004110 secs] [Times: user=0.00 sys=0.00, real=0.00 secs] 
100.705: Total time for which application threads were stopped: 0.0005130 seconds, Stopping threads took: 0.0000450 seconds
100.744: Application time: 0.0394730 seconds
100.744: [GC [PSYoungGen: 7600K->320K(8192K)] 21461K->14261K(26112K), 0.0004920 secs] [Times: user=0.00 sys=0.00, real=0.00 secs] 
100.745: Total time for which application threads were stopped: 0.0006140 seconds, Stopping threads took: 0.0000560 seconds
100.784: Application time: 0.0389520 seconds
100.784: [GC [PSYoungGen: 7488K->352K(8192K)] 21429K->14405K(26112K), 0.0004190 secs] [Times: user=0.01 sys=0.00, real=0.00 secs] 
100.784: Total time for which application threads were stopped: 0.0005210 seconds, Stopping threads took: 0.0000460 seconds
100.823: Application time: 0.0392120 seconds
100.824: [GC [PSYoungGen: 7520K->272K(8192K)] 21573K->14373K(26112K), 0.0004240 secs] [Times: user=0.00 sys=0.00, real=0.00 secs] 
100.824: Total time for which application threads were stopped: 0.0005230 seconds, Stopping threads took: 0.0000460 seconds
100.863: Application time: 0.0388230 seconds
100.863: [GC [PSYoungGen: 7440K->272K(8192K)] 21541K->14373K(26112K), 0.0004420 secs] [Times: user=0.00 sys=0.00, real=0.00 secs] 
100.864: Total time for which application threads were stopped: 0.0016390 seconds, Stopping threads took: 0.0000520 seconds
100.903: Application time: 0.0384420 seconds
100.903: [GC [PSYoungGen: 7440K->336K(8192K)] 21541K->14437K(26112K), 0.0004050 secs] [Times: user=0.00 sys=0.00, real=0.00 secs] 
100.903: Total time for which application threads were stopped: 0.0005060 seconds, Stopping threads took: 0.0000450 seconds
100.942: Application time: 0.0389580 seconds
100.942: [GC [PSYoungGen: 7504K->352K(8192K)] 21605K->14453K(26112K), 0.0004150 secs] [Times: user=0.00 sys=0.00, real=0.00 secs] 
100.943: Total time for which application threads were stopped: 0.0005070 seconds, Stopping threads took: 0.0000380 seconds
100.981: Application time: 0.0377850 seconds
100.985: [GC [PSYoungGen: 7520K->480K(8192K)] 21621K->14581K(26112K), 0.0004460 secs] [Times: user=0.01 sys=0.00, real=0.00 secs] 
100.985: Total time for which application threads were stopped: 0.0045510 seconds, Stopping threads took: 0.0040460 seconds
101.024: Application time: 0.0389870 seconds
101.024: [GC [PSYoungGen: 7648K->480K(8192K)] 21749K->14581K(26112K), 0.0004410 secs] [Times: user=0.00 sys=0.00, real=0.00 secs] 
101.025: Total time for which application threads were stopped: 0.0005420 seconds, Stopping threads took: 0.0000440 seconds
101.064: Application time: 0.0393160 seconds
101.064: [GC [PSYoungGen: 7648K->496K(8192K)] 21749K->14597K(26112K), 0.0004240 secs] [Times: user=0.01 sys=0.00, real=0.00 secs] 
101.065: Total time for which application threads were stopped: 0.0005210 seconds, Stopping threads took: 0.0000370 seconds
101.104: Application time: 0.0393200 seconds
101.104: [GC [PSYoungGen: 7664K->480K(8192K)] 21765K->14581K(26112K), 0.0004130 secs] [Times: user=0.00 sys=0.00, real=0.00 secs] 
101.104: Total time for which application threads were stopped: 0.0005020 seconds, Stopping threads took: 0.0000350 seconds
101.144: Application time: 0.0393240 seconds
101.144: [GC [PSYoungGen: 7648K->496K(8192K)] 21749K->14597K(26112K), 0.0004650 secs] [Times: user=0.00 sys=0.00, real=0.00 secs] 
101.144: Total time for which application threads were stopped: 0.0005670 seconds, Stopping threads took: 0.0000450 seconds
101.184: Application time: 0.0392760 seconds
101.184: [GC [PSYoungGen: 7664K->512K(8192K)] 21765K->14613K(26112K), 0.0004150 secs] [Times: user=0.01 sys=0.00, real=0.00 secs] 
101.184: Total time for which application threads were stopped: 0.0005100 seconds, Stopping threads took: 0.0000390 seconds
101.224: Application time: 0.0397740 seconds
101.224: [GC [PSYoungGen: 7680K->496K(8192K)] 21781K->14597K(26112K), 0.0004430 secs] [Times: user=0.01 sys=0.00, real=0.00 secs] 
101.224: Total time for which application threads were stopped: 0.0005430 seconds, Stopping threads took: 0.0000420 seconds
101.264: Application time: 0.0392950 seconds
101.264: [GC [PSYoungGen: 7664K->480K(8192K)] 21765K->14581K(26112K), 0.0004260 secs] [Times: user=0.00 sys=0.00, real=0.00 secs] 
101.264: Total time for which application threads were stopped: 0.0005190 seconds, Stopping threads took: 0.0000350 seconds
101.303: Application time: 0.0392500 seconds
101.304: [GC [PSYoungGen: 7648K->464K(8192K)] 21749K->14565K(26112K), 0.0004320 secs] [Times: user=0.00 sys=0.00, real=0.00 secs] 
101.304: Total time for which application threads were stopped: 0.0005240 seconds, Stopping threads took: 0.0000380 seconds
101.343: Application time: 0.0392150 seconds
101.343: [GC [PSYoungGen: 7632K->496K(8192K)] 21733K->14597K(26112K), 0.0004220 secs] [Times: user=0.01 sys=0.00, real=0.00 secs] 
101.344: Total time for which application threads were stopped: 0.0005180 seconds, Stopping threads took: 0.0000400 seconds
101.383: Application time: 0.0393940 seconds
101.385: [GC [PSYoungGen: 7664K->480K(8192K)] 21765K->14637K(26112K), 0.0004300 secs] [Times: user=0.00 sys=0.00, real=0.00 secs] 
101.385: Total time for which application threads were stopped: 0.0020670 seconds, Stopping threads took: 0.0015810 seconds
101.424: Application time: 0.0392710 seconds
101.425: [GC [PSYoungGen: 7648K->432K(8192K)] 21805K->14589K(26112K), 0.0004380 secs] [Times: user=0.00 sys=0.00, real=0.00 secs] 
101.425: Total time for which application threads were stopped: 0.0005410 seconds, Stopping threads took: 0.0000500 seconds
101.464: Application time: 0.0392470 seconds
101.464: [GC [PSYoungGen: 7600K->416K(8192K)] 21757K->14621K(26112K), 0.0004390 secs] [Times: user=0.01 sys=0.00, real=0.00 secs] 
101.465: Total time for which application threads were stopped: 0.0005380 seconds, Stopping threads took: 0.0000400 seconds
101.504: Application time: 0.0392760 seconds
101.504: [GC [PSYoungGen: 7584K->368K(8192K)] 21789K->14621K(26112K), 0.0004070 secs] [Times: user=0.00 sys=0.00, real=0.00 secs] 
101.505: Total time for which application threads were stopped: 0.0005040 seconds, Stopping threads took: 0.0000420 seconds
101.544: Application time: 0.0392240 seconds
101.544: [GC [PSYoungGen: 7536K->352K(8192K)] 21789K->14661K(26112K), 0.0004330 secs] [Times: user=0.00 sys=0.00, real=0.00 secs] 
101.544: Total time for which application threads were stopped: 0.0005300 seconds, Stopping threads took: 0.0000450 seconds
101.583: Application time: 0.0390790 seconds
101.584: [GC [PSYoungGen: 7520K->272K(8192K)] 21829K->14693K(26112K), 0.0004410 secs] [Times: user=0.00 sys=0.00, real=0.00 secs] 
101.584: Total time for which application threads were stopped: 0.0005460 seconds, Stopping threads took: 0.0000400 seconds
101.623: Application time: 0.0391280 seconds
101.623: [GC [PSYoungGen: 7440K->272K(8192K)] 21861K->14749K(26112K), 0.0003730 secs] [Times: user=0.00 sys=0.00, real=0.00 secs] 
101.624: Total time for which application threads were stopped: 0.0004970 seconds, Stopping threads took: 0.0000690 seconds
101.663: Application time: 0.0392090 seconds
101.663: [GC [PSYoungGen: 7440K->336K(8192K)] 21917K->14813K(26112K), 0.0004160 secs] [Times: user=0.00 sys=0.00, real=0.00 secs] 
101.663: Total time for which application threads were stopped: 0.0005110 seconds, Stopping threads took: 0.0000400 seconds
101.702: Application time: 0.0387840 seconds
101.702: [GC [PSYoungGen: 7504K->368K(8192K)] 21981K->14845K(26112K), 0.0003960 secs] [Times: user=0.01 sys=0.00, real=0.00 secs] 
101.703: Total time for which application threads were stopped: 0.0004980 seconds, Stopping threads took: 0.0000470 seconds
101.741: Application time: 0.0383520 seconds
101.741: [GC [PSYoungGen: 7536K->464K(8192K)] 22013K->14941K(26112K), 0.0004300 secs] [Times: user=0.01 sys=0.00, real=0.00 secs] 
101.742: Total time for which application threads were stopped: 0.0005390 seconds, Stopping threads took: 0.0000500 seconds
101.780: Application time: 0.0386770 seconds
101.780: [GC [PSYoungGen: 7632K->480K(8192K)] 22109K->14957K(26112K), 0.0004230 secs] [Times: user=0.00 sys=0.00, real=0.00 secs] 
101.781: Total time for which application threads were stopped: 0.0005210 seconds, Stopping threads took: 0.0000420 seconds
101.819: Application time: 0.0387270 seconds
101.820: [GC [PSYoungGen: 7648K->480K(8192K)] 22125K->14957K(26112K), 0.0004700 secs] [Times: user=0.00 sys=0.00, real=0.00 secs] 
101.820: Total time for which application threads were stopped: 0.0005670 seconds, Stopping threads took: 0.0000420 seconds
101.859: Application time: 0.0391800 seconds
101.859: [GC [PSYoungGen: 7648K->528K(8192K)] 22125K->15005K(26112K), 0.0004340 secs] [Times: user=0.00 sys=0.00, real=0.00 secs] 
101.860: Total time for which application threads were stopped: 0.0005270 seconds, Stopping threads took: 0.0000400 seconds
101.899: Application time: 0.0396930 seconds
101.899: [GC [PSYoungGen: 7696K->512K(8192K)] 22173K->14989K(26112K), 0.0004180 secs] [Times: user=0.00 sys=0.00, real=0.00 secs] 
101.900: Total time for which application threads were stopped: 0.0005100 seconds, Stopping threads took: 0.0000390 seconds
101.939: Application time: 0.0395260 seconds
101.940: [GC [PSYoungGen: 7680K->496K(8192K)] 22157K->14973K(26112K), 0.0004330 secs] [Times: user=0.00 sys=0.00, real=0.00 secs] 
101.940: Total time for which application threads were stopped: 0.0005330 seconds, Stopping threads took: 0.0000450 seconds
101.980: Application time: 0.0399100 seconds
101.980: [GC [PSYoungGen: 7664K->512K(8192K)] 22141K->14989K(26112K), 0.0004580 secs] [Times: user=0.00 sys=0.00, real=0.00 secs] 
101.980: Total time for which application threads were stopped: 0.0005690 seconds, Stopping threads took: 0.0000490 seconds
102.020: Application time: 0.0393410 seconds
102.020: [GC [PSYoungGen: 7680K->480K(8192K)] 22157K->14957K(26112K), 0.0004320 secs] [Times: user=0.00 sys=0.00, real=0.00 secs] 
102.020: Total time for which application threads were stopped: 0.0005500 seconds, Stopping threads took: 0.0000500 seconds
102.060: Application time: 0.0393010 seconds
102.060: [GC [PSYoungGen: 7648K->528K(8192K)] 22125K->15005K(26112K), 0.0004220 secs] [Times: user=0.00 sys=0.00, real=0.00 secs] 
102.060: Total time for which application threads were stopped: 0.0005190 seconds, Stopping threads took: 0.0000440 seconds
102.099: Application time: 0.0389860 seconds
102.099: [GC [PSYoungGen: 7696K->512K(8192K)] 22173K->14989K(26112K), 0.0004440 secs] [Times: user=0.00 sys=0.00, real=0.00 secs] 
102.100: Total time for which application threads were stopped: 0.0005460 seconds, Stopping threads took: 0.0000410 seconds
102.140: Application time: 0.0402030 seconds
102.140: [GC [PSYoungGen: 7680K->480K(8192K)] 22157K->14957K(26112K), 0.0004790 secs] [Times: user=0.01 sys=0.00, real=0.00 secs] 
102.141: Total time for which application threads were stopped: 0.0005860 seconds, Stopping threads took: 0.0000470 seconds
102.180: Application time: 0.0392590 seconds
102.180: [GC [PSYoungGen: 7648K->464K(8192K)] 22125K->15005K(26112K), 0.0004200 secs] [Times: user=0.00 sys=0.00, real=0.00 secs] 
102.180: Total time for which application threads were stopped: 0.0005210 seconds, Stopping threads took: 0.0000460 seconds
102.219: Application time: 0.0392140 seconds
102.220: [GC [PSYoungGen: 7632K->464K(8192K)] 22173K->15053K(26112K), 0.0004170 secs] [Times: user=0.00 sys=0.00, real=0.00 secs] 
102.220: Total time for which application threads were stopped: 0.0005180 seconds, Stopping threads took: 0.0000460 seconds
102.259: Application time: 0.0392730 seconds
102.259: [GC [PSYoungGen: 7632K->384K(8192K)] 22221K->14973K(26112K), 0.0004120 secs] [Times: user=0.00 sys=0.00, real=0.00 secs] 
102.260: Total time for which application threads were stopped: 0.0004990 seconds, Stopping threads took: 0.0000330 seconds
102.299: Application time: 0.0392190 seconds
102.299: [GC [PSYoungGen: 7552K->384K(8192K)] 22141K->15029K(26112K), 0.0003900 secs] [Times: user=0.00 sys=0.00, real=0.00 secs] 
102.299: Total time for which application threads were stopped: 0.0004810 seconds, Stopping threads took: 0.0000380 seconds
102.339: Application time: 0.0391840 seconds
102.339: [GC [PSYoungGen: 7552K->288K(8192K)] 22197K->15045K(26112K), 0.0003900 secs] [Times: user=0.00 sys=0.00, real=0.00 secs] 
102.339: Total time for which application threads were stopped: 0.0004910 seconds, Stopping threads took: 0.0000420 seconds
102.378: Application time: 0.0390540 seconds
102.378: [GC [PSYoungGen: 7456K->288K(8192K)] 22213K->15093K(26112K), 0.0004330 secs] [Times: user=0.00 sys=0.00, real=0.00 secs] 
102.379: Total time for which application threads were stopped: 0.0005280 seconds, Stopping threads took: 0.0000410 seconds
102.417: Application time: 0.0386970 seconds
102.418: [GC [PSYoungGen: 7456K->288K(8192K)] 22261K->15149K(26112K), 0.0004230 secs] [Times: user=0.00 sys=0.00, real=0.00 secs] 
102.418: Total time for which application threads were stopped: 0.0005220 seconds, Stopping threads took: 0.0000420 seconds
102.458: Application time: 0.0397760 seconds
102.458: [GC [PSYoungGen: 7456K->288K(8192K)] 22317K->15149K(26112K), 0.0003680 secs] [Times: user=0.00 sys=0.00, real=0.00 secs] 
102.458: Total time for which application threads were stopped: 0.0004650 seconds, Stopping threads took: 0.0000450 seconds
102.496: Application time: 0.0379300 seconds
102.496: [GC [PSYoungGen: 7456K->320K(8192K)] 22317K->15181K(26112K), 0.0003740 secs] [Times: user=0.00 sys=0.00, real=0.00 secs] 
102.497: Total time for which application threads were stopped: 0.0004630 seconds, Stopping threads took: 0.0000370 seconds
102.535: Application time: 0.0382950 seconds
102.535: [GC [PSYoungGen: 7488K->432K(8192K)] 22349K->15293K(26112K), 0.0004150 secs] [Times: user=0.00 sys=0.00, real=0.00 secs] 
102.535: Total time for which application threads were stopped: 0.0005150 seconds, Stopping threads took: 0.0000440 seconds
102.574: Application time: 0.0387540 seconds
102.574: [GC [PSYoungGen: 7600K->448K(8192K)] 22461K->15309K(26112K), 0.0004360 secs] [Times: user=0.00 sys=0.00, real=0.00 secs] 
102.575: Total time for which application threads were stopped: 0.0005380 seconds, Stopping threads took: 0.0000450 seconds
102.614: Application time: 0.0389450 seconds
102.614: [GC [PSYoungGen: 7616K->480K(8192K)] 22477K->15341K(26112K), 0.0004530 secs] [Times: user=0.00 sys=0.00, real=0.00 secs] 
102.614: Total time for which application threads were stopped: 0.0005640 seconds, Stopping threads took: 0.0000440 seconds
102.653: Application time: 0.0392160 seconds
102.654: [GC [PSYoungGen: 7648K->512K(8192K)] 22509K->15373K(26112K), 0.0004240 secs] [Times: user=0.00 sys=0.00, real=0.00 secs] 
102.654: Total time for which application threads were stopped: 0.0005270 seconds, Stopping threads took: 0.0000490 seconds
102.694: Application time: 0.0396460 seconds
102.694: [GC [PSYoungGen: 7680K->528K(8192K)] 22541K->15389K(26112K), 0.0004260 secs] [Times: user=0.00 sys=0.00, real=0.00 secs] 
102.694: Total time for which application threads were stopped: 0.0005260 seconds, Stopping threads took: 0.0000450 seconds
102.734: Application time: 0.0397170 seconds
102.734: [GC [PSYoungGen: 7696K->496K(8192K)] 22557K->15357K(26112K), 0.0004590 secs] [Times: user=0.00 sys=0.00, real=0.00 secs] 
102.734: Total time for which application threads were stopped: 0.0005750 seconds, Stopping threads took: 0.0000520 seconds
102.774: Application time: 0.0391880 seconds
102.774: [GC [PSYoungGen: 7664K->528K(8192K)] 22525K->15389K(26112K), 0.0004690 secs] [Times: user=0.00 sys=0.00, real=0.00 secs] 
102.774: Total time for which application threads were stopped: 0.0005730 seconds, Stopping threads took: 0.0000500 seconds
102.813: Application time: 0.0392100 seconds
102.814: [GC [PSYoungGen: 7696K->480K(8192K)] 22557K->15341K(26112K), 0.0004320 secs] [Times: user=0.00 sys=0.00, real=0.00 secs] 
102.814: Total time for which application threads were stopped: 0.0005330 seconds, Stopping threads took: 0.0000450 seconds
102.853: Application time: 0.0393950 seconds
102.853: [GC [PSYoungGen: 7648K->480K(8192K)] 22509K->15341K(26112K), 0.0004170 secs] [Times: user=0.01 sys=0.00, real=0.00 secs] 
102.854: Total time for which application threads were stopped: 0.0005210 seconds, Stopping threads took: 0.0000520 seconds
102.893: Application time: 0.0389260 seconds
102.893: [GC [PSYoungGen: 7648K->512K(8192K)] 22509K->15373K(26112K), 0.0004310 secs] [Times: user=0.00 sys=0.00, real=0.00 secs] 
102.893: Total time for which application threads were stopped: 0.0005240 seconds, Stopping threads took: 0.0000400 seconds
102.932: Application time: 0.0390520 seconds
102.932: [GC [PSYoungGen: 7680K->496K(8192K)] 22541K->15357K(26112K), 0.0004290 secs] [Times: user=0.00 sys=0.00, real=0.00 secs] 
102.933: Total time for which application threads were stopped: 0.0005300 seconds, Stopping threads took: 0.0000460 seconds
102.972: Application time: 0.0391250 seconds
102.972: [GC [PSYoungGen: 7664K->464K(8192K)] 22525K->15373K(26112K), 0.0004540 secs] [Times: user=0.00 sys=0.00, real=0.00 secs] 
102.973: Total time for which application threads were stopped: 0.0005560 seconds, Stopping threads took: 0.0000460 seconds
103.012: Application time: 0.0392560 seconds
103.012: [GC [PSYoungGen: 7632K->448K(8192K)] 22541K->15413K(26112K), 0.0004240 secs] [Times: user=0.00 sys=0.00, real=0.00 secs] 
103.012: Total time for which application threads were stopped: 0.0005220 seconds, Stopping threads took: 0.0000420 seconds
103.052: Application time: 0.0393020 seconds
103.052: [GC [PSYoungGen: 7616K->416K(8192K)] 22581K->15381K(26112K), 0.0004440 secs] [Times: user=0.00 sys=0.00, real=0.00 secs] 
103.052: Total time for which application threads were stopped: 0.0005420 seconds, Stopping threads took: 0.0000440 seconds
103.092: Application time: 0.0395860 seconds
103.092: [GC [PSYoungGen: 7584K->352K(8192K)] 22549K->15405K(26112K), 0.0004580 secs] [Times: user=0.00 sys=0.00, real=0.00 secs] 
103.092: Total time for which application threads were stopped: 0.0005580 seconds, Stopping threads took: 0.0000470 seconds
103.132: Application time: 0.0392120 seconds
103.132: [GC [PSYoungGen: 7520K->288K(8192K)] 22573K->15429K(26112K), 0.0003950 secs] [Times: user=0.01 sys=0.00, real=0.00 secs] 
103.132: Total time for which application threads were stopped: 0.0005110 seconds, Stopping threads took: 0.0000540 seconds
103.171: Application time: 0.0384850 seconds
103.171: [GC [PSYoungGen: 7456K->320K(8192K)] 22597K->15525K(26112K), 0.0004010 secs] [Times: user=0.00 sys=0.00, real=0.00 secs] 
103.171: Total time for which application threads were stopped: 0.0004970 seconds, Stopping threads took: 0.0000430 seconds
103.210: Application time: 0.0387840 seconds
103.210: [GC [PSYoungGen: 7488K->320K(8192K)] 22693K->15589K(26112K), 0.0003720 secs] [Times: user=0.00 sys=0.00, real=0.00 secs] 
103.210: Total time for which application threads were stopped: 0.0004650 seconds, Stopping threads took: 0.0000400 seconds
103.250: Application time: 0.0396420 seconds
103.250: [GC [PSYoungGen: 7488K->304K(8192K)] 22757K->15573K(26112K), 0.0004030 secs] [Times: user=0.00 sys=0.00, real=0.00 secs] 
103.250: Total time for which application threads were stopped: 0.0005000 seconds, Stopping threads took: 0.0000450 seconds
103.289: Application time: 0.0382690 seconds
103.289: [GC [PSYoungGen: 7472K->368K(8192K)] 22741K->15637K(26112K), 0.0004380 secs] [Times: user=0.01 sys=0.00, real=0.00 secs] 
103.289: Total time for which application threads were stopped: 0.0005320 seconds, Stopping threads took: 0.0000410 seconds
103.327: Application time: 0.0380970 seconds
103.327: [GC [PSYoungGen: 7536K->432K(8192K)] 22805K->15701K(26112K), 0.0004340 secs] [Times: user=0.00 sys=0.00, real=0.00 secs] 
103.328: Total time for which application threads were stopped: 0.0005210 seconds, Stopping threads took: 0.0000330 seconds
103.367: Application time: 0.0388840 seconds
103.367: [GC [PSYoungGen: 7600K->464K(8192K)] 22869K->15734K(26112K), 0.0004980 secs] [Times: user=0.00 sys=0.00, real=0.00 secs] 
103.367: Total time for which application threads were stopped: 0.0005900 seconds, Stopping threads took: 0.0000370 seconds
103.407: Application time: 0.0392750 seconds
103.407: [GC [PSYoungGen: 7632K->448K(8192K)] 22902K->15718K(26112K), 0.0005360 secs] [Times: user=0.00 sys=0.00, real=0.00 secs] 
103.407: Total time for which application threads were stopped: 0.0006290 seconds, Stopping threads took: 0.0000420 seconds
103.447: Application time: 0.0399240 seconds
103.447: [GC [PSYoungGen: 7616K->464K(8192K)] 22886K->15734K(26112K), 0.0004380 secs] [Times: user=0.01 sys=0.00, real=0.00 secs] 
103.448: Total time for which application threads were stopped: 0.0005400 seconds, Stopping threads took: 0.0000470 seconds
103.488: Application time: 0.0402060 seconds
103.488: [GC [PSYoungGen: 7632K->544K(8192K)] 22902K->15813K(26112K), 0.0004440 secs] [Times: user=0.00 sys=0.00, real=0.00 secs] 
103.489: Total time for which application threads were stopped: 0.0005490 seconds, Stopping threads took: 0.0000480 seconds
103.528: Application time: 0.0391500 seconds
103.528: [GC [PSYoungGen: 7712K->512K(8192K)] 22981K->15781K(26112K), 0.0004240 secs] [Times: user=0.00 sys=0.00, real=0.00 secs] 
103.528: Total time for which application threads were stopped: 0.0005420 seconds, Stopping threads took: 0.0000660 seconds
103.567: Application time: 0.0390030 seconds
103.567: [GC [PSYoungGen: 7680K->512K(8192K)] 22949K->15781K(26112K), 0.0004480 secs] [Times: user=0.00 sys=0.00, real=0.00 secs] 
103.568: Total time for which application threads were stopped: 0.0005500 seconds, Stopping threads took: 0.0000490 seconds
103.607: Application time: 0.0391560 seconds
103.607: [GC [PSYoungGen: 7680K->528K(8192K)] 22949K->15797K(26112K), 0.0004600 secs] [Times: user=0.00 sys=0.00, real=0.00 secs] 
103.607: Total time for which application threads were stopped: 0.0005610 seconds, Stopping threads took: 0.0000500 seconds
103.648: Application time: 0.0405020 seconds
103.648: [GC [PSYoungGen: 7696K->480K(8192K)] 22965K->15749K(26112K), 0.0004830 secs] [Times: user=0.00 sys=0.00, real=0.00 secs] 
103.649: Total time for which application threads were stopped: 0.0005990 seconds, Stopping threads took: 0.0000420 seconds
103.688: Application time: 0.0391130 seconds
103.688: [GC [PSYoungGen: 7648K->512K(8192K)] 22917K->15781K(26112K), 0.0004210 secs] [Times: user=0.00 sys=0.00, real=0.00 secs] 
103.688: Total time for which application threads were stopped: 0.0005220 seconds, Stopping threads took: 0.0000440 seconds
103.727: Application time: 0.0391700 seconds
103.727: [GC [PSYoungGen: 7680K->496K(8192K)] 22949K->15765K(26112K), 0.0004690 secs] [Times: user=0.01 sys=0.00, real=0.00 secs] 
103.728: Total time for which application threads were stopped: 0.0005950 seconds, Stopping threads took: 0.0000570 seconds
103.768: Application time: 0.0399310 seconds
103.768: [GC [PSYoungGen: 7664K->432K(8192K)] 22933K->15758K(26112K), 0.0004850 secs] [Times: user=0.00 sys=0.00, real=0.00 secs] 
103.769: Total time for which application threads were stopped: 0.0005890 seconds, Stopping threads took: 0.0000440 seconds
103.808: Application time: 0.0392770 seconds
103.808: [GC [PSYoungGen: 7600K->384K(8192K)] 22926K->15758K(26112K), 0.0004710 secs] [Times: user=0.00 sys=0.00, real=0.00 secs] 
103.808: Total time for which application threads were stopped: 0.0005880 seconds, Stopping threads took: 0.0000610 seconds
103.848: Application time: 0.0393160 seconds
103.848: [GC [PSYoungGen: 7552K->384K(8192K)] 22926K->15758K(26112K), 0.0004450 secs] [Times: user=0.00 sys=0.00, real=0.00 secs] 
103.848: Total time for which application threads were stopped: 0.0005410 seconds, Stopping threads took: 0.0000410 seconds
103.888: Application time: 0.0393110 seconds
103.888: [GC [PSYoungGen: 7552K->352K(8192K)] 22926K->15814K(26112K), 0.0004380 secs] [Times: user=0.00 sys=0.00, real=0.00 secs] 
103.888: Total time for which application threads were stopped: 0.0005380 seconds, Stopping threads took: 0.0000450 seconds
103.927: Application time: 0.0391580 seconds
103.927: [GC [PSYoungGen: 7520K->336K(8192K)] 22982K->15894K(26112K), 0.0004290 secs] [Times: user=0.00 sys=0.00, real=0.00 secs] 
103.928: Total time for which application threads were stopped: 0.0005320 seconds, Stopping threads took: 0.0000510 seconds
103.967: Application time: 0.0392010 seconds
103.967: [GC [PSYoungGen: 7504K->272K(8192K)] 23062K->15918K(26112K), 0.0004120 secs] [Times: user=0.00 sys=0.00, real=0.00 secs] 
103.967: Total time for which application threads were stopped: 0.0005090 seconds, Stopping threads took: 0.0000450 seconds
104.006: Application time: 0.0384910 seconds
104.006: [GC [PSYoungGen: 7440K->272K(8192K)] 23086K->15918K(26112K), 0.0004220 secs] [Times: user=0.00 sys=0.00, real=0.00 secs] 
104.007: Total time for which application threads were stopped: 0.0005170 seconds, Stopping threads took: 0.0000430 seconds
104.045: Application time: 0.0387010 seconds
104.045: [GC [PSYoungGen: 7440K->336K(8192K)] 23086K->15982K(26112K), 0.0003910 secs] [Times: user=0.00 sys=0.00, real=0.00 secs] 
104.046: Total time for which application threads were stopped: 0.0004930 seconds, Stopping threads took: 0.0000430 seconds
104.085: Application time: 0.0390430 seconds
104.085: [GC [PSYoungGen: 7504K->368K(8192K)] 23150K->16014K(26112K), 0.0004070 secs] [Times: user=0.00 sys=0.00, real=0.00 secs] 
104.085: Total time for which application threads were stopped: 0.0005100 seconds, Stopping threads took: 0.0000480 seconds
104.123: Application time: 0.0378400 seconds
104.123: [GC [PSYoungGen: 7536K->480K(8192K)] 23182K->16126K(26112K), 0.0004220 secs] [Times: user=0.01 sys=0.00, real=0.00 secs] 
104.124: Total time for which application threads were stopped: 0.0005190 seconds, Stopping threads took: 0.0000420 seconds
104.162: Application time: 0.0386090 seconds
104.162: [GC [PSYoungGen: 7648K->496K(8192K)] 23294K->16142K(26112K), 0.0004460 secs] [Times: user=0.01 sys=0.00, real=0.00 secs] 
104.163: Total time for which application threads were stopped: 0.0005450 seconds, Stopping threads took: 0.0000360 seconds
104.202: Application time: 0.0392960 seconds
104.202: [GC [PSYoungGen: 7664K->496K(8192K)] 23310K->16142K(26112K), 0.0004760 secs] [Times: user=0.00 sys=0.00, real=0.00 secs] 
104.203: Total time for which application threads were stopped: 0.0005750 seconds, Stopping threads took: 0.0000450 seconds
104.242: Application time: 0.0394730 seconds
104.242: [GC [PSYoungGen: 7664K->496K(8192K)] 23310K->16142K(26112K), 0.0004350 secs] [Times: user=0.00 sys=0.00, real=0.00 secs] 
104.243: Total time for which application threads were stopped: 0.0005310 seconds, Stopping threads took: 0.0000430 seconds
104.282: Application time: 0.0393250 seconds
104.282: [GC [PSYoungGen: 7664K->512K(8192K)] 23310K->16158K(26112K), 0.0004900 secs] [Times: user=0.00 sys=0.00, real=0.00 secs] 
104.283: Total time for which application threads were stopped: 0.0005860 seconds, Stopping threads took: 0.0000420 seconds
104.322: Application time: 0.0391860 seconds
104.322: [GC [PSYoungGen: 7680K->560K(8192K)] 23326K->16206K(26112K), 0.0004710 secs] [Times: user=0.00 sys=0.00, real=0.00 secs] 
104.322: Total time for which application threads were stopped: 0.0005720 seconds, Stopping threads took: 0.0000480 seconds
104.361: Application time: 0.0391430 seconds
104.365: [GC [PSYoungGen: 7728K->528K(8192K)] 23374K->16174K(26112K), 0.0004270 secs] [Times: user=0.01 sys=0.00, real=0.00 secs] 
104.365: Total time for which application threads were stopped: 0.0037150 seconds, Stopping threads took: 0.0032330 seconds
104.404: Application time: 0.0392300 seconds
104.404: [GC [PSYoungGen: 7696K->528K(8192K)] 23342K->16174K(26112K), 0.0004450 secs] [Times: user=0.00 sys=0.00, real=0.00 secs] 
104.405: Total time for which application threads were stopped: 0.0005360 seconds, Stopping threads took: 0.0000330 seconds
104.444: Application time: 0.0392310 seconds
104.444: [GC [PSYoungGen: 7696K->512K(8192K)] 23342K->16158K(26112K), 0.0004330 secs] [Times: user=0.01 sys=0.00, real=0.00 secs] 
104.445: Total time for which application threads were stopped: 0.0005330 seconds, Stopping threads took: 0.0000460 seconds
104.484: Application time: 0.0392110 seconds
104.484: [GC [PSYoungGen: 7680K->480K(8192K)] 23326K->16126K(26112K), 0.0005250 secs] [Times: user=0.00 sys=0.00, real=0.00 secs] 
104.485: Total time for which application threads were stopped: 0.0006220 seconds, Stopping threads took: 0.0000400 seconds
104.523: Application time: 0.0389360 seconds
104.524: [GC [PSYoungGen: 7648K->480K(8192K)] 23294K->16174K(26112K), 0.0004280 secs] [Times: user=0.00 sys=0.00, real=0.00 secs] 
104.524: Total time for which application threads were stopped: 0.0005300 seconds, Stopping threads took: 0.0000420 seconds
104.563: Application time: 0.0393470 seconds
104.563: [GC [PSYoungGen: 7648K->512K(8192K)] 23342K->16206K(26112K), 0.0004150 secs] [Times: user=0.00 sys=0.00, real=0.00 secs] 
104.564: Total time for which application threads were stopped: 0.0005120 seconds, Stopping threads took: 0.0000420 seconds
104.603: Application time: 0.0392520 seconds
104.603: [GC [PSYoungGen: 7680K->448K(8192K)] 23374K->16198K(26112K), 0.0004280 secs] [Times: user=0.00 sys=0.00, real=0.00 secs] 
104.604: Total time for which application threads were stopped: 0.0005270 seconds, Stopping threads took: 0.0000410 seconds
104.643: Application time: 0.0392170 seconds
104.643: [GC [PSYoungGen: 7616K->400K(8192K)] 23366K->16206K(26112K), 0.0004300 secs] [Times: user=0.00 sys=0.00, real=0.00 secs] 
104.643: Total time for which application threads were stopped: 0.0005260 seconds, Stopping threads took: 0.0000390 seconds
104.683: Application time: 0.0391880 seconds
104.683: [GC [PSYoungGen: 7568K->352K(8192K)] 23374K->16214K(26112K), 0.0004360 secs] [Times: user=0.00 sys=0.00, real=0.00 secs] 
104.683: Total time for which application threads were stopped: 0.0005410 seconds, Stopping threads took: 0.0000390 seconds
104.722: Application time: 0.0388120 seconds
104.722: [GC [PSYoungGen: 7520K->288K(8192K)] 23382K->16270K(26112K), 0.0004470 secs] [Times: user=0.00 sys=0.00, real=0.00 secs] 
104.723: Total time for which application threads were stopped: 0.0005690 seconds, Stopping threads took: 0.0000450 seconds
104.762: Application time: 0.0395540 seconds
104.762: [GC [PSYoungGen: 7456K->272K(8192K)] 23438K->16302K(26112K), 0.0003780 secs] [Times: user=0.00 sys=0.00, real=0.00 secs] 
104.763: Total time for which application threads were stopped: 0.0004750 seconds, Stopping threads took: 0.0000430 seconds
104.801: Application time: 0.0386680 seconds
104.801: [GC [PSYoungGen: 7440K->320K(8192K)] 23470K->16350K(26112K), 0.0003720 secs] [Times: user=0.00 sys=0.00, real=0.00 secs] 
104.802: Total time for which application threads were stopped: 0.0004680 seconds, Stopping threads took: 0.0000450 seconds
104.840: Application time: 0.0387150 seconds
104.840: [GC [PSYoungGen: 7488K->336K(8192K)] 23518K->16366K(26112K), 0.0003860 secs] [Times: user=0.00 sys=0.00, real=0.00 secs] 
104.841: Total time for which application threads were stopped: 0.0004850 seconds, Stopping threads took: 0.0000450 seconds
104.880: Application time: 0.0391550 seconds
104.880: [GC [PSYoungGen: 7504K->368K(8192K)] 23534K->16398K(26112K), 0.0004520 secs] [Times: user=0.00 sys=0.00, real=0.00 secs] 
104.881: Total time for which application threads were stopped: 0.0005530 seconds, Stopping threads took: 0.0000440 seconds
104.918: Application time: 0.0377500 seconds
104.918: [GC [PSYoungGen: 7536K->464K(8192K)] 23566K->16494K(26112K), 0.0005010 secs] [Times: user=0.00 sys=0.00, real=0.00 secs] 
104.919: Total time for which application threads were stopped: 0.0005990 seconds, Stopping threads took: 0.0000400 seconds
104.958: Application time: 0.0389390 seconds
104.958: [GC [PSYoungGen: 7632K->528K(8192K)] 23662K->16558K(26112K), 0.0004360 secs] [Times: user=0.00 sys=0.00, real=0.00 secs] 
104.958: Total time for which application threads were stopped: 0.0005330 seconds, Stopping threads took: 0.0000400 seconds
104.999: Application time: 0.0402680 seconds
104.999: [GC [PSYoungGen: 7696K->464K(8192K)] 23726K->16494K(26112K), 0.0005190 secs] [Times: user=0.01 sys=0.00, real=0.00 secs] 
104.999: Total time for which application threads were stopped: 0.0006320 seconds, Stopping threads took: 0.0000540 seconds
105.039: Application time: 0.0394850 seconds
105.039: [GC [PSYoungGen: 7632K->512K(8192K)] 23662K->16542K(26112K), 0.0004780 secs] [Times: user=0.00 sys=0.00, real=0.00 secs] 
105.039: Total time for which application threads were stopped: 0.0005700 seconds, Stopping threads took: 0.0000360 seconds
105.079: Application time: 0.0391840 seconds
105.079: [GC [PSYoungGen: 7680K->464K(8192K)] 23710K->16494K(26112K), 0.0004660 secs] [Times: user=0.00 sys=0.00, real=0.00 secs] 
105.079: Total time for which application threads were stopped: 0.0005640 seconds, Stopping threads took: 0.0000430 seconds
105.118: Application time: 0.0391430 seconds
105.118: [GC [PSYoungGen: 7632K->512K(8192K)] 23662K->16542K(26112K), 0.0005150 secs] [Times: user=0.00 sys=0.00, real=0.00 secs] 
105.119: Total time for which application threads were stopped: 0.0006150 seconds, Stopping threads took: 0.0000460 seconds
105.160: Application time: 0.0411250 seconds
105.160: [GC [PSYoungGen: 7680K->512K(8192K)] 23710K->16542K(26112K), 0.0004390 secs] [Times: user=0.00 sys=0.00, real=0.00 secs] 
105.161: Total time for which application threads were stopped: 0.0005440 seconds, Stopping threads took: 0.0000500 seconds
105.200: Application time: 0.0392270 seconds
105.200: [GC [PSYoungGen: 7680K->512K(8192K)] 23710K->16542K(26112K), 0.0004470 secs] [Times: user=0.00 sys=0.00, real=0.00 secs] 
105.200: Total time for which application threads were stopped: 0.0005510 seconds, Stopping threads took: 0.0000420 seconds
105.240: Application time: 0.0392630 seconds
105.240: [GC [PSYoungGen: 7680K->496K(8192K)] 23710K->16526K(26112K), 0.0004520 secs] [Times: user=0.00 sys=0.00, real=0.00 secs] 
105.240: Total time for which application threads were stopped: 0.0005460 seconds, Stopping threads took: 0.0000430 seconds
105.279: Application time: 0.0392060 seconds
105.279: [GC [PSYoungGen: 7664K->512K(8192K)] 23694K->16542K(26112K), 0.0004030 secs] [Times: user=0.01 sys=0.00, real=0.00 secs] 
105.280: Total time for which application threads were stopped: 0.0005130 seconds, Stopping threads took: 0.0000500 seconds
105.319: Application time: 0.0389720 seconds
105.319: [GC [PSYoungGen: 7680K->480K(8192K)] 23710K->16558K(26112K), 0.0004650 secs] [Times: user=0.00 sys=0.00, real=0.00 secs] 
105.319: Total time for which application threads were stopped: 0.0005670 seconds, Stopping threads took: 0.0000450 seconds
105.359: Application time: 0.0391770 seconds
105.359: [GC [PSYoungGen: 7648K->448K(8192K)] 23726K->16526K(26112K), 0.0004530 secs] [Times: user=0.00 sys=0.00, real=0.00 secs] 
105.359: Total time for which application threads were stopped: 0.0005520 seconds, Stopping threads took: 0.0000460 seconds
105.399: Application time: 0.0393350 seconds
105.399: [GC [PSYoungGen: 7616K->416K(8192K)] 23694K->16550K(26112K), 0.0004570 secs] [Times: user=0.00 sys=0.00, real=0.00 secs] 
105.399: Total time for which application threads were stopped: 0.0005480 seconds, Stopping threads took: 0.0000350 seconds
105.438: Application time: 0.0393380 seconds
105.438: [GC [PSYoungGen: 7584K->368K(8192K)] 23718K->16558K(26112K), 0.0004470 secs] [Times: user=0.01 sys=0.00, real=0.00 secs] 
105.439: Total time for which application threads were stopped: 0.0005460 seconds, Stopping threads took: 0.0000420 seconds
105.478: Application time: 0.0392810 seconds
105.478: [GC [PSYoungGen: 7536K->336K(8192K)] 23726K->16582K(26112K), 0.0005320 secs] [Times: user=0.00 sys=0.00, real=0.00 secs] 
105.479: Total time for which application threads were stopped: 0.0006270 seconds, Stopping threads took: 0.0000380 seconds
105.518: Application time: 0.0390850 seconds
105.518: [GC [PSYoungGen: 7504K->272K(8192K)] 23750K->16638K(26112K), 0.0003810 secs] [Times: user=0.01 sys=0.00, real=0.00 secs] 
105.518: Total time for which application threads were stopped: 0.0004900 seconds, Stopping threads took: 0.0000520 seconds
105.557: Application time: 0.0381710 seconds
105.557: [GC [PSYoungGen: 7440K->320K(8192K)] 23806K->16742K(26112K), 0.0003990 secs] [Times: user=0.00 sys=0.00, real=0.00 secs] 
105.557: Total time for which application threads were stopped: 0.0005080 seconds, Stopping threads took: 0.0000500 seconds
105.597: Application time: 0.0395130 seconds
105.597: [GC [PSYoungGen: 7488K->288K(8192K)] 23910K->16710K(26112K), 0.0003750 secs] [Times: user=0.00 sys=0.00, real=0.00 secs] 
105.597: Total time for which application threads were stopped: 0.0004750 seconds, Stopping threads took: 0.0000440 seconds
105.636: Application time: 0.0387870 seconds
105.636: [GC [PSYoungGen: 7456K->304K(8192K)] 23878K->16726K(26112K), 0.0004260 secs] [Times: user=0.00 sys=0.00, real=0.00 secs] 
105.636: Total time for which application threads were stopped: 0.0005260 seconds, Stopping threads took: 0.0000460 seconds
105.674: Application time: 0.0378770 seconds
105.674: [GC [PSYoungGen: 7472K->400K(8192K)] 23894K->16822K(26112K), 0.0004650 secs] [Times: user=0.00 sys=0.00, real=0.00 secs] 
105.675: Total time for which application threads were stopped: 0.0005690 seconds, Stopping threads took: 0.0000480 seconds
105.714: Application time: 0.0388170 seconds
105.714: [GC [PSYoungGen: 7568K->480K(8192K)] 23990K->16902K(26112K), 0.0005230 secs] [Times: user=0.00 sys=0.00, real=0.00 secs] 
105.714: Total time for which application threads were stopped: 0.0006560 seconds, Stopping threads took: 0.0000570 seconds
105.753: Application time: 0.0388880 seconds
105.753: [GC [PSYoungGen: 7648K->496K(8192K)] 24070K->16918K(26112K), 0.0005000 secs] [Times: user=0.00 sys=0.00, real=0.00 secs] 
105.754: Total time for which application threads were stopped: 0.0006030 seconds, Stopping threads took: 0.0000490 seconds
105.793: Application time: 0.0392860 seconds
105.793: [GC [PSYoungGen: 7664K->512K(8192K)] 24086K->16934K(26112K), 0.0004550 secs] [Times: user=0.00 sys=0.00, real=0.00 secs] 
105.794: Total time for which application threads were stopped: 0.0005460 seconds, Stopping threads took: 0.0000390 seconds
105.833: Application time: 0.0393120 seconds
105.833: [GC [PSYoungGen: 7680K->512K(8192K)] 24102K->16934K(26112K), 0.0004910 secs] [Times: user=0.00 sys=0.00, real=0.00 secs] 
105.834: Total time for which application threads were stopped: 0.0005900 seconds, Stopping threads took: 0.0000440 seconds
105.873: Application time: 0.0394530 seconds
105.873: [GC [PSYoungGen: 7680K->496K(8192K)] 24102K->16918K(26112K), 0.0005570 secs] [Times: user=0.00 sys=0.00, real=0.00 secs] 
105.875: Total time for which application threads were stopped: 0.0015590 seconds, Stopping threads took: 0.0000470 seconds
105.914: Application time: 0.0391490 seconds
105.914: [GC [PSYoungGen: 7664K->496K(8192K)] 24086K->16918K(26112K), 0.0004490 secs] [Times: user=0.00 sys=0.00, real=0.00 secs] 
105.914: Total time for which application threads were stopped: 0.0005490 seconds, Stopping threads took: 0.0000440 seconds
105.954: Application time: 0.0392700 seconds
105.954: [GC [PSYoungGen: 7664K->528K(8192K)] 24086K->16950K(26112K), 0.0004400 secs] [Times: user=0.00 sys=0.00, real=0.00 secs] 
105.954: Total time for which application threads were stopped: 0.0005350 seconds, Stopping threads took: 0.0000390 seconds
105.994: Application time: 0.0394650 seconds
105.994: [GC [PSYoungGen: 7696K->528K(8192K)] 24118K->16950K(26112K), 0.0004360 secs] [Times: user=0.00 sys=0.00, real=0.00 secs] 
105.994: Total time for which application threads were stopped: 0.0005360 seconds, Stopping threads took: 0.0000410 seconds
106.033: Application time: 0.0393250 seconds
106.033: [GC [PSYoungGen: 7696K->512K(8192K)] 24118K->16934K(26112K), 0.0004770 secs] [Times: user=0.00 sys=0.00, real=0.00 secs] 
106.034: Total time for which application threads were stopped: 0.0005720 seconds, Stopping threads took: 0.0000380 seconds
106.073: Application time: 0.0388720 seconds
106.073: [GC [PSYoungGen: 7680K->496K(8192K)] 24102K->16918K(26112K), 0.0004440 secs] [Times: user=0.00 sys=0.00, real=0.00 secs] 
106.073: Total time for which application threads were stopped: 0.0005380 seconds, Stopping threads took: 0.0000380 seconds
106.113: Application time: 0.0392760 seconds
106.113: [GC [PSYoungGen: 7664K->496K(8192K)] 24086K->16918K(26112K), 0.0004840 secs] [Times: user=0.00 sys=0.00, real=0.00 secs] 
106.113: Total time for which application threads were stopped: 0.0005980 seconds, Stopping threads took: 0.0000570 seconds
106.153: Application time: 0.0392990 seconds
106.153: [GC [PSYoungGen: 7664K->448K(8192K)] 24086K->16950K(26112K), 0.0004660 secs] [Times: user=0.00 sys=0.00, real=0.00 secs] 
106.153: Total time for which application threads were stopped: 0.0005710 seconds, Stopping threads took: 0.0000500 seconds
106.192: Application time: 0.0392560 seconds
106.192: [GC [PSYoungGen: 7616K->416K(8192K)] 24118K->16918K(26112K), 0.0004430 secs] [Times: user=0.00 sys=0.00, real=0.00 secs] 
106.193: Total time for which application threads were stopped: 0.0005360 seconds, Stopping threads took: 0.0000370 seconds
106.232: Application time: 0.0393020 seconds
106.232: [GC [PSYoungGen: 7584K->400K(8192K)] 24086K->16950K(26112K), 0.0004170 secs] [Times: user=0.00 sys=0.00, real=0.00 secs] 
106.233: Total time for which application threads were stopped: 0.0005300 seconds, Stopping threads took: 0.0000490 seconds
106.272: Application time: 0.0392130 seconds
106.272: [GC [PSYoungGen: 7568K->256K(8192K)] 24118K->16926K(26112K), 0.0004500 secs] [Times: user=0.01 sys=0.00, real=0.00 secs] 
106.273: Total time for which application threads were stopped: 0.0005550 seconds, Stopping threads took: 0.0000470 seconds
106.312: Application time: 0.0390760 seconds
106.312: [GC [PSYoungGen: 7424K->288K(8192K)] 24094K->17006K(26112K), 0.0003930 secs] [Times: user=0.00 sys=0.00, real=0.00 secs] 
106.312: Total time for which application threads were stopped: 0.0004860 seconds, Stopping threads took: 0.0000390 seconds
106.351: Application time: 0.0392200 seconds
106.351: [GC [PSYoungGen: 7456K->288K(8192K)] 24174K->17054K(26112K), 0.0003990 secs] [Times: user=0.00 sys=0.00, real=0.00 secs] 
106.352: Total time for which application threads were stopped: 0.0004950 seconds, Stopping threads took: 0.0000350 seconds
106.391: Application time: 0.0392690 seconds
106.391: [GC [PSYoungGen: 7456K->288K(8192K)] 24222K->17054K(26112K), 0.0004000 secs] [Times: user=0.00 sys=0.00, real=0.00 secs] 
106.392: Total time for which application threads were stopped: 0.0005060 seconds, Stopping threads took: 0.0000500 seconds
106.430: Application time: 0.0386360 seconds
106.430: [GC [PSYoungGen: 7456K->304K(8192K)] 24222K->17070K(26112K), 0.0003870 secs] [Times: user=0.00 sys=0.00, real=0.00 secs] 
106.431: Total time for which application threads were stopped: 0.0004860 seconds, Stopping threads took: 0.0000430 seconds
106.468: Application time: 0.0374410 seconds
106.468: [GC [PSYoungGen: 7472K->448K(8192K)] 24238K->17214K(26112K), 0.0004270 secs] [Times: user=0.00 sys=0.00, real=0.01 secs] 
106.469: Total time for which application threads were stopped: 0.0005300 seconds, Stopping threads took: 0.0000450 seconds
106.509: Application time: 0.0402720 seconds
106.509: [GC [PSYoungGen: 7616K->496K(8192K)] 24382K->17262K(26112K), 0.0004480 secs] [Times: user=0.00 sys=0.00, real=0.00 secs] 
106.510: Total time for which application threads were stopped: 0.0005580 seconds, Stopping threads took: 0.0000470 seconds
106.549: Application time: 0.0390210 seconds
106.549: [GC [PSYoungGen: 7664K->528K(8192K)] 24430K->17294K(26112K), 0.0004470 secs] [Times: user=0.00 sys=0.00, real=0.01 secs] 
106.549: Total time for which application threads were stopped: 0.0005490 seconds, Stopping threads took: 0.0000450 seconds
106.588: Application time: 0.0393090 seconds
106.589: [GC [PSYoungGen: 7696K->512K(8192K)] 24462K->17278K(26112K), 0.0004210 secs] [Times: user=0.00 sys=0.00, real=0.01 secs] 
106.589: Total time for which application threads were stopped: 0.0005200 seconds, Stopping threads took: 0.0000440 seconds
106.628: Application time: 0.0392770 seconds
106.628: [GC [PSYoungGen: 7680K->512K(8192K)] 24446K->17279K(26112K), 0.0004300 secs] [Times: user=0.00 sys=0.00, real=0.01 secs] 
106.629: Total time for which application threads were stopped: 0.0005260 seconds, Stopping threads took: 0.0000400 seconds
106.669: Application time: 0.0404290 seconds
106.669: [GC [PSYoungGen: 7680K->480K(8192K)] 24447K->17246K(26112K), 0.0004480 secs] [Times: user=0.01 sys=0.00, real=0.00 secs] 
106.670: Total time for which application threads were stopped: 0.0005490 seconds, Stopping threads took: 0.0000440 seconds
106.709: Application time: 0.0394860 seconds
106.709: [GC [PSYoungGen: 7648K->512K(8192K)] 24414K->17278K(26112K), 0.0005280 secs] [Times: user=0.00 sys=0.00, real=0.00 secs] 
106.710: Total time for which application threads were stopped: 0.0006460 seconds, Stopping threads took: 0.0000510 seconds
106.749: Application time: 0.0392990 seconds
106.749: [GC [PSYoungGen: 7680K->480K(8192K)] 24446K->17246K(26112K), 0.0004330 secs] [Times: user=0.00 sys=0.00, real=0.00 secs] 
106.750: Total time for which application threads were stopped: 0.0005420 seconds, Stopping threads took: 0.0000410 seconds
106.789: Application time: 0.0391080 seconds
106.789: [GC [PSYoungGen: 7648K->512K(8192K)] 24414K->17278K(26112K), 0.0004730 secs] [Times: user=0.00 sys=0.00, real=0.00 secs] 
106.789: Total time for which application threads were stopped: 0.0005700 seconds, Stopping threads took: 0.0000430 seconds
106.829: Application time: 0.0392980 seconds
106.829: [GC [PSYoungGen: 7680K->512K(8192K)] 24446K->17278K(26112K), 0.0004400 secs] [Times: user=0.00 sys=0.00, real=0.00 secs] 
106.829: Total time for which application threads were stopped: 0.0005310 seconds, Stopping threads took: 0.0000410 seconds
106.868: Application time: 0.0389120 seconds
106.868: [GC [PSYoungGen: 7680K->448K(8192K)] 24446K->17215K(26112K), 0.0004890 secs] [Times: user=0.00 sys=0.00, real=0.01 secs] 
106.869: Total time for which application threads were stopped: 0.0005880 seconds, Stopping threads took: 0.0000430 seconds
106.908: Application time: 0.0391840 seconds
106.908: [GC [PSYoungGen: 7616K->416K(8192K)] 24383K->17231K(26112K), 0.0004960 secs] [Times: user=0.01 sys=0.00, real=0.00 secs] 
106.909: Total time for which application threads were stopped: 0.0005970 seconds, Stopping threads took: 0.0000420 seconds
106.948: Application time: 0.0392830 seconds
106.948: [GC [PSYoungGen: 7584K->400K(8192K)] 24399K->17263K(26112K), 0.0004160 secs] [Times: user=0.00 sys=0.00, real=0.00 secs] 
106.948: Total time for which application threads were stopped: 0.0005180 seconds, Stopping threads took: 0.0000470 seconds
106.988: Application time: 0.0393690 seconds
106.988: [GC [PSYoungGen: 7568K->432K(8192K)] 24431K->17295K(26112K), 0.0004510 secs] [Times: user=0.00 sys=0.00, real=0.00 secs] 
106.988: Total time for which application threads were stopped: 0.0005550 seconds, Stopping threads took: 0.0000480 seconds
107.028: Application time: 0.0393430 seconds
107.028: [GC [PSYoungGen: 7600K->416K(8192K)] 24463K->17335K(26112K), 0.0004120 secs] [Times: user=0.01 sys=0.00, real=0.00 secs] 
107.028: Total time for which application threads were stopped: 0.0005100 seconds, Stopping threads took: 0.0000420 seconds
107.067: Application time: 0.0391990 seconds
107.067: [GC [PSYoungGen: 7584K->272K(8192K)] 24503K->17335K(26112K), 0.0004030 secs] [Times: user=0.00 sys=0.00, real=0.00 secs] 
107.068: Total time for which application threads were stopped: 0.0005100 seconds, Stopping threads took: 0.0000520 seconds
107.107: Application time: 0.0389480 seconds
107.107: [GC [PSYoungGen: 7440K->256K(8192K)] 24503K->17319K(26112K), 0.0004510 secs] [Times: user=0.00 sys=0.00, real=0.00 secs] 
107.107: Total time for which application threads were stopped: 0.0005540 seconds, Stopping threads took: 0.0000440 seconds
107.146: Application time: 0.0385540 seconds
107.146: [GC [PSYoungGen: 7424K->288K(8192K)] 24487K->17399K(26112K), 0.0004050 secs] [Times: user=0.00 sys=0.00, real=0.00 secs] 
107.146: Total time for which application threads were stopped: 0.0005050 seconds, Stopping threads took: 0.0000450 seconds
107.187: Application time: 0.0401530 seconds
107.187: [GC [PSYoungGen: 7456K->272K(8192K)] 24567K->17383K(26112K), 0.0003840 secs] [Times: user=0.00 sys=0.00, real=0.00 secs] 
107.187: Total time for which application threads were stopped: 0.0004850 seconds, Stopping threads took: 0.0000450 seconds
107.225: Application time: 0.0379970 seconds
107.225: [GC [PSYoungGen: 7440K->304K(8192K)] 24551K->17415K(26112K), 0.0004250 secs] [Times: user=0.00 sys=0.00, real=0.00 secs] 
107.226: Total time for which application threads were stopped: 0.0005360 seconds, Stopping threads took: 0.0000530 seconds
107.263: Application time: 0.0374920 seconds
107.263: [GC [PSYoungGen: 7472K->448K(8192K)] 24583K->17559K(26112K), 0.0004570 secs] [Times: user=0.00 sys=0.00, real=0.00 secs] 
107.264: Total time for which application threads were stopped: 0.0005650 seconds, Stopping threads took: 0.0000440 seconds
107.302: Application time: 0.0385670 seconds
107.302: [GC [PSYoungGen: 7616K->528K(8192K)] 24727K->17639K(26112K), 0.0004120 secs] [Times: user=0.00 sys=0.00, real=0.00 secs] 
107.303: Total time for which application threads were stopped: 0.0005090 seconds, Stopping threads took: 0.0000430 seconds
107.342: Application time: 0.0397720 seconds
107.343: [GC [PSYoungGen: 7696K->512K(8192K)] 24807K->17623K(26112K), 0.0004480 secs] [Times: user=0.01 sys=0.00, real=0.00 secs] 
107.343: Total time for which application threads were stopped: 0.0005400 seconds, Stopping threads took: 0.0000370 seconds
107.382: Application time: 0.0392460 seconds
107.382: [GC [PSYoungGen: 7680K->512K(8192K)] 24791K->17623K(26112K), 0.0004140 secs] [Times: user=0.00 sys=0.00, real=0.00 secs] 
107.383: Total time for which application threads were stopped: 0.0005200 seconds, Stopping threads took: 0.0000480 seconds
107.422: Application time: 0.0393310 seconds
107.422: [GC [PSYoungGen: 7680K->496K(8192K)] 24791K->17607K(26112K), 0.0004270 secs] [Times: user=0.00 sys=0.00, real=0.00 secs] 
107.423: Total time for which application threads were stopped: 0.0005270 seconds, Stopping threads took: 0.0000460 seconds
107.462: Application time: 0.0392590 seconds
107.462: [GC [PSYoungGen: 7664K->496K(8192K)] 24775K->17607K(26112K), 0.0004250 secs] [Times: user=0.00 sys=0.00, real=0.00 secs] 
107.462: Total time for which application threads were stopped: 0.0005140 seconds, Stopping threads took: 0.0000390 seconds
107.502: Application time: 0.0391530 seconds
107.502: [GC [PSYoungGen: 7664K->512K(8192K)] 24775K->17623K(26112K), 0.0004170 secs] [Times: user=0.01 sys=0.00, real=0.00 secs] 
107.502: Total time for which application threads were stopped: 0.0005110 seconds, Stopping threads took: 0.0000390 seconds
107.541: Application time: 0.0391330 seconds
107.541: [GC [PSYoungGen: 7680K->496K(8192K)] 24791K->17607K(26112K), 0.0004400 secs] [Times: user=0.00 sys=0.00, real=0.00 secs] 
107.542: Total time for which application threads were stopped: 0.0005300 seconds, Stopping threads took: 0.0000370 seconds
107.581: Application time: 0.0392250 seconds
107.581: [GC [PSYoungGen: 7664K->480K(8192K)] 24775K->17591K(26112K), 0.0004270 secs] [Times: user=0.00 sys=0.00, real=0.00 secs] 
107.581: Total time for which application threads were stopped: 0.0005240 seconds, Stopping threads took: 0.0000440 seconds
107.621: Application time: 0.0392910 seconds
107.621: [GC [PSYoungGen: 7648K->528K(8192K)] 24759K->17639K(26112K), 0.0004280 secs] [Times: user=0.00 sys=0.00, real=0.00 secs] 
107.621: Total time for which application threads were stopped: 0.0005330 seconds, Stopping threads took: 0.0000520 seconds
107.661: Application time: 0.0392350 seconds
107.661: [GC [PSYoungGen: 7696K->480K(8192K)] 24807K->17591K(26112K), 0.0004280 secs] [Times: user=0.00 sys=0.00, real=0.00 secs] 
107.661: Total time for which application threads were stopped: 0.0005530 seconds, Stopping threads took: 0.0000660 seconds
107.700: Application time: 0.0393240 seconds
107.701: [GC [PSYoungGen: 7648K->480K(8192K)] 24759K->17647K(26112K), 0.0004330 secs] [Times: user=0.00 sys=0.00, real=0.00 secs] 
107.701: Total time for which application threads were stopped: 0.0005390 seconds, Stopping threads took: 0.0000480 seconds
107.740: Application time: 0.0394020 seconds
107.740: [GC [PSYoungGen: 7648K->416K(8192K)] 24815K->17639K(26112K), 0.0004670 secs] [Times: user=0.00 sys=0.00, real=0.00 secs] 
107.741: Total time for which application threads were stopped: 0.0005760 seconds, Stopping threads took: 0.0000470 seconds
107.780: Application time: 0.0394300 seconds
107.780: [GC [PSYoungGen: 7584K->448K(8192K)] 24807K->17671K(26112K), 0.0004120 secs] [Times: user=0.00 sys=0.00, real=0.00 secs] 
107.781: Total time for which application threads were stopped: 0.0005220 seconds, Stopping threads took: 0.0000500 seconds
107.820: Application time: 0.0392010 seconds
107.820: [GC [PSYoungGen: 7616K->368K(8192K)] 24839K->17647K(26112K), 0.0004390 secs] [Times: user=0.00 sys=0.00, real=0.00 secs] 
107.821: Total time for which application threads were stopped: 0.0005300 seconds, Stopping threads took: 0.0000370 seconds
107.860: Application time: 0.0391720 seconds
107.860: [GC [PSYoungGen: 7536K->272K(8192K)] 24815K->17703K(26112K), 0.0004130 secs] [Times: user=0.00 sys=0.00, real=0.00 secs] 
107.860: Total time for which application threads were stopped: 0.0005090 seconds, Stopping threads took: 0.0000400 seconds
107.899: Application time: 0.0384600 seconds
107.899: [GC [PSYoungGen: 7440K->288K(8192K)] 24871K->17775K(26112K), 0.0003920 secs] [Times: user=0.00 sys=0.00, real=0.00 secs] 
107.899: Total time for which application threads were stopped: 0.0004960 seconds, Stopping threads took: 0.0000490 seconds
107.939: Application time: 0.0394310 seconds
107.939: [GC [PSYoungGen: 7456K->288K(8192K)] 24943K->17775K(26112K), 0.0003730 secs] [Times: user=0.00 sys=0.00, real=0.00 secs] 
107.939: Total time for which application threads were stopped: 0.0004660 seconds, Stopping threads took: 0.0000390 seconds
107.978: Application time: 0.0388600 seconds
107.978: [GC [PSYoungGen: 7456K->336K(8192K)] 24943K->17823K(26112K), 0.0004190 secs] [Times: user=0.00 sys=0.00, real=0.00 secs] 
107.979: Total time for which application threads were stopped: 0.0005240 seconds, Stopping threads took: 0.0000400 seconds
108.018: Application time: 0.0396100 seconds
108.018: [GC [PSYoungGen: 7504K->352K(8192K)] 24991K->17839K(26112K), 0.0004400 secs] [Times: user=0.00 sys=0.00, real=0.00 secs] 
108.019: Total time for which application threads were stopped: 0.0005420 seconds, Stopping threads took: 0.0000400 seconds
108.056: Application time: 0.0376610 seconds
108.056: [GC [PSYoungGen: 7520K->448K(8192K)] 25007K->17935K(26112K), 0.0004750 secs] [Times: user=0.00 sys=0.00, real=0.01 secs] 
108.057: Total time for which application threads were stopped: 0.0005780 seconds, Stopping threads took: 0.0000430 seconds
108.097: Application time: 0.0399140 seconds
108.097: [GC [PSYoungGen: 7616K->496K(8192K)] 25103K->17983K(26112K), 0.0005210 secs] [Times: user=0.00 sys=0.00, real=0.00 secs] 
108.098: Total time for which application threads were stopped: 0.0006180 seconds, Stopping threads took: 0.0000430 seconds
108.137: Application time: 0.0390990 seconds
108.137: [GC [PSYoungGen: 7664K->512K(8192K)] 25151K->17999K(26112K), 0.0004710 secs] [Times: user=0.01 sys=0.00, real=0.00 secs] 
108.137: Total time for which application threads were stopped: 0.0005690 seconds, Stopping threads took: 0.0000410 seconds
108.178: Application time: 0.0403910 seconds
108.178: [GC [PSYoungGen: 7680K->496K(8192K)] 25167K->17983K(26112K), 0.0004650 secs] [Times: user=0.00 sys=0.00, real=0.00 secs] 
108.178: Total time for which application threads were stopped: 0.0005710 seconds, Stopping threads took: 0.0000440 seconds
108.218: Application time: 0.0399760 seconds
108.218: [GC [PSYoungGen: 7664K->528K(8192K)] 25151K->18015K(26112K), 0.0004680 secs] [Times: user=0.01 sys=0.00, real=0.00 secs] 
108.219: Total time for which application threads were stopped: 0.0005690 seconds, Stopping threads took: 0.0000440 seconds
108.258: Application time: 0.0392300 seconds
108.258: [GC [PSYoungGen: 7696K->464K(8192K)] 25183K->17951K(26112K), 0.0004200 secs] [Times: user=0.00 sys=0.00, real=0.00 secs] 
108.258: Total time for which application threads were stopped: 0.0005090 seconds, Stopping threads took: 0.0000360 seconds
108.298: Application time: 0.0391690 seconds
108.298: [GC [PSYoungGen: 7632K->512K(8192K)] 25119K->17999K(26112K), 0.0004570 secs] [Times: user=0.00 sys=0.00, real=0.00 secs] 
108.298: Total time for which application threads were stopped: 0.0005720 seconds, Stopping threads took: 0.0000450 seconds
108.337: Application time: 0.0390110 seconds
108.337: [GC [PSYoungGen: 7680K->496K(8192K)] 25167K->17983K(26112K), 0.0004840 secs] [Times: user=0.00 sys=0.00, real=0.00 secs] 
108.338: Total time for which application threads were stopped: 0.0005790 seconds, Stopping threads took: 0.0000420 seconds
108.377: Application time: 0.0392010 seconds
108.377: [GC [PSYoungGen: 7664K->528K(8192K)] 25151K->18015K(26112K), 0.0004360 secs] [Times: user=0.00 sys=0.00, real=0.00 secs] 
108.378: Total time for which application threads were stopped: 0.0005290 seconds, Stopping threads took: 0.0000420 seconds
108.417: Application time: 0.0391780 seconds
108.421: [GC [PSYoungGen: 7696K->496K(8192K)] 25183K->17983K(26112K), 0.0004150 secs] [Times: user=0.00 sys=0.00, real=0.00 secs] 
108.421: Total time for which application threads were stopped: 0.0044940 seconds, Stopping threads took: 0.0040270 seconds
108.460: Application time: 0.0391140 seconds
108.460: [GC [PSYoungGen: 7664K->496K(8192K)] 25151K->17983K(26112K), 0.0004500 secs] [Times: user=0.00 sys=0.00, real=0.00 secs] 
108.461: Total time for which application threads were stopped: 0.0005650 seconds, Stopping threads took: 0.0000590 seconds
108.500: Application time: 0.0392880 seconds
108.500: [GC [PSYoungGen: 7664K->432K(8192K)] 25151K->18007K(26112K), 0.0004770 secs] [Times: user=0.00 sys=0.00, real=0.00 secs] 
108.501: Total time for which application threads were stopped: 0.0005750 seconds, Stopping threads took: 0.0000410 seconds
108.540: Application time: 0.0391480 seconds
108.540: [GC [PSYoungGen: 7600K->400K(8192K)] 25175K->17975K(26112K), 0.0004170 secs] [Times: user=0.00 sys=0.00, real=0.00 secs] 
108.540: Total time for which application threads were stopped: 0.0005140 seconds, Stopping threads took: 0.0000410 seconds
108.580: Application time: 0.0393900 seconds
108.580: [GC [PSYoungGen: 7568K->400K(8192K)] 25143K->18023K(26112K), 0.0004240 secs] [Times: user=0.00 sys=0.00, real=0.00 secs] 
108.580: Total time for which application threads were stopped: 0.0005260 seconds, Stopping threads took: 0.0000440 seconds
108.620: Application time: 0.0393950 seconds
108.620: [GC [PSYoungGen: 7568K->320K(8192K)] 25191K->17999K(26112K), 0.0004230 secs] [Times: user=0.00 sys=0.00, real=0.00 secs] 
108.620: Total time for which application threads were stopped: 0.0005170 seconds, Stopping threads took: 0.0000400 seconds
108.659: Application time: 0.0392150 seconds
108.660: [GC [PSYoungGen: 7488K->272K(8192K)] 25167K->18071K(26112K), 0.0004040 secs] [Times: user=0.00 sys=0.00, real=0.00 secs] 
108.660: [Full GC [PSYoungGen: 272K->0K(8192K)] [ParOldGen: 17799K->1960K(17920K)] 18071K->1960K(26112K) [PSPermGen: 6047K->6047K(21504K)], 0.0050960 secs] [Times: user=0.02 sys=0.00, real=0.00 secs] 
108.665: Total time for which application threads were stopped: 0.0056450 seconds, Stopping threads took: 0.0000450 seconds
108.704: Application time: 0.0385340 seconds
108.704: [GC [PSYoungGen: 7168K->272K(8192K)] 9128K->2232K(26112K), 0.0004000 secs] [Times: user=0.00 sys=0.00, real=0.00 secs] 
108.704: Total time for which application threads were stopped: 0.0005040 seconds, Stopping threads took: 0.0000410 seconds
108.744: Application time: 0.0399540 seconds
108.744: [GC [PSYoungGen: 7440K->256K(8192K)] 9400K->2216K(26112K), 0.0003730 secs] [Times: user=0.01 sys=0.00, real=0.00 secs] 
108.745: Total time for which application threads were stopped: 0.0004960 seconds, Stopping threads took: 0.0000530 seconds
108.784: Application time: 0.0389310 seconds
108.784: [GC [PSYoungGen: 7424K->256K(8192K)] 9384K->2216K(26112K), 0.0003570 secs] [Times: user=0.00 sys=0.00, real=0.00 secs] 
108.784: Total time for which application threads were stopped: 0.0004680 seconds, Stopping threads took: 0.0000540 seconds
108.822: Application time: 0.0381190 seconds
108.822: [GC [PSYoungGen: 7424K->368K(8192K)] 9384K->2328K(26112K), 0.0003820 secs] [Times: user=0.00 sys=0.00, real=0.00 secs] 
108.823: Total time for which application threads were stopped: 0.0004860 seconds, Stopping threads took: 0.0000380 seconds
108.861: Application time: 0.0383870 seconds
108.861: [GC [PSYoungGen: 7536K->416K(8192K)] 9496K->2376K(26112K), 0.0004110 secs] [Times: user=0.00 sys=0.00, real=0.00 secs] 
108.861: Total time for which application threads were stopped: 0.0005160 seconds, Stopping threads took: 0.0000490 seconds
108.900: Application time: 0.0385230 seconds
108.900: [GC [PSYoungGen: 7584K->512K(8192K)] 9544K->2472K(26112K), 0.0004070 secs] [Times: user=0.00 sys=0.00, real=0.00 secs] 
108.901: Total time for which application threads were stopped: 0.0005090 seconds, Stopping threads took: 0.0000460 seconds
108.940: Application time: 0.0393430 seconds
108.940: [GC [PSYoungGen: 7680K->512K(8192K)] 9640K->2472K(26112K), 0.0004500 secs] [Times: user=0.00 sys=0.00, real=0.00 secs] 
108.940: Total time for which application threads were stopped: 0.0005440 seconds, Stopping threads took: 0.0000410 seconds
108.980: Application time: 0.0395090 seconds
108.980: [GC [PSYoungGen: 7680K->496K(8192K)] 9640K->2456K(26112K), 0.0004060 secs] [Times: user=0.00 sys=0.00, real=0.00 secs] 
108.980: Total time for which application threads were stopped: 0.0005020 seconds, Stopping threads took: 0.0000430 seconds
109.020: Application time: 0.0392430 seconds
109.020: [GC [PSYoungGen: 7664K->528K(8192K)] 9624K->2488K(26112K), 0.0003980 secs] [Times: user=0.01 sys=0.00, real=0.00 secs] 
109.020: Total time for which application threads were stopped: 0.0004920 seconds, Stopping threads took: 0.0000410 seconds
109.059: Application time: 0.0392770 seconds
109.061: [GC [PSYoungGen: 7696K->512K(8192K)] 9656K->2472K(26112K), 0.0004390 secs] [Times: user=0.00 sys=0.00, real=0.00 secs] 
109.061: Total time for which application threads were stopped: 0.0017560 seconds, Stopping threads took: 0.0012610 seconds
109.100: Application time: 0.0392750 seconds
109.101: [GC [PSYoungGen: 7680K->528K(8192K)] 9640K->2488K(26112K), 0.0004140 secs] [Times: user=0.00 sys=0.00, real=0.00 secs] 
109.101: Total time for which application threads were stopped: 0.0005140 seconds, Stopping threads took: 0.0000450 seconds
109.141: Application time: 0.0401510 seconds
109.141: [GC [PSYoungGen: 7696K->496K(8192K)] 9656K->2456K(26112K), 0.0004110 secs] [Times: user=0.00 sys=0.00, real=0.00 secs] 
109.142: Total time for which application threads were stopped: 0.0004970 seconds, Stopping threads took: 0.0000370 seconds
109.181: Application time: 0.0391530 seconds
109.181: [GC [PSYoungGen: 7664K->528K(8192K)] 9624K->2488K(26112K), 0.0004120 secs] [Times: user=0.00 sys=0.00, real=0.00 secs] 
109.181: Total time for which application threads were stopped: 0.0005330 seconds, Stopping threads took: 0.0000670 seconds
109.220: Application time: 0.0390060 seconds
109.220: [GC [PSYoungGen: 7683K->496K(8192K)] 9643K->2456K(26112K), 0.0004070 secs] [Times: user=0.00 sys=0.00, real=0.00 secs] 
109.221: Total time for which application threads were stopped: 0.0005080 seconds, Stopping threads took: 0.0000470 seconds
109.260: Application time: 0.0391360 seconds
109.260: [GC [PSYoungGen: 7664K->496K(8192K)] 9624K->2456K(26112K), 0.0004150 secs] [Times: user=0.00 sys=0.00, real=0.00 secs] 
109.261: Total time for which application threads were stopped: 0.0005180 seconds, Stopping threads took: 0.0000470 seconds
109.300: Application time: 0.0394840 seconds
109.300: [GC [PSYoungGen: 7664K->464K(8192K)] 9624K->2528K(26112K), 0.0004500 secs] [Times: user=0.00 sys=0.00, real=0.00 secs] 
109.301: Total time for which application threads were stopped: 0.0005450 seconds, Stopping threads took: 0.0000390 seconds
109.340: Application time: 0.0393120 seconds
109.341: [GC [PSYoungGen: 7632K->416K(8192K)] 9696K->2480K(26112K), 0.0004360 secs] [Times: user=0.00 sys=0.00, real=0.00 secs] 
109.341: Total time for which application threads were stopped: 0.0013470 seconds, Stopping threads took: 0.0008500 seconds
109.381: Application time: 0.0393280 seconds
109.381: [GC [PSYoungGen: 7584K->352K(8192K)] 9648K->2472K(26112K), 0.0004210 secs] [Times: user=0.00 sys=0.00, real=0.00 secs] 
109.381: Total time for which application threads were stopped: 0.0005150 seconds, Stopping threads took: 0.0000420 seconds
109.420: Application time: 0.0392930 seconds
109.420: [GC [PSYoungGen: 7520K->336K(8192K)] 9640K->2536K(26112K), 0.0004190 secs] [Times: user=0.00 sys=0.00, real=0.00 secs] 
109.421: Total time for which application threads were stopped: 0.0005150 seconds, Stopping threads took: 0.0000450 seconds
109.460: Application time: 0.0392930 seconds
109.460: [GC [PSYoungGen: 7504K->272K(8192K)] 9704K->2560K(26112K), 0.0003490 secs] [Times: user=0.00 sys=0.00, real=0.00 secs] 
109.461: Total time for which application threads were stopped: 0.0004460 seconds, Stopping threads took: 0.0000440 seconds
109.499: Application time: 0.0384510 seconds
109.499: [GC [PSYoungGen: 7440K->288K(8192K)] 9728K->2640K(26112K), 0.0003580 secs] [Times: user=0.00 sys=0.00, real=0.00 secs] 
109.500: Total time for which application threads were stopped: 0.0004540 seconds, Stopping threads took: 0.0000410 seconds
109.540: Application time: 0.0404140 seconds
109.541: [GC [PSYoungGen: 7456K->320K(8192K)] 9808K->2672K(26112K), 0.0004130 secs] [Times: user=0.00 sys=0.00, real=0.00 secs] 
109.541: Total time for which application threads were stopped: 0.0012570 seconds, Stopping threads took: 0.0007830 seconds
109.582: Application time: 0.0411360 seconds
109.582: [GC [PSYoungGen: 7488K->304K(8192K)] 9840K->2656K(26112K), 0.0004360 secs] [Times: user=0.00 sys=0.00, real=0.00 secs] 
109.583: Total time for which application threads were stopped: 0.0005730 seconds, Stopping threads took: 0.0000680 seconds
109.621: Application time: 0.0377420 seconds
109.621: [GC [PSYoungGen: 7472K->432K(8192K)] 9824K->2784K(26112K), 0.0004500 secs] [Times: user=0.00 sys=0.00, real=0.00 secs] 
109.621: Total time for which application threads were stopped: 0.0005700 seconds, Stopping threads took: 0.0000580 seconds
109.661: Application time: 0.0394420 seconds
109.664: [GC [PSYoungGen: 7600K->480K(8192K)] 9952K->2832K(26112K), 0.0004290 secs] [Times: user=0.00 sys=0.00, real=0.00 secs] 
109.665: Total time for which application threads were stopped: 0.0039400 seconds, Stopping threads took: 0.0034520 seconds
109.703: Application time: 0.0385870 seconds
109.703: [GC [PSYoungGen: 7648K->496K(8192K)] 10000K->2848K(26112K), 0.0004560 secs] [Times: user=0.00 sys=0.00, real=0.00 secs] 
109.704: Total time for which application threads were stopped: 0.0005550 seconds, Stopping threads took: 0.0000450 seconds
109.743: Application time: 0.0397290 seconds
109.744: [GC [PSYoungGen: 7664K->496K(8192K)] 10016K->2848K(26112K), 0.0004590 secs] [Times: user=0.00 sys=0.00, real=0.00 secs] 
109.744: Total time for which application threads were stopped: 0.0005900 seconds, Stopping threads took: 0.0000620 seconds
109.783: Application time: 0.0393670 seconds
109.784: [GC [PSYoungGen: 7664K->496K(8192K)] 10016K->2848K(26112K), 0.0004180 secs] [Times: user=0.00 sys=0.00, real=0.00 secs] 
109.784: Total time for which application threads were stopped: 0.0005170 seconds, Stopping threads took: 0.0000420 seconds
109.823: Application time: 0.0391880 seconds
109.823: [GC [PSYoungGen: 7664K->528K(8192K)] 10016K->2880K(26112K), 0.0004010 secs] [Times: user=0.00 sys=0.00, real=0.00 secs] 
109.824: Total time for which application threads were stopped: 0.0005030 seconds, Stopping threads took: 0.0000470 seconds
109.863: Application time: 0.0395930 seconds
109.863: [GC [PSYoungGen: 7696K->528K(8192K)] 10048K->2880K(26112K), 0.0003980 secs] [Times: user=0.00 sys=0.00, real=0.00 secs] 
109.864: Total time for which application threads were stopped: 0.0005030 seconds, Stopping threads took: 0.0000410 seconds
109.903: Application time: 0.0390060 seconds
109.903: [GC [PSYoungGen: 7696K->496K(8192K)] 10048K->2848K(26112K), 0.0004180 secs] [Times: user=0.00 sys=0.00, real=0.00 secs] 
109.903: Total time for which application threads were stopped: 0.0005120 seconds, Stopping threads took: 0.0000380 seconds
109.943: Application time: 0.0395720 seconds
109.943: [GC [PSYoungGen: 7664K->480K(8192K)] 10016K->2832K(26112K), 0.0004040 secs] [Times: user=0.00 sys=0.00, real=0.00 secs] 
109.943: Total time for which application threads were stopped: 0.0004980 seconds, Stopping threads took: 0.0000400 seconds
109.983: Application time: 0.0392060 seconds
109.983: [GC [PSYoungGen: 7648K->544K(8192K)] 10000K->2896K(26112K), 0.0004160 secs] [Times: user=0.00 sys=0.00, real=0.00 secs] 
109.983: Total time for which application threads were stopped: 0.0005120 seconds, Stopping threads took: 0.0000430 seconds
110.022: Application time: 0.0390630 seconds
110.022: [GC [PSYoungGen: 7712K->512K(8192K)] 10064K->2864K(26112K), 0.0004540 secs] [Times: user=0.00 sys=0.00, real=0.00 secs] 
110.023: Total time for which application threads were stopped: 0.0005530 seconds, Stopping threads took: 0.0000420 seconds
110.062: Application time: 0.0392350 seconds
110.062: [GC [PSYoungGen: 7680K->496K(8192K)] 10032K->2848K(26112K), 0.0004330 secs] [Times: user=0.00 sys=0.00, real=0.00 secs] 
110.062: Total time for which application threads were stopped: 0.0005240 seconds, Stopping threads took: 0.0000390 seconds
110.102: Application time: 0.0391430 seconds
110.102: [GC [PSYoungGen: 7664K->448K(8192K)] 10016K->2888K(26112K), 0.0004800 secs] [Times: user=0.00 sys=0.00, real=0.00 secs] 
110.102: Total time for which application threads were stopped: 0.0005680 seconds, Stopping threads took: 0.0000380 seconds
110.141: Application time: 0.0392650 seconds
110.141: [GC [PSYoungGen: 7616K->448K(8192K)] 10056K->2888K(26112K), 0.0004270 secs] [Times: user=0.00 sys=0.00, real=0.00 secs] 
110.142: Total time for which application threads were stopped: 0.0005220 seconds, Stopping threads took: 0.0000440 seconds
110.181: Application time: 0.0392640 seconds
110.181: [GC [PSYoungGen: 7616K->352K(8192K)] 10056K->2848K(26112K), 0.0004070 secs] [Times: user=0.00 sys=0.00, real=0.00 secs] 
110.182: Total time for which application threads were stopped: 0.0004990 seconds, Stopping threads took: 0.0000420 seconds
110.221: Application time: 0.0393150 seconds
110.221: [GC [PSYoungGen: 7520K->288K(8192K)] 10016K->2904K(26112K), 0.0003790 secs] [Times: user=0.00 sys=0.00, real=0.00 secs] 
110.221: Total time for which application threads were stopped: 0.0004720 seconds, Stopping threads took: 0.0000400 seconds
110.260: Application time: 0.0386460 seconds
110.260: [GC [PSYoungGen: 7448K->320K(8192K)] 10065K->2992K(26112K), 0.0003600 secs] [Times: user=0.00 sys=0.00, real=0.00 secs] 
110.261: Total time for which application threads were stopped: 0.0004640 seconds, Stopping threads took: 0.0000460 seconds
110.299: Application time: 0.0386310 seconds
110.299: [GC [PSYoungGen: 7488K->320K(8192K)] 10160K->3056K(26112K), 0.0004160 secs] [Times: user=0.00 sys=0.00, real=0.00 secs] 
110.300: Total time for which application threads were stopped: 0.0005150 seconds, Stopping threads took: 0.0000440 seconds
110.339: Application time: 0.0395120 seconds
110.339: [GC [PSYoungGen: 7488K->288K(8192K)] 10224K->3024K(26112K), 0.0003620 secs] [Times: user=0.00 sys=0.00, real=0.00 secs] 
110.340: Total time for which application threads were stopped: 0.0004540 seconds, Stopping threads took: 0.0000380 seconds
110.378: Application time: 0.0387090 seconds
110.379: [GC [PSYoungGen: 7456K->336K(8192K)] 10192K->3072K(26112K), 0.0003970 secs] [Times: user=0.00 sys=0.00, real=0.00 secs] 
110.379: Total time for which application threads were stopped: 0.0005090 seconds, Stopping threads took: 0.0000520 seconds
110.417: Application time: 0.0376470 seconds
110.417: [GC [PSYoungGen: 7504K->416K(8192K)] 10240K->3152K(26112K), 0.0004070 secs] [Times: user=0.00 sys=0.00, real=0.01 secs] 
110.417: Total time for which application threads were stopped: 0.0005030 seconds, Stopping threads took: 0.0000380 seconds
110.456: Application time: 0.0388310 seconds
110.456: [GC [PSYoungGen: 7584K->432K(8192K)] 10320K->3168K(26112K), 0.0004560 secs] [Times: user=0.00 sys=0.00, real=0.00 secs] 
110.456: Total time for which application threads were stopped: 0.0005570 seconds, Stopping threads took: 0.0000430 seconds
110.496: Application time: 0.0390450 seconds
110.496: [GC [PSYoungGen: 7600K->496K(8192K)] 10336K->3232K(26112K), 0.0004160 secs] [Times: user=0.01 sys=0.00, real=0.00 secs] 
110.496: Total time for which application threads were stopped: 0.0005180 seconds, Stopping threads took: 0.0000450 seconds
110.535: Application time: 0.0393240 seconds
110.535: [GC [PSYoungGen: 7664K->496K(8192K)] 10400K->3232K(26112K), 0.0003990 secs] [Times: user=0.00 sys=0.00, real=0.00 secs] 
110.536: Total time for which application threads were stopped: 0.0005010 seconds, Stopping threads took: 0.0000460 seconds
110.575: Application time: 0.0392070 seconds
110.575: [GC [PSYoungGen: 7664K->496K(8192K)] 10400K->3232K(26112K), 0.0004170 secs] [Times: user=0.01 sys=0.00, real=0.00 secs] 
110.576: Total time for which application threads were stopped: 0.0005240 seconds, Stopping threads took: 0.0000460 seconds
110.615: Application time: 0.0393640 seconds
110.615: [GC [PSYoungGen: 7664K->496K(8192K)] 10400K->3232K(26112K), 0.0004010 secs] [Times: user=0.00 sys=0.00, real=0.00 secs] 
110.615: Total time for which application threads were stopped: 0.0004930 seconds, Stopping threads took: 0.0000390 seconds
110.655: Application time: 0.0391410 seconds
110.655: [GC [PSYoungGen: 7664K->480K(8192K)] 10400K->3216K(26112K), 0.0004190 secs] [Times: user=0.00 sys=0.00, real=0.00 secs] 
110.655: Total time for which application threads were stopped: 0.0005160 seconds, Stopping threads took: 0.0000390 seconds
110.694: Application time: 0.0392000 seconds
110.694: [GC [PSYoungGen: 7648K->512K(8192K)] 10384K->3248K(26112K), 0.0004020 secs] [Times: user=0.01 sys=0.00, real=0.00 secs] 
110.695: Total time for which application threads were stopped: 0.0005200 seconds, Stopping threads took: 0.0000540 seconds
110.734: Application time: 0.0395200 seconds
110.734: [GC [PSYoungGen: 7680K->544K(8192K)] 10416K->3280K(26112K), 0.0004640 secs] [Times: user=0.00 sys=0.00, real=0.00 secs] 
110.735: Total time for which application threads were stopped: 0.0006090 seconds, Stopping threads took: 0.0000760 seconds
110.774: Application time: 0.0391590 seconds
110.774: [GC [PSYoungGen: 7712K->512K(8192K)] 10448K->3248K(26112K), 0.0004100 secs] [Times: user=0.01 sys=0.00, real=0.00 secs] 
110.775: Total time for which application threads were stopped: 0.0005170 seconds, Stopping threads took: 0.0000520 seconds
110.814: Application time: 0.0390510 seconds
110.814: [GC [PSYoungGen: 7680K->496K(8192K)] 10416K->3232K(26112K), 0.0004100 secs] [Times: user=0.00 sys=0.00, real=0.00 secs] 
110.814: Total time for which application threads were stopped: 0.0005180 seconds, Stopping threads took: 0.0000530 seconds
110.853: Application time: 0.0392130 seconds
110.854: [GC [PSYoungGen: 7664K->480K(8192K)] 10400K->3272K(26112K), 0.0004470 secs] [Times: user=0.00 sys=0.00, real=0.00 secs] 
110.854: Total time for which application threads were stopped: 0.0005490 seconds, Stopping threads took: 0.0000430 seconds
110.894: Application time: 0.0395700 seconds
110.894: [GC [PSYoungGen: 7648K->432K(8192K)] 10440K->3272K(26112K), 0.0004830 secs] [Times: user=0.00 sys=0.00, real=0.00 secs] 
110.895: Total time for which application threads were stopped: 0.0016780 seconds, Stopping threads took: 0.0000390 seconds
110.934: Application time: 0.0392020 seconds
110.935: [GC [PSYoungGen: 7600K->448K(8192K)] 10440K->3288K(26112K), 0.0003990 secs] [Times: user=0.00 sys=0.00, real=0.00 secs] 
110.935: Total time for which application threads were stopped: 0.0004990 seconds, Stopping threads took: 0.0000480 seconds
110.974: Application time: 0.0395140 seconds
110.975: [GC [PSYoungGen: 7616K->400K(8192K)] 10456K->3296K(26112K), 0.0003790 secs] [Times: user=0.00 sys=0.00, real=0.00 secs] 
110.975: Total time for which application threads were stopped: 0.0004780 seconds, Stopping threads took: 0.0000470 seconds
111.014: Application time: 0.0394910 seconds
111.015: [GC [PSYoungGen: 7568K->320K(8192K)] 10464K->3337K(26112K), 0.0003760 secs] [Times: user=0.01 sys=0.00, real=0.00 secs] 
111.015: Total time for which application threads were stopped: 0.0004760 seconds, Stopping threads took: 0.0000430 seconds
111.054: Application time: 0.0391050 seconds
111.054: [GC [PSYoungGen: 7488K->320K(8192K)] 10505K->3385K(26112K), 0.0004320 secs] [Times: user=0.00 sys=0.00, real=0.00 secs] 
111.055: Total time for which application threads were stopped: 0.0005360 seconds, Stopping threads took: 0.0000430 seconds
111.094: Application time: 0.0392460 seconds
111.094: [GC [PSYoungGen: 7488K->288K(8192K)] 10553K->3401K(26112K), 0.0003670 secs] [Times: user=0.01 sys=0.00, real=0.00 secs] 
111.094: Total time for which application threads were stopped: 0.0004760 seconds, Stopping threads took: 0.0000500 seconds
111.133: Application time: 0.0392090 seconds
111.134: [GC [PSYoungGen: 7456K->272K(8192K)] 10569K->3385K(26112K), 0.0003820 secs] [Times: user=0.00 sys=0.00, real=0.00 secs] 
111.134: Total time for which application threads were stopped: 0.0004810 seconds, Stopping threads took: 0.0000450 seconds
111.174: Application time: 0.0397100 seconds
111.174: [GC [PSYoungGen: 7440K->304K(8192K)] 10553K->3417K(26112K), 0.0004100 secs] [Times: user=0.00 sys=0.00, real=0.00 secs] 
111.174: Total time for which application threads were stopped: 0.0005260 seconds, Stopping threads took: 0.0000550 seconds
111.212: Application time: 0.0375500 seconds
111.212: [GC [PSYoungGen: 7472K->416K(8192K)] 10585K->3529K(26112K), 0.0003780 secs] [Times: user=0.00 sys=0.00, real=0.00 secs] 
111.212: Total time for which application threads were stopped: 0.0004780 seconds, Stopping threads took: 0.0000440 seconds
111.251: Application time: 0.0387520 seconds
111.251: [GC [PSYoungGen: 7584K->496K(8192K)] 10697K->3609K(26112K), 0.0004290 secs] [Times: user=0.01 sys=0.00, real=0.00 secs] 
111.252: Total time for which application threads were stopped: 0.0005200 seconds, Stopping threads took: 0.0000360 seconds
111.291: Application time: 0.0394460 seconds
111.291: [GC [PSYoungGen: 7664K->528K(8192K)] 10777K->3641K(26112K), 0.0003940 secs] [Times: user=0.00 sys=0.00, real=0.00 secs] 
111.291: Total time for which application threads were stopped: 0.0004880 seconds, Stopping threads took: 0.0000410 seconds
111.331: Application time: 0.0395380 seconds
111.331: [GC [PSYoungGen: 7696K->512K(8192K)] 10809K->3625K(26112K), 0.0004210 secs] [Times: user=0.00 sys=0.00, real=0.00 secs] 
111.332: Total time for which application threads were stopped: 0.0005200 seconds, Stopping threads took: 0.0000450 seconds
111.371: Application time: 0.0393340 seconds
111.371: [GC [PSYoungGen: 7680K->496K(8192K)] 10793K->3609K(26112K), 0.0004490 secs] [Times: user=0.00 sys=0.00, real=0.00 secs] 
111.371: Total time for which application threads were stopped: 0.0005390 seconds, Stopping threads took: 0.0000380 seconds
111.411: Application time: 0.0392840 seconds
111.413: [GC [PSYoungGen: 7664K->480K(8192K)] 10777K->3593K(26112K), 0.0004200 secs] [Times: user=0.00 sys=0.00, real=0.00 secs] 
111.413: Total time for which application threads were stopped: 0.0025360 seconds, Stopping threads took: 0.0020480 seconds
111.452: Application time: 0.0392620 seconds
111.453: [GC [PSYoungGen: 7648K->560K(8192K)] 10761K->3673K(26112K), 0.0004430 secs] [Times: user=0.00 sys=0.00, real=0.00 secs] 
111.453: Total time for which application threads were stopped: 0.0005520 seconds, Stopping threads took: 0.0000480 seconds
111.493: Application time: 0.0396360 seconds
111.493: [GC [PSYoungGen: 7728K->544K(8192K)] 10841K->3657K(26112K), 0.0004150 secs] [Times: user=0.01 sys=0.00, real=0.00 secs] 
111.493: Total time for which application threads were stopped: 0.0005180 seconds, Stopping threads took: 0.0000470 seconds
111.532: Application time: 0.0391400 seconds
111.532: [GC [PSYoungGen: 7712K->544K(8192K)] 10825K->3657K(26112K), 0.0004080 secs] [Times: user=0.00 sys=0.00, real=0.00 secs] 
111.533: Total time for which application threads were stopped: 0.0005090 seconds, Stopping threads took: 0.0000470 seconds
111.572: Application time: 0.0391470 seconds
111.572: [GC [PSYoungGen: 7712K->512K(8192K)] 10825K->3625K(26112K), 0.0004110 secs] [Times: user=0.00 sys=0.00, real=0.00 secs] 
111.573: Total time for which application threads were stopped: 0.0005270 seconds, Stopping threads took: 0.0000600 seconds
111.612: Application time: 0.0390720 seconds
111.612: [GC [PSYoungGen: 7680K->496K(8192K)] 10793K->3609K(26112K), 0.0004270 secs] [Times: user=0.00 sys=0.00, real=0.00 secs] 
111.612: Total time for which application threads were stopped: 0.0005230 seconds, Stopping threads took: 0.0000380 seconds
111.651: Application time: 0.0389960 seconds
111.651: [GC [PSYoungGen: 7664K->448K(8192K)] 10777K->3653K(26112K), 0.0004090 secs] [Times: user=0.00 sys=0.00, real=0.00 secs] 
111.652: Total time for which application threads were stopped: 0.0005050 seconds, Stopping threads took: 0.0000420 seconds
111.691: Application time: 0.0393600 seconds
111.691: [GC [PSYoungGen: 7616K->432K(8192K)] 10821K->3637K(26112K), 0.0003970 secs] [Times: user=0.00 sys=0.00, real=0.00 secs] 
111.691: Total time for which application threads were stopped: 0.0004960 seconds, Stopping threads took: 0.0000460 seconds
111.731: Application time: 0.0395600 seconds
111.731: [GC [PSYoungGen: 7600K->416K(8192K)] 10805K->3621K(26112K), 0.0004450 secs] [Times: user=0.01 sys=0.00, real=0.00 secs] 
111.732: Total time for which application threads were stopped: 0.0005680 seconds, Stopping threads took: 0.0000570 seconds
111.771: Application time: 0.0392130 seconds
111.771: [GC [PSYoungGen: 7584K->352K(8192K)] 10789K->3613K(26112K), 0.0004660 secs] [Times: user=0.00 sys=0.00, real=0.00 secs] 
111.771: Total time for which application threads were stopped: 0.0005630 seconds, Stopping threads took: 0.0000390 seconds
111.811: Application time: 0.0393150 seconds
111.811: [GC [PSYoungGen: 7520K->272K(8192K)] 10781K->3669K(26112K), 0.0004000 secs] [Times: user=0.00 sys=0.00, real=0.00 secs] 
111.811: Total time for which application threads were stopped: 0.0005000 seconds, Stopping threads took: 0.0000400 seconds
111.849: Application time: 0.0380910 seconds
111.849: [GC [PSYoungGen: 7440K->288K(8192K)] 10837K->3733K(26112K), 0.0004130 secs] [Times: user=0.00 sys=0.00, real=0.00 secs] 
111.850: Total time for which application threads were stopped: 0.0005240 seconds, Stopping threads took: 0.0000520 seconds
111.889: Application time: 0.0393640 seconds
111.889: [GC [PSYoungGen: 7456K->288K(8192K)] 10901K->3733K(26112K), 0.0003730 secs] [Times: user=0.00 sys=0.00, real=0.00 secs] 
111.890: Total time for which application threads were stopped: 0.0004690 seconds, Stopping threads took: 0.0000430 seconds
111.929: Application time: 0.0391990 seconds
111.929: [GC [PSYoungGen: 7456K->352K(8192K)] 10901K->3797K(26112K), 0.0004160 secs] [Times: user=0.00 sys=0.00, real=0.00 secs] 
111.929: Total time for which application threads were stopped: 0.0005260 seconds, Stopping threads took: 0.0000480 seconds
111.969: Application time: 0.0391860 seconds
111.969: [GC [PSYoungGen: 7520K->384K(8192K)] 10965K->3829K(26112K), 0.0003750 secs] [Times: user=0.00 sys=0.00, real=0.01 secs] 
111.969: Total time for which application threads were stopped: 0.0004700 seconds, Stopping threads took: 0.0000420 seconds
112.007: Application time: 0.0377480 seconds
112.007: [GC [PSYoungGen: 7552K->448K(8192K)] 10997K->3893K(26112K), 0.0004830 secs] [Times: user=0.01 sys=0.00, real=0.00 secs] 
112.007: Total time for which application threads were stopped: 0.0005920 seconds, Stopping threads took: 0.0000540 seconds
112.046: Application time: 0.0387490 seconds
112.046: [GC [PSYoungGen: 7616K->576K(8192K)] 11061K->4021K(26112K), 0.0004630 secs] [Times: user=0.00 sys=0.00, real=0.00 secs] 
112.047: Total time for which application threads were stopped: 0.0005620 seconds, Stopping threads took: 0.0000450 seconds
112.086: Application time: 0.0392650 seconds
112.086: [GC [PSYoungGen: 7744K->528K(8192K)] 11189K->3973K(26112K), 0.0004050 secs] [Times: user=0.00 sys=0.00, real=0.00 secs] 
112.086: Total time for which application threads were stopped: 0.0005070 seconds, Stopping threads took: 0.0000460 seconds
112.126: Application time: 0.0392150 seconds
112.126: [GC [PSYoungGen: 7696K->528K(8192K)] 11141K->3973K(26112K), 0.0004090 secs] [Times: user=0.00 sys=0.00, real=0.00 secs] 
112.126: Total time for which application threads were stopped: 0.0005080 seconds, Stopping threads took: 0.0000460 seconds
112.166: Application time: 0.0395780 seconds
112.166: [GC [PSYoungGen: 7696K->560K(8192K)] 11141K->4005K(26112K), 0.0004020 secs] [Times: user=0.00 sys=0.00, real=0.00 secs] 
112.166: Total time for which application threads were stopped: 0.0004930 seconds, Stopping threads took: 0.0000380 seconds
112.206: Application time: 0.0393570 seconds
112.206: [GC [PSYoungGen: 7728K->528K(8192K)] 11173K->3981K(26112K), 0.0004360 secs] [Times: user=0.00 sys=0.00, real=0.00 secs] 
112.206: Total time for which application threads were stopped: 0.0005390 seconds, Stopping threads took: 0.0000470 seconds
112.245: Application time: 0.0392400 seconds
112.245: [GC [PSYoungGen: 7696K->512K(8192K)] 11149K->3965K(26112K), 0.0004510 secs] [Times: user=0.00 sys=0.00, real=0.00 secs] 
112.246: Total time for which application threads were stopped: 0.0005520 seconds, Stopping threads took: 0.0000470 seconds
112.285: Application time: 0.0393740 seconds
112.285: [GC [PSYoungGen: 7680K->528K(8192K)] 11133K->3981K(26112K), 0.0004140 secs] [Times: user=0.00 sys=0.00, real=0.00 secs] 
112.286: Total time for which application threads were stopped: 0.0005090 seconds, Stopping threads took: 0.0000420 seconds
112.325: Application time: 0.0392390 seconds
112.325: [GC [PSYoungGen: 7696K->512K(8192K)] 11149K->3965K(26112K), 0.0004060 secs] [Times: user=0.00 sys=0.00, real=0.00 secs] 
112.326: Total time for which application threads were stopped: 0.0005150 seconds, Stopping threads took: 0.0000440 seconds
112.365: Application time: 0.0390530 seconds
112.365: [GC [PSYoungGen: 7680K->512K(8192K)] 11133K->3965K(26112K), 0.0004160 secs] [Times: user=0.00 sys=0.00, real=0.00 secs] 
112.365: Total time for which application threads were stopped: 0.0005170 seconds, Stopping threads took: 0.0000450 seconds
112.404: Application time: 0.0392640 seconds
112.405: [GC [PSYoungGen: 7680K->496K(8192K)] 11133K->3949K(26112K), 0.0004350 secs] [Times: user=0.00 sys=0.00, real=0.00 secs] 
112.405: Total time for which application threads were stopped: 0.0005400 seconds, Stopping threads took: 0.0000460 seconds
112.444: Application time: 0.0391720 seconds
112.444: [GC [PSYoungGen: 7664K->416K(8192K)] 11117K->3949K(26112K), 0.0004770 secs] [Times: user=0.00 sys=0.00, real=0.00 secs] 
112.445: Total time for which application threads were stopped: 0.0005860 seconds, Stopping threads took: 0.0000460 seconds
112.484: Application time: 0.0393570 seconds
112.484: [GC [PSYoungGen: 7584K->448K(8192K)] 11117K->3981K(26112K), 0.0003860 secs] [Times: user=0.00 sys=0.00, real=0.00 secs] 
112.485: Total time for which application threads were stopped: 0.0004830 seconds, Stopping threads took: 0.0000410 seconds
112.524: Application time: 0.0395560 seconds
112.524: [GC [PSYoungGen: 7616K->400K(8192K)] 11149K->3981K(26112K), 0.0003950 secs] [Times: user=0.00 sys=0.00, real=0.00 secs] 
112.525: Total time for which application threads were stopped: 0.0004950 seconds, Stopping threads took: 0.0000440 seconds
112.565: Application time: 0.0401660 seconds
112.565: [GC [PSYoungGen: 7568K->336K(8192K)] 11149K->3965K(26112K), 0.0004550 secs] [Times: user=0.00 sys=0.00, real=0.00 secs] 
112.565: Total time for which application threads were stopped: 0.0005580 seconds, Stopping threads took: 0.0000420 seconds
112.605: Application time: 0.0392770 seconds
112.609: [GC [PSYoungGen: 7504K->272K(8192K)] 11133K->4021K(26112K), 0.0003810 secs] [Times: user=0.00 sys=0.00, real=0.00 secs] 
112.609: Total time for which application threads were stopped: 0.0045000 seconds, Stopping threads took: 0.0040630 seconds
112.648: Application time: 0.0386590 seconds
112.648: [GC [PSYoungGen: 7440K->288K(8192K)] 11189K->4109K(26112K), 0.0003630 secs] [Times: user=0.00 sys=0.00, real=0.00 secs] 
112.648: Total time for which application threads were stopped: 0.0004560 seconds, Stopping threads took: 0.0000390 seconds
112.689: Application time: 0.0402870 seconds
112.689: [GC [PSYoungGen: 7456K->272K(8192K)] 11277K->4093K(26112K), 0.0004160 secs] [Times: user=0.00 sys=0.00, real=0.01 secs] 
112.689: Total time for which application threads were stopped: 0.0005260 seconds, Stopping threads took: 0.0000530 seconds
112.728: Application time: 0.0391200 seconds
112.728: [GC [PSYoungGen: 7440K->336K(8192K)] 11261K->4157K(26112K), 0.0004080 secs] [Times: user=0.01 sys=0.00, real=0.01 secs] 
112.729: Total time for which application threads were stopped: 0.0005370 seconds, Stopping threads took: 0.0000620 seconds
112.767: Application time: 0.0380510 seconds
112.767: [GC [PSYoungGen: 7504K->448K(8192K)] 11325K->4269K(26112K), 0.0004390 secs] [Times: user=0.00 sys=0.00, real=0.00 secs] 
112.767: Total time for which application threads were stopped: 0.0005360 seconds, Stopping threads took: 0.0000420 seconds
112.806: Application time: 0.0385060 seconds
112.806: [GC [PSYoungGen: 7616K->464K(8192K)] 11437K->4285K(26112K), 0.0004460 secs] [Times: user=0.00 sys=0.00, real=0.00 secs] 
112.806: Total time for which application threads were stopped: 0.0005460 seconds, Stopping threads took: 0.0000450 seconds
112.846: Application time: 0.0392130 seconds
112.846: [GC [PSYoungGen: 7632K->496K(8192K)] 11453K->4317K(26112K), 0.0004640 secs] [Times: user=0.00 sys=0.00, real=0.00 secs] 
112.846: Total time for which application threads were stopped: 0.0005650 seconds, Stopping threads took: 0.0000460 seconds
112.885: Application time: 0.0392740 seconds
112.886: [GC [PSYoungGen: 7664K->512K(8192K)] 11485K->4333K(26112K), 0.0004200 secs] [Times: user=0.01 sys=0.00, real=0.00 secs] 
112.886: Total time for which application threads were stopped: 0.0005200 seconds, Stopping threads took: 0.0000460 seconds
112.925: Application time: 0.0392850 seconds
112.925: [GC [PSYoungGen: 7680K->528K(8192K)] 11501K->4349K(26112K), 0.0004120 secs] [Times: user=0.00 sys=0.00, real=0.00 secs] 
112.926: Total time for which application threads were stopped: 0.0005080 seconds, Stopping threads took: 0.0000430 seconds
112.965: Application time: 0.0393720 seconds
112.965: [GC [PSYoungGen: 7696K->496K(8192K)] 11517K->4317K(26112K), 0.0004540 secs] [Times: user=0.01 sys=0.00, real=0.00 secs] 
112.966: Total time for which application threads were stopped: 0.0005670 seconds, Stopping threads took: 0.0000440 seconds
113.005: Application time: 0.0392630 seconds
113.005: [GC [PSYoungGen: 7664K->496K(8192K)] 11485K->4317K(26112K), 0.0003980 secs] [Times: user=0.00 sys=0.00, real=0.00 secs] 
113.005: Total time for which application threads were stopped: 0.0005020 seconds, Stopping threads took: 0.0000500 seconds
113.045: Application time: 0.0392230 seconds
113.045: [GC [PSYoungGen: 7664K->496K(8192K)] 11485K->4317K(26112K), 0.0004480 secs] [Times: user=0.00 sys=0.00, real=0.00 secs] 
113.045: Total time for which application threads were stopped: 0.0005440 seconds, Stopping threads took: 0.0000410 seconds
113.085: Application time: 0.0393290 seconds
113.085: [GC [PSYoungGen: 7664K->512K(8192K)] 11485K->4333K(26112K), 0.0004220 secs] [Times: user=0.00 sys=0.00, real=0.00 secs] 
113.085: Total time for which application threads were stopped: 0.0005190 seconds, Stopping threads took: 0.0000460 seconds
113.124: Application time: 0.0392910 seconds
113.124: [GC [PSYoungGen: 7680K->512K(8192K)] 11501K->4333K(26112K), 0.0004130 secs] [Times: user=0.00 sys=0.00, real=0.00 secs] 
113.125: Total time for which application threads were stopped: 0.0005130 seconds, Stopping threads took: 0.0000440 seconds
113.164: Application time: 0.0391480 seconds
113.164: [GC [PSYoungGen: 7680K->496K(8192K)] 11501K->4317K(26112K), 0.0004200 secs] [Times: user=0.00 sys=0.00, real=0.00 secs] 
113.165: Total time for which application threads were stopped: 0.0005130 seconds, Stopping threads took: 0.0000420 seconds
113.204: Application time: 0.0392260 seconds
113.204: [GC [PSYoungGen: 7664K->512K(8192K)] 11485K->4333K(26112K), 0.0004170 secs] [Times: user=0.00 sys=0.00, real=0.00 secs] 
113.204: Total time for which application threads were stopped: 0.0005120 seconds, Stopping threads took: 0.0000420 seconds
113.244: Application time: 0.0392160 seconds
113.244: [GC [PSYoungGen: 7680K->432K(8192K)] 11501K->4349K(26112K), 0.0004190 secs] [Times: user=0.00 sys=0.00, real=0.00 secs] 
113.244: Total time for which application threads were stopped: 0.0005170 seconds, Stopping threads took: 0.0000450 seconds
113.283: Application time: 0.0392380 seconds
113.283: [GC [PSYoungGen: 7600K->432K(8192K)] 11517K->4349K(26112K), 0.0003940 secs] [Times: user=0.00 sys=0.00, real=0.00 secs] 
113.284: Total time for which application threads were stopped: 0.0004900 seconds, Stopping threads took: 0.0000410 seconds
113.323: Application time: 0.0392890 seconds
113.323: [GC [PSYoungGen: 7600K->400K(8192K)] 11517K->4365K(26112K), 0.0004200 secs] [Times: user=0.01 sys=0.00, real=0.00 secs] 
113.324: Total time for which application threads were stopped: 0.0005060 seconds, Stopping threads took: 0.0000330 seconds
113.363: Application time: 0.0392650 seconds
113.363: [GC [PSYoungGen: 7568K->304K(8192K)] 11533K->4405K(26112K), 0.0004140 secs] [Times: user=0.00 sys=0.00, real=0.00 secs] 
113.363: Total time for which application threads were stopped: 0.0005040 seconds, Stopping threads took: 0.0000380 seconds
113.402: Application time: 0.0390480 seconds
113.402: [GC [PSYoungGen: 7472K->272K(8192K)] 11573K->4421K(26112K), 0.0003870 secs] [Times: user=0.00 sys=0.00, real=0.00 secs] 
113.403: Total time for which application threads were stopped: 0.0004850 seconds, Stopping threads took: 0.0000440 seconds
113.442: Application time: 0.0389240 seconds
113.442: [GC [PSYoungGen: 7440K->256K(8192K)] 11589K->4461K(26112K), 0.0004180 secs] [Times: user=0.00 sys=0.00, real=0.00 secs] 
113.442: Total time for which application threads were stopped: 0.0005170 seconds, Stopping threads took: 0.0000460 seconds
113.482: Application time: 0.0393330 seconds
113.482: [GC [PSYoungGen: 7424K->288K(8192K)] 11629K->4493K(26112K), 0.0003650 secs] [Times: user=0.00 sys=0.00, real=0.00 secs] 
113.482: Total time for which application threads were stopped: 0.0004740 seconds, Stopping threads took: 0.0000450 seconds
113.521: Application time: 0.0385680 seconds
113.521: [GC [PSYoungGen: 7456K->336K(8192K)] 11661K->4541K(26112K), 0.0003690 secs] [Times: user=0.00 sys=0.00, real=0.00 secs] 
113.521: Total time for which application threads were stopped: 0.0004700 seconds, Stopping threads took: 0.0000440 seconds
113.559: Application time: 0.0378750 seconds
113.559: [GC [PSYoungGen: 7504K->384K(8192K)] 11709K->4589K(26112K), 0.0003870 secs] [Times: user=0.00 sys=0.00, real=0.00 secs] 
113.560: Total time for which application threads were stopped: 0.0004840 seconds, Stopping threads took: 0.0000410 seconds
113.598: Application time: 0.0388140 seconds
113.598: [GC [PSYoungGen: 7552K->416K(8192K)] 11757K->4621K(26112K), 0.0004350 secs] [Times: user=0.00 sys=0.00, real=0.00 secs] 
113.599: Total time for which application threads were stopped: 0.0005300 seconds, Stopping threads took: 0.0000420 seconds
113.638: Application time: 0.0387310 seconds
113.638: [GC [PSYoungGen: 7584K->528K(8192K)] 11789K->4733K(26112K), 0.0004470 secs] [Times: user=0.00 sys=0.00, real=0.00 secs] 
113.638: Total time for which application threads were stopped: 0.0005480 seconds, Stopping threads took: 0.0000480 seconds
113.677: Application time: 0.0392780 seconds
113.678: [GC [PSYoungGen: 7696K->544K(8192K)] 11901K->4749K(26112K), 0.0004580 secs] [Times: user=0.00 sys=0.00, real=0.00 secs] 
113.678: Total time for which application threads were stopped: 0.0005560 seconds, Stopping threads took: 0.0000460 seconds
113.718: Application time: 0.0397210 seconds
113.718: [GC [PSYoungGen: 7712K->512K(8192K)] 11917K->4717K(26112K), 0.0004700 secs] [Times: user=0.00 sys=0.00, real=0.00 secs] 
113.718: Total time for which application threads were stopped: 0.0005920 seconds, Stopping threads took: 0.0000540 seconds
113.757: Application time: 0.0391490 seconds
113.758: [GC [PSYoungGen: 7680K->512K(8192K)] 11885K->4717K(26112K), 0.0004100 secs] [Times: user=0.00 sys=0.00, real=0.00 secs] 
113.758: Total time for which application threads were stopped: 0.0005060 seconds, Stopping threads took: 0.0000440 seconds
113.797: Application time: 0.0390950 seconds
113.797: [GC [PSYoungGen: 7680K->528K(8192K)] 11885K->4733K(26112K), 0.0004430 secs] [Times: user=0.01 sys=0.00, real=0.00 secs] 
113.798: Total time for which application threads were stopped: 0.0005300 seconds, Stopping threads took: 0.0000370 seconds
113.837: Application time: 0.0390280 seconds
113.837: [GC [PSYoungGen: 7696K->560K(8192K)] 11901K->4765K(26112K), 0.0004180 secs] [Times: user=0.00 sys=0.00, real=0.00 secs] 
113.837: Total time for which application threads were stopped: 0.0005260 seconds, Stopping threads took: 0.0000500 seconds
113.876: Application time: 0.0392510 seconds
113.876: [GC [PSYoungGen: 7728K->512K(8192K)] 11933K->4717K(26112K), 0.0004050 secs] [Times: user=0.00 sys=0.00, real=0.01 secs] 
113.877: Total time for which application threads were stopped: 0.0005040 seconds, Stopping threads took: 0.0000430 seconds
113.916: Application time: 0.0391200 seconds
113.916: [GC [PSYoungGen: 7680K->512K(8192K)] 11885K->4717K(26112K), 0.0004110 secs] [Times: user=0.01 sys=0.00, real=0.00 secs] 
113.917: Total time for which application threads were stopped: 0.0005130 seconds, Stopping threads took: 0.0000450 seconds
113.956: Application time: 0.0391620 seconds
113.956: [GC [PSYoungGen: 7680K->512K(8192K)] 11885K->4717K(26112K), 0.0004120 secs] [Times: user=0.00 sys=0.00, real=0.00 secs] 
113.956: Total time for which application threads were stopped: 0.0005160 seconds, Stopping threads took: 0.0000410 seconds
113.996: Application time: 0.0396530 seconds
113.996: [GC [PSYoungGen: 7680K->448K(8192K)] 11885K->4709K(26112K), 0.0004400 secs] [Times: user=0.00 sys=0.00, real=0.00 secs] 
113.996: Total time for which application threads were stopped: 0.0005550 seconds, Stopping threads took: 0.0000500 seconds
114.036: Application time: 0.0392280 seconds
114.036: [GC [PSYoungGen: 7616K->464K(8192K)] 11877K->4773K(26112K), 0.0005040 secs] [Times: user=0.00 sys=0.00, real=0.00 secs] 
114.036: Total time for which application threads were stopped: 0.0006000 seconds, Stopping threads took: 0.0000390 seconds
114.077: Application time: 0.0402980 seconds
114.077: [GC [PSYoungGen: 7632K->432K(8192K)] 11941K->4741K(26112K), 0.0004080 secs] [Times: user=0.00 sys=0.00, real=0.01 secs] 
114.077: Total time for which application threads were stopped: 0.0005180 seconds, Stopping threads took: 0.0000510 seconds
114.117: Application time: 0.0396290 seconds
114.117: [GC [PSYoungGen: 7600K->368K(8192K)] 11909K->4766K(26112K), 0.0004220 secs] [Times: user=0.00 sys=0.00, real=0.00 secs] 
114.117: Total time for which application threads were stopped: 0.0005190 seconds, Stopping threads took: 0.0000430 seconds
114.157: Application time: 0.0393650 seconds
114.157: [GC [PSYoungGen: 7536K->320K(8192K)] 11934K->4798K(26112K), 0.0003900 secs] [Times: user=0.00 sys=0.00, real=0.01 secs] 
114.157: Total time for which application threads were stopped: 0.0004850 seconds, Stopping threads took: 0.0000440 seconds
114.197: Application time: 0.0396130 seconds
114.197: [GC [PSYoungGen: 7488K->288K(8192K)] 11966K->4822K(26112K), 0.0004060 secs] [Times: user=0.00 sys=0.00, real=0.00 secs] 
114.197: Total time for which application threads were stopped: 0.0005150 seconds, Stopping threads took: 0.0000540 seconds
114.236: Application time: 0.0389050 seconds
114.236: [GC [PSYoungGen: 7456K->320K(8192K)] 11990K->4902K(26112K), 0.0003800 secs] [Times: user=0.00 sys=0.00, real=0.00 secs] 
114.237: Total time for which application threads were stopped: 0.0004840 seconds, Stopping threads took: 0.0000480 seconds
114.276: Application time: 0.0392580 seconds
114.276: [GC [PSYoungGen: 7488K->272K(8192K)] 12070K->4854K(26112K), 0.0004370 secs] [Times: user=0.00 sys=0.00, real=0.00 secs] 
114.276: Total time for which application threads were stopped: 0.0005300 seconds, Stopping threads took: 0.0000440 seconds
114.315: Application time: 0.0383300 seconds
114.315: [GC [PSYoungGen: 7440K->368K(8192K)] 12022K->4950K(26112K), 0.0004050 secs] [Times: user=0.00 sys=0.00, real=0.00 secs] 
114.315: Total time for which application threads were stopped: 0.0005080 seconds, Stopping threads took: 0.0000450 seconds
114.354: Application time: 0.0384540 seconds
114.354: [GC [PSYoungGen: 7536K->400K(8192K)] 12118K->4982K(26112K), 0.0003900 secs] [Times: user=0.00 sys=0.00, real=0.00 secs] 
114.354: Total time for which application threads were stopped: 0.0004980 seconds, Stopping threads took: 0.0000510 seconds
114.393: Application time: 0.0385820 seconds
114.393: [GC [PSYoungGen: 7568K->480K(8192K)] 12150K->5062K(26112K), 0.0004590 secs] [Times: user=0.00 sys=0.00, real=0.00 secs] 
114.393: Total time for which application threads were stopped: 0.0005560 seconds, Stopping threads took: 0.0000420 seconds
114.432: Application time: 0.0391030 seconds
114.433: [GC [PSYoungGen: 7648K->496K(8192K)] 12230K->5078K(26112K), 0.0004580 secs] [Times: user=0.01 sys=0.00, real=0.00 secs] 
114.433: Total time for which application threads were stopped: 0.0005550 seconds, Stopping threads took: 0.0000400 seconds
114.472: Application time: 0.0392290 seconds
114.472: [GC [PSYoungGen: 7664K->512K(8192K)] 12246K->5094K(26112K), 0.0004000 secs] [Times: user=0.00 sys=0.00, real=0.00 secs] 
114.473: Total time for which application threads were stopped: 0.0004940 seconds, Stopping threads took: 0.0000420 seconds
114.512: Application time: 0.0394040 seconds
114.512: [GC [PSYoungGen: 7680K->496K(8192K)] 12262K->5078K(26112K), 0.0004220 secs] [Times: user=0.00 sys=0.00, real=0.00 secs] 
114.513: Total time for which application threads were stopped: 0.0005360 seconds, Stopping threads took: 0.0000440 seconds
114.552: Application time: 0.0394760 seconds
114.552: [GC [PSYoungGen: 7664K->464K(8192K)] 12246K->5046K(26112K), 0.0004530 secs] [Times: user=0.01 sys=0.00, real=0.00 secs] 
114.553: Total time for which application threads were stopped: 0.0005500 seconds, Stopping threads took: 0.0000440 seconds
114.592: Application time: 0.0393720 seconds
114.592: [GC [PSYoungGen: 7632K->512K(8192K)] 12214K->5094K(26112K), 0.0004580 secs] [Times: user=0.00 sys=0.00, real=0.00 secs] 
114.593: Total time for which application threads were stopped: 0.0005560 seconds, Stopping threads took: 0.0000440 seconds
114.632: Application time: 0.0392960 seconds
114.632: [GC [PSYoungGen: 7680K->480K(8192K)] 12262K->5062K(26112K), 0.0004050 secs] [Times: user=0.00 sys=0.00, real=0.00 secs] 
114.632: Total time for which application threads were stopped: 0.0005050 seconds, Stopping threads took: 0.0000460 seconds
114.672: Application time: 0.0392010 seconds
114.672: [GC [PSYoungGen: 7648K->480K(8192K)] 12230K->5062K(26112K), 0.0004260 secs] [Times: user=0.00 sys=0.00, real=0.00 secs] 
114.672: Total time for which application threads were stopped: 0.0005170 seconds, Stopping threads took: 0.0000370 seconds
114.711: Application time: 0.0392060 seconds
114.711: [GC [PSYoungGen: 7648K->480K(8192K)] 12230K->5062K(26112K), 0.0004920 secs] [Times: user=0.00 sys=0.00, real=0.00 secs] 
114.712: Total time for which application threads were stopped: 0.0006120 seconds, Stopping threads took: 0.0000510 seconds
114.751: Application time: 0.0390840 seconds
114.751: [GC [PSYoungGen: 7648K->496K(8192K)] 12230K->5078K(26112K), 0.0004240 secs] [Times: user=0.00 sys=0.00, real=0.00 secs] 
114.752: Total time for which application threads were stopped: 0.0005220 seconds, Stopping threads took: 0.0000410 seconds
114.791: Application time: 0.0392620 seconds
114.791: [GC [PSYoungGen: 7664K->480K(8192K)] 12246K->5118K(26112K), 0.0004110 secs] [Times: user=0.00 sys=0.00, real=0.00 secs] 
114.791: Total time for which application threads were stopped: 0.0005100 seconds, Stopping threads took: 0.0000460 seconds
114.831: Application time: 0.0392800 seconds
114.831: [GC [PSYoungGen: 7648K->384K(8192K)] 12286K->5070K(26112K), 0.0004170 secs] [Times: user=0.00 sys=0.00, real=0.00 secs] 
114.831: Total time for which application threads were stopped: 0.0005160 seconds, Stopping threads took: 0.0000450 seconds
114.870: Application time: 0.0392680 seconds
114.870: [GC [PSYoungGen: 7552K->448K(8192K)] 12238K->5134K(26112K), 0.0004300 secs] [Times: user=0.00 sys=0.00, real=0.00 secs] 
114.871: Total time for which application threads were stopped: 0.0005320 seconds, Stopping threads took: 0.0000450 seconds
114.911: Application time: 0.0398140 seconds
114.911: [GC [PSYoungGen: 7616K->384K(8192K)] 12302K->5158K(26112K), 0.0004920 secs] [Times: user=0.00 sys=0.00, real=0.00 secs] 
114.911: Total time for which application threads were stopped: 0.0005910 seconds, Stopping threads took: 0.0000430 seconds
114.951: Application time: 0.0392810 seconds
114.951: [GC [PSYoungGen: 7552K->288K(8192K)] 12326K->5150K(26112K), 0.0003780 secs] [Times: user=0.00 sys=0.00, real=0.00 secs] 
114.951: Total time for which application threads were stopped: 0.0004790 seconds, Stopping threads took: 0.0000460 seconds
114.990: Application time: 0.0386400 seconds
114.993: [GC [PSYoungGen: 7456K->288K(8192K)] 12318K->5198K(26112K), 0.0003860 secs] [Times: user=0.00 sys=0.00, real=0.00 secs] 
114.993: Total time for which application threads were stopped: 0.0033930 seconds, Stopping threads took: 0.0029530 seconds
115.032: Application time: 0.0388860 seconds
115.032: [GC [PSYoungGen: 7455K->320K(8192K)] 12366K->5278K(26112K), 0.0003840 secs] [Times: user=0.01 sys=0.00, real=0.00 secs] 
115.033: Total time for which application threads were stopped: 0.0004950 seconds, Stopping threads took: 0.0000500 seconds
115.071: Application time: 0.0381550 seconds
115.071: [GC [PSYoungGen: 7488K->384K(8192K)] 12446K->5342K(26112K), 0.0003960 secs] [Times: user=0.00 sys=0.00, real=0.00 secs] 
115.071: Total time for which application threads were stopped: 0.0004940 seconds, Stopping threads took: 0.0000440 seconds
115.111: Application time: 0.0396810 seconds
115.111: [GC [PSYoungGen: 7552K->352K(8192K)] 12510K->5310K(26112K), 0.0004120 secs] [Times: user=0.00 sys=0.00, real=0.00 secs] 
115.111: Total time for which application threads were stopped: 0.0005320 seconds, Stopping threads took: 0.0000630 seconds
115.149: Application time: 0.0379300 seconds
115.153: [GC [PSYoungGen: 7520K->432K(8192K)] 12478K->5390K(26112K), 0.0004210 secs] [Times: user=0.00 sys=0.00, real=0.00 secs] 
115.153: Total time for which application threads were stopped: 0.0038560 seconds, Stopping threads took: 0.0033770 seconds
115.192: Application time: 0.0384390 seconds
115.192: [GC [PSYoungGen: 7600K->480K(8192K)] 12558K->5438K(26112K), 0.0004130 secs] [Times: user=0.00 sys=0.00, real=0.00 secs] 
115.192: Total time for which application threads were stopped: 0.0005260 seconds, Stopping threads took: 0.0000570 seconds
115.231: Application time: 0.0392790 seconds
115.232: [GC [PSYoungGen: 7648K->496K(8192K)] 12606K->5454K(26112K), 0.0004150 secs] [Times: user=0.00 sys=0.00, real=0.00 secs] 
115.232: Total time for which application threads were stopped: 0.0005160 seconds, Stopping threads took: 0.0000480 seconds
115.272: Application time: 0.0397200 seconds
115.272: [GC [PSYoungGen: 7664K->512K(8192K)] 12622K->5470K(26112K), 0.0004190 secs] [Times: user=0.01 sys=0.00, real=0.00 secs] 
115.272: Total time for which application threads were stopped: 0.0005220 seconds, Stopping threads took: 0.0000480 seconds
115.311: Application time: 0.0392230 seconds
115.311: [GC [PSYoungGen: 7680K->544K(8192K)] 12638K->5502K(26112K), 0.0004500 secs] [Times: user=0.00 sys=0.00, real=0.00 secs] 
115.312: Total time for which application threads were stopped: 0.0005530 seconds, Stopping threads took: 0.0000460 seconds
115.351: Application time: 0.0392990 seconds
115.351: [GC [PSYoungGen: 7712K->496K(8192K)] 12670K->5454K(26112K), 0.0004580 secs] [Times: user=0.00 sys=0.00, real=0.00 secs] 
115.352: Total time for which application threads were stopped: 0.0005550 seconds, Stopping threads took: 0.0000420 seconds
115.391: Application time: 0.0392270 seconds
115.391: [GC [PSYoungGen: 7664K->496K(8192K)] 12622K->5454K(26112K), 0.0004640 secs] [Times: user=0.00 sys=0.00, real=0.00 secs] 
115.392: Total time for which application threads were stopped: 0.0005680 seconds, Stopping threads took: 0.0000480 seconds
115.431: Application time: 0.0391320 seconds
115.431: [GC [PSYoungGen: 7664K->512K(8192K)] 12622K->5470K(26112K), 0.0004460 secs] [Times: user=0.01 sys=0.00, real=0.00 secs] 
115.431: Total time for which application threads were stopped: 0.0005440 seconds, Stopping threads took: 0.0000430 seconds
115.471: Application time: 0.0392050 seconds
115.471: [GC [PSYoungGen: 7680K->480K(8192K)] 12638K->5438K(26112K), 0.0004190 secs] [Times: user=0.00 sys=0.00, real=0.00 secs] 
115.471: Total time for which application threads were stopped: 0.0005180 seconds, Stopping threads took: 0.0000440 seconds
115.510: Application time: 0.0392560 seconds
115.510: [GC [PSYoungGen: 7648K->480K(8192K)] 12606K->5438K(26112K), 0.0004100 secs] [Times: user=0.00 sys=0.00, real=0.00 secs] 
115.511: Total time for which application threads were stopped: 0.0005120 seconds, Stopping threads took: 0.0000460 seconds
115.550: Application time: 0.0392320 seconds
115.550: [GC [PSYoungGen: 7648K->496K(8192K)] 12606K->5454K(26112K), 0.0004160 secs] [Times: user=0.00 sys=0.00, real=0.00 secs] 
115.551: Total time for which application threads were stopped: 0.0005310 seconds, Stopping threads took: 0.0000510 seconds
115.591: Application time: 0.0402170 seconds
115.591: [GC [PSYoungGen: 7664K->448K(8192K)] 12622K->5446K(26112K), 0.0004380 secs] [Times: user=0.00 sys=0.00, real=0.00 secs] 
115.591: Total time for which application threads were stopped: 0.0005470 seconds, Stopping threads took: 0.0000500 seconds
115.631: Application time: 0.0393450 seconds
115.631: [GC [PSYoungGen: 7616K->416K(8192K)] 12614K->5470K(26112K), 0.0004150 secs] [Times: user=0.00 sys=0.00, real=0.00 secs] 
115.631: Total time for which application threads were stopped: 0.0005180 seconds, Stopping threads took: 0.0000470 seconds
115.670: Application time: 0.0392640 seconds
115.671: [GC [PSYoungGen: 7584K->368K(8192K)] 12638K->5510K(26112K), 0.0004030 secs] [Times: user=0.00 sys=0.00, real=0.00 secs] 
115.671: Total time for which application threads were stopped: 0.0005000 seconds, Stopping threads took: 0.0000440 seconds
115.712: Application time: 0.0407060 seconds
115.712: [GC [PSYoungGen: 7536K->352K(8192K)] 12678K->5494K(26112K), 0.0004270 secs] [Times: user=0.01 sys=0.00, real=0.00 secs] 
115.712: Total time for which application threads were stopped: 0.0005500 seconds, Stopping threads took: 0.0000600 seconds
115.751: Application time: 0.0391100 seconds
115.751: [GC [PSYoungGen: 7520K->320K(8192K)] 12662K->5550K(26112K), 0.0003980 secs] [Times: user=0.00 sys=0.00, real=0.00 secs] 
115.752: Total time for which application threads were stopped: 0.0004960 seconds, Stopping threads took: 0.0000450 seconds
115.791: Application time: 0.0389440 seconds
115.791: [GC [PSYoungGen: 7488K->272K(8192K)] 12718K->5590K(26112K), 0.0003700 secs] [Times: user=0.01 sys=0.00, real=0.00 secs] 
115.791: Total time for which application threads were stopped: 0.0004750 seconds, Stopping threads took: 0.0000470 seconds
115.830: Application time: 0.0391550 seconds
115.830: [GC [PSYoungGen: 7440K->256K(8192K)] 12758K->5574K(26112K), 0.0003850 secs] [Times: user=0.00 sys=0.00, real=0.00 secs] 
115.831: Total time for which application threads were stopped: 0.0004820 seconds, Stopping threads took: 0.0000450 seconds
115.869: Application time: 0.0379490 seconds
115.869: [GC [PSYoungGen: 7424K->384K(8192K)] 12742K->5702K(26112K), 0.0003880 secs] [Times: user=0.00 sys=0.00, real=0.00 secs] 
115.869: Total time for which application threads were stopped: 0.0004860 seconds, Stopping threads took: 0.0000420 seconds
115.908: Application time: 0.0391470 seconds
115.909: [GC [PSYoungGen: 7552K->400K(8192K)] 12870K->5718K(26112K), 0.0004020 secs] [Times: user=0.00 sys=0.00, real=0.01 secs] 
115.910: Total time for which application threads were stopped: 0.0016390 seconds, Stopping threads took: 0.0000470 seconds
115.949: Application time: 0.0388010 seconds
115.949: [GC [PSYoungGen: 7568K->432K(8192K)] 12886K->5750K(26112K), 0.0004300 secs] [Times: user=0.01 sys=0.00, real=0.00 secs] 
115.949: Total time for which application threads were stopped: 0.0005310 seconds, Stopping threads took: 0.0000450 seconds
115.988: Application time: 0.0381630 seconds
115.988: [GC [PSYoungGen: 7600K->480K(8192K)] 12918K->5798K(26112K), 0.0004210 secs] [Times: user=0.00 sys=0.00, real=0.00 secs] 
115.988: Total time for which application threads were stopped: 0.0005390 seconds, Stopping threads took: 0.0000620 seconds
116.027: Application time: 0.0393320 seconds
116.028: [GC [PSYoungGen: 7648K->512K(8192K)] 12966K->5830K(26112K), 0.0004080 secs] [Times: user=0.00 sys=0.00, real=0.00 secs] 
116.028: Total time for which application threads were stopped: 0.0005060 seconds, Stopping threads took: 0.0000470 seconds
116.068: Application time: 0.0399080 seconds
116.068: [GC [PSYoungGen: 7680K->480K(8192K)] 12998K->5798K(26112K), 0.0004350 secs] [Times: user=0.00 sys=0.00, real=0.00 secs] 
116.068: Total time for which application threads were stopped: 0.0005490 seconds, Stopping threads took: 0.0000470 seconds
116.108: Application time: 0.0392420 seconds
116.109: [GC [PSYoungGen: 7648K->464K(8192K)] 12966K->5782K(26112K), 0.0005000 secs] [Times: user=0.00 sys=0.00, real=0.00 secs] 
116.109: Total time for which application threads were stopped: 0.0015610 seconds, Stopping threads took: 0.0010030 seconds
116.149: Application time: 0.0396430 seconds
116.149: [GC [PSYoungGen: 7632K->496K(8192K)] 12950K->5814K(26112K), 0.0004130 secs] [Times: user=0.00 sys=0.00, real=0.00 secs] 
116.149: Total time for which application threads were stopped: 0.0005140 seconds, Stopping threads took: 0.0000370 seconds
116.189: Application time: 0.0392340 seconds
116.189: [GC [PSYoungGen: 7664K->480K(8192K)] 12982K->5798K(26112K), 0.0004160 secs] [Times: user=0.01 sys=0.00, real=0.00 secs] 
116.189: Total time for which application threads were stopped: 0.0005150 seconds, Stopping threads took: 0.0000440 seconds
116.228: Application time: 0.0392760 seconds
116.229: [GC [PSYoungGen: 7648K->464K(8192K)] 12966K->5782K(26112K), 0.0004510 secs] [Times: user=0.00 sys=0.00, real=0.00 secs] 
116.229: Total time for which application threads were stopped: 0.0007620 seconds, Stopping threads took: 0.0002560 seconds
116.268: Application time: 0.0391510 seconds
116.268: [GC [PSYoungGen: 7632K->512K(8192K)] 12950K->5830K(26112K), 0.0004490 secs] [Times: user=0.00 sys=0.00, real=0.01 secs] 
116.269: Total time for which application threads were stopped: 0.0005430 seconds, Stopping threads took: 0.0000400 seconds
116.308: Application time: 0.0393270 seconds
116.308: [GC [PSYoungGen: 7680K->480K(8192K)] 12998K->5798K(26112K), 0.0004270 secs] [Times: user=0.00 sys=0.00, real=0.01 secs] 
116.309: Total time for which application threads were stopped: 0.0005330 seconds, Stopping threads took: 0.0000480 seconds
116.348: Application time: 0.0392010 seconds
116.348: [GC [PSYoungGen: 7648K->512K(8192K)] 12966K->5830K(26112K), 0.0004460 secs] [Times: user=0.00 sys=0.00, real=0.00 secs] 
116.349: Total time for which application threads were stopped: 0.0005500 seconds, Stopping threads took: 0.0000480 seconds
116.388: Application time: 0.0393340 seconds
116.389: [GC [PSYoungGen: 7680K->480K(8192K)] 12998K->5846K(26112K), 0.0004040 secs] [Times: user=0.01 sys=0.00, real=0.00 secs] 
116.389: Total time for which application threads were stopped: 0.0012990 seconds, Stopping threads took: 0.0008380 seconds
116.428: Application time: 0.0392000 seconds
116.428: [GC [PSYoungGen: 7648K->416K(8192K)] 13014K->5830K(26112K), 0.0004200 secs] [Times: user=0.00 sys=0.00, real=0.01 secs] 
116.429: Total time for which application threads were stopped: 0.0005360 seconds, Stopping threads took: 0.0000620 seconds
116.468: Application time: 0.0392710 seconds
116.468: [GC [PSYoungGen: 7584K->368K(8192K)] 12998K->5878K(26112K), 0.0003880 secs] [Times: user=0.00 sys=0.00, real=0.00 secs] 
116.469: Total time for which application threads were stopped: 0.0004810 seconds, Stopping threads took: 0.0000400 seconds
116.508: Application time: 0.0392870 seconds
116.508: [GC [PSYoungGen: 7536K->336K(8192K)] 13046K->5902K(26112K), 0.0003840 secs] [Times: user=0.00 sys=0.00, real=0.00 secs] 
116.508: Total time for which application threads were stopped: 0.0004760 seconds, Stopping threads took: 0.0000380 seconds
116.548: Application time: 0.0392230 seconds
116.549: [GC [PSYoungGen: 7504K->288K(8192K)] 13070K->5910K(26112K), 0.0003720 secs] [Times: user=0.00 sys=0.00, real=0.00 secs] 
116.549: Total time for which application threads were stopped: 0.0015000 seconds, Stopping threads took: 0.0010720 seconds
116.587: Application time: 0.0381390 seconds
116.587: [GC [PSYoungGen: 7456K->320K(8192K)] 13078K->6022K(26112K), 0.0003780 secs] [Times: user=0.00 sys=0.00, real=0.00 secs] 
116.588: Total time for which application threads were stopped: 0.0004910 seconds, Stopping threads took: 0.0000490 seconds
116.627: Application time: 0.0396620 seconds
116.628: [GC [PSYoungGen: 7488K->288K(8192K)] 13190K->5990K(26112K), 0.0003500 secs] [Times: user=0.00 sys=0.00, real=0.00 secs] 
116.628: Total time for which application threads were stopped: 0.0004440 seconds, Stopping threads took: 0.0000400 seconds
116.666: Application time: 0.0382070 seconds
116.666: [GC [PSYoungGen: 7456K->384K(8192K)] 13158K->6086K(26112K), 0.0003730 secs] [Times: user=0.00 sys=0.00, real=0.00 secs] 
116.667: Total time for which application threads were stopped: 0.0004710 seconds, Stopping threads took: 0.0000420 seconds
116.705: Application time: 0.0388890 seconds
116.706: [GC [PSYoungGen: 7552K->400K(8192K)] 13254K->6102K(26112K), 0.0004870 secs] [Times: user=0.00 sys=0.00, real=0.00 secs] 
116.707: Total time for which application threads were stopped: 0.0013780 seconds, Stopping threads took: 0.0008170 seconds
116.745: Application time: 0.0385170 seconds
116.745: [GC [PSYoungGen: 7568K->400K(8192K)] 13270K->6102K(26112K), 0.0003860 secs] [Times: user=0.00 sys=0.00, real=0.00 secs] 
116.746: Total time for which application threads were stopped: 0.0004910 seconds, Stopping threads took: 0.0000460 seconds
116.784: Application time: 0.0385450 seconds
116.784: [GC [PSYoungGen: 7568K->512K(8192K)] 13270K->6214K(26112K), 0.0004160 secs] [Times: user=0.00 sys=0.00, real=0.00 secs] 
116.785: Total time for which application threads were stopped: 0.0005190 seconds, Stopping threads took: 0.0000490 seconds
116.824: Application time: 0.0391140 seconds
116.824: [GC [PSYoungGen: 7680K->512K(8192K)] 13382K->6214K(26112K), 0.0004110 secs] [Times: user=0.00 sys=0.00, real=0.00 secs] 
116.825: Total time for which application threads were stopped: 0.0005070 seconds, Stopping threads took: 0.0000450 seconds
116.864: Application time: 0.0396290 seconds
116.864: [GC [PSYoungGen: 7680K->512K(8192K)] 13382K->6214K(26112K), 0.0004120 secs] [Times: user=0.00 sys=0.00, real=0.00 secs] 
116.865: Total time for which application threads were stopped: 0.0005110 seconds, Stopping threads took: 0.0000410 seconds
116.904: Application time: 0.0393470 seconds
116.904: [GC [PSYoungGen: 7680K->512K(8192K)] 13382K->6214K(26112K), 0.0004670 secs] [Times: user=0.00 sys=0.00, real=0.00 secs] 
116.905: Total time for which application threads were stopped: 0.0005670 seconds, Stopping threads took: 0.0000440 seconds
116.944: Application time: 0.0394090 seconds
116.944: [GC [PSYoungGen: 7680K->496K(8192K)] 13382K->6198K(26112K), 0.0004260 secs] [Times: user=0.00 sys=0.00, real=0.00 secs] 
116.945: Total time for which application threads were stopped: 0.0005230 seconds, Stopping threads took: 0.0000420 seconds
116.984: Application time: 0.0390280 seconds
116.984: [GC [PSYoungGen: 7664K->544K(8192K)] 13366K->6246K(26112K), 0.0004030 secs] [Times: user=0.01 sys=0.00, real=0.00 secs] 
116.984: Total time for which application threads were stopped: 0.0005020 seconds, Stopping threads took: 0.0000430 seconds
117.023: Application time: 0.0394060 seconds
117.024: [GC [PSYoungGen: 7712K->512K(8192K)] 13414K->6214K(26112K), 0.0004080 secs] [Times: user=0.00 sys=0.00, real=0.00 secs] 
117.024: Total time for which application threads were stopped: 0.0005070 seconds, Stopping threads took: 0.0000450 seconds
117.063: Application time: 0.0389220 seconds
117.063: [GC [PSYoungGen: 7680K->512K(8192K)] 13382K->6214K(26112K), 0.0004160 secs] [Times: user=0.00 sys=0.00, real=0.00 secs] 
117.063: Total time for which application threads were stopped: 0.0005120 seconds, Stopping threads took: 0.0000410 seconds
117.104: Application time: 0.0404470 seconds
117.104: [GC [PSYoungGen: 7680K->496K(8192K)] 13382K->6198K(26112K), 0.0004570 secs] [Times: user=0.00 sys=0.00, real=0.00 secs] 
117.104: Total time for which application threads were stopped: 0.0005930 seconds, Stopping threads took: 0.0000610 seconds
117.144: Application time: 0.0393160 seconds
117.144: [GC [PSYoungGen: 7664K->480K(8192K)] 13366K->6182K(26112K), 0.0004750 secs] [Times: user=0.00 sys=0.00, real=0.00 secs] 
117.144: Total time for which application threads were stopped: 0.0005830 seconds, Stopping threads took: 0.0000470 seconds
117.183: Application time: 0.0390620 seconds
117.184: [GC [PSYoungGen: 7648K->464K(8192K)] 13350K->6238K(26112K), 0.0004280 secs] [Times: user=0.00 sys=0.00, real=0.00 secs] 
117.184: Total time for which application threads were stopped: 0.0005270 seconds, Stopping threads took: 0.0000450 seconds
117.225: Application time: 0.0406160 seconds
117.225: [GC [PSYoungGen: 7632K->368K(8192K)] 13406K->6142K(26112K), 0.0004380 secs] [Times: user=0.01 sys=0.00, real=0.00 secs] 
117.225: Total time for which application threads were stopped: 0.0005520 seconds, Stopping threads took: 0.0000520 seconds
117.265: Application time: 0.0395570 seconds
117.265: [GC [PSYoungGen: 7536K->368K(8192K)] 13310K->6231K(26112K), 0.0004460 secs] [Times: user=0.00 sys=0.00, real=0.00 secs] 
117.265: Total time for which application threads were stopped: 0.0005410 seconds, Stopping threads took: 0.0000400 seconds
117.304: Application time: 0.0391900 seconds
117.304: [GC [PSYoungGen: 7536K->336K(8192K)] 13399K->6247K(26112K), 0.0004090 secs] [Times: user=0.00 sys=0.00, real=0.00 secs] 
117.305: Total time for which application threads were stopped: 0.0005080 seconds, Stopping threads took: 0.0000450 seconds
117.344: Application time: 0.0388230 seconds
117.344: [GC [PSYoungGen: 7504K->304K(8192K)] 13415K->6271K(26112K), 0.0003860 secs] [Times: user=0.00 sys=0.00, real=0.00 secs] 
117.344: Total time for which application threads were stopped: 0.0004830 seconds, Stopping threads took: 0.0000410 seconds
117.383: Application time: 0.0385070 seconds
117.383: [GC [PSYoungGen: 7472K->320K(8192K)] 13439K->6383K(26112K), 0.0003840 secs] [Times: user=0.00 sys=0.00, real=0.00 secs] 
117.383: Total time for which application threads were stopped: 0.0004790 seconds, Stopping threads took: 0.0000390 seconds
117.422: Application time: 0.0387110 seconds
117.422: [GC [PSYoungGen: 7488K->304K(8192K)] 13551K->6367K(26112K), 0.0003740 secs] [Times: user=0.00 sys=0.00, real=0.00 secs] 
117.422: Total time for which application threads were stopped: 0.0004730 seconds, Stopping threads took: 0.0000430 seconds
117.462: Application time: 0.0391260 seconds
117.462: [GC [PSYoungGen: 7472K->352K(8192K)] 13535K->6415K(26112K), 0.0003820 secs] [Times: user=0.00 sys=0.00, real=0.00 secs] 
117.462: Total time for which application threads were stopped: 0.0004780 seconds, Stopping threads took: 0.0000410 seconds
117.500: Application time: 0.0378670 seconds
117.500: [GC [PSYoungGen: 7520K->464K(8192K)] 13583K->6527K(26112K), 0.0004460 secs] [Times: user=0.00 sys=0.00, real=0.00 secs] 
117.500: Total time for which application threads were stopped: 0.0005440 seconds, Stopping threads took: 0.0000430 seconds
117.539: Application time: 0.0389580 seconds
117.541: [GC [PSYoungGen: 7632K->432K(8192K)] 13695K->6495K(26112K), 0.0004370 secs] [Times: user=0.00 sys=0.00, real=0.00 secs] 
117.541: Total time for which application threads were stopped: 0.0018100 seconds, Stopping threads took: 0.0013190 seconds
117.580: Application time: 0.0389450 seconds
117.580: [GC [PSYoungGen: 7600K->512K(8192K)] 13663K->6575K(26112K), 0.0004310 secs] [Times: user=0.00 sys=0.00, real=0.00 secs] 
117.581: Total time for which application threads were stopped: 0.0005540 seconds, Stopping threads took: 0.0000660 seconds
117.620: Application time: 0.0392800 seconds
117.620: [GC [PSYoungGen: 7680K->528K(8192K)] 13743K->6591K(26112K), 0.0004110 secs] [Times: user=0.00 sys=0.00, real=0.00 secs] 
117.620: Total time for which application threads were stopped: 0.0005130 seconds, Stopping threads took: 0.0000400 seconds
117.660: Application time: 0.0392330 seconds
117.660: [GC [PSYoungGen: 7696K->480K(8192K)] 13759K->6543K(26112K), 0.0004030 secs] [Times: user=0.01 sys=0.00, real=0.00 secs] 
117.660: Total time for which application threads were stopped: 0.0005030 seconds, Stopping threads took: 0.0000460 seconds
117.699: Application time: 0.0392530 seconds
117.700: [GC [PSYoungGen: 7648K->512K(8192K)] 13711K->6575K(26112K), 0.0004180 secs] [Times: user=0.00 sys=0.00, real=0.00 secs] 
117.700: Total time for which application threads were stopped: 0.0005170 seconds, Stopping threads took: 0.0000470 seconds
117.740: Application time: 0.0396570 seconds
117.740: [GC [PSYoungGen: 7680K->512K(8192K)] 13743K->6575K(26112K), 0.0004490 secs] [Times: user=0.00 sys=0.00, real=0.00 secs] 
117.740: Total time for which application threads were stopped: 0.0005700 seconds, Stopping threads took: 0.0000560 seconds
117.779: Application time: 0.0391570 seconds
117.779: [GC [PSYoungGen: 7680K->528K(8192K)] 13743K->6591K(26112K), 0.0005140 secs] [Times: user=0.00 sys=0.00, real=0.00 secs] 
117.780: Total time for which application threads were stopped: 0.0006320 seconds, Stopping threads took: 0.0000540 seconds
117.819: Application time: 0.0391640 seconds
117.819: [GC [PSYoungGen: 7696K->464K(8192K)] 13759K->6527K(26112K), 0.0004110 secs] [Times: user=0.01 sys=0.00, real=0.00 secs] 
117.820: Total time for which application threads were stopped: 0.0005110 seconds, Stopping threads took: 0.0000440 seconds
117.859: Application time: 0.0392260 seconds
117.859: [GC [PSYoungGen: 7632K->464K(8192K)] 13695K->6527K(26112K), 0.0004000 secs] [Times: user=0.00 sys=0.00, real=0.00 secs] 
117.859: Total time for which application threads were stopped: 0.0004910 seconds, Stopping threads took: 0.0000370 seconds
117.899: Application time: 0.0392620 seconds
117.899: [GC [PSYoungGen: 7632K->496K(8192K)] 13695K->6559K(26112K), 0.0003950 secs] [Times: user=0.00 sys=0.00, real=0.00 secs] 
117.899: Total time for which application threads were stopped: 0.0005000 seconds, Stopping threads took: 0.0000510 seconds
117.938: Application time: 0.0391980 seconds
117.938: [GC [PSYoungGen: 7664K->480K(8192K)] 13727K->6603K(26112K), 0.0004090 secs] [Times: user=0.00 sys=0.00, real=0.00 secs] 
117.939: Total time for which application threads were stopped: 0.0005010 seconds, Stopping threads took: 0.0000400 seconds
117.978: Application time: 0.0392920 seconds
117.978: [GC [PSYoungGen: 7648K->432K(8192K)] 13771K->6603K(26112K), 0.0004840 secs] [Times: user=0.00 sys=0.00, real=0.00 secs] 
117.979: Total time for which application threads were stopped: 0.0006060 seconds, Stopping threads took: 0.0000640 seconds
118.018: Application time: 0.0394390 seconds
118.018: [GC [PSYoungGen: 7600K->400K(8192K)] 13771K->6619K(26112K), 0.0004460 secs] [Times: user=0.01 sys=0.00, real=0.00 secs] 
118.019: Total time for which application threads were stopped: 0.0005510 seconds, Stopping threads took: 0.0000520 seconds
118.058: Application time: 0.0392960 seconds
118.058: [GC [PSYoungGen: 7568K->368K(8192K)] 13787K->6635K(26112K), 0.0003860 secs] [Times: user=0.00 sys=0.00, real=0.00 secs] 
118.059: Total time for which application threads were stopped: 0.0004890 seconds, Stopping threads took: 0.0000440 seconds
118.098: Application time: 0.0392780 seconds
118.098: [GC [PSYoungGen: 7536K->288K(8192K)] 13803K->6643K(26112K), 0.0003830 secs] [Times: user=0.01 sys=0.00, real=0.00 secs] 
118.098: Total time for which application threads were stopped: 0.0004810 seconds, Stopping threads took: 0.0000450 seconds
118.137: Application time: 0.0388660 seconds
118.137: [GC [PSYoungGen: 7456K->272K(8192K)] 13811K->6667K(26112K), 0.0004150 secs] [Times: user=0.00 sys=0.00, real=0.00 secs] 
118.138: Total time for which application threads were stopped: 0.0005260 seconds, Stopping threads took: 0.0000430 seconds
118.176: Application time: 0.0386060 seconds
118.176: [GC [PSYoungGen: 7440K->320K(8192K)] 13835K->6763K(26112K), 0.0003670 secs] [Times: user=0.00 sys=0.00, real=0.01 secs] 
118.177: Total time for which application threads were stopped: 0.0004640 seconds, Stopping threads took: 0.0000450 seconds
118.215: Application time: 0.0385000 seconds
118.215: [GC [PSYoungGen: 7488K->352K(8192K)] 13931K->6795K(26112K), 0.0003650 secs] [Times: user=0.00 sys=0.00, real=0.00 secs] 
118.216: Total time for which application threads were stopped: 0.0004630 seconds, Stopping threads took: 0.0000450 seconds
118.254: Application time: 0.0385000 seconds
118.254: [GC [PSYoungGen: 7520K->384K(8192K)] 13963K->6827K(26112K), 0.0004080 secs] [Times: user=0.00 sys=0.00, real=0.00 secs] 
118.255: Total time for which application threads were stopped: 0.0005060 seconds, Stopping threads took: 0.0000430 seconds
118.294: Application time: 0.0391390 seconds
118.294: [GC [PSYoungGen: 7552K->432K(8192K)] 13995K->6875K(26112K), 0.0004170 secs] [Times: user=0.00 sys=0.00, real=0.00 secs] 
118.294: Total time for which application threads were stopped: 0.0005420 seconds, Stopping threads took: 0.0000650 seconds
118.334: Application time: 0.0390440 seconds
118.334: [GC [PSYoungGen: 7600K->448K(8192K)] 14043K->6891K(26112K), 0.0004390 secs] [Times: user=0.00 sys=0.00, real=0.00 secs] 
118.334: Total time for which application threads were stopped: 0.0005360 seconds, Stopping threads took: 0.0000410 seconds
118.374: Application time: 0.0394900 seconds
118.374: [GC [PSYoungGen: 7616K->512K(8192K)] 14059K->6955K(26112K), 0.0004440 secs] [Times: user=0.00 sys=0.00, real=0.00 secs] 
118.374: Total time for which application threads were stopped: 0.0005680 seconds, Stopping threads took: 0.0000620 seconds
118.414: Application time: 0.0394120 seconds
118.414: [GC [PSYoungGen: 7680K->480K(8192K)] 14123K->6923K(26112K), 0.0004040 secs] [Times: user=0.00 sys=0.00, real=0.00 secs] 
118.414: Total time for which application threads were stopped: 0.0005010 seconds, Stopping threads took: 0.0000430 seconds
118.453: Application time: 0.0393330 seconds
118.453: [GC [PSYoungGen: 7648K->512K(8192K)] 14091K->6955K(26112K), 0.0004520 secs] [Times: user=0.00 sys=0.00, real=0.00 secs] 
118.454: Total time for which application threads were stopped: 0.0005470 seconds, Stopping threads took: 0.0000430 seconds
118.493: Application time: 0.0394230 seconds
118.493: [GC [PSYoungGen: 7680K->528K(8192K)] 14123K->6971K(26112K), 0.0004090 secs] [Times: user=0.00 sys=0.00, real=0.00 secs] 
118.494: Total time for which application threads were stopped: 0.0004990 seconds, Stopping threads took: 0.0000390 seconds
118.533: Application time: 0.0395000 seconds
118.533: [GC [PSYoungGen: 7696K->496K(8192K)] 14139K->6939K(26112K), 0.0005030 secs] [Times: user=0.00 sys=0.00, real=0.00 secs] 
118.534: Total time for which application threads were stopped: 0.0006050 seconds, Stopping threads took: 0.0000480 seconds
118.573: Application time: 0.0392560 seconds
118.573: [GC [PSYoungGen: 7664K->512K(8192K)] 14107K->6955K(26112K), 0.0004680 secs] [Times: user=0.00 sys=0.00, real=0.00 secs] 
118.574: Total time for which application threads were stopped: 0.0005730 seconds, Stopping threads took: 0.0000490 seconds
118.613: Application time: 0.0397210 seconds
118.614: [GC [PSYoungGen: 7680K->512K(8192K)] 14123K->6955K(26112K), 0.0005220 secs] [Times: user=0.00 sys=0.00, real=0.00 secs] 
118.614: Total time for which application threads were stopped: 0.0006380 seconds, Stopping threads took: 0.0000510 seconds
118.654: Application time: 0.0395100 seconds
118.654: [GC [PSYoungGen: 7680K->496K(8192K)] 14123K->6939K(26112K), 0.0004050 secs] [Times: user=0.00 sys=0.00, real=0.00 secs] 
118.654: Total time for which application threads were stopped: 0.0005180 seconds, Stopping threads took: 0.0000450 seconds
118.693: Application time: 0.0390200 seconds
118.693: [GC [PSYoungGen: 7664K->512K(8192K)] 14107K->6955K(26112K), 0.0004110 secs] [Times: user=0.00 sys=0.00, real=0.00 secs] 
118.694: Total time for which application threads were stopped: 0.0005120 seconds, Stopping threads took: 0.0000460 seconds
118.734: Application time: 0.0406490 seconds
118.734: [GC [PSYoungGen: 7680K->512K(8192K)] 14123K->7011K(26112K), 0.0004860 secs] [Times: user=0.00 sys=0.00, real=0.00 secs] 
118.735: Total time for which application threads were stopped: 0.0005950 seconds, Stopping threads took: 0.0000460 seconds
118.774: Application time: 0.0391630 seconds
118.774: [GC [PSYoungGen: 7680K->432K(8192K)] 14179K->6987K(26112K), 0.0004670 secs] [Times: user=0.00 sys=0.00, real=0.00 secs] 
118.775: Total time for which application threads were stopped: 0.0005690 seconds, Stopping threads took: 0.0000480 seconds
118.814: Application time: 0.0394990 seconds
118.814: [GC [PSYoungGen: 7600K->384K(8192K)] 14155K->7011K(26112K), 0.0003990 secs] [Times: user=0.00 sys=0.00, real=0.00 secs] 
118.815: Total time for which application threads were stopped: 0.0004970 seconds, Stopping threads took: 0.0000430 seconds
118.854: Application time: 0.0394180 seconds
118.854: [GC [PSYoungGen: 7552K->336K(8192K)] 14179K->7019K(26112K), 0.0003980 secs] [Times: user=0.01 sys=0.00, real=0.00 secs] 
118.855: Total time for which application threads were stopped: 0.0005000 seconds, Stopping threads took: 0.0000470 seconds
118.894: Application time: 0.0391690 seconds
118.894: [GC [PSYoungGen: 7504K->288K(8192K)] 14187K->7019K(26112K), 0.0003850 secs] [Times: user=0.00 sys=0.00, real=0.00 secs] 
118.894: Total time for which application threads were stopped: 0.0004890 seconds, Stopping threads took: 0.0000470 seconds
118.933: Application time: 0.0386760 seconds
118.933: [GC [PSYoungGen: 7456K->320K(8192K)] 14187K->7115K(26112K), 0.0003630 secs] [Times: user=0.00 sys=0.00, real=0.00 secs] 
118.933: Total time for which application threads were stopped: 0.0004560 seconds, Stopping threads took: 0.0000390 seconds
118.972: Application time: 0.0387920 seconds
118.972: [GC [PSYoungGen: 7488K->288K(8192K)] 14283K->7139K(26112K), 0.0003750 secs] [Times: user=0.00 sys=0.00, real=0.00 secs] 
118.973: Total time for which application threads were stopped: 0.0004720 seconds, Stopping threads took: 0.0000430 seconds
119.011: Application time: 0.0379760 seconds
119.011: [GC [PSYoungGen: 7456K->352K(8192K)] 14307K->7203K(26112K), 0.0003910 secs] [Times: user=0.00 sys=0.00, real=0.00 secs] 
119.011: Total time for which application threads were stopped: 0.0004890 seconds, Stopping threads took: 0.0000430 seconds
119.050: Application time: 0.0391680 seconds
119.050: [GC [PSYoungGen: 7520K->400K(8192K)] 14371K->7251K(26112K), 0.0003960 secs] [Times: user=0.00 sys=0.00, real=0.00 secs] 
119.051: Total time for which application threads were stopped: 0.0005060 seconds, Stopping threads took: 0.0000550 seconds
119.089: Application time: 0.0387030 seconds
119.090: [GC [PSYoungGen: 7568K->400K(8192K)] 14419K->7251K(26112K), 0.0004240 secs] [Times: user=0.01 sys=0.00, real=0.00 secs] 
119.090: Total time for which application threads were stopped: 0.0005210 seconds, Stopping threads took: 0.0000430 seconds
119.128: Application time: 0.0384420 seconds
119.129: [GC [PSYoungGen: 7568K->496K(8192K)] 14419K->7347K(26112K), 0.0004270 secs] [Times: user=0.00 sys=0.00, real=0.01 secs] 
119.129: Total time for which application threads were stopped: 0.0005360 seconds, Stopping threads took: 0.0000490 seconds
119.168: Application time: 0.0393990 seconds
119.168: [GC [PSYoungGen: 7664K->512K(8192K)] 14515K->7363K(26112K), 0.0004020 secs] [Times: user=0.00 sys=0.00, real=0.01 secs] 
119.169: Total time for which application threads were stopped: 0.0005050 seconds, Stopping threads took: 0.0000400 seconds
119.208: Application time: 0.0392650 seconds
119.208: [GC [PSYoungGen: 7680K->480K(8192K)] 14531K->7331K(26112K), 0.0004010 secs] [Times: user=0.00 sys=0.00, real=0.00 secs] 
119.209: Total time for which application threads were stopped: 0.0005020 seconds, Stopping threads took: 0.0000440 seconds
119.248: Application time: 0.0392520 seconds
119.248: [GC [PSYoungGen: 7648K->496K(8192K)] 14499K->7347K(26112K), 0.0003970 secs] [Times: user=0.00 sys=0.00, real=0.00 secs] 
119.248: Total time for which application threads were stopped: 0.0004910 seconds, Stopping threads took: 0.0000430 seconds
119.288: Application time: 0.0393760 seconds
119.288: [GC [PSYoungGen: 7664K->528K(8192K)] 14515K->7379K(26112K), 0.0004490 secs] [Times: user=0.01 sys=0.00, real=0.00 secs] 
119.288: Total time for which application threads were stopped: 0.0005440 seconds, Stopping threads took: 0.0000440 seconds
119.328: Application time: 0.0391910 seconds
119.328: [GC [PSYoungGen: 7696K->480K(8192K)] 14547K->7331K(26112K), 0.0004910 secs] [Times: user=0.00 sys=0.00, real=0.00 secs] 
119.328: Total time for which application threads were stopped: 0.0005870 seconds, Stopping threads took: 0.0000420 seconds
119.368: Application time: 0.0394480 seconds
119.368: [GC [PSYoungGen: 7648K->496K(8192K)] 14499K->7347K(26112K), 0.0005050 secs] [Times: user=0.00 sys=0.00, real=0.00 secs] 
119.368: Total time for which application threads were stopped: 0.0006250 seconds, Stopping threads took: 0.0000590 seconds
119.407: Application time: 0.0392380 seconds
119.408: [GC [PSYoungGen: 7664K->496K(8192K)] 14515K->7347K(26112K), 0.0004090 secs] [Times: user=0.00 sys=0.00, real=0.00 secs] 
119.408: Total time for which application threads were stopped: 0.0005120 seconds, Stopping threads took: 0.0000410 seconds
119.447: Application time: 0.0392090 seconds
119.447: [GC [PSYoungGen: 7664K->496K(8192K)] 14515K->7347K(26112K), 0.0004180 secs] [Times: user=0.01 sys=0.00, real=0.00 secs] 
119.448: Total time for which application threads were stopped: 0.0005200 seconds, Stopping threads took: 0.0000450 seconds
119.487: Application time: 0.0393390 seconds
119.487: [GC [PSYoungGen: 7664K->528K(8192K)] 14515K->7379K(26112K), 0.0004460 secs] [Times: user=0.00 sys=0.00, real=0.00 secs] 
119.488: Total time for which application threads were stopped: 0.0005470 seconds, Stopping threads took: 0.0000430 seconds
119.527: Application time: 0.0395890 seconds
119.527: [GC [PSYoungGen: 7696K->480K(8192K)] 14547K->7379K(26112K), 0.0004260 secs] [Times: user=0.00 sys=0.00, real=0.00 secs] 
119.528: Total time for which application threads were stopped: 0.0005200 seconds, Stopping threads took: 0.0000380 seconds
119.567: Application time: 0.0393830 seconds
119.567: [GC [PSYoungGen: 7648K->448K(8192K)] 14547K->7403K(26112K), 0.0004480 secs] [Times: user=0.00 sys=0.00, real=0.00 secs] 
119.568: Total time for which application threads were stopped: 0.0005490 seconds, Stopping threads took: 0.0000450 seconds
119.607: Application time: 0.0395280 seconds
119.607: [GC [PSYoungGen: 7616K->368K(8192K)] 14571K->7411K(26112K), 0.0003900 secs] [Times: user=0.00 sys=0.00, real=0.00 secs] 
119.608: Total time for which application threads were stopped: 0.0004860 seconds, Stopping threads took: 0.0000430 seconds
119.647: Application time: 0.0394400 seconds
119.647: [GC [PSYoungGen: 7536K->320K(8192K)] 14579K->7419K(26112K), 0.0004490 secs] [Times: user=0.00 sys=0.00, real=0.00 secs] 
119.648: Total time for which application threads were stopped: 0.0005430 seconds, Stopping threads took: 0.0000420 seconds
119.687: Application time: 0.0392700 seconds
119.689: [GC [PSYoungGen: 7488K->288K(8192K)] 14587K->7435K(26112K), 0.0003770 secs] [Times: user=0.00 sys=0.00, real=0.00 secs] 
119.689: Total time for which application threads were stopped: 0.0022440 seconds, Stopping threads took: 0.0018050 seconds
119.727: Application time: 0.0380390 seconds
119.727: [GC [PSYoungGen: 7456K->320K(8192K)] 14603K->7547K(26112K), 0.0004160 secs] [Times: user=0.01 sys=0.00, real=0.00 secs] 
119.728: Total time for which application threads were stopped: 0.0005410 seconds, Stopping threads took: 0.0000550 seconds
119.767: Application time: 0.0396840 seconds
119.767: [GC [PSYoungGen: 7488K->288K(8192K)] 14715K->7515K(26112K), 0.0004020 secs] [Times: user=0.00 sys=0.00, real=0.00 secs] 
119.768: Total time for which application threads were stopped: 0.0005080 seconds, Stopping threads took: 0.0000460 seconds
119.806: Application time: 0.0379940 seconds
119.806: [GC [PSYoungGen: 7456K->368K(8192K)] 14683K->7595K(26112K), 0.0003800 secs] [Times: user=0.00 sys=0.00, real=0.00 secs] 
119.806: Total time for which application threads were stopped: 0.0004940 seconds, Stopping threads took: 0.0000560 seconds
119.845: Application time: 0.0389350 seconds
119.845: [GC [PSYoungGen: 7536K->352K(8192K)] 14763K->7579K(26112K), 0.0003850 secs] [Times: user=0.00 sys=0.00, real=0.00 secs] 
119.846: Total time for which application threads were stopped: 0.0004780 seconds, Stopping threads took: 0.0000390 seconds
119.885: Application time: 0.0388170 seconds
119.885: [GC [PSYoungGen: 7520K->432K(8192K)] 14747K->7659K(26112K), 0.0003840 secs] [Times: user=0.01 sys=0.00, real=0.00 secs] 
119.885: Total time for which application threads were stopped: 0.0004830 seconds, Stopping threads took: 0.0000450 seconds
119.923: Application time: 0.0381840 seconds
119.923: [GC [PSYoungGen: 7600K->512K(8192K)] 14827K->7739K(26112K), 0.0004570 secs] [Times: user=0.00 sys=0.00, real=0.00 secs] 
119.924: Total time for which application threads were stopped: 0.0005620 seconds, Stopping threads took: 0.0000500 seconds
119.963: Application time: 0.0393240 seconds
119.963: [GC [PSYoungGen: 7680K->496K(8192K)] 14907K->7723K(26112K), 0.0004630 secs] [Times: user=0.00 sys=0.00, real=0.00 secs] 
119.964: Total time for which application threads were stopped: 0.0005710 seconds, Stopping threads took: 0.0000450 seconds
120.003: Application time: 0.0393610 seconds
120.003: [GC [PSYoungGen: 7664K->512K(8192K)] 14891K->7739K(26112K), 0.0004070 secs] [Times: user=0.01 sys=0.00, real=0.00 secs] 
120.004: Total time for which application threads were stopped: 0.0004980 seconds, Stopping threads took: 0.0000340 seconds
120.043: Application time: 0.0396110 seconds
120.043: [GC [PSYoungGen: 7680K->544K(8192K)] 14907K->7771K(26112K), 0.0004570 secs] [Times: user=0.00 sys=0.00, real=0.00 secs] 
120.044: Total time for which application threads were stopped: 0.0005610 seconds, Stopping threads took: 0.0000470 seconds
120.083: Application time: 0.0392530 seconds
120.083: [GC [PSYoungGen: 7712K->528K(8192K)] 14939K->7755K(26112K), 0.0004120 secs] [Times: user=0.00 sys=0.00, real=0.00 secs] 
120.084: Total time for which application threads were stopped: 0.0005170 seconds, Stopping threads took: 0.0000510 seconds
120.124: Application time: 0.0401000 seconds
120.125: [GC [PSYoungGen: 7696K->496K(8192K)] 14923K->7723K(26112K), 0.0004710 secs] [Times: user=0.01 sys=0.00, real=0.00 secs] 
120.125: Total time for which application threads were stopped: 0.0015640 seconds, Stopping threads took: 0.0010260 seconds
120.165: Application time: 0.0392820 seconds
120.165: [GC [PSYoungGen: 7664K->496K(8192K)] 14891K->7723K(26112K), 0.0004340 secs] [Times: user=0.00 sys=0.00, real=0.00 secs] 
120.165: Total time for which application threads were stopped: 0.0005310 seconds, Stopping threads took: 0.0000360 seconds
120.204: Application time: 0.0391620 seconds
120.204: [GC [PSYoungGen: 7664K->496K(8192K)] 14891K->7723K(26112K), 0.0004930 secs] [Times: user=0.00 sys=0.00, real=0.00 secs] 
120.205: Total time for which application threads were stopped: 0.0006000 seconds, Stopping threads took: 0.0000390 seconds
120.245: Application time: 0.0403730 seconds
120.245: [GC [PSYoungGen: 7664K->544K(8192K)] 14891K->7771K(26112K), 0.0004370 secs] [Times: user=0.00 sys=0.00, real=0.00 secs] 
120.246: Total time for which application threads were stopped: 0.0005490 seconds, Stopping threads took: 0.0000510 seconds
120.286: Application time: 0.0400560 seconds
120.286: [GC [PSYoungGen: 7712K->528K(8192K)] 14939K->7755K(26112K), 0.0004460 secs] [Times: user=0.00 sys=0.00, real=0.00 secs] 
120.286: Total time for which application threads were stopped: 0.0005410 seconds, Stopping threads took: 0.0000420 seconds
120.325: Application time: 0.0390860 seconds
120.326: [GC [PSYoungGen: 7696K->416K(8192K)] 14923K->7732K(26112K), 0.0004550 secs] [Times: user=0.00 sys=0.00, real=0.00 secs] 
120.326: Total time for which application threads were stopped: 0.0005550 seconds, Stopping threads took: 0.0000410 seconds
120.365: Application time: 0.0391530 seconds
120.365: [GC [PSYoungGen: 7584K->464K(8192K)] 14900K->7779K(26112K), 0.0004410 secs] [Times: user=0.01 sys=0.00, real=0.00 secs] 
120.366: Total time for which application threads were stopped: 0.0005300 seconds, Stopping threads took: 0.0000380 seconds
120.405: Application time: 0.0392600 seconds
120.405: [GC [PSYoungGen: 7632K->352K(8192K)] 14947K->7756K(26112K), 0.0004060 secs] [Times: user=0.00 sys=0.00, real=0.00 secs] 
120.405: Total time for which application threads were stopped: 0.0005080 seconds, Stopping threads took: 0.0000480 seconds
120.445: Application time: 0.0393320 seconds
120.445: [GC [PSYoungGen: 7520K->336K(8192K)] 14924K->7780K(26112K), 0.0004360 secs] [Times: user=0.00 sys=0.00, real=0.00 secs] 
120.445: Total time for which application threads were stopped: 0.0005390 seconds, Stopping threads took: 0.0000490 seconds
120.485: Application time: 0.0393760 seconds
120.489: [GC [PSYoungGen: 7504K->304K(8192K)] 14948K->7804K(26112K), 0.0003790 secs] [Times: user=0.00 sys=0.00, real=0.00 secs] 
120.489: Total time for which application threads were stopped: 0.0044570 seconds, Stopping threads took: 0.0040240 seconds
120.527: Application time: 0.0383090 seconds
120.528: [GC [PSYoungGen: 7472K->288K(8192K)] 14972K->7876K(26112K), 0.0004480 secs] [Times: user=0.01 sys=0.00, real=0.00 secs] 
120.528: Total time for which application threads were stopped: 0.0005500 seconds, Stopping threads took: 0.0000400 seconds
120.567: Application time: 0.0392840 seconds
120.567: [GC [PSYoungGen: 7456K->288K(8192K)] 15044K->7876K(26112K), 0.0003470 secs] [Times: user=0.00 sys=0.00, real=0.00 secs] 
120.568: Total time for which application threads were stopped: 0.0004490 seconds, Stopping threads took: 0.0000440 seconds
120.606: Application time: 0.0384650 seconds
120.606: [GC [PSYoungGen: 7456K->384K(8192K)] 15044K->7972K(26112K), 0.0003700 secs] [Times: user=0.00 sys=0.00, real=0.00 secs] 
120.607: Total time for which application threads were stopped: 0.0004760 seconds, Stopping threads took: 0.0000500 seconds
120.645: Application time: 0.0385260 seconds
120.645: [GC [PSYoungGen: 7552K->368K(8192K)] 15140K->7956K(26112K), 0.0004230 secs] [Times: user=0.00 sys=0.00, real=0.00 secs] 
120.646: Total time for which application threads were stopped: 0.0005240 seconds, Stopping threads took: 0.0000500 seconds
120.685: Application time: 0.0389430 seconds
120.689: [GC [PSYoungGen: 7536K->448K(8192K)] 15124K->8036K(26112K), 0.0004690 secs] [Times: user=0.00 sys=0.00, real=0.00 secs] 
120.689: Total time for which application threads were stopped: 0.0045410 seconds, Stopping threads took: 0.0040140 seconds
120.728: Application time: 0.0385130 seconds
120.728: [GC [PSYoungGen: 7616K->512K(8192K)] 15204K->8100K(26112K), 0.0004590 secs] [Times: user=0.01 sys=0.00, real=0.00 secs] 
120.728: Total time for which application threads were stopped: 0.0005980 seconds, Stopping threads took: 0.0000610 seconds
120.768: Application time: 0.0393200 seconds
120.768: [GC [PSYoungGen: 7680K->512K(8192K)] 15268K->8100K(26112K), 0.0004130 secs] [Times: user=0.00 sys=0.00, real=0.00 secs] 
120.768: Total time for which application threads were stopped: 0.0005050 seconds, Stopping threads took: 0.0000380 seconds
120.808: Application time: 0.0394160 seconds
120.808: [GC [PSYoungGen: 7680K->464K(8192K)] 15268K->8052K(26112K), 0.0004460 secs] [Times: user=0.00 sys=0.00, real=0.00 secs] 
120.808: Total time for which application threads were stopped: 0.0005400 seconds, Stopping threads took: 0.0000420 seconds
120.847: Application time: 0.0392770 seconds
120.847: [GC [PSYoungGen: 7632K->544K(8192K)] 15220K->8132K(26112K), 0.0004530 secs] [Times: user=0.00 sys=0.00, real=0.00 secs] 
120.848: Total time for which application threads were stopped: 0.0005550 seconds, Stopping threads took: 0.0000480 seconds
120.887: Application time: 0.0393580 seconds
120.887: [GC [PSYoungGen: 7712K->512K(8192K)] 15300K->8100K(26112K), 0.0004550 secs] [Times: user=0.00 sys=0.00, real=0.00 secs] 
120.888: Total time for which application threads were stopped: 0.0005500 seconds, Stopping threads took: 0.0000380 seconds
120.927: Application time: 0.0390180 seconds
120.927: [GC [PSYoungGen: 7680K->544K(8192K)] 15268K->8132K(26112K), 0.0004800 secs] [Times: user=0.00 sys=0.00, real=0.00 secs] 
120.929: Total time for which application threads were stopped: 0.0016590 seconds, Stopping threads took: 0.0000410 seconds
120.968: Application time: 0.0394760 seconds
120.968: [GC [PSYoungGen: 7712K->480K(8192K)] 15300K->8068K(26112K), 0.0004100 secs] [Times: user=0.01 sys=0.00, real=0.00 secs] 
120.969: Total time for which application threads were stopped: 0.0005060 seconds, Stopping threads took: 0.0000430 seconds
121.008: Application time: 0.0391510 seconds
121.008: [GC [PSYoungGen: 7648K->544K(8192K)] 15236K->8132K(26112K), 0.0004450 secs] [Times: user=0.00 sys=0.00, real=0.00 secs] 
121.008: Total time for which application threads were stopped: 0.0005520 seconds, Stopping threads took: 0.0000470 seconds
121.047: Application time: 0.0391880 seconds
121.048: [GC [PSYoungGen: 7712K->480K(8192K)] 15300K->8068K(26112K), 0.0004560 secs] [Times: user=0.01 sys=0.00, real=0.00 secs] 
121.048: Total time for which application threads were stopped: 0.0005590 seconds, Stopping threads took: 0.0000490 seconds
121.087: Application time: 0.0393500 seconds
121.087: [GC [PSYoungGen: 7648K->496K(8192K)] 15236K->8084K(26112K), 0.0004230 secs] [Times: user=0.00 sys=0.00, real=0.00 secs] 
121.088: Total time for which application threads were stopped: 0.0005210 seconds, Stopping threads took: 0.0000460 seconds
121.127: Application time: 0.0394750 seconds
121.127: [GC [PSYoungGen: 7664K->400K(8192K)] 15252K->8060K(26112K), 0.0004510 secs] [Times: user=0.01 sys=0.00, real=0.00 secs] 
121.128: Total time for which application threads were stopped: 0.0005530 seconds, Stopping threads took: 0.0000460 seconds
121.168: Application time: 0.0396210 seconds
121.168: [GC [PSYoungGen: 7568K->400K(8192K)] 15228K->8060K(26112K), 0.0003900 secs] [Times: user=0.00 sys=0.00, real=0.00 secs] 
121.168: Total time for which application threads were stopped: 0.0004910 seconds, Stopping threads took: 0.0000480 seconds
121.207: Application time: 0.0391960 seconds
121.207: [GC [PSYoungGen: 7568K->384K(8192K)] 15228K->8124K(26112K), 0.0004320 secs] [Times: user=0.00 sys=0.00, real=0.00 secs] 
121.208: Total time for which application threads were stopped: 0.0005320 seconds, Stopping threads took: 0.0000470 seconds
121.247: Application time: 0.0392920 seconds
121.247: [GC [PSYoungGen: 7552K->368K(8192K)] 15292K->8164K(26112K), 0.0004150 secs] [Times: user=0.01 sys=0.00, real=0.00 secs] 
121.248: Total time for which application threads were stopped: 0.0005150 seconds, Stopping threads took: 0.0000390 seconds
121.287: Application time: 0.0392120 seconds
121.287: [GC [PSYoungGen: 7536K->288K(8192K)] 15332K->8140K(26112K), 0.0003720 secs] [Times: user=0.00 sys=0.00, real=0.00 secs] 
121.287: Total time for which application threads were stopped: 0.0004660 seconds, Stopping threads took: 0.0000420 seconds
121.325: Application time: 0.0380970 seconds
121.325: [GC [PSYoungGen: 7456K->288K(8192K)] 15308K->8220K(26112K), 0.0003790 secs] [Times: user=0.00 sys=0.00, real=0.00 secs] 
121.326: Total time for which application threads were stopped: 0.0004840 seconds, Stopping threads took: 0.0000510 seconds
121.365: Application time: 0.0394270 seconds
121.365: [GC [PSYoungGen: 7456K->288K(8192K)] 15388K->8220K(26112K), 0.0003640 secs] [Times: user=0.00 sys=0.00, real=0.00 secs] 
121.366: Total time for which application threads were stopped: 0.0004610 seconds, Stopping threads took: 0.0000440 seconds
121.404: Application time: 0.0384530 seconds
121.409: [GC [PSYoungGen: 7456K->368K(8192K)] 15388K->8300K(26112K), 0.0004200 secs] [Times: user=0.00 sys=0.00, real=0.00 secs] 
121.409: Total time for which application threads were stopped: 0.0050100 seconds, Stopping threads took: 0.0045350 seconds
121.447: Application time: 0.0379800 seconds
121.447: [GC [PSYoungGen: 7536K->432K(8192K)] 15468K->8364K(26112K), 0.0003960 secs] [Times: user=0.00 sys=0.00, real=0.00 secs] 
121.448: Total time for which application threads were stopped: 0.0004910 seconds, Stopping threads took: 0.0000390 seconds
121.487: Application time: 0.0389290 seconds
121.487: [GC [PSYoungGen: 7600K->448K(8192K)] 15532K->8380K(26112K), 0.0004190 secs] [Times: user=0.00 sys=0.00, real=0.00 secs] 
121.487: Total time for which application threads were stopped: 0.0005290 seconds, Stopping threads took: 0.0000490 seconds
121.526: Application time: 0.0387390 seconds
121.526: [GC [PSYoungGen: 7616K->496K(8192K)] 15548K->8428K(26112K), 0.0004160 secs] [Times: user=0.00 sys=0.00, real=0.00 secs] 
121.526: Total time for which application threads were stopped: 0.0005210 seconds, Stopping threads took: 0.0000480 seconds
121.566: Application time: 0.0398040 seconds
121.566: [GC [PSYoungGen: 7664K->496K(8192K)] 15596K->8428K(26112K), 0.0004580 secs] [Times: user=0.00 sys=0.00, real=0.00 secs] 
121.567: Total time for which application threads were stopped: 0.0005520 seconds, Stopping threads took: 0.0000390 seconds
121.607: Application time: 0.0402650 seconds
121.607: [GC [PSYoungGen: 7664K->512K(8192K)] 15596K->8444K(26112K), 0.0004730 secs] [Times: user=0.00 sys=0.00, real=0.00 secs] 
121.608: Total time for which application threads were stopped: 0.0005960 seconds, Stopping threads took: 0.0000510 seconds
121.647: Application time: 0.0392420 seconds
121.647: [GC [PSYoungGen: 7680K->496K(8192K)] 15612K->8428K(26112K), 0.0004550 secs] [Times: user=0.00 sys=0.00, real=0.00 secs] 
121.647: Total time for which application threads were stopped: 0.0005590 seconds, Stopping threads took: 0.0000450 seconds
121.687: Application time: 0.0392570 seconds
121.687: [GC [PSYoungGen: 7664K->528K(8192K)] 15596K->8460K(26112K), 0.0004090 secs] [Times: user=0.00 sys=0.00, real=0.00 secs] 
121.687: Total time for which application threads were stopped: 0.0005060 seconds, Stopping threads took: 0.0000480 seconds
121.726: Application time: 0.0392510 seconds
121.727: [GC [PSYoungGen: 7696K->528K(8192K)] 15628K->8460K(26112K), 0.0004710 secs] [Times: user=0.00 sys=0.00, real=0.00 secs] 
121.727: Total time for which application threads were stopped: 0.0005930 seconds, Stopping threads took: 0.0000550 seconds
121.767: Application time: 0.0402170 seconds
121.767: [GC [PSYoungGen: 7696K->544K(8192K)] 15628K->8476K(26112K), 0.0004400 secs] [Times: user=0.00 sys=0.00, real=0.00 secs] 
121.768: Total time for which application threads were stopped: 0.0005630 seconds, Stopping threads took: 0.0000540 seconds
121.807: Application time: 0.0394330 seconds
121.807: [GC [PSYoungGen: 7712K->496K(8192K)] 15644K->8428K(26112K), 0.0004740 secs] [Times: user=0.00 sys=0.00, real=0.00 secs] 
121.808: Total time for which application threads were stopped: 0.0005770 seconds, Stopping threads took: 0.0000430 seconds
121.847: Application time: 0.0392050 seconds
121.847: [GC [PSYoungGen: 7664K->544K(8192K)] 15596K->8476K(26112K), 0.0004510 secs] [Times: user=0.00 sys=0.00, real=0.00 secs] 
121.848: Total time for which application threads were stopped: 0.0005550 seconds, Stopping threads took: 0.0000490 seconds
121.887: Application time: 0.0391140 seconds
121.887: [GC [PSYoungGen: 7712K->512K(8192K)] 15644K->8444K(26112K), 0.0004060 secs] [Times: user=0.00 sys=0.00, real=0.00 secs] 
121.887: Total time for which application threads were stopped: 0.0005110 seconds, Stopping threads took: 0.0000530 seconds
121.926: Application time: 0.0392970 seconds
121.927: [GC [PSYoungGen: 7680K->432K(8192K)] 15612K->8452K(26112K), 0.0004270 secs] [Times: user=0.00 sys=0.00, real=0.00 secs] 
121.927: Total time for which application threads were stopped: 0.0005320 seconds, Stopping threads took: 0.0000510 seconds
121.966: Application time: 0.0392150 seconds
121.966: [GC [PSYoungGen: 7600K->416K(8192K)] 15620K->8436K(26112K), 0.0004150 secs] [Times: user=0.00 sys=0.00, real=0.00 secs] 
121.967: Total time for which application threads were stopped: 0.0005120 seconds, Stopping threads took: 0.0000400 seconds
122.006: Application time: 0.0393180 seconds
122.006: [GC [PSYoungGen: 7584K->352K(8192K)] 15604K->8452K(26112K), 0.0004370 secs] [Times: user=0.00 sys=0.00, real=0.00 secs] 
122.007: Total time for which application threads were stopped: 0.0005350 seconds, Stopping threads took: 0.0000400 seconds
122.046: Application time: 0.0392910 seconds
122.046: [GC [PSYoungGen: 7520K->288K(8192K)] 15620K->8460K(26112K), 0.0003950 secs] [Times: user=0.00 sys=0.00, real=0.00 secs] 
122.046: Total time for which application threads were stopped: 0.0004860 seconds, Stopping threads took: 0.0000370 seconds
122.085: Application time: 0.0386910 seconds
122.085: [GC [PSYoungGen: 7456K->320K(8192K)] 15628K->8540K(26112K), 0.0003860 secs] [Times: user=0.01 sys=0.00, real=0.00 secs] 
122.086: Total time for which application threads were stopped: 0.0004890 seconds, Stopping threads took: 0.0000450 seconds
122.124: Application time: 0.0389200 seconds
122.125: [GC [PSYoungGen: 7488K->288K(8192K)] 15708K->8564K(26112K), 0.0003740 secs] [Times: user=0.00 sys=0.00, real=0.00 secs] 
122.125: Total time for which application threads were stopped: 0.0004720 seconds, Stopping threads took: 0.0000430 seconds
122.163: Application time: 0.0379820 seconds
122.163: [GC [PSYoungGen: 7456K->336K(8192K)] 15732K->8612K(26112K), 0.0004150 secs] [Times: user=0.00 sys=0.00, real=0.00 secs] 
122.163: Total time for which application threads were stopped: 0.0005180 seconds, Stopping threads took: 0.0000500 seconds
122.202: Application time: 0.0389030 seconds
122.202: [GC [PSYoungGen: 7504K->368K(8192K)] 15780K->8644K(26112K), 0.0003920 secs] [Times: user=0.00 sys=0.00, real=0.00 secs] 
122.203: Total time for which application threads were stopped: 0.0004910 seconds, Stopping threads took: 0.0000420 seconds
122.241: Application time: 0.0385130 seconds
122.241: [GC [PSYoungGen: 7536K->432K(8192K)] 15812K->8708K(26112K), 0.0003970 secs] [Times: user=0.00 sys=0.00, real=0.00 secs] 
122.242: Total time for which application threads were stopped: 0.0004940 seconds, Stopping threads took: 0.0000430 seconds
122.281: Application time: 0.0388950 seconds
122.281: [GC [PSYoungGen: 7600K->464K(8192K)] 15876K->8740K(26112K), 0.0004000 secs] [Times: user=0.01 sys=0.00, real=0.00 secs] 
122.281: Total time for which application threads were stopped: 0.0005110 seconds, Stopping threads took: 0.0000450 seconds
122.320: Application time: 0.0388350 seconds
122.320: [GC [PSYoungGen: 7632K->496K(8192K)] 15908K->8772K(26112K), 0.0004520 secs] [Times: user=0.00 sys=0.00, real=0.00 secs] 
122.321: Total time for which application threads were stopped: 0.0005490 seconds, Stopping threads took: 0.0000420 seconds
122.360: Application time: 0.0394220 seconds
122.360: [GC [PSYoungGen: 7664K->512K(8192K)] 15940K->8788K(26112K), 0.0004140 secs] [Times: user=0.00 sys=0.00, real=0.00 secs] 
122.361: Total time for which application threads were stopped: 0.0005130 seconds, Stopping threads took: 0.0000450 seconds
122.400: Application time: 0.0393770 seconds
122.400: [GC [PSYoungGen: 7680K->496K(8192K)] 15956K->8772K(26112K), 0.0004070 secs] [Times: user=0.00 sys=0.00, real=0.00 secs] 
122.401: Total time for which application threads were stopped: 0.0005100 seconds, Stopping threads took: 0.0000460 seconds
122.440: Application time: 0.0392780 seconds
122.440: [GC [PSYoungGen: 7664K->528K(8192K)] 15940K->8804K(26112K), 0.0004520 secs] [Times: user=0.00 sys=0.00, real=0.00 secs] 
122.440: Total time for which application threads were stopped: 0.0005450 seconds, Stopping threads took: 0.0000410 seconds
122.479: Application time: 0.0391570 seconds
122.480: [GC [PSYoungGen: 7696K->464K(8192K)] 15972K->8740K(26112K), 0.0004100 secs] [Times: user=0.00 sys=0.00, real=0.00 secs] 
122.480: Total time for which application threads were stopped: 0.0005160 seconds, Stopping threads took: 0.0000520 seconds
122.519: Application time: 0.0393340 seconds
122.519: [GC [PSYoungGen: 7632K->512K(8192K)] 15908K->8788K(26112K), 0.0004460 secs] [Times: user=0.00 sys=0.00, real=0.00 secs] 
122.520: Total time for which application threads were stopped: 0.0005400 seconds, Stopping threads took: 0.0000390 seconds
122.559: Application time: 0.0390200 seconds
122.559: [GC [PSYoungGen: 7680K->496K(8192K)] 15956K->8772K(26112K), 0.0004220 secs] [Times: user=0.01 sys=0.00, real=0.00 secs] 
122.559: Total time for which application threads were stopped: 0.0005170 seconds, Stopping threads took: 0.0000410 seconds
122.599: Application time: 0.0391820 seconds
122.599: [GC [PSYoungGen: 7664K->544K(8192K)] 15940K->8820K(26112K), 0.0004290 secs] [Times: user=0.00 sys=0.00, real=0.00 secs] 
122.599: Total time for which application threads were stopped: 0.0005290 seconds, Stopping threads took: 0.0000420 seconds
122.638: Application time: 0.0392540 seconds
122.638: [GC [PSYoungGen: 7712K->544K(8192K)] 15988K->8820K(26112K), 0.0004110 secs] [Times: user=0.01 sys=0.00, real=0.00 secs] 
122.639: Total time for which application threads were stopped: 0.0005080 seconds, Stopping threads took: 0.0000400 seconds
122.678: Application time: 0.0390660 seconds
122.678: [GC [PSYoungGen: 7712K->480K(8192K)] 15988K->8828K(26112K), 0.0003980 secs] [Times: user=0.00 sys=0.00, real=0.00 secs] 
122.678: Total time for which application threads were stopped: 0.0004980 seconds, Stopping threads took: 0.0000450 seconds
122.719: Application time: 0.0401230 seconds
122.719: [GC [PSYoungGen: 7648K->400K(8192K)] 15996K->8812K(26112K), 0.0004830 secs] [Times: user=0.00 sys=0.00, real=0.00 secs] 
122.719: Total time for which application threads were stopped: 0.0006080 seconds, Stopping threads took: 0.0000590 seconds
122.759: Application time: 0.0395930 seconds
122.759: [GC [PSYoungGen: 7568K->336K(8192K)] 15980K->8820K(26112K), 0.0004780 secs] [Times: user=0.00 sys=0.00, real=0.00 secs] 
122.759: Total time for which application threads were stopped: 0.0005720 seconds, Stopping threads took: 0.0000390 seconds
122.799: Application time: 0.0394170 seconds
122.799: [GC [PSYoungGen: 7504K->288K(8192K)] 15988K->8812K(26112K), 0.0004210 secs] [Times: user=0.00 sys=0.00, real=0.00 secs] 
122.799: Total time for which application threads were stopped: 0.0005290 seconds, Stopping threads took: 0.0000430 seconds
122.839: Application time: 0.0392920 seconds
122.839: [GC [PSYoungGen: 7456K->304K(8192K)] 15980K->8884K(26112K), 0.0003790 secs] [Times: user=0.00 sys=0.00, real=0.00 secs] 
122.839: Total time for which application threads were stopped: 0.0004740 seconds, Stopping threads took: 0.0000460 seconds
122.878: Application time: 0.0388350 seconds
122.878: [GC [PSYoungGen: 7472K->320K(8192K)] 16052K->8948K(26112K), 0.0003840 secs] [Times: user=0.00 sys=0.00, real=0.00 secs] 
122.878: Total time for which application threads were stopped: 0.0005050 seconds, Stopping threads took: 0.0000620 seconds
122.917: Application time: 0.0388470 seconds
122.917: [GC [PSYoungGen: 7488K->288K(8192K)] 16116K->8956K(26112K), 0.0003880 secs] [Times: user=0.01 sys=0.00, real=0.00 secs] 
122.918: Total time for which application threads were stopped: 0.0004840 seconds, Stopping threads took: 0.0000400 seconds
122.956: Application time: 0.0382730 seconds
122.956: [GC [PSYoungGen: 7456K->384K(8192K)] 16124K->9052K(26112K), 0.0004260 secs] [Times: user=0.00 sys=0.00, real=0.00 secs] 
122.957: Total time for which application threads were stopped: 0.0005280 seconds, Stopping threads took: 0.0000480 seconds
122.995: Application time: 0.0388690 seconds
122.996: [GC [PSYoungGen: 7552K->400K(8192K)] 16220K->9068K(26112K), 0.0003980 secs] [Times: user=0.00 sys=0.00, real=0.00 secs] 
122.996: Total time for which application threads were stopped: 0.0005010 seconds, Stopping threads took: 0.0000480 seconds
123.035: Application time: 0.0387480 seconds
123.035: [GC [PSYoungGen: 7568K->448K(8192K)] 16236K->9116K(26112K), 0.0004530 secs] [Times: user=0.00 sys=0.00, real=0.00 secs] 
123.035: Total time for which application threads were stopped: 0.0005460 seconds, Stopping threads took: 0.0000370 seconds
123.073: Application time: 0.0380690 seconds
123.073: [GC [PSYoungGen: 7616K->512K(8192K)] 16284K->9180K(26112K), 0.0004210 secs] [Times: user=0.00 sys=0.00, real=0.00 secs] 
123.074: Total time for which application threads were stopped: 0.0005240 seconds, Stopping threads took: 0.0000460 seconds
123.114: Application time: 0.0405420 seconds
123.114: [GC [PSYoungGen: 7680K->512K(8192K)] 16348K->9180K(26112K), 0.0004670 secs] [Times: user=0.01 sys=0.00, real=0.00 secs] 
123.115: Total time for which application threads were stopped: 0.0005840 seconds, Stopping threads took: 0.0000490 seconds
123.155: Application time: 0.0395750 seconds
123.155: [GC [PSYoungGen: 7680K->512K(8192K)] 16348K->9180K(26112K), 0.0004150 secs] [Times: user=0.00 sys=0.00, real=0.00 secs] 
123.155: Total time for which application threads were stopped: 0.0005200 seconds, Stopping threads took: 0.0000450 seconds
123.194: Application time: 0.0392750 seconds
123.194: [GC [PSYoungGen: 7680K->496K(8192K)] 16348K->9164K(26112K), 0.0004160 secs] [Times: user=0.00 sys=0.00, real=0.00 secs] 
123.195: Total time for which application threads were stopped: 0.0005180 seconds, Stopping threads took: 0.0000470 seconds
123.234: Application time: 0.0392240 seconds
123.234: [GC [PSYoungGen: 7664K->496K(8192K)] 16332K->9164K(26112K), 0.0004190 secs] [Times: user=0.00 sys=0.00, real=0.00 secs] 
123.235: Total time for which application threads were stopped: 0.0005220 seconds, Stopping threads took: 0.0000390 seconds
123.275: Application time: 0.0402240 seconds
123.275: [GC [PSYoungGen: 7664K->528K(8192K)] 16332K->9196K(26112K), 0.0004350 secs] [Times: user=0.00 sys=0.00, real=0.00 secs] 
123.275: Total time for which application threads were stopped: 0.0005430 seconds, Stopping threads took: 0.0000470 seconds
123.315: Application time: 0.0392640 seconds
123.315: [GC [PSYoungGen: 7696K->560K(8192K)] 16364K->9228K(26112K), 0.0004700 secs] [Times: user=0.00 sys=0.00, real=0.00 secs] 
123.315: Total time for which application threads were stopped: 0.0005880 seconds, Stopping threads took: 0.0000500 seconds
123.354: Application time: 0.0392400 seconds
123.355: [GC [PSYoungGen: 7728K->496K(8192K)] 16396K->9164K(26112K), 0.0004220 secs] [Times: user=0.00 sys=0.00, real=0.00 secs] 
123.355: Total time for which application threads were stopped: 0.0005220 seconds, Stopping threads took: 0.0000470 seconds
123.394: Application time: 0.0391360 seconds
123.394: [GC [PSYoungGen: 7664K->496K(8192K)] 16332K->9164K(26112K), 0.0004680 secs] [Times: user=0.00 sys=0.00, real=0.00 secs] 
123.395: Total time for which application threads were stopped: 0.0005580 seconds, Stopping threads took: 0.0000390 seconds
123.434: Application time: 0.0391770 seconds
123.434: [GC [PSYoungGen: 7664K->512K(8192K)] 16332K->9180K(26112K), 0.0004390 secs] [Times: user=0.00 sys=0.00, real=0.00 secs] 
123.434: Total time for which application threads were stopped: 0.0005300 seconds, Stopping threads took: 0.0000350 seconds
123.473: Application time: 0.0390530 seconds
123.474: [GC [PSYoungGen: 7680K->448K(8192K)] 16348K->9164K(26112K), 0.0005070 secs] [Times: user=0.00 sys=0.00, real=0.00 secs] 
123.474: Total time for which application threads were stopped: 0.0006020 seconds, Stopping threads took: 0.0000410 seconds
123.513: Application time: 0.0392090 seconds
123.513: [GC [PSYoungGen: 7616K->432K(8192K)] 16332K->9204K(26112K), 0.0004120 secs] [Times: user=0.00 sys=0.00, real=0.00 secs] 
123.514: Total time for which application threads were stopped: 0.0005120 seconds, Stopping threads took: 0.0000460 seconds
123.553: Application time: 0.0392490 seconds
123.553: [GC [PSYoungGen: 7600K->352K(8192K)] 16372K->9213K(26112K), 0.0004140 secs] [Times: user=0.00 sys=0.00, real=0.00 secs] 
123.554: Total time for which application threads were stopped: 0.0005270 seconds, Stopping threads took: 0.0000610 seconds
123.593: Application time: 0.0392330 seconds
123.593: [GC [PSYoungGen: 7520K->320K(8192K)] 16381K->9229K(26112K), 0.0003940 secs] [Times: user=0.01 sys=0.00, real=0.00 secs] 
123.593: Total time for which application threads were stopped: 0.0004900 seconds, Stopping threads took: 0.0000410 seconds
123.633: Application time: 0.0394370 seconds
123.633: [GC [PSYoungGen: 7488K->304K(8192K)] 16397K->9285K(26112K), 0.0004470 secs] [Times: user=0.00 sys=0.00, real=0.00 secs] 
123.633: Total time for which application threads were stopped: 0.0005440 seconds, Stopping threads took: 0.0000410 seconds
123.672: Application time: 0.0387300 seconds
123.673: [GC [PSYoungGen: 7472K->272K(8192K)] 16453K->9325K(26112K), 0.0003820 secs] [Times: user=0.00 sys=0.00, real=0.00 secs] 
123.673: Total time for which application threads were stopped: 0.0011460 seconds, Stopping threads took: 0.0007080 seconds
123.712: Application time: 0.0388990 seconds
123.712: [GC [PSYoungGen: 7440K->288K(8192K)] 16493K->9341K(26112K), 0.0004180 secs] [Times: user=0.00 sys=0.00, real=0.00 secs] 
123.713: Total time for which application threads were stopped: 0.0005480 seconds, Stopping threads took: 0.0000640 seconds
123.751: Application time: 0.0384320 seconds
123.751: [GC [PSYoungGen: 7456K->384K(8192K)] 16509K->9437K(26112K), 0.0003860 secs] [Times: user=0.00 sys=0.00, real=0.00 secs] 
123.752: Total time for which application threads were stopped: 0.0004890 seconds, Stopping threads took: 0.0000440 seconds
123.790: Application time: 0.0385630 seconds
123.790: [GC [PSYoungGen: 7552K->384K(8192K)] 16605K->9437K(26112K), 0.0004070 secs] [Times: user=0.00 sys=0.00, real=0.00 secs] 
123.791: Total time for which application threads were stopped: 0.0005020 seconds, Stopping threads took: 0.0000420 seconds
123.830: Application time: 0.0390280 seconds
123.830: [GC [PSYoungGen: 7552K->400K(8192K)] 16605K->9453K(26112K), 0.0003840 secs] [Times: user=0.00 sys=0.00, real=0.00 secs] 
123.830: Total time for which application threads were stopped: 0.0004920 seconds, Stopping threads took: 0.0000460 seconds
123.869: Application time: 0.0385680 seconds
123.869: [GC [PSYoungGen: 7568K->560K(8192K)] 16621K->9613K(26112K), 0.0004370 secs] [Times: user=0.00 sys=0.00, real=0.00 secs] 
123.869: Total time for which application threads were stopped: 0.0005380 seconds, Stopping threads took: 0.0000440 seconds
123.909: Application time: 0.0394320 seconds
123.909: [GC [PSYoungGen: 7728K->464K(8192K)] 16781K->9517K(26112K), 0.0004570 secs] [Times: user=0.00 sys=0.00, real=0.00 secs] 
123.909: Total time for which application threads were stopped: 0.0005650 seconds, Stopping threads took: 0.0000560 seconds
123.949: Application time: 0.0393480 seconds
123.953: [GC [PSYoungGen: 7632K->464K(8192K)] 16685K->9517K(26112K), 0.0004390 secs] [Times: user=0.01 sys=0.00, real=0.00 secs] 
123.953: Total time for which application threads were stopped: 0.0046250 seconds, Stopping threads took: 0.0041350 seconds
123.993: Application time: 0.0393350 seconds
123.993: [GC [PSYoungGen: 7632K->496K(8192K)] 16685K->9549K(26112K), 0.0004280 secs] [Times: user=0.00 sys=0.00, real=0.00 secs] 
123.993: Total time for which application threads were stopped: 0.0005250 seconds, Stopping threads took: 0.0000440 seconds
124.032: Application time: 0.0392890 seconds
124.032: [GC [PSYoungGen: 7664K->480K(8192K)] 16717K->9533K(26112K), 0.0004440 secs] [Times: user=0.00 sys=0.00, real=0.00 secs] 
124.033: Total time for which application threads were stopped: 0.0005470 seconds, Stopping threads took: 0.0000520 seconds
124.073: Application time: 0.0397390 seconds
124.073: [GC [PSYoungGen: 7648K->496K(8192K)] 16701K->9549K(26112K), 0.0004380 secs] [Times: user=0.00 sys=0.00, real=0.00 secs] 
124.073: Total time for which application threads were stopped: 0.0005320 seconds, Stopping threads took: 0.0000400 seconds
124.112: Application time: 0.0391020 seconds
124.112: [GC [PSYoungGen: 7664K->496K(8192K)] 16717K->9549K(26112K), 0.0004790 secs] [Times: user=0.00 sys=0.00, real=0.00 secs] 
124.113: Total time for which application threads were stopped: 0.0005770 seconds, Stopping threads took: 0.0000390 seconds
124.152: Application time: 0.0389610 seconds
124.152: [GC [PSYoungGen: 7664K->512K(8192K)] 16717K->9565K(26112K), 0.0004140 secs] [Times: user=0.01 sys=0.00, real=0.00 secs] 
124.152: Total time for which application threads were stopped: 0.0005110 seconds, Stopping threads took: 0.0000440 seconds
124.192: Application time: 0.0394100 seconds
124.192: [GC [PSYoungGen: 7680K->544K(8192K)] 16733K->9597K(26112K), 0.0004090 secs] [Times: user=0.00 sys=0.00, real=0.00 secs] 
124.192: Total time for which application threads were stopped: 0.0005100 seconds, Stopping threads took: 0.0000430 seconds
124.232: Application time: 0.0394680 seconds
124.232: [GC [PSYoungGen: 7712K->528K(8192K)] 16765K->9581K(26112K), 0.0004280 secs] [Times: user=0.01 sys=0.00, real=0.00 secs] 
124.232: Total time for which application threads were stopped: 0.0005190 seconds, Stopping threads took: 0.0000370 seconds
124.271: Application time: 0.0390570 seconds
124.271: [GC [PSYoungGen: 7696K->448K(8192K)] 16749K->9557K(26112K), 0.0004300 secs] [Times: user=0.00 sys=0.00, real=0.00 secs] 
124.272: Total time for which application threads were stopped: 0.0005280 seconds, Stopping threads took: 0.0000430 seconds
124.311: Application time: 0.0394210 seconds
124.311: [GC [PSYoungGen: 7616K->464K(8192K)] 16725K->9613K(26112K), 0.0004480 secs] [Times: user=0.00 sys=0.00, real=0.00 secs] 
124.312: Total time for which application threads were stopped: 0.0005450 seconds, Stopping threads took: 0.0000430 seconds
124.351: Application time: 0.0394370 seconds
124.351: [GC [PSYoungGen: 7632K->336K(8192K)] 16781K->9573K(26112K), 0.0004380 secs] [Times: user=0.00 sys=0.00, real=0.00 secs] 
124.352: Total time for which application threads were stopped: 0.0005690 seconds, Stopping threads took: 0.0000640 seconds
124.391: Application time: 0.0393360 seconds
124.393: [GC [PSYoungGen: 7504K->304K(8192K)] 16741K->9597K(26112K), 0.0004230 secs] [Times: user=0.00 sys=0.00, real=0.00 secs] 
124.393: Total time for which application threads were stopped: 0.0020620 seconds, Stopping threads took: 0.0015840 seconds
124.433: Application time: 0.0394120 seconds
124.433: [GC [PSYoungGen: 7472K->320K(8192K)] 16765K->9669K(26112K), 0.0003980 secs] [Times: user=0.00 sys=0.00, real=0.00 secs] 
124.433: Total time for which application threads were stopped: 0.0005150 seconds, Stopping threads took: 0.0000500 seconds
124.471: Application time: 0.0383040 seconds
124.472: [GC [PSYoungGen: 7488K->272K(8192K)] 16837K->9701K(26112K), 0.0004410 secs] [Times: user=0.01 sys=0.00, real=0.00 secs] 
124.472: Total time for which application threads were stopped: 0.0005420 seconds, Stopping threads took: 0.0000460 seconds
124.511: Application time: 0.0391660 seconds
124.511: [GC [PSYoungGen: 7440K->256K(8192K)] 16869K->9685K(26112K), 0.0003750 secs] [Times: user=0.00 sys=0.00, real=0.00 secs] 
124.512: Total time for which application threads were stopped: 0.0004670 seconds, Stopping threads took: 0.0000390 seconds
124.549: Application time: 0.0377440 seconds
124.549: [GC [PSYoungGen: 7424K->400K(8192K)] 16853K->9829K(26112K), 0.0004300 secs] [Times: user=0.00 sys=0.00, real=0.00 secs] 
124.550: Total time for which application threads were stopped: 0.0005240 seconds, Stopping threads took: 0.0000420 seconds
124.589: Application time: 0.0394130 seconds
124.589: [GC [PSYoungGen: 7568K->384K(8192K)] 16997K->9813K(26112K), 0.0003860 secs] [Times: user=0.00 sys=0.00, real=0.00 secs] 
124.590: Total time for which application threads were stopped: 0.0004830 seconds, Stopping threads took: 0.0000450 seconds
124.630: Application time: 0.0399050 seconds
124.630: [GC [PSYoungGen: 7552K->416K(8192K)] 16981K->9845K(26112K), 0.0004790 secs] [Times: user=0.00 sys=0.00, real=0.00 secs] 
124.630: Total time for which application threads were stopped: 0.0005820 seconds, Stopping threads took: 0.0000410 seconds
124.668: Application time: 0.0379300 seconds
124.668: [GC [PSYoungGen: 7584K->496K(8192K)] 17013K->9925K(26112K), 0.0004530 secs] [Times: user=0.00 sys=0.00, real=0.01 secs] 
124.669: Total time for which application threads were stopped: 0.0005600 seconds, Stopping threads took: 0.0000490 seconds
124.709: Application time: 0.0398670 seconds
124.709: [GC [PSYoungGen: 7664K->496K(8192K)] 17093K->9925K(26112K), 0.0004960 secs] [Times: user=0.00 sys=0.00, real=0.00 secs] 
124.709: Total time for which application threads were stopped: 0.0006310 seconds, Stopping threads took: 0.0000680 seconds
124.749: Application time: 0.0392640 seconds
124.749: [GC [PSYoungGen: 7664K->512K(8192K)] 17093K->9941K(26112K), 0.0004170 secs] [Times: user=0.00 sys=0.00, real=0.01 secs] 
124.749: Total time for which application threads were stopped: 0.0005170 seconds, Stopping threads took: 0.0000450 seconds
124.790: Application time: 0.0406380 seconds
124.790: [GC [PSYoungGen: 7680K->496K(8192K)] 17109K->9925K(26112K), 0.0004490 secs] [Times: user=0.00 sys=0.00, real=0.00 secs] 
124.790: Total time for which application threads were stopped: 0.0005580 seconds, Stopping threads took: 0.0000510 seconds
124.830: Application time: 0.0400870 seconds
124.833: [GC [PSYoungGen: 7664K->496K(8192K)] 17093K->9925K(26112K), 0.0004320 secs] [Times: user=0.00 sys=0.00, real=0.00 secs] 
124.833: Total time for which application threads were stopped: 0.0028550 seconds, Stopping threads took: 0.0023680 seconds
124.872: Application time: 0.0392380 seconds
124.873: [GC [PSYoungGen: 7664K->464K(8192K)] 17093K->9893K(26112K), 0.0004060 secs] [Times: user=0.00 sys=0.00, real=0.00 secs] 
124.873: Total time for which application threads were stopped: 0.0005280 seconds, Stopping threads took: 0.0000480 seconds
124.912: Application time: 0.0392280 seconds
124.912: [GC [PSYoungGen: 7632K->480K(8192K)] 17061K->9909K(26112K), 0.0004050 secs] [Times: user=0.01 sys=0.00, real=0.00 secs] 
124.913: Total time for which application threads were stopped: 0.0004960 seconds, Stopping threads took: 0.0000340 seconds
124.952: Application time: 0.0392070 seconds
124.952: [GC [PSYoungGen: 7648K->528K(8192K)] 17077K->9957K(26112K), 0.0004450 secs] [Times: user=0.01 sys=0.00, real=0.00 secs] 
124.952: Total time for which application threads were stopped: 0.0005350 seconds, Stopping threads took: 0.0000390 seconds
124.992: Application time: 0.0391820 seconds
124.992: [GC [PSYoungGen: 7696K->528K(8192K)] 17125K->9957K(26112K), 0.0004220 secs] [Times: user=0.00 sys=0.00, real=0.00 secs] 
124.992: Total time for which application threads were stopped: 0.0005180 seconds, Stopping threads took: 0.0000430 seconds
125.031: Application time: 0.0389190 seconds
125.031: [GC [PSYoungGen: 7696K->528K(8192K)] 17125K->9957K(26112K), 0.0004120 secs] [Times: user=0.00 sys=0.00, real=0.00 secs] 
125.032: Total time for which application threads were stopped: 0.0005120 seconds, Stopping threads took: 0.0000460 seconds
125.071: Application time: 0.0392140 seconds
125.071: [GC [PSYoungGen: 7696K->448K(8192K)] 17125K->9989K(26112K), 0.0004180 secs] [Times: user=0.01 sys=0.00, real=0.00 secs] 
125.071: Total time for which application threads were stopped: 0.0005080 seconds, Stopping threads took: 0.0000390 seconds
125.111: Application time: 0.0392400 seconds
125.111: [GC [PSYoungGen: 7616K->432K(8192K)] 17157K->9973K(26112K), 0.0004110 secs] [Times: user=0.00 sys=0.00, real=0.00 secs] 
125.111: Total time for which application threads were stopped: 0.0005070 seconds, Stopping threads took: 0.0000430 seconds
125.150: Application time: 0.0391670 seconds
125.150: [GC [PSYoungGen: 7600K->320K(8192K)] 17141K->9981K(26112K), 0.0004050 secs] [Times: user=0.00 sys=0.00, real=0.00 secs] 
125.151: Total time for which application threads were stopped: 0.0005070 seconds, Stopping threads took: 0.0000520 seconds
125.190: Application time: 0.0393910 seconds
125.190: [GC [PSYoungGen: 7488K->288K(8192K)] 17149K->9949K(26112K), 0.0004020 secs] [Times: user=0.00 sys=0.00, real=0.00 secs] 
125.191: Total time for which application threads were stopped: 0.0004970 seconds, Stopping threads took: 0.0000420 seconds
125.230: Application time: 0.0392370 seconds
125.230: [GC [PSYoungGen: 7456K->320K(8192K)] 17117K->10037K(26112K), 0.0003940 secs] [Times: user=0.00 sys=0.00, real=0.00 secs] 
125.230: Total time for which application threads were stopped: 0.0004860 seconds, Stopping threads took: 0.0000380 seconds
125.268: Application time: 0.0380340 seconds
125.268: [GC [PSYoungGen: 7488K->304K(8192K)] 17205K->10105K(26112K), 0.0004110 secs] [Times: user=0.00 sys=0.00, real=0.01 secs] 
125.269: Total time for which application threads were stopped: 0.0005060 seconds, Stopping threads took: 0.0000370 seconds
125.308: Application time: 0.0390210 seconds
125.308: [GC [PSYoungGen: 7472K->352K(8192K)] 17273K->10153K(26112K), 0.0004470 secs] [Times: user=0.01 sys=0.00, real=0.00 secs] 
125.308: Total time for which application threads were stopped: 0.0005460 seconds, Stopping threads took: 0.0000460 seconds
125.346: Application time: 0.0380400 seconds
125.347: [GC [PSYoungGen: 7520K->336K(8192K)] 17321K->10137K(26112K), 0.0004010 secs] [Times: user=0.00 sys=0.00, real=0.00 secs] 
125.347: Total time for which application threads were stopped: 0.0004990 seconds, Stopping threads took: 0.0000460 seconds
125.386: Application time: 0.0390070 seconds
125.386: [GC [PSYoungGen: 7504K->384K(8192K)] 17305K->10185K(26112K), 0.0003990 secs] [Times: user=0.00 sys=0.00, real=0.00 secs] 
125.387: Total time for which application threads were stopped: 0.0005080 seconds, Stopping threads took: 0.0000450 seconds
125.425: Application time: 0.0386230 seconds
125.425: [GC [PSYoungGen: 7552K->448K(8192K)] 17353K->10249K(26112K), 0.0004150 secs] [Times: user=0.00 sys=0.00, real=0.00 secs] 
125.426: Total time for which application threads were stopped: 0.0005100 seconds, Stopping threads took: 0.0000400 seconds
125.464: Application time: 0.0385460 seconds
125.464: [GC [PSYoungGen: 7616K->512K(8192K)] 17417K->10313K(26112K), 0.0004140 secs] [Times: user=0.00 sys=0.00, real=0.00 secs] 
125.465: Total time for which application threads were stopped: 0.0005130 seconds, Stopping threads took: 0.0000460 seconds
125.504: Application time: 0.0392230 seconds
125.505: [GC [PSYoungGen: 7680K->480K(8192K)] 17481K->10281K(26112K), 0.0004370 secs] [Times: user=0.00 sys=0.00, real=0.00 secs] 
125.505: Total time for which application threads were stopped: 0.0012640 seconds, Stopping threads took: 0.0007730 seconds
125.545: Application time: 0.0397380 seconds
125.545: [GC [PSYoungGen: 7648K->512K(8192K)] 17449K->10313K(26112K), 0.0004330 secs] [Times: user=0.00 sys=0.00, real=0.00 secs] 
125.545: Total time for which application threads were stopped: 0.0005310 seconds, Stopping threads took: 0.0000440 seconds
125.585: Application time: 0.0393570 seconds
125.585: [GC [PSYoungGen: 7680K->496K(8192K)] 17481K->10297K(26112K), 0.0004130 secs] [Times: user=0.00 sys=0.00, real=0.00 secs] 
125.585: Total time for which application threads were stopped: 0.0005170 seconds, Stopping threads took: 0.0000490 seconds
125.625: Application time: 0.0394290 seconds
125.625: [GC [PSYoungGen: 7664K->528K(8192K)] 17465K->10329K(26112K), 0.0004320 secs] [Times: user=0.00 sys=0.00, real=0.00 secs] 
125.625: Total time for which application threads were stopped: 0.0005330 seconds, Stopping threads took: 0.0000410 seconds
125.664: Application time: 0.0391440 seconds
125.665: [GC [PSYoungGen: 7696K->512K(8192K)] 17497K->10313K(26112K), 0.0004640 secs] [Times: user=0.01 sys=0.00, real=0.00 secs] 
125.665: Total time for which application threads were stopped: 0.0005700 seconds, Stopping threads took: 0.0000480 seconds
125.704: Application time: 0.0392710 seconds
125.704: [GC [PSYoungGen: 7680K->528K(8192K)] 17481K->10329K(26112K), 0.0004640 secs] [Times: user=0.00 sys=0.00, real=0.00 secs] 
125.705: Total time for which application threads were stopped: 0.0005680 seconds, Stopping threads took: 0.0000450 seconds
125.744: Application time: 0.0391600 seconds
125.744: [GC [PSYoungGen: 7696K->496K(8192K)] 17497K->10297K(26112K), 0.0005100 secs] [Times: user=0.00 sys=0.00, real=0.00 secs] 
125.745: Total time for which application threads were stopped: 0.0006230 seconds, Stopping threads took: 0.0000440 seconds
125.784: Application time: 0.0393280 seconds
125.784: [GC [PSYoungGen: 7664K->496K(8192K)] 17465K->10297K(26112K), 0.0004190 secs] [Times: user=0.00 sys=0.00, real=0.00 secs] 
125.785: Total time for which application threads were stopped: 0.0005250 seconds, Stopping threads took: 0.0000480 seconds
125.824: Application time: 0.0390060 seconds
125.824: [GC [PSYoungGen: 7664K->496K(8192K)] 17465K->10297K(26112K), 0.0004250 secs] [Times: user=0.01 sys=0.00, real=0.00 secs] 
125.824: Total time for which application threads were stopped: 0.0005200 seconds, Stopping threads took: 0.0000400 seconds
125.863: Application time: 0.0392810 seconds
125.863: [GC [PSYoungGen: 7664K->416K(8192K)] 17465K->10305K(26112K), 0.0004160 secs] [Times: user=0.00 sys=0.00, real=0.00 secs] 
125.864: Total time for which application threads were stopped: 0.0005120 seconds, Stopping threads took: 0.0000430 seconds
125.903: Application time: 0.0392240 seconds
125.903: [GC [PSYoungGen: 7584K->384K(8192K)] 17473K->10321K(26112K), 0.0003950 secs] [Times: user=0.00 sys=0.00, real=0.00 secs] 
125.904: Total time for which application threads were stopped: 0.0005030 seconds, Stopping threads took: 0.0000480 seconds
125.943: Application time: 0.0392150 seconds
125.943: [GC [PSYoungGen: 7552K->352K(8192K)] 17489K->10369K(26112K), 0.0004550 secs] [Times: user=0.00 sys=0.00, real=0.00 secs] 
125.944: Total time for which application threads were stopped: 0.0015690 seconds, Stopping threads took: 0.0000460 seconds
125.984: Application time: 0.0392600 seconds
125.984: [GC [PSYoungGen: 7520K->304K(8192K)] 17537K->10345K(26112K), 0.0004170 secs] [Times: user=0.00 sys=0.00, real=0.00 secs] 
125.984: Total time for which application threads were stopped: 0.0005370 seconds, Stopping threads took: 0.0000630 seconds
126.023: Application time: 0.0392570 seconds
126.023: [GC [PSYoungGen: 7472K->272K(8192K)] 17513K->10397K(26112K), 0.0003810 secs] [Times: user=0.00 sys=0.00, real=0.00 secs] 
126.024: Total time for which application threads were stopped: 0.0004820 seconds, Stopping threads took: 0.0000460 seconds
126.062: Application time: 0.0383260 seconds
126.062: [GC [PSYoungGen: 7440K->288K(8192K)] 17565K->10469K(26112K), 0.0004100 secs] [Times: user=0.00 sys=0.00, real=0.00 secs] 
126.063: Total time for which application threads were stopped: 0.0005170 seconds, Stopping threads took: 0.0000510 seconds
126.101: Application time: 0.0382040 seconds
126.101: [GC [PSYoungGen: 7456K->368K(8192K)] 17637K->10549K(26112K), 0.0003910 secs] [Times: user=0.00 sys=0.00, real=0.00 secs] 
126.101: Total time for which application threads were stopped: 0.0004930 seconds, Stopping threads took: 0.0000450 seconds
126.141: Application time: 0.0400340 seconds
126.142: [GC [PSYoungGen: 7536K->400K(8192K)] 17717K->10581K(26112K), 0.0004320 secs] [Times: user=0.00 sys=0.00, real=0.00 secs] 
126.142: Total time for which application threads were stopped: 0.0005490 seconds, Stopping threads took: 0.0000540 seconds
126.181: Application time: 0.0388040 seconds
126.181: [GC [PSYoungGen: 7568K->448K(8192K)] 17749K->10629K(26112K), 0.0004330 secs] [Times: user=0.00 sys=0.00, real=0.00 secs] 
126.181: Total time for which application threads were stopped: 0.0006600 seconds, Stopping threads took: 0.0001710 seconds
126.220: Application time: 0.0380530 seconds
126.220: [GC [PSYoungGen: 7616K->512K(8192K)] 17797K->10693K(26112K), 0.0004220 secs] [Times: user=0.00 sys=0.00, real=0.00 secs] 
126.220: Total time for which application threads were stopped: 0.0005200 seconds, Stopping threads took: 0.0000440 seconds
126.259: Application time: 0.0391770 seconds
126.259: [GC [PSYoungGen: 7680K->496K(8192K)] 17861K->10677K(26112K), 0.0004070 secs] [Times: user=0.00 sys=0.00, real=0.00 secs] 
126.260: Total time for which application threads were stopped: 0.0005000 seconds, Stopping threads took: 0.0000400 seconds
126.300: Application time: 0.0405190 seconds
126.300: [GC [PSYoungGen: 7664K->544K(8192K)] 17845K->10725K(26112K), 0.0004450 secs] [Times: user=0.00 sys=0.00, real=0.00 secs] 
126.301: Total time for which application threads were stopped: 0.0005470 seconds, Stopping threads took: 0.0000480 seconds
126.340: Application time: 0.0395070 seconds
126.340: [GC [PSYoungGen: 7712K->496K(8192K)] 17893K->10677K(26112K), 0.0004230 secs] [Times: user=0.00 sys=0.00, real=0.00 secs] 
126.341: Total time for which application threads were stopped: 0.0005230 seconds, Stopping threads took: 0.0000490 seconds
126.380: Application time: 0.0393950 seconds
126.380: [GC [PSYoungGen: 7664K->512K(8192K)] 17845K->10693K(26112K), 0.0004250 secs] [Times: user=0.00 sys=0.00, real=0.00 secs] 
126.381: Total time for which application threads were stopped: 0.0005250 seconds, Stopping threads took: 0.0000450 seconds
126.420: Application time: 0.0392360 seconds
126.420: [GC [PSYoungGen: 7680K->512K(8192K)] 17861K->10693K(26112K), 0.0004210 secs] [Times: user=0.00 sys=0.00, real=0.00 secs] 
126.421: Total time for which application threads were stopped: 0.0005200 seconds, Stopping threads took: 0.0000390 seconds
126.460: Application time: 0.0390010 seconds
126.460: [GC [PSYoungGen: 7680K->512K(8192K)] 17861K->10693K(26112K), 0.0004060 secs] [Times: user=0.00 sys=0.00, real=0.00 secs] 
126.460: Total time for which application threads were stopped: 0.0005000 seconds, Stopping threads took: 0.0000410 seconds
126.499: Application time: 0.0390200 seconds
126.499: [GC [PSYoungGen: 7680K->480K(8192K)] 17861K->10661K(26112K), 0.0004230 secs] [Times: user=0.00 sys=0.00, real=0.00 secs] 
126.500: Total time for which application threads were stopped: 0.0005220 seconds, Stopping threads took: 0.0000380 seconds
126.539: Application time: 0.0398030 seconds
126.539: [GC [PSYoungGen: 7648K->480K(8192K)] 17829K->10662K(26112K), 0.0004170 secs] [Times: user=0.00 sys=0.00, real=0.00 secs] 
126.540: Total time for which application threads were stopped: 0.0005100 seconds, Stopping threads took: 0.0000400 seconds
126.579: Application time: 0.0387860 seconds
126.579: [GC [PSYoungGen: 7648K->512K(8192K)] 17830K->10693K(26112K), 0.0004030 secs] [Times: user=0.00 sys=0.00, real=0.00 secs] 
126.579: Total time for which application threads were stopped: 0.0004980 seconds, Stopping threads took: 0.0000430 seconds
126.618: Application time: 0.0390230 seconds
126.618: [GC [PSYoungGen: 7680K->512K(8192K)] 17861K->10693K(26112K), 0.0004030 secs] [Times: user=0.00 sys=0.00, real=0.00 secs] 
126.619: Total time for which application threads were stopped: 0.0004980 seconds, Stopping threads took: 0.0000430 seconds
126.658: Application time: 0.0392770 seconds
126.658: [GC [PSYoungGen: 7680K->400K(8192K)] 17861K->10662K(26112K), 0.0004580 secs] [Times: user=0.00 sys=0.00, real=0.00 secs] 
126.659: Total time for which application threads were stopped: 0.0005510 seconds, Stopping threads took: 0.0000430 seconds
126.698: Application time: 0.0392070 seconds
126.698: [GC [PSYoungGen: 7568K->352K(8192K)] 17830K->10694K(26112K), 0.0004290 secs] [Times: user=0.00 sys=0.00, real=0.00 secs] 
126.698: Total time for which application threads were stopped: 0.0005240 seconds, Stopping threads took: 0.0000380 seconds
126.738: Application time: 0.0399900 seconds
126.738: [GC [PSYoungGen: 7520K->336K(8192K)] 17862K->10726K(26112K), 0.0004300 secs] [Times: user=0.00 sys=0.00, real=0.00 secs] 
126.739: Total time for which application threads were stopped: 0.0005540 seconds, Stopping threads took: 0.0000580 seconds
126.778: Application time: 0.0393230 seconds
126.778: [GC [PSYoungGen: 7504K->272K(8192K)] 17894K->10718K(26112K), 0.0004670 secs] [Times: user=0.01 sys=0.00, real=0.00 secs] 
126.779: Total time for which application threads were stopped: 0.0005830 seconds, Stopping threads took: 0.0000610 seconds
126.817: Application time: 0.0387000 seconds
126.817: [GC [PSYoungGen: 7440K->256K(8192K)] 17886K->10794K(26112K), 0.0004230 secs] [Times: user=0.01 sys=0.00, real=0.00 secs] 
126.818: Total time for which application threads were stopped: 0.0005210 seconds, Stopping threads took: 0.0000380 seconds
126.857: Application time: 0.0389010 seconds
126.857: [GC [PSYoungGen: 7424K->288K(8192K)] 17962K->10826K(26112K), 0.0003710 secs] [Times: user=0.00 sys=0.00, real=0.00 secs] 
126.857: Total time for which application threads were stopped: 0.0004580 seconds, Stopping threads took: 0.0000350 seconds
126.896: Application time: 0.0384200 seconds
126.896: [GC [PSYoungGen: 7456K->336K(8192K)] 17994K->10874K(26112K), 0.0004030 secs] [Times: user=0.00 sys=0.00, real=0.00 secs] 
126.896: Total time for which application threads were stopped: 0.0004990 seconds, Stopping threads took: 0.0000410 seconds
126.935: Application time: 0.0386060 seconds
126.935: [GC [PSYoungGen: 7504K->432K(8192K)] 18042K->10970K(26112K), 0.0004410 secs] [Times: user=0.00 sys=0.00, real=0.00 secs] 
126.935: Total time for which application threads were stopped: 0.0005460 seconds, Stopping threads took: 0.0000390 seconds
126.974: Application time: 0.0387650 seconds
126.974: [GC [PSYoungGen: 7600K->416K(8192K)] 18138K->10954K(26112K), 0.0004090 secs] [Times: user=0.00 sys=0.00, real=0.00 secs] 
126.975: Total time for which application threads were stopped: 0.0005070 seconds, Stopping threads took: 0.0000430 seconds
127.013: Application time: 0.0385370 seconds
127.013: [GC [PSYoungGen: 7584K->560K(8192K)] 18122K->11098K(26112K), 0.0004300 secs] [Times: user=0.00 sys=0.00, real=0.00 secs] 
127.014: Total time for which application threads were stopped: 0.0005290 seconds, Stopping threads took: 0.0000390 seconds
127.053: Application time: 0.0392640 seconds
127.053: [GC [PSYoungGen: 7728K->496K(8192K)] 18266K->11034K(26112K), 0.0004330 secs] [Times: user=0.01 sys=0.00, real=0.00 secs] 
127.054: Total time for which application threads were stopped: 0.0005410 seconds, Stopping threads took: 0.0000490 seconds
127.093: Application time: 0.0392980 seconds
127.093: [GC [PSYoungGen: 7664K->496K(8192K)] 18202K->11034K(26112K), 0.0004050 secs] [Times: user=0.00 sys=0.00, real=0.00 secs] 
127.093: Total time for which application threads were stopped: 0.0004950 seconds, Stopping threads took: 0.0000370 seconds
127.133: Application time: 0.0393720 seconds
127.133: [GC [PSYoungGen: 7664K->528K(8192K)] 18202K->11066K(26112K), 0.0004200 secs] [Times: user=0.00 sys=0.00, real=0.00 secs] 
127.133: Total time for which application threads were stopped: 0.0005210 seconds, Stopping threads took: 0.0000460 seconds
127.173: Application time: 0.0395480 seconds
127.173: [GC [PSYoungGen: 7696K->496K(8192K)] 18234K->11034K(26112K), 0.0004140 secs] [Times: user=0.00 sys=0.00, real=0.00 secs] 
127.173: Total time for which application threads were stopped: 0.0005040 seconds, Stopping threads took: 0.0000370 seconds
127.212: Application time: 0.0392000 seconds
127.213: [GC [PSYoungGen: 7664K->480K(8192K)] 18202K->11018K(26112K), 0.0004210 secs] [Times: user=0.00 sys=0.00, real=0.00 secs] 
127.213: Total time for which application threads were stopped: 0.0005130 seconds, Stopping threads took: 0.0000340 seconds
127.252: Application time: 0.0392120 seconds
127.252: [GC [PSYoungGen: 7648K->544K(8192K)] 18186K->11082K(26112K), 0.0004260 secs] [Times: user=0.00 sys=0.00, real=0.00 secs] 
127.253: Total time for which application threads were stopped: 0.0005300 seconds, Stopping threads took: 0.0000460 seconds
127.292: Application time: 0.0391000 seconds
127.292: [GC [PSYoungGen: 7712K->464K(8192K)] 18250K->11002K(26112K), 0.0004040 secs] [Times: user=0.00 sys=0.00, real=0.00 secs] 
127.292: Total time for which application threads were stopped: 0.0004990 seconds, Stopping threads took: 0.0000390 seconds
127.332: Application time: 0.0393220 seconds
127.332: [GC [PSYoungGen: 7632K->512K(8192K)] 18170K->11050K(26112K), 0.0004700 secs] [Times: user=0.01 sys=0.00, real=0.00 secs] 
127.332: Total time for which application threads were stopped: 0.0005720 seconds, Stopping threads took: 0.0000480 seconds
127.371: Application time: 0.0392330 seconds
127.372: [GC [PSYoungGen: 7680K->496K(8192K)] 18218K->11034K(26112K), 0.0004160 secs] [Times: user=0.00 sys=0.00, real=0.00 secs] 
127.372: Total time for which application threads were stopped: 0.0005040 seconds, Stopping threads took: 0.0000320 seconds
127.411: Application time: 0.0391580 seconds
127.413: [GC [PSYoungGen: 7664K->416K(8192K)] 18202K->11010K(26112K), 0.0004120 secs] [Times: user=0.00 sys=0.00, real=0.00 secs] 
127.413: Total time for which application threads were stopped: 0.0020550 seconds, Stopping threads took: 0.0015890 seconds
127.452: Application time: 0.0392860 seconds
127.453: [GC [PSYoungGen: 7584K->416K(8192K)] 18178K->11066K(26112K), 0.0004620 secs] [Times: user=0.00 sys=0.00, real=0.00 secs] 
127.453: Total time for which application threads were stopped: 0.0005710 seconds, Stopping threads took: 0.0000430 seconds
127.492: Application time: 0.0392370 seconds
127.493: [GC [PSYoungGen: 7584K->384K(8192K)] 18234K->11122K(26112K), 0.0004050 secs] [Times: user=0.00 sys=0.00, real=0.00 secs] 
127.493: Total time for which application threads were stopped: 0.0008780 seconds, Stopping threads took: 0.0004170 seconds
127.532: Application time: 0.0392780 seconds
127.533: [GC [PSYoungGen: 7552K->336K(8192K)] 18290K->11130K(26112K), 0.0004410 secs] [Times: user=0.00 sys=0.00, real=0.00 secs] 
127.533: Total time for which application threads were stopped: 0.0005390 seconds, Stopping threads took: 0.0000450 seconds
127.572: Application time: 0.0392690 seconds
127.572: [GC [PSYoungGen: 7504K->288K(8192K)] 18298K->11138K(26112K), 0.0004300 secs] [Times: user=0.00 sys=0.00, real=0.00 secs] 
127.573: Total time for which application threads were stopped: 0.0005250 seconds, Stopping threads took: 0.0000410 seconds
127.612: Application time: 0.0388180 seconds
127.612: [GC [PSYoungGen: 7456K->272K(8192K)] 18306K->11202K(26112K), 0.0003830 secs] [Times: user=0.00 sys=0.00, real=0.00 secs] 
127.612: Total time for which application threads were stopped: 0.0004870 seconds, Stopping threads took: 0.0000480 seconds
127.652: Application time: 0.0395080 seconds
127.652: [GC [PSYoungGen: 7440K->288K(8192K)] 18370K->11218K(26112K), 0.0004120 secs] [Times: user=0.00 sys=0.00, real=0.00 secs] 
127.652: Total time for which application threads were stopped: 0.0005380 seconds, Stopping threads took: 0.0000620 seconds
127.690: Application time: 0.0376740 seconds
127.690: [GC [PSYoungGen: 7456K->400K(8192K)] 18386K->11330K(26112K), 0.0003910 secs] [Times: user=0.00 sys=0.00, real=0.00 secs] 
127.690: Total time for which application threads were stopped: 0.0004980 seconds, Stopping threads took: 0.0000470 seconds
127.730: Application time: 0.0394650 seconds
127.730: [GC [PSYoungGen: 7568K->416K(8192K)] 18498K->11346K(26112K), 0.0004260 secs] [Times: user=0.00 sys=0.00, real=0.00 secs] 
127.730: Total time for which application threads were stopped: 0.0005330 seconds, Stopping threads took: 0.0000460 seconds
127.769: Application time: 0.0387870 seconds
127.769: [GC [PSYoungGen: 7584K->432K(8192K)] 18514K->11362K(26112K), 0.0004070 secs] [Times: user=0.00 sys=0.00, real=0.00 secs] 
127.770: Total time for which application threads were stopped: 0.0005020 seconds, Stopping threads took: 0.0000390 seconds
127.809: Application time: 0.0394710 seconds
127.809: [GC [PSYoungGen: 7600K->496K(8192K)] 18530K->11426K(26112K), 0.0004420 secs] [Times: user=0.00 sys=0.00, real=0.00 secs] 
127.810: Total time for which application threads were stopped: 0.0005460 seconds, Stopping threads took: 0.0000440 seconds
127.849: Application time: 0.0394200 seconds
127.849: [GC [PSYoungGen: 7664K->544K(8192K)] 18594K->11474K(26112K), 0.0004160 secs] [Times: user=0.00 sys=0.00, real=0.00 secs] 
127.850: Total time for which application threads were stopped: 0.0005070 seconds, Stopping threads took: 0.0000380 seconds
127.889: Application time: 0.0394480 seconds
127.889: [GC [PSYoungGen: 7712K->528K(8192K)] 18642K->11458K(26112K), 0.0004270 secs] [Times: user=0.00 sys=0.00, real=0.00 secs] 
127.890: Total time for which application threads were stopped: 0.0005240 seconds, Stopping threads took: 0.0000430 seconds
127.929: Application time: 0.0391430 seconds
127.929: [GC [PSYoungGen: 7696K->528K(8192K)] 18626K->11458K(26112K), 0.0004220 secs] [Times: user=0.00 sys=0.00, real=0.00 secs] 
127.929: Total time for which application threads were stopped: 0.0005180 seconds, Stopping threads took: 0.0000440 seconds
127.968: Application time: 0.0392560 seconds
127.969: [GC [PSYoungGen: 7696K->512K(8192K)] 18626K->11442K(26112K), 0.0004260 secs] [Times: user=0.01 sys=0.00, real=0.01 secs] 
127.969: Total time for which application threads were stopped: 0.0005310 seconds, Stopping threads took: 0.0000440 seconds
128.008: Application time: 0.0393370 seconds
128.008: [GC [PSYoungGen: 7680K->464K(8192K)] 18610K->11394K(26112K), 0.0004330 secs] [Times: user=0.01 sys=0.00, real=0.01 secs] 
128.009: Total time for which application threads were stopped: 0.0005460 seconds, Stopping threads took: 0.0000540 seconds
128.048: Application time: 0.0392050 seconds
128.048: [GC [PSYoungGen: 7632K->448K(8192K)] 18562K->11378K(26112K), 0.0004470 secs] [Times: user=0.00 sys=0.00, real=0.00 secs] 
128.049: Total time for which application threads were stopped: 0.0005530 seconds, Stopping threads took: 0.0000490 seconds
128.088: Application time: 0.0392020 seconds
128.088: [GC [PSYoungGen: 7616K->480K(8192K)] 18546K->11410K(26112K), 0.0004370 secs] [Times: user=0.01 sys=0.00, real=0.00 secs] 
128.088: Total time for which application threads were stopped: 0.0005360 seconds, Stopping threads took: 0.0000420 seconds
128.128: Application time: 0.0392840 seconds
128.128: [GC [PSYoungGen: 7648K->496K(8192K)] 18578K->11426K(26112K), 0.0004220 secs] [Times: user=0.00 sys=0.00, real=0.00 secs] 
128.128: Total time for which application threads were stopped: 0.0005320 seconds, Stopping threads took: 0.0000460 seconds
128.167: Application time: 0.0391930 seconds
128.167: [GC [PSYoungGen: 7664K->496K(8192K)] 18594K->11426K(26112K), 0.0004600 secs] [Times: user=0.00 sys=0.00, real=0.00 secs] 
128.168: Total time for which application threads were stopped: 0.0005600 seconds, Stopping threads took: 0.0000470 seconds
128.207: Application time: 0.0392570 seconds
128.207: [GC [PSYoungGen: 7664K->432K(8192K)] 18594K->11418K(26112K), 0.0004320 secs] [Times: user=0.00 sys=0.00, real=0.00 secs] 
128.208: Total time for which application threads were stopped: 0.0005300 seconds, Stopping threads took: 0.0000420 seconds
128.247: Application time: 0.0392800 seconds
128.247: [GC [PSYoungGen: 7600K->416K(8192K)] 18586K->11450K(26112K), 0.0004470 secs] [Times: user=0.00 sys=0.00, real=0.00 secs] 
128.248: Total time for which application threads were stopped: 0.0005380 seconds, Stopping threads took: 0.0000310 seconds
128.287: Application time: 0.0392750 seconds
128.287: [GC [PSYoungGen: 7584K->304K(8192K)] 18618K->11442K(26112K), 0.0005260 secs] [Times: user=0.01 sys=0.00, real=0.00 secs] 
128.287: Total time for which application threads were stopped: 0.0006300 seconds, Stopping threads took: 0.0000490 seconds
128.327: Application time: 0.0392510 seconds
128.327: [GC [PSYoungGen: 7472K->336K(8192K)] 18610K->11474K(26112K), 0.0003820 secs] [Times: user=0.00 sys=0.00, real=0.00 secs] 
128.327: Total time for which application threads were stopped: 0.0004770 seconds, Stopping threads took: 0.0000390 seconds
128.367: Application time: 0.0393170 seconds
128.367: [GC [PSYoungGen: 7504K->288K(8192K)] 18642K->11466K(26112K), 0.0003910 secs] [Times: user=0.00 sys=0.00, real=0.00 secs] 
128.367: Total time for which application threads were stopped: 0.0004860 seconds, Stopping threads took: 0.0000420 seconds
128.406: Application time: 0.0389380 seconds
128.406: [GC [PSYoungGen: 7456K->272K(8192K)] 18634K->11538K(26112K), 0.0003980 secs] [Times: user=0.00 sys=0.00, real=0.00 secs] 
128.406: Total time for which application threads were stopped: 0.0004940 seconds, Stopping threads took: 0.0000400 seconds
128.445: Application time: 0.0381750 seconds
128.445: [GC [PSYoungGen: 7440K->368K(8192K)] 18706K->11634K(26112K), 0.0004230 secs] [Times: user=0.00 sys=0.00, real=0.00 secs] 
128.445: Total time for which application threads were stopped: 0.0005270 seconds, Stopping threads took: 0.0000440 seconds
128.484: Application time: 0.0391560 seconds
128.484: [GC [PSYoungGen: 7536K->400K(8192K)] 18802K->11666K(26112K), 0.0004270 secs] [Times: user=0.00 sys=0.00, real=0.00 secs] 
128.485: Total time for which application threads were stopped: 0.0005370 seconds, Stopping threads took: 0.0000460 seconds
128.524: Application time: 0.0392860 seconds
128.525: [GC [PSYoungGen: 7568K->416K(8192K)] 18834K->11682K(26112K), 0.0004050 secs] [Times: user=0.00 sys=0.00, real=0.00 secs] 
128.525: Total time for which application threads were stopped: 0.0010570 seconds, Stopping threads took: 0.0005920 seconds
128.564: Application time: 0.0384160 seconds
128.564: [GC [PSYoungGen: 7584K->480K(8192K)] 18850K->11746K(26112K), 0.0004180 secs] [Times: user=0.01 sys=0.00, real=0.00 secs] 
128.564: Total time for which application threads were stopped: 0.0005230 seconds, Stopping threads took: 0.0000470 seconds
128.603: Application time: 0.0386760 seconds
128.603: [GC [PSYoungGen: 7648K->528K(8192K)] 18914K->11794K(26112K), 0.0004460 secs] [Times: user=0.01 sys=0.00, real=0.00 secs] 
128.603: Total time for which application threads were stopped: 0.0005440 seconds, Stopping threads took: 0.0000450 seconds
128.643: Application time: 0.0396480 seconds
128.645: [GC [PSYoungGen: 7696K->496K(8192K)] 18962K->11762K(26112K), 0.0004260 secs] [Times: user=0.00 sys=0.00, real=0.00 secs] 
128.645: Total time for which application threads were stopped: 0.0021840 seconds, Stopping threads took: 0.0017060 seconds
128.684: Application time: 0.0391960 seconds
128.684: [GC [PSYoungGen: 7664K->512K(8192K)] 18930K->11778K(26112K), 0.0004290 secs] [Times: user=0.00 sys=0.00, real=0.00 secs] 
128.685: Total time for which application threads were stopped: 0.0005230 seconds, Stopping threads took: 0.0000420 seconds
128.724: Application time: 0.0393810 seconds
128.724: [GC [PSYoungGen: 7680K->512K(8192K)] 18946K->11778K(26112K), 0.0004670 secs] [Times: user=0.01 sys=0.00, real=0.00 secs] 
128.725: Total time for which application threads were stopped: 0.0005910 seconds, Stopping threads took: 0.0000600 seconds
128.764: Application time: 0.0392710 seconds
128.764: [GC [PSYoungGen: 7680K->480K(8192K)] 18946K->11746K(26112K), 0.0004210 secs] [Times: user=0.00 sys=0.00, real=0.00 secs] 
128.765: Total time for which application threads were stopped: 0.0005240 seconds, Stopping threads took: 0.0000470 seconds
128.804: Application time: 0.0392220 seconds
128.805: [GC [PSYoungGen: 7648K->448K(8192K)] 18914K->11714K(26112K), 0.0003990 secs] [Times: user=0.00 sys=0.00, real=0.00 secs] 
128.805: Total time for which application threads were stopped: 0.0012720 seconds, Stopping threads took: 0.0008180 seconds
128.844: Application time: 0.0391160 seconds
128.844: [GC [PSYoungGen: 7616K->480K(8192K)] 18882K->11746K(26112K), 0.0004290 secs] [Times: user=0.00 sys=0.00, real=0.00 secs] 
128.845: Total time for which application threads were stopped: 0.0005450 seconds, Stopping threads took: 0.0000620 seconds
128.884: Application time: 0.0389460 seconds
128.884: [GC [PSYoungGen: 7648K->560K(8192K)] 18914K->11826K(26112K), 0.0004050 secs] [Times: user=0.00 sys=0.00, real=0.00 secs] 
128.884: Total time for which application threads were stopped: 0.0005010 seconds, Stopping threads took: 0.0000420 seconds
128.924: Application time: 0.0393640 seconds
128.924: [GC [PSYoungGen: 7728K->496K(8192K)] 18994K->11762K(26112K), 0.0004310 secs] [Times: user=0.00 sys=0.00, real=0.00 secs] 
128.924: Total time for which application threads were stopped: 0.0005310 seconds, Stopping threads took: 0.0000470 seconds
128.963: Application time: 0.0391100 seconds
128.963: [GC [PSYoungGen: 7664K->480K(8192K)] 18930K->11746K(26112K), 0.0004200 secs] [Times: user=0.01 sys=0.00, real=0.00 secs] 
128.964: Total time for which application threads were stopped: 0.0005160 seconds, Stopping threads took: 0.0000420 seconds
129.003: Application time: 0.0392220 seconds
129.003: [GC [PSYoungGen: 7648K->480K(8192K)] 18914K->11794K(26112K), 0.0004820 secs] [Times: user=0.00 sys=0.00, real=0.00 secs] 
129.004: Total time for which application threads were stopped: 0.0005890 seconds, Stopping threads took: 0.0000450 seconds
129.043: Application time: 0.0395450 seconds
129.043: [GC [PSYoungGen: 7648K->384K(8192K)] 18962K->11786K(26112K), 0.0004130 secs] [Times: user=0.00 sys=0.00, real=0.00 secs] 
129.044: Total time for which application threads were stopped: 0.0005150 seconds, Stopping threads took: 0.0000470 seconds
129.083: Application time: 0.0394390 seconds
129.083: [GC [PSYoungGen: 7552K->304K(8192K)] 18954K->11778K(26112K), 0.0003880 secs] [Times: user=0.01 sys=0.00, real=0.00 secs] 
129.084: Total time for which application threads were stopped: 0.0004930 seconds, Stopping threads took: 0.0000530 seconds
129.123: Application time: 0.0392580 seconds
129.123: [GC [PSYoungGen: 7472K->336K(8192K)] 18946K->11810K(26112K), 0.0003860 secs] [Times: user=0.00 sys=0.00, real=0.00 secs] 
129.123: Total time for which application threads were stopped: 0.0004870 seconds, Stopping threads took: 0.0000480 seconds
129.164: Application time: 0.0402660 seconds
129.164: [GC [PSYoungGen: 7504K->272K(8192K)] 18978K->11838K(26112K), 0.0004320 secs] [Times: user=0.00 sys=0.00, real=0.00 secs] 
129.164: Total time for which application threads were stopped: 0.0005490 seconds, Stopping threads took: 0.0000550 seconds
129.203: Application time: 0.0387380 seconds
129.203: [GC [PSYoungGen: 7440K->272K(8192K)] 19006K->11902K(26112K), 0.0003880 secs] [Times: user=0.00 sys=0.00, real=0.00 secs] 
129.203: Total time for which application threads were stopped: 0.0004970 seconds, Stopping threads took: 0.0000510 seconds
129.241: Application time: 0.0376500 seconds
129.241: [GC [PSYoungGen: 7440K->384K(8192K)] 19070K->12014K(26112K), 0.0003770 secs] [Times: user=0.00 sys=0.00, real=0.00 secs] 
129.242: Total time for which application threads were stopped: 0.0004730 seconds, Stopping threads took: 0.0000400 seconds
129.280: Application time: 0.0388030 seconds
129.280: [GC [PSYoungGen: 7552K->400K(8192K)] 19182K->12030K(26112K), 0.0004040 secs] [Times: user=0.00 sys=0.00, real=0.00 secs] 
129.281: Total time for which application threads were stopped: 0.0005030 seconds, Stopping threads took: 0.0000420 seconds
129.321: Application time: 0.0405510 seconds
129.321: [GC [PSYoungGen: 7568K->400K(8192K)] 19198K->12030K(26112K), 0.0004490 secs] [Times: user=0.00 sys=0.00, real=0.00 secs] 
129.322: Total time for which application threads were stopped: 0.0005520 seconds, Stopping threads took: 0.0000420 seconds
129.360: Application time: 0.0376890 seconds
129.360: [GC [PSYoungGen: 7568K->480K(8192K)] 19198K->12111K(26112K), 0.0004870 secs] [Times: user=0.01 sys=0.00, real=0.00 secs] 
129.360: Total time for which application threads were stopped: 0.0005950 seconds, Stopping threads took: 0.0000510 seconds
129.399: Application time: 0.0392460 seconds
129.400: [GC [PSYoungGen: 7648K->528K(8192K)] 19279K->12158K(26112K), 0.0004270 secs] [Times: user=0.00 sys=0.00, real=0.00 secs] 
129.400: Total time for which application threads were stopped: 0.0005220 seconds, Stopping threads took: 0.0000420 seconds
129.439: Application time: 0.0393770 seconds
129.439: [GC [PSYoungGen: 7696K->480K(8192K)] 19326K->12110K(26112K), 0.0004300 secs] [Times: user=0.00 sys=0.00, real=0.00 secs] 
129.440: Total time for which application threads were stopped: 0.0005210 seconds, Stopping threads took: 0.0000380 seconds
129.479: Application time: 0.0393000 seconds
129.479: [GC [PSYoungGen: 7648K->512K(8192K)] 19278K->12142K(26112K), 0.0004270 secs] [Times: user=0.00 sys=0.00, real=0.00 secs] 
129.480: Total time for which application threads were stopped: 0.0005230 seconds, Stopping threads took: 0.0000430 seconds
129.519: Application time: 0.0393530 seconds
129.519: [GC [PSYoungGen: 7680K->496K(8192K)] 19310K->12126K(26112K), 0.0004920 secs] [Times: user=0.00 sys=0.00, real=0.00 secs] 
129.520: Total time for which application threads were stopped: 0.0005930 seconds, Stopping threads took: 0.0000400 seconds
129.559: Application time: 0.0393470 seconds
129.559: [GC [PSYoungGen: 7664K->496K(8192K)] 19294K->12127K(26112K), 0.0004200 secs] [Times: user=0.01 sys=0.00, real=0.00 secs] 
129.560: Total time for which application threads were stopped: 0.0005130 seconds, Stopping threads took: 0.0000390 seconds
129.599: Application time: 0.0391410 seconds
129.599: [GC [PSYoungGen: 7664K->512K(8192K)] 19295K->12142K(26112K), 0.0004140 secs] [Times: user=0.00 sys=0.00, real=0.00 secs] 
129.599: Total time for which application threads were stopped: 0.0005020 seconds, Stopping threads took: 0.0000360 seconds
129.638: Application time: 0.0391780 seconds
129.638: [GC [PSYoungGen: 7680K->512K(8192K)] 19310K->12142K(26112K), 0.0004150 secs] [Times: user=0.00 sys=0.00, real=0.00 secs] 
129.639: Total time for which application threads were stopped: 0.0005110 seconds, Stopping threads took: 0.0000430 seconds
129.678: Application time: 0.0392480 seconds
129.678: [GC [PSYoungGen: 7680K->496K(8192K)] 19310K->12126K(26112K), 0.0004260 secs] [Times: user=0.00 sys=0.00, real=0.00 secs] 
129.679: Total time for which application threads were stopped: 0.0005160 seconds, Stopping threads took: 0.0000350 seconds
129.718: Application time: 0.0395280 seconds
129.718: [GC [PSYoungGen: 7664K->464K(8192K)] 19294K->12094K(26112K), 0.0004710 secs] [Times: user=0.00 sys=0.00, real=0.00 secs] 
129.719: Total time for which application threads were stopped: 0.0005910 seconds, Stopping threads took: 0.0000550 seconds
129.758: Application time: 0.0390890 seconds
129.758: [GC [PSYoungGen: 7632K->496K(8192K)] 19262K->12127K(26112K), 0.0004250 secs] [Times: user=0.00 sys=0.00, real=0.00 secs] 
129.758: Total time for which application threads were stopped: 0.0005210 seconds, Stopping threads took: 0.0000370 seconds
129.798: Application time: 0.0391990 seconds
129.798: [GC [PSYoungGen: 7664K->448K(8192K)] 19295K->12127K(26112K), 0.0004240 secs] [Times: user=0.00 sys=0.00, real=0.00 secs] 
129.798: Total time for which application threads were stopped: 0.0005210 seconds, Stopping threads took: 0.0000420 seconds
129.837: Application time: 0.0392370 seconds
129.837: [GC [PSYoungGen: 7616K->320K(8192K)] 19295K->12127K(26112K), 0.0004240 secs] [Times: user=0.00 sys=0.00, real=0.00 secs] 
129.838: Total time for which application threads were stopped: 0.0005160 seconds, Stopping threads took: 0.0000380 seconds
129.877: Application time: 0.0392240 seconds
129.877: [GC [PSYoungGen: 7488K->352K(8192K)] 19295K->12223K(26112K), 0.0003860 secs] [Times: user=0.01 sys=0.00, real=0.00 secs] 
129.878: Total time for which application threads were stopped: 0.0004810 seconds, Stopping threads took: 0.0000400 seconds
129.917: Application time: 0.0392720 seconds
129.921: [GC [PSYoungGen: 7520K->304K(8192K)] 19391K->12175K(26112K), 0.0004330 secs] [Times: user=0.00 sys=0.00, real=0.00 secs] 
129.921: Total time for which application threads were stopped: 0.0043490 seconds, Stopping threads took: 0.0038590 seconds
129.960: Application time: 0.0386710 seconds
129.960: [GC [PSYoungGen: 7472K->272K(8192K)] 19343K->12263K(26112K), 0.0003800 secs] [Times: user=0.00 sys=0.00, real=0.00 secs] 
129.960: Total time for which application threads were stopped: 0.0004810 seconds, Stopping threads took: 0.0000470 seconds
129.999: Application time: 0.0387290 seconds
129.999: [GC [PSYoungGen: 7440K->304K(8192K)] 19431K->12295K(26112K), 0.0004290 secs] [Times: user=0.00 sys=0.00, real=0.00 secs] 
130.000: Total time for which application threads were stopped: 0.0005350 seconds, Stopping threads took: 0.0000530 seconds
130.038: Application time: 0.0383570 seconds
130.038: [GC [PSYoungGen: 7472K->352K(8192K)] 19463K->12343K(26112K), 0.0003990 secs] [Times: user=0.00 sys=0.00, real=0.00 secs] 
130.038: Total time for which application threads were stopped: 0.0004970 seconds, Stopping threads took: 0.0000350 seconds
130.077: Application time: 0.0388630 seconds
130.077: [GC [PSYoungGen: 7520K->368K(8192K)] 19511K->12359K(26112K), 0.0003920 secs] [Times: user=0.00 sys=0.00, real=0.00 secs] 
130.078: Total time for which application threads were stopped: 0.0004880 seconds, Stopping threads took: 0.0000410 seconds
130.117: Application time: 0.0393010 seconds
130.117: [GC [PSYoungGen: 7536K->400K(8192K)] 19527K->12391K(26112K), 0.0004690 secs] [Times: user=0.00 sys=0.00, real=0.00 secs] 
130.118: Total time for which application threads were stopped: 0.0005660 seconds, Stopping threads took: 0.0000430 seconds
130.155: Application time: 0.0377010 seconds
130.155: [GC [PSYoungGen: 7568K->528K(8192K)] 19559K->12519K(26112K), 0.0004120 secs] [Times: user=0.00 sys=0.00, real=0.00 secs] 
130.156: Total time for which application threads were stopped: 0.0005050 seconds, Stopping threads took: 0.0000390 seconds
130.195: Application time: 0.0392520 seconds
130.195: [GC [PSYoungGen: 7696K->496K(8192K)] 19687K->12487K(26112K), 0.0004290 secs] [Times: user=0.01 sys=0.00, real=0.00 secs] 
130.196: Total time for which application threads were stopped: 0.0005240 seconds, Stopping threads took: 0.0000420 seconds
130.235: Application time: 0.0395940 seconds
130.235: [GC [PSYoungGen: 7664K->480K(8192K)] 19655K->12471K(26112K), 0.0004070 secs] [Times: user=0.00 sys=0.00, real=0.00 secs] 
130.236: Total time for which application threads were stopped: 0.0005040 seconds, Stopping threads took: 0.0000440 seconds
130.275: Application time: 0.0392380 seconds
130.275: [GC [PSYoungGen: 7648K->512K(8192K)] 19639K->12503K(26112K), 0.0004210 secs] [Times: user=0.00 sys=0.00, real=0.00 secs] 
130.276: Total time for which application threads were stopped: 0.0005210 seconds, Stopping threads took: 0.0000480 seconds
130.315: Application time: 0.0391960 seconds
130.315: [GC [PSYoungGen: 7680K->544K(8192K)] 19671K->12535K(26112K), 0.0004450 secs] [Times: user=0.01 sys=0.00, real=0.00 secs] 
130.315: Total time for which application threads were stopped: 0.0005430 seconds, Stopping threads took: 0.0000460 seconds
130.355: Application time: 0.0393720 seconds
130.355: [GC [PSYoungGen: 7712K->480K(8192K)] 19703K->12471K(26112K), 0.0004720 secs] [Times: user=0.01 sys=0.00, real=0.00 secs] 
130.355: Total time for which application threads were stopped: 0.0005680 seconds, Stopping threads took: 0.0000410 seconds
130.394: Application time: 0.0392530 seconds
130.395: [GC [PSYoungGen: 7648K->512K(8192K)] 19639K->12503K(26112K), 0.0004340 secs] [Times: user=0.00 sys=0.00, real=0.00 secs] 
130.395: Total time for which application threads were stopped: 0.0005300 seconds, Stopping threads took: 0.0000430 seconds
130.434: Application time: 0.0389360 seconds
130.434: [GC [PSYoungGen: 7680K->544K(8192K)] 19671K->12535K(26112K), 0.0004270 secs] [Times: user=0.00 sys=0.00, real=0.00 secs] 
130.434: Total time for which application threads were stopped: 0.0005200 seconds, Stopping threads took: 0.0000390 seconds
130.474: Application time: 0.0395830 seconds
130.474: [GC [PSYoungGen: 7712K->496K(8192K)] 19703K->12487K(26112K), 0.0004100 secs] [Times: user=0.00 sys=0.00, real=0.00 secs] 
130.475: Total time for which application threads were stopped: 0.0005130 seconds, Stopping threads took: 0.0000460 seconds
130.514: Application time: 0.0392260 seconds
130.514: [GC [PSYoungGen: 7664K->480K(8192K)] 19655K->12471K(26112K), 0.0004950 secs] [Times: user=0.00 sys=0.00, real=0.00 secs] 
130.514: Total time for which application threads were stopped: 0.0005980 seconds, Stopping threads took: 0.0000490 seconds
130.554: Application time: 0.0391950 seconds
130.554: [GC [PSYoungGen: 7648K->448K(8192K)] 19639K->12487K(26112K), 0.0004160 secs] [Times: user=0.01 sys=0.00, real=0.00 secs] 
130.554: Total time for which application threads were stopped: 0.0005350 seconds, Stopping threads took: 0.0000520 seconds
130.593: Application time: 0.0392330 seconds
130.593: [GC [PSYoungGen: 7616K->416K(8192K)] 19655K->12495K(26112K), 0.0004300 secs] [Times: user=0.00 sys=0.00, real=0.00 secs] 
130.594: Total time for which application threads were stopped: 0.0005230 seconds, Stopping threads took: 0.0000370 seconds
130.633: Application time: 0.0395430 seconds
130.634: [GC [PSYoungGen: 7584K->368K(8192K)] 19663K->12535K(26112K), 0.0004540 secs] [Times: user=0.00 sys=0.00, real=0.00 secs] 
130.634: Total time for which application threads were stopped: 0.0005530 seconds, Stopping threads took: 0.0000410 seconds
130.675: Application time: 0.0406380 seconds
130.675: [GC [PSYoungGen: 7536K->336K(8192K)] 19703K->12567K(26112K), 0.0005080 secs] [Times: user=0.00 sys=0.00, real=0.00 secs] 
130.675: Total time for which application threads were stopped: 0.0006220 seconds, Stopping threads took: 0.0000500 seconds
130.715: Application time: 0.0398800 seconds
130.715: [GC [PSYoungGen: 7504K->304K(8192K)] 19735K->12535K(26112K), 0.0004530 secs] [Times: user=0.00 sys=0.00, real=0.00 secs] 
130.716: Total time for which application threads were stopped: 0.0005800 seconds, Stopping threads took: 0.0000580 seconds
130.754: Application time: 0.0385740 seconds
130.754: [GC [PSYoungGen: 7472K->272K(8192K)] 19703K->12615K(26112K), 0.0004500 secs] [Times: user=0.00 sys=0.00, real=0.00 secs] 
130.755: Total time for which application threads were stopped: 0.0005470 seconds, Stopping threads took: 0.0000420 seconds
130.794: Application time: 0.0387390 seconds
130.794: [GC [PSYoungGen: 7440K->288K(8192K)] 19783K->12631K(26112K), 0.0003610 secs] [Times: user=0.00 sys=0.00, real=0.00 secs] 
130.794: Total time for which application threads were stopped: 0.0004570 seconds, Stopping threads took: 0.0000430 seconds
130.833: Application time: 0.0394070 seconds
130.834: [GC [PSYoungGen: 7456K->320K(8192K)] 19799K->12663K(26112K), 0.0004160 secs] [Times: user=0.00 sys=0.00, real=0.00 secs] 
130.834: Total time for which application threads were stopped: 0.0005230 seconds, Stopping threads took: 0.0000460 seconds
130.873: Application time: 0.0391610 seconds
130.873: [GC [PSYoungGen: 7488K->400K(8192K)] 19831K->12743K(26112K), 0.0004300 secs] [Times: user=0.00 sys=0.00, real=0.00 secs] 
130.874: Total time for which application threads were stopped: 0.0005290 seconds, Stopping threads took: 0.0000390 seconds
130.913: Application time: 0.0393040 seconds
130.913: [GC [PSYoungGen: 7568K->384K(8192K)] 19911K->12727K(26112K), 0.0003970 secs] [Times: user=0.00 sys=0.00, real=0.00 secs] 
130.913: Total time for which application threads were stopped: 0.0004970 seconds, Stopping threads took: 0.0000440 seconds
130.951: Application time: 0.0377670 seconds
130.953: [GC [PSYoungGen: 7552K->512K(8192K)] 19895K->12855K(26112K), 0.0005070 secs] [Times: user=0.00 sys=0.00, real=0.00 secs] 
130.954: Total time for which application threads were stopped: 0.0030550 seconds, Stopping threads took: 0.0014710 seconds
130.994: Application time: 0.0393160 seconds
130.994: [GC [PSYoungGen: 7680K->512K(8192K)] 20023K->12855K(26112K), 0.0004520 secs] [Times: user=0.01 sys=0.00, real=0.00 secs] 
130.994: Total time for which application threads were stopped: 0.0005610 seconds, Stopping threads took: 0.0000530 seconds
131.033: Application time: 0.0392950 seconds
131.034: [GC [PSYoungGen: 7680K->496K(8192K)] 20023K->12839K(26112K), 0.0004170 secs] [Times: user=0.00 sys=0.00, real=0.00 secs] 
131.034: Total time for which application threads were stopped: 0.0005140 seconds, Stopping threads took: 0.0000430 seconds
131.074: Application time: 0.0395330 seconds
131.074: [GC [PSYoungGen: 7664K->528K(8192K)] 20007K->12871K(26112K), 0.0004160 secs] [Times: user=0.00 sys=0.00, real=0.00 secs] 
131.074: Total time for which application threads were stopped: 0.0005190 seconds, Stopping threads took: 0.0000410 seconds
131.114: Application time: 0.0396270 seconds
131.114: [GC [PSYoungGen: 7696K->496K(8192K)] 20039K->12839K(26112K), 0.0004260 secs] [Times: user=0.00 sys=0.00, real=0.00 secs] 
131.114: Total time for which application threads were stopped: 0.0005240 seconds, Stopping threads took: 0.0000440 seconds
131.154: Application time: 0.0395750 seconds
131.154: [GC [PSYoungGen: 7664K->496K(8192K)] 20007K->12839K(26112K), 0.0004100 secs] [Times: user=0.00 sys=0.00, real=0.00 secs] 
131.154: Total time for which application threads were stopped: 0.0005090 seconds, Stopping threads took: 0.0000430 seconds
131.193: Application time: 0.0391190 seconds
131.193: [GC [PSYoungGen: 7664K->528K(8192K)] 20007K->12871K(26112K), 0.0004150 secs] [Times: user=0.00 sys=0.00, real=0.00 secs] 
131.194: Total time for which application threads were stopped: 0.0005150 seconds, Stopping threads took: 0.0000460 seconds
131.233: Application time: 0.0391540 seconds
131.233: [GC [PSYoungGen: 7696K->496K(8192K)] 20039K->12839K(26112K), 0.0004220 secs] [Times: user=0.00 sys=0.00, real=0.00 secs] 
131.234: Total time for which application threads were stopped: 0.0005230 seconds, Stopping threads took: 0.0000460 seconds
131.273: Application time: 0.0393060 seconds
131.277: [GC [PSYoungGen: 7664K->512K(8192K)] 20007K->12855K(26112K), 0.0004170 secs] [Times: user=0.00 sys=0.00, real=0.00 secs] 
131.277: Total time for which application threads were stopped: 0.0042710 seconds, Stopping threads took: 0.0037950 seconds
131.316: Application time: 0.0392110 seconds
131.316: [GC [PSYoungGen: 7680K->544K(8192K)] 20023K->12887K(26112K), 0.0004280 secs] [Times: user=0.00 sys=0.00, real=0.01 secs] 
131.317: Total time for which application threads were stopped: 0.0005250 seconds, Stopping threads took: 0.0000410 seconds
131.356: Application time: 0.0392670 seconds
131.356: [GC [PSYoungGen: 7712K->448K(8192K)] 20055K->12839K(26112K), 0.0004340 secs] [Times: user=0.00 sys=0.00, real=0.01 secs] 
131.357: Total time for which application threads were stopped: 0.0005310 seconds, Stopping threads took: 0.0000410 seconds
131.396: Application time: 0.0392610 seconds
131.396: [GC [PSYoungGen: 7616K->448K(8192K)] 20007K->12895K(26112K), 0.0004060 secs] [Times: user=0.00 sys=0.00, real=0.00 secs] 
131.397: Total time for which application threads were stopped: 0.0005210 seconds, Stopping threads took: 0.0000500 seconds
131.436: Application time: 0.0392790 seconds
131.436: [GC [PSYoungGen: 7616K->336K(8192K)] 20063K->12863K(26112K), 0.0004020 secs] [Times: user=0.00 sys=0.00, real=0.00 secs] 
131.436: Total time for which application threads were stopped: 0.0004990 seconds, Stopping threads took: 0.0000420 seconds
131.476: Application time: 0.0392680 seconds
131.476: [GC [PSYoungGen: 7504K->336K(8192K)] 20031K->12911K(26112K), 0.0004320 secs] [Times: user=0.00 sys=0.00, real=0.00 secs] 
131.476: Total time for which application threads were stopped: 0.0005270 seconds, Stopping threads took: 0.0000390 seconds
131.515: Application time: 0.0392900 seconds
131.515: [GC [PSYoungGen: 7504K->304K(8192K)] 20079K->12879K(26112K), 0.0003840 secs] [Times: user=0.00 sys=0.00, real=0.00 secs] 
131.516: Total time for which application threads were stopped: 0.0004820 seconds, Stopping threads took: 0.0000430 seconds
131.554: Application time: 0.0384270 seconds
131.554: [GC [PSYoungGen: 7472K->320K(8192K)] 20047K->13019K(26112K), 0.0003950 secs] [Times: user=0.00 sys=0.00, real=0.00 secs] 
131.555: Total time for which application threads were stopped: 0.0004940 seconds, Stopping threads took: 0.0000450 seconds
131.593: Application time: 0.0385130 seconds
131.593: [GC [PSYoungGen: 7488K->320K(8192K)] 20187K->13019K(26112K), 0.0003740 secs] [Times: user=0.00 sys=0.00, real=0.00 secs] 
131.594: Total time for which application threads were stopped: 0.0004850 seconds, Stopping threads took: 0.0000480 seconds
131.632: Application time: 0.0387070 seconds
131.633: [GC [PSYoungGen: 7488K->336K(8192K)] 20187K->13035K(26112K), 0.0003940 secs] [Times: user=0.00 sys=0.00, real=0.00 secs] 
131.633: Total time for which application threads were stopped: 0.0004860 seconds, Stopping threads took: 0.0000400 seconds
131.672: Application time: 0.0390520 seconds
131.672: [GC [PSYoungGen: 7504K->368K(8192K)] 20203K->13067K(26112K), 0.0004320 secs] [Times: user=0.00 sys=0.00, real=0.00 secs] 
131.673: Total time for which application threads were stopped: 0.0005340 seconds, Stopping threads took: 0.0000490 seconds
131.711: Application time: 0.0383220 seconds
131.711: [GC [PSYoungGen: 7536K->432K(8192K)] 20235K->13131K(26112K), 0.0005080 secs] [Times: user=0.01 sys=0.00, real=0.00 secs] 
131.712: Total time for which application threads were stopped: 0.0006300 seconds, Stopping threads took: 0.0000520 seconds
131.750: Application time: 0.0389410 seconds
131.751: [GC [PSYoungGen: 7600K->496K(8192K)] 20299K->13195K(26112K), 0.0004430 secs] [Times: user=0.01 sys=0.00, real=0.00 secs] 
131.751: Total time for which application threads were stopped: 0.0005490 seconds, Stopping threads took: 0.0000440 seconds
131.790: Application time: 0.0393680 seconds
131.790: [GC [PSYoungGen: 7664K->464K(8192K)] 20363K->13163K(26112K), 0.0004220 secs] [Times: user=0.00 sys=0.00, real=0.00 secs] 
131.791: Total time for which application threads were stopped: 0.0005240 seconds, Stopping threads took: 0.0000460 seconds
131.831: Application time: 0.0396230 seconds
131.831: [GC [PSYoungGen: 7632K->496K(8192K)] 20331K->13195K(26112K), 0.0004700 secs] [Times: user=0.00 sys=0.00, real=0.00 secs] 
131.831: Total time for which application threads were stopped: 0.0005650 seconds, Stopping threads took: 0.0000430 seconds
131.870: Application time: 0.0393070 seconds
131.870: [GC [PSYoungGen: 7664K->528K(8192K)] 20363K->13227K(26112K), 0.0004210 secs] [Times: user=0.01 sys=0.00, real=0.00 secs] 
131.871: Total time for which application threads were stopped: 0.0005210 seconds, Stopping threads took: 0.0000470 seconds
131.910: Application time: 0.0392640 seconds
131.910: [GC [PSYoungGen: 7696K->496K(8192K)] 20395K->13195K(26112K), 0.0004190 secs] [Times: user=0.00 sys=0.00, real=0.00 secs] 
131.911: Total time for which application threads were stopped: 0.0005140 seconds, Stopping threads took: 0.0000450 seconds
131.950: Application time: 0.0391290 seconds
131.950: [GC [PSYoungGen: 7664K->496K(8192K)] 20363K->13195K(26112K), 0.0004630 secs] [Times: user=0.00 sys=0.00, real=0.00 secs] 
131.950: Total time for which application threads were stopped: 0.0005600 seconds, Stopping threads took: 0.0000460 seconds
131.990: Application time: 0.0392610 seconds
131.990: [GC [PSYoungGen: 7664K->480K(8192K)] 20363K->13179K(26112K), 0.0004040 secs] [Times: user=0.00 sys=0.00, real=0.00 secs] 
131.990: Total time for which application threads were stopped: 0.0004930 seconds, Stopping threads took: 0.0000390 seconds
132.030: Application time: 0.0393900 seconds
132.030: [GC [PSYoungGen: 7648K->496K(8192K)] 20347K->13195K(26112K), 0.0004570 secs] [Times: user=0.01 sys=0.00, real=0.00 secs] 
132.030: Total time for which application threads were stopped: 0.0005480 seconds, Stopping threads took: 0.0000400 seconds
132.069: Application time: 0.0392060 seconds
132.069: [GC [PSYoungGen: 7664K->496K(8192K)] 20363K->13195K(26112K), 0.0004530 secs] [Times: user=0.00 sys=0.00, real=0.00 secs] 
132.070: Total time for which application threads were stopped: 0.0005640 seconds, Stopping threads took: 0.0000570 seconds
132.109: Application time: 0.0391500 seconds
132.109: [GC [PSYoungGen: 7664K->496K(8192K)] 20363K->13195K(26112K), 0.0004250 secs] [Times: user=0.00 sys=0.00, real=0.00 secs] 
132.110: Total time for which application threads were stopped: 0.0005290 seconds, Stopping threads took: 0.0000410 seconds
132.149: Application time: 0.0392020 seconds
132.149: [GC [PSYoungGen: 7664K->448K(8192K)] 20363K->13227K(26112K), 0.0004740 secs] [Times: user=0.00 sys=0.00, real=0.00 secs] 
132.149: Total time for which application threads were stopped: 0.0005660 seconds, Stopping threads took: 0.0000380 seconds
132.190: Application time: 0.0403510 seconds
132.190: [GC [PSYoungGen: 7616K->384K(8192K)] 20395K->13219K(26112K), 0.0004640 secs] [Times: user=0.00 sys=0.00, real=0.00 secs] 
132.190: Total time for which application threads were stopped: 0.0005860 seconds, Stopping threads took: 0.0000570 seconds
132.229: Application time: 0.0392040 seconds
132.230: [GC [PSYoungGen: 7552K->384K(8192K)] 20387K->13259K(26112K), 0.0004110 secs] [Times: user=0.00 sys=0.00, real=0.00 secs] 
132.230: Total time for which application threads were stopped: 0.0005150 seconds, Stopping threads took: 0.0000460 seconds
132.269: Application time: 0.0392250 seconds
132.269: [GC [PSYoungGen: 7552K->336K(8192K)] 20427K->13267K(26112K), 0.0003830 secs] [Times: user=0.00 sys=0.00, real=0.00 secs] 
132.270: Total time for which application threads were stopped: 0.0004810 seconds, Stopping threads took: 0.0000420 seconds
132.309: Application time: 0.0395610 seconds
132.313: [GC [PSYoungGen: 7504K->272K(8192K)] 20435K->13283K(26112K), 0.0005590 secs] [Times: user=0.00 sys=0.00, real=0.00 secs] 
132.313: Total time for which application threads were stopped: 0.0040900 seconds, Stopping threads took: 0.0034620 seconds
132.352: Application time: 0.0385500 seconds
132.352: [GC [PSYoungGen: 7440K->288K(8192K)] 20451K->13355K(26112K), 0.0003830 secs] [Times: user=0.00 sys=0.00, real=0.00 secs] 
132.352: Total time for which application threads were stopped: 0.0004960 seconds, Stopping threads took: 0.0000550 seconds
132.391: Application time: 0.0389470 seconds
132.391: [GC [PSYoungGen: 7456K->304K(8192K)] 20523K->13371K(26112K), 0.0003640 secs] [Times: user=0.01 sys=0.00, real=0.00 secs] 
132.392: Total time for which application threads were stopped: 0.0004860 seconds, Stopping threads took: 0.0000670 seconds
132.430: Application time: 0.0379330 seconds
132.430: [GC [PSYoungGen: 7472K->384K(8192K)] 20539K->13451K(26112K), 0.0004460 secs] [Times: user=0.00 sys=0.00, real=0.00 secs] 
132.430: Total time for which application threads were stopped: 0.0005390 seconds, Stopping threads took: 0.0000390 seconds
132.470: Application time: 0.0393120 seconds
132.470: [GC [PSYoungGen: 7552K->384K(8192K)] 20619K->13451K(26112K), 0.0004560 secs] [Times: user=0.00 sys=0.00, real=0.00 secs] 
132.470: Total time for which application threads were stopped: 0.0005520 seconds, Stopping threads took: 0.0000420 seconds
132.508: Application time: 0.0382110 seconds
132.508: [GC [PSYoungGen: 7552K->496K(8192K)] 20619K->13563K(26112K), 0.0004680 secs] [Times: user=0.00 sys=0.00, real=0.01 secs] 
132.509: Total time for which application threads were stopped: 0.0005650 seconds, Stopping threads took: 0.0000430 seconds
132.548: Application time: 0.0387170 seconds
132.548: [GC [PSYoungGen: 7664K->512K(8192K)] 20731K->13579K(26112K), 0.0004210 secs] [Times: user=0.00 sys=0.00, real=0.00 secs] 
132.548: Total time for which application threads were stopped: 0.0005230 seconds, Stopping threads took: 0.0000470 seconds
132.587: Application time: 0.0391320 seconds
132.587: [GC [PSYoungGen: 7680K->544K(8192K)] 20747K->13611K(26112K), 0.0004210 secs] [Times: user=0.00 sys=0.00, real=0.00 secs] 
132.588: Total time for which application threads were stopped: 0.0005150 seconds, Stopping threads took: 0.0000410 seconds
132.628: Application time: 0.0397180 seconds
132.628: [GC [PSYoungGen: 7712K->512K(8192K)] 20779K->13579K(26112K), 0.0005080 secs] [Times: user=0.00 sys=0.00, real=0.00 secs] 
132.628: Total time for which application threads were stopped: 0.0006240 seconds, Stopping threads took: 0.0000520 seconds
132.668: Application time: 0.0395170 seconds
132.668: [GC [PSYoungGen: 7680K->480K(8192K)] 20747K->13548K(26112K), 0.0004230 secs] [Times: user=0.00 sys=0.00, real=0.00 secs] 
132.668: Total time for which application threads were stopped: 0.0005200 seconds, Stopping threads took: 0.0000410 seconds
132.708: Application time: 0.0393020 seconds
132.708: [GC [PSYoungGen: 7648K->496K(8192K)] 20716K->13563K(26112K), 0.0004790 secs] [Times: user=0.01 sys=0.00, real=0.00 secs] 
132.708: Total time for which application threads were stopped: 0.0007230 seconds, Stopping threads took: 0.0001710 seconds
132.747: Application time: 0.0391510 seconds
132.747: [GC [PSYoungGen: 7664K->544K(8192K)] 20731K->13611K(26112K), 0.0004330 secs] [Times: user=0.00 sys=0.00, real=0.00 secs] 
132.748: Total time for which application threads were stopped: 0.0005360 seconds, Stopping threads took: 0.0000470 seconds
132.787: Application time: 0.0392460 seconds
132.787: [GC [PSYoungGen: 7712K->528K(8192K)] 20779K->13595K(26112K), 0.0004840 secs] [Times: user=0.00 sys=0.00, real=0.00 secs] 
132.788: Total time for which application threads were stopped: 0.0005820 seconds, Stopping threads took: 0.0000450 seconds
132.827: Application time: 0.0392230 seconds
132.827: [GC [PSYoungGen: 7696K->512K(8192K)] 20763K->13579K(26112K), 0.0004950 secs] [Times: user=0.00 sys=0.00, real=0.00 secs] 
132.828: Total time for which application threads were stopped: 0.0006010 seconds, Stopping threads took: 0.0000500 seconds
132.867: Application time: 0.0391620 seconds
132.867: [GC [PSYoungGen: 7680K->512K(8192K)] 20747K->13579K(26112K), 0.0004210 secs] [Times: user=0.00 sys=0.00, real=0.00 secs] 
132.867: Total time for which application threads were stopped: 0.0005250 seconds, Stopping threads took: 0.0000460 seconds
132.906: Application time: 0.0391170 seconds
132.906: [GC [PSYoungGen: 7680K->480K(8192K)] 20747K->13547K(26112K), 0.0004130 secs] [Times: user=0.00 sys=0.00, real=0.00 secs] 
132.907: Total time for which application threads were stopped: 0.0005100 seconds, Stopping threads took: 0.0000400 seconds
132.946: Application time: 0.0392710 seconds
132.946: [GC [PSYoungGen: 7648K->432K(8192K)] 20715K->13588K(26112K), 0.0004300 secs] [Times: user=0.00 sys=0.00, real=0.00 secs] 
132.947: Total time for which application threads were stopped: 0.0005330 seconds, Stopping threads took: 0.0000490 seconds
132.986: Application time: 0.0393660 seconds
132.986: [GC [PSYoungGen: 7600K->400K(8192K)] 20756K->13604K(26112K), 0.0004050 secs] [Times: user=0.00 sys=0.00, real=0.00 secs] 
132.987: Total time for which application threads were stopped: 0.0005090 seconds, Stopping threads took: 0.0000420 seconds
133.026: Application time: 0.0391850 seconds
133.026: [GC [PSYoungGen: 7568K->368K(8192K)] 20772K->13668K(26112K), 0.0004000 secs] [Times: user=0.00 sys=0.00, real=0.00 secs] 
133.026: Total time for which application threads were stopped: 0.0005030 seconds, Stopping threads took: 0.0000380 seconds
133.066: Application time: 0.0392990 seconds
133.066: [GC [PSYoungGen: 7536K->304K(8192K)] 20836K->13604K(26112K), 0.0003770 secs] [Times: user=0.00 sys=0.00, real=0.00 secs] 
133.066: Total time for which application threads were stopped: 0.0004800 seconds, Stopping threads took: 0.0000510 seconds
133.105: Application time: 0.0392040 seconds
133.105: [GC [PSYoungGen: 7472K->272K(8192K)] 20772K->13660K(26112K), 0.0004640 secs] [Times: user=0.01 sys=0.00, real=0.00 secs] 
133.106: Total time for which application threads were stopped: 0.0005600 seconds, Stopping threads took: 0.0000420 seconds
133.144: Application time: 0.0384850 seconds
133.144: [GC [PSYoungGen: 7440K->288K(8192K)] 20828K->13740K(26112K), 0.0003890 secs] [Times: user=0.01 sys=0.00, real=0.00 secs] 
133.145: Total time for which application threads were stopped: 0.0004980 seconds, Stopping threads took: 0.0000430 seconds
133.183: Application time: 0.0381850 seconds
133.183: [GC [PSYoungGen: 7456K->384K(8192K)] 20908K->13836K(26112K), 0.0003850 secs] [Times: user=0.00 sys=0.00, real=0.00 secs] 
133.183: Total time for which application threads were stopped: 0.0004850 seconds, Stopping threads took: 0.0000460 seconds
133.222: Application time: 0.0387670 seconds
133.222: [GC [PSYoungGen: 7552K->384K(8192K)] 21004K->13836K(26112K), 0.0004030 secs] [Times: user=0.00 sys=0.00, real=0.00 secs] 
133.223: Total time for which application threads were stopped: 0.0005050 seconds, Stopping threads took: 0.0000460 seconds
133.262: Application time: 0.0393620 seconds
133.262: [GC [PSYoungGen: 7552K->384K(8192K)] 21004K->13836K(26112K), 0.0004720 secs] [Times: user=0.00 sys=0.00, real=0.00 secs] 
133.263: Total time for which application threads were stopped: 0.0005710 seconds, Stopping threads took: 0.0000380 seconds
133.300: Application time: 0.0377230 seconds
133.301: [GC [PSYoungGen: 7552K->480K(8192K)] 21004K->13932K(26112K), 0.0004330 secs] [Times: user=0.00 sys=0.00, real=0.00 secs] 
133.301: Total time for which application threads were stopped: 0.0005310 seconds, Stopping threads took: 0.0000410 seconds
133.340: Application time: 0.0391920 seconds
133.340: [GC [PSYoungGen: 7648K->512K(8192K)] 21100K->13964K(26112K), 0.0004210 secs] [Times: user=0.00 sys=0.00, real=0.00 secs] 
133.341: Total time for which application threads were stopped: 0.0005170 seconds, Stopping threads took: 0.0000390 seconds
133.380: Application time: 0.0395140 seconds
133.380: [GC [PSYoungGen: 7680K->528K(8192K)] 21132K->13980K(26112K), 0.0004360 secs] [Times: user=0.01 sys=0.00, real=0.00 secs] 
133.381: Total time for which application threads were stopped: 0.0005430 seconds, Stopping threads took: 0.0000510 seconds
133.420: Application time: 0.0391050 seconds
133.420: [GC [PSYoungGen: 7696K->480K(8192K)] 21148K->13932K(26112K), 0.0004040 secs] [Times: user=0.01 sys=0.00, real=0.00 secs] 
133.420: Total time for which application threads were stopped: 0.0005210 seconds, Stopping threads took: 0.0000650 seconds
133.460: Application time: 0.0398330 seconds
133.460: [GC [PSYoungGen: 7648K->464K(8192K)] 21100K->13916K(26112K), 0.0004190 secs] [Times: user=0.00 sys=0.00, real=0.00 secs] 
133.461: Total time for which application threads were stopped: 0.0005150 seconds, Stopping threads took: 0.0000380 seconds
133.500: Application time: 0.0394200 seconds
133.500: [GC [PSYoungGen: 7632K->544K(8192K)] 21084K->13996K(26112K), 0.0004270 secs] [Times: user=0.00 sys=0.00, real=0.00 secs] 
133.501: Total time for which application threads were stopped: 0.0005230 seconds, Stopping threads took: 0.0000410 seconds
133.540: Application time: 0.0392380 seconds
133.540: [GC [PSYoungGen: 7712K->512K(8192K)] 21164K->13964K(26112K), 0.0004290 secs] [Times: user=0.00 sys=0.00, real=0.00 secs] 
133.540: Total time for which application threads were stopped: 0.0005260 seconds, Stopping threads took: 0.0000390 seconds
133.580: Application time: 0.0391720 seconds
133.580: [GC [PSYoungGen: 7680K->512K(8192K)] 21132K->13964K(26112K), 0.0004320 secs] [Times: user=0.00 sys=0.00, real=0.00 secs] 
133.580: Total time for which application threads were stopped: 0.0005390 seconds, Stopping threads took: 0.0000500 seconds
133.619: Application time: 0.0387880 seconds
133.619: [GC [PSYoungGen: 7680K->544K(8192K)] 21132K->13996K(26112K), 0.0004250 secs] [Times: user=0.00 sys=0.00, real=0.00 secs] 
133.619: Total time for which application threads were stopped: 0.0005220 seconds, Stopping threads took: 0.0000430 seconds
133.659: Application time: 0.0397220 seconds
133.659: [GC [PSYoungGen: 7712K->480K(8192K)] 21164K->13932K(26112K), 0.0004340 secs] [Times: user=0.01 sys=0.00, real=0.00 secs] 
133.660: Total time for which application threads were stopped: 0.0005460 seconds, Stopping threads took: 0.0000460 seconds
133.699: Application time: 0.0396170 seconds
133.699: [GC [PSYoungGen: 7648K->480K(8192K)] 21100K->13932K(26112K), 0.0004760 secs] [Times: user=0.00 sys=0.00, real=0.00 secs] 
133.700: Total time for which application threads were stopped: 0.0005910 seconds, Stopping threads took: 0.0000490 seconds
133.740: Application time: 0.0398930 seconds
133.740: [GC [PSYoungGen: 7648K->448K(8192K)] 21100K->13992K(26112K), 0.0004700 secs] [Times: user=0.01 sys=0.00, real=0.00 secs] 
133.740: Total time for which application threads were stopped: 0.0005950 seconds, Stopping threads took: 0.0000600 seconds
133.780: Application time: 0.0392690 seconds
133.780: [GC [PSYoungGen: 7616K->352K(8192K)] 21160K->13968K(26112K), 0.0004270 secs] [Times: user=0.00 sys=0.00, real=0.00 secs] 
133.780: Total time for which application threads were stopped: 0.0005210 seconds, Stopping threads took: 0.0000440 seconds
133.820: Application time: 0.0397630 seconds
133.821: [GC [PSYoungGen: 7520K->320K(8192K)] 21136K->13992K(26112K), 0.0005130 secs] [Times: user=0.01 sys=0.00, real=0.00 secs] 
133.821: Total time for which application threads were stopped: 0.0013030 seconds, Stopping threads took: 0.0007240 seconds
133.861: Application time: 0.0398970 seconds
133.861: [GC [PSYoungGen: 7488K->304K(8192K)] 21160K->13976K(26112K), 0.0004090 secs] [Times: user=0.00 sys=0.00, real=0.00 secs] 
133.862: Total time for which application threads were stopped: 0.0005050 seconds, Stopping threads took: 0.0000420 seconds
133.901: Application time: 0.0393940 seconds
133.901: [GC [PSYoungGen: 7472K->256K(8192K)] 21144K->14056K(26112K), 0.0003700 secs] [Times: user=0.00 sys=0.00, real=0.00 secs] 
133.902: Total time for which application threads were stopped: 0.0004730 seconds, Stopping threads took: 0.0000450 seconds
133.940: Application time: 0.0385050 seconds
133.940: [GC [PSYoungGen: 7424K->272K(8192K)] 21224K->14072K(26112K), 0.0004350 secs] [Times: user=0.00 sys=0.00, real=0.00 secs] 
133.941: Total time for which application threads were stopped: 0.0005240 seconds, Stopping threads took: 0.0000340 seconds
133.979: Application time: 0.0379390 seconds
133.979: [GC [PSYoungGen: 7440K->384K(8192K)] 21240K->14184K(26112K), 0.0004270 secs] [Times: user=0.00 sys=0.00, real=0.00 secs] 
133.979: Total time for which application threads were stopped: 0.0005230 seconds, Stopping threads took: 0.0000430 seconds
134.018: Application time: 0.0388380 seconds
134.018: [GC [PSYoungGen: 7552K->384K(8192K)] 21352K->14184K(26112K), 0.0003970 secs] [Times: user=0.00 sys=0.00, real=0.00 secs] 
134.018: Total time for which application threads were stopped: 0.0004900 seconds, Stopping threads took: 0.0000390 seconds
134.058: Application time: 0.0393830 seconds
134.058: [GC [PSYoungGen: 7552K->368K(8192K)] 21352K->14168K(26112K), 0.0004070 secs] [Times: user=0.01 sys=0.00, real=0.00 secs] 
134.058: Total time for which application threads were stopped: 0.0005030 seconds, Stopping threads took: 0.0000410 seconds
134.096: Application time: 0.0377860 seconds
134.096: [GC [PSYoungGen: 7536K->512K(8192K)] 21336K->14312K(26112K), 0.0004300 secs] [Times: user=0.00 sys=0.00, real=0.00 secs] 
134.097: Total time for which application threads were stopped: 0.0005310 seconds, Stopping threads took: 0.0000400 seconds
134.136: Application time: 0.0394970 seconds
134.136: [GC [PSYoungGen: 7680K->496K(8192K)] 21480K->14296K(26112K), 0.0004540 secs] [Times: user=0.00 sys=0.00, real=0.00 secs] 
134.137: Total time for which application threads were stopped: 0.0005520 seconds, Stopping threads took: 0.0000430 seconds
134.176: Application time: 0.0392800 seconds
134.176: [GC [PSYoungGen: 7664K->464K(8192K)] 21464K->14264K(26112K), 0.0004680 secs] [Times: user=0.00 sys=0.00, real=0.00 secs] 
134.177: Total time for which application threads were stopped: 0.0005760 seconds, Stopping threads took: 0.0000450 seconds
134.216: Application time: 0.0393230 seconds
134.216: [GC [PSYoungGen: 7632K->512K(8192K)] 21432K->14312K(26112K), 0.0004130 secs] [Times: user=0.00 sys=0.00, real=0.00 secs] 
134.216: Total time for which application threads were stopped: 0.0005100 seconds, Stopping threads took: 0.0000460 seconds
134.256: Application time: 0.0395740 seconds
134.256: [GC [PSYoungGen: 7680K->512K(8192K)] 21480K->14312K(26112K), 0.0004190 secs] [Times: user=0.01 sys=0.00, real=0.00 secs] 
134.256: Total time for which application threads were stopped: 0.0005150 seconds, Stopping threads took: 0.0000410 seconds
134.296: Application time: 0.0393030 seconds
134.296: [GC [PSYoungGen: 7680K->512K(8192K)] 21480K->14312K(26112K), 0.0004990 secs] [Times: user=0.00 sys=0.00, real=0.00 secs] 
134.296: Total time for which application threads were stopped: 0.0006070 seconds, Stopping threads took: 0.0000520 seconds
134.336: Application time: 0.0391830 seconds
134.336: [GC [PSYoungGen: 7680K->528K(8192K)] 21480K->14328K(26112K), 0.0004290 secs] [Times: user=0.00 sys=0.00, real=0.00 secs] 
134.336: Total time for which application threads were stopped: 0.0005220 seconds, Stopping threads took: 0.0000390 seconds
134.375: Application time: 0.0391420 seconds
134.375: [GC [PSYoungGen: 7696K->496K(8192K)] 21496K->14296K(26112K), 0.0004060 secs] [Times: user=0.00 sys=0.00, real=0.00 secs] 
134.376: Total time for which application threads were stopped: 0.0005020 seconds, Stopping threads took: 0.0000430 seconds
134.415: Application time: 0.0392650 seconds
134.415: [GC [PSYoungGen: 7664K->496K(8192K)] 21464K->14296K(26112K), 0.0004650 secs] [Times: user=0.00 sys=0.00, real=0.00 secs] 
134.416: Total time for which application threads were stopped: 0.0005610 seconds, Stopping threads took: 0.0000390 seconds
134.455: Application time: 0.0392270 seconds
134.455: [GC [PSYoungGen: 7664K->496K(8192K)] 21464K->14296K(26112K), 0.0004250 secs] [Times: user=0.01 sys=0.00, real=0.00 secs] 
134.455: Total time for which application threads were stopped: 0.0005220 seconds, Stopping threads took: 0.0000420 seconds
134.494: Application time: 0.0391760 seconds
134.495: [GC [PSYoungGen: 7664K->480K(8192K)] 21464K->14280K(26112K), 0.0004120 secs] [Times: user=0.00 sys=0.00, real=0.00 secs] 
134.495: Total time for which application threads were stopped: 0.0005150 seconds, Stopping threads took: 0.0000500 seconds
134.534: Application time: 0.0392010 seconds
134.534: [GC [PSYoungGen: 7648K->368K(8192K)] 21448K->14256K(26112K), 0.0004120 secs] [Times: user=0.01 sys=0.00, real=0.00 secs] 
134.535: Total time for which application threads were stopped: 0.0004970 seconds, Stopping threads took: 0.0000340 seconds
134.574: Application time: 0.0392760 seconds
134.574: [GC [PSYoungGen: 7536K->336K(8192K)] 21424K->14312K(26112K), 0.0004440 secs] [Times: user=0.00 sys=0.00, real=0.00 secs] 
134.575: Total time for which application threads were stopped: 0.0005470 seconds, Stopping threads took: 0.0000490 seconds
134.614: Application time: 0.0390990 seconds
134.614: [GC [PSYoungGen: 7504K->336K(8192K)] 21480K->14360K(26112K), 0.0004330 secs] [Times: user=0.00 sys=0.00, real=0.00 secs] 
134.614: Total time for which application threads were stopped: 0.0005270 seconds, Stopping threads took: 0.0000440 seconds
134.653: Application time: 0.0392960 seconds
134.653: [GC [PSYoungGen: 7504K->304K(8192K)] 21528K->14328K(26112K), 0.0003690 secs] [Times: user=0.00 sys=0.00, real=0.00 secs] 
134.654: Total time for which application threads were stopped: 0.0004700 seconds, Stopping threads took: 0.0000410 seconds
134.693: Application time: 0.0388770 seconds
134.693: [GC [PSYoungGen: 7472K->272K(8192K)] 21496K->14428K(26112K), 0.0004280 secs] [Times: user=0.00 sys=0.00, real=0.00 secs] 
134.693: Total time for which application threads were stopped: 0.0005360 seconds, Stopping threads took: 0.0000460 seconds
134.731: Application time: 0.0380980 seconds
134.732: [GC [PSYoungGen: 7440K->288K(8192K)] 21596K->14444K(26112K), 0.0004350 secs] [Times: user=0.00 sys=0.00, real=0.00 secs] 
134.732: Total time for which application threads were stopped: 0.0005530 seconds, Stopping threads took: 0.0000560 seconds
134.771: Application time: 0.0391300 seconds
134.771: [GC [PSYoungGen: 7456K->336K(8192K)] 21612K->14492K(26112K), 0.0003980 secs] [Times: user=0.00 sys=0.00, real=0.00 secs] 
134.772: Total time for which application threads were stopped: 0.0004980 seconds, Stopping threads took: 0.0000460 seconds
134.811: Application time: 0.0390310 seconds
134.811: [GC [PSYoungGen: 7504K->384K(8192K)] 21660K->14540K(26112K), 0.0004290 secs] [Times: user=0.00 sys=0.00, real=0.00 secs] 
134.811: Total time for which application threads were stopped: 0.0005260 seconds, Stopping threads took: 0.0000390 seconds
134.850: Application time: 0.0385450 seconds
134.850: [GC [PSYoungGen: 7552K->384K(8192K)] 21708K->14540K(26112K), 0.0003960 secs] [Times: user=0.00 sys=0.00, real=0.00 secs] 
134.850: Total time for which application threads were stopped: 0.0004890 seconds, Stopping threads took: 0.0000390 seconds
134.889: Application time: 0.0384840 seconds
134.889: [GC [PSYoungGen: 7552K->496K(8192K)] 21708K->14652K(26112K), 0.0004360 secs] [Times: user=0.00 sys=0.00, real=0.00 secs] 
134.889: Total time for which application threads were stopped: 0.0005390 seconds, Stopping threads took: 0.0000490 seconds
134.928: Application time: 0.0391720 seconds
134.928: [GC [PSYoungGen: 7664K->512K(8192K)] 21820K->14668K(26112K), 0.0004390 secs] [Times: user=0.00 sys=0.00, real=0.01 secs] 
134.929: Total time for which application threads were stopped: 0.0005360 seconds, Stopping threads took: 0.0000460 seconds
134.970: Application time: 0.0412280 seconds
134.970: [GC [PSYoungGen: 7680K->512K(8192K)] 21836K->14668K(26112K), 0.0004620 secs] [Times: user=0.00 sys=0.00, real=0.00 secs] 
134.971: Total time for which application threads were stopped: 0.0005550 seconds, Stopping threads took: 0.0000380 seconds
135.010: Application time: 0.0393360 seconds
135.010: [GC [PSYoungGen: 7680K->528K(8192K)] 21836K->14684K(26112K), 0.0004250 secs] [Times: user=0.01 sys=0.00, real=0.00 secs] 
135.011: Total time for which application threads were stopped: 0.0005190 seconds, Stopping threads took: 0.0000390 seconds
135.050: Application time: 0.0394290 seconds
135.050: [GC [PSYoungGen: 7696K->512K(8192K)] 21852K->14668K(26112K), 0.0004250 secs] [Times: user=0.00 sys=0.00, real=0.00 secs] 
135.051: Total time for which application threads were stopped: 0.0005150 seconds, Stopping threads took: 0.0000380 seconds
135.089: Application time: 0.0388070 seconds
135.089: [GC [PSYoungGen: 7680K->512K(8192K)] 21836K->14668K(26112K), 0.0004100 secs] [Times: user=0.01 sys=0.00, real=0.00 secs] 
135.090: Total time for which application threads were stopped: 0.0005090 seconds, Stopping threads took: 0.0000440 seconds
135.129: Application time: 0.0393350 seconds
135.129: [GC [PSYoungGen: 7680K->480K(8192K)] 21836K->14636K(26112K), 0.0004610 secs] [Times: user=0.00 sys=0.00, real=0.00 secs] 
135.130: Total time for which application threads were stopped: 0.0005670 seconds, Stopping threads took: 0.0000470 seconds
135.170: Application time: 0.0401110 seconds
135.170: [GC [PSYoungGen: 7648K->480K(8192K)] 21804K->14636K(26112K), 0.0004460 secs] [Times: user=0.01 sys=0.00, real=0.00 secs] 
135.170: Total time for which application threads were stopped: 0.0005400 seconds, Stopping threads took: 0.0000370 seconds
135.210: Application time: 0.0400480 seconds
135.211: [GC [PSYoungGen: 7648K->528K(8192K)] 21804K->14684K(26112K), 0.0005300 secs] [Times: user=0.01 sys=0.00, real=0.00 secs] 
135.211: Total time for which application threads were stopped: 0.0006520 seconds, Stopping threads took: 0.0000490 seconds
135.250: Application time: 0.0392840 seconds
135.250: [GC [PSYoungGen: 7696K->512K(8192K)] 21852K->14668K(26112K), 0.0004290 secs] [Times: user=0.00 sys=0.00, real=0.00 secs] 
135.251: Total time for which application threads were stopped: 0.0005280 seconds, Stopping threads took: 0.0000410 seconds
135.290: Application time: 0.0391850 seconds
135.290: [GC [PSYoungGen: 7680K->496K(8192K)] 21836K->14700K(26112K), 0.0004350 secs] [Times: user=0.00 sys=0.00, real=0.00 secs] 
135.291: Total time for which application threads were stopped: 0.0005320 seconds, Stopping threads took: 0.0000430 seconds
135.331: Application time: 0.0400800 seconds
135.333: [GC [PSYoungGen: 7664K->384K(8192K)] 21868K->14676K(26112K), 0.0005570 secs] [Times: user=0.00 sys=0.00, real=0.00 secs] 
135.333: Total time for which application threads were stopped: 0.0026140 seconds, Stopping threads took: 0.0019990 seconds
135.373: Application time: 0.0397030 seconds
135.373: [GC [PSYoungGen: 7552K->400K(8192K)] 21844K->14732K(26112K), 0.0003990 secs] [Times: user=0.00 sys=0.00, real=0.00 secs] 
135.374: Total time for which application threads were stopped: 0.0004990 seconds, Stopping threads took: 0.0000420 seconds
135.413: Application time: 0.0392730 seconds
135.413: [GC [PSYoungGen: 7568K->304K(8192K)] 21900K->14700K(26112K), 0.0003830 secs] [Times: user=0.01 sys=0.00, real=0.00 secs] 
135.413: Total time for which application threads were stopped: 0.0004730 seconds, Stopping threads took: 0.0000380 seconds
135.453: Application time: 0.0392210 seconds
135.457: [GC [PSYoungGen: 7472K->288K(8192K)] 21868K->14740K(26112K), 0.0004410 secs] [Times: user=0.00 sys=0.00, real=0.00 secs] 
135.457: Total time for which application threads were stopped: 0.0047070 seconds, Stopping threads took: 0.0042100 seconds
135.495: Application time: 0.0382840 seconds
135.496: [GC [PSYoungGen: 7456K->320K(8192K)] 21908K->14860K(26112K), 0.0003900 secs] [Times: user=0.00 sys=0.00, real=0.00 secs] 
135.496: Total time for which application threads were stopped: 0.0004890 seconds, Stopping threads took: 0.0000470 seconds
135.535: Application time: 0.0386480 seconds
135.535: [GC [PSYoungGen: 7488K->352K(8192K)] 22028K->14892K(26112K), 0.0003810 secs] [Times: user=0.00 sys=0.00, real=0.00 secs] 
135.535: Total time for which application threads were stopped: 0.0004840 seconds, Stopping threads took: 0.0000480 seconds
135.572: Application time: 0.0373590 seconds
135.573: Total time for which application threads were stopped: 0.0000680 seconds, Stopping threads took: 0.0000470 seconds
135.575: Application time: 0.0022120 seconds
135.575: [GC [PSYoungGen: 7520K->320K(8192K)] 22060K->14860K(26112K), 0.0003840 secs] [Times: user=0.00 sys=0.00, real=0.00 secs] 
135.575: Total time for which application threads were stopped: 0.0004620 seconds, Stopping threads took: 0.0000320 seconds
135.611: Application time: 0.0353130 seconds
135.611: Total time for which application threads were stopped: 0.0000500 seconds, Stopping threads took: 0.0000310 seconds
135.617: Application time: 0.0067880 seconds
135.617: [GC [PSYoungGen: 7488K->256K(8192K)] 22028K->14796K(26112K), 0.0003980 secs] [Times: user=0.01 sys=0.00, real=0.00 secs] 
135.618: Total time for which application threads were stopped: 0.0004760 seconds, Stopping threads took: 0.0000290 seconds
135.658: Application time: 0.0405490 seconds
135.658: [GC [PSYoungGen: 7424K->240K(8192K)] 21964K->14780K(26112K), 0.0004130 secs] [Times: user=0.00 sys=0.00, real=0.00 secs] 
135.659: Total time for which application threads were stopped: 0.0004880 seconds, Stopping threads took: 0.0000270 seconds
135.664: Application time: 0.0052140 seconds
135.664: Total time for which application threads were stopped: 0.0000350 seconds, Stopping threads took: 0.0000230 seconds
135.712: Application time: 0.0482800 seconds
135.713: [GC [PSYoungGen: 7408K->224K(8192K)] 21948K->14764K(26112K), 0.0005280 secs] [Times: user=0.00 sys=0.00, real=0.00 secs] 
135.713: Total time for which application threads were stopped: 0.0006380 seconds, Stopping threads took: 0.0000300 seconds
135.768: Application time: 0.0548090 seconds
135.768: [GC [PSYoungGen: 7392K->224K(8192K)] 21932K->14764K(26112K), 0.0004390 secs] [Times: user=0.00 sys=0.00, real=0.00 secs] 
135.768: Total time for which application threads were stopped: 0.0005280 seconds, Stopping threads took: 0.0000280 seconds
135.824: Application time: 0.0552120 seconds
135.824: [GC [PSYoungGen: 7392K->224K(8192K)] 21932K->14764K(26112K), 0.0004220 secs] [Times: user=0.00 sys=0.00, real=0.00 secs] 
135.824: Total time for which application threads were stopped: 0.0005340 seconds, Stopping threads took: 0.0000590 seconds
135.879: Application time: 0.0551270 seconds
135.879: [GC [PSYoungGen: 7392K->224K(8192K)] 21932K->14764K(26112K), 0.0003670 secs] [Times: user=0.00 sys=0.00, real=0.00 secs] 
135.880: Total time for which application threads were stopped: 0.0004460 seconds, Stopping threads took: 0.0000240 seconds
135.948: Application time: 0.0677650 seconds
135.948: [GC [PSYoungGen: 7386K->272K(8192K)] 21927K->14812K(26112K), 0.0004040 secs] [Times: user=0.00 sys=0.00, real=0.00 secs] 
135.948: Total time for which application threads were stopped: 0.0004840 seconds, Stopping threads took: 0.0000270 seconds
135.948: Application time: 0.0000660 seconds
135.948: Total time for which application threads were stopped: 0.0000340 seconds, Stopping threads took: 0.0000200 seconds
135.971: Application time: 0.0231590 seconds
135.971: Total time for which application threads were stopped: 0.0000280 seconds, Stopping threads took: 0.0000150 seconds
135.996: Application time: 0.0252110 seconds
135.997: Total time for which application threads were stopped: 0.0000510 seconds, Stopping threads took: 0.0000100 seconds
135.997: Application time: 0.0002760 seconds
135.997: Total time for which application threads were stopped: 0.0000270 seconds, Stopping threads took: 0.0000130 seconds
136.005: Application time: 0.0080540 seconds
136.007: [GC [PSYoungGen: 7440K->560K(8192K)] 21980K->15101K(26112K), 0.0004830 secs] [Times: user=0.00 sys=0.00, real=0.00 secs] 
136.007: Total time for which application threads were stopped: 0.0023390 seconds, Stopping threads took: 0.0018020 seconds
136.047: Application time: 0.0398710 seconds
136.047: [GC [PSYoungGen: 7728K->544K(8192K)] 22269K->15084K(26112K), 0.0004720 secs] [Times: user=0.00 sys=0.00, real=0.00 secs] 
136.048: Total time for which application threads were stopped: 0.0005690 seconds, Stopping threads took: 0.0000460 seconds
136.087: Application time: 0.0393390 seconds
136.087: [GC [PSYoungGen: 7712K->608K(8192K)] 22252K->15149K(26112K), 0.0004580 secs] [Times: user=0.00 sys=0.00, real=0.00 secs] 
136.088: Total time for which application threads were stopped: 0.0005680 seconds, Stopping threads took: 0.0000550 seconds
136.127: Application time: 0.0393710 seconds
136.127: [GC [PSYoungGen: 7776K->576K(8192K)] 22317K->15116K(26112K), 0.0004370 secs] [Times: user=0.01 sys=0.00, real=0.00 secs] 
136.128: Total time for which application threads were stopped: 0.0005530 seconds, Stopping threads took: 0.0000570 seconds
136.167: Application time: 0.0395560 seconds
136.167: [GC [PSYoungGen: 7744K->560K(8192K)] 22284K->15101K(26112K), 0.0004520 secs] [Times: user=0.00 sys=0.00, real=0.00 secs] 
136.168: Total time for which application threads were stopped: 0.0005440 seconds, Stopping threads took: 0.0000400 seconds
136.207: Application time: 0.0392510 seconds
136.207: [GC [PSYoungGen: 7728K->576K(8192K)] 22269K->15140K(26112K), 0.0004500 secs] [Times: user=0.01 sys=0.00, real=0.00 secs] 
136.207: Total time for which application threads were stopped: 0.0005620 seconds, Stopping threads took: 0.0000570 seconds
136.247: Application time: 0.0397800 seconds
136.247: [GC [PSYoungGen: 7744K->608K(8192K)] 22308K->15188K(26112K), 0.0005320 secs] [Times: user=0.00 sys=0.00, real=0.00 secs] 
136.248: Total time for which application threads were stopped: 0.0006750 seconds, Stopping threads took: 0.0000630 seconds
136.287: Application time: 0.0392900 seconds
136.287: [GC [PSYoungGen: 7776K->592K(8192K)] 22356K->15197K(26112K), 0.0004470 secs] [Times: user=0.00 sys=0.00, real=0.00 secs] 
136.288: Total time for which application threads were stopped: 0.0005520 seconds, Stopping threads took: 0.0000490 seconds
136.327: Application time: 0.0393440 seconds
136.327: [GC [PSYoungGen: 7760K->560K(8192K)] 22365K->15173K(26112K), 0.0004840 secs] [Times: user=0.01 sys=0.00, real=0.00 secs] 
136.328: Total time for which application threads were stopped: 0.0006010 seconds, Stopping threads took: 0.0000620 seconds
136.367: Application time: 0.0392380 seconds
136.367: [GC [PSYoungGen: 7728K->544K(8192K)] 22341K->15164K(26112K), 0.0004420 secs] [Times: user=0.00 sys=0.00, real=0.00 secs] 
136.367: Total time for which application threads were stopped: 0.0005560 seconds, Stopping threads took: 0.0000560 seconds
136.406: Application time: 0.0387770 seconds
136.406: [GC [PSYoungGen: 7712K->624K(8192K)] 22332K->15253K(26112K), 0.0004390 secs] [Times: user=0.00 sys=0.00, real=0.00 secs] 
136.407: Total time for which application threads were stopped: 0.0005580 seconds, Stopping threads took: 0.0000610 seconds
136.446: Application time: 0.0391300 seconds
136.446: [GC [PSYoungGen: 7792K->560K(8192K)] 22421K->15189K(26112K), 0.0004490 secs] [Times: user=0.01 sys=0.00, real=0.00 secs] 
136.447: Total time for which application threads were stopped: 0.0005520 seconds, Stopping threads took: 0.0000490 seconds
136.486: Application time: 0.0391300 seconds
136.486: [GC [PSYoungGen: 7728K->592K(8192K)] 22357K->15221K(26112K), 0.0004400 secs] [Times: user=0.00 sys=0.00, real=0.00 secs] 
136.486: Total time for which application threads were stopped: 0.0005510 seconds, Stopping threads took: 0.0000530 seconds
136.525: Application time: 0.0391880 seconds
136.525: [GC [PSYoungGen: 7760K->576K(8192K)] 22389K->15204K(26112K), 0.0004400 secs] [Times: user=0.00 sys=0.00, real=0.00 secs] 
136.526: Total time for which application threads were stopped: 0.0005510 seconds, Stopping threads took: 0.0000560 seconds
136.565: Application time: 0.0392620 seconds
136.565: [GC [PSYoungGen: 7744K->624K(8192K)] 22372K->15253K(26112K), 0.0004130 secs] [Times: user=0.00 sys=0.00, real=0.00 secs] 
136.566: Total time for which application threads were stopped: 0.0005180 seconds, Stopping threads took: 0.0000510 seconds
136.605: Application time: 0.0392820 seconds
136.605: [GC [PSYoungGen: 7792K->272K(8192K)] 22421K->15205K(26112K), 0.0004550 secs] [Times: user=0.01 sys=0.00, real=0.00 secs] 
136.606: Total time for which application threads were stopped: 0.0005640 seconds, Stopping threads took: 0.0000550 seconds
136.645: Application time: 0.0396390 seconds
136.645: [GC [PSYoungGen: 7440K->240K(8192K)] 22373K->15173K(26112K), 0.0003940 secs] [Times: user=0.01 sys=0.00, real=0.00 secs] 
136.646: Total time for which application threads were stopped: 0.0005020 seconds, Stopping threads took: 0.0000540 seconds
136.685: Application time: 0.0392940 seconds
136.685: [GC [PSYoungGen: 7408K->240K(8192K)] 22341K->15173K(26112K), 0.0003910 secs] [Times: user=0.00 sys=0.00, real=0.00 secs] 
136.685: Total time for which application threads were stopped: 0.0004940 seconds, Stopping threads took: 0.0000500 seconds
136.726: Application time: 0.0408380 seconds
136.726: [GC [PSYoungGen: 7408K->256K(8192K)] 22341K->15189K(26112K), 0.0004350 secs] [Times: user=0.00 sys=0.00, real=0.00 secs] 
136.727: Total time for which application threads were stopped: 0.0005620 seconds, Stopping threads took: 0.0000620 seconds
136.766: Application time: 0.0391890 seconds
136.766: [GC [PSYoungGen: 7424K->256K(8192K)] 22357K->15189K(26112K), 0.0004070 secs] [Times: user=0.00 sys=0.00, real=0.00 secs] 
136.767: Total time for which application threads were stopped: 0.0005260 seconds, Stopping threads took: 0.0000570 seconds
136.802: Application time: 0.0350430 seconds
136.802: [GC [PSYoungGen: 7424K->528K(8192K)] 22357K->15461K(26112K), 0.0004220 secs] [Times: user=0.00 sys=0.00, real=0.00 secs] 
136.802: Total time for which application threads were stopped: 0.0005280 seconds, Stopping threads took: 0.0000480 seconds
136.842: Application time: 0.0399820 seconds
136.845: [GC [PSYoungGen: 7696K->512K(8192K)] 22629K->15445K(26112K), 0.0005940 secs] [Times: user=0.01 sys=0.00, real=0.00 secs] 
136.845: Total time for which application threads were stopped: 0.0032020 seconds, Stopping threads took: 0.0025400 seconds
136.885: Application time: 0.0394900 seconds
136.885: [GC [PSYoungGen: 7680K->512K(8192K)] 22613K->15445K(26112K), 0.0004480 secs] [Times: user=0.00 sys=0.00, real=0.00 secs] 
136.885: Total time for which application threads were stopped: 0.0005710 seconds, Stopping threads took: 0.0000680 seconds
136.925: Application time: 0.0393560 seconds
136.925: [GC [PSYoungGen: 7680K->528K(8192K)] 22613K->15461K(26112K), 0.0004080 secs] [Times: user=0.00 sys=0.00, real=0.00 secs] 
136.925: Total time for which application threads were stopped: 0.0005170 seconds, Stopping threads took: 0.0000550 seconds
136.965: Application time: 0.0399500 seconds
136.965: [GC [PSYoungGen: 7696K->480K(8192K)] 22629K->15413K(26112K), 0.0005120 secs] [Times: user=0.01 sys=0.00, real=0.00 secs] 
136.966: Total time for which application threads were stopped: 0.0006260 seconds, Stopping threads took: 0.0000530 seconds
137.006: Application time: 0.0398970 seconds
137.006: [GC [PSYoungGen: 7648K->496K(8192K)] 22581K->15429K(26112K), 0.0005060 secs] [Times: user=0.00 sys=0.00, real=0.00 secs] 
137.006: Total time for which application threads were stopped: 0.0006230 seconds, Stopping threads took: 0.0000590 seconds
137.046: Application time: 0.0393150 seconds
137.046: [GC [PSYoungGen: 7664K->528K(8192K)] 22597K->15461K(26112K), 0.0004250 secs] [Times: user=0.00 sys=0.00, real=0.00 secs] 
137.046: Total time for which application threads were stopped: 0.0005440 seconds, Stopping threads took: 0.0000600 seconds
137.086: Application time: 0.0397890 seconds
137.086: [GC [PSYoungGen: 7696K->496K(8192K)] 22629K->15429K(26112K), 0.0004690 secs] [Times: user=0.00 sys=0.00, real=0.00 secs] 
137.087: Total time for which application threads were stopped: 0.0005660 seconds, Stopping threads took: 0.0000390 seconds
137.126: Application time: 0.0392870 seconds
137.126: [GC [PSYoungGen: 7664K->480K(8192K)] 22597K->15413K(26112K), 0.0004810 secs] [Times: user=0.00 sys=0.00, real=0.00 secs] 
137.127: Total time for which application threads were stopped: 0.0005910 seconds, Stopping threads took: 0.0000530 seconds
137.166: Application time: 0.0392070 seconds
137.166: [GC [PSYoungGen: 7648K->496K(8192K)] 22581K->15429K(26112K), 0.0004510 secs] [Times: user=0.00 sys=0.00, real=0.00 secs] 
137.166: Total time for which application threads were stopped: 0.0005610 seconds, Stopping threads took: 0.0000550 seconds
137.205: Application time: 0.0382590 seconds
137.205: [GC [PSYoungGen: 7664K->496K(8192K)] 22597K->15429K(26112K), 0.0005360 secs] [Times: user=0.00 sys=0.00, real=0.00 secs] 
137.205: Total time for which application threads were stopped: 0.0006490 seconds, Stopping threads took: 0.0000560 seconds
137.245: Application time: 0.0399250 seconds
137.245: [GC [PSYoungGen: 7664K->528K(8192K)] 22597K->15461K(26112K), 0.0004670 secs] [Times: user=0.00 sys=0.00, real=0.00 secs] 
137.246: Total time for which application threads were stopped: 0.0005710 seconds, Stopping threads took: 0.0000490 seconds
137.285: Application time: 0.0396880 seconds
137.285: [GC [PSYoungGen: 7696K->496K(8192K)] 22629K->15429K(26112K), 0.0004510 secs] [Times: user=0.01 sys=0.00, real=0.00 secs] 
137.286: Total time for which application threads were stopped: 0.0005810 seconds, Stopping threads took: 0.0000560 seconds
137.325: Application time: 0.0393390 seconds
137.325: [GC [PSYoungGen: 7664K->464K(8192K)] 22597K->15397K(26112K), 0.0004920 secs] [Times: user=0.00 sys=0.00, real=0.00 secs] 
137.326: Total time for which application threads were stopped: 0.0005940 seconds, Stopping threads took: 0.0000450 seconds
137.365: Application time: 0.0393560 seconds
137.365: [GC [PSYoungGen: 7632K->496K(8192K)] 22565K->15429K(26112K), 0.0004390 secs] [Times: user=0.00 sys=0.00, real=0.00 secs] 
137.366: Total time for which application threads were stopped: 0.0005510 seconds, Stopping threads took: 0.0000510 seconds
137.405: Application time: 0.0393520 seconds
137.405: [GC [PSYoungGen: 7664K->240K(8192K)] 22597K->15433K(26112K), 0.0004650 secs] [Times: user=0.01 sys=0.00, real=0.00 secs] 
137.406: Total time for which application threads were stopped: 0.0005590 seconds, Stopping threads took: 0.0000390 seconds
137.445: Application time: 0.0392340 seconds
137.445: [GC [PSYoungGen: 7408K->256K(8192K)] 22601K->15449K(26112K), 0.0003600 secs] [Times: user=0.00 sys=0.00, real=0.00 secs] 
137.445: Total time for which application threads were stopped: 0.0004640 seconds, Stopping threads took: 0.0000520 seconds
137.485: Application time: 0.0393620 seconds
137.485: [GC [PSYoungGen: 7424K->256K(8192K)] 22617K->15449K(26112K), 0.0004000 secs] [Times: user=0.00 sys=0.00, real=0.00 secs] 
137.485: Total time for which application threads were stopped: 0.0005030 seconds, Stopping threads took: 0.0000490 seconds
137.525: Application time: 0.0400260 seconds
137.525: [GC [PSYoungGen: 7424K->224K(8192K)] 22617K->15417K(26112K), 0.0003940 secs] [Times: user=0.00 sys=0.00, real=0.00 secs] 
137.526: Total time for which application threads were stopped: 0.0005020 seconds, Stopping threads took: 0.0000540 seconds
137.564: Application time: 0.0385680 seconds
137.564: [GC [PSYoungGen: 7392K->304K(8192K)] 22585K->15497K(26112K), 0.0003810 secs] [Times: user=0.00 sys=0.00, real=0.00 secs] 
137.565: Total time for which application threads were stopped: 0.0004800 seconds, Stopping threads took: 0.0000430 seconds
137.601: Application time: 0.0357180 seconds
137.601: [GC [PSYoungGen: 7472K->432K(8192K)] 22665K->15625K(26112K), 0.0004230 secs] [Times: user=0.00 sys=0.00, real=0.00 secs] 
137.601: Total time for which application threads were stopped: 0.0005310 seconds, Stopping threads took: 0.0000450 seconds
137.641: Application time: 0.0400430 seconds
137.641: [GC [PSYoungGen: 7600K->480K(8192K)] 22793K->15673K(26112K), 0.0004250 secs] [Times: user=0.00 sys=0.00, real=0.00 secs] 
137.642: Total time for which application threads were stopped: 0.0005260 seconds, Stopping threads took: 0.0000470 seconds
137.681: Application time: 0.0392320 seconds
137.681: [GC [PSYoungGen: 7648K->496K(8192K)] 22841K->15689K(26112K), 0.0004610 secs] [Times: user=0.00 sys=0.00, real=0.00 secs] 
137.682: Total time for which application threads were stopped: 0.0005810 seconds, Stopping threads took: 0.0000650 seconds
137.721: Application time: 0.0393900 seconds
137.721: [GC [PSYoungGen: 7664K->528K(8192K)] 22857K->15721K(26112K), 0.0004800 secs] [Times: user=0.00 sys=0.00, real=0.00 secs] 
137.722: Total time for which application threads were stopped: 0.0005940 seconds, Stopping threads took: 0.0000490 seconds
137.762: Application time: 0.0403130 seconds
137.762: [GC [PSYoungGen: 7696K->512K(8192K)] 22889K->15705K(26112K), 0.0004150 secs] [Times: user=0.00 sys=0.00, real=0.00 secs] 
137.762: Total time for which application threads were stopped: 0.0005100 seconds, Stopping threads took: 0.0000450 seconds
137.802: Application time: 0.0392930 seconds
137.802: [GC [PSYoungGen: 7680K->464K(8192K)] 22873K->15657K(26112K), 0.0004360 secs] [Times: user=0.00 sys=0.00, real=0.00 secs] 
137.802: Total time for which application threads were stopped: 0.0005240 seconds, Stopping threads took: 0.0000290 seconds
137.841: Application time: 0.0392970 seconds
137.842: [GC [PSYoungGen: 7632K->464K(8192K)] 22825K->15657K(26112K), 0.0004300 secs] [Times: user=0.01 sys=0.00, real=0.00 secs] 
137.842: Total time for which application threads were stopped: 0.0005680 seconds, Stopping threads took: 0.0000820 seconds
137.881: Application time: 0.0392860 seconds
137.881: [GC [PSYoungGen: 7632K->496K(8192K)] 22825K->15689K(26112K), 0.0004230 secs] [Times: user=0.00 sys=0.00, real=0.00 secs] 
137.882: Total time for which application threads were stopped: 0.0005250 seconds, Stopping threads took: 0.0000390 seconds
137.921: Application time: 0.0392620 seconds
137.921: [GC [PSYoungGen: 7664K->544K(8192K)] 22857K->15737K(26112K), 0.0004370 secs] [Times: user=0.00 sys=0.00, real=0.00 secs] 
137.922: Total time for which application threads were stopped: 0.0005310 seconds, Stopping threads took: 0.0000390 seconds
137.961: Application time: 0.0392400 seconds
137.961: [GC [PSYoungGen: 7712K->512K(8192K)] 22905K->15705K(26112K), 0.0004110 secs] [Times: user=0.00 sys=0.00, real=0.00 secs] 
137.961: Total time for which application threads were stopped: 0.0005260 seconds, Stopping threads took: 0.0000550 seconds
138.000: Application time: 0.0387050 seconds
138.000: [GC [PSYoungGen: 7680K->496K(8192K)] 22873K->15689K(26112K), 0.0004110 secs] [Times: user=0.00 sys=0.00, real=0.00 secs] 
138.001: Total time for which application threads were stopped: 0.0005180 seconds, Stopping threads took: 0.0000510 seconds
138.040: Application time: 0.0395620 seconds
138.040: [GC [PSYoungGen: 7664K->512K(8192K)] 22857K->15705K(26112K), 0.0004280 secs] [Times: user=0.00 sys=0.00, real=0.00 secs] 
138.041: Total time for which application threads were stopped: 0.0005220 seconds, Stopping threads took: 0.0000380 seconds
138.080: Application time: 0.0393480 seconds
138.080: [GC [PSYoungGen: 7680K->480K(8192K)] 22873K->15673K(26112K), 0.0004290 secs] [Times: user=0.00 sys=0.00, real=0.00 secs] 
138.081: Total time for which application threads were stopped: 0.0005260 seconds, Stopping threads took: 0.0000430 seconds
138.120: Application time: 0.0393410 seconds
138.120: [GC [PSYoungGen: 7648K->512K(8192K)] 22841K->15705K(26112K), 0.0004200 secs] [Times: user=0.01 sys=0.00, real=0.00 secs] 
138.120: Total time for which application threads were stopped: 0.0005450 seconds, Stopping threads took: 0.0000680 seconds
138.160: Application time: 0.0392970 seconds
138.160: [GC [PSYoungGen: 7680K->480K(8192K)] 22873K->15721K(26112K), 0.0004470 secs] [Times: user=0.00 sys=0.00, real=0.00 secs] 
138.160: Total time for which application threads were stopped: 0.0005420 seconds, Stopping threads took: 0.0000390 seconds
138.199: Application time: 0.0391550 seconds
138.200: [GC [PSYoungGen: 7648K->256K(8192K)] 22889K->15733K(26112K), 0.0004540 secs] [Times: user=0.00 sys=0.00, real=0.00 secs] 
138.200: Total time for which application threads were stopped: 0.0005620 seconds, Stopping threads took: 0.0000520 seconds
138.240: Application time: 0.0404220 seconds
138.241: [GC [PSYoungGen: 7424K->256K(8192K)] 22901K->15733K(26112K), 0.0004980 secs] [Times: user=0.00 sys=0.00, real=0.00 secs] 
138.241: Total time for which application threads were stopped: 0.0006250 seconds, Stopping threads took: 0.0000620 seconds
138.280: Application time: 0.0392410 seconds
138.280: [GC [PSYoungGen: 7424K->272K(8192K)] 22901K->15749K(26112K), 0.0003930 secs] [Times: user=0.00 sys=0.00, real=0.00 secs] 
138.281: Total time for which application threads were stopped: 0.0005010 seconds, Stopping threads took: 0.0000500 seconds
138.320: Application time: 0.0391870 seconds
138.320: [GC [PSYoungGen: 7440K->256K(8192K)] 22917K->15733K(26112K), 0.0003730 secs] [Times: user=0.00 sys=0.00, real=0.00 secs] 
138.321: Total time for which application threads were stopped: 0.0004870 seconds, Stopping threads took: 0.0000490 seconds
138.360: Application time: 0.0390800 seconds
138.360: [GC [PSYoungGen: 7424K->336K(8192K)] 22901K->15813K(26112K), 0.0003800 secs] [Times: user=0.00 sys=0.00, real=0.00 secs] 
138.360: Total time for which application threads were stopped: 0.0004960 seconds, Stopping threads took: 0.0000580 seconds
138.396: Application time: 0.0364010 seconds
138.397: [GC [PSYoungGen: 7504K->464K(8192K)] 22981K->15941K(26112K), 0.0004200 secs] [Times: user=0.00 sys=0.00, real=0.01 secs] 
138.397: Total time for which application threads were stopped: 0.0005340 seconds, Stopping threads took: 0.0000600 seconds
138.436: Application time: 0.0391830 seconds
138.436: [GC [PSYoungGen: 7632K->512K(8192K)] 23109K->15989K(26112K), 0.0004390 secs] [Times: user=0.01 sys=0.00, real=0.01 secs] 
138.437: Total time for which application threads were stopped: 0.0005500 seconds, Stopping threads took: 0.0000550 seconds
138.476: Application time: 0.0393160 seconds
138.476: [GC [PSYoungGen: 7680K->512K(8192K)] 23157K->15989K(26112K), 0.0004230 secs] [Times: user=0.00 sys=0.00, real=0.00 secs] 
138.477: Total time for which application threads were stopped: 0.0005380 seconds, Stopping threads took: 0.0000570 seconds
138.516: Application time: 0.0393350 seconds
138.516: [GC [PSYoungGen: 7680K->496K(8192K)] 23157K->15973K(26112K), 0.0004290 secs] [Times: user=0.00 sys=0.00, real=0.00 secs] 
138.516: Total time for which application threads were stopped: 0.0005290 seconds, Stopping threads took: 0.0000420 seconds
138.556: Application time: 0.0395980 seconds
138.556: [GC [PSYoungGen: 7664K->496K(8192K)] 23141K->15973K(26112K), 0.0004210 secs] [Times: user=0.00 sys=0.00, real=0.00 secs] 
138.557: Total time for which application threads were stopped: 0.0005260 seconds, Stopping threads took: 0.0000480 seconds
138.596: Application time: 0.0395300 seconds
138.596: [GC [PSYoungGen: 7664K->448K(8192K)] 23141K->15925K(26112K), 0.0004300 secs] [Times: user=0.01 sys=0.00, real=0.00 secs] 
138.597: Total time for which application threads were stopped: 0.0005400 seconds, Stopping threads took: 0.0000530 seconds
138.636: Application time: 0.0393320 seconds
138.636: [GC [PSYoungGen: 7616K->496K(8192K)] 23093K->15973K(26112K), 0.0004120 secs] [Times: user=0.00 sys=0.00, real=0.00 secs] 
138.637: Total time for which application threads were stopped: 0.0005180 seconds, Stopping threads took: 0.0000500 seconds
138.676: Application time: 0.0393240 seconds
138.676: [GC [PSYoungGen: 7664K->528K(8192K)] 23141K->16005K(26112K), 0.0004320 secs] [Times: user=0.00 sys=0.00, real=0.00 secs] 
138.676: Total time for which application threads were stopped: 0.0005410 seconds, Stopping threads took: 0.0000520 seconds
138.716: Application time: 0.0395370 seconds
138.716: [GC [PSYoungGen: 7696K->464K(8192K)] 23173K->15941K(26112K), 0.0004890 secs] [Times: user=0.00 sys=0.00, real=0.00 secs] 
138.717: Total time for which application threads were stopped: 0.0006250 seconds, Stopping threads took: 0.0000700 seconds
138.756: Application time: 0.0392200 seconds
138.756: [GC [PSYoungGen: 7632K->480K(8192K)] 23109K->15957K(26112K), 0.0004250 secs] [Times: user=0.00 sys=0.00, real=0.00 secs] 
138.756: Total time for which application threads were stopped: 0.0005310 seconds, Stopping threads took: 0.0000470 seconds
138.795: Application time: 0.0390040 seconds
138.795: [GC [PSYoungGen: 7648K->512K(8192K)] 23125K->15989K(26112K), 0.0004250 secs] [Times: user=0.00 sys=0.00, real=0.00 secs] 
138.796: Total time for which application threads were stopped: 0.0005400 seconds, Stopping threads took: 0.0000550 seconds
138.835: Application time: 0.0392370 seconds
138.835: [GC [PSYoungGen: 7680K->512K(8192K)] 23157K->15989K(26112K), 0.0004300 secs] [Times: user=0.00 sys=0.00, real=0.00 secs] 
138.836: Total time for which application threads were stopped: 0.0005530 seconds, Stopping threads took: 0.0000570 seconds
138.875: Application time: 0.0392860 seconds
138.875: [GC [PSYoungGen: 7680K->512K(8192K)] 23157K->15989K(26112K), 0.0004240 secs] [Times: user=0.00 sys=0.00, real=0.00 secs] 
138.875: Total time for which application threads were stopped: 0.0005360 seconds, Stopping threads took: 0.0000540 seconds
138.915: Application time: 0.0392610 seconds
138.915: [GC [PSYoungGen: 7680K->528K(8192K)] 23157K->16005K(26112K), 0.0004220 secs] [Times: user=0.01 sys=0.00, real=0.00 secs] 
138.915: Total time for which application threads were stopped: 0.0005330 seconds, Stopping threads took: 0.0000550 seconds
138.955: Application time: 0.0392300 seconds
138.955: [GC [PSYoungGen: 7696K->384K(8192K)] 23173K->15997K(26112K), 0.0004330 secs] [Times: user=0.00 sys=0.00, real=0.00 secs] 
138.955: Total time for which application threads were stopped: 0.0005510 seconds, Stopping threads took: 0.0000550 seconds
138.994: Application time: 0.0393570 seconds
138.995: [GC [PSYoungGen: 7552K->256K(8192K)] 23165K->16058K(26112K), 0.0004050 secs] [Times: user=0.00 sys=0.00, real=0.00 secs] 
138.995: Total time for which application threads were stopped: 0.0005220 seconds, Stopping threads took: 0.0000610 seconds
139.034: Application time: 0.0392270 seconds
139.034: [GC [PSYoungGen: 7424K->256K(8192K)] 23226K->16058K(26112K), 0.0003640 secs] [Times: user=0.00 sys=0.00, real=0.00 secs] 
139.035: Total time for which application threads were stopped: 0.0004720 seconds, Stopping threads took: 0.0000540 seconds
139.074: Application time: 0.0392390 seconds
139.074: [GC [PSYoungGen: 7424K->256K(8192K)] 23226K->16058K(26112K), 0.0003660 secs] [Times: user=0.00 sys=0.00, real=0.00 secs] 
139.074: Total time for which application threads were stopped: 0.0004750 seconds, Stopping threads took: 0.0000550 seconds
139.114: Application time: 0.0392380 seconds
139.114: [GC [PSYoungGen: 7424K->256K(8192K)] 23226K->16058K(26112K), 0.0004240 secs] [Times: user=0.01 sys=0.00, real=0.00 secs] 
139.114: Total time for which application threads were stopped: 0.0005330 seconds, Stopping threads took: 0.0000540 seconds
139.151: Application time: 0.0373580 seconds
139.152: [GC [PSYoungGen: 7424K->384K(8192K)] 23226K->16186K(26112K), 0.0003810 secs] [Times: user=0.01 sys=0.00, real=0.00 secs] 
139.152: Total time for which application threads were stopped: 0.0004960 seconds, Stopping threads took: 0.0000570 seconds
139.189: Application time: 0.0369420 seconds
139.189: [GC [PSYoungGen: 7552K->480K(8192K)] 23354K->16282K(26112K), 0.0004120 secs] [Times: user=0.00 sys=0.00, real=0.00 secs] 
139.189: Total time for which application threads were stopped: 0.0005170 seconds, Stopping threads took: 0.0000510 seconds
139.229: Application time: 0.0392730 seconds
139.229: [GC [PSYoungGen: 7648K->480K(8192K)] 23450K->16282K(26112K), 0.0004650 secs] [Times: user=0.00 sys=0.00, real=0.00 secs] 
139.229: Total time for which application threads were stopped: 0.0005640 seconds, Stopping threads took: 0.0000430 seconds
139.269: Application time: 0.0395860 seconds
139.269: [GC [PSYoungGen: 7648K->528K(8192K)] 23450K->16330K(26112K), 0.0004240 secs] [Times: user=0.00 sys=0.00, real=0.00 secs] 
139.269: Total time for which application threads were stopped: 0.0005200 seconds, Stopping threads took: 0.0000390 seconds
139.309: Application time: 0.0395650 seconds
139.309: [GC [PSYoungGen: 7696K->480K(8192K)] 23498K->16282K(26112K), 0.0004080 secs] [Times: user=0.01 sys=0.00, real=0.00 secs] 
139.309: Total time for which application threads were stopped: 0.0005120 seconds, Stopping threads took: 0.0000540 seconds
139.349: Application time: 0.0392090 seconds
139.349: [GC [PSYoungGen: 7648K->496K(8192K)] 23450K->16298K(26112K), 0.0004170 secs] [Times: user=0.00 sys=0.00, real=0.00 secs] 
139.349: Total time for which application threads were stopped: 0.0005420 seconds, Stopping threads took: 0.0000560 seconds
139.389: Application time: 0.0393550 seconds
139.389: [GC [PSYoungGen: 7664K->480K(8192K)] 23466K->16282K(26112K), 0.0004700 secs] [Times: user=0.00 sys=0.00, real=0.01 secs] 
139.389: Total time for which application threads were stopped: 0.0005750 seconds, Stopping threads took: 0.0000500 seconds
139.428: Application time: 0.0392340 seconds
139.428: [GC [PSYoungGen: 7648K->528K(8192K)] 23450K->16330K(26112K), 0.0004320 secs] [Times: user=0.00 sys=0.00, real=0.01 secs] 
139.429: Total time for which application threads were stopped: 0.0005250 seconds, Stopping threads took: 0.0000360 seconds
139.468: Application time: 0.0391770 seconds
139.468: [GC [PSYoungGen: 7696K->512K(8192K)] 23498K->16314K(26112K), 0.0004660 secs] [Times: user=0.00 sys=0.00, real=0.00 secs] 
139.469: Total time for which application threads were stopped: 0.0005630 seconds, Stopping threads took: 0.0000410 seconds
139.509: Application time: 0.0398960 seconds
139.509: [GC [PSYoungGen: 7680K->480K(8192K)] 23482K->16282K(26112K), 0.0004240 secs] [Times: user=0.00 sys=0.00, real=0.01 secs] 
139.509: Total time for which application threads were stopped: 0.0005430 seconds, Stopping threads took: 0.0000580 seconds
139.548: Application time: 0.0390110 seconds
139.548: [GC [PSYoungGen: 7648K->496K(8192K)] 23450K->16298K(26112K), 0.0004230 secs] [Times: user=0.00 sys=0.00, real=0.00 secs] 
139.549: Total time for which application threads were stopped: 0.0005370 seconds, Stopping threads took: 0.0000530 seconds
139.587: Application time: 0.0386850 seconds
139.587: [GC [PSYoungGen: 7664K->544K(8192K)] 23466K->16346K(26112K), 0.0004110 secs] [Times: user=0.00 sys=0.00, real=0.00 secs] 
139.588: Total time for which application threads were stopped: 0.0005050 seconds, Stopping threads took: 0.0000390 seconds
139.628: Application time: 0.0398270 seconds
139.628: [GC [PSYoungGen: 7712K->512K(8192K)] 23514K->16314K(26112K), 0.0004330 secs] [Times: user=0.01 sys=0.00, real=0.00 secs] 
139.628: Total time for which application threads were stopped: 0.0005420 seconds, Stopping threads took: 0.0000530 seconds
139.667: Application time: 0.0392170 seconds
139.668: [GC [PSYoungGen: 7680K->464K(8192K)] 23482K->16266K(26112K), 0.0004690 secs] [Times: user=0.00 sys=0.00, real=0.00 secs] 
139.668: Total time for which application threads were stopped: 0.0005760 seconds, Stopping threads took: 0.0000520 seconds
139.707: Application time: 0.0392650 seconds
139.709: [GC [PSYoungGen: 7632K->496K(8192K)] 23434K->16298K(26112K), 0.0005250 secs] [Times: user=0.01 sys=0.00, real=0.00 secs] 
139.709: Total time for which application threads were stopped: 0.0020070 seconds, Stopping threads took: 0.0014150 seconds
139.750: Application time: 0.0407190 seconds
139.750: [GC [PSYoungGen: 7664K->384K(8192K)] 23466K->16330K(26112K), 0.0004390 secs] [Times: user=0.01 sys=0.00, real=0.00 secs] 
139.751: Total time for which application threads were stopped: 0.0005550 seconds, Stopping threads took: 0.0000550 seconds
139.790: Application time: 0.0393070 seconds
139.793: [GC [PSYoungGen: 7552K->256K(8192K)] 23498K->16362K(26112K), 0.0004070 secs] [Times: user=0.00 sys=0.00, real=0.00 secs] 
139.793: Total time for which application threads were stopped: 0.0033060 seconds, Stopping threads took: 0.0028460 seconds
139.833: Application time: 0.0393260 seconds
139.833: [GC [PSYoungGen: 7424K->256K(8192K)] 23530K->16362K(26112K), 0.0003790 secs] [Times: user=0.00 sys=0.00, real=0.00 secs] 
139.833: Total time for which application threads were stopped: 0.0004800 seconds, Stopping threads took: 0.0000460 seconds
139.873: Application time: 0.0403820 seconds
139.873: [GC [PSYoungGen: 7424K->256K(8192K)] 23530K->16362K(26112K), 0.0003890 secs] [Times: user=0.00 sys=0.00, real=0.00 secs] 
139.874: Total time for which application threads were stopped: 0.0005150 seconds, Stopping threads took: 0.0000610 seconds
139.913: Application time: 0.0392790 seconds
139.913: [GC [PSYoungGen: 7424K->256K(8192K)] 23530K->16362K(26112K), 0.0004040 secs] [Times: user=0.00 sys=0.00, real=0.00 secs] 
139.914: Total time for which application threads were stopped: 0.0005070 seconds, Stopping threads took: 0.0000470 seconds
139.950: Application time: 0.0359010 seconds
139.950: [GC [PSYoungGen: 7424K->448K(8192K)] 23530K->16554K(26112K), 0.0004240 secs] [Times: user=0.01 sys=0.00, real=0.00 secs] 
139.950: Total time for which application threads were stopped: 0.0005370 seconds, Stopping threads took: 0.0000540 seconds
139.988: Application time: 0.0383540 seconds
139.993: [GC [PSYoungGen: 7616K->480K(8192K)] 23722K->16586K(26112K), 0.0004740 secs] [Times: user=0.00 sys=0.00, real=0.00 secs] 
139.993: Total time for which application threads were stopped: 0.0047920 seconds, Stopping threads took: 0.0042570 seconds
140.033: Application time: 0.0392900 seconds
140.033: [GC [PSYoungGen: 7648K->496K(8192K)] 23754K->16602K(26112K), 0.0004560 secs] [Times: user=0.00 sys=0.00, real=0.00 secs] 
140.033: Total time for which application threads were stopped: 0.0005880 seconds, Stopping threads took: 0.0000730 seconds
140.073: Application time: 0.0393460 seconds
140.073: [GC [PSYoungGen: 7664K->464K(8192K)] 23770K->16570K(26112K), 0.0004450 secs] [Times: user=0.00 sys=0.00, real=0.00 secs] 
140.073: Total time for which application threads were stopped: 0.0005570 seconds, Stopping threads took: 0.0000550 seconds
140.112: Application time: 0.0392450 seconds
140.112: [GC [PSYoungGen: 7632K->496K(8192K)] 23738K->16602K(26112K), 0.0004680 secs] [Times: user=0.00 sys=0.00, real=0.00 secs] 
140.113: Total time for which application threads were stopped: 0.0005650 seconds, Stopping threads took: 0.0000430 seconds
140.152: Application time: 0.0394340 seconds
140.152: [GC [PSYoungGen: 7664K->496K(8192K)] 23770K->16602K(26112K), 0.0004210 secs] [Times: user=0.00 sys=0.00, real=0.00 secs] 
140.153: Total time for which application threads were stopped: 0.0005280 seconds, Stopping threads took: 0.0000550 seconds
140.192: Application time: 0.0391890 seconds
140.192: [GC [PSYoungGen: 7664K->528K(8192K)] 23770K->16634K(26112K), 0.0004510 secs] [Times: user=0.00 sys=0.00, real=0.00 secs] 
140.193: Total time for which application threads were stopped: 0.0005600 seconds, Stopping threads took: 0.0000550 seconds
140.232: Application time: 0.0395950 seconds
140.232: [GC [PSYoungGen: 7696K->528K(8192K)] 23802K->16634K(26112K), 0.0004180 secs] [Times: user=0.00 sys=0.00, real=0.00 secs] 
140.233: Total time for which application threads were stopped: 0.0005290 seconds, Stopping threads took: 0.0000540 seconds
140.272: Application time: 0.0393280 seconds
140.272: [GC [PSYoungGen: 7696K->512K(8192K)] 23802K->16618K(26112K), 0.0004560 secs] [Times: user=0.00 sys=0.00, real=0.00 secs] 
140.273: Total time for which application threads were stopped: 0.0005650 seconds, Stopping threads took: 0.0000540 seconds
140.312: Application time: 0.0392350 seconds
140.312: [GC [PSYoungGen: 7680K->496K(8192K)] 23786K->16602K(26112K), 0.0004570 secs] [Times: user=0.00 sys=0.00, real=0.00 secs] 
140.312: Total time for which application threads were stopped: 0.0005690 seconds, Stopping threads took: 0.0000560 seconds
140.351: Application time: 0.0389280 seconds
140.351: [GC [PSYoungGen: 7664K->528K(8192K)] 23770K->16634K(26112K), 0.0004480 secs] [Times: user=0.00 sys=0.00, real=0.00 secs] 
140.352: Total time for which application threads were stopped: 0.0005490 seconds, Stopping threads took: 0.0000430 seconds
140.391: Application time: 0.0393850 seconds
140.391: [GC [PSYoungGen: 7696K->560K(8192K)] 23802K->16666K(26112K), 0.0004290 secs] [Times: user=0.00 sys=0.00, real=0.00 secs] 
140.392: Total time for which application threads were stopped: 0.0005500 seconds, Stopping threads took: 0.0000570 seconds
140.431: Application time: 0.0392520 seconds
140.431: [GC [PSYoungGen: 7728K->528K(8192K)] 23834K->16634K(26112K), 0.0004740 secs] [Times: user=0.00 sys=0.00, real=0.00 secs] 
140.432: Total time for which application threads were stopped: 0.0005830 seconds, Stopping threads took: 0.0000540 seconds
140.471: Application time: 0.0393100 seconds
140.471: [GC [PSYoungGen: 7696K->512K(8192K)] 23802K->16618K(26112K), 0.0004190 secs] [Times: user=0.01 sys=0.00, real=0.00 secs] 
140.472: Total time for which application threads were stopped: 0.0005300 seconds, Stopping threads took: 0.0000540 seconds
140.511: Application time: 0.0392570 seconds
140.511: [GC [PSYoungGen: 7680K->480K(8192K)] 23786K->16586K(26112K), 0.0004400 secs] [Times: user=0.00 sys=0.00, real=0.00 secs] 
140.511: Total time for which application threads were stopped: 0.0005480 seconds, Stopping threads took: 0.0000510 seconds
140.551: Application time: 0.0395240 seconds
140.551: [GC [PSYoungGen: 7648K->288K(8192K)] 23754K->16594K(26112K), 0.0004380 secs] [Times: user=0.00 sys=0.00, real=0.00 secs] 
140.551: Total time for which application threads were stopped: 0.0005500 seconds, Stopping threads took: 0.0000560 seconds
140.591: Application time: 0.0392940 seconds
140.591: [GC [PSYoungGen: 7456K->240K(8192K)] 23762K->16634K(26112K), 0.0004050 secs] [Times: user=0.00 sys=0.00, real=0.00 secs] 
140.591: Total time for which application threads were stopped: 0.0005040 seconds, Stopping threads took: 0.0000360 seconds
140.630: Application time: 0.0392340 seconds
140.631: [GC [PSYoungGen: 7408K->224K(8192K)] 23802K->16618K(26112K), 0.0003890 secs] [Times: user=0.00 sys=0.00, real=0.00 secs] 
140.631: Total time for which application threads were stopped: 0.0004970 seconds, Stopping threads took: 0.0000540 seconds
140.670: Application time: 0.0392930 seconds
140.670: [GC [PSYoungGen: 7392K->240K(8192K)] 23786K->16634K(26112K), 0.0003980 secs] [Times: user=0.00 sys=0.00, real=0.00 secs] 
140.671: Total time for which application threads were stopped: 0.0005030 seconds, Stopping threads took: 0.0000500 seconds
140.710: Application time: 0.0391600 seconds
140.710: [GC [PSYoungGen: 7408K->272K(8192K)] 23802K->16666K(26112K), 0.0004400 secs] [Times: user=0.00 sys=0.00, real=0.00 secs] 
140.710: Total time for which application threads were stopped: 0.0005760 seconds, Stopping threads took: 0.0000650 seconds
140.746: Application time: 0.0357850 seconds
140.746: [GC [PSYoungGen: 7440K->496K(8192K)] 23834K->16890K(26112K), 0.0004270 secs] [Times: user=0.00 sys=0.00, real=0.00 secs] 
140.747: Total time for which application threads were stopped: 0.0005310 seconds, Stopping threads took: 0.0000450 seconds
140.786: Application time: 0.0391290 seconds
140.786: [GC [PSYoungGen: 7664K->496K(8192K)] 24058K->16890K(26112K), 0.0005010 secs] [Times: user=0.00 sys=0.00, real=0.00 secs] 
140.787: Total time for which application threads were stopped: 0.0005910 seconds, Stopping threads took: 0.0000370 seconds
140.826: Application time: 0.0392870 seconds
140.826: [GC [PSYoungGen: 7664K->480K(8192K)] 24058K->16874K(26112K), 0.0004610 secs] [Times: user=0.01 sys=0.00, real=0.00 secs] 
140.826: Total time for which application threads were stopped: 0.0005600 seconds, Stopping threads took: 0.0000480 seconds
140.866: Application time: 0.0395610 seconds
140.866: [GC [PSYoungGen: 7648K->480K(8192K)] 24042K->16874K(26112K), 0.0004150 secs] [Times: user=0.00 sys=0.00, real=0.00 secs] 
140.866: Total time for which application threads were stopped: 0.0005100 seconds, Stopping threads took: 0.0000390 seconds
140.906: Application time: 0.0393470 seconds
140.906: [GC [PSYoungGen: 7648K->512K(8192K)] 24042K->16906K(26112K), 0.0004260 secs] [Times: user=0.00 sys=0.00, real=0.00 secs] 
140.906: Total time for which application threads were stopped: 0.0005410 seconds, Stopping threads took: 0.0000510 seconds
140.946: Application time: 0.0392210 seconds
140.946: [GC [PSYoungGen: 7680K->464K(8192K)] 24074K->16858K(26112K), 0.0004720 secs] [Times: user=0.00 sys=0.00, real=0.00 secs] 
140.946: Total time for which application threads were stopped: 0.0005730 seconds, Stopping threads took: 0.0000480 seconds
140.985: Application time: 0.0392200 seconds
140.985: [GC [PSYoungGen: 7632K->496K(8192K)] 24026K->16890K(26112K), 0.0004550 secs] [Times: user=0.00 sys=0.00, real=0.00 secs] 
140.987: Total time for which application threads were stopped: 0.0016640 seconds, Stopping threads took: 0.0000530 seconds
141.027: Application time: 0.0396760 seconds
141.027: [GC [PSYoungGen: 7664K->512K(8192K)] 24058K->16906K(26112K), 0.0004530 secs] [Times: user=0.00 sys=0.00, real=0.00 secs] 
141.027: Total time for which application threads were stopped: 0.0005610 seconds, Stopping threads took: 0.0000540 seconds
141.067: Application time: 0.0392870 seconds
141.067: [GC [PSYoungGen: 7680K->480K(8192K)] 24074K->16874K(26112K), 0.0004130 secs] [Times: user=0.01 sys=0.00, real=0.00 secs] 
141.067: Total time for which application threads were stopped: 0.0005220 seconds, Stopping threads took: 0.0000550 seconds
141.106: Application time: 0.0392630 seconds
141.106: [GC [PSYoungGen: 7648K->496K(8192K)] 24042K->16890K(26112K), 0.0004300 secs] [Times: user=0.00 sys=0.00, real=0.00 secs] 
141.107: Total time for which application threads were stopped: 0.0005320 seconds, Stopping threads took: 0.0000450 seconds
141.146: Application time: 0.0387220 seconds
141.146: [GC [PSYoungGen: 7664K->480K(8192K)] 24058K->16874K(26112K), 0.0005400 secs] [Times: user=0.01 sys=0.00, real=0.00 secs] 
141.146: Total time for which application threads were stopped: 0.0006450 seconds, Stopping threads took: 0.0000490 seconds
141.186: Application time: 0.0395160 seconds
141.186: [GC [PSYoungGen: 7648K->480K(8192K)] 24042K->16874K(26112K), 0.0004590 secs] [Times: user=0.00 sys=0.00, real=0.00 secs] 
141.186: Total time for which application threads were stopped: 0.0005660 seconds, Stopping threads took: 0.0000540 seconds
141.226: Application time: 0.0392120 seconds
141.229: [GC [PSYoungGen: 7648K->480K(8192K)] 24042K->16874K(26112K), 0.0004970 secs] [Times: user=0.01 sys=0.00, real=0.00 secs] 
141.229: Total time for which application threads were stopped: 0.0037440 seconds, Stopping threads took: 0.0031900 seconds
141.269: Application time: 0.0399620 seconds
141.269: [GC [PSYoungGen: 7648K->512K(8192K)] 24042K->16906K(26112K), 0.0004600 secs] [Times: user=0.00 sys=0.00, real=0.00 secs] 
141.270: Total time for which application threads were stopped: 0.0005600 seconds, Stopping threads took: 0.0000420 seconds
141.309: Application time: 0.0392270 seconds
141.309: [GC [PSYoungGen: 7680K->480K(8192K)] 24074K->16922K(26112K), 0.0004150 secs] [Times: user=0.00 sys=0.00, real=0.00 secs] 
141.310: Total time for which application threads were stopped: 0.0005240 seconds, Stopping threads took: 0.0000540 seconds
141.349: Application time: 0.0393120 seconds
141.349: [GC [PSYoungGen: 7648K->256K(8192K)] 24090K->16934K(26112K), 0.0004370 secs] [Times: user=0.00 sys=0.00, real=0.00 secs] 
141.349: Total time for which application threads were stopped: 0.0005360 seconds, Stopping threads took: 0.0000460 seconds
141.390: Application time: 0.0407090 seconds
141.390: [GC [PSYoungGen: 7424K->256K(8192K)] 24102K->16934K(26112K), 0.0003800 secs] [Times: user=0.01 sys=0.00, real=0.00 secs] 
141.391: Total time for which application threads were stopped: 0.0004890 seconds, Stopping threads took: 0.0000550 seconds
141.430: Application time: 0.0392460 seconds
141.430: [GC [PSYoungGen: 7424K->256K(8192K)] 24102K->16934K(26112K), 0.0003700 secs] [Times: user=0.00 sys=0.00, real=0.00 secs] 
141.430: Total time for which application threads were stopped: 0.0004890 seconds, Stopping threads took: 0.0000490 seconds
141.470: Application time: 0.0393260 seconds
141.470: [GC [PSYoungGen: 7424K->272K(8192K)] 24102K->16950K(26112K), 0.0003700 secs] [Times: user=0.00 sys=0.00, real=0.00 secs] 
141.470: Total time for which application threads were stopped: 0.0004790 seconds, Stopping threads took: 0.0000550 seconds
141.508: Application time: 0.0378170 seconds
141.508: [GC [PSYoungGen: 7440K->336K(8192K)] 24118K->17014K(26112K), 0.0003870 secs] [Times: user=0.00 sys=0.00, real=0.00 secs] 
141.508: Total time for which application threads were stopped: 0.0004980 seconds, Stopping threads took: 0.0000560 seconds
141.545: Application time: 0.0367330 seconds
141.545: [GC [PSYoungGen: 7504K->480K(8192K)] 24182K->17158K(26112K), 0.0004240 secs] [Times: user=0.00 sys=0.00, real=0.00 secs] 
141.546: Total time for which application threads were stopped: 0.0005290 seconds, Stopping threads took: 0.0000480 seconds
141.585: Application time: 0.0392770 seconds
141.589: [GC [PSYoungGen: 7648K->496K(8192K)] 24326K->17174K(26112K), 0.0004810 secs] [Times: user=0.00 sys=0.00, real=0.00 secs] 
141.589: Total time for which application threads were stopped: 0.0042490 seconds, Stopping threads took: 0.0037140 seconds
141.628: Application time: 0.0392400 seconds
141.629: [GC [PSYoungGen: 7664K->512K(8192K)] 24342K->17190K(26112K), 0.0004720 secs] [Times: user=0.00 sys=0.00, real=0.01 secs] 
141.629: Total time for which application threads were stopped: 0.0005840 seconds, Stopping threads took: 0.0000560 seconds
141.669: Application time: 0.0397240 seconds
141.669: [GC [PSYoungGen: 7680K->480K(8192K)] 24358K->17158K(26112K), 0.0004720 secs] [Times: user=0.00 sys=0.00, real=0.00 secs] 
141.669: Total time for which application threads were stopped: 0.0005660 seconds, Stopping threads took: 0.0000410 seconds
141.709: Application time: 0.0393680 seconds
141.709: [GC [PSYoungGen: 7648K->512K(8192K)] 24326K->17190K(26112K), 0.0005060 secs] [Times: user=0.00 sys=0.00, real=0.00 secs] 
141.709: Total time for which application threads were stopped: 0.0006350 seconds, Stopping threads took: 0.0000610 seconds
141.749: Application time: 0.0393950 seconds
141.749: [GC [PSYoungGen: 7680K->512K(8192K)] 24358K->17190K(26112K), 0.0004240 secs] [Times: user=0.00 sys=0.00, real=0.00 secs] 
141.749: Total time for which application threads were stopped: 0.0005430 seconds, Stopping threads took: 0.0000560 seconds
141.789: Application time: 0.0392210 seconds
141.789: [GC [PSYoungGen: 7680K->512K(8192K)] 24358K->17190K(26112K), 0.0004510 secs] [Times: user=0.00 sys=0.00, real=0.01 secs] 
141.789: Total time for which application threads were stopped: 0.0005670 seconds, Stopping threads took: 0.0000560 seconds
141.828: Application time: 0.0392680 seconds
141.828: [GC [PSYoungGen: 7680K->528K(8192K)] 24358K->17206K(26112K), 0.0004540 secs] [Times: user=0.00 sys=0.00, real=0.01 secs] 
141.829: Total time for which application threads were stopped: 0.0005650 seconds, Stopping threads took: 0.0000550 seconds
141.868: Application time: 0.0392930 seconds
141.868: [GC [PSYoungGen: 7696K->512K(8192K)] 24374K->17190K(26112K), 0.0004220 secs] [Times: user=0.00 sys=0.00, real=0.01 secs] 
141.869: Total time for which application threads were stopped: 0.0005300 seconds, Stopping threads took: 0.0000520 seconds
141.907: Application time: 0.0386980 seconds
141.908: [GC [PSYoungGen: 7680K->528K(8192K)] 24358K->17206K(26112K), 0.0004710 secs] [Times: user=0.00 sys=0.00, real=0.00 secs] 
141.908: Total time for which application threads were stopped: 0.0005850 seconds, Stopping threads took: 0.0000580 seconds
141.947: Application time: 0.0389010 seconds
141.947: [GC [PSYoungGen: 7696K->496K(8192K)] 24374K->17174K(26112K), 0.0004290 secs] [Times: user=0.00 sys=0.00, real=0.00 secs] 
141.948: Total time for which application threads were stopped: 0.0005390 seconds, Stopping threads took: 0.0000460 seconds
141.987: Application time: 0.0394100 seconds
141.987: [GC [PSYoungGen: 7664K->512K(8192K)] 24342K->17190K(26112K), 0.0005540 secs] [Times: user=0.00 sys=0.00, real=0.00 secs] 
141.988: Total time for which application threads were stopped: 0.0006670 seconds, Stopping threads took: 0.0000560 seconds
142.027: Application time: 0.0393390 seconds
142.027: [GC [PSYoungGen: 7680K->480K(8192K)] 24358K->17158K(26112K), 0.0004180 secs] [Times: user=0.00 sys=0.00, real=0.00 secs] 
142.027: Total time for which application threads were stopped: 0.0005210 seconds, Stopping threads took: 0.0000490 seconds
142.067: Application time: 0.0392160 seconds
142.067: [GC [PSYoungGen: 7648K->512K(8192K)] 24326K->17190K(26112K), 0.0004020 secs] [Times: user=0.00 sys=0.00, real=0.00 secs] 
142.067: Total time for which application threads were stopped: 0.0005140 seconds, Stopping threads took: 0.0000580 seconds
142.107: Application time: 0.0395110 seconds
142.107: [GC [PSYoungGen: 7680K->400K(8192K)] 24358K->17187K(26112K), 0.0004340 secs] [Times: user=0.00 sys=0.00, real=0.00 secs] 
142.107: Total time for which application threads were stopped: 0.0005410 seconds, Stopping threads took: 0.0000530 seconds
142.146: Application time: 0.0392560 seconds
142.147: [GC [PSYoungGen: 7568K->240K(8192K)] 24355K->17207K(26112K), 0.0004500 secs] [Times: user=0.00 sys=0.00, real=0.00 secs] 
142.147: Total time for which application threads were stopped: 0.0005620 seconds, Stopping threads took: 0.0000560 seconds
142.186: Application time: 0.0392610 seconds
142.186: [GC [PSYoungGen: 7408K->256K(8192K)] 24375K->17223K(26112K), 0.0003620 secs] [Times: user=0.00 sys=0.00, real=0.00 secs] 
142.187: Total time for which application threads were stopped: 0.0004680 seconds, Stopping threads took: 0.0000550 seconds
142.226: Application time: 0.0392190 seconds
142.226: [GC [PSYoungGen: 7424K->256K(8192K)] 24391K->17223K(26112K), 0.0004080 secs] [Times: user=0.01 sys=0.00, real=0.00 secs] 
142.227: Total time for which application threads were stopped: 0.0005390 seconds, Stopping threads took: 0.0000690 seconds
142.266: Application time: 0.0394510 seconds
142.269: [GC [PSYoungGen: 7424K->240K(8192K)] 24391K->17207K(26112K), 0.0004080 secs] [Times: user=0.01 sys=0.00, real=0.00 secs] 
142.269: Total time for which application threads were stopped: 0.0031810 seconds, Stopping threads took: 0.0027130 seconds
142.307: Application time: 0.0378180 seconds
142.309: [GC [PSYoungGen: 7408K->336K(8192K)] 24375K->17303K(26112K), 0.0003870 secs] [Times: user=0.00 sys=0.00, real=0.00 secs] 
142.309: Total time for which application threads were stopped: 0.0021600 seconds, Stopping threads took: 0.0017130 seconds
142.346: Application time: 0.0365960 seconds
142.346: [GC [PSYoungGen: 7504K->528K(8192K)] 24471K->17495K(26112K), 0.0004300 secs] [Times: user=0.00 sys=0.00, real=0.00 secs] 
142.346: Total time for which application threads were stopped: 0.0005360 seconds, Stopping threads took: 0.0000480 seconds
142.386: Application time: 0.0394180 seconds
142.386: [GC [PSYoungGen: 7696K->528K(8192K)] 24663K->17495K(26112K), 0.0004320 secs] [Times: user=0.00 sys=0.00, real=0.00 secs] 
142.386: Total time for which application threads were stopped: 0.0005440 seconds, Stopping threads took: 0.0000560 seconds
142.426: Application time: 0.0393510 seconds
142.426: [GC [PSYoungGen: 7696K->480K(8192K)] 24663K->17447K(26112K), 0.0004680 secs] [Times: user=0.00 sys=0.00, real=0.00 secs] 
142.426: Total time for which application threads were stopped: 0.0005800 seconds, Stopping threads took: 0.0000530 seconds
142.465: Application time: 0.0392970 seconds
142.466: [GC [PSYoungGen: 7648K->480K(8192K)] 24615K->17447K(26112K), 0.0004150 secs] [Times: user=0.00 sys=0.00, real=0.00 secs] 
142.466: Total time for which application threads were stopped: 0.0005100 seconds, Stopping threads took: 0.0000330 seconds
142.505: Application time: 0.0392690 seconds
142.505: [GC [PSYoungGen: 7648K->544K(8192K)] 24615K->17511K(26112K), 0.0004170 secs] [Times: user=0.01 sys=0.00, real=0.00 secs] 
142.506: Total time for which application threads were stopped: 0.0005330 seconds, Stopping threads took: 0.0000580 seconds
142.545: Application time: 0.0392070 seconds
142.545: [GC [PSYoungGen: 7712K->512K(8192K)] 24679K->17479K(26112K), 0.0004230 secs] [Times: user=0.00 sys=0.00, real=0.00 secs] 
142.546: Total time for which application threads were stopped: 0.0005320 seconds, Stopping threads took: 0.0000540 seconds
142.585: Application time: 0.0394320 seconds
142.585: [GC [PSYoungGen: 7680K->528K(8192K)] 24647K->17495K(26112K), 0.0004210 secs] [Times: user=0.00 sys=0.00, real=0.00 secs] 
142.586: Total time for which application threads were stopped: 0.0005310 seconds, Stopping threads took: 0.0000540 seconds
142.625: Application time: 0.0395460 seconds
142.625: [GC [PSYoungGen: 7696K->480K(8192K)] 24663K->17447K(26112K), 0.0004670 secs] [Times: user=0.00 sys=0.00, real=0.00 secs] 
142.626: Total time for which application threads were stopped: 0.0005720 seconds, Stopping threads took: 0.0000500 seconds
142.665: Application time: 0.0393410 seconds
142.665: [GC [PSYoungGen: 7648K->496K(8192K)] 24615K->17463K(26112K), 0.0004250 secs] [Times: user=0.00 sys=0.00, real=0.00 secs] 
142.665: Total time for which application threads were stopped: 0.0005230 seconds, Stopping threads took: 0.0000460 seconds
142.704: Application time: 0.0388590 seconds
142.704: [GC [PSYoungGen: 7664K->496K(8192K)] 24631K->17463K(26112K), 0.0004560 secs] [Times: user=0.00 sys=0.00, real=0.00 secs] 
142.705: Total time for which application threads were stopped: 0.0005740 seconds, Stopping threads took: 0.0000560 seconds
142.745: Application time: 0.0403750 seconds
142.745: [GC [PSYoungGen: 7664K->512K(8192K)] 24631K->17479K(26112K), 0.0004770 secs] [Times: user=0.00 sys=0.00, real=0.00 secs] 
142.746: Total time for which application threads were stopped: 0.0006060 seconds, Stopping threads took: 0.0000610 seconds
142.785: Application time: 0.0392310 seconds
142.785: [GC [PSYoungGen: 7680K->512K(8192K)] 24647K->17479K(26112K), 0.0004430 secs] [Times: user=0.00 sys=0.00, real=0.00 secs] 
142.786: Total time for which application threads were stopped: 0.0005470 seconds, Stopping threads took: 0.0000460 seconds
142.825: Application time: 0.0392560 seconds
142.825: [GC [PSYoungGen: 7680K->496K(8192K)] 24647K->17463K(26112K), 0.0004290 secs] [Times: user=0.00 sys=0.00, real=0.00 secs] 
142.825: Total time for which application threads were stopped: 0.0005300 seconds, Stopping threads took: 0.0000470 seconds
142.865: Application time: 0.0393300 seconds
142.865: [GC [PSYoungGen: 7664K->496K(8192K)] 24631K->17463K(26112K), 0.0004500 secs] [Times: user=0.00 sys=0.00, real=0.00 secs] 
142.865: Total time for which application threads were stopped: 0.0005680 seconds, Stopping threads took: 0.0000590 seconds
142.906: Application time: 0.0406240 seconds
142.906: [GC [PSYoungGen: 7664K->400K(8192K)] 24631K->17479K(26112K), 0.0004400 secs] [Times: user=0.00 sys=0.00, real=0.00 secs] 
142.907: Total time for which application threads were stopped: 0.0005470 seconds, Stopping threads took: 0.0000470 seconds
142.946: Application time: 0.0393020 seconds
142.946: [GC [PSYoungGen: 7568K->224K(8192K)] 24647K->17475K(26112K), 0.0004470 secs] [Times: user=0.00 sys=0.00, real=0.00 secs] 
142.946: Total time for which application threads were stopped: 0.0005500 seconds, Stopping threads took: 0.0000500 seconds
142.986: Application time: 0.0393330 seconds
142.986: [GC [PSYoungGen: 7392K->256K(8192K)] 24643K->17507K(26112K), 0.0003580 secs] [Times: user=0.00 sys=0.00, real=0.00 secs] 
142.986: Total time for which application threads were stopped: 0.0004760 seconds, Stopping threads took: 0.0000540 seconds
143.026: Application time: 0.0392980 seconds
143.026: [GC [PSYoungGen: 7424K->256K(8192K)] 24675K->17507K(26112K), 0.0003480 secs] [Times: user=0.00 sys=0.00, real=0.00 secs] 
143.026: Total time for which application threads were stopped: 0.0004550 seconds, Stopping threads took: 0.0000540 seconds
143.065: Application time: 0.0391600 seconds
143.065: [GC [PSYoungGen: 7424K->256K(8192K)] 24675K->17507K(26112K), 0.0003970 secs] [Times: user=0.00 sys=0.00, real=0.00 secs] 
143.066: Total time for which application threads were stopped: 0.0004970 seconds, Stopping threads took: 0.0000520 seconds
143.103: Application time: 0.0372880 seconds
143.103: [GC [PSYoungGen: 7424K->320K(8192K)] 24675K->17571K(26112K), 0.0003870 secs] [Times: user=0.00 sys=0.00, real=0.00 secs] 
143.103: Total time for which application threads were stopped: 0.0004840 seconds, Stopping threads took: 0.0000430 seconds
143.141: Application time: 0.0371230 seconds
143.141: [GC [PSYoungGen: 7488K->512K(8192K)] 24739K->17763K(26112K), 0.0004830 secs] [Times: user=0.01 sys=0.00, real=0.00 secs] 
143.141: Total time for which application threads were stopped: 0.0005950 seconds, Stopping threads took: 0.0000560 seconds
143.180: Application time: 0.0392970 seconds
143.181: [GC [PSYoungGen: 7680K->512K(8192K)] 24931K->17763K(26112K), 0.0004240 secs] [Times: user=0.00 sys=0.00, real=0.00 secs] 
143.181: Total time for which application threads were stopped: 0.0005290 seconds, Stopping threads took: 0.0000530 seconds
143.220: Application time: 0.0393730 seconds
143.225: [GC [PSYoungGen: 7680K->528K(8192K)] 24931K->17779K(26112K), 0.0005570 secs] [Times: user=0.01 sys=0.00, real=0.00 secs] 
143.225: Total time for which application threads were stopped: 0.0049960 seconds, Stopping threads took: 0.0043850 seconds
143.265: Application time: 0.0394020 seconds
143.265: [GC [PSYoungGen: 7696K->464K(8192K)] 24947K->17715K(26112K), 0.0004250 secs] [Times: user=0.00 sys=0.00, real=0.00 secs] 
143.265: Total time for which application threads were stopped: 0.0005310 seconds, Stopping threads took: 0.0000520 seconds
143.305: Application time: 0.0393360 seconds
143.305: [GC [PSYoungGen: 7632K->512K(8192K)] 24883K->17763K(26112K), 0.0004710 secs] [Times: user=0.00 sys=0.00, real=0.00 secs] 
143.305: Total time for which application threads were stopped: 0.0005840 seconds, Stopping threads took: 0.0000550 seconds
143.344: Application time: 0.0392170 seconds
143.345: [GC [PSYoungGen: 7680K->480K(8192K)] 24931K->17731K(26112K), 0.0004350 secs] [Times: user=0.00 sys=0.00, real=0.00 secs] 
143.345: Total time for which application threads were stopped: 0.0005470 seconds, Stopping threads took: 0.0000560 seconds
143.384: Application time: 0.0392840 seconds
143.384: [GC [PSYoungGen: 7648K->512K(8192K)] 24899K->17763K(26112K), 0.0004710 secs] [Times: user=0.00 sys=0.00, real=0.00 secs] 
143.385: Total time for which application threads were stopped: 0.0005730 seconds, Stopping threads took: 0.0000500 seconds
143.424: Application time: 0.0392870 seconds
143.424: [GC [PSYoungGen: 7680K->496K(8192K)] 24931K->17747K(26112K), 0.0004130 secs] [Times: user=0.00 sys=0.00, real=0.00 secs] 
143.425: Total time for which application threads were stopped: 0.0005190 seconds, Stopping threads took: 0.0000510 seconds
143.464: Application time: 0.0392890 seconds
143.464: [GC [PSYoungGen: 7663K->544K(8192K)] 24915K->17795K(26112K), 0.0004350 secs] [Times: user=0.00 sys=0.00, real=0.00 secs] 
143.464: Total time for which application threads were stopped: 0.0005440 seconds, Stopping threads took: 0.0000530 seconds
143.503: Application time: 0.0390220 seconds
143.504: [GC [PSYoungGen: 7712K->496K(8192K)] 24963K->17747K(26112K), 0.0004330 secs] [Times: user=0.01 sys=0.00, real=0.00 secs] 
143.504: Total time for which application threads were stopped: 0.0005450 seconds, Stopping threads took: 0.0000460 seconds
143.543: Application time: 0.0391420 seconds
143.543: [GC [PSYoungGen: 7664K->480K(8192K)] 24915K->17731K(26112K), 0.0004290 secs] [Times: user=0.00 sys=0.00, real=0.00 secs] 
143.544: Total time for which application threads were stopped: 0.0005360 seconds, Stopping threads took: 0.0000550 seconds
143.583: Application time: 0.0393280 seconds
143.583: [GC [PSYoungGen: 7648K->512K(8192K)] 24899K->17763K(26112K), 0.0004210 secs] [Times: user=0.00 sys=0.00, real=0.00 secs] 
143.584: Total time for which application threads were stopped: 0.0005280 seconds, Stopping threads took: 0.0000560 seconds
143.623: Application time: 0.0392910 seconds
143.623: [GC [PSYoungGen: 7680K->480K(8192K)] 24931K->17731K(26112K), 0.0004320 secs] [Times: user=0.00 sys=0.00, real=0.00 secs] 
143.623: Total time for which application threads were stopped: 0.0005410 seconds, Stopping threads took: 0.0000550 seconds
143.663: Application time: 0.0392930 seconds
143.663: [GC [PSYoungGen: 7648K->544K(8192K)] 24899K->17795K(26112K), 0.0004280 secs] [Times: user=0.00 sys=0.00, real=0.00 secs] 
143.663: Total time for which application threads were stopped: 0.0005350 seconds, Stopping threads took: 0.0000500 seconds
143.702: Application time: 0.0391740 seconds
143.703: [GC [PSYoungGen: 7712K->384K(8192K)] 24963K->17767K(26112K), 0.0004700 secs] [Times: user=0.00 sys=0.00, real=0.00 secs] 
143.703: Total time for which application threads were stopped: 0.0005800 seconds, Stopping threads took: 0.0000560 seconds
143.743: Application time: 0.0395980 seconds
143.743: [GC [PSYoungGen: 7552K->256K(8192K)] 24935K->17799K(26112K), 0.0004770 secs] [Times: user=0.00 sys=0.00, real=0.00 secs] 
143.743: Total time for which application threads were stopped: 0.0006030 seconds, Stopping threads took: 0.0000570 seconds
143.787: Application time: 0.0434940 seconds
143.787: [GC [PSYoungGen: 7424K->256K(8192K)] 24967K->17799K(26112K), 0.0004250 secs] [Times: user=0.00 sys=0.00, real=0.00 secs] 
143.787: Total time for which application threads were stopped: 0.0005330 seconds, Stopping threads took: 0.0000440 seconds
143.830: Application time: 0.0432020 seconds
143.831: [GC [PSYoungGen: 7424K->256K(8192K)] 24967K->17799K(26112K), 0.0004750 secs] [Times: user=0.00 sys=0.00, real=0.00 secs] 
143.831: Total time for which application threads were stopped: 0.0005800 seconds, Stopping threads took: 0.0000470 seconds
143.874: Application time: 0.0425020 seconds
143.874: [GC [PSYoungGen: 7424K->320K(8192K)] 24967K->17863K(26112K), 0.0004160 secs] [Times: user=0.00 sys=0.00, real=0.00 secs] 
143.874: Total time for which application threads were stopped: 0.0005440 seconds, Stopping threads took: 0.0000580 seconds
143.915: Application time: 0.0407290 seconds
143.915: [GC [PSYoungGen: 7488K->368K(8192K)] 25031K->17911K(26112K), 0.0005170 secs] [Times: user=0.00 sys=0.00, real=0.00 secs] 
143.915: Total time for which application threads were stopped: 0.0006420 seconds, Stopping threads took: 0.0000610 seconds
143.958: Application time: 0.0423870 seconds
143.958: [GC [PSYoungGen: 7536K->528K(8192K)] 25079K->18071K(26112K), 0.0004640 secs] [Times: user=0.01 sys=0.00, real=0.00 secs] 
143.958: Total time for which application threads were stopped: 0.0005860 seconds, Stopping threads took: 0.0000610 seconds
144.002: Application time: 0.0432810 seconds
144.002: [GC [PSYoungGen: 7696K->528K(8192K)] 25239K->18071K(26112K), 0.0004950 secs] [Times: user=0.00 sys=0.00, real=0.00 secs] 
144.002: Total time for which application threads were stopped: 0.0006100 seconds, Stopping threads took: 0.0000560 seconds
144.046: Application time: 0.0433030 seconds
144.046: [GC [PSYoungGen: 7696K->512K(8192K)] 25239K->18055K(26112K), 0.0005050 secs] [Times: user=0.01 sys=0.00, real=0.00 secs] 
144.046: Total time for which application threads were stopped: 0.0006310 seconds, Stopping threads took: 0.0000530 seconds
144.089: Application time: 0.0432550 seconds
144.090: [GC [PSYoungGen: 7680K->496K(8192K)] 25223K->18039K(26112K), 0.0004500 secs] [Times: user=0.00 sys=0.00, real=0.00 secs] 
144.090: Total time for which application threads were stopped: 0.0005500 seconds, Stopping threads took: 0.0000400 seconds
144.133: Application time: 0.0432050 seconds
144.133: [GC [PSYoungGen: 7664K->512K(8192K)] 25207K->18055K(26112K), 0.0004790 secs] [Times: user=0.00 sys=0.00, real=0.00 secs] 
144.134: Total time for which application threads were stopped: 0.0005960 seconds, Stopping threads took: 0.0000590 seconds
144.177: Application time: 0.0431500 seconds
144.177: [GC [PSYoungGen: 7680K->544K(8192K)] 25223K->18087K(26112K), 0.0004600 secs] [Times: user=0.00 sys=0.00, real=0.00 secs] 
144.178: Total time for which application threads were stopped: 0.0005760 seconds, Stopping threads took: 0.0000560 seconds
144.221: Application time: 0.0432340 seconds
144.221: [GC [PSYoungGen: 7712K->512K(8192K)] 25255K->18055K(26112K), 0.0005070 secs] [Times: user=0.00 sys=0.00, real=0.00 secs] 
144.221: Total time for which application threads were stopped: 0.0006230 seconds, Stopping threads took: 0.0000570 seconds
144.266: Application time: 0.0444940 seconds
144.266: [GC [PSYoungGen: 7680K->496K(8192K)] 25223K->18039K(26112K), 0.0005800 secs] [Times: user=0.00 sys=0.00, real=0.00 secs] 
144.267: Total time for which application threads were stopped: 0.0007000 seconds, Stopping threads took: 0.0000530 seconds
144.310: Application time: 0.0432130 seconds
144.310: [GC [PSYoungGen: 7664K->528K(8192K)] 25207K->18071K(26112K), 0.0004650 secs] [Times: user=0.00 sys=0.00, real=0.00 secs] 
144.310: Total time for which application threads were stopped: 0.0005730 seconds, Stopping threads took: 0.0000470 seconds
144.353: Application time: 0.0428970 seconds
144.353: [GC [PSYoungGen: 7696K->480K(8192K)] 25239K->18023K(26112K), 0.0004570 secs] [Times: user=0.01 sys=0.00, real=0.00 secs] 
144.354: Total time for which application threads were stopped: 0.0005750 seconds, Stopping threads took: 0.0000580 seconds
144.398: Application time: 0.0441390 seconds
144.398: [GC [PSYoungGen: 7648K->544K(8192K)] 25191K->18087K(26112K), 0.0004830 secs] [Times: user=0.00 sys=0.00, real=0.00 secs] 
144.399: Total time for which application threads were stopped: 0.0006060 seconds, Stopping threads took: 0.0000600 seconds
144.442: Application time: 0.0431180 seconds
144.442: [GC [PSYoungGen: 7712K->544K(8192K)] 25255K->18087K(26112K), 0.0004590 secs] [Times: user=0.00 sys=0.00, real=0.00 secs] 
144.442: Total time for which application threads were stopped: 0.0005760 seconds, Stopping threads took: 0.0000590 seconds
144.486: Application time: 0.0431590 seconds
144.486: [GC [PSYoungGen: 7712K->480K(8192K)] 25255K->18023K(26112K), 0.0004440 secs] [Times: user=0.01 sys=0.00, real=0.00 secs] 
144.486: Total time for which application threads were stopped: 0.0005570 seconds, Stopping threads took: 0.0000580 seconds
144.529: Application time: 0.0430940 seconds
144.529: [GC [PSYoungGen: 7648K->432K(8192K)] 25191K->18047K(26112K), 0.0004450 secs] [Times: user=0.00 sys=0.00, real=0.00 secs] 
144.530: [Full GC [PSYoungGen: 432K->0K(8192K)] [ParOldGen: 17615K->2035K(17920K)] 18047K->2035K(26112K) [PSPermGen: 6073K->6073K(21504K)], 0.0058200 secs] [Times: user=0.03 sys=0.00, real=0.00 secs] 
144.536: Total time for which application threads were stopped: 0.0064220 seconds, Stopping threads took: 0.0000500 seconds
144.579: Application time: 0.0432260 seconds
144.579: [GC [PSYoungGen: 7168K->256K(8192K)] 9203K->2291K(26112K), 0.0004020 secs] [Times: user=0.00 sys=0.00, real=0.00 secs] 
144.579: Total time for which application threads were stopped: 0.0005350 seconds, Stopping threads took: 0.0000600 seconds
144.622: Application time: 0.0431280 seconds
144.623: [GC [PSYoungGen: 7424K->256K(8192K)] 9459K->2291K(26112K), 0.0003500 secs] [Times: user=0.00 sys=0.00, real=0.00 secs] 
144.623: Total time for which application threads were stopped: 0.0004550 seconds, Stopping threads took: 0.0000530 seconds
144.666: Application time: 0.0431130 seconds
144.666: [GC [PSYoungGen: 7424K->256K(8192K)] 9459K->2291K(26112K), 0.0003370 secs] [Times: user=0.00 sys=0.00, real=0.00 secs] 
144.666: Total time for which application threads were stopped: 0.0004490 seconds, Stopping threads took: 0.0000590 seconds
144.710: Application time: 0.0434320 seconds
144.710: [GC [PSYoungGen: 7424K->256K(8192K)] 9459K->2291K(26112K), 0.0003750 secs] [Times: user=0.00 sys=0.00, real=0.00 secs] 
144.710: Total time for which application threads were stopped: 0.0005050 seconds, Stopping threads took: 0.0000600 seconds
144.753: Application time: 0.0421470 seconds
144.753: [GC [PSYoungGen: 7424K->256K(8192K)] 9459K->2291K(26112K), 0.0003540 secs] [Times: user=0.00 sys=0.00, real=0.00 secs] 
144.753: Total time for which application threads were stopped: 0.0004610 seconds, Stopping threads took: 0.0000490 seconds
144.793: Application time: 0.0401880 seconds
144.793: [GC [PSYoungGen: 7424K->432K(8192K)] 9459K->2467K(26112K), 0.0004840 secs] [Times: user=0.00 sys=0.00, real=0.00 secs] 
144.794: Total time for which application threads were stopped: 0.0006130 seconds, Stopping threads took: 0.0000730 seconds
144.837: Application time: 0.0429510 seconds
144.837: [GC [PSYoungGen: 7600K->480K(8192K)] 9635K->2515K(26112K), 0.0004770 secs] [Times: user=0.00 sys=0.00, real=0.00 secs] 
144.837: Total time for which application threads were stopped: 0.0005920 seconds, Stopping threads took: 0.0000570 seconds
144.881: Application time: 0.0433350 seconds
144.881: [GC [PSYoungGen: 7648K->448K(8192K)] 9683K->2483K(26112K), 0.0004350 secs] [Times: user=0.00 sys=0.00, real=0.00 secs] 
144.881: Total time for which application threads were stopped: 0.0005480 seconds, Stopping threads took: 0.0000570 seconds
144.924: Application time: 0.0432080 seconds
144.925: [GC [PSYoungGen: 7616K->496K(8192K)] 9651K->2531K(26112K), 0.0004280 secs] [Times: user=0.00 sys=0.00, real=0.00 secs] 
144.925: Total time for which application threads were stopped: 0.0005330 seconds, Stopping threads took: 0.0000480 seconds
144.969: Application time: 0.0440750 seconds
144.969: [GC [PSYoungGen: 7664K->528K(8192K)] 9699K->2563K(26112K), 0.0004960 secs] [Times: user=0.00 sys=0.00, real=0.00 secs] 
144.970: Total time for which application threads were stopped: 0.0005940 seconds, Stopping threads took: 0.0000390 seconds
145.013: Application time: 0.0432040 seconds
145.013: [GC [PSYoungGen: 7696K->448K(8192K)] 9731K->2483K(26112K), 0.0005730 secs] [Times: user=0.00 sys=0.00, real=0.00 secs] 
145.014: Total time for which application threads were stopped: 0.0006780 seconds, Stopping threads took: 0.0000470 seconds
145.057: Application time: 0.0431740 seconds
145.057: [GC [PSYoungGen: 7616K->464K(8192K)] 9651K->2499K(26112K), 0.0004480 secs] [Times: user=0.00 sys=0.00, real=0.00 secs] 
145.057: Total time for which application threads were stopped: 0.0005540 seconds, Stopping threads took: 0.0000480 seconds
145.101: Application time: 0.0431920 seconds
145.101: [GC [PSYoungGen: 7632K->528K(8192K)] 9667K->2563K(26112K), 0.0004360 secs] [Times: user=0.00 sys=0.00, real=0.00 secs] 
145.101: Total time for which application threads were stopped: 0.0005540 seconds, Stopping threads took: 0.0000530 seconds
145.144: Application time: 0.0432070 seconds
145.144: [GC [PSYoungGen: 7696K->512K(8192K)] 9731K->2547K(26112K), 0.0004300 secs] [Times: user=0.00 sys=0.00, real=0.00 secs] 
145.145: Total time for which application threads were stopped: 0.0005450 seconds, Stopping threads took: 0.0000580 seconds
145.188: Application time: 0.0430230 seconds
145.188: [GC [PSYoungGen: 7680K->528K(8192K)] 9715K->2563K(26112K), 0.0004330 secs] [Times: user=0.00 sys=0.00, real=0.00 secs] 
145.188: Total time for which application threads were stopped: 0.0005440 seconds, Stopping threads took: 0.0000550 seconds
145.231: Application time: 0.0428750 seconds
145.231: [GC [PSYoungGen: 7696K->496K(8192K)] 9731K->2539K(26112K), 0.0004390 secs] [Times: user=0.01 sys=0.00, real=0.00 secs] 
145.232: Total time for which application threads were stopped: 0.0005520 seconds, Stopping threads took: 0.0000540 seconds
145.275: Application time: 0.0432210 seconds
145.277: [GC [PSYoungGen: 7664K->480K(8192K)] 9707K->2523K(26112K), 0.0004330 secs] [Times: user=0.00 sys=0.00, real=0.00 secs] 
145.277: Total time for which application threads were stopped: 0.0021580 seconds, Stopping threads took: 0.0016710 seconds
145.321: Application time: 0.0439590 seconds
145.321: [GC [PSYoungGen: 7648K->464K(8192K)] 9691K->2507K(26112K), 0.0005310 secs] [Times: user=0.00 sys=0.00, real=0.00 secs] 
145.322: Total time for which application threads were stopped: 0.0006330 seconds, Stopping threads took: 0.0000450 seconds
145.365: Application time: 0.0432060 seconds
145.365: [GC [PSYoungGen: 7632K->464K(8192K)] 9675K->2507K(26112K), 0.0004180 secs] [Times: user=0.00 sys=0.00, real=0.00 secs] 
145.366: Total time for which application threads were stopped: 0.0005300 seconds, Stopping threads took: 0.0000520 seconds
145.409: Application time: 0.0432040 seconds
145.409: [GC [PSYoungGen: 7632K->384K(8192K)] 9675K->2523K(26112K), 0.0004350 secs] [Times: user=0.00 sys=0.00, real=0.00 secs] 
145.409: Total time for which application threads were stopped: 0.0005390 seconds, Stopping threads took: 0.0000440 seconds
145.452: Application time: 0.0431370 seconds
145.453: [GC [PSYoungGen: 7552K->288K(8192K)] 9691K->2615K(26112K), 0.0004190 secs] [Times: user=0.00 sys=0.00, real=0.00 secs] 
145.453: Total time for which application threads were stopped: 0.0005370 seconds, Stopping threads took: 0.0000580 seconds
145.496: Application time: 0.0431770 seconds
145.496: [GC [PSYoungGen: 7456K->256K(8192K)] 9783K->2647K(26112K), 0.0004340 secs] [Times: user=0.00 sys=0.00, real=0.00 secs] 
145.497: Total time for which application threads were stopped: 0.0005550 seconds, Stopping threads took: 0.0000580 seconds
145.540: Application time: 0.0431410 seconds
145.540: [GC [PSYoungGen: 7424K->256K(8192K)] 9815K->2647K(26112K), 0.0003730 secs] [Times: user=0.00 sys=0.00, real=0.00 secs] 
145.540: Total time for which application threads were stopped: 0.0004860 seconds, Stopping threads took: 0.0000570 seconds
145.583: Application time: 0.0431690 seconds
145.584: [GC [PSYoungGen: 7424K->256K(8192K)] 9815K->2647K(26112K), 0.0003750 secs] [Times: user=0.00 sys=0.00, real=0.00 secs] 
145.584: Total time for which application threads were stopped: 0.0004860 seconds, Stopping threads took: 0.0000530 seconds
145.625: Application time: 0.0410080 seconds
145.625: [GC [PSYoungGen: 7424K->336K(8192K)] 9815K->2727K(26112K), 0.0003930 secs] [Times: user=0.00 sys=0.00, real=0.00 secs] 
145.626: Total time for which application threads were stopped: 0.0005220 seconds, Stopping threads took: 0.0000580 seconds
145.667: Application time: 0.0413720 seconds
145.667: [GC [PSYoungGen: 7504K->464K(8192K)] 9895K->2855K(26112K), 0.0004290 secs] [Times: user=0.00 sys=0.00, real=0.00 secs] 
145.667: Total time for which application threads were stopped: 0.0005310 seconds, Stopping threads took: 0.0000390 seconds
145.710: Application time: 0.0430610 seconds
145.711: [GC [PSYoungGen: 7632K->528K(8192K)] 10023K->2919K(26112K), 0.0005230 secs] [Times: user=0.00 sys=0.00, real=0.00 secs] 
145.711: Total time for which application threads were stopped: 0.0006560 seconds, Stopping threads took: 0.0000650 seconds
145.755: Application time: 0.0439770 seconds
145.757: [GC [PSYoungGen: 7696K->512K(8192K)] 10087K->2903K(26112K), 0.0004960 secs] [Times: user=0.00 sys=0.00, real=0.00 secs] 
145.757: Total time for which application threads were stopped: 0.0021640 seconds, Stopping threads took: 0.0016080 seconds
145.804: Application time: 0.0463400 seconds
145.804: [GC [PSYoungGen: 7680K->528K(8192K)] 10071K->2919K(26112K), 0.0005210 secs] [Times: user=0.01 sys=0.00, real=0.00 secs] 
145.804: Total time for which application threads were stopped: 0.0006470 seconds, Stopping threads took: 0.0000580 seconds
145.848: Application time: 0.0432980 seconds
145.848: [GC [PSYoungGen: 7696K->528K(8192K)] 10087K->2919K(26112K), 0.0004300 secs] [Times: user=0.00 sys=0.00, real=0.00 secs] 
145.848: Total time for which application threads were stopped: 0.0005300 seconds, Stopping threads took: 0.0000420 seconds
145.891: Application time: 0.0431980 seconds
145.891: [GC [PSYoungGen: 7696K->512K(8192K)] 10087K->2903K(26112K), 0.0004780 secs] [Times: user=0.01 sys=0.00, real=0.00 secs] 
145.892: Total time for which application threads were stopped: 0.0005940 seconds, Stopping threads took: 0.0000590 seconds
145.937: Application time: 0.0446140 seconds
145.937: [GC [PSYoungGen: 7680K->512K(8192K)] 10071K->2903K(26112K), 0.0004700 secs] [Times: user=0.00 sys=0.00, real=0.01 secs] 
145.937: Total time for which application threads were stopped: 0.0005830 seconds, Stopping threads took: 0.0000490 seconds
145.980: Application time: 0.0433080 seconds
145.981: [GC [PSYoungGen: 7680K->512K(8192K)] 10071K->2903K(26112K), 0.0004400 secs] [Times: user=0.00 sys=0.00, real=0.00 secs] 
145.981: Total time for which application threads were stopped: 0.0005620 seconds, Stopping threads took: 0.0000600 seconds
146.024: Application time: 0.0432080 seconds
146.024: [GC [PSYoungGen: 7680K->512K(8192K)] 10071K->2903K(26112K), 0.0004790 secs] [Times: user=0.01 sys=0.00, real=0.00 secs] 
146.026: Total time for which application threads were stopped: 0.0016620 seconds, Stopping threads took: 0.0000570 seconds
146.069: Application time: 0.0433120 seconds
146.069: [GC [PSYoungGen: 7680K->480K(8192K)] 10071K->2871K(26112K), 0.0004680 secs] [Times: user=0.00 sys=0.00, real=0.00 secs] 
146.070: Total time for which application threads were stopped: 0.0006040 seconds, Stopping threads took: 0.0000770 seconds
146.112: Application time: 0.0426320 seconds
146.112: [GC [PSYoungGen: 7648K->480K(8192K)] 10039K->2871K(26112K), 0.0004410 secs] [Times: user=0.00 sys=0.00, real=0.00 secs] 
146.113: Total time for which application threads were stopped: 0.0005520 seconds, Stopping threads took: 0.0000480 seconds
146.156: Application time: 0.0430590 seconds
146.156: [GC [PSYoungGen: 7648K->512K(8192K)] 10039K->2903K(26112K), 0.0004280 secs] [Times: user=0.00 sys=0.00, real=0.00 secs] 
146.157: Total time for which application threads were stopped: 0.0005550 seconds, Stopping threads took: 0.0000580 seconds
146.200: Application time: 0.0429500 seconds
146.200: [GC [PSYoungGen: 7680K->512K(8192K)] 10071K->2903K(26112K), 0.0004290 secs] [Times: user=0.01 sys=0.00, real=0.00 secs] 
146.200: Total time for which application threads were stopped: 0.0005410 seconds, Stopping threads took: 0.0000570 seconds
146.243: Application time: 0.0432800 seconds
146.243: [GC [PSYoungGen: 7680K->512K(8192K)] 10071K->2903K(26112K), 0.0004410 secs] [Times: user=0.00 sys=0.00, real=0.00 secs] 
146.244: Total time for which application threads were stopped: 0.0005580 seconds, Stopping threads took: 0.0000580 seconds
146.287: Application time: 0.0430830 seconds
146.287: [GC [PSYoungGen: 7680K->352K(8192K)] 10071K->2895K(26112K), 0.0004920 secs] [Times: user=0.00 sys=0.00, real=0.00 secs] 
146.288: Total time for which application threads were stopped: 0.0006100 seconds, Stopping threads took: 0.0000580 seconds
146.331: Application time: 0.0432320 seconds
146.331: [GC [PSYoungGen: 7520K->272K(8192K)] 10063K->2927K(26112K), 0.0004360 secs] [Times: user=0.01 sys=0.00, real=0.00 secs] 
146.331: Total time for which application threads were stopped: 0.0005460 seconds, Stopping threads took: 0.0000520 seconds
146.375: Application time: 0.0433760 seconds
146.375: [GC [PSYoungGen: 7440K->256K(8192K)] 10095K->2967K(26112K), 0.0003830 secs] [Times: user=0.00 sys=0.00, real=0.00 secs] 
146.375: Total time for which application threads were stopped: 0.0004930 seconds, Stopping threads took: 0.0000540 seconds
146.418: Application time: 0.0432330 seconds
146.419: [GC [PSYoungGen: 7424K->256K(8192K)] 10135K->2967K(26112K), 0.0003770 secs] [Times: user=0.00 sys=0.00, real=0.00 secs] 
146.419: Total time for which application threads were stopped: 0.0004860 seconds, Stopping threads took: 0.0000530 seconds
146.462: Application time: 0.0430230 seconds
146.462: [GC [PSYoungGen: 7424K->240K(8192K)] 10135K->2951K(26112K), 0.0004120 secs] [Times: user=0.00 sys=0.00, real=0.00 secs] 
146.463: Total time for which application threads were stopped: 0.0005310 seconds, Stopping threads took: 0.0000580 seconds
146.504: Application time: 0.0415550 seconds
146.505: [GC [PSYoungGen: 7408K->352K(8192K)] 10119K->3063K(26112K), 0.0004420 secs] [Times: user=0.00 sys=0.00, real=0.00 secs] 
146.505: Total time for which application threads were stopped: 0.0011650 seconds, Stopping threads took: 0.0006640 seconds
146.546: Application time: 0.0411860 seconds
146.547: [GC [PSYoungGen: 7520K->544K(8192K)] 10231K->3255K(26112K), 0.0004260 secs] [Times: user=0.01 sys=0.00, real=0.00 secs] 
146.547: Total time for which application threads were stopped: 0.0005420 seconds, Stopping threads took: 0.0000580 seconds
146.590: Application time: 0.0433680 seconds
146.590: [GC [PSYoungGen: 7712K->512K(8192K)] 10423K->3223K(26112K), 0.0004290 secs] [Times: user=0.00 sys=0.00, real=0.00 secs] 
146.591: Total time for which application threads were stopped: 0.0005340 seconds, Stopping threads took: 0.0000450 seconds
146.634: Application time: 0.0431560 seconds
146.634: [GC [PSYoungGen: 7680K->480K(8192K)] 10391K->3191K(26112K), 0.0004290 secs] [Times: user=0.00 sys=0.00, real=0.00 secs] 
146.635: Total time for which application threads were stopped: 0.0005390 seconds, Stopping threads took: 0.0000530 seconds
146.683: Application time: 0.0487990 seconds
146.685: [GC [PSYoungGen: 7648K->544K(8192K)] 10359K->3255K(26112K), 0.0006100 secs] [Times: user=0.00 sys=0.00, real=0.00 secs] 
146.685: Total time for which application threads were stopped: 0.0020360 seconds, Stopping threads took: 0.0013450 seconds
146.730: Application time: 0.0442570 seconds
146.730: [GC [PSYoungGen: 7712K->512K(8192K)] 10423K->3223K(26112K), 0.0004910 secs] [Times: user=0.00 sys=0.00, real=0.00 secs] 
146.730: Total time for which application threads were stopped: 0.0006160 seconds, Stopping threads took: 0.0000510 seconds
146.774: Application time: 0.0432610 seconds
146.774: [GC [PSYoungGen: 7680K->528K(8192K)] 10391K->3239K(26112K), 0.0004360 secs] [Times: user=0.00 sys=0.00, real=0.00 secs] 
146.774: Total time for which application threads were stopped: 0.0005500 seconds, Stopping threads took: 0.0000560 seconds
146.817: Application time: 0.0431250 seconds
146.817: [GC [PSYoungGen: 7696K->448K(8192K)] 10407K->3159K(26112K), 0.0004160 secs] [Times: user=0.01 sys=0.00, real=0.00 secs] 
146.818: Total time for which application threads were stopped: 0.0005200 seconds, Stopping threads took: 0.0000490 seconds
146.861: Application time: 0.0431420 seconds
146.861: [GC [PSYoungGen: 7616K->512K(8192K)] 10327K->3223K(26112K), 0.0004210 secs] [Times: user=0.00 sys=0.00, real=0.00 secs] 
146.861: Total time for which application threads were stopped: 0.0005780 seconds, Stopping threads took: 0.0000940 seconds
146.905: Application time: 0.0432780 seconds
146.905: [GC [PSYoungGen: 7680K->496K(8192K)] 10391K->3207K(26112K), 0.0004290 secs] [Times: user=0.00 sys=0.00, real=0.00 secs] 
146.905: Total time for which application threads were stopped: 0.0005410 seconds, Stopping threads took: 0.0000560 seconds
146.948: Application time: 0.0430820 seconds
146.948: [GC [PSYoungGen: 7664K->496K(8192K)] 10375K->3207K(26112K), 0.0004430 secs] [Times: user=0.00 sys=0.01, real=0.01 secs] 
146.949: Total time for which application threads were stopped: 0.0005640 seconds, Stopping threads took: 0.0000590 seconds
146.992: Application time: 0.0426630 seconds
146.992: [GC [PSYoungGen: 7664K->512K(8192K)] 10375K->3223K(26112K), 0.0004200 secs] [Times: user=0.00 sys=0.00, real=0.00 secs] 
146.992: Total time for which application threads were stopped: 0.0005280 seconds, Stopping threads took: 0.0000540 seconds
147.036: Application time: 0.0435250 seconds
147.036: [GC [PSYoungGen: 7680K->496K(8192K)] 10391K->3207K(26112K), 0.0004330 secs] [Times: user=0.00 sys=0.00, real=0.00 secs] 
147.036: Total time for which application threads were stopped: 0.0005400 seconds, Stopping threads took: 0.0000530 seconds
147.079: Application time: 0.0430620 seconds
147.079: [GC [PSYoungGen: 7664K->496K(8192K)] 10375K->3207K(26112K), 0.0004260 secs] [Times: user=0.01 sys=0.00, real=0.00 secs] 
147.080: Total time for which application threads were stopped: 0.0005400 seconds, Stopping threads took: 0.0000600 seconds
147.123: Application time: 0.0433440 seconds
147.123: [GC [PSYoungGen: 7664K->480K(8192K)] 10375K->3191K(26112K), 0.0004840 secs] [Times: user=0.00 sys=0.00, real=0.00 secs] 
147.124: Total time for which application threads were stopped: 0.0005960 seconds, Stopping threads took: 0.0000570 seconds
147.167: Application time: 0.0431870 seconds
147.167: [GC [PSYoungGen: 7648K->320K(8192K)] 10359K->3219K(26112K), 0.0004320 secs] [Times: user=0.00 sys=0.00, real=0.00 secs] 
147.167: Total time for which application threads were stopped: 0.0005460 seconds, Stopping threads took: 0.0000570 seconds
147.211: Application time: 0.0432710 seconds
147.211: [GC [PSYoungGen: 7488K->256K(8192K)] 10387K->3287K(26112K), 0.0003970 secs] [Times: user=0.00 sys=0.00, real=0.00 secs] 
147.211: Total time for which application threads were stopped: 0.0005230 seconds, Stopping threads took: 0.0000580 seconds
147.254: Application time: 0.0431970 seconds
147.255: [GC [PSYoungGen: 7424K->256K(8192K)] 10455K->3287K(26112K), 0.0003470 secs] [Times: user=0.01 sys=0.00, real=0.00 secs] 
147.255: Total time for which application threads were stopped: 0.0004600 seconds, Stopping threads took: 0.0000570 seconds
147.299: Application time: 0.0444570 seconds
147.300: [GC [PSYoungGen: 7424K->256K(8192K)] 10455K->3287K(26112K), 0.0004320 secs] [Times: user=0.00 sys=0.00, real=0.00 secs] 
147.300: Total time for which application threads were stopped: 0.0005540 seconds, Stopping threads took: 0.0000610 seconds
147.342: Application time: 0.0423930 seconds
147.342: [GC [PSYoungGen: 7424K->272K(8192K)] 10455K->3303K(26112K), 0.0003750 secs] [Times: user=0.00 sys=0.00, real=0.00 secs] 
147.343: Total time for which application threads were stopped: 0.0004890 seconds, Stopping threads took: 0.0000580 seconds
147.384: Application time: 0.0409980 seconds
147.384: [GC [PSYoungGen: 7440K->400K(8192K)] 10471K->3431K(26112K), 0.0004450 secs] [Times: user=0.01 sys=0.00, real=0.00 secs] 
147.384: Total time for which application threads were stopped: 0.0005720 seconds, Stopping threads took: 0.0000710 seconds
147.428: Application time: 0.0431890 seconds
147.428: [GC [PSYoungGen: 7568K->448K(8192K)] 10599K->3479K(26112K), 0.0004510 secs] [Times: user=0.00 sys=0.00, real=0.00 secs] 
147.428: Total time for which application threads were stopped: 0.0005610 seconds, Stopping threads took: 0.0000510 seconds
147.471: Application time: 0.0428570 seconds
147.471: [GC [PSYoungGen: 7616K->480K(8192K)] 10647K->3511K(26112K), 0.0004380 secs] [Times: user=0.00 sys=0.00, real=0.00 secs] 
147.472: Total time for which application threads were stopped: 0.0005390 seconds, Stopping threads took: 0.0000460 seconds
147.515: Application time: 0.0431880 seconds
147.515: [GC [PSYoungGen: 7648K->464K(8192K)] 10679K->3495K(26112K), 0.0004260 secs] [Times: user=0.01 sys=0.00, real=0.00 secs] 
147.515: Total time for which application threads were stopped: 0.0005480 seconds, Stopping threads took: 0.0000630 seconds
147.559: Application time: 0.0432410 seconds
147.559: [GC [PSYoungGen: 7632K->496K(8192K)] 10663K->3527K(26112K), 0.0004380 secs] [Times: user=0.00 sys=0.00, real=0.00 secs] 
147.559: Total time for which application threads were stopped: 0.0005540 seconds, Stopping threads took: 0.0000590 seconds
147.602: Application time: 0.0432600 seconds
147.602: [GC [PSYoungGen: 7664K->480K(8192K)] 10695K->3511K(26112K), 0.0004230 secs] [Times: user=0.00 sys=0.00, real=0.00 secs] 
147.603: Total time for which application threads were stopped: 0.0005390 seconds, Stopping threads took: 0.0000550 seconds
147.646: Application time: 0.0431950 seconds
147.646: [GC [PSYoungGen: 7648K->512K(8192K)] 10679K->3543K(26112K), 0.0005420 secs] [Times: user=0.00 sys=0.00, real=0.00 secs] 
147.647: Total time for which application threads were stopped: 0.0006690 seconds, Stopping threads took: 0.0000690 seconds
147.690: Application time: 0.0433550 seconds
147.690: [GC [PSYoungGen: 7680K->480K(8192K)] 10711K->3511K(26112K), 0.0005230 secs] [Times: user=0.00 sys=0.00, real=0.00 secs] 
147.691: Total time for which application threads were stopped: 0.0006390 seconds, Stopping threads took: 0.0000580 seconds
147.734: Application time: 0.0435450 seconds
147.734: [GC [PSYoungGen: 7648K->512K(8192K)] 10679K->3543K(26112K), 0.0005180 secs] [Times: user=0.01 sys=0.00, real=0.00 secs] 
147.735: Total time for which application threads were stopped: 0.0006560 seconds, Stopping threads took: 0.0000600 seconds
147.774: Application time: 0.0391840 seconds
147.774: [GC [PSYoungGen: 7680K->496K(8192K)] 10711K->3527K(26112K), 0.0004150 secs] [Times: user=0.00 sys=0.00, real=0.00 secs] 
147.775: Total time for which application threads were stopped: 0.0005210 seconds, Stopping threads took: 0.0000450 seconds
147.814: Application time: 0.0388730 seconds
147.814: [GC [PSYoungGen: 7664K->512K(8192K)] 10695K->3543K(26112K), 0.0004290 secs] [Times: user=0.00 sys=0.00, real=0.00 secs] 
147.814: Total time for which application threads were stopped: 0.0005430 seconds, Stopping threads took: 0.0000550 seconds
147.853: Application time: 0.0388880 seconds
147.853: [GC [PSYoungGen: 7680K->512K(8192K)] 10711K->3543K(26112K), 0.0004310 secs] [Times: user=0.00 sys=0.00, real=0.00 secs] 
147.854: Total time for which application threads were stopped: 0.0005290 seconds, Stopping threads took: 0.0000450 seconds
147.893: Application time: 0.0391810 seconds
147.893: [GC [PSYoungGen: 7680K->480K(8192K)] 10711K->3511K(26112K), 0.0003990 secs] [Times: user=0.00 sys=0.00, real=0.00 secs] 
147.893: Total time for which application threads were stopped: 0.0005110 seconds, Stopping threads took: 0.0000550 seconds
147.933: Application time: 0.0397790 seconds
147.933: [GC [PSYoungGen: 7648K->512K(8192K)] 10679K->3543K(26112K), 0.0004460 secs] [Times: user=0.00 sys=0.00, real=0.00 secs] 
147.934: Total time for which application threads were stopped: 0.0005570 seconds, Stopping threads took: 0.0000600 seconds
147.973: Application time: 0.0391580 seconds
147.973: [GC [PSYoungGen: 7680K->448K(8192K)] 10711K->3527K(26112K), 0.0003930 secs] [Times: user=0.00 sys=0.00, real=0.00 secs] 
147.973: Total time for which application threads were stopped: 0.0004910 seconds, Stopping threads took: 0.0000430 seconds
148.012: Application time: 0.0391390 seconds
148.012: [GC [PSYoungGen: 7616K->304K(8192K)] 10695K->3536K(26112K), 0.0004200 secs] [Times: user=0.01 sys=0.00, real=0.00 secs] 
148.013: Total time for which application threads were stopped: 0.0005290 seconds, Stopping threads took: 0.0000560 seconds
148.052: Application time: 0.0392270 seconds
148.052: [GC [PSYoungGen: 7472K->272K(8192K)] 10704K->3596K(26112K), 0.0004010 secs] [Times: user=0.00 sys=0.00, real=0.00 secs] 
148.053: Total time for which application threads were stopped: 0.0004940 seconds, Stopping threads took: 0.0000400 seconds
148.092: Application time: 0.0394200 seconds
148.092: [GC [PSYoungGen: 7440K->240K(8192K)] 10764K->3628K(26112K), 0.0003830 secs] [Times: user=0.00 sys=0.00, real=0.00 secs] 
148.093: Total time for which application threads were stopped: 0.0004800 seconds, Stopping threads took: 0.0000470 seconds
148.132: Application time: 0.0392620 seconds
148.132: [GC [PSYoungGen: 7408K->208K(8192K)] 10796K->3596K(26112K), 0.0004330 secs] [Times: user=0.00 sys=0.00, real=0.00 secs] 
148.132: Total time for which application threads were stopped: 0.0005320 seconds, Stopping threads took: 0.0000450 seconds
148.171: Application time: 0.0389710 seconds
148.171: [GC [PSYoungGen: 7376K->272K(8192K)] 10764K->3660K(26112K), 0.0003510 secs] [Times: user=0.00 sys=0.00, real=0.00 secs] 
148.172: Total time for which application threads were stopped: 0.0004530 seconds, Stopping threads took: 0.0000430 seconds
148.208: Application time: 0.0367300 seconds
148.209: [GC [PSYoungGen: 7440K->416K(8192K)] 10828K->3804K(26112K), 0.0004340 secs] [Times: user=0.00 sys=0.00, real=0.01 secs] 
148.209: Total time for which application threads were stopped: 0.0005470 seconds, Stopping threads took: 0.0000530 seconds
148.247: Application time: 0.0380160 seconds
148.247: [GC [PSYoungGen: 7584K->464K(8192K)] 10972K->3852K(26112K), 0.0004170 secs] [Times: user=0.00 sys=0.00, real=0.00 secs] 
148.248: Total time for which application threads were stopped: 0.0005350 seconds, Stopping threads took: 0.0000490 seconds
148.287: Application time: 0.0393110 seconds
148.287: [GC [PSYoungGen: 7632K->464K(8192K)] 11020K->3852K(26112K), 0.0004500 secs] [Times: user=0.00 sys=0.00, real=0.00 secs] 
148.287: Total time for which application threads were stopped: 0.0005780 seconds, Stopping threads took: 0.0000700 seconds
148.327: Application time: 0.0393000 seconds
148.327: [GC [PSYoungGen: 7632K->464K(8192K)] 11020K->3852K(26112K), 0.0004540 secs] [Times: user=0.00 sys=0.00, real=0.00 secs] 
148.327: Total time for which application threads were stopped: 0.0005540 seconds, Stopping threads took: 0.0000460 seconds
148.366: Application time: 0.0391900 seconds
148.367: [GC [PSYoungGen: 7632K->496K(8192K)] 11020K->3884K(26112K), 0.0004030 secs] [Times: user=0.00 sys=0.00, real=0.00 secs] 
148.367: Total time for which application threads were stopped: 0.0005120 seconds, Stopping threads took: 0.0000540 seconds
148.407: Application time: 0.0395040 seconds
148.407: [GC [PSYoungGen: 7664K->528K(8192K)] 11052K->3916K(26112K), 0.0004450 secs] [Times: user=0.00 sys=0.00, real=0.00 secs] 
148.407: Total time for which application threads were stopped: 0.0005560 seconds, Stopping threads took: 0.0000560 seconds
148.446: Application time: 0.0392620 seconds
148.446: [GC [PSYoungGen: 7696K->528K(8192K)] 11084K->3916K(26112K), 0.0004170 secs] [Times: user=0.00 sys=0.00, real=0.00 secs] 
148.447: Total time for which application threads were stopped: 0.0005200 seconds, Stopping threads took: 0.0000490 seconds
148.486: Application time: 0.0393070 seconds
148.486: [GC [PSYoungGen: 7696K->496K(8192K)] 11084K->3884K(26112K), 0.0004120 secs] [Times: user=0.00 sys=0.00, real=0.00 secs] 
148.487: Total time for which application threads were stopped: 0.0005090 seconds, Stopping threads took: 0.0000450 seconds
148.526: Application time: 0.0392560 seconds
148.526: [GC [PSYoungGen: 7664K->480K(8192K)] 11052K->3868K(26112K), 0.0004150 secs] [Times: user=0.01 sys=0.00, real=0.00 secs] 
148.526: Total time for which application threads were stopped: 0.0005260 seconds, Stopping threads took: 0.0000560 seconds
148.566: Application time: 0.0391580 seconds
148.566: [GC [PSYoungGen: 7648K->496K(8192K)] 11036K->3884K(26112K), 0.0004000 secs] [Times: user=0.00 sys=0.00, real=0.00 secs] 
148.566: Total time for which application threads were stopped: 0.0005090 seconds, Stopping threads took: 0.0000470 seconds
148.605: Application time: 0.0390370 seconds
148.605: [GC [PSYoungGen: 7664K->464K(8192K)] 11052K->3852K(26112K), 0.0004460 secs] [Times: user=0.00 sys=0.00, real=0.00 secs] 
148.606: Total time for which application threads were stopped: 0.0005430 seconds, Stopping threads took: 0.0000430 seconds
148.645: Application time: 0.0393040 seconds
148.645: [GC [PSYoungGen: 7632K->512K(8192K)] 11020K->3900K(26112K), 0.0004390 secs] [Times: user=0.00 sys=0.00, real=0.00 secs] 
148.646: Total time for which application threads were stopped: 0.0005470 seconds, Stopping threads took: 0.0000540 seconds
148.685: Application time: 0.0392590 seconds
148.689: [GC [PSYoungGen: 7680K->480K(8192K)] 11068K->3868K(26112K), 0.0004990 secs] [Times: user=0.00 sys=0.00, real=0.00 secs] 
148.689: Total time for which application threads were stopped: 0.0044520 seconds, Stopping threads took: 0.0038990 seconds
148.729: Application time: 0.0396070 seconds
148.729: [GC [PSYoungGen: 7648K->528K(8192K)] 11036K->3916K(26112K), 0.0004950 secs] [Times: user=0.00 sys=0.00, real=0.00 secs] 
148.730: Total time for which application threads were stopped: 0.0006280 seconds, Stopping threads took: 0.0000610 seconds
148.769: Application time: 0.0393830 seconds
148.769: [GC [PSYoungGen: 7696K->432K(8192K)] 11084K->3876K(26112K), 0.0004280 secs] [Times: user=0.00 sys=0.00, real=0.00 secs] 
148.769: Total time for which application threads were stopped: 0.0005360 seconds, Stopping threads took: 0.0000360 seconds
148.810: Application time: 0.0404500 seconds
148.810: [GC [PSYoungGen: 7600K->304K(8192K)] 11044K->3924K(26112K), 0.0004430 secs] [Times: user=0.00 sys=0.00, real=0.00 secs] 
148.810: Total time for which application threads were stopped: 0.0005640 seconds, Stopping threads took: 0.0000590 seconds
148.850: Application time: 0.0394140 seconds
148.850: [GC [PSYoungGen: 7472K->240K(8192K)] 11092K->3940K(26112K), 0.0004260 secs] [Times: user=0.00 sys=0.00, real=0.00 secs] 
148.850: Total time for which application threads were stopped: 0.0005400 seconds, Stopping threads took: 0.0000540 seconds
148.890: Application time: 0.0392610 seconds
148.890: [GC [PSYoungGen: 7408K->240K(8192K)] 11108K->3940K(26112K), 0.0003690 secs] [Times: user=0.00 sys=0.00, real=0.00 secs] 
148.890: Total time for which application threads were stopped: 0.0004810 seconds, Stopping threads took: 0.0000560 seconds
148.930: Application time: 0.0403210 seconds
148.931: [GC [PSYoungGen: 7408K->256K(8192K)] 11108K->3956K(26112K), 0.0003760 secs] [Times: user=0.00 sys=0.00, real=0.00 secs] 
148.931: Total time for which application threads were stopped: 0.0005030 seconds, Stopping threads took: 0.0000560 seconds
148.969: Application time: 0.0376030 seconds
148.969: [GC [PSYoungGen: 7414K->288K(8192K)] 11115K->3988K(26112K), 0.0006130 secs] [Times: user=0.00 sys=0.00, real=0.00 secs] 
148.969: Total time for which application threads were stopped: 0.0007300 seconds, Stopping threads took: 0.0000580 seconds
149.007: Application time: 0.0378760 seconds
149.007: [GC [PSYoungGen: 7456K->416K(8192K)] 11156K->4116K(26112K), 0.0004090 secs] [Times: user=0.00 sys=0.00, real=0.00 secs] 
149.008: Total time for which application threads were stopped: 0.0005100 seconds, Stopping threads took: 0.0000430 seconds
149.046: Application time: 0.0381490 seconds
149.046: [GC [PSYoungGen: 7584K->512K(8192K)] 11284K->4212K(26112K), 0.0004060 secs] [Times: user=0.01 sys=0.00, real=0.00 secs] 
149.046: Total time for which application threads were stopped: 0.0005190 seconds, Stopping threads took: 0.0000560 seconds
149.086: Application time: 0.0395210 seconds
149.086: [GC [PSYoungGen: 7680K->544K(8192K)] 11380K->4244K(26112K), 0.0004500 secs] [Times: user=0.00 sys=0.00, real=0.00 secs] 
149.086: Total time for which application threads were stopped: 0.0005540 seconds, Stopping threads took: 0.0000520 seconds
149.126: Application time: 0.0393910 seconds
149.126: [GC [PSYoungGen: 7712K->464K(8192K)] 11412K->4164K(26112K), 0.0004250 secs] [Times: user=0.00 sys=0.00, real=0.00 secs] 
149.126: Total time for which application threads were stopped: 0.0005310 seconds, Stopping threads took: 0.0000500 seconds
149.166: Application time: 0.0392790 seconds
149.166: [GC [PSYoungGen: 7632K->464K(8192K)] 11332K->4164K(26112K), 0.0004130 secs] [Times: user=0.00 sys=0.00, real=0.00 secs] 
149.166: Total time for which application threads were stopped: 0.0005220 seconds, Stopping threads took: 0.0000550 seconds
149.205: Application time: 0.0392090 seconds
149.205: [GC [PSYoungGen: 7632K->480K(8192K)] 11332K->4180K(26112K), 0.0004110 secs] [Times: user=0.00 sys=0.00, real=0.00 secs] 
149.206: Total time for which application threads were stopped: 0.0005200 seconds, Stopping threads took: 0.0000540 seconds
149.245: Application time: 0.0392620 seconds
149.245: [GC [PSYoungGen: 7648K->496K(8192K)] 11348K->4196K(26112K), 0.0004100 secs] [Times: user=0.00 sys=0.00, real=0.00 secs] 
149.246: Total time for which application threads were stopped: 0.0005170 seconds, Stopping threads took: 0.0000520 seconds
149.285: Application time: 0.0392160 seconds
149.285: [GC [PSYoungGen: 7664K->496K(8192K)] 11364K->4196K(26112K), 0.0003980 secs] [Times: user=0.00 sys=0.00, real=0.00 secs] 
149.285: Total time for which application threads were stopped: 0.0005230 seconds, Stopping threads took: 0.0000550 seconds
149.325: Application time: 0.0395600 seconds
149.325: [GC [PSYoungGen: 7664K->512K(8192K)] 11364K->4212K(26112K), 0.0004380 secs] [Times: user=0.00 sys=0.00, real=0.00 secs] 
149.326: Total time for which application threads were stopped: 0.0005460 seconds, Stopping threads took: 0.0000540 seconds
149.366: Application time: 0.0399600 seconds
149.366: [GC [PSYoungGen: 7680K->496K(8192K)] 11380K->4196K(26112K), 0.0004590 secs] [Times: user=0.00 sys=0.00, real=0.00 secs] 
149.367: Total time for which application threads were stopped: 0.0012320 seconds, Stopping threads took: 0.0007080 seconds
149.406: Application time: 0.0393750 seconds
149.406: [GC [PSYoungGen: 7664K->480K(8192K)] 11364K->4180K(26112K), 0.0004970 secs] [Times: user=0.00 sys=0.00, real=0.00 secs] 
149.407: Total time for which application threads were stopped: 0.0006120 seconds, Stopping threads took: 0.0000550 seconds
149.446: Application time: 0.0392300 seconds
149.446: [GC [PSYoungGen: 7648K->480K(8192K)] 11348K->4180K(26112K), 0.0004510 secs] [Times: user=0.00 sys=0.00, real=0.00 secs] 
149.447: Total time for which application threads were stopped: 0.0005570 seconds, Stopping threads took: 0.0000500 seconds
149.486: Application time: 0.0392620 seconds
149.486: [GC [PSYoungGen: 7648K->480K(8192K)] 11348K->4180K(26112K), 0.0004350 secs] [Times: user=0.00 sys=0.00, real=0.00 secs] 
149.486: Total time for which application threads were stopped: 0.0005510 seconds, Stopping threads took: 0.0000640 seconds
149.526: Application time: 0.0392610 seconds
149.526: [GC [PSYoungGen: 7648K->480K(8192K)] 11348K->4180K(26112K), 0.0004100 secs] [Times: user=0.00 sys=0.00, real=0.00 secs] 
149.526: Total time for which application threads were stopped: 0.0005210 seconds, Stopping threads took: 0.0000600 seconds
149.566: Application time: 0.0402030 seconds
149.566: [GC [PSYoungGen: 7648K->384K(8192K)] 11348K->4224K(26112K), 0.0004130 secs] [Times: user=0.01 sys=0.00, real=0.00 secs] 
149.567: Total time for which application threads were stopped: 0.0005130 seconds, Stopping threads took: 0.0000460 seconds
149.606: Application time: 0.0392830 seconds
149.606: [GC [PSYoungGen: 7552K->304K(8192K)] 11392K->4276K(26112K), 0.0004270 secs] [Times: user=0.00 sys=0.00, real=0.00 secs] 
149.607: Total time for which application threads were stopped: 0.0005190 seconds, Stopping threads took: 0.0000390 seconds
149.646: Application time: 0.0392190 seconds
149.646: [GC [PSYoungGen: 7472K->256K(8192K)] 11444K->4324K(26112K), 0.0003570 secs] [Times: user=0.00 sys=0.00, real=0.00 secs] 
149.646: Total time for which application threads were stopped: 0.0004570 seconds, Stopping threads took: 0.0000490 seconds
149.686: Application time: 0.0392520 seconds
149.686: [GC [PSYoungGen: 7424K->288K(8192K)] 11492K->4356K(26112K), 0.0003600 secs] [Times: user=0.01 sys=0.00, real=0.00 secs] 
149.686: Total time for which application threads were stopped: 0.0004630 seconds, Stopping threads took: 0.0000510 seconds
149.725: Application time: 0.0391020 seconds
149.725: [GC [PSYoungGen: 7456K->272K(8192K)] 11524K->4340K(26112K), 0.0004050 secs] [Times: user=0.01 sys=0.00, real=0.00 secs] 
149.726: Total time for which application threads were stopped: 0.0005310 seconds, Stopping threads took: 0.0000580 seconds
149.764: Application time: 0.0383200 seconds
149.764: [GC [PSYoungGen: 7440K->304K(8192K)] 11508K->4372K(26112K), 0.0004270 secs] [Times: user=0.00 sys=0.00, real=0.00 secs] 
149.765: Total time for which application threads were stopped: 0.0005540 seconds, Stopping threads took: 0.0000680 seconds
149.802: Application time: 0.0377670 seconds
149.802: [GC [PSYoungGen: 7472K->432K(8192K)] 11540K->4500K(26112K), 0.0004040 secs] [Times: user=0.00 sys=0.00, real=0.00 secs] 
149.803: Total time for which application threads were stopped: 0.0005220 seconds, Stopping threads took: 0.0000560 seconds
149.841: Application time: 0.0383950 seconds
149.841: [GC [PSYoungGen: 7600K->480K(8192K)] 11668K->4548K(26112K), 0.0004160 secs] [Times: user=0.00 sys=0.00, real=0.00 secs] 
149.842: Total time for which application threads were stopped: 0.0005210 seconds, Stopping threads took: 0.0000500 seconds
149.881: Application time: 0.0393250 seconds
149.881: [GC [PSYoungGen: 7648K->464K(8192K)] 11716K->4532K(26112K), 0.0004520 secs] [Times: user=0.00 sys=0.00, real=0.00 secs] 
149.882: Total time for which application threads were stopped: 0.0005640 seconds, Stopping threads took: 0.0000540 seconds
149.921: Application time: 0.0393120 seconds
149.921: [GC [PSYoungGen: 7632K->496K(8192K)] 11700K->4564K(26112K), 0.0004130 secs] [Times: user=0.01 sys=0.00, real=0.00 secs] 
149.921: Total time for which application threads were stopped: 0.0005310 seconds, Stopping threads took: 0.0000630 seconds
149.961: Application time: 0.0393310 seconds
149.961: [GC [PSYoungGen: 7664K->544K(8192K)] 11732K->4612K(26112K), 0.0004250 secs] [Times: user=0.00 sys=0.00, real=0.00 secs] 
149.961: Total time for which application threads were stopped: 0.0005270 seconds, Stopping threads took: 0.0000460 seconds
150.001: Application time: 0.0392560 seconds
150.001: [GC [PSYoungGen: 7712K->528K(8192K)] 11780K->4596K(26112K), 0.0004150 secs] [Times: user=0.00 sys=0.00, real=0.00 secs] 
150.001: Total time for which application threads were stopped: 0.0005090 seconds, Stopping threads took: 0.0000380 seconds
150.041: Application time: 0.0394430 seconds
150.041: [GC [PSYoungGen: 7696K->480K(8192K)] 11764K->4548K(26112K), 0.0004320 secs] [Times: user=0.00 sys=0.00, real=0.00 secs] 
150.041: Total time for which application threads were stopped: 0.0005410 seconds, Stopping threads took: 0.0000560 seconds
150.080: Application time: 0.0392200 seconds
150.080: [GC [PSYoungGen: 7648K->528K(8192K)] 11716K->4596K(26112K), 0.0004790 secs] [Times: user=0.00 sys=0.01, real=0.00 secs] 
150.081: Total time for which application threads were stopped: 0.0005850 seconds, Stopping threads took: 0.0000530 seconds
150.120: Application time: 0.0392170 seconds
150.120: [GC [PSYoungGen: 7696K->496K(8192K)] 11764K->4564K(26112K), 0.0004020 secs] [Times: user=0.00 sys=0.00, real=0.00 secs] 
150.121: Total time for which application threads were stopped: 0.0005080 seconds, Stopping threads took: 0.0000540 seconds
150.160: Application time: 0.0391440 seconds
150.160: [GC [PSYoungGen: 7664K->448K(8192K)] 11732K->4516K(26112K), 0.0004130 secs] [Times: user=0.01 sys=0.00, real=0.00 secs] 
150.160: Total time for which application threads were stopped: 0.0005160 seconds, Stopping threads took: 0.0000510 seconds
150.199: Application time: 0.0391060 seconds
150.199: [GC [PSYoungGen: 7616K->480K(8192K)] 11684K->4548K(26112K), 0.0004330 secs] [Times: user=0.00 sys=0.00, real=0.00 secs] 
150.200: Total time for which application threads were stopped: 0.0005420 seconds, Stopping threads took: 0.0000420 seconds
150.239: Application time: 0.0392110 seconds
150.239: [GC [PSYoungGen: 7648K->448K(8192K)] 11716K->4516K(26112K), 0.0004200 secs] [Times: user=0.01 sys=0.00, real=0.00 secs] 
150.240: Total time for which application threads were stopped: 0.0005310 seconds, Stopping threads took: 0.0000520 seconds
150.279: Application time: 0.0392600 seconds
150.279: [GC [PSYoungGen: 7616K->464K(8192K)] 11684K->4532K(26112K), 0.0004400 secs] [Times: user=0.00 sys=0.00, real=0.00 secs] 
150.280: Total time for which application threads were stopped: 0.0005460 seconds, Stopping threads took: 0.0000510 seconds
150.320: Application time: 0.0406250 seconds
150.320: [GC [PSYoungGen: 7632K->432K(8192K)] 11700K->4548K(26112K), 0.0004220 secs] [Times: user=0.00 sys=0.00, real=0.00 secs] 
150.321: Total time for which application threads were stopped: 0.0005460 seconds, Stopping threads took: 0.0000540 seconds
150.360: Application time: 0.0392850 seconds
150.360: [GC [PSYoungGen: 7600K->368K(8192K)] 11716K->4564K(26112K), 0.0004370 secs] [Times: user=0.00 sys=0.00, real=0.00 secs] 
150.361: Total time for which application threads were stopped: 0.0005460 seconds, Stopping threads took: 0.0000570 seconds
150.400: Application time: 0.0392820 seconds
150.400: [GC [PSYoungGen: 7536K->288K(8192K)] 11732K->4600K(26112K), 0.0004020 secs] [Times: user=0.00 sys=0.00, real=0.00 secs] 
150.400: Total time for which application threads were stopped: 0.0005070 seconds, Stopping threads took: 0.0000500 seconds
150.441: Application time: 0.0405850 seconds
150.441: [GC [PSYoungGen: 7456K->256K(8192K)] 11768K->4640K(26112K), 0.0003920 secs] [Times: user=0.00 sys=0.00, real=0.00 secs] 
150.441: Total time for which application threads were stopped: 0.0005010 seconds, Stopping threads took: 0.0000500 seconds
150.481: Application time: 0.0393300 seconds
150.481: [GC [PSYoungGen: 7424K->256K(8192K)] 11808K->4640K(26112K), 0.0003570 secs] [Times: user=0.00 sys=0.00, real=0.00 secs] 
150.481: Total time for which application threads were stopped: 0.0004520 seconds, Stopping threads took: 0.0000420 seconds
150.520: Application time: 0.0390070 seconds
150.520: [GC [PSYoungGen: 7424K->272K(8192K)] 11808K->4656K(26112K), 0.0003430 secs] [Times: user=0.00 sys=0.00, real=0.00 secs] 
150.521: Total time for which application threads were stopped: 0.0004560 seconds, Stopping threads took: 0.0000570 seconds
150.557: Application time: 0.0367490 seconds
150.557: [GC [PSYoungGen: 7440K->400K(8192K)] 11824K->4784K(26112K), 0.0003840 secs] [Times: user=0.00 sys=0.00, real=0.00 secs] 
150.558: Total time for which application threads were stopped: 0.0004970 seconds, Stopping threads took: 0.0000540 seconds
150.597: Application time: 0.0390800 seconds
150.597: [GC [PSYoungGen: 7568K->400K(8192K)] 11952K->4784K(26112K), 0.0004410 secs] [Times: user=0.00 sys=0.00, real=0.00 secs] 
150.598: Total time for which application threads were stopped: 0.0005480 seconds, Stopping threads took: 0.0000480 seconds
150.636: Application time: 0.0382810 seconds
150.636: [GC [PSYoungGen: 7568K->512K(8192K)] 11952K->4896K(26112K), 0.0004480 secs] [Times: user=0.01 sys=0.00, real=0.00 secs] 
150.636: Total time for which application threads were stopped: 0.0005590 seconds, Stopping threads took: 0.0000550 seconds
150.676: Application time: 0.0392480 seconds
150.676: [GC [PSYoungGen: 7680K->512K(8192K)] 12064K->4896K(26112K), 0.0004800 secs] [Times: user=0.00 sys=0.00, real=0.00 secs] 
150.676: Total time for which application threads were stopped: 0.0005890 seconds, Stopping threads took: 0.0000530 seconds
150.716: Application time: 0.0397880 seconds
150.716: [GC [PSYoungGen: 7680K->496K(8192K)] 12064K->4880K(26112K), 0.0004570 secs] [Times: user=0.00 sys=0.00, real=0.00 secs] 
150.717: Total time for which application threads were stopped: 0.0005880 seconds, Stopping threads took: 0.0000650 seconds
150.756: Application time: 0.0392530 seconds
150.756: [GC [PSYoungGen: 7664K->528K(8192K)] 12048K->4912K(26112K), 0.0004560 secs] [Times: user=0.00 sys=0.00, real=0.00 secs] 
150.756: Total time for which application threads were stopped: 0.0005750 seconds, Stopping threads took: 0.0000570 seconds
150.796: Application time: 0.0392800 seconds
150.796: [GC [PSYoungGen: 7696K->512K(8192K)] 12080K->4896K(26112K), 0.0004660 secs] [Times: user=0.00 sys=0.00, real=0.00 secs] 
150.796: Total time for which application threads were stopped: 0.0005570 seconds, Stopping threads took: 0.0000380 seconds
150.835: Application time: 0.0392070 seconds
150.836: [GC [PSYoungGen: 7680K->560K(8192K)] 12064K->4944K(26112K), 0.0004050 secs] [Times: user=0.00 sys=0.00, real=0.00 secs] 
150.836: Total time for which application threads were stopped: 0.0005210 seconds, Stopping threads took: 0.0000530 seconds
150.875: Application time: 0.0392330 seconds
150.875: [GC [PSYoungGen: 7728K->480K(8192K)] 12112K->4864K(26112K), 0.0004030 secs] [Times: user=0.00 sys=0.00, real=0.00 secs] 
150.876: Total time for which application threads were stopped: 0.0004960 seconds, Stopping threads took: 0.0000400 seconds
150.915: Application time: 0.0390270 seconds
150.915: [GC [PSYoungGen: 7648K->496K(8192K)] 12032K->4880K(26112K), 0.0004050 secs] [Times: user=0.00 sys=0.00, real=0.00 secs] 
150.915: Total time for which application threads were stopped: 0.0005140 seconds, Stopping threads took: 0.0000560 seconds
150.954: Application time: 0.0390100 seconds
150.954: [GC [PSYoungGen: 7664K->480K(8192K)] 12048K->4864K(26112K), 0.0004520 secs] [Times: user=0.00 sys=0.00, real=0.00 secs] 
150.955: Total time for which application threads were stopped: 0.0005530 seconds, Stopping threads took: 0.0000450 seconds
150.994: Application time: 0.0393110 seconds
150.997: [GC [PSYoungGen: 7648K->512K(8192K)] 12032K->4896K(26112K), 0.0004240 secs] [Times: user=0.00 sys=0.00, real=0.00 secs] 
150.997: Total time for which application threads were stopped: 0.0030520 seconds, Stopping threads took: 0.0025740 seconds
151.036: Application time: 0.0391880 seconds
151.036: [GC [PSYoungGen: 7680K->480K(8192K)] 12064K->4864K(26112K), 0.0004690 secs] [Times: user=0.01 sys=0.00, real=0.01 secs] 
151.038: Total time for which application threads were stopped: 0.0016050 seconds, Stopping threads took: 0.0000470 seconds
151.077: Application time: 0.0391690 seconds
151.077: [GC [PSYoungGen: 7648K->512K(8192K)] 12032K->4896K(26112K), 0.0004130 secs] [Times: user=0.00 sys=0.00, real=0.00 secs] 
151.078: Total time for which application threads were stopped: 0.0005050 seconds, Stopping threads took: 0.0000400 seconds
151.117: Application time: 0.0395600 seconds
151.117: [GC [PSYoungGen: 7680K->432K(8192K)] 12064K->4864K(26112K), 0.0004300 secs] [Times: user=0.00 sys=0.00, real=0.00 secs] 
151.118: Total time for which application threads were stopped: 0.0005240 seconds, Stopping threads took: 0.0000390 seconds
151.157: Application time: 0.0392180 seconds
151.157: [GC [PSYoungGen: 7600K->288K(8192K)] 12032K->4877K(26112K), 0.0004790 secs] [Times: user=0.00 sys=0.00, real=0.00 secs] 
151.158: Total time for which application threads were stopped: 0.0005940 seconds, Stopping threads took: 0.0000640 seconds
151.197: Application time: 0.0392560 seconds
151.197: [GC [PSYoungGen: 7456K->288K(8192K)] 12045K->4933K(26112K), 0.0003740 secs] [Times: user=0.00 sys=0.00, real=0.00 secs] 
151.197: Total time for which application threads were stopped: 0.0004830 seconds, Stopping threads took: 0.0000540 seconds
151.236: Application time: 0.0391150 seconds
151.237: [GC [PSYoungGen: 7456K->240K(8192K)] 12101K->4973K(26112K), 0.0004090 secs] [Times: user=0.00 sys=0.00, real=0.01 secs] 
151.237: Total time for which application threads were stopped: 0.0005220 seconds, Stopping threads took: 0.0000570 seconds
151.276: Application time: 0.0388550 seconds
151.276: [GC [PSYoungGen: 7408K->272K(8192K)] 12141K->5005K(26112K), 0.0003660 secs] [Times: user=0.00 sys=0.00, real=0.00 secs] 
151.276: Total time for which application threads were stopped: 0.0004580 seconds, Stopping threads took: 0.0000370 seconds
151.316: Application time: 0.0393220 seconds
151.316: [GC [PSYoungGen: 7440K->272K(8192K)] 12173K->5005K(26112K), 0.0003590 secs] [Times: user=0.01 sys=0.00, real=0.00 secs] 
151.316: Total time for which application threads were stopped: 0.0004750 seconds, Stopping threads took: 0.0000620 seconds
151.353: Application time: 0.0365430 seconds
151.353: [GC [PSYoungGen: 7440K->464K(8192K)] 12173K->5197K(26112K), 0.0004230 secs] [Times: user=0.00 sys=0.00, real=0.00 secs] 
151.353: Total time for which application threads were stopped: 0.0005470 seconds, Stopping threads took: 0.0000570 seconds
151.392: Application time: 0.0389480 seconds
151.392: [GC [PSYoungGen: 7632K->400K(8192K)] 12365K->5133K(26112K), 0.0003980 secs] [Times: user=0.00 sys=0.00, real=0.00 secs] 
151.393: Total time for which application threads were stopped: 0.0005130 seconds, Stopping threads took: 0.0000560 seconds
151.431: Application time: 0.0385340 seconds
151.431: [GC [PSYoungGen: 7568K->544K(8192K)] 12301K->5277K(26112K), 0.0004150 secs] [Times: user=0.00 sys=0.00, real=0.00 secs] 
151.432: Total time for which application threads were stopped: 0.0005280 seconds, Stopping threads took: 0.0000540 seconds
151.471: Application time: 0.0396350 seconds
151.471: [GC [PSYoungGen: 7712K->512K(8192K)] 12445K->5245K(26112K), 0.0004540 secs] [Times: user=0.00 sys=0.00, real=0.00 secs] 
151.472: Total time for which application threads were stopped: 0.0005530 seconds, Stopping threads took: 0.0000430 seconds
151.511: Application time: 0.0391360 seconds
151.511: [GC [PSYoungGen: 7680K->512K(8192K)] 12413K->5245K(26112K), 0.0004010 secs] [Times: user=0.00 sys=0.00, real=0.00 secs] 
151.512: Total time for which application threads were stopped: 0.0004990 seconds, Stopping threads took: 0.0000450 seconds
151.551: Application time: 0.0394140 seconds
151.551: [GC [PSYoungGen: 7680K->496K(8192K)] 12413K->5229K(26112K), 0.0004040 secs] [Times: user=0.00 sys=0.00, real=0.00 secs] 
151.551: Total time for which application threads were stopped: 0.0005120 seconds, Stopping threads took: 0.0000550 seconds
151.591: Application time: 0.0396720 seconds
151.591: [GC [PSYoungGen: 7664K->528K(8192K)] 12397K->5261K(26112K), 0.0004520 secs] [Times: user=0.00 sys=0.00, real=0.00 secs] 
151.592: Total time for which application threads were stopped: 0.0005600 seconds, Stopping threads took: 0.0000540 seconds
151.631: Application time: 0.0393490 seconds
151.631: [GC [PSYoungGen: 7696K->480K(8192K)] 12429K->5213K(26112K), 0.0004040 secs] [Times: user=0.00 sys=0.00, real=0.00 secs] 
151.632: Total time for which application threads were stopped: 0.0005090 seconds, Stopping threads took: 0.0000540 seconds
151.671: Application time: 0.0391870 seconds
151.671: [GC [PSYoungGen: 7648K->512K(8192K)] 12381K->5245K(26112K), 0.0004410 secs] [Times: user=0.00 sys=0.00, real=0.00 secs] 
151.671: Total time for which application threads were stopped: 0.0005490 seconds, Stopping threads took: 0.0000550 seconds
151.711: Application time: 0.0393720 seconds
151.711: [GC [PSYoungGen: 7680K->480K(8192K)] 12413K->5213K(26112K), 0.0004690 secs] [Times: user=0.01 sys=0.00, real=0.00 secs] 
151.711: Total time for which application threads were stopped: 0.0005880 seconds, Stopping threads took: 0.0000490 seconds
151.750: Application time: 0.0390380 seconds
151.750: [GC [PSYoungGen: 7648K->528K(8192K)] 12381K->5261K(26112K), 0.0004160 secs] [Times: user=0.00 sys=0.00, real=0.00 secs] 
151.751: Total time for which application threads were stopped: 0.0005360 seconds, Stopping threads took: 0.0000550 seconds
151.790: Application time: 0.0392460 seconds
151.790: [GC [PSYoungGen: 7696K->464K(8192K)] 12429K->5197K(26112K), 0.0004160 secs] [Times: user=0.01 sys=0.00, real=0.00 secs] 
151.791: Total time for which application threads were stopped: 0.0005180 seconds, Stopping threads took: 0.0000450 seconds
151.831: Application time: 0.0404090 seconds
151.831: [GC [PSYoungGen: 7632K->496K(8192K)] 12365K->5229K(26112K), 0.0004300 secs] [Times: user=0.01 sys=0.00, real=0.00 secs] 
151.832: Total time for which application threads were stopped: 0.0005500 seconds, Stopping threads took: 0.0000570 seconds
151.871: Application time: 0.0391340 seconds
151.873: [GC [PSYoungGen: 7664K->528K(8192K)] 12397K->5309K(26112K), 0.0004940 secs] [Times: user=0.00 sys=0.00, real=0.00 secs] 
151.873: Total time for which application threads were stopped: 0.0025980 seconds, Stopping threads took: 0.0020420 seconds
151.913: Application time: 0.0395210 seconds
151.913: [GC [PSYoungGen: 7696K->496K(8192K)] 12477K->5277K(26112K), 0.0004190 secs] [Times: user=0.00 sys=0.00, real=0.00 secs] 
151.913: Total time for which application threads were stopped: 0.0005290 seconds, Stopping threads took: 0.0000510 seconds
151.954: Application time: 0.0401940 seconds
151.954: [GC [PSYoungGen: 7664K->288K(8192K)] 12445K->5249K(26112K), 0.0004400 secs] [Times: user=0.00 sys=0.00, real=0.00 secs] 
151.954: Total time for which application threads were stopped: 0.0005590 seconds, Stopping threads took: 0.0000600 seconds
151.993: Application time: 0.0393770 seconds
151.994: [GC [PSYoungGen: 7456K->272K(8192K)] 12417K->5289K(26112K), 0.0003610 secs] [Times: user=0.00 sys=0.00, real=0.00 secs] 
151.994: Total time for which application threads were stopped: 0.0004680 seconds, Stopping threads took: 0.0000550 seconds
152.033: Application time: 0.0393690 seconds
152.033: [GC [PSYoungGen: 7440K->256K(8192K)] 12457K->5329K(26112K), 0.0003620 secs] [Times: user=0.00 sys=0.00, real=0.00 secs] 
152.034: Total time for which application threads were stopped: 0.0004550 seconds, Stopping threads took: 0.0000390 seconds
152.072: Application time: 0.0386420 seconds
152.072: [GC [PSYoungGen: 7424K->272K(8192K)] 12497K->5345K(26112K), 0.0003720 secs] [Times: user=0.00 sys=0.00, real=0.00 secs] 
152.073: Total time for which application threads were stopped: 0.0004830 seconds, Stopping threads took: 0.0000550 seconds
152.112: Application time: 0.0391260 seconds
152.112: [GC [PSYoungGen: 7440K->288K(8192K)] 12513K->5361K(26112K), 0.0003780 secs] [Times: user=0.00 sys=0.00, real=0.00 secs] 
152.113: Total time for which application threads were stopped: 0.0004890 seconds, Stopping threads took: 0.0000510 seconds
152.150: Application time: 0.0372640 seconds
152.150: [GC [PSYoungGen: 7456K->416K(8192K)] 12529K->5489K(26112K), 0.0003910 secs] [Times: user=0.00 sys=0.00, real=0.00 secs] 
152.150: Total time for which application threads were stopped: 0.0004940 seconds, Stopping threads took: 0.0000460 seconds
152.189: Application time: 0.0386880 seconds
152.189: [GC [PSYoungGen: 7584K->448K(8192K)] 12657K->5521K(26112K), 0.0004120 secs] [Times: user=0.00 sys=0.00, real=0.00 secs] 
152.189: Total time for which application threads were stopped: 0.0005230 seconds, Stopping threads took: 0.0000520 seconds
152.229: Application time: 0.0391300 seconds
152.229: [GC [PSYoungGen: 7616K->464K(8192K)] 12689K->5537K(26112K), 0.0004160 secs] [Times: user=0.00 sys=0.00, real=0.00 secs] 
152.229: Total time for which application threads were stopped: 0.0005340 seconds, Stopping threads took: 0.0000570 seconds
152.269: Application time: 0.0394000 seconds
152.269: [GC [PSYoungGen: 7632K->512K(8192K)] 12705K->5585K(26112K), 0.0004550 secs] [Times: user=0.00 sys=0.00, real=0.01 secs] 
152.269: Total time for which application threads were stopped: 0.0005570 seconds, Stopping threads took: 0.0000480 seconds
152.308: Application time: 0.0392890 seconds
152.308: [GC [PSYoungGen: 7680K->496K(8192K)] 12753K->5569K(26112K), 0.0004020 secs] [Times: user=0.00 sys=0.01, real=0.01 secs] 
152.309: Total time for which application threads were stopped: 0.0005100 seconds, Stopping threads took: 0.0000530 seconds
152.348: Application time: 0.0394670 seconds
152.348: [GC [PSYoungGen: 7664K->512K(8192K)] 12737K->5585K(26112K), 0.0004160 secs] [Times: user=0.00 sys=0.00, real=0.01 secs] 
152.349: Total time for which application threads were stopped: 0.0005160 seconds, Stopping threads took: 0.0000440 seconds
152.388: Application time: 0.0391790 seconds
152.388: [GC [PSYoungGen: 7680K->496K(8192K)] 12753K->5569K(26112K), 0.0004080 secs] [Times: user=0.01 sys=0.00, real=0.00 secs] 
152.389: Total time for which application threads were stopped: 0.0005190 seconds, Stopping threads took: 0.0000420 seconds
152.428: Application time: 0.0392140 seconds
152.428: [GC [PSYoungGen: 7664K->512K(8192K)] 12737K->5585K(26112K), 0.0004820 secs] [Times: user=0.00 sys=0.00, real=0.00 secs] 
152.428: Total time for which application threads were stopped: 0.0006050 seconds, Stopping threads took: 0.0000700 seconds
152.468: Application time: 0.0392150 seconds
152.468: [GC [PSYoungGen: 7680K->544K(8192K)] 12753K->5617K(26112K), 0.0004170 secs] [Times: user=0.00 sys=0.00, real=0.00 secs] 
152.468: Total time for which application threads were stopped: 0.0005290 seconds, Stopping threads took: 0.0000550 seconds
152.507: Application time: 0.0390920 seconds
152.507: [GC [PSYoungGen: 7712K->496K(8192K)] 12785K->5569K(26112K), 0.0004440 secs] [Times: user=0.00 sys=0.00, real=0.00 secs] 
152.508: Total time for which application threads were stopped: 0.0005510 seconds, Stopping threads took: 0.0000550 seconds
152.547: Application time: 0.0391060 seconds
152.547: [GC [PSYoungGen: 7664K->496K(8192K)] 12737K->5569K(26112K), 0.0004440 secs] [Times: user=0.01 sys=0.00, real=0.00 secs] 
152.547: Total time for which application threads were stopped: 0.0005410 seconds, Stopping threads took: 0.0000430 seconds
152.587: Application time: 0.0392090 seconds
152.587: [GC [PSYoungGen: 7664K->528K(8192K)] 12737K->5601K(26112K), 0.0004790 secs] [Times: user=0.00 sys=0.00, real=0.00 secs] 
152.587: Total time for which application threads were stopped: 0.0005800 seconds, Stopping threads took: 0.0000460 seconds
152.626: Application time: 0.0392410 seconds
152.627: [GC [PSYoungGen: 7696K->544K(8192K)] 12769K->5617K(26112K), 0.0004130 secs] [Times: user=0.00 sys=0.00, real=0.00 secs] 
152.627: Total time for which application threads were stopped: 0.0005190 seconds, Stopping threads took: 0.0000490 seconds
152.666: Application time: 0.0392620 seconds
152.666: [GC [PSYoungGen: 7712K->432K(8192K)] 12785K->5561K(26112K), 0.0004500 secs] [Times: user=0.00 sys=0.00, real=0.00 secs] 
152.667: Total time for which application threads were stopped: 0.0005610 seconds, Stopping threads took: 0.0000540 seconds
152.706: Application time: 0.0393970 seconds
152.707: [GC [PSYoungGen: 7600K->432K(8192K)] 12729K->5609K(26112K), 0.0005510 secs] [Times: user=0.01 sys=0.00, real=0.00 secs] 
152.707: Total time for which application threads were stopped: 0.0008730 seconds, Stopping threads took: 0.0002540 seconds
152.746: Application time: 0.0392530 seconds
152.746: [GC [PSYoungGen: 7600K->320K(8192K)] 12777K->5641K(26112K), 0.0004330 secs] [Times: user=0.00 sys=0.00, real=0.00 secs] 
152.747: Total time for which application threads were stopped: 0.0005360 seconds, Stopping threads took: 0.0000460 seconds
152.786: Application time: 0.0393250 seconds
152.786: [GC [PSYoungGen: 7488K->256K(8192K)] 12809K->5625K(26112K), 0.0003880 secs] [Times: user=0.00 sys=0.00, real=0.00 secs] 
152.787: Total time for which application threads were stopped: 0.0004940 seconds, Stopping threads took: 0.0000490 seconds
152.826: Application time: 0.0392150 seconds
152.826: [GC [PSYoungGen: 7424K->256K(8192K)] 12793K->5673K(26112K), 0.0003350 secs] [Times: user=0.00 sys=0.00, real=0.00 secs] 
152.826: Total time for which application threads were stopped: 0.0004380 seconds, Stopping threads took: 0.0000500 seconds
152.865: Application time: 0.0388280 seconds
152.865: [GC [PSYoungGen: 7424K->256K(8192K)] 12841K->5673K(26112K), 0.0004200 secs] [Times: user=0.00 sys=0.00, real=0.00 secs] 
152.866: Total time for which application threads were stopped: 0.0005220 seconds, Stopping threads took: 0.0000510 seconds
152.903: Application time: 0.0376930 seconds
152.904: [GC [PSYoungGen: 7424K->336K(8192K)] 12841K->5753K(26112K), 0.0004100 secs] [Times: user=0.01 sys=0.00, real=0.00 secs] 
152.904: Total time for which application threads were stopped: 0.0005140 seconds, Stopping threads took: 0.0000420 seconds
152.942: Application time: 0.0382060 seconds
152.942: [GC [PSYoungGen: 7504K->464K(8192K)] 12921K->5881K(26112K), 0.0004180 secs] [Times: user=0.00 sys=0.00, real=0.00 secs] 
152.943: Total time for which application threads were stopped: 0.0005300 seconds, Stopping threads took: 0.0000570 seconds
152.982: Application time: 0.0388720 seconds
152.982: [GC [PSYoungGen: 7632K->464K(8192K)] 13049K->5881K(26112K), 0.0004290 secs] [Times: user=0.00 sys=0.00, real=0.00 secs] 
152.982: Total time for which application threads were stopped: 0.0005300 seconds, Stopping threads took: 0.0000460 seconds
153.021: Application time: 0.0386740 seconds
153.021: [GC [PSYoungGen: 7632K->512K(8192K)] 13049K->5929K(26112K), 0.0004420 secs] [Times: user=0.00 sys=0.00, real=0.00 secs] 
153.021: Total time for which application threads were stopped: 0.0005550 seconds, Stopping threads took: 0.0000530 seconds
153.061: Application time: 0.0395350 seconds
153.061: [GC [PSYoungGen: 7680K->544K(8192K)] 13097K->5961K(26112K), 0.0004570 secs] [Times: user=0.00 sys=0.00, real=0.00 secs] 
153.061: Total time for which application threads were stopped: 0.0005590 seconds, Stopping threads took: 0.0000490 seconds
153.101: Application time: 0.0400700 seconds
153.102: [GC [PSYoungGen: 7712K->512K(8192K)] 13129K->5929K(26112K), 0.0004960 secs] [Times: user=0.00 sys=0.00, real=0.00 secs] 
153.102: Total time for which application threads were stopped: 0.0006150 seconds, Stopping threads took: 0.0000670 seconds
153.141: Application time: 0.0393780 seconds
153.142: [GC [PSYoungGen: 7680K->496K(8192K)] 13097K->5913K(26112K), 0.0004120 secs] [Times: user=0.00 sys=0.00, real=0.00 secs] 
153.142: Total time for which application threads were stopped: 0.0005080 seconds, Stopping threads took: 0.0000420 seconds
153.181: Application time: 0.0389780 seconds
153.181: [GC [PSYoungGen: 7664K->480K(8192K)] 13081K->5897K(26112K), 0.0004140 secs] [Times: user=0.00 sys=0.00, real=0.00 secs] 
153.181: Total time for which application threads were stopped: 0.0005250 seconds, Stopping threads took: 0.0000550 seconds
153.221: Application time: 0.0395290 seconds
153.221: [GC [PSYoungGen: 7648K->496K(8192K)] 13065K->5913K(26112K), 0.0004260 secs] [Times: user=0.00 sys=0.00, real=0.00 secs] 
153.222: Total time for which application threads were stopped: 0.0005310 seconds, Stopping threads took: 0.0000490 seconds
153.261: Application time: 0.0391320 seconds
153.261: [GC [PSYoungGen: 7664K->528K(8192K)] 13081K->5945K(26112K), 0.0004180 secs] [Times: user=0.00 sys=0.00, real=0.00 secs] 
153.261: Total time for which application threads were stopped: 0.0005290 seconds, Stopping threads took: 0.0000540 seconds
153.300: Application time: 0.0386320 seconds
153.300: [GC [PSYoungGen: 7696K->480K(8192K)] 13113K->5897K(26112K), 0.0004440 secs] [Times: user=0.00 sys=0.00, real=0.00 secs] 
153.300: Total time for which application threads were stopped: 0.0005470 seconds, Stopping threads took: 0.0000440 seconds
153.341: Application time: 0.0405220 seconds
153.345: [GC [PSYoungGen: 7648K->496K(8192K)] 13065K->5913K(26112K), 0.0005520 secs] [Times: user=0.01 sys=0.00, real=0.00 secs] 
153.346: Total time for which application threads were stopped: 0.0046470 seconds, Stopping threads took: 0.0040350 seconds
153.385: Application time: 0.0392580 seconds
153.385: [GC [PSYoungGen: 7664K->528K(8192K)] 13081K->5945K(26112K), 0.0004570 secs] [Times: user=0.00 sys=0.00, real=0.00 secs] 
153.385: Total time for which application threads were stopped: 0.0005840 seconds, Stopping threads took: 0.0000680 seconds
153.425: Application time: 0.0391180 seconds
153.425: [GC [PSYoungGen: 7696K->496K(8192K)] 13113K->5913K(26112K), 0.0004000 secs] [Times: user=0.00 sys=0.00, real=0.00 secs] 
153.425: Total time for which application threads were stopped: 0.0005080 seconds, Stopping threads took: 0.0000470 seconds
153.466: Application time: 0.0413820 seconds
153.467: [GC [PSYoungGen: 7664K->416K(8192K)] 13081K->5873K(26112K), 0.0004360 secs] [Times: user=0.00 sys=0.00, real=0.00 secs] 
153.467: Total time for which application threads were stopped: 0.0005570 seconds, Stopping threads took: 0.0000660 seconds
153.506: Application time: 0.0393870 seconds
153.506: [GC [PSYoungGen: 7584K->368K(8192K)] 13041K->5937K(26112K), 0.0005070 secs] [Times: user=0.00 sys=0.00, real=0.00 secs] 
153.507: Total time for which application threads were stopped: 0.0006300 seconds, Stopping threads took: 0.0000660 seconds
153.546: Application time: 0.0394660 seconds
153.547: [GC [PSYoungGen: 7536K->288K(8192K)] 13105K->5937K(26112K), 0.0003880 secs] [Times: user=0.00 sys=0.00, real=0.00 secs] 
153.547: Total time for which application threads were stopped: 0.0005000 seconds, Stopping threads took: 0.0000560 seconds
153.586: Application time: 0.0392860 seconds
153.586: [GC [PSYoungGen: 7456K->256K(8192K)] 13105K->5961K(26112K), 0.0004320 secs] [Times: user=0.00 sys=0.00, real=0.00 secs] 
153.587: Total time for which application threads were stopped: 0.0005280 seconds, Stopping threads took: 0.0000430 seconds
153.626: Application time: 0.0392520 seconds
153.626: [GC [PSYoungGen: 7424K->256K(8192K)] 13129K->6017K(26112K), 0.0003530 secs] [Times: user=0.01 sys=0.00, real=0.00 secs] 
153.626: Total time for which application threads were stopped: 0.0004620 seconds, Stopping threads took: 0.0000550 seconds
153.665: Application time: 0.0388440 seconds
153.665: [GC [PSYoungGen: 7424K->256K(8192K)] 13185K->6017K(26112K), 0.0003840 secs] [Times: user=0.00 sys=0.00, real=0.00 secs] 
153.666: Total time for which application threads were stopped: 0.0004930 seconds, Stopping threads took: 0.0000550 seconds
153.703: Application time: 0.0375070 seconds
153.703: [GC [PSYoungGen: 7424K->384K(8192K)] 13185K->6145K(26112K), 0.0004370 secs] [Times: user=0.00 sys=0.00, real=0.00 secs] 
153.704: Total time for which application threads were stopped: 0.0005540 seconds, Stopping threads took: 0.0000570 seconds
153.743: Application time: 0.0390380 seconds
153.743: [GC [PSYoungGen: 7552K->416K(8192K)] 13313K->6177K(26112K), 0.0004370 secs] [Times: user=0.00 sys=0.00, real=0.00 secs] 
153.744: Total time for which application threads were stopped: 0.0005620 seconds, Stopping threads took: 0.0000640 seconds
153.782: Application time: 0.0387150 seconds
153.782: [GC [PSYoungGen: 7584K->480K(8192K)] 13345K->6241K(26112K), 0.0004370 secs] [Times: user=0.00 sys=0.00, real=0.00 secs] 
153.783: Total time for which application threads were stopped: 0.0005330 seconds, Stopping threads took: 0.0000430 seconds
153.822: Application time: 0.0393630 seconds
153.822: [GC [PSYoungGen: 7648K->448K(8192K)] 13409K->6209K(26112K), 0.0005450 secs] [Times: user=0.00 sys=0.00, real=0.00 secs] 
153.823: Total time for which application threads were stopped: 0.0006570 seconds, Stopping threads took: 0.0000580 seconds
153.862: Application time: 0.0389690 seconds
153.865: [GC [PSYoungGen: 7616K->496K(8192K)] 13377K->6258K(26112K), 0.0004110 secs] [Times: user=0.01 sys=0.00, real=0.00 secs] 
153.865: Total time for which application threads were stopped: 0.0034260 seconds, Stopping threads took: 0.0029590 seconds
153.905: Application time: 0.0393270 seconds
153.905: [GC [PSYoungGen: 7664K->464K(8192K)] 13426K->6225K(26112K), 0.0004120 secs] [Times: user=0.00 sys=0.00, real=0.00 secs] 
153.905: Total time for which application threads were stopped: 0.0005270 seconds, Stopping threads took: 0.0000550 seconds
153.944: Application time: 0.0392830 seconds
153.944: [GC [PSYoungGen: 7632K->528K(8192K)] 13393K->6290K(26112K), 0.0004110 secs] [Times: user=0.00 sys=0.00, real=0.00 secs] 
153.945: Total time for which application threads were stopped: 0.0005370 seconds, Stopping threads took: 0.0000600 seconds
153.984: Application time: 0.0394770 seconds
153.984: [GC [PSYoungGen: 7696K->528K(8192K)] 13458K->6290K(26112K), 0.0004060 secs] [Times: user=0.00 sys=0.00, real=0.00 secs] 
153.985: Total time for which application threads were stopped: 0.0005190 seconds, Stopping threads took: 0.0000580 seconds
154.024: Application time: 0.0393080 seconds
154.024: [GC [PSYoungGen: 7696K->464K(8192K)] 13458K->6225K(26112K), 0.0004060 secs] [Times: user=0.00 sys=0.00, real=0.00 secs] 
154.025: Total time for which application threads were stopped: 0.0005250 seconds, Stopping threads took: 0.0000550 seconds
154.064: Application time: 0.0392310 seconds
154.064: [GC [PSYoungGen: 7632K->512K(8192K)] 13393K->6273K(26112K), 0.0004080 secs] [Times: user=0.00 sys=0.00, real=0.00 secs] 
154.064: Total time for which application threads were stopped: 0.0005150 seconds, Stopping threads took: 0.0000510 seconds
154.104: Application time: 0.0392090 seconds
154.104: [GC [PSYoungGen: 7680K->496K(8192K)] 13441K->6257K(26112K), 0.0004000 secs] [Times: user=0.00 sys=0.00, real=0.00 secs] 
154.104: Total time for which application threads were stopped: 0.0005030 seconds, Stopping threads took: 0.0000500 seconds
154.143: Application time: 0.0392380 seconds
154.143: [GC [PSYoungGen: 7664K->528K(8192K)] 13425K->6289K(26112K), 0.0004200 secs] [Times: user=0.00 sys=0.00, real=0.00 secs] 
154.144: Total time for which application threads were stopped: 0.0005360 seconds, Stopping threads took: 0.0000560 seconds
154.183: Application time: 0.0392580 seconds
154.183: [GC [PSYoungGen: 7696K->496K(8192K)] 13457K->6257K(26112K), 0.0004160 secs] [Times: user=0.00 sys=0.00, real=0.00 secs] 
154.184: Total time for which application threads were stopped: 0.0005250 seconds, Stopping threads took: 0.0000540 seconds
154.223: Application time: 0.0394920 seconds
154.223: [GC [PSYoungGen: 7664K->464K(8192K)] 13425K->6225K(26112K), 0.0004650 secs] [Times: user=0.01 sys=0.00, real=0.00 secs] 
154.224: Total time for which application threads were stopped: 0.0005890 seconds, Stopping threads took: 0.0000680 seconds
154.263: Application time: 0.0391820 seconds
154.263: [GC [PSYoungGen: 7632K->480K(8192K)] 13393K->6297K(26112K), 0.0004660 secs] [Times: user=0.00 sys=0.00, real=0.00 secs] 
154.264: Total time for which application threads were stopped: 0.0005690 seconds, Stopping threads took: 0.0000500 seconds
154.303: Application time: 0.0393100 seconds
154.303: [GC [PSYoungGen: 7648K->336K(8192K)] 13465K->6318K(26112K), 0.0004170 secs] [Times: user=0.00 sys=0.00, real=0.00 secs] 
154.303: Total time for which application threads were stopped: 0.0005290 seconds, Stopping threads took: 0.0000580 seconds
154.343: Application time: 0.0392600 seconds
154.343: [GC [PSYoungGen: 7504K->320K(8192K)] 13486K->6350K(26112K), 0.0003930 secs] [Times: user=0.00 sys=0.00, real=0.00 secs] 
154.343: Total time for which application threads were stopped: 0.0005060 seconds, Stopping threads took: 0.0000560 seconds
154.383: Application time: 0.0393740 seconds
154.383: [GC [PSYoungGen: 7488K->272K(8192K)] 13518K->6366K(26112K), 0.0003570 secs] [Times: user=0.00 sys=0.00, real=0.00 secs] 
154.383: Total time for which application threads were stopped: 0.0004520 seconds, Stopping threads took: 0.0000420 seconds
154.422: Application time: 0.0392800 seconds
154.422: [GC [PSYoungGen: 7440K->272K(8192K)] 13534K->6366K(26112K), 0.0003610 secs] [Times: user=0.00 sys=0.00, real=0.00 secs] 
154.423: Total time for which application threads were stopped: 0.0004600 seconds, Stopping threads took: 0.0000450 seconds
154.460: Application time: 0.0373950 seconds
154.460: [GC [PSYoungGen: 7440K->352K(8192K)] 13534K->6494K(26112K), 0.0004470 secs] [Times: user=0.00 sys=0.00, real=0.00 secs] 
154.461: Total time for which application threads were stopped: 0.0005600 seconds, Stopping threads took: 0.0000430 seconds
154.499: Application time: 0.0385230 seconds
154.499: [GC [PSYoungGen: 7520K->368K(8192K)] 13662K->6510K(26112K), 0.0003960 secs] [Times: user=0.00 sys=0.00, real=0.00 secs] 
154.500: Total time for which application threads were stopped: 0.0005070 seconds, Stopping threads took: 0.0000550 seconds
154.539: Application time: 0.0388530 seconds
154.539: [GC [PSYoungGen: 7536K->480K(8192K)] 13678K->6622K(26112K), 0.0004080 secs] [Times: user=0.00 sys=0.00, real=0.00 secs] 
154.539: Total time for which application threads were stopped: 0.0005110 seconds, Stopping threads took: 0.0000420 seconds
154.578: Application time: 0.0387390 seconds
154.578: [GC [PSYoungGen: 7648K->448K(8192K)] 13790K->6590K(26112K), 0.0004530 secs] [Times: user=0.00 sys=0.00, real=0.00 secs] 
154.578: Total time for which application threads were stopped: 0.0005580 seconds, Stopping threads took: 0.0000460 seconds
154.618: Application time: 0.0393450 seconds
154.618: [GC [PSYoungGen: 7616K->496K(8192K)] 13758K->6638K(26112K), 0.0004050 secs] [Times: user=0.00 sys=0.00, real=0.00 secs] 
154.618: Total time for which application threads were stopped: 0.0005010 seconds, Stopping threads took: 0.0000420 seconds
154.657: Application time: 0.0389750 seconds
154.657: [GC [PSYoungGen: 7664K->448K(8192K)] 13806K->6590K(26112K), 0.0004170 secs] [Times: user=0.00 sys=0.00, real=0.00 secs] 
154.658: Total time for which application threads were stopped: 0.0005250 seconds, Stopping threads took: 0.0000550 seconds
154.697: Application time: 0.0392380 seconds
154.697: [GC [PSYoungGen: 7616K->512K(8192K)] 13758K->6654K(26112K), 0.0004480 secs] [Times: user=0.00 sys=0.00, real=0.00 secs] 
154.698: Total time for which application threads were stopped: 0.0005430 seconds, Stopping threads took: 0.0000400 seconds
154.737: Application time: 0.0398740 seconds
154.737: [GC [PSYoungGen: 7680K->480K(8192K)] 13822K->6622K(26112K), 0.0004590 secs] [Times: user=0.00 sys=0.00, real=0.00 secs] 
154.738: Total time for which application threads were stopped: 0.0005840 seconds, Stopping threads took: 0.0000580 seconds
154.777: Application time: 0.0391780 seconds
154.777: [GC [PSYoungGen: 7648K->464K(8192K)] 13790K->6606K(26112K), 0.0004310 secs] [Times: user=0.00 sys=0.00, real=0.00 secs] 
154.778: Total time for which application threads were stopped: 0.0005460 seconds, Stopping threads took: 0.0000560 seconds
154.817: Application time: 0.0393350 seconds
154.821: [GC [PSYoungGen: 7632K->496K(8192K)] 13774K->6638K(26112K), 0.0004800 secs] [Times: user=0.00 sys=0.00, real=0.00 secs] 
154.821: Total time for which application threads were stopped: 0.0042300 seconds, Stopping threads took: 0.0036880 seconds
154.861: Application time: 0.0394940 seconds
154.861: [GC [PSYoungGen: 7664K->496K(8192K)] 13806K->6638K(26112K), 0.0004430 secs] [Times: user=0.00 sys=0.00, real=0.00 secs] 
154.861: Total time for which application threads were stopped: 0.0005650 seconds, Stopping threads took: 0.0000590 seconds
154.901: Application time: 0.0392140 seconds
154.901: [GC [PSYoungGen: 7664K->496K(8192K)] 13806K->6638K(26112K), 0.0004290 secs] [Times: user=0.00 sys=0.00, real=0.00 secs] 
154.901: Total time for which application threads were stopped: 0.0005440 seconds, Stopping threads took: 0.0000560 seconds
154.940: Application time: 0.0390970 seconds
154.940: [GC [PSYoungGen: 7664K->512K(8192K)] 13806K->6654K(26112K), 0.0004380 secs] [Times: user=0.00 sys=0.00, real=0.00 secs] 
154.941: Total time for which application threads were stopped: 0.0005440 seconds, Stopping threads took: 0.0000480 seconds
154.981: Application time: 0.0401340 seconds
154.981: [GC [PSYoungGen: 7680K->512K(8192K)] 13822K->6654K(26112K), 0.0004480 secs] [Times: user=0.01 sys=0.00, real=0.00 secs] 
154.981: Total time for which application threads were stopped: 0.0005600 seconds, Stopping threads took: 0.0000460 seconds
155.021: Application time: 0.0393050 seconds
155.021: [GC [PSYoungGen: 7680K->512K(8192K)] 13822K->6654K(26112K), 0.0004590 secs] [Times: user=0.00 sys=0.00, real=0.00 secs] 
155.021: Total time for which application threads were stopped: 0.0005570 seconds, Stopping threads took: 0.0000410 seconds
155.061: Application time: 0.0394000 seconds
155.061: [GC [PSYoungGen: 7680K->416K(8192K)] 13822K->6686K(26112K), 0.0004230 secs] [Times: user=0.00 sys=0.00, real=0.00 secs] 
155.061: Total time for which application threads were stopped: 0.0005360 seconds, Stopping threads took: 0.0000550 seconds
155.100: Application time: 0.0392480 seconds
155.101: [GC [PSYoungGen: 7584K->336K(8192K)] 13854K->6694K(26112K), 0.0003860 secs] [Times: user=0.00 sys=0.00, real=0.00 secs] 
155.101: Total time for which application threads were stopped: 0.0005010 seconds, Stopping threads took: 0.0000560 seconds
155.140: Application time: 0.0392060 seconds
155.140: [GC [PSYoungGen: 7504K->288K(8192K)] 13862K->6694K(26112K), 0.0003790 secs] [Times: user=0.00 sys=0.00, real=0.00 secs] 
155.141: Total time for which application threads were stopped: 0.0004900 seconds, Stopping threads took: 0.0000490 seconds
155.180: Application time: 0.0392200 seconds
155.180: [GC [PSYoungGen: 7456K->256K(8192K)] 13862K->6710K(26112K), 0.0003950 secs] [Times: user=0.00 sys=0.00, real=0.00 secs] 
155.180: Total time for which application threads were stopped: 0.0004980 seconds, Stopping threads took: 0.0000500 seconds
155.219: Application time: 0.0388980 seconds
155.219: [GC [PSYoungGen: 7424K->272K(8192K)] 13878K->6726K(26112K), 0.0004770 secs] [Times: user=0.00 sys=0.00, real=0.00 secs] 
155.220: Total time for which application threads were stopped: 0.0005780 seconds, Stopping threads took: 0.0000430 seconds
155.258: Application time: 0.0377900 seconds
155.258: [GC [PSYoungGen: 7440K->320K(8192K)] 13894K->6814K(26112K), 0.0005020 secs] [Times: user=0.01 sys=0.00, real=0.00 secs] 
155.258: Total time for which application threads were stopped: 0.0006130 seconds, Stopping threads took: 0.0000530 seconds
155.296: Application time: 0.0381460 seconds
155.301: [GC [PSYoungGen: 7488K->400K(8192K)] 13982K->6894K(26112K), 0.0004370 secs] [Times: user=0.01 sys=0.00, real=0.00 secs] 
155.301: Total time for which application threads were stopped: 0.0047730 seconds, Stopping threads took: 0.0042810 seconds
155.340: Application time: 0.0392080 seconds
155.341: [GC [PSYoungGen: 7568K->416K(8192K)] 14062K->6910K(26112K), 0.0004060 secs] [Times: user=0.00 sys=0.00, real=0.00 secs] 
155.341: Total time for which application threads were stopped: 0.0005280 seconds, Stopping threads took: 0.0000680 seconds
155.380: Application time: 0.0389300 seconds
155.380: [GC [PSYoungGen: 7584K->480K(8192K)] 14078K->6974K(26112K), 0.0004170 secs] [Times: user=0.00 sys=0.00, real=0.00 secs] 
155.380: Total time for which application threads were stopped: 0.0005480 seconds, Stopping threads took: 0.0000720 seconds
155.420: Application time: 0.0392730 seconds
155.420: [GC [PSYoungGen: 7648K->464K(8192K)] 14142K->6958K(26112K), 0.0004100 secs] [Times: user=0.00 sys=0.00, real=0.00 secs] 
155.420: Total time for which application threads were stopped: 0.0005240 seconds, Stopping threads took: 0.0000570 seconds
155.459: Application time: 0.0390250 seconds
155.459: [GC [PSYoungGen: 7632K->480K(8192K)] 14126K->6974K(26112K), 0.0005030 secs] [Times: user=0.00 sys=0.00, real=0.00 secs] 
155.460: Total time for which application threads were stopped: 0.0006070 seconds, Stopping threads took: 0.0000490 seconds
155.499: Application time: 0.0393590 seconds
155.499: [GC [PSYoungGen: 7648K->544K(8192K)] 14142K->7038K(26112K), 0.0004210 secs] [Times: user=0.00 sys=0.00, real=0.00 secs] 
155.500: Total time for which application threads were stopped: 0.0005280 seconds, Stopping threads took: 0.0000390 seconds
155.539: Application time: 0.0392350 seconds
155.539: [GC [PSYoungGen: 7712K->464K(8192K)] 14206K->6958K(26112K), 0.0004280 secs] [Times: user=0.00 sys=0.00, real=0.00 secs] 
155.540: Total time for which application threads were stopped: 0.0005200 seconds, Stopping threads took: 0.0000390 seconds
155.579: Application time: 0.0392700 seconds
155.579: [GC [PSYoungGen: 7632K->512K(8192K)] 14126K->7006K(26112K), 0.0004210 secs] [Times: user=0.00 sys=0.00, real=0.00 secs] 
155.579: Total time for which application threads were stopped: 0.0005330 seconds, Stopping threads took: 0.0000540 seconds
155.619: Application time: 0.0393190 seconds
155.619: [GC [PSYoungGen: 7680K->480K(8192K)] 14174K->6974K(26112K), 0.0004170 secs] [Times: user=0.00 sys=0.00, real=0.00 secs] 
155.619: Total time for which application threads were stopped: 0.0005230 seconds, Stopping threads took: 0.0000480 seconds
155.658: Application time: 0.0390990 seconds
155.658: [GC [PSYoungGen: 7648K->496K(8192K)] 14142K->6990K(26112K), 0.0004120 secs] [Times: user=0.00 sys=0.00, real=0.00 secs] 
155.659: Total time for which application threads were stopped: 0.0005320 seconds, Stopping threads took: 0.0000560 seconds
155.698: Application time: 0.0389360 seconds
155.698: [GC [PSYoungGen: 7664K->496K(8192K)] 14158K->6990K(26112K), 0.0004140 secs] [Times: user=0.00 sys=0.00, real=0.00 secs] 
155.698: Total time for which application threads were stopped: 0.0005170 seconds, Stopping threads took: 0.0000470 seconds
155.738: Application time: 0.0396130 seconds
155.738: [GC [PSYoungGen: 7664K->480K(8192K)] 14158K->6974K(26112K), 0.0004420 secs] [Times: user=0.01 sys=0.00, real=0.00 secs] 
155.738: Total time for which application threads were stopped: 0.0005680 seconds, Stopping threads took: 0.0000600 seconds
155.778: Application time: 0.0393230 seconds
155.778: [GC [PSYoungGen: 7648K->496K(8192K)] 14142K->6990K(26112K), 0.0004190 secs] [Times: user=0.00 sys=0.00, real=0.00 secs] 
155.778: Total time for which application threads were stopped: 0.0005250 seconds, Stopping threads took: 0.0000510 seconds
155.818: Application time: 0.0392200 seconds
155.818: [GC [PSYoungGen: 7664K->512K(8192K)] 14158K->7054K(26112K), 0.0004230 secs] [Times: user=0.00 sys=0.00, real=0.00 secs] 
155.818: Total time for which application threads were stopped: 0.0005360 seconds, Stopping threads took: 0.0000540 seconds
155.857: Application time: 0.0393640 seconds
155.857: [GC [PSYoungGen: 7680K->368K(8192K)] 14222K->7042K(26112K), 0.0003910 secs] [Times: user=0.00 sys=0.00, real=0.00 secs] 
155.858: Total time for which application threads were stopped: 0.0004880 seconds, Stopping threads took: 0.0000390 seconds
155.897: Application time: 0.0393750 seconds
155.901: [GC [PSYoungGen: 7536K->336K(8192K)] 14210K->7098K(26112K), 0.0004470 secs] [Times: user=0.00 sys=0.00, real=0.00 secs] 
155.901: Total time for which application threads were stopped: 0.0039310 seconds, Stopping threads took: 0.0034300 seconds
155.940: Application time: 0.0392310 seconds
155.941: [GC [PSYoungGen: 7504K->288K(8192K)] 14266K->7050K(26112K), 0.0003680 secs] [Times: user=0.00 sys=0.00, real=0.00 secs] 
155.941: Total time for which application threads were stopped: 0.0004870 seconds, Stopping threads took: 0.0000640 seconds
155.980: Application time: 0.0392490 seconds
155.980: [GC [PSYoungGen: 7456K->272K(8192K)] 14218K->7074K(26112K), 0.0003550 secs] [Times: user=0.00 sys=0.00, real=0.00 secs] 
155.981: Total time for which application threads were stopped: 0.0004700 seconds, Stopping threads took: 0.0000550 seconds
156.019: Application time: 0.0387780 seconds
156.020: [GC [PSYoungGen: 7440K->272K(8192K)] 14242K->7074K(26112K), 0.0004380 secs] [Times: user=0.00 sys=0.00, real=0.00 secs] 
156.020: Total time for which application threads were stopped: 0.0005600 seconds, Stopping threads took: 0.0000560 seconds
156.057: Application time: 0.0371730 seconds
156.057: [GC [PSYoungGen: 7440K->384K(8192K)] 14242K->7234K(26112K), 0.0004130 secs] [Times: user=0.00 sys=0.00, real=0.00 secs] 
156.059: Total time for which application threads were stopped: 0.0016230 seconds, Stopping threads took: 0.0000530 seconds
156.097: Application time: 0.0386640 seconds
156.098: [GC [PSYoungGen: 7552K->416K(8192K)] 14402K->7266K(26112K), 0.0004400 secs] [Times: user=0.00 sys=0.00, real=0.00 secs] 
156.098: Total time for which application threads were stopped: 0.0005370 seconds, Stopping threads took: 0.0000390 seconds
156.137: Application time: 0.0390520 seconds
156.141: [GC [PSYoungGen: 7584K->400K(8192K)] 14434K->7250K(26112K), 0.0004300 secs] [Times: user=0.00 sys=0.00, real=0.00 secs] 
156.141: Total time for which application threads were stopped: 0.0041520 seconds, Stopping threads took: 0.0036660 seconds
156.180: Application time: 0.0392920 seconds
156.181: [GC [PSYoungGen: 7568K->448K(8192K)] 14418K->7298K(26112K), 0.0004230 secs] [Times: user=0.00 sys=0.00, real=0.00 secs] 
156.181: Total time for which application threads were stopped: 0.0005520 seconds, Stopping threads took: 0.0000670 seconds
156.220: Application time: 0.0391160 seconds
156.220: [GC [PSYoungGen: 7616K->528K(8192K)] 14466K->7378K(26112K), 0.0004470 secs] [Times: user=0.00 sys=0.00, real=0.00 secs] 
156.221: Total time for which application threads were stopped: 0.0005550 seconds, Stopping threads took: 0.0000490 seconds
156.260: Application time: 0.0392120 seconds
156.260: [GC [PSYoungGen: 7696K->464K(8192K)] 14546K->7314K(26112K), 0.0004090 secs] [Times: user=0.00 sys=0.00, real=0.00 secs] 
156.260: Total time for which application threads were stopped: 0.0005040 seconds, Stopping threads took: 0.0000440 seconds
156.300: Application time: 0.0392510 seconds
156.300: [GC [PSYoungGen: 7632K->480K(8192K)] 14482K->7330K(26112K), 0.0004120 secs] [Times: user=0.00 sys=0.00, real=0.00 secs] 
156.300: Total time for which application threads were stopped: 0.0005010 seconds, Stopping threads took: 0.0000370 seconds
156.341: Application time: 0.0405570 seconds
156.341: [GC [PSYoungGen: 7648K->512K(8192K)] 14498K->7362K(26112K), 0.0004320 secs] [Times: user=0.01 sys=0.00, real=0.00 secs] 
156.341: Total time for which application threads were stopped: 0.0005450 seconds, Stopping threads took: 0.0000530 seconds
156.381: Application time: 0.0393310 seconds
156.381: [GC [PSYoungGen: 7680K->512K(8192K)] 14530K->7362K(26112K), 0.0004230 secs] [Times: user=0.00 sys=0.00, real=0.00 secs] 
156.381: Total time for which application threads were stopped: 0.0005400 seconds, Stopping threads took: 0.0000600 seconds
156.420: Application time: 0.0388800 seconds
156.420: [GC [PSYoungGen: 7680K->496K(8192K)] 14530K->7346K(26112K), 0.0004070 secs] [Times: user=0.00 sys=0.00, real=0.00 secs] 
156.421: Total time for which application threads were stopped: 0.0005140 seconds, Stopping threads took: 0.0000510 seconds
156.460: Application time: 0.0389440 seconds
156.460: [GC [PSYoungGen: 7664K->496K(8192K)] 14514K->7346K(26112K), 0.0004790 secs] [Times: user=0.00 sys=0.00, real=0.00 secs] 
156.460: Total time for which application threads were stopped: 0.0005910 seconds, Stopping threads took: 0.0000550 seconds
156.501: Application time: 0.0404360 seconds
156.501: [GC [PSYoungGen: 7664K->496K(8192K)] 14514K->7346K(26112K), 0.0004630 secs] [Times: user=0.00 sys=0.00, real=0.00 secs] 
156.501: Total time for which application threads were stopped: 0.0005790 seconds, Stopping threads took: 0.0000590 seconds
156.540: Application time: 0.0393650 seconds
156.541: [GC [PSYoungGen: 7664K->528K(8192K)] 14514K->7378K(26112K), 0.0004580 secs] [Times: user=0.00 sys=0.00, real=0.00 secs] 
156.541: Total time for which application threads were stopped: 0.0005720 seconds, Stopping threads took: 0.0000540 seconds
156.580: Application time: 0.0391750 seconds
156.580: [GC [PSYoungGen: 7696K->528K(8192K)] 14546K->7378K(26112K), 0.0004190 secs] [Times: user=0.00 sys=0.00, real=0.00 secs] 
156.581: Total time for which application threads were stopped: 0.0005290 seconds, Stopping threads took: 0.0000560 seconds
156.620: Application time: 0.0390750 seconds
156.620: [GC [PSYoungGen: 7696K->496K(8192K)] 14546K->7402K(26112K), 0.0004110 secs] [Times: user=0.00 sys=0.00, real=0.00 secs] 
156.620: Total time for which application threads were stopped: 0.0005190 seconds, Stopping threads took: 0.0000550 seconds
156.660: Application time: 0.0394710 seconds
156.660: [GC [PSYoungGen: 7664K->304K(8192K)] 14570K->7362K(26112K), 0.0004630 secs] [Times: user=0.00 sys=0.00, real=0.00 secs] 
156.660: Total time for which application threads were stopped: 0.0005570 seconds, Stopping threads took: 0.0000410 seconds
156.700: Application time: 0.0392210 seconds
156.700: [GC [PSYoungGen: 7472K->320K(8192K)] 14530K->7442K(26112K), 0.0003770 secs] [Times: user=0.00 sys=0.00, real=0.00 secs] 
156.700: Total time for which application threads were stopped: 0.0004860 seconds, Stopping threads took: 0.0000550 seconds
156.740: Application time: 0.0395300 seconds
156.740: [GC [PSYoungGen: 7488K->304K(8192K)] 14610K->7482K(26112K), 0.0004170 secs] [Times: user=0.00 sys=0.00, real=0.00 secs] 
156.740: Total time for which application threads were stopped: 0.0005400 seconds, Stopping threads took: 0.0000590 seconds
156.779: Application time: 0.0391880 seconds
156.779: [GC [PSYoungGen: 7472K->272K(8192K)] 14650K->7450K(26112K), 0.0003750 secs] [Times: user=0.00 sys=0.00, real=0.00 secs] 
156.780: Total time for which application threads were stopped: 0.0004820 seconds, Stopping threads took: 0.0000520 seconds
156.819: Application time: 0.0388570 seconds
156.819: [GC [PSYoungGen: 7440K->272K(8192K)] 14618K->7498K(26112K), 0.0003750 secs] [Times: user=0.00 sys=0.00, real=0.00 secs] 
156.819: Total time for which application threads were stopped: 0.0005040 seconds, Stopping threads took: 0.0000730 seconds
156.856: Application time: 0.0370670 seconds
156.856: [GC [PSYoungGen: 7440K->400K(8192K)] 14666K->7626K(26112K), 0.0003890 secs] [Times: user=0.01 sys=0.00, real=0.01 secs] 
156.857: Total time for which application threads were stopped: 0.0005060 seconds, Stopping threads took: 0.0000570 seconds
156.896: Application time: 0.0387720 seconds
156.896: [GC [PSYoungGen: 7568K->416K(8192K)] 14794K->7642K(26112K), 0.0004210 secs] [Times: user=0.00 sys=0.00, real=0.00 secs] 
156.896: Total time for which application threads were stopped: 0.0005330 seconds, Stopping threads took: 0.0000510 seconds
156.935: Application time: 0.0390170 seconds
156.935: [GC [PSYoungGen: 7584K->496K(8192K)] 14810K->7723K(26112K), 0.0004140 secs] [Times: user=0.00 sys=0.00, real=0.00 secs] 
156.936: Total time for which application threads were stopped: 0.0005140 seconds, Stopping threads took: 0.0000380 seconds
156.975: Application time: 0.0393020 seconds
156.975: [GC [PSYoungGen: 7664K->448K(8192K)] 14891K->7675K(26112K), 0.0005200 secs] [Times: user=0.00 sys=0.00, real=0.00 secs] 
156.976: Total time for which application threads were stopped: 0.0006290 seconds, Stopping threads took: 0.0000520 seconds
157.015: Application time: 0.0390440 seconds
157.015: [GC [PSYoungGen: 7616K->464K(8192K)] 14843K->7691K(26112K), 0.0004160 secs] [Times: user=0.01 sys=0.00, real=0.00 secs] 
157.015: Total time for which application threads were stopped: 0.0005280 seconds, Stopping threads took: 0.0000560 seconds
157.054: Application time: 0.0393260 seconds
157.055: [GC [PSYoungGen: 7632K->480K(8192K)] 14859K->7707K(26112K), 0.0004440 secs] [Times: user=0.00 sys=0.00, real=0.00 secs] 
157.055: Total time for which application threads were stopped: 0.0005590 seconds, Stopping threads took: 0.0000510 seconds
157.094: Application time: 0.0392870 seconds
157.094: [GC [PSYoungGen: 7648K->496K(8192K)] 14875K->7723K(26112K), 0.0004470 secs] [Times: user=0.00 sys=0.00, real=0.00 secs] 
157.095: Total time for which application threads were stopped: 0.0005450 seconds, Stopping threads took: 0.0000460 seconds
157.134: Application time: 0.0392930 seconds
157.134: [GC [PSYoungGen: 7664K->464K(8192K)] 14891K->7691K(26112K), 0.0004290 secs] [Times: user=0.00 sys=0.00, real=0.00 secs] 
157.135: Total time for which application threads were stopped: 0.0005370 seconds, Stopping threads took: 0.0000540 seconds
157.174: Application time: 0.0392440 seconds
157.174: [GC [PSYoungGen: 7632K->512K(8192K)] 14859K->7739K(26112K), 0.0004170 secs] [Times: user=0.00 sys=0.00, real=0.00 secs] 
157.174: Total time for which application threads were stopped: 0.0005260 seconds, Stopping threads took: 0.0000540 seconds
157.214: Application time: 0.0391550 seconds
157.214: [GC [PSYoungGen: 7680K->528K(8192K)] 14907K->7754K(26112K), 0.0004400 secs] [Times: user=0.01 sys=0.00, real=0.00 secs] 
157.214: Total time for which application threads were stopped: 0.0005410 seconds, Stopping threads took: 0.0000470 seconds
157.253: Application time: 0.0390750 seconds
157.253: [GC [PSYoungGen: 7696K->464K(8192K)] 14922K->7690K(26112K), 0.0004210 secs] [Times: user=0.00 sys=0.00, real=0.00 secs] 
157.254: Total time for which application threads were stopped: 0.0005210 seconds, Stopping threads took: 0.0000450 seconds
157.293: Application time: 0.0392400 seconds
157.293: [GC [PSYoungGen: 7632K->480K(8192K)] 14858K->7707K(26112K), 0.0004080 secs] [Times: user=0.00 sys=0.00, real=0.00 secs] 
157.294: Total time for which application threads were stopped: 0.0005140 seconds, Stopping threads took: 0.0000540 seconds
157.333: Application time: 0.0391800 seconds
157.333: [GC [PSYoungGen: 7648K->512K(8192K)] 14875K->7738K(26112K), 0.0004410 secs] [Times: user=0.00 sys=0.00, real=0.00 secs] 
157.333: Total time for which application threads were stopped: 0.0005380 seconds, Stopping threads took: 0.0000430 seconds
157.373: Application time: 0.0392630 seconds
157.373: [GC [PSYoungGen: 7680K->496K(8192K)] 14906K->7723K(26112K), 0.0004260 secs] [Times: user=0.00 sys=0.00, real=0.00 secs] 
157.373: Total time for which application threads were stopped: 0.0005280 seconds, Stopping threads took: 0.0000490 seconds
157.412: Application time: 0.0391850 seconds
157.412: [GC [PSYoungGen: 7664K->480K(8192K)] 14891K->7755K(26112K), 0.0004210 secs] [Times: user=0.00 sys=0.00, real=0.00 secs] 
157.413: Total time for which application threads were stopped: 0.0005300 seconds, Stopping threads took: 0.0000540 seconds
157.452: Application time: 0.0392800 seconds
157.452: [GC [PSYoungGen: 7648K->336K(8192K)] 14923K->7767K(26112K), 0.0004440 secs] [Times: user=0.00 sys=0.00, real=0.00 secs] 
157.453: Total time for which application threads were stopped: 0.0005480 seconds, Stopping threads took: 0.0000490 seconds
157.492: Application time: 0.0391950 seconds
157.492: [GC [PSYoungGen: 7504K->304K(8192K)] 14935K->7783K(26112K), 0.0004270 secs] [Times: user=0.00 sys=0.00, real=0.00 secs] 
157.492: Total time for which application threads were stopped: 0.0005350 seconds, Stopping threads took: 0.0000540 seconds
157.531: Application time: 0.0391830 seconds
157.532: [GC [PSYoungGen: 7472K->272K(8192K)] 14951K->7815K(26112K), 0.0003480 secs] [Times: user=0.00 sys=0.00, real=0.00 secs] 
157.532: Total time for which application threads were stopped: 0.0004530 seconds, Stopping threads took: 0.0000550 seconds
157.571: Application time: 0.0391980 seconds
157.571: [GC [PSYoungGen: 7440K->272K(8192K)] 14983K->7815K(26112K), 0.0003860 secs] [Times: user=0.00 sys=0.00, real=0.00 secs] 
157.572: Total time for which application threads were stopped: 0.0005010 seconds, Stopping threads took: 0.0000540 seconds
157.610: Application time: 0.0378960 seconds
157.610: [GC [PSYoungGen: 7440K->352K(8192K)] 14983K->7935K(26112K), 0.0003880 secs] [Times: user=0.00 sys=0.00, real=0.00 secs] 
157.610: Total time for which application threads were stopped: 0.0005000 seconds, Stopping threads took: 0.0000570 seconds
157.648: Application time: 0.0383770 seconds
157.649: [GC [PSYoungGen: 7520K->368K(8192K)] 15103K->7951K(26112K), 0.0004440 secs] [Times: user=0.00 sys=0.00, real=0.01 secs] 
157.649: Total time for which application threads were stopped: 0.0005530 seconds, Stopping threads took: 0.0000540 seconds
157.688: Application time: 0.0389690 seconds
157.688: [GC [PSYoungGen: 7536K->400K(8192K)] 15119K->7983K(26112K), 0.0003950 secs] [Times: user=0.01 sys=0.00, real=0.00 secs] 
157.688: Total time for which application threads were stopped: 0.0005110 seconds, Stopping threads took: 0.0000560 seconds
157.727: Application time: 0.0387380 seconds
157.727: [GC [PSYoungGen: 7568K->480K(8192K)] 15151K->8063K(26112K), 0.0004420 secs] [Times: user=0.01 sys=0.00, real=0.00 secs] 
157.728: Total time for which application threads were stopped: 0.0005640 seconds, Stopping threads took: 0.0000550 seconds
157.767: Application time: 0.0394090 seconds
157.767: [GC [PSYoungGen: 7648K->464K(8192K)] 15231K->8047K(26112K), 0.0004380 secs] [Times: user=0.00 sys=0.00, real=0.00 secs] 
157.768: Total time for which application threads were stopped: 0.0005410 seconds, Stopping threads took: 0.0000480 seconds
157.807: Application time: 0.0389750 seconds
157.807: [GC [PSYoungGen: 7632K->544K(8192K)] 15215K->8127K(26112K), 0.0004160 secs] [Times: user=0.00 sys=0.00, real=0.00 secs] 
157.807: Total time for which application threads were stopped: 0.0005240 seconds, Stopping threads took: 0.0000530 seconds
157.848: Application time: 0.0403630 seconds
157.848: [GC [PSYoungGen: 7712K->512K(8192K)] 15295K->8095K(26112K), 0.0004690 secs] [Times: user=0.00 sys=0.00, real=0.00 secs] 
157.848: Total time for which application threads were stopped: 0.0005820 seconds, Stopping threads took: 0.0000460 seconds
157.887: Application time: 0.0392330 seconds
157.887: [GC [PSYoungGen: 7680K->496K(8192K)] 15263K->8079K(26112K), 0.0004290 secs] [Times: user=0.01 sys=0.00, real=0.00 secs] 
157.888: Total time for which application threads were stopped: 0.0005330 seconds, Stopping threads took: 0.0000510 seconds
157.927: Application time: 0.0392660 seconds
157.927: [GC [PSYoungGen: 7664K->496K(8192K)] 15247K->8079K(26112K), 0.0004270 secs] [Times: user=0.00 sys=0.00, real=0.00 secs] 
157.928: Total time for which application threads were stopped: 0.0005270 seconds, Stopping threads took: 0.0000440 seconds
157.967: Application time: 0.0393710 seconds
157.967: [GC [PSYoungGen: 7664K->480K(8192K)] 15247K->8063K(26112K), 0.0004340 secs] [Times: user=0.00 sys=0.00, real=0.00 secs] 
157.968: Total time for which application threads were stopped: 0.0005530 seconds, Stopping threads took: 0.0000630 seconds
158.008: Application time: 0.0405160 seconds
158.008: [GC [PSYoungGen: 7648K->528K(8192K)] 15231K->8111K(26112K), 0.0004440 secs] [Times: user=0.01 sys=0.00, real=0.01 secs] 
158.009: Total time for which application threads were stopped: 0.0005670 seconds, Stopping threads took: 0.0000590 seconds
158.048: Application time: 0.0392630 seconds
158.048: [GC [PSYoungGen: 7696K->496K(8192K)] 15279K->8079K(26112K), 0.0004400 secs] [Times: user=0.00 sys=0.00, real=0.00 secs] 
158.049: Total time for which application threads were stopped: 0.0005500 seconds, Stopping threads took: 0.0000560 seconds
158.088: Application time: 0.0391470 seconds
158.088: [GC [PSYoungGen: 7664K->496K(8192K)] 15247K->8079K(26112K), 0.0005430 secs] [Times: user=0.01 sys=0.00, real=0.00 secs] 
158.088: Total time for which application threads were stopped: 0.0006600 seconds, Stopping threads took: 0.0000540 seconds
158.127: Application time: 0.0389490 seconds
158.127: [GC [PSYoungGen: 7664K->496K(8192K)] 15247K->8079K(26112K), 0.0004140 secs] [Times: user=0.00 sys=0.00, real=0.00 secs] 
158.128: Total time for which application threads were stopped: 0.0005290 seconds, Stopping threads took: 0.0000580 seconds
158.167: Application time: 0.0394700 seconds
158.167: [GC [PSYoungGen: 7664K->528K(8192K)] 15247K->8111K(26112K), 0.0004300 secs] [Times: user=0.00 sys=0.00, real=0.00 secs] 
158.168: Total time for which application threads were stopped: 0.0005380 seconds, Stopping threads took: 0.0000550 seconds
158.207: Application time: 0.0388990 seconds
158.207: [GC [PSYoungGen: 7696K->384K(8192K)] 15279K->8087K(26112K), 0.0004550 secs] [Times: user=0.00 sys=0.00, real=0.00 secs] 
158.207: Total time for which application threads were stopped: 0.0005630 seconds, Stopping threads took: 0.0000520 seconds
158.247: Application time: 0.0393770 seconds
158.247: [GC [PSYoungGen: 7552K->320K(8192K)] 15255K->8103K(26112K), 0.0003980 secs] [Times: user=0.00 sys=0.00, real=0.00 secs] 
158.247: Total time for which application threads were stopped: 0.0005100 seconds, Stopping threads took: 0.0000560 seconds
158.286: Application time: 0.0391440 seconds
158.286: [GC [PSYoungGen: 7488K->304K(8192K)] 15271K->8135K(26112K), 0.0004140 secs] [Times: user=0.00 sys=0.00, real=0.00 secs] 
158.287: Total time for which application threads were stopped: 0.0005190 seconds, Stopping threads took: 0.0000540 seconds
158.326: Application time: 0.0392640 seconds
158.326: [GC [PSYoungGen: 7472K->272K(8192K)] 15303K->8175K(26112K), 0.0003680 secs] [Times: user=0.00 sys=0.00, real=0.00 secs] 
158.327: Total time for which application threads were stopped: 0.0004740 seconds, Stopping threads took: 0.0000530 seconds
158.365: Application time: 0.0384370 seconds
158.365: [GC [PSYoungGen: 7440K->288K(8192K)] 15343K->8191K(26112K), 0.0003770 secs] [Times: user=0.00 sys=0.00, real=0.00 secs] 
158.366: Total time for which application threads were stopped: 0.0004870 seconds, Stopping threads took: 0.0000550 seconds
158.403: Application time: 0.0376310 seconds
158.403: [GC [PSYoungGen: 7456K->352K(8192K)] 15359K->8311K(26112K), 0.0003980 secs] [Times: user=0.01 sys=0.00, real=0.00 secs] 
158.404: Total time for which application threads were stopped: 0.0005060 seconds, Stopping threads took: 0.0000530 seconds
158.443: Application time: 0.0390280 seconds
158.443: [GC [PSYoungGen: 7520K->384K(8192K)] 15479K->8343K(26112K), 0.0003970 secs] [Times: user=0.00 sys=0.00, real=0.00 secs] 
158.443: Total time for which application threads were stopped: 0.0005070 seconds, Stopping threads took: 0.0000560 seconds
158.482: Application time: 0.0389380 seconds
158.482: [GC [PSYoungGen: 7552K->432K(8192K)] 15511K->8391K(26112K), 0.0003960 secs] [Times: user=0.00 sys=0.00, real=0.00 secs] 
158.483: Total time for which application threads were stopped: 0.0004930 seconds, Stopping threads took: 0.0000430 seconds
158.521: Application time: 0.0387280 seconds
158.521: [GC [PSYoungGen: 7600K->480K(8192K)] 15559K->8439K(26112K), 0.0004010 secs] [Times: user=0.00 sys=0.00, real=0.00 secs] 
158.522: Total time for which application threads were stopped: 0.0005140 seconds, Stopping threads took: 0.0000560 seconds
158.561: Application time: 0.0392380 seconds
158.561: [GC [PSYoungGen: 7648K->480K(8192K)] 15607K->8439K(26112K), 0.0004140 secs] [Times: user=0.00 sys=0.00, real=0.00 secs] 
158.562: Total time for which application threads were stopped: 0.0005190 seconds, Stopping threads took: 0.0000500 seconds
158.601: Application time: 0.0389070 seconds
158.601: [GC [PSYoungGen: 7648K->496K(8192K)] 15607K->8455K(26112K), 0.0004150 secs] [Times: user=0.00 sys=0.00, real=0.00 secs] 
158.601: Total time for which application threads were stopped: 0.0005390 seconds, Stopping threads took: 0.0000570 seconds
158.640: Application time: 0.0392660 seconds
158.640: [GC [PSYoungGen: 7664K->544K(8192K)] 15623K->8503K(26112K), 0.0004190 secs] [Times: user=0.01 sys=0.00, real=0.00 secs] 
158.641: Total time for which application threads were stopped: 0.0005250 seconds, Stopping threads took: 0.0000500 seconds
158.680: Application time: 0.0395670 seconds
158.681: [GC [PSYoungGen: 7712K->496K(8192K)] 15671K->8455K(26112K), 0.0004510 secs] [Times: user=0.00 sys=0.01, real=0.00 secs] 
158.681: Total time for which application threads were stopped: 0.0005600 seconds, Stopping threads took: 0.0000550 seconds
158.721: Application time: 0.0395400 seconds
158.721: [GC [PSYoungGen: 7664K->496K(8192K)] 15623K->8455K(26112K), 0.0005130 secs] [Times: user=0.00 sys=0.00, real=0.00 secs] 
158.721: Total time for which application threads were stopped: 0.0006200 seconds, Stopping threads took: 0.0000400 seconds
158.760: Application time: 0.0392190 seconds
158.761: [GC [PSYoungGen: 7664K->496K(8192K)] 15623K->8455K(26112K), 0.0004200 secs] [Times: user=0.00 sys=0.00, real=0.00 secs] 
158.761: Total time for which application threads were stopped: 0.0005320 seconds, Stopping threads took: 0.0000520 seconds
158.800: Application time: 0.0392920 seconds
158.800: [GC [PSYoungGen: 7664K->496K(8192K)] 15623K->8455K(26112K), 0.0004310 secs] [Times: user=0.00 sys=0.00, real=0.00 secs] 
158.801: Total time for which application threads were stopped: 0.0005190 seconds, Stopping threads took: 0.0000280 seconds
158.840: Application time: 0.0392580 seconds
158.840: [GC [PSYoungGen: 7664K->464K(8192K)] 15623K->8423K(26112K), 0.0004750 secs] [Times: user=0.00 sys=0.00, real=0.00 secs] 
158.841: Total time for which application threads were stopped: 0.0005670 seconds, Stopping threads took: 0.0000380 seconds
158.880: Application time: 0.0393260 seconds
158.880: [GC [PSYoungGen: 7632K->496K(8192K)] 15591K->8455K(26112K), 0.0004540 secs] [Times: user=0.00 sys=0.00, real=0.00 secs] 
158.880: Total time for which application threads were stopped: 0.0005680 seconds, Stopping threads took: 0.0000560 seconds
158.920: Application time: 0.0391230 seconds
158.920: [GC [PSYoungGen: 7664K->464K(8192K)] 15623K->8423K(26112K), 0.0004860 secs] [Times: user=0.00 sys=0.00, real=0.00 secs] 
158.920: Total time for which application threads were stopped: 0.0005890 seconds, Stopping threads took: 0.0000470 seconds
158.960: Application time: 0.0393170 seconds
158.960: [GC [PSYoungGen: 7632K->448K(8192K)] 15591K->8463K(26112K), 0.0004370 secs] [Times: user=0.01 sys=0.00, real=0.00 secs] 
158.960: Total time for which application threads were stopped: 0.0005320 seconds, Stopping threads took: 0.0000410 seconds
158.999: Application time: 0.0391790 seconds
158.999: [GC [PSYoungGen: 7616K->384K(8192K)] 15631K->8527K(26112K), 0.0004080 secs] [Times: user=0.00 sys=0.00, real=0.00 secs] 
159.000: Total time for which application threads were stopped: 0.0005070 seconds, Stopping threads took: 0.0000410 seconds
159.039: Application time: 0.0392980 seconds
159.039: [GC [PSYoungGen: 7552K->336K(8192K)] 15695K->8535K(26112K), 0.0004180 secs] [Times: user=0.00 sys=0.00, real=0.00 secs] 
159.040: Total time for which application threads were stopped: 0.0005280 seconds, Stopping threads took: 0.0000520 seconds
159.079: Application time: 0.0392100 seconds
159.079: [GC [PSYoungGen: 7504K->320K(8192K)] 15703K->8575K(26112K), 0.0003830 secs] [Times: user=0.00 sys=0.00, real=0.00 secs] 
159.079: Total time for which application threads were stopped: 0.0004940 seconds, Stopping threads took: 0.0000530 seconds
159.119: Application time: 0.0398570 seconds
159.119: [GC [PSYoungGen: 7488K->256K(8192K)] 15743K->8567K(26112K), 0.0003860 secs] [Times: user=0.00 sys=0.00, real=0.00 secs] 
159.120: Total time for which application threads were stopped: 0.0005000 seconds, Stopping threads took: 0.0000540 seconds
159.158: Application time: 0.0386680 seconds
159.158: [GC [PSYoungGen: 7424K->288K(8192K)] 15735K->8599K(26112K), 0.0003770 secs] [Times: user=0.00 sys=0.00, real=0.00 secs] 
159.159: Total time for which application threads were stopped: 0.0004840 seconds, Stopping threads took: 0.0000500 seconds
159.196: Application time: 0.0376730 seconds
159.197: [GC [PSYoungGen: 7456K->336K(8192K)] 15767K->8695K(26112K), 0.0003920 secs] [Times: user=0.01 sys=0.00, real=0.01 secs] 
159.197: Total time for which application threads were stopped: 0.0005050 seconds, Stopping threads took: 0.0000540 seconds
159.235: Application time: 0.0383880 seconds
159.235: [GC [PSYoungGen: 7504K->432K(8192K)] 15863K->8791K(26112K), 0.0004660 secs] [Times: user=0.00 sys=0.00, real=0.00 secs] 
159.236: Total time for which application threads were stopped: 0.0005610 seconds, Stopping threads took: 0.0000400 seconds
159.275: Application time: 0.0393190 seconds
159.275: [GC [PSYoungGen: 7600K->432K(8192K)] 15959K->8791K(26112K), 0.0003960 secs] [Times: user=0.00 sys=0.00, real=0.00 secs] 
159.276: Total time for which application threads were stopped: 0.0004850 seconds, Stopping threads took: 0.0000360 seconds
159.315: Application time: 0.0390360 seconds
159.315: [GC [PSYoungGen: 7600K->464K(8192K)] 15959K->8823K(26112K), 0.0004190 secs] [Times: user=0.00 sys=0.00, real=0.00 secs] 
159.315: Total time for which application threads were stopped: 0.0005320 seconds, Stopping threads took: 0.0000560 seconds
159.355: Application time: 0.0396890 seconds
159.355: [GC [PSYoungGen: 7632K->496K(8192K)] 15991K->8855K(26112K), 0.0005120 secs] [Times: user=0.01 sys=0.00, real=0.00 secs] 
159.356: Total time for which application threads were stopped: 0.0006180 seconds, Stopping threads took: 0.0000460 seconds
159.395: Application time: 0.0394620 seconds
159.395: [GC [PSYoungGen: 7664K->496K(8192K)] 16023K->8855K(26112K), 0.0004190 secs] [Times: user=0.00 sys=0.00, real=0.00 secs] 
159.396: Total time for which application threads were stopped: 0.0005470 seconds, Stopping threads took: 0.0000700 seconds
159.435: Application time: 0.0392460 seconds
159.435: [GC [PSYoungGen: 7664K->496K(8192K)] 16023K->8855K(26112K), 0.0004060 secs] [Times: user=0.00 sys=0.00, real=0.00 secs] 
159.435: Total time for which application threads were stopped: 0.0005150 seconds, Stopping threads took: 0.0000530 seconds
159.475: Application time: 0.0392360 seconds
159.475: [GC [PSYoungGen: 7664K->496K(8192K)] 16023K->8855K(26112K), 0.0004490 secs] [Times: user=0.00 sys=0.00, real=0.00 secs] 
159.475: Total time for which application threads were stopped: 0.0005680 seconds, Stopping threads took: 0.0000550 seconds
159.515: Application time: 0.0401280 seconds
159.515: [GC [PSYoungGen: 7664K->560K(8192K)] 16023K->8919K(26112K), 0.0004540 secs] [Times: user=0.00 sys=0.00, real=0.00 secs] 
159.516: Total time for which application threads were stopped: 0.0005760 seconds, Stopping threads took: 0.0000620 seconds
159.555: Application time: 0.0395770 seconds
159.556: [GC [PSYoungGen: 7728K->512K(8192K)] 16087K->8871K(26112K), 0.0004150 secs] [Times: user=0.01 sys=0.00, real=0.00 secs] 
159.556: Total time for which application threads were stopped: 0.0005290 seconds, Stopping threads took: 0.0000560 seconds
159.595: Application time: 0.0386920 seconds
159.595: [GC [PSYoungGen: 7680K->528K(8192K)] 16039K->8887K(26112K), 0.0004040 secs] [Times: user=0.00 sys=0.00, real=0.00 secs] 
159.595: Total time for which application threads were stopped: 0.0005170 seconds, Stopping threads took: 0.0000560 seconds
159.634: Application time: 0.0391410 seconds
159.634: [GC [PSYoungGen: 7696K->512K(8192K)] 16055K->8871K(26112K), 0.0004280 secs] [Times: user=0.00 sys=0.00, real=0.00 secs] 
159.635: Total time for which application threads were stopped: 0.0005450 seconds, Stopping threads took: 0.0000510 seconds
159.674: Application time: 0.0392400 seconds
159.674: [GC [PSYoungGen: 7680K->496K(8192K)] 16039K->8855K(26112K), 0.0004130 secs] [Times: user=0.00 sys=0.00, real=0.00 secs] 
159.675: Total time for which application threads were stopped: 0.0005240 seconds, Stopping threads took: 0.0000530 seconds
159.714: Application time: 0.0395700 seconds
159.714: [GC [PSYoungGen: 7664K->480K(8192K)] 16023K->8839K(26112K), 0.0004750 secs] [Times: user=0.00 sys=0.00, real=0.00 secs] 
159.715: Total time for which application threads were stopped: 0.0006090 seconds, Stopping threads took: 0.0000640 seconds
159.754: Application time: 0.0391030 seconds
159.754: [GC [PSYoungGen: 7648K->464K(8192K)] 16007K->8871K(26112K), 0.0004160 secs] [Times: user=0.00 sys=0.00, real=0.00 secs] 
159.754: Total time for which application threads were stopped: 0.0005320 seconds, Stopping threads took: 0.0000560 seconds
159.794: Application time: 0.0390490 seconds
159.794: [GC [PSYoungGen: 7632K->336K(8192K)] 16039K->8871K(26112K), 0.0004030 secs] [Times: user=0.00 sys=0.00, real=0.00 secs] 
159.794: Total time for which application threads were stopped: 0.0005210 seconds, Stopping threads took: 0.0000640 seconds
159.833: Application time: 0.0392980 seconds
159.833: [GC [PSYoungGen: 7504K->288K(8192K)] 16039K->8919K(26112K), 0.0003810 secs] [Times: user=0.00 sys=0.00, real=0.00 secs] 
159.834: Total time for which application threads were stopped: 0.0004870 seconds, Stopping threads took: 0.0000540 seconds
159.873: Application time: 0.0391780 seconds
159.873: [GC [PSYoungGen: 7456K->320K(8192K)] 16087K->8951K(26112K), 0.0003580 secs] [Times: user=0.00 sys=0.00, real=0.00 secs] 
159.873: Total time for which application threads were stopped: 0.0004610 seconds, Stopping threads took: 0.0000530 seconds
159.913: Application time: 0.0395100 seconds
159.913: [GC [PSYoungGen: 7488K->272K(8192K)] 16119K->8959K(26112K), 0.0003640 secs] [Times: user=0.00 sys=0.00, real=0.00 secs] 
159.913: Total time for which application threads were stopped: 0.0004740 seconds, Stopping threads took: 0.0000530 seconds
159.952: Application time: 0.0385710 seconds
159.952: [GC [PSYoungGen: 7440K->272K(8192K)] 16127K->9028K(26112K), 0.0004360 secs] [Times: user=0.01 sys=0.00, real=0.00 secs] 
159.953: Total time for which application threads were stopped: 0.0005460 seconds, Stopping threads took: 0.0000540 seconds
159.991: Application time: 0.0379800 seconds
159.991: [GC [PSYoungGen: 7440K->320K(8192K)] 16196K->9076K(26112K), 0.0004590 secs] [Times: user=0.00 sys=0.00, real=0.00 secs] 
159.991: Total time for which application threads were stopped: 0.0005670 seconds, Stopping threads took: 0.0000520 seconds
160.029: Application time: 0.0383230 seconds
160.030: [GC [PSYoungGen: 7488K->464K(8192K)] 16244K->9220K(26112K), 0.0004200 secs] [Times: user=0.00 sys=0.00, real=0.00 secs] 
160.030: Total time for which application threads were stopped: 0.0005240 seconds, Stopping threads took: 0.0000470 seconds
160.070: Application time: 0.0397750 seconds
160.070: [GC [PSYoungGen: 7632K->448K(8192K)] 16388K->9204K(26112K), 0.0003910 secs] [Times: user=0.00 sys=0.00, real=0.00 secs] 
160.070: Total time for which application threads were stopped: 0.0005170 seconds, Stopping threads took: 0.0000720 seconds
160.109: Application time: 0.0384930 seconds
160.109: [GC [PSYoungGen: 7616K->480K(8192K)] 16372K->9236K(26112K), 0.0004200 secs] [Times: user=0.00 sys=0.00, real=0.00 secs] 
160.109: Total time for which application threads were stopped: 0.0005280 seconds, Stopping threads took: 0.0000550 seconds
160.148: Application time: 0.0390430 seconds
160.148: [GC [PSYoungGen: 7648K->480K(8192K)] 16404K->9236K(26112K), 0.0004290 secs] [Times: user=0.00 sys=0.00, real=0.01 secs] 
160.149: Total time for which application threads were stopped: 0.0005390 seconds, Stopping threads took: 0.0000490 seconds
160.188: Application time: 0.0393650 seconds
160.188: [GC [PSYoungGen: 7648K->528K(8192K)] 16404K->9284K(26112K), 0.0004190 secs] [Times: user=0.00 sys=0.00, real=0.01 secs] 
160.189: Total time for which application threads were stopped: 0.0005310 seconds, Stopping threads took: 0.0000560 seconds
160.228: Application time: 0.0396060 seconds
160.228: [GC [PSYoungGen: 7696K->480K(8192K)] 16452K->9236K(26112K), 0.0004630 secs] [Times: user=0.00 sys=0.00, real=0.01 secs] 
160.229: Total time for which application threads were stopped: 0.0005720 seconds, Stopping threads took: 0.0000520 seconds
160.268: Application time: 0.0392360 seconds
160.268: [GC [PSYoungGen: 7648K->496K(8192K)] 16404K->9252K(26112K), 0.0004270 secs] [Times: user=0.01 sys=0.00, real=0.01 secs] 
160.269: Total time for which application threads were stopped: 0.0005360 seconds, Stopping threads took: 0.0000530 seconds
160.309: Application time: 0.0399380 seconds
160.309: [GC [PSYoungGen: 7664K->496K(8192K)] 16420K->9252K(26112K), 0.0004100 secs] [Times: user=0.00 sys=0.00, real=0.00 secs] 
160.309: Total time for which application threads were stopped: 0.0005180 seconds, Stopping threads took: 0.0000540 seconds
160.348: Application time: 0.0391580 seconds
160.348: [GC [PSYoungGen: 7664K->496K(8192K)] 16420K->9252K(26112K), 0.0004060 secs] [Times: user=0.00 sys=0.00, real=0.01 secs] 
160.349: Total time for which application threads were stopped: 0.0005160 seconds, Stopping threads took: 0.0000550 seconds
160.388: Application time: 0.0391260 seconds
160.388: [GC [PSYoungGen: 7664K->496K(8192K)] 16420K->9252K(26112K), 0.0005160 secs] [Times: user=0.00 sys=0.00, real=0.00 secs] 
160.389: Total time for which application threads were stopped: 0.0006230 seconds, Stopping threads took: 0.0000540 seconds
160.427: Application time: 0.0387060 seconds
160.427: [GC [PSYoungGen: 7664K->512K(8192K)] 16420K->9268K(26112K), 0.0004150 secs] [Times: user=0.00 sys=0.00, real=0.00 secs] 
160.428: Total time for which application threads were stopped: 0.0005180 seconds, Stopping threads took: 0.0000530 seconds
160.468: Application time: 0.0396670 seconds
160.468: [GC [PSYoungGen: 7680K->496K(8192K)] 16436K->9252K(26112K), 0.0004100 secs] [Times: user=0.00 sys=0.00, real=0.00 secs] 
160.468: Total time for which application threads were stopped: 0.0005200 seconds, Stopping threads took: 0.0000570 seconds
160.507: Application time: 0.0393230 seconds
160.507: [GC [PSYoungGen: 7664K->512K(8192K)] 16420K->9267K(26112K), 0.0004050 secs] [Times: user=0.00 sys=0.00, real=0.00 secs] 
160.508: Total time for which application threads were stopped: 0.0005110 seconds, Stopping threads took: 0.0000530 seconds
160.547: Application time: 0.0392030 seconds
160.547: [GC [PSYoungGen: 7680K->448K(8192K)] 16435K->9292K(26112K), 0.0004480 secs] [Times: user=0.00 sys=0.00, real=0.00 secs] 
160.548: Total time for which application threads were stopped: 0.0005530 seconds, Stopping threads took: 0.0000510 seconds
160.587: Application time: 0.0393190 seconds
160.587: [GC [PSYoungGen: 7616K->352K(8192K)] 16460K->9292K(26112K), 0.0004020 secs] [Times: user=0.00 sys=0.00, real=0.00 secs] 
160.587: Total time for which application threads were stopped: 0.0005070 seconds, Stopping threads took: 0.0000510 seconds
160.627: Application time: 0.0393400 seconds
160.627: [GC [PSYoungGen: 7520K->272K(8192K)] 16460K->9292K(26112K), 0.0003940 secs] [Times: user=0.00 sys=0.00, real=0.00 secs] 
160.627: Total time for which application threads were stopped: 0.0005010 seconds, Stopping threads took: 0.0000530 seconds
160.666: Application time: 0.0391610 seconds
160.667: [GC [PSYoungGen: 7440K->288K(8192K)] 16460K->9308K(26112K), 0.0003740 secs] [Times: user=0.00 sys=0.00, real=0.00 secs] 
160.667: Total time for which application threads were stopped: 0.0004930 seconds, Stopping threads took: 0.0000550 seconds
160.706: Application time: 0.0393690 seconds
160.707: [GC [PSYoungGen: 7456K->240K(8192K)] 16476K->9300K(26112K), 0.0004960 secs] [Times: user=0.00 sys=0.00, real=0.00 secs] 
160.707: Total time for which application threads were stopped: 0.0009400 seconds, Stopping threads took: 0.0003740 seconds
160.745: Application time: 0.0381110 seconds
160.745: [GC [PSYoungGen: 7408K->336K(8192K)] 16468K->9452K(26112K), 0.0003990 secs] [Times: user=0.01 sys=0.00, real=0.00 secs] 
160.746: Total time for which application threads were stopped: 0.0005140 seconds, Stopping threads took: 0.0000540 seconds
160.785: Application time: 0.0385920 seconds
160.785: [GC [PSYoungGen: 7504K->384K(8192K)] 16620K->9500K(26112K), 0.0003970 secs] [Times: user=0.00 sys=0.00, real=0.00 secs] 
160.785: Total time for which application threads were stopped: 0.0005020 seconds, Stopping threads took: 0.0000460 seconds
160.823: Application time: 0.0384030 seconds
160.824: [GC [PSYoungGen: 7552K->416K(8192K)] 16668K->9532K(26112K), 0.0004090 secs] [Times: user=0.00 sys=0.00, real=0.00 secs] 
160.824: Total time for which application threads were stopped: 0.0005230 seconds, Stopping threads took: 0.0000570 seconds
160.863: Application time: 0.0395430 seconds
160.864: [GC [PSYoungGen: 7584K->448K(8192K)] 16700K->9564K(26112K), 0.0004470 secs] [Times: user=0.00 sys=0.00, real=0.00 secs] 
160.865: Total time for which application threads were stopped: 0.0011940 seconds, Stopping threads took: 0.0006740 seconds
160.904: Application time: 0.0396440 seconds
160.904: [GC [PSYoungGen: 7616K->432K(8192K)] 16732K->9548K(26112K), 0.0004410 secs] [Times: user=0.00 sys=0.00, real=0.00 secs] 
160.905: Total time for which application threads were stopped: 0.0005330 seconds, Stopping threads took: 0.0000410 seconds
160.944: Application time: 0.0393790 seconds
160.944: [GC [PSYoungGen: 7600K->448K(8192K)] 16716K->9564K(26112K), 0.0004430 secs] [Times: user=0.00 sys=0.00, real=0.00 secs] 
160.945: Total time for which application threads were stopped: 0.0005500 seconds, Stopping threads took: 0.0000510 seconds
160.984: Application time: 0.0387640 seconds
160.984: [GC [PSYoungGen: 7616K->512K(8192K)] 16732K->9628K(26112K), 0.0004090 secs] [Times: user=0.00 sys=0.00, real=0.00 secs] 
160.984: Total time for which application threads were stopped: 0.0005260 seconds, Stopping threads took: 0.0000560 seconds
161.024: Application time: 0.0402880 seconds
161.024: [GC [PSYoungGen: 7680K->512K(8192K)] 16796K->9628K(26112K), 0.0004790 secs] [Times: user=0.00 sys=0.00, real=0.00 secs] 
161.025: Total time for which application threads were stopped: 0.0005860 seconds, Stopping threads took: 0.0000470 seconds
161.065: Application time: 0.0397310 seconds
161.065: [GC [PSYoungGen: 7680K->512K(8192K)] 16796K->9628K(26112K), 0.0004690 secs] [Times: user=0.00 sys=0.00, real=0.00 secs] 
161.066: Total time for which application threads were stopped: 0.0016630 seconds, Stopping threads took: 0.0000390 seconds
161.106: Application time: 0.0392560 seconds
161.106: [GC [PSYoungGen: 7680K->496K(8192K)] 16796K->9612K(26112K), 0.0004160 secs] [Times: user=0.01 sys=0.00, real=0.00 secs] 
161.106: Total time for which application threads were stopped: 0.0005160 seconds, Stopping threads took: 0.0000420 seconds
161.145: Application time: 0.0390880 seconds
161.145: [GC [PSYoungGen: 7664K->480K(8192K)] 16780K->9596K(26112K), 0.0004180 secs] [Times: user=0.00 sys=0.00, real=0.00 secs] 
161.146: Total time for which application threads were stopped: 0.0005370 seconds, Stopping threads took: 0.0000640 seconds
161.185: Application time: 0.0391500 seconds
161.185: [GC [PSYoungGen: 7648K->496K(8192K)] 16764K->9612K(26112K), 0.0004480 secs] [Times: user=0.00 sys=0.00, real=0.00 secs] 
161.185: Total time for which application threads were stopped: 0.0005630 seconds, Stopping threads took: 0.0000490 seconds
161.225: Application time: 0.0391940 seconds
161.225: [GC [PSYoungGen: 7664K->480K(8192K)] 16780K->9596K(26112K), 0.0004570 secs] [Times: user=0.00 sys=0.00, real=0.00 secs] 
161.225: Total time for which application threads were stopped: 0.0005670 seconds, Stopping threads took: 0.0000560 seconds
161.264: Application time: 0.0390520 seconds
161.264: [GC [PSYoungGen: 7648K->512K(8192K)] 16764K->9628K(26112K), 0.0004210 secs] [Times: user=0.00 sys=0.00, real=0.00 secs] 
161.265: Total time for which application threads were stopped: 0.0005300 seconds, Stopping threads took: 0.0000560 seconds
161.304: Application time: 0.0392400 seconds
161.304: [GC [PSYoungGen: 7680K->496K(8192K)] 16796K->9612K(26112K), 0.0004430 secs] [Times: user=0.00 sys=0.00, real=0.00 secs] 
161.305: Total time for which application threads were stopped: 0.0005530 seconds, Stopping threads took: 0.0000570 seconds
161.344: Application time: 0.0391320 seconds
161.344: [GC [PSYoungGen: 7664K->384K(8192K)] 16780K->9612K(26112K), 0.0004590 secs] [Times: user=0.00 sys=0.00, real=0.00 secs] 
161.344: Total time for which application threads were stopped: 0.0005670 seconds, Stopping threads took: 0.0000550 seconds
161.384: Application time: 0.0392440 seconds
161.384: [GC [PSYoungGen: 7552K->352K(8192K)] 16780K->9636K(26112K), 0.0003840 secs] [Times: user=0.00 sys=0.00, real=0.00 secs] 
161.384: Total time for which application threads were stopped: 0.0004900 seconds, Stopping threads took: 0.0000540 seconds
161.423: Application time: 0.0392890 seconds
161.423: [GC [PSYoungGen: 7520K->320K(8192K)] 16804K->9684K(26112K), 0.0003850 secs] [Times: user=0.00 sys=0.00, real=0.00 secs] 
161.424: Total time for which application threads were stopped: 0.0004910 seconds, Stopping threads took: 0.0000520 seconds
161.463: Application time: 0.0392080 seconds
161.463: [GC [PSYoungGen: 7488K->272K(8192K)] 16852K->9676K(26112K), 0.0003650 secs] [Times: user=0.00 sys=0.00, real=0.00 secs] 
161.464: Total time for which application threads were stopped: 0.0004780 seconds, Stopping threads took: 0.0000560 seconds
161.503: Application time: 0.0392310 seconds
161.503: [GC [PSYoungGen: 7440K->256K(8192K)] 16844K->9660K(26112K), 0.0004090 secs] [Times: user=0.00 sys=0.00, real=0.00 secs] 
161.503: Total time for which application threads were stopped: 0.0005260 seconds, Stopping threads took: 0.0000630 seconds
161.541: Application time: 0.0377370 seconds
161.541: [GC [PSYoungGen: 7424K->352K(8192K)] 16828K->9756K(26112K), 0.0004160 secs] [Times: user=0.00 sys=0.00, real=0.00 secs] 
161.542: Total time for which application threads were stopped: 0.0005140 seconds, Stopping threads took: 0.0000400 seconds
161.579: Application time: 0.0378230 seconds
161.579: [GC [PSYoungGen: 7520K->464K(8192K)] 16924K->9924K(26112K), 0.0004110 secs] [Times: user=0.01 sys=0.00, real=0.00 secs] 
161.580: Total time for which application threads were stopped: 0.0005230 seconds, Stopping threads took: 0.0000540 seconds
161.619: Application time: 0.0393730 seconds
161.619: [GC [PSYoungGen: 7632K->432K(8192K)] 17092K->9892K(26112K), 0.0004550 secs] [Times: user=0.00 sys=0.00, real=0.00 secs] 
161.620: Total time for which application threads were stopped: 0.0005600 seconds, Stopping threads took: 0.0000520 seconds
161.658: Application time: 0.0386390 seconds
161.659: [GC [PSYoungGen: 7600K->448K(8192K)] 17060K->9908K(26112K), 0.0004200 secs] [Times: user=0.00 sys=0.00, real=0.00 secs] 
161.659: Total time for which application threads were stopped: 0.0005160 seconds, Stopping threads took: 0.0000430 seconds
161.699: Application time: 0.0397340 seconds
161.699: [GC [PSYoungGen: 7616K->432K(8192K)] 17076K->9892K(26112K), 0.0003930 secs] [Times: user=0.00 sys=0.00, real=0.00 secs] 
161.699: Total time for which application threads were stopped: 0.0004950 seconds, Stopping threads took: 0.0000410 seconds
161.738: Application time: 0.0391300 seconds
161.741: [GC [PSYoungGen: 7600K->496K(8192K)] 17060K->9956K(26112K), 0.0004680 secs] [Times: user=0.00 sys=0.00, real=0.00 secs] 
161.741: Total time for which application threads were stopped: 0.0028910 seconds, Stopping threads took: 0.0023590 seconds
161.781: Application time: 0.0393040 seconds
161.781: [GC [PSYoungGen: 7664K->512K(8192K)] 17124K->9972K(26112K), 0.0004110 secs] [Times: user=0.01 sys=0.00, real=0.00 secs] 
161.781: Total time for which application threads were stopped: 0.0005150 seconds, Stopping threads took: 0.0000500 seconds
161.820: Application time: 0.0392380 seconds
161.820: [GC [PSYoungGen: 7680K->464K(8192K)] 17140K->9924K(26112K), 0.0004600 secs] [Times: user=0.00 sys=0.00, real=0.00 secs] 
161.821: Total time for which application threads were stopped: 0.0005540 seconds, Stopping threads took: 0.0000430 seconds
161.860: Application time: 0.0392900 seconds
161.860: [GC [PSYoungGen: 7632K->512K(8192K)] 17092K->9972K(26112K), 0.0004660 secs] [Times: user=0.01 sys=0.00, real=0.00 secs] 
161.861: Total time for which application threads were stopped: 0.0005710 seconds, Stopping threads took: 0.0000470 seconds
161.900: Application time: 0.0393800 seconds
161.900: [GC [PSYoungGen: 7680K->480K(8192K)] 17140K->9940K(26112K), 0.0004140 secs] [Times: user=0.00 sys=0.00, real=0.00 secs] 
161.901: Total time for which application threads were stopped: 0.0005220 seconds, Stopping threads took: 0.0000560 seconds
161.940: Application time: 0.0390990 seconds
161.940: [GC [PSYoungGen: 7648K->496K(8192K)] 17108K->9956K(26112K), 0.0004140 secs] [Times: user=0.00 sys=0.00, real=0.00 secs] 
161.940: Total time for which application threads were stopped: 0.0005090 seconds, Stopping threads took: 0.0000420 seconds
161.979: Application time: 0.0390300 seconds
161.979: [GC [PSYoungGen: 7664K->528K(8192K)] 17124K->9988K(26112K), 0.0004600 secs] [Times: user=0.00 sys=0.00, real=0.00 secs] 
161.980: Total time for which application threads were stopped: 0.0005730 seconds, Stopping threads took: 0.0000560 seconds
162.019: Application time: 0.0392320 seconds
162.019: [GC [PSYoungGen: 7696K->496K(8192K)] 17156K->9956K(26112K), 0.0004190 secs] [Times: user=0.00 sys=0.00, real=0.00 secs] 
162.020: Total time for which application threads were stopped: 0.0005300 seconds, Stopping threads took: 0.0000550 seconds
162.059: Application time: 0.0392810 seconds
162.061: [GC [PSYoungGen: 7664K->512K(8192K)] 17124K->9972K(26112K), 0.0004310 secs] [Times: user=0.00 sys=0.00, real=0.00 secs] 
162.061: Total time for which application threads were stopped: 0.0023000 seconds, Stopping threads took: 0.0018150 seconds
162.100: Application time: 0.0392360 seconds
162.101: [GC [PSYoungGen: 7680K->496K(8192K)] 17140K->9956K(26112K), 0.0004150 secs] [Times: user=0.01 sys=0.00, real=0.00 secs] 
162.101: Total time for which application threads were stopped: 0.0005130 seconds, Stopping threads took: 0.0000440 seconds
162.140: Application time: 0.0391770 seconds
162.140: [GC [PSYoungGen: 7664K->368K(8192K)] 17124K->9948K(26112K), 0.0004240 secs] [Times: user=0.00 sys=0.00, real=0.00 secs] 
162.141: Total time for which application threads were stopped: 0.0005170 seconds, Stopping threads took: 0.0000400 seconds
162.180: Application time: 0.0392330 seconds
162.180: [GC [PSYoungGen: 7536K->320K(8192K)] 17116K->10020K(26112K), 0.0003860 secs] [Times: user=0.00 sys=0.00, real=0.00 secs] 
162.180: Total time for which application threads were stopped: 0.0004990 seconds, Stopping threads took: 0.0000560 seconds
162.220: Application time: 0.0392680 seconds
162.220: [GC [PSYoungGen: 7488K->288K(8192K)] 17188K->9988K(26112K), 0.0004090 secs] [Times: user=0.00 sys=0.00, real=0.00 secs] 
162.220: Total time for which application threads were stopped: 0.0005270 seconds, Stopping threads took: 0.0000560 seconds
162.259: Application time: 0.0392870 seconds
162.260: [GC [PSYoungGen: 7456K->272K(8192K)] 17156K->10020K(26112K), 0.0003740 secs] [Times: user=0.00 sys=0.00, real=0.00 secs] 
162.260: Total time for which application threads were stopped: 0.0004970 seconds, Stopping threads took: 0.0000690 seconds
162.299: Application time: 0.0392400 seconds
162.299: [GC [PSYoungGen: 7440K->256K(8192K)] 17188K->10004K(26112K), 0.0003760 secs] [Times: user=0.00 sys=0.00, real=0.00 secs] 
162.300: Total time for which application threads were stopped: 0.0004790 seconds, Stopping threads took: 0.0000530 seconds
162.337: Application time: 0.0373480 seconds
162.337: [GC [PSYoungGen: 7424K->352K(8192K)] 17172K->10164K(26112K), 0.0003950 secs] [Times: user=0.00 sys=0.00, real=0.00 secs] 
162.338: Total time for which application threads were stopped: 0.0005070 seconds, Stopping threads took: 0.0000560 seconds
162.377: Application time: 0.0391340 seconds
162.377: [GC [PSYoungGen: 7520K->464K(8192K)] 17332K->10276K(26112K), 0.0004610 secs] [Times: user=0.00 sys=0.00, real=0.00 secs] 
162.377: Total time for which application threads were stopped: 0.0005770 seconds, Stopping threads took: 0.0000560 seconds
162.417: Application time: 0.0393320 seconds
162.417: [GC [PSYoungGen: 7632K->416K(8192K)] 17444K->10228K(26112K), 0.0006360 secs] [Times: user=0.00 sys=0.00, real=0.00 secs] 
162.417: Total time for which application threads were stopped: 0.0007550 seconds, Stopping threads took: 0.0000560 seconds
162.456: Application time: 0.0390320 seconds
162.456: [GC [PSYoungGen: 7584K->432K(8192K)] 17396K->10244K(26112K), 0.0004230 secs] [Times: user=0.01 sys=0.00, real=0.01 secs] 
162.457: Total time for which application threads were stopped: 0.0005390 seconds, Stopping threads took: 0.0000560 seconds
162.496: Application time: 0.0393670 seconds
162.496: [GC [PSYoungGen: 7600K->432K(8192K)] 17412K->10244K(26112K), 0.0004150 secs] [Times: user=0.00 sys=0.00, real=0.01 secs] 
162.497: Total time for which application threads were stopped: 0.0005180 seconds, Stopping threads took: 0.0000450 seconds
162.537: Application time: 0.0397760 seconds
162.537: [GC [PSYoungGen: 7600K->496K(8192K)] 17412K->10308K(26112K), 0.0004470 secs] [Times: user=0.00 sys=0.00, real=0.01 secs] 
162.537: Total time for which application threads were stopped: 0.0005570 seconds, Stopping threads took: 0.0000460 seconds
162.577: Application time: 0.0393790 seconds
162.577: [GC [PSYoungGen: 7664K->544K(8192K)] 17476K->10356K(26112K), 0.0004790 secs] [Times: user=0.00 sys=0.00, real=0.01 secs] 
162.577: Total time for which application threads were stopped: 0.0005880 seconds, Stopping threads took: 0.0000540 seconds
162.617: Application time: 0.0398630 seconds
162.617: [GC [PSYoungGen: 7712K->512K(8192K)] 17524K->10324K(26112K), 0.0004290 secs] [Times: user=0.00 sys=0.00, real=0.00 secs] 
162.618: Total time for which application threads were stopped: 0.0005300 seconds, Stopping threads took: 0.0000450 seconds
162.657: Application time: 0.0392320 seconds
162.657: [GC [PSYoungGen: 7680K->512K(8192K)] 17492K->10324K(26112K), 0.0004150 secs] [Times: user=0.00 sys=0.00, real=0.00 secs] 
162.657: Total time for which application threads were stopped: 0.0005220 seconds, Stopping threads took: 0.0000530 seconds
162.697: Application time: 0.0392450 seconds
162.697: [GC [PSYoungGen: 7680K->512K(8192K)] 17492K->10324K(26112K), 0.0004170 secs] [Times: user=0.00 sys=0.00, real=0.01 secs] 
162.697: Total time for which application threads were stopped: 0.0005220 seconds, Stopping threads took: 0.0000480 seconds
162.736: Application time: 0.0392580 seconds
162.736: [GC [PSYoungGen: 7680K->528K(8192K)] 17492K->10340K(26112K), 0.0004570 secs] [Times: user=0.01 sys=0.00, real=0.01 secs] 
162.737: Total time for which application threads were stopped: 0.0005910 seconds, Stopping threads took: 0.0000550 seconds
162.776: Application time: 0.0391820 seconds
162.776: [GC [PSYoungGen: 7696K->512K(8192K)] 17508K->10324K(26112K), 0.0004480 secs] [Times: user=0.00 sys=0.00, real=0.00 secs] 
162.777: Total time for which application threads were stopped: 0.0005540 seconds, Stopping threads took: 0.0000510 seconds
162.816: Application time: 0.0391610 seconds
162.816: [GC [PSYoungGen: 7680K->528K(8192K)] 17492K->10340K(26112K), 0.0004040 secs] [Times: user=0.00 sys=0.00, real=0.00 secs] 
162.816: Total time for which application threads were stopped: 0.0005120 seconds, Stopping threads took: 0.0000520 seconds
162.856: Application time: 0.0393110 seconds
162.856: [GC [PSYoungGen: 7696K->480K(8192K)] 17508K->10292K(26112K), 0.0004260 secs] [Times: user=0.00 sys=0.00, real=0.00 secs] 
162.856: Total time for which application threads were stopped: 0.0005260 seconds, Stopping threads took: 0.0000450 seconds
162.895: Application time: 0.0391980 seconds
162.895: [GC [PSYoungGen: 7648K->464K(8192K)] 17460K->10276K(26112K), 0.0004530 secs] [Times: user=0.00 sys=0.00, real=0.00 secs] 
162.896: Total time for which application threads were stopped: 0.0005640 seconds, Stopping threads took: 0.0000550 seconds
162.935: Application time: 0.0392800 seconds
162.935: [GC [PSYoungGen: 7632K->336K(8192K)] 17444K->10292K(26112K), 0.0004570 secs] [Times: user=0.01 sys=0.00, real=0.00 secs] 
162.936: Total time for which application threads were stopped: 0.0005590 seconds, Stopping threads took: 0.0000480 seconds
162.975: Application time: 0.0392100 seconds
162.975: [GC [PSYoungGen: 7504K->272K(8192K)] 17460K->10324K(26112K), 0.0004150 secs] [Times: user=0.00 sys=0.00, real=0.00 secs] 
162.975: Total time for which application threads were stopped: 0.0005190 seconds, Stopping threads took: 0.0000480 seconds
163.015: Application time: 0.0392250 seconds
163.015: [GC [PSYoungGen: 7440K->272K(8192K)] 17492K->10324K(26112K), 0.0004050 secs] [Times: user=0.01 sys=0.00, real=0.00 secs] 
163.015: Total time for which application threads were stopped: 0.0005210 seconds, Stopping threads took: 0.0000630 seconds
163.054: Application time: 0.0391980 seconds
163.054: [GC [PSYoungGen: 7440K->272K(8192K)] 17492K->10396K(26112K), 0.0004500 secs] [Times: user=0.00 sys=0.00, real=0.00 secs] 
163.055: Total time for which application threads were stopped: 0.0005500 seconds, Stopping threads took: 0.0000440 seconds
163.094: Application time: 0.0390970 seconds
163.094: [GC [PSYoungGen: 7440K->288K(8192K)] 17564K->10412K(26112K), 0.0003640 secs] [Times: user=0.00 sys=0.00, real=0.00 secs] 
163.095: Total time for which application threads were stopped: 0.0004750 seconds, Stopping threads took: 0.0000570 seconds
163.132: Application time: 0.0375780 seconds
163.132: [GC [PSYoungGen: 7456K->368K(8192K)] 17580K->10533K(26112K), 0.0003910 secs] [Times: user=0.00 sys=0.00, real=0.00 secs] 
163.133: Total time for which application threads were stopped: 0.0005020 seconds, Stopping threads took: 0.0000570 seconds
163.171: Application time: 0.0383230 seconds
163.171: [GC [PSYoungGen: 7536K->416K(8192K)] 17701K->10580K(26112K), 0.0004090 secs] [Times: user=0.00 sys=0.00, real=0.00 secs] 
163.171: Total time for which application threads were stopped: 0.0005130 seconds, Stopping threads took: 0.0000500 seconds
163.210: Application time: 0.0387250 seconds
163.210: [GC [PSYoungGen: 7584K->480K(8192K)] 17748K->10644K(26112K), 0.0004440 secs] [Times: user=0.00 sys=0.00, real=0.00 secs] 
163.211: Total time for which application threads were stopped: 0.0005400 seconds, Stopping threads took: 0.0000400 seconds
163.250: Application time: 0.0394280 seconds
163.250: [GC [PSYoungGen: 7648K->464K(8192K)] 17812K->10629K(26112K), 0.0004250 secs] [Times: user=0.00 sys=0.00, real=0.00 secs] 
163.251: Total time for which application threads were stopped: 0.0005400 seconds, Stopping threads took: 0.0000540 seconds
163.290: Application time: 0.0392810 seconds
163.290: [GC [PSYoungGen: 7632K->448K(8192K)] 17797K->10613K(26112K), 0.0004320 secs] [Times: user=0.00 sys=0.00, real=0.00 secs] 
163.291: Total time for which application threads were stopped: 0.0005410 seconds, Stopping threads took: 0.0000540 seconds
163.329: Application time: 0.0387590 seconds
163.329: [GC [PSYoungGen: 7616K->544K(8192K)] 17781K->10708K(26112K), 0.0003980 secs] [Times: user=0.00 sys=0.00, real=0.00 secs] 
163.330: Total time for which application threads were stopped: 0.0004900 seconds, Stopping threads took: 0.0000380 seconds
163.369: Application time: 0.0394000 seconds
163.369: [GC [PSYoungGen: 7712K->528K(8192K)] 17876K->10693K(26112K), 0.0004440 secs] [Times: user=0.01 sys=0.00, real=0.00 secs] 
163.370: Total time for which application threads were stopped: 0.0005520 seconds, Stopping threads took: 0.0000550 seconds
163.409: Application time: 0.0392750 seconds
163.409: [GC [PSYoungGen: 7696K->496K(8192K)] 17861K->10661K(26112K), 0.0004080 secs] [Times: user=0.00 sys=0.00, real=0.00 secs] 
163.410: Total time for which application threads were stopped: 0.0005290 seconds, Stopping threads took: 0.0000670 seconds
163.449: Application time: 0.0394520 seconds
163.449: [GC [PSYoungGen: 7664K->544K(8192K)] 17829K->10709K(26112K), 0.0004230 secs] [Times: user=0.00 sys=0.00, real=0.00 secs] 
163.450: Total time for which application threads were stopped: 0.0005480 seconds, Stopping threads took: 0.0000710 seconds
163.489: Application time: 0.0397430 seconds
163.489: [GC [PSYoungGen: 7712K->512K(8192K)] 17877K->10677K(26112K), 0.0004300 secs] [Times: user=0.01 sys=0.00, real=0.00 secs] 
163.490: Total time for which application threads were stopped: 0.0005270 seconds, Stopping threads took: 0.0000390 seconds
163.528: Application time: 0.0386200 seconds
163.529: [GC [PSYoungGen: 7680K->528K(8192K)] 17845K->10693K(26112K), 0.0004170 secs] [Times: user=0.00 sys=0.00, real=0.01 secs] 
163.529: Total time for which application threads were stopped: 0.0005230 seconds, Stopping threads took: 0.0000490 seconds
163.568: Application time: 0.0392750 seconds
163.568: [GC [PSYoungGen: 7696K->496K(8192K)] 17861K->10661K(26112K), 0.0004170 secs] [Times: user=0.00 sys=0.00, real=0.01 secs] 
163.569: Total time for which application threads were stopped: 0.0005250 seconds, Stopping threads took: 0.0000530 seconds
163.608: Application time: 0.0396400 seconds
163.613: [GC [PSYoungGen: 7664K->528K(8192K)] 17829K->10693K(26112K), 0.0004730 secs] [Times: user=0.00 sys=0.00, real=0.00 secs] 
163.613: Total time for which application threads were stopped: 0.0048480 seconds, Stopping threads took: 0.0043220 seconds
163.653: Application time: 0.0392990 seconds
163.653: [GC [PSYoungGen: 7696K->464K(8192K)] 17861K->10629K(26112K), 0.0004200 secs] [Times: user=0.00 sys=0.00, real=0.00 secs] 
163.653: Total time for which application threads were stopped: 0.0005180 seconds, Stopping threads took: 0.0000400 seconds
163.692: Application time: 0.0392230 seconds
163.692: [GC [PSYoungGen: 7632K->432K(8192K)] 17797K->10645K(26112K), 0.0004260 secs] [Times: user=0.00 sys=0.00, real=0.00 secs] 
163.693: Total time for which application threads were stopped: 0.0005320 seconds, Stopping threads took: 0.0000500 seconds
163.732: Application time: 0.0393230 seconds
163.732: [GC [PSYoungGen: 7600K->352K(8192K)] 17813K->10677K(26112K), 0.0004450 secs] [Times: user=0.00 sys=0.00, real=0.00 secs] 
163.733: Total time for which application threads were stopped: 0.0005690 seconds, Stopping threads took: 0.0000590 seconds
163.773: Application time: 0.0400220 seconds
163.773: [GC [PSYoungGen: 7520K->320K(8192K)] 17845K->10733K(26112K), 0.0004020 secs] [Times: user=0.00 sys=0.00, real=0.00 secs] 
163.773: Total time for which application threads were stopped: 0.0005140 seconds, Stopping threads took: 0.0000470 seconds
163.813: Application time: 0.0396000 seconds
163.817: [GC [PSYoungGen: 7488K->272K(8192K)] 17901K->10733K(26112K), 0.0003570 secs] [Times: user=0.00 sys=0.00, real=0.00 secs] 
163.817: Total time for which application threads were stopped: 0.0042490 seconds, Stopping threads took: 0.0038400 seconds
163.856: Application time: 0.0391920 seconds
163.856: [GC [PSYoungGen: 7440K->272K(8192K)] 17901K->10733K(26112K), 0.0003750 secs] [Times: user=0.00 sys=0.00, real=0.01 secs] 
163.857: Total time for which application threads were stopped: 0.0004960 seconds, Stopping threads took: 0.0000710 seconds
163.896: Application time: 0.0393030 seconds
163.896: [GC [PSYoungGen: 7440K->304K(8192K)] 17901K->10765K(26112K), 0.0004140 secs] [Times: user=0.00 sys=0.00, real=0.00 secs] 
163.897: Total time for which application threads were stopped: 0.0005350 seconds, Stopping threads took: 0.0000620 seconds
163.935: Application time: 0.0381740 seconds
163.935: [GC [PSYoungGen: 7472K->336K(8192K)] 17933K->10845K(26112K), 0.0004080 secs] [Times: user=0.00 sys=0.00, real=0.00 secs] 
163.935: Total time for which application threads were stopped: 0.0005200 seconds, Stopping threads took: 0.0000560 seconds
163.973: Application time: 0.0381420 seconds
163.977: [GC [PSYoungGen: 7504K->448K(8192K)] 18013K->10957K(26112K), 0.0004160 secs] [Times: user=0.01 sys=0.00, real=0.00 secs] 
163.977: Total time for which application threads were stopped: 0.0036940 seconds, Stopping threads took: 0.0032210 seconds
164.016: Application time: 0.0386920 seconds
164.016: [GC [PSYoungGen: 7616K->480K(8192K)] 18125K->10989K(26112K), 0.0004130 secs] [Times: user=0.00 sys=0.00, real=0.00 secs] 
164.016: Total time for which application threads were stopped: 0.0005220 seconds, Stopping threads took: 0.0000550 seconds
164.057: Application time: 0.0401930 seconds
164.057: [GC [PSYoungGen: 7648K->496K(8192K)] 18157K->11005K(26112K), 0.0004200 secs] [Times: user=0.00 sys=0.00, real=0.00 secs] 
164.057: Total time for which application threads were stopped: 0.0005350 seconds, Stopping threads took: 0.0000560 seconds
164.096: Application time: 0.0391260 seconds
164.096: [GC [PSYoungGen: 7664K->464K(8192K)] 18173K->10973K(26112K), 0.0004470 secs] [Times: user=0.01 sys=0.00, real=0.01 secs] 
164.097: Total time for which application threads were stopped: 0.0005600 seconds, Stopping threads took: 0.0000580 seconds
164.135: Application time: 0.0385920 seconds
164.136: [GC [PSYoungGen: 7632K->512K(8192K)] 18141K->11021K(26112K), 0.0004240 secs] [Times: user=0.01 sys=0.00, real=0.00 secs] 
164.136: Total time for which application threads were stopped: 0.0005340 seconds, Stopping threads took: 0.0000540 seconds
164.175: Application time: 0.0392270 seconds
164.177: [GC [PSYoungGen: 7680K->512K(8192K)] 18189K->11021K(26112K), 0.0004620 secs] [Times: user=0.00 sys=0.00, real=0.00 secs] 
164.177: Total time for which application threads were stopped: 0.0020530 seconds, Stopping threads took: 0.0015330 seconds
164.216: Application time: 0.0392630 seconds
164.217: [GC [PSYoungGen: 7680K->512K(8192K)] 18189K->11021K(26112K), 0.0004140 secs] [Times: user=0.00 sys=0.00, real=0.01 secs] 
164.217: Total time for which application threads were stopped: 0.0005140 seconds, Stopping threads took: 0.0000470 seconds
164.257: Application time: 0.0399770 seconds
164.257: [GC [PSYoungGen: 7680K->480K(8192K)] 18189K->10989K(26112K), 0.0004230 secs] [Times: user=0.00 sys=0.00, real=0.00 secs] 
164.258: Total time for which application threads were stopped: 0.0005160 seconds, Stopping threads took: 0.0000390 seconds
164.297: Application time: 0.0391810 seconds
164.297: [GC [PSYoungGen: 7648K->512K(8192K)] 18157K->11021K(26112K), 0.0004100 secs] [Times: user=0.00 sys=0.00, real=0.00 secs] 
164.297: Total time for which application threads were stopped: 0.0005240 seconds, Stopping threads took: 0.0000530 seconds
164.336: Application time: 0.0391760 seconds
164.336: [GC [PSYoungGen: 7680K->528K(8192K)] 18189K->11037K(26112K), 0.0004680 secs] [Times: user=0.00 sys=0.00, real=0.01 secs] 
164.337: Total time for which application threads were stopped: 0.0005640 seconds, Stopping threads took: 0.0000420 seconds
164.376: Application time: 0.0392400 seconds
164.376: [GC [PSYoungGen: 7696K->480K(8192K)] 18205K->10989K(26112K), 0.0004940 secs] [Times: user=0.00 sys=0.00, real=0.01 secs] 
164.377: Total time for which application threads were stopped: 0.0006060 seconds, Stopping threads took: 0.0000480 seconds
164.416: Application time: 0.0387990 seconds
164.416: [GC [PSYoungGen: 7648K->496K(8192K)] 18157K->11005K(26112K), 0.0004050 secs] [Times: user=0.01 sys=0.00, real=0.00 secs] 
164.416: Total time for which application threads were stopped: 0.0005180 seconds, Stopping threads took: 0.0000540 seconds
164.456: Application time: 0.0397020 seconds
164.456: [GC [PSYoungGen: 7664K->480K(8192K)] 18173K->10989K(26112K), 0.0004490 secs] [Times: user=0.01 sys=0.00, real=0.00 secs] 
164.456: Total time for which application threads were stopped: 0.0005430 seconds, Stopping threads took: 0.0000420 seconds
164.496: Application time: 0.0393640 seconds
164.496: [GC [PSYoungGen: 7648K->400K(8192K)] 18157K->11005K(26112K), 0.0004630 secs] [Times: user=0.00 sys=0.00, real=0.00 secs] 
164.496: Total time for which application threads were stopped: 0.0005700 seconds, Stopping threads took: 0.0000520 seconds
164.536: Application time: 0.0392170 seconds
164.536: [GC [PSYoungGen: 7568K->336K(8192K)] 18173K->11029K(26112K), 0.0005050 secs] [Times: user=0.00 sys=0.00, real=0.00 secs] 
164.536: Total time for which application threads were stopped: 0.0005950 seconds, Stopping threads took: 0.0000350 seconds
164.575: Application time: 0.0391940 seconds
164.575: [GC [PSYoungGen: 7504K->288K(8192K)] 18197K->11061K(26112K), 0.0004050 secs] [Times: user=0.00 sys=0.00, real=0.00 secs] 
164.576: Total time for which application threads were stopped: 0.0005230 seconds, Stopping threads took: 0.0000620 seconds
164.615: Application time: 0.0396110 seconds
164.617: [GC [PSYoungGen: 7456K->272K(8192K)] 18229K->11109K(26112K), 0.0004000 secs] [Times: user=0.00 sys=0.00, real=0.00 secs] 
164.617: Total time for which application threads were stopped: 0.0017500 seconds, Stopping threads took: 0.0012900 seconds
164.656: Application time: 0.0392650 seconds
164.657: [GC [PSYoungGen: 7440K->272K(8192K)] 18277K->11109K(26112K), 0.0004100 secs] [Times: user=0.00 sys=0.00, real=0.01 secs] 
164.657: Total time for which application threads were stopped: 0.0005170 seconds, Stopping threads took: 0.0000540 seconds
164.695: Application time: 0.0375140 seconds
164.695: [GC [PSYoungGen: 7440K->384K(8192K)] 18277K->11221K(26112K), 0.0003810 secs] [Times: user=0.00 sys=0.00, real=0.00 secs] 
164.695: Total time for which application threads were stopped: 0.0004940 seconds, Stopping threads took: 0.0000560 seconds
164.733: Application time: 0.0382900 seconds
164.733: [GC [PSYoungGen: 7552K->352K(8192K)] 18389K->11245K(26112K), 0.0004170 secs] [Times: user=0.01 sys=0.00, real=0.00 secs] 
164.734: Total time for which application threads were stopped: 0.0005310 seconds, Stopping threads took: 0.0000510 seconds
164.772: Application time: 0.0386030 seconds
164.773: [GC [PSYoungGen: 7520K->416K(8192K)] 18413K->11309K(26112K), 0.0004740 secs] [Times: user=0.01 sys=0.00, real=0.00 secs] 
164.773: Total time for which application threads were stopped: 0.0005840 seconds, Stopping threads took: 0.0000550 seconds
164.812: Application time: 0.0389260 seconds
164.812: [GC [PSYoungGen: 7584K->464K(8192K)] 18477K->11357K(26112K), 0.0005200 secs] [Times: user=0.00 sys=0.00, real=0.00 secs] 
164.813: Total time for which application threads were stopped: 0.0006390 seconds, Stopping threads took: 0.0000540 seconds
164.852: Application time: 0.0392750 seconds
164.852: [GC [PSYoungGen: 7632K->496K(8192K)] 18525K->11389K(26112K), 0.0004270 secs] [Times: user=0.01 sys=0.00, real=0.00 secs] 
164.852: Total time for which application threads were stopped: 0.0005410 seconds, Stopping threads took: 0.0000560 seconds
164.892: Application time: 0.0395150 seconds
164.892: [GC [PSYoungGen: 7664K->480K(8192K)] 18557K->11373K(26112K), 0.0004230 secs] [Times: user=0.00 sys=0.00, real=0.00 secs] 
164.892: Total time for which application threads were stopped: 0.0005330 seconds, Stopping threads took: 0.0000550 seconds
164.931: Application time: 0.0387920 seconds
164.931: [GC [PSYoungGen: 7648K->512K(8192K)] 18541K->11405K(26112K), 0.0004400 secs] [Times: user=0.01 sys=0.00, real=0.00 secs] 
164.932: Total time for which application threads were stopped: 0.0005520 seconds, Stopping threads took: 0.0000540 seconds
164.971: Application time: 0.0393870 seconds
164.971: [GC [PSYoungGen: 7680K->464K(8192K)] 18573K->11357K(26112K), 0.0004630 secs] [Times: user=0.00 sys=0.00, real=0.00 secs] 
164.972: Total time for which application threads were stopped: 0.0005720 seconds, Stopping threads took: 0.0000550 seconds
165.011: Application time: 0.0392930 seconds
165.011: [GC [PSYoungGen: 7632K->496K(8192K)] 18525K->11389K(26112K), 0.0004200 secs] [Times: user=0.00 sys=0.00, real=0.00 secs] 
165.012: Total time for which application threads were stopped: 0.0005280 seconds, Stopping threads took: 0.0000550 seconds
165.051: Application time: 0.0392190 seconds
165.051: [GC [PSYoungGen: 7664K->480K(8192K)] 18557K->11373K(26112K), 0.0004120 secs] [Times: user=0.00 sys=0.00, real=0.00 secs] 
165.051: Total time for which application threads were stopped: 0.0005150 seconds, Stopping threads took: 0.0000470 seconds
165.090: Application time: 0.0390270 seconds
165.090: [GC [PSYoungGen: 7648K->496K(8192K)] 18541K->11389K(26112K), 0.0004270 secs] [Times: user=0.00 sys=0.00, real=0.00 secs] 
165.091: Total time for which application threads were stopped: 0.0005380 seconds, Stopping threads took: 0.0000560 seconds
165.130: Application time: 0.0391290 seconds
165.130: [GC [PSYoungGen: 7664K->464K(8192K)] 18557K->11357K(26112K), 0.0004590 secs] [Times: user=0.01 sys=0.00, real=0.00 secs] 
165.131: Total time for which application threads were stopped: 0.0005630 seconds, Stopping threads took: 0.0000500 seconds
165.170: Application time: 0.0393690 seconds
165.170: [GC [PSYoungGen: 7632K->496K(8192K)] 18525K->11389K(26112K), 0.0004520 secs] [Times: user=0.01 sys=0.00, real=0.00 secs] 
165.171: Total time for which application threads were stopped: 0.0005550 seconds, Stopping threads took: 0.0000500 seconds
165.210: Application time: 0.0392150 seconds
165.210: [GC [PSYoungGen: 7664K->496K(8192K)] 18557K->11389K(26112K), 0.0004560 secs] [Times: user=0.00 sys=0.00, real=0.00 secs] 
165.210: Total time for which application threads were stopped: 0.0005610 seconds, Stopping threads took: 0.0000530 seconds
165.250: Application time: 0.0392850 seconds
165.250: [GC [PSYoungGen: 7664K->496K(8192K)] 18557K->11389K(26112K), 0.0004200 secs] [Times: user=0.00 sys=0.00, real=0.00 secs] 
165.250: Total time for which application threads were stopped: 0.0005270 seconds, Stopping threads took: 0.0000530 seconds
165.289: Application time: 0.0393690 seconds
165.290: [GC [PSYoungGen: 7664K->384K(8192K)] 18557K->11389K(26112K), 0.0004400 secs] [Times: user=0.00 sys=0.00, real=0.00 secs] 
165.290: Total time for which application threads were stopped: 0.0005450 seconds, Stopping threads took: 0.0000500 seconds
165.329: Application time: 0.0392150 seconds
165.329: [GC [PSYoungGen: 7552K->304K(8192K)] 18557K->11405K(26112K), 0.0004330 secs] [Times: user=0.00 sys=0.00, real=0.00 secs] 
165.330: Total time for which application threads were stopped: 0.0005440 seconds, Stopping threads took: 0.0000500 seconds
165.369: Application time: 0.0393960 seconds
165.369: [GC [PSYoungGen: 7472K->336K(8192K)] 18573K->11485K(26112K), 0.0004100 secs] [Times: user=0.00 sys=0.00, real=0.00 secs] 
165.370: Total time for which application threads were stopped: 0.0005020 seconds, Stopping threads took: 0.0000420 seconds
165.410: Application time: 0.0405700 seconds
165.410: [GC [PSYoungGen: 7504K->272K(8192K)] 18653K->11477K(26112K), 0.0003950 secs] [Times: user=0.00 sys=0.00, real=0.00 secs] 
165.411: Total time for which application threads were stopped: 0.0004980 seconds, Stopping threads took: 0.0000490 seconds
165.450: Application time: 0.0393980 seconds
165.453: [GC [PSYoungGen: 7440K->272K(8192K)] 18645K->11477K(26112K), 0.0003700 secs] [Times: user=0.00 sys=0.00, real=0.00 secs] 
165.453: Total time for which application threads were stopped: 0.0030040 seconds, Stopping threads took: 0.0025750 seconds
165.491: Application time: 0.0377630 seconds
165.491: [GC [PSYoungGen: 7440K->384K(8192K)] 18645K->11589K(26112K), 0.0004030 secs] [Times: user=0.00 sys=0.00, real=0.00 secs] 
165.491: Total time for which application threads were stopped: 0.0005200 seconds, Stopping threads took: 0.0000580 seconds
165.529: Application time: 0.0378760 seconds
165.529: [GC [PSYoungGen: 7552K->432K(8192K)] 18757K->11693K(26112K), 0.0004520 secs] [Times: user=0.00 sys=0.00, real=0.00 secs] 
165.530: Total time for which application threads were stopped: 0.0005510 seconds, Stopping threads took: 0.0000450 seconds
165.570: Application time: 0.0400330 seconds
165.570: [GC [PSYoungGen: 7600K->480K(8192K)] 18861K->11741K(26112K), 0.0004260 secs] [Times: user=0.00 sys=0.00, real=0.00 secs] 
165.570: Total time for which application threads were stopped: 0.0005480 seconds, Stopping threads took: 0.0000570 seconds
165.610: Application time: 0.0393080 seconds
165.610: [GC [PSYoungGen: 7648K->464K(8192K)] 18909K->11725K(26112K), 0.0004090 secs] [Times: user=0.00 sys=0.00, real=0.00 secs] 
165.610: Total time for which application threads were stopped: 0.0005170 seconds, Stopping threads took: 0.0000510 seconds
165.650: Application time: 0.0393410 seconds
165.650: [GC [PSYoungGen: 7632K->464K(8192K)] 18893K->11725K(26112K), 0.0004220 secs] [Times: user=0.00 sys=0.00, real=0.00 secs] 
165.650: Total time for which application threads were stopped: 0.0005400 seconds, Stopping threads took: 0.0000640 seconds
165.689: Application time: 0.0393300 seconds
165.690: [GC [PSYoungGen: 7632K->448K(8192K)] 18893K->11709K(26112K), 0.0004330 secs] [Times: user=0.00 sys=0.00, real=0.00 secs] 
165.690: Total time for which application threads were stopped: 0.0005430 seconds, Stopping threads took: 0.0000540 seconds
165.729: Application time: 0.0390230 seconds
165.729: [GC [PSYoungGen: 7616K->496K(8192K)] 18877K->11757K(26112K), 0.0005030 secs] [Times: user=0.00 sys=0.00, real=0.00 secs] 
165.730: Total time for which application threads were stopped: 0.0006290 seconds, Stopping threads took: 0.0000590 seconds
165.769: Application time: 0.0393040 seconds
165.769: [GC [PSYoungGen: 7664K->496K(8192K)] 18925K->11757K(26112K), 0.0004520 secs] [Times: user=0.00 sys=0.00, real=0.00 secs] 
165.770: Total time for which application threads were stopped: 0.0005640 seconds, Stopping threads took: 0.0000560 seconds
165.809: Application time: 0.0392010 seconds
165.809: [GC [PSYoungGen: 7664K->512K(8192K)] 18925K->11773K(26112K), 0.0004690 secs] [Times: user=0.00 sys=0.00, real=0.00 secs] 
165.809: Total time for which application threads were stopped: 0.0005710 seconds, Stopping threads took: 0.0000520 seconds
165.849: Application time: 0.0395920 seconds
165.849: [GC [PSYoungGen: 7680K->544K(8192K)] 18941K->11805K(26112K), 0.0004720 secs] [Times: user=0.00 sys=0.00, real=0.00 secs] 
165.850: Total time for which application threads were stopped: 0.0005970 seconds, Stopping threads took: 0.0000630 seconds
165.888: Application time: 0.0388030 seconds
165.888: [GC [PSYoungGen: 7712K->512K(8192K)] 18973K->11773K(26112K), 0.0004770 secs] [Times: user=0.00 sys=0.00, real=0.01 secs] 
165.889: Total time for which application threads were stopped: 0.0005680 seconds, Stopping threads took: 0.0000360 seconds
165.928: Application time: 0.0391870 seconds
165.928: [GC [PSYoungGen: 7680K->528K(8192K)] 18941K->11789K(26112K), 0.0004290 secs] [Times: user=0.00 sys=0.00, real=0.00 secs] 
165.929: Total time for which application threads were stopped: 0.0005410 seconds, Stopping threads took: 0.0000570 seconds
165.968: Application time: 0.0391620 seconds
165.968: [GC [PSYoungGen: 7696K->544K(8192K)] 18957K->11805K(26112K), 0.0004270 secs] [Times: user=0.01 sys=0.00, real=0.00 secs] 
165.968: Total time for which application threads were stopped: 0.0005300 seconds, Stopping threads took: 0.0000510 seconds
166.008: Application time: 0.0392850 seconds
166.008: [GC [PSYoungGen: 7712K->528K(8192K)] 18973K->11789K(26112K), 0.0004700 secs] [Times: user=0.00 sys=0.00, real=0.00 secs] 
166.008: Total time for which application threads were stopped: 0.0005800 seconds, Stopping threads took: 0.0000540 seconds
166.047: Application time: 0.0392450 seconds
166.048: [GC [PSYoungGen: 7696K->512K(8192K)] 18957K->11773K(26112K), 0.0004160 secs] [Times: user=0.00 sys=0.00, real=0.00 secs] 
166.048: Total time for which application threads were stopped: 0.0005240 seconds, Stopping threads took: 0.0000560 seconds
166.087: Application time: 0.0391100 seconds
166.087: [GC [PSYoungGen: 7680K->384K(8192K)] 18941K->11765K(26112K), 0.0005350 secs] [Times: user=0.00 sys=0.00, real=0.01 secs] 
166.089: Total time for which application threads were stopped: 0.0016460 seconds, Stopping threads took: 0.0000550 seconds
166.128: Application time: 0.0394970 seconds
166.128: [GC [PSYoungGen: 7552K->320K(8192K)] 18933K->11813K(26112K), 0.0004150 secs] [Times: user=0.00 sys=0.00, real=0.01 secs] 
166.129: Total time for which application threads were stopped: 0.0005270 seconds, Stopping threads took: 0.0000550 seconds
166.168: Application time: 0.0391460 seconds
166.168: [GC [PSYoungGen: 7488K->304K(8192K)] 18981K->11869K(26112K), 0.0003610 secs] [Times: user=0.00 sys=0.00, real=0.00 secs] 
166.168: Total time for which application threads were stopped: 0.0004720 seconds, Stopping threads took: 0.0000550 seconds
166.208: Application time: 0.0394020 seconds
166.208: [GC [PSYoungGen: 7472K->256K(8192K)] 19037K->11821K(26112K), 0.0004170 secs] [Times: user=0.00 sys=0.00, real=0.00 secs] 
166.208: Total time for which application threads were stopped: 0.0005120 seconds, Stopping threads took: 0.0000430 seconds
166.247: Application time: 0.0389650 seconds
166.247: [GC [PSYoungGen: 7424K->272K(8192K)] 18989K->11837K(26112K), 0.0003730 secs] [Times: user=0.00 sys=0.00, real=0.00 secs] 
166.248: Total time for which application threads were stopped: 0.0004770 seconds, Stopping threads took: 0.0000500 seconds
166.286: Application time: 0.0383430 seconds
166.286: [GC [PSYoungGen: 7440K->352K(8192K)] 19005K->11917K(26112K), 0.0004310 secs] [Times: user=0.00 sys=0.00, real=0.00 secs] 
166.287: Total time for which application threads were stopped: 0.0005340 seconds, Stopping threads took: 0.0000440 seconds
166.324: Application time: 0.0375330 seconds
166.324: [GC [PSYoungGen: 7520K->432K(8192K)] 19085K->12046K(26112K), 0.0004440 secs] [Times: user=0.01 sys=0.00, real=0.00 secs] 
166.325: Total time for which application threads were stopped: 0.0005550 seconds, Stopping threads took: 0.0000550 seconds
166.364: Application time: 0.0389720 seconds
166.364: [GC [PSYoungGen: 7600K->464K(8192K)] 19214K->12078K(26112K), 0.0004140 secs] [Times: user=0.00 sys=0.00, real=0.00 secs] 
166.364: Total time for which application threads were stopped: 0.0005230 seconds, Stopping threads took: 0.0000490 seconds
166.403: Application time: 0.0392610 seconds
166.404: [GC [PSYoungGen: 7632K->464K(8192K)] 19246K->12078K(26112K), 0.0004070 secs] [Times: user=0.00 sys=0.00, real=0.00 secs] 
166.404: Total time for which application threads were stopped: 0.0005110 seconds, Stopping threads took: 0.0000490 seconds
166.443: Application time: 0.0394010 seconds
166.443: [GC [PSYoungGen: 7632K->448K(8192K)] 19246K->12062K(26112K), 0.0004570 secs] [Times: user=0.00 sys=0.00, real=0.00 secs] 
166.444: Total time for which application threads were stopped: 0.0005620 seconds, Stopping threads took: 0.0000520 seconds
166.483: Application time: 0.0389100 seconds
166.483: [GC [PSYoungGen: 7616K->480K(8192K)] 19230K->12094K(26112K), 0.0004530 secs] [Times: user=0.00 sys=0.00, real=0.00 secs] 
166.483: Total time for which application threads were stopped: 0.0005510 seconds, Stopping threads took: 0.0000440 seconds
166.523: Application time: 0.0395980 seconds
166.523: [GC [PSYoungGen: 7648K->496K(8192K)] 19262K->12110K(26112K), 0.0004470 secs] [Times: user=0.01 sys=0.00, real=0.00 secs] 
166.524: Total time for which application threads were stopped: 0.0005420 seconds, Stopping threads took: 0.0000420 seconds
166.563: Application time: 0.0393810 seconds
166.563: [GC [PSYoungGen: 7664K->512K(8192K)] 19278K->12126K(26112K), 0.0004480 secs] [Times: user=0.00 sys=0.00, real=0.00 secs] 
166.563: Total time for which application threads were stopped: 0.0005630 seconds, Stopping threads took: 0.0000550 seconds
166.603: Application time: 0.0392160 seconds
166.603: [GC [PSYoungGen: 7680K->512K(8192K)] 19294K->12125K(26112K), 0.0004490 secs] [Times: user=0.00 sys=0.00, real=0.00 secs] 
166.603: Total time for which application threads were stopped: 0.0005540 seconds, Stopping threads took: 0.0000520 seconds
166.642: Application time: 0.0391670 seconds
166.643: [GC [PSYoungGen: 7680K->528K(8192K)] 19293K->12142K(26112K), 0.0004090 secs] [Times: user=0.00 sys=0.00, real=0.00 secs] 
166.643: Total time for which application threads were stopped: 0.0005190 seconds, Stopping threads took: 0.0000570 seconds
166.682: Application time: 0.0391720 seconds
166.682: [GC [PSYoungGen: 7696K->512K(8192K)] 19310K->12126K(26112K), 0.0004580 secs] [Times: user=0.00 sys=0.00, real=0.00 secs] 
166.683: Total time for which application threads were stopped: 0.0005630 seconds, Stopping threads took: 0.0000510 seconds
166.722: Application time: 0.0393420 seconds
166.722: [GC [PSYoungGen: 7680K->512K(8192K)] 19294K->12125K(26112K), 0.0004530 secs] [Times: user=0.00 sys=0.00, real=0.00 secs] 
166.723: Total time for which application threads were stopped: 0.0005710 seconds, Stopping threads took: 0.0000530 seconds
166.762: Application time: 0.0392720 seconds
166.762: [GC [PSYoungGen: 7680K->512K(8192K)] 19293K->12126K(26112K), 0.0004090 secs] [Times: user=0.00 sys=0.00, real=0.00 secs] 
166.762: Total time for which application threads were stopped: 0.0005210 seconds, Stopping threads took: 0.0000610 seconds
166.802: Application time: 0.0395950 seconds
166.802: [GC [PSYoungGen: 7680K->464K(8192K)] 19294K->12078K(26112K), 0.0004170 secs] [Times: user=0.00 sys=0.00, real=0.00 secs] 
166.803: Total time for which application threads were stopped: 0.0005060 seconds, Stopping threads took: 0.0000360 seconds
166.842: Application time: 0.0391780 seconds
166.842: [GC [PSYoungGen: 7632K->496K(8192K)] 19246K->12166K(26112K), 0.0004440 secs] [Times: user=0.00 sys=0.00, real=0.00 secs] 
166.842: Total time for which application threads were stopped: 0.0005470 seconds, Stopping threads took: 0.0000540 seconds
166.881: Application time: 0.0391410 seconds
166.881: [GC [PSYoungGen: 7664K->432K(8192K)] 19334K->12198K(26112K), 0.0004090 secs] [Times: user=0.00 sys=0.00, real=0.00 secs] 
166.882: Total time for which application threads were stopped: 0.0005270 seconds, Stopping threads took: 0.0000540 seconds
166.922: Application time: 0.0403970 seconds
166.922: [GC [PSYoungGen: 7600K->320K(8192K)] 19366K->12214K(26112K), 0.0004110 secs] [Times: user=0.00 sys=0.00, real=0.00 secs] 
166.923: Total time for which application threads were stopped: 0.0005270 seconds, Stopping threads took: 0.0000530 seconds
166.962: Application time: 0.0394720 seconds
166.962: [GC [PSYoungGen: 7488K->256K(8192K)] 19382K->12198K(26112K), 0.0004160 secs] [Times: user=0.00 sys=0.00, real=0.00 secs] 
166.963: Total time for which application threads were stopped: 0.0005270 seconds, Stopping threads took: 0.0000560 seconds
167.002: Application time: 0.0392360 seconds
167.002: [GC [PSYoungGen: 7424K->256K(8192K)] 19366K->12198K(26112K), 0.0004280 secs] [Times: user=0.01 sys=0.00, real=0.00 secs] 
167.003: Total time for which application threads were stopped: 0.0005280 seconds, Stopping threads took: 0.0000420 seconds
167.042: Application time: 0.0389870 seconds
167.045: [GC [PSYoungGen: 7424K->256K(8192K)] 19366K->12198K(26112K), 0.0004220 secs] [Times: user=0.00 sys=0.00, real=0.00 secs] 
167.045: Total time for which application threads were stopped: 0.0036080 seconds, Stopping threads took: 0.0031260 seconds
167.083: Application time: 0.0381340 seconds
167.083: [GC [PSYoungGen: 7424K->416K(8192K)] 19366K->12406K(26112K), 0.0004510 secs] [Times: user=0.00 sys=0.00, real=0.00 secs] 
167.084: Total time for which application threads were stopped: 0.0005530 seconds, Stopping threads took: 0.0000460 seconds
167.122: Application time: 0.0381820 seconds
167.122: [GC [PSYoungGen: 7584K->432K(8192K)] 19574K->12422K(26112K), 0.0004290 secs] [Times: user=0.00 sys=0.00, real=0.00 secs] 
167.123: Total time for which application threads were stopped: 0.0005230 seconds, Stopping threads took: 0.0000390 seconds
167.161: Application time: 0.0388020 seconds
167.161: [GC [PSYoungGen: 7600K->480K(8192K)] 19590K->12470K(26112K), 0.0004090 secs] [Times: user=0.00 sys=0.00, real=0.00 secs] 
167.162: Total time for which application threads were stopped: 0.0005280 seconds, Stopping threads took: 0.0000650 seconds
167.201: Application time: 0.0392820 seconds
167.201: [GC [PSYoungGen: 7648K->432K(8192K)] 19638K->12422K(26112K), 0.0004180 secs] [Times: user=0.00 sys=0.00, real=0.00 secs] 
167.202: Total time for which application threads were stopped: 0.0005140 seconds, Stopping threads took: 0.0000410 seconds
167.241: Application time: 0.0393780 seconds
167.241: [GC [PSYoungGen: 7600K->496K(8192K)] 19590K->12486K(26112K), 0.0004160 secs] [Times: user=0.00 sys=0.00, real=0.00 secs] 
167.242: Total time for which application threads were stopped: 0.0005200 seconds, Stopping threads took: 0.0000460 seconds
167.281: Application time: 0.0392830 seconds
167.281: [GC [PSYoungGen: 7664K->448K(8192K)] 19654K->12438K(26112K), 0.0004880 secs] [Times: user=0.00 sys=0.00, real=0.00 secs] 
167.282: Total time for which application threads were stopped: 0.0005880 seconds, Stopping threads took: 0.0000410 seconds
167.320: Application time: 0.0387730 seconds
167.320: [GC [PSYoungGen: 7616K->512K(8192K)] 19606K->12502K(26112K), 0.0004670 secs] [Times: user=0.00 sys=0.00, real=0.00 secs] 
167.321: Total time for which application threads were stopped: 0.0005810 seconds, Stopping threads took: 0.0000560 seconds
167.360: Application time: 0.0394800 seconds
167.360: [GC [PSYoungGen: 7680K->496K(8192K)] 19670K->12486K(26112K), 0.0004620 secs] [Times: user=0.00 sys=0.01, real=0.00 secs] 
167.361: Total time for which application threads were stopped: 0.0005700 seconds, Stopping threads took: 0.0000540 seconds
167.401: Application time: 0.0396740 seconds
167.401: [GC [PSYoungGen: 7664K->496K(8192K)] 19654K->12486K(26112K), 0.0004610 secs] [Times: user=0.00 sys=0.00, real=0.00 secs] 
167.401: Total time for which application threads were stopped: 0.0005790 seconds, Stopping threads took: 0.0000500 seconds
167.440: Application time: 0.0387270 seconds
167.440: [GC [PSYoungGen: 7664K->496K(8192K)] 19654K->12486K(26112K), 0.0004160 secs] [Times: user=0.00 sys=0.00, real=0.00 secs] 
167.440: Total time for which application threads were stopped: 0.0005270 seconds, Stopping threads took: 0.0000540 seconds
167.479: Application time: 0.0389840 seconds
167.479: [GC [PSYoungGen: 7664K->496K(8192K)] 19654K->12486K(26112K), 0.0004130 secs] [Times: user=0.00 sys=0.00, real=0.00 secs] 
167.480: Total time for which application threads were stopped: 0.0005090 seconds, Stopping threads took: 0.0000410 seconds
167.519: Application time: 0.0392820 seconds
167.519: [GC [PSYoungGen: 7664K->512K(8192K)] 19654K->12502K(26112K), 0.0004240 secs] [Times: user=0.00 sys=0.00, real=0.00 secs] 
167.520: Total time for which application threads were stopped: 0.0005350 seconds, Stopping threads took: 0.0000550 seconds
167.559: Application time: 0.0393010 seconds
167.559: [GC [PSYoungGen: 7680K->496K(8192K)] 19670K->12486K(26112K), 0.0004760 secs] [Times: user=0.00 sys=0.00, real=0.00 secs] 
167.560: Total time for which application threads were stopped: 0.0005890 seconds, Stopping threads took: 0.0000540 seconds
167.599: Application time: 0.0392790 seconds
167.599: [GC [PSYoungGen: 7664K->512K(8192K)] 19654K->12502K(26112K), 0.0004140 secs] [Times: user=0.00 sys=0.00, real=0.00 secs] 
167.599: Total time for which application threads were stopped: 0.0005250 seconds, Stopping threads took: 0.0000550 seconds
167.639: Application time: 0.0394310 seconds
167.639: [GC [PSYoungGen: 7680K->480K(8192K)] 19670K->12526K(26112K), 0.0004330 secs] [Times: user=0.00 sys=0.00, real=0.00 secs] 
167.639: Total time for which application threads were stopped: 0.0005420 seconds, Stopping threads took: 0.0000460 seconds
167.679: Application time: 0.0392560 seconds
167.679: [GC [PSYoungGen: 7648K->336K(8192K)] 19694K->12502K(26112K), 0.0004170 secs] [Times: user=0.01 sys=0.00, real=0.00 secs] 
167.679: Total time for which application threads were stopped: 0.0005190 seconds, Stopping threads took: 0.0000490 seconds
167.719: Application time: 0.0398190 seconds
167.719: [GC [PSYoungGen: 7504K->272K(8192K)] 19670K->12518K(26112K), 0.0004460 secs] [Times: user=0.00 sys=0.00, real=0.00 secs] 
167.720: Total time for which application threads were stopped: 0.0005650 seconds, Stopping threads took: 0.0000550 seconds
167.759: Application time: 0.0392670 seconds
167.759: [GC [PSYoungGen: 7440K->272K(8192K)] 19686K->12574K(26112K), 0.0004150 secs] [Times: user=0.00 sys=0.00, real=0.00 secs] 
167.759: Total time for which application threads were stopped: 0.0005220 seconds, Stopping threads took: 0.0000550 seconds
167.799: Application time: 0.0393430 seconds
167.799: [GC [PSYoungGen: 7440K->272K(8192K)] 19742K->12574K(26112K), 0.0004250 secs] [Times: user=0.00 sys=0.00, real=0.00 secs] 
167.799: Total time for which application threads were stopped: 0.0005100 seconds, Stopping threads took: 0.0000360 seconds
167.837: Application time: 0.0377820 seconds
167.837: [GC [PSYoungGen: 7440K->336K(8192K)] 19742K->12638K(26112K), 0.0004340 secs] [Times: user=0.00 sys=0.00, real=0.00 secs] 
167.838: Total time for which application threads were stopped: 0.0005330 seconds, Stopping threads took: 0.0000430 seconds
167.876: Application time: 0.0382480 seconds
167.876: [GC [PSYoungGen: 7504K->464K(8192K)] 19806K->12766K(26112K), 0.0004830 secs] [Times: user=0.00 sys=0.00, real=0.00 secs] 
167.876: Total time for which application threads were stopped: 0.0005840 seconds, Stopping threads took: 0.0000410 seconds
167.915: Application time: 0.0388200 seconds
167.915: [GC [PSYoungGen: 7632K->448K(8192K)] 19934K->12798K(26112K), 0.0004500 secs] [Times: user=0.00 sys=0.00, real=0.00 secs] 
167.916: Total time for which application threads were stopped: 0.0005670 seconds, Stopping threads took: 0.0000520 seconds
167.955: Application time: 0.0389360 seconds
167.955: [GC [PSYoungGen: 7616K->480K(8192K)] 19966K->12830K(26112K), 0.0004530 secs] [Times: user=0.00 sys=0.00, real=0.00 secs] 
167.955: Total time for which application threads were stopped: 0.0005650 seconds, Stopping threads took: 0.0000560 seconds
167.994: Application time: 0.0392170 seconds
167.995: [GC [PSYoungGen: 7648K->496K(8192K)] 19998K->12846K(26112K), 0.0004050 secs] [Times: user=0.00 sys=0.00, real=0.00 secs] 
167.995: Total time for which application threads were stopped: 0.0005150 seconds, Stopping threads took: 0.0000550 seconds
168.034: Application time: 0.0394320 seconds
168.035: [GC [PSYoungGen: 7664K->464K(8192K)] 20014K->12814K(26112K), 0.0004610 secs] [Times: user=0.00 sys=0.00, real=0.00 secs] 
168.035: Total time for which application threads were stopped: 0.0005540 seconds, Stopping threads took: 0.0000390 seconds
168.074: Application time: 0.0392750 seconds
168.074: [GC [PSYoungGen: 7632K->432K(8192K)] 19982K->12782K(26112K), 0.0004220 secs] [Times: user=0.00 sys=0.00, real=0.00 secs] 
168.075: Total time for which application threads were stopped: 0.0005230 seconds, Stopping threads took: 0.0000470 seconds
168.114: Application time: 0.0389980 seconds
168.114: [GC [PSYoungGen: 7600K->512K(8192K)] 19950K->12862K(26112K), 0.0004190 secs] [Times: user=0.00 sys=0.00, real=0.00 secs] 
168.114: Total time for which application threads were stopped: 0.0005290 seconds, Stopping threads took: 0.0000560 seconds
168.154: Application time: 0.0392690 seconds
168.154: [GC [PSYoungGen: 7680K->496K(8192K)] 20030K->12846K(26112K), 0.0004420 secs] [Times: user=0.00 sys=0.00, real=0.00 secs] 
168.154: Total time for which application threads were stopped: 0.0005430 seconds, Stopping threads took: 0.0000480 seconds
168.193: Application time: 0.0392650 seconds
168.193: [GC [PSYoungGen: 7664K->480K(8192K)] 20014K->12830K(26112K), 0.0004790 secs] [Times: user=0.01 sys=0.00, real=0.00 secs] 
168.194: Total time for which application threads were stopped: 0.0005780 seconds, Stopping threads took: 0.0000450 seconds
168.233: Application time: 0.0390750 seconds
168.233: [GC [PSYoungGen: 7648K->512K(8192K)] 19998K->12862K(26112K), 0.0004300 secs] [Times: user=0.00 sys=0.00, real=0.00 secs] 
168.234: Total time for which application threads were stopped: 0.0005410 seconds, Stopping threads took: 0.0000540 seconds
168.273: Application time: 0.0391990 seconds
168.273: [GC [PSYoungGen: 7680K->464K(8192K)] 20030K->12814K(26112K), 0.0004460 secs] [Times: user=0.01 sys=0.00, real=0.00 secs] 
168.273: Total time for which application threads were stopped: 0.0005430 seconds, Stopping threads took: 0.0000450 seconds
168.313: Application time: 0.0392490 seconds
168.313: [GC [PSYoungGen: 7632K->480K(8192K)] 19982K->12830K(26112K), 0.0004250 secs] [Times: user=0.00 sys=0.00, real=0.00 secs] 
168.313: Total time for which application threads were stopped: 0.0005230 seconds, Stopping threads took: 0.0000430 seconds
168.352: Application time: 0.0392870 seconds
168.352: [GC [PSYoungGen: 7648K->496K(8192K)] 19998K->12846K(26112K), 0.0004610 secs] [Times: user=0.00 sys=0.00, real=0.00 secs] 
168.353: Total time for which application threads were stopped: 0.0005570 seconds, Stopping threads took: 0.0000420 seconds
168.392: Application time: 0.0392550 seconds
168.392: [GC [PSYoungGen: 7664K->464K(8192K)] 20014K->12814K(26112K), 0.0004340 secs] [Times: user=0.01 sys=0.00, real=0.00 secs] 
168.393: Total time for which application threads were stopped: 0.0005250 seconds, Stopping threads took: 0.0000360 seconds
168.433: Application time: 0.0402680 seconds
168.433: [GC [PSYoungGen: 7632K->368K(8192K)] 19982K->12830K(26112K), 0.0004470 secs] [Times: user=0.00 sys=0.00, real=0.00 secs] 
168.434: Total time for which application threads were stopped: 0.0005750 seconds, Stopping threads took: 0.0000590 seconds
168.473: Application time: 0.0390480 seconds
168.473: [GC [PSYoungGen: 7536K->368K(8192K)] 19998K->12918K(26112K), 0.0004300 secs] [Times: user=0.00 sys=0.00, real=0.00 secs] 
168.473: Total time for which application threads were stopped: 0.0005470 seconds, Stopping threads took: 0.0000630 seconds
168.512: Application time: 0.0391490 seconds
168.512: [GC [PSYoungGen: 7536K->320K(8192K)] 20086K->12926K(26112K), 0.0003810 secs] [Times: user=0.00 sys=0.00, real=0.00 secs] 
168.513: Total time for which application threads were stopped: 0.0004910 seconds, Stopping threads took: 0.0000550 seconds
168.553: Application time: 0.0401340 seconds
168.556: [GC [PSYoungGen: 7488K->272K(8192K)] 20094K->12934K(26112K), 0.0004100 secs] [Times: user=0.00 sys=0.00, real=0.00 secs] 
168.557: Total time for which application threads were stopped: 0.0036760 seconds, Stopping threads took: 0.0032050 seconds
168.595: Application time: 0.0386510 seconds
168.595: [GC [PSYoungGen: 7440K->288K(8192K)] 20102K->12950K(26112K), 0.0003690 secs] [Times: user=0.00 sys=0.00, real=0.00 secs] 
168.596: Total time for which application threads were stopped: 0.0004680 seconds, Stopping threads took: 0.0000440 seconds
168.634: Application time: 0.0383480 seconds
168.634: [GC [PSYoungGen: 7456K->352K(8192K)] 20118K->13014K(26112K), 0.0003790 secs] [Times: user=0.00 sys=0.00, real=0.00 secs] 
168.635: Total time for which application threads were stopped: 0.0004900 seconds, Stopping threads took: 0.0000530 seconds
168.672: Application time: 0.0378770 seconds
168.673: [GC [PSYoungGen: 7520K->416K(8192K)] 20182K->13078K(26112K), 0.0003980 secs] [Times: user=0.01 sys=0.00, real=0.00 secs] 
168.673: Total time for which application threads were stopped: 0.0005060 seconds, Stopping threads took: 0.0000520 seconds
168.712: Application time: 0.0389570 seconds
168.712: [GC [PSYoungGen: 7584K->464K(8192K)] 20246K->13174K(26112K), 0.0004660 secs] [Times: user=0.00 sys=0.00, real=0.00 secs] 
168.713: Total time for which application threads were stopped: 0.0005930 seconds, Stopping threads took: 0.0000620 seconds
168.752: Application time: 0.0391590 seconds
168.752: [GC [PSYoungGen: 7632K->496K(8192K)] 20342K->13206K(26112K), 0.0004520 secs] [Times: user=0.00 sys=0.00, real=0.00 secs] 
168.752: Total time for which application threads were stopped: 0.0005610 seconds, Stopping threads took: 0.0000540 seconds
168.792: Application time: 0.0395410 seconds
168.792: [GC [PSYoungGen: 7664K->448K(8192K)] 20374K->13158K(26112K), 0.0004200 secs] [Times: user=0.00 sys=0.00, real=0.00 secs] 
168.792: Total time for which application threads were stopped: 0.0005260 seconds, Stopping threads took: 0.0000510 seconds
168.832: Application time: 0.0392900 seconds
168.832: [GC [PSYoungGen: 7616K->448K(8192K)] 20326K->13158K(26112K), 0.0004450 secs] [Times: user=0.00 sys=0.00, real=0.00 secs] 
168.832: Total time for which application threads were stopped: 0.0005530 seconds, Stopping threads took: 0.0000560 seconds
168.871: Application time: 0.0391150 seconds
168.871: [GC [PSYoungGen: 7616K->464K(8192K)] 20326K->13174K(26112K), 0.0004480 secs] [Times: user=0.00 sys=0.00, real=0.00 secs] 
168.872: Total time for which application threads were stopped: 0.0005520 seconds, Stopping threads took: 0.0000490 seconds
168.911: Application time: 0.0393120 seconds
168.911: [GC [PSYoungGen: 7632K->512K(8192K)] 20342K->13222K(26112K), 0.0004220 secs] [Times: user=0.00 sys=0.00, real=0.00 secs] 
168.912: Total time for which application threads were stopped: 0.0005320 seconds, Stopping threads took: 0.0000570 seconds
168.951: Application time: 0.0394100 seconds
168.951: [GC [PSYoungGen: 7680K->496K(8192K)] 20390K->13206K(26112K), 0.0004080 secs] [Times: user=0.00 sys=0.00, real=0.00 secs] 
168.952: Total time for which application threads were stopped: 0.0005210 seconds, Stopping threads took: 0.0000490 seconds
168.991: Application time: 0.0395530 seconds
168.991: [GC [PSYoungGen: 7664K->496K(8192K)] 20374K->13206K(26112K), 0.0004280 secs] [Times: user=0.00 sys=0.00, real=0.00 secs] 
168.992: Total time for which application threads were stopped: 0.0005200 seconds, Stopping threads took: 0.0000380 seconds
169.031: Application time: 0.0391130 seconds
169.031: [GC [PSYoungGen: 7664K->528K(8192K)] 20374K->13238K(26112K), 0.0004180 secs] [Times: user=0.00 sys=0.00, real=0.00 secs] 
169.031: Total time for which application threads were stopped: 0.0005260 seconds, Stopping threads took: 0.0000540 seconds
169.070: Application time: 0.0389400 seconds
169.070: [GC [PSYoungGen: 7696K->528K(8192K)] 20406K->13238K(26112K), 0.0004230 secs] [Times: user=0.00 sys=0.00, real=0.00 secs] 
169.071: Total time for which application threads were stopped: 0.0005470 seconds, Stopping threads took: 0.0000710 seconds
169.110: Application time: 0.0392730 seconds
169.110: [GC [PSYoungGen: 7696K->528K(8192K)] 20406K->13238K(26112K), 0.0004250 secs] [Times: user=0.00 sys=0.00, real=0.00 secs] 
169.111: Total time for which application threads were stopped: 0.0005370 seconds, Stopping threads took: 0.0000530 seconds
169.150: Application time: 0.0392290 seconds
169.150: [GC [PSYoungGen: 7696K->496K(8192K)] 20406K->13206K(26112K), 0.0004090 secs] [Times: user=0.01 sys=0.00, real=0.00 secs] 
169.150: Total time for which application threads were stopped: 0.0005200 seconds, Stopping threads took: 0.0000570 seconds
169.190: Application time: 0.0393560 seconds
169.190: [GC [PSYoungGen: 7664K->464K(8192K)] 20374K->13214K(26112K), 0.0004810 secs] [Times: user=0.00 sys=0.00, real=0.00 secs] 
169.190: Total time for which application threads were stopped: 0.0005940 seconds, Stopping threads took: 0.0000580 seconds
169.230: Application time: 0.0391980 seconds
169.230: [GC [PSYoungGen: 7632K->384K(8192K)] 20382K->13214K(26112K), 0.0003990 secs] [Times: user=0.00 sys=0.00, real=0.00 secs] 
169.230: Total time for which application threads were stopped: 0.0005050 seconds, Stopping threads took: 0.0000540 seconds
169.269: Application time: 0.0391580 seconds
169.269: [GC [PSYoungGen: 7552K->288K(8192K)] 20382K->13238K(26112K), 0.0004040 secs] [Times: user=0.00 sys=0.00, real=0.00 secs] 
169.270: Total time for which application threads were stopped: 0.0005190 seconds, Stopping threads took: 0.0000560 seconds
169.309: Application time: 0.0392690 seconds
169.309: [GC [PSYoungGen: 7456K->272K(8192K)] 20406K->13270K(26112K), 0.0003640 secs] [Times: user=0.00 sys=0.00, real=0.00 secs] 
169.309: Total time for which application threads were stopped: 0.0004670 seconds, Stopping threads took: 0.0000510 seconds
169.349: Application time: 0.0392020 seconds
169.349: [GC [PSYoungGen: 7440K->272K(8192K)] 20438K->13270K(26112K), 0.0003650 secs] [Times: user=0.00 sys=0.00, real=0.00 secs] 
169.349: Total time for which application threads were stopped: 0.0004700 seconds, Stopping threads took: 0.0000530 seconds
169.388: Application time: 0.0389710 seconds
169.388: [GC [PSYoungGen: 7440K->272K(8192K)] 20438K->13271K(26112K), 0.0004080 secs] [Times: user=0.00 sys=0.00, real=0.00 secs] 
169.389: Total time for which application threads were stopped: 0.0005050 seconds, Stopping threads took: 0.0000440 seconds
169.427: Application time: 0.0381120 seconds
169.427: [GC [PSYoungGen: 7440K->336K(8192K)] 20439K->13334K(26112K), 0.0004440 secs] [Times: user=0.00 sys=0.00, real=0.00 secs] 
169.427: Total time for which application threads were stopped: 0.0005370 seconds, Stopping threads took: 0.0000420 seconds
169.465: Application time: 0.0378930 seconds
169.469: [GC [PSYoungGen: 7504K->416K(8192K)] 20502K->13471K(26112K), 0.0004490 secs] [Times: user=0.00 sys=0.00, real=0.00 secs] 
169.469: Total time for which application threads were stopped: 0.0040460 seconds, Stopping threads took: 0.0035310 seconds
169.508: Application time: 0.0388700 seconds
169.508: [GC [PSYoungGen: 7584K->448K(8192K)] 20639K->13503K(26112K), 0.0004550 secs] [Times: user=0.00 sys=0.00, real=0.00 secs] 
169.509: Total time for which application threads were stopped: 0.0005680 seconds, Stopping threads took: 0.0000580 seconds
169.548: Application time: 0.0392900 seconds
169.548: [GC [PSYoungGen: 7616K->496K(8192K)] 20671K->13551K(26112K), 0.0004140 secs] [Times: user=0.01 sys=0.00, real=0.00 secs] 
169.548: Total time for which application threads were stopped: 0.0005120 seconds, Stopping threads took: 0.0000480 seconds
169.588: Application time: 0.0393340 seconds
169.588: [GC [PSYoungGen: 7664K->448K(8192K)] 20719K->13503K(26112K), 0.0004130 secs] [Times: user=0.00 sys=0.00, real=0.00 secs] 
169.588: Total time for which application threads were stopped: 0.0005250 seconds, Stopping threads took: 0.0000540 seconds
169.628: Application time: 0.0396310 seconds
169.628: [GC [PSYoungGen: 7616K->480K(8192K)] 20671K->13535K(26112K), 0.0004020 secs] [Times: user=0.00 sys=0.00, real=0.00 secs] 
169.628: Total time for which application threads were stopped: 0.0004970 seconds, Stopping threads took: 0.0000420 seconds
169.667: Application time: 0.0384990 seconds
169.669: [GC [PSYoungGen: 7648K->480K(8192K)] 20703K->13535K(26112K), 0.0004340 secs] [Times: user=0.00 sys=0.00, real=0.00 secs] 
169.669: Total time for which application threads were stopped: 0.0022340 seconds, Stopping threads took: 0.0017460 seconds
169.709: Application time: 0.0395630 seconds
169.709: [GC [PSYoungGen: 7648K->496K(8192K)] 20703K->13551K(26112K), 0.0004970 secs] [Times: user=0.01 sys=0.00, real=0.00 secs] 
169.709: Total time for which application threads were stopped: 0.0006220 seconds, Stopping threads took: 0.0000570 seconds
169.749: Application time: 0.0396280 seconds
169.749: [GC [PSYoungGen: 7664K->528K(8192K)] 20719K->13583K(26112K), 0.0004290 secs] [Times: user=0.00 sys=0.00, real=0.00 secs] 
169.750: Total time for which application threads were stopped: 0.0005240 seconds, Stopping threads took: 0.0000400 seconds
169.789: Application time: 0.0391490 seconds
169.789: [GC [PSYoungGen: 7696K->512K(8192K)] 20751K->13566K(26112K), 0.0004170 secs] [Times: user=0.01 sys=0.00, real=0.00 secs] 
169.789: Total time for which application threads were stopped: 0.0005170 seconds, Stopping threads took: 0.0000480 seconds
169.828: Application time: 0.0391230 seconds
169.828: [GC [PSYoungGen: 7680K->480K(8192K)] 20734K->13535K(26112K), 0.0004450 secs] [Times: user=0.00 sys=0.00, real=0.01 secs] 
169.829: Total time for which application threads were stopped: 0.0005600 seconds, Stopping threads took: 0.0000560 seconds
169.868: Application time: 0.0387270 seconds
169.868: [GC [PSYoungGen: 7648K->464K(8192K)] 20703K->13519K(26112K), 0.0004550 secs] [Times: user=0.00 sys=0.00, real=0.00 secs] 
169.868: Total time for which application threads were stopped: 0.0005670 seconds, Stopping threads took: 0.0000570 seconds
169.907: Application time: 0.0392010 seconds
169.909: [GC [PSYoungGen: 7632K->496K(8192K)] 20687K->13551K(26112K), 0.0004240 secs] [Times: user=0.00 sys=0.00, real=0.00 secs] 
169.909: Total time for which application threads were stopped: 0.0017930 seconds, Stopping threads took: 0.0013180 seconds
169.950: Application time: 0.0405030 seconds
169.950: [GC [PSYoungGen: 7664K->496K(8192K)] 20719K->13551K(26112K), 0.0004480 secs] [Times: user=0.00 sys=0.00, real=0.00 secs] 
169.950: Total time for which application threads were stopped: 0.0005900 seconds, Stopping threads took: 0.0000820 seconds
169.990: Application time: 0.0394390 seconds
169.990: [GC [PSYoungGen: 7664K->448K(8192K)] 20719K->13559K(26112K), 0.0004210 secs] [Times: user=0.00 sys=0.00, real=0.00 secs] 
169.990: Total time for which application threads were stopped: 0.0005450 seconds, Stopping threads took: 0.0000560 seconds
170.030: Application time: 0.0393700 seconds
170.030: [GC [PSYoungGen: 7616K->416K(8192K)] 20727K->13607K(26112K), 0.0004160 secs] [Times: user=0.00 sys=0.00, real=0.00 secs] 
170.030: Total time for which application threads were stopped: 0.0005210 seconds, Stopping threads took: 0.0000500 seconds
170.070: Application time: 0.0401360 seconds
170.070: [GC [PSYoungGen: 7584K->288K(8192K)] 20775K->13607K(26112K), 0.0004240 secs] [Times: user=0.00 sys=0.00, real=0.00 secs] 
170.071: Total time for which application threads were stopped: 0.0005330 seconds, Stopping threads took: 0.0000480 seconds
170.111: Application time: 0.0399050 seconds
170.111: [GC [PSYoungGen: 7456K->272K(8192K)] 20775K->13647K(26112K), 0.0004060 secs] [Times: user=0.00 sys=0.00, real=0.00 secs] 
170.111: Total time for which application threads were stopped: 0.0005360 seconds, Stopping threads took: 0.0000690 seconds
170.151: Application time: 0.0392970 seconds
170.151: [GC [PSYoungGen: 7440K->272K(8192K)] 20815K->13647K(26112K), 0.0004110 secs] [Times: user=0.00 sys=0.00, real=0.00 secs] 
170.151: Total time for which application threads were stopped: 0.0005180 seconds, Stopping threads took: 0.0000530 seconds
170.190: Application time: 0.0384690 seconds
170.190: [GC [PSYoungGen: 7440K->336K(8192K)] 20815K->13711K(26112K), 0.0004100 secs] [Times: user=0.00 sys=0.00, real=0.00 secs] 
170.190: Total time for which application threads were stopped: 0.0005130 seconds, Stopping threads took: 0.0000460 seconds
170.229: Application time: 0.0387320 seconds
170.229: [GC [PSYoungGen: 7504K->368K(8192K)] 20879K->13743K(26112K), 0.0003930 secs] [Times: user=0.00 sys=0.00, real=0.00 secs] 
170.229: Total time for which application threads were stopped: 0.0004980 seconds, Stopping threads took: 0.0000530 seconds
170.267: Application time: 0.0376920 seconds
170.267: [GC [PSYoungGen: 7536K->416K(8192K)] 20911K->13847K(26112K), 0.0004010 secs] [Times: user=0.00 sys=0.00, real=0.00 secs] 
170.268: Total time for which application threads were stopped: 0.0005150 seconds, Stopping threads took: 0.0000600 seconds
170.306: Application time: 0.0385380 seconds
170.306: [GC [PSYoungGen: 7584K->464K(8192K)] 21015K->13895K(26112K), 0.0004330 secs] [Times: user=0.00 sys=0.00, real=0.00 secs] 
170.307: Total time for which application threads were stopped: 0.0005460 seconds, Stopping threads took: 0.0000560 seconds
170.346: Application time: 0.0392840 seconds
170.346: [GC [PSYoungGen: 7632K->480K(8192K)] 21063K->13911K(26112K), 0.0004160 secs] [Times: user=0.01 sys=0.00, real=0.00 secs] 
170.346: Total time for which application threads were stopped: 0.0005190 seconds, Stopping threads took: 0.0000490 seconds
170.386: Application time: 0.0395810 seconds
170.386: [GC [PSYoungGen: 7648K->464K(8192K)] 21079K->13895K(26112K), 0.0004510 secs] [Times: user=0.00 sys=0.00, real=0.00 secs] 
170.387: Total time for which application threads were stopped: 0.0005500 seconds, Stopping threads took: 0.0000450 seconds
170.426: Application time: 0.0393220 seconds
170.426: [GC [PSYoungGen: 7631K->496K(8192K)] 21063K->13927K(26112K), 0.0004070 secs] [Times: user=0.00 sys=0.00, real=0.00 secs] 
170.426: Total time for which application threads were stopped: 0.0005120 seconds, Stopping threads took: 0.0000530 seconds
170.465: Application time: 0.0386510 seconds
170.465: [GC [PSYoungGen: 7664K->512K(8192K)] 21095K->13943K(26112K), 0.0004290 secs] [Times: user=0.00 sys=0.00, real=0.00 secs] 
170.466: Total time for which application threads were stopped: 0.0005370 seconds, Stopping threads took: 0.0000500 seconds
170.505: Application time: 0.0393180 seconds
170.509: [GC [PSYoungGen: 7680K->480K(8192K)] 21111K->13911K(26112K), 0.0004420 secs] [Times: user=0.00 sys=0.00, real=0.00 secs] 
170.509: Total time for which application threads were stopped: 0.0043230 seconds, Stopping threads took: 0.0038160 seconds
170.549: Application time: 0.0394360 seconds
170.549: [GC [PSYoungGen: 7648K->480K(8192K)] 21079K->13911K(26112K), 0.0004230 secs] [Times: user=0.00 sys=0.00, real=0.00 secs] 
170.549: Total time for which application threads were stopped: 0.0005390 seconds, Stopping threads took: 0.0000600 seconds
170.588: Application time: 0.0391290 seconds
170.588: [GC [PSYoungGen: 7648K->480K(8192K)] 21079K->13911K(26112K), 0.0004240 secs] [Times: user=0.00 sys=0.00, real=0.01 secs] 
170.589: Total time for which application threads were stopped: 0.0005330 seconds, Stopping threads took: 0.0000540 seconds
170.628: Application time: 0.0392110 seconds
170.628: [GC [PSYoungGen: 7648K->496K(8192K)] 21079K->13927K(26112K), 0.0004070 secs] [Times: user=0.00 sys=0.00, real=0.00 secs] 
170.629: Total time for which application threads were stopped: 0.0005240 seconds, Stopping threads took: 0.0000670 seconds
170.668: Application time: 0.0389790 seconds
170.668: [GC [PSYoungGen: 7664K->528K(8192K)] 21095K->13959K(26112K), 0.0004310 secs] [Times: user=0.00 sys=0.00, real=0.00 secs] 
170.668: Total time for which application threads were stopped: 0.0005450 seconds, Stopping threads took: 0.0000560 seconds
170.707: Application time: 0.0393110 seconds
170.708: [GC [PSYoungGen: 7696K->480K(8192K)] 21127K->13911K(26112K), 0.0004990 secs] [Times: user=0.00 sys=0.00, real=0.00 secs] 
170.708: Total time for which application threads were stopped: 0.0006250 seconds, Stopping threads took: 0.0000640 seconds
170.747: Application time: 0.0392830 seconds
170.747: [GC [PSYoungGen: 7648K->544K(8192K)] 21079K->13975K(26112K), 0.0004260 secs] [Times: user=0.00 sys=0.00, real=0.00 secs] 
170.748: Total time for which application threads were stopped: 0.0005380 seconds, Stopping threads took: 0.0000540 seconds
170.787: Application time: 0.0392270 seconds
170.787: [GC [PSYoungGen: 7712K->432K(8192K)] 21143K->13959K(26112K), 0.0004680 secs] [Times: user=0.00 sys=0.00, real=0.00 secs] 
170.788: Total time for which application threads were stopped: 0.0005750 seconds, Stopping threads took: 0.0000560 seconds
170.827: Application time: 0.0394150 seconds
170.827: [GC [PSYoungGen: 7600K->400K(8192K)] 21127K->13983K(26112K), 0.0003880 secs] [Times: user=0.00 sys=0.00, real=0.00 secs] 
170.828: Total time for which application threads were stopped: 0.0004990 seconds, Stopping threads took: 0.0000550 seconds
170.867: Application time: 0.0389370 seconds
170.867: [GC [PSYoungGen: 7568K->336K(8192K)] 21151K->14047K(26112K), 0.0003940 secs] [Times: user=0.00 sys=0.00, real=0.00 secs] 
170.867: Total time for which application threads were stopped: 0.0005040 seconds, Stopping threads took: 0.0000560 seconds
170.907: Application time: 0.0395780 seconds
170.907: [GC [PSYoungGen: 7504K->288K(8192K)] 21215K->14047K(26112K), 0.0004040 secs] [Times: user=0.00 sys=0.00, real=0.00 secs] 
170.907: Total time for which application threads were stopped: 0.0005180 seconds, Stopping threads took: 0.0000520 seconds
170.946: Application time: 0.0392380 seconds
170.946: [GC [PSYoungGen: 7456K->272K(8192K)] 21215K->14031K(26112K), 0.0003790 secs] [Times: user=0.00 sys=0.00, real=0.00 secs] 
170.947: Total time for which application threads were stopped: 0.0004910 seconds, Stopping threads took: 0.0000570 seconds
170.985: Application time: 0.0380970 seconds
170.985: [GC [PSYoungGen: 7440K->304K(8192K)] 21199K->14063K(26112K), 0.0003860 secs] [Times: user=0.00 sys=0.00, real=0.00 secs] 
170.985: Total time for which application threads were stopped: 0.0005030 seconds, Stopping threads took: 0.0000570 seconds
171.024: Application time: 0.0385080 seconds
171.024: [GC [PSYoungGen: 7472K->368K(8192K)] 21231K->14127K(26112K), 0.0003850 secs] [Times: user=0.00 sys=0.00, real=0.00 secs] 
171.025: Total time for which application threads were stopped: 0.0005110 seconds, Stopping threads took: 0.0000580 seconds
171.063: Application time: 0.0383200 seconds
171.063: [GC [PSYoungGen: 7536K->432K(8192K)] 21295K->14239K(26112K), 0.0004510 secs] [Times: user=0.00 sys=0.00, real=0.00 secs] 
171.063: Total time for which application threads were stopped: 0.0005440 seconds, Stopping threads took: 0.0000370 seconds
171.102: Application time: 0.0389410 seconds
171.102: [GC [PSYoungGen: 7600K->480K(8192K)] 21407K->14287K(26112K), 0.0004350 secs] [Times: user=0.00 sys=0.00, real=0.00 secs] 
171.104: Total time for which application threads were stopped: 0.0016330 seconds, Stopping threads took: 0.0000490 seconds
171.143: Application time: 0.0392920 seconds
171.143: [GC [PSYoungGen: 7648K->464K(8192K)] 21455K->14271K(26112K), 0.0004610 secs] [Times: user=0.01 sys=0.00, real=0.00 secs] 
171.144: Total time for which application threads were stopped: 0.0005570 seconds, Stopping threads took: 0.0000410 seconds
171.183: Application time: 0.0394090 seconds
171.183: [GC [PSYoungGen: 7632K->480K(8192K)] 21439K->14287K(26112K), 0.0004170 secs] [Times: user=0.00 sys=0.00, real=0.00 secs] 
171.184: Total time for which application threads were stopped: 0.0005490 seconds, Stopping threads took: 0.0000780 seconds
171.223: Application time: 0.0395930 seconds
171.223: [GC [PSYoungGen: 7648K->480K(8192K)] 21455K->14287K(26112K), 0.0004490 secs] [Times: user=0.00 sys=0.00, real=0.00 secs] 
171.224: Total time for which application threads were stopped: 0.0005520 seconds, Stopping threads took: 0.0000480 seconds
171.263: Application time: 0.0388350 seconds
171.263: [GC [PSYoungGen: 7648K->528K(8192K)] 21455K->14335K(26112K), 0.0005100 secs] [Times: user=0.00 sys=0.00, real=0.00 secs] 
171.263: Total time for which application threads were stopped: 0.0006210 seconds, Stopping threads took: 0.0000540 seconds
171.303: Application time: 0.0393270 seconds
171.303: [GC [PSYoungGen: 7696K->480K(8192K)] 21503K->14287K(26112K), 0.0004290 secs] [Times: user=0.00 sys=0.00, real=0.00 secs] 
171.303: Total time for which application threads were stopped: 0.0005400 seconds, Stopping threads took: 0.0000530 seconds
171.343: Application time: 0.0393080 seconds
171.343: [GC [PSYoungGen: 7648K->528K(8192K)] 21455K->14335K(26112K), 0.0004270 secs] [Times: user=0.01 sys=0.00, real=0.00 secs] 
171.343: Total time for which application threads were stopped: 0.0005340 seconds, Stopping threads took: 0.0000510 seconds
171.382: Application time: 0.0392940 seconds
171.382: [GC [PSYoungGen: 7696K->496K(8192K)] 21503K->14303K(26112K), 0.0004340 secs] [Times: user=0.00 sys=0.00, real=0.00 secs] 
171.383: Total time for which application threads were stopped: 0.0005530 seconds, Stopping threads took: 0.0000660 seconds
171.422: Application time: 0.0390530 seconds
171.422: [GC [PSYoungGen: 7664K->512K(8192K)] 21471K->14319K(26112K), 0.0004250 secs] [Times: user=0.00 sys=0.00, real=0.00 secs] 
171.423: Total time for which application threads were stopped: 0.0005350 seconds, Stopping threads took: 0.0000540 seconds
171.463: Application time: 0.0402560 seconds
171.463: [GC [PSYoungGen: 7680K->512K(8192K)] 21487K->14319K(26112K), 0.0004490 secs] [Times: user=0.00 sys=0.00, real=0.00 secs] 
171.463: Total time for which application threads were stopped: 0.0005670 seconds, Stopping threads took: 0.0000560 seconds
171.503: Application time: 0.0392160 seconds
171.503: [GC [PSYoungGen: 7680K->528K(8192K)] 21487K->14335K(26112K), 0.0004080 secs] [Times: user=0.00 sys=0.00, real=0.00 secs] 
171.503: Total time for which application threads were stopped: 0.0005110 seconds, Stopping threads took: 0.0000520 seconds
171.542: Application time: 0.0392910 seconds
171.542: [GC [PSYoungGen: 7696K->480K(8192K)] 21503K->14287K(26112K), 0.0004210 secs] [Times: user=0.00 sys=0.00, real=0.00 secs] 
171.543: Total time for which application threads were stopped: 0.0005420 seconds, Stopping threads took: 0.0000570 seconds
171.583: Application time: 0.0403410 seconds
171.583: [GC [PSYoungGen: 7648K->448K(8192K)] 21455K->14335K(26112K), 0.0004340 secs] [Times: user=0.00 sys=0.00, real=0.00 secs] 
171.584: Total time for which application threads were stopped: 0.0005530 seconds, Stopping threads took: 0.0000600 seconds
171.623: Application time: 0.0395280 seconds
171.623: [GC [PSYoungGen: 7616K->368K(8192K)] 21503K->14351K(26112K), 0.0004070 secs] [Times: user=0.00 sys=0.00, real=0.00 secs] 
171.624: Total time for which application threads were stopped: 0.0005140 seconds, Stopping threads took: 0.0000550 seconds
171.663: Application time: 0.0392390 seconds
171.663: [GC [PSYoungGen: 7536K->320K(8192K)] 21519K->14391K(26112K), 0.0003740 secs] [Times: user=0.00 sys=0.00, real=0.00 secs] 
171.664: Total time for which application threads were stopped: 0.0004830 seconds, Stopping threads took: 0.0000560 seconds
171.703: Application time: 0.0392550 seconds
171.703: [GC [PSYoungGen: 7488K->272K(8192K)] 21559K->14411K(26112K), 0.0003550 secs] [Times: user=0.00 sys=0.00, real=0.00 secs] 
171.703: Total time for which application threads were stopped: 0.0004590 seconds, Stopping threads took: 0.0000520 seconds
171.742: Application time: 0.0390210 seconds
171.742: [GC [PSYoungGen: 7440K->288K(8192K)] 21579K->14427K(26112K), 0.0004240 secs] [Times: user=0.00 sys=0.00, real=0.00 secs] 
171.743: Total time for which application threads were stopped: 0.0005420 seconds, Stopping threads took: 0.0000510 seconds
171.783: Application time: 0.0397950 seconds
171.783: [GC [PSYoungGen: 7456K->304K(8192K)] 21595K->14443K(26112K), 0.0004050 secs] [Times: user=0.00 sys=0.00, real=0.00 secs] 
171.783: Total time for which application threads were stopped: 0.0005170 seconds, Stopping threads took: 0.0000510 seconds
171.825: Application time: 0.0413950 seconds
171.825: [GC [PSYoungGen: 7472K->400K(8192K)] 21611K->14539K(26112K), 0.0004210 secs] [Times: user=0.00 sys=0.00, real=0.00 secs] 
171.825: Total time for which application threads were stopped: 0.0005330 seconds, Stopping threads took: 0.0000550 seconds
171.867: Application time: 0.0423470 seconds
171.868: [GC [PSYoungGen: 7568K->480K(8192K)] 21707K->14675K(26112K), 0.0004330 secs] [Times: user=0.00 sys=0.00, real=0.00 secs] 
171.868: Total time for which application threads were stopped: 0.0005270 seconds, Stopping threads took: 0.0000380 seconds
171.911: Application time: 0.0433020 seconds
171.911: [GC [PSYoungGen: 7648K->448K(8192K)] 21843K->14643K(26112K), 0.0004850 secs] [Times: user=0.00 sys=0.00, real=0.00 secs] 
171.912: Total time for which application threads were stopped: 0.0006080 seconds, Stopping threads took: 0.0000610 seconds
171.955: Application time: 0.0432130 seconds
171.955: [GC [PSYoungGen: 7616K->432K(8192K)] 21811K->14627K(26112K), 0.0004400 secs] [Times: user=0.01 sys=0.00, real=0.00 secs] 
171.956: Total time for which application threads were stopped: 0.0005530 seconds, Stopping threads took: 0.0000550 seconds
171.999: Application time: 0.0431410 seconds
171.999: [GC [PSYoungGen: 7600K->432K(8192K)] 21795K->14627K(26112K), 0.0004860 secs] [Times: user=0.00 sys=0.00, real=0.00 secs] 
171.999: Total time for which application threads were stopped: 0.0006040 seconds, Stopping threads took: 0.0000580 seconds
172.043: Application time: 0.0432020 seconds
172.043: [GC [PSYoungGen: 7600K->480K(8192K)] 21795K->14675K(26112K), 0.0004610 secs] [Times: user=0.00 sys=0.00, real=0.00 secs] 
172.043: Total time for which application threads were stopped: 0.0005690 seconds, Stopping threads took: 0.0000540 seconds
172.086: Application time: 0.0428990 seconds
172.086: [GC [PSYoungGen: 7648K->496K(8192K)] 21843K->14691K(26112K), 0.0004370 secs] [Times: user=0.01 sys=0.00, real=0.00 secs] 
172.087: Total time for which application threads were stopped: 0.0005620 seconds, Stopping threads took: 0.0000590 seconds
172.130: Application time: 0.0432180 seconds
172.130: [GC [PSYoungGen: 7664K->496K(8192K)] 21859K->14691K(26112K), 0.0004430 secs] [Times: user=0.00 sys=0.00, real=0.00 secs] 
172.130: Total time for which application threads were stopped: 0.0005500 seconds, Stopping threads took: 0.0000500 seconds
172.174: Application time: 0.0431780 seconds
172.174: [GC [PSYoungGen: 7660K->496K(8192K)] 21856K->14691K(26112K), 0.0004310 secs] [Times: user=0.00 sys=0.00, real=0.00 secs] 
172.174: Total time for which application threads were stopped: 0.0005490 seconds, Stopping threads took: 0.0000590 seconds
172.217: Application time: 0.0432070 seconds
172.217: [GC [PSYoungGen: 7664K->512K(8192K)] 21859K->14707K(26112K), 0.0004430 secs] [Times: user=0.00 sys=0.00, real=0.00 secs] 
172.218: Total time for which application threads were stopped: 0.0005660 seconds, Stopping threads took: 0.0000610 seconds
172.261: Application time: 0.0431150 seconds
172.261: [GC [PSYoungGen: 7680K->464K(8192K)] 21875K->14659K(26112K), 0.0004910 secs] [Times: user=0.00 sys=0.00, real=0.00 secs] 
172.262: Total time for which application threads were stopped: 0.0005980 seconds, Stopping threads took: 0.0000470 seconds
172.305: Application time: 0.0431580 seconds
172.305: [GC [PSYoungGen: 7632K->496K(8192K)] 21827K->14691K(26112K), 0.0005250 secs] [Times: user=0.00 sys=0.00, real=0.00 secs] 
172.305: Total time for which application threads were stopped: 0.0006360 seconds, Stopping threads took: 0.0000530 seconds
172.349: Application time: 0.0432290 seconds
172.349: [GC [PSYoungGen: 7664K->480K(8192K)] 21859K->14675K(26112K), 0.0004360 secs] [Times: user=0.00 sys=0.00, real=0.00 secs] 
172.349: Total time for which application threads were stopped: 0.0005380 seconds, Stopping threads took: 0.0000440 seconds
172.392: Application time: 0.0432010 seconds
172.392: [GC [PSYoungGen: 7648K->448K(8192K)] 21843K->14699K(26112K), 0.0005280 secs] [Times: user=0.00 sys=0.00, real=0.00 secs] 
172.393: Total time for which application threads were stopped: 0.0006370 seconds, Stopping threads took: 0.0000510 seconds
172.436: Application time: 0.0432520 seconds
172.436: [GC [PSYoungGen: 7616K->400K(8192K)] 21867K->14699K(26112K), 0.0004390 secs] [Times: user=0.00 sys=0.00, real=0.01 secs] 
172.437: Total time for which application threads were stopped: 0.0005500 seconds, Stopping threads took: 0.0000500 seconds
172.480: Application time: 0.0433130 seconds
172.480: [GC [PSYoungGen: 7568K->304K(8192K)] 21867K->14723K(26112K), 0.0004360 secs] [Times: user=0.00 sys=0.00, real=0.00 secs] 
172.481: Total time for which application threads were stopped: 0.0005540 seconds, Stopping threads took: 0.0000600 seconds
172.524: Application time: 0.0431260 seconds
172.524: [GC [PSYoungGen: 7472K->240K(8192K)] 21891K->14747K(26112K), 0.0004710 secs] [Times: user=0.00 sys=0.00, real=0.00 secs] 
172.524: Total time for which application threads were stopped: 0.0005720 seconds, Stopping threads took: 0.0000430 seconds
172.568: Application time: 0.0433640 seconds
172.568: [GC [PSYoungGen: 7408K->272K(8192K)] 21915K->14779K(26112K), 0.0003970 secs] [Times: user=0.00 sys=0.00, real=0.00 secs] 
172.568: Total time for which application threads were stopped: 0.0005130 seconds, Stopping threads took: 0.0000590 seconds
172.610: Application time: 0.0418420 seconds
172.610: [GC [PSYoungGen: 7440K->336K(8192K)] 21947K->14843K(26112K), 0.0004080 secs] [Times: user=0.00 sys=0.00, real=0.00 secs] 
172.611: Total time for which application threads were stopped: 0.0005430 seconds, Stopping threads took: 0.0000610 seconds
172.654: Application time: 0.0428700 seconds
172.654: [GC [PSYoungGen: 7504K->352K(8192K)] 22011K->14860K(26112K), 0.0004410 secs] [Times: user=0.00 sys=0.00, real=0.00 secs] 
172.654: Total time for which application threads were stopped: 0.0005540 seconds, Stopping threads took: 0.0000530 seconds
172.696: Application time: 0.0423020 seconds
172.697: [GC [PSYoungGen: 7520K->416K(8192K)] 22028K->14923K(26112K), 0.0004320 secs] [Times: user=0.00 sys=0.00, real=0.01 secs] 
172.697: Total time for which application threads were stopped: 0.0005510 seconds, Stopping threads took: 0.0000600 seconds
172.739: Application time: 0.0423510 seconds
172.739: [GC [PSYoungGen: 7584K->448K(8192K)] 22091K->15004K(26112K), 0.0004740 secs] [Times: user=0.00 sys=0.00, real=0.00 secs] 
172.740: Total time for which application threads were stopped: 0.0006060 seconds, Stopping threads took: 0.0000640 seconds
172.783: Application time: 0.0432460 seconds
172.783: [GC [PSYoungGen: 7616K->464K(8192K)] 22172K->15020K(26112K), 0.0004390 secs] [Times: user=0.01 sys=0.00, real=0.00 secs] 
172.784: Total time for which application threads were stopped: 0.0005690 seconds, Stopping threads took: 0.0000720 seconds
172.827: Application time: 0.0432150 seconds
172.827: [GC [PSYoungGen: 7632K->464K(8192K)] 22188K->15020K(26112K), 0.0004380 secs] [Times: user=0.00 sys=0.00, real=0.00 secs] 
172.828: Total time for which application threads were stopped: 0.0005560 seconds, Stopping threads took: 0.0000570 seconds
172.871: Application time: 0.0432340 seconds
172.871: [GC [PSYoungGen: 7632K->480K(8192K)] 22188K->15036K(26112K), 0.0004410 secs] [Times: user=0.00 sys=0.00, real=0.00 secs] 
172.871: Total time for which application threads were stopped: 0.0005490 seconds, Stopping threads took: 0.0000490 seconds
172.914: Application time: 0.0429860 seconds
172.914: [GC [PSYoungGen: 7645K->448K(8192K)] 22201K->15004K(26112K), 0.0004480 secs] [Times: user=0.01 sys=0.00, real=0.00 secs] 
172.915: Total time for which application threads were stopped: 0.0005510 seconds, Stopping threads took: 0.0000420 seconds
172.959: Application time: 0.0445410 seconds
172.959: [GC [PSYoungGen: 7616K->512K(8192K)] 22172K->15068K(26112K), 0.0005210 secs] [Times: user=0.00 sys=0.00, real=0.00 secs] 
172.960: Total time for which application threads were stopped: 0.0006440 seconds, Stopping threads took: 0.0000550 seconds
173.003: Application time: 0.0431170 seconds
173.005: [GC [PSYoungGen: 7680K->448K(8192K)] 22236K->15004K(26112K), 0.0004770 secs] [Times: user=0.00 sys=0.00, real=0.00 secs] 
173.005: Total time for which application threads were stopped: 0.0021060 seconds, Stopping threads took: 0.0015690 seconds
173.048: Application time: 0.0431350 seconds
173.049: [GC [PSYoungGen: 7616K->496K(8192K)] 22172K->15052K(26112K), 0.0004520 secs] [Times: user=0.00 sys=0.00, real=0.01 secs] 
173.049: Total time for which application threads were stopped: 0.0005840 seconds, Stopping threads took: 0.0000700 seconds
173.093: Application time: 0.0441790 seconds
173.093: [GC [PSYoungGen: 7664K->512K(8192K)] 22220K->15068K(26112K), 0.0004650 secs] [Times: user=0.00 sys=0.00, real=0.00 secs] 
173.094: Total time for which application threads were stopped: 0.0005860 seconds, Stopping threads took: 0.0000550 seconds
173.137: Application time: 0.0431170 seconds
173.137: [GC [PSYoungGen: 7680K->512K(8192K)] 22236K->15068K(26112K), 0.0004490 secs] [Times: user=0.00 sys=0.00, real=0.00 secs] 
173.137: Total time for which application threads were stopped: 0.0005600 seconds, Stopping threads took: 0.0000430 seconds
173.180: Application time: 0.0429780 seconds
173.180: [GC [PSYoungGen: 7680K->496K(8192K)] 22236K->15052K(26112K), 0.0004460 secs] [Times: user=0.00 sys=0.00, real=0.00 secs] 
173.181: Total time for which application threads were stopped: 0.0005510 seconds, Stopping threads took: 0.0000470 seconds
173.224: Application time: 0.0433650 seconds
173.224: [GC [PSYoungGen: 7664K->528K(8192K)] 22220K->15084K(26112K), 0.0004440 secs] [Times: user=0.01 sys=0.00, real=0.00 secs] 
173.225: Total time for which application threads were stopped: 0.0005610 seconds, Stopping threads took: 0.0000590 seconds
173.268: Application time: 0.0432210 seconds
173.269: [GC [PSYoungGen: 7696K->416K(8192K)] 22252K->15052K(26112K), 0.0004490 secs] [Times: user=0.00 sys=0.00, real=0.00 secs] 
173.269: Total time for which application threads were stopped: 0.0011180 seconds, Stopping threads took: 0.0006110 seconds
173.312: Application time: 0.0431700 seconds
173.312: [GC [PSYoungGen: 7584K->400K(8192K)] 22220K->15092K(26112K), 0.0004410 secs] [Times: user=0.00 sys=0.00, real=0.00 secs] 
173.313: Total time for which application threads were stopped: 0.0005480 seconds, Stopping threads took: 0.0000460 seconds
173.356: Application time: 0.0431570 seconds
173.356: [GC [PSYoungGen: 7568K->320K(8192K)] 22260K->15108K(26112K), 0.0004340 secs] [Times: user=0.00 sys=0.00, real=0.00 secs] 
173.357: Total time for which application threads were stopped: 0.0005480 seconds, Stopping threads took: 0.0000550 seconds
173.400: Application time: 0.0431340 seconds
173.400: [GC [PSYoungGen: 7488K->272K(8192K)] 22276K->15156K(26112K), 0.0004250 secs] [Times: user=0.00 sys=0.00, real=0.00 secs] 
173.400: Total time for which application threads were stopped: 0.0005400 seconds, Stopping threads took: 0.0000560 seconds
173.444: Application time: 0.0432050 seconds
173.444: [GC [PSYoungGen: 7440K->272K(8192K)] 22324K->15156K(26112K), 0.0003930 secs] [Times: user=0.00 sys=0.00, real=0.00 secs] 
173.444: Total time for which application threads were stopped: 0.0005100 seconds, Stopping threads took: 0.0000570 seconds
173.486: Application time: 0.0421190 seconds
173.486: [GC [PSYoungGen: 7440K->320K(8192K)] 22324K->15204K(26112K), 0.0004140 secs] [Times: user=0.00 sys=0.00, real=0.00 secs] 
173.487: Total time for which application threads were stopped: 0.0005330 seconds, Stopping threads took: 0.0000590 seconds
173.529: Application time: 0.0426100 seconds
173.529: [GC [PSYoungGen: 7488K->416K(8192K)] 22372K->15300K(26112K), 0.0004190 secs] [Times: user=0.00 sys=0.00, real=0.00 secs] 
173.530: Total time for which application threads were stopped: 0.0005330 seconds, Stopping threads took: 0.0000540 seconds
173.572: Application time: 0.0423510 seconds
173.572: [GC [PSYoungGen: 7584K->400K(8192K)] 22468K->15324K(26112K), 0.0004340 secs] [Times: user=0.00 sys=0.00, real=0.00 secs] 
173.573: Total time for which application threads were stopped: 0.0005580 seconds, Stopping threads took: 0.0000610 seconds
173.615: Application time: 0.0419500 seconds
173.615: [GC [PSYoungGen: 7568K->464K(8192K)] 22492K->15404K(26112K), 0.0004480 secs] [Times: user=0.00 sys=0.00, real=0.00 secs] 
173.615: Total time for which application threads were stopped: 0.0005660 seconds, Stopping threads took: 0.0000600 seconds
173.659: Application time: 0.0432440 seconds
173.659: [GC [PSYoungGen: 7632K->448K(8192K)] 22572K->15388K(26112K), 0.0004970 secs] [Times: user=0.01 sys=0.00, real=0.00 secs] 
173.659: Total time for which application threads were stopped: 0.0006210 seconds, Stopping threads took: 0.0000540 seconds
173.702: Application time: 0.0432030 seconds
173.705: [GC [PSYoungGen: 7616K->464K(8192K)] 22556K->15404K(26112K), 0.0006610 secs] [Times: user=0.01 sys=0.00, real=0.00 secs] 
173.705: Total time for which application threads were stopped: 0.0031120 seconds, Stopping threads took: 0.0023700 seconds
173.749: Application time: 0.0437570 seconds
173.749: [GC [PSYoungGen: 7632K->480K(8192K)] 22572K->15420K(26112K), 0.0004880 secs] [Times: user=0.00 sys=0.00, real=0.00 secs] 
173.750: Total time for which application threads were stopped: 0.0006200 seconds, Stopping threads took: 0.0000610 seconds
173.793: Application time: 0.0426580 seconds
173.793: [GC [PSYoungGen: 7648K->512K(8192K)] 22588K->15452K(26112K), 0.0004700 secs] [Times: user=0.00 sys=0.00, real=0.00 secs] 
173.793: Total time for which application threads were stopped: 0.0006110 seconds, Stopping threads took: 0.0000760 seconds
173.836: Application time: 0.0432830 seconds
173.837: [GC [PSYoungGen: 7680K->496K(8192K)] 22620K->15436K(26112K), 0.0005100 secs] [Times: user=0.00 sys=0.00, real=0.01 secs] 
173.837: Total time for which application threads were stopped: 0.0006290 seconds, Stopping threads took: 0.0000610 seconds
173.880: Application time: 0.0432220 seconds
173.880: [GC [PSYoungGen: 7664K->480K(8192K)] 22604K->15420K(26112K), 0.0004650 secs] [Times: user=0.00 sys=0.00, real=0.00 secs] 
173.881: Total time for which application threads were stopped: 0.0005770 seconds, Stopping threads took: 0.0000610 seconds
173.924: Application time: 0.0430760 seconds
173.924: [GC [PSYoungGen: 7648K->496K(8192K)] 22588K->15436K(26112K), 0.0004990 secs] [Times: user=0.00 sys=0.00, real=0.00 secs] 
173.925: Total time for which application threads were stopped: 0.0006140 seconds, Stopping threads took: 0.0000580 seconds
173.968: Application time: 0.0429850 seconds
173.968: [GC [PSYoungGen: 7664K->528K(8192K)] 22604K->15468K(26112K), 0.0004520 secs] [Times: user=0.00 sys=0.00, real=0.00 secs] 
173.968: Total time for which application threads were stopped: 0.0005510 seconds, Stopping threads took: 0.0000390 seconds
174.011: Application time: 0.0432700 seconds
174.011: [GC [PSYoungGen: 7696K->512K(8192K)] 22636K->15452K(26112K), 0.0004310 secs] [Times: user=0.00 sys=0.00, real=0.00 secs] 
174.012: Total time for which application threads were stopped: 0.0005460 seconds, Stopping threads took: 0.0000580 seconds
174.055: Application time: 0.0430990 seconds
174.055: [GC [PSYoungGen: 7680K->512K(8192K)] 22620K->15452K(26112K), 0.0004570 secs] [Times: user=0.01 sys=0.00, real=0.00 secs] 
174.056: Total time for which application threads were stopped: 0.0005710 seconds, Stopping threads took: 0.0000590 seconds
174.099: Application time: 0.0433130 seconds
174.099: [GC [PSYoungGen: 7680K->480K(8192K)] 22620K->15420K(26112K), 0.0004770 secs] [Times: user=0.00 sys=0.00, real=0.00 secs] 
174.099: Total time for which application threads were stopped: 0.0006100 seconds, Stopping threads took: 0.0000750 seconds
174.143: Application time: 0.0431870 seconds
174.143: [GC [PSYoungGen: 7648K->400K(8192K)] 22588K->15420K(26112K), 0.0004520 secs] [Times: user=0.00 sys=0.00, real=0.00 secs] 
174.143: Total time for which application threads were stopped: 0.0005740 seconds, Stopping threads took: 0.0000610 seconds
174.186: Application time: 0.0432250 seconds
174.187: [GC [PSYoungGen: 7568K->368K(8192K)] 22588K->15436K(26112K), 0.0004740 secs] [Times: user=0.00 sys=0.00, real=0.00 secs] 
174.187: Total time for which application threads were stopped: 0.0005850 seconds, Stopping threads took: 0.0000390 seconds
174.230: Application time: 0.0432670 seconds
174.230: [GC [PSYoungGen: 7536K->336K(8192K)] 22604K->15496K(26112K), 0.0004360 secs] [Times: user=0.00 sys=0.00, real=0.00 secs] 
174.231: Total time for which application threads were stopped: 0.0005550 seconds, Stopping threads took: 0.0000560 seconds
174.274: Application time: 0.0432280 seconds
174.274: [GC [PSYoungGen: 7504K->272K(8192K)] 22664K->15536K(26112K), 0.0004310 secs] [Times: user=0.00 sys=0.00, real=0.00 secs] 
174.275: Total time for which application threads were stopped: 0.0005330 seconds, Stopping threads took: 0.0000420 seconds
174.318: Application time: 0.0432270 seconds
174.318: [GC [PSYoungGen: 7440K->272K(8192K)] 22704K->15536K(26112K), 0.0003940 secs] [Times: user=0.00 sys=0.00, real=0.00 secs] 
174.318: Total time for which application threads were stopped: 0.0005150 seconds, Stopping threads took: 0.0000630 seconds
174.360: Application time: 0.0417700 seconds
174.360: [GC [PSYoungGen: 7440K->304K(8192K)] 22704K->15568K(26112K), 0.0004260 secs] [Times: user=0.00 sys=0.00, real=0.00 secs] 
174.361: Total time for which application threads were stopped: 0.0005450 seconds, Stopping threads took: 0.0000620 seconds
174.402: Application time: 0.0415120 seconds
174.402: [GC [PSYoungGen: 7472K->416K(8192K)] 22736K->15680K(26112K), 0.0004270 secs] [Times: user=0.00 sys=0.00, real=0.00 secs] 
174.403: Total time for which application threads were stopped: 0.0005520 seconds, Stopping threads took: 0.0000600 seconds
174.446: Application time: 0.0431440 seconds
174.446: [GC [PSYoungGen: 7584K->416K(8192K)] 22848K->15736K(26112K), 0.0004120 secs] [Times: user=0.00 sys=0.00, real=0.00 secs] 
174.446: Total time for which application threads were stopped: 0.0005260 seconds, Stopping threads took: 0.0000600 seconds
174.490: Application time: 0.0433160 seconds
174.490: [GC [PSYoungGen: 7584K->448K(8192K)] 22904K->15768K(26112K), 0.0005780 secs] [Times: user=0.00 sys=0.00, real=0.00 secs] 
174.490: Total time for which application threads were stopped: 0.0007020 seconds, Stopping threads took: 0.0000610 seconds
174.534: Application time: 0.0433960 seconds
174.534: [GC [PSYoungGen: 7616K->464K(8192K)] 22936K->15784K(26112K), 0.0004630 secs] [Times: user=0.00 sys=0.00, real=0.00 secs] 
174.534: Total time for which application threads were stopped: 0.0005780 seconds, Stopping threads took: 0.0000560 seconds
174.578: Application time: 0.0435390 seconds
174.578: [GC [PSYoungGen: 7632K->416K(8192K)] 22952K->15736K(26112K), 0.0004820 secs] [Times: user=0.00 sys=0.00, real=0.00 secs] 
174.579: Total time for which application threads were stopped: 0.0006020 seconds, Stopping threads took: 0.0000580 seconds
174.623: Application time: 0.0442950 seconds
174.623: [GC [PSYoungGen: 7584K->448K(8192K)] 22904K->15768K(26112K), 0.0004650 secs] [Times: user=0.01 sys=0.00, real=0.00 secs] 
174.623: Total time for which application threads were stopped: 0.0005770 seconds, Stopping threads took: 0.0000530 seconds
174.666: Application time: 0.0427320 seconds
174.666: [GC [PSYoungGen: 7616K->464K(8192K)] 22936K->15784K(26112K), 0.0004570 secs] [Times: user=0.00 sys=0.00, real=0.00 secs] 
174.667: Total time for which application threads were stopped: 0.0005750 seconds, Stopping threads took: 0.0000550 seconds
174.710: Application time: 0.0434370 seconds
174.713: [GC [PSYoungGen: 7632K->480K(8192K)] 22952K->15800K(26112K), 0.0005680 secs] [Times: user=0.00 sys=0.00, real=0.00 secs] 
174.713: Total time for which application threads were stopped: 0.0031610 seconds, Stopping threads took: 0.0025080 seconds
174.757: Application time: 0.0432750 seconds
174.757: [GC [PSYoungGen: 7648K->496K(8192K)] 22968K->15816K(26112K), 0.0004920 secs] [Times: user=0.00 sys=0.00, real=0.00 secs] 
174.757: Total time for which application threads were stopped: 0.0006150 seconds, Stopping threads took: 0.0000600 seconds
174.800: Application time: 0.0430530 seconds
174.805: [GC [PSYoungGen: 7664K->496K(8192K)] 22984K->15816K(26112K), 0.0005090 secs] [Times: user=0.00 sys=0.00, real=0.00 secs] 
174.805: Total time for which application threads were stopped: 0.0049810 seconds, Stopping threads took: 0.0044070 seconds
174.848: Application time: 0.0429640 seconds
174.848: [GC [PSYoungGen: 7664K->528K(8192K)] 22984K->15848K(26112K), 0.0004690 secs] [Times: user=0.00 sys=0.00, real=0.01 secs] 
174.849: Total time for which application threads were stopped: 0.0006160 seconds, Stopping threads took: 0.0000800 seconds
174.892: Application time: 0.0432710 seconds
174.892: [GC [PSYoungGen: 7696K->528K(8192K)] 23016K->15848K(26112K), 0.0004460 secs] [Times: user=0.00 sys=0.00, real=0.00 secs] 
174.893: Total time for which application threads were stopped: 0.0005700 seconds, Stopping threads took: 0.0000600 seconds
174.936: Application time: 0.0432520 seconds
174.936: [GC [PSYoungGen: 7696K->480K(8192K)] 23016K->15800K(26112K), 0.0004570 secs] [Times: user=0.00 sys=0.00, real=0.00 secs] 
174.937: Total time for which application threads were stopped: 0.0005660 seconds, Stopping threads took: 0.0000450 seconds
174.980: Application time: 0.0431810 seconds
174.980: [GC [PSYoungGen: 7648K->480K(8192K)] 22968K->15800K(26112K), 0.0004510 secs] [Times: user=0.00 sys=0.00, real=0.00 secs] 
174.980: Total time for which application threads were stopped: 0.0005590 seconds, Stopping threads took: 0.0000500 seconds
175.024: Application time: 0.0433120 seconds
175.024: [GC [PSYoungGen: 7648K->400K(8192K)] 22968K->15808K(26112K), 0.0004940 secs] [Times: user=0.00 sys=0.00, real=0.00 secs] 
175.024: Total time for which application threads were stopped: 0.0005890 seconds, Stopping threads took: 0.0000360 seconds
175.068: Application time: 0.0433400 seconds
175.068: [GC [PSYoungGen: 7568K->320K(8192K)] 22976K->15852K(26112K), 0.0004790 secs] [Times: user=0.00 sys=0.00, real=0.00 secs] 
175.068: Total time for which application threads were stopped: 0.0005830 seconds, Stopping threads took: 0.0000500 seconds
175.111: Application time: 0.0433180 seconds
175.112: [GC [PSYoungGen: 7488K->336K(8192K)] 23020K->15868K(26112K), 0.0004090 secs] [Times: user=0.00 sys=0.00, real=0.00 secs] 
175.112: Total time for which application threads were stopped: 0.0005120 seconds, Stopping threads took: 0.0000450 seconds
175.155: Application time: 0.0431150 seconds
175.155: [GC [PSYoungGen: 7504K->272K(8192K)] 23036K->15908K(26112K), 0.0004080 secs] [Times: user=0.01 sys=0.00, real=0.00 secs] 
175.156: Total time for which application threads were stopped: 0.0005170 seconds, Stopping threads took: 0.0000510 seconds
175.199: Application time: 0.0430660 seconds
175.199: [GC [PSYoungGen: 7440K->272K(8192K)] 23076K->15908K(26112K), 0.0003970 secs] [Times: user=0.00 sys=0.00, real=0.00 secs] 
175.199: Total time for which application threads were stopped: 0.0005000 seconds, Stopping threads took: 0.0000410 seconds
175.241: Application time: 0.0421100 seconds
175.241: [GC [PSYoungGen: 7440K->304K(8192K)] 23076K->15940K(26112K), 0.0004190 secs] [Times: user=0.00 sys=0.00, real=0.00 secs] 
175.242: Total time for which application threads were stopped: 0.0005340 seconds, Stopping threads took: 0.0000480 seconds
175.283: Application time: 0.0414370 seconds
175.283: [GC [PSYoungGen: 7472K->432K(8192K)] 23108K->16068K(26112K), 0.0004370 secs] [Times: user=0.00 sys=0.00, real=0.00 secs] 
175.284: Total time for which application threads were stopped: 0.0005550 seconds, Stopping threads took: 0.0000590 seconds
175.327: Application time: 0.0427350 seconds
175.327: [GC [PSYoungGen: 7600K->400K(8192K)] 23236K->16092K(26112K), 0.0005010 secs] [Times: user=0.00 sys=0.00, real=0.00 secs] 
175.327: Total time for which application threads were stopped: 0.0006120 seconds, Stopping threads took: 0.0000480 seconds
175.370: Application time: 0.0429450 seconds
175.370: [GC [PSYoungGen: 7568K->496K(8192K)] 23260K->16188K(26112K), 0.0004560 secs] [Times: user=0.00 sys=0.00, real=0.00 secs] 
175.371: Total time for which application threads were stopped: 0.0005750 seconds, Stopping threads took: 0.0000590 seconds
175.414: Application time: 0.0432580 seconds
175.414: [GC [PSYoungGen: 7664K->464K(8192K)] 23356K->16156K(26112K), 0.0004310 secs] [Times: user=0.00 sys=0.00, real=0.00 secs] 
175.414: Total time for which application threads were stopped: 0.0005300 seconds, Stopping threads took: 0.0000420 seconds
175.458: Application time: 0.0431720 seconds
175.458: [GC [PSYoungGen: 7632K->464K(8192K)] 23324K->16156K(26112K), 0.0004600 secs] [Times: user=0.00 sys=0.00, real=0.00 secs] 
175.458: Total time for which application threads were stopped: 0.0005560 seconds, Stopping threads took: 0.0000400 seconds
175.502: Application time: 0.0433990 seconds
175.502: [GC [PSYoungGen: 7632K->480K(8192K)] 23324K->16172K(26112K), 0.0004710 secs] [Times: user=0.00 sys=0.00, real=0.00 secs] 
175.502: Total time for which application threads were stopped: 0.0005830 seconds, Stopping threads took: 0.0000530 seconds
175.545: Application time: 0.0427830 seconds
175.545: [GC [PSYoungGen: 7648K->512K(8192K)] 23340K->16204K(26112K), 0.0004430 secs] [Times: user=0.01 sys=0.00, real=0.00 secs] 
175.546: Total time for which application threads were stopped: 0.0005600 seconds, Stopping threads took: 0.0000570 seconds
175.589: Application time: 0.0432750 seconds
175.589: [GC [PSYoungGen: 7680K->496K(8192K)] 23372K->16188K(26112K), 0.0004470 secs] [Times: user=0.00 sys=0.00, real=0.00 secs] 
175.589: Total time for which application threads were stopped: 0.0005820 seconds, Stopping threads took: 0.0000690 seconds
175.633: Application time: 0.0431260 seconds
175.633: [GC [PSYoungGen: 7664K->480K(8192K)] 23356K->16172K(26112K), 0.0004410 secs] [Times: user=0.00 sys=0.00, real=0.00 secs] 
175.633: Total time for which application threads were stopped: 0.0005630 seconds, Stopping threads took: 0.0000620 seconds
175.676: Application time: 0.0432250 seconds
175.676: [GC [PSYoungGen: 7648K->496K(8192K)] 23340K->16188K(26112K), 0.0005240 secs] [Times: user=0.00 sys=0.00, real=0.01 secs] 
175.677: Total time for which application threads were stopped: 0.0006290 seconds, Stopping threads took: 0.0000440 seconds
175.720: Application time: 0.0433630 seconds
175.720: [GC [PSYoungGen: 7664K->512K(8192K)] 23356K->16204K(26112K), 0.0005470 secs] [Times: user=0.00 sys=0.00, real=0.00 secs] 
175.721: Total time for which application threads were stopped: 0.0006660 seconds, Stopping threads took: 0.0000510 seconds
175.764: Application time: 0.0431780 seconds
175.764: [GC [PSYoungGen: 7680K->480K(8192K)] 23372K->16172K(26112K), 0.0004410 secs] [Times: user=0.00 sys=0.00, real=0.00 secs] 
175.765: Total time for which application threads were stopped: 0.0005900 seconds, Stopping threads took: 0.0000830 seconds
175.804: Application time: 0.0391370 seconds
175.804: [GC [PSYoungGen: 7648K->496K(8192K)] 23340K->16188K(26112K), 0.0004040 secs] [Times: user=0.00 sys=0.00, real=0.00 secs] 
175.804: Total time for which application threads were stopped: 0.0005110 seconds, Stopping threads took: 0.0000550 seconds
175.844: Application time: 0.0392440 seconds
175.844: [GC [PSYoungGen: 7664K->496K(8192K)] 23356K->16196K(26112K), 0.0004540 secs] [Times: user=0.00 sys=0.00, real=0.00 secs] 
175.844: Total time for which application threads were stopped: 0.0005580 seconds, Stopping threads took: 0.0000500 seconds
175.884: Application time: 0.0393930 seconds
175.884: [GC [PSYoungGen: 7664K->448K(8192K)] 23364K->16228K(26112K), 0.0004350 secs] [Times: user=0.00 sys=0.00, real=0.00 secs] 
175.884: Total time for which application threads were stopped: 0.0005430 seconds, Stopping threads took: 0.0000550 seconds
175.923: Application time: 0.0392650 seconds
175.923: [GC [PSYoungGen: 7616K->368K(8192K)] 23396K->16276K(26112K), 0.0003960 secs] [Times: user=0.00 sys=0.00, real=0.00 secs] 
175.924: Total time for which application threads were stopped: 0.0005070 seconds, Stopping threads took: 0.0000560 seconds
175.964: Application time: 0.0400260 seconds
175.965: [GC [PSYoungGen: 7536K->304K(8192K)] 23444K->16268K(26112K), 0.0004590 secs] [Times: user=0.00 sys=0.00, real=0.00 secs] 
175.965: Total time for which application threads were stopped: 0.0012950 seconds, Stopping threads took: 0.0007700 seconds
176.005: Application time: 0.0393650 seconds
176.005: [GC [PSYoungGen: 7472K->272K(8192K)] 23436K->16292K(26112K), 0.0003830 secs] [Times: user=0.00 sys=0.00, real=0.00 secs] 
176.005: Total time for which application threads were stopped: 0.0004980 seconds, Stopping threads took: 0.0000580 seconds
176.044: Application time: 0.0385220 seconds
176.044: [GC [PSYoungGen: 7440K->336K(8192K)] 23460K->16357K(26112K), 0.0004450 secs] [Times: user=0.00 sys=0.00, real=0.00 secs] 
176.044: Total time for which application threads were stopped: 0.0005580 seconds, Stopping threads took: 0.0000550 seconds
176.083: Application time: 0.0392200 seconds
176.083: [GC [PSYoungGen: 7504K->336K(8192K)] 23525K->16357K(26112K), 0.0004260 secs] [Times: user=0.00 sys=0.00, real=0.00 secs] 
176.084: Total time for which application threads were stopped: 0.0005360 seconds, Stopping threads took: 0.0000560 seconds
176.123: Application time: 0.0391540 seconds
176.123: [GC [PSYoungGen: 7504K->400K(8192K)] 23525K->16421K(26112K), 0.0005270 secs] [Times: user=0.00 sys=0.00, real=0.00 secs] 
176.125: Total time for which application threads were stopped: 0.0015860 seconds, Stopping threads took: 0.0000570 seconds
176.163: Application time: 0.0387490 seconds
176.164: [GC [PSYoungGen: 7568K->416K(8192K)] 23589K->16485K(26112K), 0.0004440 secs] [Times: user=0.00 sys=0.00, real=0.00 secs] 
176.164: Total time for which application threads were stopped: 0.0005500 seconds, Stopping threads took: 0.0000400 seconds
176.203: Application time: 0.0387960 seconds
176.203: [GC [PSYoungGen: 7584K->464K(8192K)] 23653K->16533K(26112K), 0.0004150 secs] [Times: user=0.00 sys=0.00, real=0.00 secs] 
176.203: Total time for which application threads were stopped: 0.0005290 seconds, Stopping threads took: 0.0000570 seconds
176.243: Application time: 0.0393510 seconds
176.243: [GC [PSYoungGen: 7632K->448K(8192K)] 23701K->16517K(26112K), 0.0004660 secs] [Times: user=0.00 sys=0.00, real=0.00 secs] 
176.243: Total time for which application threads were stopped: 0.0005790 seconds, Stopping threads took: 0.0000530 seconds
176.283: Application time: 0.0397210 seconds
176.283: [GC [PSYoungGen: 7616K->496K(8192K)] 23685K->16565K(26112K), 0.0004160 secs] [Times: user=0.00 sys=0.00, real=0.00 secs] 
176.284: Total time for which application threads were stopped: 0.0005380 seconds, Stopping threads took: 0.0000560 seconds
176.323: Application time: 0.0393830 seconds
176.323: [GC [PSYoungGen: 7664K->448K(8192K)] 23733K->16517K(26112K), 0.0004200 secs] [Times: user=0.00 sys=0.00, real=0.00 secs] 
176.323: Total time for which application threads were stopped: 0.0005250 seconds, Stopping threads took: 0.0000510 seconds
176.362: Application time: 0.0383160 seconds
176.362: [GC [PSYoungGen: 7616K->496K(8192K)] 23685K->16565K(26112K), 0.0004090 secs] [Times: user=0.00 sys=0.00, real=0.00 secs] 
176.362: Total time for which application threads were stopped: 0.0005210 seconds, Stopping threads took: 0.0000550 seconds
176.402: Application time: 0.0394750 seconds
176.402: [GC [PSYoungGen: 7664K->480K(8192K)] 23733K->16549K(26112K), 0.0004340 secs] [Times: user=0.00 sys=0.00, real=0.00 secs] 
176.402: Total time for which application threads were stopped: 0.0005450 seconds, Stopping threads took: 0.0000530 seconds
176.441: Application time: 0.0391210 seconds
176.441: [GC [PSYoungGen: 7648K->528K(8192K)] 23717K->16597K(26112K), 0.0004370 secs] [Times: user=0.00 sys=0.00, real=0.00 secs] 
176.442: Total time for which application threads were stopped: 0.0005430 seconds, Stopping threads took: 0.0000540 seconds
176.481: Application time: 0.0393800 seconds
176.481: [GC [PSYoungGen: 7696K->464K(8192K)] 23765K->16533K(26112K), 0.0004360 secs] [Times: user=0.00 sys=0.00, real=0.00 secs] 
176.482: Total time for which application threads were stopped: 0.0005300 seconds, Stopping threads took: 0.0000380 seconds
176.521: Application time: 0.0389820 seconds
176.521: [GC [PSYoungGen: 7632K->496K(8192K)] 23701K->16565K(26112K), 0.0004100 secs] [Times: user=0.00 sys=0.00, real=0.00 secs] 
176.521: Total time for which application threads were stopped: 0.0005190 seconds, Stopping threads took: 0.0000550 seconds
176.561: Application time: 0.0394630 seconds
176.561: [GC [PSYoungGen: 7664K->528K(8192K)] 23733K->16597K(26112K), 0.0004310 secs] [Times: user=0.00 sys=0.00, real=0.00 secs] 
176.561: Total time for which application threads were stopped: 0.0005260 seconds, Stopping threads took: 0.0000390 seconds
176.601: Application time: 0.0392580 seconds
176.601: [GC [PSYoungGen: 7696K->496K(8192K)] 23765K->16565K(26112K), 0.0004570 secs] [Times: user=0.01 sys=0.00, real=0.00 secs] 
176.601: Total time for which application threads were stopped: 0.0005710 seconds, Stopping threads took: 0.0000560 seconds
176.640: Application time: 0.0392790 seconds
176.641: [GC [PSYoungGen: 7664K->400K(8192K)] 23733K->16549K(26112K), 0.0004630 secs] [Times: user=0.00 sys=0.00, real=0.00 secs] 
176.641: Total time for which application threads were stopped: 0.0005530 seconds, Stopping threads took: 0.0000350 seconds
176.680: Application time: 0.0392360 seconds
176.680: [GC [PSYoungGen: 7568K->416K(8192K)] 23717K->16565K(26112K), 0.0004240 secs] [Times: user=0.00 sys=0.00, real=0.00 secs] 
176.681: Total time for which application threads were stopped: 0.0005350 seconds, Stopping threads took: 0.0000530 seconds
176.720: Application time: 0.0396070 seconds
176.721: [GC [PSYoungGen: 7584K->320K(8192K)] 23733K->16597K(26112K), 0.0004650 secs] [Times: user=0.00 sys=0.00, real=0.00 secs] 
176.721: Total time for which application threads were stopped: 0.0005960 seconds, Stopping threads took: 0.0000640 seconds
176.760: Application time: 0.0391320 seconds
176.761: [GC [PSYoungGen: 7488K->288K(8192K)] 23765K->16613K(26112K), 0.0004270 secs] [Times: user=0.01 sys=0.00, real=0.00 secs] 
176.761: Total time for which application threads were stopped: 0.0010690 seconds, Stopping threads took: 0.0005830 seconds
176.800: Application time: 0.0392430 seconds
176.801: [GC [PSYoungGen: 7456K->272K(8192K)] 23781K->16637K(26112K), 0.0003810 secs] [Times: user=0.00 sys=0.00, real=0.00 secs] 
176.801: Total time for which application threads were stopped: 0.0005080 seconds, Stopping threads took: 0.0000630 seconds
176.839: Application time: 0.0381940 seconds
176.839: [GC [PSYoungGen: 7440K->320K(8192K)] 23805K->16685K(26112K), 0.0004470 secs] [Times: user=0.00 sys=0.00, real=0.00 secs] 
176.840: Total time for which application threads were stopped: 0.0005420 seconds, Stopping threads took: 0.0000400 seconds
176.878: Application time: 0.0387880 seconds
176.879: [GC [PSYoungGen: 7488K->400K(8192K)] 23853K->16765K(26112K), 0.0004020 secs] [Times: user=0.00 sys=0.00, real=0.00 secs] 
176.879: Total time for which application threads were stopped: 0.0005150 seconds, Stopping threads took: 0.0000570 seconds
176.917: Application time: 0.0383020 seconds
176.917: [GC [PSYoungGen: 7568K->416K(8192K)] 23933K->16781K(26112K), 0.0004150 secs] [Times: user=0.00 sys=0.00, real=0.00 secs] 
176.918: Total time for which application threads were stopped: 0.0005160 seconds, Stopping threads took: 0.0000440 seconds
176.956: Application time: 0.0381780 seconds
176.956: [GC [PSYoungGen: 7584K->400K(8192K)] 23949K->16813K(26112K), 0.0004530 secs] [Times: user=0.01 sys=0.00, real=0.00 secs] 
176.957: Total time for which application threads were stopped: 0.0005680 seconds, Stopping threads took: 0.0000570 seconds
176.996: Application time: 0.0391160 seconds
176.996: [GC [PSYoungGen: 7568K->464K(8192K)] 23981K->16877K(26112K), 0.0004720 secs] [Times: user=0.00 sys=0.00, real=0.00 secs] 
176.996: Total time for which application threads were stopped: 0.0005890 seconds, Stopping threads took: 0.0000610 seconds
177.036: Application time: 0.0394880 seconds
177.036: [GC [PSYoungGen: 7632K->416K(8192K)] 24045K->16829K(26112K), 0.0004230 secs] [Times: user=0.00 sys=0.00, real=0.00 secs] 
177.036: Total time for which application threads were stopped: 0.0005380 seconds, Stopping threads took: 0.0000600 seconds
177.076: Application time: 0.0392830 seconds
177.076: [GC [PSYoungGen: 7584K->432K(8192K)] 23997K->16845K(26112K), 0.0004650 secs] [Times: user=0.00 sys=0.00, real=0.00 secs] 
177.076: Total time for which application threads were stopped: 0.0005570 seconds, Stopping threads took: 0.0000360 seconds
177.115: Application time: 0.0393480 seconds
177.116: [GC [PSYoungGen: 7600K->448K(8192K)] 24013K->16861K(26112K), 0.0004570 secs] [Times: user=0.00 sys=0.00, real=0.00 secs] 
177.116: Total time for which application threads were stopped: 0.0005520 seconds, Stopping threads took: 0.0000410 seconds
177.155: Application time: 0.0388420 seconds
177.155: [GC [PSYoungGen: 7616K->496K(8192K)] 24029K->16909K(26112K), 0.0004230 secs] [Times: user=0.00 sys=0.00, real=0.00 secs] 
177.155: Total time for which application threads were stopped: 0.0005350 seconds, Stopping threads took: 0.0000520 seconds
177.195: Application time: 0.0392540 seconds
177.195: [GC [PSYoungGen: 7664K->496K(8192K)] 24077K->16909K(26112K), 0.0004250 secs] [Times: user=0.00 sys=0.00, real=0.00 secs] 
177.195: Total time for which application threads were stopped: 0.0005360 seconds, Stopping threads took: 0.0000560 seconds
177.234: Application time: 0.0392040 seconds
177.235: [GC [PSYoungGen: 7664K->512K(8192K)] 24077K->16925K(26112K), 0.0004960 secs] [Times: user=0.01 sys=0.00, real=0.00 secs] 
177.235: Total time for which application threads were stopped: 0.0006160 seconds, Stopping threads took: 0.0000560 seconds
177.274: Application time: 0.0393060 seconds
177.274: [GC [PSYoungGen: 7680K->512K(8192K)] 24093K->16925K(26112K), 0.0004300 secs] [Times: user=0.00 sys=0.00, real=0.00 secs] 
177.275: Total time for which application threads were stopped: 0.0005300 seconds, Stopping threads took: 0.0000430 seconds
177.314: Application time: 0.0392130 seconds
177.314: [GC [PSYoungGen: 7680K->512K(8192K)] 24093K->16925K(26112K), 0.0004400 secs] [Times: user=0.00 sys=0.00, real=0.00 secs] 
177.315: Total time for which application threads were stopped: 0.0005450 seconds, Stopping threads took: 0.0000400 seconds
177.354: Application time: 0.0392340 seconds
177.354: [GC [PSYoungGen: 7680K->512K(8192K)] 24093K->16925K(26112K), 0.0004380 secs] [Times: user=0.01 sys=0.00, real=0.00 secs] 
177.354: Total time for which application threads were stopped: 0.0005370 seconds, Stopping threads took: 0.0000450 seconds
177.394: Application time: 0.0393150 seconds
177.394: [GC [PSYoungGen: 7680K->480K(8192K)] 24093K->16893K(26112K), 0.0004810 secs] [Times: user=0.00 sys=0.00, real=0.00 secs] 
177.394: Total time for which application threads were stopped: 0.0005910 seconds, Stopping threads took: 0.0000540 seconds
177.434: Application time: 0.0394520 seconds
177.434: [GC [PSYoungGen: 7648K->400K(8192K)] 24061K->16893K(26112K), 0.0004700 secs] [Times: user=0.00 sys=0.00, real=0.00 secs] 
177.434: Total time for which application threads were stopped: 0.0005880 seconds, Stopping threads took: 0.0000600 seconds
177.475: Application time: 0.0405390 seconds
177.476: [GC [PSYoungGen: 7568K->384K(8192K)] 24061K->16925K(26112K), 0.0004590 secs] [Times: user=0.01 sys=0.00, real=0.00 secs] 
177.476: Total time for which application threads were stopped: 0.0012910 seconds, Stopping threads took: 0.0007630 seconds
177.516: Application time: 0.0393240 seconds
177.516: [GC [PSYoungGen: 7552K->320K(8192K)] 24093K->16949K(26112K), 0.0004000 secs] [Times: user=0.00 sys=0.00, real=0.00 secs] 
177.516: Total time for which application threads were stopped: 0.0005290 seconds, Stopping threads took: 0.0000760 seconds
177.555: Application time: 0.0391660 seconds
177.555: [GC [PSYoungGen: 7488K->272K(8192K)] 24117K->17001K(26112K), 0.0003830 secs] [Times: user=0.00 sys=0.00, real=0.00 secs] 
177.556: Total time for which application threads were stopped: 0.0004810 seconds, Stopping threads took: 0.0000450 seconds
177.595: Application time: 0.0392100 seconds
177.595: [GC [PSYoungGen: 7440K->256K(8192K)] 24169K->16985K(26112K), 0.0003960 secs] [Times: user=0.00 sys=0.00, real=0.00 secs] 
177.595: Total time for which application threads were stopped: 0.0004950 seconds, Stopping threads took: 0.0000490 seconds
177.635: Application time: 0.0393300 seconds
177.635: [GC [PSYoungGen: 7424K->304K(8192K)] 24153K->17033K(26112K), 0.0004500 secs] [Times: user=0.01 sys=0.00, real=0.00 secs] 
177.635: Total time for which application threads were stopped: 0.0005650 seconds, Stopping threads took: 0.0000560 seconds
177.674: Application time: 0.0382190 seconds
177.674: [GC [PSYoungGen: 7472K->384K(8192K)] 24201K->17113K(26112K), 0.0004080 secs] [Times: user=0.00 sys=0.00, real=0.00 secs] 
177.674: Total time for which application threads were stopped: 0.0005110 seconds, Stopping threads took: 0.0000440 seconds
177.713: Application time: 0.0385630 seconds
177.713: [GC [PSYoungGen: 7552K->448K(8192K)] 24281K->17177K(26112K), 0.0005110 secs] [Times: user=0.00 sys=0.00, real=0.00 secs] 
177.713: Total time for which application threads were stopped: 0.0006440 seconds, Stopping threads took: 0.0000570 seconds
177.752: Application time: 0.0384890 seconds
177.752: [GC [PSYoungGen: 7616K->480K(8192K)] 24345K->17257K(26112K), 0.0004330 secs] [Times: user=0.00 sys=0.00, real=0.00 secs] 
177.752: Total time for which application threads were stopped: 0.0005320 seconds, Stopping threads took: 0.0000430 seconds
177.792: Application time: 0.0397740 seconds
177.792: [GC [PSYoungGen: 7648K->448K(8192K)] 24425K->17225K(26112K), 0.0004640 secs] [Times: user=0.00 sys=0.00, real=0.00 secs] 
177.793: Total time for which application threads were stopped: 0.0005730 seconds, Stopping threads took: 0.0000540 seconds
177.832: Application time: 0.0392690 seconds
177.832: [GC [PSYoungGen: 7616K->448K(8192K)] 24393K->17225K(26112K), 0.0004060 secs] [Times: user=0.00 sys=0.00, real=0.00 secs] 
177.832: Total time for which application threads were stopped: 0.0005210 seconds, Stopping threads took: 0.0000550 seconds
177.872: Application time: 0.0392870 seconds
177.872: [GC [PSYoungGen: 7616K->432K(8192K)] 24393K->17209K(26112K), 0.0004810 secs] [Times: user=0.00 sys=0.00, real=0.00 secs] 
177.872: Total time for which application threads were stopped: 0.0005990 seconds, Stopping threads took: 0.0000650 seconds
177.911: Application time: 0.0385380 seconds
177.911: [GC [PSYoungGen: 7600K->528K(8192K)] 24377K->17305K(26112K), 0.0004330 secs] [Times: user=0.00 sys=0.00, real=0.00 secs] 
177.911: Total time for which application threads were stopped: 0.0005310 seconds, Stopping threads took: 0.0000410 seconds
177.951: Application time: 0.0395810 seconds
177.951: [GC [PSYoungGen: 7696K->544K(8192K)] 24473K->17321K(26112K), 0.0004240 secs] [Times: user=0.00 sys=0.00, real=0.00 secs] 
177.951: Total time for which application threads were stopped: 0.0005380 seconds, Stopping threads took: 0.0000550 seconds
177.991: Application time: 0.0393940 seconds
177.991: [GC [PSYoungGen: 7712K->464K(8192K)] 24489K->17241K(26112K), 0.0004800 secs] [Times: user=0.00 sys=0.00, real=0.00 secs] 
177.991: Total time for which application threads were stopped: 0.0005860 seconds, Stopping threads took: 0.0000490 seconds
178.030: Application time: 0.0389310 seconds
178.031: [GC [PSYoungGen: 7632K->512K(8192K)] 24409K->17289K(26112K), 0.0004480 secs] [Times: user=0.00 sys=0.00, real=0.00 secs] 
178.031: Total time for which application threads were stopped: 0.0005590 seconds, Stopping threads took: 0.0000550 seconds
178.070: Application time: 0.0389630 seconds
178.070: [GC [PSYoungGen: 7680K->528K(8192K)] 24457K->17305K(26112K), 0.0004440 secs] [Times: user=0.00 sys=0.00, real=0.00 secs] 
178.070: Total time for which application threads were stopped: 0.0005430 seconds, Stopping threads took: 0.0000430 seconds
178.110: Application time: 0.0392460 seconds
178.110: [GC [PSYoungGen: 7696K->528K(8192K)] 24473K->17305K(26112K), 0.0004470 secs] [Times: user=0.00 sys=0.00, real=0.00 secs] 
178.110: Total time for which application threads were stopped: 0.0005650 seconds, Stopping threads took: 0.0000570 seconds
178.150: Application time: 0.0392160 seconds
178.150: [GC [PSYoungGen: 7696K->480K(8192K)] 24473K->17257K(26112K), 0.0004410 secs] [Times: user=0.00 sys=0.00, real=0.00 secs] 
178.150: Total time for which application threads were stopped: 0.0005540 seconds, Stopping threads took: 0.0000520 seconds
178.190: Application time: 0.0394750 seconds
178.190: [GC [PSYoungGen: 7648K->496K(8192K)] 24425K->17273K(26112K), 0.0004260 secs] [Times: user=0.00 sys=0.00, real=0.00 secs] 
178.190: Total time for which application threads were stopped: 0.0005240 seconds, Stopping threads took: 0.0000440 seconds
178.229: Application time: 0.0393370 seconds
178.229: [GC [PSYoungGen: 7664K->400K(8192K)] 24441K->17265K(26112K), 0.0004140 secs] [Times: user=0.00 sys=0.00, real=0.00 secs] 
178.230: Total time for which application threads were stopped: 0.0005090 seconds, Stopping threads took: 0.0000380 seconds
178.269: Application time: 0.0394180 seconds
178.269: [GC [PSYoungGen: 7568K->352K(8192K)] 24433K->17313K(26112K), 0.0003970 secs] [Times: user=0.00 sys=0.00, real=0.00 secs] 
178.270: Total time for which application threads were stopped: 0.0005050 seconds, Stopping threads took: 0.0000540 seconds
178.309: Application time: 0.0392240 seconds
178.309: [GC [PSYoungGen: 7520K->320K(8192K)] 24481K->17377K(26112K), 0.0004240 secs] [Times: user=0.00 sys=0.00, real=0.00 secs] 
178.310: Total time for which application threads were stopped: 0.0005210 seconds, Stopping threads took: 0.0000430 seconds
178.349: Application time: 0.0394180 seconds
178.349: [GC [PSYoungGen: 7488K->304K(8192K)] 24545K->17425K(26112K), 0.0003850 secs] [Times: user=0.00 sys=0.00, real=0.00 secs] 
178.350: Total time for which application threads were stopped: 0.0004940 seconds, Stopping threads took: 0.0000430 seconds
178.389: Application time: 0.0392260 seconds
178.389: [GC [PSYoungGen: 7472K->272K(8192K)] 24593K->17393K(26112K), 0.0003830 secs] [Times: user=0.00 sys=0.00, real=0.00 secs] 
178.389: Total time for which application threads were stopped: 0.0004810 seconds, Stopping threads took: 0.0000460 seconds
178.427: Application time: 0.0381720 seconds
178.427: [GC [PSYoungGen: 7440K->320K(8192K)] 24561K->17441K(26112K), 0.0004070 secs] [Times: user=0.01 sys=0.00, real=0.00 secs] 
178.428: Total time for which application threads were stopped: 0.0005000 seconds, Stopping threads took: 0.0000360 seconds
178.466: Application time: 0.0378060 seconds
178.466: [GC [PSYoungGen: 7488K->416K(8192K)] 24609K->17537K(26112K), 0.0004310 secs] [Times: user=0.00 sys=0.00, real=0.00 secs] 
178.466: Total time for which application threads were stopped: 0.0005550 seconds, Stopping threads took: 0.0000630 seconds
178.505: Application time: 0.0392280 seconds
178.506: [GC [PSYoungGen: 7584K->384K(8192K)] 24705K->17561K(26112K), 0.0004150 secs] [Times: user=0.00 sys=0.00, real=0.00 secs] 
178.506: Total time for which application threads were stopped: 0.0005260 seconds, Stopping threads took: 0.0000570 seconds
178.545: Application time: 0.0391920 seconds
178.545: [GC [PSYoungGen: 7552K->432K(8192K)] 24729K->17609K(26112K), 0.0004310 secs] [Times: user=0.01 sys=0.00, real=0.00 secs] 
178.546: Total time for which application threads were stopped: 0.0005170 seconds, Stopping threads took: 0.0000310 seconds
178.585: Application time: 0.0392900 seconds
178.585: [GC [PSYoungGen: 7600K->432K(8192K)] 24777K->17609K(26112K), 0.0004040 secs] [Times: user=0.00 sys=0.00, real=0.00 secs] 
178.586: Total time for which application threads were stopped: 0.0005140 seconds, Stopping threads took: 0.0000520 seconds
178.625: Application time: 0.0393160 seconds
178.625: [GC [PSYoungGen: 7600K->448K(8192K)] 24777K->17625K(26112K), 0.0004040 secs] [Times: user=0.00 sys=0.00, real=0.00 secs] 
178.625: Total time for which application threads were stopped: 0.0005040 seconds, Stopping threads took: 0.0000450 seconds
178.665: Application time: 0.0393130 seconds
178.665: [GC [PSYoungGen: 7616K->448K(8192K)] 24793K->17625K(26112K), 0.0004460 secs] [Times: user=0.00 sys=0.00, real=0.00 secs] 
178.665: Total time for which application threads were stopped: 0.0005510 seconds, Stopping threads took: 0.0000510 seconds
178.704: Application time: 0.0390930 seconds
178.704: [GC [PSYoungGen: 7616K->448K(8192K)] 24793K->17625K(26112K), 0.0004820 secs] [Times: user=0.00 sys=0.00, real=0.00 secs] 
178.705: Total time for which application threads were stopped: 0.0005810 seconds, Stopping threads took: 0.0000410 seconds
178.745: Application time: 0.0400470 seconds
178.745: [GC [PSYoungGen: 7616K->496K(8192K)] 24793K->17673K(26112K), 0.0004650 secs] [Times: user=0.00 sys=0.00, real=0.00 secs] 
178.746: Total time for which application threads were stopped: 0.0005780 seconds, Stopping threads took: 0.0000460 seconds
178.785: Application time: 0.0392270 seconds
178.785: [GC [PSYoungGen: 7664K->528K(8192K)] 24841K->17705K(26112K), 0.0004230 secs] [Times: user=0.00 sys=0.00, real=0.00 secs] 
178.785: Total time for which application threads were stopped: 0.0005260 seconds, Stopping threads took: 0.0000500 seconds
178.824: Application time: 0.0391080 seconds
178.824: [GC [PSYoungGen: 7696K->496K(8192K)] 24873K->17673K(26112K), 0.0005310 secs] [Times: user=0.01 sys=0.00, real=0.00 secs] 
178.825: Total time for which application threads were stopped: 0.0006380 seconds, Stopping threads took: 0.0000510 seconds
178.864: Application time: 0.0389300 seconds
178.864: [GC [PSYoungGen: 7664K->496K(8192K)] 24841K->17673K(26112K), 0.0004140 secs] [Times: user=0.00 sys=0.00, real=0.00 secs] 
178.864: Total time for which application threads were stopped: 0.0005440 seconds, Stopping threads took: 0.0000570 seconds
178.904: Application time: 0.0392130 seconds
178.904: [GC [PSYoungGen: 7664K->528K(8192K)] 24841K->17705K(26112K), 0.0004670 secs] [Times: user=0.00 sys=0.00, real=0.00 secs] 
178.904: Total time for which application threads were stopped: 0.0005640 seconds, Stopping threads took: 0.0000430 seconds
178.944: Application time: 0.0392590 seconds
178.944: [GC [PSYoungGen: 7696K->496K(8192K)] 24873K->17673K(26112K), 0.0004420 secs] [Times: user=0.00 sys=0.00, real=0.00 secs] 
178.944: Total time for which application threads were stopped: 0.0005510 seconds, Stopping threads took: 0.0000550 seconds
178.984: Application time: 0.0402110 seconds
178.985: [GC [PSYoungGen: 7664K->496K(8192K)] 24841K->17673K(26112K), 0.0005490 secs] [Times: user=0.00 sys=0.00, real=0.00 secs] 
178.985: Total time for which application threads were stopped: 0.0010220 seconds, Stopping threads took: 0.0004100 seconds
179.025: Application time: 0.0394220 seconds
179.025: [GC [PSYoungGen: 7664K->432K(8192K)] 24841K->17701K(26112K), 0.0004970 secs] [Times: user=0.00 sys=0.00, real=0.00 secs] 
179.025: Total time for which application threads were stopped: 0.0006160 seconds, Stopping threads took: 0.0000610 seconds
179.065: Application time: 0.0393970 seconds
179.065: [GC [PSYoungGen: 7600K->320K(8192K)] 24869K->17693K(26112K), 0.0004090 secs] [Times: user=0.01 sys=0.00, real=0.00 secs] 
179.065: Total time for which application threads were stopped: 0.0005160 seconds, Stopping threads took: 0.0000490 seconds
179.104: Application time: 0.0389840 seconds
179.104: [GC [PSYoungGen: 7488K->272K(8192K)] 24861K->17710K(26112K), 0.0004800 secs] [Times: user=0.01 sys=0.00, real=0.00 secs] 
179.105: Total time for which application threads were stopped: 0.0005920 seconds, Stopping threads took: 0.0000560 seconds
179.145: Application time: 0.0405880 seconds
179.146: [GC [PSYoungGen: 7440K->272K(8192K)] 24878K->17766K(26112K), 0.0004040 secs] [Times: user=0.00 sys=0.00, real=0.00 secs] 
179.146: Total time for which application threads were stopped: 0.0005220 seconds, Stopping threads took: 0.0000540 seconds
179.185: Application time: 0.0388420 seconds
179.185: [GC [PSYoungGen: 7440K->288K(8192K)] 24934K->17782K(26112K), 0.0004220 secs] [Times: user=0.00 sys=0.00, real=0.00 secs] 
179.185: Total time for which application threads were stopped: 0.0005370 seconds, Stopping threads took: 0.0000560 seconds
179.223: Application time: 0.0381030 seconds
179.224: [GC [PSYoungGen: 7456K->384K(8192K)] 24950K->17878K(26112K), 0.0003950 secs] [Times: user=0.00 sys=0.00, real=0.00 secs] 
179.224: Total time for which application threads were stopped: 0.0004930 seconds, Stopping threads took: 0.0000410 seconds
179.262: Application time: 0.0381450 seconds
179.262: [GC [PSYoungGen: 7552K->416K(8192K)] 25046K->17910K(26112K), 0.0004210 secs] [Times: user=0.00 sys=0.00, real=0.00 secs] 
179.263: Total time for which application threads were stopped: 0.0005260 seconds, Stopping threads took: 0.0000490 seconds
179.302: Application time: 0.0390960 seconds
179.302: [GC [PSYoungGen: 7584K->416K(8192K)] 25078K->17958K(26112K), 0.0004180 secs] [Times: user=0.00 sys=0.00, real=0.00 secs] 
179.302: Total time for which application threads were stopped: 0.0005270 seconds, Stopping threads took: 0.0000520 seconds
179.341: Application time: 0.0388170 seconds
179.341: [GC [PSYoungGen: 7584K->496K(8192K)] 25126K->18038K(26112K), 0.0004480 secs] [Times: user=0.00 sys=0.00, real=0.00 secs] 
179.342: Total time for which application threads were stopped: 0.0005580 seconds, Stopping threads took: 0.0000550 seconds
179.381: Application time: 0.0393160 seconds
179.381: [GC [PSYoungGen: 7664K->448K(8192K)] 25206K->17990K(26112K), 0.0004540 secs] [Times: user=0.00 sys=0.00, real=0.00 secs] 
179.382: Total time for which application threads were stopped: 0.0005820 seconds, Stopping threads took: 0.0000660 seconds
179.421: Application time: 0.0392990 seconds
179.421: [GC [PSYoungGen: 7616K->464K(8192K)] 25158K->18006K(26112K), 0.0004240 secs] [Times: user=0.00 sys=0.00, real=0.00 secs] 
179.421: Total time for which application threads were stopped: 0.0005230 seconds, Stopping threads took: 0.0000450 seconds
179.461: Application time: 0.0392600 seconds
179.461: [GC [PSYoungGen: 7632K->448K(8192K)] 25174K->17990K(26112K), 0.0004260 secs] [Times: user=0.00 sys=0.00, real=0.00 secs] 
179.461: Total time for which application threads were stopped: 0.0005220 seconds, Stopping threads took: 0.0000400 seconds
179.500: Application time: 0.0388810 seconds
179.500: [GC [PSYoungGen: 7616K->512K(8192K)] 25158K->18054K(26112K), 0.0004590 secs] [Times: user=0.00 sys=0.00, real=0.00 secs] 
179.501: Total time for which application threads were stopped: 0.0005650 seconds, Stopping threads took: 0.0000510 seconds
179.540: Application time: 0.0393370 seconds
179.540: [GC [PSYoungGen: 7680K->480K(8192K)] 25222K->18022K(26112K), 0.0004420 secs] [Times: user=0.00 sys=0.00, real=0.00 secs] 
179.540: Total time for which application threads were stopped: 0.0005250 seconds, Stopping threads took: 0.0000310 seconds
179.580: Application time: 0.0391710 seconds
179.580: [GC [PSYoungGen: 7648K->512K(8192K)] 25190K->18054K(26112K), 0.0005090 secs] [Times: user=0.00 sys=0.00, real=0.00 secs] 
179.580: Total time for which application threads were stopped: 0.0006010 seconds, Stopping threads took: 0.0000380 seconds
179.619: Application time: 0.0391970 seconds
179.620: [GC [PSYoungGen: 7680K->512K(8192K)] 25222K->18054K(26112K), 0.0004310 secs] [Times: user=0.00 sys=0.00, real=0.00 secs] 
179.620: Total time for which application threads were stopped: 0.0005530 seconds, Stopping threads took: 0.0000690 seconds
179.659: Application time: 0.0391310 seconds
179.659: [GC [PSYoungGen: 7680K->528K(8192K)] 25222K->18070K(26112K), 0.0004530 secs] [Times: user=0.00 sys=0.00, real=0.00 secs] 
179.660: Total time for which application threads were stopped: 0.0005480 seconds, Stopping threads took: 0.0000360 seconds
179.699: Application time: 0.0392440 seconds
179.699: [GC [PSYoungGen: 7696K->480K(8192K)] 25238K->18022K(26112K), 0.0004620 secs] [Times: user=0.01 sys=0.00, real=0.00 secs] 
179.699: Total time for which application threads were stopped: 0.0005710 seconds, Stopping threads took: 0.0000550 seconds
179.739: Application time: 0.0392860 seconds
179.739: [GC [PSYoungGen: 7648K->480K(8192K)] 25190K->18022K(26112K), 0.0005250 secs] [Times: user=0.00 sys=0.00, real=0.00 secs] 
179.739: Total time for which application threads were stopped: 0.0006460 seconds, Stopping threads took: 0.0000600 seconds
179.779: Application time: 0.0392520 seconds
179.779: [GC [PSYoungGen: 7648K->432K(8192K)] 25190K->18014K(26112K), 0.0005010 secs] [Times: user=0.01 sys=0.00, real=0.00 secs] 
179.779: Total time for which application threads were stopped: 0.0006210 seconds, Stopping threads took: 0.0000680 seconds
179.820: Application time: 0.0405070 seconds
179.820: [GC [PSYoungGen: 7600K->352K(8192K)] 25182K->18030K(26112K), 0.0004240 secs] [Times: user=0.01 sys=0.00, real=0.00 secs] 
179.820: Total time for which application threads were stopped: 0.0005480 seconds, Stopping threads took: 0.0000650 seconds
179.860: Application time: 0.0392150 seconds
179.860: [GC [PSYoungGen: 7520K->320K(8192K)] 25198K->18078K(26112K), 0.0003960 secs] [Times: user=0.00 sys=0.00, real=0.00 secs] 
179.860: [Full GC [PSYoungGen: 320K->0K(8192K)] [ParOldGen: 17758K->2026K(17920K)] 18078K->2026K(26112K) [PSPermGen: 6075K->6075K(21504K)], 0.0053960 secs] [Times: user=0.02 sys=0.00, real=0.00 secs] 
179.866: Total time for which application threads were stopped: 0.0059500 seconds, Stopping threads took: 0.0000550 seconds
179.905: Application time: 0.0391250 seconds
179.905: [GC [PSYoungGen: 7168K->256K(8192K)] 9194K->2282K(26112K), 0.0004440 secs] [Times: user=0.00 sys=0.00, real=0.00 secs] 
179.905: Total time for which application threads were stopped: 0.0005750 seconds, Stopping threads took: 0.0000630 seconds
179.945: Application time: 0.0393480 seconds
179.945: [GC [PSYoungGen: 7424K->256K(8192K)] 9450K->2282K(26112K), 0.0003160 secs] [Times: user=0.00 sys=0.00, real=0.00 secs] 
179.945: Total time for which application threads were stopped: 0.0004240 seconds, Stopping threads took: 0.0000550 seconds
179.983: Application time: 0.0381850 seconds
179.983: [GC [PSYoungGen: 7424K->256K(8192K)] 9450K->2282K(26112K), 0.0003370 secs] [Times: user=0.01 sys=0.00, real=0.00 secs] 
179.984: Total time for which application threads were stopped: 0.0004410 seconds, Stopping threads took: 0.0000460 seconds
180.022: Application time: 0.0386760 seconds
180.022: [GC [PSYoungGen: 7424K->288K(8192K)] 9450K->2314K(26112K), 0.0003570 secs] [Times: user=0.00 sys=0.00, real=0.00 secs] 
180.023: Total time for which application threads were stopped: 0.0004530 seconds, Stopping threads took: 0.0000430 seconds
180.061: Application time: 0.0380410 seconds
180.061: [GC [PSYoungGen: 7456K->352K(8192K)] 9482K->2378K(26112K), 0.0003760 secs] [Times: user=0.00 sys=0.00, real=0.00 secs] 
180.061: Total time for which application threads were stopped: 0.0005090 seconds, Stopping threads took: 0.0000770 seconds
180.100: Application time: 0.0388640 seconds
180.100: [GC [PSYoungGen: 7520K->432K(8192K)] 9546K->2458K(26112K), 0.0004760 secs] [Times: user=0.00 sys=0.00, real=0.00 secs] 
180.101: Total time for which application threads were stopped: 0.0005940 seconds, Stopping threads took: 0.0000580 seconds
180.140: Application time: 0.0392420 seconds
180.140: [GC [PSYoungGen: 7600K->480K(8192K)] 9626K->2506K(26112K), 0.0003980 secs] [Times: user=0.00 sys=0.00, real=0.00 secs] 
180.141: Total time for which application threads were stopped: 0.0005020 seconds, Stopping threads took: 0.0000460 seconds
180.180: Application time: 0.0392460 seconds
180.180: [GC [PSYoungGen: 7648K->512K(8192K)] 9674K->2538K(26112K), 0.0004620 secs] [Times: user=0.00 sys=0.00, real=0.00 secs] 
180.180: Total time for which application threads were stopped: 0.0005740 seconds, Stopping threads took: 0.0000550 seconds
180.220: Application time: 0.0393490 seconds
180.221: [GC [PSYoungGen: 7680K->464K(8192K)] 9706K->2490K(26112K), 0.0004180 secs] [Times: user=0.01 sys=0.00, real=0.00 secs] 
180.221: Total time for which application threads were stopped: 0.0014900 seconds, Stopping threads took: 0.0010180 seconds
180.260: Application time: 0.0392730 seconds
180.261: [GC [PSYoungGen: 7632K->448K(8192K)] 9658K->2474K(26112K), 0.0003990 secs] [Times: user=0.00 sys=0.00, real=0.00 secs] 
180.261: Total time for which application threads were stopped: 0.0005290 seconds, Stopping threads took: 0.0000750 seconds
180.300: Application time: 0.0389170 seconds
180.300: [GC [PSYoungGen: 7616K->544K(8192K)] 9642K->2570K(26112K), 0.0003950 secs] [Times: user=0.00 sys=0.00, real=0.00 secs] 
180.300: Total time for which application threads were stopped: 0.0005080 seconds, Stopping threads took: 0.0000580 seconds
180.340: Application time: 0.0392630 seconds
180.340: [GC [PSYoungGen: 7712K->512K(8192K)] 9738K->2538K(26112K), 0.0004560 secs] [Times: user=0.00 sys=0.00, real=0.00 secs] 
180.340: Total time for which application threads were stopped: 0.0005610 seconds, Stopping threads took: 0.0000530 seconds
180.380: Application time: 0.0392860 seconds
180.381: [GC [PSYoungGen: 7680K->528K(8192K)] 9706K->2554K(26112K), 0.0004780 secs] [Times: user=0.00 sys=0.00, real=0.00 secs] 
180.381: Total time for which application threads were stopped: 0.0017300 seconds, Stopping threads took: 0.0011980 seconds
180.420: Application time: 0.0392150 seconds
180.421: [GC [PSYoungGen: 7696K->496K(8192K)] 9722K->2522K(26112K), 0.0004000 secs] [Times: user=0.00 sys=0.00, real=0.00 secs] 
180.421: Total time for which application threads were stopped: 0.0005350 seconds, Stopping threads took: 0.0000710 seconds
180.460: Application time: 0.0389320 seconds
180.460: [GC [PSYoungGen: 7664K->544K(8192K)] 9690K->2570K(26112K), 0.0004080 secs] [Times: user=0.01 sys=0.00, real=0.00 secs] 
180.460: Total time for which application threads were stopped: 0.0005180 seconds, Stopping threads took: 0.0000560 seconds
180.501: Application time: 0.0400500 seconds
180.501: [GC [PSYoungGen: 7712K->496K(8192K)] 9738K->2538K(26112K), 0.0004600 secs] [Times: user=0.00 sys=0.00, real=0.00 secs] 
180.501: Total time for which application threads were stopped: 0.0005770 seconds, Stopping threads took: 0.0000570 seconds
180.540: Application time: 0.0393880 seconds
180.541: [GC [PSYoungGen: 7664K->480K(8192K)] 9706K->2522K(26112K), 0.0004360 secs] [Times: user=0.00 sys=0.00, real=0.00 secs] 
180.541: Total time for which application threads were stopped: 0.0005340 seconds, Stopping threads took: 0.0000440 seconds
180.581: Application time: 0.0402230 seconds
180.585: [GC [PSYoungGen: 7648K->480K(8192K)] 9690K->2578K(26112K), 0.0004440 secs] [Times: user=0.01 sys=0.00, real=0.00 secs] 
180.585: Total time for which application threads were stopped: 0.0039690 seconds, Stopping threads took: 0.0034720 seconds
180.624: Application time: 0.0392870 seconds
180.625: [GC [PSYoungGen: 7648K->432K(8192K)] 9746K->2626K(26112K), 0.0004030 secs] [Times: user=0.00 sys=0.00, real=0.00 secs] 
180.625: Total time for which application threads were stopped: 0.0005150 seconds, Stopping threads took: 0.0000570 seconds
180.666: Application time: 0.0408000 seconds
180.666: [GC [PSYoungGen: 7600K->336K(8192K)] 9794K->2610K(26112K), 0.0003970 secs] [Times: user=0.00 sys=0.00, real=0.00 secs] 
180.666: Total time for which application threads were stopped: 0.0005260 seconds, Stopping threads took: 0.0000720 seconds
180.706: Application time: 0.0397820 seconds
180.706: [GC [PSYoungGen: 7504K->288K(8192K)] 9778K->2642K(26112K), 0.0004370 secs] [Times: user=0.00 sys=0.00, real=0.00 secs] 
180.707: Total time for which application threads were stopped: 0.0008270 seconds, Stopping threads took: 0.0003130 seconds
180.746: Application time: 0.0392890 seconds
180.746: [GC [PSYoungGen: 7456K->304K(8192K)] 9810K->2674K(26112K), 0.0003730 secs] [Times: user=0.00 sys=0.00, real=0.00 secs] 
180.747: Total time for which application threads were stopped: 0.0004880 seconds, Stopping threads took: 0.0000570 seconds
180.785: Application time: 0.0382640 seconds
180.785: [GC [PSYoungGen: 7462K->352K(8192K)] 9833K->2722K(26112K), 0.0004050 secs] [Times: user=0.00 sys=0.00, real=0.00 secs] 
180.786: Total time for which application threads were stopped: 0.0005200 seconds, Stopping threads took: 0.0000560 seconds
180.824: Application time: 0.0382560 seconds
180.824: [GC [PSYoungGen: 7520K->384K(8192K)] 9890K->2754K(26112K), 0.0003900 secs] [Times: user=0.01 sys=0.00, real=0.00 secs] 
180.824: Total time for which application threads were stopped: 0.0005120 seconds, Stopping threads took: 0.0000660 seconds
180.863: Application time: 0.0388820 seconds
180.863: [GC [PSYoungGen: 7552K->432K(8192K)] 9922K->2802K(26112K), 0.0003880 secs] [Times: user=0.00 sys=0.00, real=0.00 secs] 
180.864: Total time for which application threads were stopped: 0.0005020 seconds, Stopping threads took: 0.0000600 seconds
180.902: Application time: 0.0386020 seconds
180.905: [GC [PSYoungGen: 7600K->448K(8192K)] 9970K->2875K(26112K), 0.0004210 secs] [Times: user=0.00 sys=0.00, real=0.00 secs] 
180.905: Total time for which application threads were stopped: 0.0029010 seconds, Stopping threads took: 0.0024250 seconds
180.944: Application time: 0.0388820 seconds
180.944: [GC [PSYoungGen: 7616K->448K(8192K)] 10043K->2875K(26112K), 0.0003960 secs] [Times: user=0.00 sys=0.00, real=0.00 secs] 
180.945: Total time for which application threads were stopped: 0.0005180 seconds, Stopping threads took: 0.0000570 seconds
180.984: Application time: 0.0393580 seconds
180.984: [GC [PSYoungGen: 7616K->464K(8192K)] 10043K->2890K(26112K), 0.0003960 secs] [Times: user=0.01 sys=0.00, real=0.00 secs] 
180.984: Total time for which application threads were stopped: 0.0004950 seconds, Stopping threads took: 0.0000410 seconds
181.024: Application time: 0.0393040 seconds
181.024: [GC [PSYoungGen: 7632K->464K(8192K)] 10058K->2890K(26112K), 0.0003820 secs] [Times: user=0.00 sys=0.00, real=0.00 secs] 
181.024: Total time for which application threads were stopped: 0.0004930 seconds, Stopping threads took: 0.0000570 seconds
181.064: Application time: 0.0394180 seconds
181.064: [GC [PSYoungGen: 7632K->464K(8192K)] 10058K->2890K(26112K), 0.0004170 secs] [Times: user=0.00 sys=0.00, real=0.00 secs] 
181.064: Total time for which application threads were stopped: 0.0005150 seconds, Stopping threads took: 0.0000460 seconds
181.103: Application time: 0.0388780 seconds
181.103: [GC [PSYoungGen: 7632K->512K(8192K)] 10058K->2939K(26112K), 0.0003950 secs] [Times: user=0.00 sys=0.00, real=0.00 secs] 
181.104: Total time for which application threads were stopped: 0.0004960 seconds, Stopping threads took: 0.0000480 seconds
181.143: Application time: 0.0392500 seconds
181.143: [GC [PSYoungGen: 7680K->512K(8192K)] 10107K->2939K(26112K), 0.0004450 secs] [Times: user=0.00 sys=0.00, real=0.00 secs] 
181.146: Total time for which application threads were stopped: 0.0032400 seconds, Stopping threads took: 0.0000520 seconds
181.185: Application time: 0.0391970 seconds
181.185: [GC [PSYoungGen: 7680K->528K(8192K)] 10107K->2955K(26112K), 0.0004410 secs] [Times: user=0.00 sys=0.00, real=0.00 secs] 
181.186: Total time for which application threads were stopped: 0.0005480 seconds, Stopping threads took: 0.0000480 seconds
181.225: Application time: 0.0392720 seconds
181.225: [GC [PSYoungGen: 7696K->496K(8192K)] 10123K->2923K(26112K), 0.0004450 secs] [Times: user=0.00 sys=0.00, real=0.00 secs] 
181.226: Total time for which application threads were stopped: 0.0005740 seconds, Stopping threads took: 0.0000710 seconds
181.265: Application time: 0.0393230 seconds
181.265: [GC [PSYoungGen: 7664K->528K(8192K)] 10091K->2955K(26112K), 0.0004090 secs] [Times: user=0.00 sys=0.00, real=0.00 secs] 
181.265: Total time for which application threads were stopped: 0.0005190 seconds, Stopping threads took: 0.0000520 seconds
181.305: Application time: 0.0392600 seconds
181.305: [GC [PSYoungGen: 7696K->480K(8192K)] 10123K->2907K(26112K), 0.0004010 secs] [Times: user=0.01 sys=0.00, real=0.00 secs] 
181.305: Total time for which application threads were stopped: 0.0005100 seconds, Stopping threads took: 0.0000530 seconds
181.345: Application time: 0.0393420 seconds
181.345: [GC [PSYoungGen: 7648K->512K(8192K)] 10075K->2939K(26112K), 0.0004720 secs] [Times: user=0.00 sys=0.00, real=0.00 secs] 
181.345: Total time for which application threads were stopped: 0.0005790 seconds, Stopping threads took: 0.0000490 seconds
181.384: Application time: 0.0393160 seconds
181.385: [GC [PSYoungGen: 7680K->432K(8192K)] 10107K->2931K(26112K), 0.0004110 secs] [Times: user=0.00 sys=0.00, real=0.00 secs] 
181.385: Total time for which application threads were stopped: 0.0005070 seconds, Stopping threads took: 0.0000420 seconds
181.424: Application time: 0.0392800 seconds
181.424: [GC [PSYoungGen: 7600K->336K(8192K)] 10099K->2915K(26112K), 0.0004030 secs] [Times: user=0.00 sys=0.00, real=0.00 secs] 
181.425: Total time for which application threads were stopped: 0.0004910 seconds, Stopping threads took: 0.0000310 seconds
181.464: Application time: 0.0393390 seconds
181.464: [GC [PSYoungGen: 7504K->320K(8192K)] 10083K->2947K(26112K), 0.0004190 secs] [Times: user=0.00 sys=0.00, real=0.00 secs] 
181.465: Total time for which application threads were stopped: 0.0005230 seconds, Stopping threads took: 0.0000420 seconds
181.504: Application time: 0.0392650 seconds
181.504: [GC [PSYoungGen: 7488K->320K(8192K)] 10115K->2995K(26112K), 0.0003770 secs] [Times: user=0.00 sys=0.00, real=0.00 secs] 
181.504: Total time for which application threads were stopped: 0.0004720 seconds, Stopping threads took: 0.0000420 seconds
181.544: Application time: 0.0393260 seconds
181.544: [GC [PSYoungGen: 7488K->224K(8192K)] 10163K->2947K(26112K), 0.0004680 secs] [Times: user=0.00 sys=0.00, real=0.00 secs] 
181.544: Total time for which application threads were stopped: 0.0005800 seconds, Stopping threads took: 0.0000540 seconds
181.582: Application time: 0.0377040 seconds
181.582: [GC [PSYoungGen: 7392K->352K(8192K)] 10115K->3075K(26112K), 0.0003760 secs] [Times: user=0.00 sys=0.00, real=0.00 secs] 
181.582: Total time for which application threads were stopped: 0.0004940 seconds, Stopping threads took: 0.0000560 seconds
181.621: Application time: 0.0380660 seconds
181.621: [GC [PSYoungGen: 7520K->448K(8192K)] 10243K->3171K(26112K), 0.0003920 secs] [Times: user=0.00 sys=0.00, real=0.00 secs] 
181.621: Total time for which application threads were stopped: 0.0005140 seconds, Stopping threads took: 0.0000640 seconds
181.660: Application time: 0.0394210 seconds
181.661: [GC [PSYoungGen: 7616K->464K(8192K)] 10339K->3187K(26112K), 0.0003970 secs] [Times: user=0.00 sys=0.00, real=0.00 secs] 
181.661: Total time for which application threads were stopped: 0.0005130 seconds, Stopping threads took: 0.0000610 seconds
181.700: Application time: 0.0386750 seconds
181.700: [GC [PSYoungGen: 7632K->400K(8192K)] 10355K->3171K(26112K), 0.0003930 secs] [Times: user=0.00 sys=0.00, real=0.00 secs] 
181.700: Total time for which application threads were stopped: 0.0004910 seconds, Stopping threads took: 0.0000460 seconds
181.739: Application time: 0.0392120 seconds
181.740: [GC [PSYoungGen: 7568K->480K(8192K)] 10339K->3251K(26112K), 0.0004580 secs] [Times: user=0.00 sys=0.00, real=0.00 secs] 
181.740: Total time for which application threads were stopped: 0.0005900 seconds, Stopping threads took: 0.0000690 seconds
181.779: Application time: 0.0393880 seconds
181.781: [GC [PSYoungGen: 7648K->400K(8192K)] 10419K->3171K(26112K), 0.0004350 secs] [Times: user=0.00 sys=0.00, real=0.00 secs] 
181.781: Total time for which application threads were stopped: 0.0018320 seconds, Stopping threads took: 0.0013430 seconds
181.821: Application time: 0.0396390 seconds
181.821: [GC [PSYoungGen: 7568K->496K(8192K)] 10339K->3267K(26112K), 0.0004090 secs] [Times: user=0.00 sys=0.00, real=0.00 secs] 
181.821: Total time for which application threads were stopped: 0.0005120 seconds, Stopping threads took: 0.0000480 seconds
181.861: Application time: 0.0392750 seconds
181.861: [GC [PSYoungGen: 7664K->464K(8192K)] 10435K->3235K(26112K), 0.0003900 secs] [Times: user=0.00 sys=0.00, real=0.00 secs] 
181.861: Total time for which application threads were stopped: 0.0005060 seconds, Stopping threads took: 0.0000580 seconds
181.900: Application time: 0.0385890 seconds
181.900: [GC [PSYoungGen: 7632K->496K(8192K)] 10403K->3267K(26112K), 0.0004650 secs] [Times: user=0.00 sys=0.00, real=0.00 secs] 
181.900: Total time for which application threads were stopped: 0.0005970 seconds, Stopping threads took: 0.0000740 seconds
181.940: Application time: 0.0392830 seconds
181.940: [GC [PSYoungGen: 7664K->544K(8192K)] 10435K->3315K(26112K), 0.0004040 secs] [Times: user=0.00 sys=0.00, real=0.00 secs] 
181.940: Total time for which application threads were stopped: 0.0005190 seconds, Stopping threads took: 0.0000570 seconds
181.979: Application time: 0.0390500 seconds
181.979: [GC [PSYoungGen: 7712K->528K(8192K)] 10483K->3299K(26112K), 0.0004190 secs] [Times: user=0.00 sys=0.00, real=0.00 secs] 
181.980: Total time for which application threads were stopped: 0.0005450 seconds, Stopping threads took: 0.0000580 seconds
182.020: Application time: 0.0402420 seconds
182.020: [GC [PSYoungGen: 7696K->496K(8192K)] 10467K->3267K(26112K), 0.0004480 secs] [Times: user=0.00 sys=0.00, real=0.00 secs] 
182.021: Total time for which application threads were stopped: 0.0005640 seconds, Stopping threads took: 0.0000530 seconds
182.060: Application time: 0.0392060 seconds
182.060: [GC [PSYoungGen: 7664K->464K(8192K)] 10435K->3235K(26112K), 0.0004550 secs] [Times: user=0.00 sys=0.00, real=0.00 secs] 
182.060: Total time for which application threads were stopped: 0.0005570 seconds, Stopping threads took: 0.0000430 seconds
182.099: Application time: 0.0391410 seconds
182.100: [GC [PSYoungGen: 7632K->512K(8192K)] 10403K->3283K(26112K), 0.0004040 secs] [Times: user=0.00 sys=0.00, real=0.00 secs] 
182.100: Total time for which application threads were stopped: 0.0005190 seconds, Stopping threads took: 0.0000550 seconds
182.139: Application time: 0.0391520 seconds
182.141: [GC [PSYoungGen: 7680K->512K(8192K)] 10451K->3283K(26112K), 0.0004650 secs] [Times: user=0.01 sys=0.00, real=0.00 secs] 
182.141: Total time for which application threads were stopped: 0.0021090 seconds, Stopping threads took: 0.0015830 seconds
182.181: Application time: 0.0401900 seconds
182.185: [GC [PSYoungGen: 7680K->368K(8192K)] 10451K->3247K(26112K), 0.0005300 secs] [Times: user=0.00 sys=0.00, real=0.00 secs] 
182.186: Total time for which application threads were stopped: 0.0040770 seconds, Stopping threads took: 0.0034890 seconds
182.225: Application time: 0.0396590 seconds
182.229: [GC [PSYoungGen: 7536K->304K(8192K)] 10415K->3263K(26112K), 0.0004480 secs] [Times: user=0.00 sys=0.00, real=0.00 secs] 
182.229: Total time for which application threads were stopped: 0.0041240 seconds, Stopping threads took: 0.0036170 seconds
182.269: Application time: 0.0393030 seconds
182.269: [GC [PSYoungGen: 7472K->352K(8192K)] 10431K->3311K(26112K), 0.0003950 secs] [Times: user=0.00 sys=0.00, real=0.00 secs] 
182.269: Total time for which application threads were stopped: 0.0005340 seconds, Stopping threads took: 0.0000850 seconds
182.308: Application time: 0.0391560 seconds
182.308: [GC [PSYoungGen: 7520K->288K(8192K)] 10479K->3295K(26112K), 0.0003800 secs] [Times: user=0.00 sys=0.00, real=0.01 secs] 
182.309: Total time for which application threads were stopped: 0.0004860 seconds, Stopping threads took: 0.0000550 seconds
182.347: Application time: 0.0382360 seconds
182.347: [GC [PSYoungGen: 7456K->288K(8192K)] 10463K->3343K(26112K), 0.0003680 secs] [Times: user=0.01 sys=0.00, real=0.00 secs] 
182.347: Total time for which application threads were stopped: 0.0004650 seconds, Stopping threads took: 0.0000430 seconds
182.386: Application time: 0.0387980 seconds
182.389: [GC [PSYoungGen: 7456K->384K(8192K)] 10511K->3439K(26112K), 0.0004320 secs] [Times: user=0.00 sys=0.00, real=0.00 secs] 
182.389: Total time for which application threads were stopped: 0.0029220 seconds, Stopping threads took: 0.0024320 seconds
182.427: Application time: 0.0379490 seconds
182.427: [GC [PSYoungGen: 7552K->416K(8192K)] 10607K->3471K(26112K), 0.0003920 secs] [Times: user=0.00 sys=0.00, real=0.00 secs] 
182.428: Total time for which application threads were stopped: 0.0004940 seconds, Stopping threads took: 0.0000470 seconds
182.467: Application time: 0.0393070 seconds
182.467: [GC [PSYoungGen: 7584K->448K(8192K)] 10639K->3511K(26112K), 0.0003880 secs] [Times: user=0.00 sys=0.00, real=0.00 secs] 
182.467: Total time for which application threads were stopped: 0.0005010 seconds, Stopping threads took: 0.0000570 seconds
182.506: Application time: 0.0386460 seconds
182.506: [GC [PSYoungGen: 7616K->480K(8192K)] 10679K->3591K(26112K), 0.0004120 secs] [Times: user=0.00 sys=0.00, real=0.00 secs] 
182.507: Total time for which application threads were stopped: 0.0005380 seconds, Stopping threads took: 0.0000600 seconds
182.546: Application time: 0.0392960 seconds
182.546: [GC [PSYoungGen: 7648K->480K(8192K)] 10759K->3591K(26112K), 0.0004010 secs] [Times: user=0.01 sys=0.00, real=0.00 secs] 
182.546: Total time for which application threads were stopped: 0.0005100 seconds, Stopping threads took: 0.0000530 seconds
182.586: Application time: 0.0395840 seconds
182.586: [GC [PSYoungGen: 7648K->448K(8192K)] 10759K->3559K(26112K), 0.0004290 secs] [Times: user=0.00 sys=0.00, real=0.00 secs] 
182.587: Total time for which application threads were stopped: 0.0005410 seconds, Stopping threads took: 0.0000510 seconds
182.626: Application time: 0.0392750 seconds
182.626: [GC [PSYoungGen: 7616K->448K(8192K)] 10727K->3559K(26112K), 0.0004320 secs] [Times: user=0.00 sys=0.00, real=0.00 secs] 
182.626: Total time for which application threads were stopped: 0.0005430 seconds, Stopping threads took: 0.0000580 seconds
182.666: Application time: 0.0393420 seconds
182.669: [GC [PSYoungGen: 7616K->432K(8192K)] 10727K->3543K(26112K), 0.0003990 secs] [Times: user=0.01 sys=0.00, real=0.00 secs] 
182.669: Total time for which application threads were stopped: 0.0034150 seconds, Stopping threads took: 0.0029590 seconds
182.708: Application time: 0.0391400 seconds
182.708: [GC [PSYoungGen: 7600K->512K(8192K)] 10711K->3623K(26112K), 0.0004770 secs] [Times: user=0.00 sys=0.00, real=0.01 secs] 
182.709: Total time for which application threads were stopped: 0.0006150 seconds, Stopping threads took: 0.0000710 seconds
182.748: Application time: 0.0391690 seconds
182.748: [GC [PSYoungGen: 7680K->496K(8192K)] 10791K->3607K(26112K), 0.0004130 secs] [Times: user=0.00 sys=0.00, real=0.00 secs] 
182.749: Total time for which application threads were stopped: 0.0005240 seconds, Stopping threads took: 0.0000550 seconds
182.788: Application time: 0.0391240 seconds
182.788: [GC [PSYoungGen: 7664K->496K(8192K)] 10775K->3607K(26112K), 0.0003950 secs] [Times: user=0.00 sys=0.00, real=0.00 secs] 
182.788: Total time for which application threads were stopped: 0.0005040 seconds, Stopping threads took: 0.0000550 seconds
182.827: Application time: 0.0392250 seconds
182.828: [GC [PSYoungGen: 7664K->464K(8192K)] 10775K->3575K(26112K), 0.0003930 secs] [Times: user=0.00 sys=0.00, real=0.00 secs] 
182.828: Total time for which application threads were stopped: 0.0005020 seconds, Stopping threads took: 0.0000550 seconds
182.867: Application time: 0.0392000 seconds
182.867: [GC [PSYoungGen: 7632K->512K(8192K)] 10743K->3623K(26112K), 0.0003990 secs] [Times: user=0.00 sys=0.00, real=0.00 secs] 
182.868: Total time for which application threads were stopped: 0.0005060 seconds, Stopping threads took: 0.0000510 seconds
182.907: Application time: 0.0392750 seconds
182.907: [GC [PSYoungGen: 7680K->512K(8192K)] 10791K->3623K(26112K), 0.0004530 secs] [Times: user=0.01 sys=0.00, real=0.00 secs] 
182.908: Total time for which application threads were stopped: 0.0005660 seconds, Stopping threads took: 0.0000570 seconds
182.947: Application time: 0.0394900 seconds
182.947: [GC [PSYoungGen: 7680K->448K(8192K)] 10791K->3607K(26112K), 0.0003990 secs] [Times: user=0.00 sys=0.00, real=0.00 secs] 
182.948: Total time for which application threads were stopped: 0.0005010 seconds, Stopping threads took: 0.0000450 seconds
182.987: Application time: 0.0392210 seconds
182.987: [GC [PSYoungGen: 7616K->352K(8192K)] 10775K->3591K(26112K), 0.0004070 secs] [Times: user=0.00 sys=0.00, real=0.00 secs] 
182.987: Total time for which application threads were stopped: 0.0005070 seconds, Stopping threads took: 0.0000460 seconds
183.027: Application time: 0.0392480 seconds
183.027: [GC [PSYoungGen: 7520K->304K(8192K)] 10759K->3623K(26112K), 0.0003640 secs] [Times: user=0.00 sys=0.00, real=0.00 secs] 
183.027: Total time for which application threads were stopped: 0.0004820 seconds, Stopping threads took: 0.0000530 seconds
183.066: Application time: 0.0392700 seconds
183.066: [GC [PSYoungGen: 7472K->288K(8192K)] 10791K->3607K(26112K), 0.0004230 secs] [Times: user=0.00 sys=0.00, real=0.00 secs] 
183.067: Total time for which application threads were stopped: 0.0005180 seconds, Stopping threads took: 0.0000370 seconds
183.106: Application time: 0.0394080 seconds
183.106: [GC [PSYoungGen: 7456K->304K(8192K)] 10775K->3715K(26112K), 0.0003890 secs] [Times: user=0.00 sys=0.00, real=0.00 secs] 
183.107: Total time for which application threads were stopped: 0.0005080 seconds, Stopping threads took: 0.0000640 seconds
183.145: Application time: 0.0386280 seconds
183.145: [GC [PSYoungGen: 7472K->272K(8192K)] 10883K->3683K(26112K), 0.0003640 secs] [Times: user=0.00 sys=0.00, real=0.00 secs] 
183.146: Total time for which application threads were stopped: 0.0004870 seconds, Stopping threads took: 0.0000660 seconds
183.184: Application time: 0.0384780 seconds
183.184: [GC [PSYoungGen: 7440K->320K(8192K)] 10851K->3731K(26112K), 0.0003750 secs] [Times: user=0.00 sys=0.00, real=0.00 secs] 
183.185: Total time for which application threads were stopped: 0.0004850 seconds, Stopping threads took: 0.0000520 seconds
183.224: Application time: 0.0391300 seconds
183.224: [GC [PSYoungGen: 7488K->432K(8192K)] 10899K->3843K(26112K), 0.0004400 secs] [Times: user=0.00 sys=0.00, real=0.00 secs] 
183.224: Total time for which application threads were stopped: 0.0005510 seconds, Stopping threads took: 0.0000460 seconds
183.264: Application time: 0.0391290 seconds
183.264: [GC [PSYoungGen: 7600K->432K(8192K)] 11011K->3843K(26112K), 0.0003990 secs] [Times: user=0.01 sys=0.00, real=0.00 secs] 
183.264: Total time for which application threads were stopped: 0.0005090 seconds, Stopping threads took: 0.0000540 seconds
183.302: Application time: 0.0382180 seconds
183.302: [GC [PSYoungGen: 7600K->512K(8192K)] 11011K->3971K(26112K), 0.0004100 secs] [Times: user=0.00 sys=0.00, real=0.00 secs] 
183.303: Total time for which application threads were stopped: 0.0005080 seconds, Stopping threads took: 0.0000420 seconds
183.342: Application time: 0.0395930 seconds
183.343: [GC [PSYoungGen: 7680K->480K(8192K)] 11139K->3939K(26112K), 0.0004070 secs] [Times: user=0.00 sys=0.00, real=0.00 secs] 
183.343: Total time for which application threads were stopped: 0.0005140 seconds, Stopping threads took: 0.0000520 seconds
183.383: Application time: 0.0396800 seconds
183.383: [GC [PSYoungGen: 7648K->416K(8192K)] 11107K->3875K(26112K), 0.0003930 secs] [Times: user=0.00 sys=0.00, real=0.00 secs] 
183.383: Total time for which application threads were stopped: 0.0004870 seconds, Stopping threads took: 0.0000390 seconds
183.423: Application time: 0.0394580 seconds
183.423: [GC [PSYoungGen: 7584K->464K(8192K)] 11043K->3923K(26112K), 0.0003900 secs] [Times: user=0.00 sys=0.00, real=0.00 secs] 
183.423: Total time for which application threads were stopped: 0.0005000 seconds, Stopping threads took: 0.0000530 seconds
183.461: Application time: 0.0382960 seconds
183.461: [GC [PSYoungGen: 7632K->464K(8192K)] 11091K->3923K(26112K), 0.0005130 secs] [Times: user=0.00 sys=0.00, real=0.00 secs] 
183.462: Total time for which application threads were stopped: 0.0006240 seconds, Stopping threads took: 0.0000550 seconds
183.502: Application time: 0.0396500 seconds
183.502: [GC [PSYoungGen: 7632K->528K(8192K)] 11091K->3987K(26112K), 0.0004050 secs] [Times: user=0.00 sys=0.00, real=0.00 secs] 
183.502: Total time for which application threads were stopped: 0.0005100 seconds, Stopping threads took: 0.0000550 seconds
183.542: Application time: 0.0398840 seconds
183.542: [GC [PSYoungGen: 7696K->480K(8192K)] 11155K->3939K(26112K), 0.0004490 secs] [Times: user=0.01 sys=0.00, real=0.00 secs] 
183.543: Total time for which application threads were stopped: 0.0005670 seconds, Stopping threads took: 0.0000480 seconds
183.582: Application time: 0.0394580 seconds
183.582: [GC [PSYoungGen: 7648K->496K(8192K)] 11107K->3955K(26112K), 0.0004120 secs] [Times: user=0.00 sys=0.00, real=0.00 secs] 
183.583: Total time for which application threads were stopped: 0.0005260 seconds, Stopping threads took: 0.0000560 seconds
183.622: Application time: 0.0391570 seconds
183.622: [GC [PSYoungGen: 7664K->480K(8192K)] 11123K->3939K(26112K), 0.0005040 secs] [Times: user=0.01 sys=0.00, real=0.00 secs] 
183.622: Total time for which application threads were stopped: 0.0006130 seconds, Stopping threads took: 0.0000500 seconds
183.662: Application time: 0.0401040 seconds
183.663: [GC [PSYoungGen: 7648K->496K(8192K)] 11107K->3955K(26112K), 0.0004660 secs] [Times: user=0.00 sys=0.00, real=0.00 secs] 
183.663: Total time for which application threads were stopped: 0.0005820 seconds, Stopping threads took: 0.0000520 seconds
183.703: Application time: 0.0401330 seconds
183.703: [GC [PSYoungGen: 7664K->496K(8192K)] 11123K->3955K(26112K), 0.0004200 secs] [Times: user=0.00 sys=0.00, real=0.00 secs] 
183.704: Total time for which application threads were stopped: 0.0005410 seconds, Stopping threads took: 0.0000650 seconds
183.743: Application time: 0.0393580 seconds
183.745: [GC [PSYoungGen: 7664K->448K(8192K)] 11123K->3947K(26112K), 0.0004830 secs] [Times: user=0.00 sys=0.00, real=0.00 secs] 
183.745: Total time for which application threads were stopped: 0.0021750 seconds, Stopping threads took: 0.0016250 seconds
183.785: Application time: 0.0393220 seconds
183.785: [GC [PSYoungGen: 7616K->400K(8192K)] 11115K->3987K(26112K), 0.0004440 secs] [Times: user=0.00 sys=0.00, real=0.00 secs] 
183.785: Total time for which application threads were stopped: 0.0005630 seconds, Stopping threads took: 0.0000560 seconds
183.824: Application time: 0.0392680 seconds
183.825: [GC [PSYoungGen: 7568K->304K(8192K)] 11155K->3971K(26112K), 0.0003960 secs] [Times: user=0.00 sys=0.00, real=0.00 secs] 
183.825: Total time for which application threads were stopped: 0.0005050 seconds, Stopping threads took: 0.0000510 seconds
183.864: Application time: 0.0391930 seconds
183.864: [GC [PSYoungGen: 7472K->288K(8192K)] 11139K->4003K(26112K), 0.0003600 secs] [Times: user=0.00 sys=0.00, real=0.00 secs] 
183.865: Total time for which application threads were stopped: 0.0004710 seconds, Stopping threads took: 0.0000550 seconds
183.904: Application time: 0.0391510 seconds
183.904: [GC [PSYoungGen: 7456K->272K(8192K)] 11171K->4035K(26112K), 0.0003680 secs] [Times: user=0.00 sys=0.00, real=0.00 secs] 
183.904: Total time for which application threads were stopped: 0.0004780 seconds, Stopping threads took: 0.0000550 seconds
183.943: Application time: 0.0385120 seconds
183.943: [GC [PSYoungGen: 7440K->304K(8192K)] 11203K->4067K(26112K), 0.0003650 secs] [Times: user=0.00 sys=0.00, real=0.00 secs] 
183.943: Total time for which application threads were stopped: 0.0004710 seconds, Stopping threads took: 0.0000520 seconds
183.981: Application time: 0.0381970 seconds
183.982: [GC [PSYoungGen: 7472K->384K(8192K)] 11235K->4148K(26112K), 0.0003840 secs] [Times: user=0.00 sys=0.00, real=0.00 secs] 
183.982: Total time for which application threads were stopped: 0.0004960 seconds, Stopping threads took: 0.0000560 seconds
184.021: Application time: 0.0388190 seconds
184.021: [GC [PSYoungGen: 7552K->432K(8192K)] 11316K->4196K(26112K), 0.0003860 secs] [Times: user=0.01 sys=0.00, real=0.00 secs] 
184.021: Total time for which application threads were stopped: 0.0004960 seconds, Stopping threads took: 0.0000550 seconds
184.060: Application time: 0.0386170 seconds
184.060: [GC [PSYoungGen: 7600K->464K(8192K)] 11364K->4276K(26112K), 0.0004440 secs] [Times: user=0.00 sys=0.00, real=0.00 secs] 
184.060: Total time for which application threads were stopped: 0.0005640 seconds, Stopping threads took: 0.0000540 seconds
184.099: Application time: 0.0390630 seconds
184.100: [GC [PSYoungGen: 7632K->448K(8192K)] 11444K->4260K(26112K), 0.0004080 secs] [Times: user=0.00 sys=0.00, real=0.00 secs] 
184.100: Total time for which application threads were stopped: 0.0005330 seconds, Stopping threads took: 0.0000700 seconds
184.139: Application time: 0.0393720 seconds
184.139: [GC [PSYoungGen: 7616K->480K(8192K)] 11428K->4292K(26112K), 0.0004080 secs] [Times: user=0.00 sys=0.00, real=0.00 secs] 
184.140: Total time for which application threads were stopped: 0.0005180 seconds, Stopping threads took: 0.0000560 seconds
184.180: Application time: 0.0396300 seconds
184.180: [GC [PSYoungGen: 7648K->464K(8192K)] 11460K->4276K(26112K), 0.0004090 secs] [Times: user=0.01 sys=0.00, real=0.00 secs] 
184.180: Total time for which application threads were stopped: 0.0005030 seconds, Stopping threads took: 0.0000410 seconds
184.219: Application time: 0.0392180 seconds
184.219: [GC [PSYoungGen: 7632K->448K(8192K)] 11444K->4260K(26112K), 0.0004420 secs] [Times: user=0.00 sys=0.00, real=0.00 secs] 
184.220: Total time for which application threads were stopped: 0.0005400 seconds, Stopping threads took: 0.0000420 seconds
184.259: Application time: 0.0390890 seconds
184.259: [GC [PSYoungGen: 7616K->496K(8192K)] 11428K->4308K(26112K), 0.0004040 secs] [Times: user=0.00 sys=0.00, real=0.00 secs] 
184.259: Total time for which application threads were stopped: 0.0005100 seconds, Stopping threads took: 0.0000510 seconds
184.299: Application time: 0.0392080 seconds
184.299: [GC [PSYoungGen: 7664K->496K(8192K)] 11476K->4308K(26112K), 0.0004060 secs] [Times: user=0.00 sys=0.00, real=0.00 secs] 
184.299: Total time for which application threads were stopped: 0.0005150 seconds, Stopping threads took: 0.0000550 seconds
184.338: Application time: 0.0390590 seconds
184.338: [GC [PSYoungGen: 7664K->512K(8192K)] 11476K->4324K(26112K), 0.0004150 secs] [Times: user=0.00 sys=0.00, real=0.00 secs] 
184.339: Total time for which application threads were stopped: 0.0005230 seconds, Stopping threads took: 0.0000540 seconds
184.378: Application time: 0.0392370 seconds
184.378: [GC [PSYoungGen: 7680K->528K(8192K)] 11492K->4340K(26112K), 0.0004090 secs] [Times: user=0.00 sys=0.00, real=0.00 secs] 
184.378: Total time for which application threads were stopped: 0.0005160 seconds, Stopping threads took: 0.0000560 seconds
184.418: Application time: 0.0392800 seconds
184.418: [GC [PSYoungGen: 7696K->544K(8192K)] 11508K->4356K(26112K), 0.0004440 secs] [Times: user=0.00 sys=0.00, real=0.00 secs] 
184.418: Total time for which application threads were stopped: 0.0005500 seconds, Stopping threads took: 0.0000440 seconds
184.457: Application time: 0.0391150 seconds
184.458: [GC [PSYoungGen: 7712K->480K(8192K)] 11524K->4292K(26112K), 0.0005230 secs] [Times: user=0.01 sys=0.00, real=0.00 secs] 
184.458: Total time for which application threads were stopped: 0.0006360 seconds, Stopping threads took: 0.0000570 seconds
184.497: Application time: 0.0392580 seconds
184.501: [GC [PSYoungGen: 7648K->512K(8192K)] 11460K->4324K(26112K), 0.0004310 secs] [Times: user=0.01 sys=0.00, real=0.00 secs] 
184.501: Total time for which application threads were stopped: 0.0038730 seconds, Stopping threads took: 0.0033870 seconds
184.540: Application time: 0.0391650 seconds
184.540: [GC [PSYoungGen: 7680K->416K(8192K)] 11492K->4300K(26112K), 0.0004170 secs] [Times: user=0.00 sys=0.00, real=0.00 secs] 
184.541: Total time for which application threads were stopped: 0.0005370 seconds, Stopping threads took: 0.0000620 seconds
184.580: Application time: 0.0392910 seconds
184.580: [GC [PSYoungGen: 7584K->336K(8192K)] 11468K->4308K(26112K), 0.0003930 secs] [Times: user=0.00 sys=0.00, real=0.00 secs] 
184.581: Total time for which application threads were stopped: 0.0005150 seconds, Stopping threads took: 0.0000550 seconds
184.620: Application time: 0.0397070 seconds
184.621: [GC [PSYoungGen: 7504K->336K(8192K)] 11476K->4356K(26112K), 0.0003910 secs] [Times: user=0.00 sys=0.01, real=0.00 secs] 
184.621: Total time for which application threads were stopped: 0.0004990 seconds, Stopping threads took: 0.0000550 seconds
184.660: Application time: 0.0391940 seconds
184.660: [GC [PSYoungGen: 7504K->288K(8192K)] 11524K->4356K(26112K), 0.0003690 secs] [Times: user=0.00 sys=0.00, real=0.00 secs] 
184.661: Total time for which application threads were stopped: 0.0004750 seconds, Stopping threads took: 0.0000520 seconds
184.700: Application time: 0.0391700 seconds
184.700: [GC [PSYoungGen: 7456K->272K(8192K)] 11524K->4404K(26112K), 0.0003770 secs] [Times: user=0.00 sys=0.00, real=0.00 secs] 
184.700: Total time for which application threads were stopped: 0.0004840 seconds, Stopping threads took: 0.0000540 seconds
184.738: Application time: 0.0379010 seconds
184.738: [GC [PSYoungGen: 7440K->336K(8192K)] 11572K->4468K(26112K), 0.0004180 secs] [Times: user=0.00 sys=0.00, real=0.00 secs] 
184.739: Total time for which application threads were stopped: 0.0005480 seconds, Stopping threads took: 0.0000630 seconds
184.778: Application time: 0.0392460 seconds
184.778: [GC [PSYoungGen: 7504K->416K(8192K)] 11636K->4548K(26112K), 0.0003910 secs] [Times: user=0.00 sys=0.00, real=0.00 secs] 
184.778: Total time for which application threads were stopped: 0.0005050 seconds, Stopping threads took: 0.0000540 seconds
184.817: Application time: 0.0385690 seconds
184.817: [GC [PSYoungGen: 7584K->432K(8192K)] 11716K->4564K(26112K), 0.0003840 secs] [Times: user=0.00 sys=0.00, real=0.00 secs] 
184.818: Total time for which application threads were stopped: 0.0004860 seconds, Stopping threads took: 0.0000460 seconds
184.857: Application time: 0.0393880 seconds
184.857: [GC [PSYoungGen: 7600K->448K(8192K)] 11732K->4636K(26112K), 0.0004530 secs] [Times: user=0.01 sys=0.00, real=0.00 secs] 
184.857: Total time for which application threads were stopped: 0.0005770 seconds, Stopping threads took: 0.0000560 seconds
184.896: Application time: 0.0389860 seconds
184.897: [GC [PSYoungGen: 7616K->448K(8192K)] 11804K->4636K(26112K), 0.0004110 secs] [Times: user=0.01 sys=0.00, real=0.01 secs] 
184.897: Total time for which application threads were stopped: 0.0005120 seconds, Stopping threads took: 0.0000410 seconds
184.936: Application time: 0.0392860 seconds
184.936: [GC [PSYoungGen: 7616K->448K(8192K)] 11804K->4636K(26112K), 0.0004510 secs] [Times: user=0.00 sys=0.00, real=0.01 secs] 
184.937: Total time for which application threads were stopped: 0.0005710 seconds, Stopping threads took: 0.0000610 seconds
184.976: Application time: 0.0392790 seconds
184.977: [GC [PSYoungGen: 7616K->432K(8192K)] 11804K->4620K(26112K), 0.0004660 secs] [Times: user=0.00 sys=0.00, real=0.00 secs] 
184.977: Total time for which application threads were stopped: 0.0011120 seconds, Stopping threads took: 0.0005900 seconds
185.017: Application time: 0.0392820 seconds
185.017: [GC [PSYoungGen: 7600K->480K(8192K)] 11788K->4668K(26112K), 0.0044850 secs] [Times: user=0.00 sys=0.00, real=0.01 secs] 
185.021: Total time for which application threads were stopped: 0.0046010 seconds, Stopping threads took: 0.0000540 seconds
185.061: Application time: 0.0397150 seconds
185.061: [GC [PSYoungGen: 7648K->512K(8192K)] 11836K->4700K(26112K), 0.0004490 secs] [Times: user=0.00 sys=0.00, real=0.00 secs] 
185.061: Total time for which application threads were stopped: 0.0005640 seconds, Stopping threads took: 0.0000550 seconds
185.101: Application time: 0.0394250 seconds
185.101: [GC [PSYoungGen: 7680K->464K(8192K)] 11868K->4652K(26112K), 0.0004390 secs] [Times: user=0.01 sys=0.00, real=0.00 secs] 
185.101: Total time for which application threads were stopped: 0.0005710 seconds, Stopping threads took: 0.0000570 seconds
185.140: Application time: 0.0388990 seconds
185.140: [GC [PSYoungGen: 7632K->528K(8192K)] 11820K->4716K(26112K), 0.0004560 secs] [Times: user=0.00 sys=0.00, real=0.00 secs] 
185.141: Total time for which application threads were stopped: 0.0005670 seconds, Stopping threads took: 0.0000540 seconds
185.181: Application time: 0.0401980 seconds
185.181: [GC [PSYoungGen: 7696K->512K(8192K)] 11884K->4700K(26112K), 0.0004630 secs] [Times: user=0.00 sys=0.00, real=0.00 secs] 
185.182: Total time for which application threads were stopped: 0.0005790 seconds, Stopping threads took: 0.0000580 seconds
185.221: Application time: 0.0392580 seconds
185.221: [GC [PSYoungGen: 7680K->496K(8192K)] 11868K->4684K(26112K), 0.0004260 secs] [Times: user=0.00 sys=0.00, real=0.00 secs] 
185.221: Total time for which application threads were stopped: 0.0005340 seconds, Stopping threads took: 0.0000530 seconds
185.261: Application time: 0.0391370 seconds
185.261: [GC [PSYoungGen: 7664K->528K(8192K)] 11852K->4716K(26112K), 0.0004170 secs] [Times: user=0.00 sys=0.00, real=0.00 secs] 
185.261: Total time for which application threads were stopped: 0.0005170 seconds, Stopping threads took: 0.0000460 seconds
185.300: Application time: 0.0392050 seconds
185.300: [GC [PSYoungGen: 7696K->496K(8192K)] 11884K->4684K(26112K), 0.0004080 secs] [Times: user=0.00 sys=0.00, real=0.00 secs] 
185.301: Total time for which application threads were stopped: 0.0005210 seconds, Stopping threads took: 0.0000580 seconds
185.340: Application time: 0.0392960 seconds
185.340: [GC [PSYoungGen: 7664K->416K(8192K)] 11852K->4724K(26112K), 0.0004740 secs] [Times: user=0.00 sys=0.00, real=0.00 secs] 
185.341: Total time for which application threads were stopped: 0.0005910 seconds, Stopping threads took: 0.0000630 seconds
185.380: Application time: 0.0392140 seconds
185.380: [GC [PSYoungGen: 7584K->384K(8192K)] 11892K->4740K(26112K), 0.0003700 secs] [Times: user=0.00 sys=0.00, real=0.00 secs] 
185.380: Total time for which application threads were stopped: 0.0004760 seconds, Stopping threads took: 0.0000550 seconds
185.420: Application time: 0.0393280 seconds
185.420: [GC [PSYoungGen: 7552K->336K(8192K)] 11908K->4748K(26112K), 0.0003770 secs] [Times: user=0.01 sys=0.00, real=0.00 secs] 
185.420: Total time for which application threads were stopped: 0.0004950 seconds, Stopping threads took: 0.0000550 seconds
185.459: Application time: 0.0391680 seconds
185.459: [GC [PSYoungGen: 7504K->320K(8192K)] 11916K->4796K(26112K), 0.0003820 secs] [Times: user=0.00 sys=0.00, real=0.00 secs] 
185.460: Total time for which application threads were stopped: 0.0004930 seconds, Stopping threads took: 0.0000540 seconds
185.499: Application time: 0.0389890 seconds
185.499: [GC [PSYoungGen: 7488K->256K(8192K)] 11964K->4780K(26112K), 0.0003810 secs] [Times: user=0.00 sys=0.00, real=0.00 secs] 
185.499: Total time for which application threads were stopped: 0.0004940 seconds, Stopping threads took: 0.0000550 seconds
185.538: Application time: 0.0382690 seconds
185.538: [GC [PSYoungGen: 7424K->400K(8192K)] 11948K->4924K(26112K), 0.0004080 secs] [Times: user=0.00 sys=0.00, real=0.00 secs] 
185.538: Total time for which application threads were stopped: 0.0005190 seconds, Stopping threads took: 0.0000560 seconds
185.577: Application time: 0.0383340 seconds
185.577: [GC [PSYoungGen: 7568K->464K(8192K)] 12092K->4988K(26112K), 0.0003960 secs] [Times: user=0.00 sys=0.00, real=0.01 secs] 
185.577: Total time for which application threads were stopped: 0.0004970 seconds, Stopping threads took: 0.0000440 seconds
185.616: Application time: 0.0392950 seconds
185.616: [GC [PSYoungGen: 7632K->416K(8192K)] 12156K->4940K(26112K), 0.0004020 secs] [Times: user=0.00 sys=0.00, real=0.01 secs] 
185.617: Total time for which application threads were stopped: 0.0005180 seconds, Stopping threads took: 0.0000490 seconds
185.656: Application time: 0.0390090 seconds
185.656: [GC [PSYoungGen: 7584K->448K(8192K)] 12108K->5028K(26112K), 0.0004060 secs] [Times: user=0.00 sys=0.00, real=0.00 secs] 
185.656: Total time for which application threads were stopped: 0.0005040 seconds, Stopping threads took: 0.0000400 seconds
185.695: Application time: 0.0381750 seconds
185.695: [GC [PSYoungGen: 7616K->448K(8192K)] 12196K->5028K(26112K), 0.0004070 secs] [Times: user=0.01 sys=0.00, real=0.00 secs] 
185.695: Total time for which application threads were stopped: 0.0005180 seconds, Stopping threads took: 0.0000560 seconds
185.735: Application time: 0.0401850 seconds
185.735: [GC [PSYoungGen: 7616K->448K(8192K)] 12196K->5028K(26112K), 0.0004520 secs] [Times: user=0.01 sys=0.00, real=0.00 secs] 
185.736: Total time for which application threads were stopped: 0.0005770 seconds, Stopping threads took: 0.0000620 seconds
185.775: Application time: 0.0391930 seconds
185.775: [GC [PSYoungGen: 7616K->448K(8192K)] 12196K->5028K(26112K), 0.0003970 secs] [Times: user=0.00 sys=0.00, real=0.00 secs] 
185.775: Total time for which application threads were stopped: 0.0005080 seconds, Stopping threads took: 0.0000570 seconds
185.815: Application time: 0.0392130 seconds
185.815: [GC [PSYoungGen: 7616K->432K(8192K)] 12196K->5012K(26112K), 0.0004040 secs] [Times: user=0.00 sys=0.00, real=0.00 secs] 
185.815: Total time for which application threads were stopped: 0.0005100 seconds, Stopping threads took: 0.0000540 seconds
185.854: Application time: 0.0390130 seconds
185.854: [GC [PSYoungGen: 7600K->528K(8192K)] 12180K->5108K(26112K), 0.0004340 secs] [Times: user=0.00 sys=0.00, real=0.00 secs] 
185.855: Total time for which application threads were stopped: 0.0005420 seconds, Stopping threads took: 0.0000560 seconds
185.894: Application time: 0.0391870 seconds
185.894: [GC [PSYoungGen: 7696K->480K(8192K)] 12276K->5060K(26112K), 0.0004510 secs] [Times: user=0.00 sys=0.00, real=0.00 secs] 
185.895: Total time for which application threads were stopped: 0.0005580 seconds, Stopping threads took: 0.0000530 seconds
185.934: Application time: 0.0392340 seconds
185.934: [GC [PSYoungGen: 7648K->512K(8192K)] 12228K->5092K(26112K), 0.0003950 secs] [Times: user=0.00 sys=0.00, real=0.00 secs] 
185.934: Total time for which application threads were stopped: 0.0005020 seconds, Stopping threads took: 0.0000520 seconds
185.973: Application time: 0.0391210 seconds
185.973: [GC [PSYoungGen: 7680K->496K(8192K)] 12260K->5076K(26112K), 0.0004190 secs] [Times: user=0.00 sys=0.00, real=0.00 secs] 
185.974: Total time for which application threads were stopped: 0.0005240 seconds, Stopping threads took: 0.0000530 seconds
186.013: Application time: 0.0392200 seconds
186.013: [GC [PSYoungGen: 7664K->496K(8192K)] 12244K->5076K(26112K), 0.0003900 secs] [Times: user=0.00 sys=0.00, real=0.00 secs] 
186.014: Total time for which application threads were stopped: 0.0004990 seconds, Stopping threads took: 0.0000550 seconds
186.053: Application time: 0.0392140 seconds
186.053: [GC [PSYoungGen: 7664K->480K(8192K)] 12244K->5060K(26112K), 0.0004150 secs] [Times: user=0.00 sys=0.00, real=0.00 secs] 
186.053: Total time for which application threads were stopped: 0.0005210 seconds, Stopping threads took: 0.0000500 seconds
186.093: Application time: 0.0391340 seconds
186.093: [GC [PSYoungGen: 7648K->448K(8192K)] 12228K->5076K(26112K), 0.0003980 secs] [Times: user=0.00 sys=0.00, real=0.00 secs] 
186.093: Total time for which application threads were stopped: 0.0004900 seconds, Stopping threads took: 0.0000400 seconds
186.132: Application time: 0.0392650 seconds
186.132: [GC [PSYoungGen: 7616K->400K(8192K)] 12244K->5116K(26112K), 0.0004190 secs] [Times: user=0.00 sys=0.00, real=0.00 secs] 
186.133: Total time for which application threads were stopped: 0.0005210 seconds, Stopping threads took: 0.0000370 seconds
186.172: Application time: 0.0393070 seconds
186.172: [GC [PSYoungGen: 7568K->320K(8192K)] 12284K->5124K(26112K), 0.0004310 secs] [Times: user=0.00 sys=0.00, real=0.00 secs] 
186.174: Total time for which application threads were stopped: 0.0016570 seconds, Stopping threads took: 0.0000590 seconds
186.213: Application time: 0.0392690 seconds
186.213: [GC [PSYoungGen: 7488K->336K(8192K)] 12292K->5140K(26112K), 0.0003790 secs] [Times: user=0.00 sys=0.00, real=0.00 secs] 
186.214: Total time for which application threads were stopped: 0.0004760 seconds, Stopping threads took: 0.0000410 seconds
186.253: Application time: 0.0391750 seconds
186.253: [GC [PSYoungGen: 7504K->288K(8192K)] 12308K->5140K(26112K), 0.0003810 secs] [Times: user=0.00 sys=0.00, real=0.00 secs] 
186.253: Total time for which application threads were stopped: 0.0004710 seconds, Stopping threads took: 0.0000350 seconds
186.292: Application time: 0.0391510 seconds
186.292: [GC [PSYoungGen: 7456K->288K(8192K)] 12308K->5204K(26112K), 0.0004170 secs] [Times: user=0.00 sys=0.00, real=0.00 secs] 
186.293: Total time for which application threads were stopped: 0.0005270 seconds, Stopping threads took: 0.0000510 seconds
186.331: Application time: 0.0378320 seconds
186.331: [GC [PSYoungGen: 7456K->384K(8192K)] 12372K->5300K(26112K), 0.0003700 secs] [Times: user=0.00 sys=0.00, real=0.00 secs] 
186.331: Total time for which application threads were stopped: 0.0004760 seconds, Stopping threads took: 0.0000490 seconds
186.370: Application time: 0.0391020 seconds
186.370: [GC [PSYoungGen: 7552K->400K(8192K)] 12468K->5316K(26112K), 0.0003930 secs] [Times: user=0.00 sys=0.00, real=0.00 secs] 
186.371: Total time for which application threads were stopped: 0.0004850 seconds, Stopping threads took: 0.0000380 seconds
186.409: Application time: 0.0385370 seconds
186.409: [GC [PSYoungGen: 7568K->464K(8192K)] 12484K->5380K(26112K), 0.0004400 secs] [Times: user=0.00 sys=0.00, real=0.00 secs] 
186.410: Total time for which application threads were stopped: 0.0005510 seconds, Stopping threads took: 0.0000550 seconds
186.448: Application time: 0.0386200 seconds
186.449: [GC [PSYoungGen: 7632K->448K(8192K)] 12548K->5412K(26112K), 0.0004550 secs] [Times: user=0.00 sys=0.00, real=0.01 secs] 
186.449: Total time for which application threads were stopped: 0.0005710 seconds, Stopping threads took: 0.0000560 seconds
186.488: Application time: 0.0392720 seconds
186.488: [GC [PSYoungGen: 7616K->464K(8192K)] 12580K->5428K(26112K), 0.0004430 secs] [Times: user=0.01 sys=0.00, real=0.01 secs] 
186.489: Total time for which application threads were stopped: 0.0005560 seconds, Stopping threads took: 0.0000560 seconds
186.529: Application time: 0.0401340 seconds
186.533: [GC [PSYoungGen: 7632K->464K(8192K)] 12596K->5428K(26112K), 0.0005880 secs] [Times: user=0.00 sys=0.00, real=0.00 secs] 
186.533: Total time for which application threads were stopped: 0.0043870 seconds, Stopping threads took: 0.0037280 seconds
186.573: Application time: 0.0393720 seconds
186.573: [GC [PSYoungGen: 7632K->448K(8192K)] 12596K->5412K(26112K), 0.0004130 secs] [Times: user=0.00 sys=0.00, real=0.00 secs] 
186.573: Total time for which application threads were stopped: 0.0005170 seconds, Stopping threads took: 0.0000470 seconds
186.613: Application time: 0.0392830 seconds
186.613: [GC [PSYoungGen: 7616K->464K(8192K)] 12580K->5428K(26112K), 0.0004050 secs] [Times: user=0.00 sys=0.00, real=0.00 secs] 
186.613: Total time for which application threads were stopped: 0.0005070 seconds, Stopping threads took: 0.0000470 seconds
186.652: Application time: 0.0390460 seconds
186.652: [GC [PSYoungGen: 7632K->528K(8192K)] 12596K->5492K(26112K), 0.0004660 secs] [Times: user=0.00 sys=0.00, real=0.00 secs] 
186.653: Total time for which application threads were stopped: 0.0005940 seconds, Stopping threads took: 0.0000570 seconds
186.693: Application time: 0.0401500 seconds
186.693: [GC [PSYoungGen: 7696K->512K(8192K)] 12660K->5476K(26112K), 0.0004260 secs] [Times: user=0.00 sys=0.00, real=0.00 secs] 
186.693: Total time for which application threads were stopped: 0.0005420 seconds, Stopping threads took: 0.0000560 seconds
186.733: Application time: 0.0392970 seconds
186.733: [GC [PSYoungGen: 7680K->560K(8192K)] 12644K->5524K(26112K), 0.0004320 secs] [Times: user=0.00 sys=0.00, real=0.00 secs] 
186.733: Total time for which application threads were stopped: 0.0005460 seconds, Stopping threads took: 0.0000520 seconds
186.772: Application time: 0.0392100 seconds
186.773: [GC [PSYoungGen: 7728K->480K(8192K)] 12692K->5444K(26112K), 0.0004830 secs] [Times: user=0.00 sys=0.00, real=0.00 secs] 
186.773: Total time for which application threads were stopped: 0.0005830 seconds, Stopping threads took: 0.0000410 seconds
186.812: Application time: 0.0390790 seconds
186.812: [GC [PSYoungGen: 7648K->528K(8192K)] 12612K->5492K(26112K), 0.0004010 secs] [Times: user=0.00 sys=0.00, real=0.00 secs] 
186.813: Total time for which application threads were stopped: 0.0005050 seconds, Stopping threads took: 0.0000480 seconds
186.852: Application time: 0.0390580 seconds
186.852: [GC [PSYoungGen: 7696K->528K(8192K)] 12660K->5492K(26112K), 0.0004140 secs] [Times: user=0.00 sys=0.00, real=0.00 secs] 
186.852: Total time for which application threads were stopped: 0.0005200 seconds, Stopping threads took: 0.0000530 seconds
186.891: Application time: 0.0392810 seconds
186.892: [GC [PSYoungGen: 7696K->416K(8192K)] 12660K->5428K(26112K), 0.0004250 secs] [Times: user=0.00 sys=0.00, real=0.00 secs] 
186.892: Total time for which application threads were stopped: 0.0005320 seconds, Stopping threads took: 0.0000530 seconds
186.931: Application time: 0.0392840 seconds
186.931: [GC [PSYoungGen: 7584K->352K(8192K)] 12596K->5492K(26112K), 0.0004050 secs] [Times: user=0.00 sys=0.00, real=0.00 secs] 
186.932: Total time for which application threads were stopped: 0.0005140 seconds, Stopping threads took: 0.0000550 seconds
186.971: Application time: 0.0393350 seconds
186.971: [GC [PSYoungGen: 7519K->336K(8192K)] 12660K->5516K(26112K), 0.0004170 secs] [Times: user=0.00 sys=0.00, real=0.00 secs] 
186.972: Total time for which application threads were stopped: 0.0005240 seconds, Stopping threads took: 0.0000510 seconds
187.011: Application time: 0.0392050 seconds
187.011: [GC [PSYoungGen: 7504K->304K(8192K)] 12684K->5540K(26112K), 0.0004080 secs] [Times: user=0.00 sys=0.00, real=0.00 secs] 
187.011: Total time for which application threads were stopped: 0.0005210 seconds, Stopping threads took: 0.0000590 seconds
187.051: Application time: 0.0392030 seconds
187.051: [GC [PSYoungGen: 7472K->272K(8192K)] 12708K->5572K(26112K), 0.0003630 secs] [Times: user=0.00 sys=0.00, real=0.00 secs] 
187.051: Total time for which application threads were stopped: 0.0004820 seconds, Stopping threads took: 0.0000570 seconds
187.089: Application time: 0.0381370 seconds
187.089: [GC [PSYoungGen: 7440K->304K(8192K)] 12740K->5605K(26112K), 0.0004070 secs] [Times: user=0.00 sys=0.00, real=0.00 secs] 
187.090: Total time for which application threads were stopped: 0.0005060 seconds, Stopping threads took: 0.0000450 seconds
187.128: Application time: 0.0386100 seconds
187.128: [GC [PSYoungGen: 7472K->384K(8192K)] 12773K->5685K(26112K), 0.0004320 secs] [Times: user=0.00 sys=0.00, real=0.01 secs] 
187.129: Total time for which application threads were stopped: 0.0005470 seconds, Stopping threads took: 0.0000560 seconds
187.167: Application time: 0.0385370 seconds
187.168: [GC [PSYoungGen: 7552K->416K(8192K)] 12853K->5717K(26112K), 0.0004350 secs] [Times: user=0.00 sys=0.00, real=0.00 secs] 
187.168: Total time for which application threads were stopped: 0.0005440 seconds, Stopping threads took: 0.0000450 seconds
187.207: Application time: 0.0390240 seconds
187.207: [GC [PSYoungGen: 7584K->432K(8192K)] 12885K->5733K(26112K), 0.0004350 secs] [Times: user=0.00 sys=0.00, real=0.00 secs] 
187.208: Total time for which application threads were stopped: 0.0005360 seconds, Stopping threads took: 0.0000450 seconds
187.246: Application time: 0.0387220 seconds
187.246: [GC [PSYoungGen: 7600K->512K(8192K)] 12901K->5877K(26112K), 0.0004110 secs] [Times: user=0.00 sys=0.00, real=0.00 secs] 
187.247: Total time for which application threads were stopped: 0.0005170 seconds, Stopping threads took: 0.0000510 seconds
187.286: Application time: 0.0393990 seconds
187.286: [GC [PSYoungGen: 7680K->496K(8192K)] 13045K->5861K(26112K), 0.0004130 secs] [Times: user=0.00 sys=0.00, real=0.00 secs] 
187.287: Total time for which application threads were stopped: 0.0005210 seconds, Stopping threads took: 0.0000540 seconds
187.326: Application time: 0.0395070 seconds
187.329: [GC [PSYoungGen: 7664K->464K(8192K)] 13029K->5829K(26112K), 0.0004070 secs] [Times: user=0.01 sys=0.00, real=0.00 secs] 
187.329: Total time for which application threads were stopped: 0.0029570 seconds, Stopping threads took: 0.0024920 seconds
187.368: Application time: 0.0393190 seconds
187.369: [GC [PSYoungGen: 7632K->400K(8192K)] 12997K->5765K(26112K), 0.0004770 secs] [Times: user=0.00 sys=0.00, real=0.01 secs] 
187.369: Total time for which application threads were stopped: 0.0005890 seconds, Stopping threads took: 0.0000560 seconds
187.408: Application time: 0.0392650 seconds
187.408: [GC [PSYoungGen: 7568K->432K(8192K)] 12933K->5797K(26112K), 0.0004150 secs] [Times: user=0.00 sys=0.00, real=0.01 secs] 
187.409: Total time for which application threads were stopped: 0.0005260 seconds, Stopping threads took: 0.0000550 seconds
187.448: Application time: 0.0391220 seconds
187.448: [GC [PSYoungGen: 7600K->480K(8192K)] 12965K->5845K(26112K), 0.0004500 secs] [Times: user=0.00 sys=0.00, real=0.00 secs] 
187.449: Total time for which application threads were stopped: 0.0005440 seconds, Stopping threads took: 0.0000370 seconds
187.488: Application time: 0.0392880 seconds
187.488: [GC [PSYoungGen: 7648K->464K(8192K)] 13013K->5829K(26112K), 0.0004030 secs] [Times: user=0.00 sys=0.00, real=0.00 secs] 
187.488: Total time for which application threads were stopped: 0.0005060 seconds, Stopping threads took: 0.0000490 seconds
187.528: Application time: 0.0392390 seconds
187.528: [GC [PSYoungGen: 7632K->512K(8192K)] 12997K->5877K(26112K), 0.0003990 secs] [Times: user=0.00 sys=0.00, real=0.00 secs] 
187.528: Total time for which application threads were stopped: 0.0004910 seconds, Stopping threads took: 0.0000360 seconds
187.567: Application time: 0.0391130 seconds
187.567: [GC [PSYoungGen: 7680K->496K(8192K)] 13045K->5861K(26112K), 0.0004190 secs] [Times: user=0.00 sys=0.00, real=0.00 secs] 
187.568: Total time for which application threads were stopped: 0.0005310 seconds, Stopping threads took: 0.0000550 seconds
187.607: Application time: 0.0389410 seconds
187.607: [GC [PSYoungGen: 7664K->496K(8192K)] 13029K->5861K(26112K), 0.0004200 secs] [Times: user=0.01 sys=0.00, real=0.00 secs] 
187.607: Total time for which application threads were stopped: 0.0005170 seconds, Stopping threads took: 0.0000400 seconds
187.647: Application time: 0.0394860 seconds
187.647: [GC [PSYoungGen: 7664K->512K(8192K)] 13029K->5877K(26112K), 0.0004160 secs] [Times: user=0.00 sys=0.00, real=0.00 secs] 
187.647: Total time for which application threads were stopped: 0.0005250 seconds, Stopping threads took: 0.0000510 seconds
187.687: Application time: 0.0393960 seconds
187.687: [GC [PSYoungGen: 7680K->432K(8192K)] 13045K->5885K(26112K), 0.0004360 secs] [Times: user=0.00 sys=0.00, real=0.00 secs] 
187.687: Total time for which application threads were stopped: 0.0005530 seconds, Stopping threads took: 0.0000520 seconds
187.727: Application time: 0.0393970 seconds
187.727: [GC [PSYoungGen: 7600K->352K(8192K)] 13053K->5877K(26112K), 0.0004150 secs] [Times: user=0.00 sys=0.00, real=0.00 secs] 
187.727: Total time for which application threads were stopped: 0.0005340 seconds, Stopping threads took: 0.0000560 seconds
187.766: Application time: 0.0392760 seconds
187.769: [GC [PSYoungGen: 7520K->304K(8192K)] 13045K->5877K(26112K), 0.0004290 secs] [Times: user=0.00 sys=0.00, real=0.00 secs] 
187.769: Total time for which application threads were stopped: 0.0028490 seconds, Stopping threads took: 0.0023600 seconds
187.808: Application time: 0.0392320 seconds
187.809: [GC [PSYoungGen: 7472K->288K(8192K)] 13045K->5909K(26112K), 0.0004210 secs] [Times: user=0.00 sys=0.00, real=0.01 secs] 
187.809: Total time for which application threads were stopped: 0.0005120 seconds, Stopping threads took: 0.0000400 seconds
187.848: Application time: 0.0391230 seconds
187.848: [GC [PSYoungGen: 7456K->272K(8192K)] 13077K->5949K(26112K), 0.0003500 secs] [Times: user=0.00 sys=0.00, real=0.00 secs] 
187.849: Total time for which application threads were stopped: 0.0004700 seconds, Stopping threads took: 0.0000640 seconds
187.887: Application time: 0.0389190 seconds
187.888: [GC [PSYoungGen: 7440K->384K(8192K)] 13117K->6061K(26112K), 0.0004220 secs] [Times: user=0.00 sys=0.00, real=0.00 secs] 
187.888: Total time for which application threads were stopped: 0.0005330 seconds, Stopping threads took: 0.0000520 seconds
187.926: Application time: 0.0379880 seconds
187.926: [GC [PSYoungGen: 7552K->368K(8192K)] 13229K->6045K(26112K), 0.0003870 secs] [Times: user=0.00 sys=0.00, real=0.00 secs] 
187.926: Total time for which application threads were stopped: 0.0005020 seconds, Stopping threads took: 0.0000570 seconds
187.966: Application time: 0.0391050 seconds
187.966: [GC [PSYoungGen: 7536K->416K(8192K)] 13213K->6093K(26112K), 0.0003920 secs] [Times: user=0.01 sys=0.00, real=0.00 secs] 
187.966: Total time for which application threads were stopped: 0.0005030 seconds, Stopping threads took: 0.0000550 seconds
188.004: Application time: 0.0382080 seconds
188.004: [GC [PSYoungGen: 7584K->528K(8192K)] 13261K->6205K(26112K), 0.0004150 secs] [Times: user=0.00 sys=0.00, real=0.00 secs] 
188.005: Total time for which application threads were stopped: 0.0005520 seconds, Stopping threads took: 0.0000790 seconds
188.045: Application time: 0.0406070 seconds
188.046: [GC [PSYoungGen: 7696K->432K(8192K)] 13373K->6165K(26112K), 0.0004610 secs] [Times: user=0.01 sys=0.00, real=0.00 secs] 
188.046: Total time for which application threads were stopped: 0.0005790 seconds, Stopping threads took: 0.0000570 seconds
188.085: Application time: 0.0392740 seconds
188.085: [GC [PSYoungGen: 7600K->448K(8192K)] 13333K->6181K(26112K), 0.0003920 secs] [Times: user=0.00 sys=0.00, real=0.00 secs] 
188.086: Total time for which application threads were stopped: 0.0005000 seconds, Stopping threads took: 0.0000510 seconds
188.125: Application time: 0.0392960 seconds
188.125: [GC [PSYoungGen: 7616K->464K(8192K)] 13349K->6197K(26112K), 0.0004470 secs] [Times: user=0.00 sys=0.00, real=0.00 secs] 
188.126: Total time for which application threads were stopped: 0.0005550 seconds, Stopping threads took: 0.0000550 seconds
188.165: Application time: 0.0391930 seconds
188.165: [GC [PSYoungGen: 7632K->448K(8192K)] 13365K->6181K(26112K), 0.0003930 secs] [Times: user=0.01 sys=0.00, real=0.00 secs] 
188.165: Total time for which application threads were stopped: 0.0004990 seconds, Stopping threads took: 0.0000540 seconds
188.206: Application time: 0.0405230 seconds
188.206: [GC [PSYoungGen: 7616K->448K(8192K)] 13349K->6181K(26112K), 0.0004150 secs] [Times: user=0.00 sys=0.00, real=0.00 secs] 
188.206: Total time for which application threads were stopped: 0.0005430 seconds, Stopping threads took: 0.0000580 seconds
188.245: Application time: 0.0386960 seconds
188.245: [GC [PSYoungGen: 7616K->528K(8192K)] 13349K->6261K(26112K), 0.0004020 secs] [Times: user=0.00 sys=0.00, real=0.00 secs] 
188.246: Total time for which application threads were stopped: 0.0005140 seconds, Stopping threads took: 0.0000550 seconds
188.285: Application time: 0.0391640 seconds
188.285: [GC [PSYoungGen: 7696K->496K(8192K)] 13429K->6229K(26112K), 0.0003930 secs] [Times: user=0.00 sys=0.00, real=0.00 secs] 
188.285: Total time for which application threads were stopped: 0.0005000 seconds, Stopping threads took: 0.0000560 seconds
188.324: Application time: 0.0388620 seconds
188.324: [GC [PSYoungGen: 7664K->496K(8192K)] 13397K->6229K(26112K), 0.0004530 secs] [Times: user=0.00 sys=0.00, real=0.00 secs] 
188.325: Total time for which application threads were stopped: 0.0005640 seconds, Stopping threads took: 0.0000540 seconds
188.364: Application time: 0.0393470 seconds
188.364: [GC [PSYoungGen: 7664K->496K(8192K)] 13397K->6229K(26112K), 0.0004480 secs] [Times: user=0.00 sys=0.00, real=0.00 secs] 
188.365: Total time for which application threads were stopped: 0.0005580 seconds, Stopping threads took: 0.0000570 seconds
188.404: Application time: 0.0390600 seconds
188.404: [GC [PSYoungGen: 7664K->496K(8192K)] 13397K->6229K(26112K), 0.0004100 secs] [Times: user=0.00 sys=0.00, real=0.00 secs] 
188.404: Total time for which application threads were stopped: 0.0005170 seconds, Stopping threads took: 0.0000560 seconds
188.444: Application time: 0.0395320 seconds
188.444: [GC [PSYoungGen: 7664K->528K(8192K)] 13397K->6261K(26112K), 0.0004010 secs] [Times: user=0.00 sys=0.00, real=0.00 secs] 
188.444: Total time for which application threads were stopped: 0.0005070 seconds, Stopping threads took: 0.0000510 seconds
188.484: Application time: 0.0393860 seconds
188.485: [GC [PSYoungGen: 7696K->400K(8192K)] 13429K->6233K(26112K), 0.0004260 secs] [Times: user=0.00 sys=0.00, real=0.00 secs] 
188.485: Total time for which application threads were stopped: 0.0015070 seconds, Stopping threads took: 0.0010290 seconds
188.524: Application time: 0.0392210 seconds
188.524: [GC [PSYoungGen: 7568K->352K(8192K)] 13401K->6273K(26112K), 0.0004310 secs] [Times: user=0.00 sys=0.00, real=0.00 secs] 
188.525: Total time for which application threads were stopped: 0.0005300 seconds, Stopping threads took: 0.0000430 seconds
188.564: Application time: 0.0392680 seconds
188.564: [GC [PSYoungGen: 7520K->352K(8192K)] 13441K->6329K(26112K), 0.0004140 secs] [Times: user=0.00 sys=0.00, real=0.00 secs] 
188.565: Total time for which application threads were stopped: 0.0005250 seconds, Stopping threads took: 0.0000540 seconds
188.604: Application time: 0.0392700 seconds
188.604: [GC [PSYoungGen: 7520K->240K(8192K)] 13497K->6305K(26112K), 0.0004030 secs] [Times: user=0.01 sys=0.00, real=0.00 secs] 
188.605: Total time for which application threads were stopped: 0.0005100 seconds, Stopping threads took: 0.0000550 seconds
188.643: Application time: 0.0387500 seconds
188.643: [GC [PSYoungGen: 7408K->272K(8192K)] 13473K->6337K(26112K), 0.0003940 secs] [Times: user=0.00 sys=0.00, real=0.00 secs] 
188.644: Total time for which application threads were stopped: 0.0005060 seconds, Stopping threads took: 0.0000560 seconds
188.682: Application time: 0.0382210 seconds
188.682: [GC [PSYoungGen: 7440K->368K(8192K)] 13505K->6433K(26112K), 0.0004660 secs] [Times: user=0.00 sys=0.00, real=0.00 secs] 
188.683: Total time for which application threads were stopped: 0.0005680 seconds, Stopping threads took: 0.0000380 seconds
188.721: Application time: 0.0386580 seconds
188.721: [GC [PSYoungGen: 7536K->432K(8192K)] 13601K->6497K(26112K), 0.0004280 secs] [Times: user=0.00 sys=0.00, real=0.00 secs] 
188.722: Total time for which application threads were stopped: 0.0005610 seconds, Stopping threads took: 0.0000600 seconds
188.761: Application time: 0.0392400 seconds
188.761: [GC [PSYoungGen: 7600K->432K(8192K)] 13665K->6497K(26112K), 0.0004150 secs] [Times: user=0.00 sys=0.00, real=0.00 secs] 
188.762: Total time for which application threads were stopped: 0.0005260 seconds, Stopping threads took: 0.0000560 seconds
188.800: Application time: 0.0381920 seconds
188.800: [GC [PSYoungGen: 7600K->528K(8192K)] 13665K->6593K(26112K), 0.0004090 secs] [Times: user=0.01 sys=0.00, real=0.00 secs] 
188.800: Total time for which application threads were stopped: 0.0005090 seconds, Stopping threads took: 0.0000460 seconds
188.839: Application time: 0.0392080 seconds
188.840: [GC [PSYoungGen: 7696K->448K(8192K)] 13761K->6569K(26112K), 0.0004010 secs] [Times: user=0.00 sys=0.00, real=0.00 secs] 
188.840: Total time for which application threads were stopped: 0.0004940 seconds, Stopping threads took: 0.0000390 seconds
188.879: Application time: 0.0394090 seconds
188.879: [GC [PSYoungGen: 7616K->496K(8192K)] 13737K->6617K(26112K), 0.0003960 secs] [Times: user=0.00 sys=0.00, real=0.00 secs] 
188.880: Total time for which application threads were stopped: 0.0005210 seconds, Stopping threads took: 0.0000710 seconds
188.919: Application time: 0.0395640 seconds
188.920: [GC [PSYoungGen: 7664K->432K(8192K)] 13785K->6553K(26112K), 0.0003990 secs] [Times: user=0.01 sys=0.00, real=0.00 secs] 
188.920: Total time for which application threads were stopped: 0.0005080 seconds, Stopping threads took: 0.0000540 seconds
188.959: Application time: 0.0393130 seconds
188.959: [GC [PSYoungGen: 7600K->464K(8192K)] 13721K->6585K(26112K), 0.0003920 secs] [Times: user=0.00 sys=0.00, real=0.00 secs] 
188.960: Total time for which application threads were stopped: 0.0004970 seconds, Stopping threads took: 0.0000500 seconds
188.999: Application time: 0.0393460 seconds
188.999: [GC [PSYoungGen: 7632K->432K(8192K)] 13753K->6553K(26112K), 0.0003990 secs] [Times: user=0.00 sys=0.00, real=0.00 secs] 
189.000: Total time for which application threads were stopped: 0.0005060 seconds, Stopping threads took: 0.0000490 seconds
189.039: Application time: 0.0390540 seconds
189.039: [GC [PSYoungGen: 7600K->496K(8192K)] 13721K->6617K(26112K), 0.0004430 secs] [Times: user=0.00 sys=0.00, real=0.00 secs] 
189.039: Total time for which application threads were stopped: 0.0005440 seconds, Stopping threads took: 0.0000490 seconds
189.078: Application time: 0.0391780 seconds
189.078: [GC [PSYoungGen: 7664K->560K(8192K)] 13785K->6681K(26112K), 0.0004400 secs] [Times: user=0.00 sys=0.00, real=0.00 secs] 
189.079: Total time for which application threads were stopped: 0.0005480 seconds, Stopping threads took: 0.0000510 seconds
189.118: Application time: 0.0391930 seconds
189.118: [GC [PSYoungGen: 7728K->528K(8192K)] 13849K->6649K(26112K), 0.0004110 secs] [Times: user=0.00 sys=0.00, real=0.00 secs] 
189.119: Total time for which application threads were stopped: 0.0005210 seconds, Stopping threads took: 0.0000550 seconds
189.158: Application time: 0.0395010 seconds
189.158: [GC [PSYoungGen: 7696K->496K(8192K)] 13817K->6617K(26112K), 0.0004060 secs] [Times: user=0.00 sys=0.00, real=0.00 secs] 
189.159: Total time for which application threads were stopped: 0.0005160 seconds, Stopping threads took: 0.0000560 seconds
189.198: Application time: 0.0392710 seconds
189.198: [GC [PSYoungGen: 7664K->464K(8192K)] 13785K->6585K(26112K), 0.0004550 secs] [Times: user=0.01 sys=0.00, real=0.00 secs] 
189.199: Total time for which application threads were stopped: 0.0005620 seconds, Stopping threads took: 0.0000520 seconds
189.238: Application time: 0.0392110 seconds
189.238: [GC [PSYoungGen: 7632K->480K(8192K)] 13753K->6649K(26112K), 0.0004270 secs] [Times: user=0.00 sys=0.00, real=0.00 secs] 
189.238: Total time for which application threads were stopped: 0.0005420 seconds, Stopping threads took: 0.0000540 seconds
189.278: Application time: 0.0393080 seconds
189.278: [GC [PSYoungGen: 7648K->384K(8192K)] 13817K->6641K(26112K), 0.0004170 secs] [Times: user=0.00 sys=0.00, real=0.00 secs] 
189.278: Total time for which application threads were stopped: 0.0005220 seconds, Stopping threads took: 0.0000500 seconds
189.317: Application time: 0.0393260 seconds
189.318: [GC [PSYoungGen: 7552K->304K(8192K)] 13809K->6649K(26112K), 0.0003880 secs] [Times: user=0.00 sys=0.00, real=0.00 secs] 
189.318: Total time for which application threads were stopped: 0.0004930 seconds, Stopping threads took: 0.0000500 seconds
189.357: Application time: 0.0392650 seconds
189.357: [GC [PSYoungGen: 7472K->336K(8192K)] 13817K->6681K(26112K), 0.0003660 secs] [Times: user=0.00 sys=0.00, real=0.00 secs] 
189.358: Total time for which application threads were stopped: 0.0004710 seconds, Stopping threads took: 0.0000490 seconds
189.397: Application time: 0.0390970 seconds
189.397: [GC [PSYoungGen: 7504K->256K(8192K)] 13849K->6681K(26112K), 0.0004500 secs] [Times: user=0.00 sys=0.00, real=0.00 secs] 
189.397: Total time for which application threads were stopped: 0.0005560 seconds, Stopping threads took: 0.0000530 seconds
189.436: Application time: 0.0390060 seconds
189.436: [GC [PSYoungGen: 7424K->304K(8192K)] 13849K->6729K(26112K), 0.0004570 secs] [Times: user=0.00 sys=0.00, real=0.01 secs] 
189.437: Total time for which application threads were stopped: 0.0005580 seconds, Stopping threads took: 0.0000430 seconds
189.475: Application time: 0.0378800 seconds
189.475: [GC [PSYoungGen: 7472K->400K(8192K)] 13897K->6825K(26112K), 0.0003730 secs] [Times: user=0.00 sys=0.00, real=0.00 secs] 
189.475: Total time for which application threads were stopped: 0.0004860 seconds, Stopping threads took: 0.0000560 seconds
189.514: Application time: 0.0382680 seconds
189.514: [GC [PSYoungGen: 7568K->432K(8192K)] 13993K->6857K(26112K), 0.0004480 secs] [Times: user=0.01 sys=0.00, real=0.00 secs] 
189.514: Total time for which application threads were stopped: 0.0005570 seconds, Stopping threads took: 0.0000540 seconds
189.554: Application time: 0.0399230 seconds
189.554: [GC [PSYoungGen: 7600K->464K(8192K)] 14025K->6889K(26112K), 0.0004640 secs] [Times: user=0.00 sys=0.00, real=0.00 secs] 
189.555: Total time for which application threads were stopped: 0.0005760 seconds, Stopping threads took: 0.0000550 seconds
189.593: Application time: 0.0385220 seconds
189.593: [GC [PSYoungGen: 7632K->512K(8192K)] 14057K->6937K(26112K), 0.0004310 secs] [Times: user=0.00 sys=0.00, real=0.00 secs] 
189.594: Total time for which application threads were stopped: 0.0005390 seconds, Stopping threads took: 0.0000550 seconds
189.633: Application time: 0.0392470 seconds
189.633: [GC [PSYoungGen: 7680K->464K(8192K)] 14105K->6929K(26112K), 0.0004350 secs] [Times: user=0.00 sys=0.00, real=0.00 secs] 
189.633: Total time for which application threads were stopped: 0.0005400 seconds, Stopping threads took: 0.0000530 seconds
189.673: Application time: 0.0393620 seconds
189.677: [GC [PSYoungGen: 7632K->416K(8192K)] 14097K->6881K(26112K), 0.0004160 secs] [Times: user=0.00 sys=0.00, real=0.00 secs] 
189.677: Total time for which application threads were stopped: 0.0043690 seconds, Stopping threads took: 0.0038970 seconds
189.718: Application time: 0.0406590 seconds
189.718: [GC [PSYoungGen: 7584K->432K(8192K)] 14049K->6897K(26112K), 0.0004750 secs] [Times: user=0.01 sys=0.00, real=0.00 secs] 
189.718: Total time for which application threads were stopped: 0.0006070 seconds, Stopping threads took: 0.0000630 seconds
189.758: Application time: 0.0395630 seconds
189.758: [GC [PSYoungGen: 7600K->464K(8192K)] 14065K->6929K(26112K), 0.0004480 secs] [Times: user=0.00 sys=0.00, real=0.00 secs] 
189.759: Total time for which application threads were stopped: 0.0005660 seconds, Stopping threads took: 0.0000510 seconds
189.797: Application time: 0.0385470 seconds
189.797: [GC [PSYoungGen: 7632K->560K(8192K)] 14097K->7025K(26112K), 0.0004660 secs] [Times: user=0.00 sys=0.00, real=0.00 secs] 
189.798: Total time for which application threads were stopped: 0.0005840 seconds, Stopping threads took: 0.0000590 seconds
189.837: Application time: 0.0390650 seconds
189.837: [GC [PSYoungGen: 7728K->496K(8192K)] 14193K->6961K(26112K), 0.0004230 secs] [Times: user=0.01 sys=0.00, real=0.00 secs] 
189.837: Total time for which application threads were stopped: 0.0005390 seconds, Stopping threads took: 0.0000550 seconds
189.876: Application time: 0.0389830 seconds
189.876: [GC [PSYoungGen: 7664K->512K(8192K)] 14129K->6977K(26112K), 0.0004530 secs] [Times: user=0.00 sys=0.00, real=0.01 secs] 
189.877: Total time for which application threads were stopped: 0.0005640 seconds, Stopping threads took: 0.0000530 seconds
189.916: Application time: 0.0390220 seconds
189.916: [GC [PSYoungGen: 7680K->480K(8192K)] 14145K->6945K(26112K), 0.0004950 secs] [Times: user=0.00 sys=0.00, real=0.00 secs] 
189.917: Total time for which application threads were stopped: 0.0006080 seconds, Stopping threads took: 0.0000570 seconds
189.956: Application time: 0.0392450 seconds
189.956: [GC [PSYoungGen: 7648K->512K(8192K)] 14113K->6977K(26112K), 0.0004120 secs] [Times: user=0.01 sys=0.00, real=0.00 secs] 
189.956: Total time for which application threads were stopped: 0.0005200 seconds, Stopping threads took: 0.0000520 seconds
189.995: Application time: 0.0392300 seconds
189.996: [GC [PSYoungGen: 7680K->512K(8192K)] 14145K->6977K(26112K), 0.0004500 secs] [Times: user=0.00 sys=0.00, real=0.00 secs] 
189.996: Total time for which application threads were stopped: 0.0005720 seconds, Stopping threads took: 0.0000670 seconds
190.036: Application time: 0.0396580 seconds
190.036: [GC [PSYoungGen: 7680K->448K(8192K)] 14145K->6969K(26112K), 0.0004210 secs] [Times: user=0.01 sys=0.00, real=0.00 secs] 
190.036: Total time for which application threads were stopped: 0.0005170 seconds, Stopping threads took: 0.0000370 seconds
190.075: Application time: 0.0392270 seconds
190.076: [GC [PSYoungGen: 7616K->432K(8192K)] 14137K->7037K(26112K), 0.0004020 secs] [Times: user=0.00 sys=0.00, real=0.00 secs] 
190.076: Total time for which application threads were stopped: 0.0005160 seconds, Stopping threads took: 0.0000560 seconds
190.115: Application time: 0.0393590 seconds
190.115: [GC [PSYoungGen: 7600K->352K(8192K)] 14205K->7041K(26112K), 0.0003830 secs] [Times: user=0.00 sys=0.00, real=0.00 secs] 
190.116: Total time for which application threads were stopped: 0.0004940 seconds, Stopping threads took: 0.0000560 seconds
190.155: Application time: 0.0392110 seconds
190.155: [GC [PSYoungGen: 7520K->320K(8192K)] 14209K->7065K(26112K), 0.0003660 secs] [Times: user=0.00 sys=0.00, real=0.00 secs] 
190.156: Total time for which application threads were stopped: 0.0004650 seconds, Stopping threads took: 0.0000450 seconds
190.195: Application time: 0.0391350 seconds
190.195: [GC [PSYoungGen: 7488K->272K(8192K)] 14233K->7066K(26112K), 0.0003660 secs] [Times: user=0.00 sys=0.00, real=0.00 secs] 
190.195: Total time for which application threads were stopped: 0.0004760 seconds, Stopping threads took: 0.0000550 seconds
190.234: Application time: 0.0388820 seconds
190.234: [GC [PSYoungGen: 7440K->288K(8192K)] 14234K->7082K(26112K), 0.0003650 secs] [Times: user=0.00 sys=0.00, real=0.00 secs] 
190.235: Total time for which application threads were stopped: 0.0004740 seconds, Stopping threads took: 0.0000550 seconds
190.273: Application time: 0.0382800 seconds
190.273: [GC [PSYoungGen: 7456K->352K(8192K)] 14250K->7146K(26112K), 0.0004300 secs] [Times: user=0.00 sys=0.00, real=0.00 secs] 
190.273: Total time for which application threads were stopped: 0.0005460 seconds, Stopping threads took: 0.0000510 seconds
190.312: Application time: 0.0383430 seconds
190.312: [GC [PSYoungGen: 7520K->448K(8192K)] 14314K->7242K(26112K), 0.0004170 secs] [Times: user=0.00 sys=0.00, real=0.00 secs] 
190.312: Total time for which application threads were stopped: 0.0005420 seconds, Stopping threads took: 0.0000570 seconds
190.351: Application time: 0.0388180 seconds
190.351: [GC [PSYoungGen: 7616K->496K(8192K)] 14410K->7290K(26112K), 0.0004190 secs] [Times: user=0.00 sys=0.00, real=0.00 secs] 
190.352: Total time for which application threads were stopped: 0.0005190 seconds, Stopping threads took: 0.0000440 seconds
190.391: Application time: 0.0392220 seconds
190.391: [GC [PSYoungGen: 7664K->464K(8192K)] 14458K->7306K(26112K), 0.0004160 secs] [Times: user=0.00 sys=0.00, real=0.00 secs] 
190.391: Total time for which application threads were stopped: 0.0005160 seconds, Stopping threads took: 0.0000440 seconds
190.431: Application time: 0.0392910 seconds
190.431: [GC [PSYoungGen: 7632K->448K(8192K)] 14474K->7290K(26112K), 0.0004540 secs] [Times: user=0.00 sys=0.00, real=0.00 secs] 
190.431: Total time for which application threads were stopped: 0.0005480 seconds, Stopping threads took: 0.0000410 seconds
190.470: Application time: 0.0393180 seconds
190.471: [GC [PSYoungGen: 7616K->496K(8192K)] 14458K->7338K(26112K), 0.0004030 secs] [Times: user=0.01 sys=0.00, real=0.00 secs] 
190.471: Total time for which application threads were stopped: 0.0005130 seconds, Stopping threads took: 0.0000550 seconds
190.510: Application time: 0.0393970 seconds
190.510: [GC [PSYoungGen: 7664K->464K(8192K)] 14506K->7306K(26112K), 0.0004070 secs] [Times: user=0.00 sys=0.00, real=0.00 secs] 
190.511: Total time for which application threads were stopped: 0.0005150 seconds, Stopping threads took: 0.0000500 seconds
190.550: Application time: 0.0392150 seconds
190.550: [GC [PSYoungGen: 7632K->432K(8192K)] 14474K->7274K(26112K), 0.0004010 secs] [Times: user=0.00 sys=0.00, real=0.00 secs] 
190.551: Total time for which application threads were stopped: 0.0005060 seconds, Stopping threads took: 0.0000500 seconds
190.589: Application time: 0.0388880 seconds
190.590: [GC [PSYoungGen: 7600K->496K(8192K)] 14442K->7338K(26112K), 0.0004480 secs] [Times: user=0.00 sys=0.00, real=0.00 secs] 
190.590: Total time for which application threads were stopped: 0.0005570 seconds, Stopping threads took: 0.0000550 seconds
190.629: Application time: 0.0391300 seconds
190.629: [GC [PSYoungGen: 7664K->480K(8192K)] 14506K->7322K(26112K), 0.0004170 secs] [Times: user=0.01 sys=0.00, real=0.00 secs] 
190.630: Total time for which application threads were stopped: 0.0005070 seconds, Stopping threads took: 0.0000360 seconds
190.669: Application time: 0.0391750 seconds
190.669: [GC [PSYoungGen: 7648K->480K(8192K)] 14490K->7322K(26112K), 0.0004510 secs] [Times: user=0.00 sys=0.00, real=0.00 secs] 
190.669: Total time for which application threads were stopped: 0.0005410 seconds, Stopping threads took: 0.0000350 seconds
190.709: Application time: 0.0395030 seconds
190.709: [GC [PSYoungGen: 7648K->512K(8192K)] 14490K->7354K(26112K), 0.0004650 secs] [Times: user=0.01 sys=0.00, real=0.00 secs] 
190.710: Total time for which application threads were stopped: 0.0005810 seconds, Stopping threads took: 0.0000470 seconds
190.749: Application time: 0.0391570 seconds
190.749: [GC [PSYoungGen: 7680K->480K(8192K)] 14522K->7322K(26112K), 0.0004320 secs] [Times: user=0.00 sys=0.00, real=0.00 secs] 
190.749: Total time for which application threads were stopped: 0.0005440 seconds, Stopping threads took: 0.0000530 seconds
190.788: Application time: 0.0391690 seconds
190.788: [GC [PSYoungGen: 7648K->528K(8192K)] 14490K->7370K(26112K), 0.0004600 secs] [Times: user=0.01 sys=0.00, real=0.01 secs] 
190.789: Total time for which application threads were stopped: 0.0005870 seconds, Stopping threads took: 0.0000560 seconds
190.828: Application time: 0.0392420 seconds
190.828: [GC [PSYoungGen: 7696K->464K(8192K)] 14538K->7354K(26112K), 0.0004520 secs] [Times: user=0.00 sys=0.00, real=0.01 secs] 
190.829: Total time for which application threads were stopped: 0.0005500 seconds, Stopping threads took: 0.0000420 seconds
190.868: Application time: 0.0393080 seconds
190.868: [GC [PSYoungGen: 7632K->384K(8192K)] 14522K->7354K(26112K), 0.0004290 secs] [Times: user=0.00 sys=0.00, real=0.00 secs] 
190.869: Total time for which application threads were stopped: 0.0005400 seconds, Stopping threads took: 0.0000560 seconds
190.908: Application time: 0.0392070 seconds
190.908: [GC [PSYoungGen: 7552K->352K(8192K)] 14522K->7418K(26112K), 0.0004200 secs] [Times: user=0.00 sys=0.00, real=0.00 secs] 
190.908: Total time for which application threads were stopped: 0.0005240 seconds, Stopping threads took: 0.0000500 seconds
190.947: Application time: 0.0391370 seconds
190.949: [GC [PSYoungGen: 7520K->288K(8192K)] 14586K->7402K(26112K), 0.0003900 secs] [Times: user=0.01 sys=0.00, real=0.00 secs] 
190.949: Total time for which application threads were stopped: 0.0016700 seconds, Stopping threads took: 0.0012280 seconds
190.988: Application time: 0.0391560 seconds
190.988: [GC [PSYoungGen: 7456K->272K(8192K)] 14570K->7426K(26112K), 0.0003740 secs] [Times: user=0.00 sys=0.00, real=0.01 secs] 
190.989: Total time for which application threads were stopped: 0.0004820 seconds, Stopping threads took: 0.0000520 seconds
191.027: Application time: 0.0380390 seconds
191.027: [GC [PSYoungGen: 7440K->352K(8192K)] 14594K->7506K(26112K), 0.0003830 secs] [Times: user=0.01 sys=0.00, real=0.00 secs] 
191.027: Total time for which application threads were stopped: 0.0004950 seconds, Stopping threads took: 0.0000550 seconds
191.068: Application time: 0.0403070 seconds
191.068: [GC [PSYoungGen: 7520K->368K(8192K)] 14674K->7522K(26112K), 0.0004280 secs] [Times: user=0.00 sys=0.00, real=0.00 secs] 
191.068: Total time for which application threads were stopped: 0.0005470 seconds, Stopping threads took: 0.0000580 seconds
191.106: Application time: 0.0379230 seconds
191.106: [GC [PSYoungGen: 7536K->432K(8192K)] 14690K->7586K(26112K), 0.0004080 secs] [Times: user=0.00 sys=0.00, real=0.00 secs] 
191.107: Total time for which application threads were stopped: 0.0005160 seconds, Stopping threads took: 0.0000550 seconds
191.145: Application time: 0.0388400 seconds
191.146: [GC [PSYoungGen: 7600K->480K(8192K)] 14754K->7634K(26112K), 0.0004150 secs] [Times: user=0.00 sys=0.00, real=0.00 secs] 
191.146: Total time for which application threads were stopped: 0.0005230 seconds, Stopping threads took: 0.0000560 seconds
191.185: Application time: 0.0389500 seconds
191.185: [GC [PSYoungGen: 7648K->448K(8192K)] 14802K->7642K(26112K), 0.0004920 secs] [Times: user=0.00 sys=0.00, real=0.00 secs] 
191.187: Total time for which application threads were stopped: 0.0015810 seconds, Stopping threads took: 0.0000540 seconds
191.227: Application time: 0.0406340 seconds
191.227: [GC [PSYoungGen: 7616K->464K(8192K)] 14810K->7658K(26112K), 0.0004600 secs] [Times: user=0.00 sys=0.00, real=0.00 secs] 
191.228: Total time for which application threads were stopped: 0.0005970 seconds, Stopping threads took: 0.0000790 seconds
191.267: Application time: 0.0391390 seconds
191.267: [GC [PSYoungGen: 7632K->432K(8192K)] 14826K->7626K(26112K), 0.0003950 secs] [Times: user=0.00 sys=0.00, real=0.00 secs] 
191.267: Total time for which application threads were stopped: 0.0004940 seconds, Stopping threads took: 0.0000490 seconds
191.307: Application time: 0.0393080 seconds
191.307: [GC [PSYoungGen: 7600K->480K(8192K)] 14794K->7674K(26112K), 0.0004050 secs] [Times: user=0.00 sys=0.00, real=0.00 secs] 
191.307: Total time for which application threads were stopped: 0.0005130 seconds, Stopping threads took: 0.0000450 seconds
191.347: Application time: 0.0392870 seconds
191.347: [GC [PSYoungGen: 7648K->480K(8192K)] 14842K->7674K(26112K), 0.0004380 secs] [Times: user=0.00 sys=0.00, real=0.00 secs] 
191.347: Total time for which application threads were stopped: 0.0005450 seconds, Stopping threads took: 0.0000550 seconds
191.386: Application time: 0.0389460 seconds
191.386: [GC [PSYoungGen: 7648K->528K(8192K)] 14842K->7722K(26112K), 0.0004120 secs] [Times: user=0.00 sys=0.00, real=0.00 secs] 
191.387: Total time for which application threads were stopped: 0.0005070 seconds, Stopping threads took: 0.0000410 seconds
191.426: Application time: 0.0392320 seconds
191.426: [GC [PSYoungGen: 7696K->480K(8192K)] 14890K->7674K(26112K), 0.0004290 secs] [Times: user=0.00 sys=0.00, real=0.00 secs] 
191.426: Total time for which application threads were stopped: 0.0005270 seconds, Stopping threads took: 0.0000440 seconds
191.466: Application time: 0.0392620 seconds
191.466: [GC [PSYoungGen: 7648K->512K(8192K)] 14842K->7706K(26112K), 0.0004940 secs] [Times: user=0.00 sys=0.00, real=0.00 secs] 
191.466: Total time for which application threads were stopped: 0.0006240 seconds, Stopping threads took: 0.0000740 seconds
191.505: Application time: 0.0391130 seconds
191.505: [GC [PSYoungGen: 7680K->480K(8192K)] 14874K->7674K(26112K), 0.0004040 secs] [Times: user=0.00 sys=0.00, real=0.00 secs] 
191.506: Total time for which application threads were stopped: 0.0005210 seconds, Stopping threads took: 0.0000570 seconds
191.545: Application time: 0.0391590 seconds
191.545: [GC [PSYoungGen: 7648K->496K(8192K)] 14842K->7690K(26112K), 0.0004070 secs] [Times: user=0.00 sys=0.00, real=0.00 secs] 
191.545: Total time for which application threads were stopped: 0.0005140 seconds, Stopping threads took: 0.0000530 seconds
191.585: Application time: 0.0393890 seconds
191.585: [GC [PSYoungGen: 7664K->528K(8192K)] 14858K->7722K(26112K), 0.0004820 secs] [Times: user=0.00 sys=0.00, real=0.00 secs] 
191.585: Total time for which application threads were stopped: 0.0005900 seconds, Stopping threads took: 0.0000530 seconds
191.625: Application time: 0.0393020 seconds
191.629: [GC [PSYoungGen: 7696K->416K(8192K)] 14890K->7690K(26112K), 0.0004500 secs] [Times: user=0.00 sys=0.00, real=0.00 secs] 
191.629: Total time for which application threads were stopped: 0.0044630 seconds, Stopping threads took: 0.0039560 seconds
191.669: Application time: 0.0395500 seconds
191.669: [GC [PSYoungGen: 7584K->416K(8192K)] 14858K->7738K(26112K), 0.0004070 secs] [Times: user=0.00 sys=0.00, real=0.00 secs] 
191.669: Total time for which application threads were stopped: 0.0005260 seconds, Stopping threads took: 0.0000610 seconds
191.709: Application time: 0.0398120 seconds
191.709: [GC [PSYoungGen: 7584K->304K(8192K)] 14906K->7722K(26112K), 0.0004480 secs] [Times: user=0.00 sys=0.00, real=0.00 secs] 
191.710: Total time for which application threads were stopped: 0.0005760 seconds, Stopping threads took: 0.0000600 seconds
191.749: Application time: 0.0392970 seconds
191.749: [GC [PSYoungGen: 7472K->288K(8192K)] 14890K->7762K(26112K), 0.0003850 secs] [Times: user=0.00 sys=0.00, real=0.00 secs] 
191.749: Total time for which application threads were stopped: 0.0005020 seconds, Stopping threads took: 0.0000560 seconds
191.788: Application time: 0.0385310 seconds
191.788: [GC [PSYoungGen: 7456K->288K(8192K)] 14930K->7826K(26112K), 0.0003730 secs] [Times: user=0.00 sys=0.00, real=0.00 secs] 
191.789: Total time for which application threads were stopped: 0.0004840 seconds, Stopping threads took: 0.0000490 seconds
191.827: Application time: 0.0383620 seconds
191.827: [GC [PSYoungGen: 7456K->352K(8192K)] 14994K->7890K(26112K), 0.0003800 secs] [Times: user=0.00 sys=0.00, real=0.00 secs] 
191.827: Total time for which application threads were stopped: 0.0004930 seconds, Stopping threads took: 0.0000510 seconds
191.866: Application time: 0.0389270 seconds
191.866: [GC [PSYoungGen: 7520K->384K(8192K)] 15058K->7922K(26112K), 0.0003930 secs] [Times: user=0.00 sys=0.00, real=0.00 secs] 
191.867: Total time for which application threads were stopped: 0.0004950 seconds, Stopping threads took: 0.0000480 seconds
191.905: Application time: 0.0379400 seconds
191.905: [GC [PSYoungGen: 7552K->464K(8192K)] 15090K->8002K(26112K), 0.0004090 secs] [Times: user=0.00 sys=0.00, real=0.00 secs] 
191.905: Total time for which application threads were stopped: 0.0005200 seconds, Stopping threads took: 0.0000550 seconds
191.945: Application time: 0.0392700 seconds
191.945: [GC [PSYoungGen: 7632K->432K(8192K)] 15170K->7970K(26112K), 0.0004040 secs] [Times: user=0.00 sys=0.00, real=0.00 secs] 
191.945: Total time for which application threads were stopped: 0.0005210 seconds, Stopping threads took: 0.0000530 seconds
191.984: Application time: 0.0392010 seconds
191.984: [GC [PSYoungGen: 7600K->464K(8192K)] 15138K->8050K(26112K), 0.0004530 secs] [Times: user=0.00 sys=0.00, real=0.00 secs] 
191.985: Total time for which application threads were stopped: 0.0005600 seconds, Stopping threads took: 0.0000580 seconds
192.024: Application time: 0.0392950 seconds
192.024: [GC [PSYoungGen: 7632K->480K(8192K)] 15218K->8066K(26112K), 0.0003840 secs] [Times: user=0.01 sys=0.00, real=0.00 secs] 
192.025: Total time for which application threads were stopped: 0.0004910 seconds, Stopping threads took: 0.0000550 seconds
192.064: Application time: 0.0396940 seconds
192.064: [GC [PSYoungGen: 7648K->496K(8192K)] 15234K->8082K(26112K), 0.0004440 secs] [Times: user=0.01 sys=0.00, real=0.00 secs] 
192.065: Total time for which application threads were stopped: 0.0005410 seconds, Stopping threads took: 0.0000420 seconds
192.105: Application time: 0.0398120 seconds
192.109: [GC [PSYoungGen: 7664K->448K(8192K)] 15250K->8034K(26112K), 0.0004050 secs] [Times: user=0.01 sys=0.00, real=0.00 secs] 
192.109: Total time for which application threads were stopped: 0.0045140 seconds, Stopping threads took: 0.0040530 seconds
192.148: Application time: 0.0392700 seconds
192.149: [GC [PSYoungGen: 7616K->464K(8192K)] 15202K->8050K(26112K), 0.0004220 secs] [Times: user=0.00 sys=0.00, real=0.01 secs] 
192.149: Total time for which application threads were stopped: 0.0005140 seconds, Stopping threads took: 0.0000410 seconds
192.187: Application time: 0.0380050 seconds
192.187: [GC [PSYoungGen: 7632K->528K(8192K)] 15218K->8114K(26112K), 0.0004230 secs] [Times: user=0.00 sys=0.00, real=0.00 secs] 
192.187: Total time for which application threads were stopped: 0.0005370 seconds, Stopping threads took: 0.0000570 seconds
192.227: Application time: 0.0392180 seconds
192.227: [GC [PSYoungGen: 7696K->496K(8192K)] 15282K->8082K(26112K), 0.0004280 secs] [Times: user=0.00 sys=0.00, real=0.00 secs] 
192.227: Total time for which application threads were stopped: 0.0005380 seconds, Stopping threads took: 0.0000540 seconds
192.267: Application time: 0.0392590 seconds
192.267: [GC [PSYoungGen: 7664K->544K(8192K)] 15250K->8130K(26112K), 0.0004620 secs] [Times: user=0.00 sys=0.00, real=0.00 secs] 
192.267: Total time for which application threads were stopped: 0.0005740 seconds, Stopping threads took: 0.0000550 seconds
192.306: Application time: 0.0391730 seconds
192.306: [GC [PSYoungGen: 7712K->480K(8192K)] 15298K->8066K(26112K), 0.0004010 secs] [Times: user=0.00 sys=0.00, real=0.00 secs] 
192.307: Total time for which application threads were stopped: 0.0005050 seconds, Stopping threads took: 0.0000480 seconds
192.347: Application time: 0.0399510 seconds
192.347: [GC [PSYoungGen: 7648K->512K(8192K)] 15234K->8098K(26112K), 0.0004560 secs] [Times: user=0.01 sys=0.00, real=0.00 secs] 
192.347: Total time for which application threads were stopped: 0.0005730 seconds, Stopping threads took: 0.0000560 seconds
192.387: Application time: 0.0395220 seconds
192.387: [GC [PSYoungGen: 7680K->464K(8192K)] 15266K->8098K(26112K), 0.0004280 secs] [Times: user=0.00 sys=0.00, real=0.00 secs] 
192.387: Total time for which application threads were stopped: 0.0005450 seconds, Stopping threads took: 0.0000570 seconds
192.427: Application time: 0.0392280 seconds
192.427: [GC [PSYoungGen: 7632K->416K(8192K)] 15266K->8154K(26112K), 0.0004010 secs] [Times: user=0.00 sys=0.00, real=0.00 secs] 
192.427: Total time for which application threads were stopped: 0.0005120 seconds, Stopping threads took: 0.0000540 seconds
192.466: Application time: 0.0392800 seconds
192.466: [GC [PSYoungGen: 7584K->368K(8192K)] 15322K->8162K(26112K), 0.0003760 secs] [Times: user=0.00 sys=0.00, real=0.00 secs] 
192.467: Total time for which application threads were stopped: 0.0004870 seconds, Stopping threads took: 0.0000550 seconds
192.506: Application time: 0.0392000 seconds
192.506: [GC [PSYoungGen: 7536K->288K(8192K)] 15330K->8170K(26112K), 0.0003840 secs] [Times: user=0.00 sys=0.00, real=0.00 secs] 
192.507: Total time for which application threads were stopped: 0.0004940 seconds, Stopping threads took: 0.0000510 seconds
192.546: Application time: 0.0392470 seconds
192.546: [GC [PSYoungGen: 7456K->288K(8192K)] 15338K->8170K(26112K), 0.0003600 secs] [Times: user=0.00 sys=0.00, real=0.00 secs] 
192.546: Total time for which application threads were stopped: 0.0004650 seconds, Stopping threads took: 0.0000510 seconds
192.586: Application time: 0.0394150 seconds
192.586: [GC [PSYoungGen: 7456K->320K(8192K)] 15338K->8266K(26112K), 0.0004080 secs] [Times: user=0.00 sys=0.00, real=0.00 secs] 
192.586: Total time for which application threads were stopped: 0.0005160 seconds, Stopping threads took: 0.0000480 seconds
192.625: Application time: 0.0390000 seconds
192.625: [GC [PSYoungGen: 7488K->320K(8192K)] 15434K->8266K(26112K), 0.0003820 secs] [Times: user=0.00 sys=0.00, real=0.00 secs] 
192.626: Total time for which application threads were stopped: 0.0004910 seconds, Stopping threads took: 0.0000510 seconds
192.665: Application time: 0.0389130 seconds
192.665: [GC [PSYoungGen: 7488K->384K(8192K)] 15434K->8330K(26112K), 0.0003960 secs] [Times: user=0.00 sys=0.00, real=0.00 secs] 
192.665: Total time for which application threads were stopped: 0.0005010 seconds, Stopping threads took: 0.0000470 seconds
192.704: Application time: 0.0384850 seconds
192.704: [GC [PSYoungGen: 7552K->448K(8192K)] 15498K->8394K(26112K), 0.0004700 secs] [Times: user=0.00 sys=0.00, real=0.00 secs] 
192.704: Total time for which application threads were stopped: 0.0005690 seconds, Stopping threads took: 0.0000430 seconds
192.744: Application time: 0.0402300 seconds
192.745: [GC [PSYoungGen: 7616K->496K(8192K)] 15562K->8442K(26112K), 0.0004560 secs] [Times: user=0.00 sys=0.00, real=0.00 secs] 
192.745: Total time for which application threads were stopped: 0.0005780 seconds, Stopping threads took: 0.0000600 seconds
192.784: Application time: 0.0392260 seconds
192.784: [GC [PSYoungGen: 7664K->448K(8192K)] 15610K->8450K(26112K), 0.0004360 secs] [Times: user=0.00 sys=0.00, real=0.00 secs] 
192.785: Total time for which application threads were stopped: 0.0005630 seconds, Stopping threads took: 0.0000710 seconds
192.824: Application time: 0.0392460 seconds
192.824: [GC [PSYoungGen: 7616K->464K(8192K)] 15618K->8466K(26112K), 0.0004090 secs] [Times: user=0.00 sys=0.00, real=0.00 secs] 
192.825: Total time for which application threads were stopped: 0.0005400 seconds, Stopping threads took: 0.0000760 seconds
192.864: Application time: 0.0393040 seconds
192.864: [GC [PSYoungGen: 7632K->496K(8192K)] 15634K->8498K(26112K), 0.0003940 secs] [Times: user=0.00 sys=0.00, real=0.00 secs] 
192.864: Total time for which application threads were stopped: 0.0005160 seconds, Stopping threads took: 0.0000560 seconds
192.904: Application time: 0.0394730 seconds
192.904: [GC [PSYoungGen: 7664K->432K(8192K)] 15666K->8434K(26112K), 0.0004020 secs] [Times: user=0.01 sys=0.00, real=0.00 secs] 
192.904: Total time for which application threads were stopped: 0.0005010 seconds, Stopping threads took: 0.0000430 seconds
192.944: Application time: 0.0392280 seconds
192.944: [GC [PSYoungGen: 7600K->480K(8192K)] 15602K->8482K(26112K), 0.0003990 secs] [Times: user=0.00 sys=0.00, real=0.00 secs] 
192.944: Total time for which application threads were stopped: 0.0004920 seconds, Stopping threads took: 0.0000390 seconds
192.983: Application time: 0.0387420 seconds
192.983: [GC [PSYoungGen: 7648K->512K(8192K)] 15650K->8514K(26112K), 0.0004230 secs] [Times: user=0.00 sys=0.00, real=0.00 secs] 
192.983: Total time for which application threads were stopped: 0.0005260 seconds, Stopping threads took: 0.0000460 seconds
193.023: Application time: 0.0391620 seconds
193.023: [GC [PSYoungGen: 7680K->480K(8192K)] 15682K->8482K(26112K), 0.0004260 secs] [Times: user=0.00 sys=0.00, real=0.00 secs] 
193.023: Total time for which application threads were stopped: 0.0005360 seconds, Stopping threads took: 0.0000570 seconds
193.062: Application time: 0.0392630 seconds
193.062: [GC [PSYoungGen: 7648K->496K(8192K)] 15650K->8498K(26112K), 0.0004150 secs] [Times: user=0.00 sys=0.00, real=0.00 secs] 
193.063: Total time for which application threads were stopped: 0.0005190 seconds, Stopping threads took: 0.0000510 seconds
193.102: Application time: 0.0392450 seconds
193.102: [GC [PSYoungGen: 7664K->464K(8192K)] 15666K->8466K(26112K), 0.0004170 secs] [Times: user=0.00 sys=0.00, real=0.00 secs] 
193.103: Total time for which application threads were stopped: 0.0005210 seconds, Stopping threads took: 0.0000530 seconds
193.142: Application time: 0.0392890 seconds
193.142: [GC [PSYoungGen: 7632K->464K(8192K)] 15634K->8466K(26112K), 0.0004200 secs] [Times: user=0.01 sys=0.00, real=0.00 secs] 
193.142: Total time for which application threads were stopped: 0.0005250 seconds, Stopping threads took: 0.0000530 seconds
193.182: Application time: 0.0392930 seconds
193.182: [GC [PSYoungGen: 7632K->448K(8192K)] 15634K->8506K(26112K), 0.0004030 secs] [Times: user=0.00 sys=0.00, real=0.00 secs] 
193.182: Total time for which application threads were stopped: 0.0005130 seconds, Stopping threads took: 0.0000540 seconds
193.222: Application time: 0.0392650 seconds
193.222: [GC [PSYoungGen: 7616K->400K(8192K)] 15674K->8554K(26112K), 0.0004170 secs] [Times: user=0.00 sys=0.00, real=0.00 secs] 
193.222: Total time for which application threads were stopped: 0.0005200 seconds, Stopping threads took: 0.0000490 seconds
193.261: Application time: 0.0393260 seconds
193.261: [GC [PSYoungGen: 7568K->384K(8192K)] 15722K->8594K(26112K), 0.0003900 secs] [Times: user=0.00 sys=0.00, real=0.00 secs] 
193.262: Total time for which application threads were stopped: 0.0004980 seconds, Stopping threads took: 0.0000540 seconds
193.301: Application time: 0.0393470 seconds
193.301: [GC [PSYoungGen: 7552K->288K(8192K)] 15762K->8578K(26112K), 0.0003670 secs] [Times: user=0.00 sys=0.00, real=0.00 secs] 
193.302: Total time for which application threads were stopped: 0.0004720 seconds, Stopping threads took: 0.0000550 seconds
193.341: Application time: 0.0391700 seconds
193.341: [GC [PSYoungGen: 7456K->256K(8192K)] 15746K->8603K(26112K), 0.0004310 secs] [Times: user=0.01 sys=0.00, real=0.00 secs] 
193.341: Total time for which application threads were stopped: 0.0005270 seconds, Stopping threads took: 0.0000430 seconds
193.380: Application time: 0.0391040 seconds
193.381: [GC [PSYoungGen: 7424K->336K(8192K)] 15771K->8683K(26112K), 0.0003550 secs] [Times: user=0.00 sys=0.00, real=0.00 secs] 
193.381: Total time for which application threads were stopped: 0.0004740 seconds, Stopping threads took: 0.0000560 seconds
193.419: Application time: 0.0377930 seconds
193.419: [GC [PSYoungGen: 7504K->336K(8192K)] 15851K->8683K(26112K), 0.0003990 secs] [Times: user=0.00 sys=0.00, real=0.00 secs] 
193.419: Total time for which application threads were stopped: 0.0004910 seconds, Stopping threads took: 0.0000400 seconds
193.458: Application time: 0.0383970 seconds
193.458: [GC [PSYoungGen: 7504K->448K(8192K)] 15851K->8795K(26112K), 0.0004360 secs] [Times: user=0.00 sys=0.00, real=0.00 secs] 
193.458: Total time for which application threads were stopped: 0.0005470 seconds, Stopping threads took: 0.0000570 seconds
193.497: Application time: 0.0386250 seconds
193.497: [GC [PSYoungGen: 7616K->480K(8192K)] 15963K->8827K(26112K), 0.0004120 secs] [Times: user=0.00 sys=0.00, real=0.00 secs] 
193.497: Total time for which application threads were stopped: 0.0005390 seconds, Stopping threads took: 0.0000710 seconds
193.537: Application time: 0.0391500 seconds
193.537: [GC [PSYoungGen: 7648K->512K(8192K)] 15995K->8859K(26112K), 0.0004760 secs] [Times: user=0.00 sys=0.00, real=0.01 secs] 
193.537: Total time for which application threads were stopped: 0.0005890 seconds, Stopping threads took: 0.0000510 seconds
193.576: Application time: 0.0392980 seconds
193.581: [GC [PSYoungGen: 7680K->448K(8192K)] 16027K->8843K(26112K), 0.0004130 secs] [Times: user=0.00 sys=0.00, real=0.00 secs] 
193.581: Total time for which application threads were stopped: 0.0047880 seconds, Stopping threads took: 0.0043230 seconds
193.620: Application time: 0.0392950 seconds
193.621: [GC [PSYoungGen: 7616K->448K(8192K)] 16011K->8843K(26112K), 0.0004370 secs] [Times: user=0.00 sys=0.00, real=0.00 secs] 
193.621: Total time for which application threads were stopped: 0.0005310 seconds, Stopping threads took: 0.0000370 seconds
193.660: Application time: 0.0392740 seconds
193.660: [GC [PSYoungGen: 7616K->464K(8192K)] 16011K->8859K(26112K), 0.0004100 secs] [Times: user=0.00 sys=0.00, real=0.00 secs] 
193.661: Total time for which application threads were stopped: 0.0005180 seconds, Stopping threads took: 0.0000550 seconds
193.700: Application time: 0.0392440 seconds
193.700: [GC [PSYoungGen: 7632K->432K(8192K)] 16027K->8827K(26112K), 0.0004290 secs] [Times: user=0.00 sys=0.00, real=0.00 secs] 
193.701: Total time for which application threads were stopped: 0.0005380 seconds, Stopping threads took: 0.0000540 seconds
193.741: Application time: 0.0399270 seconds
193.741: [GC [PSYoungGen: 7600K->448K(8192K)] 15995K->8843K(26112K), 0.0004440 secs] [Times: user=0.00 sys=0.00, real=0.00 secs] 
193.741: Total time for which application threads were stopped: 0.0005550 seconds, Stopping threads took: 0.0000500 seconds
193.780: Application time: 0.0384610 seconds
193.780: [GC [PSYoungGen: 7616K->480K(8192K)] 16011K->8875K(26112K), 0.0004150 secs] [Times: user=0.00 sys=0.00, real=0.00 secs] 
193.780: Total time for which application threads were stopped: 0.0005160 seconds, Stopping threads took: 0.0000420 seconds
193.819: Application time: 0.0392850 seconds
193.819: [GC [PSYoungGen: 7648K->496K(8192K)] 16043K->8891K(26112K), 0.0004140 secs] [Times: user=0.00 sys=0.00, real=0.00 secs] 
193.820: Total time for which application threads were stopped: 0.0005230 seconds, Stopping threads took: 0.0000530 seconds
193.859: Application time: 0.0391290 seconds
193.859: [GC [PSYoungGen: 7664K->496K(8192K)] 16059K->8891K(26112K), 0.0004610 secs] [Times: user=0.01 sys=0.00, real=0.00 secs] 
193.860: Total time for which application threads were stopped: 0.0005570 seconds, Stopping threads took: 0.0000400 seconds
193.899: Application time: 0.0391740 seconds
193.899: [GC [PSYoungGen: 7664K->496K(8192K)] 16059K->8891K(26112K), 0.0004110 secs] [Times: user=0.00 sys=0.00, real=0.00 secs] 
193.899: Total time for which application threads were stopped: 0.0005300 seconds, Stopping threads took: 0.0000530 seconds
193.938: Application time: 0.0392020 seconds
193.939: [GC [PSYoungGen: 7664K->512K(8192K)] 16059K->8907K(26112K), 0.0004080 secs] [Times: user=0.00 sys=0.00, real=0.00 secs] 
193.939: Total time for which application threads were stopped: 0.0005070 seconds, Stopping threads took: 0.0000430 seconds
193.978: Application time: 0.0394750 seconds
193.979: [GC [PSYoungGen: 7680K->464K(8192K)] 16075K->8907K(26112K), 0.0004110 secs] [Times: user=0.00 sys=0.00, real=0.00 secs] 
193.979: Total time for which application threads were stopped: 0.0005210 seconds, Stopping threads took: 0.0000540 seconds
194.018: Application time: 0.0392640 seconds
194.018: [GC [PSYoungGen: 7632K->368K(8192K)] 16075K->8883K(26112K), 0.0004150 secs] [Times: user=0.00 sys=0.00, real=0.00 secs] 
194.019: Total time for which application threads were stopped: 0.0005320 seconds, Stopping threads took: 0.0000590 seconds
194.058: Application time: 0.0392870 seconds
194.058: [GC [PSYoungGen: 7536K->304K(8192K)] 16051K->8907K(26112K), 0.0003970 secs] [Times: user=0.01 sys=0.00, real=0.00 secs] 
194.059: Total time for which application threads were stopped: 0.0005070 seconds, Stopping threads took: 0.0000560 seconds
194.099: Application time: 0.0404110 seconds
194.099: [GC [PSYoungGen: 7472K->304K(8192K)] 16075K->8955K(26112K), 0.0004090 secs] [Times: user=0.00 sys=0.00, real=0.00 secs] 
194.100: Total time for which application threads were stopped: 0.0005260 seconds, Stopping threads took: 0.0000590 seconds
194.139: Application time: 0.0392750 seconds
194.139: [GC [PSYoungGen: 7472K->272K(8192K)] 16123K->8979K(26112K), 0.0003710 secs] [Times: user=0.00 sys=0.00, real=0.00 secs] 
194.139: Total time for which application threads were stopped: 0.0004830 seconds, Stopping threads took: 0.0000530 seconds
194.177: Application time: 0.0374970 seconds
194.177: [GC [PSYoungGen: 7440K->352K(8192K)] 16147K->9059K(26112K), 0.0004520 secs] [Times: user=0.00 sys=0.00, real=0.00 secs] 
194.177: Total time for which application threads were stopped: 0.0005600 seconds, Stopping threads took: 0.0000500 seconds
194.217: Application time: 0.0394630 seconds
194.217: [GC [PSYoungGen: 7520K->368K(8192K)] 16227K->9075K(26112K), 0.0003740 secs] [Times: user=0.01 sys=0.00, real=0.00 secs] 
194.217: Total time for which application threads were stopped: 0.0004830 seconds, Stopping threads took: 0.0000550 seconds
194.256: Application time: 0.0391980 seconds
194.257: [GC [PSYoungGen: 7536K->384K(8192K)] 16243K->9091K(26112K), 0.0004260 secs] [Times: user=0.00 sys=0.00, real=0.01 secs] 
194.257: Total time for which application threads were stopped: 0.0005380 seconds, Stopping threads took: 0.0000530 seconds
194.296: Application time: 0.0385000 seconds
194.296: [GC [PSYoungGen: 7552K->480K(8192K)] 16259K->9187K(26112K), 0.0003980 secs] [Times: user=0.00 sys=0.00, real=0.00 secs] 
194.296: Total time for which application threads were stopped: 0.0005100 seconds, Stopping threads took: 0.0000560 seconds
194.335: Application time: 0.0388110 seconds
194.335: [GC [PSYoungGen: 7648K->480K(8192K)] 16355K->9187K(26112K), 0.0004370 secs] [Times: user=0.00 sys=0.00, real=0.00 secs] 
194.335: Total time for which application threads were stopped: 0.0005390 seconds, Stopping threads took: 0.0000420 seconds
194.375: Application time: 0.0396050 seconds
194.375: [GC [PSYoungGen: 7648K->464K(8192K)] 16355K->9227K(26112K), 0.0004180 secs] [Times: user=0.00 sys=0.00, real=0.00 secs] 
194.376: Total time for which application threads were stopped: 0.0005270 seconds, Stopping threads took: 0.0000560 seconds
194.415: Application time: 0.0392540 seconds
194.415: [GC [PSYoungGen: 7632K->480K(8192K)] 16395K->9243K(26112K), 0.0003990 secs] [Times: user=0.00 sys=0.00, real=0.00 secs] 
194.415: Total time for which application threads were stopped: 0.0005210 seconds, Stopping threads took: 0.0000590 seconds
194.455: Application time: 0.0392820 seconds
194.455: [GC [PSYoungGen: 7648K->480K(8192K)] 16411K->9243K(26112K), 0.0004020 secs] [Times: user=0.00 sys=0.00, real=0.00 secs] 
194.455: Total time for which application threads were stopped: 0.0004950 seconds, Stopping threads took: 0.0000410 seconds
194.494: Application time: 0.0393250 seconds
194.494: [GC [PSYoungGen: 7648K->480K(8192K)] 16411K->9243K(26112K), 0.0004130 secs] [Times: user=0.00 sys=0.00, real=0.00 secs] 
194.495: Total time for which application threads were stopped: 0.0005130 seconds, Stopping threads took: 0.0000460 seconds
194.534: Application time: 0.0393180 seconds
194.534: [GC [PSYoungGen: 7648K->432K(8192K)] 16411K->9195K(26112K), 0.0004010 secs] [Times: user=0.00 sys=0.00, real=0.00 secs] 
194.535: Total time for which application threads were stopped: 0.0005050 seconds, Stopping threads took: 0.0000500 seconds
194.573: Application time: 0.0382820 seconds
194.573: [GC [PSYoungGen: 7600K->528K(8192K)] 16363K->9291K(26112K), 0.0005360 secs] [Times: user=0.00 sys=0.00, real=0.00 secs] 
194.574: Total time for which application threads were stopped: 0.0006380 seconds, Stopping threads took: 0.0000490 seconds
194.614: Application time: 0.0400770 seconds
194.614: [GC [PSYoungGen: 7696K->480K(8192K)] 16459K->9243K(26112K), 0.0004490 secs] [Times: user=0.00 sys=0.00, real=0.00 secs] 
194.614: Total time for which application threads were stopped: 0.0005560 seconds, Stopping threads took: 0.0000540 seconds
194.654: Application time: 0.0392230 seconds
194.657: [GC [PSYoungGen: 7648K->464K(8192K)] 16411K->9227K(26112K), 0.0004460 secs] [Times: user=0.00 sys=0.00, real=0.00 secs] 
194.657: Total time for which application threads were stopped: 0.0036870 seconds, Stopping threads took: 0.0031840 seconds
194.696: Application time: 0.0392600 seconds
194.697: [GC [PSYoungGen: 7632K->480K(8192K)] 16395K->9243K(26112K), 0.0004270 secs] [Times: user=0.00 sys=0.00, real=0.01 secs] 
194.697: Total time for which application threads were stopped: 0.0005340 seconds, Stopping threads took: 0.0000530 seconds
194.736: Application time: 0.0393490 seconds
194.736: [GC [PSYoungGen: 7648K->496K(8192K)] 16411K->9259K(26112K), 0.0004550 secs] [Times: user=0.00 sys=0.00, real=0.01 secs] 
194.737: Total time for which application threads were stopped: 0.0005760 seconds, Stopping threads took: 0.0000590 seconds
194.776: Application time: 0.0391690 seconds
194.776: [GC [PSYoungGen: 7664K->368K(8192K)] 16427K->9259K(26112K), 0.0004560 secs] [Times: user=0.00 sys=0.00, real=0.00 secs] 
194.777: Total time for which application threads were stopped: 0.0005700 seconds, Stopping threads took: 0.0000560 seconds
194.816: Application time: 0.0392320 seconds
194.816: [GC [PSYoungGen: 7536K->368K(8192K)] 16427K->9259K(26112K), 0.0004210 secs] [Times: user=0.00 sys=0.00, real=0.00 secs] 
194.816: Total time for which application threads were stopped: 0.0005310 seconds, Stopping threads took: 0.0000550 seconds
194.856: Application time: 0.0391980 seconds
194.856: [GC [PSYoungGen: 7536K->304K(8192K)] 16427K->9275K(26112K), 0.0003870 secs] [Times: user=0.00 sys=0.00, real=0.00 secs] 
194.856: Total time for which application threads were stopped: 0.0005000 seconds, Stopping threads took: 0.0000580 seconds
194.895: Application time: 0.0392790 seconds
194.896: [GC [PSYoungGen: 7472K->352K(8192K)] 16443K->9371K(26112K), 0.0003710 secs] [Times: user=0.00 sys=0.00, real=0.00 secs] 
194.896: Total time for which application threads were stopped: 0.0004840 seconds, Stopping threads took: 0.0000560 seconds
194.935: Application time: 0.0387750 seconds
194.935: [GC [PSYoungGen: 7520K->288K(8192K)] 16539K->9355K(26112K), 0.0004250 secs] [Times: user=0.00 sys=0.00, real=0.00 secs] 
194.935: Total time for which application threads were stopped: 0.0005390 seconds, Stopping threads took: 0.0000440 seconds
194.973: Application time: 0.0380680 seconds
194.973: [GC [PSYoungGen: 7456K->368K(8192K)] 16523K->9435K(26112K), 0.0003810 secs] [Times: user=0.00 sys=0.00, real=0.00 secs] 
194.974: Total time for which application threads were stopped: 0.0004870 seconds, Stopping threads took: 0.0000520 seconds
195.012: Application time: 0.0381610 seconds
195.012: [GC [PSYoungGen: 7536K->464K(8192K)] 16603K->9531K(26112K), 0.0004100 secs] [Times: user=0.00 sys=0.00, real=0.00 secs] 
195.012: Total time for which application threads were stopped: 0.0005300 seconds, Stopping threads took: 0.0000580 seconds
195.052: Application time: 0.0395000 seconds
195.052: [GC [PSYoungGen: 7632K->464K(8192K)] 16699K->9531K(26112K), 0.0003950 secs] [Times: user=0.00 sys=0.00, real=0.00 secs] 
195.052: Total time for which application threads were stopped: 0.0005060 seconds, Stopping threads took: 0.0000540 seconds
195.091: Application time: 0.0386300 seconds
195.091: [GC [PSYoungGen: 7632K->432K(8192K)] 16699K->9499K(26112K), 0.0004100 secs] [Times: user=0.00 sys=0.00, real=0.00 secs] 
195.092: Total time for which application threads were stopped: 0.0005170 seconds, Stopping threads took: 0.0000500 seconds
195.131: Application time: 0.0389630 seconds
195.131: [GC [PSYoungGen: 7600K->480K(8192K)] 16667K->9547K(26112K), 0.0004330 secs] [Times: user=0.00 sys=0.00, real=0.00 secs] 
195.131: Total time for which application threads were stopped: 0.0005420 seconds, Stopping threads took: 0.0000550 seconds
195.170: Application time: 0.0393340 seconds
195.171: [GC [PSYoungGen: 7648K->528K(8192K)] 16715K->9643K(26112K), 0.0004330 secs] [Times: user=0.00 sys=0.00, real=0.00 secs] 
195.171: Total time for which application threads were stopped: 0.0005490 seconds, Stopping threads took: 0.0000590 seconds
195.210: Application time: 0.0392110 seconds
195.210: [GC [PSYoungGen: 7696K->464K(8192K)] 16811K->9579K(26112K), 0.0003940 secs] [Times: user=0.00 sys=0.00, real=0.00 secs] 
195.211: Total time for which application threads were stopped: 0.0005040 seconds, Stopping threads took: 0.0000550 seconds
195.250: Application time: 0.0392600 seconds
195.250: [GC [PSYoungGen: 7632K->448K(8192K)] 16747K->9563K(26112K), 0.0004120 secs] [Times: user=0.00 sys=0.00, real=0.00 secs] 
195.251: Total time for which application threads were stopped: 0.0005190 seconds, Stopping threads took: 0.0000540 seconds
195.290: Application time: 0.0393120 seconds
195.290: [GC [PSYoungGen: 7616K->480K(8192K)] 16731K->9595K(26112K), 0.0003930 secs] [Times: user=0.00 sys=0.00, real=0.00 secs] 
195.290: Total time for which application threads were stopped: 0.0005020 seconds, Stopping threads took: 0.0000550 seconds
195.330: Application time: 0.0392010 seconds
195.330: [GC [PSYoungGen: 7648K->432K(8192K)] 16763K->9547K(26112K), 0.0004320 secs] [Times: user=0.00 sys=0.00, real=0.00 secs] 
195.330: Total time for which application threads were stopped: 0.0005370 seconds, Stopping threads took: 0.0000500 seconds
195.369: Application time: 0.0385640 seconds
195.369: [GC [PSYoungGen: 7600K->496K(8192K)] 16715K->9611K(26112K), 0.0004160 secs] [Times: user=0.01 sys=0.00, real=0.00 secs] 
195.369: Total time for which application threads were stopped: 0.0005380 seconds, Stopping threads took: 0.0000640 seconds
195.408: Application time: 0.0392510 seconds
195.409: [GC [PSYoungGen: 7664K->512K(8192K)] 16779K->9627K(26112K), 0.0004170 secs] [Times: user=0.00 sys=0.00, real=0.01 secs] 
195.409: Total time for which application threads were stopped: 0.0005190 seconds, Stopping threads took: 0.0000490 seconds
195.448: Application time: 0.0393570 seconds
195.448: [GC [PSYoungGen: 7680K->480K(8192K)] 16795K->9595K(26112K), 0.0004390 secs] [Times: user=0.00 sys=0.00, real=0.01 secs] 
195.449: Total time for which application threads were stopped: 0.0005610 seconds, Stopping threads took: 0.0000570 seconds
195.488: Application time: 0.0390270 seconds
195.488: [GC [PSYoungGen: 7648K->528K(8192K)] 16763K->9643K(26112K), 0.0004290 secs] [Times: user=0.01 sys=0.00, real=0.00 secs] 
195.488: Total time for which application threads were stopped: 0.0005340 seconds, Stopping threads took: 0.0000490 seconds
195.528: Application time: 0.0391410 seconds
195.528: [GC [PSYoungGen: 7696K->464K(8192K)] 16811K->9627K(26112K), 0.0004250 secs] [Times: user=0.00 sys=0.00, real=0.00 secs] 
195.528: Total time for which application threads were stopped: 0.0005280 seconds, Stopping threads took: 0.0000480 seconds
195.567: Application time: 0.0393830 seconds
195.568: [GC [PSYoungGen: 7632K->400K(8192K)] 16795K->9643K(26112K), 0.0004260 secs] [Times: user=0.00 sys=0.00, real=0.00 secs] 
195.568: Total time for which application threads were stopped: 0.0005430 seconds, Stopping threads took: 0.0000620 seconds
195.609: Application time: 0.0404800 seconds
195.609: [GC [PSYoungGen: 7568K->352K(8192K)] 16811K->9675K(26112K), 0.0004740 secs] [Times: user=0.00 sys=0.01, real=0.01 secs] 
195.609: Total time for which application threads were stopped: 0.0005770 seconds, Stopping threads took: 0.0000450 seconds
195.648: Application time: 0.0392970 seconds
195.649: [GC [PSYoungGen: 7520K->320K(8192K)] 16843K->9643K(26112K), 0.0004040 secs] [Times: user=0.00 sys=0.00, real=0.01 secs] 
195.649: Total time for which application threads were stopped: 0.0005270 seconds, Stopping threads took: 0.0000660 seconds
195.689: Application time: 0.0401300 seconds
195.693: [GC [PSYoungGen: 7488K->320K(8192K)] 16811K->9691K(26112K), 0.0004390 secs] [Times: user=0.00 sys=0.00, real=0.00 secs] 
195.693: Total time for which application threads were stopped: 0.0041430 seconds, Stopping threads took: 0.0036540 seconds
195.732: Application time: 0.0391340 seconds
195.733: [GC [PSYoungGen: 7488K->304K(8192K)] 16859K->9731K(26112K), 0.0004970 secs] [Times: user=0.00 sys=0.00, real=0.00 secs] 
195.733: Total time for which application threads were stopped: 0.0009420 seconds, Stopping threads took: 0.0003750 seconds
195.772: Application time: 0.0387240 seconds
195.772: [GC [PSYoungGen: 7472K->352K(8192K)] 16899K->9779K(26112K), 0.0004000 secs] [Times: user=0.01 sys=0.00, real=0.00 secs] 
195.773: Total time for which application threads were stopped: 0.0005720 seconds, Stopping threads took: 0.0000980 seconds
195.811: Application time: 0.0382050 seconds
195.811: [GC [PSYoungGen: 7520K->416K(8192K)] 16947K->9843K(26112K), 0.0003960 secs] [Times: user=0.00 sys=0.00, real=0.00 secs] 
195.811: Total time for which application threads were stopped: 0.0004970 seconds, Stopping threads took: 0.0000430 seconds
195.851: Application time: 0.0392860 seconds
195.851: [GC [PSYoungGen: 7584K->416K(8192K)] 17011K->9843K(26112K), 0.0004010 secs] [Times: user=0.00 sys=0.00, real=0.00 secs] 
195.851: Total time for which application threads were stopped: 0.0004960 seconds, Stopping threads took: 0.0000380 seconds
195.890: Application time: 0.0390430 seconds
195.890: [GC [PSYoungGen: 7584K->480K(8192K)] 17011K->9907K(26112K), 0.0004030 secs] [Times: user=0.00 sys=0.00, real=0.00 secs] 
195.891: Total time for which application threads were stopped: 0.0005150 seconds, Stopping threads took: 0.0000560 seconds
195.929: Application time: 0.0386330 seconds
195.929: [GC [PSYoungGen: 7648K->496K(8192K)] 17075K->9923K(26112K), 0.0004680 secs] [Times: user=0.00 sys=0.00, real=0.00 secs] 
195.930: Total time for which application threads were stopped: 0.0005790 seconds, Stopping threads took: 0.0000550 seconds
195.969: Application time: 0.0395410 seconds
195.969: [GC [PSYoungGen: 7664K->448K(8192K)] 17091K->9923K(26112K), 0.0004350 secs] [Times: user=0.00 sys=0.00, real=0.00 secs] 
195.970: Total time for which application threads were stopped: 0.0005480 seconds, Stopping threads took: 0.0000500 seconds
196.009: Application time: 0.0391840 seconds
196.009: [GC [PSYoungGen: 7616K->480K(8192K)] 17091K->9955K(26112K), 0.0004000 secs] [Times: user=0.00 sys=0.00, real=0.00 secs] 
196.010: Total time for which application threads were stopped: 0.0005040 seconds, Stopping threads took: 0.0000520 seconds
196.049: Application time: 0.0392140 seconds
196.049: [GC [PSYoungGen: 7648K->464K(8192K)] 17123K->9939K(26112K), 0.0003970 secs] [Times: user=0.00 sys=0.00, real=0.00 secs] 
196.049: Total time for which application threads were stopped: 0.0004950 seconds, Stopping threads took: 0.0000420 seconds
196.089: Application time: 0.0395810 seconds
196.089: [GC [PSYoungGen: 7632K->480K(8192K)] 17107K->9955K(26112K), 0.0004010 secs] [Times: user=0.01 sys=0.00, real=0.00 secs] 
196.089: Total time for which application threads were stopped: 0.0005080 seconds, Stopping threads took: 0.0000530 seconds
196.129: Application time: 0.0392830 seconds
196.129: [GC [PSYoungGen: 7648K->464K(8192K)] 17123K->9939K(26112K), 0.0004350 secs] [Times: user=0.00 sys=0.00, real=0.00 secs] 
196.129: Total time for which application threads were stopped: 0.0005430 seconds, Stopping threads took: 0.0000520 seconds
196.168: Application time: 0.0383620 seconds
196.169: [GC [PSYoungGen: 7632K->496K(8192K)] 17107K->9971K(26112K), 0.0004220 secs] [Times: user=0.00 sys=0.00, real=0.00 secs] 
196.169: Total time for which application threads were stopped: 0.0015630 seconds, Stopping threads took: 0.0010840 seconds
196.208: Application time: 0.0391240 seconds
196.208: [GC [PSYoungGen: 7664K->496K(8192K)] 17139K->9971K(26112K), 0.0004240 secs] [Times: user=0.00 sys=0.00, real=0.01 secs] 
196.210: Total time for which application threads were stopped: 0.0016100 seconds, Stopping threads took: 0.0000540 seconds
196.249: Application time: 0.0395150 seconds
196.250: [GC [PSYoungGen: 7664K->512K(8192K)] 17139K->9987K(26112K), 0.0004430 secs] [Times: user=0.00 sys=0.00, real=0.00 secs] 
196.250: Total time for which application threads were stopped: 0.0005650 seconds, Stopping threads took: 0.0000660 seconds
196.290: Application time: 0.0396200 seconds
196.290: [GC [PSYoungGen: 7680K->496K(8192K)] 17155K->9971K(26112K), 0.0004270 secs] [Times: user=0.00 sys=0.00, real=0.00 secs] 
196.290: Total time for which application threads were stopped: 0.0005390 seconds, Stopping threads took: 0.0000570 seconds
196.329: Application time: 0.0392400 seconds
196.329: [GC [PSYoungGen: 7664K->448K(8192K)] 17139K->9979K(26112K), 0.0004490 secs] [Times: user=0.00 sys=0.00, real=0.00 secs] 
196.330: Total time for which application threads were stopped: 0.0005450 seconds, Stopping threads took: 0.0000430 seconds
196.369: Application time: 0.0393860 seconds
196.373: [GC [PSYoungGen: 7616K->416K(8192K)] 17147K->10043K(26112K), 0.0004160 secs] [Times: user=0.00 sys=0.00, real=0.00 secs] 
196.373: Total time for which application threads were stopped: 0.0038470 seconds, Stopping threads took: 0.0033740 seconds
196.412: Application time: 0.0392740 seconds
196.413: [GC [PSYoungGen: 7584K->304K(8192K)] 17211K->10019K(26112K), 0.0004050 secs] [Times: user=0.00 sys=0.00, real=0.00 secs] 
196.413: Total time for which application threads were stopped: 0.0005200 seconds, Stopping threads took: 0.0000570 seconds
196.452: Application time: 0.0392200 seconds
196.452: [GC [PSYoungGen: 7472K->336K(8192K)] 17187K->10051K(26112K), 0.0003660 secs] [Times: user=0.00 sys=0.00, real=0.00 secs] 
196.453: Total time for which application threads were stopped: 0.0004780 seconds, Stopping threads took: 0.0000510 seconds
196.492: Application time: 0.0392390 seconds
196.492: [GC [PSYoungGen: 7504K->352K(8192K)] 17219K->10115K(26112K), 0.0004490 secs] [Times: user=0.00 sys=0.00, real=0.00 secs] 
196.493: Total time for which application threads were stopped: 0.0005700 seconds, Stopping threads took: 0.0000550 seconds
196.532: Application time: 0.0390730 seconds
196.532: [GC [PSYoungGen: 7520K->288K(8192K)] 17283K->10100K(26112K), 0.0003830 secs] [Times: user=0.00 sys=0.00, real=0.00 secs] 
196.532: Total time for which application threads were stopped: 0.0004810 seconds, Stopping threads took: 0.0000440 seconds
196.570: Application time: 0.0378890 seconds
196.570: [GC [PSYoungGen: 7456K->384K(8192K)] 17268K->10196K(26112K), 0.0003940 secs] [Times: user=0.00 sys=0.00, real=0.00 secs] 
196.570: Total time for which application threads were stopped: 0.0004870 seconds, Stopping threads took: 0.0000390 seconds
196.609: Application time: 0.0381580 seconds
196.609: [GC [PSYoungGen: 7552K->432K(8192K)] 17364K->10244K(26112K), 0.0003910 secs] [Times: user=0.00 sys=0.00, real=0.00 secs] 
196.609: Total time for which application threads were stopped: 0.0004990 seconds, Stopping threads took: 0.0000490 seconds
196.648: Application time: 0.0390170 seconds
196.648: [GC [PSYoungGen: 7600K->416K(8192K)] 17412K->10228K(26112K), 0.0004070 secs] [Times: user=0.00 sys=0.00, real=0.00 secs] 
196.649: Total time for which application threads were stopped: 0.0005210 seconds, Stopping threads took: 0.0000570 seconds
196.688: Application time: 0.0392270 seconds
196.688: [GC [PSYoungGen: 7584K->512K(8192K)] 17396K->10324K(26112K), 0.0004240 secs] [Times: user=0.00 sys=0.00, real=0.00 secs] 
196.688: Total time for which application threads were stopped: 0.0005330 seconds, Stopping threads took: 0.0000550 seconds
196.728: Application time: 0.0392300 seconds
196.728: [GC [PSYoungGen: 7680K->528K(8192K)] 17492K->10340K(26112K), 0.0004650 secs] [Times: user=0.00 sys=0.00, real=0.00 secs] 
196.728: Total time for which application threads were stopped: 0.0005900 seconds, Stopping threads took: 0.0000590 seconds
196.768: Application time: 0.0393120 seconds
196.768: [GC [PSYoungGen: 7696K->464K(8192K)] 17508K->10316K(26112K), 0.0004330 secs] [Times: user=0.00 sys=0.00, real=0.00 secs] 
196.768: Total time for which application threads were stopped: 0.0005550 seconds, Stopping threads took: 0.0000590 seconds
196.807: Application time: 0.0393000 seconds
196.807: [GC [PSYoungGen: 7632K->448K(8192K)] 17484K->10300K(26112K), 0.0004180 secs] [Times: user=0.00 sys=0.00, real=0.00 secs] 
196.808: Total time for which application threads were stopped: 0.0005460 seconds, Stopping threads took: 0.0000700 seconds
196.847: Application time: 0.0392700 seconds
196.849: [GC [PSYoungGen: 7616K->432K(8192K)] 17468K->10284K(26112K), 0.0004330 secs] [Times: user=0.00 sys=0.00, real=0.00 secs] 
196.849: Total time for which application threads were stopped: 0.0020020 seconds, Stopping threads took: 0.0015120 seconds
196.888: Application time: 0.0392430 seconds
196.889: [GC [PSYoungGen: 7600K->464K(8192K)] 17452K->10316K(26112K), 0.0004140 secs] [Times: user=0.00 sys=0.00, real=0.01 secs] 
196.889: Total time for which application threads were stopped: 0.0005250 seconds, Stopping threads took: 0.0000560 seconds
196.928: Application time: 0.0392150 seconds
196.928: [GC [PSYoungGen: 7632K->448K(8192K)] 17484K->10300K(26112K), 0.0004180 secs] [Times: user=0.00 sys=0.00, real=0.01 secs] 
196.929: Total time for which application threads were stopped: 0.0005290 seconds, Stopping threads took: 0.0000560 seconds
196.967: Application time: 0.0382820 seconds
196.967: [GC [PSYoungGen: 7616K->560K(8192K)] 17468K->10412K(26112K), 0.0004500 secs] [Times: user=0.00 sys=0.00, real=0.00 secs] 
196.968: Total time for which application threads were stopped: 0.0005610 seconds, Stopping threads took: 0.0000570 seconds
197.007: Application time: 0.0391670 seconds
197.007: [GC [PSYoungGen: 7728K->480K(8192K)] 17580K->10332K(26112K), 0.0004460 secs] [Times: user=0.00 sys=0.00, real=0.00 secs] 
197.007: Total time for which application threads were stopped: 0.0005670 seconds, Stopping threads took: 0.0000560 seconds
197.047: Application time: 0.0393210 seconds
197.047: [GC [PSYoungGen: 7648K->528K(8192K)] 17500K->10380K(26112K), 0.0004150 secs] [Times: user=0.00 sys=0.00, real=0.00 secs] 
197.047: Total time for which application threads were stopped: 0.0005380 seconds, Stopping threads took: 0.0000680 seconds
197.087: Application time: 0.0395940 seconds
197.087: [GC [PSYoungGen: 7696K->528K(8192K)] 17548K->10380K(26112K), 0.0003980 secs] [Times: user=0.00 sys=0.00, real=0.00 secs] 
197.087: Total time for which application threads were stopped: 0.0005050 seconds, Stopping threads took: 0.0000560 seconds
197.127: Application time: 0.0400620 seconds
197.129: [GC [PSYoungGen: 7696K->480K(8192K)] 17548K->10380K(26112K), 0.0004470 secs] [Times: user=0.00 sys=0.00, real=0.00 secs] 
197.129: Total time for which application threads were stopped: 0.0018920 seconds, Stopping threads took: 0.0013870 seconds
197.170: Application time: 0.0404020 seconds
197.170: [GC [PSYoungGen: 7648K->384K(8192K)] 17548K->10372K(26112K), 0.0004370 secs] [Times: user=0.00 sys=0.00, real=0.00 secs] 
197.170: Total time for which application threads were stopped: 0.0005570 seconds, Stopping threads took: 0.0000680 seconds
197.210: Application time: 0.0394210 seconds
197.210: [GC [PSYoungGen: 7552K->336K(8192K)] 17540K->10412K(26112K), 0.0003880 secs] [Times: user=0.00 sys=0.00, real=0.00 secs] 
197.210: Total time for which application threads were stopped: 0.0005060 seconds, Stopping threads took: 0.0000660 seconds
197.251: Application time: 0.0405990 seconds
197.251: [GC [PSYoungGen: 7504K->320K(8192K)] 17580K->10452K(26112K), 0.0004020 secs] [Times: user=0.00 sys=0.00, real=0.00 secs] 
197.251: Total time for which application threads were stopped: 0.0005200 seconds, Stopping threads took: 0.0000570 seconds
197.291: Application time: 0.0396330 seconds
197.291: [GC [PSYoungGen: 7488K->288K(8192K)] 17620K->10420K(26112K), 0.0003970 secs] [Times: user=0.01 sys=0.00, real=0.00 secs] 
197.291: Total time for which application threads were stopped: 0.0005010 seconds, Stopping threads took: 0.0000420 seconds
197.329: Application time: 0.0374870 seconds
197.329: [GC [PSYoungGen: 7456K->368K(8192K)] 17588K->10556K(26112K), 0.0003880 secs] [Times: user=0.00 sys=0.00, real=0.00 secs] 
197.329: Total time for which application threads were stopped: 0.0005030 seconds, Stopping threads took: 0.0000560 seconds
197.369: Application time: 0.0394780 seconds
197.369: [GC [PSYoungGen: 7536K->384K(8192K)] 17724K->10572K(26112K), 0.0004410 secs] [Times: user=0.00 sys=0.00, real=0.00 secs] 
197.369: Total time for which application threads were stopped: 0.0005550 seconds, Stopping threads took: 0.0000500 seconds
197.408: Application time: 0.0383370 seconds
197.408: [GC [PSYoungGen: 7552K->448K(8192K)] 17740K->10636K(26112K), 0.0004140 secs] [Times: user=0.01 sys=0.00, real=0.00 secs] 
197.408: Total time for which application threads were stopped: 0.0005340 seconds, Stopping threads took: 0.0000550 seconds
197.447: Application time: 0.0386140 seconds
197.447: [GC [PSYoungGen: 7616K->464K(8192K)] 17804K->10652K(26112K), 0.0004260 secs] [Times: user=0.01 sys=0.00, real=0.00 secs] 
197.447: Total time for which application threads were stopped: 0.0005370 seconds, Stopping threads took: 0.0000550 seconds
197.486: Application time: 0.0390010 seconds
197.487: [GC [PSYoungGen: 7632K->480K(8192K)] 17820K->10668K(26112K), 0.0004170 secs] [Times: user=0.00 sys=0.00, real=0.00 secs] 
197.487: Total time for which application threads were stopped: 0.0005110 seconds, Stopping threads took: 0.0000390 seconds
197.526: Application time: 0.0394040 seconds
197.526: [GC [PSYoungGen: 7648K->480K(8192K)] 17836K->10668K(26112K), 0.0004590 secs] [Times: user=0.00 sys=0.00, real=0.00 secs] 
197.527: Total time for which application threads were stopped: 0.0005770 seconds, Stopping threads took: 0.0000550 seconds
197.566: Application time: 0.0392550 seconds
197.566: [GC [PSYoungGen: 7648K->448K(8192K)] 17836K->10684K(26112K), 0.0004410 secs] [Times: user=0.00 sys=0.00, real=0.00 secs] 
197.567: Total time for which application threads were stopped: 0.0005530 seconds, Stopping threads took: 0.0000560 seconds
197.606: Application time: 0.0392370 seconds
197.606: [GC [PSYoungGen: 7616K->464K(8192K)] 17852K->10700K(26112K), 0.0004060 secs] [Times: user=0.00 sys=0.00, real=0.00 secs] 
197.607: Total time for which application threads were stopped: 0.0005180 seconds, Stopping threads took: 0.0000590 seconds
197.646: Application time: 0.0392770 seconds
197.646: [GC [PSYoungGen: 7632K->432K(8192K)] 17868K->10668K(26112K), 0.0004500 secs] [Times: user=0.00 sys=0.00, real=0.00 secs] 
197.646: Total time for which application threads were stopped: 0.0005510 seconds, Stopping threads took: 0.0000490 seconds
197.686: Application time: 0.0392860 seconds
197.686: [GC [PSYoungGen: 7600K->464K(8192K)] 17836K->10700K(26112K), 0.0004200 secs] [Times: user=0.00 sys=0.00, real=0.00 secs] 
197.686: Total time for which application threads were stopped: 0.0005140 seconds, Stopping threads took: 0.0000400 seconds
197.725: Application time: 0.0390740 seconds
197.729: [GC [PSYoungGen: 7632K->544K(8192K)] 17868K->10780K(26112K), 0.0004560 secs] [Times: user=0.00 sys=0.00, real=0.00 secs] 
197.729: Total time for which application threads were stopped: 0.0040400 seconds, Stopping threads took: 0.0035180 seconds
197.769: Application time: 0.0392900 seconds
197.769: [GC [PSYoungGen: 7712K->496K(8192K)] 17948K->10732K(26112K), 0.0004440 secs] [Times: user=0.00 sys=0.00, real=0.01 secs] 
197.769: Total time for which application threads were stopped: 0.0005490 seconds, Stopping threads took: 0.0000490 seconds
197.808: Application time: 0.0392270 seconds
197.808: [GC [PSYoungGen: 7664K->512K(8192K)] 17900K->10748K(26112K), 0.0004330 secs] [Times: user=0.01 sys=0.00, real=0.01 secs] 
197.809: Total time for which application threads were stopped: 0.0005320 seconds, Stopping threads took: 0.0000420 seconds
197.848: Application time: 0.0391980 seconds
197.848: [GC [PSYoungGen: 7680K->528K(8192K)] 17916K->10764K(26112K), 0.0004390 secs] [Times: user=0.00 sys=0.00, real=0.00 secs] 
197.849: Total time for which application threads were stopped: 0.0005490 seconds, Stopping threads took: 0.0000560 seconds
197.888: Application time: 0.0391380 seconds
197.888: [GC [PSYoungGen: 7696K->528K(8192K)] 17932K->10764K(26112K), 0.0004460 secs] [Times: user=0.00 sys=0.00, real=0.00 secs] 
197.888: Total time for which application threads were stopped: 0.0005580 seconds, Stopping threads took: 0.0000580 seconds
197.928: Application time: 0.0392970 seconds
197.928: [GC [PSYoungGen: 7696K->400K(8192K)] 17932K->10756K(26112K), 0.0004180 secs] [Times: user=0.00 sys=0.00, real=0.00 secs] 
197.928: Total time for which application threads were stopped: 0.0005230 seconds, Stopping threads took: 0.0000520 seconds
197.967: Application time: 0.0390320 seconds
197.967: [GC [PSYoungGen: 7568K->384K(8192K)] 17924K->10740K(26112K), 0.0004030 secs] [Times: user=0.00 sys=0.00, real=0.00 secs] 
197.968: Total time for which application threads were stopped: 0.0005070 seconds, Stopping threads took: 0.0000530 seconds
198.007: Application time: 0.0394360 seconds
198.007: [GC [PSYoungGen: 7552K->336K(8192K)] 17908K->10780K(26112K), 0.0003900 secs] [Times: user=0.00 sys=0.00, real=0.00 secs] 
198.008: Total time for which application threads were stopped: 0.0004960 seconds, Stopping threads took: 0.0000500 seconds
198.047: Application time: 0.0392260 seconds
198.049: [GC [PSYoungGen: 7504K->320K(8192K)] 17948K->10812K(26112K), 0.0003820 secs] [Times: user=0.00 sys=0.00, real=0.00 secs] 
198.049: Total time for which application threads were stopped: 0.0023250 seconds, Stopping threads took: 0.0018790 seconds
198.088: Application time: 0.0386560 seconds
198.088: [GC [PSYoungGen: 7488K->320K(8192K)] 17980K->10860K(26112K), 0.0003920 secs] [Times: user=0.00 sys=0.00, real=0.00 secs] 
198.088: Total time for which application threads were stopped: 0.0005010 seconds, Stopping threads took: 0.0000580 seconds
198.127: Application time: 0.0382000 seconds
198.127: [GC [PSYoungGen: 7488K->352K(8192K)] 18028K->10892K(26112K), 0.0004400 secs] [Times: user=0.00 sys=0.00, real=0.00 secs] 
198.127: Total time for which application threads were stopped: 0.0005360 seconds, Stopping threads took: 0.0000430 seconds
198.166: Application time: 0.0388480 seconds
198.166: [GC [PSYoungGen: 7520K->416K(8192K)] 18060K->10956K(26112K), 0.0004000 secs] [Times: user=0.00 sys=0.00, real=0.00 secs] 
198.166: Total time for which application threads were stopped: 0.0005070 seconds, Stopping threads took: 0.0000520 seconds
198.205: Application time: 0.0385690 seconds
198.205: [GC [PSYoungGen: 7584K->432K(8192K)] 18124K->10972K(26112K), 0.0004110 secs] [Times: user=0.00 sys=0.00, real=0.00 secs] 
198.205: Total time for which application threads were stopped: 0.0005160 seconds, Stopping threads took: 0.0000510 seconds
198.245: Application time: 0.0390950 seconds
198.245: [GC [PSYoungGen: 7600K->464K(8192K)] 18140K->11004K(26112K), 0.0004090 secs] [Times: user=0.00 sys=0.00, real=0.00 secs] 
198.245: Total time for which application threads were stopped: 0.0005140 seconds, Stopping threads took: 0.0000500 seconds
198.284: Application time: 0.0386650 seconds
198.284: [GC [PSYoungGen: 7632K->512K(8192K)] 18172K->11052K(26112K), 0.0004590 secs] [Times: user=0.00 sys=0.00, real=0.00 secs] 
198.284: Total time for which application threads were stopped: 0.0005700 seconds, Stopping threads took: 0.0000560 seconds
198.324: Application time: 0.0393690 seconds
198.324: [GC [PSYoungGen: 7680K->448K(8192K)] 18220K->11036K(26112K), 0.0004470 secs] [Times: user=0.00 sys=0.00, real=0.00 secs] 
198.324: Total time for which application threads were stopped: 0.0005530 seconds, Stopping threads took: 0.0000520 seconds
198.364: Application time: 0.0393740 seconds
198.364: [GC [PSYoungGen: 7616K->464K(8192K)] 18204K->11052K(26112K), 0.0005130 secs] [Times: user=0.00 sys=0.00, real=0.00 secs] 
198.364: Total time for which application threads were stopped: 0.0006130 seconds, Stopping threads took: 0.0000460 seconds
198.403: Application time: 0.0392180 seconds
198.404: [GC [PSYoungGen: 7632K->464K(8192K)] 18220K->11052K(26112K), 0.0003920 secs] [Times: user=0.00 sys=0.00, real=0.00 secs] 
198.404: Total time for which application threads were stopped: 0.0004970 seconds, Stopping threads took: 0.0000510 seconds
198.443: Application time: 0.0392290 seconds
198.445: [GC [PSYoungGen: 7632K->432K(8192K)] 18220K->11020K(26112K), 0.0004110 secs] [Times: user=0.00 sys=0.00, real=0.00 secs] 
198.445: Total time for which application threads were stopped: 0.0019690 seconds, Stopping threads took: 0.0015040 seconds
198.485: Application time: 0.0396160 seconds
198.485: [GC [PSYoungGen: 7600K->496K(8192K)] 18188K->11084K(26112K), 0.0004150 secs] [Times: user=0.01 sys=0.00, real=0.00 secs] 
198.485: Total time for which application threads were stopped: 0.0005260 seconds, Stopping threads took: 0.0000550 seconds
198.524: Application time: 0.0386480 seconds
198.524: [GC [PSYoungGen: 7664K->528K(8192K)] 18252K->11116K(26112K), 0.0004740 secs] [Times: user=0.00 sys=0.00, real=0.00 secs] 
198.525: Total time for which application threads were stopped: 0.0005810 seconds, Stopping threads took: 0.0000510 seconds
198.564: Application time: 0.0391990 seconds
198.564: [GC [PSYoungGen: 7696K->512K(8192K)] 18284K->11100K(26112K), 0.0004570 secs] [Times: user=0.00 sys=0.00, real=0.00 secs] 
198.564: Total time for which application threads were stopped: 0.0005610 seconds, Stopping threads took: 0.0000390 seconds
198.604: Application time: 0.0392200 seconds
198.604: [GC [PSYoungGen: 7680K->512K(8192K)] 18268K->11100K(26112K), 0.0004040 secs] [Times: user=0.00 sys=0.00, real=0.00 secs] 
198.604: Total time for which application threads were stopped: 0.0005100 seconds, Stopping threads took: 0.0000540 seconds
198.645: Application time: 0.0404650 seconds
198.645: [GC [PSYoungGen: 7680K->480K(8192K)] 18268K->11068K(26112K), 0.0004520 secs] [Times: user=0.00 sys=0.00, real=0.00 secs] 
198.645: Total time for which application threads were stopped: 0.0005660 seconds, Stopping threads took: 0.0000530 seconds
198.684: Application time: 0.0392150 seconds
198.684: [GC [PSYoungGen: 7648K->448K(8192K)] 18236K->11084K(26112K), 0.0004500 secs] [Times: user=0.00 sys=0.00, real=0.00 secs] 
198.685: Total time for which application threads were stopped: 0.0005680 seconds, Stopping threads took: 0.0000580 seconds
198.724: Application time: 0.0394300 seconds
198.724: [GC [PSYoungGen: 7616K->352K(8192K)] 18252K->11076K(26112K), 0.0004650 secs] [Times: user=0.00 sys=0.00, real=0.00 secs] 
198.725: Total time for which application threads were stopped: 0.0005860 seconds, Stopping threads took: 0.0000570 seconds
198.765: Application time: 0.0405970 seconds
198.766: [GC [PSYoungGen: 7520K->384K(8192K)] 18244K->11156K(26112K), 0.0004740 secs] [Times: user=0.00 sys=0.00, real=0.00 secs] 
198.766: Total time for which application threads were stopped: 0.0005930 seconds, Stopping threads took: 0.0000560 seconds
198.805: Application time: 0.0392860 seconds
198.805: [GC [PSYoungGen: 7552K->336K(8192K)] 18324K->11156K(26112K), 0.0003960 secs] [Times: user=0.00 sys=0.00, real=0.00 secs] 
198.806: Total time for which application threads were stopped: 0.0005040 seconds, Stopping threads took: 0.0000520 seconds
198.845: Application time: 0.0393010 seconds
198.845: [GC [PSYoungGen: 7504K->304K(8192K)] 18324K->11188K(26112K), 0.0003830 secs] [Times: user=0.00 sys=0.00, real=0.00 secs] 
198.846: Total time for which application threads were stopped: 0.0004950 seconds, Stopping threads took: 0.0000570 seconds
198.885: Application time: 0.0391070 seconds
198.885: [GC [PSYoungGen: 7472K->320K(8192K)] 18356K->11260K(26112K), 0.0003720 secs] [Times: user=0.00 sys=0.00, real=0.00 secs] 
198.885: Total time for which application threads were stopped: 0.0004830 seconds, Stopping threads took: 0.0000550 seconds
198.923: Application time: 0.0381220 seconds
198.923: [GC [PSYoungGen: 7488K->320K(8192K)] 18428K->11260K(26112K), 0.0003870 secs] [Times: user=0.00 sys=0.00, real=0.00 secs] 
198.924: Total time for which application threads were stopped: 0.0004950 seconds, Stopping threads took: 0.0000520 seconds
198.962: Application time: 0.0382790 seconds
198.962: [GC [PSYoungGen: 7488K->432K(8192K)] 18428K->11372K(26112K), 0.0004120 secs] [Times: user=0.01 sys=0.00, real=0.00 secs] 
198.963: Total time for which application threads were stopped: 0.0005240 seconds, Stopping threads took: 0.0000560 seconds
199.002: Application time: 0.0391970 seconds
199.002: [GC [PSYoungGen: 7600K->416K(8192K)] 18540K->11356K(26112K), 0.0004340 secs] [Times: user=0.00 sys=0.00, real=0.00 secs] 
199.002: Total time for which application threads were stopped: 0.0005390 seconds, Stopping threads took: 0.0000540 seconds
199.041: Application time: 0.0389330 seconds
199.041: [GC [PSYoungGen: 7584K->464K(8192K)] 18524K->11404K(26112K), 0.0004330 secs] [Times: user=0.00 sys=0.00, real=0.00 secs] 
199.042: Total time for which application threads were stopped: 0.0005460 seconds, Stopping threads took: 0.0000510 seconds
199.081: Application time: 0.0387530 seconds
199.081: [GC [PSYoungGen: 7632K->496K(8192K)] 18572K->11436K(26112K), 0.0004200 secs] [Times: user=0.00 sys=0.00, real=0.00 secs] 
199.081: Total time for which application threads were stopped: 0.0005390 seconds, Stopping threads took: 0.0000510 seconds
199.121: Application time: 0.0395860 seconds
199.121: [GC [PSYoungGen: 7664K->464K(8192K)] 18604K->11452K(26112K), 0.0004110 secs] [Times: user=0.00 sys=0.00, real=0.00 secs] 
199.121: Total time for which application threads were stopped: 0.0005190 seconds, Stopping threads took: 0.0000540 seconds
199.161: Application time: 0.0392950 seconds
199.161: [GC [PSYoungGen: 7632K->496K(8192K)] 18620K->11484K(26112K), 0.0004610 secs] [Times: user=0.01 sys=0.00, real=0.00 secs] 
199.161: Total time for which application threads were stopped: 0.0005570 seconds, Stopping threads took: 0.0000370 seconds
199.200: Application time: 0.0392870 seconds
199.201: [GC [PSYoungGen: 7664K->432K(8192K)] 18652K->11420K(26112K), 0.0003980 secs] [Times: user=0.00 sys=0.00, real=0.00 secs] 
199.201: Total time for which application threads were stopped: 0.0004910 seconds, Stopping threads took: 0.0000410 seconds
199.240: Application time: 0.0392860 seconds
199.240: [GC [PSYoungGen: 7600K->480K(8192K)] 18588K->11468K(26112K), 0.0004010 secs] [Times: user=0.00 sys=0.00, real=0.00 secs] 
199.241: Total time for which application threads were stopped: 0.0005150 seconds, Stopping threads took: 0.0000570 seconds
199.280: Application time: 0.0392670 seconds
199.280: [GC [PSYoungGen: 7648K->480K(8192K)] 18636K->11468K(26112K), 0.0004450 secs] [Times: user=0.00 sys=0.00, real=0.00 secs] 
199.281: Total time for which application threads were stopped: 0.0005450 seconds, Stopping threads took: 0.0000460 seconds
199.320: Application time: 0.0389880 seconds
199.320: [GC [PSYoungGen: 7648K->496K(8192K)] 18636K->11484K(26112K), 0.0004150 secs] [Times: user=0.00 sys=0.00, real=0.00 secs] 
199.320: Total time for which application threads were stopped: 0.0005250 seconds, Stopping threads took: 0.0000570 seconds
199.359: Application time: 0.0391790 seconds
199.359: [GC [PSYoungGen: 7664K->496K(8192K)] 18652K->11484K(26112K), 0.0004130 secs] [Times: user=0.00 sys=0.00, real=0.00 secs] 
199.360: Total time for which application threads were stopped: 0.0005270 seconds, Stopping threads took: 0.0000580 seconds
199.399: Application time: 0.0392960 seconds
199.399: [GC [PSYoungGen: 7664K->528K(8192K)] 18652K->11516K(26112K), 0.0004120 secs] [Times: user=0.00 sys=0.00, real=0.00 secs] 
199.400: Total time for which application threads were stopped: 0.0005200 seconds, Stopping threads took: 0.0000540 seconds
199.439: Application time: 0.0391030 seconds
199.439: [GC [PSYoungGen: 7696K->496K(8192K)] 18684K->11484K(26112K), 0.0004730 secs] [Times: user=0.00 sys=0.00, real=0.00 secs] 
199.439: Total time for which application threads were stopped: 0.0005970 seconds, Stopping threads took: 0.0000650 seconds
199.479: Application time: 0.0391940 seconds
199.479: [GC [PSYoungGen: 7664K->448K(8192K)] 18652K->11492K(26112K), 0.0004560 secs] [Times: user=0.00 sys=0.00, real=0.00 secs] 
199.479: Total time for which application threads were stopped: 0.0005650 seconds, Stopping threads took: 0.0000550 seconds
199.519: Application time: 0.0396350 seconds
199.519: [GC [PSYoungGen: 7616K->400K(8192K)] 18660K->11516K(26112K), 0.0004390 secs] [Times: user=0.00 sys=0.00, real=0.00 secs] 
199.519: Total time for which application threads were stopped: 0.0005480 seconds, Stopping threads took: 0.0000540 seconds
199.558: Application time: 0.0392330 seconds
199.559: [GC [PSYoungGen: 7568K->336K(8192K)] 18684K->11540K(26112K), 0.0003920 secs] [Times: user=0.00 sys=0.00, real=0.00 secs] 
199.559: Total time for which application threads were stopped: 0.0004840 seconds, Stopping threads took: 0.0000400 seconds
199.598: Application time: 0.0391970 seconds
199.598: [GC [PSYoungGen: 7504K->320K(8192K)] 18708K->11524K(26112K), 0.0003860 secs] [Times: user=0.00 sys=0.00, real=0.00 secs] 
199.599: Total time for which application threads were stopped: 0.0005080 seconds, Stopping threads took: 0.0000550 seconds
199.638: Application time: 0.0393980 seconds
199.638: [GC [PSYoungGen: 7488K->336K(8192K)] 18692K->11597K(26112K), 0.0004080 secs] [Times: user=0.01 sys=0.00, real=0.00 secs] 
199.639: Total time for which application threads were stopped: 0.0005310 seconds, Stopping threads took: 0.0000690 seconds
199.677: Application time: 0.0386320 seconds
199.677: [GC [PSYoungGen: 7504K->304K(8192K)] 18765K->11605K(26112K), 0.0004120 secs] [Times: user=0.01 sys=0.00, real=0.00 secs] 
199.678: Total time for which application threads were stopped: 0.0005220 seconds, Stopping threads took: 0.0000560 seconds
199.716: Application time: 0.0384990 seconds
199.716: [GC [PSYoungGen: 7472K->320K(8192K)] 18773K->11621K(26112K), 0.0004230 secs] [Times: user=0.00 sys=0.00, real=0.01 secs] 
199.717: Total time for which application threads were stopped: 0.0005480 seconds, Stopping threads took: 0.0000590 seconds
199.755: Application time: 0.0382560 seconds
199.755: [GC [PSYoungGen: 7488K->384K(8192K)] 18789K->11685K(26112K), 0.0004480 secs] [Times: user=0.00 sys=0.00, real=0.00 secs] 
199.756: Total time for which application threads were stopped: 0.0005420 seconds, Stopping threads took: 0.0000400 seconds
199.797: Application time: 0.0408990 seconds
199.797: [GC [PSYoungGen: 7552K->416K(8192K)] 18853K->11717K(26112K), 0.0004990 secs] [Times: user=0.00 sys=0.00, real=0.01 secs] 
199.797: Total time for which application threads were stopped: 0.0005980 seconds, Stopping threads took: 0.0000400 seconds
199.839: Application time: 0.0418650 seconds
199.839: [GC [PSYoungGen: 7584K->480K(8192K)] 18885K->11781K(26112K), 0.0004240 secs] [Times: user=0.01 sys=0.00, real=0.00 secs] 
199.840: Total time for which application threads were stopped: 0.0005420 seconds, Stopping threads took: 0.0000570 seconds
199.883: Application time: 0.0430300 seconds
199.883: [GC [PSYoungGen: 7648K->512K(8192K)] 18949K->11813K(26112K), 0.0004900 secs] [Times: user=0.00 sys=0.00, real=0.00 secs] 
199.883: Total time for which application threads were stopped: 0.0006050 seconds, Stopping threads took: 0.0000600 seconds
199.926: Application time: 0.0432090 seconds
199.926: [GC [PSYoungGen: 7680K->480K(8192K)] 18981K->11837K(26112K), 0.0004480 secs] [Times: user=0.01 sys=0.00, real=0.00 secs] 
199.927: Total time for which application threads were stopped: 0.0005640 seconds, Stopping threads took: 0.0000570 seconds
199.971: Application time: 0.0437660 seconds
199.973: [GC [PSYoungGen: 7648K->480K(8192K)] 19005K->11837K(26112K), 0.0004610 secs] [Times: user=0.01 sys=0.00, real=0.00 secs] 
199.973: Total time for which application threads were stopped: 0.0025330 seconds, Stopping threads took: 0.0020130 seconds
200.017: Application time: 0.0432900 seconds
200.017: [GC [PSYoungGen: 7648K->480K(8192K)] 19005K->11837K(26112K), 0.0004310 secs] [Times: user=0.00 sys=0.00, real=0.01 secs] 
200.017: Total time for which application threads were stopped: 0.0005310 seconds, Stopping threads took: 0.0000450 seconds
200.061: Application time: 0.0437300 seconds
200.061: [GC [PSYoungGen: 7648K->448K(8192K)] 19005K->11805K(26112K), 0.0004410 secs] [Times: user=0.00 sys=0.00, real=0.00 secs] 
200.061: Total time for which application threads were stopped: 0.0005560 seconds, Stopping threads took: 0.0000600 seconds
200.105: Application time: 0.0431990 seconds
200.105: [GC [PSYoungGen: 7616K->480K(8192K)] 18973K->11837K(26112K), 0.0004500 secs] [Times: user=0.00 sys=0.01, real=0.00 secs] 
200.105: Total time for which application threads were stopped: 0.0006020 seconds, Stopping threads took: 0.0000740 seconds
200.148: Application time: 0.0432140 seconds
200.148: [GC [PSYoungGen: 7648K->480K(8192K)] 19005K->11837K(26112K), 0.0004710 secs] [Times: user=0.01 sys=0.00, real=0.01 secs] 
200.149: Total time for which application threads were stopped: 0.0005880 seconds, Stopping threads took: 0.0000570 seconds
200.192: Application time: 0.0432190 seconds
200.192: [GC [PSYoungGen: 7648K->464K(8192K)] 19005K->11821K(26112K), 0.0004970 secs] [Times: user=0.00 sys=0.00, real=0.00 secs] 
200.193: Total time for which application threads were stopped: 0.0006050 seconds, Stopping threads took: 0.0000520 seconds
200.236: Application time: 0.0431530 seconds
200.236: [GC [PSYoungGen: 7632K->528K(8192K)] 18989K->11885K(26112K), 0.0004500 secs] [Times: user=0.00 sys=0.00, real=0.00 secs] 
200.237: Total time for which application threads were stopped: 0.0005600 seconds, Stopping threads took: 0.0000530 seconds
200.281: Application time: 0.0445210 seconds
200.281: [GC [PSYoungGen: 7696K->512K(8192K)] 19053K->11869K(26112K), 0.0004770 secs] [Times: user=0.00 sys=0.00, real=0.00 secs] 
200.282: Total time for which application threads were stopped: 0.0005980 seconds, Stopping threads took: 0.0000620 seconds
200.325: Application time: 0.0431940 seconds
200.325: [GC [PSYoungGen: 7680K->464K(8192K)] 19037K->11877K(26112K), 0.0004350 secs] [Times: user=0.00 sys=0.00, real=0.00 secs] 
200.325: Total time for which application threads were stopped: 0.0006580 seconds, Stopping threads took: 0.0001690 seconds
200.369: Application time: 0.0431330 seconds
200.369: [GC [PSYoungGen: 7632K->384K(8192K)] 19045K->11885K(26112K), 0.0005110 secs] [Times: user=0.00 sys=0.00, real=0.00 secs] 
200.369: Total time for which application threads were stopped: 0.0006350 seconds, Stopping threads took: 0.0000630 seconds
200.412: Application time: 0.0431620 seconds
200.413: [GC [PSYoungGen: 7552K->320K(8192K)] 19053K->11913K(26112K), 0.0004300 secs] [Times: user=0.00 sys=0.00, real=0.00 secs] 
200.413: Total time for which application threads were stopped: 0.0005480 seconds, Stopping threads took: 0.0000580 seconds
200.456: Application time: 0.0431100 seconds
200.456: [GC [PSYoungGen: 7488K->304K(8192K)] 19081K->11897K(26112K), 0.0004280 secs] [Times: user=0.01 sys=0.00, real=0.00 secs] 
200.457: Total time for which application threads were stopped: 0.0005340 seconds, Stopping threads took: 0.0000460 seconds
200.500: Application time: 0.0431650 seconds
200.500: [GC [PSYoungGen: 7472K->320K(8192K)] 19065K->11961K(26112K), 0.0004120 secs] [Times: user=0.00 sys=0.00, real=0.00 secs] 
200.500: Total time for which application threads were stopped: 0.0005270 seconds, Stopping threads took: 0.0000530 seconds
200.543: Application time: 0.0429480 seconds
200.543: [GC [PSYoungGen: 7488K->288K(8192K)] 19129K->11985K(26112K), 0.0004140 secs] [Times: user=0.00 sys=0.00, real=0.00 secs] 
200.544: Total time for which application threads were stopped: 0.0005290 seconds, Stopping threads took: 0.0000580 seconds
200.585: Application time: 0.0416750 seconds
200.586: [GC [PSYoungGen: 7456K->352K(8192K)] 19153K->12049K(26112K), 0.0004060 secs] [Times: user=0.00 sys=0.00, real=0.00 secs] 
200.586: Total time for which application threads were stopped: 0.0005320 seconds, Stopping threads took: 0.0000690 seconds
200.628: Application time: 0.0420170 seconds
200.628: [GC [PSYoungGen: 7520K->416K(8192K)] 19217K->12113K(26112K), 0.0004430 secs] [Times: user=0.00 sys=0.00, real=0.00 secs] 
200.629: Total time for which application threads were stopped: 0.0005640 seconds, Stopping threads took: 0.0000540 seconds
200.671: Application time: 0.0426030 seconds
200.671: [GC [PSYoungGen: 7584K->464K(8192K)] 19281K->12161K(26112K), 0.0004560 secs] [Times: user=0.00 sys=0.00, real=0.00 secs] 
200.672: Total time for which application threads were stopped: 0.0005770 seconds, Stopping threads took: 0.0000590 seconds
200.715: Application time: 0.0431060 seconds
200.715: [GC [PSYoungGen: 7632K->448K(8192K)] 19329K->12145K(26112K), 0.0004770 secs] [Times: user=0.00 sys=0.00, real=0.00 secs] 
200.715: Total time for which application threads were stopped: 0.0006090 seconds, Stopping threads took: 0.0000650 seconds
200.759: Application time: 0.0432200 seconds
200.759: [GC [PSYoungGen: 7616K->496K(8192K)] 19313K->12193K(26112K), 0.0004380 secs] [Times: user=0.00 sys=0.00, real=0.00 secs] 
200.759: Total time for which application threads were stopped: 0.0005510 seconds, Stopping threads took: 0.0000490 seconds
200.803: Application time: 0.0432660 seconds
200.803: [GC [PSYoungGen: 7664K->464K(8192K)] 19361K->12217K(26112K), 0.0004470 secs] [Times: user=0.01 sys=0.00, real=0.00 secs] 
200.803: Total time for which application threads were stopped: 0.0005600 seconds, Stopping threads took: 0.0000570 seconds
200.846: Application time: 0.0432140 seconds
200.846: [GC [PSYoungGen: 7632K->496K(8192K)] 19385K->12249K(26112K), 0.0004210 secs] [Times: user=0.00 sys=0.00, real=0.00 secs] 
200.847: Total time for which application threads were stopped: 0.0005320 seconds, Stopping threads took: 0.0000570 seconds
200.890: Application time: 0.0433000 seconds
200.890: [GC [PSYoungGen: 7664K->480K(8192K)] 19417K->12233K(26112K), 0.0004330 secs] [Times: user=0.00 sys=0.00, real=0.00 secs] 
200.891: Total time for which application threads were stopped: 0.0005440 seconds, Stopping threads took: 0.0000570 seconds
200.934: Application time: 0.0432030 seconds
200.934: [GC [PSYoungGen: 7648K->448K(8192K)] 19401K->12201K(26112K), 0.0004260 secs] [Times: user=0.01 sys=0.00, real=0.00 secs] 
200.934: Total time for which application threads were stopped: 0.0005370 seconds, Stopping threads took: 0.0000570 seconds
200.977: Application time: 0.0430520 seconds
200.978: [GC [PSYoungGen: 7616K->432K(8192K)] 19369K->12185K(26112K), 0.0004090 secs] [Times: user=0.00 sys=0.00, real=0.00 secs] 
200.978: Total time for which application threads were stopped: 0.0005200 seconds, Stopping threads took: 0.0000570 seconds
201.020: Application time: 0.0423620 seconds
201.020: [GC [PSYoungGen: 7600K->496K(8192K)] 19353K->12249K(26112K), 0.0004540 secs] [Times: user=0.00 sys=0.00, real=0.00 secs] 
201.021: Total time for which application threads were stopped: 0.0005660 seconds, Stopping threads took: 0.0000550 seconds
201.064: Application time: 0.0430110 seconds
201.064: [GC [PSYoungGen: 7664K->480K(8192K)] 19417K->12233K(26112K), 0.0004510 secs] [Times: user=0.01 sys=0.00, real=0.00 secs] 
201.065: Total time for which application threads were stopped: 0.0005590 seconds, Stopping threads took: 0.0000480 seconds
201.108: Application time: 0.0432260 seconds
201.108: [GC [PSYoungGen: 7648K->512K(8192K)] 19401K->12265K(26112K), 0.0004540 secs] [Times: user=0.00 sys=0.00, real=0.00 secs] 
201.108: Total time for which application threads were stopped: 0.0005690 seconds, Stopping threads took: 0.0000590 seconds
201.152: Application time: 0.0432120 seconds
201.152: [GC [PSYoungGen: 7680K->496K(8192K)] 19433K->12249K(26112K), 0.0004790 secs] [Times: user=0.00 sys=0.00, real=0.00 secs] 
201.152: Total time for which application threads were stopped: 0.0005890 seconds, Stopping threads took: 0.0000430 seconds
201.196: Application time: 0.0434530 seconds
201.196: [GC [PSYoungGen: 7664K->480K(8192K)] 19417K->12289K(26112K), 0.0004330 secs] [Times: user=0.00 sys=0.00, real=0.00 secs] 
201.196: Total time for which application threads were stopped: 0.0005460 seconds, Stopping threads took: 0.0000570 seconds
201.239: Application time: 0.0431920 seconds
201.239: [GC [PSYoungGen: 7648K->384K(8192K)] 19457K->12289K(26112K), 0.0004950 secs] [Times: user=0.00 sys=0.00, real=0.00 secs] 
201.241: Total time for which application threads were stopped: 0.0016330 seconds, Stopping threads took: 0.0000580 seconds
201.284: Application time: 0.0433490 seconds
201.284: [GC [PSYoungGen: 7552K->352K(8192K)] 19457K->12345K(26112K), 0.0004240 secs] [Times: user=0.00 sys=0.00, real=0.00 secs] 
201.285: Total time for which application threads were stopped: 0.0005540 seconds, Stopping threads took: 0.0000720 seconds
201.328: Application time: 0.0431040 seconds
201.328: [GC [PSYoungGen: 7520K->320K(8192K)] 19513K->12361K(26112K), 0.0004020 secs] [Times: user=0.00 sys=0.00, real=0.00 secs] 
201.328: Total time for which application threads were stopped: 0.0005150 seconds, Stopping threads took: 0.0000580 seconds
201.371: Application time: 0.0421890 seconds
201.371: [GC [PSYoungGen: 7488K->288K(8192K)] 19529K->12385K(26112K), 0.0004120 secs] [Times: user=0.00 sys=0.00, real=0.00 secs] 
201.371: Total time for which application threads were stopped: 0.0005210 seconds, Stopping threads took: 0.0000530 seconds
201.414: Application time: 0.0427160 seconds
201.414: [GC [PSYoungGen: 7456K->352K(8192K)] 19553K->12449K(26112K), 0.0004640 secs] [Times: user=0.00 sys=0.00, real=0.00 secs] 
201.414: Total time for which application threads were stopped: 0.0005870 seconds, Stopping threads took: 0.0000650 seconds
201.457: Application time: 0.0427660 seconds
201.461: [GC [PSYoungGen: 7520K->352K(8192K)] 19617K->12449K(26112K), 0.0004590 secs] [Times: user=0.00 sys=0.00, real=0.00 secs] 
201.461: Total time for which application threads were stopped: 0.0039760 seconds, Stopping threads took: 0.0034600 seconds
201.503: Application time: 0.0422160 seconds
201.504: [GC [PSYoungGen: 7520K->448K(8192K)] 19617K->12545K(26112K), 0.0004720 secs] [Times: user=0.00 sys=0.00, real=0.00 secs] 
201.504: Total time for which application threads were stopped: 0.0005690 seconds, Stopping threads took: 0.0000420 seconds
201.547: Application time: 0.0425510 seconds
201.547: [GC [PSYoungGen: 7616K->448K(8192K)] 19713K->12545K(26112K), 0.0004240 secs] [Times: user=0.00 sys=0.00, real=0.00 secs] 
201.547: Total time for which application threads were stopped: 0.0005380 seconds, Stopping threads took: 0.0000570 seconds
201.590: Application time: 0.0428800 seconds
201.590: [GC [PSYoungGen: 7616K->496K(8192K)] 19713K->12593K(26112K), 0.0004330 secs] [Times: user=0.00 sys=0.00, real=0.00 secs] 
201.591: Total time for which application threads were stopped: 0.0005380 seconds, Stopping threads took: 0.0000470 seconds
201.635: Application time: 0.0439780 seconds
201.636: [GC [PSYoungGen: 7664K->512K(8192K)] 19761K->12609K(26112K), 0.0004770 secs] [Times: user=0.01 sys=0.00, real=0.00 secs] 
201.636: Total time for which application threads were stopped: 0.0018920 seconds, Stopping threads took: 0.0013480 seconds
201.680: Application time: 0.0431660 seconds
201.680: [GC [PSYoungGen: 7680K->496K(8192K)] 19777K->12641K(26112K), 0.0004480 secs] [Times: user=0.00 sys=0.00, real=0.00 secs] 
201.680: Total time for which application threads were stopped: 0.0005720 seconds, Stopping threads took: 0.0000540 seconds
201.724: Application time: 0.0434780 seconds
201.724: [GC [PSYoungGen: 7664K->432K(8192K)] 19809K->12577K(26112K), 0.0004750 secs] [Times: user=0.00 sys=0.00, real=0.00 secs] 
201.724: Total time for which application threads were stopped: 0.0006170 seconds, Stopping threads took: 0.0000690 seconds
201.767: Application time: 0.0431110 seconds
201.767: [GC [PSYoungGen: 7600K->464K(8192K)] 19745K->12609K(26112K), 0.0004220 secs] [Times: user=0.01 sys=0.00, real=0.00 secs] 
201.768: Total time for which application threads were stopped: 0.0005410 seconds, Stopping threads took: 0.0000570 seconds
201.812: Application time: 0.0444690 seconds
201.812: [GC [PSYoungGen: 7632K->432K(8192K)] 19777K->12577K(26112K), 0.0004640 secs] [Times: user=0.00 sys=0.00, real=0.00 secs] 
201.813: Total time for which application threads were stopped: 0.0005800 seconds, Stopping threads took: 0.0000560 seconds
201.856: Application time: 0.0428040 seconds
201.856: [GC [PSYoungGen: 7600K->464K(8192K)] 19745K->12609K(26112K), 0.0004440 secs] [Times: user=0.00 sys=0.00, real=0.00 secs] 
201.856: Total time for which application threads were stopped: 0.0005600 seconds, Stopping threads took: 0.0000570 seconds
201.899: Application time: 0.0428230 seconds
201.899: [GC [PSYoungGen: 7632K->480K(8192K)] 19777K->12625K(26112K), 0.0004430 secs] [Times: user=0.00 sys=0.00, real=0.00 secs] 
201.900: Total time for which application threads were stopped: 0.0005440 seconds, Stopping threads took: 0.0000440 seconds
201.943: Application time: 0.0430170 seconds
201.943: [GC [PSYoungGen: 7648K->512K(8192K)] 19793K->12657K(26112K), 0.0004750 secs] [Times: user=0.00 sys=0.00, real=0.00 secs] 
201.943: Total time for which application threads were stopped: 0.0005810 seconds, Stopping threads took: 0.0000490 seconds
201.986: Application time: 0.0430100 seconds
201.986: [GC [PSYoungGen: 7680K->544K(8192K)] 19825K->12689K(26112K), 0.0004470 secs] [Times: user=0.00 sys=0.00, real=0.00 secs] 
201.987: Total time for which application threads were stopped: 0.0005580 seconds, Stopping threads took: 0.0000570 seconds
202.030: Application time: 0.0430660 seconds
202.030: [GC [PSYoungGen: 7712K->448K(8192K)] 19857K->12649K(26112K), 0.0004710 secs] [Times: user=0.00 sys=0.00, real=0.00 secs] 
202.031: Total time for which application threads were stopped: 0.0005880 seconds, Stopping threads took: 0.0000590 seconds
202.074: Application time: 0.0431920 seconds
202.074: [GC [PSYoungGen: 7616K->432K(8192K)] 19817K->12673K(26112K), 0.0004540 secs] [Times: user=0.00 sys=0.00, real=0.00 secs] 
202.074: Total time for which application threads were stopped: 0.0005630 seconds, Stopping threads took: 0.0000570 seconds
202.118: Application time: 0.0434790 seconds
202.118: [GC [PSYoungGen: 7600K->400K(8192K)] 19841K->12689K(26112K), 0.0004220 secs] [Times: user=0.00 sys=0.00, real=0.00 secs] 
202.118: Total time for which application threads were stopped: 0.0005440 seconds, Stopping threads took: 0.0000610 seconds
202.161: Application time: 0.0431950 seconds
202.162: [GC [PSYoungGen: 7568K->336K(8192K)] 19857K->12713K(26112K), 0.0004070 secs] [Times: user=0.00 sys=0.00, real=0.00 secs] 
202.162: Total time for which application threads were stopped: 0.0005230 seconds, Stopping threads took: 0.0000570 seconds
202.205: Application time: 0.0431020 seconds
202.205: [GC [PSYoungGen: 7504K->352K(8192K)] 19881K->12777K(26112K), 0.0003920 secs] [Times: user=0.00 sys=0.00, real=0.00 secs] 
202.206: Total time for which application threads were stopped: 0.0005190 seconds, Stopping threads took: 0.0000570 seconds
202.248: Application time: 0.0427310 seconds
202.248: [GC [PSYoungGen: 7520K->288K(8192K)] 19945K->12769K(26112K), 0.0004050 secs] [Times: user=0.00 sys=0.00, real=0.01 secs] 
202.249: Total time for which application threads were stopped: 0.0005310 seconds, Stopping threads took: 0.0000600 seconds
202.291: Application time: 0.0419580 seconds
202.291: [GC [PSYoungGen: 7456K->352K(8192K)] 19937K->12833K(26112K), 0.0004290 secs] [Times: user=0.00 sys=0.00, real=0.00 secs] 
202.291: Total time for which application threads were stopped: 0.0005470 seconds, Stopping threads took: 0.0000580 seconds
202.334: Application time: 0.0422060 seconds
202.334: [GC [PSYoungGen: 7520K->400K(8192K)] 20001K->12881K(26112K), 0.0004610 secs] [Times: user=0.00 sys=0.00, real=0.00 secs] 
202.334: Total time for which application threads were stopped: 0.0005640 seconds, Stopping threads took: 0.0000430 seconds
202.377: Application time: 0.0431320 seconds
202.377: [GC [PSYoungGen: 7568K->416K(8192K)] 20049K->12897K(26112K), 0.0004160 secs] [Times: user=0.00 sys=0.00, real=0.00 secs] 
202.378: Total time for which application threads were stopped: 0.0005330 seconds, Stopping threads took: 0.0000610 seconds
202.421: Application time: 0.0428580 seconds
202.421: [GC [PSYoungGen: 7584K->464K(8192K)] 20065K->12945K(26112K), 0.0004610 secs] [Times: user=0.00 sys=0.00, real=0.00 secs] 
202.421: Total time for which application threads were stopped: 0.0005810 seconds, Stopping threads took: 0.0000590 seconds
202.464: Application time: 0.0426320 seconds
202.464: [GC [PSYoungGen: 7632K->496K(8192K)] 20113K->12977K(26112K), 0.0004900 secs] [Times: user=0.00 sys=0.00, real=0.00 secs] 
202.465: Total time for which application threads were stopped: 0.0006070 seconds, Stopping threads took: 0.0000570 seconds
202.508: Application time: 0.0432300 seconds
202.508: [GC [PSYoungGen: 7664K->448K(8192K)] 20145K->12985K(26112K), 0.0004330 secs] [Times: user=0.00 sys=0.00, real=0.00 secs] 
202.508: Total time for which application threads were stopped: 0.0005460 seconds, Stopping threads took: 0.0000560 seconds
202.552: Application time: 0.0432490 seconds
202.552: [GC [PSYoungGen: 7616K->448K(8192K)] 20153K->12985K(26112K), 0.0004280 secs] [Times: user=0.00 sys=0.00, real=0.00 secs] 
202.552: Total time for which application threads were stopped: 0.0005440 seconds, Stopping threads took: 0.0000470 seconds
202.595: Application time: 0.0432400 seconds
202.595: [GC [PSYoungGen: 7616K->448K(8192K)] 20153K->12985K(26112K), 0.0005190 secs] [Times: user=0.00 sys=0.00, real=0.00 secs] 
202.596: Total time for which application threads were stopped: 0.0006360 seconds, Stopping threads took: 0.0000560 seconds
202.639: Application time: 0.0432640 seconds
202.639: [GC [PSYoungGen: 7616K->464K(8192K)] 20153K->13001K(26112K), 0.0004780 secs] [Times: user=0.01 sys=0.00, real=0.00 secs] 
202.640: Total time for which application threads were stopped: 0.0005900 seconds, Stopping threads took: 0.0000550 seconds
202.683: Application time: 0.0432210 seconds
202.683: [GC [PSYoungGen: 7632K->448K(8192K)] 20169K->12985K(26112K), 0.0004530 secs] [Times: user=0.00 sys=0.00, real=0.00 secs] 
202.684: Total time for which application threads were stopped: 0.0005500 seconds, Stopping threads took: 0.0000370 seconds
202.727: Application time: 0.0433070 seconds
202.727: [GC [PSYoungGen: 7616K->496K(8192K)] 20153K->13033K(26112K), 0.0004970 secs] [Times: user=0.00 sys=0.00, real=0.00 secs] 
202.728: Total time for which application threads were stopped: 0.0006400 seconds, Stopping threads took: 0.0000670 seconds
202.770: Application time: 0.0425090 seconds
202.770: [GC [PSYoungGen: 7664K->528K(8192K)] 20201K->13065K(26112K), 0.0004940 secs] [Times: user=0.00 sys=0.00, real=0.00 secs] 
202.771: Total time for which application threads were stopped: 0.0006120 seconds, Stopping threads took: 0.0000580 seconds
202.814: Application time: 0.0434180 seconds
202.814: [GC [PSYoungGen: 7696K->496K(8192K)] 20233K->13033K(26112K), 0.0004370 secs] [Times: user=0.00 sys=0.00, real=0.00 secs] 
202.815: Total time for which application threads were stopped: 0.0005530 seconds, Stopping threads took: 0.0000580 seconds
202.858: Application time: 0.0431060 seconds
202.858: [GC [PSYoungGen: 7664K->512K(8192K)] 20201K->13049K(26112K), 0.0004470 secs] [Times: user=0.00 sys=0.00, real=0.00 secs] 
202.858: Total time for which application threads were stopped: 0.0005610 seconds, Stopping threads took: 0.0000550 seconds
202.902: Application time: 0.0431710 seconds
202.902: [GC [PSYoungGen: 7680K->480K(8192K)] 20217K->13073K(26112K), 0.0004890 secs] [Times: user=0.00 sys=0.00, real=0.00 secs] 
202.902: Total time for which application threads were stopped: 0.0005830 seconds, Stopping threads took: 0.0000380 seconds
202.945: Application time: 0.0433290 seconds
202.946: [GC [PSYoungGen: 7648K->384K(8192K)] 20241K->13065K(26112K), 0.0004510 secs] [Times: user=0.00 sys=0.00, real=0.00 secs] 
202.946: Total time for which application threads were stopped: 0.0005660 seconds, Stopping threads took: 0.0000530 seconds
202.989: Application time: 0.0432030 seconds
202.989: [GC [PSYoungGen: 7552K->304K(8192K)] 20233K->13066K(26112K), 0.0004630 secs] [Times: user=0.00 sys=0.00, real=0.00 secs] 
202.990: Total time for which application threads were stopped: 0.0005660 seconds, Stopping threads took: 0.0000480 seconds
203.033: Application time: 0.0431090 seconds
203.033: [GC [PSYoungGen: 7472K->304K(8192K)] 20234K->13066K(26112K), 0.0004540 secs] [Times: user=0.00 sys=0.00, real=0.00 secs] 
203.033: Total time for which application threads were stopped: 0.0005550 seconds, Stopping threads took: 0.0000470 seconds
203.077: Application time: 0.0431620 seconds
203.077: [GC [PSYoungGen: 7472K->288K(8192K)] 20234K->13106K(26112K), 0.0004370 secs] [Times: user=0.00 sys=0.00, real=0.00 secs] 
203.077: Total time for which application threads were stopped: 0.0005510 seconds, Stopping threads took: 0.0000580 seconds
203.120: Application time: 0.0430290 seconds
203.120: [GC [PSYoungGen: 7456K->320K(8192K)] 20274K->13186K(26112K), 0.0004180 secs] [Times: user=0.01 sys=0.00, real=0.00 secs] 
203.121: Total time for which application threads were stopped: 0.0005330 seconds, Stopping threads took: 0.0000550 seconds
203.164: Application time: 0.0431080 seconds
203.164: [GC [PSYoungGen: 7488K->352K(8192K)] 20354K->13218K(26112K), 0.0004370 secs] [Times: user=0.00 sys=0.00, real=0.00 secs] 
203.164: Total time for which application threads were stopped: 0.0005560 seconds, Stopping threads took: 0.0000560 seconds
203.207: Application time: 0.0424930 seconds
203.207: [GC [PSYoungGen: 7520K->400K(8192K)] 20386K->13266K(26112K), 0.0004380 secs] [Times: user=0.00 sys=0.00, real=0.00 secs] 
203.207: Total time for which application threads were stopped: 0.0005600 seconds, Stopping threads took: 0.0000620 seconds
203.250: Application time: 0.0423680 seconds
203.250: [GC [PSYoungGen: 7568K->416K(8192K)] 20434K->13282K(26112K), 0.0004360 secs] [Times: user=0.00 sys=0.00, real=0.00 secs] 
203.250: Total time for which application threads were stopped: 0.0005630 seconds, Stopping threads took: 0.0000580 seconds
203.294: Application time: 0.0439080 seconds
203.294: [GC [PSYoungGen: 7584K->496K(8192K)] 20450K->13362K(26112K), 0.0004680 secs] [Times: user=0.00 sys=0.00, real=0.00 secs] 
203.295: Total time for which application threads were stopped: 0.0005910 seconds, Stopping threads took: 0.0000620 seconds
203.338: Application time: 0.0427250 seconds
203.338: [GC [PSYoungGen: 7664K->512K(8192K)] 20530K->13378K(26112K), 0.0004510 secs] [Times: user=0.00 sys=0.00, real=0.00 secs] 
203.338: Total time for which application threads were stopped: 0.0005560 seconds, Stopping threads took: 0.0000450 seconds
203.381: Application time: 0.0431450 seconds
203.381: [GC [PSYoungGen: 7680K->512K(8192K)] 20546K->13378K(26112K), 0.0004390 secs] [Times: user=0.00 sys=0.00, real=0.00 secs] 
203.382: Total time for which application threads were stopped: 0.0005560 seconds, Stopping threads took: 0.0000580 seconds
203.425: Application time: 0.0431960 seconds
203.425: [GC [PSYoungGen: 7680K->464K(8192K)] 20546K->13386K(26112K), 0.0004910 secs] [Times: user=0.01 sys=0.00, real=0.00 secs] 
203.426: Total time for which application threads were stopped: 0.0005970 seconds, Stopping threads took: 0.0000480 seconds
203.469: Application time: 0.0432530 seconds
203.469: [GC [PSYoungGen: 7632K->416K(8192K)] 20554K->13338K(26112K), 0.0004840 secs] [Times: user=0.00 sys=0.00, real=0.00 secs] 
203.469: Total time for which application threads were stopped: 0.0005950 seconds, Stopping threads took: 0.0000520 seconds
203.513: Application time: 0.0431460 seconds
203.513: [GC [PSYoungGen: 7584K->496K(8192K)] 20506K->13418K(26112K), 0.0004700 secs] [Times: user=0.00 sys=0.00, real=0.00 secs] 
203.513: Total time for which application threads were stopped: 0.0005920 seconds, Stopping threads took: 0.0000620 seconds
203.556: Application time: 0.0431620 seconds
203.556: [GC [PSYoungGen: 7664K->496K(8192K)] 20586K->13418K(26112K), 0.0004350 secs] [Times: user=0.01 sys=0.00, real=0.01 secs] 
203.557: Total time for which application threads were stopped: 0.0005540 seconds, Stopping threads took: 0.0000590 seconds
203.600: Application time: 0.0428230 seconds
203.600: [GC [PSYoungGen: 7664K->496K(8192K)] 20586K->13418K(26112K), 0.0004730 secs] [Times: user=0.00 sys=0.00, real=0.00 secs] 
203.600: Total time for which application threads were stopped: 0.0005910 seconds, Stopping threads took: 0.0000590 seconds
203.643: Application time: 0.0430660 seconds
203.644: [GC [PSYoungGen: 7664K->464K(8192K)] 20586K->13386K(26112K), 0.0004360 secs] [Times: user=0.01 sys=0.00, real=0.00 secs] 
203.644: Total time for which application threads were stopped: 0.0005460 seconds, Stopping threads took: 0.0000560 seconds
203.687: Application time: 0.0431080 seconds
203.687: [GC [PSYoungGen: 7632K->496K(8192K)] 20554K->13418K(26112K), 0.0004310 secs] [Times: user=0.00 sys=0.00, real=0.00 secs] 
203.688: Total time for which application threads were stopped: 0.0005430 seconds, Stopping threads took: 0.0000570 seconds
203.731: Application time: 0.0433190 seconds
203.731: [GC [PSYoungGen: 7664K->464K(8192K)] 20586K->13386K(26112K), 0.0005170 secs] [Times: user=0.00 sys=0.00, real=0.00 secs] 
203.732: Total time for which application threads were stopped: 0.0006470 seconds, Stopping threads took: 0.0000610 seconds
203.775: Application time: 0.0430580 seconds
203.775: [GC [PSYoungGen: 7632K->432K(8192K)] 20554K->13410K(26112K), 0.0004590 secs] [Times: user=0.01 sys=0.00, real=0.00 secs] 
203.775: Total time for which application threads were stopped: 0.0005760 seconds, Stopping threads took: 0.0000450 seconds
203.816: Application time: 0.0407920 seconds
203.816: [GC [PSYoungGen: 7600K->400K(8192K)] 20578K->13458K(26112K), 0.0004130 secs] [Times: user=0.00 sys=0.00, real=0.00 secs] 
203.817: Total time for which application threads were stopped: 0.0005490 seconds, Stopping threads took: 0.0000730 seconds
203.856: Application time: 0.0393230 seconds
203.857: [GC [PSYoungGen: 7568K->352K(8192K)] 20626K->13458K(26112K), 0.0004020 secs] [Times: user=0.01 sys=0.00, real=0.00 secs] 
203.857: Total time for which application threads were stopped: 0.0012780 seconds, Stopping threads took: 0.0008230 seconds
203.896: Application time: 0.0392370 seconds
203.897: [GC [PSYoungGen: 7520K->336K(8192K)] 20626K->13498K(26112K), 0.0004100 secs] [Times: user=0.00 sys=0.00, real=0.01 secs] 
203.897: Total time for which application threads were stopped: 0.0005110 seconds, Stopping threads took: 0.0000470 seconds
203.937: Application time: 0.0396610 seconds
203.937: [GC [PSYoungGen: 7504K->288K(8192K)] 20666K->13490K(26112K), 0.0003910 secs] [Times: user=0.00 sys=0.00, real=0.00 secs] 
203.937: Total time for which application threads were stopped: 0.0005050 seconds, Stopping threads took: 0.0000580 seconds
203.976: Application time: 0.0385050 seconds
203.976: [GC [PSYoungGen: 7456K->320K(8192K)] 20658K->13586K(26112K), 0.0003820 secs] [Times: user=0.00 sys=0.00, real=0.00 secs] 
203.976: Total time for which application threads were stopped: 0.0004950 seconds, Stopping threads took: 0.0000570 seconds
204.014: Application time: 0.0383110 seconds
204.015: [GC [PSYoungGen: 7488K->384K(8192K)] 20754K->13650K(26112K), 0.0003710 secs] [Times: user=0.00 sys=0.00, real=0.00 secs] 
204.015: Total time for which application threads were stopped: 0.0004710 seconds, Stopping threads took: 0.0000460 seconds
204.053: Application time: 0.0383180 seconds
204.053: [GC [PSYoungGen: 7552K->400K(8192K)] 20818K->13666K(26112K), 0.0004390 secs] [Times: user=0.00 sys=0.00, real=0.00 secs] 
204.054: Total time for which application threads were stopped: 0.0005480 seconds, Stopping threads took: 0.0000570 seconds
204.093: Application time: 0.0392570 seconds
204.093: [GC [PSYoungGen: 7568K->416K(8192K)] 20834K->13682K(26112K), 0.0004000 secs] [Times: user=0.00 sys=0.00, real=0.00 secs] 
204.094: Total time for which application threads were stopped: 0.0005070 seconds, Stopping threads took: 0.0000530 seconds
204.132: Application time: 0.0380430 seconds
204.132: [GC [PSYoungGen: 7584K->496K(8192K)] 20850K->13762K(26112K), 0.0004480 secs] [Times: user=0.01 sys=0.00, real=0.00 secs] 
204.132: Total time for which application threads were stopped: 0.0005830 seconds, Stopping threads took: 0.0000760 seconds
204.171: Application time: 0.0392340 seconds
204.171: [GC [PSYoungGen: 7664K->512K(8192K)] 20930K->13778K(26112K), 0.0004810 secs] [Times: user=0.00 sys=0.00, real=0.00 secs] 
204.172: Total time for which application threads were stopped: 0.0005970 seconds, Stopping threads took: 0.0000550 seconds
204.212: Application time: 0.0395280 seconds
204.212: [GC [PSYoungGen: 7680K->432K(8192K)] 20946K->13754K(26112K), 0.0004570 secs] [Times: user=0.00 sys=0.00, real=0.00 secs] 
204.212: Total time for which application threads were stopped: 0.0005610 seconds, Stopping threads took: 0.0000520 seconds
204.251: Application time: 0.0392630 seconds
204.251: [GC [PSYoungGen: 7600K->448K(8192K)] 20922K->13770K(26112K), 0.0004080 secs] [Times: user=0.01 sys=0.00, real=0.00 secs] 
204.252: Total time for which application threads were stopped: 0.0005170 seconds, Stopping threads took: 0.0000520 seconds
204.291: Application time: 0.0392210 seconds
204.291: [GC [PSYoungGen: 7616K->464K(8192K)] 20938K->13786K(26112K), 0.0004190 secs] [Times: user=0.00 sys=0.00, real=0.00 secs] 
204.292: Total time for which application threads were stopped: 0.0005530 seconds, Stopping threads took: 0.0000560 seconds
204.331: Application time: 0.0393370 seconds
204.331: [GC [PSYoungGen: 7632K->480K(8192K)] 20954K->13802K(26112K), 0.0004320 secs] [Times: user=0.00 sys=0.00, real=0.00 secs] 
204.332: Total time for which application threads were stopped: 0.0005370 seconds, Stopping threads took: 0.0000490 seconds
204.371: Application time: 0.0393910 seconds
204.371: [GC [PSYoungGen: 7648K->480K(8192K)] 20970K->13802K(26112K), 0.0005040 secs] [Times: user=0.00 sys=0.00, real=0.00 secs] 
204.372: Total time for which application threads were stopped: 0.0006070 seconds, Stopping threads took: 0.0000430 seconds
204.410: Application time: 0.0385690 seconds
204.410: [GC [PSYoungGen: 7648K->480K(8192K)] 20970K->13802K(26112K), 0.0004140 secs] [Times: user=0.00 sys=0.00, real=0.00 secs] 
204.411: Total time for which application threads were stopped: 0.0005200 seconds, Stopping threads took: 0.0000520 seconds
204.450: Application time: 0.0394860 seconds
204.450: [GC [PSYoungGen: 7648K->512K(8192K)] 20970K->13834K(26112K), 0.0004640 secs] [Times: user=0.00 sys=0.00, real=0.00 secs] 
204.451: Total time for which application threads were stopped: 0.0005740 seconds, Stopping threads took: 0.0000550 seconds
204.490: Application time: 0.0391750 seconds
204.490: [GC [PSYoungGen: 7680K->512K(8192K)] 21002K->13834K(26112K), 0.0004160 secs] [Times: user=0.00 sys=0.00, real=0.00 secs] 
204.490: Total time for which application threads were stopped: 0.0005270 seconds, Stopping threads took: 0.0000540 seconds
204.530: Application time: 0.0391960 seconds
204.530: [GC [PSYoungGen: 7680K->528K(8192K)] 21002K->13850K(26112K), 0.0004350 secs] [Times: user=0.00 sys=0.00, real=0.00 secs] 
204.530: Total time for which application threads were stopped: 0.0005450 seconds, Stopping threads took: 0.0000550 seconds
204.569: Application time: 0.0392230 seconds
204.569: [GC [PSYoungGen: 7696K->448K(8192K)] 21018K->13826K(26112K), 0.0004150 secs] [Times: user=0.01 sys=0.00, real=0.00 secs] 
204.570: Total time for which application threads were stopped: 0.0005160 seconds, Stopping threads took: 0.0000460 seconds
204.609: Application time: 0.0392490 seconds
204.609: [GC [PSYoungGen: 7616K->384K(8192K)] 20994K->13842K(26112K), 0.0004370 secs] [Times: user=0.00 sys=0.00, real=0.00 secs] 
204.610: Total time for which application threads were stopped: 0.0005480 seconds, Stopping threads took: 0.0000550 seconds
204.653: Application time: 0.0431050 seconds
204.653: [GC [PSYoungGen: 7552K->336K(8192K)] 21010K->13874K(26112K), 0.0004880 secs] [Times: user=0.00 sys=0.00, real=0.00 secs] 
204.653: Total time for which application threads were stopped: 0.0005870 seconds, Stopping threads took: 0.0000350 seconds
204.694: Application time: 0.0407820 seconds
204.694: [GC [PSYoungGen: 7504K->336K(8192K)] 21042K->13874K(26112K), 0.0003760 secs] [Times: user=0.00 sys=0.00, real=0.00 secs] 
204.695: Total time for which application threads were stopped: 0.0004770 seconds, Stopping threads took: 0.0000450 seconds
204.734: Application time: 0.0396810 seconds
204.734: [GC [PSYoungGen: 7504K->272K(8192K)] 21042K->13898K(26112K), 0.0004160 secs] [Times: user=0.01 sys=0.00, real=0.00 secs] 
204.735: Total time for which application threads were stopped: 0.0005400 seconds, Stopping threads took: 0.0000630 seconds
204.773: Application time: 0.0379730 seconds
204.773: [GC [PSYoungGen: 7427K->336K(8192K)] 21053K->13962K(26112K), 0.0003800 secs] [Times: user=0.00 sys=0.00, real=0.00 secs] 
204.773: Total time for which application threads were stopped: 0.0004810 seconds, Stopping threads took: 0.0000420 seconds
204.813: Application time: 0.0400520 seconds
204.813: [GC [PSYoungGen: 7504K->368K(8192K)] 21130K->13994K(26112K), 0.0004570 secs] [Times: user=0.00 sys=0.00, real=0.00 secs] 
204.814: Total time for which application threads were stopped: 0.0005890 seconds, Stopping threads took: 0.0000590 seconds
204.853: Application time: 0.0386310 seconds
204.853: [GC [PSYoungGen: 7536K->336K(8192K)] 21162K->13962K(26112K), 0.0004190 secs] [Times: user=0.00 sys=0.00, real=0.00 secs] 
204.853: Total time for which application threads were stopped: 0.0005340 seconds, Stopping threads took: 0.0000570 seconds
204.891: Application time: 0.0381940 seconds
204.891: [GC [PSYoungGen: 7504K->480K(8192K)] 21130K->14106K(26112K), 0.0004110 secs] [Times: user=0.00 sys=0.00, real=0.00 secs] 
204.892: Total time for which application threads were stopped: 0.0005370 seconds, Stopping threads took: 0.0000700 seconds
204.931: Application time: 0.0387570 seconds
204.931: [GC [PSYoungGen: 7648K->512K(8192K)] 21274K->14138K(26112K), 0.0004140 secs] [Times: user=0.00 sys=0.00, real=0.00 secs] 
204.931: Total time for which application threads were stopped: 0.0005150 seconds, Stopping threads took: 0.0000450 seconds
204.970: Application time: 0.0393520 seconds
204.971: [GC [PSYoungGen: 7680K->528K(8192K)] 21306K->14154K(26112K), 0.0004110 secs] [Times: user=0.00 sys=0.00, real=0.00 secs] 
204.971: Total time for which application threads were stopped: 0.0005100 seconds, Stopping threads took: 0.0000500 seconds
205.010: Application time: 0.0392520 seconds
205.010: [GC [PSYoungGen: 7696K->496K(8192K)] 21322K->14170K(26112K), 0.0004220 secs] [Times: user=0.00 sys=0.00, real=0.00 secs] 
205.011: Total time for which application threads were stopped: 0.0005300 seconds, Stopping threads took: 0.0000580 seconds
205.051: Application time: 0.0397610 seconds
205.051: [GC [PSYoungGen: 7664K->432K(8192K)] 21338K->14106K(26112K), 0.0004180 secs] [Times: user=0.00 sys=0.00, real=0.00 secs] 
205.051: Total time for which application threads were stopped: 0.0005260 seconds, Stopping threads took: 0.0000520 seconds
205.090: Application time: 0.0393010 seconds
205.090: [GC [PSYoungGen: 7600K->496K(8192K)] 21274K->14170K(26112K), 0.0004590 secs] [Times: user=0.00 sys=0.00, real=0.00 secs] 
205.091: Total time for which application threads were stopped: 0.0005620 seconds, Stopping threads took: 0.0000490 seconds
205.130: Application time: 0.0393580 seconds
205.130: [GC [PSYoungGen: 7664K->464K(8192K)] 21338K->14138K(26112K), 0.0004230 secs] [Times: user=0.00 sys=0.00, real=0.00 secs] 
205.131: Total time for which application threads were stopped: 0.0005370 seconds, Stopping threads took: 0.0000570 seconds
205.170: Application time: 0.0390970 seconds
205.170: [GC [PSYoungGen: 7632K->480K(8192K)] 21306K->14154K(26112K), 0.0004110 secs] [Times: user=0.00 sys=0.00, real=0.00 secs] 
205.170: Total time for which application threads were stopped: 0.0005200 seconds, Stopping threads took: 0.0000550 seconds
205.209: Application time: 0.0388260 seconds
205.209: [GC [PSYoungGen: 7648K->544K(8192K)] 21322K->14218K(26112K), 0.0005040 secs] [Times: user=0.00 sys=0.00, real=0.00 secs] 
205.210: Total time for which application threads were stopped: 0.0006150 seconds, Stopping threads took: 0.0000560 seconds
205.249: Application time: 0.0391970 seconds
205.249: [GC [PSYoungGen: 7712K->528K(8192K)] 21386K->14202K(26112K), 0.0004240 secs] [Times: user=0.00 sys=0.00, real=0.00 secs] 
205.250: Total time for which application threads were stopped: 0.0005310 seconds, Stopping threads took: 0.0000550 seconds
205.289: Application time: 0.0391640 seconds
205.289: [GC [PSYoungGen: 7696K->496K(8192K)] 21370K->14170K(26112K), 0.0004150 secs] [Times: user=0.00 sys=0.00, real=0.00 secs] 
205.289: Total time for which application threads were stopped: 0.0005210 seconds, Stopping threads took: 0.0000550 seconds
205.329: Application time: 0.0392220 seconds
205.329: [GC [PSYoungGen: 7664K->496K(8192K)] 21338K->14170K(26112K), 0.0004400 secs] [Times: user=0.01 sys=0.00, real=0.01 secs] 
205.329: Total time for which application threads were stopped: 0.0005600 seconds, Stopping threads took: 0.0000540 seconds
205.394: Application time: 0.0646430 seconds
205.394: [GC [PSYoungGen: 7664K->448K(8192K)] 21338K->14218K(26112K), 0.0004960 secs] [Times: user=0.00 sys=0.00, real=0.00 secs] 
205.394: Total time for which application threads were stopped: 0.0006110 seconds, Stopping threads took: 0.0000480 seconds
205.431: Application time: 0.0366580 seconds
205.431: [GC [PSYoungGen: 7616K->368K(8192K)] 21386K->14194K(26112K), 0.0004770 secs] [Times: user=0.00 sys=0.00, real=0.00 secs] 
205.432: Total time for which application threads were stopped: 0.0005830 seconds, Stopping threads took: 0.0000510 seconds
205.468: Application time: 0.0368830 seconds
205.469: [GC [PSYoungGen: 7536K->368K(8192K)] 21362K->14242K(26112K), 0.0003940 secs] [Times: user=0.01 sys=0.00, real=0.01 secs] 
205.469: Total time for which application threads were stopped: 0.0005040 seconds, Stopping threads took: 0.0000550 seconds
205.506: Application time: 0.0368760 seconds
205.506: [GC [PSYoungGen: 7536K->288K(8192K)] 21410K->14242K(26112K), 0.0004490 secs] [Times: user=0.00 sys=0.00, real=0.00 secs] 
205.506: Total time for which application threads were stopped: 0.0005540 seconds, Stopping threads took: 0.0000480 seconds
205.542: Application time: 0.0360790 seconds
205.543: [GC [PSYoungGen: 7456K->304K(8192K)] 21410K->14314K(26112K), 0.0004290 secs] [Times: user=0.00 sys=0.00, real=0.00 secs] 
205.543: Total time for which application threads were stopped: 0.0005360 seconds, Stopping threads took: 0.0000470 seconds
205.579: Application time: 0.0360590 seconds
205.579: [GC [PSYoungGen: 7472K->384K(8192K)] 21482K->14394K(26112K), 0.0003790 secs] [Times: user=0.00 sys=0.00, real=0.00 secs] 
205.580: Total time for which application threads were stopped: 0.0004740 seconds, Stopping threads took: 0.0000410 seconds
205.616: Application time: 0.0362470 seconds
205.616: [GC [PSYoungGen: 7552K->400K(8192K)] 21562K->14410K(26112K), 0.0003870 secs] [Times: user=0.00 sys=0.00, real=0.00 secs] 
205.616: Total time for which application threads were stopped: 0.0004960 seconds, Stopping threads took: 0.0000540 seconds
205.653: Application time: 0.0362610 seconds
205.653: [GC [PSYoungGen: 7568K->416K(8192K)] 21578K->14426K(26112K), 0.0003990 secs] [Times: user=0.00 sys=0.00, real=0.00 secs] 
205.653: Total time for which application threads were stopped: 0.0005080 seconds, Stopping threads took: 0.0000560 seconds
205.689: Application time: 0.0361550 seconds
205.689: [GC [PSYoungGen: 7584K->496K(8192K)] 21594K->14506K(26112K), 0.0004120 secs] [Times: user=0.00 sys=0.00, real=0.00 secs] 
205.690: Total time for which application threads were stopped: 0.0005220 seconds, Stopping threads took: 0.0000550 seconds
205.726: Application time: 0.0365920 seconds
205.726: [GC [PSYoungGen: 7664K->512K(8192K)] 21674K->14522K(26112K), 0.0004850 secs] [Times: user=0.00 sys=0.00, real=0.00 secs] 
205.727: Total time for which application threads were stopped: 0.0006100 seconds, Stopping threads took: 0.0000610 seconds
205.764: Application time: 0.0367090 seconds
205.764: [GC [PSYoungGen: 7680K->496K(8192K)] 21690K->14506K(26112K), 0.0004270 secs] [Times: user=0.01 sys=0.00, real=0.00 secs] 
205.764: Total time for which application threads were stopped: 0.0005360 seconds, Stopping threads took: 0.0000540 seconds
205.801: Application time: 0.0368380 seconds
205.801: [GC [PSYoungGen: 7664K->448K(8192K)] 21674K->14506K(26112K), 0.0004810 secs] [Times: user=0.00 sys=0.00, real=0.00 secs] 
205.802: Total time for which application threads were stopped: 0.0005950 seconds, Stopping threads took: 0.0000590 seconds
205.838: Application time: 0.0367390 seconds
205.838: [GC [PSYoungGen: 7616K->512K(8192K)] 21674K->14570K(26112K), 0.0004450 secs] [Times: user=0.00 sys=0.00, real=0.00 secs] 
205.839: Total time for which application threads were stopped: 0.0005650 seconds, Stopping threads took: 0.0000540 seconds
205.876: Application time: 0.0367630 seconds
205.876: [GC [PSYoungGen: 7680K->480K(8192K)] 21738K->14538K(26112K), 0.0003980 secs] [Times: user=0.00 sys=0.00, real=0.00 secs] 
205.876: Total time for which application threads were stopped: 0.0005010 seconds, Stopping threads took: 0.0000480 seconds
205.913: Application time: 0.0368690 seconds
205.913: [GC [PSYoungGen: 7648K->464K(8192K)] 21706K->14522K(26112K), 0.0004220 secs] [Times: user=0.00 sys=0.00, real=0.00 secs] 
205.914: Total time for which application threads were stopped: 0.0005270 seconds, Stopping threads took: 0.0000400 seconds
205.950: Application time: 0.0366470 seconds
205.950: [GC [PSYoungGen: 7632K->448K(8192K)] 21690K->14506K(26112K), 0.0004590 secs] [Times: user=0.00 sys=0.00, real=0.00 secs] 
205.951: Total time for which application threads were stopped: 0.0005470 seconds, Stopping threads took: 0.0000350 seconds
205.987: Application time: 0.0357760 seconds
205.987: [GC [PSYoungGen: 7616K->496K(8192K)] 21674K->14554K(26112K), 0.0004260 secs] [Times: user=0.00 sys=0.00, real=0.00 secs] 
205.987: Total time for which application threads were stopped: 0.0005410 seconds, Stopping threads took: 0.0000570 seconds
206.024: Application time: 0.0371000 seconds
206.024: [GC [PSYoungGen: 7664K->528K(8192K)] 21722K->14586K(26112K), 0.0004320 secs] [Times: user=0.00 sys=0.00, real=0.00 secs] 
206.025: Total time for which application threads were stopped: 0.0005440 seconds, Stopping threads took: 0.0000520 seconds
206.062: Application time: 0.0367560 seconds
206.062: [GC [PSYoungGen: 7696K->512K(8192K)] 21754K->14570K(26112K), 0.0004200 secs] [Times: user=0.00 sys=0.00, real=0.00 secs] 
206.062: Total time for which application threads were stopped: 0.0005360 seconds, Stopping threads took: 0.0000570 seconds
206.099: Application time: 0.0367190 seconds
206.099: [GC [PSYoungGen: 7680K->432K(8192K)] 21738K->14538K(26112K), 0.0004580 secs] [Times: user=0.00 sys=0.00, real=0.00 secs] 
206.099: Total time for which application threads were stopped: 0.0005580 seconds, Stopping threads took: 0.0000500 seconds
206.136: Application time: 0.0368180 seconds
206.136: [GC [PSYoungGen: 7600K->432K(8192K)] 21706K->14626K(26112K), 0.0004200 secs] [Times: user=0.00 sys=0.00, real=0.01 secs] 
206.137: Total time for which application threads were stopped: 0.0005210 seconds, Stopping threads took: 0.0000500 seconds
206.175: Application time: 0.0379870 seconds
206.175: [GC [PSYoungGen: 7600K->352K(8192K)] 21794K->14594K(26112K), 0.0004210 secs] [Times: user=0.01 sys=0.00, real=0.00 secs] 
206.175: Total time for which application threads were stopped: 0.0005390 seconds, Stopping threads took: 0.0000580 seconds
206.212: Application time: 0.0368470 seconds
206.212: [GC [PSYoungGen: 7520K->304K(8192K)] 21762K->14602K(26112K), 0.0003990 secs] [Times: user=0.00 sys=0.00, real=0.00 secs] 
206.213: Total time for which application threads were stopped: 0.0004980 seconds, Stopping threads took: 0.0000420 seconds
206.249: Application time: 0.0367230 seconds
206.249: [GC [PSYoungGen: 7472K->304K(8192K)] 21770K->14659K(26112K), 0.0004340 secs] [Times: user=0.01 sys=0.00, real=0.00 secs] 
206.251: Total time for which application threads were stopped: 0.0016770 seconds, Stopping threads took: 0.0000400 seconds
206.287: Application time: 0.0364300 seconds
206.287: [GC [PSYoungGen: 7472K->288K(8192K)] 21827K->14699K(26112K), 0.0003950 secs] [Times: user=0.00 sys=0.00, real=0.00 secs] 
206.288: Total time for which application threads were stopped: 0.0005010 seconds, Stopping threads took: 0.0000460 seconds
206.325: Application time: 0.0367930 seconds
206.325: [GC [PSYoungGen: 7456K->368K(8192K)] 21867K->14779K(26112K), 0.0004170 secs] [Times: user=0.01 sys=0.00, real=0.00 secs] 
206.325: Total time for which application threads were stopped: 0.0005230 seconds, Stopping threads took: 0.0000480 seconds
206.361: Application time: 0.0361480 seconds
206.361: [GC [PSYoungGen: 7536K->368K(8192K)] 21947K->14779K(26112K), 0.0003900 secs] [Times: user=0.00 sys=0.00, real=0.00 secs] 
206.362: Total time for which application threads were stopped: 0.0005110 seconds, Stopping threads took: 0.0000550 seconds
206.398: Application time: 0.0363940 seconds
206.398: [GC [PSYoungGen: 7536K->416K(8192K)] 21947K->14827K(26112K), 0.0004210 secs] [Times: user=0.01 sys=0.00, real=0.00 secs] 
206.399: Total time for which application threads were stopped: 0.0005170 seconds, Stopping threads took: 0.0000410 seconds
206.435: Application time: 0.0363550 seconds
206.435: [GC [PSYoungGen: 7584K->480K(8192K)] 21995K->14891K(26112K), 0.0004490 secs] [Times: user=0.00 sys=0.00, real=0.00 secs] 
206.436: Total time for which application threads were stopped: 0.0005470 seconds, Stopping threads took: 0.0000410 seconds
206.472: Application time: 0.0361390 seconds
206.472: [GC [PSYoungGen: 7648K->528K(8192K)] 22059K->14939K(26112K), 0.0004670 secs] [Times: user=0.00 sys=0.00, real=0.00 secs] 
206.472: Total time for which application threads were stopped: 0.0005790 seconds, Stopping threads took: 0.0000540 seconds
206.510: Application time: 0.0371450 seconds
206.510: [GC [PSYoungGen: 7696K->464K(8192K)] 22107K->14875K(26112K), 0.0004090 secs] [Times: user=0.00 sys=0.00, real=0.00 secs] 
206.510: Total time for which application threads were stopped: 0.0005140 seconds, Stopping threads took: 0.0000540 seconds
206.547: Application time: 0.0368240 seconds
206.547: [GC [PSYoungGen: 7632K->480K(8192K)] 22043K->14939K(26112K), 0.0004270 secs] [Times: user=0.01 sys=0.00, real=0.00 secs] 
206.547: Total time for which application threads were stopped: 0.0005240 seconds, Stopping threads took: 0.0000440 seconds
206.584: Application time: 0.0367460 seconds
206.584: [GC [PSYoungGen: 7648K->416K(8192K)] 22107K->14875K(26112K), 0.0004130 secs] [Times: user=0.00 sys=0.00, real=0.00 secs] 
206.585: Total time for which application threads were stopped: 0.0005060 seconds, Stopping threads took: 0.0000420 seconds
206.622: Application time: 0.0368210 seconds
206.625: [GC [PSYoungGen: 7584K->432K(8192K)] 22043K->14891K(26112K), 0.0004140 secs] [Times: user=0.00 sys=0.00, real=0.00 secs] 
206.625: Total time for which application threads were stopped: 0.0036530 seconds, Stopping threads took: 0.0031860 seconds
206.662: Application time: 0.0368130 seconds
206.662: [GC [PSYoungGen: 7600K->480K(8192K)] 22059K->14939K(26112K), 0.0004670 secs] [Times: user=0.00 sys=0.00, real=0.00 secs] 
206.663: Total time for which application threads were stopped: 0.0005910 seconds, Stopping threads took: 0.0000660 seconds
206.699: Application time: 0.0366730 seconds
206.699: [GC [PSYoungGen: 7648K->448K(8192K)] 22107K->14907K(26112K), 0.0004210 secs] [Times: user=0.00 sys=0.00, real=0.00 secs] 
206.700: Total time for which application threads were stopped: 0.0005290 seconds, Stopping threads took: 0.0000540 seconds
206.736: Application time: 0.0366550 seconds
206.737: [GC [PSYoungGen: 7616K->512K(8192K)] 22075K->14971K(26112K), 0.0004580 secs] [Times: user=0.00 sys=0.00, real=0.01 secs] 
206.737: Total time for which application threads were stopped: 0.0005760 seconds, Stopping threads took: 0.0000550 seconds
206.774: Application time: 0.0367190 seconds
206.774: [GC [PSYoungGen: 7680K->544K(8192K)] 22139K->15003K(26112K), 0.0004280 secs] [Times: user=0.00 sys=0.00, real=0.00 secs] 
206.774: Total time for which application threads were stopped: 0.0005290 seconds, Stopping threads took: 0.0000490 seconds
206.811: Application time: 0.0367100 seconds
206.811: [GC [PSYoungGen: 7712K->496K(8192K)] 22171K->14955K(26112K), 0.0004340 secs] [Times: user=0.00 sys=0.00, real=0.00 secs] 
206.812: Total time for which application threads were stopped: 0.0005330 seconds, Stopping threads took: 0.0000470 seconds
206.848: Application time: 0.0366430 seconds
206.848: [GC [PSYoungGen: 7664K->448K(8192K)] 22123K->14963K(26112K), 0.0004120 secs] [Times: user=0.00 sys=0.00, real=0.00 secs] 
206.849: Total time for which application threads were stopped: 0.0005270 seconds, Stopping threads took: 0.0000580 seconds
206.885: Application time: 0.0367470 seconds
206.886: [GC [PSYoungGen: 7616K->384K(8192K)] 22131K->14987K(26112K), 0.0004190 secs] [Times: user=0.00 sys=0.00, real=0.00 secs] 
206.886: Total time for which application threads were stopped: 0.0005330 seconds, Stopping threads took: 0.0000500 seconds
206.923: Application time: 0.0367720 seconds
206.923: [GC [PSYoungGen: 7552K->336K(8192K)] 22155K->14987K(26112K), 0.0004010 secs] [Times: user=0.00 sys=0.00, real=0.00 secs] 
206.923: Total time for which application threads were stopped: 0.0005120 seconds, Stopping threads took: 0.0000550 seconds
206.960: Application time: 0.0367840 seconds
206.960: [GC [PSYoungGen: 7504K->336K(8192K)] 22155K->15043K(26112K), 0.0003880 secs] [Times: user=0.00 sys=0.00, real=0.00 secs] 
206.961: Total time for which application threads were stopped: 0.0004980 seconds, Stopping threads took: 0.0000550 seconds
206.997: Application time: 0.0367000 seconds
206.997: [GC [PSYoungGen: 7504K->304K(8192K)] 22211K->15067K(26112K), 0.0003780 secs] [Times: user=0.00 sys=0.00, real=0.00 secs] 
206.998: Total time for which application threads were stopped: 0.0004780 seconds, Stopping threads took: 0.0000490 seconds
207.034: Application time: 0.0364900 seconds
207.034: [GC [PSYoungGen: 7472K->288K(8192K)] 22235K->15099K(26112K), 0.0003820 secs] [Times: user=0.00 sys=0.00, real=0.00 secs] 
207.035: Total time for which application threads were stopped: 0.0004950 seconds, Stopping threads took: 0.0000560 seconds
207.070: Application time: 0.0355550 seconds
207.070: [GC [PSYoungGen: 7456K->352K(8192K)] 22267K->15163K(26112K), 0.0003880 secs] [Times: user=0.00 sys=0.00, real=0.00 secs] 
207.071: Total time for which application threads were stopped: 0.0004980 seconds, Stopping threads took: 0.0000550 seconds
207.107: Application time: 0.0364270 seconds
207.107: [GC [PSYoungGen: 7520K->400K(8192K)] 22331K->15211K(26112K), 0.0004670 secs] [Times: user=0.00 sys=0.00, real=0.00 secs] 
207.108: Total time for which application threads were stopped: 0.0005760 seconds, Stopping threads took: 0.0000550 seconds
207.144: Application time: 0.0363010 seconds
207.144: [GC [PSYoungGen: 7568K->400K(8192K)] 22379K->15211K(26112K), 0.0004360 secs] [Times: user=0.00 sys=0.00, real=0.00 secs] 
207.145: Total time for which application threads were stopped: 0.0005650 seconds, Stopping threads took: 0.0000690 seconds
207.181: Application time: 0.0360240 seconds
207.181: [GC [PSYoungGen: 7568K->464K(8192K)] 22379K->15275K(26112K), 0.0004160 secs] [Times: user=0.01 sys=0.00, real=0.00 secs] 
207.181: Total time for which application threads were stopped: 0.0005270 seconds, Stopping threads took: 0.0000570 seconds
207.218: Application time: 0.0366330 seconds
207.218: [GC [PSYoungGen: 7632K->496K(8192K)] 22443K->15307K(26112K), 0.0004220 secs] [Times: user=0.00 sys=0.00, real=0.00 secs] 
207.218: Total time for which application threads were stopped: 0.0005330 seconds, Stopping threads took: 0.0000560 seconds
207.255: Application time: 0.0368260 seconds
207.255: [GC [PSYoungGen: 7664K->496K(8192K)] 22475K->15307K(26112K), 0.0004410 secs] [Times: user=0.01 sys=0.00, real=0.00 secs] 
207.256: Total time for which application threads were stopped: 0.0005600 seconds, Stopping threads took: 0.0000600 seconds
207.293: Application time: 0.0369690 seconds
207.293: [GC [PSYoungGen: 7664K->528K(8192K)] 22475K->15387K(26112K), 0.0004530 secs] [Times: user=0.00 sys=0.00, real=0.00 secs] 
207.293: Total time for which application threads were stopped: 0.0005490 seconds, Stopping threads took: 0.0000410 seconds
207.330: Application time: 0.0370870 seconds
207.330: [GC [PSYoungGen: 7696K->464K(8192K)] 22555K->15323K(26112K), 0.0004200 secs] [Times: user=0.00 sys=0.00, real=0.00 secs] 
207.331: Total time for which application threads were stopped: 0.0005250 seconds, Stopping threads took: 0.0000510 seconds
207.368: Application time: 0.0374510 seconds
207.368: [GC [PSYoungGen: 7632K->464K(8192K)] 22491K->15323K(26112K), 0.0004560 secs] [Times: user=0.01 sys=0.00, real=0.01 secs] 
207.369: Total time for which application threads were stopped: 0.0005590 seconds, Stopping threads took: 0.0000450 seconds
207.406: Application time: 0.0367110 seconds
207.406: [GC [PSYoungGen: 7632K->416K(8192K)] 22491K->15275K(26112K), 0.0004120 secs] [Times: user=0.00 sys=0.00, real=0.00 secs] 
207.406: Total time for which application threads were stopped: 0.0005210 seconds, Stopping threads took: 0.0000470 seconds
207.442: Application time: 0.0354950 seconds
207.442: [GC [PSYoungGen: 7584K->496K(8192K)] 22443K->15355K(26112K), 0.0004240 secs] [Times: user=0.00 sys=0.00, real=0.00 secs] 
207.442: Total time for which application threads were stopped: 0.0005390 seconds, Stopping threads took: 0.0000510 seconds
207.479: Application time: 0.0369890 seconds
207.479: [GC [PSYoungGen: 7664K->496K(8192K)] 22523K->15355K(26112K), 0.0004530 secs] [Times: user=0.00 sys=0.00, real=0.00 secs] 
207.480: Total time for which application threads were stopped: 0.0005690 seconds, Stopping threads took: 0.0000560 seconds
207.517: Application time: 0.0368860 seconds
207.517: [GC [PSYoungGen: 7664K->512K(8192K)] 22523K->15371K(26112K), 0.0004100 secs] [Times: user=0.00 sys=0.00, real=0.00 secs] 
207.517: Total time for which application threads were stopped: 0.0005250 seconds, Stopping threads took: 0.0000590 seconds
207.554: Application time: 0.0367070 seconds
207.554: [GC [PSYoungGen: 7680K->480K(8192K)] 22539K->15339K(26112K), 0.0004150 secs] [Times: user=0.00 sys=0.00, real=0.00 secs] 
207.554: Total time for which application threads were stopped: 0.0005100 seconds, Stopping threads took: 0.0000380 seconds
207.591: Application time: 0.0368130 seconds
207.591: [GC [PSYoungGen: 7648K->464K(8192K)] 22507K->15371K(26112K), 0.0004660 secs] [Times: user=0.00 sys=0.00, real=0.00 secs] 
207.592: Total time for which application threads were stopped: 0.0005740 seconds, Stopping threads took: 0.0000550 seconds
207.628: Application time: 0.0366980 seconds
207.629: [GC [PSYoungGen: 7632K->432K(8192K)] 22539K->15419K(26112K), 0.0004090 secs] [Times: user=0.01 sys=0.00, real=0.01 secs] 
207.629: Total time for which application threads were stopped: 0.0005060 seconds, Stopping threads took: 0.0000430 seconds
207.666: Application time: 0.0367200 seconds
207.666: [GC [PSYoungGen: 7600K->384K(8192K)] 22587K->15419K(26112K), 0.0004680 secs] [Times: user=0.00 sys=0.00, real=0.00 secs] 
207.666: Total time for which application threads were stopped: 0.0005620 seconds, Stopping threads took: 0.0000430 seconds
207.704: Application time: 0.0379050 seconds
207.704: [GC [PSYoungGen: 7552K->336K(8192K)] 22587K->15427K(26112K), 0.0004150 secs] [Times: user=0.00 sys=0.00, real=0.00 secs] 
207.705: Total time for which application threads were stopped: 0.0005400 seconds, Stopping threads took: 0.0000590 seconds
207.742: Application time: 0.0372560 seconds
207.742: [GC [PSYoungGen: 7504K->288K(8192K)] 22595K->15427K(26112K), 0.0004200 secs] [Times: user=0.00 sys=0.00, real=0.00 secs] 
207.742: Total time for which application threads were stopped: 0.0005370 seconds, Stopping threads took: 0.0000550 seconds
207.778: Application time: 0.0354400 seconds
207.778: [GC [PSYoungGen: 7456K->320K(8192K)] 22595K->15507K(26112K), 0.0004180 secs] [Times: user=0.00 sys=0.00, real=0.00 secs] 
207.778: Total time for which application threads were stopped: 0.0005260 seconds, Stopping threads took: 0.0000550 seconds
207.816: Application time: 0.0375660 seconds
207.817: [GC [PSYoungGen: 7488K->352K(8192K)] 22675K->15539K(26112K), 0.0004680 secs] [Times: user=0.00 sys=0.00, real=0.00 secs] 
207.817: Total time for which application threads were stopped: 0.0012240 seconds, Stopping threads took: 0.0006940 seconds
207.858: Application time: 0.0409320 seconds
207.858: [GC [PSYoungGen: 7520K->384K(8192K)] 22707K->15571K(26112K), 0.0004610 secs] [Times: user=0.00 sys=0.00, real=0.00 secs] 
207.859: Total time for which application threads were stopped: 0.0005640 seconds, Stopping threads took: 0.0000410 seconds
207.899: Application time: 0.0402310 seconds
207.899: [GC [PSYoungGen: 7552K->384K(8192K)] 22739K->15571K(26112K), 0.0004250 secs] [Times: user=0.00 sys=0.00, real=0.00 secs] 
207.900: Total time for which application threads were stopped: 0.0005350 seconds, Stopping threads took: 0.0000560 seconds
207.939: Application time: 0.0390900 seconds
207.939: [GC [PSYoungGen: 7552K->496K(8192K)] 22739K->15683K(26112K), 0.0004520 secs] [Times: user=0.00 sys=0.00, real=0.00 secs] 
207.939: Total time for which application threads were stopped: 0.0005670 seconds, Stopping threads took: 0.0000470 seconds
207.980: Application time: 0.0404590 seconds
207.980: [GC [PSYoungGen: 7664K->496K(8192K)] 22851K->15683K(26112K), 0.0004470 secs] [Times: user=0.00 sys=0.00, real=0.00 secs] 
207.980: Total time for which application threads were stopped: 0.0005550 seconds, Stopping threads took: 0.0000520 seconds
208.021: Application time: 0.0407250 seconds
208.021: [GC [PSYoungGen: 7664K->480K(8192K)] 22851K->15723K(26112K), 0.0004490 secs] [Times: user=0.01 sys=0.00, real=0.00 secs] 
208.021: Total time for which application threads were stopped: 0.0005670 seconds, Stopping threads took: 0.0000580 seconds
208.062: Application time: 0.0404430 seconds
208.062: [GC [PSYoungGen: 7648K->448K(8192K)] 22891K->15691K(26112K), 0.0004510 secs] [Times: user=0.00 sys=0.00, real=0.00 secs] 
208.063: Total time for which application threads were stopped: 0.0005650 seconds, Stopping threads took: 0.0000540 seconds
208.103: Application time: 0.0409380 seconds
208.104: [GC [PSYoungGen: 7616K->464K(8192K)] 22859K->15707K(26112K), 0.0004790 secs] [Times: user=0.00 sys=0.00, real=0.00 secs] 
208.104: Total time for which application threads were stopped: 0.0005960 seconds, Stopping threads took: 0.0000610 seconds
208.144: Application time: 0.0404110 seconds
208.145: [GC [PSYoungGen: 7632K->464K(8192K)] 22875K->15707K(26112K), 0.0004530 secs] [Times: user=0.01 sys=0.00, real=0.00 secs] 
208.145: Total time for which application threads were stopped: 0.0005860 seconds, Stopping threads took: 0.0000720 seconds
208.185: Application time: 0.0401540 seconds
208.185: [GC [PSYoungGen: 7632K->416K(8192K)] 22875K->15659K(26112K), 0.0004430 secs] [Times: user=0.00 sys=0.00, real=0.00 secs] 
208.186: Total time for which application threads were stopped: 0.0005530 seconds, Stopping threads took: 0.0000500 seconds
208.225: Application time: 0.0396600 seconds
208.225: [GC [PSYoungGen: 7584K->512K(8192K)] 22827K->15755K(26112K), 0.0004480 secs] [Times: user=0.00 sys=0.00, real=0.00 secs] 
208.226: Total time for which application threads were stopped: 0.0005620 seconds, Stopping threads took: 0.0000540 seconds
208.266: Application time: 0.0404250 seconds
208.266: [GC [PSYoungGen: 7680K->528K(8192K)] 22923K->15771K(26112K), 0.0005010 secs] [Times: user=0.01 sys=0.00, real=0.00 secs] 
208.267: Total time for which application threads were stopped: 0.0006030 seconds, Stopping threads took: 0.0000430 seconds
208.307: Application time: 0.0404380 seconds
208.308: [GC [PSYoungGen: 7696K->496K(8192K)] 22939K->15739K(26112K), 0.0005150 secs] [Times: user=0.00 sys=0.00, real=0.00 secs] 
208.308: Total time for which application threads were stopped: 0.0006240 seconds, Stopping threads took: 0.0000480 seconds
208.348: Application time: 0.0403370 seconds
208.348: [GC [PSYoungGen: 7664K->496K(8192K)] 22907K->15739K(26112K), 0.0004570 secs] [Times: user=0.01 sys=0.00, real=0.01 secs] 
208.349: Total time for which application threads were stopped: 0.0005600 seconds, Stopping threads took: 0.0000420 seconds
208.389: Application time: 0.0404620 seconds
208.390: [GC [PSYoungGen: 7664K->448K(8192K)] 22907K->15771K(26112K), 0.0004730 secs] [Times: user=0.00 sys=0.00, real=0.00 secs] 
208.390: Total time for which application threads were stopped: 0.0005910 seconds, Stopping threads took: 0.0000590 seconds
208.431: Application time: 0.0408070 seconds
208.431: [GC [PSYoungGen: 7616K->368K(8192K)] 22939K->15771K(26112K), 0.0005710 secs] [Times: user=0.00 sys=0.00, real=0.00 secs] 
208.432: Total time for which application threads were stopped: 0.0006750 seconds, Stopping threads took: 0.0000440 seconds
208.472: Application time: 0.0403650 seconds
208.472: [GC [PSYoungGen: 7536K->352K(8192K)] 22939K->15755K(26112K), 0.0004150 secs] [Times: user=0.01 sys=0.00, real=0.00 secs] 
208.472: Total time for which application threads were stopped: 0.0005500 seconds, Stopping threads took: 0.0000650 seconds
208.513: Application time: 0.0404640 seconds
208.517: [GC [PSYoungGen: 7520K->368K(8192K)] 22923K->15819K(26112K), 0.0004290 secs] [Times: user=0.00 sys=0.00, real=0.00 secs] 
208.517: Total time for which application threads were stopped: 0.0043190 seconds, Stopping threads took: 0.0038220 seconds
208.557: Application time: 0.0398010 seconds
208.557: [GC [PSYoungGen: 7536K->320K(8192K)] 22987K->15867K(26112K), 0.0004170 secs] [Times: user=0.00 sys=0.00, real=0.00 secs] 
208.558: Total time for which application threads were stopped: 0.0005450 seconds, Stopping threads took: 0.0000690 seconds
208.597: Application time: 0.0395120 seconds
208.597: [GC [PSYoungGen: 7488K->384K(8192K)] 23035K->15931K(26112K), 0.0004190 secs] [Times: user=0.00 sys=0.00, real=0.00 secs] 
208.598: Total time for which application threads were stopped: 0.0005280 seconds, Stopping threads took: 0.0000510 seconds
208.637: Application time: 0.0397650 seconds
208.637: [GC [PSYoungGen: 7552K->384K(8192K)] 23099K->15931K(26112K), 0.0005060 secs] [Times: user=0.01 sys=0.00, real=0.00 secs] 
208.638: Total time for which application threads were stopped: 0.0006180 seconds, Stopping threads took: 0.0000530 seconds
208.678: Application time: 0.0400080 seconds
208.678: [GC [PSYoungGen: 7552K->464K(8192K)] 23099K->16011K(26112K), 0.0004540 secs] [Times: user=0.01 sys=0.00, real=0.00 secs] 
208.679: Total time for which application threads were stopped: 0.0005710 seconds, Stopping threads took: 0.0000560 seconds
208.719: Application time: 0.0403540 seconds
208.719: [GC [PSYoungGen: 7632K->464K(8192K)] 23179K->16011K(26112K), 0.0004930 secs] [Times: user=0.01 sys=0.00, real=0.00 secs] 
208.720: Total time for which application threads were stopped: 0.0006220 seconds, Stopping threads took: 0.0000590 seconds
208.762: Application time: 0.0429440 seconds
208.765: [GC [PSYoungGen: 7632K->480K(8192K)] 23179K->16027K(26112K), 0.0005130 secs] [Times: user=0.00 sys=0.00, real=0.00 secs] 
208.765: Total time for which application threads were stopped: 0.0028110 seconds, Stopping threads took: 0.0022350 seconds
208.806: Application time: 0.0404180 seconds
208.809: [GC [PSYoungGen: 7648K->496K(8192K)] 23195K->16043K(26112K), 0.0004840 secs] [Times: user=0.00 sys=0.00, real=0.00 secs] 
208.809: Total time for which application threads were stopped: 0.0035880 seconds, Stopping threads took: 0.0030440 seconds
208.850: Application time: 0.0405490 seconds
208.850: [GC [PSYoungGen: 7664K->464K(8192K)] 23211K->16051K(26112K), 0.0004630 secs] [Times: user=0.00 sys=0.00, real=0.00 secs] 
208.850: Total time for which application threads were stopped: 0.0005950 seconds, Stopping threads took: 0.0000720 seconds
208.891: Application time: 0.0404840 seconds
208.891: [GC [PSYoungGen: 7632K->448K(8192K)] 23219K->16035K(26112K), 0.0004560 secs] [Times: user=0.00 sys=0.00, real=0.00 secs] 
208.892: Total time for which application threads were stopped: 0.0005800 seconds, Stopping threads took: 0.0000620 seconds
208.932: Application time: 0.0404200 seconds
208.932: [GC [PSYoungGen: 7616K->464K(8192K)] 23203K->16051K(26112K), 0.0004390 secs] [Times: user=0.00 sys=0.00, real=0.00 secs] 
208.933: Total time for which application threads were stopped: 0.0005530 seconds, Stopping threads took: 0.0000560 seconds
208.973: Application time: 0.0403410 seconds
208.973: [GC [PSYoungGen: 7632K->464K(8192K)] 23219K->16051K(26112K), 0.0004630 secs] [Times: user=0.00 sys=0.00, real=0.00 secs] 
208.973: Total time for which application threads were stopped: 0.0005940 seconds, Stopping threads took: 0.0000540 seconds
209.014: Application time: 0.0403020 seconds
209.014: [GC [PSYoungGen: 7632K->464K(8192K)] 23219K->16051K(26112K), 0.0004550 secs] [Times: user=0.00 sys=0.00, real=0.00 secs] 
209.014: Total time for which application threads were stopped: 0.0005830 seconds, Stopping threads took: 0.0000690 seconds
209.054: Application time: 0.0398460 seconds
209.054: [GC [PSYoungGen: 7632K->512K(8192K)] 23219K->16099K(26112K), 0.0004720 secs] [Times: user=0.00 sys=0.00, real=0.00 secs] 
209.055: Total time for which application threads were stopped: 0.0005900 seconds, Stopping threads took: 0.0000600 seconds
209.095: Application time: 0.0404370 seconds
209.095: [GC [PSYoungGen: 7680K->448K(8192K)] 23267K->16035K(26112K), 0.0005030 secs] [Times: user=0.00 sys=0.00, real=0.00 secs] 
209.096: Total time for which application threads were stopped: 0.0006300 seconds, Stopping threads took: 0.0000590 seconds
209.136: Application time: 0.0403920 seconds
209.136: [GC [PSYoungGen: 7616K->496K(8192K)] 23203K->16083K(26112K), 0.0004980 secs] [Times: user=0.00 sys=0.00, real=0.01 secs] 
209.137: Total time for which application threads were stopped: 0.0006270 seconds, Stopping threads took: 0.0000650 seconds
209.177: Application time: 0.0403620 seconds
209.181: [GC [PSYoungGen: 7664K->464K(8192K)] 23251K->16099K(26112K), 0.0005380 secs] [Times: user=0.00 sys=0.00, real=0.00 secs] 
209.181: Total time for which application threads were stopped: 0.0041060 seconds, Stopping threads took: 0.0035030 seconds
209.222: Application time: 0.0410460 seconds
209.222: [GC [PSYoungGen: 7632K->368K(8192K)] 23267K->16083K(26112K), 0.0004600 secs] [Times: user=0.01 sys=0.00, real=0.00 secs] 
209.223: Total time for which application threads were stopped: 0.0005810 seconds, Stopping threads took: 0.0000570 seconds
209.263: Application time: 0.0402890 seconds
209.263: [GC [PSYoungGen: 7536K->368K(8192K)] 23251K->16147K(26112K), 0.0004200 secs] [Times: user=0.00 sys=0.00, real=0.00 secs] 
209.264: Total time for which application threads were stopped: 0.0005360 seconds, Stopping threads took: 0.0000600 seconds
209.304: Application time: 0.0403650 seconds
209.304: [GC [PSYoungGen: 7536K->304K(8192K)] 23315K->16131K(26112K), 0.0004360 secs] [Times: user=0.00 sys=0.00, real=0.00 secs] 
209.305: Total time for which application threads were stopped: 0.0005480 seconds, Stopping threads took: 0.0000540 seconds
209.346: Application time: 0.0417750 seconds
209.347: [GC [PSYoungGen: 7472K->288K(8192K)] 23299K->16164K(26112K), 0.0004230 secs] [Times: user=0.00 sys=0.00, real=0.00 secs] 
209.347: Total time for which application threads were stopped: 0.0005390 seconds, Stopping threads took: 0.0000560 seconds
209.387: Application time: 0.0401760 seconds
209.387: [GC [PSYoungGen: 7456K->320K(8192K)] 23332K->16252K(26112K), 0.0004480 secs] [Times: user=0.00 sys=0.00, real=0.00 secs] 
209.388: Total time for which application threads were stopped: 0.0005670 seconds, Stopping threads took: 0.0000600 seconds
209.427: Application time: 0.0394240 seconds
209.427: [GC [PSYoungGen: 7488K->384K(8192K)] 23420K->16316K(26112K), 0.0004030 secs] [Times: user=0.00 sys=0.00, real=0.00 secs] 
209.428: Total time for which application threads were stopped: 0.0005250 seconds, Stopping threads took: 0.0000610 seconds
209.468: Application time: 0.0405090 seconds
209.468: [GC [PSYoungGen: 7552K->368K(8192K)] 23484K->16300K(26112K), 0.0004180 secs] [Times: user=0.00 sys=0.00, real=0.01 secs] 
209.469: Total time for which application threads were stopped: 0.0005280 seconds, Stopping threads took: 0.0000530 seconds
209.508: Application time: 0.0392430 seconds
209.508: [GC [PSYoungGen: 7536K->432K(8192K)] 23468K->16364K(26112K), 0.0005130 secs] [Times: user=0.00 sys=0.00, real=0.00 secs] 
209.509: Total time for which application threads were stopped: 0.0006460 seconds, Stopping threads took: 0.0000600 seconds
209.549: Application time: 0.0400420 seconds
209.549: [GC [PSYoungGen: 7600K->464K(8192K)] 23532K->16396K(26112K), 0.0004580 secs] [Times: user=0.00 sys=0.00, real=0.00 secs] 
209.549: Total time for which application threads were stopped: 0.0005780 seconds, Stopping threads took: 0.0000580 seconds
209.591: Application time: 0.0418060 seconds
209.592: [GC [PSYoungGen: 7632K->512K(8192K)] 23564K->16444K(26112K), 0.0008670 secs] [Times: user=0.01 sys=0.00, real=0.00 secs] 
209.593: Total time for which application threads were stopped: 0.0020900 seconds, Stopping threads took: 0.0011490 seconds
209.636: Application time: 0.0428510 seconds
209.636: [GC [PSYoungGen: 7680K->496K(8192K)] 23612K->16428K(26112K), 0.0004760 secs] [Times: user=0.00 sys=0.00, real=0.00 secs] 
209.637: Total time for which application threads were stopped: 0.0006110 seconds, Stopping threads took: 0.0000640 seconds
209.677: Application time: 0.0406350 seconds
209.677: [GC [PSYoungGen: 7664K->464K(8192K)] 23596K->16452K(26112K), 0.0004510 secs] [Times: user=0.00 sys=0.00, real=0.00 secs] 
209.678: Total time for which application threads were stopped: 0.0005510 seconds, Stopping threads took: 0.0000410 seconds
209.719: Application time: 0.0410310 seconds
209.719: [GC [PSYoungGen: 7632K->480K(8192K)] 23620K->16468K(26112K), 0.0004820 secs] [Times: user=0.00 sys=0.00, real=0.00 secs] 
209.719: Total time for which application threads were stopped: 0.0006160 seconds, Stopping threads took: 0.0000680 seconds
209.760: Application time: 0.0404840 seconds
209.760: [GC [PSYoungGen: 7648K->480K(8192K)] 23636K->16468K(26112K), 0.0004880 secs] [Times: user=0.00 sys=0.00, real=0.00 secs] 
209.761: Total time for which application threads were stopped: 0.0006110 seconds, Stopping threads took: 0.0000610 seconds
209.801: Application time: 0.0403960 seconds
209.801: [GC [PSYoungGen: 7648K->448K(8192K)] 23636K->16436K(26112K), 0.0004320 secs] [Times: user=0.00 sys=0.00, real=0.00 secs] 
209.802: Total time for which application threads were stopped: 0.0005450 seconds, Stopping threads took: 0.0000520 seconds
209.842: Application time: 0.0404250 seconds
209.842: [GC [PSYoungGen: 7616K->416K(8192K)] 23604K->16404K(26112K), 0.0004490 secs] [Times: user=0.00 sys=0.00, real=0.00 secs] 
209.843: Total time for which application threads were stopped: 0.0005710 seconds, Stopping threads took: 0.0000610 seconds
209.882: Application time: 0.0397130 seconds
209.882: [GC [PSYoungGen: 7584K->512K(8192K)] 23572K->16500K(26112K), 0.0004530 secs] [Times: user=0.00 sys=0.00, real=0.00 secs] 
209.883: Total time for which application threads were stopped: 0.0005660 seconds, Stopping threads took: 0.0000560 seconds
209.923: Application time: 0.0403270 seconds
209.923: [GC [PSYoungGen: 7680K->528K(8192K)] 23668K->16516K(26112K), 0.0004930 secs] [Times: user=0.00 sys=0.00, real=0.00 secs] 
209.924: Total time for which application threads were stopped: 0.0006130 seconds, Stopping threads took: 0.0000580 seconds
209.964: Application time: 0.0403380 seconds
209.964: [GC [PSYoungGen: 7696K->496K(8192K)] 23684K->16484K(26112K), 0.0004620 secs] [Times: user=0.01 sys=0.00, real=0.00 secs] 
209.965: Total time for which application threads were stopped: 0.0005780 seconds, Stopping threads took: 0.0000600 seconds
210.005: Application time: 0.0404970 seconds
210.005: [GC [PSYoungGen: 7664K->464K(8192K)] 23652K->16516K(26112K), 0.0005720 secs] [Times: user=0.00 sys=0.00, real=0.00 secs] 
210.006: Total time for which application threads were stopped: 0.0006920 seconds, Stopping threads took: 0.0000580 seconds
210.047: Application time: 0.0408750 seconds
210.047: [GC [PSYoungGen: 7632K->400K(8192K)] 23684K->16540K(26112K), 0.0004680 secs] [Times: user=0.00 sys=0.00, real=0.00 secs] 
210.047: Total time for which application threads were stopped: 0.0005710 seconds, Stopping threads took: 0.0000420 seconds
210.088: Application time: 0.0403750 seconds
210.088: [GC [PSYoungGen: 7568K->368K(8192K)] 23708K->16508K(26112K), 0.0004110 secs] [Times: user=0.00 sys=0.00, real=0.00 secs] 
210.088: Total time for which application threads were stopped: 0.0005180 seconds, Stopping threads took: 0.0000540 seconds
210.129: Application time: 0.0404920 seconds
210.129: [GC [PSYoungGen: 7536K->336K(8192K)] 23676K->16572K(26112K), 0.0004300 secs] [Times: user=0.01 sys=0.00, real=0.00 secs] 
210.129: Total time for which application threads were stopped: 0.0005320 seconds, Stopping threads took: 0.0000500 seconds
210.170: Application time: 0.0403990 seconds
210.170: [GC [PSYoungGen: 7504K->288K(8192K)] 23740K->16572K(26112K), 0.0004100 secs] [Times: user=0.00 sys=0.00, real=0.00 secs] 
210.170: Total time for which application threads were stopped: 0.0005040 seconds, Stopping threads took: 0.0000400 seconds
210.209: Application time: 0.0389610 seconds
210.209: [GC [PSYoungGen: 7456K->320K(8192K)] 23740K->16644K(26112K), 0.0004350 secs] [Times: user=0.00 sys=0.00, real=0.00 secs] 
210.210: Total time for which application threads were stopped: 0.0005590 seconds, Stopping threads took: 0.0000540 seconds
210.250: Application time: 0.0403780 seconds
210.250: [GC [PSYoungGen: 7488K->352K(8192K)] 23812K->16676K(26112K), 0.0004630 secs] [Times: user=0.00 sys=0.00, real=0.00 secs] 
210.251: Total time for which application threads were stopped: 0.0005710 seconds, Stopping threads took: 0.0000460 seconds
210.291: Application time: 0.0404440 seconds
210.291: [GC [PSYoungGen: 7520K->352K(8192K)] 23844K->16676K(26112K), 0.0004270 secs] [Times: user=0.00 sys=0.00, real=0.00 secs] 
210.292: Total time for which application threads were stopped: 0.0005350 seconds, Stopping threads took: 0.0000460 seconds
210.330: Application time: 0.0388970 seconds
210.331: [GC [PSYoungGen: 7520K->464K(8192K)] 23844K->16788K(26112K), 0.0004490 secs] [Times: user=0.00 sys=0.00, real=0.00 secs] 
210.331: Total time for which application threads were stopped: 0.0005610 seconds, Stopping threads took: 0.0000490 seconds
210.371: Application time: 0.0402050 seconds
210.371: [GC [PSYoungGen: 7632K->528K(8192K)] 23956K->16852K(26112K), 0.0004510 secs] [Times: user=0.00 sys=0.00, real=0.00 secs] 
210.372: Total time for which application threads were stopped: 0.0005680 seconds, Stopping threads took: 0.0000530 seconds
210.412: Application time: 0.0404750 seconds
210.412: [GC [PSYoungGen: 7696K->496K(8192K)] 24020K->16820K(26112K), 0.0004480 secs] [Times: user=0.00 sys=0.00, real=0.00 secs] 
210.413: Total time for which application threads were stopped: 0.0005620 seconds, Stopping threads took: 0.0000490 seconds
210.453: Application time: 0.0404990 seconds
210.453: [GC [PSYoungGen: 7664K->528K(8192K)] 23988K->16852K(26112K), 0.0005240 secs] [Times: user=0.00 sys=0.00, real=0.00 secs] 
210.454: Total time for which application threads were stopped: 0.0006470 seconds, Stopping threads took: 0.0000590 seconds
210.494: Application time: 0.0404440 seconds
210.495: [GC [PSYoungGen: 7696K->464K(8192K)] 24020K->16852K(26112K), 0.0004600 secs] [Times: user=0.00 sys=0.00, real=0.00 secs] 
210.495: Total time for which application threads were stopped: 0.0005810 seconds, Stopping threads took: 0.0000590 seconds
210.536: Application time: 0.0409290 seconds
210.536: [GC [PSYoungGen: 7632K->464K(8192K)] 24020K->16852K(26112K), 0.0005720 secs] [Times: user=0.00 sys=0.00, real=0.00 secs] 
210.537: Total time for which application threads were stopped: 0.0006770 seconds, Stopping threads took: 0.0000470 seconds
210.577: Application time: 0.0403800 seconds
210.577: [GC [PSYoungGen: 7632K->480K(8192K)] 24020K->16868K(26112K), 0.0004890 secs] [Times: user=0.00 sys=0.00, real=0.00 secs] 
210.578: Total time for which application threads were stopped: 0.0005970 seconds, Stopping threads took: 0.0000420 seconds
210.618: Application time: 0.0402670 seconds
210.618: [GC [PSYoungGen: 7648K->464K(8192K)] 24036K->16852K(26112K), 0.0004390 secs] [Times: user=0.00 sys=0.00, real=0.00 secs] 
210.618: Total time for which application threads were stopped: 0.0005540 seconds, Stopping threads took: 0.0000570 seconds
210.659: Application time: 0.0402970 seconds
210.659: [GC [PSYoungGen: 7632K->464K(8192K)] 24020K->16852K(26112K), 0.0004360 secs] [Times: user=0.00 sys=0.00, real=0.00 secs] 
210.659: Total time for which application threads were stopped: 0.0005550 seconds, Stopping threads took: 0.0000590 seconds
210.700: Application time: 0.0409500 seconds
210.700: [GC [PSYoungGen: 7632K->528K(8192K)] 24020K->16916K(26112K), 0.0005390 secs] [Times: user=0.00 sys=0.01, real=0.00 secs] 
210.701: Total time for which application threads were stopped: 0.0006700 seconds, Stopping threads took: 0.0000610 seconds
210.742: Application time: 0.0406570 seconds
210.742: [GC [PSYoungGen: 7696K->528K(8192K)] 24084K->16916K(26112K), 0.0004920 secs] [Times: user=0.00 sys=0.00, real=0.00 secs] 
210.742: Total time for which application threads were stopped: 0.0006300 seconds, Stopping threads took: 0.0000650 seconds
210.782: Application time: 0.0402160 seconds
210.783: [GC [PSYoungGen: 7696K->480K(8192K)] 24084K->16868K(26112K), 0.0005500 secs] [Times: user=0.00 sys=0.00, real=0.00 secs] 
210.783: Total time for which application threads were stopped: 0.0006710 seconds, Stopping threads took: 0.0000590 seconds
210.823: Application time: 0.0403740 seconds
210.824: [GC [PSYoungGen: 7648K->432K(8192K)] 24036K->16908K(26112K), 0.0004820 secs] [Times: user=0.00 sys=0.00, real=0.00 secs] 
210.824: Total time for which application threads were stopped: 0.0006030 seconds, Stopping threads took: 0.0000590 seconds
210.866: Application time: 0.0414620 seconds
210.866: [GC [PSYoungGen: 7600K->384K(8192K)] 24076K->16908K(26112K), 0.0004630 secs] [Times: user=0.01 sys=0.00, real=0.00 secs] 
210.866: Total time for which application threads were stopped: 0.0005970 seconds, Stopping threads took: 0.0000630 seconds
210.907: Application time: 0.0404650 seconds
210.907: [GC [PSYoungGen: 7552K->352K(8192K)] 24076K->16876K(26112K), 0.0004340 secs] [Times: user=0.00 sys=0.00, real=0.00 secs] 
210.907: Total time for which application threads were stopped: 0.0005590 seconds, Stopping threads took: 0.0000600 seconds
210.948: Application time: 0.0404870 seconds
210.948: [GC [PSYoungGen: 7520K->288K(8192K)] 24044K->16924K(26112K), 0.0004350 secs] [Times: user=0.01 sys=0.00, real=0.00 secs] 
210.948: Total time for which application threads were stopped: 0.0005560 seconds, Stopping threads took: 0.0000600 seconds
210.989: Application time: 0.0403360 seconds
210.989: [GC [PSYoungGen: 7443K->272K(8192K)] 24079K->16964K(26112K), 0.0004110 secs] [Times: user=0.00 sys=0.00, real=0.01 secs] 
210.989: Total time for which application threads were stopped: 0.0005330 seconds, Stopping threads took: 0.0000610 seconds
211.029: Application time: 0.0395240 seconds
211.029: [GC [PSYoungGen: 7440K->304K(8192K)] 24132K->16996K(26112K), 0.0004160 secs] [Times: user=0.00 sys=0.00, real=0.00 secs] 
211.029: Total time for which application threads were stopped: 0.0005340 seconds, Stopping threads took: 0.0000540 seconds
211.069: Application time: 0.0403180 seconds
211.070: [GC [PSYoungGen: 7472K->416K(8192K)] 24164K->17108K(26112K), 0.0004110 secs] [Times: user=0.00 sys=0.00, real=0.00 secs] 
211.070: Total time for which application threads were stopped: 0.0005340 seconds, Stopping threads took: 0.0000590 seconds
211.110: Application time: 0.0398610 seconds
211.110: [GC [PSYoungGen: 7584K->416K(8192K)] 24276K->17108K(26112K), 0.0004210 secs] [Times: user=0.00 sys=0.00, real=0.00 secs] 
211.110: Total time for which application threads were stopped: 0.0005530 seconds, Stopping threads took: 0.0000610 seconds
211.150: Application time: 0.0394620 seconds
211.150: [GC [PSYoungGen: 7584K->480K(8192K)] 24276K->17172K(26112K), 0.0004630 secs] [Times: user=0.01 sys=0.00, real=0.00 secs] 
211.150: Total time for which application threads were stopped: 0.0005700 seconds, Stopping threads took: 0.0000450 seconds
211.191: Application time: 0.0401160 seconds
211.191: [GC [PSYoungGen: 7648K->528K(8192K)] 24340K->17220K(26112K), 0.0004970 secs] [Times: user=0.00 sys=0.00, real=0.00 secs] 
211.191: Total time for which application threads were stopped: 0.0006390 seconds, Stopping threads took: 0.0000730 seconds
211.232: Application time: 0.0404640 seconds
211.232: [GC [PSYoungGen: 7696K->496K(8192K)] 24388K->17188K(26112K), 0.0004420 secs] [Times: user=0.00 sys=0.00, real=0.00 secs] 
211.232: Total time for which application threads were stopped: 0.0005590 seconds, Stopping threads took: 0.0000590 seconds
211.273: Application time: 0.0404200 seconds
211.273: [GC [PSYoungGen: 7664K->496K(8192K)] 24356K->17188K(26112K), 0.0004950 secs] [Times: user=0.00 sys=0.00, real=0.00 secs] 
211.274: Total time for which application threads were stopped: 0.0016700 seconds, Stopping threads took: 0.0000590 seconds
211.315: Application time: 0.0403980 seconds
211.315: [GC [PSYoungGen: 7664K->464K(8192K)] 24356K->17196K(26112K), 0.0004800 secs] [Times: user=0.01 sys=0.00, real=0.00 secs] 
211.315: Total time for which application threads were stopped: 0.0006210 seconds, Stopping threads took: 0.0000770 seconds
211.356: Application time: 0.0405390 seconds
211.356: [GC [PSYoungGen: 7632K->464K(8192K)] 24364K->17196K(26112K), 0.0004960 secs] [Times: user=0.00 sys=0.00, real=0.00 secs] 
211.357: Total time for which application threads were stopped: 0.0006220 seconds, Stopping threads took: 0.0000680 seconds
211.397: Application time: 0.0404150 seconds
211.397: [GC [PSYoungGen: 7632K->480K(8192K)] 24364K->17212K(26112K), 0.0004540 secs] [Times: user=0.00 sys=0.00, real=0.00 secs] 
211.398: Total time for which application threads were stopped: 0.0005760 seconds, Stopping threads took: 0.0000580 seconds
211.438: Application time: 0.0405760 seconds
211.438: [GC [PSYoungGen: 7648K->432K(8192K)] 24380K->17164K(26112K), 0.0005160 secs] [Times: user=0.00 sys=0.00, real=0.00 secs] 
211.439: Total time for which application threads were stopped: 0.0006200 seconds, Stopping threads took: 0.0000430 seconds
211.479: Application time: 0.0398550 seconds
211.479: [GC [PSYoungGen: 7600K->480K(8192K)] 24332K->17212K(26112K), 0.0004800 secs] [Times: user=0.00 sys=0.00, real=0.00 secs] 
211.479: Total time for which application threads were stopped: 0.0005990 seconds, Stopping threads took: 0.0000570 seconds
211.519: Application time: 0.0403110 seconds
211.520: [GC [PSYoungGen: 7648K->528K(8192K)] 24380K->17260K(26112K), 0.0004490 secs] [Times: user=0.00 sys=0.00, real=0.00 secs] 
211.520: Total time for which application threads were stopped: 0.0005630 seconds, Stopping threads took: 0.0000540 seconds
211.560: Application time: 0.0403050 seconds
211.560: [GC [PSYoungGen: 7696K->512K(8192K)] 24428K->17244K(26112K), 0.0004440 secs] [Times: user=0.00 sys=0.00, real=0.00 secs] 
211.561: Total time for which application threads were stopped: 0.0005650 seconds, Stopping threads took: 0.0000600 seconds
211.601: Application time: 0.0403680 seconds
211.601: [GC [PSYoungGen: 7680K->480K(8192K)] 24412K->17220K(26112K), 0.0004830 secs] [Times: user=0.00 sys=0.00, real=0.00 secs] 
211.602: Total time for which application threads were stopped: 0.0005910 seconds, Stopping threads took: 0.0000450 seconds
211.642: Application time: 0.0404790 seconds
211.642: [GC [PSYoungGen: 7648K->432K(8192K)] 24388K->17252K(26112K), 0.0004500 secs] [Times: user=0.00 sys=0.00, real=0.00 secs] 
211.643: Total time for which application threads were stopped: 0.0005620 seconds, Stopping threads took: 0.0000430 seconds
211.683: Application time: 0.0404960 seconds
211.684: [GC [PSYoungGen: 7600K->384K(8192K)] 24420K->17260K(26112K), 0.0004360 secs] [Times: user=0.00 sys=0.00, real=0.00 secs] 
211.684: Total time for which application threads were stopped: 0.0005480 seconds, Stopping threads took: 0.0000510 seconds
211.725: Application time: 0.0413470 seconds
211.725: [GC [PSYoungGen: 7552K->368K(8192K)] 24428K->17300K(26112K), 0.0004920 secs] [Times: user=0.00 sys=0.00, real=0.00 secs] 
211.726: Total time for which application threads were stopped: 0.0006220 seconds, Stopping threads took: 0.0000610 seconds
211.766: Application time: 0.0403730 seconds
211.766: [GC [PSYoungGen: 7536K->288K(8192K)] 24468K->17308K(26112K), 0.0004460 secs] [Times: user=0.01 sys=0.00, real=0.00 secs] 
211.767: Total time for which application threads were stopped: 0.0005730 seconds, Stopping threads took: 0.0000680 seconds
211.807: Application time: 0.0396790 seconds
211.807: [GC [PSYoungGen: 7456K->320K(8192K)] 24476K->17396K(26112K), 0.0003850 secs] [Times: user=0.00 sys=0.00, real=0.00 secs] 
211.807: Total time for which application threads were stopped: 0.0004920 seconds, Stopping threads took: 0.0000490 seconds
211.844: Application time: 0.0364580 seconds
211.844: [GC [PSYoungGen: 7488K->352K(8192K)] 24564K->17428K(26112K), 0.0004150 secs] [Times: user=0.00 sys=0.00, real=0.00 secs] 
211.844: Total time for which application threads were stopped: 0.0005300 seconds, Stopping threads took: 0.0000560 seconds
211.880: Application time: 0.0356970 seconds
211.880: [GC [PSYoungGen: 7520K->352K(8192K)] 24596K->17428K(26112K), 0.0004050 secs] [Times: user=0.01 sys=0.00, real=0.00 secs] 
211.880: Total time for which application threads were stopped: 0.0005350 seconds, Stopping threads took: 0.0000620 seconds
211.917: Application time: 0.0364990 seconds
211.917: [GC [PSYoungGen: 7515K->416K(8192K)] 24592K->17492K(26112K), 0.0004170 secs] [Times: user=0.00 sys=0.00, real=0.00 secs] 
211.917: Total time for which application threads were stopped: 0.0005350 seconds, Stopping threads took: 0.0000570 seconds
211.953: Application time: 0.0361140 seconds
211.954: [GC [PSYoungGen: 7584K->448K(8192K)] 24660K->17524K(26112K), 0.0004290 secs] [Times: user=0.01 sys=0.00, real=0.00 secs] 
211.954: Total time for which application threads were stopped: 0.0005460 seconds, Stopping threads took: 0.0000570 seconds
211.990: Application time: 0.0364000 seconds
211.990: [GC [PSYoungGen: 7616K->528K(8192K)] 24692K->17604K(26112K), 0.0004190 secs] [Times: user=0.00 sys=0.00, real=0.00 secs] 
211.991: Total time for which application threads were stopped: 0.0005500 seconds, Stopping threads took: 0.0000720 seconds
212.028: Application time: 0.0369320 seconds
212.028: [GC [PSYoungGen: 7696K->496K(8192K)] 24772K->17572K(26112K), 0.0004180 secs] [Times: user=0.00 sys=0.00, real=0.00 secs] 
212.028: Total time for which application threads were stopped: 0.0005250 seconds, Stopping threads took: 0.0000480 seconds
212.065: Application time: 0.0368530 seconds
212.065: [GC [PSYoungGen: 7664K->464K(8192K)] 24740K->17588K(26112K), 0.0004280 secs] [Times: user=0.01 sys=0.00, real=0.00 secs] 
212.066: Total time for which application threads were stopped: 0.0005330 seconds, Stopping threads took: 0.0000470 seconds
212.102: Application time: 0.0366730 seconds
212.103: [GC [PSYoungGen: 7632K->448K(8192K)] 24756K->17572K(26112K), 0.0004190 secs] [Times: user=0.00 sys=0.00, real=0.00 secs] 
212.103: Total time for which application threads were stopped: 0.0005230 seconds, Stopping threads took: 0.0000500 seconds
212.140: Application time: 0.0367620 seconds
212.140: [GC [PSYoungGen: 7616K->480K(8192K)] 24740K->17604K(26112K), 0.0004560 secs] [Times: user=0.00 sys=0.00, real=0.00 secs] 
212.140: Total time for which application threads were stopped: 0.0005570 seconds, Stopping threads took: 0.0000450 seconds
212.177: Application time: 0.0366830 seconds
212.177: [GC [PSYoungGen: 7648K->464K(8192K)] 24772K->17588K(26112K), 0.0005240 secs] [Times: user=0.00 sys=0.00, real=0.00 secs] 
212.178: Total time for which application threads were stopped: 0.0006360 seconds, Stopping threads took: 0.0000450 seconds
212.216: Application time: 0.0388160 seconds
212.217: [GC [PSYoungGen: 7632K->464K(8192K)] 24756K->17588K(26112K), 0.0004650 secs] [Times: user=0.00 sys=0.00, real=0.01 secs] 
212.217: Total time for which application threads were stopped: 0.0005880 seconds, Stopping threads took: 0.0000560 seconds
212.253: Application time: 0.0360700 seconds
212.253: [GC [PSYoungGen: 7632K->512K(8192K)] 24756K->17636K(26112K), 0.0004230 secs] [Times: user=0.01 sys=0.00, real=0.00 secs] 
212.254: Total time for which application threads were stopped: 0.0005390 seconds, Stopping threads took: 0.0000570 seconds
212.290: Application time: 0.0366500 seconds
212.290: [GC [PSYoungGen: 7680K->512K(8192K)] 24804K->17636K(26112K), 0.0004290 secs] [Times: user=0.00 sys=0.00, real=0.00 secs] 
212.291: Total time for which application threads were stopped: 0.0005510 seconds, Stopping threads took: 0.0000650 seconds
212.328: Application time: 0.0366760 seconds
212.328: [GC [PSYoungGen: 7680K->496K(8192K)] 24804K->17620K(26112K), 0.0004270 secs] [Times: user=0.00 sys=0.00, real=0.00 secs] 
212.328: Total time for which application threads were stopped: 0.0005390 seconds, Stopping threads took: 0.0000560 seconds
212.366: Application time: 0.0376920 seconds
212.366: [GC [PSYoungGen: 7664K->464K(8192K)] 24788K->17644K(26112K), 0.0004900 secs] [Times: user=0.00 sys=0.00, real=0.00 secs] 
212.366: Total time for which application threads were stopped: 0.0006040 seconds, Stopping threads took: 0.0000540 seconds
212.403: Application time: 0.0366710 seconds
212.403: [GC [PSYoungGen: 7632K->432K(8192K)] 24812K->17652K(26112K), 0.0004560 secs] [Times: user=0.01 sys=0.00, real=0.00 secs] 
212.404: Total time for which application threads were stopped: 0.0005730 seconds, Stopping threads took: 0.0000560 seconds
212.441: Application time: 0.0372620 seconds
212.441: [GC [PSYoungGen: 7600K->384K(8192K)] 24820K->17652K(26112K), 0.0004470 secs] [Times: user=0.01 sys=0.00, real=0.00 secs] 
212.441: Total time for which application threads were stopped: 0.0005900 seconds, Stopping threads took: 0.0000840 seconds
212.478: Application time: 0.0367580 seconds
212.478: [GC [PSYoungGen: 7552K->336K(8192K)] 24820K->17652K(26112K), 0.0004440 secs] [Times: user=0.00 sys=0.00, real=0.00 secs] 
212.479: Total time for which application threads were stopped: 0.0005530 seconds, Stopping threads took: 0.0000540 seconds
212.516: Application time: 0.0370710 seconds
212.516: [GC [PSYoungGen: 7504K->320K(8192K)] 24820K->17725K(26112K), 0.0003990 secs] [Times: user=0.01 sys=0.00, real=0.00 secs] 
212.516: Total time for which application threads were stopped: 0.0005180 seconds, Stopping threads took: 0.0000630 seconds
212.553: Application time: 0.0362490 seconds
212.553: [GC [PSYoungGen: 7488K->288K(8192K)] 24893K->17741K(26112K), 0.0003780 secs] [Times: user=0.00 sys=0.00, real=0.00 secs] 
212.553: Total time for which application threads were stopped: 0.0004830 seconds, Stopping threads took: 0.0000450 seconds
212.589: Application time: 0.0361060 seconds
212.589: [GC [PSYoungGen: 7456K->336K(8192K)] 24909K->17789K(26112K), 0.0003780 secs] [Times: user=0.00 sys=0.00, real=0.00 secs] 
212.590: Total time for which application threads were stopped: 0.0004810 seconds, Stopping threads took: 0.0000460 seconds
212.626: Application time: 0.0363160 seconds
212.626: [GC [PSYoungGen: 7504K->384K(8192K)] 24957K->17837K(26112K), 0.0003950 secs] [Times: user=0.00 sys=0.00, real=0.00 secs] 
212.627: Total time for which application threads were stopped: 0.0005080 seconds, Stopping threads took: 0.0000560 seconds
212.662: Application time: 0.0357200 seconds
212.662: [GC [PSYoungGen: 7552K->432K(8192K)] 25005K->17885K(26112K), 0.0004270 secs] [Times: user=0.00 sys=0.00, real=0.00 secs] 
212.663: Total time for which application threads were stopped: 0.0005410 seconds, Stopping threads took: 0.0000540 seconds
212.699: Application time: 0.0358390 seconds
212.699: [GC [PSYoungGen: 7600K->496K(8192K)] 25053K->17949K(26112K), 0.0004360 secs] [Times: user=0.00 sys=0.00, real=0.00 secs] 
212.699: Total time for which application threads were stopped: 0.0005490 seconds, Stopping threads took: 0.0000460 seconds
212.736: Application time: 0.0369980 seconds
212.741: [GC [PSYoungGen: 7664K->496K(8192K)] 25117K->17949K(26112K), 0.0005240 secs] [Times: user=0.00 sys=0.00, real=0.00 secs] 
212.741: Total time for which application threads were stopped: 0.0051230 seconds, Stopping threads took: 0.0045320 seconds
212.778: Application time: 0.0367820 seconds
212.778: [GC [PSYoungGen: 7664K->480K(8192K)] 25117K->17933K(26112K), 0.0004340 secs] [Times: user=0.01 sys=0.00, real=0.00 secs] 
212.779: Total time for which application threads were stopped: 0.0005660 seconds, Stopping threads took: 0.0000710 seconds
212.815: Application time: 0.0367880 seconds
212.816: [GC [PSYoungGen: 7648K->464K(8192K)] 25101K->17965K(26112K), 0.0004190 secs] [Times: user=0.00 sys=0.00, real=0.00 secs] 
212.816: Total time for which application threads were stopped: 0.0005360 seconds, Stopping threads took: 0.0000560 seconds
212.853: Application time: 0.0368330 seconds
212.853: [GC [PSYoungGen: 7632K->448K(8192K)] 25133K->17949K(26112K), 0.0004230 secs] [Times: user=0.00 sys=0.00, real=0.00 secs] 
212.853: Total time for which application threads were stopped: 0.0005330 seconds, Stopping threads took: 0.0000510 seconds
212.890: Application time: 0.0369420 seconds
212.890: [GC [PSYoungGen: 7616K->448K(8192K)] 25117K->17949K(26112K), 0.0004150 secs] [Times: user=0.00 sys=0.00, real=0.00 secs] 
212.891: Total time for which application threads were stopped: 0.0005300 seconds, Stopping threads took: 0.0000560 seconds
212.928: Application time: 0.0367420 seconds
212.928: [GC [PSYoungGen: 7616K->448K(8192K)] 25117K->17949K(26112K), 0.0004840 secs] [Times: user=0.01 sys=0.00, real=0.00 secs] 
212.928: Total time for which application threads were stopped: 0.0005970 seconds, Stopping threads took: 0.0000550 seconds
212.965: Application time: 0.0366830 seconds
212.965: [GC [PSYoungGen: 7616K->480K(8192K)] 25117K->17981K(26112K), 0.0004070 secs] [Times: user=0.00 sys=0.00, real=0.00 secs] 
212.965: Total time for which application threads were stopped: 0.0005120 seconds, Stopping threads took: 0.0000480 seconds
213.002: Application time: 0.0368390 seconds
213.002: [GC [PSYoungGen: 7648K->448K(8192K)] 25149K->17949K(26112K), 0.0004520 secs] [Times: user=0.00 sys=0.00, real=0.00 secs] 
213.003: Total time for which application threads were stopped: 0.0005710 seconds, Stopping threads took: 0.0000610 seconds
213.038: Application time: 0.0357080 seconds
213.039: [GC [PSYoungGen: 7616K->528K(8192K)] 25117K->18029K(26112K), 0.0004380 secs] [Times: user=0.01 sys=0.00, real=0.00 secs] 
213.039: Total time for which application threads were stopped: 0.0005500 seconds, Stopping threads took: 0.0000490 seconds
213.076: Application time: 0.0366790 seconds
213.076: [GC [PSYoungGen: 7696K->512K(8192K)] 25197K->18013K(26112K), 0.0004560 secs] [Times: user=0.01 sys=0.00, real=0.00 secs] 
213.076: Total time for which application threads were stopped: 0.0005600 seconds, Stopping threads took: 0.0000470 seconds
213.113: Application time: 0.0367270 seconds
213.113: [GC [PSYoungGen: 7680K->480K(8192K)] 25181K->18037K(26112K), 0.0004550 secs] [Times: user=0.00 sys=0.00, real=0.00 secs] 
213.114: Total time for which application threads were stopped: 0.0005720 seconds, Stopping threads took: 0.0000570 seconds
213.151: Application time: 0.0371260 seconds
213.151: [GC [PSYoungGen: 7648K->400K(8192K)] 25205K->18005K(26112K), 0.0004220 secs] [Times: user=0.00 sys=0.00, real=0.00 secs] 
213.151: Total time for which application threads were stopped: 0.0005410 seconds, Stopping threads took: 0.0000600 seconds
213.188: Application time: 0.0367850 seconds
213.188: [GC [PSYoungGen: 7568K->416K(8192K)] 25173K->18085K(26112K), 0.0004500 secs] [Times: user=0.01 sys=0.00, real=0.00 secs] 
213.189: Total time for which application threads were stopped: 0.0005620 seconds, Stopping threads took: 0.0000540 seconds
213.225: Application time: 0.0367670 seconds
213.225: [GC [PSYoungGen: 7584K->304K(8192K)] 25253K->18061K(26112K), 0.0004350 secs] [Times: user=0.00 sys=0.00, real=0.00 secs] 
213.226: Total time for which application threads were stopped: 0.0005550 seconds, Stopping threads took: 0.0000530 seconds
213.263: Application time: 0.0367980 seconds
213.263: [GC [PSYoungGen: 7472K->272K(8192K)] 25229K->18109K(26112K), 0.0004020 secs] [Times: user=0.00 sys=0.00, real=0.00 secs] 
213.263: [Full GC [PSYoungGen: 272K->0K(8192K)] [ParOldGen: 17837K->2043K(17920K)] 18109K->2043K(26112K) [PSPermGen: 6075K->6075K(21504K)], 0.0057420 secs] [Times: user=0.02 sys=0.00, real=0.01 secs] 
213.269: Total time for which application threads were stopped: 0.0063210 seconds, Stopping threads took: 0.0000660 seconds
213.305: Application time: 0.0363820 seconds
213.306: [GC [PSYoungGen: 7168K->256K(8192K)] 9211K->2299K(26112K), 0.0003700 secs] [Times: user=0.00 sys=0.00, real=0.00 secs] 
213.306: Total time for which application threads were stopped: 0.0004840 seconds, Stopping threads took: 0.0000520 seconds
213.342: Application time: 0.0359380 seconds
213.342: [GC [PSYoungGen: 7424K->272K(8192K)] 9467K->2316K(26112K), 0.0003260 secs] [Times: user=0.01 sys=0.00, real=0.00 secs] 
213.342: Total time for which application threads were stopped: 0.0004560 seconds, Stopping threads took: 0.0000700 seconds
213.379: Application time: 0.0364710 seconds
213.379: [GC [PSYoungGen: 7440K->304K(8192K)] 9484K->2348K(26112K), 0.0003720 secs] [Times: user=0.00 sys=0.00, real=0.00 secs] 
213.379: Total time for which application threads were stopped: 0.0004830 seconds, Stopping threads took: 0.0000570 seconds
213.415: Application time: 0.0360520 seconds
213.415: [GC [PSYoungGen: 7472K->352K(8192K)] 9516K->2396K(26112K), 0.0004200 secs] [Times: user=0.00 sys=0.00, real=0.00 secs] 
213.416: Total time for which application threads were stopped: 0.0005230 seconds, Stopping threads took: 0.0000460 seconds
213.452: Application time: 0.0358840 seconds
213.452: [GC [PSYoungGen: 7520K->432K(8192K)] 9564K->2476K(26112K), 0.0004500 secs] [Times: user=0.00 sys=0.00, real=0.00 secs] 
213.452: Total time for which application threads were stopped: 0.0005700 seconds, Stopping threads took: 0.0000590 seconds
213.489: Application time: 0.0367440 seconds
213.489: [GC [PSYoungGen: 7600K->480K(8192K)] 9644K->2524K(26112K), 0.0004240 secs] [Times: user=0.00 sys=0.00, real=0.00 secs] 
213.490: Total time for which application threads were stopped: 0.0005260 seconds, Stopping threads took: 0.0000460 seconds
213.526: Application time: 0.0367650 seconds
213.526: [GC [PSYoungGen: 7648K->416K(8192K)] 9692K->2460K(26112K), 0.0004880 secs] [Times: user=0.00 sys=0.00, real=0.00 secs] 
213.527: Total time for which application threads were stopped: 0.0005990 seconds, Stopping threads took: 0.0000550 seconds
213.564: Application time: 0.0368040 seconds
213.564: [GC [PSYoungGen: 7584K->480K(8192K)] 9628K->2524K(26112K), 0.0004570 secs] [Times: user=0.01 sys=0.00, real=0.00 secs] 
213.564: Total time for which application threads were stopped: 0.0005730 seconds, Stopping threads took: 0.0000550 seconds
213.601: Application time: 0.0371700 seconds
213.602: [GC [PSYoungGen: 7648K->496K(8192K)] 9692K->2540K(26112K), 0.0004040 secs] [Times: user=0.00 sys=0.00, real=0.00 secs] 
213.602: Total time for which application threads were stopped: 0.0005010 seconds, Stopping threads took: 0.0000380 seconds
213.639: Application time: 0.0370840 seconds
213.639: [GC [PSYoungGen: 7664K->480K(8192K)] 9708K->2524K(26112K), 0.0004210 secs] [Times: user=0.00 sys=0.00, real=0.00 secs] 
213.640: Total time for which application threads were stopped: 0.0005320 seconds, Stopping threads took: 0.0000550 seconds
213.676: Application time: 0.0366450 seconds
213.676: [GC [PSYoungGen: 7648K->480K(8192K)] 9692K->2524K(26112K), 0.0004330 secs] [Times: user=0.00 sys=0.00, real=0.01 secs] 
213.677: Total time for which application threads were stopped: 0.0005300 seconds, Stopping threads took: 0.0000440 seconds
213.714: Application time: 0.0376390 seconds
213.715: [GC [PSYoungGen: 7648K->496K(8192K)] 9692K->2540K(26112K), 0.0005070 secs] [Times: user=0.00 sys=0.00, real=0.00 secs] 
213.715: Total time for which application threads were stopped: 0.0006580 seconds, Stopping threads took: 0.0000750 seconds
213.751: Application time: 0.0362090 seconds
213.751: [GC [PSYoungGen: 7664K->512K(8192K)] 9708K->2556K(26112K), 0.0004220 secs] [Times: user=0.00 sys=0.00, real=0.00 secs] 
213.752: Total time for which application threads were stopped: 0.0005380 seconds, Stopping threads took: 0.0000450 seconds
213.788: Application time: 0.0365640 seconds
213.788: [GC [PSYoungGen: 7680K->480K(8192K)] 9724K->2524K(26112K), 0.0004450 secs] [Times: user=0.00 sys=0.00, real=0.01 secs] 
213.789: Total time for which application threads were stopped: 0.0005390 seconds, Stopping threads took: 0.0000410 seconds
213.826: Application time: 0.0367850 seconds
213.826: [GC [PSYoungGen: 7648K->560K(8192K)] 9692K->2604K(26112K), 0.0004070 secs] [Times: user=0.00 sys=0.00, real=0.00 secs] 
213.826: Total time for which application threads were stopped: 0.0005090 seconds, Stopping threads took: 0.0000450 seconds
213.864: Application time: 0.0378780 seconds
213.864: [GC [PSYoungGen: 7728K->432K(8192K)] 9772K->2524K(26112K), 0.0004280 secs] [Times: user=0.01 sys=0.00, real=0.00 secs] 
213.865: Total time for which application threads were stopped: 0.0005640 seconds, Stopping threads took: 0.0000680 seconds
213.901: Application time: 0.0367440 seconds
213.902: [GC [PSYoungGen: 7600K->480K(8192K)] 9692K->2628K(26112K), 0.0004020 secs] [Times: user=0.00 sys=0.00, real=0.00 secs] 
213.902: Total time for which application threads were stopped: 0.0005120 seconds, Stopping threads took: 0.0000460 seconds
213.940: Application time: 0.0376510 seconds
213.940: [GC [PSYoungGen: 7648K->400K(8192K)] 9796K->2604K(26112K), 0.0003860 secs] [Times: user=0.00 sys=0.00, real=0.00 secs] 
213.940: Total time for which application threads were stopped: 0.0004910 seconds, Stopping threads took: 0.0000500 seconds
213.977: Application time: 0.0367570 seconds
213.977: [GC [PSYoungGen: 7568K->336K(8192K)] 9772K->2636K(26112K), 0.0003820 secs] [Times: user=0.00 sys=0.00, real=0.00 secs] 
213.977: Total time for which application threads were stopped: 0.0004930 seconds, Stopping threads took: 0.0000560 seconds
214.014: Application time: 0.0368000 seconds
214.014: [GC [PSYoungGen: 7504K->256K(8192K)] 9804K->2644K(26112K), 0.0003640 secs] [Times: user=0.00 sys=0.00, real=0.00 secs] 
214.015: Total time for which application threads were stopped: 0.0004710 seconds, Stopping threads took: 0.0000500 seconds
214.051: Application time: 0.0364030 seconds
214.051: [GC [PSYoungGen: 7424K->288K(8192K)] 9812K->2676K(26112K), 0.0003610 secs] [Times: user=0.00 sys=0.00, real=0.00 secs] 
214.051: Total time for which application threads were stopped: 0.0004770 seconds, Stopping threads took: 0.0000560 seconds
214.087: Application time: 0.0356650 seconds
214.087: [GC [PSYoungGen: 7456K->384K(8192K)] 9844K->2772K(26112K), 0.0003820 secs] [Times: user=0.00 sys=0.00, real=0.00 secs] 
214.088: Total time for which application threads were stopped: 0.0004980 seconds, Stopping threads took: 0.0000570 seconds
214.124: Application time: 0.0363190 seconds
214.124: [GC [PSYoungGen: 7552K->352K(8192K)] 9940K->2740K(26112K), 0.0003790 secs] [Times: user=0.00 sys=0.00, real=0.00 secs] 
214.124: Total time for which application threads were stopped: 0.0004830 seconds, Stopping threads took: 0.0000460 seconds
214.160: Application time: 0.0357930 seconds
214.160: [GC [PSYoungGen: 7520K->480K(8192K)] 9908K->2868K(26112K), 0.0004790 secs] [Times: user=0.00 sys=0.00, real=0.00 secs] 
214.161: Total time for which application threads were stopped: 0.0005770 seconds, Stopping threads took: 0.0000400 seconds
214.197: Application time: 0.0362560 seconds
214.197: [GC [PSYoungGen: 7648K->496K(8192K)] 10036K->2884K(26112K), 0.0004470 secs] [Times: user=0.00 sys=0.00, real=0.00 secs] 
214.198: Total time for which application threads were stopped: 0.0005510 seconds, Stopping threads took: 0.0000460 seconds
214.234: Application time: 0.0366970 seconds
214.234: [GC [PSYoungGen: 7664K->528K(8192K)] 10052K->2916K(26112K), 0.0004150 secs] [Times: user=0.00 sys=0.00, real=0.00 secs] 
214.235: Total time for which application threads were stopped: 0.0005180 seconds, Stopping threads took: 0.0000460 seconds
214.272: Application time: 0.0370060 seconds
214.272: [GC [PSYoungGen: 7696K->496K(8192K)] 10084K->2884K(26112K), 0.0004210 secs] [Times: user=0.01 sys=0.00, real=0.00 secs] 
214.272: Total time for which application threads were stopped: 0.0005230 seconds, Stopping threads took: 0.0000390 seconds
214.309: Application time: 0.0367210 seconds
214.309: [GC [PSYoungGen: 7664K->480K(8192K)] 10052K->2924K(26112K), 0.0004560 secs] [Times: user=0.00 sys=0.00, real=0.00 secs] 
214.310: Total time for which application threads were stopped: 0.0005660 seconds, Stopping threads took: 0.0000530 seconds
214.346: Application time: 0.0367250 seconds
214.346: [GC [PSYoungGen: 7648K->464K(8192K)] 10092K->2908K(26112K), 0.0003910 secs] [Times: user=0.00 sys=0.00, real=0.00 secs] 
214.347: Total time for which application threads were stopped: 0.0005000 seconds, Stopping threads took: 0.0000540 seconds
214.384: Application time: 0.0367570 seconds
214.384: [GC [PSYoungGen: 7632K->464K(8192K)] 10076K->2908K(26112K), 0.0003910 secs] [Times: user=0.00 sys=0.00, real=0.00 secs] 
214.384: Total time for which application threads were stopped: 0.0004980 seconds, Stopping threads took: 0.0000520 seconds
214.421: Application time: 0.0365680 seconds
214.421: [GC [PSYoungGen: 7632K->496K(8192K)] 10076K->2940K(26112K), 0.0003980 secs] [Times: user=0.00 sys=0.00, real=0.00 secs] 
214.421: Total time for which application threads were stopped: 0.0005150 seconds, Stopping threads took: 0.0000550 seconds
214.458: Application time: 0.0367650 seconds
214.458: [GC [PSYoungGen: 7664K->464K(8192K)] 10108K->2908K(26112K), 0.0003940 secs] [Times: user=0.00 sys=0.00, real=0.00 secs] 
214.459: Total time for which application threads were stopped: 0.0005030 seconds, Stopping threads took: 0.0000550 seconds
214.495: Application time: 0.0360590 seconds
214.495: [GC [PSYoungGen: 7632K->496K(8192K)] 10076K->2940K(26112K), 0.0003820 secs] [Times: user=0.00 sys=0.00, real=0.00 secs] 
214.495: Total time for which application threads were stopped: 0.0004930 seconds, Stopping threads took: 0.0000550 seconds
214.532: Application time: 0.0366770 seconds
214.532: [GC [PSYoungGen: 7664K->512K(8192K)] 10108K->2956K(26112K), 0.0003910 secs] [Times: user=0.00 sys=0.00, real=0.00 secs] 
214.532: Total time for which application threads were stopped: 0.0004980 seconds, Stopping threads took: 0.0000540 seconds
214.569: Application time: 0.0370870 seconds
214.569: [GC [PSYoungGen: 7680K->512K(8192K)] 10124K->2956K(26112K), 0.0003900 secs] [Times: user=0.00 sys=0.00, real=0.00 secs] 
214.570: Total time for which application threads were stopped: 0.0005020 seconds, Stopping threads took: 0.0000540 seconds
214.607: Application time: 0.0367590 seconds
214.607: [GC [PSYoungGen: 7680K->464K(8192K)] 10124K->2964K(26112K), 0.0004220 secs] [Times: user=0.00 sys=0.00, real=0.00 secs] 
214.607: Total time for which application threads were stopped: 0.0005260 seconds, Stopping threads took: 0.0000450 seconds
214.644: Application time: 0.0367560 seconds
214.644: [GC [PSYoungGen: 7632K->368K(8192K)] 10132K->2940K(26112K), 0.0004020 secs] [Times: user=0.00 sys=0.00, real=0.00 secs] 
214.644: Total time for which application threads were stopped: 0.0005110 seconds, Stopping threads took: 0.0000500 seconds
214.681: Application time: 0.0367740 seconds
214.681: [GC [PSYoungGen: 7536K->352K(8192K)] 10108K->2964K(26112K), 0.0003730 secs] [Times: user=0.00 sys=0.00, real=0.00 secs] 
214.682: Total time for which application threads were stopped: 0.0005050 seconds, Stopping threads took: 0.0000730 seconds
214.719: Application time: 0.0371050 seconds
214.721: [GC [PSYoungGen: 7520K->288K(8192K)] 10132K->2996K(26112K), 0.0004320 secs] [Times: user=0.00 sys=0.00, real=0.00 secs] 
214.721: Total time for which application threads were stopped: 0.0024250 seconds, Stopping threads took: 0.0019250 seconds
214.758: Application time: 0.0363880 seconds
214.758: [GC [PSYoungGen: 7456K->320K(8192K)] 10164K->3076K(26112K), 0.0003850 secs] [Times: user=0.01 sys=0.00, real=0.00 secs] 
214.758: Total time for which application threads were stopped: 0.0005280 seconds, Stopping threads took: 0.0000850 seconds
214.794: Application time: 0.0362870 seconds
214.795: [GC [PSYoungGen: 7488K->336K(8192K)] 10244K->3092K(26112K), 0.0003620 secs] [Times: user=0.00 sys=0.00, real=0.00 secs] 
214.795: Total time for which application threads were stopped: 0.0004690 seconds, Stopping threads took: 0.0000420 seconds
214.831: Application time: 0.0365650 seconds
214.832: [GC [PSYoungGen: 7504K->384K(8192K)] 10260K->3140K(26112K), 0.0003800 secs] [Times: user=0.00 sys=0.00, real=0.00 secs] 
214.832: Total time for which application threads were stopped: 0.0004940 seconds, Stopping threads took: 0.0000520 seconds
214.867: Application time: 0.0355520 seconds
214.868: [GC [PSYoungGen: 7552K->432K(8192K)] 10308K->3188K(26112K), 0.0004780 secs] [Times: user=0.00 sys=0.00, real=0.00 secs] 
214.868: Total time for which application threads were stopped: 0.0005930 seconds, Stopping threads took: 0.0000520 seconds
214.904: Application time: 0.0362290 seconds
214.904: [GC [PSYoungGen: 7600K->480K(8192K)] 10356K->3236K(26112K), 0.0004260 secs] [Times: user=0.00 sys=0.00, real=0.00 secs] 
214.905: Total time for which application threads were stopped: 0.0005530 seconds, Stopping threads took: 0.0000620 seconds
214.941: Application time: 0.0364080 seconds
214.941: [GC [PSYoungGen: 7648K->496K(8192K)] 10404K->3252K(26112K), 0.0004330 secs] [Times: user=0.00 sys=0.00, real=0.00 secs] 
214.942: Total time for which application threads were stopped: 0.0005480 seconds, Stopping threads took: 0.0000550 seconds
214.979: Application time: 0.0367550 seconds
214.979: [GC [PSYoungGen: 7664K->512K(8192K)] 10420K->3268K(26112K), 0.0003950 secs] [Times: user=0.00 sys=0.00, real=0.00 secs] 
214.979: Total time for which application threads were stopped: 0.0005220 seconds, Stopping threads took: 0.0000710 seconds
215.016: Application time: 0.0369280 seconds
215.016: [GC [PSYoungGen: 7680K->512K(8192K)] 10436K->3268K(26112K), 0.0004160 secs] [Times: user=0.00 sys=0.00, real=0.00 secs] 
215.017: Total time for which application threads were stopped: 0.0005270 seconds, Stopping threads took: 0.0000500 seconds
215.054: Application time: 0.0370540 seconds
215.054: [GC [PSYoungGen: 7680K->496K(8192K)] 10436K->3300K(26112K), 0.0004380 secs] [Times: user=0.00 sys=0.00, real=0.00 secs] 
215.054: Total time for which application threads were stopped: 0.0005340 seconds, Stopping threads took: 0.0000410 seconds
215.091: Application time: 0.0367440 seconds
215.091: [GC [PSYoungGen: 7664K->448K(8192K)] 10468K->3252K(26112K), 0.0003870 secs] [Times: user=0.00 sys=0.00, real=0.00 secs] 
215.091: Total time for which application threads were stopped: 0.0004760 seconds, Stopping threads took: 0.0000340 seconds
215.128: Application time: 0.0366740 seconds
215.128: [GC [PSYoungGen: 7616K->480K(8192K)] 10420K->3284K(26112K), 0.0004220 secs] [Times: user=0.00 sys=0.00, real=0.00 secs] 
215.129: Total time for which application threads were stopped: 0.0005260 seconds, Stopping threads took: 0.0000470 seconds
215.165: Application time: 0.0367240 seconds
215.165: [GC [PSYoungGen: 7648K->448K(8192K)] 10452K->3252K(26112K), 0.0004180 secs] [Times: user=0.00 sys=0.00, real=0.00 secs] 
215.166: Total time for which application threads were stopped: 0.0005270 seconds, Stopping threads took: 0.0000500 seconds
215.203: Application time: 0.0367120 seconds
215.203: [GC [PSYoungGen: 7616K->496K(8192K)] 10420K->3300K(26112K), 0.0004810 secs] [Times: user=0.00 sys=0.00, real=0.00 secs] 
215.203: Total time for which application threads were stopped: 0.0005900 seconds, Stopping threads took: 0.0000520 seconds
215.240: Application time: 0.0370190 seconds
215.240: [GC [PSYoungGen: 7664K->512K(8192K)] 10468K->3316K(26112K), 0.0004360 secs] [Times: user=0.00 sys=0.00, real=0.00 secs] 
215.241: Total time for which application threads were stopped: 0.0005560 seconds, Stopping threads took: 0.0000560 seconds
215.277: Application time: 0.0366140 seconds
215.277: [GC [PSYoungGen: 7680K->528K(8192K)] 10484K->3332K(26112K), 0.0004070 secs] [Times: user=0.00 sys=0.00, real=0.00 secs] 
215.278: Total time for which application threads were stopped: 0.0005230 seconds, Stopping threads took: 0.0000580 seconds
215.315: Application time: 0.0366360 seconds
215.315: [GC [PSYoungGen: 7696K->448K(8192K)] 10500K->3300K(26112K), 0.0004460 secs] [Times: user=0.00 sys=0.00, real=0.00 secs] 
215.315: Total time for which application threads were stopped: 0.0005590 seconds, Stopping threads took: 0.0000450 seconds
215.352: Application time: 0.0366730 seconds
215.352: [GC [PSYoungGen: 7616K->448K(8192K)] 10468K->3348K(26112K), 0.0004260 secs] [Times: user=0.00 sys=0.00, real=0.00 secs] 
215.352: Total time for which application threads were stopped: 0.0005390 seconds, Stopping threads took: 0.0000550 seconds
215.390: Application time: 0.0380170 seconds
215.390: [GC [PSYoungGen: 7616K->384K(8192K)] 10516K->3324K(26112K), 0.0004560 secs] [Times: user=0.00 sys=0.00, real=0.00 secs] 
215.391: Total time for which application threads were stopped: 0.0005750 seconds, Stopping threads took: 0.0000580 seconds
215.428: Application time: 0.0369970 seconds
215.428: [GC [PSYoungGen: 7552K->336K(8192K)] 10492K->3356K(26112K), 0.0004890 secs] [Times: user=0.00 sys=0.00, real=0.00 secs] 
215.428: Total time for which application threads were stopped: 0.0005860 seconds, Stopping threads took: 0.0000400 seconds
215.466: Application time: 0.0371030 seconds
215.466: [GC [PSYoungGen: 7504K->320K(8192K)] 10524K->3388K(26112K), 0.0004100 secs] [Times: user=0.00 sys=0.00, real=0.00 secs] 
215.466: Total time for which application threads were stopped: 0.0005220 seconds, Stopping threads took: 0.0000560 seconds
215.502: Application time: 0.0362080 seconds
215.502: [GC [PSYoungGen: 7488K->288K(8192K)] 10556K->3412K(26112K), 0.0003550 secs] [Times: user=0.00 sys=0.00, real=0.00 secs] 
215.503: Total time for which application threads were stopped: 0.0004710 seconds, Stopping threads took: 0.0000560 seconds
215.539: Application time: 0.0361100 seconds
215.539: [GC [PSYoungGen: 7456K->336K(8192K)] 10580K->3460K(26112K), 0.0003840 secs] [Times: user=0.00 sys=0.00, real=0.00 secs] 
215.539: Total time for which application threads were stopped: 0.0004750 seconds, Stopping threads took: 0.0000330 seconds
215.576: Application time: 0.0363480 seconds
215.576: [GC [PSYoungGen: 7504K->368K(8192K)] 10628K->3492K(26112K), 0.0003900 secs] [Times: user=0.00 sys=0.00, real=0.00 secs] 
215.576: Total time for which application threads were stopped: 0.0005050 seconds, Stopping threads took: 0.0000570 seconds
215.612: Application time: 0.0356390 seconds
215.612: [GC [PSYoungGen: 7536K->448K(8192K)] 10660K->3572K(26112K), 0.0004480 secs] [Times: user=0.00 sys=0.00, real=0.00 secs] 
215.612: Total time for which application threads were stopped: 0.0005530 seconds, Stopping threads took: 0.0000450 seconds
215.649: Application time: 0.0362950 seconds
215.649: [GC [PSYoungGen: 7616K->448K(8192K)] 10740K->3572K(26112K), 0.0004080 secs] [Times: user=0.01 sys=0.00, real=0.00 secs] 
215.649: Total time for which application threads were stopped: 0.0005280 seconds, Stopping threads took: 0.0000530 seconds
215.686: Application time: 0.0365070 seconds
215.689: [GC [PSYoungGen: 7616K->496K(8192K)] 10740K->3620K(26112K), 0.0004530 secs] [Times: user=0.00 sys=0.00, real=0.00 secs] 
215.689: Total time for which application threads were stopped: 0.0034790 seconds, Stopping threads took: 0.0029700 seconds
215.728: Application time: 0.0388740 seconds
215.728: [GC [PSYoungGen: 7664K->496K(8192K)] 10788K->3620K(26112K), 0.0004500 secs] [Times: user=0.00 sys=0.00, real=0.00 secs] 
215.729: Total time for which application threads were stopped: 0.0005760 seconds, Stopping threads took: 0.0000520 seconds
215.765: Application time: 0.0367230 seconds
215.765: [GC [PSYoungGen: 7664K->512K(8192K)] 10788K->3636K(26112K), 0.0004000 secs] [Times: user=0.00 sys=0.00, real=0.00 secs] 
215.766: Total time for which application threads were stopped: 0.0004960 seconds, Stopping threads took: 0.0000410 seconds
215.803: Application time: 0.0367260 seconds
215.803: [GC [PSYoungGen: 7680K->464K(8192K)] 10804K->3644K(26112K), 0.0004220 secs] [Times: user=0.00 sys=0.00, real=0.00 secs] 
215.803: Total time for which application threads were stopped: 0.0005320 seconds, Stopping threads took: 0.0000550 seconds
215.840: Application time: 0.0366650 seconds
215.840: [GC [PSYoungGen: 7632K->464K(8192K)] 10812K->3644K(26112K), 0.0004340 secs] [Times: user=0.00 sys=0.00, real=0.00 secs] 
215.840: Total time for which application threads were stopped: 0.0005510 seconds, Stopping threads took: 0.0000540 seconds
215.877: Application time: 0.0364540 seconds
215.877: [GC [PSYoungGen: 7632K->448K(8192K)] 10812K->3628K(26112K), 0.0004090 secs] [Times: user=0.01 sys=0.00, real=0.00 secs] 
215.877: Total time for which application threads were stopped: 0.0005200 seconds, Stopping threads took: 0.0000570 seconds
215.914: Application time: 0.0367850 seconds
215.914: [GC [PSYoungGen: 7616K->496K(8192K)] 10796K->3676K(26112K), 0.0004720 secs] [Times: user=0.00 sys=0.00, real=0.00 secs] 
215.915: Total time for which application threads were stopped: 0.0005840 seconds, Stopping threads took: 0.0000560 seconds
215.951: Application time: 0.0366600 seconds
215.951: [GC [PSYoungGen: 7664K->464K(8192K)] 10844K->3644K(26112K), 0.0003830 secs] [Times: user=0.01 sys=0.00, real=0.00 secs] 
215.952: Total time for which application threads were stopped: 0.0005010 seconds, Stopping threads took: 0.0000540 seconds
215.988: Application time: 0.0362260 seconds
215.988: [GC [PSYoungGen: 7632K->512K(8192K)] 10812K->3692K(26112K), 0.0004200 secs] [Times: user=0.00 sys=0.00, real=0.00 secs] 
215.989: Total time for which application threads were stopped: 0.0005220 seconds, Stopping threads took: 0.0000430 seconds
216.025: Application time: 0.0366980 seconds
216.025: [GC [PSYoungGen: 7680K->512K(8192K)] 10860K->3692K(26112K), 0.0004020 secs] [Times: user=0.00 sys=0.00, real=0.00 secs] 
216.026: Total time for which application threads were stopped: 0.0005040 seconds, Stopping threads took: 0.0000450 seconds
216.063: Application time: 0.0369600 seconds
216.063: [GC [PSYoungGen: 7680K->432K(8192K)] 10860K->3652K(26112K), 0.0004140 secs] [Times: user=0.00 sys=0.00, real=0.00 secs] 
216.063: Total time for which application threads were stopped: 0.0005130 seconds, Stopping threads took: 0.0000430 seconds
216.100: Application time: 0.0367600 seconds
216.100: [GC [PSYoungGen: 7600K->432K(8192K)] 10820K->3700K(26112K), 0.0004760 secs] [Times: user=0.00 sys=0.00, real=0.00 secs] 
216.101: Total time for which application threads were stopped: 0.0005750 seconds, Stopping threads took: 0.0000460 seconds
216.137: Application time: 0.0367260 seconds
216.137: [GC [PSYoungGen: 7600K->384K(8192K)] 10868K->3708K(26112K), 0.0003710 secs] [Times: user=0.00 sys=0.00, real=0.00 secs] 
216.138: Total time for which application threads were stopped: 0.0004750 seconds, Stopping threads took: 0.0000480 seconds
216.175: Application time: 0.0373490 seconds
216.175: [GC [PSYoungGen: 7552K->320K(8192K)] 10876K->3728K(26112K), 0.0004150 secs] [Times: user=0.00 sys=0.00, real=0.00 secs] 
216.176: Total time for which application threads were stopped: 0.0005650 seconds, Stopping threads took: 0.0000940 seconds
216.213: Application time: 0.0371800 seconds
216.213: [GC [PSYoungGen: 7488K->320K(8192K)] 10896K->3784K(26112K), 0.0003590 secs] [Times: user=0.00 sys=0.00, real=0.00 secs] 
216.213: Total time for which application threads were stopped: 0.0004770 seconds, Stopping threads took: 0.0000600 seconds
216.250: Application time: 0.0361360 seconds
216.250: [GC [PSYoungGen: 7488K->288K(8192K)] 10952K->3801K(26112K), 0.0003640 secs] [Times: user=0.00 sys=0.00, real=0.00 secs] 
216.250: Total time for which application threads were stopped: 0.0004880 seconds, Stopping threads took: 0.0000640 seconds
216.286: Application time: 0.0358040 seconds
216.286: [GC [PSYoungGen: 7456K->336K(8192K)] 10969K->3849K(26112K), 0.0004340 secs] [Times: user=0.00 sys=0.00, real=0.00 secs] 
216.287: Total time for which application threads were stopped: 0.0015810 seconds, Stopping threads took: 0.0000560 seconds
216.324: Application time: 0.0367590 seconds
216.324: [GC [PSYoungGen: 7504K->336K(8192K)] 11017K->3849K(26112K), 0.0003910 secs] [Times: user=0.00 sys=0.00, real=0.00 secs] 
216.325: Total time for which application threads were stopped: 0.0004930 seconds, Stopping threads took: 0.0000450 seconds
216.361: Application time: 0.0359170 seconds
216.361: [GC [PSYoungGen: 7504K->400K(8192K)] 11017K->3913K(26112K), 0.0003850 secs] [Times: user=0.00 sys=0.00, real=0.00 secs] 
216.361: Total time for which application threads were stopped: 0.0005190 seconds, Stopping threads took: 0.0000620 seconds
216.397: Application time: 0.0359850 seconds
216.397: [GC [PSYoungGen: 7553K->432K(8192K)] 11066K->3945K(26112K), 0.0005210 secs] [Times: user=0.00 sys=0.00, real=0.00 secs] 
216.398: Total time for which application threads were stopped: 0.0006380 seconds, Stopping threads took: 0.0000560 seconds
216.434: Application time: 0.0361390 seconds
216.434: [GC [PSYoungGen: 7600K->512K(8192K)] 11113K->4025K(26112K), 0.0004930 secs] [Times: user=0.00 sys=0.00, real=0.00 secs] 
216.435: Total time for which application threads were stopped: 0.0006110 seconds, Stopping threads took: 0.0000560 seconds
216.471: Application time: 0.0367270 seconds
216.471: [GC [PSYoungGen: 7680K->544K(8192K)] 11193K->4057K(26112K), 0.0004170 secs] [Times: user=0.00 sys=0.00, real=0.00 secs] 
216.472: Total time for which application threads were stopped: 0.0005310 seconds, Stopping threads took: 0.0000550 seconds
216.509: Application time: 0.0367620 seconds
216.509: [GC [PSYoungGen: 7712K->512K(8192K)] 11225K->4025K(26112K), 0.0004550 secs] [Times: user=0.01 sys=0.00, real=0.01 secs] 
216.509: Total time for which application threads were stopped: 0.0005660 seconds, Stopping threads took: 0.0000530 seconds
216.546: Application time: 0.0371950 seconds
216.546: [GC [PSYoungGen: 7680K->464K(8192K)] 11193K->4025K(26112K), 0.0003930 secs] [Times: user=0.00 sys=0.00, real=0.00 secs] 
216.547: Total time for which application threads were stopped: 0.0004990 seconds, Stopping threads took: 0.0000510 seconds
216.584: Application time: 0.0368430 seconds
216.584: [GC [PSYoungGen: 7632K->432K(8192K)] 11193K->3993K(26112K), 0.0004090 secs] [Times: user=0.00 sys=0.00, real=0.00 secs] 
216.584: Total time for which application threads were stopped: 0.0005250 seconds, Stopping threads took: 0.0000560 seconds
216.621: Application time: 0.0366870 seconds
216.621: [GC [PSYoungGen: 7600K->400K(8192K)] 11161K->3961K(26112K), 0.0004500 secs] [Times: user=0.01 sys=0.00, real=0.00 secs] 
216.621: Total time for which application threads were stopped: 0.0005480 seconds, Stopping threads took: 0.0000490 seconds
216.658: Application time: 0.0366940 seconds
216.658: [GC [PSYoungGen: 7568K->448K(8192K)] 11129K->4009K(26112K), 0.0004020 secs] [Times: user=0.00 sys=0.00, real=0.00 secs] 
216.659: Total time for which application threads were stopped: 0.0005140 seconds, Stopping threads took: 0.0000570 seconds
216.695: Application time: 0.0367720 seconds
216.695: [GC [PSYoungGen: 7616K->432K(8192K)] 11177K->3993K(26112K), 0.0003960 secs] [Times: user=0.00 sys=0.00, real=0.00 secs] 
216.696: Total time for which application threads were stopped: 0.0004970 seconds, Stopping threads took: 0.0000450 seconds
216.733: Application time: 0.0367620 seconds
216.735: [GC [PSYoungGen: 7600K->496K(8192K)] 11161K->4057K(26112K), 0.0004810 secs] [Times: user=0.00 sys=0.00, real=0.00 secs] 
216.736: Total time for which application threads were stopped: 0.0031390 seconds, Stopping threads took: 0.0025830 seconds
216.773: Application time: 0.0367830 seconds
216.773: [GC [PSYoungGen: 7664K->480K(8192K)] 11225K->4041K(26112K), 0.0004170 secs] [Times: user=0.00 sys=0.00, real=0.00 secs] 
216.773: Total time for which application threads were stopped: 0.0005310 seconds, Stopping threads took: 0.0000470 seconds
216.810: Application time: 0.0366420 seconds
216.813: [GC [PSYoungGen: 7648K->432K(8192K)] 11209K->4041K(26112K), 0.0004050 secs] [Times: user=0.00 sys=0.00, real=0.00 secs] 
216.813: Total time for which application threads were stopped: 0.0034080 seconds, Stopping threads took: 0.0029430 seconds
216.850: Application time: 0.0367170 seconds
216.850: [GC [PSYoungGen: 7600K->336K(8192K)] 11209K->4025K(26112K), 0.0004150 secs] [Times: user=0.00 sys=0.00, real=0.00 secs] 
216.850: Total time for which application threads were stopped: 0.0005560 seconds, Stopping threads took: 0.0000810 seconds
216.888: Application time: 0.0377890 seconds
216.888: [GC [PSYoungGen: 7504K->416K(8192K)] 11193K->4105K(26112K), 0.0004090 secs] [Times: user=0.00 sys=0.00, real=0.01 secs] 
216.889: Total time for which application threads were stopped: 0.0005430 seconds, Stopping threads took: 0.0000610 seconds
216.926: Application time: 0.0368320 seconds
216.926: [GC [PSYoungGen: 7584K->416K(8192K)] 11273K->4169K(26112K), 0.0004000 secs] [Times: user=0.00 sys=0.00, real=0.00 secs] 
216.926: Total time for which application threads were stopped: 0.0005100 seconds, Stopping threads took: 0.0000550 seconds
216.962: Application time: 0.0362390 seconds
216.962: [GC [PSYoungGen: 7584K->304K(8192K)] 11337K->4145K(26112K), 0.0003800 secs] [Times: user=0.00 sys=0.00, real=0.00 secs] 
216.963: Total time for which application threads were stopped: 0.0004960 seconds, Stopping threads took: 0.0000560 seconds
216.999: Application time: 0.0364820 seconds
216.999: [GC [PSYoungGen: 7472K->320K(8192K)] 11313K->4209K(26112K), 0.0003990 secs] [Times: user=0.00 sys=0.00, real=0.00 secs] 
217.000: Total time for which application threads were stopped: 0.0005140 seconds, Stopping threads took: 0.0000570 seconds
217.036: Application time: 0.0362730 seconds
217.036: [GC [PSYoungGen: 7488K->384K(8192K)] 11377K->4273K(26112K), 0.0003680 secs] [Times: user=0.00 sys=0.00, real=0.00 secs] 
217.037: Total time for which application threads were stopped: 0.0004840 seconds, Stopping threads took: 0.0000570 seconds
217.073: Application time: 0.0361270 seconds
217.073: [GC [PSYoungGen: 7552K->400K(8192K)] 11441K->4289K(26112K), 0.0003840 secs] [Times: user=0.00 sys=0.00, real=0.00 secs] 
217.073: Total time for which application threads were stopped: 0.0005000 seconds, Stopping threads took: 0.0000570 seconds
217.110: Application time: 0.0363570 seconds
217.110: [GC [PSYoungGen: 7568K->432K(8192K)] 11457K->4321K(26112K), 0.0004060 secs] [Times: user=0.00 sys=0.00, real=0.00 secs] 
217.110: Total time for which application threads were stopped: 0.0005190 seconds, Stopping threads took: 0.0000510 seconds
217.146: Application time: 0.0355650 seconds
217.146: [GC [PSYoungGen: 7600K->512K(8192K)] 11489K->4401K(26112K), 0.0004800 secs] [Times: user=0.00 sys=0.00, real=0.00 secs] 
217.146: Total time for which application threads were stopped: 0.0005940 seconds, Stopping threads took: 0.0000580 seconds
217.183: Application time: 0.0366960 seconds
217.183: [GC [PSYoungGen: 7680K->512K(8192K)] 11569K->4401K(26112K), 0.0004630 secs] [Times: user=0.00 sys=0.00, real=0.00 secs] 
217.184: Total time for which application threads were stopped: 0.0005770 seconds, Stopping threads took: 0.0000560 seconds
217.220: Application time: 0.0368980 seconds
217.221: [GC [PSYoungGen: 7680K->496K(8192K)] 11569K->4385K(26112K), 0.0004180 secs] [Times: user=0.00 sys=0.00, real=0.00 secs] 
217.221: Total time for which application threads were stopped: 0.0005310 seconds, Stopping threads took: 0.0000560 seconds
217.258: Application time: 0.0370490 seconds
217.258: [GC [PSYoungGen: 7664K->528K(8192K)] 11553K->4417K(26112K), 0.0004150 secs] [Times: user=0.00 sys=0.00, real=0.00 secs] 
217.259: Total time for which application threads were stopped: 0.0005080 seconds, Stopping threads took: 0.0000360 seconds
217.295: Application time: 0.0367870 seconds
217.295: [GC [PSYoungGen: 7696K->464K(8192K)] 11585K->4385K(26112K), 0.0004040 secs] [Times: user=0.00 sys=0.00, real=0.00 secs] 
217.296: Total time for which application threads were stopped: 0.0005110 seconds, Stopping threads took: 0.0000510 seconds
217.333: Application time: 0.0367070 seconds
217.333: [GC [PSYoungGen: 7632K->448K(8192K)] 11553K->4369K(26112K), 0.0004450 secs] [Times: user=0.00 sys=0.00, real=0.00 secs] 
217.333: Total time for which application threads were stopped: 0.0005680 seconds, Stopping threads took: 0.0000640 seconds
217.370: Application time: 0.0367200 seconds
217.370: [GC [PSYoungGen: 7616K->496K(8192K)] 11537K->4417K(26112K), 0.0004040 secs] [Times: user=0.00 sys=0.00, real=0.00 secs] 
217.370: Total time for which application threads were stopped: 0.0005140 seconds, Stopping threads took: 0.0000540 seconds
217.407: Application time: 0.0370470 seconds
217.408: [GC [PSYoungGen: 7664K->480K(8192K)] 11585K->4401K(26112K), 0.0003950 secs] [Times: user=0.00 sys=0.00, real=0.00 secs] 
217.408: Total time for which application threads were stopped: 0.0005150 seconds, Stopping threads took: 0.0000540 seconds
217.445: Application time: 0.0368760 seconds
217.445: [GC [PSYoungGen: 7648K->448K(8192K)] 11569K->4369K(26112K), 0.0004090 secs] [Times: user=0.00 sys=0.00, real=0.00 secs] 
217.445: Total time for which application threads were stopped: 0.0005270 seconds, Stopping threads took: 0.0000550 seconds
217.481: Application time: 0.0360290 seconds
217.481: [GC [PSYoungGen: 7616K->480K(8192K)] 11537K->4401K(26112K), 0.0004190 secs] [Times: user=0.00 sys=0.00, real=0.00 secs] 
217.482: Total time for which application threads were stopped: 0.0005400 seconds, Stopping threads took: 0.0000530 seconds
217.519: Application time: 0.0367320 seconds
217.519: [GC [PSYoungGen: 7648K->464K(8192K)] 11569K->4441K(26112K), 0.0004220 secs] [Times: user=0.00 sys=0.00, real=0.00 secs] 
217.519: Total time for which application threads were stopped: 0.0005270 seconds, Stopping threads took: 0.0000460 seconds
217.556: Application time: 0.0367600 seconds
217.556: [GC [PSYoungGen: 7632K->448K(8192K)] 11609K->4489K(26112K), 0.0004340 secs] [Times: user=0.00 sys=0.00, real=0.00 secs] 
217.556: Total time for which application threads were stopped: 0.0005500 seconds, Stopping threads took: 0.0000590 seconds
217.594: Application time: 0.0371490 seconds
217.594: [GC [PSYoungGen: 7616K->384K(8192K)] 11657K->4481K(26112K), 0.0004260 secs] [Times: user=0.00 sys=0.00, real=0.00 secs] 
217.594: Total time for which application threads were stopped: 0.0005350 seconds, Stopping threads took: 0.0000490 seconds
217.631: Application time: 0.0367630 seconds
217.631: [GC [PSYoungGen: 7552K->336K(8192K)] 11649K->4489K(26112K), 0.0004600 secs] [Times: user=0.00 sys=0.00, real=0.00 secs] 
217.632: Total time for which application threads were stopped: 0.0005730 seconds, Stopping threads took: 0.0000540 seconds
217.668: Application time: 0.0367200 seconds
217.668: [GC [PSYoungGen: 7504K->304K(8192K)] 11657K->4505K(26112K), 0.0003770 secs] [Times: user=0.00 sys=0.00, real=0.01 secs] 
217.669: Total time for which application threads were stopped: 0.0004870 seconds, Stopping threads took: 0.0000490 seconds
217.705: Application time: 0.0361720 seconds
217.705: [GC [PSYoungGen: 7472K->272K(8192K)] 11673K->4553K(26112K), 0.0006110 secs] [Times: user=0.01 sys=0.00, real=0.00 secs] 
217.706: Total time for which application threads were stopped: 0.0008170 seconds, Stopping threads took: 0.0001220 seconds
217.742: Application time: 0.0365540 seconds
217.742: [GC [PSYoungGen: 7440K->336K(8192K)] 11721K->4617K(26112K), 0.0003970 secs] [Times: user=0.00 sys=0.00, real=0.00 secs] 
217.743: Total time for which application threads were stopped: 0.0005320 seconds, Stopping threads took: 0.0000710 seconds
217.779: Application time: 0.0363790 seconds
217.779: [GC [PSYoungGen: 7504K->336K(8192K)] 11785K->4617K(26112K), 0.0004310 secs] [Times: user=0.01 sys=0.00, real=0.00 secs] 
217.780: Total time for which application threads were stopped: 0.0005460 seconds, Stopping threads took: 0.0000570 seconds
217.816: Application time: 0.0364210 seconds
217.816: [GC [PSYoungGen: 7504K->368K(8192K)] 11785K->4649K(26112K), 0.0003820 secs] [Times: user=0.00 sys=0.00, real=0.00 secs] 
217.817: Total time for which application threads were stopped: 0.0004820 seconds, Stopping threads took: 0.0000440 seconds
217.853: Application time: 0.0362840 seconds
217.857: [GC [PSYoungGen: 7536K->400K(8192K)] 11817K->4681K(26112K), 0.0004230 secs] [Times: user=0.00 sys=0.00, real=0.00 secs] 
217.857: Total time for which application threads were stopped: 0.0042760 seconds, Stopping threads took: 0.0037940 seconds
217.893: Application time: 0.0357650 seconds
217.893: [GC [PSYoungGen: 7568K->480K(8192K)] 11849K->4761K(26112K), 0.0003990 secs] [Times: user=0.00 sys=0.00, real=0.00 secs] 
217.893: Total time for which application threads were stopped: 0.0005250 seconds, Stopping threads took: 0.0000610 seconds
217.930: Application time: 0.0367960 seconds
217.930: [GC [PSYoungGen: 7648K->464K(8192K)] 11929K->4745K(26112K), 0.0004270 secs] [Times: user=0.00 sys=0.00, real=0.00 secs] 
217.931: Total time for which application threads were stopped: 0.0005490 seconds, Stopping threads took: 0.0000540 seconds
217.968: Application time: 0.0367930 seconds
217.968: [GC [PSYoungGen: 7632K->496K(8192K)] 11913K->4777K(26112K), 0.0004780 secs] [Times: user=0.00 sys=0.00, real=0.00 secs] 
217.968: Total time for which application threads were stopped: 0.0005950 seconds, Stopping threads took: 0.0000550 seconds
218.005: Application time: 0.0370790 seconds
218.005: [GC [PSYoungGen: 7664K->496K(8192K)] 11945K->4777K(26112K), 0.0004140 secs] [Times: user=0.00 sys=0.00, real=0.00 secs] 
218.006: Total time for which application threads were stopped: 0.0005270 seconds, Stopping threads took: 0.0000550 seconds
218.043: Application time: 0.0372640 seconds
218.043: [GC [PSYoungGen: 7664K->464K(8192K)] 11945K->4793K(26112K), 0.0004160 secs] [Times: user=0.00 sys=0.00, real=0.00 secs] 
218.044: Total time for which application threads were stopped: 0.0005130 seconds, Stopping threads took: 0.0000410 seconds
218.080: Application time: 0.0367550 seconds
218.080: [GC [PSYoungGen: 7632K->416K(8192K)] 11961K->4745K(26112K), 0.0004410 secs] [Times: user=0.00 sys=0.00, real=0.00 secs] 
218.081: Total time for which application threads were stopped: 0.0005320 seconds, Stopping threads took: 0.0000360 seconds
218.118: Application time: 0.0367270 seconds
218.118: [GC [PSYoungGen: 7584K->432K(8192K)] 11913K->4761K(26112K), 0.0004450 secs] [Times: user=0.00 sys=0.00, real=0.00 secs] 
218.118: Total time for which application threads were stopped: 0.0005470 seconds, Stopping threads took: 0.0000440 seconds
218.155: Application time: 0.0366780 seconds
218.155: [GC [PSYoungGen: 7600K->448K(8192K)] 11929K->4777K(26112K), 0.0004130 secs] [Times: user=0.00 sys=0.00, real=0.00 secs] 
218.155: Total time for which application threads were stopped: 0.0005260 seconds, Stopping threads took: 0.0000560 seconds
218.192: Application time: 0.0365920 seconds
218.192: [GC [PSYoungGen: 7616K->448K(8192K)] 11945K->4777K(26112K), 0.0004480 secs] [Times: user=0.00 sys=0.00, real=0.00 secs] 
218.193: Total time for which application threads were stopped: 0.0005510 seconds, Stopping threads took: 0.0000400 seconds
218.229: Application time: 0.0365660 seconds
218.229: [GC [PSYoungGen: 7616K->528K(8192K)] 11945K->4857K(26112K), 0.0004160 secs] [Times: user=0.00 sys=0.00, real=0.00 secs] 
218.230: Total time for which application threads were stopped: 0.0005260 seconds, Stopping threads took: 0.0000500 seconds
218.267: Application time: 0.0373470 seconds
218.267: [GC [PSYoungGen: 7696K->448K(8192K)] 12025K->4833K(26112K), 0.0004650 secs] [Times: user=0.00 sys=0.00, real=0.00 secs] 
218.268: Total time for which application threads were stopped: 0.0005840 seconds, Stopping threads took: 0.0000570 seconds
218.304: Application time: 0.0369200 seconds
218.305: [GC [PSYoungGen: 7616K->448K(8192K)] 12001K->4881K(26112K), 0.0004310 secs] [Times: user=0.00 sys=0.00, real=0.00 secs] 
218.305: Total time for which application threads were stopped: 0.0005420 seconds, Stopping threads took: 0.0000550 seconds
218.342: Application time: 0.0365990 seconds
218.342: [GC [PSYoungGen: 7616K->416K(8192K)] 12049K->4897K(26112K), 0.0003840 secs] [Times: user=0.00 sys=0.00, real=0.00 secs] 
218.342: Total time for which application threads were stopped: 0.0004860 seconds, Stopping threads took: 0.0000410 seconds
218.379: Application time: 0.0366000 seconds
218.379: [GC [PSYoungGen: 7584K->352K(8192K)] 12065K->4889K(26112K), 0.0004090 secs] [Times: user=0.01 sys=0.00, real=0.00 secs] 
218.379: Total time for which application threads were stopped: 0.0005210 seconds, Stopping threads took: 0.0000550 seconds
218.417: Application time: 0.0378000 seconds
218.417: [GC [PSYoungGen: 7520K->304K(8192K)] 12057K->4889K(26112K), 0.0004360 secs] [Times: user=0.01 sys=0.00, real=0.00 secs] 
218.418: Total time for which application threads were stopped: 0.0005520 seconds, Stopping threads took: 0.0000540 seconds
218.454: Application time: 0.0366340 seconds
218.454: [GC [PSYoungGen: 7472K->288K(8192K)] 12057K->4953K(26112K), 0.0003760 secs] [Times: user=0.00 sys=0.00, real=0.00 secs] 
218.455: Total time for which application threads were stopped: 0.0004890 seconds, Stopping threads took: 0.0000460 seconds
218.491: Application time: 0.0365680 seconds
218.491: [GC [PSYoungGen: 7456K->352K(8192K)] 12121K->5017K(26112K), 0.0003740 secs] [Times: user=0.00 sys=0.00, real=0.00 secs] 
218.492: Total time for which application threads were stopped: 0.0004900 seconds, Stopping threads took: 0.0000600 seconds
218.528: Application time: 0.0363550 seconds
218.528: [GC [PSYoungGen: 7520K->368K(8192K)] 12185K->5033K(26112K), 0.0004220 secs] [Times: user=0.00 sys=0.00, real=0.00 secs] 
218.529: Total time for which application threads were stopped: 0.0005340 seconds, Stopping threads took: 0.0000540 seconds
218.565: Application time: 0.0361150 seconds
218.565: [GC [PSYoungGen: 7536K->400K(8192K)] 12201K->5065K(26112K), 0.0003810 secs] [Times: user=0.00 sys=0.00, real=0.00 secs] 
218.565: Total time for which application threads were stopped: 0.0004940 seconds, Stopping threads took: 0.0000550 seconds
218.601: Application time: 0.0360530 seconds
218.601: [GC [PSYoungGen: 7568K->464K(8192K)] 12233K->5129K(26112K), 0.0004090 secs] [Times: user=0.00 sys=0.00, real=0.00 secs] 
218.602: Total time for which application threads were stopped: 0.0005310 seconds, Stopping threads took: 0.0000640 seconds
218.638: Application time: 0.0362160 seconds
218.638: [GC [PSYoungGen: 7632K->464K(8192K)] 12297K->5129K(26112K), 0.0004290 secs] [Times: user=0.00 sys=0.00, real=0.00 secs] 
218.639: Total time for which application threads were stopped: 0.0005470 seconds, Stopping threads took: 0.0000590 seconds
218.676: Application time: 0.0368730 seconds
218.676: [GC [PSYoungGen: 7632K->480K(8192K)] 12297K->5145K(26112K), 0.0004100 secs] [Times: user=0.00 sys=0.00, real=0.00 secs] 
218.676: Total time for which application threads were stopped: 0.0005250 seconds, Stopping threads took: 0.0000570 seconds
218.713: Application time: 0.0368860 seconds
218.713: [GC [PSYoungGen: 7648K->496K(8192K)] 12313K->5161K(26112K), 0.0005350 secs] [Times: user=0.00 sys=0.00, real=0.00 secs] 
218.714: Total time for which application threads were stopped: 0.0006570 seconds, Stopping threads took: 0.0000550 seconds
218.750: Application time: 0.0368000 seconds
218.750: [GC [PSYoungGen: 7664K->464K(8192K)] 12329K->5177K(26112K), 0.0004090 secs] [Times: user=0.01 sys=0.00, real=0.00 secs] 
218.751: Total time for which application threads were stopped: 0.0005200 seconds, Stopping threads took: 0.0000550 seconds
218.788: Application time: 0.0370810 seconds
218.788: [GC [PSYoungGen: 7632K->448K(8192K)] 12345K->5161K(26112K), 0.0003990 secs] [Times: user=0.00 sys=0.00, real=0.00 secs] 
218.789: Total time for which application threads were stopped: 0.0005110 seconds, Stopping threads took: 0.0000560 seconds
218.825: Application time: 0.0366570 seconds
218.825: [GC [PSYoungGen: 7616K->448K(8192K)] 12329K->5161K(26112K), 0.0003880 secs] [Times: user=0.00 sys=0.00, real=0.00 secs] 
218.826: Total time for which application threads were stopped: 0.0004990 seconds, Stopping threads took: 0.0000550 seconds
218.862: Application time: 0.0367510 seconds
218.863: [GC [PSYoungGen: 7616K->464K(8192K)] 12329K->5177K(26112K), 0.0004080 secs] [Times: user=0.00 sys=0.00, real=0.00 secs] 
218.863: Total time for which application threads were stopped: 0.0005150 seconds, Stopping threads took: 0.0000520 seconds
218.900: Application time: 0.0368070 seconds
218.900: [GC [PSYoungGen: 7632K->432K(8192K)] 12345K->5145K(26112K), 0.0004030 secs] [Times: user=0.00 sys=0.00, real=0.00 secs] 
218.900: Total time for which application threads were stopped: 0.0005170 seconds, Stopping threads took: 0.0000580 seconds
218.937: Application time: 0.0370570 seconds
218.937: [GC [PSYoungGen: 7600K->480K(8192K)] 12313K->5193K(26112K), 0.0003910 secs] [Times: user=0.00 sys=0.00, real=0.00 secs] 
218.938: Total time for which application threads were stopped: 0.0005160 seconds, Stopping threads took: 0.0000650 seconds
218.973: Application time: 0.0356140 seconds
218.974: [GC [PSYoungGen: 7648K->464K(8192K)] 12361K->5177K(26112K), 0.0004520 secs] [Times: user=0.00 sys=0.00, real=0.00 secs] 
218.974: Total time for which application threads were stopped: 0.0005770 seconds, Stopping threads took: 0.0000530 seconds
219.011: Application time: 0.0367460 seconds
219.011: [GC [PSYoungGen: 7632K->448K(8192K)] 12345K->5217K(26112K), 0.0004260 secs] [Times: user=0.00 sys=0.00, real=0.00 secs] 
219.011: Total time for which application threads were stopped: 0.0005340 seconds, Stopping threads took: 0.0000410 seconds
219.049: Application time: 0.0373430 seconds
219.049: [GC [PSYoungGen: 7616K->464K(8192K)] 12385K->5289K(26112K), 0.0004030 secs] [Times: user=0.00 sys=0.00, real=0.00 secs] 
219.049: Total time for which application threads were stopped: 0.0005160 seconds, Stopping threads took: 0.0000540 seconds
219.086: Application time: 0.0368520 seconds
219.086: [GC [PSYoungGen: 7632K->416K(8192K)] 12457K->5289K(26112K), 0.0003860 secs] [Times: user=0.00 sys=0.00, real=0.00 secs] 
219.087: Total time for which application threads were stopped: 0.0004990 seconds, Stopping threads took: 0.0000570 seconds
219.123: Application time: 0.0367920 seconds
219.123: [GC [PSYoungGen: 7584K->368K(8192K)] 12457K->5289K(26112K), 0.0004190 secs] [Times: user=0.00 sys=0.00, real=0.00 secs] 
219.124: Total time for which application threads were stopped: 0.0005200 seconds, Stopping threads took: 0.0000460 seconds
219.160: Application time: 0.0365920 seconds
219.161: [GC [PSYoungGen: 7536K->288K(8192K)] 12457K->5289K(26112K), 0.0003690 secs] [Times: user=0.00 sys=0.00, real=0.00 secs] 
219.161: Total time for which application threads were stopped: 0.0004700 seconds, Stopping threads took: 0.0000450 seconds
219.197: Application time: 0.0361510 seconds
219.197: [GC [PSYoungGen: 7456K->288K(8192K)] 12457K->5338K(26112K), 0.0003830 secs] [Times: user=0.00 sys=0.00, real=0.00 secs] 
219.198: Total time for which application threads were stopped: 0.0005000 seconds, Stopping threads took: 0.0000560 seconds
219.234: Application time: 0.0364020 seconds
219.234: [GC [PSYoungGen: 7456K->352K(8192K)] 12506K->5402K(26112K), 0.0004660 secs] [Times: user=0.01 sys=0.00, real=0.00 secs] 
219.235: Total time for which application threads were stopped: 0.0005720 seconds, Stopping threads took: 0.0000460 seconds
219.271: Application time: 0.0362410 seconds
219.271: [GC [PSYoungGen: 7520K->384K(8192K)] 12570K->5434K(26112K), 0.0004380 secs] [Times: user=0.00 sys=0.00, real=0.00 secs] 
219.271: Total time for which application threads were stopped: 0.0005540 seconds, Stopping threads took: 0.0000570 seconds
219.307: Application time: 0.0357780 seconds
219.307: [GC [PSYoungGen: 7552K->416K(8192K)] 12602K->5466K(26112K), 0.0004030 secs] [Times: user=0.01 sys=0.00, real=0.00 secs] 
219.308: Total time for which application threads were stopped: 0.0005070 seconds, Stopping threads took: 0.0000430 seconds
219.344: Application time: 0.0362120 seconds
219.344: [GC [PSYoungGen: 7584K->464K(8192K)] 12634K->5514K(26112K), 0.0004310 secs] [Times: user=0.00 sys=0.00, real=0.00 secs] 
219.344: Total time for which application threads were stopped: 0.0005260 seconds, Stopping threads took: 0.0000420 seconds
219.381: Application time: 0.0361510 seconds
219.381: [GC [PSYoungGen: 7632K->528K(8192K)] 12682K->5578K(26112K), 0.0004200 secs] [Times: user=0.00 sys=0.00, real=0.00 secs] 
219.381: Total time for which application threads were stopped: 0.0005280 seconds, Stopping threads took: 0.0000530 seconds
219.418: Application time: 0.0368090 seconds
219.418: [GC [PSYoungGen: 7696K->512K(8192K)] 12746K->5562K(26112K), 0.0004200 secs] [Times: user=0.00 sys=0.00, real=0.00 secs] 
219.418: Total time for which application threads were stopped: 0.0005170 seconds, Stopping threads took: 0.0000410 seconds
219.455: Application time: 0.0369680 seconds
219.455: [GC [PSYoungGen: 7680K->528K(8192K)] 12730K->5578K(26112K), 0.0004040 secs] [Times: user=0.00 sys=0.00, real=0.00 secs] 
219.456: Total time for which application threads were stopped: 0.0005190 seconds, Stopping threads took: 0.0000540 seconds
219.493: Application time: 0.0368120 seconds
219.493: [GC [PSYoungGen: 7696K->512K(8192K)] 12746K->5562K(26112K), 0.0004150 secs] [Times: user=0.00 sys=0.00, real=0.00 secs] 
219.493: Total time for which application threads were stopped: 0.0005300 seconds, Stopping threads took: 0.0000510 seconds
219.530: Application time: 0.0367440 seconds
219.530: [GC [PSYoungGen: 7680K->464K(8192K)] 12730K->5562K(26112K), 0.0004410 secs] [Times: user=0.00 sys=0.00, real=0.00 secs] 
219.531: Total time for which application threads were stopped: 0.0005610 seconds, Stopping threads took: 0.0000540 seconds
219.567: Application time: 0.0367030 seconds
219.567: [GC [PSYoungGen: 7632K->464K(8192K)] 12730K->5562K(26112K), 0.0004260 secs] [Times: user=0.00 sys=0.00, real=0.00 secs] 
219.568: Total time for which application threads were stopped: 0.0005330 seconds, Stopping threads took: 0.0000480 seconds
219.605: Application time: 0.0371400 seconds
219.605: [GC [PSYoungGen: 7632K->464K(8192K)] 12730K->5562K(26112K), 0.0004150 secs] [Times: user=0.00 sys=0.00, real=0.00 secs] 
219.605: Total time for which application threads were stopped: 0.0005170 seconds, Stopping threads took: 0.0000460 seconds
219.642: Application time: 0.0367770 seconds
219.642: [GC [PSYoungGen: 7632K->464K(8192K)] 12730K->5562K(26112K), 0.0004080 secs] [Times: user=0.01 sys=0.00, real=0.00 secs] 
219.643: Total time for which application threads were stopped: 0.0005170 seconds, Stopping threads took: 0.0000520 seconds
219.679: Application time: 0.0366760 seconds
219.679: [GC [PSYoungGen: 7632K->448K(8192K)] 12730K->5546K(26112K), 0.0004000 secs] [Times: user=0.00 sys=0.00, real=0.00 secs] 
219.680: Total time for which application threads were stopped: 0.0005010 seconds, Stopping threads took: 0.0000460 seconds
219.716: Application time: 0.0362500 seconds
219.716: [GC [PSYoungGen: 7616K->512K(8192K)] 12714K->5610K(26112K), 0.0004670 secs] [Times: user=0.00 sys=0.00, real=0.01 secs] 
219.717: Total time for which application threads were stopped: 0.0005970 seconds, Stopping threads took: 0.0000610 seconds
219.754: Application time: 0.0375860 seconds
219.756: [GC [PSYoungGen: 7680K->448K(8192K)] 12778K->5594K(26112K), 0.0004370 secs] [Times: user=0.00 sys=0.00, real=0.00 secs] 
219.756: Total time for which application threads were stopped: 0.0019670 seconds, Stopping threads took: 0.0014580 seconds
219.793: Application time: 0.0368250 seconds
219.793: [GC [PSYoungGen: 7616K->464K(8192K)] 12762K->5658K(26112K), 0.0004210 secs] [Times: user=0.01 sys=0.00, real=0.00 secs] 
219.794: Total time for which application threads were stopped: 0.0005310 seconds, Stopping threads took: 0.0000510 seconds
219.831: Application time: 0.0369510 seconds
219.831: [GC [PSYoungGen: 7632K->384K(8192K)] 12826K->5626K(26112K), 0.0003990 secs] [Times: user=0.00 sys=0.00, real=0.00 secs] 
219.831: Total time for which application threads were stopped: 0.0005020 seconds, Stopping threads took: 0.0000460 seconds
219.870: Application time: 0.0390720 seconds
219.870: [GC [PSYoungGen: 7552K->336K(8192K)] 12794K->5658K(26112K), 0.0003920 secs] [Times: user=0.00 sys=0.00, real=0.00 secs] 
219.871: Total time for which application threads were stopped: 0.0005150 seconds, Stopping threads took: 0.0000680 seconds
219.908: Application time: 0.0374200 seconds
219.908: [GC [PSYoungGen: 7504K->352K(8192K)] 12826K->5722K(26112K), 0.0003980 secs] [Times: user=0.00 sys=0.00, real=0.00 secs] 
219.909: Total time for which application threads were stopped: 0.0005220 seconds, Stopping threads took: 0.0000600 seconds
219.946: Application time: 0.0369380 seconds
219.946: [GC [PSYoungGen: 7520K->304K(8192K)] 12890K->5714K(26112K), 0.0004130 secs] [Times: user=0.00 sys=0.00, real=0.00 secs] 
219.946: Total time for which application threads were stopped: 0.0005250 seconds, Stopping threads took: 0.0000550 seconds
219.982: Application time: 0.0359170 seconds
219.982: [GC [PSYoungGen: 7472K->384K(8192K)] 12882K->5794K(26112K), 0.0004280 secs] [Times: user=0.01 sys=0.00, real=0.00 secs] 
219.983: Total time for which application threads were stopped: 0.0005460 seconds, Stopping threads took: 0.0000580 seconds
220.019: Application time: 0.0362520 seconds
220.019: [GC [PSYoungGen: 7552K->384K(8192K)] 12962K->5794K(26112K), 0.0004250 secs] [Times: user=0.00 sys=0.00, real=0.00 secs] 
220.019: Total time for which application threads were stopped: 0.0005470 seconds, Stopping threads took: 0.0000570 seconds
220.056: Application time: 0.0367940 seconds
220.056: [GC [PSYoungGen: 7552K->336K(8192K)] 12962K->5746K(26112K), 0.0003820 secs] [Times: user=0.00 sys=0.00, real=0.00 secs] 
220.057: Total time for which application threads were stopped: 0.0004960 seconds, Stopping threads took: 0.0000560 seconds
220.092: Application time: 0.0351950 seconds
220.092: [GC [PSYoungGen: 7504K->496K(8192K)] 12914K->5906K(26112K), 0.0004230 secs] [Times: user=0.00 sys=0.00, real=0.00 secs] 
220.092: Total time for which application threads were stopped: 0.0005510 seconds, Stopping threads took: 0.0000690 seconds
220.129: Application time: 0.0367420 seconds
220.129: [GC [PSYoungGen: 7664K->496K(8192K)] 13074K->5906K(26112K), 0.0004700 secs] [Times: user=0.00 sys=0.00, real=0.00 secs] 
220.130: Total time for which application threads were stopped: 0.0005820 seconds, Stopping threads took: 0.0000550 seconds
220.167: Application time: 0.0370520 seconds
220.167: [GC [PSYoungGen: 7664K->480K(8192K)] 13074K->5890K(26112K), 0.0004220 secs] [Times: user=0.01 sys=0.00, real=0.00 secs] 
220.167: Total time for which application threads were stopped: 0.0005310 seconds, Stopping threads took: 0.0000510 seconds
220.204: Application time: 0.0367610 seconds
220.204: [GC [PSYoungGen: 7648K->512K(8192K)] 13058K->5922K(26112K), 0.0003940 secs] [Times: user=0.00 sys=0.00, real=0.00 secs] 
220.205: Total time for which application threads were stopped: 0.0004960 seconds, Stopping threads took: 0.0000500 seconds
220.241: Application time: 0.0368790 seconds
220.242: [GC [PSYoungGen: 7680K->512K(8192K)] 13090K->5922K(26112K), 0.0003950 secs] [Times: user=0.00 sys=0.00, real=0.00 secs] 
220.242: Total time for which application threads were stopped: 0.0005010 seconds, Stopping threads took: 0.0000500 seconds
220.279: Application time: 0.0367220 seconds
220.279: [GC [PSYoungGen: 7680K->464K(8192K)] 13090K->5922K(26112K), 0.0004100 secs] [Times: user=0.00 sys=0.00, real=0.00 secs] 
220.279: Total time for which application threads were stopped: 0.0005070 seconds, Stopping threads took: 0.0000400 seconds
220.316: Application time: 0.0367340 seconds
220.316: [GC [PSYoungGen: 7632K->432K(8192K)] 13090K->5890K(26112K), 0.0004100 secs] [Times: user=0.00 sys=0.00, real=0.00 secs] 
220.316: Total time for which application threads were stopped: 0.0005090 seconds, Stopping threads took: 0.0000420 seconds
220.353: Application time: 0.0366540 seconds
220.353: [GC [PSYoungGen: 7600K->432K(8192K)] 13058K->5890K(26112K), 0.0004210 secs] [Times: user=0.00 sys=0.00, real=0.00 secs] 
220.354: Total time for which application threads were stopped: 0.0005450 seconds, Stopping threads took: 0.0000620 seconds
220.390: Application time: 0.0367230 seconds
220.390: [GC [PSYoungGen: 7600K->448K(8192K)] 13058K->5906K(26112K), 0.0003980 secs] [Times: user=0.00 sys=0.00, real=0.00 secs] 
220.391: Total time for which application threads were stopped: 0.0004940 seconds, Stopping threads took: 0.0000370 seconds
220.427: Application time: 0.0364670 seconds
220.427: [GC [PSYoungGen: 7616K->512K(8192K)] 13074K->5970K(26112K), 0.0004050 secs] [Times: user=0.00 sys=0.00, real=0.00 secs] 
220.428: Total time for which application threads were stopped: 0.0005140 seconds, Stopping threads took: 0.0000490 seconds
220.465: Application time: 0.0367240 seconds
220.465: [GC [PSYoungGen: 7680K->448K(8192K)] 13138K->5954K(26112K), 0.0004550 secs] [Times: user=0.00 sys=0.00, real=0.00 secs] 
220.465: Total time for which application threads were stopped: 0.0005650 seconds, Stopping threads took: 0.0000530 seconds
220.502: Application time: 0.0367770 seconds
220.502: [GC [PSYoungGen: 7616K->464K(8192K)] 13122K->5970K(26112K), 0.0004010 secs] [Times: user=0.00 sys=0.00, real=0.00 secs] 
220.502: Total time for which application threads were stopped: 0.0005140 seconds, Stopping threads took: 0.0000580 seconds
220.539: Application time: 0.0367890 seconds
220.539: [GC [PSYoungGen: 7632K->400K(8192K)] 13138K->5986K(26112K), 0.0004050 secs] [Times: user=0.01 sys=0.00, real=0.00 secs] 
220.540: Total time for which application threads were stopped: 0.0005230 seconds, Stopping threads took: 0.0000500 seconds
220.577: Application time: 0.0367790 seconds
220.577: [GC [PSYoungGen: 7568K->336K(8192K)] 13154K->5970K(26112K), 0.0004010 secs] [Times: user=0.00 sys=0.00, real=0.01 secs] 
220.577: Total time for which application threads were stopped: 0.0005030 seconds, Stopping threads took: 0.0000430 seconds
220.614: Application time: 0.0367810 seconds
220.614: [GC [PSYoungGen: 7504K->352K(8192K)] 13138K->5986K(26112K), 0.0003730 secs] [Times: user=0.00 sys=0.00, real=0.00 secs] 
220.614: Total time for which application threads were stopped: 0.0004850 seconds, Stopping threads took: 0.0000540 seconds
220.651: Application time: 0.0362900 seconds
220.651: [GC [PSYoungGen: 7520K->304K(8192K)] 13154K->6042K(26112K), 0.0004110 secs] [Times: user=0.00 sys=0.00, real=0.00 secs] 
220.651: Total time for which application threads were stopped: 0.0005300 seconds, Stopping threads took: 0.0000550 seconds
220.688: Application time: 0.0364170 seconds
220.688: [GC [PSYoungGen: 7472K->320K(8192K)] 13210K->6058K(26112K), 0.0004680 secs] [Times: user=0.00 sys=0.00, real=0.00 secs] 
220.688: Total time for which application threads were stopped: 0.0005870 seconds, Stopping threads took: 0.0000610 seconds
220.725: Application time: 0.0364890 seconds
220.725: [GC [PSYoungGen: 7488K->384K(8192K)] 13226K->6122K(26112K), 0.0003920 secs] [Times: user=0.00 sys=0.00, real=0.00 secs] 
220.725: Total time for which application threads were stopped: 0.0005280 seconds, Stopping threads took: 0.0000700 seconds
220.762: Application time: 0.0369140 seconds
220.762: [GC [PSYoungGen: 7552K->416K(8192K)] 13290K->6154K(26112K), 0.0003790 secs] [Times: user=0.00 sys=0.00, real=0.00 secs] 
220.763: Total time for which application threads were stopped: 0.0005140 seconds, Stopping threads took: 0.0000770 seconds
220.798: Application time: 0.0354410 seconds
220.798: [GC [PSYoungGen: 7584K->512K(8192K)] 13322K->6250K(26112K), 0.0004020 secs] [Times: user=0.00 sys=0.00, real=0.00 secs] 
220.799: Total time for which application threads were stopped: 0.0005310 seconds, Stopping threads took: 0.0000710 seconds
220.835: Application time: 0.0365450 seconds
220.835: [GC [PSYoungGen: 7680K->528K(8192K)] 13418K->6266K(26112K), 0.0004110 secs] [Times: user=0.00 sys=0.00, real=0.00 secs] 
220.836: Total time for which application threads were stopped: 0.0005410 seconds, Stopping threads took: 0.0000690 seconds
220.872: Application time: 0.0368390 seconds
220.873: [GC [PSYoungGen: 7696K->512K(8192K)] 13434K->6250K(26112K), 0.0004260 secs] [Times: user=0.00 sys=0.00, real=0.00 secs] 
220.873: Total time for which application threads were stopped: 0.0005380 seconds, Stopping threads took: 0.0000510 seconds
220.910: Application time: 0.0370120 seconds
220.910: [GC [PSYoungGen: 7680K->496K(8192K)] 13418K->6234K(26112K), 0.0004500 secs] [Times: user=0.01 sys=0.00, real=0.00 secs] 
220.911: Total time for which application threads were stopped: 0.0005530 seconds, Stopping threads took: 0.0000450 seconds
220.948: Application time: 0.0369700 seconds
220.948: [GC [PSYoungGen: 7664K->480K(8192K)] 13402K->6218K(26112K), 0.0004010 secs] [Times: user=0.01 sys=0.00, real=0.00 secs] 
220.948: Total time for which application threads were stopped: 0.0005040 seconds, Stopping threads took: 0.0000480 seconds
220.986: Application time: 0.0377430 seconds
220.986: [GC [PSYoungGen: 7648K->480K(8192K)] 13386K->6258K(26112K), 0.0004240 secs] [Times: user=0.01 sys=0.00, real=0.00 secs] 
220.986: Total time for which application threads were stopped: 0.0005300 seconds, Stopping threads took: 0.0000490 seconds
221.023: Application time: 0.0368190 seconds
221.023: [GC [PSYoungGen: 7648K->464K(8192K)] 13426K->6242K(26112K), 0.0004350 secs] [Times: user=0.00 sys=0.00, real=0.00 secs] 
221.024: Total time for which application threads were stopped: 0.0005470 seconds, Stopping threads took: 0.0000550 seconds
221.060: Application time: 0.0366180 seconds
221.060: [GC [PSYoungGen: 7632K->448K(8192K)] 13410K->6226K(26112K), 0.0004130 secs] [Times: user=0.00 sys=0.00, real=0.00 secs] 
221.061: Total time for which application threads were stopped: 0.0005410 seconds, Stopping threads took: 0.0000560 seconds
221.098: Application time: 0.0366890 seconds
221.098: [GC [PSYoungGen: 7616K->448K(8192K)] 13394K->6226K(26112K), 0.0004550 secs] [Times: user=0.00 sys=0.00, real=0.00 secs] 
221.098: Total time for which application threads were stopped: 0.0005620 seconds, Stopping threads took: 0.0000540 seconds
221.135: Application time: 0.0367490 seconds
221.135: [GC [PSYoungGen: 7616K->448K(8192K)] 13394K->6226K(26112K), 0.0004100 secs] [Times: user=0.00 sys=0.00, real=0.00 secs] 
221.135: Total time for which application threads were stopped: 0.0005040 seconds, Stopping threads took: 0.0000360 seconds
221.171: Application time: 0.0359070 seconds
221.171: [GC [PSYoungGen: 7616K->496K(8192K)] 13394K->6274K(26112K), 0.0004380 secs] [Times: user=0.01 sys=0.00, real=0.00 secs] 
221.172: Total time for which application threads were stopped: 0.0005470 seconds, Stopping threads took: 0.0000510 seconds
221.209: Application time: 0.0367780 seconds
221.209: [GC [PSYoungGen: 7664K->432K(8192K)] 13442K->6258K(26112K), 0.0004610 secs] [Times: user=0.00 sys=0.00, real=0.00 secs] 
221.209: Total time for which application threads were stopped: 0.0005710 seconds, Stopping threads took: 0.0000520 seconds
221.246: Application time: 0.0367120 seconds
221.246: [GC [PSYoungGen: 7600K->416K(8192K)] 13426K->6290K(26112K), 0.0003990 secs] [Times: user=0.00 sys=0.00, real=0.00 secs] 
221.246: Total time for which application threads were stopped: 0.0005090 seconds, Stopping threads took: 0.0000530 seconds
221.284: Application time: 0.0380030 seconds
221.285: [GC [PSYoungGen: 7584K->352K(8192K)] 13458K->6274K(26112K), 0.0004180 secs] [Times: user=0.00 sys=0.00, real=0.00 secs] 
221.285: Total time for which application threads were stopped: 0.0005440 seconds, Stopping threads took: 0.0000600 seconds
221.322: Application time: 0.0370370 seconds
221.322: [GC [PSYoungGen: 7520K->368K(8192K)] 13442K->6338K(26112K), 0.0004380 secs] [Times: user=0.00 sys=0.00, real=0.00 secs] 
221.323: Total time for which application threads were stopped: 0.0005520 seconds, Stopping threads took: 0.0000540 seconds
221.359: Application time: 0.0368130 seconds
221.359: [GC [PSYoungGen: 7536K->288K(8192K)] 13506K->6362K(26112K), 0.0003930 secs] [Times: user=0.00 sys=0.00, real=0.00 secs] 
221.360: Total time for which application threads were stopped: 0.0005100 seconds, Stopping threads took: 0.0000560 seconds
221.396: Application time: 0.0362840 seconds
221.396: [GC [PSYoungGen: 7456K->288K(8192K)] 13530K->6410K(26112K), 0.0003800 secs] [Times: user=0.00 sys=0.00, real=0.00 secs] 
221.397: Total time for which application threads were stopped: 0.0004930 seconds, Stopping threads took: 0.0000560 seconds
221.434: Application time: 0.0371610 seconds
221.434: [GC [PSYoungGen: 7456K->336K(8192K)] 13578K->6458K(26112K), 0.0003790 secs] [Times: user=0.00 sys=0.00, real=0.00 secs] 
221.434: Total time for which application threads were stopped: 0.0004980 seconds, Stopping threads took: 0.0000580 seconds
221.471: Application time: 0.0365260 seconds
221.471: [GC [PSYoungGen: 7504K->336K(8192K)] 13626K->6458K(26112K), 0.0004250 secs] [Times: user=0.00 sys=0.00, real=0.00 secs] 
221.471: Total time for which application threads were stopped: 0.0005330 seconds, Stopping threads took: 0.0000510 seconds
221.508: Application time: 0.0363120 seconds
221.508: [GC [PSYoungGen: 7504K->400K(8192K)] 13626K->6522K(26112K), 0.0004640 secs] [Times: user=0.00 sys=0.00, real=0.00 secs] 
221.508: Total time for which application threads were stopped: 0.0005700 seconds, Stopping threads took: 0.0000490 seconds
221.544: Application time: 0.0354160 seconds
221.544: [GC [PSYoungGen: 7568K->512K(8192K)] 13690K->6634K(26112K), 0.0005130 secs] [Times: user=0.00 sys=0.00, real=0.00 secs] 
221.544: Total time for which application threads were stopped: 0.0006260 seconds, Stopping threads took: 0.0000550 seconds
221.581: Application time: 0.0366960 seconds
221.581: [GC [PSYoungGen: 7680K->528K(8192K)] 13802K->6650K(26112K), 0.0004260 secs] [Times: user=0.00 sys=0.00, real=0.00 secs] 
221.582: Total time for which application threads were stopped: 0.0005480 seconds, Stopping threads took: 0.0000560 seconds
221.618: Application time: 0.0368400 seconds
221.618: [GC [PSYoungGen: 7696K->480K(8192K)] 13818K->6602K(26112K), 0.0004510 secs] [Times: user=0.00 sys=0.00, real=0.00 secs] 
221.619: Total time for which application threads were stopped: 0.0005560 seconds, Stopping threads took: 0.0000490 seconds
221.656: Application time: 0.0367360 seconds
221.656: [GC [PSYoungGen: 7648K->496K(8192K)] 13770K->6618K(26112K), 0.0004160 secs] [Times: user=0.01 sys=0.00, real=0.00 secs] 
221.656: Total time for which application threads were stopped: 0.0005290 seconds, Stopping threads took: 0.0000540 seconds
221.693: Application time: 0.0367330 seconds
221.693: [GC [PSYoungGen: 7664K->464K(8192K)] 13786K->6586K(26112K), 0.0004530 secs] [Times: user=0.00 sys=0.00, real=0.00 secs] 
221.694: Total time for which application threads were stopped: 0.0005660 seconds, Stopping threads took: 0.0000550 seconds
221.730: Application time: 0.0368670 seconds
221.730: [GC [PSYoungGen: 7632K->432K(8192K)] 13754K->6602K(26112K), 0.0005580 secs] [Times: user=0.01 sys=0.00, real=0.00 secs] 
221.731: Total time for which application threads were stopped: 0.0006840 seconds, Stopping threads took: 0.0000570 seconds
221.768: Application time: 0.0366020 seconds
221.768: [GC [PSYoungGen: 7600K->464K(8192K)] 13770K->6634K(26112K), 0.0004440 secs] [Times: user=0.00 sys=0.00, real=0.00 secs] 
221.768: Total time for which application threads were stopped: 0.0005660 seconds, Stopping threads took: 0.0000570 seconds
221.805: Application time: 0.0367520 seconds
221.805: [GC [PSYoungGen: 7632K->432K(8192K)] 13802K->6602K(26112K), 0.0004090 secs] [Times: user=0.00 sys=0.00, real=0.00 secs] 
221.806: Total time for which application threads were stopped: 0.0005400 seconds, Stopping threads took: 0.0000700 seconds
221.842: Application time: 0.0365570 seconds
221.842: [GC [PSYoungGen: 7600K->480K(8192K)] 13770K->6650K(26112K), 0.0004050 secs] [Times: user=0.00 sys=0.00, real=0.00 secs] 
221.843: Total time for which application threads were stopped: 0.0005150 seconds, Stopping threads took: 0.0000550 seconds
221.879: Application time: 0.0367030 seconds
221.879: [GC [PSYoungGen: 7648K->480K(8192K)] 13818K->6650K(26112K), 0.0004440 secs] [Times: user=0.00 sys=0.00, real=0.00 secs] 
221.880: Total time for which application threads were stopped: 0.0005580 seconds, Stopping threads took: 0.0000560 seconds
221.916: Application time: 0.0359530 seconds
221.916: [GC [PSYoungGen: 7648K->528K(8192K)] 13818K->6698K(26112K), 0.0004100 secs] [Times: user=0.00 sys=0.00, real=0.00 secs] 
221.916: Total time for which application threads were stopped: 0.0005290 seconds, Stopping threads took: 0.0000610 seconds
221.953: Application time: 0.0370530 seconds
221.954: [GC [PSYoungGen: 7696K->480K(8192K)] 13866K->6690K(26112K), 0.0004550 secs] [Times: user=0.00 sys=0.00, real=0.00 secs] 
221.954: Total time for which application threads were stopped: 0.0005580 seconds, Stopping threads took: 0.0000480 seconds
221.991: Application time: 0.0367040 seconds
221.991: [GC [PSYoungGen: 7648K->432K(8192K)] 13858K->6682K(26112K), 0.0004380 secs] [Times: user=0.00 sys=0.00, real=0.00 secs] 
221.991: Total time for which application threads were stopped: 0.0005510 seconds, Stopping threads took: 0.0000530 seconds
222.028: Application time: 0.0367720 seconds
222.028: [GC [PSYoungGen: 7600K->368K(8192K)] 13850K->6674K(26112K), 0.0003770 secs] [Times: user=0.00 sys=0.00, real=0.00 secs] 
222.029: Total time for which application threads were stopped: 0.0004880 seconds, Stopping threads took: 0.0000560 seconds
222.065: Application time: 0.0368080 seconds
222.065: [GC [PSYoungGen: 7536K->352K(8192K)] 13842K->6698K(26112K), 0.0003700 secs] [Times: user=0.01 sys=0.00, real=0.00 secs] 
222.066: Total time for which application threads were stopped: 0.0004790 seconds, Stopping threads took: 0.0000520 seconds
222.102: Application time: 0.0367070 seconds
222.103: [GC [PSYoungGen: 7520K->272K(8192K)] 13866K->6743K(26112K), 0.0003940 secs] [Times: user=0.00 sys=0.00, real=0.00 secs] 
222.103: Total time for which application threads were stopped: 0.0005050 seconds, Stopping threads took: 0.0000440 seconds
222.139: Application time: 0.0364100 seconds
222.140: [GC [PSYoungGen: 7440K->288K(8192K)] 13911K->6759K(26112K), 0.0003780 secs] [Times: user=0.00 sys=0.00, real=0.00 secs] 
222.140: Total time for which application threads were stopped: 0.0004930 seconds, Stopping threads took: 0.0000560 seconds
222.176: Application time: 0.0362740 seconds
222.176: [GC [PSYoungGen: 7456K->336K(8192K)] 13927K->6807K(26112K), 0.0003760 secs] [Times: user=0.00 sys=0.00, real=0.00 secs] 
222.177: Total time for which application threads were stopped: 0.0004980 seconds, Stopping threads took: 0.0000590 seconds
222.213: Application time: 0.0362500 seconds
222.213: [GC [PSYoungGen: 7504K->320K(8192K)] 13975K->6791K(26112K), 0.0003750 secs] [Times: user=0.00 sys=0.00, real=0.00 secs] 
222.213: Total time for which application threads were stopped: 0.0005020 seconds, Stopping threads took: 0.0000680 seconds
222.250: Application time: 0.0361440 seconds
222.250: [GC [PSYoungGen: 7488K->416K(8192K)] 13959K->6887K(26112K), 0.0003930 secs] [Times: user=0.00 sys=0.00, real=0.00 secs] 
222.250: Total time for which application threads were stopped: 0.0004950 seconds, Stopping threads took: 0.0000460 seconds
222.286: Application time: 0.0354750 seconds
222.286: [GC [PSYoungGen: 7584K->480K(8192K)] 14055K->6951K(26112K), 0.0004630 secs] [Times: user=0.00 sys=0.00, real=0.00 secs] 
222.286: Total time for which application threads were stopped: 0.0005790 seconds, Stopping threads took: 0.0000570 seconds
222.323: Application time: 0.0368170 seconds
222.323: [GC [PSYoungGen: 7648K->512K(8192K)] 14119K->6983K(26112K), 0.0004050 secs] [Times: user=0.00 sys=0.00, real=0.00 secs] 
222.323: Total time for which application threads were stopped: 0.0005230 seconds, Stopping threads took: 0.0000560 seconds
222.360: Application time: 0.0368070 seconds
222.360: [GC [PSYoungGen: 7680K->496K(8192K)] 14151K->6967K(26112K), 0.0004470 secs] [Times: user=0.00 sys=0.00, real=0.00 secs] 
222.361: Total time for which application threads were stopped: 0.0005650 seconds, Stopping threads took: 0.0000600 seconds
222.398: Application time: 0.0367370 seconds
222.398: [GC [PSYoungGen: 7664K->464K(8192K)] 14135K->6935K(26112K), 0.0004150 secs] [Times: user=0.00 sys=0.00, real=0.00 secs] 
222.398: Total time for which application threads were stopped: 0.0005280 seconds, Stopping threads took: 0.0000540 seconds
222.435: Application time: 0.0369070 seconds
222.435: [GC [PSYoungGen: 7632K->512K(8192K)] 14103K->6983K(26112K), 0.0004090 secs] [Times: user=0.00 sys=0.00, real=0.00 secs] 
222.436: Total time for which application threads were stopped: 0.0005160 seconds, Stopping threads took: 0.0000510 seconds
222.472: Application time: 0.0367380 seconds
222.472: [GC [PSYoungGen: 7680K->464K(8192K)] 14151K->6991K(26112K), 0.0004180 secs] [Times: user=0.00 sys=0.00, real=0.00 secs] 
222.473: Total time for which application threads were stopped: 0.0005180 seconds, Stopping threads took: 0.0000420 seconds
222.509: Application time: 0.0366870 seconds
222.510: [GC [PSYoungGen: 7632K->480K(8192K)] 14159K->7007K(26112K), 0.0004490 secs] [Times: user=0.00 sys=0.00, real=0.00 secs] 
222.510: Total time for which application threads were stopped: 0.0005570 seconds, Stopping threads took: 0.0000550 seconds
222.547: Application time: 0.0367540 seconds
222.547: [GC [PSYoungGen: 7648K->432K(8192K)] 14175K->6959K(26112K), 0.0004140 secs] [Times: user=0.00 sys=0.00, real=0.00 secs] 
222.547: Total time for which application threads were stopped: 0.0005250 seconds, Stopping threads took: 0.0000530 seconds
222.584: Application time: 0.0366440 seconds
222.584: [GC [PSYoungGen: 7600K->480K(8192K)] 14127K->7007K(26112K), 0.0004300 secs] [Times: user=0.00 sys=0.00, real=0.00 secs] 
222.585: Total time for which application threads were stopped: 0.0005390 seconds, Stopping threads took: 0.0000450 seconds
222.621: Application time: 0.0367450 seconds
222.621: [GC [PSYoungGen: 7648K->480K(8192K)] 14175K->7007K(26112K), 0.0004360 secs] [Times: user=0.00 sys=0.00, real=0.00 secs] 
222.622: Total time for which application threads were stopped: 0.0005530 seconds, Stopping threads took: 0.0000510 seconds
222.658: Application time: 0.0362390 seconds
222.658: [GC [PSYoungGen: 7648K->480K(8192K)] 14175K->7007K(26112K), 0.0004820 secs] [Times: user=0.00 sys=0.00, real=0.00 secs] 
222.659: Total time for which application threads were stopped: 0.0005960 seconds, Stopping threads took: 0.0000560 seconds
222.695: Application time: 0.0367560 seconds
222.695: [GC [PSYoungGen: 7648K->416K(8192K)] 14175K->7007K(26112K), 0.0004110 secs] [Times: user=0.00 sys=0.00, real=0.00 secs] 
222.696: Total time for which application threads were stopped: 0.0005090 seconds, Stopping threads took: 0.0000420 seconds
222.733: Application time: 0.0368830 seconds
222.737: [GC [PSYoungGen: 7584K->416K(8192K)] 14175K->7063K(26112K), 0.0004330 secs] [Times: user=0.00 sys=0.00, real=0.00 secs] 
222.737: Total time for which application threads were stopped: 0.0043970 seconds, Stopping threads took: 0.0039000 seconds
222.775: Application time: 0.0378560 seconds
222.776: [GC [PSYoungGen: 7584K->384K(8192K)] 14231K->7087K(26112K), 0.0004820 secs] [Times: user=0.00 sys=0.00, real=0.00 secs] 
222.777: Total time for which application threads were stopped: 0.0014830 seconds, Stopping threads took: 0.0009280 seconds
222.813: Application time: 0.0367810 seconds
222.813: [GC [PSYoungGen: 7552K->352K(8192K)] 14255K->7103K(26112K), 0.0003790 secs] [Times: user=0.00 sys=0.00, real=0.00 secs] 
222.814: Total time for which application threads were stopped: 0.0004880 seconds, Stopping threads took: 0.0000510 seconds
222.851: Application time: 0.0367290 seconds
222.851: [GC [PSYoungGen: 7520K->272K(8192K)] 14271K->7159K(26112K), 0.0003780 secs] [Times: user=0.00 sys=0.00, real=0.00 secs] 
222.851: Total time for which application threads were stopped: 0.0004870 seconds, Stopping threads took: 0.0000550 seconds
222.887: Application time: 0.0363760 seconds
222.888: [GC [PSYoungGen: 7440K->304K(8192K)] 14327K->7191K(26112K), 0.0004320 secs] [Times: user=0.00 sys=0.00, real=0.00 secs] 
222.888: Total time for which application threads were stopped: 0.0005560 seconds, Stopping threads took: 0.0000610 seconds
222.925: Application time: 0.0367090 seconds
222.925: [GC [PSYoungGen: 7472K->368K(8192K)] 14359K->7255K(26112K), 0.0004480 secs] [Times: user=0.00 sys=0.00, real=0.00 secs] 
222.925: Total time for which application threads were stopped: 0.0005700 seconds, Stopping threads took: 0.0000560 seconds
222.962: Application time: 0.0366850 seconds
222.962: [GC [PSYoungGen: 7536K->384K(8192K)] 14423K->7271K(26112K), 0.0003770 secs] [Times: user=0.00 sys=0.00, real=0.00 secs] 
222.962: Total time for which application threads were stopped: 0.0004870 seconds, Stopping threads took: 0.0000510 seconds
222.998: Application time: 0.0360450 seconds
222.999: [GC [PSYoungGen: 7552K->432K(8192K)] 14439K->7319K(26112K), 0.0004300 secs] [Times: user=0.00 sys=0.00, real=0.00 secs] 
222.999: Total time for which application threads were stopped: 0.0005520 seconds, Stopping threads took: 0.0000590 seconds
223.035: Application time: 0.0356850 seconds
223.035: [GC [PSYoungGen: 7600K->480K(8192K)] 14487K->7367K(26112K), 0.0004130 secs] [Times: user=0.00 sys=0.00, real=0.00 secs] 
223.035: Total time for which application threads were stopped: 0.0005270 seconds, Stopping threads took: 0.0000520 seconds
223.072: Application time: 0.0368030 seconds
223.072: [GC [PSYoungGen: 7648K->496K(8192K)] 14535K->7383K(26112K), 0.0004120 secs] [Times: user=0.00 sys=0.00, real=0.00 secs] 
223.073: Total time for which application threads were stopped: 0.0005260 seconds, Stopping threads took: 0.0000550 seconds
223.109: Application time: 0.0368140 seconds
223.109: [GC [PSYoungGen: 7664K->480K(8192K)] 14551K->7367K(26112K), 0.0005090 secs] [Times: user=0.00 sys=0.00, real=0.00 secs] 
223.110: Total time for which application threads were stopped: 0.0006230 seconds, Stopping threads took: 0.0000520 seconds
223.147: Application time: 0.0368190 seconds
223.147: [GC [PSYoungGen: 7648K->544K(8192K)] 14535K->7431K(26112K), 0.0004520 secs] [Times: user=0.00 sys=0.00, real=0.00 secs] 
223.147: Total time for which application threads were stopped: 0.0005740 seconds, Stopping threads took: 0.0000540 seconds
223.184: Application time: 0.0367930 seconds
223.184: [GC [PSYoungGen: 7712K->496K(8192K)] 14599K->7383K(26112K), 0.0004200 secs] [Times: user=0.00 sys=0.00, real=0.00 secs] 
223.185: Total time for which application threads were stopped: 0.0005220 seconds, Stopping threads took: 0.0000440 seconds
223.222: Application time: 0.0369060 seconds
223.222: [GC [PSYoungGen: 7664K->512K(8192K)] 14551K->7439K(26112K), 0.0004100 secs] [Times: user=0.00 sys=0.00, real=0.00 secs] 
223.222: Total time for which application threads were stopped: 0.0005210 seconds, Stopping threads took: 0.0000550 seconds
223.259: Application time: 0.0366710 seconds
223.259: [GC [PSYoungGen: 7680K->480K(8192K)] 14607K->7407K(26112K), 0.0004110 secs] [Times: user=0.00 sys=0.00, real=0.00 secs] 
223.259: Total time for which application threads were stopped: 0.0005170 seconds, Stopping threads took: 0.0000480 seconds
223.296: Application time: 0.0367450 seconds
223.296: [GC [PSYoungGen: 7648K->464K(8192K)] 14575K->7391K(26112K), 0.0004430 secs] [Times: user=0.00 sys=0.00, real=0.00 secs] 
223.297: Total time for which application threads were stopped: 0.0005430 seconds, Stopping threads took: 0.0000420 seconds
223.334: Application time: 0.0368680 seconds
223.334: [GC [PSYoungGen: 7632K->480K(8192K)] 14559K->7407K(26112K), 0.0004490 secs] [Times: user=0.00 sys=0.00, real=0.00 secs] 
223.334: Total time for which application threads were stopped: 0.0005580 seconds, Stopping threads took: 0.0000550 seconds
223.371: Application time: 0.0364780 seconds
223.371: [GC [PSYoungGen: 7648K->464K(8192K)] 14575K->7391K(26112K), 0.0004170 secs] [Times: user=0.00 sys=0.00, real=0.00 secs] 
223.371: Total time for which application threads were stopped: 0.0005300 seconds, Stopping threads took: 0.0000550 seconds
223.407: Application time: 0.0364110 seconds
223.408: [GC [PSYoungGen: 7632K->496K(8192K)] 14559K->7423K(26112K), 0.0004200 secs] [Times: user=0.01 sys=0.00, real=0.00 secs] 
223.408: Total time for which application threads were stopped: 0.0005290 seconds, Stopping threads took: 0.0000490 seconds
223.445: Application time: 0.0367440 seconds
223.445: [GC [PSYoungGen: 7664K->496K(8192K)] 14591K->7471K(26112K), 0.0004140 secs] [Times: user=0.00 sys=0.00, real=0.00 secs] 
223.445: Total time for which application threads were stopped: 0.0005230 seconds, Stopping threads took: 0.0000530 seconds
223.482: Application time: 0.0368990 seconds
223.482: [GC [PSYoungGen: 7664K->448K(8192K)] 14639K->7503K(26112K), 0.0004250 secs] [Times: user=0.00 sys=0.00, real=0.00 secs] 
223.483: Total time for which application threads were stopped: 0.0005410 seconds, Stopping threads took: 0.0000600 seconds
223.519: Application time: 0.0367090 seconds
223.520: [GC [PSYoungGen: 7616K->384K(8192K)] 14671K->7439K(26112K), 0.0003910 secs] [Times: user=0.00 sys=0.00, real=0.00 secs] 
223.520: Total time for which application threads were stopped: 0.0004950 seconds, Stopping threads took: 0.0000490 seconds
223.557: Application time: 0.0367310 seconds
223.557: [GC [PSYoungGen: 7552K->336K(8192K)] 14607K->7483K(26112K), 0.0004300 secs] [Times: user=0.00 sys=0.00, real=0.00 secs] 
223.557: Total time for which application threads were stopped: 0.0005420 seconds, Stopping threads took: 0.0000560 seconds
223.594: Application time: 0.0368680 seconds
223.594: [GC [PSYoungGen: 7504K->272K(8192K)] 14651K->7491K(26112K), 0.0003840 secs] [Times: user=0.00 sys=0.00, real=0.00 secs] 
223.595: Total time for which application threads were stopped: 0.0004950 seconds, Stopping threads took: 0.0000520 seconds
223.630: Application time: 0.0356430 seconds
223.630: [GC [PSYoungGen: 7440K->368K(8192K)] 14659K->7587K(26112K), 0.0004160 secs] [Times: user=0.00 sys=0.00, real=0.00 secs] 
223.631: Total time for which application threads were stopped: 0.0005360 seconds, Stopping threads took: 0.0000600 seconds
223.668: Application time: 0.0370240 seconds
223.668: [GC [PSYoungGen: 7536K->352K(8192K)] 14755K->7571K(26112K), 0.0003850 secs] [Times: user=0.00 sys=0.00, real=0.00 secs] 
223.668: Total time for which application threads were stopped: 0.0005140 seconds, Stopping threads took: 0.0000580 seconds
223.705: Application time: 0.0367620 seconds
223.707: [GC [PSYoungGen: 7520K->384K(8192K)] 14739K->7603K(26112K), 0.0004690 secs] [Times: user=0.01 sys=0.00, real=0.00 secs] 
223.707: Total time for which application threads were stopped: 0.0022030 seconds, Stopping threads took: 0.0016550 seconds
223.743: Application time: 0.0355120 seconds
223.743: [GC [PSYoungGen: 7552K->464K(8192K)] 14771K->7683K(26112K), 0.0004020 secs] [Times: user=0.00 sys=0.00, real=0.00 secs] 
223.743: Total time for which application threads were stopped: 0.0005090 seconds, Stopping threads took: 0.0000480 seconds
223.780: Application time: 0.0362250 seconds
223.780: [GC [PSYoungGen: 7632K->464K(8192K)] 14851K->7683K(26112K), 0.0004610 secs] [Times: user=0.00 sys=0.00, real=0.00 secs] 
223.780: Total time for which application threads were stopped: 0.0005550 seconds, Stopping threads took: 0.0000390 seconds
223.817: Application time: 0.0368120 seconds
223.817: [GC [PSYoungGen: 7632K->512K(8192K)] 14851K->7731K(26112K), 0.0004150 secs] [Times: user=0.00 sys=0.00, real=0.00 secs] 
223.817: Total time for which application threads were stopped: 0.0005220 seconds, Stopping threads took: 0.0000480 seconds
223.854: Application time: 0.0367360 seconds
223.854: [GC [PSYoungGen: 7680K->464K(8192K)] 14899K->7683K(26112K), 0.0004130 secs] [Times: user=0.00 sys=0.00, real=0.00 secs] 
223.855: Total time for which application threads were stopped: 0.0005290 seconds, Stopping threads took: 0.0000570 seconds
223.891: Application time: 0.0367360 seconds
223.892: [GC [PSYoungGen: 7632K->496K(8192K)] 14851K->7715K(26112K), 0.0004620 secs] [Times: user=0.00 sys=0.00, real=0.00 secs] 
223.892: Total time for which application threads were stopped: 0.0005660 seconds, Stopping threads took: 0.0000450 seconds
223.929: Application time: 0.0367840 seconds
223.929: [GC [PSYoungGen: 7664K->512K(8192K)] 14883K->7731K(26112K), 0.0004090 secs] [Times: user=0.00 sys=0.00, real=0.00 secs] 
223.929: Total time for which application threads were stopped: 0.0005210 seconds, Stopping threads took: 0.0000510 seconds
223.966: Application time: 0.0369130 seconds
223.966: [GC [PSYoungGen: 7680K->480K(8192K)] 14899K->7755K(26112K), 0.0004210 secs] [Times: user=0.00 sys=0.00, real=0.00 secs] 
223.967: Total time for which application threads were stopped: 0.0005210 seconds, Stopping threads took: 0.0000440 seconds
224.003: Application time: 0.0366990 seconds
224.004: [GC [PSYoungGen: 7648K->464K(8192K)] 14923K->7739K(26112K), 0.0004020 secs] [Times: user=0.00 sys=0.00, real=0.00 secs] 
224.004: Total time for which application threads were stopped: 0.0005140 seconds, Stopping threads took: 0.0000540 seconds
224.041: Application time: 0.0367340 seconds
224.041: [GC [PSYoungGen: 7632K->480K(8192K)] 14907K->7755K(26112K), 0.0004060 secs] [Times: user=0.00 sys=0.00, real=0.00 secs] 
224.041: Total time for which application threads were stopped: 0.0005140 seconds, Stopping threads took: 0.0000470 seconds
224.078: Application time: 0.0367290 seconds
224.078: [GC [PSYoungGen: 7648K->448K(8192K)] 14923K->7723K(26112K), 0.0004070 secs] [Times: user=0.00 sys=0.00, real=0.00 secs] 
224.078: Total time for which application threads were stopped: 0.0005050 seconds, Stopping threads took: 0.0000420 seconds
224.115: Application time: 0.0365840 seconds
224.115: [GC [PSYoungGen: 7616K->448K(8192K)] 14891K->7723K(26112K), 0.0004480 secs] [Times: user=0.00 sys=0.00, real=0.00 secs] 
224.116: Total time for which application threads were stopped: 0.0005560 seconds, Stopping threads took: 0.0000450 seconds
224.152: Application time: 0.0360710 seconds
224.152: [GC [PSYoungGen: 7616K->464K(8192K)] 14891K->7747K(26112K), 0.0004230 secs] [Times: user=0.00 sys=0.00, real=0.00 secs] 
224.152: Total time for which application threads were stopped: 0.0005280 seconds, Stopping threads took: 0.0000490 seconds
224.189: Application time: 0.0367310 seconds
224.189: [GC [PSYoungGen: 7632K->432K(8192K)] 14915K->7803K(26112K), 0.0004160 secs] [Times: user=0.00 sys=0.00, real=0.00 secs] 
224.189: Total time for which application threads were stopped: 0.0005340 seconds, Stopping threads took: 0.0000520 seconds
224.227: Application time: 0.0370680 seconds
224.227: [GC [PSYoungGen: 7600K->352K(8192K)] 14971K->7771K(26112K), 0.0004030 secs] [Times: user=0.01 sys=0.00, real=0.00 secs] 
224.227: Total time for which application threads were stopped: 0.0005100 seconds, Stopping threads took: 0.0000510 seconds
224.264: Application time: 0.0370140 seconds
224.264: [GC [PSYoungGen: 7520K->384K(8192K)] 14939K->7803K(26112K), 0.0003710 secs] [Times: user=0.01 sys=0.00, real=0.00 secs] 
224.265: Total time for which application threads were stopped: 0.0004840 seconds, Stopping threads took: 0.0000570 seconds
224.302: Application time: 0.0374940 seconds
224.302: [GC [PSYoungGen: 7552K->304K(8192K)] 14971K->7851K(26112K), 0.0004420 secs] [Times: user=0.00 sys=0.00, real=0.00 secs] 
224.303: Total time for which application threads were stopped: 0.0005650 seconds, Stopping threads took: 0.0000620 seconds
224.339: Application time: 0.0365460 seconds
224.339: [GC [PSYoungGen: 7472K->288K(8192K)] 15019K->7899K(26112K), 0.0003970 secs] [Times: user=0.00 sys=0.00, real=0.00 secs] 
224.340: Total time for which application threads were stopped: 0.0005110 seconds, Stopping threads took: 0.0000550 seconds
224.376: Application time: 0.0365760 seconds
224.376: [GC [PSYoungGen: 7456K->304K(8192K)] 15067K->7915K(26112K), 0.0003750 secs] [Times: user=0.01 sys=0.00, real=0.01 secs] 
224.377: Total time for which application threads were stopped: 0.0004880 seconds, Stopping threads took: 0.0000520 seconds
224.413: Application time: 0.0362550 seconds
224.417: [GC [PSYoungGen: 7472K->384K(8192K)] 15083K->7995K(26112K), 0.0004570 secs] [Times: user=0.00 sys=0.00, real=0.00 secs] 
224.417: Total time for which application threads were stopped: 0.0042530 seconds, Stopping threads took: 0.0037380 seconds
224.455: Application time: 0.0380400 seconds
224.455: [GC [PSYoungGen: 7552K->352K(8192K)] 15163K->7963K(26112K), 0.0004000 secs] [Times: user=0.00 sys=0.00, real=0.00 secs] 
224.456: Total time for which application threads were stopped: 0.0005080 seconds, Stopping threads took: 0.0000470 seconds
224.490: Application time: 0.0345940 seconds
224.490: [GC [PSYoungGen: 7520K->512K(8192K)] 15131K->8123K(26112K), 0.0004210 secs] [Times: user=0.00 sys=0.00, real=0.00 secs] 
224.491: Total time for which application threads were stopped: 0.0005410 seconds, Stopping threads took: 0.0000580 seconds
224.528: Application time: 0.0369540 seconds
224.528: [GC [PSYoungGen: 7680K->528K(8192K)] 15291K->8139K(26112K), 0.0004190 secs] [Times: user=0.00 sys=0.00, real=0.00 secs] 
224.528: Total time for which application threads were stopped: 0.0005230 seconds, Stopping threads took: 0.0000470 seconds
224.565: Application time: 0.0370740 seconds
224.566: [GC [PSYoungGen: 7696K->544K(8192K)] 15307K->8155K(26112K), 0.0004630 secs] [Times: user=0.00 sys=0.00, real=0.00 secs] 
224.566: Total time for which application threads were stopped: 0.0005830 seconds, Stopping threads took: 0.0000630 seconds
224.603: Application time: 0.0367760 seconds
224.603: [GC [PSYoungGen: 7712K->480K(8192K)] 15323K->8091K(26112K), 0.0003990 secs] [Times: user=0.01 sys=0.00, real=0.00 secs] 
224.603: Total time for which application threads were stopped: 0.0005080 seconds, Stopping threads took: 0.0000500 seconds
224.640: Application time: 0.0367310 seconds
224.640: [GC [PSYoungGen: 7648K->528K(8192K)] 15259K->8139K(26112K), 0.0004580 secs] [Times: user=0.00 sys=0.00, real=0.00 secs] 
224.641: Total time for which application threads were stopped: 0.0005820 seconds, Stopping threads took: 0.0000630 seconds
224.677: Application time: 0.0367800 seconds
224.678: [GC [PSYoungGen: 7696K->512K(8192K)] 15307K->8123K(26112K), 0.0004150 secs] [Times: user=0.00 sys=0.00, real=0.00 secs] 
224.678: Total time for which application threads were stopped: 0.0005240 seconds, Stopping threads took: 0.0000510 seconds
224.715: Application time: 0.0369660 seconds
224.715: [GC [PSYoungGen: 7680K->464K(8192K)] 15291K->8123K(26112K), 0.0004630 secs] [Times: user=0.00 sys=0.00, real=0.00 secs] 
224.716: Total time for which application threads were stopped: 0.0006090 seconds, Stopping threads took: 0.0000620 seconds
224.752: Application time: 0.0366750 seconds
224.752: [GC [PSYoungGen: 7632K->464K(8192K)] 15291K->8123K(26112K), 0.0004280 secs] [Times: user=0.01 sys=0.00, real=0.00 secs] 
224.753: Total time for which application threads were stopped: 0.0005460 seconds, Stopping threads took: 0.0000540 seconds
224.789: Application time: 0.0367130 seconds
224.790: [GC [PSYoungGen: 7632K->464K(8192K)] 15291K->8123K(26112K), 0.0004020 secs] [Times: user=0.00 sys=0.00, real=0.00 secs] 
224.790: Total time for which application threads were stopped: 0.0005190 seconds, Stopping threads took: 0.0000540 seconds
224.827: Application time: 0.0368680 seconds
224.827: [GC [PSYoungGen: 7632K->448K(8192K)] 15291K->8107K(26112K), 0.0004140 secs] [Times: user=0.01 sys=0.00, real=0.00 secs] 
224.827: Total time for which application threads were stopped: 0.0005190 seconds, Stopping threads took: 0.0000460 seconds
224.864: Application time: 0.0362420 seconds
224.865: [GC [PSYoungGen: 7616K->464K(8192K)] 15275K->8123K(26112K), 0.0004450 secs] [Times: user=0.00 sys=0.00, real=0.00 secs] 
224.865: Total time for which application threads were stopped: 0.0015970 seconds, Stopping threads took: 0.0010890 seconds
224.902: Application time: 0.0367700 seconds
224.902: [GC [PSYoungGen: 7632K->464K(8192K)] 15291K->8171K(26112K), 0.0004160 secs] [Times: user=0.01 sys=0.00, real=0.00 secs] 
224.903: Total time for which application threads were stopped: 0.0005260 seconds, Stopping threads took: 0.0000510 seconds
224.939: Application time: 0.0368310 seconds
224.939: [GC [PSYoungGen: 7632K->448K(8192K)] 15339K->8195K(26112K), 0.0004190 secs] [Times: user=0.00 sys=0.00, real=0.00 secs] 
224.940: Total time for which application threads were stopped: 0.0005280 seconds, Stopping threads took: 0.0000500 seconds
224.977: Application time: 0.0368890 seconds
224.977: [GC [PSYoungGen: 7616K->384K(8192K)] 15363K->8187K(26112K), 0.0003910 secs] [Times: user=0.00 sys=0.00, real=0.00 secs] 
224.977: Total time for which application threads were stopped: 0.0005060 seconds, Stopping threads took: 0.0000550 seconds
225.014: Application time: 0.0367100 seconds
225.014: [GC [PSYoungGen: 7552K->400K(8192K)] 15355K->8203K(26112K), 0.0003860 secs] [Times: user=0.00 sys=0.00, real=0.00 secs] 
225.014: Total time for which application threads were stopped: 0.0005000 seconds, Stopping threads took: 0.0000570 seconds
225.051: Application time: 0.0367560 seconds
225.051: [GC [PSYoungGen: 7568K->272K(8192K)] 15371K->8228K(26112K), 0.0003850 secs] [Times: user=0.00 sys=0.00, real=0.00 secs] 
225.052: Total time for which application threads were stopped: 0.0004920 seconds, Stopping threads took: 0.0000550 seconds
225.088: Application time: 0.0364320 seconds
225.088: [GC [PSYoungGen: 7440K->288K(8192K)] 15396K->8244K(26112K), 0.0003640 secs] [Times: user=0.00 sys=0.00, real=0.00 secs] 
225.089: Total time for which application threads were stopped: 0.0004610 seconds, Stopping threads took: 0.0000360 seconds
225.124: Application time: 0.0358560 seconds
225.125: [GC [PSYoungGen: 7456K->320K(8192K)] 15412K->8276K(26112K), 0.0004210 secs] [Times: user=0.00 sys=0.00, real=0.00 secs] 
225.125: Total time for which application threads were stopped: 0.0005270 seconds, Stopping threads took: 0.0000460 seconds
225.162: Application time: 0.0367980 seconds
225.162: [GC [PSYoungGen: 7488K->320K(8192K)] 15444K->8276K(26112K), 0.0004020 secs] [Times: user=0.00 sys=0.00, real=0.00 secs] 
225.162: Total time for which application threads were stopped: 0.0005200 seconds, Stopping threads took: 0.0000590 seconds
225.199: Application time: 0.0368960 seconds
225.199: [GC [PSYoungGen: 7488K->368K(8192K)] 15444K->8324K(26112K), 0.0003780 secs] [Times: user=0.00 sys=0.00, real=0.00 secs] 
225.200: Total time for which application threads were stopped: 0.0004920 seconds, Stopping threads took: 0.0000560 seconds
225.234: Application time: 0.0345200 seconds
225.234: [GC [PSYoungGen: 7536K->528K(8192K)] 15492K->8484K(26112K), 0.0003980 secs] [Times: user=0.00 sys=0.00, real=0.00 secs] 
225.235: Total time for which application threads were stopped: 0.0005220 seconds, Stopping threads took: 0.0000550 seconds
225.272: Application time: 0.0367310 seconds
225.272: [GC [PSYoungGen: 7696K->464K(8192K)] 15652K->8420K(26112K), 0.0004560 secs] [Times: user=0.00 sys=0.00, real=0.00 secs] 
225.272: Total time for which application threads were stopped: 0.0005670 seconds, Stopping threads took: 0.0000560 seconds
225.309: Application time: 0.0370540 seconds
225.309: [GC [PSYoungGen: 7632K->512K(8192K)] 15588K->8468K(26112K), 0.0004130 secs] [Times: user=0.00 sys=0.00, real=0.00 secs] 
225.310: Total time for which application threads were stopped: 0.0005190 seconds, Stopping threads took: 0.0000490 seconds
225.346: Application time: 0.0367340 seconds
225.346: [GC [PSYoungGen: 7680K->496K(8192K)] 15636K->8452K(26112K), 0.0004580 secs] [Times: user=0.00 sys=0.00, real=0.00 secs] 
225.347: Total time for which application threads were stopped: 0.0005680 seconds, Stopping threads took: 0.0000570 seconds
225.384: Application time: 0.0368200 seconds
225.384: [GC [PSYoungGen: 7664K->480K(8192K)] 15620K->8436K(26112K), 0.0004520 secs] [Times: user=0.00 sys=0.00, real=0.00 secs] 
225.384: Total time for which application threads were stopped: 0.0005590 seconds, Stopping threads took: 0.0000540 seconds
225.421: Application time: 0.0367310 seconds
225.421: [GC [PSYoungGen: 7648K->480K(8192K)] 15604K->8492K(26112K), 0.0004200 secs] [Times: user=0.00 sys=0.00, real=0.00 secs] 
225.422: Total time for which application threads were stopped: 0.0005320 seconds, Stopping threads took: 0.0000530 seconds
225.458: Application time: 0.0366510 seconds
225.458: [GC [PSYoungGen: 7648K->464K(8192K)] 15660K->8476K(26112K), 0.0004680 secs] [Times: user=0.01 sys=0.00, real=0.00 secs] 
225.459: Total time for which application threads were stopped: 0.0005720 seconds, Stopping threads took: 0.0000460 seconds
225.495: Application time: 0.0366230 seconds
225.496: [GC [PSYoungGen: 7632K->448K(8192K)] 15644K->8460K(26112K), 0.0004360 secs] [Times: user=0.00 sys=0.00, real=0.00 secs] 
225.496: Total time for which application threads were stopped: 0.0005300 seconds, Stopping threads took: 0.0000390 seconds
225.533: Application time: 0.0365740 seconds
225.533: [GC [PSYoungGen: 7616K->464K(8192K)] 15628K->8476K(26112K), 0.0004630 secs] [Times: user=0.00 sys=0.01, real=0.00 secs] 
225.533: Total time for which application threads were stopped: 0.0005770 seconds, Stopping threads took: 0.0000550 seconds
225.570: Application time: 0.0366990 seconds
225.570: [GC [PSYoungGen: 7632K->480K(8192K)] 15644K->8492K(26112K), 0.0004280 secs] [Times: user=0.00 sys=0.00, real=0.00 secs] 
225.570: Total time for which application threads were stopped: 0.0005270 seconds, Stopping threads took: 0.0000450 seconds
225.607: Application time: 0.0364570 seconds
225.607: [GC [PSYoungGen: 7648K->512K(8192K)] 15660K->8524K(26112K), 0.0004540 secs] [Times: user=0.01 sys=0.00, real=0.00 secs] 
225.607: Total time for which application threads were stopped: 0.0005610 seconds, Stopping threads took: 0.0000490 seconds
225.644: Application time: 0.0367550 seconds
225.644: [GC [PSYoungGen: 7680K->496K(8192K)] 15692K->8564K(26112K), 0.0004050 secs] [Times: user=0.00 sys=0.00, real=0.00 secs] 
225.645: Total time for which application threads were stopped: 0.0005150 seconds, Stopping threads took: 0.0000540 seconds
225.681: Application time: 0.0367650 seconds
225.682: [GC [PSYoungGen: 7664K->416K(8192K)] 15732K->8588K(26112K), 0.0004150 secs] [Times: user=0.01 sys=0.00, real=0.00 secs] 
225.682: Total time for which application threads were stopped: 0.0005230 seconds, Stopping threads took: 0.0000540 seconds
225.720: Application time: 0.0376190 seconds
225.720: [GC [PSYoungGen: 7584K->384K(8192K)] 15756K->8556K(26112K), 0.0004320 secs] [Times: user=0.01 sys=0.00, real=0.00 secs] 
225.720: Total time for which application threads were stopped: 0.0005650 seconds, Stopping threads took: 0.0000620 seconds
225.757: Application time: 0.0367470 seconds
225.757: [GC [PSYoungGen: 7552K->384K(8192K)] 15724K->8556K(26112K), 0.0004370 secs] [Times: user=0.00 sys=0.00, real=0.00 secs] 
225.757: Total time for which application threads were stopped: 0.0005620 seconds, Stopping threads took: 0.0000540 seconds
225.795: Application time: 0.0376430 seconds
225.796: [GC [PSYoungGen: 7552K->272K(8192K)] 15724K->8604K(26112K), 0.0004140 secs] [Times: user=0.00 sys=0.00, real=0.00 secs] 
225.797: Total time for which application threads were stopped: 0.0014090 seconds, Stopping threads took: 0.0009240 seconds
225.832: Application time: 0.0359740 seconds
225.833: [GC [PSYoungGen: 7440K->288K(8192K)] 15772K->8620K(26112K), 0.0003720 secs] [Times: user=0.00 sys=0.00, real=0.00 secs] 
225.833: Total time for which application threads were stopped: 0.0004720 seconds, Stopping threads took: 0.0000410 seconds
225.869: Application time: 0.0359790 seconds
225.869: [GC [PSYoungGen: 7456K->384K(8192K)] 15788K->8716K(26112K), 0.0003700 secs] [Times: user=0.00 sys=0.00, real=0.00 secs] 
225.869: Total time for which application threads were stopped: 0.0004790 seconds, Stopping threads took: 0.0000540 seconds
225.906: Application time: 0.0369790 seconds
225.906: [GC [PSYoungGen: 7552K->368K(8192K)] 15884K->8700K(26112K), 0.0003810 secs] [Times: user=0.00 sys=0.00, real=0.00 secs] 
225.907: Total time for which application threads were stopped: 0.0004870 seconds, Stopping threads took: 0.0000520 seconds
225.944: Application time: 0.0371870 seconds
225.944: [GC [PSYoungGen: 7536K->336K(8192K)] 15868K->8668K(26112K), 0.0004090 secs] [Times: user=0.00 sys=0.00, real=0.00 secs] 
225.945: Total time for which application threads were stopped: 0.0005550 seconds, Stopping threads took: 0.0000780 seconds
225.980: Application time: 0.0351910 seconds
225.980: [GC [PSYoungGen: 7504K->496K(8192K)] 15836K->8828K(26112K), 0.0004600 secs] [Times: user=0.00 sys=0.00, real=0.00 secs] 
225.980: Total time for which application threads were stopped: 0.0005760 seconds, Stopping threads took: 0.0000540 seconds
226.017: Application time: 0.0368260 seconds
226.017: [GC [PSYoungGen: 7664K->480K(8192K)] 15996K->8812K(26112K), 0.0004550 secs] [Times: user=0.00 sys=0.00, real=0.00 secs] 
226.018: Total time for which application threads were stopped: 0.0005690 seconds, Stopping threads took: 0.0000510 seconds
226.055: Application time: 0.0368490 seconds
226.055: [GC [PSYoungGen: 7648K->512K(8192K)] 15980K->8844K(26112K), 0.0004000 secs] [Times: user=0.00 sys=0.00, real=0.00 secs] 
226.055: Total time for which application threads were stopped: 0.0005100 seconds, Stopping threads took: 0.0000550 seconds
226.092: Application time: 0.0367820 seconds
226.092: [GC [PSYoungGen: 7680K->496K(8192K)] 16012K->8828K(26112K), 0.0004510 secs] [Times: user=0.00 sys=0.00, real=0.00 secs] 
226.093: Total time for which application threads were stopped: 0.0005590 seconds, Stopping threads took: 0.0000520 seconds
226.129: Application time: 0.0367630 seconds
226.129: [GC [PSYoungGen: 7664K->496K(8192K)] 15996K->8828K(26112K), 0.0004050 secs] [Times: user=0.01 sys=0.00, real=0.00 secs] 
226.130: Total time for which application threads were stopped: 0.0005180 seconds, Stopping threads took: 0.0000570 seconds
226.167: Application time: 0.0367280 seconds
226.167: [GC [PSYoungGen: 7664K->448K(8192K)] 15996K->8820K(26112K), 0.0004170 secs] [Times: user=0.00 sys=0.00, real=0.00 secs] 
226.167: Total time for which application threads were stopped: 0.0005320 seconds, Stopping threads took: 0.0000510 seconds
226.204: Application time: 0.0368210 seconds
226.204: [GC [PSYoungGen: 7616K->448K(8192K)] 15988K->8820K(26112K), 0.0004490 secs] [Times: user=0.00 sys=0.00, real=0.00 secs] 
226.204: Total time for which application threads were stopped: 0.0005580 seconds, Stopping threads took: 0.0000500 seconds
226.241: Application time: 0.0366390 seconds
226.245: [GC [PSYoungGen: 7616K->464K(8192K)] 15988K->8836K(26112K), 0.0004930 secs] [Times: user=0.01 sys=0.00, real=0.00 secs] 
226.245: Total time for which application threads were stopped: 0.0041950 seconds, Stopping threads took: 0.0036430 seconds
226.282: Application time: 0.0367340 seconds
226.282: [GC [PSYoungGen: 7632K->432K(8192K)] 16004K->8804K(26112K), 0.0004930 secs] [Times: user=0.00 sys=0.00, real=0.00 secs] 
226.283: Total time for which application threads were stopped: 0.0006060 seconds, Stopping threads took: 0.0000480 seconds
226.320: Application time: 0.0369190 seconds
226.320: [GC [PSYoungGen: 7600K->480K(8192K)] 15972K->8852K(26112K), 0.0004150 secs] [Times: user=0.00 sys=0.00, real=0.00 secs] 
226.321: Total time for which application threads were stopped: 0.0016000 seconds, Stopping threads took: 0.0000430 seconds
226.357: Application time: 0.0360860 seconds
226.357: [GC [PSYoungGen: 7648K->496K(8192K)] 16020K->8868K(26112K), 0.0004050 secs] [Times: user=0.00 sys=0.00, real=0.00 secs] 
226.358: Total time for which application threads were stopped: 0.0005160 seconds, Stopping threads took: 0.0000550 seconds
226.394: Application time: 0.0367130 seconds
226.395: [GC [PSYoungGen: 7664K->464K(8192K)] 16036K->8884K(26112K), 0.0004030 secs] [Times: user=0.00 sys=0.00, real=0.00 secs] 
226.395: Total time for which application threads were stopped: 0.0005250 seconds, Stopping threads took: 0.0000680 seconds
226.432: Application time: 0.0369390 seconds
226.432: [GC [PSYoungGen: 7632K->384K(8192K)] 16052K->8892K(26112K), 0.0004060 secs] [Times: user=0.00 sys=0.00, real=0.00 secs] 
226.432: Total time for which application threads were stopped: 0.0005180 seconds, Stopping threads took: 0.0000550 seconds
226.469: Application time: 0.0367760 seconds
226.469: [GC [PSYoungGen: 7552K->384K(8192K)] 16060K->8892K(26112K), 0.0003970 secs] [Times: user=0.00 sys=0.00, real=0.00 secs] 
226.470: Total time for which application threads were stopped: 0.0005090 seconds, Stopping threads took: 0.0000500 seconds
226.506: Application time: 0.0367570 seconds
226.507: [GC [PSYoungGen: 7552K->336K(8192K)] 16060K->8900K(26112K), 0.0003930 secs] [Times: user=0.01 sys=0.00, real=0.00 secs] 
226.507: Total time for which application threads were stopped: 0.0005000 seconds, Stopping threads took: 0.0000500 seconds
226.544: Application time: 0.0368010 seconds
226.544: [GC [PSYoungGen: 7504K->304K(8192K)] 16068K->8996K(26112K), 0.0003850 secs] [Times: user=0.00 sys=0.00, real=0.00 secs] 
226.544: Total time for which application threads were stopped: 0.0004930 seconds, Stopping threads took: 0.0000540 seconds
226.581: Application time: 0.0364600 seconds
226.585: [GC [PSYoungGen: 7472K->320K(8192K)] 16164K->9012K(26112K), 0.0004050 secs] [Times: user=0.00 sys=0.00, real=0.00 secs] 
226.585: Total time for which application threads were stopped: 0.0044430 seconds, Stopping threads took: 0.0039790 seconds
226.621: Application time: 0.0356270 seconds
226.621: [GC [PSYoungGen: 7488K->368K(8192K)] 16180K->9060K(26112K), 0.0003870 secs] [Times: user=0.00 sys=0.00, real=0.00 secs] 
226.621: Total time for which application threads were stopped: 0.0005000 seconds, Stopping threads took: 0.0000550 seconds
226.658: Application time: 0.0367770 seconds
226.658: [GC [PSYoungGen: 7536K->368K(8192K)] 16228K->9060K(26112K), 0.0004060 secs] [Times: user=0.00 sys=0.00, real=0.00 secs] 
226.659: Total time for which application threads were stopped: 0.0005200 seconds, Stopping threads took: 0.0000550 seconds
226.694: Application time: 0.0353490 seconds
226.694: [GC [PSYoungGen: 7536K->448K(8192K)] 16228K->9140K(26112K), 0.0004110 secs] [Times: user=0.00 sys=0.00, real=0.00 secs] 
226.694: Total time for which application threads were stopped: 0.0005290 seconds, Stopping threads took: 0.0000590 seconds
226.731: Application time: 0.0364460 seconds
226.731: [GC [PSYoungGen: 7616K->512K(8192K)] 16308K->9204K(26112K), 0.0004590 secs] [Times: user=0.00 sys=0.00, real=0.00 secs] 
226.732: Total time for which application threads were stopped: 0.0005870 seconds, Stopping threads took: 0.0000630 seconds
226.769: Application time: 0.0370040 seconds
226.769: [GC [PSYoungGen: 7680K->480K(8192K)] 16372K->9172K(26112K), 0.0004220 secs] [Times: user=0.00 sys=0.00, real=0.01 secs] 
226.769: Total time for which application threads were stopped: 0.0005330 seconds, Stopping threads took: 0.0000500 seconds
226.806: Application time: 0.0367970 seconds
226.806: [GC [PSYoungGen: 7648K->480K(8192K)] 16340K->9172K(26112K), 0.0004140 secs] [Times: user=0.00 sys=0.00, real=0.00 secs] 
226.806: Total time for which application threads were stopped: 0.0005310 seconds, Stopping threads took: 0.0000490 seconds
226.844: Application time: 0.0371660 seconds
226.844: [GC [PSYoungGen: 7648K->512K(8192K)] 16340K->9204K(26112K), 0.0004600 secs] [Times: user=0.00 sys=0.00, real=0.00 secs] 
226.844: Total time for which application threads were stopped: 0.0005660 seconds, Stopping threads took: 0.0000500 seconds
226.881: Application time: 0.0367520 seconds
226.881: [GC [PSYoungGen: 7680K->448K(8192K)] 16372K->9140K(26112K), 0.0004140 secs] [Times: user=0.00 sys=0.00, real=0.00 secs] 
226.881: Total time for which application threads were stopped: 0.0005250 seconds, Stopping threads took: 0.0000550 seconds
226.918: Application time: 0.0367740 seconds
226.918: [GC [PSYoungGen: 7616K->416K(8192K)] 16308K->9156K(26112K), 0.0004180 secs] [Times: user=0.01 sys=0.00, real=0.00 secs] 
226.919: Total time for which application threads were stopped: 0.0005220 seconds, Stopping threads took: 0.0000490 seconds
226.955: Application time: 0.0367300 seconds
226.956: [GC [PSYoungGen: 7584K->432K(8192K)] 16324K->9172K(26112K), 0.0004300 secs] [Times: user=0.00 sys=0.00, real=0.00 secs] 
226.956: Total time for which application threads were stopped: 0.0005460 seconds, Stopping threads took: 0.0000550 seconds
226.993: Application time: 0.0367220 seconds
226.993: [GC [PSYoungGen: 7600K->432K(8192K)] 16340K->9172K(26112K), 0.0003970 secs] [Times: user=0.00 sys=0.00, real=0.00 secs] 
226.993: Total time for which application threads were stopped: 0.0005100 seconds, Stopping threads took: 0.0000530 seconds
227.030: Application time: 0.0367300 seconds
227.030: [GC [PSYoungGen: 7600K->464K(8192K)] 16340K->9204K(26112K), 0.0004480 secs] [Times: user=0.00 sys=0.00, real=0.00 secs] 
227.031: Total time for which application threads were stopped: 0.0005640 seconds, Stopping threads took: 0.0000570 seconds
227.067: Application time: 0.0366050 seconds
227.067: [GC [PSYoungGen: 7632K->496K(8192K)] 16372K->9236K(26112K), 0.0004480 secs] [Times: user=0.00 sys=0.00, real=0.00 secs] 
227.068: Total time for which application threads were stopped: 0.0005550 seconds, Stopping threads took: 0.0000480 seconds
227.104: Application time: 0.0360060 seconds
227.104: [GC [PSYoungGen: 7664K->496K(8192K)] 16404K->9236K(26112K), 0.0004190 secs] [Times: user=0.00 sys=0.00, real=0.00 secs] 
227.104: Total time for which application threads were stopped: 0.0005320 seconds, Stopping threads took: 0.0000550 seconds
227.141: Application time: 0.0371880 seconds
227.142: [GC [PSYoungGen: 7664K->480K(8192K)] 16404K->9260K(26112K), 0.0004050 secs] [Times: user=0.01 sys=0.00, real=0.00 secs] 
227.142: Total time for which application threads were stopped: 0.0005130 seconds, Stopping threads took: 0.0000510 seconds
227.179: Application time: 0.0367810 seconds
227.179: [GC [PSYoungGen: 7648K->352K(8192K)] 16428K->9220K(26112K), 0.0004400 secs] [Times: user=0.00 sys=0.00, real=0.00 secs] 
227.179: Total time for which application threads were stopped: 0.0005550 seconds, Stopping threads took: 0.0000560 seconds
227.216: Application time: 0.0367280 seconds
227.216: [GC [PSYoungGen: 7520K->352K(8192K)] 16388K->9220K(26112K), 0.0003890 secs] [Times: user=0.00 sys=0.00, real=0.00 secs] 
227.216: Total time for which application threads were stopped: 0.0004960 seconds, Stopping threads took: 0.0000500 seconds
227.253: Application time: 0.0367720 seconds
227.253: [GC [PSYoungGen: 7520K->288K(8192K)] 16388K->9260K(26112K), 0.0003910 secs] [Times: user=0.00 sys=0.00, real=0.00 secs] 
227.254: Total time for which application threads were stopped: 0.0004910 seconds, Stopping threads took: 0.0000410 seconds
227.291: Application time: 0.0369300 seconds
227.291: [GC [PSYoungGen: 7456K->272K(8192K)] 16428K->9300K(26112K), 0.0003850 secs] [Times: user=0.00 sys=0.00, real=0.00 secs] 
227.291: Total time for which application threads were stopped: 0.0005150 seconds, Stopping threads took: 0.0000700 seconds
227.328: Application time: 0.0366980 seconds
227.328: [GC [PSYoungGen: 7437K->336K(8192K)] 16466K->9364K(26112K), 0.0004030 secs] [Times: user=0.00 sys=0.00, real=0.00 secs] 
227.328: Total time for which application threads were stopped: 0.0005480 seconds, Stopping threads took: 0.0000720 seconds
227.365: Application time: 0.0363520 seconds
227.365: [GC [PSYoungGen: 7504K->384K(8192K)] 16532K->9412K(26112K), 0.0003910 secs] [Times: user=0.00 sys=0.00, real=0.00 secs] 
227.365: Total time for which application threads were stopped: 0.0004940 seconds, Stopping threads took: 0.0000470 seconds
227.402: Application time: 0.0370460 seconds
227.402: [GC [PSYoungGen: 7552K->384K(8192K)] 16580K->9412K(26112K), 0.0003990 secs] [Times: user=0.00 sys=0.00, real=0.00 secs] 
227.403: Total time for which application threads were stopped: 0.0005040 seconds, Stopping threads took: 0.0000500 seconds
227.438: Application time: 0.0347500 seconds
227.441: [GC [PSYoungGen: 7552K->464K(8192K)] 16580K->9492K(26112K), 0.0004180 secs] [Times: user=0.00 sys=0.00, real=0.00 secs] 
227.441: Total time for which application threads were stopped: 0.0035770 seconds, Stopping threads took: 0.0031000 seconds
227.479: Application time: 0.0380610 seconds
227.479: [GC [PSYoungGen: 7632K->464K(8192K)] 16660K->9492K(26112K), 0.0004690 secs] [Times: user=0.01 sys=0.00, real=0.00 secs] 
227.480: Total time for which application threads were stopped: 0.0005880 seconds, Stopping threads took: 0.0000550 seconds
227.517: Application time: 0.0367560 seconds
227.517: [GC [PSYoungGen: 7632K->496K(8192K)] 16660K->9524K(26112K), 0.0004260 secs] [Times: user=0.00 sys=0.00, real=0.00 secs] 
227.517: Total time for which application threads were stopped: 0.0005400 seconds, Stopping threads took: 0.0000550 seconds
227.554: Application time: 0.0367610 seconds
227.554: [GC [PSYoungGen: 7664K->480K(8192K)] 16692K->9508K(26112K), 0.0004180 secs] [Times: user=0.00 sys=0.00, real=0.00 secs] 
227.554: Total time for which application threads were stopped: 0.0005180 seconds, Stopping threads took: 0.0000440 seconds
227.591: Application time: 0.0367460 seconds
227.591: [GC [PSYoungGen: 7648K->528K(8192K)] 16676K->9556K(26112K), 0.0004150 secs] [Times: user=0.00 sys=0.00, real=0.00 secs] 
227.592: Total time for which application threads were stopped: 0.0005320 seconds, Stopping threads took: 0.0000580 seconds
227.628: Application time: 0.0368010 seconds
227.629: [GC [PSYoungGen: 7696K->528K(8192K)] 16724K->9556K(26112K), 0.0004230 secs] [Times: user=0.00 sys=0.00, real=0.01 secs] 
227.629: Total time for which application threads were stopped: 0.0005340 seconds, Stopping threads took: 0.0000540 seconds
227.666: Application time: 0.0367100 seconds
227.666: [GC [PSYoungGen: 7696K->464K(8192K)] 16724K->9532K(26112K), 0.0004890 secs] [Times: user=0.01 sys=0.00, real=0.00 secs] 
227.666: Total time for which application threads were stopped: 0.0006020 seconds, Stopping threads took: 0.0000540 seconds
227.703: Application time: 0.0365660 seconds
227.703: [GC [PSYoungGen: 7632K->464K(8192K)] 16700K->9532K(26112K), 0.0004200 secs] [Times: user=0.00 sys=0.00, real=0.00 secs] 
227.703: Total time for which application threads were stopped: 0.0005420 seconds, Stopping threads took: 0.0000530 seconds
227.741: Application time: 0.0372100 seconds
227.741: [GC [PSYoungGen: 7632K->464K(8192K)] 16700K->9532K(26112K), 0.0004930 secs] [Times: user=0.00 sys=0.00, real=0.00 secs] 
227.741: Total time for which application threads were stopped: 0.0006190 seconds, Stopping threads took: 0.0000560 seconds
227.778: Application time: 0.0367010 seconds
227.778: [GC [PSYoungGen: 7632K->464K(8192K)] 16700K->9532K(26112K), 0.0004270 secs] [Times: user=0.01 sys=0.00, real=0.00 secs] 
227.779: Total time for which application threads were stopped: 0.0005400 seconds, Stopping threads took: 0.0000520 seconds
227.815: Application time: 0.0360300 seconds
227.815: [GC [PSYoungGen: 7632K->528K(8192K)] 16700K->9596K(26112K), 0.0004200 secs] [Times: user=0.01 sys=0.00, real=0.00 secs] 
227.815: Total time for which application threads were stopped: 0.0005270 seconds, Stopping threads took: 0.0000470 seconds
227.855: Application time: 0.0394490 seconds
227.855: [GC [PSYoungGen: 7696K->528K(8192K)] 16764K->9596K(26112K), 0.0004370 secs] [Times: user=0.00 sys=0.00, real=0.00 secs] 
227.855: Total time for which application threads were stopped: 0.0005690 seconds, Stopping threads took: 0.0000590 seconds
227.896: Application time: 0.0405130 seconds
227.896: [GC [PSYoungGen: 7696K->416K(8192K)] 16764K->9588K(26112K), 0.0004790 secs] [Times: user=0.00 sys=0.00, real=0.00 secs] 
227.896: Total time for which application threads were stopped: 0.0005990 seconds, Stopping threads took: 0.0000590 seconds
227.937: Application time: 0.0403880 seconds
227.937: [GC [PSYoungGen: 7584K->400K(8192K)] 16756K->9628K(26112K), 0.0004390 secs] [Times: user=0.00 sys=0.00, real=0.00 secs] 
227.937: Total time for which application threads were stopped: 0.0005690 seconds, Stopping threads took: 0.0000730 seconds
227.978: Application time: 0.0408570 seconds
227.978: [GC [PSYoungGen: 7568K->384K(8192K)] 16796K->9612K(26112K), 0.0004580 secs] [Times: user=0.00 sys=0.00, real=0.00 secs] 
227.979: Total time for which application threads were stopped: 0.0005740 seconds, Stopping threads took: 0.0000540 seconds
228.019: Application time: 0.0404540 seconds
228.019: [GC [PSYoungGen: 7552K->304K(8192K)] 16780K->9685K(26112K), 0.0004090 secs] [Times: user=0.00 sys=0.00, real=0.00 secs] 
228.020: Total time for which application threads were stopped: 0.0005150 seconds, Stopping threads took: 0.0000470 seconds
228.060: Application time: 0.0405130 seconds
228.060: [GC [PSYoungGen: 7472K->272K(8192K)] 16853K->9653K(26112K), 0.0003870 secs] [Times: user=0.00 sys=0.00, real=0.00 secs] 
228.061: Total time for which application threads were stopped: 0.0005040 seconds, Stopping threads took: 0.0000590 seconds
228.099: Application time: 0.0384000 seconds
228.099: [GC [PSYoungGen: 7440K->320K(8192K)] 16821K->9701K(26112K), 0.0004510 secs] [Times: user=0.00 sys=0.00, real=0.00 secs] 
228.100: Total time for which application threads were stopped: 0.0005640 seconds, Stopping threads took: 0.0000530 seconds
228.140: Application time: 0.0405580 seconds
228.140: [GC [PSYoungGen: 7488K->368K(8192K)] 16869K->9749K(26112K), 0.0004030 secs] [Times: user=0.00 sys=0.00, real=0.00 secs] 
228.141: Total time for which application threads were stopped: 0.0005250 seconds, Stopping threads took: 0.0000590 seconds
228.181: Application time: 0.0405050 seconds
228.181: [GC [PSYoungGen: 7536K->352K(8192K)] 16917K->9733K(26112K), 0.0003990 secs] [Times: user=0.00 sys=0.00, real=0.00 secs] 
228.182: Total time for which application threads were stopped: 0.0005060 seconds, Stopping threads took: 0.0000470 seconds
228.220: Application time: 0.0381790 seconds
228.220: [GC [PSYoungGen: 7520K->464K(8192K)] 16901K->9845K(26112K), 0.0004400 secs] [Times: user=0.01 sys=0.00, real=0.00 secs] 
228.220: Total time for which application threads were stopped: 0.0005630 seconds, Stopping threads took: 0.0000550 seconds
228.261: Application time: 0.0405720 seconds
228.261: [GC [PSYoungGen: 7632K->480K(8192K)] 17013K->9861K(26112K), 0.0004500 secs] [Times: user=0.00 sys=0.00, real=0.00 secs] 
228.262: Total time for which application threads were stopped: 0.0005540 seconds, Stopping threads took: 0.0000420 seconds
228.302: Application time: 0.0405070 seconds
228.302: [GC [PSYoungGen: 7648K->496K(8192K)] 17029K->9877K(26112K), 0.0005150 secs] [Times: user=0.00 sys=0.00, real=0.00 secs] 
228.303: Total time for which application threads were stopped: 0.0006280 seconds, Stopping threads took: 0.0000520 seconds
228.343: Application time: 0.0404100 seconds
228.343: [GC [PSYoungGen: 7664K->512K(8192K)] 17045K->9893K(26112K), 0.0004320 secs] [Times: user=0.00 sys=0.00, real=0.00 secs] 
228.344: Total time for which application threads were stopped: 0.0005370 seconds, Stopping threads took: 0.0000420 seconds
228.384: Application time: 0.0404710 seconds
228.384: [GC [PSYoungGen: 7680K->464K(8192K)] 17061K->9845K(26112K), 0.0004900 secs] [Times: user=0.00 sys=0.00, real=0.00 secs] 
228.385: Total time for which application threads were stopped: 0.0006030 seconds, Stopping threads took: 0.0000440 seconds
228.425: Application time: 0.0406210 seconds
228.425: [GC [PSYoungGen: 7632K->448K(8192K)] 17013K->9877K(26112K), 0.0004710 secs] [Times: user=0.00 sys=0.00, real=0.00 secs] 
228.426: Total time for which application threads were stopped: 0.0005890 seconds, Stopping threads took: 0.0000580 seconds
228.466: Application time: 0.0403700 seconds
228.466: [GC [PSYoungGen: 7616K->432K(8192K)] 17045K->9861K(26112K), 0.0004240 secs] [Times: user=0.01 sys=0.00, real=0.00 secs] 
228.467: Total time for which application threads were stopped: 0.0005390 seconds, Stopping threads took: 0.0000550 seconds
228.507: Application time: 0.0402090 seconds
228.507: [GC [PSYoungGen: 7600K->448K(8192K)] 17029K->9877K(26112K), 0.0004580 secs] [Times: user=0.00 sys=0.00, real=0.00 secs] 
228.508: Total time for which application threads were stopped: 0.0005770 seconds, Stopping threads took: 0.0000590 seconds
228.548: Application time: 0.0404510 seconds
228.548: [GC [PSYoungGen: 7616K->480K(8192K)] 17045K->9909K(26112K), 0.0004610 secs] [Times: user=0.00 sys=0.00, real=0.00 secs] 
228.549: Total time for which application threads were stopped: 0.0005780 seconds, Stopping threads took: 0.0000580 seconds
228.589: Application time: 0.0403790 seconds
228.589: [GC [PSYoungGen: 7648K->432K(8192K)] 17077K->9861K(26112K), 0.0004420 secs] [Times: user=0.00 sys=0.00, real=0.00 secs] 
228.590: Total time for which application threads were stopped: 0.0005560 seconds, Stopping threads took: 0.0000510 seconds
228.629: Application time: 0.0394200 seconds
228.629: [GC [PSYoungGen: 7600K->560K(8192K)] 17029K->9989K(26112K), 0.0004330 secs] [Times: user=0.00 sys=0.00, real=0.00 secs] 
228.630: Total time for which application threads were stopped: 0.0005410 seconds, Stopping threads took: 0.0000440 seconds
228.670: Application time: 0.0408100 seconds
228.670: [GC [PSYoungGen: 7728K->512K(8192K)] 17157K->9941K(26112K), 0.0005050 secs] [Times: user=0.00 sys=0.00, real=0.00 secs] 
228.671: Total time for which application threads were stopped: 0.0006200 seconds, Stopping threads took: 0.0000520 seconds
228.711: Application time: 0.0404810 seconds
228.712: [GC [PSYoungGen: 7680K->384K(8192K)] 17109K->9925K(26112K), 0.0004740 secs] [Times: user=0.01 sys=0.00, real=0.00 secs] 
228.712: Total time for which application threads were stopped: 0.0006120 seconds, Stopping threads took: 0.0000660 seconds
228.752: Application time: 0.0404030 seconds
228.753: [GC [PSYoungGen: 7552K->352K(8192K)] 17093K->9893K(26112K), 0.0004610 secs] [Times: user=0.00 sys=0.01, real=0.00 secs] 
228.753: Total time for which application threads were stopped: 0.0005810 seconds, Stopping threads took: 0.0000600 seconds
228.793: Application time: 0.0403800 seconds
228.794: [GC [PSYoungGen: 7520K->368K(8192K)] 17061K->9909K(26112K), 0.0004460 secs] [Times: user=0.00 sys=0.00, real=0.00 secs] 
228.794: Total time for which application threads were stopped: 0.0005470 seconds, Stopping threads took: 0.0000430 seconds
228.836: Application time: 0.0419520 seconds
228.836: [GC [PSYoungGen: 7536K->256K(8192K)] 17077K->9941K(26112K), 0.0004590 secs] [Times: user=0.00 sys=0.00, real=0.00 secs] 
228.837: Total time for which application threads were stopped: 0.0005830 seconds, Stopping threads took: 0.0000600 seconds
228.877: Application time: 0.0401120 seconds
228.877: [GC [PSYoungGen: 7424K->320K(8192K)] 17109K->10005K(26112K), 0.0004060 secs] [Times: user=0.00 sys=0.00, real=0.00 secs] 
228.877: Total time for which application threads were stopped: 0.0005430 seconds, Stopping threads took: 0.0000760 seconds
228.916: Application time: 0.0391130 seconds
228.916: [GC [PSYoungGen: 7488K->368K(8192K)] 17173K->10053K(26112K), 0.0004080 secs] [Times: user=0.01 sys=0.00, real=0.01 secs] 
228.917: Total time for which application threads were stopped: 0.0005300 seconds, Stopping threads took: 0.0000520 seconds
228.958: Application time: 0.0407750 seconds
228.961: [GC [PSYoungGen: 7536K->368K(8192K)] 17221K->10053K(26112K), 0.0005360 secs] [Times: user=0.00 sys=0.00, real=0.00 secs] 
228.961: Total time for which application threads were stopped: 0.0037090 seconds, Stopping threads took: 0.0030950 seconds
229.002: Application time: 0.0408540 seconds
229.002: [GC [PSYoungGen: 7536K->352K(8192K)] 17221K->10037K(26112K), 0.0004110 secs] [Times: user=0.01 sys=0.00, real=0.00 secs] 
229.003: Total time for which application threads were stopped: 0.0005270 seconds, Stopping threads took: 0.0000530 seconds
229.041: Application time: 0.0379870 seconds
229.041: [GC [PSYoungGen: 7520K->480K(8192K)] 17205K->10165K(26112K), 0.0004590 secs] [Times: user=0.00 sys=0.00, real=0.00 secs] 
229.041: Total time for which application threads were stopped: 0.0005800 seconds, Stopping threads took: 0.0000590 seconds
229.082: Application time: 0.0404170 seconds
229.082: [GC [PSYoungGen: 7648K->496K(8192K)] 17333K->10181K(26112K), 0.0004420 secs] [Times: user=0.00 sys=0.00, real=0.00 secs] 
229.082: Total time for which application threads were stopped: 0.0005600 seconds, Stopping threads took: 0.0000580 seconds
229.123: Application time: 0.0406560 seconds
229.123: [GC [PSYoungGen: 7664K->496K(8192K)] 17349K->10181K(26112K), 0.0004520 secs] [Times: user=0.00 sys=0.00, real=0.00 secs] 
229.124: Total time for which application threads were stopped: 0.0005720 seconds, Stopping threads took: 0.0000560 seconds
229.164: Application time: 0.0405710 seconds
229.164: [GC [PSYoungGen: 7664K->512K(8192K)] 17349K->10197K(26112K), 0.0004360 secs] [Times: user=0.00 sys=0.00, real=0.00 secs] 
229.165: Total time for which application threads were stopped: 0.0005570 seconds, Stopping threads took: 0.0000580 seconds
229.205: Application time: 0.0407230 seconds
229.205: [GC [PSYoungGen: 7680K->480K(8192K)] 17365K->10165K(26112K), 0.0004580 secs] [Times: user=0.00 sys=0.00, real=0.00 secs] 
229.206: Total time for which application threads were stopped: 0.0005720 seconds, Stopping threads took: 0.0000520 seconds
229.246: Application time: 0.0403850 seconds
229.246: [GC [PSYoungGen: 7648K->432K(8192K)] 17333K->10165K(26112K), 0.0004390 secs] [Times: user=0.01 sys=0.00, real=0.00 secs] 
229.247: Total time for which application threads were stopped: 0.0005560 seconds, Stopping threads took: 0.0000580 seconds
229.287: Application time: 0.0402930 seconds
229.287: [GC [PSYoungGen: 7600K->464K(8192K)] 17333K->10197K(26112K), 0.0004210 secs] [Times: user=0.00 sys=0.00, real=0.00 secs] 
229.288: Total time for which application threads were stopped: 0.0005340 seconds, Stopping threads took: 0.0000580 seconds
229.328: Application time: 0.0403320 seconds
229.328: [GC [PSYoungGen: 7632K->432K(8192K)] 17365K->10165K(26112K), 0.0004690 secs] [Times: user=0.01 sys=0.00, real=0.00 secs] 
229.329: Total time for which application threads were stopped: 0.0005750 seconds, Stopping threads took: 0.0000470 seconds
229.369: Application time: 0.0403670 seconds
229.369: [GC [PSYoungGen: 7600K->448K(8192K)] 17333K->10181K(26112K), 0.0004620 secs] [Times: user=0.01 sys=0.00, real=0.00 secs] 
229.370: Total time for which application threads were stopped: 0.0005780 seconds, Stopping threads took: 0.0000520 seconds
229.410: Application time: 0.0402350 seconds
229.410: [GC [PSYoungGen: 7616K->464K(8192K)] 17349K->10197K(26112K), 0.0004190 secs] [Times: user=0.01 sys=0.00, real=0.00 secs] 
229.410: Total time for which application threads were stopped: 0.0005330 seconds, Stopping threads took: 0.0000580 seconds
229.450: Application time: 0.0395440 seconds
229.450: [GC [PSYoungGen: 7632K->528K(8192K)] 17365K->10261K(26112K), 0.0004480 secs] [Times: user=0.00 sys=0.00, real=0.00 secs] 
229.450: Total time for which application threads were stopped: 0.0005760 seconds, Stopping threads took: 0.0000610 seconds
229.491: Application time: 0.0404650 seconds
229.491: [GC [PSYoungGen: 7696K->464K(8192K)] 17429K->10253K(26112K), 0.0004410 secs] [Times: user=0.00 sys=0.00, real=0.00 secs] 
229.491: Total time for which application threads were stopped: 0.0005510 seconds, Stopping threads took: 0.0000480 seconds
229.532: Application time: 0.0404470 seconds
229.532: [GC [PSYoungGen: 7632K->384K(8192K)] 17421K->10261K(26112K), 0.0004470 secs] [Times: user=0.00 sys=0.00, real=0.00 secs] 
229.532: Total time for which application threads were stopped: 0.0005480 seconds, Stopping threads took: 0.0000440 seconds
229.573: Application time: 0.0407490 seconds
229.573: [GC [PSYoungGen: 7552K->400K(8192K)] 17429K->10277K(26112K), 0.0003990 secs] [Times: user=0.00 sys=0.00, real=0.00 secs] 
229.574: Total time for which application threads were stopped: 0.0005060 seconds, Stopping threads took: 0.0000500 seconds
229.614: Application time: 0.0403770 seconds
229.617: [GC [PSYoungGen: 7568K->432K(8192K)] 17445K->10309K(26112K), 0.0004720 secs] [Times: user=0.00 sys=0.00, real=0.00 secs] 
229.617: Total time for which application threads were stopped: 0.0031330 seconds, Stopping threads took: 0.0026040 seconds
229.658: Application time: 0.0403240 seconds
229.658: [GC [PSYoungGen: 7600K->272K(8192K)] 17477K->10301K(26112K), 0.0004040 secs] [Times: user=0.01 sys=0.00, real=0.00 secs] 
229.658: Total time for which application threads were stopped: 0.0005190 seconds, Stopping threads took: 0.0000570 seconds
229.698: Application time: 0.0395600 seconds
229.698: [GC [PSYoungGen: 7440K->288K(8192K)] 17469K->10317K(26112K), 0.0004290 secs] [Times: user=0.00 sys=0.00, real=0.00 secs] 
229.698: Total time for which application threads were stopped: 0.0005400 seconds, Stopping threads took: 0.0000490 seconds
229.738: Application time: 0.0399330 seconds
229.738: [GC [PSYoungGen: 7456K->400K(8192K)] 17485K->10429K(26112K), 0.0004480 secs] [Times: user=0.00 sys=0.00, real=0.00 secs] 
229.739: Total time for which application threads were stopped: 0.0005780 seconds, Stopping threads took: 0.0000570 seconds
229.779: Application time: 0.0403750 seconds
229.779: [GC [PSYoungGen: 7568K->352K(8192K)] 17597K->10381K(26112K), 0.0004190 secs] [Times: user=0.00 sys=0.00, real=0.00 secs] 
229.780: Total time for which application threads were stopped: 0.0005450 seconds, Stopping threads took: 0.0000640 seconds
229.820: Application time: 0.0399570 seconds
229.820: [GC [PSYoungGen: 7520K->400K(8192K)] 17549K->10429K(26112K), 0.0004500 secs] [Times: user=0.00 sys=0.00, real=0.00 secs] 
229.820: Total time for which application threads were stopped: 0.0005630 seconds, Stopping threads took: 0.0000520 seconds
229.859: Application time: 0.0388620 seconds
229.859: [GC [PSYoungGen: 7568K->528K(8192K)] 17597K->10557K(26112K), 0.0004840 secs] [Times: user=0.00 sys=0.00, real=0.00 secs] 
229.860: Total time for which application threads were stopped: 0.0005950 seconds, Stopping threads took: 0.0000510 seconds
229.900: Application time: 0.0404130 seconds
229.900: [GC [PSYoungGen: 7696K->480K(8192K)] 17725K->10509K(26112K), 0.0004870 secs] [Times: user=0.01 sys=0.00, real=0.00 secs] 
229.901: Total time for which application threads were stopped: 0.0006060 seconds, Stopping threads took: 0.0000590 seconds
229.941: Application time: 0.0404160 seconds
229.945: [GC [PSYoungGen: 7648K->528K(8192K)] 17677K->10557K(26112K), 0.0004340 secs] [Times: user=0.00 sys=0.00, real=0.00 secs] 
229.945: Total time for which application threads were stopped: 0.0041510 seconds, Stopping threads took: 0.0036590 seconds
229.986: Application time: 0.0404520 seconds
229.986: [GC [PSYoungGen: 7696K->528K(8192K)] 17725K->10557K(26112K), 0.0004820 secs] [Times: user=0.01 sys=0.00, real=0.00 secs] 
229.986: Total time for which application threads were stopped: 0.0005990 seconds, Stopping threads took: 0.0000470 seconds
230.027: Application time: 0.0408110 seconds
230.027: [GC [PSYoungGen: 7696K->512K(8192K)] 17725K->10541K(26112K), 0.0004670 secs] [Times: user=0.00 sys=0.00, real=0.00 secs] 
230.028: Total time for which application threads were stopped: 0.0005650 seconds, Stopping threads took: 0.0000400 seconds
230.068: Application time: 0.0404460 seconds
230.068: [GC [PSYoungGen: 7680K->512K(8192K)] 17709K->10589K(26112K), 0.0004440 secs] [Times: user=0.00 sys=0.00, real=0.00 secs] 
230.069: Total time for which application threads were stopped: 0.0005430 seconds, Stopping threads took: 0.0000400 seconds
230.109: Application time: 0.0402880 seconds
230.109: [GC [PSYoungGen: 7680K->464K(8192K)] 17757K->10541K(26112K), 0.0004760 secs] [Times: user=0.00 sys=0.00, real=0.00 secs] 
230.109: Total time for which application threads were stopped: 0.0005800 seconds, Stopping threads took: 0.0000440 seconds
230.150: Application time: 0.0401920 seconds
230.150: [GC [PSYoungGen: 7632K->464K(8192K)] 17709K->10541K(26112K), 0.0004200 secs] [Times: user=0.01 sys=0.00, real=0.00 secs] 
230.150: Total time for which application threads were stopped: 0.0005390 seconds, Stopping threads took: 0.0000580 seconds
230.191: Application time: 0.0404310 seconds
230.191: [GC [PSYoungGen: 7632K->480K(8192K)] 17709K->10557K(26112K), 0.0004710 secs] [Times: user=0.00 sys=0.00, real=0.00 secs] 
230.191: Total time for which application threads were stopped: 0.0005870 seconds, Stopping threads took: 0.0000580 seconds
230.231: Application time: 0.0401400 seconds
230.231: [GC [PSYoungGen: 7639K->480K(8192K)] 17717K->10557K(26112K), 0.0004720 secs] [Times: user=0.00 sys=0.00, real=0.00 secs] 
230.232: Total time for which application threads were stopped: 0.0005760 seconds, Stopping threads took: 0.0000450 seconds
230.272: Application time: 0.0396680 seconds
230.272: [GC [PSYoungGen: 7648K->480K(8192K)] 17725K->10557K(26112K), 0.0005020 secs] [Times: user=0.00 sys=0.00, real=0.00 secs] 
230.272: Total time for which application threads were stopped: 0.0006160 seconds, Stopping threads took: 0.0000530 seconds
230.313: Application time: 0.0404530 seconds
230.313: [GC [PSYoungGen: 7648K->448K(8192K)] 17725K->10581K(26112K), 0.0004330 secs] [Times: user=0.00 sys=0.00, real=0.00 secs] 
230.313: Total time for which application threads were stopped: 0.0005540 seconds, Stopping threads took: 0.0000590 seconds
230.355: Application time: 0.0415820 seconds
230.355: [GC [PSYoungGen: 7616K->384K(8192K)] 17749K->10613K(26112K), 0.0004620 secs] [Times: user=0.00 sys=0.00, real=0.00 secs] 
230.355: Total time for which application threads were stopped: 0.0005730 seconds, Stopping threads took: 0.0000480 seconds
230.396: Application time: 0.0403030 seconds
230.396: [GC [PSYoungGen: 7552K->384K(8192K)] 17781K->10613K(26112K), 0.0004810 secs] [Times: user=0.00 sys=0.00, real=0.00 secs] 
230.396: Total time for which application threads were stopped: 0.0005930 seconds, Stopping threads took: 0.0000560 seconds
230.437: Application time: 0.0404110 seconds
230.437: [GC [PSYoungGen: 7552K->400K(8192K)] 17781K->10677K(26112K), 0.0004540 secs] [Times: user=0.00 sys=0.00, real=0.00 secs] 
230.437: Total time for which application threads were stopped: 0.0005720 seconds, Stopping threads took: 0.0000570 seconds
230.479: Application time: 0.0416570 seconds
230.479: [GC [PSYoungGen: 7568K->256K(8192K)] 17845K->10653K(26112K), 0.0004820 secs] [Times: user=0.00 sys=0.00, real=0.00 secs] 
230.480: Total time for which application threads were stopped: 0.0006140 seconds, Stopping threads took: 0.0000640 seconds
230.519: Application time: 0.0397580 seconds
230.519: [GC [PSYoungGen: 7424K->288K(8192K)] 17821K->10685K(26112K), 0.0004450 secs] [Times: user=0.00 sys=0.00, real=0.00 secs] 
230.520: Total time for which application threads were stopped: 0.0005700 seconds, Stopping threads took: 0.0000540 seconds
230.560: Application time: 0.0396800 seconds
230.560: [GC [PSYoungGen: 7456K->352K(8192K)] 17853K->10749K(26112K), 0.0004140 secs] [Times: user=0.00 sys=0.00, real=0.00 secs] 
230.560: Total time for which application threads were stopped: 0.0005200 seconds, Stopping threads took: 0.0000490 seconds
230.600: Application time: 0.0403250 seconds
230.601: [GC [PSYoungGen: 7520K->384K(8192K)] 17917K->10781K(26112K), 0.0004140 secs] [Times: user=0.01 sys=0.00, real=0.00 secs] 
230.601: Total time for which application threads were stopped: 0.0005290 seconds, Stopping threads took: 0.0000570 seconds
230.640: Application time: 0.0394770 seconds
230.641: [GC [PSYoungGen: 7552K->416K(8192K)] 17949K->10813K(26112K), 0.0004120 secs] [Times: user=0.00 sys=0.00, real=0.00 secs] 
230.641: Total time for which application threads were stopped: 0.0005220 seconds, Stopping threads took: 0.0000490 seconds
230.680: Application time: 0.0393800 seconds
230.680: [GC [PSYoungGen: 7584K->528K(8192K)] 17981K->10925K(26112K), 0.0004930 secs] [Times: user=0.00 sys=0.00, real=0.00 secs] 
230.681: Total time for which application threads were stopped: 0.0006140 seconds, Stopping threads took: 0.0000600 seconds
230.721: Application time: 0.0404810 seconds
230.722: [GC [PSYoungGen: 7696K->544K(8192K)] 18093K->10941K(26112K), 0.0004950 secs] [Times: user=0.01 sys=0.00, real=0.00 secs] 
230.722: Total time for which application threads were stopped: 0.0006320 seconds, Stopping threads took: 0.0000650 seconds
230.763: Application time: 0.0404880 seconds
230.763: [GC [PSYoungGen: 7712K->512K(8192K)] 18109K->10909K(26112K), 0.0004810 secs] [Times: user=0.00 sys=0.00, real=0.00 secs] 
230.763: Total time for which application threads were stopped: 0.0005860 seconds, Stopping threads took: 0.0000460 seconds
230.804: Application time: 0.0406020 seconds
230.804: [GC [PSYoungGen: 7680K->496K(8192K)] 18077K->10893K(26112K), 0.0004320 secs] [Times: user=0.00 sys=0.00, real=0.00 secs] 
230.804: Total time for which application threads were stopped: 0.0005490 seconds, Stopping threads took: 0.0000600 seconds
230.845: Application time: 0.0405470 seconds
230.845: [GC [PSYoungGen: 7664K->480K(8192K)] 18061K->10885K(26112K), 0.0004170 secs] [Times: user=0.01 sys=0.00, real=0.00 secs] 
230.845: Total time for which application threads were stopped: 0.0005400 seconds, Stopping threads took: 0.0000650 seconds
230.886: Application time: 0.0404580 seconds
230.886: [GC [PSYoungGen: 7648K->480K(8192K)] 18053K->10933K(26112K), 0.0004220 secs] [Times: user=0.00 sys=0.00, real=0.00 secs] 
230.886: Total time for which application threads were stopped: 0.0005390 seconds, Stopping threads took: 0.0000600 seconds
230.927: Application time: 0.0401430 seconds
230.927: [GC [PSYoungGen: 7648K->448K(8192K)] 18101K->10901K(26112K), 0.0004150 secs] [Times: user=0.00 sys=0.00, real=0.00 secs] 
230.927: Total time for which application threads were stopped: 0.0005300 seconds, Stopping threads took: 0.0000580 seconds
230.968: Application time: 0.0404290 seconds
230.968: [GC [PSYoungGen: 7616K->416K(8192K)] 18069K->10869K(26112K), 0.0004530 secs] [Times: user=0.00 sys=0.00, real=0.00 secs] 
230.968: Total time for which application threads were stopped: 0.0005680 seconds, Stopping threads took: 0.0000560 seconds
231.009: Application time: 0.0410290 seconds
231.009: [GC [PSYoungGen: 7584K->416K(8192K)] 18037K->10869K(26112K), 0.0004350 secs] [Times: user=0.00 sys=0.00, real=0.00 secs] 
231.010: Total time for which application threads were stopped: 0.0005410 seconds, Stopping threads took: 0.0000480 seconds
231.050: Application time: 0.0405490 seconds
231.050: [GC [PSYoungGen: 7584K->480K(8192K)] 18037K->10933K(26112K), 0.0004380 secs] [Times: user=0.01 sys=0.00, real=0.00 secs] 
231.051: Total time for which application threads were stopped: 0.0005750 seconds, Stopping threads took: 0.0000530 seconds
231.091: Application time: 0.0404050 seconds
231.091: [GC [PSYoungGen: 7648K->512K(8192K)] 18101K->10965K(26112K), 0.0004420 secs] [Times: user=0.00 sys=0.00, real=0.00 secs] 
231.092: Total time for which application threads were stopped: 0.0005580 seconds, Stopping threads took: 0.0000570 seconds
231.132: Application time: 0.0404760 seconds
231.132: [GC [PSYoungGen: 7680K->416K(8192K)] 18133K->10949K(26112K), 0.0005050 secs] [Times: user=0.00 sys=0.00, real=0.00 secs] 
231.133: Total time for which application threads were stopped: 0.0006160 seconds, Stopping threads took: 0.0000520 seconds
231.173: Application time: 0.0405140 seconds
231.173: [GC [PSYoungGen: 7584K->384K(8192K)] 18117K->10965K(26112K), 0.0004320 secs] [Times: user=0.00 sys=0.00, real=0.00 secs] 
231.174: Total time for which application threads were stopped: 0.0005450 seconds, Stopping threads took: 0.0000520 seconds
231.215: Application time: 0.0407280 seconds
231.215: [GC [PSYoungGen: 7552K->400K(8192K)] 18133K->10981K(26112K), 0.0004150 secs] [Times: user=0.00 sys=0.00, real=0.00 secs] 
231.215: Total time for which application threads were stopped: 0.0005300 seconds, Stopping threads took: 0.0000590 seconds
231.256: Application time: 0.0404140 seconds
231.256: [GC [PSYoungGen: 7568K->368K(8192K)] 18149K->11045K(26112K), 0.0004620 secs] [Times: user=0.00 sys=0.00, real=0.00 secs] 
231.256: Total time for which application threads were stopped: 0.0005770 seconds, Stopping threads took: 0.0000580 seconds
231.297: Application time: 0.0405040 seconds
231.297: [GC [PSYoungGen: 7535K->272K(8192K)] 18213K->11038K(26112K), 0.0003920 secs] [Times: user=0.00 sys=0.00, real=0.00 secs] 
231.297: Total time for which application threads were stopped: 0.0005060 seconds, Stopping threads took: 0.0000590 seconds
231.336: Application time: 0.0388950 seconds
231.336: [GC [PSYoungGen: 7440K->368K(8192K)] 18206K->11134K(26112K), 0.0004670 secs] [Times: user=0.01 sys=0.00, real=0.01 secs] 
231.338: Total time for which application threads were stopped: 0.0016170 seconds, Stopping threads took: 0.0000500 seconds
231.378: Application time: 0.0404080 seconds
231.378: [GC [PSYoungGen: 7536K->320K(8192K)] 18302K->11086K(26112K), 0.0004130 secs] [Times: user=0.00 sys=0.00, real=0.00 secs] 
231.379: Total time for which application threads were stopped: 0.0005420 seconds, Stopping threads took: 0.0000690 seconds
231.419: Application time: 0.0405130 seconds
231.419: [GC [PSYoungGen: 7488K->384K(8192K)] 18254K->11150K(26112K), 0.0004920 secs] [Times: user=0.00 sys=0.00, real=0.00 secs] 
231.420: Total time for which application threads were stopped: 0.0006160 seconds, Stopping threads took: 0.0000670 seconds
231.459: Application time: 0.0387710 seconds
231.459: [GC [PSYoungGen: 7552K->448K(8192K)] 18318K->11214K(26112K), 0.0004250 secs] [Times: user=0.01 sys=0.00, real=0.00 secs] 
231.459: Total time for which application threads were stopped: 0.0005560 seconds, Stopping threads took: 0.0000650 seconds
231.499: Application time: 0.0395230 seconds
231.499: [GC [PSYoungGen: 7616K->544K(8192K)] 18382K->11310K(26112K), 0.0004810 secs] [Times: user=0.00 sys=0.00, real=0.00 secs] 
231.499: Total time for which application threads were stopped: 0.0005830 seconds, Stopping threads took: 0.0000420 seconds
231.540: Application time: 0.0408330 seconds
231.540: [GC [PSYoungGen: 7712K->496K(8192K)] 18478K->11262K(26112K), 0.0004580 secs] [Times: user=0.00 sys=0.00, real=0.00 secs] 
231.541: Total time for which application threads were stopped: 0.0005670 seconds, Stopping threads took: 0.0000500 seconds
231.581: Application time: 0.0404550 seconds
231.581: [GC [PSYoungGen: 7664K->480K(8192K)] 18430K->11246K(26112K), 0.0004510 secs] [Times: user=0.00 sys=0.00, real=0.00 secs] 
231.582: Total time for which application threads were stopped: 0.0005670 seconds, Stopping threads took: 0.0000470 seconds
231.622: Application time: 0.0403950 seconds
231.622: [GC [PSYoungGen: 7648K->512K(8192K)] 18414K->11278K(26112K), 0.0004500 secs] [Times: user=0.00 sys=0.00, real=0.00 secs] 
231.623: Total time for which application threads were stopped: 0.0005710 seconds, Stopping threads took: 0.0000570 seconds
231.663: Application time: 0.0404620 seconds
231.663: [GC [PSYoungGen: 7680K->496K(8192K)] 18446K->11310K(26112K), 0.0004330 secs] [Times: user=0.00 sys=0.00, real=0.00 secs] 
231.664: Total time for which application threads were stopped: 0.0005430 seconds, Stopping threads took: 0.0000510 seconds
231.704: Application time: 0.0404100 seconds
231.704: [GC [PSYoungGen: 7664K->448K(8192K)] 18478K->11262K(26112K), 0.0004340 secs] [Times: user=0.00 sys=0.00, real=0.00 secs] 
231.705: Total time for which application threads were stopped: 0.0005540 seconds, Stopping threads took: 0.0000590 seconds
231.745: Application time: 0.0407910 seconds
231.745: [GC [PSYoungGen: 7616K->480K(8192K)] 18430K->11294K(26112K), 0.0004870 secs] [Times: user=0.00 sys=0.00, real=0.00 secs] 
231.746: Total time for which application threads were stopped: 0.0006150 seconds, Stopping threads took: 0.0000580 seconds
231.786: Application time: 0.0403320 seconds
231.786: [GC [PSYoungGen: 7648K->464K(8192K)] 18462K->11278K(26112K), 0.0004360 secs] [Times: user=0.00 sys=0.00, real=0.00 secs] 
231.787: Total time for which application threads were stopped: 0.0005420 seconds, Stopping threads took: 0.0000490 seconds
231.827: Application time: 0.0400180 seconds
231.827: [GC [PSYoungGen: 7632K->464K(8192K)] 18446K->11278K(26112K), 0.0004280 secs] [Times: user=0.00 sys=0.00, real=0.00 secs] 
231.827: Total time for which application threads were stopped: 0.0005410 seconds, Stopping threads took: 0.0000510 seconds
231.865: Application time: 0.0375160 seconds
231.865: [GC [PSYoungGen: 7632K->496K(8192K)] 18446K->11310K(26112K), 0.0004330 secs] [Times: user=0.00 sys=0.00, real=0.00 secs] 
231.866: Total time for which application threads were stopped: 0.0005550 seconds, Stopping threads took: 0.0000560 seconds
231.902: Application time: 0.0368120 seconds
231.902: [GC [PSYoungGen: 7664K->496K(8192K)] 18478K->11310K(26112K), 0.0004150 secs] [Times: user=0.00 sys=0.00, real=0.00 secs] 
231.903: Total time for which application threads were stopped: 0.0005210 seconds, Stopping threads took: 0.0000520 seconds
231.940: Application time: 0.0367270 seconds
231.940: [GC [PSYoungGen: 7664K->352K(8192K)] 18478K->11278K(26112K), 0.0004580 secs] [Times: user=0.00 sys=0.00, real=0.00 secs] 
231.940: Total time for which application threads were stopped: 0.0005720 seconds, Stopping threads took: 0.0000590 seconds
231.977: Application time: 0.0367930 seconds
231.981: [GC [PSYoungGen: 7520K->400K(8192K)] 18446K->11326K(26112K), 0.0005200 secs] [Times: user=0.00 sys=0.00, real=0.00 secs] 
231.981: Total time for which application threads were stopped: 0.0043990 seconds, Stopping threads took: 0.0038020 seconds
232.018: Application time: 0.0368720 seconds
232.018: [GC [PSYoungGen: 7568K->384K(8192K)] 18494K->11310K(26112K), 0.0004150 secs] [Times: user=0.01 sys=0.00, real=0.00 secs] 
232.019: Total time for which application threads were stopped: 0.0005230 seconds, Stopping threads took: 0.0000500 seconds
232.056: Application time: 0.0370510 seconds
232.056: [GC [PSYoungGen: 7552K->320K(8192K)] 18478K->11366K(26112K), 0.0004020 secs] [Times: user=0.00 sys=0.00, real=0.00 secs] 
232.056: Total time for which application threads were stopped: 0.0005140 seconds, Stopping threads took: 0.0000570 seconds
232.093: Application time: 0.0367390 seconds
232.093: [GC [PSYoungGen: 7488K->272K(8192K)] 18534K->11358K(26112K), 0.0003750 secs] [Times: user=0.00 sys=0.00, real=0.00 secs] 
232.094: Total time for which application threads were stopped: 0.0004940 seconds, Stopping threads took: 0.0000500 seconds
232.129: Application time: 0.0352750 seconds
232.129: [GC [PSYoungGen: 7440K->336K(8192K)] 18526K->11422K(26112K), 0.0004570 secs] [Times: user=0.00 sys=0.00, real=0.00 secs] 
232.129: Total time for which application threads were stopped: 0.0005770 seconds, Stopping threads took: 0.0000580 seconds
232.166: Application time: 0.0368720 seconds
232.166: [GC [PSYoungGen: 7504K->416K(8192K)] 18590K->11502K(26112K), 0.0004220 secs] [Times: user=0.00 sys=0.00, real=0.00 secs] 
232.167: Total time for which application threads were stopped: 0.0005340 seconds, Stopping threads took: 0.0000600 seconds
232.204: Application time: 0.0368630 seconds
232.204: [GC [PSYoungGen: 7584K->352K(8192K)] 18670K->11438K(26112K), 0.0003800 secs] [Times: user=0.00 sys=0.00, real=0.00 secs] 
232.204: Total time for which application threads were stopped: 0.0004860 seconds, Stopping threads took: 0.0000480 seconds
232.239: Application time: 0.0346010 seconds
232.239: [GC [PSYoungGen: 7520K->544K(8192K)] 18606K->11630K(26112K), 0.0004240 secs] [Times: user=0.00 sys=0.00, real=0.00 secs] 
232.239: Total time for which application threads were stopped: 0.0005400 seconds, Stopping threads took: 0.0000580 seconds
232.276: Application time: 0.0368620 seconds
232.276: [GC [PSYoungGen: 7712K->496K(8192K)] 18798K->11582K(26112K), 0.0004370 secs] [Times: user=0.00 sys=0.00, real=0.01 secs] 
232.277: Total time for which application threads were stopped: 0.0005460 seconds, Stopping threads took: 0.0000500 seconds
232.313: Application time: 0.0367240 seconds
232.314: [GC [PSYoungGen: 7664K->544K(8192K)] 18750K->11630K(26112K), 0.0004190 secs] [Times: user=0.00 sys=0.00, real=0.00 secs] 
232.314: Total time for which application threads were stopped: 0.0005320 seconds, Stopping threads took: 0.0000530 seconds
232.351: Application time: 0.0367970 seconds
232.351: [GC [PSYoungGen: 7712K->528K(8192K)] 18798K->11614K(26112K), 0.0004260 secs] [Times: user=0.01 sys=0.00, real=0.00 secs] 
232.351: Total time for which application threads were stopped: 0.0005360 seconds, Stopping threads took: 0.0000540 seconds
232.388: Application time: 0.0368810 seconds
232.388: [GC [PSYoungGen: 7696K->480K(8192K)] 18782K->11566K(26112K), 0.0004350 secs] [Times: user=0.00 sys=0.00, real=0.01 secs] 
232.389: Total time for which application threads were stopped: 0.0005410 seconds, Stopping threads took: 0.0000510 seconds
232.425: Application time: 0.0367560 seconds
232.426: [GC [PSYoungGen: 7648K->480K(8192K)] 18734K->11614K(26112K), 0.0004010 secs] [Times: user=0.00 sys=0.00, real=0.00 secs] 
232.426: Total time for which application threads were stopped: 0.0005120 seconds, Stopping threads took: 0.0000540 seconds
232.463: Application time: 0.0369570 seconds
232.463: [GC [PSYoungGen: 7648K->432K(8192K)] 18782K->11566K(26112K), 0.0004000 secs] [Times: user=0.01 sys=0.00, real=0.00 secs] 
232.463: Total time for which application threads were stopped: 0.0005100 seconds, Stopping threads took: 0.0000520 seconds
232.500: Application time: 0.0364640 seconds
232.500: [GC [PSYoungGen: 7600K->432K(8192K)] 18734K->11566K(26112K), 0.0004400 secs] [Times: user=0.00 sys=0.00, real=0.00 secs] 
232.500: Total time for which application threads were stopped: 0.0005490 seconds, Stopping threads took: 0.0000480 seconds
232.537: Application time: 0.0366340 seconds
232.537: [GC [PSYoungGen: 7600K->496K(8192K)] 18734K->11630K(26112K), 0.0004430 secs] [Times: user=0.00 sys=0.00, real=0.00 secs] 
232.538: Total time for which application threads were stopped: 0.0005460 seconds, Stopping threads took: 0.0000450 seconds
232.574: Application time: 0.0366760 seconds
232.574: [GC [PSYoungGen: 7664K->448K(8192K)] 18798K->11582K(26112K), 0.0004520 secs] [Times: user=0.00 sys=0.00, real=0.00 secs] 
232.575: Total time for which application threads were stopped: 0.0005550 seconds, Stopping threads took: 0.0000460 seconds
232.611: Application time: 0.0360510 seconds
232.611: [GC [PSYoungGen: 7616K->512K(8192K)] 18750K->11646K(26112K), 0.0004230 secs] [Times: user=0.00 sys=0.00, real=0.00 secs] 
232.611: Total time for which application threads were stopped: 0.0005510 seconds, Stopping threads took: 0.0000560 seconds
232.648: Application time: 0.0368610 seconds
232.648: [GC [PSYoungGen: 7680K->480K(8192K)] 18814K->11614K(26112K), 0.0004260 secs] [Times: user=0.00 sys=0.00, real=0.01 secs] 
232.649: Total time for which application threads were stopped: 0.0005370 seconds, Stopping threads took: 0.0000460 seconds
232.686: Application time: 0.0367610 seconds
232.686: [GC [PSYoungGen: 7648K->368K(8192K)] 18782K->11606K(26112K), 0.0004370 secs] [Times: user=0.00 sys=0.00, real=0.00 secs] 
232.686: Total time for which application threads were stopped: 0.0005410 seconds, Stopping threads took: 0.0000440 seconds
232.724: Application time: 0.0373330 seconds
232.724: [GC [PSYoungGen: 7536K->416K(8192K)] 18774K->11654K(26112K), 0.0004400 secs] [Times: user=0.00 sys=0.00, real=0.00 secs] 
232.724: Total time for which application threads were stopped: 0.0005580 seconds, Stopping threads took: 0.0000530 seconds
232.761: Application time: 0.0367570 seconds
232.761: [GC [PSYoungGen: 7584K->368K(8192K)] 18822K->11606K(26112K), 0.0003870 secs] [Times: user=0.01 sys=0.00, real=0.00 secs] 
232.761: Total time for which application threads were stopped: 0.0005090 seconds, Stopping threads took: 0.0000660 seconds
232.798: Application time: 0.0366640 seconds
232.798: [GC [PSYoungGen: 7536K->256K(8192K)] 18774K->11650K(26112K), 0.0004120 secs] [Times: user=0.00 sys=0.00, real=0.00 secs] 
232.799: Total time for which application threads were stopped: 0.0005200 seconds, Stopping threads took: 0.0000560 seconds
232.835: Application time: 0.0359750 seconds
232.835: [GC [PSYoungGen: 7420K->320K(8192K)] 18814K->11714K(26112K), 0.0003770 secs] [Times: user=0.00 sys=0.00, real=0.00 secs] 
232.835: Total time for which application threads were stopped: 0.0004880 seconds, Stopping threads took: 0.0000560 seconds
232.871: Application time: 0.0362750 seconds
232.871: [GC [PSYoungGen: 7488K->368K(8192K)] 18882K->11762K(26112K), 0.0004340 secs] [Times: user=0.00 sys=0.00, real=0.00 secs] 
232.872: Total time for which application threads were stopped: 0.0005660 seconds, Stopping threads took: 0.0000730 seconds
232.908: Application time: 0.0366150 seconds
232.909: [GC [PSYoungGen: 7536K->336K(8192K)] 18930K->11730K(26112K), 0.0003910 secs] [Times: user=0.00 sys=0.00, real=0.01 secs] 
232.909: Total time for which application threads were stopped: 0.0005010 seconds, Stopping threads took: 0.0000540 seconds
232.945: Application time: 0.0362490 seconds
232.945: [GC [PSYoungGen: 7504K->352K(8192K)] 18898K->11746K(26112K), 0.0004310 secs] [Times: user=0.00 sys=0.00, real=0.00 secs] 
232.946: Total time for which application threads were stopped: 0.0005430 seconds, Stopping threads took: 0.0000550 seconds
232.981: Application time: 0.0349390 seconds
232.981: [GC [PSYoungGen: 7520K->512K(8192K)] 18914K->11906K(26112K), 0.0004110 secs] [Times: user=0.01 sys=0.00, real=0.00 secs] 
232.981: Total time for which application threads were stopped: 0.0005160 seconds, Stopping threads took: 0.0000480 seconds
233.018: Application time: 0.0366440 seconds
233.018: [GC [PSYoungGen: 7680K->480K(8192K)] 19074K->11874K(26112K), 0.0004120 secs] [Times: user=0.00 sys=0.00, real=0.00 secs] 
233.018: Total time for which application threads were stopped: 0.0005230 seconds, Stopping threads took: 0.0000550 seconds
233.055: Application time: 0.0367900 seconds
233.055: [GC [PSYoungGen: 7648K->496K(8192K)] 19042K->11890K(26112K), 0.0004530 secs] [Times: user=0.01 sys=0.00, real=0.00 secs] 
233.056: Total time for which application threads were stopped: 0.0005600 seconds, Stopping threads took: 0.0000490 seconds
233.093: Application time: 0.0368040 seconds
233.093: [GC [PSYoungGen: 7664K->496K(8192K)] 19058K->11890K(26112K), 0.0004670 secs] [Times: user=0.00 sys=0.00, real=0.00 secs] 
233.093: Total time for which application threads were stopped: 0.0005810 seconds, Stopping threads took: 0.0000560 seconds
233.130: Application time: 0.0368140 seconds
233.130: [GC [PSYoungGen: 7664K->512K(8192K)] 19058K->11906K(26112K), 0.0004230 secs] [Times: user=0.00 sys=0.00, real=0.00 secs] 
233.131: Total time for which application threads were stopped: 0.0005580 seconds, Stopping threads took: 0.0000680 seconds
233.167: Application time: 0.0368000 seconds
233.167: [GC [PSYoungGen: 7680K->448K(8192K)] 19074K->11890K(26112K), 0.0004310 secs] [Times: user=0.00 sys=0.00, real=0.00 secs] 
233.168: Total time for which application threads were stopped: 0.0005300 seconds, Stopping threads took: 0.0000430 seconds
233.205: Application time: 0.0367200 seconds
233.205: [GC [PSYoungGen: 7616K->432K(8192K)] 19058K->11874K(26112K), 0.0004900 secs] [Times: user=0.01 sys=0.00, real=0.00 secs] 
233.205: Total time for which application threads were stopped: 0.0005910 seconds, Stopping threads took: 0.0000420 seconds
233.242: Application time: 0.0367050 seconds
233.242: [GC [PSYoungGen: 7600K->432K(8192K)] 19042K->11874K(26112K), 0.0004050 secs] [Times: user=0.00 sys=0.00, real=0.00 secs] 
233.242: Total time for which application threads were stopped: 0.0005080 seconds, Stopping threads took: 0.0000450 seconds
233.279: Application time: 0.0366530 seconds
233.279: [GC [PSYoungGen: 7600K->464K(8192K)] 19042K->11906K(26112K), 0.0004070 secs] [Times: user=0.00 sys=0.00, real=0.00 secs] 
233.280: Total time for which application threads were stopped: 0.0005060 seconds, Stopping threads took: 0.0000410 seconds
233.316: Application time: 0.0366200 seconds
233.316: [GC [PSYoungGen: 7632K->464K(8192K)] 19074K->11906K(26112K), 0.0004690 secs] [Times: user=0.00 sys=0.00, real=0.01 secs] 
233.317: Total time for which application threads were stopped: 0.0005710 seconds, Stopping threads took: 0.0000460 seconds
233.354: Application time: 0.0372200 seconds
233.354: [GC [PSYoungGen: 7632K->528K(8192K)] 19074K->11970K(26112K), 0.0004560 secs] [Times: user=0.00 sys=0.00, real=0.00 secs] 
233.355: Total time for which application threads were stopped: 0.0005850 seconds, Stopping threads took: 0.0000600 seconds
233.391: Application time: 0.0366360 seconds
233.391: [GC [PSYoungGen: 7696K->448K(8192K)] 19138K->11938K(26112K), 0.0004240 secs] [Times: user=0.00 sys=0.00, real=0.00 secs] 
233.392: Total time for which application threads were stopped: 0.0005380 seconds, Stopping threads took: 0.0000550 seconds
233.428: Application time: 0.0365460 seconds
233.428: [GC [PSYoungGen: 7616K->384K(8192K)] 19106K->11962K(26112K), 0.0004610 secs] [Times: user=0.00 sys=0.00, real=0.01 secs] 
233.429: Total time for which application threads were stopped: 0.0005760 seconds, Stopping threads took: 0.0000550 seconds
233.466: Application time: 0.0371350 seconds
233.466: [GC [PSYoungGen: 7552K->400K(8192K)] 19130K->11978K(26112K), 0.0004360 secs] [Times: user=0.00 sys=0.00, real=0.00 secs] 
233.467: Total time for which application threads were stopped: 0.0005400 seconds, Stopping threads took: 0.0000470 seconds
233.504: Application time: 0.0375440 seconds
233.504: [GC [PSYoungGen: 7568K->352K(8192K)] 19146K->11978K(26112K), 0.0004430 secs] [Times: user=0.00 sys=0.00, real=0.00 secs] 
233.505: Total time for which application threads were stopped: 0.0005620 seconds, Stopping threads took: 0.0000520 seconds
233.542: Application time: 0.0370610 seconds
233.542: [GC [PSYoungGen: 7520K->272K(8192K)] 19146K->12018K(26112K), 0.0004300 secs] [Times: user=0.00 sys=0.00, real=0.00 secs] 
233.542: Total time for which application threads were stopped: 0.0005450 seconds, Stopping threads took: 0.0000530 seconds
233.577: Application time: 0.0350390 seconds
233.577: [GC [PSYoungGen: 7440K->336K(8192K)] 19186K->12082K(26112K), 0.0003830 secs] [Times: user=0.00 sys=0.00, real=0.00 secs] 
233.578: Total time for which application threads were stopped: 0.0004900 seconds, Stopping threads took: 0.0000440 seconds
233.615: Application time: 0.0368050 seconds
233.615: [GC [PSYoungGen: 7504K->320K(8192K)] 19250K->12066K(26112K), 0.0003920 secs] [Times: user=0.00 sys=0.00, real=0.00 secs] 
233.615: Total time for which application threads were stopped: 0.0005110 seconds, Stopping threads took: 0.0000560 seconds
233.652: Application time: 0.0368390 seconds
233.652: [GC [PSYoungGen: 7488K->336K(8192K)] 19234K->12082K(26112K), 0.0004550 secs] [Times: user=0.00 sys=0.00, real=0.00 secs] 
233.652: Total time for which application threads were stopped: 0.0005730 seconds, Stopping threads took: 0.0000510 seconds
233.689: Application time: 0.0361800 seconds
233.689: [GC [PSYoungGen: 7504K->352K(8192K)] 19250K->12098K(26112K), 0.0004770 secs] [Times: user=0.00 sys=0.00, real=0.00 secs] 
233.689: Total time for which application threads were stopped: 0.0005880 seconds, Stopping threads took: 0.0000530 seconds
233.725: Application time: 0.0355250 seconds
233.725: [GC [PSYoungGen: 7520K->528K(8192K)] 19266K->12274K(26112K), 0.0004590 secs] [Times: user=0.00 sys=0.00, real=0.00 secs] 
233.725: Total time for which application threads were stopped: 0.0005860 seconds, Stopping threads took: 0.0000620 seconds
233.762: Application time: 0.0368600 seconds
233.762: [GC [PSYoungGen: 7696K->496K(8192K)] 19442K->12242K(26112K), 0.0004440 secs] [Times: user=0.00 sys=0.00, real=0.00 secs] 
233.763: Total time for which application threads were stopped: 0.0005570 seconds, Stopping threads took: 0.0000520 seconds
233.800: Application time: 0.0368280 seconds
233.800: [GC [PSYoungGen: 7664K->544K(8192K)] 19410K->12290K(26112K), 0.0004930 secs] [Times: user=0.00 sys=0.00, real=0.00 secs] 
233.800: Total time for which application threads were stopped: 0.0005970 seconds, Stopping threads took: 0.0000460 seconds
233.837: Application time: 0.0367640 seconds
233.837: [GC [PSYoungGen: 7712K->512K(8192K)] 19458K->12258K(26112K), 0.0004140 secs] [Times: user=0.00 sys=0.00, real=0.00 secs] 
233.838: Total time for which application threads were stopped: 0.0005270 seconds, Stopping threads took: 0.0000550 seconds
233.874: Application time: 0.0369170 seconds
233.875: [GC [PSYoungGen: 7680K->544K(8192K)] 19426K->12290K(26112K), 0.0004270 secs] [Times: user=0.00 sys=0.00, real=0.00 secs] 
233.875: Total time for which application threads were stopped: 0.0005370 seconds, Stopping threads took: 0.0000550 seconds
233.912: Application time: 0.0367850 seconds
233.912: [GC [PSYoungGen: 7712K->464K(8192K)] 19458K->12258K(26112K), 0.0004100 secs] [Times: user=0.00 sys=0.00, real=0.00 secs] 
233.912: Total time for which application threads were stopped: 0.0005230 seconds, Stopping threads took: 0.0000550 seconds
233.949: Application time: 0.0365660 seconds
233.949: [GC [PSYoungGen: 7632K->480K(8192K)] 19426K->12274K(26112K), 0.0004080 secs] [Times: user=0.00 sys=0.00, real=0.00 secs] 
233.949: Total time for which application threads were stopped: 0.0005280 seconds, Stopping threads took: 0.0000550 seconds
233.986: Application time: 0.0367890 seconds
233.986: [GC [PSYoungGen: 7648K->480K(8192K)] 19442K->12274K(26112K), 0.0004100 secs] [Times: user=0.01 sys=0.00, real=0.00 secs] 
233.987: Total time for which application threads were stopped: 0.0005260 seconds, Stopping threads took: 0.0000550 seconds
234.023: Application time: 0.0367980 seconds
234.024: [GC [PSYoungGen: 7648K->480K(8192K)] 19442K->12274K(26112K), 0.0004290 secs] [Times: user=0.00 sys=0.00, real=0.00 secs] 
234.024: Total time for which application threads were stopped: 0.0005440 seconds, Stopping threads took: 0.0000560 seconds
234.061: Application time: 0.0365590 seconds
234.061: [GC [PSYoungGen: 7648K->480K(8192K)] 19442K->12274K(26112K), 0.0004280 secs] [Times: user=0.00 sys=0.00, real=0.00 secs] 
234.061: Total time for which application threads were stopped: 0.0005430 seconds, Stopping threads took: 0.0000540 seconds
234.097: Application time: 0.0359790 seconds
234.097: [GC [PSYoungGen: 7648K->496K(8192K)] 19442K->12290K(26112K), 0.0004460 secs] [Times: user=0.01 sys=0.00, real=0.00 secs] 
234.098: Total time for which application threads were stopped: 0.0005540 seconds, Stopping threads took: 0.0000510 seconds
234.135: Application time: 0.0369360 seconds
234.135: [GC [PSYoungGen: 7664K->400K(8192K)] 19458K->12322K(26112K), 0.0004120 secs] [Times: user=0.00 sys=0.00, real=0.00 secs] 
234.135: Total time for which application threads were stopped: 0.0005100 seconds, Stopping threads took: 0.0000410 seconds
234.172: Application time: 0.0369180 seconds
234.172: [GC [PSYoungGen: 7568K->384K(8192K)] 19490K->12306K(26112K), 0.0003970 secs] [Times: user=0.00 sys=0.00, real=0.00 secs] 
234.173: Total time for which application threads were stopped: 0.0005270 seconds, Stopping threads took: 0.0000550 seconds
234.210: Application time: 0.0371290 seconds
234.213: [GC [PSYoungGen: 7552K->384K(8192K)] 19474K->12306K(26112K), 0.0004460 secs] [Times: user=0.00 sys=0.00, real=0.00 secs] 
234.213: Total time for which application threads were stopped: 0.0034900 seconds, Stopping threads took: 0.0029880 seconds
234.250: Application time: 0.0367720 seconds
234.250: [GC [PSYoungGen: 7552K->400K(8192K)] 19474K->12370K(26112K), 0.0004340 secs] [Times: user=0.00 sys=0.00, real=0.00 secs] 
234.251: Total time for which application threads were stopped: 0.0005430 seconds, Stopping threads took: 0.0000550 seconds
234.287: Application time: 0.0366640 seconds
234.287: [GC [PSYoungGen: 7568K->272K(8192K)] 19538K->12363K(26112K), 0.0004080 secs] [Times: user=0.00 sys=0.00, real=0.00 secs] 
234.288: Total time for which application threads were stopped: 0.0005180 seconds, Stopping threads took: 0.0000560 seconds
234.323: Application time: 0.0354490 seconds
234.323: [GC [PSYoungGen: 7440K->352K(8192K)] 19531K->12443K(26112K), 0.0003900 secs] [Times: user=0.00 sys=0.00, real=0.00 secs] 
234.324: Total time for which application threads were stopped: 0.0005040 seconds, Stopping threads took: 0.0000520 seconds
234.360: Application time: 0.0367550 seconds
234.360: [GC [PSYoungGen: 7520K->304K(8192K)] 19611K->12395K(26112K), 0.0004170 secs] [Times: user=0.00 sys=0.00, real=0.00 secs] 
234.361: Total time for which application threads were stopped: 0.0005080 seconds, Stopping threads took: 0.0000340 seconds
234.398: Application time: 0.0367600 seconds
234.398: [GC [PSYoungGen: 7472K->400K(8192K)] 19563K->12491K(26112K), 0.0004220 secs] [Times: user=0.00 sys=0.00, real=0.00 secs] 
234.398: Total time for which application threads were stopped: 0.0005170 seconds, Stopping threads took: 0.0000410 seconds
234.434: Application time: 0.0358480 seconds
234.434: [GC [PSYoungGen: 7568K->464K(8192K)] 19659K->12555K(26112K), 0.0004360 secs] [Times: user=0.00 sys=0.00, real=0.00 secs] 
234.435: Total time for which application threads were stopped: 0.0005480 seconds, Stopping threads took: 0.0000530 seconds
234.470: Application time: 0.0357220 seconds
234.470: [GC [PSYoungGen: 7632K->512K(8192K)] 19723K->12603K(26112K), 0.0004270 secs] [Times: user=0.01 sys=0.00, real=0.00 secs] 
234.471: Total time for which application threads were stopped: 0.0005370 seconds, Stopping threads took: 0.0000500 seconds
234.508: Application time: 0.0368030 seconds
234.508: [GC [PSYoungGen: 7680K->496K(8192K)] 19771K->12587K(26112K), 0.0004890 secs] [Times: user=0.00 sys=0.00, real=0.00 secs] 
234.508: Total time for which application threads were stopped: 0.0006020 seconds, Stopping threads took: 0.0000580 seconds
234.545: Application time: 0.0367840 seconds
234.545: [GC [PSYoungGen: 7664K->464K(8192K)] 19755K->12555K(26112K), 0.0004140 secs] [Times: user=0.00 sys=0.00, real=0.00 secs] 
234.546: Total time for which application threads were stopped: 0.0005160 seconds, Stopping threads took: 0.0000450 seconds
234.582: Application time: 0.0367080 seconds
234.582: [GC [PSYoungGen: 7632K->496K(8192K)] 19723K->12587K(26112K), 0.0004250 secs] [Times: user=0.00 sys=0.00, real=0.00 secs] 
234.583: Total time for which application threads were stopped: 0.0005410 seconds, Stopping threads took: 0.0000610 seconds
234.620: Application time: 0.0367850 seconds
234.620: [GC [PSYoungGen: 7664K->496K(8192K)] 19755K->12587K(26112K), 0.0004200 secs] [Times: user=0.01 sys=0.00, real=0.00 secs] 
234.620: Total time for which application threads were stopped: 0.0005310 seconds, Stopping threads took: 0.0000550 seconds
234.657: Application time: 0.0371950 seconds
234.657: [GC [PSYoungGen: 7664K->496K(8192K)] 19755K->12635K(26112K), 0.0004160 secs] [Times: user=0.00 sys=0.00, real=0.00 secs] 
234.658: Total time for which application threads were stopped: 0.0005140 seconds, Stopping threads took: 0.0000380 seconds
234.694: Application time: 0.0362540 seconds
234.694: [GC [PSYoungGen: 7664K->416K(8192K)] 19803K->12555K(26112K), 0.0004630 secs] [Times: user=0.00 sys=0.00, real=0.00 secs] 
234.695: Total time for which application threads were stopped: 0.0005860 seconds, Stopping threads took: 0.0000550 seconds
234.732: Application time: 0.0373410 seconds
234.732: [GC [PSYoungGen: 7584K->512K(8192K)] 19723K->12651K(26112K), 0.0004940 secs] [Times: user=0.00 sys=0.00, real=0.00 secs] 
234.733: Total time for which application threads were stopped: 0.0006230 seconds, Stopping threads took: 0.0000590 seconds
234.770: Application time: 0.0368740 seconds
234.770: [GC [PSYoungGen: 7680K->464K(8192K)] 19819K->12603K(26112K), 0.0004530 secs] [Times: user=0.00 sys=0.00, real=0.00 secs] 
234.770: Total time for which application threads were stopped: 0.0005750 seconds, Stopping threads took: 0.0000590 seconds
234.807: Application time: 0.0366120 seconds
234.807: [GC [PSYoungGen: 7632K->448K(8192K)] 19771K->12587K(26112K), 0.0004480 secs] [Times: user=0.00 sys=0.00, real=0.00 secs] 
234.807: Total time for which application threads were stopped: 0.0005590 seconds, Stopping threads took: 0.0000550 seconds
234.844: Application time: 0.0365740 seconds
234.844: [GC [PSYoungGen: 7616K->464K(8192K)] 19755K->12603K(26112K), 0.0004250 secs] [Times: user=0.00 sys=0.00, real=0.00 secs] 
234.844: Total time for which application threads were stopped: 0.0005320 seconds, Stopping threads took: 0.0000490 seconds
234.882: Application time: 0.0377560 seconds
234.882: [GC [PSYoungGen: 7632K->416K(8192K)] 19771K->12679K(26112K), 0.0004380 secs] [Times: user=0.00 sys=0.00, real=0.00 secs] 
234.883: Total time for which application threads were stopped: 0.0005600 seconds, Stopping threads took: 0.0000630 seconds
234.920: Application time: 0.0368190 seconds
234.920: [GC [PSYoungGen: 7584K->400K(8192K)] 19847K->12663K(26112K), 0.0003910 secs] [Times: user=0.00 sys=0.00, real=0.00 secs] 
234.920: Total time for which application threads were stopped: 0.0005040 seconds, Stopping threads took: 0.0000550 seconds
234.957: Application time: 0.0365420 seconds
234.957: [GC [PSYoungGen: 7568K->400K(8192K)] 19831K->12663K(26112K), 0.0004080 secs] [Times: user=0.00 sys=0.00, real=0.00 secs] 
234.957: Total time for which application threads were stopped: 0.0005190 seconds, Stopping threads took: 0.0000520 seconds
234.994: Application time: 0.0367160 seconds
234.994: [GC [PSYoungGen: 7568K->320K(8192K)] 19831K->12663K(26112K), 0.0004020 secs] [Times: user=0.00 sys=0.00, real=0.00 secs] 
234.994: Total time for which application threads were stopped: 0.0005090 seconds, Stopping threads took: 0.0000490 seconds
235.032: Application time: 0.0373170 seconds
235.032: [GC [PSYoungGen: 7487K->320K(8192K)] 19831K->12743K(26112K), 0.0004510 secs] [Times: user=0.00 sys=0.00, real=0.00 secs] 
235.032: Total time for which application threads were stopped: 0.0005610 seconds, Stopping threads took: 0.0000460 seconds
235.068: Application time: 0.0358790 seconds
235.068: [GC [PSYoungGen: 7488K->320K(8192K)] 19911K->12743K(26112K), 0.0003890 secs] [Times: user=0.00 sys=0.00, real=0.00 secs] 
235.069: Total time for which application threads were stopped: 0.0004920 seconds, Stopping threads took: 0.0000440 seconds
235.105: Application time: 0.0366800 seconds
235.105: [GC [PSYoungGen: 7488K->384K(8192K)] 19911K->12807K(26112K), 0.0003850 secs] [Times: user=0.00 sys=0.00, real=0.00 secs] 
235.106: Total time for which application threads were stopped: 0.0004920 seconds, Stopping threads took: 0.0000530 seconds
235.142: Application time: 0.0367100 seconds
235.143: [GC [PSYoungGen: 7552K->400K(8192K)] 19975K->12823K(26112K), 0.0003980 secs] [Times: user=0.00 sys=0.00, real=0.00 secs] 
235.143: Total time for which application threads were stopped: 0.0005120 seconds, Stopping threads took: 0.0000550 seconds
235.178: Application time: 0.0352970 seconds
235.178: [GC [PSYoungGen: 7568K->480K(8192K)] 19991K->12903K(26112K), 0.0004110 secs] [Times: user=0.00 sys=0.00, real=0.00 secs] 
235.179: Total time for which application threads were stopped: 0.0005240 seconds, Stopping threads took: 0.0000550 seconds
235.215: Application time: 0.0364260 seconds
235.215: [GC [PSYoungGen: 7648K->480K(8192K)] 20071K->12903K(26112K), 0.0004530 secs] [Times: user=0.00 sys=0.00, real=0.00 secs] 
235.216: Total time for which application threads were stopped: 0.0005750 seconds, Stopping threads took: 0.0000510 seconds
235.253: Application time: 0.0367120 seconds
235.253: [GC [PSYoungGen: 7648K->480K(8192K)] 20071K->12903K(26112K), 0.0004300 secs] [Times: user=0.00 sys=0.00, real=0.00 secs] 
235.253: Total time for which application threads were stopped: 0.0005560 seconds, Stopping threads took: 0.0000650 seconds
235.290: Application time: 0.0367000 seconds
235.290: [GC [PSYoungGen: 7648K->480K(8192K)] 20071K->12903K(26112K), 0.0004180 secs] [Times: user=0.01 sys=0.00, real=0.00 secs] 
235.290: Total time for which application threads were stopped: 0.0005230 seconds, Stopping threads took: 0.0000460 seconds
235.327: Application time: 0.0370490 seconds
235.327: [GC [PSYoungGen: 7648K->480K(8192K)] 20071K->12903K(26112K), 0.0004260 secs] [Times: user=0.00 sys=0.00, real=0.00 secs] 
235.328: Total time for which application threads were stopped: 0.0005420 seconds, Stopping threads took: 0.0000560 seconds
235.365: Application time: 0.0367690 seconds
235.365: [GC [PSYoungGen: 7648K->528K(8192K)] 20071K->12951K(26112K), 0.0004700 secs] [Times: user=0.01 sys=0.00, real=0.00 secs] 
235.365: Total time for which application threads were stopped: 0.0005780 seconds, Stopping threads took: 0.0000490 seconds
235.402: Application time: 0.0364270 seconds
235.402: [GC [PSYoungGen: 7696K->480K(8192K)] 20119K->12943K(26112K), 0.0004000 secs] [Times: user=0.00 sys=0.00, real=0.00 secs] 
235.402: Total time for which application threads were stopped: 0.0005040 seconds, Stopping threads took: 0.0000490 seconds
235.439: Application time: 0.0369750 seconds
235.441: [GC [PSYoungGen: 7648K->448K(8192K)] 20111K->12911K(26112K), 0.0004260 secs] [Times: user=0.00 sys=0.00, real=0.00 secs] 
235.441: Total time for which application threads were stopped: 0.0020250 seconds, Stopping threads took: 0.0015400 seconds
235.478: Application time: 0.0371080 seconds
235.478: [GC [PSYoungGen: 7616K->464K(8192K)] 20079K->12927K(26112K), 0.0004700 secs] [Times: user=0.00 sys=0.00, real=0.00 secs] 
235.479: Total time for which application threads were stopped: 0.0006020 seconds, Stopping threads took: 0.0000740 seconds
235.516: Application time: 0.0367670 seconds
235.516: [GC [PSYoungGen: 7632K->432K(8192K)] 20095K->12895K(26112K), 0.0004160 secs] [Times: user=0.00 sys=0.00, real=0.00 secs] 
235.516: Total time for which application threads were stopped: 0.0005260 seconds, Stopping threads took: 0.0000520 seconds
235.553: Application time: 0.0364840 seconds
235.553: [GC [PSYoungGen: 7600K->496K(8192K)] 20063K->12959K(26112K), 0.0004700 secs] [Times: user=0.00 sys=0.00, real=0.00 secs] 
235.553: Total time for which application threads were stopped: 0.0005870 seconds, Stopping threads took: 0.0000550 seconds
235.590: Application time: 0.0367360 seconds
235.590: [GC [PSYoungGen: 7664K->464K(8192K)] 20127K->12983K(26112K), 0.0004280 secs] [Times: user=0.00 sys=0.00, real=0.00 secs] 
235.591: Total time for which application threads were stopped: 0.0005270 seconds, Stopping threads took: 0.0000400 seconds
235.627: Application time: 0.0368360 seconds
235.627: [GC [PSYoungGen: 7632K->400K(8192K)] 20151K->12999K(26112K), 0.0004330 secs] [Times: user=0.00 sys=0.00, real=0.00 secs] 
235.628: Total time for which application threads were stopped: 0.0005450 seconds, Stopping threads took: 0.0000490 seconds
235.665: Application time: 0.0373880 seconds
235.665: [GC [PSYoungGen: 7568K->400K(8192K)] 20167K->12999K(26112K), 0.0003920 secs] [Times: user=0.00 sys=0.00, real=0.00 secs] 
235.666: Total time for which application threads were stopped: 0.0005000 seconds, Stopping threads took: 0.0000490 seconds
235.703: Application time: 0.0367350 seconds
235.703: [GC [PSYoungGen: 7568K->368K(8192K)] 20167K->12967K(26112K), 0.0004370 secs] [Times: user=0.00 sys=0.00, real=0.00 secs] 
235.703: Total time for which application threads were stopped: 0.0005670 seconds, Stopping threads took: 0.0000670 seconds
235.740: Application time: 0.0367770 seconds
235.740: [GC [PSYoungGen: 7536K->288K(8192K)] 20135K->13003K(26112K), 0.0004740 secs] [Times: user=0.00 sys=0.00, real=0.00 secs] 
235.741: Total time for which application threads were stopped: 0.0006080 seconds, Stopping threads took: 0.0000580 seconds
235.777: Application time: 0.0360420 seconds
235.777: [GC [PSYoungGen: 7456K->336K(8192K)] 20171K->13107K(26112K), 0.0004390 secs] [Times: user=0.00 sys=0.00, real=0.01 secs] 
235.777: Total time for which application threads were stopped: 0.0005440 seconds, Stopping threads took: 0.0000410 seconds
235.813: Application time: 0.0360420 seconds
235.813: [GC [PSYoungGen: 7504K->352K(8192K)] 20275K->13123K(26112K), 0.0003980 secs] [Times: user=0.00 sys=0.00, real=0.00 secs] 
235.814: Total time for which application threads were stopped: 0.0005030 seconds, Stopping threads took: 0.0000430 seconds
235.853: Application time: 0.0390820 seconds
235.853: [GC [PSYoungGen: 7520K->368K(8192K)] 20291K->13139K(26112K), 0.0004100 secs] [Times: user=0.01 sys=0.00, real=0.00 secs] 
235.853: Total time for which application threads were stopped: 0.0005320 seconds, Stopping threads took: 0.0000580 seconds
235.894: Application time: 0.0403370 seconds
235.897: [GC [PSYoungGen: 7536K->352K(8192K)] 20307K->13123K(26112K), 0.0004290 secs] [Times: user=0.00 sys=0.00, real=0.00 secs] 
235.897: Total time for which application threads were stopped: 0.0036180 seconds, Stopping threads took: 0.0031280 seconds
235.936: Application time: 0.0387400 seconds
235.936: [GC [PSYoungGen: 7520K->480K(8192K)] 20291K->13251K(26112K), 0.0004340 secs] [Times: user=0.01 sys=0.00, real=0.00 secs] 
235.937: Total time for which application threads were stopped: 0.0005560 seconds, Stopping threads took: 0.0000620 seconds
235.976: Application time: 0.0397150 seconds
235.976: [GC [PSYoungGen: 7648K->496K(8192K)] 20419K->13267K(26112K), 0.0004620 secs] [Times: user=0.01 sys=0.00, real=0.01 secs] 
235.977: Total time for which application threads were stopped: 0.0005730 seconds, Stopping threads took: 0.0000500 seconds
236.017: Application time: 0.0405370 seconds
236.017: [GC [PSYoungGen: 7664K->512K(8192K)] 20435K->13283K(26112K), 0.0004520 secs] [Times: user=0.00 sys=0.00, real=0.00 secs] 
236.018: Total time for which application threads were stopped: 0.0005660 seconds, Stopping threads took: 0.0000500 seconds
236.059: Application time: 0.0406420 seconds
236.059: [GC [PSYoungGen: 7680K->496K(8192K)] 20451K->13267K(26112K), 0.0004900 secs] [Times: user=0.00 sys=0.00, real=0.00 secs] 
236.059: Total time for which application threads were stopped: 0.0006010 seconds, Stopping threads took: 0.0000490 seconds
236.100: Application time: 0.0406080 seconds
236.100: [GC [PSYoungGen: 7664K->480K(8192K)] 20435K->13251K(26112K), 0.0005020 secs] [Times: user=0.00 sys=0.00, real=0.00 secs] 
236.100: Total time for which application threads were stopped: 0.0006220 seconds, Stopping threads took: 0.0000570 seconds
236.141: Application time: 0.0405460 seconds
236.141: [GC [PSYoungGen: 7648K->464K(8192K)] 20419K->13283K(26112K), 0.0004510 secs] [Times: user=0.00 sys=0.00, real=0.00 secs] 
236.142: Total time for which application threads were stopped: 0.0005680 seconds, Stopping threads took: 0.0000570 seconds
236.182: Application time: 0.0403370 seconds
236.182: [GC [PSYoungGen: 7632K->464K(8192K)] 20451K->13283K(26112K), 0.0004370 secs] [Times: user=0.00 sys=0.00, real=0.00 secs] 
236.182: Total time for which application threads were stopped: 0.0005600 seconds, Stopping threads took: 0.0000630 seconds
236.223: Application time: 0.0404570 seconds
236.223: [GC [PSYoungGen: 7632K->448K(8192K)] 20451K->13267K(26112K), 0.0004520 secs] [Times: user=0.00 sys=0.00, real=0.00 secs] 
236.223: Total time for which application threads were stopped: 0.0005690 seconds, Stopping threads took: 0.0000550 seconds
236.264: Application time: 0.0403520 seconds
236.264: [GC [PSYoungGen: 7616K->464K(8192K)] 20435K->13283K(26112K), 0.0004860 secs] [Times: user=0.00 sys=0.00, real=0.00 secs] 
236.264: Total time for which application threads were stopped: 0.0006120 seconds, Stopping threads took: 0.0000590 seconds
236.305: Application time: 0.0406140 seconds
236.305: [GC [PSYoungGen: 7632K->448K(8192K)] 20451K->13267K(26112K), 0.0004560 secs] [Times: user=0.01 sys=0.00, real=0.00 secs] 
236.306: Total time for which application threads were stopped: 0.0005730 seconds, Stopping threads took: 0.0000540 seconds
236.345: Application time: 0.0395240 seconds
236.345: [GC [PSYoungGen: 7616K->512K(8192K)] 20435K->13331K(26112K), 0.0004550 secs] [Times: user=0.00 sys=0.00, real=0.00 secs] 
236.347: Total time for which application threads were stopped: 0.0016740 seconds, Stopping threads took: 0.0000760 seconds
236.388: Application time: 0.0415360 seconds
236.388: [GC [PSYoungGen: 7680K->448K(8192K)] 20499K->13355K(26112K), 0.0005150 secs] [Times: user=0.00 sys=0.00, real=0.01 secs] 
236.389: Total time for which application threads were stopped: 0.0006510 seconds, Stopping threads took: 0.0000670 seconds
236.429: Application time: 0.0404910 seconds
236.430: [GC [PSYoungGen: 7616K->384K(8192K)] 20523K->13347K(26112K), 0.0004410 secs] [Times: user=0.00 sys=0.00, real=0.00 secs] 
236.430: Total time for which application threads were stopped: 0.0005890 seconds, Stopping threads took: 0.0000850 seconds
236.470: Application time: 0.0403760 seconds
236.471: [GC [PSYoungGen: 7552K->384K(8192K)] 20515K->13347K(26112K), 0.0004150 secs] [Times: user=0.00 sys=0.00, real=0.00 secs] 
236.471: Total time for which application threads were stopped: 0.0005290 seconds, Stopping threads took: 0.0000540 seconds
236.513: Application time: 0.0417830 seconds
236.514: [GC [PSYoungGen: 7552K->400K(8192K)] 20515K->13363K(26112K), 0.0005140 secs] [Times: user=0.00 sys=0.00, real=0.00 secs] 
236.514: Total time for which application threads were stopped: 0.0015870 seconds, Stopping threads took: 0.0009920 seconds
236.555: Application time: 0.0404900 seconds
236.555: [GC [PSYoungGen: 7568K->288K(8192K)] 20531K->13363K(26112K), 0.0004450 secs] [Times: user=0.00 sys=0.00, real=0.00 secs] 
236.555: Total time for which application threads were stopped: 0.0005780 seconds, Stopping threads took: 0.0000670 seconds
236.595: Application time: 0.0393240 seconds
236.595: [GC [PSYoungGen: 7456K->304K(8192K)] 20531K->13427K(26112K), 0.0004120 secs] [Times: user=0.01 sys=0.00, real=0.00 secs] 
236.595: Total time for which application threads were stopped: 0.0005270 seconds, Stopping threads took: 0.0000510 seconds
236.635: Application time: 0.0400440 seconds
236.635: [GC [PSYoungGen: 7472K->384K(8192K)] 20595K->13507K(26112K), 0.0004060 secs] [Times: user=0.00 sys=0.00, real=0.00 secs] 
236.636: Total time for which application threads were stopped: 0.0005240 seconds, Stopping threads took: 0.0000580 seconds
236.676: Application time: 0.0404500 seconds
236.676: [GC [PSYoungGen: 7552K->352K(8192K)] 20675K->13475K(26112K), 0.0004890 secs] [Times: user=0.00 sys=0.00, real=0.01 secs] 
236.677: Total time for which application threads were stopped: 0.0006040 seconds, Stopping threads took: 0.0000520 seconds
236.718: Application time: 0.0412140 seconds
236.718: [GC [PSYoungGen: 7520K->384K(8192K)] 20643K->13507K(26112K), 0.0005040 secs] [Times: user=0.00 sys=0.00, real=0.00 secs] 
236.719: Total time for which application threads were stopped: 0.0006390 seconds, Stopping threads took: 0.0000650 seconds
236.757: Application time: 0.0386630 seconds
236.758: [GC [PSYoungGen: 7552K->464K(8192K)] 20675K->13587K(26112K), 0.0004310 secs] [Times: user=0.00 sys=0.00, real=0.00 secs] 
236.758: Total time for which application threads were stopped: 0.0005480 seconds, Stopping threads took: 0.0000570 seconds
236.797: Application time: 0.0394140 seconds
236.797: [GC [PSYoungGen: 7632K->496K(8192K)] 20755K->13619K(26112K), 0.0004510 secs] [Times: user=0.00 sys=0.00, real=0.00 secs] 
236.798: Total time for which application threads were stopped: 0.0005840 seconds, Stopping threads took: 0.0000620 seconds
236.838: Application time: 0.0403710 seconds
236.838: [GC [PSYoungGen: 7664K->512K(8192K)] 20787K->13635K(26112K), 0.0004590 secs] [Times: user=0.00 sys=0.00, real=0.00 secs] 
236.839: Total time for which application threads were stopped: 0.0005810 seconds, Stopping threads took: 0.0000600 seconds
236.879: Application time: 0.0404680 seconds
236.879: [GC [PSYoungGen: 7680K->512K(8192K)] 20803K->13635K(26112K), 0.0004300 secs] [Times: user=0.00 sys=0.00, real=0.00 secs] 
236.880: Total time for which application threads were stopped: 0.0005500 seconds, Stopping threads took: 0.0000590 seconds
236.921: Application time: 0.0411210 seconds
236.921: [GC [PSYoungGen: 7680K->512K(8192K)] 20803K->13635K(26112K), 0.0004540 secs] [Times: user=0.00 sys=0.00, real=0.00 secs] 
236.922: Total time for which application threads were stopped: 0.0005620 seconds, Stopping threads took: 0.0000480 seconds
236.962: Application time: 0.0405900 seconds
236.962: [GC [PSYoungGen: 7680K->480K(8192K)] 20803K->13659K(26112K), 0.0004440 secs] [Times: user=0.01 sys=0.00, real=0.00 secs] 
236.963: Total time for which application threads were stopped: 0.0005680 seconds, Stopping threads took: 0.0000590 seconds
237.003: Application time: 0.0400020 seconds
237.003: [GC [PSYoungGen: 7648K->448K(8192K)] 20827K->13627K(26112K), 0.0004330 secs] [Times: user=0.00 sys=0.00, real=0.00 secs] 
237.003: Total time for which application threads were stopped: 0.0005570 seconds, Stopping threads took: 0.0000640 seconds
237.044: Application time: 0.0406520 seconds
237.044: [GC [PSYoungGen: 7616K->480K(8192K)] 20795K->13659K(26112K), 0.0004320 secs] [Times: user=0.00 sys=0.00, real=0.00 secs] 
237.045: Total time for which application threads were stopped: 0.0005470 seconds, Stopping threads took: 0.0000550 seconds
237.085: Application time: 0.0404970 seconds
237.085: [GC [PSYoungGen: 7648K->496K(8192K)] 20827K->13675K(26112K), 0.0004920 secs] [Times: user=0.01 sys=0.00, real=0.00 secs] 
237.086: Total time for which application threads were stopped: 0.0005980 seconds, Stopping threads took: 0.0000450 seconds
237.126: Application time: 0.0404080 seconds
237.126: [GC [PSYoungGen: 7664K->496K(8192K)] 20843K->13675K(26112K), 0.0004460 secs] [Times: user=0.00 sys=0.00, real=0.00 secs] 
237.127: Total time for which application threads were stopped: 0.0005580 seconds, Stopping threads took: 0.0000480 seconds
237.166: Application time: 0.0393040 seconds
237.166: [GC [PSYoungGen: 7664K->480K(8192K)] 20843K->13659K(26112K), 0.0005160 secs] [Times: user=0.00 sys=0.00, real=0.00 secs] 
237.167: Total time for which application threads were stopped: 0.0006320 seconds, Stopping threads took: 0.0000570 seconds
237.207: Application time: 0.0403490 seconds
237.209: [GC [PSYoungGen: 7648K->416K(8192K)] 20827K->13691K(26112K), 0.0004530 secs] [Times: user=0.00 sys=0.00, real=0.00 secs] 
237.209: Total time for which application threads were stopped: 0.0023150 seconds, Stopping threads took: 0.0018010 seconds
237.250: Application time: 0.0408650 seconds
237.250: [GC [PSYoungGen: 7584K->400K(8192K)] 20859K->13723K(26112K), 0.0004540 secs] [Times: user=0.00 sys=0.00, real=0.00 secs] 
237.251: Total time for which application threads were stopped: 0.0005870 seconds, Stopping threads took: 0.0000750 seconds
237.291: Application time: 0.0406790 seconds
237.291: [GC [PSYoungGen: 7568K->384K(8192K)] 20891K->13707K(26112K), 0.0004340 secs] [Times: user=0.00 sys=0.00, real=0.00 secs] 
237.292: Total time for which application threads were stopped: 0.0005370 seconds, Stopping threads took: 0.0000490 seconds
237.332: Application time: 0.0403610 seconds
237.332: [GC [PSYoungGen: 7552K->400K(8192K)] 20875K->13724K(26112K), 0.0004060 secs] [Times: user=0.00 sys=0.00, real=0.00 secs] 
237.333: Total time for which application threads were stopped: 0.0005330 seconds, Stopping threads took: 0.0000570 seconds
237.374: Application time: 0.0408800 seconds
237.374: [GC [PSYoungGen: 7568K->288K(8192K)] 20892K->13732K(26112K), 0.0004070 secs] [Times: user=0.00 sys=0.00, real=0.00 secs] 
237.374: Total time for which application threads were stopped: 0.0005270 seconds, Stopping threads took: 0.0000550 seconds
237.413: Application time: 0.0386150 seconds
237.413: [GC [PSYoungGen: 7456K->368K(8192K)] 20900K->13868K(26112K), 0.0004290 secs] [Times: user=0.00 sys=0.00, real=0.00 secs] 
237.413: Total time for which application threads were stopped: 0.0005690 seconds, Stopping threads took: 0.0000770 seconds
237.454: Application time: 0.0404430 seconds
237.457: [GC [PSYoungGen: 7536K->352K(8192K)] 21036K->13852K(26112K), 0.0004400 secs] [Times: user=0.00 sys=0.00, real=0.00 secs] 
237.457: Total time for which application threads were stopped: 0.0033960 seconds, Stopping threads took: 0.0028940 seconds
237.498: Application time: 0.0404000 seconds
237.498: [GC [PSYoungGen: 7520K->368K(8192K)] 21020K->13868K(26112K), 0.0004370 secs] [Times: user=0.00 sys=0.00, real=0.00 secs] 
237.498: Total time for which application threads were stopped: 0.0005650 seconds, Stopping threads took: 0.0000690 seconds
237.538: Application time: 0.0398630 seconds
237.538: [GC [PSYoungGen: 7536K->416K(8192K)] 21036K->13916K(26112K), 0.0004260 secs] [Times: user=0.01 sys=0.00, real=0.00 secs] 
237.539: Total time for which application threads were stopped: 0.0005440 seconds, Stopping threads took: 0.0000580 seconds
237.578: Application time: 0.0393480 seconds
237.578: [GC [PSYoungGen: 7584K->448K(8192K)] 21084K->13948K(26112K), 0.0004400 secs] [Times: user=0.00 sys=0.00, real=0.00 secs] 
237.579: Total time for which application threads were stopped: 0.0005600 seconds, Stopping threads took: 0.0000590 seconds
237.618: Application time: 0.0397770 seconds
237.618: [GC [PSYoungGen: 7616K->528K(8192K)] 21116K->14028K(26112K), 0.0004940 secs] [Times: user=0.00 sys=0.00, real=0.00 secs] 
237.619: Total time for which application threads were stopped: 0.0005980 seconds, Stopping threads took: 0.0000420 seconds
237.659: Application time: 0.0403650 seconds
237.659: [GC [PSYoungGen: 7696K->528K(8192K)] 21196K->14028K(26112K), 0.0004470 secs] [Times: user=0.00 sys=0.00, real=0.00 secs] 
237.660: Total time for which application threads were stopped: 0.0005710 seconds, Stopping threads took: 0.0000590 seconds
237.700: Application time: 0.0405200 seconds
237.700: [GC [PSYoungGen: 7696K->512K(8192K)] 21196K->14012K(26112K), 0.0004400 secs] [Times: user=0.00 sys=0.00, real=0.00 secs] 
237.701: Total time for which application threads were stopped: 0.0005490 seconds, Stopping threads took: 0.0000470 seconds
237.742: Application time: 0.0406410 seconds
237.742: [GC [PSYoungGen: 7680K->512K(8192K)] 21180K->14012K(26112K), 0.0004790 secs] [Times: user=0.01 sys=0.00, real=0.00 secs] 
237.742: Total time for which application threads were stopped: 0.0006120 seconds, Stopping threads took: 0.0000640 seconds
237.782: Application time: 0.0403040 seconds
237.783: [GC [PSYoungGen: 7680K->448K(8192K)] 21180K->13996K(26112K), 0.0004770 secs] [Times: user=0.00 sys=0.00, real=0.00 secs] 
237.783: Total time for which application threads were stopped: 0.0005940 seconds, Stopping threads took: 0.0000570 seconds
237.823: Application time: 0.0404100 seconds
237.824: [GC [PSYoungGen: 7616K->448K(8192K)] 21164K->13996K(26112K), 0.0004440 secs] [Times: user=0.00 sys=0.00, real=0.00 secs] 
237.824: Total time for which application threads were stopped: 0.0005560 seconds, Stopping threads took: 0.0000520 seconds
237.864: Application time: 0.0403730 seconds
237.865: [GC [PSYoungGen: 7616K->464K(8192K)] 21164K->14012K(26112K), 0.0004870 secs] [Times: user=0.00 sys=0.00, real=0.00 secs] 
237.865: Total time for which application threads were stopped: 0.0006150 seconds, Stopping threads took: 0.0000570 seconds
237.907: Application time: 0.0418370 seconds
237.907: [GC [PSYoungGen: 7632K->464K(8192K)] 21180K->14012K(26112K), 0.0005120 secs] [Times: user=0.01 sys=0.00, real=0.00 secs] 
237.907: Total time for which application threads were stopped: 0.0006350 seconds, Stopping threads took: 0.0000580 seconds
237.948: Application time: 0.0402870 seconds
237.948: [GC [PSYoungGen: 7632K->448K(8192K)] 21180K->13996K(26112K), 0.0004480 secs] [Times: user=0.00 sys=0.00, real=0.00 secs] 
237.948: Total time for which application threads were stopped: 0.0005780 seconds, Stopping threads took: 0.0000670 seconds
237.988: Application time: 0.0398660 seconds
237.988: [GC [PSYoungGen: 7616K->512K(8192K)] 21164K->14060K(26112K), 0.0004910 secs] [Times: user=0.00 sys=0.00, real=0.01 secs] 
237.989: Total time for which application threads were stopped: 0.0006120 seconds, Stopping threads took: 0.0000590 seconds
238.030: Application time: 0.0415010 seconds
238.030: [GC [PSYoungGen: 7679K->368K(8192K)] 21228K->14036K(26112K), 0.0004670 secs] [Times: user=0.01 sys=0.00, real=0.00 secs] 
238.031: Total time for which application threads were stopped: 0.0005960 seconds, Stopping threads took: 0.0000640 seconds
238.072: Application time: 0.0408710 seconds
238.072: [GC [PSYoungGen: 7536K->400K(8192K)] 21204K->14068K(26112K), 0.0004230 secs] [Times: user=0.00 sys=0.00, real=0.00 secs] 
238.072: Total time for which application threads were stopped: 0.0005230 seconds, Stopping threads took: 0.0000430 seconds
238.113: Application time: 0.0403330 seconds
238.113: [GC [PSYoungGen: 7568K->416K(8192K)] 21236K->14084K(26112K), 0.0004470 secs] [Times: user=0.00 sys=0.00, real=0.00 secs] 
238.113: Total time for which application threads were stopped: 0.0005620 seconds, Stopping threads took: 0.0000570 seconds
238.154: Application time: 0.0404020 seconds
238.154: [GC [PSYoungGen: 7584K->400K(8192K)] 21252K->14116K(26112K), 0.0004170 secs] [Times: user=0.00 sys=0.00, real=0.00 secs] 
238.154: Total time for which application threads were stopped: 0.0005230 seconds, Stopping threads took: 0.0000480 seconds
238.194: Application time: 0.0395030 seconds
238.194: [GC [PSYoungGen: 7568K->336K(8192K)] 21284K->14140K(26112K), 0.0004140 secs] [Times: user=0.00 sys=0.00, real=0.00 secs] 
238.194: Total time for which application threads were stopped: 0.0005250 seconds, Stopping threads took: 0.0000550 seconds
238.234: Application time: 0.0398300 seconds
238.234: [GC [PSYoungGen: 7504K->320K(8192K)] 21308K->14172K(26112K), 0.0004270 secs] [Times: user=0.00 sys=0.00, real=0.00 secs] 
238.235: Total time for which application threads were stopped: 0.0005270 seconds, Stopping threads took: 0.0000400 seconds
238.275: Application time: 0.0404000 seconds
238.275: [GC [PSYoungGen: 7488K->336K(8192K)] 21340K->14188K(26112K), 0.0004530 secs] [Times: user=0.00 sys=0.00, real=0.00 secs] 
238.276: Total time for which application threads were stopped: 0.0005580 seconds, Stopping threads took: 0.0000420 seconds
238.316: Application time: 0.0404640 seconds
238.316: [GC [PSYoungGen: 7504K->336K(8192K)] 21356K->14188K(26112K), 0.0005300 secs] [Times: user=0.00 sys=0.00, real=0.00 secs] 
238.317: Total time for which application threads were stopped: 0.0006300 seconds, Stopping threads took: 0.0000430 seconds
238.356: Application time: 0.0398770 seconds
238.357: [GC [PSYoungGen: 7504K->400K(8192K)] 21356K->14252K(26112K), 0.0004330 secs] [Times: user=0.00 sys=0.00, real=0.01 secs] 
238.357: Total time for which application threads were stopped: 0.0005620 seconds, Stopping threads took: 0.0000610 seconds
238.396: Application time: 0.0393090 seconds
238.396: [GC [PSYoungGen: 7568K->496K(8192K)] 21420K->14348K(26112K), 0.0004880 secs] [Times: user=0.00 sys=0.00, real=0.01 secs] 
238.397: Total time for which application threads were stopped: 0.0006000 seconds, Stopping threads took: 0.0000390 seconds
238.437: Application time: 0.0403400 seconds
238.437: [GC [PSYoungGen: 7664K->512K(8192K)] 21516K->14364K(26112K), 0.0004510 secs] [Times: user=0.00 sys=0.00, real=0.00 secs] 
238.438: Total time for which application threads were stopped: 0.0005660 seconds, Stopping threads took: 0.0000570 seconds
238.478: Application time: 0.0404940 seconds
238.478: [GC [PSYoungGen: 7680K->528K(8192K)] 21532K->14380K(26112K), 0.0004700 secs] [Times: user=0.00 sys=0.00, real=0.00 secs] 
238.479: Total time for which application threads were stopped: 0.0005910 seconds, Stopping threads took: 0.0000550 seconds
238.519: Application time: 0.0404600 seconds
238.520: [GC [PSYoungGen: 7696K->496K(8192K)] 21548K->14348K(26112K), 0.0004830 secs] [Times: user=0.01 sys=0.00, real=0.00 secs] 
238.520: Total time for which application threads were stopped: 0.0005980 seconds, Stopping threads took: 0.0000510 seconds
238.560: Application time: 0.0403890 seconds
238.561: [GC [PSYoungGen: 7664K->496K(8192K)] 21516K->14348K(26112K), 0.0004570 secs] [Times: user=0.00 sys=0.00, real=0.00 secs] 
238.561: Total time for which application threads were stopped: 0.0005740 seconds, Stopping threads took: 0.0000570 seconds
238.602: Application time: 0.0405800 seconds
238.602: [GC [PSYoungGen: 7664K->480K(8192K)] 21516K->14388K(26112K), 0.0004640 secs] [Times: user=0.00 sys=0.00, real=0.00 secs] 
238.602: Total time for which application threads were stopped: 0.0005800 seconds, Stopping threads took: 0.0000520 seconds
238.642: Application time: 0.0400430 seconds
238.642: [GC [PSYoungGen: 7648K->464K(8192K)] 21556K->14372K(26112K), 0.0005210 secs] [Times: user=0.00 sys=0.00, real=0.00 secs] 
238.643: Total time for which application threads were stopped: 0.0006410 seconds, Stopping threads took: 0.0000590 seconds
238.683: Application time: 0.0404560 seconds
238.683: [GC [PSYoungGen: 7632K->464K(8192K)] 21540K->14372K(26112K), 0.0004490 secs] [Times: user=0.00 sys=0.00, real=0.00 secs] 
238.684: Total time for which application threads were stopped: 0.0005840 seconds, Stopping threads took: 0.0000730 seconds
238.725: Application time: 0.0411850 seconds
238.725: [GC [PSYoungGen: 7632K->480K(8192K)] 21540K->14388K(26112K), 0.0005030 secs] [Times: user=0.00 sys=0.00, real=0.00 secs] 
238.726: Total time for which application threads were stopped: 0.0006300 seconds, Stopping threads took: 0.0000560 seconds
238.766: Application time: 0.0403440 seconds
238.766: [GC [PSYoungGen: 7648K->496K(8192K)] 21556K->14404K(26112K), 0.0004380 secs] [Times: user=0.00 sys=0.00, real=0.00 secs] 
238.767: Total time for which application threads were stopped: 0.0005500 seconds, Stopping threads took: 0.0000500 seconds
238.806: Application time: 0.0395580 seconds
238.806: [GC [PSYoungGen: 7664K->496K(8192K)] 21572K->14460K(26112K), 0.0004490 secs] [Times: user=0.00 sys=0.00, real=0.00 secs] 
238.807: Total time for which application threads were stopped: 0.0005690 seconds, Stopping threads took: 0.0000600 seconds
238.848: Application time: 0.0408590 seconds
238.848: [GC [PSYoungGen: 7664K->416K(8192K)] 21628K->14468K(26112K), 0.0004360 secs] [Times: user=0.00 sys=0.00, real=0.00 secs] 
238.848: Total time for which application threads were stopped: 0.0005560 seconds, Stopping threads took: 0.0000590 seconds
238.889: Application time: 0.0406380 seconds
238.889: [GC [PSYoungGen: 7584K->400K(8192K)] 21636K->14452K(26112K), 0.0004090 secs] [Times: user=0.01 sys=0.00, real=0.00 secs] 
238.889: Total time for which application threads were stopped: 0.0005340 seconds, Stopping threads took: 0.0000640 seconds
238.930: Application time: 0.0403940 seconds
238.930: [GC [PSYoungGen: 7568K->384K(8192K)] 21620K->14436K(26112K), 0.0004100 secs] [Times: user=0.00 sys=0.00, real=0.00 secs] 
238.930: Total time for which application threads were stopped: 0.0005270 seconds, Stopping threads took: 0.0000500 seconds
238.971: Application time: 0.0402990 seconds
238.971: [GC [PSYoungGen: 7552K->336K(8192K)] 21604K->14484K(26112K), 0.0004590 secs] [Times: user=0.00 sys=0.00, real=0.00 secs] 
238.971: Total time for which application threads were stopped: 0.0005900 seconds, Stopping threads took: 0.0000690 seconds
239.011: Application time: 0.0394860 seconds
239.011: [GC [PSYoungGen: 7504K->352K(8192K)] 21652K->14580K(26112K), 0.0004140 secs] [Times: user=0.01 sys=0.00, real=0.00 secs] 
239.011: Total time for which application threads were stopped: 0.0005320 seconds, Stopping threads took: 0.0000590 seconds
239.051: Application time: 0.0397630 seconds
239.051: [GC [PSYoungGen: 7520K->368K(8192K)] 21748K->14596K(26112K), 0.0004130 secs] [Times: user=0.01 sys=0.00, real=0.00 secs] 
239.051: Total time for which application threads were stopped: 0.0005400 seconds, Stopping threads took: 0.0000580 seconds
239.092: Application time: 0.0405220 seconds
239.092: [GC [PSYoungGen: 7536K->416K(8192K)] 21764K->14644K(26112K), 0.0004500 secs] [Times: user=0.00 sys=0.00, real=0.00 secs] 
239.093: Total time for which application threads were stopped: 0.0005640 seconds, Stopping threads took: 0.0000570 seconds
239.133: Application time: 0.0405950 seconds
239.133: [GC [PSYoungGen: 7584K->336K(8192K)] 21812K->14564K(26112K), 0.0004880 secs] [Times: user=0.00 sys=0.00, real=0.00 secs] 
239.134: Total time for which application threads were stopped: 0.0006090 seconds, Stopping threads took: 0.0000590 seconds
239.173: Application time: 0.0387800 seconds
239.173: [GC [PSYoungGen: 7504K->448K(8192K)] 21732K->14676K(26112K), 0.0004550 secs] [Times: user=0.00 sys=0.01, real=0.00 secs] 
239.173: Total time for which application threads were stopped: 0.0005780 seconds, Stopping threads took: 0.0000610 seconds
239.213: Application time: 0.0398970 seconds
239.213: [GC [PSYoungGen: 7616K->496K(8192K)] 21844K->14724K(26112K), 0.0004540 secs] [Times: user=0.00 sys=0.00, real=0.00 secs] 
239.214: Total time for which application threads were stopped: 0.0005700 seconds, Stopping threads took: 0.0000500 seconds
239.254: Application time: 0.0404190 seconds
239.254: [GC [PSYoungGen: 7664K->512K(8192K)] 21892K->14740K(26112K), 0.0004430 secs] [Times: user=0.00 sys=0.00, real=0.00 secs] 
239.255: Total time for which application threads were stopped: 0.0005500 seconds, Stopping threads took: 0.0000480 seconds
239.295: Application time: 0.0408100 seconds
239.295: [GC [PSYoungGen: 7680K->480K(8192K)] 21908K->14708K(26112K), 0.0005080 secs] [Times: user=0.00 sys=0.00, real=0.00 secs] 
239.296: Total time for which application threads were stopped: 0.0006430 seconds, Stopping threads took: 0.0000730 seconds
239.336: Application time: 0.0404120 seconds
239.337: [GC [PSYoungGen: 7648K->480K(8192K)] 21876K->14708K(26112K), 0.0004400 secs] [Times: user=0.00 sys=0.00, real=0.01 secs] 
239.337: Total time for which application threads were stopped: 0.0005560 seconds, Stopping threads took: 0.0000570 seconds
239.377: Application time: 0.0404020 seconds
239.377: [GC [PSYoungGen: 7648K->480K(8192K)] 21876K->14708K(26112K), 0.0004360 secs] [Times: user=0.00 sys=0.00, real=0.00 secs] 
239.378: Total time for which application threads were stopped: 0.0005500 seconds, Stopping threads took: 0.0000520 seconds
239.420: Application time: 0.0420570 seconds
239.420: [GC [PSYoungGen: 7648K->464K(8192K)] 21876K->14748K(26112K), 0.0004570 secs] [Times: user=0.00 sys=0.00, real=0.00 secs] 
239.421: Total time for which application threads were stopped: 0.0005840 seconds, Stopping threads took: 0.0000620 seconds
239.461: Application time: 0.0402880 seconds
239.461: [GC [PSYoungGen: 7632K->480K(8192K)] 21916K->14764K(26112K), 0.0004800 secs] [Times: user=0.00 sys=0.00, real=0.00 secs] 
239.461: Total time for which application threads were stopped: 0.0006030 seconds, Stopping threads took: 0.0000520 seconds
239.502: Application time: 0.0403930 seconds
239.502: [GC [PSYoungGen: 7648K->464K(8192K)] 21932K->14748K(26112K), 0.0004960 secs] [Times: user=0.00 sys=0.00, real=0.00 secs] 
239.502: Total time for which application threads were stopped: 0.0006010 seconds, Stopping threads took: 0.0000490 seconds
239.544: Application time: 0.0415610 seconds
239.544: [GC [PSYoungGen: 7632K->464K(8192K)] 21916K->14748K(26112K), 0.0005090 secs] [Times: user=0.00 sys=0.00, real=0.00 secs] 
239.545: Total time for which application threads were stopped: 0.0006390 seconds, Stopping threads took: 0.0000600 seconds
239.585: Application time: 0.0404200 seconds
239.585: [GC [PSYoungGen: 7632K->448K(8192K)] 21916K->14732K(26112K), 0.0004370 secs] [Times: user=0.00 sys=0.00, real=0.00 secs] 
239.586: Total time for which application threads were stopped: 0.0005580 seconds, Stopping threads took: 0.0000590 seconds
239.625: Application time: 0.0397190 seconds
239.625: [GC [PSYoungGen: 7616K->400K(8192K)] 21900K->14764K(26112K), 0.0004440 secs] [Times: user=0.00 sys=0.00, real=0.00 secs] 
239.626: Total time for which application threads were stopped: 0.0005420 seconds, Stopping threads took: 0.0000380 seconds
239.666: Application time: 0.0404320 seconds
239.666: [GC [PSYoungGen: 7568K->384K(8192K)] 21932K->14796K(26112K), 0.0004410 secs] [Times: user=0.00 sys=0.00, real=0.00 secs] 
239.667: Total time for which application threads were stopped: 0.0005540 seconds, Stopping threads took: 0.0000540 seconds
239.708: Application time: 0.0408620 seconds
239.708: [GC [PSYoungGen: 7552K->432K(8192K)] 21964K->14844K(26112K), 0.0005260 secs] [Times: user=0.00 sys=0.00, real=0.00 secs] 
239.708: Total time for which application threads were stopped: 0.0006490 seconds, Stopping threads took: 0.0000510 seconds
239.749: Application time: 0.0403060 seconds
239.749: [GC [PSYoungGen: 7600K->384K(8192K)] 22012K->14796K(26112K), 0.0004390 secs] [Times: user=0.01 sys=0.00, real=0.00 secs] 
239.749: Total time for which application threads were stopped: 0.0005570 seconds, Stopping threads took: 0.0000580 seconds
239.790: Application time: 0.0405640 seconds
239.790: [GC [PSYoungGen: 7552K->288K(8192K)] 21964K->14812K(26112K), 0.0004640 secs] [Times: user=0.00 sys=0.00, real=0.00 secs] 
239.790: Total time for which application threads were stopped: 0.0005790 seconds, Stopping threads took: 0.0000570 seconds
239.829: Application time: 0.0388060 seconds
239.829: [GC [PSYoungGen: 7456K->336K(8192K)] 21980K->14916K(26112K), 0.0004800 secs] [Times: user=0.00 sys=0.00, real=0.00 secs] 
239.830: Total time for which application threads were stopped: 0.0005940 seconds, Stopping threads took: 0.0000560 seconds
239.867: Application time: 0.0367300 seconds
239.867: [GC [PSYoungGen: 7504K->352K(8192K)] 22084K->14932K(26112K), 0.0005000 secs] [Times: user=0.01 sys=0.00, real=0.00 secs] 
239.867: Total time for which application threads were stopped: 0.0006040 seconds, Stopping threads took: 0.0000510 seconds
239.904: Application time: 0.0367550 seconds
239.904: [GC [PSYoungGen: 7520K->384K(8192K)] 22100K->14964K(26112K), 0.0004230 secs] [Times: user=0.00 sys=0.00, real=0.00 secs] 
239.904: Total time for which application threads were stopped: 0.0005190 seconds, Stopping threads took: 0.0000380 seconds
239.941: Application time: 0.0364240 seconds
239.941: [GC [PSYoungGen: 7552K->368K(8192K)] 22132K->14948K(26112K), 0.0004720 secs] [Times: user=0.00 sys=0.00, real=0.00 secs] 
239.941: Total time for which application threads were stopped: 0.0005850 seconds, Stopping threads took: 0.0000560 seconds
239.977: Application time: 0.0356600 seconds
239.977: [GC [PSYoungGen: 7536K->448K(8192K)] 22116K->15028K(26112K), 0.0004180 secs] [Times: user=0.00 sys=0.00, real=0.00 secs] 
239.978: Total time for which application threads were stopped: 0.0005440 seconds, Stopping threads took: 0.0000560 seconds
240.014: Application time: 0.0363090 seconds
240.014: [GC [PSYoungGen: 7616K->496K(8192K)] 22196K->15076K(26112K), 0.0004410 secs] [Times: user=0.00 sys=0.00, real=0.00 secs] 
240.015: Total time for which application threads were stopped: 0.0005580 seconds, Stopping threads took: 0.0000580 seconds
240.051: Application time: 0.0368320 seconds
240.051: [GC [PSYoungGen: 7664K->496K(8192K)] 22244K->15076K(26112K), 0.0004350 secs] [Times: user=0.00 sys=0.00, real=0.00 secs] 
240.052: Total time for which application threads were stopped: 0.0005500 seconds, Stopping threads took: 0.0000550 seconds
240.089: Application time: 0.0368120 seconds
240.089: [GC [PSYoungGen: 7664K->512K(8192K)] 22244K->15092K(26112K), 0.0004740 secs] [Times: user=0.01 sys=0.00, real=0.00 secs] 
240.089: Total time for which application threads were stopped: 0.0005860 seconds, Stopping threads took: 0.0000540 seconds
240.126: Application time: 0.0367690 seconds
240.126: [GC [PSYoungGen: 7680K->528K(8192K)] 22260K->15108K(26112K), 0.0004270 secs] [Times: user=0.00 sys=0.00, real=0.00 secs] 
240.127: Total time for which application threads were stopped: 0.0005430 seconds, Stopping threads took: 0.0000490 seconds
240.164: Application time: 0.0369240 seconds
240.164: [GC [PSYoungGen: 7696K->496K(8192K)] 22276K->15076K(26112K), 0.0004540 secs] [Times: user=0.00 sys=0.00, real=0.00 secs] 
240.164: Total time for which application threads were stopped: 0.0005590 seconds, Stopping threads took: 0.0000460 seconds
240.201: Application time: 0.0363790 seconds
240.201: [GC [PSYoungGen: 7664K->496K(8192K)] 22244K->15124K(26112K), 0.0004610 secs] [Times: user=0.00 sys=0.00, real=0.00 secs] 
240.201: Total time for which application threads were stopped: 0.0005760 seconds, Stopping threads took: 0.0000560 seconds
240.238: Application time: 0.0368260 seconds
240.238: [GC [PSYoungGen: 7664K->448K(8192K)] 22292K->15076K(26112K), 0.0004150 secs] [Times: user=0.00 sys=0.00, real=0.00 secs] 
240.238: Total time for which application threads were stopped: 0.0005270 seconds, Stopping threads took: 0.0000540 seconds
240.275: Application time: 0.0368850 seconds
240.275: [GC [PSYoungGen: 7616K->432K(8192K)] 22244K->15060K(26112K), 0.0004210 secs] [Times: user=0.00 sys=0.00, real=0.00 secs] 
240.276: Total time for which application threads were stopped: 0.0005330 seconds, Stopping threads took: 0.0000560 seconds
240.313: Application time: 0.0366530 seconds
240.313: [GC [PSYoungGen: 7600K->448K(8192K)] 22228K->15076K(26112K), 0.0004080 secs] [Times: user=0.00 sys=0.00, real=0.00 secs] 
240.313: Total time for which application threads were stopped: 0.0005210 seconds, Stopping threads took: 0.0000540 seconds
240.350: Application time: 0.0365790 seconds
240.350: [GC [PSYoungGen: 7616K->464K(8192K)] 22244K->15092K(26112K), 0.0004060 secs] [Times: user=0.00 sys=0.00, real=0.00 secs] 
240.350: Total time for which application threads were stopped: 0.0005290 seconds, Stopping threads took: 0.0000660 seconds
240.386: Application time: 0.0361530 seconds
240.386: [GC [PSYoungGen: 7632K->384K(8192K)] 22260K->15144K(26112K), 0.0004740 secs] [Times: user=0.00 sys=0.00, real=0.00 secs] 
240.387: Total time for which application threads were stopped: 0.0005740 seconds, Stopping threads took: 0.0000400 seconds
240.424: Application time: 0.0367590 seconds
240.424: [GC [PSYoungGen: 7551K->384K(8192K)] 22312K->15145K(26112K), 0.0004330 secs] [Times: user=0.00 sys=0.00, real=0.00 secs] 
240.424: Total time for which application threads were stopped: 0.0005410 seconds, Stopping threads took: 0.0000480 seconds
240.461: Application time: 0.0367460 seconds
240.461: [GC [PSYoungGen: 7552K->400K(8192K)] 22313K->15161K(26112K), 0.0003930 secs] [Times: user=0.00 sys=0.00, real=0.00 secs] 
240.461: Total time for which application threads were stopped: 0.0005020 seconds, Stopping threads took: 0.0000550 seconds
240.498: Application time: 0.0367010 seconds
240.498: [GC [PSYoungGen: 7568K->352K(8192K)] 22329K->15161K(26112K), 0.0004980 secs] [Times: user=0.00 sys=0.00, real=0.00 secs] 
240.499: Total time for which application threads were stopped: 0.0006030 seconds, Stopping threads took: 0.0000420 seconds
240.535: Application time: 0.0367140 seconds
240.536: [GC [PSYoungGen: 7520K->320K(8192K)] 22329K->15209K(26112K), 0.0004000 secs] [Times: user=0.00 sys=0.00, real=0.00 secs] 
240.536: Total time for which application threads were stopped: 0.0005020 seconds, Stopping threads took: 0.0000430 seconds
240.571: Application time: 0.0353230 seconds
240.571: [GC [PSYoungGen: 7488K->416K(8192K)] 22377K->15345K(26112K), 0.0004720 secs] [Times: user=0.00 sys=0.00, real=0.00 secs] 
240.572: Total time for which application threads were stopped: 0.0005740 seconds, Stopping threads took: 0.0000430 seconds
240.609: Application time: 0.0367840 seconds
240.609: [GC [PSYoungGen: 7584K->368K(8192K)] 22513K->15297K(26112K), 0.0003960 secs] [Times: user=0.00 sys=0.00, real=0.00 secs] 
240.609: Total time for which application threads were stopped: 0.0005130 seconds, Stopping threads took: 0.0000590 seconds
240.646: Application time: 0.0370390 seconds
240.646: [GC [PSYoungGen: 7536K->368K(8192K)] 22465K->15297K(26112K), 0.0003910 secs] [Times: user=0.00 sys=0.00, real=0.00 secs] 
240.647: Total time for which application threads were stopped: 0.0005110 seconds, Stopping threads took: 0.0000540 seconds
240.682: Application time: 0.0358000 seconds
240.683: [GC [PSYoungGen: 7536K->384K(8192K)] 22465K->15313K(26112K), 0.0004180 secs] [Times: user=0.00 sys=0.00, real=0.00 secs] 
240.683: Total time for which application threads were stopped: 0.0005360 seconds, Stopping threads took: 0.0000560 seconds
240.721: Application time: 0.0375530 seconds
240.721: [GC [PSYoungGen: 7552K->416K(8192K)] 22481K->15345K(26112K), 0.0004820 secs] [Times: user=0.00 sys=0.00, real=0.00 secs] 
240.721: Total time for which application threads were stopped: 0.0006100 seconds, Stopping threads took: 0.0000510 seconds
240.757: Application time: 0.0360860 seconds
240.757: [GC [PSYoungGen: 7584K->496K(8192K)] 22513K->15425K(26112K), 0.0004420 secs] [Times: user=0.01 sys=0.00, real=0.00 secs] 
240.758: Total time for which application threads were stopped: 0.0005750 seconds, Stopping threads took: 0.0000710 seconds
240.795: Application time: 0.0367270 seconds
240.795: [GC [PSYoungGen: 7664K->496K(8192K)] 22593K->15425K(26112K), 0.0004620 secs] [Times: user=0.00 sys=0.00, real=0.00 secs] 
240.795: Total time for which application threads were stopped: 0.0005540 seconds, Stopping threads took: 0.0000390 seconds
240.832: Application time: 0.0371350 seconds
240.832: [GC [PSYoungGen: 7664K->496K(8192K)] 22593K->15425K(26112K), 0.0004630 secs] [Times: user=0.00 sys=0.00, real=0.00 secs] 
240.833: Total time for which application threads were stopped: 0.0005750 seconds, Stopping threads took: 0.0000540 seconds
240.870: Application time: 0.0367650 seconds
240.870: [GC [PSYoungGen: 7664K->528K(8192K)] 22593K->15457K(26112K), 0.0004880 secs] [Times: user=0.00 sys=0.00, real=0.00 secs] 
240.870: Total time for which application threads were stopped: 0.0005990 seconds, Stopping threads took: 0.0000480 seconds
240.908: Application time: 0.0376250 seconds
240.908: [GC [PSYoungGen: 7696K->512K(8192K)] 22625K->15441K(26112K), 0.0005000 secs] [Times: user=0.01 sys=0.00, real=0.00 secs] 
240.908: Total time for which application threads were stopped: 0.0006250 seconds, Stopping threads took: 0.0000640 seconds
240.945: Application time: 0.0366160 seconds
240.945: [GC [PSYoungGen: 7680K->480K(8192K)] 22609K->15465K(26112K), 0.0004190 secs] [Times: user=0.00 sys=0.00, real=0.00 secs] 
240.946: Total time for which application threads were stopped: 0.0005520 seconds, Stopping threads took: 0.0000750 seconds
240.982: Application time: 0.0367730 seconds
240.983: [GC [PSYoungGen: 7648K->464K(8192K)] 22633K->15449K(26112K), 0.0004170 secs] [Times: user=0.01 sys=0.00, real=0.00 secs] 
240.983: Total time for which application threads were stopped: 0.0005150 seconds, Stopping threads took: 0.0000380 seconds
241.020: Application time: 0.0367230 seconds
241.020: [GC [PSYoungGen: 7632K->480K(8192K)] 22617K->15465K(26112K), 0.0004660 secs] [Times: user=0.00 sys=0.00, real=0.00 secs] 
241.020: Total time for which application threads were stopped: 0.0005770 seconds, Stopping threads took: 0.0000420 seconds
241.058: Application time: 0.0374160 seconds
241.058: [GC [PSYoungGen: 7648K->496K(8192K)] 22633K->15481K(26112K), 0.0005750 secs] [Times: user=0.00 sys=0.00, real=0.00 secs] 
241.058: Total time for which application threads were stopped: 0.0006980 seconds, Stopping threads took: 0.0000550 seconds
241.095: Application time: 0.0369060 seconds
241.095: [GC [PSYoungGen: 7664K->464K(8192K)] 22649K->15449K(26112K), 0.0004250 secs] [Times: user=0.00 sys=0.00, real=0.00 secs] 
241.096: Total time for which application threads were stopped: 0.0005300 seconds, Stopping threads took: 0.0000410 seconds
241.132: Application time: 0.0362010 seconds
241.132: [GC [PSYoungGen: 7632K->368K(8192K)] 22617K->15477K(26112K), 0.0004400 secs] [Times: user=0.00 sys=0.00, real=0.00 secs] 
241.133: Total time for which application threads were stopped: 0.0005630 seconds, Stopping threads took: 0.0000590 seconds
241.169: Application time: 0.0367700 seconds
241.169: [GC [PSYoungGen: 7536K->368K(8192K)] 22645K->15477K(26112K), 0.0004440 secs] [Times: user=0.00 sys=0.00, real=0.00 secs] 
241.170: Total time for which application threads were stopped: 0.0005600 seconds, Stopping threads took: 0.0000560 seconds
241.207: Application time: 0.0371010 seconds
241.207: [GC [PSYoungGen: 7536K->384K(8192K)] 22645K->15493K(26112K), 0.0003950 secs] [Times: user=0.00 sys=0.00, real=0.00 secs] 
241.208: Total time for which application threads were stopped: 0.0005010 seconds, Stopping threads took: 0.0000440 seconds
241.245: Application time: 0.0370650 seconds
241.245: [GC [PSYoungGen: 7552K->304K(8192K)] 22661K->15489K(26112K), 0.0004550 secs] [Times: user=0.00 sys=0.00, real=0.00 secs] 
241.245: Total time for which application threads were stopped: 0.0005640 seconds, Stopping threads took: 0.0000490 seconds
241.282: Application time: 0.0367910 seconds
241.282: [GC [PSYoungGen: 7472K->320K(8192K)] 22657K->15561K(26112K), 0.0004340 secs] [Times: user=0.00 sys=0.00, real=0.00 secs] 
241.282: Total time for which application threads were stopped: 0.0005460 seconds, Stopping threads took: 0.0000510 seconds
241.317: Application time: 0.0349160 seconds
241.317: [GC [PSYoungGen: 7488K->352K(8192K)] 22729K->15625K(26112K), 0.0004090 secs] [Times: user=0.00 sys=0.00, real=0.00 secs] 
241.318: Total time for which application threads were stopped: 0.0005220 seconds, Stopping threads took: 0.0000530 seconds
241.355: Application time: 0.0371720 seconds
241.355: [GC [PSYoungGen: 7520K->384K(8192K)] 22793K->15657K(26112K), 0.0004210 secs] [Times: user=0.00 sys=0.00, real=0.00 secs] 
241.357: Total time for which application threads were stopped: 0.0015730 seconds, Stopping threads took: 0.0000560 seconds
241.393: Application time: 0.0368340 seconds
241.394: [GC [PSYoungGen: 7552K->352K(8192K)] 22825K->15625K(26112K), 0.0004540 secs] [Times: user=0.00 sys=0.00, real=0.00 secs] 
241.394: Total time for which application threads were stopped: 0.0005490 seconds, Stopping threads took: 0.0000370 seconds
241.429: Application time: 0.0354490 seconds
241.430: [GC [PSYoungGen: 7520K->432K(8192K)] 22793K->15705K(26112K), 0.0004170 secs] [Times: user=0.00 sys=0.00, real=0.00 secs] 
241.430: Total time for which application threads were stopped: 0.0005640 seconds, Stopping threads took: 0.0000860 seconds
241.467: Application time: 0.0366190 seconds
241.467: [GC [PSYoungGen: 7600K->448K(8192K)] 22873K->15721K(26112K), 0.0004270 secs] [Times: user=0.00 sys=0.00, real=0.00 secs] 
241.467: Total time for which application threads were stopped: 0.0005260 seconds, Stopping threads took: 0.0000400 seconds
241.503: Application time: 0.0362460 seconds
241.504: [GC [PSYoungGen: 7616K->512K(8192K)] 22889K->15785K(26112K), 0.0004530 secs] [Times: user=0.00 sys=0.00, real=0.00 secs] 
241.504: Total time for which application threads were stopped: 0.0005700 seconds, Stopping threads took: 0.0000600 seconds
241.541: Application time: 0.0366630 seconds
241.541: [GC [PSYoungGen: 7680K->512K(8192K)] 22953K->15785K(26112K), 0.0004120 secs] [Times: user=0.01 sys=0.00, real=0.00 secs] 
241.541: Total time for which application threads were stopped: 0.0005330 seconds, Stopping threads took: 0.0000540 seconds
241.578: Application time: 0.0368700 seconds
241.578: [GC [PSYoungGen: 7680K->544K(8192K)] 22953K->15817K(26112K), 0.0004170 secs] [Times: user=0.00 sys=0.00, real=0.00 secs] 
241.579: Total time for which application threads were stopped: 0.0005270 seconds, Stopping threads took: 0.0000550 seconds
241.616: Application time: 0.0369260 seconds
241.616: [GC [PSYoungGen: 7712K->512K(8192K)] 22985K->15785K(26112K), 0.0004260 secs] [Times: user=0.00 sys=0.00, real=0.00 secs] 
241.616: Total time for which application threads were stopped: 0.0005370 seconds, Stopping threads took: 0.0000510 seconds
241.653: Application time: 0.0367310 seconds
241.653: [GC [PSYoungGen: 7680K->512K(8192K)] 22953K->15785K(26112K), 0.0004400 secs] [Times: user=0.01 sys=0.00, real=0.00 secs] 
241.653: Total time for which application threads were stopped: 0.0005540 seconds, Stopping threads took: 0.0000510 seconds
241.690: Application time: 0.0366590 seconds
241.690: [GC [PSYoungGen: 7680K->512K(8192K)] 22953K->15841K(26112K), 0.0004240 secs] [Times: user=0.00 sys=0.00, real=0.00 secs] 
241.691: Total time for which application threads were stopped: 0.0005380 seconds, Stopping threads took: 0.0000540 seconds
241.728: Application time: 0.0369690 seconds
241.728: [GC [PSYoungGen: 7680K->480K(8192K)] 23009K->15809K(26112K), 0.0004510 secs] [Times: user=0.01 sys=0.00, real=0.00 secs] 
241.728: Total time for which application threads were stopped: 0.0005730 seconds, Stopping threads took: 0.0000470 seconds
241.765: Application time: 0.0367410 seconds
241.769: [GC [PSYoungGen: 7648K->464K(8192K)] 22977K->15793K(26112K), 0.0004320 secs] [Times: user=0.01 sys=0.00, real=0.00 secs] 
241.769: Total time for which application threads were stopped: 0.0043980 seconds, Stopping threads took: 0.0038990 seconds
241.806: Application time: 0.0367360 seconds
241.806: [GC [PSYoungGen: 7632K->464K(8192K)] 22961K->15793K(26112K), 0.0004300 secs] [Times: user=0.00 sys=0.00, real=0.00 secs] 
241.807: Total time for which application threads were stopped: 0.0005360 seconds, Stopping threads took: 0.0000440 seconds
241.843: Application time: 0.0367080 seconds
241.843: [GC [PSYoungGen: 7632K->432K(8192K)] 22961K->15761K(26112K), 0.0004300 secs] [Times: user=0.00 sys=0.00, real=0.00 secs] 
241.844: Total time for which application threads were stopped: 0.0005370 seconds, Stopping threads took: 0.0000440 seconds
241.880: Application time: 0.0361730 seconds
241.880: [GC [PSYoungGen: 7600K->400K(8192K)] 22929K->15849K(26112K), 0.0004170 secs] [Times: user=0.00 sys=0.00, real=0.00 secs] 
241.880: Total time for which application threads were stopped: 0.0005350 seconds, Stopping threads took: 0.0000580 seconds
241.917: Application time: 0.0367290 seconds
241.917: [GC [PSYoungGen: 7568K->416K(8192K)] 23017K->15865K(26112K), 0.0003940 secs] [Times: user=0.00 sys=0.00, real=0.00 secs] 
241.918: Total time for which application threads were stopped: 0.0005080 seconds, Stopping threads took: 0.0000550 seconds
241.955: Application time: 0.0370960 seconds
241.955: [GC [PSYoungGen: 7584K->368K(8192K)] 23033K->15817K(26112K), 0.0004000 secs] [Times: user=0.00 sys=0.00, real=0.00 secs] 
241.955: Total time for which application threads were stopped: 0.0005170 seconds, Stopping threads took: 0.0000570 seconds
241.992: Application time: 0.0367780 seconds
241.992: [GC [PSYoungGen: 7536K->336K(8192K)] 22985K->15881K(26112K), 0.0003910 secs] [Times: user=0.00 sys=0.00, real=0.00 secs] 
241.993: Total time for which application threads were stopped: 0.0005020 seconds, Stopping threads took: 0.0000540 seconds
242.029: Application time: 0.0359840 seconds
242.029: [GC [PSYoungGen: 7504K->352K(8192K)] 23049K->15953K(26112K), 0.0004370 secs] [Times: user=0.00 sys=0.00, real=0.00 secs] 
242.029: Total time for which application threads were stopped: 0.0005570 seconds, Stopping threads took: 0.0000620 seconds
242.065: Application time: 0.0361360 seconds
242.065: [GC [PSYoungGen: 7520K->368K(8192K)] 23121K->16025K(26112K), 0.0004300 secs] [Times: user=0.00 sys=0.00, real=0.00 secs] 
242.066: Total time for which application threads were stopped: 0.0005540 seconds, Stopping threads took: 0.0000520 seconds
242.103: Application time: 0.0368170 seconds
242.103: [GC [PSYoungGen: 7536K->336K(8192K)] 23193K->15993K(26112K), 0.0005140 secs] [Times: user=0.01 sys=0.00, real=0.00 secs] 
242.103: Total time for which application threads were stopped: 0.0006110 seconds, Stopping threads took: 0.0000360 seconds
242.140: Application time: 0.0364970 seconds
242.140: [GC [PSYoungGen: 7504K->384K(8192K)] 23161K->16041K(26112K), 0.0004510 secs] [Times: user=0.00 sys=0.00, real=0.00 secs] 
242.140: Total time for which application threads were stopped: 0.0005810 seconds, Stopping threads took: 0.0000660 seconds
242.176: Application time: 0.0354630 seconds
242.176: [GC [PSYoungGen: 7552K->448K(8192K)] 23209K->16105K(26112K), 0.0004730 secs] [Times: user=0.01 sys=0.00, real=0.00 secs] 
242.176: Total time for which application threads were stopped: 0.0005890 seconds, Stopping threads took: 0.0000520 seconds
242.213: Application time: 0.0365590 seconds
242.213: [GC [PSYoungGen: 7616K->464K(8192K)] 23273K->16121K(26112K), 0.0005380 secs] [Times: user=0.00 sys=0.00, real=0.00 secs] 
242.214: Total time for which application threads were stopped: 0.0006560 seconds, Stopping threads took: 0.0000540 seconds
242.250: Application time: 0.0367510 seconds
242.250: [GC [PSYoungGen: 7632K->528K(8192K)] 23289K->16185K(26112K), 0.0004240 secs] [Times: user=0.00 sys=0.00, real=0.00 secs] 
242.251: Total time for which application threads were stopped: 0.0005380 seconds, Stopping threads took: 0.0000510 seconds
242.288: Application time: 0.0368130 seconds
242.288: [GC [PSYoungGen: 7696K->464K(8192K)] 23353K->16121K(26112K), 0.0004250 secs] [Times: user=0.00 sys=0.00, real=0.00 secs] 
242.288: Total time for which application threads were stopped: 0.0005370 seconds, Stopping threads took: 0.0000490 seconds
242.325: Application time: 0.0367460 seconds
242.325: [GC [PSYoungGen: 7632K->464K(8192K)] 23289K->16121K(26112K), 0.0004150 secs] [Times: user=0.00 sys=0.00, real=0.00 secs] 
242.326: Total time for which application threads were stopped: 0.0005170 seconds, Stopping threads took: 0.0000430 seconds
242.362: Application time: 0.0367340 seconds
242.362: [GC [PSYoungGen: 7632K->544K(8192K)] 23289K->16201K(26112K), 0.0004190 secs] [Times: user=0.01 sys=0.00, real=0.00 secs] 
242.363: Total time for which application threads were stopped: 0.0005200 seconds, Stopping threads took: 0.0000420 seconds
242.399: Application time: 0.0366000 seconds
242.400: [GC [PSYoungGen: 7712K->512K(8192K)] 23369K->16169K(26112K), 0.0004230 secs] [Times: user=0.00 sys=0.00, real=0.00 secs] 
242.400: Total time for which application threads were stopped: 0.0005400 seconds, Stopping threads took: 0.0000540 seconds
242.438: Application time: 0.0379020 seconds
242.438: [GC [PSYoungGen: 7680K->464K(8192K)] 23337K->16161K(26112K), 0.0004430 secs] [Times: user=0.00 sys=0.00, real=0.00 secs] 
242.438: Total time for which application threads were stopped: 0.0005650 seconds, Stopping threads took: 0.0000560 seconds
242.475: Application time: 0.0367840 seconds
242.475: [GC [PSYoungGen: 7632K->432K(8192K)] 23329K->16129K(26112K), 0.0004970 secs] [Times: user=0.00 sys=0.00, real=0.00 secs] 
242.476: Total time for which application threads were stopped: 0.0006020 seconds, Stopping threads took: 0.0000460 seconds
242.512: Application time: 0.0366460 seconds
242.513: [GC [PSYoungGen: 7600K->416K(8192K)] 23297K->16113K(26112K), 0.0004670 secs] [Times: user=0.00 sys=0.00, real=0.00 secs] 
242.513: Total time for which application threads were stopped: 0.0005840 seconds, Stopping threads took: 0.0000540 seconds
242.550: Application time: 0.0368310 seconds
242.553: [GC [PSYoungGen: 7584K->480K(8192K)] 23281K->16177K(26112K), 0.0005050 secs] [Times: user=0.01 sys=0.00, real=0.00 secs] 
242.553: Total time for which application threads were stopped: 0.0034130 seconds, Stopping threads took: 0.0028320 seconds
242.590: Application time: 0.0365700 seconds
242.590: [GC [PSYoungGen: 7648K->448K(8192K)] 23345K->16201K(26112K), 0.0004790 secs] [Times: user=0.01 sys=0.00, real=0.00 secs] 
242.590: Total time for which application threads were stopped: 0.0006260 seconds, Stopping threads took: 0.0000620 seconds
242.627: Application time: 0.0367860 seconds
242.627: [GC [PSYoungGen: 7616K->416K(8192K)] 23369K->16265K(26112K), 0.0004270 secs] [Times: user=0.00 sys=0.00, real=0.00 secs] 
242.628: Total time for which application threads were stopped: 0.0005580 seconds, Stopping threads took: 0.0000710 seconds
242.665: Application time: 0.0367450 seconds
242.665: [GC [PSYoungGen: 7584K->400K(8192K)] 23433K->16249K(26112K), 0.0004020 secs] [Times: user=0.01 sys=0.00, real=0.00 secs] 
242.665: Total time for which application threads were stopped: 0.0005240 seconds, Stopping threads took: 0.0000560 seconds
242.702: Application time: 0.0367620 seconds
242.702: [GC [PSYoungGen: 7568K->384K(8192K)] 23417K->16289K(26112K), 0.0004350 secs] [Times: user=0.00 sys=0.00, real=0.00 secs] 
242.702: Total time for which application threads were stopped: 0.0005550 seconds, Stopping threads took: 0.0000550 seconds
242.740: Application time: 0.0372020 seconds
242.740: [GC [PSYoungGen: 7552K->288K(8192K)] 23457K->16273K(26112K), 0.0004480 secs] [Times: user=0.00 sys=0.00, real=0.00 secs] 
242.740: Total time for which application threads were stopped: 0.0005700 seconds, Stopping threads took: 0.0000490 seconds
242.777: Application time: 0.0364330 seconds
242.777: [GC [PSYoungGen: 7456K->288K(8192K)] 23441K->16337K(26112K), 0.0004110 secs] [Times: user=0.00 sys=0.00, real=0.00 secs] 
242.777: Total time for which application threads were stopped: 0.0005440 seconds, Stopping threads took: 0.0000650 seconds
242.813: Application time: 0.0356610 seconds
242.813: [GC [PSYoungGen: 7456K->352K(8192K)] 23505K->16401K(26112K), 0.0004660 secs] [Times: user=0.00 sys=0.00, real=0.00 secs] 
242.813: Total time for which application threads were stopped: 0.0005730 seconds, Stopping threads took: 0.0000400 seconds
242.850: Application time: 0.0365580 seconds
242.850: [GC [PSYoungGen: 7520K->352K(8192K)] 23569K->16401K(26112K), 0.0004310 secs] [Times: user=0.00 sys=0.00, real=0.00 secs] 
242.851: Total time for which application threads were stopped: 0.0005430 seconds, Stopping threads took: 0.0000470 seconds
242.887: Application time: 0.0364470 seconds
242.887: [GC [PSYoungGen: 7520K->368K(8192K)] 23569K->16417K(26112K), 0.0004110 secs] [Times: user=0.00 sys=0.00, real=0.00 secs] 
242.888: Total time for which application threads were stopped: 0.0005300 seconds, Stopping threads took: 0.0000550 seconds
242.923: Application time: 0.0357010 seconds
242.923: [GC [PSYoungGen: 7536K->432K(8192K)] 23585K->16481K(26112K), 0.0004720 secs] [Times: user=0.00 sys=0.00, real=0.00 secs] 
242.924: Total time for which application threads were stopped: 0.0006040 seconds, Stopping threads took: 0.0000670 seconds
242.960: Application time: 0.0361140 seconds
242.960: [GC [PSYoungGen: 7600K->496K(8192K)] 23649K->16545K(26112K), 0.0004230 secs] [Times: user=0.00 sys=0.00, real=0.00 secs] 
242.960: Total time for which application threads were stopped: 0.0005300 seconds, Stopping threads took: 0.0000480 seconds
242.997: Application time: 0.0367250 seconds
242.997: [GC [PSYoungGen: 7664K->496K(8192K)] 23713K->16545K(26112K), 0.0004230 secs] [Times: user=0.00 sys=0.00, real=0.00 secs] 
242.998: Total time for which application threads were stopped: 0.0005240 seconds, Stopping threads took: 0.0000450 seconds
243.035: Application time: 0.0369420 seconds
243.035: [GC [PSYoungGen: 7664K->480K(8192K)] 23713K->16529K(26112K), 0.0004770 secs] [Times: user=0.00 sys=0.00, real=0.00 secs] 
243.035: Total time for which application threads were stopped: 0.0006010 seconds, Stopping threads took: 0.0000650 seconds
243.072: Application time: 0.0367750 seconds
243.072: [GC [PSYoungGen: 7648K->480K(8192K)] 23697K->16529K(26112K), 0.0004940 secs] [Times: user=0.00 sys=0.00, real=0.00 secs] 
243.073: Total time for which application threads were stopped: 0.0006010 seconds, Stopping threads took: 0.0000490 seconds
243.109: Application time: 0.0367180 seconds
243.109: [GC [PSYoungGen: 7648K->496K(8192K)] 23697K->16545K(26112K), 0.0004600 secs] [Times: user=0.00 sys=0.00, real=0.00 secs] 
243.110: Total time for which application threads were stopped: 0.0005800 seconds, Stopping threads took: 0.0000500 seconds
243.147: Application time: 0.0366020 seconds
243.147: [GC [PSYoungGen: 7653K->448K(8192K)] 23702K->16545K(26112K), 0.0004540 secs] [Times: user=0.00 sys=0.00, real=0.00 secs] 
243.147: Total time for which application threads were stopped: 0.0005720 seconds, Stopping threads took: 0.0000560 seconds
243.184: Application time: 0.0367090 seconds
243.184: [GC [PSYoungGen: 7616K->480K(8192K)] 23713K->16577K(26112K), 0.0004770 secs] [Times: user=0.00 sys=0.00, real=0.00 secs] 
243.184: Total time for which application threads were stopped: 0.0005940 seconds, Stopping threads took: 0.0000510 seconds
243.221: Application time: 0.0367600 seconds
243.221: [GC [PSYoungGen: 7648K->448K(8192K)] 23745K->16545K(26112K), 0.0004240 secs] [Times: user=0.01 sys=0.00, real=0.00 secs] 
243.222: Total time for which application threads were stopped: 0.0005450 seconds, Stopping threads took: 0.0000630 seconds
243.258: Application time: 0.0366800 seconds
243.259: [GC [PSYoungGen: 7616K->464K(8192K)] 23713K->16561K(26112K), 0.0004090 secs] [Times: user=0.00 sys=0.00, real=0.00 secs] 
243.259: Total time for which application threads were stopped: 0.0005230 seconds, Stopping threads took: 0.0000560 seconds
243.296: Application time: 0.0366210 seconds
243.296: [GC [PSYoungGen: 7632K->464K(8192K)] 23729K->16561K(26112K), 0.0004190 secs] [Times: user=0.00 sys=0.00, real=0.00 secs] 
243.296: Total time for which application threads were stopped: 0.0005330 seconds, Stopping threads took: 0.0000540 seconds
243.332: Application time: 0.0359780 seconds
243.332: [GC [PSYoungGen: 7632K->432K(8192K)] 23729K->16585K(26112K), 0.0004270 secs] [Times: user=0.00 sys=0.00, real=0.00 secs] 
243.333: Total time for which application threads were stopped: 0.0005310 seconds, Stopping threads took: 0.0000430 seconds
243.370: Application time: 0.0369670 seconds
243.370: [GC [PSYoungGen: 7600K->384K(8192K)] 23753K->16618K(26112K), 0.0004020 secs] [Times: user=0.00 sys=0.00, real=0.00 secs] 
243.370: Total time for which application threads were stopped: 0.0005180 seconds, Stopping threads took: 0.0000540 seconds
243.407: Application time: 0.0369510 seconds
243.407: [GC [PSYoungGen: 7552K->416K(8192K)] 23786K->16650K(26112K), 0.0004450 secs] [Times: user=0.00 sys=0.00, real=0.00 secs] 
243.408: Total time for which application threads were stopped: 0.0005610 seconds, Stopping threads took: 0.0000550 seconds
243.444: Application time: 0.0367680 seconds
243.444: [GC [PSYoungGen: 7584K->384K(8192K)] 23818K->16658K(26112K), 0.0003980 secs] [Times: user=0.00 sys=0.00, real=0.00 secs] 
243.445: Total time for which application threads were stopped: 0.0005160 seconds, Stopping threads took: 0.0000560 seconds
243.482: Application time: 0.0367320 seconds
243.482: [GC [PSYoungGen: 7552K->320K(8192K)] 23826K->16674K(26112K), 0.0004080 secs] [Times: user=0.00 sys=0.00, real=0.00 secs] 
243.482: Total time for which application threads were stopped: 0.0005180 seconds, Stopping threads took: 0.0000500 seconds
243.518: Application time: 0.0356450 seconds
243.518: [GC [PSYoungGen: 7488K->304K(8192K)] 23842K->16714K(26112K), 0.0004180 secs] [Times: user=0.00 sys=0.00, real=0.00 secs] 
243.518: Total time for which application threads were stopped: 0.0005180 seconds, Stopping threads took: 0.0000380 seconds
243.555: Application time: 0.0363650 seconds
243.555: [GC [PSYoungGen: 7472K->352K(8192K)] 23882K->16762K(26112K), 0.0004420 secs] [Times: user=0.00 sys=0.00, real=0.00 secs] 
243.555: Total time for which application threads were stopped: 0.0005590 seconds, Stopping threads took: 0.0000530 seconds
243.592: Application time: 0.0368530 seconds
243.592: [GC [PSYoungGen: 7520K->352K(8192K)] 23930K->16762K(26112K), 0.0003780 secs] [Times: user=0.00 sys=0.00, real=0.00 secs] 
243.593: Total time for which application threads were stopped: 0.0004840 seconds, Stopping threads took: 0.0000490 seconds
243.628: Application time: 0.0355660 seconds
243.628: [GC [PSYoungGen: 7520K->400K(8192K)] 23930K->16810K(26112K), 0.0004420 secs] [Times: user=0.00 sys=0.00, real=0.01 secs] 
243.629: Total time for which application threads were stopped: 0.0005580 seconds, Stopping threads took: 0.0000440 seconds
243.665: Application time: 0.0364870 seconds
243.665: [GC [PSYoungGen: 7568K->480K(8192K)] 23978K->16890K(26112K), 0.0004580 secs] [Times: user=0.00 sys=0.00, real=0.00 secs] 
243.666: Total time for which application threads were stopped: 0.0005650 seconds, Stopping threads took: 0.0000460 seconds
243.702: Application time: 0.0364140 seconds
243.702: [GC [PSYoungGen: 7648K->496K(8192K)] 24058K->16906K(26112K), 0.0004450 secs] [Times: user=0.01 sys=0.00, real=0.00 secs] 
243.703: Total time for which application threads were stopped: 0.0005600 seconds, Stopping threads took: 0.0000530 seconds
243.740: Application time: 0.0369240 seconds
243.740: [GC [PSYoungGen: 7664K->496K(8192K)] 24074K->16906K(26112K), 0.0004950 secs] [Times: user=0.00 sys=0.00, real=0.00 secs] 
243.740: Total time for which application threads were stopped: 0.0006210 seconds, Stopping threads took: 0.0000530 seconds
243.777: Application time: 0.0367580 seconds
243.777: [GC [PSYoungGen: 7664K->496K(8192K)] 24074K->16906K(26112K), 0.0004670 secs] [Times: user=0.00 sys=0.00, real=0.00 secs] 
243.778: Total time for which application threads were stopped: 0.0005680 seconds, Stopping threads took: 0.0000370 seconds
243.814: Application time: 0.0365690 seconds
243.814: [GC [PSYoungGen: 7664K->512K(8192K)] 24074K->16922K(26112K), 0.0004660 secs] [Times: user=0.00 sys=0.00, real=0.00 secs] 
243.815: Total time for which application threads were stopped: 0.0005680 seconds, Stopping threads took: 0.0000400 seconds
243.852: Application time: 0.0368080 seconds
243.852: [GC [PSYoungGen: 7680K->496K(8192K)] 24090K->16906K(26112K), 0.0004170 secs] [Times: user=0.00 sys=0.00, real=0.00 secs] 
243.852: Total time for which application threads were stopped: 0.0005280 seconds, Stopping threads took: 0.0000530 seconds
243.889: Application time: 0.0366540 seconds
243.889: [GC [PSYoungGen: 7664K->464K(8192K)] 24074K->16930K(26112K), 0.0004100 secs] [Times: user=0.00 sys=0.00, real=0.00 secs] 
243.889: Total time for which application threads were stopped: 0.0005210 seconds, Stopping threads took: 0.0000530 seconds
243.927: Application time: 0.0377720 seconds
243.927: [GC [PSYoungGen: 7632K->464K(8192K)] 24098K->16930K(26112K), 0.0004730 secs] [Times: user=0.00 sys=0.00, real=0.00 secs] 
243.928: Total time for which application threads were stopped: 0.0006020 seconds, Stopping threads took: 0.0000620 seconds
243.964: Application time: 0.0366550 seconds
243.964: [GC [PSYoungGen: 7632K->496K(8192K)] 24098K->16962K(26112K), 0.0004270 secs] [Times: user=0.00 sys=0.00, real=0.00 secs] 
243.965: Total time for which application threads were stopped: 0.0005410 seconds, Stopping threads took: 0.0000540 seconds
244.002: Application time: 0.0366880 seconds
244.002: [GC [PSYoungGen: 7664K->480K(8192K)] 24130K->16946K(26112K), 0.0004330 secs] [Times: user=0.00 sys=0.00, real=0.00 secs] 
244.002: Total time for which application threads were stopped: 0.0005530 seconds, Stopping threads took: 0.0000550 seconds
244.039: Application time: 0.0365800 seconds
244.039: [GC [PSYoungGen: 7648K->480K(8192K)] 24114K->16946K(26112K), 0.0004150 secs] [Times: user=0.00 sys=0.00, real=0.00 secs] 
244.039: Total time for which application threads were stopped: 0.0005330 seconds, Stopping threads took: 0.0000550 seconds
244.076: Application time: 0.0372450 seconds
244.077: [GC [PSYoungGen: 7648K->448K(8192K)] 24114K->17010K(26112K), 0.0004590 secs] [Times: user=0.00 sys=0.00, real=0.01 secs] 
244.077: Total time for which application threads were stopped: 0.0005790 seconds, Stopping threads took: 0.0000510 seconds
244.114: Application time: 0.0368680 seconds
244.114: [GC [PSYoungGen: 7616K->368K(8192K)] 24178K->16970K(26112K), 0.0004250 secs] [Times: user=0.01 sys=0.00, real=0.00 secs] 
244.114: Total time for which application threads were stopped: 0.0005320 seconds, Stopping threads took: 0.0000430 seconds
244.151: Application time: 0.0370030 seconds
244.152: [GC [PSYoungGen: 7536K->400K(8192K)] 24138K->17002K(26112K), 0.0004120 secs] [Times: user=0.00 sys=0.00, real=0.00 secs] 
244.152: Total time for which application threads were stopped: 0.0005350 seconds, Stopping threads took: 0.0000570 seconds
244.189: Application time: 0.0368590 seconds
244.189: [GC [PSYoungGen: 7568K->336K(8192K)] 24170K->17018K(26112K), 0.0003970 secs] [Times: user=0.00 sys=0.00, real=0.00 secs] 
244.189: Total time for which application threads were stopped: 0.0005130 seconds, Stopping threads took: 0.0000540 seconds
244.226: Application time: 0.0362190 seconds
244.226: [GC [PSYoungGen: 7504K->336K(8192K)] 24186K->17074K(26112K), 0.0004020 secs] [Times: user=0.00 sys=0.00, real=0.00 secs] 
244.226: Total time for which application threads were stopped: 0.0005110 seconds, Stopping threads took: 0.0000460 seconds
244.262: Application time: 0.0359590 seconds
244.262: [GC [PSYoungGen: 7504K->352K(8192K)] 24242K->17130K(26112K), 0.0004090 secs] [Times: user=0.00 sys=0.00, real=0.00 secs] 
244.263: Total time for which application threads were stopped: 0.0005270 seconds, Stopping threads took: 0.0000560 seconds
244.300: Application time: 0.0372120 seconds
244.300: [GC [PSYoungGen: 7520K->336K(8192K)] 24298K->17114K(26112K), 0.0004330 secs] [Times: user=0.00 sys=0.00, real=0.00 secs] 
244.300: Total time for which application threads were stopped: 0.0005390 seconds, Stopping threads took: 0.0000460 seconds
244.337: Application time: 0.0366100 seconds
244.337: [GC [PSYoungGen: 7504K->416K(8192K)] 24282K->17194K(26112K), 0.0004650 secs] [Times: user=0.01 sys=0.00, real=0.00 secs] 
244.338: Total time for which application threads were stopped: 0.0005790 seconds, Stopping threads took: 0.0000540 seconds
244.373: Application time: 0.0356590 seconds
244.373: [GC [PSYoungGen: 7584K->416K(8192K)] 24362K->17194K(26112K), 0.0004750 secs] [Times: user=0.00 sys=0.00, real=0.00 secs] 
244.374: Total time for which application threads were stopped: 0.0005930 seconds, Stopping threads took: 0.0000530 seconds
244.410: Application time: 0.0358520 seconds
244.410: [GC [PSYoungGen: 7584K->512K(8192K)] 24362K->17290K(26112K), 0.0004840 secs] [Times: user=0.00 sys=0.00, real=0.00 secs] 
244.410: Total time for which application threads were stopped: 0.0005970 seconds, Stopping threads took: 0.0000490 seconds
244.447: Application time: 0.0368010 seconds
244.447: [GC [PSYoungGen: 7680K->480K(8192K)] 24458K->17258K(26112K), 0.0004280 secs] [Times: user=0.00 sys=0.00, real=0.00 secs] 
244.448: Total time for which application threads were stopped: 0.0005480 seconds, Stopping threads took: 0.0000560 seconds
244.484: Application time: 0.0367630 seconds
244.484: [GC [PSYoungGen: 7648K->528K(8192K)] 24426K->17306K(26112K), 0.0004230 secs] [Times: user=0.00 sys=0.00, real=0.00 secs] 
244.485: Total time for which application threads were stopped: 0.0005310 seconds, Stopping threads took: 0.0000500 seconds
244.522: Application time: 0.0369100 seconds
244.522: [GC [PSYoungGen: 7696K->496K(8192K)] 24474K->17274K(26112K), 0.0004210 secs] [Times: user=0.00 sys=0.00, real=0.00 secs] 
244.522: Total time for which application threads were stopped: 0.0005340 seconds, Stopping threads took: 0.0000520 seconds
244.559: Application time: 0.0367490 seconds
244.559: [GC [PSYoungGen: 7664K->512K(8192K)] 24442K->17290K(26112K), 0.0004740 secs] [Times: user=0.01 sys=0.00, real=0.00 secs] 
244.560: Total time for which application threads were stopped: 0.0005900 seconds, Stopping threads took: 0.0000510 seconds
244.596: Application time: 0.0367450 seconds
244.596: [GC [PSYoungGen: 7680K->480K(8192K)] 24458K->17258K(26112K), 0.0004250 secs] [Times: user=0.00 sys=0.00, real=0.01 secs] 
244.597: Total time for which application threads were stopped: 0.0005400 seconds, Stopping threads took: 0.0000520 seconds
244.634: Application time: 0.0366910 seconds
244.634: [GC [PSYoungGen: 7648K->464K(8192K)] 24426K->17290K(26112K), 0.0004470 secs] [Times: user=0.00 sys=0.00, real=0.00 secs] 
244.634: Total time for which application threads were stopped: 0.0005600 seconds, Stopping threads took: 0.0000510 seconds
244.671: Application time: 0.0367240 seconds
244.671: [GC [PSYoungGen: 7632K->432K(8192K)] 24458K->17258K(26112K), 0.0004250 secs] [Times: user=0.00 sys=0.00, real=0.00 secs] 
244.671: Total time for which application threads were stopped: 0.0005310 seconds, Stopping threads took: 0.0000380 seconds
244.709: Application time: 0.0372650 seconds
244.709: [GC [PSYoungGen: 7600K->432K(8192K)] 24426K->17258K(26112K), 0.0004770 secs] [Times: user=0.00 sys=0.00, real=0.00 secs] 
244.709: Total time for which application threads were stopped: 0.0007190 seconds, Stopping threads took: 0.0001580 seconds
244.746: Application time: 0.0364380 seconds
244.746: [GC [PSYoungGen: 7600K->464K(8192K)] 24426K->17290K(26112K), 0.0004360 secs] [Times: user=0.00 sys=0.00, real=0.00 secs] 
244.746: Total time for which application threads were stopped: 0.0005570 seconds, Stopping threads took: 0.0000510 seconds
244.783: Application time: 0.0365680 seconds
244.785: [GC [PSYoungGen: 7632K->432K(8192K)] 24458K->17306K(26112K), 0.0004490 secs] [Times: user=0.00 sys=0.00, real=0.00 secs] 
244.785: Total time for which application threads were stopped: 0.0022320 seconds, Stopping threads took: 0.0017210 seconds
244.822: Application time: 0.0364810 seconds
244.822: [GC [PSYoungGen: 7600K->384K(8192K)] 24474K->17338K(26112K), 0.0004370 secs] [Times: user=0.00 sys=0.00, real=0.00 secs] 
244.822: Total time for which application threads were stopped: 0.0005560 seconds, Stopping threads took: 0.0000530 seconds
244.859: Application time: 0.0367710 seconds
244.859: [GC [PSYoungGen: 7552K->384K(8192K)] 24506K->17338K(26112K), 0.0004100 secs] [Times: user=0.00 sys=0.00, real=0.00 secs] 
244.860: Total time for which application threads were stopped: 0.0005240 seconds, Stopping threads took: 0.0000560 seconds
244.896: Application time: 0.0367600 seconds
244.896: [GC [PSYoungGen: 7552K->352K(8192K)] 24506K->17306K(26112K), 0.0004440 secs] [Times: user=0.00 sys=0.00, real=0.01 secs] 
244.897: Total time for which application threads were stopped: 0.0005550 seconds, Stopping threads took: 0.0000510 seconds
244.934: Application time: 0.0368000 seconds
244.934: [GC [PSYoungGen: 7520K->304K(8192K)] 24474K->17346K(26112K), 0.0004570 secs] [Times: user=0.01 sys=0.00, real=0.00 secs] 
244.934: Total time for which application threads were stopped: 0.0005570 seconds, Stopping threads took: 0.0000450 seconds
244.971: Application time: 0.0366700 seconds
244.971: [GC [PSYoungGen: 7472K->304K(8192K)] 24514K->17434K(26112K), 0.0004000 secs] [Times: user=0.00 sys=0.00, real=0.00 secs] 
244.971: Total time for which application threads were stopped: 0.0005110 seconds, Stopping threads took: 0.0000500 seconds
245.007: Application time: 0.0354870 seconds
245.007: [GC [PSYoungGen: 7472K->352K(8192K)] 24602K->17482K(26112K), 0.0003930 secs] [Times: user=0.01 sys=0.00, real=0.00 secs] 
245.007: Total time for which application threads were stopped: 0.0004930 seconds, Stopping threads took: 0.0000390 seconds
245.044: Application time: 0.0367910 seconds
245.044: [GC [PSYoungGen: 7520K->352K(8192K)] 24650K->17482K(26112K), 0.0004210 secs] [Times: user=0.00 sys=0.00, real=0.00 secs] 
245.045: Total time for which application threads were stopped: 0.0005270 seconds, Stopping threads took: 0.0000470 seconds
245.082: Application time: 0.0372690 seconds
245.082: [GC [PSYoungGen: 7520K->352K(8192K)] 24650K->17482K(26112K), 0.0004220 secs] [Times: user=0.00 sys=0.00, real=0.00 secs] 
245.083: Total time for which application threads were stopped: 0.0005310 seconds, Stopping threads took: 0.0000530 seconds
245.118: Application time: 0.0354450 seconds
245.118: [GC [PSYoungGen: 7520K->432K(8192K)] 24650K->17562K(26112K), 0.0004290 secs] [Times: user=0.00 sys=0.00, real=0.00 secs] 
245.119: Total time for which application threads were stopped: 0.0005510 seconds, Stopping threads took: 0.0000560 seconds
245.155: Application time: 0.0359940 seconds
245.155: [GC [PSYoungGen: 7600K->496K(8192K)] 24730K->17626K(26112K), 0.0004450 secs] [Times: user=0.00 sys=0.00, real=0.00 secs] 
245.155: Total time for which application threads were stopped: 0.0005620 seconds, Stopping threads took: 0.0000520 seconds
245.192: Application time: 0.0366820 seconds
245.192: [GC [PSYoungGen: 7664K->512K(8192K)] 24794K->17642K(26112K), 0.0004310 secs] [Times: user=0.00 sys=0.00, real=0.00 secs] 
245.192: Total time for which application threads were stopped: 0.0005560 seconds, Stopping threads took: 0.0000510 seconds
245.229: Application time: 0.0367560 seconds
245.229: [GC [PSYoungGen: 7680K->496K(8192K)] 24810K->17626K(26112K), 0.0004250 secs] [Times: user=0.00 sys=0.00, real=0.00 secs] 
245.230: Total time for which application threads were stopped: 0.0005450 seconds, Stopping threads took: 0.0000550 seconds
245.267: Application time: 0.0370320 seconds
245.267: [GC [PSYoungGen: 7664K->528K(8192K)] 24794K->17658K(26112K), 0.0004600 secs] [Times: user=0.00 sys=0.00, real=0.00 secs] 
245.267: Total time for which application threads were stopped: 0.0005700 seconds, Stopping threads took: 0.0000530 seconds
245.304: Application time: 0.0371260 seconds
245.304: [GC [PSYoungGen: 7696K->496K(8192K)] 24826K->17626K(26112K), 0.0004280 secs] [Times: user=0.00 sys=0.00, real=0.00 secs] 
245.305: Total time for which application threads were stopped: 0.0005400 seconds, Stopping threads took: 0.0000500 seconds
245.342: Application time: 0.0367610 seconds
245.342: [GC [PSYoungGen: 7664K->512K(8192K)] 24794K->17642K(26112K), 0.0004680 secs] [Times: user=0.00 sys=0.00, real=0.00 secs] 
245.342: Total time for which application threads were stopped: 0.0005750 seconds, Stopping threads took: 0.0000450 seconds
245.379: Application time: 0.0365590 seconds
245.379: [GC [PSYoungGen: 7680K->464K(8192K)] 24810K->17642K(26112K), 0.0004970 secs] [Times: user=0.00 sys=0.00, real=0.00 secs] 
245.379: Total time for which application threads were stopped: 0.0006140 seconds, Stopping threads took: 0.0000590 seconds
245.416: Application time: 0.0367780 seconds
245.416: [GC [PSYoungGen: 7632K->448K(8192K)] 24810K->17626K(26112K), 0.0004580 secs] [Times: user=0.00 sys=0.00, real=0.01 secs] 
245.417: Total time for which application threads were stopped: 0.0005630 seconds, Stopping threads took: 0.0000430 seconds
245.455: Application time: 0.0380680 seconds
245.455: [GC [PSYoungGen: 7616K->464K(8192K)] 24794K->17642K(26112K), 0.0005180 secs] [Times: user=0.00 sys=0.00, real=0.00 secs] 
245.455: Total time for which application threads were stopped: 0.0006530 seconds, Stopping threads took: 0.0000660 seconds
245.492: Application time: 0.0363400 seconds
245.492: [GC [PSYoungGen: 7632K->480K(8192K)] 24810K->17658K(26112K), 0.0004210 secs] [Times: user=0.00 sys=0.00, real=0.00 secs] 
245.492: Total time for which application threads were stopped: 0.0005500 seconds, Stopping threads took: 0.0000610 seconds
245.529: Application time: 0.0367140 seconds
245.529: [GC [PSYoungGen: 7648K->416K(8192K)] 24826K->17650K(26112K), 0.0004600 secs] [Times: user=0.01 sys=0.00, real=0.00 secs] 
245.530: Total time for which application threads were stopped: 0.0005790 seconds, Stopping threads took: 0.0000550 seconds
245.566: Application time: 0.0365510 seconds
245.569: [GC [PSYoungGen: 7584K->336K(8192K)] 24818K->17658K(26112K), 0.0004950 secs] [Times: user=0.00 sys=0.00, real=0.00 secs] 
245.569: Total time for which application threads were stopped: 0.0030500 seconds, Stopping threads took: 0.0024790 seconds
245.607: Application time: 0.0373200 seconds
245.607: [GC [PSYoungGen: 7504K->384K(8192K)] 24826K->17706K(26112K), 0.0004750 secs] [Times: user=0.00 sys=0.00, real=0.00 secs] 
245.607: Total time for which application threads were stopped: 0.0006020 seconds, Stopping threads took: 0.0000600 seconds
245.644: Application time: 0.0368230 seconds
245.644: [GC [PSYoungGen: 7552K->416K(8192K)] 24874K->17738K(26112K), 0.0004610 secs] [Times: user=0.00 sys=0.00, real=0.00 secs] 
245.645: Total time for which application threads were stopped: 0.0005780 seconds, Stopping threads took: 0.0000550 seconds
245.681: Application time: 0.0367500 seconds
245.681: [GC [PSYoungGen: 7584K->272K(8192K)] 24906K->17706K(26112K), 0.0004240 secs] [Times: user=0.00 sys=0.00, real=0.00 secs] 
245.682: Total time for which application threads were stopped: 0.0005350 seconds, Stopping threads took: 0.0000500 seconds
245.719: Application time: 0.0368100 seconds
245.719: [GC [PSYoungGen: 7440K->304K(8192K)] 24874K->17786K(26112K), 0.0004670 secs] [Times: user=0.00 sys=0.00, real=0.00 secs] 
245.719: Total time for which application threads were stopped: 0.0006160 seconds, Stopping threads took: 0.0000640 seconds
245.755: Application time: 0.0356350 seconds
245.755: [GC [PSYoungGen: 7472K->368K(8192K)] 24954K->17850K(26112K), 0.0004400 secs] [Times: user=0.00 sys=0.00, real=0.00 secs] 
245.756: Total time for which application threads were stopped: 0.0005640 seconds, Stopping threads took: 0.0000550 seconds
245.792: Application time: 0.0367160 seconds
245.792: [GC [PSYoungGen: 7536K->352K(8192K)] 25018K->17834K(26112K), 0.0003920 secs] [Times: user=0.00 sys=0.00, real=0.00 secs] 
245.793: Total time for which application threads were stopped: 0.0004900 seconds, Stopping threads took: 0.0000380 seconds
245.830: Application time: 0.0372360 seconds
245.830: [GC [PSYoungGen: 7520K->384K(8192K)] 25002K->17866K(26112K), 0.0003920 secs] [Times: user=0.01 sys=0.00, real=0.00 secs] 
245.830: Total time for which application threads were stopped: 0.0005050 seconds, Stopping threads took: 0.0000560 seconds
245.866: Application time: 0.0352560 seconds
245.866: [GC [PSYoungGen: 7552K->448K(8192K)] 25034K->17930K(26112K), 0.0004210 secs] [Times: user=0.00 sys=0.00, real=0.00 secs] 
245.866: Total time for which application threads were stopped: 0.0005390 seconds, Stopping threads took: 0.0000560 seconds
245.902: Application time: 0.0360960 seconds
245.902: [GC [PSYoungGen: 7616K->496K(8192K)] 25098K->17978K(26112K), 0.0004690 secs] [Times: user=0.00 sys=0.00, real=0.00 secs] 
245.903: Total time for which application threads were stopped: 0.0005780 seconds, Stopping threads took: 0.0000500 seconds
245.940: Application time: 0.0366430 seconds
245.940: [GC [PSYoungGen: 7664K->480K(8192K)] 25146K->17962K(26112K), 0.0004840 secs] [Times: user=0.00 sys=0.00, real=0.00 secs] 
245.940: Total time for which application threads were stopped: 0.0005990 seconds, Stopping threads took: 0.0000540 seconds
245.977: Application time: 0.0370530 seconds
245.977: [GC [PSYoungGen: 7648K->512K(8192K)] 25130K->17994K(26112K), 0.0004280 secs] [Times: user=0.01 sys=0.00, real=0.00 secs] 
245.978: Total time for which application threads were stopped: 0.0005420 seconds, Stopping threads took: 0.0000540 seconds
246.015: Application time: 0.0369090 seconds
246.015: [GC [PSYoungGen: 7680K->512K(8192K)] 25162K->17994K(26112K), 0.0004280 secs] [Times: user=0.00 sys=0.00, real=0.00 secs] 
246.015: Total time for which application threads were stopped: 0.0005420 seconds, Stopping threads took: 0.0000540 seconds
246.052: Application time: 0.0367150 seconds
246.052: [GC [PSYoungGen: 7680K->496K(8192K)] 25162K->17978K(26112K), 0.0004730 secs] [Times: user=0.00 sys=0.00, real=0.00 secs] 
246.053: Total time for which application threads were stopped: 0.0005880 seconds, Stopping threads took: 0.0000520 seconds
246.089: Application time: 0.0368350 seconds
246.089: [GC [PSYoungGen: 7664K->464K(8192K)] 25146K->17946K(26112K), 0.0004250 secs] [Times: user=0.00 sys=0.00, real=0.00 secs] 
246.090: Total time for which application threads were stopped: 0.0005340 seconds, Stopping threads took: 0.0000480 seconds
246.127: Application time: 0.0366140 seconds
246.127: [GC [PSYoungGen: 7632K->496K(8192K)] 25114K->18034K(26112K), 0.0004410 secs] [Times: user=0.00 sys=0.00, real=0.00 secs] 
246.127: Total time for which application threads were stopped: 0.0005620 seconds, Stopping threads took: 0.0000570 seconds
246.164: Application time: 0.0367520 seconds
246.164: [GC [PSYoungGen: 7664K->448K(8192K)] 25202K->17986K(26112K), 0.0004170 secs] [Times: user=0.00 sys=0.00, real=0.00 secs] 
246.164: Total time for which application threads were stopped: 0.0005310 seconds, Stopping threads took: 0.0000540 seconds
246.201: Application time: 0.0367380 seconds
246.201: [GC [PSYoungGen: 7616K->416K(8192K)] 25154K->17954K(26112K), 0.0004310 secs] [Times: user=0.00 sys=0.00, real=0.00 secs] 
246.202: Total time for which application threads were stopped: 0.0005440 seconds, Stopping threads took: 0.0000540 seconds
246.238: Application time: 0.0366540 seconds
246.241: [GC [PSYoungGen: 7584K->448K(8192K)] 25122K->17986K(26112K), 0.0004410 secs] [Times: user=0.00 sys=0.00, real=0.00 secs] 
246.241: Total time for which application threads were stopped: 0.0029070 seconds, Stopping threads took: 0.0023840 seconds
246.278: Application time: 0.0365980 seconds
246.278: [GC [PSYoungGen: 7616K->416K(8192K)] 25154K->18010K(26112K), 0.0004310 secs] [Times: user=0.01 sys=0.00, real=0.00 secs] 
246.278: Total time for which application threads were stopped: 0.0005620 seconds, Stopping threads took: 0.0000730 seconds
246.315: Application time: 0.0361570 seconds
246.315: [GC [PSYoungGen: 7584K->400K(8192K)] 25178K->18082K(26112K), 0.0004890 secs] [Times: user=0.01 sys=0.00, real=0.00 secs] 
246.315: Total time for which application threads were stopped: 0.0005890 seconds, Stopping threads took: 0.0000420 seconds
246.352: Application time: 0.0367700 seconds
246.352: [GC [PSYoungGen: 7568K->368K(8192K)] 25250K->18051K(26112K), 0.0003910 secs] [Times: user=0.00 sys=0.00, real=0.00 secs] 
246.352: Total time for which application threads were stopped: 0.0004920 seconds, Stopping threads took: 0.0000450 seconds
246.389: Application time: 0.0369300 seconds
246.389: [GC [PSYoungGen: 7536K->400K(8192K)] 25219K->18083K(26112K), 0.0004300 secs] [Times: user=0.01 sys=0.00, real=0.00 secs] 
246.390: Total time for which application threads were stopped: 0.0005520 seconds, Stopping threads took: 0.0000570 seconds
246.427: Application time: 0.0366850 seconds
246.427: [GC [PSYoungGen: 7564K->288K(8192K)] 25247K->18099K(26112K), 0.0004120 secs] [Times: user=0.00 sys=0.00, real=0.00 secs] 
246.427: [Full GC [PSYoungGen: 288K->0K(8192K)] [ParOldGen: 17811K->2066K(17920K)] 18099K->2066K(26112K) [PSPermGen: 6075K->6075K(21504K)], 0.0056200 secs] [Times: user=0.02 sys=0.00, real=0.01 secs] 
246.433: Total time for which application threads were stopped: 0.0061950 seconds, Stopping threads took: 0.0000520 seconds
246.468: Application time: 0.0353850 seconds
246.468: [GC [PSYoungGen: 7168K->272K(8192K)] 9234K->2338K(26112K), 0.0003560 secs] [Times: user=0.00 sys=0.00, real=0.00 secs] 
246.469: Total time for which application threads were stopped: 0.0004800 seconds, Stopping threads took: 0.0000560 seconds
246.505: Application time: 0.0367230 seconds
246.505: [GC [PSYoungGen: 7440K->256K(8192K)] 9506K->2322K(26112K), 0.0003500 secs] [Times: user=0.00 sys=0.00, real=0.00 secs] 
246.506: Total time for which application threads were stopped: 0.0004810 seconds, Stopping threads took: 0.0000710 seconds
246.543: Application time: 0.0368080 seconds
246.543: [GC [PSYoungGen: 7424K->272K(8192K)] 9490K->2338K(26112K), 0.0003700 secs] [Times: user=0.00 sys=0.00, real=0.00 secs] 
246.543: Total time for which application threads were stopped: 0.0004830 seconds, Stopping threads took: 0.0000560 seconds
246.580: Application time: 0.0367290 seconds
246.580: [GC [PSYoungGen: 7440K->288K(8192K)] 9506K->2354K(26112K), 0.0003400 secs] [Times: user=0.00 sys=0.00, real=0.00 secs] 
246.580: Total time for which application threads were stopped: 0.0004540 seconds, Stopping threads took: 0.0000540 seconds
246.616: Application time: 0.0352890 seconds
246.616: [GC [PSYoungGen: 7456K->416K(8192K)] 9522K->2482K(26112K), 0.0003920 secs] [Times: user=0.00 sys=0.00, real=0.00 secs] 
246.616: Total time for which application threads were stopped: 0.0005120 seconds, Stopping threads took: 0.0000580 seconds
246.652: Application time: 0.0362990 seconds
246.653: [GC [PSYoungGen: 7584K->464K(8192K)] 9650K->2530K(26112K), 0.0004100 secs] [Times: user=0.00 sys=0.00, real=0.00 secs] 
246.653: Total time for which application threads were stopped: 0.0005100 seconds, Stopping threads took: 0.0000370 seconds
246.690: Application time: 0.0367000 seconds
246.690: [GC [PSYoungGen: 7632K->432K(8192K)] 9698K->2498K(26112K), 0.0004070 secs] [Times: user=0.01 sys=0.00, real=0.00 secs] 
246.690: Total time for which application threads were stopped: 0.0005250 seconds, Stopping threads took: 0.0000550 seconds
246.727: Application time: 0.0371140 seconds
246.727: [GC [PSYoungGen: 7600K->464K(8192K)] 9666K->2530K(26112K), 0.0004460 secs] [Times: user=0.00 sys=0.00, real=0.00 secs] 
246.728: Total time for which application threads were stopped: 0.0005800 seconds, Stopping threads took: 0.0000540 seconds
246.765: Application time: 0.0368040 seconds
246.765: [GC [PSYoungGen: 7632K->480K(8192K)] 9698K->2546K(26112K), 0.0004030 secs] [Times: user=0.00 sys=0.00, real=0.00 secs] 
246.765: Total time for which application threads were stopped: 0.0005220 seconds, Stopping threads took: 0.0000480 seconds
246.802: Application time: 0.0367070 seconds
246.805: [GC [PSYoungGen: 7648K->480K(8192K)] 9714K->2546K(26112K), 0.0004120 secs] [Times: user=0.00 sys=0.00, real=0.00 secs] 
246.805: Total time for which application threads were stopped: 0.0032830 seconds, Stopping threads took: 0.0028130 seconds
246.842: Application time: 0.0366110 seconds
246.842: [GC [PSYoungGen: 7648K->464K(8192K)] 9714K->2530K(26112K), 0.0004240 secs] [Times: user=0.00 sys=0.00, real=0.00 secs] 
246.842: Total time for which application threads were stopped: 0.0005270 seconds, Stopping threads took: 0.0000380 seconds
246.879: Application time: 0.0366830 seconds
246.879: [GC [PSYoungGen: 7632K->432K(8192K)] 9698K->2498K(26112K), 0.0004040 secs] [Times: user=0.00 sys=0.00, real=0.00 secs] 
246.880: Total time for which application threads were stopped: 0.0005040 seconds, Stopping threads took: 0.0000370 seconds
246.916: Application time: 0.0368250 seconds
246.916: [GC [PSYoungGen: 7600K->480K(8192K)] 9666K->2546K(26112K), 0.0004050 secs] [Times: user=0.00 sys=0.00, real=0.01 secs] 
246.917: Total time for which application threads were stopped: 0.0005200 seconds, Stopping threads took: 0.0000540 seconds
246.955: Application time: 0.0378730 seconds
246.955: [GC [PSYoungGen: 7648K->480K(8192K)] 9714K->2546K(26112K), 0.0004230 secs] [Times: user=0.00 sys=0.00, real=0.00 secs] 
246.955: Total time for which application threads were stopped: 0.0005500 seconds, Stopping threads took: 0.0000630 seconds
246.992: Application time: 0.0366190 seconds
246.992: [GC [PSYoungGen: 7648K->480K(8192K)] 9714K->2546K(26112K), 0.0004160 secs] [Times: user=0.00 sys=0.00, real=0.00 secs] 
246.992: Total time for which application threads were stopped: 0.0005140 seconds, Stopping threads took: 0.0000380 seconds
247.029: Application time: 0.0368240 seconds
247.029: [GC [PSYoungGen: 7648K->336K(8192K)] 9714K->2526K(26112K), 0.0004130 secs] [Times: user=0.00 sys=0.00, real=0.00 secs] 
247.030: Total time for which application threads were stopped: 0.0005320 seconds, Stopping threads took: 0.0000580 seconds
247.066: Application time: 0.0364270 seconds
247.066: [GC [PSYoungGen: 7504K->400K(8192K)] 9694K->2590K(26112K), 0.0004280 secs] [Times: user=0.00 sys=0.00, real=0.00 secs] 
247.067: Total time for which application threads were stopped: 0.0005410 seconds, Stopping threads took: 0.0000500 seconds
247.105: Application time: 0.0378690 seconds
247.105: [GC [PSYoungGen: 7568K->368K(8192K)] 9758K->2558K(26112K), 0.0004340 secs] [Times: user=0.00 sys=0.00, real=0.00 secs] 
247.105: Total time for which application threads were stopped: 0.0005780 seconds, Stopping threads took: 0.0000760 seconds
247.142: Application time: 0.0367490 seconds
247.142: [GC [PSYoungGen: 7536K->400K(8192K)] 9726K->2590K(26112K), 0.0004400 secs] [Times: user=0.00 sys=0.00, real=0.00 secs] 
247.143: Total time for which application threads were stopped: 0.0005600 seconds, Stopping threads took: 0.0000570 seconds
247.179: Application time: 0.0361330 seconds
247.179: [GC [PSYoungGen: 7568K->320K(8192K)] 9758K->2626K(26112K), 0.0003940 secs] [Times: user=0.00 sys=0.00, real=0.00 secs] 
247.179: Total time for which application threads were stopped: 0.0005100 seconds, Stopping threads took: 0.0000570 seconds
247.215: Application time: 0.0359060 seconds
247.215: [GC [PSYoungGen: 7488K->384K(8192K)] 9794K->2738K(26112K), 0.0003810 secs] [Times: user=0.00 sys=0.00, real=0.00 secs] 
247.216: Total time for which application threads were stopped: 0.0004980 seconds, Stopping threads took: 0.0000580 seconds
247.252: Application time: 0.0368580 seconds
247.253: [GC [PSYoungGen: 7552K->320K(8192K)] 9906K->2674K(26112K), 0.0003900 secs] [Times: user=0.00 sys=0.00, real=0.00 secs] 
247.253: Total time for which application threads were stopped: 0.0004920 seconds, Stopping threads took: 0.0000410 seconds
247.290: Application time: 0.0367910 seconds
247.290: [GC [PSYoungGen: 7488K->368K(8192K)] 9842K->2722K(26112K), 0.0004400 secs] [Times: user=0.00 sys=0.00, real=0.00 secs] 
247.290: Total time for which application threads were stopped: 0.0005830 seconds, Stopping threads took: 0.0000710 seconds
247.327: Application time: 0.0364230 seconds
247.327: [GC [PSYoungGen: 7536K->384K(8192K)] 9890K->2738K(26112K), 0.0003860 secs] [Times: user=0.00 sys=0.00, real=0.00 secs] 
247.327: Total time for which application threads were stopped: 0.0005000 seconds, Stopping threads took: 0.0000510 seconds
247.363: Application time: 0.0352840 seconds
247.363: [GC [PSYoungGen: 7552K->480K(8192K)] 9906K->2834K(26112K), 0.0004010 secs] [Times: user=0.01 sys=0.00, real=0.00 secs] 
247.363: Total time for which application threads were stopped: 0.0005060 seconds, Stopping threads took: 0.0000440 seconds
247.400: Application time: 0.0367210 seconds
247.400: [GC [PSYoungGen: 7648K->496K(8192K)] 10002K->2850K(26112K), 0.0004030 secs] [Times: user=0.00 sys=0.00, real=0.00 secs] 
247.400: Total time for which application threads were stopped: 0.0005140 seconds, Stopping threads took: 0.0000510 seconds
247.437: Application time: 0.0367530 seconds
247.437: [GC [PSYoungGen: 7664K->528K(8192K)] 10018K->2882K(26112K), 0.0003920 secs] [Times: user=0.00 sys=0.00, real=0.00 secs] 
247.438: Total time for which application threads were stopped: 0.0004900 seconds, Stopping threads took: 0.0000410 seconds
247.474: Application time: 0.0369310 seconds
247.475: [GC [PSYoungGen: 7696K->512K(8192K)] 10050K->2866K(26112K), 0.0004450 secs] [Times: user=0.00 sys=0.00, real=0.00 secs] 
247.475: Total time for which application threads were stopped: 0.0005560 seconds, Stopping threads took: 0.0000560 seconds
247.512: Application time: 0.0367990 seconds
247.512: [GC [PSYoungGen: 7680K->480K(8192K)] 10034K->2834K(26112K), 0.0004130 secs] [Times: user=0.00 sys=0.00, real=0.00 secs] 
247.512: Total time for which application threads were stopped: 0.0005270 seconds, Stopping threads took: 0.0000550 seconds
247.549: Application time: 0.0367740 seconds
247.549: [GC [PSYoungGen: 7648K->512K(8192K)] 10002K->2866K(26112K), 0.0004200 secs] [Times: user=0.01 sys=0.00, real=0.00 secs] 
247.550: Total time for which application threads were stopped: 0.0005360 seconds, Stopping threads took: 0.0000540 seconds
247.586: Application time: 0.0365140 seconds
247.586: [GC [PSYoungGen: 7680K->512K(8192K)] 10034K->2874K(26112K), 0.0004000 secs] [Times: user=0.00 sys=0.00, real=0.00 secs] 
247.587: Total time for which application threads were stopped: 0.0005160 seconds, Stopping threads took: 0.0000560 seconds
247.623: Application time: 0.0368000 seconds
247.624: [GC [PSYoungGen: 7680K->496K(8192K)] 10042K->2898K(26112K), 0.0004530 secs] [Times: user=0.01 sys=0.00, real=0.00 secs] 
247.624: Total time for which application threads were stopped: 0.0005520 seconds, Stopping threads took: 0.0000400 seconds
247.661: Application time: 0.0367430 seconds
247.661: [GC [PSYoungGen: 7664K->448K(8192K)] 10066K->2850K(26112K), 0.0003890 secs] [Times: user=0.00 sys=0.00, real=0.00 secs] 
247.661: Total time for which application threads were stopped: 0.0005050 seconds, Stopping threads took: 0.0000530 seconds
247.698: Application time: 0.0371850 seconds
247.699: [GC [PSYoungGen: 7616K->480K(8192K)] 10018K->2882K(26112K), 0.0004510 secs] [Times: user=0.00 sys=0.00, real=0.00 secs] 
247.699: Total time for which application threads were stopped: 0.0005800 seconds, Stopping threads took: 0.0000590 seconds
247.736: Application time: 0.0365520 seconds
247.736: [GC [PSYoungGen: 7648K->432K(8192K)] 10050K->2898K(26112K), 0.0004450 secs] [Times: user=0.00 sys=0.00, real=0.00 secs] 
247.736: Total time for which application threads were stopped: 0.0005820 seconds, Stopping threads took: 0.0000610 seconds
247.772: Application time: 0.0361380 seconds
247.772: [GC [PSYoungGen: 7600K->400K(8192K)] 10066K->2970K(26112K), 0.0004030 secs] [Times: user=0.00 sys=0.00, real=0.00 secs] 
247.773: Total time for which application threads were stopped: 0.0005260 seconds, Stopping threads took: 0.0000580 seconds
247.810: Application time: 0.0371480 seconds
247.813: [GC [PSYoungGen: 7568K->384K(8192K)] 10138K->2954K(26112K), 0.0004200 secs] [Times: user=0.00 sys=0.00, real=0.00 secs] 
247.813: Total time for which application threads were stopped: 0.0031900 seconds, Stopping threads took: 0.0027050 seconds
247.850: Application time: 0.0367780 seconds
247.850: [GC [PSYoungGen: 7552K->368K(8192K)] 10122K->2938K(26112K), 0.0003850 secs] [Times: user=0.00 sys=0.00, real=0.00 secs] 
247.850: Total time for which application threads were stopped: 0.0004900 seconds, Stopping threads took: 0.0000490 seconds
247.887: Application time: 0.0367530 seconds
247.887: [GC [PSYoungGen: 7536K->352K(8192K)] 10106K->2970K(26112K), 0.0003760 secs] [Times: user=0.00 sys=0.00, real=0.00 secs] 
247.888: Total time for which application threads were stopped: 0.0004820 seconds, Stopping threads took: 0.0000500 seconds
247.924: Application time: 0.0364080 seconds
247.924: [GC [PSYoungGen: 7520K->288K(8192K)] 10138K->3030K(26112K), 0.0003790 secs] [Times: user=0.00 sys=0.00, real=0.00 secs] 
247.925: Total time for which application threads were stopped: 0.0004930 seconds, Stopping threads took: 0.0000550 seconds
247.960: Application time: 0.0354810 seconds
247.960: [GC [PSYoungGen: 7456K->384K(8192K)] 10198K->3126K(26112K), 0.0003860 secs] [Times: user=0.00 sys=0.00, real=0.00 secs] 
247.961: Total time for which application threads were stopped: 0.0005070 seconds, Stopping threads took: 0.0000570 seconds
247.998: Application time: 0.0370800 seconds
247.998: [GC [PSYoungGen: 7552K->384K(8192K)] 10294K->3126K(26112K), 0.0003800 secs] [Times: user=0.00 sys=0.00, real=0.00 secs] 
247.998: Total time for which application threads were stopped: 0.0004840 seconds, Stopping threads took: 0.0000430 seconds
248.035: Application time: 0.0372940 seconds
248.036: [GC [PSYoungGen: 7552K->384K(8192K)] 10294K->3126K(26112K), 0.0003980 secs] [Times: user=0.00 sys=0.00, real=0.00 secs] 
248.036: Total time for which application threads were stopped: 0.0005320 seconds, Stopping threads took: 0.0000680 seconds
248.072: Application time: 0.0360730 seconds
248.072: [GC [PSYoungGen: 7552K->384K(8192K)] 10294K->3126K(26112K), 0.0004230 secs] [Times: user=0.00 sys=0.00, real=0.00 secs] 
248.073: Total time for which application threads were stopped: 0.0005300 seconds, Stopping threads took: 0.0000470 seconds
248.108: Application time: 0.0353390 seconds
248.108: [GC [PSYoungGen: 7552K->512K(8192K)] 10294K->3254K(26112K), 0.0004430 secs] [Times: user=0.00 sys=0.00, real=0.00 secs] 
248.108: Total time for which application threads were stopped: 0.0005570 seconds, Stopping threads took: 0.0000510 seconds
248.145: Application time: 0.0366680 seconds
248.145: [GC [PSYoungGen: 7680K->512K(8192K)] 10422K->3254K(26112K), 0.0004450 secs] [Times: user=0.00 sys=0.00, real=0.00 secs] 
248.146: Total time for which application threads were stopped: 0.0005580 seconds, Stopping threads took: 0.0000510 seconds
248.183: Application time: 0.0369100 seconds
248.183: [GC [PSYoungGen: 7680K->496K(8192K)] 10422K->3238K(26112K), 0.0004450 secs] [Times: user=0.00 sys=0.00, real=0.00 secs] 
248.183: Total time for which application threads were stopped: 0.0005530 seconds, Stopping threads took: 0.0000460 seconds
248.220: Application time: 0.0369200 seconds
248.220: [GC [PSYoungGen: 7664K->528K(8192K)] 10406K->3270K(26112K), 0.0004010 secs] [Times: user=0.00 sys=0.00, real=0.00 secs] 
248.221: Total time for which application threads were stopped: 0.0004990 seconds, Stopping threads took: 0.0000380 seconds
248.257: Application time: 0.0368400 seconds
248.258: [GC [PSYoungGen: 7696K->480K(8192K)] 10438K->3222K(26112K), 0.0004350 secs] [Times: user=0.00 sys=0.00, real=0.00 secs] 
248.258: Total time for which application threads were stopped: 0.0005590 seconds, Stopping threads took: 0.0000590 seconds
248.295: Application time: 0.0365650 seconds
248.295: [GC [PSYoungGen: 7648K->464K(8192K)] 10390K->3206K(26112K), 0.0004530 secs] [Times: user=0.00 sys=0.00, real=0.00 secs] 
248.295: Total time for which application threads were stopped: 0.0005580 seconds, Stopping threads took: 0.0000430 seconds
248.332: Application time: 0.0368000 seconds
248.332: [GC [PSYoungGen: 7632K->448K(8192K)] 10374K->3238K(26112K), 0.0004030 secs] [Times: user=0.00 sys=0.00, real=0.00 secs] 
248.332: Total time for which application threads were stopped: 0.0005280 seconds, Stopping threads took: 0.0000550 seconds
248.369: Application time: 0.0367580 seconds
248.373: [GC [PSYoungGen: 7616K->464K(8192K)] 10406K->3254K(26112K), 0.0004230 secs] [Times: user=0.00 sys=0.00, real=0.00 secs] 
248.373: Total time for which application threads were stopped: 0.0039950 seconds, Stopping threads took: 0.0035100 seconds
248.410: Application time: 0.0367740 seconds
248.410: [GC [PSYoungGen: 7632K->448K(8192K)] 10422K->3238K(26112K), 0.0004150 secs] [Times: user=0.01 sys=0.00, real=0.00 secs] 
248.411: Total time for which application threads were stopped: 0.0005350 seconds, Stopping threads took: 0.0000550 seconds
248.448: Application time: 0.0372790 seconds
248.449: [GC [PSYoungGen: 7616K->448K(8192K)] 10406K->3238K(26112K), 0.0004640 secs] [Times: user=0.00 sys=0.00, real=0.00 secs] 
248.449: Total time for which application threads were stopped: 0.0014250 seconds, Stopping threads took: 0.0008960 seconds
248.486: Application time: 0.0369150 seconds
248.486: [GC [PSYoungGen: 7616K->400K(8192K)] 10406K->3246K(26112K), 0.0004350 secs] [Times: user=0.00 sys=0.00, real=0.00 secs] 
248.487: Total time for which application threads were stopped: 0.0005670 seconds, Stopping threads took: 0.0000680 seconds
248.523: Application time: 0.0362810 seconds
248.523: [GC [PSYoungGen: 7568K->416K(8192K)] 10414K->3343K(26112K), 0.0003990 secs] [Times: user=0.00 sys=0.00, real=0.00 secs] 
248.524: Total time for which application threads were stopped: 0.0005180 seconds, Stopping threads took: 0.0000560 seconds
248.560: Application time: 0.0366910 seconds
248.560: [GC [PSYoungGen: 7584K->368K(8192K)] 10511K->3295K(26112K), 0.0004200 secs] [Times: user=0.00 sys=0.00, real=0.00 secs] 
248.561: Total time for which application threads were stopped: 0.0005310 seconds, Stopping threads took: 0.0000510 seconds
248.599: Application time: 0.0377770 seconds
248.599: [GC [PSYoungGen: 7536K->416K(8192K)] 10463K->3343K(26112K), 0.0004460 secs] [Times: user=0.00 sys=0.00, real=0.00 secs] 
248.599: Total time for which application threads were stopped: 0.0005680 seconds, Stopping threads took: 0.0000520 seconds
248.636: Application time: 0.0367510 seconds
248.636: [GC [PSYoungGen: 7584K->384K(8192K)] 10511K->3359K(26112K), 0.0003780 secs] [Times: user=0.00 sys=0.00, real=0.00 secs] 
248.636: Total time for which application threads were stopped: 0.0005050 seconds, Stopping threads took: 0.0000580 seconds
248.673: Application time: 0.0361830 seconds
248.673: [GC [PSYoungGen: 7552K->304K(8192K)] 10527K->3399K(26112K), 0.0004150 secs] [Times: user=0.00 sys=0.00, real=0.00 secs] 
248.673: Total time for which application threads were stopped: 0.0005220 seconds, Stopping threads took: 0.0000450 seconds
248.711: Application time: 0.0380300 seconds
248.711: [GC [PSYoungGen: 7472K->304K(8192K)] 10567K->3399K(26112K), 0.0004490 secs] [Times: user=0.00 sys=0.00, real=0.00 secs] 
248.712: Total time for which application threads were stopped: 0.0005840 seconds, Stopping threads took: 0.0000600 seconds
248.748: Application time: 0.0367730 seconds
248.749: [GC [PSYoungGen: 7472K->352K(8192K)] 10567K->3447K(26112K), 0.0003840 secs] [Times: user=0.00 sys=0.00, real=0.01 secs] 
248.749: Total time for which application threads were stopped: 0.0005010 seconds, Stopping threads took: 0.0000460 seconds
248.787: Application time: 0.0378180 seconds
248.787: [GC [PSYoungGen: 7520K->352K(8192K)] 10615K->3447K(26112K), 0.0003720 secs] [Times: user=0.00 sys=0.00, real=0.00 secs] 
248.787: Total time for which application threads were stopped: 0.0004950 seconds, Stopping threads took: 0.0000550 seconds
248.823: Application time: 0.0358780 seconds
248.823: [GC [PSYoungGen: 7520K->400K(8192K)] 10615K->3495K(26112K), 0.0003920 secs] [Times: user=0.00 sys=0.00, real=0.00 secs] 
248.824: Total time for which application threads were stopped: 0.0005020 seconds, Stopping threads took: 0.0000490 seconds
248.859: Application time: 0.0356360 seconds
248.859: [GC [PSYoungGen: 7568K->464K(8192K)] 10663K->3559K(26112K), 0.0004460 secs] [Times: user=0.01 sys=0.00, real=0.00 secs] 
248.860: Total time for which application threads were stopped: 0.0005710 seconds, Stopping threads took: 0.0000560 seconds
248.897: Application time: 0.0367340 seconds
248.897: [GC [PSYoungGen: 7632K->480K(8192K)] 10727K->3575K(26112K), 0.0004330 secs] [Times: user=0.00 sys=0.00, real=0.00 secs] 
248.897: Total time for which application threads were stopped: 0.0005500 seconds, Stopping threads took: 0.0000530 seconds
248.934: Application time: 0.0366540 seconds
248.934: [GC [PSYoungGen: 7648K->496K(8192K)] 10743K->3591K(26112K), 0.0004670 secs] [Times: user=0.00 sys=0.00, real=0.00 secs] 
248.934: Total time for which application threads were stopped: 0.0005860 seconds, Stopping threads took: 0.0000550 seconds
248.971: Application time: 0.0367250 seconds
248.971: [GC [PSYoungGen: 7664K->464K(8192K)] 10759K->3559K(26112K), 0.0004060 secs] [Times: user=0.00 sys=0.00, real=0.00 secs] 
248.972: Total time for which application threads were stopped: 0.0005310 seconds, Stopping threads took: 0.0000610 seconds
249.009: Application time: 0.0371390 seconds
249.009: [GC [PSYoungGen: 7632K->512K(8192K)] 10727K->3607K(26112K), 0.0004470 secs] [Times: user=0.00 sys=0.00, real=0.00 secs] 
249.009: Total time for which application threads were stopped: 0.0005540 seconds, Stopping threads took: 0.0000480 seconds
249.046: Application time: 0.0367620 seconds
249.046: [GC [PSYoungGen: 7680K->512K(8192K)] 10775K->3607K(26112K), 0.0004710 secs] [Times: user=0.01 sys=0.00, real=0.00 secs] 
249.047: Total time for which application threads were stopped: 0.0005770 seconds, Stopping threads took: 0.0000420 seconds
249.083: Application time: 0.0366930 seconds
249.083: [GC [PSYoungGen: 7680K->448K(8192K)] 10775K->3599K(26112K), 0.0004040 secs] [Times: user=0.00 sys=0.00, real=0.00 secs] 
249.084: Total time for which application threads were stopped: 0.0005070 seconds, Stopping threads took: 0.0000450 seconds
249.121: Application time: 0.0367320 seconds
249.121: [GC [PSYoungGen: 7616K->432K(8192K)] 10767K->3583K(26112K), 0.0004140 secs] [Times: user=0.00 sys=0.00, real=0.00 secs] 
249.121: Total time for which application threads were stopped: 0.0005170 seconds, Stopping threads took: 0.0000390 seconds
249.158: Application time: 0.0369270 seconds
249.158: [GC [PSYoungGen: 7600K->416K(8192K)] 10751K->3567K(26112K), 0.0004300 secs] [Times: user=0.00 sys=0.00, real=0.00 secs] 
249.159: Total time for which application threads were stopped: 0.0005440 seconds, Stopping threads took: 0.0000540 seconds
249.195: Application time: 0.0365130 seconds
249.195: [GC [PSYoungGen: 7584K->464K(8192K)] 10735K->3615K(26112K), 0.0003830 secs] [Times: user=0.00 sys=0.00, real=0.00 secs] 
249.196: Total time for which application threads were stopped: 0.0004900 seconds, Stopping threads took: 0.0000510 seconds
249.232: Application time: 0.0365920 seconds
249.232: [GC [PSYoungGen: 7632K->384K(8192K)] 10783K->3583K(26112K), 0.0004800 secs] [Times: user=0.00 sys=0.00, real=0.00 secs] 
249.233: Total time for which application threads were stopped: 0.0005850 seconds, Stopping threads took: 0.0000470 seconds
249.269: Application time: 0.0360020 seconds
249.269: [GC [PSYoungGen: 7552K->416K(8192K)] 10751K->3715K(26112K), 0.0004850 secs] [Times: user=0.00 sys=0.00, real=0.00 secs] 
249.269: Total time for which application threads were stopped: 0.0005870 seconds, Stopping threads took: 0.0000410 seconds
249.307: Application time: 0.0373370 seconds
249.307: [GC [PSYoungGen: 7584K->368K(8192K)] 10883K->3667K(26112K), 0.0004170 secs] [Times: user=0.00 sys=0.00, real=0.00 secs] 
249.307: Total time for which application threads were stopped: 0.0005210 seconds, Stopping threads took: 0.0000480 seconds
249.344: Application time: 0.0368760 seconds
249.344: [GC [PSYoungGen: 7536K->384K(8192K)] 10835K->3683K(26112K), 0.0003730 secs] [Times: user=0.00 sys=0.00, real=0.00 secs] 
249.345: Total time for which application threads were stopped: 0.0004790 seconds, Stopping threads took: 0.0000480 seconds
249.380: Application time: 0.0357940 seconds
249.381: [GC [PSYoungGen: 7552K->320K(8192K)] 10851K->3699K(26112K), 0.0003950 secs] [Times: user=0.00 sys=0.00, real=0.00 secs] 
249.381: Total time for which application threads were stopped: 0.0005210 seconds, Stopping threads took: 0.0000560 seconds
249.417: Application time: 0.0363920 seconds
249.417: [GC [PSYoungGen: 7488K->304K(8192K)] 10867K->3779K(26112K), 0.0003760 secs] [Times: user=0.00 sys=0.00, real=0.00 secs] 
249.418: Total time for which application threads were stopped: 0.0004870 seconds, Stopping threads took: 0.0000500 seconds
249.454: Application time: 0.0366800 seconds
249.455: [GC [PSYoungGen: 7472K->352K(8192K)] 10947K->3827K(26112K), 0.0003890 secs] [Times: user=0.00 sys=0.00, real=0.00 secs] 
249.455: Total time for which application threads were stopped: 0.0005110 seconds, Stopping threads took: 0.0000570 seconds
249.492: Application time: 0.0367040 seconds
249.492: [GC [PSYoungGen: 7520K->320K(8192K)] 10995K->3795K(26112K), 0.0004160 secs] [Times: user=0.00 sys=0.00, real=0.00 secs] 
249.492: Total time for which application threads were stopped: 0.0005310 seconds, Stopping threads took: 0.0000560 seconds
249.529: Application time: 0.0363910 seconds
249.529: [GC [PSYoungGen: 7488K->400K(8192K)] 10963K->3875K(26112K), 0.0003820 secs] [Times: user=0.00 sys=0.00, real=0.00 secs] 
249.529: Total time for which application threads were stopped: 0.0004820 seconds, Stopping threads took: 0.0000490 seconds
249.565: Application time: 0.0361910 seconds
249.565: [GC [PSYoungGen: 7568K->400K(8192K)] 11043K->3875K(26112K), 0.0004370 secs] [Times: user=0.00 sys=0.00, real=0.00 secs] 
249.566: Total time for which application threads were stopped: 0.0005520 seconds, Stopping threads took: 0.0000550 seconds
249.602: Application time: 0.0359110 seconds
249.602: [GC [PSYoungGen: 7568K->496K(8192K)] 11043K->3971K(26112K), 0.0003970 secs] [Times: user=0.00 sys=0.00, real=0.00 secs] 
249.602: Total time for which application threads were stopped: 0.0005050 seconds, Stopping threads took: 0.0000500 seconds
249.640: Application time: 0.0374920 seconds
249.640: [GC [PSYoungGen: 7664K->496K(8192K)] 11139K->3971K(26112K), 0.0004110 secs] [Times: user=0.00 sys=0.00, real=0.00 secs] 
249.640: Total time for which application threads were stopped: 0.0005270 seconds, Stopping threads took: 0.0000560 seconds
249.677: Application time: 0.0368100 seconds
249.677: [GC [PSYoungGen: 7664K->496K(8192K)] 11139K->3971K(26112K), 0.0004280 secs] [Times: user=0.00 sys=0.00, real=0.00 secs] 
249.678: Total time for which application threads were stopped: 0.0005380 seconds, Stopping threads took: 0.0000500 seconds
249.714: Application time: 0.0367920 seconds
249.715: [GC [PSYoungGen: 7664K->512K(8192K)] 11139K->3987K(26112K), 0.0004840 secs] [Times: user=0.00 sys=0.00, real=0.00 secs] 
249.715: Total time for which application threads were stopped: 0.0006240 seconds, Stopping threads took: 0.0000670 seconds
249.753: Application time: 0.0374420 seconds
249.753: [GC [PSYoungGen: 7680K->496K(8192K)] 11155K->3971K(26112K), 0.0004140 secs] [Times: user=0.01 sys=0.00, real=0.00 secs] 
249.753: Total time for which application threads were stopped: 0.0005210 seconds, Stopping threads took: 0.0000470 seconds
249.790: Application time: 0.0366690 seconds
249.790: [GC [PSYoungGen: 7664K->528K(8192K)] 11139K->4003K(26112K), 0.0004370 secs] [Times: user=0.00 sys=0.00, real=0.00 secs] 
249.790: Total time for which application threads were stopped: 0.0005380 seconds, Stopping threads took: 0.0000450 seconds
249.827: Application time: 0.0367160 seconds
249.827: [GC [PSYoungGen: 7696K->480K(8192K)] 11171K->4003K(26112K), 0.0004520 secs] [Times: user=0.01 sys=0.00, real=0.00 secs] 
249.828: Total time for which application threads were stopped: 0.0005510 seconds, Stopping threads took: 0.0000400 seconds
249.864: Application time: 0.0368700 seconds
249.864: [GC [PSYoungGen: 7648K->416K(8192K)] 11171K->3939K(26112K), 0.0004130 secs] [Times: user=0.00 sys=0.00, real=0.00 secs] 
249.865: Total time for which application threads were stopped: 0.0005130 seconds, Stopping threads took: 0.0000420 seconds
249.902: Application time: 0.0367080 seconds
249.902: [GC [PSYoungGen: 7584K->448K(8192K)] 11107K->3971K(26112K), 0.0003900 secs] [Times: user=0.00 sys=0.00, real=0.00 secs] 
249.902: Total time for which application threads were stopped: 0.0005240 seconds, Stopping threads took: 0.0000610 seconds
249.939: Application time: 0.0366790 seconds
249.939: [GC [PSYoungGen: 7616K->416K(8192K)] 11139K->3979K(26112K), 0.0003900 secs] [Times: user=0.01 sys=0.00, real=0.00 secs] 
249.939: Total time for which application threads were stopped: 0.0005060 seconds, Stopping threads took: 0.0000550 seconds
249.977: Application time: 0.0377730 seconds
249.977: [GC [PSYoungGen: 7584K->368K(8192K)] 11147K->3979K(26112K), 0.0004230 secs] [Times: user=0.00 sys=0.00, real=0.00 secs] 
249.978: Total time for which application threads were stopped: 0.0005480 seconds, Stopping threads took: 0.0000590 seconds
250.014: Application time: 0.0363400 seconds
250.014: [GC [PSYoungGen: 7536K->416K(8192K)] 11147K->4083K(26112K), 0.0003880 secs] [Times: user=0.00 sys=0.00, real=0.00 secs] 
250.014: Total time for which application threads were stopped: 0.0004920 seconds, Stopping threads took: 0.0000460 seconds
250.052: Application time: 0.0373930 seconds
250.052: [GC [PSYoungGen: 7584K->416K(8192K)] 11251K->4083K(26112K), 0.0004110 secs] [Times: user=0.00 sys=0.00, real=0.00 secs] 
250.052: Total time for which application threads were stopped: 0.0005110 seconds, Stopping threads took: 0.0000410 seconds
250.089: Application time: 0.0370010 seconds
250.093: [GC [PSYoungGen: 7584K->368K(8192K)] 11251K->4075K(26112K), 0.0004050 secs] [Times: user=0.00 sys=0.00, real=0.00 secs] 
250.093: Total time for which application threads were stopped: 0.0037880 seconds, Stopping threads took: 0.0033250 seconds
250.131: Application time: 0.0373370 seconds
250.131: [GC [PSYoungGen: 7536K->352K(8192K)] 11243K->4123K(26112K), 0.0004300 secs] [Times: user=0.00 sys=0.00, real=0.00 secs] 
250.131: Total time for which application threads were stopped: 0.0005750 seconds, Stopping threads took: 0.0000740 seconds
250.167: Application time: 0.0362990 seconds
250.167: [GC [PSYoungGen: 7520K->304K(8192K)] 11291K->4163K(26112K), 0.0003890 secs] [Times: user=0.00 sys=0.00, real=0.00 secs] 
250.168: Total time for which application threads were stopped: 0.0005010 seconds, Stopping threads took: 0.0000530 seconds
250.204: Application time: 0.0365240 seconds
250.205: [GC [PSYoungGen: 7472K->368K(8192K)] 11331K->4227K(26112K), 0.0003830 secs] [Times: user=0.00 sys=0.00, real=0.00 secs] 
250.205: Total time for which application threads were stopped: 0.0005070 seconds, Stopping threads took: 0.0000610 seconds
250.242: Application time: 0.0366760 seconds
250.242: [GC [PSYoungGen: 7536K->384K(8192K)] 11395K->4243K(26112K), 0.0003670 secs] [Times: user=0.00 sys=0.00, real=0.00 secs] 
250.242: Total time for which application threads were stopped: 0.0004830 seconds, Stopping threads took: 0.0000550 seconds
250.278: Application time: 0.0361390 seconds
250.278: [GC [PSYoungGen: 7552K->400K(8192K)] 11411K->4259K(26112K), 0.0004380 secs] [Times: user=0.00 sys=0.00, real=0.00 secs] 
250.279: Total time for which application threads were stopped: 0.0005570 seconds, Stopping threads took: 0.0000570 seconds
250.315: Application time: 0.0360520 seconds
250.315: [GC [PSYoungGen: 7568K->464K(8192K)] 11427K->4323K(26112K), 0.0003960 secs] [Times: user=0.00 sys=0.00, real=0.00 secs] 
250.315: Total time for which application threads were stopped: 0.0005170 seconds, Stopping threads took: 0.0000540 seconds
250.352: Application time: 0.0362800 seconds
250.353: [GC [PSYoungGen: 7632K->496K(8192K)] 11491K->4355K(26112K), 0.0004650 secs] [Times: user=0.00 sys=0.00, real=0.00 secs] 
250.353: Total time for which application threads were stopped: 0.0016130 seconds, Stopping threads took: 0.0010840 seconds
250.390: Application time: 0.0367630 seconds
250.390: [GC [PSYoungGen: 7664K->528K(8192K)] 11523K->4387K(26112K), 0.0003980 secs] [Times: user=0.00 sys=0.00, real=0.00 secs] 
250.391: Total time for which application threads were stopped: 0.0005250 seconds, Stopping threads took: 0.0000690 seconds
250.427: Application time: 0.0368500 seconds
250.428: [GC [PSYoungGen: 7696K->496K(8192K)] 11555K->4355K(26112K), 0.0003960 secs] [Times: user=0.00 sys=0.00, real=0.00 secs] 
250.428: Total time for which application threads were stopped: 0.0005160 seconds, Stopping threads took: 0.0000550 seconds
250.465: Application time: 0.0368090 seconds
250.469: [GC [PSYoungGen: 7664K->464K(8192K)] 11523K->4323K(26112K), 0.0004040 secs] [Times: user=0.00 sys=0.00, real=0.00 secs] 
250.469: Total time for which application threads were stopped: 0.0044580 seconds, Stopping threads took: 0.0040000 seconds
250.506: Application time: 0.0367220 seconds
250.506: [GC [PSYoungGen: 7632K->464K(8192K)] 11491K->4323K(26112K), 0.0004240 secs] [Times: user=0.00 sys=0.00, real=0.00 secs] 
250.506: Total time for which application threads were stopped: 0.0005270 seconds, Stopping threads took: 0.0000410 seconds
250.543: Application time: 0.0366630 seconds
250.543: [GC [PSYoungGen: 7632K->464K(8192K)] 11491K->4323K(26112K), 0.0004080 secs] [Times: user=0.00 sys=0.00, real=0.00 secs] 
250.544: Total time for which application threads were stopped: 0.0005070 seconds, Stopping threads took: 0.0000410 seconds
250.580: Application time: 0.0366970 seconds
250.580: [GC [PSYoungGen: 7632K->464K(8192K)] 11491K->4379K(26112K), 0.0004150 secs] [Times: user=0.01 sys=0.00, real=0.00 secs] 
250.581: Total time for which application threads were stopped: 0.0005130 seconds, Stopping threads took: 0.0000370 seconds
250.617: Application time: 0.0366530 seconds
250.618: [GC [PSYoungGen: 7632K->480K(8192K)] 11547K->4395K(26112K), 0.0004030 secs] [Times: user=0.01 sys=0.00, real=0.00 secs] 
250.618: Total time for which application threads were stopped: 0.0005160 seconds, Stopping threads took: 0.0000520 seconds
250.655: Application time: 0.0367260 seconds
250.655: [GC [PSYoungGen: 7648K->480K(8192K)] 11563K->4395K(26112K), 0.0004110 secs] [Times: user=0.00 sys=0.00, real=0.00 secs] 
250.655: Total time for which application threads were stopped: 0.0005230 seconds, Stopping threads took: 0.0000540 seconds
250.692: Application time: 0.0366240 seconds
250.692: [GC [PSYoungGen: 7648K->448K(8192K)] 11563K->4419K(26112K), 0.0004000 secs] [Times: user=0.00 sys=0.00, real=0.00 secs] 
250.692: Total time for which application threads were stopped: 0.0005350 seconds, Stopping threads took: 0.0000770 seconds
250.729: Application time: 0.0369210 seconds
250.729: [GC [PSYoungGen: 7616K->400K(8192K)] 11587K->4419K(26112K), 0.0004480 secs] [Times: user=0.00 sys=0.00, real=0.00 secs] 
250.730: Total time for which application threads were stopped: 0.0005810 seconds, Stopping threads took: 0.0000620 seconds
250.766: Application time: 0.0365010 seconds
250.767: [GC [PSYoungGen: 7568K->400K(8192K)] 11587K->4467K(26112K), 0.0004010 secs] [Times: user=0.00 sys=0.00, real=0.00 secs] 
250.767: Total time for which application threads were stopped: 0.0005110 seconds, Stopping threads took: 0.0000520 seconds
250.804: Application time: 0.0370870 seconds
250.804: [GC [PSYoungGen: 7568K->416K(8192K)] 11635K->4483K(26112K), 0.0003880 secs] [Times: user=0.00 sys=0.00, real=0.00 secs] 
250.805: Total time for which application threads were stopped: 0.0004900 seconds, Stopping threads took: 0.0000440 seconds
250.841: Application time: 0.0367010 seconds
250.841: [GC [PSYoungGen: 7584K->368K(8192K)] 11651K->4483K(26112K), 0.0004170 secs] [Times: user=0.01 sys=0.00, real=0.00 secs] 
250.842: Total time for which application threads were stopped: 0.0005210 seconds, Stopping threads took: 0.0000480 seconds
250.878: Application time: 0.0359530 seconds
250.878: [GC [PSYoungGen: 7536K->368K(8192K)] 11651K->4579K(26112K), 0.0003800 secs] [Times: user=0.00 sys=0.00, real=0.00 secs] 
250.878: Total time for which application threads were stopped: 0.0005020 seconds, Stopping threads took: 0.0000570 seconds
250.915: Application time: 0.0368240 seconds
250.915: [GC [PSYoungGen: 7536K->304K(8192K)] 11747K->4563K(26112K), 0.0004100 secs] [Times: user=0.00 sys=0.00, real=0.00 secs] 
250.916: Total time for which application threads were stopped: 0.0005200 seconds, Stopping threads took: 0.0000490 seconds
250.952: Application time: 0.0363130 seconds
250.952: [GC [PSYoungGen: 7472K->368K(8192K)] 11731K->4627K(26112K), 0.0003980 secs] [Times: user=0.00 sys=0.00, real=0.00 secs] 
250.952: Total time for which application threads were stopped: 0.0005170 seconds, Stopping threads took: 0.0000500 seconds
250.989: Application time: 0.0367600 seconds
250.989: [GC [PSYoungGen: 7536K->400K(8192K)] 11795K->4659K(26112K), 0.0003880 secs] [Times: user=0.00 sys=0.00, real=0.00 secs] 
250.990: Total time for which application threads were stopped: 0.0005040 seconds, Stopping threads took: 0.0000540 seconds
251.026: Application time: 0.0364800 seconds
251.026: [GC [PSYoungGen: 7568K->416K(8192K)] 11827K->4675K(26112K), 0.0004680 secs] [Times: user=0.00 sys=0.00, real=0.00 secs] 
251.027: Total time for which application threads were stopped: 0.0005730 seconds, Stopping threads took: 0.0000410 seconds
251.062: Application time: 0.0353110 seconds
251.062: [GC [PSYoungGen: 7584K->480K(8192K)] 11843K->4739K(26112K), 0.0004130 secs] [Times: user=0.00 sys=0.00, real=0.00 secs] 
251.063: Total time for which application threads were stopped: 0.0005310 seconds, Stopping threads took: 0.0000550 seconds
251.099: Application time: 0.0367780 seconds
251.099: [GC [PSYoungGen: 7648K->480K(8192K)] 11907K->4739K(26112K), 0.0004120 secs] [Times: user=0.00 sys=0.00, real=0.00 secs] 
251.100: Total time for which application threads were stopped: 0.0005240 seconds, Stopping threads took: 0.0000500 seconds
251.137: Application time: 0.0366970 seconds
251.137: [GC [PSYoungGen: 7648K->496K(8192K)] 11907K->4755K(26112K), 0.0004220 secs] [Times: user=0.00 sys=0.00, real=0.01 secs] 
251.137: Total time for which application threads were stopped: 0.0005300 seconds, Stopping threads took: 0.0000450 seconds
251.174: Application time: 0.0368800 seconds
251.174: [GC [PSYoungGen: 7664K->496K(8192K)] 11923K->4755K(26112K), 0.0004400 secs] [Times: user=0.00 sys=0.00, real=0.00 secs] 
251.175: Total time for which application threads were stopped: 0.0005590 seconds, Stopping threads took: 0.0000580 seconds
251.211: Application time: 0.0366650 seconds
251.213: [GC [PSYoungGen: 7664K->512K(8192K)] 11923K->4771K(26112K), 0.0004400 secs] [Times: user=0.01 sys=0.00, real=0.00 secs] 
251.213: Total time for which application threads were stopped: 0.0020220 seconds, Stopping threads took: 0.0015230 seconds
251.250: Application time: 0.0366600 seconds
251.250: [GC [PSYoungGen: 7680K->512K(8192K)] 11939K->4771K(26112K), 0.0004150 secs] [Times: user=0.00 sys=0.00, real=0.00 secs] 
251.250: Total time for which application threads were stopped: 0.0005330 seconds, Stopping threads took: 0.0000600 seconds
251.287: Application time: 0.0366750 seconds
251.287: [GC [PSYoungGen: 7680K->480K(8192K)] 11939K->4787K(26112K), 0.0004190 secs] [Times: user=0.01 sys=0.00, real=0.00 secs] 
251.288: Total time for which application threads were stopped: 0.0005320 seconds, Stopping threads took: 0.0000540 seconds
251.324: Application time: 0.0366590 seconds
251.324: [GC [PSYoungGen: 7648K->432K(8192K)] 11955K->4739K(26112K), 0.0004280 secs] [Times: user=0.00 sys=0.00, real=0.00 secs] 
251.325: Total time for which application threads were stopped: 0.0005400 seconds, Stopping threads took: 0.0000510 seconds
251.362: Application time: 0.0373030 seconds
251.362: [GC [PSYoungGen: 7600K->432K(8192K)] 11907K->4739K(26112K), 0.0004450 secs] [Times: user=0.00 sys=0.00, real=0.00 secs] 
251.363: Total time for which application threads were stopped: 0.0005570 seconds, Stopping threads took: 0.0000550 seconds
251.399: Application time: 0.0368090 seconds
251.400: [GC [PSYoungGen: 7600K->432K(8192K)] 11907K->4739K(26112K), 0.0004580 secs] [Times: user=0.00 sys=0.00, real=0.00 secs] 
251.401: Total time for which application threads were stopped: 0.0016530 seconds, Stopping threads took: 0.0000340 seconds
251.438: Application time: 0.0366980 seconds
251.438: [GC [PSYoungGen: 7600K->384K(8192K)] 11907K->4787K(26112K), 0.0004230 secs] [Times: user=0.00 sys=0.00, real=0.00 secs] 
251.438: Total time for which application threads were stopped: 0.0005410 seconds, Stopping threads took: 0.0000590 seconds
251.476: Application time: 0.0374700 seconds
251.476: [GC [PSYoungGen: 7552K->400K(8192K)] 11955K->4804K(26112K), 0.0004750 secs] [Times: user=0.00 sys=0.00, real=0.00 secs] 
251.477: Total time for which application threads were stopped: 0.0007170 seconds, Stopping threads took: 0.0001590 seconds
251.513: Application time: 0.0367120 seconds
251.513: [GC [PSYoungGen: 7568K->400K(8192K)] 11972K->4852K(26112K), 0.0004220 secs] [Times: user=0.00 sys=0.00, real=0.00 secs] 
251.514: Total time for which application threads were stopped: 0.0005650 seconds, Stopping threads took: 0.0000820 seconds
251.551: Application time: 0.0367220 seconds
251.551: [GC [PSYoungGen: 7568K->384K(8192K)] 12020K->4836K(26112K), 0.0003860 secs] [Times: user=0.01 sys=0.00, real=0.00 secs] 
251.551: Total time for which application threads were stopped: 0.0004980 seconds, Stopping threads took: 0.0000510 seconds
251.588: Application time: 0.0367220 seconds
251.588: [GC [PSYoungGen: 7552K->368K(8192K)] 12004K->4884K(26112K), 0.0003920 secs] [Times: user=0.00 sys=0.00, real=0.00 secs] 
251.588: Total time for which application threads were stopped: 0.0005060 seconds, Stopping threads took: 0.0000510 seconds
251.625: Application time: 0.0367810 seconds
251.625: [GC [PSYoungGen: 7536K->336K(8192K)] 12052K->4964K(26112K), 0.0004410 secs] [Times: user=0.00 sys=0.00, real=0.00 secs] 
251.626: Total time for which application threads were stopped: 0.0005840 seconds, Stopping threads took: 0.0000760 seconds
251.662: Application time: 0.0365020 seconds
251.662: [GC [PSYoungGen: 7504K->352K(8192K)] 12132K->4980K(26112K), 0.0003870 secs] [Times: user=0.00 sys=0.00, real=0.00 secs] 
251.663: Total time for which application threads were stopped: 0.0005090 seconds, Stopping threads took: 0.0000560 seconds
251.699: Application time: 0.0368010 seconds
251.700: [GC [PSYoungGen: 7520K->400K(8192K)] 12148K->5028K(26112K), 0.0004170 secs] [Times: user=0.00 sys=0.00, real=0.00 secs] 
251.700: Total time for which application threads were stopped: 0.0005340 seconds, Stopping threads took: 0.0000550 seconds
251.737: Application time: 0.0367670 seconds
251.737: [GC [PSYoungGen: 7568K->320K(8192K)] 12196K->4948K(26112K), 0.0004370 secs] [Times: user=0.00 sys=0.00, real=0.00 secs] 
251.737: Total time for which application threads were stopped: 0.0005680 seconds, Stopping threads took: 0.0000580 seconds
251.774: Application time: 0.0363730 seconds
251.774: [GC [PSYoungGen: 7488K->400K(8192K)] 12116K->5028K(26112K), 0.0004260 secs] [Times: user=0.00 sys=0.00, real=0.00 secs] 
251.774: Total time for which application threads were stopped: 0.0005450 seconds, Stopping threads took: 0.0000550 seconds
251.810: Application time: 0.0354080 seconds
251.810: [GC [PSYoungGen: 7568K->480K(8192K)] 12196K->5108K(26112K), 0.0004530 secs] [Times: user=0.00 sys=0.00, real=0.00 secs] 
251.810: Total time for which application threads were stopped: 0.0005700 seconds, Stopping threads took: 0.0000520 seconds
251.847: Application time: 0.0365570 seconds
251.847: [GC [PSYoungGen: 7648K->544K(8192K)] 12276K->5172K(26112K), 0.0004630 secs] [Times: user=0.00 sys=0.00, real=0.00 secs] 
251.847: Total time for which application threads were stopped: 0.0005830 seconds, Stopping threads took: 0.0000470 seconds
251.884: Application time: 0.0368350 seconds
251.884: [GC [PSYoungGen: 7712K->480K(8192K)] 12340K->5108K(26112K), 0.0004130 secs] [Times: user=0.01 sys=0.00, real=0.00 secs] 
251.885: Total time for which application threads were stopped: 0.0005290 seconds, Stopping threads took: 0.0000550 seconds
251.921: Application time: 0.0367140 seconds
251.922: [GC [PSYoungGen: 7648K->464K(8192K)] 12276K->5092K(26112K), 0.0004140 secs] [Times: user=0.00 sys=0.00, real=0.00 secs] 
251.922: Total time for which application threads were stopped: 0.0005140 seconds, Stopping threads took: 0.0000400 seconds
251.960: Application time: 0.0375290 seconds
251.960: [GC [PSYoungGen: 7632K->528K(8192K)] 12260K->5156K(26112K), 0.0004990 secs] [Times: user=0.00 sys=0.00, real=0.00 secs] 
251.960: Total time for which application threads were stopped: 0.0006100 seconds, Stopping threads took: 0.0000560 seconds
251.997: Application time: 0.0367330 seconds
251.997: [GC [PSYoungGen: 7696K->544K(8192K)] 12324K->5172K(26112K), 0.0004090 secs] [Times: user=0.00 sys=0.00, real=0.00 secs] 
251.997: Total time for which application threads were stopped: 0.0005340 seconds, Stopping threads took: 0.0000570 seconds
252.034: Application time: 0.0365710 seconds
252.034: [GC [PSYoungGen: 7712K->480K(8192K)] 12340K->5164K(26112K), 0.0004730 secs] [Times: user=0.00 sys=0.00, real=0.00 secs] 
252.035: Total time for which application threads were stopped: 0.0005840 seconds, Stopping threads took: 0.0000510 seconds
252.071: Application time: 0.0367410 seconds
252.071: [GC [PSYoungGen: 7648K->448K(8192K)] 12332K->5132K(26112K), 0.0004020 secs] [Times: user=0.00 sys=0.00, real=0.00 secs] 
252.072: Total time for which application threads were stopped: 0.0005100 seconds, Stopping threads took: 0.0000490 seconds
252.108: Application time: 0.0366760 seconds
252.109: [GC [PSYoungGen: 7616K->464K(8192K)] 12300K->5148K(26112K), 0.0004280 secs] [Times: user=0.00 sys=0.00, real=0.01 secs] 
252.109: Total time for which application threads were stopped: 0.0005300 seconds, Stopping threads took: 0.0000440 seconds
252.146: Application time: 0.0365710 seconds
252.149: [GC [PSYoungGen: 7632K->432K(8192K)] 12316K->5116K(26112K), 0.0004040 secs] [Times: user=0.00 sys=0.00, real=0.00 secs] 
252.149: Total time for which application threads were stopped: 0.0035710 seconds, Stopping threads took: 0.0031060 seconds
252.186: Application time: 0.0366090 seconds
252.186: [GC [PSYoungGen: 7600K->400K(8192K)] 12284K->5172K(26112K), 0.0004060 secs] [Times: user=0.00 sys=0.00, real=0.00 secs] 
252.186: Total time for which application threads were stopped: 0.0005300 seconds, Stopping threads took: 0.0000670 seconds
252.222: Application time: 0.0360570 seconds
252.222: [GC [PSYoungGen: 7568K->416K(8192K)] 12340K->5236K(26112K), 0.0004000 secs] [Times: user=0.00 sys=0.00, real=0.00 secs] 
252.223: Total time for which application threads were stopped: 0.0005160 seconds, Stopping threads took: 0.0000550 seconds
252.260: Application time: 0.0367790 seconds
252.260: [GC [PSYoungGen: 7584K->384K(8192K)] 12404K->5204K(26112K), 0.0003880 secs] [Times: user=0.00 sys=0.00, real=0.00 secs] 
252.260: Total time for which application threads were stopped: 0.0005030 seconds, Stopping threads took: 0.0000540 seconds
252.297: Application time: 0.0367850 seconds
252.297: [GC [PSYoungGen: 7552K->416K(8192K)] 12372K->5236K(26112K), 0.0004040 secs] [Times: user=0.00 sys=0.00, real=0.00 secs] 
252.297: Total time for which application threads were stopped: 0.0005060 seconds, Stopping threads took: 0.0000420 seconds
252.334: Application time: 0.0367090 seconds
252.334: [GC [PSYoungGen: 7584K->352K(8192K)] 12404K->5228K(26112K), 0.0004150 secs] [Times: user=0.00 sys=0.00, real=0.00 secs] 
252.335: Total time for which application threads were stopped: 0.0005330 seconds, Stopping threads took: 0.0000560 seconds
252.371: Application time: 0.0358130 seconds
252.371: [GC [PSYoungGen: 7520K->368K(8192K)] 12396K->5356K(26112K), 0.0004090 secs] [Times: user=0.00 sys=0.00, real=0.00 secs] 
252.371: Total time for which application threads were stopped: 0.0005180 seconds, Stopping threads took: 0.0000470 seconds
252.407: Application time: 0.0363690 seconds
252.408: [GC [PSYoungGen: 7536K->416K(8192K)] 12524K->5404K(26112K), 0.0003760 secs] [Times: user=0.00 sys=0.00, real=0.00 secs] 
252.408: Total time for which application threads were stopped: 0.0004900 seconds, Stopping threads took: 0.0000540 seconds
252.445: Application time: 0.0369940 seconds
252.445: [GC [PSYoungGen: 7584K->368K(8192K)] 12572K->5356K(26112K), 0.0003820 secs] [Times: user=0.00 sys=0.00, real=0.00 secs] 
252.445: Total time for which application threads were stopped: 0.0004950 seconds, Stopping threads took: 0.0000540 seconds
252.482: Application time: 0.0363650 seconds
252.482: [GC [PSYoungGen: 7536K->384K(8192K)] 12524K->5372K(26112K), 0.0004190 secs] [Times: user=0.00 sys=0.00, real=0.00 secs] 
252.482: Total time for which application threads were stopped: 0.0005370 seconds, Stopping threads took: 0.0000560 seconds
252.519: Application time: 0.0364440 seconds
252.519: [GC [PSYoungGen: 7552K->448K(8192K)] 12540K->5436K(26112K), 0.0003880 secs] [Times: user=0.00 sys=0.00, real=0.00 secs] 
252.519: Total time for which application threads were stopped: 0.0005120 seconds, Stopping threads took: 0.0000510 seconds
252.555: Application time: 0.0357050 seconds
252.555: [GC [PSYoungGen: 7616K->480K(8192K)] 12604K->5468K(26112K), 0.0004550 secs] [Times: user=0.00 sys=0.00, real=0.00 secs] 
252.556: Total time for which application threads were stopped: 0.0005620 seconds, Stopping threads took: 0.0000480 seconds
252.596: Application time: 0.0400390 seconds
252.596: [GC [PSYoungGen: 7648K->496K(8192K)] 12636K->5484K(26112K), 0.0004200 secs] [Times: user=0.00 sys=0.00, real=0.00 secs] 
252.596: Total time for which application threads were stopped: 0.0005400 seconds, Stopping threads took: 0.0000560 seconds
252.633: Application time: 0.0368320 seconds
252.633: [GC [PSYoungGen: 7664K->544K(8192K)] 12652K->5532K(26112K), 0.0004000 secs] [Times: user=0.00 sys=0.00, real=0.00 secs] 
252.633: Total time for which application threads were stopped: 0.0005170 seconds, Stopping threads took: 0.0000560 seconds
252.670: Application time: 0.0368020 seconds
252.670: [GC [PSYoungGen: 7712K->480K(8192K)] 12700K->5468K(26112K), 0.0004850 secs] [Times: user=0.00 sys=0.00, real=0.00 secs] 
252.671: Total time for which application threads were stopped: 0.0005920 seconds, Stopping threads took: 0.0000470 seconds
252.708: Application time: 0.0370320 seconds
252.708: [GC [PSYoungGen: 7648K->464K(8192K)] 12636K->5452K(26112K), 0.0004700 secs] [Times: user=0.00 sys=0.00, real=0.00 secs] 
252.708: Total time for which application threads were stopped: 0.0005990 seconds, Stopping threads took: 0.0000560 seconds
252.745: Application time: 0.0367080 seconds
252.745: [GC [PSYoungGen: 7632K->480K(8192K)] 12620K->5468K(26112K), 0.0004080 secs] [Times: user=0.01 sys=0.00, real=0.00 secs] 
252.746: Total time for which application threads were stopped: 0.0005260 seconds, Stopping threads took: 0.0000570 seconds
252.782: Application time: 0.0366260 seconds
252.782: [GC [PSYoungGen: 7648K->448K(8192K)] 12636K->5492K(26112K), 0.0004720 secs] [Times: user=0.00 sys=0.00, real=0.00 secs] 
252.783: Total time for which application threads were stopped: 0.0005860 seconds, Stopping threads took: 0.0000540 seconds
252.820: Application time: 0.0367380 seconds
252.821: [GC [PSYoungGen: 7616K->480K(8192K)] 12660K->5524K(26112K), 0.0004500 secs] [Times: user=0.00 sys=0.00, real=0.00 secs] 
252.821: Total time for which application threads were stopped: 0.0015300 seconds, Stopping threads took: 0.0010200 seconds
252.858: Application time: 0.0366210 seconds
252.858: [GC [PSYoungGen: 7648K->480K(8192K)] 12692K->5524K(26112K), 0.0004060 secs] [Times: user=0.00 sys=0.00, real=0.00 secs] 
252.858: Total time for which application threads were stopped: 0.0005110 seconds, Stopping threads took: 0.0000460 seconds
252.895: Application time: 0.0366500 seconds
252.897: [GC [PSYoungGen: 7648K->480K(8192K)] 12692K->5524K(26112K), 0.0004120 secs] [Times: user=0.01 sys=0.00, real=0.00 secs] 
252.897: Total time for which application threads were stopped: 0.0021750 seconds, Stopping threads took: 0.0017050 seconds
252.934: Application time: 0.0367330 seconds
252.934: [GC [PSYoungGen: 7648K->368K(8192K)] 12692K->5500K(26112K), 0.0004090 secs] [Times: user=0.00 sys=0.00, real=0.00 secs] 
252.934: Total time for which application threads were stopped: 0.0005160 seconds, Stopping threads took: 0.0000440 seconds
252.971: Application time: 0.0365790 seconds
252.971: [GC [PSYoungGen: 7536K->400K(8192K)] 12668K->5572K(26112K), 0.0004010 secs] [Times: user=0.00 sys=0.00, real=0.00 secs] 
252.972: Total time for which application threads were stopped: 0.0005130 seconds, Stopping threads took: 0.0000510 seconds
253.009: Application time: 0.0377360 seconds
253.009: [GC [PSYoungGen: 7568K->368K(8192K)] 12740K->5540K(26112K), 0.0004730 secs] [Times: user=0.00 sys=0.00, real=0.00 secs] 
253.010: Total time for which application threads were stopped: 0.0005960 seconds, Stopping threads took: 0.0000580 seconds
253.047: Application time: 0.0368060 seconds
253.047: [GC [PSYoungGen: 7536K->336K(8192K)] 12708K->5548K(26112K), 0.0003750 secs] [Times: user=0.00 sys=0.00, real=0.00 secs] 
253.047: Total time for which application threads were stopped: 0.0005010 seconds, Stopping threads took: 0.0000560 seconds
253.084: Application time: 0.0367020 seconds
253.084: [GC [PSYoungGen: 7504K->368K(8192K)] 12716K->5636K(26112K), 0.0003770 secs] [Times: user=0.00 sys=0.00, real=0.00 secs] 
253.084: Total time for which application threads were stopped: 0.0004950 seconds, Stopping threads took: 0.0000550 seconds
253.121: Application time: 0.0368400 seconds
253.125: [GC [PSYoungGen: 7536K->320K(8192K)] 12804K->5668K(26112K), 0.0004820 secs] [Times: user=0.00 sys=0.00, real=0.00 secs] 
253.125: Total time for which application threads were stopped: 0.0040650 seconds, Stopping threads took: 0.0035130 seconds
253.162: Application time: 0.0362610 seconds
253.162: [GC [PSYoungGen: 7488K->352K(8192K)] 12836K->5700K(26112K), 0.0003990 secs] [Times: user=0.00 sys=0.00, real=0.00 secs] 
253.162: Total time for which application threads were stopped: 0.0005310 seconds, Stopping threads took: 0.0000680 seconds
253.199: Application time: 0.0367310 seconds
253.199: [GC [PSYoungGen: 7520K->384K(8192K)] 12868K->5732K(26112K), 0.0004240 secs] [Times: user=0.01 sys=0.00, real=0.00 secs] 
253.199: Total time for which application threads were stopped: 0.0005380 seconds, Stopping threads took: 0.0000560 seconds
253.236: Application time: 0.0362960 seconds
253.236: [GC [PSYoungGen: 7552K->432K(8192K)] 12900K->5780K(26112K), 0.0003810 secs] [Times: user=0.00 sys=0.00, real=0.00 secs] 
253.236: Total time for which application threads were stopped: 0.0004880 seconds, Stopping threads took: 0.0000490 seconds
253.272: Application time: 0.0358470 seconds
253.272: [GC [PSYoungGen: 7599K->496K(8192K)] 12948K->5844K(26112K), 0.0003910 secs] [Times: user=0.01 sys=0.00, real=0.00 secs] 
253.272: Total time for which application threads were stopped: 0.0005120 seconds, Stopping threads took: 0.0000580 seconds
253.309: Application time: 0.0364610 seconds
253.309: [GC [PSYoungGen: 7664K->512K(8192K)] 13012K->5860K(26112K), 0.0004300 secs] [Times: user=0.01 sys=0.00, real=0.00 secs] 
253.309: Total time for which application threads were stopped: 0.0005370 seconds, Stopping threads took: 0.0000480 seconds
253.346: Application time: 0.0368150 seconds
253.346: [GC [PSYoungGen: 7680K->464K(8192K)] 13028K->5812K(26112K), 0.0004140 secs] [Times: user=0.00 sys=0.00, real=0.00 secs] 
253.347: Total time for which application threads were stopped: 0.0005260 seconds, Stopping threads took: 0.0000510 seconds
253.384: Application time: 0.0367890 seconds
253.384: [GC [PSYoungGen: 7632K->496K(8192K)] 12980K->5844K(26112K), 0.0004900 secs] [Times: user=0.00 sys=0.00, real=0.00 secs] 
253.384: Total time for which application threads were stopped: 0.0006070 seconds, Stopping threads took: 0.0000490 seconds
253.421: Application time: 0.0368350 seconds
253.421: [GC [PSYoungGen: 7664K->416K(8192K)] 13012K->5764K(26112K), 0.0004130 secs] [Times: user=0.00 sys=0.00, real=0.00 secs] 
253.422: Total time for which application threads were stopped: 0.0005290 seconds, Stopping threads took: 0.0000560 seconds
253.458: Application time: 0.0367240 seconds
253.458: [GC [PSYoungGen: 7584K->480K(8192K)] 12932K->5828K(26112K), 0.0004150 secs] [Times: user=0.00 sys=0.00, real=0.00 secs] 
253.459: Total time for which application threads were stopped: 0.0005180 seconds, Stopping threads took: 0.0000440 seconds
253.496: Application time: 0.0366860 seconds
253.496: [GC [PSYoungGen: 7648K->496K(8192K)] 12996K->5844K(26112K), 0.0004030 secs] [Times: user=0.00 sys=0.00, real=0.00 secs] 
253.496: Total time for which application threads were stopped: 0.0005230 seconds, Stopping threads took: 0.0000560 seconds
253.533: Application time: 0.0367570 seconds
253.533: [GC [PSYoungGen: 7664K->464K(8192K)] 13012K->5868K(26112K), 0.0004550 secs] [Times: user=0.00 sys=0.00, real=0.00 secs] 
253.533: Total time for which application threads were stopped: 0.0005670 seconds, Stopping threads took: 0.0000490 seconds
253.570: Application time: 0.0370060 seconds
253.570: [GC [PSYoungGen: 7632K->464K(8192K)] 13036K->5868K(26112K), 0.0003960 secs] [Times: user=0.00 sys=0.00, real=0.00 secs] 
253.571: Total time for which application threads were stopped: 0.0005130 seconds, Stopping threads took: 0.0000470 seconds
253.608: Application time: 0.0367050 seconds
253.608: [GC [PSYoungGen: 7632K->448K(8192K)] 13036K->5852K(26112K), 0.0004570 secs] [Times: user=0.00 sys=0.00, real=0.00 secs] 
253.608: Total time for which application threads were stopped: 0.0005990 seconds, Stopping threads took: 0.0000780 seconds
253.645: Application time: 0.0364010 seconds
253.645: [GC [PSYoungGen: 7616K->432K(8192K)] 13020K->5836K(26112K), 0.0004070 secs] [Times: user=0.01 sys=0.00, real=0.00 secs] 
253.645: Total time for which application threads were stopped: 0.0005290 seconds, Stopping threads took: 0.0000600 seconds
253.682: Application time: 0.0367310 seconds
253.682: [GC [PSYoungGen: 7600K->416K(8192K)] 13004K->5916K(26112K), 0.0004070 secs] [Times: user=0.00 sys=0.00, real=0.00 secs] 
253.682: Total time for which application threads were stopped: 0.0005180 seconds, Stopping threads took: 0.0000490 seconds
253.719: Application time: 0.0363470 seconds
253.719: [GC [PSYoungGen: 7584K->368K(8192K)] 13084K->5916K(26112K), 0.0004500 secs] [Times: user=0.00 sys=0.00, real=0.00 secs] 
253.719: Total time for which application threads were stopped: 0.0005930 seconds, Stopping threads took: 0.0000650 seconds
253.756: Application time: 0.0368420 seconds
253.756: [GC [PSYoungGen: 7536K->400K(8192K)] 13084K->5948K(26112K), 0.0003860 secs] [Times: user=0.00 sys=0.00, real=0.01 secs] 
253.757: Total time for which application threads were stopped: 0.0005130 seconds, Stopping threads took: 0.0000560 seconds
253.794: Application time: 0.0368330 seconds
253.794: [GC [PSYoungGen: 7568K->368K(8192K)] 13116K->5964K(26112K), 0.0003910 secs] [Times: user=0.00 sys=0.00, real=0.00 secs] 
253.794: Total time for which application threads were stopped: 0.0005040 seconds, Stopping threads took: 0.0000480 seconds
253.831: Application time: 0.0367220 seconds
253.831: [GC [PSYoungGen: 7536K->304K(8192K)] 13132K->5996K(26112K), 0.0003940 secs] [Times: user=0.00 sys=0.00, real=0.00 secs] 
253.831: Total time for which application threads were stopped: 0.0005230 seconds, Stopping threads took: 0.0000610 seconds
253.867: Application time: 0.0357530 seconds
253.867: [GC [PSYoungGen: 7472K->320K(8192K)] 13164K->6068K(26112K), 0.0003800 secs] [Times: user=0.00 sys=0.00, real=0.00 secs] 
253.868: Total time for which application threads were stopped: 0.0004990 seconds, Stopping threads took: 0.0000570 seconds
253.904: Application time: 0.0366510 seconds
253.904: [GC [PSYoungGen: 7488K->352K(8192K)] 13236K->6100K(26112K), 0.0003880 secs] [Times: user=0.00 sys=0.00, real=0.00 secs] 
253.905: Total time for which application threads were stopped: 0.0005160 seconds, Stopping threads took: 0.0000470 seconds
253.942: Application time: 0.0368440 seconds
253.942: [GC [PSYoungGen: 7520K->336K(8192K)] 13268K->6084K(26112K), 0.0003800 secs] [Times: user=0.00 sys=0.00, real=0.00 secs] 
253.942: Total time for which application threads were stopped: 0.0004770 seconds, Stopping threads took: 0.0000350 seconds
253.979: Application time: 0.0364870 seconds
253.979: [GC [PSYoungGen: 7504K->368K(8192K)] 13252K->6116K(26112K), 0.0004200 secs] [Times: user=0.01 sys=0.00, real=0.00 secs] 
253.979: Total time for which application threads were stopped: 0.0005510 seconds, Stopping threads took: 0.0000710 seconds
254.015: Application time: 0.0355250 seconds
254.015: [GC [PSYoungGen: 7536K->448K(8192K)] 13284K->6196K(26112K), 0.0004640 secs] [Times: user=0.00 sys=0.00, real=0.00 secs] 
254.015: Total time for which application threads were stopped: 0.0005790 seconds, Stopping threads took: 0.0000510 seconds
254.052: Application time: 0.0365700 seconds
254.052: [GC [PSYoungGen: 7616K->480K(8192K)] 13364K->6228K(26112K), 0.0004480 secs] [Times: user=0.00 sys=0.00, real=0.00 secs] 
254.052: Total time for which application threads were stopped: 0.0005630 seconds, Stopping threads took: 0.0000530 seconds
254.089: Application time: 0.0368070 seconds
254.089: [GC [PSYoungGen: 7648K->512K(8192K)] 13396K->6260K(26112K), 0.0004180 secs] [Times: user=0.00 sys=0.00, real=0.00 secs] 
254.090: Total time for which application threads were stopped: 0.0005390 seconds, Stopping threads took: 0.0000500 seconds
254.126: Application time: 0.0368210 seconds
254.127: [GC [PSYoungGen: 7680K->480K(8192K)] 13428K->6228K(26112K), 0.0004640 secs] [Times: user=0.00 sys=0.00, real=0.00 secs] 
254.127: Total time for which application threads were stopped: 0.0005790 seconds, Stopping threads took: 0.0000550 seconds
254.164: Application time: 0.0368200 seconds
254.164: [GC [PSYoungGen: 7648K->496K(8192K)] 13396K->6244K(26112K), 0.0004660 secs] [Times: user=0.00 sys=0.00, real=0.00 secs] 
254.164: Total time for which application threads were stopped: 0.0005750 seconds, Stopping threads took: 0.0000460 seconds
254.201: Application time: 0.0367040 seconds
254.201: [GC [PSYoungGen: 7664K->496K(8192K)] 13412K->6244K(26112K), 0.0004060 secs] [Times: user=0.00 sys=0.00, real=0.00 secs] 
254.202: Total time for which application threads were stopped: 0.0005070 seconds, Stopping threads took: 0.0000390 seconds
254.238: Application time: 0.0366550 seconds
254.238: [GC [PSYoungGen: 7664K->544K(8192K)] 13412K->6292K(26112K), 0.0004230 secs] [Times: user=0.00 sys=0.00, real=0.00 secs] 
254.239: Total time for which application threads were stopped: 0.0005360 seconds, Stopping threads took: 0.0000500 seconds
254.276: Application time: 0.0367600 seconds
254.276: [GC [PSYoungGen: 7712K->496K(8192K)] 13460K->6292K(26112K), 0.0004430 secs] [Times: user=0.00 sys=0.00, real=0.00 secs] 
254.276: Total time for which application threads were stopped: 0.0005490 seconds, Stopping threads took: 0.0000480 seconds
254.313: Application time: 0.0367910 seconds
254.313: [GC [PSYoungGen: 7664K->464K(8192K)] 13460K->6260K(26112K), 0.0003990 secs] [Times: user=0.00 sys=0.00, real=0.00 secs] 
254.313: Total time for which application threads were stopped: 0.0005120 seconds, Stopping threads took: 0.0000560 seconds
254.351: Application time: 0.0370420 seconds
254.351: [GC [PSYoungGen: 7632K->480K(8192K)] 13428K->6276K(26112K), 0.0004460 secs] [Times: user=0.00 sys=0.00, real=0.00 secs] 
254.351: Total time for which application threads were stopped: 0.0005530 seconds, Stopping threads took: 0.0000490 seconds
254.387: Application time: 0.0361860 seconds
254.387: [GC [PSYoungGen: 7648K->416K(8192K)] 13444K->6260K(26112K), 0.0003970 secs] [Times: user=0.00 sys=0.00, real=0.00 secs] 
254.388: Total time for which application threads were stopped: 0.0005000 seconds, Stopping threads took: 0.0000450 seconds
254.424: Application time: 0.0366000 seconds
254.424: [GC [PSYoungGen: 7584K->448K(8192K)] 13428K->6357K(26112K), 0.0004200 secs] [Times: user=0.00 sys=0.00, real=0.00 secs] 
254.425: Total time for which application threads were stopped: 0.0005280 seconds, Stopping threads took: 0.0000500 seconds
254.462: Application time: 0.0368110 seconds
254.462: [GC [PSYoungGen: 7616K->368K(8192K)] 13525K->6293K(26112K), 0.0004350 secs] [Times: user=0.00 sys=0.00, real=0.00 secs] 
254.462: Total time for which application threads were stopped: 0.0005390 seconds, Stopping threads took: 0.0000490 seconds
254.500: Application time: 0.0381320 seconds
254.500: [GC [PSYoungGen: 7536K->384K(8192K)] 13461K->6309K(26112K), 0.0004010 secs] [Times: user=0.01 sys=0.00, real=0.00 secs] 
254.501: Total time for which application threads were stopped: 0.0005220 seconds, Stopping threads took: 0.0000560 seconds
254.538: Application time: 0.0367540 seconds
254.538: [GC [PSYoungGen: 7552K->368K(8192K)] 13477K->6349K(26112K), 0.0004040 secs] [Times: user=0.00 sys=0.00, real=0.00 secs] 
254.538: Total time for which application threads were stopped: 0.0005130 seconds, Stopping threads took: 0.0000500 seconds
254.575: Application time: 0.0364560 seconds
254.575: [GC [PSYoungGen: 7536K->336K(8192K)] 13517K->6405K(26112K), 0.0004190 secs] [Times: user=0.01 sys=0.00, real=0.00 secs] 
254.575: Total time for which application threads were stopped: 0.0005310 seconds, Stopping threads took: 0.0000520 seconds
254.611: Application time: 0.0355910 seconds
254.611: [GC [PSYoungGen: 7504K->400K(8192K)] 13573K->6525K(26112K), 0.0003930 secs] [Times: user=0.00 sys=0.00, real=0.00 secs] 
254.611: Total time for which application threads were stopped: 0.0005220 seconds, Stopping threads took: 0.0000570 seconds
254.650: Application time: 0.0386740 seconds
254.650: [GC [PSYoungGen: 7568K->320K(8192K)] 13693K->6445K(26112K), 0.0004420 secs] [Times: user=0.00 sys=0.00, real=0.00 secs] 
254.651: Total time for which application threads were stopped: 0.0005500 seconds, Stopping threads took: 0.0000470 seconds
254.687: Application time: 0.0367760 seconds
254.689: [GC [PSYoungGen: 7488K->352K(8192K)] 13613K->6477K(26112K), 0.0005040 secs] [Times: user=0.00 sys=0.00, real=0.00 secs] 
254.689: Total time for which application threads were stopped: 0.0020160 seconds, Stopping threads took: 0.0014490 seconds
254.726: Application time: 0.0366410 seconds
254.726: [GC [PSYoungGen: 7520K->368K(8192K)] 13645K->6493K(26112K), 0.0004260 secs] [Times: user=0.00 sys=0.00, real=0.00 secs] 
254.727: Total time for which application threads were stopped: 0.0005520 seconds, Stopping threads took: 0.0000560 seconds
254.762: Application time: 0.0353690 seconds
254.762: [GC [PSYoungGen: 7536K->496K(8192K)] 13661K->6621K(26112K), 0.0004600 secs] [Times: user=0.01 sys=0.00, real=0.00 secs] 
254.762: Total time for which application threads were stopped: 0.0005740 seconds, Stopping threads took: 0.0000540 seconds
254.799: Application time: 0.0365490 seconds
254.799: [GC [PSYoungGen: 7664K->464K(8192K)] 13789K->6589K(26112K), 0.0004000 secs] [Times: user=0.00 sys=0.00, real=0.00 secs] 
254.800: Total time for which application threads were stopped: 0.0005160 seconds, Stopping threads took: 0.0000570 seconds
254.836: Application time: 0.0367070 seconds
254.836: [GC [PSYoungGen: 7632K->544K(8192K)] 13757K->6669K(26112K), 0.0004030 secs] [Times: user=0.01 sys=0.00, real=0.01 secs] 
254.837: Total time for which application threads were stopped: 0.0005190 seconds, Stopping threads took: 0.0000560 seconds
254.874: Application time: 0.0367850 seconds
254.874: [GC [PSYoungGen: 7712K->512K(8192K)] 13837K->6637K(26112K), 0.0004150 secs] [Times: user=0.00 sys=0.00, real=0.00 secs] 
254.874: Total time for which application threads were stopped: 0.0005300 seconds, Stopping threads took: 0.0000560 seconds
254.911: Application time: 0.0368060 seconds
254.911: [GC [PSYoungGen: 7680K->496K(8192K)] 13805K->6621K(26112K), 0.0004420 secs] [Times: user=0.00 sys=0.00, real=0.00 secs] 
254.911: Total time for which application threads were stopped: 0.0005630 seconds, Stopping threads took: 0.0000570 seconds
254.948: Application time: 0.0366810 seconds
254.948: [GC [PSYoungGen: 7664K->496K(8192K)] 13789K->6621K(26112K), 0.0004330 secs] [Times: user=0.00 sys=0.00, real=0.00 secs] 
254.949: Total time for which application threads were stopped: 0.0005590 seconds, Stopping threads took: 0.0000590 seconds
254.985: Application time: 0.0367200 seconds
254.985: [GC [PSYoungGen: 7664K->480K(8192K)] 13789K->6653K(26112K), 0.0004020 secs] [Times: user=0.00 sys=0.00, real=0.00 secs] 
254.986: Total time for which application threads were stopped: 0.0005130 seconds, Stopping threads took: 0.0000500 seconds
255.023: Application time: 0.0367730 seconds
255.023: [GC [PSYoungGen: 7648K->448K(8192K)] 13821K->6621K(26112K), 0.0004150 secs] [Times: user=0.01 sys=0.00, real=0.00 secs] 
255.023: Total time for which application threads were stopped: 0.0005250 seconds, Stopping threads took: 0.0000490 seconds
255.060: Application time: 0.0372510 seconds
255.061: [GC [PSYoungGen: 7616K->448K(8192K)] 13789K->6621K(26112K), 0.0004080 secs] [Times: user=0.00 sys=0.00, real=0.00 secs] 
255.061: Total time for which application threads were stopped: 0.0005240 seconds, Stopping threads took: 0.0000560 seconds
255.098: Application time: 0.0366710 seconds
255.098: [GC [PSYoungGen: 7616K->480K(8192K)] 13789K->6653K(26112K), 0.0003860 secs] [Times: user=0.00 sys=0.00, real=0.00 secs] 
255.098: Total time for which application threads were stopped: 0.0004980 seconds, Stopping threads took: 0.0000550 seconds
255.135: Application time: 0.0364370 seconds
255.135: [GC [PSYoungGen: 7648K->448K(8192K)] 13821K->6677K(26112K), 0.0004050 secs] [Times: user=0.00 sys=0.00, real=0.00 secs] 
255.135: Total time for which application threads were stopped: 0.0005370 seconds, Stopping threads took: 0.0000610 seconds
255.171: Application time: 0.0362350 seconds
255.171: [GC [PSYoungGen: 7616K->432K(8192K)] 13845K->6749K(26112K), 0.0004220 secs] [Times: user=0.00 sys=0.00, real=0.00 secs] 
255.172: Total time for which application threads were stopped: 0.0005290 seconds, Stopping threads took: 0.0000440 seconds
255.209: Application time: 0.0368540 seconds
255.209: [GC [PSYoungGen: 7600K->384K(8192K)] 13917K->6701K(26112K), 0.0003950 secs] [Times: user=0.00 sys=0.00, real=0.00 secs] 
255.209: Total time for which application threads were stopped: 0.0005140 seconds, Stopping threads took: 0.0000530 seconds
255.246: Application time: 0.0367360 seconds
255.246: [GC [PSYoungGen: 7552K->352K(8192K)] 13869K->6669K(26112K), 0.0004360 secs] [Times: user=0.00 sys=0.00, real=0.00 secs] 
255.247: Total time for which application threads were stopped: 0.0005470 seconds, Stopping threads took: 0.0000530 seconds
255.283: Application time: 0.0367360 seconds
255.283: [GC [PSYoungGen: 7520K->320K(8192K)] 13837K->6693K(26112K), 0.0004860 secs] [Times: user=0.00 sys=0.00, real=0.00 secs] 
255.284: Total time for which application threads were stopped: 0.0005970 seconds, Stopping threads took: 0.0000550 seconds
255.320: Application time: 0.0357190 seconds
255.320: [GC [PSYoungGen: 7488K->352K(8192K)] 13861K->6813K(26112K), 0.0003920 secs] [Times: user=0.01 sys=0.00, real=0.00 secs] 
255.320: Total time for which application threads were stopped: 0.0005040 seconds, Stopping threads took: 0.0000510 seconds
255.357: Application time: 0.0365900 seconds
255.357: [GC [PSYoungGen: 7520K->416K(8192K)] 13981K->6925K(26112K), 0.0003950 secs] [Times: user=0.00 sys=0.00, real=0.00 secs] 
255.357: Total time for which application threads were stopped: 0.0005140 seconds, Stopping threads took: 0.0000580 seconds
255.394: Application time: 0.0367790 seconds
255.394: [GC [PSYoungGen: 7584K->352K(8192K)] 14093K->6861K(26112K), 0.0003890 secs] [Times: user=0.00 sys=0.00, real=0.00 secs] 
255.395: Total time for which application threads were stopped: 0.0005130 seconds, Stopping threads took: 0.0000640 seconds
255.431: Application time: 0.0368240 seconds
255.431: [GC [PSYoungGen: 7520K->368K(8192K)] 14029K->6877K(26112K), 0.0003650 secs] [Times: user=0.00 sys=0.00, real=0.00 secs] 
255.432: Total time for which application threads were stopped: 0.0004820 seconds, Stopping threads took: 0.0000540 seconds
255.467: Application time: 0.0354980 seconds
255.467: [GC [PSYoungGen: 7536K->480K(8192K)] 14045K->6989K(26112K), 0.0003980 secs] [Times: user=0.00 sys=0.00, real=0.00 secs] 
255.468: Total time for which application threads were stopped: 0.0005040 seconds, Stopping threads took: 0.0000480 seconds
255.504: Application time: 0.0362190 seconds
255.505: [GC [PSYoungGen: 7648K->496K(8192K)] 14157K->7005K(26112K), 0.0004150 secs] [Times: user=0.01 sys=0.00, real=0.00 secs] 
255.505: Total time for which application threads were stopped: 0.0011360 seconds, Stopping threads took: 0.0006560 seconds
255.542: Application time: 0.0366750 seconds
255.542: [GC [PSYoungGen: 7664K->496K(8192K)] 14173K->7005K(26112K), 0.0004250 secs] [Times: user=0.00 sys=0.00, real=0.00 secs] 
255.542: Total time for which application threads were stopped: 0.0005390 seconds, Stopping threads took: 0.0000570 seconds
255.579: Application time: 0.0367530 seconds
255.579: [GC [PSYoungGen: 7664K->496K(8192K)] 14173K->7005K(26112K), 0.0004020 secs] [Times: user=0.00 sys=0.00, real=0.00 secs] 
255.580: Total time for which application threads were stopped: 0.0005120 seconds, Stopping threads took: 0.0000510 seconds
255.617: Application time: 0.0371040 seconds
255.617: [GC [PSYoungGen: 7664K->512K(8192K)] 14173K->7021K(26112K), 0.0004240 secs] [Times: user=0.00 sys=0.00, real=0.00 secs] 
255.617: Total time for which application threads were stopped: 0.0005450 seconds, Stopping threads took: 0.0000590 seconds
255.654: Application time: 0.0368330 seconds
255.657: [GC [PSYoungGen: 7680K->512K(8192K)] 14189K->7021K(26112K), 0.0004260 secs] [Times: user=0.00 sys=0.00, real=0.00 secs] 
255.657: Total time for which application threads were stopped: 0.0030600 seconds, Stopping threads took: 0.0025630 seconds
255.694: Application time: 0.0368980 seconds
255.694: [GC [PSYoungGen: 7680K->512K(8192K)] 14189K->7021K(26112K), 0.0004290 secs] [Times: user=0.01 sys=0.00, real=0.00 secs] 
255.695: Total time for which application threads were stopped: 0.0005470 seconds, Stopping threads took: 0.0000540 seconds
255.732: Application time: 0.0368410 seconds
255.732: [GC [PSYoungGen: 7680K->464K(8192K)] 14189K->7021K(26112K), 0.0004400 secs] [Times: user=0.00 sys=0.00, real=0.00 secs] 
255.732: Total time for which application threads were stopped: 0.0005680 seconds, Stopping threads took: 0.0000550 seconds
255.769: Application time: 0.0368130 seconds
255.769: [GC [PSYoungGen: 7632K->448K(8192K)] 14189K->7005K(26112K), 0.0004020 secs] [Times: user=0.00 sys=0.00, real=0.00 secs] 
255.769: Total time for which application threads were stopped: 0.0005130 seconds, Stopping threads took: 0.0000530 seconds
255.806: Application time: 0.0367530 seconds
255.806: [GC [PSYoungGen: 7616K->480K(8192K)] 14173K->7037K(26112K), 0.0004490 secs] [Times: user=0.00 sys=0.00, real=0.00 secs] 
255.807: Total time for which application threads were stopped: 0.0005620 seconds, Stopping threads took: 0.0000550 seconds
255.843: Application time: 0.0365350 seconds
255.843: [GC [PSYoungGen: 7648K->416K(8192K)] 14205K->6973K(26112K), 0.0004800 secs] [Times: user=0.01 sys=0.00, real=0.00 secs] 
255.844: Total time for which application threads were stopped: 0.0005800 seconds, Stopping threads took: 0.0000370 seconds
255.881: Application time: 0.0366590 seconds
255.881: [GC [PSYoungGen: 7584K->416K(8192K)] 14141K->7069K(26112K), 0.0004000 secs] [Times: user=0.00 sys=0.00, real=0.00 secs] 
255.881: Total time for which application threads were stopped: 0.0005140 seconds, Stopping threads took: 0.0000530 seconds
255.917: Application time: 0.0363640 seconds
255.917: [GC [PSYoungGen: 7584K->384K(8192K)] 14237K->7093K(26112K), 0.0004300 secs] [Times: user=0.00 sys=0.00, real=0.00 secs] 
255.918: Total time for which application threads were stopped: 0.0005410 seconds, Stopping threads took: 0.0000520 seconds
255.955: Application time: 0.0368220 seconds
255.955: [GC [PSYoungGen: 7552K->368K(8192K)] 14261K->7077K(26112K), 0.0004440 secs] [Times: user=0.00 sys=0.00, real=0.00 secs] 
255.955: Total time for which application threads were stopped: 0.0005570 seconds, Stopping threads took: 0.0000550 seconds
255.992: Application time: 0.0367700 seconds
255.992: [GC [PSYoungGen: 7536K->384K(8192K)] 14245K->7093K(26112K), 0.0003950 secs] [Times: user=0.01 sys=0.00, real=0.00 secs] 
255.993: Total time for which application threads were stopped: 0.0004950 seconds, Stopping threads took: 0.0000440 seconds
256.030: Application time: 0.0377440 seconds
256.030: [GC [PSYoungGen: 7552K->272K(8192K)] 14261K->7089K(26112K), 0.0004740 secs] [Times: user=0.00 sys=0.00, real=0.00 secs] 
256.031: Total time for which application threads were stopped: 0.0005900 seconds, Stopping threads took: 0.0000520 seconds
256.067: Application time: 0.0357330 seconds
256.067: [GC [PSYoungGen: 7440K->288K(8192K)] 14257K->7153K(26112K), 0.0004860 secs] [Times: user=0.00 sys=0.00, real=0.00 secs] 
256.067: Total time for which application threads were stopped: 0.0006010 seconds, Stopping threads took: 0.0000510 seconds
256.104: Application time: 0.0364470 seconds
256.104: [GC [PSYoungGen: 7456K->416K(8192K)] 14321K->7281K(26112K), 0.0003880 secs] [Times: user=0.00 sys=0.00, real=0.00 secs] 
256.104: Total time for which application threads were stopped: 0.0005000 seconds, Stopping threads took: 0.0000510 seconds
256.142: Application time: 0.0375610 seconds
256.142: [GC [PSYoungGen: 7584K->400K(8192K)] 14449K->7265K(26112K), 0.0004310 secs] [Times: user=0.00 sys=0.00, real=0.00 secs] 
256.142: Total time for which application threads were stopped: 0.0005690 seconds, Stopping threads took: 0.0000630 seconds
256.179: Application time: 0.0371050 seconds
256.180: [GC [PSYoungGen: 7568K->336K(8192K)] 14433K->7201K(26112K), 0.0003900 secs] [Times: user=0.00 sys=0.00, real=0.00 secs] 
256.180: Total time for which application threads were stopped: 0.0005180 seconds, Stopping threads took: 0.0000550 seconds
256.215: Application time: 0.0353770 seconds
256.215: [GC [PSYoungGen: 7504K->496K(8192K)] 14369K->7361K(26112K), 0.0004100 secs] [Times: user=0.00 sys=0.00, real=0.00 secs] 
256.216: Total time for which application threads were stopped: 0.0005410 seconds, Stopping threads took: 0.0000670 seconds
256.252: Application time: 0.0361130 seconds
256.252: [GC [PSYoungGen: 7664K->512K(8192K)] 14529K->7377K(26112K), 0.0004220 secs] [Times: user=0.00 sys=0.00, real=0.00 secs] 
256.253: Total time for which application threads were stopped: 0.0005290 seconds, Stopping threads took: 0.0000460 seconds
256.290: Application time: 0.0373410 seconds
256.290: [GC [PSYoungGen: 7680K->496K(8192K)] 14545K->7361K(26112K), 0.0004210 secs] [Times: user=0.00 sys=0.00, real=0.00 secs] 
256.290: Total time for which application threads were stopped: 0.0005400 seconds, Stopping threads took: 0.0000580 seconds
256.327: Application time: 0.0368050 seconds
256.327: [GC [PSYoungGen: 7664K->496K(8192K)] 14529K->7361K(26112K), 0.0003990 secs] [Times: user=0.00 sys=0.00, real=0.00 secs] 
256.328: Total time for which application threads were stopped: 0.0005090 seconds, Stopping threads took: 0.0000540 seconds
256.364: Application time: 0.0367330 seconds
256.365: [GC [PSYoungGen: 7664K->496K(8192K)] 14529K->7361K(26112K), 0.0004130 secs] [Times: user=0.00 sys=0.00, real=0.00 secs] 
256.365: Total time for which application threads were stopped: 0.0005200 seconds, Stopping threads took: 0.0000470 seconds
256.402: Application time: 0.0367630 seconds
256.402: [GC [PSYoungGen: 7664K->480K(8192K)] 14529K->7345K(26112K), 0.0005130 secs] [Times: user=0.00 sys=0.00, real=0.00 secs] 
256.403: Total time for which application threads were stopped: 0.0016960 seconds, Stopping threads took: 0.0000380 seconds
256.440: Application time: 0.0366560 seconds
256.440: [GC [PSYoungGen: 7648K->528K(8192K)] 14513K->7393K(26112K), 0.0004160 secs] [Times: user=0.00 sys=0.00, real=0.00 secs] 
256.441: Total time for which application threads were stopped: 0.0005590 seconds, Stopping threads took: 0.0000820 seconds
256.477: Application time: 0.0367530 seconds
256.478: [GC [PSYoungGen: 7696K->464K(8192K)] 14561K->7385K(26112K), 0.0004250 secs] [Times: user=0.00 sys=0.00, real=0.00 secs] 
256.478: Total time for which application threads were stopped: 0.0005460 seconds, Stopping threads took: 0.0000610 seconds
256.515: Application time: 0.0367760 seconds
256.515: [GC [PSYoungGen: 7632K->464K(8192K)] 14553K->7385K(26112K), 0.0004020 secs] [Times: user=0.00 sys=0.00, real=0.00 secs] 
256.515: Total time for which application threads were stopped: 0.0005130 seconds, Stopping threads took: 0.0000560 seconds
256.552: Application time: 0.0366980 seconds
256.552: [GC [PSYoungGen: 7632K->480K(8192K)] 14553K->7401K(26112K), 0.0004740 secs] [Times: user=0.00 sys=0.00, real=0.00 secs] 
256.553: Total time for which application threads were stopped: 0.0005860 seconds, Stopping threads took: 0.0000520 seconds
256.589: Application time: 0.0366410 seconds
256.589: [GC [PSYoungGen: 7648K->432K(8192K)] 14569K->7353K(26112K), 0.0003960 secs] [Times: user=0.00 sys=0.00, real=0.00 secs] 
256.590: Total time for which application threads were stopped: 0.0005000 seconds, Stopping threads took: 0.0000430 seconds
256.626: Application time: 0.0366760 seconds
256.626: [GC [PSYoungGen: 7600K->368K(8192K)] 14521K->7369K(26112K), 0.0004000 secs] [Times: user=0.00 sys=0.00, real=0.00 secs] 
256.627: Total time for which application threads were stopped: 0.0005130 seconds, Stopping threads took: 0.0000490 seconds
256.663: Application time: 0.0365080 seconds
256.663: [GC [PSYoungGen: 7536K->368K(8192K)] 14537K->7417K(26112K), 0.0003940 secs] [Times: user=0.00 sys=0.00, real=0.00 secs] 
256.664: Total time for which application threads were stopped: 0.0005080 seconds, Stopping threads took: 0.0000530 seconds
256.701: Application time: 0.0368410 seconds
256.701: [GC [PSYoungGen: 7536K->400K(8192K)] 14585K->7449K(26112K), 0.0003950 secs] [Times: user=0.00 sys=0.00, real=0.00 secs] 
256.701: Total time for which application threads were stopped: 0.0005130 seconds, Stopping threads took: 0.0000480 seconds
256.738: Application time: 0.0368020 seconds
256.738: [GC [PSYoungGen: 7568K->384K(8192K)] 14617K->7433K(26112K), 0.0004180 secs] [Times: user=0.00 sys=0.00, real=0.00 secs] 
256.739: Total time for which application threads were stopped: 0.0005420 seconds, Stopping threads took: 0.0000560 seconds
256.775: Application time: 0.0366360 seconds
256.775: [GC [PSYoungGen: 7552K->320K(8192K)] 14601K->7509K(26112K), 0.0004070 secs] [Times: user=0.00 sys=0.00, real=0.00 secs] 
256.776: Total time for which application threads were stopped: 0.0005220 seconds, Stopping threads took: 0.0000570 seconds
256.812: Application time: 0.0362890 seconds
256.812: [GC [PSYoungGen: 7488K->320K(8192K)] 14677K->7581K(26112K), 0.0003870 secs] [Times: user=0.00 sys=0.00, real=0.00 secs] 
256.813: Total time for which application threads were stopped: 0.0005020 seconds, Stopping threads took: 0.0000540 seconds
256.849: Application time: 0.0361150 seconds
256.849: [GC [PSYoungGen: 7488K->384K(8192K)] 14749K->7645K(26112K), 0.0004090 secs] [Times: user=0.00 sys=0.00, real=0.00 secs] 
256.849: Total time for which application threads were stopped: 0.0005240 seconds, Stopping threads took: 0.0000530 seconds
256.886: Application time: 0.0366880 seconds
256.886: [GC [PSYoungGen: 7552K->368K(8192K)] 14813K->7629K(26112K), 0.0003720 secs] [Times: user=0.00 sys=0.00, real=0.00 secs] 
256.886: Total time for which application threads were stopped: 0.0004880 seconds, Stopping threads took: 0.0000580 seconds
256.923: Application time: 0.0365070 seconds
256.923: [GC [PSYoungGen: 7536K->400K(8192K)] 14797K->7661K(26112K), 0.0004150 secs] [Times: user=0.01 sys=0.00, real=0.00 secs] 
256.923: Total time for which application threads were stopped: 0.0005230 seconds, Stopping threads took: 0.0000440 seconds
256.959: Application time: 0.0360530 seconds
256.960: [GC [PSYoungGen: 7568K->464K(8192K)] 14829K->7725K(26112K), 0.0004710 secs] [Times: user=0.01 sys=0.00, real=0.00 secs] 
256.960: Total time for which application threads were stopped: 0.0005850 seconds, Stopping threads took: 0.0000440 seconds
256.996: Application time: 0.0364520 seconds
256.997: [GC [PSYoungGen: 7632K->544K(8192K)] 14893K->7805K(26112K), 0.0004990 secs] [Times: user=0.00 sys=0.00, real=0.01 secs] 
256.997: Total time for which application threads were stopped: 0.0006170 seconds, Stopping threads took: 0.0000570 seconds
257.034: Application time: 0.0367000 seconds
257.034: [GC [PSYoungGen: 7712K->528K(8192K)] 14973K->7789K(26112K), 0.0004570 secs] [Times: user=0.00 sys=0.00, real=0.00 secs] 
257.034: Total time for which application threads were stopped: 0.0005740 seconds, Stopping threads took: 0.0000550 seconds
257.071: Application time: 0.0367560 seconds
257.071: [GC [PSYoungGen: 7696K->528K(8192K)] 14957K->7789K(26112K), 0.0004100 secs] [Times: user=0.00 sys=0.00, real=0.00 secs] 
257.072: Total time for which application threads were stopped: 0.0005280 seconds, Stopping threads took: 0.0000550 seconds
257.108: Application time: 0.0368210 seconds
257.109: [GC [PSYoungGen: 7696K->464K(8192K)] 14957K->7725K(26112K), 0.0004300 secs] [Times: user=0.00 sys=0.00, real=0.01 secs] 
257.109: Total time for which application threads were stopped: 0.0005320 seconds, Stopping threads took: 0.0000420 seconds
257.146: Application time: 0.0366630 seconds
257.146: [GC [PSYoungGen: 7632K->480K(8192K)] 14893K->7741K(26112K), 0.0004100 secs] [Times: user=0.00 sys=0.00, real=0.00 secs] 
257.146: Total time for which application threads were stopped: 0.0005150 seconds, Stopping threads took: 0.0000440 seconds
257.183: Application time: 0.0366210 seconds
257.183: [GC [PSYoungGen: 7648K->528K(8192K)] 14909K->7789K(26112K), 0.0004590 secs] [Times: user=0.00 sys=0.00, real=0.00 secs] 
257.183: Total time for which application threads were stopped: 0.0005670 seconds, Stopping threads took: 0.0000460 seconds
257.220: Application time: 0.0369640 seconds
257.220: [GC [PSYoungGen: 7696K->496K(8192K)] 14957K->7805K(26112K), 0.0004110 secs] [Times: user=0.00 sys=0.00, real=0.00 secs] 
257.221: Total time for which application threads were stopped: 0.0005270 seconds, Stopping threads took: 0.0000490 seconds
257.258: Application time: 0.0369350 seconds
257.258: [GC [PSYoungGen: 7664K->464K(8192K)] 14973K->7773K(26112K), 0.0004360 secs] [Times: user=0.00 sys=0.00, real=0.00 secs] 
257.258: Total time for which application threads were stopped: 0.0005590 seconds, Stopping threads took: 0.0000550 seconds
257.295: Application time: 0.0367290 seconds
257.295: [GC [PSYoungGen: 7632K->512K(8192K)] 14941K->7821K(26112K), 0.0004380 secs] [Times: user=0.01 sys=0.00, real=0.00 secs] 
257.296: Total time for which application threads were stopped: 0.0005520 seconds, Stopping threads took: 0.0000490 seconds
257.332: Application time: 0.0365940 seconds
257.332: [GC [PSYoungGen: 7680K->400K(8192K)] 14989K->7765K(26112K), 0.0004080 secs] [Times: user=0.00 sys=0.00, real=0.00 secs] 
257.333: Total time for which application threads were stopped: 0.0005150 seconds, Stopping threads took: 0.0000430 seconds
257.370: Application time: 0.0368660 seconds
257.370: [GC [PSYoungGen: 7568K->368K(8192K)] 14933K->7774K(26112K), 0.0004150 secs] [Times: user=0.00 sys=0.00, real=0.00 secs] 
257.370: Total time for which application threads were stopped: 0.0005370 seconds, Stopping threads took: 0.0000570 seconds
257.406: Application time: 0.0361140 seconds
257.406: [GC [PSYoungGen: 7536K->448K(8192K)] 14942K->7894K(26112K), 0.0004040 secs] [Times: user=0.00 sys=0.00, real=0.00 secs] 
257.407: Total time for which application threads were stopped: 0.0005060 seconds, Stopping threads took: 0.0000430 seconds
257.444: Application time: 0.0366930 seconds
257.444: [GC [PSYoungGen: 7616K->352K(8192K)] 15062K->7798K(26112K), 0.0003930 secs] [Times: user=0.00 sys=0.00, real=0.00 secs] 
257.444: Total time for which application threads were stopped: 0.0005020 seconds, Stopping threads took: 0.0000480 seconds
257.481: Application time: 0.0371510 seconds
257.481: [GC [PSYoungGen: 7520K->320K(8192K)] 14966K->7814K(26112K), 0.0003950 secs] [Times: user=0.00 sys=0.00, real=0.00 secs] 
257.482: Total time for which application threads were stopped: 0.0004930 seconds, Stopping threads took: 0.0000390 seconds
257.519: Application time: 0.0375170 seconds
257.519: [GC [PSYoungGen: 7488K->336K(8192K)] 14982K->7918K(26112K), 0.0004200 secs] [Times: user=0.00 sys=0.00, real=0.00 secs] 
257.520: Total time for which application threads were stopped: 0.0005350 seconds, Stopping threads took: 0.0000470 seconds
257.555: Application time: 0.0355920 seconds
257.555: [GC [PSYoungGen: 7504K->320K(8192K)] 15086K->7942K(26112K), 0.0004290 secs] [Times: user=0.00 sys=0.00, real=0.00 secs] 
257.556: Total time for which application threads were stopped: 0.0005460 seconds, Stopping threads took: 0.0000530 seconds
257.593: Application time: 0.0368400 seconds
257.593: [GC [PSYoungGen: 7488K->384K(8192K)] 15110K->8006K(26112K), 0.0003780 secs] [Times: user=0.00 sys=0.00, real=0.00 secs] 
257.593: Total time for which application threads were stopped: 0.0004920 seconds, Stopping threads took: 0.0000550 seconds
257.630: Application time: 0.0366890 seconds
257.630: [GC [PSYoungGen: 7552K->352K(8192K)] 15174K->7974K(26112K), 0.0003680 secs] [Times: user=0.01 sys=0.00, real=0.00 secs] 
257.630: Total time for which application threads were stopped: 0.0004830 seconds, Stopping threads took: 0.0000540 seconds
257.668: Application time: 0.0376410 seconds
257.668: [GC [PSYoungGen: 7520K->368K(8192K)] 15142K->7990K(26112K), 0.0004610 secs] [Times: user=0.00 sys=0.00, real=0.00 secs] 
257.669: Total time for which application threads were stopped: 0.0005990 seconds, Stopping threads took: 0.0000720 seconds
257.704: Application time: 0.0358520 seconds
257.705: [GC [PSYoungGen: 7536K->464K(8192K)] 15158K->8086K(26112K), 0.0030590 secs] [Times: user=0.02 sys=0.00, real=0.00 secs] 
257.708: Total time for which application threads were stopped: 0.0031810 seconds, Stopping threads took: 0.0000540 seconds
257.744: Application time: 0.0362520 seconds
257.744: [GC [PSYoungGen: 7632K->480K(8192K)] 15254K->8102K(26112K), 0.0004350 secs] [Times: user=0.00 sys=0.00, real=0.00 secs] 
257.744: Total time for which application threads were stopped: 0.0005520 seconds, Stopping threads took: 0.0000420 seconds
257.781: Application time: 0.0367140 seconds
257.781: [GC [PSYoungGen: 7648K->480K(8192K)] 15270K->8102K(26112K), 0.0004120 secs] [Times: user=0.00 sys=0.00, real=0.00 secs] 
257.782: Total time for which application threads were stopped: 0.0005220 seconds, Stopping threads took: 0.0000540 seconds
257.819: Application time: 0.0371630 seconds
257.819: [GC [PSYoungGen: 7648K->480K(8192K)] 15270K->8102K(26112K), 0.0004480 secs] [Times: user=0.00 sys=0.00, real=0.00 secs] 
257.819: Total time for which application threads were stopped: 0.0005590 seconds, Stopping threads took: 0.0000530 seconds
257.856: Application time: 0.0367630 seconds
257.856: [GC [PSYoungGen: 7648K->496K(8192K)] 15270K->8118K(26112K), 0.0004240 secs] [Times: user=0.00 sys=0.00, real=0.01 secs] 
257.857: Total time for which application threads were stopped: 0.0005410 seconds, Stopping threads took: 0.0000590 seconds
257.893: Application time: 0.0367300 seconds
257.894: [GC [PSYoungGen: 7664K->512K(8192K)] 15286K->8134K(26112K), 0.0004000 secs] [Times: user=0.00 sys=0.00, real=0.00 secs] 
257.894: Total time for which application threads were stopped: 0.0005120 seconds, Stopping threads took: 0.0000560 seconds
257.931: Application time: 0.0366890 seconds
257.931: [GC [PSYoungGen: 7680K->480K(8192K)] 15302K->8102K(26112K), 0.0004140 secs] [Times: user=0.01 sys=0.00, real=0.00 secs] 
257.931: Total time for which application threads were stopped: 0.0005360 seconds, Stopping threads took: 0.0000640 seconds
257.968: Application time: 0.0367180 seconds
257.968: [GC [PSYoungGen: 7647K->464K(8192K)] 15270K->8150K(26112K), 0.0004390 secs] [Times: user=0.00 sys=0.00, real=0.00 secs] 
257.968: Total time for which application threads were stopped: 0.0005520 seconds, Stopping threads took: 0.0000540 seconds
258.005: Application time: 0.0367500 seconds
258.005: [GC [PSYoungGen: 7632K->480K(8192K)] 15318K->8166K(26112K), 0.0004070 secs] [Times: user=0.01 sys=0.00, real=0.00 secs] 
258.006: Total time for which application threads were stopped: 0.0005250 seconds, Stopping threads took: 0.0000560 seconds
258.042: Application time: 0.0366900 seconds
258.043: [GC [PSYoungGen: 7648K->448K(8192K)] 15334K->8134K(26112K), 0.0003980 secs] [Times: user=0.00 sys=0.00, real=0.00 secs] 
258.043: Total time for which application threads were stopped: 0.0005120 seconds, Stopping threads took: 0.0000560 seconds
258.080: Application time: 0.0366150 seconds
258.080: [GC [PSYoungGen: 7616K->416K(8192K)] 15302K->8150K(26112K), 0.0004310 secs] [Times: user=0.01 sys=0.00, real=0.00 secs] 
258.080: Total time for which application threads were stopped: 0.0005470 seconds, Stopping threads took: 0.0000560 seconds
258.116: Application time: 0.0363550 seconds
258.117: [GC [PSYoungGen: 7584K->352K(8192K)] 15318K->8166K(26112K), 0.0004100 secs] [Times: user=0.00 sys=0.00, real=0.01 secs] 
258.117: Total time for which application threads were stopped: 0.0005190 seconds, Stopping threads took: 0.0000510 seconds
258.154: Application time: 0.0367050 seconds
258.154: [GC [PSYoungGen: 7520K->416K(8192K)] 15334K->8230K(26112K), 0.0003990 secs] [Times: user=0.00 sys=0.00, real=0.00 secs] 
258.154: Total time for which application threads were stopped: 0.0005010 seconds, Stopping threads took: 0.0000450 seconds
258.191: Application time: 0.0366640 seconds
258.191: [GC [PSYoungGen: 7584K->416K(8192K)] 15398K->8230K(26112K), 0.0004020 secs] [Times: user=0.01 sys=0.00, real=0.00 secs] 
258.191: Total time for which application threads were stopped: 0.0005130 seconds, Stopping threads took: 0.0000540 seconds
258.228: Application time: 0.0367960 seconds
258.228: [GC [PSYoungGen: 7584K->384K(8192K)] 15398K->8254K(26112K), 0.0003810 secs] [Times: user=0.00 sys=0.00, real=0.00 secs] 
258.229: Total time for which application threads were stopped: 0.0004940 seconds, Stopping threads took: 0.0000550 seconds
258.265: Application time: 0.0359340 seconds
258.265: [GC [PSYoungGen: 7552K->320K(8192K)] 15422K->8278K(26112K), 0.0004390 secs] [Times: user=0.01 sys=0.00, real=0.00 secs] 
258.265: Total time for which application threads were stopped: 0.0005650 seconds, Stopping threads took: 0.0000520 seconds
258.301: Application time: 0.0361400 seconds
258.301: [GC [PSYoungGen: 7488K->368K(8192K)] 15446K->8374K(26112K), 0.0004210 secs] [Times: user=0.01 sys=0.00, real=0.00 secs] 
258.302: Total time for which application threads were stopped: 0.0005410 seconds, Stopping threads took: 0.0000560 seconds
258.339: Application time: 0.0368130 seconds
258.339: [GC [PSYoungGen: 7536K->336K(8192K)] 15542K->8342K(26112K), 0.0003940 secs] [Times: user=0.00 sys=0.00, real=0.00 secs] 
258.339: Total time for which application threads were stopped: 0.0004930 seconds, Stopping threads took: 0.0000410 seconds
258.376: Application time: 0.0367710 seconds
258.376: [GC [PSYoungGen: 7504K->352K(8192K)] 15510K->8358K(26112K), 0.0004320 secs] [Times: user=0.00 sys=0.00, real=0.00 secs] 
258.376: Total time for which application threads were stopped: 0.0005330 seconds, Stopping threads took: 0.0000420 seconds
258.412: Application time: 0.0359210 seconds
258.412: [GC [PSYoungGen: 7520K->400K(8192K)] 15526K->8406K(26112K), 0.0004270 secs] [Times: user=0.00 sys=0.00, real=0.00 secs] 
258.413: Total time for which application threads were stopped: 0.0005410 seconds, Stopping threads took: 0.0000500 seconds
258.449: Application time: 0.0362900 seconds
258.449: [GC [PSYoungGen: 7568K->448K(8192K)] 15574K->8454K(26112K), 0.0004580 secs] [Times: user=0.00 sys=0.00, real=0.00 secs] 
258.450: Total time for which application threads were stopped: 0.0005970 seconds, Stopping threads took: 0.0000760 seconds
258.486: Application time: 0.0363780 seconds
258.489: [GC [PSYoungGen: 7616K->512K(8192K)] 15622K->8518K(26112K), 0.0004170 secs] [Times: user=0.00 sys=0.00, real=0.00 secs] 
258.489: Total time for which application threads were stopped: 0.0030050 seconds, Stopping threads took: 0.0025170 seconds
258.526: Application time: 0.0367770 seconds
258.526: [GC [PSYoungGen: 7680K->496K(8192K)] 15686K->8502K(26112K), 0.0004270 secs] [Times: user=0.01 sys=0.00, real=0.00 secs] 
258.527: Total time for which application threads were stopped: 0.0005580 seconds, Stopping threads took: 0.0000740 seconds
258.563: Application time: 0.0368710 seconds
258.563: [GC [PSYoungGen: 7664K->512K(8192K)] 15670K->8518K(26112K), 0.0003980 secs] [Times: user=0.00 sys=0.00, real=0.00 secs] 
258.564: Total time for which application threads were stopped: 0.0005050 seconds, Stopping threads took: 0.0000500 seconds
258.601: Application time: 0.0367000 seconds
258.601: [GC [PSYoungGen: 7680K->480K(8192K)] 15686K->8486K(26112K), 0.0004250 secs] [Times: user=0.00 sys=0.00, real=0.00 secs] 
258.601: Total time for which application threads were stopped: 0.0005460 seconds, Stopping threads took: 0.0000590 seconds
258.638: Application time: 0.0365650 seconds
258.638: [GC [PSYoungGen: 7648K->496K(8192K)] 15654K->8502K(26112K), 0.0004030 secs] [Times: user=0.00 sys=0.00, real=0.00 secs] 
258.638: Total time for which application threads were stopped: 0.0005150 seconds, Stopping threads took: 0.0000510 seconds
258.675: Application time: 0.0367440 seconds
258.675: [GC [PSYoungGen: 7664K->480K(8192K)] 15670K->8542K(26112K), 0.0004110 secs] [Times: user=0.00 sys=0.00, real=0.00 secs] 
258.676: Total time for which application threads were stopped: 0.0005280 seconds, Stopping threads took: 0.0000520 seconds
258.713: Application time: 0.0371120 seconds
258.713: [GC [PSYoungGen: 7648K->496K(8192K)] 15710K->8558K(26112K), 0.0004650 secs] [Times: user=0.01 sys=0.00, real=0.00 secs] 
258.713: Total time for which application threads were stopped: 0.0006260 seconds, Stopping threads took: 0.0000790 seconds
258.750: Application time: 0.0368980 seconds
258.750: [GC [PSYoungGen: 7664K->464K(8192K)] 15726K->8526K(26112K), 0.0004110 secs] [Times: user=0.01 sys=0.00, real=0.00 secs] 
258.751: Total time for which application threads were stopped: 0.0005230 seconds, Stopping threads took: 0.0000450 seconds
258.787: Application time: 0.0365000 seconds
258.787: [GC [PSYoungGen: 7632K->464K(8192K)] 15694K->8526K(26112K), 0.0004050 secs] [Times: user=0.00 sys=0.00, real=0.00 secs] 
258.788: Total time for which application threads were stopped: 0.0005240 seconds, Stopping threads took: 0.0000490 seconds
258.824: Application time: 0.0367480 seconds
258.829: [GC [PSYoungGen: 7632K->400K(8192K)] 15694K->8550K(26112K), 0.0004240 secs] [Times: user=0.00 sys=0.00, real=0.00 secs] 
258.829: Total time for which application threads were stopped: 0.0047460 seconds, Stopping threads took: 0.0042580 seconds
258.866: Application time: 0.0363130 seconds
258.866: [GC [PSYoungGen: 7568K->384K(8192K)] 15718K->8582K(26112K), 0.0004090 secs] [Times: user=0.00 sys=0.00, real=0.00 secs] 
258.866: Total time for which application threads were stopped: 0.0005250 seconds, Stopping threads took: 0.0000560 seconds
258.903: Application time: 0.0368090 seconds
258.903: [GC [PSYoungGen: 7552K->400K(8192K)] 15750K->8598K(26112K), 0.0003830 secs] [Times: user=0.00 sys=0.00, real=0.00 secs] 
258.903: Total time for which application threads were stopped: 0.0004970 seconds, Stopping threads took: 0.0000560 seconds
258.940: Application time: 0.0367780 seconds
258.940: [GC [PSYoungGen: 7568K->416K(8192K)] 15766K->8614K(26112K), 0.0004150 secs] [Times: user=0.00 sys=0.00, real=0.00 secs] 
258.941: Total time for which application threads were stopped: 0.0005200 seconds, Stopping threads took: 0.0000480 seconds
258.978: Application time: 0.0369270 seconds
258.978: [GC [PSYoungGen: 7584K->304K(8192K)] 15782K->8590K(26112K), 0.0004400 secs] [Times: user=0.00 sys=0.00, real=0.00 secs] 
258.978: Total time for which application threads were stopped: 0.0005500 seconds, Stopping threads took: 0.0000480 seconds
259.014: Application time: 0.0359980 seconds
259.017: [GC [PSYoungGen: 7472K->352K(8192K)] 15758K->8694K(26112K), 0.0004540 secs] [Times: user=0.00 sys=0.00, real=0.00 secs] 
259.017: Total time for which application threads were stopped: 0.0031010 seconds, Stopping threads took: 0.0025750 seconds
259.054: Application time: 0.0367920 seconds
259.054: [GC [PSYoungGen: 7520K->352K(8192K)] 15862K->8742K(26112K), 0.0003990 secs] [Times: user=0.00 sys=0.00, real=0.00 secs] 
259.055: Total time for which application threads were stopped: 0.0005370 seconds, Stopping threads took: 0.0000730 seconds
259.092: Application time: 0.0371630 seconds
259.092: [GC [PSYoungGen: 7520K->352K(8192K)] 15910K->8742K(26112K), 0.0004270 secs] [Times: user=0.00 sys=0.00, real=0.00 secs] 
259.092: Total time for which application threads were stopped: 0.0005380 seconds, Stopping threads took: 0.0000550 seconds
259.129: Application time: 0.0368700 seconds
259.129: [GC [PSYoungGen: 7520K->352K(8192K)] 15910K->8742K(26112K), 0.0003700 secs] [Times: user=0.00 sys=0.00, real=0.00 secs] 
259.130: Total time for which application threads were stopped: 0.0004790 seconds, Stopping threads took: 0.0000500 seconds
259.166: Application time: 0.0361840 seconds
259.166: [GC [PSYoungGen: 7520K->480K(8192K)] 15910K->8870K(26112K), 0.0005150 secs] [Times: user=0.00 sys=0.00, real=0.00 secs] 
259.166: Total time for which application threads were stopped: 0.0006320 seconds, Stopping threads took: 0.0000490 seconds
259.203: Application time: 0.0363320 seconds
259.203: [GC [PSYoungGen: 7648K->496K(8192K)] 16038K->8886K(26112K), 0.0004680 secs] [Times: user=0.00 sys=0.00, real=0.00 secs] 
259.203: Total time for which application threads were stopped: 0.0005740 seconds, Stopping threads took: 0.0000490 seconds
259.240: Application time: 0.0367580 seconds
259.240: [GC [PSYoungGen: 7664K->528K(8192K)] 16054K->8918K(26112K), 0.0004290 secs] [Times: user=0.01 sys=0.00, real=0.00 secs] 
259.241: Total time for which application threads were stopped: 0.0005450 seconds, Stopping threads took: 0.0000560 seconds
259.277: Application time: 0.0367330 seconds
259.277: [GC [PSYoungGen: 7696K->480K(8192K)] 16086K->8870K(26112K), 0.0004480 secs] [Times: user=0.00 sys=0.00, real=0.00 secs] 
259.278: Total time for which application threads were stopped: 0.0005470 seconds, Stopping threads took: 0.0000380 seconds
259.315: Application time: 0.0368090 seconds
259.315: [GC [PSYoungGen: 7648K->528K(8192K)] 16038K->8918K(26112K), 0.0004110 secs] [Times: user=0.00 sys=0.00, real=0.00 secs] 
259.315: Total time for which application threads were stopped: 0.0005220 seconds, Stopping threads took: 0.0000420 seconds
259.352: Application time: 0.0371180 seconds
259.352: [GC [PSYoungGen: 7696K->496K(8192K)] 16086K->8886K(26112K), 0.0004260 secs] [Times: user=0.00 sys=0.00, real=0.00 secs] 
259.353: Total time for which application threads were stopped: 0.0005320 seconds, Stopping threads took: 0.0000470 seconds
259.390: Application time: 0.0366990 seconds
259.390: [GC [PSYoungGen: 7664K->528K(8192K)] 16054K->8918K(26112K), 0.0004040 secs] [Times: user=0.00 sys=0.00, real=0.00 secs] 
259.390: Total time for which application threads were stopped: 0.0005150 seconds, Stopping threads took: 0.0000500 seconds
259.427: Application time: 0.0367530 seconds
259.427: [GC [PSYoungGen: 7696K->480K(8192K)] 16086K->8934K(26112K), 0.0004500 secs] [Times: user=0.01 sys=0.00, real=0.00 secs] 
259.427: Total time for which application threads were stopped: 0.0005660 seconds, Stopping threads took: 0.0000550 seconds
259.464: Application time: 0.0366880 seconds
259.464: [GC [PSYoungGen: 7648K->416K(8192K)] 16102K->8870K(26112K), 0.0004350 secs] [Times: user=0.00 sys=0.00, real=0.00 secs] 
259.465: Total time for which application threads were stopped: 0.0005520 seconds, Stopping threads took: 0.0000560 seconds
259.501: Application time: 0.0366870 seconds
259.501: [GC [PSYoungGen: 7584K->448K(8192K)] 16038K->8902K(26112K), 0.0004060 secs] [Times: user=0.01 sys=0.00, real=0.00 secs] 
259.502: Total time for which application threads were stopped: 0.0005190 seconds, Stopping threads took: 0.0000500 seconds
259.539: Application time: 0.0366080 seconds
259.539: [GC [PSYoungGen: 7616K->480K(8192K)] 16070K->8934K(26112K), 0.0004090 secs] [Times: user=0.00 sys=0.00, real=0.00 secs] 
259.539: Total time for which application threads were stopped: 0.0005310 seconds, Stopping threads took: 0.0000650 seconds
259.576: Application time: 0.0366820 seconds
259.577: [GC [PSYoungGen: 7648K->384K(8192K)] 16102K->8918K(26112K), 0.0004700 secs] [Times: user=0.00 sys=0.00, real=0.00 secs] 
259.577: Total time for which application threads were stopped: 0.0015010 seconds, Stopping threads took: 0.0009700 seconds
259.613: Application time: 0.0361890 seconds
259.614: [GC [PSYoungGen: 7552K->384K(8192K)] 16086K->8966K(26112K), 0.0004430 secs] [Times: user=0.00 sys=0.00, real=0.00 secs] 
259.614: Total time for which application threads were stopped: 0.0005520 seconds, Stopping threads took: 0.0000450 seconds
259.651: Application time: 0.0369150 seconds
259.651: [GC [PSYoungGen: 7552K->416K(8192K)] 16134K->8998K(26112K), 0.0004000 secs] [Times: user=0.01 sys=0.00, real=0.00 secs] 
259.651: Total time for which application threads were stopped: 0.0005250 seconds, Stopping threads took: 0.0000640 seconds
259.688: Application time: 0.0369390 seconds
259.688: [GC [PSYoungGen: 7584K->400K(8192K)] 16166K->8982K(26112K), 0.0003980 secs] [Times: user=0.00 sys=0.00, real=0.01 secs] 
259.689: Total time for which application threads were stopped: 0.0005000 seconds, Stopping threads took: 0.0000430 seconds
259.726: Application time: 0.0368900 seconds
259.726: [GC [PSYoungGen: 7568K->304K(8192K)] 16150K->8994K(26112K), 0.0004790 secs] [Times: user=0.01 sys=0.00, real=0.00 secs] 
259.726: Total time for which application threads were stopped: 0.0006100 seconds, Stopping threads took: 0.0000590 seconds
259.762: Application time: 0.0359940 seconds
259.765: [GC [PSYoungGen: 7472K->320K(8192K)] 16162K->9050K(26112K), 0.0004590 secs] [Times: user=0.00 sys=0.00, real=0.00 secs] 
259.765: Total time for which application threads were stopped: 0.0028620 seconds, Stopping threads took: 0.0023390 seconds
259.802: Application time: 0.0363150 seconds
259.802: [GC [PSYoungGen: 7488K->368K(8192K)] 16218K->9098K(26112K), 0.0003850 secs] [Times: user=0.00 sys=0.00, real=0.00 secs] 
259.802: Total time for which application threads were stopped: 0.0004920 seconds, Stopping threads took: 0.0000490 seconds
259.839: Application time: 0.0367400 seconds
259.839: [GC [PSYoungGen: 7536K->352K(8192K)] 16266K->9082K(26112K), 0.0004250 secs] [Times: user=0.01 sys=0.00, real=0.00 secs] 
259.839: Total time for which application threads were stopped: 0.0005330 seconds, Stopping threads took: 0.0000440 seconds
259.876: Application time: 0.0364630 seconds
259.876: [GC [PSYoungGen: 7520K->384K(8192K)] 16250K->9114K(26112K), 0.0003930 secs] [Times: user=0.00 sys=0.00, real=0.00 secs] 
259.876: Total time for which application threads were stopped: 0.0005030 seconds, Stopping threads took: 0.0000500 seconds
259.912: Application time: 0.0357380 seconds
259.912: [GC [PSYoungGen: 7552K->448K(8192K)] 16282K->9178K(26112K), 0.0004210 secs] [Times: user=0.01 sys=0.00, real=0.00 secs] 
259.913: Total time for which application threads were stopped: 0.0005280 seconds, Stopping threads took: 0.0000470 seconds
259.949: Application time: 0.0364570 seconds
259.949: [GC [PSYoungGen: 7616K->480K(8192K)] 16346K->9210K(26112K), 0.0004210 secs] [Times: user=0.00 sys=0.00, real=0.00 secs] 
259.950: Total time for which application threads were stopped: 0.0005380 seconds, Stopping threads took: 0.0000580 seconds
259.986: Application time: 0.0367860 seconds
259.986: [GC [PSYoungGen: 7648K->512K(8192K)] 16378K->9242K(26112K), 0.0004260 secs] [Times: user=0.01 sys=0.00, real=0.00 secs] 
259.987: Total time for which application threads were stopped: 0.0005400 seconds, Stopping threads took: 0.0000530 seconds
260.024: Application time: 0.0367230 seconds
260.024: [GC [PSYoungGen: 7680K->480K(8192K)] 16410K->9210K(26112K), 0.0004270 secs] [Times: user=0.00 sys=0.00, real=0.00 secs] 
260.024: Total time for which application threads were stopped: 0.0005420 seconds, Stopping threads took: 0.0000540 seconds
260.061: Application time: 0.0370230 seconds
260.061: [GC [PSYoungGen: 7648K->528K(8192K)] 16378K->9258K(26112K), 0.0004770 secs] [Times: user=0.00 sys=0.00, real=0.00 secs] 
260.062: Total time for which application threads were stopped: 0.0005830 seconds, Stopping threads took: 0.0000440 seconds
260.099: Application time: 0.0367530 seconds
260.099: [GC [PSYoungGen: 7696K->512K(8192K)] 16426K->9242K(26112K), 0.0004790 secs] [Times: user=0.01 sys=0.00, real=0.00 secs] 
260.099: Total time for which application threads were stopped: 0.0005870 seconds, Stopping threads took: 0.0000460 seconds
260.135: Application time: 0.0362750 seconds
260.135: [GC [PSYoungGen: 7680K->528K(8192K)] 16410K->9258K(26112K), 0.0004000 secs] [Times: user=0.01 sys=0.00, real=0.00 secs] 
260.136: Total time for which application threads were stopped: 0.0005160 seconds, Stopping threads took: 0.0000560 seconds
260.173: Application time: 0.0369630 seconds
260.173: [GC [PSYoungGen: 7696K->496K(8192K)] 16426K->9282K(26112K), 0.0004150 secs] [Times: user=0.00 sys=0.00, real=0.00 secs] 
260.173: Total time for which application threads were stopped: 0.0005270 seconds, Stopping threads took: 0.0000530 seconds
260.210: Application time: 0.0368540 seconds
260.210: [GC [PSYoungGen: 7664K->464K(8192K)] 16450K->9250K(26112K), 0.0004460 secs] [Times: user=0.00 sys=0.00, real=0.00 secs] 
260.211: Total time for which application threads were stopped: 0.0005490 seconds, Stopping threads took: 0.0000410 seconds
260.248: Application time: 0.0373520 seconds
260.248: [GC [PSYoungGen: 7632K->464K(8192K)] 16418K->9250K(26112K), 0.0005230 secs] [Times: user=0.00 sys=0.00, real=0.01 secs] 
260.249: Total time for which application threads were stopped: 0.0006380 seconds, Stopping threads took: 0.0000510 seconds
260.285: Application time: 0.0365550 seconds
260.285: [GC [PSYoungGen: 7632K->432K(8192K)] 16418K->9267K(26112K), 0.0003990 secs] [Times: user=0.00 sys=0.00, real=0.00 secs] 
260.286: Total time for which application threads were stopped: 0.0005150 seconds, Stopping threads took: 0.0000540 seconds
260.323: Application time: 0.0368400 seconds
260.323: [GC [PSYoungGen: 7600K->368K(8192K)] 16435K->9243K(26112K), 0.0004010 secs] [Times: user=0.01 sys=0.00, real=0.00 secs] 
260.323: Total time for which application threads were stopped: 0.0005020 seconds, Stopping threads took: 0.0000400 seconds
260.359: Application time: 0.0361200 seconds
260.359: [GC [PSYoungGen: 7536K->400K(8192K)] 16411K->9339K(26112K), 0.0003990 secs] [Times: user=0.01 sys=0.00, real=0.00 secs] 
260.360: Total time for which application threads were stopped: 0.0005270 seconds, Stopping threads took: 0.0000560 seconds
260.397: Application time: 0.0372490 seconds
260.397: [GC [PSYoungGen: 7568K->384K(8192K)] 16507K->9323K(26112K), 0.0003730 secs] [Times: user=0.01 sys=0.00, real=0.00 secs] 
260.398: Total time for which application threads were stopped: 0.0004870 seconds, Stopping threads took: 0.0000560 seconds
260.434: Application time: 0.0367050 seconds
260.434: [GC [PSYoungGen: 7552K->336K(8192K)] 16491K->9315K(26112K), 0.0004260 secs] [Times: user=0.00 sys=0.00, real=0.00 secs] 
260.435: Total time for which application threads were stopped: 0.0005420 seconds, Stopping threads took: 0.0000560 seconds
260.471: Application time: 0.0362960 seconds
260.471: [GC [PSYoungGen: 7504K->304K(8192K)] 16483K->9363K(26112K), 0.0004590 secs] [Times: user=0.00 sys=0.00, real=0.00 secs] 
260.472: Total time for which application threads were stopped: 0.0005580 seconds, Stopping threads took: 0.0000370 seconds
260.508: Application time: 0.0358920 seconds
260.508: [GC [PSYoungGen: 7472K->368K(8192K)] 16531K->9467K(26112K), 0.0004650 secs] [Times: user=0.00 sys=0.00, real=0.00 secs] 
260.508: Total time for which application threads were stopped: 0.0005800 seconds, Stopping threads took: 0.0000500 seconds
260.546: Application time: 0.0378200 seconds
260.546: [GC [PSYoungGen: 7536K->352K(8192K)] 16635K->9451K(26112K), 0.0005420 secs] [Times: user=0.00 sys=0.00, real=0.00 secs] 
260.547: Total time for which application threads were stopped: 0.0006730 seconds, Stopping threads took: 0.0000550 seconds
260.583: Application time: 0.0367140 seconds
260.583: [GC [PSYoungGen: 7520K->336K(8192K)] 16619K->9435K(26112K), 0.0004770 secs] [Times: user=0.00 sys=0.00, real=0.00 secs] 
260.584: Total time for which application threads were stopped: 0.0005940 seconds, Stopping threads took: 0.0000550 seconds
260.620: Application time: 0.0363520 seconds
260.620: [GC [PSYoungGen: 7504K->384K(8192K)] 16603K->9483K(26112K), 0.0003910 secs] [Times: user=0.00 sys=0.00, real=0.00 secs] 
260.621: Total time for which application threads were stopped: 0.0005030 seconds, Stopping threads took: 0.0000510 seconds
260.656: Application time: 0.0356320 seconds
260.657: [GC [PSYoungGen: 7552K->448K(8192K)] 16651K->9547K(26112K), 0.0004060 secs] [Times: user=0.00 sys=0.00, real=0.01 secs] 
260.657: Total time for which application threads were stopped: 0.0005140 seconds, Stopping threads took: 0.0000440 seconds
260.694: Application time: 0.0370570 seconds
260.694: [GC [PSYoungGen: 7616K->512K(8192K)] 16715K->9611K(26112K), 0.0004350 secs] [Times: user=0.00 sys=0.00, real=0.00 secs] 
260.695: Total time for which application threads were stopped: 0.0005640 seconds, Stopping threads took: 0.0000620 seconds
260.732: Application time: 0.0372570 seconds
260.732: [GC [PSYoungGen: 7680K->560K(8192K)] 16779K->9659K(26112K), 0.0004660 secs] [Times: user=0.00 sys=0.00, real=0.00 secs] 
260.732: Total time for which application threads were stopped: 0.0005970 seconds, Stopping threads took: 0.0000630 seconds
260.769: Application time: 0.0369940 seconds
260.770: [GC [PSYoungGen: 7728K->464K(8192K)] 16827K->9563K(26112K), 0.0004380 secs] [Times: user=0.00 sys=0.00, real=0.00 secs] 
260.770: Total time for which application threads were stopped: 0.0005350 seconds, Stopping threads took: 0.0000360 seconds
260.807: Application time: 0.0367750 seconds
260.807: [GC [PSYoungGen: 7632K->480K(8192K)] 16731K->9579K(26112K), 0.0004020 secs] [Times: user=0.00 sys=0.00, real=0.00 secs] 
260.807: Total time for which application threads were stopped: 0.0005200 seconds, Stopping threads took: 0.0000560 seconds
260.844: Application time: 0.0366250 seconds
260.844: [GC [PSYoungGen: 7648K->512K(8192K)] 16747K->9611K(26112K), 0.0004120 secs] [Times: user=0.00 sys=0.00, real=0.00 secs] 
260.844: Total time for which application threads were stopped: 0.0005270 seconds, Stopping threads took: 0.0000550 seconds
260.881: Application time: 0.0366930 seconds
260.881: [GC [PSYoungGen: 7680K->464K(8192K)] 16779K->9563K(26112K), 0.0004190 secs] [Times: user=0.00 sys=0.00, real=0.00 secs] 
260.882: Total time for which application threads were stopped: 0.0005420 seconds, Stopping threads took: 0.0000540 seconds
260.918: Application time: 0.0367220 seconds
260.918: [GC [PSYoungGen: 7632K->432K(8192K)] 16731K->9571K(26112K), 0.0004150 secs] [Times: user=0.00 sys=0.00, real=0.00 secs] 
260.919: Total time for which application threads were stopped: 0.0005270 seconds, Stopping threads took: 0.0000500 seconds
260.956: Application time: 0.0368260 seconds
260.956: [GC [PSYoungGen: 7600K->464K(8192K)] 16739K->9603K(26112K), 0.0004160 secs] [Times: user=0.00 sys=0.00, real=0.00 secs] 
260.956: Total time for which application threads were stopped: 0.0005630 seconds, Stopping threads took: 0.0000870 seconds
260.993: Application time: 0.0366520 seconds
260.993: [GC [PSYoungGen: 7632K->464K(8192K)] 16771K->9603K(26112K), 0.0004060 secs] [Times: user=0.00 sys=0.00, real=0.00 secs] 
260.994: Total time for which application threads were stopped: 0.0005250 seconds, Stopping threads took: 0.0000560 seconds
261.030: Application time: 0.0366320 seconds
261.030: [GC [PSYoungGen: 7632K->448K(8192K)] 16771K->9651K(26112K), 0.0003950 secs] [Times: user=0.00 sys=0.00, real=0.00 secs] 
261.031: Total time for which application threads were stopped: 0.0005160 seconds, Stopping threads took: 0.0000530 seconds
261.067: Application time: 0.0366700 seconds
261.067: [GC [PSYoungGen: 7616K->352K(8192K)] 16819K->9651K(26112K), 0.0004090 secs] [Times: user=0.00 sys=0.00, real=0.00 secs] 
261.068: Total time for which application threads were stopped: 0.0005110 seconds, Stopping threads took: 0.0000420 seconds
261.104: Application time: 0.0364260 seconds
261.104: [GC [PSYoungGen: 7520K->368K(8192K)] 16819K->9667K(26112K), 0.0004070 secs] [Times: user=0.00 sys=0.00, real=0.00 secs] 
261.105: Total time for which application threads were stopped: 0.0005070 seconds, Stopping threads took: 0.0000380 seconds
261.142: Application time: 0.0367960 seconds
261.145: [GC [PSYoungGen: 7536K->400K(8192K)] 16835K->9699K(26112K), 0.0004530 secs] [Times: user=0.00 sys=0.00, real=0.00 secs] 
261.145: Total time for which application threads were stopped: 0.0036770 seconds, Stopping threads took: 0.0031620 seconds
261.182: Application time: 0.0367770 seconds
261.182: [GC [PSYoungGen: 7568K->352K(8192K)] 16867K->9691K(26112K), 0.0004260 secs] [Times: user=0.00 sys=0.00, real=0.00 secs] 
261.183: Total time for which application threads were stopped: 0.0005570 seconds, Stopping threads took: 0.0000670 seconds
261.219: Application time: 0.0359810 seconds
261.219: [GC [PSYoungGen: 7520K->352K(8192K)] 16859K->9763K(26112K), 0.0004130 secs] [Times: user=0.00 sys=0.00, real=0.00 secs] 
261.219: Total time for which application threads were stopped: 0.0005300 seconds, Stopping threads took: 0.0000550 seconds
261.255: Application time: 0.0363100 seconds
261.256: [GC [PSYoungGen: 7520K->368K(8192K)] 16931K->9843K(26112K), 0.0004020 secs] [Times: user=0.00 sys=0.00, real=0.00 secs] 
261.256: Total time for which application threads were stopped: 0.0005150 seconds, Stopping threads took: 0.0000560 seconds
261.293: Application time: 0.0368830 seconds
261.293: [GC [PSYoungGen: 7536K->368K(8192K)] 17011K->9843K(26112K), 0.0004580 secs] [Times: user=0.00 sys=0.00, real=0.00 secs] 
261.293: Total time for which application threads were stopped: 0.0005660 seconds, Stopping threads took: 0.0000490 seconds
261.330: Application time: 0.0367660 seconds
261.330: [GC [PSYoungGen: 7536K->352K(8192K)] 17011K->9827K(26112K), 0.0003790 secs] [Times: user=0.00 sys=0.00, real=0.00 secs] 
261.331: Total time for which application threads were stopped: 0.0004900 seconds, Stopping threads took: 0.0000540 seconds
261.367: Application time: 0.0363900 seconds
261.367: [GC [PSYoungGen: 7520K->416K(8192K)] 16995K->9891K(26112K), 0.0004350 secs] [Times: user=0.00 sys=0.00, real=0.00 secs] 
261.368: Total time for which application threads were stopped: 0.0005410 seconds, Stopping threads took: 0.0000470 seconds
261.403: Application time: 0.0356690 seconds
261.403: [GC [PSYoungGen: 7584K->432K(8192K)] 17059K->9907K(26112K), 0.0004760 secs] [Times: user=0.00 sys=0.00, real=0.00 secs] 
261.405: Total time for which application threads were stopped: 0.0016160 seconds, Stopping threads took: 0.0000550 seconds
261.441: Application time: 0.0361660 seconds
261.441: [GC [PSYoungGen: 7600K->512K(8192K)] 17075K->9987K(26112K), 0.0004580 secs] [Times: user=0.00 sys=0.00, real=0.00 secs] 
261.442: Total time for which application threads were stopped: 0.0006000 seconds, Stopping threads took: 0.0000830 seconds
261.479: Application time: 0.0370760 seconds
261.479: [GC [PSYoungGen: 7680K->512K(8192K)] 17155K->9987K(26112K), 0.0004440 secs] [Times: user=0.00 sys=0.00, real=0.00 secs] 
261.479: Total time for which application threads were stopped: 0.0005600 seconds, Stopping threads took: 0.0000570 seconds
261.516: Application time: 0.0368480 seconds
261.516: [GC [PSYoungGen: 7680K->496K(8192K)] 17155K->9971K(26112K), 0.0004620 secs] [Times: user=0.00 sys=0.00, real=0.00 secs] 
261.517: Total time for which application threads were stopped: 0.0005660 seconds, Stopping threads took: 0.0000410 seconds
261.554: Application time: 0.0370180 seconds
261.554: [GC [PSYoungGen: 7664K->528K(8192K)] 17139K->10003K(26112K), 0.0004190 secs] [Times: user=0.00 sys=0.00, real=0.00 secs] 
261.554: Total time for which application threads were stopped: 0.0005360 seconds, Stopping threads took: 0.0000570 seconds
261.591: Application time: 0.0363150 seconds
261.591: [GC [PSYoungGen: 7696K->480K(8192K)] 17171K->9955K(26112K), 0.0004230 secs] [Times: user=0.00 sys=0.00, real=0.00 secs] 
261.591: Total time for which application threads were stopped: 0.0005430 seconds, Stopping threads took: 0.0000570 seconds
261.628: Application time: 0.0370240 seconds
261.628: [GC [PSYoungGen: 7648K->512K(8192K)] 17123K->9987K(26112K), 0.0004570 secs] [Times: user=0.00 sys=0.00, real=0.01 secs] 
261.629: Total time for which application threads were stopped: 0.0005770 seconds, Stopping threads took: 0.0000560 seconds
261.666: Application time: 0.0368060 seconds
261.666: [GC [PSYoungGen: 7680K->448K(8192K)] 17155K->9971K(26112K), 0.0004440 secs] [Times: user=0.00 sys=0.00, real=0.00 secs] 
261.666: Total time for which application threads were stopped: 0.0005510 seconds, Stopping threads took: 0.0000490 seconds
261.703: Application time: 0.0367320 seconds
261.703: [GC [PSYoungGen: 7616K->448K(8192K)] 17139K->9971K(26112K), 0.0004070 secs] [Times: user=0.00 sys=0.00, real=0.00 secs] 
261.703: Total time for which application threads were stopped: 0.0005160 seconds, Stopping threads took: 0.0000540 seconds
261.740: Application time: 0.0370490 seconds
261.740: [GC [PSYoungGen: 7616K->480K(8192K)] 17139K->10003K(26112K), 0.0004560 secs] [Times: user=0.00 sys=0.00, real=0.00 secs] 
261.741: Total time for which application threads were stopped: 0.0005920 seconds, Stopping threads took: 0.0000600 seconds
261.778: Application time: 0.0365530 seconds
261.778: [GC [PSYoungGen: 7648K->416K(8192K)] 17171K->10035K(26112K), 0.0004120 secs] [Times: user=0.00 sys=0.00, real=0.00 secs] 
261.778: Total time for which application threads were stopped: 0.0005170 seconds, Stopping threads took: 0.0000440 seconds
261.815: Application time: 0.0365750 seconds
261.815: [GC [PSYoungGen: 7584K->384K(8192K)] 17203K->10059K(26112K), 0.0004030 secs] [Times: user=0.00 sys=0.00, real=0.00 secs] 
261.815: Total time for which application threads were stopped: 0.0005050 seconds, Stopping threads took: 0.0000440 seconds
261.852: Application time: 0.0364350 seconds
261.852: [GC [PSYoungGen: 7552K->416K(8192K)] 17227K->10091K(26112K), 0.0003780 secs] [Times: user=0.00 sys=0.00, real=0.00 secs] 
261.852: Total time for which application threads were stopped: 0.0004850 seconds, Stopping threads took: 0.0000500 seconds
261.889: Application time: 0.0367380 seconds
261.889: [GC [PSYoungGen: 7584K->400K(8192K)] 17259K->10075K(26112K), 0.0003900 secs] [Times: user=0.00 sys=0.00, real=0.00 secs] 
261.889: Total time for which application threads were stopped: 0.0005090 seconds, Stopping threads took: 0.0000590 seconds
261.926: Application time: 0.0368940 seconds
261.926: [GC [PSYoungGen: 7568K->368K(8192K)] 17243K->10091K(26112K), 0.0003870 secs] [Times: user=0.01 sys=0.00, real=0.00 secs] 
261.927: Total time for which application threads were stopped: 0.0005080 seconds, Stopping threads took: 0.0000520 seconds
261.962: Application time: 0.0356060 seconds
261.962: [GC [PSYoungGen: 7536K->384K(8192K)] 17259K->10191K(26112K), 0.0004040 secs] [Times: user=0.00 sys=0.00, real=0.00 secs] 
261.963: Total time for which application threads were stopped: 0.0005200 seconds, Stopping threads took: 0.0000550 seconds
261.999: Application time: 0.0366140 seconds
262.000: [GC [PSYoungGen: 7552K->336K(8192K)] 17359K->10191K(26112K), 0.0005170 secs] [Times: user=0.01 sys=0.00, real=0.00 secs] 
262.000: Total time for which application threads were stopped: 0.0006280 seconds, Stopping threads took: 0.0000450 seconds
262.037: Application time: 0.0369400 seconds
262.040: [GC [PSYoungGen: 7504K->368K(8192K)] 17359K->10223K(26112K), 0.0004190 secs] [Times: user=0.00 sys=0.00, real=0.00 secs] 
262.041: Total time for which application threads were stopped: 0.0037890 seconds, Stopping threads took: 0.0033040 seconds
262.078: Application time: 0.0367530 seconds
262.078: [GC [PSYoungGen: 7536K->400K(8192K)] 17391K->10255K(26112K), 0.0003810 secs] [Times: user=0.00 sys=0.00, real=0.00 secs] 
262.078: Total time for which application threads were stopped: 0.0004980 seconds, Stopping threads took: 0.0000530 seconds
262.114: Application time: 0.0362920 seconds
262.114: [GC [PSYoungGen: 7568K->400K(8192K)] 17423K->10255K(26112K), 0.0004310 secs] [Times: user=0.01 sys=0.00, real=0.00 secs] 
262.115: Total time for which application threads were stopped: 0.0005450 seconds, Stopping threads took: 0.0000520 seconds
262.151: Application time: 0.0364060 seconds
262.151: [GC [PSYoungGen: 7568K->448K(8192K)] 17423K->10303K(26112K), 0.0004000 secs] [Times: user=0.01 sys=0.00, real=0.00 secs] 
262.152: Total time for which application threads were stopped: 0.0005150 seconds, Stopping threads took: 0.0000550 seconds
262.189: Application time: 0.0373700 seconds
262.189: [GC [PSYoungGen: 7616K->480K(8192K)] 17471K->10335K(26112K), 0.0005140 secs] [Times: user=0.00 sys=0.00, real=0.00 secs] 
262.190: Total time for which application threads were stopped: 0.0006420 seconds, Stopping threads took: 0.0000620 seconds
262.227: Application time: 0.0367640 seconds
262.227: [GC [PSYoungGen: 7648K->480K(8192K)] 17503K->10335K(26112K), 0.0004600 secs] [Times: user=0.00 sys=0.00, real=0.00 secs] 
262.227: Total time for which application threads were stopped: 0.0005770 seconds, Stopping threads took: 0.0000550 seconds
262.264: Application time: 0.0367330 seconds
262.264: [GC [PSYoungGen: 7648K->512K(8192K)] 17503K->10367K(26112K), 0.0004350 secs] [Times: user=0.01 sys=0.00, real=0.00 secs] 
262.264: Total time for which application threads were stopped: 0.0005450 seconds, Stopping threads took: 0.0000510 seconds
262.301: Application time: 0.0366830 seconds
262.301: [GC [PSYoungGen: 7680K->480K(8192K)] 17535K->10335K(26112K), 0.0004270 secs] [Times: user=0.00 sys=0.00, real=0.00 secs] 
262.302: Total time for which application threads were stopped: 0.0005430 seconds, Stopping threads took: 0.0000550 seconds
262.338: Application time: 0.0364180 seconds
262.338: [GC [PSYoungGen: 7648K->496K(8192K)] 17503K->10351K(26112K), 0.0004080 secs] [Times: user=0.00 sys=0.00, real=0.00 secs] 
262.339: Total time for which application threads were stopped: 0.0005150 seconds, Stopping threads took: 0.0000450 seconds
262.375: Application time: 0.0366040 seconds
262.375: [GC [PSYoungGen: 7664K->512K(8192K)] 17519K->10367K(26112K), 0.0004110 secs] [Times: user=0.00 sys=0.00, real=0.00 secs] 
262.376: Total time for which application threads were stopped: 0.0005230 seconds, Stopping threads took: 0.0000540 seconds
262.412: Application time: 0.0367170 seconds
262.413: [GC [PSYoungGen: 7680K->480K(8192K)] 17535K->10383K(26112K), 0.0004120 secs] [Times: user=0.00 sys=0.00, real=0.00 secs] 
262.413: Total time for which application threads were stopped: 0.0005250 seconds, Stopping threads took: 0.0000550 seconds
262.450: Application time: 0.0367140 seconds
262.450: [GC [PSYoungGen: 7648K->448K(8192K)] 17551K->10351K(26112K), 0.0004150 secs] [Times: user=0.00 sys=0.00, real=0.00 secs] 
262.450: Total time for which application threads were stopped: 0.0005380 seconds, Stopping threads took: 0.0000560 seconds
262.487: Application time: 0.0366540 seconds
262.489: [GC [PSYoungGen: 7616K->432K(8192K)] 17519K->10335K(26112K), 0.0004180 secs] [Times: user=0.00 sys=0.00, real=0.00 secs] 
262.489: Total time for which application threads were stopped: 0.0023130 seconds, Stopping threads took: 0.0018380 seconds
262.526: Application time: 0.0366630 seconds
262.526: [GC [PSYoungGen: 7600K->368K(8192K)] 17503K->10351K(26112K), 0.0004570 secs] [Times: user=0.00 sys=0.00, real=0.00 secs] 
262.526: Total time for which application threads were stopped: 0.0006020 seconds, Stopping threads took: 0.0000880 seconds
262.563: Application time: 0.0366810 seconds
262.563: [GC [PSYoungGen: 7536K->336K(8192K)] 17519K->10367K(26112K), 0.0003850 secs] [Times: user=0.00 sys=0.00, real=0.00 secs] 
262.564: Total time for which application threads were stopped: 0.0004980 seconds, Stopping threads took: 0.0000560 seconds
262.600: Application time: 0.0365570 seconds
262.600: [GC [PSYoungGen: 7504K->400K(8192K)] 17535K->10431K(26112K), 0.0004360 secs] [Times: user=0.00 sys=0.00, real=0.00 secs] 
262.601: Total time for which application threads were stopped: 0.0005510 seconds, Stopping threads took: 0.0000540 seconds
262.637: Application time: 0.0366840 seconds
262.638: [GC [PSYoungGen: 7568K->416K(8192K)] 17599K->10447K(26112K), 0.0003950 secs] [Times: user=0.00 sys=0.00, real=0.00 secs] 
262.638: Total time for which application threads were stopped: 0.0004950 seconds, Stopping threads took: 0.0000400 seconds
262.675: Application time: 0.0366910 seconds
262.675: [GC [PSYoungGen: 7584K->336K(8192K)] 17615K->10455K(26112K), 0.0003820 secs] [Times: user=0.00 sys=0.00, real=0.00 secs] 
262.675: Total time for which application threads were stopped: 0.0004950 seconds, Stopping threads took: 0.0000530 seconds
262.711: Application time: 0.0357210 seconds
262.711: [GC [PSYoungGen: 7504K->416K(8192K)] 17623K->10575K(26112K), 0.0004930 secs] [Times: user=0.00 sys=0.00, real=0.00 secs] 
262.711: Total time for which application threads were stopped: 0.0006350 seconds, Stopping threads took: 0.0000670 seconds
262.748: Application time: 0.0367380 seconds
262.748: [GC [PSYoungGen: 7584K->320K(8192K)] 17743K->10527K(26112K), 0.0004050 secs] [Times: user=0.00 sys=0.00, real=0.01 secs] 
262.749: Total time for which application threads were stopped: 0.0005180 seconds, Stopping threads took: 0.0000460 seconds
262.786: Application time: 0.0367600 seconds
262.786: [GC [PSYoungGen: 7488K->384K(8192K)] 17695K->10591K(26112K), 0.0003810 secs] [Times: user=0.01 sys=0.00, real=0.00 secs] 
262.786: Total time for which application threads were stopped: 0.0004810 seconds, Stopping threads took: 0.0000400 seconds
262.823: Application time: 0.0366230 seconds
262.823: [GC [PSYoungGen: 7552K->384K(8192K)] 17759K->10591K(26112K), 0.0003920 secs] [Times: user=0.00 sys=0.00, real=0.00 secs] 
262.823: Total time for which application threads were stopped: 0.0004980 seconds, Stopping threads took: 0.0000470 seconds
262.859: Application time: 0.0358180 seconds
262.859: [GC [PSYoungGen: 7552K->512K(8192K)] 17759K->10719K(26112K), 0.0004080 secs] [Times: user=0.00 sys=0.00, real=0.00 secs] 
262.859: Total time for which application threads were stopped: 0.0005210 seconds, Stopping threads took: 0.0000520 seconds
262.896: Application time: 0.0369270 seconds
262.896: [GC [PSYoungGen: 7680K->464K(8192K)] 17887K->10671K(26112K), 0.0004530 secs] [Times: user=0.00 sys=0.00, real=0.01 secs] 
262.897: Total time for which application threads were stopped: 0.0005660 seconds, Stopping threads took: 0.0000500 seconds
262.933: Application time: 0.0362980 seconds
262.933: [GC [PSYoungGen: 7632K->512K(8192K)] 17839K->10719K(26112K), 0.0004160 secs] [Times: user=0.01 sys=0.00, real=0.00 secs] 
262.934: Total time for which application threads were stopped: 0.0005250 seconds, Stopping threads took: 0.0000510 seconds
262.971: Application time: 0.0367660 seconds
262.971: [GC [PSYoungGen: 7680K->496K(8192K)] 17887K->10703K(26112K), 0.0004210 secs] [Times: user=0.00 sys=0.00, real=0.00 secs] 
262.971: Total time for which application threads were stopped: 0.0005530 seconds, Stopping threads took: 0.0000630 seconds
263.008: Application time: 0.0367890 seconds
263.008: [GC [PSYoungGen: 7664K->464K(8192K)] 17871K->10671K(26112K), 0.0004100 secs] [Times: user=0.00 sys=0.00, real=0.00 secs] 
263.008: Total time for which application threads were stopped: 0.0005360 seconds, Stopping threads took: 0.0000660 seconds
263.045: Application time: 0.0366800 seconds
263.045: [GC [PSYoungGen: 7632K->480K(8192K)] 17839K->10688K(26112K), 0.0004110 secs] [Times: user=0.00 sys=0.00, real=0.00 secs] 
263.046: Total time for which application threads were stopped: 0.0005290 seconds, Stopping threads took: 0.0000550 seconds
263.082: Application time: 0.0366520 seconds
263.082: [GC [PSYoungGen: 7648K->480K(8192K)] 17856K->10688K(26112K), 0.0004120 secs] [Times: user=0.00 sys=0.00, real=0.00 secs] 
263.083: Total time for which application threads were stopped: 0.0005300 seconds, Stopping threads took: 0.0000550 seconds
263.120: Application time: 0.0368090 seconds
263.120: [GC [PSYoungGen: 7648K->544K(8192K)] 17856K->10751K(26112K), 0.0004220 secs] [Times: user=0.00 sys=0.00, real=0.00 secs] 
263.120: Total time for which application threads were stopped: 0.0005370 seconds, Stopping threads took: 0.0000550 seconds
263.157: Application time: 0.0369390 seconds
263.157: [GC [PSYoungGen: 7712K->496K(8192K)] 17919K->10760K(26112K), 0.0004210 secs] [Times: user=0.00 sys=0.00, real=0.00 secs] 
263.158: Total time for which application threads were stopped: 0.0005180 seconds, Stopping threads took: 0.0000390 seconds
263.194: Application time: 0.0367960 seconds
263.195: [GC [PSYoungGen: 7664K->448K(8192K)] 17928K->10712K(26112K), 0.0004040 secs] [Times: user=0.00 sys=0.00, real=0.00 secs] 
263.195: Total time for which application threads were stopped: 0.0004990 seconds, Stopping threads took: 0.0000380 seconds
263.232: Application time: 0.0366690 seconds
263.232: [GC [PSYoungGen: 7616K->480K(8192K)] 17880K->10743K(26112K), 0.0004650 secs] [Times: user=0.01 sys=0.00, real=0.00 secs] 
263.232: Total time for which application threads were stopped: 0.0005720 seconds, Stopping threads took: 0.0000450 seconds
263.269: Application time: 0.0366680 seconds
263.269: [GC [PSYoungGen: 7648K->368K(8192K)] 17911K->10744K(26112K), 0.0004240 secs] [Times: user=0.00 sys=0.00, real=0.00 secs] 
263.269: Total time for which application threads were stopped: 0.0005230 seconds, Stopping threads took: 0.0000390 seconds
263.306: Application time: 0.0367620 seconds
263.306: [GC [PSYoungGen: 7536K->368K(8192K)] 17912K->10744K(26112K), 0.0003710 secs] [Times: user=0.00 sys=0.00, real=0.00 secs] 
263.307: Total time for which application threads were stopped: 0.0004870 seconds, Stopping threads took: 0.0000560 seconds
263.343: Application time: 0.0360950 seconds
263.343: [GC [PSYoungGen: 7536K->432K(8192K)] 17912K->10808K(26112K), 0.0004320 secs] [Times: user=0.00 sys=0.00, real=0.00 secs] 
263.343: Total time for which application threads were stopped: 0.0005320 seconds, Stopping threads took: 0.0000420 seconds
263.380: Application time: 0.0369700 seconds
263.380: [GC [PSYoungGen: 7600K->336K(8192K)] 17976K->10760K(26112K), 0.0004110 secs] [Times: user=0.00 sys=0.00, real=0.00 secs] 
263.381: Total time for which application threads were stopped: 0.0005260 seconds, Stopping threads took: 0.0000540 seconds
263.417: Application time: 0.0359200 seconds
263.417: [GC [PSYoungGen: 7504K->320K(8192K)] 17928K->10852K(26112K), 0.0003900 secs] [Times: user=0.00 sys=0.00, real=0.00 secs] 
263.417: Total time for which application threads were stopped: 0.0005010 seconds, Stopping threads took: 0.0000510 seconds
263.453: Application time: 0.0360970 seconds
263.453: [GC [PSYoungGen: 7488K->448K(8192K)] 18020K->10980K(26112K), 0.0005000 secs] [Times: user=0.01 sys=0.00, real=0.00 secs] 
263.454: Total time for which application threads were stopped: 0.0006290 seconds, Stopping threads took: 0.0000700 seconds
263.491: Application time: 0.0367030 seconds
263.491: [GC [PSYoungGen: 7616K->384K(8192K)] 18148K->10972K(26112K), 0.0004250 secs] [Times: user=0.00 sys=0.00, real=0.00 secs] 
263.491: Total time for which application threads were stopped: 0.0005460 seconds, Stopping threads took: 0.0000530 seconds
263.528: Application time: 0.0369470 seconds
263.528: [GC [PSYoungGen: 7552K->320K(8192K)] 18140K->10908K(26112K), 0.0004280 secs] [Times: user=0.00 sys=0.00, real=0.00 secs] 
263.529: Total time for which application threads were stopped: 0.0005390 seconds, Stopping threads took: 0.0000510 seconds
263.566: Application time: 0.0374100 seconds
263.566: [GC [PSYoungGen: 7488K->416K(8192K)] 18076K->11004K(26112K), 0.0004330 secs] [Times: user=0.00 sys=0.00, real=0.00 secs] 
263.567: Total time for which application threads were stopped: 0.0005440 seconds, Stopping threads took: 0.0000460 seconds
263.602: Application time: 0.0357650 seconds
263.602: [GC [PSYoungGen: 7584K->496K(8192K)] 18172K->11084K(26112K), 0.0004170 secs] [Times: user=0.00 sys=0.00, real=0.00 secs] 
263.603: Total time for which application threads were stopped: 0.0005460 seconds, Stopping threads took: 0.0000570 seconds
263.639: Application time: 0.0364170 seconds
263.639: [GC [PSYoungGen: 7664K->496K(8192K)] 18252K->11084K(26112K), 0.0004640 secs] [Times: user=0.00 sys=0.00, real=0.00 secs] 
263.640: Total time for which application threads were stopped: 0.0005720 seconds, Stopping threads took: 0.0000460 seconds
263.677: Application time: 0.0366930 seconds
263.677: [GC [PSYoungGen: 7664K->464K(8192K)] 18252K->11052K(26112K), 0.0004120 secs] [Times: user=0.01 sys=0.00, real=0.00 secs] 
263.677: Total time for which application threads were stopped: 0.0005260 seconds, Stopping threads took: 0.0000520 seconds
263.715: Application time: 0.0382040 seconds
263.715: [GC [PSYoungGen: 7632K->464K(8192K)] 18220K->11052K(26112K), 0.0005070 secs] [Times: user=0.00 sys=0.00, real=0.00 secs] 
263.716: Total time for which application threads were stopped: 0.0006370 seconds, Stopping threads took: 0.0000550 seconds
263.753: Application time: 0.0367960 seconds
263.753: [GC [PSYoungGen: 7632K->480K(8192K)] 18220K->11068K(26112K), 0.0004370 secs] [Times: user=0.00 sys=0.00, real=0.00 secs] 
263.753: Total time for which application threads were stopped: 0.0005580 seconds, Stopping threads took: 0.0000550 seconds
263.790: Application time: 0.0367520 seconds
263.790: [GC [PSYoungGen: 7648K->464K(8192K)] 18236K->11052K(26112K), 0.0004230 secs] [Times: user=0.00 sys=0.00, real=0.00 secs] 
263.791: Total time for which application threads were stopped: 0.0005410 seconds, Stopping threads took: 0.0000540 seconds
263.827: Application time: 0.0366310 seconds
263.829: [GC [PSYoungGen: 7632K->464K(8192K)] 18220K->11052K(26112K), 0.0004320 secs] [Times: user=0.01 sys=0.00, real=0.00 secs] 
263.829: Total time for which application threads were stopped: 0.0019400 seconds, Stopping threads took: 0.0014460 seconds
263.866: Application time: 0.0369640 seconds
263.866: [GC [PSYoungGen: 7632K->512K(8192K)] 18220K->11100K(26112K), 0.0004410 secs] [Times: user=0.00 sys=0.00, real=0.00 secs] 
263.867: Total time for which application threads were stopped: 0.0005580 seconds, Stopping threads took: 0.0000540 seconds
263.903: Application time: 0.0367640 seconds
263.904: [GC [PSYoungGen: 7680K->480K(8192K)] 18268K->11116K(26112K), 0.0004190 secs] [Times: user=0.00 sys=0.00, real=0.00 secs] 
263.904: Total time for which application threads were stopped: 0.0005330 seconds, Stopping threads took: 0.0000530 seconds
263.941: Application time: 0.0366900 seconds
263.941: [GC [PSYoungGen: 7648K->464K(8192K)] 18284K->11100K(26112K), 0.0004400 secs] [Times: user=0.00 sys=0.00, real=0.00 secs] 
263.941: Total time for which application threads were stopped: 0.0005440 seconds, Stopping threads took: 0.0000430 seconds
263.979: Application time: 0.0374770 seconds
263.979: [GC [PSYoungGen: 7632K->400K(8192K)] 18268K->11084K(26112K), 0.0004150 secs] [Times: user=0.00 sys=0.00, real=0.00 secs] 
263.979: Total time for which application threads were stopped: 0.0005340 seconds, Stopping threads took: 0.0000520 seconds
264.016: Application time: 0.0367580 seconds
264.016: [GC [PSYoungGen: 7568K->368K(8192K)] 18252K->11132K(26112K), 0.0004260 secs] [Times: user=0.00 sys=0.00, real=0.00 secs] 
264.017: Total time for which application threads were stopped: 0.0005650 seconds, Stopping threads took: 0.0000680 seconds
264.053: Application time: 0.0362650 seconds
264.053: [GC [PSYoungGen: 7536K->384K(8192K)] 18300K->11148K(26112K), 0.0004130 secs] [Times: user=0.00 sys=0.00, real=0.00 secs] 
264.053: Total time for which application threads were stopped: 0.0005130 seconds, Stopping threads took: 0.0000380 seconds
264.090: Application time: 0.0368000 seconds
264.090: [GC [PSYoungGen: 7552K->400K(8192K)] 18316K->11164K(26112K), 0.0004470 secs] [Times: user=0.00 sys=0.00, real=0.00 secs] 
264.091: Total time for which application threads were stopped: 0.0005530 seconds, Stopping threads took: 0.0000480 seconds
264.128: Application time: 0.0369820 seconds
264.128: [GC [PSYoungGen: 7568K->352K(8192K)] 18332K->11172K(26112K), 0.0004470 secs] [Times: user=0.00 sys=0.00, real=0.00 secs] 
264.128: Total time for which application threads were stopped: 0.0005650 seconds, Stopping threads took: 0.0000560 seconds
264.165: Application time: 0.0363050 seconds
264.165: [GC [PSYoungGen: 7520K->272K(8192K)] 18340K->11176K(26112K), 0.0005050 secs] [Times: user=0.00 sys=0.00, real=0.00 secs] 
264.165: Total time for which application threads were stopped: 0.0006050 seconds, Stopping threads took: 0.0000400 seconds
264.201: Application time: 0.0359030 seconds
264.201: [GC [PSYoungGen: 7440K->368K(8192K)] 18344K->11320K(26112K), 0.0004130 secs] [Times: user=0.01 sys=0.00, real=0.00 secs] 
264.202: Total time for which application threads were stopped: 0.0005350 seconds, Stopping threads took: 0.0000550 seconds
264.238: Application time: 0.0367410 seconds
264.238: [GC [PSYoungGen: 7536K->384K(8192K)] 18488K->11336K(26112K), 0.0004260 secs] [Times: user=0.00 sys=0.00, real=0.00 secs] 
264.239: Total time for which application threads were stopped: 0.0005340 seconds, Stopping threads took: 0.0000460 seconds
264.275: Application time: 0.0364350 seconds
264.275: [GC [PSYoungGen: 7552K->336K(8192K)] 18504K->11288K(26112K), 0.0004350 secs] [Times: user=0.00 sys=0.00, real=0.00 secs] 
264.276: Total time for which application threads were stopped: 0.0005550 seconds, Stopping threads took: 0.0000570 seconds
264.313: Application time: 0.0368420 seconds
264.313: [GC [PSYoungGen: 7504K->400K(8192K)] 18456K->11352K(26112K), 0.0004190 secs] [Times: user=0.00 sys=0.00, real=0.00 secs] 
264.313: Total time for which application threads were stopped: 0.0005240 seconds, Stopping threads took: 0.0000450 seconds
264.349: Application time: 0.0355440 seconds
264.349: [GC [PSYoungGen: 7568K->416K(8192K)] 18520K->11368K(26112K), 0.0004070 secs] [Times: user=0.00 sys=0.00, real=0.00 secs] 
264.349: Total time for which application threads were stopped: 0.0005230 seconds, Stopping threads took: 0.0000550 seconds
264.386: Application time: 0.0366100 seconds
264.386: [GC [PSYoungGen: 7584K->480K(8192K)] 18536K->11432K(26112K), 0.0004140 secs] [Times: user=0.00 sys=0.00, real=0.00 secs] 
264.386: Total time for which application threads were stopped: 0.0005220 seconds, Stopping threads took: 0.0000510 seconds
264.423: Application time: 0.0366720 seconds
264.423: [GC [PSYoungGen: 7648K->496K(8192K)] 18600K->11448K(26112K), 0.0004710 secs] [Times: user=0.01 sys=0.00, real=0.00 secs] 
264.424: Total time for which application threads were stopped: 0.0005740 seconds, Stopping threads took: 0.0000460 seconds
264.461: Application time: 0.0371750 seconds
264.461: [GC [PSYoungGen: 7664K->496K(8192K)] 18616K->11448K(26112K), 0.0004570 secs] [Times: user=0.00 sys=0.00, real=0.00 secs] 
264.461: Total time for which application threads were stopped: 0.0005620 seconds, Stopping threads took: 0.0000450 seconds
264.498: Application time: 0.0369720 seconds
264.499: [GC [PSYoungGen: 7664K->496K(8192K)] 18616K->11448K(26112K), 0.0004260 secs] [Times: user=0.00 sys=0.00, real=0.00 secs] 
264.499: Total time for which application threads were stopped: 0.0005440 seconds, Stopping threads took: 0.0000600 seconds
264.536: Application time: 0.0367400 seconds
264.536: [GC [PSYoungGen: 7664K->512K(8192K)] 18616K->11464K(26112K), 0.0004350 secs] [Times: user=0.00 sys=0.00, real=0.00 secs] 
264.536: Total time for which application threads were stopped: 0.0005580 seconds, Stopping threads took: 0.0000560 seconds
264.573: Application time: 0.0366790 seconds
264.573: [GC [PSYoungGen: 7680K->528K(8192K)] 18632K->11480K(26112K), 0.0004200 secs] [Times: user=0.00 sys=0.00, real=0.00 secs] 
264.573: Total time for which application threads were stopped: 0.0005290 seconds, Stopping threads took: 0.0000520 seconds
264.610: Application time: 0.0367640 seconds
264.610: [GC [PSYoungGen: 7696K->448K(8192K)] 18648K->11456K(26112K), 0.0004170 secs] [Times: user=0.00 sys=0.00, real=0.00 secs] 
264.611: Total time for which application threads were stopped: 0.0005310 seconds, Stopping threads took: 0.0000560 seconds
264.647: Application time: 0.0366760 seconds
264.648: [GC [PSYoungGen: 7616K->464K(8192K)] 18624K->11472K(26112K), 0.0004170 secs] [Times: user=0.01 sys=0.00, real=0.00 secs] 
264.648: Total time for which application threads were stopped: 0.0005290 seconds, Stopping threads took: 0.0000550 seconds
264.685: Application time: 0.0367550 seconds
264.685: [GC [PSYoungGen: 7632K->464K(8192K)] 18640K->11472K(26112K), 0.0003980 secs] [Times: user=0.00 sys=0.00, real=0.00 secs] 
264.685: Total time for which application threads were stopped: 0.0005280 seconds, Stopping threads took: 0.0000650 seconds
264.722: Application time: 0.0368400 seconds
264.722: [GC [PSYoungGen: 7632K->416K(8192K)] 18640K->11480K(26112K), 0.0004650 secs] [Times: user=0.01 sys=0.00, real=0.00 secs] 
264.723: Total time for which application threads were stopped: 0.0005990 seconds, Stopping threads took: 0.0000580 seconds
264.760: Application time: 0.0368570 seconds
264.760: [GC [PSYoungGen: 7584K->400K(8192K)] 18648K->11560K(26112K), 0.0004180 secs] [Times: user=0.00 sys=0.00, real=0.00 secs] 
264.760: Total time for which application threads were stopped: 0.0005410 seconds, Stopping threads took: 0.0000560 seconds
264.796: Application time: 0.0361260 seconds
264.796: [GC [PSYoungGen: 7568K->400K(8192K)] 18728K->11560K(26112K), 0.0003930 secs] [Times: user=0.00 sys=0.00, real=0.01 secs] 
264.797: Total time for which application threads were stopped: 0.0005110 seconds, Stopping threads took: 0.0000530 seconds
264.834: Application time: 0.0369690 seconds
264.834: [GC [PSYoungGen: 7568K->384K(8192K)] 18728K->11600K(26112K), 0.0004490 secs] [Times: user=0.00 sys=0.00, real=0.00 secs] 
264.834: Total time for which application threads were stopped: 0.0005630 seconds, Stopping threads took: 0.0000550 seconds
264.871: Application time: 0.0367830 seconds
264.871: [GC [PSYoungGen: 7552K->384K(8192K)] 18768K->11600K(26112K), 0.0003950 secs] [Times: user=0.00 sys=0.00, real=0.00 secs] 
264.872: Total time for which application threads were stopped: 0.0005110 seconds, Stopping threads took: 0.0000530 seconds
264.907: Application time: 0.0356650 seconds
264.907: [GC [PSYoungGen: 7552K->352K(8192K)] 18768K->11648K(26112K), 0.0004000 secs] [Times: user=0.00 sys=0.00, real=0.00 secs] 
264.908: Total time for which application threads were stopped: 0.0005090 seconds, Stopping threads took: 0.0000440 seconds
264.944: Application time: 0.0363380 seconds
264.944: [GC [PSYoungGen: 7520K->416K(8192K)] 18816K->11760K(26112K), 0.0004460 secs] [Times: user=0.00 sys=0.00, real=0.00 secs] 
264.945: Total time for which application threads were stopped: 0.0005670 seconds, Stopping threads took: 0.0000560 seconds
264.982: Application time: 0.0368940 seconds
264.982: [GC [PSYoungGen: 7584K->384K(8192K)] 18928K->11728K(26112K), 0.0004220 secs] [Times: user=0.00 sys=0.00, real=0.00 secs] 
264.982: Total time for which application threads were stopped: 0.0005230 seconds, Stopping threads took: 0.0000420 seconds
265.019: Application time: 0.0365150 seconds
265.019: [GC [PSYoungGen: 7552K->416K(8192K)] 18896K->11760K(26112K), 0.0003900 secs] [Times: user=0.00 sys=0.00, real=0.00 secs] 
265.019: Total time for which application threads were stopped: 0.0005050 seconds, Stopping threads took: 0.0000540 seconds
265.056: Application time: 0.0369710 seconds
265.057: [GC [PSYoungGen: 7584K->416K(8192K)] 18928K->11760K(26112K), 0.0004890 secs] [Times: user=0.00 sys=0.00, real=0.00 secs] 
265.057: Total time for which application threads were stopped: 0.0011930 seconds, Stopping threads took: 0.0006240 seconds
265.093: Application time: 0.0358970 seconds
265.093: [GC [PSYoungGen: 7584K->480K(8192K)] 18928K->11824K(26112K), 0.0004350 secs] [Times: user=0.00 sys=0.00, real=0.00 secs] 
265.094: Total time for which application threads were stopped: 0.0005550 seconds, Stopping threads took: 0.0000570 seconds
265.130: Application time: 0.0367330 seconds
265.131: [GC [PSYoungGen: 7648K->480K(8192K)] 18992K->11824K(26112K), 0.0004280 secs] [Times: user=0.00 sys=0.00, real=0.00 secs] 
265.131: Total time for which application threads were stopped: 0.0005560 seconds, Stopping threads took: 0.0000580 seconds
265.168: Application time: 0.0371010 seconds
265.168: [GC [PSYoungGen: 7648K->512K(8192K)] 18992K->11856K(26112K), 0.0004620 secs] [Times: user=0.00 sys=0.00, real=0.01 secs] 
265.169: Total time for which application threads were stopped: 0.0005750 seconds, Stopping threads took: 0.0000540 seconds
265.206: Application time: 0.0374880 seconds
265.206: [GC [PSYoungGen: 7680K->512K(8192K)] 19024K->11856K(26112K), 0.0004570 secs] [Times: user=0.00 sys=0.00, real=0.00 secs] 
265.207: Total time for which application threads were stopped: 0.0005780 seconds, Stopping threads took: 0.0000560 seconds
265.244: Application time: 0.0372420 seconds
265.244: [GC [PSYoungGen: 7680K->496K(8192K)] 19024K->11840K(26112K), 0.0004770 secs] [Times: user=0.00 sys=0.00, real=0.00 secs] 
265.245: Total time for which application threads were stopped: 0.0005990 seconds, Stopping threads took: 0.0000580 seconds
265.281: Application time: 0.0363160 seconds
265.281: [GC [PSYoungGen: 7664K->512K(8192K)] 19008K->11856K(26112K), 0.0004030 secs] [Times: user=0.00 sys=0.00, real=0.00 secs] 
265.281: Total time for which application threads were stopped: 0.0005210 seconds, Stopping threads took: 0.0000550 seconds
265.318: Application time: 0.0369680 seconds
265.319: [GC [PSYoungGen: 7680K->544K(8192K)] 19024K->11888K(26112K), 0.0004480 secs] [Times: user=0.00 sys=0.00, real=0.00 secs] 
265.319: Total time for which application threads were stopped: 0.0005480 seconds, Stopping threads took: 0.0000440 seconds
265.356: Application time: 0.0367820 seconds
265.356: [GC [PSYoungGen: 7712K->480K(8192K)] 19056K->11880K(26112K), 0.0004240 secs] [Times: user=0.01 sys=0.00, real=0.00 secs] 
265.356: Total time for which application threads were stopped: 0.0005370 seconds, Stopping threads took: 0.0000550 seconds
265.393: Application time: 0.0366030 seconds
265.393: [GC [PSYoungGen: 7648K->480K(8192K)] 19048K->11880K(26112K), 0.0003930 secs] [Times: user=0.00 sys=0.00, real=0.00 secs] 
265.393: Total time for which application threads were stopped: 0.0005050 seconds, Stopping threads took: 0.0000550 seconds
265.430: Application time: 0.0366610 seconds
265.430: [GC [PSYoungGen: 7648K->448K(8192K)] 19048K->11848K(26112K), 0.0004140 secs] [Times: user=0.00 sys=0.00, real=0.00 secs] 
265.431: Total time for which application threads were stopped: 0.0005380 seconds, Stopping threads took: 0.0000660 seconds
265.467: Application time: 0.0365650 seconds
265.467: [GC [PSYoungGen: 7616K->384K(8192K)] 19016K->11872K(26112K), 0.0004220 secs] [Times: user=0.01 sys=0.00, real=0.00 secs] 
265.468: Total time for which application threads were stopped: 0.0005380 seconds, Stopping threads took: 0.0000540 seconds
265.504: Application time: 0.0367230 seconds
265.505: [GC [PSYoungGen: 7552K->368K(8192K)] 19040K->11904K(26112K), 0.0003990 secs] [Times: user=0.00 sys=0.00, real=0.00 secs] 
265.505: Total time for which application threads were stopped: 0.0005170 seconds, Stopping threads took: 0.0000560 seconds
265.541: Application time: 0.0361360 seconds
265.541: [GC [PSYoungGen: 7536K->352K(8192K)] 19072K->11888K(26112K), 0.0004090 secs] [Times: user=0.00 sys=0.00, real=0.00 secs] 
265.542: Total time for which application threads were stopped: 0.0005160 seconds, Stopping threads took: 0.0000460 seconds
265.578: Application time: 0.0368190 seconds
265.579: [GC [PSYoungGen: 7520K->384K(8192K)] 19056K->11968K(26112K), 0.0004010 secs] [Times: user=0.00 sys=0.00, real=0.00 secs] 
265.579: Total time for which application threads were stopped: 0.0005270 seconds, Stopping threads took: 0.0000520 seconds
265.616: Application time: 0.0367010 seconds
265.616: [GC [PSYoungGen: 7552K->336K(8192K)] 19136K->11968K(26112K), 0.0003970 secs] [Times: user=0.01 sys=0.00, real=0.00 secs] 
265.616: Total time for which application threads were stopped: 0.0005140 seconds, Stopping threads took: 0.0000560 seconds
265.652: Application time: 0.0359140 seconds
265.652: [GC [PSYoungGen: 7504K->304K(8192K)] 19136K->12024K(26112K), 0.0003990 secs] [Times: user=0.00 sys=0.00, real=0.00 secs] 
265.653: Total time for which application threads were stopped: 0.0005180 seconds, Stopping threads took: 0.0000540 seconds
265.689: Application time: 0.0364660 seconds
265.689: [GC [PSYoungGen: 7472K->368K(8192K)] 19192K->12088K(26112K), 0.0003950 secs] [Times: user=0.00 sys=0.00, real=0.00 secs] 
265.690: Total time for which application threads were stopped: 0.0005000 seconds, Stopping threads took: 0.0000460 seconds
265.728: Application time: 0.0379910 seconds
265.728: [GC [PSYoungGen: 7536K->384K(8192K)] 19256K->12104K(26112K), 0.0004190 secs] [Times: user=0.00 sys=0.00, real=0.00 secs] 
265.728: Total time for which application threads were stopped: 0.0005470 seconds, Stopping threads took: 0.0000500 seconds
265.764: Application time: 0.0363330 seconds
265.765: [GC [PSYoungGen: 7552K->368K(8192K)] 19272K->12089K(26112K), 0.0004120 secs] [Times: user=0.00 sys=0.00, real=0.00 secs] 
265.765: Total time for which application threads were stopped: 0.0005310 seconds, Stopping threads took: 0.0000530 seconds
265.801: Application time: 0.0361630 seconds
265.801: [GC [PSYoungGen: 7536K->432K(8192K)] 19257K->12153K(26112K), 0.0004020 secs] [Times: user=0.00 sys=0.00, real=0.00 secs] 
265.802: Total time for which application threads were stopped: 0.0005070 seconds, Stopping threads took: 0.0000410 seconds
265.838: Application time: 0.0360780 seconds
265.838: [GC [PSYoungGen: 7600K->496K(8192K)] 19321K->12217K(26112K), 0.0004350 secs] [Times: user=0.00 sys=0.00, real=0.00 secs] 
265.838: Total time for which application threads were stopped: 0.0005400 seconds, Stopping threads took: 0.0000410 seconds
265.875: Application time: 0.0367790 seconds
265.875: [GC [PSYoungGen: 7664K->448K(8192K)] 19385K->12169K(26112K), 0.0005040 secs] [Times: user=0.00 sys=0.00, real=0.00 secs] 
265.876: Total time for which application threads were stopped: 0.0006180 seconds, Stopping threads took: 0.0000510 seconds
265.912: Application time: 0.0367640 seconds
265.913: [GC [PSYoungGen: 7616K->464K(8192K)] 19337K->12185K(26112K), 0.0004740 secs] [Times: user=0.00 sys=0.00, real=0.00 secs] 
265.913: Total time for which application threads were stopped: 0.0005870 seconds, Stopping threads took: 0.0000520 seconds
265.950: Application time: 0.0367490 seconds
265.950: [GC [PSYoungGen: 7632K->512K(8192K)] 19353K->12233K(26112K), 0.0004370 secs] [Times: user=0.00 sys=0.00, real=0.00 secs] 
265.950: Total time for which application threads were stopped: 0.0005470 seconds, Stopping threads took: 0.0000510 seconds
265.987: Application time: 0.0367040 seconds
265.987: [GC [PSYoungGen: 7680K->512K(8192K)] 19401K->12233K(26112K), 0.0005010 secs] [Times: user=0.00 sys=0.00, real=0.00 secs] 
265.988: Total time for which application threads were stopped: 0.0006070 seconds, Stopping threads took: 0.0000460 seconds
266.024: Application time: 0.0366730 seconds
266.024: [GC [PSYoungGen: 7680K->496K(8192K)] 19401K->12216K(26112K), 0.0004620 secs] [Times: user=0.00 sys=0.00, real=0.00 secs] 
266.025: Total time for which application threads were stopped: 0.0005660 seconds, Stopping threads took: 0.0000450 seconds
266.062: Application time: 0.0366980 seconds
266.062: [GC [PSYoungGen: 7664K->496K(8192K)] 19384K->12217K(26112K), 0.0004350 secs] [Times: user=0.00 sys=0.00, real=0.00 secs] 
266.062: Total time for which application threads were stopped: 0.0005360 seconds, Stopping threads took: 0.0000400 seconds
266.099: Application time: 0.0367540 seconds
266.099: [GC [PSYoungGen: 7664K->464K(8192K)] 19385K->12241K(26112K), 0.0004220 secs] [Times: user=0.00 sys=0.00, real=0.00 secs] 
266.099: Total time for which application threads were stopped: 0.0005450 seconds, Stopping threads took: 0.0000550 seconds
266.136: Application time: 0.0367390 seconds
266.136: [GC [PSYoungGen: 7632K->448K(8192K)] 19409K->12225K(26112K), 0.0004540 secs] [Times: user=0.00 sys=0.00, real=0.01 secs] 
266.137: Total time for which application threads were stopped: 0.0005580 seconds, Stopping threads took: 0.0000400 seconds
266.173: Application time: 0.0366930 seconds
266.174: [GC [PSYoungGen: 7616K->416K(8192K)] 19393K->12193K(26112K), 0.0004080 secs] [Times: user=0.00 sys=0.00, real=0.00 secs] 
266.174: Total time for which application threads were stopped: 0.0005220 seconds, Stopping threads took: 0.0000490 seconds
266.211: Application time: 0.0366790 seconds
266.211: [GC [PSYoungGen: 7584K->400K(8192K)] 19361K->12265K(26112K), 0.0004470 secs] [Times: user=0.00 sys=0.00, real=0.00 secs] 
266.211: Total time for which application threads were stopped: 0.0005540 seconds, Stopping threads took: 0.0000470 seconds
266.248: Application time: 0.0367260 seconds
266.248: [GC [PSYoungGen: 7568K->336K(8192K)] 19433K->12249K(26112K), 0.0004450 secs] [Times: user=0.00 sys=0.00, real=0.00 secs] 
266.248: Total time for which application threads were stopped: 0.0005790 seconds, Stopping threads took: 0.0000710 seconds
266.285: Application time: 0.0364870 seconds
266.285: [GC [PSYoungGen: 7504K->432K(8192K)] 19417K->12345K(26112K), 0.0004020 secs] [Times: user=0.00 sys=0.00, real=0.00 secs] 
266.286: Total time for which application threads were stopped: 0.0005220 seconds, Stopping threads took: 0.0000580 seconds
266.322: Application time: 0.0367460 seconds
266.322: [GC [PSYoungGen: 7600K->352K(8192K)] 19513K->12313K(26112K), 0.0003920 secs] [Times: user=0.01 sys=0.00, real=0.00 secs] 
266.323: Total time for which application threads were stopped: 0.0004950 seconds, Stopping threads took: 0.0000440 seconds
266.360: Application time: 0.0368360 seconds
266.360: [GC [PSYoungGen: 7520K->336K(8192K)] 19481K->12353K(26112K), 0.0003830 secs] [Times: user=0.00 sys=0.00, real=0.00 secs] 
266.360: Total time for which application threads were stopped: 0.0004840 seconds, Stopping threads took: 0.0000430 seconds
266.395: Application time: 0.0354090 seconds
266.396: [GC [PSYoungGen: 7504K->320K(8192K)] 19521K->12417K(26112K), 0.0004530 secs] [Times: user=0.00 sys=0.00, real=0.00 secs] 
266.396: Total time for which application threads were stopped: 0.0005630 seconds, Stopping threads took: 0.0000520 seconds
266.433: Application time: 0.0365640 seconds
266.433: [GC [PSYoungGen: 7488K->352K(8192K)] 19585K->12449K(26112K), 0.0004670 secs] [Times: user=0.00 sys=0.00, real=0.00 secs] 
266.434: Total time for which application threads were stopped: 0.0016300 seconds, Stopping threads took: 0.0000580 seconds
266.471: Application time: 0.0367700 seconds
266.471: [GC [PSYoungGen: 7520K->352K(8192K)] 19617K->12449K(26112K), 0.0004100 secs] [Times: user=0.00 sys=0.00, real=0.00 secs] 
266.472: Total time for which application threads were stopped: 0.0005350 seconds, Stopping threads took: 0.0000660 seconds
266.508: Application time: 0.0364710 seconds
266.508: [GC [PSYoungGen: 7520K->400K(8192K)] 19617K->12497K(26112K), 0.0004070 secs] [Times: user=0.00 sys=0.00, real=0.00 secs] 
266.509: Total time for which application threads were stopped: 0.0005130 seconds, Stopping threads took: 0.0000460 seconds
266.544: Application time: 0.0356700 seconds
266.544: [GC [PSYoungGen: 7568K->464K(8192K)] 19665K->12561K(26112K), 0.0004320 secs] [Times: user=0.00 sys=0.00, real=0.00 secs] 
266.545: Total time for which application threads were stopped: 0.0005480 seconds, Stopping threads took: 0.0000550 seconds
266.582: Application time: 0.0375080 seconds
266.582: [GC [PSYoungGen: 7632K->480K(8192K)] 19729K->12577K(26112K), 0.0004450 secs] [Times: user=0.00 sys=0.00, real=0.00 secs] 
266.583: Total time for which application threads were stopped: 0.0005660 seconds, Stopping threads took: 0.0000570 seconds
266.620: Application time: 0.0367580 seconds
266.620: [GC [PSYoungGen: 7648K->496K(8192K)] 19745K->12593K(26112K), 0.0004100 secs] [Times: user=0.01 sys=0.00, real=0.00 secs] 
266.620: Total time for which application threads were stopped: 0.0005340 seconds, Stopping threads took: 0.0000560 seconds
266.657: Application time: 0.0364390 seconds
266.657: [GC [PSYoungGen: 7664K->544K(8192K)] 19761K->12641K(26112K), 0.0004760 secs] [Times: user=0.00 sys=0.00, real=0.01 secs] 
266.657: Total time for which application threads were stopped: 0.0005840 seconds, Stopping threads took: 0.0000390 seconds
266.694: Application time: 0.0366360 seconds
266.694: [GC [PSYoungGen: 7712K->496K(8192K)] 19809K->12593K(26112K), 0.0004660 secs] [Times: user=0.00 sys=0.00, real=0.00 secs] 
266.694: Total time for which application threads were stopped: 0.0005700 seconds, Stopping threads took: 0.0000430 seconds
266.733: Application time: 0.0381710 seconds
266.737: [GC [PSYoungGen: 7664K->512K(8192K)] 19761K->12609K(26112K), 0.0004900 secs] [Times: user=0.01 sys=0.00, real=0.00 secs] 
266.737: Total time for which application threads were stopped: 0.0047690 seconds, Stopping threads took: 0.0042160 seconds
266.774: Application time: 0.0368790 seconds
266.774: [GC [PSYoungGen: 7680K->464K(8192K)] 19777K->12561K(26112K), 0.0004170 secs] [Times: user=0.01 sys=0.00, real=0.00 secs] 
266.775: Total time for which application threads were stopped: 0.0005420 seconds, Stopping threads took: 0.0000630 seconds
266.811: Application time: 0.0367470 seconds
266.812: [GC [PSYoungGen: 7632K->464K(8192K)] 19729K->12561K(26112K), 0.0004230 secs] [Times: user=0.00 sys=0.00, real=0.00 secs] 
266.812: Total time for which application threads were stopped: 0.0005420 seconds, Stopping threads took: 0.0000580 seconds
266.849: Application time: 0.0367740 seconds
266.849: [GC [PSYoungGen: 7632K->464K(8192K)] 19729K->12601K(26112K), 0.0004240 secs] [Times: user=0.00 sys=0.00, real=0.00 secs] 
266.849: Total time for which application threads were stopped: 0.0005360 seconds, Stopping threads took: 0.0000500 seconds
266.886: Application time: 0.0367260 seconds
266.886: [GC [PSYoungGen: 7632K->448K(8192K)] 19769K->12585K(26112K), 0.0004030 secs] [Times: user=0.00 sys=0.00, real=0.00 secs] 
266.887: Total time for which application threads were stopped: 0.0005180 seconds, Stopping threads took: 0.0000560 seconds
266.923: Application time: 0.0366210 seconds
266.923: [GC [PSYoungGen: 7616K->448K(8192K)] 19753K->12585K(26112K), 0.0004160 secs] [Times: user=0.00 sys=0.00, real=0.00 secs] 
266.924: Total time for which application threads were stopped: 0.0005290 seconds, Stopping threads took: 0.0000510 seconds
266.960: Application time: 0.0366770 seconds
266.960: [GC [PSYoungGen: 7616K->368K(8192K)] 19753K->12609K(26112K), 0.0004280 secs] [Times: user=0.00 sys=0.00, real=0.00 secs] 
266.961: Total time for which application threads were stopped: 0.0005380 seconds, Stopping threads took: 0.0000470 seconds
266.997: Application time: 0.0365140 seconds
266.998: [GC [PSYoungGen: 7536K->384K(8192K)] 19777K->12641K(26112K), 0.0004000 secs] [Times: user=0.01 sys=0.00, real=0.00 secs] 
266.998: Total time for which application threads were stopped: 0.0005170 seconds, Stopping threads took: 0.0000550 seconds
267.035: Application time: 0.0366940 seconds
267.035: [GC [PSYoungGen: 7552K->432K(8192K)] 19809K->12689K(26112K), 0.0003950 secs] [Times: user=0.00 sys=0.00, real=0.00 secs] 
267.035: Total time for which application threads were stopped: 0.0005040 seconds, Stopping threads took: 0.0000520 seconds
267.072: Application time: 0.0368550 seconds
267.072: [GC [PSYoungGen: 7600K->352K(8192K)] 19857K->12657K(26112K), 0.0004480 secs] [Times: user=0.00 sys=0.00, real=0.00 secs] 
267.073: Total time for which application threads were stopped: 0.0005540 seconds, Stopping threads took: 0.0000480 seconds
267.109: Application time: 0.0367120 seconds
267.113: [GC [PSYoungGen: 7520K->288K(8192K)] 19825K->12689K(26112K), 0.0003910 secs] [Times: user=0.00 sys=0.00, real=0.00 secs] 
267.113: Total time for which application threads were stopped: 0.0038510 seconds, Stopping threads took: 0.0034000 seconds
267.148: Application time: 0.0352430 seconds
267.148: [GC [PSYoungGen: 7456K->336K(8192K)] 19857K->12785K(26112K), 0.0004070 secs] [Times: user=0.00 sys=0.00, real=0.01 secs] 
267.149: Total time for which application threads were stopped: 0.0005160 seconds, Stopping threads took: 0.0000400 seconds
267.186: Application time: 0.0366950 seconds
267.186: [GC [PSYoungGen: 7504K->352K(8192K)] 19953K->12801K(26112K), 0.0003840 secs] [Times: user=0.00 sys=0.00, real=0.00 secs] 
267.186: Total time for which application threads were stopped: 0.0005010 seconds, Stopping threads took: 0.0000570 seconds
267.223: Application time: 0.0367560 seconds
267.223: [GC [PSYoungGen: 7520K->416K(8192K)] 19969K->12865K(26112K), 0.0003810 secs] [Times: user=0.00 sys=0.00, real=0.00 secs] 
267.223: Total time for which application threads were stopped: 0.0004940 seconds, Stopping threads took: 0.0000550 seconds
267.260: Application time: 0.0365300 seconds
267.261: [GC [PSYoungGen: 7584K->400K(8192K)] 20033K->12849K(26112K), 0.0004140 secs] [Times: user=0.00 sys=0.00, real=0.00 secs] 
267.261: Total time for which application threads were stopped: 0.0012840 seconds, Stopping threads took: 0.0008110 seconds
267.297: Application time: 0.0360150 seconds
267.297: [GC [PSYoungGen: 7568K->464K(8192K)] 20017K->12913K(26112K), 0.0004320 secs] [Times: user=0.00 sys=0.00, real=0.00 secs] 
267.298: Total time for which application threads were stopped: 0.0005690 seconds, Stopping threads took: 0.0000690 seconds
267.334: Application time: 0.0361890 seconds
267.334: [GC [PSYoungGen: 7632K->496K(8192K)] 20081K->12945K(26112K), 0.0004220 secs] [Times: user=0.01 sys=0.00, real=0.00 secs] 
267.335: Total time for which application threads were stopped: 0.0005400 seconds, Stopping threads took: 0.0000540 seconds
267.371: Application time: 0.0367710 seconds
267.371: [GC [PSYoungGen: 7664K->496K(8192K)] 20113K->12945K(26112K), 0.0004240 secs] [Times: user=0.00 sys=0.00, real=0.00 secs] 
267.372: Total time for which application threads were stopped: 0.0005450 seconds, Stopping threads took: 0.0000600 seconds
267.409: Application time: 0.0370150 seconds
267.409: [GC [PSYoungGen: 7664K->480K(8192K)] 20113K->12929K(26112K), 0.0004250 secs] [Times: user=0.00 sys=0.00, real=0.00 secs] 
267.409: Total time for which application threads were stopped: 0.0005320 seconds, Stopping threads took: 0.0000500 seconds
267.446: Application time: 0.0368090 seconds
267.446: [GC [PSYoungGen: 7648K->480K(8192K)] 20097K->12929K(26112K), 0.0004080 secs] [Times: user=0.00 sys=0.00, real=0.00 secs] 
267.447: Total time for which application threads were stopped: 0.0005130 seconds, Stopping threads took: 0.0000480 seconds
267.484: Application time: 0.0368320 seconds
267.484: [GC [PSYoungGen: 7648K->528K(8192K)] 20097K->12977K(26112K), 0.0004280 secs] [Times: user=0.00 sys=0.00, real=0.00 secs] 
267.484: Total time for which application threads were stopped: 0.0005430 seconds, Stopping threads took: 0.0000550 seconds
267.521: Application time: 0.0365690 seconds
267.521: [GC [PSYoungGen: 7696K->496K(8192K)] 20145K->12945K(26112K), 0.0004160 secs] [Times: user=0.01 sys=0.00, real=0.00 secs] 
267.521: Total time for which application threads were stopped: 0.0005300 seconds, Stopping threads took: 0.0000550 seconds
267.558: Application time: 0.0367490 seconds
267.558: [GC [PSYoungGen: 7664K->496K(8192K)] 20113K->12993K(26112K), 0.0005510 secs] [Times: user=0.00 sys=0.00, real=0.00 secs] 
267.559: Total time for which application threads were stopped: 0.0006650 seconds, Stopping threads took: 0.0000520 seconds
267.595: Application time: 0.0367990 seconds
267.595: [GC [PSYoungGen: 7664K->448K(8192K)] 20161K->12945K(26112K), 0.0004140 secs] [Times: user=0.00 sys=0.00, real=0.00 secs] 
267.596: Total time for which application threads were stopped: 0.0005240 seconds, Stopping threads took: 0.0000540 seconds
267.633: Application time: 0.0368540 seconds
267.633: [GC [PSYoungGen: 7616K->432K(8192K)] 20113K->12929K(26112K), 0.0004130 secs] [Times: user=0.00 sys=0.00, real=0.00 secs] 
267.633: Total time for which application threads were stopped: 0.0005210 seconds, Stopping threads took: 0.0000470 seconds
267.670: Application time: 0.0364130 seconds
267.670: [GC [PSYoungGen: 7600K->480K(8192K)] 20097K->12977K(26112K), 0.0004660 secs] [Times: user=0.00 sys=0.00, real=0.00 secs] 
267.670: Total time for which application threads were stopped: 0.0005920 seconds, Stopping threads took: 0.0000560 seconds
267.707: Application time: 0.0370870 seconds
267.708: [GC [PSYoungGen: 7648K->352K(8192K)] 20145K->12977K(26112K), 0.0004690 secs] [Times: user=0.00 sys=0.00, real=0.00 secs] 
267.708: Total time for which application threads were stopped: 0.0005960 seconds, Stopping threads took: 0.0000580 seconds
267.744: Application time: 0.0362220 seconds
267.744: [GC [PSYoungGen: 7520K->384K(8192K)] 20145K->13009K(26112K), 0.0004130 secs] [Times: user=0.00 sys=0.00, real=0.00 secs] 
267.745: Total time for which application threads were stopped: 0.0005390 seconds, Stopping threads took: 0.0000630 seconds
267.781: Application time: 0.0366980 seconds
267.785: [GC [PSYoungGen: 7552K->432K(8192K)] 20177K->13057K(26112K), 0.0004090 secs] [Times: user=0.01 sys=0.00, real=0.00 secs] 
267.785: Total time for which application threads were stopped: 0.0037360 seconds, Stopping threads took: 0.0032690 seconds
267.822: Application time: 0.0367840 seconds
267.822: [GC [PSYoungGen: 7600K->416K(8192K)] 20225K->13097K(26112K), 0.0004080 secs] [Times: user=0.00 sys=0.00, real=0.00 secs] 
267.822: Total time for which application threads were stopped: 0.0005120 seconds, Stopping threads took: 0.0000420 seconds
267.858: Application time: 0.0356610 seconds
267.858: [GC [PSYoungGen: 7584K->384K(8192K)] 20265K->13153K(26112K), 0.0004190 secs] [Times: user=0.00 sys=0.00, real=0.00 secs] 
267.859: Total time for which application threads were stopped: 0.0005440 seconds, Stopping threads took: 0.0000580 seconds
267.895: Application time: 0.0362540 seconds
267.895: [GC [PSYoungGen: 7552K->368K(8192K)] 20321K->13193K(26112K), 0.0004440 secs] [Times: user=0.00 sys=0.00, real=0.00 secs] 
267.896: Total time for which application threads were stopped: 0.0005610 seconds, Stopping threads took: 0.0000560 seconds
267.932: Application time: 0.0369150 seconds
267.933: [GC [PSYoungGen: 7536K->352K(8192K)] 20361K->13177K(26112K), 0.0003950 secs] [Times: user=0.00 sys=0.00, real=0.00 secs] 
267.933: Total time for which application threads were stopped: 0.0005040 seconds, Stopping threads took: 0.0000510 seconds
267.970: Application time: 0.0367310 seconds
267.970: [GC [PSYoungGen: 7520K->352K(8192K)] 20345K->13177K(26112K), 0.0003850 secs] [Times: user=0.00 sys=0.00, real=0.00 secs] 
267.970: Total time for which application threads were stopped: 0.0004850 seconds, Stopping threads took: 0.0000410 seconds
268.006: Application time: 0.0358820 seconds
268.006: [GC [PSYoungGen: 7520K->400K(8192K)] 20345K->13225K(26112K), 0.0004060 secs] [Times: user=0.00 sys=0.00, real=0.00 secs] 
268.007: Total time for which application threads were stopped: 0.0005110 seconds, Stopping threads took: 0.0000480 seconds
268.043: Application time: 0.0365650 seconds
268.043: [GC [PSYoungGen: 7568K->432K(8192K)] 20393K->13257K(26112K), 0.0004030 secs] [Times: user=0.01 sys=0.00, real=0.00 secs] 
268.044: Total time for which application threads were stopped: 0.0005110 seconds, Stopping threads took: 0.0000490 seconds
268.081: Application time: 0.0372610 seconds
268.081: [GC [PSYoungGen: 7600K->512K(8192K)] 20425K->13337K(26112K), 0.0004570 secs] [Times: user=0.01 sys=0.00, real=0.00 secs] 
268.081: Total time for which application threads were stopped: 0.0005860 seconds, Stopping threads took: 0.0000600 seconds
268.118: Application time: 0.0366730 seconds
268.118: [GC [PSYoungGen: 7680K->496K(8192K)] 20505K->13321K(26112K), 0.0004250 secs] [Times: user=0.00 sys=0.00, real=0.00 secs] 
268.119: Total time for which application threads were stopped: 0.0005480 seconds, Stopping threads took: 0.0000560 seconds
268.155: Application time: 0.0366410 seconds
268.155: [GC [PSYoungGen: 7664K->528K(8192K)] 20489K->13353K(26112K), 0.0004230 secs] [Times: user=0.01 sys=0.00, real=0.00 secs] 
268.156: Total time for which application threads were stopped: 0.0005400 seconds, Stopping threads took: 0.0000550 seconds
268.193: Application time: 0.0370100 seconds
268.193: [GC [PSYoungGen: 7696K->496K(8192K)] 20521K->13321K(26112K), 0.0004150 secs] [Times: user=0.00 sys=0.00, real=0.00 secs] 
268.193: Total time for which application threads were stopped: 0.0005370 seconds, Stopping threads took: 0.0000420 seconds
268.231: Application time: 0.0377730 seconds
268.231: [GC [PSYoungGen: 7664K->480K(8192K)] 20489K->13305K(26112K), 0.0004490 secs] [Times: user=0.00 sys=0.00, real=0.00 secs] 
268.232: Total time for which application threads were stopped: 0.0005670 seconds, Stopping threads took: 0.0000550 seconds
268.268: Application time: 0.0366630 seconds
268.269: [GC [PSYoungGen: 7648K->512K(8192K)] 20473K->13337K(26112K), 0.0004200 secs] [Times: user=0.00 sys=0.00, real=0.01 secs] 
268.269: Total time for which application threads were stopped: 0.0005300 seconds, Stopping threads took: 0.0000500 seconds
268.306: Application time: 0.0367290 seconds
268.306: [GC [PSYoungGen: 7680K->480K(8192K)] 20505K->13353K(26112K), 0.0004540 secs] [Times: user=0.00 sys=0.00, real=0.00 secs] 
268.306: Total time for which application threads were stopped: 0.0005650 seconds, Stopping threads took: 0.0000550 seconds
268.343: Application time: 0.0366600 seconds
268.343: [GC [PSYoungGen: 7648K->464K(8192K)] 20521K->13337K(26112K), 0.0004530 secs] [Times: user=0.01 sys=0.00, real=0.00 secs] 
268.344: Total time for which application threads were stopped: 0.0005660 seconds, Stopping threads took: 0.0000530 seconds
268.380: Application time: 0.0365510 seconds
268.380: [GC [PSYoungGen: 7632K->448K(8192K)] 20505K->13321K(26112K), 0.0004100 secs] [Times: user=0.00 sys=0.00, real=0.00 secs] 
268.381: Total time for which application threads were stopped: 0.0005210 seconds, Stopping threads took: 0.0000540 seconds
268.417: Application time: 0.0367160 seconds
268.417: [GC [PSYoungGen: 7616K->384K(8192K)] 20489K->13353K(26112K), 0.0004130 secs] [Times: user=0.00 sys=0.00, real=0.00 secs] 
268.418: Total time for which application threads were stopped: 0.0005240 seconds, Stopping threads took: 0.0000530 seconds
268.455: Application time: 0.0368210 seconds
268.455: [GC [PSYoungGen: 7552K->336K(8192K)] 20521K->13353K(26112K), 0.0004060 secs] [Times: user=0.00 sys=0.00, real=0.00 secs] 
268.455: Total time for which application threads were stopped: 0.0005210 seconds, Stopping threads took: 0.0000550 seconds
268.491: Application time: 0.0362340 seconds
268.491: [GC [PSYoungGen: 7504K->384K(8192K)] 20521K->13401K(26112K), 0.0004310 secs] [Times: user=0.00 sys=0.00, real=0.00 secs] 
268.492: Total time for which application threads were stopped: 0.0005430 seconds, Stopping threads took: 0.0000550 seconds
268.529: Application time: 0.0366600 seconds
268.529: [GC [PSYoungGen: 7552K->432K(8192K)] 20569K->13449K(26112K), 0.0004060 secs] [Times: user=0.00 sys=0.00, real=0.00 secs] 
268.529: Total time for which application threads were stopped: 0.0005210 seconds, Stopping threads took: 0.0000550 seconds
268.566: Application time: 0.0367160 seconds
268.566: [GC [PSYoungGen: 7600K->384K(8192K)] 20617K->13489K(26112K), 0.0003990 secs] [Times: user=0.00 sys=0.00, real=0.00 secs] 
268.566: Total time for which application threads were stopped: 0.0005100 seconds, Stopping threads took: 0.0000550 seconds
268.602: Application time: 0.0355760 seconds
268.602: [GC [PSYoungGen: 7552K->384K(8192K)] 20657K->13545K(26112K), 0.0004010 secs] [Times: user=0.00 sys=0.00, real=0.00 secs] 
268.602: Total time for which application threads were stopped: 0.0005200 seconds, Stopping threads took: 0.0000560 seconds
268.639: Application time: 0.0364490 seconds
268.639: [GC [PSYoungGen: 7552K->352K(8192K)] 20713K->13562K(26112K), 0.0003960 secs] [Times: user=0.00 sys=0.00, real=0.00 secs] 
268.639: Total time for which application threads were stopped: 0.0005210 seconds, Stopping threads took: 0.0000600 seconds
268.676: Application time: 0.0367290 seconds
268.676: [GC [PSYoungGen: 7520K->352K(8192K)] 20730K->13562K(26112K), 0.0003840 secs] [Times: user=0.00 sys=0.00, real=0.00 secs] 
268.677: Total time for which application threads were stopped: 0.0004950 seconds, Stopping threads took: 0.0000570 seconds
268.713: Application time: 0.0368160 seconds
268.714: [GC [PSYoungGen: 7520K->336K(8192K)] 20730K->13545K(26112K), 0.0005160 secs] [Times: user=0.00 sys=0.00, real=0.00 secs] 
268.714: Total time for which application threads were stopped: 0.0006610 seconds, Stopping threads took: 0.0000610 seconds
268.750: Application time: 0.0358120 seconds
268.750: [GC [PSYoungGen: 7504K->480K(8192K)] 20713K->13690K(26112K), 0.0004170 secs] [Times: user=0.00 sys=0.00, real=0.00 secs] 
268.750: Total time for which application threads were stopped: 0.0005370 seconds, Stopping threads took: 0.0000570 seconds
268.787: Application time: 0.0367660 seconds
268.787: [GC [PSYoungGen: 7648K->448K(8192K)] 20857K->13657K(26112K), 0.0004010 secs] [Times: user=0.00 sys=0.00, real=0.00 secs] 
268.788: Total time for which application threads were stopped: 0.0005040 seconds, Stopping threads took: 0.0000470 seconds
268.824: Application time: 0.0362570 seconds
268.824: [GC [PSYoungGen: 7616K->512K(8192K)] 20825K->13721K(26112K), 0.0004210 secs] [Times: user=0.00 sys=0.00, real=0.00 secs] 
268.825: Total time for which application threads were stopped: 0.0005320 seconds, Stopping threads took: 0.0000510 seconds
268.861: Application time: 0.0366960 seconds
268.861: [GC [PSYoungGen: 7680K->512K(8192K)] 20889K->13722K(26112K), 0.0004130 secs] [Times: user=0.00 sys=0.00, real=0.00 secs] 
268.862: Total time for which application threads were stopped: 0.0005270 seconds, Stopping threads took: 0.0000550 seconds
268.899: Application time: 0.0370580 seconds
268.899: [GC [PSYoungGen: 7680K->528K(8192K)] 20890K->13738K(26112K), 0.0004160 secs] [Times: user=0.00 sys=0.00, real=0.00 secs] 
268.899: Total time for which application threads were stopped: 0.0005200 seconds, Stopping threads took: 0.0000460 seconds
268.936: Application time: 0.0367130 seconds
268.936: [GC [PSYoungGen: 7696K->496K(8192K)] 20906K->13706K(26112K), 0.0004060 secs] [Times: user=0.00 sys=0.00, real=0.00 secs] 
268.937: Total time for which application threads were stopped: 0.0005100 seconds, Stopping threads took: 0.0000430 seconds
268.973: Application time: 0.0365670 seconds
268.973: [GC [PSYoungGen: 7664K->528K(8192K)] 20874K->13738K(26112K), 0.0004110 secs] [Times: user=0.01 sys=0.00, real=0.00 secs] 
268.974: Total time for which application threads were stopped: 0.0005240 seconds, Stopping threads took: 0.0000540 seconds
269.010: Application time: 0.0367140 seconds
269.010: [GC [PSYoungGen: 7696K->512K(8192K)] 20906K->13722K(26112K), 0.0004320 secs] [Times: user=0.00 sys=0.00, real=0.00 secs] 
269.011: Total time for which application threads were stopped: 0.0005480 seconds, Stopping threads took: 0.0000540 seconds
269.048: Application time: 0.0367150 seconds
269.048: [GC [PSYoungGen: 7680K->432K(8192K)] 20890K->13682K(26112K), 0.0004650 secs] [Times: user=0.01 sys=0.00, real=0.00 secs] 
269.048: Total time for which application threads were stopped: 0.0005750 seconds, Stopping threads took: 0.0000500 seconds
269.085: Application time: 0.0367200 seconds
269.085: [GC [PSYoungGen: 7600K->400K(8192K)] 20850K->13650K(26112K), 0.0003980 secs] [Times: user=0.00 sys=0.00, real=0.00 secs] 
269.085: Total time for which application threads were stopped: 0.0004960 seconds, Stopping threads took: 0.0000400 seconds
269.122: Application time: 0.0364650 seconds
269.122: [GC [PSYoungGen: 7568K->480K(8192K)] 20818K->13730K(26112K), 0.0004190 secs] [Times: user=0.00 sys=0.00, real=0.00 secs] 
269.122: Total time for which application threads were stopped: 0.0005480 seconds, Stopping threads took: 0.0000700 seconds
269.159: Application time: 0.0366930 seconds
269.159: [GC [PSYoungGen: 7648K->352K(8192K)] 20898K->13690K(26112K), 0.0004540 secs] [Times: user=0.00 sys=0.00, real=0.00 secs] 
269.160: Total time for which application threads were stopped: 0.0005650 seconds, Stopping threads took: 0.0000550 seconds
269.196: Application time: 0.0366290 seconds
269.196: [GC [PSYoungGen: 7520K->336K(8192K)] 20858K->13730K(26112K), 0.0004370 secs] [Times: user=0.00 sys=0.00, real=0.01 secs] 
269.197: Total time for which application threads were stopped: 0.0005580 seconds, Stopping threads took: 0.0000550 seconds
269.233: Application time: 0.0364690 seconds
269.233: [GC [PSYoungGen: 7504K->416K(8192K)] 20898K->13810K(26112K), 0.0004090 secs] [Times: user=0.00 sys=0.00, real=0.00 secs] 
269.234: Total time for which application threads were stopped: 0.0005330 seconds, Stopping threads took: 0.0000550 seconds
269.271: Application time: 0.0366470 seconds
269.271: [GC [PSYoungGen: 7584K->400K(8192K)] 20978K->13794K(26112K), 0.0003970 secs] [Times: user=0.00 sys=0.00, real=0.00 secs] 
269.271: Total time for which application threads were stopped: 0.0005070 seconds, Stopping threads took: 0.0000540 seconds
269.308: Application time: 0.0367800 seconds
269.308: [GC [PSYoungGen: 7568K->288K(8192K)] 20962K->13802K(26112K), 0.0004290 secs] [Times: user=0.00 sys=0.00, real=0.00 secs] 
269.308: Total time for which application threads were stopped: 0.0005330 seconds, Stopping threads took: 0.0000430 seconds
269.344: Application time: 0.0353810 seconds
269.344: [GC [PSYoungGen: 7456K->368K(8192K)] 20970K->13882K(26112K), 0.0004540 secs] [Times: user=0.00 sys=0.00, real=0.00 secs] 
269.344: Total time for which application threads were stopped: 0.0005750 seconds, Stopping threads took: 0.0000560 seconds
269.381: Application time: 0.0367760 seconds
269.381: [GC [PSYoungGen: 7536K->352K(8192K)] 21050K->13914K(26112K), 0.0004240 secs] [Times: user=0.00 sys=0.00, real=0.00 secs] 
269.382: Total time for which application threads were stopped: 0.0005240 seconds, Stopping threads took: 0.0000450 seconds
269.418: Application time: 0.0368170 seconds
269.419: [GC [PSYoungGen: 7520K->320K(8192K)] 21082K->13882K(26112K), 0.0003820 secs] [Times: user=0.00 sys=0.00, real=0.00 secs] 
269.419: Total time for which application threads were stopped: 0.0004940 seconds, Stopping threads took: 0.0000540 seconds
269.455: Application time: 0.0363840 seconds
269.455: [GC [PSYoungGen: 7488K->352K(8192K)] 21050K->13914K(26112K), 0.0003940 secs] [Times: user=0.01 sys=0.00, real=0.00 secs] 
269.456: Total time for which application threads were stopped: 0.0005080 seconds, Stopping threads took: 0.0000550 seconds
269.492: Application time: 0.0358420 seconds
269.492: [GC [PSYoungGen: 7520K->448K(8192K)] 21082K->14010K(26112K), 0.0004130 secs] [Times: user=0.00 sys=0.00, real=0.00 secs] 
269.492: Total time for which application threads were stopped: 0.0005410 seconds, Stopping threads took: 0.0000650 seconds
269.529: Application time: 0.0363590 seconds
269.529: [GC [PSYoungGen: 7616K->528K(8192K)] 21178K->14090K(26112K), 0.0004420 secs] [Times: user=0.01 sys=0.00, real=0.00 secs] 
269.529: Total time for which application threads were stopped: 0.0005620 seconds, Stopping threads took: 0.0000560 seconds
269.566: Application time: 0.0368630 seconds
269.569: [GC [PSYoungGen: 7696K->512K(8192K)] 21258K->14074K(26112K), 0.0005330 secs] [Times: user=0.00 sys=0.00, real=0.00 secs] 
269.569: Total time for which application threads were stopped: 0.0032560 seconds, Stopping threads took: 0.0026600 seconds
269.607: Application time: 0.0375560 seconds
269.607: [GC [PSYoungGen: 7680K->512K(8192K)] 21242K->14074K(26112K), 0.0004490 secs] [Times: user=0.01 sys=0.00, real=0.00 secs] 
269.607: Total time for which application threads were stopped: 0.0005670 seconds, Stopping threads took: 0.0000560 seconds
269.644: Application time: 0.0367800 seconds
269.644: [GC [PSYoungGen: 7680K->512K(8192K)] 21242K->14074K(26112K), 0.0004280 secs] [Times: user=0.00 sys=0.00, real=0.00 secs] 
269.645: Total time for which application threads were stopped: 0.0005450 seconds, Stopping threads took: 0.0000550 seconds
269.681: Application time: 0.0367120 seconds
269.682: [GC [PSYoungGen: 7680K->528K(8192K)] 21242K->14090K(26112K), 0.0004150 secs] [Times: user=0.01 sys=0.00, real=0.00 secs] 
269.682: Total time for which application threads were stopped: 0.0005330 seconds, Stopping threads took: 0.0000540 seconds
269.719: Application time: 0.0366950 seconds
269.719: [GC [PSYoungGen: 7696K->496K(8192K)] 21258K->14058K(26112K), 0.0004870 secs] [Times: user=0.00 sys=0.00, real=0.00 secs] 
269.719: Total time for which application threads were stopped: 0.0006340 seconds, Stopping threads took: 0.0000640 seconds
269.757: Application time: 0.0379090 seconds
269.757: [GC [PSYoungGen: 7664K->512K(8192K)] 21226K->14074K(26112K), 0.0004410 secs] [Times: user=0.00 sys=0.00, real=0.00 secs] 
269.758: Total time for which application threads were stopped: 0.0005880 seconds, Stopping threads took: 0.0000690 seconds
269.795: Application time: 0.0368720 seconds
269.795: [GC [PSYoungGen: 7680K->464K(8192K)] 21242K->14074K(26112K), 0.0004600 secs] [Times: user=0.00 sys=0.00, real=0.00 secs] 
269.795: Total time for which application threads were stopped: 0.0005780 seconds, Stopping threads took: 0.0000510 seconds
269.832: Application time: 0.0368100 seconds
269.832: [GC [PSYoungGen: 7632K->432K(8192K)] 21242K->14042K(26112K), 0.0004440 secs] [Times: user=0.00 sys=0.00, real=0.00 secs] 
269.833: Total time for which application threads were stopped: 0.0005550 seconds, Stopping threads took: 0.0000480 seconds
269.869: Application time: 0.0366770 seconds
269.869: [GC [PSYoungGen: 7600K->432K(8192K)] 21210K->14042K(26112K), 0.0004640 secs] [Times: user=0.00 sys=0.00, real=0.00 secs] 
269.870: Total time for which application threads were stopped: 0.0005710 seconds, Stopping threads took: 0.0000440 seconds
269.907: Application time: 0.0366370 seconds
269.907: [GC [PSYoungGen: 7600K->368K(8192K)] 21210K->14106K(26112K), 0.0004270 secs] [Times: user=0.00 sys=0.00, real=0.00 secs] 
269.907: Total time for which application threads were stopped: 0.0005360 seconds, Stopping threads took: 0.0000480 seconds
269.944: Application time: 0.0367500 seconds
269.945: [GC [PSYoungGen: 7536K->320K(8192K)] 21274K->14058K(26112K), 0.0003930 secs] [Times: user=0.00 sys=0.00, real=0.00 secs] 
269.945: Total time for which application threads were stopped: 0.0013330 seconds, Stopping threads took: 0.0008780 seconds
269.981: Application time: 0.0360240 seconds
269.981: [GC [PSYoungGen: 7488K->384K(8192K)] 21226K->14122K(26112K), 0.0004130 secs] [Times: user=0.00 sys=0.00, real=0.00 secs] 
269.982: Total time for which application threads were stopped: 0.0005290 seconds, Stopping threads took: 0.0000560 seconds
270.019: Application time: 0.0373750 seconds
270.019: [GC [PSYoungGen: 7552K->384K(8192K)] 21290K->14178K(26112K), 0.0003980 secs] [Times: user=0.00 sys=0.00, real=0.00 secs] 
270.020: Total time for which application threads were stopped: 0.0005010 seconds, Stopping threads took: 0.0000430 seconds
270.056: Application time: 0.0366580 seconds
270.056: [GC [PSYoungGen: 7552K->288K(8192K)] 21346K->14162K(26112K), 0.0003970 secs] [Times: user=0.00 sys=0.00, real=0.01 secs] 
270.057: Total time for which application threads were stopped: 0.0004960 seconds, Stopping threads took: 0.0000420 seconds
270.092: Application time: 0.0352290 seconds
270.092: [GC [PSYoungGen: 7456K->384K(8192K)] 21330K->14306K(26112K), 0.0004610 secs] [Times: user=0.00 sys=0.00, real=0.00 secs] 
270.093: Total time for which application threads were stopped: 0.0005710 seconds, Stopping threads took: 0.0000500 seconds
270.129: Application time: 0.0366920 seconds
270.129: [GC [PSYoungGen: 7552K->352K(8192K)] 21474K->14274K(26112K), 0.0004230 secs] [Times: user=0.00 sys=0.00, real=0.00 secs] 
270.130: Total time for which application threads were stopped: 0.0005230 seconds, Stopping threads took: 0.0000410 seconds
270.167: Application time: 0.0369880 seconds
270.167: [GC [PSYoungGen: 7520K->384K(8192K)] 21442K->14306K(26112K), 0.0004030 secs] [Times: user=0.01 sys=0.00, real=0.00 secs] 
270.167: Total time for which application threads were stopped: 0.0005080 seconds, Stopping threads took: 0.0000480 seconds
270.204: Application time: 0.0362940 seconds
270.204: [GC [PSYoungGen: 7552K->416K(8192K)] 21474K->14338K(26112K), 0.0003940 secs] [Times: user=0.00 sys=0.00, real=0.00 secs] 
270.204: Total time for which application threads were stopped: 0.0004970 seconds, Stopping threads took: 0.0000440 seconds
270.240: Application time: 0.0357980 seconds
270.241: [GC [PSYoungGen: 7584K->480K(8192K)] 21506K->14402K(26112K), 0.0004400 secs] [Times: user=0.00 sys=0.00, real=0.00 secs] 
270.241: Total time for which application threads were stopped: 0.0013430 seconds, Stopping threads took: 0.0008420 seconds
270.277: Application time: 0.0361450 seconds
270.277: [GC [PSYoungGen: 7648K->512K(8192K)] 21570K->14434K(26112K), 0.0004280 secs] [Times: user=0.00 sys=0.00, real=0.00 secs] 
270.278: Total time for which application threads were stopped: 0.0005560 seconds, Stopping threads took: 0.0000560 seconds
270.315: Application time: 0.0369810 seconds
270.315: [GC [PSYoungGen: 7680K->496K(8192K)] 21602K->14418K(26112K), 0.0004630 secs] [Times: user=0.00 sys=0.00, real=0.00 secs] 
270.315: Total time for which application threads were stopped: 0.0005770 seconds, Stopping threads took: 0.0000530 seconds
270.352: Application time: 0.0367580 seconds
270.352: [GC [PSYoungGen: 7664K->512K(8192K)] 21586K->14434K(26112K), 0.0004230 secs] [Times: user=0.00 sys=0.00, real=0.00 secs] 
270.353: Total time for which application threads were stopped: 0.0005370 seconds, Stopping threads took: 0.0000560 seconds
270.390: Application time: 0.0368990 seconds
270.390: [GC [PSYoungGen: 7680K->480K(8192K)] 21602K->14402K(26112K), 0.0004460 secs] [Times: user=0.00 sys=0.00, real=0.00 secs] 
270.390: Total time for which application threads were stopped: 0.0005560 seconds, Stopping threads took: 0.0000510 seconds
270.427: Application time: 0.0367620 seconds
270.427: [GC [PSYoungGen: 7648K->480K(8192K)] 21570K->14402K(26112K), 0.0004140 secs] [Times: user=0.01 sys=0.00, real=0.00 secs] 
270.428: Total time for which application threads were stopped: 0.0005260 seconds, Stopping threads took: 0.0000500 seconds
270.464: Application time: 0.0367710 seconds
270.464: [GC [PSYoungGen: 7648K->432K(8192K)] 21570K->14354K(26112K), 0.0004330 secs] [Times: user=0.00 sys=0.00, real=0.00 secs] 
270.465: Total time for which application threads were stopped: 0.0005540 seconds, Stopping threads took: 0.0000540 seconds
270.502: Application time: 0.0367820 seconds
270.502: [GC [PSYoungGen: 7600K->512K(8192K)] 21522K->14434K(26112K), 0.0004670 secs] [Times: user=0.00 sys=0.00, real=0.00 secs] 
270.502: Total time for which application threads were stopped: 0.0005780 seconds, Stopping threads took: 0.0000490 seconds
270.539: Application time: 0.0367830 seconds
270.539: [GC [PSYoungGen: 7680K->448K(8192K)] 21602K->14418K(26112K), 0.0004220 secs] [Times: user=0.00 sys=0.00, real=0.00 secs] 
270.540: Total time for which application threads were stopped: 0.0005220 seconds, Stopping threads took: 0.0000410 seconds
270.576: Application time: 0.0367370 seconds
270.576: [GC [PSYoungGen: 7616K->416K(8192K)] 21586K->14386K(26112K), 0.0004160 secs] [Times: user=0.00 sys=0.00, real=0.01 secs] 
270.577: Total time for which application threads were stopped: 0.0005300 seconds, Stopping threads took: 0.0000520 seconds
270.614: Application time: 0.0367360 seconds
270.614: [GC [PSYoungGen: 7584K->416K(8192K)] 21554K->14386K(26112K), 0.0004560 secs] [Times: user=0.00 sys=0.00, real=0.00 secs] 
270.614: Total time for which application threads were stopped: 0.0005520 seconds, Stopping threads took: 0.0000370 seconds
270.651: Application time: 0.0367220 seconds
270.651: [GC [PSYoungGen: 7584K->304K(8192K)] 21554K->14386K(26112K), 0.0004260 secs] [Times: user=0.00 sys=0.00, real=0.00 secs] 
270.651: Total time for which application threads were stopped: 0.0005270 seconds, Stopping threads took: 0.0000460 seconds
270.688: Application time: 0.0367340 seconds
270.688: [GC [PSYoungGen: 7472K->320K(8192K)] 21554K->14402K(26112K), 0.0004070 secs] [Times: user=0.01 sys=0.00, real=0.00 secs] 
270.689: Total time for which application threads were stopped: 0.0005170 seconds, Stopping threads took: 0.0000530 seconds
270.725: Application time: 0.0366760 seconds
270.725: [GC [PSYoungGen: 7488K->416K(8192K)] 21570K->14498K(26112K), 0.0004290 secs] [Times: user=0.00 sys=0.00, real=0.00 secs] 
270.726: Total time for which application threads were stopped: 0.0005660 seconds, Stopping threads took: 0.0000600 seconds
270.763: Application time: 0.0367960 seconds
270.763: [GC [PSYoungGen: 7584K->336K(8192K)] 21666K->14466K(26112K), 0.0004060 secs] [Times: user=0.00 sys=0.00, real=0.00 secs] 
270.763: Total time for which application threads were stopped: 0.0005080 seconds, Stopping threads took: 0.0000460 seconds
270.799: Application time: 0.0362750 seconds
270.800: [GC [PSYoungGen: 7504K->336K(8192K)] 21634K->14562K(26112K), 0.0003970 secs] [Times: user=0.00 sys=0.00, real=0.00 secs] 
270.800: Total time for which application threads were stopped: 0.0005240 seconds, Stopping threads took: 0.0000560 seconds
270.836: Application time: 0.0355860 seconds
270.836: [GC [PSYoungGen: 7504K->336K(8192K)] 21730K->14610K(26112K), 0.0004040 secs] [Times: user=0.01 sys=0.00, real=0.00 secs] 
270.836: Total time for which application threads were stopped: 0.0005220 seconds, Stopping threads took: 0.0000560 seconds
270.873: Application time: 0.0367640 seconds
270.873: [GC [PSYoungGen: 7504K->352K(8192K)] 21778K->14626K(26112K), 0.0004260 secs] [Times: user=0.00 sys=0.00, real=0.00 secs] 
270.873: Total time for which application threads were stopped: 0.0005320 seconds, Stopping threads took: 0.0000450 seconds
270.910: Application time: 0.0367300 seconds
270.910: [GC [PSYoungGen: 7520K->352K(8192K)] 21794K->14626K(26112K), 0.0003990 secs] [Times: user=0.00 sys=0.00, real=0.00 secs] 
270.911: Total time for which application threads were stopped: 0.0005030 seconds, Stopping threads took: 0.0000430 seconds
270.947: Application time: 0.0364670 seconds
270.947: [GC [PSYoungGen: 7520K->384K(8192K)] 21794K->14658K(26112K), 0.0004170 secs] [Times: user=0.00 sys=0.00, real=0.00 secs] 
270.948: Total time for which application threads were stopped: 0.0005360 seconds, Stopping threads took: 0.0000580 seconds
270.984: Application time: 0.0359580 seconds
270.984: [GC [PSYoungGen: 7552K->400K(8192K)] 21826K->14674K(26112K), 0.0004100 secs] [Times: user=0.00 sys=0.00, real=0.00 secs] 
270.984: Total time for which application threads were stopped: 0.0005190 seconds, Stopping threads took: 0.0000490 seconds
271.020: Application time: 0.0361730 seconds
271.020: [GC [PSYoungGen: 7568K->544K(8192K)] 21842K->14818K(26112K), 0.0004520 secs] [Times: user=0.00 sys=0.00, real=0.00 secs] 
271.021: Total time for which application threads were stopped: 0.0005730 seconds, Stopping threads took: 0.0000570 seconds
271.058: Application time: 0.0369870 seconds
271.058: [GC [PSYoungGen: 7712K->480K(8192K)] 21986K->14754K(26112K), 0.0004500 secs] [Times: user=0.00 sys=0.00, real=0.00 secs] 
271.058: Total time for which application threads were stopped: 0.0005590 seconds, Stopping threads took: 0.0000510 seconds
271.096: Application time: 0.0373700 seconds
271.097: [GC [PSYoungGen: 7648K->528K(8192K)] 21922K->14802K(26112K), 0.0004930 secs] [Times: user=0.00 sys=0.00, real=0.00 secs] 
271.097: Total time for which application threads were stopped: 0.0015370 seconds, Stopping threads took: 0.0009750 seconds
271.134: Application time: 0.0371770 seconds
271.135: [GC [PSYoungGen: 7696K->512K(8192K)] 21970K->14786K(26112K), 0.0004360 secs] [Times: user=0.00 sys=0.00, real=0.00 secs] 
271.135: Total time for which application threads were stopped: 0.0005420 seconds, Stopping threads took: 0.0000450 seconds
271.172: Application time: 0.0366690 seconds
271.172: [GC [PSYoungGen: 7680K->512K(8192K)] 21954K->14786K(26112K), 0.0004180 secs] [Times: user=0.00 sys=0.00, real=0.00 secs] 
271.172: Total time for which application threads were stopped: 0.0005150 seconds, Stopping threads took: 0.0000430 seconds
271.209: Application time: 0.0370820 seconds
271.209: [GC [PSYoungGen: 7680K->480K(8192K)] 21954K->14754K(26112K), 0.0004230 secs] [Times: user=0.01 sys=0.00, real=0.00 secs] 
271.210: Total time for which application threads were stopped: 0.0005390 seconds, Stopping threads took: 0.0000540 seconds
271.247: Application time: 0.0375710 seconds
271.247: [GC [PSYoungGen: 7648K->528K(8192K)] 21922K->14802K(26112K), 0.0004940 secs] [Times: user=0.00 sys=0.00, real=0.00 secs] 
271.248: Total time for which application threads were stopped: 0.0006170 seconds, Stopping threads took: 0.0000540 seconds
271.285: Application time: 0.0369480 seconds
271.285: [GC [PSYoungGen: 7696K->480K(8192K)] 21970K->14802K(26112K), 0.0004180 secs] [Times: user=0.01 sys=0.00, real=0.00 secs] 
271.285: Total time for which application threads were stopped: 0.0005370 seconds, Stopping threads took: 0.0000580 seconds
271.322: Application time: 0.0366320 seconds
271.322: [GC [PSYoungGen: 7648K->448K(8192K)] 21970K->14770K(26112K), 0.0004770 secs] [Times: user=0.00 sys=0.00, real=0.00 secs] 
271.323: Total time for which application threads were stopped: 0.0005960 seconds, Stopping threads took: 0.0000530 seconds
271.359: Application time: 0.0366070 seconds
271.359: [GC [PSYoungGen: 7616K->432K(8192K)] 21938K->14810K(26112K), 0.0004040 secs] [Times: user=0.01 sys=0.00, real=0.00 secs] 
271.360: Total time for which application threads were stopped: 0.0005200 seconds, Stopping threads took: 0.0000570 seconds
271.396: Application time: 0.0365740 seconds
271.397: [GC [PSYoungGen: 7600K->336K(8192K)] 21978K->14802K(26112K), 0.0004630 secs] [Times: user=0.00 sys=0.00, real=0.01 secs] 
271.397: Total time for which application threads were stopped: 0.0005770 seconds, Stopping threads took: 0.0000560 seconds
271.434: Application time: 0.0368510 seconds
271.434: [GC [PSYoungGen: 7504K->336K(8192K)] 21970K->14802K(26112K), 0.0004800 secs] [Times: user=0.00 sys=0.00, real=0.00 secs] 
271.436: Total time for which application threads were stopped: 0.0016710 seconds, Stopping threads took: 0.0000550 seconds
271.471: Application time: 0.0357810 seconds
271.471: [GC [PSYoungGen: 7504K->432K(8192K)] 21970K->14898K(26112K), 0.0003950 secs] [Times: user=0.01 sys=0.00, real=0.00 secs] 
271.472: Total time for which application threads were stopped: 0.0005230 seconds, Stopping threads took: 0.0000670 seconds
271.509: Application time: 0.0367010 seconds
271.509: [GC [PSYoungGen: 7600K->352K(8192K)] 22066K->14866K(26112K), 0.0003960 secs] [Times: user=0.00 sys=0.00, real=0.01 secs] 
271.509: Total time for which application threads were stopped: 0.0005160 seconds, Stopping threads took: 0.0000550 seconds
271.545: Application time: 0.0363770 seconds
271.546: [GC [PSYoungGen: 7520K->352K(8192K)] 22034K->14954K(26112K), 0.0004180 secs] [Times: user=0.00 sys=0.00, real=0.00 secs] 
271.546: Total time for which application threads were stopped: 0.0005270 seconds, Stopping threads took: 0.0000450 seconds
271.583: Application time: 0.0367050 seconds
271.583: [GC [PSYoungGen: 7520K->352K(8192K)] 22122K->15011K(26112K), 0.0004050 secs] [Times: user=0.00 sys=0.00, real=0.00 secs] 
271.583: Total time for which application threads were stopped: 0.0005380 seconds, Stopping threads took: 0.0000710 seconds
271.620: Application time: 0.0366730 seconds
271.620: [GC [PSYoungGen: 7520K->400K(8192K)] 22179K->15058K(26112K), 0.0003960 secs] [Times: user=0.00 sys=0.00, real=0.00 secs] 
271.620: Total time for which application threads were stopped: 0.0005120 seconds, Stopping threads took: 0.0000580 seconds
271.657: Application time: 0.0367590 seconds
271.657: [GC [PSYoungGen: 7568K->352K(8192K)] 22226K->15011K(26112K), 0.0004040 secs] [Times: user=0.00 sys=0.00, real=0.00 secs] 
271.658: Total time for which application threads were stopped: 0.0005290 seconds, Stopping threads took: 0.0000660 seconds
271.693: Application time: 0.0357530 seconds
271.694: [GC [PSYoungGen: 7520K->416K(8192K)] 22179K->15075K(26112K), 0.0004120 secs] [Times: user=0.00 sys=0.00, real=0.00 secs] 
271.694: Total time for which application threads were stopped: 0.0005150 seconds, Stopping threads took: 0.0000400 seconds
271.730: Application time: 0.0363910 seconds
271.730: [GC [PSYoungGen: 7584K->480K(8192K)] 22243K->15139K(26112K), 0.0004610 secs] [Times: user=0.00 sys=0.00, real=0.00 secs] 
271.731: Total time for which application threads were stopped: 0.0005820 seconds, Stopping threads took: 0.0000520 seconds
271.768: Application time: 0.0367820 seconds
271.769: [GC [PSYoungGen: 7648K->512K(8192K)] 22307K->15170K(26112K), 0.0005550 secs] [Times: user=0.00 sys=0.00, real=0.00 secs] 
271.769: Total time for which application threads were stopped: 0.0016730 seconds, Stopping threads took: 0.0010460 seconds
271.808: Application time: 0.0390260 seconds
271.809: [GC [PSYoungGen: 7680K->480K(8192K)] 22338K->15139K(26112K), 0.0004410 secs] [Times: user=0.00 sys=0.00, real=0.01 secs] 
271.809: Total time for which application threads were stopped: 0.0005600 seconds, Stopping threads took: 0.0000550 seconds
271.846: Application time: 0.0366980 seconds
271.846: [GC [PSYoungGen: 7648K->496K(8192K)] 22307K->15155K(26112K), 0.0004230 secs] [Times: user=0.00 sys=0.00, real=0.00 secs] 
271.846: Total time for which application threads were stopped: 0.0005430 seconds, Stopping threads took: 0.0000540 seconds
271.883: Application time: 0.0367560 seconds
271.883: [GC [PSYoungGen: 7664K->480K(8192K)] 22323K->15139K(26112K), 0.0004350 secs] [Times: user=0.00 sys=0.00, real=0.00 secs] 
271.884: Total time for which application threads were stopped: 0.0005420 seconds, Stopping threads took: 0.0000460 seconds
271.920: Application time: 0.0368490 seconds
271.920: [GC [PSYoungGen: 7648K->528K(8192K)] 22307K->15187K(26112K), 0.0004550 secs] [Times: user=0.00 sys=0.00, real=0.00 secs] 
271.921: Total time for which application threads were stopped: 0.0005850 seconds, Stopping threads took: 0.0000690 seconds
271.958: Application time: 0.0366180 seconds
271.958: [GC [PSYoungGen: 7696K->512K(8192K)] 22355K->15171K(26112K), 0.0004480 secs] [Times: user=0.00 sys=0.00, real=0.00 secs] 
271.958: Total time for which application threads were stopped: 0.0005600 seconds, Stopping threads took: 0.0000540 seconds
271.995: Application time: 0.0367400 seconds
271.995: [GC [PSYoungGen: 7680K->512K(8192K)] 22339K->15171K(26112K), 0.0004860 secs] [Times: user=0.00 sys=0.00, real=0.00 secs] 
271.995: Total time for which application threads were stopped: 0.0005950 seconds, Stopping threads took: 0.0000500 seconds
272.032: Application time: 0.0366790 seconds
272.032: [GC [PSYoungGen: 7680K->448K(8192K)] 22339K->15155K(26112K), 0.0004390 secs] [Times: user=0.00 sys=0.00, real=0.00 secs] 
272.033: Total time for which application threads were stopped: 0.0005450 seconds, Stopping threads took: 0.0000480 seconds
272.069: Application time: 0.0366730 seconds
272.069: [GC [PSYoungGen: 7616K->496K(8192K)] 22323K->15203K(26112K), 0.0004760 secs] [Times: user=0.00 sys=0.00, real=0.00 secs] 
272.070: Total time for which application threads were stopped: 0.0005920 seconds, Stopping threads took: 0.0000550 seconds
272.107: Application time: 0.0370920 seconds
272.107: [GC [PSYoungGen: 7664K->416K(8192K)] 22371K->15219K(26112K), 0.0004300 secs] [Times: user=0.01 sys=0.00, real=0.00 secs] 
272.108: Total time for which application threads were stopped: 0.0005530 seconds, Stopping threads took: 0.0000550 seconds
272.144: Application time: 0.0367490 seconds
272.144: [GC [PSYoungGen: 7584K->400K(8192K)] 22387K->15267K(26112K), 0.0004140 secs] [Times: user=0.00 sys=0.00, real=0.00 secs] 
272.145: Total time for which application threads were stopped: 0.0005360 seconds, Stopping threads took: 0.0000550 seconds
272.181: Application time: 0.0363520 seconds
272.181: [GC [PSYoungGen: 7568K->384K(8192K)] 22435K->15251K(26112K), 0.0004080 secs] [Times: user=0.00 sys=0.00, real=0.00 secs] 
272.182: Total time for which application threads were stopped: 0.0005230 seconds, Stopping threads took: 0.0000530 seconds
272.219: Application time: 0.0368960 seconds
272.219: [GC [PSYoungGen: 7552K->400K(8192K)] 22419K->15267K(26112K), 0.0004100 secs] [Times: user=0.00 sys=0.00, real=0.00 secs] 
272.219: Total time for which application threads were stopped: 0.0005340 seconds, Stopping threads took: 0.0000640 seconds
272.256: Application time: 0.0367930 seconds
272.256: [GC [PSYoungGen: 7568K->304K(8192K)] 22435K->15251K(26112K), 0.0004430 secs] [Times: user=0.00 sys=0.00, real=0.00 secs] 
272.257: Total time for which application threads were stopped: 0.0005580 seconds, Stopping threads took: 0.0000450 seconds
272.292: Application time: 0.0354150 seconds
272.292: [GC [PSYoungGen: 7472K->352K(8192K)] 22419K->15347K(26112K), 0.0004240 secs] [Times: user=0.00 sys=0.00, real=0.00 secs] 
272.293: Total time for which application threads were stopped: 0.0005330 seconds, Stopping threads took: 0.0000430 seconds
272.329: Application time: 0.0368480 seconds
272.329: [GC [PSYoungGen: 7520K->304K(8192K)] 22515K->15355K(26112K), 0.0004340 secs] [Times: user=0.00 sys=0.00, real=0.00 secs] 
272.330: Total time for which application threads were stopped: 0.0005470 seconds, Stopping threads took: 0.0000480 seconds
272.367: Application time: 0.0367410 seconds
272.367: [GC [PSYoungGen: 7472K->352K(8192K)] 22523K->15403K(26112K), 0.0003980 secs] [Times: user=0.00 sys=0.00, real=0.00 secs] 
272.367: Total time for which application threads were stopped: 0.0005160 seconds, Stopping threads took: 0.0000480 seconds
272.404: Application time: 0.0367490 seconds
272.405: [GC [PSYoungGen: 7520K->384K(8192K)] 22571K->15435K(26112K), 0.0004430 secs] [Times: user=0.01 sys=0.00, real=0.00 secs] 
272.405: Total time for which application threads were stopped: 0.0012970 seconds, Stopping threads took: 0.0007900 seconds
272.441: Application time: 0.0353610 seconds
272.441: [GC [PSYoungGen: 7552K->480K(8192K)] 22603K->15531K(26112K), 0.0004340 secs] [Times: user=0.00 sys=0.00, real=0.00 secs] 
272.441: Total time for which application threads were stopped: 0.0005370 seconds, Stopping threads took: 0.0000400 seconds
272.478: Application time: 0.0368470 seconds
272.481: [GC [PSYoungGen: 7648K->464K(8192K)] 22699K->15515K(26112K), 0.0004170 secs] [Times: user=0.00 sys=0.00, real=0.00 secs] 
272.481: Total time for which application threads were stopped: 0.0032190 seconds, Stopping threads took: 0.0027410 seconds
272.518: Application time: 0.0365470 seconds
272.518: [GC [PSYoungGen: 7632K->480K(8192K)] 22683K->15531K(26112K), 0.0004270 secs] [Times: user=0.00 sys=0.00, real=0.00 secs] 
272.518: Total time for which application threads were stopped: 0.0005500 seconds, Stopping threads took: 0.0000600 seconds
272.555: Application time: 0.0367720 seconds
272.555: [GC [PSYoungGen: 7648K->512K(8192K)] 22699K->15563K(26112K), 0.0004210 secs] [Times: user=0.00 sys=0.00, real=0.00 secs] 
272.556: Total time for which application threads were stopped: 0.0005360 seconds, Stopping threads took: 0.0000540 seconds
272.592: Application time: 0.0367970 seconds
272.592: [GC [PSYoungGen: 7680K->496K(8192K)] 22731K->15547K(26112K), 0.0004520 secs] [Times: user=0.01 sys=0.00, real=0.00 secs] 
272.593: Total time for which application threads were stopped: 0.0005580 seconds, Stopping threads took: 0.0000440 seconds
272.634: Application time: 0.0407350 seconds
272.634: [GC [PSYoungGen: 7664K->512K(8192K)] 22715K->15563K(26112K), 0.0005070 secs] [Times: user=0.00 sys=0.00, real=0.00 secs] 
272.634: Total time for which application threads were stopped: 0.0006380 seconds, Stopping threads took: 0.0000610 seconds
272.675: Application time: 0.0402180 seconds
272.675: [GC [PSYoungGen: 7680K->480K(8192K)] 22731K->15531K(26112K), 0.0005740 secs] [Times: user=0.01 sys=0.00, real=0.00 secs] 
272.675: Total time for which application threads were stopped: 0.0007140 seconds, Stopping threads took: 0.0000650 seconds
272.712: Application time: 0.0369820 seconds
272.712: [GC [PSYoungGen: 7648K->528K(8192K)] 22699K->15579K(26112K), 0.0004980 secs] [Times: user=0.00 sys=0.00, real=0.00 secs] 
272.713: Total time for which application threads were stopped: 0.0006280 seconds, Stopping threads took: 0.0000560 seconds
272.751: Application time: 0.0379410 seconds
272.752: [GC [PSYoungGen: 7696K->480K(8192K)] 22747K->15587K(26112K), 0.0004890 secs] [Times: user=0.00 sys=0.00, real=0.00 secs] 
272.752: Total time for which application threads were stopped: 0.0014780 seconds, Stopping threads took: 0.0009150 seconds
272.789: Application time: 0.0367520 seconds
272.789: [GC [PSYoungGen: 7648K->448K(8192K)] 22755K->15555K(26112K), 0.0004640 secs] [Times: user=0.01 sys=0.00, real=0.00 secs] 
272.790: Total time for which application threads were stopped: 0.0005870 seconds, Stopping threads took: 0.0000560 seconds
272.826: Application time: 0.0366690 seconds
272.826: [GC [PSYoungGen: 7616K->464K(8192K)] 22723K->15571K(26112K), 0.0003940 secs] [Times: user=0.00 sys=0.00, real=0.00 secs] 
272.827: Total time for which application threads were stopped: 0.0005100 seconds, Stopping threads took: 0.0000560 seconds
272.864: Application time: 0.0367570 seconds
272.864: [GC [PSYoungGen: 7632K->320K(8192K)] 22739K->15547K(26112K), 0.0004160 secs] [Times: user=0.00 sys=0.00, real=0.00 secs] 
272.864: Total time for which application threads were stopped: 0.0005300 seconds, Stopping threads took: 0.0000550 seconds
272.901: Application time: 0.0367500 seconds
272.901: [GC [PSYoungGen: 7488K->352K(8192K)] 22715K->15579K(26112K), 0.0003960 secs] [Times: user=0.00 sys=0.00, real=0.00 secs] 
272.901: Total time for which application threads were stopped: 0.0005050 seconds, Stopping threads took: 0.0000410 seconds
272.938: Application time: 0.0363260 seconds
272.938: [GC [PSYoungGen: 7520K->336K(8192K)] 22747K->15563K(26112K), 0.0004160 secs] [Times: user=0.00 sys=0.00, real=0.00 secs] 
272.938: Total time for which application threads were stopped: 0.0005430 seconds, Stopping threads took: 0.0000590 seconds
272.975: Application time: 0.0367900 seconds
272.975: [GC [PSYoungGen: 7504K->384K(8192K)] 22731K->15611K(26112K), 0.0004320 secs] [Times: user=0.00 sys=0.00, real=0.00 secs] 
272.976: Total time for which application threads were stopped: 0.0005580 seconds, Stopping threads took: 0.0000680 seconds
273.012: Application time: 0.0365060 seconds
273.012: [GC [PSYoungGen: 7552K->336K(8192K)] 22779K->15683K(26112K), 0.0004280 secs] [Times: user=0.00 sys=0.00, real=0.00 secs] 
273.013: Total time for which application threads were stopped: 0.0005340 seconds, Stopping threads took: 0.0000500 seconds
273.048: Application time: 0.0355040 seconds
273.048: [GC [PSYoungGen: 7504K->400K(8192K)] 22851K->15747K(26112K), 0.0003830 secs] [Times: user=0.00 sys=0.00, real=0.00 secs] 
273.049: Total time for which application threads were stopped: 0.0004970 seconds, Stopping threads took: 0.0000560 seconds
273.085: Application time: 0.0368430 seconds
273.086: [GC [PSYoungGen: 7568K->336K(8192K)] 22915K->15731K(26112K), 0.0004100 secs] [Times: user=0.01 sys=0.00, real=0.00 secs] 
273.086: Total time for which application threads were stopped: 0.0005140 seconds, Stopping threads took: 0.0000450 seconds
273.123: Application time: 0.0371220 seconds
273.125: [GC [PSYoungGen: 7504K->384K(8192K)] 22899K->15779K(26112K), 0.0004910 secs] [Times: user=0.00 sys=0.00, real=0.00 secs] 
273.125: Total time for which application threads were stopped: 0.0021450 seconds, Stopping threads took: 0.0015940 seconds
273.161: Application time: 0.0356540 seconds
273.161: [GC [PSYoungGen: 7552K->480K(8192K)] 22947K->15875K(26112K), 0.0003970 secs] [Times: user=0.00 sys=0.00, real=0.00 secs] 
273.161: Total time for which application threads were stopped: 0.0005130 seconds, Stopping threads took: 0.0000550 seconds
273.198: Application time: 0.0362630 seconds
273.198: [GC [PSYoungGen: 7648K->432K(8192K)] 23043K->15827K(26112K), 0.0004130 secs] [Times: user=0.00 sys=0.00, real=0.00 secs] 
273.198: Total time for which application threads were stopped: 0.0005340 seconds, Stopping threads took: 0.0000610 seconds
273.235: Application time: 0.0366220 seconds
273.235: [GC [PSYoungGen: 7600K->432K(8192K)] 22995K->15827K(26112K), 0.0004170 secs] [Times: user=0.00 sys=0.00, real=0.00 secs] 
273.235: Total time for which application threads were stopped: 0.0005270 seconds, Stopping threads took: 0.0000530 seconds
273.272: Application time: 0.0362240 seconds
273.272: [GC [PSYoungGen: 7600K->528K(8192K)] 22995K->15923K(26112K), 0.0004290 secs] [Times: user=0.00 sys=0.00, real=0.00 secs] 
273.272: Total time for which application threads were stopped: 0.0005310 seconds, Stopping threads took: 0.0000420 seconds
273.309: Application time: 0.0366780 seconds
273.309: [GC [PSYoungGen: 7696K->480K(8192K)] 23091K->15875K(26112K), 0.0004330 secs] [Times: user=0.00 sys=0.00, real=0.00 secs] 
273.309: Total time for which application threads were stopped: 0.0005360 seconds, Stopping threads took: 0.0000450 seconds
273.346: Application time: 0.0367570 seconds
273.346: [GC [PSYoungGen: 7648K->496K(8192K)] 23043K->15891K(26112K), 0.0004230 secs] [Times: user=0.00 sys=0.00, real=0.00 secs] 
273.347: Total time for which application threads were stopped: 0.0005250 seconds, Stopping threads took: 0.0000460 seconds
273.383: Application time: 0.0368080 seconds
273.384: [GC [PSYoungGen: 7664K->496K(8192K)] 23059K->15891K(26112K), 0.0004590 secs] [Times: user=0.00 sys=0.00, real=0.00 secs] 
273.384: Total time for which application threads were stopped: 0.0005790 seconds, Stopping threads took: 0.0000590 seconds
273.421: Application time: 0.0366810 seconds
273.421: [GC [PSYoungGen: 7664K->512K(8192K)] 23059K->15907K(26112K), 0.0004600 secs] [Times: user=0.00 sys=0.00, real=0.00 secs] 
273.421: Total time for which application threads were stopped: 0.0005880 seconds, Stopping threads took: 0.0000550 seconds
273.458: Application time: 0.0367340 seconds
273.458: [GC [PSYoungGen: 7680K->480K(8192K)] 23075K->15875K(26112K), 0.0004320 secs] [Times: user=0.01 sys=0.00, real=0.00 secs] 
273.459: Total time for which application threads were stopped: 0.0005610 seconds, Stopping threads took: 0.0000670 seconds
273.495: Application time: 0.0367250 seconds
273.495: [GC [PSYoungGen: 7648K->496K(8192K)] 23043K->15947K(26112K), 0.0004620 secs] [Times: user=0.00 sys=0.00, real=0.00 secs] 
273.496: Total time for which application threads were stopped: 0.0005750 seconds, Stopping threads took: 0.0000550 seconds
273.532: Application time: 0.0365440 seconds
273.533: [GC [PSYoungGen: 7664K->480K(8192K)] 23115K->15931K(26112K), 0.0004300 secs] [Times: user=0.00 sys=0.00, real=0.00 secs] 
273.533: Total time for which application threads were stopped: 0.0005480 seconds, Stopping threads took: 0.0000570 seconds
273.570: Application time: 0.0368810 seconds
273.570: [GC [PSYoungGen: 7648K->400K(8192K)] 23099K->15907K(26112K), 0.0004490 secs] [Times: user=0.00 sys=0.00, real=0.00 secs] 
273.570: Total time for which application threads were stopped: 0.0005590 seconds, Stopping threads took: 0.0000510 seconds
273.607: Application time: 0.0367950 seconds
273.607: [GC [PSYoungGen: 7568K->336K(8192K)] 23075K->15931K(26112K), 0.0004030 secs] [Times: user=0.00 sys=0.00, real=0.00 secs] 
273.608: Total time for which application threads were stopped: 0.0005170 seconds, Stopping threads took: 0.0000540 seconds
273.644: Application time: 0.0366950 seconds
273.645: [GC [PSYoungGen: 7504K->352K(8192K)] 23099K->15947K(26112K), 0.0003850 secs] [Times: user=0.01 sys=0.00, real=0.00 secs] 
273.645: Total time for which application threads were stopped: 0.0005010 seconds, Stopping threads took: 0.0000540 seconds
273.681: Application time: 0.0362320 seconds
273.681: [GC [PSYoungGen: 7520K->384K(8192K)] 23115K->15979K(26112K), 0.0003950 secs] [Times: user=0.00 sys=0.00, real=0.00 secs] 
273.682: Total time for which application threads were stopped: 0.0005120 seconds, Stopping threads took: 0.0000560 seconds
273.719: Application time: 0.0371220 seconds
273.719: [GC [PSYoungGen: 7552K->320K(8192K)] 23147K->16003K(26112K), 0.0004490 secs] [Times: user=0.00 sys=0.00, real=0.00 secs] 
273.719: Total time for which application threads were stopped: 0.0005740 seconds, Stopping threads took: 0.0000560 seconds
273.755: Application time: 0.0355870 seconds
273.755: [GC [PSYoungGen: 7488K->384K(8192K)] 23171K->16115K(26112K), 0.0004040 secs] [Times: user=0.01 sys=0.00, real=0.00 secs] 
273.756: Total time for which application threads were stopped: 0.0005170 seconds, Stopping threads took: 0.0000530 seconds
273.792: Application time: 0.0365450 seconds
273.793: [GC [PSYoungGen: 7552K->384K(8192K)] 23283K->16115K(26112K), 0.0004050 secs] [Times: user=0.00 sys=0.00, real=0.00 secs] 
273.793: Total time for which application threads were stopped: 0.0011270 seconds, Stopping threads took: 0.0006550 seconds
273.830: Application time: 0.0367470 seconds
273.830: [GC [PSYoungGen: 7552K->368K(8192K)] 23283K->16147K(26112K), 0.0004030 secs] [Times: user=0.00 sys=0.00, real=0.00 secs] 
273.830: Total time for which application threads were stopped: 0.0005100 seconds, Stopping threads took: 0.0000500 seconds
273.867: Application time: 0.0368490 seconds
273.867: [GC [PSYoungGen: 7536K->352K(8192K)] 23315K->16131K(26112K), 0.0004010 secs] [Times: user=0.00 sys=0.00, real=0.00 secs] 
273.868: Total time for which application threads were stopped: 0.0005180 seconds, Stopping threads took: 0.0000540 seconds
273.904: Application time: 0.0361480 seconds
273.905: [GC [PSYoungGen: 7520K->432K(8192K)] 23299K->16211K(26112K), 0.0004070 secs] [Times: user=0.00 sys=0.00, real=0.00 secs] 
273.905: Total time for which application threads were stopped: 0.0012250 seconds, Stopping threads took: 0.0007550 seconds
273.941: Application time: 0.0360240 seconds
273.941: [GC [PSYoungGen: 7600K->480K(8192K)] 23379K->16259K(26112K), 0.0004300 secs] [Times: user=0.00 sys=0.00, real=0.00 secs] 
273.942: Total time for which application threads were stopped: 0.0005660 seconds, Stopping threads took: 0.0000660 seconds
273.979: Application time: 0.0367990 seconds
273.979: [GC [PSYoungGen: 7648K->464K(8192K)] 23427K->16243K(26112K), 0.0004120 secs] [Times: user=0.00 sys=0.00, real=0.00 secs] 
273.979: Total time for which application threads were stopped: 0.0005280 seconds, Stopping threads took: 0.0000580 seconds
274.016: Application time: 0.0364330 seconds
274.016: [GC [PSYoungGen: 7632K->496K(8192K)] 23411K->16275K(26112K), 0.0004200 secs] [Times: user=0.00 sys=0.00, real=0.00 secs] 
274.016: Total time for which application threads were stopped: 0.0005350 seconds, Stopping threads took: 0.0000520 seconds
274.053: Application time: 0.0368920 seconds
274.057: [GC [PSYoungGen: 7664K->496K(8192K)] 23443K->16275K(26112K), 0.0004740 secs] [Times: user=0.00 sys=0.00, real=0.00 secs] 
274.057: Total time for which application threads were stopped: 0.0042860 seconds, Stopping threads took: 0.0037500 seconds
274.094: Application time: 0.0368780 seconds
274.094: [GC [PSYoungGen: 7664K->496K(8192K)] 23443K->16275K(26112K), 0.0004690 secs] [Times: user=0.00 sys=0.00, real=0.00 secs] 
274.095: Total time for which application threads were stopped: 0.0005940 seconds, Stopping threads took: 0.0000660 seconds
274.132: Application time: 0.0375310 seconds
274.132: [GC [PSYoungGen: 7664K->480K(8192K)] 23443K->16259K(26112K), 0.0004650 secs] [Times: user=0.00 sys=0.00, real=0.00 secs] 
274.133: Total time for which application threads were stopped: 0.0005870 seconds, Stopping threads took: 0.0000540 seconds
274.170: Application time: 0.0367880 seconds
274.170: [GC [PSYoungGen: 7648K->496K(8192K)] 23427K->16275K(26112K), 0.0004170 secs] [Times: user=0.00 sys=0.00, real=0.00 secs] 
274.170: Total time for which application threads were stopped: 0.0005350 seconds, Stopping threads took: 0.0000560 seconds
274.207: Application time: 0.0366590 seconds
274.207: [GC [PSYoungGen: 7664K->528K(8192K)] 23443K->16307K(26112K), 0.0004290 secs] [Times: user=0.00 sys=0.00, real=0.00 secs] 
274.207: Total time for which application threads were stopped: 0.0005420 seconds, Stopping threads took: 0.0000560 seconds
274.244: Application time: 0.0369780 seconds
274.244: [GC [PSYoungGen: 7696K->512K(8192K)] 23475K->16331K(26112K), 0.0004540 secs] [Times: user=0.00 sys=0.00, real=0.00 secs] 
274.245: Total time for which application threads were stopped: 0.0005630 seconds, Stopping threads took: 0.0000510 seconds
274.282: Application time: 0.0373800 seconds
274.282: [GC [PSYoungGen: 7680K->464K(8192K)] 23499K->16283K(26112K), 0.0004750 secs] [Times: user=0.00 sys=0.00, real=0.00 secs] 
274.283: Total time for which application threads were stopped: 0.0005990 seconds, Stopping threads took: 0.0000590 seconds
274.320: Application time: 0.0369340 seconds
274.320: [GC [PSYoungGen: 7632K->416K(8192K)] 23451K->16315K(26112K), 0.0004390 secs] [Times: user=0.00 sys=0.00, real=0.00 secs] 
274.320: Total time for which application threads were stopped: 0.0005600 seconds, Stopping threads took: 0.0000560 seconds
274.357: Application time: 0.0368050 seconds
274.357: [GC [PSYoungGen: 7584K->320K(8192K)] 23483K->16267K(26112K), 0.0004590 secs] [Times: user=0.00 sys=0.00, real=0.00 secs] 
274.358: Total time for which application threads were stopped: 0.0005910 seconds, Stopping threads took: 0.0000670 seconds
274.394: Application time: 0.0366420 seconds
274.395: [GC [PSYoungGen: 7488K->352K(8192K)] 23435K->16299K(26112K), 0.0003910 secs] [Times: user=0.01 sys=0.00, real=0.00 secs] 
274.395: Total time for which application threads were stopped: 0.0004990 seconds, Stopping threads took: 0.0000490 seconds
274.431: Application time: 0.0363460 seconds
274.431: [GC [PSYoungGen: 7520K->400K(8192K)] 23467K->16347K(26112K), 0.0003950 secs] [Times: user=0.00 sys=0.00, real=0.00 secs] 
274.432: Total time for which application threads were stopped: 0.0005130 seconds, Stopping threads took: 0.0000600 seconds
274.469: Application time: 0.0368100 seconds
274.469: [GC [PSYoungGen: 7568K->320K(8192K)] 23515K->16347K(26112K), 0.0003950 secs] [Times: user=0.00 sys=0.00, real=0.00 secs] 
274.469: Total time for which application threads were stopped: 0.0005210 seconds, Stopping threads took: 0.0000570 seconds
274.505: Application time: 0.0359360 seconds
274.505: [GC [PSYoungGen: 7488K->384K(8192K)] 23515K->16459K(26112K), 0.0004200 secs] [Times: user=0.00 sys=0.00, real=0.00 secs] 
274.506: Total time for which application threads were stopped: 0.0005340 seconds, Stopping threads took: 0.0000490 seconds
274.542: Application time: 0.0360690 seconds
274.542: [GC [PSYoungGen: 7552K->432K(8192K)] 23627K->16507K(26112K), 0.0003910 secs] [Times: user=0.00 sys=0.00, real=0.00 secs] 
274.542: Total time for which application threads were stopped: 0.0005020 seconds, Stopping threads took: 0.0000490 seconds
274.579: Application time: 0.0371110 seconds
274.579: [GC [PSYoungGen: 7600K->416K(8192K)] 23675K->16548K(26112K), 0.0003940 secs] [Times: user=0.01 sys=0.00, real=0.00 secs] 
274.580: Total time for which application threads were stopped: 0.0004980 seconds, Stopping threads took: 0.0000440 seconds
274.617: Application time: 0.0367970 seconds
274.617: [GC [PSYoungGen: 7584K->368K(8192K)] 23716K->16500K(26112K), 0.0004770 secs] [Times: user=0.00 sys=0.00, real=0.00 secs] 
274.617: Total time for which application threads were stopped: 0.0005940 seconds, Stopping threads took: 0.0000550 seconds
274.652: Application time: 0.0352680 seconds
274.653: [GC [PSYoungGen: 7536K->480K(8192K)] 23668K->16612K(26112K), 0.0004140 secs] [Times: user=0.00 sys=0.00, real=0.00 secs] 
274.653: Total time for which application threads were stopped: 0.0005330 seconds, Stopping threads took: 0.0000570 seconds
274.690: Application time: 0.0367230 seconds
274.690: [GC [PSYoungGen: 7648K->480K(8192K)] 23780K->16612K(26112K), 0.0003990 secs] [Times: user=0.00 sys=0.00, real=0.00 secs] 
274.690: Total time for which application threads were stopped: 0.0005020 seconds, Stopping threads took: 0.0000450 seconds
274.727: Application time: 0.0369570 seconds
274.727: [GC [PSYoungGen: 7648K->480K(8192K)] 23780K->16612K(26112K), 0.0004960 secs] [Times: user=0.00 sys=0.00, real=0.00 secs] 
274.728: Total time for which application threads were stopped: 0.0006090 seconds, Stopping threads took: 0.0000460 seconds
274.764: Application time: 0.0366090 seconds
274.764: [GC [PSYoungGen: 7648K->512K(8192K)] 23780K->16644K(26112K), 0.0004640 secs] [Times: user=0.01 sys=0.00, real=0.00 secs] 
274.765: Total time for which application threads were stopped: 0.0005760 seconds, Stopping threads took: 0.0000500 seconds
274.802: Application time: 0.0366700 seconds
274.802: [GC [PSYoungGen: 7680K->480K(8192K)] 23812K->16612K(26112K), 0.0004210 secs] [Times: user=0.00 sys=0.00, real=0.00 secs] 
274.802: Total time for which application threads were stopped: 0.0005330 seconds, Stopping threads took: 0.0000530 seconds
274.839: Application time: 0.0367520 seconds
274.839: [GC [PSYoungGen: 7648K->496K(8192K)] 23780K->16627K(26112K), 0.0004340 secs] [Times: user=0.00 sys=0.00, real=0.00 secs] 
274.839: Total time for which application threads were stopped: 0.0005530 seconds, Stopping threads took: 0.0000570 seconds
274.876: Application time: 0.0366890 seconds
274.876: [GC [PSYoungGen: 7664K->480K(8192K)] 23795K->16612K(26112K), 0.0004740 secs] [Times: user=0.00 sys=0.00, real=0.01 secs] 
274.877: Total time for which application threads were stopped: 0.0006070 seconds, Stopping threads took: 0.0000690 seconds
274.914: Application time: 0.0367420 seconds
274.917: [GC [PSYoungGen: 7648K->512K(8192K)] 23780K->16644K(26112K), 0.0004320 secs] [Times: user=0.00 sys=0.00, real=0.00 secs] 
274.917: Total time for which application threads were stopped: 0.0036670 seconds, Stopping threads took: 0.0031740 seconds
274.954: Application time: 0.0367690 seconds
274.954: [GC [PSYoungGen: 7680K->416K(8192K)] 23812K->16548K(26112K), 0.0004330 secs] [Times: user=0.00 sys=0.00, real=0.00 secs] 
274.955: Total time for which application threads were stopped: 0.0005590 seconds, Stopping threads took: 0.0000630 seconds
274.991: Application time: 0.0367560 seconds
274.991: [GC [PSYoungGen: 7584K->448K(8192K)] 23716K->16636K(26112K), 0.0004180 secs] [Times: user=0.00 sys=0.00, real=0.00 secs] 
274.992: Total time for which application threads were stopped: 0.0005430 seconds, Stopping threads took: 0.0000550 seconds
275.028: Application time: 0.0365900 seconds
275.029: [GC [PSYoungGen: 7616K->432K(8192K)] 23804K->16620K(26112K), 0.0004280 secs] [Times: user=0.00 sys=0.00, real=0.01 secs] 
275.029: Total time for which application threads were stopped: 0.0005490 seconds, Stopping threads took: 0.0000570 seconds
275.066: Application time: 0.0367800 seconds
275.066: [GC [PSYoungGen: 7600K->368K(8192K)] 23788K->16636K(26112K), 0.0004070 secs] [Times: user=0.00 sys=0.00, real=0.00 secs] 
275.066: Total time for which application threads were stopped: 0.0005220 seconds, Stopping threads took: 0.0000550 seconds
275.103: Application time: 0.0366370 seconds
275.103: [GC [PSYoungGen: 7536K->384K(8192K)] 23804K->16700K(26112K), 0.0004180 secs] [Times: user=0.01 sys=0.00, real=0.00 secs] 
275.103: Total time for which application threads were stopped: 0.0005360 seconds, Stopping threads took: 0.0000550 seconds
275.140: Application time: 0.0367340 seconds
275.140: [GC [PSYoungGen: 7552K->384K(8192K)] 23868K->16700K(26112K), 0.0004010 secs] [Times: user=0.00 sys=0.01, real=0.00 secs] 
275.141: Total time for which application threads were stopped: 0.0005130 seconds, Stopping threads took: 0.0000450 seconds
275.177: Application time: 0.0363070 seconds
275.177: [GC [PSYoungGen: 7552K->368K(8192K)] 23868K->16684K(26112K), 0.0003920 secs] [Times: user=0.00 sys=0.00, real=0.00 secs] 
275.178: Total time for which application threads were stopped: 0.0005050 seconds, Stopping threads took: 0.0000510 seconds
275.214: Application time: 0.0367320 seconds
275.214: [GC [PSYoungGen: 7536K->288K(8192K)] 23852K->16732K(26112K), 0.0004090 secs] [Times: user=0.00 sys=0.00, real=0.00 secs] 
275.215: Total time for which application threads were stopped: 0.0005150 seconds, Stopping threads took: 0.0000460 seconds
275.251: Application time: 0.0358850 seconds
275.251: [GC [PSYoungGen: 7456K->368K(8192K)] 23900K->16812K(26112K), 0.0003900 secs] [Times: user=0.00 sys=0.00, real=0.00 secs] 
275.251: Total time for which application threads were stopped: 0.0004890 seconds, Stopping threads took: 0.0000400 seconds
275.287: Application time: 0.0362420 seconds
275.287: [GC [PSYoungGen: 7536K->416K(8192K)] 23980K->16860K(26112K), 0.0004060 secs] [Times: user=0.01 sys=0.00, real=0.00 secs] 
275.288: Total time for which application threads were stopped: 0.0005140 seconds, Stopping threads took: 0.0000490 seconds
275.325: Application time: 0.0371510 seconds
275.325: [GC [PSYoungGen: 7584K->352K(8192K)] 24028K->16852K(26112K), 0.0004320 secs] [Times: user=0.01 sys=0.00, real=0.00 secs] 
275.326: Total time for which application threads were stopped: 0.0005550 seconds, Stopping threads took: 0.0000550 seconds
275.362: Application time: 0.0360510 seconds
275.362: [GC [PSYoungGen: 7520K->416K(8192K)] 24020K->16916K(26112K), 0.0004440 secs] [Times: user=0.01 sys=0.00, real=0.00 secs] 
275.362: Total time for which application threads were stopped: 0.0005660 seconds, Stopping threads took: 0.0000570 seconds
275.398: Application time: 0.0360510 seconds
275.398: [GC [PSYoungGen: 7584K->432K(8192K)] 24084K->16932K(26112K), 0.0004830 secs] [Times: user=0.00 sys=0.00, real=0.00 secs] 
275.399: Total time for which application threads were stopped: 0.0005840 seconds, Stopping threads took: 0.0000400 seconds
275.436: Application time: 0.0367700 seconds
275.436: [GC [PSYoungGen: 7600K->416K(8192K)] 24100K->16916K(26112K), 0.0004440 secs] [Times: user=0.00 sys=0.00, real=0.00 secs] 
275.436: Total time for which application threads were stopped: 0.0005630 seconds, Stopping threads took: 0.0000610 seconds
275.473: Application time: 0.0366080 seconds
275.473: [GC [PSYoungGen: 7584K->496K(8192K)] 24084K->16996K(26112K), 0.0004650 secs] [Times: user=0.00 sys=0.00, real=0.00 secs] 
275.473: Total time for which application threads were stopped: 0.0005770 seconds, Stopping threads took: 0.0000490 seconds
275.510: Application time: 0.0367450 seconds
275.510: [GC [PSYoungGen: 7664K->512K(8192K)] 24164K->17012K(26112K), 0.0004200 secs] [Times: user=0.00 sys=0.00, real=0.00 secs] 
275.511: Total time for which application threads were stopped: 0.0005380 seconds, Stopping threads took: 0.0000500 seconds
275.547: Application time: 0.0367100 seconds
275.547: [GC [PSYoungGen: 7680K->480K(8192K)] 24180K->16980K(26112K), 0.0004640 secs] [Times: user=0.00 sys=0.00, real=0.00 secs] 
275.548: Total time for which application threads were stopped: 0.0005770 seconds, Stopping threads took: 0.0000520 seconds
275.585: Application time: 0.0368220 seconds
275.585: [GC [PSYoungGen: 7648K->480K(8192K)] 24148K->16980K(26112K), 0.0004660 secs] [Times: user=0.00 sys=0.00, real=0.00 secs] 
275.585: Total time for which application threads were stopped: 0.0005790 seconds, Stopping threads took: 0.0000540 seconds
275.622: Application time: 0.0366820 seconds
275.625: [GC [PSYoungGen: 7648K->496K(8192K)] 24148K->16996K(26112K), 0.0004730 secs] [Times: user=0.00 sys=0.00, real=0.00 secs] 
275.625: Total time for which application threads were stopped: 0.0032120 seconds, Stopping threads took: 0.0026650 seconds
275.664: Application time: 0.0385440 seconds
275.664: [GC [PSYoungGen: 7664K->512K(8192K)] 24164K->17012K(26112K), 0.0004500 secs] [Times: user=0.00 sys=0.00, real=0.00 secs] 
275.664: Total time for which application threads were stopped: 0.0005960 seconds, Stopping threads took: 0.0000800 seconds
275.701: Application time: 0.0369240 seconds
275.705: [GC [PSYoungGen: 7680K->480K(8192K)] 24180K->16980K(26112K), 0.0005670 secs] [Times: user=0.00 sys=0.00, real=0.00 secs] 
275.705: Total time for which application threads were stopped: 0.0040230 seconds, Stopping threads took: 0.0033930 seconds
275.742: Application time: 0.0371140 seconds
275.743: [GC [PSYoungGen: 7648K->512K(8192K)] 24148K->17060K(26112K), 0.0004790 secs] [Times: user=0.01 sys=0.00, real=0.00 secs] 
275.743: Total time for which application threads were stopped: 0.0006180 seconds, Stopping threads took: 0.0000650 seconds
275.781: Application time: 0.0375960 seconds
275.781: [GC [PSYoungGen: 7680K->480K(8192K)] 24228K->17028K(26112K), 0.0004380 secs] [Times: user=0.00 sys=0.00, real=0.00 secs] 
275.781: Total time for which application threads were stopped: 0.0005590 seconds, Stopping threads took: 0.0000550 seconds
275.818: Application time: 0.0367480 seconds
275.818: [GC [PSYoungGen: 7648K->368K(8192K)] 24196K->16996K(26112K), 0.0004140 secs] [Times: user=0.00 sys=0.00, real=0.00 secs] 
275.819: Total time for which application threads were stopped: 0.0005250 seconds, Stopping threads took: 0.0000520 seconds
275.855: Application time: 0.0369020 seconds
275.856: [GC [PSYoungGen: 7536K->368K(8192K)] 24164K->17044K(26112K), 0.0004720 secs] [Times: user=0.00 sys=0.00, real=0.00 secs] 
275.856: Total time for which application threads were stopped: 0.0005900 seconds, Stopping threads took: 0.0000550 seconds
275.893: Application time: 0.0368190 seconds
275.893: [GC [PSYoungGen: 7536K->352K(8192K)] 24212K->17028K(26112K), 0.0004190 secs] [Times: user=0.01 sys=0.00, real=0.00 secs] 
275.893: Total time for which application threads were stopped: 0.0005470 seconds, Stopping threads took: 0.0000660 seconds
275.930: Application time: 0.0362150 seconds
275.930: [GC [PSYoungGen: 7520K->352K(8192K)] 24196K->17076K(26112K), 0.0004190 secs] [Times: user=0.00 sys=0.00, real=0.00 secs] 
275.930: Total time for which application threads were stopped: 0.0005270 seconds, Stopping threads took: 0.0000490 seconds
275.967: Application time: 0.0369630 seconds
275.967: [GC [PSYoungGen: 7520K->320K(8192K)] 24244K->17132K(26112K), 0.0004030 secs] [Times: user=0.00 sys=0.00, real=0.00 secs] 
275.968: Total time for which application threads were stopped: 0.0005270 seconds, Stopping threads took: 0.0000660 seconds
276.003: Application time: 0.0356510 seconds
276.003: [GC [PSYoungGen: 7488K->384K(8192K)] 24300K->17196K(26112K), 0.0003980 secs] [Times: user=0.00 sys=0.00, real=0.00 secs] 
276.004: Total time for which application threads were stopped: 0.0004980 seconds, Stopping threads took: 0.0000400 seconds
276.040: Application time: 0.0365390 seconds
276.040: [GC [PSYoungGen: 7552K->336K(8192K)] 24364K->17196K(26112K), 0.0004540 secs] [Times: user=0.00 sys=0.00, real=0.00 secs] 
276.041: Total time for which application threads were stopped: 0.0005650 seconds, Stopping threads took: 0.0000390 seconds
276.078: Application time: 0.0368290 seconds
276.078: [GC [PSYoungGen: 7504K->352K(8192K)] 24364K->17212K(26112K), 0.0004060 secs] [Times: user=0.01 sys=0.00, real=0.00 secs] 
276.078: Total time for which application threads were stopped: 0.0005110 seconds, Stopping threads took: 0.0000450 seconds
276.115: Application time: 0.0364360 seconds
276.115: [GC [PSYoungGen: 7520K->432K(8192K)] 24380K->17292K(26112K), 0.0004090 secs] [Times: user=0.00 sys=0.00, real=0.00 secs] 
276.115: Total time for which application threads were stopped: 0.0005290 seconds, Stopping threads took: 0.0000560 seconds
276.151: Application time: 0.0356640 seconds
276.151: [GC [PSYoungGen: 7600K->464K(8192K)] 24460K->17324K(26112K), 0.0004680 secs] [Times: user=0.00 sys=0.00, real=0.00 secs] 
276.151: Total time for which application threads were stopped: 0.0005840 seconds, Stopping threads took: 0.0000550 seconds
276.188: Application time: 0.0367700 seconds
276.188: [GC [PSYoungGen: 7632K->464K(8192K)] 24492K->17324K(26112K), 0.0004530 secs] [Times: user=0.00 sys=0.00, real=0.01 secs] 
276.189: Total time for which application threads were stopped: 0.0005540 seconds, Stopping threads took: 0.0000430 seconds
276.225: Application time: 0.0363110 seconds
276.225: [GC [PSYoungGen: 7632K->512K(8192K)] 24492K->17372K(26112K), 0.0004310 secs] [Times: user=0.00 sys=0.00, real=0.00 secs] 
276.226: Total time for which application threads were stopped: 0.0005410 seconds, Stopping threads took: 0.0000500 seconds
276.263: Application time: 0.0369840 seconds
276.263: [GC [PSYoungGen: 7680K->544K(8192K)] 24540K->17404K(26112K), 0.0004260 secs] [Times: user=0.00 sys=0.00, real=0.00 secs] 
276.263: Total time for which application threads were stopped: 0.0005400 seconds, Stopping threads took: 0.0000560 seconds
276.300: Application time: 0.0367180 seconds
276.300: [GC [PSYoungGen: 7712K->480K(8192K)] 24572K->17340K(26112K), 0.0004220 secs] [Times: user=0.01 sys=0.00, real=0.00 secs] 
276.300: Total time for which application threads were stopped: 0.0005350 seconds, Stopping threads took: 0.0000550 seconds
276.337: Application time: 0.0366790 seconds
276.337: [GC [PSYoungGen: 7648K->480K(8192K)] 24508K->17340K(26112K), 0.0004140 secs] [Times: user=0.00 sys=0.00, real=0.00 secs] 
276.338: Total time for which application threads were stopped: 0.0005270 seconds, Stopping threads took: 0.0000560 seconds
276.375: Application time: 0.0368870 seconds
276.375: [GC [PSYoungGen: 7648K->496K(8192K)] 24508K->17356K(26112K), 0.0004330 secs] [Times: user=0.00 sys=0.00, real=0.00 secs] 
276.375: Total time for which application threads were stopped: 0.0005330 seconds, Stopping threads took: 0.0000410 seconds
276.412: Application time: 0.0366210 seconds
276.412: [GC [PSYoungGen: 7664K->512K(8192K)] 24524K->17372K(26112K), 0.0004020 secs] [Times: user=0.00 sys=0.00, real=0.00 secs] 
276.412: Total time for which application threads were stopped: 0.0005130 seconds, Stopping threads took: 0.0000520 seconds
276.449: Application time: 0.0368190 seconds
276.449: [GC [PSYoungGen: 7680K->464K(8192K)] 24540K->17324K(26112K), 0.0004870 secs] [Times: user=0.00 sys=0.00, real=0.00 secs] 
276.451: Total time for which application threads were stopped: 0.0017140 seconds, Stopping threads took: 0.0000600 seconds
276.487: Application time: 0.0366590 seconds
276.487: [GC [PSYoungGen: 7632K->464K(8192K)] 24492K->17380K(26112K), 0.0004260 secs] [Times: user=0.00 sys=0.00, real=0.00 secs] 
276.488: Total time for which application threads were stopped: 0.0005430 seconds, Stopping threads took: 0.0000570 seconds
276.525: Application time: 0.0366370 seconds
276.525: [GC [PSYoungGen: 7632K->464K(8192K)] 24548K->17388K(26112K), 0.0004240 secs] [Times: user=0.00 sys=0.00, real=0.00 secs] 
276.525: Total time for which application threads were stopped: 0.0005310 seconds, Stopping threads took: 0.0000490 seconds
276.562: Application time: 0.0368660 seconds
276.562: [GC [PSYoungGen: 7632K->368K(8192K)] 24556K->17376K(26112K), 0.0004070 secs] [Times: user=0.00 sys=0.00, real=0.00 secs] 
276.562: Total time for which application threads were stopped: 0.0005340 seconds, Stopping threads took: 0.0000560 seconds
276.599: Application time: 0.0367860 seconds
276.599: [GC [PSYoungGen: 7536K->352K(8192K)] 24544K->17416K(26112K), 0.0004200 secs] [Times: user=0.00 sys=0.00, real=0.00 secs] 
276.600: Total time for which application threads were stopped: 0.0005440 seconds, Stopping threads took: 0.0000650 seconds
276.637: Application time: 0.0367250 seconds
276.637: [GC [PSYoungGen: 7520K->368K(8192K)] 24584K->17432K(26112K), 0.0003860 secs] [Times: user=0.00 sys=0.00, real=0.01 secs] 
276.637: Total time for which application threads were stopped: 0.0004970 seconds, Stopping threads took: 0.0000530 seconds
276.674: Application time: 0.0365180 seconds
276.674: [GC [PSYoungGen: 7536K->384K(8192K)] 24600K->17496K(26112K), 0.0004510 secs] [Times: user=0.00 sys=0.00, real=0.00 secs] 
276.674: Total time for which application threads were stopped: 0.0005590 seconds, Stopping threads took: 0.0000450 seconds
276.711: Application time: 0.0365060 seconds
276.711: [GC [PSYoungGen: 7552K->320K(8192K)] 24664K->17520K(26112K), 0.0004660 secs] [Times: user=0.00 sys=0.00, real=0.00 secs] 
276.711: Total time for which application threads were stopped: 0.0006020 seconds, Stopping threads took: 0.0000590 seconds
276.748: Application time: 0.0362720 seconds
276.748: [GC [PSYoungGen: 7488K->368K(8192K)] 24688K->17568K(26112K), 0.0004640 secs] [Times: user=0.00 sys=0.00, real=0.00 secs] 
276.748: Total time for which application threads were stopped: 0.0005760 seconds, Stopping threads took: 0.0000500 seconds
276.785: Application time: 0.0364280 seconds
276.785: [GC [PSYoungGen: 7536K->384K(8192K)] 24736K->17648K(26112K), 0.0004380 secs] [Times: user=0.00 sys=0.00, real=0.00 secs] 
276.785: Total time for which application threads were stopped: 0.0005550 seconds, Stopping threads took: 0.0000560 seconds
276.822: Application time: 0.0368130 seconds
276.822: [GC [PSYoungGen: 7552K->352K(8192K)] 24816K->17616K(26112K), 0.0003940 secs] [Times: user=0.00 sys=0.00, real=0.00 secs] 
276.822: Total time for which application threads were stopped: 0.0004980 seconds, Stopping threads took: 0.0000460 seconds
276.858: Application time: 0.0359630 seconds
276.858: [GC [PSYoungGen: 7520K->400K(8192K)] 24784K->17664K(26112K), 0.0004250 secs] [Times: user=0.00 sys=0.00, real=0.00 secs] 
276.859: Total time for which application threads were stopped: 0.0005530 seconds, Stopping threads took: 0.0000600 seconds
276.895: Application time: 0.0361390 seconds
276.895: [GC [PSYoungGen: 7568K->464K(8192K)] 24832K->17728K(26112K), 0.0004230 secs] [Times: user=0.00 sys=0.00, real=0.00 secs] 
276.896: Total time for which application threads were stopped: 0.0005460 seconds, Stopping threads took: 0.0000630 seconds
276.933: Application time: 0.0370230 seconds
276.933: [GC [PSYoungGen: 7632K->432K(8192K)] 24896K->17696K(26112K), 0.0004610 secs] [Times: user=0.00 sys=0.00, real=0.00 secs] 
276.933: Total time for which application threads were stopped: 0.0005810 seconds, Stopping threads took: 0.0000560 seconds
276.970: Application time: 0.0363280 seconds
276.970: [GC [PSYoungGen: 7600K->512K(8192K)] 24864K->17776K(26112K), 0.0004780 secs] [Times: user=0.00 sys=0.00, real=0.00 secs] 
276.970: Total time for which application threads were stopped: 0.0005900 seconds, Stopping threads took: 0.0000510 seconds
277.007: Application time: 0.0368540 seconds
