Java HotSpot(TM) 64-Bit Server VM (24.80-b11) for linux-amd64 JRE (1.7.0_80-b15), built on Apr 10 2015 19:53:14 by "java_re" with gcc 4.3.0 20080428 (Red Hat 4.3.0-8)
Memory: 4k page, physical 8000092k(5794072k free), swap 8218620k(8218620k free)
CommandLine flags: -XX:+CMSParallelRemarkEnabled -XX:InitialHeapSize=26308608 -XX:MaxHeapSize=26308608 -XX:+PrintGC -XX:+PrintGCApplicationConcurrentTime -XX:+PrintGCApplicationStoppedTime -XX:+PrintGCDetails -XX:+PrintGCTimeStamps -XX:-UseAdaptiveSizePolicy -XX:+UseCompressedOops -XX:+UseParallelGC 
1.011: Application time: 0.9854550 seconds
1.011: Total time for which application threads were stopped: 0.0000450 seconds, Stopping threads took: 0.0000120 seconds
4.031: Application time: 3.0199210 seconds
4.031: Total time for which application threads were stopped: 0.0000700 seconds, Stopping threads took: 0.0000160 seconds
14.680: Application time: 10.6484390 seconds
14.680: Total time for which application threads were stopped: 0.0000220 seconds, Stopping threads took: 0.0000080 seconds
14.680: Application time: 0.0000630 seconds
14.680: Total time for which application threads were stopped: 0.0000240 seconds, Stopping threads took: 0.0000080 seconds
14.681: Application time: 0.0014810 seconds
14.681: Total time for which application threads were stopped: 0.0000240 seconds, Stopping threads took: 0.0000180 seconds
14.683: Application time: 0.0022410 seconds
14.683: [GC [PSYoungGen: 6645K->1008K(7680K)] 6645K->2534K(25088K), 0.0018610 secs] [Times: user=0.01 sys=0.01, real=0.00 secs] 
14.685: Total time for which application threads were stopped: 0.0019290 seconds, Stopping threads took: 0.0000170 seconds
14.685: Application time: 0.0000950 seconds
14.686: Total time for which application threads were stopped: 0.0001010 seconds, Stopping threads took: 0.0000670 seconds
14.686: Application time: 0.0001080 seconds
14.686: Total time for which application threads were stopped: 0.0000140 seconds, Stopping threads took: 0.0000070 seconds
14.686: Application time: 0.0000830 seconds
14.686: Total time for which application threads were stopped: 0.0000140 seconds, Stopping threads took: 0.0000070 seconds
14.686: Application time: 0.0000160 seconds
14.686: Total time for which application threads were stopped: 0.0000170 seconds, Stopping threads took: 0.0000130 seconds
14.686: Application time: 0.0000120 seconds
14.686: Total time for which application threads were stopped: 0.0000170 seconds, Stopping threads took: 0.0000130 seconds
14.686: Application time: 0.0000120 seconds
14.686: Total time for which application threads were stopped: 0.0000140 seconds, Stopping threads took: 0.0000100 seconds
14.686: Application time: 0.0000120 seconds
14.686: Total time for which application threads were stopped: 0.0000080 seconds, Stopping threads took: 0.0000040 seconds
14.686: Application time: 0.0000130 seconds
14.686: Total time for which application threads were stopped: 0.0000150 seconds, Stopping threads took: 0.0000110 seconds
14.686: Application time: 0.0000120 seconds
14.686: Total time for which application threads were stopped: 0.0000170 seconds, Stopping threads took: 0.0000110 seconds
14.686: Application time: 0.0000120 seconds
14.686: Total time for which application threads were stopped: 0.0000080 seconds, Stopping threads took: 0.0000040 seconds
14.686: Application time: 0.0000120 seconds
14.686: Total time for which application threads were stopped: 0.0000070 seconds, Stopping threads took: 0.0000040 seconds
14.686: Application time: 0.0000120 seconds
14.686: Total time for which application threads were stopped: 0.0000140 seconds, Stopping threads took: 0.0000100 seconds
14.686: Application time: 0.0000120 seconds
14.686: Total time for which application threads were stopped: 0.0000130 seconds, Stopping threads took: 0.0000090 seconds
14.686: Application time: 0.0000120 seconds
14.686: Total time for which application threads were stopped: 0.0000120 seconds, Stopping threads took: 0.0000090 seconds
14.686: Application time: 0.0000130 seconds
14.686: Total time for which application threads were stopped: 0.0000090 seconds, Stopping threads took: 0.0000060 seconds
14.686: Application time: 0.0000120 seconds
14.686: Total time for which application threads were stopped: 0.0000140 seconds, Stopping threads took: 0.0000100 seconds
14.686: Application time: 0.0000130 seconds
14.686: Total time for which application threads were stopped: 0.0000140 seconds, Stopping threads took: 0.0000100 seconds
14.686: Application time: 0.0000120 seconds
14.686: Total time for which application threads were stopped: 0.0000130 seconds, Stopping threads took: 0.0000090 seconds
14.686: Application time: 0.0000130 seconds
14.686: Total time for which application threads were stopped: 0.0000070 seconds, Stopping threads took: 0.0000040 seconds
14.686: Application time: 0.0000150 seconds
14.686: Total time for which application threads were stopped: 0.0000210 seconds, Stopping threads took: 0.0000040 seconds
14.687: Application time: 0.0003590 seconds
14.687: Total time for which application threads were stopped: 0.0000260 seconds, Stopping threads took: 0.0000160 seconds
14.702: Application time: 0.0154670 seconds
14.702: Total time for which application threads were stopped: 0.0000360 seconds, Stopping threads took: 0.0000090 seconds
14.714: Application time: 0.0120400 seconds
14.714: [GC [PSYoungGen: 3682K->995K(7680K)] 5208K->3246K(25088K), 0.0012020 secs] [Times: user=0.00 sys=0.00, real=0.00 secs] 
14.715: [Full GC [PSYoungGen: 995K->0K(7680K)] [ParOldGen: 2251K->3071K(17408K)] 3246K->3071K(25088K) [PSPermGen: 5076K->5074K(21504K)], 0.0164950 secs] [Times: user=0.08 sys=0.01, real=0.02 secs] 
14.732: Total time for which application threads were stopped: 0.0177990 seconds, Stopping threads took: 0.0000060 seconds
14.732: Application time: 0.0000340 seconds
14.732: [GC [PSYoungGen: 0K->0K(7680K)] 3071K->3071K(25088K), 0.0002580 secs] [Times: user=0.00 sys=0.00, real=0.00 secs] 
14.732: [Full GC [PSYoungGen: 0K->0K(7680K)] [ParOldGen: 3071K->3071K(17408K)] 3071K->3071K(25088K) [PSPermGen: 5074K->5074K(21504K)], 0.0045950 secs] [Times: user=0.01 sys=0.01, real=0.00 secs] 
14.737: Total time for which application threads were stopped: 0.0049380 seconds, Stopping threads took: 0.0000060 seconds
14.737: Application time: 0.0001150 seconds
14.737: Total time for which application threads were stopped: 0.0000270 seconds, Stopping threads took: 0.0000170 seconds
14.737: Application time: 0.0000130 seconds
14.737: Total time for which application threads were stopped: 0.0000210 seconds, Stopping threads took: 0.0000150 seconds
14.737: Application time: 0.0000110 seconds
14.737: Total time for which application threads were stopped: 0.0000190 seconds, Stopping threads took: 0.0000140 seconds
14.737: Application time: 0.0000110 seconds
14.737: Total time for which application threads were stopped: 0.0000160 seconds, Stopping threads took: 0.0000110 seconds
14.737: Application time: 0.0000140 seconds
14.737: Total time for which application threads were stopped: 0.0000180 seconds, Stopping threads took: 0.0000130 seconds
14.737: Application time: 0.0000100 seconds
14.737: Total time for which application threads were stopped: 0.0000150 seconds, Stopping threads took: 0.0000100 seconds
14.737: Application time: 0.0000100 seconds
14.737: Total time for which application threads were stopped: 0.0000090 seconds, Stopping threads took: 0.0000050 seconds
14.737: Application time: 0.0000100 seconds
14.737: Total time for which application threads were stopped: 0.0000160 seconds, Stopping threads took: 0.0000120 seconds
14.737: Application time: 0.0000100 seconds
14.737: Total time for which application threads were stopped: 0.0000140 seconds, Stopping threads took: 0.0000090 seconds
14.737: Application time: 0.0000100 seconds
14.737: Total time for which application threads were stopped: 0.0000090 seconds, Stopping threads took: 0.0000060 seconds
14.737: Application time: 0.0000100 seconds
14.737: Total time for which application threads were stopped: 0.0000150 seconds, Stopping threads took: 0.0000110 seconds
14.737: Application time: 0.0000090 seconds
14.737: Total time for which application threads were stopped: 0.0000160 seconds, Stopping threads took: 0.0000120 seconds
14.737: Application time: 0.0000090 seconds
14.737: Total time for which application threads were stopped: 0.0000230 seconds, Stopping threads took: 0.0000180 seconds
14.737: Application time: 0.0000100 seconds
14.737: Total time for which application threads were stopped: 0.0000150 seconds, Stopping threads took: 0.0000110 seconds
14.737: Application time: 0.0000090 seconds
14.738: Total time for which application threads were stopped: 0.0000170 seconds, Stopping threads took: 0.0000120 seconds
14.738: Application time: 0.0000100 seconds
14.738: Total time for which application threads were stopped: 0.0000160 seconds, Stopping threads took: 0.0000120 seconds
14.738: Application time: 0.0000090 seconds
14.738: Total time for which application threads were stopped: 0.0000160 seconds, Stopping threads took: 0.0000120 seconds
14.738: Application time: 0.0000100 seconds
14.738: Total time for which application threads were stopped: 0.0000160 seconds, Stopping threads took: 0.0000120 seconds
14.738: Application time: 0.0000090 seconds
14.738: Total time for which application threads were stopped: 0.0000160 seconds, Stopping threads took: 0.0000120 seconds
14.738: Application time: 0.0000090 seconds
14.738: Total time for which application threads were stopped: 0.0000210 seconds, Stopping threads took: 0.0000110 seconds
14.739: Application time: 0.0018570 seconds
14.740: Total time for which application threads were stopped: 0.0000190 seconds, Stopping threads took: 0.0000130 seconds
14.740: Application time: 0.0002380 seconds
14.740: Total time for which application threads were stopped: 0.0000550 seconds, Stopping threads took: 0.0000420 seconds
14.740: Application time: 0.0003340 seconds
14.740: Total time for which application threads were stopped: 0.0000300 seconds, Stopping threads took: 0.0000180 seconds
14.745: Application time: 0.0048200 seconds
14.745: Total time for which application threads were stopped: 0.0000760 seconds, Stopping threads took: 0.0000620 seconds
14.746: Application time: 0.0008650 seconds
14.746: Total time for which application threads were stopped: 0.0000460 seconds, Stopping threads took: 0.0000350 seconds
14.746: Application time: 0.0002710 seconds
14.746: Total time for which application threads were stopped: 0.0000530 seconds, Stopping threads took: 0.0000260 seconds
14.746: Application time: 0.0000430 seconds
14.746: Total time for which application threads were stopped: 0.0000600 seconds, Stopping threads took: 0.0000500 seconds
14.750: Application time: 0.0039710 seconds
14.750: Total time for which application threads were stopped: 0.0000560 seconds, Stopping threads took: 0.0000390 seconds
14.751: Application time: 0.0000440 seconds
14.751: Total time for which application threads were stopped: 0.0000270 seconds, Stopping threads took: 0.0000180 seconds
14.751: Application time: 0.0002950 seconds
14.751: Total time for which application threads were stopped: 0.0000340 seconds, Stopping threads took: 0.0000190 seconds
14.752: Application time: 0.0015740 seconds
14.752: Total time for which application threads were stopped: 0.0000470 seconds, Stopping threads took: 0.0000360 seconds
14.753: Application time: 0.0000250 seconds
14.753: Total time for which application threads were stopped: 0.0000370 seconds, Stopping threads took: 0.0000260 seconds
14.753: Application time: 0.0005320 seconds
14.753: Total time for which application threads were stopped: 0.0000290 seconds, Stopping threads took: 0.0000200 seconds
14.758: Application time: 0.0047980 seconds
14.758: Total time for which application threads were stopped: 0.0000460 seconds, Stopping threads took: 0.0000170 seconds
14.758: Application time: 0.0000880 seconds
14.758: Total time for which application threads were stopped: 0.0000600 seconds, Stopping threads took: 0.0000500 seconds
14.758: Application time: 0.0000460 seconds
14.758: Total time for which application threads were stopped: 0.0000980 seconds, Stopping threads took: 0.0000890 seconds
14.758: Application time: 0.0000410 seconds
14.758: Total time for which application threads were stopped: 0.0000240 seconds, Stopping threads took: 0.0000130 seconds
14.759: Application time: 0.0007010 seconds
14.759: Total time for which application threads were stopped: 0.0000470 seconds, Stopping threads took: 0.0000390 seconds
14.759: Application time: 0.0003480 seconds
14.759: Total time for which application threads were stopped: 0.0000550 seconds, Stopping threads took: 0.0000150 seconds
14.760: Application time: 0.0000600 seconds
14.760: Total time for which application threads were stopped: 0.0000500 seconds, Stopping threads took: 0.0000410 seconds
14.762: Application time: 0.0023810 seconds
14.762: Total time for which application threads were stopped: 0.0000170 seconds, Stopping threads took: 0.0000070 seconds
14.762: Application time: 0.0003960 seconds
14.762: Total time for which application threads were stopped: 0.0000120 seconds, Stopping threads took: 0.0000050 seconds
14.956: Application time: 0.1931570 seconds
14.956: [GC [PSYoungGen: 6655K->1008K(7680K)] 9727K->5390K(25088K), 0.0011580 secs] [Times: user=0.00 sys=0.01, real=0.00 secs] 
14.957: Total time for which application threads were stopped: 0.0013020 seconds, Stopping threads took: 0.0000550 seconds
15.072: Application time: 0.1149410 seconds
15.072: [GC [PSYoungGen: 7662K->1008K(7680K)] 12045K->5799K(25088K), 0.0009050 secs] [Times: user=0.00 sys=0.00, real=0.00 secs] 
15.073: Total time for which application threads were stopped: 0.0010750 seconds, Stopping threads took: 0.0000800 seconds
15.167: Application time: 0.0940700 seconds
15.167: [GC [PSYoungGen: 7660K->992K(7680K)] 12451K->5927K(25088K), 0.0007890 secs] [Times: user=0.01 sys=0.00, real=0.00 secs] 
15.168: Total time for which application threads were stopped: 0.0009050 seconds, Stopping threads took: 0.0000530 seconds
15.179: Application time: 0.0112390 seconds
15.179: Total time for which application threads were stopped: 0.0000890 seconds, Stopping threads took: 0.0000600 seconds
15.267: Application time: 0.0877400 seconds
15.271: [GC [PSYoungGen: 7647K->1008K(7680K)] 12582K->6207K(25088K), 0.0011240 secs] [Times: user=0.00 sys=0.01, real=0.00 secs] 
15.272: Total time for which application threads were stopped: 0.0054430 seconds, Stopping threads took: 0.0041970 seconds
15.371: Application time: 0.0983350 seconds
15.371: [GC [PSYoungGen: 7664K->992K(7680K)] 12863K->6207K(25088K), 0.0009960 secs] [Times: user=0.00 sys=0.00, real=0.00 secs] 
15.372: Total time for which application threads were stopped: 0.0014820 seconds, Stopping threads took: 0.0004110 seconds
15.446: Application time: 0.0734350 seconds
15.447: [GC [PSYoungGen: 7647K->1008K(7680K)] 12862K->6451K(25088K), 0.0009890 secs] [Times: user=0.01 sys=0.00, real=0.00 secs] 
15.448: Total time for which application threads were stopped: 0.0019290 seconds, Stopping threads took: 0.0008720 seconds
15.501: Application time: 0.0530750 seconds
15.501: [GC [PSYoungGen: 7662K->992K(7680K)] 13106K->6715K(25088K), 0.0008820 secs] [Times: user=0.00 sys=0.00, real=0.00 secs] 
15.502: Total time for which application threads were stopped: 0.0011350 seconds, Stopping threads took: 0.0001780 seconds
15.542: Application time: 0.0405230 seconds
15.543: [GC [PSYoungGen: 7646K->992K(7680K)] 13370K->6747K(25088K), 0.0006940 secs] [Times: user=0.00 sys=0.00, real=0.00 secs] 
15.544: Total time for which application threads were stopped: 0.0015740 seconds, Stopping threads took: 0.0008200 seconds
15.587: Application time: 0.0431470 seconds
15.587: [GC [PSYoungGen: 7646K->960K(7680K)] 13401K->6851K(25088K), 0.0007820 secs] [Times: user=0.01 sys=0.00, real=0.00 secs] 
15.588: Total time for which application threads were stopped: 0.0009980 seconds, Stopping threads took: 0.0001320 seconds
15.631: Application time: 0.0428180 seconds
15.631: [GC [PSYoungGen: 7611K->896K(7680K)] 13503K->6787K(25088K), 0.0006960 secs] [Times: user=0.01 sys=0.00, real=0.01 secs] 
15.632: Total time for which application threads were stopped: 0.0008470 seconds, Stopping threads took: 0.0000890 seconds
15.675: Application time: 0.0429520 seconds
15.675: [GC [PSYoungGen: 7550K->928K(7680K)] 13441K->6819K(25088K), 0.0007290 secs] [Times: user=0.01 sys=0.00, real=0.00 secs] 
15.676: Total time for which application threads were stopped: 0.0008970 seconds, Stopping threads took: 0.0001020 seconds
15.718: Application time: 0.0429120 seconds
15.719: [GC [PSYoungGen: 7582K->912K(7680K)] 13473K->6803K(25088K), 0.0007080 secs] [Times: user=0.01 sys=0.00, real=0.01 secs] 
15.719: Total time for which application threads were stopped: 0.0008400 seconds, Stopping threads took: 0.0000690 seconds
15.761: Application time: 0.0420510 seconds
15.761: [GC [PSYoungGen: 7565K->992K(7680K)] 13456K->6963K(25088K), 0.0007750 secs] [Times: user=0.00 sys=0.00, real=0.00 secs] 
15.762: Total time for which application threads were stopped: 0.0009200 seconds, Stopping threads took: 0.0000860 seconds
15.804: Application time: 0.0420080 seconds
15.804: [GC [PSYoungGen: 7646K->992K(7680K)] 13617K->7007K(25088K), 0.0008400 secs] [Times: user=0.01 sys=0.00, real=0.00 secs] 
15.805: Total time for which application threads were stopped: 0.0009860 seconds, Stopping threads took: 0.0000650 seconds
15.846: Application time: 0.0402990 seconds
15.846: [GC [PSYoungGen: 7643K->992K(7680K)] 13659K->7015K(25088K), 0.0006950 secs] [Times: user=0.00 sys=0.00, real=0.00 secs] 
15.846: Total time for which application threads were stopped: 0.0008190 seconds, Stopping threads took: 0.0000650 seconds
15.886: Application time: 0.0398640 seconds
15.886: [GC [PSYoungGen: 7643K->896K(7680K)] 13667K->7163K(25088K), 0.0007230 secs] [Times: user=0.01 sys=0.00, real=0.00 secs] 
15.887: Total time for which application threads were stopped: 0.0008730 seconds, Stopping threads took: 0.0000900 seconds
15.928: Application time: 0.0406860 seconds
15.928: [GC [PSYoungGen: 7549K->960K(7680K)] 13817K->7304K(25088K), 0.0006420 secs] [Times: user=0.01 sys=0.00, real=0.00 secs] 
15.929: Total time for which application threads were stopped: 0.0007730 seconds, Stopping threads took: 0.0000680 seconds
15.980: Application time: 0.0513580 seconds
15.980: [GC [PSYoungGen: 7614K->992K(7680K)] 13959K->7600K(25088K), 0.0006450 secs] [Times: user=0.01 sys=0.00, real=0.00 secs] 
15.981: Total time for which application threads were stopped: 0.0007350 seconds, Stopping threads took: 0.0000160 seconds
16.111: Application time: 0.1299280 seconds
16.111: [GC [PSYoungGen: 7646K->992K(7680K)] 14254K->7608K(25088K), 0.0007030 secs] [Times: user=0.00 sys=0.00, real=0.01 secs] 
16.112: Total time for which application threads were stopped: 0.0009230 seconds, Stopping threads took: 0.0001120 seconds
16.146: Application time: 0.0342710 seconds
16.146: [GC [PSYoungGen: 7644K->992K(7680K)] 14261K->7624K(25088K), 0.0005290 secs] [Times: user=0.01 sys=0.00, real=0.00 secs] 
16.146: Total time for which application threads were stopped: 0.0006540 seconds, Stopping threads took: 0.0000640 seconds
16.177: Application time: 0.0305160 seconds
16.177: [GC [PSYoungGen: 7644K->992K(7680K)] 14276K->7648K(25088K), 0.0004700 secs] [Times: user=0.00 sys=0.00, real=0.00 secs] 
16.178: Total time for which application threads were stopped: 0.0005840 seconds, Stopping threads took: 0.0000590 seconds
16.208: Application time: 0.0305630 seconds
16.208: [GC [PSYoungGen: 7646K->960K(7680K)] 14303K->7632K(25088K), 0.0004750 secs] [Times: user=0.00 sys=0.00, real=0.00 secs] 
16.209: Total time for which application threads were stopped: 0.0005860 seconds, Stopping threads took: 0.0000580 seconds
16.239: Application time: 0.0299100 seconds
16.239: [GC [PSYoungGen: 7614K->992K(7680K)] 14287K->7664K(25088K), 0.0004680 secs] [Times: user=0.00 sys=0.00, real=0.01 secs] 
16.239: Total time for which application threads were stopped: 0.0005970 seconds, Stopping threads took: 0.0000770 seconds
16.269: Application time: 0.0299360 seconds
16.269: [GC [PSYoungGen: 7646K->992K(7680K)] 14319K->7672K(25088K), 0.0004440 secs] [Times: user=0.00 sys=0.00, real=0.00 secs] 
16.270: Total time for which application threads were stopped: 0.0005600 seconds, Stopping threads took: 0.0000570 seconds
16.300: Application time: 0.0303810 seconds
16.300: [GC [PSYoungGen: 7644K->992K(7680K)] 14324K->7680K(25088K), 0.0004030 secs] [Times: user=0.00 sys=0.00, real=0.00 secs] 
16.301: Total time for which application threads were stopped: 0.0005050 seconds, Stopping threads took: 0.0000520 seconds
16.331: Application time: 0.0299400 seconds
16.331: [GC [PSYoungGen: 7646K->992K(7680K)] 14335K->7688K(25088K), 0.0004090 secs] [Times: user=0.00 sys=0.00, real=0.00 secs] 
16.331: Total time for which application threads were stopped: 0.0005020 seconds, Stopping threads took: 0.0000360 seconds
16.361: Application time: 0.0299860 seconds
16.361: [GC [PSYoungGen: 7646K->992K(7680K)] 14343K->7704K(25088K), 0.0004380 secs] [Times: user=0.00 sys=0.00, real=0.00 secs] 
16.362: Total time for which application threads were stopped: 0.0005310 seconds, Stopping threads took: 0.0000410 seconds
16.392: Application time: 0.0299950 seconds
16.392: [GC [PSYoungGen: 7646K->992K(7680K)] 14359K->7704K(25088K), 0.0004430 secs] [Times: user=0.00 sys=0.00, real=0.00 secs] 
16.392: Total time for which application threads were stopped: 0.0005460 seconds, Stopping threads took: 0.0000500 seconds
16.422: Application time: 0.0298140 seconds
16.422: [GC [PSYoungGen: 7646K->960K(7680K)] 14359K->7748K(25088K), 0.0004670 secs] [Times: user=0.00 sys=0.00, real=0.00 secs] 
16.423: Total time for which application threads were stopped: 0.0005680 seconds, Stopping threads took: 0.0000470 seconds
16.453: Application time: 0.0301150 seconds
16.453: [GC [PSYoungGen: 7614K->992K(7680K)] 14403K->7796K(25088K), 0.0003950 secs] [Times: user=0.01 sys=0.00, real=0.00 secs] 
16.453: Total time for which application threads were stopped: 0.0005000 seconds, Stopping threads took: 0.0000570 seconds
16.483: Application time: 0.0300230 seconds
16.483: [GC [PSYoungGen: 7646K->800K(7680K)] 14451K->7969K(25088K), 0.0004010 secs] [Times: user=0.00 sys=0.00, real=0.00 secs] 
16.484: Total time for which application threads were stopped: 0.0005040 seconds, Stopping threads took: 0.0000530 seconds
16.514: Application time: 0.0298770 seconds
16.514: [GC [PSYoungGen: 7454K->768K(7680K)] 14624K->7937K(25088K), 0.0003510 secs] [Times: user=0.00 sys=0.00, real=0.00 secs] 
16.514: Total time for which application threads were stopped: 0.0004380 seconds, Stopping threads took: 0.0000380 seconds
16.544: Application time: 0.0303820 seconds
16.544: [GC [PSYoungGen: 7422K->256K(7680K)] 14592K->7882K(25088K), 0.0004140 secs] [Times: user=0.00 sys=0.00, real=0.00 secs] 
16.545: Total time for which application threads were stopped: 0.0005150 seconds, Stopping threads took: 0.0000500 seconds
16.575: Application time: 0.0301000 seconds
16.575: [GC [PSYoungGen: 6910K->384K(7680K)] 14537K->8018K(25088K), 0.0003270 secs] [Times: user=0.00 sys=0.00, real=0.00 secs] 
16.575: Total time for which application threads were stopped: 0.0004040 seconds, Stopping threads took: 0.0000300 seconds
16.606: Application time: 0.0310870 seconds
16.607: [GC [PSYoungGen: 7038K->0K(7680K)] 14673K->7863K(25088K), 0.0003380 secs] [Times: user=0.00 sys=0.00, real=0.00 secs] 
16.607: Total time for which application threads were stopped: 0.0004470 seconds, Stopping threads took: 0.0000540 seconds
16.637: Application time: 0.0299930 seconds
16.637: [GC [PSYoungGen: 6654K->0K(7680K)] 14517K->7863K(25088K), 0.0002990 secs] [Times: user=0.00 sys=0.00, real=0.00 secs] 
16.637: Total time for which application threads were stopped: 0.0003920 seconds, Stopping threads took: 0.0000430 seconds
16.667: Application time: 0.0300140 seconds
16.667: [GC [PSYoungGen: 6654K->0K(7680K)] 14517K->7863K(25088K), 0.0002880 secs] [Times: user=0.00 sys=0.00, real=0.00 secs] 
16.668: Total time for which application threads were stopped: 0.0003750 seconds, Stopping threads took: 0.0000380 seconds
16.698: Application time: 0.0298770 seconds
16.698: [GC [PSYoungGen: 6654K->0K(7680K)] 14517K->7863K(25088K), 0.0002750 secs] [Times: user=0.00 sys=0.00, real=0.00 secs] 
16.698: Total time for which application threads were stopped: 0.0003890 seconds, Stopping threads took: 0.0000600 seconds
16.728: Application time: 0.0298710 seconds
16.731: [GC [PSYoungGen: 6654K->0K(7680K)] 14517K->7863K(25088K), 0.0002990 secs] [Times: user=0.00 sys=0.00, real=0.00 secs] 
16.731: Total time for which application threads were stopped: 0.0036000 seconds, Stopping threads took: 0.0032520 seconds
16.762: Application time: 0.0300940 seconds
16.762: [GC [PSYoungGen: 6654K->0K(7680K)] 14517K->7863K(25088K), 0.0003380 secs] [Times: user=0.00 sys=0.00, real=0.00 secs] 
16.762: Total time for which application threads were stopped: 0.0004490 seconds, Stopping threads took: 0.0000550 seconds
16.792: Application time: 0.0297900 seconds
16.792: [GC [PSYoungGen: 6654K->0K(7680K)] 14517K->7863K(25088K), 0.0003640 secs] [Times: user=0.00 sys=0.00, real=0.00 secs] 
16.792: Total time for which application threads were stopped: 0.0004700 seconds, Stopping threads took: 0.0000540 seconds
16.822: Application time: 0.0297170 seconds
16.822: [GC [PSYoungGen: 6654K->0K(7680K)] 14517K->7863K(25088K), 0.0002980 secs] [Times: user=0.00 sys=0.00, real=0.00 secs] 
16.822: Total time for which application threads were stopped: 0.0003980 seconds, Stopping threads took: 0.0000510 seconds
16.852: Application time: 0.0296370 seconds
16.852: [GC [PSYoungGen: 6654K->0K(7680K)] 14517K->7863K(25088K), 0.0002850 secs] [Times: user=0.00 sys=0.00, real=0.00 secs] 
16.852: Total time for which application threads were stopped: 0.0003840 seconds, Stopping threads took: 0.0000420 seconds
16.880: Application time: 0.0274400 seconds
16.880: [GC [PSYoungGen: 6654K->288K(7680K)] 14517K->8151K(25088K), 0.0003210 secs] [Times: user=0.00 sys=0.00, real=0.00 secs] 
16.880: Total time for which application threads were stopped: 0.0004170 seconds, Stopping threads took: 0.0000480 seconds
16.901: Application time: 0.0210910 seconds
16.901: [GC [PSYoungGen: 6944K->416K(7680K)] 14807K->8279K(25088K), 0.0003300 secs] [Times: user=0.00 sys=0.00, real=0.00 secs] 
16.902: Total time for which application threads were stopped: 0.0004240 seconds, Stopping threads took: 0.0000450 seconds
16.920: Application time: 0.0177730 seconds
16.920: [GC [PSYoungGen: 7026K->384K(7680K)] 14889K->8247K(25088K), 0.0003620 secs] [Times: user=0.00 sys=0.00, real=0.00 secs] 
16.920: Total time for which application threads were stopped: 0.0004580 seconds, Stopping threads took: 0.0000500 seconds
16.940: Application time: 0.0197840 seconds
16.940: [GC [PSYoungGen: 7035K->512K(7680K)] 14898K->8375K(25088K), 0.0003780 secs] [Times: user=0.00 sys=0.00, real=0.00 secs] 
16.940: Total time for which application threads were stopped: 0.0004680 seconds, Stopping threads took: 0.0000420 seconds
16.963: Application time: 0.0232300 seconds
16.964: [GC [PSYoungGen: 7164K->544K(7680K)] 15027K->8407K(25088K), 0.0003520 secs] [Times: user=0.00 sys=0.00, real=0.00 secs] 
16.964: Total time for which application threads were stopped: 0.0004490 seconds, Stopping threads took: 0.0000500 seconds
16.992: Application time: 0.0283680 seconds
16.992: [GC [PSYoungGen: 7198K->512K(7680K)] 15061K->8375K(25088K), 0.0003610 secs] [Times: user=0.00 sys=0.00, real=0.00 secs] 
16.993: Total time for which application threads were stopped: 0.0004710 seconds, Stopping threads took: 0.0000610 seconds
17.022: Application time: 0.0296510 seconds
17.023: [GC [PSYoungGen: 7166K->544K(7680K)] 15029K->8407K(25088K), 0.0003520 secs] [Times: user=0.00 sys=0.00, real=0.00 secs] 
17.023: Total time for which application threads were stopped: 0.0004570 seconds, Stopping threads took: 0.0000560 seconds
17.053: Application time: 0.0301410 seconds
17.053: [GC [PSYoungGen: 7195K->576K(7680K)] 15058K->8439K(25088K), 0.0003940 secs] [Times: user=0.00 sys=0.00, real=0.00 secs] 
17.054: Total time for which application threads were stopped: 0.0005150 seconds, Stopping threads took: 0.0000660 seconds
17.085: Application time: 0.0314080 seconds
17.087: [GC [PSYoungGen: 7230K->480K(7680K)] 15093K->8343K(25088K), 0.0004640 secs] [Times: user=0.00 sys=0.00, real=0.00 secs] 
17.088: Total time for which application threads were stopped: 0.0026650 seconds, Stopping threads took: 0.0021420 seconds
17.117: Application time: 0.0296200 seconds
17.117: [GC [PSYoungGen: 7134K->480K(7680K)] 14997K->8343K(25088K), 0.0003740 secs] [Times: user=0.00 sys=0.00, real=0.00 secs] 
17.118: Total time for which application threads were stopped: 0.0004760 seconds, Stopping threads took: 0.0000500 seconds
17.148: Application time: 0.0298000 seconds
17.148: [GC [PSYoungGen: 7134K->512K(7680K)] 14997K->8375K(25088K), 0.0003390 secs] [Times: user=0.00 sys=0.00, real=0.00 secs] 
17.148: Total time for which application threads were stopped: 0.0004300 seconds, Stopping threads took: 0.0000450 seconds
17.178: Application time: 0.0295760 seconds
17.178: [GC [PSYoungGen: 7166K->480K(7680K)] 15029K->8343K(25088K), 0.0003480 secs] [Times: user=0.00 sys=0.00, real=0.00 secs] 
17.178: Total time for which application threads were stopped: 0.0004530 seconds, Stopping threads took: 0.0000550 seconds
17.208: Application time: 0.0295690 seconds
17.208: [GC [PSYoungGen: 7134K->512K(7680K)] 14997K->8375K(25088K), 0.0003320 secs] [Times: user=0.00 sys=0.00, real=0.00 secs] 
17.208: Total time for which application threads were stopped: 0.0004300 seconds, Stopping threads took: 0.0000480 seconds
17.238: Application time: 0.0297140 seconds
17.238: [GC [PSYoungGen: 7166K->608K(7680K)] 15029K->8471K(25088K), 0.0003780 secs] [Times: user=0.00 sys=0.00, real=0.00 secs] 
17.238: Total time for which application threads were stopped: 0.0004760 seconds, Stopping threads took: 0.0000500 seconds
17.268: Application time: 0.0295840 seconds
17.268: [GC [PSYoungGen: 7262K->512K(7680K)] 15125K->8375K(25088K), 0.0003480 secs] [Times: user=0.01 sys=0.00, real=0.00 secs] 
17.268: Total time for which application threads were stopped: 0.0004500 seconds, Stopping threads took: 0.0000520 seconds
17.289: Application time: 0.0203570 seconds
17.289: [GC [PSYoungGen: 7167K->704K(7680K)] 15030K->8567K(25088K), 0.0004580 secs] [Times: user=0.00 sys=0.00, real=0.00 secs] 
17.289: Total time for which application threads were stopped: 0.0005610 seconds, Stopping threads took: 0.0000510 seconds
17.311: Application time: 0.0213500 seconds
17.311: [GC [PSYoungGen: 7360K->576K(7680K)] 15223K->8439K(25088K), 0.0004240 secs] [Times: user=0.00 sys=0.00, real=0.00 secs] 
17.311: Total time for which application threads were stopped: 0.0005140 seconds, Stopping threads took: 0.0000420 seconds
17.336: Application time: 0.0247020 seconds
17.336: [GC [PSYoungGen: 7227K->736K(7680K)] 15091K->8599K(25088K), 0.0003840 secs] [Times: user=0.00 sys=0.00, real=0.00 secs] 
17.336: Total time for which application threads were stopped: 0.0004920 seconds, Stopping threads took: 0.0000590 seconds
17.357: Application time: 0.0209370 seconds
17.357: [GC [PSYoungGen: 7391K->992K(7680K)] 15254K->8855K(25088K), 0.0004330 secs] [Times: user=0.01 sys=0.00, real=0.00 secs] 
17.358: Total time for which application threads were stopped: 0.0005340 seconds, Stopping threads took: 0.0000450 seconds
17.377: Application time: 0.0195430 seconds
17.377: [GC [PSYoungGen: 7644K->960K(7680K)] 15507K->8823K(25088K), 0.0004900 secs] [Times: user=0.00 sys=0.00, real=0.00 secs] 
17.378: Total time for which application threads were stopped: 0.0005830 seconds, Stopping threads took: 0.0000400 seconds
17.395: Application time: 0.0172330 seconds
17.399: [GC [PSYoungGen: 7614K->992K(7680K)] 15477K->9383K(25088K), 0.0005760 secs] [Times: user=0.00 sys=0.00, real=0.00 secs] 
17.400: Total time for which application threads were stopped: 0.0046630 seconds, Stopping threads took: 0.0040380 seconds
17.414: Application time: 0.0145930 seconds
17.414: [GC [PSYoungGen: 7645K->992K(7680K)] 16036K->9803K(25088K), 0.0005180 secs] [Times: user=0.01 sys=0.00, real=0.00 secs] 
17.415: Total time for which application threads were stopped: 0.0006320 seconds, Stopping threads took: 0.0000620 seconds
17.428: Application time: 0.0131800 seconds
17.428: [GC [PSYoungGen: 7646K->992K(7680K)] 16458K->10067K(25088K), 0.0005290 secs] [Times: user=0.00 sys=0.00, real=0.00 secs] 
17.429: Total time for which application threads were stopped: 0.0006350 seconds, Stopping threads took: 0.0000560 seconds
17.443: Application time: 0.0143220 seconds
17.443: [GC [PSYoungGen: 7644K->992K(7680K)] 16719K->10204K(25088K), 0.0005280 secs] [Times: user=0.00 sys=0.00, real=0.00 secs] 
17.444: Total time for which application threads were stopped: 0.0006200 seconds, Stopping threads took: 0.0000400 seconds
17.459: Application time: 0.0148570 seconds
17.459: [GC [PSYoungGen: 7647K->1008K(7680K)] 16860K->10701K(25088K), 0.0005390 secs] [Times: user=0.00 sys=0.00, real=0.01 secs] 
17.459: Total time for which application threads were stopped: 0.0006390 seconds, Stopping threads took: 0.0000470 seconds
17.479: Application time: 0.0198840 seconds
17.479: [GC [PSYoungGen: 7663K->992K(7680K)] 17356K->10949K(25088K), 0.0005600 secs] [Times: user=0.00 sys=0.00, real=0.00 secs] 
17.480: Total time for which application threads were stopped: 0.0006630 seconds, Stopping threads took: 0.0000490 seconds
17.503: Application time: 0.0233530 seconds
17.503: [GC [PSYoungGen: 7646K->992K(7680K)] 17603K->11101K(25088K), 0.0004590 secs] [Times: user=0.00 sys=0.00, real=0.00 secs] 
17.504: Total time for which application threads were stopped: 0.0005610 seconds, Stopping threads took: 0.0000500 seconds
17.530: Application time: 0.0258430 seconds
17.530: [GC [PSYoungGen: 7647K->992K(7680K)] 17757K->11647K(25088K), 0.0005390 secs] [Times: user=0.00 sys=0.00, real=0.00 secs] 
17.530: Total time for which application threads were stopped: 0.0006430 seconds, Stopping threads took: 0.0000550 seconds
17.558: Application time: 0.0280840 seconds
17.558: [GC [PSYoungGen: 7574K->1008K(7680K)] 18230K->11663K(25088K), 0.0005280 secs] [Times: user=0.00 sys=0.00, real=0.00 secs] 
17.559: Total time for which application threads were stopped: 0.0006370 seconds, Stopping threads took: 0.0000590 seconds
17.588: Application time: 0.0294950 seconds
17.588: [GC [PSYoungGen: 7661K->992K(7680K)] 18317K->11683K(25088K), 0.0005620 secs] [Times: user=0.01 sys=0.00, real=0.00 secs] 
17.589: Total time for which application threads were stopped: 0.0006740 seconds, Stopping threads took: 0.0000590 seconds
17.618: Application time: 0.0289090 seconds
17.619: [GC [PSYoungGen: 7646K->992K(7680K)] 18338K->11691K(25088K), 0.0005310 secs] [Times: user=0.00 sys=0.00, real=0.00 secs] 
17.620: Total time for which application threads were stopped: 0.0017190 seconds, Stopping threads took: 0.0011360 seconds
17.649: Application time: 0.0289040 seconds
17.649: [GC [PSYoungGen: 7646K->992K(7680K)] 18346K->11695K(25088K), 0.0004400 secs] [Times: user=0.00 sys=0.00, real=0.00 secs] 
17.649: Total time for which application threads were stopped: 0.0005470 seconds, Stopping threads took: 0.0000590 seconds
17.678: Application time: 0.0289970 seconds
17.678: [GC [PSYoungGen: 7646K->992K(7680K)] 18350K->11711K(25088K), 0.0004690 secs] [Times: user=0.00 sys=0.00, real=0.00 secs] 
17.679: Total time for which application threads were stopped: 0.0005700 seconds, Stopping threads took: 0.0000470 seconds
17.707: Application time: 0.0280140 seconds
17.707: [GC [PSYoungGen: 7644K->992K(7680K)] 18363K->11891K(25088K), 0.0004680 secs] [Times: user=0.00 sys=0.00, real=0.00 secs] 
17.707: Total time for which application threads were stopped: 0.0005720 seconds, Stopping threads took: 0.0000530 seconds
17.736: Application time: 0.0283040 seconds
17.736: [GC [PSYoungGen: 7645K->944K(7680K)] 18545K->12000K(25088K), 0.0004430 secs] [Times: user=0.01 sys=0.00, real=0.00 secs] 
17.736: Total time for which application threads were stopped: 0.0005300 seconds, Stopping threads took: 0.0000360 seconds
17.765: Application time: 0.0293080 seconds
17.766: [GC [PSYoungGen: 7596K->912K(7680K)] 18652K->12024K(25088K), 0.0004770 secs] [Times: user=0.00 sys=0.00, real=0.00 secs] 
17.766: Total time for which application threads were stopped: 0.0005910 seconds, Stopping threads took: 0.0000530 seconds
17.794: Application time: 0.0280740 seconds
17.794: [GC [PSYoungGen: 7564K->1008K(7680K)] 18676K->12136K(25088K), 0.0005180 secs] [Times: user=0.00 sys=0.00, real=0.00 secs] 
17.795: Total time for which application threads were stopped: 0.0006230 seconds, Stopping threads took: 0.0000520 seconds
17.823: Application time: 0.0285590 seconds
17.823: [GC [PSYoungGen: 7662K->960K(7680K)] 18790K->12232K(25088K), 0.0004910 secs] [Times: user=0.00 sys=0.00, real=0.00 secs] 
17.824: Total time for which application threads were stopped: 0.0005880 seconds, Stopping threads took: 0.0000480 seconds
17.849: Application time: 0.0251570 seconds
17.849: [GC [PSYoungGen: 7550K->992K(7680K)] 18822K->12448K(25088K), 0.0004790 secs] [Times: user=0.00 sys=0.00, real=0.00 secs] 
17.850: Total time for which application threads were stopped: 0.0005860 seconds, Stopping threads took: 0.0000520 seconds
17.877: Application time: 0.0272240 seconds
17.877: [GC [PSYoungGen: 7645K->992K(7680K)] 19101K->12741K(25088K), 0.0005140 secs] [Times: user=0.00 sys=0.00, real=0.00 secs] 
17.877: Total time for which application threads were stopped: 0.0006190 seconds, Stopping threads took: 0.0000470 seconds
17.906: Application time: 0.0286360 seconds
17.906: [GC [PSYoungGen: 7644K->992K(7680K)] 19393K->12765K(25088K), 0.0004460 secs] [Times: user=0.00 sys=0.00, real=0.00 secs] 
17.907: Total time for which application threads were stopped: 0.0005670 seconds, Stopping threads took: 0.0000700 seconds
17.937: Application time: 0.0298960 seconds
17.937: [GC [PSYoungGen: 7646K->992K(7680K)] 19419K->12781K(25088K), 0.0004840 secs] [Times: user=0.00 sys=0.00, real=0.00 secs] 
17.937: Total time for which application threads were stopped: 0.0005830 seconds, Stopping threads took: 0.0000510 seconds
17.967: Application time: 0.0299400 seconds
17.967: [GC [PSYoungGen: 7646K->992K(7680K)] 19435K->12821K(25088K), 0.0004600 secs] [Times: user=0.00 sys=0.00, real=0.00 secs] 
17.968: Total time for which application threads were stopped: 0.0005790 seconds, Stopping threads took: 0.0000650 seconds
17.998: Application time: 0.0300890 seconds
17.998: [GC [PSYoungGen: 7646K->992K(7680K)] 19475K->12821K(25088K), 0.0004210 secs] [Times: user=0.00 sys=0.00, real=0.00 secs] 
17.998: Total time for which application threads were stopped: 0.0005140 seconds, Stopping threads took: 0.0000420 seconds
18.028: Application time: 0.0301380 seconds
18.029: [GC [PSYoungGen: 7646K->992K(7680K)] 19475K->12829K(25088K), 0.0004330 secs] [Times: user=0.00 sys=0.00, real=0.00 secs] 
18.029: Total time for which application threads were stopped: 0.0005260 seconds, Stopping threads took: 0.0000410 seconds
18.059: Application time: 0.0299440 seconds
18.059: [GC [PSYoungGen: 7646K->992K(7680K)] 19483K->12965K(25088K), 0.0004430 secs] [Times: user=0.00 sys=0.00, real=0.01 secs] 
18.059: Total time for which application threads were stopped: 0.0005460 seconds, Stopping threads took: 0.0000530 seconds
18.089: Application time: 0.0298070 seconds
18.089: [GC [PSYoungGen: 7646K->800K(7680K)] 19619K->12773K(25088K), 0.0004190 secs] [Times: user=0.00 sys=0.00, real=0.00 secs] 
18.090: Total time for which application threads were stopped: 0.0005210 seconds, Stopping threads took: 0.0000540 seconds
18.121: Application time: 0.0311120 seconds
18.121: [GC [PSYoungGen: 7454K->800K(7680K)] 19427K->12773K(25088K), 0.0004350 secs] [Times: user=0.01 sys=0.00, real=0.00 secs] 
18.121: Total time for which application threads were stopped: 0.0005500 seconds, Stopping threads took: 0.0000620 seconds
18.152: Application time: 0.0300930 seconds
18.152: [GC [PSYoungGen: 7454K->832K(7680K)] 19427K->12805K(25088K), 0.0004080 secs] [Times: user=0.00 sys=0.00, real=0.00 secs] 
18.152: Total time for which application threads were stopped: 0.0005120 seconds, Stopping threads took: 0.0000520 seconds
18.182: Application time: 0.0298610 seconds
18.182: [GC [PSYoungGen: 7486K->768K(7680K)] 19459K->12805K(25088K), 0.0004480 secs] [Times: user=0.00 sys=0.00, real=0.00 secs] 
18.182: Total time for which application threads were stopped: 0.0005440 seconds, Stopping threads took: 0.0000490 seconds
18.212: Application time: 0.0300140 seconds
18.213: [GC [PSYoungGen: 7422K->832K(7680K)] 19459K->12869K(25088K), 0.0004180 secs] [Times: user=0.00 sys=0.00, real=0.00 secs] 
18.213: Total time for which application threads were stopped: 0.0005380 seconds, Stopping threads took: 0.0000670 seconds
18.243: Application time: 0.0297990 seconds
18.247: [GC [PSYoungGen: 7486K->768K(7680K)] 19523K->12805K(25088K), 0.0004350 secs] [Times: user=0.00 sys=0.00, real=0.00 secs] 
18.248: Total time for which application threads were stopped: 0.0047690 seconds, Stopping threads took: 0.0042850 seconds
18.278: Application time: 0.0299730 seconds
18.278: [GC [PSYoungGen: 7422K->608K(7680K)] 19459K->12849K(25088K), 0.0004060 secs] [Times: user=0.00 sys=0.00, real=0.00 secs] 
18.278: Total time for which application threads were stopped: 0.0005270 seconds, Stopping threads took: 0.0000700 seconds
18.308: Application time: 0.0298650 seconds
18.308: [GC [PSYoungGen: 7262K->480K(7680K)] 19504K->12878K(25088K), 0.0004230 secs] [Times: user=0.00 sys=0.00, real=0.00 secs] 
18.308: Total time for which application threads were stopped: 0.0005220 seconds, Stopping threads took: 0.0000510 seconds
18.338: Application time: 0.0299530 seconds
18.339: [GC [PSYoungGen: 7134K->160K(7680K)] 19532K->12898K(25088K), 0.0003130 secs] [Times: user=0.00 sys=0.00, real=0.00 secs] 
18.339: Total time for which application threads were stopped: 0.0004100 seconds, Stopping threads took: 0.0000490 seconds
18.369: Application time: 0.0300130 seconds
18.371: [GC [PSYoungGen: 6814K->0K(7680K)] 19553K->12823K(25088K), 0.0003520 secs] [Times: user=0.00 sys=0.00, real=0.00 secs] 
18.372: Total time for which application threads were stopped: 0.0026350 seconds, Stopping threads took: 0.0022330 seconds
18.401: Application time: 0.0299610 seconds
18.402: [GC [PSYoungGen: 6654K->0K(7680K)] 19477K->12823K(25088K), 0.0003050 secs] [Times: user=0.00 sys=0.00, real=0.00 secs] 
18.402: Total time for which application threads were stopped: 0.0004130 seconds, Stopping threads took: 0.0000480 seconds
18.432: Application time: 0.0298820 seconds
18.432: [GC [PSYoungGen: 6654K->0K(7680K)] 19477K->12823K(25088K), 0.0003390 secs] [Times: user=0.00 sys=0.00, real=0.00 secs] 
18.432: Total time for which application threads were stopped: 0.0004430 seconds, Stopping threads took: 0.0000560 seconds
18.462: Application time: 0.0298370 seconds
18.462: [GC [PSYoungGen: 6654K->0K(7680K)] 19477K->12823K(25088K), 0.0003150 secs] [Times: user=0.00 sys=0.00, real=0.00 secs] 
18.462: Total time for which application threads were stopped: 0.0004190 seconds, Stopping threads took: 0.0000540 seconds
18.492: Application time: 0.0298460 seconds
18.492: [GC [PSYoungGen: 6654K->0K(7680K)] 19477K->12823K(25088K), 0.0002930 secs] [Times: user=0.00 sys=0.00, real=0.00 secs] 
18.493: Total time for which application threads were stopped: 0.0003860 seconds, Stopping threads took: 0.0000470 seconds
18.522: Application time: 0.0297090 seconds
18.522: [GC [PSYoungGen: 6654K->0K(7680K)] 19477K->12823K(25088K), 0.0002990 secs] [Times: user=0.00 sys=0.00, real=0.00 secs] 
18.523: Total time for which application threads were stopped: 0.0003910 seconds, Stopping threads took: 0.0000460 seconds
18.553: Application time: 0.0297190 seconds
18.553: [GC [PSYoungGen: 6654K->0K(7680K)] 19477K->12823K(25088K), 0.0002870 secs] [Times: user=0.00 sys=0.00, real=0.00 secs] 
18.553: Total time for which application threads were stopped: 0.0003810 seconds, Stopping threads took: 0.0000490 seconds
18.583: Application time: 0.0297600 seconds
18.583: [GC [PSYoungGen: 6654K->0K(7680K)] 19477K->12823K(25088K), 0.0003180 secs] [Times: user=0.00 sys=0.00, real=0.00 secs] 
18.583: Total time for which application threads were stopped: 0.0004210 seconds, Stopping threads took: 0.0000580 seconds
18.613: Application time: 0.0298690 seconds
18.613: [GC [PSYoungGen: 6652K->0K(7680K)] 19475K->12823K(25088K), 0.0003440 secs] [Times: user=0.01 sys=0.01, real=0.00 secs] 
18.613: Total time for which application threads were stopped: 0.0004590 seconds, Stopping threads took: 0.0000550 seconds
18.639: Application time: 0.0252540 seconds
18.639: [GC [PSYoungGen: 6652K->352K(7680K)] 19475K->13175K(25088K), 0.0003470 secs] [Times: user=0.00 sys=0.00, real=0.01 secs] 
18.639: Total time for which application threads were stopped: 0.0004400 seconds, Stopping threads took: 0.0000450 seconds
18.660: Application time: 0.0207780 seconds
18.660: [GC [PSYoungGen: 7006K->320K(7680K)] 19830K->13143K(25088K), 0.0003500 secs] [Times: user=0.00 sys=0.00, real=0.00 secs] 
18.660: Total time for which application threads were stopped: 0.0004460 seconds, Stopping threads took: 0.0000500 seconds
18.684: Application time: 0.0234840 seconds
18.684: [GC [PSYoungGen: 6974K->384K(7680K)] 19797K->13207K(25088K), 0.0003330 secs] [Times: user=0.00 sys=0.00, real=0.00 secs] 
18.684: Total time for which application threads were stopped: 0.0004210 seconds, Stopping threads took: 0.0000420 seconds
18.706: Application time: 0.0214480 seconds
18.706: [GC [PSYoungGen: 7036K->480K(7680K)] 19859K->13303K(25088K), 0.0004140 secs] [Times: user=0.00 sys=0.00, real=0.00 secs] 
18.706: Total time for which application threads were stopped: 0.0005030 seconds, Stopping threads took: 0.0000420 seconds
18.728: Application time: 0.0213930 seconds
18.728: [GC [PSYoungGen: 7133K->544K(7680K)] 19956K->13367K(25088K), 0.0003630 secs] [Times: user=0.00 sys=0.00, real=0.00 secs] 
18.728: Total time for which application threads were stopped: 0.0004630 seconds, Stopping threads took: 0.0000530 seconds
18.753: Application time: 0.0248710 seconds
18.753: [GC [PSYoungGen: 7197K->576K(7680K)] 20020K->13399K(25088K), 0.0003840 secs] [Times: user=0.00 sys=0.00, real=0.00 secs] 
18.753: Total time for which application threads were stopped: 0.0004930 seconds, Stopping threads took: 0.0000590 seconds
18.783: Application time: 0.0293930 seconds
18.783: [GC [PSYoungGen: 7228K->480K(7680K)] 20051K->13303K(25088K), 0.0003750 secs] [Times: user=0.00 sys=0.00, real=0.00 secs] 
18.783: Total time for which application threads were stopped: 0.0004680 seconds, Stopping threads took: 0.0000470 seconds
18.812: Application time: 0.0286660 seconds
18.812: [GC [PSYoungGen: 7132K->576K(7680K)] 19955K->13399K(25088K), 0.0003550 secs] [Times: user=0.00 sys=0.00, real=0.00 secs] 
18.812: Total time for which application threads were stopped: 0.0004470 seconds, Stopping threads took: 0.0000430 seconds
18.842: Application time: 0.0300410 seconds
18.843: [GC [PSYoungGen: 7228K->512K(7680K)] 20051K->13335K(25088K), 0.0003580 secs] [Times: user=0.00 sys=0.00, real=0.00 secs] 
18.843: Total time for which application threads were stopped: 0.0004340 seconds, Stopping threads took: 0.0000290 seconds
18.873: Application time: 0.0297260 seconds
18.873: [GC [PSYoungGen: 7166K->512K(7680K)] 19989K->13335K(25088K), 0.0003690 secs] [Times: user=0.00 sys=0.00, real=0.00 secs] 
18.873: Total time for which application threads were stopped: 0.0004730 seconds, Stopping threads took: 0.0000550 seconds
18.903: Application time: 0.0297500 seconds
18.903: [GC [PSYoungGen: 7166K->512K(7680K)] 19989K->13335K(25088K), 0.0003670 secs] [Times: user=0.00 sys=0.00, real=0.00 secs] 
18.903: Total time for which application threads were stopped: 0.0004720 seconds, Stopping threads took: 0.0000470 seconds
18.933: Application time: 0.0301120 seconds
18.934: [GC [PSYoungGen: 7164K->512K(7680K)] 19987K->13335K(25088K), 0.0003820 secs] [Times: user=0.00 sys=0.00, real=0.00 secs] 
18.934: Total time for which application threads were stopped: 0.0004820 seconds, Stopping threads took: 0.0000530 seconds
18.964: Application time: 0.0296720 seconds
18.964: [GC [PSYoungGen: 7166K->544K(7680K)] 19989K->13367K(25088K), 0.0003660 secs] [Times: user=0.00 sys=0.00, real=0.00 secs] 
18.964: Total time for which application threads were stopped: 0.0004610 seconds, Stopping threads took: 0.0000480 seconds
18.994: Application time: 0.0297960 seconds
18.994: [GC [PSYoungGen: 7198K->480K(7680K)] 20021K->13303K(25088K), 0.0003880 secs] [Times: user=0.00 sys=0.00, real=0.00 secs] 
18.994: Total time for which application threads were stopped: 0.0004910 seconds, Stopping threads took: 0.0000480 seconds
19.023: Application time: 0.0286310 seconds
19.023: [GC [PSYoungGen: 7132K->736K(7680K)] 19955K->13559K(25088K), 0.0003930 secs] [Times: user=0.00 sys=0.00, real=0.00 secs] 
19.023: Total time for which application threads were stopped: 0.0004950 seconds, Stopping threads took: 0.0000500 seconds
19.044: Application time: 0.0208420 seconds
19.044: [GC [PSYoungGen: 7390K->832K(7680K)] 20213K->13655K(25088K), 0.0004580 secs] [Times: user=0.00 sys=0.00, real=0.00 secs] 
19.045: Total time for which application threads were stopped: 0.0005720 seconds, Stopping threads took: 0.0000610 seconds
19.066: Application time: 0.0208270 seconds
19.066: [GC [PSYoungGen: 7483K->672K(7680K)] 20306K->13495K(25088K), 0.0004630 secs] [Times: user=0.00 sys=0.00, real=0.00 secs] 
19.066: Total time for which application threads were stopped: 0.0005700 seconds, Stopping threads took: 0.0000570 seconds
19.093: Application time: 0.0270370 seconds
19.093: [GC [PSYoungGen: 7326K->736K(7680K)] 20150K->13559K(25088K), 0.0004200 secs] [Times: user=0.01 sys=0.00, real=0.00 secs] 
19.094: Total time for which application threads were stopped: 0.0005330 seconds, Stopping threads took: 0.0000600 seconds
19.117: Application time: 0.0234090 seconds
19.117: [GC [PSYoungGen: 7385K->832K(7680K)] 20208K->13655K(25088K), 0.0004700 secs] [Times: user=0.00 sys=0.00, real=0.00 secs] 
19.118: Total time for which application threads were stopped: 0.0005730 seconds, Stopping threads took: 0.0000540 seconds
19.137: Application time: 0.0189930 seconds
19.137: [GC [PSYoungGen: 7487K->912K(7680K)] 20310K->13735K(25088K), 0.0004220 secs] [Times: user=0.00 sys=0.00, real=0.00 secs] 
19.137: Total time for which application threads were stopped: 0.0005340 seconds, Stopping threads took: 0.0000580 seconds
19.156: Application time: 0.0185840 seconds
19.156: [GC [PSYoungGen: 7565K->992K(7680K)] 20388K->13983K(25088K), 0.0005080 secs] [Times: user=0.00 sys=0.00, real=0.00 secs] 
19.157: Total time for which application threads were stopped: 0.0006000 seconds, Stopping threads took: 0.0000420 seconds
19.175: Application time: 0.0184580 seconds
19.175: [GC [PSYoungGen: 7645K->992K(7680K)] 20636K->14371K(25088K), 0.0005090 secs] [Times: user=0.00 sys=0.00, real=0.00 secs] 
19.176: Total time for which application threads were stopped: 0.0006000 seconds, Stopping threads took: 0.0000360 seconds
19.190: Application time: 0.0141720 seconds
19.190: [GC [PSYoungGen: 7647K->992K(7680K)] 21027K->14619K(25088K), 0.0005260 secs] [Times: user=0.00 sys=0.00, real=0.00 secs] 
19.190: Total time for which application threads were stopped: 0.0006230 seconds, Stopping threads took: 0.0000460 seconds
19.203: Application time: 0.0123430 seconds
19.203: [GC [PSYoungGen: 7643K->992K(7680K)] 21271K->15100K(25088K), 0.0006060 secs] [Times: user=0.00 sys=0.01, real=0.00 secs] 
19.203: Total time for which application threads were stopped: 0.0007050 seconds, Stopping threads took: 0.0000470 seconds
19.218: Application time: 0.0149790 seconds
19.219: [GC [PSYoungGen: 7646K->1008K(7680K)] 21754K->15132K(25088K), 0.0004690 secs] [Times: user=0.00 sys=0.00, real=0.00 secs] 
19.219: Total time for which application threads were stopped: 0.0005860 seconds, Stopping threads took: 0.0000660 seconds
19.233: Application time: 0.0136710 seconds
19.233: [GC [PSYoungGen: 7612K->1008K(7680K)] 21736K->15365K(25088K), 0.0005270 secs] [Times: user=0.01 sys=0.00, real=0.00 secs] 
19.233: Total time for which application threads were stopped: 0.0006310 seconds, Stopping threads took: 0.0000550 seconds
19.258: Application time: 0.0241650 seconds
19.258: [GC [PSYoungGen: 7661K->1008K(7680K)] 22018K->15685K(25088K), 0.0005500 secs] [Times: user=0.00 sys=0.00, real=0.00 secs] 
19.258: Total time for which application threads were stopped: 0.0006490 seconds, Stopping threads took: 0.0000470 seconds
19.285: Application time: 0.0270560 seconds
19.285: [GC [PSYoungGen: 7662K->992K(7680K)] 22339K->15941K(25088K), 0.0005260 secs] [Times: user=0.00 sys=0.00, real=0.00 secs] 
19.286: Total time for which application threads were stopped: 0.0006350 seconds, Stopping threads took: 0.0000560 seconds
19.312: Application time: 0.0258360 seconds
19.312: [GC [PSYoungGen: 7645K->992K(7680K)] 22594K->16338K(25088K), 0.0005520 secs] [Times: user=0.00 sys=0.00, real=0.00 secs] 
19.312: Total time for which application threads were stopped: 0.0006570 seconds, Stopping threads took: 0.0000530 seconds
19.341: Application time: 0.0287530 seconds
19.341: [GC [PSYoungGen: 7646K->992K(7680K)] 22993K->16466K(25088K), 0.0004820 secs] [Times: user=0.00 sys=0.00, real=0.00 secs] 
19.342: Total time for which application threads were stopped: 0.0005920 seconds, Stopping threads took: 0.0000540 seconds
19.370: Application time: 0.0288040 seconds
19.371: [GC [PSYoungGen: 7646K->960K(7680K)] 23121K->16434K(25088K), 0.0004320 secs] [Times: user=0.00 sys=0.00, real=0.00 secs] 
19.371: Total time for which application threads were stopped: 0.0005370 seconds, Stopping threads took: 0.0000540 seconds
19.400: Application time: 0.0290190 seconds
19.400: [GC [PSYoungGen: 7612K->992K(7680K)] 23087K->16466K(25088K), 0.0004590 secs] [Times: user=0.00 sys=0.00, real=0.00 secs] 
19.401: Total time for which application threads were stopped: 0.0005580 seconds, Stopping threads took: 0.0000500 seconds
19.430: Application time: 0.0291500 seconds
19.430: [GC [PSYoungGen: 7644K->928K(7680K)] 23119K->16450K(25088K), 0.0004290 secs] [Times: user=0.00 sys=0.00, real=0.00 secs] 
19.430: Total time for which application threads were stopped: 0.0005400 seconds, Stopping threads took: 0.0000470 seconds
19.459: Application time: 0.0287980 seconds
19.463: [GC [PSYoungGen: 7582K->896K(7680K)] 23105K->16426K(25088K), 0.0004550 secs] [Times: user=0.01 sys=0.00, real=0.00 secs] 
19.464: Total time for which application threads were stopped: 0.0044900 seconds, Stopping threads took: 0.0039860 seconds
19.491: Application time: 0.0275890 seconds
19.491: [GC [PSYoungGen: 7549K->992K(7680K)] 23080K->16594K(25088K), 0.0004790 secs] [Times: user=0.00 sys=0.00, real=0.00 secs] 
19.492: Total time for which application threads were stopped: 0.0005660 seconds, Stopping threads took: 0.0000380 seconds
19.521: Application time: 0.0289690 seconds
19.521: [GC [PSYoungGen: 7644K->992K(7680K)] 23247K->16611K(25088K), 0.0004290 secs] [Times: user=0.00 sys=0.00, real=0.00 secs] 
19.521: Total time for which application threads were stopped: 0.0005310 seconds, Stopping threads took: 0.0000520 seconds
19.550: Application time: 0.0283060 seconds
19.550: [GC [PSYoungGen: 7644K->992K(7680K)] 23263K->16724K(25088K), 0.0005220 secs] [Times: user=0.00 sys=0.00, real=0.00 secs] 
19.550: Total time for which application threads were stopped: 0.0006220 seconds, Stopping threads took: 0.0000520 seconds
19.578: Application time: 0.0282010 seconds
19.578: [GC [PSYoungGen: 7648K->992K(7680K)] 23380K->16876K(25088K), 0.0004560 secs] [Times: user=0.00 sys=0.00, real=0.00 secs] 
19.579: Total time for which application threads were stopped: 0.0005570 seconds, Stopping threads took: 0.0000490 seconds
19.607: Application time: 0.0279670 seconds
19.607: [GC [PSYoungGen: 7644K->992K(7680K)] 23528K->17064K(25088K), 0.0005640 secs] [Times: user=0.00 sys=0.00, real=0.00 secs] 
19.608: Total time for which application threads were stopped: 0.0006910 seconds, Stopping threads took: 0.0000710 seconds
19.635: Application time: 0.0277810 seconds
19.635: [GC [PSYoungGen: 7623K->992K(7680K)] 23695K->17272K(25088K), 0.0005440 secs] [Times: user=0.01 sys=0.00, real=0.00 secs] 
19.636: Total time for which application threads were stopped: 0.0006480 seconds, Stopping threads took: 0.0000480 seconds
19.664: Application time: 0.0282990 seconds
19.664: [GC [PSYoungGen: 7646K->992K(7680K)] 23927K->17472K(25088K), 0.0005100 secs] [Times: user=0.00 sys=0.00, real=0.00 secs] 
19.665: Total time for which application threads were stopped: 0.0006120 seconds, Stopping threads took: 0.0000500 seconds
19.695: Application time: 0.0295860 seconds
19.695: [GC [PSYoungGen: 7646K->992K(7680K)] 24127K->17496K(25088K), 0.0019870 secs] [Times: user=0.01 sys=0.00, real=0.00 secs] 
19.697: Total time for which application threads were stopped: 0.0020890 seconds, Stopping threads took: 0.0000500 seconds
19.727: Application time: 0.0302720 seconds
19.727: [GC [PSYoungGen: 7646K->992K(7680K)] 24151K->17544K(25088K), 0.0004700 secs] [Times: user=0.00 sys=0.01, real=0.00 secs] 
19.728: Total time for which application threads were stopped: 0.0005950 seconds, Stopping threads took: 0.0000690 seconds
19.758: Application time: 0.0304600 seconds
19.758: [GC [PSYoungGen: 7644K->896K(7680K)] 24196K->17552K(25088K), 0.0005040 secs] [Times: user=0.00 sys=0.00, real=0.00 secs] 
19.759: Total time for which application threads were stopped: 0.0006170 seconds, Stopping threads took: 0.0000570 seconds
19.789: Application time: 0.0301110 seconds
19.789: [GC [PSYoungGen: 7550K->896K(7680K)] 24207K->17552K(25088K), 0.0004640 secs] [Times: user=0.00 sys=0.00, real=0.00 secs] 
19.789: Total time for which application threads were stopped: 0.0005750 seconds, Stopping threads took: 0.0000530 seconds
19.819: Application time: 0.0298730 seconds
19.819: [GC [PSYoungGen: 7550K->896K(7680K)] 24207K->17552K(25088K), 0.0004060 secs] [Times: user=0.01 sys=0.00, real=0.00 secs] 
19.820: Total time for which application threads were stopped: 0.0004980 seconds, Stopping threads took: 0.0000450 seconds
19.850: Application time: 0.0300610 seconds
19.850: [GC [PSYoungGen: 7550K->928K(7680K)] 24207K->17584K(25088K), 0.0004190 secs] [Times: user=0.00 sys=0.00, real=0.00 secs] 
19.850: Total time for which application threads were stopped: 0.0005220 seconds, Stopping threads took: 0.0000460 seconds
19.880: Application time: 0.0298280 seconds
19.880: [GC [PSYoungGen: 7582K->928K(7680K)] 24239K->17584K(25088K), 0.0004340 secs] [Times: user=0.00 sys=0.00, real=0.00 secs] 
19.881: Total time for which application threads were stopped: 0.0005320 seconds, Stopping threads took: 0.0000460 seconds
19.911: Application time: 0.0299510 seconds
19.911: [GC [PSYoungGen: 7582K->864K(7680K)] 24239K->17520K(25088K), 0.0004240 secs] [Times: user=0.00 sys=0.00, real=0.00 secs] 
19.911: Total time for which application threads were stopped: 0.0005330 seconds, Stopping threads took: 0.0000510 seconds
19.941: Application time: 0.0300950 seconds
19.941: [GC [PSYoungGen: 7518K->768K(7680K)] 24175K->17621K(25088K), 0.0004060 secs] [Times: user=0.00 sys=0.01, real=0.00 secs] 
19.942: Total time for which application threads were stopped: 0.0005320 seconds, Stopping threads took: 0.0000630 seconds
19.972: Application time: 0.0297870 seconds
19.972: [GC [PSYoungGen: 7422K->896K(7680K)] 24275K->17749K(25088K), 0.0003920 secs] [Times: user=0.00 sys=0.00, real=0.00 secs] 
19.972: Total time for which application threads were stopped: 0.0004890 seconds, Stopping threads took: 0.0000460 seconds
20.002: Application time: 0.0300650 seconds
20.003: [GC [PSYoungGen: 7550K->736K(7680K)] 24403K->17589K(25088K), 0.0003730 secs] [Times: user=0.00 sys=0.00, real=0.00 secs] 
20.004: Total time for which application threads were stopped: 0.0014680 seconds, Stopping threads took: 0.0010410 seconds
20.034: Application time: 0.0305370 seconds
20.034: [GC [PSYoungGen: 7390K->672K(7680K)] 24243K->17617K(25088K), 0.0003780 secs] [Times: user=0.00 sys=0.00, real=0.00 secs] 
20.035: Total time for which application threads were stopped: 0.0004650 seconds, Stopping threads took: 0.0000340 seconds
20.065: Application time: 0.0301750 seconds
20.065: [GC [PSYoungGen: 7326K->672K(7680K)] 24272K->17665K(25088K), 0.0004480 secs] [Times: user=0.00 sys=0.00, real=0.00 secs] 
20.065: Total time for which application threads were stopped: 0.0005420 seconds, Stopping threads took: 0.0000430 seconds
20.095: Application time: 0.0299090 seconds
20.095: [GC [PSYoungGen: 7326K->576K(7680K)] 24320K->17625K(25088K), 0.0004130 secs] [Times: user=0.01 sys=0.00, real=0.00 secs] 
20.096: Total time for which application threads were stopped: 0.0005000 seconds, Stopping threads took: 0.0000390 seconds
20.126: Application time: 0.0300560 seconds
20.126: [GC-- [PSYoungGen: 7228K->7228K(7680K)] 24277K->24631K(25088K), 0.0003910 secs] [Times: user=0.00 sys=0.00, real=0.00 secs] 
20.126: [Full GC [PSYoungGen: 7228K->0K(7680K)] [ParOldGen: 17402K->4136K(17408K)] 24631K->4136K(25088K) [PSPermGen: 5535K->5535K(21504K)], 0.0127440 secs] [Times: user=0.07 sys=0.00, real=0.01 secs] 
20.139: Total time for which application threads were stopped: 0.0133040 seconds, Stopping threads took: 0.0000660 seconds
20.139: Application time: 0.0001360 seconds
20.139: Total time for which application threads were stopped: 0.0000680 seconds, Stopping threads took: 0.0000420 seconds
20.139: Application time: 0.0000380 seconds
20.139: Total time for which application threads were stopped: 0.0000530 seconds, Stopping threads took: 0.0000410 seconds
20.139: Application time: 0.0000210 seconds
20.139: Total time for which application threads were stopped: 0.0000470 seconds, Stopping threads took: 0.0000350 seconds
20.139: Application time: 0.0000190 seconds
20.139: Total time for which application threads were stopped: 0.0000380 seconds, Stopping threads took: 0.0000260 seconds
20.139: Application time: 0.0000130 seconds
20.139: Total time for which application threads were stopped: 0.0000270 seconds, Stopping threads took: 0.0000190 seconds
20.140: Application time: 0.0000170 seconds
20.140: Total time for which application threads were stopped: 0.0000380 seconds, Stopping threads took: 0.0000290 seconds
20.140: Application time: 0.0000140 seconds
20.140: Total time for which application threads were stopped: 0.0000340 seconds, Stopping threads took: 0.0000250 seconds
20.140: Application time: 0.0000130 seconds
20.140: Total time for which application threads were stopped: 0.0000300 seconds, Stopping threads took: 0.0000210 seconds
20.170: Application time: 0.0300020 seconds
20.170: [GC [PSYoungGen: 6654K->0K(7680K)] 10791K->4136K(25088K), 0.0003200 secs] [Times: user=0.00 sys=0.00, real=0.00 secs] 
20.170: Total time for which application threads were stopped: 0.0004090 seconds, Stopping threads took: 0.0000450 seconds
20.200: Application time: 0.0300480 seconds
20.200: [GC [PSYoungGen: 6654K->0K(7680K)] 10791K->4136K(25088K), 0.0003030 secs] [Times: user=0.00 sys=0.00, real=0.00 secs] 
20.201: Total time for which application threads were stopped: 0.0003930 seconds, Stopping threads took: 0.0000460 seconds
20.230: Application time: 0.0298940 seconds
20.230: [GC [PSYoungGen: 6654K->0K(7680K)] 10791K->4136K(25088K), 0.0003270 secs] [Times: user=0.00 sys=0.00, real=0.00 secs] 
20.231: Total time for which application threads were stopped: 0.0004160 seconds, Stopping threads took: 0.0000450 seconds
20.261: Application time: 0.0298690 seconds
20.261: [GC [PSYoungGen: 6654K->0K(7680K)] 10791K->4136K(25088K), 0.0002910 secs] [Times: user=0.00 sys=0.00, real=0.00 secs] 
20.261: Total time for which application threads were stopped: 0.0003840 seconds, Stopping threads took: 0.0000470 seconds
20.291: Application time: 0.0298930 seconds
20.291: [GC [PSYoungGen: 6654K->0K(7680K)] 10791K->4136K(25088K), 0.0003000 secs] [Times: user=0.00 sys=0.00, real=0.01 secs] 
20.291: Total time for which application threads were stopped: 0.0003830 seconds, Stopping threads took: 0.0000350 seconds
20.321: Application time: 0.0297400 seconds
20.321: [GC [PSYoungGen: 6654K->0K(7680K)] 10791K->4136K(25088K), 0.0002910 secs] [Times: user=0.00 sys=0.00, real=0.00 secs] 
20.321: Total time for which application threads were stopped: 0.0003810 seconds, Stopping threads took: 0.0000450 seconds
20.351: Application time: 0.0297250 seconds
20.351: [GC [PSYoungGen: 6654K->0K(7680K)] 10791K->4136K(25088K), 0.0003110 secs] [Times: user=0.00 sys=0.00, real=0.00 secs] 
20.352: Total time for which application threads were stopped: 0.0004170 seconds, Stopping threads took: 0.0000610 seconds
20.380: Application time: 0.0285710 seconds
20.380: [GC [PSYoungGen: 6652K->288K(7680K)] 10789K->4424K(25088K), 0.0003330 secs] [Times: user=0.00 sys=0.00, real=0.00 secs] 
20.381: Total time for which application threads were stopped: 0.0004330 seconds, Stopping threads took: 0.0000420 seconds
20.401: Application time: 0.0207510 seconds
20.401: [GC [PSYoungGen: 6940K->384K(7680K)] 11077K->4520K(25088K), 0.0003190 secs] [Times: user=0.00 sys=0.00, real=0.00 secs] 
20.402: Total time for which application threads were stopped: 0.0004190 seconds, Stopping threads took: 0.0000520 seconds
20.423: Application time: 0.0213440 seconds
20.423: [GC [PSYoungGen: 7039K->352K(7680K)] 11176K->4488K(25088K), 0.0003170 secs] [Times: user=0.00 sys=0.00, real=0.00 secs] 
20.424: Total time for which application threads were stopped: 0.0004250 seconds, Stopping threads took: 0.0000610 seconds
20.449: Application time: 0.0249960 seconds
20.449: [GC [PSYoungGen: 7006K->512K(7680K)] 11143K->4648K(25088K), 0.0003460 secs] [Times: user=0.00 sys=0.00, real=0.00 secs] 
20.449: Total time for which application threads were stopped: 0.0004580 seconds, Stopping threads took: 0.0000530 seconds
20.470: Application time: 0.0206010 seconds
20.470: [GC [PSYoungGen: 7164K->544K(7680K)] 11301K->4680K(25088K), 0.0003650 secs] [Times: user=0.00 sys=0.00, real=0.00 secs] 
20.470: Total time for which application threads were stopped: 0.0004560 seconds, Stopping threads took: 0.0000430 seconds
20.491: Application time: 0.0205060 seconds
20.495: [GC [PSYoungGen: 7090K->416K(7680K)] 11227K->4552K(25088K), 0.0003600 secs] [Times: user=0.00 sys=0.00, real=0.00 secs] 
20.496: Total time for which application threads were stopped: 0.0049140 seconds, Stopping threads took: 0.0045060 seconds
20.525: Application time: 0.0290080 seconds
20.525: [GC [PSYoungGen: 7071K->544K(7680K)] 11208K->4680K(25088K), 0.0003770 secs] [Times: user=0.00 sys=0.01, real=0.00 secs] 
20.525: Total time for which application threads were stopped: 0.0004660 seconds, Stopping threads took: 0.0000400 seconds
20.554: Application time: 0.0292160 seconds
20.554: [GC [PSYoungGen: 7196K->480K(7680K)] 11333K->4616K(25088K), 0.0003540 secs] [Times: user=0.00 sys=0.00, real=0.00 secs] 
20.555: Total time for which application threads were stopped: 0.0004500 seconds, Stopping threads took: 0.0000480 seconds
20.583: Application time: 0.0288280 seconds
20.587: [GC [PSYoungGen: 7133K->512K(7680K)] 11270K->4648K(25088K), 0.0004520 secs] [Times: user=0.00 sys=0.00, real=0.00 secs] 
20.588: Total time for which application threads were stopped: 0.0041350 seconds, Stopping threads took: 0.0036320 seconds
20.618: Application time: 0.0298820 seconds
20.618: [GC [PSYoungGen: 7166K->544K(7680K)] 11303K->4680K(25088K), 0.0004090 secs] [Times: user=0.00 sys=0.00, real=0.00 secs] 
20.618: Total time for which application threads were stopped: 0.0005050 seconds, Stopping threads took: 0.0000440 seconds
20.648: Application time: 0.0296140 seconds
20.648: [GC [PSYoungGen: 7198K->480K(7680K)] 11335K->4616K(25088K), 0.0003450 secs] [Times: user=0.00 sys=0.00, real=0.00 secs] 
20.648: Total time for which application threads were stopped: 0.0004450 seconds, Stopping threads took: 0.0000480 seconds
20.678: Application time: 0.0296220 seconds
20.678: [GC [PSYoungGen: 7134K->512K(7680K)] 11271K->4648K(25088K), 0.0003380 secs] [Times: user=0.00 sys=0.00, real=0.00 secs] 
20.678: Total time for which application threads were stopped: 0.0004270 seconds, Stopping threads took: 0.0000410 seconds
20.708: Application time: 0.0296860 seconds
20.708: [GC [PSYoungGen: 7166K->480K(7680K)] 11303K->4616K(25088K), 0.0003050 secs] [Times: user=0.00 sys=0.00, real=0.00 secs] 
20.708: Total time for which application threads were stopped: 0.0003840 seconds, Stopping threads took: 0.0000340 seconds
20.738: Application time: 0.0294910 seconds
20.738: [GC [PSYoungGen: 7134K->512K(7680K)] 11271K->4648K(25088K), 0.0003140 secs] [Times: user=0.00 sys=0.00, real=0.00 secs] 
20.738: Total time for which application threads were stopped: 0.0004010 seconds, Stopping threads took: 0.0000360 seconds
20.768: Application time: 0.0298800 seconds
20.768: [GC [PSYoungGen: 7166K->544K(7680K)] 11303K->4680K(25088K), 0.0003620 secs] [Times: user=0.00 sys=0.00, real=0.00 secs] 
20.768: Total time for which application threads were stopped: 0.0004770 seconds, Stopping threads took: 0.0000490 seconds
20.793: Application time: 0.0240930 seconds
20.793: Total time for which application threads were stopped: 0.0000720 seconds, Stopping threads took: 0.0000560 seconds
20.793: Application time: 0.0000470 seconds
20.793: [GC [PSYoungGen: 7183K->608K(7680K)] 11448K->4872K(25088K), 0.0003870 secs] [Times: user=0.00 sys=0.00, real=0.00 secs] 
20.793: Total time for which application threads were stopped: 0.0004650 seconds, Stopping threads took: 0.0000330 seconds
20.815: Application time: 0.0215130 seconds
20.815: [GC [PSYoungGen: 7264K->384K(7680K)] 11630K->4750K(25088K), 0.0003360 secs] [Times: user=0.00 sys=0.00, real=0.00 secs] 
20.815: Total time for which application threads were stopped: 0.0004420 seconds, Stopping threads took: 0.0000530 seconds
20.837: Application time: 0.0223300 seconds
20.837: [GC [PSYoungGen: 7039K->928K(7680K)] 11405K->5294K(25088K), 0.0003910 secs] [Times: user=0.00 sys=0.00, real=0.00 secs] 
20.838: Total time for which application threads were stopped: 0.0004810 seconds, Stopping threads took: 0.0000440 seconds
20.867: Application time: 0.0291160 seconds
20.867: [GC [PSYoungGen: 7580K->832K(7680K)] 11946K->5198K(25088K), 0.0004170 secs] [Times: user=0.00 sys=0.01, real=0.00 secs] 
20.868: Total time for which application threads were stopped: 0.0005240 seconds, Stopping threads took: 0.0000580 seconds
20.889: Application time: 0.0218420 seconds
20.889: [GC [PSYoungGen: 7484K->992K(7680K)] 11851K->5530K(25088K), 0.0004630 secs] [Times: user=0.00 sys=0.00, real=0.00 secs] 
20.890: Total time for which application threads were stopped: 0.0005700 seconds, Stopping threads took: 0.0000500 seconds
20.910: Application time: 0.0200560 seconds
20.910: [GC [PSYoungGen: 7646K->992K(7680K)] 12185K->5698K(25088K), 0.0005070 secs] [Times: user=0.00 sys=0.00, real=0.00 secs] 
20.911: Total time for which application threads were stopped: 0.0006080 seconds, Stopping threads took: 0.0000490 seconds
20.933: Application time: 0.0219960 seconds
20.933: [GC [PSYoungGen: 7556K->992K(7680K)] 12262K->5934K(25088K), 0.0005570 secs] [Times: user=0.00 sys=0.00, real=0.00 secs] 
20.933: Total time for which application threads were stopped: 0.0006590 seconds, Stopping threads took: 0.0000510 seconds
20.953: Application time: 0.0200660 seconds
20.955: [GC [PSYoungGen: 7646K->992K(7680K)] 12589K->6099K(25088K), 0.0005360 secs] [Times: user=0.00 sys=0.00, real=0.00 secs] 
20.956: Total time for which application threads were stopped: 0.0023670 seconds, Stopping threads took: 0.0017660 seconds
20.978: Application time: 0.0221400 seconds
20.978: [GC [PSYoungGen: 7645K->928K(7680K)] 12752K->6163K(25088K), 0.0004550 secs] [Times: user=0.00 sys=0.00, real=0.00 secs] 
20.978: Total time for which application threads were stopped: 0.0005660 seconds, Stopping threads took: 0.0000580 seconds
20.993: Application time: 0.0143650 seconds
20.993: [GC [PSYoungGen: 7584K->1008K(7680K)] 12819K->6667K(25088K), 0.0005580 secs] [Times: user=0.00 sys=0.00, real=0.00 secs] 
20.993: Total time for which application threads were stopped: 0.0006520 seconds, Stopping threads took: 0.0000450 seconds
21.007: Application time: 0.0131750 seconds
21.007: [GC [PSYoungGen: 7660K->1008K(7680K)] 13319K->7068K(25088K), 0.0005350 secs] [Times: user=0.00 sys=0.00, real=0.00 secs] 
21.007: Total time for which application threads were stopped: 0.0006410 seconds, Stopping threads took: 0.0000540 seconds
21.022: Application time: 0.0144640 seconds
21.022: [GC [PSYoungGen: 7660K->1008K(7680K)] 13720K->7216K(25088K), 0.0004880 secs] [Times: user=0.01 sys=0.00, real=0.00 secs] 
21.022: Total time for which application threads were stopped: 0.0005820 seconds, Stopping threads took: 0.0000420 seconds
21.037: Application time: 0.0146160 seconds
21.039: [GC [PSYoungGen: 7662K->1008K(7680K)] 13870K->7256K(25088K), 0.0006050 secs] [Times: user=0.00 sys=0.00, real=0.00 secs] 
21.040: Total time for which application threads were stopped: 0.0028090 seconds, Stopping threads took: 0.0021410 seconds
21.064: Application time: 0.0243770 seconds
21.064: [GC [PSYoungGen: 7660K->1008K(7680K)] 13908K->7689K(25088K), 0.0005860 secs] [Times: user=0.01 sys=0.00, real=0.00 secs] 
21.065: Total time for which application threads were stopped: 0.0007250 seconds, Stopping threads took: 0.0000660 seconds
21.093: Application time: 0.0278280 seconds
21.093: [GC [PSYoungGen: 7659K->992K(7680K)] 14340K->7809K(25088K), 0.0004330 secs] [Times: user=0.00 sys=0.00, real=0.00 secs] 
21.093: Total time for which application threads were stopped: 0.0005370 seconds, Stopping threads took: 0.0000550 seconds
21.120: Application time: 0.0263960 seconds
21.123: [GC [PSYoungGen: 7647K->992K(7680K)] 14465K->8077K(25088K), 0.0005300 secs] [Times: user=0.00 sys=0.00, real=0.00 secs] 
21.123: Total time for which application threads were stopped: 0.0037620 seconds, Stopping threads took: 0.0031720 seconds
21.153: Application time: 0.0293290 seconds
21.153: [GC [PSYoungGen: 7643K->992K(7680K)] 14729K->8093K(25088K), 0.0004970 secs] [Times: user=0.00 sys=0.00, real=0.00 secs] 
21.153: Total time for which application threads were stopped: 0.0006020 seconds, Stopping threads took: 0.0000500 seconds
21.182: Application time: 0.0291450 seconds
21.183: [GC [PSYoungGen: 7646K->960K(7680K)] 14748K->8149K(25088K), 0.0004130 secs] [Times: user=0.00 sys=0.00, real=0.00 secs] 
21.183: Total time for which application threads were stopped: 0.0005240 seconds, Stopping threads took: 0.0000550 seconds
21.212: Application time: 0.0290180 seconds
21.212: [GC [PSYoungGen: 7614K->992K(7680K)] 14804K->8181K(25088K), 0.0004270 secs] [Times: user=0.00 sys=0.00, real=0.00 secs] 
21.213: Total time for which application threads were stopped: 0.0005150 seconds, Stopping threads took: 0.0000350 seconds
21.240: Application time: 0.0274380 seconds
21.240: [GC [PSYoungGen: 7646K->992K(7680K)] 14835K->8341K(25088K), 0.0004580 secs] [Times: user=0.00 sys=0.00, real=0.00 secs] 
21.241: Total time for which application threads were stopped: 0.0005620 seconds, Stopping threads took: 0.0000540 seconds
21.270: Application time: 0.0290700 seconds
21.270: [GC [PSYoungGen: 7646K->992K(7680K)] 14996K->8365K(25088K), 0.0003950 secs] [Times: user=0.00 sys=0.00, real=0.00 secs] 
21.270: Total time for which application threads were stopped: 0.0005030 seconds, Stopping threads took: 0.0000590 seconds
21.299: Application time: 0.0291710 seconds
21.299: [GC [PSYoungGen: 7646K->928K(7680K)] 15020K->8301K(25088K), 0.0004810 secs] [Times: user=0.00 sys=0.00, real=0.00 secs] 
21.300: Total time for which application threads were stopped: 0.0005690 seconds, Stopping threads took: 0.0000400 seconds
21.328: Application time: 0.0285570 seconds
21.331: [GC [PSYoungGen: 7580K->992K(7680K)] 14953K->8509K(25088K), 0.0004360 secs] [Times: user=0.00 sys=0.00, real=0.00 secs] 
21.332: Total time for which application threads were stopped: 0.0031810 seconds, Stopping threads took: 0.0026960 seconds
21.363: Application time: 0.0311350 seconds
21.363: [GC [PSYoungGen: 7646K->992K(7680K)] 15163K->8517K(25088K), 0.0004820 secs] [Times: user=0.01 sys=0.00, real=0.00 secs] 
21.363: Total time for which application threads were stopped: 0.0005760 seconds, Stopping threads took: 0.0000410 seconds
21.391: Application time: 0.0276820 seconds
21.391: [GC [PSYoungGen: 7646K->992K(7680K)] 15171K->8766K(25088K), 0.0005130 secs] [Times: user=0.01 sys=0.00, real=0.01 secs] 
21.392: Total time for which application threads were stopped: 0.0006080 seconds, Stopping threads took: 0.0000440 seconds
21.421: Application time: 0.0292730 seconds
21.421: [GC [PSYoungGen: 7644K->992K(7680K)] 15418K->8790K(25088K), 0.0004440 secs] [Times: user=0.00 sys=0.00, real=0.00 secs] 
21.421: Total time for which application threads were stopped: 0.0005450 seconds, Stopping threads took: 0.0000530 seconds
21.446: Application time: 0.0244620 seconds
21.446: [GC [PSYoungGen: 7565K->992K(7680K)] 15364K->9154K(25088K), 0.0005410 secs] [Times: user=0.00 sys=0.00, real=0.00 secs] 
21.447: Total time for which application threads were stopped: 0.0006550 seconds, Stopping threads took: 0.0000540 seconds
21.475: Application time: 0.0287980 seconds
21.475: [GC [PSYoungGen: 7645K->928K(7680K)] 15808K->9354K(25088K), 0.0005190 secs] [Times: user=0.00 sys=0.00, real=0.00 secs] 
21.476: Total time for which application threads were stopped: 0.0006320 seconds, Stopping threads took: 0.0000540 seconds
21.505: Application time: 0.0294860 seconds
21.506: [GC [PSYoungGen: 7582K->960K(7680K)] 16009K->9418K(25088K), 0.0004460 secs] [Times: user=0.00 sys=0.00, real=0.00 secs] 
21.506: Total time for which application threads were stopped: 0.0005570 seconds, Stopping threads took: 0.0000590 seconds
21.536: Application time: 0.0298040 seconds
21.536: [GC [PSYoungGen: 7614K->992K(7680K)] 16073K->9450K(25088K), 0.0004290 secs] [Times: user=0.00 sys=0.00, real=0.00 secs] 
21.536: Total time for which application threads were stopped: 0.0005240 seconds, Stopping threads took: 0.0000460 seconds
21.566: Application time: 0.0300070 seconds
21.566: [GC [PSYoungGen: 7644K->896K(7680K)] 16103K->9458K(25088K), 0.0004330 secs] [Times: user=0.01 sys=0.00, real=0.00 secs] 
21.567: Total time for which application threads were stopped: 0.0005380 seconds, Stopping threads took: 0.0000510 seconds
21.597: Application time: 0.0299230 seconds
21.597: [GC [PSYoungGen: 7550K->864K(7680K)] 16113K->9426K(25088K), 0.0004030 secs] [Times: user=0.00 sys=0.00, real=0.00 secs] 
21.597: Total time for which application threads were stopped: 0.0005080 seconds, Stopping threads took: 0.0000550 seconds
21.627: Application time: 0.0297830 seconds
21.627: [GC [PSYoungGen: 7518K->896K(7680K)] 16081K->9458K(25088K), 0.0003920 secs] [Times: user=0.00 sys=0.00, real=0.00 secs] 
21.628: Total time for which application threads were stopped: 0.0005020 seconds, Stopping threads took: 0.0000540 seconds
21.658: Application time: 0.0300080 seconds
21.658: [GC [PSYoungGen: 7548K->896K(7680K)] 16111K->9458K(25088K), 0.0004050 secs] [Times: user=0.01 sys=0.00, real=0.00 secs] 
21.658: Total time for which application threads were stopped: 0.0005130 seconds, Stopping threads took: 0.0000560 seconds
21.688: Application time: 0.0298160 seconds
21.691: [GC [PSYoungGen: 7550K->768K(7680K)] 16113K->9415K(25088K), 0.0005040 secs] [Times: user=0.00 sys=0.00, real=0.00 secs] 
21.692: Total time for which application threads were stopped: 0.0037170 seconds, Stopping threads took: 0.0031640 seconds
21.721: Application time: 0.0297160 seconds
21.721: [GC [PSYoungGen: 7422K->832K(7680K)] 16070K->9479K(25088K), 0.0003860 secs] [Times: user=0.00 sys=0.00, real=0.00 secs] 
21.722: Total time for which application threads were stopped: 0.0004780 seconds, Stopping threads took: 0.0000420 seconds
21.752: Application time: 0.0301470 seconds
21.752: [GC [PSYoungGen: 7486K->768K(7680K)] 16134K->9415K(25088K), 0.0004210 secs] [Times: user=0.00 sys=0.00, real=0.00 secs] 
21.753: Total time for which application threads were stopped: 0.0005330 seconds, Stopping threads took: 0.0000590 seconds
21.783: Application time: 0.0301060 seconds
21.783: [GC [PSYoungGen: 7422K->832K(7680K)] 16070K->9487K(25088K), 0.0004510 secs] [Times: user=0.00 sys=0.00, real=0.00 secs] 
21.783: Total time for which application threads were stopped: 0.0005420 seconds, Stopping threads took: 0.0000400 seconds
21.813: Application time: 0.0300490 seconds
21.813: [GC [PSYoungGen: 7486K->896K(7680K)] 16142K->9599K(25088K), 0.0004500 secs] [Times: user=0.00 sys=0.00, real=0.00 secs] 
21.814: Total time for which application threads were stopped: 0.0005600 seconds, Stopping threads took: 0.0000610 seconds
21.844: Application time: 0.0297910 seconds
21.844: [GC [PSYoungGen: 7550K->576K(7680K)] 16254K->9492K(25088K), 0.0004510 secs] [Times: user=0.00 sys=0.00, real=0.00 secs] 
21.844: Total time for which application threads were stopped: 0.0005620 seconds, Stopping threads took: 0.0000620 seconds
21.874: Application time: 0.0298270 seconds
21.874: [GC [PSYoungGen: 7230K->544K(7680K)] 16146K->9460K(25088K), 0.0003640 secs] [Times: user=0.00 sys=0.00, real=0.00 secs] 
21.874: Total time for which application threads were stopped: 0.0004700 seconds, Stopping threads took: 0.0000550 seconds
21.904: Application time: 0.0299520 seconds
21.905: [GC [PSYoungGen: 7198K->96K(7680K)] 16114K->9485K(25088K), 0.0003690 secs] [Times: user=0.00 sys=0.00, real=0.00 secs] 
21.905: Total time for which application threads were stopped: 0.0004850 seconds, Stopping threads took: 0.0000670 seconds
21.935: Application time: 0.0298040 seconds
21.935: [GC [PSYoungGen: 6750K->0K(7680K)] 16139K->9421K(25088K), 0.0003180 secs] [Times: user=0.00 sys=0.00, real=0.00 secs] 
21.935: Total time for which application threads were stopped: 0.0004150 seconds, Stopping threads took: 0.0000480 seconds
21.965: Application time: 0.0298050 seconds
21.965: [GC [PSYoungGen: 6654K->0K(7680K)] 16075K->9421K(25088K), 0.0003030 secs] [Times: user=0.00 sys=0.00, real=0.00 secs] 
21.965: Total time for which application threads were stopped: 0.0003970 seconds, Stopping threads took: 0.0000490 seconds
21.995: Application time: 0.0300430 seconds
21.995: [GC [PSYoungGen: 6654K->0K(7680K)] 16075K->9421K(25088K), 0.0003210 secs] [Times: user=0.00 sys=0.00, real=0.00 secs] 
21.996: Total time for which application threads were stopped: 0.0004240 seconds, Stopping threads took: 0.0000440 seconds
22.026: Application time: 0.0297560 seconds
22.026: [GC [PSYoungGen: 6654K->0K(7680K)] 16075K->9421K(25088K), 0.0002940 secs] [Times: user=0.00 sys=0.00, real=0.00 secs] 
22.026: Total time for which application threads were stopped: 0.0004110 seconds, Stopping threads took: 0.0000700 seconds
22.056: Application time: 0.0298590 seconds
22.056: [GC [PSYoungGen: 6654K->0K(7680K)] 16075K->9421K(25088K), 0.0003470 secs] [Times: user=0.00 sys=0.00, real=0.00 secs] 
22.056: Total time for which application threads were stopped: 0.0004420 seconds, Stopping threads took: 0.0000460 seconds
22.086: Application time: 0.0297660 seconds
22.086: [GC [PSYoungGen: 6654K->0K(7680K)] 16075K->9421K(25088K), 0.0003080 secs] [Times: user=0.00 sys=0.00, real=0.00 secs] 
22.086: Total time for which application threads were stopped: 0.0004110 seconds, Stopping threads took: 0.0000590 seconds
22.117: Application time: 0.0307770 seconds
22.119: [GC [PSYoungGen: 6654K->0K(7680K)] 16075K->9421K(25088K), 0.0003730 secs] [Times: user=0.00 sys=0.00, real=0.00 secs] 
22.120: Total time for which application threads were stopped: 0.0023020 seconds, Stopping threads took: 0.0018770 seconds
22.149: Application time: 0.0292230 seconds
22.149: [GC [PSYoungGen: 6652K->352K(7680K)] 16073K->9773K(25088K), 0.0003210 secs] [Times: user=0.00 sys=0.00, real=0.00 secs] 
22.149: Total time for which application threads were stopped: 0.0004240 seconds, Stopping threads took: 0.0000550 seconds
22.170: Application time: 0.0209290 seconds
22.170: [GC [PSYoungGen: 7004K->384K(7680K)] 16425K->9805K(25088K), 0.0003380 secs] [Times: user=0.00 sys=0.00, real=0.00 secs] 
22.171: Total time for which application threads were stopped: 0.0004390 seconds, Stopping threads took: 0.0000530 seconds
22.192: Application time: 0.0213530 seconds
22.192: [GC [PSYoungGen: 7037K->384K(7680K)] 16458K->9805K(25088K), 0.0003250 secs] [Times: user=0.00 sys=0.00, real=0.00 secs] 
22.192: Total time for which application threads were stopped: 0.0004150 seconds, Stopping threads took: 0.0000420 seconds
22.215: Application time: 0.0222920 seconds
22.215: [GC [PSYoungGen: 7038K->416K(7680K)] 16460K->9837K(25088K), 0.0003810 secs] [Times: user=0.00 sys=0.00, real=0.00 secs] 
22.215: Total time for which application threads were stopped: 0.0004820 seconds, Stopping threads took: 0.0000530 seconds
22.236: Application time: 0.0208990 seconds
22.236: [GC [PSYoungGen: 7069K->416K(7680K)] 16490K->9837K(25088K), 0.0003840 secs] [Times: user=0.00 sys=0.00, real=0.00 secs] 
22.236: Total time for which application threads were stopped: 0.0004850 seconds, Stopping threads took: 0.0000510 seconds
22.260: Application time: 0.0230550 seconds
22.260: [GC [PSYoungGen: 7072K->544K(7680K)] 16493K->9965K(25088K), 0.0003570 secs] [Times: user=0.00 sys=0.00, real=0.00 secs] 
22.260: Total time for which application threads were stopped: 0.0004540 seconds, Stopping threads took: 0.0000490 seconds
22.288: Application time: 0.0282860 seconds
22.288: [GC [PSYoungGen: 7199K->544K(7680K)] 16620K->9965K(25088K), 0.0004160 secs] [Times: user=0.00 sys=0.00, real=0.00 secs] 
22.289: Total time for which application threads were stopped: 0.0005220 seconds, Stopping threads took: 0.0000540 seconds
22.317: Application time: 0.0283620 seconds
22.317: [GC [PSYoungGen: 7196K->544K(7680K)] 16617K->9965K(25088K), 0.0003480 secs] [Times: user=0.00 sys=0.00, real=0.00 secs] 
22.318: Total time for which application threads were stopped: 0.0004480 seconds, Stopping threads took: 0.0000520 seconds
22.347: Application time: 0.0297200 seconds
22.347: [GC [PSYoungGen: 7198K->480K(7680K)] 16619K->9901K(25088K), 0.0003630 secs] [Times: user=0.00 sys=0.00, real=0.00 secs] 
22.348: Total time for which application threads were stopped: 0.0004560 seconds, Stopping threads took: 0.0000450 seconds
22.377: Application time: 0.0296140 seconds
22.378: [GC [PSYoungGen: 7134K->480K(7680K)] 16555K->9901K(25088K), 0.0003600 secs] [Times: user=0.00 sys=0.00, real=0.00 secs] 
22.378: Total time for which application threads were stopped: 0.0004680 seconds, Stopping threads took: 0.0000590 seconds
22.407: Application time: 0.0295870 seconds
22.408: [GC [PSYoungGen: 7134K->480K(7680K)] 16555K->9901K(25088K), 0.0003840 secs] [Times: user=0.00 sys=0.00, real=0.00 secs] 
22.408: Total time for which application threads were stopped: 0.0004880 seconds, Stopping threads took: 0.0000550 seconds
22.438: Application time: 0.0296520 seconds
22.438: [GC [PSYoungGen: 7134K->480K(7680K)] 16555K->9901K(25088K), 0.0004050 secs] [Times: user=0.00 sys=0.00, real=0.00 secs] 
22.438: Total time for which application threads were stopped: 0.0004890 seconds, Stopping threads took: 0.0000360 seconds
22.468: Application time: 0.0295320 seconds
22.468: [GC [PSYoungGen: 7134K->512K(7680K)] 16555K->9933K(25088K), 0.0003540 secs] [Times: user=0.00 sys=0.00, real=0.00 secs] 
22.468: Total time for which application threads were stopped: 0.0004450 seconds, Stopping threads took: 0.0000450 seconds
22.498: Application time: 0.0296460 seconds
22.498: [GC [PSYoungGen: 7166K->512K(7680K)] 16587K->9933K(25088K), 0.0003420 secs] [Times: user=0.00 sys=0.00, real=0.00 secs] 
22.498: Total time for which application threads were stopped: 0.0004460 seconds, Stopping threads took: 0.0000430 seconds
22.528: Application time: 0.0299620 seconds
22.528: [GC [PSYoungGen: 7164K->544K(7680K)] 16585K->9965K(25088K), 0.0003650 secs] [Times: user=0.00 sys=0.00, real=0.00 secs] 
22.529: Total time for which application threads were stopped: 0.0004570 seconds, Stopping threads took: 0.0000460 seconds
22.551: Application time: 0.0223980 seconds
22.551: [GC [PSYoungGen: 7196K->704K(7680K)] 16617K->10125K(25088K), 0.0003910 secs] [Times: user=0.00 sys=0.00, real=0.00 secs] 
22.551: Total time for which application threads were stopped: 0.0004810 seconds, Stopping threads took: 0.0000340 seconds
22.573: Application time: 0.0214900 seconds
22.573: [GC [PSYoungGen: 7359K->832K(7680K)] 16780K->10253K(25088K), 0.0003750 secs] [Times: user=0.00 sys=0.00, real=0.00 secs] 
22.573: Total time for which application threads were stopped: 0.0004770 seconds, Stopping threads took: 0.0000550 seconds
22.597: Application time: 0.0235170 seconds
22.597: [GC [PSYoungGen: 7486K->608K(7680K)] 16907K->10029K(25088K), 0.0003710 secs] [Times: user=0.00 sys=0.00, real=0.00 secs] 
22.597: Total time for which application threads were stopped: 0.0004720 seconds, Stopping threads took: 0.0000500 seconds
22.626: Application time: 0.0286380 seconds
22.627: [GC [PSYoungGen: 7261K->704K(7680K)] 16682K->10125K(25088K), 0.0005650 secs] [Times: user=0.01 sys=0.00, real=0.00 secs] 
22.628: Total time for which application threads were stopped: 0.0016530 seconds, Stopping threads took: 0.0010230 seconds
22.648: Application time: 0.0198460 seconds
22.648: [GC [PSYoungGen: 7357K->976K(7680K)] 16778K->10397K(25088K), 0.0004630 secs] [Times: user=0.01 sys=0.00, real=0.00 secs] 
22.648: Total time for which application threads were stopped: 0.0005620 seconds, Stopping threads took: 0.0000480 seconds
22.667: Application time: 0.0192620 seconds
22.668: [GC [PSYoungGen: 7628K->1008K(7680K)] 17049K->10429K(25088K), 0.0004490 secs] [Times: user=0.00 sys=0.00, real=0.00 secs] 
22.668: Total time for which application threads were stopped: 0.0005730 seconds, Stopping threads took: 0.0000740 seconds
22.693: Application time: 0.0247230 seconds
22.693: [GC [PSYoungGen: 7662K->992K(7680K)] 17083K->10573K(25088K), 0.0004880 secs] [Times: user=0.00 sys=0.00, real=0.00 secs] 
22.693: Total time for which application threads were stopped: 0.0005950 seconds, Stopping threads took: 0.0000550 seconds
22.714: Application time: 0.0205620 seconds
22.714: [GC [PSYoungGen: 7644K->992K(7680K)] 17226K->10725K(25088K), 0.0005130 secs] [Times: user=0.00 sys=0.00, real=0.00 secs] 
22.714: Total time for which application threads were stopped: 0.0006130 seconds, Stopping threads took: 0.0000530 seconds
22.735: Application time: 0.0209660 seconds
22.736: [GC [PSYoungGen: 7645K->992K(7680K)] 17379K->10749K(25088K), 0.0004430 secs] [Times: user=0.01 sys=0.00, real=0.00 secs] 
22.736: Total time for which application threads were stopped: 0.0005350 seconds, Stopping threads took: 0.0000430 seconds
22.757: Application time: 0.0207570 seconds
22.757: [GC [PSYoungGen: 7644K->992K(7680K)] 17401K->11301K(25088K), 0.0005570 secs] [Times: user=0.00 sys=0.00, real=0.00 secs] 
22.757: Total time for which application threads were stopped: 0.0006550 seconds, Stopping threads took: 0.0000470 seconds
22.773: Application time: 0.0157660 seconds
22.773: [GC [PSYoungGen: 7645K->1008K(7680K)] 17954K->11453K(25088K), 0.0004910 secs] [Times: user=0.00 sys=0.00, real=0.00 secs] 
22.774: Total time for which application threads were stopped: 0.0006010 seconds, Stopping threads took: 0.0000600 seconds
22.788: Application time: 0.0140680 seconds
22.788: [GC [PSYoungGen: 7662K->992K(7680K)] 18107K->11597K(25088K), 0.0005210 secs] [Times: user=0.00 sys=0.00, real=0.00 secs] 
22.788: Total time for which application threads were stopped: 0.0006240 seconds, Stopping threads took: 0.0000550 seconds
22.801: Application time: 0.0130070 seconds
22.803: [GC [PSYoungGen: 7645K->1008K(7680K)] 18250K->11906K(25088K), 0.0005170 secs] [Times: user=0.00 sys=0.00, real=0.00 secs] 
22.804: Total time for which application threads were stopped: 0.0022030 seconds, Stopping threads took: 0.0016320 seconds
22.824: Application time: 0.0199870 seconds
22.824: [GC [PSYoungGen: 7661K->1008K(7680K)] 18559K->12130K(25088K), 0.0004800 secs] [Times: user=0.00 sys=0.00, real=0.00 secs] 
22.824: Total time for which application threads were stopped: 0.0005910 seconds, Stopping threads took: 0.0000630 seconds
22.851: Application time: 0.0267410 seconds
22.851: [GC [PSYoungGen: 7662K->1008K(7680K)] 18784K->12362K(25088K), 0.0005540 secs] [Times: user=0.00 sys=0.00, real=0.00 secs] 
22.852: Total time for which application threads were stopped: 0.0006600 seconds, Stopping threads took: 0.0000560 seconds
22.878: Application time: 0.0268020 seconds
22.879: [GC [PSYoungGen: 7662K->1008K(7680K)] 19016K->12754K(25088K), 0.0005260 secs] [Times: user=0.01 sys=0.00, real=0.01 secs] 
22.879: Total time for which application threads were stopped: 0.0006380 seconds, Stopping threads took: 0.0000590 seconds
22.907: Application time: 0.0280920 seconds
22.907: [GC [PSYoungGen: 7662K->992K(7680K)] 19408K->12878K(25088K), 0.0005260 secs] [Times: user=0.00 sys=0.00, real=0.00 secs] 
22.908: Total time for which application threads were stopped: 0.0006240 seconds, Stopping threads took: 0.0000480 seconds
22.937: Application time: 0.0292250 seconds
22.937: [GC [PSYoungGen: 7644K->928K(7680K)] 19531K->12982K(25088K), 0.0004710 secs] [Times: user=0.01 sys=0.00, real=0.00 secs] 
22.938: Total time for which application threads were stopped: 0.0005640 seconds, Stopping threads took: 0.0000450 seconds
22.967: Application time: 0.0292850 seconds
22.967: [GC [PSYoungGen: 7582K->832K(7680K)] 19637K->12931K(25088K), 0.0004510 secs] [Times: user=0.00 sys=0.00, real=0.00 secs] 
22.967: Total time for which application threads were stopped: 0.0005640 seconds, Stopping threads took: 0.0000610 seconds
22.995: Application time: 0.0274080 seconds
22.995: [GC [PSYoungGen: 7486K->992K(7680K)] 19585K->13131K(25088K), 0.0004570 secs] [Times: user=0.00 sys=0.00, real=0.00 secs] 
22.995: Total time for which application threads were stopped: 0.0005640 seconds, Stopping threads took: 0.0000540 seconds
23.025: Application time: 0.0292480 seconds
23.025: [GC [PSYoungGen: 7646K->768K(7680K)] 19786K->13167K(25088K), 0.0004590 secs] [Times: user=0.00 sys=0.00, real=0.00 secs] 
23.025: Total time for which application threads were stopped: 0.0005620 seconds, Stopping threads took: 0.0000420 seconds
23.054: Application time: 0.0290750 seconds
23.054: [GC [PSYoungGen: 7422K->768K(7680K)] 19822K->13167K(25088K), 0.0004690 secs] [Times: user=0.00 sys=0.00, real=0.00 secs] 
23.055: Total time for which application threads were stopped: 0.0005630 seconds, Stopping threads took: 0.0000450 seconds
23.082: Application time: 0.0275440 seconds
23.083: [GC [PSYoungGen: 7422K->992K(7680K)] 19821K->13391K(25088K), 0.0004460 secs] [Times: user=0.01 sys=0.00, real=0.00 secs] 
23.083: Total time for which application threads were stopped: 0.0005540 seconds, Stopping threads took: 0.0000550 seconds
23.112: Application time: 0.0292950 seconds
23.112: [GC [PSYoungGen: 7646K->992K(7680K)] 20046K->13399K(25088K), 0.0004520 secs] [Times: user=0.00 sys=0.00, real=0.00 secs] 
23.113: Total time for which application threads were stopped: 0.0005420 seconds, Stopping threads took: 0.0000410 seconds
23.141: Application time: 0.0277340 seconds
23.141: [GC [PSYoungGen: 7646K->992K(7680K)] 20053K->13607K(25088K), 0.0004930 secs] [Times: user=0.01 sys=0.00, real=0.00 secs] 
23.141: Total time for which application threads were stopped: 0.0005750 seconds, Stopping threads took: 0.0000340 seconds
23.171: Application time: 0.0295610 seconds
23.171: [GC [PSYoungGen: 7646K->992K(7680K)] 20262K->13639K(25088K), 0.0005200 secs] [Times: user=0.01 sys=0.00, real=0.01 secs] 
23.171: Total time for which application threads were stopped: 0.0006160 seconds, Stopping threads took: 0.0000450 seconds
23.200: Application time: 0.0283640 seconds
23.200: [GC [PSYoungGen: 7644K->992K(7680K)] 20292K->13783K(25088K), 0.0004910 secs] [Times: user=0.00 sys=0.00, real=0.00 secs] 
23.200: Total time for which application threads were stopped: 0.0005920 seconds, Stopping threads took: 0.0000520 seconds
23.226: Application time: 0.0253220 seconds
23.226: [GC [PSYoungGen: 7644K->992K(7680K)] 20436K->14077K(25088K), 0.0005370 secs] [Times: user=0.01 sys=0.00, real=0.00 secs] 
23.226: Total time for which application threads were stopped: 0.0006360 seconds, Stopping threads took: 0.0000510 seconds
23.256: Application time: 0.0294820 seconds
23.256: [GC [PSYoungGen: 7646K->992K(7680K)] 20732K->14133K(25088K), 0.0004870 secs] [Times: user=0.00 sys=0.00, real=0.00 secs] 
23.256: Total time for which application threads were stopped: 0.0005880 seconds, Stopping threads took: 0.0000500 seconds
23.286: Application time: 0.0298050 seconds
23.286: [GC [PSYoungGen: 7646K->992K(7680K)] 20788K->14133K(25088K), 0.0004000 secs] [Times: user=0.00 sys=0.00, real=0.00 secs] 
23.287: Total time for which application threads were stopped: 0.0005010 seconds, Stopping threads took: 0.0000490 seconds
23.317: Application time: 0.0301830 seconds
23.317: [GC [PSYoungGen: 7646K->992K(7680K)] 20788K->14133K(25088K), 0.0004930 secs] [Times: user=0.00 sys=0.00, real=0.00 secs] 
23.317: Total time for which application threads were stopped: 0.0006010 seconds, Stopping threads took: 0.0000570 seconds
23.347: Application time: 0.0298130 seconds
23.347: [GC [PSYoungGen: 7646K->992K(7680K)] 20788K->14157K(25088K), 0.0004200 secs] [Times: user=0.00 sys=0.00, real=0.00 secs] 
23.348: Total time for which application threads were stopped: 0.0005430 seconds, Stopping threads took: 0.0000650 seconds
23.378: Application time: 0.0301140 seconds
23.378: [GC [PSYoungGen: 7646K->960K(7680K)] 20812K->14125K(25088K), 0.0004030 secs] [Times: user=0.01 sys=0.00, real=0.00 secs] 
23.378: Total time for which application threads were stopped: 0.0005000 seconds, Stopping threads took: 0.0000500 seconds
23.408: Application time: 0.0300310 seconds
23.409: [GC [PSYoungGen: 7614K->992K(7680K)] 20780K->14157K(25088K), 0.0004070 secs] [Times: user=0.00 sys=0.00, real=0.00 secs] 
23.409: Total time for which application threads were stopped: 0.0005160 seconds, Stopping threads took: 0.0000540 seconds
23.439: Application time: 0.0298920 seconds
23.439: [GC [PSYoungGen: 7646K->928K(7680K)] 20812K->14149K(25088K), 0.0003910 secs] [Times: user=0.00 sys=0.00, real=0.01 secs] 
23.439: Total time for which application threads were stopped: 0.0004910 seconds, Stopping threads took: 0.0000530 seconds
23.469: Application time: 0.0297450 seconds
23.471: [GC [PSYoungGen: 7582K->960K(7680K)] 20804K->14181K(25088K), 0.0003900 secs] [Times: user=0.00 sys=0.00, real=0.00 secs] 
23.472: Total time for which application threads were stopped: 0.0024660 seconds, Stopping threads took: 0.0020280 seconds
23.502: Application time: 0.0300090 seconds
23.502: [GC [PSYoungGen: 7614K->960K(7680K)] 20836K->14181K(25088K), 0.0004060 secs] [Times: user=0.00 sys=0.00, real=0.00 secs] 
23.502: Total time for which application threads were stopped: 0.0005170 seconds, Stopping threads took: 0.0000620 seconds
23.532: Application time: 0.0300430 seconds
23.532: [GC [PSYoungGen: 7614K->768K(7680K)] 20836K->14210K(25088K), 0.0004030 secs] [Times: user=0.00 sys=0.00, real=0.00 secs] 
23.533: Total time for which application threads were stopped: 0.0005090 seconds, Stopping threads took: 0.0000450 seconds
23.563: Application time: 0.0299120 seconds
23.563: [GC [PSYoungGen: 7422K->704K(7680K)] 20864K->14146K(25088K), 0.0003990 secs] [Times: user=0.00 sys=0.00, real=0.00 secs] 
23.563: Total time for which application threads were stopped: 0.0004900 seconds, Stopping threads took: 0.0000440 seconds
23.593: Application time: 0.0297780 seconds
23.593: [GC [PSYoungGen: 7358K->704K(7680K)] 20800K->14222K(25088K), 0.0003870 secs] [Times: user=0.00 sys=0.00, real=0.00 secs] 
23.593: Total time for which application threads were stopped: 0.0004940 seconds, Stopping threads took: 0.0000560 seconds
23.624: Application time: 0.0310420 seconds
23.624: [GC [PSYoungGen: 7358K->672K(7680K)] 20877K->14190K(25088K), 0.0004360 secs] [Times: user=0.00 sys=0.00, real=0.00 secs] 
23.625: Total time for which application threads were stopped: 0.0005500 seconds, Stopping threads took: 0.0000630 seconds
23.655: Application time: 0.0298440 seconds
23.655: [GC [PSYoungGen: 7326K->608K(7680K)] 20845K->14126K(25088K), 0.0004470 secs] [Times: user=0.00 sys=0.00, real=0.00 secs] 
23.655: Total time for which application threads were stopped: 0.0005580 seconds, Stopping threads took: 0.0000620 seconds
23.685: Application time: 0.0297460 seconds
23.685: [GC [PSYoungGen: 7262K->0K(7680K)] 20781K->14252K(25088K), 0.0004210 secs] [Times: user=0.00 sys=0.00, real=0.00 secs] 
23.686: Total time for which application threads were stopped: 0.0005240 seconds, Stopping threads took: 0.0000550 seconds
23.716: Application time: 0.0300240 seconds
23.716: [GC [PSYoungGen: 6654K->0K(7680K)] 20906K->14252K(25088K), 0.0003410 secs] [Times: user=0.00 sys=0.00, real=0.00 secs] 
23.716: Total time for which application threads were stopped: 0.0004470 seconds, Stopping threads took: 0.0000590 seconds
23.746: Application time: 0.0300080 seconds
23.746: [GC [PSYoungGen: 6654K->0K(7680K)] 20906K->14252K(25088K), 0.0003460 secs] [Times: user=0.00 sys=0.00, real=0.00 secs] 
23.747: Total time for which application threads were stopped: 0.0004400 seconds, Stopping threads took: 0.0000460 seconds
23.777: Application time: 0.0304960 seconds
23.777: [GC [PSYoungGen: 6654K->0K(7680K)] 20906K->14252K(25088K), 0.0003520 secs] [Times: user=0.01 sys=0.00, real=0.00 secs] 
23.777: Total time for which application threads were stopped: 0.0004630 seconds, Stopping threads took: 0.0000450 seconds
23.807: Application time: 0.0299450 seconds
23.807: [GC [PSYoungGen: 6654K->0K(7680K)] 20906K->14252K(25088K), 0.0003090 secs] [Times: user=0.00 sys=0.00, real=0.00 secs] 
23.808: Total time for which application threads were stopped: 0.0004050 seconds, Stopping threads took: 0.0000510 seconds
23.838: Application time: 0.0300260 seconds
23.838: [GC [PSYoungGen: 6652K->0K(7680K)] 20904K->14252K(25088K), 0.0002990 secs] [Times: user=0.00 sys=0.00, real=0.00 secs] 
23.838: Total time for which application threads were stopped: 0.0003960 seconds, Stopping threads took: 0.0000490 seconds
23.868: Application time: 0.0299130 seconds
23.868: [GC [PSYoungGen: 6654K->0K(7680K)] 20906K->14252K(25088K), 0.0002990 secs] [Times: user=0.00 sys=0.00, real=0.00 secs] 
23.869: Total time for which application threads were stopped: 0.0003890 seconds, Stopping threads took: 0.0000410 seconds
23.896: Application time: 0.0276090 seconds
23.899: [GC [PSYoungGen: 6654K->352K(7680K)] 20906K->14604K(25088K), 0.0003450 secs] [Times: user=0.00 sys=0.00, real=0.00 secs] 
23.900: Total time for which application threads were stopped: 0.0033650 seconds, Stopping threads took: 0.0029690 seconds
23.920: Application time: 0.0207470 seconds
23.920: [GC [PSYoungGen: 7004K->352K(7680K)] 21257K->14604K(25088K), 0.0003650 secs] [Times: user=0.00 sys=0.00, real=0.00 secs] 
23.921: Total time for which application threads were stopped: 0.0004720 seconds, Stopping threads took: 0.0000550 seconds
23.942: Application time: 0.0209380 seconds
23.942: [GC [PSYoungGen: 7005K->384K(7680K)] 21258K->14636K(25088K), 0.0003300 secs] [Times: user=0.00 sys=0.00, real=0.00 secs] 
23.942: Total time for which application threads were stopped: 0.0004320 seconds, Stopping threads took: 0.0000560 seconds
23.971: Application time: 0.0292190 seconds
23.971: [GC [PSYoungGen: 7036K->352K(7680K)] 21288K->14604K(25088K), 0.0003390 secs] [Times: user=0.00 sys=0.00, real=0.00 secs] 
23.972: Total time for which application threads were stopped: 0.0004440 seconds, Stopping threads took: 0.0000570 seconds
23.993: Application time: 0.0209460 seconds
23.993: [GC [PSYoungGen: 7007K->576K(7680K)] 21259K->14828K(25088K), 0.0003440 secs] [Times: user=0.01 sys=0.00, real=0.00 secs] 
23.993: Total time for which application threads were stopped: 0.0004350 seconds, Stopping threads took: 0.0000430 seconds
24.014: Application time: 0.0206530 seconds
24.014: [GC [PSYoungGen: 7230K->544K(7680K)] 21482K->14796K(25088K), 0.0003700 secs] [Times: user=0.00 sys=0.00, real=0.00 secs] 
24.014: Total time for which application threads were stopped: 0.0004690 seconds, Stopping threads took: 0.0000490 seconds
24.040: Application time: 0.0260310 seconds
24.040: [GC [PSYoungGen: 7195K->576K(7680K)] 21448K->14828K(25088K), 0.0003570 secs] [Times: user=0.00 sys=0.00, real=0.00 secs] 
24.041: Total time for which application threads were stopped: 0.0004510 seconds, Stopping threads took: 0.0000360 seconds
24.070: Application time: 0.0293300 seconds
24.070: [GC [PSYoungGen: 7228K->480K(7680K)] 21480K->14732K(25088K), 0.0003720 secs] [Times: user=0.00 sys=0.00, real=0.00 secs] 
24.071: Total time for which application threads were stopped: 0.0004710 seconds, Stopping threads took: 0.0000510 seconds
24.099: Application time: 0.0286820 seconds
24.099: [GC [PSYoungGen: 7132K->544K(7680K)] 21384K->14796K(25088K), 0.0003640 secs] [Times: user=0.00 sys=0.00, real=0.00 secs] 
24.100: Total time for which application threads were stopped: 0.0004640 seconds, Stopping threads took: 0.0000510 seconds
24.129: Application time: 0.0297170 seconds
24.130: [GC [PSYoungGen: 7198K->512K(7680K)] 21451K->14764K(25088K), 0.0003760 secs] [Times: user=0.00 sys=0.00, real=0.00 secs] 
24.130: Total time for which application threads were stopped: 0.0004890 seconds, Stopping threads took: 0.0000610 seconds
24.161: Application time: 0.0308410 seconds
24.161: [GC [PSYoungGen: 7164K->512K(7680K)] 21416K->14764K(25088K), 0.0003820 secs] [Times: user=0.01 sys=0.00, real=0.00 secs] 
24.161: Total time for which application threads were stopped: 0.0004780 seconds, Stopping threads took: 0.0000440 seconds
24.191: Application time: 0.0298120 seconds
24.191: [GC [PSYoungGen: 7166K->448K(7680K)] 21419K->14700K(25088K), 0.0004930 secs] [Times: user=0.00 sys=0.00, real=0.00 secs] 
24.192: Total time for which application threads were stopped: 0.0005970 seconds, Stopping threads took: 0.0000530 seconds
24.221: Application time: 0.0296070 seconds
24.221: [GC [PSYoungGen: 7102K->512K(7680K)] 21355K->14764K(25088K), 0.0003540 secs] [Times: user=0.00 sys=0.00, real=0.00 secs] 
24.222: Total time for which application threads were stopped: 0.0004580 seconds, Stopping threads took: 0.0000550 seconds
24.251: Application time: 0.0297400 seconds
24.252: [GC [PSYoungGen: 7166K->640K(7680K)] 21419K->14892K(25088K), 0.0004020 secs] [Times: user=0.00 sys=0.00, real=0.00 secs] 
24.252: Total time for which application threads were stopped: 0.0004990 seconds, Stopping threads took: 0.0000490 seconds
24.282: Application time: 0.0297000 seconds
24.282: [GC [PSYoungGen: 7294K->448K(7680K)] 21547K->14700K(25088K), 0.0003830 secs] [Times: user=0.01 sys=0.00, real=0.00 secs] 
24.282: Total time for which application threads were stopped: 0.0004870 seconds, Stopping threads took: 0.0000560 seconds
24.302: Application time: 0.0201780 seconds
24.302: [GC [PSYoungGen: 7100K->704K(7680K)] 21352K->14956K(25088K), 0.0003780 secs] [Times: user=0.00 sys=0.00, real=0.00 secs] 
24.303: Total time for which application threads were stopped: 0.0004770 seconds, Stopping threads took: 0.0000510 seconds
24.324: Application time: 0.0212130 seconds
24.327: [GC [PSYoungGen: 7317K->608K(7680K)] 21569K->14860K(25088K), 0.0003830 secs] [Times: user=0.00 sys=0.00, real=0.00 secs] 
24.328: Total time for which application threads were stopped: 0.0034860 seconds, Stopping threads took: 0.0030520 seconds
24.353: Application time: 0.0256830 seconds
24.353: [GC [PSYoungGen: 7261K->736K(7680K)] 21514K->14988K(25088K), 0.0004290 secs] [Times: user=0.00 sys=0.00, real=0.00 secs] 
24.354: Total time for which application threads were stopped: 0.0005190 seconds, Stopping threads took: 0.0000410 seconds
24.376: Application time: 0.0226190 seconds
24.376: [GC [PSYoungGen: 7391K->992K(7680K)] 21643K->15252K(25088K), 0.0004410 secs] [Times: user=0.00 sys=0.00, real=0.00 secs] 
24.377: Total time for which application threads were stopped: 0.0005530 seconds, Stopping threads took: 0.0000600 seconds
24.397: Application time: 0.0205580 seconds
24.398: [GC [PSYoungGen: 7574K->896K(7680K)] 21834K->15156K(25088K), 0.0004140 secs] [Times: user=0.01 sys=0.00, real=0.00 secs] 
24.398: Total time for which application threads were stopped: 0.0005230 seconds, Stopping threads took: 0.0000600 seconds
24.422: Application time: 0.0235800 seconds
24.422: [GC [PSYoungGen: 7551K->992K(7680K)] 21811K->15260K(25088K), 0.0004460 secs] [Times: user=0.00 sys=0.00, real=0.00 secs] 
24.422: Total time for which application threads were stopped: 0.0005410 seconds, Stopping threads took: 0.0000430 seconds
24.442: Application time: 0.0199910 seconds
24.442: [GC [PSYoungGen: 7646K->992K(7680K)] 21915K->15468K(25088K), 0.0004950 secs] [Times: user=0.00 sys=0.00, real=0.00 secs] 
24.443: Total time for which application threads were stopped: 0.0005930 seconds, Stopping threads took: 0.0000470 seconds
24.464: Application time: 0.0212340 seconds
24.464: [GC [PSYoungGen: 7643K->1008K(7680K)] 22120K->15488K(25088K), 0.0005080 secs] [Times: user=0.00 sys=0.00, real=0.00 secs] 
24.465: Total time for which application threads were stopped: 0.0006100 seconds, Stopping threads took: 0.0000530 seconds
24.488: Application time: 0.0238790 seconds
24.489: [GC [PSYoungGen: 7664K->992K(7680K)] 22144K->15664K(25088K), 0.0004870 secs] [Times: user=0.00 sys=0.00, real=0.00 secs] 
24.489: Total time for which application threads were stopped: 0.0005870 seconds, Stopping threads took: 0.0000500 seconds
24.518: Application time: 0.0290450 seconds
24.518: [GC [PSYoungGen: 7644K->1008K(7680K)] 22316K->15688K(25088K), 0.0005430 secs] [Times: user=0.00 sys=0.00, real=0.00 secs] 
24.519: Total time for which application threads were stopped: 0.0006520 seconds, Stopping threads took: 0.0000550 seconds
24.543: Application time: 0.0246630 seconds
24.543: [GC [PSYoungGen: 7662K->992K(7680K)] 22342K->16016K(25088K), 0.0006040 secs] [Times: user=0.00 sys=0.00, real=0.00 secs] 
24.544: Total time for which application threads were stopped: 0.0007230 seconds, Stopping threads took: 0.0000610 seconds
24.558: Application time: 0.0142180 seconds
24.558: [GC [PSYoungGen: 7647K->1008K(7680K)] 22671K->16501K(25088K), 0.0005600 secs] [Times: user=0.00 sys=0.00, real=0.00 secs] 
24.559: Total time for which application threads were stopped: 0.0006550 seconds, Stopping threads took: 0.0000430 seconds
24.572: Application time: 0.0132270 seconds
24.572: [GC [PSYoungGen: 7659K->992K(7680K)] 23153K->16765K(25088K), 0.0005010 secs] [Times: user=0.00 sys=0.00, real=0.00 secs] 
24.573: Total time for which application threads were stopped: 0.0006120 seconds, Stopping threads took: 0.0000570 seconds
24.586: Application time: 0.0131590 seconds
24.586: [GC [PSYoungGen: 7565K->992K(7680K)] 23338K->16789K(25088K), 0.0004680 secs] [Times: user=0.01 sys=0.00, real=0.00 secs] 
24.587: Total time for which application threads were stopped: 0.0005730 seconds, Stopping threads took: 0.0000560 seconds
24.606: Application time: 0.0194880 seconds
24.606: [GC [PSYoungGen: 7643K->1008K(7680K)] 23441K->17099K(25088K), 0.0005440 secs] [Times: user=0.01 sys=0.00, real=0.00 secs] 
24.607: Total time for which application threads were stopped: 0.0006450 seconds, Stopping threads took: 0.0000510 seconds
24.634: Application time: 0.0277860 seconds
24.635: [GC [PSYoungGen: 7659K->1008K(7680K)] 23751K->17227K(25088K), 0.0005460 secs] [Times: user=0.00 sys=0.00, real=0.00 secs] 
24.635: Total time for which application threads were stopped: 0.0006620 seconds, Stopping threads took: 0.0000660 seconds
24.662: Application time: 0.0268540 seconds
24.662: [GC [PSYoungGen: 7662K->1008K(7680K)] 23881K->17379K(25088K), 0.0004750 secs] [Times: user=0.00 sys=0.00, real=0.00 secs] 
24.663: Total time for which application threads were stopped: 0.0005810 seconds, Stopping threads took: 0.0000560 seconds
24.690: Application time: 0.0277940 seconds
24.690: [GC [PSYoungGen: 7662K->1008K(7680K)] 24033K->17463K(25088K), 0.0004720 secs] [Times: user=0.00 sys=0.00, real=0.00 secs] 
24.691: Total time for which application threads were stopped: 0.0005820 seconds, Stopping threads took: 0.0000600 seconds
24.720: Application time: 0.0286770 seconds
24.720: [GC [PSYoungGen: 7662K->944K(7680K)] 24118K->17423K(25088K), 0.0005390 secs] [Times: user=0.00 sys=0.00, real=0.00 secs] 
24.721: Total time for which application threads were stopped: 0.0016730 seconds, Stopping threads took: 0.0000590 seconds
24.749: Application time: 0.0273450 seconds
24.750: [GC [PSYoungGen: 7597K->1008K(7680K)] 24077K->17655K(25088K), 0.0006400 secs] [Times: user=0.00 sys=0.00, real=0.00 secs] 
24.751: Total time for which application threads were stopped: 0.0020210 seconds, Stopping threads took: 0.0013100 seconds
24.780: Application time: 0.0289570 seconds
24.780: [GC [PSYoungGen: 7662K->1008K(7680K)] 24310K->17671K(25088K), 0.0004960 secs] [Times: user=0.00 sys=0.00, real=0.00 secs] 
24.780: Total time for which application threads were stopped: 0.0006190 seconds, Stopping threads took: 0.0000700 seconds
24.808: Application time: 0.0282310 seconds
24.811: [GC [PSYoungGen: 7661K->992K(7680K)] 24325K->17748K(25088K), 0.0005200 secs] [Times: user=0.01 sys=0.00, real=0.00 secs] 
24.812: Total time for which application threads were stopped: 0.0031770 seconds, Stopping threads took: 0.0026050 seconds
24.840: Application time: 0.0285750 seconds
24.840: [GC [PSYoungGen: 7646K->1008K(7680K)] 24402K->18036K(25088K), 0.0005150 secs] [Times: user=0.00 sys=0.00, real=0.00 secs] 
24.841: [Full GC [PSYoungGen: 1008K->0K(7680K)] [ParOldGen: 17028K->4034K(17408K)] 18036K->4034K(25088K) [PSPermGen: 5537K->5537K(21504K)], 0.0066940 secs] [Times: user=0.03 sys=0.00, real=0.00 secs] 
24.848: Total time for which application threads were stopped: 0.0073680 seconds, Stopping threads took: 0.0000540 seconds
24.876: Application time: 0.0284580 seconds
24.876: [GC [PSYoungGen: 6652K->352K(7680K)] 10686K->4386K(25088K), 0.0003710 secs] [Times: user=0.00 sys=0.00, real=0.00 secs] 
24.877: Total time for which application threads were stopped: 0.0004810 seconds, Stopping threads took: 0.0000590 seconds
24.905: Application time: 0.0286770 seconds
24.905: [GC [PSYoungGen: 7004K->384K(7680K)] 11038K->4418K(25088K), 0.0003280 secs] [Times: user=0.00 sys=0.00, real=0.00 secs] 
24.906: Total time for which application threads were stopped: 0.0004610 seconds, Stopping threads took: 0.0000820 seconds
24.935: Application time: 0.0292890 seconds
24.939: [GC [PSYoungGen: 7038K->352K(7680K)] 11073K->4386K(25088K), 0.0003390 secs] [Times: user=0.00 sys=0.00, real=0.00 secs] 
24.939: Total time for which application threads were stopped: 0.0044950 seconds, Stopping threads took: 0.0041050 seconds
24.969: Application time: 0.0292230 seconds
24.969: [GC [PSYoungGen: 7006K->352K(7680K)] 11041K->4386K(25088K), 0.0003230 secs] [Times: user=0.00 sys=0.00, real=0.00 secs] 
24.969: Total time for which application threads were stopped: 0.0004360 seconds, Stopping threads took: 0.0000650 seconds
24.997: Application time: 0.0274770 seconds
24.997: [GC [PSYoungGen: 7006K->704K(7680K)] 11040K->4738K(25088K), 0.0003590 secs] [Times: user=0.01 sys=0.00, real=0.00 secs] 
24.997: Total time for which application threads were stopped: 0.0004510 seconds, Stopping threads took: 0.0000440 seconds
25.023: Application time: 0.0261780 seconds
25.023: [GC [PSYoungGen: 7356K->928K(7680K)] 11390K->4962K(25088K), 0.0004510 secs] [Times: user=0.00 sys=0.00, real=0.00 secs] 
25.024: Total time for which application threads were stopped: 0.0005350 seconds, Stopping threads took: 0.0000360 seconds
25.054: Application time: 0.0303040 seconds
25.054: [GC [PSYoungGen: 7582K->992K(7680K)] 11617K->5170K(25088K), 0.0004390 secs] [Times: user=0.00 sys=0.00, real=0.00 secs] 
25.055: Total time for which application threads were stopped: 0.0005540 seconds, Stopping threads took: 0.0000540 seconds
25.084: Application time: 0.0297930 seconds
25.085: [GC [PSYoungGen: 7646K->768K(7680K)] 11825K->4946K(25088K), 0.0004110 secs] [Times: user=0.00 sys=0.00, real=0.00 secs] 
25.085: Total time for which application threads were stopped: 0.0005130 seconds, Stopping threads took: 0.0000510 seconds
25.115: Application time: 0.0301920 seconds
25.119: [GC [PSYoungGen: 7422K->736K(7680K)] 11601K->4914K(25088K), 0.0004120 secs] [Times: user=0.00 sys=0.00, real=0.00 secs] 
25.119: Total time for which application threads were stopped: 0.0037980 seconds, Stopping threads took: 0.0033260 seconds
25.149: Application time: 0.0299900 seconds
25.149: [GC [PSYoungGen: 7390K->800K(7680K)] 11569K->4978K(25088K), 0.0003770 secs] [Times: user=0.00 sys=0.00, real=0.00 secs] 
25.149: Total time for which application threads were stopped: 0.0004610 seconds, Stopping threads took: 0.0000350 seconds
25.179: Application time: 0.0298840 seconds
25.179: [GC [PSYoungGen: 7454K->768K(7680K)] 11633K->4946K(25088K), 0.0003720 secs] [Times: user=0.00 sys=0.00, real=0.00 secs] 
25.180: Total time for which application threads were stopped: 0.0004660 seconds, Stopping threads took: 0.0000440 seconds
25.209: Application time: 0.0296920 seconds
25.211: [GC [PSYoungGen: 7422K->768K(7680K)] 11601K->4946K(25088K), 0.0003710 secs] [Times: user=0.00 sys=0.00, real=0.00 secs] 
25.212: Total time for which application threads were stopped: 0.0020570 seconds, Stopping threads took: 0.0016360 seconds
25.241: Application time: 0.0297000 seconds
25.241: [GC [PSYoungGen: 7422K->736K(7680K)] 11601K->4914K(25088K), 0.0003760 secs] [Times: user=0.00 sys=0.00, real=0.00 secs] 
25.242: Total time for which application threads were stopped: 0.0004830 seconds, Stopping threads took: 0.0000570 seconds
25.272: Application time: 0.0298580 seconds
25.272: [GC [PSYoungGen: 7390K->800K(7680K)] 11569K->4978K(25088K), 0.0003840 secs] [Times: user=0.00 sys=0.00, real=0.00 secs] 
25.272: Total time for which application threads were stopped: 0.0004900 seconds, Stopping threads took: 0.0000560 seconds
25.302: Application time: 0.0299000 seconds
25.302: [GC [PSYoungGen: 7454K->704K(7680K)] 11633K->4882K(25088K), 0.0004050 secs] [Times: user=0.00 sys=0.00, real=0.00 secs] 
25.302: Total time for which application threads were stopped: 0.0004950 seconds, Stopping threads took: 0.0000420 seconds
25.332: Application time: 0.0297840 seconds
25.332: [GC [PSYoungGen: 7358K->736K(7680K)] 11537K->4914K(25088K), 0.0004090 secs] [Times: user=0.00 sys=0.00, real=0.00 secs] 
25.333: Total time for which application threads were stopped: 0.0005140 seconds, Stopping threads took: 0.0000560 seconds
25.362: Application time: 0.0296650 seconds
25.363: [GC [PSYoungGen: 7390K->704K(7680K)] 11569K->4970K(25088K), 0.0003910 secs] [Times: user=0.00 sys=0.00, real=0.00 secs] 
25.364: Total time for which application threads were stopped: 0.0011210 seconds, Stopping threads took: 0.0006850 seconds
25.394: Application time: 0.0299950 seconds
25.394: [GC [PSYoungGen: 7358K->672K(7680K)] 11625K->4938K(25088K), 0.0003570 secs] [Times: user=0.00 sys=0.00, real=0.00 secs] 
25.394: Total time for which application threads were stopped: 0.0004490 seconds, Stopping threads took: 0.0000440 seconds
25.424: Application time: 0.0301550 seconds
25.424: [GC [PSYoungGen: 7324K->704K(7680K)] 11590K->4970K(25088K), 0.0004150 secs] [Times: user=0.01 sys=0.00, real=0.00 secs] 
25.425: Total time for which application threads were stopped: 0.0005150 seconds, Stopping threads took: 0.0000520 seconds
25.454: Application time: 0.0297880 seconds
25.455: [GC [PSYoungGen: 7358K->736K(7680K)] 11625K->5002K(25088K), 0.0003330 secs] [Times: user=0.01 sys=0.00, real=0.00 secs] 
25.455: Total time for which application threads were stopped: 0.0004430 seconds, Stopping threads took: 0.0000600 seconds
25.485: Application time: 0.0300400 seconds
25.485: [GC [PSYoungGen: 7390K->0K(7680K)] 11657K->5003K(25088K), 0.0004060 secs] [Times: user=0.00 sys=0.00, real=0.00 secs] 
25.485: Total time for which application threads were stopped: 0.0005110 seconds, Stopping threads took: 0.0000570 seconds
25.515: Application time: 0.0299460 seconds
25.515: [GC [PSYoungGen: 6654K->0K(7680K)] 11658K->5003K(25088K), 0.0003300 secs] [Times: user=0.00 sys=0.00, real=0.00 secs] 
25.516: Total time for which application threads were stopped: 0.0004380 seconds, Stopping threads took: 0.0000610 seconds
25.546: Application time: 0.0300720 seconds
25.546: [GC [PSYoungGen: 6654K->0K(7680K)] 11658K->5003K(25088K), 0.0003320 secs] [Times: user=0.00 sys=0.00, real=0.00 secs] 
25.546: Total time for which application threads were stopped: 0.0004270 seconds, Stopping threads took: 0.0000520 seconds
25.576: Application time: 0.0298850 seconds
25.576: [GC [PSYoungGen: 6654K->0K(7680K)] 11658K->5003K(25088K), 0.0003280 secs] [Times: user=0.00 sys=0.00, real=0.00 secs] 
25.577: Total time for which application threads were stopped: 0.0004500 seconds, Stopping threads took: 0.0000630 seconds
25.606: Application time: 0.0297800 seconds
25.607: [GC [PSYoungGen: 6654K->0K(7680K)] 11658K->5003K(25088K), 0.0002840 secs] [Times: user=0.00 sys=0.00, real=0.00 secs] 
25.607: Total time for which application threads were stopped: 0.0003940 seconds, Stopping threads took: 0.0000640 seconds
25.637: Application time: 0.0297780 seconds
25.637: [GC [PSYoungGen: 6654K->0K(7680K)] 11658K->5003K(25088K), 0.0002930 secs] [Times: user=0.01 sys=0.00, real=0.00 secs] 
25.637: Total time for which application threads were stopped: 0.0004020 seconds, Stopping threads took: 0.0000610 seconds
25.661: Application time: 0.0238350 seconds
25.661: [GC [PSYoungGen: 6654K->416K(7680K)] 11658K->5419K(25088K), 0.0003480 secs] [Times: user=0.00 sys=0.00, real=0.00 secs] 
25.661: Total time for which application threads were stopped: 0.0004620 seconds, Stopping threads took: 0.0000630 seconds
25.683: Application time: 0.0213950 seconds
25.683: [GC [PSYoungGen: 7069K->352K(7680K)] 12073K->5355K(25088K), 0.0003120 secs] [Times: user=0.00 sys=0.00, real=0.00 secs] 
25.683: Total time for which application threads were stopped: 0.0004150 seconds, Stopping threads took: 0.0000550 seconds
25.708: Application time: 0.0251560 seconds
25.708: [GC [PSYoungGen: 7006K->320K(7680K)] 12009K->5323K(25088K), 0.0003550 secs] [Times: user=0.00 sys=0.00, real=0.00 secs] 
25.709: Total time for which application threads were stopped: 0.0004490 seconds, Stopping threads took: 0.0000450 seconds
25.738: Application time: 0.0292460 seconds
25.738: [GC [PSYoungGen: 6972K->288K(7680K)] 11975K->5291K(25088K), 0.0003640 secs] [Times: user=0.00 sys=0.00, real=0.00 secs] 
25.738: Total time for which application threads were stopped: 0.0004520 seconds, Stopping threads took: 0.0000420 seconds
25.764: Application time: 0.0252700 seconds
25.764: [GC [PSYoungGen: 6943K->576K(7680K)] 11947K->5579K(25088K), 0.0003530 secs] [Times: user=0.00 sys=0.00, real=0.00 secs] 
25.764: Total time for which application threads were stopped: 0.0004660 seconds, Stopping threads took: 0.0000580 seconds
25.785: Application time: 0.0207020 seconds
25.785: [GC [PSYoungGen: 7231K->640K(7680K)] 12234K->5643K(25088K), 0.0003570 secs] [Times: user=0.00 sys=0.00, real=0.00 secs] 
25.785: Total time for which application threads were stopped: 0.0004620 seconds, Stopping threads took: 0.0000580 seconds
25.808: Application time: 0.0221340 seconds
25.808: [GC [PSYoungGen: 7293K->480K(7680K)] 12297K->5483K(25088K), 0.0003610 secs] [Times: user=0.00 sys=0.00, real=0.00 secs] 
25.808: Total time for which application threads were stopped: 0.0004580 seconds, Stopping threads took: 0.0000500 seconds
25.837: Application time: 0.0292500 seconds
25.837: [GC [PSYoungGen: 7132K->544K(7680K)] 12135K->5547K(25088K), 0.0003560 secs] [Times: user=0.00 sys=0.00, real=0.00 secs] 
25.838: Total time for which application threads were stopped: 0.0004460 seconds, Stopping threads took: 0.0000400 seconds
25.867: Application time: 0.0292100 seconds
25.867: [GC [PSYoungGen: 7196K->480K(7680K)] 12199K->5483K(25088K), 0.0003290 secs] [Times: user=0.00 sys=0.00, real=0.00 secs] 
25.867: Total time for which application threads were stopped: 0.0004170 seconds, Stopping threads took: 0.0000420 seconds
25.896: Application time: 0.0286420 seconds
25.896: [GC [PSYoungGen: 7133K->544K(7680K)] 12137K->5547K(25088K), 0.0003630 secs] [Times: user=0.00 sys=0.00, real=0.00 secs] 
25.896: Total time for which application threads were stopped: 0.0004580 seconds, Stopping threads took: 0.0000480 seconds
25.926: Application time: 0.0296440 seconds
25.926: [GC [PSYoungGen: 7198K->512K(7680K)] 12202K->5515K(25088K), 0.0003370 secs] [Times: user=0.00 sys=0.00, real=0.00 secs] 
25.926: Total time for which application threads were stopped: 0.0004380 seconds, Stopping threads took: 0.0000540 seconds
25.956: Application time: 0.0295170 seconds
25.956: [GC [PSYoungGen: 7166K->480K(7680K)] 12170K->5483K(25088K), 0.0004040 secs] [Times: user=0.00 sys=0.00, real=0.00 secs] 
25.957: Total time for which application threads were stopped: 0.0005070 seconds, Stopping threads took: 0.0000550 seconds
25.986: Application time: 0.0295660 seconds
25.986: [GC [PSYoungGen: 7134K->512K(7680K)] 12138K->5515K(25088K), 0.0003410 secs] [Times: user=0.00 sys=0.00, real=0.00 secs] 
25.987: Total time for which application threads were stopped: 0.0004300 seconds, Stopping threads took: 0.0000390 seconds
26.016: Application time: 0.0294770 seconds
26.016: [GC [PSYoungGen: 7166K->544K(7680K)] 12170K->5547K(25088K), 0.0003380 secs] [Times: user=0.00 sys=0.00, real=0.00 secs] 
26.016: Total time for which application threads were stopped: 0.0004400 seconds, Stopping threads took: 0.0000540 seconds
26.045: Application time: 0.0281430 seconds
26.045: [GC [PSYoungGen: 7198K->640K(7680K)] 12202K->5643K(25088K), 0.0003670 secs] [Times: user=0.00 sys=0.00, real=0.00 secs] 
26.045: Total time for which application threads were stopped: 0.0004570 seconds, Stopping threads took: 0.0000360 seconds
26.066: Application time: 0.0207870 seconds
26.066: [GC [PSYoungGen: 7294K->736K(7680K)] 12298K->5739K(25088K), 0.0003570 secs] [Times: user=0.00 sys=0.00, real=0.00 secs] 
26.066: Total time for which application threads were stopped: 0.0004500 seconds, Stopping threads took: 0.0000410 seconds
26.087: Application time: 0.0207300 seconds
26.087: [GC [PSYoungGen: 7390K->544K(7680K)] 12393K->5547K(25088K), 0.0003430 secs] [Times: user=0.00 sys=0.00, real=0.00 secs] 
26.087: Total time for which application threads were stopped: 0.0004580 seconds, Stopping threads took: 0.0000530 seconds
26.114: Application time: 0.0264620 seconds
26.114: [GC [PSYoungGen: 7198K->768K(7680K)] 12202K->5771K(25088K), 0.0003790 secs] [Times: user=0.00 sys=0.00, real=0.00 secs] 
26.114: Total time for which application threads were stopped: 0.0004970 seconds, Stopping threads took: 0.0000660 seconds
26.137: Application time: 0.0226640 seconds
26.137: [GC [PSYoungGen: 7423K->960K(7680K)] 12426K->5963K(25088K), 0.0004580 secs] [Times: user=0.00 sys=0.00, real=0.00 secs] 
26.138: Total time for which application threads were stopped: 0.0005620 seconds, Stopping threads took: 0.0000540 seconds
26.158: Application time: 0.0204390 seconds
26.158: [GC [PSYoungGen: 7614K->960K(7680K)] 12618K->5963K(25088K), 0.0004780 secs] [Times: user=0.00 sys=0.00, real=0.00 secs] 
26.159: Total time for which application threads were stopped: 0.0005610 seconds, Stopping threads took: 0.0000350 seconds
26.183: Application time: 0.0239470 seconds
26.187: [GC [PSYoungGen: 7614K->992K(7680K)] 12617K->6011K(25088K), 0.0004520 secs] [Times: user=0.00 sys=0.00, real=0.00 secs] 
26.188: Total time for which application threads were stopped: 0.0050230 seconds, Stopping threads took: 0.0045230 seconds
26.209: Application time: 0.0217190 seconds
26.209: [GC [PSYoungGen: 7646K->992K(7680K)] 12666K->6187K(25088K), 0.0004690 secs] [Times: user=0.00 sys=0.00, real=0.00 secs] 
26.210: Total time for which application threads were stopped: 0.0005770 seconds, Stopping threads took: 0.0000580 seconds
26.231: Application time: 0.0215680 seconds
26.232: [GC [PSYoungGen: 7647K->928K(7680K)] 12843K->6251K(25088K), 0.0004730 secs] [Times: user=0.00 sys=0.00, real=0.00 secs] 
26.232: Total time for which application threads were stopped: 0.0005620 seconds, Stopping threads took: 0.0000380 seconds
26.255: Application time: 0.0229090 seconds
26.255: [GC [PSYoungGen: 7583K->992K(7680K)] 12906K->6355K(25088K), 0.0005060 secs] [Times: user=0.00 sys=0.00, real=0.00 secs] 
26.256: Total time for which application threads were stopped: 0.0006080 seconds, Stopping threads took: 0.0000510 seconds
26.286: Application time: 0.0306660 seconds
26.286: [GC [PSYoungGen: 7643K->1008K(7680K)] 13007K->6395K(25088K), 0.0004410 secs] [Times: user=0.01 sys=0.00, real=0.00 secs] 
26.287: Total time for which application threads were stopped: 0.0005340 seconds, Stopping threads took: 0.0000440 seconds
26.313: Application time: 0.0262320 seconds
26.313: [GC [PSYoungGen: 7659K->1008K(7680K)] 13047K->6608K(25088K), 0.0004830 secs] [Times: user=0.00 sys=0.00, real=0.00 secs] 
26.314: Total time for which application threads were stopped: 0.0005930 seconds, Stopping threads took: 0.0000580 seconds
26.334: Application time: 0.0204820 seconds
26.334: [GC [PSYoungGen: 7663K->992K(7680K)] 13263K->6792K(25088K), 0.0005380 secs] [Times: user=0.00 sys=0.00, real=0.00 secs] 
26.335: Total time for which application threads were stopped: 0.0006330 seconds, Stopping threads took: 0.0000450 seconds
26.350: Application time: 0.0153740 seconds
26.350: [GC [PSYoungGen: 7646K->992K(7680K)] 13447K->7240K(25088K), 0.0005380 secs] [Times: user=0.00 sys=0.00, real=0.00 secs] 
26.351: Total time for which application threads were stopped: 0.0006330 seconds, Stopping threads took: 0.0000410 seconds
26.365: Application time: 0.0143330 seconds
26.365: [GC [PSYoungGen: 7646K->992K(7680K)] 13895K->7436K(25088K), 0.0005410 secs] [Times: user=0.01 sys=0.00, real=0.00 secs] 
26.366: Total time for which application threads were stopped: 0.0006670 seconds, Stopping threads took: 0.0000650 seconds
26.382: Application time: 0.0164970 seconds
26.382: [GC [PSYoungGen: 7646K->992K(7680K)] 14091K->7436K(25088K), 0.0004330 secs] [Times: user=0.00 sys=0.00, real=0.00 secs] 
26.383: Total time for which application threads were stopped: 0.0005530 seconds, Stopping threads took: 0.0000670 seconds
26.404: Application time: 0.0210520 seconds
26.404: [GC [PSYoungGen: 7645K->992K(7680K)] 14090K->7624K(25088K), 0.0004280 secs] [Times: user=0.00 sys=0.00, real=0.00 secs] 
26.404: Total time for which application threads were stopped: 0.0005140 seconds, Stopping threads took: 0.0000360 seconds
26.432: Application time: 0.0275070 seconds
26.432: [GC [PSYoungGen: 7645K->992K(7680K)] 14278K->7669K(25088K), 0.0004530 secs] [Times: user=0.00 sys=0.00, real=0.00 secs] 
26.432: Total time for which application threads were stopped: 0.0005500 seconds, Stopping threads took: 0.0000450 seconds
26.460: Application time: 0.0280750 seconds
26.461: [GC [PSYoungGen: 7646K->928K(7680K)] 14323K->7796K(25088K), 0.0004660 secs] [Times: user=0.01 sys=0.00, real=0.00 secs] 
26.461: Total time for which application threads were stopped: 0.0005760 seconds, Stopping threads took: 0.0000590 seconds
26.489: Application time: 0.0274980 seconds
26.489: [GC [PSYoungGen: 7583K->1008K(7680K)] 14452K->8069K(25088K), 0.0005380 secs] [Times: user=0.00 sys=0.00, real=0.00 secs] 
26.489: Total time for which application threads were stopped: 0.0006310 seconds, Stopping threads took: 0.0000410 seconds
26.517: Application time: 0.0281900 seconds
26.517: [GC [PSYoungGen: 7660K->992K(7680K)] 14721K->8149K(25088K), 0.0004410 secs] [Times: user=0.00 sys=0.00, real=0.00 secs] 
26.518: Total time for which application threads were stopped: 0.0005380 seconds, Stopping threads took: 0.0000430 seconds
26.547: Application time: 0.0291080 seconds
26.547: [GC [PSYoungGen: 7646K->992K(7680K)] 14803K->8189K(25088K), 0.0004540 secs] [Times: user=0.00 sys=0.00, real=0.00 secs] 
26.548: Total time for which application threads were stopped: 0.0006750 seconds, Stopping threads took: 0.0001730 seconds
26.576: Application time: 0.0283140 seconds
26.576: [GC [PSYoungGen: 7644K->992K(7680K)] 14841K->8389K(25088K), 0.0004940 secs] [Times: user=0.01 sys=0.00, real=0.00 secs] 
26.577: Total time for which application threads were stopped: 0.0005860 seconds, Stopping threads took: 0.0000440 seconds
26.605: Application time: 0.0286080 seconds
26.605: [GC [PSYoungGen: 7646K->1008K(7680K)] 15043K->8437K(25088K), 0.0004380 secs] [Times: user=0.00 sys=0.00, real=0.00 secs] 
26.606: Total time for which application threads were stopped: 0.0005510 seconds, Stopping threads took: 0.0000510 seconds
26.635: Application time: 0.0294940 seconds
26.635: [GC [PSYoungGen: 7662K->992K(7680K)] 15091K->8621K(25088K), 0.0004840 secs] [Times: user=0.00 sys=0.00, real=0.00 secs] 
26.636: Total time for which application threads were stopped: 0.0005930 seconds, Stopping threads took: 0.0000570 seconds
26.664: Application time: 0.0285630 seconds
26.665: [GC [PSYoungGen: 7644K->992K(7680K)] 15273K->8813K(25088K), 0.0004810 secs] [Times: user=0.00 sys=0.00, real=0.00 secs] 
26.665: Total time for which application threads were stopped: 0.0005830 seconds, Stopping threads took: 0.0000540 seconds
26.694: Application time: 0.0293360 seconds
26.694: [GC [PSYoungGen: 7646K->976K(7680K)] 15467K->8849K(25088K), 0.0004840 secs] [Times: user=0.01 sys=0.00, real=0.00 secs] 
26.695: Total time for which application threads were stopped: 0.0005830 seconds, Stopping threads took: 0.0000500 seconds
26.724: Application time: 0.0293530 seconds
26.724: [GC [PSYoungGen: 7630K->928K(7680K)] 15504K->8825K(25088K), 0.0004480 secs] [Times: user=0.00 sys=0.00, real=0.00 secs] 
26.725: Total time for which application threads were stopped: 0.0005390 seconds, Stopping threads took: 0.0000440 seconds
26.754: Application time: 0.0286980 seconds
26.754: [GC [PSYoungGen: 7582K->880K(7680K)] 15480K->8809K(25088K), 0.0004710 secs] [Times: user=0.00 sys=0.00, real=0.00 secs] 
26.754: Total time for which application threads were stopped: 0.0005650 seconds, Stopping threads took: 0.0000410 seconds
26.782: Application time: 0.0274840 seconds
26.782: [GC [PSYoungGen: 7536K->992K(7680K)] 15465K->9102K(25088K), 0.0005460 secs] [Times: user=0.00 sys=0.00, real=0.00 secs] 
26.782: Total time for which application threads were stopped: 0.0006370 seconds, Stopping threads took: 0.0000430 seconds
26.809: Application time: 0.0271930 seconds
26.810: [GC [PSYoungGen: 7644K->992K(7680K)] 15754K->9270K(25088K), 0.0004830 secs] [Times: user=0.00 sys=0.00, real=0.00 secs] 
26.810: Total time for which application threads were stopped: 0.0005750 seconds, Stopping threads took: 0.0000450 seconds
26.840: Application time: 0.0295630 seconds
26.840: [GC [PSYoungGen: 7646K->992K(7680K)] 15924K->9346K(25088K), 0.0004230 secs] [Times: user=0.00 sys=0.00, real=0.00 secs] 
26.840: Total time for which application threads were stopped: 0.0005330 seconds, Stopping threads took: 0.0000570 seconds
26.870: Application time: 0.0297570 seconds
26.870: [GC [PSYoungGen: 7646K->992K(7680K)] 16001K->9362K(25088K), 0.0004450 secs] [Times: user=0.00 sys=0.00, real=0.00 secs] 
26.870: Total time for which application threads were stopped: 0.0005420 seconds, Stopping threads took: 0.0000480 seconds
26.900: Application time: 0.0298990 seconds
26.900: [GC [PSYoungGen: 7646K->960K(7680K)] 16017K->9378K(25088K), 0.0004150 secs] [Times: user=0.00 sys=0.00, real=0.00 secs] 
26.901: Total time for which application threads were stopped: 0.0005110 seconds, Stopping threads took: 0.0000490 seconds
26.931: Application time: 0.0297390 seconds
26.931: [GC [PSYoungGen: 7614K->992K(7680K)] 16033K->9418K(25088K), 0.0003760 secs] [Times: user=0.00 sys=0.00, real=0.00 secs] 
26.931: Total time for which application threads were stopped: 0.0004690 seconds, Stopping threads took: 0.0000440 seconds
26.961: Application time: 0.0298760 seconds
26.961: [GC [PSYoungGen: 7646K->960K(7680K)] 16073K->9431K(25088K), 0.0004040 secs] [Times: user=0.00 sys=0.00, real=0.00 secs] 
26.961: Total time for which application threads were stopped: 0.0004990 seconds, Stopping threads took: 0.0000470 seconds
26.991: Application time: 0.0296790 seconds
26.991: [GC [PSYoungGen: 7614K->864K(7680K)] 16086K->9335K(25088K), 0.0004510 secs] [Times: user=0.00 sys=0.00, real=0.00 secs] 
26.992: Total time for which application threads were stopped: 0.0005360 seconds, Stopping threads took: 0.0000390 seconds
27.021: Application time: 0.0297230 seconds
27.021: [GC [PSYoungGen: 7518K->864K(7680K)] 15990K->9335K(25088K), 0.0004450 secs] [Times: user=0.00 sys=0.00, real=0.00 secs] 
27.022: Total time for which application threads were stopped: 0.0005460 seconds, Stopping threads took: 0.0000520 seconds
27.052: Application time: 0.0298040 seconds
27.052: [GC [PSYoungGen: 7518K->832K(7680K)] 15990K->9355K(25088K), 0.0004300 secs] [Times: user=0.00 sys=0.00, real=0.00 secs] 
27.052: Total time for which application threads were stopped: 0.0005360 seconds, Stopping threads took: 0.0000590 seconds
27.082: Application time: 0.0297660 seconds
27.082: [GC [PSYoungGen: 7486K->896K(7680K)] 16010K->9459K(25088K), 0.0003910 secs] [Times: user=0.00 sys=0.00, real=0.00 secs] 
27.083: Total time for which application threads were stopped: 0.0004960 seconds, Stopping threads took: 0.0000540 seconds
27.112: Application time: 0.0298690 seconds
27.112: [GC [PSYoungGen: 7550K->704K(7680K)] 16114K->9472K(25088K), 0.0003700 secs] [Times: user=0.00 sys=0.00, real=0.00 secs] 
27.113: Total time for which application threads were stopped: 0.0004810 seconds, Stopping threads took: 0.0000480 seconds
27.143: Application time: 0.0299260 seconds
27.143: [GC [PSYoungGen: 7358K->704K(7680K)] 16127K->9472K(25088K), 0.0004060 secs] [Times: user=0.00 sys=0.00, real=0.00 secs] 
27.143: Total time for which application threads were stopped: 0.0005100 seconds, Stopping threads took: 0.0000550 seconds
27.174: Application time: 0.0309520 seconds
27.174: [GC [PSYoungGen: 7358K->672K(7680K)] 16127K->9440K(25088K), 0.0004200 secs] [Times: user=0.00 sys=0.00, real=0.00 secs] 
27.175: Total time for which application threads were stopped: 0.0005310 seconds, Stopping threads took: 0.0000570 seconds
27.205: Application time: 0.0298480 seconds
27.205: [GC [PSYoungGen: 7326K->640K(7680K)] 16095K->9448K(25088K), 0.0004210 secs] [Times: user=0.00 sys=0.00, real=0.00 secs] 
27.205: Total time for which application threads were stopped: 0.0005270 seconds, Stopping threads took: 0.0000550 seconds
27.235: Application time: 0.0299510 seconds
27.235: [GC [PSYoungGen: 7294K->544K(7680K)] 16103K->9556K(25088K), 0.0003570 secs] [Times: user=0.00 sys=0.00, real=0.00 secs] 
27.236: Total time for which application threads were stopped: 0.0004390 seconds, Stopping threads took: 0.0000340 seconds
27.266: Application time: 0.0300160 seconds
27.266: [GC [PSYoungGen: 7198K->0K(7680K)] 16211K->9677K(25088K), 0.0004610 secs] [Times: user=0.00 sys=0.00, real=0.00 secs] 
27.266: Total time for which application threads were stopped: 0.0005540 seconds, Stopping threads took: 0.0000440 seconds
27.296: Application time: 0.0300380 seconds
27.296: [GC [PSYoungGen: 6654K->0K(7680K)] 16332K->9677K(25088K), 0.0003370 secs] [Times: user=0.00 sys=0.00, real=0.00 secs] 
27.297: Total time for which application threads were stopped: 0.0004310 seconds, Stopping threads took: 0.0000490 seconds
27.327: Application time: 0.0299120 seconds
27.327: [GC [PSYoungGen: 6654K->0K(7680K)] 16332K->9677K(25088K), 0.0003000 secs] [Times: user=0.00 sys=0.00, real=0.00 secs] 
27.327: Total time for which application threads were stopped: 0.0003980 seconds, Stopping threads took: 0.0000500 seconds
27.357: Application time: 0.0299860 seconds
27.357: [GC [PSYoungGen: 6654K->0K(7680K)] 16332K->9677K(25088K), 0.0002940 secs] [Times: user=0.00 sys=0.00, real=0.00 secs] 
27.357: Total time for which application threads were stopped: 0.0003810 seconds, Stopping threads took: 0.0000420 seconds
27.387: Application time: 0.0298480 seconds
27.387: [GC [PSYoungGen: 6654K->0K(7680K)] 16332K->9677K(25088K), 0.0003370 secs] [Times: user=0.00 sys=0.00, real=0.00 secs] 
27.388: Total time for which application threads were stopped: 0.0004350 seconds, Stopping threads took: 0.0000540 seconds
27.412: Application time: 0.0243600 seconds
27.412: [GC [PSYoungGen: 6616K->256K(7680K)] 16294K->9933K(25088K), 0.0003180 secs] [Times: user=0.00 sys=0.00, real=0.00 secs] 
27.412: Total time for which application threads were stopped: 0.0004120 seconds, Stopping threads took: 0.0000470 seconds
27.433: Application time: 0.0211320 seconds
27.434: [GC [PSYoungGen: 6908K->352K(7680K)] 16586K->10029K(25088K), 0.0003220 secs] [Times: user=0.00 sys=0.00, real=0.00 secs] 
27.434: Total time for which application threads were stopped: 0.0004400 seconds, Stopping threads took: 0.0000690 seconds
27.458: Application time: 0.0239980 seconds
27.458: [GC [PSYoungGen: 7006K->320K(7680K)] 16684K->9997K(25088K), 0.0003610 secs] [Times: user=0.00 sys=0.00, real=0.00 secs] 
27.458: Total time for which application threads were stopped: 0.0004610 seconds, Stopping threads took: 0.0000560 seconds
27.488: Application time: 0.0291640 seconds
27.488: [GC [PSYoungGen: 6972K->352K(7680K)] 16650K->10029K(25088K), 0.0003310 secs] [Times: user=0.00 sys=0.00, real=0.00 secs] 
27.488: Total time for which application threads were stopped: 0.0004190 seconds, Stopping threads took: 0.0000430 seconds
27.510: Application time: 0.0218980 seconds
27.510: [GC [PSYoungGen: 7004K->512K(7680K)] 16682K->10190K(25088K), 0.0003610 secs] [Times: user=0.00 sys=0.00, real=0.00 secs] 
27.510: Total time for which application threads were stopped: 0.0004710 seconds, Stopping threads took: 0.0000620 seconds
27.531: Application time: 0.0205470 seconds
27.531: [GC [PSYoungGen: 7163K->512K(7680K)] 16841K->10190K(25088K), 0.0003470 secs] [Times: user=0.01 sys=0.00, real=0.01 secs] 
27.531: Total time for which application threads were stopped: 0.0004450 seconds, Stopping threads took: 0.0000500 seconds
27.556: Application time: 0.0249730 seconds
27.556: [GC [PSYoungGen: 7166K->512K(7680K)] 16844K->10190K(25088K), 0.0004040 secs] [Times: user=0.00 sys=0.00, real=0.00 secs] 
27.557: Total time for which application threads were stopped: 0.0005070 seconds, Stopping threads took: 0.0000530 seconds
27.586: Application time: 0.0291330 seconds
27.586: [GC [PSYoungGen: 7164K->512K(7680K)] 16842K->10190K(25088K), 0.0003530 secs] [Times: user=0.00 sys=0.00, real=0.00 secs] 
27.586: Total time for which application threads were stopped: 0.0004430 seconds, Stopping threads took: 0.0000430 seconds
27.615: Application time: 0.0283580 seconds
27.615: [GC [PSYoungGen: 7165K->544K(7680K)] 16843K->10222K(25088K), 0.0003680 secs] [Times: user=0.00 sys=0.00, real=0.00 secs] 
27.615: Total time for which application threads were stopped: 0.0004850 seconds, Stopping threads took: 0.0000590 seconds
27.645: Application time: 0.0297290 seconds
27.645: [GC [PSYoungGen: 7198K->512K(7680K)] 16876K->10190K(25088K), 0.0003520 secs] [Times: user=0.00 sys=0.00, real=0.00 secs] 
27.645: Total time for which application threads were stopped: 0.0004400 seconds, Stopping threads took: 0.0000400 seconds
27.675: Application time: 0.0295650 seconds
27.675: [GC [PSYoungGen: 7166K->480K(7680K)] 16844K->10158K(25088K), 0.0003840 secs] [Times: user=0.00 sys=0.00, real=0.00 secs] 
27.675: Total time for which application threads were stopped: 0.0004800 seconds, Stopping threads took: 0.0000440 seconds
27.705: Application time: 0.0296710 seconds
27.705: [GC [PSYoungGen: 7132K->448K(7680K)] 16810K->10126K(25088K), 0.0003880 secs] [Times: user=0.00 sys=0.00, real=0.00 secs] 
27.706: Total time for which application threads were stopped: 0.0004800 seconds, Stopping threads took: 0.0000410 seconds
27.735: Application time: 0.0294240 seconds
27.735: [GC [PSYoungGen: 7102K->544K(7680K)] 16780K->10222K(25088K), 0.0003430 secs] [Times: user=0.00 sys=0.00, real=0.00 secs] 
27.735: Total time for which application threads were stopped: 0.0004370 seconds, Stopping threads took: 0.0000480 seconds
27.766: Application time: 0.0300370 seconds
27.766: [GC [PSYoungGen: 7198K->480K(7680K)] 16876K->10158K(25088K), 0.0003950 secs] [Times: user=0.00 sys=0.00, real=0.00 secs] 
27.766: Total time for which application threads were stopped: 0.0004990 seconds, Stopping threads took: 0.0000480 seconds
27.795: Application time: 0.0294610 seconds
27.796: [GC [PSYoungGen: 7134K->512K(7680K)] 16812K->10190K(25088K), 0.0003440 secs] [Times: user=0.00 sys=0.00, real=0.00 secs] 
27.796: Total time for which application threads were stopped: 0.0004410 seconds, Stopping threads took: 0.0000500 seconds
27.818: Application time: 0.0220350 seconds
27.818: [GC [PSYoungGen: 7164K->736K(7680K)] 16842K->10414K(25088K), 0.0003870 secs] [Times: user=0.00 sys=0.00, real=0.00 secs] 
27.818: Total time for which application threads were stopped: 0.0004920 seconds, Stopping threads took: 0.0000560 seconds
27.839: Application time: 0.0206930 seconds
27.839: [GC [PSYoungGen: 7387K->736K(7680K)] 17065K->10414K(25088K), 0.0003760 secs] [Times: user=0.00 sys=0.00, real=0.00 secs] 
27.840: Total time for which application threads were stopped: 0.0004830 seconds, Stopping threads took: 0.0000580 seconds
27.863: Application time: 0.0237590 seconds
27.863: [GC [PSYoungGen: 7388K->736K(7680K)] 17066K->10414K(25088K), 0.0004030 secs] [Times: user=0.00 sys=0.00, real=0.00 secs] 
27.864: Total time for which application threads were stopped: 0.0004970 seconds, Stopping threads took: 0.0000450 seconds
27.886: Application time: 0.0218190 seconds
27.886: [GC [PSYoungGen: 7389K->992K(7680K)] 17067K->10670K(25088K), 0.0004210 secs] [Times: user=0.00 sys=0.00, real=0.00 secs] 
27.886: Total time for which application threads were stopped: 0.0005230 seconds, Stopping threads took: 0.0000530 seconds
27.907: Application time: 0.0211490 seconds
27.907: [GC [PSYoungGen: 7645K->960K(7680K)] 17323K->10638K(25088K), 0.0004580 secs] [Times: user=0.00 sys=0.00, real=0.00 secs] 
27.908: Total time for which application threads were stopped: 0.0005570 seconds, Stopping threads took: 0.0000500 seconds
27.930: Application time: 0.0222570 seconds
27.930: [GC [PSYoungGen: 7614K->992K(7680K)] 17292K->10670K(25088K), 0.0004460 secs] [Times: user=0.00 sys=0.00, real=0.00 secs] 
27.931: Total time for which application threads were stopped: 0.0005520 seconds, Stopping threads took: 0.0000550 seconds
27.950: Application time: 0.0193900 seconds
27.950: [GC [PSYoungGen: 7646K->992K(7680K)] 17324K->10838K(25088K), 0.0005520 secs] [Times: user=0.01 sys=0.00, real=0.00 secs] 
27.951: Total time for which application threads were stopped: 0.0006500 seconds, Stopping threads took: 0.0000490 seconds
27.972: Application time: 0.0210010 seconds
27.972: [GC [PSYoungGen: 7645K->992K(7680K)] 17491K->10874K(25088K), 0.0004950 secs] [Times: user=0.01 sys=0.00, real=0.00 secs] 
27.972: Total time for which application threads were stopped: 0.0005890 seconds, Stopping threads took: 0.0000440 seconds
27.997: Application time: 0.0249920 seconds
27.997: [GC [PSYoungGen: 7643K->992K(7680K)] 17525K->10898K(25088K), 0.0004680 secs] [Times: user=0.00 sys=0.00, real=0.00 secs] 
27.998: Total time for which application threads were stopped: 0.0005720 seconds, Stopping threads took: 0.0000540 seconds
28.027: Application time: 0.0294130 seconds
28.027: [GC [PSYoungGen: 7644K->1008K(7680K)] 17550K->10922K(25088K), 0.0004780 secs] [Times: user=0.00 sys=0.00, real=0.00 secs] 
28.028: Total time for which application threads were stopped: 0.0005760 seconds, Stopping threads took: 0.0000470 seconds
28.056: Application time: 0.0281330 seconds
28.056: [GC [PSYoungGen: 7662K->1008K(7680K)] 17576K->10966K(25088K), 0.0004560 secs] [Times: user=0.00 sys=0.00, real=0.00 secs] 
28.057: Total time for which application threads were stopped: 0.0005570 seconds, Stopping threads took: 0.0000490 seconds
28.078: Application time: 0.0211980 seconds
28.078: [GC [PSYoungGen: 7662K->992K(7680K)] 17620K->11174K(25088K), 0.0004880 secs] [Times: user=0.01 sys=0.00, real=0.00 secs] 
28.078: Total time for which application threads were stopped: 0.0005950 seconds, Stopping threads took: 0.0000550 seconds
28.098: Application time: 0.0197380 seconds
28.098: [GC [PSYoungGen: 7647K->1008K(7680K)] 17829K->11366K(25088K), 0.0004640 secs] [Times: user=0.00 sys=0.00, real=0.00 secs] 
28.099: Total time for which application threads were stopped: 0.0005650 seconds, Stopping threads took: 0.0000470 seconds
28.113: Application time: 0.0139960 seconds
28.113: [GC [PSYoungGen: 7662K->992K(7680K)] 18021K->11598K(25088K), 0.0005200 secs] [Times: user=0.00 sys=0.00, real=0.00 secs] 
28.113: Total time for which application threads were stopped: 0.0006250 seconds, Stopping threads took: 0.0000550 seconds
28.129: Application time: 0.0157690 seconds
28.129: [GC [PSYoungGen: 7647K->1008K(7680K)] 18253K->11826K(25088K), 0.0004900 secs] [Times: user=0.01 sys=0.00, real=0.00 secs] 
28.130: Total time for which application threads were stopped: 0.0006010 seconds, Stopping threads took: 0.0000450 seconds
28.148: Application time: 0.0180110 seconds
28.148: [GC [PSYoungGen: 7660K->1008K(7680K)] 18479K->12066K(25088K), 0.0005270 secs] [Times: user=0.00 sys=0.00, real=0.00 secs] 
28.148: Total time for which application threads were stopped: 0.0006250 seconds, Stopping threads took: 0.0000460 seconds
28.175: Application time: 0.0262320 seconds
28.175: [GC [PSYoungGen: 7659K->992K(7680K)] 18718K->12411K(25088K), 0.0005930 secs] [Times: user=0.00 sys=0.00, real=0.00 secs] 
28.175: Total time for which application threads were stopped: 0.0006940 seconds, Stopping threads took: 0.0000460 seconds
28.204: Application time: 0.0284130 seconds
28.204: [GC [PSYoungGen: 7645K->1008K(7680K)] 19064K->12515K(25088K), 0.0004440 secs] [Times: user=0.00 sys=0.00, real=0.00 secs] 
28.204: Total time for which application threads were stopped: 0.0005690 seconds, Stopping threads took: 0.0000710 seconds
28.231: Application time: 0.0268410 seconds
28.231: [GC [PSYoungGen: 7663K->1008K(7680K)] 19170K->12735K(25088K), 0.0005000 secs] [Times: user=0.00 sys=0.00, real=0.00 secs] 
28.232: Total time for which application threads were stopped: 0.0006090 seconds, Stopping threads took: 0.0000460 seconds
28.259: Application time: 0.0275490 seconds
28.259: [GC [PSYoungGen: 7662K->1008K(7680K)] 19389K->12759K(25088K), 0.0004770 secs] [Times: user=0.01 sys=0.00, real=0.00 secs] 
28.260: Total time for which application threads were stopped: 0.0005860 seconds, Stopping threads took: 0.0000550 seconds
28.289: Application time: 0.0290140 seconds
28.291: [GC [PSYoungGen: 7660K->1008K(7680K)] 19411K->12807K(25088K), 0.0004780 secs] [Times: user=0.00 sys=0.00, real=0.00 secs] 
28.292: Total time for which application threads were stopped: 0.0027400 seconds, Stopping threads took: 0.0022120 seconds
28.320: Application time: 0.0280940 seconds
28.320: [GC [PSYoungGen: 7660K->1008K(7680K)] 19459K->12948K(25088K), 0.0004750 secs] [Times: user=0.00 sys=0.00, real=0.00 secs] 
28.320: Total time for which application threads were stopped: 0.0005780 seconds, Stopping threads took: 0.0000500 seconds
28.348: Application time: 0.0281580 seconds
28.349: [GC [PSYoungGen: 7661K->1008K(7680K)] 19601K->12980K(25088K), 0.0005030 secs] [Times: user=0.00 sys=0.00, real=0.00 secs] 
28.349: Total time for which application threads were stopped: 0.0006070 seconds, Stopping threads took: 0.0000540 seconds
28.377: Application time: 0.0283580 seconds
28.379: [GC [PSYoungGen: 7660K->992K(7680K)] 19632K->13012K(25088K), 0.0005230 secs] [Times: user=0.01 sys=0.00, real=0.00 secs] 
28.380: Total time for which application threads were stopped: 0.0022710 seconds, Stopping threads took: 0.0016990 seconds
28.408: Application time: 0.0282990 seconds
28.408: [GC [PSYoungGen: 7645K->992K(7680K)] 19665K->13140K(25088K), 0.0005420 secs] [Times: user=0.00 sys=0.00, real=0.00 secs] 
28.409: Total time for which application threads were stopped: 0.0006390 seconds, Stopping threads took: 0.0000440 seconds
28.438: Application time: 0.0295150 seconds
28.438: [GC [PSYoungGen: 7644K->960K(7680K)] 19792K->13116K(25088K), 0.0004130 secs] [Times: user=0.01 sys=0.00, real=0.00 secs] 
28.439: Total time for which application threads were stopped: 0.0005050 seconds, Stopping threads took: 0.0000430 seconds
28.468: Application time: 0.0292510 seconds
28.468: [GC [PSYoungGen: 7614K->912K(7680K)] 19770K->13100K(25088K), 0.0004140 secs] [Times: user=0.00 sys=0.00, real=0.00 secs] 
28.468: Total time for which application threads were stopped: 0.0005250 seconds, Stopping threads took: 0.0000580 seconds
28.497: Application time: 0.0284850 seconds
28.497: [GC [PSYoungGen: 7565K->1008K(7680K)] 19753K->13324K(25088K), 0.0004900 secs] [Times: user=0.00 sys=0.00, real=0.00 secs] 
28.498: Total time for which application threads were stopped: 0.0005930 seconds, Stopping threads took: 0.0000550 seconds
28.526: Application time: 0.0283770 seconds
28.526: [GC [PSYoungGen: 7660K->992K(7680K)] 19976K->13468K(25088K), 0.0004710 secs] [Times: user=0.00 sys=0.00, real=0.00 secs] 
28.526: Total time for which application threads were stopped: 0.0005840 seconds, Stopping threads took: 0.0000580 seconds
28.552: Application time: 0.0259770 seconds
28.553: [GC [PSYoungGen: 7647K->992K(7680K)] 20123K->13684K(25088K), 0.0005110 secs] [Times: user=0.00 sys=0.00, real=0.00 secs] 
28.553: Total time for which application threads were stopped: 0.0006210 seconds, Stopping threads took: 0.0000590 seconds
28.583: Application time: 0.0294410 seconds
28.583: [GC [PSYoungGen: 7646K->960K(7680K)] 20338K->13684K(25088K), 0.0004510 secs] [Times: user=0.00 sys=0.00, real=0.00 secs] 
28.583: Total time for which application threads were stopped: 0.0005530 seconds, Stopping threads took: 0.0000490 seconds
28.613: Application time: 0.0295060 seconds
28.613: [GC [PSYoungGen: 7614K->992K(7680K)] 20338K->13732K(25088K), 0.0004390 secs] [Times: user=0.00 sys=0.00, real=0.00 secs] 
28.613: Total time for which application threads were stopped: 0.0005340 seconds, Stopping threads took: 0.0000440 seconds
28.643: Application time: 0.0300350 seconds
28.643: [GC [PSYoungGen: 7644K->960K(7680K)] 20384K->13700K(25088K), 0.0004090 secs] [Times: user=0.00 sys=0.00, real=0.00 secs] 
28.644: Total time for which application threads were stopped: 0.0005200 seconds, Stopping threads took: 0.0000520 seconds
28.675: Application time: 0.0311050 seconds
28.675: [GC [PSYoungGen: 7612K->992K(7680K)] 20352K->13732K(25088K), 0.0004370 secs] [Times: user=0.00 sys=0.00, real=0.00 secs] 
28.675: Total time for which application threads were stopped: 0.0005550 seconds, Stopping threads took: 0.0000620 seconds
28.705: Application time: 0.0299470 seconds
28.705: [GC [PSYoungGen: 7644K->832K(7680K)] 20384K->13740K(25088K), 0.0003990 secs] [Times: user=0.00 sys=0.00, real=0.00 secs] 
28.706: Total time for which application threads were stopped: 0.0005020 seconds, Stopping threads took: 0.0000490 seconds
28.736: Application time: 0.0297140 seconds
28.736: [GC [PSYoungGen: 7486K->800K(7680K)] 20394K->13708K(25088K), 0.0003860 secs] [Times: user=0.00 sys=0.00, real=0.00 secs] 
28.736: Total time for which application threads were stopped: 0.0004860 seconds, Stopping threads took: 0.0000480 seconds
28.766: Application time: 0.0300540 seconds
28.766: [GC [PSYoungGen: 7454K->832K(7680K)] 20362K->13740K(25088K), 0.0004390 secs] [Times: user=0.00 sys=0.00, real=0.00 secs] 
28.767: Total time for which application threads were stopped: 0.0005570 seconds, Stopping threads took: 0.0000610 seconds
28.797: Application time: 0.0299400 seconds
28.799: [GC [PSYoungGen: 7486K->640K(7680K)] 20394K->13736K(25088K), 0.0004100 secs] [Times: user=0.00 sys=0.00, real=0.00 secs] 
28.800: Total time for which application threads were stopped: 0.0030040 seconds, Stopping threads took: 0.0025400 seconds
28.830: Application time: 0.0300490 seconds
28.830: [GC [PSYoungGen: 7294K->672K(7680K)] 20391K->13776K(25088K), 0.0003590 secs] [Times: user=0.00 sys=0.00, real=0.00 secs] 
28.830: Total time for which application threads were stopped: 0.0004590 seconds, Stopping threads took: 0.0000470 seconds
28.860: Application time: 0.0298760 seconds
28.860: [GC [PSYoungGen: 7326K->384K(7680K)] 20431K->13693K(25088K), 0.0004010 secs] [Times: user=0.00 sys=0.00, real=0.00 secs] 
28.860: Total time for which application threads were stopped: 0.0005050 seconds, Stopping threads took: 0.0000570 seconds
28.890: Application time: 0.0297610 seconds
28.890: [GC [PSYoungGen: 7038K->448K(7680K)] 20348K->13757K(25088K), 0.0003090 secs] [Times: user=0.00 sys=0.00, real=0.00 secs] 
28.891: Total time for which application threads were stopped: 0.0004070 seconds, Stopping threads took: 0.0000500 seconds
28.921: Application time: 0.0300930 seconds
28.921: [GC [PSYoungGen: 7102K->416K(7680K)] 20412K->13725K(25088K), 0.0003190 secs] [Times: user=0.00 sys=0.00, real=0.00 secs] 
28.921: Total time for which application threads were stopped: 0.0004160 seconds, Stopping threads took: 0.0000510 seconds
28.951: Application time: 0.0298770 seconds
28.951: [GC [PSYoungGen: 7070K->448K(7680K)] 20380K->13757K(25088K), 0.0003390 secs] [Times: user=0.00 sys=0.00, real=0.00 secs] 
28.951: Total time for which application threads were stopped: 0.0004520 seconds, Stopping threads took: 0.0000630 seconds
28.982: Application time: 0.0301550 seconds
28.982: [GC [PSYoungGen: 7100K->384K(7680K)] 20409K->13785K(25088K), 0.0003470 secs] [Times: user=0.00 sys=0.00, real=0.00 secs] 
28.982: Total time for which application threads were stopped: 0.0004540 seconds, Stopping threads took: 0.0000550 seconds
29.012: Application time: 0.0298770 seconds
29.012: [GC [PSYoungGen: 7038K->0K(7680K)] 20440K->13686K(25088K), 0.0003420 secs] [Times: user=0.00 sys=0.00, real=0.00 secs] 
29.012: Total time for which application threads were stopped: 0.0004430 seconds, Stopping threads took: 0.0000550 seconds
29.042: Application time: 0.0299820 seconds
29.042: [GC [PSYoungGen: 6652K->0K(7680K)] 20338K->13686K(25088K), 0.0003070 secs] [Times: user=0.00 sys=0.00, real=0.00 secs] 
29.043: Total time for which application threads were stopped: 0.0004120 seconds, Stopping threads took: 0.0000550 seconds
29.073: Application time: 0.0298980 seconds
29.073: [GC [PSYoungGen: 6654K->0K(7680K)] 20341K->13686K(25088K), 0.0003310 secs] [Times: user=0.00 sys=0.00, real=0.00 secs] 
29.073: Total time for which application threads were stopped: 0.0004220 seconds, Stopping threads took: 0.0000440 seconds
29.103: Application time: 0.0297390 seconds
29.103: [GC [PSYoungGen: 6654K->0K(7680K)] 20341K->13686K(25088K), 0.0003520 secs] [Times: user=0.00 sys=0.00, real=0.00 secs] 
29.103: Total time for which application threads were stopped: 0.0004400 seconds, Stopping threads took: 0.0000410 seconds
29.133: Application time: 0.0296870 seconds
29.133: [GC [PSYoungGen: 6654K->0K(7680K)] 20341K->13686K(25088K), 0.0003120 secs] [Times: user=0.00 sys=0.00, real=0.00 secs] 
29.133: Total time for which application threads were stopped: 0.0004070 seconds, Stopping threads took: 0.0000480 seconds
29.160: Application time: 0.0267220 seconds
29.160: [GC [PSYoungGen: 6651K->320K(7680K)] 20338K->14006K(25088K), 0.0004000 secs] [Times: user=0.00 sys=0.00, real=0.00 secs] 
29.161: Total time for which application threads were stopped: 0.0004940 seconds, Stopping threads took: 0.0000380 seconds
29.181: Application time: 0.0207470 seconds
29.181: [GC [PSYoungGen: 6972K->384K(7680K)] 20658K->14070K(25088K), 0.0003250 secs] [Times: user=0.00 sys=0.00, real=0.00 secs] 
29.182: Total time for which application threads were stopped: 0.0004140 seconds, Stopping threads took: 0.0000410 seconds
29.203: Application time: 0.0215750 seconds
29.203: [GC [PSYoungGen: 7037K->384K(7680K)] 20723K->14070K(25088K), 0.0003390 secs] [Times: user=0.01 sys=0.00, real=0.00 secs] 
29.204: Total time for which application threads were stopped: 0.0004290 seconds, Stopping threads took: 0.0000430 seconds
29.233: Application time: 0.0293140 seconds
29.233: [GC [PSYoungGen: 7038K->448K(7680K)] 20724K->14134K(25088K), 0.0003580 secs] [Times: user=0.00 sys=0.00, real=0.00 secs] 
29.234: Total time for which application threads were stopped: 0.0004610 seconds, Stopping threads took: 0.0000550 seconds
29.256: Application time: 0.0223750 seconds
29.256: [GC [PSYoungGen: 7100K->480K(7680K)] 20786K->14166K(25088K), 0.0003830 secs] [Times: user=0.00 sys=0.00, real=0.00 secs] 
29.256: Total time for which application threads were stopped: 0.0004820 seconds, Stopping threads took: 0.0000490 seconds
29.277: Application time: 0.0206820 seconds
29.277: [GC [PSYoungGen: 7134K->512K(7680K)] 20821K->14198K(25088K), 0.0003610 secs] [Times: user=0.01 sys=0.00, real=0.00 secs] 
29.278: Total time for which application threads were stopped: 0.0004640 seconds, Stopping threads took: 0.0000550 seconds
29.302: Application time: 0.0246290 seconds
29.302: [GC [PSYoungGen: 7168K->544K(7680K)] 20854K->14230K(25088K), 0.0003970 secs] [Times: user=0.00 sys=0.00, real=0.00 secs] 
29.303: Total time for which application threads were stopped: 0.0004820 seconds, Stopping threads took: 0.0000340 seconds
29.332: Application time: 0.0292740 seconds
29.332: [GC [PSYoungGen: 7196K->480K(7680K)] 20882K->14166K(25088K), 0.0003610 secs] [Times: user=0.00 sys=0.00, real=0.00 secs] 
29.332: Total time for which application threads were stopped: 0.0004600 seconds, Stopping threads took: 0.0000530 seconds
29.361: Application time: 0.0288950 seconds
29.361: [GC [PSYoungGen: 7134K->480K(7680K)] 20820K->14166K(25088K), 0.0004090 secs] [Times: user=0.00 sys=0.00, real=0.00 secs] 
29.362: Total time for which application threads were stopped: 0.0005110 seconds, Stopping threads took: 0.0000540 seconds
29.391: Application time: 0.0294490 seconds
29.391: [GC [PSYoungGen: 7132K->512K(7680K)] 20818K->14198K(25088K), 0.0003730 secs] [Times: user=0.01 sys=0.00, real=0.00 secs] 
29.392: Total time for which application threads were stopped: 0.0004790 seconds, Stopping threads took: 0.0000550 seconds
29.421: Application time: 0.0296470 seconds
29.421: [GC [PSYoungGen: 7166K->448K(7680K)] 20853K->14134K(25088K), 0.0003510 secs] [Times: user=0.00 sys=0.00, real=0.00 secs] 
29.422: Total time for which application threads were stopped: 0.0004460 seconds, Stopping threads took: 0.0000480 seconds
29.452: Application time: 0.0296640 seconds
29.452: [GC [PSYoungGen: 7102K->416K(7680K)] 20789K->14102K(25088K), 0.0003930 secs] [Times: user=0.00 sys=0.00, real=0.00 secs] 
29.452: Total time for which application threads were stopped: 0.0004830 seconds, Stopping threads took: 0.0000430 seconds
29.482: Application time: 0.0298530 seconds
29.482: [GC [PSYoungGen: 7067K->512K(7680K)] 20754K->14198K(25088K), 0.0003390 secs] [Times: user=0.00 sys=0.00, real=0.00 secs] 
29.482: Total time for which application threads were stopped: 0.0004400 seconds, Stopping threads took: 0.0000500 seconds
29.512: Application time: 0.0299960 seconds
29.512: [GC [PSYoungGen: 7166K->512K(7680K)] 20852K->14198K(25088K), 0.0003590 secs] [Times: user=0.01 sys=0.00, real=0.00 secs] 
29.513: Total time for which application threads were stopped: 0.0004470 seconds, Stopping threads took: 0.0000400 seconds
29.542: Application time: 0.0294750 seconds
29.542: [GC [PSYoungGen: 7166K->512K(7680K)] 20853K->14198K(25088K), 0.0003310 secs] [Times: user=0.00 sys=0.00, real=0.00 secs] 
29.543: Total time for which application threads were stopped: 0.0004310 seconds, Stopping threads took: 0.0000500 seconds
29.565: Application time: 0.0219360 seconds
29.565: [GC [PSYoungGen: 7164K->736K(7680K)] 20850K->14422K(25088K), 0.0003790 secs] [Times: user=0.00 sys=0.00, real=0.00 secs] 
29.565: Total time for which application threads were stopped: 0.0004680 seconds, Stopping threads took: 0.0000430 seconds
29.586: Application time: 0.0206680 seconds
29.586: [GC [PSYoungGen: 7387K->896K(7680K)] 21074K->14582K(25088K), 0.0004090 secs] [Times: user=0.00 sys=0.00, real=0.00 secs] 
29.586: Total time for which application threads were stopped: 0.0004970 seconds, Stopping threads took: 0.0000350 seconds
29.607: Application time: 0.0208480 seconds
29.607: [GC [PSYoungGen: 7549K->960K(7680K)] 21235K->14646K(25088K), 0.0004190 secs] [Times: user=0.00 sys=0.00, real=0.00 secs] 
29.608: Total time for which application threads were stopped: 0.0005160 seconds, Stopping threads took: 0.0000500 seconds
29.628: Application time: 0.0200890 seconds
29.631: [GC [PSYoungGen: 7612K->992K(7680K)] 21299K->14678K(25088K), 0.0004120 secs] [Times: user=0.01 sys=0.00, real=0.00 secs] 
29.632: Total time for which application threads were stopped: 0.0038680 seconds, Stopping threads took: 0.0034060 seconds
29.654: Application time: 0.0227610 seconds
29.654: [GC [PSYoungGen: 7648K->992K(7680K)] 21334K->14806K(25088K), 0.0004710 secs] [Times: user=0.00 sys=0.00, real=0.00 secs] 
29.655: Total time for which application threads were stopped: 0.0005780 seconds, Stopping threads took: 0.0000520 seconds
29.680: Application time: 0.0250300 seconds
29.680: [GC [PSYoungGen: 7644K->928K(7680K)] 21458K->14870K(25088K), 0.0004300 secs] [Times: user=0.00 sys=0.00, real=0.00 secs] 
29.680: Total time for which application threads were stopped: 0.0005320 seconds, Stopping threads took: 0.0000470 seconds
29.700: Application time: 0.0192990 seconds
29.700: [GC [PSYoungGen: 7583K->992K(7680K)] 21525K->15010K(25088K), 0.0004490 secs] [Times: user=0.00 sys=0.00, real=0.00 secs] 
29.700: Total time for which application threads were stopped: 0.0005470 seconds, Stopping threads took: 0.0000470 seconds
29.721: Application time: 0.0209990 seconds
29.721: [GC [PSYoungGen: 7647K->992K(7680K)] 21666K->15311K(25088K), 0.0005700 secs] [Times: user=0.00 sys=0.00, real=0.00 secs] 
29.723: Total time for which application threads were stopped: 0.0016090 seconds, Stopping threads took: 0.0000550 seconds
29.750: Application time: 0.0274580 seconds
29.750: [GC [PSYoungGen: 7646K->992K(7680K)] 21966K->15439K(25088K), 0.0005180 secs] [Times: user=0.00 sys=0.00, real=0.00 secs] 
29.751: Total time for which application threads were stopped: 0.0006300 seconds, Stopping threads took: 0.0000530 seconds
29.780: Application time: 0.0292110 seconds
29.780: [GC [PSYoungGen: 7646K->992K(7680K)] 22093K->15439K(25088K), 0.0004400 secs] [Times: user=0.00 sys=0.00, real=0.00 secs] 
29.781: Total time for which application threads were stopped: 0.0005650 seconds, Stopping threads took: 0.0000660 seconds
29.809: Application time: 0.0284340 seconds
29.809: [GC [PSYoungGen: 7644K->1008K(7680K)] 22091K->15463K(25088K), 0.0004590 secs] [Times: user=0.01 sys=0.00, real=0.00 secs] 
29.810: Total time for which application threads were stopped: 0.0005570 seconds, Stopping threads took: 0.0000500 seconds
29.833: Application time: 0.0227760 seconds
29.833: [GC [PSYoungGen: 7662K->1008K(7680K)] 22118K->15620K(25088K), 0.0004990 secs] [Times: user=0.00 sys=0.00, real=0.00 secs] 
29.833: Total time for which application threads were stopped: 0.0006020 seconds, Stopping threads took: 0.0000520 seconds
29.854: Application time: 0.0211460 seconds
29.854: [GC [PSYoungGen: 7661K->992K(7680K)] 22273K->15664K(25088K), 0.0005010 secs] [Times: user=0.00 sys=0.00, real=0.00 secs] 
29.855: Total time for which application threads were stopped: 0.0006050 seconds, Stopping threads took: 0.0000510 seconds
29.876: Application time: 0.0212750 seconds
29.879: [GC [PSYoungGen: 7645K->992K(7680K)] 22317K->15888K(25088K), 0.0004860 secs] [Times: user=0.00 sys=0.00, real=0.00 secs] 
29.880: Total time for which application threads were stopped: 0.0034290 seconds, Stopping threads took: 0.0028910 seconds
29.895: Application time: 0.0154640 seconds
29.895: [GC [PSYoungGen: 7648K->1008K(7680K)] 22544K->16256K(25088K), 0.0005200 secs] [Times: user=0.00 sys=0.00, real=0.00 secs] 
29.896: Total time for which application threads were stopped: 0.0006280 seconds, Stopping threads took: 0.0000560 seconds
29.912: Application time: 0.0165270 seconds
29.912: [GC [PSYoungGen: 7662K->992K(7680K)] 22910K->16260K(25088K), 0.0004980 secs] [Times: user=0.00 sys=0.00, real=0.00 secs] 
29.913: Total time for which application threads were stopped: 0.0005970 seconds, Stopping threads took: 0.0000460 seconds
29.931: Application time: 0.0179210 seconds
29.931: [GC [PSYoungGen: 7644K->1008K(7680K)] 22912K->16673K(25088K), 0.0005150 secs] [Times: user=0.00 sys=0.00, real=0.01 secs] 
29.931: Total time for which application threads were stopped: 0.0006050 seconds, Stopping threads took: 0.0000370 seconds
29.959: Application time: 0.0274200 seconds
29.959: [GC [PSYoungGen: 7662K->976K(7680K)] 23327K->16961K(25088K), 0.0005420 secs] [Times: user=0.00 sys=0.00, real=0.01 secs] 
29.959: Total time for which application threads were stopped: 0.0006420 seconds, Stopping threads took: 0.0000450 seconds
29.987: Application time: 0.0272850 seconds
29.987: [GC [PSYoungGen: 7628K->1008K(7680K)] 23613K->17137K(25088K), 0.0004870 secs] [Times: user=0.00 sys=0.00, real=0.00 secs] 
29.987: Total time for which application threads were stopped: 0.0005850 seconds, Stopping threads took: 0.0000480 seconds
30.014: Application time: 0.0265840 seconds
30.014: [GC [PSYoungGen: 7663K->992K(7680K)] 23792K->17265K(25088K), 0.0004690 secs] [Times: user=0.01 sys=0.00, real=0.00 secs] 
30.014: Total time for which application threads were stopped: 0.0005850 seconds, Stopping threads took: 0.0000600 seconds
30.043: Application time: 0.0288830 seconds
30.043: [GC [PSYoungGen: 7646K->960K(7680K)] 23919K->17281K(25088K), 0.0004540 secs] [Times: user=0.00 sys=0.00, real=0.00 secs] 
30.044: Total time for which application threads were stopped: 0.0005670 seconds, Stopping threads took: 0.0000580 seconds
30.071: Application time: 0.0273190 seconds
30.071: [GC [PSYoungGen: 7614K->992K(7680K)] 23935K->17497K(25088K), 0.0004810 secs] [Times: user=0.00 sys=0.00, real=0.00 secs] 
30.072: Total time for which application threads were stopped: 0.0005820 seconds, Stopping threads took: 0.0000490 seconds
30.101: Application time: 0.0290520 seconds
30.101: [GC [PSYoungGen: 7646K->976K(7680K)] 24151K->17521K(25088K), 0.0004420 secs] [Times: user=0.00 sys=0.00, real=0.00 secs] 
30.101: Total time for which application threads were stopped: 0.0005390 seconds, Stopping threads took: 0.0000460 seconds
30.129: Application time: 0.0275270 seconds
30.129: [GC [PSYoungGen: 7630K->1008K(7680K)] 24175K->17725K(25088K), 0.0005130 secs] [Times: user=0.01 sys=0.00, real=0.00 secs] 
30.130: Total time for which application threads were stopped: 0.0006190 seconds, Stopping threads took: 0.0000450 seconds
30.159: Application time: 0.0294910 seconds
30.159: [GC [PSYoungGen: 7662K->976K(7680K)] 24380K->17821K(25088K), 0.0004300 secs] [Times: user=0.00 sys=0.00, real=0.00 secs] 
30.160: Total time for which application threads were stopped: 0.0005220 seconds, Stopping threads took: 0.0000370 seconds
30.190: Application time: 0.0305180 seconds
30.190: [GC [PSYoungGen: 7629K->864K(7680K)] 24475K->17749K(25088K), 0.0004820 secs] [Times: user=0.00 sys=0.00, real=0.00 secs] 
30.191: Total time for which application threads were stopped: 0.0005940 seconds, Stopping threads took: 0.0000510 seconds
30.220: Application time: 0.0293680 seconds
30.220: [GC [PSYoungGen: 7518K->928K(7680K)] 24404K->17865K(25088K), 0.0004230 secs] [Times: user=0.00 sys=0.00, real=0.00 secs] 
30.221: Total time for which application threads were stopped: 0.0005220 seconds, Stopping threads took: 0.0000450 seconds
30.250: Application time: 0.0295490 seconds
30.250: [GC [PSYoungGen: 7582K->896K(7680K)] 24520K->17833K(25088K), 0.0003950 secs] [Times: user=0.00 sys=0.00, real=0.00 secs] 
30.251: Total time for which application threads were stopped: 0.0004970 seconds, Stopping threads took: 0.0000480 seconds
30.278: Application time: 0.0276700 seconds
30.278: [GC [PSYoungGen: 7550K->896K(7680K)] 24487K->17897K(25088K), 0.0004150 secs] [Times: user=0.00 sys=0.00, real=0.00 secs] 
30.279: Total time for which application threads were stopped: 0.0005100 seconds, Stopping threads took: 0.0000460 seconds
30.307: Application time: 0.0284590 seconds
30.307: [GC [PSYoungGen: 7548K->832K(7680K)] 24549K->17894K(25088K), 0.0004830 secs] [Times: user=0.00 sys=0.00, real=0.00 secs] 
30.308: Total time for which application threads were stopped: 0.0005850 seconds, Stopping threads took: 0.0000550 seconds
30.336: Application time: 0.0280990 seconds
30.339: [GC [PSYoungGen: 7486K->960K(7680K)] 24548K->18150K(25088K), 0.0004620 secs] [Times: user=0.01 sys=0.00, real=0.00 secs] 
30.340: [Full GC [PSYoungGen: 960K->0K(7680K)] [ParOldGen: 17190K->4035K(17408K)] 18150K->4035K(25088K) [PSPermGen: 5537K->5537K(21504K)], 0.0053070 secs] [Times: user=0.02 sys=0.00, real=0.00 secs] 
30.345: Total time for which application threads were stopped: 0.0089970 seconds, Stopping threads took: 0.0031250 seconds
30.374: Application time: 0.0293520 seconds
30.374: [GC [PSYoungGen: 6653K->352K(7680K)] 10689K->4387K(25088K), 0.0003530 secs] [Times: user=0.00 sys=0.00, real=0.00 secs] 
30.375: Total time for which application threads were stopped: 0.0004570 seconds, Stopping threads took: 0.0000480 seconds
30.405: Application time: 0.0301320 seconds
30.405: [GC [PSYoungGen: 7006K->352K(7680K)] 11041K->4387K(25088K), 0.0003210 secs] [Times: user=0.00 sys=0.00, real=0.00 secs] 
30.405: Total time for which application threads were stopped: 0.0004340 seconds, Stopping threads took: 0.0000590 seconds
30.436: Application time: 0.0303320 seconds
30.436: [GC [PSYoungGen: 7006K->352K(7680K)] 11041K->4387K(25088K), 0.0002980 secs] [Times: user=0.00 sys=0.00, real=0.00 secs] 
30.436: Total time for which application threads were stopped: 0.0003880 seconds, Stopping threads took: 0.0000400 seconds
30.466: Application time: 0.0303230 seconds
30.467: [GC [PSYoungGen: 7006K->288K(7680K)] 11041K->4323K(25088K), 0.0003390 secs] [Times: user=0.00 sys=0.00, real=0.00 secs] 
30.467: Total time for which application threads were stopped: 0.0004530 seconds, Stopping threads took: 0.0000620 seconds
30.497: Application time: 0.0303690 seconds
30.497: [GC [PSYoungGen: 6942K->352K(7680K)] 10977K->4387K(25088K), 0.0003110 secs] [Times: user=0.01 sys=0.00, real=0.00 secs] 
30.498: Total time for which application threads were stopped: 0.0004140 seconds, Stopping threads took: 0.0000540 seconds
30.528: Application time: 0.0303260 seconds
30.528: [GC [PSYoungGen: 7006K->352K(7680K)] 11041K->4387K(25088K), 0.0003010 secs] [Times: user=0.00 sys=0.00, real=0.00 secs] 
30.528: Total time for which application threads were stopped: 0.0004060 seconds, Stopping threads took: 0.0000450 seconds
30.559: Application time: 0.0303340 seconds
30.559: [GC [PSYoungGen: 7006K->320K(7680K)] 11041K->4355K(25088K), 0.0003620 secs] [Times: user=0.00 sys=0.00, real=0.01 secs] 
30.559: Total time for which application threads were stopped: 0.0004640 seconds, Stopping threads took: 0.0000520 seconds
30.590: Application time: 0.0307210 seconds
30.590: [GC [PSYoungGen: 6972K->352K(7680K)] 11007K->4387K(25088K), 0.0003170 secs] [Times: user=0.00 sys=0.00, real=0.00 secs] 
30.590: Total time for which application threads were stopped: 0.0004240 seconds, Stopping threads took: 0.0000580 seconds
30.621: Application time: 0.0303960 seconds
30.621: [GC [PSYoungGen: 7006K->352K(7680K)] 11041K->4387K(25088K), 0.0003000 secs] [Times: user=0.01 sys=0.00, real=0.00 secs] 
30.621: Total time for which application threads were stopped: 0.0003960 seconds, Stopping threads took: 0.0000490 seconds
30.652: Application time: 0.0304860 seconds
30.652: [GC [PSYoungGen: 7006K->256K(7680K)] 11041K->4291K(25088K), 0.0003340 secs] [Times: user=0.00 sys=0.00, real=0.00 secs] 
30.652: Total time for which application threads were stopped: 0.0004240 seconds, Stopping threads took: 0.0000460 seconds
30.682: Application time: 0.0303740 seconds
30.682: [GC [PSYoungGen: 6910K->352K(7680K)] 10945K->4387K(25088K), 0.0003010 secs] [Times: user=0.00 sys=0.00, real=0.00 secs] 
30.683: Total time for which application threads were stopped: 0.0003900 seconds, Stopping threads took: 0.0000440 seconds
30.713: Application time: 0.0304260 seconds
30.713: [GC [PSYoungGen: 7006K->352K(7680K)] 11041K->4387K(25088K), 0.0002940 secs] [Times: user=0.00 sys=0.00, real=0.00 secs] 
30.714: Total time for which application threads were stopped: 0.0003920 seconds, Stopping threads took: 0.0000450 seconds
30.744: Application time: 0.0304170 seconds
30.744: [GC [PSYoungGen: 7006K->352K(7680K)] 11041K->4387K(25088K), 0.0003170 secs] [Times: user=0.00 sys=0.00, real=0.00 secs] 
30.744: Total time for which application threads were stopped: 0.0004150 seconds, Stopping threads took: 0.0000480 seconds
30.775: Application time: 0.0306680 seconds
30.775: [GC [PSYoungGen: 7006K->352K(7680K)] 11041K->4387K(25088K), 0.0003620 secs] [Times: user=0.00 sys=0.00, real=0.00 secs] 
30.776: Total time for which application threads were stopped: 0.0004670 seconds, Stopping threads took: 0.0000520 seconds
30.806: Application time: 0.0303560 seconds
30.806: [GC [PSYoungGen: 7006K->288K(7680K)] 11041K->4323K(25088K), 0.0003430 secs] [Times: user=0.00 sys=0.00, real=0.00 secs] 
30.806: Total time for which application threads were stopped: 0.0004270 seconds, Stopping threads took: 0.0000360 seconds
30.837: Application time: 0.0302770 seconds
30.837: [GC [PSYoungGen: 6942K->0K(7680K)] 10977K->4255K(25088K), 0.0003500 secs] [Times: user=0.01 sys=0.00, real=0.00 secs] 
30.837: Total time for which application threads were stopped: 0.0004440 seconds, Stopping threads took: 0.0000450 seconds
30.867: Application time: 0.0301660 seconds
30.867: [GC [PSYoungGen: 6654K->0K(7680K)] 10910K->4255K(25088K), 0.0003350 secs] [Times: user=0.00 sys=0.00, real=0.00 secs] 
30.868: Total time for which application threads were stopped: 0.0004370 seconds, Stopping threads took: 0.0000520 seconds
30.898: Application time: 0.0302230 seconds
30.898: [GC [PSYoungGen: 6654K->0K(7680K)] 10910K->4255K(25088K), 0.0002990 secs] [Times: user=0.00 sys=0.00, real=0.00 secs] 
30.898: Total time for which application threads were stopped: 0.0003940 seconds, Stopping threads took: 0.0000500 seconds
30.923: Application time: 0.0245190 seconds
30.923: [GC [PSYoungGen: 6612K->256K(7680K)] 10868K->4511K(25088K), 0.0003710 secs] [Times: user=0.00 sys=0.00, real=0.00 secs] 
30.923: Total time for which application threads were stopped: 0.0004670 seconds, Stopping threads took: 0.0000450 seconds
30.945: Application time: 0.0212180 seconds
30.945: [GC [PSYoungGen: 6911K->352K(7680K)] 11167K->4607K(25088K), 0.0003120 secs] [Times: user=0.00 sys=0.00, real=0.00 secs] 
30.945: Total time for which application threads were stopped: 0.0004260 seconds, Stopping threads took: 0.0000570 seconds
30.969: Application time: 0.0241040 seconds
30.969: [GC [PSYoungGen: 7006K->288K(7680K)] 11261K->4543K(25088K), 0.0003580 secs] [Times: user=0.00 sys=0.00, real=0.00 secs] 
30.970: Total time for which application threads were stopped: 0.0004580 seconds, Stopping threads took: 0.0000530 seconds
30.999: Application time: 0.0296380 seconds
30.999: [GC [PSYoungGen: 6940K->352K(7680K)] 11196K->4607K(25088K), 0.0003180 secs] [Times: user=0.00 sys=0.00, real=0.00 secs] 
31.000: Total time for which application threads were stopped: 0.0004070 seconds, Stopping threads took: 0.0000390 seconds
31.022: Application time: 0.0229030 seconds
31.023: [GC [PSYoungGen: 7004K->480K(7680K)] 11259K->4735K(25088K), 0.0003480 secs] [Times: user=0.01 sys=0.00, real=0.00 secs] 
31.023: Total time for which application threads were stopped: 0.0010040 seconds, Stopping threads took: 0.0006070 seconds
31.045: Application time: 0.0215750 seconds
31.045: [GC [PSYoungGen: 7132K->512K(7680K)] 11388K->4767K(25088K), 0.0003420 secs] [Times: user=0.01 sys=0.00, real=0.00 secs] 
31.046: Total time for which application threads were stopped: 0.0004410 seconds, Stopping threads took: 0.0000530 seconds
31.072: Application time: 0.0261970 seconds
31.072: [GC [PSYoungGen: 7164K->544K(7680K)] 11419K->4799K(25088K), 0.0003450 secs] [Times: user=0.00 sys=0.00, real=0.00 secs] 
31.072: Total time for which application threads were stopped: 0.0004390 seconds, Stopping threads took: 0.0000450 seconds
31.102: Application time: 0.0297760 seconds
31.102: [GC [PSYoungGen: 7196K->480K(7680K)] 11452K->4735K(25088K), 0.0003450 secs] [Times: user=0.00 sys=0.00, real=0.00 secs] 
31.102: Total time for which application threads were stopped: 0.0004420 seconds, Stopping threads took: 0.0000480 seconds
31.131: Application time: 0.0290850 seconds
31.132: [GC [PSYoungGen: 7132K->576K(7680K)] 11387K->4831K(25088K), 0.0003580 secs] [Times: user=0.00 sys=0.00, real=0.00 secs] 
31.132: Total time for which application threads were stopped: 0.0004590 seconds, Stopping threads took: 0.0000470 seconds
31.164: Application time: 0.0317390 seconds
31.167: [GC [PSYoungGen: 7227K->512K(7680K)] 11483K->4767K(25088K), 0.0003970 secs] [Times: user=0.00 sys=0.00, real=0.00 secs] 
31.168: Total time for which application threads were stopped: 0.0038910 seconds, Stopping threads took: 0.0034410 seconds
31.198: Application time: 0.0301910 seconds
31.198: [GC [PSYoungGen: 7166K->448K(7680K)] 11422K->4703K(25088K), 0.0003690 secs] [Times: user=0.00 sys=0.00, real=0.00 secs] 
31.198: Total time for which application threads were stopped: 0.0004690 seconds, Stopping threads took: 0.0000520 seconds
31.228: Application time: 0.0301480 seconds
31.228: [GC [PSYoungGen: 7102K->512K(7680K)] 11358K->4767K(25088K), 0.0003110 secs] [Times: user=0.00 sys=0.00, real=0.00 secs] 
31.229: Total time for which application threads were stopped: 0.0004180 seconds, Stopping threads took: 0.0000530 seconds
31.259: Application time: 0.0301900 seconds
31.259: [GC [PSYoungGen: 7163K->544K(7680K)] 11419K->4799K(25088K), 0.0003400 secs] [Times: user=0.00 sys=0.00, real=0.01 secs] 
31.259: Total time for which application threads were stopped: 0.0004260 seconds, Stopping threads took: 0.0000360 seconds
31.290: Application time: 0.0305660 seconds
31.290: [GC [PSYoungGen: 7198K->512K(7680K)] 11454K->4767K(25088K), 0.0003410 secs] [Times: user=0.00 sys=0.00, real=0.00 secs] 
31.290: Total time for which application threads were stopped: 0.0004600 seconds, Stopping threads took: 0.0000670 seconds
31.321: Application time: 0.0301160 seconds
31.321: [GC [PSYoungGen: 7166K->512K(7680K)] 11422K->4767K(25088K), 0.0003080 secs] [Times: user=0.00 sys=0.00, real=0.00 secs] 
31.321: Total time for which application threads were stopped: 0.0004110 seconds, Stopping threads took: 0.0000560 seconds
31.351: Application time: 0.0299800 seconds
31.351: [GC [PSYoungGen: 7164K->512K(7680K)] 11420K->4767K(25088K), 0.0003300 secs] [Times: user=0.00 sys=0.00, real=0.01 secs] 
31.351: Total time for which application threads were stopped: 0.0004330 seconds, Stopping threads took: 0.0000540 seconds
31.371: Application time: 0.0201190 seconds
31.372: [GC [PSYoungGen: 7167K->704K(7680K)] 11423K->4959K(25088K), 0.0003650 secs] [Times: user=0.00 sys=0.00, real=0.00 secs] 
31.372: Total time for which application threads were stopped: 0.0004570 seconds, Stopping threads took: 0.0000450 seconds
31.392: Application time: 0.0203570 seconds
31.392: [GC [PSYoungGen: 7359K->896K(7680K)] 11614K->5151K(25088K), 0.0004670 secs] [Times: user=0.00 sys=0.00, real=0.00 secs] 
31.393: Total time for which application threads were stopped: 0.0005590 seconds, Stopping threads took: 0.0000420 seconds
31.410: Application time: 0.0174930 seconds
31.410: [GC [PSYoungGen: 7551K->928K(7680K)] 11806K->5183K(25088K), 0.0004270 secs] [Times: user=0.00 sys=0.00, real=0.00 secs] 
31.411: Total time for which application threads were stopped: 0.0005240 seconds, Stopping threads took: 0.0000500 seconds
31.432: Application time: 0.0211810 seconds
31.432: [GC [PSYoungGen: 7583K->928K(7680K)] 11839K->5183K(25088K), 0.0004080 secs] [Times: user=0.00 sys=0.00, real=0.00 secs] 
31.433: Total time for which application threads were stopped: 0.0005140 seconds, Stopping threads took: 0.0000550 seconds
31.457: Application time: 0.0243270 seconds
31.457: [GC [PSYoungGen: 7582K->1008K(7680K)] 11838K->5263K(25088K), 0.0004220 secs] [Times: user=0.00 sys=0.00, real=0.00 secs] 
31.457: Total time for which application threads were stopped: 0.0005170 seconds, Stopping threads took: 0.0000460 seconds
31.485: Application time: 0.0278290 seconds
31.485: [GC [PSYoungGen: 7662K->992K(7680K)] 11918K->5263K(25088K), 0.0004990 secs] [Times: user=0.00 sys=0.00, real=0.00 secs] 
31.486: Total time for which application threads were stopped: 0.0006000 seconds, Stopping threads took: 0.0000500 seconds
31.507: Application time: 0.0207560 seconds
31.507: [GC [PSYoungGen: 7646K->928K(7680K)] 11918K->5455K(25088K), 0.0006430 secs] [Times: user=0.00 sys=0.00, real=0.00 secs] 
31.507: Total time for which application threads were stopped: 0.0007460 seconds, Stopping threads took: 0.0000530 seconds
31.530: Application time: 0.0222940 seconds
31.530: [GC [PSYoungGen: 7583K->912K(7680K)] 12111K->5439K(25088K), 0.0004080 secs] [Times: user=0.00 sys=0.00, real=0.00 secs] 
31.530: Total time for which application threads were stopped: 0.0005100 seconds, Stopping threads took: 0.0000520 seconds
31.554: Application time: 0.0240790 seconds
31.554: [GC [PSYoungGen: 7563K->1008K(7680K)] 12091K->5535K(25088K), 0.0004180 secs] [Times: user=0.00 sys=0.00, real=0.00 secs] 
31.555: Total time for which application threads were stopped: 0.0005270 seconds, Stopping threads took: 0.0000590 seconds
31.584: Application time: 0.0287600 seconds
31.584: [GC [PSYoungGen: 7660K->992K(7680K)] 12188K->5527K(25088K), 0.0004750 secs] [Times: user=0.00 sys=0.00, real=0.00 secs] 
31.584: Total time for which application threads were stopped: 0.0005730 seconds, Stopping threads took: 0.0000500 seconds
31.605: Application time: 0.0206870 seconds
31.605: [GC [PSYoungGen: 7644K->1008K(7680K)] 12180K->5664K(25088K), 0.0004620 secs] [Times: user=0.00 sys=0.00, real=0.00 secs] 
31.605: Total time for which application threads were stopped: 0.0005600 seconds, Stopping threads took: 0.0000500 seconds
31.624: Application time: 0.0191230 seconds
31.625: [GC [PSYoungGen: 7662K->1008K(7680K)] 12318K->5856K(25088K), 0.0005050 secs] [Times: user=0.00 sys=0.00, real=0.00 secs] 
31.625: Total time for which application threads were stopped: 0.0006080 seconds, Stopping threads took: 0.0000510 seconds
31.643: Application time: 0.0175650 seconds
31.643: [GC [PSYoungGen: 7663K->1008K(7680K)] 12511K->6064K(25088K), 0.0005050 secs] [Times: user=0.00 sys=0.00, real=0.00 secs] 
31.643: Total time for which application threads were stopped: 0.0006010 seconds, Stopping threads took: 0.0000460 seconds
31.664: Application time: 0.0208400 seconds
31.664: [GC [PSYoungGen: 7661K->944K(7680K)] 12718K->6128K(25088K), 0.0004430 secs] [Times: user=0.00 sys=0.00, real=0.00 secs] 
31.665: Total time for which application threads were stopped: 0.0005400 seconds, Stopping threads took: 0.0000460 seconds
31.687: Application time: 0.0220960 seconds
31.687: [GC [PSYoungGen: 7596K->992K(7680K)] 12780K->6296K(25088K), 0.0005060 secs] [Times: user=0.00 sys=0.00, real=0.00 secs] 
31.688: Total time for which application threads were stopped: 0.0009170 seconds, Stopping threads took: 0.0003540 seconds
31.708: Application time: 0.0198800 seconds
31.708: [GC [PSYoungGen: 7644K->992K(7680K)] 12949K->6384K(25088K), 0.0004820 secs] [Times: user=0.01 sys=0.00, real=0.00 secs] 
31.708: Total time for which application threads were stopped: 0.0005890 seconds, Stopping threads took: 0.0000520 seconds
31.730: Application time: 0.0222830 seconds
31.731: [GC [PSYoungGen: 7648K->992K(7680K)] 13040K->6584K(25088K), 0.0004450 secs] [Times: user=0.01 sys=0.00, real=0.00 secs] 
31.731: Total time for which application threads were stopped: 0.0005550 seconds, Stopping threads took: 0.0000500 seconds
31.759: Application time: 0.0280400 seconds
31.759: [GC [PSYoungGen: 7644K->992K(7680K)] 13236K->6744K(25088K), 0.0005090 secs] [Times: user=0.01 sys=0.00, real=0.00 secs] 
31.760: Total time for which application threads were stopped: 0.0006200 seconds, Stopping threads took: 0.0000550 seconds
31.788: Application time: 0.0280980 seconds
31.788: [GC [PSYoungGen: 7604K->1008K(7680K)] 13356K->6857K(25088K), 0.0005180 secs] [Times: user=0.00 sys=0.00, real=0.00 secs] 
31.788: Total time for which application threads were stopped: 0.0006330 seconds, Stopping threads took: 0.0000600 seconds
31.815: Application time: 0.0266590 seconds
31.815: [GC [PSYoungGen: 7663K->1008K(7680K)] 13512K->7021K(25088K), 0.0004900 secs] [Times: user=0.00 sys=0.00, real=0.00 secs] 
31.816: Total time for which application threads were stopped: 0.0005930 seconds, Stopping threads took: 0.0000510 seconds
31.843: Application time: 0.0277940 seconds
31.844: [GC [PSYoungGen: 7662K->992K(7680K)] 13675K->7242K(25088K), 0.0005760 secs] [Times: user=0.01 sys=0.01, real=0.00 secs] 
31.844: Total time for which application threads were stopped: 0.0006850 seconds, Stopping threads took: 0.0000570 seconds
31.873: Application time: 0.0292240 seconds
31.873: [GC [PSYoungGen: 7646K->992K(7680K)] 13897K->7274K(25088K), 0.0004200 secs] [Times: user=0.00 sys=0.00, real=0.00 secs] 
31.874: Total time for which application threads were stopped: 0.0005210 seconds, Stopping threads took: 0.0000510 seconds
31.904: Application time: 0.0297230 seconds
31.904: [GC [PSYoungGen: 7646K->912K(7680K)] 13929K->7322K(25088K), 0.0003970 secs] [Times: user=0.00 sys=0.00, real=0.00 secs] 
31.904: Total time for which application threads were stopped: 0.0005020 seconds, Stopping threads took: 0.0000550 seconds
31.933: Application time: 0.0285140 seconds
31.933: [GC [PSYoungGen: 7564K->928K(7680K)] 13974K->7482K(25088K), 0.0004650 secs] [Times: user=0.00 sys=0.00, real=0.00 secs] 
31.933: Total time for which application threads were stopped: 0.0005690 seconds, Stopping threads took: 0.0000550 seconds
31.962: Application time: 0.0287220 seconds
31.962: [GC [PSYoungGen: 7581K->992K(7680K)] 14136K->7586K(25088K), 0.0004340 secs] [Times: user=0.00 sys=0.00, real=0.00 secs] 
31.962: Total time for which application threads were stopped: 0.0005320 seconds, Stopping threads took: 0.0000470 seconds
31.992: Application time: 0.0291840 seconds
31.992: [GC [PSYoungGen: 7646K->1008K(7680K)] 14241K->7642K(25088K), 0.0004350 secs] [Times: user=0.01 sys=0.00, real=0.00 secs] 
31.992: Total time for which application threads were stopped: 0.0005360 seconds, Stopping threads took: 0.0000510 seconds
32.021: Application time: 0.0289150 seconds
32.021: [GC [PSYoungGen: 7627K->912K(7680K)] 14261K->7698K(25088K), 0.0004770 secs] [Times: user=0.00 sys=0.00, real=0.00 secs] 
32.022: Total time for which application threads were stopped: 0.0005710 seconds, Stopping threads took: 0.0000450 seconds
32.050: Application time: 0.0279670 seconds
32.051: [GC [PSYoungGen: 7567K->960K(7680K)] 14354K->7874K(25088K), 0.0004510 secs] [Times: user=0.01 sys=0.00, real=0.00 secs] 
32.052: Total time for which application threads were stopped: 0.0019930 seconds, Stopping threads took: 0.0014900 seconds
32.080: Application time: 0.0287250 seconds
32.080: [GC [PSYoungGen: 7614K->992K(7680K)] 14528K->8066K(25088K), 0.0004370 secs] [Times: user=0.00 sys=0.00, real=0.00 secs] 
32.081: Total time for which application threads were stopped: 0.0005440 seconds, Stopping threads took: 0.0000560 seconds
32.109: Application time: 0.0286030 seconds
32.110: [GC [PSYoungGen: 7645K->992K(7680K)] 14720K->8122K(25088K), 0.0004130 secs] [Times: user=0.00 sys=0.00, real=0.00 secs] 
32.110: Total time for which application threads were stopped: 0.0005130 seconds, Stopping threads took: 0.0000490 seconds
32.138: Application time: 0.0279240 seconds
32.138: [GC [PSYoungGen: 7646K->960K(7680K)] 14776K->8314K(25088K), 0.0004270 secs] [Times: user=0.00 sys=0.00, real=0.00 secs] 
32.138: Total time for which application threads were stopped: 0.0005350 seconds, Stopping threads took: 0.0000570 seconds
32.168: Application time: 0.0295230 seconds
32.168: [GC [PSYoungGen: 7614K->896K(7680K)] 14969K->8258K(25088K), 0.0004320 secs] [Times: user=0.01 sys=0.00, real=0.00 secs] 
32.169: Total time for which application threads were stopped: 0.0005480 seconds, Stopping threads took: 0.0000680 seconds
32.198: Application time: 0.0299190 seconds
32.199: [GC [PSYoungGen: 7550K->896K(7680K)] 14913K->8314K(25088K), 0.0004360 secs] [Times: user=0.01 sys=0.00, real=0.00 secs] 
32.199: Total time for which application threads were stopped: 0.0005320 seconds, Stopping threads took: 0.0000430 seconds
32.229: Application time: 0.0296830 seconds
32.229: [GC [PSYoungGen: 7550K->864K(7680K)] 14969K->8282K(25088K), 0.0003920 secs] [Times: user=0.00 sys=0.00, real=0.00 secs] 
32.229: Total time for which application threads were stopped: 0.0004900 seconds, Stopping threads took: 0.0000490 seconds
32.259: Application time: 0.0299580 seconds
32.259: [GC [PSYoungGen: 7518K->800K(7680K)] 14937K->8311K(25088K), 0.0003820 secs] [Times: user=0.00 sys=0.00, real=0.00 secs] 
32.260: Total time for which application threads were stopped: 0.0004890 seconds, Stopping threads took: 0.0000490 seconds
32.290: Application time: 0.0300010 seconds
32.290: [GC [PSYoungGen: 7452K->736K(7680K)] 14963K->8315K(25088K), 0.0003490 secs] [Times: user=0.00 sys=0.00, real=0.00 secs] 
32.290: Total time for which application threads were stopped: 0.0004530 seconds, Stopping threads took: 0.0000550 seconds
32.320: Application time: 0.0302470 seconds
32.320: [GC [PSYoungGen: 7390K->736K(7680K)] 14970K->8315K(25088K), 0.0003440 secs] [Times: user=0.00 sys=0.00, real=0.00 secs] 
32.321: Total time for which application threads were stopped: 0.0004480 seconds, Stopping threads took: 0.0000560 seconds
32.351: Application time: 0.0299090 seconds
32.351: [GC [PSYoungGen: 7390K->736K(7680K)] 14970K->8315K(25088K), 0.0003550 secs] [Times: user=0.00 sys=0.00, real=0.01 secs] 
32.351: Total time for which application threads were stopped: 0.0004560 seconds, Stopping threads took: 0.0000510 seconds
32.381: Application time: 0.0297930 seconds
32.381: [GC [PSYoungGen: 7390K->768K(7680K)] 14970K->8347K(25088K), 0.0003420 secs] [Times: user=0.00 sys=0.00, real=0.00 secs] 
32.381: Total time for which application threads were stopped: 0.0004420 seconds, Stopping threads took: 0.0000520 seconds
32.411: Application time: 0.0299890 seconds
32.411: [GC [PSYoungGen: 7422K->576K(7680K)] 15002K->8360K(25088K), 0.0003630 secs] [Times: user=0.00 sys=0.00, real=0.00 secs] 
32.412: Total time for which application threads were stopped: 0.0004690 seconds, Stopping threads took: 0.0000580 seconds
32.442: Application time: 0.0299580 seconds
32.442: [GC [PSYoungGen: 7230K->512K(7680K)] 15014K->8296K(25088K), 0.0003530 secs] [Times: user=0.00 sys=0.00, real=0.00 secs] 
32.442: Total time for which application threads were stopped: 0.0004520 seconds, Stopping threads took: 0.0000490 seconds
32.472: Application time: 0.0297460 seconds
32.472: [GC [PSYoungGen: 7166K->576K(7680K)] 14950K->8360K(25088K), 0.0003590 secs] [Times: user=0.00 sys=0.00, real=0.00 secs] 
32.472: Total time for which application threads were stopped: 0.0004510 seconds, Stopping threads took: 0.0000460 seconds
32.502: Application time: 0.0297720 seconds
32.502: [GC [PSYoungGen: 7230K->480K(7680K)] 15014K->8332K(25088K), 0.0003530 secs] [Times: user=0.00 sys=0.00, real=0.00 secs] 
32.503: Total time for which application threads were stopped: 0.0004430 seconds, Stopping threads took: 0.0000420 seconds
32.532: Application time: 0.0297330 seconds
32.532: [GC [PSYoungGen: 7134K->512K(7680K)] 14987K->8364K(25088K), 0.0003290 secs] [Times: user=0.00 sys=0.00, real=0.00 secs] 
32.533: Total time for which application threads were stopped: 0.0004210 seconds, Stopping threads took: 0.0000460 seconds
32.563: Application time: 0.0298900 seconds
32.563: [GC [PSYoungGen: 7166K->352K(7680K)] 15019K->8425K(25088K), 0.0003270 secs] [Times: user=0.00 sys=0.00, real=0.00 secs] 
32.563: Total time for which application threads were stopped: 0.0004320 seconds, Stopping threads took: 0.0000570 seconds
32.593: Application time: 0.0296100 seconds
32.593: [GC [PSYoungGen: 7006K->0K(7680K)] 15080K->8293K(25088K), 0.0003150 secs] [Times: user=0.00 sys=0.00, real=0.00 secs] 
32.593: Total time for which application threads were stopped: 0.0004120 seconds, Stopping threads took: 0.0000510 seconds
32.623: Application time: 0.0295320 seconds
32.623: [GC [PSYoungGen: 6654K->0K(7680K)] 14948K->8293K(25088K), 0.0003200 secs] [Times: user=0.01 sys=0.00, real=0.00 secs] 
32.623: Total time for which application threads were stopped: 0.0004130 seconds, Stopping threads took: 0.0000450 seconds
32.653: Application time: 0.0294910 seconds
32.653: [GC [PSYoungGen: 6654K->128K(7680K)] 14948K->8421K(25088K), 0.0002890 secs] [Times: user=0.00 sys=0.00, real=0.00 secs] 
32.653: Total time for which application threads were stopped: 0.0003750 seconds, Stopping threads took: 0.0000390 seconds
32.674: Application time: 0.0209650 seconds
32.674: [GC [PSYoungGen: 6782K->384K(7680K)] 15075K->8677K(25088K), 0.0003430 secs] [Times: user=0.00 sys=0.00, real=0.00 secs] 
32.674: Total time for which application threads were stopped: 0.0004340 seconds, Stopping threads took: 0.0000360 seconds
32.696: Application time: 0.0212190 seconds
32.696: [GC [PSYoungGen: 7037K->320K(7680K)] 15331K->8613K(25088K), 0.0003560 secs] [Times: user=0.00 sys=0.00, real=0.00 secs] 
32.696: Total time for which application threads were stopped: 0.0004470 seconds, Stopping threads took: 0.0000440 seconds
32.723: Application time: 0.0273870 seconds
32.724: [GC [PSYoungGen: 6974K->512K(7680K)] 15268K->8805K(25088K), 0.0003540 secs] [Times: user=0.00 sys=0.00, real=0.00 secs] 
32.724: Total time for which application threads were stopped: 0.0004600 seconds, Stopping threads took: 0.0000560 seconds
32.751: Application time: 0.0270810 seconds
32.751: [GC [PSYoungGen: 7166K->480K(7680K)] 15460K->8773K(25088K), 0.0003910 secs] [Times: user=0.00 sys=0.00, real=0.00 secs] 
32.752: Total time for which application threads were stopped: 0.0005240 seconds, Stopping threads took: 0.0000710 seconds
32.771: Application time: 0.0199590 seconds
32.772: [GC [PSYoungGen: 7132K->544K(7680K)] 15426K->8837K(25088K), 0.0004200 secs] [Times: user=0.00 sys=0.00, real=0.00 secs] 
32.772: Total time for which application threads were stopped: 0.0005210 seconds, Stopping threads took: 0.0000380 seconds
32.793: Application time: 0.0208940 seconds
32.793: [GC [PSYoungGen: 7200K->512K(7680K)] 15493K->8805K(25088K), 0.0003550 secs] [Times: user=0.00 sys=0.00, real=0.00 secs] 
32.793: Total time for which application threads were stopped: 0.0004530 seconds, Stopping threads took: 0.0000510 seconds
32.823: Application time: 0.0293530 seconds
32.823: [GC [PSYoungGen: 7166K->512K(7680K)] 15460K->8805K(25088K), 0.0004050 secs] [Times: user=0.00 sys=0.00, real=0.00 secs] 
32.823: Total time for which application threads were stopped: 0.0005230 seconds, Stopping threads took: 0.0000560 seconds
32.852: Application time: 0.0291220 seconds
32.852: [GC [PSYoungGen: 7164K->416K(7680K)] 15458K->8709K(25088K), 0.0003560 secs] [Times: user=0.00 sys=0.00, real=0.00 secs] 
32.853: Total time for which application threads were stopped: 0.0004470 seconds, Stopping threads took: 0.0000450 seconds
32.881: Application time: 0.0284900 seconds
32.881: [GC [PSYoungGen: 7069K->544K(7680K)] 15363K->8837K(25088K), 0.0003460 secs] [Times: user=0.00 sys=0.01, real=0.00 secs] 
32.882: Total time for which application threads were stopped: 0.0004430 seconds, Stopping threads took: 0.0000480 seconds
32.911: Application time: 0.0293330 seconds
32.911: [GC [PSYoungGen: 7198K->544K(7680K)] 15492K->8837K(25088K), 0.0003370 secs] [Times: user=0.00 sys=0.00, real=0.00 secs] 
32.911: Total time for which application threads were stopped: 0.0004340 seconds, Stopping threads took: 0.0000520 seconds
32.941: Application time: 0.0296170 seconds
32.941: [GC [PSYoungGen: 7196K->512K(7680K)] 15490K->8805K(25088K), 0.0003520 secs] [Times: user=0.01 sys=0.00, real=0.00 secs] 
32.942: Total time for which application threads were stopped: 0.0004560 seconds, Stopping threads took: 0.0000530 seconds
32.971: Application time: 0.0292850 seconds
32.971: [GC [PSYoungGen: 7166K->448K(7680K)] 15460K->8741K(25088K), 0.0003740 secs] [Times: user=0.00 sys=0.00, real=0.01 secs] 
32.971: Total time for which application threads were stopped: 0.0004830 seconds, Stopping threads took: 0.0000600 seconds
33.001: Application time: 0.0294340 seconds
33.001: [GC [PSYoungGen: 7102K->512K(7680K)] 15396K->8805K(25088K), 0.0003740 secs] [Times: user=0.00 sys=0.00, real=0.00 secs] 
33.001: Total time for which application threads were stopped: 0.0004620 seconds, Stopping threads took: 0.0000420 seconds
33.031: Application time: 0.0293690 seconds
33.031: [GC [PSYoungGen: 7166K->544K(7680K)] 15460K->8837K(25088K), 0.0003230 secs] [Times: user=0.00 sys=0.00, real=0.00 secs] 
33.031: Total time for which application threads were stopped: 0.0004250 seconds, Stopping threads took: 0.0000550 seconds
33.060: Application time: 0.0292970 seconds
33.060: [GC [PSYoungGen: 7198K->448K(7680K)] 15492K->8741K(25088K), 0.0003510 secs] [Times: user=0.00 sys=0.00, real=0.00 secs] 
33.061: Total time for which application threads were stopped: 0.0004410 seconds, Stopping threads took: 0.0000420 seconds
33.089: Application time: 0.0284190 seconds
33.089: [GC [PSYoungGen: 7100K->576K(7680K)] 15393K->8869K(25088K), 0.0003300 secs] [Times: user=0.00 sys=0.00, real=0.00 secs] 
33.090: Total time for which application threads were stopped: 0.0004150 seconds, Stopping threads took: 0.0000370 seconds
33.111: Application time: 0.0217170 seconds
33.111: [GC [PSYoungGen: 7231K->704K(7680K)] 15524K->8997K(25088K), 0.0003770 secs] [Times: user=0.00 sys=0.00, real=0.00 secs] 
33.112: Total time for which application threads were stopped: 0.0004760 seconds, Stopping threads took: 0.0000530 seconds
33.132: Application time: 0.0200140 seconds
33.132: [GC [PSYoungGen: 7359K->960K(7680K)] 15653K->9253K(25088K), 0.0004110 secs] [Times: user=0.00 sys=0.00, real=0.00 secs] 
33.132: Total time for which application threads were stopped: 0.0004990 seconds, Stopping threads took: 0.0000380 seconds
33.149: Application time: 0.0168180 seconds
33.149: [GC [PSYoungGen: 7615K->992K(7680K)] 15908K->9285K(25088K), 0.0004010 secs] [Times: user=0.00 sys=0.00, real=0.00 secs] 
33.150: Total time for which application threads were stopped: 0.0005030 seconds, Stopping threads took: 0.0000540 seconds
33.171: Application time: 0.0211580 seconds
33.171: [GC [PSYoungGen: 7645K->992K(7680K)] 15939K->9285K(25088K), 0.0004200 secs] [Times: user=0.00 sys=0.00, real=0.01 secs] 
33.171: Total time for which application threads were stopped: 0.0005330 seconds, Stopping threads took: 0.0000620 seconds
33.196: Application time: 0.0245640 seconds
33.199: [GC [PSYoungGen: 7643K->992K(7680K)] 15937K->9285K(25088K), 0.0006100 secs] [Times: user=0.01 sys=0.00, real=0.00 secs] 
33.200: Total time for which application threads were stopped: 0.0038640 seconds, Stopping threads took: 0.0031950 seconds
33.228: Application time: 0.0278350 seconds
33.228: [GC [PSYoungGen: 7646K->1008K(7680K)] 15940K->9301K(25088K), 0.0004690 secs] [Times: user=0.01 sys=0.00, real=0.00 secs] 
33.228: Total time for which application threads were stopped: 0.0005580 seconds, Stopping threads took: 0.0000360 seconds
33.252: Application time: 0.0242080 seconds
33.252: [GC [PSYoungGen: 7662K->992K(7680K)] 15955K->9453K(25088K), 0.0004870 secs] [Times: user=0.00 sys=0.00, real=0.00 secs] 
33.253: Total time for which application threads were stopped: 0.0005860 seconds, Stopping threads took: 0.0000480 seconds
33.274: Application time: 0.0206840 seconds
33.274: [GC [PSYoungGen: 7646K->992K(7680K)] 16108K->9642K(25088K), 0.0004480 secs] [Times: user=0.00 sys=0.00, real=0.00 secs] 
33.274: Total time for which application threads were stopped: 0.0005540 seconds, Stopping threads took: 0.0000530 seconds
33.296: Application time: 0.0221420 seconds
33.296: [GC [PSYoungGen: 7645K->992K(7680K)] 16296K->9682K(25088K), 0.0004440 secs] [Times: user=0.00 sys=0.00, real=0.00 secs] 
33.297: Total time for which application threads were stopped: 0.0005500 seconds, Stopping threads took: 0.0000560 seconds
33.326: Application time: 0.0293240 seconds
33.326: [GC [PSYoungGen: 7646K->960K(7680K)] 16336K->9778K(25088K), 0.0004450 secs] [Times: user=0.00 sys=0.00, real=0.00 secs] 
33.327: Total time for which application threads were stopped: 0.0005430 seconds, Stopping threads took: 0.0000490 seconds
33.349: Application time: 0.0219030 seconds
33.349: [GC [PSYoungGen: 7612K->1008K(7680K)] 16430K->9946K(25088K), 0.0004950 secs] [Times: user=0.00 sys=0.00, real=0.00 secs] 
33.349: Total time for which application threads were stopped: 0.0005980 seconds, Stopping threads took: 0.0000510 seconds
33.370: Application time: 0.0204480 seconds
33.370: [GC [PSYoungGen: 7662K->992K(7680K)] 16600K->10090K(25088K), 0.0004300 secs] [Times: user=0.00 sys=0.00, real=0.00 secs] 
33.370: Total time for which application threads were stopped: 0.0005370 seconds, Stopping threads took: 0.0000570 seconds
33.393: Application time: 0.0222550 seconds
33.393: [GC [PSYoungGen: 7643K->1008K(7680K)] 16742K->10294K(25088K), 0.0004950 secs] [Times: user=0.00 sys=0.00, real=0.00 secs] 
33.393: Total time for which application threads were stopped: 0.0006030 seconds, Stopping threads took: 0.0000510 seconds
33.414: Application time: 0.0211340 seconds
33.415: [GC [PSYoungGen: 7662K->1008K(7680K)] 16949K->10326K(25088K), 0.0004400 secs] [Times: user=0.00 sys=0.00, real=0.00 secs] 
33.416: Total time for which application threads were stopped: 0.0013380 seconds, Stopping threads took: 0.0008460 seconds
33.436: Application time: 0.0203650 seconds
33.436: [GC [PSYoungGen: 7659K->992K(7680K)] 16978K->10538K(25088K), 0.0004530 secs] [Times: user=0.00 sys=0.00, real=0.00 secs] 
33.437: Total time for which application threads were stopped: 0.0005530 seconds, Stopping threads took: 0.0000480 seconds
33.453: Application time: 0.0162890 seconds
33.453: [GC [PSYoungGen: 7647K->1008K(7680K)] 17194K->10974K(25088K), 0.0004920 secs] [Times: user=0.00 sys=0.00, real=0.00 secs] 
33.453: Total time for which application threads were stopped: 0.0005930 seconds, Stopping threads took: 0.0000490 seconds
33.474: Application time: 0.0204400 seconds
33.474: Total time for which application threads were stopped: 0.0000610 seconds, Stopping threads took: 0.0000440 seconds
33.474: Application time: 0.0000440 seconds
33.474: [GC [PSYoungGen: 7599K->992K(7680K)] 17694K->11262K(25088K), 0.0004660 secs] [Times: user=0.00 sys=0.00, real=0.00 secs] 
33.474: Total time for which application threads were stopped: 0.0005400 seconds, Stopping threads took: 0.0000280 seconds
33.504: Application time: 0.0296630 seconds
33.504: [GC [PSYoungGen: 7646K->992K(7680K)] 18201K->11555K(25088K), 0.0004400 secs] [Times: user=0.00 sys=0.00, real=0.00 secs] 
33.505: Total time for which application threads were stopped: 0.0005520 seconds, Stopping threads took: 0.0000560 seconds
33.532: Application time: 0.0277540 seconds
33.533: [GC [PSYoungGen: 7646K->960K(7680K)] 18209K->11523K(25088K), 0.0004500 secs] [Times: user=0.01 sys=0.00, real=0.00 secs] 
33.533: Total time for which application threads were stopped: 0.0005510 seconds, Stopping threads took: 0.0000490 seconds
33.559: Application time: 0.0264120 seconds
33.560: [GC [PSYoungGen: 7613K->992K(7680K)] 18177K->11815K(25088K), 0.0004700 secs] [Times: user=0.01 sys=0.00, real=0.00 secs] 
33.560: Total time for which application threads were stopped: 0.0005690 seconds, Stopping threads took: 0.0000470 seconds
33.588: Application time: 0.0276040 seconds
33.588: [GC [PSYoungGen: 7646K->1008K(7680K)] 18469K->12039K(25088K), 0.0005400 secs] [Times: user=0.00 sys=0.00, real=0.00 secs] 
33.588: Total time for which application threads were stopped: 0.0006480 seconds, Stopping threads took: 0.0000550 seconds
33.617: Application time: 0.0290250 seconds
33.617: [GC [PSYoungGen: 7662K->992K(7680K)] 18694K->12071K(25088K), 0.0004330 secs] [Times: user=0.00 sys=0.00, real=0.00 secs] 
33.618: Total time for which application threads were stopped: 0.0005290 seconds, Stopping threads took: 0.0000450 seconds
33.647: Application time: 0.0290840 seconds
33.647: [GC [PSYoungGen: 7646K->1008K(7680K)] 18726K->12095K(25088K), 0.0004060 secs] [Times: user=0.00 sys=0.00, real=0.00 secs] 
33.647: Total time for which application threads were stopped: 0.0005070 seconds, Stopping threads took: 0.0000500 seconds
33.676: Application time: 0.0284420 seconds
33.676: [GC [PSYoungGen: 7661K->992K(7680K)] 18749K->12295K(25088K), 0.0004460 secs] [Times: user=0.00 sys=0.00, real=0.00 secs] 
33.676: Total time for which application threads were stopped: 0.0005470 seconds, Stopping threads took: 0.0000480 seconds
33.705: Application time: 0.0283890 seconds
33.705: [GC [PSYoungGen: 7644K->992K(7680K)] 18947K->12551K(25088K), 0.0004850 secs] [Times: user=0.00 sys=0.00, real=0.00 secs] 
33.705: Total time for which application threads were stopped: 0.0005810 seconds, Stopping threads took: 0.0000470 seconds
33.735: Application time: 0.0293470 seconds
33.735: [GC [PSYoungGen: 7646K->928K(7680K)] 19206K->12543K(25088K), 0.0004060 secs] [Times: user=0.00 sys=0.00, real=0.00 secs] 
33.735: Total time for which application threads were stopped: 0.0005070 seconds, Stopping threads took: 0.0000480 seconds
33.764: Application time: 0.0286930 seconds
33.764: [GC [PSYoungGen: 7580K->992K(7680K)] 19195K->12703K(25088K), 0.0005180 secs] [Times: user=0.00 sys=0.00, real=0.00 secs] 
33.765: Total time for which application threads were stopped: 0.0006340 seconds, Stopping threads took: 0.0000580 seconds
33.793: Application time: 0.0285110 seconds
33.793: [GC [PSYoungGen: 7645K->992K(7680K)] 19357K->12916K(25088K), 0.0004760 secs] [Times: user=0.00 sys=0.00, real=0.00 secs] 
33.794: Total time for which application threads were stopped: 0.0006070 seconds, Stopping threads took: 0.0000630 seconds
33.823: Application time: 0.0292660 seconds
33.823: [GC [PSYoungGen: 7646K->992K(7680K)] 19570K->12964K(25088K), 0.0004520 secs] [Times: user=0.00 sys=0.00, real=0.00 secs] 
33.823: Total time for which application threads were stopped: 0.0005500 seconds, Stopping threads took: 0.0000470 seconds
33.851: Application time: 0.0276600 seconds
33.851: [GC [PSYoungGen: 7645K->992K(7680K)] 19617K->13176K(25088K), 0.0005580 secs] [Times: user=0.01 sys=0.00, real=0.00 secs] 
33.852: Total time for which application threads were stopped: 0.0006650 seconds, Stopping threads took: 0.0000540 seconds
33.880: Application time: 0.0278360 seconds
33.880: [GC [PSYoungGen: 7646K->992K(7680K)] 19830K->13384K(25088K), 0.0005480 secs] [Times: user=0.00 sys=0.00, real=0.00 secs] 
33.880: Total time for which application threads were stopped: 0.0006470 seconds, Stopping threads took: 0.0000460 seconds
33.910: Application time: 0.0300920 seconds
33.910: [GC [PSYoungGen: 7646K->992K(7680K)] 20039K->13416K(25088K), 0.0004280 secs] [Times: user=0.00 sys=0.00, real=0.00 secs] 
33.911: Total time for which application threads were stopped: 0.0005440 seconds, Stopping threads took: 0.0000590 seconds
33.941: Application time: 0.0298450 seconds
33.941: [GC [PSYoungGen: 7646K->992K(7680K)] 20071K->13424K(25088K), 0.0004060 secs] [Times: user=0.01 sys=0.00, real=0.00 secs] 
33.941: Total time for which application threads were stopped: 0.0004940 seconds, Stopping threads took: 0.0000370 seconds
33.971: Application time: 0.0300210 seconds
33.971: [GC [PSYoungGen: 7646K->992K(7680K)] 20079K->13472K(25088K), 0.0003920 secs] [Times: user=0.00 sys=0.00, real=0.00 secs] 
33.972: Total time for which application threads were stopped: 0.0004910 seconds, Stopping threads took: 0.0000490 seconds
34.002: Application time: 0.0300680 seconds
34.002: [GC [PSYoungGen: 7646K->992K(7680K)] 20127K->13517K(25088K), 0.0003890 secs] [Times: user=0.00 sys=0.00, real=0.00 secs] 
34.002: Total time for which application threads were stopped: 0.0004790 seconds, Stopping threads took: 0.0000400 seconds
34.032: Application time: 0.0298580 seconds
34.032: [GC [PSYoungGen: 7646K->672K(7680K)] 20171K->13393K(25088K), 0.0004650 secs] [Times: user=0.00 sys=0.00, real=0.00 secs] 
34.033: Total time for which application threads were stopped: 0.0005600 seconds, Stopping threads took: 0.0000460 seconds
34.063: Application time: 0.0297920 seconds
34.063: [GC [PSYoungGen: 7326K->736K(7680K)] 20048K->13457K(25088K), 0.0003760 secs] [Times: user=0.00 sys=0.00, real=0.00 secs] 
34.063: Total time for which application threads were stopped: 0.0004720 seconds, Stopping threads took: 0.0000450 seconds
34.093: Application time: 0.0298310 seconds
34.093: [GC [PSYoungGen: 7390K->736K(7680K)] 20112K->13457K(25088K), 0.0003750 secs] [Times: user=0.00 sys=0.00, real=0.00 secs] 
34.093: Total time for which application threads were stopped: 0.0004800 seconds, Stopping threads took: 0.0000510 seconds
34.123: Application time: 0.0298060 seconds
34.123: [GC [PSYoungGen: 7390K->736K(7680K)] 20112K->13465K(25088K), 0.0004580 secs] [Times: user=0.00 sys=0.00, real=0.00 secs] 
34.124: Total time for which application threads were stopped: 0.0005690 seconds, Stopping threads took: 0.0000570 seconds
34.154: Application time: 0.0301560 seconds
34.154: [GC [PSYoungGen: 7388K->704K(7680K)] 20118K->13526K(25088K), 0.0003610 secs] [Times: user=0.00 sys=0.00, real=0.00 secs] 
34.154: Total time for which application threads were stopped: 0.0004610 seconds, Stopping threads took: 0.0000470 seconds
34.186: Application time: 0.0312880 seconds
34.186: [GC [PSYoungGen: 7360K->672K(7680K)] 20182K->13494K(25088K), 0.0003870 secs] [Times: user=0.01 sys=0.00, real=0.00 secs] 
34.186: Total time for which application threads were stopped: 0.0004940 seconds, Stopping threads took: 0.0000570 seconds
34.216: Application time: 0.0297960 seconds
34.216: [GC [PSYoungGen: 7326K->640K(7680K)] 20149K->13502K(25088K), 0.0004170 secs] [Times: user=0.01 sys=0.00, real=0.00 secs] 
34.216: Total time for which application threads were stopped: 0.0005220 seconds, Stopping threads took: 0.0000520 seconds
34.246: Application time: 0.0299800 seconds
34.247: [GC [PSYoungGen: 7294K->512K(7680K)] 20157K->13566K(25088K), 0.0003910 secs] [Times: user=0.01 sys=0.00, real=0.00 secs] 
34.247: Total time for which application threads were stopped: 0.0004880 seconds, Stopping threads took: 0.0000480 seconds
34.277: Application time: 0.0300690 seconds
34.277: [GC [PSYoungGen: 7164K->512K(7680K)] 20218K->13566K(25088K), 0.0003320 secs] [Times: user=0.00 sys=0.00, real=0.00 secs] 
34.277: Total time for which application threads were stopped: 0.0004260 seconds, Stopping threads took: 0.0000440 seconds
34.307: Application time: 0.0299270 seconds
34.307: [GC [PSYoungGen: 7166K->384K(7680K)] 20221K->13658K(25088K), 0.0003370 secs] [Times: user=0.00 sys=0.00, real=0.00 secs] 
34.308: Total time for which application threads were stopped: 0.0004480 seconds, Stopping threads took: 0.0000470 seconds
34.338: Application time: 0.0297890 seconds
34.338: [GC [PSYoungGen: 7038K->0K(7680K)] 20313K->13490K(25088K), 0.0003890 secs] [Times: user=0.00 sys=0.00, real=0.00 secs] 
34.338: Total time for which application threads were stopped: 0.0004870 seconds, Stopping threads took: 0.0000510 seconds
34.368: Application time: 0.0297550 seconds
34.368: [GC [PSYoungGen: 6654K->0K(7680K)] 20145K->13490K(25088K), 0.0003160 secs] [Times: user=0.00 sys=0.00, real=0.00 secs] 
34.368: Total time for which application threads were stopped: 0.0004120 seconds, Stopping threads took: 0.0000500 seconds
34.398: Application time: 0.0296610 seconds
34.398: [GC [PSYoungGen: 6654K->0K(7680K)] 20145K->13490K(25088K), 0.0002930 secs] [Times: user=0.00 sys=0.00, real=0.00 secs] 
34.398: Total time for which application threads were stopped: 0.0003990 seconds, Stopping threads took: 0.0000590 seconds
34.421: Application time: 0.0225140 seconds
34.421: [GC [PSYoungGen: 6652K->288K(7680K)] 20143K->13778K(25088K), 0.0003860 secs] [Times: user=0.00 sys=0.00, real=0.00 secs] 
34.421: Total time for which application threads were stopped: 0.0004820 seconds, Stopping threads took: 0.0000450 seconds
34.443: Application time: 0.0213680 seconds
34.443: [GC [PSYoungGen: 6943K->352K(7680K)] 20434K->13842K(25088K), 0.0003370 secs] [Times: user=0.00 sys=0.00, real=0.00 secs] 
34.443: Total time for which application threads were stopped: 0.0004490 seconds, Stopping threads took: 0.0000610 seconds
34.468: Application time: 0.0249210 seconds
34.468: [GC [PSYoungGen: 7005K->320K(7680K)] 20496K->13810K(25088K), 0.0003570 secs] [Times: user=0.00 sys=0.00, real=0.00 secs] 
34.469: Total time for which application threads were stopped: 0.0004590 seconds, Stopping threads took: 0.0000540 seconds
34.498: Application time: 0.0292750 seconds
34.498: [GC [PSYoungGen: 6972K->352K(7680K)] 20463K->13842K(25088K), 0.0003150 secs] [Times: user=0.00 sys=0.00, real=0.00 secs] 
34.498: Total time for which application threads were stopped: 0.0004180 seconds, Stopping threads took: 0.0000550 seconds
34.524: Application time: 0.0255280 seconds
34.524: [GC [PSYoungGen: 7005K->512K(7680K)] 20496K->14002K(25088K), 0.0003770 secs] [Times: user=0.00 sys=0.00, real=0.00 secs] 
34.524: Total time for which application threads were stopped: 0.0004790 seconds, Stopping threads took: 0.0000530 seconds
34.545: Application time: 0.0207990 seconds
34.545: [GC [PSYoungGen: 7166K->480K(7680K)] 20657K->13970K(25088K), 0.0004150 secs] [Times: user=0.00 sys=0.00, real=0.00 secs] 
34.546: Total time for which application threads were stopped: 0.0005080 seconds, Stopping threads took: 0.0000440 seconds
34.567: Application time: 0.0215850 seconds
34.567: [GC [PSYoungGen: 7136K->672K(7680K)] 20626K->14162K(25088K), 0.0003670 secs] [Times: user=0.00 sys=0.00, real=0.00 secs] 
34.568: Total time for which application threads were stopped: 0.0004780 seconds, Stopping threads took: 0.0000600 seconds
34.597: Application time: 0.0290970 seconds
34.597: [GC [PSYoungGen: 7324K->544K(7680K)] 20815K->14034K(25088K), 0.0003480 secs] [Times: user=0.00 sys=0.00, real=0.00 secs] 
34.597: Total time for which application threads were stopped: 0.0004490 seconds, Stopping threads took: 0.0000530 seconds
34.626: Application time: 0.0293170 seconds
34.627: [GC [PSYoungGen: 7198K->448K(7680K)] 20689K->13938K(25088K), 0.0003800 secs] [Times: user=0.01 sys=0.00, real=0.00 secs] 
34.627: Total time for which application threads were stopped: 0.0004850 seconds, Stopping threads took: 0.0000520 seconds
34.655: Application time: 0.0284460 seconds
34.655: [GC [PSYoungGen: 7100K->512K(7680K)] 20590K->14002K(25088K), 0.0003910 secs] [Times: user=0.00 sys=0.00, real=0.00 secs] 
34.656: Total time for which application threads were stopped: 0.0004820 seconds, Stopping threads took: 0.0000430 seconds
34.685: Application time: 0.0294490 seconds
34.685: [GC [PSYoungGen: 7166K->608K(7680K)] 20657K->14098K(25088K), 0.0003720 secs] [Times: user=0.00 sys=0.00, real=0.00 secs] 
34.686: Total time for which application threads were stopped: 0.0004700 seconds, Stopping threads took: 0.0000500 seconds
34.717: Application time: 0.0307280 seconds
34.717: [GC [PSYoungGen: 7260K->480K(7680K)] 20751K->13970K(25088K), 0.0004460 secs] [Times: user=0.00 sys=0.00, real=0.00 secs] 
34.717: Total time for which application threads were stopped: 0.0005490 seconds, Stopping threads took: 0.0000510 seconds
34.747: Application time: 0.0297330 seconds
34.747: [GC [PSYoungGen: 7134K->480K(7680K)] 20625K->13970K(25088K), 0.0006680 secs] [Times: user=0.01 sys=0.00, real=0.00 secs] 
34.749: Total time for which application threads were stopped: 0.0016860 seconds, Stopping threads took: 0.0000390 seconds
34.778: Application time: 0.0299890 seconds
34.779: [GC [PSYoungGen: 7132K->480K(7680K)] 20623K->13970K(25088K), 0.0003940 secs] [Times: user=0.01 sys=0.00, real=0.00 secs] 
34.779: Total time for which application threads were stopped: 0.0005030 seconds, Stopping threads took: 0.0000540 seconds
34.808: Application time: 0.0293220 seconds
34.808: [GC [PSYoungGen: 7134K->480K(7680K)] 20625K->13970K(25088K), 0.0003690 secs] [Times: user=0.00 sys=0.00, real=0.00 secs] 
34.809: Total time for which application threads were stopped: 0.0004940 seconds, Stopping threads took: 0.0000640 seconds
34.837: Application time: 0.0283650 seconds
34.837: [GC [PSYoungGen: 7132K->544K(7680K)] 20623K->14034K(25088K), 0.0003360 secs] [Times: user=0.00 sys=0.00, real=0.00 secs] 
34.838: Total time for which application threads were stopped: 0.0004340 seconds, Stopping threads took: 0.0000490 seconds
34.860: Application time: 0.0224130 seconds
34.860: [GC [PSYoungGen: 7195K->800K(7680K)] 20686K->14290K(25088K), 0.0004490 secs] [Times: user=0.01 sys=0.00, real=0.00 secs] 
34.861: Total time for which application threads were stopped: 0.0005400 seconds, Stopping threads took: 0.0000400 seconds
34.881: Application time: 0.0205400 seconds
34.881: [GC [PSYoungGen: 7455K->992K(7680K)] 20946K->14482K(25088K), 0.0004160 secs] [Times: user=0.00 sys=0.00, real=0.00 secs] 
34.882: Total time for which application threads were stopped: 0.0005100 seconds, Stopping threads took: 0.0000440 seconds
34.898: Application time: 0.0166040 seconds
34.898: [GC [PSYoungGen: 7644K->928K(7680K)] 21135K->14418K(25088K), 0.0004930 secs] [Times: user=0.00 sys=0.00, real=0.00 secs] 
34.899: Total time for which application threads were stopped: 0.0005860 seconds, Stopping threads took: 0.0000420 seconds
34.920: Application time: 0.0214000 seconds
34.920: [GC [PSYoungGen: 7581K->928K(7680K)] 21072K->14418K(25088K), 0.0004530 secs] [Times: user=0.01 sys=0.00, real=0.00 secs] 
34.921: Total time for which application threads were stopped: 0.0005600 seconds, Stopping threads took: 0.0000550 seconds
34.947: Application time: 0.0259840 seconds
34.947: [GC [PSYoungGen: 7580K->992K(7680K)] 21070K->14482K(25088K), 0.0004340 secs] [Times: user=0.00 sys=0.00, real=0.00 secs] 
34.947: Total time for which application threads were stopped: 0.0005340 seconds, Stopping threads took: 0.0000500 seconds
34.974: Application time: 0.0265110 seconds
34.974: [GC [PSYoungGen: 7647K->992K(7680K)] 21138K->14482K(25088K), 0.0004440 secs] [Times: user=0.00 sys=0.00, real=0.00 secs] 
34.974: Total time for which application threads were stopped: 0.0005520 seconds, Stopping threads took: 0.0000560 seconds
34.995: Application time: 0.0204290 seconds
34.995: [GC [PSYoungGen: 7647K->992K(7680K)] 21137K->14666K(25088K), 0.0004920 secs] [Times: user=0.00 sys=0.00, real=0.00 secs] 
34.995: Total time for which application threads were stopped: 0.0005960 seconds, Stopping threads took: 0.0000540 seconds
35.017: Application time: 0.0212390 seconds
35.017: [GC [PSYoungGen: 7645K->960K(7680K)] 21320K->14762K(25088K), 0.0004570 secs] [Times: user=0.01 sys=0.00, real=0.00 secs] 
35.017: Total time for which application threads were stopped: 0.0005490 seconds, Stopping threads took: 0.0000430 seconds
35.042: Application time: 0.0245160 seconds
35.042: [GC [PSYoungGen: 7614K->1008K(7680K)] 21417K->14810K(25088K), 0.0004440 secs] [Times: user=0.00 sys=0.00, real=0.00 secs] 
35.042: Total time for which application threads were stopped: 0.0005410 seconds, Stopping threads took: 0.0000440 seconds
35.071: Application time: 0.0289840 seconds
35.071: [GC [PSYoungGen: 7660K->944K(7680K)] 21463K->14746K(25088K), 0.0004830 secs] [Times: user=0.00 sys=0.00, real=0.00 secs] 
35.072: Total time for which application threads were stopped: 0.0005790 seconds, Stopping threads took: 0.0000500 seconds
35.092: Application time: 0.0200950 seconds
35.092: [GC [PSYoungGen: 7597K->1008K(7680K)] 21399K->14974K(25088K), 0.0004810 secs] [Times: user=0.00 sys=0.00, real=0.00 secs] 
35.092: Total time for which application threads were stopped: 0.0005800 seconds, Stopping threads took: 0.0000480 seconds
35.113: Application time: 0.0206220 seconds
35.113: [GC [PSYoungGen: 7663K->992K(7680K)] 21630K->14999K(25088K), 0.0004960 secs] [Times: user=0.01 sys=0.00, real=0.00 secs] 
35.114: Total time for which application threads were stopped: 0.0006020 seconds, Stopping threads took: 0.0000540 seconds
35.140: Application time: 0.0264630 seconds
35.140: [GC [PSYoungGen: 7644K->1008K(7680K)] 21650K->15023K(25088K), 0.0004730 secs] [Times: user=0.00 sys=0.00, real=0.00 secs] 
35.141: Total time for which application threads were stopped: 0.0005740 seconds, Stopping threads took: 0.0000510 seconds
35.162: Application time: 0.0210660 seconds
35.162: [GC [PSYoungGen: 7662K->992K(7680K)] 21677K->15159K(25088K), 0.0005190 secs] [Times: user=0.00 sys=0.00, real=0.00 secs] 
35.162: Total time for which application threads were stopped: 0.0006460 seconds, Stopping threads took: 0.0000750 seconds
35.178: Application time: 0.0155690 seconds
35.178: [GC [PSYoungGen: 7644K->1008K(7680K)] 21811K->15403K(25088K), 0.0004730 secs] [Times: user=0.01 sys=0.00, real=0.00 secs] 
35.179: Total time for which application threads were stopped: 0.0005560 seconds, Stopping threads took: 0.0000340 seconds
35.195: Application time: 0.0166280 seconds
35.195: [GC [PSYoungGen: 7662K->992K(7680K)] 22057K->15559K(25088K), 0.0004930 secs] [Times: user=0.00 sys=0.00, real=0.00 secs] 
35.196: Total time for which application threads were stopped: 0.0005960 seconds, Stopping threads took: 0.0000540 seconds
35.218: Application time: 0.0218850 seconds
35.218: [GC [PSYoungGen: 7645K->992K(7680K)] 22212K->15847K(25088K), 0.0004880 secs] [Times: user=0.01 sys=0.00, real=0.00 secs] 
35.218: Total time for which application threads were stopped: 0.0005860 seconds, Stopping threads took: 0.0000490 seconds
35.247: Application time: 0.0284450 seconds
35.247: [GC [PSYoungGen: 7646K->1008K(7680K)] 22502K->15863K(25088K), 0.0004650 secs] [Times: user=0.00 sys=0.00, real=0.00 secs] 
35.247: Total time for which application threads were stopped: 0.0005630 seconds, Stopping threads took: 0.0000440 seconds
35.275: Application time: 0.0275360 seconds
35.275: [GC [PSYoungGen: 7661K->944K(7680K)] 22517K->15927K(25088K), 0.0004400 secs] [Times: user=0.01 sys=0.00, real=0.00 secs] 
35.275: Total time for which application threads were stopped: 0.0005490 seconds, Stopping threads took: 0.0000580 seconds
35.302: Application time: 0.0270120 seconds
35.302: [GC [PSYoungGen: 7598K->992K(7680K)] 22581K->16127K(25088K), 0.0004870 secs] [Times: user=0.00 sys=0.00, real=0.00 secs] 
35.303: Total time for which application threads were stopped: 0.0005960 seconds, Stopping threads took: 0.0000540 seconds
35.330: Application time: 0.0270720 seconds
35.330: [GC [PSYoungGen: 7647K->1008K(7680K)] 22783K->16375K(25088K), 0.0004720 secs] [Times: user=0.00 sys=0.00, real=0.00 secs] 
35.331: Total time for which application threads were stopped: 0.0005860 seconds, Stopping threads took: 0.0000530 seconds
35.360: Application time: 0.0289180 seconds
35.360: [GC [PSYoungGen: 7662K->928K(7680K)] 23030K->16383K(25088K), 0.0004250 secs] [Times: user=0.00 sys=0.00, real=0.00 secs] 
35.360: Total time for which application threads were stopped: 0.0005360 seconds, Stopping threads took: 0.0000550 seconds
35.389: Application time: 0.0290710 seconds
35.389: [GC [PSYoungGen: 7582K->944K(7680K)] 23038K->16399K(25088K), 0.0003950 secs] [Times: user=0.00 sys=0.00, real=0.00 secs] 
35.390: Total time for which application threads were stopped: 0.0005050 seconds, Stopping threads took: 0.0000510 seconds
35.418: Application time: 0.0283520 seconds
35.418: [GC [PSYoungGen: 7596K->976K(7680K)] 23052K->16599K(25088K), 0.0004800 secs] [Times: user=0.00 sys=0.00, real=0.00 secs] 
35.419: Total time for which application threads were stopped: 0.0005890 seconds, Stopping threads took: 0.0000540 seconds
35.447: Application time: 0.0283490 seconds
35.447: [GC [PSYoungGen: 7628K->992K(7680K)] 23252K->16615K(25088K), 0.0004080 secs] [Times: user=0.00 sys=0.00, real=0.00 secs] 
35.448: Total time for which application threads were stopped: 0.0005040 seconds, Stopping threads took: 0.0000410 seconds
35.477: Application time: 0.0294690 seconds
35.477: [GC [PSYoungGen: 7644K->944K(7680K)] 23268K->16607K(25088K), 0.0004880 secs] [Times: user=0.00 sys=0.00, real=0.00 secs] 
35.478: Total time for which application threads were stopped: 0.0005790 seconds, Stopping threads took: 0.0000400 seconds
35.507: Application time: 0.0292750 seconds
35.507: [GC [PSYoungGen: 7598K->960K(7680K)] 23262K->16660K(25088K), 0.0004030 secs] [Times: user=0.00 sys=0.00, real=0.00 secs] 
35.507: Total time for which application threads were stopped: 0.0005020 seconds, Stopping threads took: 0.0000490 seconds
35.535: Application time: 0.0277760 seconds
35.535: [GC [PSYoungGen: 7614K->992K(7680K)] 23314K->16780K(25088K), 0.0004420 secs] [Times: user=0.00 sys=0.00, real=0.00 secs] 
35.536: Total time for which application threads were stopped: 0.0005310 seconds, Stopping threads took: 0.0000360 seconds
35.565: Application time: 0.0293990 seconds
35.565: [GC [PSYoungGen: 7644K->992K(7680K)] 23432K->16812K(25088K), 0.0004430 secs] [Times: user=0.00 sys=0.00, real=0.00 secs] 
35.566: Total time for which application threads were stopped: 0.0005360 seconds, Stopping threads took: 0.0000430 seconds
35.594: Application time: 0.0284350 seconds
35.594: [GC [PSYoungGen: 7644K->992K(7680K)] 23464K->16844K(25088K), 0.0004740 secs] [Times: user=0.01 sys=0.00, real=0.00 secs] 
35.595: Total time for which application threads were stopped: 0.0005750 seconds, Stopping threads took: 0.0000470 seconds
35.622: Application time: 0.0269860 seconds
35.622: [GC [PSYoungGen: 7645K->992K(7680K)] 23497K->16940K(25088K), 0.0004560 secs] [Times: user=0.00 sys=0.00, real=0.00 secs] 
35.622: Total time for which application threads were stopped: 0.0005580 seconds, Stopping threads took: 0.0000470 seconds
35.652: Application time: 0.0296040 seconds
35.652: [GC [PSYoungGen: 7646K->992K(7680K)] 23595K->16988K(25088K), 0.0004320 secs] [Times: user=0.00 sys=0.00, real=0.00 secs] 
35.652: Total time for which application threads were stopped: 0.0005310 seconds, Stopping threads took: 0.0000480 seconds
35.683: Application time: 0.0302560 seconds
35.683: [GC [PSYoungGen: 7644K->992K(7680K)] 23640K->17004K(25088K), 0.0004970 secs] [Times: user=0.00 sys=0.00, real=0.00 secs] 
35.684: Total time for which application threads were stopped: 0.0011330 seconds, Stopping threads took: 0.0005840 seconds
35.715: Application time: 0.0310320 seconds
35.715: [GC [PSYoungGen: 7646K->992K(7680K)] 23659K->17041K(25088K), 0.0004330 secs] [Times: user=0.00 sys=0.00, real=0.00 secs] 
35.715: Total time for which application threads were stopped: 0.0005470 seconds, Stopping threads took: 0.0000600 seconds
35.745: Application time: 0.0301410 seconds
35.745: [GC [PSYoungGen: 7646K->960K(7680K)] 23695K->17009K(25088K), 0.0003870 secs] [Times: user=0.00 sys=0.00, real=0.00 secs] 
35.746: Total time for which application threads were stopped: 0.0004880 seconds, Stopping threads took: 0.0000500 seconds
35.776: Application time: 0.0301610 seconds
35.776: [GC [PSYoungGen: 7614K->800K(7680K)] 23663K->17053K(25088K), 0.0005030 secs] [Times: user=0.00 sys=0.00, real=0.00 secs] 
35.777: Total time for which application threads were stopped: 0.0006250 seconds, Stopping threads took: 0.0000640 seconds
35.806: Application time: 0.0298080 seconds
35.807: [GC [PSYoungGen: 7454K->800K(7680K)] 23708K->17053K(25088K), 0.0004310 secs] [Times: user=0.00 sys=0.00, real=0.00 secs] 
35.807: Total time for which application threads were stopped: 0.0005450 seconds, Stopping threads took: 0.0000530 seconds
35.837: Application time: 0.0297040 seconds
35.837: [GC [PSYoungGen: 7454K->832K(7680K)] 23708K->17085K(25088K), 0.0003690 secs] [Times: user=0.00 sys=0.00, real=0.00 secs] 
35.837: Total time for which application threads were stopped: 0.0004740 seconds, Stopping threads took: 0.0000480 seconds
35.867: Application time: 0.0297390 seconds
35.867: [GC [PSYoungGen: 7486K->800K(7680K)] 23740K->17053K(25088K), 0.0003630 secs] [Times: user=0.00 sys=0.00, real=0.00 secs] 
35.867: Total time for which application threads were stopped: 0.0004700 seconds, Stopping threads took: 0.0000560 seconds
35.897: Application time: 0.0298840 seconds
35.897: [GC [PSYoungGen: 7454K->736K(7680K)] 23708K->17194K(25088K), 0.0003850 secs] [Times: user=0.00 sys=0.00, real=0.00 secs] 
35.898: Total time for which application threads were stopped: 0.0004860 seconds, Stopping threads took: 0.0000460 seconds
35.928: Application time: 0.0298240 seconds
35.928: [GC [PSYoungGen: 7390K->608K(7680K)] 23848K->17066K(25088K), 0.0003960 secs] [Times: user=0.00 sys=0.00, real=0.00 secs] 
35.928: Total time for which application threads were stopped: 0.0005010 seconds, Stopping threads took: 0.0000530 seconds
35.958: Application time: 0.0298350 seconds
35.958: [GC [PSYoungGen: 7262K->608K(7680K)] 23720K->17066K(25088K), 0.0003640 secs] [Times: user=0.00 sys=0.00, real=0.00 secs] 
35.958: Total time for which application threads were stopped: 0.0004720 seconds, Stopping threads took: 0.0000540 seconds
35.989: Application time: 0.0300860 seconds
35.989: [GC [PSYoungGen: 7260K->448K(7680K)] 23718K->17114K(25088K), 0.0003610 secs] [Times: user=0.00 sys=0.00, real=0.00 secs] 
35.989: Total time for which application threads were stopped: 0.0004550 seconds, Stopping threads took: 0.0000450 seconds
36.019: Application time: 0.0302750 seconds
36.019: [GC [PSYoungGen: 7102K->480K(7680K)] 23768K->17146K(25088K), 0.0003370 secs] [Times: user=0.00 sys=0.00, real=0.00 secs] 
36.020: Total time for which application threads were stopped: 0.0004390 seconds, Stopping threads took: 0.0000510 seconds
36.050: Application time: 0.0298260 seconds
36.050: [GC [PSYoungGen: 7134K->512K(7680K)] 23800K->17178K(25088K), 0.0003440 secs] [Times: user=0.00 sys=0.00, real=0.00 secs] 
36.050: Total time for which application threads were stopped: 0.0004590 seconds, Stopping threads took: 0.0000660 seconds
36.080: Application time: 0.0298250 seconds
36.080: [GC [PSYoungGen: 7166K->0K(7680K)] 23832K->17022K(25088K), 0.0003540 secs] [Times: user=0.00 sys=0.00, real=0.00 secs] 
36.080: Total time for which application threads were stopped: 0.0004600 seconds, Stopping threads took: 0.0000590 seconds
36.110: Application time: 0.0297530 seconds
36.110: [GC [PSYoungGen: 6654K->0K(7680K)] 23677K->17022K(25088K), 0.0002940 secs] [Times: user=0.00 sys=0.00, real=0.00 secs] 
36.110: Total time for which application threads were stopped: 0.0003970 seconds, Stopping threads took: 0.0000570 seconds
36.137: Application time: 0.0266190 seconds
36.137: [GC [PSYoungGen: 6656K->256K(7680K)] 23678K->17278K(25088K), 0.0004200 secs] [Times: user=0.00 sys=0.00, real=0.00 secs] 
36.138: Total time for which application threads were stopped: 0.0005160 seconds, Stopping threads took: 0.0000470 seconds
36.158: Application time: 0.0207950 seconds
36.158: [GC [PSYoungGen: 6909K->384K(7680K)] 23932K->17406K(25088K), 0.0003330 secs] [Times: user=0.00 sys=0.00, real=0.00 secs] 
36.159: Total time for which application threads were stopped: 0.0004290 seconds, Stopping threads took: 0.0000470 seconds
36.181: Application time: 0.0219840 seconds
36.181: [GC [PSYoungGen: 7039K->384K(7680K)] 24062K->17406K(25088K), 0.0003420 secs] [Times: user=0.00 sys=0.00, real=0.00 secs] 
36.181: Total time for which application threads were stopped: 0.0004590 seconds, Stopping threads took: 0.0000670 seconds
36.211: Application time: 0.0297840 seconds
36.211: [GC [PSYoungGen: 7036K->288K(7680K)] 24058K->17310K(25088K), 0.0004550 secs] [Times: user=0.00 sys=0.00, real=0.00 secs] 
36.212: Total time for which application threads were stopped: 0.0005590 seconds, Stopping threads took: 0.0000510 seconds
36.242: Application time: 0.0302350 seconds
36.242: [GC [PSYoungGen: 6940K->384K(7680K)] 23962K->17406K(25088K), 0.0003410 secs] [Times: user=0.00 sys=0.00, real=0.00 secs] 
36.242: Total time for which application threads were stopped: 0.0004350 seconds, Stopping threads took: 0.0000440 seconds
36.268: Application time: 0.0259430 seconds
36.268: [GC [PSYoungGen: 7039K->544K(7680K)] 24061K->17566K(25088K), 0.0003430 secs] [Times: user=0.00 sys=0.00, real=0.00 secs] 
36.269: Total time for which application threads were stopped: 0.0004460 seconds, Stopping threads took: 0.0000550 seconds
36.289: Application time: 0.0207310 seconds
36.289: [GC [PSYoungGen: 7196K->544K(7680K)] 24219K->17566K(25088K), 0.0003670 secs] [Times: user=0.00 sys=0.00, real=0.00 secs] 
36.290: Total time for which application threads were stopped: 0.0004670 seconds, Stopping threads took: 0.0000510 seconds
36.311: Application time: 0.0212570 seconds
36.311: [GC [PSYoungGen: 7200K->576K(7680K)] 24222K->17598K(25088K), 0.0003570 secs] [Times: user=0.00 sys=0.00, real=0.00 secs] 
36.312: Total time for which application threads were stopped: 0.0004560 seconds, Stopping threads took: 0.0000500 seconds
36.341: Application time: 0.0292530 seconds
36.341: [GC [PSYoungGen: 7228K->480K(7680K)] 24250K->17502K(25088K), 0.0003800 secs] [Times: user=0.01 sys=0.00, real=0.00 secs] 
36.341: Total time for which application threads were stopped: 0.0004970 seconds, Stopping threads took: 0.0000580 seconds
36.370: Application time: 0.0291280 seconds
36.371: [GC [PSYoungGen: 7132K->480K(7680K)] 24154K->17502K(25088K), 0.0003560 secs] [Times: user=0.00 sys=0.00, real=0.00 secs] 
36.371: Total time for which application threads were stopped: 0.0004570 seconds, Stopping threads took: 0.0000530 seconds
36.399: Application time: 0.0284250 seconds
36.399: [GC [PSYoungGen: 7132K->512K(7680K)] 24154K->17534K(25088K), 0.0003660 secs] [Times: user=0.00 sys=0.00, real=0.00 secs] 
36.400: Total time for which application threads were stopped: 0.0004720 seconds, Stopping threads took: 0.0000570 seconds
36.429: Application time: 0.0296060 seconds
36.429: [GC [PSYoungGen: 7164K->512K(7680K)] 24186K->17534K(25088K), 0.0004030 secs] [Times: user=0.00 sys=0.00, real=0.00 secs] 
36.430: Total time for which application threads were stopped: 0.0004940 seconds, Stopping threads took: 0.0000430 seconds
36.459: Application time: 0.0294860 seconds
36.459: [GC [PSYoungGen: 7166K->640K(7680K)] 24189K->17662K(25088K), 0.0003740 secs] [Times: user=0.00 sys=0.00, real=0.00 secs] 
36.460: Total time for which application threads were stopped: 0.0004740 seconds, Stopping threads took: 0.0000520 seconds
36.489: Application time: 0.0296270 seconds
36.490: [GC [PSYoungGen: 7292K->576K(7680K)] 24314K->17598K(25088K), 0.0004350 secs] [Times: user=0.01 sys=0.00, real=0.00 secs] 
36.490: Total time for which application threads were stopped: 0.0005360 seconds, Stopping threads took: 0.0000450 seconds
36.519: Application time: 0.0294280 seconds
36.520: [GC [PSYoungGen: 7230K->608K(7680K)] 24253K->17630K(25088K), 0.0004160 secs] [Times: user=0.00 sys=0.00, real=0.00 secs] 
36.520: Total time for which application threads were stopped: 0.0005170 seconds, Stopping threads took: 0.0000500 seconds
36.549: Application time: 0.0294590 seconds
36.550: [GC [PSYoungGen: 7262K->544K(7680K)] 24285K->17566K(25088K), 0.0003640 secs] [Times: user=0.00 sys=0.00, real=0.00 secs] 
36.550: Total time for which application threads were stopped: 0.0004640 seconds, Stopping threads took: 0.0000470 seconds
36.579: Application time: 0.0288220 seconds
36.579: [GC [PSYoungGen: 7198K->576K(7680K)] 24220K->17598K(25088K), 0.0003430 secs] [Times: user=0.00 sys=0.00, real=0.01 secs] 
36.579: Total time for which application threads were stopped: 0.0004330 seconds, Stopping threads took: 0.0000410 seconds
36.604: Application time: 0.0246650 seconds
36.607: [GC [PSYoungGen: 7228K->704K(7680K)] 24251K->17726K(25088K), 0.0004110 secs] [Times: user=0.00 sys=0.00, real=0.00 secs] 
36.608: Total time for which application threads were stopped: 0.0037420 seconds, Stopping threads took: 0.0032830 seconds
36.628: Application time: 0.0207420 seconds
36.628: [GC [PSYoungGen: 7358K->736K(7680K)] 24381K->17758K(25088K), 0.0003820 secs] [Times: user=0.00 sys=0.00, real=0.00 secs] 
36.629: Total time for which application threads were stopped: 0.0004750 seconds, Stopping threads took: 0.0000450 seconds
36.646: Application time: 0.0168880 seconds
36.646: [GC [PSYoungGen: 7391K->992K(7680K)] 24414K->18014K(25088K), 0.0004150 secs] [Times: user=0.01 sys=0.00, real=0.00 secs] 
36.646: Total time for which application threads were stopped: 0.0005120 seconds, Stopping threads took: 0.0000500 seconds
36.667: Application time: 0.0203990 seconds
36.667: [GC [PSYoungGen: 7646K->928K(7680K)] 24669K->17950K(25088K), 0.0004480 secs] [Times: user=0.00 sys=0.00, real=0.00 secs] 
36.667: Total time for which application threads were stopped: 0.0005380 seconds, Stopping threads took: 0.0000420 seconds
36.691: Application time: 0.0240140 seconds
36.691: [GC [PSYoungGen: 7580K->992K(7680K)] 24602K->18014K(25088K), 0.0004170 secs] [Times: user=0.00 sys=0.00, real=0.00 secs] 
36.692: Total time for which application threads were stopped: 0.0005050 seconds, Stopping threads took: 0.0000390 seconds
36.718: Application time: 0.0264260 seconds
36.719: [GC [PSYoungGen: 7644K->992K(7680K)] 24667K->18022K(25088K), 0.0004420 secs] [Times: user=0.01 sys=0.00, real=0.00 secs] 
36.720: Total time for which application threads were stopped: 0.0015220 seconds, Stopping threads took: 0.0010250 seconds
36.746: Application time: 0.0265250 seconds
36.746: [GC [PSYoungGen: 7644K->992K(7680K)] 24674K->18174K(25088K), 0.0004680 secs] [Times: user=0.00 sys=0.00, real=0.00 secs] 
36.747: Total time for which application threads were stopped: 0.0005720 seconds, Stopping threads took: 0.0000520 seconds
36.767: Application time: 0.0203870 seconds
36.767: [GC [PSYoungGen: 7647K->960K(7680K)] 24830K->18270K(25088K), 0.0004960 secs] [Times: user=0.01 sys=0.00, real=0.00 secs] 
36.768: [Full GC [PSYoungGen: 960K->0K(7680K)] [ParOldGen: 17310K->3024K(17408K)] 18270K->3024K(25088K) [PSPermGen: 5538K->5535K(21504K)], 0.0090090 secs] [Times: user=0.04 sys=0.00, real=0.01 secs] 
36.777: Total time for which application threads were stopped: 0.0096560 seconds, Stopping threads took: 0.0000420 seconds
36.798: Application time: 0.0215970 seconds
36.798: [GC [PSYoungGen: 6652K->128K(7680K)] 9677K->3152K(25088K), 0.0003410 secs] [Times: user=0.00 sys=0.00, real=0.00 secs] 
36.799: Total time for which application threads were stopped: 0.0004490 seconds, Stopping threads took: 0.0000540 seconds
36.827: Application time: 0.0278470 seconds
36.827: [GC [PSYoungGen: 6779K->352K(7680K)] 9804K->3376K(25088K), 0.0003280 secs] [Times: user=0.00 sys=0.00, real=0.00 secs] 
36.827: Total time for which application threads were stopped: 0.0004350 seconds, Stopping threads took: 0.0000500 seconds
36.848: Application time: 0.0207400 seconds
36.848: [GC [PSYoungGen: 7004K->736K(7680K)] 10029K->3760K(25088K), 0.0003860 secs] [Times: user=0.00 sys=0.00, real=0.00 secs] 
36.848: Total time for which application threads were stopped: 0.0004900 seconds, Stopping threads took: 0.0000450 seconds
36.869: Application time: 0.0204570 seconds
36.869: [GC [PSYoungGen: 7389K->544K(7680K)] 10414K->3568K(25088K), 0.0003740 secs] [Times: user=0.00 sys=0.00, real=0.00 secs] 
36.869: Total time for which application threads were stopped: 0.0004770 seconds, Stopping threads took: 0.0000540 seconds
36.895: Application time: 0.0254520 seconds
36.895: [GC [PSYoungGen: 7196K->544K(7680K)] 10220K->3568K(25088K), 0.0004240 secs] [Times: user=0.00 sys=0.00, real=0.00 secs] 
36.895: Total time for which application threads were stopped: 0.0005230 seconds, Stopping threads took: 0.0000470 seconds
36.921: Application time: 0.0258010 seconds
36.921: [GC [PSYoungGen: 7198K->768K(7680K)] 10223K->3792K(25088K), 0.0003900 secs] [Times: user=0.00 sys=0.00, real=0.00 secs] 
36.922: Total time for which application threads were stopped: 0.0004850 seconds, Stopping threads took: 0.0000470 seconds
36.937: Application time: 0.0155100 seconds
36.939: [GC [PSYoungGen: 7423K->992K(7680K)] 10448K->4024K(25088K), 0.0004690 secs] [Times: user=0.00 sys=0.00, real=0.00 secs] 
36.940: Total time for which application threads were stopped: 0.0025830 seconds, Stopping threads took: 0.0020650 seconds
36.954: Application time: 0.0148110 seconds
36.955: [GC [PSYoungGen: 7643K->992K(7680K)] 10676K->4032K(25088K), 0.0004300 secs] [Times: user=0.00 sys=0.00, real=0.00 secs] 
36.955: Total time for which application threads were stopped: 0.0005350 seconds, Stopping threads took: 0.0000560 seconds
36.975: Application time: 0.0202190 seconds
36.975: [GC [PSYoungGen: 7644K->992K(7680K)] 10685K->4040K(25088K), 0.0004450 secs] [Times: user=0.00 sys=0.00, real=0.00 secs] 
36.976: Total time for which application threads were stopped: 0.0005500 seconds, Stopping threads took: 0.0000540 seconds
37.004: Application time: 0.0285690 seconds
37.004: [GC [PSYoungGen: 7646K->960K(7680K)] 10694K->4008K(25088K), 0.0004290 secs] [Times: user=0.00 sys=0.00, real=0.00 secs] 
37.005: Total time for which application threads were stopped: 0.0005370 seconds, Stopping threads took: 0.0000550 seconds
37.033: Application time: 0.0278980 seconds
37.033: [GC [PSYoungGen: 7613K->992K(7680K)] 10662K->4064K(25088K), 0.0004740 secs] [Times: user=0.00 sys=0.00, real=0.00 secs] 
37.033: Total time for which application threads were stopped: 0.0005680 seconds, Stopping threads took: 0.0000440 seconds
37.060: Application time: 0.0270950 seconds
37.060: [GC [PSYoungGen: 7566K->992K(7680K)] 10639K->4080K(25088K), 0.0004520 secs] [Times: user=0.00 sys=0.00, real=0.00 secs] 
37.061: Total time for which application threads were stopped: 0.0005550 seconds, Stopping threads took: 0.0000510 seconds
37.090: Application time: 0.0285820 seconds
37.090: [GC [PSYoungGen: 7645K->992K(7680K)] 10734K->4241K(25088K), 0.0005330 secs] [Times: user=0.00 sys=0.00, real=0.00 secs] 
37.090: Total time for which application threads were stopped: 0.0006410 seconds, Stopping threads took: 0.0000570 seconds
37.117: Application time: 0.0272420 seconds
37.118: [GC [PSYoungGen: 7646K->992K(7680K)] 10895K->4425K(25088K), 0.0005410 secs] [Times: user=0.00 sys=0.00, real=0.00 secs] 
37.118: Total time for which application threads were stopped: 0.0006380 seconds, Stopping threads took: 0.0000450 seconds
37.147: Application time: 0.0291160 seconds
37.147: [GC [PSYoungGen: 7646K->992K(7680K)] 11080K->4441K(25088K), 0.0004870 secs] [Times: user=0.00 sys=0.00, real=0.00 secs] 
37.148: Total time for which application threads were stopped: 0.0005870 seconds, Stopping threads took: 0.0000510 seconds
37.177: Application time: 0.0292480 seconds
37.177: [GC [PSYoungGen: 7646K->1008K(7680K)] 11096K->4473K(25088K), 0.0004400 secs] [Times: user=0.00 sys=0.00, real=0.00 secs] 
37.178: Total time for which application threads were stopped: 0.0005530 seconds, Stopping threads took: 0.0000620 seconds
37.207: Application time: 0.0295450 seconds
37.207: [GC [PSYoungGen: 7662K->992K(7680K)] 11127K->4505K(25088K), 0.0005060 secs] [Times: user=0.00 sys=0.00, real=0.00 secs] 
37.208: Total time for which application threads were stopped: 0.0006150 seconds, Stopping threads took: 0.0000580 seconds
37.236: Application time: 0.0282860 seconds
37.236: [GC [PSYoungGen: 7644K->928K(7680K)] 11157K->4617K(25088K), 0.0004280 secs] [Times: user=0.00 sys=0.00, real=0.00 secs] 
37.237: Total time for which application threads were stopped: 0.0005360 seconds, Stopping threads took: 0.0000540 seconds
37.265: Application time: 0.0286540 seconds
37.265: [GC [PSYoungGen: 7580K->864K(7680K)] 11269K->4561K(25088K), 0.0004230 secs] [Times: user=0.00 sys=0.00, real=0.00 secs] 
37.266: Total time for which application threads were stopped: 0.0005290 seconds, Stopping threads took: 0.0000510 seconds
37.294: Application time: 0.0283970 seconds
37.294: [GC [PSYoungGen: 7517K->992K(7680K)] 11215K->4705K(25088K), 0.0004310 secs] [Times: user=0.01 sys=0.00, real=0.00 secs] 
37.295: Total time for which application threads were stopped: 0.0005340 seconds, Stopping threads took: 0.0000520 seconds
37.324: Application time: 0.0294570 seconds
37.324: [GC [PSYoungGen: 7646K->896K(7680K)] 11360K->4609K(25088K), 0.0003970 secs] [Times: user=0.00 sys=0.00, real=0.00 secs] 
37.325: Total time for which application threads were stopped: 0.0004980 seconds, Stopping threads took: 0.0000490 seconds
37.353: Application time: 0.0279860 seconds
37.353: [GC [PSYoungGen: 7550K->992K(7680K)] 11263K->4769K(25088K), 0.0004210 secs] [Times: user=0.00 sys=0.00, real=0.00 secs] 
37.353: Total time for which application threads were stopped: 0.0005390 seconds, Stopping threads took: 0.0000500 seconds
37.381: Application time: 0.0278190 seconds
37.383: [GC [PSYoungGen: 7646K->992K(7680K)] 11423K->4777K(25088K), 0.0004140 secs] [Times: user=0.00 sys=0.00, real=0.00 secs] 
37.384: Total time for which application threads were stopped: 0.0025650 seconds, Stopping threads took: 0.0021010 seconds
37.414: Application time: 0.0302550 seconds
37.414: [GC [PSYoungGen: 7646K->992K(7680K)] 11431K->4825K(25088K), 0.0004460 secs] [Times: user=0.00 sys=0.00, real=0.00 secs] 
37.414: Total time for which application threads were stopped: 0.0005490 seconds, Stopping threads took: 0.0000490 seconds
37.444: Application time: 0.0298360 seconds
37.444: [GC [PSYoungGen: 7646K->960K(7680K)] 11480K->4921K(25088K), 0.0004320 secs] [Times: user=0.00 sys=0.00, real=0.00 secs] 
37.445: Total time for which application threads were stopped: 0.0005480 seconds, Stopping threads took: 0.0000630 seconds
37.475: Application time: 0.0302030 seconds
37.475: [GC [PSYoungGen: 7614K->832K(7680K)] 11576K->4801K(25088K), 0.0003940 secs] [Times: user=0.00 sys=0.00, real=0.00 secs] 
37.475: Total time for which application threads were stopped: 0.0004980 seconds, Stopping threads took: 0.0000520 seconds
37.505: Application time: 0.0298520 seconds
37.505: [GC [PSYoungGen: 7486K->864K(7680K)] 11456K->4918K(25088K), 0.0003760 secs] [Times: user=0.00 sys=0.00, real=0.00 secs] 
37.506: Total time for which application threads were stopped: 0.0004810 seconds, Stopping threads took: 0.0000520 seconds
37.535: Application time: 0.0296970 seconds
37.536: [GC [PSYoungGen: 7518K->768K(7680K)] 11572K->4830K(25088K), 0.0003780 secs] [Times: user=0.00 sys=0.00, real=0.00 secs] 
37.536: Total time for which application threads were stopped: 0.0004780 seconds, Stopping threads took: 0.0000490 seconds
37.566: Application time: 0.0301000 seconds
37.566: [GC [PSYoungGen: 7422K->768K(7680K)] 11484K->4890K(25088K), 0.0003700 secs] [Times: user=0.00 sys=0.00, real=0.00 secs] 
37.567: Total time for which application threads were stopped: 0.0004690 seconds, Stopping threads took: 0.0000480 seconds
37.596: Application time: 0.0298100 seconds
37.596: [GC [PSYoungGen: 7422K->768K(7680K)] 11545K->4890K(25088K), 0.0003650 secs] [Times: user=0.00 sys=0.00, real=0.00 secs] 
37.597: Total time for which application threads were stopped: 0.0004490 seconds, Stopping threads took: 0.0000360 seconds
37.627: Application time: 0.0305250 seconds
37.627: [GC [PSYoungGen: 7422K->768K(7680K)] 11545K->4890K(25088K), 0.0004220 secs] [Times: user=0.00 sys=0.00, real=0.00 secs] 
37.628: Total time for which application threads were stopped: 0.0005160 seconds, Stopping threads took: 0.0000460 seconds
37.658: Application time: 0.0298860 seconds
37.658: [GC [PSYoungGen: 7422K->768K(7680K)] 11545K->4890K(25088K), 0.0003990 secs] [Times: user=0.01 sys=0.00, real=0.00 secs] 
37.658: Total time for which application threads were stopped: 0.0004890 seconds, Stopping threads took: 0.0000410 seconds
37.688: Application time: 0.0299860 seconds
37.688: [GC [PSYoungGen: 7422K->704K(7680K)] 11545K->4903K(25088K), 0.0003510 secs] [Times: user=0.00 sys=0.00, real=0.00 secs] 
37.689: Total time for which application threads were stopped: 0.0004470 seconds, Stopping threads took: 0.0000450 seconds
37.719: Application time: 0.0301300 seconds
37.719: [GC [PSYoungGen: 7356K->640K(7680K)] 11555K->4839K(25088K), 0.0004850 secs] [Times: user=0.00 sys=0.00, real=0.01 secs] 
37.719: Total time for which application threads were stopped: 0.0005760 seconds, Stopping threads took: 0.0000430 seconds
37.751: Application time: 0.0315430 seconds
37.751: [GC [PSYoungGen: 7291K->480K(7680K)] 11490K->4891K(25088K), 0.0004660 secs] [Times: user=0.00 sys=0.00, real=0.01 secs] 
37.752: Total time for which application threads were stopped: 0.0005850 seconds, Stopping threads took: 0.0000630 seconds
37.781: Application time: 0.0299000 seconds
37.781: [GC [PSYoungGen: 7134K->480K(7680K)] 11546K->4891K(25088K), 0.0003500 secs] [Times: user=0.00 sys=0.00, real=0.00 secs] 
37.782: Total time for which application threads were stopped: 0.0004410 seconds, Stopping threads took: 0.0000370 seconds
37.812: Application time: 0.0296510 seconds
37.812: [GC [PSYoungGen: 7134K->320K(7680K)] 11546K->4944K(25088K), 0.0003440 secs] [Times: user=0.00 sys=0.00, real=0.00 secs] 
37.812: Total time for which application threads were stopped: 0.0004520 seconds, Stopping threads took: 0.0000580 seconds
37.842: Application time: 0.0296980 seconds
37.842: [GC [PSYoungGen: 6974K->0K(7680K)] 11598K->4844K(25088K), 0.0003180 secs] [Times: user=0.00 sys=0.00, real=0.00 secs] 
37.842: Total time for which application threads were stopped: 0.0004120 seconds, Stopping threads took: 0.0000460 seconds
37.872: Application time: 0.0296810 seconds
37.872: [GC [PSYoungGen: 6654K->0K(7680K)] 11499K->4844K(25088K), 0.0003140 secs] [Times: user=0.00 sys=0.00, real=0.00 secs] 
37.872: Total time for which application threads were stopped: 0.0004240 seconds, Stopping threads took: 0.0000530 seconds
37.902: Application time: 0.0296050 seconds
37.902: [GC [PSYoungGen: 6654K->0K(7680K)] 11499K->4844K(25088K), 0.0003520 secs] [Times: user=0.00 sys=0.00, real=0.00 secs] 
37.902: Total time for which application threads were stopped: 0.0004480 seconds, Stopping threads took: 0.0000490 seconds
37.923: Application time: 0.0211180 seconds
37.923: [GC [PSYoungGen: 6652K->320K(7680K)] 11496K->5164K(25088K), 0.0003960 secs] [Times: user=0.00 sys=0.00, real=0.00 secs] 
37.924: Total time for which application threads were stopped: 0.0004910 seconds, Stopping threads took: 0.0000470 seconds
37.945: Application time: 0.0213910 seconds
37.945: [GC [PSYoungGen: 6975K->288K(7680K)] 11820K->5132K(25088K), 0.0003520 secs] [Times: user=0.00 sys=0.00, real=0.00 secs] 
37.946: Total time for which application threads were stopped: 0.0004550 seconds, Stopping threads took: 0.0000570 seconds
37.972: Application time: 0.0263330 seconds
37.972: [GC [PSYoungGen: 6940K->384K(7680K)] 11784K->5228K(25088K), 0.0003120 secs] [Times: user=0.00 sys=0.00, real=0.00 secs] 
37.972: Total time for which application threads were stopped: 0.0004120 seconds, Stopping threads took: 0.0000500 seconds
38.002: Application time: 0.0291740 seconds
38.002: [GC [PSYoungGen: 7036K->352K(7680K)] 11880K->5196K(25088K), 0.0003170 secs] [Times: user=0.00 sys=0.00, real=0.00 secs] 
38.002: Total time for which application threads were stopped: 0.0004020 seconds, Stopping threads took: 0.0000390 seconds
38.028: Application time: 0.0256430 seconds
38.028: [GC [PSYoungGen: 7005K->544K(7680K)] 11850K->5388K(25088K), 0.0003550 secs] [Times: user=0.00 sys=0.00, real=0.00 secs] 
38.028: Total time for which application threads were stopped: 0.0004480 seconds, Stopping threads took: 0.0000440 seconds
38.050: Application time: 0.0218250 seconds
38.050: [GC [PSYoungGen: 7195K->512K(7680K)] 12040K->5356K(25088K), 0.0004030 secs] [Times: user=0.00 sys=0.00, real=0.00 secs] 
38.050: Total time for which application threads were stopped: 0.0005130 seconds, Stopping threads took: 0.0000590 seconds
38.071: Application time: 0.0209880 seconds
38.072: [GC [PSYoungGen: 7150K->416K(7680K)] 11995K->5260K(25088K), 0.0003340 secs] [Times: user=0.00 sys=0.00, real=0.00 secs] 
38.072: Total time for which application threads were stopped: 0.0004340 seconds, Stopping threads took: 0.0000530 seconds
38.100: Application time: 0.0286030 seconds
38.101: [GC [PSYoungGen: 7069K->544K(7680K)] 11914K->5388K(25088K), 0.0003440 secs] [Times: user=0.00 sys=0.00, real=0.00 secs] 
38.101: Total time for which application threads were stopped: 0.0004390 seconds, Stopping threads took: 0.0000470 seconds
38.130: Application time: 0.0295210 seconds
38.131: [GC [PSYoungGen: 7196K->544K(7680K)] 12040K->5388K(25088K), 0.0003400 secs] [Times: user=0.00 sys=0.00, real=0.00 secs] 
38.131: Total time for which application threads were stopped: 0.0004400 seconds, Stopping threads took: 0.0000520 seconds
38.159: Application time: 0.0283550 seconds
38.159: [GC [PSYoungGen: 7198K->576K(7680K)] 12042K->5420K(25088K), 0.0003500 secs] [Times: user=0.00 sys=0.00, real=0.00 secs] 
38.160: Total time for which application threads were stopped: 0.0004520 seconds, Stopping threads took: 0.0000530 seconds
38.189: Application time: 0.0293440 seconds
38.189: [GC [PSYoungGen: 7230K->512K(7680K)] 12075K->5356K(25088K), 0.0003420 secs] [Times: user=0.01 sys=0.00, real=0.00 secs] 
38.189: Total time for which application threads were stopped: 0.0004330 seconds, Stopping threads took: 0.0000440 seconds
38.219: Application time: 0.0295930 seconds
38.219: [GC [PSYoungGen: 7166K->512K(7680K)] 12011K->5356K(25088K), 0.0004030 secs] [Times: user=0.00 sys=0.00, real=0.00 secs] 
38.220: Total time for which application threads were stopped: 0.0004940 seconds, Stopping threads took: 0.0000400 seconds
38.249: Application time: 0.0296890 seconds
38.249: [GC [PSYoungGen: 7164K->640K(7680K)] 12008K->5484K(25088K), 0.0003900 secs] [Times: user=0.00 sys=0.00, real=0.00 secs] 
38.250: Total time for which application threads were stopped: 0.0004930 seconds, Stopping threads took: 0.0000540 seconds
38.279: Application time: 0.0293000 seconds
38.279: [GC [PSYoungGen: 7294K->576K(7680K)] 12139K->5420K(25088K), 0.0004050 secs] [Times: user=0.00 sys=0.00, real=0.00 secs] 
38.280: Total time for which application threads were stopped: 0.0005130 seconds, Stopping threads took: 0.0000570 seconds
38.309: Application time: 0.0292090 seconds
38.309: [GC [PSYoungGen: 7230K->448K(7680K)] 12075K->5292K(25088K), 0.0003900 secs] [Times: user=0.00 sys=0.00, real=0.00 secs] 
38.309: Total time for which application threads were stopped: 0.0004940 seconds, Stopping threads took: 0.0000560 seconds
38.338: Application time: 0.0285710 seconds
38.338: [GC [PSYoungGen: 7100K->512K(7680K)] 11944K->5356K(25088K), 0.0003460 secs] [Times: user=0.00 sys=0.00, real=0.00 secs] 
38.338: Total time for which application threads were stopped: 0.0004440 seconds, Stopping threads took: 0.0000470 seconds
38.358: Application time: 0.0198720 seconds
38.358: [GC [PSYoungGen: 7167K->896K(7680K)] 12012K->5740K(25088K), 0.0004040 secs] [Times: user=0.00 sys=0.00, real=0.00 secs] 
38.359: Total time for which application threads were stopped: 0.0004960 seconds, Stopping threads took: 0.0000410 seconds
38.380: Application time: 0.0212150 seconds
38.380: [GC [PSYoungGen: 7549K->768K(7680K)] 12393K->5612K(25088K), 0.0003810 secs] [Times: user=0.00 sys=0.00, real=0.00 secs] 
38.380: Total time for which application threads were stopped: 0.0004940 seconds, Stopping threads took: 0.0000570 seconds
38.406: Application time: 0.0259340 seconds
38.406: [GC [PSYoungGen: 7420K->768K(7680K)] 12264K->5612K(25088K), 0.0003740 secs] [Times: user=0.01 sys=0.00, real=0.00 secs] 
38.407: Total time for which application threads were stopped: 0.0004770 seconds, Stopping threads took: 0.0000520 seconds
38.427: Application time: 0.0198080 seconds
38.427: [GC [PSYoungGen: 7421K->960K(7680K)] 12266K->5932K(25088K), 0.0004580 secs] [Times: user=0.01 sys=0.00, real=0.00 secs] 
38.427: Total time for which application threads were stopped: 0.0005530 seconds, Stopping threads took: 0.0000450 seconds
38.449: Application time: 0.0222390 seconds
38.449: [GC [PSYoungGen: 7615K->784K(7680K)] 12588K->5756K(25088K), 0.0004500 secs] [Times: user=0.00 sys=0.00, real=0.00 secs] 
38.450: Total time for which application threads were stopped: 0.0005610 seconds, Stopping threads took: 0.0000550 seconds
38.473: Application time: 0.0231290 seconds
38.473: [GC [PSYoungGen: 7436K->992K(7680K)] 12409K->5972K(25088K), 0.0004880 secs] [Times: user=0.00 sys=0.00, real=0.00 secs] 
38.474: Total time for which application threads were stopped: 0.0005910 seconds, Stopping threads took: 0.0000520 seconds
38.502: Application time: 0.0281440 seconds
38.503: [GC [PSYoungGen: 7646K->992K(7680K)] 12626K->5980K(25088K), 0.0004420 secs] [Times: user=0.00 sys=0.00, real=0.00 secs] 
38.504: Total time for which application threads were stopped: 0.0017880 seconds, Stopping threads took: 0.0012970 seconds
38.529: Application time: 0.0248990 seconds
38.529: [GC [PSYoungGen: 7645K->1008K(7680K)] 12634K->6284K(25088K), 0.0004840 secs] [Times: user=0.01 sys=0.00, real=0.00 secs] 
38.529: Total time for which application threads were stopped: 0.0005740 seconds, Stopping threads took: 0.0000430 seconds
38.553: Application time: 0.0236860 seconds
38.553: [GC [PSYoungGen: 7662K->976K(7680K)] 12939K->6252K(25088K), 0.0004700 secs] [Times: user=0.00 sys=0.00, real=0.00 secs] 
38.553: Total time for which application threads were stopped: 0.0005690 seconds, Stopping threads took: 0.0000490 seconds
38.573: Application time: 0.0196830 seconds
38.573: [GC [PSYoungGen: 7631K->976K(7680K)] 12907K->6380K(25088K), 0.0004360 secs] [Times: user=0.01 sys=0.00, real=0.00 secs] 
38.574: Total time for which application threads were stopped: 0.0005280 seconds, Stopping threads took: 0.0000440 seconds
38.592: Application time: 0.0182410 seconds
38.592: [GC [PSYoungGen: 7629K->992K(7680K)] 13034K->6560K(25088K), 0.0004780 secs] [Times: user=0.00 sys=0.00, real=0.00 secs] 
38.592: Total time for which application threads were stopped: 0.0005720 seconds, Stopping threads took: 0.0000440 seconds
38.613: Application time: 0.0207340 seconds
38.613: [GC [PSYoungGen: 7644K->992K(7680K)] 13213K->6580K(25088K), 0.0004710 secs] [Times: user=0.00 sys=0.00, real=0.00 secs] 
38.614: Total time for which application threads were stopped: 0.0005870 seconds, Stopping threads took: 0.0000660 seconds
38.641: Application time: 0.0272750 seconds
38.641: [GC [PSYoungGen: 7646K->1008K(7680K)] 13235K->6604K(25088K), 0.0004380 secs] [Times: user=0.00 sys=0.00, real=0.00 secs] 
38.642: Total time for which application threads were stopped: 0.0005420 seconds, Stopping threads took: 0.0000550 seconds
38.663: Application time: 0.0214690 seconds
38.663: [GC [PSYoungGen: 7662K->1008K(7680K)] 13259K->6809K(25088K), 0.0004840 secs] [Times: user=0.00 sys=0.00, real=0.00 secs] 
38.664: Total time for which application threads were stopped: 0.0005780 seconds, Stopping threads took: 0.0000410 seconds
38.683: Application time: 0.0198350 seconds
38.683: Total time for which application threads were stopped: 0.0000760 seconds, Stopping threads took: 0.0000580 seconds
38.684: Application time: 0.0000390 seconds
38.684: [GC [PSYoungGen: 7593K->1008K(7680K)] 13523K->7153K(25088K), 0.0004630 secs] [Times: user=0.01 sys=0.00, real=0.00 secs] 
38.684: Total time for which application threads were stopped: 0.0005290 seconds, Stopping threads took: 0.0000260 seconds
38.702: Application time: 0.0177060 seconds
38.703: [GC [PSYoungGen: 7663K->992K(7680K)] 14093K->7842K(25088K), 0.0005960 secs] [Times: user=0.00 sys=0.00, real=0.00 secs] 
38.704: Total time for which application threads were stopped: 0.0019930 seconds, Stopping threads took: 0.0013480 seconds
38.727: Application time: 0.0233370 seconds
38.727: [GC [PSYoungGen: 7645K->976K(7680K)] 14495K->7954K(25088K), 0.0005000 secs] [Times: user=0.00 sys=0.00, real=0.00 secs] 
38.728: Total time for which application threads were stopped: 0.0005940 seconds, Stopping threads took: 0.0000430 seconds
38.752: Application time: 0.0238230 seconds
38.752: [GC [PSYoungGen: 7628K->1008K(7680K)] 14606K->8122K(25088K), 0.0005260 secs] [Times: user=0.00 sys=0.00, real=0.00 secs] 
38.752: Total time for which application threads were stopped: 0.0006250 seconds, Stopping threads took: 0.0000460 seconds
38.780: Application time: 0.0275760 seconds
38.780: [GC [PSYoungGen: 7660K->976K(7680K)] 14774K->8258K(25088K), 0.0005780 secs] [Times: user=0.00 sys=0.00, real=0.00 secs] 
38.780: Total time for which application threads were stopped: 0.0006870 seconds, Stopping threads took: 0.0000520 seconds
38.807: Application time: 0.0263050 seconds
38.807: [GC [PSYoungGen: 7631K->1008K(7680K)] 14914K->8466K(25088K), 0.0005900 secs] [Times: user=0.00 sys=0.00, real=0.00 secs] 
38.807: Total time for which application threads were stopped: 0.0007010 seconds, Stopping threads took: 0.0000600 seconds
38.836: Application time: 0.0288220 seconds
38.836: [GC [PSYoungGen: 7662K->1008K(7680K)] 15120K->8542K(25088K), 0.0004670 secs] [Times: user=0.01 sys=0.00, real=0.00 secs] 
38.837: Total time for which application threads were stopped: 0.0005710 seconds, Stopping threads took: 0.0000550 seconds
38.865: Application time: 0.0281540 seconds
38.865: [GC [PSYoungGen: 7660K->960K(7680K)] 15194K->8706K(25088K), 0.0005100 secs] [Times: user=0.00 sys=0.00, real=0.00 secs] 
38.866: Total time for which application threads were stopped: 0.0006120 seconds, Stopping threads took: 0.0000540 seconds
38.894: Application time: 0.0280520 seconds
38.894: [GC [PSYoungGen: 7613K->1008K(7680K)] 15360K->8914K(25088K), 0.0004800 secs] [Times: user=0.00 sys=0.00, real=0.00 secs] 
38.894: Total time for which application threads were stopped: 0.0005990 seconds, Stopping threads took: 0.0000580 seconds
38.923: Application time: 0.0290380 seconds
38.923: [GC [PSYoungGen: 7662K->912K(7680K)] 15569K->8946K(25088K), 0.0004580 secs] [Times: user=0.00 sys=0.00, real=0.00 secs] 
38.924: Total time for which application threads were stopped: 0.0005550 seconds, Stopping threads took: 0.0000450 seconds
38.953: Application time: 0.0290410 seconds
38.953: [GC [PSYoungGen: 7566K->896K(7680K)] 15601K->8930K(25088K), 0.0004690 secs] [Times: user=0.00 sys=0.00, real=0.00 secs] 
38.953: Total time for which application threads were stopped: 0.0005710 seconds, Stopping threads took: 0.0000560 seconds
38.981: Application time: 0.0274970 seconds
38.981: [GC [PSYoungGen: 7550K->1008K(7680K)] 15584K->9122K(25088K), 0.0004710 secs] [Times: user=0.00 sys=0.00, real=0.00 secs] 
38.981: Total time for which application threads were stopped: 0.0005630 seconds, Stopping threads took: 0.0000430 seconds
39.010: Application time: 0.0281940 seconds
39.010: [GC [PSYoungGen: 7660K->992K(7680K)] 15774K->9267K(25088K), 0.0005110 secs] [Times: user=0.00 sys=0.00, real=0.00 secs] 
39.010: Total time for which application threads were stopped: 0.0006110 seconds, Stopping threads took: 0.0000500 seconds
39.039: Application time: 0.0284420 seconds
39.039: [GC [PSYoungGen: 7646K->992K(7680K)] 15922K->9547K(25088K), 0.0005180 secs] [Times: user=0.00 sys=0.00, real=0.01 secs] 
39.039: Total time for which application threads were stopped: 0.0006300 seconds, Stopping threads took: 0.0000560 seconds
39.069: Application time: 0.0292900 seconds
39.069: [GC [PSYoungGen: 7646K->928K(7680K)] 16202K->9539K(25088K), 0.0005320 secs] [Times: user=0.00 sys=0.00, real=0.00 secs] 
39.069: Total time for which application threads were stopped: 0.0006250 seconds, Stopping threads took: 0.0000410 seconds
39.097: Application time: 0.0276710 seconds
39.097: [GC [PSYoungGen: 7581K->992K(7680K)] 16193K->9700K(25088K), 0.0005540 secs] [Times: user=0.00 sys=0.00, real=0.00 secs] 
39.098: Total time for which application threads were stopped: 0.0006480 seconds, Stopping threads took: 0.0000460 seconds
39.126: Application time: 0.0285910 seconds
39.126: [GC [PSYoungGen: 7644K->928K(7680K)] 16352K->10009K(25088K), 0.0004930 secs] [Times: user=0.01 sys=0.00, real=0.00 secs] 
39.127: Total time for which application threads were stopped: 0.0005930 seconds, Stopping threads took: 0.0000510 seconds
39.156: Application time: 0.0287910 seconds
39.156: [GC [PSYoungGen: 7580K->896K(7680K)] 16661K->9977K(25088K), 0.0003990 secs] [Times: user=0.00 sys=0.00, real=0.00 secs] 
39.156: Total time for which application threads were stopped: 0.0005150 seconds, Stopping threads took: 0.0000550 seconds
39.186: Application time: 0.0297460 seconds
39.186: [GC [PSYoungGen: 7548K->896K(7680K)] 16629K->9977K(25088K), 0.0003950 secs] [Times: user=0.01 sys=0.00, real=0.00 secs] 
39.186: Total time for which application threads were stopped: 0.0005020 seconds, Stopping threads took: 0.0000560 seconds
39.216: Application time: 0.0296670 seconds
39.216: [GC [PSYoungGen: 7550K->864K(7680K)] 16631K->9945K(25088K), 0.0003850 secs] [Times: user=0.01 sys=0.00, real=0.00 secs] 
39.217: Total time for which application threads were stopped: 0.0004890 seconds, Stopping threads took: 0.0000540 seconds
39.248: Application time: 0.0310150 seconds
39.248: [GC [PSYoungGen: 7518K->864K(7680K)] 16599K->9973K(25088K), 0.0004780 secs] [Times: user=0.01 sys=0.00, real=0.00 secs] 
39.248: Total time for which application threads were stopped: 0.0005800 seconds, Stopping threads took: 0.0000530 seconds
39.278: Application time: 0.0299120 seconds
39.278: [GC [PSYoungGen: 7518K->800K(7680K)] 16628K->9909K(25088K), 0.0004300 secs] [Times: user=0.00 sys=0.00, real=0.00 secs] 
39.279: Total time for which application threads were stopped: 0.0005340 seconds, Stopping threads took: 0.0000540 seconds
39.308: Application time: 0.0298810 seconds
39.309: [GC [PSYoungGen: 7454K->864K(7680K)] 16564K->9973K(25088K), 0.0003850 secs] [Times: user=0.00 sys=0.00, real=0.00 secs] 
39.309: Total time for which application threads were stopped: 0.0004750 seconds, Stopping threads took: 0.0000420 seconds
39.339: Application time: 0.0296870 seconds
39.339: [GC [PSYoungGen: 7518K->800K(7680K)] 16628K->9986K(25088K), 0.0003970 secs] [Times: user=0.01 sys=0.00, real=0.01 secs] 
39.339: Total time for which application threads were stopped: 0.0005000 seconds, Stopping threads took: 0.0000540 seconds
39.369: Application time: 0.0299170 seconds
39.369: [GC [PSYoungGen: 7452K->800K(7680K)] 16638K->9986K(25088K), 0.0003710 secs] [Times: user=0.00 sys=0.00, real=0.00 secs] 
39.370: Total time for which application threads were stopped: 0.0004650 seconds, Stopping threads took: 0.0000450 seconds
39.399: Application time: 0.0297610 seconds
39.399: [GC [PSYoungGen: 7454K->768K(7680K)] 16640K->9954K(25088K), 0.0003920 secs] [Times: user=0.00 sys=0.00, real=0.00 secs] 
39.400: Total time for which application threads were stopped: 0.0005050 seconds, Stopping threads took: 0.0000550 seconds
39.430: Application time: 0.0298310 seconds
39.430: [GC [PSYoungGen: 7422K->544K(7680K)] 16608K->9926K(25088K), 0.0003940 secs] [Times: user=0.00 sys=0.00, real=0.00 secs] 
39.430: Total time for which application threads were stopped: 0.0004890 seconds, Stopping threads took: 0.0000440 seconds
39.460: Application time: 0.0297240 seconds
39.460: [GC [PSYoungGen: 7198K->512K(7680K)] 16581K->9963K(25088K), 0.0004240 secs] [Times: user=0.00 sys=0.00, real=0.00 secs] 
39.460: Total time for which application threads were stopped: 0.0005170 seconds, Stopping threads took: 0.0000440 seconds
39.490: Application time: 0.0299880 seconds
39.490: [GC [PSYoungGen: 7164K->480K(7680K)] 16615K->10007K(25088K), 0.0003840 secs] [Times: user=0.00 sys=0.00, real=0.00 secs] 
39.491: Total time for which application threads were stopped: 0.0004860 seconds, Stopping threads took: 0.0000540 seconds
39.521: Application time: 0.0298510 seconds
39.521: [GC [PSYoungGen: 7134K->608K(7680K)] 16662K->10135K(25088K), 0.0003900 secs] [Times: user=0.00 sys=0.00, real=0.00 secs] 
39.521: Total time for which application threads were stopped: 0.0004990 seconds, Stopping threads took: 0.0000580 seconds
39.551: Application time: 0.0301310 seconds
39.551: [GC [PSYoungGen: 7262K->352K(7680K)] 16790K->10111K(25088K), 0.0003670 secs] [Times: user=0.00 sys=0.00, real=0.00 secs] 
39.552: Total time for which application threads were stopped: 0.0004760 seconds, Stopping threads took: 0.0000570 seconds
39.581: Application time: 0.0295870 seconds
39.581: [GC [PSYoungGen: 7006K->352K(7680K)] 16766K->10119K(25088K), 0.0003270 secs] [Times: user=0.00 sys=0.00, real=0.00 secs] 
39.582: Total time for which application threads were stopped: 0.0004310 seconds, Stopping threads took: 0.0000490 seconds
39.612: Application time: 0.0304240 seconds
39.612: [GC [PSYoungGen: 7004K->0K(7680K)] 16771K->9988K(25088K), 0.0003690 secs] [Times: user=0.00 sys=0.00, real=0.00 secs] 
39.613: Total time for which application threads were stopped: 0.0004640 seconds, Stopping threads took: 0.0000480 seconds
39.642: Application time: 0.0295610 seconds
39.642: [GC [PSYoungGen: 6654K->0K(7680K)] 16642K->9988K(25088K), 0.0003330 secs] [Times: user=0.01 sys=0.00, real=0.00 secs] 
39.643: Total time for which application threads were stopped: 0.0004320 seconds, Stopping threads took: 0.0000490 seconds
39.665: Application time: 0.0220130 seconds
39.665: [GC [PSYoungGen: 6654K->320K(7680K)] 16642K->10308K(25088K), 0.0003570 secs] [Times: user=0.00 sys=0.00, real=0.00 secs] 
39.665: Total time for which application threads were stopped: 0.0004570 seconds, Stopping threads took: 0.0000540 seconds
39.686: Application time: 0.0212920 seconds
39.687: [GC [PSYoungGen: 6973K->384K(7680K)] 16961K->10372K(25088K), 0.0003200 secs] [Times: user=0.00 sys=0.00, real=0.00 secs] 
39.687: Total time for which application threads were stopped: 0.0004110 seconds, Stopping threads took: 0.0000460 seconds
39.712: Application time: 0.0253530 seconds
39.712: [GC [PSYoungGen: 7038K->288K(7680K)] 17026K->10276K(25088K), 0.0003500 secs] [Times: user=0.00 sys=0.00, real=0.00 secs] 
39.713: Total time for which application threads were stopped: 0.0004440 seconds, Stopping threads took: 0.0000470 seconds
39.742: Application time: 0.0291670 seconds
39.742: [GC [PSYoungGen: 6940K->384K(7680K)] 16928K->10372K(25088K), 0.0003270 secs] [Times: user=0.00 sys=0.00, real=0.00 secs] 
39.742: Total time for which application threads were stopped: 0.0004290 seconds, Stopping threads took: 0.0000540 seconds
39.770: Application time: 0.0276270 seconds
39.770: [GC [PSYoungGen: 7038K->480K(7680K)] 17026K->10468K(25088K), 0.0004390 secs] [Times: user=0.00 sys=0.00, real=0.01 secs] 
39.771: Total time for which application threads were stopped: 0.0016040 seconds, Stopping threads took: 0.0000550 seconds
39.792: Application time: 0.0208340 seconds
39.792: [GC [PSYoungGen: 7132K->544K(7680K)] 17120K->10532K(25088K), 0.0003930 secs] [Times: user=0.00 sys=0.00, real=0.00 secs] 
39.793: Total time for which application threads were stopped: 0.0004970 seconds, Stopping threads took: 0.0000540 seconds
39.814: Application time: 0.0214490 seconds
39.814: [GC [PSYoungGen: 7197K->512K(7680K)] 17185K->10500K(25088K), 0.0003490 secs] [Times: user=0.00 sys=0.00, real=0.00 secs] 
39.815: Total time for which application threads were stopped: 0.0004480 seconds, Stopping threads took: 0.0000500 seconds
39.842: Application time: 0.0272560 seconds
39.842: [GC [PSYoungGen: 7166K->576K(7680K)] 17154K->10564K(25088K), 0.0003460 secs] [Times: user=0.00 sys=0.00, real=0.00 secs] 
39.842: Total time for which application threads were stopped: 0.0004500 seconds, Stopping threads took: 0.0000510 seconds
39.872: Application time: 0.0292330 seconds
39.872: [GC [PSYoungGen: 7228K->480K(7680K)] 17216K->10468K(25088K), 0.0003580 secs] [Times: user=0.00 sys=0.00, real=0.00 secs] 
39.872: Total time for which application threads were stopped: 0.0004590 seconds, Stopping threads took: 0.0000510 seconds
39.900: Application time: 0.0283350 seconds
39.901: [GC [PSYoungGen: 7133K->480K(7680K)] 17122K->10468K(25088K), 0.0004020 secs] [Times: user=0.00 sys=0.00, real=0.00 secs] 
39.901: Total time for which application threads were stopped: 0.0005070 seconds, Stopping threads took: 0.0000460 seconds
39.931: Application time: 0.0297250 seconds
39.931: [GC [PSYoungGen: 7134K->512K(7680K)] 17122K->10500K(25088K), 0.0003610 secs] [Times: user=0.00 sys=0.00, real=0.01 secs] 
39.931: Total time for which application threads were stopped: 0.0004810 seconds, Stopping threads took: 0.0000740 seconds
39.961: Application time: 0.0294840 seconds
39.961: [GC [PSYoungGen: 7166K->512K(7680K)] 17154K->10500K(25088K), 0.0003590 secs] [Times: user=0.00 sys=0.00, real=0.00 secs] 
39.961: Total time for which application threads were stopped: 0.0004500 seconds, Stopping threads took: 0.0000420 seconds
39.991: Application time: 0.0296540 seconds
39.991: [GC [PSYoungGen: 7166K->512K(7680K)] 17154K->10500K(25088K), 0.0003650 secs] [Times: user=0.00 sys=0.00, real=0.01 secs] 
39.991: Total time for which application threads were stopped: 0.0004700 seconds, Stopping threads took: 0.0000540 seconds
40.021: Application time: 0.0300030 seconds
40.021: [GC [PSYoungGen: 7166K->480K(7680K)] 17154K->10468K(25088K), 0.0003650 secs] [Times: user=0.00 sys=0.00, real=0.00 secs] 
40.022: Total time for which application threads were stopped: 0.0004570 seconds, Stopping threads took: 0.0000430 seconds
40.051: Application time: 0.0293550 seconds
40.051: [GC [PSYoungGen: 7134K->512K(7680K)] 17122K->10500K(25088K), 0.0003400 secs] [Times: user=0.01 sys=0.00, real=0.00 secs] 
40.051: Total time for which application threads were stopped: 0.0004280 seconds, Stopping threads took: 0.0000430 seconds
40.081: Application time: 0.0293510 seconds
40.081: [GC [PSYoungGen: 7164K->544K(7680K)] 17152K->10532K(25088K), 0.0003650 secs] [Times: user=0.01 sys=0.00, real=0.00 secs] 
40.081: Total time for which application threads were stopped: 0.0004710 seconds, Stopping threads took: 0.0000540 seconds
40.108: Application time: 0.0265530 seconds
40.108: [GC [PSYoungGen: 7196K->736K(7680K)] 17184K->10724K(25088K), 0.0003790 secs] [Times: user=0.00 sys=0.00, real=0.00 secs] 
40.108: Total time for which application threads were stopped: 0.0004880 seconds, Stopping threads took: 0.0000600 seconds
40.129: Application time: 0.0206130 seconds
40.129: [GC [PSYoungGen: 7388K->768K(7680K)] 17376K->10756K(25088K), 0.0003820 secs] [Times: user=0.00 sys=0.00, real=0.00 secs] 
40.129: Total time for which application threads were stopped: 0.0004950 seconds, Stopping threads took: 0.0000610 seconds
40.149: Application time: 0.0191600 seconds
40.149: [GC [PSYoungGen: 7423K->960K(7680K)] 17411K->10948K(25088K), 0.0004170 secs] [Times: user=0.00 sys=0.00, real=0.00 secs] 
40.149: Total time for which application threads were stopped: 0.0005210 seconds, Stopping threads took: 0.0000550 seconds
40.168: Application time: 0.0193180 seconds
40.169: [GC [PSYoungGen: 7613K->960K(7680K)] 17601K->10948K(25088K), 0.0004830 secs] [Times: user=0.00 sys=0.00, real=0.00 secs] 
40.169: Total time for which application threads were stopped: 0.0005890 seconds, Stopping threads took: 0.0000550 seconds
40.191: Application time: 0.0217260 seconds
40.191: [GC [PSYoungGen: 7613K->960K(7680K)] 17602K->10948K(25088K), 0.0004490 secs] [Times: user=0.00 sys=0.00, real=0.01 secs] 
40.191: Total time for which application threads were stopped: 0.0005470 seconds, Stopping threads took: 0.0000480 seconds
40.218: Application time: 0.0262340 seconds
40.218: [GC [PSYoungGen: 7612K->992K(7680K)] 17600K->10980K(25088K), 0.0004530 secs] [Times: user=0.01 sys=0.00, real=0.00 secs] 
40.219: Total time for which application threads were stopped: 0.0010200 seconds, Stopping threads took: 0.0005120 seconds
40.247: Application time: 0.0284670 seconds
40.247: [GC [PSYoungGen: 7647K->992K(7680K)] 17636K->10988K(25088K), 0.0004610 secs] [Times: user=0.00 sys=0.00, real=0.00 secs] 
40.248: Total time for which application threads were stopped: 0.0005690 seconds, Stopping threads took: 0.0000580 seconds
40.274: Application time: 0.0265610 seconds
40.274: [GC [PSYoungGen: 7643K->1008K(7680K)] 17640K->11140K(25088K), 0.0005260 secs] [Times: user=0.00 sys=0.00, real=0.00 secs] 
40.275: Total time for which application threads were stopped: 0.0006250 seconds, Stopping threads took: 0.0000470 seconds
40.296: Application time: 0.0206820 seconds
40.296: [GC [PSYoungGen: 7662K->1008K(7680K)] 17795K->11268K(25088K), 0.0004360 secs] [Times: user=0.01 sys=0.00, real=0.00 secs] 
40.296: Total time for which application threads were stopped: 0.0005520 seconds, Stopping threads took: 0.0000630 seconds
40.315: Application time: 0.0184510 seconds
40.315: [GC [PSYoungGen: 7660K->992K(7680K)] 17920K->11388K(25088K), 0.0005190 secs] [Times: user=0.00 sys=0.00, real=0.00 secs] 
40.315: Total time for which application threads were stopped: 0.0006410 seconds, Stopping threads took: 0.0000690 seconds
40.334: Application time: 0.0187290 seconds
40.334: [GC [PSYoungGen: 7647K->992K(7680K)] 18044K->11528K(25088K), 0.0005410 secs] [Times: user=0.01 sys=0.00, real=0.00 secs] 
40.335: Total time for which application threads were stopped: 0.0006390 seconds, Stopping threads took: 0.0000480 seconds
40.356: Application time: 0.0214080 seconds
40.356: [GC [PSYoungGen: 7643K->1008K(7680K)] 18179K->11580K(25088K), 0.0004750 secs] [Times: user=0.00 sys=0.00, real=0.00 secs] 
40.357: Total time for which application threads were stopped: 0.0005770 seconds, Stopping threads took: 0.0000500 seconds
40.384: Application time: 0.0276260 seconds
40.384: [GC [PSYoungGen: 7660K->1008K(7680K)] 18232K->11740K(25088K), 0.0004940 secs] [Times: user=0.00 sys=0.00, real=0.00 secs] 
40.385: Total time for which application threads were stopped: 0.0005980 seconds, Stopping threads took: 0.0000510 seconds
40.412: Application time: 0.0272630 seconds
40.412: [GC [PSYoungGen: 7662K->992K(7680K)] 18394K->11924K(25088K), 0.0004900 secs] [Times: user=0.00 sys=0.00, real=0.00 secs] 
40.413: Total time for which application threads were stopped: 0.0005950 seconds, Stopping threads took: 0.0000460 seconds
40.432: Application time: 0.0197700 seconds
40.432: [GC [PSYoungGen: 7647K->1008K(7680K)] 18579K->12120K(25088K), 0.0004800 secs] [Times: user=0.00 sys=0.00, real=0.00 secs] 
40.433: Total time for which application threads were stopped: 0.0005770 seconds, Stopping threads took: 0.0000440 seconds
40.450: Application time: 0.0174730 seconds
40.451: [GC [PSYoungGen: 7662K->992K(7680K)] 18775K->12376K(25088K), 0.0005730 secs] [Times: user=0.00 sys=0.00, real=0.01 secs] 
40.451: Total time for which application threads were stopped: 0.0006760 seconds, Stopping threads took: 0.0000550 seconds
40.469: Application time: 0.0181890 seconds
40.469: [GC [PSYoungGen: 7647K->992K(7680K)] 19031K->12632K(25088K), 0.0005230 secs] [Times: user=0.00 sys=0.00, real=0.00 secs] 
40.470: Total time for which application threads were stopped: 0.0006170 seconds, Stopping threads took: 0.0000440 seconds
40.491: Application time: 0.0214890 seconds
40.491: [GC [PSYoungGen: 7645K->992K(7680K)] 19286K->12680K(25088K), 0.0005300 secs] [Times: user=0.01 sys=0.00, real=0.00 secs] 
40.492: Total time for which application threads were stopped: 0.0006390 seconds, Stopping threads took: 0.0000570 seconds
40.521: Application time: 0.0285010 seconds
40.523: [GC [PSYoungGen: 7644K->1008K(7680K)] 19332K->12728K(25088K), 0.0004960 secs] [Times: user=0.00 sys=0.00, real=0.00 secs] 
40.524: Total time for which application threads were stopped: 0.0031050 seconds, Stopping threads took: 0.0025560 seconds
40.550: Application time: 0.0259030 seconds
40.550: [GC [PSYoungGen: 7661K->992K(7680K)] 19381K->12904K(25088K), 0.0005070 secs] [Times: user=0.00 sys=0.00, real=0.00 secs] 
40.550: Total time for which application threads were stopped: 0.0006200 seconds, Stopping threads took: 0.0000610 seconds
40.577: Application time: 0.0271050 seconds
40.577: [GC [PSYoungGen: 7646K->992K(7680K)] 19558K->13260K(25088K), 0.0005310 secs] [Times: user=0.00 sys=0.00, real=0.00 secs] 
40.578: Total time for which application threads were stopped: 0.0006360 seconds, Stopping threads took: 0.0000560 seconds
40.606: Application time: 0.0282960 seconds
40.606: [GC [PSYoungGen: 7645K->1008K(7680K)] 19914K->13345K(25088K), 0.0004630 secs] [Times: user=0.00 sys=0.00, real=0.00 secs] 
40.607: Total time for which application threads were stopped: 0.0005590 seconds, Stopping threads took: 0.0000460 seconds
40.636: Application time: 0.0290650 seconds
40.636: [GC [PSYoungGen: 7662K->928K(7680K)] 20000K->13273K(25088K), 0.0004860 secs] [Times: user=0.00 sys=0.00, real=0.00 secs] 
40.636: Total time for which application threads were stopped: 0.0005860 seconds, Stopping threads took: 0.0000510 seconds
40.665: Application time: 0.0290080 seconds
40.666: [GC [PSYoungGen: 7582K->976K(7680K)] 19928K->13321K(25088K), 0.0004500 secs] [Times: user=0.00 sys=0.00, real=0.00 secs] 
40.666: Total time for which application threads were stopped: 0.0005370 seconds, Stopping threads took: 0.0000370 seconds
40.695: Application time: 0.0293330 seconds
40.695: [GC [PSYoungGen: 7630K->992K(7680K)] 19976K->13337K(25088K), 0.0004570 secs] [Times: user=0.00 sys=0.00, real=0.00 secs] 
40.696: Total time for which application threads were stopped: 0.0005650 seconds, Stopping threads took: 0.0000550 seconds
40.725: Application time: 0.0286200 seconds
40.725: [GC [PSYoungGen: 7646K->976K(7680K)] 19991K->13529K(25088K), 0.0004850 secs] [Times: user=0.00 sys=0.00, real=0.00 secs] 
40.725: Total time for which application threads were stopped: 0.0005910 seconds, Stopping threads took: 0.0000490 seconds
40.753: Application time: 0.0282680 seconds
40.753: [GC [PSYoungGen: 7631K->1008K(7680K)] 20184K->13633K(25088K), 0.0004670 secs] [Times: user=0.00 sys=0.00, real=0.00 secs] 
40.754: Total time for which application threads were stopped: 0.0005820 seconds, Stopping threads took: 0.0000600 seconds
40.783: Application time: 0.0291660 seconds
40.783: [GC [PSYoungGen: 7662K->992K(7680K)] 20288K->13681K(25088K), 0.0004640 secs] [Times: user=0.00 sys=0.00, real=0.00 secs] 
40.784: Total time for which application threads were stopped: 0.0005670 seconds, Stopping threads took: 0.0000510 seconds
40.814: Application time: 0.0302800 seconds
40.814: [GC [PSYoungGen: 7644K->992K(7680K)] 20333K->13681K(25088K), 0.0004130 secs] [Times: user=0.00 sys=0.00, real=0.00 secs] 
40.814: Total time for which application threads were stopped: 0.0005140 seconds, Stopping threads took: 0.0000490 seconds
40.843: Application time: 0.0285530 seconds
40.843: [GC [PSYoungGen: 7644K->992K(7680K)] 20333K->13705K(25088K), 0.0004480 secs] [Times: user=0.00 sys=0.00, real=0.00 secs] 
40.844: Total time for which application threads were stopped: 0.0005570 seconds, Stopping threads took: 0.0000510 seconds
40.872: Application time: 0.0279120 seconds
40.872: [GC [PSYoungGen: 7647K->992K(7680K)] 20361K->13841K(25088K), 0.0004480 secs] [Times: user=0.00 sys=0.00, real=0.00 secs] 
40.872: Total time for which application threads were stopped: 0.0005520 seconds, Stopping threads took: 0.0000500 seconds
40.901: Application time: 0.0286380 seconds
40.901: [GC [PSYoungGen: 7644K->928K(7680K)] 20493K->13993K(25088K), 0.0004610 secs] [Times: user=0.00 sys=0.00, real=0.00 secs] 
40.901: Total time for which application threads were stopped: 0.0005630 seconds, Stopping threads took: 0.0000480 seconds
40.931: Application time: 0.0300130 seconds
40.931: [GC [PSYoungGen: 7582K->864K(7680K)] 20648K->13937K(25088K), 0.0003870 secs] [Times: user=0.00 sys=0.00, real=0.00 secs] 
40.932: Total time for which application threads were stopped: 0.0004880 seconds, Stopping threads took: 0.0000430 seconds
40.961: Application time: 0.0296890 seconds
40.962: [GC [PSYoungGen: 7518K->864K(7680K)] 20592K->13937K(25088K), 0.0003910 secs] [Times: user=0.00 sys=0.00, real=0.00 secs] 
40.962: Total time for which application threads were stopped: 0.0005020 seconds, Stopping threads took: 0.0000620 seconds
40.992: Application time: 0.0299100 seconds
40.992: [GC [PSYoungGen: 7518K->864K(7680K)] 20592K->13961K(25088K), 0.0003550 secs] [Times: user=0.00 sys=0.00, real=0.00 secs] 
40.992: Total time for which application threads were stopped: 0.0004560 seconds, Stopping threads took: 0.0000520 seconds
41.023: Application time: 0.0301640 seconds
41.023: [GC [PSYoungGen: 7516K->800K(7680K)] 20613K->13969K(25088K), 0.0003620 secs] [Times: user=0.00 sys=0.00, real=0.00 secs] 
41.023: Total time for which application threads were stopped: 0.0004600 seconds, Stopping threads took: 0.0000500 seconds
41.053: Application time: 0.0297020 seconds
41.053: [GC [PSYoungGen: 7454K->640K(7680K)] 20624K->14017K(25088K), 0.0003610 secs] [Times: user=0.00 sys=0.00, real=0.00 secs] 
41.053: Total time for which application threads were stopped: 0.0004550 seconds, Stopping threads took: 0.0000390 seconds
41.083: Application time: 0.0297750 seconds
41.083: [GC [PSYoungGen: 7294K->672K(7680K)] 20672K->14049K(25088K), 0.0003730 secs] [Times: user=0.00 sys=0.00, real=0.00 secs] 
41.083: Total time for which application threads were stopped: 0.0004730 seconds, Stopping threads took: 0.0000500 seconds
41.113: Application time: 0.0298080 seconds
41.113: [GC [PSYoungGen: 7326K->608K(7680K)] 20704K->13985K(25088K), 0.0003620 secs] [Times: user=0.00 sys=0.00, real=0.00 secs] 
41.114: Total time for which application threads were stopped: 0.0004670 seconds, Stopping threads took: 0.0000520 seconds
41.143: Application time: 0.0296390 seconds
41.143: [GC [PSYoungGen: 7262K->640K(7680K)] 20640K->14017K(25088K), 0.0003440 secs] [Times: user=0.00 sys=0.00, real=0.00 secs] 
41.144: Total time for which application threads were stopped: 0.0004480 seconds, Stopping threads took: 0.0000530 seconds
41.174: Application time: 0.0298550 seconds
41.174: [GC [PSYoungGen: 7294K->640K(7680K)] 20672K->14017K(25088K), 0.0004000 secs] [Times: user=0.00 sys=0.00, real=0.00 secs] 
41.174: Total time for which application threads were stopped: 0.0005020 seconds, Stopping threads took: 0.0000500 seconds
41.204: Application time: 0.0299640 seconds
41.207: [GC [PSYoungGen: 7294K->384K(7680K)] 20672K->14038K(25088K), 0.0003740 secs] [Times: user=0.00 sys=0.00, real=0.00 secs] 
41.208: Total time for which application threads were stopped: 0.0034600 seconds, Stopping threads took: 0.0030360 seconds
41.237: Application time: 0.0299470 seconds
41.238: [GC [PSYoungGen: 7038K->352K(7680K)] 20692K->14006K(25088K), 0.0003490 secs] [Times: user=0.00 sys=0.00, real=0.00 secs] 
41.238: Total time for which application threads were stopped: 0.0004530 seconds, Stopping threads took: 0.0000520 seconds
41.268: Application time: 0.0299820 seconds
41.268: [GC [PSYoungGen: 7006K->384K(7680K)] 20660K->14038K(25088K), 0.0003170 secs] [Times: user=0.00 sys=0.00, real=0.00 secs] 
41.268: Total time for which application threads were stopped: 0.0004290 seconds, Stopping threads took: 0.0000610 seconds
41.298: Application time: 0.0298190 seconds
41.298: [GC [PSYoungGen: 7038K->384K(7680K)] 20692K->14038K(25088K), 0.0003360 secs] [Times: user=0.00 sys=0.00, real=0.00 secs] 
41.299: Total time for which application threads were stopped: 0.0004310 seconds, Stopping threads took: 0.0000440 seconds
41.328: Application time: 0.0299000 seconds
41.329: [GC [PSYoungGen: 7038K->352K(7680K)] 20692K->14106K(25088K), 0.0003290 secs] [Times: user=0.00 sys=0.00, real=0.00 secs] 
41.329: Total time for which application threads were stopped: 0.0004360 seconds, Stopping threads took: 0.0000570 seconds
41.359: Application time: 0.0297270 seconds
41.359: [GC [PSYoungGen: 7006K->0K(7680K)] 20761K->13991K(25088K), 0.0003170 secs] [Times: user=0.00 sys=0.00, real=0.00 secs] 
41.359: Total time for which application threads were stopped: 0.0004090 seconds, Stopping threads took: 0.0000390 seconds
41.389: Application time: 0.0299690 seconds
41.389: [GC [PSYoungGen: 6652K->0K(7680K)] 20643K->13991K(25088K), 0.0002810 secs] [Times: user=0.00 sys=0.00, real=0.00 secs] 
41.389: Total time for which application threads were stopped: 0.0003750 seconds, Stopping threads took: 0.0000450 seconds
41.412: Application time: 0.0224180 seconds
41.412: [GC [PSYoungGen: 6652K->384K(7680K)] 20643K->14375K(25088K), 0.0003230 secs] [Times: user=0.00 sys=0.00, real=0.00 secs] 
41.412: Total time for which application threads were stopped: 0.0004210 seconds, Stopping threads took: 0.0000500 seconds
41.434: Application time: 0.0213250 seconds
41.434: [GC [PSYoungGen: 7037K->352K(7680K)] 21028K->14343K(25088K), 0.0003210 secs] [Times: user=0.00 sys=0.00, real=0.00 secs] 
41.434: Total time for which application threads were stopped: 0.0004180 seconds, Stopping threads took: 0.0000390 seconds
41.459: Application time: 0.0251270 seconds
41.459: [GC [PSYoungGen: 7006K->384K(7680K)] 20997K->14375K(25088K), 0.0003230 secs] [Times: user=0.00 sys=0.00, real=0.00 secs] 
41.460: Total time for which application threads were stopped: 0.0004230 seconds, Stopping threads took: 0.0000470 seconds
41.489: Application time: 0.0292330 seconds
41.489: [GC [PSYoungGen: 7036K->320K(7680K)] 21027K->14311K(25088K), 0.0003420 secs] [Times: user=0.00 sys=0.00, real=0.00 secs] 
41.489: Total time for which application threads were stopped: 0.0004380 seconds, Stopping threads took: 0.0000500 seconds
41.518: Application time: 0.0284900 seconds
41.518: [GC [PSYoungGen: 6973K->384K(7680K)] 20964K->14375K(25088K), 0.0003270 secs] [Times: user=0.00 sys=0.00, real=0.00 secs] 
41.518: Total time for which application threads were stopped: 0.0004400 seconds, Stopping threads took: 0.0000660 seconds
41.540: Application time: 0.0219930 seconds
41.540: [GC [PSYoungGen: 7038K->544K(7680K)] 21029K->14535K(25088K), 0.0003480 secs] [Times: user=0.00 sys=0.00, real=0.00 secs] 
41.541: Total time for which application threads were stopped: 0.0004510 seconds, Stopping threads took: 0.0000540 seconds
41.562: Application time: 0.0213130 seconds
41.562: [GC [PSYoungGen: 7199K->512K(7680K)] 21190K->14503K(25088K), 0.0004420 secs] [Times: user=0.01 sys=0.00, real=0.00 secs] 
41.562: Total time for which application threads were stopped: 0.0005380 seconds, Stopping threads took: 0.0000450 seconds
41.588: Application time: 0.0254350 seconds
41.588: [GC [PSYoungGen: 7166K->544K(7680K)] 21157K->14535K(25088K), 0.0003320 secs] [Times: user=0.00 sys=0.00, real=0.00 secs] 
41.588: Total time for which application threads were stopped: 0.0004330 seconds, Stopping threads took: 0.0000510 seconds
41.618: Application time: 0.0292210 seconds
41.618: [GC [PSYoungGen: 7196K->480K(7680K)] 21187K->14471K(25088K), 0.0003530 secs] [Times: user=0.01 sys=0.00, real=0.00 secs] 
41.618: Total time for which application threads were stopped: 0.0004570 seconds, Stopping threads took: 0.0000560 seconds
41.647: Application time: 0.0287690 seconds
41.647: [GC [PSYoungGen: 7132K->576K(7680K)] 21123K->14567K(25088K), 0.0003610 secs] [Times: user=0.00 sys=0.00, real=0.00 secs] 
41.647: Total time for which application threads were stopped: 0.0004620 seconds, Stopping threads took: 0.0000520 seconds
41.677: Application time: 0.0297130 seconds
41.677: [GC [PSYoungGen: 7228K->448K(7680K)] 21219K->14439K(25088K), 0.0004260 secs] [Times: user=0.00 sys=0.00, real=0.00 secs] 
41.677: Total time for which application threads were stopped: 0.0005290 seconds, Stopping threads took: 0.0000520 seconds
41.707: Application time: 0.0296850 seconds
41.707: [GC [PSYoungGen: 7102K->640K(7680K)] 21093K->14631K(25088K), 0.0003720 secs] [Times: user=0.00 sys=0.00, real=0.00 secs] 
41.708: Total time for which application threads were stopped: 0.0004810 seconds, Stopping threads took: 0.0000550 seconds
41.738: Application time: 0.0305820 seconds
41.738: [GC [PSYoungGen: 7294K->512K(7680K)] 21285K->14503K(25088K), 0.0004290 secs] [Times: user=0.00 sys=0.00, real=0.00 secs] 
41.739: Total time for which application threads were stopped: 0.0005470 seconds, Stopping threads took: 0.0000630 seconds
41.769: Application time: 0.0298240 seconds
41.769: [GC [PSYoungGen: 7166K->512K(7680K)] 21157K->14503K(25088K), 0.0003930 secs] [Times: user=0.00 sys=0.00, real=0.00 secs] 
41.769: Total time for which application threads were stopped: 0.0005090 seconds, Stopping threads took: 0.0000570 seconds
41.799: Application time: 0.0295540 seconds
41.799: [GC [PSYoungGen: 7166K->512K(7680K)] 21157K->14503K(25088K), 0.0003580 secs] [Times: user=0.01 sys=0.00, real=0.01 secs] 
41.799: Total time for which application threads were stopped: 0.0004600 seconds, Stopping threads took: 0.0000510 seconds
41.828: Application time: 0.0290530 seconds
41.828: [GC [PSYoungGen: 7135K->512K(7680K)] 21126K->14503K(25088K), 0.0003530 secs] [Times: user=0.00 sys=0.00, real=0.00 secs] 
41.829: Total time for which application threads were stopped: 0.0004570 seconds, Stopping threads took: 0.0000570 seconds
41.856: Application time: 0.0278270 seconds
41.857: [GC [PSYoungGen: 7166K->544K(7680K)] 21157K->14535K(25088K), 0.0003720 secs] [Times: user=0.00 sys=0.00, real=0.00 secs] 
41.857: Total time for which application threads were stopped: 0.0004810 seconds, Stopping threads took: 0.0000580 seconds
41.878: Application time: 0.0209200 seconds
41.878: [GC [PSYoungGen: 7196K->768K(7680K)] 21187K->14759K(25088K), 0.0004270 secs] [Times: user=0.00 sys=0.00, real=0.00 secs] 
41.878: Total time for which application threads were stopped: 0.0005140 seconds, Stopping threads took: 0.0000400 seconds
41.895: Application time: 0.0163670 seconds
41.895: [GC [PSYoungGen: 7421K->928K(7680K)] 21412K->14919K(25088K), 0.0004340 secs] [Times: user=0.00 sys=0.00, real=0.00 secs] 
41.895: Total time for which application threads were stopped: 0.0005330 seconds, Stopping threads took: 0.0000470 seconds
41.913: Application time: 0.0177390 seconds
41.913: [GC [PSYoungGen: 7580K->992K(7680K)] 21571K->14991K(25088K), 0.0004070 secs] [Times: user=0.00 sys=0.00, real=0.00 secs] 
41.914: Total time for which application threads were stopped: 0.0005110 seconds, Stopping threads took: 0.0000550 seconds
41.937: Application time: 0.0229890 seconds
41.937: [GC [PSYoungGen: 7643K->992K(7680K)] 21642K->14999K(25088K), 0.0003970 secs] [Times: user=0.00 sys=0.00, real=0.00 secs] 
41.937: Total time for which application threads were stopped: 0.0005060 seconds, Stopping threads took: 0.0000520 seconds
41.965: Application time: 0.0277750 seconds
41.965: [GC [PSYoungGen: 7646K->992K(7680K)] 21653K->15135K(25088K), 0.0004450 secs] [Times: user=0.00 sys=0.00, real=0.00 secs] 
41.965: Total time for which application threads were stopped: 0.0005430 seconds, Stopping threads took: 0.0000450 seconds
41.992: Application time: 0.0270080 seconds
41.992: [GC [PSYoungGen: 7646K->912K(7680K)] 21789K->15055K(25088K), 0.0004490 secs] [Times: user=0.00 sys=0.00, real=0.00 secs] 
41.993: Total time for which application threads were stopped: 0.0005480 seconds, Stopping threads took: 0.0000510 seconds
42.022: Application time: 0.0285770 seconds
42.022: [GC [PSYoungGen: 7565K->992K(7680K)] 21708K->15135K(25088K), 0.0005320 secs] [Times: user=0.00 sys=0.00, real=0.00 secs] 
42.022: Total time for which application threads were stopped: 0.0006290 seconds, Stopping threads took: 0.0000480 seconds
42.052: Application time: 0.0294910 seconds
42.052: [GC [PSYoungGen: 7646K->976K(7680K)] 21789K->15119K(25088K), 0.0004160 secs] [Times: user=0.00 sys=0.00, real=0.00 secs] 
42.052: Total time for which application threads were stopped: 0.0005210 seconds, Stopping threads took: 0.0000570 seconds
42.074: Application time: 0.0220960 seconds
42.074: [GC [PSYoungGen: 7628K->992K(7680K)] 21771K->15287K(25088K), 0.0004740 secs] [Times: user=0.00 sys=0.00, real=0.00 secs] 
42.075: Total time for which application threads were stopped: 0.0005720 seconds, Stopping threads took: 0.0000430 seconds
42.091: Application time: 0.0159020 seconds
42.091: [GC [PSYoungGen: 7644K->992K(7680K)] 21939K->15527K(25088K), 0.0005000 secs] [Times: user=0.01 sys=0.00, real=0.01 secs] 
42.091: Total time for which application threads were stopped: 0.0006050 seconds, Stopping threads took: 0.0000530 seconds
42.108: Application time: 0.0163770 seconds
42.108: [GC [PSYoungGen: 7646K->1008K(7680K)] 22181K->15619K(25088K), 0.0004540 secs] [Times: user=0.00 sys=0.00, real=0.00 secs] 
42.108: Total time for which application threads were stopped: 0.0005540 seconds, Stopping threads took: 0.0000520 seconds
42.131: Application time: 0.0228280 seconds
42.131: [GC [PSYoungGen: 7659K->1008K(7680K)] 22270K->15795K(25088K), 0.0004650 secs] [Times: user=0.01 sys=0.00, real=0.00 secs] 
42.132: Total time for which application threads were stopped: 0.0005690 seconds, Stopping threads took: 0.0000570 seconds
42.154: Application time: 0.0218500 seconds
42.154: [GC [PSYoungGen: 7662K->992K(7680K)] 22450K->16067K(25088K), 0.0005200 secs] [Times: user=0.00 sys=0.00, real=0.00 secs] 
42.154: Total time for which application threads were stopped: 0.0006180 seconds, Stopping threads took: 0.0000480 seconds
42.174: Application time: 0.0195330 seconds
42.175: [GC [PSYoungGen: 7646K->1008K(7680K)] 22722K->16443K(25088K), 0.0005320 secs] [Times: user=0.00 sys=0.00, real=0.00 secs] 
42.176: Total time for which application threads were stopped: 0.0020360 seconds, Stopping threads took: 0.0014540 seconds
42.191: Application time: 0.0154220 seconds
42.191: [GC [PSYoungGen: 7550K->992K(7680K)] 22986K->16664K(25088K), 0.0005260 secs] [Times: user=0.00 sys=0.00, real=0.00 secs] 
42.192: Total time for which application threads were stopped: 0.0006440 seconds, Stopping threads took: 0.0000690 seconds
42.212: Application time: 0.0203970 seconds
42.212: [GC [PSYoungGen: 7647K->992K(7680K)] 23319K->16752K(25088K), 0.0004790 secs] [Times: user=0.01 sys=0.00, real=0.00 secs] 
42.213: Total time for which application threads were stopped: 0.0005840 seconds, Stopping threads took: 0.0000540 seconds
42.238: Application time: 0.0250240 seconds
42.238: [GC [PSYoungGen: 7644K->1008K(7680K)] 23404K->16997K(25088K), 0.0005520 secs] [Times: user=0.00 sys=0.00, real=0.00 secs] 
42.238: Total time for which application threads were stopped: 0.0006570 seconds, Stopping threads took: 0.0000510 seconds
42.267: Application time: 0.0286990 seconds
42.267: [GC [PSYoungGen: 7661K->992K(7680K)] 23650K->17109K(25088K), 0.0005140 secs] [Times: user=0.00 sys=0.00, real=0.00 secs] 
42.268: Total time for which application threads were stopped: 0.0006340 seconds, Stopping threads took: 0.0000610 seconds
42.295: Application time: 0.0269400 seconds
42.295: [GC [PSYoungGen: 7646K->1008K(7680K)] 23763K->17405K(25088K), 0.0005160 secs] [Times: user=0.00 sys=0.00, real=0.00 secs] 
42.295: Total time for which application threads were stopped: 0.0006210 seconds, Stopping threads took: 0.0000500 seconds
42.323: Application time: 0.0271830 seconds
42.323: [GC [PSYoungGen: 7663K->1008K(7680K)] 24060K->17637K(25088K), 0.0004960 secs] [Times: user=0.00 sys=0.00, real=0.00 secs] 
42.323: Total time for which application threads were stopped: 0.0005930 seconds, Stopping threads took: 0.0000470 seconds
42.351: Application time: 0.0281440 seconds
42.351: [GC [PSYoungGen: 7660K->960K(7680K)] 24289K->17933K(25088K), 0.0005330 secs] [Times: user=0.00 sys=0.00, real=0.00 secs] 
42.352: [Full GC [PSYoungGen: 960K->0K(7680K)] [ParOldGen: 16973K->3295K(17408K)] 17933K->3295K(25088K) [PSPermGen: 5535K->5535K(21504K)], 0.0045310 secs] [Times: user=0.02 sys=0.00, real=0.00 secs] 
42.356: Total time for which application threads were stopped: 0.0052210 seconds, Stopping threads took: 0.0000570 seconds
42.386: Application time: 0.0295870 seconds
42.386: [GC [PSYoungGen: 6654K->0K(7680K)] 9950K->3295K(25088K), 0.0003090 secs] [Times: user=0.00 sys=0.00, real=0.00 secs] 
42.387: Total time for which application threads were stopped: 0.0004170 seconds, Stopping threads took: 0.0000510 seconds
42.416: Application time: 0.0296050 seconds
42.416: [GC [PSYoungGen: 6654K->0K(7680K)] 9950K->3295K(25088K), 0.0003440 secs] [Times: user=0.00 sys=0.00, real=0.00 secs] 
42.417: Total time for which application threads were stopped: 0.0004410 seconds, Stopping threads took: 0.0000520 seconds
42.446: Application time: 0.0296540 seconds
42.446: [GC [PSYoungGen: 6654K->0K(7680K)] 9950K->3295K(25088K), 0.0002970 secs] [Times: user=0.00 sys=0.00, real=0.00 secs] 
42.447: Total time for which application threads were stopped: 0.0003970 seconds, Stopping threads took: 0.0000460 seconds
42.476: Application time: 0.0296170 seconds
42.476: [GC [PSYoungGen: 6654K->0K(7680K)] 9950K->3295K(25088K), 0.0002870 secs] [Times: user=0.00 sys=0.00, real=0.00 secs] 
42.477: Total time for which application threads were stopped: 0.0003800 seconds, Stopping threads took: 0.0000460 seconds
42.505: Application time: 0.0287550 seconds
42.505: [GC [PSYoungGen: 6652K->352K(7680K)] 9947K->3647K(25088K), 0.0003300 secs] [Times: user=0.00 sys=0.00, real=0.00 secs] 
42.506: Total time for which application threads were stopped: 0.0004300 seconds, Stopping threads took: 0.0000490 seconds
42.534: Application time: 0.0278490 seconds
42.534: [GC [PSYoungGen: 7006K->512K(7680K)] 10301K->3807K(25088K), 0.0003620 secs] [Times: user=0.00 sys=0.00, real=0.00 secs] 
42.534: Total time for which application threads were stopped: 0.0004710 seconds, Stopping threads took: 0.0000590 seconds
42.563: Application time: 0.0284020 seconds
42.563: [GC [PSYoungGen: 7166K->672K(7680K)] 10461K->3967K(25088K), 0.0004130 secs] [Times: user=0.00 sys=0.00, real=0.00 secs] 
42.563: Total time for which application threads were stopped: 0.0005100 seconds, Stopping threads took: 0.0000480 seconds
42.592: Application time: 0.0287850 seconds
42.592: [GC [PSYoungGen: 7324K->832K(7680K)] 10619K->4127K(25088K), 0.0004130 secs] [Times: user=0.00 sys=0.00, real=0.00 secs] 
42.592: Total time for which application threads were stopped: 0.0005210 seconds, Stopping threads took: 0.0000580 seconds
42.619: Application time: 0.0270110 seconds
42.619: [GC [PSYoungGen: 7484K->896K(7680K)] 10780K->4191K(25088K), 0.0004070 secs] [Times: user=0.00 sys=0.00, real=0.00 secs] 
42.620: Total time for which application threads were stopped: 0.0005130 seconds, Stopping threads took: 0.0000540 seconds
42.650: Application time: 0.0299560 seconds
42.650: [GC [PSYoungGen: 7550K->992K(7680K)] 10846K->4295K(25088K), 0.0004060 secs] [Times: user=0.01 sys=0.00, real=0.00 secs] 
42.650: Total time for which application threads were stopped: 0.0005020 seconds, Stopping threads took: 0.0000480 seconds
42.681: Application time: 0.0303280 seconds
42.681: [GC [PSYoungGen: 7644K->864K(7680K)] 10948K->4167K(25088K), 0.0004140 secs] [Times: user=0.00 sys=0.00, real=0.00 secs] 
42.681: Total time for which application threads were stopped: 0.0005390 seconds, Stopping threads took: 0.0000740 seconds
42.711: Application time: 0.0299040 seconds
42.711: [GC [PSYoungGen: 7518K->864K(7680K)] 10822K->4167K(25088K), 0.0004360 secs] [Times: user=0.00 sys=0.00, real=0.00 secs] 
42.712: Total time for which application threads were stopped: 0.0005320 seconds, Stopping threads took: 0.0000450 seconds
42.742: Application time: 0.0299330 seconds
42.742: [GC [PSYoungGen: 7518K->864K(7680K)] 10822K->4167K(25088K), 0.0003820 secs] [Times: user=0.00 sys=0.00, real=0.00 secs] 
42.742: Total time for which application threads were stopped: 0.0004830 seconds, Stopping threads took: 0.0000480 seconds
42.773: Application time: 0.0311650 seconds
42.773: [GC [PSYoungGen: 7518K->928K(7680K)] 10822K->4231K(25088K), 0.0004210 secs] [Times: user=0.00 sys=0.00, real=0.00 secs] 
42.774: Total time for which application threads were stopped: 0.0005180 seconds, Stopping threads took: 0.0000430 seconds
42.804: Application time: 0.0301300 seconds
42.804: [GC [PSYoungGen: 7582K->992K(7680K)] 10886K->4303K(25088K), 0.0004210 secs] [Times: user=0.00 sys=0.00, real=0.00 secs] 
42.804: Total time for which application threads were stopped: 0.0005200 seconds, Stopping threads took: 0.0000480 seconds
42.834: Application time: 0.0300170 seconds
42.834: [GC [PSYoungGen: 7646K->800K(7680K)] 10958K->4111K(25088K), 0.0004490 secs] [Times: user=0.00 sys=0.00, real=0.00 secs] 
42.835: Total time for which application threads were stopped: 0.0005470 seconds, Stopping threads took: 0.0000460 seconds
42.865: Application time: 0.0300490 seconds
42.867: [GC [PSYoungGen: 7454K->864K(7680K)] 10766K->4175K(25088K), 0.0003740 secs] [Times: user=0.00 sys=0.00, real=0.00 secs] 
42.868: Total time for which application threads were stopped: 0.0025180 seconds, Stopping threads took: 0.0020920 seconds
42.897: Application time: 0.0299640 seconds
42.898: [GC [PSYoungGen: 7518K->864K(7680K)] 10830K->4175K(25088K), 0.0003850 secs] [Times: user=0.00 sys=0.00, real=0.00 secs] 
42.898: Total time for which application threads were stopped: 0.0005060 seconds, Stopping threads took: 0.0000680 seconds
42.928: Application time: 0.0301370 seconds
42.928: [GC [PSYoungGen: 7518K->896K(7680K)] 10830K->4207K(25088K), 0.0003720 secs] [Times: user=0.01 sys=0.00, real=0.00 secs] 
42.929: Total time for which application threads were stopped: 0.0004830 seconds, Stopping threads took: 0.0000620 seconds
42.959: Application time: 0.0301860 seconds
42.959: [GC [PSYoungGen: 7548K->832K(7680K)] 10860K->4143K(25088K), 0.0004110 secs] [Times: user=0.00 sys=0.00, real=0.01 secs] 
42.959: Total time for which application threads were stopped: 0.0005160 seconds, Stopping threads took: 0.0000480 seconds
42.989: Application time: 0.0300660 seconds
42.989: [GC [PSYoungGen: 7486K->704K(7680K)] 10798K->4228K(25088K), 0.0004130 secs] [Times: user=0.00 sys=0.00, real=0.00 secs] 
42.990: Total time for which application threads were stopped: 0.0005070 seconds, Stopping threads took: 0.0000440 seconds
43.020: Application time: 0.0302310 seconds
43.020: [GC [PSYoungGen: 7358K->512K(7680K)] 10883K->4264K(25088K), 0.0003750 secs] [Times: user=0.00 sys=0.00, real=0.00 secs] 
43.021: Total time for which application threads were stopped: 0.0004670 seconds, Stopping threads took: 0.0000430 seconds
43.051: Application time: 0.0300040 seconds
43.055: [GC [PSYoungGen: 7166K->512K(7680K)] 10919K->4264K(25088K), 0.0004000 secs] [Times: user=0.00 sys=0.00, real=0.00 secs] 
43.056: Total time for which application threads were stopped: 0.0049830 seconds, Stopping threads took: 0.0045310 seconds
43.086: Application time: 0.0300320 seconds
43.086: [GC [PSYoungGen: 7166K->0K(7680K)] 10919K->4169K(25088K), 0.0003550 secs] [Times: user=0.00 sys=0.00, real=0.00 secs] 
43.086: Total time for which application threads were stopped: 0.0004670 seconds, Stopping threads took: 0.0000620 seconds
43.116: Application time: 0.0298480 seconds
43.116: [GC [PSYoungGen: 6654K->0K(7680K)] 10824K->4169K(25088K), 0.0002940 secs] [Times: user=0.00 sys=0.00, real=0.00 secs] 
43.116: Total time for which application threads were stopped: 0.0003900 seconds, Stopping threads took: 0.0000450 seconds
43.146: Application time: 0.0297990 seconds
43.146: [GC [PSYoungGen: 6654K->0K(7680K)] 10824K->4169K(25088K), 0.0003200 secs] [Times: user=0.00 sys=0.00, real=0.00 secs] 
43.147: Total time for which application threads were stopped: 0.0004200 seconds, Stopping threads took: 0.0000520 seconds
43.174: Application time: 0.0275180 seconds
43.174: [GC [PSYoungGen: 6654K->352K(7680K)] 10824K->4521K(25088K), 0.0003120 secs] [Times: user=0.00 sys=0.00, real=0.00 secs] 
43.174: Total time for which application threads were stopped: 0.0004040 seconds, Stopping threads took: 0.0000420 seconds
43.195: Application time: 0.0207590 seconds
43.195: [GC [PSYoungGen: 7007K->288K(7680K)] 11177K->4457K(25088K), 0.0003510 secs] [Times: user=0.00 sys=0.00, real=0.00 secs] 
43.196: Total time for which application threads were stopped: 0.0004420 seconds, Stopping threads took: 0.0000450 seconds
43.217: Application time: 0.0212210 seconds
43.217: [GC [PSYoungGen: 6940K->416K(7680K)] 11109K->4585K(25088K), 0.0003170 secs] [Times: user=0.00 sys=0.00, real=0.00 secs] 
43.217: Total time for which application threads were stopped: 0.0004190 seconds, Stopping threads took: 0.0000550 seconds
43.248: Application time: 0.0302900 seconds
43.248: [GC [PSYoungGen: 7070K->480K(7680K)] 11240K->4649K(25088K), 0.0003700 secs] [Times: user=0.00 sys=0.00, real=0.00 secs] 
43.248: Total time for which application threads were stopped: 0.0004650 seconds, Stopping threads took: 0.0000410 seconds
43.277: Application time: 0.0292410 seconds
43.279: [GC [PSYoungGen: 7132K->352K(7680K)] 11302K->4521K(25088K), 0.0003310 secs] [Times: user=0.00 sys=0.00, real=0.00 secs] 
43.279: Total time for which application threads were stopped: 0.0021520 seconds, Stopping threads took: 0.0017730 seconds
43.301: Application time: 0.0211860 seconds
43.301: [GC [PSYoungGen: 7004K->512K(7680K)] 11174K->4681K(25088K), 0.0003530 secs] [Times: user=0.00 sys=0.00, real=0.00 secs] 
43.301: Total time for which application threads were stopped: 0.0004400 seconds, Stopping threads took: 0.0000390 seconds
43.322: Application time: 0.0213210 seconds
43.323: [GC [PSYoungGen: 7167K->480K(7680K)] 11337K->4649K(25088K), 0.0003570 secs] [Times: user=0.00 sys=0.00, real=0.00 secs] 
43.324: Total time for which application threads were stopped: 0.0010720 seconds, Stopping threads took: 0.0006660 seconds
43.349: Application time: 0.0253000 seconds
43.349: [GC [PSYoungGen: 7134K->512K(7680K)] 11303K->4681K(25088K), 0.0003340 secs] [Times: user=0.00 sys=0.00, real=0.00 secs] 
43.349: Total time for which application threads were stopped: 0.0004250 seconds, Stopping threads took: 0.0000420 seconds
43.378: Application time: 0.0291850 seconds
43.379: [GC [PSYoungGen: 7164K->640K(7680K)] 11334K->4809K(25088K), 0.0003590 secs] [Times: user=0.01 sys=0.00, real=0.00 secs] 
43.379: Total time for which application threads were stopped: 0.0004590 seconds, Stopping threads took: 0.0000520 seconds
43.407: Application time: 0.0283840 seconds
43.407: [GC [PSYoungGen: 7292K->480K(7680K)] 11462K->4649K(25088K), 0.0003780 secs] [Times: user=0.00 sys=0.00, real=0.00 secs] 
43.408: Total time for which application threads were stopped: 0.0004790 seconds, Stopping threads took: 0.0000480 seconds
43.438: Application time: 0.0297610 seconds
43.438: [GC [PSYoungGen: 7132K->544K(7680K)] 11302K->4713K(25088K), 0.0003380 secs] [Times: user=0.00 sys=0.00, real=0.00 secs] 
43.438: Total time for which application threads were stopped: 0.0004320 seconds, Stopping threads took: 0.0000440 seconds
43.468: Application time: 0.0295780 seconds
43.468: [GC [PSYoungGen: 7198K->512K(7680K)] 11368K->4681K(25088K), 0.0003300 secs] [Times: user=0.00 sys=0.00, real=0.00 secs] 
43.468: Total time for which application threads were stopped: 0.0004330 seconds, Stopping threads took: 0.0000460 seconds
43.498: Application time: 0.0296610 seconds
43.498: [GC [PSYoungGen: 7166K->512K(7680K)] 11336K->4681K(25088K), 0.0003310 secs] [Times: user=0.00 sys=0.00, real=0.00 secs] 
43.498: Total time for which application threads were stopped: 0.0004320 seconds, Stopping threads took: 0.0000520 seconds
43.528: Application time: 0.0298280 seconds
43.528: [GC [PSYoungGen: 7166K->448K(7680K)] 11336K->4617K(25088K), 0.0004080 secs] [Times: user=0.00 sys=0.00, real=0.00 secs] 
43.528: Total time for which application threads were stopped: 0.0004990 seconds, Stopping threads took: 0.0000400 seconds
43.558: Application time: 0.0295790 seconds
43.558: [GC [PSYoungGen: 7102K->448K(7680K)] 11272K->4617K(25088K), 0.0004020 secs] [Times: user=0.00 sys=0.00, real=0.00 secs] 
43.558: Total time for which application threads were stopped: 0.0005030 seconds, Stopping threads took: 0.0000510 seconds
43.588: Application time: 0.0296700 seconds
43.588: [GC [PSYoungGen: 7102K->544K(7680K)] 11272K->4713K(25088K), 0.0003420 secs] [Times: user=0.00 sys=0.00, real=0.00 secs] 
43.589: Total time for which application threads were stopped: 0.0004540 seconds, Stopping threads took: 0.0000640 seconds
43.617: Application time: 0.0287990 seconds
43.617: [GC [PSYoungGen: 7196K->576K(7680K)] 11366K->4745K(25088K), 0.0003430 secs] [Times: user=0.00 sys=0.00, real=0.00 secs] 
43.618: Total time for which application threads were stopped: 0.0004330 seconds, Stopping threads took: 0.0000410 seconds
43.638: Application time: 0.0205470 seconds
43.638: [GC [PSYoungGen: 7227K->768K(7680K)] 11397K->4937K(25088K), 0.0003770 secs] [Times: user=0.00 sys=0.00, real=0.00 secs] 
43.639: Total time for which application threads were stopped: 0.0004770 seconds, Stopping threads took: 0.0000520 seconds
43.657: Application time: 0.0178530 seconds
43.657: [GC [PSYoungGen: 7423K->944K(7680K)] 11593K->5113K(25088K), 0.0004610 secs] [Times: user=0.00 sys=0.00, real=0.00 secs] 
43.657: Total time for which application threads were stopped: 0.0005480 seconds, Stopping threads took: 0.0000380 seconds
43.674: Application time: 0.0169930 seconds
43.674: [GC [PSYoungGen: 7596K->992K(7680K)] 11766K->5161K(25088K), 0.0004650 secs] [Times: user=0.00 sys=0.00, real=0.00 secs] 
43.675: Total time for which application threads were stopped: 0.0005570 seconds, Stopping threads took: 0.0000430 seconds
43.697: Application time: 0.0221520 seconds
43.697: [GC [PSYoungGen: 7643K->992K(7680K)] 11813K->5161K(25088K), 0.0004150 secs] [Times: user=0.00 sys=0.00, real=0.00 secs] 
43.697: Total time for which application threads were stopped: 0.0005300 seconds, Stopping threads took: 0.0000600 seconds
43.725: Application time: 0.0279860 seconds
43.726: [GC [PSYoungGen: 7647K->960K(7680K)] 11817K->5129K(25088K), 0.0004210 secs] [Times: user=0.00 sys=0.00, real=0.00 secs] 
43.726: Total time for which application threads were stopped: 0.0005220 seconds, Stopping threads took: 0.0000520 seconds
43.753: Application time: 0.0271080 seconds
43.753: [GC [PSYoungGen: 7614K->896K(7680K)] 11784K->5065K(25088K), 0.0004270 secs] [Times: user=0.00 sys=0.00, real=0.00 secs] 
43.754: Total time for which application threads were stopped: 0.0005390 seconds, Stopping threads took: 0.0000590 seconds
43.783: Application time: 0.0296540 seconds
43.783: [GC [PSYoungGen: 7547K->992K(7680K)] 11717K->5305K(25088K), 0.0005470 secs] [Times: user=0.00 sys=0.00, real=0.00 secs] 
43.784: Total time for which application threads were stopped: 0.0006440 seconds, Stopping threads took: 0.0000470 seconds
43.814: Application time: 0.0296240 seconds
43.814: [GC [PSYoungGen: 7646K->832K(7680K)] 11960K->5145K(25088K), 0.0004220 secs] [Times: user=0.01 sys=0.00, real=0.00 secs] 
43.814: Total time for which application threads were stopped: 0.0005370 seconds, Stopping threads took: 0.0000650 seconds
43.839: Application time: 0.0245410 seconds
43.839: [GC [PSYoungGen: 7486K->992K(7680K)] 11799K->5321K(25088K), 0.0004360 secs] [Times: user=0.01 sys=0.00, real=0.01 secs] 
43.839: Total time for which application threads were stopped: 0.0005380 seconds, Stopping threads took: 0.0000530 seconds
43.856: Application time: 0.0164550 seconds
43.856: [GC [PSYoungGen: 7644K->1008K(7680K)] 11974K->5610K(25088K), 0.0005350 secs] [Times: user=0.01 sys=0.00, real=0.00 secs] 
43.856: Total time for which application threads were stopped: 0.0006420 seconds, Stopping threads took: 0.0000530 seconds
43.872: Application time: 0.0159790 seconds
43.872: [GC [PSYoungGen: 7652K->992K(7680K)] 12254K->5722K(25088K), 0.0005550 secs] [Times: user=0.01 sys=0.00, real=0.00 secs] 
43.873: Total time for which application threads were stopped: 0.0006560 seconds, Stopping threads took: 0.0000520 seconds
43.893: Application time: 0.0203530 seconds
43.893: [GC [PSYoungGen: 7643K->1008K(7680K)] 12373K->5874K(25088K), 0.0004850 secs] [Times: user=0.00 sys=0.00, real=0.00 secs] 
43.894: Total time for which application threads were stopped: 0.0005850 seconds, Stopping threads took: 0.0000470 seconds
43.916: Application time: 0.0222860 seconds
43.916: [GC [PSYoungGen: 7662K->1008K(7680K)] 12529K->6070K(25088K), 0.0004760 secs] [Times: user=0.00 sys=0.00, real=0.00 secs] 
43.917: Total time for which application threads were stopped: 0.0005780 seconds, Stopping threads took: 0.0000490 seconds
43.937: Application time: 0.0207400 seconds
43.938: [GC [PSYoungGen: 7661K->1008K(7680K)] 12724K->6091K(25088K), 0.0004560 secs] [Times: user=0.00 sys=0.00, real=0.00 secs] 
43.938: Total time for which application threads were stopped: 0.0005530 seconds, Stopping threads took: 0.0000470 seconds
43.956: Application time: 0.0176290 seconds
43.956: [GC [PSYoungGen: 7660K->1008K(7680K)] 12743K->6515K(25088K), 0.0005470 secs] [Times: user=0.00 sys=0.00, real=0.00 secs] 
43.956: Total time for which application threads were stopped: 0.0006580 seconds, Stopping threads took: 0.0000610 seconds
43.976: Application time: 0.0193870 seconds
43.976: [GC [PSYoungGen: 7662K->1008K(7680K)] 13170K->6759K(25088K), 0.0004700 secs] [Times: user=0.00 sys=0.00, real=0.00 secs] 
43.976: Total time for which application threads were stopped: 0.0005720 seconds, Stopping threads took: 0.0000450 seconds
43.999: Application time: 0.0222300 seconds
43.999: [GC [PSYoungGen: 7664K->960K(7680K)] 13415K->6863K(25088K), 0.0005190 secs] [Times: user=0.01 sys=0.00, real=0.01 secs] 
43.999: Total time for which application threads were stopped: 0.0006340 seconds, Stopping threads took: 0.0000660 seconds
44.027: Application time: 0.0275020 seconds
44.027: [GC [PSYoungGen: 7613K->992K(7680K)] 13517K->7039K(25088K), 0.0004410 secs] [Times: user=0.00 sys=0.00, real=0.00 secs] 
44.027: Total time for which application threads were stopped: 0.0005370 seconds, Stopping threads took: 0.0000400 seconds
44.056: Application time: 0.0286890 seconds
44.056: [GC [PSYoungGen: 7646K->896K(7680K)] 13694K->7071K(25088K), 0.0004520 secs] [Times: user=0.01 sys=0.00, real=0.00 secs] 
44.056: Total time for which application threads were stopped: 0.0005580 seconds, Stopping threads took: 0.0000580 seconds
44.082: Application time: 0.0256500 seconds
44.082: [GC [PSYoungGen: 7550K->992K(7680K)] 13726K->7468K(25088K), 0.0004910 secs] [Times: user=0.00 sys=0.00, real=0.00 secs] 
44.083: Total time for which application threads were stopped: 0.0005880 seconds, Stopping threads took: 0.0000480 seconds
44.111: Application time: 0.0280490 seconds
44.111: [GC [PSYoungGen: 7644K->960K(7680K)] 14120K->7636K(25088K), 0.0004620 secs] [Times: user=0.00 sys=0.00, real=0.01 secs] 
44.111: Total time for which application threads were stopped: 0.0005680 seconds, Stopping threads took: 0.0000550 seconds
44.140: Application time: 0.0290490 seconds
44.143: [GC [PSYoungGen: 7614K->960K(7680K)] 14291K->7660K(25088K), 0.0004320 secs] [Times: user=0.01 sys=0.00, real=0.00 secs] 
44.144: Total time for which application threads were stopped: 0.0032310 seconds, Stopping threads took: 0.0027480 seconds
44.173: Application time: 0.0292330 seconds
44.173: [GC [PSYoungGen: 7614K->896K(7680K)] 14315K->7596K(25088K), 0.0004030 secs] [Times: user=0.00 sys=0.00, real=0.00 secs] 
44.173: Total time for which application threads were stopped: 0.0005060 seconds, Stopping threads took: 0.0000510 seconds
44.203: Application time: 0.0293190 seconds
44.203: [GC [PSYoungGen: 7550K->896K(7680K)] 14251K->7596K(25088K), 0.0004340 secs] [Times: user=0.00 sys=0.00, real=0.00 secs] 
44.203: Total time for which application threads were stopped: 0.0005290 seconds, Stopping threads took: 0.0000470 seconds
44.233: Application time: 0.0293350 seconds
44.233: [GC [PSYoungGen: 7548K->928K(7680K)] 14248K->7636K(25088K), 0.0004100 secs] [Times: user=0.00 sys=0.00, real=0.00 secs] 
44.233: Total time for which application threads were stopped: 0.0005050 seconds, Stopping threads took: 0.0000450 seconds
44.261: Application time: 0.0282970 seconds
44.261: [GC [PSYoungGen: 7580K->960K(7680K)] 14288K->7836K(25088K), 0.0004500 secs] [Times: user=0.00 sys=0.00, real=0.00 secs] 
44.262: Total time for which application threads were stopped: 0.0005490 seconds, Stopping threads took: 0.0000470 seconds
44.289: Application time: 0.0275100 seconds
44.289: [GC [PSYoungGen: 7614K->960K(7680K)] 14490K->7996K(25088K), 0.0004470 secs] [Times: user=0.00 sys=0.00, real=0.00 secs] 
44.290: Total time for which application threads were stopped: 0.0005450 seconds, Stopping threads took: 0.0000480 seconds
44.318: Application time: 0.0284020 seconds
44.318: [GC [PSYoungGen: 7613K->992K(7680K)] 14650K->8092K(25088K), 0.0004570 secs] [Times: user=0.01 sys=0.00, real=0.00 secs] 
44.319: Total time for which application threads were stopped: 0.0005610 seconds, Stopping threads took: 0.0000550 seconds
44.347: Application time: 0.0283180 seconds
44.347: [GC [PSYoungGen: 7644K->992K(7680K)] 14744K->8252K(25088K), 0.0004530 secs] [Times: user=0.00 sys=0.00, real=0.00 secs] 
44.348: Total time for which application threads were stopped: 0.0005560 seconds, Stopping threads took: 0.0000550 seconds
44.377: Application time: 0.0288910 seconds
44.377: [GC [PSYoungGen: 7643K->992K(7680K)] 14904K->8344K(25088K), 0.0004280 secs] [Times: user=0.00 sys=0.00, real=0.00 secs] 
44.377: Total time for which application threads were stopped: 0.0005220 seconds, Stopping threads took: 0.0000460 seconds
44.405: Application time: 0.0280390 seconds
44.405: [GC [PSYoungGen: 7645K->992K(7680K)] 14998K->8520K(25088K), 0.0004760 secs] [Times: user=0.00 sys=0.00, real=0.00 secs] 
44.406: Total time for which application threads were stopped: 0.0005850 seconds, Stopping threads took: 0.0000560 seconds
44.436: Application time: 0.0298030 seconds
44.436: [GC [PSYoungGen: 7646K->992K(7680K)] 15175K->8536K(25088K), 0.0004440 secs] [Times: user=0.00 sys=0.00, real=0.00 secs] 
44.436: Total time for which application threads were stopped: 0.0005580 seconds, Stopping threads took: 0.0000540 seconds
44.466: Application time: 0.0300680 seconds
44.466: [GC [PSYoungGen: 7646K->992K(7680K)] 15191K->8552K(25088K), 0.0004520 secs] [Times: user=0.00 sys=0.00, real=0.00 secs] 
44.467: Total time for which application threads were stopped: 0.0005390 seconds, Stopping threads took: 0.0000360 seconds
44.497: Application time: 0.0298720 seconds
44.497: [GC [PSYoungGen: 7646K->960K(7680K)] 15207K->8520K(25088K), 0.0004540 secs] [Times: user=0.01 sys=0.00, real=0.00 secs] 
44.497: Total time for which application threads were stopped: 0.0005640 seconds, Stopping threads took: 0.0000520 seconds
44.527: Application time: 0.0299520 seconds
44.527: [GC [PSYoungGen: 7614K->608K(7680K)] 15175K->8549K(25088K), 0.0004490 secs] [Times: user=0.01 sys=0.00, real=0.00 secs] 
44.528: Total time for which application threads were stopped: 0.0005530 seconds, Stopping threads took: 0.0000540 seconds
44.557: Application time: 0.0296730 seconds
44.558: [GC [PSYoungGen: 7262K->576K(7680K)] 15204K->8593K(25088K), 0.0003580 secs] [Times: user=0.00 sys=0.00, real=0.00 secs] 
44.558: Total time for which application threads were stopped: 0.0004660 seconds, Stopping threads took: 0.0000580 seconds
44.588: Application time: 0.0299530 seconds
44.588: [GC [PSYoungGen: 7230K->576K(7680K)] 15248K->8593K(25088K), 0.0003470 secs] [Times: user=0.01 sys=0.00, real=0.00 secs] 
44.588: Total time for which application threads were stopped: 0.0004520 seconds, Stopping threads took: 0.0000560 seconds
44.618: Application time: 0.0298460 seconds
44.618: [GC [PSYoungGen: 7230K->576K(7680K)] 15248K->8593K(25088K), 0.0004070 secs] [Times: user=0.01 sys=0.00, real=0.00 secs] 
44.619: Total time for which application threads were stopped: 0.0005040 seconds, Stopping threads took: 0.0000490 seconds
44.649: Application time: 0.0299800 seconds
44.649: [GC [PSYoungGen: 7230K->608K(7680K)] 15248K->8625K(25088K), 0.0003400 secs] [Times: user=0.00 sys=0.00, real=0.00 secs] 
44.649: Total time for which application threads were stopped: 0.0004360 seconds, Stopping threads took: 0.0000480 seconds
44.679: Application time: 0.0299690 seconds
44.679: [GC [PSYoungGen: 7262K->576K(7680K)] 15280K->8593K(25088K), 0.0003860 secs] [Times: user=0.00 sys=0.00, real=0.00 secs] 
44.680: Total time for which application threads were stopped: 0.0004920 seconds, Stopping threads took: 0.0000570 seconds
44.709: Application time: 0.0297860 seconds
44.709: [GC [PSYoungGen: 7230K->640K(7680K)] 15248K->8657K(25088K), 0.0003840 secs] [Times: user=0.00 sys=0.00, real=0.00 secs] 
44.710: Total time for which application threads were stopped: 0.0004840 seconds, Stopping threads took: 0.0000530 seconds
44.740: Application time: 0.0298870 seconds
44.743: [GC [PSYoungGen: 7294K->416K(7680K)] 15312K->8646K(25088K), 0.0004310 secs] [Times: user=0.00 sys=0.00, real=0.00 secs] 
44.744: Total time for which application threads were stopped: 0.0039060 seconds, Stopping threads took: 0.0034190 seconds
44.774: Application time: 0.0307200 seconds
44.774: [GC [PSYoungGen: 7068K->384K(7680K)] 15298K->8666K(25088K), 0.0004070 secs] [Times: user=0.01 sys=0.00, real=0.00 secs] 
44.776: Total time for which application threads were stopped: 0.0017530 seconds, Stopping threads took: 0.0000490 seconds
44.806: Application time: 0.0297030 seconds
44.806: [GC [PSYoungGen: 7038K->352K(7680K)] 15321K->8634K(25088K), 0.0003370 secs] [Times: user=0.00 sys=0.00, real=0.00 secs] 
44.806: Total time for which application threads were stopped: 0.0004490 seconds, Stopping threads took: 0.0000610 seconds
44.836: Application time: 0.0296630 seconds
44.836: [GC [PSYoungGen: 7006K->352K(7680K)] 15289K->8714K(25088K), 0.0003310 secs] [Times: user=0.00 sys=0.00, real=0.00 secs] 
44.836: Total time for which application threads were stopped: 0.0004370 seconds, Stopping threads took: 0.0000560 seconds
44.866: Application time: 0.0297490 seconds
44.866: [GC [PSYoungGen: 7006K->0K(7680K)] 15369K->8690K(25088K), 0.0003610 secs] [Times: user=0.00 sys=0.00, real=0.00 secs] 
44.867: Total time for which application threads were stopped: 0.0004490 seconds, Stopping threads took: 0.0000410 seconds
44.896: Application time: 0.0296360 seconds
44.896: [GC [PSYoungGen: 6654K->0K(7680K)] 15345K->8690K(25088K), 0.0003120 secs] [Times: user=0.00 sys=0.00, real=0.00 secs] 
44.897: Total time for which application threads were stopped: 0.0004080 seconds, Stopping threads took: 0.0000470 seconds
44.925: Application time: 0.0287430 seconds
44.925: [GC [PSYoungGen: 6652K->352K(7680K)] 15343K->9042K(25088K), 0.0003160 secs] [Times: user=0.00 sys=0.00, real=0.00 secs] 
44.926: Total time for which application threads were stopped: 0.0004030 seconds, Stopping threads took: 0.0000370 seconds
44.946: Application time: 0.0207580 seconds
44.947: [GC [PSYoungGen: 7007K->384K(7680K)] 15698K->9074K(25088K), 0.0003140 secs] [Times: user=0.00 sys=0.00, real=0.00 secs] 
44.947: Total time for which application threads were stopped: 0.0004120 seconds, Stopping threads took: 0.0000520 seconds
44.968: Application time: 0.0213190 seconds
44.968: [GC [PSYoungGen: 7037K->320K(7680K)] 15728K->9010K(25088K), 0.0003430 secs] [Times: user=0.01 sys=0.00, real=0.00 secs] 
44.969: Total time for which application threads were stopped: 0.0004510 seconds, Stopping threads took: 0.0000620 seconds
44.997: Application time: 0.0281640 seconds
44.997: [GC [PSYoungGen: 6974K->352K(7680K)] 15665K->9042K(25088K), 0.0003640 secs] [Times: user=0.00 sys=0.00, real=0.00 secs] 
44.997: Total time for which application threads were stopped: 0.0004710 seconds, Stopping threads took: 0.0000560 seconds
45.026: Application time: 0.0291340 seconds
45.027: [GC [PSYoungGen: 7004K->384K(7680K)] 15695K->9074K(25088K), 0.0003090 secs] [Times: user=0.00 sys=0.00, real=0.00 secs] 
45.027: Total time for which application threads were stopped: 0.0004060 seconds, Stopping threads took: 0.0000500 seconds
45.048: Application time: 0.0214150 seconds
45.048: [GC [PSYoungGen: 7036K->576K(7680K)] 15726K->9266K(25088K), 0.0003310 secs] [Times: user=0.00 sys=0.00, real=0.00 secs] 
45.049: Total time for which application threads were stopped: 0.0004250 seconds, Stopping threads took: 0.0000470 seconds
45.070: Application time: 0.0213820 seconds
45.070: [GC [PSYoungGen: 7231K->608K(7680K)] 15922K->9298K(25088K), 0.0003610 secs] [Times: user=0.00 sys=0.00, real=0.00 secs] 
45.071: Total time for which application threads were stopped: 0.0004620 seconds, Stopping threads took: 0.0000550 seconds
45.095: Application time: 0.0248080 seconds
45.095: [GC [PSYoungGen: 7262K->544K(7680K)] 15952K->9234K(25088K), 0.0003210 secs] [Times: user=0.00 sys=0.00, real=0.00 secs] 
45.096: Total time for which application threads were stopped: 0.0004140 seconds, Stopping threads took: 0.0000440 seconds
45.125: Application time: 0.0291690 seconds
45.125: [GC [PSYoungGen: 7196K->512K(7680K)] 15887K->9202K(25088K), 0.0003510 secs] [Times: user=0.00 sys=0.00, real=0.00 secs] 
45.125: Total time for which application threads were stopped: 0.0004420 seconds, Stopping threads took: 0.0000450 seconds
45.154: Application time: 0.0284090 seconds
45.154: [GC [PSYoungGen: 7165K->512K(7680K)] 15856K->9202K(25088K), 0.0003510 secs] [Times: user=0.00 sys=0.00, real=0.00 secs] 
45.154: Total time for which application threads were stopped: 0.0004510 seconds, Stopping threads took: 0.0000510 seconds
45.184: Application time: 0.0296030 seconds
45.184: [GC [PSYoungGen: 7166K->512K(7680K)] 15857K->9202K(25088K), 0.0003590 secs] [Times: user=0.00 sys=0.00, real=0.00 secs] 
45.184: Total time for which application threads were stopped: 0.0004590 seconds, Stopping threads took: 0.0000510 seconds
45.214: Application time: 0.0294970 seconds
45.214: [GC [PSYoungGen: 7166K->640K(7680K)] 15857K->9330K(25088K), 0.0003430 secs] [Times: user=0.00 sys=0.00, real=0.00 secs] 
45.214: Total time for which application threads were stopped: 0.0004330 seconds, Stopping threads took: 0.0000440 seconds
45.244: Application time: 0.0296820 seconds
45.244: [GC [PSYoungGen: 7292K->512K(7680K)] 15983K->9202K(25088K), 0.0003350 secs] [Times: user=0.00 sys=0.00, real=0.00 secs] 
45.244: Total time for which application threads were stopped: 0.0004280 seconds, Stopping threads took: 0.0000450 seconds
45.274: Application time: 0.0294720 seconds
45.275: [GC [PSYoungGen: 7166K->480K(7680K)] 15857K->9170K(25088K), 0.0004220 secs] [Times: user=0.00 sys=0.00, real=0.00 secs] 
45.276: Total time for which application threads were stopped: 0.0017510 seconds, Stopping threads took: 0.0012760 seconds
45.306: Application time: 0.0301970 seconds
45.306: [GC [PSYoungGen: 7132K->512K(7680K)] 15823K->9202K(25088K), 0.0003640 secs] [Times: user=0.00 sys=0.00, real=0.00 secs] 
45.306: Total time for which application threads were stopped: 0.0004580 seconds, Stopping threads took: 0.0000430 seconds
45.336: Application time: 0.0295020 seconds
45.336: [GC [PSYoungGen: 7166K->512K(7680K)] 15857K->9202K(25088K), 0.0003220 secs] [Times: user=0.00 sys=0.00, real=0.00 secs] 
45.336: Total time for which application threads were stopped: 0.0004180 seconds, Stopping threads took: 0.0000480 seconds
45.365: Application time: 0.0285360 seconds
45.365: [GC [PSYoungGen: 7165K->544K(7680K)] 15856K->9234K(25088K), 0.0003350 secs] [Times: user=0.00 sys=0.00, real=0.00 secs] 
45.365: Total time for which application threads were stopped: 0.0004210 seconds, Stopping threads took: 0.0000350 seconds
45.386: Application time: 0.0210920 seconds
45.386: [GC [PSYoungGen: 7196K->704K(7680K)] 15887K->9394K(25088K), 0.0004410 secs] [Times: user=0.00 sys=0.00, real=0.00 secs] 
45.387: Total time for which application threads were stopped: 0.0005340 seconds, Stopping threads took: 0.0000450 seconds
45.403: Application time: 0.0158820 seconds
45.403: [GC [PSYoungGen: 7357K->960K(7680K)] 16048K->9650K(25088K), 0.0004810 secs] [Times: user=0.00 sys=0.00, real=0.00 secs] 
45.403: Total time for which application threads were stopped: 0.0005710 seconds, Stopping threads took: 0.0000400 seconds
45.420: Application time: 0.0165840 seconds
45.420: [GC [PSYoungGen: 7614K->960K(7680K)] 16305K->9650K(25088K), 0.0003990 secs] [Times: user=0.00 sys=0.00, real=0.00 secs] 
45.420: Total time for which application threads were stopped: 0.0004850 seconds, Stopping threads took: 0.0000350 seconds
45.443: Application time: 0.0229030 seconds
45.443: [GC [PSYoungGen: 7616K->960K(7680K)] 16306K->9650K(25088K), 0.0004490 secs] [Times: user=0.00 sys=0.00, real=0.00 secs] 
45.444: Total time for which application threads were stopped: 0.0005550 seconds, Stopping threads took: 0.0000560 seconds
45.472: Application time: 0.0286820 seconds
45.473: [GC [PSYoungGen: 7614K->928K(7680K)] 16305K->9618K(25088K), 0.0004540 secs] [Times: user=0.00 sys=0.00, real=0.00 secs] 
45.473: Total time for which application threads were stopped: 0.0005490 seconds, Stopping threads took: 0.0000460 seconds
45.499: Application time: 0.0257150 seconds
45.499: [GC [PSYoungGen: 7580K->1008K(7680K)] 16271K->9714K(25088K), 0.0004390 secs] [Times: user=0.00 sys=0.00, real=0.01 secs] 
45.499: Total time for which application threads were stopped: 0.0005390 seconds, Stopping threads took: 0.0000420 seconds
45.528: Application time: 0.0282710 seconds
45.528: [GC [PSYoungGen: 7661K->992K(7680K)] 16368K->9706K(25088K), 0.0005110 secs] [Times: user=0.00 sys=0.00, real=0.00 secs] 
45.528: Total time for which application threads were stopped: 0.0006090 seconds, Stopping threads took: 0.0000460 seconds
45.558: Application time: 0.0294410 seconds
45.558: [GC [PSYoungGen: 7644K->944K(7680K)] 16359K->9658K(25088K), 0.0004100 secs] [Times: user=0.00 sys=0.00, real=0.00 secs] 
45.558: Total time for which application threads were stopped: 0.0005090 seconds, Stopping threads took: 0.0000500 seconds
45.583: Application time: 0.0251320 seconds
45.587: [GC [PSYoungGen: 7596K->1008K(7680K)] 16311K->9874K(25088K), 0.0004450 secs] [Times: user=0.01 sys=0.00, real=0.00 secs] 
45.588: Total time for which application threads were stopped: 0.0043910 seconds, Stopping threads took: 0.0038960 seconds
45.606: Application time: 0.0184840 seconds
45.606: [GC [PSYoungGen: 7661K->992K(7680K)] 16528K->10099K(25088K), 0.0005080 secs] [Times: user=0.00 sys=0.00, real=0.00 secs] 
45.607: Total time for which application threads were stopped: 0.0006060 seconds, Stopping threads took: 0.0000460 seconds
45.623: Application time: 0.0162370 seconds
45.623: [GC [PSYoungGen: 7644K->992K(7680K)] 16751K->10139K(25088K), 0.0005000 secs] [Times: user=0.00 sys=0.01, real=0.00 secs] 
45.624: Total time for which application threads were stopped: 0.0005960 seconds, Stopping threads took: 0.0000440 seconds
45.643: Application time: 0.0198930 seconds
45.643: [GC [PSYoungGen: 7646K->992K(7680K)] 16794K->10351K(25088K), 0.0004640 secs] [Times: user=0.01 sys=0.00, real=0.00 secs] 
45.644: Total time for which application threads were stopped: 0.0005630 seconds, Stopping threads took: 0.0000460 seconds
45.668: Application time: 0.0237850 seconds
45.668: [GC [PSYoungGen: 7644K->1008K(7680K)] 17004K->10756K(25088K), 0.0005490 secs] [Times: user=0.01 sys=0.00, real=0.00 secs] 
45.668: Total time for which application threads were stopped: 0.0006510 seconds, Stopping threads took: 0.0000520 seconds
45.689: Application time: 0.0202240 seconds
45.689: [GC [PSYoungGen: 7660K->992K(7680K)] 17408K->10876K(25088K), 0.0005100 secs] [Times: user=0.00 sys=0.00, real=0.00 secs] 
45.689: Total time for which application threads were stopped: 0.0006020 seconds, Stopping threads took: 0.0000420 seconds
45.706: Application time: 0.0171110 seconds
45.706: [GC [PSYoungGen: 7647K->1008K(7680K)] 17532K->11160K(25088K), 0.0005690 secs] [Times: user=0.00 sys=0.00, real=0.00 secs] 
45.707: Total time for which application threads were stopped: 0.0006650 seconds, Stopping threads took: 0.0000470 seconds
45.725: Application time: 0.0175040 seconds
45.727: [GC [PSYoungGen: 7661K->1008K(7680K)] 17814K->11606K(25088K), 0.0005800 secs] [Times: user=0.00 sys=0.00, real=0.00 secs] 
45.728: Total time for which application threads were stopped: 0.0032110 seconds, Stopping threads took: 0.0025750 seconds
45.749: Application time: 0.0215630 seconds
45.751: [GC [PSYoungGen: 7660K->1008K(7680K)] 18258K->11675K(25088K), 0.0005270 secs] [Times: user=0.00 sys=0.00, real=0.00 secs] 
45.752: Total time for which application threads were stopped: 0.0023770 seconds, Stopping threads took: 0.0017920 seconds
45.780: Application time: 0.0287070 seconds
45.781: [GC [PSYoungGen: 7662K->976K(7680K)] 18329K->11771K(25088K), 0.0004650 secs] [Times: user=0.00 sys=0.00, real=0.00 secs] 
45.781: Total time for which application threads were stopped: 0.0005990 seconds, Stopping threads took: 0.0000830 seconds
45.809: Application time: 0.0275190 seconds
45.809: [GC [PSYoungGen: 7627K->1008K(7680K)] 18422K->11891K(25088K), 0.0004650 secs] [Times: user=0.00 sys=0.00, real=0.00 secs] 
45.809: Total time for which application threads were stopped: 0.0005610 seconds, Stopping threads took: 0.0000450 seconds
45.835: Application time: 0.0255510 seconds
45.835: [GC [PSYoungGen: 7663K->1008K(7680K)] 18546K->12347K(25088K), 0.0005660 secs] [Times: user=0.00 sys=0.00, real=0.00 secs] 
45.835: Total time for which application threads were stopped: 0.0006670 seconds, Stopping threads took: 0.0000470 seconds
45.863: Application time: 0.0281120 seconds
45.864: [GC [PSYoungGen: 7660K->992K(7680K)] 18999K->12555K(25088K), 0.0004900 secs] [Times: user=0.01 sys=0.00, real=0.00 secs] 
45.864: Total time for which application threads were stopped: 0.0005940 seconds, Stopping threads took: 0.0000520 seconds
45.893: Application time: 0.0291420 seconds
45.893: [GC [PSYoungGen: 7646K->928K(7680K)] 19209K->12499K(25088K), 0.0004700 secs] [Times: user=0.00 sys=0.00, real=0.00 secs] 
45.894: Total time for which application threads were stopped: 0.0005730 seconds, Stopping threads took: 0.0000540 seconds
45.923: Application time: 0.0291040 seconds
45.923: [GC [PSYoungGen: 7582K->992K(7680K)] 19153K->12563K(25088K), 0.0004460 secs] [Times: user=0.00 sys=0.00, real=0.00 secs] 
45.923: Total time for which application threads were stopped: 0.0005680 seconds, Stopping threads took: 0.0000630 seconds
45.953: Application time: 0.0291480 seconds
45.953: [GC [PSYoungGen: 7646K->960K(7680K)] 19217K->12531K(25088K), 0.0004410 secs] [Times: user=0.00 sys=0.00, real=0.00 secs] 
45.953: Total time for which application threads were stopped: 0.0005470 seconds, Stopping threads took: 0.0000580 seconds
45.982: Application time: 0.0291070 seconds
45.982: [GC [PSYoungGen: 7614K->976K(7680K)] 19185K->12595K(25088K), 0.0004460 secs] [Times: user=0.00 sys=0.00, real=0.00 secs] 
45.983: Total time for which application threads were stopped: 0.0005480 seconds, Stopping threads took: 0.0000520 seconds
46.012: Application time: 0.0295230 seconds
46.012: [GC [PSYoungGen: 7630K->960K(7680K)] 19249K->12579K(25088K), 0.0004140 secs] [Times: user=0.00 sys=0.00, real=0.00 secs] 
46.013: Total time for which application threads were stopped: 0.0005200 seconds, Stopping threads took: 0.0000480 seconds
46.040: Application time: 0.0268550 seconds
46.040: [GC [PSYoungGen: 7613K->992K(7680K)] 19232K->12907K(25088K), 0.0005040 secs] [Times: user=0.00 sys=0.00, real=0.00 secs] 
46.040: Total time for which application threads were stopped: 0.0005990 seconds, Stopping threads took: 0.0000440 seconds
46.069: Application time: 0.0284580 seconds
46.069: [GC [PSYoungGen: 7646K->992K(7680K)] 19561K->12963K(25088K), 0.0004610 secs] [Times: user=0.01 sys=0.00, real=0.00 secs] 
46.069: Total time for which application threads were stopped: 0.0005610 seconds, Stopping threads took: 0.0000450 seconds
46.099: Application time: 0.0294280 seconds
46.099: [GC [PSYoungGen: 7646K->992K(7680K)] 19617K->12979K(25088K), 0.0004190 secs] [Times: user=0.00 sys=0.00, real=0.01 secs] 
46.099: Total time for which application threads were stopped: 0.0005230 seconds, Stopping threads took: 0.0000540 seconds
46.127: Application time: 0.0278610 seconds
46.127: [GC [PSYoungGen: 7646K->992K(7680K)] 19633K->13087K(25088K), 0.0005450 secs] [Times: user=0.00 sys=0.00, real=0.00 secs] 
46.128: Total time for which application threads were stopped: 0.0006530 seconds, Stopping threads took: 0.0000560 seconds
46.156: Application time: 0.0280360 seconds
46.156: [GC [PSYoungGen: 7645K->992K(7680K)] 19741K->13295K(25088K), 0.0006230 secs] [Times: user=0.00 sys=0.00, real=0.00 secs] 
46.157: Total time for which application threads were stopped: 0.0007290 seconds, Stopping threads took: 0.0000530 seconds
46.186: Application time: 0.0295040 seconds
46.186: [GC [PSYoungGen: 7646K->992K(7680K)] 19950K->13367K(25088K), 0.0004440 secs] [Times: user=0.00 sys=0.00, real=0.00 secs] 
46.187: Total time for which application threads were stopped: 0.0005480 seconds, Stopping threads took: 0.0000570 seconds
46.217: Application time: 0.0301160 seconds
46.217: [GC [PSYoungGen: 7644K->992K(7680K)] 20020K->13375K(25088K), 0.0004350 secs] [Times: user=0.01 sys=0.00, real=0.00 secs] 
46.217: Total time for which application threads were stopped: 0.0005370 seconds, Stopping threads took: 0.0000500 seconds
46.247: Application time: 0.0297400 seconds
46.247: [GC [PSYoungGen: 7646K->928K(7680K)] 20030K->13367K(25088K), 0.0005700 secs] [Times: user=0.00 sys=0.01, real=0.00 secs] 
46.248: Total time for which application threads were stopped: 0.0006790 seconds, Stopping threads took: 0.0000540 seconds
46.279: Application time: 0.0309540 seconds
46.279: [GC [PSYoungGen: 7582K->960K(7680K)] 20022K->13463K(25088K), 0.0004700 secs] [Times: user=0.01 sys=0.00, real=0.01 secs] 
46.279: Total time for which application threads were stopped: 0.0005790 seconds, Stopping threads took: 0.0000510 seconds
46.309: Application time: 0.0299840 seconds
46.309: [GC [PSYoungGen: 7614K->896K(7680K)] 20118K->13484K(25088K), 0.0004130 secs] [Times: user=0.01 sys=0.00, real=0.00 secs] 
46.310: Total time for which application threads were stopped: 0.0005170 seconds, Stopping threads took: 0.0000490 seconds
46.340: Application time: 0.0298970 seconds
46.340: [GC [PSYoungGen: 7550K->864K(7680K)] 20139K->13452K(25088K), 0.0004250 secs] [Times: user=0.00 sys=0.00, real=0.00 secs] 
46.340: Total time for which application threads were stopped: 0.0005290 seconds, Stopping threads took: 0.0000470 seconds
46.370: Application time: 0.0302060 seconds
46.370: [GC [PSYoungGen: 7518K->896K(7680K)] 20107K->13484K(25088K), 0.0003980 secs] [Times: user=0.00 sys=0.00, real=0.00 secs] 
46.371: Total time for which application threads were stopped: 0.0004990 seconds, Stopping threads took: 0.0000510 seconds
46.401: Application time: 0.0300340 seconds
46.401: [GC [PSYoungGen: 7550K->832K(7680K)] 20139K->13420K(25088K), 0.0003710 secs] [Times: user=0.00 sys=0.00, real=0.00 secs] 
46.401: Total time for which application threads were stopped: 0.0004780 seconds, Stopping threads took: 0.0000520 seconds
46.431: Application time: 0.0300740 seconds
46.431: [GC [PSYoungGen: 7486K->832K(7680K)] 20075K->13420K(25088K), 0.0003740 secs] [Times: user=0.00 sys=0.00, real=0.00 secs] 
46.432: Total time for which application threads were stopped: 0.0004710 seconds, Stopping threads took: 0.0000480 seconds
46.462: Application time: 0.0301650 seconds
46.462: [GC [PSYoungGen: 7486K->832K(7680K)] 20074K->13420K(25088K), 0.0004300 secs] [Times: user=0.00 sys=0.00, real=0.00 secs] 
46.463: Total time for which application threads were stopped: 0.0005280 seconds, Stopping threads took: 0.0000520 seconds
46.492: Application time: 0.0298690 seconds
46.493: [GC [PSYoungGen: 7486K->672K(7680K)] 20075K->13464K(25088K), 0.0004340 secs] [Times: user=0.00 sys=0.00, real=0.00 secs] 
46.493: Total time for which application threads were stopped: 0.0005230 seconds, Stopping threads took: 0.0000410 seconds
46.523: Application time: 0.0301910 seconds
46.523: [GC [PSYoungGen: 7326K->480K(7680K)] 20119K->13496K(25088K), 0.0003690 secs] [Times: user=0.00 sys=0.00, real=0.00 secs] 
46.524: Total time for which application threads were stopped: 0.0004770 seconds, Stopping threads took: 0.0000550 seconds
46.554: Application time: 0.0301170 seconds
46.554: [GC [PSYoungGen: 7134K->480K(7680K)] 20151K->13496K(25088K), 0.0003340 secs] [Times: user=0.00 sys=0.00, real=0.00 secs] 
46.554: Total time for which application threads were stopped: 0.0004250 seconds, Stopping threads took: 0.0000450 seconds
46.584: Application time: 0.0298370 seconds
46.584: [GC [PSYoungGen: 7134K->352K(7680K)] 20151K->13584K(25088K), 0.0003600 secs] [Times: user=0.00 sys=0.00, real=0.00 secs] 
46.584: Total time for which application threads were stopped: 0.0004470 seconds, Stopping threads took: 0.0000430 seconds
46.614: Application time: 0.0297150 seconds
46.614: [GC [PSYoungGen: 7006K->0K(7680K)] 20239K->13453K(25088K), 0.0003290 secs] [Times: user=0.00 sys=0.00, real=0.00 secs] 
46.615: Total time for which application threads were stopped: 0.0004220 seconds, Stopping threads took: 0.0000460 seconds
46.644: Application time: 0.0297600 seconds
46.644: [GC [PSYoungGen: 6654K->0K(7680K)] 20108K->13453K(25088K), 0.0003150 secs] [Times: user=0.00 sys=0.00, real=0.00 secs] 
46.645: Total time for which application threads were stopped: 0.0004080 seconds, Stopping threads took: 0.0000470 seconds
46.674: Application time: 0.0296790 seconds
46.675: [GC [PSYoungGen: 6654K->0K(7680K)] 20108K->13453K(25088K), 0.0002890 secs] [Times: user=0.00 sys=0.00, real=0.00 secs] 
46.675: Total time for which application threads were stopped: 0.0003800 seconds, Stopping threads took: 0.0000460 seconds
46.702: Application time: 0.0269790 seconds
46.702: [GC [PSYoungGen: 6651K->256K(7680K)] 20105K->13709K(25088K), 0.0003910 secs] [Times: user=0.01 sys=0.00, real=0.00 secs] 
46.702: Total time for which application threads were stopped: 0.0004860 seconds, Stopping threads took: 0.0000460 seconds
46.723: Application time: 0.0207710 seconds
46.723: [GC [PSYoungGen: 6911K->384K(7680K)] 20364K->13837K(25088K), 0.0003220 secs] [Times: user=0.00 sys=0.00, real=0.00 secs] 
46.724: Total time for which application threads were stopped: 0.0004140 seconds, Stopping threads took: 0.0000440 seconds
46.745: Application time: 0.0212930 seconds
46.745: [GC [PSYoungGen: 7037K->384K(7680K)] 20490K->13837K(25088K), 0.0003320 secs] [Times: user=0.00 sys=0.00, real=0.00 secs] 
46.745: Total time for which application threads were stopped: 0.0004210 seconds, Stopping threads took: 0.0000420 seconds
46.775: Application time: 0.0294440 seconds
46.775: [GC [PSYoungGen: 7036K->352K(7680K)] 20489K->13805K(25088K), 0.0003760 secs] [Times: user=0.00 sys=0.00, real=0.00 secs] 
46.775: Total time for which application threads were stopped: 0.0004770 seconds, Stopping threads took: 0.0000440 seconds
46.804: Application time: 0.0289290 seconds
46.804: [GC [PSYoungGen: 7004K->480K(7680K)] 20457K->13933K(25088K), 0.0003720 secs] [Times: user=0.00 sys=0.00, real=0.00 secs] 
46.805: Total time for which application threads were stopped: 0.0004860 seconds, Stopping threads took: 0.0000640 seconds
46.825: Application time: 0.0200960 seconds
46.825: [GC [PSYoungGen: 7132K->544K(7680K)] 20586K->13997K(25088K), 0.0003540 secs] [Times: user=0.00 sys=0.00, real=0.00 secs] 
46.825: Total time for which application threads were stopped: 0.0004420 seconds, Stopping threads took: 0.0000400 seconds
46.847: Application time: 0.0215990 seconds
46.847: [GC [PSYoungGen: 7199K->512K(7680K)] 20653K->13965K(25088K), 0.0003870 secs] [Times: user=0.00 sys=0.00, real=0.00 secs] 
46.847: Total time for which application threads were stopped: 0.0004720 seconds, Stopping threads took: 0.0000400 seconds
46.875: Application time: 0.0276360 seconds
46.875: [GC [PSYoungGen: 7166K->512K(7680K)] 20619K->13965K(25088K), 0.0003750 secs] [Times: user=0.01 sys=0.00, real=0.00 secs] 
46.875: Total time for which application threads were stopped: 0.0004680 seconds, Stopping threads took: 0.0000430 seconds
46.905: Application time: 0.0294560 seconds
46.905: [GC [PSYoungGen: 7163K->480K(7680K)] 20617K->13933K(25088K), 0.0004090 secs] [Times: user=0.01 sys=0.00, real=0.00 secs] 
46.905: Total time for which application threads were stopped: 0.0005170 seconds, Stopping threads took: 0.0000550 seconds
46.934: Application time: 0.0284460 seconds
46.934: [GC [PSYoungGen: 7133K->544K(7680K)] 20587K->13997K(25088K), 0.0003500 secs] [Times: user=0.00 sys=0.00, real=0.00 secs] 
46.934: Total time for which application threads were stopped: 0.0004580 seconds, Stopping threads took: 0.0000520 seconds
46.964: Application time: 0.0295660 seconds
46.964: [GC [PSYoungGen: 7198K->544K(7680K)] 20652K->13997K(25088K), 0.0003640 secs] [Times: user=0.00 sys=0.00, real=0.00 secs] 
46.964: Total time for which application threads were stopped: 0.0004540 seconds, Stopping threads took: 0.0000440 seconds
46.994: Application time: 0.0295410 seconds
46.994: [GC [PSYoungGen: 7198K->544K(7680K)] 20652K->13997K(25088K), 0.0003190 secs] [Times: user=0.00 sys=0.00, real=0.00 secs] 
46.994: Total time for which application threads were stopped: 0.0004200 seconds, Stopping threads took: 0.0000550 seconds
47.024: Application time: 0.0295620 seconds
47.024: [GC [PSYoungGen: 7198K->480K(7680K)] 20652K->13933K(25088K), 0.0003610 secs] [Times: user=0.00 sys=0.00, real=0.00 secs] 
47.024: Total time for which application threads were stopped: 0.0004530 seconds, Stopping threads took: 0.0000480 seconds
47.054: Application time: 0.0294940 seconds
47.054: [GC [PSYoungGen: 7134K->416K(7680K)] 20588K->13869K(25088K), 0.0003820 secs] [Times: user=0.00 sys=0.00, real=0.00 secs] 
47.054: Total time for which application threads were stopped: 0.0004780 seconds, Stopping threads took: 0.0000400 seconds
47.084: Application time: 0.0294820 seconds
47.084: [GC [PSYoungGen: 7070K->640K(7680K)] 20524K->14093K(25088K), 0.0004150 secs] [Times: user=0.00 sys=0.00, real=0.00 secs] 
47.084: Total time for which application threads were stopped: 0.0005130 seconds, Stopping threads took: 0.0000490 seconds
47.111: Application time: 0.0270990 seconds
47.111: [GC [PSYoungGen: 7295K->672K(7680K)] 20749K->14125K(25088K), 0.0005070 secs] [Times: user=0.00 sys=0.00, real=0.00 secs] 
47.112: Total time for which application threads were stopped: 0.0006130 seconds, Stopping threads took: 0.0000580 seconds
47.132: Application time: 0.0201000 seconds
47.132: [GC [PSYoungGen: 7327K->768K(7680K)] 20780K->14221K(25088K), 0.0003760 secs] [Times: user=0.00 sys=0.00, real=0.00 secs] 
47.132: Total time for which application threads were stopped: 0.0004740 seconds, Stopping threads took: 0.0000490 seconds
47.148: Application time: 0.0159570 seconds
47.148: [GC [PSYoungGen: 7424K->1008K(7680K)] 20877K->14461K(25088K), 0.0004290 secs] [Times: user=0.00 sys=0.00, real=0.00 secs] 
47.149: Total time for which application threads were stopped: 0.0005360 seconds, Stopping threads took: 0.0000540 seconds
47.168: Application time: 0.0191970 seconds
47.168: [GC [PSYoungGen: 7660K->992K(7680K)] 21113K->14445K(25088K), 0.0004250 secs] [Times: user=0.01 sys=0.00, real=0.00 secs] 
47.169: Total time for which application threads were stopped: 0.0005380 seconds, Stopping threads took: 0.0000580 seconds
47.192: Application time: 0.0233850 seconds
47.192: [GC [PSYoungGen: 7648K->992K(7680K)] 21101K->14493K(25088K), 0.0004770 secs] [Times: user=0.00 sys=0.00, real=0.00 secs] 
47.193: Total time for which application threads were stopped: 0.0005780 seconds, Stopping threads took: 0.0000490 seconds
47.221: Application time: 0.0287200 seconds
47.221: [GC [PSYoungGen: 7646K->928K(7680K)] 21147K->14429K(25088K), 0.0004140 secs] [Times: user=0.00 sys=0.00, real=0.00 secs] 
47.222: Total time for which application threads were stopped: 0.0005070 seconds, Stopping threads took: 0.0000410 seconds
47.248: Application time: 0.0257400 seconds
47.248: [GC [PSYoungGen: 7580K->1008K(7680K)] 21081K->14509K(25088K), 0.0004590 secs] [Times: user=0.00 sys=0.00, real=0.00 secs] 
47.248: Total time for which application threads were stopped: 0.0005660 seconds, Stopping threads took: 0.0000510 seconds
47.277: Application time: 0.0286700 seconds
47.277: [GC [PSYoungGen: 7661K->992K(7680K)] 21163K->14517K(25088K), 0.0004470 secs] [Times: user=0.00 sys=0.00, real=0.00 secs] 
47.277: Total time for which application threads were stopped: 0.0005370 seconds, Stopping threads took: 0.0000390 seconds
47.307: Application time: 0.0300030 seconds
47.307: [GC [PSYoungGen: 7644K->992K(7680K)] 21169K->14517K(25088K), 0.0004270 secs] [Times: user=0.01 sys=0.00, real=0.00 secs] 
47.308: Total time for which application threads were stopped: 0.0005330 seconds, Stopping threads took: 0.0000560 seconds
47.330: Application time: 0.0223140 seconds
47.330: [GC [PSYoungGen: 7644K->992K(7680K)] 21169K->14693K(25088K), 0.0005080 secs] [Times: user=0.00 sys=0.00, real=0.00 secs] 
47.331: Total time for which application threads were stopped: 0.0006100 seconds, Stopping threads took: 0.0000500 seconds
47.352: Application time: 0.0214360 seconds
47.352: [GC [PSYoungGen: 7647K->1008K(7680K)] 21349K->14709K(25088K), 0.0004780 secs] [Times: user=0.00 sys=0.00, real=0.00 secs] 
47.353: Total time for which application threads were stopped: 0.0005810 seconds, Stopping threads took: 0.0000540 seconds
47.376: Application time: 0.0228900 seconds
47.376: [GC [PSYoungGen: 7662K->992K(7680K)] 21363K->14917K(25088K), 0.0004990 secs] [Times: user=0.00 sys=0.00, real=0.00 secs] 
47.376: Total time for which application threads were stopped: 0.0006010 seconds, Stopping threads took: 0.0000490 seconds
47.397: Application time: 0.0203410 seconds
47.397: [GC [PSYoungGen: 7646K->960K(7680K)] 21572K->15141K(25088K), 0.0004650 secs] [Times: user=0.00 sys=0.00, real=0.00 secs] 
47.397: Total time for which application threads were stopped: 0.0005770 seconds, Stopping threads took: 0.0000560 seconds
47.418: Application time: 0.0210840 seconds
47.419: [GC [PSYoungGen: 7615K->816K(7680K)] 21797K->14997K(25088K), 0.0004210 secs] [Times: user=0.00 sys=0.00, real=0.00 secs] 
47.420: Total time for which application threads were stopped: 0.0012020 seconds, Stopping threads took: 0.0007310 seconds
47.440: Application time: 0.0203350 seconds
47.440: [GC [PSYoungGen: 7471K->992K(7680K)] 21652K->15333K(25088K), 0.0004630 secs] [Times: user=0.00 sys=0.00, real=0.00 secs] 
47.440: Total time for which application threads were stopped: 0.0005510 seconds, Stopping threads took: 0.0000380 seconds
47.458: Application time: 0.0180150 seconds
47.459: [GC [PSYoungGen: 7644K->992K(7680K)] 21986K->15533K(25088K), 0.0004860 secs] [Times: user=0.00 sys=0.00, real=0.00 secs] 
47.459: Total time for which application threads were stopped: 0.0005930 seconds, Stopping threads took: 0.0000530 seconds
47.476: Application time: 0.0167360 seconds
47.476: [GC [PSYoungGen: 7645K->1008K(7680K)] 22187K->15765K(25088K), 0.0004940 secs] [Times: user=0.00 sys=0.00, real=0.00 secs] 
47.476: Total time for which application threads were stopped: 0.0005900 seconds, Stopping threads took: 0.0000430 seconds
47.496: Application time: 0.0200930 seconds
47.497: [GC [PSYoungGen: 7662K->992K(7680K)] 22419K->15885K(25088K), 0.0004530 secs] [Times: user=0.01 sys=0.00, real=0.00 secs] 
47.497: Total time for which application threads were stopped: 0.0005600 seconds, Stopping threads took: 0.0000550 seconds
47.523: Application time: 0.0261050 seconds
47.523: [GC [PSYoungGen: 7644K->992K(7680K)] 22537K->16081K(25088K), 0.0005410 secs] [Times: user=0.01 sys=0.00, real=0.00 secs] 
47.524: Total time for which application threads were stopped: 0.0006360 seconds, Stopping threads took: 0.0000430 seconds
47.551: Application time: 0.0268340 seconds
47.551: [GC [PSYoungGen: 7646K->1008K(7680K)] 22735K->16215K(25088K), 0.0005140 secs] [Times: user=0.00 sys=0.00, real=0.01 secs] 
47.551: Total time for which application threads were stopped: 0.0006190 seconds, Stopping threads took: 0.0000520 seconds
47.577: Application time: 0.0261410 seconds
47.577: [GC [PSYoungGen: 7663K->1008K(7680K)] 22871K->16467K(25088K), 0.0005010 secs] [Times: user=0.00 sys=0.00, real=0.00 secs] 
47.578: Total time for which application threads were stopped: 0.0006140 seconds, Stopping threads took: 0.0000520 seconds
47.606: Application time: 0.0280940 seconds
47.606: [GC [PSYoungGen: 7661K->1008K(7680K)] 23121K->16712K(25088K), 0.0004970 secs] [Times: user=0.00 sys=0.00, real=0.00 secs] 
47.607: Total time for which application threads were stopped: 0.0005870 seconds, Stopping threads took: 0.0000390 seconds
47.636: Application time: 0.0290980 seconds
47.636: [GC [PSYoungGen: 7662K->992K(7680K)] 23367K->16744K(25088K), 0.0004200 secs] [Times: user=0.00 sys=0.00, real=0.00 secs] 
47.636: Total time for which application threads were stopped: 0.0005290 seconds, Stopping threads took: 0.0000570 seconds
47.666: Application time: 0.0292000 seconds
47.666: [GC [PSYoungGen: 7646K->976K(7680K)] 23399K->16728K(25088K), 0.0004060 secs] [Times: user=0.00 sys=0.00, real=0.00 secs] 
47.666: Total time for which application threads were stopped: 0.0004940 seconds, Stopping threads took: 0.0000390 seconds
47.695: Application time: 0.0291210 seconds
47.695: [GC [PSYoungGen: 7630K->992K(7680K)] 23383K->16768K(25088K), 0.0004300 secs] [Times: user=0.00 sys=0.00, real=0.00 secs] 
47.696: Total time for which application threads were stopped: 0.0005300 seconds, Stopping threads took: 0.0000500 seconds
47.725: Application time: 0.0294410 seconds
47.725: [GC [PSYoungGen: 7644K->992K(7680K)] 23420K->16768K(25088K), 0.0003870 secs] [Times: user=0.00 sys=0.00, real=0.00 secs] 
47.726: Total time for which application threads were stopped: 0.0004760 seconds, Stopping threads took: 0.0000360 seconds
47.755: Application time: 0.0295180 seconds
47.755: [GC [PSYoungGen: 7646K->1008K(7680K)] 23423K->16784K(25088K), 0.0005230 secs] [Times: user=0.00 sys=0.00, real=0.00 secs] 
47.756: Total time for which application threads were stopped: 0.0006360 seconds, Stopping threads took: 0.0000540 seconds
47.784: Application time: 0.0286550 seconds
47.784: [GC [PSYoungGen: 7659K->992K(7680K)] 23436K->16912K(25088K), 0.0005080 secs] [Times: user=0.01 sys=0.00, real=0.00 secs] 
47.785: Total time for which application threads were stopped: 0.0006120 seconds, Stopping threads took: 0.0000510 seconds
47.813: Application time: 0.0279130 seconds
47.813: [GC [PSYoungGen: 7645K->992K(7680K)] 23566K->17088K(25088K), 0.0004470 secs] [Times: user=0.00 sys=0.00, real=0.00 secs] 
47.813: Total time for which application threads were stopped: 0.0005500 seconds, Stopping threads took: 0.0000450 seconds
47.843: Application time: 0.0292140 seconds
47.843: [GC [PSYoungGen: 7646K->992K(7680K)] 23743K->17152K(25088K), 0.0004370 secs] [Times: user=0.01 sys=0.00, real=0.00 secs] 
47.843: Total time for which application threads were stopped: 0.0005280 seconds, Stopping threads took: 0.0000380 seconds
47.871: Application time: 0.0276850 seconds
47.871: [GC [PSYoungGen: 7646K->960K(7680K)] 23806K->17376K(25088K), 0.0004870 secs] [Times: user=0.00 sys=0.00, real=0.01 secs] 
47.872: Total time for which application threads were stopped: 0.0005960 seconds, Stopping threads took: 0.0000550 seconds
47.900: Application time: 0.0286390 seconds
47.900: [GC [PSYoungGen: 7613K->928K(7680K)] 24030K->17536K(25088K), 0.0004530 secs] [Times: user=0.00 sys=0.00, real=0.00 secs] 
47.901: Total time for which application threads were stopped: 0.0005550 seconds, Stopping threads took: 0.0000510 seconds
47.929: Application time: 0.0285690 seconds
47.929: [GC [PSYoungGen: 7580K->992K(7680K)] 24188K->17616K(25088K), 0.0004210 secs] [Times: user=0.00 sys=0.00, real=0.00 secs] 
47.930: Total time for which application threads were stopped: 0.0005320 seconds, Stopping threads took: 0.0000560 seconds
47.960: Application time: 0.0296880 seconds
47.960: [GC [PSYoungGen: 7646K->928K(7680K)] 24271K->17552K(25088K), 0.0004120 secs] [Times: user=0.00 sys=0.00, real=0.00 secs] 
47.960: Total time for which application threads were stopped: 0.0005020 seconds, Stopping threads took: 0.0000420 seconds
47.990: Application time: 0.0298190 seconds
47.990: [GC [PSYoungGen: 7580K->864K(7680K)] 24204K->17544K(25088K), 0.0004380 secs] [Times: user=0.01 sys=0.00, real=0.00 secs] 
47.990: Total time for which application threads were stopped: 0.0005230 seconds, Stopping threads took: 0.0000330 seconds
48.020: Application time: 0.0295990 seconds
48.020: [GC [PSYoungGen: 7518K->832K(7680K)] 24199K->17625K(25088K), 0.0003890 secs] [Times: user=0.01 sys=0.00, real=0.00 secs] 
48.020: Total time for which application threads were stopped: 0.0004880 seconds, Stopping threads took: 0.0000490 seconds
48.050: Application time: 0.0298770 seconds
48.050: [GC [PSYoungGen: 7486K->608K(7680K)] 24280K->17622K(25088K), 0.0004080 secs] [Times: user=0.01 sys=0.00, real=0.00 secs] 
48.051: Total time for which application threads were stopped: 0.0005080 seconds, Stopping threads took: 0.0000530 seconds
48.081: Application time: 0.0301400 seconds
48.081: [GC [PSYoungGen: 7262K->608K(7680K)] 24277K->17622K(25088K), 0.0003340 secs] [Times: user=0.00 sys=0.00, real=0.00 secs] 
48.081: Total time for which application threads were stopped: 0.0004450 seconds, Stopping threads took: 0.0000500 seconds
48.112: Application time: 0.0301380 seconds
48.112: [GC [PSYoungGen: 7262K->576K(7680K)] 24277K->17590K(25088K), 0.0004750 secs] [Times: user=0.00 sys=0.00, real=0.00 secs] 
48.112: Total time for which application threads were stopped: 0.0005730 seconds, Stopping threads took: 0.0000470 seconds
48.142: Application time: 0.0300170 seconds
48.143: [GC [PSYoungGen: 7230K->736K(7680K)] 24245K->17750K(25088K), 0.0003960 secs] [Times: user=0.01 sys=0.00, real=0.00 secs] 
48.144: Total time for which application threads were stopped: 0.0014330 seconds, Stopping threads took: 0.0009880 seconds
48.173: Application time: 0.0297530 seconds
48.173: [GC [PSYoungGen: 7390K->608K(7680K)] 24405K->17622K(25088K), 0.0003620 secs] [Times: user=0.01 sys=0.00, real=0.00 secs] 
48.174: Total time for which application threads were stopped: 0.0004820 seconds, Stopping threads took: 0.0000680 seconds
48.204: Application time: 0.0298280 seconds
48.204: [GC [PSYoungGen: 7262K->608K(7680K)] 24277K->17622K(25088K), 0.0003480 secs] [Times: user=0.00 sys=0.00, real=0.00 secs] 
48.204: Total time for which application threads were stopped: 0.0004480 seconds, Stopping threads took: 0.0000520 seconds
48.234: Application time: 0.0298760 seconds
48.234: [GC [PSYoungGen: 7262K->576K(7680K)] 24277K->17650K(25088K), 0.0003950 secs] [Times: user=0.00 sys=0.00, real=0.00 secs] 
48.234: Total time for which application threads were stopped: 0.0005050 seconds, Stopping threads took: 0.0000530 seconds
48.264: Application time: 0.0300050 seconds
48.265: [GC [PSYoungGen: 7228K->384K(7680K)] 24303K->17786K(25088K), 0.0003720 secs] [Times: user=0.00 sys=0.00, real=0.00 secs] 
48.265: [Full GC [PSYoungGen: 384K->0K(7680K)] [ParOldGen: 17402K->3297K(17408K)] 17786K->3297K(25088K) [PSPermGen: 5535K->5535K(21504K)], 0.0044990 secs] [Times: user=0.02 sys=0.00, real=0.00 secs] 
48.270: Total time for which application threads were stopped: 0.0050200 seconds, Stopping threads took: 0.0000510 seconds
48.300: Application time: 0.0306370 seconds
48.302: [GC [PSYoungGen: 6654K->0K(7680K)] 9952K->3297K(25088K), 0.0003240 secs] [Times: user=0.00 sys=0.00, real=0.00 secs] 
48.302: Total time for which application threads were stopped: 0.0020230 seconds, Stopping threads took: 0.0016480 seconds
48.332: Application time: 0.0298080 seconds
48.332: [GC [PSYoungGen: 6654K->0K(7680K)] 9952K->3297K(25088K), 0.0002790 secs] [Times: user=0.00 sys=0.00, real=0.00 secs] 
48.332: Total time for which application threads were stopped: 0.0003640 seconds, Stopping threads took: 0.0000410 seconds
48.362: Application time: 0.0298200 seconds
48.362: [GC [PSYoungGen: 6654K->0K(7680K)] 9952K->3297K(25088K), 0.0002970 secs] [Times: user=0.01 sys=0.00, real=0.00 secs] 
48.363: Total time for which application threads were stopped: 0.0003890 seconds, Stopping threads took: 0.0000450 seconds
48.392: Application time: 0.0297020 seconds
48.392: [GC [PSYoungGen: 6654K->0K(7680K)] 9952K->3297K(25088K), 0.0002910 secs] [Times: user=0.00 sys=0.00, real=0.00 secs] 
48.393: Total time for which application threads were stopped: 0.0004070 seconds, Stopping threads took: 0.0000690 seconds
48.422: Application time: 0.0296900 seconds
48.422: [GC [PSYoungGen: 6654K->0K(7680K)] 9952K->3297K(25088K), 0.0002860 secs] [Times: user=0.00 sys=0.00, real=0.00 secs] 
48.423: Total time for which application threads were stopped: 0.0003790 seconds, Stopping threads took: 0.0000470 seconds
48.448: Application time: 0.0253140 seconds
48.448: [GC [PSYoungGen: 6652K->256K(7680K)] 9949K->3553K(25088K), 0.0003680 secs] [Times: user=0.00 sys=0.00, real=0.00 secs] 
48.449: Total time for which application threads were stopped: 0.0004680 seconds, Stopping threads took: 0.0000500 seconds
48.469: Application time: 0.0207770 seconds
48.469: [GC [PSYoungGen: 6910K->384K(7680K)] 10208K->3681K(25088K), 0.0003140 secs] [Times: user=0.00 sys=0.00, real=0.00 secs] 
48.470: Total time for which application threads were stopped: 0.0004160 seconds, Stopping threads took: 0.0000540 seconds
48.493: Application time: 0.0229590 seconds
48.493: [GC [PSYoungGen: 7035K->320K(7680K)] 10333K->3617K(25088K), 0.0003440 secs] [Times: user=0.00 sys=0.00, real=0.00 secs] 
48.493: Total time for which application threads were stopped: 0.0004460 seconds, Stopping threads took: 0.0000530 seconds
48.522: Application time: 0.0291660 seconds
48.522: [GC [PSYoungGen: 6972K->256K(7680K)] 10269K->3553K(25088K), 0.0003490 secs] [Times: user=0.00 sys=0.00, real=0.00 secs] 
48.523: Total time for which application threads were stopped: 0.0004420 seconds, Stopping threads took: 0.0000460 seconds
48.549: Application time: 0.0259210 seconds
48.549: [GC [PSYoungGen: 6906K->384K(7680K)] 10203K->3681K(25088K), 0.0003230 secs] [Times: user=0.00 sys=0.00, real=0.00 secs] 
48.549: Total time for which application threads were stopped: 0.0004260 seconds, Stopping threads took: 0.0000530 seconds
48.569: Application time: 0.0202920 seconds
48.569: [GC [PSYoungGen: 7038K->480K(7680K)] 10336K->3777K(25088K), 0.0003340 secs] [Times: user=0.00 sys=0.00, real=0.00 secs] 
48.570: Total time for which application threads were stopped: 0.0004270 seconds, Stopping threads took: 0.0000450 seconds
48.591: Application time: 0.0213970 seconds
48.591: [GC [PSYoungGen: 7133K->576K(7680K)] 10431K->3873K(25088K), 0.0003540 secs] [Times: user=0.00 sys=0.00, real=0.00 secs] 
48.592: Total time for which application threads were stopped: 0.0004830 seconds, Stopping threads took: 0.0000650 seconds
48.621: Application time: 0.0291220 seconds
48.621: [GC [PSYoungGen: 7228K->512K(7680K)] 10525K->3809K(25088K), 0.0003820 secs] [Times: user=0.00 sys=0.00, real=0.00 secs] 
48.621: Total time for which application threads were stopped: 0.0004820 seconds, Stopping threads took: 0.0000500 seconds
48.650: Application time: 0.0291820 seconds
48.651: [GC [PSYoungGen: 7164K->640K(7680K)] 10461K->3937K(25088K), 0.0003450 secs] [Times: user=0.00 sys=0.00, real=0.00 secs] 
48.651: Total time for which application threads were stopped: 0.0004520 seconds, Stopping threads took: 0.0000600 seconds
48.679: Application time: 0.0284940 seconds
48.680: [GC [PSYoungGen: 7294K->512K(7680K)] 10591K->3809K(25088K), 0.0003350 secs] [Times: user=0.00 sys=0.00, real=0.00 secs] 
48.680: Total time for which application threads were stopped: 0.0004400 seconds, Stopping threads took: 0.0000530 seconds
48.710: Application time: 0.0297030 seconds
48.710: [GC [PSYoungGen: 7164K->480K(7680K)] 10461K->3777K(25088K), 0.0003310 secs] [Times: user=0.00 sys=0.00, real=0.00 secs] 
48.710: Total time for which application threads were stopped: 0.0004180 seconds, Stopping threads took: 0.0000400 seconds
48.740: Application time: 0.0295530 seconds
48.740: [GC [PSYoungGen: 7134K->512K(7680K)] 10432K->3809K(25088K), 0.0003220 secs] [Times: user=0.00 sys=0.00, real=0.00 secs] 
48.740: Total time for which application threads were stopped: 0.0004300 seconds, Stopping threads took: 0.0000600 seconds
48.770: Application time: 0.0298240 seconds
48.770: [GC [PSYoungGen: 7166K->480K(7680K)] 10464K->3777K(25088K), 0.0003820 secs] [Times: user=0.00 sys=0.00, real=0.00 secs] 
48.770: Total time for which application threads were stopped: 0.0004800 seconds, Stopping threads took: 0.0000470 seconds
48.800: Application time: 0.0293580 seconds
48.800: [GC [PSYoungGen: 7134K->800K(7680K)] 10432K->4097K(25088K), 0.0003770 secs] [Times: user=0.00 sys=0.00, real=0.00 secs] 
48.800: Total time for which application threads were stopped: 0.0004770 seconds, Stopping threads took: 0.0000520 seconds
48.830: Application time: 0.0294390 seconds
48.830: [GC [PSYoungGen: 7454K->512K(7680K)] 10752K->3809K(25088K), 0.0003810 secs] [Times: user=0.01 sys=0.00, real=0.00 secs] 
48.830: Total time for which application threads were stopped: 0.0004840 seconds, Stopping threads took: 0.0000530 seconds
48.857: Application time: 0.0273770 seconds
48.858: [GC [PSYoungGen: 7166K->704K(7680K)] 10464K->4001K(25088K), 0.0003550 secs] [Times: user=0.01 sys=0.00, real=0.00 secs] 
48.858: Total time for which application threads were stopped: 0.0004520 seconds, Stopping threads took: 0.0000470 seconds
48.878: Application time: 0.0200690 seconds
48.878: [GC [PSYoungGen: 7356K->736K(7680K)] 10654K->4033K(25088K), 0.0003850 secs] [Times: user=0.00 sys=0.00, real=0.00 secs] 
48.878: Total time for which application threads were stopped: 0.0004760 seconds, Stopping threads took: 0.0000420 seconds
48.896: Application time: 0.0173390 seconds
48.896: [GC [PSYoungGen: 7389K->960K(7680K)] 10686K->4257K(25088K), 0.0004710 secs] [Times: user=0.00 sys=0.00, real=0.00 secs] 
48.896: Total time for which application threads were stopped: 0.0005730 seconds, Stopping threads took: 0.0000530 seconds
48.915: Application time: 0.0188740 seconds
48.915: [GC [PSYoungGen: 7613K->976K(7680K)] 10910K->4273K(25088K), 0.0004440 secs] [Times: user=0.00 sys=0.00, real=0.00 secs] 
48.916: Total time for which application threads were stopped: 0.0005480 seconds, Stopping threads took: 0.0000550 seconds
48.937: Application time: 0.0216680 seconds
48.938: [GC [PSYoungGen: 7627K->960K(7680K)] 10925K->4257K(25088K), 0.0004270 secs] [Times: user=0.00 sys=0.00, real=0.00 secs] 
48.938: Total time for which application threads were stopped: 0.0005360 seconds, Stopping threads took: 0.0000570 seconds
48.966: Application time: 0.0281780 seconds
48.966: [GC [PSYoungGen: 7616K->832K(7680K)] 10913K->4129K(25088K), 0.0004640 secs] [Times: user=0.00 sys=0.00, real=0.00 secs] 
48.967: Total time for which application threads were stopped: 0.0005660 seconds, Stopping threads took: 0.0000420 seconds
48.993: Application time: 0.0263050 seconds
48.993: [GC [PSYoungGen: 7485K->992K(7680K)] 10782K->4325K(25088K), 0.0004580 secs] [Times: user=0.00 sys=0.00, real=0.00 secs] 
48.994: Total time for which application threads were stopped: 0.0005580 seconds, Stopping threads took: 0.0000490 seconds
49.022: Application time: 0.0283240 seconds
49.022: [GC [PSYoungGen: 7645K->1008K(7680K)] 10979K->4357K(25088K), 0.0004310 secs] [Times: user=0.00 sys=0.00, real=0.00 secs] 
49.022: Total time for which application threads were stopped: 0.0005320 seconds, Stopping threads took: 0.0000500 seconds
49.052: Application time: 0.0296770 seconds
49.052: [GC [PSYoungGen: 7662K->992K(7680K)] 11012K->4349K(25088K), 0.0004250 secs] [Times: user=0.00 sys=0.00, real=0.00 secs] 
49.053: Total time for which application threads were stopped: 0.0005280 seconds, Stopping threads took: 0.0000540 seconds
49.078: Application time: 0.0253240 seconds
49.078: [GC [PSYoungGen: 7644K->992K(7680K)] 11001K->4629K(25088K), 0.0004830 secs] [Times: user=0.00 sys=0.00, real=0.00 secs] 
49.079: Total time for which application threads were stopped: 0.0005900 seconds, Stopping threads took: 0.0000550 seconds
49.099: Application time: 0.0204400 seconds
49.099: [GC [PSYoungGen: 7645K->1008K(7680K)] 11282K->4706K(25088K), 0.0004440 secs] [Times: user=0.00 sys=0.00, real=0.00 secs] 
49.100: Total time for which application threads were stopped: 0.0005670 seconds, Stopping threads took: 0.0000600 seconds
49.120: Application time: 0.0201930 seconds
49.120: [GC [PSYoungGen: 7660K->1008K(7680K)] 11358K->4930K(25088K), 0.0005000 secs] [Times: user=0.00 sys=0.00, real=0.00 secs] 
49.120: Total time for which application threads were stopped: 0.0006150 seconds, Stopping threads took: 0.0000660 seconds
49.141: Application time: 0.0204010 seconds
49.141: [GC [PSYoungGen: 7662K->1008K(7680K)] 11585K->5138K(25088K), 0.0005430 secs] [Times: user=0.01 sys=0.00, real=0.00 secs] 
49.141: Total time for which application threads were stopped: 0.0006550 seconds, Stopping threads took: 0.0000610 seconds
49.162: Application time: 0.0202690 seconds
49.162: [GC [PSYoungGen: 7662K->976K(7680K)] 11792K->5234K(25088K), 0.0005310 secs] [Times: user=0.00 sys=0.00, real=0.00 secs] 
49.162: Total time for which application threads were stopped: 0.0006290 seconds, Stopping threads took: 0.0000450 seconds
49.185: Application time: 0.0226730 seconds
49.185: [GC [PSYoungGen: 7629K->1008K(7680K)] 11887K->5274K(25088K), 0.0004890 secs] [Times: user=0.00 sys=0.00, real=0.00 secs] 
49.186: Total time for which application threads were stopped: 0.0005840 seconds, Stopping threads took: 0.0000460 seconds
49.206: Application time: 0.0203190 seconds
49.206: [GC [PSYoungGen: 7660K->992K(7680K)] 11926K->5418K(25088K), 0.0005110 secs] [Times: user=0.00 sys=0.00, real=0.00 secs] 
49.207: Total time for which application threads were stopped: 0.0006080 seconds, Stopping threads took: 0.0000500 seconds
49.224: Application time: 0.0170610 seconds
49.224: [GC [PSYoungGen: 7626K->1008K(7680K)] 12052K->5674K(25088K), 0.0005260 secs] [Times: user=0.00 sys=0.00, real=0.00 secs] 
49.224: Total time for which application threads were stopped: 0.0006450 seconds, Stopping threads took: 0.0000680 seconds
49.244: Application time: 0.0197470 seconds
49.244: [GC [PSYoungGen: 7663K->992K(7680K)] 12330K->5866K(25088K), 0.0005230 secs] [Times: user=0.00 sys=0.00, real=0.00 secs] 
49.245: Total time for which application threads were stopped: 0.0006290 seconds, Stopping threads took: 0.0000510 seconds
49.267: Application time: 0.0224600 seconds
49.271: [GC [PSYoungGen: 7646K->1008K(7680K)] 12520K->6042K(25088K), 0.0006090 secs] [Times: user=0.00 sys=0.00, real=0.00 secs] 
49.272: Total time for which application threads were stopped: 0.0046750 seconds, Stopping threads took: 0.0040050 seconds
49.299: Application time: 0.0275160 seconds
49.299: [GC [PSYoungGen: 7661K->992K(7680K)] 12696K->6451K(25088K), 0.0005670 secs] [Times: user=0.00 sys=0.00, real=0.00 secs] 
49.300: Total time for which application threads were stopped: 0.0006780 seconds, Stopping threads took: 0.0000580 seconds
49.328: Application time: 0.0276360 seconds
49.328: [GC [PSYoungGen: 7645K->1008K(7680K)] 13105K->6659K(25088K), 0.0005030 secs] [Times: user=0.00 sys=0.00, real=0.00 secs] 
49.328: Total time for which application threads were stopped: 0.0006080 seconds, Stopping threads took: 0.0000530 seconds
49.355: Application time: 0.0263010 seconds
49.355: [GC [PSYoungGen: 7660K->992K(7680K)] 13312K->7048K(25088K), 0.0005610 secs] [Times: user=0.01 sys=0.00, real=0.00 secs] 
49.355: Total time for which application threads were stopped: 0.0006720 seconds, Stopping threads took: 0.0000570 seconds
49.384: Application time: 0.0290030 seconds
49.384: [GC [PSYoungGen: 7646K->992K(7680K)] 13702K->7148K(25088K), 0.0004420 secs] [Times: user=0.00 sys=0.00, real=0.00 secs] 
49.385: Total time for which application threads were stopped: 0.0005330 seconds, Stopping threads took: 0.0000430 seconds
49.414: Application time: 0.0290340 seconds
49.414: [GC [PSYoungGen: 7646K->960K(7680K)] 13803K->7116K(25088K), 0.0004530 secs] [Times: user=0.00 sys=0.00, real=0.00 secs] 
49.414: Total time for which application threads were stopped: 0.0005610 seconds, Stopping threads took: 0.0000550 seconds
49.443: Application time: 0.0291140 seconds
49.444: [GC [PSYoungGen: 7614K->1008K(7680K)] 13771K->7172K(25088K), 0.0004530 secs] [Times: user=0.00 sys=0.00, real=0.00 secs] 
49.444: Total time for which application threads were stopped: 0.0005510 seconds, Stopping threads took: 0.0000450 seconds
49.473: Application time: 0.0292460 seconds
49.473: [GC [PSYoungGen: 7662K->960K(7680K)] 13827K->7172K(25088K), 0.0004470 secs] [Times: user=0.00 sys=0.00, real=0.00 secs] 
49.474: Total time for which application threads were stopped: 0.0005620 seconds, Stopping threads took: 0.0000620 seconds
49.503: Application time: 0.0290930 seconds
49.503: [GC [PSYoungGen: 7614K->992K(7680K)] 13827K->7212K(25088K), 0.0003940 secs] [Times: user=0.00 sys=0.00, real=0.00 secs] 
49.503: Total time for which application threads were stopped: 0.0005010 seconds, Stopping threads took: 0.0000580 seconds
49.531: Application time: 0.0275570 seconds
49.531: [GC [PSYoungGen: 7646K->992K(7680K)] 13866K->7348K(25088K), 0.0005080 secs] [Times: user=0.00 sys=0.00, real=0.01 secs] 
49.532: Total time for which application threads were stopped: 0.0006100 seconds, Stopping threads took: 0.0000520 seconds
49.560: Application time: 0.0287000 seconds
49.563: [GC [PSYoungGen: 7646K->992K(7680K)] 14002K->7528K(25088K), 0.0004390 secs] [Times: user=0.00 sys=0.01, real=0.00 secs] 
49.564: Total time for which application threads were stopped: 0.0033230 seconds, Stopping threads took: 0.0028290 seconds
49.593: Application time: 0.0291750 seconds
49.593: [GC [PSYoungGen: 7643K->992K(7680K)] 14180K->7688K(25088K), 0.0004420 secs] [Times: user=0.00 sys=0.00, real=0.00 secs] 
49.593: Total time for which application threads were stopped: 0.0005700 seconds, Stopping threads took: 0.0000780 seconds
49.622: Application time: 0.0286070 seconds
49.622: [GC [PSYoungGen: 7543K->992K(7680K)] 14240K->7736K(25088K), 0.0004130 secs] [Times: user=0.01 sys=0.00, real=0.00 secs] 
49.622: Total time for which application threads were stopped: 0.0005230 seconds, Stopping threads took: 0.0000560 seconds
49.651: Application time: 0.0285970 seconds
49.651: [GC [PSYoungGen: 7647K->992K(7680K)] 14392K->7936K(25088K), 0.0004740 secs] [Times: user=0.00 sys=0.00, real=0.00 secs] 
49.652: Total time for which application threads were stopped: 0.0005690 seconds, Stopping threads took: 0.0000430 seconds
49.680: Application time: 0.0280600 seconds
49.680: [GC [PSYoungGen: 7645K->992K(7680K)] 14590K->8128K(25088K), 0.0004450 secs] [Times: user=0.00 sys=0.00, real=0.00 secs] 
49.680: Total time for which application threads were stopped: 0.0005450 seconds, Stopping threads took: 0.0000500 seconds
49.710: Application time: 0.0295980 seconds
49.710: [GC [PSYoungGen: 7644K->960K(7680K)] 14781K->8144K(25088K), 0.0004880 secs] [Times: user=0.00 sys=0.00, real=0.00 secs] 
49.710: Total time for which application threads were stopped: 0.0005920 seconds, Stopping threads took: 0.0000530 seconds
49.740: Application time: 0.0298660 seconds
49.740: [GC [PSYoungGen: 7612K->928K(7680K)] 14797K->8184K(25088K), 0.0004280 secs] [Times: user=0.00 sys=0.00, real=0.00 secs] 
49.741: Total time for which application threads were stopped: 0.0005260 seconds, Stopping threads took: 0.0000480 seconds
49.771: Application time: 0.0300760 seconds
49.771: [GC [PSYoungGen: 7582K->768K(7680K)] 14839K->8229K(25088K), 0.0004370 secs] [Times: user=0.00 sys=0.00, real=0.01 secs] 
49.771: Total time for which application threads were stopped: 0.0005610 seconds, Stopping threads took: 0.0000630 seconds
49.802: Application time: 0.0309420 seconds
49.803: [GC [PSYoungGen: 7424K->544K(7680K)] 14885K->8249K(25088K), 0.0004090 secs] [Times: user=0.01 sys=0.00, real=0.00 secs] 
49.803: Total time for which application threads were stopped: 0.0005100 seconds, Stopping threads took: 0.0000480 seconds
49.834: Application time: 0.0309490 seconds
49.834: [GC [PSYoungGen: 7198K->512K(7680K)] 14904K->8217K(25088K), 0.0003880 secs] [Times: user=0.01 sys=0.00, real=0.00 secs] 
49.834: Total time for which application threads were stopped: 0.0004970 seconds, Stopping threads took: 0.0000500 seconds
49.864: Application time: 0.0297790 seconds
49.864: [GC [PSYoungGen: 7166K->544K(7680K)] 14872K->8249K(25088K), 0.0003330 secs] [Times: user=0.01 sys=0.00, real=0.00 secs] 
49.865: Total time for which application threads were stopped: 0.0004400 seconds, Stopping threads took: 0.0000530 seconds
49.895: Application time: 0.0298860 seconds
49.895: [GC [PSYoungGen: 7198K->576K(7680K)] 14904K->8281K(25088K), 0.0003240 secs] [Times: user=0.01 sys=0.00, real=0.00 secs] 
49.895: Total time for which application threads were stopped: 0.0004100 seconds, Stopping threads took: 0.0000360 seconds
49.925: Application time: 0.0298990 seconds
49.925: [GC [PSYoungGen: 7230K->544K(7680K)] 14936K->8249K(25088K), 0.0003310 secs] [Times: user=0.00 sys=0.00, real=0.00 secs] 
49.925: Total time for which application threads were stopped: 0.0004320 seconds, Stopping threads took: 0.0000550 seconds
49.955: Application time: 0.0299260 seconds
49.955: [GC [PSYoungGen: 7198K->608K(7680K)] 14904K->8313K(25088K), 0.0003480 secs] [Times: user=0.00 sys=0.00, real=0.00 secs] 
49.956: Total time for which application threads were stopped: 0.0004450 seconds, Stopping threads took: 0.0000510 seconds
49.986: Application time: 0.0300900 seconds
49.986: [GC [PSYoungGen: 7260K->512K(7680K)] 14966K->8249K(25088K), 0.0004190 secs] [Times: user=0.01 sys=0.00, real=0.00 secs] 
49.986: Total time for which application threads were stopped: 0.0005070 seconds, Stopping threads took: 0.0000400 seconds
50.016: Application time: 0.0298600 seconds
50.016: [GC [PSYoungGen: 7166K->480K(7680K)] 14904K->8217K(25088K), 0.0003300 secs] [Times: user=0.01 sys=0.00, real=0.00 secs] 
50.017: Total time for which application threads were stopped: 0.0004330 seconds, Stopping threads took: 0.0000560 seconds
50.046: Application time: 0.0299540 seconds
50.047: [GC [PSYoungGen: 7134K->544K(7680K)] 14872K->8342K(25088K), 0.0003360 secs] [Times: user=0.00 sys=0.00, real=0.00 secs] 
50.047: Total time for which application threads were stopped: 0.0004190 seconds, Stopping threads took: 0.0000380 seconds
50.077: Application time: 0.0297550 seconds
50.079: [GC [PSYoungGen: 7198K->512K(7680K)] 14997K->8310K(25088K), 0.0003890 secs] [Times: user=0.00 sys=0.00, real=0.00 secs] 
50.080: Total time for which application threads were stopped: 0.0028970 seconds, Stopping threads took: 0.0024630 seconds
50.109: Application time: 0.0298100 seconds
50.109: [GC [PSYoungGen: 7166K->352K(7680K)] 14965K->8371K(25088K), 0.0003470 secs] [Times: user=0.00 sys=0.00, real=0.00 secs] 
50.110: Total time for which application threads were stopped: 0.0004450 seconds, Stopping threads took: 0.0000500 seconds
50.139: Application time: 0.0296700 seconds
50.140: [GC [PSYoungGen: 7006K->0K(7680K)] 15025K->8243K(25088K), 0.0003540 secs] [Times: user=0.00 sys=0.00, real=0.00 secs] 
50.140: Total time for which application threads were stopped: 0.0004740 seconds, Stopping threads took: 0.0000590 seconds
50.170: Application time: 0.0298080 seconds
50.170: [GC [PSYoungGen: 6652K->0K(7680K)] 14895K->8243K(25088K), 0.0003350 secs] [Times: user=0.00 sys=0.00, real=0.00 secs] 
50.170: Total time for which application threads were stopped: 0.0004340 seconds, Stopping threads took: 0.0000510 seconds
50.198: Application time: 0.0281310 seconds
50.198: [GC [PSYoungGen: 6652K->352K(7680K)] 14895K->8595K(25088K), 0.0003180 secs] [Times: user=0.00 sys=0.00, real=0.00 secs] 
50.199: Total time for which application threads were stopped: 0.0004090 seconds, Stopping threads took: 0.0000400 seconds
50.220: Application time: 0.0208160 seconds
50.220: [GC [PSYoungGen: 7007K->384K(7680K)] 15250K->8627K(25088K), 0.0003090 secs] [Times: user=0.00 sys=0.00, real=0.00 secs] 
50.220: Total time for which application threads were stopped: 0.0003920 seconds, Stopping threads took: 0.0000340 seconds
50.242: Application time: 0.0215550 seconds
50.242: [GC [PSYoungGen: 7035K->352K(7680K)] 15278K->8595K(25088K), 0.0003240 secs] [Times: user=0.00 sys=0.00, real=0.00 secs] 
50.242: Total time for which application threads were stopped: 0.0004160 seconds, Stopping threads took: 0.0000480 seconds
50.270: Application time: 0.0280480 seconds
50.270: [GC [PSYoungGen: 7006K->384K(7680K)] 15249K->8627K(25088K), 0.0003320 secs] [Times: user=0.00 sys=0.00, real=0.00 secs] 
50.270: Total time for which application threads were stopped: 0.0004420 seconds, Stopping threads took: 0.0000580 seconds
50.297: Application time: 0.0269630 seconds
50.297: [GC [PSYoungGen: 7038K->448K(7680K)] 15281K->8691K(25088K), 0.0003790 secs] [Times: user=0.00 sys=0.00, real=0.00 secs] 
50.298: Total time for which application threads were stopped: 0.0004760 seconds, Stopping threads took: 0.0000460 seconds
50.318: Application time: 0.0199970 seconds
50.318: [GC [PSYoungGen: 7100K->480K(7680K)] 15343K->8723K(25088K), 0.0003960 secs] [Times: user=0.00 sys=0.00, real=0.00 secs] 
50.318: Total time for which application threads were stopped: 0.0004840 seconds, Stopping threads took: 0.0000410 seconds
50.340: Application time: 0.0216280 seconds
50.340: [GC [PSYoungGen: 7133K->512K(7680K)] 15376K->8755K(25088K), 0.0003410 secs] [Times: user=0.00 sys=0.00, real=0.00 secs] 
50.340: Total time for which application threads were stopped: 0.0004360 seconds, Stopping threads took: 0.0000460 seconds
50.368: Application time: 0.0280370 seconds
50.369: [GC [PSYoungGen: 7166K->544K(7680K)] 15409K->8787K(25088K), 0.0003330 secs] [Times: user=0.00 sys=0.00, real=0.00 secs] 
50.369: Total time for which application threads were stopped: 0.0004380 seconds, Stopping threads took: 0.0000570 seconds
50.398: Application time: 0.0291800 seconds
50.398: [GC [PSYoungGen: 7196K->448K(7680K)] 15439K->8691K(25088K), 0.0003590 secs] [Times: user=0.00 sys=0.00, real=0.00 secs] 
50.399: Total time for which application threads were stopped: 0.0004480 seconds, Stopping threads took: 0.0000410 seconds
50.427: Application time: 0.0283500 seconds
50.427: [GC [PSYoungGen: 7100K->512K(7680K)] 15343K->8755K(25088K), 0.0004170 secs] [Times: user=0.01 sys=0.00, real=0.00 secs] 
50.427: Total time for which application threads were stopped: 0.0005140 seconds, Stopping threads took: 0.0000490 seconds
50.457: Application time: 0.0295430 seconds
50.457: [GC [PSYoungGen: 7164K->512K(7680K)] 15407K->8755K(25088K), 0.0003540 secs] [Times: user=0.00 sys=0.00, real=0.00 secs] 
50.457: Total time for which application threads were stopped: 0.0004470 seconds, Stopping threads took: 0.0000470 seconds
50.487: Application time: 0.0295060 seconds
50.487: [GC [PSYoungGen: 7166K->512K(7680K)] 15409K->8755K(25088K), 0.0003260 secs] [Times: user=0.00 sys=0.00, real=0.00 secs] 
50.487: Total time for which application threads were stopped: 0.0004400 seconds, Stopping threads took: 0.0000640 seconds
50.517: Application time: 0.0295930 seconds
50.517: [GC [PSYoungGen: 7166K->512K(7680K)] 15409K->8755K(25088K), 0.0003540 secs] [Times: user=0.00 sys=0.00, real=0.00 secs] 
50.517: Total time for which application threads were stopped: 0.0004390 seconds, Stopping threads took: 0.0000370 seconds
50.547: Application time: 0.0294390 seconds
50.547: [GC [PSYoungGen: 7166K->480K(7680K)] 15409K->8723K(25088K), 0.0003840 secs] [Times: user=0.00 sys=0.00, real=0.00 secs] 
50.547: Total time for which application threads were stopped: 0.0004870 seconds, Stopping threads took: 0.0000500 seconds
50.577: Application time: 0.0296320 seconds
50.577: [GC [PSYoungGen: 7134K->480K(7680K)] 15377K->8723K(25088K), 0.0003800 secs] [Times: user=0.00 sys=0.00, real=0.00 secs] 
50.577: Total time for which application threads were stopped: 0.0005000 seconds, Stopping threads took: 0.0000660 seconds
50.607: Application time: 0.0294130 seconds
50.607: [GC [PSYoungGen: 7134K->512K(7680K)] 15377K->8755K(25088K), 0.0003520 secs] [Times: user=0.00 sys=0.00, real=0.00 secs] 
50.607: Total time for which application threads were stopped: 0.0004470 seconds, Stopping threads took: 0.0000490 seconds
50.629: Application time: 0.0218970 seconds
50.629: [GC [PSYoungGen: 7164K->736K(7680K)] 15407K->8979K(25088K), 0.0003650 secs] [Times: user=0.01 sys=0.00, real=0.00 secs] 
50.630: Total time for which application threads were stopped: 0.0004420 seconds, Stopping threads took: 0.0000300 seconds
50.649: Application time: 0.0194730 seconds
50.649: [GC [PSYoungGen: 7390K->736K(7680K)] 15634K->8979K(25088K), 0.0003810 secs] [Times: user=0.00 sys=0.00, real=0.00 secs] 
50.650: Total time for which application threads were stopped: 0.0005020 seconds, Stopping threads took: 0.0000600 seconds
50.669: Application time: 0.0191200 seconds
50.669: [GC [PSYoungGen: 7389K->928K(7680K)] 15632K->9171K(25088K), 0.0004210 secs] [Times: user=0.01 sys=0.00, real=0.00 secs] 
50.669: Total time for which application threads were stopped: 0.0005300 seconds, Stopping threads took: 0.0000590 seconds
50.690: Application time: 0.0210560 seconds
50.690: [GC [PSYoungGen: 7581K->912K(7680K)] 15824K->9155K(25088K), 0.0004330 secs] [Times: user=0.01 sys=0.00, real=0.00 secs] 
50.691: Total time for which application threads were stopped: 0.0005360 seconds, Stopping threads took: 0.0000530 seconds
50.715: Application time: 0.0238970 seconds
50.715: [GC [PSYoungGen: 7566K->928K(7680K)] 15809K->9171K(25088K), 0.0004730 secs] [Times: user=0.00 sys=0.00, real=0.00 secs] 
50.715: Total time for which application threads were stopped: 0.0005750 seconds, Stopping threads took: 0.0000460 seconds
50.741: Application time: 0.0258520 seconds
50.741: [GC [PSYoungGen: 7582K->1008K(7680K)] 15825K->9251K(25088K), 0.0004430 secs] [Times: user=0.00 sys=0.00, real=0.00 secs] 
50.742: Total time for which application threads were stopped: 0.0005360 seconds, Stopping threads took: 0.0000400 seconds
50.770: Application time: 0.0283870 seconds
50.770: [GC [PSYoungGen: 7660K->1008K(7680K)] 15903K->9275K(25088K), 0.0005100 secs] [Times: user=0.00 sys=0.00, real=0.00 secs] 
50.771: Total time for which application threads were stopped: 0.0006170 seconds, Stopping threads took: 0.0000540 seconds
50.801: Application time: 0.0304200 seconds
50.801: [GC [PSYoungGen: 7660K->1008K(7680K)] 15927K->9275K(25088K), 0.0004520 secs] [Times: user=0.01 sys=0.00, real=0.00 secs] 
50.802: Total time for which application threads were stopped: 0.0005560 seconds, Stopping threads took: 0.0000510 seconds
50.824: Application time: 0.0225780 seconds
50.827: [GC [PSYoungGen: 7662K->1008K(7680K)] 15930K->9443K(25088K), 0.0005340 secs] [Times: user=0.00 sys=0.00, real=0.00 secs] 
50.828: Total time for which application threads were stopped: 0.0036360 seconds, Stopping threads took: 0.0030540 seconds
50.850: Application time: 0.0216570 seconds
50.850: [GC [PSYoungGen: 7661K->992K(7680K)] 16096K->9475K(25088K), 0.0004820 secs] [Times: user=0.00 sys=0.00, real=0.00 secs] 
50.850: Total time for which application threads were stopped: 0.0005980 seconds, Stopping threads took: 0.0000540 seconds
50.872: Application time: 0.0214730 seconds
50.872: [GC [PSYoungGen: 7645K->992K(7680K)] 16128K->9811K(25088K), 0.0005150 secs] [Times: user=0.00 sys=0.00, real=0.00 secs] 
50.872: Total time for which application threads were stopped: 0.0006190 seconds, Stopping threads took: 0.0000520 seconds
50.893: Application time: 0.0205070 seconds
50.893: [GC [PSYoungGen: 7646K->992K(7680K)] 16466K->9991K(25088K), 0.0004730 secs] [Times: user=0.00 sys=0.00, real=0.00 secs] 
50.893: Total time for which application threads were stopped: 0.0005680 seconds, Stopping threads took: 0.0000420 seconds
50.914: Application time: 0.0204380 seconds
50.914: [GC [PSYoungGen: 7644K->1008K(7680K)] 16643K->10135K(25088K), 0.0004520 secs] [Times: user=0.00 sys=0.00, real=0.00 secs] 
50.914: Total time for which application threads were stopped: 0.0005630 seconds, Stopping threads took: 0.0000590 seconds
50.940: Application time: 0.0251570 seconds
50.940: [GC [PSYoungGen: 7660K->992K(7680K)] 16787K->10468K(25088K), 0.0004940 secs] [Times: user=0.01 sys=0.00, real=0.00 secs] 
50.940: Total time for which application threads were stopped: 0.0005890 seconds, Stopping threads took: 0.0000420 seconds
50.960: Application time: 0.0196200 seconds
50.960: [GC [PSYoungGen: 7645K->1008K(7680K)] 17121K->10628K(25088K), 0.0004950 secs] [Times: user=0.01 sys=0.00, real=0.00 secs] 
50.960: Total time for which application threads were stopped: 0.0005960 seconds, Stopping threads took: 0.0000450 seconds
50.976: Application time: 0.0158680 seconds
50.976: [GC [PSYoungGen: 7660K->992K(7680K)] 17281K->10764K(25088K), 0.0004530 secs] [Times: user=0.00 sys=0.00, real=0.00 secs] 
50.977: Total time for which application threads were stopped: 0.0005580 seconds, Stopping threads took: 0.0000550 seconds
50.995: Application time: 0.0183590 seconds
50.995: [GC [PSYoungGen: 7644K->992K(7680K)] 17416K->10984K(25088K), 0.0004490 secs] [Times: user=0.00 sys=0.00, real=0.00 secs] 
50.996: Total time for which application threads were stopped: 0.0005440 seconds, Stopping threads took: 0.0000460 seconds
51.019: Application time: 0.0237180 seconds
51.019: [GC [PSYoungGen: 7646K->992K(7680K)] 17638K->11144K(25088K), 0.0004240 secs] [Times: user=0.00 sys=0.00, real=0.00 secs] 
51.020: Total time for which application threads were stopped: 0.0005130 seconds, Stopping threads took: 0.0000420 seconds
51.048: Application time: 0.0284200 seconds
51.048: [GC [PSYoungGen: 7646K->992K(7680K)] 17798K->11296K(25088K), 0.0004580 secs] [Times: user=0.00 sys=0.00, real=0.00 secs] 
51.049: Total time for which application threads were stopped: 0.0005670 seconds, Stopping threads took: 0.0000580 seconds
51.075: Application time: 0.0261960 seconds
51.075: [GC [PSYoungGen: 7647K->992K(7680K)] 17952K->11456K(25088K), 0.0004370 secs] [Times: user=0.00 sys=0.00, real=0.00 secs] 
51.076: Total time for which application threads were stopped: 0.0005410 seconds, Stopping threads took: 0.0000540 seconds
51.103: Application time: 0.0272540 seconds
51.103: [GC [PSYoungGen: 7646K->1008K(7680K)] 18110K->11709K(25088K), 0.0004830 secs] [Times: user=0.00 sys=0.00, real=0.00 secs] 
51.103: Total time for which application threads were stopped: 0.0005810 seconds, Stopping threads took: 0.0000470 seconds
51.133: Application time: 0.0291980 seconds
51.133: [GC [PSYoungGen: 7660K->976K(7680K)] 18361K->11693K(25088K), 0.0004550 secs] [Times: user=0.00 sys=0.00, real=0.00 secs] 
51.133: Total time for which application threads were stopped: 0.0005550 seconds, Stopping threads took: 0.0000450 seconds
51.162: Application time: 0.0291990 seconds
51.162: [GC [PSYoungGen: 7630K->992K(7680K)] 18347K->11709K(25088K), 0.0004390 secs] [Times: user=0.00 sys=0.00, real=0.00 secs] 
51.163: Total time for which application threads were stopped: 0.0005370 seconds, Stopping threads took: 0.0000380 seconds
51.192: Application time: 0.0293930 seconds
51.192: [GC [PSYoungGen: 7646K->976K(7680K)] 18363K->11733K(25088K), 0.0004350 secs] [Times: user=0.01 sys=0.00, real=0.00 secs] 
51.193: Total time for which application threads were stopped: 0.0005320 seconds, Stopping threads took: 0.0000380 seconds
51.222: Application time: 0.0290670 seconds
51.222: [GC [PSYoungGen: 7630K->960K(7680K)] 18387K->11717K(25088K), 0.0003850 secs] [Times: user=0.00 sys=0.00, real=0.00 secs] 
51.222: Total time for which application threads were stopped: 0.0004890 seconds, Stopping threads took: 0.0000500 seconds
51.251: Application time: 0.0283870 seconds
51.251: [GC [PSYoungGen: 7612K->992K(7680K)] 18369K->11941K(25088K), 0.0005160 secs] [Times: user=0.00 sys=0.00, real=0.01 secs] 
51.251: Total time for which application threads were stopped: 0.0006160 seconds, Stopping threads took: 0.0000500 seconds
51.280: Application time: 0.0289190 seconds
51.280: [GC [PSYoungGen: 7647K->992K(7680K)] 18596K->11941K(25088K), 0.0004650 secs] [Times: user=0.00 sys=0.00, real=0.00 secs] 
51.281: Total time for which application threads were stopped: 0.0005580 seconds, Stopping threads took: 0.0000440 seconds
51.308: Application time: 0.0275320 seconds
51.309: [GC [PSYoungGen: 7646K->992K(7680K)] 18595K->12149K(25088K), 0.0004730 secs] [Times: user=0.00 sys=0.00, real=0.00 secs] 
51.309: Total time for which application threads were stopped: 0.0005680 seconds, Stopping threads took: 0.0000470 seconds
51.339: Application time: 0.0304490 seconds
51.340: [GC [PSYoungGen: 7646K->896K(7680K)] 18803K->12077K(25088K), 0.0005110 secs] [Times: user=0.00 sys=0.00, real=0.00 secs] 
51.340: Total time for which application threads were stopped: 0.0006130 seconds, Stopping threads took: 0.0000510 seconds
51.369: Application time: 0.0285590 seconds
51.369: [GC [PSYoungGen: 7549K->1008K(7680K)] 18730K->12189K(25088K), 0.0004170 secs] [Times: user=0.00 sys=0.00, real=0.00 secs] 
51.369: Total time for which application threads were stopped: 0.0005240 seconds, Stopping threads took: 0.0000550 seconds
51.397: Application time: 0.0279120 seconds
51.397: [GC [PSYoungGen: 7659K->992K(7680K)] 18840K->12253K(25088K), 0.0004410 secs] [Times: user=0.00 sys=0.00, real=0.00 secs] 
51.398: Total time for which application threads were stopped: 0.0005400 seconds, Stopping threads took: 0.0000510 seconds
51.426: Application time: 0.0286440 seconds
51.426: [GC [PSYoungGen: 7644K->928K(7680K)] 18905K->12237K(25088K), 0.0004090 secs] [Times: user=0.00 sys=0.00, real=0.00 secs] 
51.427: Total time for which application threads were stopped: 0.0005120 seconds, Stopping threads took: 0.0000550 seconds
51.457: Application time: 0.0297320 seconds
51.457: [GC [PSYoungGen: 7582K->896K(7680K)] 18891K->12205K(25088K), 0.0003750 secs] [Times: user=0.00 sys=0.00, real=0.00 secs] 
51.457: Total time for which application threads were stopped: 0.0004710 seconds, Stopping threads took: 0.0000460 seconds
51.487: Application time: 0.0298570 seconds
51.487: [GC [PSYoungGen: 7550K->832K(7680K)] 18859K->12141K(25088K), 0.0003880 secs] [Times: user=0.00 sys=0.00, real=0.00 secs] 
51.487: Total time for which application threads were stopped: 0.0004850 seconds, Stopping threads took: 0.0000470 seconds
51.517: Application time: 0.0297680 seconds
51.517: [GC [PSYoungGen: 7486K->768K(7680K)] 18795K->12145K(25088K), 0.0003930 secs] [Times: user=0.00 sys=0.00, real=0.00 secs] 
51.518: Total time for which application threads were stopped: 0.0004880 seconds, Stopping threads took: 0.0000440 seconds
51.547: Application time: 0.0298340 seconds
51.548: [GC [PSYoungGen: 7422K->736K(7680K)] 18800K->12206K(25088K), 0.0003730 secs] [Times: user=0.00 sys=0.00, real=0.00 secs] 
51.548: Total time for which application threads were stopped: 0.0004760 seconds, Stopping threads took: 0.0000530 seconds
51.578: Application time: 0.0303840 seconds
51.578: [GC [PSYoungGen: 7388K->736K(7680K)] 18858K->12206K(25088K), 0.0003680 secs] [Times: user=0.00 sys=0.00, real=0.00 secs] 
51.579: Total time for which application threads were stopped: 0.0004620 seconds, Stopping threads took: 0.0000440 seconds
51.609: Application time: 0.0297630 seconds
51.609: [GC [PSYoungGen: 7390K->736K(7680K)] 18861K->12206K(25088K), 0.0003590 secs] [Times: user=0.00 sys=0.00, real=0.00 secs] 
51.609: Total time for which application threads were stopped: 0.0004610 seconds, Stopping threads took: 0.0000530 seconds
51.639: Application time: 0.0299230 seconds
51.639: [GC [PSYoungGen: 7390K->704K(7680K)] 18861K->12174K(25088K), 0.0003810 secs] [Times: user=0.00 sys=0.00, real=0.01 secs] 
51.639: Total time for which application threads were stopped: 0.0004610 seconds, Stopping threads took: 0.0000330 seconds
51.670: Application time: 0.0302080 seconds
51.670: [GC [PSYoungGen: 7358K->864K(7680K)] 18829K->12334K(25088K), 0.0004320 secs] [Times: user=0.00 sys=0.00, real=0.00 secs] 
51.670: Total time for which application threads were stopped: 0.0005420 seconds, Stopping threads took: 0.0000550 seconds
51.700: Application time: 0.0296970 seconds
51.700: [GC [PSYoungGen: 7518K->736K(7680K)] 18989K->12206K(25088K), 0.0004190 secs] [Times: user=0.00 sys=0.00, real=0.00 secs] 
51.700: Total time for which application threads were stopped: 0.0005130 seconds, Stopping threads took: 0.0000470 seconds
51.730: Application time: 0.0297530 seconds
51.730: [GC [PSYoungGen: 7390K->576K(7680K)] 18861K->12274K(25088K), 0.0003700 secs] [Times: user=0.00 sys=0.00, real=0.00 secs] 
51.731: Total time for which application threads were stopped: 0.0004730 seconds, Stopping threads took: 0.0000580 seconds
51.761: Application time: 0.0300530 seconds
51.761: [GC [PSYoungGen: 7230K->512K(7680K)] 18929K->12295K(25088K), 0.0003900 secs] [Times: user=0.00 sys=0.00, real=0.00 secs] 
51.761: Total time for which application threads were stopped: 0.0005000 seconds, Stopping threads took: 0.0000560 seconds
51.791: Application time: 0.0296890 seconds
51.791: [GC [PSYoungGen: 7166K->448K(7680K)] 18950K->12231K(25088K), 0.0003640 secs] [Times: user=0.00 sys=0.00, real=0.01 secs] 
51.791: Total time for which application threads were stopped: 0.0004650 seconds, Stopping threads took: 0.0000550 seconds
51.821: Application time: 0.0296900 seconds
51.821: [GC [PSYoungGen: 7102K->416K(7680K)] 18886K->12199K(25088K), 0.0003800 secs] [Times: user=0.00 sys=0.00, real=0.00 secs] 
51.821: Total time for which application threads were stopped: 0.0004810 seconds, Stopping threads took: 0.0000530 seconds
51.851: Application time: 0.0297610 seconds
51.851: [GC [PSYoungGen: 7070K->320K(7680K)] 18854K->12319K(25088K), 0.0003560 secs] [Times: user=0.01 sys=0.00, real=0.00 secs] 
51.852: Total time for which application threads were stopped: 0.0004470 seconds, Stopping threads took: 0.0000450 seconds
51.881: Application time: 0.0298060 seconds
51.882: [GC [PSYoungGen: 6974K->0K(7680K)] 18974K->12203K(25088K), 0.0003350 secs] [Times: user=0.01 sys=0.00, real=0.00 secs] 
51.882: Total time for which application threads were stopped: 0.0004630 seconds, Stopping threads took: 0.0000780 seconds
51.912: Application time: 0.0296130 seconds
51.912: [GC [PSYoungGen: 6654K->0K(7680K)] 18858K->12203K(25088K), 0.0003340 secs] [Times: user=0.00 sys=0.00, real=0.00 secs] 
51.912: Total time for which application threads were stopped: 0.0004390 seconds, Stopping threads took: 0.0000550 seconds
51.942: Application time: 0.0295580 seconds
51.942: [GC [PSYoungGen: 6654K->0K(7680K)] 18858K->12203K(25088K), 0.0003210 secs] [Times: user=0.00 sys=0.00, real=0.00 secs] 
51.942: Total time for which application threads were stopped: 0.0004080 seconds, Stopping threads took: 0.0000450 seconds
51.968: Application time: 0.0259990 seconds
51.968: [GC [PSYoungGen: 6652K->288K(7680K)] 18855K->12491K(25088K), 0.0003450 secs] [Times: user=0.00 sys=0.00, real=0.00 secs] 
51.968: Total time for which application threads were stopped: 0.0004390 seconds, Stopping threads took: 0.0000500 seconds
51.989: Application time: 0.0207130 seconds
51.989: [GC [PSYoungGen: 6944K->320K(7680K)] 19147K->12523K(25088K), 0.0003360 secs] [Times: user=0.00 sys=0.00, real=0.00 secs] 
51.990: Total time for which application threads were stopped: 0.0004210 seconds, Stopping threads took: 0.0000400 seconds
52.011: Application time: 0.0219550 seconds
52.012: [GC [PSYoungGen: 6973K->320K(7680K)] 19177K->12523K(25088K), 0.0003510 secs] [Times: user=0.00 sys=0.00, real=0.00 secs] 
52.012: Total time for which application threads were stopped: 0.0004440 seconds, Stopping threads took: 0.0000500 seconds
52.041: Application time: 0.0290450 seconds
52.041: [GC [PSYoungGen: 6972K->352K(7680K)] 19176K->12555K(25088K), 0.0003070 secs] [Times: user=0.00 sys=0.00, real=0.00 secs] 
52.041: Total time for which application threads were stopped: 0.0004110 seconds, Stopping threads took: 0.0000560 seconds
52.063: Application time: 0.0217490 seconds
52.063: [GC [PSYoungGen: 7004K->512K(7680K)] 19208K->12715K(25088K), 0.0003440 secs] [Times: user=0.00 sys=0.00, real=0.00 secs] 
52.064: Total time for which application threads were stopped: 0.0004300 seconds, Stopping threads took: 0.0000370 seconds
52.084: Application time: 0.0205600 seconds
52.084: [GC [PSYoungGen: 7166K->544K(7680K)] 19370K->12747K(25088K), 0.0003710 secs] [Times: user=0.00 sys=0.00, real=0.00 secs] 
52.085: Total time for which application threads were stopped: 0.0004580 seconds, Stopping threads took: 0.0000360 seconds
52.109: Application time: 0.0248470 seconds
52.110: [GC [PSYoungGen: 7197K->512K(7680K)] 19401K->12715K(25088K), 0.0003830 secs] [Times: user=0.00 sys=0.00, real=0.00 secs] 
52.110: Total time for which application threads were stopped: 0.0004880 seconds, Stopping threads took: 0.0000500 seconds
52.139: Application time: 0.0290430 seconds
52.139: [GC [PSYoungGen: 7164K->512K(7680K)] 19368K->12715K(25088K), 0.0003650 secs] [Times: user=0.00 sys=0.00, real=0.00 secs] 
52.139: Total time for which application threads were stopped: 0.0004750 seconds, Stopping threads took: 0.0000560 seconds
52.168: Application time: 0.0283300 seconds
52.168: [GC [PSYoungGen: 7165K->544K(7680K)] 19369K->12747K(25088K), 0.0003540 secs] [Times: user=0.00 sys=0.00, real=0.00 secs] 
52.168: Total time for which application threads were stopped: 0.0004590 seconds, Stopping threads took: 0.0000570 seconds
52.198: Application time: 0.0293660 seconds
52.198: [GC [PSYoungGen: 7198K->480K(7680K)] 19402K->12683K(25088K), 0.0003840 secs] [Times: user=0.00 sys=0.00, real=0.00 secs] 
52.198: Total time for which application threads were stopped: 0.0004900 seconds, Stopping threads took: 0.0000450 seconds
52.227: Application time: 0.0293910 seconds
52.228: [GC [PSYoungGen: 7134K->512K(7680K)] 19338K->12715K(25088K), 0.0003590 secs] [Times: user=0.00 sys=0.00, real=0.00 secs] 
52.228: Total time for which application threads were stopped: 0.0004560 seconds, Stopping threads took: 0.0000460 seconds
52.257: Application time: 0.0295270 seconds
52.258: [GC [PSYoungGen: 7164K->512K(7680K)] 19368K->12715K(25088K), 0.0003380 secs] [Times: user=0.00 sys=0.00, real=0.00 secs] 
52.258: Total time for which application threads were stopped: 0.0004180 seconds, Stopping threads took: 0.0000320 seconds
52.287: Application time: 0.0295830 seconds
52.291: [GC [PSYoungGen: 7166K->448K(7680K)] 19370K->12651K(25088K), 0.0004810 secs] [Times: user=0.00 sys=0.00, real=0.00 secs] 
52.292: Total time for which application threads were stopped: 0.0041610 seconds, Stopping threads took: 0.0036240 seconds
52.321: Application time: 0.0296960 seconds
52.321: [GC [PSYoungGen: 7100K->512K(7680K)] 19304K->12715K(25088K), 0.0003860 secs] [Times: user=0.00 sys=0.00, real=0.00 secs] 
52.322: Total time for which application threads were stopped: 0.0005030 seconds, Stopping threads took: 0.0000660 seconds
52.351: Application time: 0.0293010 seconds
52.351: [GC [PSYoungGen: 7166K->512K(7680K)] 19370K->12715K(25088K), 0.0003550 secs] [Times: user=0.00 sys=0.00, real=0.00 secs] 
52.352: Total time for which application threads were stopped: 0.0004580 seconds, Stopping threads took: 0.0000520 seconds
52.375: Application time: 0.0229780 seconds
52.375: [GC [PSYoungGen: 7163K->704K(7680K)] 19367K->12907K(25088K), 0.0004470 secs] [Times: user=0.00 sys=0.00, real=0.00 secs] 
52.375: Total time for which application threads were stopped: 0.0005590 seconds, Stopping threads took: 0.0000570 seconds
52.396: Application time: 0.0212580 seconds
52.397: [GC [PSYoungGen: 7357K->704K(7680K)] 19561K->12907K(25088K), 0.0003890 secs] [Times: user=0.00 sys=0.00, real=0.00 secs] 
52.397: Total time for which application threads were stopped: 0.0004910 seconds, Stopping threads took: 0.0000540 seconds
52.413: Application time: 0.0164260 seconds
52.413: [GC [PSYoungGen: 7310K->800K(7680K)] 19514K->13003K(25088K), 0.0004530 secs] [Times: user=0.00 sys=0.00, real=0.00 secs] 
52.414: Total time for which application threads were stopped: 0.0005550 seconds, Stopping threads took: 0.0000500 seconds
52.435: Application time: 0.0207920 seconds
52.435: [GC [PSYoungGen: 7451K->992K(7680K)] 19655K->13195K(25088K), 0.0004290 secs] [Times: user=0.00 sys=0.00, real=0.00 secs] 
52.435: Total time for which application threads were stopped: 0.0005230 seconds, Stopping threads took: 0.0000450 seconds
52.458: Application time: 0.0230880 seconds
52.458: [GC [PSYoungGen: 7648K->960K(7680K)] 19851K->13163K(25088K), 0.0004880 secs] [Times: user=0.00 sys=0.00, real=0.00 secs] 
52.459: Total time for which application threads were stopped: 0.0005970 seconds, Stopping threads took: 0.0000550 seconds
52.485: Application time: 0.0263930 seconds
52.487: [GC [PSYoungGen: 7614K->992K(7680K)] 19818K->13203K(25088K), 0.0004460 secs] [Times: user=0.00 sys=0.00, real=0.00 secs] 
52.488: Total time for which application threads were stopped: 0.0023070 seconds, Stopping threads took: 0.0018070 seconds
52.516: Application time: 0.0287650 seconds
52.516: [GC [PSYoungGen: 7645K->992K(7680K)] 19857K->13211K(25088K), 0.0004540 secs] [Times: user=0.00 sys=0.00, real=0.00 secs] 
52.517: Total time for which application threads were stopped: 0.0005800 seconds, Stopping threads took: 0.0000740 seconds
52.545: Application time: 0.0283640 seconds
52.545: [GC [PSYoungGen: 7646K->992K(7680K)] 19866K->13360K(25088K), 0.0004680 secs] [Times: user=0.00 sys=0.00, real=0.00 secs] 
52.546: Total time for which application threads were stopped: 0.0005690 seconds, Stopping threads took: 0.0000520 seconds
52.568: Application time: 0.0224090 seconds
52.568: [GC [PSYoungGen: 7648K->960K(7680K)] 20016K->13456K(25088K), 0.0004590 secs] [Times: user=0.00 sys=0.00, real=0.00 secs] 
52.569: Total time for which application threads were stopped: 0.0005730 seconds, Stopping threads took: 0.0000600 seconds
52.591: Application time: 0.0217210 seconds
52.591: [GC [PSYoungGen: 7613K->960K(7680K)] 20109K->13456K(25088K), 0.0004230 secs] [Times: user=0.00 sys=0.00, real=0.01 secs] 
52.591: Total time for which application threads were stopped: 0.0005100 seconds, Stopping threads took: 0.0000370 seconds
52.608: Application time: 0.0166170 seconds
52.608: [GC [PSYoungGen: 7614K->992K(7680K)] 20110K->13640K(25088K), 0.0004460 secs] [Times: user=0.00 sys=0.00, real=0.00 secs] 
52.608: Total time for which application threads were stopped: 0.0005520 seconds, Stopping threads took: 0.0000510 seconds
52.629: Application time: 0.0209860 seconds
52.631: [GC [PSYoungGen: 7647K->1008K(7680K)] 20295K->13656K(25088K), 0.0004600 secs] [Times: user=0.01 sys=0.00, real=0.00 secs] 
52.632: Total time for which application threads were stopped: 0.0023470 seconds, Stopping threads took: 0.0018360 seconds
52.656: Application time: 0.0242040 seconds
52.656: [GC [PSYoungGen: 7662K->1008K(7680K)] 20310K->13656K(25088K), 0.0004500 secs] [Times: user=0.00 sys=0.00, real=0.00 secs] 
52.656: Total time for which application threads were stopped: 0.0005530 seconds, Stopping threads took: 0.0000500 seconds
52.683: Application time: 0.0263410 seconds
52.683: [GC [PSYoungGen: 7662K->1008K(7680K)] 20310K->13848K(25088K), 0.0005100 secs] [Times: user=0.00 sys=0.00, real=0.00 secs] 
52.684: Total time for which application threads were stopped: 0.0009500 seconds, Stopping threads took: 0.0003840 seconds
52.703: Application time: 0.0195280 seconds
52.703: [GC [PSYoungGen: 7663K->992K(7680K)] 20503K->14244K(25088K), 0.0005130 secs] [Times: user=0.00 sys=0.00, real=0.00 secs] 
52.704: Total time for which application threads were stopped: 0.0006180 seconds, Stopping threads took: 0.0000390 seconds
52.719: Application time: 0.0153900 seconds
52.719: [GC [PSYoungGen: 7644K->1008K(7680K)] 20896K->14661K(25088K), 0.0005380 secs] [Times: user=0.00 sys=0.00, real=0.00 secs] 
52.720: Total time for which application threads were stopped: 0.0006320 seconds, Stopping threads took: 0.0000450 seconds
52.738: Application time: 0.0178800 seconds
52.738: [GC [PSYoungGen: 7662K->992K(7680K)] 21316K->14902K(25088K), 0.0005010 secs] [Times: user=0.00 sys=0.00, real=0.00 secs] 
52.738: Total time for which application threads were stopped: 0.0006080 seconds, Stopping threads took: 0.0000540 seconds
52.763: Application time: 0.0241840 seconds
52.763: [GC [PSYoungGen: 7644K->992K(7680K)] 21554K->15139K(25088K), 0.0004910 secs] [Times: user=0.00 sys=0.00, real=0.00 secs] 
52.763: Total time for which application threads were stopped: 0.0005940 seconds, Stopping threads took: 0.0000500 seconds
52.792: Application time: 0.0284480 seconds
52.792: [GC [PSYoungGen: 7646K->1008K(7680K)] 21793K->15163K(25088K), 0.0004290 secs] [Times: user=0.00 sys=0.00, real=0.00 secs] 
52.792: Total time for which application threads were stopped: 0.0005180 seconds, Stopping threads took: 0.0000420 seconds
52.817: Application time: 0.0251750 seconds
52.817: [GC [PSYoungGen: 7663K->992K(7680K)] 21818K->15500K(25088K), 0.0005570 secs] [Times: user=0.01 sys=0.00, real=0.00 secs] 
52.818: Total time for which application threads were stopped: 0.0006640 seconds, Stopping threads took: 0.0000560 seconds
52.847: Application time: 0.0290530 seconds
52.847: [GC [PSYoungGen: 7643K->1008K(7680K)] 22151K->15756K(25088K), 0.0005270 secs] [Times: user=0.00 sys=0.00, real=0.00 secs] 
52.848: Total time for which application threads were stopped: 0.0006330 seconds, Stopping threads took: 0.0000540 seconds
52.876: Application time: 0.0280810 seconds
52.876: [GC [PSYoungGen: 7660K->960K(7680K)] 22408K->15892K(25088K), 0.0005180 secs] [Times: user=0.00 sys=0.00, real=0.00 secs] 
52.876: Total time for which application threads were stopped: 0.0006090 seconds, Stopping threads took: 0.0000380 seconds
52.905: Application time: 0.0290460 seconds
52.905: [GC [PSYoungGen: 7612K->896K(7680K)] 22544K->15864K(25088K), 0.0004030 secs] [Times: user=0.00 sys=0.00, real=0.00 secs] 
52.906: Total time for which application threads were stopped: 0.0004830 seconds, Stopping threads took: 0.0000300 seconds
52.935: Application time: 0.0289620 seconds
52.935: [GC [PSYoungGen: 7550K->864K(7680K)] 22519K->15848K(25088K), 0.0003920 secs] [Times: user=0.00 sys=0.00, real=0.00 secs] 
52.935: Total time for which application threads were stopped: 0.0004880 seconds, Stopping threads took: 0.0000480 seconds
52.964: Application time: 0.0291790 seconds
52.965: [GC [PSYoungGen: 7518K->896K(7680K)] 22503K->15880K(25088K), 0.0003830 secs] [Times: user=0.00 sys=0.00, real=0.00 secs] 
52.965: Total time for which application threads were stopped: 0.0004670 seconds, Stopping threads took: 0.0000370 seconds
52.994: Application time: 0.0289680 seconds
52.994: [GC [PSYoungGen: 7550K->1008K(7680K)] 22534K->16008K(25088K), 0.0004260 secs] [Times: user=0.00 sys=0.00, real=0.00 secs] 
52.994: Total time for which application threads were stopped: 0.0005220 seconds, Stopping threads took: 0.0000430 seconds
53.022: Application time: 0.0274620 seconds
53.022: [GC [PSYoungGen: 7662K->1008K(7680K)] 22662K->16192K(25088K), 0.0005520 secs] [Times: user=0.00 sys=0.00, real=0.00 secs] 
53.023: Total time for which application threads were stopped: 0.0006500 seconds, Stopping threads took: 0.0000450 seconds
53.051: Application time: 0.0283330 seconds
53.051: [GC [PSYoungGen: 7661K->1008K(7680K)] 22846K->16240K(25088K), 0.0005010 secs] [Times: user=0.00 sys=0.00, real=0.01 secs] 
53.051: Total time for which application threads were stopped: 0.0006060 seconds, Stopping threads took: 0.0000510 seconds
53.081: Application time: 0.0292790 seconds
53.081: [GC [PSYoungGen: 7662K->992K(7680K)] 22895K->16269K(25088K), 0.0004410 secs] [Times: user=0.00 sys=0.00, real=0.00 secs] 
53.081: Total time for which application threads were stopped: 0.0005510 seconds, Stopping threads took: 0.0000530 seconds
53.110: Application time: 0.0284050 seconds
53.110: [GC [PSYoungGen: 7644K->1008K(7680K)] 22921K->16469K(25088K), 0.0004780 secs] [Times: user=0.01 sys=0.00, real=0.00 secs] 
53.110: Total time for which application threads were stopped: 0.0005770 seconds, Stopping threads took: 0.0000480 seconds
53.138: Application time: 0.0278220 seconds
53.138: [GC [PSYoungGen: 7661K->992K(7680K)] 23122K->16549K(25088K), 0.0004520 secs] [Times: user=0.00 sys=0.00, real=0.00 secs] 
53.139: Total time for which application threads were stopped: 0.0005630 seconds, Stopping threads took: 0.0000560 seconds
53.167: Application time: 0.0286170 seconds
53.167: [GC [PSYoungGen: 7644K->992K(7680K)] 23201K->16597K(25088K), 0.0005210 secs] [Times: user=0.00 sys=0.00, real=0.00 secs] 
53.168: Total time for which application threads were stopped: 0.0006100 seconds, Stopping threads took: 0.0000390 seconds
53.198: Application time: 0.0297020 seconds
53.198: [GC [PSYoungGen: 7646K->928K(7680K)] 23252K->16541K(25088K), 0.0004240 secs] [Times: user=0.00 sys=0.00, real=0.00 secs] 
53.198: Total time for which application threads were stopped: 0.0005370 seconds, Stopping threads took: 0.0000590 seconds
53.228: Application time: 0.0297350 seconds
53.228: [GC [PSYoungGen: 7582K->928K(7680K)] 23196K->16541K(25088K), 0.0004550 secs] [Times: user=0.00 sys=0.00, real=0.00 secs] 
53.228: Total time for which application threads were stopped: 0.0005690 seconds, Stopping threads took: 0.0000510 seconds
53.258: Application time: 0.0298900 seconds
53.259: [GC [PSYoungGen: 7582K->960K(7680K)] 23196K->16661K(25088K), 0.0003880 secs] [Times: user=0.00 sys=0.00, real=0.00 secs] 
53.260: Total time for which application threads were stopped: 0.0011780 seconds, Stopping threads took: 0.0007390 seconds
53.290: Application time: 0.0301170 seconds
53.290: [GC [PSYoungGen: 7612K->896K(7680K)] 23313K->16597K(25088K), 0.0004040 secs] [Times: user=0.00 sys=0.00, real=0.00 secs] 
53.290: Total time for which application threads were stopped: 0.0005080 seconds, Stopping threads took: 0.0000540 seconds
53.320: Application time: 0.0297770 seconds
53.320: [GC [PSYoungGen: 7550K->832K(7680K)] 23252K->16589K(25088K), 0.0003960 secs] [Times: user=0.00 sys=0.00, real=0.00 secs] 
53.320: Total time for which application threads were stopped: 0.0005020 seconds, Stopping threads took: 0.0000530 seconds
53.350: Application time: 0.0298370 seconds
53.350: [GC [PSYoungGen: 7486K->864K(7680K)] 23244K->16621K(25088K), 0.0003840 secs] [Times: user=0.00 sys=0.00, real=0.00 secs] 
53.351: Total time for which application threads were stopped: 0.0004750 seconds, Stopping threads took: 0.0000430 seconds
53.381: Application time: 0.0298910 seconds
53.381: [GC [PSYoungGen: 7518K->864K(7680K)] 23276K->16621K(25088K), 0.0004340 secs] [Times: user=0.01 sys=0.00, real=0.00 secs] 
53.381: Total time for which application threads were stopped: 0.0005400 seconds, Stopping threads took: 0.0000580 seconds
53.411: Application time: 0.0298960 seconds
53.411: [GC [PSYoungGen: 7518K->864K(7680K)] 23276K->16621K(25088K), 0.0004270 secs] [Times: user=0.00 sys=0.00, real=0.00 secs] 
53.412: Total time for which application threads were stopped: 0.0005310 seconds, Stopping threads took: 0.0000540 seconds
53.442: Application time: 0.0299020 seconds
53.442: [GC [PSYoungGen: 7518K->864K(7680K)] 23276K->16621K(25088K), 0.0003830 secs] [Times: user=0.01 sys=0.00, real=0.00 secs] 
53.442: Total time for which application threads were stopped: 0.0004750 seconds, Stopping threads took: 0.0000460 seconds
53.472: Application time: 0.0302640 seconds
53.472: [GC [PSYoungGen: 7518K->672K(7680K)] 23276K->16665K(25088K), 0.0003790 secs] [Times: user=0.00 sys=0.00, real=0.00 secs] 
53.473: Total time for which application threads were stopped: 0.0004740 seconds, Stopping threads took: 0.0000400 seconds
53.503: Application time: 0.0299650 seconds
53.503: [GC [PSYoungGen: 7326K->512K(7680K)] 23320K->16833K(25088K), 0.0004500 secs] [Times: user=0.00 sys=0.00, real=0.00 secs] 
53.503: Total time for which application threads were stopped: 0.0005490 seconds, Stopping threads took: 0.0000490 seconds
53.533: Application time: 0.0300510 seconds
53.533: [GC [PSYoungGen: 7166K->544K(7680K)] 23488K->16865K(25088K), 0.0003630 secs] [Times: user=0.00 sys=0.00, real=0.00 secs] 
53.534: Total time for which application threads were stopped: 0.0004530 seconds, Stopping threads took: 0.0000450 seconds
53.564: Application time: 0.0297740 seconds
53.564: [GC [PSYoungGen: 7198K->512K(7680K)] 23520K->16833K(25088K), 0.0003720 secs] [Times: user=0.00 sys=0.00, real=0.00 secs] 
53.564: Total time for which application threads were stopped: 0.0004560 seconds, Stopping threads took: 0.0000380 seconds
53.594: Application time: 0.0297350 seconds
53.594: [GC [PSYoungGen: 7166K->288K(7680K)] 23488K->16830K(25088K), 0.0003810 secs] [Times: user=0.00 sys=0.00, real=0.00 secs] 
53.594: Total time for which application threads were stopped: 0.0004710 seconds, Stopping threads took: 0.0000450 seconds
53.624: Application time: 0.0296360 seconds
53.624: [GC [PSYoungGen: 6942K->0K(7680K)] 23485K->16766K(25088K), 0.0003280 secs] [Times: user=0.00 sys=0.00, real=0.00 secs] 
53.624: Total time for which application threads were stopped: 0.0004230 seconds, Stopping threads took: 0.0000490 seconds
53.654: Application time: 0.0295660 seconds
53.654: [GC [PSYoungGen: 6654K->0K(7680K)] 23421K->16766K(25088K), 0.0003410 secs] [Times: user=0.00 sys=0.00, real=0.00 secs] 
53.654: Total time for which application threads were stopped: 0.0004420 seconds, Stopping threads took: 0.0000550 seconds
53.684: Application time: 0.0296130 seconds
53.684: [GC [PSYoungGen: 6654K->0K(7680K)] 23421K->16766K(25088K), 0.0004790 secs] [Times: user=0.00 sys=0.00, real=0.00 secs] 
53.684: Total time for which application threads were stopped: 0.0005760 seconds, Stopping threads took: 0.0000470 seconds
53.714: Application time: 0.0295460 seconds
53.714: [GC [PSYoungGen: 6654K->0K(7680K)] 23421K->16766K(25088K), 0.0003570 secs] [Times: user=0.00 sys=0.00, real=0.00 secs] 
53.714: Total time for which application threads were stopped: 0.0004440 seconds, Stopping threads took: 0.0000430 seconds
53.735: Application time: 0.0205360 seconds
53.735: [GC [PSYoungGen: 6652K->384K(7680K)] 23419K->17150K(25088K), 0.0003340 secs] [Times: user=0.00 sys=0.00, real=0.00 secs] 
53.735: Total time for which application threads were stopped: 0.0004510 seconds, Stopping threads took: 0.0000570 seconds
53.757: Application time: 0.0214780 seconds
53.757: [GC [PSYoungGen: 7039K->352K(7680K)] 23806K->17118K(25088K), 0.0003870 secs] [Times: user=0.00 sys=0.00, real=0.00 secs] 
53.757: Total time for which application threads were stopped: 0.0004830 seconds, Stopping threads took: 0.0000440 seconds
53.784: Application time: 0.0266290 seconds
53.784: [GC [PSYoungGen: 7006K->384K(7680K)] 23772K->17150K(25088K), 0.0003140 secs] [Times: user=0.01 sys=0.00, real=0.00 secs] 
53.784: Total time for which application threads were stopped: 0.0004070 seconds, Stopping threads took: 0.0000420 seconds
53.809: Application time: 0.0245030 seconds
53.809: [GC [PSYoungGen: 7038K->544K(7680K)] 23805K->17310K(25088K), 0.0003970 secs] [Times: user=0.00 sys=0.00, real=0.00 secs] 
53.809: Total time for which application threads were stopped: 0.0005100 seconds, Stopping threads took: 0.0000590 seconds
53.830: Application time: 0.0205910 seconds
53.830: [GC [PSYoungGen: 7197K->512K(7680K)] 23964K->17278K(25088K), 0.0003990 secs] [Times: user=0.00 sys=0.00, real=0.00 secs] 
53.831: Total time for which application threads were stopped: 0.0005030 seconds, Stopping threads took: 0.0000570 seconds
53.855: Application time: 0.0240090 seconds
53.855: [GC [PSYoungGen: 7165K->480K(7680K)] 23932K->17246K(25088K), 0.0004230 secs] [Times: user=0.00 sys=0.00, real=0.00 secs] 
53.855: Total time for which application threads were stopped: 0.0005160 seconds, Stopping threads took: 0.0000440 seconds
53.884: Application time: 0.0292150 seconds
53.884: [GC [PSYoungGen: 7132K->512K(7680K)] 23898K->17278K(25088K), 0.0003710 secs] [Times: user=0.00 sys=0.00, real=0.00 secs] 
53.885: Total time for which application threads were stopped: 0.0004640 seconds, Stopping threads took: 0.0000480 seconds
53.914: Application time: 0.0290760 seconds
53.914: [GC [PSYoungGen: 7164K->512K(7680K)] 23930K->17278K(25088K), 0.0003410 secs] [Times: user=0.00 sys=0.00, real=0.00 secs] 
53.914: Total time for which application threads were stopped: 0.0004620 seconds, Stopping threads took: 0.0000710 seconds
53.943: Application time: 0.0283100 seconds
53.943: [GC [PSYoungGen: 7165K->576K(7680K)] 23932K->17342K(25088K), 0.0003420 secs] [Times: user=0.00 sys=0.00, real=0.00 secs] 
53.943: Total time for which application threads were stopped: 0.0004550 seconds, Stopping threads took: 0.0000590 seconds
53.973: Application time: 0.0298780 seconds
53.973: [GC [PSYoungGen: 7228K->480K(7680K)] 23994K->17246K(25088K), 0.0004360 secs] [Times: user=0.00 sys=0.00, real=0.00 secs] 
53.974: Total time for which application threads were stopped: 0.0005310 seconds, Stopping threads took: 0.0000470 seconds
54.003: Application time: 0.0294450 seconds
54.003: [GC [PSYoungGen: 7134K->480K(7680K)] 23901K->17246K(25088K), 0.0004000 secs] [Times: user=0.00 sys=0.00, real=0.00 secs] 
54.003: Total time for which application threads were stopped: 0.0004980 seconds, Stopping threads took: 0.0000490 seconds
54.034: Application time: 0.0301090 seconds
54.034: [GC [PSYoungGen: 7134K->512K(7680K)] 23900K->17278K(25088K), 0.0003300 secs] [Times: user=0.00 sys=0.00, real=0.00 secs] 
54.034: Total time for which application threads were stopped: 0.0004190 seconds, Stopping threads took: 0.0000380 seconds
54.063: Application time: 0.0294060 seconds
54.063: [GC [PSYoungGen: 7166K->608K(7680K)] 23933K->17374K(25088K), 0.0004210 secs] [Times: user=0.00 sys=0.00, real=0.00 secs] 
54.064: Total time for which application threads were stopped: 0.0005300 seconds, Stopping threads took: 0.0000590 seconds
54.093: Application time: 0.0293560 seconds
54.093: [GC [PSYoungGen: 7262K->544K(7680K)] 24029K->17310K(25088K), 0.0003370 secs] [Times: user=0.00 sys=0.00, real=0.00 secs] 
54.094: Total time for which application threads were stopped: 0.0004390 seconds, Stopping threads took: 0.0000520 seconds
54.121: Application time: 0.0276350 seconds
54.121: [GC [PSYoungGen: 7198K->704K(7680K)] 23965K->17470K(25088K), 0.0003660 secs] [Times: user=0.00 sys=0.00, real=0.00 secs] 
54.122: Total time for which application threads were stopped: 0.0004560 seconds, Stopping threads took: 0.0000410 seconds
54.142: Application time: 0.0205600 seconds
54.142: [GC [PSYoungGen: 7358K->736K(7680K)] 24125K->17502K(25088K), 0.0003860 secs] [Times: user=0.01 sys=0.00, real=0.00 secs] 
54.143: Total time for which application threads were stopped: 0.0004920 seconds, Stopping threads took: 0.0000550 seconds
54.161: Application time: 0.0185930 seconds
54.162: [GC [PSYoungGen: 7390K->928K(7680K)] 24157K->17694K(25088K), 0.0004490 secs] [Times: user=0.00 sys=0.00, real=0.00 secs] 
54.162: Total time for which application threads were stopped: 0.0005430 seconds, Stopping threads took: 0.0000460 seconds
54.180: Application time: 0.0184750 seconds
54.181: [GC [PSYoungGen: 7581K->992K(7680K)] 24347K->17758K(25088K), 0.0004920 secs] [Times: user=0.01 sys=0.00, real=0.00 secs] 
54.181: Total time for which application threads were stopped: 0.0005830 seconds, Stopping threads took: 0.0000420 seconds
54.202: Application time: 0.0210540 seconds
54.203: [GC [PSYoungGen: 7645K->960K(7680K)] 24411K->17726K(25088K), 0.0004070 secs] [Times: user=0.00 sys=0.00, real=0.00 secs] 
54.204: Total time for which application threads were stopped: 0.0014350 seconds, Stopping threads took: 0.0009790 seconds
54.230: Application time: 0.0267470 seconds
54.230: [GC [PSYoungGen: 7612K->992K(7680K)] 24378K->17758K(25088K), 0.0004750 secs] [Times: user=0.00 sys=0.00, real=0.00 secs] 
54.231: Total time for which application threads were stopped: 0.0005870 seconds, Stopping threads took: 0.0000590 seconds
54.258: Application time: 0.0268430 seconds
54.258: [GC [PSYoungGen: 7646K->1008K(7680K)] 24412K->17910K(25088K), 0.0004900 secs] [Times: user=0.00 sys=0.00, real=0.00 secs] 
54.258: Total time for which application threads were stopped: 0.0005910 seconds, Stopping threads took: 0.0000420 seconds
54.287: Application time: 0.0282310 seconds
54.287: [GC [PSYoungGen: 7661K->896K(7680K)] 24564K->17798K(25088K), 0.0004110 secs] [Times: user=0.00 sys=0.00, real=0.00 secs] 
54.287: Total time for which application threads were stopped: 0.0005170 seconds, Stopping threads took: 0.0000510 seconds
54.309: Application time: 0.0219030 seconds
54.309: [GC [PSYoungGen: 7548K->992K(7680K)] 24450K->18022K(25088K), 0.0005280 secs] [Times: user=0.00 sys=0.00, real=0.00 secs] 
54.310: Total time for which application threads were stopped: 0.0006310 seconds, Stopping threads took: 0.0000510 seconds
54.326: Application time: 0.0163440 seconds
54.326: [GC [PSYoungGen: 7644K->1008K(7680K)] 24675K->18174K(25088K), 0.0005550 secs] [Times: user=0.00 sys=0.00, real=0.00 secs] 
54.327: Total time for which application threads were stopped: 0.0006680 seconds, Stopping threads took: 0.0000620 seconds
54.344: Application time: 0.0177630 seconds
54.344: [GC [PSYoungGen: 7660K->992K(7680K)] 24827K->18198K(25088K), 0.0005300 secs] [Times: user=0.00 sys=0.00, real=0.00 secs] 
54.345: Total time for which application threads were stopped: 0.0006200 seconds, Stopping threads took: 0.0000370 seconds
54.368: Application time: 0.0226230 seconds
54.368: [GC [PSYoungGen: 7646K->992K(7680K)] 24852K->18227K(25088K), 0.0005310 secs] [Times: user=0.00 sys=0.00, real=0.00 secs] 
54.368: Total time for which application threads were stopped: 0.0006330 seconds, Stopping threads took: 0.0000540 seconds
54.397: Application time: 0.0286400 seconds
54.397: [GC [PSYoungGen: 7644K->992K(7680K)] 24879K->18243K(25088K), 0.0005090 secs] [Times: user=0.00 sys=0.00, real=0.00 secs] 
54.398: Total time for which application threads were stopped: 0.0006060 seconds, Stopping threads took: 0.0000510 seconds
54.425: Application time: 0.0277530 seconds
54.425: [GC [PSYoungGen: 7646K->960K(7680K)] 24897K->18339K(25088K), 0.0004570 secs] [Times: user=0.00 sys=0.00, real=0.00 secs] 
54.426: [Full GC [PSYoungGen: 960K->0K(7680K)] [ParOldGen: 17379K->3300K(17408K)] 18339K->3300K(25088K) [PSPermGen: 5537K->5537K(21504K)], 0.0047100 secs] [Times: user=0.02 sys=0.00, real=0.00 secs] 
54.431: Total time for which application threads were stopped: 0.0053160 seconds, Stopping threads took: 0.0000470 seconds
54.455: Application time: 0.0247240 seconds
54.455: [GC [PSYoungGen: 6651K->544K(7680K)] 9951K->3844K(25088K), 0.0003790 secs] [Times: user=0.00 sys=0.00, real=0.00 secs] 
54.456: Total time for which application threads were stopped: 0.0004960 seconds, Stopping threads took: 0.0000580 seconds
54.472: Application time: 0.0158690 seconds
54.472: [GC [PSYoungGen: 7197K->736K(7680K)] 10497K->4036K(25088K), 0.0003780 secs] [Times: user=0.01 sys=0.00, real=0.00 secs] 
54.472: Total time for which application threads were stopped: 0.0004720 seconds, Stopping threads took: 0.0000420 seconds
54.489: Application time: 0.0165930 seconds
54.489: [GC [PSYoungGen: 7390K->736K(7680K)] 10690K->4036K(25088K), 0.0003840 secs] [Times: user=0.00 sys=0.00, real=0.00 secs] 
54.489: Total time for which application threads were stopped: 0.0004840 seconds, Stopping threads took: 0.0000490 seconds
54.508: Application time: 0.0186600 seconds
54.511: [GC [PSYoungGen: 7388K->800K(7680K)] 10688K->4100K(25088K), 0.0003920 secs] [Times: user=0.00 sys=0.00, real=0.00 secs] 
54.512: Total time for which application threads were stopped: 0.0036490 seconds, Stopping threads took: 0.0032050 seconds
54.540: Application time: 0.0289190 seconds
54.541: [GC [PSYoungGen: 7454K->864K(7680K)] 10754K->4164K(25088K), 0.0004030 secs] [Times: user=0.00 sys=0.00, real=0.00 secs] 
54.541: Total time for which application threads were stopped: 0.0005180 seconds, Stopping threads took: 0.0000670 seconds
54.567: Application time: 0.0260050 seconds
54.567: Total time for which application threads were stopped: 0.0000760 seconds, Stopping threads took: 0.0000540 seconds
54.567: Application time: 0.0000340 seconds
54.567: [GC [PSYoungGen: 7455K->864K(7680K)] 10883K->4292K(25088K), 0.0004600 secs] [Times: user=0.00 sys=0.00, real=0.00 secs] 
54.568: Total time for which application threads were stopped: 0.0005340 seconds, Stopping threads took: 0.0000330 seconds
54.597: Application time: 0.0292780 seconds
54.597: [GC [PSYoungGen: 7518K->896K(7680K)] 11230K->4608K(25088K), 0.0004050 secs] [Times: user=0.01 sys=0.00, real=0.00 secs] 
54.597: Total time for which application threads were stopped: 0.0005060 seconds, Stopping threads took: 0.0000510 seconds
54.625: Application time: 0.0276850 seconds
54.625: [GC [PSYoungGen: 7550K->992K(7680K)] 11262K->4856K(25088K), 0.0004710 secs] [Times: user=0.00 sys=0.00, real=0.00 secs] 
54.626: Total time for which application threads were stopped: 0.0005650 seconds, Stopping threads took: 0.0000420 seconds
54.655: Application time: 0.0290670 seconds
54.655: [GC [PSYoungGen: 7646K->848K(7680K)] 11511K->4712K(25088K), 0.0004330 secs] [Times: user=0.00 sys=0.00, real=0.00 secs] 
54.655: Total time for which application threads were stopped: 0.0005380 seconds, Stopping threads took: 0.0000530 seconds
54.685: Application time: 0.0292670 seconds
54.685: [GC [PSYoungGen: 7502K->816K(7680K)] 11367K->4680K(25088K), 0.0004060 secs] [Times: user=0.00 sys=0.00, real=0.00 secs] 
54.685: Total time for which application threads were stopped: 0.0004960 seconds, Stopping threads took: 0.0000410 seconds
54.714: Application time: 0.0292100 seconds
54.715: [GC [PSYoungGen: 7470K->896K(7680K)] 11335K->4760K(25088K), 0.0004030 secs] [Times: user=0.00 sys=0.00, real=0.00 secs] 
54.716: Total time for which application threads were stopped: 0.0012800 seconds, Stopping threads took: 0.0008290 seconds
54.744: Application time: 0.0285400 seconds
54.744: [GC [PSYoungGen: 7549K->960K(7680K)] 11414K->4952K(25088K), 0.0004140 secs] [Times: user=0.00 sys=0.00, real=0.00 secs] 
54.745: Total time for which application threads were stopped: 0.0005110 seconds, Stopping threads took: 0.0000500 seconds
54.772: Application time: 0.0275090 seconds
54.772: [GC [PSYoungGen: 7519K->960K(7680K)] 11512K->4952K(25088K), 0.0005140 secs] [Times: user=0.00 sys=0.00, real=0.00 secs] 
54.774: Total time for which application threads were stopped: 0.0016050 seconds, Stopping threads took: 0.0000620 seconds
54.803: Application time: 0.0290120 seconds
54.803: [GC [PSYoungGen: 7613K->960K(7680K)] 11606K->5080K(25088K), 0.0004500 secs] [Times: user=0.00 sys=0.00, real=0.00 secs] 
54.803: Total time for which application threads were stopped: 0.0005690 seconds, Stopping threads took: 0.0000660 seconds
54.833: Application time: 0.0296820 seconds
54.833: [GC [PSYoungGen: 7614K->928K(7680K)] 11735K->5048K(25088K), 0.0004420 secs] [Times: user=0.00 sys=0.00, real=0.00 secs] 
54.834: Total time for which application threads were stopped: 0.0005580 seconds, Stopping threads took: 0.0000650 seconds
54.863: Application time: 0.0293920 seconds
54.863: [GC [PSYoungGen: 7582K->960K(7680K)] 11703K->5080K(25088K), 0.0003980 secs] [Times: user=0.00 sys=0.00, real=0.00 secs] 
54.863: Total time for which application threads were stopped: 0.0004930 seconds, Stopping threads took: 0.0000440 seconds
54.892: Application time: 0.0284680 seconds
54.892: [GC [PSYoungGen: 7612K->960K(7680K)] 11732K->5256K(25088K), 0.0004270 secs] [Times: user=0.00 sys=0.00, real=0.00 secs] 
54.892: Total time for which application threads were stopped: 0.0005120 seconds, Stopping threads took: 0.0000370 seconds
54.920: Application time: 0.0271740 seconds
54.920: [GC [PSYoungGen: 7615K->960K(7680K)] 11912K->5384K(25088K), 0.0004330 secs] [Times: user=0.00 sys=0.00, real=0.00 secs] 
54.920: Total time for which application threads were stopped: 0.0005290 seconds, Stopping threads took: 0.0000470 seconds
54.950: Application time: 0.0298000 seconds
54.950: [GC [PSYoungGen: 7612K->864K(7680K)] 12037K->5328K(25088K), 0.0004040 secs] [Times: user=0.00 sys=0.00, real=0.00 secs] 
54.950: Total time for which application threads were stopped: 0.0005120 seconds, Stopping threads took: 0.0000570 seconds
54.980: Application time: 0.0296550 seconds
54.980: [GC [PSYoungGen: 7518K->896K(7680K)] 11983K->5360K(25088K), 0.0003960 secs] [Times: user=0.00 sys=0.00, real=0.00 secs] 
54.981: Total time for which application threads were stopped: 0.0004980 seconds, Stopping threads took: 0.0000530 seconds
55.011: Application time: 0.0303650 seconds
55.015: [GC [PSYoungGen: 7548K->864K(7680K)] 12013K->5405K(25088K), 0.0003790 secs] [Times: user=0.01 sys=0.00, real=0.00 secs] 
55.016: Total time for which application threads were stopped: 0.0045780 seconds, Stopping threads took: 0.0041480 seconds
55.045: Application time: 0.0299280 seconds
55.046: [GC [PSYoungGen: 7518K->800K(7680K)] 12060K->5349K(25088K), 0.0003940 secs] [Times: user=0.00 sys=0.00, real=0.00 secs] 
55.046: Total time for which application threads were stopped: 0.0005030 seconds, Stopping threads took: 0.0000600 seconds
55.076: Application time: 0.0298900 seconds
55.076: [GC [PSYoungGen: 7454K->736K(7680K)] 12004K->5365K(25088K), 0.0003760 secs] [Times: user=0.00 sys=0.00, real=0.00 secs] 
55.076: Total time for which application threads were stopped: 0.0004680 seconds, Stopping threads took: 0.0000440 seconds
55.106: Application time: 0.0299750 seconds
55.106: [GC [PSYoungGen: 7390K->800K(7680K)] 12020K->5429K(25088K), 0.0003710 secs] [Times: user=0.00 sys=0.00, real=0.00 secs] 
55.107: Total time for which application threads were stopped: 0.0004750 seconds, Stopping threads took: 0.0000540 seconds
55.137: Application time: 0.0299430 seconds
55.137: [GC [PSYoungGen: 7454K->736K(7680K)] 12084K->5365K(25088K), 0.0003900 secs] [Times: user=0.01 sys=0.00, real=0.00 secs] 
55.137: Total time for which application threads were stopped: 0.0004920 seconds, Stopping threads took: 0.0000520 seconds
55.167: Application time: 0.0299670 seconds
55.171: [GC [PSYoungGen: 7390K->736K(7680K)] 12020K->5365K(25088K), 0.0003740 secs] [Times: user=0.00 sys=0.00, real=0.00 secs] 
55.172: Total time for which application threads were stopped: 0.0043280 seconds, Stopping threads took: 0.0039040 seconds
55.201: Application time: 0.0297720 seconds
55.201: [GC [PSYoungGen: 7390K->768K(7680K)] 12020K->5397K(25088K), 0.0003830 secs] [Times: user=0.00 sys=0.00, real=0.00 secs] 
55.202: Total time for which application threads were stopped: 0.0004850 seconds, Stopping threads took: 0.0000520 seconds
55.232: Application time: 0.0300460 seconds
55.232: [GC [PSYoungGen: 7422K->608K(7680K)] 12052K->5390K(25088K), 0.0003610 secs] [Times: user=0.00 sys=0.00, real=0.00 secs] 
55.232: Total time for which application threads were stopped: 0.0004680 seconds, Stopping threads took: 0.0000570 seconds
55.262: Application time: 0.0299700 seconds
55.262: [GC [PSYoungGen: 7260K->480K(7680K)] 12042K->5398K(25088K), 0.0003640 secs] [Times: user=0.00 sys=0.00, real=0.00 secs] 
55.263: Total time for which application threads were stopped: 0.0004590 seconds, Stopping threads took: 0.0000480 seconds
55.293: Application time: 0.0297980 seconds
55.293: [GC [PSYoungGen: 7134K->512K(7680K)] 12053K->5430K(25088K), 0.0003640 secs] [Times: user=0.00 sys=0.00, real=0.00 secs] 
55.293: Total time for which application threads were stopped: 0.0004820 seconds, Stopping threads took: 0.0000570 seconds
55.324: Application time: 0.0310540 seconds
55.324: [GC [PSYoungGen: 7164K->512K(7680K)] 12082K->5430K(25088K), 0.0003540 secs] [Times: user=0.00 sys=0.00, real=0.00 secs] 
55.325: Total time for which application threads were stopped: 0.0004690 seconds, Stopping threads took: 0.0000630 seconds
55.354: Application time: 0.0297630 seconds
55.354: [GC [PSYoungGen: 7166K->448K(7680K)] 12085K->5366K(25088K), 0.0003940 secs] [Times: user=0.01 sys=0.00, real=0.00 secs] 
55.355: Total time for which application threads were stopped: 0.0004910 seconds, Stopping threads took: 0.0000500 seconds
55.385: Application time: 0.0300360 seconds
55.385: [GC [PSYoungGen: 7102K->0K(7680K)] 12021K->5311K(25088K), 0.0003640 secs] [Times: user=0.00 sys=0.00, real=0.00 secs] 
55.385: Total time for which application threads were stopped: 0.0004700 seconds, Stopping threads took: 0.0000550 seconds
55.415: Application time: 0.0297300 seconds
55.415: [GC [PSYoungGen: 6654K->0K(7680K)] 11966K->5311K(25088K), 0.0002980 secs] [Times: user=0.00 sys=0.00, real=0.00 secs] 
55.415: Total time for which application threads were stopped: 0.0004070 seconds, Stopping threads took: 0.0000610 seconds
55.445: Application time: 0.0298150 seconds
55.445: [GC [PSYoungGen: 6652K->0K(7680K)] 11963K->5311K(25088K), 0.0003580 secs] [Times: user=0.00 sys=0.00, real=0.00 secs] 
55.446: Total time for which application threads were stopped: 0.0004570 seconds, Stopping threads took: 0.0000490 seconds
55.476: Application time: 0.0302760 seconds
55.476: [GC [PSYoungGen: 6654K->0K(7680K)] 11966K->5311K(25088K), 0.0003580 secs] [Times: user=0.00 sys=0.00, real=0.00 secs] 
55.476: Total time for which application threads were stopped: 0.0004530 seconds, Stopping threads took: 0.0000510 seconds
55.501: Application time: 0.0240970 seconds
55.501: [GC [PSYoungGen: 6654K->256K(7680K)] 11966K->5567K(25088K), 0.0003760 secs] [Times: user=0.00 sys=0.00, real=0.00 secs] 
55.501: Total time for which application threads were stopped: 0.0004950 seconds, Stopping threads took: 0.0000690 seconds
55.522: Application time: 0.0212850 seconds
55.522: [GC [PSYoungGen: 6909K->384K(7680K)] 12220K->5695K(25088K), 0.0003140 secs] [Times: user=0.00 sys=0.00, real=0.00 secs] 
55.523: Total time for which application threads were stopped: 0.0004040 seconds, Stopping threads took: 0.0000450 seconds
55.547: Application time: 0.0238640 seconds
55.547: [GC [PSYoungGen: 7038K->384K(7680K)] 12349K->5695K(25088K), 0.0003260 secs] [Times: user=0.00 sys=0.00, real=0.00 secs] 
55.547: Total time for which application threads were stopped: 0.0004280 seconds, Stopping threads took: 0.0000550 seconds
55.568: Application time: 0.0209470 seconds
55.568: [GC [PSYoungGen: 7036K->512K(7680K)] 12348K->5823K(25088K), 0.0003420 secs] [Times: user=0.00 sys=0.00, real=0.00 secs] 
55.568: Total time for which application threads were stopped: 0.0004360 seconds, Stopping threads took: 0.0000460 seconds
55.590: Application time: 0.0213860 seconds
55.590: [GC [PSYoungGen: 7167K->480K(7680K)] 12479K->5791K(25088K), 0.0004050 secs] [Times: user=0.00 sys=0.00, real=0.00 secs] 
55.590: Total time for which application threads were stopped: 0.0005050 seconds, Stopping threads took: 0.0000520 seconds
55.615: Application time: 0.0249670 seconds
55.615: [GC [PSYoungGen: 7135K->544K(7680K)] 12447K->5855K(25088K), 0.0003460 secs] [Times: user=0.00 sys=0.00, real=0.00 secs] 
55.616: Total time for which application threads were stopped: 0.0004450 seconds, Stopping threads took: 0.0000480 seconds
55.645: Application time: 0.0293710 seconds
55.645: [GC [PSYoungGen: 7196K->544K(7680K)] 12507K->5855K(25088K), 0.0003570 secs] [Times: user=0.00 sys=0.00, real=0.00 secs] 
55.646: Total time for which application threads were stopped: 0.0004530 seconds, Stopping threads took: 0.0000490 seconds
55.674: Application time: 0.0284800 seconds
55.674: [GC [PSYoungGen: 7196K->544K(7680K)] 12507K->5855K(25088K), 0.0003650 secs] [Times: user=0.01 sys=0.00, real=0.00 secs] 
55.675: Total time for which application threads were stopped: 0.0004610 seconds, Stopping threads took: 0.0000470 seconds
55.704: Application time: 0.0296770 seconds
55.704: [GC [PSYoungGen: 7196K->512K(7680K)] 12507K->5823K(25088K), 0.0003630 secs] [Times: user=0.00 sys=0.00, real=0.00 secs] 
55.705: Total time for which application threads were stopped: 0.0004500 seconds, Stopping threads took: 0.0000380 seconds
55.734: Application time: 0.0297310 seconds
55.734: [GC [PSYoungGen: 7166K->512K(7680K)] 12478K->5823K(25088K), 0.0003480 secs] [Times: user=0.00 sys=0.00, real=0.00 secs] 
55.735: Total time for which application threads were stopped: 0.0004420 seconds, Stopping threads took: 0.0000470 seconds
55.765: Application time: 0.0300700 seconds
55.767: [GC [PSYoungGen: 7166K->672K(7680K)] 12478K->5983K(25088K), 0.0003870 secs] [Times: user=0.00 sys=0.00, real=0.00 secs] 
55.768: Total time for which application threads were stopped: 0.0026610 seconds, Stopping threads took: 0.0022190 seconds
55.797: Application time: 0.0294000 seconds
55.797: [GC [PSYoungGen: 7326K->544K(7680K)] 12638K->5855K(25088K), 0.0003360 secs] [Times: user=0.00 sys=0.00, real=0.00 secs] 
55.797: Total time for which application threads were stopped: 0.0004410 seconds, Stopping threads took: 0.0000500 seconds
55.827: Application time: 0.0294770 seconds
55.827: [GC [PSYoungGen: 7198K->512K(7680K)] 12510K->5823K(25088K), 0.0003350 secs] [Times: user=0.00 sys=0.00, real=0.00 secs] 
55.827: Total time for which application threads were stopped: 0.0004400 seconds, Stopping threads took: 0.0000580 seconds
55.858: Application time: 0.0306250 seconds
55.858: [GC [PSYoungGen: 7166K->544K(7680K)] 12478K->5855K(25088K), 0.0003680 secs] [Times: user=0.00 sys=0.00, real=0.00 secs] 
55.858: Total time for which application threads were stopped: 0.0004810 seconds, Stopping threads took: 0.0000650 seconds
55.880: Application time: 0.0211700 seconds
55.880: [GC [PSYoungGen: 7196K->768K(7680K)] 12507K->6079K(25088K), 0.0003590 secs] [Times: user=0.00 sys=0.00, real=0.00 secs] 
55.880: Total time for which application threads were stopped: 0.0004570 seconds, Stopping threads took: 0.0000500 seconds
55.901: Application time: 0.0214020 seconds
55.902: [GC [PSYoungGen: 7421K->704K(7680K)] 12732K->6015K(25088K), 0.0003750 secs] [Times: user=0.00 sys=0.00, real=0.00 secs] 
55.902: Total time for which application threads were stopped: 0.0004970 seconds, Stopping threads took: 0.0000730 seconds
55.928: Application time: 0.0258680 seconds
55.928: [GC [PSYoungGen: 7356K->704K(7680K)] 12667K->6015K(25088K), 0.0003780 secs] [Times: user=0.01 sys=0.00, real=0.00 secs] 
55.928: Total time for which application threads were stopped: 0.0004670 seconds, Stopping threads took: 0.0000420 seconds
55.948: Application time: 0.0193160 seconds
55.948: [GC [PSYoungGen: 7356K->992K(7680K)] 12667K->6303K(25088K), 0.0004150 secs] [Times: user=0.01 sys=0.00, real=0.00 secs] 
55.948: Total time for which application threads were stopped: 0.0005120 seconds, Stopping threads took: 0.0000480 seconds
55.969: Application time: 0.0204260 seconds
55.969: [GC [PSYoungGen: 7644K->1008K(7680K)] 12956K->6319K(25088K), 0.0004200 secs] [Times: user=0.00 sys=0.00, real=0.00 secs] 
55.969: Total time for which application threads were stopped: 0.0005340 seconds, Stopping threads took: 0.0000620 seconds
55.994: Application time: 0.0246390 seconds
55.994: [GC [PSYoungGen: 7662K->832K(7680K)] 12974K->6143K(25088K), 0.0003960 secs] [Times: user=0.00 sys=0.00, real=0.00 secs] 
55.994: Total time for which application threads were stopped: 0.0004950 seconds, Stopping threads took: 0.0000490 seconds
56.022: Application time: 0.0275070 seconds
56.022: [GC [PSYoungGen: 7484K->1008K(7680K)] 12795K->6319K(25088K), 0.0004410 secs] [Times: user=0.01 sys=0.00, real=0.00 secs] 
56.022: Total time for which application threads were stopped: 0.0005460 seconds, Stopping threads took: 0.0000570 seconds
56.051: Application time: 0.0283910 seconds
56.051: [GC [PSYoungGen: 7661K->992K(7680K)] 12973K->6311K(25088K), 0.0004540 secs] [Times: user=0.00 sys=0.00, real=0.01 secs] 
56.051: Total time for which application threads were stopped: 0.0005520 seconds, Stopping threads took: 0.0000480 seconds
56.075: Application time: 0.0240800 seconds
56.075: [GC [PSYoungGen: 7644K->1008K(7680K)] 12964K->6520K(25088K), 0.0004780 secs] [Times: user=0.00 sys=0.00, real=0.00 secs] 
56.076: Total time for which application threads were stopped: 0.0005800 seconds, Stopping threads took: 0.0000490 seconds
56.097: Application time: 0.0209480 seconds
56.097: [GC [PSYoungGen: 7660K->1008K(7680K)] 13172K->6704K(25088K), 0.0004790 secs] [Times: user=0.00 sys=0.00, real=0.00 secs] 
56.097: Total time for which application threads were stopped: 0.0005840 seconds, Stopping threads took: 0.0000490 seconds
56.113: Application time: 0.0158230 seconds
56.113: [GC [PSYoungGen: 7602K->1008K(7680K)] 13298K->6780K(25088K), 0.0004590 secs] [Times: user=0.01 sys=0.00, real=0.00 secs] 
56.114: Total time for which application threads were stopped: 0.0005580 seconds, Stopping threads took: 0.0000480 seconds
56.135: Application time: 0.0209690 seconds
56.135: [GC [PSYoungGen: 7660K->928K(7680K)] 13433K->6956K(25088K), 0.0005040 secs] [Times: user=0.01 sys=0.00, real=0.00 secs] 
56.135: Total time for which application threads were stopped: 0.0005990 seconds, Stopping threads took: 0.0000410 seconds
56.162: Application time: 0.0261520 seconds
56.162: [GC [PSYoungGen: 7580K->992K(7680K)] 13608K->7028K(25088K), 0.0004170 secs] [Times: user=0.00 sys=0.00, real=0.00 secs] 
56.162: Total time for which application threads were stopped: 0.0005100 seconds, Stopping threads took: 0.0000390 seconds
56.190: Application time: 0.0282010 seconds
56.190: [GC [PSYoungGen: 7644K->992K(7680K)] 13680K->7164K(25088K), 0.0004850 secs] [Times: user=0.00 sys=0.00, real=0.00 secs] 
56.191: Total time for which application threads were stopped: 0.0005770 seconds, Stopping threads took: 0.0000410 seconds
56.219: Application time: 0.0279870 seconds
56.219: [GC [PSYoungGen: 7644K->1008K(7680K)] 13816K->7204K(25088K), 0.0004320 secs] [Times: user=0.00 sys=0.00, real=0.01 secs] 
56.219: Total time for which application threads were stopped: 0.0005330 seconds, Stopping threads took: 0.0000520 seconds
56.236: Application time: 0.0171330 seconds
56.237: [GC [PSYoungGen: 7663K->992K(7680K)] 13859K->7548K(25088K), 0.0004870 secs] [Times: user=0.00 sys=0.00, real=0.00 secs] 
56.237: Total time for which application threads were stopped: 0.0006030 seconds, Stopping threads took: 0.0000660 seconds
56.253: Application time: 0.0161110 seconds
56.253: [GC [PSYoungGen: 7647K->992K(7680K)] 14203K->7641K(25088K), 0.0004420 secs] [Times: user=0.01 sys=0.00, real=0.00 secs] 
56.254: Total time for which application threads were stopped: 0.0005450 seconds, Stopping threads took: 0.0000530 seconds
56.271: Application time: 0.0168710 seconds
56.271: [GC [PSYoungGen: 7646K->1008K(7680K)] 14295K->7729K(25088K), 0.0005330 secs] [Times: user=0.00 sys=0.00, real=0.01 secs] 
56.271: Total time for which application threads were stopped: 0.0006400 seconds, Stopping threads took: 0.0000510 seconds
56.297: Application time: 0.0252840 seconds
56.297: [GC [PSYoungGen: 7660K->1008K(7680K)] 14381K->7973K(25088K), 0.0004840 secs] [Times: user=0.00 sys=0.00, real=0.00 secs] 
56.297: Total time for which application threads were stopped: 0.0005910 seconds, Stopping threads took: 0.0000550 seconds
56.325: Application time: 0.0277200 seconds
56.325: [GC [PSYoungGen: 7660K->1008K(7680K)] 14625K->8218K(25088K), 0.0004660 secs] [Times: user=0.00 sys=0.00, real=0.00 secs] 
56.325: Total time for which application threads were stopped: 0.0005760 seconds, Stopping threads took: 0.0000530 seconds
56.352: Application time: 0.0268280 seconds
56.352: [GC [PSYoungGen: 7662K->992K(7680K)] 14872K->8274K(25088K), 0.0004460 secs] [Times: user=0.00 sys=0.00, real=0.00 secs] 
56.353: Total time for which application threads were stopped: 0.0005450 seconds, Stopping threads took: 0.0000510 seconds
56.380: Application time: 0.0274900 seconds
56.380: [GC [PSYoungGen: 7646K->992K(7680K)] 14928K->8466K(25088K), 0.0005000 secs] [Times: user=0.00 sys=0.00, real=0.00 secs] 
56.381: Total time for which application threads were stopped: 0.0005880 seconds, Stopping threads took: 0.0000420 seconds
56.410: Application time: 0.0291960 seconds
56.410: [GC [PSYoungGen: 7644K->992K(7680K)] 15118K->8498K(25088K), 0.0004300 secs] [Times: user=0.00 sys=0.00, real=0.00 secs] 
56.411: Total time for which application threads were stopped: 0.0005260 seconds, Stopping threads took: 0.0000470 seconds
56.440: Application time: 0.0294090 seconds
56.443: [GC [PSYoungGen: 7646K->992K(7680K)] 15153K->8546K(25088K), 0.0004540 secs] [Times: user=0.01 sys=0.00, real=0.00 secs] 
56.444: Total time for which application threads were stopped: 0.0036290 seconds, Stopping threads took: 0.0031150 seconds
56.473: Application time: 0.0293500 seconds
56.473: [GC [PSYoungGen: 7646K->960K(7680K)] 15201K->8514K(25088K), 0.0004050 secs] [Times: user=0.00 sys=0.00, real=0.00 secs] 
56.473: Total time for which application threads were stopped: 0.0004940 seconds, Stopping threads took: 0.0000410 seconds
56.502: Application time: 0.0283860 seconds
56.502: [GC [PSYoungGen: 7612K->992K(7680K)] 15166K->8690K(25088K), 0.0004390 secs] [Times: user=0.00 sys=0.00, real=0.00 secs] 
56.502: Total time for which application threads were stopped: 0.0005410 seconds, Stopping threads took: 0.0000510 seconds
56.530: Application time: 0.0276160 seconds
56.531: [GC [PSYoungGen: 7646K->992K(7680K)] 15344K->8850K(25088K), 0.0004620 secs] [Times: user=0.01 sys=0.00, real=0.00 secs] 
56.532: Total time for which application threads were stopped: 0.0015890 seconds, Stopping threads took: 0.0010770 seconds
56.560: Application time: 0.0287660 seconds
56.560: [GC [PSYoungGen: 7646K->992K(7680K)] 15504K->8903K(25088K), 0.0004520 secs] [Times: user=0.00 sys=0.00, real=0.00 secs] 
56.561: Total time for which application threads were stopped: 0.0005540 seconds, Stopping threads took: 0.0000490 seconds
56.591: Application time: 0.0296920 seconds
56.595: [GC [PSYoungGen: 7646K->992K(7680K)] 15558K->8959K(25088K), 0.0004610 secs] [Times: user=0.00 sys=0.00, real=0.00 secs] 
56.596: Total time for which application threads were stopped: 0.0049570 seconds, Stopping threads took: 0.0044460 seconds
56.625: Application time: 0.0295060 seconds
56.625: [GC [PSYoungGen: 7646K->992K(7680K)] 15614K->8999K(25088K), 0.0004110 secs] [Times: user=0.00 sys=0.00, real=0.00 secs] 
56.626: Total time for which application threads were stopped: 0.0005180 seconds, Stopping threads took: 0.0000570 seconds
56.655: Application time: 0.0294930 seconds
56.655: [GC [PSYoungGen: 7646K->960K(7680K)] 15654K->8967K(25088K), 0.0004180 secs] [Times: user=0.00 sys=0.00, real=0.00 secs] 
56.656: Total time for which application threads were stopped: 0.0005150 seconds, Stopping threads took: 0.0000470 seconds
56.682: Application time: 0.0261020 seconds
56.682: [GC [PSYoungGen: 7612K->992K(7680K)] 15620K->9151K(25088K), 0.0004370 secs] [Times: user=0.00 sys=0.00, real=0.00 secs] 
56.682: Total time for which application threads were stopped: 0.0005390 seconds, Stopping threads took: 0.0000520 seconds
56.712: Application time: 0.0296630 seconds
56.712: [GC [PSYoungGen: 7646K->992K(7680K)] 15806K->9167K(25088K), 0.0004110 secs] [Times: user=0.00 sys=0.00, real=0.00 secs] 
56.712: Total time for which application threads were stopped: 0.0005040 seconds, Stopping threads took: 0.0000450 seconds
56.742: Application time: 0.0298750 seconds
56.742: [GC [PSYoungGen: 7646K->960K(7680K)] 15822K->9183K(25088K), 0.0004120 secs] [Times: user=0.00 sys=0.00, real=0.00 secs] 
56.743: Total time for which application threads were stopped: 0.0005120 seconds, Stopping threads took: 0.0000490 seconds
56.773: Application time: 0.0301610 seconds
56.773: [GC [PSYoungGen: 7614K->800K(7680K)] 15838K->9207K(25088K), 0.0004610 secs] [Times: user=0.00 sys=0.00, real=0.00 secs] 
56.774: Total time for which application threads were stopped: 0.0005780 seconds, Stopping threads took: 0.0000520 seconds
56.804: Application time: 0.0299770 seconds
56.804: [GC [PSYoungGen: 7454K->800K(7680K)] 15862K->9231K(25088K), 0.0003790 secs] [Times: user=0.00 sys=0.00, real=0.00 secs] 
56.804: Total time for which application threads were stopped: 0.0004830 seconds, Stopping threads took: 0.0000550 seconds
56.835: Application time: 0.0309730 seconds
56.835: [GC [PSYoungGen: 7454K->736K(7680K)] 15886K->9243K(25088K), 0.0004340 secs] [Times: user=0.00 sys=0.00, real=0.00 secs] 
56.836: Total time for which application threads were stopped: 0.0005530 seconds, Stopping threads took: 0.0000550 seconds
56.865: Application time: 0.0297750 seconds
56.865: [GC [PSYoungGen: 7390K->704K(7680K)] 15898K->9211K(25088K), 0.0003630 secs] [Times: user=0.00 sys=0.00, real=0.00 secs] 
56.866: Total time for which application threads were stopped: 0.0004630 seconds, Stopping threads took: 0.0000510 seconds
56.896: Application time: 0.0297790 seconds
56.896: [GC [PSYoungGen: 7358K->704K(7680K)] 15866K->9211K(25088K), 0.0003560 secs] [Times: user=0.00 sys=0.00, real=0.00 secs] 
56.896: Total time for which application threads were stopped: 0.0004480 seconds, Stopping threads took: 0.0000430 seconds
56.926: Application time: 0.0297010 seconds
56.927: [GC [PSYoungGen: 7358K->704K(7680K)] 15866K->9211K(25088K), 0.0003560 secs] [Times: user=0.00 sys=0.00, real=0.00 secs] 
56.928: Total time for which application threads were stopped: 0.0017530 seconds, Stopping threads took: 0.0013480 seconds
56.958: Application time: 0.0300420 seconds
56.958: [GC [PSYoungGen: 7358K->736K(7680K)] 15866K->9243K(25088K), 0.0003620 secs] [Times: user=0.00 sys=0.00, real=0.00 secs] 
56.958: Total time for which application threads were stopped: 0.0004540 seconds, Stopping threads took: 0.0000440 seconds
56.988: Application time: 0.0298910 seconds
56.988: [GC [PSYoungGen: 7390K->704K(7680K)] 15898K->9267K(25088K), 0.0003610 secs] [Times: user=0.00 sys=0.00, real=0.00 secs] 
56.988: Total time for which application threads were stopped: 0.0004590 seconds, Stopping threads took: 0.0000510 seconds
57.018: Application time: 0.0298920 seconds
57.018: [GC [PSYoungGen: 7358K->480K(7680K)] 15922K->9251K(25088K), 0.0004160 secs] [Times: user=0.00 sys=0.00, real=0.00 secs] 
57.019: Total time for which application threads were stopped: 0.0005220 seconds, Stopping threads took: 0.0000570 seconds
57.049: Application time: 0.0299840 seconds
57.049: [GC [PSYoungGen: 7134K->480K(7680K)] 15906K->9251K(25088K), 0.0003720 secs] [Times: user=0.01 sys=0.00, real=0.00 secs] 
57.049: Total time for which application threads were stopped: 0.0004770 seconds, Stopping threads took: 0.0000580 seconds
57.079: Application time: 0.0298100 seconds
57.079: [GC [PSYoungGen: 7134K->512K(7680K)] 15906K->9283K(25088K), 0.0003540 secs] [Times: user=0.00 sys=0.00, real=0.00 secs] 
57.080: Total time for which application threads were stopped: 0.0004540 seconds, Stopping threads took: 0.0000500 seconds
57.110: Application time: 0.0305440 seconds
57.110: [GC [PSYoungGen: 7164K->448K(7680K)] 15936K->9219K(25088K), 0.0003870 secs] [Times: user=0.00 sys=0.00, real=0.00 secs] 
57.111: Total time for which application threads were stopped: 0.0004780 seconds, Stopping threads took: 0.0000410 seconds
57.140: Application time: 0.0298640 seconds
57.140: [GC [PSYoungGen: 7102K->0K(7680K)] 15874K->9184K(25088K), 0.0003640 secs] [Times: user=0.00 sys=0.00, real=0.00 secs] 
57.141: Total time for which application threads were stopped: 0.0004650 seconds, Stopping threads took: 0.0000530 seconds
57.171: Application time: 0.0299970 seconds
57.171: [GC [PSYoungGen: 6654K->0K(7680K)] 15839K->9184K(25088K), 0.0002960 secs] [Times: user=0.00 sys=0.00, real=0.01 secs] 
57.171: Total time for which application threads were stopped: 0.0003940 seconds, Stopping threads took: 0.0000490 seconds
57.201: Application time: 0.0297190 seconds
57.201: [GC [PSYoungGen: 6654K->0K(7680K)] 15839K->9184K(25088K), 0.0002940 secs] [Times: user=0.00 sys=0.00, real=0.00 secs] 
57.201: Total time for which application threads were stopped: 0.0003790 seconds, Stopping threads took: 0.0000380 seconds
57.231: Application time: 0.0297170 seconds
57.231: [GC [PSYoungGen: 6654K->0K(7680K)] 15839K->9184K(25088K), 0.0003360 secs] [Times: user=0.00 sys=0.00, real=0.00 secs] 
57.232: Total time for which application threads were stopped: 0.0004250 seconds, Stopping threads took: 0.0000400 seconds
57.260: Application time: 0.0287130 seconds
57.260: [GC [PSYoungGen: 6652K->352K(7680K)] 15836K->9536K(25088K), 0.0003220 secs] [Times: user=0.00 sys=0.00, real=0.00 secs] 
57.261: Total time for which application threads were stopped: 0.0004170 seconds, Stopping threads took: 0.0000470 seconds
57.281: Application time: 0.0208550 seconds
57.283: [GC [PSYoungGen: 7006K->384K(7680K)] 16191K->9568K(25088K), 0.0003540 secs] [Times: user=0.00 sys=0.00, real=0.00 secs] 
57.284: Total time for which application threads were stopped: 0.0020100 seconds, Stopping threads took: 0.0016060 seconds
57.305: Application time: 0.0215640 seconds
57.305: [GC [PSYoungGen: 7037K->352K(7680K)] 16222K->9536K(25088K), 0.0003270 secs] [Times: user=0.00 sys=0.00, real=0.00 secs] 
57.305: Total time for which application threads were stopped: 0.0004220 seconds, Stopping threads took: 0.0000490 seconds
57.329: Application time: 0.0231980 seconds
57.329: [GC [PSYoungGen: 7003K->544K(7680K)] 16188K->9728K(25088K), 0.0003760 secs] [Times: user=0.00 sys=0.00, real=0.00 secs] 
57.329: Total time for which application threads were stopped: 0.0004710 seconds, Stopping threads took: 0.0000430 seconds
57.351: Application time: 0.0214790 seconds
57.351: [GC [PSYoungGen: 7196K->512K(7680K)] 16380K->9696K(25088K), 0.0003660 secs] [Times: user=0.00 sys=0.00, real=0.01 secs] 
57.351: Total time for which application threads were stopped: 0.0004750 seconds, Stopping threads took: 0.0000510 seconds
57.375: Application time: 0.0238760 seconds
57.379: [GC [PSYoungGen: 7166K->544K(7680K)] 16350K->9728K(25088K), 0.0004530 secs] [Times: user=0.00 sys=0.00, real=0.00 secs] 
57.380: Total time for which application threads were stopped: 0.0046070 seconds, Stopping threads took: 0.0041000 seconds
57.408: Application time: 0.0286650 seconds
57.408: [GC [PSYoungGen: 7195K->672K(7680K)] 16380K->9856K(25088K), 0.0003890 secs] [Times: user=0.00 sys=0.00, real=0.00 secs] 
57.409: Total time for which application threads were stopped: 0.0004930 seconds, Stopping threads took: 0.0000540 seconds
57.437: Application time: 0.0284840 seconds
57.437: [GC [PSYoungGen: 7324K->640K(7680K)] 16508K->9824K(25088K), 0.0003810 secs] [Times: user=0.00 sys=0.00, real=0.00 secs] 
57.438: Total time for which application threads were stopped: 0.0004880 seconds, Stopping threads took: 0.0000590 seconds
57.467: Application time: 0.0295630 seconds
57.467: [GC [PSYoungGen: 7294K->512K(7680K)] 16479K->9696K(25088K), 0.0003830 secs] [Times: user=0.01 sys=0.00, real=0.00 secs] 
57.468: Total time for which application threads were stopped: 0.0004790 seconds, Stopping threads took: 0.0000500 seconds
57.497: Application time: 0.0296990 seconds
57.498: [GC [PSYoungGen: 7166K->480K(7680K)] 16351K->9664K(25088K), 0.0003510 secs] [Times: user=0.00 sys=0.00, real=0.00 secs] 
57.498: Total time for which application threads were stopped: 0.0004480 seconds, Stopping threads took: 0.0000480 seconds
57.528: Application time: 0.0296460 seconds
57.528: [GC [PSYoungGen: 7134K->512K(7680K)] 16319K->9696K(25088K), 0.0003400 secs] [Times: user=0.00 sys=0.00, real=0.00 secs] 
57.528: Total time for which application threads were stopped: 0.0004290 seconds, Stopping threads took: 0.0000400 seconds
57.558: Application time: 0.0295310 seconds
57.558: [GC [PSYoungGen: 7166K->512K(7680K)] 16351K->9696K(25088K), 0.0003410 secs] [Times: user=0.00 sys=0.00, real=0.00 secs] 
57.558: Total time for which application threads were stopped: 0.0004320 seconds, Stopping threads took: 0.0000440 seconds
57.588: Application time: 0.0295950 seconds
57.588: [GC [PSYoungGen: 7166K->544K(7680K)] 16351K->9728K(25088K), 0.0003020 secs] [Times: user=0.00 sys=0.00, real=0.00 secs] 
57.588: Total time for which application threads were stopped: 0.0003960 seconds, Stopping threads took: 0.0000500 seconds
57.617: Application time: 0.0294520 seconds
57.618: [GC [PSYoungGen: 7198K->512K(7680K)] 16383K->9696K(25088K), 0.0003220 secs] [Times: user=0.00 sys=0.00, real=0.00 secs] 
57.618: Total time for which application threads were stopped: 0.0004170 seconds, Stopping threads took: 0.0000510 seconds
57.639: Application time: 0.0213220 seconds
57.639: [GC [PSYoungGen: 7166K->928K(7680K)] 16351K->10112K(25088K), 0.0004300 secs] [Times: user=0.00 sys=0.00, real=0.00 secs] 
57.640: Total time for which application threads were stopped: 0.0005340 seconds, Stopping threads took: 0.0000520 seconds
57.661: Application time: 0.0213170 seconds
57.661: [GC [PSYoungGen: 7581K->704K(7680K)] 16766K->9888K(25088K), 0.0003570 secs] [Times: user=0.00 sys=0.00, real=0.00 secs] 
57.661: Total time for which application threads were stopped: 0.0004430 seconds, Stopping threads took: 0.0000410 seconds
57.684: Application time: 0.0228670 seconds
57.684: [GC [PSYoungGen: 7358K->960K(7680K)] 16543K->10144K(25088K), 0.0004070 secs] [Times: user=0.00 sys=0.00, real=0.00 secs] 
57.685: Total time for which application threads were stopped: 0.0005040 seconds, Stopping threads took: 0.0000480 seconds
57.705: Application time: 0.0205740 seconds
57.705: [GC [PSYoungGen: 7614K->928K(7680K)] 16799K->10112K(25088K), 0.0004040 secs] [Times: user=0.00 sys=0.00, real=0.00 secs] 
57.706: Total time for which application threads were stopped: 0.0004920 seconds, Stopping threads took: 0.0000380 seconds
57.726: Application time: 0.0201360 seconds
57.726: [GC [PSYoungGen: 7582K->912K(7680K)] 16766K->10096K(25088K), 0.0004670 secs] [Times: user=0.00 sys=0.00, real=0.00 secs] 
57.727: Total time for which application threads were stopped: 0.0005670 seconds, Stopping threads took: 0.0000430 seconds
57.754: Application time: 0.0268910 seconds
57.754: [GC [PSYoungGen: 7567K->992K(7680K)] 16751K->10184K(25088K), 0.0005680 secs] [Times: user=0.01 sys=0.00, real=0.00 secs] 
57.754: Total time for which application threads were stopped: 0.0006700 seconds, Stopping threads took: 0.0000480 seconds
57.781: Application time: 0.0269350 seconds
57.781: [GC [PSYoungGen: 7646K->992K(7680K)] 16838K->10192K(25088K), 0.0004330 secs] [Times: user=0.00 sys=0.00, real=0.00 secs] 
57.782: Total time for which application threads were stopped: 0.0005430 seconds, Stopping threads took: 0.0000580 seconds
57.810: Application time: 0.0284950 seconds
57.810: [GC [PSYoungGen: 7645K->992K(7680K)] 16846K->10192K(25088K), 0.0004300 secs] [Times: user=0.00 sys=0.00, real=0.00 secs] 
57.811: Total time for which application threads were stopped: 0.0005190 seconds, Stopping threads took: 0.0000390 seconds
57.837: Application time: 0.0260230 seconds
57.837: [GC [PSYoungGen: 7644K->992K(7680K)] 16844K->10360K(25088K), 0.0004860 secs] [Times: user=0.00 sys=0.00, real=0.00 secs] 
57.837: Total time for which application threads were stopped: 0.0005880 seconds, Stopping threads took: 0.0000490 seconds
57.854: Application time: 0.0170520 seconds
57.854: [GC [PSYoungGen: 7647K->992K(7680K)] 17015K->10604K(25088K), 0.0004630 secs] [Times: user=0.00 sys=0.00, real=0.00 secs] 
57.855: Total time for which application threads were stopped: 0.0005780 seconds, Stopping threads took: 0.0000570 seconds
57.871: Application time: 0.0163010 seconds
57.871: [GC [PSYoungGen: 7644K->1008K(7680K)] 17256K->10876K(25088K), 0.0005060 secs] [Times: user=0.01 sys=0.00, real=0.00 secs] 
57.872: Total time for which application threads were stopped: 0.0005950 seconds, Stopping threads took: 0.0000360 seconds
57.891: Application time: 0.0187820 seconds
57.895: [GC [PSYoungGen: 7660K->1008K(7680K)] 17529K->11148K(25088K), 0.0005050 secs] [Times: user=0.00 sys=0.00, real=0.00 secs] 
57.896: Total time for which application threads were stopped: 0.0050700 seconds, Stopping threads took: 0.0045110 seconds
57.925: Application time: 0.0290150 seconds
57.925: [GC [PSYoungGen: 7662K->1008K(7680K)] 17802K->11156K(25088K), 0.0004430 secs] [Times: user=0.00 sys=0.00, real=0.00 secs] 
57.925: Total time for which application threads were stopped: 0.0005460 seconds, Stopping threads took: 0.0000490 seconds
57.953: Application time: 0.0277580 seconds
57.953: [GC [PSYoungGen: 7662K->992K(7680K)] 17810K->11296K(25088K), 0.0004630 secs] [Times: user=0.00 sys=0.00, real=0.00 secs] 
57.954: Total time for which application threads were stopped: 0.0005560 seconds, Stopping threads took: 0.0000420 seconds
57.982: Application time: 0.0281280 seconds
57.982: [GC [PSYoungGen: 7644K->1008K(7680K)] 17948K->11320K(25088K), 0.0004670 secs] [Times: user=0.00 sys=0.00, real=0.00 secs] 
57.982: Total time for which application threads were stopped: 0.0005710 seconds, Stopping threads took: 0.0000490 seconds
58.005: Application time: 0.0227660 seconds
58.005: [GC [PSYoungGen: 7662K->992K(7680K)] 17975K->11665K(25088K), 0.0005670 secs] [Times: user=0.00 sys=0.00, real=0.00 secs] 
58.006: Total time for which application threads were stopped: 0.0006640 seconds, Stopping threads took: 0.0000480 seconds
58.022: Application time: 0.0161490 seconds
58.022: [GC [PSYoungGen: 7645K->992K(7680K)] 18319K->11857K(25088K), 0.0004740 secs] [Times: user=0.00 sys=0.00, real=0.00 secs] 
58.022: Total time for which application threads were stopped: 0.0005700 seconds, Stopping threads took: 0.0000470 seconds
58.039: Application time: 0.0164730 seconds
58.039: [GC [PSYoungGen: 7646K->944K(7680K)] 18512K->11945K(25088K), 0.0004940 secs] [Times: user=0.00 sys=0.00, real=0.01 secs] 
58.039: Total time for which application threads were stopped: 0.0005860 seconds, Stopping threads took: 0.0000450 seconds
58.061: Application time: 0.0213230 seconds
58.061: [GC [PSYoungGen: 7595K->992K(7680K)] 18597K->12062K(25088K), 0.0005150 secs] [Times: user=0.00 sys=0.00, real=0.00 secs] 
58.061: Total time for which application threads were stopped: 0.0006180 seconds, Stopping threads took: 0.0000490 seconds
58.088: Application time: 0.0267510 seconds
58.088: [GC [PSYoungGen: 7646K->992K(7680K)] 18716K->12271K(25088K), 0.0004820 secs] [Times: user=0.00 sys=0.00, real=0.00 secs] 
58.089: Total time for which application threads were stopped: 0.0005830 seconds, Stopping threads took: 0.0000520 seconds
58.116: Application time: 0.0270170 seconds
58.116: [GC [PSYoungGen: 7647K->992K(7680K)] 18926K->12395K(25088K), 0.0005220 secs] [Times: user=0.00 sys=0.00, real=0.00 secs] 
58.116: Total time for which application threads were stopped: 0.0006390 seconds, Stopping threads took: 0.0000680 seconds
58.144: Application time: 0.0276270 seconds
58.144: [GC [PSYoungGen: 7643K->992K(7680K)] 19047K->12547K(25088K), 0.0004820 secs] [Times: user=0.01 sys=0.00, real=0.00 secs] 
58.145: Total time for which application threads were stopped: 0.0005850 seconds, Stopping threads took: 0.0000530 seconds
58.174: Application time: 0.0291990 seconds
58.174: [GC [PSYoungGen: 7644K->992K(7680K)] 19199K->12600K(25088K), 0.0004390 secs] [Times: user=0.00 sys=0.00, real=0.00 secs] 
58.174: Total time for which application threads were stopped: 0.0005350 seconds, Stopping threads took: 0.0000480 seconds
58.203: Application time: 0.0291050 seconds
58.204: [GC [PSYoungGen: 7646K->992K(7680K)] 19254K->12608K(25088K), 0.0004250 secs] [Times: user=0.00 sys=0.00, real=0.00 secs] 
58.204: Total time for which application threads were stopped: 0.0005260 seconds, Stopping threads took: 0.0000500 seconds
58.233: Application time: 0.0292270 seconds
58.233: [GC [PSYoungGen: 7646K->992K(7680K)] 19262K->12776K(25088K), 0.0004410 secs] [Times: user=0.00 sys=0.00, real=0.00 secs] 
58.234: Total time for which application threads were stopped: 0.0005360 seconds, Stopping threads took: 0.0000460 seconds
58.262: Application time: 0.0285220 seconds
58.262: [GC [PSYoungGen: 7644K->992K(7680K)] 19428K->12904K(25088K), 0.0004020 secs] [Times: user=0.00 sys=0.00, real=0.00 secs] 
58.263: Total time for which application threads were stopped: 0.0005060 seconds, Stopping threads took: 0.0000540 seconds
58.290: Application time: 0.0276210 seconds
58.290: [GC [PSYoungGen: 7647K->992K(7680K)] 19559K->13080K(25088K), 0.0004600 secs] [Times: user=0.00 sys=0.00, real=0.00 secs] 
58.291: Total time for which application threads were stopped: 0.0005530 seconds, Stopping threads took: 0.0000430 seconds
58.319: Application time: 0.0283650 seconds
58.319: [GC [PSYoungGen: 7645K->992K(7680K)] 19733K->13088K(25088K), 0.0004480 secs] [Times: user=0.00 sys=0.00, real=0.00 secs] 
58.320: Total time for which application threads were stopped: 0.0005490 seconds, Stopping threads took: 0.0000490 seconds
58.350: Application time: 0.0302900 seconds
58.350: [GC [PSYoungGen: 7644K->912K(7680K)] 19740K->13060K(25088K), 0.0005000 secs] [Times: user=0.00 sys=0.00, real=0.00 secs] 
58.351: Total time for which application threads were stopped: 0.0006150 seconds, Stopping threads took: 0.0000570 seconds
58.380: Application time: 0.0295420 seconds
58.380: [GC [PSYoungGen: 7566K->880K(7680K)] 19715K->13052K(25088K), 0.0004270 secs] [Times: user=0.00 sys=0.00, real=0.00 secs] 
58.381: Total time for which application threads were stopped: 0.0005320 seconds, Stopping threads took: 0.0000510 seconds
58.411: Application time: 0.0298400 seconds
58.411: [GC [PSYoungGen: 7534K->928K(7680K)] 19706K->13100K(25088K), 0.0004160 secs] [Times: user=0.01 sys=0.00, real=0.01 secs] 
58.411: Total time for which application threads were stopped: 0.0005100 seconds, Stopping threads took: 0.0000440 seconds
58.439: Application time: 0.0275540 seconds
58.439: [GC [PSYoungGen: 7579K->992K(7680K)] 19752K->13228K(25088K), 0.0004300 secs] [Times: user=0.00 sys=0.00, real=0.01 secs] 
58.439: Total time for which application threads were stopped: 0.0005380 seconds, Stopping threads took: 0.0000580 seconds
58.467: Application time: 0.0278720 seconds
58.467: [GC [PSYoungGen: 7646K->992K(7680K)] 19882K->13236K(25088K), 0.0004400 secs] [Times: user=0.00 sys=0.00, real=0.00 secs] 
58.468: Total time for which application threads were stopped: 0.0005470 seconds, Stopping threads took: 0.0000530 seconds
58.497: Application time: 0.0297430 seconds
58.498: [GC [PSYoungGen: 7646K->928K(7680K)] 19891K->13212K(25088K), 0.0004070 secs] [Times: user=0.00 sys=0.00, real=0.00 secs] 
58.498: Total time for which application threads were stopped: 0.0005040 seconds, Stopping threads took: 0.0000490 seconds
58.528: Application time: 0.0296080 seconds
58.528: [GC [PSYoungGen: 7582K->800K(7680K)] 19867K->13289K(25088K), 0.0003850 secs] [Times: user=0.00 sys=0.00, real=0.00 secs] 
58.528: Total time for which application threads were stopped: 0.0004760 seconds, Stopping threads took: 0.0000440 seconds
58.558: Application time: 0.0296440 seconds
58.558: [GC [PSYoungGen: 7454K->768K(7680K)] 19944K->13281K(25088K), 0.0003970 secs] [Times: user=0.00 sys=0.00, real=0.00 secs] 
58.558: Total time for which application threads were stopped: 0.0005020 seconds, Stopping threads took: 0.0000540 seconds
58.588: Application time: 0.0296770 seconds
58.588: [GC [PSYoungGen: 7422K->736K(7680K)] 19936K->13309K(25088K), 0.0003750 secs] [Times: user=0.00 sys=0.00, real=0.00 secs] 
58.588: Total time for which application threads were stopped: 0.0004730 seconds, Stopping threads took: 0.0000510 seconds
58.618: Application time: 0.0298070 seconds
58.618: [GC [PSYoungGen: 7390K->736K(7680K)] 19964K->13309K(25088K), 0.0003780 secs] [Times: user=0.00 sys=0.00, real=0.00 secs] 
58.619: Total time for which application threads were stopped: 0.0004680 seconds, Stopping threads took: 0.0000420 seconds
58.649: Application time: 0.0298960 seconds
58.649: [GC [PSYoungGen: 7390K->704K(7680K)] 19964K->13277K(25088K), 0.0004030 secs] [Times: user=0.00 sys=0.00, real=0.00 secs] 
58.649: Total time for which application threads were stopped: 0.0005000 seconds, Stopping threads took: 0.0000510 seconds
58.679: Application time: 0.0296880 seconds
58.679: [GC [PSYoungGen: 7358K->768K(7680K)] 19932K->13341K(25088K), 0.0004240 secs] [Times: user=0.00 sys=0.01, real=0.01 secs] 
58.679: Total time for which application threads were stopped: 0.0005130 seconds, Stopping threads took: 0.0000430 seconds
58.709: Application time: 0.0301030 seconds
58.709: [GC [PSYoungGen: 7422K->704K(7680K)] 19996K->13277K(25088K), 0.0004230 secs] [Times: user=0.01 sys=0.00, real=0.00 secs] 
58.710: Total time for which application threads were stopped: 0.0005150 seconds, Stopping threads took: 0.0000470 seconds
58.740: Application time: 0.0299020 seconds
58.740: [GC [PSYoungGen: 7358K->800K(7680K)] 19932K->13450K(25088K), 0.0003880 secs] [Times: user=0.00 sys=0.00, real=0.00 secs] 
58.740: Total time for which application threads were stopped: 0.0004830 seconds, Stopping threads took: 0.0000450 seconds
58.770: Application time: 0.0301260 seconds
58.770: [GC [PSYoungGen: 7452K->512K(7680K)] 20102K->13358K(25088K), 0.0004250 secs] [Times: user=0.00 sys=0.00, real=0.00 secs] 
58.771: Total time for which application threads were stopped: 0.0005390 seconds, Stopping threads took: 0.0000490 seconds
58.801: Application time: 0.0296660 seconds
58.801: [GC [PSYoungGen: 7166K->544K(7680K)] 20013K->13390K(25088K), 0.0003550 secs] [Times: user=0.00 sys=0.00, real=0.00 secs] 
58.801: Total time for which application threads were stopped: 0.0004610 seconds, Stopping threads took: 0.0000570 seconds
58.831: Application time: 0.0296830 seconds
58.831: [GC [PSYoungGen: 7198K->512K(7680K)] 20045K->13358K(25088K), 0.0003180 secs] [Times: user=0.00 sys=0.00, real=0.01 secs] 
58.831: Total time for which application threads were stopped: 0.0004140 seconds, Stopping threads took: 0.0000460 seconds
58.861: Application time: 0.0296940 seconds
58.861: [GC [PSYoungGen: 7166K->448K(7680K)] 20013K->13294K(25088K), 0.0003580 secs] [Times: user=0.00 sys=0.00, real=0.00 secs] 
58.861: Total time for which application threads were stopped: 0.0004490 seconds, Stopping threads took: 0.0000440 seconds
58.892: Application time: 0.0307570 seconds
58.892: [GC [PSYoungGen: 7102K->480K(7680K)] 19949K->13334K(25088K), 0.0004210 secs] [Times: user=0.00 sys=0.00, real=0.00 secs] 
58.893: Total time for which application threads were stopped: 0.0005350 seconds, Stopping threads took: 0.0000510 seconds
58.922: Application time: 0.0297000 seconds
58.922: [GC [PSYoungGen: 7134K->0K(7680K)] 19989K->13263K(25088K), 0.0003730 secs] [Times: user=0.00 sys=0.00, real=0.00 secs] 
58.923: Total time for which application threads were stopped: 0.0004870 seconds, Stopping threads took: 0.0000550 seconds
58.952: Application time: 0.0296140 seconds
58.952: [GC [PSYoungGen: 6654K->0K(7680K)] 19918K->13263K(25088K), 0.0003000 secs] [Times: user=0.00 sys=0.00, real=0.00 secs] 
58.953: Total time for which application threads were stopped: 0.0003960 seconds, Stopping threads took: 0.0000450 seconds
58.982: Application time: 0.0294970 seconds
58.982: [GC [PSYoungGen: 6654K->0K(7680K)] 19918K->13263K(25088K), 0.0002750 secs] [Times: user=0.00 sys=0.00, real=0.00 secs] 
58.983: Total time for which application threads were stopped: 0.0003810 seconds, Stopping threads took: 0.0000570 seconds
59.012: Application time: 0.0297480 seconds
59.013: [GC [PSYoungGen: 6652K->0K(7680K)] 19916K->13263K(25088K), 0.0003110 secs] [Times: user=0.00 sys=0.00, real=0.00 secs] 
59.013: Total time for which application threads were stopped: 0.0004020 seconds, Stopping threads took: 0.0000450 seconds
59.039: Application time: 0.0259660 seconds
59.039: [GC [PSYoungGen: 6652K->352K(7680K)] 19915K->13615K(25088K), 0.0003120 secs] [Times: user=0.00 sys=0.00, real=0.01 secs] 
59.039: Total time for which application threads were stopped: 0.0003990 seconds, Stopping threads took: 0.0000400 seconds
59.060: Application time: 0.0208130 seconds
59.060: [GC [PSYoungGen: 7004K->352K(7680K)] 20268K->13615K(25088K), 0.0003660 secs] [Times: user=0.00 sys=0.00, real=0.00 secs] 
59.061: Total time for which application threads were stopped: 0.0004820 seconds, Stopping threads took: 0.0000670 seconds
59.083: Application time: 0.0221510 seconds
59.083: [GC [PSYoungGen: 7005K->416K(7680K)] 20269K->13679K(25088K), 0.0003300 secs] [Times: user=0.00 sys=0.00, real=0.00 secs] 
59.083: Total time for which application threads were stopped: 0.0004250 seconds, Stopping threads took: 0.0000430 seconds
59.103: Application time: 0.0201020 seconds
59.103: [GC [PSYoungGen: 7068K->512K(7680K)] 20332K->13775K(25088K), 0.0003680 secs] [Times: user=0.00 sys=0.00, real=0.00 secs] 
59.104: Total time for which application threads were stopped: 0.0004630 seconds, Stopping threads took: 0.0000440 seconds
59.126: Application time: 0.0223130 seconds
59.126: [GC [PSYoungGen: 7167K->448K(7680K)] 20431K->13711K(25088K), 0.0003790 secs] [Times: user=0.00 sys=0.00, real=0.00 secs] 
59.126: Total time for which application threads were stopped: 0.0004810 seconds, Stopping threads took: 0.0000530 seconds
59.151: Application time: 0.0246550 seconds
59.151: [GC [PSYoungGen: 7101K->544K(7680K)] 20365K->13807K(25088K), 0.0003530 secs] [Times: user=0.01 sys=0.00, real=0.00 secs] 
59.152: Total time for which application threads were stopped: 0.0004500 seconds, Stopping threads took: 0.0000500 seconds
59.181: Application time: 0.0290250 seconds
59.181: [GC [PSYoungGen: 7196K->480K(7680K)] 20460K->13743K(25088K), 0.0003650 secs] [Times: user=0.00 sys=0.00, real=0.00 secs] 
59.181: Total time for which application threads were stopped: 0.0004570 seconds, Stopping threads took: 0.0000430 seconds
59.209: Application time: 0.0283600 seconds
59.209: [GC [PSYoungGen: 7132K->576K(7680K)] 20396K->13839K(25088K), 0.0003390 secs] [Times: user=0.00 sys=0.00, real=0.00 secs] 
59.210: Total time for which application threads were stopped: 0.0004370 seconds, Stopping threads took: 0.0000510 seconds
59.239: Application time: 0.0295580 seconds
59.239: [GC [PSYoungGen: 7230K->512K(7680K)] 20494K->13775K(25088K), 0.0003640 secs] [Times: user=0.00 sys=0.00, real=0.00 secs] 
59.240: Total time for which application threads were stopped: 0.0004510 seconds, Stopping threads took: 0.0000380 seconds
59.269: Application time: 0.0294820 seconds
59.269: [GC [PSYoungGen: 7166K->512K(7680K)] 20430K->13775K(25088K), 0.0003240 secs] [Times: user=0.00 sys=0.00, real=0.00 secs] 
59.270: Total time for which application threads were stopped: 0.0004200 seconds, Stopping threads took: 0.0000500 seconds
59.300: Application time: 0.0299120 seconds
59.300: [GC [PSYoungGen: 7164K->480K(7680K)] 20428K->13743K(25088K), 0.0003570 secs] [Times: user=0.00 sys=0.00, real=0.00 secs] 
59.300: Total time for which application threads were stopped: 0.0004700 seconds, Stopping threads took: 0.0000650 seconds
59.329: Application time: 0.0293490 seconds
59.330: [GC [PSYoungGen: 7134K->512K(7680K)] 20398K->13775K(25088K), 0.0003610 secs] [Times: user=0.00 sys=0.00, real=0.00 secs] 
59.330: Total time for which application threads were stopped: 0.0004480 seconds, Stopping threads took: 0.0000400 seconds
59.359: Application time: 0.0294700 seconds
59.359: [GC [PSYoungGen: 7166K->480K(7680K)] 20430K->13743K(25088K), 0.0003730 secs] [Times: user=0.00 sys=0.00, real=0.00 secs] 
59.360: Total time for which application threads were stopped: 0.0004620 seconds, Stopping threads took: 0.0000400 seconds
59.385: Application time: 0.0254630 seconds
59.385: [GC [PSYoungGen: 7132K->704K(7680K)] 20395K->13967K(25088K), 0.0004060 secs] [Times: user=0.00 sys=0.00, real=0.00 secs] 
59.386: Total time for which application threads were stopped: 0.0005090 seconds, Stopping threads took: 0.0000540 seconds
59.406: Application time: 0.0205550 seconds
59.406: [GC [PSYoungGen: 7356K->928K(7680K)] 20620K->14191K(25088K), 0.0003830 secs] [Times: user=0.01 sys=0.00, real=0.00 secs] 
59.407: Total time for which application threads were stopped: 0.0004910 seconds, Stopping threads took: 0.0000520 seconds
59.423: Application time: 0.0159960 seconds
59.423: [GC [PSYoungGen: 7581K->992K(7680K)] 20845K->14255K(25088K), 0.0004170 secs] [Times: user=0.00 sys=0.00, real=0.00 secs] 
59.423: Total time for which application threads were stopped: 0.0005200 seconds, Stopping threads took: 0.0000540 seconds
59.444: Application time: 0.0205860 seconds
59.444: [GC [PSYoungGen: 7646K->896K(7680K)] 20910K->14159K(25088K), 0.0004410 secs] [Times: user=0.00 sys=0.00, real=0.00 secs] 
59.445: Total time for which application threads were stopped: 0.0005470 seconds, Stopping threads took: 0.0000560 seconds
59.468: Application time: 0.0231980 seconds
59.468: [GC [PSYoungGen: 7551K->992K(7680K)] 20815K->14272K(25088K), 0.0004220 secs] [Times: user=0.00 sys=0.00, real=0.00 secs] 
59.468: Total time for which application threads were stopped: 0.0005230 seconds, Stopping threads took: 0.0000510 seconds
59.495: Application time: 0.0264890 seconds
59.495: [GC [PSYoungGen: 7644K->928K(7680K)] 20924K->14207K(25088K), 0.0004540 secs] [Times: user=0.00 sys=0.00, real=0.00 secs] 
59.495: Total time for which application threads were stopped: 0.0005550 seconds, Stopping threads took: 0.0000480 seconds
59.523: Application time: 0.0279720 seconds
59.523: [GC [PSYoungGen: 7582K->1008K(7680K)] 20862K->14416K(25088K), 0.0004680 secs] [Times: user=0.00 sys=0.00, real=0.00 secs] 
59.524: Total time for which application threads were stopped: 0.0005670 seconds, Stopping threads took: 0.0000450 seconds
59.552: Application time: 0.0277070 seconds
59.552: [GC [PSYoungGen: 7663K->992K(7680K)] 21071K->14416K(25088K), 0.0004130 secs] [Times: user=0.00 sys=0.00, real=0.00 secs] 
59.552: Total time for which application threads were stopped: 0.0005090 seconds, Stopping threads took: 0.0000470 seconds
59.576: Application time: 0.0243200 seconds
59.576: [GC [PSYoungGen: 7646K->992K(7680K)] 21070K->14800K(25088K), 0.0005390 secs] [Times: user=0.00 sys=0.00, real=0.00 secs] 
59.577: Total time for which application threads were stopped: 0.0006360 seconds, Stopping threads took: 0.0000480 seconds
59.593: Application time: 0.0156050 seconds
59.593: [GC [PSYoungGen: 7645K->944K(7680K)] 21453K->14888K(25088K), 0.0004650 secs] [Times: user=0.00 sys=0.00, real=0.00 secs] 
59.593: Total time for which application threads were stopped: 0.0005770 seconds, Stopping threads took: 0.0000590 seconds
59.608: Application time: 0.0152610 seconds
59.609: [GC [PSYoungGen: 7596K->992K(7680K)] 21540K->15064K(25088K), 0.0004910 secs] [Times: user=0.00 sys=0.00, real=0.00 secs] 
59.609: Total time for which application threads were stopped: 0.0005910 seconds, Stopping threads took: 0.0000490 seconds
59.632: Application time: 0.0224350 seconds
59.632: [GC [PSYoungGen: 7643K->1008K(7680K)] 21716K->15208K(25088K), 0.0004250 secs] [Times: user=0.00 sys=0.00, real=0.00 secs] 
59.632: Total time for which application threads were stopped: 0.0005160 seconds, Stopping threads took: 0.0000410 seconds
59.661: Application time: 0.0287740 seconds
59.661: [GC [PSYoungGen: 7660K->976K(7680K)] 21860K->15176K(25088K), 0.0004330 secs] [Times: user=0.00 sys=0.00, real=0.00 secs] 
59.661: Total time for which application threads were stopped: 0.0005390 seconds, Stopping threads took: 0.0000530 seconds
59.689: Application time: 0.0272510 seconds
59.689: [GC [PSYoungGen: 7596K->992K(7680K)] 21797K->15192K(25088K), 0.0004280 secs] [Times: user=0.00 sys=0.00, real=0.00 secs] 
59.689: Total time for which application threads were stopped: 0.0005210 seconds, Stopping threads took: 0.0000390 seconds
59.718: Application time: 0.0288780 seconds
59.718: [GC [PSYoungGen: 7645K->1008K(7680K)] 21846K->15336K(25088K), 0.0004330 secs] [Times: user=0.00 sys=0.00, real=0.00 secs] 
59.719: Total time for which application threads were stopped: 0.0005310 seconds, Stopping threads took: 0.0000450 seconds
59.743: Application time: 0.0241180 seconds
59.743: [GC [PSYoungGen: 7660K->992K(7680K)] 21988K->15320K(25088K), 0.0004300 secs] [Times: user=0.00 sys=0.00, real=0.00 secs] 
59.743: Total time for which application threads were stopped: 0.0005330 seconds, Stopping threads took: 0.0000510 seconds
59.759: Application time: 0.0157550 seconds
59.759: [GC [PSYoungGen: 7647K->1008K(7680K)] 21975K->15616K(25088K), 0.0005720 secs] [Times: user=0.00 sys=0.00, real=0.01 secs] 
59.760: Total time for which application threads were stopped: 0.0006790 seconds, Stopping threads took: 0.0000470 seconds
59.776: Application time: 0.0164890 seconds
59.776: [GC [PSYoungGen: 7662K->992K(7680K)] 22271K->15776K(25088K), 0.0004390 secs] [Times: user=0.00 sys=0.00, real=0.00 secs] 
59.777: Total time for which application threads were stopped: 0.0005510 seconds, Stopping threads took: 0.0000560 seconds
59.797: Application time: 0.0205080 seconds
59.797: [GC [PSYoungGen: 7644K->1008K(7680K)] 22429K->16081K(25088K), 0.0004780 secs] [Times: user=0.00 sys=0.00, real=0.00 secs] 
59.798: Total time for which application threads were stopped: 0.0005810 seconds, Stopping threads took: 0.0000500 seconds
59.825: Application time: 0.0273360 seconds
59.825: [GC [PSYoungGen: 7660K->1008K(7680K)] 22733K->16237K(25088K), 0.0005580 secs] [Times: user=0.00 sys=0.00, real=0.00 secs] 
59.826: Total time for which application threads were stopped: 0.0006670 seconds, Stopping threads took: 0.0000560 seconds
59.853: Application time: 0.0271410 seconds
59.853: [GC [PSYoungGen: 7663K->1008K(7680K)] 22893K->16606K(25088K), 0.0005530 secs] [Times: user=0.00 sys=0.00, real=0.00 secs] 
59.854: Total time for which application threads were stopped: 0.0006580 seconds, Stopping threads took: 0.0000520 seconds
59.881: Application time: 0.0272020 seconds
59.881: [GC [PSYoungGen: 7662K->992K(7680K)] 23260K->16863K(25088K), 0.0005320 secs] [Times: user=0.00 sys=0.00, real=0.00 secs] 
59.881: Total time for which application threads were stopped: 0.0006250 seconds, Stopping threads took: 0.0000410 seconds
59.910: Application time: 0.0290230 seconds
59.911: [GC [PSYoungGen: 7646K->992K(7680K)] 23517K->16939K(25088K), 0.0004540 secs] [Times: user=0.00 sys=0.00, real=0.00 secs] 
59.911: Total time for which application threads were stopped: 0.0005590 seconds, Stopping threads took: 0.0000470 seconds
59.940: Application time: 0.0291330 seconds
59.940: [GC [PSYoungGen: 7646K->992K(7680K)] 23594K->16939K(25088K), 0.0003990 secs] [Times: user=0.01 sys=0.00, real=0.00 secs] 
59.941: Total time for which application threads were stopped: 0.0005080 seconds, Stopping threads took: 0.0000580 seconds
59.970: Application time: 0.0290990 seconds
59.970: [GC [PSYoungGen: 7646K->928K(7680K)] 23594K->16915K(25088K), 0.0004130 secs] [Times: user=0.00 sys=0.00, real=0.00 secs] 
59.970: Total time for which application threads were stopped: 0.0005150 seconds, Stopping threads took: 0.0000510 seconds
59.998: Application time: 0.0280930 seconds
59.998: [GC [PSYoungGen: 7580K->992K(7680K)] 23567K->17139K(25088K), 0.0004340 secs] [Times: user=0.00 sys=0.00, real=0.00 secs] 
59.999: Total time for which application threads were stopped: 0.0005440 seconds, Stopping threads took: 0.0000580 seconds
60.026: Application time: 0.0268270 seconds
60.026: [GC [PSYoungGen: 7644K->992K(7680K)] 23792K->17323K(25088K), 0.0004390 secs] [Times: user=0.00 sys=0.00, real=0.00 secs] 
60.026: Total time for which application threads were stopped: 0.0005370 seconds, Stopping threads took: 0.0000420 seconds
60.056: Application time: 0.0293290 seconds
60.056: [GC [PSYoungGen: 7646K->992K(7680K)] 23978K->17347K(25088K), 0.0004440 secs] [Times: user=0.00 sys=0.00, real=0.00 secs] 
60.056: Total time for which application threads were stopped: 0.0005330 seconds, Stopping threads took: 0.0000340 seconds
60.086: Application time: 0.0296220 seconds
60.086: [GC [PSYoungGen: 7646K->928K(7680K)] 24002K->17331K(25088K), 0.0004640 secs] [Times: user=0.00 sys=0.00, real=0.00 secs] 
60.086: Total time for which application threads were stopped: 0.0005610 seconds, Stopping threads took: 0.0000440 seconds
60.116: Application time: 0.0294660 seconds
60.116: [GC [PSYoungGen: 7582K->960K(7680K)] 23986K->17363K(25088K), 0.0004550 secs] [Times: user=0.00 sys=0.00, real=0.00 secs] 
60.116: Total time for which application threads were stopped: 0.0005650 seconds, Stopping threads took: 0.0000580 seconds
60.146: Application time: 0.0295930 seconds
60.146: [GC [PSYoungGen: 7614K->992K(7680K)] 24018K->17427K(25088K), 0.0003980 secs] [Times: user=0.01 sys=0.00, real=0.00 secs] 
60.146: Total time for which application threads were stopped: 0.0004900 seconds, Stopping threads took: 0.0000430 seconds
60.174: Application time: 0.0276680 seconds
60.174: [GC [PSYoungGen: 7646K->992K(7680K)] 24081K->17471K(25088K), 0.0004620 secs] [Times: user=0.00 sys=0.00, real=0.00 secs] 
60.175: Total time for which application threads were stopped: 0.0005620 seconds, Stopping threads took: 0.0000490 seconds
60.202: Application time: 0.0278170 seconds
60.203: [GC [PSYoungGen: 7644K->992K(7680K)] 24123K->17615K(25088K), 0.0004270 secs] [Times: user=0.00 sys=0.00, real=0.00 secs] 
60.203: Total time for which application threads were stopped: 0.0005290 seconds, Stopping threads took: 0.0000490 seconds
60.233: Application time: 0.0303430 seconds
60.233: [GC [PSYoungGen: 7646K->960K(7680K)] 24270K->17663K(25088K), 0.0004060 secs] [Times: user=0.00 sys=0.00, real=0.00 secs] 
60.234: Total time for which application threads were stopped: 0.0005280 seconds, Stopping threads took: 0.0000610 seconds
60.264: Application time: 0.0296950 seconds
60.264: [GC [PSYoungGen: 7614K->992K(7680K)] 24318K->17695K(25088K), 0.0003900 secs] [Times: user=0.00 sys=0.00, real=0.00 secs] 
60.264: Total time for which application threads were stopped: 0.0004800 seconds, Stopping threads took: 0.0000390 seconds
60.294: Application time: 0.0298020 seconds
60.294: [GC [PSYoungGen: 7646K->736K(7680K)] 24350K->17660K(25088K), 0.0003980 secs] [Times: user=0.00 sys=0.00, real=0.00 secs] 
60.294: Total time for which application threads were stopped: 0.0005030 seconds, Stopping threads took: 0.0000520 seconds
60.324: Application time: 0.0297870 seconds
60.324: [GC [PSYoungGen: 7390K->704K(7680K)] 24315K->17696K(25088K), 0.0003890 secs] [Times: user=0.00 sys=0.00, real=0.00 secs] 
60.325: Total time for which application threads were stopped: 0.0004850 seconds, Stopping threads took: 0.0000420 seconds
60.355: Application time: 0.0299390 seconds
60.355: [GC [PSYoungGen: 7356K->736K(7680K)] 24349K->17728K(25088K), 0.0003270 secs] [Times: user=0.01 sys=0.00, real=0.00 secs] 
60.355: Total time for which application threads were stopped: 0.0004280 seconds, Stopping threads took: 0.0000500 seconds
60.386: Application time: 0.0308590 seconds
60.386: [GC [PSYoungGen: 7390K->704K(7680K)] 24383K->17696K(25088K), 0.0004000 secs] [Times: user=0.01 sys=0.00, real=0.00 secs] 
60.386: Total time for which application threads were stopped: 0.0005060 seconds, Stopping threads took: 0.0000550 seconds
60.416: Application time: 0.0299120 seconds
60.419: [GC [PSYoungGen: 7358K->704K(7680K)] 24351K->17696K(25088K), 0.0003720 secs] [Times: user=0.00 sys=0.00, real=0.00 secs] 
60.420: Total time for which application threads were stopped: 0.0032560 seconds, Stopping threads took: 0.0028250 seconds
60.449: Application time: 0.0298910 seconds
60.450: [GC [PSYoungGen: 7358K->736K(7680K)] 24351K->17728K(25088K), 0.0003560 secs] [Times: user=0.00 sys=0.00, real=0.00 secs] 
60.450: Total time for which application threads were stopped: 0.0004620 seconds, Stopping threads took: 0.0000570 seconds
60.480: Application time: 0.0298780 seconds
60.480: [GC [PSYoungGen: 7390K->480K(7680K)] 24383K->17725K(25088K), 0.0003940 secs] [Times: user=0.00 sys=0.00, real=0.00 secs] 
60.480: [Full GC [PSYoungGen: 480K->0K(7680K)] [ParOldGen: 17245K->3302K(17408K)] 17725K->3302K(25088K) [PSPermGen: 5538K->5538K(21504K)], 0.0046020 secs] [Times: user=0.02 sys=0.00, real=0.00 secs] 
60.485: Total time for which application threads were stopped: 0.0051410 seconds, Stopping threads took: 0.0000470 seconds
60.515: Application time: 0.0299400 seconds
60.515: [GC [PSYoungGen: 6654K->0K(7680K)] 9957K->3302K(25088K), 0.0003230 secs] [Times: user=0.00 sys=0.00, real=0.00 secs] 
60.515: Total time for which application threads were stopped: 0.0004320 seconds, Stopping threads took: 0.0000560 seconds
60.545: Application time: 0.0298970 seconds
60.545: [GC [PSYoungGen: 6654K->0K(7680K)] 9957K->3302K(25088K), 0.0002910 secs] [Times: user=0.00 sys=0.00, real=0.00 secs] 
60.546: Total time for which application threads were stopped: 0.0003900 seconds, Stopping threads took: 0.0000530 seconds
60.575: Application time: 0.0298410 seconds
60.575: [GC [PSYoungGen: 6654K->0K(7680K)] 9957K->3302K(25088K), 0.0002870 secs] [Times: user=0.00 sys=0.00, real=0.00 secs] 
60.576: Total time for which application threads were stopped: 0.0003850 seconds, Stopping threads took: 0.0000520 seconds
60.606: Application time: 0.0300240 seconds
60.606: [GC [PSYoungGen: 6652K->0K(7680K)] 9955K->3302K(25088K), 0.0003210 secs] [Times: user=0.00 sys=0.00, real=0.00 secs] 
60.606: Total time for which application threads were stopped: 0.0004180 seconds, Stopping threads took: 0.0000500 seconds
60.636: Application time: 0.0298100 seconds
60.636: [GC [PSYoungGen: 6654K->0K(7680K)] 9957K->3302K(25088K), 0.0003090 secs] [Times: user=0.00 sys=0.00, real=0.00 secs] 
60.636: Total time for which application threads were stopped: 0.0004130 seconds, Stopping threads took: 0.0000550 seconds
60.666: Application time: 0.0296530 seconds
60.666: [GC [PSYoungGen: 6654K->0K(7680K)] 9957K->3302K(25088K), 0.0003040 secs] [Times: user=0.00 sys=0.00, real=0.00 secs] 
60.667: Total time for which application threads were stopped: 0.0004070 seconds, Stopping threads took: 0.0000540 seconds
60.696: Application time: 0.0297140 seconds
60.696: [GC [PSYoungGen: 6654K->0K(7680K)] 9957K->3302K(25088K), 0.0002910 secs] [Times: user=0.00 sys=0.00, real=0.00 secs] 
60.697: Total time for which application threads were stopped: 0.0004050 seconds, Stopping threads took: 0.0000680 seconds
60.726: Application time: 0.0295870 seconds
60.726: [GC [PSYoungGen: 6654K->0K(7680K)] 9957K->3302K(25088K), 0.0002980 secs] [Times: user=0.00 sys=0.00, real=0.00 secs] 
60.727: Total time for which application threads were stopped: 0.0003960 seconds, Stopping threads took: 0.0000530 seconds
60.757: Application time: 0.0298990 seconds
60.757: [GC [PSYoungGen: 6654K->0K(7680K)] 9957K->3302K(25088K), 0.0003810 secs] [Times: user=0.01 sys=0.00, real=0.00 secs] 
60.757: Total time for which application threads were stopped: 0.0004800 seconds, Stopping threads took: 0.0000460 seconds
60.784: Application time: 0.0266710 seconds
60.784: [GC [PSYoungGen: 6651K->320K(7680K)] 9954K->3622K(25088K), 0.0003380 secs] [Times: user=0.00 sys=0.00, real=0.00 secs] 
60.784: Total time for which application threads were stopped: 0.0004310 seconds, Stopping threads took: 0.0000450 seconds
60.805: Application time: 0.0207500 seconds
60.805: [GC [PSYoungGen: 6972K->384K(7680K)] 10275K->3686K(25088K), 0.0003200 secs] [Times: user=0.00 sys=0.00, real=0.00 secs] 
60.805: Total time for which application threads were stopped: 0.0004160 seconds, Stopping threads took: 0.0000490 seconds
60.827: Application time: 0.0213760 seconds
60.827: [GC [PSYoungGen: 7037K->320K(7680K)] 10340K->3622K(25088K), 0.0003550 secs] [Times: user=0.00 sys=0.00, real=0.00 secs] 
60.827: Total time for which application threads were stopped: 0.0004500 seconds, Stopping threads took: 0.0000460 seconds
60.848: Application time: 0.0210490 seconds
60.848: [GC [PSYoungGen: 6974K->544K(7680K)] 10277K->3846K(25088K), 0.0003230 secs] [Times: user=0.00 sys=0.00, real=0.00 secs] 
60.849: Total time for which application threads were stopped: 0.0004300 seconds, Stopping threads took: 0.0000570 seconds
60.871: Application time: 0.0220060 seconds
60.871: [GC [PSYoungGen: 7199K->512K(7680K)] 10502K->3814K(25088K), 0.0003850 secs] [Times: user=0.00 sys=0.00, real=0.01 secs] 
60.871: Total time for which application threads were stopped: 0.0004750 seconds, Stopping threads took: 0.0000420 seconds
60.895: Application time: 0.0243840 seconds
60.896: [GC [PSYoungGen: 7167K->544K(7680K)] 10470K->3846K(25088K), 0.0003510 secs] [Times: user=0.00 sys=0.00, real=0.00 secs] 
60.896: Total time for which application threads were stopped: 0.0004530 seconds, Stopping threads took: 0.0000550 seconds
60.925: Application time: 0.0292450 seconds
60.925: [GC [PSYoungGen: 7196K->640K(7680K)] 10499K->3942K(25088K), 0.0003580 secs] [Times: user=0.00 sys=0.00, real=0.00 secs] 
60.926: Total time for which application threads were stopped: 0.0004590 seconds, Stopping threads took: 0.0000430 seconds
60.954: Application time: 0.0283970 seconds
60.954: [GC [PSYoungGen: 7293K->512K(7680K)] 10596K->3814K(25088K), 0.0004200 secs] [Times: user=0.00 sys=0.00, real=0.00 secs] 
60.955: Total time for which application threads were stopped: 0.0004990 seconds, Stopping threads took: 0.0000310 seconds
60.984: Application time: 0.0295660 seconds
60.984: [GC [PSYoungGen: 7166K->512K(7680K)] 10469K->3814K(25088K), 0.0003470 secs] [Times: user=0.00 sys=0.00, real=0.00 secs] 
60.985: Total time for which application threads were stopped: 0.0004410 seconds, Stopping threads took: 0.0000430 seconds
61.015: Application time: 0.0301990 seconds
61.015: [GC [PSYoungGen: 7164K->480K(7680K)] 10467K->3782K(25088K), 0.0003380 secs] [Times: user=0.00 sys=0.00, real=0.00 secs] 
61.015: Total time for which application threads were stopped: 0.0004470 seconds, Stopping threads took: 0.0000520 seconds
61.045: Application time: 0.0296290 seconds
61.045: [GC [PSYoungGen: 7134K->544K(7680K)] 10437K->3846K(25088K), 0.0003460 secs] [Times: user=0.00 sys=0.00, real=0.00 secs] 
61.045: Total time for which application threads were stopped: 0.0004450 seconds, Stopping threads took: 0.0000510 seconds
61.075: Application time: 0.0299300 seconds
61.075: [GC [PSYoungGen: 7198K->544K(7680K)] 10501K->3846K(25088K), 0.0003060 secs] [Times: user=0.00 sys=0.00, real=0.00 secs] 
61.076: Total time for which application threads were stopped: 0.0004010 seconds, Stopping threads took: 0.0000460 seconds
61.105: Application time: 0.0294190 seconds
61.105: [GC [PSYoungGen: 7198K->512K(7680K)] 10501K->3814K(25088K), 0.0003540 secs] [Times: user=0.01 sys=0.00, real=0.00 secs] 
61.105: Total time for which application threads were stopped: 0.0004560 seconds, Stopping threads took: 0.0000530 seconds
61.135: Application time: 0.0294080 seconds
61.135: [GC [PSYoungGen: 7166K->512K(7680K)] 10469K->3814K(25088K), 0.0003420 secs] [Times: user=0.00 sys=0.00, real=0.00 secs] 
61.135: Total time for which application threads were stopped: 0.0004370 seconds, Stopping threads took: 0.0000480 seconds
61.157: Application time: 0.0213590 seconds
61.157: [GC [PSYoungGen: 7166K->736K(7680K)] 10469K->4038K(25088K), 0.0003500 secs] [Times: user=0.00 sys=0.00, real=0.00 secs] 
61.157: Total time for which application threads were stopped: 0.0004490 seconds, Stopping threads took: 0.0000510 seconds
61.176: Application time: 0.0189430 seconds
61.176: [GC [PSYoungGen: 7389K->944K(7680K)] 10691K->4246K(25088K), 0.0004040 secs] [Times: user=0.00 sys=0.00, real=0.00 secs] 
61.177: Total time for which application threads were stopped: 0.0005210 seconds, Stopping threads took: 0.0000640 seconds
61.194: Application time: 0.0174650 seconds
61.194: [GC [PSYoungGen: 7599K->992K(7680K)] 10902K->4294K(25088K), 0.0004090 secs] [Times: user=0.00 sys=0.00, real=0.00 secs] 
61.195: Total time for which application threads were stopped: 0.0005160 seconds, Stopping threads took: 0.0000560 seconds
61.215: Application time: 0.0207220 seconds
61.219: [GC [PSYoungGen: 7643K->896K(7680K)] 10946K->4198K(25088K), 0.0004610 secs] [Times: user=0.01 sys=0.00, real=0.00 secs] 
61.220: Total time for which application threads were stopped: 0.0043000 seconds, Stopping threads took: 0.0037910 seconds
61.246: Application time: 0.0268480 seconds
61.247: [GC [PSYoungGen: 7550K->928K(7680K)] 10853K->4230K(25088K), 0.0004060 secs] [Times: user=0.00 sys=0.00, real=0.00 secs] 
61.247: Total time for which application threads were stopped: 0.0005120 seconds, Stopping threads took: 0.0000520 seconds
61.274: Application time: 0.0265510 seconds
61.274: [GC [PSYoungGen: 7511K->864K(7680K)] 10814K->4166K(25088K), 0.0004110 secs] [Times: user=0.00 sys=0.00, real=0.00 secs] 
61.274: Total time for which application threads were stopped: 0.0005140 seconds, Stopping threads took: 0.0000540 seconds
61.301: Application time: 0.0267530 seconds
61.301: [GC [PSYoungGen: 7519K->992K(7680K)] 10822K->4310K(25088K), 0.0004540 secs] [Times: user=0.00 sys=0.00, real=0.00 secs] 
61.301: Total time for which application threads were stopped: 0.0005460 seconds, Stopping threads took: 0.0000400 seconds
61.328: Application time: 0.0263430 seconds
61.328: [GC [PSYoungGen: 7643K->1008K(7680K)] 10962K->4455K(25088K), 0.0004610 secs] [Times: user=0.01 sys=0.00, real=0.00 secs] 
61.328: Total time for which application threads were stopped: 0.0005650 seconds, Stopping threads took: 0.0000500 seconds
61.345: Application time: 0.0170340 seconds
61.347: [GC [PSYoungGen: 7663K->992K(7680K)] 11110K->4747K(25088K), 0.0006050 secs] [Times: user=0.01 sys=0.00, real=0.00 secs] 
61.348: Total time for which application threads were stopped: 0.0024590 seconds, Stopping threads took: 0.0017990 seconds
61.366: Application time: 0.0179550 seconds
61.366: [GC [PSYoungGen: 7646K->992K(7680K)] 11401K->4771K(25088K), 0.0005110 secs] [Times: user=0.00 sys=0.00, real=0.00 secs] 
61.366: Total time for which application threads were stopped: 0.0006430 seconds, Stopping threads took: 0.0000710 seconds
61.384: Application time: 0.0171440 seconds
61.384: [GC [PSYoungGen: 7646K->992K(7680K)] 11425K->4795K(25088K), 0.0004350 secs] [Times: user=0.00 sys=0.00, real=0.00 secs] 
61.384: Total time for which application threads were stopped: 0.0005290 seconds, Stopping threads took: 0.0000440 seconds
61.413: Application time: 0.0287290 seconds
61.413: [GC [PSYoungGen: 7643K->992K(7680K)] 11446K->4835K(25088K), 0.0004640 secs] [Times: user=0.00 sys=0.00, real=0.00 secs] 
61.413: Total time for which application threads were stopped: 0.0005630 seconds, Stopping threads took: 0.0000460 seconds
61.442: Application time: 0.0284560 seconds
61.442: [GC [PSYoungGen: 7646K->944K(7680K)] 11489K->4787K(25088K), 0.0004500 secs] [Times: user=0.00 sys=0.00, real=0.00 secs] 
61.442: Total time for which application threads were stopped: 0.0005610 seconds, Stopping threads took: 0.0000540 seconds
61.470: Application time: 0.0272290 seconds
61.471: [GC [PSYoungGen: 7600K->1008K(7680K)] 11443K->4867K(25088K), 0.0004630 secs] [Times: user=0.00 sys=0.00, real=0.00 secs] 
61.472: Total time for which application threads were stopped: 0.0020260 seconds, Stopping threads took: 0.0015130 seconds
61.494: Application time: 0.0226300 seconds
61.494: [GC [PSYoungGen: 7662K->1008K(7680K)] 11521K->5003K(25088K), 0.0004800 secs] [Times: user=0.01 sys=0.00, real=0.00 secs] 
61.495: Total time for which application threads were stopped: 0.0005770 seconds, Stopping threads took: 0.0000460 seconds
61.512: Application time: 0.0176380 seconds
61.513: [GC [PSYoungGen: 7662K->1008K(7680K)] 11657K->5271K(25088K), 0.0004670 secs] [Times: user=0.00 sys=0.00, real=0.00 secs] 
61.513: Total time for which application threads were stopped: 0.0005750 seconds, Stopping threads took: 0.0000540 seconds
61.529: Application time: 0.0160060 seconds
61.529: [GC [PSYoungGen: 7660K->992K(7680K)] 11924K->5508K(25088K), 0.0004370 secs] [Times: user=0.00 sys=0.00, real=0.00 secs] 
61.530: Total time for which application threads were stopped: 0.0005270 seconds, Stopping threads took: 0.0000390 seconds
61.550: Application time: 0.0208420 seconds
61.550: [GC [PSYoungGen: 7644K->944K(7680K)] 12160K->5588K(25088K), 0.0004750 secs] [Times: user=0.00 sys=0.00, real=0.00 secs] 
61.551: Total time for which application threads were stopped: 0.0005780 seconds, Stopping threads took: 0.0000490 seconds
61.579: Application time: 0.0283400 seconds
61.579: [GC [PSYoungGen: 7595K->1008K(7680K)] 12240K->5652K(25088K), 0.0004210 secs] [Times: user=0.00 sys=0.00, real=0.00 secs] 
61.580: Total time for which application threads were stopped: 0.0005180 seconds, Stopping threads took: 0.0000460 seconds
61.606: Application time: 0.0260290 seconds
61.606: [GC [PSYoungGen: 7661K->1008K(7680K)] 12305K->5876K(25088K), 0.0004680 secs] [Times: user=0.01 sys=0.00, real=0.00 secs] 
61.606: Total time for which application threads were stopped: 0.0005710 seconds, Stopping threads took: 0.0000510 seconds
61.633: Application time: 0.0263470 seconds
61.633: [GC [PSYoungGen: 7663K->1008K(7680K)] 12532K->5964K(25088K), 0.0004500 secs] [Times: user=0.00 sys=0.00, real=0.00 secs] 
61.633: Total time for which application threads were stopped: 0.0005560 seconds, Stopping threads took: 0.0000530 seconds
61.662: Application time: 0.0290040 seconds
61.662: [GC [PSYoungGen: 7662K->992K(7680K)] 12619K->6048K(25088K), 0.0004330 secs] [Times: user=0.00 sys=0.00, real=0.00 secs] 
61.663: Total time for which application threads were stopped: 0.0005320 seconds, Stopping threads took: 0.0000520 seconds
61.692: Application time: 0.0292280 seconds
61.692: [GC [PSYoungGen: 7646K->992K(7680K)] 12703K->6048K(25088K), 0.0003830 secs] [Times: user=0.00 sys=0.00, real=0.00 secs] 
61.693: Total time for which application threads were stopped: 0.0004800 seconds, Stopping threads took: 0.0000490 seconds
61.722: Application time: 0.0293170 seconds
61.722: [GC [PSYoungGen: 7646K->1008K(7680K)] 12703K->6097K(25088K), 0.0004710 secs] [Times: user=0.00 sys=0.00, real=0.00 secs] 
61.723: Total time for which application threads were stopped: 0.0005810 seconds, Stopping threads took: 0.0000600 seconds
61.752: Application time: 0.0293580 seconds
61.752: [GC [PSYoungGen: 7662K->960K(7680K)] 12751K->6049K(25088K), 0.0004900 secs] [Times: user=0.00 sys=0.00, real=0.00 secs] 
61.754: Total time for which application threads were stopped: 0.0016240 seconds, Stopping threads took: 0.0000380 seconds
61.780: Application time: 0.0267990 seconds
61.780: [GC [PSYoungGen: 7615K->1008K(7680K)] 12704K->6393K(25088K), 0.0004920 secs] [Times: user=0.01 sys=0.00, real=0.00 secs] 
61.781: Total time for which application threads were stopped: 0.0006000 seconds, Stopping threads took: 0.0000510 seconds
61.809: Application time: 0.0285500 seconds
61.810: [GC [PSYoungGen: 7661K->992K(7680K)] 13046K->6393K(25088K), 0.0004410 secs] [Times: user=0.01 sys=0.00, real=0.00 secs] 
61.810: Total time for which application threads were stopped: 0.0005480 seconds, Stopping threads took: 0.0000560 seconds
61.840: Application time: 0.0296130 seconds
61.840: [GC [PSYoungGen: 7646K->992K(7680K)] 13047K->6417K(25088K), 0.0004500 secs] [Times: user=0.01 sys=0.00, real=0.00 secs] 
61.840: Total time for which application threads were stopped: 0.0005550 seconds, Stopping threads took: 0.0000500 seconds
61.870: Application time: 0.0294910 seconds
61.870: [GC [PSYoungGen: 7644K->992K(7680K)] 13069K->6461K(25088K), 0.0004310 secs] [Times: user=0.00 sys=0.00, real=0.00 secs] 
61.870: Total time for which application threads were stopped: 0.0005360 seconds, Stopping threads took: 0.0000510 seconds
61.901: Application time: 0.0305740 seconds
61.901: [GC [PSYoungGen: 7648K->976K(7680K)] 13117K->6490K(25088K), 0.0004470 secs] [Times: user=0.00 sys=0.00, real=0.00 secs] 
61.901: Total time for which application threads were stopped: 0.0005540 seconds, Stopping threads took: 0.0000560 seconds
61.929: Application time: 0.0281140 seconds
61.930: [GC [PSYoungGen: 7630K->992K(7680K)] 13144K->6658K(25088K), 0.0004470 secs] [Times: user=0.01 sys=0.00, real=0.00 secs] 
61.930: Total time for which application threads were stopped: 0.0005440 seconds, Stopping threads took: 0.0000480 seconds
61.958: Application time: 0.0278700 seconds
61.958: [GC [PSYoungGen: 7646K->960K(7680K)] 13312K->6770K(25088K), 0.0004640 secs] [Times: user=0.00 sys=0.00, real=0.00 secs] 
61.958: Total time for which application threads were stopped: 0.0005830 seconds, Stopping threads took: 0.0000600 seconds
61.988: Application time: 0.0295400 seconds
61.988: [GC [PSYoungGen: 7614K->896K(7680K)] 13424K->6754K(25088K), 0.0004650 secs] [Times: user=0.00 sys=0.00, real=0.00 secs] 
61.989: Total time for which application threads were stopped: 0.0005750 seconds, Stopping threads took: 0.0000550 seconds
62.018: Application time: 0.0294890 seconds
62.018: [GC [PSYoungGen: 7550K->960K(7680K)] 13408K->6818K(25088K), 0.0004020 secs] [Times: user=0.01 sys=0.00, real=0.00 secs] 
62.019: Total time for which application threads were stopped: 0.0005050 seconds, Stopping threads took: 0.0000510 seconds
62.048: Application time: 0.0297850 seconds
62.048: [GC [PSYoungGen: 7614K->704K(7680K)] 13472K->6819K(25088K), 0.0003900 secs] [Times: user=0.01 sys=0.00, real=0.00 secs] 
62.049: Total time for which application threads were stopped: 0.0004980 seconds, Stopping threads took: 0.0000560 seconds
62.079: Application time: 0.0298860 seconds
62.079: [GC [PSYoungGen: 7356K->608K(7680K)] 13471K->6811K(25088K), 0.0004120 secs] [Times: user=0.00 sys=0.00, real=0.01 secs] 
62.079: Total time for which application threads were stopped: 0.0005100 seconds, Stopping threads took: 0.0000480 seconds
62.109: Application time: 0.0298750 seconds
62.109: [GC [PSYoungGen: 7262K->640K(7680K)] 13465K->6843K(25088K), 0.0003670 secs] [Times: user=0.00 sys=0.00, real=0.00 secs] 
62.110: Total time for which application threads were stopped: 0.0004710 seconds, Stopping threads took: 0.0000540 seconds
62.140: Application time: 0.0299040 seconds
62.140: [GC [PSYoungGen: 7294K->608K(7680K)] 13497K->6811K(25088K), 0.0003670 secs] [Times: user=0.00 sys=0.00, real=0.00 secs] 
62.140: Total time for which application threads were stopped: 0.0004570 seconds, Stopping threads took: 0.0000410 seconds
62.170: Application time: 0.0297380 seconds
62.170: [GC [PSYoungGen: 7262K->672K(7680K)] 13465K->6875K(25088K), 0.0003390 secs] [Times: user=0.00 sys=0.00, real=0.00 secs] 
62.170: Total time for which application threads were stopped: 0.0004590 seconds, Stopping threads took: 0.0000700 seconds
62.200: Application time: 0.0298230 seconds
62.200: [GC [PSYoungGen: 7326K->608K(7680K)] 13529K->6811K(25088K), 0.0004060 secs] [Times: user=0.00 sys=0.00, real=0.00 secs] 
62.201: Total time for which application threads were stopped: 0.0005200 seconds, Stopping threads took: 0.0000670 seconds
62.231: Application time: 0.0300140 seconds
62.231: [GC [PSYoungGen: 7262K->512K(7680K)] 13465K->6799K(25088K), 0.0003960 secs] [Times: user=0.00 sys=0.00, real=0.00 secs] 
62.231: Total time for which application threads were stopped: 0.0004910 seconds, Stopping threads took: 0.0000470 seconds
62.261: Application time: 0.0300940 seconds
62.261: [GC [PSYoungGen: 7166K->352K(7680K)] 13454K->6868K(25088K), 0.0003670 secs] [Times: user=0.00 sys=0.00, real=0.00 secs] 
62.262: Total time for which application threads were stopped: 0.0004660 seconds, Stopping threads took: 0.0000480 seconds
62.291: Application time: 0.0297160 seconds
62.291: [GC [PSYoungGen: 7006K->416K(7680K)] 13522K->6932K(25088K), 0.0003050 secs] [Times: user=0.00 sys=0.00, real=0.00 secs] 
62.292: Total time for which application threads were stopped: 0.0004180 seconds, Stopping threads took: 0.0000630 seconds
62.321: Application time: 0.0297360 seconds
62.322: [GC [PSYoungGen: 7070K->352K(7680K)] 13586K->6868K(25088K), 0.0003160 secs] [Times: user=0.00 sys=0.00, real=0.00 secs] 
62.322: Total time for which application threads were stopped: 0.0004120 seconds, Stopping threads took: 0.0000510 seconds
62.352: Application time: 0.0297240 seconds
62.352: [GC [PSYoungGen: 7006K->416K(7680K)] 13522K->6932K(25088K), 0.0003060 secs] [Times: user=0.00 sys=0.00, real=0.00 secs] 
62.352: Total time for which application threads were stopped: 0.0004000 seconds, Stopping threads took: 0.0000470 seconds
62.382: Application time: 0.0298210 seconds
62.382: [GC [PSYoungGen: 7070K->128K(7680K)] 13586K->6972K(25088K), 0.0003860 secs] [Times: user=0.00 sys=0.00, real=0.00 secs] 
62.382: Total time for which application threads were stopped: 0.0004780 seconds, Stopping threads took: 0.0000440 seconds
62.412: Application time: 0.0297480 seconds
62.412: [GC [PSYoungGen: 6782K->0K(7680K)] 13627K->6932K(25088K), 0.0003320 secs] [Times: user=0.00 sys=0.00, real=0.00 secs] 
62.412: Total time for which application threads were stopped: 0.0004340 seconds, Stopping threads took: 0.0000520 seconds
62.442: Application time: 0.0297420 seconds
62.442: [GC [PSYoungGen: 6654K->0K(7680K)] 13587K->6932K(25088K), 0.0003200 secs] [Times: user=0.00 sys=0.00, real=0.00 secs] 
62.443: Total time for which application threads were stopped: 0.0004170 seconds, Stopping threads took: 0.0000480 seconds
62.472: Application time: 0.0295850 seconds
62.472: [GC [PSYoungGen: 6654K->0K(7680K)] 13587K->6932K(25088K), 0.0003030 secs] [Times: user=0.00 sys=0.00, real=0.00 secs] 
62.473: Total time for which application threads were stopped: 0.0003970 seconds, Stopping threads took: 0.0000420 seconds
62.502: Application time: 0.0295950 seconds
62.502: [GC [PSYoungGen: 6654K->0K(7680K)] 13587K->6932K(25088K), 0.0002830 secs] [Times: user=0.00 sys=0.00, real=0.00 secs] 
62.503: Total time for which application threads were stopped: 0.0003770 seconds, Stopping threads took: 0.0000470 seconds
62.528: Application time: 0.0258030 seconds
62.528: [GC [PSYoungGen: 6652K->224K(7680K)] 13584K->7156K(25088K), 0.0003730 secs] [Times: user=0.00 sys=0.00, real=0.00 secs] 
62.529: Total time for which application threads were stopped: 0.0004790 seconds, Stopping threads took: 0.0000600 seconds
62.550: Application time: 0.0206770 seconds
62.550: [GC [PSYoungGen: 6876K->288K(7680K)] 13809K->7220K(25088K), 0.0003570 secs] [Times: user=0.00 sys=0.00, real=0.00 secs] 
62.550: Total time for which application threads were stopped: 0.0004500 seconds, Stopping threads took: 0.0000460 seconds
62.572: Application time: 0.0224810 seconds
62.573: [GC [PSYoungGen: 6941K->288K(7680K)] 13873K->7220K(25088K), 0.0003430 secs] [Times: user=0.00 sys=0.00, real=0.00 secs] 
62.573: Total time for which application threads were stopped: 0.0004360 seconds, Stopping threads took: 0.0000460 seconds
62.598: Application time: 0.0246510 seconds
62.598: [GC [PSYoungGen: 6942K->480K(7680K)] 13874K->7412K(25088K), 0.0003320 secs] [Times: user=0.00 sys=0.00, real=0.00 secs] 
62.598: Total time for which application threads were stopped: 0.0004180 seconds, Stopping threads took: 0.0000380 seconds
62.618: Application time: 0.0204710 seconds
62.619: [GC [PSYoungGen: 7135K->544K(7680K)] 14067K->7476K(25088K), 0.0003370 secs] [Times: user=0.00 sys=0.00, real=0.00 secs] 
62.619: Total time for which application threads were stopped: 0.0004250 seconds, Stopping threads took: 0.0000410 seconds
62.641: Application time: 0.0218740 seconds
62.641: [GC [PSYoungGen: 7197K->544K(7680K)] 14129K->7476K(25088K), 0.0003780 secs] [Times: user=0.01 sys=0.00, real=0.00 secs] 
62.641: Total time for which application threads were stopped: 0.0004810 seconds, Stopping threads took: 0.0000560 seconds
62.670: Application time: 0.0289780 seconds
62.670: [GC [PSYoungGen: 7196K->512K(7680K)] 14128K->7444K(25088K), 0.0003510 secs] [Times: user=0.00 sys=0.00, real=0.00 secs] 
62.671: Total time for which application threads were stopped: 0.0004480 seconds, Stopping threads took: 0.0000480 seconds
62.699: Application time: 0.0287140 seconds
62.699: [GC [PSYoungGen: 7165K->512K(7680K)] 14097K->7444K(25088K), 0.0003560 secs] [Times: user=0.00 sys=0.00, real=0.00 secs] 
62.700: Total time for which application threads were stopped: 0.0004410 seconds, Stopping threads took: 0.0000350 seconds
62.730: Application time: 0.0296900 seconds
62.730: [GC [PSYoungGen: 7164K->480K(7680K)] 14096K->7412K(25088K), 0.0003780 secs] [Times: user=0.00 sys=0.00, real=0.00 secs] 
62.730: Total time for which application threads were stopped: 0.0004690 seconds, Stopping threads took: 0.0000430 seconds
62.760: Application time: 0.0297720 seconds
62.760: [GC [PSYoungGen: 7134K->544K(7680K)] 14067K->7476K(25088K), 0.0003920 secs] [Times: user=0.00 sys=0.00, real=0.00 secs] 
62.760: Total time for which application threads were stopped: 0.0004900 seconds, Stopping threads took: 0.0000470 seconds
62.790: Application time: 0.0294980 seconds
62.790: [GC [PSYoungGen: 7198K->512K(7680K)] 14131K->7444K(25088K), 0.0003700 secs] [Times: user=0.00 sys=0.00, real=0.00 secs] 
62.790: Total time for which application threads were stopped: 0.0004680 seconds, Stopping threads took: 0.0000440 seconds
62.820: Application time: 0.0295640 seconds
62.820: [GC [PSYoungGen: 7166K->512K(7680K)] 14099K->7444K(25088K), 0.0003410 secs] [Times: user=0.00 sys=0.00, real=0.00 secs] 
62.820: Total time for which application threads were stopped: 0.0004310 seconds, Stopping threads took: 0.0000410 seconds
62.850: Application time: 0.0293560 seconds
62.850: [GC [PSYoungGen: 7166K->448K(7680K)] 14099K->7380K(25088K), 0.0003860 secs] [Times: user=0.01 sys=0.00, real=0.00 secs] 
62.850: Total time for which application threads were stopped: 0.0004770 seconds, Stopping threads took: 0.0000450 seconds
62.880: Application time: 0.0303030 seconds
62.880: [GC [PSYoungGen: 7100K->544K(7680K)] 14032K->7476K(25088K), 0.0003850 secs] [Times: user=0.00 sys=0.00, real=0.00 secs] 
62.881: Total time for which application threads were stopped: 0.0004950 seconds, Stopping threads took: 0.0000600 seconds
62.906: Application time: 0.0254520 seconds
62.906: [GC [PSYoungGen: 7196K->672K(7680K)] 14128K->7604K(25088K), 0.0004280 secs] [Times: user=0.01 sys=0.00, real=0.00 secs] 
62.907: Total time for which application threads were stopped: 0.0005300 seconds, Stopping threads took: 0.0000530 seconds
62.925: Application time: 0.0178280 seconds
62.925: [GC [PSYoungGen: 7325K->928K(7680K)] 14257K->7860K(25088K), 0.0004360 secs] [Times: user=0.00 sys=0.00, real=0.00 secs] 
62.925: Total time for which application threads were stopped: 0.0005340 seconds, Stopping threads took: 0.0000420 seconds
62.942: Application time: 0.0163920 seconds
62.942: [GC [PSYoungGen: 7580K->960K(7680K)] 14512K->7892K(25088K), 0.0003850 secs] [Times: user=0.00 sys=0.00, real=0.00 secs] 
62.942: Total time for which application threads were stopped: 0.0004880 seconds, Stopping threads took: 0.0000530 seconds
62.962: Application time: 0.0198090 seconds
62.963: [GC [PSYoungGen: 7615K->960K(7680K)] 14547K->7892K(25088K), 0.0004200 secs] [Times: user=0.00 sys=0.00, real=0.00 secs] 
62.964: Total time for which application threads were stopped: 0.0016590 seconds, Stopping threads took: 0.0011860 seconds
62.989: Application time: 0.0255100 seconds
62.989: [GC [PSYoungGen: 7612K->960K(7680K)] 14544K->8020K(25088K), 0.0004460 secs] [Times: user=0.00 sys=0.00, real=0.00 secs] 
62.990: Total time for which application threads were stopped: 0.0005470 seconds, Stopping threads took: 0.0000420 seconds
63.017: Application time: 0.0274240 seconds
63.017: [GC [PSYoungGen: 7612K->896K(7680K)] 14672K->7956K(25088K), 0.0004060 secs] [Times: user=0.00 sys=0.00, real=0.00 secs] 
63.018: Total time for which application threads were stopped: 0.0005010 seconds, Stopping threads took: 0.0000460 seconds
63.044: Application time: 0.0261150 seconds
63.044: [GC [PSYoungGen: 7547K->880K(7680K)] 14608K->7940K(25088K), 0.0004250 secs] [Times: user=0.00 sys=0.00, real=0.00 secs] 
63.044: Total time for which application threads were stopped: 0.0005280 seconds, Stopping threads took: 0.0000530 seconds
63.072: Application time: 0.0276440 seconds
63.072: [GC [PSYoungGen: 7534K->960K(7680K)] 14594K->8148K(25088K), 0.0005080 secs] [Times: user=0.00 sys=0.00, real=0.00 secs] 
63.072: Total time for which application threads were stopped: 0.0006310 seconds, Stopping threads took: 0.0000720 seconds
63.091: Application time: 0.0184510 seconds
63.091: [GC [PSYoungGen: 7613K->992K(7680K)] 14801K->8472K(25088K), 0.0004980 secs] [Times: user=0.00 sys=0.00, real=0.01 secs] 
63.092: Total time for which application threads were stopped: 0.0006030 seconds, Stopping threads took: 0.0000540 seconds
63.108: Application time: 0.0164460 seconds
63.108: [GC [PSYoungGen: 7644K->1008K(7680K)] 15124K->8512K(25088K), 0.0004730 secs] [Times: user=0.00 sys=0.00, real=0.00 secs] 
63.109: Total time for which application threads were stopped: 0.0005710 seconds, Stopping threads took: 0.0000490 seconds
63.128: Application time: 0.0190040 seconds
63.128: [GC [PSYoungGen: 7660K->1008K(7680K)] 15164K->8656K(25088K), 0.0004750 secs] [Times: user=0.00 sys=0.00, real=0.00 secs] 
63.128: Total time for which application threads were stopped: 0.0005810 seconds, Stopping threads took: 0.0000530 seconds
63.154: Application time: 0.0260000 seconds
63.154: [GC [PSYoungGen: 7662K->1008K(7680K)] 15310K->8696K(25088K), 0.0004580 secs] [Times: user=0.00 sys=0.00, real=0.00 secs] 
63.155: Total time for which application threads were stopped: 0.0005680 seconds, Stopping threads took: 0.0000600 seconds
63.183: Application time: 0.0278230 seconds
63.183: [GC [PSYoungGen: 7662K->1008K(7680K)] 15350K->8840K(25088K), 0.0004950 secs] [Times: user=0.00 sys=0.00, real=0.00 secs] 
63.183: Total time for which application threads were stopped: 0.0006020 seconds, Stopping threads took: 0.0000530 seconds
63.211: Application time: 0.0279850 seconds
63.211: [GC [PSYoungGen: 7660K->992K(7680K)] 15492K->8976K(25088K), 0.0004720 secs] [Times: user=0.01 sys=0.00, real=0.00 secs] 
63.212: Total time for which application threads were stopped: 0.0005700 seconds, Stopping threads took: 0.0000460 seconds
63.237: Application time: 0.0254840 seconds
63.239: [GC [PSYoungGen: 7644K->1008K(7680K)] 15628K->9136K(25088K), 0.0005490 secs] [Times: user=0.00 sys=0.00, real=0.00 secs] 
63.240: Total time for which application threads were stopped: 0.0025160 seconds, Stopping threads took: 0.0019050 seconds
63.258: Application time: 0.0181900 seconds
63.258: [GC [PSYoungGen: 7660K->1008K(7680K)] 15789K->9412K(25088K), 0.0005600 secs] [Times: user=0.00 sys=0.00, real=0.00 secs] 
63.259: Total time for which application threads were stopped: 0.0006590 seconds, Stopping threads took: 0.0000470 seconds
63.275: Application time: 0.0161950 seconds
63.275: [GC [PSYoungGen: 7660K->1008K(7680K)] 16065K->9476K(25088K), 0.0004510 secs] [Times: user=0.00 sys=0.00, real=0.00 secs] 
63.275: Total time for which application threads were stopped: 0.0005480 seconds, Stopping threads took: 0.0000480 seconds
63.295: Application time: 0.0194990 seconds
63.295: [GC [PSYoungGen: 7660K->960K(7680K)] 16129K->9556K(25088K), 0.0004480 secs] [Times: user=0.01 sys=0.00, real=0.00 secs] 
63.295: Total time for which application threads were stopped: 0.0005470 seconds, Stopping threads took: 0.0000480 seconds
63.321: Application time: 0.0257610 seconds
63.321: [GC [PSYoungGen: 7614K->976K(7680K)] 16211K->9700K(25088K), 0.0004690 secs] [Times: user=0.01 sys=0.00, real=0.00 secs] 
63.322: Total time for which application threads were stopped: 0.0005770 seconds, Stopping threads took: 0.0000580 seconds
63.348: Application time: 0.0259560 seconds
63.348: [GC [PSYoungGen: 7631K->992K(7680K)] 16356K->10052K(25088K), 0.0005340 secs] [Times: user=0.00 sys=0.00, real=0.00 secs] 
63.348: Total time for which application threads were stopped: 0.0006360 seconds, Stopping threads took: 0.0000530 seconds
63.374: Application time: 0.0261780 seconds
63.375: [GC [PSYoungGen: 7647K->1008K(7680K)] 16708K->10216K(25088K), 0.0005520 secs] [Times: user=0.01 sys=0.00, real=0.00 secs] 
63.375: Total time for which application threads were stopped: 0.0006450 seconds, Stopping threads took: 0.0000400 seconds
63.405: Application time: 0.0300670 seconds
63.405: [GC [PSYoungGen: 7664K->896K(7680K)] 16872K->10296K(25088K), 0.0005400 secs] [Times: user=0.00 sys=0.00, real=0.00 secs] 
63.406: Total time for which application threads were stopped: 0.0006530 seconds, Stopping threads took: 0.0000590 seconds
63.435: Application time: 0.0294940 seconds
63.435: [GC [PSYoungGen: 7550K->864K(7680K)] 16951K->10264K(25088K), 0.0004280 secs] [Times: user=0.00 sys=0.00, real=0.00 secs] 
63.436: Total time for which application threads were stopped: 0.0005600 seconds, Stopping threads took: 0.0000800 seconds
63.465: Application time: 0.0292170 seconds
63.465: [GC [PSYoungGen: 7518K->928K(7680K)] 16919K->10368K(25088K), 0.0004220 secs] [Times: user=0.00 sys=0.00, real=0.00 secs] 
63.466: Total time for which application threads were stopped: 0.0005190 seconds, Stopping threads took: 0.0000490 seconds
63.495: Application time: 0.0290520 seconds
63.495: [GC [PSYoungGen: 7582K->864K(7680K)] 17023K->10304K(25088K), 0.0004850 secs] [Times: user=0.00 sys=0.00, real=0.00 secs] 
63.495: Total time for which application threads were stopped: 0.0006180 seconds, Stopping threads took: 0.0000700 seconds
63.522: Application time: 0.0266890 seconds
63.522: [GC [PSYoungGen: 7517K->992K(7680K)] 16958K->10673K(25088K), 0.0005190 secs] [Times: user=0.00 sys=0.00, real=0.00 secs] 
63.523: Total time for which application threads were stopped: 0.0006110 seconds, Stopping threads took: 0.0000420 seconds
63.552: Application time: 0.0291620 seconds
63.552: [GC [PSYoungGen: 7645K->992K(7680K)] 17326K->10881K(25088K), 0.0004860 secs] [Times: user=0.00 sys=0.00, real=0.00 secs] 
63.552: Total time for which application threads were stopped: 0.0005890 seconds, Stopping threads took: 0.0000560 seconds
63.582: Application time: 0.0294100 seconds
63.582: [GC [PSYoungGen: 7644K->1008K(7680K)] 17533K->10925K(25088K), 0.0004480 secs] [Times: user=0.00 sys=0.00, real=0.00 secs] 
63.582: Total time for which application threads were stopped: 0.0005620 seconds, Stopping threads took: 0.0000620 seconds
63.612: Application time: 0.0293590 seconds
63.612: [GC [PSYoungGen: 7662K->928K(7680K)] 17580K->10989K(25088K), 0.0004330 secs] [Times: user=0.01 sys=0.00, real=0.00 secs] 
63.612: Total time for which application threads were stopped: 0.0005370 seconds, Stopping threads took: 0.0000470 seconds
63.642: Application time: 0.0294410 seconds
63.642: [GC [PSYoungGen: 7582K->896K(7680K)] 17644K->10957K(25088K), 0.0004360 secs] [Times: user=0.00 sys=0.00, real=0.00 secs] 
63.642: Total time for which application threads were stopped: 0.0005280 seconds, Stopping threads took: 0.0000400 seconds
63.671: Application time: 0.0285620 seconds
63.671: [GC [PSYoungGen: 7548K->1008K(7680K)] 17609K->11133K(25088K), 0.0004490 secs] [Times: user=0.00 sys=0.00, real=0.01 secs] 
63.671: Total time for which application threads were stopped: 0.0005430 seconds, Stopping threads took: 0.0000450 seconds
63.698: Application time: 0.0269780 seconds
63.698: [GC [PSYoungGen: 7660K->992K(7680K)] 17786K->11309K(25088K), 0.0004640 secs] [Times: user=0.00 sys=0.00, real=0.00 secs] 
63.699: Total time for which application threads were stopped: 0.0005680 seconds, Stopping threads took: 0.0000540 seconds
63.729: Application time: 0.0296520 seconds
63.729: [GC [PSYoungGen: 7646K->992K(7680K)] 17964K->11325K(25088K), 0.0004280 secs] [Times: user=0.00 sys=0.00, real=0.00 secs] 
63.729: Total time for which application threads were stopped: 0.0005240 seconds, Stopping threads took: 0.0000440 seconds
63.759: Application time: 0.0300100 seconds
63.759: [GC [PSYoungGen: 7648K->960K(7680K)] 17981K->11341K(25088K), 0.0004610 secs] [Times: user=0.00 sys=0.00, real=0.00 secs] 
63.760: Total time for which application threads were stopped: 0.0005800 seconds, Stopping threads took: 0.0000630 seconds
63.790: Application time: 0.0298640 seconds
63.790: [GC [PSYoungGen: 7612K->768K(7680K)] 17993K->11338K(25088K), 0.0004230 secs] [Times: user=0.00 sys=0.00, real=0.00 secs] 
63.790: Total time for which application threads were stopped: 0.0005200 seconds, Stopping threads took: 0.0000440 seconds
63.820: Application time: 0.0299090 seconds
63.820: [GC [PSYoungGen: 7422K->608K(7680K)] 17992K->11394K(25088K), 0.0004250 secs] [Times: user=0.00 sys=0.00, real=0.00 secs] 
63.820: Total time for which application threads were stopped: 0.0005130 seconds, Stopping threads took: 0.0000370 seconds
63.850: Application time: 0.0297510 seconds
63.850: [GC [PSYoungGen: 7262K->608K(7680K)] 18048K->11394K(25088K), 0.0003460 secs] [Times: user=0.00 sys=0.00, real=0.00 secs] 
63.851: Total time for which application threads were stopped: 0.0004320 seconds, Stopping threads took: 0.0000380 seconds
63.880: Application time: 0.0297180 seconds
63.880: [GC [PSYoungGen: 7262K->608K(7680K)] 18048K->11394K(25088K), 0.0003630 secs] [Times: user=0.00 sys=0.00, real=0.00 secs] 
63.881: Total time for which application threads were stopped: 0.0004710 seconds, Stopping threads took: 0.0000510 seconds
63.911: Application time: 0.0299580 seconds
63.911: [GC [PSYoungGen: 7262K->608K(7680K)] 18048K->11394K(25088K), 0.0003580 secs] [Times: user=0.00 sys=0.00, real=0.01 secs] 
63.911: Total time for which application threads were stopped: 0.0004690 seconds, Stopping threads took: 0.0000610 seconds
63.941: Application time: 0.0296950 seconds
63.941: [GC [PSYoungGen: 7262K->544K(7680K)] 18048K->11330K(25088K), 0.0003980 secs] [Times: user=0.00 sys=0.00, real=0.00 secs] 
63.941: Total time for which application threads were stopped: 0.0004980 seconds, Stopping threads took: 0.0000520 seconds
63.971: Application time: 0.0297680 seconds
63.971: [GC [PSYoungGen: 7198K->352K(7680K)] 17984K->11330K(25088K), 0.0004270 secs] [Times: user=0.00 sys=0.00, real=0.00 secs] 
63.972: Total time for which application threads were stopped: 0.0005310 seconds, Stopping threads took: 0.0000530 seconds
64.002: Application time: 0.0298730 seconds
64.002: [GC [PSYoungGen: 7004K->352K(7680K)] 17982K->11378K(25088K), 0.0003870 secs] [Times: user=0.00 sys=0.00, real=0.00 secs] 
64.002: Total time for which application threads were stopped: 0.0004920 seconds, Stopping threads took: 0.0000430 seconds
64.033: Application time: 0.0305530 seconds
64.033: [GC [PSYoungGen: 7004K->320K(7680K)] 18030K->11346K(25088K), 0.0003860 secs] [Times: user=0.00 sys=0.00, real=0.00 secs] 
64.033: Total time for which application threads were stopped: 0.0004920 seconds, Stopping threads took: 0.0000580 seconds
64.064: Application time: 0.0305470 seconds
64.064: [GC [PSYoungGen: 6974K->384K(7680K)] 18000K->11410K(25088K), 0.0003360 secs] [Times: user=0.00 sys=0.00, real=0.00 secs] 
64.064: Total time for which application threads were stopped: 0.0004340 seconds, Stopping threads took: 0.0000460 seconds
64.095: Application time: 0.0310060 seconds
64.099: [GC [PSYoungGen: 7038K->384K(7680K)] 18064K->11410K(25088K), 0.0003850 secs] [Times: user=0.00 sys=0.00, real=0.00 secs] 
64.100: Total time for which application threads were stopped: 0.0044240 seconds, Stopping threads took: 0.0039800 seconds
64.130: Application time: 0.0299200 seconds
64.131: [GC [PSYoungGen: 7038K->416K(7680K)] 18064K->11442K(25088K), 0.0003310 secs] [Times: user=0.01 sys=0.00, real=0.00 secs] 
64.132: Total time for which application threads were stopped: 0.0019730 seconds, Stopping threads took: 0.0015910 seconds
64.162: Application time: 0.0301460 seconds
64.162: [GC [PSYoungGen: 7070K->0K(7680K)] 18096K->11310K(25088K), 0.0003580 secs] [Times: user=0.00 sys=0.00, real=0.00 secs] 
64.162: Total time for which application threads were stopped: 0.0004620 seconds, Stopping threads took: 0.0000510 seconds
64.192: Application time: 0.0298590 seconds
64.192: [GC [PSYoungGen: 6654K->0K(7680K)] 17965K->11310K(25088K), 0.0003060 secs] [Times: user=0.00 sys=0.00, real=0.00 secs] 
64.192: Total time for which application threads were stopped: 0.0004170 seconds, Stopping threads took: 0.0000650 seconds
64.223: Application time: 0.0302190 seconds
64.223: [GC [PSYoungGen: 6654K->0K(7680K)] 17964K->11310K(25088K), 0.0003360 secs] [Times: user=0.01 sys=0.00, real=0.00 secs] 
64.223: Total time for which application threads were stopped: 0.0004480 seconds, Stopping threads took: 0.0000610 seconds
64.253: Application time: 0.0297720 seconds
64.253: [GC [PSYoungGen: 6654K->0K(7680K)] 17965K->11310K(25088K), 0.0003020 secs] [Times: user=0.00 sys=0.00, real=0.00 secs] 
64.253: Total time for which application threads were stopped: 0.0003920 seconds, Stopping threads took: 0.0000460 seconds
64.280: Application time: 0.0269720 seconds
64.280: [GC [PSYoungGen: 6651K->288K(7680K)] 17962K->11598K(25088K), 0.0003520 secs] [Times: user=0.00 sys=0.00, real=0.00 secs] 
64.281: Total time for which application threads were stopped: 0.0004470 seconds, Stopping threads took: 0.0000470 seconds
64.301: Application time: 0.0207890 seconds
64.302: [GC [PSYoungGen: 6940K->352K(7680K)] 18251K->11662K(25088K), 0.0003490 secs] [Times: user=0.00 sys=0.00, real=0.00 secs] 
64.302: Total time for which application threads were stopped: 0.0004620 seconds, Stopping threads took: 0.0000620 seconds
64.323: Application time: 0.0213950 seconds
64.323: [GC [PSYoungGen: 7005K->384K(7680K)] 18316K->11694K(25088K), 0.0003240 secs] [Times: user=0.00 sys=0.00, real=0.00 secs] 
64.324: Total time for which application threads were stopped: 0.0004220 seconds, Stopping threads took: 0.0000480 seconds
64.351: Application time: 0.0274500 seconds
64.351: [GC [PSYoungGen: 7038K->512K(7680K)] 18349K->11822K(25088K), 0.0003460 secs] [Times: user=0.00 sys=0.00, real=0.00 secs] 
64.352: Total time for which application threads were stopped: 0.0004500 seconds, Stopping threads took: 0.0000550 seconds
64.376: Application time: 0.0238920 seconds
64.376: [GC [PSYoungGen: 7166K->512K(7680K)] 18477K->11822K(25088K), 0.0004070 secs] [Times: user=0.00 sys=0.00, real=0.00 secs] 
64.376: Total time for which application threads were stopped: 0.0005130 seconds, Stopping threads took: 0.0000540 seconds
64.399: Application time: 0.0230640 seconds
64.399: [GC [PSYoungGen: 7165K->544K(7680K)] 18476K->11854K(25088K), 0.0003610 secs] [Times: user=0.00 sys=0.00, real=0.00 secs] 
64.400: Total time for which application threads were stopped: 0.0006910 seconds, Stopping threads took: 0.0002780 seconds
64.425: Application time: 0.0249980 seconds
64.425: [GC [PSYoungGen: 7198K->512K(7680K)] 18508K->11822K(25088K), 0.0003700 secs] [Times: user=0.01 sys=0.00, real=0.00 secs] 
64.425: Total time for which application threads were stopped: 0.0004780 seconds, Stopping threads took: 0.0000570 seconds
64.455: Application time: 0.0293670 seconds
64.455: [GC [PSYoungGen: 7164K->544K(7680K)] 18475K->11854K(25088K), 0.0003460 secs] [Times: user=0.00 sys=0.00, real=0.00 secs] 
64.455: Total time for which application threads were stopped: 0.0004540 seconds, Stopping threads took: 0.0000530 seconds
64.484: Application time: 0.0285730 seconds
64.484: [GC [PSYoungGen: 7197K->512K(7680K)] 18508K->11822K(25088K), 0.0004210 secs] [Times: user=0.00 sys=0.00, real=0.00 secs] 
64.484: Total time for which application threads were stopped: 0.0005200 seconds, Stopping threads took: 0.0000490 seconds
64.514: Application time: 0.0296700 seconds
64.514: [GC [PSYoungGen: 7166K->544K(7680K)] 18477K->11854K(25088K), 0.0003470 secs] [Times: user=0.00 sys=0.00, real=0.00 secs] 
64.514: Total time for which application threads were stopped: 0.0004500 seconds, Stopping threads took: 0.0000470 seconds
64.544: Application time: 0.0300460 seconds
64.544: [GC [PSYoungGen: 7198K->448K(7680K)] 18509K->11758K(25088K), 0.0004260 secs] [Times: user=0.00 sys=0.00, real=0.00 secs] 
64.545: Total time for which application threads were stopped: 0.0005310 seconds, Stopping threads took: 0.0000580 seconds
64.575: Application time: 0.0297300 seconds
64.575: [GC [PSYoungGen: 7102K->512K(7680K)] 18413K->11822K(25088K), 0.0003470 secs] [Times: user=0.00 sys=0.00, real=0.00 secs] 
64.575: Total time for which application threads were stopped: 0.0004510 seconds, Stopping threads took: 0.0000510 seconds
64.605: Application time: 0.0297830 seconds
64.605: [GC [PSYoungGen: 7166K->512K(7680K)] 18477K->11822K(25088K), 0.0003310 secs] [Times: user=0.00 sys=0.00, real=0.00 secs] 
64.605: Total time for which application threads were stopped: 0.0004270 seconds, Stopping threads took: 0.0000480 seconds
64.635: Application time: 0.0295920 seconds
64.635: [GC [PSYoungGen: 7166K->512K(7680K)] 18477K->11822K(25088K), 0.0003370 secs] [Times: user=0.00 sys=0.00, real=0.00 secs] 
64.635: Total time for which application threads were stopped: 0.0004410 seconds, Stopping threads took: 0.0000530 seconds
64.662: Application time: 0.0262240 seconds
64.662: [GC [PSYoungGen: 7164K->672K(7680K)] 18474K->11982K(25088K), 0.0003730 secs] [Times: user=0.00 sys=0.00, real=0.00 secs] 
64.662: Total time for which application threads were stopped: 0.0004850 seconds, Stopping threads took: 0.0000600 seconds
64.681: Application time: 0.0188080 seconds
64.681: [GC [PSYoungGen: 7325K->960K(7680K)] 18636K->12270K(25088K), 0.0004080 secs] [Times: user=0.00 sys=0.00, real=0.00 secs] 
64.681: Total time for which application threads were stopped: 0.0005020 seconds, Stopping threads took: 0.0000420 seconds
64.698: Application time: 0.0162120 seconds
64.698: [GC [PSYoungGen: 7612K->896K(7680K)] 18923K->12206K(25088K), 0.0004770 secs] [Times: user=0.00 sys=0.00, real=0.00 secs] 
64.698: Total time for which application threads were stopped: 0.0005650 seconds, Stopping threads took: 0.0000390 seconds
64.717: Application time: 0.0183970 seconds
64.717: [GC [PSYoungGen: 7550K->960K(7680K)] 18861K->12270K(25088K), 0.0004350 secs] [Times: user=0.00 sys=0.00, real=0.00 secs] 
64.717: Total time for which application threads were stopped: 0.0005360 seconds, Stopping threads took: 0.0000490 seconds
64.743: Application time: 0.0261630 seconds
64.743: [GC [PSYoungGen: 7614K->960K(7680K)] 18925K->12270K(25088K), 0.0004910 secs] [Times: user=0.00 sys=0.00, real=0.00 secs] 
64.744: Total time for which application threads were stopped: 0.0005970 seconds, Stopping threads took: 0.0000560 seconds
64.772: Application time: 0.0279640 seconds
64.772: [GC [PSYoungGen: 7612K->992K(7680K)] 18923K->12302K(25088K), 0.0004980 secs] [Times: user=0.00 sys=0.00, real=0.00 secs] 
64.772: Total time for which application threads were stopped: 0.0006190 seconds, Stopping threads took: 0.0000650 seconds
64.800: Application time: 0.0271660 seconds
64.800: [GC [PSYoungGen: 7646K->1008K(7680K)] 18957K->12334K(25088K), 0.0004530 secs] [Times: user=0.00 sys=0.00, real=0.00 secs] 
64.800: Total time for which application threads were stopped: 0.0005450 seconds, Stopping threads took: 0.0000420 seconds
64.824: Application time: 0.0240650 seconds
64.824: [GC [PSYoungGen: 7663K->1008K(7680K)] 18990K->12482K(25088K), 0.0005570 secs] [Times: user=0.00 sys=0.00, real=0.00 secs] 
64.825: Total time for which application threads were stopped: 0.0006570 seconds, Stopping threads took: 0.0000470 seconds
64.846: Application time: 0.0207050 seconds
64.846: [GC [PSYoungGen: 7663K->992K(7680K)] 19137K->12506K(25088K), 0.0005290 secs] [Times: user=0.01 sys=0.00, real=0.00 secs] 
64.846: Total time for which application threads were stopped: 0.0006360 seconds, Stopping threads took: 0.0000580 seconds
64.867: Application time: 0.0204010 seconds
64.867: [GC [PSYoungGen: 7644K->992K(7680K)] 19159K->12794K(25088K), 0.0005380 secs] [Times: user=0.00 sys=0.00, real=0.00 secs] 
64.867: Total time for which application threads were stopped: 0.0006470 seconds, Stopping threads took: 0.0000560 seconds
64.888: Application time: 0.0202620 seconds
64.888: [GC [PSYoungGen: 7644K->992K(7680K)] 19447K->12810K(25088K), 0.0004820 secs] [Times: user=0.00 sys=0.00, real=0.00 secs] 
64.888: Total time for which application threads were stopped: 0.0005800 seconds, Stopping threads took: 0.0000480 seconds
64.911: Application time: 0.0227060 seconds
64.911: [GC [PSYoungGen: 7646K->992K(7680K)] 19464K->12946K(25088K), 0.0005430 secs] [Times: user=0.01 sys=0.00, real=0.01 secs] 
64.911: Total time for which application threads were stopped: 0.0006650 seconds, Stopping threads took: 0.0000680 seconds
64.940: Application time: 0.0282510 seconds
64.940: [GC [PSYoungGen: 7646K->960K(7680K)] 19601K->12914K(25088K), 0.0004580 secs] [Times: user=0.00 sys=0.00, real=0.00 secs] 
64.940: Total time for which application threads were stopped: 0.0005590 seconds, Stopping threads took: 0.0000510 seconds
64.969: Application time: 0.0289440 seconds
64.969: [GC [PSYoungGen: 7612K->1008K(7680K)] 19567K->12962K(25088K), 0.0004630 secs] [Times: user=0.00 sys=0.00, real=0.00 secs] 
64.970: Total time for which application threads were stopped: 0.0005740 seconds, Stopping threads took: 0.0000580 seconds
64.998: Application time: 0.0281870 seconds
64.999: [GC [PSYoungGen: 7662K->992K(7680K)] 19617K->12962K(25088K), 0.0004390 secs] [Times: user=0.00 sys=0.00, real=0.00 secs] 
65.000: Total time for which application threads were stopped: 0.0016030 seconds, Stopping threads took: 0.0011150 seconds
65.018: Application time: 0.0188300 seconds
65.019: [GC [PSYoungGen: 7644K->1008K(7680K)] 19615K->13367K(25088K), 0.0005620 secs] [Times: user=0.01 sys=0.00, real=0.01 secs] 
65.019: Total time for which application threads were stopped: 0.0006890 seconds, Stopping threads took: 0.0000640 seconds
65.041: Application time: 0.0217500 seconds
65.041: [GC [PSYoungGen: 7663K->992K(7680K)] 20022K->13415K(25088K), 0.0004680 secs] [Times: user=0.00 sys=0.00, real=0.00 secs] 
65.041: Total time for which application threads were stopped: 0.0005740 seconds, Stopping threads took: 0.0000580 seconds
65.059: Application time: 0.0171230 seconds
65.059: [GC [PSYoungGen: 7644K->1008K(7680K)] 20067K->13575K(25088K), 0.0005020 secs] [Times: user=0.01 sys=0.00, real=0.01 secs] 
65.059: Total time for which application threads were stopped: 0.0005970 seconds, Stopping threads took: 0.0000430 seconds
65.080: Application time: 0.0204040 seconds
65.080: [GC [PSYoungGen: 7660K->1008K(7680K)] 20227K->13795K(25088K), 0.0004780 secs] [Times: user=0.00 sys=0.00, real=0.00 secs] 
65.080: Total time for which application threads were stopped: 0.0005840 seconds, Stopping threads took: 0.0000540 seconds
65.107: Application time: 0.0267820 seconds
65.107: [GC [PSYoungGen: 7662K->1008K(7680K)] 20449K->13955K(25088K), 0.0004620 secs] [Times: user=0.00 sys=0.00, real=0.00 secs] 
65.108: Total time for which application threads were stopped: 0.0005740 seconds, Stopping threads took: 0.0000510 seconds
65.135: Application time: 0.0271410 seconds
65.135: [GC [PSYoungGen: 7663K->1008K(7680K)] 20611K->14043K(25088K), 0.0004720 secs] [Times: user=0.00 sys=0.00, real=0.00 secs] 
65.135: Total time for which application threads were stopped: 0.0005780 seconds, Stopping threads took: 0.0000560 seconds
65.163: Application time: 0.0274910 seconds
65.163: [GC [PSYoungGen: 7663K->992K(7680K)] 20699K->14315K(25088K), 0.0004990 secs] [Times: user=0.00 sys=0.00, real=0.00 secs] 
65.163: Total time for which application threads were stopped: 0.0005950 seconds, Stopping threads took: 0.0000480 seconds
65.192: Application time: 0.0291090 seconds
65.193: [GC [PSYoungGen: 7646K->976K(7680K)] 20970K->14368K(25088K), 0.0004620 secs] [Times: user=0.00 sys=0.00, real=0.00 secs] 
65.193: Total time for which application threads were stopped: 0.0005700 seconds, Stopping threads took: 0.0000570 seconds
65.222: Application time: 0.0292970 seconds
65.222: [GC [PSYoungGen: 7630K->928K(7680K)] 21023K->14364K(25088K), 0.0004060 secs] [Times: user=0.00 sys=0.00, real=0.00 secs] 
65.223: Total time for which application threads were stopped: 0.0004990 seconds, Stopping threads took: 0.0000470 seconds
65.252: Application time: 0.0293500 seconds
65.252: [GC [PSYoungGen: 7582K->960K(7680K)] 21019K->14404K(25088K), 0.0004320 secs] [Times: user=0.00 sys=0.00, real=0.00 secs] 
65.253: Total time for which application threads were stopped: 0.0005260 seconds, Stopping threads took: 0.0000450 seconds
65.280: Application time: 0.0276170 seconds
65.280: [GC [PSYoungGen: 7614K->992K(7680K)] 21058K->14532K(25088K), 0.0004500 secs] [Times: user=0.00 sys=0.00, real=0.00 secs] 
65.281: Total time for which application threads were stopped: 0.0005490 seconds, Stopping threads took: 0.0000480 seconds
65.309: Application time: 0.0277810 seconds
65.309: [GC [PSYoungGen: 7646K->992K(7680K)] 21186K->14772K(25088K), 0.0004800 secs] [Times: user=0.00 sys=0.00, real=0.00 secs] 
65.309: Total time for which application threads were stopped: 0.0005710 seconds, Stopping threads took: 0.0000410 seconds
65.339: Application time: 0.0294400 seconds
65.339: [GC [PSYoungGen: 7644K->992K(7680K)] 21424K->14828K(25088K), 0.0004610 secs] [Times: user=0.00 sys=0.00, real=0.01 secs] 
65.339: Total time for which application threads were stopped: 0.0005680 seconds, Stopping threads took: 0.0000580 seconds
65.369: Application time: 0.0299050 seconds
65.369: [GC [PSYoungGen: 7644K->992K(7680K)] 21480K->14844K(25088K), 0.0004220 secs] [Times: user=0.00 sys=0.00, real=0.00 secs] 
65.370: Total time for which application threads were stopped: 0.0005190 seconds, Stopping threads took: 0.0000480 seconds
65.399: Application time: 0.0296460 seconds
65.399: [GC [PSYoungGen: 7646K->976K(7680K)] 21499K->14868K(25088K), 0.0004190 secs] [Times: user=0.01 sys=0.00, real=0.00 secs] 
65.400: Total time for which application threads were stopped: 0.0005180 seconds, Stopping threads took: 0.0000490 seconds
65.429: Application time: 0.0295180 seconds
65.429: [GC [PSYoungGen: 7630K->992K(7680K)] 21523K->14940K(25088K), 0.0004060 secs] [Times: user=0.00 sys=0.00, real=0.00 secs] 
65.430: Total time for which application threads were stopped: 0.0005100 seconds, Stopping threads took: 0.0000510 seconds
65.458: Application time: 0.0286600 seconds
65.459: [GC [PSYoungGen: 7644K->992K(7680K)] 21592K->15100K(25088K), 0.0004670 secs] [Times: user=0.01 sys=0.00, real=0.00 secs] 
65.459: Total time for which application threads were stopped: 0.0005590 seconds, Stopping threads took: 0.0000390 seconds
65.486: Application time: 0.0268960 seconds
65.486: [GC [PSYoungGen: 7644K->1008K(7680K)] 21752K->15252K(25088K), 0.0005060 secs] [Times: user=0.00 sys=0.00, real=0.00 secs] 
65.487: Total time for which application threads were stopped: 0.0005990 seconds, Stopping threads took: 0.0000420 seconds
65.516: Application time: 0.0294090 seconds
65.516: [GC [PSYoungGen: 7662K->992K(7680K)] 21907K->15308K(25088K), 0.0004450 secs] [Times: user=0.00 sys=0.00, real=0.00 secs] 
65.517: Total time for which application threads were stopped: 0.0005660 seconds, Stopping threads took: 0.0000590 seconds
65.546: Application time: 0.0295570 seconds
65.546: [GC [PSYoungGen: 7646K->896K(7680K)] 21963K->15268K(25088K), 0.0004690 secs] [Times: user=0.00 sys=0.00, real=0.00 secs] 
65.547: Total time for which application threads were stopped: 0.0005880 seconds, Stopping threads took: 0.0000570 seconds
65.576: Application time: 0.0296140 seconds
65.576: [GC [PSYoungGen: 7550K->768K(7680K)] 21923K->15332K(25088K), 0.0004230 secs] [Times: user=0.00 sys=0.00, real=0.00 secs] 
65.577: Total time for which application threads were stopped: 0.0005250 seconds, Stopping threads took: 0.0000510 seconds
65.607: Application time: 0.0299750 seconds
65.607: [GC [PSYoungGen: 7420K->704K(7680K)] 21984K->15352K(25088K), 0.0003760 secs] [Times: user=0.00 sys=0.00, real=0.00 secs] 
65.607: Total time for which application threads were stopped: 0.0004740 seconds, Stopping threads took: 0.0000470 seconds
65.637: Application time: 0.0296500 seconds
65.637: [GC [PSYoungGen: 7358K->736K(7680K)] 22007K->15384K(25088K), 0.0003880 secs] [Times: user=0.00 sys=0.00, real=0.00 secs] 
65.637: Total time for which application threads were stopped: 0.0004940 seconds, Stopping threads took: 0.0000520 seconds
65.667: Application time: 0.0297450 seconds
65.667: [GC [PSYoungGen: 7390K->736K(7680K)] 22039K->15384K(25088K), 0.0003600 secs] [Times: user=0.00 sys=0.00, real=0.00 secs] 
65.668: Total time for which application threads were stopped: 0.0004470 seconds, Stopping threads took: 0.0000390 seconds
65.697: Application time: 0.0297350 seconds
65.697: [GC [PSYoungGen: 7390K->704K(7680K)] 22039K->15352K(25088K), 0.0003880 secs] [Times: user=0.00 sys=0.00, real=0.00 secs] 
65.698: Total time for which application threads were stopped: 0.0004860 seconds, Stopping threads took: 0.0000500 seconds
65.728: Application time: 0.0297330 seconds
65.728: [GC [PSYoungGen: 7358K->544K(7680K)] 22007K->15392K(25088K), 0.0003860 secs] [Times: user=0.01 sys=0.00, real=0.00 secs] 
65.728: Total time for which application threads were stopped: 0.0004830 seconds, Stopping threads took: 0.0000470 seconds
65.758: Application time: 0.0302810 seconds
65.758: [GC [PSYoungGen: 7196K->480K(7680K)] 22045K->15376K(25088K), 0.0003880 secs] [Times: user=0.01 sys=0.00, real=0.00 secs] 
65.759: Total time for which application threads were stopped: 0.0005050 seconds, Stopping threads took: 0.0000560 seconds
65.789: Application time: 0.0297550 seconds
65.789: [GC [PSYoungGen: 7134K->544K(7680K)] 22031K->15440K(25088K), 0.0003360 secs] [Times: user=0.00 sys=0.00, real=0.00 secs] 
65.789: Total time for which application threads were stopped: 0.0004250 seconds, Stopping threads took: 0.0000420 seconds
65.819: Application time: 0.0298410 seconds
65.819: [GC [PSYoungGen: 7198K->512K(7680K)] 22095K->15408K(25088K), 0.0003730 secs] [Times: user=0.00 sys=0.00, real=0.01 secs] 
65.819: Total time for which application threads were stopped: 0.0004690 seconds, Stopping threads took: 0.0000470 seconds
65.849: Application time: 0.0297990 seconds
65.849: [GC [PSYoungGen: 7166K->512K(7680K)] 22063K->15408K(25088K), 0.0003250 secs] [Times: user=0.00 sys=0.00, real=0.00 secs] 
65.850: Total time for which application threads were stopped: 0.0004270 seconds, Stopping threads took: 0.0000530 seconds
65.880: Application time: 0.0304870 seconds
65.883: [GC [PSYoungGen: 7166K->480K(7680K)] 22063K->15376K(25088K), 0.0005850 secs] [Times: user=0.00 sys=0.00, real=0.00 secs] 
65.884: Total time for which application threads were stopped: 0.0037070 seconds, Stopping threads took: 0.0030490 seconds
65.914: Application time: 0.0300030 seconds
65.914: [GC [PSYoungGen: 7132K->480K(7680K)] 22029K->15384K(25088K), 0.0004070 secs] [Times: user=0.01 sys=0.00, real=0.00 secs] 
65.914: Total time for which application threads were stopped: 0.0005010 seconds, Stopping threads took: 0.0000440 seconds
65.944: Application time: 0.0297410 seconds
65.944: [GC [PSYoungGen: 7134K->0K(7680K)] 22039K->15330K(25088K), 0.0003780 secs] [Times: user=0.01 sys=0.00, real=0.00 secs] 
65.944: Total time for which application threads were stopped: 0.0004640 seconds, Stopping threads took: 0.0000370 seconds
65.974: Application time: 0.0300090 seconds
65.975: [GC [PSYoungGen: 6652K->0K(7680K)] 21982K->15330K(25088K), 0.0003400 secs] [Times: user=0.00 sys=0.00, real=0.00 secs] 
65.975: Total time for which application threads were stopped: 0.0004460 seconds, Stopping threads took: 0.0000550 seconds
66.005: Application time: 0.0296710 seconds
66.005: [GC [PSYoungGen: 6654K->0K(7680K)] 21984K->15330K(25088K), 0.0002990 secs] [Times: user=0.00 sys=0.00, real=0.00 secs] 
66.005: Total time for which application threads were stopped: 0.0003910 seconds, Stopping threads took: 0.0000480 seconds
66.030: Application time: 0.0249360 seconds
66.030: [GC [PSYoungGen: 6654K->352K(7680K)] 21984K->15682K(25088K), 0.0003160 secs] [Times: user=0.00 sys=0.00, real=0.00 secs] 
66.030: Total time for which application threads were stopped: 0.0004110 seconds, Stopping threads took: 0.0000500 seconds
66.051: Application time: 0.0207360 seconds
66.051: [GC [PSYoungGen: 7006K->384K(7680K)] 22336K->15714K(25088K), 0.0003370 secs] [Times: user=0.01 sys=0.00, real=0.00 secs] 
66.052: Total time for which application threads were stopped: 0.0004320 seconds, Stopping threads took: 0.0000410 seconds
66.075: Application time: 0.0232980 seconds
66.075: [GC [PSYoungGen: 7038K->384K(7680K)] 22368K->15714K(25088K), 0.0003220 secs] [Times: user=0.00 sys=0.00, real=0.00 secs] 
66.075: Total time for which application threads were stopped: 0.0004100 seconds, Stopping threads took: 0.0000440 seconds
66.096: Application time: 0.0205640 seconds
66.096: [GC [PSYoungGen: 7036K->544K(7680K)] 22366K->15874K(25088K), 0.0003880 secs] [Times: user=0.01 sys=0.00, real=0.00 secs] 
66.096: Total time for which application threads were stopped: 0.0004870 seconds, Stopping threads took: 0.0000490 seconds
66.118: Application time: 0.0219580 seconds
66.118: [GC [PSYoungGen: 7199K->480K(7680K)] 22529K->15810K(25088K), 0.0004040 secs] [Times: user=0.00 sys=0.00, real=0.00 secs] 
66.119: Total time for which application threads were stopped: 0.0005130 seconds, Stopping threads took: 0.0000590 seconds
66.143: Application time: 0.0246870 seconds
66.144: [GC [PSYoungGen: 7133K->544K(7680K)] 22463K->15874K(25088K), 0.0003390 secs] [Times: user=0.01 sys=0.00, real=0.00 secs] 
66.144: Total time for which application threads were stopped: 0.0004410 seconds, Stopping threads took: 0.0000500 seconds
66.173: Application time: 0.0292310 seconds
66.173: [GC [PSYoungGen: 7196K->608K(7680K)] 22526K->15938K(25088K), 0.0003780 secs] [Times: user=0.00 sys=0.00, real=0.00 secs] 
66.174: Total time for which application threads were stopped: 0.0004870 seconds, Stopping threads took: 0.0000590 seconds
66.202: Application time: 0.0282670 seconds
66.202: [GC [PSYoungGen: 7261K->544K(7680K)] 22591K->15874K(25088K), 0.0003330 secs] [Times: user=0.01 sys=0.00, real=0.00 secs] 
66.202: Total time for which application threads were stopped: 0.0004510 seconds, Stopping threads took: 0.0000680 seconds
66.232: Application time: 0.0295230 seconds
66.232: [GC [PSYoungGen: 7198K->512K(7680K)] 22528K->15842K(25088K), 0.0003360 secs] [Times: user=0.00 sys=0.00, real=0.00 secs] 
66.232: Total time for which application threads were stopped: 0.0004380 seconds, Stopping threads took: 0.0000530 seconds
66.262: Application time: 0.0294530 seconds
66.262: [GC [PSYoungGen: 7166K->512K(7680K)] 22496K->15842K(25088K), 0.0003910 secs] [Times: user=0.01 sys=0.00, real=0.00 secs] 
66.262: Total time for which application threads were stopped: 0.0004840 seconds, Stopping threads took: 0.0000420 seconds
66.292: Application time: 0.0294770 seconds
66.292: [GC [PSYoungGen: 7166K->544K(7680K)] 22496K->15874K(25088K), 0.0003470 secs] [Times: user=0.00 sys=0.00, real=0.00 secs] 
66.292: Total time for which application threads were stopped: 0.0004390 seconds, Stopping threads took: 0.0000410 seconds
66.322: Application time: 0.0295520 seconds
66.322: [GC [PSYoungGen: 7198K->480K(7680K)] 22528K->15810K(25088K), 0.0004010 secs] [Times: user=0.00 sys=0.00, real=0.00 secs] 
66.322: Total time for which application threads were stopped: 0.0004850 seconds, Stopping threads took: 0.0000350 seconds
66.352: Application time: 0.0294310 seconds
66.352: [GC [PSYoungGen: 7134K->480K(7680K)] 22464K->15810K(25088K), 0.0003910 secs] [Times: user=0.00 sys=0.00, real=0.00 secs] 
66.352: Total time for which application threads were stopped: 0.0004840 seconds, Stopping threads took: 0.0000430 seconds
66.381: Application time: 0.0293310 seconds
66.382: [GC [PSYoungGen: 7134K->480K(7680K)] 22464K->15810K(25088K), 0.0004060 secs] [Times: user=0.01 sys=0.00, real=0.00 secs] 
66.382: Total time for which application threads were stopped: 0.0004960 seconds, Stopping threads took: 0.0000440 seconds
66.406: Application time: 0.0237690 seconds
66.406: [GC [PSYoungGen: 7047K->576K(7680K)] 22377K->15906K(25088K), 0.0004140 secs] [Times: user=0.00 sys=0.00, real=0.00 secs] 
66.406: Total time for which application threads were stopped: 0.0005110 seconds, Stopping threads took: 0.0000480 seconds
66.428: Application time: 0.0217820 seconds
66.431: [GC [PSYoungGen: 7228K->704K(7680K)] 22558K->16034K(25088K), 0.0004180 secs] [Times: user=0.00 sys=0.00, real=0.00 secs] 
66.432: Total time for which application threads were stopped: 0.0035710 seconds, Stopping threads took: 0.0031020 seconds
66.448: Application time: 0.0168430 seconds
66.449: [GC [PSYoungGen: 7283K->864K(7680K)] 22613K->16194K(25088K), 0.0004110 secs] [Times: user=0.00 sys=0.00, real=0.00 secs] 
66.449: Total time for which application threads were stopped: 0.0005100 seconds, Stopping threads took: 0.0000530 seconds
66.469: Application time: 0.0200640 seconds
66.469: [GC [PSYoungGen: 7515K->992K(7680K)] 22845K->16322K(25088K), 0.0004390 secs] [Times: user=0.00 sys=0.00, real=0.00 secs] 
66.470: Total time for which application threads were stopped: 0.0005270 seconds, Stopping threads took: 0.0000360 seconds
66.492: Application time: 0.0229530 seconds
66.493: [GC [PSYoungGen: 7643K->992K(7680K)] 22973K->16322K(25088K), 0.0004840 secs] [Times: user=0.00 sys=0.00, real=0.00 secs] 
66.493: Total time for which application threads were stopped: 0.0005850 seconds, Stopping threads took: 0.0000500 seconds
66.519: Application time: 0.0263200 seconds
66.519: [GC [PSYoungGen: 7646K->992K(7680K)] 22976K->16330K(25088K), 0.0004940 secs] [Times: user=0.00 sys=0.00, real=0.00 secs] 
66.520: Total time for which application threads were stopped: 0.0006070 seconds, Stopping threads took: 0.0000570 seconds
66.548: Application time: 0.0283240 seconds
66.548: [GC [PSYoungGen: 7646K->944K(7680K)] 22984K->16282K(25088K), 0.0004970 secs] [Times: user=0.00 sys=0.00, real=0.00 secs] 
66.549: Total time for which application threads were stopped: 0.0006030 seconds, Stopping threads took: 0.0000560 seconds
66.577: Application time: 0.0284840 seconds
66.578: [GC [PSYoungGen: 7597K->992K(7680K)] 22935K->16330K(25088K), 0.0004510 secs] [Times: user=0.01 sys=0.00, real=0.00 secs] 
66.578: Total time for which application threads were stopped: 0.0005580 seconds, Stopping threads took: 0.0000450 seconds
66.600: Application time: 0.0216430 seconds
66.600: [GC [PSYoungGen: 7644K->1008K(7680K)] 22982K->16498K(25088K), 0.0005230 secs] [Times: user=0.00 sys=0.00, real=0.00 secs] 
66.600: Total time for which application threads were stopped: 0.0006140 seconds, Stopping threads took: 0.0000400 seconds
66.617: Application time: 0.0166240 seconds
66.617: [GC [PSYoungGen: 7660K->1008K(7680K)] 23150K->16730K(25088K), 0.0005110 secs] [Times: user=0.00 sys=0.00, real=0.00 secs] 
66.617: Total time for which application threads were stopped: 0.0006050 seconds, Stopping threads took: 0.0000430 seconds
66.635: Application time: 0.0177140 seconds
66.635: [GC [PSYoungGen: 7660K->976K(7680K)] 23382K->16954K(25088K), 0.0005290 secs] [Times: user=0.00 sys=0.00, real=0.00 secs] 
66.636: Total time for which application threads were stopped: 0.0006250 seconds, Stopping threads took: 0.0000490 seconds
66.658: Application time: 0.0217940 seconds
66.658: [GC [PSYoungGen: 7629K->992K(7680K)] 23607K->17154K(25088K), 0.0004810 secs] [Times: user=0.00 sys=0.00, real=0.00 secs] 
66.658: Total time for which application threads were stopped: 0.0005770 seconds, Stopping threads took: 0.0000450 seconds
66.687: Application time: 0.0284940 seconds
66.692: [GC [PSYoungGen: 7646K->1008K(7680K)] 23808K->17194K(25088K), 0.0004780 secs] [Times: user=0.00 sys=0.00, real=0.00 secs] 
66.693: Total time for which application threads were stopped: 0.0060250 seconds, Stopping threads took: 0.0054960 seconds
66.721: Application time: 0.0278350 seconds
66.721: [GC [PSYoungGen: 7662K->1008K(7680K)] 23848K->17346K(25088K), 0.0004710 secs] [Times: user=0.00 sys=0.00, real=0.00 secs] 
66.721: Total time for which application threads were stopped: 0.0005710 seconds, Stopping threads took: 0.0000470 seconds
66.750: Application time: 0.0284770 seconds
66.750: [GC [PSYoungGen: 7661K->992K(7680K)] 24000K->17354K(25088K), 0.0005310 secs] [Times: user=0.00 sys=0.00, real=0.00 secs] 
66.750: Total time for which application threads were stopped: 0.0006400 seconds, Stopping threads took: 0.0000540 seconds
66.779: Application time: 0.0291170 seconds
66.779: [GC [PSYoungGen: 7646K->1008K(7680K)] 24009K->17370K(25088K), 0.0005320 secs] [Times: user=0.01 sys=0.00, real=0.00 secs] 
66.781: Total time for which application threads were stopped: 0.0016230 seconds, Stopping threads took: 0.0000530 seconds
66.801: Application time: 0.0198650 seconds
66.801: [GC [PSYoungGen: 7661K->1008K(7680K)] 24023K->17711K(25088K), 0.0005570 secs] [Times: user=0.01 sys=0.00, real=0.00 secs] 
66.802: Total time for which application threads were stopped: 0.0006640 seconds, Stopping threads took: 0.0000570 seconds
66.818: Application time: 0.0163820 seconds
66.818: [GC [PSYoungGen: 7662K->1008K(7680K)] 24366K->17847K(25088K), 0.0004440 secs] [Times: user=0.00 sys=0.00, real=0.00 secs] 
66.818: Total time for which application threads were stopped: 0.0005380 seconds, Stopping threads took: 0.0000440 seconds
66.835: Application time: 0.0168160 seconds
66.835: [GC [PSYoungGen: 7662K->896K(7680K)] 24502K->17815K(25088K), 0.0004290 secs] [Times: user=0.00 sys=0.00, real=0.00 secs] 
66.836: Total time for which application threads were stopped: 0.0005290 seconds, Stopping threads took: 0.0000450 seconds
66.858: Application time: 0.0219050 seconds
66.858: [GC [PSYoungGen: 7549K->1008K(7680K)] 24468K->18156K(25088K), 0.0004880 secs] [Times: user=0.00 sys=0.00, real=0.00 secs] 
66.858: [Full GC [PSYoungGen: 1008K->0K(7680K)] [ParOldGen: 17148K->3307K(17408K)] 18156K->3307K(25088K) [PSPermGen: 5539K->5539K(21504K)], 0.0043720 secs] [Times: user=0.01 sys=0.00, real=0.01 secs] 
66.863: Total time for which application threads were stopped: 0.0050250 seconds, Stopping threads took: 0.0000580 seconds
66.891: Application time: 0.0280390 seconds
66.891: [GC [PSYoungGen: 6654K->352K(7680K)] 9961K->3659K(25088K), 0.0003600 secs] [Times: user=0.00 sys=0.00, real=0.01 secs] 
66.891: Total time for which application threads were stopped: 0.0004620 seconds, Stopping threads took: 0.0000470 seconds
66.918: Application time: 0.0268690 seconds
66.918: [GC [PSYoungGen: 7006K->544K(7680K)] 10313K->3851K(25088K), 0.0003480 secs] [Times: user=0.00 sys=0.00, real=0.00 secs] 
66.919: Total time for which application threads were stopped: 0.0004580 seconds, Stopping threads took: 0.0000570 seconds
66.947: Application time: 0.0281330 seconds
66.947: [GC [PSYoungGen: 7196K->736K(7680K)] 10503K->4043K(25088K), 0.0003770 secs] [Times: user=0.00 sys=0.00, real=0.00 secs] 
66.947: Total time for which application threads were stopped: 0.0004720 seconds, Stopping threads took: 0.0000450 seconds
66.977: Application time: 0.0294060 seconds
66.977: [GC [PSYoungGen: 7390K->672K(7680K)] 10697K->3979K(25088K), 0.0004320 secs] [Times: user=0.00 sys=0.00, real=0.00 secs] 
66.977: Total time for which application threads were stopped: 0.0005420 seconds, Stopping threads took: 0.0000580 seconds
67.006: Application time: 0.0293100 seconds
67.006: [GC [PSYoungGen: 7326K->672K(7680K)] 10633K->3979K(25088K), 0.0003800 secs] [Times: user=0.00 sys=0.00, real=0.00 secs] 
67.007: Total time for which application threads were stopped: 0.0004700 seconds, Stopping threads took: 0.0000410 seconds
67.035: Application time: 0.0286030 seconds
67.036: [GC [PSYoungGen: 7325K->864K(7680K)] 10632K->4171K(25088K), 0.0003940 secs] [Times: user=0.00 sys=0.00, real=0.00 secs] 
67.036: Total time for which application threads were stopped: 0.0005020 seconds, Stopping threads took: 0.0000570 seconds
67.063: Application time: 0.0270510 seconds
67.063: [GC [PSYoungGen: 7519K->992K(7680K)] 10827K->4427K(25088K), 0.0004350 secs] [Times: user=0.01 sys=0.00, real=0.00 secs] 
67.064: Total time for which application threads were stopped: 0.0005460 seconds, Stopping threads took: 0.0000550 seconds
67.093: Application time: 0.0294160 seconds
67.093: [GC [PSYoungGen: 7646K->896K(7680K)] 11081K->4331K(25088K), 0.0003890 secs] [Times: user=0.00 sys=0.00, real=0.00 secs] 
67.094: Total time for which application threads were stopped: 0.0005010 seconds, Stopping threads took: 0.0000540 seconds
67.123: Application time: 0.0293700 seconds
67.123: [GC [PSYoungGen: 7550K->992K(7680K)] 10985K->4427K(25088K), 0.0004090 secs] [Times: user=0.00 sys=0.00, real=0.00 secs] 
67.123: Total time for which application threads were stopped: 0.0005200 seconds, Stopping threads took: 0.0000580 seconds
67.153: Application time: 0.0294670 seconds
67.153: [GC [PSYoungGen: 7646K->960K(7680K)] 11081K->4523K(25088K), 0.0004760 secs] [Times: user=0.00 sys=0.00, real=0.00 secs] 
67.153: Total time for which application threads were stopped: 0.0005810 seconds, Stopping threads took: 0.0000510 seconds
67.183: Application time: 0.0295970 seconds
67.183: [GC [PSYoungGen: 7614K->800K(7680K)] 11177K->4363K(25088K), 0.0003790 secs] [Times: user=0.00 sys=0.00, real=0.00 secs] 
67.184: Total time for which application threads were stopped: 0.0004820 seconds, Stopping threads took: 0.0000510 seconds
67.213: Application time: 0.0296490 seconds
67.213: [GC [PSYoungGen: 7454K->800K(7680K)] 11017K->4363K(25088K), 0.0003660 secs] [Times: user=0.00 sys=0.00, real=0.00 secs] 
67.214: Total time for which application threads were stopped: 0.0004620 seconds, Stopping threads took: 0.0000470 seconds
67.242: Application time: 0.0279250 seconds
67.242: [GC [PSYoungGen: 7453K->864K(7680K)] 11016K->4427K(25088K), 0.0003820 secs] [Times: user=0.01 sys=0.00, real=0.00 secs] 
67.242: Total time for which application threads were stopped: 0.0004710 seconds, Stopping threads took: 0.0000410 seconds
67.270: Application time: 0.0278570 seconds
67.270: [GC [PSYoungGen: 7518K->896K(7680K)] 11081K->4459K(25088K), 0.0004060 secs] [Times: user=0.00 sys=0.00, real=0.00 secs] 
67.270: Total time for which application threads were stopped: 0.0005080 seconds, Stopping threads took: 0.0000500 seconds
67.300: Application time: 0.0296530 seconds
67.300: [GC [PSYoungGen: 7550K->832K(7680K)] 11113K->4395K(25088K), 0.0004360 secs] [Times: user=0.00 sys=0.00, real=0.00 secs] 
67.301: Total time for which application threads were stopped: 0.0005500 seconds, Stopping threads took: 0.0000640 seconds
67.330: Application time: 0.0297790 seconds
67.330: [GC [PSYoungGen: 7486K->800K(7680K)] 11049K->4363K(25088K), 0.0004260 secs] [Times: user=0.00 sys=0.00, real=0.00 secs] 
67.331: Total time for which application threads were stopped: 0.0005300 seconds, Stopping threads took: 0.0000560 seconds
67.361: Application time: 0.0297820 seconds
67.361: [GC [PSYoungGen: 7454K->640K(7680K)] 11017K->4419K(25088K), 0.0003920 secs] [Times: user=0.00 sys=0.00, real=0.00 secs] 
67.361: Total time for which application threads were stopped: 0.0005000 seconds, Stopping threads took: 0.0000550 seconds
67.392: Application time: 0.0310550 seconds
67.394: [GC [PSYoungGen: 7294K->640K(7680K)] 11073K->4419K(25088K), 0.0003920 secs] [Times: user=0.00 sys=0.00, real=0.00 secs] 
67.394: Total time for which application threads were stopped: 0.0017450 seconds, Stopping threads took: 0.0012910 seconds
67.424: Application time: 0.0298520 seconds
67.424: [GC [PSYoungGen: 7294K->608K(7680K)] 11073K->4387K(25088K), 0.0003770 secs] [Times: user=0.00 sys=0.00, real=0.00 secs] 
67.424: Total time for which application threads were stopped: 0.0004960 seconds, Stopping threads took: 0.0000700 seconds
67.454: Application time: 0.0297990 seconds
67.454: [GC [PSYoungGen: 7262K->640K(7680K)] 11041K->4419K(25088K), 0.0003590 secs] [Times: user=0.00 sys=0.00, real=0.00 secs] 
67.455: Total time for which application threads were stopped: 0.0004670 seconds, Stopping threads took: 0.0000550 seconds
67.484: Application time: 0.0297340 seconds
67.484: [GC [PSYoungGen: 7294K->640K(7680K)] 11073K->4419K(25088K), 0.0003970 secs] [Times: user=0.00 sys=0.00, real=0.00 secs] 
67.485: Total time for which application threads were stopped: 0.0004960 seconds, Stopping threads took: 0.0000510 seconds
67.515: Application time: 0.0298500 seconds
67.515: [GC [PSYoungGen: 7294K->448K(7680K)] 11073K->4383K(25088K), 0.0003960 secs] [Times: user=0.00 sys=0.00, real=0.00 secs] 
67.515: Total time for which application threads were stopped: 0.0005130 seconds, Stopping threads took: 0.0000630 seconds
67.545: Application time: 0.0299370 seconds
67.545: [GC [PSYoungGen: 7102K->512K(7680K)] 11037K->4447K(25088K), 0.0003480 secs] [Times: user=0.00 sys=0.00, real=0.00 secs] 
67.546: Total time for which application threads were stopped: 0.0004530 seconds, Stopping threads took: 0.0000530 seconds
67.576: Application time: 0.0301900 seconds
67.576: [GC [PSYoungGen: 7166K->480K(7680K)] 11102K->4415K(25088K), 0.0003570 secs] [Times: user=0.00 sys=0.00, real=0.00 secs] 
67.576: Total time for which application threads were stopped: 0.0004630 seconds, Stopping threads took: 0.0000570 seconds
67.606: Application time: 0.0298850 seconds
67.606: [GC [PSYoungGen: 7132K->512K(7680K)] 11067K->4447K(25088K), 0.0003530 secs] [Times: user=0.00 sys=0.00, real=0.00 secs] 
67.607: Total time for which application threads were stopped: 0.0004560 seconds, Stopping threads took: 0.0000440 seconds
67.636: Application time: 0.0297420 seconds
67.636: [GC [PSYoungGen: 7166K->512K(7680K)] 11102K->4447K(25088K), 0.0003590 secs] [Times: user=0.00 sys=0.00, real=0.00 secs] 
67.637: Total time for which application threads were stopped: 0.0004630 seconds, Stopping threads took: 0.0000540 seconds
67.667: Application time: 0.0296830 seconds
67.667: [GC [PSYoungGen: 7166K->544K(7680K)] 11102K->4479K(25088K), 0.0003550 secs] [Times: user=0.00 sys=0.00, real=0.00 secs] 
67.667: Total time for which application threads were stopped: 0.0004670 seconds, Stopping threads took: 0.0000640 seconds
67.697: Application time: 0.0296360 seconds
67.699: [GC [PSYoungGen: 7198K->352K(7680K)] 11134K->4508K(25088K), 0.0003670 secs] [Times: user=0.00 sys=0.00, real=0.00 secs] 
67.700: Total time for which application threads were stopped: 0.0028990 seconds, Stopping threads took: 0.0024820 seconds
67.729: Application time: 0.0295330 seconds
67.731: [GC [PSYoungGen: 7006K->0K(7680K)] 11163K->4388K(25088K), 0.0003590 secs] [Times: user=0.00 sys=0.00, real=0.00 secs] 
67.732: Total time for which application threads were stopped: 0.0024780 seconds, Stopping threads took: 0.0020700 seconds
67.761: Application time: 0.0297990 seconds
67.761: [GC [PSYoungGen: 6654K->0K(7680K)] 11043K->4388K(25088K), 0.0003100 secs] [Times: user=0.00 sys=0.00, real=0.00 secs] 
67.762: Total time for which application threads were stopped: 0.0004130 seconds, Stopping threads took: 0.0000450 seconds
67.783: Application time: 0.0213410 seconds
67.783: [GC [PSYoungGen: 6654K->384K(7680K)] 11042K->4772K(25088K), 0.0003320 secs] [Times: user=0.00 sys=0.00, real=0.00 secs] 
67.784: Total time for which application threads were stopped: 0.0004260 seconds, Stopping threads took: 0.0000460 seconds
67.805: Application time: 0.0212560 seconds
67.805: [GC [PSYoungGen: 7037K->352K(7680K)] 11425K->4740K(25088K), 0.0003080 secs] [Times: user=0.00 sys=0.00, real=0.00 secs] 
67.805: Total time for which application threads were stopped: 0.0004100 seconds, Stopping threads took: 0.0000440 seconds
67.829: Application time: 0.0240740 seconds
67.829: [GC [PSYoungGen: 7003K->512K(7680K)] 11391K->4900K(25088K), 0.0003990 secs] [Times: user=0.00 sys=0.00, real=0.00 secs] 
67.830: Total time for which application threads were stopped: 0.0005070 seconds, Stopping threads took: 0.0000600 seconds
67.850: Application time: 0.0205640 seconds
67.850: [GC [PSYoungGen: 7164K->544K(7680K)] 11553K->4932K(25088K), 0.0003550 secs] [Times: user=0.00 sys=0.00, real=0.00 secs] 
67.851: Total time for which application threads were stopped: 0.0004600 seconds, Stopping threads took: 0.0000540 seconds
67.872: Application time: 0.0213180 seconds
67.872: [GC [PSYoungGen: 7197K->512K(7680K)] 11585K->4900K(25088K), 0.0003210 secs] [Times: user=0.01 sys=0.00, real=0.00 secs] 
67.873: Total time for which application threads were stopped: 0.0004050 seconds, Stopping threads took: 0.0000380 seconds
67.899: Application time: 0.0269080 seconds
67.900: [GC [PSYoungGen: 7163K->576K(7680K)] 11552K->4964K(25088K), 0.0003620 secs] [Times: user=0.00 sys=0.00, real=0.00 secs] 
67.900: Total time for which application threads were stopped: 0.0004580 seconds, Stopping threads took: 0.0000450 seconds
67.930: Application time: 0.0301720 seconds
67.931: [GC [PSYoungGen: 7228K->512K(7680K)] 11616K->4900K(25088K), 0.0004610 secs] [Times: user=0.00 sys=0.00, real=0.00 secs] 
67.932: Total time for which application threads were stopped: 0.0015460 seconds, Stopping threads took: 0.0010310 seconds
67.960: Application time: 0.0282970 seconds
67.960: [GC [PSYoungGen: 7164K->544K(7680K)] 11552K->4932K(25088K), 0.0003570 secs] [Times: user=0.00 sys=0.00, real=0.00 secs] 
67.960: Total time for which application threads were stopped: 0.0004590 seconds, Stopping threads took: 0.0000510 seconds
67.990: Application time: 0.0295870 seconds
67.990: [GC [PSYoungGen: 7198K->512K(7680K)] 11587K->4900K(25088K), 0.0003520 secs] [Times: user=0.00 sys=0.00, real=0.00 secs] 
67.990: Total time for which application threads were stopped: 0.0004590 seconds, Stopping threads took: 0.0000570 seconds
68.020: Application time: 0.0294860 seconds
68.020: [GC [PSYoungGen: 7166K->512K(7680K)] 11555K->4900K(25088K), 0.0003650 secs] [Times: user=0.00 sys=0.00, real=0.00 secs] 
68.020: Total time for which application threads were stopped: 0.0004650 seconds, Stopping threads took: 0.0000500 seconds
68.050: Application time: 0.0294350 seconds
68.050: [GC [PSYoungGen: 7166K->448K(7680K)] 11555K->4836K(25088K), 0.0003720 secs] [Times: user=0.00 sys=0.00, real=0.00 secs] 
68.050: Total time for which application threads were stopped: 0.0004600 seconds, Stopping threads took: 0.0000390 seconds
68.080: Application time: 0.0293480 seconds
68.080: [GC [PSYoungGen: 7102K->480K(7680K)] 11491K->4868K(25088K), 0.0003680 secs] [Times: user=0.00 sys=0.00, real=0.00 secs] 
68.080: Total time for which application threads were stopped: 0.0004670 seconds, Stopping threads took: 0.0000530 seconds
68.110: Application time: 0.0295450 seconds
68.110: [GC [PSYoungGen: 7134K->512K(7680K)] 11523K->4900K(25088K), 0.0003500 secs] [Times: user=0.00 sys=0.00, real=0.00 secs] 
68.110: Total time for which application threads were stopped: 0.0004540 seconds, Stopping threads took: 0.0000450 seconds
68.140: Application time: 0.0294050 seconds
68.140: [GC [PSYoungGen: 7166K->448K(7680K)] 11555K->4836K(25088K), 0.0003970 secs] [Times: user=0.00 sys=0.00, real=0.00 secs] 
68.140: Total time for which application threads were stopped: 0.0004810 seconds, Stopping threads took: 0.0000350 seconds
68.160: Application time: 0.0204980 seconds
68.161: [GC [PSYoungGen: 7102K->704K(7680K)] 11491K->5092K(25088K), 0.0003650 secs] [Times: user=0.01 sys=0.00, real=0.00 secs] 
68.161: Total time for which application threads were stopped: 0.0004630 seconds, Stopping threads took: 0.0000450 seconds
68.182: Application time: 0.0211790 seconds
68.183: [GC [PSYoungGen: 7359K->672K(7680K)] 11748K->5060K(25088K), 0.0003620 secs] [Times: user=0.00 sys=0.00, real=0.00 secs] 
68.184: Total time for which application threads were stopped: 0.0013880 seconds, Stopping threads took: 0.0009710 seconds
68.206: Application time: 0.0219850 seconds
68.206: [GC [PSYoungGen: 7324K->960K(7680K)] 11712K->5348K(25088K), 0.0004090 secs] [Times: user=0.00 sys=0.00, real=0.00 secs] 
68.206: Total time for which application threads were stopped: 0.0005160 seconds, Stopping threads took: 0.0000540 seconds
68.226: Application time: 0.0196330 seconds
68.226: [GC [PSYoungGen: 7613K->976K(7680K)] 12001K->5364K(25088K), 0.0004360 secs] [Times: user=0.00 sys=0.00, real=0.00 secs] 
68.226: Total time for which application threads were stopped: 0.0005250 seconds, Stopping threads took: 0.0000390 seconds
68.247: Application time: 0.0212920 seconds
68.248: [GC [PSYoungGen: 7629K->928K(7680K)] 12017K->5316K(25088K), 0.0004610 secs] [Times: user=0.00 sys=0.00, real=0.00 secs] 
68.248: Total time for which application threads were stopped: 0.0005650 seconds, Stopping threads took: 0.0000530 seconds
68.274: Application time: 0.0263190 seconds
68.274: [GC [PSYoungGen: 7580K->1008K(7680K)] 11969K->5396K(25088K), 0.0004680 secs] [Times: user=0.00 sys=0.00, real=0.00 secs] 
68.275: Total time for which application threads were stopped: 0.0005640 seconds, Stopping threads took: 0.0000480 seconds
68.303: Application time: 0.0283400 seconds
68.303: [GC [PSYoungGen: 7660K->1008K(7680K)] 12048K->5412K(25088K), 0.0004430 secs] [Times: user=0.01 sys=0.00, real=0.00 secs] 
68.304: Total time for which application threads were stopped: 0.0005460 seconds, Stopping threads took: 0.0000510 seconds
68.332: Application time: 0.0284690 seconds
68.332: [GC [PSYoungGen: 7659K->1008K(7680K)] 12064K->5412K(25088K), 0.0004180 secs] [Times: user=0.00 sys=0.00, real=0.00 secs] 
68.333: Total time for which application threads were stopped: 0.0005290 seconds, Stopping threads took: 0.0000580 seconds
68.354: Application time: 0.0214730 seconds
68.354: [GC [PSYoungGen: 7660K->1008K(7680K)] 12064K->5580K(25088K), 0.0005370 secs] [Times: user=0.01 sys=0.00, real=0.00 secs] 
68.355: Total time for which application threads were stopped: 0.0006370 seconds, Stopping threads took: 0.0000500 seconds
68.375: Application time: 0.0196080 seconds
68.375: [GC [PSYoungGen: 7663K->1008K(7680K)] 12235K->5816K(25088K), 0.0004860 secs] [Times: user=0.01 sys=0.00, real=0.00 secs] 
68.375: Total time for which application threads were stopped: 0.0005940 seconds, Stopping threads took: 0.0000540 seconds
68.395: Application time: 0.0197040 seconds
68.395: [GC [PSYoungGen: 7661K->1008K(7680K)] 12469K->6208K(25088K), 0.0005440 secs] [Times: user=0.00 sys=0.00, real=0.00 secs] 
68.395: Total time for which application threads were stopped: 0.0006510 seconds, Stopping threads took: 0.0000490 seconds
68.417: Application time: 0.0210200 seconds
68.417: [GC [PSYoungGen: 7664K->992K(7680K)] 12864K->6241K(25088K), 0.0004580 secs] [Times: user=0.00 sys=0.00, real=0.00 secs] 
68.417: Total time for which application threads were stopped: 0.0005550 seconds, Stopping threads took: 0.0000440 seconds
68.442: Application time: 0.0244710 seconds
68.442: [GC [PSYoungGen: 7646K->1008K(7680K)] 12895K->6281K(25088K), 0.0004550 secs] [Times: user=0.01 sys=0.00, real=0.00 secs] 
68.442: Total time for which application threads were stopped: 0.0005520 seconds, Stopping threads took: 0.0000450 seconds
68.470: Application time: 0.0277960 seconds
68.470: [GC [PSYoungGen: 7661K->928K(7680K)] 12934K->6457K(25088K), 0.0004710 secs] [Times: user=0.00 sys=0.00, real=0.00 secs] 
68.470: Total time for which application threads were stopped: 0.0005720 seconds, Stopping threads took: 0.0000490 seconds
68.499: Application time: 0.0280780 seconds
68.499: [GC [PSYoungGen: 7581K->944K(7680K)] 13110K->6473K(25088K), 0.0004400 secs] [Times: user=0.00 sys=0.00, real=0.01 secs] 
68.499: Total time for which application threads were stopped: 0.0005490 seconds, Stopping threads took: 0.0000560 seconds
68.528: Application time: 0.0290000 seconds
68.528: [GC [PSYoungGen: 7598K->928K(7680K)] 13127K->6457K(25088K), 0.0004250 secs] [Times: user=0.00 sys=0.00, real=0.00 secs] 
68.529: Total time for which application threads were stopped: 0.0005310 seconds, Stopping threads took: 0.0000540 seconds
68.553: Application time: 0.0242390 seconds
68.553: [GC [PSYoungGen: 7582K->992K(7680K)] 13111K->6657K(25088K), 0.0004410 secs] [Times: user=0.00 sys=0.00, real=0.00 secs] 
68.553: Total time for which application threads were stopped: 0.0005420 seconds, Stopping threads took: 0.0000500 seconds
68.571: Application time: 0.0172350 seconds
68.571: [GC [PSYoungGen: 7644K->1008K(7680K)] 13309K->7021K(25088K), 0.0005100 secs] [Times: user=0.00 sys=0.01, real=0.01 secs] 
68.571: Total time for which application threads were stopped: 0.0006150 seconds, Stopping threads took: 0.0000530 seconds
68.587: Application time: 0.0157630 seconds
68.587: [GC [PSYoungGen: 7659K->1008K(7680K)] 13673K->7105K(25088K), 0.0004770 secs] [Times: user=0.00 sys=0.00, real=0.00 secs] 
68.588: Total time for which application threads were stopped: 0.0005780 seconds, Stopping threads took: 0.0000520 seconds
68.608: Application time: 0.0198970 seconds
68.608: [GC [PSYoungGen: 7663K->1008K(7680K)] 13760K->7145K(25088K), 0.0004600 secs] [Times: user=0.00 sys=0.00, real=0.00 secs] 
68.608: Total time for which application threads were stopped: 0.0005640 seconds, Stopping threads took: 0.0000550 seconds
68.634: Application time: 0.0263360 seconds
68.634: [GC [PSYoungGen: 7662K->992K(7680K)] 13800K->7377K(25088K), 0.0004810 secs] [Times: user=0.00 sys=0.00, real=0.00 secs] 
68.635: Total time for which application threads were stopped: 0.0005840 seconds, Stopping threads took: 0.0000420 seconds
68.663: Application time: 0.0277100 seconds
68.663: [GC [PSYoungGen: 7647K->1008K(7680K)] 14033K->7433K(25088K), 0.0004260 secs] [Times: user=0.01 sys=0.00, real=0.00 secs] 
68.663: Total time for which application threads were stopped: 0.0005330 seconds, Stopping threads took: 0.0000540 seconds
68.691: Application time: 0.0274190 seconds
68.691: [GC [PSYoungGen: 7662K->944K(7680K)] 14087K->7526K(25088K), 0.0004820 secs] [Times: user=0.00 sys=0.00, real=0.01 secs] 
68.691: Total time for which application threads were stopped: 0.0006030 seconds, Stopping threads took: 0.0000660 seconds
68.721: Application time: 0.0294200 seconds
68.721: [GC [PSYoungGen: 7596K->848K(7680K)] 14178K->7446K(25088K), 0.0003820 secs] [Times: user=0.00 sys=0.00, real=0.00 secs] 
68.721: Total time for which application threads were stopped: 0.0004760 seconds, Stopping threads took: 0.0000460 seconds
68.751: Application time: 0.0294910 seconds
68.751: [GC [PSYoungGen: 7502K->864K(7680K)] 14101K->7494K(25088K), 0.0004840 secs] [Times: user=0.00 sys=0.00, real=0.01 secs] 
68.751: Total time for which application threads were stopped: 0.0006070 seconds, Stopping threads took: 0.0000650 seconds
68.780: Application time: 0.0292040 seconds
68.781: [GC [PSYoungGen: 7518K->896K(7680K)] 14149K->7542K(25088K), 0.0003910 secs] [Times: user=0.00 sys=0.00, real=0.00 secs] 
68.781: Total time for which application threads were stopped: 0.0004930 seconds, Stopping threads took: 0.0000490 seconds
68.808: Application time: 0.0274910 seconds
68.809: [GC [PSYoungGen: 7549K->928K(7680K)] 14196K->7574K(25088K), 0.0004690 secs] [Times: user=0.00 sys=0.00, real=0.00 secs] 
68.809: Total time for which application threads were stopped: 0.0005630 seconds, Stopping threads took: 0.0000420 seconds
68.837: Application time: 0.0275280 seconds
68.837: [GC [PSYoungGen: 7582K->960K(7680K)] 14228K->7750K(25088K), 0.0004150 secs] [Times: user=0.01 sys=0.00, real=0.00 secs] 
68.837: Total time for which application threads were stopped: 0.0005090 seconds, Stopping threads took: 0.0000430 seconds
68.867: Application time: 0.0298920 seconds
68.867: [GC [PSYoungGen: 7614K->896K(7680K)] 14405K->7686K(25088K), 0.0003860 secs] [Times: user=0.00 sys=0.00, real=0.00 secs] 
68.867: Total time for which application threads were stopped: 0.0004850 seconds, Stopping threads took: 0.0000510 seconds
68.897: Application time: 0.0297150 seconds
68.898: [GC [PSYoungGen: 7550K->864K(7680K)] 14341K->7670K(25088K), 0.0005720 secs] [Times: user=0.00 sys=0.00, real=0.00 secs] 
68.899: Total time for which application threads were stopped: 0.0017120 seconds, Stopping threads took: 0.0010920 seconds
68.929: Application time: 0.0304810 seconds
68.929: [GC [PSYoungGen: 7515K->896K(7680K)] 14322K->7702K(25088K), 0.0004520 secs] [Times: user=0.00 sys=0.00, real=0.00 secs] 
68.930: Total time for which application threads were stopped: 0.0005680 seconds, Stopping threads took: 0.0000640 seconds
68.960: Application time: 0.0295830 seconds
68.960: [GC [PSYoungGen: 7550K->912K(7680K)] 14357K->7718K(25088K), 0.0003780 secs] [Times: user=0.00 sys=0.00, real=0.00 secs] 
68.960: Total time for which application threads were stopped: 0.0004810 seconds, Stopping threads took: 0.0000510 seconds
68.988: Application time: 0.0280630 seconds
68.988: [GC [PSYoungGen: 7566K->992K(7680K)] 14372K->7830K(25088K), 0.0004280 secs] [Times: user=0.00 sys=0.00, real=0.00 secs] 
68.989: Total time for which application threads were stopped: 0.0005260 seconds, Stopping threads took: 0.0000470 seconds
69.017: Application time: 0.0282050 seconds
69.017: [GC [PSYoungGen: 7648K->992K(7680K)] 14486K->7915K(25088K), 0.0004360 secs] [Times: user=0.00 sys=0.00, real=0.00 secs] 
69.017: Total time for which application threads were stopped: 0.0005410 seconds, Stopping threads took: 0.0000520 seconds
69.047: Application time: 0.0296880 seconds
69.047: [GC [PSYoungGen: 7646K->960K(7680K)] 14569K->7883K(25088K), 0.0004580 secs] [Times: user=0.00 sys=0.00, real=0.00 secs] 
69.048: Total time for which application threads were stopped: 0.0005530 seconds, Stopping threads took: 0.0000440 seconds
69.077: Application time: 0.0298000 seconds
69.077: [GC [PSYoungGen: 7614K->992K(7680K)] 14537K->7963K(25088K), 0.0004550 secs] [Times: user=0.00 sys=0.00, real=0.00 secs] 
69.078: Total time for which application threads were stopped: 0.0005510 seconds, Stopping threads took: 0.0000420 seconds
69.108: Application time: 0.0300000 seconds
69.108: [GC [PSYoungGen: 7646K->704K(7680K)] 14617K->7883K(25088K), 0.0004020 secs] [Times: user=0.00 sys=0.00, real=0.00 secs] 
69.108: Total time for which application threads were stopped: 0.0005140 seconds, Stopping threads took: 0.0000560 seconds
69.138: Application time: 0.0297340 seconds
69.138: [GC [PSYoungGen: 7358K->800K(7680K)] 14537K->7979K(25088K), 0.0003690 secs] [Times: user=0.00 sys=0.00, real=0.00 secs] 
69.139: Total time for which application threads were stopped: 0.0004800 seconds, Stopping threads took: 0.0000500 seconds
69.169: Application time: 0.0301220 seconds
69.169: [GC [PSYoungGen: 7454K->736K(7680K)] 14633K->7915K(25088K), 0.0003620 secs] [Times: user=0.00 sys=0.00, real=0.00 secs] 
69.169: Total time for which application threads were stopped: 0.0004650 seconds, Stopping threads took: 0.0000540 seconds
69.199: Application time: 0.0301110 seconds
69.199: [GC [PSYoungGen: 7390K->768K(7680K)] 14569K->7947K(25088K), 0.0003550 secs] [Times: user=0.00 sys=0.00, real=0.00 secs] 
69.200: Total time for which application threads were stopped: 0.0004510 seconds, Stopping threads took: 0.0000490 seconds
69.230: Application time: 0.0297410 seconds
69.231: [GC [PSYoungGen: 7422K->736K(7680K)] 14601K->7915K(25088K), 0.0003950 secs] [Times: user=0.00 sys=0.00, real=0.00 secs] 
69.232: Total time for which application threads were stopped: 0.0019840 seconds, Stopping threads took: 0.0015410 seconds
69.262: Application time: 0.0303480 seconds
69.263: [GC [PSYoungGen: 7390K->736K(7680K)] 14569K->8003K(25088K), 0.0003690 secs] [Times: user=0.00 sys=0.00, real=0.00 secs] 
69.264: Total time for which application threads were stopped: 0.0016400 seconds, Stopping threads took: 0.0012240 seconds
69.294: Application time: 0.0309160 seconds
69.295: [GC [PSYoungGen: 7387K->544K(7680K)] 14654K->8023K(25088K), 0.0003540 secs] [Times: user=0.00 sys=0.00, real=0.00 secs] 
69.295: Total time for which application threads were stopped: 0.0004460 seconds, Stopping threads took: 0.0000410 seconds
69.325: Application time: 0.0296610 seconds
69.325: [GC [PSYoungGen: 7198K->544K(7680K)] 14678K->8023K(25088K), 0.0003590 secs] [Times: user=0.01 sys=0.00, real=0.00 secs] 
69.325: Total time for which application threads were stopped: 0.0004600 seconds, Stopping threads took: 0.0000530 seconds
69.355: Application time: 0.0297310 seconds
69.355: [GC [PSYoungGen: 7198K->544K(7680K)] 14678K->8023K(25088K), 0.0003450 secs] [Times: user=0.00 sys=0.00, real=0.00 secs] 
69.355: Total time for which application threads were stopped: 0.0004290 seconds, Stopping threads took: 0.0000330 seconds
69.385: Application time: 0.0296640 seconds
69.385: [GC [PSYoungGen: 7198K->512K(7680K)] 14678K->7991K(25088K), 0.0003290 secs] [Times: user=0.00 sys=0.00, real=0.00 secs] 
69.385: Total time for which application threads were stopped: 0.0004260 seconds, Stopping threads took: 0.0000490 seconds
69.415: Application time: 0.0298510 seconds
69.415: [GC [PSYoungGen: 7166K->640K(7680K)] 14646K->8119K(25088K), 0.0003780 secs] [Times: user=0.00 sys=0.00, real=0.00 secs] 
69.416: Total time for which application threads were stopped: 0.0004870 seconds, Stopping threads took: 0.0000580 seconds
69.446: Application time: 0.0307750 seconds
69.446: [GC [PSYoungGen: 7294K->512K(7680K)] 14774K->7999K(25088K), 0.0005180 secs] [Times: user=0.00 sys=0.01, real=0.00 secs] 
69.447: Total time for which application threads were stopped: 0.0006310 seconds, Stopping threads took: 0.0000590 seconds
69.477: Application time: 0.0297190 seconds
69.477: [GC [PSYoungGen: 7166K->0K(7680K)] 14654K->7900K(25088K), 0.0004200 secs] [Times: user=0.00 sys=0.00, real=0.00 secs] 
69.477: Total time for which application threads were stopped: 0.0005250 seconds, Stopping threads took: 0.0000550 seconds
69.507: Application time: 0.0295860 seconds
69.507: [GC [PSYoungGen: 6654K->0K(7680K)] 14554K->7900K(25088K), 0.0002930 secs] [Times: user=0.00 sys=0.00, real=0.00 secs] 
69.507: Total time for which application threads were stopped: 0.0003940 seconds, Stopping threads took: 0.0000540 seconds
69.530: Application time: 0.0229710 seconds
69.530: [GC [PSYoungGen: 6654K->384K(7680K)] 14554K->8284K(25088K), 0.0003050 secs] [Times: user=0.00 sys=0.00, real=0.00 secs] 
69.531: Total time for which application threads were stopped: 0.0004100 seconds, Stopping threads took: 0.0000570 seconds
69.552: Application time: 0.0212600 seconds
69.552: [GC [PSYoungGen: 7037K->352K(7680K)] 14937K->8252K(25088K), 0.0003320 secs] [Times: user=0.00 sys=0.00, real=0.00 secs] 
69.552: Total time for which application threads were stopped: 0.0004220 seconds, Stopping threads took: 0.0000420 seconds
69.577: Application time: 0.0246020 seconds
69.577: [GC [PSYoungGen: 7003K->352K(7680K)] 14903K->8252K(25088K), 0.0003610 secs] [Times: user=0.00 sys=0.00, real=0.00 secs] 
69.577: Total time for which application threads were stopped: 0.0004600 seconds, Stopping threads took: 0.0000490 seconds
69.599: Application time: 0.0217170 seconds
69.599: [GC [PSYoungGen: 7004K->576K(7680K)] 14904K->8476K(25088K), 0.0003660 secs] [Times: user=0.00 sys=0.00, real=0.00 secs] 
69.600: Total time for which application threads were stopped: 0.0004550 seconds, Stopping threads took: 0.0000410 seconds
69.620: Application time: 0.0207580 seconds
69.620: [GC [PSYoungGen: 7228K->576K(7680K)] 15128K->8476K(25088K), 0.0003660 secs] [Times: user=0.00 sys=0.00, real=0.00 secs] 
69.621: Total time for which application threads were stopped: 0.0004640 seconds, Stopping threads took: 0.0000520 seconds
69.646: Application time: 0.0248140 seconds
69.646: [GC [PSYoungGen: 7229K->576K(7680K)] 15130K->8476K(25088K), 0.0003430 secs] [Times: user=0.00 sys=0.00, real=0.00 secs] 
69.646: Total time for which application threads were stopped: 0.0004450 seconds, Stopping threads took: 0.0000430 seconds
69.675: Application time: 0.0290350 seconds
69.675: [GC [PSYoungGen: 7228K->448K(7680K)] 15128K->8348K(25088K), 0.0004130 secs] [Times: user=0.01 sys=0.00, real=0.00 secs] 
69.676: Total time for which application threads were stopped: 0.0005220 seconds, Stopping threads took: 0.0000520 seconds
69.704: Application time: 0.0285090 seconds
69.704: [GC [PSYoungGen: 7100K->544K(7680K)] 15000K->8444K(25088K), 0.0003580 secs] [Times: user=0.00 sys=0.00, real=0.00 secs] 
69.705: Total time for which application threads were stopped: 0.0004590 seconds, Stopping threads took: 0.0000510 seconds
69.734: Application time: 0.0294090 seconds
69.734: [GC [PSYoungGen: 7198K->448K(7680K)] 15098K->8348K(25088K), 0.0003650 secs] [Times: user=0.00 sys=0.00, real=0.00 secs] 
69.734: Total time for which application threads were stopped: 0.0004590 seconds, Stopping threads took: 0.0000460 seconds
69.764: Application time: 0.0296670 seconds
69.767: [GC [PSYoungGen: 7102K->480K(7680K)] 15002K->8380K(25088K), 0.0003920 secs] [Times: user=0.00 sys=0.00, real=0.00 secs] 
69.768: Total time for which application threads were stopped: 0.0034170 seconds, Stopping threads took: 0.0029720 seconds
69.797: Application time: 0.0295200 seconds
69.797: [GC [PSYoungGen: 7134K->544K(7680K)] 15034K->8444K(25088K), 0.0003410 secs] [Times: user=0.00 sys=0.00, real=0.00 secs] 
69.798: Total time for which application threads were stopped: 0.0004460 seconds, Stopping threads took: 0.0000570 seconds
69.827: Application time: 0.0293770 seconds
69.827: [GC [PSYoungGen: 7198K->544K(7680K)] 15098K->8444K(25088K), 0.0003410 secs] [Times: user=0.00 sys=0.00, real=0.00 secs] 
69.827: Total time for which application threads were stopped: 0.0004440 seconds, Stopping threads took: 0.0000540 seconds
69.857: Application time: 0.0294270 seconds
69.857: [GC [PSYoungGen: 7196K->480K(7680K)] 15096K->8380K(25088K), 0.0003340 secs] [Times: user=0.00 sys=0.00, real=0.00 secs] 
69.857: Total time for which application threads were stopped: 0.0004310 seconds, Stopping threads took: 0.0000500 seconds
69.882: Application time: 0.0245870 seconds
69.882: [GC [PSYoungGen: 7134K->672K(7680K)] 15034K->8572K(25088K), 0.0003910 secs] [Times: user=0.00 sys=0.00, real=0.00 secs] 
69.882: Total time for which application threads were stopped: 0.0004810 seconds, Stopping threads took: 0.0000420 seconds
69.903: Application time: 0.0205680 seconds
69.903: [GC [PSYoungGen: 7324K->768K(7680K)] 15224K->8668K(25088K), 0.0003920 secs] [Times: user=0.00 sys=0.00, real=0.00 secs] 
69.903: Total time for which application threads were stopped: 0.0004860 seconds, Stopping threads took: 0.0000440 seconds
69.927: Application time: 0.0232830 seconds
69.927: [GC [PSYoungGen: 7422K->768K(7680K)] 15322K->8668K(25088K), 0.0003630 secs] [Times: user=0.00 sys=0.00, real=0.00 secs] 
69.927: Total time for which application threads were stopped: 0.0004580 seconds, Stopping threads took: 0.0000420 seconds
69.954: Application time: 0.0265890 seconds
69.954: [GC [PSYoungGen: 7422K->960K(7680K)] 15323K->8860K(25088K), 0.0003990 secs] [Times: user=0.00 sys=0.00, real=0.00 secs] 
69.954: Total time for which application threads were stopped: 0.0004950 seconds, Stopping threads took: 0.0000440 seconds
69.974: Application time: 0.0197480 seconds
69.974: [GC [PSYoungGen: 7613K->976K(7680K)] 15513K->8876K(25088K), 0.0004320 secs] [Times: user=0.00 sys=0.00, real=0.00 secs] 
69.974: Total time for which application threads were stopped: 0.0005310 seconds, Stopping threads took: 0.0000490 seconds
69.995: Application time: 0.0202640 seconds
69.995: [GC [PSYoungGen: 7630K->992K(7680K)] 15531K->8892K(25088K), 0.0004260 secs] [Times: user=0.01 sys=0.00, real=0.00 secs] 
69.995: Total time for which application threads were stopped: 0.0005260 seconds, Stopping threads took: 0.0000510 seconds
70.021: Application time: 0.0259370 seconds
70.021: [GC [PSYoungGen: 7644K->992K(7680K)] 15544K->8916K(25088K), 0.0004340 secs] [Times: user=0.00 sys=0.00, real=0.00 secs] 
70.022: Total time for which application threads were stopped: 0.0005330 seconds, Stopping threads took: 0.0000500 seconds
70.050: Application time: 0.0283900 seconds
70.050: [GC [PSYoungGen: 7646K->992K(7680K)] 15570K->8916K(25088K), 0.0004400 secs] [Times: user=0.00 sys=0.00, real=0.00 secs] 
70.051: Total time for which application threads were stopped: 0.0005430 seconds, Stopping threads took: 0.0000460 seconds
70.079: Application time: 0.0285480 seconds
70.079: [GC [PSYoungGen: 7646K->992K(7680K)] 15570K->8924K(25088K), 0.0004420 secs] [Times: user=0.00 sys=0.00, real=0.00 secs] 
70.080: Total time for which application threads were stopped: 0.0005500 seconds, Stopping threads took: 0.0000570 seconds
70.109: Application time: 0.0297620 seconds
70.110: [GC [PSYoungGen: 7646K->960K(7680K)] 15578K->8892K(25088K), 0.0004930 secs] [Times: user=0.00 sys=0.00, real=0.00 secs] 
70.110: Total time for which application threads were stopped: 0.0006050 seconds, Stopping threads took: 0.0000620 seconds
70.132: Application time: 0.0223790 seconds
70.133: [GC [PSYoungGen: 7612K->992K(7680K)] 15544K->9188K(25088K), 0.0004750 secs] [Times: user=0.00 sys=0.00, real=0.00 secs] 
70.133: Total time for which application threads were stopped: 0.0005700 seconds, Stopping threads took: 0.0000430 seconds
70.150: Application time: 0.0168520 seconds
70.150: [GC [PSYoungGen: 7644K->992K(7680K)] 15840K->9340K(25088K), 0.0005150 secs] [Times: user=0.00 sys=0.00, real=0.00 secs] 
70.151: Total time for which application threads were stopped: 0.0006170 seconds, Stopping threads took: 0.0000420 seconds
70.167: Application time: 0.0164930 seconds
70.167: [GC [PSYoungGen: 7646K->960K(7680K)] 15994K->9564K(25088K), 0.0004750 secs] [Times: user=0.00 sys=0.00, real=0.00 secs] 
70.168: Total time for which application threads were stopped: 0.0005750 seconds, Stopping threads took: 0.0000510 seconds
70.190: Application time: 0.0225820 seconds
70.190: [GC [PSYoungGen: 7612K->928K(7680K)] 16216K->9660K(25088K), 0.0005660 secs] [Times: user=0.00 sys=0.00, real=0.00 secs] 
70.191: Total time for which application threads were stopped: 0.0006700 seconds, Stopping threads took: 0.0000480 seconds
70.220: Application time: 0.0288200 seconds
70.220: [GC [PSYoungGen: 7582K->960K(7680K)] 16314K->9692K(25088K), 0.0004400 secs] [Times: user=0.00 sys=0.00, real=0.00 secs] 
70.220: Total time for which application threads were stopped: 0.0005450 seconds, Stopping threads took: 0.0000530 seconds
70.248: Application time: 0.0279940 seconds
70.248: [GC [PSYoungGen: 7612K->1008K(7680K)] 16344K->9776K(25088K), 0.0004240 secs] [Times: user=0.01 sys=0.00, real=0.00 secs] 
70.249: Total time for which application threads were stopped: 0.0005260 seconds, Stopping threads took: 0.0000540 seconds
70.277: Application time: 0.0280730 seconds
70.277: [GC [PSYoungGen: 7660K->992K(7680K)] 16428K->9812K(25088K), 0.0004750 secs] [Times: user=0.00 sys=0.00, real=0.00 secs] 
70.277: Total time for which application threads were stopped: 0.0005780 seconds, Stopping threads took: 0.0000560 seconds
70.305: Application time: 0.0274430 seconds
70.305: [GC [PSYoungGen: 7646K->1008K(7680K)] 16466K->10024K(25088K), 0.0005320 secs] [Times: user=0.00 sys=0.00, real=0.00 secs] 
70.305: Total time for which application threads were stopped: 0.0006170 seconds, Stopping threads took: 0.0000360 seconds
70.320: Application time: 0.0150080 seconds
70.321: [GC [PSYoungGen: 7663K->992K(7680K)] 16679K->10397K(25088K), 0.0005170 secs] [Times: user=0.00 sys=0.00, real=0.00 secs] 
70.321: Total time for which application threads were stopped: 0.0006200 seconds, Stopping threads took: 0.0000530 seconds
70.337: Application time: 0.0160360 seconds
70.337: [GC [PSYoungGen: 7643K->992K(7680K)] 17049K->10618K(25088K), 0.0004720 secs] [Times: user=0.00 sys=0.00, real=0.00 secs] 
70.338: Total time for which application threads were stopped: 0.0005760 seconds, Stopping threads took: 0.0000510 seconds
70.355: Application time: 0.0170190 seconds
70.355: [GC [PSYoungGen: 7646K->992K(7680K)] 17272K->10970K(25088K), 0.0005800 secs] [Times: user=0.00 sys=0.00, real=0.00 secs] 
70.355: Total time for which application threads were stopped: 0.0006790 seconds, Stopping threads took: 0.0000470 seconds
70.384: Application time: 0.0283280 seconds
70.384: [GC [PSYoungGen: 7646K->992K(7680K)] 17624K->11050K(25088K), 0.0004890 secs] [Times: user=0.00 sys=0.00, real=0.00 secs] 
70.384: Total time for which application threads were stopped: 0.0005850 seconds, Stopping threads took: 0.0000410 seconds
70.412: Application time: 0.0279000 seconds
70.413: [GC [PSYoungGen: 7646K->1008K(7680K)] 17704K->11162K(25088K), 0.0005030 secs] [Times: user=0.00 sys=0.00, real=0.00 secs] 
70.414: Total time for which application threads were stopped: 0.0017590 seconds, Stopping threads took: 0.0011960 seconds
70.441: Application time: 0.0272590 seconds
70.441: [GC [PSYoungGen: 7662K->992K(7680K)] 17816K->11194K(25088K), 0.0004780 secs] [Times: user=0.00 sys=0.00, real=0.00 secs] 
70.442: Total time for which application threads were stopped: 0.0005850 seconds, Stopping threads took: 0.0000540 seconds
70.471: Application time: 0.0290890 seconds
70.471: [GC [PSYoungGen: 7646K->960K(7680K)] 17848K->11290K(25088K), 0.0004570 secs] [Times: user=0.00 sys=0.00, real=0.01 secs] 
70.471: Total time for which application threads were stopped: 0.0005600 seconds, Stopping threads took: 0.0000510 seconds
70.501: Application time: 0.0292510 seconds
70.501: [GC [PSYoungGen: 7614K->928K(7680K)] 17944K->11306K(25088K), 0.0004190 secs] [Times: user=0.01 sys=0.00, real=0.00 secs] 
70.501: Total time for which application threads were stopped: 0.0005120 seconds, Stopping threads took: 0.0000410 seconds
70.530: Application time: 0.0291760 seconds
70.531: [GC [PSYoungGen: 7582K->912K(7680K)] 17960K->11290K(25088K), 0.0004520 secs] [Times: user=0.00 sys=0.00, real=0.00 secs] 
70.531: Total time for which application threads were stopped: 0.0005670 seconds, Stopping threads took: 0.0000610 seconds
70.559: Application time: 0.0276780 seconds
70.559: [GC [PSYoungGen: 7496K->960K(7680K)] 17874K->11338K(25088K), 0.0004970 secs] [Times: user=0.00 sys=0.00, real=0.01 secs] 
70.559: Total time for which application threads were stopped: 0.0006030 seconds, Stopping threads took: 0.0000570 seconds
70.587: Application time: 0.0278270 seconds
70.587: [GC [PSYoungGen: 7615K->992K(7680K)] 17994K->11674K(25088K), 0.0005220 secs] [Times: user=0.01 sys=0.00, real=0.00 secs] 
70.588: Total time for which application threads were stopped: 0.0006260 seconds, Stopping threads took: 0.0000520 seconds
70.617: Application time: 0.0290240 seconds
70.617: [GC [PSYoungGen: 7645K->992K(7680K)] 18327K->11834K(25088K), 0.0004750 secs] [Times: user=0.00 sys=0.00, real=0.00 secs] 
70.617: Total time for which application threads were stopped: 0.0005750 seconds, Stopping threads took: 0.0000500 seconds
70.647: Application time: 0.0294370 seconds
70.647: [GC [PSYoungGen: 7646K->960K(7680K)] 18489K->11946K(25088K), 0.0004360 secs] [Times: user=0.01 sys=0.00, real=0.00 secs] 
70.647: Total time for which application threads were stopped: 0.0005470 seconds, Stopping threads took: 0.0000550 seconds
70.677: Application time: 0.0299320 seconds
70.677: [GC [PSYoungGen: 7611K->928K(7680K)] 18598K->11930K(25088K), 0.0004110 secs] [Times: user=0.01 sys=0.00, real=0.00 secs] 
70.678: Total time for which application threads were stopped: 0.0005200 seconds, Stopping threads took: 0.0000480 seconds
70.707: Application time: 0.0295390 seconds
70.707: [GC [PSYoungGen: 7582K->928K(7680K)] 18585K->11930K(25088K), 0.0004020 secs] [Times: user=0.00 sys=0.00, real=0.00 secs] 
70.708: Total time for which application threads were stopped: 0.0005110 seconds, Stopping threads took: 0.0000590 seconds
70.737: Application time: 0.0294520 seconds
70.737: [GC [PSYoungGen: 7582K->832K(7680K)] 18585K->11926K(25088K), 0.0004250 secs] [Times: user=0.00 sys=0.00, real=0.00 secs] 
70.738: Total time for which application threads were stopped: 0.0005250 seconds, Stopping threads took: 0.0000500 seconds
70.764: Application time: 0.0264650 seconds
70.764: [GC [PSYoungGen: 7485K->960K(7680K)] 18580K->12267K(25088K), 0.0005510 secs] [Times: user=0.00 sys=0.00, real=0.00 secs] 
70.765: Total time for which application threads were stopped: 0.0006810 seconds, Stopping threads took: 0.0000730 seconds
70.795: Application time: 0.0295880 seconds
70.795: [GC [PSYoungGen: 7612K->960K(7680K)] 18919K->12315K(25088K), 0.0004380 secs] [Times: user=0.00 sys=0.00, real=0.00 secs] 
70.796: Total time for which application threads were stopped: 0.0010570 seconds, Stopping threads took: 0.0005660 seconds
70.828: Application time: 0.0322120 seconds
70.828: [GC [PSYoungGen: 7613K->960K(7680K)] 18968K->12315K(25088K), 0.0004990 secs] [Times: user=0.00 sys=0.00, real=0.00 secs] 
70.828: Total time for which application threads were stopped: 0.0006150 seconds, Stopping threads took: 0.0000590 seconds
70.858: Application time: 0.0300340 seconds
70.859: [GC [PSYoungGen: 7614K->896K(7680K)] 18970K->12336K(25088K), 0.0004090 secs] [Times: user=0.00 sys=0.00, real=0.00 secs] 
70.859: Total time for which application threads were stopped: 0.0005090 seconds, Stopping threads took: 0.0000500 seconds
70.889: Application time: 0.0304640 seconds
70.890: [GC [PSYoungGen: 7548K->864K(7680K)] 18988K->12320K(25088K), 0.0004030 secs] [Times: user=0.00 sys=0.00, real=0.00 secs] 
70.890: Total time for which application threads were stopped: 0.0004940 seconds, Stopping threads took: 0.0000410 seconds
70.920: Application time: 0.0300700 seconds
70.920: [GC [PSYoungGen: 7518K->864K(7680K)] 18974K->12320K(25088K), 0.0004070 secs] [Times: user=0.00 sys=0.00, real=0.00 secs] 
70.921: Total time for which application threads were stopped: 0.0004970 seconds, Stopping threads took: 0.0000440 seconds
70.952: Application time: 0.0310310 seconds
70.952: [GC [PSYoungGen: 7518K->896K(7680K)] 18974K->12352K(25088K), 0.0004690 secs] [Times: user=0.00 sys=0.00, real=0.00 secs] 
70.953: Total time for which application threads were stopped: 0.0010000 seconds, Stopping threads took: 0.0004780 seconds
70.982: Application time: 0.0298850 seconds
70.983: [GC [PSYoungGen: 7550K->864K(7680K)] 19006K->12320K(25088K), 0.0003850 secs] [Times: user=0.01 sys=0.00, real=0.00 secs] 
70.983: Total time for which application threads were stopped: 0.0004940 seconds, Stopping threads took: 0.0000590 seconds
71.013: Application time: 0.0300110 seconds
71.013: [GC [PSYoungGen: 7518K->832K(7680K)] 18974K->12376K(25088K), 0.0003930 secs] [Times: user=0.00 sys=0.00, real=0.00 secs] 
71.013: Total time for which application threads were stopped: 0.0004860 seconds, Stopping threads took: 0.0000450 seconds
71.044: Application time: 0.0305160 seconds
71.044: [GC [PSYoungGen: 7486K->704K(7680K)] 19030K->12404K(25088K), 0.0004000 secs] [Times: user=0.00 sys=0.00, real=0.00 secs] 
71.044: Total time for which application threads were stopped: 0.0005080 seconds, Stopping threads took: 0.0000550 seconds
71.074: Application time: 0.0300310 seconds
71.075: [GC [PSYoungGen: 7356K->544K(7680K)] 19056K->12465K(25088K), 0.0003850 secs] [Times: user=0.00 sys=0.00, real=0.00 secs] 
71.075: Total time for which application threads were stopped: 0.0004810 seconds, Stopping threads took: 0.0000460 seconds
71.105: Application time: 0.0300990 seconds
71.105: [GC [PSYoungGen: 7198K->512K(7680K)] 19119K->12433K(25088K), 0.0003470 secs] [Times: user=0.00 sys=0.00, real=0.00 secs] 
71.106: Total time for which application threads were stopped: 0.0004390 seconds, Stopping threads took: 0.0000400 seconds
71.135: Application time: 0.0299540 seconds
71.136: [GC [PSYoungGen: 7166K->512K(7680K)] 19087K->12433K(25088K), 0.0003460 secs] [Times: user=0.00 sys=0.00, real=0.00 secs] 
71.136: Total time for which application threads were stopped: 0.0004390 seconds, Stopping threads took: 0.0000430 seconds
71.166: Application time: 0.0302180 seconds
71.166: [GC [PSYoungGen: 7164K->512K(7680K)] 19085K->12433K(25088K), 0.0003630 secs] [Times: user=0.00 sys=0.00, real=0.00 secs] 
71.167: Total time for which application threads were stopped: 0.0004650 seconds, Stopping threads took: 0.0000470 seconds
71.197: Application time: 0.0299150 seconds
71.197: [GC [PSYoungGen: 7166K->448K(7680K)] 19087K->12369K(25088K), 0.0003900 secs] [Times: user=0.00 sys=0.00, real=0.00 secs] 
71.197: Total time for which application threads were stopped: 0.0004880 seconds, Stopping threads took: 0.0000420 seconds
71.227: Application time: 0.0298820 seconds
71.227: [GC [PSYoungGen: 7102K->0K(7680K)] 19023K->12333K(25088K), 0.0004280 secs] [Times: user=0.00 sys=0.00, real=0.00 secs] 
71.227: Total time for which application threads were stopped: 0.0005190 seconds, Stopping threads took: 0.0000390 seconds
71.257: Application time: 0.0297200 seconds
71.257: [GC [PSYoungGen: 6654K->0K(7680K)] 18988K->12333K(25088K), 0.0002890 secs] [Times: user=0.00 sys=0.00, real=0.00 secs] 
71.258: Total time for which application threads were stopped: 0.0003890 seconds, Stopping threads took: 0.0000480 seconds
71.287: Application time: 0.0297850 seconds
71.287: [GC [PSYoungGen: 6654K->0K(7680K)] 18988K->12333K(25088K), 0.0002950 secs] [Times: user=0.00 sys=0.00, real=0.00 secs] 
71.288: Total time for which application threads were stopped: 0.0003970 seconds, Stopping threads took: 0.0000550 seconds
71.310: Application time: 0.0223490 seconds
71.310: [GC [PSYoungGen: 6652K->416K(7680K)] 18985K->12749K(25088K), 0.0003410 secs] [Times: user=0.00 sys=0.00, real=0.00 secs] 
71.310: Total time for which application threads were stopped: 0.0004370 seconds, Stopping threads took: 0.0000510 seconds
71.331: Application time: 0.0201000 seconds
71.331: [GC [PSYoungGen: 7071K->544K(7680K)] 19404K->12877K(25088K), 0.0003630 secs] [Times: user=0.00 sys=0.00, real=0.00 secs] 
71.331: Total time for which application threads were stopped: 0.0004630 seconds, Stopping threads took: 0.0000510 seconds
71.349: Application time: 0.0175970 seconds
71.349: [GC [PSYoungGen: 7199K->640K(7680K)] 19532K->12973K(25088K), 0.0003610 secs] [Times: user=0.00 sys=0.00, real=0.00 secs] 
71.349: Total time for which application threads were stopped: 0.0004600 seconds, Stopping threads took: 0.0000480 seconds
71.370: Application time: 0.0206160 seconds
71.370: [GC [PSYoungGen: 7292K->512K(7680K)] 19625K->12845K(25088K), 0.0003510 secs] [Times: user=0.00 sys=0.00, real=0.00 secs] 
71.370: Total time for which application threads were stopped: 0.0004490 seconds, Stopping threads took: 0.0000490 seconds
71.398: Application time: 0.0276400 seconds
71.398: [GC [PSYoungGen: 7164K->512K(7680K)] 19497K->12845K(25088K), 0.0003520 secs] [Times: user=0.00 sys=0.00, real=0.00 secs] 
71.398: Total time for which application threads were stopped: 0.0004530 seconds, Stopping threads took: 0.0000480 seconds
71.427: Application time: 0.0282940 seconds
71.427: [GC [PSYoungGen: 7167K->672K(7680K)] 19501K->13005K(25088K), 0.0003600 secs] [Times: user=0.00 sys=0.00, real=0.00 secs] 
71.427: Total time for which application threads were stopped: 0.0004660 seconds, Stopping threads took: 0.0000580 seconds
71.456: Application time: 0.0284990 seconds
71.459: [GC [PSYoungGen: 7325K->576K(7680K)] 19659K->12909K(25088K), 0.0003570 secs] [Times: user=0.00 sys=0.00, real=0.00 secs] 
71.460: Total time for which application threads were stopped: 0.0039750 seconds, Stopping threads took: 0.0035680 seconds
71.489: Application time: 0.0298450 seconds
71.489: [GC [PSYoungGen: 7228K->512K(7680K)] 19561K->12845K(25088K), 0.0003850 secs] [Times: user=0.00 sys=0.00, real=0.00 secs] 
71.490: Total time for which application threads were stopped: 0.0004850 seconds, Stopping threads took: 0.0000510 seconds
71.520: Application time: 0.0297780 seconds
71.520: [GC [PSYoungGen: 7166K->512K(7680K)] 19500K->12845K(25088K), 0.0003400 secs] [Times: user=0.00 sys=0.00, real=0.00 secs] 
71.520: Total time for which application threads were stopped: 0.0004390 seconds, Stopping threads took: 0.0000450 seconds
71.550: Application time: 0.0298890 seconds
71.550: [GC [PSYoungGen: 7166K->512K(7680K)] 19500K->12845K(25088K), 0.0003290 secs] [Times: user=0.00 sys=0.00, real=0.00 secs] 
71.550: Total time for which application threads were stopped: 0.0004340 seconds, Stopping threads took: 0.0000530 seconds
71.580: Application time: 0.0296240 seconds
71.580: [GC [PSYoungGen: 7166K->448K(7680K)] 19500K->12781K(25088K), 0.0004040 secs] [Times: user=0.00 sys=0.00, real=0.00 secs] 
71.581: Total time for which application threads were stopped: 0.0004990 seconds, Stopping threads took: 0.0000460 seconds
71.611: Application time: 0.0305870 seconds
71.611: [GC [PSYoungGen: 7100K->480K(7680K)] 19433K->12813K(25088K), 0.0004060 secs] [Times: user=0.00 sys=0.00, real=0.00 secs] 
71.612: Total time for which application threads were stopped: 0.0004980 seconds, Stopping threads took: 0.0000460 seconds
71.640: Application time: 0.0288020 seconds
71.640: Total time for which application threads were stopped: 0.0000640 seconds, Stopping threads took: 0.0000490 seconds
71.641: Application time: 0.0001000 seconds
71.641: [GC [PSYoungGen: 7049K->608K(7680K)] 19511K->13069K(25088K), 0.0003720 secs] [Times: user=0.01 sys=0.00, real=0.00 secs] 
71.641: Total time for which application threads were stopped: 0.0004320 seconds, Stopping threads took: 0.0000190 seconds
71.663: Application time: 0.0216190 seconds
71.663: [GC [PSYoungGen: 7260K->768K(7680K)] 20006K->13514K(25088K), 0.0004640 secs] [Times: user=0.00 sys=0.00, real=0.00 secs] 
71.663: Total time for which application threads were stopped: 0.0005810 seconds, Stopping threads took: 0.0000480 seconds
71.694: Application time: 0.0304630 seconds
71.694: [GC [PSYoungGen: 7420K->704K(7680K)] 20166K->13450K(25088K), 0.0004330 secs] [Times: user=0.00 sys=0.00, real=0.00 secs] 
71.694: Total time for which application threads were stopped: 0.0005530 seconds, Stopping threads took: 0.0000580 seconds
71.715: Application time: 0.0210570 seconds
71.715: [GC [PSYoungGen: 7358K->928K(7680K)] 20105K->13674K(25088K), 0.0004430 secs] [Times: user=0.00 sys=0.00, real=0.00 secs] 
71.716: Total time for which application threads were stopped: 0.0005510 seconds, Stopping threads took: 0.0000490 seconds
71.736: Application time: 0.0198690 seconds
71.736: [GC [PSYoungGen: 7582K->896K(7680K)] 20328K->13642K(25088K), 0.0004230 secs] [Times: user=0.00 sys=0.00, real=0.00 secs] 
71.736: Total time for which application threads were stopped: 0.0005290 seconds, Stopping threads took: 0.0000540 seconds
71.758: Application time: 0.0213350 seconds
71.758: [GC [PSYoungGen: 7547K->992K(7680K)] 20293K->13738K(25088K), 0.0004870 secs] [Times: user=0.00 sys=0.00, real=0.00 secs] 
71.758: Total time for which application threads were stopped: 0.0006030 seconds, Stopping threads took: 0.0000510 seconds
71.783: Application time: 0.0251420 seconds
71.783: [GC [PSYoungGen: 7646K->992K(7680K)] 20392K->13746K(25088K), 0.0004290 secs] [Times: user=0.00 sys=0.00, real=0.00 secs] 
71.784: Total time for which application threads were stopped: 0.0005370 seconds, Stopping threads took: 0.0000540 seconds
71.812: Application time: 0.0281150 seconds
71.812: [GC [PSYoungGen: 7646K->992K(7680K)] 20400K->13754K(25088K), 0.0004320 secs] [Times: user=0.01 sys=0.00, real=0.00 secs] 
71.813: Total time for which application threads were stopped: 0.0005300 seconds, Stopping threads took: 0.0000440 seconds
71.841: Application time: 0.0282710 seconds
71.841: [GC [PSYoungGen: 7645K->992K(7680K)] 20408K->13762K(25088K), 0.0004300 secs] [Times: user=0.00 sys=0.00, real=0.00 secs] 
71.841: Total time for which application threads were stopped: 0.0005290 seconds, Stopping threads took: 0.0000490 seconds
71.870: Application time: 0.0288080 seconds
71.870: [GC [PSYoungGen: 7573K->992K(7680K)] 20343K->13822K(25088K), 0.0004630 secs] [Times: user=0.01 sys=0.00, real=0.00 secs] 
71.871: Total time for which application threads were stopped: 0.0005760 seconds, Stopping threads took: 0.0000610 seconds
71.888: Application time: 0.0173290 seconds
71.888: [GC [PSYoungGen: 7646K->1008K(7680K)] 20477K->14134K(25088K), 0.0005440 secs] [Times: user=0.00 sys=0.00, real=0.00 secs] 
71.889: Total time for which application threads were stopped: 0.0006500 seconds, Stopping threads took: 0.0000540 seconds
71.905: Application time: 0.0161820 seconds
71.905: [GC [PSYoungGen: 7660K->1008K(7680K)] 20786K->14358K(25088K), 0.0004930 secs] [Times: user=0.00 sys=0.00, real=0.00 secs] 
71.905: Total time for which application threads were stopped: 0.0005830 seconds, Stopping threads took: 0.0000380 seconds
71.924: Application time: 0.0182250 seconds
71.924: [GC [PSYoungGen: 7662K->992K(7680K)] 21012K->14406K(25088K), 0.0004900 secs] [Times: user=0.00 sys=0.00, real=0.00 secs] 
71.924: Total time for which application threads were stopped: 0.0007490 seconds, Stopping threads took: 0.0001980 seconds
71.951: Application time: 0.0268860 seconds
71.951: [GC [PSYoungGen: 7646K->1008K(7680K)] 21060K->14610K(25088K), 0.0005190 secs] [Times: user=0.00 sys=0.00, real=0.00 secs] 
71.952: Total time for which application threads were stopped: 0.0006140 seconds, Stopping threads took: 0.0000470 seconds
71.981: Application time: 0.0286200 seconds
71.981: [GC [PSYoungGen: 7662K->1008K(7680K)] 21264K->14639K(25088K), 0.0004660 secs] [Times: user=0.00 sys=0.00, real=0.00 secs] 
71.981: Total time for which application threads were stopped: 0.0005790 seconds, Stopping threads took: 0.0000600 seconds
72.008: Application time: 0.0271680 seconds
72.008: [GC [PSYoungGen: 7663K->992K(7680K)] 21294K->14968K(25088K), 0.0005250 secs] [Times: user=0.00 sys=0.00, real=0.00 secs] 
72.009: Total time for which application threads were stopped: 0.0006280 seconds, Stopping threads took: 0.0000490 seconds
72.038: Application time: 0.0291580 seconds
72.038: [GC [PSYoungGen: 7644K->1008K(7680K)] 21620K->15044K(25088K), 0.0004650 secs] [Times: user=0.00 sys=0.00, real=0.00 secs] 
72.039: Total time for which application threads were stopped: 0.0005850 seconds, Stopping threads took: 0.0000700 seconds
72.068: Application time: 0.0290730 seconds
72.071: [GC [PSYoungGen: 7662K->1008K(7680K)] 21698K->15060K(25088K), 0.0004590 secs] [Times: user=0.00 sys=0.00, real=0.00 secs] 
72.072: Total time for which application threads were stopped: 0.0038610 seconds, Stopping threads took: 0.0033490 seconds
72.094: Application time: 0.0219580 seconds
72.094: [GC [PSYoungGen: 7659K->1008K(7680K)] 21711K->15408K(25088K), 0.0005110 secs] [Times: user=0.00 sys=0.00, real=0.00 secs] 
72.094: Total time for which application threads were stopped: 0.0006240 seconds, Stopping threads took: 0.0000600 seconds
72.109: Application time: 0.0149700 seconds
72.109: [GC [PSYoungGen: 7661K->992K(7680K)] 22061K->15845K(25088K), 0.0005460 secs] [Times: user=0.00 sys=0.00, real=0.00 secs] 
72.110: Total time for which application threads were stopped: 0.0006550 seconds, Stopping threads took: 0.0000550 seconds
72.126: Application time: 0.0160640 seconds
72.126: [GC [PSYoungGen: 7643K->992K(7680K)] 22496K->15901K(25088K), 0.0005020 secs] [Times: user=0.00 sys=0.00, real=0.00 secs] 
72.126: Total time for which application threads were stopped: 0.0006050 seconds, Stopping threads took: 0.0000470 seconds
72.147: Application time: 0.0206910 seconds
72.147: [GC [PSYoungGen: 7646K->1008K(7680K)] 22556K->16506K(25088K), 0.0005720 secs] [Times: user=0.00 sys=0.00, real=0.00 secs] 
72.148: Total time for which application threads were stopped: 0.0006820 seconds, Stopping threads took: 0.0000570 seconds
72.175: Application time: 0.0275060 seconds
72.175: [GC [PSYoungGen: 7660K->992K(7680K)] 23158K->16578K(25088K), 0.0004570 secs] [Times: user=0.00 sys=0.00, real=0.00 secs] 
72.176: Total time for which application threads were stopped: 0.0005490 seconds, Stopping threads took: 0.0000360 seconds
72.203: Application time: 0.0269250 seconds
72.203: [GC [PSYoungGen: 7648K->992K(7680K)] 23234K->16954K(25088K), 0.0005330 secs] [Times: user=0.01 sys=0.00, real=0.00 secs] 
72.203: Total time for which application threads were stopped: 0.0006360 seconds, Stopping threads took: 0.0000460 seconds
72.233: Application time: 0.0290140 seconds
72.233: [GC [PSYoungGen: 7646K->992K(7680K)] 23609K->16978K(25088K), 0.0004830 secs] [Times: user=0.00 sys=0.00, real=0.00 secs] 
72.233: Total time for which application threads were stopped: 0.0005970 seconds, Stopping threads took: 0.0000530 seconds
72.262: Application time: 0.0290970 seconds
72.262: [GC [PSYoungGen: 7646K->992K(7680K)] 23633K->17031K(25088K), 0.0004600 secs] [Times: user=0.01 sys=0.00, real=0.00 secs] 
72.263: Total time for which application threads were stopped: 0.0005830 seconds, Stopping threads took: 0.0000680 seconds
72.292: Application time: 0.0292660 seconds
72.292: [GC [PSYoungGen: 7646K->992K(7680K)] 23685K->17055K(25088K), 0.0004560 secs] [Times: user=0.00 sys=0.00, real=0.00 secs] 
72.293: Total time for which application threads were stopped: 0.0005460 seconds, Stopping threads took: 0.0000400 seconds
72.320: Application time: 0.0274940 seconds
72.320: [GC [PSYoungGen: 7647K->992K(7680K)] 23710K->17375K(25088K), 0.0005430 secs] [Times: user=0.01 sys=0.00, real=0.00 secs] 
72.321: Total time for which application threads were stopped: 0.0006300 seconds, Stopping threads took: 0.0000390 seconds
72.348: Application time: 0.0274320 seconds
72.348: [GC [PSYoungGen: 7646K->992K(7680K)] 24029K->17595K(25088K), 0.0005140 secs] [Times: user=0.00 sys=0.00, real=0.00 secs] 
72.349: Total time for which application threads were stopped: 0.0006140 seconds, Stopping threads took: 0.0000450 seconds
72.378: Application time: 0.0293210 seconds
72.378: [GC [PSYoungGen: 7644K->992K(7680K)] 24247K->17624K(25088K), 0.0005130 secs] [Times: user=0.00 sys=0.00, real=0.00 secs] 
72.379: Total time for which application threads were stopped: 0.0006140 seconds, Stopping threads took: 0.0000480 seconds
72.408: Application time: 0.0293610 seconds
72.408: [GC [PSYoungGen: 7646K->992K(7680K)] 24278K->17688K(25088K), 0.0004240 secs] [Times: user=0.00 sys=0.00, real=0.00 secs] 
72.409: Total time for which application threads were stopped: 0.0005240 seconds, Stopping threads took: 0.0000510 seconds
72.438: Application time: 0.0294520 seconds
72.438: [GC [PSYoungGen: 7646K->992K(7680K)] 24342K->17688K(25088K), 0.0004290 secs] [Times: user=0.00 sys=0.00, real=0.00 secs] 
72.439: Total time for which application threads were stopped: 0.0005300 seconds, Stopping threads took: 0.0000460 seconds
72.470: Application time: 0.0310030 seconds
72.470: [GC [PSYoungGen: 7644K->992K(7680K)] 24340K->17704K(25088K), 0.0004830 secs] [Times: user=0.00 sys=0.00, real=0.00 secs] 
72.470: Total time for which application threads were stopped: 0.0005890 seconds, Stopping threads took: 0.0000520 seconds
72.500: Application time: 0.0296230 seconds
72.500: [GC [PSYoungGen: 7646K->960K(7680K)] 24358K->17680K(25088K), 0.0004650 secs] [Times: user=0.00 sys=0.00, real=0.00 secs] 
72.500: Total time for which application threads were stopped: 0.0005700 seconds, Stopping threads took: 0.0000580 seconds
72.528: Application time: 0.0276870 seconds
72.528: [GC [PSYoungGen: 7615K->992K(7680K)] 24335K->17904K(25088K), 0.0004480 secs] [Times: user=0.00 sys=0.00, real=0.00 secs] 
72.529: Total time for which application threads were stopped: 0.0005450 seconds, Stopping threads took: 0.0000470 seconds
72.556: Application time: 0.0278560 seconds
72.557: [GC [PSYoungGen: 7646K->992K(7680K)] 24558K->17940K(25088K), 0.0005000 secs] [Times: user=0.01 sys=0.00, real=0.00 secs] 
72.557: Total time for which application threads were stopped: 0.0006060 seconds, Stopping threads took: 0.0000520 seconds
72.587: Application time: 0.0296350 seconds
72.587: [GC [PSYoungGen: 7646K->992K(7680K)] 24595K->17988K(25088K), 0.0004590 secs] [Times: user=0.00 sys=0.00, real=0.00 secs] 
72.587: [Full GC [PSYoungGen: 992K->0K(7680K)] [ParOldGen: 16996K->3308K(17408K)] 17988K->3308K(25088K) [PSPermGen: 5540K->5540K(21504K)], 0.0044930 secs] [Times: user=0.01 sys=0.00, real=0.01 secs] 
72.592: Total time for which application threads were stopped: 0.0051120 seconds, Stopping threads took: 0.0000550 seconds
72.622: Application time: 0.0303850 seconds
72.622: [GC [PSYoungGen: 6652K->0K(7680K)] 9960K->3308K(25088K), 0.0003330 secs] [Times: user=0.00 sys=0.00, real=0.00 secs] 
72.623: Total time for which application threads were stopped: 0.0004480 seconds, Stopping threads took: 0.0000600 seconds
72.653: Application time: 0.0302320 seconds
72.653: [GC [PSYoungGen: 6654K->0K(7680K)] 9962K->3308K(25088K), 0.0002930 secs] [Times: user=0.00 sys=0.00, real=0.00 secs] 
72.653: Total time for which application threads were stopped: 0.0004010 seconds, Stopping threads took: 0.0000570 seconds
72.683: Application time: 0.0301000 seconds
72.683: [GC [PSYoungGen: 6654K->0K(7680K)] 9962K->3308K(25088K), 0.0003090 secs] [Times: user=0.01 sys=0.00, real=0.00 secs] 
72.684: Total time for which application threads were stopped: 0.0003990 seconds, Stopping threads took: 0.0000420 seconds
72.714: Application time: 0.0302560 seconds
72.714: [GC [PSYoungGen: 6654K->0K(7680K)] 9962K->3308K(25088K), 0.0002980 secs] [Times: user=0.00 sys=0.00, real=0.00 secs] 
72.714: Total time for which application threads were stopped: 0.0003940 seconds, Stopping threads took: 0.0000470 seconds
72.745: Application time: 0.0302240 seconds
72.745: [GC [PSYoungGen: 6654K->0K(7680K)] 9962K->3308K(25088K), 0.0002900 secs] [Times: user=0.00 sys=0.00, real=0.00 secs] 
72.745: Total time for which application threads were stopped: 0.0003970 seconds, Stopping threads took: 0.0000500 seconds
72.776: Application time: 0.0305470 seconds
72.776: [GC [PSYoungGen: 6654K->0K(7680K)] 9962K->3308K(25088K), 0.0003000 secs] [Times: user=0.00 sys=0.00, real=0.00 secs] 
72.776: Total time for which application threads were stopped: 0.0004170 seconds, Stopping threads took: 0.0000650 seconds
72.806: Application time: 0.0303880 seconds
72.807: [GC [PSYoungGen: 6652K->0K(7680K)] 9960K->3308K(25088K), 0.0002910 secs] [Times: user=0.01 sys=0.00, real=0.00 secs] 
72.807: Total time for which application threads were stopped: 0.0003990 seconds, Stopping threads took: 0.0000600 seconds
72.837: Application time: 0.0306010 seconds
72.838: [GC [PSYoungGen: 6652K->0K(7680K)] 9960K->3308K(25088K), 0.0002860 secs] [Times: user=0.00 sys=0.00, real=0.00 secs] 
72.838: Total time for which application threads were stopped: 0.0003840 seconds, Stopping threads took: 0.0000500 seconds
72.868: Application time: 0.0302100 seconds
72.868: [GC [PSYoungGen: 6654K->0K(7680K)] 9962K->3308K(25088K), 0.0002990 secs] [Times: user=0.00 sys=0.00, real=0.00 secs] 
72.868: Total time for which application threads were stopped: 0.0004080 seconds, Stopping threads took: 0.0000560 seconds
72.899: Application time: 0.0302460 seconds
72.899: [GC [PSYoungGen: 6654K->0K(7680K)] 9962K->3308K(25088K), 0.0002930 secs] [Times: user=0.00 sys=0.00, real=0.00 secs] 
72.899: Total time for which application threads were stopped: 0.0003890 seconds, Stopping threads took: 0.0000450 seconds
72.929: Application time: 0.0300470 seconds
72.929: [GC [PSYoungGen: 6654K->0K(7680K)] 9962K->3308K(25088K), 0.0003030 secs] [Times: user=0.00 sys=0.00, real=0.00 secs] 
72.930: Total time for which application threads were stopped: 0.0004050 seconds, Stopping threads took: 0.0000550 seconds
72.960: Application time: 0.0303690 seconds
72.960: [GC [PSYoungGen: 6654K->0K(7680K)] 9962K->3308K(25088K), 0.0003380 secs] [Times: user=0.00 sys=0.00, real=0.00 secs] 
72.960: Total time for which application threads were stopped: 0.0004520 seconds, Stopping threads took: 0.0000640 seconds
72.990: Application time: 0.0299910 seconds
72.990: [GC [PSYoungGen: 6654K->0K(7680K)] 9962K->3308K(25088K), 0.0003370 secs] [Times: user=0.00 sys=0.00, real=0.00 secs] 
72.991: Total time for which application threads were stopped: 0.0004320 seconds, Stopping threads took: 0.0000450 seconds
73.021: Application time: 0.0301920 seconds
73.021: [GC [PSYoungGen: 6654K->0K(7680K)] 9962K->3308K(25088K), 0.0002970 secs] [Times: user=0.00 sys=0.00, real=0.00 secs] 
73.021: Total time for which application threads were stopped: 0.0003820 seconds, Stopping threads took: 0.0000380 seconds
73.048: Application time: 0.0264330 seconds
73.048: [GC [PSYoungGen: 6652K->352K(7680K)] 9960K->3660K(25088K), 0.0002940 secs] [Times: user=0.00 sys=0.00, real=0.00 secs] 
73.048: Total time for which application threads were stopped: 0.0003900 seconds, Stopping threads took: 0.0000460 seconds
73.069: Application time: 0.0211390 seconds
73.069: [GC [PSYoungGen: 7004K->384K(7680K)] 10312K->3692K(25088K), 0.0002980 secs] [Times: user=0.00 sys=0.00, real=0.00 secs] 
73.070: Total time for which application threads were stopped: 0.0003880 seconds, Stopping threads took: 0.0000410 seconds
73.090: Application time: 0.0204300 seconds
73.090: [GC [PSYoungGen: 7039K->544K(7680K)] 10347K->3852K(25088K), 0.0003630 secs] [Times: user=0.00 sys=0.00, real=0.00 secs] 
73.091: Total time for which application threads were stopped: 0.0004770 seconds, Stopping threads took: 0.0000650 seconds
73.111: Application time: 0.0208730 seconds
73.112: [GC [PSYoungGen: 7199K->576K(7680K)] 10507K->3884K(25088K), 0.0003590 secs] [Times: user=0.00 sys=0.00, real=0.00 secs] 
73.112: Total time for which application threads were stopped: 0.0004520 seconds, Stopping threads took: 0.0000430 seconds
73.133: Application time: 0.0213290 seconds
73.133: [GC [PSYoungGen: 7228K->480K(7680K)] 10536K->3788K(25088K), 0.0003570 secs] [Times: user=0.00 sys=0.00, real=0.00 secs] 
73.134: Total time for which application threads were stopped: 0.0004660 seconds, Stopping threads took: 0.0000630 seconds
73.162: Application time: 0.0286450 seconds
73.162: [GC [PSYoungGen: 7134K->544K(7680K)] 10442K->3852K(25088K), 0.0003310 secs] [Times: user=0.00 sys=0.00, real=0.00 secs] 
73.163: Total time for which application threads were stopped: 0.0004390 seconds, Stopping threads took: 0.0000590 seconds
73.192: Application time: 0.0296410 seconds
73.193: [GC [PSYoungGen: 7196K->512K(7680K)] 10504K->3820K(25088K), 0.0003570 secs] [Times: user=0.00 sys=0.00, real=0.00 secs] 
73.193: Total time for which application threads were stopped: 0.0004600 seconds, Stopping threads took: 0.0000520 seconds
73.222: Application time: 0.0289100 seconds
73.222: [GC [PSYoungGen: 7164K->512K(7680K)] 10472K->3820K(25088K), 0.0003390 secs] [Times: user=0.00 sys=0.00, real=0.00 secs] 
73.222: Total time for which application threads were stopped: 0.0004390 seconds, Stopping threads took: 0.0000510 seconds
73.252: Application time: 0.0301540 seconds
73.253: [GC [PSYoungGen: 7166K->512K(7680K)] 10474K->3820K(25088K), 0.0003720 secs] [Times: user=0.00 sys=0.00, real=0.00 secs] 
73.253: Total time for which application threads were stopped: 0.0004740 seconds, Stopping threads took: 0.0000430 seconds
73.283: Application time: 0.0302430 seconds
73.283: [GC [PSYoungGen: 7166K->608K(7680K)] 10474K->3916K(25088K), 0.0003540 secs] [Times: user=0.00 sys=0.00, real=0.00 secs] 
73.284: Total time for which application threads were stopped: 0.0004510 seconds, Stopping threads took: 0.0000480 seconds
73.314: Application time: 0.0301320 seconds
73.314: [GC [PSYoungGen: 7262K->544K(7680K)] 10570K->3852K(25088K), 0.0003540 secs] [Times: user=0.00 sys=0.00, real=0.00 secs] 
73.314: Total time for which application threads were stopped: 0.0004500 seconds, Stopping threads took: 0.0000480 seconds
73.344: Application time: 0.0300910 seconds
73.344: [GC [PSYoungGen: 7198K->640K(7680K)] 10506K->3948K(25088K), 0.0003540 secs] [Times: user=0.00 sys=0.00, real=0.00 secs] 
73.345: Total time for which application threads were stopped: 0.0004520 seconds, Stopping threads took: 0.0000460 seconds
73.375: Application time: 0.0299740 seconds
73.375: [GC [PSYoungGen: 7294K->512K(7680K)] 10602K->3820K(25088K), 0.0003120 secs] [Times: user=0.01 sys=0.00, real=0.00 secs] 
73.375: Total time for which application threads were stopped: 0.0004080 seconds, Stopping threads took: 0.0000460 seconds
73.405: Application time: 0.0299830 seconds
73.405: [GC [PSYoungGen: 7164K->512K(7680K)] 10472K->3820K(25088K), 0.0003430 secs] [Times: user=0.00 sys=0.00, real=0.00 secs] 
73.406: Total time for which application threads were stopped: 0.0004440 seconds, Stopping threads took: 0.0000530 seconds
73.428: Application time: 0.0225930 seconds
73.431: [GC [PSYoungGen: 7166K->672K(7680K)] 10474K->3980K(25088K), 0.0004440 secs] [Times: user=0.00 sys=0.00, real=0.00 secs] 
73.432: Total time for which application threads were stopped: 0.0034540 seconds, Stopping threads took: 0.0029580 seconds
73.452: Application time: 0.0205290 seconds
73.452: [GC [PSYoungGen: 7325K->896K(7680K)] 10633K->4204K(25088K), 0.0004160 secs] [Times: user=0.00 sys=0.00, real=0.00 secs] 
73.453: Total time for which application threads were stopped: 0.0005300 seconds, Stopping threads took: 0.0000550 seconds
73.469: Application time: 0.0168150 seconds
73.470: [GC [PSYoungGen: 7548K->960K(7680K)] 10856K->4268K(25088K), 0.0004040 secs] [Times: user=0.00 sys=0.00, real=0.00 secs] 
73.470: Total time for which application threads were stopped: 0.0005140 seconds, Stopping threads took: 0.0000570 seconds
73.490: Application time: 0.0198150 seconds
73.490: [GC [PSYoungGen: 7612K->928K(7680K)] 10920K->4236K(25088K), 0.0004060 secs] [Times: user=0.00 sys=0.00, real=0.00 secs] 
73.490: Total time for which application threads were stopped: 0.0005150 seconds, Stopping threads took: 0.0000600 seconds
73.518: Application time: 0.0271850 seconds
73.518: [GC [PSYoungGen: 7580K->960K(7680K)] 10888K->4268K(25088K), 0.0004600 secs] [Times: user=0.00 sys=0.00, real=0.00 secs] 
73.518: Total time for which application threads were stopped: 0.0005650 seconds, Stopping threads took: 0.0000550 seconds
73.544: Application time: 0.0262880 seconds
73.547: [GC [PSYoungGen: 7612K->992K(7680K)] 10920K->4436K(25088K), 0.0004750 secs] [Times: user=0.00 sys=0.00, real=0.00 secs] 
73.548: Total time for which application threads were stopped: 0.0032470 seconds, Stopping threads took: 0.0027200 seconds
73.577: Application time: 0.0290810 seconds
73.577: [GC [PSYoungGen: 7644K->848K(7680K)] 11088K->4292K(25088K), 0.0004190 secs] [Times: user=0.00 sys=0.00, real=0.00 secs] 
73.577: Total time for which application threads were stopped: 0.0005120 seconds, Stopping threads took: 0.0000440 seconds
73.607: Application time: 0.0302070 seconds
73.608: [GC [PSYoungGen: 7500K->832K(7680K)] 10944K->4276K(25088K), 0.0004220 secs] [Times: user=0.00 sys=0.00, real=0.00 secs] 
73.608: Total time for which application threads were stopped: 0.0005190 seconds, Stopping threads took: 0.0000460 seconds
73.638: Application time: 0.0302110 seconds
73.638: [GC [PSYoungGen: 7486K->816K(7680K)] 10930K->4260K(25088K), 0.0003970 secs] [Times: user=0.00 sys=0.00, real=0.00 secs] 
73.639: Total time for which application threads were stopped: 0.0004900 seconds, Stopping threads took: 0.0000430 seconds
73.669: Application time: 0.0303050 seconds
73.669: [GC [PSYoungGen: 7470K->928K(7680K)] 10914K->4372K(25088K), 0.0004550 secs] [Times: user=0.00 sys=0.00, real=0.00 secs] 
73.670: Total time for which application threads were stopped: 0.0005670 seconds, Stopping threads took: 0.0000630 seconds
73.697: Application time: 0.0278980 seconds
73.698: [GC [PSYoungGen: 7579K->992K(7680K)] 11023K->4564K(25088K), 0.0004350 secs] [Times: user=0.00 sys=0.00, real=0.00 secs] 
73.698: Total time for which application threads were stopped: 0.0005400 seconds, Stopping threads took: 0.0000520 seconds
73.718: Application time: 0.0198130 seconds
73.718: [GC [PSYoungGen: 7645K->992K(7680K)] 11217K->4708K(25088K), 0.0005120 secs] [Times: user=0.00 sys=0.00, real=0.00 secs] 
73.718: Total time for which application threads were stopped: 0.0006060 seconds, Stopping threads took: 0.0000420 seconds
73.735: Application time: 0.0161450 seconds
73.735: [GC [PSYoungGen: 7646K->1008K(7680K)] 11363K->4732K(25088K), 0.0005070 secs] [Times: user=0.00 sys=0.00, real=0.00 secs] 
73.735: Total time for which application threads were stopped: 0.0006000 seconds, Stopping threads took: 0.0000410 seconds
73.754: Application time: 0.0189400 seconds
73.754: [GC [PSYoungGen: 7662K->992K(7680K)] 11386K->4860K(25088K), 0.0005500 secs] [Times: user=0.00 sys=0.00, real=0.00 secs] 
73.755: Total time for which application threads were stopped: 0.0006750 seconds, Stopping threads took: 0.0000590 seconds
73.780: Application time: 0.0255730 seconds
73.780: [GC [PSYoungGen: 7644K->1008K(7680K)] 11512K->4904K(25088K), 0.0004470 secs] [Times: user=0.00 sys=0.00, real=0.00 secs] 
73.781: Total time for which application threads were stopped: 0.0005790 seconds, Stopping threads took: 0.0000790 seconds
73.809: Application time: 0.0276410 seconds
73.809: [GC [PSYoungGen: 7660K->992K(7680K)] 11556K->5032K(25088K), 0.0004770 secs] [Times: user=0.01 sys=0.00, real=0.00 secs] 
73.809: Total time for which application threads were stopped: 0.0005750 seconds, Stopping threads took: 0.0000420 seconds
73.837: Application time: 0.0278620 seconds
73.837: [GC [PSYoungGen: 7644K->896K(7680K)] 11684K->4984K(25088K), 0.0004210 secs] [Times: user=0.00 sys=0.00, real=0.00 secs] 
73.838: Total time for which application threads were stopped: 0.0005280 seconds, Stopping threads took: 0.0000540 seconds
73.858: Application time: 0.0203440 seconds
73.858: [GC [PSYoungGen: 7548K->992K(7680K)] 11637K->5220K(25088K), 0.0004450 secs] [Times: user=0.00 sys=0.00, real=0.00 secs] 
73.858: Total time for which application threads were stopped: 0.0005440 seconds, Stopping threads took: 0.0000470 seconds
73.877: Application time: 0.0186750 seconds
73.877: [GC [PSYoungGen: 7646K->976K(7680K)] 11874K->5384K(25088K), 0.0005410 secs] [Times: user=0.00 sys=0.00, real=0.00 secs] 
73.878: Total time for which application threads were stopped: 0.0006430 seconds, Stopping threads took: 0.0000500 seconds
73.893: Application time: 0.0157550 seconds
73.894: [GC [PSYoungGen: 7630K->1008K(7680K)] 12039K->5665K(25088K), 0.0005470 secs] [Times: user=0.00 sys=0.00, real=0.00 secs] 
73.894: Total time for which application threads were stopped: 0.0006490 seconds, Stopping threads took: 0.0000530 seconds
73.915: Application time: 0.0205900 seconds
73.915: [GC [PSYoungGen: 7661K->992K(7680K)] 12318K->5769K(25088K), 0.0005150 secs] [Times: user=0.00 sys=0.00, real=0.00 secs] 
73.915: Total time for which application threads were stopped: 0.0006170 seconds, Stopping threads took: 0.0000510 seconds
73.942: Application time: 0.0269830 seconds
73.942: [GC [PSYoungGen: 7646K->1008K(7680K)] 12423K->5793K(25088K), 0.0004510 secs] [Times: user=0.00 sys=0.00, real=0.00 secs] 
73.943: Total time for which application threads were stopped: 0.0005500 seconds, Stopping threads took: 0.0000490 seconds
73.972: Application time: 0.0289530 seconds
73.972: [GC [PSYoungGen: 7662K->992K(7680K)] 12447K->5969K(25088K), 0.0005690 secs] [Times: user=0.00 sys=0.00, real=0.00 secs] 
73.973: Total time for which application threads were stopped: 0.0007650 seconds, Stopping threads took: 0.0001380 seconds
74.001: Application time: 0.0280920 seconds
74.001: [GC [PSYoungGen: 7645K->1008K(7680K)] 12622K->5993K(25088K), 0.0004520 secs] [Times: user=0.00 sys=0.00, real=0.00 secs] 
74.001: Total time for which application threads were stopped: 0.0005610 seconds, Stopping threads took: 0.0000590 seconds
74.030: Application time: 0.0291800 seconds
74.031: [GC [PSYoungGen: 7662K->992K(7680K)] 12647K->6037K(25088K), 0.0004570 secs] [Times: user=0.00 sys=0.00, real=0.00 secs] 
74.031: Total time for which application threads were stopped: 0.0005610 seconds, Stopping threads took: 0.0000510 seconds
74.060: Application time: 0.0292620 seconds
74.060: [GC [PSYoungGen: 7646K->1008K(7680K)] 12692K->6061K(25088K), 0.0004540 secs] [Times: user=0.01 sys=0.00, real=0.00 secs] 
74.061: Total time for which application threads were stopped: 0.0005590 seconds, Stopping threads took: 0.0000540 seconds
74.090: Application time: 0.0291740 seconds
74.090: [GC [PSYoungGen: 7662K->944K(7680K)] 12716K->6013K(25088K), 0.0005150 secs] [Times: user=0.00 sys=0.00, real=0.00 secs] 
74.091: Total time for which application threads were stopped: 0.0006160 seconds, Stopping threads took: 0.0000560 seconds
74.120: Application time: 0.0290620 seconds
74.120: [GC [PSYoungGen: 7598K->1008K(7680K)] 12668K->6085K(25088K), 0.0004150 secs] [Times: user=0.01 sys=0.00, real=0.00 secs] 
74.120: Total time for which application threads were stopped: 0.0005020 seconds, Stopping threads took: 0.0000390 seconds
74.147: Application time: 0.0271560 seconds
74.147: [GC [PSYoungGen: 7608K->1008K(7680K)] 12685K->6245K(25088K), 0.0004760 secs] [Times: user=0.00 sys=0.00, real=0.00 secs] 
74.148: Total time for which application threads were stopped: 0.0005710 seconds, Stopping threads took: 0.0000460 seconds
74.177: Application time: 0.0286580 seconds
74.177: [GC [PSYoungGen: 7663K->992K(7680K)] 12901K->6429K(25088K), 0.0004870 secs] [Times: user=0.00 sys=0.00, real=0.00 secs] 
74.177: Total time for which application threads were stopped: 0.0005950 seconds, Stopping threads took: 0.0000510 seconds
74.206: Application time: 0.0291810 seconds
74.206: [GC [PSYoungGen: 7646K->1008K(7680K)] 13084K->6493K(25088K), 0.0004200 secs] [Times: user=0.00 sys=0.00, real=0.00 secs] 
74.207: Total time for which application threads were stopped: 0.0005360 seconds, Stopping threads took: 0.0000580 seconds
74.236: Application time: 0.0294120 seconds
74.236: [GC [PSYoungGen: 7662K->1008K(7680K)] 13148K->6517K(25088K), 0.0004180 secs] [Times: user=0.00 sys=0.00, real=0.00 secs] 
74.237: Total time for which application threads were stopped: 0.0005110 seconds, Stopping threads took: 0.0000440 seconds
74.266: Application time: 0.0293890 seconds
74.266: [GC [PSYoungGen: 7662K->800K(7680K)] 13172K->6514K(25088K), 0.0004110 secs] [Times: user=0.00 sys=0.00, real=0.00 secs] 
74.267: Total time for which application threads were stopped: 0.0005300 seconds, Stopping threads took: 0.0000590 seconds
74.294: Application time: 0.0276130 seconds
74.294: [GC [PSYoungGen: 7454K->928K(7680K)] 13168K->6642K(25088K), 0.0003980 secs] [Times: user=0.00 sys=0.00, real=0.00 secs] 
74.295: Total time for which application threads were stopped: 0.0004800 seconds, Stopping threads took: 0.0000330 seconds
74.323: Application time: 0.0279500 seconds
74.323: [GC [PSYoungGen: 7582K->832K(7680K)] 13296K->6658K(25088K), 0.0004140 secs] [Times: user=0.00 sys=0.00, real=0.00 secs] 
74.323: Total time for which application threads were stopped: 0.0005220 seconds, Stopping threads took: 0.0000590 seconds
74.353: Application time: 0.0298590 seconds
74.353: [GC [PSYoungGen: 7486K->608K(7680K)] 13312K->6654K(25088K), 0.0003750 secs] [Times: user=0.00 sys=0.00, real=0.00 secs] 
74.354: Total time for which application threads were stopped: 0.0004750 seconds, Stopping threads took: 0.0000510 seconds
74.383: Application time: 0.0296700 seconds
74.383: [GC [PSYoungGen: 7262K->640K(7680K)] 13309K->6686K(25088K), 0.0003390 secs] [Times: user=0.00 sys=0.00, real=0.00 secs] 
74.384: Total time for which application threads were stopped: 0.0004320 seconds, Stopping threads took: 0.0000420 seconds
74.414: Application time: 0.0300100 seconds
74.414: [GC [PSYoungGen: 7294K->608K(7680K)] 13341K->6678K(25088K), 0.0003420 secs] [Times: user=0.00 sys=0.00, real=0.00 secs] 
74.414: Total time for which application threads were stopped: 0.0004490 seconds, Stopping threads took: 0.0000550 seconds
74.444: Application time: 0.0300010 seconds
74.444: [GC [PSYoungGen: 7262K->640K(7680K)] 13333K->6718K(25088K), 0.0003590 secs] [Times: user=0.00 sys=0.00, real=0.00 secs] 
74.445: Total time for which application threads were stopped: 0.0004620 seconds, Stopping threads took: 0.0000520 seconds
74.474: Application time: 0.0297980 seconds
74.475: [GC [PSYoungGen: 7294K->640K(7680K)] 13373K->6718K(25088K), 0.0003490 secs] [Times: user=0.00 sys=0.00, real=0.00 secs] 
74.475: Total time for which application threads were stopped: 0.0004450 seconds, Stopping threads took: 0.0000460 seconds
74.505: Application time: 0.0299590 seconds
74.507: [GC [PSYoungGen: 7294K->704K(7680K)] 13373K->6782K(25088K), 0.0003320 secs] [Times: user=0.01 sys=0.00, real=0.00 secs] 
74.507: Total time for which application threads were stopped: 0.0025960 seconds, Stopping threads took: 0.0022080 seconds
74.537: Application time: 0.0297360 seconds
74.537: [GC [PSYoungGen: 7358K->672K(7680K)] 13437K->6750K(25088K), 0.0003530 secs] [Times: user=0.01 sys=0.00, real=0.00 secs] 
74.538: Total time for which application threads were stopped: 0.0004770 seconds, Stopping threads took: 0.0000720 seconds
74.568: Application time: 0.0299320 seconds
74.568: [GC [PSYoungGen: 7326K->608K(7680K)] 13405K->6686K(25088K), 0.0003850 secs] [Times: user=0.01 sys=0.00, real=0.00 secs] 
74.568: Total time for which application threads were stopped: 0.0004880 seconds, Stopping threads took: 0.0000520 seconds
74.598: Application time: 0.0299840 seconds
74.598: [GC [PSYoungGen: 7260K->544K(7680K)] 13338K->6699K(25088K), 0.0003740 secs] [Times: user=0.00 sys=0.00, real=0.00 secs] 
74.599: Total time for which application threads were stopped: 0.0004820 seconds, Stopping threads took: 0.0000560 seconds
74.628: Application time: 0.0298570 seconds
74.629: [GC [PSYoungGen: 7198K->512K(7680K)] 13354K->6759K(25088K), 0.0003230 secs] [Times: user=0.00 sys=0.00, real=0.00 secs] 
74.629: Total time for which application threads were stopped: 0.0004110 seconds, Stopping threads took: 0.0000380 seconds
74.659: Application time: 0.0298930 seconds
74.659: [GC [PSYoungGen: 7166K->512K(7680K)] 13414K->6759K(25088K), 0.0003410 secs] [Times: user=0.00 sys=0.00, real=0.01 secs] 
74.659: Total time for which application threads were stopped: 0.0004300 seconds, Stopping threads took: 0.0000360 seconds
74.689: Application time: 0.0297720 seconds
74.689: [GC [PSYoungGen: 7166K->512K(7680K)] 13414K->6759K(25088K), 0.0003400 secs] [Times: user=0.00 sys=0.00, real=0.00 secs] 
74.689: Total time for which application threads were stopped: 0.0004380 seconds, Stopping threads took: 0.0000510 seconds
74.719: Application time: 0.0296730 seconds
74.719: [GC [PSYoungGen: 7166K->480K(7680K)] 13414K->6727K(25088K), 0.0003210 secs] [Times: user=0.00 sys=0.00, real=0.00 secs] 
74.719: Total time for which application threads were stopped: 0.0004080 seconds, Stopping threads took: 0.0000390 seconds
74.749: Application time: 0.0297650 seconds
74.749: [GC [PSYoungGen: 7134K->416K(7680K)] 13382K->6884K(25088K), 0.0004500 secs] [Times: user=0.00 sys=0.00, real=0.00 secs] 
74.750: Total time for which application threads were stopped: 0.0005840 seconds, Stopping threads took: 0.0000780 seconds
74.779: Application time: 0.0296270 seconds
74.780: [GC [PSYoungGen: 7070K->0K(7680K)] 13539K->6680K(25088K), 0.0003390 secs] [Times: user=0.00 sys=0.00, real=0.00 secs] 
74.780: Total time for which application threads were stopped: 0.0004490 seconds, Stopping threads took: 0.0000520 seconds
74.801: Application time: 0.0208370 seconds
74.801: [GC [PSYoungGen: 6654K->288K(7680K)] 13335K->6968K(25088K), 0.0003550 secs] [Times: user=0.00 sys=0.00, real=0.00 secs] 
74.801: Total time for which application threads were stopped: 0.0004480 seconds, Stopping threads took: 0.0000450 seconds
74.823: Application time: 0.0213300 seconds
74.823: [GC [PSYoungGen: 6943K->352K(7680K)] 13624K->7032K(25088K), 0.0003120 secs] [Times: user=0.00 sys=0.00, real=0.00 secs] 
74.823: Total time for which application threads were stopped: 0.0004070 seconds, Stopping threads took: 0.0000470 seconds
74.841: Application time: 0.0184120 seconds
74.841: [GC [PSYoungGen: 7004K->544K(7680K)] 13685K->7224K(25088K), 0.0003430 secs] [Times: user=0.00 sys=0.00, real=0.00 secs] 
74.842: Total time for which application threads were stopped: 0.0004540 seconds, Stopping threads took: 0.0000630 seconds
74.863: Application time: 0.0215510 seconds
74.863: [GC [PSYoungGen: 7199K->512K(7680K)] 13880K->7192K(25088K), 0.0003490 secs] [Times: user=0.00 sys=0.00, real=0.00 secs] 
74.864: Total time for which application threads were stopped: 0.0004470 seconds, Stopping threads took: 0.0000500 seconds
74.889: Application time: 0.0255280 seconds
74.889: [GC [PSYoungGen: 7164K->512K(7680K)] 13844K->7192K(25088K), 0.0003790 secs] [Times: user=0.00 sys=0.00, real=0.00 secs] 
74.890: Total time for which application threads were stopped: 0.0004850 seconds, Stopping threads took: 0.0000540 seconds
74.918: Application time: 0.0281640 seconds
74.918: [GC [PSYoungGen: 7166K->544K(7680K)] 13847K->7224K(25088K), 0.0003880 secs] [Times: user=0.00 sys=0.00, real=0.00 secs] 
74.918: Total time for which application threads were stopped: 0.0004820 seconds, Stopping threads took: 0.0000440 seconds
74.948: Application time: 0.0294500 seconds
74.948: [GC [PSYoungGen: 7198K->544K(7680K)] 13879K->7224K(25088K), 0.0003630 secs] [Times: user=0.00 sys=0.00, real=0.00 secs] 
74.948: Total time for which application threads were stopped: 0.0004640 seconds, Stopping threads took: 0.0000490 seconds
74.978: Application time: 0.0300630 seconds
74.979: [GC [PSYoungGen: 7198K->512K(7680K)] 13879K->7192K(25088K), 0.0003760 secs] [Times: user=0.00 sys=0.00, real=0.00 secs] 
74.979: Total time for which application threads were stopped: 0.0004630 seconds, Stopping threads took: 0.0000380 seconds
75.008: Application time: 0.0295560 seconds
75.009: [GC [PSYoungGen: 7166K->512K(7680K)] 13847K->7192K(25088K), 0.0003350 secs] [Times: user=0.00 sys=0.00, real=0.00 secs] 
75.009: Total time for which application threads were stopped: 0.0004380 seconds, Stopping threads took: 0.0000540 seconds
75.038: Application time: 0.0294550 seconds
75.038: [GC [PSYoungGen: 7166K->512K(7680K)] 13847K->7192K(25088K), 0.0003380 secs] [Times: user=0.01 sys=0.00, real=0.00 secs] 
75.039: Total time for which application threads were stopped: 0.0004310 seconds, Stopping threads took: 0.0000430 seconds
75.068: Application time: 0.0294670 seconds
75.068: [GC [PSYoungGen: 7166K->480K(7680K)] 13847K->7160K(25088K), 0.0003230 secs] [Times: user=0.00 sys=0.00, real=0.00 secs] 
75.069: Total time for which application threads were stopped: 0.0004170 seconds, Stopping threads took: 0.0000450 seconds
75.098: Application time: 0.0294610 seconds
75.098: [GC [PSYoungGen: 7134K->480K(7680K)] 13815K->7160K(25088K), 0.0003770 secs] [Times: user=0.00 sys=0.00, real=0.00 secs] 
75.099: Total time for which application threads were stopped: 0.0004710 seconds, Stopping threads took: 0.0000460 seconds
75.128: Application time: 0.0293920 seconds
75.128: [GC [PSYoungGen: 7134K->480K(7680K)] 13815K->7160K(25088K), 0.0003790 secs] [Times: user=0.01 sys=0.00, real=0.00 secs] 
75.129: Total time for which application threads were stopped: 0.0004840 seconds, Stopping threads took: 0.0000540 seconds
75.158: Application time: 0.0295390 seconds
75.158: [GC [PSYoungGen: 7134K->480K(7680K)] 13815K->7160K(25088K), 0.0003430 secs] [Times: user=0.00 sys=0.00, real=0.00 secs] 
75.158: Total time for which application threads were stopped: 0.0004370 seconds, Stopping threads took: 0.0000430 seconds
75.182: Application time: 0.0231630 seconds
75.182: [GC [PSYoungGen: 7131K->672K(7680K)] 13812K->7352K(25088K), 0.0004030 secs] [Times: user=0.00 sys=0.00, real=0.00 secs] 
75.182: Total time for which application threads were stopped: 0.0004940 seconds, Stopping threads took: 0.0000430 seconds
75.200: Application time: 0.0181540 seconds
75.200: [GC [PSYoungGen: 7327K->928K(7680K)] 14008K->7608K(25088K), 0.0004200 secs] [Times: user=0.00 sys=0.00, real=0.00 secs] 
75.201: Total time for which application threads were stopped: 0.0005170 seconds, Stopping threads took: 0.0000440 seconds
75.216: Application time: 0.0156630 seconds
75.217: [GC [PSYoungGen: 7558K->832K(7680K)] 14239K->7512K(25088K), 0.0003740 secs] [Times: user=0.00 sys=0.00, real=0.00 secs] 
75.217: Total time for which application threads were stopped: 0.0004880 seconds, Stopping threads took: 0.0000630 seconds
75.237: Application time: 0.0202640 seconds
75.237: [GC [PSYoungGen: 7483K->960K(7680K)] 14164K->7640K(25088K), 0.0004490 secs] [Times: user=0.01 sys=0.00, real=0.00 secs] 
75.238: Total time for which application threads were stopped: 0.0005410 seconds, Stopping threads took: 0.0000420 seconds
75.265: Application time: 0.0273950 seconds
75.265: [GC [PSYoungGen: 7614K->960K(7680K)] 14295K->7640K(25088K), 0.0003940 secs] [Times: user=0.01 sys=0.00, real=0.00 secs] 
75.266: Total time for which application threads were stopped: 0.0004820 seconds, Stopping threads took: 0.0000390 seconds
75.293: Application time: 0.0269840 seconds
75.293: [GC [PSYoungGen: 7612K->1008K(7680K)] 14293K->7688K(25088K), 0.0004760 secs] [Times: user=0.01 sys=0.00, real=0.00 secs] 
75.293: Total time for which application threads were stopped: 0.0005950 seconds, Stopping threads took: 0.0000570 seconds
75.322: Application time: 0.0285500 seconds
75.322: [GC [PSYoungGen: 7663K->992K(7680K)] 14344K->7672K(25088K), 0.0004980 secs] [Times: user=0.00 sys=0.00, real=0.00 secs] 
75.322: Total time for which application threads were stopped: 0.0006070 seconds, Stopping threads took: 0.0000550 seconds
75.352: Application time: 0.0294590 seconds
75.352: [GC [PSYoungGen: 7646K->976K(7680K)] 14327K->7656K(25088K), 0.0004410 secs] [Times: user=0.00 sys=0.00, real=0.00 secs] 
75.352: Total time for which application threads were stopped: 0.0005480 seconds, Stopping threads took: 0.0000570 seconds
75.382: Application time: 0.0299640 seconds
75.382: [GC [PSYoungGen: 7630K->1008K(7680K)] 14311K->7696K(25088K), 0.0004310 secs] [Times: user=0.00 sys=0.00, real=0.00 secs] 
75.383: Total time for which application threads were stopped: 0.0005390 seconds, Stopping threads took: 0.0000590 seconds
75.412: Application time: 0.0293970 seconds
75.412: [GC [PSYoungGen: 7662K->896K(7680K)] 14351K->7712K(25088K), 0.0004130 secs] [Times: user=0.01 sys=0.00, real=0.00 secs] 
75.413: Total time for which application threads were stopped: 0.0005070 seconds, Stopping threads took: 0.0000440 seconds
75.439: Application time: 0.0259370 seconds
75.443: [GC [PSYoungGen: 7548K->976K(7680K)] 14364K->7920K(25088K), 0.0004950 secs] [Times: user=0.00 sys=0.00, real=0.00 secs] 
75.444: Total time for which application threads were stopped: 0.0048830 seconds, Stopping threads took: 0.0043360 seconds
75.466: Application time: 0.0226910 seconds
75.466: [GC [PSYoungGen: 7630K->1008K(7680K)] 14575K->8088K(25088K), 0.0004560 secs] [Times: user=0.00 sys=0.00, real=0.00 secs] 
75.467: Total time for which application threads were stopped: 0.0005610 seconds, Stopping threads took: 0.0000550 seconds
75.486: Application time: 0.0194580 seconds
75.486: [GC [PSYoungGen: 7660K->992K(7680K)] 14741K->8224K(25088K), 0.0004700 secs] [Times: user=0.00 sys=0.00, real=0.00 secs] 
75.487: Total time for which application threads were stopped: 0.0005890 seconds, Stopping threads took: 0.0000680 seconds
75.506: Application time: 0.0188580 seconds
75.506: [GC [PSYoungGen: 7645K->1008K(7680K)] 14878K->8417K(25088K), 0.0005400 secs] [Times: user=0.00 sys=0.00, real=0.00 secs] 
75.506: Total time for which application threads were stopped: 0.0006470 seconds, Stopping threads took: 0.0000560 seconds
75.528: Application time: 0.0211370 seconds
75.528: [GC [PSYoungGen: 7662K->992K(7680K)] 15071K->8457K(25088K), 0.0004710 secs] [Times: user=0.00 sys=0.00, real=0.00 secs] 
75.528: Total time for which application threads were stopped: 0.0005740 seconds, Stopping threads took: 0.0000510 seconds
75.556: Application time: 0.0280490 seconds
75.556: [GC [PSYoungGen: 7621K->944K(7680K)] 15086K->8409K(25088K), 0.0004490 secs] [Times: user=0.00 sys=0.00, real=0.00 secs] 
75.557: Total time for which application threads were stopped: 0.0005560 seconds, Stopping threads took: 0.0000560 seconds
75.585: Application time: 0.0280800 seconds
75.585: [GC [PSYoungGen: 7599K->1008K(7680K)] 15064K->8537K(25088K), 0.0004360 secs] [Times: user=0.00 sys=0.00, real=0.00 secs] 
75.585: Total time for which application threads were stopped: 0.0005340 seconds, Stopping threads took: 0.0000440 seconds
75.605: Application time: 0.0197200 seconds
75.605: [GC [PSYoungGen: 7660K->1008K(7680K)] 15189K->9009K(25088K), 0.0005770 secs] [Times: user=0.01 sys=0.00, real=0.00 secs] 
75.606: Total time for which application threads were stopped: 0.0006800 seconds, Stopping threads took: 0.0000540 seconds
75.621: Application time: 0.0149450 seconds
75.621: [GC [PSYoungGen: 7660K->1008K(7680K)] 15661K->9594K(25088K), 0.0006150 secs] [Times: user=0.01 sys=0.00, real=0.00 secs] 
75.621: Total time for which application threads were stopped: 0.0007120 seconds, Stopping threads took: 0.0000470 seconds
75.638: Application time: 0.0160500 seconds
75.638: [GC [PSYoungGen: 7663K->992K(7680K)] 16250K->9706K(25088K), 0.0004950 secs] [Times: user=0.00 sys=0.00, real=0.00 secs] 
75.638: Total time for which application threads were stopped: 0.0005960 seconds, Stopping threads took: 0.0000510 seconds
75.660: Application time: 0.0213930 seconds
75.660: [GC [PSYoungGen: 7643K->912K(7680K)] 16358K->9718K(25088K), 0.0004820 secs] [Times: user=0.00 sys=0.00, real=0.00 secs] 
75.660: Total time for which application threads were stopped: 0.0006110 seconds, Stopping threads took: 0.0000660 seconds
75.689: Application time: 0.0290330 seconds
75.691: [GC [PSYoungGen: 7564K->960K(7680K)] 16371K->9774K(25088K), 0.0004570 secs] [Times: user=0.00 sys=0.00, real=0.00 secs] 
75.692: Total time for which application threads were stopped: 0.0024830 seconds, Stopping threads took: 0.0019780 seconds
75.719: Application time: 0.0269130 seconds
75.719: [GC [PSYoungGen: 7508K->800K(7680K)] 16323K->9614K(25088K), 0.0004770 secs] [Times: user=0.00 sys=0.00, real=0.01 secs] 
75.719: Total time for which application threads were stopped: 0.0005750 seconds, Stopping threads took: 0.0000500 seconds
75.748: Application time: 0.0293010 seconds
75.749: [GC [PSYoungGen: 7453K->944K(7680K)] 16268K->9758K(25088K), 0.0005790 secs] [Times: user=0.00 sys=0.00, real=0.00 secs] 
75.749: Total time for which application threads were stopped: 0.0007060 seconds, Stopping threads took: 0.0000610 seconds
75.779: Application time: 0.0301370 seconds
75.779: [GC [PSYoungGen: 7598K->1008K(7680K)] 16413K->9822K(25088K), 0.0005210 secs] [Times: user=0.00 sys=0.00, real=0.00 secs] 
75.780: Total time for which application threads were stopped: 0.0006330 seconds, Stopping threads took: 0.0000590 seconds
75.810: Application time: 0.0296490 seconds
75.810: [GC [PSYoungGen: 7660K->944K(7680K)] 16475K->9758K(25088K), 0.0005030 secs] [Times: user=0.01 sys=0.00, real=0.00 secs] 
75.810: Total time for which application threads were stopped: 0.0006110 seconds, Stopping threads took: 0.0000470 seconds
75.839: Application time: 0.0291940 seconds
75.839: [GC [PSYoungGen: 7598K->912K(7680K)] 16413K->9790K(25088K), 0.0004380 secs] [Times: user=0.00 sys=0.00, real=0.00 secs] 
75.840: Total time for which application threads were stopped: 0.0005430 seconds, Stopping threads took: 0.0000520 seconds
75.869: Application time: 0.0294350 seconds
75.869: [GC [PSYoungGen: 7566K->928K(7680K)] 16445K->9806K(25088K), 0.0004570 secs] [Times: user=0.00 sys=0.00, real=0.00 secs] 
75.870: Total time for which application threads were stopped: 0.0005780 seconds, Stopping threads took: 0.0000720 seconds
75.898: Application time: 0.0285530 seconds
75.899: [GC [PSYoungGen: 7580K->928K(7680K)] 16459K->9934K(25088K), 0.0004320 secs] [Times: user=0.00 sys=0.00, real=0.00 secs] 
75.899: Total time for which application threads were stopped: 0.0005390 seconds, Stopping threads took: 0.0000550 seconds
75.926: Application time: 0.0270000 seconds
75.926: [GC [PSYoungGen: 7581K->1008K(7680K)] 16587K->10107K(25088K), 0.0004730 secs] [Times: user=0.01 sys=0.00, real=0.00 secs] 
75.927: Total time for which application threads were stopped: 0.0005720 seconds, Stopping threads took: 0.0000480 seconds
75.956: Application time: 0.0294460 seconds
75.956: [GC [PSYoungGen: 7662K->960K(7680K)] 16762K->10127K(25088K), 0.0004610 secs] [Times: user=0.00 sys=0.00, real=0.00 secs] 
75.957: Total time for which application threads were stopped: 0.0005580 seconds, Stopping threads took: 0.0000490 seconds
75.986: Application time: 0.0294740 seconds
75.986: [GC [PSYoungGen: 7614K->1008K(7680K)] 16782K->10208K(25088K), 0.0004500 secs] [Times: user=0.00 sys=0.00, real=0.00 secs] 
75.987: Total time for which application threads were stopped: 0.0005440 seconds, Stopping threads took: 0.0000460 seconds
76.016: Application time: 0.0296460 seconds
76.016: [GC [PSYoungGen: 7662K->928K(7680K)] 16862K->10192K(25088K), 0.0005250 secs] [Times: user=0.00 sys=0.00, real=0.00 secs] 
76.017: Total time for which application threads were stopped: 0.0006190 seconds, Stopping threads took: 0.0000450 seconds
76.046: Application time: 0.0286410 seconds
76.046: [GC [PSYoungGen: 7581K->960K(7680K)] 16845K->10272K(25088K), 0.0004160 secs] [Times: user=0.00 sys=0.00, real=0.00 secs] 
76.046: Total time for which application threads were stopped: 0.0005100 seconds, Stopping threads took: 0.0000430 seconds
76.073: Application time: 0.0270520 seconds
76.073: [GC [PSYoungGen: 7615K->992K(7680K)] 16927K->10376K(25088K), 0.0004920 secs] [Times: user=0.00 sys=0.00, real=0.00 secs] 
76.074: Total time for which application threads were stopped: 0.0006020 seconds, Stopping threads took: 0.0000510 seconds
76.103: Application time: 0.0296970 seconds
76.103: [GC [PSYoungGen: 7646K->832K(7680K)] 17030K->10272K(25088K), 0.0005250 secs] [Times: user=0.00 sys=0.00, real=0.00 secs] 
76.104: Total time for which application threads were stopped: 0.0006280 seconds, Stopping threads took: 0.0000550 seconds
76.134: Application time: 0.0299340 seconds
76.134: [GC [PSYoungGen: 7486K->832K(7680K)] 16926K->10272K(25088K), 0.0004630 secs] [Times: user=0.01 sys=0.00, real=0.00 secs] 
76.135: Total time for which application threads were stopped: 0.0005490 seconds, Stopping threads took: 0.0000410 seconds
76.164: Application time: 0.0298050 seconds
76.164: [GC [PSYoungGen: 7486K->832K(7680K)] 16926K->10280K(25088K), 0.0003690 secs] [Times: user=0.01 sys=0.00, real=0.00 secs] 
76.165: Total time for which application threads were stopped: 0.0004680 seconds, Stopping threads took: 0.0000500 seconds
76.195: Application time: 0.0299950 seconds
76.195: [GC [PSYoungGen: 7486K->832K(7680K)] 16934K->10288K(25088K), 0.0003770 secs] [Times: user=0.00 sys=0.00, real=0.00 secs] 
76.195: Total time for which application threads were stopped: 0.0004790 seconds, Stopping threads took: 0.0000520 seconds
76.225: Application time: 0.0300160 seconds
76.225: [GC [PSYoungGen: 7484K->832K(7680K)] 16940K->10288K(25088K), 0.0004250 secs] [Times: user=0.01 sys=0.00, real=0.00 secs] 
76.226: Total time for which application threads were stopped: 0.0005300 seconds, Stopping threads took: 0.0000550 seconds
76.256: Application time: 0.0300210 seconds
76.256: [GC [PSYoungGen: 7486K->832K(7680K)] 16942K->10288K(25088K), 0.0003580 secs] [Times: user=0.00 sys=0.00, real=0.00 secs] 
76.256: Total time for which application threads were stopped: 0.0004650 seconds, Stopping threads took: 0.0000600 seconds
76.286: Application time: 0.0298780 seconds
76.286: [GC [PSYoungGen: 7486K->896K(7680K)] 16942K->10352K(25088K), 0.0004200 secs] [Times: user=0.00 sys=0.00, real=0.00 secs] 
76.287: Total time for which application threads were stopped: 0.0005250 seconds, Stopping threads took: 0.0000580 seconds
76.317: Application time: 0.0300160 seconds
76.317: [GC [PSYoungGen: 7550K->864K(7680K)] 17006K->10320K(25088K), 0.0003700 secs] [Times: user=0.00 sys=0.00, real=0.00 secs] 
76.317: Total time for which application threads were stopped: 0.0004850 seconds, Stopping threads took: 0.0000590 seconds
76.348: Application time: 0.0303070 seconds
76.348: [GC [PSYoungGen: 7518K->928K(7680K)] 16974K->10384K(25088K), 0.0003810 secs] [Times: user=0.00 sys=0.00, real=0.00 secs] 
76.348: Total time for which application threads were stopped: 0.0004850 seconds, Stopping threads took: 0.0000550 seconds
76.378: Application time: 0.0299860 seconds
76.378: [GC [PSYoungGen: 7582K->480K(7680K)] 17038K->10313K(25088K), 0.0004020 secs] [Times: user=0.01 sys=0.00, real=0.00 secs] 
76.379: Total time for which application threads were stopped: 0.0005040 seconds, Stopping threads took: 0.0000510 seconds
76.408: Application time: 0.0298940 seconds
76.408: [GC [PSYoungGen: 7134K->512K(7680K)] 16967K->10345K(25088K), 0.0003220 secs] [Times: user=0.01 sys=0.00, real=0.00 secs] 
76.409: Total time for which application threads were stopped: 0.0004290 seconds, Stopping threads took: 0.0000590 seconds
76.439: Application time: 0.0300460 seconds
76.439: [GC [PSYoungGen: 7166K->512K(7680K)] 16999K->10345K(25088K), 0.0003350 secs] [Times: user=0.00 sys=0.00, real=0.01 secs] 
76.439: Total time for which application threads were stopped: 0.0004300 seconds, Stopping threads took: 0.0000420 seconds
76.471: Application time: 0.0314920 seconds
76.471: [GC [PSYoungGen: 7166K->448K(7680K)] 16999K->10281K(25088K), 0.0003890 secs] [Times: user=0.00 sys=0.00, real=0.01 secs] 
76.471: Total time for which application threads were stopped: 0.0005030 seconds, Stopping threads took: 0.0000620 seconds
76.501: Application time: 0.0297330 seconds
76.501: [GC [PSYoungGen: 7102K->512K(7680K)] 16935K->10345K(25088K), 0.0004140 secs] [Times: user=0.00 sys=0.00, real=0.00 secs] 
76.502: Total time for which application threads were stopped: 0.0005040 seconds, Stopping threads took: 0.0000440 seconds
76.531: Application time: 0.0298520 seconds
76.531: [GC [PSYoungGen: 7166K->0K(7680K)] 16999K->10242K(25088K), 0.0003690 secs] [Times: user=0.00 sys=0.00, real=0.00 secs] 
76.532: Total time for which application threads were stopped: 0.0004770 seconds, Stopping threads took: 0.0000590 seconds
76.560: Application time: 0.0276720 seconds
76.560: [GC [PSYoungGen: 6654K->320K(7680K)] 16896K->10562K(25088K), 0.0003100 secs] [Times: user=0.00 sys=0.00, real=0.00 secs] 
76.560: Total time for which application threads were stopped: 0.0004080 seconds, Stopping threads took: 0.0000490 seconds
76.581: Application time: 0.0208630 seconds
76.581: [GC [PSYoungGen: 6972K->288K(7680K)] 17215K->10530K(25088K), 0.0003420 secs] [Times: user=0.00 sys=0.00, real=0.00 secs] 
76.581: Total time for which application threads were stopped: 0.0004420 seconds, Stopping threads took: 0.0000510 seconds
76.598: Application time: 0.0170480 seconds
76.599: [GC [PSYoungGen: 6943K->512K(7680K)] 17185K->10754K(25088K), 0.0003820 secs] [Times: user=0.01 sys=0.00, real=0.00 secs] 
76.600: Total time for which application threads were stopped: 0.0012120 seconds, Stopping threads took: 0.0007830 seconds
76.620: Application time: 0.0206830 seconds
76.620: [GC [PSYoungGen: 7164K->544K(7680K)] 17406K->10786K(25088K), 0.0003700 secs] [Times: user=0.00 sys=0.00, real=0.00 secs] 
76.621: Total time for which application threads were stopped: 0.0004610 seconds, Stopping threads took: 0.0000440 seconds
76.643: Application time: 0.0225210 seconds
76.643: [GC [PSYoungGen: 7197K->512K(7680K)] 17439K->10754K(25088K), 0.0003560 secs] [Times: user=0.00 sys=0.00, real=0.00 secs] 
76.644: Total time for which application threads were stopped: 0.0004460 seconds, Stopping threads took: 0.0000410 seconds
76.672: Application time: 0.0281620 seconds
76.672: [GC [PSYoungGen: 7166K->512K(7680K)] 17408K->10754K(25088K), 0.0003530 secs] [Times: user=0.00 sys=0.00, real=0.00 secs] 
76.672: Total time for which application threads were stopped: 0.0004450 seconds, Stopping threads took: 0.0000410 seconds
76.701: Application time: 0.0291820 seconds
76.702: [GC [PSYoungGen: 7164K->448K(7680K)] 17406K->10690K(25088K), 0.0004250 secs] [Times: user=0.00 sys=0.00, real=0.00 secs] 
76.703: Total time for which application threads were stopped: 0.0016120 seconds, Stopping threads took: 0.0000540 seconds
76.732: Application time: 0.0285380 seconds
76.732: [GC [PSYoungGen: 7101K->512K(7680K)] 17343K->10754K(25088K), 0.0003880 secs] [Times: user=0.00 sys=0.00, real=0.00 secs] 
76.732: Total time for which application threads were stopped: 0.0004810 seconds, Stopping threads took: 0.0000450 seconds
76.762: Application time: 0.0301140 seconds
76.762: [GC [PSYoungGen: 7164K->544K(7680K)] 17406K->10786K(25088K), 0.0003790 secs] [Times: user=0.01 sys=0.00, real=0.00 secs] 
76.763: Total time for which application threads were stopped: 0.0004760 seconds, Stopping threads took: 0.0000430 seconds
76.793: Application time: 0.0298910 seconds
76.793: [GC [PSYoungGen: 7196K->512K(7680K)] 17438K->10754K(25088K), 0.0003310 secs] [Times: user=0.00 sys=0.00, real=0.00 secs] 
76.793: Total time for which application threads were stopped: 0.0004430 seconds, Stopping threads took: 0.0000590 seconds
76.823: Application time: 0.0295470 seconds
76.823: [GC [PSYoungGen: 7166K->544K(7680K)] 17408K->10786K(25088K), 0.0003440 secs] [Times: user=0.01 sys=0.00, real=0.00 secs] 
76.823: Total time for which application threads were stopped: 0.0004540 seconds, Stopping threads took: 0.0000520 seconds
76.853: Application time: 0.0296110 seconds
76.853: [GC [PSYoungGen: 7198K->480K(7680K)] 17440K->10722K(25088K), 0.0003520 secs] [Times: user=0.00 sys=0.00, real=0.00 secs] 
76.853: Total time for which application threads were stopped: 0.0004560 seconds, Stopping threads took: 0.0000530 seconds
76.882: Application time: 0.0293920 seconds
76.883: [GC [PSYoungGen: 7134K->544K(7680K)] 17376K->10786K(25088K), 0.0003410 secs] [Times: user=0.00 sys=0.00, real=0.00 secs] 
76.883: Total time for which application threads were stopped: 0.0004440 seconds, Stopping threads took: 0.0000530 seconds
76.912: Application time: 0.0294790 seconds
76.912: [GC [PSYoungGen: 7198K->512K(7680K)] 17440K->10754K(25088K), 0.0003320 secs] [Times: user=0.00 sys=0.00, real=0.00 secs] 
76.913: Total time for which application threads were stopped: 0.0004470 seconds, Stopping threads took: 0.0000630 seconds
76.932: Application time: 0.0195300 seconds
76.932: [GC [PSYoungGen: 7163K->960K(7680K)] 17406K->11202K(25088K), 0.0004660 secs] [Times: user=0.01 sys=0.00, real=0.00 secs] 
76.933: Total time for which application threads were stopped: 0.0005670 seconds, Stopping threads took: 0.0000480 seconds
76.949: Application time: 0.0162370 seconds
76.949: [GC [PSYoungGen: 7614K->960K(7680K)] 17857K->11202K(25088K), 0.0004200 secs] [Times: user=0.00 sys=0.00, real=0.00 secs] 
76.950: Total time for which application threads were stopped: 0.0005260 seconds, Stopping threads took: 0.0000570 seconds
76.967: Application time: 0.0168030 seconds
76.967: [GC [PSYoungGen: 7612K->928K(7680K)] 17854K->11170K(25088K), 0.0003970 secs] [Times: user=0.00 sys=0.00, real=0.00 secs] 
76.967: Total time for which application threads were stopped: 0.0004970 seconds, Stopping threads took: 0.0000520 seconds
76.994: Application time: 0.0266210 seconds
76.994: [GC [PSYoungGen: 7582K->992K(7680K)] 17824K->11234K(25088K), 0.0004210 secs] [Times: user=0.00 sys=0.00, real=0.00 secs] 
76.994: Total time for which application threads were stopped: 0.0005400 seconds, Stopping threads took: 0.0000670 seconds
77.021: Application time: 0.0270070 seconds
77.021: [GC [PSYoungGen: 7646K->960K(7680K)] 17888K->11202K(25088K), 0.0004610 secs] [Times: user=0.00 sys=0.00, real=0.00 secs] 
77.022: Total time for which application threads were stopped: 0.0005510 seconds, Stopping threads took: 0.0000410 seconds
77.047: Application time: 0.0249090 seconds
77.047: [GC [PSYoungGen: 7615K->992K(7680K)] 17857K->11266K(25088K), 0.0005260 secs] [Times: user=0.00 sys=0.00, real=0.00 secs] 
77.047: Total time for which application threads were stopped: 0.0006370 seconds, Stopping threads took: 0.0000580 seconds
77.077: Application time: 0.0301140 seconds
77.077: [GC [PSYoungGen: 7646K->896K(7680K)] 17921K->11298K(25088K), 0.0004540 secs] [Times: user=0.01 sys=0.00, real=0.00 secs] 
77.078: Total time for which application threads were stopped: 0.0005470 seconds, Stopping threads took: 0.0000440 seconds
77.108: Application time: 0.0299780 seconds
77.108: [GC [PSYoungGen: 7548K->896K(7680K)] 17950K->11298K(25088K), 0.0004720 secs] [Times: user=0.00 sys=0.00, real=0.00 secs] 
77.109: Total time for which application threads were stopped: 0.0005720 seconds, Stopping threads took: 0.0000460 seconds
77.138: Application time: 0.0296470 seconds
77.138: [GC [PSYoungGen: 7550K->912K(7680K)] 17952K->11314K(25088K), 0.0004640 secs] [Times: user=0.00 sys=0.00, real=0.00 secs] 
77.139: Total time for which application threads were stopped: 0.0005630 seconds, Stopping threads took: 0.0000500 seconds
77.168: Application time: 0.0296800 seconds
77.168: [GC [PSYoungGen: 7566K->864K(7680K)] 17969K->11266K(25088K), 0.0004570 secs] [Times: user=0.00 sys=0.00, real=0.00 secs] 
77.169: Total time for which application threads were stopped: 0.0005580 seconds, Stopping threads took: 0.0000480 seconds
77.197: Application time: 0.0278280 seconds
77.197: [GC [PSYoungGen: 7518K->992K(7680K)] 17920K->11434K(25088K), 0.0004400 secs] [Times: user=0.01 sys=0.00, real=0.00 secs] 
77.197: Total time for which application threads were stopped: 0.0005310 seconds, Stopping threads took: 0.0000410 seconds
77.218: Application time: 0.0205720 seconds
77.219: [GC [PSYoungGen: 7645K->992K(7680K)] 18087K->11570K(25088K), 0.0004930 secs] [Times: user=0.00 sys=0.00, real=0.00 secs] 
77.220: Total time for which application threads were stopped: 0.0017670 seconds, Stopping threads took: 0.0012220 seconds
77.237: Application time: 0.0170600 seconds
77.237: [GC [PSYoungGen: 7646K->1008K(7680K)] 18225K->11682K(25088K), 0.0004740 secs] [Times: user=0.00 sys=0.00, real=0.00 secs] 
77.237: Total time for which application threads were stopped: 0.0005780 seconds, Stopping threads took: 0.0000550 seconds
77.258: Application time: 0.0205910 seconds
77.258: [GC [PSYoungGen: 7662K->976K(7680K)] 18337K->11778K(25088K), 0.0005180 secs] [Times: user=0.00 sys=0.00, real=0.00 secs] 
77.259: Total time for which application threads were stopped: 0.0006210 seconds, Stopping threads took: 0.0000530 seconds
77.280: Application time: 0.0216280 seconds
77.280: [GC [PSYoungGen: 7627K->1008K(7680K)] 18429K->11834K(25088K), 0.0004590 secs] [Times: user=0.00 sys=0.00, real=0.00 secs] 
77.281: Total time for which application threads were stopped: 0.0005670 seconds, Stopping threads took: 0.0000600 seconds
77.309: Application time: 0.0278130 seconds
77.309: [GC [PSYoungGen: 7662K->928K(7680K)] 18488K->11930K(25088K), 0.0004700 secs] [Times: user=0.00 sys=0.00, real=0.00 secs] 
77.309: Total time for which application threads were stopped: 0.0005710 seconds, Stopping threads took: 0.0000490 seconds
77.338: Application time: 0.0288840 seconds
77.338: [GC [PSYoungGen: 7580K->912K(7680K)] 18582K->11914K(25088K), 0.0004190 secs] [Times: user=0.01 sys=0.00, real=0.00 secs] 
77.339: Total time for which application threads were stopped: 0.0005270 seconds, Stopping threads took: 0.0000520 seconds
77.364: Application time: 0.0256580 seconds
77.364: [GC [PSYoungGen: 7568K->992K(7680K)] 18570K->12130K(25088K), 0.0005210 secs] [Times: user=0.00 sys=0.00, real=0.00 secs] 
77.365: Total time for which application threads were stopped: 0.0006230 seconds, Stopping threads took: 0.0000510 seconds
77.384: Application time: 0.0188520 seconds
77.387: [GC [PSYoungGen: 7645K->1008K(7680K)] 18783K->12418K(25088K), 0.0005370 secs] [Times: user=0.00 sys=0.00, real=0.00 secs] 
77.388: Total time for which application threads were stopped: 0.0040570 seconds, Stopping threads took: 0.0034650 seconds
77.404: Application time: 0.0164260 seconds
77.404: [GC [PSYoungGen: 7554K->992K(7680K)] 18965K->12703K(25088K), 0.0005190 secs] [Times: user=0.00 sys=0.00, real=0.00 secs] 
77.405: Total time for which application threads were stopped: 0.0006200 seconds, Stopping threads took: 0.0000500 seconds
77.423: Application time: 0.0183510 seconds
77.423: [GC [PSYoungGen: 7646K->1008K(7680K)] 19357K->13087K(25088K), 0.0005190 secs] [Times: user=0.01 sys=0.00, real=0.00 secs] 
77.424: Total time for which application threads were stopped: 0.0006220 seconds, Stopping threads took: 0.0000540 seconds
77.446: Application time: 0.0220050 seconds
77.446: [GC [PSYoungGen: 7661K->1008K(7680K)] 19741K->13247K(25088K), 0.0004860 secs] [Times: user=0.01 sys=0.00, real=0.00 secs] 
77.446: Total time for which application threads were stopped: 0.0005850 seconds, Stopping threads took: 0.0000500 seconds
77.475: Application time: 0.0286260 seconds
77.475: [GC [PSYoungGen: 7662K->992K(7680K)] 19902K->13272K(25088K), 0.0004690 secs] [Times: user=0.00 sys=0.01, real=0.00 secs] 
77.476: Total time for which application threads were stopped: 0.0005680 seconds, Stopping threads took: 0.0000490 seconds
77.504: Application time: 0.0285060 seconds
77.504: [GC [PSYoungGen: 7645K->992K(7680K)] 19925K->13528K(25088K), 0.0005070 secs] [Times: user=0.01 sys=0.00, real=0.00 secs] 
77.505: Total time for which application threads were stopped: 0.0006050 seconds, Stopping threads took: 0.0000490 seconds
77.533: Application time: 0.0287320 seconds
77.533: [GC [PSYoungGen: 7645K->944K(7680K)] 20182K->13480K(25088K), 0.0004990 secs] [Times: user=0.01 sys=0.00, real=0.00 secs] 
77.534: Total time for which application threads were stopped: 0.0006040 seconds, Stopping threads took: 0.0000570 seconds
77.563: Application time: 0.0292890 seconds
77.563: [GC [PSYoungGen: 7598K->992K(7680K)] 20135K->13528K(25088K), 0.0004220 secs] [Times: user=0.00 sys=0.00, real=0.00 secs] 
77.564: Total time for which application threads were stopped: 0.0005230 seconds, Stopping threads took: 0.0000440 seconds
77.593: Application time: 0.0294180 seconds
77.593: [GC [PSYoungGen: 7646K->944K(7680K)] 20183K->13496K(25088K), 0.0004840 secs] [Times: user=0.00 sys=0.00, real=0.00 secs] 
77.594: Total time for which application threads were stopped: 0.0005890 seconds, Stopping threads took: 0.0000540 seconds
77.623: Application time: 0.0291080 seconds
77.623: [GC [PSYoungGen: 7598K->992K(7680K)] 20151K->13544K(25088K), 0.0004270 secs] [Times: user=0.00 sys=0.00, real=0.00 secs] 
77.623: Total time for which application threads were stopped: 0.0005380 seconds, Stopping threads took: 0.0000600 seconds
77.651: Application time: 0.0276960 seconds
77.651: [GC [PSYoungGen: 7646K->992K(7680K)] 20198K->13672K(25088K), 0.0005120 secs] [Times: user=0.00 sys=0.00, real=0.00 secs] 
77.652: Total time for which application threads were stopped: 0.0006220 seconds, Stopping threads took: 0.0000590 seconds
77.680: Application time: 0.0282410 seconds
77.680: [GC [PSYoungGen: 7648K->992K(7680K)] 20328K->13704K(25088K), 0.0004590 secs] [Times: user=0.00 sys=0.00, real=0.00 secs] 
77.681: Total time for which application threads were stopped: 0.0005540 seconds, Stopping threads took: 0.0000420 seconds
77.709: Application time: 0.0286620 seconds
77.711: [GC [PSYoungGen: 7644K->992K(7680K)] 20357K->13864K(25088K), 0.0004870 secs] [Times: user=0.00 sys=0.00, real=0.00 secs] 
77.712: Total time for which application threads were stopped: 0.0024100 seconds, Stopping threads took: 0.0018740 seconds
77.741: Application time: 0.0293260 seconds
77.741: [GC [PSYoungGen: 7646K->1008K(7680K)] 20519K->13888K(25088K), 0.0004350 secs] [Times: user=0.00 sys=0.00, real=0.00 secs] 
77.742: Total time for which application threads were stopped: 0.0005370 seconds, Stopping threads took: 0.0000510 seconds
77.771: Application time: 0.0297680 seconds
77.771: [GC [PSYoungGen: 7662K->992K(7680K)] 20543K->13900K(25088K), 0.0004660 secs] [Times: user=0.00 sys=0.00, real=0.00 secs] 
77.772: Total time for which application threads were stopped: 0.0005730 seconds, Stopping threads took: 0.0000540 seconds
77.800: Application time: 0.0284610 seconds
77.800: [GC [PSYoungGen: 7644K->992K(7680K)] 20552K->14121K(25088K), 0.0004630 secs] [Times: user=0.00 sys=0.00, real=0.00 secs] 
77.801: Total time for which application threads were stopped: 0.0005680 seconds, Stopping threads took: 0.0000510 seconds
77.830: Application time: 0.0287330 seconds
77.831: [GC [PSYoungGen: 7644K->736K(7680K)] 20773K->14121K(25088K), 0.0004820 secs] [Times: user=0.00 sys=0.00, real=0.00 secs] 
77.832: Total time for which application threads were stopped: 0.0020230 seconds, Stopping threads took: 0.0014840 seconds
77.860: Application time: 0.0280130 seconds
77.860: [GC [PSYoungGen: 7389K->672K(7680K)] 20775K->14161K(25088K), 0.0004110 secs] [Times: user=0.00 sys=0.00, real=0.00 secs] 
77.860: Total time for which application threads were stopped: 0.0005220 seconds, Stopping threads took: 0.0000500 seconds
77.890: Application time: 0.0299890 seconds
77.890: [GC [PSYoungGen: 7326K->608K(7680K)] 20816K->14097K(25088K), 0.0004030 secs] [Times: user=0.00 sys=0.00, real=0.00 secs] 
77.891: Total time for which application threads were stopped: 0.0005130 seconds, Stopping threads took: 0.0000570 seconds
77.921: Application time: 0.0299060 seconds
77.921: [GC [PSYoungGen: 7262K->608K(7680K)] 20752K->14097K(25088K), 0.0003920 secs] [Times: user=0.00 sys=0.00, real=0.00 secs] 
77.921: Total time for which application threads were stopped: 0.0004870 seconds, Stopping threads took: 0.0000450 seconds
77.951: Application time: 0.0298020 seconds
77.951: [GC [PSYoungGen: 7262K->608K(7680K)] 20752K->14113K(25088K), 0.0003750 secs] [Times: user=0.00 sys=0.00, real=0.01 secs] 
77.951: Total time for which application threads were stopped: 0.0004840 seconds, Stopping threads took: 0.0000610 seconds
77.982: Application time: 0.0310390 seconds
77.982: [GC [PSYoungGen: 7262K->640K(7680K)] 20768K->14145K(25088K), 0.0004200 secs] [Times: user=0.00 sys=0.00, real=0.00 secs] 
77.983: Total time for which application threads were stopped: 0.0005320 seconds, Stopping threads took: 0.0000510 seconds
78.013: Application time: 0.0300050 seconds
78.013: [GC [PSYoungGen: 7294K->608K(7680K)] 20800K->14113K(25088K), 0.0003520 secs] [Times: user=0.00 sys=0.00, real=0.00 secs] 
78.013: Total time for which application threads were stopped: 0.0004460 seconds, Stopping threads took: 0.0000450 seconds
78.044: Application time: 0.0302230 seconds
78.044: [GC [PSYoungGen: 7262K->608K(7680K)] 20768K->14113K(25088K), 0.0004160 secs] [Times: user=0.00 sys=0.00, real=0.00 secs] 
78.044: Total time for which application threads were stopped: 0.0005200 seconds, Stopping threads took: 0.0000520 seconds
78.074: Application time: 0.0301300 seconds
78.074: [GC [PSYoungGen: 7262K->608K(7680K)] 20768K->14113K(25088K), 0.0003730 secs] [Times: user=0.00 sys=0.00, real=0.00 secs] 
78.075: Total time for which application threads were stopped: 0.0004790 seconds, Stopping threads took: 0.0000570 seconds
78.105: Application time: 0.0300590 seconds
78.107: [GC [PSYoungGen: 7262K->576K(7680K)] 20768K->14157K(25088K), 0.0003530 secs] [Times: user=0.00 sys=0.00, real=0.00 secs] 
78.108: Total time for which application threads were stopped: 0.0026930 seconds, Stopping threads took: 0.0022890 seconds
78.137: Application time: 0.0299530 seconds
78.138: [GC [PSYoungGen: 7230K->544K(7680K)] 20812K->14194K(25088K), 0.0003500 secs] [Times: user=0.00 sys=0.00, real=0.00 secs] 
78.138: Total time for which application threads were stopped: 0.0004580 seconds, Stopping threads took: 0.0000590 seconds
78.168: Application time: 0.0300820 seconds
78.168: [GC [PSYoungGen: 7196K->544K(7680K)] 20846K->14258K(25088K), 0.0003300 secs] [Times: user=0.00 sys=0.00, real=0.00 secs] 
78.168: Total time for which application threads were stopped: 0.0004290 seconds, Stopping threads took: 0.0000500 seconds
78.198: Application time: 0.0297810 seconds
78.198: [GC [PSYoungGen: 7198K->512K(7680K)] 20913K->14226K(25088K), 0.0003560 secs] [Times: user=0.00 sys=0.00, real=0.00 secs] 
78.199: Total time for which application threads were stopped: 0.0004550 seconds, Stopping threads took: 0.0000510 seconds
78.228: Application time: 0.0298260 seconds
78.229: [GC [PSYoungGen: 7166K->512K(7680K)] 20881K->14226K(25088K), 0.0003500 secs] [Times: user=0.00 sys=0.00, real=0.00 secs] 
78.229: Total time for which application threads were stopped: 0.0004500 seconds, Stopping threads took: 0.0000500 seconds
78.259: Application time: 0.0299290 seconds
78.259: [GC [PSYoungGen: 7164K->512K(7680K)] 20878K->14226K(25088K), 0.0003450 secs] [Times: user=0.00 sys=0.00, real=0.01 secs] 
78.259: Total time for which application threads were stopped: 0.0004430 seconds, Stopping threads took: 0.0000480 seconds
78.289: Application time: 0.0295220 seconds
78.289: [GC [PSYoungGen: 7166K->320K(7680K)] 20881K->14250K(25088K), 0.0003550 secs] [Times: user=0.00 sys=0.00, real=0.00 secs] 
78.289: Total time for which application threads were stopped: 0.0004600 seconds, Stopping threads took: 0.0000550 seconds
78.319: Application time: 0.0298240 seconds
78.319: [GC [PSYoungGen: 6973K->192K(7680K)] 20904K->14343K(25088K), 0.0003200 secs] [Times: user=0.00 sys=0.00, real=0.00 secs] 
78.320: Total time for which application threads were stopped: 0.0004160 seconds, Stopping threads took: 0.0000480 seconds
78.340: Application time: 0.0204940 seconds
78.340: [GC [PSYoungGen: 6846K->384K(7680K)] 20997K->14535K(25088K), 0.0003190 secs] [Times: user=0.00 sys=0.00, real=0.00 secs] 
78.340: Total time for which application threads were stopped: 0.0004060 seconds, Stopping threads took: 0.0000400 seconds
78.357: Application time: 0.0164990 seconds
78.357: [GC [PSYoungGen: 7036K->480K(7680K)] 21187K->14631K(25088K), 0.0004250 secs] [Times: user=0.00 sys=0.00, real=0.00 secs] 
78.357: Total time for which application threads were stopped: 0.0005140 seconds, Stopping threads took: 0.0000390 seconds
78.376: Application time: 0.0186350 seconds
78.376: [GC [PSYoungGen: 7132K->512K(7680K)] 21283K->14663K(25088K), 0.0003780 secs] [Times: user=0.00 sys=0.00, real=0.00 secs] 
78.377: Total time for which application threads were stopped: 0.0004930 seconds, Stopping threads took: 0.0000560 seconds
78.400: Application time: 0.0235050 seconds
78.400: [GC [PSYoungGen: 7165K->512K(7680K)] 21317K->14663K(25088K), 0.0003540 secs] [Times: user=0.00 sys=0.00, real=0.00 secs] 
78.401: Total time for which application threads were stopped: 0.0004490 seconds, Stopping threads took: 0.0000440 seconds
78.430: Application time: 0.0293600 seconds
78.430: [GC [PSYoungGen: 7166K->480K(7680K)] 21317K->14631K(25088K), 0.0004060 secs] [Times: user=0.01 sys=0.00, real=0.00 secs] 
78.430: Total time for which application threads were stopped: 0.0004990 seconds, Stopping threads took: 0.0000460 seconds
78.458: Application time: 0.0273740 seconds
78.458: [GC [PSYoungGen: 7134K->544K(7680K)] 21285K->14695K(25088K), 0.0003650 secs] [Times: user=0.01 sys=0.00, real=0.00 secs] 
78.458: Total time for which application threads were stopped: 0.0004530 seconds, Stopping threads took: 0.0000390 seconds
78.488: Application time: 0.0298400 seconds
78.488: [GC [PSYoungGen: 7196K->480K(7680K)] 21347K->14631K(25088K), 0.0003590 secs] [Times: user=0.00 sys=0.00, real=0.00 secs] 
78.489: Total time for which application threads were stopped: 0.0004500 seconds, Stopping threads took: 0.0000440 seconds
78.519: Application time: 0.0305130 seconds
78.519: [GC [PSYoungGen: 7134K->544K(7680K)] 21285K->14695K(25088K), 0.0003780 secs] [Times: user=0.00 sys=0.00, real=0.00 secs] 
78.520: Total time for which application threads were stopped: 0.0005290 seconds, Stopping threads took: 0.0001000 seconds
78.549: Application time: 0.0295760 seconds
78.549: [GC [PSYoungGen: 7198K->480K(7680K)] 21349K->14631K(25088K), 0.0003850 secs] [Times: user=0.00 sys=0.00, real=0.00 secs] 
78.550: Total time for which application threads were stopped: 0.0004880 seconds, Stopping threads took: 0.0000540 seconds
78.579: Application time: 0.0293700 seconds
78.579: [GC [PSYoungGen: 7134K->512K(7680K)] 21285K->14663K(25088K), 0.0003600 secs] [Times: user=0.00 sys=0.00, real=0.00 secs] 
78.579: Total time for which application threads were stopped: 0.0004520 seconds, Stopping threads took: 0.0000420 seconds
78.609: Application time: 0.0296750 seconds
78.611: [GC [PSYoungGen: 7166K->512K(7680K)] 21317K->14663K(25088K), 0.0003540 secs] [Times: user=0.00 sys=0.00, real=0.00 secs] 
78.612: Total time for which application threads were stopped: 0.0023640 seconds, Stopping threads took: 0.0019600 seconds
78.641: Application time: 0.0294090 seconds
78.641: [GC [PSYoungGen: 7166K->512K(7680K)] 21317K->14663K(25088K), 0.0003420 secs] [Times: user=0.00 sys=0.00, real=0.00 secs] 
78.641: Total time for which application threads were stopped: 0.0004400 seconds, Stopping threads took: 0.0000490 seconds
78.671: Application time: 0.0292670 seconds
78.671: [GC [PSYoungGen: 7166K->480K(7680K)] 21317K->14631K(25088K), 0.0003760 secs] [Times: user=0.00 sys=0.00, real=0.01 secs] 
78.671: Total time for which application threads were stopped: 0.0004720 seconds, Stopping threads took: 0.0000450 seconds
78.697: Application time: 0.0259780 seconds
78.697: [GC [PSYoungGen: 7135K->768K(7680K)] 21286K->14919K(25088K), 0.0003820 secs] [Times: user=0.00 sys=0.00, real=0.00 secs] 
78.698: Total time for which application threads were stopped: 0.0004870 seconds, Stopping threads took: 0.0000540 seconds
78.713: Application time: 0.0152880 seconds
78.713: [GC [PSYoungGen: 7422K->944K(7680K)] 21573K->15095K(25088K), 0.0003990 secs] [Times: user=0.01 sys=0.00, real=0.00 secs] 
78.713: Total time for which application threads were stopped: 0.0005100 seconds, Stopping threads took: 0.0000590 seconds
78.730: Application time: 0.0166660 seconds
78.730: [GC [PSYoungGen: 7598K->928K(7680K)] 21749K->15079K(25088K), 0.0004050 secs] [Times: user=0.00 sys=0.00, real=0.00 secs] 
78.731: Total time for which application threads were stopped: 0.0005070 seconds, Stopping threads took: 0.0000570 seconds
78.751: Application time: 0.0201230 seconds
78.751: [GC [PSYoungGen: 7583K->960K(7680K)] 21734K->15111K(25088K), 0.0004820 secs] [Times: user=0.00 sys=0.00, real=0.01 secs] 
78.751: Total time for which application threads were stopped: 0.0006110 seconds, Stopping threads took: 0.0000710 seconds
78.778: Application time: 0.0268730 seconds
78.778: [GC [PSYoungGen: 7614K->992K(7680K)] 21765K->15143K(25088K), 0.0004430 secs] [Times: user=0.00 sys=0.00, real=0.00 secs] 
78.779: Total time for which application threads were stopped: 0.0005390 seconds, Stopping threads took: 0.0000450 seconds
78.804: Application time: 0.0255160 seconds
78.804: [GC [PSYoungGen: 7645K->1008K(7680K)] 21796K->15191K(25088K), 0.0004890 secs] [Times: user=0.01 sys=0.00, real=0.00 secs] 
78.805: Total time for which application threads were stopped: 0.0005810 seconds, Stopping threads took: 0.0000410 seconds
78.833: Application time: 0.0283690 seconds
78.833: [GC [PSYoungGen: 7662K->928K(7680K)] 21845K->15239K(25088K), 0.0005010 secs] [Times: user=0.00 sys=0.00, real=0.00 secs] 
78.834: Total time for which application threads were stopped: 0.0006340 seconds, Stopping threads took: 0.0000790 seconds
78.863: Application time: 0.0294660 seconds
78.863: [GC [PSYoungGen: 7582K->832K(7680K)] 21893K->15143K(25088K), 0.0004730 secs] [Times: user=0.00 sys=0.00, real=0.00 secs] 
78.864: Total time for which application threads were stopped: 0.0005690 seconds, Stopping threads took: 0.0000440 seconds
78.893: Application time: 0.0295120 seconds
78.893: [GC [PSYoungGen: 7486K->864K(7680K)] 21797K->15175K(25088K), 0.0004110 secs] [Times: user=0.00 sys=0.00, real=0.00 secs] 
78.894: Total time for which application threads were stopped: 0.0005200 seconds, Stopping threads took: 0.0000470 seconds
78.923: Application time: 0.0295550 seconds
78.924: [GC [PSYoungGen: 7518K->880K(7680K)] 21829K->15191K(25088K), 0.0004070 secs] [Times: user=0.01 sys=0.00, real=0.00 secs] 
78.924: Total time for which application threads were stopped: 0.0005080 seconds, Stopping threads took: 0.0000520 seconds
78.952: Application time: 0.0282030 seconds
78.952: [GC [PSYoungGen: 7532K->992K(7680K)] 21843K->15319K(25088K), 0.0004810 secs] [Times: user=0.00 sys=0.00, real=0.00 secs] 
78.953: Total time for which application threads were stopped: 0.0005760 seconds, Stopping threads took: 0.0000460 seconds
78.974: Application time: 0.0211990 seconds
78.974: [GC [PSYoungGen: 7646K->992K(7680K)] 21973K->15355K(25088K), 0.0004930 secs] [Times: user=0.00 sys=0.00, real=0.00 secs] 
78.975: Total time for which application threads were stopped: 0.0005940 seconds, Stopping threads took: 0.0000500 seconds
78.996: Application time: 0.0211430 seconds
78.996: [GC [PSYoungGen: 7647K->960K(7680K)] 22010K->15451K(25088K), 0.0004660 secs] [Times: user=0.00 sys=0.00, real=0.00 secs] 
78.996: Total time for which application threads were stopped: 0.0005810 seconds, Stopping threads took: 0.0000620 seconds
79.014: Application time: 0.0181730 seconds
79.015: [GC [PSYoungGen: 7613K->1008K(7680K)] 22104K->15635K(25088K), 0.0004590 secs] [Times: user=0.00 sys=0.00, real=0.00 secs] 
79.015: Total time for which application threads were stopped: 0.0005540 seconds, Stopping threads took: 0.0000440 seconds
79.036: Application time: 0.0211190 seconds
79.036: [GC [PSYoungGen: 7661K->992K(7680K)] 22288K->15627K(25088K), 0.0004430 secs] [Times: user=0.00 sys=0.00, real=0.00 secs] 
79.037: Total time for which application threads were stopped: 0.0005450 seconds, Stopping threads took: 0.0000480 seconds
79.062: Application time: 0.0255050 seconds
79.062: [GC [PSYoungGen: 7644K->992K(7680K)] 22279K->15667K(25088K), 0.0004870 secs] [Times: user=0.00 sys=0.00, real=0.00 secs] 
79.063: Total time for which application threads were stopped: 0.0006030 seconds, Stopping threads took: 0.0000600 seconds
79.091: Application time: 0.0277700 seconds
79.091: [GC [PSYoungGen: 7646K->992K(7680K)] 22321K->15747K(25088K), 0.0004430 secs] [Times: user=0.00 sys=0.00, real=0.00 secs] 
79.091: Total time for which application threads were stopped: 0.0005470 seconds, Stopping threads took: 0.0000470 seconds
79.113: Application time: 0.0215420 seconds
79.113: [GC [PSYoungGen: 7643K->992K(7680K)] 22399K->16163K(25088K), 0.0004960 secs] [Times: user=0.01 sys=0.00, real=0.00 secs] 
79.113: Total time for which application threads were stopped: 0.0006070 seconds, Stopping threads took: 0.0000580 seconds
79.133: Application time: 0.0199590 seconds
79.133: [GC [PSYoungGen: 7644K->1008K(7680K)] 22815K->16351K(25088K), 0.0004530 secs] [Times: user=0.00 sys=0.00, real=0.00 secs] 
79.134: Total time for which application threads were stopped: 0.0005500 seconds, Stopping threads took: 0.0000470 seconds
79.154: Application time: 0.0199780 seconds
79.154: [GC [PSYoungGen: 7662K->1008K(7680K)] 23006K->16736K(25088K), 0.0005630 secs] [Times: user=0.00 sys=0.00, real=0.00 secs] 
79.154: Total time for which application threads were stopped: 0.0006720 seconds, Stopping threads took: 0.0000540 seconds
79.175: Application time: 0.0201350 seconds
79.175: [GC [PSYoungGen: 7663K->992K(7680K)] 23391K->16972K(25088K), 0.0005190 secs] [Times: user=0.00 sys=0.00, real=0.00 secs] 
79.175: Total time for which application threads were stopped: 0.0006410 seconds, Stopping threads took: 0.0000650 seconds
79.196: Application time: 0.0210030 seconds
79.196: [GC [PSYoungGen: 7645K->992K(7680K)] 23625K->16980K(25088K), 0.0004290 secs] [Times: user=0.00 sys=0.00, real=0.00 secs] 
79.197: Total time for which application threads were stopped: 0.0005490 seconds, Stopping threads took: 0.0000670 seconds
79.223: Application time: 0.0263140 seconds
79.223: [GC [PSYoungGen: 7646K->992K(7680K)] 23634K->17116K(25088K), 0.0004330 secs] [Times: user=0.00 sys=0.00, real=0.00 secs] 
79.224: Total time for which application threads were stopped: 0.0005190 seconds, Stopping threads took: 0.0000350 seconds
79.253: Application time: 0.0289890 seconds
79.253: [GC [PSYoungGen: 7646K->992K(7680K)] 23770K->17124K(25088K), 0.0004150 secs] [Times: user=0.00 sys=0.00, real=0.00 secs] 
79.253: Total time for which application threads were stopped: 0.0005070 seconds, Stopping threads took: 0.0000420 seconds
79.281: Application time: 0.0283940 seconds
79.282: [GC [PSYoungGen: 7646K->992K(7680K)] 23778K->17132K(25088K), 0.0004700 secs] [Times: user=0.01 sys=0.00, real=0.00 secs] 
79.282: Total time for which application threads were stopped: 0.0005750 seconds, Stopping threads took: 0.0000510 seconds
79.311: Application time: 0.0294380 seconds
79.312: [GC [PSYoungGen: 7646K->960K(7680K)] 23787K->17100K(25088K), 0.0004570 secs] [Times: user=0.00 sys=0.00, real=0.00 secs] 
79.312: Total time for which application threads were stopped: 0.0005700 seconds, Stopping threads took: 0.0000580 seconds
79.341: Application time: 0.0290820 seconds
79.341: [GC [PSYoungGen: 7614K->960K(7680K)] 23755K->17140K(25088K), 0.0004270 secs] [Times: user=0.00 sys=0.00, real=0.00 secs] 
79.342: Total time for which application threads were stopped: 0.0005340 seconds, Stopping threads took: 0.0000530 seconds
79.371: Application time: 0.0290680 seconds
79.371: [GC [PSYoungGen: 7614K->992K(7680K)] 23795K->17172K(25088K), 0.0004010 secs] [Times: user=0.00 sys=0.00, real=0.01 secs] 
79.371: Total time for which application threads were stopped: 0.0004950 seconds, Stopping threads took: 0.0000420 seconds
79.399: Application time: 0.0275950 seconds
79.399: [GC [PSYoungGen: 7645K->992K(7680K)] 23826K->17361K(25088K), 0.0004340 secs] [Times: user=0.00 sys=0.00, real=0.01 secs] 
79.399: Total time for which application threads were stopped: 0.0005390 seconds, Stopping threads took: 0.0000470 seconds
79.428: Application time: 0.0282880 seconds
79.428: [GC [PSYoungGen: 7644K->960K(7680K)] 24013K->17457K(25088K), 0.0004680 secs] [Times: user=0.00 sys=0.00, real=0.00 secs] 
79.428: Total time for which application threads were stopped: 0.0005680 seconds, Stopping threads took: 0.0000450 seconds
79.457: Application time: 0.0286830 seconds
79.457: [GC [PSYoungGen: 7612K->1008K(7680K)] 24109K->17581K(25088K), 0.0004660 secs] [Times: user=0.00 sys=0.00, real=0.00 secs] 
79.457: Total time for which application threads were stopped: 0.0005810 seconds, Stopping threads took: 0.0000570 seconds
79.488: Application time: 0.0306000 seconds
79.488: [GC [PSYoungGen: 7660K->960K(7680K)] 24233K->17677K(25088K), 0.0004660 secs] [Times: user=0.00 sys=0.00, real=0.00 secs] 
79.489: Total time for which application threads were stopped: 0.0005750 seconds, Stopping threads took: 0.0000550 seconds
79.519: Application time: 0.0298920 seconds
79.519: [GC [PSYoungGen: 7614K->912K(7680K)] 24332K->17773K(25088K), 0.0004100 secs] [Times: user=0.00 sys=0.00, real=0.01 secs] 
79.519: Total time for which application threads were stopped: 0.0005290 seconds, Stopping threads took: 0.0000660 seconds
79.548: Application time: 0.0285930 seconds
79.548: [GC [PSYoungGen: 7565K->960K(7680K)] 24427K->17821K(25088K), 0.0004040 secs] [Times: user=0.00 sys=0.00, real=0.00 secs] 
79.548: Total time for which application threads were stopped: 0.0004980 seconds, Stopping threads took: 0.0000380 seconds
79.577: Application time: 0.0288060 seconds
79.577: [GC [PSYoungGen: 7614K->704K(7680K)] 24475K->17870K(25088K), 0.0004200 secs] [Times: user=0.00 sys=0.00, real=0.00 secs] 
79.578: [Full GC [PSYoungGen: 704K->0K(7680K)] [ParOldGen: 17166K->3310K(17408K)] 17870K->3310K(25088K) [PSPermGen: 5541K->5541K(21504K)], 0.0047390 secs] [Times: user=0.02 sys=0.00, real=0.01 secs] 
79.582: Total time for which application threads were stopped: 0.0053090 seconds, Stopping threads took: 0.0000550 seconds
79.611: Application time: 0.0288720 seconds
79.611: [GC [PSYoungGen: 6652K->352K(7680K)] 9962K->3662K(25088K), 0.0003690 secs] [Times: user=0.00 sys=0.00, real=0.00 secs] 
79.612: Total time for which application threads were stopped: 0.0004940 seconds, Stopping threads took: 0.0000710 seconds
79.641: Application time: 0.0288300 seconds
79.641: [GC [PSYoungGen: 7005K->384K(7680K)] 10316K->3694K(25088K), 0.0002970 secs] [Times: user=0.00 sys=0.00, real=0.00 secs] 
79.641: Total time for which application threads were stopped: 0.0003910 seconds, Stopping threads took: 0.0000440 seconds
79.671: Application time: 0.0296910 seconds
79.671: [GC [PSYoungGen: 7038K->352K(7680K)] 10349K->3662K(25088K), 0.0003290 secs] [Times: user=0.00 sys=0.00, real=0.00 secs] 
79.671: Total time for which application threads were stopped: 0.0004260 seconds, Stopping threads took: 0.0000480 seconds
79.701: Application time: 0.0298070 seconds
79.701: [GC [PSYoungGen: 7006K->352K(7680K)] 10317K->3662K(25088K), 0.0003120 secs] [Times: user=0.00 sys=0.00, real=0.00 secs] 
79.701: Total time for which application threads were stopped: 0.0004010 seconds, Stopping threads took: 0.0000420 seconds
79.732: Application time: 0.0303180 seconds
79.732: [GC [PSYoungGen: 7006K->320K(7680K)] 10317K->3630K(25088K), 0.0003460 secs] [Times: user=0.00 sys=0.00, real=0.00 secs] 
79.732: Total time for which application threads were stopped: 0.0004400 seconds, Stopping threads took: 0.0000430 seconds
79.762: Application time: 0.0300630 seconds
79.762: [GC [PSYoungGen: 6974K->384K(7680K)] 10285K->3694K(25088K), 0.0003230 secs] [Times: user=0.00 sys=0.00, real=0.00 secs] 
79.762: Total time for which application threads were stopped: 0.0004240 seconds, Stopping threads took: 0.0000490 seconds
79.792: Application time: 0.0297950 seconds
79.792: [GC [PSYoungGen: 7038K->256K(7680K)] 10349K->3566K(25088K), 0.0003790 secs] [Times: user=0.00 sys=0.00, real=0.00 secs] 
79.793: Total time for which application threads were stopped: 0.0004700 seconds, Stopping threads took: 0.0000420 seconds
79.822: Application time: 0.0297520 seconds
79.823: [GC [PSYoungGen: 6910K->352K(7680K)] 10221K->3662K(25088K), 0.0003200 secs] [Times: user=0.01 sys=0.00, real=0.00 secs] 
79.823: Total time for which application threads were stopped: 0.0004200 seconds, Stopping threads took: 0.0000490 seconds
79.853: Application time: 0.0297860 seconds
79.853: [GC [PSYoungGen: 7006K->320K(7680K)] 10317K->3630K(25088K), 0.0003670 secs] [Times: user=0.00 sys=0.00, real=0.00 secs] 
79.853: Total time for which application threads were stopped: 0.0004700 seconds, Stopping threads took: 0.0000540 seconds
79.883: Application time: 0.0301130 seconds
79.883: [GC [PSYoungGen: 6974K->352K(7680K)] 10285K->3662K(25088K), 0.0003240 secs] [Times: user=0.00 sys=0.00, real=0.00 secs] 
79.884: Total time for which application threads were stopped: 0.0004190 seconds, Stopping threads took: 0.0000480 seconds
79.914: Application time: 0.0299300 seconds
79.914: [GC [PSYoungGen: 7006K->352K(7680K)] 10317K->3662K(25088K), 0.0003230 secs] [Times: user=0.00 sys=0.00, real=0.00 secs] 
79.914: Total time for which application threads were stopped: 0.0004350 seconds, Stopping threads took: 0.0000520 seconds
79.944: Application time: 0.0298820 seconds
79.944: [GC [PSYoungGen: 7006K->256K(7680K)] 10317K->3566K(25088K), 0.0003550 secs] [Times: user=0.00 sys=0.00, real=0.00 secs] 
79.944: Total time for which application threads were stopped: 0.0004560 seconds, Stopping threads took: 0.0000510 seconds
79.974: Application time: 0.0298320 seconds
79.974: [GC [PSYoungGen: 6910K->480K(7680K)] 10221K->3790K(25088K), 0.0003380 secs] [Times: user=0.00 sys=0.00, real=0.00 secs] 
79.975: Total time for which application threads were stopped: 0.0004490 seconds, Stopping threads took: 0.0000610 seconds
80.005: Application time: 0.0300760 seconds
80.007: [GC [PSYoungGen: 7134K->288K(7680K)] 10445K->3598K(25088K), 0.0003790 secs] [Times: user=0.00 sys=0.00, real=0.00 secs] 
80.008: Total time for which application threads were stopped: 0.0027510 seconds, Stopping threads took: 0.0023210 seconds
80.038: Application time: 0.0302900 seconds
80.038: [GC [PSYoungGen: 6940K->256K(7680K)] 10250K->3566K(25088K), 0.0003520 secs] [Times: user=0.00 sys=0.00, real=0.00 secs] 
80.038: Total time for which application threads were stopped: 0.0004700 seconds, Stopping threads took: 0.0000680 seconds
80.068: Application time: 0.0298360 seconds
80.068: [GC [PSYoungGen: 6910K->352K(7680K)] 10221K->3670K(25088K), 0.0003130 secs] [Times: user=0.00 sys=0.00, real=0.00 secs] 
80.069: Total time for which application threads were stopped: 0.0004230 seconds, Stopping threads took: 0.0000580 seconds
80.089: Application time: 0.0203910 seconds
80.089: [GC [PSYoungGen: 7007K->384K(7680K)] 10325K->3915K(25088K), 0.0003310 secs] [Times: user=0.00 sys=0.00, real=0.00 secs] 
80.089: Total time for which application threads were stopped: 0.0004240 seconds, Stopping threads took: 0.0000460 seconds
80.106: Application time: 0.0165010 seconds
80.106: [GC [PSYoungGen: 7036K->544K(7680K)] 10567K->4075K(25088K), 0.0003250 secs] [Times: user=0.00 sys=0.00, real=0.00 secs] 
80.106: Total time for which application threads were stopped: 0.0004220 seconds, Stopping threads took: 0.0000500 seconds
80.125: Application time: 0.0184360 seconds
80.125: [GC [PSYoungGen: 7198K->512K(7680K)] 10729K->4043K(25088K), 0.0003530 secs] [Times: user=0.00 sys=0.00, real=0.00 secs] 
80.125: Total time for which application threads were stopped: 0.0004640 seconds, Stopping threads took: 0.0000620 seconds
80.149: Application time: 0.0238570 seconds
80.149: [GC [PSYoungGen: 7166K->512K(7680K)] 10697K->4043K(25088K), 0.0003650 secs] [Times: user=0.00 sys=0.00, real=0.00 secs] 
80.150: Total time for which application threads were stopped: 0.0004710 seconds, Stopping threads took: 0.0000590 seconds
80.179: Application time: 0.0291170 seconds
80.179: [GC [PSYoungGen: 7166K->512K(7680K)] 10697K->4043K(25088K), 0.0003510 secs] [Times: user=0.01 sys=0.00, real=0.01 secs] 
80.179: Total time for which application threads were stopped: 0.0004560 seconds, Stopping threads took: 0.0000530 seconds
80.207: Application time: 0.0275780 seconds
80.207: [GC [PSYoungGen: 7167K->576K(7680K)] 10698K->4107K(25088K), 0.0003370 secs] [Times: user=0.00 sys=0.00, real=0.00 secs] 
80.207: Total time for which application threads were stopped: 0.0004390 seconds, Stopping threads took: 0.0000500 seconds
80.237: Application time: 0.0297530 seconds
80.237: [GC [PSYoungGen: 7228K->480K(7680K)] 10759K->4011K(25088K), 0.0003590 secs] [Times: user=0.00 sys=0.00, real=0.00 secs] 
80.237: Total time for which application threads were stopped: 0.0004630 seconds, Stopping threads took: 0.0000480 seconds
80.267: Application time: 0.0296300 seconds
80.267: [GC [PSYoungGen: 7134K->512K(7680K)] 10665K->4043K(25088K), 0.0003770 secs] [Times: user=0.00 sys=0.00, real=0.00 secs] 
80.267: Total time for which application threads were stopped: 0.0004690 seconds, Stopping threads took: 0.0000430 seconds
80.298: Application time: 0.0305050 seconds
80.298: [GC [PSYoungGen: 7163K->512K(7680K)] 10694K->4043K(25088K), 0.0003420 secs] [Times: user=0.00 sys=0.00, real=0.00 secs] 
80.298: Total time for which application threads were stopped: 0.0004410 seconds, Stopping threads took: 0.0000510 seconds
80.328: Application time: 0.0297220 seconds
80.328: [GC [PSYoungGen: 7166K->512K(7680K)] 10697K->4043K(25088K), 0.0003360 secs] [Times: user=0.01 sys=0.00, real=0.00 secs] 
80.329: Total time for which application threads were stopped: 0.0004350 seconds, Stopping threads took: 0.0000510 seconds
80.358: Application time: 0.0296250 seconds
80.358: [GC [PSYoungGen: 7166K->480K(7680K)] 10697K->4011K(25088K), 0.0003480 secs] [Times: user=0.00 sys=0.00, real=0.00 secs] 
80.359: Total time for which application threads were stopped: 0.0004580 seconds, Stopping threads took: 0.0000600 seconds
80.388: Application time: 0.0295640 seconds
80.388: [GC [PSYoungGen: 7134K->480K(7680K)] 10665K->4011K(25088K), 0.0003420 secs] [Times: user=0.00 sys=0.00, real=0.00 secs] 
80.389: Total time for which application threads were stopped: 0.0004450 seconds, Stopping threads took: 0.0000500 seconds
80.418: Application time: 0.0294970 seconds
80.418: [GC [PSYoungGen: 7134K->448K(7680K)] 10665K->3979K(25088K), 0.0004020 secs] [Times: user=0.00 sys=0.00, real=0.00 secs] 
80.419: Total time for which application threads were stopped: 0.0005080 seconds, Stopping threads took: 0.0000470 seconds
80.448: Application time: 0.0295220 seconds
80.448: [GC [PSYoungGen: 7102K->480K(7680K)] 10633K->4011K(25088K), 0.0003650 secs] [Times: user=0.00 sys=0.00, real=0.00 secs] 
80.449: Total time for which application threads were stopped: 0.0004600 seconds, Stopping threads took: 0.0000470 seconds
80.466: Application time: 0.0174990 seconds
80.466: [GC [PSYoungGen: 7136K->960K(7680K)] 10667K->4491K(25088K), 0.0004690 secs] [Times: user=0.00 sys=0.00, real=0.00 secs] 
80.467: Total time for which application threads were stopped: 0.0005590 seconds, Stopping threads took: 0.0000400 seconds
80.483: Application time: 0.0161950 seconds
80.483: [GC [PSYoungGen: 7612K->928K(7680K)] 11143K->4459K(25088K), 0.0003950 secs] [Times: user=0.00 sys=0.00, real=0.00 secs] 
80.483: Total time for which application threads were stopped: 0.0005070 seconds, Stopping threads took: 0.0000630 seconds
80.501: Application time: 0.0175030 seconds
80.501: [GC [PSYoungGen: 7580K->960K(7680K)] 11111K->4619K(25088K), 0.0004600 secs] [Times: user=0.00 sys=0.00, real=0.00 secs] 
80.501: Total time for which application threads were stopped: 0.0005610 seconds, Stopping threads took: 0.0000500 seconds
80.525: Application time: 0.0235650 seconds
80.525: [GC [PSYoungGen: 7614K->976K(7680K)] 11273K->4635K(25088K), 0.0004540 secs] [Times: user=0.00 sys=0.00, real=0.00 secs] 
80.526: Total time for which application threads were stopped: 0.0005560 seconds, Stopping threads took: 0.0000520 seconds
80.553: Application time: 0.0278680 seconds
80.554: [GC [PSYoungGen: 7630K->1008K(7680K)] 11289K->4667K(25088K), 0.0005110 secs] [Times: user=0.01 sys=0.00, real=0.00 secs] 
80.554: Total time for which application threads were stopped: 0.0006220 seconds, Stopping threads took: 0.0000570 seconds
80.581: Application time: 0.0272420 seconds
80.581: [GC [PSYoungGen: 7660K->1008K(7680K)] 11319K->4675K(25088K), 0.0004210 secs] [Times: user=0.01 sys=0.00, real=0.00 secs] 
80.582: Total time for which application threads were stopped: 0.0005190 seconds, Stopping threads took: 0.0000470 seconds
80.611: Application time: 0.0295880 seconds
80.612: [GC [PSYoungGen: 7662K->992K(7680K)] 11329K->4675K(25088K), 0.0004280 secs] [Times: user=0.00 sys=0.00, real=0.00 secs] 
80.612: Total time for which application threads were stopped: 0.0005300 seconds, Stopping threads took: 0.0000450 seconds
80.642: Application time: 0.0298110 seconds
80.642: [GC [PSYoungGen: 7646K->992K(7680K)] 11329K->4679K(25088K), 0.0004760 secs] [Times: user=0.00 sys=0.00, real=0.00 secs] 
80.642: Total time for which application threads were stopped: 0.0005610 seconds, Stopping threads took: 0.0000390 seconds
80.672: Application time: 0.0293810 seconds
80.672: [GC [PSYoungGen: 7646K->992K(7680K)] 11333K->4679K(25088K), 0.0004220 secs] [Times: user=0.00 sys=0.00, real=0.00 secs] 
80.672: Total time for which application threads were stopped: 0.0005250 seconds, Stopping threads took: 0.0000520 seconds
80.702: Application time: 0.0293720 seconds
80.702: [GC [PSYoungGen: 7646K->976K(7680K)] 11333K->4663K(25088K), 0.0004310 secs] [Times: user=0.00 sys=0.00, real=0.00 secs] 
80.702: Total time for which application threads were stopped: 0.0005310 seconds, Stopping threads took: 0.0000520 seconds
80.729: Application time: 0.0266510 seconds
80.729: [GC [PSYoungGen: 7632K->928K(7680K)] 11319K->4871K(25088K), 0.0005150 secs] [Times: user=0.00 sys=0.00, real=0.00 secs] 
80.729: Total time for which application threads were stopped: 0.0006120 seconds, Stopping threads took: 0.0000470 seconds
80.750: Application time: 0.0206400 seconds
80.750: [GC [PSYoungGen: 7583K->992K(7680K)] 11526K->5087K(25088K), 0.0004860 secs] [Times: user=0.00 sys=0.00, real=0.00 secs] 
80.751: Total time for which application threads were stopped: 0.0005940 seconds, Stopping threads took: 0.0000540 seconds
80.769: Application time: 0.0184750 seconds
80.769: [GC [PSYoungGen: 7646K->992K(7680K)] 11741K->5239K(25088K), 0.0005310 secs] [Times: user=0.00 sys=0.00, real=0.00 secs] 
80.770: Total time for which application threads were stopped: 0.0006440 seconds, Stopping threads took: 0.0000610 seconds
80.789: Application time: 0.0195570 seconds
80.789: [GC [PSYoungGen: 7645K->992K(7680K)] 11892K->5399K(25088K), 0.0005120 secs] [Times: user=0.00 sys=0.00, real=0.00 secs] 
80.790: Total time for which application threads were stopped: 0.0006180 seconds, Stopping threads took: 0.0000550 seconds
80.811: Application time: 0.0212090 seconds
80.815: [GC [PSYoungGen: 7643K->992K(7680K)] 12050K->5431K(25088K), 0.0004900 secs] [Times: user=0.00 sys=0.00, real=0.00 secs] 
80.816: Total time for which application threads were stopped: 0.0044750 seconds, Stopping threads took: 0.0039280 seconds
80.842: Application time: 0.0263660 seconds
80.842: [GC [PSYoungGen: 7643K->1008K(7680K)] 12083K->5783K(25088K), 0.0005150 secs] [Times: user=0.00 sys=0.00, real=0.00 secs] 
80.843: Total time for which application threads were stopped: 0.0006240 seconds, Stopping threads took: 0.0000600 seconds
80.863: Application time: 0.0201910 seconds
80.867: [GC [PSYoungGen: 7660K->992K(7680K)] 12435K->5903K(25088K), 0.0004390 secs] [Times: user=0.01 sys=0.00, real=0.00 secs] 
80.868: Total time for which application threads were stopped: 0.0047400 seconds, Stopping threads took: 0.0042470 seconds
80.888: Application time: 0.0203400 seconds
80.888: [GC [PSYoungGen: 7648K->1008K(7680K)] 12559K->6084K(25088K), 0.0005050 secs] [Times: user=0.00 sys=0.00, real=0.00 secs] 
80.889: Total time for which application threads were stopped: 0.0006110 seconds, Stopping threads took: 0.0000530 seconds
80.913: Application time: 0.0246260 seconds
80.913: [GC [PSYoungGen: 7664K->1008K(7680K)] 12740K->6308K(25088K), 0.0004830 secs] [Times: user=0.00 sys=0.00, real=0.00 secs] 
80.914: Total time for which application threads were stopped: 0.0005800 seconds, Stopping threads took: 0.0000450 seconds
80.935: Application time: 0.0208510 seconds
80.939: [GC [PSYoungGen: 7661K->992K(7680K)] 12961K->6617K(25088K), 0.0005650 secs] [Times: user=0.00 sys=0.00, real=0.00 secs] 
80.940: Total time for which application threads were stopped: 0.0051310 seconds, Stopping threads took: 0.0045030 seconds
80.962: Application time: 0.0219410 seconds
80.962: [GC [PSYoungGen: 7647K->992K(7680K)] 13273K->6657K(25088K), 0.0004170 secs] [Times: user=0.00 sys=0.00, real=0.00 secs] 
80.962: Total time for which application threads were stopped: 0.0005400 seconds, Stopping threads took: 0.0000750 seconds
80.986: Application time: 0.0238210 seconds
80.987: [GC [PSYoungGen: 7645K->992K(7680K)] 13310K->7049K(25088K), 0.0005290 secs] [Times: user=0.00 sys=0.00, real=0.00 secs] 
80.988: Total time for which application threads were stopped: 0.0016410 seconds, Stopping threads took: 0.0010610 seconds
81.018: Application time: 0.0298750 seconds
81.018: [GC [PSYoungGen: 7644K->976K(7680K)] 13701K->7161K(25088K), 0.0004790 secs] [Times: user=0.00 sys=0.00, real=0.00 secs] 
81.018: Total time for which application threads were stopped: 0.0006360 seconds, Stopping threads took: 0.0001020 seconds
81.047: Application time: 0.0287840 seconds
81.047: [GC [PSYoungGen: 7628K->928K(7680K)] 13813K->7113K(25088K), 0.0004280 secs] [Times: user=0.01 sys=0.00, real=0.00 secs] 
81.048: Total time for which application threads were stopped: 0.0005300 seconds, Stopping threads took: 0.0000460 seconds
81.076: Application time: 0.0281810 seconds
81.076: [GC [PSYoungGen: 7582K->1008K(7680K)] 13767K->7257K(25088K), 0.0004700 secs] [Times: user=0.00 sys=0.00, real=0.00 secs] 
81.076: Total time for which application threads were stopped: 0.0005690 seconds, Stopping threads took: 0.0000460 seconds
81.105: Application time: 0.0290870 seconds
81.105: [GC [PSYoungGen: 7662K->960K(7680K)] 13912K->7337K(25088K), 0.0004410 secs] [Times: user=0.00 sys=0.00, real=0.00 secs] 
81.106: Total time for which application threads were stopped: 0.0005420 seconds, Stopping threads took: 0.0000520 seconds
81.135: Application time: 0.0291460 seconds
81.135: [GC [PSYoungGen: 7614K->944K(7680K)] 13992K->7337K(25088K), 0.0004060 secs] [Times: user=0.00 sys=0.00, real=0.00 secs] 
81.136: Total time for which application threads were stopped: 0.0005070 seconds, Stopping threads took: 0.0000460 seconds
81.165: Application time: 0.0289720 seconds
81.165: [GC [PSYoungGen: 7598K->896K(7680K)] 13992K->7297K(25088K), 0.0004700 secs] [Times: user=0.00 sys=0.00, real=0.00 secs] 
81.165: Total time for which application threads were stopped: 0.0005620 seconds, Stopping threads took: 0.0000420 seconds
81.192: Application time: 0.0273980 seconds
81.193: [GC [PSYoungGen: 7550K->992K(7680K)] 13951K->7529K(25088K), 0.0004960 secs] [Times: user=0.00 sys=0.00, real=0.00 secs] 
81.193: Total time for which application threads were stopped: 0.0005950 seconds, Stopping threads took: 0.0000480 seconds
81.221: Application time: 0.0281790 seconds
81.221: [GC [PSYoungGen: 7644K->1008K(7680K)] 14181K->7645K(25088K), 0.0004930 secs] [Times: user=0.00 sys=0.00, real=0.00 secs] 
81.222: Total time for which application threads were stopped: 0.0005880 seconds, Stopping threads took: 0.0000440 seconds
81.250: Application time: 0.0283140 seconds
81.251: [GC [PSYoungGen: 7661K->992K(7680K)] 14299K->7677K(25088K), 0.0005120 secs] [Times: user=0.00 sys=0.00, real=0.00 secs] 
81.252: Total time for which application threads were stopped: 0.0014850 seconds, Stopping threads took: 0.0009220 seconds
81.281: Application time: 0.0291440 seconds
81.281: [GC [PSYoungGen: 7646K->976K(7680K)] 14332K->7789K(25088K), 0.0004570 secs] [Times: user=0.01 sys=0.00, real=0.00 secs] 
81.281: Total time for which application threads were stopped: 0.0005590 seconds, Stopping threads took: 0.0000500 seconds
81.309: Application time: 0.0279600 seconds
81.309: [GC [PSYoungGen: 7629K->1008K(7680K)] 14443K->7965K(25088K), 0.0004850 secs] [Times: user=0.00 sys=0.00, real=0.00 secs] 
81.310: Total time for which application threads were stopped: 0.0005920 seconds, Stopping threads took: 0.0000510 seconds
81.340: Application time: 0.0300330 seconds
81.340: [GC [PSYoungGen: 7660K->880K(7680K)] 14618K->7986K(25088K), 0.0004570 secs] [Times: user=0.00 sys=0.00, real=0.00 secs] 
81.341: Total time for which application threads were stopped: 0.0005500 seconds, Stopping threads took: 0.0000450 seconds
81.370: Application time: 0.0294160 seconds
81.370: [GC [PSYoungGen: 7534K->832K(7680K)] 14641K->8018K(25088K), 0.0004540 secs] [Times: user=0.00 sys=0.00, real=0.00 secs] 
81.370: Total time for which application threads were stopped: 0.0005560 seconds, Stopping threads took: 0.0000520 seconds
81.398: Application time: 0.0279160 seconds
81.399: [GC [PSYoungGen: 7486K->992K(7680K)] 14672K->8178K(25088K), 0.0004330 secs] [Times: user=0.00 sys=0.00, real=0.00 secs] 
81.400: Total time for which application threads were stopped: 0.0011930 seconds, Stopping threads took: 0.0007090 seconds
81.429: Application time: 0.0298810 seconds
81.430: [GC [PSYoungGen: 7644K->768K(7680K)] 14830K->8174K(25088K), 0.0004430 secs] [Times: user=0.00 sys=0.00, real=0.00 secs] 
81.430: Total time for which application threads were stopped: 0.0005370 seconds, Stopping threads took: 0.0000430 seconds
81.460: Application time: 0.0297900 seconds
81.460: [GC [PSYoungGen: 7422K->704K(7680K)] 14829K->8110K(25088K), 0.0003520 secs] [Times: user=0.00 sys=0.00, real=0.00 secs] 
81.460: Total time for which application threads were stopped: 0.0004670 seconds, Stopping threads took: 0.0000550 seconds
81.490: Application time: 0.0297850 seconds
81.490: [GC [PSYoungGen: 7358K->736K(7680K)] 14765K->8142K(25088K), 0.0003560 secs] [Times: user=0.00 sys=0.00, real=0.00 secs] 
81.491: Total time for which application threads were stopped: 0.0004650 seconds, Stopping threads took: 0.0000580 seconds
81.521: Application time: 0.0309170 seconds
81.522: [GC [PSYoungGen: 7390K->736K(7680K)] 14797K->8142K(25088K), 0.0003980 secs] [Times: user=0.00 sys=0.00, real=0.00 secs] 
81.522: Total time for which application threads were stopped: 0.0005090 seconds, Stopping threads took: 0.0000590 seconds
81.552: Application time: 0.0298810 seconds
81.552: [GC [PSYoungGen: 7390K->800K(7680K)] 14797K->8206K(25088K), 0.0003730 secs] [Times: user=0.00 sys=0.00, real=0.00 secs] 
81.552: Total time for which application threads were stopped: 0.0004620 seconds, Stopping threads took: 0.0000420 seconds
81.582: Application time: 0.0300800 seconds
81.582: [GC [PSYoungGen: 7454K->768K(7680K)] 14861K->8174K(25088K), 0.0004170 secs] [Times: user=0.01 sys=0.00, real=0.00 secs] 
81.583: Total time for which application threads were stopped: 0.0005210 seconds, Stopping threads took: 0.0000530 seconds
81.613: Application time: 0.0299410 seconds
81.613: [GC [PSYoungGen: 7422K->736K(7680K)] 14829K->8142K(25088K), 0.0004120 secs] [Times: user=0.00 sys=0.00, real=0.00 secs] 
81.613: Total time for which application threads were stopped: 0.0005150 seconds, Stopping threads took: 0.0000570 seconds
81.643: Application time: 0.0298670 seconds
81.643: [GC [PSYoungGen: 7390K->672K(7680K)] 14797K->8163K(25088K), 0.0003770 secs] [Times: user=0.00 sys=0.00, real=0.00 secs] 
81.644: Total time for which application threads were stopped: 0.0004760 seconds, Stopping threads took: 0.0000490 seconds
81.674: Application time: 0.0305710 seconds
81.674: [GC [PSYoungGen: 7324K->704K(7680K)] 14815K->8203K(25088K), 0.0003410 secs] [Times: user=0.00 sys=0.00, real=0.00 secs] 
81.675: Total time for which application threads were stopped: 0.0004270 seconds, Stopping threads took: 0.0000360 seconds
81.704: Application time: 0.0296920 seconds
81.704: [GC [PSYoungGen: 7358K->544K(7680K)] 14858K->8264K(25088K), 0.0003560 secs] [Times: user=0.00 sys=0.00, real=0.00 secs] 
81.706: Total time for which application threads were stopped: 0.0016080 seconds, Stopping threads took: 0.0000520 seconds
81.736: Application time: 0.0296630 seconds
81.736: [GC [PSYoungGen: 7198K->544K(7680K)] 14918K->8264K(25088K), 0.0003400 secs] [Times: user=0.01 sys=0.00, real=0.00 secs] 
81.736: Total time for which application threads were stopped: 0.0004260 seconds, Stopping threads took: 0.0000390 seconds
81.766: Application time: 0.0299040 seconds
81.766: [GC [PSYoungGen: 7198K->384K(7680K)] 14918K->8316K(25088K), 0.0003910 secs] [Times: user=0.00 sys=0.00, real=0.00 secs] 
81.767: Total time for which application threads were stopped: 0.0005110 seconds, Stopping threads took: 0.0000610 seconds
81.796: Application time: 0.0295060 seconds
81.796: [GC [PSYoungGen: 7038K->352K(7680K)] 14971K->8284K(25088K), 0.0003610 secs] [Times: user=0.00 sys=0.00, real=0.00 secs] 
81.797: Total time for which application threads were stopped: 0.0004630 seconds, Stopping threads took: 0.0000490 seconds
81.823: Application time: 0.0261020 seconds
81.823: [GC [PSYoungGen: 7006K->480K(7680K)] 14939K->8412K(25088K), 0.0004080 secs] [Times: user=0.00 sys=0.00, real=0.00 secs] 
81.823: Total time for which application threads were stopped: 0.0005020 seconds, Stopping threads took: 0.0000470 seconds
81.844: Application time: 0.0207370 seconds
81.844: [GC [PSYoungGen: 7135K->352K(7680K)] 15067K->8505K(25088K), 0.0003890 secs] [Times: user=0.00 sys=0.00, real=0.00 secs] 
81.844: Total time for which application threads were stopped: 0.0004830 seconds, Stopping threads took: 0.0000440 seconds
81.862: Application time: 0.0180750 seconds
81.862: [GC [PSYoungGen: 7004K->544K(7680K)] 15157K->8697K(25088K), 0.0003570 secs] [Times: user=0.01 sys=0.00, real=0.00 secs] 
81.863: Total time for which application threads were stopped: 0.0004440 seconds, Stopping threads took: 0.0000380 seconds
81.883: Application time: 0.0205240 seconds
81.883: [GC [PSYoungGen: 7196K->480K(7680K)] 15350K->8633K(25088K), 0.0004030 secs] [Times: user=0.00 sys=0.00, real=0.00 secs] 
81.884: Total time for which application threads were stopped: 0.0005080 seconds, Stopping threads took: 0.0000540 seconds
81.906: Application time: 0.0223410 seconds
81.906: [GC [PSYoungGen: 7136K->544K(7680K)] 15289K->8697K(25088K), 0.0003480 secs] [Times: user=0.00 sys=0.00, real=0.00 secs] 
81.907: Total time for which application threads were stopped: 0.0004350 seconds, Stopping threads took: 0.0000400 seconds
81.935: Application time: 0.0279900 seconds
81.939: [GC [PSYoungGen: 7198K->576K(7680K)] 15351K->8729K(25088K), 0.0003670 secs] [Times: user=0.00 sys=0.00, real=0.00 secs] 
81.940: Total time for which application threads were stopped: 0.0048720 seconds, Stopping threads took: 0.0044540 seconds
81.969: Application time: 0.0292910 seconds
81.969: [GC [PSYoungGen: 7228K->608K(7680K)] 15381K->8761K(25088K), 0.0003740 secs] [Times: user=0.01 sys=0.00, real=0.00 secs] 
81.969: Total time for which application threads were stopped: 0.0004960 seconds, Stopping threads took: 0.0000620 seconds
81.998: Application time: 0.0285750 seconds
81.998: [GC [PSYoungGen: 7260K->544K(7680K)] 15413K->8697K(25088K), 0.0003520 secs] [Times: user=0.01 sys=0.00, real=0.00 secs] 
81.998: Total time for which application threads were stopped: 0.0004470 seconds, Stopping threads took: 0.0000440 seconds
82.028: Application time: 0.0296660 seconds
82.028: [GC [PSYoungGen: 7198K->544K(7680K)] 15351K->8697K(25088K), 0.0003670 secs] [Times: user=0.00 sys=0.00, real=0.00 secs] 
82.028: Total time for which application threads were stopped: 0.0004670 seconds, Stopping threads took: 0.0000520 seconds
82.058: Application time: 0.0296850 seconds
82.058: [GC [PSYoungGen: 7198K->768K(7680K)] 15351K->8921K(25088K), 0.0003730 secs] [Times: user=0.00 sys=0.00, real=0.00 secs] 
82.059: Total time for which application threads were stopped: 0.0004780 seconds, Stopping threads took: 0.0000560 seconds
82.088: Application time: 0.0295720 seconds
82.088: [GC [PSYoungGen: 7422K->512K(7680K)] 15575K->8665K(25088K), 0.0003530 secs] [Times: user=0.00 sys=0.00, real=0.00 secs] 
82.089: Total time for which application threads were stopped: 0.0004540 seconds, Stopping threads took: 0.0000530 seconds
82.118: Application time: 0.0296440 seconds
82.118: [GC [PSYoungGen: 7166K->480K(7680K)] 15319K->8633K(25088K), 0.0003540 secs] [Times: user=0.00 sys=0.00, real=0.00 secs] 
82.119: Total time for which application threads were stopped: 0.0004560 seconds, Stopping threads took: 0.0000520 seconds
82.149: Application time: 0.0297450 seconds
82.149: [GC [PSYoungGen: 7134K->512K(7680K)] 15287K->8665K(25088K), 0.0003240 secs] [Times: user=0.00 sys=0.00, real=0.00 secs] 
82.149: Total time for which application threads were stopped: 0.0004150 seconds, Stopping threads took: 0.0000420 seconds
82.178: Application time: 0.0294350 seconds
82.178: [GC [PSYoungGen: 7166K->512K(7680K)] 15319K->8665K(25088K), 0.0003900 secs] [Times: user=0.01 sys=0.00, real=0.00 secs] 
82.179: Total time for which application threads were stopped: 0.0004880 seconds, Stopping threads took: 0.0000490 seconds
82.208: Application time: 0.0295850 seconds
82.209: [GC [PSYoungGen: 7166K->512K(7680K)] 15319K->8665K(25088K), 0.0003450 secs] [Times: user=0.00 sys=0.00, real=0.00 secs] 
82.209: Total time for which application threads were stopped: 0.0004440 seconds, Stopping threads took: 0.0000520 seconds
82.225: Application time: 0.0163980 seconds
82.225: [GC [PSYoungGen: 7164K->960K(7680K)] 15317K->9113K(25088K), 0.0004100 secs] [Times: user=0.00 sys=0.00, real=0.00 secs] 
82.226: Total time for which application threads were stopped: 0.0005020 seconds, Stopping threads took: 0.0000410 seconds
82.243: Application time: 0.0167490 seconds
82.243: [GC [PSYoungGen: 7614K->928K(7680K)] 15767K->9081K(25088K), 0.0003880 secs] [Times: user=0.00 sys=0.00, real=0.00 secs] 
82.243: Total time for which application threads were stopped: 0.0004800 seconds, Stopping threads took: 0.0000410 seconds
82.259: Application time: 0.0162910 seconds
82.259: [GC [PSYoungGen: 7582K->544K(7680K)] 15735K->8697K(25088K), 0.0003680 secs] [Times: user=0.00 sys=0.00, real=0.00 secs] 
82.260: Total time for which application threads were stopped: 0.0004600 seconds, Stopping threads took: 0.0000400 seconds
82.286: Application time: 0.0259750 seconds
82.286: [GC [PSYoungGen: 7196K->992K(7680K)] 15349K->9145K(25088K), 0.0004110 secs] [Times: user=0.00 sys=0.00, real=0.00 secs] 
82.286: Total time for which application threads were stopped: 0.0005090 seconds, Stopping threads took: 0.0000490 seconds
82.313: Application time: 0.0265970 seconds
82.313: [GC [PSYoungGen: 7646K->1008K(7680K)] 15799K->9161K(25088K), 0.0004770 secs] [Times: user=0.00 sys=0.00, real=0.00 secs] 
82.313: Total time for which application threads were stopped: 0.0005860 seconds, Stopping threads took: 0.0000570 seconds
82.340: Application time: 0.0270110 seconds
82.341: [GC [PSYoungGen: 7659K->992K(7680K)] 15812K->9145K(25088K), 0.0004600 secs] [Times: user=0.00 sys=0.00, real=0.00 secs] 
82.341: Total time for which application threads were stopped: 0.0005560 seconds, Stopping threads took: 0.0000480 seconds
82.371: Application time: 0.0295610 seconds
82.371: [GC [PSYoungGen: 7646K->992K(7680K)] 15799K->9165K(25088K), 0.0005050 secs] [Times: user=0.00 sys=0.00, real=0.01 secs] 
82.371: Total time for which application threads were stopped: 0.0005980 seconds, Stopping threads took: 0.0000420 seconds
82.401: Application time: 0.0295460 seconds
82.401: [GC [PSYoungGen: 7646K->992K(7680K)] 15819K->9173K(25088K), 0.0004200 secs] [Times: user=0.01 sys=0.00, real=0.00 secs] 
82.401: Total time for which application threads were stopped: 0.0005040 seconds, Stopping threads took: 0.0000340 seconds
82.431: Application time: 0.0295060 seconds
82.431: [GC [PSYoungGen: 7646K->992K(7680K)] 15827K->9197K(25088K), 0.0005060 secs] [Times: user=0.00 sys=0.00, real=0.01 secs] 
82.431: Total time for which application threads were stopped: 0.0006200 seconds, Stopping threads took: 0.0000610 seconds
82.461: Application time: 0.0298250 seconds
82.461: [GC [PSYoungGen: 7646K->912K(7680K)] 15851K->9117K(25088K), 0.0004860 secs] [Times: user=0.00 sys=0.00, real=0.00 secs] 
82.462: Total time for which application threads were stopped: 0.0005950 seconds, Stopping threads took: 0.0000550 seconds
82.489: Application time: 0.0268260 seconds
82.491: [GC [PSYoungGen: 7563K->992K(7680K)] 15768K->9341K(25088K), 0.0005430 secs] [Times: user=0.00 sys=0.00, real=0.00 secs] 
82.492: Total time for which application threads were stopped: 0.0031020 seconds, Stopping threads took: 0.0024940 seconds
82.513: Application time: 0.0207990 seconds
82.513: [GC [PSYoungGen: 7647K->992K(7680K)] 15996K->9417K(25088K), 0.0004820 secs] [Times: user=0.00 sys=0.00, real=0.00 secs] 
82.513: Total time for which application threads were stopped: 0.0006160 seconds, Stopping threads took: 0.0000670 seconds
82.535: Application time: 0.0215630 seconds
82.535: [GC [PSYoungGen: 7648K->976K(7680K)] 16073K->9529K(25088K), 0.0004580 secs] [Times: user=0.00 sys=0.00, real=0.00 secs] 
82.535: Total time for which application threads were stopped: 0.0005700 seconds, Stopping threads took: 0.0000580 seconds
82.557: Application time: 0.0216140 seconds
82.557: [GC [PSYoungGen: 7628K->1008K(7680K)] 16181K->9637K(25088K), 0.0004480 secs] [Times: user=0.00 sys=0.00, real=0.00 secs] 
82.557: Total time for which application threads were stopped: 0.0005460 seconds, Stopping threads took: 0.0000460 seconds
82.579: Application time: 0.0210940 seconds
82.579: [GC [PSYoungGen: 7661K->1008K(7680K)] 16291K->9653K(25088K), 0.0004580 secs] [Times: user=0.01 sys=0.00, real=0.00 secs] 
82.580: Total time for which application threads were stopped: 0.0010860 seconds, Stopping threads took: 0.0005780 seconds
82.599: Application time: 0.0196200 seconds
82.599: [GC [PSYoungGen: 7660K->1008K(7680K)] 16306K->9877K(25088K), 0.0004850 secs] [Times: user=0.01 sys=0.00, real=0.00 secs] 
82.600: Total time for which application threads were stopped: 0.0005800 seconds, Stopping threads took: 0.0000460 seconds
82.620: Application time: 0.0197160 seconds
82.620: [GC [PSYoungGen: 7662K->1008K(7680K)] 16532K->9925K(25088K), 0.0004610 secs] [Times: user=0.01 sys=0.00, real=0.00 secs] 
82.620: Total time for which application threads were stopped: 0.0005590 seconds, Stopping threads took: 0.0000470 seconds
82.642: Application time: 0.0220510 seconds
82.642: [GC [PSYoungGen: 7659K->1008K(7680K)] 16577K->10133K(25088K), 0.0004880 secs] [Times: user=0.00 sys=0.00, real=0.00 secs] 
82.643: Total time for which application threads were stopped: 0.0005810 seconds, Stopping threads took: 0.0000410 seconds
82.667: Application time: 0.0244670 seconds
82.667: [GC [PSYoungGen: 7660K->1008K(7680K)] 16786K->10642K(25088K), 0.0005530 secs] [Times: user=0.00 sys=0.00, real=0.00 secs] 
82.668: Total time for which application threads were stopped: 0.0006460 seconds, Stopping threads took: 0.0000430 seconds
82.695: Application time: 0.0271830 seconds
82.695: [GC [PSYoungGen: 7660K->1008K(7680K)] 17295K->10895K(25088K), 0.0004850 secs] [Times: user=0.00 sys=0.00, real=0.00 secs] 
82.696: Total time for which application threads were stopped: 0.0005930 seconds, Stopping threads took: 0.0000590 seconds
82.715: Application time: 0.0196680 seconds
82.715: [GC [PSYoungGen: 7663K->992K(7680K)] 17550K->11143K(25088K), 0.0005140 secs] [Times: user=0.00 sys=0.00, real=0.00 secs] 
82.716: Total time for which application threads were stopped: 0.0006060 seconds, Stopping threads took: 0.0000350 seconds
82.737: Application time: 0.0211220 seconds
82.737: [GC [PSYoungGen: 7647K->1008K(7680K)] 17798K->11175K(25088K), 0.0004240 secs] [Times: user=0.00 sys=0.00, real=0.00 secs] 
82.738: Total time for which application threads were stopped: 0.0005360 seconds, Stopping threads took: 0.0000560 seconds
82.765: Application time: 0.0272920 seconds
82.765: [GC [PSYoungGen: 7662K->992K(7680K)] 17829K->11191K(25088K), 0.0004580 secs] [Times: user=0.00 sys=0.00, real=0.00 secs] 
82.765: Total time for which application threads were stopped: 0.0005660 seconds, Stopping threads took: 0.0000560 seconds
82.794: Application time: 0.0288640 seconds
82.794: [GC [PSYoungGen: 7644K->1008K(7680K)] 17843K->11207K(25088K), 0.0004160 secs] [Times: user=0.00 sys=0.00, real=0.00 secs] 
82.795: Total time for which application threads were stopped: 0.0005030 seconds, Stopping threads took: 0.0000400 seconds
82.823: Application time: 0.0281970 seconds
82.823: [GC [PSYoungGen: 7661K->992K(7680K)] 17860K->11199K(25088K), 0.0005210 secs] [Times: user=0.01 sys=0.00, real=0.00 secs] 
82.824: Total time for which application threads were stopped: 0.0006310 seconds, Stopping threads took: 0.0000500 seconds
82.853: Application time: 0.0291780 seconds
82.853: [GC [PSYoungGen: 7646K->1008K(7680K)] 17853K->11215K(25088K), 0.0004080 secs] [Times: user=0.00 sys=0.00, real=0.00 secs] 
82.853: Total time for which application threads were stopped: 0.0005300 seconds, Stopping threads took: 0.0000660 seconds
82.883: Application time: 0.0293850 seconds
82.883: [GC [PSYoungGen: 7662K->992K(7680K)] 17869K->11231K(25088K), 0.0004210 secs] [Times: user=0.00 sys=0.00, real=0.00 secs] 
82.883: Total time for which application threads were stopped: 0.0005200 seconds, Stopping threads took: 0.0000500 seconds
82.912: Application time: 0.0290680 seconds
82.912: [GC [PSYoungGen: 7646K->992K(7680K)] 17885K->11239K(25088K), 0.0004290 secs] [Times: user=0.00 sys=0.00, real=0.00 secs] 
82.913: Total time for which application threads were stopped: 0.0005320 seconds, Stopping threads took: 0.0000530 seconds
82.940: Application time: 0.0275870 seconds
82.941: [GC [PSYoungGen: 7646K->992K(7680K)] 17893K->11403K(25088K), 0.0004680 secs] [Times: user=0.00 sys=0.00, real=0.00 secs] 
82.941: Total time for which application threads were stopped: 0.0005750 seconds, Stopping threads took: 0.0000540 seconds
82.970: Application time: 0.0291330 seconds
82.970: [GC [PSYoungGen: 7646K->992K(7680K)] 18057K->11435K(25088K), 0.0004350 secs] [Times: user=0.00 sys=0.00, real=0.00 secs] 
82.971: Total time for which application threads were stopped: 0.0005280 seconds, Stopping threads took: 0.0000430 seconds
82.998: Application time: 0.0276410 seconds
82.998: [GC [PSYoungGen: 7645K->1008K(7680K)] 18088K->11611K(25088K), 0.0004940 secs] [Times: user=0.01 sys=0.00, real=0.00 secs] 
82.999: Total time for which application threads were stopped: 0.0006090 seconds, Stopping threads took: 0.0000550 seconds
83.028: Application time: 0.0291950 seconds
83.030: [GC [PSYoungGen: 7660K->992K(7680K)] 18263K->11823K(25088K), 0.0005040 secs] [Times: user=0.01 sys=0.00, real=0.00 secs] 
83.030: Total time for which application threads were stopped: 0.0021890 seconds, Stopping threads took: 0.0016310 seconds
83.059: Application time: 0.0287630 seconds
83.059: [GC [PSYoungGen: 7644K->960K(7680K)] 18475K->11975K(25088K), 0.0004710 secs] [Times: user=0.00 sys=0.00, real=0.00 secs] 
83.060: Total time for which application threads were stopped: 0.0005610 seconds, Stopping threads took: 0.0000380 seconds
83.089: Application time: 0.0295720 seconds
83.089: [GC [PSYoungGen: 7612K->832K(7680K)] 18628K->11967K(25088K), 0.0004320 secs] [Times: user=0.00 sys=0.00, real=0.00 secs] 
83.090: Total time for which application threads were stopped: 0.0005400 seconds, Stopping threads took: 0.0000580 seconds
83.119: Application time: 0.0294500 seconds
83.119: [GC [PSYoungGen: 7486K->800K(7680K)] 18622K->11935K(25088K), 0.0003850 secs] [Times: user=0.00 sys=0.00, real=0.00 secs] 
83.120: Total time for which application threads were stopped: 0.0004880 seconds, Stopping threads took: 0.0000520 seconds
83.148: Application time: 0.0280900 seconds
83.148: [GC [PSYoungGen: 7454K->864K(7680K)] 18589K->12071K(25088K), 0.0004740 secs] [Times: user=0.00 sys=0.00, real=0.00 secs] 
83.148: Total time for which application threads were stopped: 0.0005730 seconds, Stopping threads took: 0.0000460 seconds
83.178: Application time: 0.0296790 seconds
83.178: [GC [PSYoungGen: 7518K->832K(7680K)] 18726K->12039K(25088K), 0.0004540 secs] [Times: user=0.00 sys=0.00, real=0.00 secs] 
83.179: Total time for which application threads were stopped: 0.0005540 seconds, Stopping threads took: 0.0000460 seconds
83.208: Application time: 0.0296250 seconds
83.208: [GC [PSYoungGen: 7486K->864K(7680K)] 18694K->12087K(25088K), 0.0003860 secs] [Times: user=0.00 sys=0.00, real=0.00 secs] 
83.209: Total time for which application threads were stopped: 0.0004900 seconds, Stopping threads took: 0.0000540 seconds
83.239: Application time: 0.0298040 seconds
83.239: [GC [PSYoungGen: 7518K->832K(7680K)] 18742K->12055K(25088K), 0.0003810 secs] [Times: user=0.00 sys=0.00, real=0.00 secs] 
83.239: Total time for which application threads were stopped: 0.0004810 seconds, Stopping threads took: 0.0000490 seconds
83.269: Application time: 0.0299180 seconds
83.269: [GC [PSYoungGen: 7486K->896K(7680K)] 18710K->12151K(25088K), 0.0004020 secs] [Times: user=0.00 sys=0.00, real=0.00 secs] 
83.269: Total time for which application threads were stopped: 0.0004970 seconds, Stopping threads took: 0.0000420 seconds
83.299: Application time: 0.0299250 seconds
83.300: [GC [PSYoungGen: 7550K->800K(7680K)] 18806K->12055K(25088K), 0.0004520 secs] [Times: user=0.00 sys=0.00, real=0.00 secs] 
83.300: Total time for which application threads were stopped: 0.0008270 seconds, Stopping threads took: 0.0003180 seconds
83.330: Application time: 0.0297720 seconds
83.330: [GC [PSYoungGen: 7454K->864K(7680K)] 18710K->12119K(25088K), 0.0003860 secs] [Times: user=0.00 sys=0.00, real=0.00 secs] 
83.330: Total time for which application threads were stopped: 0.0004850 seconds, Stopping threads took: 0.0000510 seconds
83.360: Application time: 0.0296660 seconds
83.360: [GC [PSYoungGen: 7518K->864K(7680K)] 18774K->12119K(25088K), 0.0004160 secs] [Times: user=0.00 sys=0.00, real=0.00 secs] 
83.361: Total time for which application threads were stopped: 0.0005150 seconds, Stopping threads took: 0.0000510 seconds
83.390: Application time: 0.0298090 seconds
83.391: [GC [PSYoungGen: 7518K->672K(7680K)] 18774K->12127K(25088K), 0.0004090 secs] [Times: user=0.00 sys=0.00, real=0.00 secs] 
83.391: Total time for which application threads were stopped: 0.0005080 seconds, Stopping threads took: 0.0000470 seconds
83.421: Application time: 0.0297910 seconds
83.421: [GC [PSYoungGen: 7326K->704K(7680K)] 18782K->12159K(25088K), 0.0003640 secs] [Times: user=0.00 sys=0.00, real=0.00 secs] 
83.421: Total time for which application threads were stopped: 0.0004720 seconds, Stopping threads took: 0.0000520 seconds
83.451: Application time: 0.0297840 seconds
83.451: [GC [PSYoungGen: 7358K->544K(7680K)] 18814K->12223K(25088K), 0.0003850 secs] [Times: user=0.00 sys=0.00, real=0.00 secs] 
83.451: Total time for which application threads were stopped: 0.0004890 seconds, Stopping threads took: 0.0000500 seconds
83.481: Application time: 0.0296600 seconds
83.481: [GC [PSYoungGen: 7198K->512K(7680K)] 18878K->12199K(25088K), 0.0003520 secs] [Times: user=0.00 sys=0.00, real=0.00 secs] 
83.482: Total time for which application threads were stopped: 0.0004430 seconds, Stopping threads took: 0.0000430 seconds
83.511: Application time: 0.0296750 seconds
83.511: [GC [PSYoungGen: 7166K->288K(7680K)] 18854K->12180K(25088K), 0.0003940 secs] [Times: user=0.00 sys=0.00, real=0.00 secs] 
83.512: Total time for which application threads were stopped: 0.0005060 seconds, Stopping threads took: 0.0000540 seconds
83.541: Application time: 0.0296290 seconds
83.541: [GC [PSYoungGen: 6942K->384K(7680K)] 18835K->12276K(25088K), 0.0003170 secs] [Times: user=0.01 sys=0.00, real=0.00 secs] 
83.542: Total time for which application threads were stopped: 0.0004150 seconds, Stopping threads took: 0.0000520 seconds
83.569: Application time: 0.0269800 seconds
83.569: [GC [PSYoungGen: 7035K->480K(7680K)] 18928K->12372K(25088K), 0.0003530 secs] [Times: user=0.00 sys=0.00, real=0.00 secs] 
83.569: Total time for which application threads were stopped: 0.0004490 seconds, Stopping threads took: 0.0000460 seconds
83.590: Application time: 0.0208520 seconds
83.590: [GC [PSYoungGen: 7136K->384K(7680K)] 19028K->12496K(25088K), 0.0003450 secs] [Times: user=0.00 sys=0.00, real=0.00 secs] 
83.591: Total time for which application threads were stopped: 0.0004400 seconds, Stopping threads took: 0.0000440 seconds
83.612: Application time: 0.0212650 seconds
83.612: [GC [PSYoungGen: 7039K->384K(7680K)] 19152K->12496K(25088K), 0.0003050 secs] [Times: user=0.00 sys=0.00, real=0.00 secs] 
83.612: Total time for which application threads were stopped: 0.0004020 seconds, Stopping threads took: 0.0000500 seconds
83.633: Application time: 0.0206450 seconds
83.633: [GC [PSYoungGen: 7038K->544K(7680K)] 19151K->12656K(25088K), 0.0004030 secs] [Times: user=0.00 sys=0.00, real=0.00 secs] 
83.633: Total time for which application threads were stopped: 0.0004950 seconds, Stopping threads took: 0.0000450 seconds
83.655: Application time: 0.0212090 seconds
83.655: [GC [PSYoungGen: 7197K->480K(7680K)] 19310K->12592K(25088K), 0.0004020 secs] [Times: user=0.00 sys=0.00, real=0.00 secs] 
83.655: Total time for which application threads were stopped: 0.0005040 seconds, Stopping threads took: 0.0000470 seconds
83.682: Application time: 0.0264800 seconds
83.682: [GC [PSYoungGen: 7136K->448K(7680K)] 19248K->12560K(25088K), 0.0004590 secs] [Times: user=0.00 sys=0.00, real=0.00 secs] 
83.682: Total time for which application threads were stopped: 0.0005710 seconds, Stopping threads took: 0.0000580 seconds
83.711: Application time: 0.0292590 seconds
83.711: [GC [PSYoungGen: 7100K->512K(7680K)] 19213K->12624K(25088K), 0.0003580 secs] [Times: user=0.00 sys=0.00, real=0.00 secs] 
83.712: Total time for which application threads were stopped: 0.0004550 seconds, Stopping threads took: 0.0000480 seconds
83.740: Application time: 0.0284460 seconds
83.740: [GC [PSYoungGen: 7164K->576K(7680K)] 19277K->12688K(25088K), 0.0003510 secs] [Times: user=0.00 sys=0.00, real=0.00 secs] 
83.741: Total time for which application threads were stopped: 0.0004460 seconds, Stopping threads took: 0.0000440 seconds
83.771: Application time: 0.0300290 seconds
83.771: [GC [PSYoungGen: 7230K->512K(7680K)] 19343K->12624K(25088K), 0.0004200 secs] [Times: user=0.00 sys=0.00, real=0.01 secs] 
83.771: Total time for which application threads were stopped: 0.0005280 seconds, Stopping threads took: 0.0000500 seconds
83.801: Application time: 0.0294380 seconds
83.801: [GC [PSYoungGen: 7166K->480K(7680K)] 19279K->12592K(25088K), 0.0003370 secs] [Times: user=0.00 sys=0.00, real=0.00 secs] 
83.801: Total time for which application threads were stopped: 0.0004360 seconds, Stopping threads took: 0.0000500 seconds
83.831: Application time: 0.0294870 seconds
83.831: [GC [PSYoungGen: 7134K->512K(7680K)] 19247K->12624K(25088K), 0.0003480 secs] [Times: user=0.00 sys=0.00, real=0.01 secs] 
83.831: Total time for which application threads were stopped: 0.0004470 seconds, Stopping threads took: 0.0000490 seconds
83.861: Application time: 0.0296580 seconds
83.861: [GC [PSYoungGen: 7164K->448K(7680K)] 19277K->12560K(25088K), 0.0003520 secs] [Times: user=0.00 sys=0.00, real=0.00 secs] 
83.861: Total time for which application threads were stopped: 0.0004560 seconds, Stopping threads took: 0.0000530 seconds
83.891: Application time: 0.0296150 seconds
83.891: [GC [PSYoungGen: 7102K->512K(7680K)] 19215K->12624K(25088K), 0.0003410 secs] [Times: user=0.00 sys=0.00, real=0.01 secs] 
83.891: Total time for which application threads were stopped: 0.0004460 seconds, Stopping threads took: 0.0000560 seconds
83.921: Application time: 0.0294840 seconds
83.921: [GC [PSYoungGen: 7166K->544K(7680K)] 19279K->12656K(25088K), 0.0003620 secs] [Times: user=0.00 sys=0.00, real=0.00 secs] 
83.921: Total time for which application threads were stopped: 0.0004640 seconds, Stopping threads took: 0.0000530 seconds
83.951: Application time: 0.0294480 seconds
83.951: [GC [PSYoungGen: 7198K->448K(7680K)] 19311K->12560K(25088K), 0.0003750 secs] [Times: user=0.00 sys=0.00, real=0.01 secs] 
83.951: Total time for which application threads were stopped: 0.0004780 seconds, Stopping threads took: 0.0000520 seconds
83.969: Application time: 0.0178880 seconds
83.969: [GC [PSYoungGen: 7102K->928K(7680K)] 19214K->13041K(25088K), 0.0004120 secs] [Times: user=0.00 sys=0.00, real=0.00 secs] 
83.970: Total time for which application threads were stopped: 0.0005200 seconds, Stopping threads took: 0.0000590 seconds
83.986: Application time: 0.0161460 seconds
83.986: [GC [PSYoungGen: 7580K->896K(7680K)] 19693K->13009K(25088K), 0.0004620 secs] [Times: user=0.00 sys=0.00, real=0.00 secs] 
83.986: Total time for which application threads were stopped: 0.0005530 seconds, Stopping threads took: 0.0000420 seconds
84.003: Application time: 0.0171550 seconds
84.004: [GC [PSYoungGen: 7550K->960K(7680K)] 19663K->13201K(25088K), 0.0004660 secs] [Times: user=0.00 sys=0.00, real=0.00 secs] 
84.004: Total time for which application threads were stopped: 0.0009220 seconds, Stopping threads took: 0.0003860 seconds
84.029: Application time: 0.0250410 seconds
84.029: [GC [PSYoungGen: 7612K->832K(7680K)] 19853K->13073K(25088K), 0.0004120 secs] [Times: user=0.00 sys=0.00, real=0.00 secs] 
84.030: Total time for which application threads were stopped: 0.0005140 seconds, Stopping threads took: 0.0000410 seconds
84.057: Application time: 0.0273930 seconds
84.057: [GC [PSYoungGen: 7487K->944K(7680K)] 19728K->13185K(25088K), 0.0004400 secs] [Times: user=0.01 sys=0.00, real=0.00 secs] 
84.058: Total time for which application threads were stopped: 0.0005410 seconds, Stopping threads took: 0.0000500 seconds
84.084: Application time: 0.0261750 seconds
84.084: [GC [PSYoungGen: 7597K->992K(7680K)] 19838K->13249K(25088K), 0.0004660 secs] [Times: user=0.01 sys=0.00, real=0.00 secs] 
84.085: Total time for which application threads were stopped: 0.0005730 seconds, Stopping threads took: 0.0000570 seconds
84.115: Application time: 0.0299460 seconds
84.115: [GC [PSYoungGen: 7646K->1008K(7680K)] 19903K->13273K(25088K), 0.0004460 secs] [Times: user=0.00 sys=0.00, real=0.00 secs] 
84.115: Total time for which application threads were stopped: 0.0005510 seconds, Stopping threads took: 0.0000540 seconds
84.144: Application time: 0.0293710 seconds
84.145: [GC [PSYoungGen: 7662K->960K(7680K)] 19927K->13225K(25088K), 0.0004960 secs] [Times: user=0.01 sys=0.00, real=0.00 secs] 
84.145: Total time for which application threads were stopped: 0.0005910 seconds, Stopping threads took: 0.0000460 seconds
84.175: Application time: 0.0299690 seconds
84.175: [GC [PSYoungGen: 7614K->1008K(7680K)] 19879K->13281K(25088K), 0.0004240 secs] [Times: user=0.00 sys=0.00, real=0.00 secs] 
84.176: Total time for which application threads were stopped: 0.0005200 seconds, Stopping threads took: 0.0000460 seconds
84.205: Application time: 0.0297430 seconds
84.205: [GC [PSYoungGen: 7662K->960K(7680K)] 19935K->13233K(25088K), 0.0004400 secs] [Times: user=0.00 sys=0.00, real=0.00 secs] 
84.206: Total time for which application threads were stopped: 0.0005420 seconds, Stopping threads took: 0.0000500 seconds
84.235: Application time: 0.0286910 seconds
84.235: [GC [PSYoungGen: 7612K->1008K(7680K)] 19885K->13441K(25088K), 0.0004670 secs] [Times: user=0.00 sys=0.00, real=0.00 secs] 
84.235: Total time for which application threads were stopped: 0.0005750 seconds, Stopping threads took: 0.0000520 seconds
84.256: Application time: 0.0205850 seconds
84.256: [GC [PSYoungGen: 7661K->960K(7680K)] 20094K->13521K(25088K), 0.0005290 secs] [Times: user=0.00 sys=0.00, real=0.00 secs] 
84.256: Total time for which application threads were stopped: 0.0006320 seconds, Stopping threads took: 0.0000510 seconds
84.277: Application time: 0.0211610 seconds
84.278: [GC [PSYoungGen: 7615K->912K(7680K)] 20176K->13473K(25088K), 0.0004230 secs] [Times: user=0.00 sys=0.00, real=0.00 secs] 
84.278: Total time for which application threads were stopped: 0.0005260 seconds, Stopping threads took: 0.0000520 seconds
84.299: Application time: 0.0204850 seconds
84.299: [GC [PSYoungGen: 7567K->1008K(7680K)] 20128K->13801K(25088K), 0.0004610 secs] [Times: user=0.00 sys=0.00, real=0.00 secs] 
84.299: Total time for which application threads were stopped: 0.0005640 seconds, Stopping threads took: 0.0000490 seconds
84.320: Application time: 0.0212350 seconds
84.320: [GC [PSYoungGen: 7661K->976K(7680K)] 20454K->13897K(25088K), 0.0004400 secs] [Times: user=0.00 sys=0.00, real=0.00 secs] 
84.321: Total time for which application threads were stopped: 0.0005460 seconds, Stopping threads took: 0.0000520 seconds
84.340: Application time: 0.0193790 seconds
84.340: [GC [PSYoungGen: 7628K->992K(7680K)] 20550K->14057K(25088K), 0.0004380 secs] [Times: user=0.01 sys=0.00, real=0.00 secs] 
84.341: Total time for which application threads were stopped: 0.0005380 seconds, Stopping threads took: 0.0000530 seconds
84.360: Application time: 0.0194860 seconds
84.360: [GC [PSYoungGen: 7646K->1008K(7680K)] 20711K->14457K(25088K), 0.0005200 secs] [Times: user=0.00 sys=0.00, real=0.00 secs] 
84.361: Total time for which application threads were stopped: 0.0006260 seconds, Stopping threads took: 0.0000490 seconds
84.383: Application time: 0.0222290 seconds
84.383: [GC [PSYoungGen: 7659K->1008K(7680K)] 21109K->14673K(25088K), 0.0004970 secs] [Times: user=0.00 sys=0.00, real=0.00 secs] 
84.384: Total time for which application threads were stopped: 0.0005960 seconds, Stopping threads took: 0.0000500 seconds
84.408: Application time: 0.0243620 seconds
84.408: [GC [PSYoungGen: 7662K->1008K(7680K)] 21328K->15227K(25088K), 0.0005640 secs] [Times: user=0.01 sys=0.00, real=0.00 secs] 
84.409: Total time for which application threads were stopped: 0.0006730 seconds, Stopping threads took: 0.0000550 seconds
84.437: Application time: 0.0283080 seconds
84.437: Total time for which application threads were stopped: 0.0000620 seconds, Stopping threads took: 0.0000450 seconds
84.437: Application time: 0.0000400 seconds
84.437: [GC [PSYoungGen: 7629K->944K(7680K)] 21976K->15451K(25088K), 0.0004810 secs] [Times: user=0.00 sys=0.00, real=0.00 secs] 
84.438: Total time for which application threads were stopped: 0.0005490 seconds, Stopping threads took: 0.0000270 seconds
84.458: Application time: 0.0205230 seconds
84.458: [GC [PSYoungGen: 7597K->1008K(7680K)] 22388K->16071K(25088K), 0.0004940 secs] [Times: user=0.00 sys=0.00, real=0.00 secs] 
84.459: Total time for which application threads were stopped: 0.0005920 seconds, Stopping threads took: 0.0000480 seconds
84.480: Application time: 0.0210620 seconds
84.480: [GC [PSYoungGen: 7663K->944K(7680K)] 22727K->16135K(25088K), 0.0004630 secs] [Times: user=0.00 sys=0.00, real=0.00 secs] 
84.480: Total time for which application threads were stopped: 0.0005680 seconds, Stopping threads took: 0.0000540 seconds
84.507: Application time: 0.0268180 seconds
84.507: [GC [PSYoungGen: 7596K->1008K(7680K)] 22787K->16255K(25088K), 0.0004840 secs] [Times: user=0.00 sys=0.00, real=0.00 secs] 
84.508: Total time for which application threads were stopped: 0.0005970 seconds, Stopping threads took: 0.0000570 seconds
84.538: Application time: 0.0299310 seconds
84.539: [GC [PSYoungGen: 7662K->1008K(7680K)] 22909K->16295K(25088K), 0.0005750 secs] [Times: user=0.00 sys=0.00, real=0.00 secs] 
84.540: Total time for which application threads were stopped: 0.0019090 seconds, Stopping threads took: 0.0012730 seconds
84.568: Application time: 0.0280740 seconds
84.568: [GC [PSYoungGen: 7662K->976K(7680K)] 22949K->16263K(25088K), 0.0005370 secs] [Times: user=0.01 sys=0.00, real=0.00 secs] 
84.568: Total time for which application threads were stopped: 0.0006340 seconds, Stopping threads took: 0.0000480 seconds
84.598: Application time: 0.0292400 seconds
84.598: [GC [PSYoungGen: 7630K->992K(7680K)] 22918K->16303K(25088K), 0.0004730 secs] [Times: user=0.00 sys=0.00, real=0.00 secs] 
84.598: Total time for which application threads were stopped: 0.0005770 seconds, Stopping threads took: 0.0000570 seconds
84.628: Application time: 0.0292950 seconds
84.628: [GC [PSYoungGen: 7646K->992K(7680K)] 22958K->16327K(25088K), 0.0004250 secs] [Times: user=0.00 sys=0.00, real=0.00 secs] 
84.628: Total time for which application threads were stopped: 0.0005390 seconds, Stopping threads took: 0.0000660 seconds
84.657: Application time: 0.0290890 seconds
84.657: [GC [PSYoungGen: 7646K->976K(7680K)] 22982K->16311K(25088K), 0.0004780 secs] [Times: user=0.00 sys=0.00, real=0.00 secs] 
84.658: Total time for which application threads were stopped: 0.0005790 seconds, Stopping threads took: 0.0000530 seconds
84.685: Application time: 0.0275710 seconds
84.685: [GC [PSYoungGen: 7629K->928K(7680K)] 22965K->16423K(25088K), 0.0004330 secs] [Times: user=0.00 sys=0.00, real=0.00 secs] 
84.686: Total time for which application threads were stopped: 0.0005300 seconds, Stopping threads took: 0.0000430 seconds
84.715: Application time: 0.0294180 seconds
84.715: [GC [PSYoungGen: 7582K->880K(7680K)] 23078K->16375K(25088K), 0.0004360 secs] [Times: user=0.00 sys=0.00, real=0.00 secs] 
84.716: Total time for which application threads were stopped: 0.0005430 seconds, Stopping threads took: 0.0000480 seconds
84.743: Application time: 0.0275690 seconds
84.743: [GC [PSYoungGen: 7534K->976K(7680K)] 23029K->16655K(25088K), 0.0004260 secs] [Times: user=0.00 sys=0.00, real=0.00 secs] 
84.744: Total time for which application threads were stopped: 0.0005270 seconds, Stopping threads took: 0.0000470 seconds
84.772: Application time: 0.0280870 seconds
84.772: [GC [PSYoungGen: 7630K->896K(7680K)] 23309K->16620K(25088K), 0.0004930 secs] [Times: user=0.01 sys=0.00, real=0.00 secs] 
84.773: Total time for which application threads were stopped: 0.0006020 seconds, Stopping threads took: 0.0000540 seconds
84.802: Application time: 0.0293840 seconds
84.802: [GC [PSYoungGen: 7550K->832K(7680K)] 23274K->16604K(25088K), 0.0004830 secs] [Times: user=0.00 sys=0.00, real=0.00 secs] 
84.803: Total time for which application threads were stopped: 0.0005920 seconds, Stopping threads took: 0.0000540 seconds
84.832: Application time: 0.0296210 seconds
84.832: [GC [PSYoungGen: 7486K->640K(7680K)] 23259K->16640K(25088K), 0.0004650 secs] [Times: user=0.00 sys=0.00, real=0.00 secs] 
84.833: Total time for which application threads were stopped: 0.0005680 seconds, Stopping threads took: 0.0000560 seconds
84.863: Application time: 0.0297900 seconds
84.863: [GC [PSYoungGen: 7294K->672K(7680K)] 23295K->16672K(25088K), 0.0003520 secs] [Times: user=0.00 sys=0.00, real=0.00 secs] 
84.863: Total time for which application threads were stopped: 0.0004550 seconds, Stopping threads took: 0.0000530 seconds
84.891: Application time: 0.0278710 seconds
84.891: [GC [PSYoungGen: 7325K->768K(7680K)] 23326K->16816K(25088K), 0.0003880 secs] [Times: user=0.01 sys=0.00, real=0.01 secs] 
84.891: Total time for which application threads were stopped: 0.0004950 seconds, Stopping threads took: 0.0000580 seconds
84.922: Application time: 0.0303680 seconds
84.922: [GC [PSYoungGen: 7422K->864K(7680K)] 23471K->16912K(25088K), 0.0004090 secs] [Times: user=0.00 sys=0.00, real=0.00 secs] 
84.922: Total time for which application threads were stopped: 0.0005160 seconds, Stopping threads took: 0.0000560 seconds
84.952: Application time: 0.0300190 seconds
84.952: [GC [PSYoungGen: 7518K->736K(7680K)] 23567K->16800K(25088K), 0.0004100 secs] [Times: user=0.00 sys=0.00, real=0.00 secs] 
84.953: Total time for which application threads were stopped: 0.0005150 seconds, Stopping threads took: 0.0000520 seconds
84.984: Application time: 0.0311420 seconds
84.984: [GC [PSYoungGen: 7390K->736K(7680K)] 23455K->16800K(25088K), 0.0003790 secs] [Times: user=0.00 sys=0.00, real=0.00 secs] 
84.984: Total time for which application threads were stopped: 0.0005010 seconds, Stopping threads took: 0.0000730 seconds
85.015: Application time: 0.0307210 seconds
85.015: [GC [PSYoungGen: 7388K->864K(7680K)] 23453K->16928K(25088K), 0.0004360 secs] [Times: user=0.01 sys=0.00, real=0.00 secs] 
85.016: Total time for which application threads were stopped: 0.0005440 seconds, Stopping threads took: 0.0000520 seconds
85.046: Application time: 0.0298680 seconds
85.046: [GC [PSYoungGen: 7518K->736K(7680K)] 23583K->16800K(25088K), 0.0003590 secs] [Times: user=0.01 sys=0.00, real=0.00 secs] 
85.046: Total time for which application threads were stopped: 0.0004580 seconds, Stopping threads took: 0.0000420 seconds
85.076: Application time: 0.0301020 seconds
85.076: [GC [PSYoungGen: 7390K->768K(7680K)] 23455K->16832K(25088K), 0.0003890 secs] [Times: user=0.00 sys=0.00, real=0.00 secs] 
85.077: Total time for which application threads were stopped: 0.0004910 seconds, Stopping threads took: 0.0000540 seconds
85.107: Application time: 0.0302890 seconds
85.107: [GC [PSYoungGen: 7422K->768K(7680K)] 23487K->16832K(25088K), 0.0003970 secs] [Times: user=0.00 sys=0.01, real=0.00 secs] 
85.107: Total time for which application threads were stopped: 0.0005010 seconds, Stopping threads took: 0.0000520 seconds
85.138: Application time: 0.0300590 seconds
85.138: [GC [PSYoungGen: 7422K->704K(7680K)] 23487K->16869K(25088K), 0.0003800 secs] [Times: user=0.00 sys=0.00, real=0.00 secs] 
85.138: Total time for which application threads were stopped: 0.0004850 seconds, Stopping threads took: 0.0000500 seconds
85.168: Application time: 0.0301200 seconds
85.168: [GC [PSYoungGen: 7358K->704K(7680K)] 23524K->16869K(25088K), 0.0003810 secs] [Times: user=0.00 sys=0.00, real=0.00 secs] 
85.169: Total time for which application threads were stopped: 0.0004800 seconds, Stopping threads took: 0.0000510 seconds
85.199: Application time: 0.0303110 seconds
85.199: [GC [PSYoungGen: 7358K->480K(7680K)] 23524K->16857K(25088K), 0.0003700 secs] [Times: user=0.00 sys=0.00, real=0.01 secs] 
85.199: Total time for which application threads were stopped: 0.0004690 seconds, Stopping threads took: 0.0000460 seconds
85.229: Application time: 0.0297340 seconds
85.229: [GC [PSYoungGen: 7134K->384K(7680K)] 23512K->16982K(25088K), 0.0003620 secs] [Times: user=0.01 sys=0.00, real=0.00 secs] 
85.230: Total time for which application threads were stopped: 0.0004800 seconds, Stopping threads took: 0.0000700 seconds
85.259: Application time: 0.0296990 seconds
85.259: [GC [PSYoungGen: 7038K->352K(7680K)] 23637K->16950K(25088K), 0.0003160 secs] [Times: user=0.01 sys=0.00, real=0.00 secs] 
85.260: Total time for which application threads were stopped: 0.0004310 seconds, Stopping threads took: 0.0000610 seconds
85.289: Application time: 0.0295400 seconds
85.289: [GC [PSYoungGen: 7006K->288K(7680K)] 23605K->16886K(25088K), 0.0003450 secs] [Times: user=0.00 sys=0.00, real=0.00 secs] 
85.290: Total time for which application threads were stopped: 0.0004440 seconds, Stopping threads took: 0.0000530 seconds
85.319: Application time: 0.0295380 seconds
85.319: [GC [PSYoungGen: 6942K->288K(7680K)] 23541K->16886K(25088K), 0.0003500 secs] [Times: user=0.00 sys=0.00, real=0.00 secs] 
85.320: Total time for which application threads were stopped: 0.0004350 seconds, Stopping threads took: 0.0000370 seconds
85.343: Application time: 0.0237310 seconds
85.344: [GC [PSYoungGen: 6944K->320K(7680K)] 23542K->17138K(25088K), 0.0003700 secs] [Times: user=0.00 sys=0.00, real=0.00 secs] 
85.344: Total time for which application threads were stopped: 0.0004570 seconds, Stopping threads took: 0.0000420 seconds
85.365: Application time: 0.0213330 seconds
85.365: [GC [PSYoungGen: 6975K->288K(7680K)] 23794K->17106K(25088K), 0.0003770 secs] [Times: user=0.00 sys=0.00, real=0.00 secs] 
85.366: Total time for which application threads were stopped: 0.0004650 seconds, Stopping threads took: 0.0000420 seconds
85.385: Application time: 0.0196350 seconds
85.385: [GC [PSYoungGen: 6940K->544K(7680K)] 23759K->17363K(25088K), 0.0003510 secs] [Times: user=0.00 sys=0.00, real=0.00 secs] 
85.386: Total time for which application threads were stopped: 0.0004460 seconds, Stopping threads took: 0.0000500 seconds
85.408: Application time: 0.0221360 seconds
85.408: [GC [PSYoungGen: 7195K->544K(7680K)] 24014K->17363K(25088K), 0.0003490 secs] [Times: user=0.00 sys=0.00, real=0.00 secs] 
85.408: Total time for which application threads were stopped: 0.0004510 seconds, Stopping threads took: 0.0000540 seconds
85.429: Application time: 0.0210380 seconds
85.429: [GC [PSYoungGen: 7200K->544K(7680K)] 24018K->17363K(25088K), 0.0003390 secs] [Times: user=0.00 sys=0.00, real=0.00 secs] 
85.430: Total time for which application threads were stopped: 0.0004270 seconds, Stopping threads took: 0.0000410 seconds
85.458: Application time: 0.0280450 seconds
85.458: [GC [PSYoungGen: 7198K->512K(7680K)] 24017K->17331K(25088K), 0.0003960 secs] [Times: user=0.00 sys=0.00, real=0.00 secs] 
85.458: Total time for which application threads were stopped: 0.0004880 seconds, Stopping threads took: 0.0000420 seconds
85.488: Application time: 0.0291220 seconds
85.488: [GC [PSYoungGen: 7164K->640K(7680K)] 23983K->17459K(25088K), 0.0003770 secs] [Times: user=0.00 sys=0.00, real=0.00 secs] 
85.488: Total time for which application threads were stopped: 0.0004800 seconds, Stopping threads took: 0.0000530 seconds
85.518: Application time: 0.0299010 seconds
85.518: [GC [PSYoungGen: 7294K->544K(7680K)] 24113K->17363K(25088K), 0.0003950 secs] [Times: user=0.01 sys=0.00, real=0.00 secs] 
85.518: Total time for which application threads were stopped: 0.0005120 seconds, Stopping threads took: 0.0000690 seconds
85.548: Application time: 0.0296300 seconds
85.551: [GC [PSYoungGen: 7198K->480K(7680K)] 24017K->17299K(25088K), 0.0004730 secs] [Times: user=0.00 sys=0.00, real=0.00 secs] 
85.552: Total time for which application threads were stopped: 0.0036250 seconds, Stopping threads took: 0.0030830 seconds
85.581: Application time: 0.0293210 seconds
85.581: [GC [PSYoungGen: 7134K->512K(7680K)] 23953K->17331K(25088K), 0.0003660 secs] [Times: user=0.00 sys=0.00, real=0.00 secs] 
85.581: Total time for which application threads were stopped: 0.0004690 seconds, Stopping threads took: 0.0000530 seconds
85.611: Application time: 0.0293940 seconds
85.611: [GC [PSYoungGen: 7166K->480K(7680K)] 23985K->17299K(25088K), 0.0003600 secs] [Times: user=0.00 sys=0.00, real=0.01 secs] 
85.611: Total time for which application threads were stopped: 0.0004490 seconds, Stopping threads took: 0.0000390 seconds
85.641: Application time: 0.0293010 seconds
85.641: [GC [PSYoungGen: 7134K->512K(7680K)] 23953K->17331K(25088K), 0.0003560 secs] [Times: user=0.00 sys=0.00, real=0.00 secs] 
85.641: Total time for which application threads were stopped: 0.0004420 seconds, Stopping threads took: 0.0000360 seconds
85.670: Application time: 0.0292990 seconds
85.670: [GC [PSYoungGen: 7166K->512K(7680K)] 23985K->17331K(25088K), 0.0003250 secs] [Times: user=0.00 sys=0.00, real=0.00 secs] 
85.671: Total time for which application threads were stopped: 0.0004300 seconds, Stopping threads took: 0.0000570 seconds
85.693: Application time: 0.0225150 seconds
85.693: [GC [PSYoungGen: 7167K->736K(7680K)] 23986K->17555K(25088K), 0.0003730 secs] [Times: user=0.00 sys=0.00, real=0.00 secs] 
85.694: Total time for which application threads were stopped: 0.0004730 seconds, Stopping threads took: 0.0000510 seconds
85.712: Application time: 0.0185860 seconds
85.712: [GC [PSYoungGen: 7390K->928K(7680K)] 24209K->17875K(25088K), 0.0004310 secs] [Times: user=0.00 sys=0.00, real=0.00 secs] 
85.713: Total time for which application threads were stopped: 0.0005290 seconds, Stopping threads took: 0.0000470 seconds
85.729: Application time: 0.0163470 seconds
85.729: [GC [PSYoungGen: 7580K->928K(7680K)] 24527K->17875K(25088K), 0.0003970 secs] [Times: user=0.00 sys=0.00, real=0.00 secs] 
85.730: Total time for which application threads were stopped: 0.0004870 seconds, Stopping threads took: 0.0000400 seconds
85.751: Application time: 0.0212200 seconds
85.751: [GC [PSYoungGen: 7555K->816K(7680K)] 24502K->17763K(25088K), 0.0005550 secs] [Times: user=0.01 sys=0.00, real=0.00 secs] 
85.752: Total time for which application threads were stopped: 0.0007090 seconds, Stopping threads took: 0.0000900 seconds
85.779: Application time: 0.0272800 seconds
85.779: [GC [PSYoungGen: 7471K->960K(7680K)] 24418K->17907K(25088K), 0.0004470 secs] [Times: user=0.01 sys=0.00, real=0.01 secs] 
85.779: Total time for which application threads were stopped: 0.0005470 seconds, Stopping threads took: 0.0000450 seconds
85.806: Application time: 0.0268070 seconds
85.806: [GC [PSYoungGen: 7614K->960K(7680K)] 24561K->17907K(25088K), 0.0004510 secs] [Times: user=0.00 sys=0.00, real=0.00 secs] 
85.807: Total time for which application threads were stopped: 0.0005670 seconds, Stopping threads took: 0.0000600 seconds
85.833: Application time: 0.0257860 seconds
85.833: [GC [PSYoungGen: 7612K->992K(7680K)] 24559K->17947K(25088K), 0.0004970 secs] [Times: user=0.00 sys=0.00, real=0.00 secs] 
85.833: Total time for which application threads were stopped: 0.0005960 seconds, Stopping threads took: 0.0000510 seconds
85.863: Application time: 0.0297200 seconds
85.863: [GC [PSYoungGen: 7646K->1008K(7680K)] 24601K->17963K(25088K), 0.0004470 secs] [Times: user=0.00 sys=0.00, real=0.00 secs] 
85.864: Total time for which application threads were stopped: 0.0005550 seconds, Stopping threads took: 0.0000510 seconds
85.894: Application time: 0.0299910 seconds
85.894: [GC [PSYoungGen: 7662K->992K(7680K)] 24617K->17947K(25088K), 0.0004220 secs] [Times: user=0.00 sys=0.00, real=0.00 secs] 
85.894: Total time for which application threads were stopped: 0.0005160 seconds, Stopping threads took: 0.0000440 seconds
85.924: Application time: 0.0298020 seconds
85.924: [GC [PSYoungGen: 7646K->896K(7680K)] 24601K->17979K(25088K), 0.0004430 secs] [Times: user=0.00 sys=0.00, real=0.00 secs] 
85.924: Total time for which application threads were stopped: 0.0005420 seconds, Stopping threads took: 0.0000470 seconds
85.954: Application time: 0.0295720 seconds
85.954: [GC [PSYoungGen: 7550K->896K(7680K)] 24633K->17979K(25088K), 0.0004330 secs] [Times: user=0.00 sys=0.00, real=0.00 secs] 
85.954: Total time for which application threads were stopped: 0.0005260 seconds, Stopping threads took: 0.0000450 seconds
85.984: Application time: 0.0294820 seconds
85.984: [GC [PSYoungGen: 7550K->864K(7680K)] 24633K->17947K(25088K), 0.0004000 secs] [Times: user=0.00 sys=0.00, real=0.00 secs] 
85.984: Total time for which application threads were stopped: 0.0004910 seconds, Stopping threads took: 0.0000440 seconds
86.006: Application time: 0.0220190 seconds
86.007: [GC [PSYoungGen: 7516K->1008K(7680K)] 24599K->18155K(25088K), 0.0004770 secs] [Times: user=0.00 sys=0.00, real=0.00 secs] 
86.007: Total time for which application threads were stopped: 0.0005790 seconds, Stopping threads took: 0.0000470 seconds
86.028: Application time: 0.0211170 seconds
86.028: [GC [PSYoungGen: 7661K->992K(7680K)] 24808K->18159K(25088K), 0.0004950 secs] [Times: user=0.00 sys=0.00, real=0.00 secs] 
86.029: Total time for which application threads were stopped: 0.0006000 seconds, Stopping threads took: 0.0000530 seconds
86.051: Application time: 0.0224210 seconds
86.051: [GC [PSYoungGen: 7646K->1008K(7680K)] 24813K->18367K(25088K), 0.0005460 secs] [Times: user=0.00 sys=0.00, real=0.00 secs] 
86.052: [Full GC [PSYoungGen: 1008K->0K(7680K)] [ParOldGen: 17359K->3306K(17408K)] 18367K->3306K(25088K) [PSPermGen: 5541K->5541K(21504K)], 0.0045320 secs] [Times: user=0.02 sys=0.00, real=0.00 secs] 
86.056: Total time for which application threads were stopped: 0.0052260 seconds, Stopping threads took: 0.0000450 seconds
86.074: Application time: 0.0180400 seconds
86.075: [GC [PSYoungGen: 6653K->512K(7680K)] 9959K->3818K(25088K), 0.0003830 secs] [Times: user=0.00 sys=0.00, real=0.00 secs] 
86.075: Total time for which application threads were stopped: 0.0004920 seconds, Stopping threads took: 0.0000420 seconds
86.091: Application time: 0.0160150 seconds
86.091: [GC [PSYoungGen: 7164K->512K(7680K)] 10471K->3818K(25088K), 0.0003870 secs] [Times: user=0.00 sys=0.00, real=0.01 secs] 
86.091: Total time for which application threads were stopped: 0.0004820 seconds, Stopping threads took: 0.0000430 seconds
86.110: Application time: 0.0182620 seconds
86.110: [GC [PSYoungGen: 7164K->704K(7680K)] 10471K->4010K(25088K), 0.0003690 secs] [Times: user=0.00 sys=0.00, real=0.00 secs] 
86.110: Total time for which application threads were stopped: 0.0004690 seconds, Stopping threads took: 0.0000520 seconds
86.135: Application time: 0.0245060 seconds
86.135: [GC [PSYoungGen: 7355K->992K(7680K)] 10662K->4426K(25088K), 0.0004520 secs] [Times: user=0.00 sys=0.01, real=0.00 secs] 
86.135: Total time for which application threads were stopped: 0.0005660 seconds, Stopping threads took: 0.0000640 seconds
86.165: Application time: 0.0292520 seconds
86.165: [GC [PSYoungGen: 7644K->848K(7680K)] 11078K->4282K(25088K), 0.0004410 secs] [Times: user=0.00 sys=0.00, real=0.00 secs] 
86.165: Total time for which application threads were stopped: 0.0005490 seconds, Stopping threads took: 0.0000530 seconds
86.192: Application time: 0.0273050 seconds
86.192: [GC [PSYoungGen: 7502K->1008K(7680K)] 10936K->4450K(25088K), 0.0004280 secs] [Times: user=0.00 sys=0.00, real=0.00 secs] 
86.193: Total time for which application threads were stopped: 0.0005240 seconds, Stopping threads took: 0.0000470 seconds
86.217: Application time: 0.0238260 seconds
86.217: [GC [PSYoungGen: 7663K->1008K(7680K)] 11106K->4771K(25088K), 0.0005330 secs] [Times: user=0.01 sys=0.00, real=0.00 secs] 
86.217: Total time for which application threads were stopped: 0.0006360 seconds, Stopping threads took: 0.0000530 seconds
86.238: Application time: 0.0204190 seconds
86.238: [GC [PSYoungGen: 7663K->992K(7680K)] 11426K->5011K(25088K), 0.0004910 secs] [Times: user=0.00 sys=0.00, real=0.00 secs] 
86.238: Total time for which application threads were stopped: 0.0005880 seconds, Stopping threads took: 0.0000470 seconds
86.261: Application time: 0.0227160 seconds
86.261: [GC [PSYoungGen: 7643K->992K(7680K)] 11662K->5155K(25088K), 0.0004660 secs] [Times: user=0.00 sys=0.00, real=0.00 secs] 
86.262: Total time for which application threads were stopped: 0.0005810 seconds, Stopping threads took: 0.0000610 seconds
86.291: Application time: 0.0289070 seconds
86.291: [GC [PSYoungGen: 7644K->992K(7680K)] 11807K->5155K(25088K), 0.0004220 secs] [Times: user=0.01 sys=0.00, real=0.01 secs] 
86.291: Total time for which application threads were stopped: 0.0005310 seconds, Stopping threads took: 0.0000560 seconds
86.320: Application time: 0.0283990 seconds
86.320: [GC [PSYoungGen: 7644K->992K(7680K)] 11807K->5291K(25088K), 0.0004270 secs] [Times: user=0.00 sys=0.00, real=0.00 secs] 
86.320: Total time for which application threads were stopped: 0.0005190 seconds, Stopping threads took: 0.0000410 seconds
86.349: Application time: 0.0291250 seconds
86.349: [GC [PSYoungGen: 7646K->896K(7680K)] 11946K->5323K(25088K), 0.0004880 secs] [Times: user=0.00 sys=0.00, real=0.00 secs] 
86.350: Total time for which application threads were stopped: 0.0005830 seconds, Stopping threads took: 0.0000460 seconds
86.379: Application time: 0.0292290 seconds
86.379: [GC [PSYoungGen: 7548K->864K(7680K)] 11975K->5291K(25088K), 0.0004500 secs] [Times: user=0.00 sys=0.00, real=0.00 secs] 
86.380: Total time for which application threads were stopped: 0.0005510 seconds, Stopping threads took: 0.0000500 seconds
86.409: Application time: 0.0294580 seconds
86.409: [GC [PSYoungGen: 7516K->832K(7680K)] 11943K->5259K(25088K), 0.0003860 secs] [Times: user=0.00 sys=0.00, real=0.00 secs] 
86.409: Total time for which application threads were stopped: 0.0004870 seconds, Stopping threads took: 0.0000500 seconds
86.437: Application time: 0.0275080 seconds
86.437: [GC [PSYoungGen: 7486K->880K(7680K)] 11913K->5307K(25088K), 0.0004750 secs] [Times: user=0.00 sys=0.00, real=0.00 secs] 
86.438: Total time for which application threads were stopped: 0.0005640 seconds, Stopping threads took: 0.0000400 seconds
86.467: Application time: 0.0291760 seconds
86.467: [GC [PSYoungGen: 7534K->864K(7680K)] 11962K->5291K(25088K), 0.0004210 secs] [Times: user=0.00 sys=0.00, real=0.00 secs] 
86.467: Total time for which application threads were stopped: 0.0005220 seconds, Stopping threads took: 0.0000520 seconds
86.495: Application time: 0.0278730 seconds
86.495: [GC [PSYoungGen: 7515K->1008K(7680K)] 11942K->5495K(25088K), 0.0004410 secs] [Times: user=0.01 sys=0.00, real=0.00 secs] 
86.496: Total time for which application threads were stopped: 0.0005420 seconds, Stopping threads took: 0.0000510 seconds
86.524: Application time: 0.0287260 seconds
86.524: [GC [PSYoungGen: 7662K->1008K(7680K)] 12149K->5711K(25088K), 0.0004450 secs] [Times: user=0.00 sys=0.00, real=0.00 secs] 
86.525: Total time for which application threads were stopped: 0.0005400 seconds, Stopping threads took: 0.0000430 seconds
86.554: Application time: 0.0286880 seconds
86.554: [GC [PSYoungGen: 7661K->1008K(7680K)] 12365K->5783K(25088K), 0.0004580 secs] [Times: user=0.00 sys=0.00, real=0.00 secs] 
86.554: Total time for which application threads were stopped: 0.0005690 seconds, Stopping threads took: 0.0000600 seconds
86.584: Application time: 0.0297390 seconds
86.584: [GC [PSYoungGen: 7662K->944K(7680K)] 12438K->5764K(25088K), 0.0004350 secs] [Times: user=0.00 sys=0.00, real=0.00 secs] 
86.584: Total time for which application threads were stopped: 0.0005400 seconds, Stopping threads took: 0.0000470 seconds
86.614: Application time: 0.0298690 seconds
86.614: [GC [PSYoungGen: 7598K->992K(7680K)] 12418K->5908K(25088K), 0.0005250 secs] [Times: user=0.00 sys=0.00, real=0.00 secs] 
86.615: Total time for which application threads were stopped: 0.0006270 seconds, Stopping threads took: 0.0000510 seconds
86.645: Application time: 0.0298930 seconds
86.645: [GC [PSYoungGen: 7646K->736K(7680K)] 12562K->5844K(25088K), 0.0003990 secs] [Times: user=0.00 sys=0.00, real=0.00 secs] 
86.645: Total time for which application threads were stopped: 0.0005000 seconds, Stopping threads took: 0.0000510 seconds
86.673: Application time: 0.0278940 seconds
86.673: [GC [PSYoungGen: 7388K->768K(7680K)] 12496K->5940K(25088K), 0.0003750 secs] [Times: user=0.00 sys=0.00, real=0.00 secs] 
86.674: Total time for which application threads were stopped: 0.0004650 seconds, Stopping threads took: 0.0000410 seconds
86.703: Application time: 0.0296590 seconds
86.707: [GC [PSYoungGen: 7422K->672K(7680K)] 12594K->5852K(25088K), 0.0004610 secs] [Times: user=0.00 sys=0.00, real=0.00 secs] 
86.709: Total time for which application threads were stopped: 0.0052280 seconds, Stopping threads took: 0.0036920 seconds
86.739: Application time: 0.0299030 seconds
86.739: [GC [PSYoungGen: 7326K->704K(7680K)] 12506K->5884K(25088K), 0.0003810 secs] [Times: user=0.00 sys=0.00, real=0.00 secs] 
86.740: Total time for which application threads were stopped: 0.0010270 seconds, Stopping threads took: 0.0005990 seconds
86.770: Application time: 0.0300500 seconds
86.770: [GC [PSYoungGen: 7358K->768K(7680K)] 12538K->5948K(25088K), 0.0003960 secs] [Times: user=0.01 sys=0.00, real=0.00 secs] 
86.770: Total time for which application threads were stopped: 0.0005110 seconds, Stopping threads took: 0.0000570 seconds
86.800: Application time: 0.0298550 seconds
86.800: [GC [PSYoungGen: 7422K->640K(7680K)] 12602K->5820K(25088K), 0.0003550 secs] [Times: user=0.00 sys=0.00, real=0.00 secs] 
86.800: Total time for which application threads were stopped: 0.0004650 seconds, Stopping threads took: 0.0000530 seconds
86.831: Application time: 0.0303950 seconds
86.831: [GC [PSYoungGen: 7294K->704K(7680K)] 12474K->5884K(25088K), 0.0004120 secs] [Times: user=0.00 sys=0.00, real=0.01 secs] 
86.831: Total time for which application threads were stopped: 0.0005200 seconds, Stopping threads took: 0.0000510 seconds
86.862: Application time: 0.0305700 seconds
86.862: [GC [PSYoungGen: 7358K->736K(7680K)] 12538K->5916K(25088K), 0.0003680 secs] [Times: user=0.00 sys=0.00, real=0.00 secs] 
86.862: Total time for which application threads were stopped: 0.0004610 seconds, Stopping threads took: 0.0000440 seconds
86.892: Application time: 0.0299720 seconds
86.892: [GC [PSYoungGen: 7390K->512K(7680K)] 12570K->5912K(25088K), 0.0003650 secs] [Times: user=0.00 sys=0.00, real=0.00 secs] 
86.893: Total time for which application threads were stopped: 0.0004760 seconds, Stopping threads took: 0.0000640 seconds
86.923: Application time: 0.0298420 seconds
86.923: [GC [PSYoungGen: 7166K->480K(7680K)] 12567K->5880K(25088K), 0.0003360 secs] [Times: user=0.00 sys=0.00, real=0.00 secs] 
86.923: Total time for which application threads were stopped: 0.0004330 seconds, Stopping threads took: 0.0000450 seconds
86.953: Application time: 0.0297190 seconds
86.953: [GC [PSYoungGen: 7134K->512K(7680K)] 12535K->5960K(25088K), 0.0003420 secs] [Times: user=0.00 sys=0.00, real=0.00 secs] 
86.953: Total time for which application threads were stopped: 0.0004390 seconds, Stopping threads took: 0.0000500 seconds
86.983: Application time: 0.0299070 seconds
86.983: [GC [PSYoungGen: 7166K->448K(7680K)] 12615K->5896K(25088K), 0.0003550 secs] [Times: user=0.00 sys=0.00, real=0.00 secs] 
86.984: Total time for which application threads were stopped: 0.0004510 seconds, Stopping threads took: 0.0000440 seconds
87.013: Application time: 0.0296770 seconds
87.013: [GC [PSYoungGen: 7102K->352K(7680K)] 12551K->6005K(25088K), 0.0003200 secs] [Times: user=0.00 sys=0.00, real=0.00 secs] 
87.014: Total time for which application threads were stopped: 0.0004160 seconds, Stopping threads took: 0.0000460 seconds
87.044: Application time: 0.0307410 seconds
87.045: [GC [PSYoungGen: 7004K->288K(7680K)] 12657K->5941K(25088K), 0.0003890 secs] [Times: user=0.00 sys=0.00, real=0.00 secs] 
87.045: Total time for which application threads were stopped: 0.0004820 seconds, Stopping threads took: 0.0000420 seconds
87.075: Application time: 0.0296350 seconds
87.075: [GC [PSYoungGen: 6942K->352K(7680K)] 12595K->6005K(25088K), 0.0003140 secs] [Times: user=0.00 sys=0.00, real=0.00 secs] 
87.075: Total time for which application threads were stopped: 0.0004000 seconds, Stopping threads took: 0.0000390 seconds
87.100: Application time: 0.0248760 seconds
87.100: [GC [PSYoungGen: 7006K->384K(7680K)] 12659K->6037K(25088K), 0.0003280 secs] [Times: user=0.00 sys=0.00, real=0.00 secs] 
87.100: Total time for which application threads were stopped: 0.0004330 seconds, Stopping threads took: 0.0000500 seconds
87.121: Application time: 0.0208970 seconds
87.121: [GC [PSYoungGen: 7040K->352K(7680K)] 12693K->6217K(25088K), 0.0003270 secs] [Times: user=0.00 sys=0.00, real=0.00 secs] 
87.122: Total time for which application threads were stopped: 0.0004320 seconds, Stopping threads took: 0.0000560 seconds
87.144: Application time: 0.0218890 seconds
87.144: [GC [PSYoungGen: 7005K->544K(7680K)] 12871K->6409K(25088K), 0.0004530 secs] [Times: user=0.00 sys=0.00, real=0.00 secs] 
87.144: Total time for which application threads were stopped: 0.0005470 seconds, Stopping threads took: 0.0000430 seconds
87.165: Application time: 0.0205590 seconds
87.165: [GC [PSYoungGen: 7199K->512K(7680K)] 13065K->6377K(25088K), 0.0003840 secs] [Times: user=0.00 sys=0.00, real=0.00 secs] 
87.165: Total time for which application threads were stopped: 0.0004720 seconds, Stopping threads took: 0.0000420 seconds
87.186: Application time: 0.0211450 seconds
87.186: [GC [PSYoungGen: 7167K->480K(7680K)] 13033K->6345K(25088K), 0.0003180 secs] [Times: user=0.00 sys=0.00, real=0.00 secs] 
87.187: Total time for which application threads were stopped: 0.0004230 seconds, Stopping threads took: 0.0000530 seconds
87.213: Application time: 0.0267240 seconds
87.213: [GC [PSYoungGen: 7131K->576K(7680K)] 12997K->6441K(25088K), 0.0003310 secs] [Times: user=0.00 sys=0.00, real=0.00 secs] 
87.214: Total time for which application threads were stopped: 0.0004150 seconds, Stopping threads took: 0.0000370 seconds
87.243: Application time: 0.0294210 seconds
87.243: [GC [PSYoungGen: 7228K->512K(7680K)] 13093K->6377K(25088K), 0.0003570 secs] [Times: user=0.00 sys=0.00, real=0.00 secs] 
87.244: Total time for which application threads were stopped: 0.0004660 seconds, Stopping threads took: 0.0000600 seconds
87.272: Application time: 0.0283840 seconds
87.272: [GC [PSYoungGen: 7165K->512K(7680K)] 13031K->6377K(25088K), 0.0003360 secs] [Times: user=0.00 sys=0.00, real=0.00 secs] 
87.273: Total time for which application threads were stopped: 0.0004250 seconds, Stopping threads took: 0.0000400 seconds
87.302: Application time: 0.0295750 seconds
87.302: [GC [PSYoungGen: 7166K->512K(7680K)] 13032K->6377K(25088K), 0.0003320 secs] [Times: user=0.01 sys=0.00, real=0.00 secs] 
87.303: Total time for which application threads were stopped: 0.0004320 seconds, Stopping threads took: 0.0000440 seconds
87.332: Application time: 0.0293790 seconds
87.332: [GC [PSYoungGen: 7166K->448K(7680K)] 13032K->6313K(25088K), 0.0003500 secs] [Times: user=0.00 sys=0.00, real=0.00 secs] 
87.332: Total time for which application threads were stopped: 0.0004360 seconds, Stopping threads took: 0.0000360 seconds
87.362: Application time: 0.0292990 seconds
87.362: [GC [PSYoungGen: 7102K->512K(7680K)] 12968K->6377K(25088K), 0.0003390 secs] [Times: user=0.00 sys=0.00, real=0.00 secs] 
87.362: Total time for which application threads were stopped: 0.0004410 seconds, Stopping threads took: 0.0000500 seconds
87.391: Application time: 0.0292180 seconds
87.391: [GC [PSYoungGen: 7166K->544K(7680K)] 13032K->6409K(25088K), 0.0003340 secs] [Times: user=0.00 sys=0.00, real=0.00 secs] 
87.392: Total time for which application threads were stopped: 0.0004450 seconds, Stopping threads took: 0.0000530 seconds
87.417: Application time: 0.0254710 seconds
87.417: [GC [PSYoungGen: 7199K->704K(7680K)] 13064K->6569K(25088K), 0.0004070 secs] [Times: user=0.00 sys=0.00, real=0.00 secs] 
87.418: Total time for which application threads were stopped: 0.0005060 seconds, Stopping threads took: 0.0000500 seconds
87.438: Application time: 0.0206550 seconds
87.438: [GC [PSYoungGen: 7356K->736K(7680K)] 13222K->6601K(25088K), 0.0003840 secs] [Times: user=0.00 sys=0.00, real=0.00 secs] 
87.439: Total time for which application threads were stopped: 0.0004830 seconds, Stopping threads took: 0.0000500 seconds
87.461: Application time: 0.0219230 seconds
87.461: [GC [PSYoungGen: 7389K->800K(7680K)] 13255K->6665K(25088K), 0.0003740 secs] [Times: user=0.00 sys=0.00, real=0.00 secs] 
87.461: Total time for which application threads were stopped: 0.0004820 seconds, Stopping threads took: 0.0000570 seconds
87.490: Application time: 0.0291010 seconds
87.490: [GC [PSYoungGen: 7452K->672K(7680K)] 13317K->6537K(25088K), 0.0004210 secs] [Times: user=0.01 sys=0.00, real=0.00 secs] 
87.491: Total time for which application threads were stopped: 0.0005170 seconds, Stopping threads took: 0.0000440 seconds
87.517: Application time: 0.0259990 seconds
87.517: [GC [PSYoungGen: 7328K->896K(7680K)] 13193K->6761K(25088K), 0.0004010 secs] [Times: user=0.00 sys=0.00, real=0.00 secs] 
87.517: Total time for which application threads were stopped: 0.0005070 seconds, Stopping threads took: 0.0000550 seconds
87.537: Application time: 0.0191210 seconds
87.537: [GC [PSYoungGen: 7549K->976K(7680K)] 13414K->6841K(25088K), 0.0005010 secs] [Times: user=0.00 sys=0.00, real=0.00 secs] 
87.537: Total time for which application threads were stopped: 0.0006340 seconds, Stopping threads took: 0.0000770 seconds
87.559: Application time: 0.0213800 seconds
87.559: Total time for which application threads were stopped: 0.0005350 seconds, Stopping threads took: 0.0005150 seconds
87.559: Application time: 0.0000560 seconds
87.559: [GC [PSYoungGen: 7558K->864K(7680K)] 13551K->6857K(25088K), 0.0005980 secs] [Times: user=0.00 sys=0.00, real=0.00 secs] 
87.560: Total time for which application threads were stopped: 0.0006790 seconds, Stopping threads took: 0.0000370 seconds
87.589: Application time: 0.0287880 seconds
87.589: [GC [PSYoungGen: 7516K->1008K(7680K)] 13794K->7294K(25088K), 0.0004600 secs] [Times: user=0.01 sys=0.00, real=0.00 secs] 
87.589: Total time for which application threads were stopped: 0.0005720 seconds, Stopping threads took: 0.0000580 seconds
87.618: Application time: 0.0291030 seconds
87.618: [GC [PSYoungGen: 7660K->896K(7680K)] 13946K->7182K(25088K), 0.0004170 secs] [Times: user=0.00 sys=0.00, real=0.00 secs] 
87.619: Total time for which application threads were stopped: 0.0005300 seconds, Stopping threads took: 0.0000520 seconds
87.647: Application time: 0.0280680 seconds
87.647: [GC [PSYoungGen: 7548K->992K(7680K)] 13834K->7286K(25088K), 0.0004180 secs] [Times: user=0.00 sys=0.00, real=0.00 secs] 
87.647: Total time for which application threads were stopped: 0.0005280 seconds, Stopping threads took: 0.0000600 seconds
87.677: Application time: 0.0296720 seconds
87.677: [GC [PSYoungGen: 7646K->992K(7680K)] 13940K->7294K(25088K), 0.0004080 secs] [Times: user=0.00 sys=0.00, real=0.00 secs] 
87.678: Total time for which application threads were stopped: 0.0005020 seconds, Stopping threads took: 0.0000460 seconds
87.707: Application time: 0.0295920 seconds
87.707: [GC [PSYoungGen: 7644K->1008K(7680K)] 13946K->7318K(25088K), 0.0004290 secs] [Times: user=0.00 sys=0.00, real=0.00 secs] 
87.708: Total time for which application threads were stopped: 0.0005390 seconds, Stopping threads took: 0.0000570 seconds
87.737: Application time: 0.0294340 seconds
87.737: [GC [PSYoungGen: 7662K->992K(7680K)] 13972K->7302K(25088K), 0.0003980 secs] [Times: user=0.01 sys=0.00, real=0.00 secs] 
87.738: Total time for which application threads were stopped: 0.0004970 seconds, Stopping threads took: 0.0000480 seconds
87.759: Application time: 0.0217890 seconds
87.760: [GC [PSYoungGen: 7646K->1008K(7680K)] 13957K->7530K(25088K), 0.0005160 secs] [Times: user=0.00 sys=0.00, real=0.00 secs] 
87.760: Total time for which application threads were stopped: 0.0006210 seconds, Stopping threads took: 0.0000480 seconds
87.782: Application time: 0.0216370 seconds
87.782: [GC [PSYoungGen: 7663K->992K(7680K)] 14186K->7514K(25088K), 0.0003850 secs] [Times: user=0.00 sys=0.00, real=0.00 secs] 
87.782: Total time for which application threads were stopped: 0.0004900 seconds, Stopping threads took: 0.0000570 seconds
87.800: Application time: 0.0179940 seconds
87.800: [GC [PSYoungGen: 7646K->992K(7680K)] 14169K->7738K(25088K), 0.0004410 secs] [Times: user=0.00 sys=0.00, real=0.00 secs] 
87.801: Total time for which application threads were stopped: 0.0005380 seconds, Stopping threads took: 0.0000440 seconds
87.822: Application time: 0.0210660 seconds
87.822: [GC [PSYoungGen: 7645K->1008K(7680K)] 14391K->7754K(25088K), 0.0004230 secs] [Times: user=0.00 sys=0.00, real=0.00 secs] 
87.822: Total time for which application threads were stopped: 0.0005220 seconds, Stopping threads took: 0.0000520 seconds
87.843: Application time: 0.0207190 seconds
87.843: [GC [PSYoungGen: 7660K->992K(7680K)] 14406K->7978K(25088K), 0.0004640 secs] [Times: user=0.00 sys=0.00, real=0.00 secs] 
87.844: Total time for which application threads were stopped: 0.0005830 seconds, Stopping threads took: 0.0000650 seconds
87.863: Application time: 0.0192130 seconds
87.863: [GC [PSYoungGen: 7646K->1008K(7680K)] 14633K->8515K(25088K), 0.0005620 secs] [Times: user=0.00 sys=0.00, real=0.00 secs] 
87.864: Total time for which application threads were stopped: 0.0006720 seconds, Stopping threads took: 0.0000570 seconds
87.884: Application time: 0.0203650 seconds
87.884: [GC [PSYoungGen: 7660K->992K(7680K)] 15167K->8719K(25088K), 0.0005360 secs] [Times: user=0.00 sys=0.00, real=0.00 secs] 
87.885: Total time for which application threads were stopped: 0.0006430 seconds, Stopping threads took: 0.0000500 seconds
87.913: Application time: 0.0281290 seconds
87.913: [GC [PSYoungGen: 7644K->992K(7680K)] 15371K->8948K(25088K), 0.0004490 secs] [Times: user=0.00 sys=0.00, real=0.00 secs] 
87.913: Total time for which application threads were stopped: 0.0005490 seconds, Stopping threads took: 0.0000500 seconds
87.942: Application time: 0.0286490 seconds
87.942: [GC [PSYoungGen: 7644K->992K(7680K)] 15600K->8992K(25088K), 0.0004470 secs] [Times: user=0.00 sys=0.00, real=0.00 secs] 
87.942: Total time for which application threads were stopped: 0.0005470 seconds, Stopping threads took: 0.0000470 seconds
87.966: Application time: 0.0239840 seconds
87.967: [GC [PSYoungGen: 7645K->992K(7680K)] 15646K->9474K(25088K), 0.0005460 secs] [Times: user=0.00 sys=0.00, real=0.00 secs] 
87.968: Total time for which application threads were stopped: 0.0012960 seconds, Stopping threads took: 0.0006940 seconds
87.989: Application time: 0.0212380 seconds
87.989: [GC [PSYoungGen: 7644K->992K(7680K)] 16126K->9618K(25088K), 0.0004320 secs] [Times: user=0.00 sys=0.00, real=0.00 secs] 
87.990: Total time for which application threads were stopped: 0.0005420 seconds, Stopping threads took: 0.0000550 seconds
88.011: Application time: 0.0212430 seconds
88.011: [GC [PSYoungGen: 7645K->992K(7680K)] 16272K->9650K(25088K), 0.0004160 secs] [Times: user=0.00 sys=0.00, real=0.01 secs] 
88.011: Total time for which application threads were stopped: 0.0005220 seconds, Stopping threads took: 0.0000490 seconds
88.038: Application time: 0.0272030 seconds
88.039: [GC [PSYoungGen: 7646K->992K(7680K)] 16305K->9658K(25088K), 0.0004170 secs] [Times: user=0.00 sys=0.00, real=0.00 secs] 
88.039: Total time for which application threads were stopped: 0.0005160 seconds, Stopping threads took: 0.0000450 seconds
88.068: Application time: 0.0290250 seconds
88.068: [GC [PSYoungGen: 7644K->1008K(7680K)] 16311K->9674K(25088K), 0.0004070 secs] [Times: user=0.00 sys=0.00, real=0.00 secs] 
88.069: Total time for which application threads were stopped: 0.0005030 seconds, Stopping threads took: 0.0000430 seconds
88.097: Application time: 0.0283180 seconds
88.097: [GC [PSYoungGen: 7661K->992K(7680K)] 16328K->9658K(25088K), 0.0004110 secs] [Times: user=0.00 sys=0.00, real=0.00 secs] 
88.097: Total time for which application threads were stopped: 0.0005090 seconds, Stopping threads took: 0.0000490 seconds
88.127: Application time: 0.0291860 seconds
88.127: [GC [PSYoungGen: 7646K->976K(7680K)] 16313K->9658K(25088K), 0.0004040 secs] [Times: user=0.01 sys=0.00, real=0.00 secs] 
88.127: Total time for which application threads were stopped: 0.0005030 seconds, Stopping threads took: 0.0000380 seconds
88.156: Application time: 0.0293660 seconds
88.156: [GC [PSYoungGen: 7628K->976K(7680K)] 16311K->9658K(25088K), 0.0004030 secs] [Times: user=0.00 sys=0.00, real=0.00 secs] 
88.157: Total time for which application threads were stopped: 0.0005010 seconds, Stopping threads took: 0.0000480 seconds
88.185: Application time: 0.0281880 seconds
88.185: [GC [PSYoungGen: 7629K->1008K(7680K)] 16312K->9858K(25088K), 0.0004410 secs] [Times: user=0.00 sys=0.00, real=0.00 secs] 
88.186: Total time for which application threads were stopped: 0.0005580 seconds, Stopping threads took: 0.0000620 seconds
88.214: Application time: 0.0282890 seconds
88.214: [GC [PSYoungGen: 7660K->992K(7680K)] 16511K->9882K(25088K), 0.0004160 secs] [Times: user=0.01 sys=0.00, real=0.00 secs] 
88.214: Total time for which application threads were stopped: 0.0005180 seconds, Stopping threads took: 0.0000510 seconds
88.244: Application time: 0.0297890 seconds
88.244: [GC [PSYoungGen: 7646K->992K(7680K)] 16536K->10066K(25088K), 0.0005290 secs] [Times: user=0.00 sys=0.00, real=0.00 secs] 
88.245: Total time for which application threads were stopped: 0.0006400 seconds, Stopping threads took: 0.0000570 seconds
88.274: Application time: 0.0291760 seconds
88.274: [GC [PSYoungGen: 7646K->992K(7680K)] 16721K->10106K(25088K), 0.0004080 secs] [Times: user=0.00 sys=0.00, real=0.00 secs] 
88.275: Total time for which application threads were stopped: 0.0005060 seconds, Stopping threads took: 0.0000440 seconds
88.302: Application time: 0.0278460 seconds
88.303: [GC [PSYoungGen: 7646K->992K(7680K)] 16760K->10207K(25088K), 0.0004330 secs] [Times: user=0.00 sys=0.00, real=0.00 secs] 
88.303: Total time for which application threads were stopped: 0.0005280 seconds, Stopping threads took: 0.0000420 seconds
88.332: Application time: 0.0294940 seconds
88.333: [GC [PSYoungGen: 7646K->992K(7680K)] 16862K->10235K(25088K), 0.0004020 secs] [Times: user=0.00 sys=0.00, real=0.00 secs] 
88.333: Total time for which application threads were stopped: 0.0005100 seconds, Stopping threads took: 0.0000560 seconds
88.363: Application time: 0.0299850 seconds
88.363: [GC [PSYoungGen: 7644K->960K(7680K)] 16887K->10203K(25088K), 0.0004100 secs] [Times: user=0.00 sys=0.00, real=0.00 secs] 
88.363: Total time for which application threads were stopped: 0.0005090 seconds, Stopping threads took: 0.0000470 seconds
88.393: Application time: 0.0295510 seconds
88.393: [GC [PSYoungGen: 7614K->704K(7680K)] 16858K->10168K(25088K), 0.0003960 secs] [Times: user=0.00 sys=0.00, real=0.00 secs] 
88.394: Total time for which application threads were stopped: 0.0005030 seconds, Stopping threads took: 0.0000550 seconds
88.422: Application time: 0.0281600 seconds
88.422: [GC [PSYoungGen: 7360K->960K(7680K)] 16824K->10600K(25088K), 0.0004210 secs] [Times: user=0.00 sys=0.00, real=0.00 secs] 
88.422: Total time for which application threads were stopped: 0.0005310 seconds, Stopping threads took: 0.0000580 seconds
88.452: Application time: 0.0295330 seconds
88.452: [GC [PSYoungGen: 7614K->768K(7680K)] 17254K->10408K(25088K), 0.0004190 secs] [Times: user=0.01 sys=0.00, real=0.00 secs] 
88.452: Total time for which application threads were stopped: 0.0005230 seconds, Stopping threads took: 0.0000540 seconds
88.482: Application time: 0.0296380 seconds
88.482: [GC [PSYoungGen: 7422K->928K(7680K)] 17062K->10568K(25088K), 0.0004040 secs] [Times: user=0.01 sys=0.00, real=0.00 secs] 
88.482: Total time for which application threads were stopped: 0.0005130 seconds, Stopping threads took: 0.0000500 seconds
88.512: Application time: 0.0298920 seconds
88.512: [GC [PSYoungGen: 7582K->736K(7680K)] 17222K->10376K(25088K), 0.0003860 secs] [Times: user=0.01 sys=0.00, real=0.00 secs] 
88.513: Total time for which application threads were stopped: 0.0004870 seconds, Stopping threads took: 0.0000500 seconds
88.545: Application time: 0.0318290 seconds
88.545: [GC [PSYoungGen: 7391K->768K(7680K)] 17031K->10472K(25088K), 0.0004360 secs] [Times: user=0.00 sys=0.00, real=0.00 secs] 
88.545: Total time for which application threads were stopped: 0.0005410 seconds, Stopping threads took: 0.0000510 seconds
88.575: Application time: 0.0297950 seconds
88.575: [GC [PSYoungGen: 7422K->736K(7680K)] 17126K->10440K(25088K), 0.0003920 secs] [Times: user=0.00 sys=0.00, real=0.00 secs] 
88.575: Total time for which application threads were stopped: 0.0005070 seconds, Stopping threads took: 0.0000580 seconds
88.606: Application time: 0.0302850 seconds
88.606: [GC [PSYoungGen: 7388K->736K(7680K)] 17092K->10440K(25088K), 0.0003670 secs] [Times: user=0.00 sys=0.00, real=0.00 secs] 
88.606: Total time for which application threads were stopped: 0.0004560 seconds, Stopping threads took: 0.0000420 seconds
88.636: Application time: 0.0298170 seconds
88.636: [GC [PSYoungGen: 7390K->768K(7680K)] 17094K->10472K(25088K), 0.0003660 secs] [Times: user=0.00 sys=0.00, real=0.00 secs] 
88.637: Total time for which application threads were stopped: 0.0004650 seconds, Stopping threads took: 0.0000400 seconds
88.666: Application time: 0.0297500 seconds
88.666: [GC [PSYoungGen: 7422K->640K(7680K)] 17126K->10412K(25088K), 0.0004080 secs] [Times: user=0.00 sys=0.00, real=0.00 secs] 
88.667: Total time for which application threads were stopped: 0.0005180 seconds, Stopping threads took: 0.0000570 seconds
88.696: Application time: 0.0296490 seconds
88.697: [GC [PSYoungGen: 7294K->544K(7680K)] 17067K->10553K(25088K), 0.0003600 secs] [Times: user=0.01 sys=0.00, real=0.00 secs] 
88.697: Total time for which application threads were stopped: 0.0004510 seconds, Stopping threads took: 0.0000400 seconds
88.727: Application time: 0.0296430 seconds
88.727: [GC [PSYoungGen: 7198K->512K(7680K)] 17207K->10521K(25088K), 0.0003340 secs] [Times: user=0.00 sys=0.00, real=0.00 secs] 
88.727: Total time for which application threads were stopped: 0.0004430 seconds, Stopping threads took: 0.0000580 seconds
88.757: Application time: 0.0298010 seconds
88.757: [GC [PSYoungGen: 7166K->224K(7680K)] 17175K->10437K(25088K), 0.0004390 secs] [Times: user=0.00 sys=0.00, real=0.00 secs] 
88.757: Total time for which application threads were stopped: 0.0005520 seconds, Stopping threads took: 0.0000590 seconds
88.787: Application time: 0.0295150 seconds
88.787: [GC [PSYoungGen: 6878K->352K(7680K)] 17092K->10565K(25088K), 0.0003330 secs] [Times: user=0.00 sys=0.00, real=0.00 secs] 
88.787: Total time for which application threads were stopped: 0.0004340 seconds, Stopping threads took: 0.0000480 seconds
88.814: Application time: 0.0263240 seconds
88.814: [GC [PSYoungGen: 7006K->480K(7680K)] 17220K->10693K(25088K), 0.0003440 secs] [Times: user=0.00 sys=0.00, real=0.00 secs] 
88.814: Total time for which application threads were stopped: 0.0004430 seconds, Stopping threads took: 0.0000490 seconds
88.835: Application time: 0.0207170 seconds
88.835: [GC [PSYoungGen: 7135K->512K(7680K)] 17349K->10725K(25088K), 0.0003880 secs] [Times: user=0.00 sys=0.00, real=0.00 secs] 
88.835: Total time for which application threads were stopped: 0.0004900 seconds, Stopping threads took: 0.0000530 seconds
88.857: Application time: 0.0220460 seconds
88.857: [GC [PSYoungGen: 7165K->416K(7680K)] 17379K->10850K(25088K), 0.0003490 secs] [Times: user=0.00 sys=0.00, real=0.00 secs] 
88.858: Total time for which application threads were stopped: 0.0004580 seconds, Stopping threads took: 0.0000580 seconds
88.880: Application time: 0.0223570 seconds
88.880: [GC [PSYoungGen: 7068K->480K(7680K)] 17502K->10914K(25088K), 0.0004070 secs] [Times: user=0.00 sys=0.00, real=0.00 secs] 
88.881: Total time for which application threads were stopped: 0.0005120 seconds, Stopping threads took: 0.0000490 seconds
88.902: Application time: 0.0212610 seconds
88.902: [GC [PSYoungGen: 7133K->640K(7680K)] 17567K->11074K(25088K), 0.0003550 secs] [Times: user=0.00 sys=0.00, real=0.00 secs] 
88.902: Total time for which application threads were stopped: 0.0004500 seconds, Stopping threads took: 0.0000460 seconds
88.926: Application time: 0.0232350 seconds
88.926: [GC [PSYoungGen: 7295K->512K(7680K)] 17730K->10946K(25088K), 0.0003450 secs] [Times: user=0.00 sys=0.00, real=0.00 secs] 
88.926: Total time for which application threads were stopped: 0.0004420 seconds, Stopping threads took: 0.0000490 seconds
88.955: Application time: 0.0290110 seconds
88.955: [GC [PSYoungGen: 7164K->480K(7680K)] 17598K->10914K(25088K), 0.0003850 secs] [Times: user=0.01 sys=0.00, real=0.00 secs] 
88.956: Total time for which application threads were stopped: 0.0004790 seconds, Stopping threads took: 0.0000450 seconds
88.984: Application time: 0.0287290 seconds
88.984: [GC [PSYoungGen: 7134K->544K(7680K)] 17568K->10978K(25088K), 0.0003690 secs] [Times: user=0.00 sys=0.00, real=0.00 secs] 
88.985: Total time for which application threads were stopped: 0.0004630 seconds, Stopping threads took: 0.0000480 seconds
89.015: Application time: 0.0298320 seconds
89.015: [GC [PSYoungGen: 7198K->480K(7680K)] 17632K->10914K(25088K), 0.0003600 secs] [Times: user=0.00 sys=0.00, real=0.00 secs] 
89.015: Total time for which application threads were stopped: 0.0004600 seconds, Stopping threads took: 0.0000500 seconds
89.045: Application time: 0.0294970 seconds
89.045: [GC [PSYoungGen: 7134K->512K(7680K)] 17568K->10946K(25088K), 0.0003850 secs] [Times: user=0.00 sys=0.00, real=0.00 secs] 
89.045: Total time for which application threads were stopped: 0.0004830 seconds, Stopping threads took: 0.0000490 seconds
89.076: Application time: 0.0306370 seconds
89.076: [GC [PSYoungGen: 7166K->480K(7680K)] 17600K->10914K(25088K), 0.0003670 secs] [Times: user=0.00 sys=0.00, real=0.00 secs] 
89.076: Total time for which application threads were stopped: 0.0004760 seconds, Stopping threads took: 0.0000560 seconds
89.105: Application time: 0.0293390 seconds
89.106: [GC [PSYoungGen: 7134K->480K(7680K)] 17568K->10914K(25088K), 0.0003720 secs] [Times: user=0.00 sys=0.00, real=0.00 secs] 
89.106: Total time for which application threads were stopped: 0.0004770 seconds, Stopping threads took: 0.0000550 seconds
89.135: Application time: 0.0292590 seconds
89.135: [GC [PSYoungGen: 7134K->640K(7680K)] 17568K->11074K(25088K), 0.0004240 secs] [Times: user=0.01 sys=0.00, real=0.00 secs] 
89.136: Total time for which application threads were stopped: 0.0005210 seconds, Stopping threads took: 0.0000490 seconds
89.161: Application time: 0.0257720 seconds
89.162: [GC [PSYoungGen: 7295K->768K(7680K)] 17729K->11202K(25088K), 0.0003620 secs] [Times: user=0.00 sys=0.00, real=0.00 secs] 
89.162: Total time for which application threads were stopped: 0.0004560 seconds, Stopping threads took: 0.0000380 seconds
89.183: Application time: 0.0206700 seconds
89.183: [GC [PSYoungGen: 7420K->768K(7680K)] 17855K->11202K(25088K), 0.0003780 secs] [Times: user=0.00 sys=0.00, real=0.00 secs] 
89.183: Total time for which application threads were stopped: 0.0004640 seconds, Stopping threads took: 0.0000360 seconds
89.205: Application time: 0.0218190 seconds
89.205: [GC [PSYoungGen: 7424K->704K(7680K)] 17858K->11138K(25088K), 0.0004450 secs] [Times: user=0.00 sys=0.00, real=0.00 secs] 
89.205: Total time for which application threads were stopped: 0.0005620 seconds, Stopping threads took: 0.0000680 seconds
89.234: Application time: 0.0289400 seconds
89.235: [GC [PSYoungGen: 7356K->688K(7680K)] 17790K->11122K(25088K), 0.0004050 secs] [Times: user=0.00 sys=0.00, real=0.00 secs] 
89.236: Total time for which application threads were stopped: 0.0011340 seconds, Stopping threads took: 0.0006820 seconds
89.263: Application time: 0.0273700 seconds
89.263: [GC [PSYoungGen: 7340K->768K(7680K)] 17774K->11202K(25088K), 0.0004000 secs] [Times: user=0.00 sys=0.00, real=0.00 secs] 
89.263: Total time for which application threads were stopped: 0.0005110 seconds, Stopping threads took: 0.0000600 seconds
89.288: Application time: 0.0241300 seconds
89.288: [GC [PSYoungGen: 7422K->960K(7680K)] 17856K->11394K(25088K), 0.0004790 secs] [Times: user=0.01 sys=0.00, real=0.00 secs] 
89.288: Total time for which application threads were stopped: 0.0005710 seconds, Stopping threads took: 0.0000440 seconds
89.309: Application time: 0.0207200 seconds
89.309: [GC [PSYoungGen: 7616K->1008K(7680K)] 18050K->11442K(25088K), 0.0004310 secs] [Times: user=0.00 sys=0.00, real=0.00 secs] 
89.309: Total time for which application threads were stopped: 0.0005250 seconds, Stopping threads took: 0.0000440 seconds
89.330: Application time: 0.0207980 seconds
89.330: [GC [PSYoungGen: 7664K->992K(7680K)] 18098K->11426K(25088K), 0.0004510 secs] [Times: user=0.00 sys=0.00, real=0.00 secs] 
89.331: Total time for which application threads were stopped: 0.0005480 seconds, Stopping threads took: 0.0000470 seconds
89.360: Application time: 0.0295550 seconds
89.360: [GC [PSYoungGen: 7646K->960K(7680K)] 18080K->11394K(25088K), 0.0004350 secs] [Times: user=0.00 sys=0.00, real=0.00 secs] 
89.361: Total time for which application threads were stopped: 0.0005340 seconds, Stopping threads took: 0.0000470 seconds
89.390: Application time: 0.0294100 seconds
89.390: [GC [PSYoungGen: 7612K->944K(7680K)] 18046K->11378K(25088K), 0.0004650 secs] [Times: user=0.00 sys=0.00, real=0.00 secs] 
89.391: Total time for which application threads were stopped: 0.0005850 seconds, Stopping threads took: 0.0000710 seconds
89.419: Application time: 0.0282620 seconds
89.419: [GC [PSYoungGen: 7596K->992K(7680K)] 18030K->11434K(25088K), 0.0005000 secs] [Times: user=0.00 sys=0.00, real=0.00 secs] 
89.420: Total time for which application threads were stopped: 0.0006120 seconds, Stopping threads took: 0.0000590 seconds
89.449: Application time: 0.0293760 seconds
89.449: [GC [PSYoungGen: 7646K->992K(7680K)] 18088K->11442K(25088K), 0.0004390 secs] [Times: user=0.00 sys=0.00, real=0.00 secs] 
89.450: Total time for which application threads were stopped: 0.0005330 seconds, Stopping threads took: 0.0000430 seconds
89.479: Application time: 0.0293820 seconds
89.479: [GC [PSYoungGen: 7646K->976K(7680K)] 18096K->11426K(25088K), 0.0004450 secs] [Times: user=0.00 sys=0.00, real=0.00 secs] 
89.480: Total time for which application threads were stopped: 0.0005380 seconds, Stopping threads took: 0.0000400 seconds
89.502: Application time: 0.0223770 seconds
89.502: [GC [PSYoungGen: 7628K->992K(7680K)] 18078K->11654K(25088K), 0.0005660 secs] [Times: user=0.00 sys=0.00, real=0.00 secs] 
89.503: Total time for which application threads were stopped: 0.0006700 seconds, Stopping threads took: 0.0000530 seconds
89.524: Application time: 0.0212600 seconds
89.527: [GC [PSYoungGen: 7645K->1008K(7680K)] 18308K->11690K(25088K), 0.0004910 secs] [Times: user=0.00 sys=0.00, real=0.00 secs] 
89.528: Total time for which application threads were stopped: 0.0037950 seconds, Stopping threads took: 0.0032550 seconds
89.545: Application time: 0.0176040 seconds
89.545: [GC [PSYoungGen: 7660K->1008K(7680K)] 18343K->12058K(25088K), 0.0005110 secs] [Times: user=0.00 sys=0.00, real=0.00 secs] 
89.546: Total time for which application threads were stopped: 0.0006340 seconds, Stopping threads took: 0.0000660 seconds
89.567: Application time: 0.0211130 seconds
89.567: [GC [PSYoungGen: 7663K->1008K(7680K)] 18714K->12099K(25088K), 0.0004820 secs] [Times: user=0.00 sys=0.00, real=0.00 secs] 
89.568: Total time for which application threads were stopped: 0.0005910 seconds, Stopping threads took: 0.0000560 seconds
89.592: Application time: 0.0239040 seconds
89.592: [GC [PSYoungGen: 7660K->1008K(7680K)] 18751K->12107K(25088K), 0.0004510 secs] [Times: user=0.00 sys=0.00, real=0.00 secs] 
89.592: Total time for which application threads were stopped: 0.0005520 seconds, Stopping threads took: 0.0000530 seconds
89.614: Application time: 0.0222270 seconds
89.614: [GC [PSYoungGen: 7660K->1008K(7680K)] 18760K->12479K(25088K), 0.0005460 secs] [Times: user=0.00 sys=0.00, real=0.00 secs] 
89.615: Total time for which application threads were stopped: 0.0006520 seconds, Stopping threads took: 0.0000560 seconds
89.635: Application time: 0.0196470 seconds
89.635: [GC [PSYoungGen: 7662K->976K(7680K)] 19133K->12783K(25088K), 0.0005230 secs] [Times: user=0.00 sys=0.00, real=0.00 secs] 
89.635: Total time for which application threads were stopped: 0.0006210 seconds, Stopping threads took: 0.0000470 seconds
89.657: Application time: 0.0214950 seconds
89.657: [GC [PSYoungGen: 7630K->976K(7680K)] 19437K->12911K(25088K), 0.0005270 secs] [Times: user=0.00 sys=0.00, real=0.00 secs] 
89.657: Total time for which application threads were stopped: 0.0006220 seconds, Stopping threads took: 0.0000450 seconds
89.686: Application time: 0.0286060 seconds
89.686: [GC [PSYoungGen: 7628K->960K(7680K)] 19563K->12895K(25088K), 0.0005020 secs] [Times: user=0.00 sys=0.00, real=0.00 secs] 
89.687: Total time for which application threads were stopped: 0.0006020 seconds, Stopping threads took: 0.0000430 seconds
89.713: Application time: 0.0261070 seconds
89.713: [GC [PSYoungGen: 7611K->1008K(7680K)] 19547K->13220K(25088K), 0.0005140 secs] [Times: user=0.00 sys=0.00, real=0.00 secs] 
89.713: Total time for which application threads were stopped: 0.0006090 seconds, Stopping threads took: 0.0000460 seconds
89.732: Application time: 0.0190610 seconds
89.732: [GC [PSYoungGen: 7662K->1008K(7680K)] 19875K->13500K(25088K), 0.0005400 secs] [Times: user=0.00 sys=0.00, real=0.00 secs] 
89.733: Total time for which application threads were stopped: 0.0006480 seconds, Stopping threads took: 0.0000550 seconds
89.754: Application time: 0.0213860 seconds
89.754: [GC [PSYoungGen: 7659K->992K(7680K)] 20152K->13504K(25088K), 0.0005410 secs] [Times: user=0.00 sys=0.00, real=0.00 secs] 
89.755: Total time for which application threads were stopped: 0.0006450 seconds, Stopping threads took: 0.0000510 seconds
89.782: Application time: 0.0274300 seconds
89.783: [GC [PSYoungGen: 7646K->1008K(7680K)] 20158K->13568K(25088K), 0.0004820 secs] [Times: user=0.00 sys=0.00, real=0.00 secs] 
89.783: Total time for which application threads were stopped: 0.0005870 seconds, Stopping threads took: 0.0000530 seconds
89.812: Application time: 0.0290660 seconds
89.812: [GC [PSYoungGen: 7662K->944K(7680K)] 20222K->13504K(25088K), 0.0004630 secs] [Times: user=0.00 sys=0.00, real=0.00 secs] 
89.813: Total time for which application threads were stopped: 0.0005660 seconds, Stopping threads took: 0.0000500 seconds
89.841: Application time: 0.0281430 seconds
89.841: [GC [PSYoungGen: 7596K->992K(7680K)] 20156K->13552K(25088K), 0.0005160 secs] [Times: user=0.00 sys=0.00, real=0.00 secs] 
89.841: Total time for which application threads were stopped: 0.0006140 seconds, Stopping threads took: 0.0000490 seconds
89.871: Application time: 0.0293170 seconds
89.871: [GC [PSYoungGen: 7644K->992K(7680K)] 20204K->13616K(25088K), 0.0004450 secs] [Times: user=0.00 sys=0.00, real=0.01 secs] 
89.871: Total time for which application threads were stopped: 0.0005410 seconds, Stopping threads took: 0.0000460 seconds
89.900: Application time: 0.0291370 seconds
89.901: [GC [PSYoungGen: 7646K->976K(7680K)] 20271K->13600K(25088K), 0.0004520 secs] [Times: user=0.00 sys=0.00, real=0.00 secs] 
89.901: Total time for which application threads were stopped: 0.0005620 seconds, Stopping threads took: 0.0000590 seconds
89.929: Application time: 0.0282590 seconds
89.929: [GC [PSYoungGen: 7630K->992K(7680K)] 20254K->13740K(25088K), 0.0004600 secs] [Times: user=0.00 sys=0.00, real=0.00 secs] 
89.930: Total time for which application threads were stopped: 0.0005580 seconds, Stopping threads took: 0.0000430 seconds
89.958: Application time: 0.0283920 seconds
89.958: [GC [PSYoungGen: 7644K->992K(7680K)] 20393K->13768K(25088K), 0.0005020 secs] [Times: user=0.00 sys=0.00, real=0.00 secs] 
89.959: Total time for which application threads were stopped: 0.0005920 seconds, Stopping threads took: 0.0000360 seconds
89.986: Application time: 0.0275680 seconds
89.986: [GC [PSYoungGen: 7646K->992K(7680K)] 20422K->14064K(25088K), 0.0005350 secs] [Times: user=0.00 sys=0.00, real=0.00 secs] 
89.987: Total time for which application threads were stopped: 0.0006390 seconds, Stopping threads took: 0.0000560 seconds
90.016: Application time: 0.0294930 seconds
90.017: [GC [PSYoungGen: 7646K->896K(7680K)] 20719K->14024K(25088K), 0.0004460 secs] [Times: user=0.00 sys=0.00, real=0.00 secs] 
90.017: Total time for which application threads were stopped: 0.0005500 seconds, Stopping threads took: 0.0000470 seconds
90.048: Application time: 0.0305930 seconds
90.048: [GC [PSYoungGen: 7550K->848K(7680K)] 20679K->14053K(25088K), 0.0005420 secs] [Times: user=0.00 sys=0.00, real=0.00 secs] 
90.048: Total time for which application threads were stopped: 0.0006420 seconds, Stopping threads took: 0.0000470 seconds
90.076: Application time: 0.0277780 seconds
90.076: [GC [PSYoungGen: 7502K->864K(7680K)] 20707K->14305K(25088K), 0.0004850 secs] [Times: user=0.01 sys=0.00, real=0.00 secs] 
90.077: Total time for which application threads were stopped: 0.0005900 seconds, Stopping threads took: 0.0000510 seconds
90.106: Application time: 0.0295940 seconds
90.106: [GC [PSYoungGen: 7518K->832K(7680K)] 20960K->14273K(25088K), 0.0004720 secs] [Times: user=0.00 sys=0.00, real=0.00 secs] 
90.107: Total time for which application threads were stopped: 0.0005680 seconds, Stopping threads took: 0.0000490 seconds
90.136: Application time: 0.0295090 seconds
90.136: [GC [PSYoungGen: 7486K->800K(7680K)] 20928K->14249K(25088K), 0.0004080 secs] [Times: user=0.00 sys=0.00, real=0.00 secs] 
90.137: Total time for which application threads were stopped: 0.0005060 seconds, Stopping threads took: 0.0000440 seconds
90.165: Application time: 0.0278920 seconds
90.165: [GC [PSYoungGen: 7454K->800K(7680K)] 20903K->14486K(25088K), 0.0004870 secs] [Times: user=0.01 sys=0.00, real=0.00 secs] 
90.165: Total time for which application threads were stopped: 0.0005850 seconds, Stopping threads took: 0.0000490 seconds
90.195: Application time: 0.0297300 seconds
90.195: [GC [PSYoungGen: 7454K->800K(7680K)] 21140K->14486K(25088K), 0.0003750 secs] [Times: user=0.00 sys=0.00, real=0.00 secs] 
90.196: Total time for which application threads were stopped: 0.0004810 seconds, Stopping threads took: 0.0000450 seconds
90.225: Application time: 0.0297460 seconds
90.225: [GC [PSYoungGen: 7454K->800K(7680K)] 21140K->14486K(25088K), 0.0003850 secs] [Times: user=0.00 sys=0.00, real=0.00 secs] 
90.226: Total time for which application threads were stopped: 0.0004800 seconds, Stopping threads took: 0.0000460 seconds
90.256: Application time: 0.0299250 seconds
90.256: [GC [PSYoungGen: 7454K->736K(7680K)] 21140K->14422K(25088K), 0.0003720 secs] [Times: user=0.00 sys=0.00, real=0.00 secs] 
90.256: Total time for which application threads were stopped: 0.0004740 seconds, Stopping threads took: 0.0000550 seconds
90.286: Application time: 0.0299670 seconds
90.286: [GC [PSYoungGen: 7390K->704K(7680K)] 21076K->14406K(25088K), 0.0004110 secs] [Times: user=0.00 sys=0.00, real=0.00 secs] 
90.287: Total time for which application threads were stopped: 0.0005110 seconds, Stopping threads took: 0.0000530 seconds
90.317: Application time: 0.0298980 seconds
90.317: [GC [PSYoungGen: 7358K->736K(7680K)] 21060K->14438K(25088K), 0.0004370 secs] [Times: user=0.00 sys=0.00, real=0.00 secs] 
90.317: Total time for which application threads were stopped: 0.0005260 seconds, Stopping threads took: 0.0000410 seconds
90.347: Application time: 0.0297820 seconds
90.347: [GC [PSYoungGen: 7390K->800K(7680K)] 21092K->14502K(25088K), 0.0003670 secs] [Times: user=0.00 sys=0.00, real=0.00 secs] 
90.347: Total time for which application threads were stopped: 0.0004570 seconds, Stopping threads took: 0.0000410 seconds
90.377: Application time: 0.0300760 seconds
90.377: [GC [PSYoungGen: 7452K->704K(7680K)] 21154K->14406K(25088K), 0.0004290 secs] [Times: user=0.00 sys=0.00, real=0.00 secs] 
90.378: Total time for which application threads were stopped: 0.0005380 seconds, Stopping threads took: 0.0000510 seconds
90.408: Application time: 0.0299010 seconds
90.408: [GC [PSYoungGen: 7358K->544K(7680K)] 21060K->14462K(25088K), 0.0003610 secs] [Times: user=0.00 sys=0.00, real=0.00 secs] 
90.408: Total time for which application threads were stopped: 0.0004540 seconds, Stopping threads took: 0.0000460 seconds
90.438: Application time: 0.0298620 seconds
90.438: [GC [PSYoungGen: 7198K->512K(7680K)] 21116K->14522K(25088K), 0.0003700 secs] [Times: user=0.00 sys=0.00, real=0.00 secs] 
90.439: Total time for which application threads were stopped: 0.0004580 seconds, Stopping threads took: 0.0000410 seconds
90.468: Application time: 0.0297550 seconds
90.468: [GC [PSYoungGen: 7166K->480K(7680K)] 21177K->14490K(25088K), 0.0004130 secs] [Times: user=0.00 sys=0.00, real=0.00 secs] 
90.469: Total time for which application threads were stopped: 0.0005090 seconds, Stopping threads took: 0.0000470 seconds
90.499: Application time: 0.0298050 seconds
90.499: [GC [PSYoungGen: 7134K->480K(7680K)] 21145K->14490K(25088K), 0.0003830 secs] [Times: user=0.00 sys=0.00, real=0.01 secs] 
90.499: Total time for which application threads were stopped: 0.0004900 seconds, Stopping threads took: 0.0000570 seconds
90.529: Application time: 0.0298880 seconds
90.529: [GC [PSYoungGen: 7132K->352K(7680K)] 21142K->14583K(25088K), 0.0003410 secs] [Times: user=0.01 sys=0.00, real=0.00 secs] 
90.530: Total time for which application threads were stopped: 0.0004500 seconds, Stopping threads took: 0.0000610 seconds
90.559: Application time: 0.0296320 seconds
90.559: [GC [PSYoungGen: 7006K->256K(7680K)] 21237K->14487K(25088K), 0.0003990 secs] [Times: user=0.00 sys=0.00, real=0.00 secs] 
90.560: Total time for which application threads were stopped: 0.0005020 seconds, Stopping threads took: 0.0000530 seconds
90.582: Application time: 0.0221750 seconds
90.582: [GC [PSYoungGen: 6908K->480K(7680K)] 21139K->14711K(25088K), 0.0004080 secs] [Times: user=0.00 sys=0.00, real=0.00 secs] 
90.582: Total time for which application threads were stopped: 0.0005030 seconds, Stopping threads took: 0.0000460 seconds
90.604: Application time: 0.0215590 seconds
90.604: [GC [PSYoungGen: 7133K->320K(7680K)] 21364K->14779K(25088K), 0.0003520 secs] [Times: user=0.00 sys=0.00, real=0.00 secs] 
90.604: Total time for which application threads were stopped: 0.0004520 seconds, Stopping threads took: 0.0000520 seconds
90.627: Application time: 0.0230820 seconds
90.631: [GC [PSYoungGen: 6971K->544K(7680K)] 21431K->15003K(25088K), 0.0003880 secs] [Times: user=0.00 sys=0.00, real=0.00 secs] 
90.632: Total time for which application threads were stopped: 0.0041180 seconds, Stopping threads took: 0.0036780 seconds
90.652: Application time: 0.0201150 seconds
90.655: [GC [PSYoungGen: 7196K->544K(7680K)] 21656K->15003K(25088K), 0.0003930 secs] [Times: user=0.01 sys=0.00, real=0.00 secs] 
90.656: Total time for which application threads were stopped: 0.0038980 seconds, Stopping threads took: 0.0034550 seconds
90.679: Application time: 0.0234910 seconds
90.679: [GC [PSYoungGen: 7197K->544K(7680K)] 21657K->15003K(25088K), 0.0003830 secs] [Times: user=0.00 sys=0.00, real=0.00 secs] 
90.680: Total time for which application threads were stopped: 0.0004830 seconds, Stopping threads took: 0.0000510 seconds
90.707: Application time: 0.0269560 seconds
90.707: [GC [PSYoungGen: 7195K->576K(7680K)] 21655K->15035K(25088K), 0.0003590 secs] [Times: user=0.00 sys=0.00, real=0.00 secs] 
90.707: Total time for which application threads were stopped: 0.0004670 seconds, Stopping threads took: 0.0000470 seconds
90.736: Application time: 0.0291340 seconds
90.736: [GC [PSYoungGen: 7228K->512K(7680K)] 21687K->14971K(25088K), 0.0003490 secs] [Times: user=0.00 sys=0.00, real=0.00 secs] 
90.737: Total time for which application threads were stopped: 0.0004420 seconds, Stopping threads took: 0.0000460 seconds
90.765: Application time: 0.0288090 seconds
90.765: [GC [PSYoungGen: 7165K->512K(7680K)] 21625K->14971K(25088K), 0.0003930 secs] [Times: user=0.00 sys=0.00, real=0.00 secs] 
90.766: Total time for which application threads were stopped: 0.0004950 seconds, Stopping threads took: 0.0000490 seconds
90.795: Application time: 0.0295760 seconds
90.796: [GC [PSYoungGen: 7166K->544K(7680K)] 21626K->15003K(25088K), 0.0003610 secs] [Times: user=0.00 sys=0.00, real=0.00 secs] 
90.796: Total time for which application threads were stopped: 0.0004750 seconds, Stopping threads took: 0.0000610 seconds
90.825: Application time: 0.0295330 seconds
90.826: [GC [PSYoungGen: 7198K->512K(7680K)] 21658K->14971K(25088K), 0.0004120 secs] [Times: user=0.00 sys=0.00, real=0.00 secs] 
90.826: Total time for which application threads were stopped: 0.0005170 seconds, Stopping threads took: 0.0000510 seconds
90.855: Application time: 0.0292660 seconds
90.855: [GC [PSYoungGen: 7166K->544K(7680K)] 21626K->15003K(25088K), 0.0003090 secs] [Times: user=0.00 sys=0.00, real=0.00 secs] 
90.856: Total time for which application threads were stopped: 0.0004060 seconds, Stopping threads took: 0.0000510 seconds
90.885: Application time: 0.0294010 seconds
90.885: [GC [PSYoungGen: 7198K->544K(7680K)] 21658K->15003K(25088K), 0.0003540 secs] [Times: user=0.00 sys=0.00, real=0.00 secs] 
90.885: Total time for which application threads were stopped: 0.0004370 seconds, Stopping threads took: 0.0000350 seconds
90.911: Application time: 0.0251990 seconds
90.911: [GC [PSYoungGen: 7200K->736K(7680K)] 21659K->15195K(25088K), 0.0003960 secs] [Times: user=0.00 sys=0.00, real=0.01 secs] 
90.911: Total time for which application threads were stopped: 0.0004850 seconds, Stopping threads took: 0.0000380 seconds
90.932: Application time: 0.0206930 seconds
90.932: [GC [PSYoungGen: 7390K->896K(7680K)] 21850K->15355K(25088K), 0.0005150 secs] [Times: user=0.00 sys=0.00, real=0.00 secs] 
90.932: Total time for which application threads were stopped: 0.0006160 seconds, Stopping threads took: 0.0000530 seconds
90.955: Application time: 0.0222890 seconds
90.955: [GC [PSYoungGen: 7552K->768K(7680K)] 22011K->15227K(25088K), 0.0003870 secs] [Times: user=0.00 sys=0.00, real=0.00 secs] 
90.955: Total time for which application threads were stopped: 0.0004820 seconds, Stopping threads took: 0.0000420 seconds
90.984: Application time: 0.0289680 seconds
90.984: [GC [PSYoungGen: 7420K->688K(7680K)] 21879K->15147K(25088K), 0.0004300 secs] [Times: user=0.00 sys=0.00, real=0.00 secs] 
90.985: Total time for which application threads were stopped: 0.0005310 seconds, Stopping threads took: 0.0000490 seconds
91.013: Application time: 0.0281870 seconds
91.013: [GC [PSYoungGen: 7340K->704K(7680K)] 21799K->15163K(25088K), 0.0004190 secs] [Times: user=0.00 sys=0.00, real=0.00 secs] 
91.013: Total time for which application threads were stopped: 0.0005070 seconds, Stopping threads took: 0.0000400 seconds
91.033: Application time: 0.0200210 seconds
91.034: [GC [PSYoungGen: 7359K->992K(7680K)] 21818K->15579K(25088K), 0.0004640 secs] [Times: user=0.00 sys=0.00, real=0.00 secs] 
91.034: Total time for which application threads were stopped: 0.0005570 seconds, Stopping threads took: 0.0000400 seconds
91.055: Application time: 0.0214500 seconds
91.056: [GC [PSYoungGen: 7645K->832K(7680K)] 22233K->15419K(25088K), 0.0004280 secs] [Times: user=0.00 sys=0.00, real=0.00 secs] 
91.056: Total time for which application threads were stopped: 0.0005350 seconds, Stopping threads took: 0.0000550 seconds
91.080: Application time: 0.0236490 seconds
91.080: [GC [PSYoungGen: 7486K->864K(7680K)] 22074K->15451K(25088K), 0.0003820 secs] [Times: user=0.00 sys=0.00, real=0.00 secs] 
91.080: Total time for which application threads were stopped: 0.0004860 seconds, Stopping threads took: 0.0000530 seconds
91.109: Application time: 0.0284560 seconds
91.109: [GC [PSYoungGen: 7517K->880K(7680K)] 22105K->15467K(25088K), 0.0004200 secs] [Times: user=0.00 sys=0.00, real=0.00 secs] 
91.109: Total time for which application threads were stopped: 0.0005180 seconds, Stopping threads took: 0.0000500 seconds
91.137: Application time: 0.0280620 seconds
91.139: [GC [PSYoungGen: 7532K->944K(7680K)] 22120K->15531K(25088K), 0.0004150 secs] [Times: user=0.00 sys=0.00, real=0.00 secs] 
91.140: Total time for which application threads were stopped: 0.0023660 seconds, Stopping threads took: 0.0019010 seconds
91.169: Application time: 0.0297750 seconds
91.169: [GC [PSYoungGen: 7596K->832K(7680K)] 22184K->15419K(25088K), 0.0004150 secs] [Times: user=0.00 sys=0.00, real=0.00 secs] 
91.170: Total time for which application threads were stopped: 0.0005150 seconds, Stopping threads took: 0.0000480 seconds
91.199: Application time: 0.0294790 seconds
91.199: [GC [PSYoungGen: 7486K->848K(7680K)] 22074K->15435K(25088K), 0.0004250 secs] [Times: user=0.00 sys=0.00, real=0.00 secs] 
91.200: Total time for which application threads were stopped: 0.0005200 seconds, Stopping threads took: 0.0000410 seconds
91.229: Application time: 0.0295750 seconds
91.230: [GC [PSYoungGen: 7500K->864K(7680K)] 22088K->15451K(25088K), 0.0004370 secs] [Times: user=0.01 sys=0.00, real=0.00 secs] 
91.230: Total time for which application threads were stopped: 0.0005320 seconds, Stopping threads took: 0.0000390 seconds
91.255: Application time: 0.0254270 seconds
91.255: [GC [PSYoungGen: 7516K->992K(7680K)] 22103K->15707K(25088K), 0.0004500 secs] [Times: user=0.00 sys=0.00, real=0.00 secs] 
91.256: Total time for which application threads were stopped: 0.0005520 seconds, Stopping threads took: 0.0000530 seconds
91.276: Application time: 0.0204740 seconds
91.277: [GC [PSYoungGen: 7644K->1008K(7680K)] 22360K->15731K(25088K), 0.0004520 secs] [Times: user=0.01 sys=0.00, real=0.00 secs] 
91.277: Total time for which application threads were stopped: 0.0005590 seconds, Stopping threads took: 0.0000540 seconds
91.295: Application time: 0.0180190 seconds
91.295: [GC [PSYoungGen: 7660K->992K(7680K)] 22384K->15907K(25088K), 0.0005210 secs] [Times: user=0.00 sys=0.00, real=0.00 secs] 
91.296: Total time for which application threads were stopped: 0.0006340 seconds, Stopping threads took: 0.0000630 seconds
91.316: Application time: 0.0207090 seconds
91.316: [GC [PSYoungGen: 7644K->1008K(7680K)] 22560K->16059K(25088K), 0.0005060 secs] [Times: user=0.00 sys=0.00, real=0.00 secs] 
91.317: Total time for which application threads were stopped: 0.0006070 seconds, Stopping threads took: 0.0000480 seconds
91.338: Application time: 0.0211650 seconds
91.339: [GC [PSYoungGen: 7661K->992K(7680K)] 22713K->16195K(25088K), 0.0004450 secs] [Times: user=0.01 sys=0.00, real=0.00 secs] 
91.340: Total time for which application threads were stopped: 0.0014610 seconds, Stopping threads took: 0.0009660 seconds
91.367: Application time: 0.0271910 seconds
91.367: [GC [PSYoungGen: 7647K->992K(7680K)] 22851K->16331K(25088K), 0.0004910 secs] [Times: user=0.00 sys=0.00, real=0.00 secs] 
91.367: Total time for which application threads were stopped: 0.0005930 seconds, Stopping threads took: 0.0000480 seconds
91.393: Application time: 0.0258910 seconds
91.393: [GC [PSYoungGen: 7646K->1008K(7680K)] 22986K->16519K(25088K), 0.0004860 secs] [Times: user=0.00 sys=0.00, real=0.00 secs] 
91.394: Total time for which application threads were stopped: 0.0005910 seconds, Stopping threads took: 0.0000540 seconds
91.414: Application time: 0.0199180 seconds
91.414: [GC [PSYoungGen: 7660K->1008K(7680K)] 23172K->16668K(25088K), 0.0004700 secs] [Times: user=0.00 sys=0.00, real=0.00 secs] 
91.414: Total time for which application threads were stopped: 0.0005870 seconds, Stopping threads took: 0.0000650 seconds
91.436: Application time: 0.0211790 seconds
91.436: [GC [PSYoungGen: 7659K->992K(7680K)] 23320K->16868K(25088K), 0.0005480 secs] [Times: user=0.01 sys=0.00, real=0.00 secs] 
91.436: Total time for which application threads were stopped: 0.0006360 seconds, Stopping threads took: 0.0000360 seconds
91.461: Application time: 0.0252520 seconds
91.462: [GC [PSYoungGen: 7645K->1008K(7680K)] 23521K->17260K(25088K), 0.0005270 secs] [Times: user=0.00 sys=0.00, real=0.00 secs] 
91.462: Total time for which application threads were stopped: 0.0006220 seconds, Stopping threads took: 0.0000410 seconds
91.482: Application time: 0.0202310 seconds
91.482: [GC [PSYoungGen: 7663K->992K(7680K)] 23915K->17412K(25088K), 0.0004830 secs] [Times: user=0.00 sys=0.00, real=0.00 secs] 
91.483: Total time for which application threads were stopped: 0.0005890 seconds, Stopping threads took: 0.0000560 seconds
91.503: Application time: 0.0204790 seconds
91.503: [GC [PSYoungGen: 7644K->1008K(7680K)] 24064K->17612K(25088K), 0.0004680 secs] [Times: user=0.00 sys=0.00, real=0.00 secs] 
91.504: Total time for which application threads were stopped: 0.0005700 seconds, Stopping threads took: 0.0000490 seconds
91.531: Application time: 0.0273890 seconds
91.531: [GC [PSYoungGen: 7662K->1008K(7680K)] 24267K->17612K(25088K), 0.0005030 secs] [Times: user=0.00 sys=0.00, real=0.00 secs] 
91.532: Total time for which application threads were stopped: 0.0006050 seconds, Stopping threads took: 0.0000520 seconds
91.562: Application time: 0.0301420 seconds
91.562: [GC [PSYoungGen: 7662K->992K(7680K)] 24266K->17596K(25088K), 0.0005200 secs] [Times: user=0.00 sys=0.00, real=0.00 secs] 
91.563: Total time for which application threads were stopped: 0.0006310 seconds, Stopping threads took: 0.0000580 seconds
91.591: Application time: 0.0283090 seconds
91.591: [GC [PSYoungGen: 7644K->992K(7680K)] 24248K->17604K(25088K), 0.0004900 secs] [Times: user=0.00 sys=0.00, real=0.00 secs] 
91.592: Total time for which application threads were stopped: 0.0005900 seconds, Stopping threads took: 0.0000510 seconds
91.622: Application time: 0.0301970 seconds
91.622: [GC [PSYoungGen: 7644K->960K(7680K)] 24256K->17572K(25088K), 0.0004390 secs] [Times: user=0.00 sys=0.00, real=0.00 secs] 
91.622: Total time for which application threads were stopped: 0.0005310 seconds, Stopping threads took: 0.0000440 seconds
91.652: Application time: 0.0292180 seconds
91.652: [GC [PSYoungGen: 7614K->992K(7680K)] 24227K->17636K(25088K), 0.0004550 secs] [Times: user=0.00 sys=0.00, real=0.00 secs] 
91.652: Total time for which application threads were stopped: 0.0005560 seconds, Stopping threads took: 0.0000510 seconds
91.681: Application time: 0.0291110 seconds
91.681: [GC [PSYoungGen: 7646K->944K(7680K)] 24291K->17588K(25088K), 0.0004140 secs] [Times: user=0.01 sys=0.00, real=0.00 secs] 
91.682: Total time for which application threads were stopped: 0.0005100 seconds, Stopping threads took: 0.0000420 seconds
91.710: Application time: 0.0280660 seconds
91.710: [GC [PSYoungGen: 7597K->992K(7680K)] 24242K->17796K(25088K), 0.0005180 secs] [Times: user=0.00 sys=0.00, real=0.01 secs] 
91.711: Total time for which application threads were stopped: 0.0016830 seconds, Stopping threads took: 0.0000630 seconds
91.739: Application time: 0.0275770 seconds
91.739: [GC [PSYoungGen: 7646K->992K(7680K)] 24450K->17996K(25088K), 0.0005180 secs] [Times: user=0.00 sys=0.00, real=0.00 secs] 
91.740: Total time for which application threads were stopped: 0.0006130 seconds, Stopping threads took: 0.0000400 seconds
91.769: Application time: 0.0295300 seconds
91.769: [GC [PSYoungGen: 7646K->976K(7680K)] 24651K->18076K(25088K), 0.0004950 secs] [Times: user=0.01 sys=0.00, real=0.00 secs] 
91.770: [Full GC [PSYoungGen: 976K->0K(7680K)] [ParOldGen: 17100K->3312K(17408K)] 18076K->3312K(25088K) [PSPermGen: 5541K->5541K(21504K)], 0.0045970 secs] [Times: user=0.01 sys=0.00, real=0.01 secs] 
91.774: Total time for which application threads were stopped: 0.0052580 seconds, Stopping threads took: 0.0000610 seconds
91.804: Application time: 0.0294850 seconds
91.804: [GC [PSYoungGen: 6654K->0K(7680K)] 9966K->3312K(25088K), 0.0003470 secs] [Times: user=0.00 sys=0.00, real=0.00 secs] 
91.804: Total time for which application threads were stopped: 0.0004640 seconds, Stopping threads took: 0.0000690 seconds
91.833: Application time: 0.0285500 seconds
91.833: [GC [PSYoungGen: 6652K->352K(7680K)] 9964K->3664K(25088K), 0.0002950 secs] [Times: user=0.00 sys=0.00, real=0.00 secs] 
91.833: Total time for which application threads were stopped: 0.0003960 seconds, Stopping threads took: 0.0000550 seconds
91.862: Application time: 0.0286650 seconds
91.862: [GC [PSYoungGen: 7005K->384K(7680K)] 10317K->3696K(25088K), 0.0003390 secs] [Times: user=0.00 sys=0.00, real=0.00 secs] 
91.862: Total time for which application threads were stopped: 0.0004330 seconds, Stopping threads took: 0.0000410 seconds
91.892: Application time: 0.0293680 seconds
91.892: [GC [PSYoungGen: 7038K->352K(7680K)] 10350K->3664K(25088K), 0.0002970 secs] [Times: user=0.00 sys=0.00, real=0.00 secs] 
91.892: Total time for which application threads were stopped: 0.0003990 seconds, Stopping threads took: 0.0000540 seconds
91.920: Application time: 0.0278360 seconds
91.920: [GC [PSYoungGen: 7006K->544K(7680K)] 10318K->3856K(25088K), 0.0003300 secs] [Times: user=0.01 sys=0.00, real=0.00 secs] 
91.921: Total time for which application threads were stopped: 0.0004320 seconds, Stopping threads took: 0.0000550 seconds
91.950: Application time: 0.0297300 seconds
91.950: [GC [PSYoungGen: 7198K->608K(7680K)] 10510K->3920K(25088K), 0.0003670 secs] [Times: user=0.00 sys=0.00, real=0.00 secs] 
91.951: Total time for which application threads were stopped: 0.0004750 seconds, Stopping threads took: 0.0000600 seconds
91.981: Application time: 0.0299540 seconds
91.981: [GC [PSYoungGen: 7260K->480K(7680K)] 10572K->3792K(25088K), 0.0003970 secs] [Times: user=0.00 sys=0.00, real=0.00 secs] 
91.981: Total time for which application threads were stopped: 0.0005010 seconds, Stopping threads took: 0.0000540 seconds
92.011: Application time: 0.0297790 seconds
92.011: [GC [PSYoungGen: 7134K->480K(7680K)] 10446K->3792K(25088K), 0.0003950 secs] [Times: user=0.00 sys=0.01, real=0.01 secs] 
92.011: Total time for which application threads were stopped: 0.0004970 seconds, Stopping threads took: 0.0000530 seconds
92.041: Application time: 0.0297640 seconds
92.043: [GC [PSYoungGen: 7134K->512K(7680K)] 10446K->3824K(25088K), 0.0003470 secs] [Times: user=0.00 sys=0.00, real=0.00 secs] 
92.044: Total time for which application threads were stopped: 0.0022800 seconds, Stopping threads took: 0.0018840 seconds
92.073: Application time: 0.0298420 seconds
92.073: [GC [PSYoungGen: 7166K->544K(7680K)] 10478K->3856K(25088K), 0.0003140 secs] [Times: user=0.00 sys=0.00, real=0.00 secs] 
92.074: Total time for which application threads were stopped: 0.0004190 seconds, Stopping threads took: 0.0000560 seconds
92.105: Application time: 0.0309320 seconds
92.105: [GC [PSYoungGen: 7198K->512K(7680K)] 10510K->3824K(25088K), 0.0003580 secs] [Times: user=0.00 sys=0.00, real=0.00 secs] 
92.105: Total time for which application threads were stopped: 0.0004710 seconds, Stopping threads took: 0.0000620 seconds
92.135: Application time: 0.0297780 seconds
92.135: [GC [PSYoungGen: 7166K->544K(7680K)] 10478K->3856K(25088K), 0.0003440 secs] [Times: user=0.00 sys=0.00, real=0.00 secs] 
92.135: Total time for which application threads were stopped: 0.0004300 seconds, Stopping threads took: 0.0000350 seconds
92.165: Application time: 0.0298170 seconds
92.165: [GC [PSYoungGen: 7198K->512K(7680K)] 10510K->3824K(25088K), 0.0003390 secs] [Times: user=0.00 sys=0.00, real=0.00 secs] 
92.166: Total time for which application threads were stopped: 0.0004470 seconds, Stopping threads took: 0.0000580 seconds
92.195: Application time: 0.0297560 seconds
92.195: [GC [PSYoungGen: 7166K->480K(7680K)] 10478K->3792K(25088K), 0.0003670 secs] [Times: user=0.00 sys=0.00, real=0.00 secs] 
92.196: Total time for which application threads were stopped: 0.0004690 seconds, Stopping threads took: 0.0000540 seconds
92.226: Application time: 0.0297990 seconds
92.226: [GC [PSYoungGen: 7134K->480K(7680K)] 10446K->3792K(25088K), 0.0003620 secs] [Times: user=0.00 sys=0.00, real=0.00 secs] 
92.226: Total time for which application threads were stopped: 0.0004550 seconds, Stopping threads took: 0.0000480 seconds
92.256: Application time: 0.0298750 seconds
92.256: [GC [PSYoungGen: 7134K->512K(7680K)] 10446K->3824K(25088K), 0.0003400 secs] [Times: user=0.00 sys=0.00, real=0.00 secs] 
92.256: Total time for which application threads were stopped: 0.0004520 seconds, Stopping threads took: 0.0000540 seconds
92.286: Application time: 0.0297290 seconds
92.286: [GC [PSYoungGen: 7166K->480K(7680K)] 10478K->3792K(25088K), 0.0003560 secs] [Times: user=0.00 sys=0.00, real=0.00 secs] 
92.287: Total time for which application threads were stopped: 0.0004590 seconds, Stopping threads took: 0.0000520 seconds
92.316: Application time: 0.0298150 seconds
92.317: [GC [PSYoungGen: 7134K->352K(7680K)] 10446K->3880K(25088K), 0.0003470 secs] [Times: user=0.00 sys=0.00, real=0.00 secs] 
92.317: Total time for which application threads were stopped: 0.0004440 seconds, Stopping threads took: 0.0000490 seconds
92.340: Application time: 0.0227630 seconds
92.340: [GC [PSYoungGen: 7004K->512K(7680K)] 10532K->4040K(25088K), 0.0003280 secs] [Times: user=0.00 sys=0.00, real=0.00 secs] 
92.340: Total time for which application threads were stopped: 0.0004220 seconds, Stopping threads took: 0.0000450 seconds
92.362: Application time: 0.0223150 seconds
92.363: [GC [PSYoungGen: 7167K->384K(7680K)] 10695K->4124K(25088K), 0.0003430 secs] [Times: user=0.00 sys=0.00, real=0.00 secs] 
92.363: Total time for which application threads were stopped: 0.0004350 seconds, Stopping threads took: 0.0000420 seconds
92.387: Application time: 0.0239280 seconds
92.387: [GC [PSYoungGen: 7038K->320K(7680K)] 10778K->4060K(25088K), 0.0003540 secs] [Times: user=0.00 sys=0.00, real=0.00 secs] 
92.387: Total time for which application threads were stopped: 0.0004550 seconds, Stopping threads took: 0.0000500 seconds
92.408: Application time: 0.0211270 seconds
92.408: [GC [PSYoungGen: 6972K->480K(7680K)] 10712K->4220K(25088K), 0.0003870 secs] [Times: user=0.00 sys=0.00, real=0.00 secs] 
92.409: Total time for which application threads were stopped: 0.0004920 seconds, Stopping threads took: 0.0000530 seconds
92.430: Application time: 0.0211580 seconds
92.430: [GC [PSYoungGen: 7133K->480K(7680K)] 10873K->4220K(25088K), 0.0004010 secs] [Times: user=0.00 sys=0.00, real=0.00 secs] 
92.431: Total time for which application threads were stopped: 0.0004990 seconds, Stopping threads took: 0.0000480 seconds
92.455: Application time: 0.0248480 seconds
92.455: [GC [PSYoungGen: 7135K->512K(7680K)] 10876K->4252K(25088K), 0.0003720 secs] [Times: user=0.00 sys=0.00, real=0.00 secs] 
92.456: Total time for which application threads were stopped: 0.0004770 seconds, Stopping threads took: 0.0000570 seconds
92.485: Application time: 0.0293360 seconds
92.485: [GC [PSYoungGen: 7166K->480K(7680K)] 10907K->4220K(25088K), 0.0003900 secs] [Times: user=0.00 sys=0.00, real=0.00 secs] 
92.486: Total time for which application threads were stopped: 0.0004880 seconds, Stopping threads took: 0.0000500 seconds
92.514: Application time: 0.0282780 seconds
92.514: [GC [PSYoungGen: 7133K->512K(7680K)] 10874K->4252K(25088K), 0.0003740 secs] [Times: user=0.00 sys=0.00, real=0.00 secs] 
92.514: Total time for which application threads were stopped: 0.0004830 seconds, Stopping threads took: 0.0000590 seconds
92.544: Application time: 0.0293560 seconds
92.544: [GC [PSYoungGen: 7166K->512K(7680K)] 10907K->4252K(25088K), 0.0003450 secs] [Times: user=0.01 sys=0.00, real=0.00 secs] 
92.544: Total time for which application threads were stopped: 0.0004490 seconds, Stopping threads took: 0.0000550 seconds
92.574: Application time: 0.0294720 seconds
92.574: [GC [PSYoungGen: 7166K->640K(7680K)] 10907K->4380K(25088K), 0.0003510 secs] [Times: user=0.00 sys=0.00, real=0.00 secs] 
92.574: Total time for which application threads were stopped: 0.0004580 seconds, Stopping threads took: 0.0000580 seconds
92.604: Application time: 0.0293780 seconds
92.604: [GC [PSYoungGen: 7294K->480K(7680K)] 11035K->4220K(25088K), 0.0003570 secs] [Times: user=0.00 sys=0.00, real=0.00 secs] 
92.604: Total time for which application threads were stopped: 0.0004450 seconds, Stopping threads took: 0.0000380 seconds
92.634: Application time: 0.0295240 seconds
92.634: [GC [PSYoungGen: 7134K->480K(7680K)] 10875K->4220K(25088K), 0.0003950 secs] [Times: user=0.00 sys=0.00, real=0.00 secs] 
92.634: Total time for which application threads were stopped: 0.0004980 seconds, Stopping threads took: 0.0000440 seconds
92.659: Application time: 0.0252850 seconds
92.659: [GC [PSYoungGen: 7135K->704K(7680K)] 10875K->4444K(25088K), 0.0004770 secs] [Times: user=0.00 sys=0.00, real=0.00 secs] 
92.660: Total time for which application threads were stopped: 0.0005670 seconds, Stopping threads took: 0.0000390 seconds
92.680: Application time: 0.0197930 seconds
92.680: [GC [PSYoungGen: 7358K->768K(7680K)] 11099K->4508K(25088K), 0.0004310 secs] [Times: user=0.00 sys=0.00, real=0.00 secs] 
92.680: Total time for which application threads were stopped: 0.0005300 seconds, Stopping threads took: 0.0000490 seconds
92.704: Application time: 0.0234210 seconds
92.707: [GC [PSYoungGen: 7419K->896K(7680K)] 11160K->4636K(25088K), 0.0004180 secs] [Times: user=0.01 sys=0.00, real=0.00 secs] 
92.708: Total time for which application threads were stopped: 0.0039580 seconds, Stopping threads took: 0.0034910 seconds
92.737: Application time: 0.0294490 seconds
92.737: [GC [PSYoungGen: 7550K->736K(7680K)] 11290K->4476K(25088K), 0.0003740 secs] [Times: user=0.01 sys=0.00, real=0.00 secs] 
92.738: Total time for which application threads were stopped: 0.0004700 seconds, Stopping threads took: 0.0000490 seconds
92.764: Application time: 0.0265510 seconds
92.764: [GC [PSYoungGen: 7387K->960K(7680K)] 11128K->4828K(25088K), 0.0004570 secs] [Times: user=0.00 sys=0.00, real=0.00 secs] 
92.765: Total time for which application threads were stopped: 0.0005790 seconds, Stopping threads took: 0.0000600 seconds
92.785: Application time: 0.0201040 seconds
92.785: [GC [PSYoungGen: 7612K->928K(7680K)] 11481K->4796K(25088K), 0.0004000 secs] [Times: user=0.00 sys=0.00, real=0.00 secs] 
92.785: Total time for which application threads were stopped: 0.0005010 seconds, Stopping threads took: 0.0000530 seconds
92.806: Application time: 0.0203120 seconds
92.806: [GC [PSYoungGen: 7580K->960K(7680K)] 11449K->4828K(25088K), 0.0004580 secs] [Times: user=0.01 sys=0.00, real=0.00 secs] 
92.806: Total time for which application threads were stopped: 0.0005660 seconds, Stopping threads took: 0.0000580 seconds
92.833: Application time: 0.0267130 seconds
92.833: [GC [PSYoungGen: 7612K->992K(7680K)] 11481K->4996K(25088K), 0.0004520 secs] [Times: user=0.00 sys=0.00, real=0.00 secs] 
92.833: Total time for which application threads were stopped: 0.0005760 seconds, Stopping threads took: 0.0000710 seconds
92.862: Application time: 0.0282440 seconds
92.862: [GC [PSYoungGen: 7646K->896K(7680K)] 11650K->4900K(25088K), 0.0004460 secs] [Times: user=0.00 sys=0.00, real=0.00 secs] 
92.862: Total time for which application threads were stopped: 0.0005570 seconds, Stopping threads took: 0.0000580 seconds
92.890: Application time: 0.0279320 seconds
92.890: [GC [PSYoungGen: 7548K->992K(7680K)] 11553K->5012K(25088K), 0.0004180 secs] [Times: user=0.00 sys=0.00, real=0.00 secs] 
92.891: Total time for which application threads were stopped: 0.0005120 seconds, Stopping threads took: 0.0000460 seconds
92.920: Application time: 0.0297580 seconds
92.921: [GC [PSYoungGen: 7646K->896K(7680K)] 11667K->5044K(25088K), 0.0004460 secs] [Times: user=0.00 sys=0.00, real=0.00 secs] 
92.921: Total time for which application threads were stopped: 0.0005450 seconds, Stopping threads took: 0.0000460 seconds
92.951: Application time: 0.0295440 seconds
92.951: [GC [PSYoungGen: 7548K->816K(7680K)] 11696K->4964K(25088K), 0.0004210 secs] [Times: user=0.00 sys=0.00, real=0.00 secs] 
92.952: Total time for which application threads were stopped: 0.0010390 seconds, Stopping threads took: 0.0005670 seconds
92.981: Application time: 0.0294220 seconds
92.981: [GC [PSYoungGen: 7470K->816K(7680K)] 11619K->4964K(25088K), 0.0004740 secs] [Times: user=0.00 sys=0.00, real=0.00 secs] 
92.982: Total time for which application threads were stopped: 0.0005910 seconds, Stopping threads took: 0.0000640 seconds
93.011: Application time: 0.0292410 seconds
93.011: [GC [PSYoungGen: 7470K->864K(7680K)] 11619K->5012K(25088K), 0.0004350 secs] [Times: user=0.00 sys=0.00, real=0.01 secs] 
93.011: Total time for which application threads were stopped: 0.0005450 seconds, Stopping threads took: 0.0000510 seconds
93.032: Application time: 0.0207560 seconds
93.032: [GC [PSYoungGen: 7398K->992K(7680K)] 11547K->5276K(25088K), 0.0005160 secs] [Times: user=0.00 sys=0.00, real=0.00 secs] 
93.033: Total time for which application threads were stopped: 0.0006240 seconds, Stopping threads took: 0.0000570 seconds
93.049: Application time: 0.0157890 seconds
93.049: [GC [PSYoungGen: 7644K->992K(7680K)] 11928K->5548K(25088K), 0.0005180 secs] [Times: user=0.01 sys=0.00, real=0.00 secs] 
93.049: Total time for which application threads were stopped: 0.0006140 seconds, Stopping threads took: 0.0000460 seconds
93.067: Application time: 0.0176440 seconds
93.067: [GC [PSYoungGen: 7646K->992K(7680K)] 12203K->5593K(25088K), 0.0004500 secs] [Times: user=0.00 sys=0.00, real=0.00 secs] 
93.067: Total time for which application threads were stopped: 0.0005510 seconds, Stopping threads took: 0.0000510 seconds
93.090: Application time: 0.0224360 seconds
93.090: [GC [PSYoungGen: 7643K->1008K(7680K)] 12245K->6146K(25088K), 0.0005540 secs] [Times: user=0.00 sys=0.00, real=0.00 secs] 
93.090: Total time for which application threads were stopped: 0.0006590 seconds, Stopping threads took: 0.0000530 seconds
93.118: Application time: 0.0276720 seconds
93.118: [GC [PSYoungGen: 7662K->992K(7680K)] 12800K->6330K(25088K), 0.0005430 secs] [Times: user=0.00 sys=0.00, real=0.00 secs] 
93.119: Total time for which application threads were stopped: 0.0006460 seconds, Stopping threads took: 0.0000500 seconds
93.144: Application time: 0.0250400 seconds
93.144: [GC [PSYoungGen: 7645K->1008K(7680K)] 12983K->6718K(25088K), 0.0005380 secs] [Times: user=0.01 sys=0.00, real=0.00 secs] 
93.144: Total time for which application threads were stopped: 0.0006340 seconds, Stopping threads took: 0.0000440 seconds
93.165: Application time: 0.0206190 seconds
93.165: [GC [PSYoungGen: 7662K->976K(7680K)] 13373K->6814K(25088K), 0.0004870 secs] [Times: user=0.00 sys=0.00, real=0.00 secs] 
93.166: Total time for which application threads were stopped: 0.0005830 seconds, Stopping threads took: 0.0000460 seconds
93.187: Application time: 0.0212940 seconds
93.187: [GC [PSYoungGen: 7629K->816K(7680K)] 13467K->6830K(25088K), 0.0004840 secs] [Times: user=0.00 sys=0.00, real=0.00 secs] 
93.188: Total time for which application threads were stopped: 0.0005790 seconds, Stopping threads took: 0.0000450 seconds
93.212: Application time: 0.0242640 seconds
93.212: [GC [PSYoungGen: 7470K->1008K(7680K)] 13484K->7342K(25088K), 0.0005360 secs] [Times: user=0.00 sys=0.00, real=0.00 secs] 
93.212: Total time for which application threads were stopped: 0.0006270 seconds, Stopping threads took: 0.0000410 seconds
93.232: Application time: 0.0192980 seconds
93.232: [GC [PSYoungGen: 7663K->992K(7680K)] 13997K->7502K(25088K), 0.0004790 secs] [Times: user=0.01 sys=0.00, real=0.00 secs] 
93.232: Total time for which application threads were stopped: 0.0005810 seconds, Stopping threads took: 0.0000510 seconds
93.253: Application time: 0.0205140 seconds
93.253: [GC [PSYoungGen: 7554K->832K(7680K)] 14064K->7398K(25088K), 0.0004670 secs] [Times: user=0.00 sys=0.00, real=0.00 secs] 
93.253: Total time for which application threads were stopped: 0.0005780 seconds, Stopping threads took: 0.0000610 seconds
93.281: Application time: 0.0272520 seconds
93.281: [GC [PSYoungGen: 7487K->992K(7680K)] 14054K->7610K(25088K), 0.0005090 secs] [Times: user=0.00 sys=0.00, real=0.00 secs] 
93.281: Total time for which application threads were stopped: 0.0006100 seconds, Stopping threads took: 0.0000440 seconds
93.310: Application time: 0.0288900 seconds
93.310: [GC [PSYoungGen: 7644K->896K(7680K)] 14262K->7642K(25088K), 0.0004270 secs] [Times: user=0.00 sys=0.00, real=0.00 secs] 
93.311: Total time for which application threads were stopped: 0.0005390 seconds, Stopping threads took: 0.0000600 seconds
93.339: Application time: 0.0283020 seconds
93.339: [GC [PSYoungGen: 7548K->992K(7680K)] 14294K->7738K(25088K), 0.0004380 secs] [Times: user=0.00 sys=0.00, real=0.00 secs] 
93.340: Total time for which application threads were stopped: 0.0005610 seconds, Stopping threads took: 0.0000600 seconds
93.369: Application time: 0.0296560 seconds
93.369: [GC [PSYoungGen: 7644K->960K(7680K)] 14390K->7706K(25088K), 0.0004070 secs] [Times: user=0.00 sys=0.00, real=0.00 secs] 
93.370: Total time for which application threads were stopped: 0.0005080 seconds, Stopping threads took: 0.0000500 seconds
93.399: Application time: 0.0292550 seconds
93.399: [GC [PSYoungGen: 7614K->896K(7680K)] 14361K->7686K(25088K), 0.0004840 secs] [Times: user=0.00 sys=0.00, real=0.00 secs] 
93.400: Total time for which application threads were stopped: 0.0005820 seconds, Stopping threads took: 0.0000490 seconds
93.429: Application time: 0.0293290 seconds
93.429: [GC [PSYoungGen: 7548K->864K(7680K)] 14339K->7686K(25088K), 0.0004130 secs] [Times: user=0.01 sys=0.00, real=0.00 secs] 
93.429: Total time for which application threads were stopped: 0.0005180 seconds, Stopping threads took: 0.0000540 seconds
93.458: Application time: 0.0283030 seconds
93.458: [GC [PSYoungGen: 7517K->848K(7680K)] 14340K->7670K(25088K), 0.0004180 secs] [Times: user=0.00 sys=0.00, real=0.00 secs] 
93.458: Total time for which application threads were stopped: 0.0005230 seconds, Stopping threads took: 0.0000560 seconds
93.485: Application time: 0.0266930 seconds
93.485: [GC [PSYoungGen: 7503K->864K(7680K)] 14326K->7726K(25088K), 0.0005540 secs] [Times: user=0.00 sys=0.00, real=0.00 secs] 
93.486: Total time for which application threads were stopped: 0.0006600 seconds, Stopping threads took: 0.0000580 seconds
93.515: Application time: 0.0296690 seconds
93.515: [GC [PSYoungGen: 7516K->832K(7680K)] 14379K->7739K(25088K), 0.0004810 secs] [Times: user=0.00 sys=0.00, real=0.00 secs] 
93.516: Total time for which application threads were stopped: 0.0005840 seconds, Stopping threads took: 0.0000560 seconds
93.545: Application time: 0.0294050 seconds
93.545: [GC [PSYoungGen: 7486K->992K(7680K)] 14394K->7899K(25088K), 0.0004020 secs] [Times: user=0.01 sys=0.00, real=0.00 secs] 
93.546: Total time for which application threads were stopped: 0.0005080 seconds, Stopping threads took: 0.0000560 seconds
93.574: Application time: 0.0286190 seconds
93.575: [GC [PSYoungGen: 7644K->1008K(7680K)] 14551K->7971K(25088K), 0.0004300 secs] [Times: user=0.01 sys=0.00, real=0.00 secs] 
93.575: Total time for which application threads were stopped: 0.0005260 seconds, Stopping threads took: 0.0000460 seconds
93.605: Application time: 0.0299130 seconds
93.605: [GC [PSYoungGen: 7661K->992K(7680K)] 14625K->7955K(25088K), 0.0004670 secs] [Times: user=0.00 sys=0.00, real=0.00 secs] 
93.605: Total time for which application threads were stopped: 0.0005720 seconds, Stopping threads took: 0.0000550 seconds
93.635: Application time: 0.0299090 seconds
93.635: [GC [PSYoungGen: 7646K->960K(7680K)] 14610K->7971K(25088K), 0.0004280 secs] [Times: user=0.01 sys=0.00, real=0.00 secs] 
93.636: Total time for which application threads were stopped: 0.0005220 seconds, Stopping threads took: 0.0000430 seconds
93.664: Application time: 0.0281080 seconds
93.664: [GC [PSYoungGen: 7614K->928K(7680K)] 14625K->8008K(25088K), 0.0004170 secs] [Times: user=0.00 sys=0.00, real=0.00 secs] 
93.665: Total time for which application threads were stopped: 0.0005140 seconds, Stopping threads took: 0.0000470 seconds
93.694: Application time: 0.0297530 seconds
93.694: [GC [PSYoungGen: 7582K->896K(7680K)] 14662K->7976K(25088K), 0.0004140 secs] [Times: user=0.00 sys=0.00, real=0.00 secs] 
93.695: Total time for which application threads were stopped: 0.0005210 seconds, Stopping threads took: 0.0000530 seconds
93.725: Application time: 0.0298270 seconds
93.725: [GC [PSYoungGen: 7550K->896K(7680K)] 14630K->8000K(25088K), 0.0003830 secs] [Times: user=0.00 sys=0.00, real=0.00 secs] 
93.725: Total time for which application threads were stopped: 0.0004860 seconds, Stopping threads took: 0.0000530 seconds
93.755: Application time: 0.0302070 seconds
93.755: [GC [PSYoungGen: 7550K->864K(7680K)] 14654K->7968K(25088K), 0.0004350 secs] [Times: user=0.00 sys=0.00, real=0.00 secs] 
93.756: Total time for which application threads were stopped: 0.0005450 seconds, Stopping threads took: 0.0000500 seconds
93.786: Application time: 0.0302870 seconds
93.786: [GC [PSYoungGen: 7518K->992K(7680K)] 14622K->8096K(25088K), 0.0003970 secs] [Times: user=0.00 sys=0.00, real=0.00 secs] 
93.787: Total time for which application threads were stopped: 0.0005110 seconds, Stopping threads took: 0.0000580 seconds
93.817: Application time: 0.0300410 seconds
93.817: [GC [PSYoungGen: 7646K->992K(7680K)] 14750K->8112K(25088K), 0.0003920 secs] [Times: user=0.00 sys=0.00, real=0.00 secs] 
93.817: Total time for which application threads were stopped: 0.0004870 seconds, Stopping threads took: 0.0000460 seconds
93.847: Application time: 0.0298290 seconds
93.847: [GC [PSYoungGen: 7646K->928K(7680K)] 14766K->8048K(25088K), 0.0003980 secs] [Times: user=0.00 sys=0.00, real=0.00 secs] 
93.848: Total time for which application threads were stopped: 0.0005050 seconds, Stopping threads took: 0.0000580 seconds
93.877: Application time: 0.0299570 seconds
93.878: [GC [PSYoungGen: 7580K->864K(7680K)] 14700K->7984K(25088K), 0.0003750 secs] [Times: user=0.00 sys=0.00, real=0.00 secs] 
93.878: Total time for which application threads were stopped: 0.0004600 seconds, Stopping threads took: 0.0000360 seconds
93.908: Application time: 0.0297960 seconds
93.908: [GC [PSYoungGen: 7518K->896K(7680K)] 14638K->8016K(25088K), 0.0003770 secs] [Times: user=0.00 sys=0.00, real=0.00 secs] 
93.908: Total time for which application threads were stopped: 0.0004780 seconds, Stopping threads took: 0.0000500 seconds
93.938: Application time: 0.0301110 seconds
93.938: [GC [PSYoungGen: 7548K->512K(7680K)] 14668K->8041K(25088K), 0.0003960 secs] [Times: user=0.00 sys=0.00, real=0.00 secs] 
93.939: Total time for which application threads were stopped: 0.0004960 seconds, Stopping threads took: 0.0000520 seconds
93.969: Application time: 0.0297870 seconds
93.969: [GC [PSYoungGen: 7166K->512K(7680K)] 14695K->8041K(25088K), 0.0003600 secs] [Times: user=0.00 sys=0.00, real=0.00 secs] 
93.969: Total time for which application threads were stopped: 0.0004670 seconds, Stopping threads took: 0.0000560 seconds
93.999: Application time: 0.0298290 seconds
93.999: [GC [PSYoungGen: 7166K->512K(7680K)] 14695K->8041K(25088K), 0.0003350 secs] [Times: user=0.00 sys=0.00, real=0.01 secs] 
93.999: Total time for which application threads were stopped: 0.0004330 seconds, Stopping threads took: 0.0000480 seconds
94.029: Application time: 0.0297350 seconds
94.029: [GC [PSYoungGen: 7166K->512K(7680K)] 14695K->8049K(25088K), 0.0003720 secs] [Times: user=0.00 sys=0.00, real=0.00 secs] 
94.030: Total time for which application threads were stopped: 0.0004760 seconds, Stopping threads took: 0.0000550 seconds
94.059: Application time: 0.0298850 seconds
94.060: [GC [PSYoungGen: 7166K->384K(7680K)] 14703K->8133K(25088K), 0.0003400 secs] [Times: user=0.00 sys=0.00, real=0.00 secs] 
94.060: Total time for which application threads were stopped: 0.0004400 seconds, Stopping threads took: 0.0000520 seconds
94.086: Application time: 0.0257840 seconds
94.086: [GC [PSYoungGen: 7038K->512K(7680K)] 14787K->8261K(25088K), 0.0003320 secs] [Times: user=0.00 sys=0.00, real=0.00 secs] 
94.086: Total time for which application threads were stopped: 0.0004360 seconds, Stopping threads took: 0.0000550 seconds
94.107: Application time: 0.0208790 seconds
94.107: [GC [PSYoungGen: 7164K->352K(7680K)] 14914K->8330K(25088K), 0.0003410 secs] [Times: user=0.00 sys=0.00, real=0.00 secs] 
94.107: Total time for which application threads were stopped: 0.0004580 seconds, Stopping threads took: 0.0000620 seconds
94.130: Application time: 0.0229820 seconds
94.131: [GC [PSYoungGen: 7003K->352K(7680K)] 14981K->8330K(25088K), 0.0003790 secs] [Times: user=0.00 sys=0.00, real=0.00 secs] 
94.131: Total time for which application threads were stopped: 0.0004730 seconds, Stopping threads took: 0.0000450 seconds
94.154: Application time: 0.0226880 seconds
94.154: [GC [PSYoungGen: 7006K->544K(7680K)] 14984K->8522K(25088K), 0.0003420 secs] [Times: user=0.00 sys=0.00, real=0.00 secs] 
94.154: Total time for which application threads were stopped: 0.0004280 seconds, Stopping threads took: 0.0000400 seconds
94.175: Application time: 0.0212410 seconds
94.175: [GC [PSYoungGen: 7199K->576K(7680K)] 15177K->8554K(25088K), 0.0003740 secs] [Times: user=0.00 sys=0.00, real=0.00 secs] 
94.176: Total time for which application threads were stopped: 0.0004760 seconds, Stopping threads took: 0.0000500 seconds
94.199: Application time: 0.0232290 seconds
94.199: [GC [PSYoungGen: 7231K->480K(7680K)] 15210K->8458K(25088K), 0.0003830 secs] [Times: user=0.00 sys=0.00, real=0.01 secs] 
94.199: Total time for which application threads were stopped: 0.0004860 seconds, Stopping threads took: 0.0000540 seconds
94.229: Application time: 0.0291280 seconds
94.229: [GC [PSYoungGen: 7132K->480K(7680K)] 15110K->8458K(25088K), 0.0003670 secs] [Times: user=0.00 sys=0.00, real=0.00 secs] 
94.229: Total time for which application threads were stopped: 0.0004600 seconds, Stopping threads took: 0.0000470 seconds
94.257: Application time: 0.0284480 seconds
94.258: [GC [PSYoungGen: 7134K->512K(7680K)] 15112K->8490K(25088K), 0.0003670 secs] [Times: user=0.00 sys=0.00, real=0.00 secs] 
94.258: Total time for which application threads were stopped: 0.0004720 seconds, Stopping threads took: 0.0000540 seconds
94.287: Application time: 0.0294700 seconds
94.288: [GC [PSYoungGen: 7166K->512K(7680K)] 15144K->8490K(25088K), 0.0003390 secs] [Times: user=0.00 sys=0.00, real=0.00 secs] 
94.288: Total time for which application threads were stopped: 0.0004460 seconds, Stopping threads took: 0.0000480 seconds
94.317: Application time: 0.0294320 seconds
94.317: [GC [PSYoungGen: 7166K->480K(7680K)] 15144K->8458K(25088K), 0.0003220 secs] [Times: user=0.00 sys=0.00, real=0.00 secs] 
94.318: Total time for which application threads were stopped: 0.0004210 seconds, Stopping threads took: 0.0000500 seconds
94.347: Application time: 0.0293300 seconds
94.347: [GC [PSYoungGen: 7134K->512K(7680K)] 15112K->8490K(25088K), 0.0003360 secs] [Times: user=0.00 sys=0.00, real=0.00 secs] 
94.348: Total time for which application threads were stopped: 0.0004260 seconds, Stopping threads took: 0.0000440 seconds
94.377: Application time: 0.0293820 seconds
94.377: [GC [PSYoungGen: 7166K->512K(7680K)] 15144K->8490K(25088K), 0.0003280 secs] [Times: user=0.00 sys=0.00, real=0.00 secs] 
94.377: Total time for which application threads were stopped: 0.0004280 seconds, Stopping threads took: 0.0000510 seconds
94.402: Application time: 0.0242420 seconds
94.403: [GC [PSYoungGen: 7164K->720K(7680K)] 15142K->8698K(25088K), 0.0004020 secs] [Times: user=0.00 sys=0.00, real=0.00 secs] 
94.404: Total time for which application threads were stopped: 0.0020010 seconds, Stopping threads took: 0.0015480 seconds
94.423: Application time: 0.0198950 seconds
94.424: [GC [PSYoungGen: 7374K->736K(7680K)] 15353K->8714K(25088K), 0.0003630 secs] [Times: user=0.00 sys=0.00, real=0.00 secs] 
94.424: Total time for which application threads were stopped: 0.0004690 seconds, Stopping threads took: 0.0000560 seconds
94.448: Application time: 0.0245160 seconds
94.449: [GC [PSYoungGen: 7387K->928K(7680K)] 15365K->8906K(25088K), 0.0004070 secs] [Times: user=0.00 sys=0.00, real=0.00 secs] 
94.449: Total time for which application threads were stopped: 0.0005030 seconds, Stopping threads took: 0.0000470 seconds
94.478: Application time: 0.0290700 seconds
94.478: [GC [PSYoungGen: 7580K->672K(7680K)] 15558K->8650K(25088K), 0.0003840 secs] [Times: user=0.00 sys=0.00, real=0.00 secs] 
94.479: Total time for which application threads were stopped: 0.0004760 seconds, Stopping threads took: 0.0000420 seconds
94.507: Application time: 0.0281020 seconds
94.507: [GC [PSYoungGen: 7325K->704K(7680K)] 15303K->8682K(25088K), 0.0004960 secs] [Times: user=0.00 sys=0.00, real=0.00 secs] 
94.507: Total time for which application threads were stopped: 0.0006010 seconds, Stopping threads took: 0.0000540 seconds
94.529: Application time: 0.0218760 seconds
94.529: [GC [PSYoungGen: 7357K->992K(7680K)] 15335K->8970K(25088K), 0.0004140 secs] [Times: user=0.00 sys=0.00, real=0.00 secs] 
94.530: Total time for which application threads were stopped: 0.0005130 seconds, Stopping threads took: 0.0000510 seconds
94.550: Application time: 0.0203850 seconds
94.550: [GC [PSYoungGen: 7644K->992K(7680K)] 15622K->8970K(25088K), 0.0004330 secs] [Times: user=0.00 sys=0.00, real=0.00 secs] 
94.551: Total time for which application threads were stopped: 0.0005340 seconds, Stopping threads took: 0.0000530 seconds
94.575: Application time: 0.0242780 seconds
94.575: [GC [PSYoungGen: 7643K->992K(7680K)] 15622K->8970K(25088K), 0.0004190 secs] [Times: user=0.00 sys=0.00, real=0.00 secs] 
94.575: Total time for which application threads were stopped: 0.0005200 seconds, Stopping threads took: 0.0000500 seconds
94.603: Application time: 0.0281660 seconds
94.604: [GC [PSYoungGen: 7647K->992K(7680K)] 15625K->9114K(25088K), 0.0004520 secs] [Times: user=0.00 sys=0.00, real=0.00 secs] 
94.604: Total time for which application threads were stopped: 0.0005560 seconds, Stopping threads took: 0.0000530 seconds
94.632: Application time: 0.0279580 seconds
94.632: [GC [PSYoungGen: 7644K->896K(7680K)] 15766K->9018K(25088K), 0.0004650 secs] [Times: user=0.01 sys=0.00, real=0.00 secs] 
94.633: Total time for which application threads were stopped: 0.0005620 seconds, Stopping threads took: 0.0000480 seconds
94.663: Application time: 0.0299550 seconds
94.663: [GC [PSYoungGen: 7550K->864K(7680K)] 15672K->8986K(25088K), 0.0004020 secs] [Times: user=0.00 sys=0.00, real=0.00 secs] 
94.663: Total time for which application threads were stopped: 0.0005230 seconds, Stopping threads took: 0.0000680 seconds
94.693: Application time: 0.0295510 seconds
94.693: [GC [PSYoungGen: 7516K->880K(7680K)] 15638K->9002K(25088K), 0.0004630 secs] [Times: user=0.00 sys=0.00, real=0.00 secs] 
94.693: Total time for which application threads were stopped: 0.0005650 seconds, Stopping threads took: 0.0000530 seconds
94.723: Application time: 0.0294730 seconds
94.723: [GC [PSYoungGen: 7534K->896K(7680K)] 15656K->9018K(25088K), 0.0004590 secs] [Times: user=0.01 sys=0.00, real=0.00 secs] 
94.723: Total time for which application threads were stopped: 0.0005700 seconds, Stopping threads took: 0.0000610 seconds
94.753: Application time: 0.0297700 seconds
94.753: [GC [PSYoungGen: 7550K->912K(7680K)] 15672K->9034K(25088K), 0.0004250 secs] [Times: user=0.00 sys=0.00, real=0.00 secs] 
94.754: Total time for which application threads were stopped: 0.0005220 seconds, Stopping threads took: 0.0000420 seconds
94.774: Application time: 0.0206470 seconds
94.774: [GC [PSYoungGen: 7567K->992K(7680K)] 15689K->9162K(25088K), 0.0004910 secs] [Times: user=0.00 sys=0.00, real=0.00 secs] 
94.775: Total time for which application threads were stopped: 0.0005990 seconds, Stopping threads took: 0.0000560 seconds
94.796: Application time: 0.0209480 seconds
94.796: [GC [PSYoungGen: 7632K->1008K(7680K)] 15802K->9258K(25088K), 0.0005140 secs] [Times: user=0.00 sys=0.00, real=0.00 secs] 
94.796: Total time for which application threads were stopped: 0.0006310 seconds, Stopping threads took: 0.0000560 seconds
94.814: Application time: 0.0173510 seconds
94.814: [GC [PSYoungGen: 7660K->992K(7680K)] 15910K->9634K(25088K), 0.0004880 secs] [Times: user=0.00 sys=0.00, real=0.00 secs] 
94.814: Total time for which application threads were stopped: 0.0006060 seconds, Stopping threads took: 0.0000640 seconds
94.835: Application time: 0.0203850 seconds
94.835: [GC [PSYoungGen: 7646K->992K(7680K)] 16288K->9778K(25088K), 0.0004730 secs] [Times: user=0.00 sys=0.00, real=0.00 secs] 
94.835: Total time for which application threads were stopped: 0.0005790 seconds, Stopping threads took: 0.0000560 seconds
94.861: Application time: 0.0254890 seconds
94.861: [GC [PSYoungGen: 7646K->944K(7680K)] 16432K->9858K(25088K), 0.0004710 secs] [Times: user=0.00 sys=0.00, real=0.00 secs] 
94.861: Total time for which application threads were stopped: 0.0005810 seconds, Stopping threads took: 0.0000530 seconds
94.889: Application time: 0.0279070 seconds
94.889: [GC [PSYoungGen: 7596K->1008K(7680K)] 16510K->9930K(25088K), 0.0004920 secs] [Times: user=0.01 sys=0.00, real=0.00 secs] 
94.890: Total time for which application threads were stopped: 0.0006050 seconds, Stopping threads took: 0.0000620 seconds
94.913: Application time: 0.0229900 seconds
94.913: [GC [PSYoungGen: 7659K->1008K(7680K)] 16582K->10114K(25088K), 0.0005020 secs] [Times: user=0.00 sys=0.00, real=0.00 secs] 
94.913: Total time for which application threads were stopped: 0.0006040 seconds, Stopping threads took: 0.0000530 seconds
94.934: Application time: 0.0208890 seconds
94.934: [GC [PSYoungGen: 7663K->1008K(7680K)] 16770K->10230K(25088K), 0.0004720 secs] [Times: user=0.00 sys=0.00, real=0.00 secs] 
94.935: Total time for which application threads were stopped: 0.0005580 seconds, Stopping threads took: 0.0000350 seconds
94.957: Application time: 0.0217370 seconds
94.957: [GC [PSYoungGen: 7663K->992K(7680K)] 16886K->10511K(25088K), 0.0005020 secs] [Times: user=0.00 sys=0.00, real=0.00 secs] 
94.957: Total time for which application threads were stopped: 0.0005930 seconds, Stopping threads took: 0.0000430 seconds
94.979: Application time: 0.0219580 seconds
94.979: [GC [PSYoungGen: 7643K->992K(7680K)] 17162K->10880K(25088K), 0.0005360 secs] [Times: user=0.00 sys=0.00, real=0.00 secs] 
94.980: Total time for which application threads were stopped: 0.0006280 seconds, Stopping threads took: 0.0000420 seconds
95.001: Application time: 0.0211440 seconds
95.001: [GC [PSYoungGen: 7647K->1008K(7680K)] 17535K->10936K(25088K), 0.0004750 secs] [Times: user=0.00 sys=0.00, real=0.00 secs] 
95.002: Total time for which application threads were stopped: 0.0005680 seconds, Stopping threads took: 0.0000410 seconds
95.024: Application time: 0.0222840 seconds
95.024: [GC [PSYoungGen: 7661K->992K(7680K)] 17589K->11148K(25088K), 0.0005050 secs] [Times: user=0.00 sys=0.00, real=0.00 secs] 
95.024: Total time for which application threads were stopped: 0.0006130 seconds, Stopping threads took: 0.0000550 seconds
95.053: Application time: 0.0288960 seconds
95.053: [GC [PSYoungGen: 7644K->992K(7680K)] 17800K->11229K(25088K), 0.0004480 secs] [Times: user=0.01 sys=0.00, real=0.00 secs] 
95.054: Total time for which application threads were stopped: 0.0005390 seconds, Stopping threads took: 0.0000440 seconds
95.082: Application time: 0.0280860 seconds
95.082: [GC [PSYoungGen: 7644K->992K(7680K)] 17881K->11473K(25088K), 0.0005030 secs] [Times: user=0.00 sys=0.00, real=0.00 secs] 
95.083: Total time for which application threads were stopped: 0.0006030 seconds, Stopping threads took: 0.0000550 seconds
95.113: Application time: 0.0306420 seconds
95.113: [GC [PSYoungGen: 7647K->976K(7680K)] 18129K->11457K(25088K), 0.0004770 secs] [Times: user=0.00 sys=0.00, real=0.00 secs] 
95.114: Total time for which application threads were stopped: 0.0005830 seconds, Stopping threads took: 0.0000560 seconds
95.143: Application time: 0.0294310 seconds
95.143: [GC [PSYoungGen: 7630K->944K(7680K)] 18112K->11473K(25088K), 0.0004280 secs] [Times: user=0.00 sys=0.00, real=0.00 secs] 
95.144: Total time for which application threads were stopped: 0.0005280 seconds, Stopping threads took: 0.0000510 seconds
95.173: Application time: 0.0291400 seconds
95.173: [GC [PSYoungGen: 7598K->992K(7680K)] 18128K->11521K(25088K), 0.0004900 secs] [Times: user=0.01 sys=0.00, real=0.00 secs] 
95.173: Total time for which application threads were stopped: 0.0005880 seconds, Stopping threads took: 0.0000500 seconds
95.202: Application time: 0.0284000 seconds
95.202: [GC [PSYoungGen: 7645K->992K(7680K)] 18175K->11609K(25088K), 0.0005300 secs] [Times: user=0.00 sys=0.00, real=0.00 secs] 
95.203: Total time for which application threads were stopped: 0.0006210 seconds, Stopping threads took: 0.0000420 seconds
95.231: Application time: 0.0285080 seconds
95.231: [GC [PSYoungGen: 7644K->1008K(7680K)] 18261K->11681K(25088K), 0.0004740 secs] [Times: user=0.01 sys=0.00, real=0.00 secs] 
95.232: Total time for which application threads were stopped: 0.0005900 seconds, Stopping threads took: 0.0000550 seconds
95.259: Application time: 0.0276730 seconds
95.259: [GC [PSYoungGen: 7662K->976K(7680K)] 18335K->11801K(25088K), 0.0004680 secs] [Times: user=0.00 sys=0.00, real=0.00 secs] 
95.260: Total time for which application threads were stopped: 0.0005810 seconds, Stopping threads took: 0.0000560 seconds
95.289: Application time: 0.0294290 seconds
95.289: [GC [PSYoungGen: 7630K->960K(7680K)] 18456K->11793K(25088K), 0.0004430 secs] [Times: user=0.00 sys=0.00, real=0.00 secs] 
95.290: Total time for which application threads were stopped: 0.0005500 seconds, Stopping threads took: 0.0000550 seconds
95.319: Application time: 0.0295880 seconds
95.320: [GC [PSYoungGen: 7614K->912K(7680K)] 18448K->11745K(25088K), 0.0004230 secs] [Times: user=0.00 sys=0.00, real=0.00 secs] 
95.320: Total time for which application threads were stopped: 0.0005360 seconds, Stopping threads took: 0.0000550 seconds
95.348: Application time: 0.0278280 seconds
95.348: [GC [PSYoungGen: 7565K->1008K(7680K)] 18399K->11905K(25088K), 0.0004860 secs] [Times: user=0.01 sys=0.00, real=0.00 secs] 
95.348: Total time for which application threads were stopped: 0.0005800 seconds, Stopping threads took: 0.0000460 seconds
95.378: Application time: 0.0293300 seconds
95.378: [GC [PSYoungGen: 7662K->992K(7680K)] 18560K->11953K(25088K), 0.0004990 secs] [Times: user=0.00 sys=0.00, real=0.00 secs] 
95.378: Total time for which application threads were stopped: 0.0005980 seconds, Stopping threads took: 0.0000490 seconds
95.407: Application time: 0.0285930 seconds
95.407: [GC [PSYoungGen: 7646K->928K(7680K)] 18607K->12229K(25088K), 0.0004580 secs] [Times: user=0.00 sys=0.00, real=0.00 secs] 
95.407: Total time for which application threads were stopped: 0.0005400 seconds, Stopping threads took: 0.0000300 seconds
95.436: Application time: 0.0289400 seconds
95.436: [GC [PSYoungGen: 7580K->992K(7680K)] 18882K->12293K(25088K), 0.0004300 secs] [Times: user=0.00 sys=0.00, real=0.00 secs] 
95.437: Total time for which application threads were stopped: 0.0005240 seconds, Stopping threads took: 0.0000440 seconds
95.466: Application time: 0.0295070 seconds
95.467: [GC [PSYoungGen: 7646K->768K(7680K)] 18948K->12237K(25088K), 0.0004330 secs] [Times: user=0.00 sys=0.00, real=0.00 secs] 
95.467: Total time for which application threads were stopped: 0.0005360 seconds, Stopping threads took: 0.0000530 seconds
95.497: Application time: 0.0296730 seconds
95.497: [GC [PSYoungGen: 7422K->768K(7680K)] 18892K->12237K(25088K), 0.0004470 secs] [Times: user=0.01 sys=0.00, real=0.00 secs] 
95.497: Total time for which application threads were stopped: 0.0005400 seconds, Stopping threads took: 0.0000430 seconds
95.527: Application time: 0.0297880 seconds
95.527: [GC [PSYoungGen: 7422K->768K(7680K)] 18892K->12298K(25088K), 0.0003620 secs] [Times: user=0.00 sys=0.00, real=0.00 secs] 
95.527: Total time for which application threads were stopped: 0.0004630 seconds, Stopping threads took: 0.0000540 seconds
95.558: Application time: 0.0301180 seconds
95.558: [GC [PSYoungGen: 7420K->736K(7680K)] 18950K->12266K(25088K), 0.0003710 secs] [Times: user=0.00 sys=0.00, real=0.00 secs] 
95.558: Total time for which application threads were stopped: 0.0004650 seconds, Stopping threads took: 0.0000420 seconds
95.588: Application time: 0.0298740 seconds
95.588: [GC [PSYoungGen: 7390K->768K(7680K)] 18921K->12298K(25088K), 0.0003780 secs] [Times: user=0.00 sys=0.00, real=0.00 secs] 
95.588: Total time for which application threads were stopped: 0.0004780 seconds, Stopping threads took: 0.0000490 seconds
95.618: Application time: 0.0296550 seconds
95.618: [GC [PSYoungGen: 7422K->704K(7680K)] 18953K->12234K(25088K), 0.0004400 secs] [Times: user=0.00 sys=0.00, real=0.00 secs] 
95.619: Total time for which application threads were stopped: 0.0005390 seconds, Stopping threads took: 0.0000520 seconds
95.649: Application time: 0.0299300 seconds
95.649: [GC [PSYoungGen: 7358K->704K(7680K)] 18889K->12234K(25088K), 0.0004100 secs] [Times: user=0.00 sys=0.00, real=0.00 secs] 
95.649: Total time for which application threads were stopped: 0.0005070 seconds, Stopping threads took: 0.0000460 seconds
95.679: Application time: 0.0297580 seconds
95.679: [GC [PSYoungGen: 7358K->704K(7680K)] 18889K->12303K(25088K), 0.0003940 secs] [Times: user=0.00 sys=0.00, real=0.01 secs] 
95.679: Total time for which application threads were stopped: 0.0004890 seconds, Stopping threads took: 0.0000420 seconds
95.709: Application time: 0.0297210 seconds
95.709: [GC [PSYoungGen: 7358K->480K(7680K)] 18957K->12291K(25088K), 0.0003870 secs] [Times: user=0.00 sys=0.00, real=0.00 secs] 
95.709: Total time for which application threads were stopped: 0.0004780 seconds, Stopping threads took: 0.0000460 seconds
95.739: Application time: 0.0296170 seconds
95.739: [GC [PSYoungGen: 7134K->480K(7680K)] 18946K->12291K(25088K), 0.0003570 secs] [Times: user=0.00 sys=0.00, real=0.00 secs] 
95.740: Total time for which application threads were stopped: 0.0004590 seconds, Stopping threads took: 0.0000510 seconds
95.769: Application time: 0.0299490 seconds
95.770: [GC [PSYoungGen: 7134K->480K(7680K)] 18946K->12291K(25088K), 0.0003780 secs] [Times: user=0.00 sys=0.00, real=0.00 secs] 
95.770: Total time for which application threads were stopped: 0.0004810 seconds, Stopping threads took: 0.0000500 seconds
95.800: Application time: 0.0296320 seconds
95.800: [GC [PSYoungGen: 7134K->256K(7680K)] 18946K->12259K(25088K), 0.0003900 secs] [Times: user=0.00 sys=0.00, real=0.00 secs] 
95.800: Total time for which application threads were stopped: 0.0004880 seconds, Stopping threads took: 0.0000540 seconds
95.830: Application time: 0.0294990 seconds
95.830: [GC [PSYoungGen: 6910K->320K(7680K)] 18914K->12323K(25088K), 0.0003650 secs] [Times: user=0.00 sys=0.00, real=0.00 secs] 
95.830: Total time for which application threads were stopped: 0.0004810 seconds, Stopping threads took: 0.0000540 seconds
95.852: Application time: 0.0216220 seconds
95.852: [GC [PSYoungGen: 6974K->544K(7680K)] 18977K->12555K(25088K), 0.0003260 secs] [Times: user=0.00 sys=0.00, real=0.00 secs] 
95.852: Total time for which application threads were stopped: 0.0004130 seconds, Stopping threads took: 0.0000400 seconds
95.874: Application time: 0.0214830 seconds
95.874: [GC [PSYoungGen: 7199K->544K(7680K)] 19211K->12784K(25088K), 0.0003940 secs] [Times: user=0.01 sys=0.00, real=0.00 secs] 
95.874: Total time for which application threads were stopped: 0.0004950 seconds, Stopping threads took: 0.0000510 seconds
95.892: Application time: 0.0174330 seconds
95.892: [GC [PSYoungGen: 7199K->480K(7680K)] 19439K->12720K(25088K), 0.0003580 secs] [Times: user=0.00 sys=0.00, real=0.00 secs] 
95.892: Total time for which application threads were stopped: 0.0004510 seconds, Stopping threads took: 0.0000440 seconds
95.913: Application time: 0.0211890 seconds
95.913: [GC [PSYoungGen: 7135K->512K(7680K)] 19375K->12752K(25088K), 0.0003340 secs] [Times: user=0.00 sys=0.00, real=0.00 secs] 
95.914: Total time for which application threads were stopped: 0.0004270 seconds, Stopping threads took: 0.0000430 seconds
95.940: Application time: 0.0259540 seconds
95.940: [GC [PSYoungGen: 7164K->480K(7680K)] 19404K->12720K(25088K), 0.0003680 secs] [Times: user=0.00 sys=0.00, real=0.00 secs] 
95.940: Total time for which application threads were stopped: 0.0004750 seconds, Stopping threads took: 0.0000560 seconds
95.968: Application time: 0.0282800 seconds
95.968: [GC [PSYoungGen: 7135K->544K(7680K)] 19375K->12784K(25088K), 0.0003680 secs] [Times: user=0.01 sys=0.00, real=0.00 secs] 
95.969: Total time for which application threads were stopped: 0.0004620 seconds, Stopping threads took: 0.0000420 seconds
95.997: Application time: 0.0283940 seconds
95.997: [GC [PSYoungGen: 7196K->544K(7680K)] 19436K->12784K(25088K), 0.0003620 secs] [Times: user=0.00 sys=0.00, real=0.00 secs] 
95.998: Total time for which application threads were stopped: 0.0004540 seconds, Stopping threads took: 0.0000420 seconds
96.027: Application time: 0.0294930 seconds
96.027: [GC [PSYoungGen: 7198K->480K(7680K)] 19438K->12720K(25088K), 0.0003800 secs] [Times: user=0.00 sys=0.00, real=0.00 secs] 
96.028: Total time for which application threads were stopped: 0.0004760 seconds, Stopping threads took: 0.0000460 seconds
96.057: Application time: 0.0294100 seconds
96.057: [GC [PSYoungGen: 7134K->512K(7680K)] 19374K->12752K(25088K), 0.0003550 secs] [Times: user=0.01 sys=0.00, real=0.00 secs] 
96.057: Total time for which application threads were stopped: 0.0004430 seconds, Stopping threads took: 0.0000420 seconds
96.088: Application time: 0.0304740 seconds
96.088: [GC [PSYoungGen: 7166K->448K(7680K)] 19406K->12688K(25088K), 0.0003730 secs] [Times: user=0.00 sys=0.00, real=0.00 secs] 
96.088: Total time for which application threads were stopped: 0.0004790 seconds, Stopping threads took: 0.0000540 seconds
96.118: Application time: 0.0292760 seconds
96.118: [GC [PSYoungGen: 7102K->512K(7680K)] 19342K->12752K(25088K), 0.0003410 secs] [Times: user=0.00 sys=0.00, real=0.00 secs] 
96.118: Total time for which application threads were stopped: 0.0004300 seconds, Stopping threads took: 0.0000420 seconds
96.143: Application time: 0.0245300 seconds
96.143: [GC [PSYoungGen: 7164K->704K(7680K)] 19404K->12944K(25088K), 0.0003720 secs] [Times: user=0.01 sys=0.00, real=0.00 secs] 
96.143: Total time for which application threads were stopped: 0.0004560 seconds, Stopping threads took: 0.0000360 seconds
96.164: Application time: 0.0206140 seconds
96.164: [GC [PSYoungGen: 7356K->736K(7680K)] 19596K->12976K(25088K), 0.0004180 secs] [Times: user=0.00 sys=0.00, real=0.00 secs] 
96.164: Total time for which application threads were stopped: 0.0005130 seconds, Stopping threads took: 0.0000440 seconds
96.187: Application time: 0.0229160 seconds
96.187: [GC [PSYoungGen: 7390K->768K(7680K)] 19630K->13008K(25088K), 0.0004470 secs] [Times: user=0.00 sys=0.00, real=0.00 secs] 
96.188: Total time for which application threads were stopped: 0.0005560 seconds, Stopping threads took: 0.0000570 seconds
96.217: Application time: 0.0290910 seconds
96.217: [GC [PSYoungGen: 7422K->704K(7680K)] 19662K->12944K(25088K), 0.0004080 secs] [Times: user=0.01 sys=0.00, real=0.00 secs] 
96.217: Total time for which application threads were stopped: 0.0005100 seconds, Stopping threads took: 0.0000480 seconds
96.244: Application time: 0.0270160 seconds
96.244: [GC [PSYoungGen: 7360K->800K(7680K)] 19600K->13040K(25088K), 0.0003940 secs] [Times: user=0.00 sys=0.00, real=0.00 secs] 
96.245: Total time for which application threads were stopped: 0.0004910 seconds, Stopping threads took: 0.0000470 seconds
96.265: Application time: 0.0200540 seconds
96.265: [GC [PSYoungGen: 7454K->896K(7680K)] 19694K->13136K(25088K), 0.0004820 secs] [Times: user=0.00 sys=0.00, real=0.00 secs] 
96.265: Total time for which application threads were stopped: 0.0005750 seconds, Stopping threads took: 0.0000420 seconds
96.286: Application time: 0.0206580 seconds
96.286: [GC [PSYoungGen: 7549K->928K(7680K)] 19789K->13168K(25088K), 0.0004150 secs] [Times: user=0.00 sys=0.00, real=0.00 secs] 
96.287: Total time for which application threads were stopped: 0.0005050 seconds, Stopping threads took: 0.0000410 seconds
96.312: Application time: 0.0250780 seconds
96.312: [GC [PSYoungGen: 7580K->928K(7680K)] 19820K->13296K(25088K), 0.0004540 secs] [Times: user=0.00 sys=0.00, real=0.00 secs] 
96.312: Total time for which application threads were stopped: 0.0005540 seconds, Stopping threads took: 0.0000480 seconds
96.341: Application time: 0.0282430 seconds
96.343: [GC [PSYoungGen: 7582K->864K(7680K)] 19950K->13232K(25088K), 0.0004730 secs] [Times: user=0.00 sys=0.00, real=0.00 secs] 
96.344: Total time for which application threads were stopped: 0.0031220 seconds, Stopping threads took: 0.0025880 seconds
96.372: Application time: 0.0284650 seconds
96.372: [GC [PSYoungGen: 7518K->976K(7680K)] 19886K->13344K(25088K), 0.0004480 secs] [Times: user=0.00 sys=0.00, real=0.00 secs] 
96.373: Total time for which application threads were stopped: 0.0005480 seconds, Stopping threads took: 0.0000460 seconds
96.402: Application time: 0.0295850 seconds
96.402: [GC [PSYoungGen: 7630K->992K(7680K)] 19998K->13504K(25088K), 0.0004920 secs] [Times: user=0.00 sys=0.00, real=0.00 secs] 
96.403: Total time for which application threads were stopped: 0.0006010 seconds, Stopping threads took: 0.0000570 seconds
96.432: Application time: 0.0293360 seconds
96.432: [GC [PSYoungGen: 7646K->864K(7680K)] 20158K->13376K(25088K), 0.0004060 secs] [Times: user=0.01 sys=0.00, real=0.00 secs] 
96.433: Total time for which application threads were stopped: 0.0005070 seconds, Stopping threads took: 0.0000510 seconds
96.462: Application time: 0.0296050 seconds
96.462: [GC [PSYoungGen: 7518K->992K(7680K)] 20030K->13512K(25088K), 0.0004320 secs] [Times: user=0.00 sys=0.00, real=0.00 secs] 
96.463: Total time for which application threads were stopped: 0.0005320 seconds, Stopping threads took: 0.0000510 seconds
96.492: Application time: 0.0294070 seconds
96.492: [GC [PSYoungGen: 7646K->896K(7680K)] 20166K->13416K(25088K), 0.0004700 secs] [Times: user=0.00 sys=0.00, real=0.00 secs] 
96.493: Total time for which application threads were stopped: 0.0005730 seconds, Stopping threads took: 0.0000510 seconds
96.519: Application time: 0.0260030 seconds
96.519: [GC [PSYoungGen: 7548K->896K(7680K)] 20068K->13544K(25088K), 0.0004700 secs] [Times: user=0.00 sys=0.00, real=0.01 secs] 
96.519: Total time for which application threads were stopped: 0.0005670 seconds, Stopping threads took: 0.0000500 seconds
96.539: Application time: 0.0198630 seconds
96.539: [GC [PSYoungGen: 7549K->1008K(7680K)] 20197K->13932K(25088K), 0.0004580 secs] [Times: user=0.00 sys=0.00, real=0.00 secs] 
96.540: Total time for which application threads were stopped: 0.0005690 seconds, Stopping threads took: 0.0000620 seconds
96.556: Application time: 0.0161340 seconds
96.556: [GC [PSYoungGen: 7660K->1008K(7680K)] 20585K->14100K(25088K), 0.0004570 secs] [Times: user=0.00 sys=0.00, real=0.00 secs] 
96.557: Total time for which application threads were stopped: 0.0005510 seconds, Stopping threads took: 0.0000480 seconds
96.576: Application time: 0.0199850 seconds
96.577: [GC [PSYoungGen: 7660K->992K(7680K)] 20753K->14108K(25088K), 0.0004360 secs] [Times: user=0.01 sys=0.00, real=0.00 secs] 
96.577: Total time for which application threads were stopped: 0.0005420 seconds, Stopping threads took: 0.0000570 seconds
96.600: Application time: 0.0227210 seconds
96.600: [GC [PSYoungGen: 7644K->992K(7680K)] 20761K->14236K(25088K), 0.0004510 secs] [Times: user=0.00 sys=0.00, real=0.00 secs] 
96.600: Total time for which application threads were stopped: 0.0005390 seconds, Stopping threads took: 0.0000350 seconds
96.630: Application time: 0.0293150 seconds
96.631: [GC [PSYoungGen: 7644K->992K(7680K)] 20888K->14364K(25088K), 0.0005470 secs] [Times: user=0.00 sys=0.00, real=0.00 secs] 
96.632: Total time for which application threads were stopped: 0.0021070 seconds, Stopping threads took: 0.0015040 seconds
96.652: Application time: 0.0202830 seconds
96.652: [GC [PSYoungGen: 7646K->1008K(7680K)] 21019K->14524K(25088K), 0.0004760 secs] [Times: user=0.00 sys=0.00, real=0.00 secs] 
96.653: Total time for which application threads were stopped: 0.0005770 seconds, Stopping threads took: 0.0000510 seconds
96.673: Application time: 0.0204820 seconds
96.673: [GC [PSYoungGen: 7661K->1008K(7680K)] 21178K->14532K(25088K), 0.0005120 secs] [Times: user=0.00 sys=0.00, real=0.00 secs] 
96.674: Total time for which application threads were stopped: 0.0006090 seconds, Stopping threads took: 0.0000450 seconds
96.698: Application time: 0.0240490 seconds
96.698: [GC [PSYoungGen: 7659K->992K(7680K)] 21184K->14916K(25088K), 0.0005210 secs] [Times: user=0.00 sys=0.00, real=0.00 secs] 
96.698: Total time for which application threads were stopped: 0.0006180 seconds, Stopping threads took: 0.0000430 seconds
96.723: Application time: 0.0250860 seconds
96.724: [GC [PSYoungGen: 7644K->992K(7680K)] 21568K->15078K(25088K), 0.0005030 secs] [Times: user=0.00 sys=0.00, real=0.00 secs] 
96.725: Total time for which application threads were stopped: 0.0015670 seconds, Stopping threads took: 0.0000470 seconds
96.745: Application time: 0.0202110 seconds
96.745: [GC [PSYoungGen: 7647K->992K(7680K)] 21733K->15142K(25088K), 0.0004980 secs] [Times: user=0.01 sys=0.00, real=0.00 secs] 
96.746: Total time for which application threads were stopped: 0.0005900 seconds, Stopping threads took: 0.0000390 seconds
96.768: Application time: 0.0219330 seconds
96.768: [GC [PSYoungGen: 7647K->976K(7680K)] 21797K->15254K(25088K), 0.0004970 secs] [Times: user=0.01 sys=0.00, real=0.00 secs] 
96.768: Total time for which application threads were stopped: 0.0006020 seconds, Stopping threads took: 0.0000510 seconds
96.797: Application time: 0.0289850 seconds
96.797: [GC [PSYoungGen: 7628K->928K(7680K)] 21906K->15206K(25088K), 0.0004870 secs] [Times: user=0.00 sys=0.00, real=0.00 secs] 
96.798: Total time for which application threads were stopped: 0.0005790 seconds, Stopping threads took: 0.0000430 seconds
96.827: Application time: 0.0290000 seconds
96.827: [GC [PSYoungGen: 7584K->960K(7680K)] 21862K->15238K(25088K), 0.0004380 secs] [Times: user=0.00 sys=0.00, real=0.00 secs] 
96.827: Total time for which application threads were stopped: 0.0005460 seconds, Stopping threads took: 0.0000550 seconds
96.856: Application time: 0.0283310 seconds
96.859: [GC [PSYoungGen: 7612K->1008K(7680K)] 21890K->15326K(25088K), 0.0004460 secs] [Times: user=0.00 sys=0.00, real=0.00 secs] 
96.860: Total time for which application threads were stopped: 0.0038150 seconds, Stopping threads took: 0.0033120 seconds
96.889: Application time: 0.0298370 seconds
96.890: [GC [PSYoungGen: 7660K->1008K(7680K)] 21978K->15342K(25088K), 0.0004420 secs] [Times: user=0.01 sys=0.00, real=0.00 secs] 
96.890: Total time for which application threads were stopped: 0.0005510 seconds, Stopping threads took: 0.0000550 seconds
96.919: Application time: 0.0293750 seconds
96.919: [GC [PSYoungGen: 7662K->976K(7680K)] 21996K->15366K(25088K), 0.0004260 secs] [Times: user=0.00 sys=0.00, real=0.00 secs] 
96.920: Total time for which application threads were stopped: 0.0005400 seconds, Stopping threads took: 0.0000640 seconds
96.948: Application time: 0.0282950 seconds
96.948: [GC [PSYoungGen: 7628K->992K(7680K)] 22018K->15526K(25088K), 0.0004950 secs] [Times: user=0.00 sys=0.00, real=0.00 secs] 
96.949: Total time for which application threads were stopped: 0.0005820 seconds, Stopping threads took: 0.0000370 seconds
96.978: Application time: 0.0287370 seconds
96.978: [GC [PSYoungGen: 7644K->992K(7680K)] 22178K->15534K(25088K), 0.0004230 secs] [Times: user=0.00 sys=0.00, real=0.00 secs] 
96.978: Total time for which application threads were stopped: 0.0005330 seconds, Stopping threads took: 0.0000580 seconds
97.006: Application time: 0.0275990 seconds
97.006: [GC [PSYoungGen: 7646K->832K(7680K)] 22188K->15578K(25088K), 0.0005110 secs] [Times: user=0.00 sys=0.00, real=0.00 secs] 
97.006: Total time for which application threads were stopped: 0.0006240 seconds, Stopping threads took: 0.0000600 seconds
97.036: Application time: 0.0293060 seconds
97.036: [GC [PSYoungGen: 7486K->768K(7680K)] 22233K->15514K(25088K), 0.0005040 secs] [Times: user=0.00 sys=0.00, real=0.00 secs] 
97.036: Total time for which application threads were stopped: 0.0006060 seconds, Stopping threads took: 0.0000540 seconds
97.065: Application time: 0.0287750 seconds
97.065: [GC [PSYoungGen: 7420K->864K(7680K)] 22166K->15610K(25088K), 0.0004180 secs] [Times: user=0.00 sys=0.00, real=0.00 secs] 
97.066: Total time for which application threads were stopped: 0.0005230 seconds, Stopping threads took: 0.0000550 seconds
97.094: Application time: 0.0287990 seconds
97.094: [GC [PSYoungGen: 7517K->800K(7680K)] 22264K->15562K(25088K), 0.0004780 secs] [Times: user=0.00 sys=0.00, real=0.00 secs] 
97.095: Total time for which application threads were stopped: 0.0005710 seconds, Stopping threads took: 0.0000430 seconds
97.125: Application time: 0.0296640 seconds
97.125: [GC [PSYoungGen: 7454K->768K(7680K)] 22217K->15594K(25088K), 0.0004130 secs] [Times: user=0.00 sys=0.00, real=0.00 secs] 
97.125: Total time for which application threads were stopped: 0.0005070 seconds, Stopping threads took: 0.0000370 seconds
97.155: Application time: 0.0300390 seconds
97.155: [GC [PSYoungGen: 7422K->832K(7680K)] 22248K->15658K(25088K), 0.0004580 secs] [Times: user=0.00 sys=0.00, real=0.00 secs] 
97.156: Total time for which application threads were stopped: 0.0005610 seconds, Stopping threads took: 0.0000520 seconds
97.184: Application time: 0.0280170 seconds
97.187: [GC [PSYoungGen: 7486K->896K(7680K)] 22312K->15778K(25088K), 0.0004170 secs] [Times: user=0.01 sys=0.00, real=0.00 secs] 
97.188: Total time for which application threads were stopped: 0.0038890 seconds, Stopping threads took: 0.0034170 seconds
97.218: Application time: 0.0302160 seconds
97.218: [GC [PSYoungGen: 7548K->928K(7680K)] 22430K->15810K(25088K), 0.0004080 secs] [Times: user=0.00 sys=0.00, real=0.00 secs] 
97.218: Total time for which application threads were stopped: 0.0005290 seconds, Stopping threads took: 0.0000700 seconds
97.248: Application time: 0.0300730 seconds
97.248: [GC [PSYoungGen: 7582K->864K(7680K)] 22465K->15746K(25088K), 0.0003920 secs] [Times: user=0.00 sys=0.00, real=0.00 secs] 
97.249: Total time for which application threads were stopped: 0.0004950 seconds, Stopping threads took: 0.0000550 seconds
97.279: Application time: 0.0298700 seconds
97.279: [GC [PSYoungGen: 7518K->896K(7680K)] 22401K->15778K(25088K), 0.0004010 secs] [Times: user=0.00 sys=0.00, real=0.01 secs] 
97.279: Total time for which application threads were stopped: 0.0005110 seconds, Stopping threads took: 0.0000600 seconds
97.309: Application time: 0.0298820 seconds
97.309: [GC [PSYoungGen: 7550K->928K(7680K)] 22433K->15810K(25088K), 0.0003950 secs] [Times: user=0.00 sys=0.00, real=0.00 secs] 
97.310: Total time for which application threads were stopped: 0.0004890 seconds, Stopping threads took: 0.0000410 seconds
97.340: Application time: 0.0300910 seconds
97.340: [GC [PSYoungGen: 7582K->864K(7680K)] 22465K->15746K(25088K), 0.0004010 secs] [Times: user=0.01 sys=0.00, real=0.00 secs] 
97.340: Total time for which application threads were stopped: 0.0005040 seconds, Stopping threads took: 0.0000560 seconds
97.370: Application time: 0.0298170 seconds
97.370: [GC [PSYoungGen: 7518K->928K(7680K)] 22401K->15810K(25088K), 0.0003920 secs] [Times: user=0.01 sys=0.00, real=0.00 secs] 
97.371: Total time for which application threads were stopped: 0.0005030 seconds, Stopping threads took: 0.0000510 seconds
97.401: Application time: 0.0305810 seconds
97.401: [GC [PSYoungGen: 7580K->896K(7680K)] 22462K->15778K(25088K), 0.0003930 secs] [Times: user=0.00 sys=0.00, real=0.00 secs] 
97.402: Total time for which application threads were stopped: 0.0004990 seconds, Stopping threads took: 0.0000590 seconds
97.431: Application time: 0.0298320 seconds
97.432: [GC [PSYoungGen: 7550K->640K(7680K)] 22433K->15751K(25088K), 0.0004300 secs] [Times: user=0.00 sys=0.00, real=0.00 secs] 
97.432: Total time for which application threads were stopped: 0.0005350 seconds, Stopping threads took: 0.0000540 seconds
97.462: Application time: 0.0298300 seconds
97.462: [GC [PSYoungGen: 7294K->512K(7680K)] 22406K->15839K(25088K), 0.0003750 secs] [Times: user=0.00 sys=0.00, real=0.00 secs] 
97.462: Total time for which application threads were stopped: 0.0004720 seconds, Stopping threads took: 0.0000460 seconds
97.492: Application time: 0.0298190 seconds
97.492: [GC [PSYoungGen: 7166K->544K(7680K)] 22494K->15871K(25088K), 0.0003570 secs] [Times: user=0.00 sys=0.00, real=0.00 secs] 
97.493: Total time for which application threads were stopped: 0.0004530 seconds, Stopping threads took: 0.0000430 seconds
97.522: Application time: 0.0297950 seconds
97.522: [GC [PSYoungGen: 7196K->448K(7680K)] 22523K->15775K(25088K), 0.0003850 secs] [Times: user=0.01 sys=0.00, real=0.00 secs] 
97.523: Total time for which application threads were stopped: 0.0004770 seconds, Stopping threads took: 0.0000400 seconds
97.553: Application time: 0.0297380 seconds
97.553: [GC [PSYoungGen: 7102K->288K(7680K)] 22430K->15827K(25088K), 0.0004590 secs] [Times: user=0.01 sys=0.00, real=0.00 secs] 
97.553: Total time for which application threads were stopped: 0.0005600 seconds, Stopping threads took: 0.0000520 seconds
97.583: Application time: 0.0295910 seconds
97.583: [GC [PSYoungGen: 6942K->320K(7680K)] 22482K->15859K(25088K), 0.0003510 secs] [Times: user=0.00 sys=0.00, real=0.00 secs] 
97.583: Total time for which application threads were stopped: 0.0004590 seconds, Stopping threads took: 0.0000590 seconds
97.610: Application time: 0.0264520 seconds
97.610: [GC [PSYoungGen: 6974K->512K(7680K)] 22514K->16051K(25088K), 0.0004160 secs] [Times: user=0.00 sys=0.00, real=0.00 secs] 
97.610: Total time for which application threads were stopped: 0.0005290 seconds, Stopping threads took: 0.0000550 seconds
97.631: Application time: 0.0207790 seconds
97.631: [GC [PSYoungGen: 7164K->352K(7680K)] 22704K->16107K(25088K), 0.0004210 secs] [Times: user=0.00 sys=0.00, real=0.01 secs] 
97.632: Total time for which application threads were stopped: 0.0005170 seconds, Stopping threads took: 0.0000460 seconds
97.651: Application time: 0.0192480 seconds
97.651: [GC [PSYoungGen: 7006K->640K(7680K)] 22762K->16395K(25088K), 0.0004160 secs] [Times: user=0.00 sys=0.00, real=0.01 secs] 
97.651: Total time for which application threads were stopped: 0.0005150 seconds, Stopping threads took: 0.0000530 seconds
97.672: Application time: 0.0205610 seconds
97.672: [GC [PSYoungGen: 7295K->544K(7680K)] 23051K->16299K(25088K), 0.0003660 secs] [Times: user=0.00 sys=0.00, real=0.00 secs] 
97.672: Total time for which application threads were stopped: 0.0004620 seconds, Stopping threads took: 0.0000500 seconds
97.694: Application time: 0.0217410 seconds
97.694: [GC [PSYoungGen: 7195K->480K(7680K)] 22951K->16235K(25088K), 0.0004020 secs] [Times: user=0.00 sys=0.00, real=0.00 secs] 
97.695: Total time for which application threads were stopped: 0.0004990 seconds, Stopping threads took: 0.0000510 seconds
97.723: Application time: 0.0280040 seconds
97.723: [GC [PSYoungGen: 7134K->512K(7680K)] 22889K->16267K(25088K), 0.0003610 secs] [Times: user=0.00 sys=0.00, real=0.00 secs] 
97.723: Total time for which application threads were stopped: 0.0004600 seconds, Stopping threads took: 0.0000490 seconds
97.752: Application time: 0.0292720 seconds
97.752: [GC [PSYoungGen: 7164K->544K(7680K)] 22920K->16299K(25088K), 0.0004010 secs] [Times: user=0.00 sys=0.00, real=0.00 secs] 
97.753: Total time for which application threads were stopped: 0.0005110 seconds, Stopping threads took: 0.0000580 seconds
97.781: Application time: 0.0283660 seconds
97.781: [GC [PSYoungGen: 7198K->544K(7680K)] 22953K->16299K(25088K), 0.0003630 secs] [Times: user=0.00 sys=0.00, real=0.00 secs] 
97.782: Total time for which application threads were stopped: 0.0004560 seconds, Stopping threads took: 0.0000420 seconds
97.811: Application time: 0.0293640 seconds
97.811: [GC [PSYoungGen: 7198K->544K(7680K)] 22954K->16299K(25088K), 0.0003570 secs] [Times: user=0.00 sys=0.00, real=0.00 secs] 
97.811: Total time for which application threads were stopped: 0.0004610 seconds, Stopping threads took: 0.0000550 seconds
97.841: Application time: 0.0293840 seconds
97.841: [GC [PSYoungGen: 7196K->480K(7680K)] 22952K->16235K(25088K), 0.0003950 secs] [Times: user=0.00 sys=0.00, real=0.00 secs] 
97.841: Total time for which application threads were stopped: 0.0004900 seconds, Stopping threads took: 0.0000460 seconds
97.871: Application time: 0.0292790 seconds
97.871: [GC [PSYoungGen: 7134K->512K(7680K)] 22890K->16267K(25088K), 0.0003510 secs] [Times: user=0.01 sys=0.00, real=0.00 secs] 
97.871: Total time for which application threads were stopped: 0.0004440 seconds, Stopping threads took: 0.0000450 seconds
97.900: Application time: 0.0291930 seconds
97.900: [GC [PSYoungGen: 7168K->512K(7680K)] 22923K->16267K(25088K), 0.0003520 secs] [Times: user=0.00 sys=0.00, real=0.00 secs] 
97.901: Total time for which application threads were stopped: 0.0004640 seconds, Stopping threads took: 0.0000550 seconds
97.921: Application time: 0.0198530 seconds
97.921: [GC [PSYoungGen: 7164K->752K(7680K)] 22920K->16507K(25088K), 0.0003850 secs] [Times: user=0.00 sys=0.00, real=0.00 secs] 
97.921: Total time for which application threads were stopped: 0.0004870 seconds, Stopping threads took: 0.0000540 seconds
97.942: Application time: 0.0213730 seconds
97.943: [GC [PSYoungGen: 7405K->832K(7680K)] 23161K->16587K(25088K), 0.0004600 secs] [Times: user=0.00 sys=0.00, real=0.00 secs] 
97.943: Total time for which application threads were stopped: 0.0005770 seconds, Stopping threads took: 0.0000680 seconds
97.970: Application time: 0.0266790 seconds
97.970: [GC [PSYoungGen: 7486K->768K(7680K)] 23242K->16523K(25088K), 0.0003700 secs] [Times: user=0.00 sys=0.00, real=0.00 secs] 
97.970: Total time for which application threads were stopped: 0.0004830 seconds, Stopping threads took: 0.0000630 seconds
97.997: Application time: 0.0270740 seconds
97.997: [GC [PSYoungGen: 7422K->928K(7680K)] 23178K->16683K(25088K), 0.0004240 secs] [Times: user=0.00 sys=0.00, real=0.00 secs] 
97.998: Total time for which application threads were stopped: 0.0005270 seconds, Stopping threads took: 0.0000550 seconds
98.018: Application time: 0.0199550 seconds
98.018: [GC [PSYoungGen: 7583K->928K(7680K)] 23339K->16683K(25088K), 0.0004170 secs] [Times: user=0.00 sys=0.00, real=0.00 secs] 
98.018: Total time for which application threads were stopped: 0.0005150 seconds, Stopping threads took: 0.0000490 seconds
98.039: Application time: 0.0207620 seconds
98.039: [GC [PSYoungGen: 7584K->896K(7680K)] 23339K->16651K(25088K), 0.0004310 secs] [Times: user=0.00 sys=0.00, real=0.00 secs] 
98.040: Total time for which application threads were stopped: 0.0005270 seconds, Stopping threads took: 0.0000440 seconds
98.066: Application time: 0.0260530 seconds
98.066: [GC [PSYoungGen: 7548K->960K(7680K)] 23304K->16715K(25088K), 0.0004450 secs] [Times: user=0.00 sys=0.00, real=0.00 secs] 
98.066: Total time for which application threads were stopped: 0.0005510 seconds, Stopping threads took: 0.0000580 seconds
98.093: Application time: 0.0269460 seconds
98.093: [GC [PSYoungGen: 7614K->976K(7680K)] 23370K->16731K(25088K), 0.0004400 secs] [Times: user=0.00 sys=0.00, real=0.00 secs] 
98.094: Total time for which application threads were stopped: 0.0005350 seconds, Stopping threads took: 0.0000420 seconds
98.122: Application time: 0.0280340 seconds
98.123: [GC [PSYoungGen: 7628K->992K(7680K)] 23384K->16755K(25088K), 0.0005480 secs] [Times: user=0.01 sys=0.00, real=0.00 secs] 
98.124: Total time for which application threads were stopped: 0.0020530 seconds, Stopping threads took: 0.0014480 seconds
98.154: Application time: 0.0305900 seconds
98.154: [GC [PSYoungGen: 7644K->992K(7680K)] 23408K->16755K(25088K), 0.0004730 secs] [Times: user=0.00 sys=0.00, real=0.00 secs] 
98.155: Total time for which application threads were stopped: 0.0005740 seconds, Stopping threads took: 0.0000490 seconds
98.185: Application time: 0.0297090 seconds
98.185: [GC [PSYoungGen: 7646K->992K(7680K)] 23410K->16755K(25088K), 0.0004330 secs] [Times: user=0.00 sys=0.00, real=0.00 secs] 
98.185: Total time for which application threads were stopped: 0.0005350 seconds, Stopping threads took: 0.0000480 seconds
98.215: Application time: 0.0294710 seconds
98.215: [GC [PSYoungGen: 7646K->992K(7680K)] 23410K->16763K(25088K), 0.0004490 secs] [Times: user=0.00 sys=0.00, real=0.00 secs] 
98.215: Total time for which application threads were stopped: 0.0005420 seconds, Stopping threads took: 0.0000420 seconds
98.245: Application time: 0.0294310 seconds
98.247: [GC [PSYoungGen: 7646K->1008K(7680K)] 23418K->16779K(25088K), 0.0004520 secs] [Times: user=0.00 sys=0.00, real=0.00 secs] 
98.248: Total time for which application threads were stopped: 0.0030250 seconds, Stopping threads took: 0.0025220 seconds
98.274: Application time: 0.0267580 seconds
98.274: [GC [PSYoungGen: 7659K->992K(7680K)] 23431K->16931K(25088K), 0.0004660 secs] [Times: user=0.01 sys=0.00, real=0.00 secs] 
98.275: Total time for which application threads were stopped: 0.0005720 seconds, Stopping threads took: 0.0000560 seconds
98.293: Application time: 0.0177110 seconds
98.293: [GC [PSYoungGen: 7645K->992K(7680K)] 23585K->17196K(25088K), 0.0005450 secs] [Times: user=0.00 sys=0.00, real=0.00 secs] 
98.293: Total time for which application threads were stopped: 0.0006490 seconds, Stopping threads took: 0.0000520 seconds
98.310: Application time: 0.0165250 seconds
98.311: [GC [PSYoungGen: 7646K->1008K(7680K)] 23850K->17396K(25088K), 0.0005460 secs] [Times: user=0.00 sys=0.00, real=0.00 secs] 
98.312: Total time for which application threads were stopped: 0.0018860 seconds, Stopping threads took: 0.0012880 seconds
98.331: Application time: 0.0188250 seconds
98.331: [GC [PSYoungGen: 7660K->992K(7680K)] 24048K->17540K(25088K), 0.0005170 secs] [Times: user=0.00 sys=0.00, real=0.01 secs] 
98.331: Total time for which application threads were stopped: 0.0006230 seconds, Stopping threads took: 0.0000530 seconds
98.356: Application time: 0.0246110 seconds
98.356: [GC [PSYoungGen: 7646K->992K(7680K)] 24194K->17972K(25088K), 0.0005810 secs] [Times: user=0.00 sys=0.00, real=0.00 secs] 
98.356: Total time for which application threads were stopped: 0.0006900 seconds, Stopping threads took: 0.0000560 seconds
98.383: Application time: 0.0268300 seconds
98.383: Total time for which application threads were stopped: 0.0000700 seconds, Stopping threads took: 0.0000530 seconds
98.383: Application time: 0.0000530 seconds
98.383: [Full GC [PSYoungGen: 7577K->0K(7680K)] [ParOldGen: 17108K->3318K(17408K)] 24685K->3318K(25088K) [PSPermGen: 5541K->5541K(21504K)], 0.0045410 secs] [Times: user=0.01 sys=0.00, real=0.00 secs] 
98.388: Total time for which application threads were stopped: 0.0046520 seconds, Stopping threads took: 0.0000370 seconds
98.410: Application time: 0.0216990 seconds
98.410: [GC [PSYoungGen: 6652K->352K(7680K)] 10255K->3955K(25088K), 0.0003590 secs] [Times: user=0.00 sys=0.00, real=0.00 secs] 
98.410: Total time for which application threads were stopped: 0.0004710 seconds, Stopping threads took: 0.0000530 seconds
98.431: Application time: 0.0203430 seconds
98.431: [GC [PSYoungGen: 7003K->640K(7680K)] 10607K->4243K(25088K), 0.0003560 secs] [Times: user=0.00 sys=0.00, real=0.00 secs] 
98.431: Total time for which application threads were stopped: 0.0004490 seconds, Stopping threads took: 0.0000440 seconds
98.456: Application time: 0.0253180 seconds
98.456: [GC [PSYoungGen: 7293K->800K(7680K)] 10897K->4403K(25088K), 0.0003980 secs] [Times: user=0.00 sys=0.00, real=0.00 secs] 
98.457: Total time for which application threads were stopped: 0.0004990 seconds, Stopping threads took: 0.0000510 seconds
98.486: Application time: 0.0288870 seconds
98.486: [GC [PSYoungGen: 7452K->704K(7680K)] 11055K->4307K(25088K), 0.0003640 secs] [Times: user=0.00 sys=0.00, real=0.00 secs] 
98.486: Total time for which application threads were stopped: 0.0004750 seconds, Stopping threads took: 0.0000600 seconds
98.508: Application time: 0.0215660 seconds
98.508: [GC [PSYoungGen: 7356K->960K(7680K)] 10959K->4563K(25088K), 0.0004870 secs] [Times: user=0.00 sys=0.00, real=0.00 secs] 
98.508: Total time for which application threads were stopped: 0.0005900 seconds, Stopping threads took: 0.0000510 seconds
98.530: Application time: 0.0211350 seconds
98.530: [GC [PSYoungGen: 7615K->896K(7680K)] 11219K->4499K(25088K), 0.0005350 secs] [Times: user=0.00 sys=0.00, real=0.00 secs] 
98.530: Total time for which application threads were stopped: 0.0006350 seconds, Stopping threads took: 0.0000480 seconds
98.554: Application time: 0.0239240 seconds
98.554: [GC [PSYoungGen: 7550K->992K(7680K)] 11153K->4723K(25088K), 0.0004460 secs] [Times: user=0.01 sys=0.00, real=0.00 secs] 
98.555: Total time for which application threads were stopped: 0.0005510 seconds, Stopping threads took: 0.0000520 seconds
98.584: Application time: 0.0291000 seconds
98.584: [GC [PSYoungGen: 7644K->800K(7680K)] 11375K->4531K(25088K), 0.0004090 secs] [Times: user=0.00 sys=0.00, real=0.00 secs] 
98.584: Total time for which application threads were stopped: 0.0005220 seconds, Stopping threads took: 0.0000620 seconds
98.612: Application time: 0.0281060 seconds
98.612: [GC [PSYoungGen: 7454K->992K(7680K)] 11185K->4731K(25088K), 0.0004110 secs] [Times: user=0.00 sys=0.00, real=0.00 secs] 
98.613: Total time for which application threads were stopped: 0.0005060 seconds, Stopping threads took: 0.0000450 seconds
98.642: Application time: 0.0292570 seconds
98.642: [GC [PSYoungGen: 7646K->784K(7680K)] 11386K->4523K(25088K), 0.0004610 secs] [Times: user=0.00 sys=0.00, real=0.00 secs] 
98.643: Total time for which application threads were stopped: 0.0005610 seconds, Stopping threads took: 0.0000490 seconds
98.672: Application time: 0.0291400 seconds
98.672: [GC [PSYoungGen: 7438K->784K(7680K)] 11178K->4523K(25088K), 0.0004050 secs] [Times: user=0.00 sys=0.00, real=0.00 secs] 
98.672: Total time for which application threads were stopped: 0.0005020 seconds, Stopping threads took: 0.0000450 seconds
98.701: Application time: 0.0290820 seconds
98.702: [GC [PSYoungGen: 7438K->816K(7680K)] 11178K->4555K(25088K), 0.0004440 secs] [Times: user=0.00 sys=0.00, real=0.00 secs] 
98.702: Total time for which application threads were stopped: 0.0005370 seconds, Stopping threads took: 0.0000450 seconds
98.730: Application time: 0.0277360 seconds
98.730: [GC [PSYoungGen: 7471K->992K(7680K)] 11210K->4867K(25088K), 0.0004600 secs] [Times: user=0.00 sys=0.00, real=0.00 secs] 
98.730: Total time for which application threads were stopped: 0.0005610 seconds, Stopping threads took: 0.0000460 seconds
98.758: Application time: 0.0277990 seconds
98.758: [GC [PSYoungGen: 7646K->928K(7680K)] 11521K->4803K(25088K), 0.0004750 secs] [Times: user=0.00 sys=0.00, real=0.00 secs] 
98.759: Total time for which application threads were stopped: 0.0005740 seconds, Stopping threads took: 0.0000470 seconds
98.788: Application time: 0.0296620 seconds
98.788: [GC [PSYoungGen: 7580K->864K(7680K)] 11455K->4739K(25088K), 0.0004010 secs] [Times: user=0.01 sys=0.00, real=0.00 secs] 
98.789: Total time for which application threads were stopped: 0.0005010 seconds, Stopping threads took: 0.0000510 seconds
98.817: Application time: 0.0285840 seconds
98.817: [GC [PSYoungGen: 7516K->992K(7680K)] 11391K->4867K(25088K), 0.0004700 secs] [Times: user=0.01 sys=0.00, real=0.00 secs] 
98.818: Total time for which application threads were stopped: 0.0005610 seconds, Stopping threads took: 0.0000390 seconds
98.847: Application time: 0.0289430 seconds
98.847: [GC [PSYoungGen: 7645K->992K(7680K)] 11521K->4915K(25088K), 0.0004220 secs] [Times: user=0.00 sys=0.00, real=0.00 secs] 
98.847: Total time for which application threads were stopped: 0.0005180 seconds, Stopping threads took: 0.0000440 seconds
98.877: Application time: 0.0296940 seconds
98.877: [GC [PSYoungGen: 7646K->864K(7680K)] 11570K->4912K(25088K), 0.0004190 secs] [Times: user=0.00 sys=0.00, real=0.00 secs] 
98.878: Total time for which application threads were stopped: 0.0005320 seconds, Stopping threads took: 0.0000600 seconds
98.908: Application time: 0.0300090 seconds
98.908: [GC [PSYoungGen: 7518K->896K(7680K)] 11566K->4944K(25088K), 0.0003910 secs] [Times: user=0.00 sys=0.00, real=0.00 secs] 
98.908: Total time for which application threads were stopped: 0.0004990 seconds, Stopping threads took: 0.0000580 seconds
98.937: Application time: 0.0287770 seconds
98.937: [GC [PSYoungGen: 7549K->896K(7680K)] 11597K->4992K(25088K), 0.0004020 secs] [Times: user=0.00 sys=0.00, real=0.00 secs] 
98.937: Total time for which application threads were stopped: 0.0005140 seconds, Stopping threads took: 0.0000540 seconds
98.966: Application time: 0.0289100 seconds
98.966: [GC [PSYoungGen: 7548K->896K(7680K)] 11644K->4992K(25088K), 0.0003910 secs] [Times: user=0.00 sys=0.00, real=0.00 secs] 
98.967: Total time for which application threads were stopped: 0.0005020 seconds, Stopping threads took: 0.0000590 seconds
98.997: Application time: 0.0299690 seconds
98.997: [GC [PSYoungGen: 7550K->832K(7680K)] 11646K->4928K(25088K), 0.0003880 secs] [Times: user=0.01 sys=0.00, real=0.00 secs] 
98.997: Total time for which application threads were stopped: 0.0005280 seconds, Stopping threads took: 0.0000760 seconds
99.027: Application time: 0.0298650 seconds
99.027: [GC [PSYoungGen: 7486K->992K(7680K)] 11582K->5160K(25088K), 0.0004420 secs] [Times: user=0.00 sys=0.00, real=0.00 secs] 
99.028: Total time for which application threads were stopped: 0.0005430 seconds, Stopping threads took: 0.0000500 seconds
99.058: Application time: 0.0301140 seconds
99.058: [GC [PSYoungGen: 7646K->832K(7680K)] 11814K->5000K(25088K), 0.0004430 secs] [Times: user=0.00 sys=0.00, real=0.00 secs] 
99.058: Total time for which application threads were stopped: 0.0005500 seconds, Stopping threads took: 0.0000580 seconds
99.089: Application time: 0.0300730 seconds
99.089: [GC [PSYoungGen: 7486K->832K(7680K)] 11654K->5000K(25088K), 0.0003830 secs] [Times: user=0.00 sys=0.00, real=0.00 secs] 
99.089: Total time for which application threads were stopped: 0.0004780 seconds, Stopping threads took: 0.0000470 seconds
99.120: Application time: 0.0311120 seconds
99.120: [GC [PSYoungGen: 7483K->768K(7680K)] 11651K->4936K(25088K), 0.0004020 secs] [Times: user=0.00 sys=0.00, real=0.00 secs] 
99.121: Total time for which application threads were stopped: 0.0004990 seconds, Stopping threads took: 0.0000450 seconds
99.150: Application time: 0.0297390 seconds
99.150: [GC [PSYoungGen: 7422K->768K(7680K)] 11590K->4936K(25088K), 0.0003740 secs] [Times: user=0.00 sys=0.00, real=0.00 secs] 
99.151: Total time for which application threads were stopped: 0.0004720 seconds, Stopping threads took: 0.0000500 seconds
99.181: Application time: 0.0300820 seconds
99.181: [GC [PSYoungGen: 7422K->640K(7680K)] 11590K->5028K(25088K), 0.0003890 secs] [Times: user=0.00 sys=0.00, real=0.00 secs] 
99.181: Total time for which application threads were stopped: 0.0004890 seconds, Stopping threads took: 0.0000490 seconds
99.211: Application time: 0.0297840 seconds
99.211: [GC [PSYoungGen: 7294K->416K(7680K)] 11683K->5001K(25088K), 0.0004190 secs] [Times: user=0.00 sys=0.00, real=0.00 secs] 
99.212: Total time for which application threads were stopped: 0.0005230 seconds, Stopping threads took: 0.0000520 seconds
99.242: Application time: 0.0297910 seconds
99.242: [GC [PSYoungGen: 7070K->416K(7680K)] 11655K->5001K(25088K), 0.0004110 secs] [Times: user=0.00 sys=0.00, real=0.00 secs] 
99.242: Total time for which application threads were stopped: 0.0005270 seconds, Stopping threads took: 0.0000690 seconds
99.272: Application time: 0.0298080 seconds
99.272: [GC [PSYoungGen: 7070K->512K(7680K)] 11655K->5097K(25088K), 0.0003350 secs] [Times: user=0.00 sys=0.00, real=0.00 secs] 
99.272: Total time for which application threads were stopped: 0.0004480 seconds, Stopping threads took: 0.0000650 seconds
99.302: Application time: 0.0298020 seconds
99.302: [GC [PSYoungGen: 7166K->224K(7680K)] 11751K->4985K(25088K), 0.0004070 secs] [Times: user=0.00 sys=0.00, real=0.00 secs] 
99.303: Total time for which application threads were stopped: 0.0005000 seconds, Stopping threads took: 0.0000430 seconds
99.332: Application time: 0.0295500 seconds
99.332: [GC [PSYoungGen: 6878K->320K(7680K)] 11639K->5081K(25088K), 0.0003250 secs] [Times: user=0.00 sys=0.00, real=0.00 secs] 
99.333: Total time for which application threads were stopped: 0.0004230 seconds, Stopping threads took: 0.0000490 seconds
99.357: Application time: 0.0246010 seconds
99.357: [GC [PSYoungGen: 6974K->480K(7680K)] 11735K->5241K(25088K), 0.0003480 secs] [Times: user=0.00 sys=0.00, real=0.00 secs] 
99.358: Total time for which application threads were stopped: 0.0004490 seconds, Stopping threads took: 0.0000540 seconds
99.379: Application time: 0.0211190 seconds
99.379: [GC [PSYoungGen: 7133K->544K(7680K)] 11895K->5313K(25088K), 0.0003430 secs] [Times: user=0.01 sys=0.00, real=0.01 secs] 
99.379: Total time for which application threads were stopped: 0.0004400 seconds, Stopping threads took: 0.0000460 seconds
99.397: Application time: 0.0174190 seconds
99.397: [GC [PSYoungGen: 7196K->544K(7680K)] 11966K->5493K(25088K), 0.0003740 secs] [Times: user=0.00 sys=0.00, real=0.00 secs] 
99.397: Total time for which application threads were stopped: 0.0005130 seconds, Stopping threads took: 0.0000810 seconds
99.418: Application time: 0.0211070 seconds
99.418: [GC [PSYoungGen: 7197K->480K(7680K)] 12147K->5429K(25088K), 0.0003420 secs] [Times: user=0.00 sys=0.00, real=0.00 secs] 
99.419: Total time for which application threads were stopped: 0.0004330 seconds, Stopping threads took: 0.0000450 seconds
99.442: Application time: 0.0234050 seconds
99.442: [GC [PSYoungGen: 7134K->448K(7680K)] 12083K->5397K(25088K), 0.0003800 secs] [Times: user=0.00 sys=0.00, real=0.00 secs] 
99.443: Total time for which application threads were stopped: 0.0004910 seconds, Stopping threads took: 0.0000570 seconds
99.471: Application time: 0.0281380 seconds
99.471: [GC [PSYoungGen: 7102K->480K(7680K)] 12051K->5429K(25088K), 0.0003500 secs] [Times: user=0.00 sys=0.00, real=0.01 secs] 
99.471: Total time for which application threads were stopped: 0.0004470 seconds, Stopping threads took: 0.0000460 seconds
99.500: Application time: 0.0292420 seconds
99.500: [GC [PSYoungGen: 7132K->544K(7680K)] 12081K->5493K(25088K), 0.0003610 secs] [Times: user=0.01 sys=0.00, real=0.00 secs] 
99.501: Total time for which application threads were stopped: 0.0004740 seconds, Stopping threads took: 0.0000630 seconds
99.530: Application time: 0.0295510 seconds
99.530: [GC [PSYoungGen: 7198K->480K(7680K)] 12148K->5429K(25088K), 0.0003430 secs] [Times: user=0.00 sys=0.00, real=0.00 secs] 
99.531: Total time for which application threads were stopped: 0.0004410 seconds, Stopping threads took: 0.0000480 seconds
99.560: Application time: 0.0294750 seconds
99.560: [GC [PSYoungGen: 7134K->448K(7680K)] 12084K->5397K(25088K), 0.0003720 secs] [Times: user=0.00 sys=0.00, real=0.00 secs] 
99.561: Total time for which application threads were stopped: 0.0004740 seconds, Stopping threads took: 0.0000500 seconds
99.590: Application time: 0.0293420 seconds
99.590: [GC [PSYoungGen: 7102K->608K(7680K)] 12052K->5557K(25088K), 0.0003460 secs] [Times: user=0.01 sys=0.00, real=0.00 secs] 
99.591: Total time for which application threads were stopped: 0.0004510 seconds, Stopping threads took: 0.0000580 seconds
99.620: Application time: 0.0293570 seconds
99.620: [GC [PSYoungGen: 7262K->512K(7680K)] 12212K->5461K(25088K), 0.0003640 secs] [Times: user=0.00 sys=0.00, real=0.00 secs] 
99.620: Total time for which application threads were stopped: 0.0004520 seconds, Stopping threads took: 0.0000390 seconds
99.647: Application time: 0.0267400 seconds
99.647: [GC [PSYoungGen: 7165K->768K(7680K)] 12114K->5717K(25088K), 0.0003940 secs] [Times: user=0.00 sys=0.00, real=0.00 secs] 
99.648: Total time for which application threads were stopped: 0.0005030 seconds, Stopping threads took: 0.0000550 seconds
99.668: Application time: 0.0206300 seconds
99.668: [GC [PSYoungGen: 7420K->768K(7680K)] 12370K->5717K(25088K), 0.0003790 secs] [Times: user=0.00 sys=0.00, real=0.00 secs] 
99.669: Total time for which application threads were stopped: 0.0004850 seconds, Stopping threads took: 0.0000530 seconds
99.691: Application time: 0.0218250 seconds
99.691: [GC [PSYoungGen: 7422K->928K(7680K)] 12371K->5877K(25088K), 0.0004070 secs] [Times: user=0.00 sys=0.00, real=0.01 secs] 
99.691: Total time for which application threads were stopped: 0.0005000 seconds, Stopping threads took: 0.0000430 seconds
99.720: Application time: 0.0293490 seconds
99.721: [GC [PSYoungGen: 7582K->864K(7680K)] 12532K->5813K(25088K), 0.0004510 secs] [Times: user=0.00 sys=0.00, real=0.00 secs] 
99.721: Total time for which application threads were stopped: 0.0005450 seconds, Stopping threads took: 0.0000450 seconds
99.747: Application time: 0.0263110 seconds
99.748: [GC [PSYoungGen: 7515K->896K(7680K)] 12465K->5845K(25088K), 0.0005620 secs] [Times: user=0.00 sys=0.00, real=0.00 secs] 
99.748: Total time for which application threads were stopped: 0.0010430 seconds, Stopping threads took: 0.0004150 seconds
99.768: Application time: 0.0200550 seconds
99.769: [GC [PSYoungGen: 7548K->960K(7680K)] 12498K->5909K(25088K), 0.0004450 secs] [Times: user=0.00 sys=0.00, real=0.00 secs] 
99.769: Total time for which application threads were stopped: 0.0005620 seconds, Stopping threads took: 0.0000630 seconds
99.789: Application time: 0.0204560 seconds
99.790: [GC [PSYoungGen: 7613K->960K(7680K)] 12563K->5909K(25088K), 0.0005240 secs] [Times: user=0.00 sys=0.00, real=0.00 secs] 
99.790: Total time for which application threads were stopped: 0.0006250 seconds, Stopping threads took: 0.0000470 seconds
99.817: Application time: 0.0266230 seconds
99.819: [GC [PSYoungGen: 7615K->992K(7680K)] 12564K->5941K(25088K), 0.0004400 secs] [Times: user=0.00 sys=0.00, real=0.00 secs] 
99.820: Total time for which application threads were stopped: 0.0029290 seconds, Stopping threads took: 0.0024390 seconds
99.848: Application time: 0.0283260 seconds
99.848: [GC [PSYoungGen: 7646K->992K(7680K)] 12595K->5941K(25088K), 0.0004290 secs] [Times: user=0.00 sys=0.00, real=0.00 secs] 
99.848: Total time for which application threads were stopped: 0.0005260 seconds, Stopping threads took: 0.0000490 seconds
99.877: Application time: 0.0280490 seconds
99.877: [GC [PSYoungGen: 7644K->992K(7680K)] 12594K->5949K(25088K), 0.0004330 secs] [Times: user=0.00 sys=0.00, real=0.00 secs] 
99.877: Total time for which application threads were stopped: 0.0005220 seconds, Stopping threads took: 0.0000400 seconds
99.907: Application time: 0.0297270 seconds
99.907: [GC [PSYoungGen: 7646K->992K(7680K)] 12604K->5949K(25088K), 0.0004430 secs] [Times: user=0.00 sys=0.00, real=0.00 secs] 
99.907: Total time for which application threads were stopped: 0.0005410 seconds, Stopping threads took: 0.0000490 seconds
99.937: Application time: 0.0297780 seconds
99.937: [GC [PSYoungGen: 7646K->992K(7680K)] 12604K->5957K(25088K), 0.0004350 secs] [Times: user=0.00 sys=0.00, real=0.00 secs] 
99.938: Total time for which application threads were stopped: 0.0005290 seconds, Stopping threads took: 0.0000450 seconds
99.967: Application time: 0.0295230 seconds
99.967: [GC [PSYoungGen: 7646K->976K(7680K)] 12612K->5941K(25088K), 0.0004230 secs] [Times: user=0.00 sys=0.00, real=0.00 secs] 
99.968: Total time for which application threads were stopped: 0.0005230 seconds, Stopping threads took: 0.0000410 seconds
99.997: Application time: 0.0297030 seconds
99.997: [GC [PSYoungGen: 7630K->1008K(7680K)] 12596K->5973K(25088K), 0.0004680 secs] [Times: user=0.00 sys=0.00, real=0.00 secs] 
99.998: Total time for which application threads were stopped: 0.0005660 seconds, Stopping threads took: 0.0000490 seconds
100.024: Application time: 0.0262900 seconds
100.024: [GC [PSYoungGen: 7662K->1008K(7680K)] 12628K->6101K(25088K), 0.0004840 secs] [Times: user=0.00 sys=0.00, real=0.00 secs] 
100.025: Total time for which application threads were stopped: 0.0005840 seconds, Stopping threads took: 0.0000480 seconds
100.045: Application time: 0.0203300 seconds
100.045: [GC [PSYoungGen: 7661K->1008K(7680K)] 12755K->6165K(25088K), 0.0004170 secs] [Times: user=0.00 sys=0.00, real=0.00 secs] 
100.046: Total time for which application threads were stopped: 0.0005200 seconds, Stopping threads took: 0.0000550 seconds
100.067: Application time: 0.0216330 seconds
100.067: [GC [PSYoungGen: 7659K->1008K(7680K)] 12817K->6173K(25088K), 0.0004290 secs] [Times: user=0.00 sys=0.00, real=0.00 secs] 
100.068: Total time for which application threads were stopped: 0.0005320 seconds, Stopping threads took: 0.0000550 seconds
100.089: Application time: 0.0207680 seconds
100.089: [GC [PSYoungGen: 7660K->992K(7680K)] 12825K->6581K(25088K), 0.0004690 secs] [Times: user=0.00 sys=0.00, real=0.00 secs] 
100.089: Total time for which application threads were stopped: 0.0005670 seconds, Stopping threads took: 0.0000500 seconds
100.110: Application time: 0.0206740 seconds
100.110: [GC [PSYoungGen: 7645K->992K(7680K)] 13235K->6610K(25088K), 0.0004440 secs] [Times: user=0.01 sys=0.00, real=0.00 secs] 
100.110: Total time for which application threads were stopped: 0.0005370 seconds, Stopping threads took: 0.0000470 seconds
100.134: Application time: 0.0233830 seconds
100.134: [GC [PSYoungGen: 7647K->1008K(7680K)] 13265K->6882K(25088K), 0.0005320 secs] [Times: user=0.01 sys=0.00, real=0.00 secs] 
100.134: Total time for which application threads were stopped: 0.0006280 seconds, Stopping threads took: 0.0000480 seconds
100.159: Application time: 0.0248970 seconds
100.159: [GC [PSYoungGen: 7660K->1008K(7680K)] 13534K->7103K(25088K), 0.0004920 secs] [Times: user=0.00 sys=0.00, real=0.00 secs] 
100.160: Total time for which application threads were stopped: 0.0005930 seconds, Stopping threads took: 0.0000500 seconds
100.180: Application time: 0.0202790 seconds
100.180: [GC [PSYoungGen: 7661K->992K(7680K)] 13756K->7367K(25088K), 0.0005290 secs] [Times: user=0.00 sys=0.00, real=0.00 secs] 
100.181: Total time for which application threads were stopped: 0.0006180 seconds, Stopping threads took: 0.0000370 seconds
100.201: Application time: 0.0202690 seconds
100.201: [GC [PSYoungGen: 7645K->1008K(7680K)] 14020K->7671K(25088K), 0.0005010 secs] [Times: user=0.00 sys=0.00, real=0.00 secs] 
100.202: Total time for which application threads were stopped: 0.0006000 seconds, Stopping threads took: 0.0000500 seconds
100.231: Application time: 0.0288830 seconds
100.231: [GC [PSYoungGen: 7660K->992K(7680K)] 14323K->7739K(25088K), 0.0004120 secs] [Times: user=0.00 sys=0.00, real=0.00 secs] 
100.231: Total time for which application threads were stopped: 0.0005190 seconds, Stopping threads took: 0.0000540 seconds
100.257: Application time: 0.0261800 seconds
100.259: [GC [PSYoungGen: 7643K->1008K(7680K)] 14391K->7923K(25088K), 0.0004770 secs] [Times: user=0.00 sys=0.00, real=0.00 secs] 
100.260: Total time for which application threads were stopped: 0.0023650 seconds, Stopping threads took: 0.0018360 seconds
100.279: Application time: 0.0197060 seconds
100.279: [GC [PSYoungGen: 7663K->960K(7680K)] 14579K->8003K(25088K), 0.0004350 secs] [Times: user=0.00 sys=0.00, real=0.00 secs] 
100.280: Total time for which application threads were stopped: 0.0005670 seconds, Stopping threads took: 0.0000810 seconds
100.301: Application time: 0.0209390 seconds
100.301: [GC [PSYoungGen: 7614K->976K(7680K)] 14657K->8019K(25088K), 0.0003990 secs] [Times: user=0.00 sys=0.00, real=0.00 secs] 
100.301: Total time for which application threads were stopped: 0.0005000 seconds, Stopping threads took: 0.0000530 seconds
100.330: Application time: 0.0290080 seconds
100.330: [GC [PSYoungGen: 7628K->960K(7680K)] 14671K->8003K(25088K), 0.0004480 secs] [Times: user=0.00 sys=0.00, real=0.00 secs] 
100.331: Total time for which application threads were stopped: 0.0005460 seconds, Stopping threads took: 0.0000520 seconds
100.360: Application time: 0.0290640 seconds
100.363: [GC [PSYoungGen: 7612K->896K(7680K)] 14655K->7939K(25088K), 0.0004010 secs] [Times: user=0.00 sys=0.00, real=0.00 secs] 
100.364: Total time for which application threads were stopped: 0.0035860 seconds, Stopping threads took: 0.0031300 seconds
100.392: Application time: 0.0284690 seconds
100.392: [GC [PSYoungGen: 7548K->960K(7680K)] 14591K->8003K(25088K), 0.0004210 secs] [Times: user=0.00 sys=0.00, real=0.00 secs] 
100.393: Total time for which application threads were stopped: 0.0005320 seconds, Stopping threads took: 0.0000590 seconds
100.422: Application time: 0.0295130 seconds
100.422: [GC [PSYoungGen: 7614K->864K(7680K)] 14658K->7955K(25088K), 0.0004130 secs] [Times: user=0.00 sys=0.00, real=0.00 secs] 
100.423: Total time for which application threads were stopped: 0.0005020 seconds, Stopping threads took: 0.0000410 seconds
100.452: Application time: 0.0291130 seconds
100.452: [GC [PSYoungGen: 7518K->864K(7680K)] 14610K->7963K(25088K), 0.0003920 secs] [Times: user=0.00 sys=0.00, real=0.00 secs] 
100.452: Total time for which application threads were stopped: 0.0004940 seconds, Stopping threads took: 0.0000530 seconds
100.480: Application time: 0.0275350 seconds
100.480: [GC [PSYoungGen: 7518K->928K(7680K)] 14617K->8035K(25088K), 0.0004320 secs] [Times: user=0.00 sys=0.00, real=0.00 secs] 
100.480: Total time for which application threads were stopped: 0.0005390 seconds, Stopping threads took: 0.0000460 seconds
100.510: Application time: 0.0292520 seconds
100.510: [GC [PSYoungGen: 7582K->864K(7680K)] 14690K->8003K(25088K), 0.0004160 secs] [Times: user=0.01 sys=0.00, real=0.00 secs] 
100.510: Total time for which application threads were stopped: 0.0005190 seconds, Stopping threads took: 0.0000490 seconds
100.538: Application time: 0.0278100 seconds
100.538: [GC [PSYoungGen: 7517K->992K(7680K)] 14657K->8171K(25088K), 0.0004910 secs] [Times: user=0.00 sys=0.00, real=0.00 secs] 
100.538: Total time for which application threads were stopped: 0.0006010 seconds, Stopping threads took: 0.0000600 seconds
100.568: Application time: 0.0294890 seconds
100.568: [GC [PSYoungGen: 7646K->992K(7680K)] 14826K->8179K(25088K), 0.0004440 secs] [Times: user=0.00 sys=0.00, real=0.00 secs] 
100.569: Total time for which application threads were stopped: 0.0005700 seconds, Stopping threads took: 0.0000720 seconds
100.597: Application time: 0.0287560 seconds
100.597: [GC [PSYoungGen: 7645K->1008K(7680K)] 14833K->8203K(25088K), 0.0004100 secs] [Times: user=0.00 sys=0.00, real=0.00 secs] 
100.598: Total time for which application threads were stopped: 0.0005210 seconds, Stopping threads took: 0.0000580 seconds
100.628: Application time: 0.0298460 seconds
100.628: [GC [PSYoungGen: 7662K->928K(7680K)] 14858K->8240K(25088K), 0.0004870 secs] [Times: user=0.00 sys=0.00, real=0.00 secs] 
100.628: Total time for which application threads were stopped: 0.0005910 seconds, Stopping threads took: 0.0000440 seconds
100.658: Application time: 0.0297410 seconds
100.658: [GC [PSYoungGen: 7580K->896K(7680K)] 14892K->8208K(25088K), 0.0004100 secs] [Times: user=0.00 sys=0.00, real=0.00 secs] 
100.658: Total time for which application threads were stopped: 0.0005100 seconds, Stopping threads took: 0.0000490 seconds
100.688: Application time: 0.0296600 seconds
100.688: [GC [PSYoungGen: 7550K->928K(7680K)] 14863K->8240K(25088K), 0.0003960 secs] [Times: user=0.01 sys=0.00, real=0.00 secs] 
100.689: Total time for which application threads were stopped: 0.0004930 seconds, Stopping threads took: 0.0000460 seconds
100.717: Application time: 0.0280590 seconds
100.717: [GC [PSYoungGen: 7582K->928K(7680K)] 14894K->8288K(25088K), 0.0004050 secs] [Times: user=0.00 sys=0.00, real=0.00 secs] 
100.717: Total time for which application threads were stopped: 0.0004960 seconds, Stopping threads took: 0.0000390 seconds
100.747: Application time: 0.0297430 seconds
100.747: [GC [PSYoungGen: 7582K->800K(7680K)] 14943K->8160K(25088K), 0.0005340 secs] [Times: user=0.00 sys=0.00, real=0.00 secs] 
100.748: Total time for which application threads were stopped: 0.0006420 seconds, Stopping threads took: 0.0000540 seconds
100.778: Application time: 0.0301010 seconds
100.778: [GC [PSYoungGen: 7452K->928K(7680K)] 14812K->8288K(25088K), 0.0004330 secs] [Times: user=0.00 sys=0.00, real=0.00 secs] 
100.778: Total time for which application threads were stopped: 0.0005430 seconds, Stopping threads took: 0.0000540 seconds
100.808: Application time: 0.0299830 seconds
100.808: [GC [PSYoungGen: 7582K->864K(7680K)] 14943K->8224K(25088K), 0.0004060 secs] [Times: user=0.00 sys=0.00, real=0.00 secs] 
100.809: Total time for which application threads were stopped: 0.0004970 seconds, Stopping threads took: 0.0000440 seconds
100.839: Application time: 0.0298060 seconds
100.839: [GC [PSYoungGen: 7518K->832K(7680K)] 14879K->8200K(25088K), 0.0003880 secs] [Times: user=0.00 sys=0.00, real=0.00 secs] 
100.839: Total time for which application threads were stopped: 0.0004930 seconds, Stopping threads took: 0.0000530 seconds
100.869: Application time: 0.0300080 seconds
100.869: [GC [PSYoungGen: 7486K->992K(7680K)] 14855K->8360K(25088K), 0.0004250 secs] [Times: user=0.00 sys=0.00, real=0.00 secs] 
100.870: Total time for which application threads were stopped: 0.0005190 seconds, Stopping threads took: 0.0000430 seconds
100.899: Application time: 0.0296850 seconds
100.903: [GC [PSYoungGen: 7646K->864K(7680K)] 15015K->8232K(25088K), 0.0004130 secs] [Times: user=0.00 sys=0.00, real=0.00 secs] 
100.904: Total time for which application threads were stopped: 0.0043420 seconds, Stopping threads took: 0.0038690 seconds
100.934: Application time: 0.0299600 seconds
100.934: [GC [PSYoungGen: 7518K->672K(7680K)] 14887K->8260K(25088K), 0.0004250 secs] [Times: user=0.00 sys=0.00, real=0.00 secs] 
100.934: Total time for which application threads were stopped: 0.0005320 seconds, Stopping threads took: 0.0000550 seconds
100.964: Application time: 0.0297120 seconds
100.964: [GC [PSYoungGen: 7326K->704K(7680K)] 14915K->8292K(25088K), 0.0003580 secs] [Times: user=0.00 sys=0.00, real=0.00 secs] 
100.964: Total time for which application threads were stopped: 0.0004620 seconds, Stopping threads took: 0.0000480 seconds
100.994: Application time: 0.0297670 seconds
100.994: [GC [PSYoungGen: 7358K->544K(7680K)] 14947K->8340K(25088K), 0.0003590 secs] [Times: user=0.01 sys=0.00, real=0.00 secs] 
100.994: Total time for which application threads were stopped: 0.0004590 seconds, Stopping threads took: 0.0000390 seconds
101.024: Application time: 0.0296670 seconds
101.024: [GC [PSYoungGen: 7198K->512K(7680K)] 14995K->8308K(25088K), 0.0003120 secs] [Times: user=0.00 sys=0.00, real=0.00 secs] 
101.025: Total time for which application threads were stopped: 0.0004010 seconds, Stopping threads took: 0.0000430 seconds
101.054: Application time: 0.0296950 seconds
101.054: [GC [PSYoungGen: 7166K->480K(7680K)] 14963K->8276K(25088K), 0.0003450 secs] [Times: user=0.00 sys=0.00, real=0.00 secs] 
101.055: Total time for which application threads were stopped: 0.0004360 seconds, Stopping threads took: 0.0000430 seconds
101.084: Application time: 0.0295740 seconds
101.084: [GC [PSYoungGen: 7134K->320K(7680K)] 14931K->8465K(25088K), 0.0003620 secs] [Times: user=0.00 sys=0.00, real=0.00 secs] 
101.085: Total time for which application threads were stopped: 0.0004670 seconds, Stopping threads took: 0.0000550 seconds
101.111: Application time: 0.0262730 seconds
101.111: [GC [PSYoungGen: 6974K->512K(7680K)] 15119K->8657K(25088K), 0.0003930 secs] [Times: user=0.00 sys=0.00, real=0.00 secs] 
101.111: Total time for which application threads were stopped: 0.0004840 seconds, Stopping threads took: 0.0000430 seconds
101.132: Application time: 0.0207900 seconds
101.132: [GC [PSYoungGen: 7168K->512K(7680K)] 15313K->8657K(25088K), 0.0003630 secs] [Times: user=0.00 sys=0.00, real=0.00 secs] 
101.133: Total time for which application threads were stopped: 0.0004410 seconds, Stopping threads took: 0.0000330 seconds
101.152: Application time: 0.0190040 seconds
101.152: [GC [PSYoungGen: 7164K->512K(7680K)] 15309K->8881K(25088K), 0.0004670 secs] [Times: user=0.00 sys=0.00, real=0.00 secs] 
101.152: Total time for which application threads were stopped: 0.0005720 seconds, Stopping threads took: 0.0000530 seconds
101.173: Application time: 0.0203210 seconds
101.173: [GC [PSYoungGen: 7164K->544K(7680K)] 15534K->8913K(25088K), 0.0003520 secs] [Times: user=0.00 sys=0.00, real=0.00 secs] 
101.173: Total time for which application threads were stopped: 0.0004490 seconds, Stopping threads took: 0.0000460 seconds
101.196: Application time: 0.0230470 seconds
101.196: [GC [PSYoungGen: 7195K->544K(7680K)] 15565K->8913K(25088K), 0.0003600 secs] [Times: user=0.01 sys=0.00, real=0.00 secs] 
101.197: Total time for which application threads were stopped: 0.0004580 seconds, Stopping threads took: 0.0000490 seconds
101.225: Application time: 0.0279920 seconds
101.225: [GC [PSYoungGen: 7195K->576K(7680K)] 15565K->8945K(25088K), 0.0003700 secs] [Times: user=0.00 sys=0.00, real=0.00 secs] 
101.225: Total time for which application threads were stopped: 0.0004670 seconds, Stopping threads took: 0.0000460 seconds
101.253: Application time: 0.0282310 seconds
101.253: [GC [PSYoungGen: 7228K->544K(7680K)] 15597K->8913K(25088K), 0.0004110 secs] [Times: user=0.00 sys=0.00, real=0.00 secs] 
101.254: Total time for which application threads were stopped: 0.0005060 seconds, Stopping threads took: 0.0000450 seconds
101.283: Application time: 0.0293970 seconds
101.283: [GC [PSYoungGen: 7198K->480K(7680K)] 15568K->8849K(25088K), 0.0004170 secs] [Times: user=0.00 sys=0.00, real=0.00 secs] 
101.284: Total time for which application threads were stopped: 0.0005160 seconds, Stopping threads took: 0.0000520 seconds
101.313: Application time: 0.0294100 seconds
101.313: [GC [PSYoungGen: 7134K->512K(7680K)] 15504K->8881K(25088K), 0.0003670 secs] [Times: user=0.00 sys=0.00, real=0.00 secs] 
101.314: Total time for which application threads were stopped: 0.0004570 seconds, Stopping threads took: 0.0000420 seconds
101.343: Application time: 0.0297510 seconds
101.343: [GC [PSYoungGen: 7164K->480K(7680K)] 15533K->8849K(25088K), 0.0003450 secs] [Times: user=0.00 sys=0.00, real=0.00 secs] 
101.344: Total time for which application threads were stopped: 0.0004340 seconds, Stopping threads took: 0.0000400 seconds
101.373: Application time: 0.0293420 seconds
101.373: [GC [PSYoungGen: 7134K->512K(7680K)] 15504K->8881K(25088K), 0.0003760 secs] [Times: user=0.00 sys=0.00, real=0.00 secs] 
101.374: Total time for which application threads were stopped: 0.0004730 seconds, Stopping threads took: 0.0000510 seconds
101.399: Application time: 0.0250320 seconds
101.399: [GC [PSYoungGen: 7164K->704K(7680K)] 15534K->9073K(25088K), 0.0003700 secs] [Times: user=0.00 sys=0.00, real=0.01 secs] 
101.399: Total time for which application threads were stopped: 0.0004880 seconds, Stopping threads took: 0.0000670 seconds
101.420: Application time: 0.0207670 seconds
101.420: [GC [PSYoungGen: 7356K->704K(7680K)] 15725K->9073K(25088K), 0.0003740 secs] [Times: user=0.01 sys=0.00, real=0.00 secs] 
101.420: Total time for which application threads were stopped: 0.0004770 seconds, Stopping threads took: 0.0000550 seconds
101.443: Application time: 0.0221780 seconds
101.443: [GC [PSYoungGen: 7357K->704K(7680K)] 15727K->9073K(25088K), 0.0004000 secs] [Times: user=0.00 sys=0.00, real=0.00 secs] 
101.443: Total time for which application threads were stopped: 0.0004970 seconds, Stopping threads took: 0.0000500 seconds
101.472: Application time: 0.0289640 seconds
101.472: [GC [PSYoungGen: 7358K->736K(7680K)] 15727K->9105K(25088K), 0.0004180 secs] [Times: user=0.00 sys=0.00, real=0.00 secs] 
101.473: Total time for which application threads were stopped: 0.0005240 seconds, Stopping threads took: 0.0000570 seconds
101.499: Application time: 0.0264420 seconds
101.499: [GC [PSYoungGen: 7387K->960K(7680K)] 15757K->9329K(25088K), 0.0004060 secs] [Times: user=0.00 sys=0.00, real=0.01 secs] 
101.499: Total time for which application threads were stopped: 0.0005040 seconds, Stopping threads took: 0.0000420 seconds
101.519: Application time: 0.0199370 seconds
101.519: [GC [PSYoungGen: 7612K->896K(7680K)] 15982K->9265K(25088K), 0.0004550 secs] [Times: user=0.00 sys=0.00, real=0.00 secs] 
101.520: Total time for which application threads were stopped: 0.0005610 seconds, Stopping threads took: 0.0000530 seconds
101.540: Application time: 0.0204660 seconds
101.541: [GC [PSYoungGen: 7549K->768K(7680K)] 15919K->9137K(25088K), 0.0004450 secs] [Times: user=0.00 sys=0.00, real=0.00 secs] 
101.541: Total time for which application threads were stopped: 0.0005480 seconds, Stopping threads took: 0.0000560 seconds
101.568: Application time: 0.0270470 seconds
101.568: [GC [PSYoungGen: 7421K->960K(7680K)] 15790K->9329K(25088K), 0.0004190 secs] [Times: user=0.00 sys=0.00, real=0.00 secs] 
101.569: Total time for which application threads were stopped: 0.0005320 seconds, Stopping threads took: 0.0000610 seconds
101.596: Application time: 0.0270470 seconds
101.596: [GC [PSYoungGen: 7614K->992K(7680K)] 15984K->9361K(25088K), 0.0004850 secs] [Times: user=0.01 sys=0.00, real=0.00 secs] 
101.596: Total time for which application threads were stopped: 0.0005760 seconds, Stopping threads took: 0.0000420 seconds
101.624: Application time: 0.0279780 seconds
101.624: [GC [PSYoungGen: 7644K->992K(7680K)] 16013K->9369K(25088K), 0.0005110 secs] [Times: user=0.00 sys=0.00, real=0.00 secs] 
101.625: Total time for which application threads were stopped: 0.0006090 seconds, Stopping threads took: 0.0000480 seconds
101.654: Application time: 0.0295550 seconds
101.654: [GC [PSYoungGen: 7646K->992K(7680K)] 16024K->9369K(25088K), 0.0004950 secs] [Times: user=0.01 sys=0.00, real=0.00 secs] 
101.655: Total time for which application threads were stopped: 0.0005990 seconds, Stopping threads took: 0.0000560 seconds
101.685: Application time: 0.0298940 seconds
101.685: [GC [PSYoungGen: 7644K->1008K(7680K)] 16021K->9401K(25088K), 0.0004410 secs] [Times: user=0.00 sys=0.00, real=0.00 secs] 
101.685: Total time for which application threads were stopped: 0.0005580 seconds, Stopping threads took: 0.0000660 seconds
101.715: Application time: 0.0294430 seconds
101.715: [GC [PSYoungGen: 7662K->960K(7680K)] 16056K->9353K(25088K), 0.0004370 secs] [Times: user=0.00 sys=0.00, real=0.00 secs] 
101.715: Total time for which application threads were stopped: 0.0005320 seconds, Stopping threads took: 0.0000460 seconds
101.745: Application time: 0.0300830 seconds
101.746: [GC [PSYoungGen: 7611K->1008K(7680K)] 16005K->9417K(25088K), 0.0005060 secs] [Times: user=0.00 sys=0.00, real=0.00 secs] 
101.747: Total time for which application threads were stopped: 0.0016240 seconds, Stopping threads took: 0.0000550 seconds
101.776: Application time: 0.0289100 seconds
101.776: [GC [PSYoungGen: 7660K->992K(7680K)] 16070K->9553K(25088K), 0.0005390 secs] [Times: user=0.00 sys=0.00, real=0.00 secs] 
101.777: Total time for which application threads were stopped: 0.0006970 seconds, Stopping threads took: 0.0001010 seconds
101.797: Application time: 0.0205380 seconds
101.797: [GC [PSYoungGen: 7645K->1008K(7680K)] 16206K->9617K(25088K), 0.0004560 secs] [Times: user=0.00 sys=0.00, real=0.00 secs] 
101.798: Total time for which application threads were stopped: 0.0005640 seconds, Stopping threads took: 0.0000500 seconds
101.819: Application time: 0.0212150 seconds
101.819: [GC [PSYoungGen: 7663K->992K(7680K)] 16273K->9641K(25088K), 0.0004340 secs] [Times: user=0.00 sys=0.00, real=0.00 secs] 
101.820: Total time for which application threads were stopped: 0.0005410 seconds, Stopping threads took: 0.0000540 seconds
101.840: Application time: 0.0203790 seconds
101.840: [GC [PSYoungGen: 7647K->992K(7680K)] 16297K->9965K(25088K), 0.0004930 secs] [Times: user=0.00 sys=0.00, real=0.00 secs] 
101.841: Total time for which application threads were stopped: 0.0005930 seconds, Stopping threads took: 0.0000480 seconds
101.861: Application time: 0.0205580 seconds
101.861: [GC [PSYoungGen: 7647K->992K(7680K)] 16621K->10221K(25088K), 0.0004800 secs] [Times: user=0.00 sys=0.00, real=0.00 secs] 
101.862: Total time for which application threads were stopped: 0.0005830 seconds, Stopping threads took: 0.0000500 seconds
101.885: Application time: 0.0231670 seconds
101.885: [GC [PSYoungGen: 7646K->1008K(7680K)] 16875K->10373K(25088K), 0.0004450 secs] [Times: user=0.00 sys=0.00, real=0.00 secs] 
101.885: Total time for which application threads were stopped: 0.0005360 seconds, Stopping threads took: 0.0000400 seconds
101.910: Application time: 0.0249490 seconds
101.910: [GC [PSYoungGen: 7659K->1008K(7680K)] 17025K->10590K(25088K), 0.0005610 secs] [Times: user=0.00 sys=0.00, real=0.00 secs] 
101.911: Total time for which application threads were stopped: 0.0006590 seconds, Stopping threads took: 0.0000450 seconds
101.931: Application time: 0.0203360 seconds
101.931: [GC [PSYoungGen: 7662K->992K(7680K)] 17245K->10710K(25088K), 0.0004590 secs] [Times: user=0.00 sys=0.00, real=0.00 secs] 
101.932: Total time for which application threads were stopped: 0.0005470 seconds, Stopping threads took: 0.0000390 seconds
101.950: Application time: 0.0185040 seconds
101.950: [GC [PSYoungGen: 7646K->992K(7680K)] 17365K->10923K(25088K), 0.0005140 secs] [Times: user=0.00 sys=0.00, real=0.00 secs] 
101.951: Total time for which application threads were stopped: 0.0006370 seconds, Stopping threads took: 0.0000730 seconds
101.980: Application time: 0.0287790 seconds
101.980: [GC [PSYoungGen: 7644K->992K(7680K)] 17575K->11000K(25088K), 0.0004400 secs] [Times: user=0.00 sys=0.00, real=0.00 secs] 
101.980: Total time for which application threads were stopped: 0.0005590 seconds, Stopping threads took: 0.0000580 seconds
102.006: Application time: 0.0259010 seconds
102.007: [GC [PSYoungGen: 7646K->992K(7680K)] 17654K->11152K(25088K), 0.0004240 secs] [Times: user=0.00 sys=0.00, real=0.00 secs] 
102.008: Total time for which application threads were stopped: 0.0013330 seconds, Stopping threads took: 0.0008470 seconds
102.028: Application time: 0.0202190 seconds
102.028: [GC [PSYoungGen: 7646K->992K(7680K)] 17806K->11320K(25088K), 0.0004560 secs] [Times: user=0.00 sys=0.00, real=0.00 secs] 
102.028: Total time for which application threads were stopped: 0.0005560 seconds, Stopping threads took: 0.0000480 seconds
102.049: Application time: 0.0211260 seconds
102.050: [GC [PSYoungGen: 7644K->992K(7680K)] 17971K->11504K(25088K), 0.0004430 secs] [Times: user=0.00 sys=0.00, real=0.00 secs] 
102.050: Total time for which application threads were stopped: 0.0005490 seconds, Stopping threads took: 0.0000500 seconds
102.079: Application time: 0.0289380 seconds
102.079: [GC [PSYoungGen: 7644K->992K(7680K)] 18156K->11520K(25088K), 0.0004420 secs] [Times: user=0.00 sys=0.01, real=0.01 secs] 
102.080: Total time for which application threads were stopped: 0.0005440 seconds, Stopping threads took: 0.0000500 seconds
102.108: Application time: 0.0288310 seconds
102.108: [GC [PSYoungGen: 7644K->992K(7680K)] 18172K->11528K(25088K), 0.0004770 secs] [Times: user=0.00 sys=0.00, real=0.00 secs] 
102.109: Total time for which application threads were stopped: 0.0005810 seconds, Stopping threads took: 0.0000520 seconds
102.138: Application time: 0.0292730 seconds
102.138: [GC [PSYoungGen: 7644K->992K(7680K)] 18180K->11536K(25088K), 0.0004650 secs] [Times: user=0.00 sys=0.00, real=0.00 secs] 
102.139: Total time for which application threads were stopped: 0.0005810 seconds, Stopping threads took: 0.0000600 seconds
102.168: Application time: 0.0291830 seconds
102.168: [GC [PSYoungGen: 7646K->992K(7680K)] 18191K->11552K(25088K), 0.0004240 secs] [Times: user=0.00 sys=0.00, real=0.00 secs] 
102.169: Total time for which application threads were stopped: 0.0005360 seconds, Stopping threads took: 0.0000550 seconds
102.198: Application time: 0.0293170 seconds
102.198: [GC [PSYoungGen: 7644K->992K(7680K)] 18204K->11560K(25088K), 0.0004070 secs] [Times: user=0.01 sys=0.00, real=0.00 secs] 
102.198: Total time for which application threads were stopped: 0.0005310 seconds, Stopping threads took: 0.0000700 seconds
102.226: Application time: 0.0277580 seconds
102.226: [GC [PSYoungGen: 7646K->992K(7680K)] 18214K->11760K(25088K), 0.0004960 secs] [Times: user=0.00 sys=0.00, real=0.00 secs] 
102.227: Total time for which application threads were stopped: 0.0005890 seconds, Stopping threads took: 0.0000430 seconds
102.257: Application time: 0.0301060 seconds
102.259: [GC [PSYoungGen: 7646K->816K(7680K)] 18414K->11813K(25088K), 0.0004640 secs] [Times: user=0.00 sys=0.00, real=0.00 secs] 
102.260: Total time for which application threads were stopped: 0.0028190 seconds, Stopping threads took: 0.0023040 seconds
102.288: Application time: 0.0286210 seconds
102.288: [GC [PSYoungGen: 7468K->960K(7680K)] 18465K->11981K(25088K), 0.0004610 secs] [Times: user=0.00 sys=0.00, real=0.00 secs] 
102.289: Total time for which application threads were stopped: 0.0005890 seconds, Stopping threads took: 0.0000770 seconds
102.317: Application time: 0.0285400 seconds
102.317: [GC [PSYoungGen: 7613K->864K(7680K)] 18634K->12077K(25088K), 0.0004270 secs] [Times: user=0.00 sys=0.00, real=0.00 secs] 
102.318: Total time for which application threads were stopped: 0.0005240 seconds, Stopping threads took: 0.0000470 seconds
102.347: Application time: 0.0294920 seconds
102.347: [GC [PSYoungGen: 7516K->832K(7680K)] 18729K->12045K(25088K), 0.0003990 secs] [Times: user=0.00 sys=0.00, real=0.00 secs] 
102.348: Total time for which application threads were stopped: 0.0005030 seconds, Stopping threads took: 0.0000530 seconds
102.376: Application time: 0.0277540 seconds
102.376: [GC [PSYoungGen: 7485K->800K(7680K)] 18698K->12369K(25088K), 0.0004500 secs] [Times: user=0.00 sys=0.00, real=0.00 secs] 
102.376: Total time for which application threads were stopped: 0.0005490 seconds, Stopping threads took: 0.0000500 seconds
102.406: Application time: 0.0295320 seconds
102.406: [GC [PSYoungGen: 7454K->768K(7680K)] 19024K->12337K(25088K), 0.0003820 secs] [Times: user=0.00 sys=0.00, real=0.00 secs] 
102.406: Total time for which application threads were stopped: 0.0004880 seconds, Stopping threads took: 0.0000580 seconds
102.435: Application time: 0.0286830 seconds
102.435: [GC [PSYoungGen: 7420K->800K(7680K)] 18989K->12369K(25088K), 0.0003650 secs] [Times: user=0.00 sys=0.00, real=0.00 secs] 
102.435: Total time for which application threads were stopped: 0.0004790 seconds, Stopping threads took: 0.0000600 seconds
102.465: Application time: 0.0290940 seconds
102.465: [GC [PSYoungGen: 7455K->736K(7680K)] 19025K->12369K(25088K), 0.0003800 secs] [Times: user=0.00 sys=0.00, real=0.00 secs] 
102.465: Total time for which application threads were stopped: 0.0004660 seconds, Stopping threads took: 0.0000400 seconds
102.495: Application time: 0.0299940 seconds
102.495: [GC [PSYoungGen: 7390K->832K(7680K)] 19024K->12465K(25088K), 0.0003940 secs] [Times: user=0.00 sys=0.00, real=0.00 secs] 
102.495: Total time for which application threads were stopped: 0.0004870 seconds, Stopping threads took: 0.0000430 seconds
102.525: Application time: 0.0300260 seconds
102.526: [GC [PSYoungGen: 7486K->704K(7680K)] 19120K->12337K(25088K), 0.0004120 secs] [Times: user=0.01 sys=0.00, real=0.00 secs] 
102.526: Total time for which application threads were stopped: 0.0005290 seconds, Stopping threads took: 0.0000560 seconds
102.556: Application time: 0.0299610 seconds
102.556: [GC [PSYoungGen: 7358K->704K(7680K)] 18992K->12337K(25088K), 0.0003630 secs] [Times: user=0.00 sys=0.00, real=0.00 secs] 
102.556: Total time for which application threads were stopped: 0.0004620 seconds, Stopping threads took: 0.0000500 seconds
102.586: Application time: 0.0297560 seconds
102.586: [GC [PSYoungGen: 7358K->736K(7680K)] 18992K->12369K(25088K), 0.0003710 secs] [Times: user=0.00 sys=0.00, real=0.00 secs] 
102.587: Total time for which application threads were stopped: 0.0004650 seconds, Stopping threads took: 0.0000460 seconds
102.617: Application time: 0.0298910 seconds
102.617: [GC [PSYoungGen: 7390K->736K(7680K)] 19024K->12369K(25088K), 0.0004420 secs] [Times: user=0.00 sys=0.00, real=0.00 secs] 
102.617: Total time for which application threads were stopped: 0.0005420 seconds, Stopping threads took: 0.0000500 seconds
102.647: Application time: 0.0298030 seconds
102.647: [GC [PSYoungGen: 7390K->768K(7680K)] 19024K->12401K(25088K), 0.0003470 secs] [Times: user=0.00 sys=0.00, real=0.00 secs] 
102.647: Total time for which application threads were stopped: 0.0004550 seconds, Stopping threads took: 0.0000550 seconds
102.678: Application time: 0.0310240 seconds
102.678: [GC [PSYoungGen: 7422K->704K(7680K)] 19056K->12398K(25088K), 0.0004140 secs] [Times: user=0.00 sys=0.00, real=0.00 secs] 
102.679: Total time for which application threads were stopped: 0.0005230 seconds, Stopping threads took: 0.0000540 seconds
102.709: Application time: 0.0301280 seconds
102.709: [GC [PSYoungGen: 7358K->672K(7680K)] 19053K->12366K(25088K), 0.0004110 secs] [Times: user=0.00 sys=0.00, real=0.00 secs] 
102.710: Total time for which application threads were stopped: 0.0005150 seconds, Stopping threads took: 0.0000480 seconds
102.739: Application time: 0.0298850 seconds
102.740: [GC [PSYoungGen: 7326K->832K(7680K)] 19021K->12526K(25088K), 0.0003910 secs] [Times: user=0.01 sys=0.00, real=0.00 secs] 
102.740: Total time for which application threads were stopped: 0.0004940 seconds, Stopping threads took: 0.0000520 seconds
102.770: Application time: 0.0302270 seconds
102.770: [GC [PSYoungGen: 7486K->480K(7680K)] 19181K->12378K(25088K), 0.0004440 secs] [Times: user=0.00 sys=0.00, real=0.00 secs] 
102.771: Total time for which application threads were stopped: 0.0005630 seconds, Stopping threads took: 0.0000600 seconds
102.800: Application time: 0.0295740 seconds
102.800: [GC [PSYoungGen: 7134K->480K(7680K)] 19033K->12378K(25088K), 0.0004500 secs] [Times: user=0.00 sys=0.00, real=0.00 secs] 
102.801: Total time for which application threads were stopped: 0.0005500 seconds, Stopping threads took: 0.0000510 seconds
102.831: Application time: 0.0297640 seconds
102.831: [GC [PSYoungGen: 7132K->352K(7680K)] 19031K->12471K(25088K), 0.0003470 secs] [Times: user=0.01 sys=0.00, real=0.00 secs] 
102.831: Total time for which application threads were stopped: 0.0004350 seconds, Stopping threads took: 0.0000390 seconds
102.856: Application time: 0.0251620 seconds
102.856: [GC [PSYoungGen: 7004K->512K(7680K)] 19123K->12631K(25088K), 0.0003740 secs] [Times: user=0.00 sys=0.00, real=0.00 secs] 
102.857: Total time for which application threads were stopped: 0.0004740 seconds, Stopping threads took: 0.0000540 seconds
102.877: Application time: 0.0207550 seconds
102.878: [GC [PSYoungGen: 7167K->544K(7680K)] 19286K->12671K(25088K), 0.0003450 secs] [Times: user=0.00 sys=0.00, real=0.00 secs] 
102.878: Total time for which application threads were stopped: 0.0004370 seconds, Stopping threads took: 0.0000430 seconds
102.895: Application time: 0.0174010 seconds
102.895: [GC [PSYoungGen: 7114K->416K(7680K)] 19241K->12763K(25088K), 0.0003740 secs] [Times: user=0.00 sys=0.00, real=0.00 secs] 
102.896: Total time for which application threads were stopped: 0.0004790 seconds, Stopping threads took: 0.0000570 seconds
102.916: Application time: 0.0204780 seconds
102.916: [GC [PSYoungGen: 7069K->480K(7680K)] 19417K->12827K(25088K), 0.0003610 secs] [Times: user=0.00 sys=0.00, real=0.00 secs] 
102.917: Total time for which application threads were stopped: 0.0004490 seconds, Stopping threads took: 0.0000380 seconds
102.941: Application time: 0.0238210 seconds
102.941: [GC [PSYoungGen: 7133K->672K(7680K)] 19481K->13019K(25088K), 0.0004380 secs] [Times: user=0.00 sys=0.00, real=0.00 secs] 
102.941: Total time for which application threads were stopped: 0.0005290 seconds, Stopping threads took: 0.0000410 seconds
102.969: Application time: 0.0283360 seconds
102.969: [GC [PSYoungGen: 7323K->544K(7680K)] 19671K->12891K(25088K), 0.0003490 secs] [Times: user=0.00 sys=0.00, real=0.00 secs] 
102.970: Total time for which application threads were stopped: 0.0004630 seconds, Stopping threads took: 0.0000640 seconds
102.998: Application time: 0.0283130 seconds
102.998: [GC [PSYoungGen: 7196K->544K(7680K)] 19544K->12891K(25088K), 0.0003720 secs] [Times: user=0.00 sys=0.00, real=0.00 secs] 
102.999: Total time for which application threads were stopped: 0.0004630 seconds, Stopping threads took: 0.0000430 seconds
103.028: Application time: 0.0294930 seconds
103.028: [GC [PSYoungGen: 7198K->448K(7680K)] 19546K->12795K(25088K), 0.0004120 secs] [Times: user=0.00 sys=0.00, real=0.00 secs] 
103.029: Total time for which application threads were stopped: 0.0005080 seconds, Stopping threads took: 0.0000400 seconds
103.058: Application time: 0.0293980 seconds
103.058: [GC [PSYoungGen: 7102K->544K(7680K)] 19450K->12891K(25088K), 0.0003630 secs] [Times: user=0.01 sys=0.00, real=0.00 secs] 
103.059: Total time for which application threads were stopped: 0.0004810 seconds, Stopping threads took: 0.0000700 seconds
103.088: Application time: 0.0298210 seconds
103.088: [GC [PSYoungGen: 7198K->544K(7680K)] 19546K->12891K(25088K), 0.0003580 secs] [Times: user=0.01 sys=0.00, real=0.00 secs] 
103.089: Total time for which application threads were stopped: 0.0004570 seconds, Stopping threads took: 0.0000510 seconds
103.118: Application time: 0.0293800 seconds
103.118: [GC [PSYoungGen: 7198K->512K(7680K)] 19546K->12859K(25088K), 0.0003610 secs] [Times: user=0.00 sys=0.00, real=0.00 secs] 
103.119: Total time for which application threads were stopped: 0.0004580 seconds, Stopping threads took: 0.0000500 seconds
103.142: Application time: 0.0231880 seconds
103.142: [GC [PSYoungGen: 7164K->768K(7680K)] 19512K->13115K(25088K), 0.0004330 secs] [Times: user=0.01 sys=0.00, real=0.00 secs] 
103.142: Total time for which application threads were stopped: 0.0005410 seconds, Stopping threads took: 0.0000480 seconds
103.164: Application time: 0.0213770 seconds
103.164: [GC [PSYoungGen: 7421K->704K(7680K)] 19769K->13051K(25088K), 0.0003790 secs] [Times: user=0.00 sys=0.00, real=0.00 secs] 
103.164: Total time for which application threads were stopped: 0.0004840 seconds, Stopping threads took: 0.0000560 seconds
103.188: Application time: 0.0234500 seconds
103.188: [GC [PSYoungGen: 7360K->704K(7680K)] 19707K->13051K(25088K), 0.0003710 secs] [Times: user=0.00 sys=0.00, real=0.00 secs] 
103.188: Total time for which application threads were stopped: 0.0004730 seconds, Stopping threads took: 0.0000530 seconds
103.217: Application time: 0.0290140 seconds
103.217: [GC [PSYoungGen: 7356K->704K(7680K)] 19704K->13051K(25088K), 0.0003800 secs] [Times: user=0.00 sys=0.00, real=0.00 secs] 
103.218: Total time for which application threads were stopped: 0.0004800 seconds, Stopping threads took: 0.0000500 seconds
103.244: Application time: 0.0259120 seconds
103.244: [GC [PSYoungGen: 7355K->976K(7680K)] 19703K->13452K(25088K), 0.0004270 secs] [Times: user=0.00 sys=0.00, real=0.00 secs] 
103.244: Total time for which application threads were stopped: 0.0005410 seconds, Stopping threads took: 0.0000630 seconds
103.265: Application time: 0.0205390 seconds
103.265: [GC [PSYoungGen: 7630K->992K(7680K)] 20106K->13468K(25088K), 0.0004340 secs] [Times: user=0.01 sys=0.00, real=0.00 secs] 
103.265: Total time for which application threads were stopped: 0.0005320 seconds, Stopping threads took: 0.0000480 seconds
103.287: Application time: 0.0218550 seconds
103.287: [GC [PSYoungGen: 7648K->928K(7680K)] 20123K->13404K(25088K), 0.0004240 secs] [Times: user=0.00 sys=0.00, real=0.00 secs] 
103.288: Total time for which application threads were stopped: 0.0005180 seconds, Stopping threads took: 0.0000440 seconds
103.314: Application time: 0.0269290 seconds
103.315: [GC [PSYoungGen: 7582K->992K(7680K)] 20058K->13468K(25088K), 0.0004220 secs] [Times: user=0.01 sys=0.00, real=0.00 secs] 
103.315: Total time for which application threads were stopped: 0.0005330 seconds, Stopping threads took: 0.0000600 seconds
103.342: Application time: 0.0273650 seconds
103.342: [GC [PSYoungGen: 7646K->992K(7680K)] 20122K->13468K(25088K), 0.0004400 secs] [Times: user=0.00 sys=0.00, real=0.00 secs] 
103.343: Total time for which application threads were stopped: 0.0005470 seconds, Stopping threads took: 0.0000520 seconds
103.371: Application time: 0.0281200 seconds
103.371: [GC [PSYoungGen: 7644K->1008K(7680K)] 20120K->13484K(25088K), 0.0004470 secs] [Times: user=0.01 sys=0.00, real=0.00 secs] 
103.372: Total time for which application threads were stopped: 0.0005460 seconds, Stopping threads took: 0.0000490 seconds
103.401: Application time: 0.0296200 seconds
103.403: [GC [PSYoungGen: 7660K->960K(7680K)] 20136K->13436K(25088K), 0.0004610 secs] [Times: user=0.00 sys=0.00, real=0.00 secs] 
103.404: Total time for which application threads were stopped: 0.0023790 seconds, Stopping threads took: 0.0018620 seconds
103.433: Application time: 0.0296200 seconds
103.433: [GC [PSYoungGen: 7614K->992K(7680K)] 20090K->13492K(25088K), 0.0004900 secs] [Times: user=0.00 sys=0.00, real=0.00 secs] 
103.434: Total time for which application threads were stopped: 0.0005970 seconds, Stopping threads took: 0.0000580 seconds
103.463: Application time: 0.0296550 seconds
103.464: [GC [PSYoungGen: 7646K->992K(7680K)] 20146K->13492K(25088K), 0.0004530 secs] [Times: user=0.00 sys=0.00, real=0.00 secs] 
103.464: Total time for which application threads were stopped: 0.0005550 seconds, Stopping threads took: 0.0000470 seconds
103.494: Application time: 0.0297080 seconds
103.494: [GC [PSYoungGen: 7646K->1008K(7680K)] 20146K->13508K(25088K), 0.0004110 secs] [Times: user=0.01 sys=0.00, real=0.00 secs] 
103.494: Total time for which application threads were stopped: 0.0005050 seconds, Stopping threads took: 0.0000430 seconds
103.524: Application time: 0.0298340 seconds
103.524: [GC [PSYoungGen: 7662K->944K(7680K)] 20162K->13444K(25088K), 0.0004800 secs] [Times: user=0.00 sys=0.00, real=0.00 secs] 
103.525: Total time for which application threads were stopped: 0.0005760 seconds, Stopping threads took: 0.0000430 seconds
103.550: Application time: 0.0249710 seconds
103.550: [GC [PSYoungGen: 7596K->1008K(7680K)] 20096K->13692K(25088K), 0.0004570 secs] [Times: user=0.01 sys=0.00, real=0.00 secs] 
103.550: Total time for which application threads were stopped: 0.0005660 seconds, Stopping threads took: 0.0000500 seconds
103.571: Application time: 0.0205740 seconds
103.575: [GC [PSYoungGen: 7661K->1008K(7680K)] 20345K->13756K(25088K), 0.0004230 secs] [Times: user=0.00 sys=0.00, real=0.00 secs] 
103.576: Total time for which application threads were stopped: 0.0047920 seconds, Stopping threads took: 0.0043160 seconds
103.594: Application time: 0.0179110 seconds
103.594: [GC [PSYoungGen: 7661K->1008K(7680K)] 20409K->13980K(25088K), 0.0004800 secs] [Times: user=0.00 sys=0.00, real=0.00 secs] 
103.594: Total time for which application threads were stopped: 0.0005690 seconds, Stopping threads took: 0.0000360 seconds
103.615: Application time: 0.0204760 seconds
103.615: [GC [PSYoungGen: 7660K->1008K(7680K)] 20632K->14128K(25088K), 0.0004590 secs] [Times: user=0.01 sys=0.00, real=0.00 secs] 
103.615: Total time for which application threads were stopped: 0.0005600 seconds, Stopping threads took: 0.0000500 seconds
103.638: Application time: 0.0225940 seconds
103.638: [GC [PSYoungGen: 7660K->1008K(7680K)] 20780K->14168K(25088K), 0.0004760 secs] [Times: user=0.01 sys=0.00, real=0.00 secs] 
103.638: Total time for which application threads were stopped: 0.0005790 seconds, Stopping threads took: 0.0000490 seconds
103.666: Application time: 0.0279680 seconds
103.666: [GC [PSYoungGen: 7663K->1008K(7680K)] 20824K->14381K(25088K), 0.0004880 secs] [Times: user=0.00 sys=0.00, real=0.00 secs] 
103.667: Total time for which application threads were stopped: 0.0005830 seconds, Stopping threads took: 0.0000450 seconds
103.688: Application time: 0.0213350 seconds
103.688: [GC [PSYoungGen: 7660K->1008K(7680K)] 21033K->14745K(25088K), 0.0005210 secs] [Times: user=0.01 sys=0.00, real=0.00 secs] 
103.689: Total time for which application threads were stopped: 0.0006210 seconds, Stopping threads took: 0.0000490 seconds
103.709: Application time: 0.0199720 seconds
103.709: [GC [PSYoungGen: 7661K->992K(7680K)] 21399K->15130K(25088K), 0.0005620 secs] [Times: user=0.01 sys=0.00, real=0.00 secs] 
103.709: Total time for which application threads were stopped: 0.0006630 seconds, Stopping threads took: 0.0000490 seconds
103.733: Application time: 0.0236670 seconds
103.733: [GC [PSYoungGen: 7646K->928K(7680K)] 21785K->15274K(25088K), 0.0004950 secs] [Times: user=0.01 sys=0.00, real=0.00 secs] 
103.734: Total time for which application threads were stopped: 0.0005980 seconds, Stopping threads took: 0.0000500 seconds
103.760: Application time: 0.0264260 seconds
103.760: [GC [PSYoungGen: 7582K->976K(7680K)] 21929K->15499K(25088K), 0.0004890 secs] [Times: user=0.01 sys=0.00, real=0.00 secs] 
103.761: Total time for which application threads were stopped: 0.0005990 seconds, Stopping threads took: 0.0000550 seconds
103.781: Application time: 0.0202870 seconds
103.781: [GC [PSYoungGen: 7631K->928K(7680K)] 22154K->15578K(25088K), 0.0004620 secs] [Times: user=0.00 sys=0.00, real=0.00 secs] 
103.782: Total time for which application threads were stopped: 0.0005750 seconds, Stopping threads took: 0.0000590 seconds
103.802: Application time: 0.0206800 seconds
103.802: [GC [PSYoungGen: 7579K->992K(7680K)] 22230K->15651K(25088K), 0.0005300 secs] [Times: user=0.00 sys=0.00, real=0.00 secs] 
103.803: Total time for which application threads were stopped: 0.0006260 seconds, Stopping threads took: 0.0000430 seconds
103.832: Application time: 0.0287410 seconds
103.832: [GC [PSYoungGen: 7644K->992K(7680K)] 22303K->15651K(25088K), 0.0004650 secs] [Times: user=0.00 sys=0.00, real=0.00 secs] 
103.832: Total time for which application threads were stopped: 0.0005730 seconds, Stopping threads took: 0.0000540 seconds
103.861: Application time: 0.0290750 seconds
103.861: [GC [PSYoungGen: 7644K->992K(7680K)] 22303K->15651K(25088K), 0.0004890 secs] [Times: user=0.01 sys=0.00, real=0.00 secs] 
103.862: Total time for which application threads were stopped: 0.0005950 seconds, Stopping threads took: 0.0000490 seconds
103.890: Application time: 0.0281910 seconds
103.890: [GC [PSYoungGen: 7644K->992K(7680K)] 22303K->15659K(25088K), 0.0004250 secs] [Times: user=0.00 sys=0.00, real=0.00 secs] 
103.891: Total time for which application threads were stopped: 0.0005230 seconds, Stopping threads took: 0.0000450 seconds
103.920: Application time: 0.0295330 seconds
103.920: [GC [PSYoungGen: 7646K->992K(7680K)] 22313K->15659K(25088K), 0.0004350 secs] [Times: user=0.00 sys=0.00, real=0.00 secs] 
103.921: Total time for which application threads were stopped: 0.0005500 seconds, Stopping threads took: 0.0000640 seconds
103.950: Application time: 0.0293850 seconds
103.950: [GC [PSYoungGen: 7644K->992K(7680K)] 22311K->15683K(25088K), 0.0004280 secs] [Times: user=0.00 sys=0.00, real=0.00 secs] 
103.951: Total time for which application threads were stopped: 0.0005270 seconds, Stopping threads took: 0.0000530 seconds
103.980: Application time: 0.0293160 seconds
103.980: [GC [PSYoungGen: 7646K->992K(7680K)] 22337K->15831K(25088K), 0.0004760 secs] [Times: user=0.00 sys=0.00, real=0.00 secs] 
103.981: Total time for which application threads were stopped: 0.0005790 seconds, Stopping threads took: 0.0000510 seconds
104.009: Application time: 0.0283490 seconds
104.009: [GC [PSYoungGen: 7644K->992K(7680K)] 22483K->15871K(25088K), 0.0004480 secs] [Times: user=0.00 sys=0.00, real=0.00 secs] 
104.009: Total time for which application threads were stopped: 0.0005480 seconds, Stopping threads took: 0.0000510 seconds
104.038: Application time: 0.0285120 seconds
104.038: [GC [PSYoungGen: 7644K->992K(7680K)] 22523K->16055K(25088K), 0.0004670 secs] [Times: user=0.00 sys=0.00, real=0.00 secs] 
104.039: Total time for which application threads were stopped: 0.0005790 seconds, Stopping threads took: 0.0000570 seconds
104.067: Application time: 0.0286170 seconds
104.067: [GC [PSYoungGen: 7645K->992K(7680K)] 22709K->16228K(25088K), 0.0004720 secs] [Times: user=0.00 sys=0.00, real=0.00 secs] 
104.068: Total time for which application threads were stopped: 0.0005760 seconds, Stopping threads took: 0.0000470 seconds
104.097: Application time: 0.0294240 seconds
104.097: [GC [PSYoungGen: 7646K->960K(7680K)] 22882K->16356K(25088K), 0.0004390 secs] [Times: user=0.00 sys=0.00, real=0.00 secs] 
104.098: Total time for which application threads were stopped: 0.0005400 seconds, Stopping threads took: 0.0000500 seconds
104.126: Application time: 0.0286240 seconds
104.126: [GC [PSYoungGen: 7612K->992K(7680K)] 23008K->16592K(25088K), 0.0004320 secs] [Times: user=0.00 sys=0.00, real=0.00 secs] 
104.127: Total time for which application threads were stopped: 0.0005340 seconds, Stopping threads took: 0.0000490 seconds
104.156: Application time: 0.0288600 seconds
104.156: [GC [PSYoungGen: 7645K->992K(7680K)] 23246K->16608K(25088K), 0.0004390 secs] [Times: user=0.00 sys=0.00, real=0.00 secs] 
104.156: Total time for which application threads were stopped: 0.0005420 seconds, Stopping threads took: 0.0000520 seconds
104.187: Application time: 0.0306050 seconds
104.187: [GC [PSYoungGen: 7644K->960K(7680K)] 23260K->16576K(25088K), 0.0004880 secs] [Times: user=0.00 sys=0.00, real=0.00 secs] 
104.187: Total time for which application threads were stopped: 0.0005930 seconds, Stopping threads took: 0.0000530 seconds
104.216: Application time: 0.0281640 seconds
104.216: [GC [PSYoungGen: 7613K->992K(7680K)] 23230K->16648K(25088K), 0.0004410 secs] [Times: user=0.01 sys=0.00, real=0.00 secs] 
104.216: Total time for which application threads were stopped: 0.0005390 seconds, Stopping threads took: 0.0000490 seconds
104.246: Application time: 0.0297150 seconds
104.246: [GC [PSYoungGen: 7646K->800K(7680K)] 23303K->16640K(25088K), 0.0004350 secs] [Times: user=0.01 sys=0.00, real=0.00 secs] 
104.246: Total time for which application threads were stopped: 0.0005400 seconds, Stopping threads took: 0.0000490 seconds
104.276: Application time: 0.0298690 seconds
104.276: [GC [PSYoungGen: 7454K->704K(7680K)] 23295K->16544K(25088K), 0.0004230 secs] [Times: user=0.00 sys=0.00, real=0.00 secs] 
104.277: Total time for which application threads were stopped: 0.0005270 seconds, Stopping threads took: 0.0000560 seconds
104.307: Application time: 0.0299870 seconds
104.307: [GC [PSYoungGen: 7358K->736K(7680K)] 23199K->16576K(25088K), 0.0003740 secs] [Times: user=0.00 sys=0.00, real=0.00 secs] 
104.307: Total time for which application threads were stopped: 0.0004680 seconds, Stopping threads took: 0.0000470 seconds
104.338: Application time: 0.0310390 seconds
104.338: [GC [PSYoungGen: 7388K->800K(7680K)] 23228K->16640K(25088K), 0.0003750 secs] [Times: user=0.00 sys=0.00, real=0.00 secs] 
104.339: Total time for which application threads were stopped: 0.0004730 seconds, Stopping threads took: 0.0000500 seconds
104.369: Application time: 0.0298630 seconds
104.369: [GC [PSYoungGen: 7454K->800K(7680K)] 23295K->16640K(25088K), 0.0004050 secs] [Times: user=0.00 sys=0.00, real=0.00 secs] 
104.369: Total time for which application threads were stopped: 0.0005030 seconds, Stopping threads took: 0.0000480 seconds
104.399: Application time: 0.0299360 seconds
104.399: [GC [PSYoungGen: 7454K->800K(7680K)] 23295K->16640K(25088K), 0.0003920 secs] [Times: user=0.00 sys=0.00, real=0.00 secs] 
104.400: Total time for which application threads were stopped: 0.0004790 seconds, Stopping threads took: 0.0000400 seconds
104.429: Application time: 0.0296550 seconds
104.429: [GC [PSYoungGen: 7454K->832K(7680K)] 23295K->16672K(25088K), 0.0003840 secs] [Times: user=0.00 sys=0.00, real=0.00 secs] 
104.430: Total time for which application threads were stopped: 0.0004820 seconds, Stopping threads took: 0.0000480 seconds
104.460: Application time: 0.0298840 seconds
104.460: [GC [PSYoungGen: 7486K->608K(7680K)] 23327K->16656K(25088K), 0.0003800 secs] [Times: user=0.00 sys=0.00, real=0.00 secs] 
104.460: Total time for which application threads were stopped: 0.0004740 seconds, Stopping threads took: 0.0000420 seconds
104.490: Application time: 0.0298930 seconds
104.490: [GC [PSYoungGen: 7262K->576K(7680K)] 23311K->16680K(25088K), 0.0003450 secs] [Times: user=0.00 sys=0.00, real=0.00 secs] 
104.490: Total time for which application threads were stopped: 0.0004450 seconds, Stopping threads took: 0.0000520 seconds
104.521: Application time: 0.0305270 seconds
104.521: [GC [PSYoungGen: 7230K->512K(7680K)] 23335K->16701K(25088K), 0.0004160 secs] [Times: user=0.00 sys=0.00, real=0.00 secs] 
104.521: Total time for which application threads were stopped: 0.0005070 seconds, Stopping threads took: 0.0000450 seconds
104.551: Application time: 0.0298370 seconds
104.551: [GC [PSYoungGen: 7166K->480K(7680K)] 23356K->16669K(25088K), 0.0003880 secs] [Times: user=0.00 sys=0.00, real=0.00 secs] 
104.552: Total time for which application threads were stopped: 0.0004880 seconds, Stopping threads took: 0.0000520 seconds
104.582: Application time: 0.0300380 seconds
104.582: [GC [PSYoungGen: 7132K->512K(7680K)] 23321K->16701K(25088K), 0.0004280 secs] [Times: user=0.00 sys=0.00, real=0.00 secs] 
104.582: Total time for which application threads were stopped: 0.0005380 seconds, Stopping threads took: 0.0000520 seconds
104.609: Application time: 0.0270870 seconds
104.610: [GC [PSYoungGen: 7163K->544K(7680K)] 23353K->16953K(25088K), 0.0004010 secs] [Times: user=0.00 sys=0.00, real=0.00 secs] 
104.610: Total time for which application threads were stopped: 0.0005050 seconds, Stopping threads took: 0.0000540 seconds
104.631: Application time: 0.0209050 seconds
104.631: [GC [PSYoungGen: 7196K->512K(7680K)] 23606K->16921K(25088K), 0.0003550 secs] [Times: user=0.00 sys=0.00, real=0.01 secs] 
104.631: Total time for which application threads were stopped: 0.0004560 seconds, Stopping threads took: 0.0000510 seconds
104.651: Application time: 0.0195240 seconds
104.651: [GC [PSYoungGen: 7166K->544K(7680K)] 23576K->17174K(25088K), 0.0003760 secs] [Times: user=0.00 sys=0.00, real=0.01 secs] 
104.651: Total time for which application threads were stopped: 0.0005050 seconds, Stopping threads took: 0.0000750 seconds
104.671: Application time: 0.0197910 seconds
104.671: [GC [PSYoungGen: 7197K->512K(7680K)] 23827K->17142K(25088K), 0.0004190 secs] [Times: user=0.00 sys=0.00, real=0.00 secs] 
104.672: Total time for which application threads were stopped: 0.0005250 seconds, Stopping threads took: 0.0000560 seconds
104.695: Application time: 0.0230570 seconds
104.695: [GC [PSYoungGen: 7165K->480K(7680K)] 23796K->17110K(25088K), 0.0003770 secs] [Times: user=0.00 sys=0.00, real=0.00 secs] 
104.695: Total time for which application threads were stopped: 0.0004690 seconds, Stopping threads took: 0.0000450 seconds
104.722: Application time: 0.0272980 seconds
104.723: [GC [PSYoungGen: 7134K->544K(7680K)] 23764K->17174K(25088K), 0.0003480 secs] [Times: user=0.00 sys=0.00, real=0.00 secs] 
104.723: Total time for which application threads were stopped: 0.0004380 seconds, Stopping threads took: 0.0000430 seconds
104.751: Application time: 0.0283840 seconds
104.751: [GC [PSYoungGen: 7199K->576K(7680K)] 23830K->17206K(25088K), 0.0003830 secs] [Times: user=0.00 sys=0.00, real=0.00 secs] 
104.752: Total time for which application threads were stopped: 0.0004960 seconds, Stopping threads took: 0.0000600 seconds
104.780: Application time: 0.0284790 seconds
104.780: [GC [PSYoungGen: 7229K->672K(7680K)] 23860K->17302K(25088K), 0.0003930 secs] [Times: user=0.00 sys=0.00, real=0.00 secs] 
104.781: Total time for which application threads were stopped: 0.0004900 seconds, Stopping threads took: 0.0000450 seconds
104.810: Application time: 0.0293280 seconds
104.810: [GC [PSYoungGen: 7326K->512K(7680K)] 23957K->17142K(25088K), 0.0003720 secs] [Times: user=0.00 sys=0.00, real=0.00 secs] 
104.811: Total time for which application threads were stopped: 0.0004760 seconds, Stopping threads took: 0.0000550 seconds
104.840: Application time: 0.0292700 seconds
104.840: [GC [PSYoungGen: 7166K->512K(7680K)] 23797K->17142K(25088K), 0.0003580 secs] [Times: user=0.00 sys=0.00, real=0.00 secs] 
104.840: Total time for which application threads were stopped: 0.0004500 seconds, Stopping threads took: 0.0000460 seconds
104.870: Application time: 0.0293750 seconds
104.870: [GC [PSYoungGen: 7166K->448K(7680K)] 23797K->17078K(25088K), 0.0003840 secs] [Times: user=0.00 sys=0.00, real=0.00 secs] 
104.870: Total time for which application threads were stopped: 0.0004900 seconds, Stopping threads took: 0.0000550 seconds
104.896: Application time: 0.0256240 seconds
104.896: [GC [PSYoungGen: 7103K->736K(7680K)] 23733K->17366K(25088K), 0.0003820 secs] [Times: user=0.00 sys=0.00, real=0.00 secs] 
104.896: Total time for which application threads were stopped: 0.0004870 seconds, Stopping threads took: 0.0000560 seconds
104.917: Application time: 0.0206510 seconds
104.917: [GC [PSYoungGen: 7388K->736K(7680K)] 24019K->17366K(25088K), 0.0004370 secs] [Times: user=0.01 sys=0.00, real=0.00 secs] 
104.917: Total time for which application threads were stopped: 0.0005330 seconds, Stopping threads took: 0.0000450 seconds
104.939: Application time: 0.0215790 seconds
104.939: [GC [PSYoungGen: 7392K->704K(7680K)] 24022K->17334K(25088K), 0.0004650 secs] [Times: user=0.00 sys=0.00, real=0.00 secs] 
104.940: Total time for which application threads were stopped: 0.0005630 seconds, Stopping threads took: 0.0000510 seconds
104.969: Application time: 0.0289420 seconds
104.969: [GC [PSYoungGen: 7356K->736K(7680K)] 23986K->17366K(25088K), 0.0004320 secs] [Times: user=0.00 sys=0.00, real=0.00 secs] 
104.969: Total time for which application threads were stopped: 0.0005270 seconds, Stopping threads took: 0.0000440 seconds
104.996: Application time: 0.0265750 seconds
104.996: [GC [PSYoungGen: 7387K->896K(7680K)] 24018K->17526K(25088K), 0.0005270 secs] [Times: user=0.00 sys=0.00, real=0.00 secs] 
104.996: Total time for which application threads were stopped: 0.0006330 seconds, Stopping threads took: 0.0000490 seconds
105.016: Application time: 0.0200130 seconds
105.016: [GC [PSYoungGen: 7548K->928K(7680K)] 24179K->17558K(25088K), 0.0004290 secs] [Times: user=0.01 sys=0.00, real=0.00 secs] 
105.017: Total time for which application threads were stopped: 0.0005300 seconds, Stopping threads took: 0.0000520 seconds
105.038: Application time: 0.0208360 seconds
105.038: [GC [PSYoungGen: 7584K->896K(7680K)] 24214K->17526K(25088K), 0.0004140 secs] [Times: user=0.00 sys=0.00, real=0.00 secs] 
105.038: Total time for which application threads were stopped: 0.0005200 seconds, Stopping threads took: 0.0000560 seconds
105.065: Application time: 0.0268670 seconds
105.065: [GC [PSYoungGen: 7548K->928K(7680K)] 24178K->17558K(25088K), 0.0004600 secs] [Times: user=0.00 sys=0.00, real=0.00 secs] 
105.066: Total time for which application threads were stopped: 0.0005660 seconds, Stopping threads took: 0.0000490 seconds
105.093: Application time: 0.0278330 seconds
105.094: [GC [PSYoungGen: 7580K->992K(7680K)] 24211K->17622K(25088K), 0.0004410 secs] [Times: user=0.00 sys=0.00, real=0.00 secs] 
105.094: Total time for which application threads were stopped: 0.0005490 seconds, Stopping threads took: 0.0000470 seconds
105.121: Application time: 0.0274330 seconds
105.123: [GC [PSYoungGen: 7648K->992K(7680K)] 24278K->17630K(25088K), 0.0004520 secs] [Times: user=0.01 sys=0.00, real=0.00 secs] 
105.124: Total time for which application threads were stopped: 0.0021700 seconds, Stopping threads took: 0.0016670 seconds
105.155: Application time: 0.0309210 seconds
105.155: [GC [PSYoungGen: 7646K->992K(7680K)] 24284K->17634K(25088K), 0.0004680 secs] [Times: user=0.00 sys=0.00, real=0.00 secs] 
105.155: Total time for which application threads were stopped: 0.0005830 seconds, Stopping threads took: 0.0000650 seconds
105.185: Application time: 0.0296800 seconds
105.185: [GC [PSYoungGen: 7646K->960K(7680K)] 24289K->17602K(25088K), 0.0004320 secs] [Times: user=0.00 sys=0.00, real=0.00 secs] 
105.185: Total time for which application threads were stopped: 0.0005510 seconds, Stopping threads took: 0.0000670 seconds
105.215: Application time: 0.0296700 seconds
105.219: [GC [PSYoungGen: 7614K->1008K(7680K)] 24257K->17658K(25088K), 0.0004210 secs] [Times: user=0.00 sys=0.00, real=0.00 secs] 
105.220: Total time for which application threads were stopped: 0.0045450 seconds, Stopping threads took: 0.0040710 seconds
105.249: Application time: 0.0295810 seconds
105.249: [GC [PSYoungGen: 7662K->992K(7680K)] 24313K->17642K(25088K), 0.0004090 secs] [Times: user=0.00 sys=0.00, real=0.00 secs] 
105.250: Total time for which application threads were stopped: 0.0005220 seconds, Stopping threads took: 0.0000630 seconds
105.279: Application time: 0.0294670 seconds
105.279: [GC [PSYoungGen: 7646K->1008K(7680K)] 24297K->17658K(25088K), 0.0004040 secs] [Times: user=0.00 sys=0.00, real=0.00 secs] 
105.280: Total time for which application threads were stopped: 0.0005110 seconds, Stopping threads took: 0.0000560 seconds
105.301: Application time: 0.0212780 seconds
105.301: [GC [PSYoungGen: 7660K->992K(7680K)] 24310K->17954K(25088K), 0.0004650 secs] [Times: user=0.00 sys=0.00, real=0.00 secs] 
105.301: Total time for which application threads were stopped: 0.0005540 seconds, Stopping threads took: 0.0000370 seconds
105.323: Application time: 0.0214770 seconds
105.323: [GC [PSYoungGen: 7648K->928K(7680K)] 24610K->17890K(25088K), 0.0004270 secs] [Times: user=0.00 sys=0.00, real=0.00 secs] 
105.323: Total time for which application threads were stopped: 0.0005240 seconds, Stopping threads took: 0.0000450 seconds
105.346: Application time: 0.0221430 seconds
105.346: [GC [PSYoungGen: 7581K->992K(7680K)] 24544K->18314K(25088K), 0.0005190 secs] [Times: user=0.00 sys=0.00, real=0.00 secs] 
105.346: [Full GC [PSYoungGen: 992K->0K(7680K)] [ParOldGen: 17322K->3312K(17408K)] 18314K->3312K(25088K) [PSPermGen: 5541K->5541K(21504K)], 0.0045090 secs] [Times: user=0.02 sys=0.00, real=0.00 secs] 
105.351: Total time for which application threads were stopped: 0.0051920 seconds, Stopping threads took: 0.0000570 seconds
105.371: Application time: 0.0201200 seconds
105.371: [GC [PSYoungGen: 6654K->512K(7680K)] 9967K->3824K(25088K), 0.0004040 secs] [Times: user=0.00 sys=0.00, real=0.01 secs] 
105.371: Total time for which application threads were stopped: 0.0005090 seconds, Stopping threads took: 0.0000460 seconds
105.393: Application time: 0.0211830 seconds
105.393: [GC [PSYoungGen: 7168K->352K(7680K)] 10480K->3664K(25088K), 0.0003590 secs] [Times: user=0.01 sys=0.00, real=0.00 secs] 
105.393: Total time for which application threads were stopped: 0.0004660 seconds, Stopping threads took: 0.0000590 seconds
105.420: Application time: 0.0272830 seconds
105.423: [GC [PSYoungGen: 7006K->704K(7680K)] 10319K->4016K(25088K), 0.0004160 secs] [Times: user=0.00 sys=0.00, real=0.00 secs] 
105.424: Total time for which application threads were stopped: 0.0031650 seconds, Stopping threads took: 0.0027020 seconds
105.452: Application time: 0.0280740 seconds
105.452: [GC [PSYoungGen: 7358K->928K(7680K)] 10670K->4240K(25088K), 0.0004160 secs] [Times: user=0.00 sys=0.00, real=0.00 secs] 
105.452: Total time for which application threads were stopped: 0.0005210 seconds, Stopping threads took: 0.0000560 seconds
105.476: Application time: 0.0238700 seconds
105.476: [GC [PSYoungGen: 7581K->992K(7680K)] 10894K->4432K(25088K), 0.0004280 secs] [Times: user=0.00 sys=0.00, real=0.00 secs] 
105.477: Total time for which application threads were stopped: 0.0005340 seconds, Stopping threads took: 0.0000520 seconds
105.497: Application time: 0.0204650 seconds
105.499: [GC [PSYoungGen: 7644K->992K(7680K)] 11085K->4448K(25088K), 0.0004520 secs] [Times: user=0.00 sys=0.00, real=0.00 secs] 
105.500: Total time for which application threads were stopped: 0.0025820 seconds, Stopping threads took: 0.0020780 seconds
105.518: Application time: 0.0184780 seconds
105.518: [GC [PSYoungGen: 7647K->992K(7680K)] 11103K->4624K(25088K), 0.0004680 secs] [Times: user=0.00 sys=0.00, real=0.00 secs] 
105.519: Total time for which application threads were stopped: 0.0005580 seconds, Stopping threads took: 0.0000390 seconds
105.539: Application time: 0.0204220 seconds
105.539: [GC [PSYoungGen: 7647K->992K(7680K)] 11279K->4840K(25088K), 0.0005450 secs] [Times: user=0.00 sys=0.00, real=0.00 secs] 
105.540: Total time for which application threads were stopped: 0.0006560 seconds, Stopping threads took: 0.0000580 seconds
105.562: Application time: 0.0221130 seconds
105.562: [GC [PSYoungGen: 7643K->992K(7680K)] 11492K->5104K(25088K), 0.0004760 secs] [Times: user=0.01 sys=0.00, real=0.00 secs] 
105.562: Total time for which application threads were stopped: 0.0005900 seconds, Stopping threads took: 0.0000630 seconds
105.590: Application time: 0.0278520 seconds
105.590: [GC [PSYoungGen: 7645K->1008K(7680K)] 11758K->5136K(25088K), 0.0005060 secs] [Times: user=0.00 sys=0.00, real=0.00 secs] 
105.591: Total time for which application threads were stopped: 0.0006210 seconds, Stopping threads took: 0.0000640 seconds
105.620: Application time: 0.0288210 seconds
105.620: [GC [PSYoungGen: 7660K->928K(7680K)] 11788K->5184K(25088K), 0.0005400 secs] [Times: user=0.00 sys=0.00, real=0.00 secs] 
105.620: Total time for which application threads were stopped: 0.0006480 seconds, Stopping threads took: 0.0000470 seconds
105.649: Application time: 0.0282110 seconds
105.649: [GC [PSYoungGen: 7582K->992K(7680K)] 11838K->5376K(25088K), 0.0004980 secs] [Times: user=0.00 sys=0.00, real=0.00 secs] 
105.649: Total time for which application threads were stopped: 0.0006010 seconds, Stopping threads took: 0.0000510 seconds
105.679: Application time: 0.0300560 seconds
105.680: [GC [PSYoungGen: 7643K->1008K(7680K)] 12028K->5392K(25088K), 0.0004940 secs] [Times: user=0.00 sys=0.00, real=0.00 secs] 
105.680: Total time for which application threads were stopped: 0.0010630 seconds, Stopping threads took: 0.0005090 seconds
105.710: Application time: 0.0293630 seconds
105.710: [GC [PSYoungGen: 7662K->976K(7680K)] 12047K->5360K(25088K), 0.0004160 secs] [Times: user=0.00 sys=0.00, real=0.00 secs] 
105.710: Total time for which application threads were stopped: 0.0005230 seconds, Stopping threads took: 0.0000480 seconds
105.738: Application time: 0.0276030 seconds
105.738: [GC [PSYoungGen: 7630K->1008K(7680K)] 12014K->5392K(25088K), 0.0005030 secs] [Times: user=0.00 sys=0.00, real=0.00 secs] 
105.738: Total time for which application threads were stopped: 0.0006060 seconds, Stopping threads took: 0.0000540 seconds
105.768: Application time: 0.0293680 seconds
105.768: [GC [PSYoungGen: 7662K->800K(7680K)] 12047K->5405K(25088K), 0.0004720 secs] [Times: user=0.00 sys=0.00, real=0.00 secs] 
105.768: Total time for which application threads were stopped: 0.0005590 seconds, Stopping threads took: 0.0000290 seconds
105.797: Application time: 0.0282250 seconds
105.797: [GC [PSYoungGen: 7452K->928K(7680K)] 12057K->5565K(25088K), 0.0004600 secs] [Times: user=0.01 sys=0.00, real=0.00 secs] 
105.797: Total time for which application threads were stopped: 0.0005590 seconds, Stopping threads took: 0.0000450 seconds
105.826: Application time: 0.0285090 seconds
105.826: [GC [PSYoungGen: 7581K->928K(7680K)] 12218K->5573K(25088K), 0.0004180 secs] [Times: user=0.00 sys=0.00, real=0.00 secs] 
105.826: Total time for which application threads were stopped: 0.0005260 seconds, Stopping threads took: 0.0000570 seconds
105.855: Application time: 0.0292930 seconds
105.856: [GC [PSYoungGen: 7582K->896K(7680K)] 12227K->5541K(25088K), 0.0004370 secs] [Times: user=0.00 sys=0.00, real=0.00 secs] 
105.856: Total time for which application threads were stopped: 0.0005280 seconds, Stopping threads took: 0.0000420 seconds
105.885: Application time: 0.0292730 seconds
105.885: [GC [PSYoungGen: 7550K->688K(7680K)] 12195K->5553K(25088K), 0.0004160 secs] [Times: user=0.00 sys=0.00, real=0.00 secs] 
105.886: Total time for which application threads were stopped: 0.0005120 seconds, Stopping threads took: 0.0000480 seconds
105.913: Application time: 0.0276670 seconds
105.914: [GC [PSYoungGen: 7342K->864K(7680K)] 12207K->5729K(25088K), 0.0004390 secs] [Times: user=0.00 sys=0.00, real=0.00 secs] 
105.914: Total time for which application threads were stopped: 0.0005460 seconds, Stopping threads took: 0.0000540 seconds
105.943: Application time: 0.0285550 seconds
105.943: [GC [PSYoungGen: 7516K->928K(7680K)] 12381K->6017K(25088K), 0.0004500 secs] [Times: user=0.00 sys=0.00, real=0.00 secs] 
105.943: Total time for which application threads were stopped: 0.0005450 seconds, Stopping threads took: 0.0000430 seconds
105.972: Application time: 0.0286150 seconds
105.972: [GC [PSYoungGen: 7580K->896K(7680K)] 12669K->6033K(25088K), 0.0004310 secs] [Times: user=0.00 sys=0.00, real=0.00 secs] 
105.972: Total time for which application threads were stopped: 0.0005390 seconds, Stopping threads took: 0.0000540 seconds
106.002: Application time: 0.0297390 seconds
106.002: [GC [PSYoungGen: 7550K->832K(7680K)] 12688K->5969K(25088K), 0.0003850 secs] [Times: user=0.00 sys=0.00, real=0.00 secs] 
106.002: Total time for which application threads were stopped: 0.0004870 seconds, Stopping threads took: 0.0000510 seconds
106.033: Application time: 0.0300860 seconds
106.033: [GC [PSYoungGen: 7486K->832K(7680K)] 12624K->5969K(25088K), 0.0003770 secs] [Times: user=0.00 sys=0.00, real=0.00 secs] 
106.033: Total time for which application threads were stopped: 0.0004590 seconds, Stopping threads took: 0.0000320 seconds
106.063: Application time: 0.0297710 seconds
106.063: [GC [PSYoungGen: 7486K->960K(7680K)] 12624K->6097K(25088K), 0.0004320 secs] [Times: user=0.00 sys=0.00, real=0.00 secs] 
106.063: Total time for which application threads were stopped: 0.0005450 seconds, Stopping threads took: 0.0000620 seconds
106.093: Application time: 0.0300660 seconds
106.094: [GC [PSYoungGen: 7614K->864K(7680K)] 12752K->6001K(25088K), 0.0004120 secs] [Times: user=0.00 sys=0.00, real=0.00 secs] 
106.094: Total time for which application threads were stopped: 0.0005070 seconds, Stopping threads took: 0.0000410 seconds
106.124: Application time: 0.0295850 seconds
106.124: [GC [PSYoungGen: 7518K->864K(7680K)] 12656K->6001K(25088K), 0.0003980 secs] [Times: user=0.00 sys=0.00, real=0.00 secs] 
106.124: Total time for which application threads were stopped: 0.0005100 seconds, Stopping threads took: 0.0000560 seconds
106.154: Application time: 0.0296660 seconds
106.154: [GC [PSYoungGen: 7518K->864K(7680K)] 12656K->6001K(25088K), 0.0003880 secs] [Times: user=0.00 sys=0.00, real=0.00 secs] 
106.154: Total time for which application threads were stopped: 0.0004940 seconds, Stopping threads took: 0.0000530 seconds
106.184: Application time: 0.0299060 seconds
106.184: [GC [PSYoungGen: 7518K->672K(7680K)] 12656K->6022K(25088K), 0.0003780 secs] [Times: user=0.00 sys=0.00, real=0.00 secs] 
106.185: Total time for which application threads were stopped: 0.0004860 seconds, Stopping threads took: 0.0000600 seconds
106.214: Application time: 0.0297780 seconds
106.214: [GC [PSYoungGen: 7326K->672K(7680K)] 12677K->6022K(25088K), 0.0003600 secs] [Times: user=0.00 sys=0.00, real=0.00 secs] 
106.215: Total time for which application threads were stopped: 0.0004610 seconds, Stopping threads took: 0.0000510 seconds
106.245: Application time: 0.0297430 seconds
106.245: [GC [PSYoungGen: 7326K->704K(7680K)] 12677K->6054K(25088K), 0.0003860 secs] [Times: user=0.00 sys=0.00, real=0.00 secs] 
106.245: Total time for which application threads were stopped: 0.0004780 seconds, Stopping threads took: 0.0000430 seconds
106.275: Application time: 0.0297220 seconds
106.275: [GC [PSYoungGen: 7358K->512K(7680K)] 12709K->6078K(25088K), 0.0003760 secs] [Times: user=0.00 sys=0.00, real=0.00 secs] 
106.275: Total time for which application threads were stopped: 0.0004760 seconds, Stopping threads took: 0.0000510 seconds
106.305: Application time: 0.0297160 seconds
106.305: [GC [PSYoungGen: 7166K->480K(7680K)] 12733K->6046K(25088K), 0.0003320 secs] [Times: user=0.00 sys=0.00, real=0.00 secs] 
106.305: Total time for which application threads were stopped: 0.0004310 seconds, Stopping threads took: 0.0000490 seconds
106.335: Application time: 0.0295730 seconds
106.335: [GC [PSYoungGen: 7134K->640K(7680K)] 12701K->6206K(25088K), 0.0003410 secs] [Times: user=0.01 sys=0.00, real=0.00 secs] 
106.335: Total time for which application threads were stopped: 0.0004580 seconds, Stopping threads took: 0.0000620 seconds
106.365: Application time: 0.0295310 seconds
106.365: [GC [PSYoungGen: 7294K->352K(7680K)] 12861K->6142K(25088K), 0.0003570 secs] [Times: user=0.00 sys=0.00, real=0.00 secs] 
106.365: Total time for which application threads were stopped: 0.0004630 seconds, Stopping threads took: 0.0000550 seconds
106.387: Application time: 0.0214330 seconds
106.387: [GC [PSYoungGen: 7006K->512K(7680K)] 12796K->6310K(25088K), 0.0003420 secs] [Times: user=0.00 sys=0.00, real=0.00 secs] 
106.387: Total time for which application threads were stopped: 0.0004420 seconds, Stopping threads took: 0.0000530 seconds
106.408: Application time: 0.0208360 seconds
106.410: [GC [PSYoungGen: 7168K->352K(7680K)] 12966K->6362K(25088K), 0.0003990 secs] [Times: user=0.00 sys=0.00, real=0.00 secs] 
106.411: Total time for which application threads were stopped: 0.0024010 seconds, Stopping threads took: 0.0019540 seconds
106.435: Application time: 0.0239950 seconds
106.435: [GC [PSYoungGen: 7006K->544K(7680K)] 13017K->6554K(25088K), 0.0003420 secs] [Times: user=0.00 sys=0.00, real=0.00 secs] 
106.435: Total time for which application threads were stopped: 0.0004430 seconds, Stopping threads took: 0.0000540 seconds
106.456: Application time: 0.0205730 seconds
106.456: [GC [PSYoungGen: 7199K->512K(7680K)] 13210K->6522K(25088K), 0.0003510 secs] [Times: user=0.00 sys=0.00, real=0.00 secs] 
106.456: Total time for which application threads were stopped: 0.0004430 seconds, Stopping threads took: 0.0000410 seconds
106.478: Application time: 0.0216970 seconds
106.479: [GC [PSYoungGen: 7163K->544K(7680K)] 13174K->6554K(25088K), 0.0003320 secs] [Times: user=0.00 sys=0.00, real=0.00 secs] 
106.479: Total time for which application threads were stopped: 0.0017740 seconds, Stopping threads took: 0.0013920 seconds
106.509: Application time: 0.0290520 seconds
106.509: [GC [PSYoungGen: 7195K->544K(7680K)] 13206K->6554K(25088K), 0.0003470 secs] [Times: user=0.00 sys=0.00, real=0.00 secs] 
106.509: Total time for which application threads were stopped: 0.0004510 seconds, Stopping threads took: 0.0000550 seconds
106.538: Application time: 0.0290030 seconds
106.538: [GC [PSYoungGen: 7196K->448K(7680K)] 13207K->6458K(25088K), 0.0004010 secs] [Times: user=0.00 sys=0.00, real=0.00 secs] 
106.539: Total time for which application threads were stopped: 0.0005030 seconds, Stopping threads took: 0.0000520 seconds
106.567: Application time: 0.0283640 seconds
106.567: [GC [PSYoungGen: 7102K->544K(7680K)] 13113K->6554K(25088K), 0.0003610 secs] [Times: user=0.00 sys=0.00, real=0.00 secs] 
106.567: Total time for which application threads were stopped: 0.0004670 seconds, Stopping threads took: 0.0000550 seconds
106.597: Application time: 0.0295290 seconds
106.597: [GC [PSYoungGen: 7196K->512K(7680K)] 13207K->6522K(25088K), 0.0003560 secs] [Times: user=0.00 sys=0.00, real=0.00 secs] 
106.597: Total time for which application threads were stopped: 0.0004490 seconds, Stopping threads took: 0.0000440 seconds
106.627: Application time: 0.0293280 seconds
106.627: [GC [PSYoungGen: 7166K->544K(7680K)] 13177K->6554K(25088K), 0.0003360 secs] [Times: user=0.00 sys=0.00, real=0.00 secs] 
106.627: Total time for which application threads were stopped: 0.0004480 seconds, Stopping threads took: 0.0000540 seconds
106.653: Application time: 0.0258320 seconds
106.654: [GC [PSYoungGen: 7199K->736K(7680K)] 13209K->6746K(25088K), 0.0004010 secs] [Times: user=0.00 sys=0.00, real=0.00 secs] 
106.655: Total time for which application threads were stopped: 0.0016160 seconds, Stopping threads took: 0.0011600 seconds
106.675: Application time: 0.0205670 seconds
106.675: [GC [PSYoungGen: 7388K->736K(7680K)] 13399K->6746K(25088K), 0.0004070 secs] [Times: user=0.00 sys=0.00, real=0.00 secs] 
106.676: Total time for which application threads were stopped: 0.0005300 seconds, Stopping threads took: 0.0000720 seconds
106.698: Application time: 0.0223820 seconds
106.698: [GC [PSYoungGen: 7389K->736K(7680K)] 13400K->6746K(25088K), 0.0003870 secs] [Times: user=0.00 sys=0.00, real=0.00 secs] 
106.699: Total time for which application threads were stopped: 0.0004880 seconds, Stopping threads took: 0.0000500 seconds
106.727: Application time: 0.0288500 seconds
106.731: [GC [PSYoungGen: 7388K->736K(7680K)] 13399K->6746K(25088K), 0.0003840 secs] [Times: user=0.00 sys=0.00, real=0.00 secs] 
106.732: Total time for which application threads were stopped: 0.0041580 seconds, Stopping threads took: 0.0037250 seconds
106.761: Application time: 0.0291150 seconds
106.761: [GC [PSYoungGen: 7390K->736K(7680K)] 13401K->6746K(25088K), 0.0004250 secs] [Times: user=0.00 sys=0.00, real=0.00 secs] 
106.762: Total time for which application threads were stopped: 0.0016560 seconds, Stopping threads took: 0.0000580 seconds
106.783: Application time: 0.0208430 seconds
106.783: [GC [PSYoungGen: 7390K->992K(7680K)] 13401K->7002K(25088K), 0.0004000 secs] [Times: user=0.00 sys=0.00, real=0.00 secs] 
106.784: Total time for which application threads were stopped: 0.0005030 seconds, Stopping threads took: 0.0000550 seconds
106.805: Application time: 0.0212520 seconds
106.805: [GC [PSYoungGen: 7647K->896K(7680K)] 13658K->6906K(25088K), 0.0003930 secs] [Times: user=0.00 sys=0.00, real=0.00 secs] 
106.805: Total time for which application threads were stopped: 0.0004910 seconds, Stopping threads took: 0.0000480 seconds
106.830: Application time: 0.0242950 seconds
106.830: [GC [PSYoungGen: 7551K->960K(7680K)] 13562K->6970K(25088K), 0.0004160 secs] [Times: user=0.00 sys=0.00, real=0.00 secs] 
106.830: Total time for which application threads were stopped: 0.0005190 seconds, Stopping threads took: 0.0000530 seconds
106.858: Application time: 0.0278730 seconds
106.858: [GC [PSYoungGen: 7612K->960K(7680K)] 13623K->6970K(25088K), 0.0004200 secs] [Times: user=0.00 sys=0.00, real=0.00 secs] 
106.859: Total time for which application threads were stopped: 0.0005300 seconds, Stopping threads took: 0.0000500 seconds
106.884: Application time: 0.0257250 seconds
106.884: [GC [PSYoungGen: 7612K->1008K(7680K)] 13623K->7042K(25088K), 0.0004410 secs] [Times: user=0.01 sys=0.00, real=0.00 secs] 
106.885: Total time for which application threads were stopped: 0.0005600 seconds, Stopping threads took: 0.0000660 seconds
106.914: Application time: 0.0295090 seconds
106.914: [GC [PSYoungGen: 7662K->1008K(7680K)] 13697K->7170K(25088K), 0.0004610 secs] [Times: user=0.00 sys=0.00, real=0.00 secs] 
106.915: Total time for which application threads were stopped: 0.0005490 seconds, Stopping threads took: 0.0000390 seconds
106.944: Application time: 0.0294310 seconds
106.944: [GC [PSYoungGen: 7662K->832K(7680K)] 13825K->6994K(25088K), 0.0003910 secs] [Times: user=0.00 sys=0.00, real=0.00 secs] 
106.945: Total time for which application threads were stopped: 0.0004940 seconds, Stopping threads took: 0.0000510 seconds
106.974: Application time: 0.0294600 seconds
106.974: [GC [PSYoungGen: 7486K->880K(7680K)] 13649K->7042K(25088K), 0.0004130 secs] [Times: user=0.00 sys=0.00, real=0.00 secs] 
106.975: Total time for which application threads were stopped: 0.0005280 seconds, Stopping threads took: 0.0000680 seconds
107.004: Application time: 0.0294010 seconds
107.004: [GC [PSYoungGen: 7534K->832K(7680K)] 13697K->6994K(25088K), 0.0004010 secs] [Times: user=0.01 sys=0.00, real=0.00 secs] 
107.005: Total time for which application threads were stopped: 0.0005190 seconds, Stopping threads took: 0.0000680 seconds
107.034: Application time: 0.0293710 seconds
107.034: [GC [PSYoungGen: 7486K->832K(7680K)] 13649K->6994K(25088K), 0.0004560 secs] [Times: user=0.00 sys=0.00, real=0.00 secs] 
107.035: Total time for which application threads were stopped: 0.0005580 seconds, Stopping threads took: 0.0000530 seconds
107.056: Application time: 0.0213760 seconds
107.056: [GC [PSYoungGen: 7484K->992K(7680K)] 13647K->7338K(25088K), 0.0004550 secs] [Times: user=0.00 sys=0.00, real=0.00 secs] 
107.057: Total time for which application threads were stopped: 0.0005500 seconds, Stopping threads took: 0.0000440 seconds
107.078: Application time: 0.0211680 seconds
107.079: [GC [PSYoungGen: 7647K->928K(7680K)] 13994K->7274K(25088K), 0.0004160 secs] [Times: user=0.00 sys=0.00, real=0.00 secs] 
107.080: Total time for which application threads were stopped: 0.0017230 seconds, Stopping threads took: 0.0012590 seconds
107.100: Application time: 0.0199490 seconds
107.100: [GC [PSYoungGen: 7582K->1008K(7680K)] 13929K->7471K(25088K), 0.0004750 secs] [Times: user=0.01 sys=0.00, real=0.00 secs] 
107.100: Total time for which application threads were stopped: 0.0005930 seconds, Stopping threads took: 0.0000660 seconds
107.120: Application time: 0.0198160 seconds
107.120: [GC [PSYoungGen: 7662K->992K(7680K)] 14125K->7667K(25088K), 0.0005070 secs] [Times: user=0.00 sys=0.00, real=0.00 secs] 
107.121: Total time for which application threads were stopped: 0.0006020 seconds, Stopping threads took: 0.0000420 seconds
107.143: Application time: 0.0220260 seconds
107.143: [GC [PSYoungGen: 7643K->1008K(7680K)] 14319K->7915K(25088K), 0.0004920 secs] [Times: user=0.00 sys=0.00, real=0.00 secs] 
107.143: Total time for which application threads were stopped: 0.0006000 seconds, Stopping threads took: 0.0000530 seconds
107.171: Application time: 0.0278640 seconds
107.171: [GC [PSYoungGen: 7663K->1008K(7680K)] 14571K->8107K(25088K), 0.0005250 secs] [Times: user=0.00 sys=0.00, real=0.00 secs] 
107.172: Total time for which application threads were stopped: 0.0006320 seconds, Stopping threads took: 0.0000570 seconds
107.201: Application time: 0.0293510 seconds
107.201: [GC [PSYoungGen: 7617K->1008K(7680K)] 14717K->8243K(25088K), 0.0005400 secs] [Times: user=0.00 sys=0.00, real=0.00 secs] 
107.202: Total time for which application threads were stopped: 0.0006370 seconds, Stopping threads took: 0.0000470 seconds
107.227: Application time: 0.0251010 seconds
107.227: [GC [PSYoungGen: 7660K->1008K(7680K)] 14895K->8696K(25088K), 0.0005960 secs] [Times: user=0.00 sys=0.00, real=0.00 secs] 
107.227: Total time for which application threads were stopped: 0.0006890 seconds, Stopping threads took: 0.0000420 seconds
107.248: Application time: 0.0209200 seconds
107.248: [GC [PSYoungGen: 7660K->1008K(7680K)] 15348K->8924K(25088K), 0.0005330 secs] [Times: user=0.00 sys=0.00, real=0.00 secs] 
107.249: Total time for which application threads were stopped: 0.0006380 seconds, Stopping threads took: 0.0000550 seconds
107.269: Application time: 0.0196820 seconds
107.269: [GC [PSYoungGen: 7660K->1008K(7680K)] 15577K->9145K(25088K), 0.0005120 secs] [Times: user=0.00 sys=0.00, real=0.00 secs] 
107.269: Total time for which application threads were stopped: 0.0006100 seconds, Stopping threads took: 0.0000470 seconds
107.288: Application time: 0.0189640 seconds
107.288: [GC [PSYoungGen: 7663K->992K(7680K)] 15800K->9201K(25088K), 0.0004860 secs] [Times: user=0.00 sys=0.00, real=0.00 secs] 
107.289: Total time for which application threads were stopped: 0.0005890 seconds, Stopping threads took: 0.0000550 seconds
107.310: Application time: 0.0210020 seconds
107.310: [GC [PSYoungGen: 7645K->1008K(7680K)] 15855K->9241K(25088K), 0.0004740 secs] [Times: user=0.01 sys=0.00, real=0.00 secs] 
107.310: Total time for which application threads were stopped: 0.0005720 seconds, Stopping threads took: 0.0000480 seconds
107.337: Application time: 0.0268120 seconds
107.337: [GC [PSYoungGen: 7659K->1008K(7680K)] 15893K->9441K(25088K), 0.0005480 secs] [Times: user=0.00 sys=0.00, real=0.00 secs] 
107.338: Total time for which application threads were stopped: 0.0006570 seconds, Stopping threads took: 0.0000590 seconds
107.367: Application time: 0.0288100 seconds
107.367: [GC [PSYoungGen: 7660K->1008K(7680K)] 16093K->9473K(25088K), 0.0005060 secs] [Times: user=0.01 sys=0.00, real=0.00 secs] 
107.367: Total time for which application threads were stopped: 0.0006160 seconds, Stopping threads took: 0.0000540 seconds
107.396: Application time: 0.0286640 seconds
107.396: [GC [PSYoungGen: 7660K->992K(7680K)] 16125K->9481K(25088K), 0.0004680 secs] [Times: user=0.00 sys=0.00, real=0.00 secs] 
107.397: Total time for which application threads were stopped: 0.0005640 seconds, Stopping threads took: 0.0000480 seconds
107.426: Application time: 0.0291150 seconds
107.426: [GC [PSYoungGen: 7646K->1008K(7680K)] 16136K->9553K(25088K), 0.0004680 secs] [Times: user=0.00 sys=0.00, real=0.00 secs] 
107.426: Total time for which application threads were stopped: 0.0005730 seconds, Stopping threads took: 0.0000570 seconds
107.455: Application time: 0.0291280 seconds
107.455: [GC [PSYoungGen: 7662K->992K(7680K)] 16208K->9553K(25088K), 0.0004500 secs] [Times: user=0.00 sys=0.00, real=0.00 secs] 
107.456: Total time for which application threads were stopped: 0.0005510 seconds, Stopping threads took: 0.0000510 seconds
107.483: Application time: 0.0275020 seconds
107.484: [GC [PSYoungGen: 7646K->1008K(7680K)] 16207K->9801K(25088K), 0.0005280 secs] [Times: user=0.00 sys=0.00, real=0.00 secs] 
107.484: Total time for which application threads were stopped: 0.0006250 seconds, Stopping threads took: 0.0000440 seconds
107.513: Application time: 0.0294070 seconds
107.514: [GC [PSYoungGen: 7662K->896K(7680K)] 16456K->9894K(25088K), 0.0004420 secs] [Times: user=0.00 sys=0.00, real=0.00 secs] 
107.514: Total time for which application threads were stopped: 0.0005560 seconds, Stopping threads took: 0.0000610 seconds
107.542: Application time: 0.0275760 seconds
107.542: [GC [PSYoungGen: 7549K->960K(7680K)] 16547K->10030K(25088K), 0.0004590 secs] [Times: user=0.00 sys=0.00, real=0.00 secs] 
107.542: Total time for which application threads were stopped: 0.0005680 seconds, Stopping threads took: 0.0000550 seconds
107.572: Application time: 0.0293420 seconds
107.572: [GC [PSYoungGen: 7614K->896K(7680K)] 16684K->10018K(25088K), 0.0004120 secs] [Times: user=0.01 sys=0.00, real=0.00 secs] 
107.572: Total time for which application threads were stopped: 0.0005150 seconds, Stopping threads took: 0.0000520 seconds
107.601: Application time: 0.0293630 seconds
107.601: [GC [PSYoungGen: 7550K->896K(7680K)] 16673K->10018K(25088K), 0.0004940 secs] [Times: user=0.00 sys=0.00, real=0.00 secs] 
107.602: Total time for which application threads were stopped: 0.0006020 seconds, Stopping threads took: 0.0000590 seconds
107.631: Application time: 0.0294710 seconds
107.632: [GC [PSYoungGen: 7550K->864K(7680K)] 16673K->10050K(25088K), 0.0004020 secs] [Times: user=0.00 sys=0.00, real=0.00 secs] 
107.632: Total time for which application threads were stopped: 0.0005110 seconds, Stopping threads took: 0.0000590 seconds
107.661: Application time: 0.0286120 seconds
107.661: [GC [PSYoungGen: 7517K->864K(7680K)] 16704K->10050K(25088K), 0.0004590 secs] [Times: user=0.00 sys=0.00, real=0.00 secs] 
107.661: Total time for which application threads were stopped: 0.0005710 seconds, Stopping threads took: 0.0000530 seconds
107.690: Application time: 0.0285880 seconds
107.690: [GC [PSYoungGen: 7516K->928K(7680K)] 16702K->10114K(25088K), 0.0004130 secs] [Times: user=0.00 sys=0.00, real=0.00 secs] 
107.690: Total time for which application threads were stopped: 0.0005130 seconds, Stopping threads took: 0.0000500 seconds
107.718: Application time: 0.0278020 seconds
107.718: [GC [PSYoungGen: 7582K->896K(7680K)] 16768K->10207K(25088K), 0.0005330 secs] [Times: user=0.01 sys=0.00, real=0.00 secs] 
107.719: Total time for which application threads were stopped: 0.0006320 seconds, Stopping threads took: 0.0000510 seconds
107.749: Application time: 0.0305070 seconds
107.749: [GC [PSYoungGen: 7550K->864K(7680K)] 16861K->10175K(25088K), 0.0004430 secs] [Times: user=0.00 sys=0.00, real=0.00 secs] 
107.750: Total time for which application threads were stopped: 0.0006080 seconds, Stopping threads took: 0.0001110 seconds
107.780: Application time: 0.0299330 seconds
107.783: [GC [PSYoungGen: 7518K->864K(7680K)] 16829K->10175K(25088K), 0.0004520 secs] [Times: user=0.00 sys=0.00, real=0.00 secs] 
107.784: Total time for which application threads were stopped: 0.0038390 seconds, Stopping threads took: 0.0033360 seconds
107.814: Application time: 0.0302320 seconds
107.814: [GC [PSYoungGen: 7518K->928K(7680K)] 16829K->10239K(25088K), 0.0004070 secs] [Times: user=0.00 sys=0.00, real=0.00 secs] 
107.814: Total time for which application threads were stopped: 0.0005130 seconds, Stopping threads took: 0.0000510 seconds
107.844: Application time: 0.0299830 seconds
107.844: [GC [PSYoungGen: 7582K->864K(7680K)] 16893K->10183K(25088K), 0.0004060 secs] [Times: user=0.00 sys=0.00, real=0.00 secs] 
107.845: Total time for which application threads were stopped: 0.0005110 seconds, Stopping threads took: 0.0000540 seconds
107.875: Application time: 0.0301650 seconds
107.875: [GC [PSYoungGen: 7518K->800K(7680K)] 16837K->10119K(25088K), 0.0004540 secs] [Times: user=0.00 sys=0.00, real=0.00 secs] 
107.876: Total time for which application threads were stopped: 0.0005590 seconds, Stopping threads took: 0.0000580 seconds
107.905: Application time: 0.0297800 seconds
107.905: [GC [PSYoungGen: 7454K->992K(7680K)] 16773K->10343K(25088K), 0.0004240 secs] [Times: user=0.00 sys=0.00, real=0.00 secs] 
107.906: Total time for which application threads were stopped: 0.0005170 seconds, Stopping threads took: 0.0000440 seconds
107.936: Application time: 0.0297230 seconds
107.936: [GC [PSYoungGen: 7646K->672K(7680K)] 16997K->10219K(25088K), 0.0004370 secs] [Times: user=0.00 sys=0.00, real=0.00 secs] 
107.936: Total time for which application threads were stopped: 0.0005400 seconds, Stopping threads took: 0.0000520 seconds
107.966: Application time: 0.0297550 seconds
107.966: [GC [PSYoungGen: 7326K->704K(7680K)] 16874K->10251K(25088K), 0.0004270 secs] [Times: user=0.00 sys=0.00, real=0.00 secs] 
107.966: Total time for which application threads were stopped: 0.0005290 seconds, Stopping threads took: 0.0000510 seconds
107.996: Application time: 0.0298790 seconds
107.996: [GC [PSYoungGen: 7358K->512K(7680K)] 16906K->10264K(25088K), 0.0003870 secs] [Times: user=0.00 sys=0.00, real=0.00 secs] 
107.997: Total time for which application threads were stopped: 0.0004890 seconds, Stopping threads took: 0.0000420 seconds
108.026: Application time: 0.0296770 seconds
108.027: [GC [PSYoungGen: 7166K->448K(7680K)] 16918K->10200K(25088K), 0.0003950 secs] [Times: user=0.00 sys=0.00, real=0.00 secs] 
108.027: Total time for which application threads were stopped: 0.0004850 seconds, Stopping threads took: 0.0000410 seconds
108.057: Application time: 0.0296290 seconds
108.059: [GC [PSYoungGen: 7102K->544K(7680K)] 16854K->10296K(25088K), 0.0003650 secs] [Times: user=0.00 sys=0.00, real=0.00 secs] 
108.060: Total time for which application threads were stopped: 0.0029160 seconds, Stopping threads took: 0.0025010 seconds
108.090: Application time: 0.0300240 seconds
108.090: [GC [PSYoungGen: 7196K->512K(7680K)] 16948K->10264K(25088K), 0.0003720 secs] [Times: user=0.00 sys=0.00, real=0.00 secs] 
108.090: Total time for which application threads were stopped: 0.0004660 seconds, Stopping threads took: 0.0000460 seconds
108.120: Application time: 0.0295710 seconds
108.120: [GC [PSYoungGen: 7166K->512K(7680K)] 16918K->10264K(25088K), 0.0003330 secs] [Times: user=0.00 sys=0.00, real=0.00 secs] 
108.120: Total time for which application threads were stopped: 0.0004280 seconds, Stopping threads took: 0.0000470 seconds
108.146: Application time: 0.0256120 seconds
108.146: [GC [PSYoungGen: 7164K->512K(7680K)] 16916K->10492K(25088K), 0.0003930 secs] [Times: user=0.00 sys=0.00, real=0.00 secs] 
108.146: Total time for which application threads were stopped: 0.0004900 seconds, Stopping threads took: 0.0000450 seconds
108.168: Application time: 0.0216340 seconds
108.171: [GC [PSYoungGen: 7163K->384K(7680K)] 17144K->10588K(25088K), 0.0003920 secs] [Times: user=0.00 sys=0.00, real=0.00 secs] 
108.172: Total time for which application threads were stopped: 0.0038320 seconds, Stopping threads took: 0.0033830 seconds
108.195: Application time: 0.0230970 seconds
108.195: [GC [PSYoungGen: 7038K->384K(7680K)] 17242K->10588K(25088K), 0.0003290 secs] [Times: user=0.01 sys=0.00, real=0.00 secs] 
108.195: Total time for which application threads were stopped: 0.0004190 seconds, Stopping threads took: 0.0000440 seconds
108.217: Application time: 0.0220380 seconds
108.219: [GC [PSYoungGen: 7038K->576K(7680K)] 17243K->10780K(25088K), 0.0003900 secs] [Times: user=0.00 sys=0.00, real=0.00 secs] 
108.220: Total time for which application threads were stopped: 0.0024010 seconds, Stopping threads took: 0.0019570 seconds
108.241: Application time: 0.0214540 seconds
108.241: [GC [PSYoungGen: 7231K->448K(7680K)] 17436K->10652K(25088K), 0.0004150 secs] [Times: user=0.00 sys=0.00, real=0.00 secs] 
108.242: Total time for which application threads were stopped: 0.0005110 seconds, Stopping threads took: 0.0000460 seconds
108.266: Application time: 0.0241360 seconds
108.266: [GC [PSYoungGen: 7103K->512K(7680K)] 17308K->10716K(25088K), 0.0003990 secs] [Times: user=0.00 sys=0.00, real=0.00 secs] 
108.266: Total time for which application threads were stopped: 0.0004980 seconds, Stopping threads took: 0.0000480 seconds
108.295: Application time: 0.0290260 seconds
108.295: [GC [PSYoungGen: 7164K->512K(7680K)] 17369K->10716K(25088K), 0.0003720 secs] [Times: user=0.00 sys=0.00, real=0.00 secs] 
108.296: Total time for which application threads were stopped: 0.0004690 seconds, Stopping threads took: 0.0000440 seconds
108.324: Application time: 0.0283470 seconds
108.324: [GC [PSYoungGen: 7165K->512K(7680K)] 17370K->10716K(25088K), 0.0003830 secs] [Times: user=0.00 sys=0.00, real=0.00 secs] 
108.324: Total time for which application threads were stopped: 0.0004890 seconds, Stopping threads took: 0.0000550 seconds
108.354: Application time: 0.0293760 seconds
108.354: [GC [PSYoungGen: 7164K->512K(7680K)] 17369K->10716K(25088K), 0.0003720 secs] [Times: user=0.00 sys=0.00, real=0.00 secs] 
108.354: Total time for which application threads were stopped: 0.0004690 seconds, Stopping threads took: 0.0000460 seconds
108.384: Application time: 0.0292990 seconds
108.384: [GC [PSYoungGen: 7166K->512K(7680K)] 17371K->10716K(25088K), 0.0003700 secs] [Times: user=0.00 sys=0.00, real=0.00 secs] 
108.384: Total time for which application threads were stopped: 0.0004760 seconds, Stopping threads took: 0.0000570 seconds
108.406: Application time: 0.0222630 seconds
108.406: [GC [PSYoungGen: 7164K->768K(7680K)] 17369K->10972K(25088K), 0.0003830 secs] [Times: user=0.00 sys=0.00, real=0.00 secs] 
108.407: Total time for which application threads were stopped: 0.0004800 seconds, Stopping threads took: 0.0000500 seconds
108.428: Application time: 0.0214180 seconds
108.428: [GC [PSYoungGen: 7421K->768K(7680K)] 17626K->10972K(25088K), 0.0004470 secs] [Times: user=0.00 sys=0.00, real=0.00 secs] 
108.429: Total time for which application threads were stopped: 0.0005460 seconds, Stopping threads took: 0.0000470 seconds
108.453: Application time: 0.0243530 seconds
108.453: [GC [PSYoungGen: 7424K->768K(7680K)] 17628K->10972K(25088K), 0.0004250 secs] [Times: user=0.01 sys=0.00, real=0.00 secs] 
108.454: Total time for which application threads were stopped: 0.0005370 seconds, Stopping threads took: 0.0000600 seconds
108.483: Application time: 0.0289890 seconds
108.483: [GC [PSYoungGen: 7420K->896K(7680K)] 17625K->11100K(25088K), 0.0004010 secs] [Times: user=0.00 sys=0.00, real=0.00 secs] 
108.483: Total time for which application threads were stopped: 0.0004960 seconds, Stopping threads took: 0.0000460 seconds
108.511: Application time: 0.0282500 seconds
108.512: [GC [PSYoungGen: 7550K->736K(7680K)] 17754K->10940K(25088K), 0.0003990 secs] [Times: user=0.00 sys=0.00, real=0.00 secs] 
108.512: Total time for which application threads were stopped: 0.0005060 seconds, Stopping threads took: 0.0000560 seconds
108.534: Application time: 0.0218530 seconds
108.534: [GC [PSYoungGen: 7388K->976K(7680K)] 17593K->11180K(25088K), 0.0004110 secs] [Times: user=0.00 sys=0.00, real=0.00 secs] 
108.534: Total time for which application threads were stopped: 0.0005110 seconds, Stopping threads took: 0.0000500 seconds
108.555: Application time: 0.0211640 seconds
108.556: [GC [PSYoungGen: 7631K->928K(7680K)] 17836K->11132K(25088K), 0.0004090 secs] [Times: user=0.00 sys=0.00, real=0.00 secs] 
108.556: Total time for which application threads were stopped: 0.0005160 seconds, Stopping threads took: 0.0000560 seconds
108.580: Application time: 0.0239190 seconds
108.580: [GC [PSYoungGen: 7581K->960K(7680K)] 17786K->11164K(25088K), 0.0004270 secs] [Times: user=0.00 sys=0.00, real=0.00 secs] 
108.580: Total time for which application threads were stopped: 0.0005180 seconds, Stopping threads took: 0.0000410 seconds
108.608: Application time: 0.0279380 seconds
108.608: [GC [PSYoungGen: 7612K->1008K(7680K)] 17817K->11212K(25088K), 0.0004370 secs] [Times: user=0.01 sys=0.00, real=0.00 secs] 
108.609: Total time for which application threads were stopped: 0.0005420 seconds, Stopping threads took: 0.0000540 seconds
108.636: Application time: 0.0266710 seconds
108.636: [GC [PSYoungGen: 7662K->1008K(7680K)] 17867K->11212K(25088K), 0.0004240 secs] [Times: user=0.00 sys=0.00, real=0.00 secs] 
108.636: Total time for which application threads were stopped: 0.0005240 seconds, Stopping threads took: 0.0000510 seconds
108.665: Application time: 0.0286430 seconds
108.665: [GC [PSYoungGen: 7661K->1008K(7680K)] 17866K->11220K(25088K), 0.0004440 secs] [Times: user=0.00 sys=0.00, real=0.00 secs] 
108.665: Total time for which application threads were stopped: 0.0005390 seconds, Stopping threads took: 0.0000450 seconds
108.695: Application time: 0.0301600 seconds
108.699: [GC [PSYoungGen: 7662K->896K(7680K)] 17875K->11236K(25088K), 0.0005750 secs] [Times: user=0.01 sys=0.00, real=0.00 secs] 
108.700: Total time for which application threads were stopped: 0.0042920 seconds, Stopping threads took: 0.0036380 seconds
108.730: Application time: 0.0298380 seconds
108.730: [GC [PSYoungGen: 7548K->864K(7680K)] 17889K->11204K(25088K), 0.0004690 secs] [Times: user=0.00 sys=0.00, real=0.00 secs] 
108.730: Total time for which application threads were stopped: 0.0005580 seconds, Stopping threads took: 0.0000390 seconds
108.760: Application time: 0.0295390 seconds
108.760: [GC [PSYoungGen: 7518K->864K(7680K)] 17859K->11204K(25088K), 0.0004880 secs] [Times: user=0.00 sys=0.00, real=0.00 secs] 
108.760: Total time for which application threads were stopped: 0.0006010 seconds, Stopping threads took: 0.0000590 seconds
108.790: Application time: 0.0299860 seconds
108.790: [GC [PSYoungGen: 7516K->880K(7680K)] 17857K->11220K(25088K), 0.0004010 secs] [Times: user=0.00 sys=0.00, real=0.00 secs] 
108.791: Total time for which application threads were stopped: 0.0005050 seconds, Stopping threads took: 0.0000540 seconds
108.813: Application time: 0.0224180 seconds
108.813: [GC [PSYoungGen: 7534K->1008K(7680K)] 17875K->11460K(25088K), 0.0004810 secs] [Times: user=0.00 sys=0.00, real=0.00 secs] 
108.814: Total time for which application threads were stopped: 0.0006050 seconds, Stopping threads took: 0.0000710 seconds
108.835: Application time: 0.0208980 seconds
108.835: [GC [PSYoungGen: 7661K->1008K(7680K)] 18114K->11596K(25088K), 0.0004830 secs] [Times: user=0.00 sys=0.00, real=0.00 secs] 
108.835: Total time for which application threads were stopped: 0.0005720 seconds, Stopping threads took: 0.0000390 seconds
108.855: Application time: 0.0194250 seconds
108.855: [GC [PSYoungGen: 7661K->992K(7680K)] 18250K->11749K(25088K), 0.0005070 secs] [Times: user=0.00 sys=0.00, real=0.00 secs] 
108.855: Total time for which application threads were stopped: 0.0006160 seconds, Stopping threads took: 0.0000540 seconds
108.876: Application time: 0.0204730 seconds
108.876: [GC [PSYoungGen: 7644K->992K(7680K)] 18401K->11885K(25088K), 0.0004440 secs] [Times: user=0.00 sys=0.00, real=0.00 secs] 
108.876: Total time for which application threads were stopped: 0.0005410 seconds, Stopping threads took: 0.0000460 seconds
108.898: Application time: 0.0216880 seconds
108.898: [GC [PSYoungGen: 7645K->1008K(7680K)] 18538K->11925K(25088K), 0.0004190 secs] [Times: user=0.00 sys=0.00, real=0.00 secs] 
108.899: Total time for which application threads were stopped: 0.0005260 seconds, Stopping threads took: 0.0000560 seconds
108.926: Application time: 0.0278340 seconds
108.926: [GC [PSYoungGen: 7662K->992K(7680K)] 18579K->11909K(25088K), 0.0004370 secs] [Times: user=0.00 sys=0.00, real=0.00 secs] 
108.927: Total time for which application threads were stopped: 0.0005300 seconds, Stopping threads took: 0.0000430 seconds
108.955: Application time: 0.0279930 seconds
108.955: [GC [PSYoungGen: 7646K->992K(7680K)] 18563K->11917K(25088K), 0.0004440 secs] [Times: user=0.00 sys=0.00, real=0.00 secs] 
108.955: Total time for which application threads were stopped: 0.0005370 seconds, Stopping threads took: 0.0000420 seconds
108.981: Application time: 0.0253230 seconds
108.981: [GC [PSYoungGen: 7645K->992K(7680K)] 18570K->12093K(25088K), 0.0004730 secs] [Times: user=0.00 sys=0.00, real=0.00 secs] 
108.981: Total time for which application threads were stopped: 0.0005830 seconds, Stopping threads took: 0.0000570 seconds
109.002: Application time: 0.0208710 seconds
109.002: [GC [PSYoungGen: 7646K->976K(7680K)] 18747K->12149K(25088K), 0.0004890 secs] [Times: user=0.00 sys=0.00, real=0.00 secs] 
109.003: Total time for which application threads were stopped: 0.0005880 seconds, Stopping threads took: 0.0000490 seconds
109.023: Application time: 0.0204520 seconds
109.023: [GC [PSYoungGen: 7520K->864K(7680K)] 18693K->12061K(25088K), 0.0004210 secs] [Times: user=0.00 sys=0.00, real=0.00 secs] 
109.024: Total time for which application threads were stopped: 0.0005280 seconds, Stopping threads took: 0.0000570 seconds
109.046: Application time: 0.0220250 seconds
109.046: [GC [PSYoungGen: 7515K->960K(7680K)] 18713K->12449K(25088K), 0.0004590 secs] [Times: user=0.00 sys=0.00, real=0.00 secs] 
109.046: Total time for which application threads were stopped: 0.0005470 seconds, Stopping threads took: 0.0000380 seconds
109.067: Application time: 0.0209890 seconds
109.067: [GC [PSYoungGen: 7615K->960K(7680K)] 19105K->12449K(25088K), 0.0004910 secs] [Times: user=0.00 sys=0.00, real=0.00 secs] 
109.068: Total time for which application threads were stopped: 0.0006070 seconds, Stopping threads took: 0.0000540 seconds
109.091: Application time: 0.0228230 seconds
109.091: [GC [PSYoungGen: 7615K->992K(7680K)] 19105K->12609K(25088K), 0.0004270 secs] [Times: user=0.01 sys=0.00, real=0.01 secs] 
109.091: Total time for which application threads were stopped: 0.0005220 seconds, Stopping threads took: 0.0000440 seconds
109.120: Application time: 0.0291360 seconds
109.121: [GC [PSYoungGen: 7644K->944K(7680K)] 19261K->12561K(25088K), 0.0004250 secs] [Times: user=0.00 sys=0.00, real=0.00 secs] 
109.121: Total time for which application threads were stopped: 0.0005350 seconds, Stopping threads took: 0.0000600 seconds
109.150: Application time: 0.0288960 seconds
109.150: [GC [PSYoungGen: 7598K->960K(7680K)] 19215K->12577K(25088K), 0.0004380 secs] [Times: user=0.00 sys=0.00, real=0.00 secs] 
109.150: Total time for which application threads were stopped: 0.0005340 seconds, Stopping threads took: 0.0000460 seconds
109.180: Application time: 0.0291720 seconds
109.180: [GC [PSYoungGen: 7614K->960K(7680K)] 19232K->12593K(25088K), 0.0004360 secs] [Times: user=0.00 sys=0.00, real=0.00 secs] 
109.180: Total time for which application threads were stopped: 0.0005410 seconds, Stopping threads took: 0.0000520 seconds
109.209: Application time: 0.0293090 seconds
109.210: [GC [PSYoungGen: 7614K->912K(7680K)] 19248K->12545K(25088K), 0.0004150 secs] [Times: user=0.00 sys=0.00, real=0.00 secs] 
109.210: Total time for which application threads were stopped: 0.0005300 seconds, Stopping threads took: 0.0000540 seconds
109.238: Application time: 0.0284550 seconds
109.239: [GC [PSYoungGen: 7564K->912K(7680K)] 19197K->12598K(25088K), 0.0004890 secs] [Times: user=0.00 sys=0.00, real=0.00 secs] 
109.239: Total time for which application threads were stopped: 0.0005730 seconds, Stopping threads took: 0.0000340 seconds
109.269: Application time: 0.0302050 seconds
109.269: [GC [PSYoungGen: 7566K->880K(7680K)] 19252K->12566K(25088K), 0.0004750 secs] [Times: user=0.00 sys=0.00, real=0.00 secs] 
109.270: Total time for which application threads were stopped: 0.0005820 seconds, Stopping threads took: 0.0000570 seconds
109.297: Application time: 0.0275480 seconds
109.297: [GC [PSYoungGen: 7533K->992K(7680K)] 19219K->12734K(25088K), 0.0004490 secs] [Times: user=0.00 sys=0.00, real=0.00 secs] 
109.298: Total time for which application threads were stopped: 0.0005620 seconds, Stopping threads took: 0.0000630 seconds
109.328: Application time: 0.0295800 seconds
109.328: [GC [PSYoungGen: 7646K->928K(7680K)] 19388K->12798K(25088K), 0.0004440 secs] [Times: user=0.00 sys=0.00, real=0.00 secs] 
109.328: Total time for which application threads were stopped: 0.0005520 seconds, Stopping threads took: 0.0000570 seconds
109.358: Application time: 0.0294660 seconds
109.358: [GC [PSYoungGen: 7582K->864K(7680K)] 19452K->12734K(25088K), 0.0004000 secs] [Times: user=0.00 sys=0.00, real=0.00 secs] 
109.358: Total time for which application threads were stopped: 0.0004970 seconds, Stopping threads took: 0.0000450 seconds
109.388: Application time: 0.0295990 seconds
109.388: [GC [PSYoungGen: 7518K->832K(7680K)] 19388K->12754K(25088K), 0.0004640 secs] [Times: user=0.00 sys=0.00, real=0.00 secs] 
109.388: Total time for which application threads were stopped: 0.0005680 seconds, Stopping threads took: 0.0000530 seconds
109.418: Application time: 0.0295890 seconds
109.418: [GC [PSYoungGen: 7486K->736K(7680K)] 19409K->12658K(25088K), 0.0004570 secs] [Times: user=0.00 sys=0.00, real=0.00 secs] 
109.418: Total time for which application threads were stopped: 0.0005550 seconds, Stopping threads took: 0.0000500 seconds
109.446: Application time: 0.0279510 seconds
109.446: [GC [PSYoungGen: 7391K->768K(7680K)] 19314K->12738K(25088K), 0.0004220 secs] [Times: user=0.00 sys=0.00, real=0.00 secs] 
109.447: Total time for which application threads were stopped: 0.0005170 seconds, Stopping threads took: 0.0000440 seconds
109.476: Application time: 0.0287560 seconds
109.476: [GC [PSYoungGen: 7420K->960K(7680K)] 19390K->12978K(25088K), 0.0004270 secs] [Times: user=0.00 sys=0.00, real=0.00 secs] 
109.476: Total time for which application threads were stopped: 0.0005600 seconds, Stopping threads took: 0.0000820 seconds
109.505: Application time: 0.0286240 seconds
109.505: [GC [PSYoungGen: 7613K->928K(7680K)] 19632K->12946K(25088K), 0.0004590 secs] [Times: user=0.01 sys=0.00, real=0.00 secs] 
109.505: Total time for which application threads were stopped: 0.0005690 seconds, Stopping threads took: 0.0000560 seconds
109.535: Application time: 0.0298500 seconds
109.535: [GC [PSYoungGen: 7582K->864K(7680K)] 19601K->12882K(25088K), 0.0004640 secs] [Times: user=0.00 sys=0.00, real=0.00 secs] 
109.536: Total time for which application threads were stopped: 0.0005550 seconds, Stopping threads took: 0.0000450 seconds
109.566: Application time: 0.0298130 seconds
109.566: [GC [PSYoungGen: 7516K->896K(7680K)] 19535K->12914K(25088K), 0.0004520 secs] [Times: user=0.00 sys=0.00, real=0.00 secs] 
109.566: Total time for which application threads were stopped: 0.0005600 seconds, Stopping threads took: 0.0000580 seconds
109.596: Application time: 0.0300360 seconds
109.596: [GC [PSYoungGen: 7550K->864K(7680K)] 19569K->12882K(25088K), 0.0004400 secs] [Times: user=0.00 sys=0.00, real=0.00 secs] 
109.597: Total time for which application threads were stopped: 0.0005440 seconds, Stopping threads took: 0.0000520 seconds
109.627: Application time: 0.0303750 seconds
109.627: [GC [PSYoungGen: 7518K->992K(7680K)] 19537K->13018K(25088K), 0.0004610 secs] [Times: user=0.00 sys=0.00, real=0.00 secs] 
109.628: Total time for which application threads were stopped: 0.0005630 seconds, Stopping threads took: 0.0000510 seconds
109.658: Application time: 0.0298830 seconds
109.658: [GC [PSYoungGen: 7644K->896K(7680K)] 19671K->12922K(25088K), 0.0003960 secs] [Times: user=0.01 sys=0.00, real=0.00 secs] 
109.658: Total time for which application threads were stopped: 0.0004910 seconds, Stopping threads took: 0.0000470 seconds
109.689: Application time: 0.0309710 seconds
109.689: [GC [PSYoungGen: 7550K->864K(7680K)] 19577K->12890K(25088K), 0.0004240 secs] [Times: user=0.01 sys=0.00, real=0.00 secs] 
109.690: Total time for which application threads were stopped: 0.0005330 seconds, Stopping threads took: 0.0000570 seconds
109.719: Application time: 0.0297840 seconds
109.719: [GC [PSYoungGen: 7518K->672K(7680K)] 19545K->13055K(25088K), 0.0004400 secs] [Times: user=0.01 sys=0.00, real=0.00 secs] 
109.720: Total time for which application threads were stopped: 0.0005520 seconds, Stopping threads took: 0.0000490 seconds
109.750: Application time: 0.0300170 seconds
109.750: [GC [PSYoungGen: 7326K->448K(7680K)] 19710K->13043K(25088K), 0.0004620 secs] [Times: user=0.01 sys=0.00, real=0.00 secs] 
109.750: Total time for which application threads were stopped: 0.0005790 seconds, Stopping threads took: 0.0000480 seconds
109.780: Application time: 0.0296960 seconds
109.780: [GC [PSYoungGen: 7102K->512K(7680K)] 19698K->13107K(25088K), 0.0003830 secs] [Times: user=0.00 sys=0.00, real=0.00 secs] 
109.781: Total time for which application threads were stopped: 0.0004880 seconds, Stopping threads took: 0.0000520 seconds
109.810: Application time: 0.0296790 seconds
109.810: [GC [PSYoungGen: 7166K->512K(7680K)] 19762K->13107K(25088K), 0.0003770 secs] [Times: user=0.00 sys=0.00, real=0.00 secs] 
109.811: Total time for which application threads were stopped: 0.0004760 seconds, Stopping threads took: 0.0000480 seconds
109.841: Application time: 0.0297380 seconds
109.841: [GC [PSYoungGen: 7166K->480K(7680K)] 19762K->13075K(25088K), 0.0004180 secs] [Times: user=0.00 sys=0.00, real=0.00 secs] 
109.841: Total time for which application threads were stopped: 0.0005140 seconds, Stopping threads took: 0.0000460 seconds
109.871: Application time: 0.0296140 seconds
109.871: [GC [PSYoungGen: 7134K->544K(7680K)] 19730K->13139K(25088K), 0.0003580 secs] [Times: user=0.00 sys=0.00, real=0.01 secs] 
109.871: Total time for which application threads were stopped: 0.0004740 seconds, Stopping threads took: 0.0000540 seconds
109.901: Application time: 0.0295560 seconds
109.901: [GC [PSYoungGen: 7198K->384K(7680K)] 19794K->13203K(25088K), 0.0003640 secs] [Times: user=0.01 sys=0.00, real=0.00 secs] 
109.901: Total time for which application threads were stopped: 0.0004600 seconds, Stopping threads took: 0.0000470 seconds
109.926: Application time: 0.0250650 seconds
109.926: [GC [PSYoungGen: 7038K->512K(7680K)] 19857K->13339K(25088K), 0.0003660 secs] [Times: user=0.00 sys=0.00, real=0.00 secs] 
109.927: Total time for which application threads were stopped: 0.0004660 seconds, Stopping threads took: 0.0000510 seconds
109.945: Application time: 0.0185020 seconds
109.945: [GC [PSYoungGen: 7164K->512K(7680K)] 19992K->13552K(25088K), 0.0004290 secs] [Times: user=0.00 sys=0.00, real=0.00 secs] 
109.946: Total time for which application threads were stopped: 0.0005200 seconds, Stopping threads took: 0.0000430 seconds
109.962: Application time: 0.0162980 seconds
109.962: [GC [PSYoungGen: 7166K->512K(7680K)] 20207K->13552K(25088K), 0.0003440 secs] [Times: user=0.00 sys=0.00, real=0.00 secs] 
109.962: Total time for which application threads were stopped: 0.0004150 seconds, Stopping threads took: 0.0000250 seconds
109.983: Application time: 0.0204900 seconds
109.983: [GC [PSYoungGen: 7167K->576K(7680K)] 20207K->13616K(25088K), 0.0003760 secs] [Times: user=0.00 sys=0.00, real=0.00 secs] 
109.983: Total time for which application threads were stopped: 0.0004860 seconds, Stopping threads took: 0.0000580 seconds
110.010: Application time: 0.0270620 seconds
110.011: [GC [PSYoungGen: 7230K->544K(7680K)] 20271K->13584K(25088K), 0.0003770 secs] [Times: user=0.00 sys=0.00, real=0.00 secs] 
110.011: Total time for which application threads were stopped: 0.0004760 seconds, Stopping threads took: 0.0000480 seconds
110.039: Application time: 0.0280010 seconds
110.039: [GC [PSYoungGen: 7198K->512K(7680K)] 20238K->13552K(25088K), 0.0003690 secs] [Times: user=0.00 sys=0.00, real=0.01 secs] 
110.039: Total time for which application threads were stopped: 0.0004740 seconds, Stopping threads took: 0.0000560 seconds
110.068: Application time: 0.0283480 seconds
110.068: [GC [PSYoungGen: 7166K->544K(7680K)] 20206K->13584K(25088K), 0.0003610 secs] [Times: user=0.00 sys=0.00, real=0.00 secs] 
110.068: Total time for which application threads were stopped: 0.0004660 seconds, Stopping threads took: 0.0000580 seconds
110.098: Application time: 0.0293370 seconds
110.098: [GC [PSYoungGen: 7198K->544K(7680K)] 20239K->13584K(25088K), 0.0003620 secs] [Times: user=0.01 sys=0.00, real=0.00 secs] 
110.098: Total time for which application threads were stopped: 0.0004630 seconds, Stopping threads took: 0.0000520 seconds
110.128: Application time: 0.0295350 seconds
110.131: [GC [PSYoungGen: 7198K->608K(7680K)] 20239K->13648K(25088K), 0.0003970 secs] [Times: user=0.00 sys=0.00, real=0.00 secs] 
110.132: Total time for which application threads were stopped: 0.0039350 seconds, Stopping threads took: 0.0034920 seconds
110.156: Application time: 0.0248110 seconds
110.156: [GC [PSYoungGen: 7260K->704K(7680K)] 20301K->13744K(25088K), 0.0003910 secs] [Times: user=0.00 sys=0.00, real=0.00 secs] 
110.157: Total time for which application threads were stopped: 0.0004950 seconds, Stopping threads took: 0.0000590 seconds
110.178: Application time: 0.0206860 seconds
110.178: [GC [PSYoungGen: 7356K->768K(7680K)] 20396K->13808K(25088K), 0.0003940 secs] [Times: user=0.00 sys=0.00, real=0.00 secs] 
110.178: Total time for which application threads were stopped: 0.0004920 seconds, Stopping threads took: 0.0000460 seconds
110.201: Application time: 0.0224840 seconds
110.201: [GC [PSYoungGen: 7421K->736K(7680K)] 20462K->13776K(25088K), 0.0003840 secs] [Times: user=0.00 sys=0.00, real=0.00 secs] 
110.201: Total time for which application threads were stopped: 0.0004940 seconds, Stopping threads took: 0.0000560 seconds
110.231: Application time: 0.0300020 seconds
110.231: [GC [PSYoungGen: 7388K->704K(7680K)] 20428K->13744K(25088K), 0.0004230 secs] [Times: user=0.00 sys=0.00, real=0.00 secs] 
110.232: Total time for which application threads were stopped: 0.0005490 seconds, Stopping threads took: 0.0000540 seconds
110.259: Application time: 0.0276720 seconds
110.259: [GC [PSYoungGen: 7358K->768K(7680K)] 20399K->13808K(25088K), 0.0004360 secs] [Times: user=0.01 sys=0.00, real=0.00 secs] 
110.260: Total time for which application threads were stopped: 0.0006640 seconds, Stopping threads took: 0.0001760 seconds
110.280: Application time: 0.0202810 seconds
110.280: [GC [PSYoungGen: 7419K->992K(7680K)] 20460K->14032K(25088K), 0.0004150 secs] [Times: user=0.00 sys=0.00, real=0.00 secs] 
110.281: Total time for which application threads were stopped: 0.0005170 seconds, Stopping threads took: 0.0000520 seconds
110.303: Application time: 0.0218410 seconds
110.303: [GC [PSYoungGen: 7647K->960K(7680K)] 20688K->14000K(25088K), 0.0004240 secs] [Times: user=0.00 sys=0.00, real=0.00 secs] 
110.303: Total time for which application threads were stopped: 0.0005290 seconds, Stopping threads took: 0.0000510 seconds
110.330: Application time: 0.0268180 seconds
110.330: [GC [PSYoungGen: 7614K->960K(7680K)] 20655K->14000K(25088K), 0.0004100 secs] [Times: user=0.00 sys=0.00, real=0.00 secs] 
110.330: Total time for which application threads were stopped: 0.0005090 seconds, Stopping threads took: 0.0000490 seconds
110.359: Application time: 0.0281370 seconds
110.359: [GC [PSYoungGen: 7613K->960K(7680K)] 20654K->14000K(25088K), 0.0004870 secs] [Times: user=0.00 sys=0.00, real=0.01 secs] 
110.359: Total time for which application threads were stopped: 0.0005790 seconds, Stopping threads took: 0.0000400 seconds
110.386: Application time: 0.0265620 seconds
110.386: [GC [PSYoungGen: 7612K->992K(7680K)] 20653K->14032K(25088K), 0.0004120 secs] [Times: user=0.00 sys=0.00, real=0.00 secs] 
110.386: Total time for which application threads were stopped: 0.0005180 seconds, Stopping threads took: 0.0000550 seconds
110.414: Application time: 0.0273810 seconds
110.414: [GC [PSYoungGen: 7646K->1008K(7680K)] 20687K->14064K(25088K), 0.0004960 secs] [Times: user=0.00 sys=0.00, real=0.00 secs] 
110.414: Total time for which application threads were stopped: 0.0006020 seconds, Stopping threads took: 0.0000560 seconds
110.444: Application time: 0.0294580 seconds
110.444: [GC [PSYoungGen: 7662K->960K(7680K)] 20719K->14016K(25088K), 0.0004240 secs] [Times: user=0.00 sys=0.00, real=0.00 secs] 
110.444: Total time for which application threads were stopped: 0.0005260 seconds, Stopping threads took: 0.0000550 seconds
110.474: Application time: 0.0295040 seconds
110.474: [GC [PSYoungGen: 7614K->976K(7680K)] 20671K->14032K(25088K), 0.0004510 secs] [Times: user=0.00 sys=0.00, real=0.00 secs] 
110.474: Total time for which application threads were stopped: 0.0005490 seconds, Stopping threads took: 0.0000480 seconds
110.504: Application time: 0.0295400 seconds
110.504: [GC [PSYoungGen: 7630K->992K(7680K)] 20687K->14048K(25088K), 0.0004670 secs] [Times: user=0.00 sys=0.00, real=0.00 secs] 
110.504: Total time for which application threads were stopped: 0.0005720 seconds, Stopping threads took: 0.0000570 seconds
110.534: Application time: 0.0295560 seconds
110.534: [GC [PSYoungGen: 7646K->992K(7680K)] 20703K->14052K(25088K), 0.0004690 secs] [Times: user=0.00 sys=0.00, real=0.00 secs] 
110.534: Total time for which application threads were stopped: 0.0005780 seconds, Stopping threads took: 0.0000590 seconds
110.560: Application time: 0.0252730 seconds
110.560: [GC [PSYoungGen: 7644K->1008K(7680K)] 20704K->14244K(25088K), 0.0005190 secs] [Times: user=0.00 sys=0.00, real=0.00 secs] 
110.560: Total time for which application threads were stopped: 0.0006150 seconds, Stopping threads took: 0.0000470 seconds
110.580: Application time: 0.0198940 seconds
110.580: Total time for which application threads were stopped: 0.0000700 seconds, Stopping threads took: 0.0000530 seconds
110.580: Application time: 0.0000500 seconds
110.580: [GC [PSYoungGen: 7564K->960K(7680K)] 20928K->14452K(25088K), 0.0005050 secs] [Times: user=0.01 sys=0.00, real=0.00 secs] 
110.581: Total time for which application threads were stopped: 0.0005780 seconds, Stopping threads took: 0.0000260 seconds
110.602: Application time: 0.0209900 seconds
110.602: [GC [PSYoungGen: 7613K->992K(7680K)] 21390K->14985K(25088K), 0.0004770 secs] [Times: user=0.00 sys=0.00, real=0.00 secs] 
110.603: Total time for which application threads were stopped: 0.0005660 seconds, Stopping threads took: 0.0000400 seconds
110.623: Application time: 0.0206360 seconds
110.623: [GC [PSYoungGen: 7646K->992K(7680K)] 21640K->15241K(25088K), 0.0004840 secs] [Times: user=0.00 sys=0.00, real=0.00 secs] 
110.624: Total time for which application threads were stopped: 0.0005780 seconds, Stopping threads took: 0.0000460 seconds
110.645: Application time: 0.0209430 seconds
110.645: [GC [PSYoungGen: 7646K->848K(7680K)] 21896K->15097K(25088K), 0.0004130 secs] [Times: user=0.01 sys=0.00, real=0.00 secs] 
110.645: Total time for which application threads were stopped: 0.0004940 seconds, Stopping threads took: 0.0000320 seconds
110.673: Application time: 0.0279460 seconds
110.673: [GC [PSYoungGen: 7501K->1008K(7680K)] 21751K->15417K(25088K), 0.0004730 secs] [Times: user=0.00 sys=0.00, real=0.00 secs] 
110.674: Total time for which application threads were stopped: 0.0005890 seconds, Stopping threads took: 0.0000670 seconds
110.702: Application time: 0.0281440 seconds
110.702: [GC [PSYoungGen: 7554K->1008K(7680K)] 21964K->15545K(25088K), 0.0004860 secs] [Times: user=0.01 sys=0.00, real=0.00 secs] 
110.702: Total time for which application threads were stopped: 0.0005860 seconds, Stopping threads took: 0.0000500 seconds
110.723: Application time: 0.0208260 seconds
110.727: [GC [PSYoungGen: 7663K->1008K(7680K)] 22200K->15926K(25088K), 0.0005710 secs] [Times: user=0.00 sys=0.00, real=0.00 secs] 
110.728: Total time for which application threads were stopped: 0.0044370 seconds, Stopping threads took: 0.0038160 seconds
110.749: Application time: 0.0215160 seconds
110.749: [GC [PSYoungGen: 7663K->944K(7680K)] 22582K->15990K(25088K), 0.0005360 secs] [Times: user=0.01 sys=0.00, real=0.00 secs] 
110.750: Total time for which application threads were stopped: 0.0006800 seconds, Stopping threads took: 0.0000680 seconds
110.773: Application time: 0.0233720 seconds
110.773: [GC [PSYoungGen: 7598K->1008K(7680K)] 22644K->16238K(25088K), 0.0004900 secs] [Times: user=0.00 sys=0.00, real=0.00 secs] 
110.774: Total time for which application threads were stopped: 0.0006010 seconds, Stopping threads took: 0.0000530 seconds
110.795: Application time: 0.0215030 seconds
110.795: [GC [PSYoungGen: 7660K->1008K(7680K)] 22890K->16491K(25088K), 0.0005120 secs] [Times: user=0.00 sys=0.00, real=0.00 secs] 
110.796: Total time for which application threads were stopped: 0.0006180 seconds, Stopping threads took: 0.0000510 seconds
110.817: Application time: 0.0212570 seconds
110.817: [GC [PSYoungGen: 7659K->992K(7680K)] 23142K->16483K(25088K), 0.0004270 secs] [Times: user=0.00 sys=0.00, real=0.00 secs] 
110.818: Total time for which application threads were stopped: 0.0005290 seconds, Stopping threads took: 0.0000520 seconds
110.841: Application time: 0.0236800 seconds
110.842: [GC [PSYoungGen: 7647K->992K(7680K)] 23138K->16495K(25088K), 0.0004770 secs] [Times: user=0.00 sys=0.00, real=0.00 secs] 
110.842: Total time for which application threads were stopped: 0.0005670 seconds, Stopping threads took: 0.0000420 seconds
110.871: Application time: 0.0288470 seconds
110.871: [GC [PSYoungGen: 7644K->1008K(7680K)] 23147K->16511K(25088K), 0.0004510 secs] [Times: user=0.00 sys=0.00, real=0.01 secs] 
110.871: Total time for which application threads were stopped: 0.0005520 seconds, Stopping threads took: 0.0000510 seconds
110.900: Application time: 0.0284330 seconds
110.900: [GC [PSYoungGen: 7662K->992K(7680K)] 23165K->16503K(25088K), 0.0004340 secs] [Times: user=0.00 sys=0.00, real=0.00 secs] 
110.900: Total time for which application threads were stopped: 0.0005420 seconds, Stopping threads took: 0.0000570 seconds
110.930: Application time: 0.0290990 seconds
110.930: [GC [PSYoungGen: 7646K->992K(7680K)] 23157K->16503K(25088K), 0.0004560 secs] [Times: user=0.01 sys=0.00, real=0.00 secs] 
110.930: Total time for which application threads were stopped: 0.0005530 seconds, Stopping threads took: 0.0000480 seconds
110.959: Application time: 0.0292690 seconds
110.959: [GC [PSYoungGen: 7646K->976K(7680K)] 23157K->16527K(25088K), 0.0004410 secs] [Times: user=0.00 sys=0.00, real=0.00 secs] 
110.960: Total time for which application threads were stopped: 0.0005420 seconds, Stopping threads took: 0.0000510 seconds
110.989: Application time: 0.0292310 seconds
110.989: [GC [PSYoungGen: 7630K->848K(7680K)] 23181K->16559K(25088K), 0.0004160 secs] [Times: user=0.00 sys=0.00, real=0.00 secs] 
110.990: Total time for which application threads were stopped: 0.0005250 seconds, Stopping threads took: 0.0000570 seconds
111.017: Application time: 0.0274400 seconds
111.017: [GC [PSYoungGen: 7502K->976K(7680K)] 23213K->16815K(25088K), 0.0004380 secs] [Times: user=0.01 sys=0.00, real=0.00 secs] 
111.018: Total time for which application threads were stopped: 0.0005460 seconds, Stopping threads took: 0.0000570 seconds
111.046: Application time: 0.0284600 seconds
111.046: [GC [PSYoungGen: 7628K->992K(7680K)] 23467K->16903K(25088K), 0.0004400 secs] [Times: user=0.00 sys=0.00, real=0.00 secs] 
111.047: Total time for which application threads were stopped: 0.0005360 seconds, Stopping threads took: 0.0000420 seconds
111.075: Application time: 0.0284600 seconds
111.075: [GC [PSYoungGen: 7645K->976K(7680K)] 23556K->16923K(25088K), 0.0004790 secs] [Times: user=0.00 sys=0.00, real=0.00 secs] 
111.076: Total time for which application threads were stopped: 0.0005800 seconds, Stopping threads took: 0.0000490 seconds
111.105: Application time: 0.0293530 seconds
111.105: [GC [PSYoungGen: 7630K->928K(7680K)] 23578K->16875K(25088K), 0.0004850 secs] [Times: user=0.00 sys=0.00, real=0.00 secs] 
111.106: Total time for which application threads were stopped: 0.0005880 seconds, Stopping threads took: 0.0000550 seconds
111.135: Application time: 0.0293530 seconds
111.135: [GC [PSYoungGen: 7582K->720K(7680K)] 23530K->16888K(25088K), 0.0004690 secs] [Times: user=0.00 sys=0.00, real=0.00 secs] 
111.136: Total time for which application threads were stopped: 0.0005760 seconds, Stopping threads took: 0.0000490 seconds
111.163: Application time: 0.0278860 seconds
111.164: [GC [PSYoungGen: 7374K->864K(7680K)] 23542K->17032K(25088K), 0.0003760 secs] [Times: user=0.00 sys=0.00, real=0.00 secs] 
111.164: Total time for which application threads were stopped: 0.0004710 seconds, Stopping threads took: 0.0000450 seconds
111.195: Application time: 0.0308080 seconds
111.195: [GC [PSYoungGen: 7516K->832K(7680K)] 23684K->17048K(25088K), 0.0004340 secs] [Times: user=0.00 sys=0.00, real=0.00 secs] 
111.195: Total time for which application threads were stopped: 0.0005380 seconds, Stopping threads took: 0.0000530 seconds
111.224: Application time: 0.0288830 seconds
111.224: [GC [PSYoungGen: 7484K->640K(7680K)] 23700K->16912K(25088K), 0.0003840 secs] [Times: user=0.00 sys=0.00, real=0.00 secs] 
111.225: Total time for which application threads were stopped: 0.0004780 seconds, Stopping threads took: 0.0000430 seconds
111.253: Application time: 0.0288310 seconds
111.254: [GC [PSYoungGen: 7292K->704K(7680K)] 23564K->16976K(25088K), 0.0004260 secs] [Times: user=0.01 sys=0.00, real=0.00 secs] 
111.254: Total time for which application threads were stopped: 0.0005420 seconds, Stopping threads took: 0.0000550 seconds
111.284: Application time: 0.0297910 seconds
111.284: [GC [PSYoungGen: 7358K->704K(7680K)] 23630K->16976K(25088K), 0.0003690 secs] [Times: user=0.00 sys=0.00, real=0.00 secs] 
111.284: Total time for which application threads were stopped: 0.0004570 seconds, Stopping threads took: 0.0000400 seconds
111.314: Application time: 0.0299130 seconds
111.314: [GC [PSYoungGen: 7358K->768K(7680K)] 23630K->17040K(25088K), 0.0003620 secs] [Times: user=0.00 sys=0.00, real=0.00 secs] 
111.315: Total time for which application threads were stopped: 0.0004680 seconds, Stopping threads took: 0.0000560 seconds
111.345: Application time: 0.0300230 seconds
111.345: [GC [PSYoungGen: 7422K->736K(7680K)] 23694K->17008K(25088K), 0.0003930 secs] [Times: user=0.00 sys=0.00, real=0.00 secs] 
111.345: Total time for which application threads were stopped: 0.0004930 seconds, Stopping threads took: 0.0000500 seconds
111.375: Application time: 0.0298860 seconds
111.375: [GC [PSYoungGen: 7390K->768K(7680K)] 23662K->17040K(25088K), 0.0003620 secs] [Times: user=0.00 sys=0.00, real=0.00 secs] 
111.376: Total time for which application threads were stopped: 0.0004640 seconds, Stopping threads took: 0.0000540 seconds
111.405: Application time: 0.0299100 seconds
111.406: [GC [PSYoungGen: 7422K->768K(7680K)] 23694K->17040K(25088K), 0.0003500 secs] [Times: user=0.00 sys=0.00, real=0.00 secs] 
111.406: Total time for which application threads were stopped: 0.0004460 seconds, Stopping threads took: 0.0000480 seconds
111.436: Application time: 0.0301200 seconds
111.436: [GC [PSYoungGen: 7420K->768K(7680K)] 23692K->17040K(25088K), 0.0003540 secs] [Times: user=0.00 sys=0.00, real=0.00 secs] 
111.436: Total time for which application threads were stopped: 0.0004430 seconds, Stopping threads took: 0.0000430 seconds
111.466: Application time: 0.0298210 seconds
111.466: [GC [PSYoungGen: 7422K->704K(7680K)] 23694K->17060K(25088K), 0.0003800 secs] [Times: user=0.00 sys=0.00, real=0.00 secs] 
111.467: Total time for which application threads were stopped: 0.0004810 seconds, Stopping threads took: 0.0000540 seconds
111.497: Application time: 0.0297730 seconds
111.497: [GC [PSYoungGen: 7358K->800K(7680K)] 23715K->17164K(25088K), 0.0003600 secs] [Times: user=0.00 sys=0.00, real=0.00 secs] 
111.497: Total time for which application threads were stopped: 0.0004530 seconds, Stopping threads took: 0.0000490 seconds
111.527: Application time: 0.0296790 seconds
111.527: [GC [PSYoungGen: 7454K->544K(7680K)] 23819K->17137K(25088K), 0.0003850 secs] [Times: user=0.00 sys=0.00, real=0.00 secs] 
111.527: Total time for which application threads were stopped: 0.0004870 seconds, Stopping threads took: 0.0000550 seconds
111.557: Application time: 0.0299200 seconds
111.557: [GC [PSYoungGen: 7198K->480K(7680K)] 23792K->17073K(25088K), 0.0003530 secs] [Times: user=0.00 sys=0.00, real=0.00 secs] 
111.558: Total time for which application threads were stopped: 0.0004470 seconds, Stopping threads took: 0.0000420 seconds
111.587: Application time: 0.0298150 seconds
111.587: [GC [PSYoungGen: 7134K->512K(7680K)] 23728K->17105K(25088K), 0.0003410 secs] [Times: user=0.00 sys=0.00, real=0.00 secs] 
111.588: Total time for which application threads were stopped: 0.0004330 seconds, Stopping threads took: 0.0000430 seconds
111.618: Application time: 0.0297410 seconds
111.618: [GC [PSYoungGen: 7166K->320K(7680K)] 23760K->17149K(25088K), 0.0003410 secs] [Times: user=0.00 sys=0.00, real=0.00 secs] 
111.618: Total time for which application threads were stopped: 0.0004520 seconds, Stopping threads took: 0.0000560 seconds
111.648: Application time: 0.0295930 seconds
111.648: [GC [PSYoungGen: 6974K->352K(7680K)] 23804K->17181K(25088K), 0.0003320 secs] [Times: user=0.00 sys=0.00, real=0.00 secs] 
111.648: Total time for which application threads were stopped: 0.0004330 seconds, Stopping threads took: 0.0000510 seconds
111.675: Application time: 0.0273060 seconds
111.675: [GC [PSYoungGen: 7006K->448K(7680K)] 23836K->17301K(25088K), 0.0003900 secs] [Times: user=0.00 sys=0.00, real=0.00 secs] 
111.676: Total time for which application threads were stopped: 0.0004950 seconds, Stopping threads took: 0.0000550 seconds
111.697: Application time: 0.0207510 seconds
111.697: [GC [PSYoungGen: 7104K->352K(7680K)] 23957K->17426K(25088K), 0.0003520 secs] [Times: user=0.00 sys=0.00, real=0.00 secs] 
111.697: Total time for which application threads were stopped: 0.0004510 seconds, Stopping threads took: 0.0000480 seconds
111.715: Application time: 0.0184360 seconds
111.716: [GC [PSYoungGen: 6962K->384K(7680K)] 24037K->17458K(25088K), 0.0004000 secs] [Times: user=0.00 sys=0.00, real=0.00 secs] 
111.716: Total time for which application threads were stopped: 0.0005230 seconds, Stopping threads took: 0.0000630 seconds
111.736: Application time: 0.0196650 seconds
111.736: [GC [PSYoungGen: 7037K->512K(7680K)] 24111K->17586K(25088K), 0.0003520 secs] [Times: user=0.00 sys=0.00, real=0.00 secs] 
111.736: Total time for which application threads were stopped: 0.0004700 seconds, Stopping threads took: 0.0000640 seconds
111.759: Application time: 0.0231710 seconds
111.759: [GC [PSYoungGen: 7165K->512K(7680K)] 24240K->17586K(25088K), 0.0004080 secs] [Times: user=0.00 sys=0.00, real=0.00 secs] 
111.761: Total time for which application threads were stopped: 0.0016130 seconds, Stopping threads took: 0.0000640 seconds
111.789: Application time: 0.0279920 seconds
111.789: [GC [PSYoungGen: 7166K->576K(7680K)] 24240K->17650K(25088K), 0.0003580 secs] [Times: user=0.00 sys=0.00, real=0.00 secs] 
111.789: Total time for which application threads were stopped: 0.0004620 seconds, Stopping threads took: 0.0000540 seconds
111.818: Application time: 0.0282210 seconds
111.818: [GC [PSYoungGen: 7228K->512K(7680K)] 24302K->17586K(25088K), 0.0003490 secs] [Times: user=0.00 sys=0.00, real=0.00 secs] 
111.818: Total time for which application threads were stopped: 0.0004560 seconds, Stopping threads took: 0.0000590 seconds
111.847: Application time: 0.0294120 seconds
111.851: [GC [PSYoungGen: 7166K->544K(7680K)] 24241K->17618K(25088K), 0.0003880 secs] [Times: user=0.00 sys=0.00, real=0.00 secs] 
111.852: Total time for which application threads were stopped: 0.0041350 seconds, Stopping threads took: 0.0036940 seconds
111.881: Application time: 0.0293020 seconds
111.881: [GC [PSYoungGen: 7198K->608K(7680K)] 24273K->17682K(25088K), 0.0003820 secs] [Times: user=0.00 sys=0.00, real=0.00 secs] 
111.881: Total time for which application threads were stopped: 0.0004990 seconds, Stopping threads took: 0.0000670 seconds
111.908: Application time: 0.0265680 seconds
111.908: [GC [PSYoungGen: 7263K->736K(7680K)] 24337K->17810K(25088K), 0.0003940 secs] [Times: user=0.00 sys=0.00, real=0.00 secs] 
111.908: Total time for which application threads were stopped: 0.0004980 seconds, Stopping threads took: 0.0000540 seconds
111.929: Application time: 0.0207570 seconds
111.929: [GC [PSYoungGen: 7388K->704K(7680K)] 24463K->17778K(25088K), 0.0003590 secs] [Times: user=0.00 sys=0.00, real=0.00 secs] 
111.930: Total time for which application threads were stopped: 0.0004660 seconds, Stopping threads took: 0.0000560 seconds
111.951: Application time: 0.0209800 seconds
111.951: [GC [PSYoungGen: 7357K->768K(7680K)] 24431K->17842K(25088K), 0.0003790 secs] [Times: user=0.00 sys=0.00, real=0.01 secs] 
111.951: Total time for which application threads were stopped: 0.0004740 seconds, Stopping threads took: 0.0000470 seconds
111.980: Application time: 0.0287900 seconds
111.980: [GC [PSYoungGen: 7420K->704K(7680K)] 24494K->17778K(25088K), 0.0004410 secs] [Times: user=0.00 sys=0.00, real=0.00 secs] 
111.980: Total time for which application threads were stopped: 0.0005430 seconds, Stopping threads took: 0.0000520 seconds
112.010: Application time: 0.0291600 seconds
112.010: [GC [PSYoungGen: 7356K->736K(7680K)] 24430K->17810K(25088K), 0.0003570 secs] [Times: user=0.00 sys=0.00, real=0.00 secs] 
112.010: Total time for which application threads were stopped: 0.0004660 seconds, Stopping threads took: 0.0000600 seconds
112.032: Application time: 0.0220770 seconds
112.032: [GC [PSYoungGen: 7388K->960K(7680K)] 24462K->18034K(25088K), 0.0004250 secs] [Times: user=0.00 sys=0.00, real=0.00 secs] 
112.033: Total time for which application threads were stopped: 0.0005290 seconds, Stopping threads took: 0.0000530 seconds
112.054: Application time: 0.0213540 seconds
112.054: [GC [PSYoungGen: 7615K->928K(7680K)] 24690K->18002K(25088K), 0.0004230 secs] [Times: user=0.01 sys=0.00, real=0.00 secs] 
112.055: Total time for which application threads were stopped: 0.0005180 seconds, Stopping threads took: 0.0000420 seconds
112.078: Application time: 0.0238390 seconds
112.078: [GC [PSYoungGen: 7582K->896K(7680K)] 24656K->17970K(25088K), 0.0004330 secs] [Times: user=0.00 sys=0.00, real=0.00 secs] 
112.079: Total time for which application threads were stopped: 0.0005290 seconds, Stopping threads took: 0.0000440 seconds
112.107: Application time: 0.0284020 seconds
112.107: [GC [PSYoungGen: 7548K->928K(7680K)] 24622K->18002K(25088K), 0.0004710 secs] [Times: user=0.00 sys=0.00, real=0.00 secs] 
112.108: Total time for which application threads were stopped: 0.0005700 seconds, Stopping threads took: 0.0000500 seconds
112.136: Application time: 0.0276310 seconds
112.136: [GC [PSYoungGen: 7580K->976K(7680K)] 24654K->18178K(25088K), 0.0004170 secs] [Times: user=0.01 sys=0.00, real=0.00 secs] 
112.136: Total time for which application threads were stopped: 0.0005160 seconds, Stopping threads took: 0.0000490 seconds
112.162: Application time: 0.0259180 seconds
112.162: [GC [PSYoungGen: 7628K->1008K(7680K)] 24830K->18218K(25088K), 0.0004400 secs] [Times: user=0.01 sys=0.00, real=0.00 secs] 
112.163: Total time for which application threads were stopped: 0.0005430 seconds, Stopping threads took: 0.0000510 seconds
112.192: Application time: 0.0295410 seconds
112.192: [GC [PSYoungGen: 7662K->992K(7680K)] 24873K->18202K(25088K), 0.0004220 secs] [Times: user=0.00 sys=0.00, real=0.00 secs] 
112.193: Total time for which application threads were stopped: 0.0005240 seconds, Stopping threads took: 0.0000520 seconds
112.222: Application time: 0.0294700 seconds
112.222: [GC [PSYoungGen: 7646K->1008K(7680K)] 24857K->18218K(25088K), 0.0004260 secs] [Times: user=0.00 sys=0.00, real=0.00 secs] 
112.223: Total time for which application threads were stopped: 0.0005160 seconds, Stopping threads took: 0.0000390 seconds
112.252: Application time: 0.0294560 seconds
112.252: [GC [PSYoungGen: 7662K->1008K(7680K)] 24873K->18226K(25088K), 0.0004230 secs] [Times: user=0.00 sys=0.00, real=0.00 secs] 
112.253: Total time for which application threads were stopped: 0.0005230 seconds, Stopping threads took: 0.0000460 seconds
112.282: Application time: 0.0295920 seconds
112.282: [GC [PSYoungGen: 7662K->896K(7680K)] 24881K->18242K(25088K), 0.0004570 secs] [Times: user=0.00 sys=0.00, real=0.00 secs] 
112.283: [Full GC [PSYoungGen: 896K->0K(7680K)] [ParOldGen: 17346K->3318K(17408K)] 18242K->3318K(25088K) [PSPermGen: 5542K->5542K(21504K)], 0.0046990 secs] [Times: user=0.02 sys=0.00, real=0.00 secs] 
112.287: Total time for which application threads were stopped: 0.0053230 seconds, Stopping threads took: 0.0000550 seconds
112.316: Application time: 0.0281360 seconds
112.316: [GC [PSYoungGen: 6652K->352K(7680K)] 9970K->3670K(25088K), 0.0003400 secs] [Times: user=0.00 sys=0.00, real=0.00 secs] 
112.316: Total time for which application threads were stopped: 0.0004390 seconds, Stopping threads took: 0.0000460 seconds
112.336: Application time: 0.0200090 seconds
112.336: [GC [PSYoungGen: 7005K->384K(7680K)] 10323K->3702K(25088K), 0.0003370 secs] [Times: user=0.00 sys=0.00, real=0.00 secs] 
112.337: Total time for which application threads were stopped: 0.0004300 seconds, Stopping threads took: 0.0000440 seconds
112.354: Application time: 0.0178520 seconds
112.354: [GC [PSYoungGen: 7038K->704K(7680K)] 10356K->4022K(25088K), 0.0003790 secs] [Times: user=0.00 sys=0.00, real=0.00 secs] 
112.355: Total time for which application threads were stopped: 0.0004690 seconds, Stopping threads took: 0.0000400 seconds
112.373: Application time: 0.0181290 seconds
112.373: [GC [PSYoungGen: 7356K->896K(7680K)] 10674K->4214K(25088K), 0.0004040 secs] [Times: user=0.00 sys=0.00, real=0.00 secs] 
112.373: Total time for which application threads were stopped: 0.0005100 seconds, Stopping threads took: 0.0000490 seconds
112.394: Application time: 0.0208250 seconds
112.394: [GC [PSYoungGen: 7548K->768K(7680K)] 10866K->4086K(25088K), 0.0003870 secs] [Times: user=0.00 sys=0.00, real=0.00 secs] 
112.395: Total time for which application threads were stopped: 0.0004850 seconds, Stopping threads took: 0.0000470 seconds
112.423: Application time: 0.0286540 seconds
112.424: [GC [PSYoungGen: 7422K->736K(7680K)] 10740K->4054K(25088K), 0.0003910 secs] [Times: user=0.00 sys=0.00, real=0.00 secs] 
112.424: Total time for which application threads were stopped: 0.0005000 seconds, Stopping threads took: 0.0000610 seconds
112.452: Application time: 0.0278970 seconds
112.452: [GC [PSYoungGen: 7391K->864K(7680K)] 10710K->4182K(25088K), 0.0004090 secs] [Times: user=0.00 sys=0.00, real=0.00 secs] 
112.452: Total time for which application threads were stopped: 0.0005040 seconds, Stopping threads took: 0.0000450 seconds
112.478: Application time: 0.0258180 seconds
112.478: [GC [PSYoungGen: 7519K->992K(7680K)] 10837K->4310K(25088K), 0.0004620 secs] [Times: user=0.00 sys=0.00, real=0.00 secs] 
112.479: Total time for which application threads were stopped: 0.0005660 seconds, Stopping threads took: 0.0000520 seconds
112.499: Application time: 0.0201690 seconds
112.499: [GC [PSYoungGen: 7645K->992K(7680K)] 10964K->4454K(25088K), 0.0004530 secs] [Times: user=0.00 sys=0.00, real=0.01 secs] 
112.499: Total time for which application threads were stopped: 0.0005540 seconds, Stopping threads took: 0.0000510 seconds
112.521: Application time: 0.0215950 seconds
112.521: [GC [PSYoungGen: 7646K->1008K(7680K)] 11108K->4622K(25088K), 0.0004300 secs] [Times: user=0.00 sys=0.00, real=0.00 secs] 
112.522: Total time for which application threads were stopped: 0.0005230 seconds, Stopping threads took: 0.0000420 seconds
112.540: Application time: 0.0179670 seconds
112.540: [GC [PSYoungGen: 7661K->992K(7680K)] 11275K->4734K(25088K), 0.0004410 secs] [Times: user=0.00 sys=0.00, real=0.00 secs] 
112.540: Total time for which application threads were stopped: 0.0005860 seconds, Stopping threads took: 0.0000940 seconds
112.561: Application time: 0.0212480 seconds
112.561: [GC [PSYoungGen: 7645K->944K(7680K)] 11388K->4686K(25088K), 0.0004190 secs] [Times: user=0.00 sys=0.00, real=0.00 secs] 
112.562: Total time for which application threads were stopped: 0.0005350 seconds, Stopping threads took: 0.0000660 seconds
112.588: Application time: 0.0263160 seconds
112.588: [GC [PSYoungGen: 7596K->1008K(7680K)] 11338K->4878K(25088K), 0.0004750 secs] [Times: user=0.01 sys=0.00, real=0.00 secs] 
112.589: Total time for which application threads were stopped: 0.0005840 seconds, Stopping threads took: 0.0000560 seconds
112.617: Application time: 0.0280990 seconds
112.617: [GC [PSYoungGen: 7662K->992K(7680K)] 11532K->4870K(25088K), 0.0004890 secs] [Times: user=0.00 sys=0.00, real=0.00 secs] 
112.618: Total time for which application threads were stopped: 0.0005990 seconds, Stopping threads took: 0.0000570 seconds
112.646: Application time: 0.0284400 seconds
112.646: [GC [PSYoungGen: 7646K->1008K(7680K)] 11524K->4902K(25088K), 0.0004220 secs] [Times: user=0.00 sys=0.00, real=0.00 secs] 
112.646: Total time for which application threads were stopped: 0.0005150 seconds, Stopping threads took: 0.0000430 seconds
112.676: Application time: 0.0292780 seconds
112.676: [GC [PSYoungGen: 7662K->960K(7680K)] 11557K->4854K(25088K), 0.0004580 secs] [Times: user=0.01 sys=0.00, real=0.00 secs] 
112.676: Total time for which application threads were stopped: 0.0005460 seconds, Stopping threads took: 0.0000390 seconds
112.707: Application time: 0.0303070 seconds
112.707: [GC [PSYoungGen: 7614K->896K(7680K)] 11508K->4838K(25088K), 0.0005300 secs] [Times: user=0.00 sys=0.00, real=0.00 secs] 
112.707: Total time for which application threads were stopped: 0.0006390 seconds, Stopping threads took: 0.0000510 seconds
112.737: Application time: 0.0292900 seconds
112.737: [GC [PSYoungGen: 7548K->1008K(7680K)] 11490K->4950K(25088K), 0.0004280 secs] [Times: user=0.00 sys=0.00, real=0.00 secs] 
112.737: Total time for which application threads were stopped: 0.0005360 seconds, Stopping threads took: 0.0000560 seconds
112.765: Application time: 0.0278500 seconds
112.765: [GC [PSYoungGen: 7662K->992K(7680K)] 11604K->5026K(25088K), 0.0004910 secs] [Times: user=0.00 sys=0.00, real=0.00 secs] 
112.766: Total time for which application threads were stopped: 0.0006080 seconds, Stopping threads took: 0.0000600 seconds
112.794: Application time: 0.0285820 seconds
112.794: [GC [PSYoungGen: 7644K->960K(7680K)] 11679K->5043K(25088K), 0.0004480 secs] [Times: user=0.00 sys=0.00, real=0.00 secs] 
112.795: Total time for which application threads were stopped: 0.0005720 seconds, Stopping threads took: 0.0000600 seconds
112.823: Application time: 0.0286020 seconds
112.823: [GC [PSYoungGen: 7613K->992K(7680K)] 11696K->5083K(25088K), 0.0004060 secs] [Times: user=0.00 sys=0.00, real=0.00 secs] 
112.824: Total time for which application threads were stopped: 0.0005030 seconds, Stopping threads took: 0.0000480 seconds
112.853: Application time: 0.0295120 seconds
112.853: [GC [PSYoungGen: 7646K->960K(7680K)] 11737K->5059K(25088K), 0.0004440 secs] [Times: user=0.00 sys=0.00, real=0.00 secs] 
112.854: Total time for which application threads were stopped: 0.0005490 seconds, Stopping threads took: 0.0000570 seconds
112.884: Application time: 0.0296490 seconds
112.884: [GC [PSYoungGen: 7614K->928K(7680K)] 11713K->5071K(25088K), 0.0004230 secs] [Times: user=0.00 sys=0.00, real=0.00 secs] 
112.884: Total time for which application threads were stopped: 0.0005200 seconds, Stopping threads took: 0.0000440 seconds
112.914: Application time: 0.0294940 seconds
112.914: [GC [PSYoungGen: 7584K->864K(7680K)] 11727K->5063K(25088K), 0.0003770 secs] [Times: user=0.00 sys=0.00, real=0.00 secs] 
112.914: Total time for which application threads were stopped: 0.0004670 seconds, Stopping threads took: 0.0000400 seconds
112.942: Application time: 0.0282220 seconds
112.942: [GC [PSYoungGen: 7516K->960K(7680K)] 11716K->5287K(25088K), 0.0004080 secs] [Times: user=0.00 sys=0.00, real=0.00 secs] 
112.943: Total time for which application threads were stopped: 0.0005060 seconds, Stopping threads took: 0.0000500 seconds
112.971: Application time: 0.0282570 seconds
112.971: [GC [PSYoungGen: 7499K->800K(7680K)] 11827K->5207K(25088K), 0.0004590 secs] [Times: user=0.00 sys=0.00, real=0.01 secs] 
112.972: Total time for which application threads were stopped: 0.0005520 seconds, Stopping threads took: 0.0000420 seconds
113.001: Application time: 0.0290640 seconds
113.001: [GC [PSYoungGen: 7453K->928K(7680K)] 11861K->5335K(25088K), 0.0004080 secs] [Times: user=0.01 sys=0.00, real=0.00 secs] 
113.001: Total time for which application threads were stopped: 0.0005120 seconds, Stopping threads took: 0.0000570 seconds
113.031: Application time: 0.0297730 seconds
113.031: [GC [PSYoungGen: 7582K->928K(7680K)] 11990K->5335K(25088K), 0.0004360 secs] [Times: user=0.01 sys=0.00, real=0.01 secs] 
113.031: Total time for which application threads were stopped: 0.0005340 seconds, Stopping threads took: 0.0000480 seconds
113.061: Application time: 0.0297500 seconds
113.061: [GC [PSYoungGen: 7582K->896K(7680K)] 11990K->5303K(25088K), 0.0004470 secs] [Times: user=0.01 sys=0.00, real=0.00 secs] 
113.062: Total time for which application threads were stopped: 0.0005490 seconds, Stopping threads took: 0.0000540 seconds
113.092: Application time: 0.0298840 seconds
113.092: [GC [PSYoungGen: 7550K->704K(7680K)] 11958K->5311K(25088K), 0.0004050 secs] [Times: user=0.01 sys=0.00, real=0.00 secs] 
113.092: Total time for which application threads were stopped: 0.0005070 seconds, Stopping threads took: 0.0000540 seconds
113.122: Application time: 0.0299800 seconds
113.122: [GC [PSYoungGen: 7358K->704K(7680K)] 11966K->5311K(25088K), 0.0004050 secs] [Times: user=0.00 sys=0.00, real=0.00 secs] 
113.123: Total time for which application threads were stopped: 0.0004970 seconds, Stopping threads took: 0.0000410 seconds
113.153: Application time: 0.0300020 seconds
113.153: [GC [PSYoungGen: 7356K->800K(7680K)] 11963K->5407K(25088K), 0.0003480 secs] [Times: user=0.00 sys=0.00, real=0.00 secs] 
113.153: Total time for which application threads were stopped: 0.0004500 seconds, Stopping threads took: 0.0000540 seconds
113.183: Application time: 0.0301560 seconds
113.183: [GC [PSYoungGen: 7454K->800K(7680K)] 12062K->5407K(25088K), 0.0003550 secs] [Times: user=0.00 sys=0.00, real=0.00 secs] 
113.184: Total time for which application threads were stopped: 0.0004530 seconds, Stopping threads took: 0.0000450 seconds
113.214: Application time: 0.0300090 seconds
113.214: [GC [PSYoungGen: 7454K->576K(7680K)] 12062K->5391K(25088K), 0.0003610 secs] [Times: user=0.00 sys=0.00, real=0.00 secs] 
113.214: Total time for which application threads were stopped: 0.0004500 seconds, Stopping threads took: 0.0000420 seconds
113.245: Application time: 0.0309720 seconds
113.245: [GC [PSYoungGen: 7232K->512K(7680K)] 12047K->5327K(25088K), 0.0004110 secs] [Times: user=0.00 sys=0.00, real=0.00 secs] 
113.246: Total time for which application threads were stopped: 0.0005130 seconds, Stopping threads took: 0.0000530 seconds
113.275: Application time: 0.0297650 seconds
113.275: [GC [PSYoungGen: 7166K->416K(7680K)] 11982K->5444K(25088K), 0.0003610 secs] [Times: user=0.00 sys=0.00, real=0.00 secs] 
113.276: Total time for which application threads were stopped: 0.0004550 seconds, Stopping threads took: 0.0000430 seconds
113.306: Application time: 0.0298460 seconds
113.306: [GC [PSYoungGen: 7068K->384K(7680K)] 12096K->5412K(25088K), 0.0003290 secs] [Times: user=0.01 sys=0.00, real=0.00 secs] 
113.306: Total time for which application threads were stopped: 0.0004300 seconds, Stopping threads took: 0.0000440 seconds
113.336: Application time: 0.0297630 seconds
113.336: [GC [PSYoungGen: 7038K->352K(7680K)] 12066K->5380K(25088K), 0.0003770 secs] [Times: user=0.00 sys=0.00, real=0.00 secs] 
113.336: Total time for which application threads were stopped: 0.0004610 seconds, Stopping threads took: 0.0000380 seconds
113.367: Application time: 0.0303710 seconds
113.367: [GC [PSYoungGen: 7006K->384K(7680K)] 12034K->5412K(25088K), 0.0003460 secs] [Times: user=0.00 sys=0.00, real=0.00 secs] 
113.367: Total time for which application threads were stopped: 0.0004300 seconds, Stopping threads took: 0.0000410 seconds
113.397: Application time: 0.0297430 seconds
113.397: [GC [PSYoungGen: 7038K->352K(7680K)] 12066K->5480K(25088K), 0.0003340 secs] [Times: user=0.00 sys=0.00, real=0.00 secs] 
113.397: Total time for which application threads were stopped: 0.0004210 seconds, Stopping threads took: 0.0000410 seconds
113.424: Application time: 0.0265340 seconds
113.424: [GC [PSYoungGen: 7006K->448K(7680K)] 12135K->5669K(25088K), 0.0003380 secs] [Times: user=0.00 sys=0.00, real=0.00 secs] 
113.424: Total time for which application threads were stopped: 0.0004400 seconds, Stopping threads took: 0.0000510 seconds
113.445: Application time: 0.0211220 seconds
113.446: [GC [PSYoungGen: 7102K->352K(7680K)] 12323K->5717K(25088K), 0.0003520 secs] [Times: user=0.00 sys=0.00, real=0.00 secs] 
113.446: Total time for which application threads were stopped: 0.0004590 seconds, Stopping threads took: 0.0000590 seconds
113.464: Application time: 0.0177710 seconds
113.464: Total time for which application threads were stopped: 0.0000640 seconds, Stopping threads took: 0.0000500 seconds
113.464: Application time: 0.0001450 seconds
113.464: [GC [PSYoungGen: 6975K->416K(7680K)] 12468K->5909K(25088K), 0.0003250 secs] [Times: user=0.00 sys=0.00, real=0.00 secs] 
113.464: Total time for which application threads were stopped: 0.0003700 seconds, Stopping threads took: 0.0000050 seconds
113.486: Application time: 0.0215830 seconds
113.486: [GC [PSYoungGen: 7068K->416K(7680K)] 12846K->6193K(25088K), 0.0003120 secs] [Times: user=0.00 sys=0.00, real=0.00 secs] 
113.486: Total time for which application threads were stopped: 0.0004080 seconds, Stopping threads took: 0.0000480 seconds
113.509: Application time: 0.0229550 seconds
113.509: [GC [PSYoungGen: 7067K->448K(7680K)] 12845K->6225K(25088K), 0.0003110 secs] [Times: user=0.00 sys=0.00, real=0.00 secs] 
113.510: Total time for which application threads were stopped: 0.0004090 seconds, Stopping threads took: 0.0000490 seconds
113.538: Application time: 0.0280840 seconds
113.538: [GC [PSYoungGen: 7101K->512K(7680K)] 12879K->6289K(25088K), 0.0003440 secs] [Times: user=0.00 sys=0.00, real=0.00 secs] 
113.538: Total time for which application threads were stopped: 0.0004510 seconds, Stopping threads took: 0.0000470 seconds
113.567: Application time: 0.0286260 seconds
113.567: [GC [PSYoungGen: 7146K->416K(7680K)] 12923K->6193K(25088K), 0.0003510 secs] [Times: user=0.00 sys=0.00, real=0.00 secs] 
113.567: Total time for which application threads were stopped: 0.0004540 seconds, Stopping threads took: 0.0000510 seconds
113.596: Application time: 0.0289900 seconds
113.596: [GC [PSYoungGen: 7069K->512K(7680K)] 12847K->6289K(25088K), 0.0003380 secs] [Times: user=0.00 sys=0.00, real=0.00 secs] 
113.597: Total time for which application threads were stopped: 0.0004250 seconds, Stopping threads took: 0.0000400 seconds
113.626: Application time: 0.0294810 seconds
113.626: [GC [PSYoungGen: 7166K->544K(7680K)] 12944K->6321K(25088K), 0.0003670 secs] [Times: user=0.00 sys=0.00, real=0.00 secs] 
113.627: Total time for which application threads were stopped: 0.0004580 seconds, Stopping threads took: 0.0000430 seconds
113.656: Application time: 0.0294320 seconds
113.656: [GC [PSYoungGen: 7198K->512K(7680K)] 12976K->6289K(25088K), 0.0003330 secs] [Times: user=0.00 sys=0.00, real=0.00 secs] 
113.656: Total time for which application threads were stopped: 0.0004410 seconds, Stopping threads took: 0.0000580 seconds
113.677: Application time: 0.0201450 seconds
113.677: [GC [PSYoungGen: 7163K->736K(7680K)] 12941K->6513K(25088K), 0.0003770 secs] [Times: user=0.01 sys=0.00, real=0.00 secs] 
113.677: Total time for which application threads were stopped: 0.0004770 seconds, Stopping threads took: 0.0000480 seconds
113.698: Application time: 0.0212700 seconds
113.698: [GC [PSYoungGen: 7391K->864K(7680K)] 13169K->6641K(25088K), 0.0004610 secs] [Times: user=0.01 sys=0.00, real=0.00 secs] 
113.699: Total time for which application threads were stopped: 0.0005510 seconds, Stopping threads took: 0.0000440 seconds
113.725: Application time: 0.0264270 seconds
113.725: [GC [PSYoungGen: 7518K->736K(7680K)] 13296K->6513K(25088K), 0.0003770 secs] [Times: user=0.00 sys=0.00, real=0.00 secs] 
113.726: Total time for which application threads were stopped: 0.0004720 seconds, Stopping threads took: 0.0000470 seconds
113.753: Application time: 0.0276900 seconds
113.754: [GC [PSYoungGen: 7388K->864K(7680K)] 13165K->6641K(25088K), 0.0004240 secs] [Times: user=0.00 sys=0.00, real=0.00 secs] 
113.754: Total time for which application threads were stopped: 0.0005350 seconds, Stopping threads took: 0.0000550 seconds
113.774: Application time: 0.0199430 seconds
113.774: [GC [PSYoungGen: 7516K->912K(7680K)] 13294K->6689K(25088K), 0.0004100 secs] [Times: user=0.00 sys=0.00, real=0.00 secs] 
113.774: Total time for which application threads were stopped: 0.0005170 seconds, Stopping threads took: 0.0000550 seconds
113.796: Application time: 0.0216610 seconds
113.796: [GC [PSYoungGen: 7567K->896K(7680K)] 13345K->6673K(25088K), 0.0004540 secs] [Times: user=0.01 sys=0.00, real=0.00 secs] 
113.797: Total time for which application threads were stopped: 0.0005660 seconds, Stopping threads took: 0.0000630 seconds
113.824: Application time: 0.0272070 seconds
113.824: [GC [PSYoungGen: 7550K->928K(7680K)] 13328K->6705K(25088K), 0.0004610 secs] [Times: user=0.00 sys=0.00, real=0.00 secs] 
113.825: Total time for which application threads were stopped: 0.0005810 seconds, Stopping threads took: 0.0000600 seconds
113.853: Application time: 0.0285130 seconds
113.853: [GC [PSYoungGen: 7576K->768K(7680K)] 13353K->6545K(25088K), 0.0004740 secs] [Times: user=0.00 sys=0.00, real=0.00 secs] 
113.854: Total time for which application threads were stopped: 0.0005820 seconds, Stopping threads took: 0.0000590 seconds
113.880: Application time: 0.0262910 seconds
113.880: [GC [PSYoungGen: 7419K->992K(7680K)] 13197K->6769K(25088K), 0.0004240 secs] [Times: user=0.00 sys=0.00, real=0.00 secs] 
113.880: Total time for which application threads were stopped: 0.0005350 seconds, Stopping threads took: 0.0000620 seconds
113.908: Application time: 0.0280240 seconds
113.909: [GC [PSYoungGen: 7644K->912K(7680K)] 13422K->6689K(25088K), 0.0004370 secs] [Times: user=0.00 sys=0.00, real=0.00 secs] 
113.909: Total time for which application threads were stopped: 0.0005390 seconds, Stopping threads took: 0.0000520 seconds
113.938: Application time: 0.0288440 seconds
113.938: [GC [PSYoungGen: 7565K->992K(7680K)] 13343K->6785K(25088K), 0.0004220 secs] [Times: user=0.00 sys=0.00, real=0.00 secs] 
113.938: Total time for which application threads were stopped: 0.0005290 seconds, Stopping threads took: 0.0000550 seconds
113.968: Application time: 0.0298710 seconds
113.968: [GC [PSYoungGen: 7646K->976K(7680K)] 13440K->6769K(25088K), 0.0004820 secs] [Times: user=0.00 sys=0.00, real=0.00 secs] 
113.969: Total time for which application threads were stopped: 0.0005840 seconds, Stopping threads took: 0.0000510 seconds
113.998: Application time: 0.0296190 seconds
113.999: [GC [PSYoungGen: 7630K->992K(7680K)] 13424K->6797K(25088K), 0.0004100 secs] [Times: user=0.00 sys=0.00, real=0.00 secs] 
113.999: Total time for which application threads were stopped: 0.0005090 seconds, Stopping threads took: 0.0000490 seconds
114.028: Application time: 0.0293670 seconds
114.028: [GC [PSYoungGen: 7646K->992K(7680K)] 13452K->6797K(25088K), 0.0004010 secs] [Times: user=0.00 sys=0.00, real=0.00 secs] 
114.029: Total time for which application threads were stopped: 0.0004980 seconds, Stopping threads took: 0.0000510 seconds
114.058: Application time: 0.0294580 seconds
114.058: [GC [PSYoungGen: 7646K->960K(7680K)] 13452K->6765K(25088K), 0.0004430 secs] [Times: user=0.01 sys=0.00, real=0.00 secs] 
114.059: Total time for which application threads were stopped: 0.0005300 seconds, Stopping threads took: 0.0000410 seconds
114.079: Application time: 0.0204380 seconds
114.079: [GC [PSYoungGen: 7615K->992K(7680K)] 13421K->7005K(25088K), 0.0004850 secs] [Times: user=0.00 sys=0.00, real=0.00 secs] 
114.080: Total time for which application threads were stopped: 0.0005940 seconds, Stopping threads took: 0.0000580 seconds
114.101: Application time: 0.0207940 seconds
114.101: [GC [PSYoungGen: 7643K->992K(7680K)] 13657K->7173K(25088K), 0.0004690 secs] [Times: user=0.00 sys=0.00, real=0.00 secs] 
114.101: Total time for which application threads were stopped: 0.0005620 seconds, Stopping threads took: 0.0000430 seconds
114.119: Application time: 0.0173980 seconds
114.123: [GC [PSYoungGen: 7646K->992K(7680K)] 13827K->7378K(25088K), 0.0005220 secs] [Times: user=0.01 sys=0.00, real=0.00 secs] 
114.124: Total time for which application threads were stopped: 0.0050800 seconds, Stopping threads took: 0.0045030 seconds
114.146: Application time: 0.0223130 seconds
114.146: [GC [PSYoungGen: 7645K->1008K(7680K)] 14032K->7446K(25088K), 0.0004490 secs] [Times: user=0.00 sys=0.00, real=0.00 secs] 
114.147: Total time for which application threads were stopped: 0.0005510 seconds, Stopping threads took: 0.0000510 seconds
114.170: Application time: 0.0237500 seconds
114.170: [GC [PSYoungGen: 7660K->992K(7680K)] 14098K->7487K(25088K), 0.0004490 secs] [Times: user=0.00 sys=0.00, real=0.00 secs] 
114.171: Total time for which application threads were stopped: 0.0005650 seconds, Stopping threads took: 0.0000660 seconds
114.198: Application time: 0.0275160 seconds
114.199: [GC [PSYoungGen: 7646K->992K(7680K)] 14141K->7827K(25088K), 0.0005900 secs] [Times: user=0.00 sys=0.00, real=0.00 secs] 
114.200: Total time for which application threads were stopped: 0.0013590 seconds, Stopping threads took: 0.0007100 seconds
114.227: Application time: 0.0275730 seconds
114.231: [GC [PSYoungGen: 7644K->992K(7680K)] 14480K->7971K(25088K), 0.0006360 secs] [Times: user=0.01 sys=0.00, real=0.00 secs] 
114.232: Total time for which application threads were stopped: 0.0047080 seconds, Stopping threads took: 0.0040170 seconds
114.253: Application time: 0.0214170 seconds
114.254: [GC [PSYoungGen: 7646K->992K(7680K)] 14626K->8107K(25088K), 0.0004650 secs] [Times: user=0.00 sys=0.00, real=0.00 secs] 
114.254: Total time for which application threads were stopped: 0.0005930 seconds, Stopping threads took: 0.0000770 seconds
114.275: Application time: 0.0212660 seconds
114.275: [GC [PSYoungGen: 7647K->960K(7680K)] 14763K->8163K(25088K), 0.0004240 secs] [Times: user=0.00 sys=0.00, real=0.00 secs] 
114.276: Total time for which application threads were stopped: 0.0005270 seconds, Stopping threads took: 0.0000500 seconds
114.300: Application time: 0.0245770 seconds
114.301: [GC [PSYoungGen: 7614K->1008K(7680K)] 14817K->8475K(25088K), 0.0005410 secs] [Times: user=0.00 sys=0.00, real=0.00 secs] 
114.301: Total time for which application threads were stopped: 0.0006640 seconds, Stopping threads took: 0.0000670 seconds
114.321: Application time: 0.0202870 seconds
114.321: [GC [PSYoungGen: 7661K->992K(7680K)] 15128K->8739K(25088K), 0.0004820 secs] [Times: user=0.00 sys=0.00, real=0.00 secs] 
114.322: Total time for which application threads were stopped: 0.0005780 seconds, Stopping threads took: 0.0000440 seconds
114.343: Application time: 0.0209320 seconds
114.343: [GC [PSYoungGen: 7643K->1008K(7680K)] 15391K->8763K(25088K), 0.0004420 secs] [Times: user=0.00 sys=0.00, real=0.00 secs] 
114.343: Total time for which application threads were stopped: 0.0005600 seconds, Stopping threads took: 0.0000590 seconds
114.372: Application time: 0.0282540 seconds
114.372: [GC [PSYoungGen: 7661K->992K(7680K)] 15417K->8840K(25088K), 0.0004730 secs] [Times: user=0.00 sys=0.00, real=0.00 secs] 
114.372: Total time for which application threads were stopped: 0.0005690 seconds, Stopping threads took: 0.0000450 seconds
114.401: Application time: 0.0286930 seconds
114.401: [GC [PSYoungGen: 7644K->960K(7680K)] 15492K->8936K(25088K), 0.0004300 secs] [Times: user=0.00 sys=0.00, real=0.00 secs] 
114.402: Total time for which application threads were stopped: 0.0005290 seconds, Stopping threads took: 0.0000510 seconds
114.430: Application time: 0.0281050 seconds
114.430: [GC [PSYoungGen: 7614K->944K(7680K)] 15590K->9048K(25088K), 0.0004500 secs] [Times: user=0.00 sys=0.00, real=0.00 secs] 
114.430: Total time for which application threads were stopped: 0.0005490 seconds, Stopping threads took: 0.0000480 seconds
114.459: Application time: 0.0291610 seconds
114.459: [GC [PSYoungGen: 7598K->928K(7680K)] 15703K->9080K(25088K), 0.0004100 secs] [Times: user=0.01 sys=0.00, real=0.00 secs] 
114.460: Total time for which application threads were stopped: 0.0005160 seconds, Stopping threads took: 0.0000550 seconds
114.489: Application time: 0.0293780 seconds
114.489: [GC [PSYoungGen: 7580K->992K(7680K)] 15732K->9144K(25088K), 0.0003950 secs] [Times: user=0.00 sys=0.00, real=0.00 secs] 
114.490: Total time for which application threads were stopped: 0.0004880 seconds, Stopping threads took: 0.0000450 seconds
114.517: Application time: 0.0276080 seconds
114.517: [GC [PSYoungGen: 7646K->992K(7680K)] 15798K->9228K(25088K), 0.0004340 secs] [Times: user=0.00 sys=0.00, real=0.00 secs] 
114.518: Total time for which application threads were stopped: 0.0005380 seconds, Stopping threads took: 0.0000540 seconds
114.547: Application time: 0.0290860 seconds
114.547: [GC [PSYoungGen: 7646K->992K(7680K)] 15883K->9228K(25088K), 0.0004380 secs] [Times: user=0.00 sys=0.00, real=0.00 secs] 
114.547: Total time for which application threads were stopped: 0.0005340 seconds, Stopping threads took: 0.0000420 seconds
114.575: Application time: 0.0278030 seconds
114.579: [GC [PSYoungGen: 7646K->992K(7680K)] 15882K->9252K(25088K), 0.0004120 secs] [Times: user=0.00 sys=0.00, real=0.00 secs] 
114.580: Total time for which application threads were stopped: 0.0042930 seconds, Stopping threads took: 0.0038290 seconds
114.610: Application time: 0.0299410 seconds
114.610: [GC [PSYoungGen: 7644K->992K(7680K)] 15905K->9276K(25088K), 0.0004450 secs] [Times: user=0.00 sys=0.00, real=0.00 secs] 
114.610: Total time for which application threads were stopped: 0.0005470 seconds, Stopping threads took: 0.0000470 seconds
114.639: Application time: 0.0294170 seconds
114.640: [GC [PSYoungGen: 7646K->848K(7680K)] 15931K->9337K(25088K), 0.0004160 secs] [Times: user=0.00 sys=0.00, real=0.00 secs] 
114.640: Total time for which application threads were stopped: 0.0005270 seconds, Stopping threads took: 0.0000540 seconds
114.670: Application time: 0.0295350 seconds
114.670: [GC [PSYoungGen: 7502K->832K(7680K)] 15992K->9321K(25088K), 0.0003750 secs] [Times: user=0.01 sys=0.00, real=0.00 secs] 
114.670: Total time for which application threads were stopped: 0.0004810 seconds, Stopping threads took: 0.0000550 seconds
114.698: Application time: 0.0278170 seconds
114.698: [GC [PSYoungGen: 7485K->848K(7680K)] 15975K->9337K(25088K), 0.0004420 secs] [Times: user=0.00 sys=0.00, real=0.00 secs] 
114.698: Total time for which application threads were stopped: 0.0005370 seconds, Stopping threads took: 0.0000430 seconds
114.728: Application time: 0.0296880 seconds
114.728: [GC [PSYoungGen: 7502K->800K(7680K)] 15992K->9361K(25088K), 0.0004210 secs] [Times: user=0.00 sys=0.00, real=0.00 secs] 
114.729: Total time for which application threads were stopped: 0.0005230 seconds, Stopping threads took: 0.0000530 seconds
114.758: Application time: 0.0294120 seconds
114.758: [GC [PSYoungGen: 7452K->928K(7680K)] 16013K->9545K(25088K), 0.0004570 secs] [Times: user=0.00 sys=0.00, real=0.00 secs] 
114.759: Total time for which application threads were stopped: 0.0005820 seconds, Stopping threads took: 0.0000670 seconds
114.788: Application time: 0.0295950 seconds
114.788: [GC [PSYoungGen: 7582K->928K(7680K)] 16200K->9561K(25088K), 0.0004050 secs] [Times: user=0.00 sys=0.00, real=0.00 secs] 
114.789: Total time for which application threads were stopped: 0.0005180 seconds, Stopping threads took: 0.0000580 seconds
114.818: Application time: 0.0297620 seconds
114.819: [GC [PSYoungGen: 7582K->864K(7680K)] 16216K->9497K(25088K), 0.0004080 secs] [Times: user=0.00 sys=0.00, real=0.00 secs] 
114.819: Total time for which application threads were stopped: 0.0005190 seconds, Stopping threads took: 0.0000550 seconds
114.849: Application time: 0.0300120 seconds
114.849: [GC [PSYoungGen: 7516K->864K(7680K)] 16149K->9497K(25088K), 0.0003730 secs] [Times: user=0.00 sys=0.00, real=0.00 secs] 
114.850: Total time for which application threads were stopped: 0.0004970 seconds, Stopping threads took: 0.0000560 seconds
114.880: Application time: 0.0303820 seconds
114.880: [GC [PSYoungGen: 7516K->832K(7680K)] 16149K->9465K(25088K), 0.0004130 secs] [Times: user=0.01 sys=0.00, real=0.00 secs] 
114.880: Total time for which application threads were stopped: 0.0005190 seconds, Stopping threads took: 0.0000570 seconds
114.910: Application time: 0.0299550 seconds
114.910: [GC [PSYoungGen: 7486K->864K(7680K)] 16120K->9497K(25088K), 0.0003770 secs] [Times: user=0.00 sys=0.00, real=0.00 secs] 
114.911: Total time for which application threads were stopped: 0.0004770 seconds, Stopping threads took: 0.0000470 seconds
114.941: Application time: 0.0298150 seconds
114.941: [GC [PSYoungGen: 7518K->864K(7680K)] 16152K->9497K(25088K), 0.0003780 secs] [Times: user=0.00 sys=0.00, real=0.00 secs] 
114.941: Total time for which application threads were stopped: 0.0004560 seconds, Stopping threads took: 0.0000290 seconds
114.971: Application time: 0.0298000 seconds
114.971: [GC [PSYoungGen: 7518K->704K(7680K)] 16152K->9553K(25088K), 0.0003930 secs] [Times: user=0.00 sys=0.00, real=0.01 secs] 
114.971: Total time for which application threads were stopped: 0.0004900 seconds, Stopping threads took: 0.0000440 seconds
115.002: Application time: 0.0303010 seconds
115.003: [GC [PSYoungGen: 7356K->832K(7680K)] 16205K->9681K(25088K), 0.0003950 secs] [Times: user=0.00 sys=0.00, real=0.00 secs] 
115.004: Total time for which application threads were stopped: 0.0018300 seconds, Stopping threads took: 0.0013830 seconds
115.033: Application time: 0.0296420 seconds
115.033: [GC [PSYoungGen: 7486K->544K(7680K)] 16336K->9609K(25088K), 0.0003590 secs] [Times: user=0.00 sys=0.00, real=0.00 secs] 
115.034: Total time for which application threads were stopped: 0.0004650 seconds, Stopping threads took: 0.0000550 seconds
115.063: Application time: 0.0298140 seconds
115.064: [GC [PSYoungGen: 7198K->512K(7680K)] 16264K->9577K(25088K), 0.0003390 secs] [Times: user=0.00 sys=0.00, real=0.00 secs] 
115.064: Total time for which application threads were stopped: 0.0004420 seconds, Stopping threads took: 0.0000430 seconds
115.094: Application time: 0.0300370 seconds
115.094: [GC [PSYoungGen: 7166K->480K(7680K)] 16232K->9545K(25088K), 0.0003950 secs] [Times: user=0.00 sys=0.00, real=0.00 secs] 
115.094: Total time for which application threads were stopped: 0.0005050 seconds, Stopping threads took: 0.0000570 seconds
115.124: Application time: 0.0296780 seconds
115.124: [GC [PSYoungGen: 7134K->544K(7680K)] 16200K->9609K(25088K), 0.0003210 secs] [Times: user=0.00 sys=0.00, real=0.00 secs] 
115.125: Total time for which application threads were stopped: 0.0004320 seconds, Stopping threads took: 0.0000570 seconds
115.154: Application time: 0.0298050 seconds
115.154: [GC [PSYoungGen: 7198K->416K(7680K)] 16264K->9713K(25088K), 0.0003520 secs] [Times: user=0.00 sys=0.00, real=0.00 secs] 
115.155: Total time for which application threads were stopped: 0.0004530 seconds, Stopping threads took: 0.0000520 seconds
115.182: Application time: 0.0274410 seconds
115.182: [GC [PSYoungGen: 7070K->480K(7680K)] 16368K->9777K(25088K), 0.0003850 secs] [Times: user=0.00 sys=0.00, real=0.00 secs] 
115.183: Total time for which application threads were stopped: 0.0004740 seconds, Stopping threads took: 0.0000410 seconds
115.206: Application time: 0.0234340 seconds
115.206: [GC [PSYoungGen: 7134K->320K(7680K)] 16431K->9830K(25088K), 0.0003640 secs] [Times: user=0.00 sys=0.00, real=0.00 secs] 
115.207: Total time for which application threads were stopped: 0.0004570 seconds, Stopping threads took: 0.0000450 seconds
115.225: Application time: 0.0186180 seconds
115.225: [GC [PSYoungGen: 6974K->416K(7680K)] 16484K->9926K(25088K), 0.0003730 secs] [Times: user=0.00 sys=0.00, real=0.00 secs] 
115.226: Total time for which application threads were stopped: 0.0004690 seconds, Stopping threads took: 0.0000500 seconds
115.243: Application time: 0.0177280 seconds
115.244: [GC [PSYoungGen: 7068K->544K(7680K)] 16578K->10054K(25088K), 0.0003430 secs] [Times: user=0.00 sys=0.00, real=0.00 secs] 
115.244: Total time for which application threads were stopped: 0.0004370 seconds, Stopping threads took: 0.0000500 seconds
115.265: Application time: 0.0210240 seconds
115.265: [GC [PSYoungGen: 7195K->480K(7680K)] 16705K->9990K(25088K), 0.0003880 secs] [Times: user=0.01 sys=0.00, real=0.00 secs] 
115.265: Total time for which application threads were stopped: 0.0004840 seconds, Stopping threads took: 0.0000460 seconds
115.294: Application time: 0.0288120 seconds
115.294: [GC [PSYoungGen: 7134K->512K(7680K)] 16644K->10022K(25088K), 0.0003520 secs] [Times: user=0.01 sys=0.00, real=0.00 secs] 
115.295: Total time for which application threads were stopped: 0.0004580 seconds, Stopping threads took: 0.0000530 seconds
115.323: Application time: 0.0281240 seconds
115.323: [GC [PSYoungGen: 7166K->576K(7680K)] 16676K->10086K(25088K), 0.0003640 secs] [Times: user=0.00 sys=0.00, real=0.00 secs] 
115.323: Total time for which application threads were stopped: 0.0004710 seconds, Stopping threads took: 0.0000580 seconds
115.352: Application time: 0.0285040 seconds
115.352: [GC [PSYoungGen: 7228K->608K(7680K)] 16738K->10118K(25088K), 0.0003200 secs] [Times: user=0.00 sys=0.00, real=0.00 secs] 
115.352: Total time for which application threads were stopped: 0.0004220 seconds, Stopping threads took: 0.0000440 seconds
115.382: Application time: 0.0295120 seconds
115.382: [GC [PSYoungGen: 7260K->480K(7680K)] 16770K->9990K(25088K), 0.0003610 secs] [Times: user=0.00 sys=0.00, real=0.00 secs] 
115.382: Total time for which application threads were stopped: 0.0004560 seconds, Stopping threads took: 0.0000490 seconds
115.412: Application time: 0.0293980 seconds
115.412: [GC [PSYoungGen: 7134K->544K(7680K)] 16644K->10054K(25088K), 0.0003220 secs] [Times: user=0.00 sys=0.00, real=0.00 secs] 
115.412: Total time for which application threads were stopped: 0.0004290 seconds, Stopping threads took: 0.0000580 seconds
115.435: Application time: 0.0233270 seconds
115.435: [GC [PSYoungGen: 7107K->768K(7680K)] 16617K->10278K(25088K), 0.0004000 secs] [Times: user=0.00 sys=0.00, real=0.00 secs] 
115.436: Total time for which application threads were stopped: 0.0005150 seconds, Stopping threads took: 0.0000670 seconds
115.457: Application time: 0.0209840 seconds
115.457: [GC [PSYoungGen: 7420K->704K(7680K)] 16931K->10214K(25088K), 0.0004200 secs] [Times: user=0.00 sys=0.00, real=0.00 secs] 
115.457: Total time for which application threads were stopped: 0.0005110 seconds, Stopping threads took: 0.0000440 seconds
115.481: Application time: 0.0232100 seconds
115.481: [GC [PSYoungGen: 7355K->736K(7680K)] 16865K->10246K(25088K), 0.0003880 secs] [Times: user=0.01 sys=0.00, real=0.00 secs] 
115.481: Total time for which application threads were stopped: 0.0004910 seconds, Stopping threads took: 0.0000540 seconds
115.510: Application time: 0.0289770 seconds
115.510: [GC [PSYoungGen: 7388K->672K(7680K)] 16898K->10182K(25088K), 0.0003920 secs] [Times: user=0.00 sys=0.00, real=0.00 secs] 
115.511: Total time for which application threads were stopped: 0.0004840 seconds, Stopping threads took: 0.0000450 seconds
115.533: Application time: 0.0220660 seconds
115.533: [GC [PSYoungGen: 7324K->960K(7680K)] 16834K->10470K(25088K), 0.0005030 secs] [Times: user=0.00 sys=0.00, real=0.00 secs] 
115.533: Total time for which application threads were stopped: 0.0006020 seconds, Stopping threads took: 0.0000510 seconds
115.554: Application time: 0.0205020 seconds
115.554: [GC [PSYoungGen: 7611K->960K(7680K)] 17121K->10470K(25088K), 0.0004000 secs] [Times: user=0.00 sys=0.00, real=0.00 secs] 
115.554: Total time for which application threads were stopped: 0.0005000 seconds, Stopping threads took: 0.0000520 seconds
115.578: Application time: 0.0241860 seconds
115.578: [GC [PSYoungGen: 7614K->960K(7680K)] 17124K->10470K(25088K), 0.0004070 secs] [Times: user=0.00 sys=0.00, real=0.00 secs] 
115.579: Total time for which application threads were stopped: 0.0005070 seconds, Stopping threads took: 0.0000500 seconds
115.608: Application time: 0.0292620 seconds
115.608: [GC [PSYoungGen: 7612K->864K(7680K)] 17122K->10374K(25088K), 0.0004440 secs] [Times: user=0.01 sys=0.00, real=0.00 secs] 
115.609: Total time for which application threads were stopped: 0.0005550 seconds, Stopping threads took: 0.0000600 seconds
115.636: Application time: 0.0269070 seconds
115.636: [GC [PSYoungGen: 7516K->1008K(7680K)] 17026K->10518K(25088K), 0.0005280 secs] [Times: user=0.00 sys=0.00, real=0.00 secs] 
115.636: Total time for which application threads were stopped: 0.0006190 seconds, Stopping threads took: 0.0000440 seconds
115.663: Application time: 0.0263920 seconds
115.663: [GC [PSYoungGen: 7662K->1008K(7680K)] 17172K->10518K(25088K), 0.0004470 secs] [Times: user=0.00 sys=0.00, real=0.00 secs] 
115.663: Total time for which application threads were stopped: 0.0005560 seconds, Stopping threads took: 0.0000570 seconds
115.693: Application time: 0.0297450 seconds
115.693: [GC [PSYoungGen: 7660K->1008K(7680K)] 17170K->10534K(25088K), 0.0004530 secs] [Times: user=0.00 sys=0.00, real=0.00 secs] 
115.693: Total time for which application threads were stopped: 0.0005550 seconds, Stopping threads took: 0.0000520 seconds
115.724: Application time: 0.0307680 seconds
115.724: [GC [PSYoungGen: 7660K->976K(7680K)] 17186K->10502K(25088K), 0.0004510 secs] [Times: user=0.00 sys=0.00, real=0.00 secs] 
115.725: Total time for which application threads were stopped: 0.0005580 seconds, Stopping threads took: 0.0000570 seconds
115.755: Application time: 0.0301250 seconds
115.755: [GC [PSYoungGen: 7630K->992K(7680K)] 17156K->10522K(25088K), 0.0004480 secs] [Times: user=0.00 sys=0.00, real=0.00 secs] 
115.756: Total time for which application threads were stopped: 0.0005550 seconds, Stopping threads took: 0.0000540 seconds
115.785: Application time: 0.0296170 seconds
115.785: [GC [PSYoungGen: 7646K->1008K(7680K)] 17176K->10538K(25088K), 0.0004270 secs] [Times: user=0.00 sys=0.00, real=0.00 secs] 
115.786: Total time for which application threads were stopped: 0.0005330 seconds, Stopping threads took: 0.0000490 seconds
115.811: Application time: 0.0251910 seconds
115.811: [GC [PSYoungGen: 7660K->992K(7680K)] 17190K->10710K(25088K), 0.0004680 secs] [Times: user=0.00 sys=0.00, real=0.01 secs] 
115.811: Total time for which application threads were stopped: 0.0005630 seconds, Stopping threads took: 0.0000440 seconds
115.832: Application time: 0.0205140 seconds
115.832: [GC [PSYoungGen: 7644K->1008K(7680K)] 17362K->10790K(25088K), 0.0004710 secs] [Times: user=0.01 sys=0.00, real=0.00 secs] 
115.833: Total time for which application threads were stopped: 0.0005790 seconds, Stopping threads took: 0.0000580 seconds
115.855: Application time: 0.0227680 seconds
115.855: [GC [PSYoungGen: 7659K->992K(7680K)] 17441K->10782K(25088K), 0.0004870 secs] [Times: user=0.00 sys=0.00, real=0.00 secs] 
115.856: Total time for which application threads were stopped: 0.0005880 seconds, Stopping threads took: 0.0000410 seconds
115.878: Application time: 0.0216790 seconds
115.878: [GC [PSYoungGen: 7647K->992K(7680K)] 17438K->10934K(25088K), 0.0005380 secs] [Times: user=0.00 sys=0.00, real=0.00 secs] 
115.878: Total time for which application threads were stopped: 0.0006330 seconds, Stopping threads took: 0.0000390 seconds
115.899: Application time: 0.0204860 seconds
115.899: [GC [PSYoungGen: 7643K->992K(7680K)] 17585K->11086K(25088K), 0.0004600 secs] [Times: user=0.00 sys=0.00, real=0.01 secs] 
115.899: Total time for which application threads were stopped: 0.0005680 seconds, Stopping threads took: 0.0000560 seconds
115.923: Application time: 0.0233160 seconds
115.931: [GC [PSYoungGen: 7643K->992K(7680K)] 17738K->11222K(25088K), 0.0004560 secs] [Times: user=0.00 sys=0.00, real=0.01 secs] 
115.931: Total time for which application threads were stopped: 0.0085620 seconds, Stopping threads took: 0.0080530 seconds
115.960: Application time: 0.0284260 seconds
115.960: [GC [PSYoungGen: 7647K->992K(7680K)] 17878K->11238K(25088K), 0.0004570 secs] [Times: user=0.00 sys=0.00, real=0.00 secs] 
115.960: Total time for which application threads were stopped: 0.0005750 seconds, Stopping threads took: 0.0000660 seconds
115.987: Application time: 0.0273020 seconds
115.987: [GC [PSYoungGen: 7646K->1008K(7680K)] 17892K->11318K(25088K), 0.0004760 secs] [Times: user=0.00 sys=0.00, real=0.00 secs] 
115.988: Total time for which application threads were stopped: 0.0005680 seconds, Stopping threads took: 0.0000420 seconds
116.010: Application time: 0.0217390 seconds
116.010: [GC [PSYoungGen: 7660K->1008K(7680K)] 17970K->11534K(25088K), 0.0005000 secs] [Times: user=0.00 sys=0.00, real=0.00 secs] 
116.010: Total time for which application threads were stopped: 0.0006050 seconds, Stopping threads took: 0.0000540 seconds
116.032: Application time: 0.0214340 seconds
116.032: [GC [PSYoungGen: 7663K->992K(7680K)] 18190K->11582K(25088K), 0.0004760 secs] [Times: user=0.00 sys=0.00, real=0.00 secs] 
116.032: Total time for which application threads were stopped: 0.0005820 seconds, Stopping threads took: 0.0000520 seconds
116.056: Application time: 0.0232710 seconds
116.056: [GC [PSYoungGen: 7647K->992K(7680K)] 18238K->11831K(25088K), 0.0004850 secs] [Times: user=0.00 sys=0.00, real=0.00 secs] 
116.056: Total time for which application threads were stopped: 0.0005880 seconds, Stopping threads took: 0.0000490 seconds
116.077: Application time: 0.0205120 seconds
116.077: [GC [PSYoungGen: 7645K->1008K(7680K)] 18484K->11863K(25088K), 0.0004690 secs] [Times: user=0.00 sys=0.00, real=0.00 secs] 
116.077: Total time for which application threads were stopped: 0.0005800 seconds, Stopping threads took: 0.0000600 seconds
116.099: Application time: 0.0214040 seconds
116.103: [GC [PSYoungGen: 7663K->992K(7680K)] 18519K->11975K(25088K), 0.0005000 secs] [Times: user=0.01 sys=0.00, real=0.00 secs] 
116.104: Total time for which application threads were stopped: 0.0049450 seconds, Stopping threads took: 0.0043900 seconds
116.130: Application time: 0.0267420 seconds
116.130: [GC [PSYoungGen: 7643K->992K(7680K)] 18627K->12051K(25088K), 0.0004740 secs] [Times: user=0.00 sys=0.00, real=0.00 secs] 
116.131: Total time for which application threads were stopped: 0.0005670 seconds, Stopping threads took: 0.0000430 seconds
116.160: Application time: 0.0289460 seconds
116.160: [GC [PSYoungGen: 7644K->992K(7680K)] 18703K->12051K(25088K), 0.0004890 secs] [Times: user=0.00 sys=0.00, real=0.00 secs] 
116.161: Total time for which application threads were stopped: 0.0006020 seconds, Stopping threads took: 0.0000610 seconds
116.189: Application time: 0.0283690 seconds
116.189: [GC [PSYoungGen: 7645K->960K(7680K)] 18705K->12147K(25088K), 0.0004510 secs] [Times: user=0.00 sys=0.00, real=0.00 secs] 
116.189: Total time for which application threads were stopped: 0.0005560 seconds, Stopping threads took: 0.0000540 seconds
116.219: Application time: 0.0295600 seconds
116.219: [GC [PSYoungGen: 7614K->896K(7680K)] 18802K->12131K(25088K), 0.0004520 secs] [Times: user=0.00 sys=0.00, real=0.00 secs] 
116.220: Total time for which application threads were stopped: 0.0005590 seconds, Stopping threads took: 0.0000570 seconds
116.248: Application time: 0.0284710 seconds
116.250: [GC [PSYoungGen: 7550K->992K(7680K)] 18785K->12256K(25088K), 0.0004790 secs] [Times: user=0.00 sys=0.00, real=0.00 secs] 
116.251: Total time for which application threads were stopped: 0.0027700 seconds, Stopping threads took: 0.0022350 seconds
116.281: Application time: 0.0298420 seconds
116.281: [GC [PSYoungGen: 7644K->992K(7680K)] 18908K->12288K(25088K), 0.0004750 secs] [Times: user=0.00 sys=0.00, real=0.00 secs] 
116.281: Total time for which application threads were stopped: 0.0005860 seconds, Stopping threads took: 0.0000610 seconds
116.311: Application time: 0.0294470 seconds
116.311: [GC [PSYoungGen: 7646K->800K(7680K)] 18942K->12280K(25088K), 0.0004900 secs] [Times: user=0.00 sys=0.00, real=0.01 secs] 
116.311: Total time for which application threads were stopped: 0.0005990 seconds, Stopping threads took: 0.0000580 seconds
116.339: Application time: 0.0280140 seconds
116.339: [GC [PSYoungGen: 7455K->992K(7680K)] 18935K->12560K(25088K), 0.0004420 secs] [Times: user=0.00 sys=0.00, real=0.00 secs] 
116.340: Total time for which application threads were stopped: 0.0005410 seconds, Stopping threads took: 0.0000490 seconds
116.370: Application time: 0.0296750 seconds
116.370: [GC [PSYoungGen: 7646K->928K(7680K)] 19214K->12496K(25088K), 0.0004970 secs] [Times: user=0.00 sys=0.00, real=0.00 secs] 
116.370: Total time for which application threads were stopped: 0.0005870 seconds, Stopping threads took: 0.0000320 seconds
116.400: Application time: 0.0295570 seconds
116.400: [GC [PSYoungGen: 7582K->800K(7680K)] 19150K->12592K(25088K), 0.0004430 secs] [Times: user=0.00 sys=0.00, real=0.00 secs] 
116.400: Total time for which application threads were stopped: 0.0005440 seconds, Stopping threads took: 0.0000530 seconds
116.430: Application time: 0.0296010 seconds
116.430: [GC [PSYoungGen: 7454K->768K(7680K)] 19246K->12560K(25088K), 0.0004400 secs] [Times: user=0.00 sys=0.00, real=0.00 secs] 
116.430: Total time for which application threads were stopped: 0.0005370 seconds, Stopping threads took: 0.0000470 seconds
116.458: Application time: 0.0279060 seconds
116.458: [GC [PSYoungGen: 7421K->1008K(7680K)] 19213K->12800K(25088K), 0.0004690 secs] [Times: user=0.00 sys=0.00, real=0.00 secs] 
116.459: Total time for which application threads were stopped: 0.0005590 seconds, Stopping threads took: 0.0000410 seconds
116.488: Application time: 0.0293450 seconds
116.488: [GC [PSYoungGen: 7662K->960K(7680K)] 19454K->12800K(25088K), 0.0004720 secs] [Times: user=0.00 sys=0.00, real=0.00 secs] 
116.489: Total time for which application threads were stopped: 0.0005780 seconds, Stopping threads took: 0.0000570 seconds
116.517: Application time: 0.0279920 seconds
116.517: [GC [PSYoungGen: 7615K->992K(7680K)] 19455K->13028K(25088K), 0.0005580 secs] [Times: user=0.01 sys=0.00, real=0.00 secs] 
116.517: Total time for which application threads were stopped: 0.0006540 seconds, Stopping threads took: 0.0000460 seconds
116.547: Application time: 0.0295640 seconds
116.547: [GC [PSYoungGen: 7646K->928K(7680K)] 19683K->12964K(25088K), 0.0004690 secs] [Times: user=0.00 sys=0.00, real=0.00 secs] 
116.548: Total time for which application threads were stopped: 0.0005700 seconds, Stopping threads took: 0.0000490 seconds
116.577: Application time: 0.0297170 seconds
116.579: [GC [PSYoungGen: 7582K->736K(7680K)] 19619K->12972K(25088K), 0.0004460 secs] [Times: user=0.00 sys=0.00, real=0.00 secs] 
116.580: Total time for which application threads were stopped: 0.0023380 seconds, Stopping threads took: 0.0018380 seconds
116.609: Application time: 0.0298210 seconds
116.610: [GC [PSYoungGen: 7390K->736K(7680K)] 19627K->12972K(25088K), 0.0003950 secs] [Times: user=0.00 sys=0.00, real=0.00 secs] 
116.610: Total time for which application threads were stopped: 0.0004890 seconds, Stopping threads took: 0.0000450 seconds
116.640: Application time: 0.0299840 seconds
116.640: [GC [PSYoungGen: 7390K->704K(7680K)] 19627K->12940K(25088K), 0.0003940 secs] [Times: user=0.00 sys=0.00, real=0.00 secs] 
116.640: Total time for which application threads were stopped: 0.0004930 seconds, Stopping threads took: 0.0000490 seconds
116.671: Application time: 0.0301250 seconds
116.671: [GC [PSYoungGen: 7358K->736K(7680K)] 19595K->12972K(25088K), 0.0003620 secs] [Times: user=0.00 sys=0.00, real=0.00 secs] 
116.671: Total time for which application threads were stopped: 0.0004780 seconds, Stopping threads took: 0.0000670 seconds
116.701: Application time: 0.0299100 seconds
116.701: [GC [PSYoungGen: 7390K->576K(7680K)] 19627K->13012K(25088K), 0.0003900 secs] [Times: user=0.00 sys=0.00, real=0.00 secs] 
116.701: Total time for which application threads were stopped: 0.0004980 seconds, Stopping threads took: 0.0000560 seconds
116.731: Application time: 0.0299950 seconds
116.731: [GC [PSYoungGen: 7230K->544K(7680K)] 19667K->12980K(25088K), 0.0004070 secs] [Times: user=0.00 sys=0.00, real=0.00 secs] 
116.732: Total time for which application threads were stopped: 0.0005080 seconds, Stopping threads took: 0.0000510 seconds
116.762: Application time: 0.0302180 seconds
116.762: [GC [PSYoungGen: 7198K->576K(7680K)] 19635K->13012K(25088K), 0.0004360 secs] [Times: user=0.00 sys=0.00, real=0.00 secs] 
116.763: Total time for which application threads were stopped: 0.0005480 seconds, Stopping threads took: 0.0000590 seconds
116.793: Application time: 0.0298160 seconds
116.793: [GC [PSYoungGen: 7230K->352K(7680K)] 19667K->12980K(25088K), 0.0004160 secs] [Times: user=0.00 sys=0.00, real=0.00 secs] 
116.793: Total time for which application threads were stopped: 0.0005210 seconds, Stopping threads took: 0.0000550 seconds
116.823: Application time: 0.0301350 seconds
116.823: [GC [PSYoungGen: 7006K->352K(7680K)] 19635K->12980K(25088K), 0.0003510 secs] [Times: user=0.00 sys=0.00, real=0.00 secs] 
116.824: Total time for which application threads were stopped: 0.0004530 seconds, Stopping threads took: 0.0000530 seconds
116.853: Application time: 0.0298290 seconds
116.854: [GC [PSYoungGen: 7006K->384K(7680K)] 19635K->13012K(25088K), 0.0003310 secs] [Times: user=0.00 sys=0.00, real=0.00 secs] 
116.854: Total time for which application threads were stopped: 0.0004310 seconds, Stopping threads took: 0.0000530 seconds
116.884: Application time: 0.0297550 seconds
116.887: [GC [PSYoungGen: 7038K->384K(7680K)] 19667K->13012K(25088K), 0.0003540 secs] [Times: user=0.00 sys=0.00, real=0.00 secs] 
116.888: Total time for which application threads were stopped: 0.0038700 seconds, Stopping threads took: 0.0034600 seconds
116.917: Application time: 0.0297790 seconds
116.917: [GC [PSYoungGen: 7038K->192K(7680K)] 19667K->13040K(25088K), 0.0003610 secs] [Times: user=0.00 sys=0.00, real=0.00 secs] 
116.918: Total time for which application threads were stopped: 0.0004630 seconds, Stopping threads took: 0.0000540 seconds
116.947: Application time: 0.0289280 seconds
116.947: [GC [PSYoungGen: 6848K->352K(7680K)] 19696K->13200K(25088K), 0.0003360 secs] [Times: user=0.00 sys=0.00, real=0.00 secs] 
116.947: Total time for which application threads were stopped: 0.0004500 seconds, Stopping threads took: 0.0000580 seconds
116.968: Application time: 0.0208540 seconds
116.968: [GC [PSYoungGen: 7004K->288K(7680K)] 19853K->13208K(25088K), 0.0003680 secs] [Times: user=0.00 sys=0.00, real=0.00 secs] 
116.968: Total time for which application threads were stopped: 0.0004640 seconds, Stopping threads took: 0.0000510 seconds
116.991: Application time: 0.0222360 seconds
116.991: [GC [PSYoungGen: 6943K->352K(7680K)] 19864K->13272K(25088K), 0.0003350 secs] [Times: user=0.00 sys=0.00, real=0.01 secs] 
116.991: Total time for which application threads were stopped: 0.0004430 seconds, Stopping threads took: 0.0000570 seconds
117.013: Application time: 0.0213850 seconds
117.013: [GC [PSYoungGen: 6968K->384K(7680K)] 19889K->13304K(25088K), 0.0003460 secs] [Times: user=0.00 sys=0.00, real=0.00 secs] 
117.013: Total time for which application threads were stopped: 0.0004490 seconds, Stopping threads took: 0.0000560 seconds
117.034: Application time: 0.0207940 seconds
117.034: [GC [PSYoungGen: 7035K->480K(7680K)] 19956K->13400K(25088K), 0.0003530 secs] [Times: user=0.00 sys=0.00, real=0.00 secs] 
117.034: Total time for which application threads were stopped: 0.0004410 seconds, Stopping threads took: 0.0000400 seconds
117.057: Application time: 0.0232510 seconds
117.058: [GC [PSYoungGen: 7131K->544K(7680K)] 20052K->13464K(25088K), 0.0004120 secs] [Times: user=0.00 sys=0.00, real=0.00 secs] 
117.058: Total time for which application threads were stopped: 0.0005100 seconds, Stopping threads took: 0.0000470 seconds
117.086: Application time: 0.0282440 seconds
117.086: [GC [PSYoungGen: 7195K->512K(7680K)] 20116K->13432K(25088K), 0.0004780 secs] [Times: user=0.00 sys=0.00, real=0.00 secs] 
117.087: Total time for which application threads were stopped: 0.0005800 seconds, Stopping threads took: 0.0000530 seconds
117.115: Application time: 0.0283000 seconds
117.115: [GC [PSYoungGen: 7164K->512K(7680K)] 20085K->13432K(25088K), 0.0003720 secs] [Times: user=0.01 sys=0.00, real=0.00 secs] 
117.116: Total time for which application threads were stopped: 0.0004710 seconds, Stopping threads took: 0.0000520 seconds
117.145: Application time: 0.0293930 seconds
117.145: [GC [PSYoungGen: 7166K->448K(7680K)] 20087K->13368K(25088K), 0.0003940 secs] [Times: user=0.00 sys=0.00, real=0.00 secs] 
117.145: Total time for which application threads were stopped: 0.0005050 seconds, Stopping threads took: 0.0000610 seconds
117.175: Application time: 0.0292550 seconds
117.175: [GC [PSYoungGen: 7102K->640K(7680K)] 20023K->13560K(25088K), 0.0003810 secs] [Times: user=0.00 sys=0.00, real=0.00 secs] 
117.175: Total time for which application threads were stopped: 0.0004790 seconds, Stopping threads took: 0.0000500 seconds
117.205: Application time: 0.0293080 seconds
117.205: [GC [PSYoungGen: 7294K->544K(7680K)] 20215K->13464K(25088K), 0.0003630 secs] [Times: user=0.00 sys=0.00, real=0.00 secs] 
117.205: Total time for which application threads were stopped: 0.0004720 seconds, Stopping threads took: 0.0000590 seconds
117.229: Application time: 0.0239460 seconds
117.229: [GC [PSYoungGen: 7199K->768K(7680K)] 20120K->13688K(25088K), 0.0004510 secs] [Times: user=0.00 sys=0.00, real=0.00 secs] 
117.230: Total time for which application threads were stopped: 0.0005540 seconds, Stopping threads took: 0.0000510 seconds
117.251: Application time: 0.0212540 seconds
117.251: [GC [PSYoungGen: 7421K->736K(7680K)] 20342K->13656K(25088K), 0.0004090 secs] [Times: user=0.00 sys=0.00, real=0.01 secs] 
117.251: Total time for which application threads were stopped: 0.0005110 seconds, Stopping threads took: 0.0000520 seconds
117.275: Application time: 0.0238060 seconds
117.275: [GC [PSYoungGen: 7390K->768K(7680K)] 20310K->13688K(25088K), 0.0003930 secs] [Times: user=0.00 sys=0.00, real=0.00 secs] 
117.276: Total time for which application threads were stopped: 0.0004850 seconds, Stopping threads took: 0.0000440 seconds
117.296: Application time: 0.0203850 seconds
117.296: [GC [PSYoungGen: 7422K->960K(7680K)] 20343K->13880K(25088K), 0.0004660 secs] [Times: user=0.00 sys=0.00, real=0.00 secs] 
117.297: Total time for which application threads were stopped: 0.0005600 seconds, Stopping threads took: 0.0000400 seconds
117.318: Application time: 0.0211670 seconds
117.318: [GC [PSYoungGen: 7613K->960K(7680K)] 20534K->13880K(25088K), 0.0003970 secs] [Times: user=0.00 sys=0.00, real=0.00 secs] 
117.318: Total time for which application threads were stopped: 0.0004910 seconds, Stopping threads took: 0.0000460 seconds
117.343: Application time: 0.0248780 seconds
117.343: [GC [PSYoungGen: 7613K->944K(7680K)] 20534K->13864K(25088K), 0.0004200 secs] [Times: user=0.00 sys=0.00, real=0.00 secs] 
117.344: Total time for which application threads were stopped: 0.0005230 seconds, Stopping threads took: 0.0000540 seconds
117.372: Application time: 0.0288810 seconds
117.373: [GC [PSYoungGen: 7596K->896K(7680K)] 20517K->13816K(25088K), 0.0004130 secs] [Times: user=0.00 sys=0.00, real=0.00 secs] 
117.373: Total time for which application threads were stopped: 0.0005160 seconds, Stopping threads took: 0.0000540 seconds
117.399: Application time: 0.0258030 seconds
117.399: [GC [PSYoungGen: 7548K->992K(7680K)] 20469K->13912K(25088K), 0.0004390 secs] [Times: user=0.01 sys=0.00, real=0.01 secs] 
117.399: Total time for which application threads were stopped: 0.0005370 seconds, Stopping threads took: 0.0000380 seconds
117.429: Application time: 0.0294170 seconds
117.429: [GC [PSYoungGen: 7646K->992K(7680K)] 20567K->13912K(25088K), 0.0004370 secs] [Times: user=0.01 sys=0.00, real=0.00 secs] 
117.429: Total time for which application threads were stopped: 0.0005360 seconds, Stopping threads took: 0.0000480 seconds
117.457: Application time: 0.0280740 seconds
117.457: [GC [PSYoungGen: 7644K->1008K(7680K)] 20565K->13936K(25088K), 0.0005110 secs] [Times: user=0.01 sys=0.00, real=0.00 secs] 
117.458: Total time for which application threads were stopped: 0.0006090 seconds, Stopping threads took: 0.0000460 seconds
117.488: Application time: 0.0297020 seconds
117.488: [GC [PSYoungGen: 7662K->976K(7680K)] 20591K->13904K(25088K), 0.0004510 secs] [Times: user=0.01 sys=0.00, real=0.00 secs] 
117.488: Total time for which application threads were stopped: 0.0005460 seconds, Stopping threads took: 0.0000450 seconds
117.518: Application time: 0.0296460 seconds
117.518: [GC [PSYoungGen: 7630K->992K(7680K)] 20559K->13920K(25088K), 0.0004230 secs] [Times: user=0.00 sys=0.00, real=0.00 secs] 
117.518: Total time for which application threads were stopped: 0.0005250 seconds, Stopping threads took: 0.0000500 seconds
117.548: Application time: 0.0295020 seconds
117.548: [GC [PSYoungGen: 7646K->976K(7680K)] 20575K->13904K(25088K), 0.0004440 secs] [Times: user=0.00 sys=0.00, real=0.00 secs] 
117.548: Total time for which application threads were stopped: 0.0005620 seconds, Stopping threads took: 0.0000640 seconds
117.569: Application time: 0.0201460 seconds
117.569: [GC [PSYoungGen: 7631K->1008K(7680K)] 20560K->14104K(25088K), 0.0005150 secs] [Times: user=0.00 sys=0.00, real=0.00 secs] 
117.569: Total time for which application threads were stopped: 0.0006220 seconds, Stopping threads took: 0.0000560 seconds
117.591: Application time: 0.0214860 seconds
117.591: [GC [PSYoungGen: 7663K->1008K(7680K)] 20760K->14136K(25088K), 0.0004560 secs] [Times: user=0.01 sys=0.00, real=0.01 secs] 
117.591: Total time for which application threads were stopped: 0.0005560 seconds, Stopping threads took: 0.0000480 seconds
117.618: Application time: 0.0264700 seconds
117.618: [GC [PSYoungGen: 7662K->992K(7680K)] 20791K->14337K(25088K), 0.0005480 secs] [Times: user=0.00 sys=0.00, real=0.00 secs] 
117.618: Total time for which application threads were stopped: 0.0006490 seconds, Stopping threads took: 0.0000500 seconds
117.644: Application time: 0.0260320 seconds
117.644: [GC [PSYoungGen: 7643K->992K(7680K)] 20988K->14593K(25088K), 0.0005060 secs] [Times: user=0.00 sys=0.00, real=0.00 secs] 
117.645: Total time for which application threads were stopped: 0.0006130 seconds, Stopping threads took: 0.0000550 seconds
117.664: Application time: 0.0192800 seconds
117.664: [GC [PSYoungGen: 7644K->992K(7680K)] 21245K->14729K(25088K), 0.0004790 secs] [Times: user=0.00 sys=0.00, real=0.00 secs] 
117.665: Total time for which application threads were stopped: 0.0005800 seconds, Stopping threads took: 0.0000450 seconds
117.685: Application time: 0.0204990 seconds
117.685: [GC [PSYoungGen: 7637K->1008K(7680K)] 21374K->14745K(25088K), 0.0004230 secs] [Times: user=0.00 sys=0.00, real=0.00 secs] 
117.686: Total time for which application threads were stopped: 0.0005280 seconds, Stopping threads took: 0.0000550 seconds
117.713: Application time: 0.0268510 seconds
117.713: [GC [PSYoungGen: 7661K->1008K(7680K)] 21398K->15013K(25088K), 0.0005020 secs] [Times: user=0.00 sys=0.00, real=0.00 secs] 
117.713: Total time for which application threads were stopped: 0.0006000 seconds, Stopping threads took: 0.0000490 seconds
117.741: Application time: 0.0279770 seconds
117.741: [GC [PSYoungGen: 7663K->992K(7680K)] 21669K->15269K(25088K), 0.0005370 secs] [Times: user=0.01 sys=0.00, real=0.00 secs] 
117.742: Total time for which application threads were stopped: 0.0006470 seconds, Stopping threads took: 0.0000570 seconds
117.767: Application time: 0.0247920 seconds
117.767: [GC [PSYoungGen: 7647K->1008K(7680K)] 21925K->15549K(25088K), 0.0005680 secs] [Times: user=0.01 sys=0.00, real=0.00 secs] 
117.767: Total time for which application threads were stopped: 0.0006780 seconds, Stopping threads took: 0.0000560 seconds
117.788: Application time: 0.0205500 seconds
117.788: [GC [PSYoungGen: 7660K->992K(7680K)] 22202K->15781K(25088K), 0.0006170 secs] [Times: user=0.00 sys=0.00, real=0.00 secs] 
117.789: Total time for which application threads were stopped: 0.0007210 seconds, Stopping threads took: 0.0000490 seconds
117.810: Application time: 0.0210910 seconds
117.810: [GC [PSYoungGen: 7645K->992K(7680K)] 22435K->16021K(25088K), 0.0005170 secs] [Times: user=0.00 sys=0.00, real=0.00 secs] 
117.810: Total time for which application threads were stopped: 0.0006330 seconds, Stopping threads took: 0.0000620 seconds
117.831: Application time: 0.0202630 seconds
117.831: [GC [PSYoungGen: 7645K->1008K(7680K)] 22674K->16093K(25088K), 0.0004770 secs] [Times: user=0.01 sys=0.00, real=0.01 secs] 
117.831: Total time for which application threads were stopped: 0.0006020 seconds, Stopping threads took: 0.0000690 seconds
117.852: Application time: 0.0209540 seconds
117.852: [GC [PSYoungGen: 7661K->896K(7680K)] 22747K->16109K(25088K), 0.0004920 secs] [Times: user=0.01 sys=0.00, real=0.00 secs] 
117.853: Total time for which application threads were stopped: 0.0005960 seconds, Stopping threads took: 0.0000510 seconds
117.879: Application time: 0.0265050 seconds
117.879: [GC [PSYoungGen: 7549K->992K(7680K)] 22763K->16341K(25088K), 0.0005290 secs] [Times: user=0.00 sys=0.00, real=0.00 secs] 
117.880: Total time for which application threads were stopped: 0.0006390 seconds, Stopping threads took: 0.0000580 seconds
117.909: Application time: 0.0288860 seconds
117.911: [GC [PSYoungGen: 7644K->944K(7680K)] 22994K->16293K(25088K), 0.0004950 secs] [Times: user=0.00 sys=0.00, real=0.00 secs] 
117.912: Total time for which application threads were stopped: 0.0027220 seconds, Stopping threads took: 0.0021680 seconds
117.940: Application time: 0.0281440 seconds
117.940: [GC [PSYoungGen: 7597K->992K(7680K)] 22947K->16389K(25088K), 0.0004910 secs] [Times: user=0.00 sys=0.00, real=0.00 secs] 
117.940: Total time for which application threads were stopped: 0.0005990 seconds, Stopping threads took: 0.0000600 seconds
117.969: Application time: 0.0289760 seconds
117.969: [GC [PSYoungGen: 7646K->928K(7680K)] 23044K->16325K(25088K), 0.0005140 secs] [Times: user=0.00 sys=0.00, real=0.00 secs] 
117.970: Total time for which application threads were stopped: 0.0006170 seconds, Stopping threads took: 0.0000560 seconds
117.997: Application time: 0.0274790 seconds
117.998: [GC [PSYoungGen: 7582K->992K(7680K)] 22979K->16425K(25088K), 0.0006110 secs] [Times: user=0.01 sys=0.00, real=0.00 secs] 
117.998: Total time for which application threads were stopped: 0.0007280 seconds, Stopping threads took: 0.0000560 seconds
118.027: Application time: 0.0292050 seconds
118.027: [GC [PSYoungGen: 7646K->992K(7680K)] 23080K->16465K(25088K), 0.0004910 secs] [Times: user=0.00 sys=0.00, real=0.00 secs] 
118.028: Total time for which application threads were stopped: 0.0005910 seconds, Stopping threads took: 0.0000470 seconds
118.057: Application time: 0.0292940 seconds
118.057: [GC [PSYoungGen: 7646K->976K(7680K)] 23120K->16450K(25088K), 0.0005260 secs] [Times: user=0.00 sys=0.00, real=0.00 secs] 
118.058: Total time for which application threads were stopped: 0.0006180 seconds, Stopping threads took: 0.0000440 seconds
118.086: Application time: 0.0285290 seconds
118.087: [GC [PSYoungGen: 7628K->1008K(7680K)] 23102K->16658K(25088K), 0.0005570 secs] [Times: user=0.00 sys=0.00, real=0.00 secs] 
118.087: Total time for which application threads were stopped: 0.0006480 seconds, Stopping threads took: 0.0000420 seconds
118.116: Application time: 0.0285440 seconds
118.119: [GC [PSYoungGen: 7662K->992K(7680K)] 23312K->16698K(25088K), 0.0005270 secs] [Times: user=0.01 sys=0.00, real=0.00 secs] 
118.120: Total time for which application threads were stopped: 0.0040340 seconds, Stopping threads took: 0.0034540 seconds
118.149: Application time: 0.0293910 seconds
118.149: [GC [PSYoungGen: 7644K->928K(7680K)] 23350K->16814K(25088K), 0.0005150 secs] [Times: user=0.01 sys=0.00, real=0.00 secs] 
118.150: Total time for which application threads were stopped: 0.0006150 seconds, Stopping threads took: 0.0000520 seconds
118.179: Application time: 0.0294830 seconds
118.179: [GC [PSYoungGen: 7582K->704K(7680K)] 23469K->16822K(25088K), 0.0004470 secs] [Times: user=0.00 sys=0.00, real=0.00 secs] 
118.180: Total time for which application threads were stopped: 0.0005360 seconds, Stopping threads took: 0.0000420 seconds
118.207: Application time: 0.0275910 seconds
118.207: [GC [PSYoungGen: 7358K->896K(7680K)] 23476K->17014K(25088K), 0.0004400 secs] [Times: user=0.00 sys=0.00, real=0.00 secs] 
118.208: Total time for which application threads were stopped: 0.0005360 seconds, Stopping threads took: 0.0000480 seconds
118.237: Application time: 0.0293790 seconds
118.237: [GC [PSYoungGen: 7550K->800K(7680K)] 23669K->16974K(25088K), 0.0004330 secs] [Times: user=0.01 sys=0.00, real=0.00 secs] 
118.238: Total time for which application threads were stopped: 0.0005540 seconds, Stopping threads took: 0.0000660 seconds
118.265: Application time: 0.0277200 seconds
118.266: [GC [PSYoungGen: 7454K->704K(7680K)] 23628K->17094K(25088K), 0.0004310 secs] [Times: user=0.00 sys=0.00, real=0.00 secs] 
118.266: Total time for which application threads were stopped: 0.0005430 seconds, Stopping threads took: 0.0000600 seconds
118.296: Application time: 0.0296190 seconds
118.296: [GC [PSYoungGen: 7358K->672K(7680K)] 23749K->17062K(25088K), 0.0003720 secs] [Times: user=0.00 sys=0.00, real=0.00 secs] 
118.296: Total time for which application threads were stopped: 0.0004810 seconds, Stopping threads took: 0.0000550 seconds
118.326: Application time: 0.0296210 seconds
118.326: [GC [PSYoungGen: 7326K->608K(7680K)] 23717K->17006K(25088K), 0.0003960 secs] [Times: user=0.01 sys=0.00, real=0.00 secs] 
118.326: Total time for which application threads were stopped: 0.0005060 seconds, Stopping threads took: 0.0000590 seconds
118.356: Application time: 0.0300500 seconds
118.356: [GC [PSYoungGen: 7262K->608K(7680K)] 23661K->17006K(25088K), 0.0004290 secs] [Times: user=0.00 sys=0.00, real=0.00 secs] 
118.357: Total time for which application threads were stopped: 0.0005180 seconds, Stopping threads took: 0.0000420 seconds
118.386: Application time: 0.0296290 seconds
118.387: [GC [PSYoungGen: 7262K->640K(7680K)] 23661K->17054K(25088K), 0.0003890 secs] [Times: user=0.01 sys=0.00, real=0.00 secs] 
118.387: Total time for which application threads were stopped: 0.0004920 seconds, Stopping threads took: 0.0000520 seconds
118.417: Application time: 0.0298050 seconds
118.417: [GC [PSYoungGen: 7294K->608K(7680K)] 23709K->17022K(25088K), 0.0003940 secs] [Times: user=0.01 sys=0.00, real=0.00 secs] 
118.417: Total time for which application threads were stopped: 0.0005040 seconds, Stopping threads took: 0.0000500 seconds
118.447: Application time: 0.0296930 seconds
118.447: [GC [PSYoungGen: 7262K->544K(7680K)] 23677K->17043K(25088K), 0.0003370 secs] [Times: user=0.00 sys=0.00, real=0.00 secs] 
118.447: Total time for which application threads were stopped: 0.0004250 seconds, Stopping threads took: 0.0000400 seconds
118.477: Application time: 0.0298810 seconds
118.477: [GC [PSYoungGen: 7198K->544K(7680K)] 23697K->17043K(25088K), 0.0003820 secs] [Times: user=0.01 sys=0.00, real=0.00 secs] 
118.478: Total time for which application threads were stopped: 0.0004960 seconds, Stopping threads took: 0.0000630 seconds
118.508: Application time: 0.0299000 seconds
118.508: [GC [PSYoungGen: 7198K->512K(7680K)] 23697K->17011K(25088K), 0.0003850 secs] [Times: user=0.01 sys=0.00, real=0.00 secs] 
118.508: Total time for which application threads were stopped: 0.0004850 seconds, Stopping threads took: 0.0000540 seconds
118.539: Application time: 0.0306710 seconds
118.539: [GC [PSYoungGen: 7164K->576K(7680K)] 23663K->17075K(25088K), 0.0003400 secs] [Times: user=0.00 sys=0.00, real=0.01 secs] 
118.539: Total time for which application threads were stopped: 0.0004390 seconds, Stopping threads took: 0.0000520 seconds
118.569: Application time: 0.0298480 seconds
118.569: [GC [PSYoungGen: 7230K->544K(7680K)] 23729K->17127K(25088K), 0.0003330 secs] [Times: user=0.01 sys=0.00, real=0.00 secs] 
118.570: Total time for which application threads were stopped: 0.0004340 seconds, Stopping threads took: 0.0000540 seconds
118.599: Application time: 0.0296840 seconds
118.599: [GC [PSYoungGen: 7198K->448K(7680K)] 23782K->17031K(25088K), 0.0003720 secs] [Times: user=0.00 sys=0.00, real=0.00 secs] 
118.600: Total time for which application threads were stopped: 0.0004710 seconds, Stopping threads took: 0.0000520 seconds
118.629: Application time: 0.0296750 seconds
118.629: [GC [PSYoungGen: 7102K->448K(7680K)] 23686K->17031K(25088K), 0.0003790 secs] [Times: user=0.00 sys=0.00, real=0.00 secs] 
118.630: Total time for which application threads were stopped: 0.0004860 seconds, Stopping threads took: 0.0000540 seconds
118.660: Application time: 0.0297050 seconds
118.660: [GC [PSYoungGen: 7102K->320K(7680K)] 23686K->17124K(25088K), 0.0004300 secs] [Times: user=0.00 sys=0.00, real=0.00 secs] 
118.660: Total time for which application threads were stopped: 0.0005280 seconds, Stopping threads took: 0.0000460 seconds
118.690: Application time: 0.0295770 seconds
118.690: [GC [PSYoungGen: 6972K->352K(7680K)] 23776K->17156K(25088K), 0.0003190 secs] [Times: user=0.00 sys=0.00, real=0.00 secs] 
118.690: Total time for which application threads were stopped: 0.0004320 seconds, Stopping threads took: 0.0000640 seconds
118.715: Application time: 0.0248650 seconds
118.715: [GC [PSYoungGen: 7006K->320K(7680K)] 23810K->17360K(25088K), 0.0003430 secs] [Times: user=0.00 sys=0.00, real=0.00 secs] 
118.715: Total time for which application threads were stopped: 0.0004400 seconds, Stopping threads took: 0.0000450 seconds
118.737: Application time: 0.0214830 seconds
118.737: [GC [PSYoungGen: 6973K->384K(7680K)] 24014K->17424K(25088K), 0.0003410 secs] [Times: user=0.00 sys=0.00, real=0.00 secs] 
118.737: Total time for which application threads were stopped: 0.0004430 seconds, Stopping threads took: 0.0000530 seconds
118.760: Application time: 0.0225950 seconds
118.760: [GC [PSYoungGen: 7038K->512K(7680K)] 24078K->17552K(25088K), 0.0003870 secs] [Times: user=0.00 sys=0.00, real=0.00 secs] 
118.760: Total time for which application threads were stopped: 0.0004870 seconds, Stopping threads took: 0.0000460 seconds
118.781: Application time: 0.0207520 seconds
118.783: [GC [PSYoungGen: 7164K->480K(7680K)] 24205K->17520K(25088K), 0.0004650 secs] [Times: user=0.00 sys=0.00, real=0.00 secs] 
118.784: Total time for which application threads were stopped: 0.0024180 seconds, Stopping threads took: 0.0018980 seconds
118.805: Application time: 0.0211030 seconds
118.805: [GC [PSYoungGen: 7133K->480K(7680K)] 24174K->17520K(25088K), 0.0003780 secs] [Times: user=0.00 sys=0.00, real=0.00 secs] 
118.805: Total time for which application threads were stopped: 0.0004810 seconds, Stopping threads took: 0.0000530 seconds
118.831: Application time: 0.0261730 seconds
118.831: [GC [PSYoungGen: 7131K->576K(7680K)] 24172K->17616K(25088K), 0.0003470 secs] [Times: user=0.00 sys=0.00, real=0.00 secs] 
118.832: Total time for which application threads were stopped: 0.0004530 seconds, Stopping threads took: 0.0000540 seconds
118.861: Application time: 0.0289570 seconds
118.861: [GC [PSYoungGen: 7228K->480K(7680K)] 24268K->17520K(25088K), 0.0003580 secs] [Times: user=0.00 sys=0.00, real=0.00 secs] 
118.861: Total time for which application threads were stopped: 0.0004540 seconds, Stopping threads took: 0.0000510 seconds
118.890: Application time: 0.0282730 seconds
118.890: [GC [PSYoungGen: 7134K->544K(7680K)] 24174K->17584K(25088K), 0.0003330 secs] [Times: user=0.00 sys=0.00, real=0.00 secs] 
118.890: Total time for which application threads were stopped: 0.0004240 seconds, Stopping threads took: 0.0000440 seconds
118.919: Application time: 0.0292750 seconds
118.923: [GC [PSYoungGen: 7198K->480K(7680K)] 24239K->17520K(25088K), 0.0003510 secs] [Times: user=0.00 sys=0.00, real=0.00 secs] 
118.924: Total time for which application threads were stopped: 0.0042930 seconds, Stopping threads took: 0.0038780 seconds
118.953: Application time: 0.0293540 seconds
118.953: [GC [PSYoungGen: 7134K->480K(7680K)] 24175K->17520K(25088K), 0.0003640 secs] [Times: user=0.00 sys=0.00, real=0.00 secs] 
118.953: Total time for which application threads were stopped: 0.0004900 seconds, Stopping threads took: 0.0000770 seconds
118.979: Application time: 0.0260910 seconds
118.980: [GC [PSYoungGen: 7135K->704K(7680K)] 24175K->17744K(25088K), 0.0004200 secs] [Times: user=0.01 sys=0.00, real=0.00 secs] 
118.980: Total time for which application threads were stopped: 0.0005220 seconds, Stopping threads took: 0.0000540 seconds
119.000: Application time: 0.0201700 seconds
119.000: [GC [PSYoungGen: 7359K->736K(7680K)] 24400K->17776K(25088K), 0.0003650 secs] [Times: user=0.00 sys=0.00, real=0.00 secs] 
119.001: Total time for which application threads were stopped: 0.0004640 seconds, Stopping threads took: 0.0000530 seconds
119.018: Application time: 0.0178350 seconds
119.019: [GC [PSYoungGen: 7388K->960K(7680K)] 24429K->18000K(25088K), 0.0004680 secs] [Times: user=0.00 sys=0.00, real=0.00 secs] 
119.019: Total time for which application threads were stopped: 0.0005670 seconds, Stopping threads took: 0.0000500 seconds
119.040: Application time: 0.0205380 seconds
119.040: [GC [PSYoungGen: 7614K->960K(7680K)] 24655K->18000K(25088K), 0.0004650 secs] [Times: user=0.00 sys=0.00, real=0.00 secs] 
119.040: Total time for which application threads were stopped: 0.0005620 seconds, Stopping threads took: 0.0000470 seconds
119.062: Application time: 0.0221780 seconds
119.062: [GC [PSYoungGen: 7613K->960K(7680K)] 24654K->18000K(25088K), 0.0003920 secs] [Times: user=0.00 sys=0.00, real=0.00 secs] 
119.063: Total time for which application threads were stopped: 0.0004880 seconds, Stopping threads took: 0.0000450 seconds
119.091: Application time: 0.0277080 seconds
119.091: [GC [PSYoungGen: 7614K->928K(7680K)] 24654K->17968K(25088K), 0.0004330 secs] [Times: user=0.00 sys=0.00, real=0.00 secs] 
119.092: Total time for which application threads were stopped: 0.0010770 seconds, Stopping threads took: 0.0005920 seconds
119.121: Application time: 0.0291090 seconds
119.121: [GC [PSYoungGen: 7582K->896K(7680K)] 24623K->17936K(25088K), 0.0003840 secs] [Times: user=0.00 sys=0.00, real=0.00 secs] 
119.121: Total time for which application threads were stopped: 0.0004830 seconds, Stopping threads took: 0.0000480 seconds
119.148: Application time: 0.0270700 seconds
119.148: [GC [PSYoungGen: 7550K->960K(7680K)] 24591K->18000K(25088K), 0.0004040 secs] [Times: user=0.01 sys=0.00, real=0.00 secs] 
119.149: Total time for which application threads were stopped: 0.0005150 seconds, Stopping threads took: 0.0000470 seconds
119.177: Application time: 0.0280950 seconds
119.177: [GC [PSYoungGen: 7615K->992K(7680K)] 24655K->18032K(25088K), 0.0004790 secs] [Times: user=0.00 sys=0.00, real=0.00 secs] 
119.177: Total time for which application threads were stopped: 0.0005740 seconds, Stopping threads took: 0.0000480 seconds
119.206: Application time: 0.0281000 seconds
119.206: [GC [PSYoungGen: 7644K->976K(7680K)] 24685K->18016K(25088K), 0.0005000 secs] [Times: user=0.00 sys=0.00, real=0.00 secs] 
119.206: Total time for which application threads were stopped: 0.0006090 seconds, Stopping threads took: 0.0000560 seconds
119.235: Application time: 0.0283870 seconds
119.235: [GC [PSYoungGen: 7629K->1008K(7680K)] 24670K->18048K(25088K), 0.0004180 secs] [Times: user=0.00 sys=0.00, real=0.00 secs] 
119.235: Total time for which application threads were stopped: 0.0005270 seconds, Stopping threads took: 0.0000570 seconds
119.265: Application time: 0.0299650 seconds
119.267: [GC [PSYoungGen: 7660K->944K(7680K)] 24701K->17984K(25088K), 0.0005140 secs] [Times: user=0.00 sys=0.00, real=0.00 secs] 
119.268: Total time for which application threads were stopped: 0.0026440 seconds, Stopping threads took: 0.0020750 seconds
119.297: Application time: 0.0295600 seconds
119.297: [GC [PSYoungGen: 7598K->960K(7680K)] 24639K->18128K(25088K), 0.0005110 secs] [Times: user=0.00 sys=0.00, real=0.00 secs] 
119.298: Total time for which application threads were stopped: 0.0006190 seconds, Stopping threads took: 0.0000520 seconds
119.319: Application time: 0.0208930 seconds
119.319: [GC [PSYoungGen: 7614K->1008K(7680K)] 24783K->18224K(25088K), 0.0004660 secs] [Times: user=0.00 sys=0.00, real=0.01 secs] 
119.319: Total time for which application threads were stopped: 0.0005780 seconds, Stopping threads took: 0.0000590 seconds
119.341: Application time: 0.0213080 seconds
119.341: [GC [PSYoungGen: 7663K->992K(7680K)] 24880K->18340K(25088K), 0.0004870 secs] [Times: user=0.00 sys=0.00, real=0.00 secs] 
119.341: [Full GC [PSYoungGen: 992K->0K(7680K)] [ParOldGen: 17348K->3316K(17408K)] 18340K->3316K(25088K) [PSPermGen: 5542K->5542K(21504K)], 0.0047400 secs] [Times: user=0.02 sys=0.00, real=0.00 secs] 
119.346: Total time for which application threads were stopped: 0.0053730 seconds, Stopping threads took: 0.0000450 seconds
119.372: Application time: 0.0259030 seconds
119.372: [GC [PSYoungGen: 6652K->480K(7680K)] 9968K->3796K(25088K), 0.0003910 secs] [Times: user=0.01 sys=0.00, real=0.00 secs] 
119.372: Total time for which application threads were stopped: 0.0004850 seconds, Stopping threads took: 0.0000450 seconds
119.399: Application time: 0.0267200 seconds
119.399: [GC [PSYoungGen: 7134K->480K(7680K)] 10450K->3796K(25088K), 0.0003440 secs] [Times: user=0.00 sys=0.00, real=0.00 secs] 
119.400: Total time for which application threads were stopped: 0.0004390 seconds, Stopping threads took: 0.0000480 seconds
119.419: Application time: 0.0198670 seconds
119.420: [GC [PSYoungGen: 7135K->512K(7680K)] 10451K->3828K(25088K), 0.0003600 secs] [Times: user=0.00 sys=0.00, real=0.00 secs] 
119.420: Total time for which application threads were stopped: 0.0004580 seconds, Stopping threads took: 0.0000490 seconds
119.440: Application time: 0.0200510 seconds
119.440: [GC [PSYoungGen: 7167K->704K(7680K)] 10483K->4020K(25088K), 0.0004090 secs] [Times: user=0.00 sys=0.00, real=0.00 secs] 
119.440: Total time for which application threads were stopped: 0.0005140 seconds, Stopping threads took: 0.0000470 seconds
119.467: Application time: 0.0266480 seconds
119.467: [GC [PSYoungGen: 7355K->928K(7680K)] 10672K->4244K(25088K), 0.0004130 secs] [Times: user=0.01 sys=0.00, real=0.00 secs] 
119.468: Total time for which application threads were stopped: 0.0005180 seconds, Stopping threads took: 0.0000560 seconds
119.496: Application time: 0.0279510 seconds
119.496: [GC [PSYoungGen: 7583K->912K(7680K)] 10899K->4228K(25088K), 0.0004750 secs] [Times: user=0.00 sys=0.00, real=0.00 secs] 
119.496: Total time for which application threads were stopped: 0.0005880 seconds, Stopping threads took: 0.0000560 seconds
119.522: Application time: 0.0262190 seconds
119.522: [GC [PSYoungGen: 7565K->1008K(7680K)] 10881K->4364K(25088K), 0.0004820 secs] [Times: user=0.00 sys=0.00, real=0.00 secs] 
119.523: Total time for which application threads were stopped: 0.0005910 seconds, Stopping threads took: 0.0000550 seconds
119.544: Application time: 0.0206340 seconds
119.544: [GC [PSYoungGen: 7660K->960K(7680K)] 11017K->4444K(25088K), 0.0004770 secs] [Times: user=0.00 sys=0.00, real=0.00 secs] 
119.544: Total time for which application threads were stopped: 0.0005850 seconds, Stopping threads took: 0.0000590 seconds
119.565: Application time: 0.0210400 seconds
119.565: [GC [PSYoungGen: 7614K->896K(7680K)] 11099K->4380K(25088K), 0.0004980 secs] [Times: user=0.00 sys=0.00, real=0.00 secs] 
119.566: Total time for which application threads were stopped: 0.0005920 seconds, Stopping threads took: 0.0000440 seconds
119.586: Application time: 0.0203970 seconds
119.586: [GC [PSYoungGen: 7548K->992K(7680K)] 11032K->4748K(25088K), 0.0004510 secs] [Times: user=0.00 sys=0.00, real=0.00 secs] 
119.587: Total time for which application threads were stopped: 0.0005430 seconds, Stopping threads took: 0.0000420 seconds
119.608: Application time: 0.0213080 seconds
119.608: [GC [PSYoungGen: 7647K->912K(7680K)] 11404K->4668K(25088K), 0.0004730 secs] [Times: user=0.00 sys=0.00, real=0.00 secs] 
119.609: Total time for which application threads were stopped: 0.0005810 seconds, Stopping threads took: 0.0000590 seconds
119.633: Application time: 0.0242870 seconds
119.633: [GC [PSYoungGen: 7565K->944K(7680K)] 11322K->4700K(25088K), 0.0004750 secs] [Times: user=0.00 sys=0.00, real=0.00 secs] 
119.634: Total time for which application threads were stopped: 0.0005620 seconds, Stopping threads took: 0.0000360 seconds
119.663: Application time: 0.0290990 seconds
119.663: [GC [PSYoungGen: 7596K->992K(7680K)] 11352K->4748K(25088K), 0.0004300 secs] [Times: user=0.00 sys=0.00, real=0.00 secs] 
119.663: Total time for which application threads were stopped: 0.0005280 seconds, Stopping threads took: 0.0000470 seconds
119.691: Application time: 0.0282410 seconds
119.691: [GC [PSYoungGen: 7644K->1008K(7680K)] 11400K->4764K(25088K), 0.0004270 secs] [Times: user=0.01 sys=0.00, real=0.00 secs] 
119.692: Total time for which application threads were stopped: 0.0005300 seconds, Stopping threads took: 0.0000530 seconds
119.721: Application time: 0.0293390 seconds
119.721: [GC [PSYoungGen: 7660K->992K(7680K)] 11416K->4748K(25088K), 0.0004080 secs] [Times: user=0.00 sys=0.00, real=0.00 secs] 
119.722: Total time for which application threads were stopped: 0.0005070 seconds, Stopping threads took: 0.0000500 seconds
119.750: Application time: 0.0278060 seconds
119.750: [GC [PSYoungGen: 7646K->992K(7680K)] 11402K->4884K(25088K), 0.0005370 secs] [Times: user=0.00 sys=0.00, real=0.00 secs] 
119.750: Total time for which application threads were stopped: 0.0006700 seconds, Stopping threads took: 0.0000560 seconds
119.780: Application time: 0.0292910 seconds
119.780: [GC [PSYoungGen: 7646K->944K(7680K)] 11538K->4836K(25088K), 0.0004540 secs] [Times: user=0.00 sys=0.00, real=0.00 secs] 
119.780: Total time for which application threads were stopped: 0.0005730 seconds, Stopping threads took: 0.0000580 seconds
119.809: Application time: 0.0292210 seconds
119.809: [GC [PSYoungGen: 7598K->992K(7680K)] 11490K->4892K(25088K), 0.0004540 secs] [Times: user=0.00 sys=0.00, real=0.00 secs] 
119.810: Total time for which application threads were stopped: 0.0005530 seconds, Stopping threads took: 0.0000460 seconds
119.839: Application time: 0.0289600 seconds
119.839: [GC [PSYoungGen: 7644K->960K(7680K)] 11544K->5064K(25088K), 0.0004430 secs] [Times: user=0.00 sys=0.00, real=0.01 secs] 
119.839: Total time for which application threads were stopped: 0.0005350 seconds, Stopping threads took: 0.0000420 seconds
119.868: Application time: 0.0284170 seconds
119.868: [GC [PSYoungGen: 7613K->992K(7680K)] 11718K->5152K(25088K), 0.0004510 secs] [Times: user=0.01 sys=0.00, real=0.00 secs] 
119.868: Total time for which application threads were stopped: 0.0005540 seconds, Stopping threads took: 0.0000550 seconds
119.898: Application time: 0.0294160 seconds
119.898: [GC [PSYoungGen: 7646K->960K(7680K)] 11807K->5205K(25088K), 0.0004460 secs] [Times: user=0.00 sys=0.00, real=0.00 secs] 
119.898: Total time for which application threads were stopped: 0.0005540 seconds, Stopping threads took: 0.0000580 seconds
119.928: Application time: 0.0296190 seconds
119.928: [GC [PSYoungGen: 7614K->896K(7680K)] 11860K->5141K(25088K), 0.0004910 secs] [Times: user=0.00 sys=0.00, real=0.00 secs] 
119.929: Total time for which application threads were stopped: 0.0005940 seconds, Stopping threads took: 0.0000490 seconds
119.957: Application time: 0.0284920 seconds
119.957: [GC [PSYoungGen: 7550K->992K(7680K)] 11795K->5237K(25088K), 0.0004470 secs] [Times: user=0.00 sys=0.00, real=0.00 secs] 
119.958: Total time for which application threads were stopped: 0.0005540 seconds, Stopping threads took: 0.0000520 seconds
119.986: Application time: 0.0288690 seconds
119.987: [GC [PSYoungGen: 7644K->960K(7680K)] 11889K->5253K(25088K), 0.0004040 secs] [Times: user=0.01 sys=0.00, real=0.00 secs] 
119.987: Total time for which application threads were stopped: 0.0005040 seconds, Stopping threads took: 0.0000500 seconds
120.016: Application time: 0.0287580 seconds
120.016: [GC [PSYoungGen: 7612K->992K(7680K)] 11905K->5341K(25088K), 0.0004080 secs] [Times: user=0.00 sys=0.00, real=0.00 secs] 
120.016: Total time for which application threads were stopped: 0.0005080 seconds, Stopping threads took: 0.0000490 seconds
120.046: Application time: 0.0295410 seconds
120.046: [GC [PSYoungGen: 7645K->896K(7680K)] 11994K->5245K(25088K), 0.0004520 secs] [Times: user=0.00 sys=0.00, real=0.00 secs] 
120.046: Total time for which application threads were stopped: 0.0005750 seconds, Stopping threads took: 0.0000720 seconds
120.076: Application time: 0.0300230 seconds
120.076: [GC [PSYoungGen: 7550K->928K(7680K)] 11900K->5277K(25088K), 0.0003910 secs] [Times: user=0.00 sys=0.00, real=0.00 secs] 
120.077: Total time for which application threads were stopped: 0.0004940 seconds, Stopping threads took: 0.0000530 seconds
120.107: Application time: 0.0298440 seconds
120.107: [GC [PSYoungGen: 7582K->928K(7680K)] 11932K->5277K(25088K), 0.0003800 secs] [Times: user=0.00 sys=0.00, real=0.00 secs] 
120.107: Total time for which application threads were stopped: 0.0004890 seconds, Stopping threads took: 0.0000580 seconds
120.137: Application time: 0.0298770 seconds
120.137: [GC [PSYoungGen: 7582K->864K(7680K)] 11932K->5213K(25088K), 0.0003900 secs] [Times: user=0.00 sys=0.00, real=0.00 secs] 
120.138: Total time for which application threads were stopped: 0.0004910 seconds, Stopping threads took: 0.0000520 seconds
120.167: Application time: 0.0298760 seconds
120.168: [GC [PSYoungGen: 7518K->896K(7680K)] 11868K->5245K(25088K), 0.0004250 secs] [Times: user=0.00 sys=0.00, real=0.00 secs] 
120.168: Total time for which application threads were stopped: 0.0005310 seconds, Stopping threads took: 0.0000560 seconds
120.198: Application time: 0.0296610 seconds
120.198: [GC [PSYoungGen: 7550K->672K(7680K)] 11900K->5241K(25088K), 0.0003900 secs] [Times: user=0.00 sys=0.00, real=0.00 secs] 
120.198: Total time for which application threads were stopped: 0.0004870 seconds, Stopping threads took: 0.0000460 seconds
120.228: Application time: 0.0297920 seconds
120.228: [GC [PSYoungGen: 7326K->736K(7680K)] 11896K->5305K(25088K), 0.0003590 secs] [Times: user=0.00 sys=0.00, real=0.00 secs] 
120.228: Total time for which application threads were stopped: 0.0004650 seconds, Stopping threads took: 0.0000580 seconds
120.260: Application time: 0.0313650 seconds
120.260: [GC [PSYoungGen: 7387K->768K(7680K)] 11957K->5337K(25088K), 0.0003880 secs] [Times: user=0.00 sys=0.00, real=0.00 secs] 
120.260: Total time for which application threads were stopped: 0.0005030 seconds, Stopping threads took: 0.0000640 seconds
120.290: Application time: 0.0300870 seconds
120.290: [GC [PSYoungGen: 7422K->704K(7680K)] 11992K->5273K(25088K), 0.0003680 secs] [Times: user=0.00 sys=0.00, real=0.00 secs] 
120.291: Total time for which application threads were stopped: 0.0004640 seconds, Stopping threads took: 0.0000480 seconds
120.321: Application time: 0.0300990 seconds
120.321: [GC [PSYoungGen: 7356K->480K(7680K)] 11926K->5393K(25088K), 0.0004090 secs] [Times: user=0.00 sys=0.00, real=0.00 secs] 
120.321: Total time for which application threads were stopped: 0.0005110 seconds, Stopping threads took: 0.0000510 seconds
120.351: Application time: 0.0298610 seconds
120.351: [GC [PSYoungGen: 7134K->544K(7680K)] 12048K->5457K(25088K), 0.0003590 secs] [Times: user=0.00 sys=0.00, real=0.00 secs] 
120.352: Total time for which application threads were stopped: 0.0004580 seconds, Stopping threads took: 0.0000520 seconds
120.381: Application time: 0.0296100 seconds
120.381: [GC [PSYoungGen: 7198K->512K(7680K)] 12112K->5425K(25088K), 0.0003460 secs] [Times: user=0.00 sys=0.00, real=0.00 secs] 
120.382: Total time for which application threads were stopped: 0.0004440 seconds, Stopping threads took: 0.0000470 seconds
120.412: Application time: 0.0296740 seconds
120.412: [GC [PSYoungGen: 7166K->480K(7680K)] 12080K->5393K(25088K), 0.0004070 secs] [Times: user=0.00 sys=0.00, real=0.00 secs] 
120.412: Total time for which application threads were stopped: 0.0005020 seconds, Stopping threads took: 0.0000480 seconds
120.442: Application time: 0.0296420 seconds
120.442: [GC [PSYoungGen: 7134K->288K(7680K)] 12048K->5410K(25088K), 0.0003820 secs] [Times: user=0.01 sys=0.00, real=0.00 secs] 
120.442: Total time for which application threads were stopped: 0.0004770 seconds, Stopping threads took: 0.0000460 seconds
120.468: Application time: 0.0258670 seconds
120.468: [GC [PSYoungGen: 6940K->512K(7680K)] 12062K->5642K(25088K), 0.0003570 secs] [Times: user=0.00 sys=0.00, real=0.00 secs] 
120.468: Total time for which application threads were stopped: 0.0004620 seconds, Stopping threads took: 0.0000510 seconds
120.489: Application time: 0.0207170 seconds
120.489: [GC [PSYoungGen: 7164K->384K(7680K)] 12294K->5734K(25088K), 0.0003490 secs] [Times: user=0.00 sys=0.00, real=0.00 secs] 
120.490: Total time for which application threads were stopped: 0.0004480 seconds, Stopping threads took: 0.0000510 seconds
120.508: Application time: 0.0186920 seconds
120.508: [GC [PSYoungGen: 7038K->544K(7680K)] 12388K->5894K(25088K), 0.0003540 secs] [Times: user=0.00 sys=0.00, real=0.00 secs] 
120.509: Total time for which application threads were stopped: 0.0004480 seconds, Stopping threads took: 0.0000470 seconds
120.529: Application time: 0.0201820 seconds
120.529: [GC [PSYoungGen: 7196K->672K(7680K)] 12547K->6022K(25088K), 0.0003550 secs] [Times: user=0.00 sys=0.00, real=0.00 secs] 
120.529: Total time for which application threads were stopped: 0.0004400 seconds, Stopping threads took: 0.0000380 seconds
120.551: Application time: 0.0220440 seconds
120.552: [GC [PSYoungGen: 7325K->576K(7680K)] 12676K->5926K(25088K), 0.0003540 secs] [Times: user=0.00 sys=0.00, real=0.00 secs] 
120.552: Total time for which application threads were stopped: 0.0004440 seconds, Stopping threads took: 0.0000440 seconds
120.580: Application time: 0.0280480 seconds
120.580: [GC [PSYoungGen: 7229K->512K(7680K)] 12580K->5862K(25088K), 0.0003870 secs] [Times: user=0.00 sys=0.00, real=0.00 secs] 
120.580: Total time for which application threads were stopped: 0.0004860 seconds, Stopping threads took: 0.0000500 seconds
120.610: Application time: 0.0291970 seconds
120.610: [GC [PSYoungGen: 7164K->512K(7680K)] 12514K->5862K(25088K), 0.0003520 secs] [Times: user=0.00 sys=0.00, real=0.00 secs] 
120.610: Total time for which application threads were stopped: 0.0004530 seconds, Stopping threads took: 0.0000540 seconds
120.638: Application time: 0.0283800 seconds
120.639: [GC [PSYoungGen: 7165K->544K(7680K)] 12516K->5894K(25088K), 0.0003370 secs] [Times: user=0.00 sys=0.00, real=0.00 secs] 
120.639: Total time for which application threads were stopped: 0.0004520 seconds, Stopping threads took: 0.0000550 seconds
120.668: Application time: 0.0294630 seconds
120.668: [GC [PSYoungGen: 7198K->512K(7680K)] 12549K->5862K(25088K), 0.0003500 secs] [Times: user=0.00 sys=0.00, real=0.00 secs] 
120.669: Total time for which application threads were stopped: 0.0004540 seconds, Stopping threads took: 0.0000580 seconds
120.698: Application time: 0.0293090 seconds
120.698: [GC [PSYoungGen: 7166K->544K(7680K)] 12517K->5894K(25088K), 0.0003530 secs] [Times: user=0.00 sys=0.00, real=0.00 secs] 
120.699: Total time for which application threads were stopped: 0.0004470 seconds, Stopping threads took: 0.0000460 seconds
120.728: Application time: 0.0293230 seconds
120.728: [GC [PSYoungGen: 7198K->448K(7680K)] 12549K->5798K(25088K), 0.0004170 secs] [Times: user=0.00 sys=0.00, real=0.00 secs] 
120.728: Total time for which application threads were stopped: 0.0005280 seconds, Stopping threads took: 0.0000620 seconds
120.750: Application time: 0.0210720 seconds
120.750: [GC [PSYoungGen: 7102K->736K(7680K)] 12453K->6086K(25088K), 0.0004200 secs] [Times: user=0.00 sys=0.00, real=0.00 secs] 
120.750: Total time for which application threads were stopped: 0.0005310 seconds, Stopping threads took: 0.0000580 seconds
120.768: Application time: 0.0182590 seconds
120.768: [GC [PSYoungGen: 7388K->880K(7680K)] 12739K->6230K(25088K), 0.0004780 secs] [Times: user=0.00 sys=0.00, real=0.00 secs] 
120.769: Total time for which application threads were stopped: 0.0005880 seconds, Stopping threads took: 0.0000590 seconds
120.787: Application time: 0.0176510 seconds
120.787: [GC [PSYoungGen: 7535K->928K(7680K)] 12885K->6278K(25088K), 0.0004880 secs] [Times: user=0.00 sys=0.00, real=0.00 secs] 
120.787: Total time for which application threads were stopped: 0.0005970 seconds, Stopping threads took: 0.0000570 seconds
120.809: Application time: 0.0220130 seconds
120.809: [GC [PSYoungGen: 7581K->992K(7680K)] 12932K->6342K(25088K), 0.0004080 secs] [Times: user=0.00 sys=0.00, real=0.00 secs] 
120.810: Total time for which application threads were stopped: 0.0005020 seconds, Stopping threads took: 0.0000450 seconds
120.838: Application time: 0.0286790 seconds
120.838: [GC [PSYoungGen: 7646K->896K(7680K)] 12996K->6246K(25088K), 0.0004260 secs] [Times: user=0.00 sys=0.00, real=0.00 secs] 
120.839: Total time for which application threads were stopped: 0.0005280 seconds, Stopping threads took: 0.0000540 seconds
120.867: Application time: 0.0278240 seconds
120.867: [GC [PSYoungGen: 7550K->960K(7680K)] 12900K->6310K(25088K), 0.0004280 secs] [Times: user=0.00 sys=0.00, real=0.00 secs] 
120.867: Total time for which application threads were stopped: 0.0005200 seconds, Stopping threads took: 0.0000410 seconds
120.895: Application time: 0.0278010 seconds
120.895: [GC [PSYoungGen: 7612K->992K(7680K)] 12963K->6422K(25088K), 0.0004970 secs] [Times: user=0.00 sys=0.00, real=0.00 secs] 
120.896: Total time for which application threads were stopped: 0.0006030 seconds, Stopping threads took: 0.0000570 seconds
120.923: Application time: 0.0273800 seconds
120.927: [GC [PSYoungGen: 7644K->928K(7680K)] 13075K->6358K(25088K), 0.0004270 secs] [Times: user=0.00 sys=0.00, real=0.00 secs] 
120.928: Total time for which application threads were stopped: 0.0045840 seconds, Stopping threads took: 0.0041080 seconds
120.956: Application time: 0.0286990 seconds
120.956: [GC [PSYoungGen: 7580K->992K(7680K)] 13011K->6430K(25088K), 0.0004230 secs] [Times: user=0.01 sys=0.00, real=0.00 secs] 
120.957: Total time for which application threads were stopped: 0.0005370 seconds, Stopping threads took: 0.0000620 seconds
120.985: Application time: 0.0285270 seconds
120.985: [GC [PSYoungGen: 7645K->992K(7680K)] 13084K->6446K(25088K), 0.0004250 secs] [Times: user=0.00 sys=0.00, real=0.00 secs] 
120.986: Total time for which application threads were stopped: 0.0005360 seconds, Stopping threads took: 0.0000530 seconds
121.015: Application time: 0.0294410 seconds
121.015: [GC [PSYoungGen: 7646K->1008K(7680K)] 13101K->6462K(25088K), 0.0004270 secs] [Times: user=0.00 sys=0.00, real=0.00 secs] 
121.016: Total time for which application threads were stopped: 0.0005250 seconds, Stopping threads took: 0.0000480 seconds
121.043: Application time: 0.0273090 seconds
121.043: [GC [PSYoungGen: 7662K->992K(7680K)] 13117K->6606K(25088K), 0.0004570 secs] [Times: user=0.00 sys=0.00, real=0.00 secs] 
121.044: Total time for which application threads were stopped: 0.0005640 seconds, Stopping threads took: 0.0000560 seconds
121.064: Application time: 0.0205880 seconds
121.064: [GC [PSYoungGen: 7645K->1008K(7680K)] 13259K->6654K(25088K), 0.0004570 secs] [Times: user=0.00 sys=0.00, real=0.00 secs] 
121.065: Total time for which application threads were stopped: 0.0005620 seconds, Stopping threads took: 0.0000560 seconds
121.086: Application time: 0.0210060 seconds
121.086: [GC [PSYoungGen: 7626K->976K(7680K)] 13273K->6622K(25088K), 0.0004270 secs] [Times: user=0.00 sys=0.00, real=0.00 secs] 
121.086: Total time for which application threads were stopped: 0.0005380 seconds, Stopping threads took: 0.0000600 seconds
121.115: Application time: 0.0283190 seconds
121.115: [GC [PSYoungGen: 7629K->1008K(7680K)] 13276K->6654K(25088K), 0.0004270 secs] [Times: user=0.00 sys=0.00, real=0.00 secs] 
121.115: Total time for which application threads were stopped: 0.0005250 seconds, Stopping threads took: 0.0000490 seconds
121.145: Application time: 0.0293110 seconds
121.145: [GC [PSYoungGen: 7659K->992K(7680K)] 13306K->6686K(25088K), 0.0005320 secs] [Times: user=0.00 sys=0.00, real=0.00 secs] 
121.145: Total time for which application threads were stopped: 0.0006290 seconds, Stopping threads took: 0.0000490 seconds
121.166: Application time: 0.0207340 seconds
121.166: [GC [PSYoungGen: 7644K->960K(7680K)] 13339K->6910K(25088K), 0.0005130 secs] [Times: user=0.00 sys=0.00, real=0.00 secs] 
121.167: Total time for which application threads were stopped: 0.0006020 seconds, Stopping threads took: 0.0000380 seconds
121.186: Application time: 0.0198410 seconds
121.186: [GC [PSYoungGen: 7611K->1008K(7680K)] 13562K->7054K(25088K), 0.0004290 secs] [Times: user=0.00 sys=0.00, real=0.00 secs] 
121.187: Total time for which application threads were stopped: 0.0005320 seconds, Stopping threads took: 0.0000500 seconds
121.210: Application time: 0.0232880 seconds
121.210: [GC [PSYoungGen: 7663K->1008K(7680K)] 13710K->7414K(25088K), 0.0005460 secs] [Times: user=0.00 sys=0.00, real=0.00 secs] 
121.211: Total time for which application threads were stopped: 0.0006580 seconds, Stopping threads took: 0.0000630 seconds
121.241: Application time: 0.0296600 seconds
121.241: [GC [PSYoungGen: 7660K->992K(7680K)] 14067K->7406K(25088K), 0.0004520 secs] [Times: user=0.00 sys=0.00, real=0.00 secs] 
121.241: Total time for which application threads were stopped: 0.0005540 seconds, Stopping threads took: 0.0000490 seconds
121.268: Application time: 0.0268520 seconds
121.268: [GC [PSYoungGen: 7643K->992K(7680K)] 14058K->7630K(25088K), 0.0004580 secs] [Times: user=0.00 sys=0.00, real=0.00 secs] 
121.269: Total time for which application threads were stopped: 0.0005610 seconds, Stopping threads took: 0.0000500 seconds
121.289: Application time: 0.0209020 seconds
121.290: [GC [PSYoungGen: 7646K->1008K(7680K)] 14285K->7702K(25088K), 0.0004220 secs] [Times: user=0.00 sys=0.00, real=0.00 secs] 
121.290: Total time for which application threads were stopped: 0.0005300 seconds, Stopping threads took: 0.0000570 seconds
121.311: Application time: 0.0212460 seconds
121.311: [GC [PSYoungGen: 7654K->928K(7680K)] 14349K->7686K(25088K), 0.0004070 secs] [Times: user=0.00 sys=0.00, real=0.00 secs] 
121.312: Total time for which application threads were stopped: 0.0005110 seconds, Stopping threads took: 0.0000550 seconds
121.337: Application time: 0.0255780 seconds
121.337: [GC [PSYoungGen: 7583K->976K(7680K)] 14342K->8022K(25088K), 0.0004680 secs] [Times: user=0.00 sys=0.00, real=0.00 secs] 
121.338: Total time for which application threads were stopped: 0.0005520 seconds, Stopping threads took: 0.0000340 seconds
121.358: Application time: 0.0204600 seconds
121.358: [GC [PSYoungGen: 7631K->992K(7680K)] 14678K->8227K(25088K), 0.0004360 secs] [Times: user=0.00 sys=0.00, real=0.00 secs] 
121.359: Total time for which application threads were stopped: 0.0005370 seconds, Stopping threads took: 0.0000520 seconds
121.380: Application time: 0.0210080 seconds
121.380: [GC [PSYoungGen: 7646K->912K(7680K)] 14881K->8147K(25088K), 0.0004730 secs] [Times: user=0.00 sys=0.00, real=0.00 secs] 
121.380: Total time for which application threads were stopped: 0.0005650 seconds, Stopping threads took: 0.0000360 seconds
121.410: Application time: 0.0294450 seconds
121.410: [GC [PSYoungGen: 7564K->928K(7680K)] 14799K->8163K(25088K), 0.0004430 secs] [Times: user=0.00 sys=0.00, real=0.00 secs] 
121.410: Total time for which application threads were stopped: 0.0005480 seconds, Stopping threads took: 0.0000540 seconds
121.440: Application time: 0.0293560 seconds
121.440: [GC [PSYoungGen: 7580K->896K(7680K)] 14815K->8163K(25088K), 0.0004580 secs] [Times: user=0.00 sys=0.00, real=0.00 secs] 
121.440: Total time for which application threads were stopped: 0.0005610 seconds, Stopping threads took: 0.0000510 seconds
121.469: Application time: 0.0288900 seconds
121.469: [GC [PSYoungGen: 7549K->960K(7680K)] 14817K->8227K(25088K), 0.0003800 secs] [Times: user=0.00 sys=0.00, real=0.00 secs] 
121.470: Total time for which application threads were stopped: 0.0004790 seconds, Stopping threads took: 0.0000500 seconds
121.499: Application time: 0.0289190 seconds
121.503: [GC [PSYoungGen: 7613K->992K(7680K)] 14881K->8283K(25088K), 0.0004980 secs] [Times: user=0.00 sys=0.00, real=0.00 secs] 
121.504: Total time for which application threads were stopped: 0.0050320 seconds, Stopping threads took: 0.0044730 seconds
121.532: Application time: 0.0286160 seconds
121.532: [GC [PSYoungGen: 7644K->1008K(7680K)] 14935K->8307K(25088K), 0.0004270 secs] [Times: user=0.00 sys=0.00, real=0.00 secs] 
121.533: Total time for which application threads were stopped: 0.0005500 seconds, Stopping threads took: 0.0000700 seconds
121.562: Application time: 0.0295840 seconds
121.563: [GC [PSYoungGen: 7662K->992K(7680K)] 14962K->8320K(25088K), 0.0004720 secs] [Times: user=0.00 sys=0.00, real=0.00 secs] 
121.563: Total time for which application threads were stopped: 0.0005750 seconds, Stopping threads took: 0.0000480 seconds
121.592: Application time: 0.0292600 seconds
121.592: [GC [PSYoungGen: 7646K->992K(7680K)] 14974K->8368K(25088K), 0.0004250 secs] [Times: user=0.01 sys=0.00, real=0.00 secs] 
121.593: Total time for which application threads were stopped: 0.0005280 seconds, Stopping threads took: 0.0000540 seconds
121.621: Application time: 0.0278480 seconds
121.621: [GC [PSYoungGen: 7645K->960K(7680K)] 15021K->8420K(25088K), 0.0004150 secs] [Times: user=0.00 sys=0.00, real=0.00 secs] 
121.621: Total time for which application threads were stopped: 0.0005130 seconds, Stopping threads took: 0.0000470 seconds
121.651: Application time: 0.0295750 seconds
121.651: [GC [PSYoungGen: 7614K->912K(7680K)] 15075K->8372K(25088K), 0.0004610 secs] [Times: user=0.00 sys=0.00, real=0.01 secs] 
121.651: Total time for which application threads were stopped: 0.0005630 seconds, Stopping threads took: 0.0000470 seconds
121.681: Application time: 0.0297320 seconds
121.681: [GC [PSYoungGen: 7564K->992K(7680K)] 15024K->8460K(25088K), 0.0004140 secs] [Times: user=0.00 sys=0.00, real=0.00 secs] 
121.682: Total time for which application threads were stopped: 0.0005190 seconds, Stopping threads took: 0.0000520 seconds
121.710: Application time: 0.0287680 seconds
121.710: [GC [PSYoungGen: 7644K->960K(7680K)] 15112K->8428K(25088K), 0.0004580 secs] [Times: user=0.00 sys=0.00, real=0.00 secs] 
121.711: Total time for which application threads were stopped: 0.0005730 seconds, Stopping threads took: 0.0000650 seconds
121.740: Application time: 0.0287910 seconds
121.740: [GC [PSYoungGen: 7612K->960K(7680K)] 15080K->8484K(25088K), 0.0004340 secs] [Times: user=0.00 sys=0.00, real=0.00 secs] 
121.740: Total time for which application threads were stopped: 0.0005450 seconds, Stopping threads took: 0.0000520 seconds
121.770: Application time: 0.0301810 seconds
121.771: [GC [PSYoungGen: 7612K->992K(7680K)] 15136K->8516K(25088K), 0.0004580 secs] [Times: user=0.00 sys=0.00, real=0.00 secs] 
121.771: Total time for which application threads were stopped: 0.0005680 seconds, Stopping threads took: 0.0000580 seconds
121.800: Application time: 0.0291850 seconds
121.800: [GC [PSYoungGen: 7644K->928K(7680K)] 15168K->8508K(25088K), 0.0004170 secs] [Times: user=0.00 sys=0.00, real=0.00 secs] 
121.801: Total time for which application threads were stopped: 0.0005160 seconds, Stopping threads took: 0.0000480 seconds
121.831: Application time: 0.0298320 seconds
121.831: [GC [PSYoungGen: 7582K->800K(7680K)] 15163K->8388K(25088K), 0.0004620 secs] [Times: user=0.00 sys=0.00, real=0.01 secs] 
121.831: Total time for which application threads were stopped: 0.0005640 seconds, Stopping threads took: 0.0000460 seconds
121.861: Application time: 0.0297490 seconds
121.861: [GC [PSYoungGen: 7454K->800K(7680K)] 15043K->8388K(25088K), 0.0004410 secs] [Times: user=0.00 sys=0.00, real=0.00 secs] 
121.861: Total time for which application threads were stopped: 0.0005390 seconds, Stopping threads took: 0.0000480 seconds
121.891: Application time: 0.0298540 seconds
121.891: [GC [PSYoungGen: 7454K->832K(7680K)] 15043K->8420K(25088K), 0.0004480 secs] [Times: user=0.00 sys=0.00, real=0.00 secs] 
121.892: Total time for which application threads were stopped: 0.0005490 seconds, Stopping threads took: 0.0000500 seconds
121.922: Application time: 0.0298330 seconds
121.922: [GC [PSYoungGen: 7486K->832K(7680K)] 15075K->8428K(25088K), 0.0004850 secs] [Times: user=0.01 sys=0.00, real=0.00 secs] 
121.922: Total time for which application threads were stopped: 0.0005780 seconds, Stopping threads took: 0.0000440 seconds
121.952: Application time: 0.0298660 seconds
121.952: [GC [PSYoungGen: 7486K->992K(7680K)] 15083K->8588K(25088K), 0.0004140 secs] [Times: user=0.01 sys=0.00, real=0.00 secs] 
121.953: Total time for which application threads were stopped: 0.0005150 seconds, Stopping threads took: 0.0000520 seconds
121.983: Application time: 0.0300200 seconds
121.983: [GC [PSYoungGen: 7646K->736K(7680K)] 15243K->8540K(25088K), 0.0003900 secs] [Times: user=0.00 sys=0.00, real=0.00 secs] 
121.983: Total time for which application threads were stopped: 0.0004900 seconds, Stopping threads took: 0.0000500 seconds
122.013: Application time: 0.0299180 seconds
122.013: [GC [PSYoungGen: 7390K->672K(7680K)] 15195K->8476K(25088K), 0.0003610 secs] [Times: user=0.00 sys=0.00, real=0.00 secs] 
122.013: Total time for which application threads were stopped: 0.0004660 seconds, Stopping threads took: 0.0000470 seconds
122.043: Application time: 0.0298090 seconds
122.043: [GC [PSYoungGen: 7326K->704K(7680K)] 15131K->8508K(25088K), 0.0004190 secs] [Times: user=0.00 sys=0.00, real=0.00 secs] 
122.044: Total time for which application threads were stopped: 0.0005160 seconds, Stopping threads took: 0.0000480 seconds
122.074: Application time: 0.0299020 seconds
122.074: [GC [PSYoungGen: 7358K->544K(7680K)] 15163K->8569K(25088K), 0.0003700 secs] [Times: user=0.00 sys=0.00, real=0.00 secs] 
122.074: Total time for which application threads were stopped: 0.0004820 seconds, Stopping threads took: 0.0000630 seconds
122.104: Application time: 0.0300230 seconds
122.107: [GC [PSYoungGen: 7198K->512K(7680K)] 15223K->8537K(25088K), 0.0003740 secs] [Times: user=0.00 sys=0.00, real=0.00 secs] 
122.108: Total time for which application threads were stopped: 0.0033030 seconds, Stopping threads took: 0.0028800 seconds
122.137: Application time: 0.0298890 seconds
122.137: [GC [PSYoungGen: 7166K->512K(7680K)] 15191K->8537K(25088K), 0.0003480 secs] [Times: user=0.00 sys=0.00, real=0.00 secs] 
122.138: Total time for which application threads were stopped: 0.0004520 seconds, Stopping threads took: 0.0000530 seconds
122.168: Application time: 0.0303330 seconds
122.168: [GC [PSYoungGen: 7166K->480K(7680K)] 15191K->8505K(25088K), 0.0003450 secs] [Times: user=0.00 sys=0.00, real=0.00 secs] 
122.169: Total time for which application threads were stopped: 0.0004550 seconds, Stopping threads took: 0.0000520 seconds
122.198: Application time: 0.0298120 seconds
122.199: [GC [PSYoungGen: 7134K->320K(7680K)] 15159K->8557K(25088K), 0.0003720 secs] [Times: user=0.00 sys=0.00, real=0.00 secs] 
122.199: Total time for which application threads were stopped: 0.0004780 seconds, Stopping threads took: 0.0000560 seconds
122.229: Application time: 0.0297710 seconds
122.229: [GC [PSYoungGen: 6974K->352K(7680K)] 15212K->8597K(25088K), 0.0003150 secs] [Times: user=0.00 sys=0.00, real=0.00 secs] 
122.229: Total time for which application threads were stopped: 0.0004100 seconds, Stopping threads took: 0.0000440 seconds
122.257: Application time: 0.0280890 seconds
122.257: [GC [PSYoungGen: 7006K->352K(7680K)] 15252K->8818K(25088K), 0.0003380 secs] [Times: user=0.00 sys=0.00, real=0.00 secs] 
122.258: Total time for which application threads were stopped: 0.0004360 seconds, Stopping threads took: 0.0000480 seconds
122.278: Application time: 0.0207370 seconds
122.278: [GC [PSYoungGen: 7008K->384K(7680K)] 15474K->8850K(25088K), 0.0003220 secs] [Times: user=0.01 sys=0.00, real=0.00 secs] 
122.279: Total time for which application threads were stopped: 0.0004210 seconds, Stopping threads took: 0.0000510 seconds
122.299: Application time: 0.0197360 seconds
122.299: [GC [PSYoungGen: 7036K->480K(7680K)] 15502K->8946K(25088K), 0.0003760 secs] [Times: user=0.01 sys=0.00, real=0.00 secs] 
122.299: Total time for which application threads were stopped: 0.0004690 seconds, Stopping threads took: 0.0000390 seconds
122.318: Application time: 0.0193800 seconds
122.318: [GC [PSYoungGen: 7133K->480K(7680K)] 15599K->8946K(25088K), 0.0003950 secs] [Times: user=0.00 sys=0.00, real=0.00 secs] 
122.319: Total time for which application threads were stopped: 0.0004920 seconds, Stopping threads took: 0.0000480 seconds
122.340: Application time: 0.0211690 seconds
122.340: [GC [PSYoungGen: 7131K->576K(7680K)] 15597K->9042K(25088K), 0.0003390 secs] [Times: user=0.00 sys=0.00, real=0.00 secs] 
122.341: Total time for which application threads were stopped: 0.0004300 seconds, Stopping threads took: 0.0000430 seconds
122.369: Application time: 0.0282170 seconds
122.371: [GC [PSYoungGen: 7230K->704K(7680K)] 15696K->9170K(25088K), 0.0003960 secs] [Times: user=0.01 sys=0.00, real=0.00 secs] 
122.372: Total time for which application threads were stopped: 0.0028240 seconds, Stopping threads took: 0.0023780 seconds
122.400: Application time: 0.0289060 seconds
122.401: [GC [PSYoungGen: 7356K->512K(7680K)] 15822K->8978K(25088K), 0.0003630 secs] [Times: user=0.00 sys=0.00, real=0.00 secs] 
122.401: Total time for which application threads were stopped: 0.0004670 seconds, Stopping threads took: 0.0000550 seconds
122.430: Application time: 0.0288070 seconds
122.430: [GC [PSYoungGen: 7164K->576K(7680K)] 15630K->9042K(25088K), 0.0003420 secs] [Times: user=0.00 sys=0.00, real=0.00 secs] 
122.430: Total time for which application threads were stopped: 0.0004370 seconds, Stopping threads took: 0.0000470 seconds
122.460: Application time: 0.0295710 seconds
122.460: [GC [PSYoungGen: 7230K->512K(7680K)] 15697K->8978K(25088K), 0.0003940 secs] [Times: user=0.01 sys=0.00, real=0.00 secs] 
122.460: Total time for which application threads were stopped: 0.0004930 seconds, Stopping threads took: 0.0000490 seconds
122.489: Application time: 0.0291740 seconds
122.489: [GC [PSYoungGen: 7166K->544K(7680K)] 15633K->9010K(25088K), 0.0003520 secs] [Times: user=0.00 sys=0.00, real=0.00 secs] 
122.490: Total time for which application threads were stopped: 0.0004520 seconds, Stopping threads took: 0.0000470 seconds
122.510: Application time: 0.0199750 seconds
122.510: [GC [PSYoungGen: 7197K->928K(7680K)] 15664K->9394K(25088K), 0.0004140 secs] [Times: user=0.00 sys=0.00, real=0.00 secs] 
122.510: Total time for which application threads were stopped: 0.0005190 seconds, Stopping threads took: 0.0000530 seconds
122.527: Application time: 0.0162260 seconds
122.527: [GC [PSYoungGen: 7582K->960K(7680K)] 16049K->9426K(25088K), 0.0004390 secs] [Times: user=0.00 sys=0.00, real=0.00 secs] 
122.527: Total time for which application threads were stopped: 0.0005440 seconds, Stopping threads took: 0.0000470 seconds
122.546: Application time: 0.0189100 seconds
122.546: [GC [PSYoungGen: 7614K->896K(7680K)] 16080K->9362K(25088K), 0.0004400 secs] [Times: user=0.00 sys=0.00, real=0.00 secs] 
122.547: Total time for which application threads were stopped: 0.0005570 seconds, Stopping threads took: 0.0000650 seconds
122.569: Application time: 0.0227230 seconds
122.569: [GC [PSYoungGen: 7547K->960K(7680K)] 16013K->9426K(25088K), 0.0004560 secs] [Times: user=0.00 sys=0.00, real=0.00 secs] 
122.570: Total time for which application threads were stopped: 0.0005490 seconds, Stopping threads took: 0.0000420 seconds
122.599: Application time: 0.0291370 seconds
122.599: [GC [PSYoungGen: 7614K->896K(7680K)] 16080K->9362K(25088K), 0.0004160 secs] [Times: user=0.00 sys=0.00, real=0.00 secs] 
122.600: Total time for which application threads were stopped: 0.0005210 seconds, Stopping threads took: 0.0000560 seconds
122.627: Application time: 0.0274850 seconds
122.627: [GC [PSYoungGen: 7548K->896K(7680K)] 16014K->9362K(25088K), 0.0004680 secs] [Times: user=0.00 sys=0.00, real=0.00 secs] 
122.628: Total time for which application threads were stopped: 0.0005660 seconds, Stopping threads took: 0.0000520 seconds
122.656: Application time: 0.0282800 seconds
122.656: [GC [PSYoungGen: 7549K->992K(7680K)] 16016K->9466K(25088K), 0.0004340 secs] [Times: user=0.01 sys=0.00, real=0.00 secs] 
122.656: Total time for which application threads were stopped: 0.0005270 seconds, Stopping threads took: 0.0000430 seconds
122.686: Application time: 0.0292800 seconds
122.686: [GC [PSYoungGen: 7646K->768K(7680K)] 16121K->9242K(25088K), 0.0003860 secs] [Times: user=0.00 sys=0.00, real=0.00 secs] 
122.686: Total time for which application threads were stopped: 0.0004830 seconds, Stopping threads took: 0.0000510 seconds
122.714: Application time: 0.0276000 seconds
122.714: [GC [PSYoungGen: 7421K->992K(7680K)] 15896K->9474K(25088K), 0.0004270 secs] [Times: user=0.00 sys=0.00, real=0.00 secs] 
122.714: Total time for which application threads were stopped: 0.0005340 seconds, Stopping threads took: 0.0000580 seconds
122.742: Application time: 0.0272110 seconds
122.742: [GC [PSYoungGen: 7646K->1008K(7680K)] 16128K->9514K(25088K), 0.0004320 secs] [Times: user=0.00 sys=0.00, real=0.00 secs] 
122.742: Total time for which application threads were stopped: 0.0005370 seconds, Stopping threads took: 0.0000530 seconds
122.772: Application time: 0.0295800 seconds
122.772: [GC [PSYoungGen: 7662K->960K(7680K)] 16169K->9466K(25088K), 0.0004670 secs] [Times: user=0.01 sys=0.00, real=0.00 secs] 
122.772: Total time for which application threads were stopped: 0.0005880 seconds, Stopping threads took: 0.0000680 seconds
122.801: Application time: 0.0292210 seconds
122.802: [GC [PSYoungGen: 7608K->1008K(7680K)] 16115K->9514K(25088K), 0.0004370 secs] [Times: user=0.00 sys=0.00, real=0.00 secs] 
122.802: Total time for which application threads were stopped: 0.0005470 seconds, Stopping threads took: 0.0000570 seconds
122.822: Application time: 0.0201420 seconds
122.822: [GC [PSYoungGen: 7663K->992K(7680K)] 16169K->9702K(25088K), 0.0005000 secs] [Times: user=0.00 sys=0.00, real=0.00 secs] 
122.823: Total time for which application threads were stopped: 0.0005950 seconds, Stopping threads took: 0.0000400 seconds
122.844: Application time: 0.0214770 seconds
122.844: [GC [PSYoungGen: 7647K->1008K(7680K)] 16358K->9750K(25088K), 0.0004070 secs] [Times: user=0.00 sys=0.00, real=0.00 secs] 
122.845: Total time for which application threads were stopped: 0.0005080 seconds, Stopping threads took: 0.0000490 seconds
122.871: Application time: 0.0267710 seconds
122.872: [GC [PSYoungGen: 7660K->928K(7680K)] 16402K->9798K(25088K), 0.0004400 secs] [Times: user=0.00 sys=0.00, real=0.00 secs] 
122.872: Total time for which application threads were stopped: 0.0005390 seconds, Stopping threads took: 0.0000480 seconds
122.899: Application time: 0.0267950 seconds
122.899: [GC [PSYoungGen: 7582K->1008K(7680K)] 16453K->9958K(25088K), 0.0004580 secs] [Times: user=0.00 sys=0.00, real=0.01 secs] 
122.899: Total time for which application threads were stopped: 0.0005590 seconds, Stopping threads took: 0.0000470 seconds
122.919: Application time: 0.0200130 seconds
122.919: [GC [PSYoungGen: 7662K->1008K(7680K)] 16613K->10094K(25088K), 0.0004970 secs] [Times: user=0.00 sys=0.00, real=0.00 secs] 
122.920: Total time for which application threads were stopped: 0.0006040 seconds, Stopping threads took: 0.0000510 seconds
122.941: Application time: 0.0206540 seconds
122.941: [GC [PSYoungGen: 7660K->1008K(7680K)] 16747K->10238K(25088K), 0.0004210 secs] [Times: user=0.01 sys=0.00, real=0.00 secs] 
122.941: Total time for which application threads were stopped: 0.0005160 seconds, Stopping threads took: 0.0000450 seconds
122.967: Application time: 0.0257970 seconds
122.967: [GC [PSYoungGen: 7661K->1008K(7680K)] 16892K->10454K(25088K), 0.0005330 secs] [Times: user=0.00 sys=0.00, real=0.00 secs] 
122.968: Total time for which application threads were stopped: 0.0006370 seconds, Stopping threads took: 0.0000500 seconds
122.996: Application time: 0.0279440 seconds
122.996: [GC [PSYoungGen: 7663K->1008K(7680K)] 17110K->10471K(25088K), 0.0004830 secs] [Times: user=0.01 sys=0.00, real=0.00 secs] 
122.996: Total time for which application threads were stopped: 0.0005760 seconds, Stopping threads took: 0.0000430 seconds
123.024: Application time: 0.0281280 seconds
123.024: [GC [PSYoungGen: 7661K->1008K(7680K)] 17124K->10527K(25088K), 0.0005010 secs] [Times: user=0.00 sys=0.00, real=0.00 secs] 
123.025: Total time for which application threads were stopped: 0.0006070 seconds, Stopping threads took: 0.0000510 seconds
123.048: Application time: 0.0235690 seconds
123.051: [GC [PSYoungGen: 7659K->1008K(7680K)] 17178K->10711K(25088K), 0.0004600 secs] [Times: user=0.00 sys=0.00, real=0.00 secs] 
123.052: Total time for which application threads were stopped: 0.0031650 seconds, Stopping threads took: 0.0026440 seconds
123.073: Application time: 0.0213640 seconds
123.073: [GC [PSYoungGen: 7662K->992K(7680K)] 17365K->10959K(25088K), 0.0004710 secs] [Times: user=0.00 sys=0.00, real=0.00 secs] 
123.074: Total time for which application threads were stopped: 0.0005870 seconds, Stopping threads took: 0.0000680 seconds
123.090: Application time: 0.0159670 seconds
123.090: [GC [PSYoungGen: 7647K->1008K(7680K)] 17614K->11111K(25088K), 0.0004630 secs] [Times: user=0.00 sys=0.00, real=0.00 secs] 
123.090: Total time for which application threads were stopped: 0.0005510 seconds, Stopping threads took: 0.0000400 seconds
123.111: Application time: 0.0211860 seconds
123.111: [GC [PSYoungGen: 7661K->1008K(7680K)] 17764K->11183K(25088K), 0.0004510 secs] [Times: user=0.00 sys=0.00, real=0.00 secs] 
123.112: Total time for which application threads were stopped: 0.0005450 seconds, Stopping threads took: 0.0000440 seconds
123.137: Application time: 0.0253550 seconds
123.137: [GC [PSYoungGen: 7660K->992K(7680K)] 17835K->11375K(25088K), 0.0004750 secs] [Times: user=0.00 sys=0.00, real=0.00 secs] 
123.138: Total time for which application threads were stopped: 0.0005710 seconds, Stopping threads took: 0.0000440 seconds
123.166: Application time: 0.0278340 seconds
123.166: [GC [PSYoungGen: 7646K->992K(7680K)] 18029K->11543K(25088K), 0.0004680 secs] [Times: user=0.00 sys=0.00, real=0.00 secs] 
123.166: Total time for which application threads were stopped: 0.0005700 seconds, Stopping threads took: 0.0000520 seconds
123.194: Application time: 0.0280570 seconds
123.194: [GC [PSYoungGen: 7644K->992K(7680K)] 18195K->11823K(25088K), 0.0004950 secs] [Times: user=0.00 sys=0.00, real=0.00 secs] 
123.195: Total time for which application threads were stopped: 0.0006010 seconds, Stopping threads took: 0.0000550 seconds
123.224: Application time: 0.0290640 seconds
123.227: [GC [PSYoungGen: 7646K->976K(7680K)] 18477K->11807K(25088K), 0.0004930 secs] [Times: user=0.00 sys=0.00, real=0.00 secs] 
123.228: Total time for which application threads were stopped: 0.0038020 seconds, Stopping threads took: 0.0032460 seconds
123.256: Application time: 0.0283530 seconds
123.259: [GC [PSYoungGen: 7630K->992K(7680K)] 18461K->11944K(25088K), 0.0005980 secs] [Times: user=0.00 sys=0.00, real=0.00 secs] 
123.260: Total time for which application threads were stopped: 0.0037490 seconds, Stopping threads took: 0.0030940 seconds
123.289: Application time: 0.0296330 seconds
123.290: [GC [PSYoungGen: 7646K->976K(7680K)] 18598K->12064K(25088K), 0.0005490 secs] [Times: user=0.00 sys=0.00, real=0.00 secs] 
123.290: Total time for which application threads were stopped: 0.0006710 seconds, Stopping threads took: 0.0000670 seconds
123.320: Application time: 0.0294180 seconds
123.320: [GC [PSYoungGen: 7630K->896K(7680K)] 18719K->12004K(25088K), 0.0004600 secs] [Times: user=0.00 sys=0.00, real=0.00 secs] 
123.320: Total time for which application threads were stopped: 0.0005680 seconds, Stopping threads took: 0.0000570 seconds
123.348: Application time: 0.0276670 seconds
123.348: [GC [PSYoungGen: 7550K->992K(7680K)] 18658K->12156K(25088K), 0.0005420 secs] [Times: user=0.00 sys=0.00, real=0.00 secs] 
123.348: Total time for which application threads were stopped: 0.0006450 seconds, Stopping threads took: 0.0000490 seconds
123.378: Application time: 0.0293660 seconds
123.378: [GC [PSYoungGen: 7646K->992K(7680K)] 18811K->12228K(25088K), 0.0005950 secs] [Times: user=0.00 sys=0.00, real=0.00 secs] 
123.378: Total time for which application threads were stopped: 0.0006870 seconds, Stopping threads took: 0.0000450 seconds
123.408: Application time: 0.0293640 seconds
123.408: [GC [PSYoungGen: 7646K->960K(7680K)] 18883K->12257K(25088K), 0.0004650 secs] [Times: user=0.01 sys=0.00, real=0.00 secs] 
123.408: Total time for which application threads were stopped: 0.0005800 seconds, Stopping threads took: 0.0000650 seconds
123.438: Application time: 0.0294120 seconds
123.438: [GC [PSYoungGen: 7614K->800K(7680K)] 18912K->12297K(25088K), 0.0004850 secs] [Times: user=0.00 sys=0.00, real=0.00 secs] 
123.438: Total time for which application threads were stopped: 0.0005960 seconds, Stopping threads took: 0.0000560 seconds
123.468: Application time: 0.0296390 seconds
123.468: [GC [PSYoungGen: 7454K->816K(7680K)] 18952K->12321K(25088K), 0.0004860 secs] [Times: user=0.00 sys=0.00, real=0.00 secs] 
123.469: Total time for which application threads were stopped: 0.0005830 seconds, Stopping threads took: 0.0000440 seconds
123.496: Application time: 0.0277550 seconds
123.496: [GC [PSYoungGen: 7470K->992K(7680K)] 18975K->12497K(25088K), 0.0004490 secs] [Times: user=0.00 sys=0.00, real=0.00 secs] 
123.497: Total time for which application threads were stopped: 0.0005490 seconds, Stopping threads took: 0.0000470 seconds
123.526: Application time: 0.0288370 seconds
123.527: [GC [PSYoungGen: 7645K->992K(7680K)] 19151K->12745K(25088K), 0.0005060 secs] [Times: user=0.00 sys=0.00, real=0.00 secs] 
123.528: Total time for which application threads were stopped: 0.0018870 seconds, Stopping threads took: 0.0013280 seconds
123.557: Application time: 0.0290650 seconds
123.557: [GC [PSYoungGen: 7646K->992K(7680K)] 19399K->12897K(25088K), 0.0004680 secs] [Times: user=0.01 sys=0.00, real=0.00 secs] 
123.557: Total time for which application threads were stopped: 0.0005630 seconds, Stopping threads took: 0.0000380 seconds
123.587: Application time: 0.0298420 seconds
123.587: [GC [PSYoungGen: 7646K->832K(7680K)] 19552K->12929K(25088K), 0.0004550 secs] [Times: user=0.01 sys=0.00, real=0.00 secs] 
123.588: Total time for which application threads were stopped: 0.0005540 seconds, Stopping threads took: 0.0000490 seconds
123.617: Application time: 0.0297070 seconds
123.617: [GC [PSYoungGen: 7486K->832K(7680K)] 19584K->12953K(25088K), 0.0003770 secs] [Times: user=0.01 sys=0.00, real=0.00 secs] 
123.618: Total time for which application threads were stopped: 0.0004760 seconds, Stopping threads took: 0.0000480 seconds
123.648: Application time: 0.0297500 seconds
123.648: [GC [PSYoungGen: 7486K->736K(7680K)] 19608K->12921K(25088K), 0.0003990 secs] [Times: user=0.00 sys=0.00, real=0.00 secs] 
123.648: Total time for which application threads were stopped: 0.0005050 seconds, Stopping threads took: 0.0000540 seconds
123.678: Application time: 0.0301750 seconds
123.678: [GC [PSYoungGen: 7388K->736K(7680K)] 19573K->12921K(25088K), 0.0003720 secs] [Times: user=0.00 sys=0.00, real=0.00 secs] 
123.679: Total time for which application threads were stopped: 0.0004870 seconds, Stopping threads took: 0.0000660 seconds
123.709: Application time: 0.0298710 seconds
123.709: [GC [PSYoungGen: 7390K->736K(7680K)] 19576K->12921K(25088K), 0.0003950 secs] [Times: user=0.00 sys=0.00, real=0.00 secs] 
123.709: Total time for which application threads were stopped: 0.0004960 seconds, Stopping threads took: 0.0000520 seconds
123.739: Application time: 0.0298320 seconds
123.739: [GC [PSYoungGen: 7390K->512K(7680K)] 19576K->12902K(25088K), 0.0004330 secs] [Times: user=0.00 sys=0.00, real=0.00 secs] 
123.740: Total time for which application threads were stopped: 0.0005450 seconds, Stopping threads took: 0.0000550 seconds
123.770: Application time: 0.0301000 seconds
123.770: [GC [PSYoungGen: 7166K->512K(7680K)] 19556K->12902K(25088K), 0.0004070 secs] [Times: user=0.00 sys=0.00, real=0.00 secs] 
123.770: Total time for which application threads were stopped: 0.0005060 seconds, Stopping threads took: 0.0000480 seconds
123.801: Application time: 0.0308570 seconds
123.801: [GC [PSYoungGen: 7166K->352K(7680K)] 19556K->12962K(25088K), 0.0004070 secs] [Times: user=0.00 sys=0.00, real=0.00 secs] 
123.802: Total time for which application threads were stopped: 0.0005100 seconds, Stopping threads took: 0.0000500 seconds
123.832: Application time: 0.0299730 seconds
123.832: [GC [PSYoungGen: 7006K->256K(7680K)] 19617K->12866K(25088K), 0.0003980 secs] [Times: user=0.00 sys=0.00, real=0.00 secs] 
123.832: Total time for which application threads were stopped: 0.0004950 seconds, Stopping threads took: 0.0000440 seconds
123.862: Application time: 0.0297580 seconds
123.862: [GC [PSYoungGen: 6910K->352K(7680K)] 19521K->12962K(25088K), 0.0003330 secs] [Times: user=0.00 sys=0.00, real=0.00 secs] 
123.862: Total time for which application threads were stopped: 0.0004340 seconds, Stopping threads took: 0.0000520 seconds
123.892: Application time: 0.0297620 seconds
123.892: [GC [PSYoungGen: 7006K->384K(7680K)] 19617K->12994K(25088K), 0.0003230 secs] [Times: user=0.01 sys=0.00, real=0.00 secs] 
123.892: Total time for which application threads were stopped: 0.0004280 seconds, Stopping threads took: 0.0000570 seconds
123.922: Application time: 0.0298080 seconds
123.922: [GC [PSYoungGen: 7038K->384K(7680K)] 19649K->12994K(25088K), 0.0003580 secs] [Times: user=0.01 sys=0.00, real=0.00 secs] 
123.923: Total time for which application threads were stopped: 0.0004480 seconds, Stopping threads took: 0.0000420 seconds
123.953: Application time: 0.0300620 seconds
123.953: [GC [PSYoungGen: 7036K->224K(7680K)] 19646K->13055K(25088K), 0.0003580 secs] [Times: user=0.00 sys=0.00, real=0.00 secs] 
123.953: Total time for which application threads were stopped: 0.0004550 seconds, Stopping threads took: 0.0000510 seconds
123.983: Application time: 0.0297120 seconds
123.983: [GC [PSYoungGen: 6878K->224K(7680K)] 19709K->13063K(25088K), 0.0003200 secs] [Times: user=0.00 sys=0.00, real=0.00 secs] 
123.983: Total time for which application threads were stopped: 0.0004140 seconds, Stopping threads took: 0.0000470 seconds
124.013: Application time: 0.0296420 seconds
124.013: [GC [PSYoungGen: 6878K->0K(7680K)] 19717K->12903K(25088K), 0.0003260 secs] [Times: user=0.00 sys=0.00, real=0.00 secs] 
124.013: Total time for which application threads were stopped: 0.0004230 seconds, Stopping threads took: 0.0000510 seconds
124.034: Application time: 0.0204400 seconds
124.034: [GC [PSYoungGen: 6655K->384K(7680K)] 19558K->13287K(25088K), 0.0003460 secs] [Times: user=0.00 sys=0.00, real=0.00 secs] 
124.034: Total time for which application threads were stopped: 0.0004580 seconds, Stopping threads took: 0.0000510 seconds
124.056: Application time: 0.0212480 seconds
124.056: [GC [PSYoungGen: 7037K->352K(7680K)] 19940K->13255K(25088K), 0.0003290 secs] [Times: user=0.00 sys=0.00, real=0.00 secs] 
124.056: Total time for which application threads were stopped: 0.0004180 seconds, Stopping threads took: 0.0000410 seconds
124.075: Application time: 0.0190070 seconds
124.075: [GC [PSYoungGen: 7007K->480K(7680K)] 19910K->13383K(25088K), 0.0003880 secs] [Times: user=0.00 sys=0.00, real=0.00 secs] 
124.075: Total time for which application threads were stopped: 0.0004900 seconds, Stopping threads took: 0.0000490 seconds
124.097: Application time: 0.0212990 seconds
124.097: [GC [PSYoungGen: 7133K->512K(7680K)] 20036K->13415K(25088K), 0.0003700 secs] [Times: user=0.00 sys=0.00, real=0.00 secs] 
124.097: Total time for which application threads were stopped: 0.0004510 seconds, Stopping threads took: 0.0000340 seconds
124.122: Application time: 0.0251750 seconds
124.122: [GC [PSYoungGen: 7164K->512K(7680K)] 20067K->13415K(25088K), 0.0003610 secs] [Times: user=0.00 sys=0.00, real=0.00 secs] 
124.123: Total time for which application threads were stopped: 0.0004590 seconds, Stopping threads took: 0.0000490 seconds
124.151: Application time: 0.0281950 seconds
124.151: [GC [PSYoungGen: 7163K->576K(7680K)] 20066K->13479K(25088K), 0.0003680 secs] [Times: user=0.01 sys=0.00, real=0.00 secs] 
124.151: Total time for which application threads were stopped: 0.0004670 seconds, Stopping threads took: 0.0000510 seconds
124.180: Application time: 0.0283060 seconds
124.180: [GC [PSYoungGen: 7229K->544K(7680K)] 20132K->13447K(25088K), 0.0003640 secs] [Times: user=0.00 sys=0.00, real=0.00 secs] 
124.180: Total time for which application threads were stopped: 0.0004610 seconds, Stopping threads took: 0.0000460 seconds
124.210: Application time: 0.0293630 seconds
124.210: [GC [PSYoungGen: 7196K->544K(7680K)] 20099K->13447K(25088K), 0.0003580 secs] [Times: user=0.00 sys=0.00, real=0.00 secs] 
124.210: Total time for which application threads were stopped: 0.0004560 seconds, Stopping threads took: 0.0000480 seconds
124.239: Application time: 0.0292090 seconds
124.239: [GC [PSYoungGen: 7198K->448K(7680K)] 20101K->13351K(25088K), 0.0003840 secs] [Times: user=0.00 sys=0.00, real=0.00 secs] 
124.240: Total time for which application threads were stopped: 0.0004930 seconds, Stopping threads took: 0.0000610 seconds
124.265: Application time: 0.0253860 seconds
124.265: [GC [PSYoungGen: 7100K->736K(7680K)] 20003K->13639K(25088K), 0.0004480 secs] [Times: user=0.00 sys=0.00, real=0.00 secs] 
124.266: Total time for which application threads were stopped: 0.0005460 seconds, Stopping threads took: 0.0000490 seconds
124.281: Application time: 0.0154650 seconds
124.281: [GC [PSYoungGen: 7391K->928K(7680K)] 20294K->13831K(25088K), 0.0004810 secs] [Times: user=0.00 sys=0.00, real=0.00 secs] 
124.282: Total time for which application threads were stopped: 0.0005820 seconds, Stopping threads took: 0.0000520 seconds
124.298: Application time: 0.0166960 seconds
124.299: [GC [PSYoungGen: 7582K->928K(7680K)] 20485K->13831K(25088K), 0.0004190 secs] [Times: user=0.00 sys=0.00, real=0.00 secs] 
124.299: Total time for which application threads were stopped: 0.0005120 seconds, Stopping threads took: 0.0000430 seconds
124.319: Application time: 0.0198510 seconds
124.319: [GC [PSYoungGen: 7580K->928K(7680K)] 20483K->13831K(25088K), 0.0004350 secs] [Times: user=0.00 sys=0.00, real=0.01 secs] 
124.319: Total time for which application threads were stopped: 0.0005340 seconds, Stopping threads took: 0.0000480 seconds
124.348: Application time: 0.0289180 seconds
124.348: [GC [PSYoungGen: 7579K->912K(7680K)] 20482K->13815K(25088K), 0.0004550 secs] [Times: user=0.00 sys=0.00, real=0.00 secs] 
124.349: Total time for which application threads were stopped: 0.0005380 seconds, Stopping threads took: 0.0000360 seconds
124.376: Application time: 0.0273400 seconds
124.376: [GC [PSYoungGen: 7564K->992K(7680K)] 20467K->13895K(25088K), 0.0004590 secs] [Times: user=0.00 sys=0.00, real=0.00 secs] 
124.377: Total time for which application threads were stopped: 0.0005570 seconds, Stopping threads took: 0.0000420 seconds
124.405: Application time: 0.0282090 seconds
124.405: [GC [PSYoungGen: 7644K->992K(7680K)] 20547K->13895K(25088K), 0.0004630 secs] [Times: user=0.00 sys=0.00, real=0.00 secs] 
124.406: Total time for which application threads were stopped: 0.0005690 seconds, Stopping threads took: 0.0000570 seconds
124.435: Application time: 0.0293400 seconds
124.435: [GC [PSYoungGen: 7646K->896K(7680K)] 20549K->13799K(25088K), 0.0004250 secs] [Times: user=0.00 sys=0.00, real=0.00 secs] 
124.435: Total time for which application threads were stopped: 0.0005370 seconds, Stopping threads took: 0.0000620 seconds
124.463: Application time: 0.0273370 seconds
124.463: [GC [PSYoungGen: 7548K->992K(7680K)] 20451K->13903K(25088K), 0.0004360 secs] [Times: user=0.00 sys=0.01, real=0.00 secs] 
124.463: Total time for which application threads were stopped: 0.0005490 seconds, Stopping threads took: 0.0000620 seconds
124.493: Application time: 0.0293350 seconds
124.493: [GC [PSYoungGen: 7646K->992K(7680K)] 20557K->13919K(25088K), 0.0004560 secs] [Times: user=0.00 sys=0.00, real=0.00 secs] 
124.493: Total time for which application threads were stopped: 0.0005590 seconds, Stopping threads took: 0.0000530 seconds
124.520: Application time: 0.0272310 seconds
124.523: [GC [PSYoungGen: 7646K->992K(7680K)] 20573K->13919K(25088K), 0.0005090 secs] [Times: user=0.00 sys=0.00, real=0.00 secs] 
124.524: Total time for which application threads were stopped: 0.0032590 seconds, Stopping threads took: 0.0026970 seconds
124.553: Application time: 0.0296340 seconds
124.553: [GC [PSYoungGen: 7644K->992K(7680K)] 20571K->13919K(25088K), 0.0004330 secs] [Times: user=0.01 sys=0.00, real=0.00 secs] 
124.554: Total time for which application threads were stopped: 0.0005300 seconds, Stopping threads took: 0.0000450 seconds
124.576: Application time: 0.0221170 seconds
124.576: [GC [PSYoungGen: 7644K->992K(7680K)] 20571K->14095K(25088K), 0.0004750 secs] [Times: user=0.00 sys=0.00, real=0.00 secs] 
124.577: Total time for which application threads were stopped: 0.0005790 seconds, Stopping threads took: 0.0000450 seconds
124.597: Application time: 0.0199870 seconds
124.599: [GC [PSYoungGen: 7646K->960K(7680K)] 20749K->14191K(25088K), 0.0004400 secs] [Times: user=0.00 sys=0.00, real=0.00 secs] 
124.600: Total time for which application threads were stopped: 0.0030830 seconds, Stopping threads took: 0.0025910 seconds
124.626: Application time: 0.0265260 seconds
124.626: [GC [PSYoungGen: 7614K->992K(7680K)] 20845K->14303K(25088K), 0.0005030 secs] [Times: user=0.00 sys=0.00, real=0.00 secs] 
124.627: Total time for which application threads were stopped: 0.0006140 seconds, Stopping threads took: 0.0000610 seconds
124.653: Application time: 0.0263090 seconds
124.653: [GC [PSYoungGen: 7643K->1008K(7680K)] 20954K->14487K(25088K), 0.0004890 secs] [Times: user=0.00 sys=0.00, real=0.00 secs] 
124.654: Total time for which application threads were stopped: 0.0006070 seconds, Stopping threads took: 0.0000680 seconds
124.674: Application time: 0.0199350 seconds
124.674: [GC [PSYoungGen: 7663K->992K(7680K)] 21142K->14687K(25088K), 0.0004770 secs] [Times: user=0.00 sys=0.00, real=0.00 secs] 
124.674: Total time for which application threads were stopped: 0.0005790 seconds, Stopping threads took: 0.0000490 seconds
124.695: Application time: 0.0207400 seconds
124.695: [GC [PSYoungGen: 7644K->992K(7680K)] 21339K->14895K(25088K), 0.0005020 secs] [Times: user=0.00 sys=0.00, real=0.00 secs] 
124.696: Total time for which application threads were stopped: 0.0006020 seconds, Stopping threads took: 0.0000480 seconds
124.721: Application time: 0.0256190 seconds
124.721: [GC [PSYoungGen: 7647K->1008K(7680K)] 21550K->15239K(25088K), 0.0005170 secs] [Times: user=0.00 sys=0.00, real=0.00 secs] 
124.722: Total time for which application threads were stopped: 0.0006300 seconds, Stopping threads took: 0.0000610 seconds
124.751: Application time: 0.0290020 seconds
124.751: [GC [PSYoungGen: 7660K->1008K(7680K)] 21891K->15292K(25088K), 0.0005210 secs] [Times: user=0.00 sys=0.00, real=0.01 secs] 
124.751: Total time for which application threads were stopped: 0.0006370 seconds, Stopping threads took: 0.0000610 seconds
124.781: Application time: 0.0293120 seconds
124.781: [GC [PSYoungGen: 7659K->992K(7680K)] 21943K->15480K(25088K), 0.0005880 secs] [Times: user=0.00 sys=0.00, real=0.00 secs] 
124.781: Total time for which application threads were stopped: 0.0006920 seconds, Stopping threads took: 0.0000490 seconds
124.805: Application time: 0.0235990 seconds
124.805: [GC [PSYoungGen: 7644K->992K(7680K)] 22132K->15760K(25088K), 0.0004860 secs] [Times: user=0.00 sys=0.00, real=0.00 secs] 
124.806: Total time for which application threads were stopped: 0.0005930 seconds, Stopping threads took: 0.0000540 seconds
124.826: Application time: 0.0205510 seconds
124.827: [GC [PSYoungGen: 7646K->960K(7680K)] 22415K->15856K(25088K), 0.0006580 secs] [Times: user=0.00 sys=0.00, real=0.00 secs] 
124.828: Total time for which application threads were stopped: 0.0016250 seconds, Stopping threads took: 0.0009170 seconds
124.844: Application time: 0.0158170 seconds
124.844: [GC [PSYoungGen: 7615K->992K(7680K)] 22512K->16257K(25088K), 0.0004920 secs] [Times: user=0.00 sys=0.00, real=0.00 secs] 
124.844: Total time for which application threads were stopped: 0.0006060 seconds, Stopping threads took: 0.0000600 seconds
124.869: Application time: 0.0244270 seconds
124.869: [GC [PSYoungGen: 7645K->944K(7680K)] 22911K->16337K(25088K), 0.0004280 secs] [Times: user=0.01 sys=0.00, real=0.00 secs] 
124.869: Total time for which application threads were stopped: 0.0005320 seconds, Stopping threads took: 0.0000540 seconds
124.891: Application time: 0.0222400 seconds
124.892: [GC [PSYoungGen: 7597K->880K(7680K)] 22991K->16473K(25088K), 0.0005040 secs] [Times: user=0.01 sys=0.00, real=0.00 secs] 
124.892: Total time for which application threads were stopped: 0.0006090 seconds, Stopping threads took: 0.0000520 seconds
124.920: Application time: 0.0279310 seconds
124.920: [GC [PSYoungGen: 7534K->976K(7680K)] 23127K->16569K(25088K), 0.0004250 secs] [Times: user=0.00 sys=0.00, real=0.00 secs] 
124.921: Total time for which application threads were stopped: 0.0005280 seconds, Stopping threads took: 0.0000490 seconds
124.949: Application time: 0.0289240 seconds
124.950: [GC [PSYoungGen: 7628K->976K(7680K)] 23222K->16593K(25088K), 0.0004360 secs] [Times: user=0.00 sys=0.00, real=0.00 secs] 
124.950: Total time for which application threads were stopped: 0.0005540 seconds, Stopping threads took: 0.0000650 seconds
124.978: Application time: 0.0281160 seconds
124.978: [GC [PSYoungGen: 7629K->928K(7680K)] 23247K->16673K(25088K), 0.0004490 secs] [Times: user=0.01 sys=0.00, real=0.00 secs] 
124.979: Total time for which application threads were stopped: 0.0005600 seconds, Stopping threads took: 0.0000550 seconds
125.006: Application time: 0.0275790 seconds
125.006: [GC [PSYoungGen: 7581K->976K(7680K)] 23327K->16865K(25088K), 0.0004430 secs] [Times: user=0.00 sys=0.00, real=0.00 secs] 
125.007: Total time for which application threads were stopped: 0.0005300 seconds, Stopping threads took: 0.0000360 seconds
125.036: Application time: 0.0292700 seconds
125.036: [GC [PSYoungGen: 7630K->960K(7680K)] 23520K->16849K(25088K), 0.0005090 secs] [Times: user=0.00 sys=0.00, real=0.00 secs] 
125.037: Total time for which application threads were stopped: 0.0006110 seconds, Stopping threads took: 0.0000490 seconds
125.066: Application time: 0.0291320 seconds
125.066: [GC [PSYoungGen: 7614K->928K(7680K)] 23504K->16897K(25088K), 0.0004440 secs] [Times: user=0.00 sys=0.00, real=0.00 secs] 
125.066: Total time for which application threads were stopped: 0.0005430 seconds, Stopping threads took: 0.0000510 seconds
125.094: Application time: 0.0276590 seconds
125.094: [GC [PSYoungGen: 7582K->992K(7680K)] 23551K->17025K(25088K), 0.0004380 secs] [Times: user=0.00 sys=0.00, real=0.00 secs] 
125.095: Total time for which application threads were stopped: 0.0005610 seconds, Stopping threads took: 0.0000550 seconds
125.124: Application time: 0.0294720 seconds
125.127: [GC [PSYoungGen: 7646K->800K(7680K)] 23680K->17046K(25088K), 0.0004700 secs] [Times: user=0.00 sys=0.00, real=0.00 secs] 
125.128: Total time for which application threads were stopped: 0.0036030 seconds, Stopping threads took: 0.0030820 seconds
125.157: Application time: 0.0293840 seconds
125.157: [GC [PSYoungGen: 7454K->832K(7680K)] 23701K->17078K(25088K), 0.0003960 secs] [Times: user=0.00 sys=0.00, real=0.00 secs] 
125.158: Total time for which application threads were stopped: 0.0005200 seconds, Stopping threads took: 0.0000700 seconds
125.187: Application time: 0.0294490 seconds
125.187: [GC [PSYoungGen: 7486K->800K(7680K)] 23733K->17070K(25088K), 0.0004030 secs] [Times: user=0.00 sys=0.00, real=0.00 secs] 
125.188: Total time for which application threads were stopped: 0.0005030 seconds, Stopping threads took: 0.0000450 seconds
125.217: Application time: 0.0297100 seconds
125.217: [GC [PSYoungGen: 7454K->832K(7680K)] 23725K->17102K(25088K), 0.0004060 secs] [Times: user=0.00 sys=0.00, real=0.00 secs] 
125.218: Total time for which application threads were stopped: 0.0005120 seconds, Stopping threads took: 0.0000580 seconds
125.246: Application time: 0.0278610 seconds
125.246: [GC [PSYoungGen: 7486K->912K(7680K)] 23756K->17182K(25088K), 0.0005340 secs] [Times: user=0.00 sys=0.00, real=0.00 secs] 
125.246: Total time for which application threads were stopped: 0.0006380 seconds, Stopping threads took: 0.0000550 seconds
125.275: Application time: 0.0288230 seconds
125.275: [GC [PSYoungGen: 7564K->864K(7680K)] 23834K->17210K(25088K), 0.0005030 secs] [Times: user=0.00 sys=0.00, real=0.00 secs] 
125.276: Total time for which application threads were stopped: 0.0005890 seconds, Stopping threads took: 0.0000360 seconds
125.305: Application time: 0.0294240 seconds
125.307: [GC [PSYoungGen: 7518K->896K(7680K)] 23864K->17242K(25088K), 0.0004890 secs] [Times: user=0.00 sys=0.00, real=0.00 secs] 
125.308: Total time for which application threads were stopped: 0.0026150 seconds, Stopping threads took: 0.0020670 seconds
125.338: Application time: 0.0300770 seconds
125.338: [GC [PSYoungGen: 7550K->832K(7680K)] 23897K->17178K(25088K), 0.0005250 secs] [Times: user=0.00 sys=0.00, real=0.00 secs] 
125.338: Total time for which application threads were stopped: 0.0006250 seconds, Stopping threads took: 0.0000460 seconds
125.368: Application time: 0.0299190 seconds
125.368: [GC [PSYoungGen: 7486K->864K(7680K)] 23833K->17210K(25088K), 0.0004340 secs] [Times: user=0.00 sys=0.00, real=0.00 secs] 
125.369: Total time for which application threads were stopped: 0.0005320 seconds, Stopping threads took: 0.0000480 seconds
125.399: Application time: 0.0299450 seconds
125.399: [GC [PSYoungGen: 7518K->928K(7680K)] 23865K->17274K(25088K), 0.0004090 secs] [Times: user=0.00 sys=0.00, real=0.01 secs] 
125.399: Total time for which application threads were stopped: 0.0005270 seconds, Stopping threads took: 0.0000640 seconds
125.429: Application time: 0.0299320 seconds
125.431: [GC [PSYoungGen: 7582K->992K(7680K)] 23929K->17490K(25088K), 0.0004970 secs] [Times: user=0.00 sys=0.00, real=0.00 secs] 
125.432: Total time for which application threads were stopped: 0.0024010 seconds, Stopping threads took: 0.0018530 seconds
125.462: Application time: 0.0299910 seconds
125.462: [GC [PSYoungGen: 7646K->512K(7680K)] 24145K->17222K(25088K), 0.0004050 secs] [Times: user=0.00 sys=0.00, real=0.00 secs] 
125.462: Total time for which application threads were stopped: 0.0005200 seconds, Stopping threads took: 0.0000630 seconds
125.492: Application time: 0.0298430 seconds
125.492: [GC [PSYoungGen: 7166K->544K(7680K)] 23877K->17254K(25088K), 0.0004120 secs] [Times: user=0.00 sys=0.00, real=0.00 secs] 
125.493: Total time for which application threads were stopped: 0.0005130 seconds, Stopping threads took: 0.0000500 seconds
125.522: Application time: 0.0297790 seconds
125.522: [GC [PSYoungGen: 7198K->576K(7680K)] 23909K->17286K(25088K), 0.0003560 secs] [Times: user=0.00 sys=0.00, real=0.00 secs] 
125.523: Total time for which application threads were stopped: 0.0004620 seconds, Stopping threads took: 0.0000560 seconds
125.553: Application time: 0.0300220 seconds
125.553: [GC [PSYoungGen: 7230K->384K(7680K)] 23941K->17299K(25088K), 0.0003650 secs] [Times: user=0.00 sys=0.00, real=0.00 secs] 
125.553: Total time for which application threads were stopped: 0.0004660 seconds, Stopping threads took: 0.0000520 seconds
125.583: Application time: 0.0298120 seconds
125.583: [GC [PSYoungGen: 7038K->384K(7680K)] 23954K->17299K(25088K), 0.0003420 secs] [Times: user=0.00 sys=0.00, real=0.00 secs] 
125.584: Total time for which application threads were stopped: 0.0004370 seconds, Stopping threads took: 0.0000480 seconds
125.613: Application time: 0.0297750 seconds
125.613: [GC [PSYoungGen: 7038K->416K(7680K)] 23954K->17331K(25088K), 0.0003160 secs] [Times: user=0.00 sys=0.00, real=0.00 secs] 
125.614: Total time for which application threads were stopped: 0.0004260 seconds, Stopping threads took: 0.0000540 seconds
125.644: Application time: 0.0298950 seconds
125.644: [GC [PSYoungGen: 7070K->416K(7680K)] 23986K->17331K(25088K), 0.0003150 secs] [Times: user=0.00 sys=0.00, real=0.00 secs] 
125.644: Total time for which application threads were stopped: 0.0004110 seconds, Stopping threads took: 0.0000490 seconds
125.674: Application time: 0.0301450 seconds
125.674: [GC [PSYoungGen: 7070K->384K(7680K)] 23985K->17299K(25088K), 0.0003530 secs] [Times: user=0.00 sys=0.00, real=0.00 secs] 
125.675: Total time for which application threads were stopped: 0.0004560 seconds, Stopping threads took: 0.0000580 seconds
125.704: Application time: 0.0298390 seconds
125.705: [GC [PSYoungGen: 7038K->224K(7680K)] 23954K->17363K(25088K), 0.0003590 secs] [Times: user=0.00 sys=0.00, real=0.00 secs] 
125.705: [Full GC [PSYoungGen: 224K->0K(7680K)] [ParOldGen: 17139K->3055K(17408K)] 17363K->3055K(25088K) [PSPermGen: 5543K->5543K(21504K)], 0.0054610 secs] [Times: user=0.02 sys=0.00, real=0.00 secs] 
125.710: Total time for which application threads were stopped: 0.0059730 seconds, Stopping threads took: 0.0000530 seconds
125.740: Application time: 0.0296910 seconds
125.740: [GC [PSYoungGen: 6654K->0K(7680K)] 9710K->3055K(25088K), 0.0003210 secs] [Times: user=0.00 sys=0.00, real=0.00 secs] 
125.741: Total time for which application threads were stopped: 0.0004350 seconds, Stopping threads took: 0.0000590 seconds
125.769: Application time: 0.0286060 seconds
125.769: [GC [PSYoungGen: 6652K->352K(7680K)] 9707K->3407K(25088K), 0.0003480 secs] [Times: user=0.01 sys=0.00, real=0.00 secs] 
125.770: Total time for which application threads were stopped: 0.0004720 seconds, Stopping threads took: 0.0000700 seconds
125.790: Application time: 0.0207430 seconds
125.790: [GC [PSYoungGen: 7007K->352K(7680K)] 10062K->3407K(25088K), 0.0003330 secs] [Times: user=0.00 sys=0.00, real=0.00 secs] 
125.791: Total time for which application threads were stopped: 0.0004300 seconds, Stopping threads took: 0.0000470 seconds
125.812: Application time: 0.0212280 seconds
125.812: [GC [PSYoungGen: 7005K->256K(7680K)] 10060K->3311K(25088K), 0.0003830 secs] [Times: user=0.00 sys=0.00, real=0.00 secs] 
125.813: Total time for which application threads were stopped: 0.0004850 seconds, Stopping threads took: 0.0000530 seconds
125.833: Application time: 0.0205720 seconds
125.833: [GC [PSYoungGen: 6911K->480K(7680K)] 9966K->3535K(25088K), 0.0004010 secs] [Times: user=0.00 sys=0.00, real=0.00 secs] 
125.834: Total time for which application threads were stopped: 0.0005120 seconds, Stopping threads took: 0.0000620 seconds
125.855: Application time: 0.0211330 seconds
125.855: [GC [PSYoungGen: 7135K->480K(7680K)] 10191K->3535K(25088K), 0.0003420 secs] [Times: user=0.00 sys=0.00, real=0.00 secs] 
125.855: Total time for which application threads were stopped: 0.0004390 seconds, Stopping threads took: 0.0000460 seconds
125.879: Application time: 0.0241770 seconds
125.879: [GC [PSYoungGen: 7135K->576K(7680K)] 10191K->3631K(25088K), 0.0003470 secs] [Times: user=0.00 sys=0.00, real=0.00 secs] 
125.880: Total time for which application threads were stopped: 0.0004480 seconds, Stopping threads took: 0.0000500 seconds
125.909: Application time: 0.0294240 seconds
125.909: [GC [PSYoungGen: 7230K->512K(7680K)] 10285K->3567K(25088K), 0.0003410 secs] [Times: user=0.00 sys=0.00, real=0.00 secs] 
125.910: Total time for which application threads were stopped: 0.0004480 seconds, Stopping threads took: 0.0000590 seconds
125.938: Application time: 0.0282860 seconds
125.938: [GC [PSYoungGen: 7165K->544K(7680K)] 10221K->3599K(25088K), 0.0003320 secs] [Times: user=0.00 sys=0.00, real=0.00 secs] 
125.938: Total time for which application threads were stopped: 0.0004310 seconds, Stopping threads took: 0.0000500 seconds
125.968: Application time: 0.0294270 seconds
125.968: [GC [PSYoungGen: 7198K->512K(7680K)] 10254K->3567K(25088K), 0.0003310 secs] [Times: user=0.00 sys=0.00, real=0.00 secs] 
125.968: Total time for which application threads were stopped: 0.0004270 seconds, Stopping threads took: 0.0000480 seconds
125.998: Application time: 0.0292660 seconds
125.998: [GC [PSYoungGen: 7166K->512K(7680K)] 10222K->3567K(25088K), 0.0003230 secs] [Times: user=0.00 sys=0.00, real=0.00 secs] 
125.998: Total time for which application threads were stopped: 0.0004210 seconds, Stopping threads took: 0.0000500 seconds
126.027: Application time: 0.0291980 seconds
126.027: [GC [PSYoungGen: 7166K->544K(7680K)] 10221K->3599K(25088K), 0.0003710 secs] [Times: user=0.00 sys=0.00, real=0.00 secs] 
126.028: Total time for which application threads were stopped: 0.0004700 seconds, Stopping threads took: 0.0000470 seconds
126.045: Application time: 0.0177150 seconds
126.045: [GC [PSYoungGen: 7198K->960K(7680K)] 10253K->4015K(25088K), 0.0003900 secs] [Times: user=0.00 sys=0.00, real=0.00 secs] 
126.046: Total time for which application threads were stopped: 0.0004790 seconds, Stopping threads took: 0.0000380 seconds
126.062: Application time: 0.0164750 seconds
126.062: [GC [PSYoungGen: 7612K->992K(7680K)] 10668K->4047K(25088K), 0.0004370 secs] [Times: user=0.00 sys=0.00, real=0.00 secs] 
126.063: Total time for which application threads were stopped: 0.0005330 seconds, Stopping threads took: 0.0000460 seconds
126.080: Application time: 0.0173610 seconds
126.080: [GC [PSYoungGen: 7646K->992K(7680K)] 10701K->4055K(25088K), 0.0004260 secs] [Times: user=0.00 sys=0.00, real=0.00 secs] 
126.081: Total time for which application threads were stopped: 0.0005330 seconds, Stopping threads took: 0.0000550 seconds
126.107: Application time: 0.0259020 seconds
126.107: [GC [PSYoungGen: 7646K->992K(7680K)] 10709K->4055K(25088K), 0.0004190 secs] [Times: user=0.00 sys=0.00, real=0.00 secs] 
126.107: Total time for which application threads were stopped: 0.0005190 seconds, Stopping threads took: 0.0000510 seconds
126.136: Application time: 0.0286090 seconds
126.136: [GC [PSYoungGen: 7646K->896K(7680K)] 10709K->3959K(25088K), 0.0004030 secs] [Times: user=0.00 sys=0.00, real=0.00 secs] 
126.136: Total time for which application threads were stopped: 0.0005130 seconds, Stopping threads took: 0.0000530 seconds
126.163: Application time: 0.0267980 seconds
126.163: [GC [PSYoungGen: 7550K->992K(7680K)] 10613K->4055K(25088K), 0.0004220 secs] [Times: user=0.01 sys=0.00, real=0.00 secs] 
126.164: Total time for which application threads were stopped: 0.0005250 seconds, Stopping threads took: 0.0000510 seconds
126.193: Application time: 0.0294900 seconds
126.193: [GC [PSYoungGen: 7644K->928K(7680K)] 10707K->3991K(25088K), 0.0004570 secs] [Times: user=0.00 sys=0.00, real=0.00 secs] 
126.194: Total time for which application threads were stopped: 0.0005430 seconds, Stopping threads took: 0.0000400 seconds
126.221: Application time: 0.0272350 seconds
126.221: [GC [PSYoungGen: 7580K->1008K(7680K)] 10643K->4071K(25088K), 0.0004090 secs] [Times: user=0.00 sys=0.00, real=0.00 secs] 
126.221: Total time for which application threads were stopped: 0.0005140 seconds, Stopping threads took: 0.0000550 seconds
126.251: Application time: 0.0294810 seconds
126.251: [GC [PSYoungGen: 7662K->960K(7680K)] 10726K->4023K(25088K), 0.0004450 secs] [Times: user=0.00 sys=0.00, real=0.01 secs] 
126.251: Total time for which application threads were stopped: 0.0005490 seconds, Stopping threads took: 0.0000530 seconds
126.280: Application time: 0.0281070 seconds
126.282: [GC [PSYoungGen: 7614K->1008K(7680K)] 10677K->4079K(25088K), 0.0004590 secs] [Times: user=0.00 sys=0.00, real=0.00 secs] 
126.283: Total time for which application threads were stopped: 0.0033000 seconds, Stopping threads took: 0.0027860 seconds
126.312: Application time: 0.0294030 seconds
126.312: [GC [PSYoungGen: 7662K->928K(7680K)] 10734K->4127K(25088K), 0.0004310 secs] [Times: user=0.01 sys=0.00, real=0.00 secs] 
126.313: Total time for which application threads were stopped: 0.0005500 seconds, Stopping threads took: 0.0000680 seconds
126.333: Application time: 0.0205490 seconds
126.335: [GC [PSYoungGen: 7580K->992K(7680K)] 10780K->4255K(25088K), 0.0004980 secs] [Times: user=0.00 sys=0.00, real=0.00 secs] 
126.336: Total time for which application threads were stopped: 0.0022850 seconds, Stopping threads took: 0.0017370 seconds
126.359: Application time: 0.0238190 seconds
126.360: [GC [PSYoungGen: 7643K->944K(7680K)] 10907K->4335K(25088K), 0.0004740 secs] [Times: user=0.00 sys=0.00, real=0.00 secs] 
126.360: Total time for which application threads were stopped: 0.0005840 seconds, Stopping threads took: 0.0000610 seconds
126.384: Application time: 0.0242180 seconds
126.384: [GC [PSYoungGen: 7598K->992K(7680K)] 10989K->4519K(25088K), 0.0004670 secs] [Times: user=0.00 sys=0.00, real=0.00 secs] 
126.385: Total time for which application threads were stopped: 0.0005690 seconds, Stopping threads took: 0.0000520 seconds
126.406: Application time: 0.0213570 seconds
126.406: [GC [PSYoungGen: 7644K->1008K(7680K)] 11171K->4655K(25088K), 0.0004600 secs] [Times: user=0.01 sys=0.00, real=0.00 secs] 
126.407: Total time for which application threads were stopped: 0.0005610 seconds, Stopping threads took: 0.0000470 seconds
126.428: Application time: 0.0209590 seconds
126.428: [GC [PSYoungGen: 7663K->976K(7680K)] 11311K->4767K(25088K), 0.0004770 secs] [Times: user=0.01 sys=0.00, real=0.00 secs] 
126.428: Total time for which application threads were stopped: 0.0005850 seconds, Stopping threads took: 0.0000550 seconds
126.452: Application time: 0.0238810 seconds
126.452: [GC [PSYoungGen: 7629K->992K(7680K)] 11421K->5092K(25088K), 0.0005030 secs] [Times: user=0.00 sys=0.00, real=0.00 secs] 
126.453: Total time for which application threads were stopped: 0.0006090 seconds, Stopping threads took: 0.0000560 seconds
126.480: Application time: 0.0271490 seconds
126.480: [GC [PSYoungGen: 7646K->1008K(7680K)] 11746K->5465K(25088K), 0.0005180 secs] [Times: user=0.00 sys=0.00, real=0.00 secs] 
126.481: Total time for which application threads were stopped: 0.0006060 seconds, Stopping threads took: 0.0000360 seconds
126.507: Application time: 0.0263580 seconds
126.507: [GC [PSYoungGen: 7663K->992K(7680K)] 12120K->5489K(25088K), 0.0004760 secs] [Times: user=0.00 sys=0.00, real=0.00 secs] 
126.508: Total time for which application threads were stopped: 0.0005840 seconds, Stopping threads took: 0.0000520 seconds
126.536: Application time: 0.0289870 seconds
126.537: [GC [PSYoungGen: 7646K->1008K(7680K)] 12143K->5513K(25088K), 0.0004420 secs] [Times: user=0.00 sys=0.00, real=0.00 secs] 
126.537: Total time for which application threads were stopped: 0.0005470 seconds, Stopping threads took: 0.0000550 seconds
126.561: Application time: 0.0242040 seconds
126.561: [GC [PSYoungGen: 7662K->1008K(7680K)] 12167K->5733K(25088K), 0.0005320 secs] [Times: user=0.00 sys=0.00, real=0.00 secs] 
126.562: Total time for which application threads were stopped: 0.0006300 seconds, Stopping threads took: 0.0000480 seconds
126.582: Application time: 0.0205630 seconds
126.583: [GC [PSYoungGen: 7660K->992K(7680K)] 12386K->5861K(25088K), 0.0004550 secs] [Times: user=0.00 sys=0.00, real=0.00 secs] 
126.583: Total time for which application threads were stopped: 0.0005600 seconds, Stopping threads took: 0.0000470 seconds
126.603: Application time: 0.0201390 seconds
126.603: [GC [PSYoungGen: 7646K->1008K(7680K)] 12516K->6090K(25088K), 0.0005360 secs] [Times: user=0.00 sys=0.00, real=0.00 secs] 
126.604: Total time for which application threads were stopped: 0.0006430 seconds, Stopping threads took: 0.0000570 seconds
126.624: Application time: 0.0203550 seconds
126.624: [GC [PSYoungGen: 7663K->1008K(7680K)] 12745K->6154K(25088K), 0.0004580 secs] [Times: user=0.00 sys=0.00, real=0.00 secs] 
126.625: Total time for which application threads were stopped: 0.0005600 seconds, Stopping threads took: 0.0000490 seconds
126.646: Application time: 0.0210080 seconds
126.646: [GC [PSYoungGen: 7662K->928K(7680K)] 12808K->6250K(25088K), 0.0004810 secs] [Times: user=0.00 sys=0.00, real=0.00 secs] 
126.646: Total time for which application threads were stopped: 0.0005910 seconds, Stopping threads took: 0.0000450 seconds
126.674: Application time: 0.0278400 seconds
126.674: [GC [PSYoungGen: 7582K->992K(7680K)] 12904K->6354K(25088K), 0.0004690 secs] [Times: user=0.00 sys=0.00, real=0.00 secs] 
126.675: Total time for which application threads were stopped: 0.0005740 seconds, Stopping threads took: 0.0000540 seconds
126.704: Application time: 0.0292520 seconds
126.704: [GC [PSYoungGen: 7646K->992K(7680K)] 13008K->6426K(25088K), 0.0004310 secs] [Times: user=0.00 sys=0.00, real=0.00 secs] 
126.704: Total time for which application threads were stopped: 0.0005090 seconds, Stopping threads took: 0.0000340 seconds
126.733: Application time: 0.0283210 seconds
126.733: [GC [PSYoungGen: 7644K->992K(7680K)] 13078K->6426K(25088K), 0.0004330 secs] [Times: user=0.00 sys=0.00, real=0.00 secs] 
126.733: Total time for which application threads were stopped: 0.0005310 seconds, Stopping threads took: 0.0000490 seconds
126.761: Application time: 0.0280280 seconds
126.761: [GC [PSYoungGen: 7646K->992K(7680K)] 13080K->6594K(25088K), 0.0004830 secs] [Times: user=0.01 sys=0.00, real=0.00 secs] 
126.762: Total time for which application threads were stopped: 0.0005980 seconds, Stopping threads took: 0.0000570 seconds
126.791: Application time: 0.0293630 seconds
126.791: [GC [PSYoungGen: 7646K->992K(7680K)] 13249K->6602K(25088K), 0.0004890 secs] [Times: user=0.00 sys=0.00, real=0.00 secs] 
126.793: Total time for which application threads were stopped: 0.0016300 seconds, Stopping threads took: 0.0000530 seconds
126.823: Application time: 0.0297930 seconds
126.823: [GC [PSYoungGen: 7646K->1008K(7680K)] 13257K->6746K(25088K), 0.0005580 secs] [Times: user=0.00 sys=0.00, real=0.00 secs] 
126.823: Total time for which application threads were stopped: 0.0006690 seconds, Stopping threads took: 0.0000580 seconds
126.852: Application time: 0.0288180 seconds
126.852: [GC [PSYoungGen: 7660K->960K(7680K)] 13398K->6858K(25088K), 0.0004310 secs] [Times: user=0.00 sys=0.00, real=0.00 secs] 
126.853: Total time for which application threads were stopped: 0.0005330 seconds, Stopping threads took: 0.0000540 seconds
126.883: Application time: 0.0297250 seconds
126.883: [GC [PSYoungGen: 7612K->864K(7680K)] 13510K->6762K(25088K), 0.0004450 secs] [Times: user=0.01 sys=0.00, real=0.00 secs] 
126.883: Total time for which application threads were stopped: 0.0005400 seconds, Stopping threads took: 0.0000480 seconds
126.913: Application time: 0.0298490 seconds
126.913: [GC [PSYoungGen: 7518K->672K(7680K)] 13417K->6851K(25088K), 0.0004060 secs] [Times: user=0.00 sys=0.00, real=0.00 secs] 
126.913: Total time for which application threads were stopped: 0.0005000 seconds, Stopping threads took: 0.0000470 seconds
126.943: Application time: 0.0295460 seconds
126.943: [GC [PSYoungGen: 7326K->672K(7680K)] 13506K->6851K(25088K), 0.0003690 secs] [Times: user=0.00 sys=0.00, real=0.00 secs] 
126.943: Total time for which application threads were stopped: 0.0004690 seconds, Stopping threads took: 0.0000530 seconds
126.973: Application time: 0.0297700 seconds
126.973: [GC [PSYoungGen: 7324K->608K(7680K)] 13503K->6787K(25088K), 0.0003970 secs] [Times: user=0.00 sys=0.00, real=0.00 secs] 
126.974: Total time for which application threads were stopped: 0.0004990 seconds, Stopping threads took: 0.0000490 seconds
127.002: Application time: 0.0286060 seconds
127.002: [GC [PSYoungGen: 7261K->656K(7680K)] 13441K->6835K(25088K), 0.0003770 secs] [Times: user=0.00 sys=0.00, real=0.00 secs] 
127.003: Total time for which application threads were stopped: 0.0004800 seconds, Stopping threads took: 0.0000520 seconds
127.031: Application time: 0.0286420 seconds
127.032: [GC [PSYoungGen: 7308K->640K(7680K)] 13487K->6835K(25088K), 0.0004430 secs] [Times: user=0.00 sys=0.00, real=0.00 secs] 
127.032: Total time for which application threads were stopped: 0.0005470 seconds, Stopping threads took: 0.0000570 seconds
127.060: Application time: 0.0278750 seconds
127.060: [GC [PSYoungGen: 7293K->704K(7680K)] 13489K->6947K(25088K), 0.0004440 secs] [Times: user=0.00 sys=0.00, real=0.00 secs] 
127.060: Total time for which application threads were stopped: 0.0005420 seconds, Stopping threads took: 0.0000510 seconds
127.090: Application time: 0.0299940 seconds
127.090: [GC [PSYoungGen: 7358K->672K(7680K)] 13602K->6915K(25088K), 0.0003790 secs] [Times: user=0.01 sys=0.00, real=0.00 secs] 
127.091: Total time for which application threads were stopped: 0.0004810 seconds, Stopping threads took: 0.0000530 seconds
127.121: Application time: 0.0299520 seconds
127.121: [GC [PSYoungGen: 7326K->608K(7680K)] 13570K->6859K(25088K), 0.0003780 secs] [Times: user=0.00 sys=0.00, real=0.00 secs] 
127.121: Total time for which application threads were stopped: 0.0004780 seconds, Stopping threads took: 0.0000520 seconds
127.151: Application time: 0.0301410 seconds
127.152: [GC [PSYoungGen: 7262K->576K(7680K)] 13514K->6827K(25088K), 0.0003490 secs] [Times: user=0.00 sys=0.00, real=0.00 secs] 
127.152: Total time for which application threads were stopped: 0.0004460 seconds, Stopping threads took: 0.0000430 seconds
127.182: Application time: 0.0299140 seconds
127.182: [GC [PSYoungGen: 7230K->544K(7680K)] 13482K->6795K(25088K), 0.0004180 secs] [Times: user=0.00 sys=0.00, real=0.00 secs] 
127.182: Total time for which application threads were stopped: 0.0005240 seconds, Stopping threads took: 0.0000570 seconds
127.212: Application time: 0.0298480 seconds
127.212: [GC [PSYoungGen: 7198K->576K(7680K)] 13450K->6912K(25088K), 0.0003870 secs] [Times: user=0.00 sys=0.00, real=0.00 secs] 
127.213: Total time for which application threads were stopped: 0.0004930 seconds, Stopping threads took: 0.0000570 seconds
127.243: Application time: 0.0300320 seconds
127.247: [GC [PSYoungGen: 7230K->608K(7680K)] 13566K->6944K(25088K), 0.0003450 secs] [Times: user=0.00 sys=0.00, real=0.00 secs] 
127.247: Total time for which application threads were stopped: 0.0047750 seconds, Stopping threads took: 0.0043820 seconds
127.278: Application time: 0.0301040 seconds
127.278: [GC [PSYoungGen: 7262K->576K(7680K)] 13598K->6912K(25088K), 0.0003440 secs] [Times: user=0.00 sys=0.00, real=0.00 secs] 
127.278: Total time for which application threads were stopped: 0.0004510 seconds, Stopping threads took: 0.0000610 seconds
127.308: Application time: 0.0299290 seconds
127.308: [GC [PSYoungGen: 7230K->544K(7680K)] 13566K->6972K(25088K), 0.0003430 secs] [Times: user=0.00 sys=0.00, real=0.00 secs] 
127.308: Total time for which application threads were stopped: 0.0004480 seconds, Stopping threads took: 0.0000560 seconds
127.338: Application time: 0.0300060 seconds
127.339: [GC [PSYoungGen: 7198K->512K(7680K)] 13627K->6940K(25088K), 0.0003150 secs] [Times: user=0.01 sys=0.00, real=0.00 secs] 
127.339: Total time for which application threads were stopped: 0.0004150 seconds, Stopping threads took: 0.0000520 seconds
127.369: Application time: 0.0299430 seconds
127.369: [GC [PSYoungGen: 7166K->544K(7680K)] 13595K->6972K(25088K), 0.0003370 secs] [Times: user=0.00 sys=0.00, real=0.00 secs] 
127.369: Total time for which application threads were stopped: 0.0004260 seconds, Stopping threads took: 0.0000440 seconds
127.399: Application time: 0.0299530 seconds
127.399: [GC [PSYoungGen: 7198K->672K(7680K)] 13627K->7100K(25088K), 0.0003490 secs] [Times: user=0.00 sys=0.00, real=0.00 secs] 
127.400: Total time for which application threads were stopped: 0.0004630 seconds, Stopping threads took: 0.0000640 seconds
127.429: Application time: 0.0297820 seconds
127.430: [GC [PSYoungGen: 7326K->544K(7680K)] 13755K->6972K(25088K), 0.0003350 secs] [Times: user=0.00 sys=0.00, real=0.00 secs] 
127.430: Total time for which application threads were stopped: 0.0004380 seconds, Stopping threads took: 0.0000540 seconds
127.460: Application time: 0.0298340 seconds
127.460: [GC [PSYoungGen: 7198K->480K(7680K)] 13627K->6908K(25088K), 0.0003310 secs] [Times: user=0.00 sys=0.00, real=0.00 secs] 
127.460: Total time for which application threads were stopped: 0.0004380 seconds, Stopping threads took: 0.0000560 seconds
127.490: Application time: 0.0298080 seconds
127.490: [GC [PSYoungGen: 7134K->352K(7680K)] 13563K->7009K(25088K), 0.0003590 secs] [Times: user=0.00 sys=0.00, real=0.00 secs] 
127.490: Total time for which application threads were stopped: 0.0004560 seconds, Stopping threads took: 0.0000510 seconds
127.520: Application time: 0.0296830 seconds
127.520: [GC [PSYoungGen: 7006K->0K(7680K)] 13663K->6877K(25088K), 0.0003540 secs] [Times: user=0.00 sys=0.00, real=0.00 secs] 
127.521: Total time for which application threads were stopped: 0.0004510 seconds, Stopping threads took: 0.0000460 seconds
127.543: Application time: 0.0227830 seconds
127.543: [GC [PSYoungGen: 6652K->384K(7680K)] 13529K->7261K(25088K), 0.0003180 secs] [Times: user=0.01 sys=0.00, real=0.00 secs] 
127.544: Total time for which application threads were stopped: 0.0004170 seconds, Stopping threads took: 0.0000530 seconds
127.565: Application time: 0.0214710 seconds
127.565: [GC [PSYoungGen: 7039K->352K(7680K)] 13917K->7229K(25088K), 0.0003220 secs] [Times: user=0.01 sys=0.00, real=0.00 secs] 
127.566: Total time for which application threads were stopped: 0.0004230 seconds, Stopping threads took: 0.0000550 seconds
127.590: Application time: 0.0247560 seconds
127.590: [GC [PSYoungGen: 7006K->320K(7680K)] 13883K->7197K(25088K), 0.0003610 secs] [Times: user=0.00 sys=0.00, real=0.00 secs] 
127.591: Total time for which application threads were stopped: 0.0004570 seconds, Stopping threads took: 0.0000500 seconds
127.613: Application time: 0.0219290 seconds
127.613: [GC [PSYoungGen: 6972K->512K(7680K)] 13849K->7389K(25088K), 0.0003360 secs] [Times: user=0.00 sys=0.00, real=0.00 secs] 
127.613: Total time for which application threads were stopped: 0.0004360 seconds, Stopping threads took: 0.0000510 seconds
127.635: Application time: 0.0214940 seconds
127.635: [GC [PSYoungGen: 7167K->512K(7680K)] 14045K->7389K(25088K), 0.0003370 secs] [Times: user=0.00 sys=0.00, real=0.00 secs] 
127.635: Total time for which application threads were stopped: 0.0004230 seconds, Stopping threads took: 0.0000380 seconds
127.659: Application time: 0.0241010 seconds
127.659: [GC [PSYoungGen: 7167K->512K(7680K)] 14045K->7389K(25088K), 0.0003270 secs] [Times: user=0.00 sys=0.00, real=0.00 secs] 
127.660: Total time for which application threads were stopped: 0.0004390 seconds, Stopping threads took: 0.0000560 seconds
127.689: Application time: 0.0291660 seconds
127.689: [GC [PSYoungGen: 7164K->480K(7680K)] 14042K->7357K(25088K), 0.0003560 secs] [Times: user=0.00 sys=0.00, real=0.00 secs] 
127.689: Total time for which application threads were stopped: 0.0004480 seconds, Stopping threads took: 0.0000460 seconds
127.717: Application time: 0.0281920 seconds
127.718: [GC [PSYoungGen: 7134K->544K(7680K)] 14011K->7421K(25088K), 0.0003420 secs] [Times: user=0.00 sys=0.00, real=0.00 secs] 
127.718: Total time for which application threads were stopped: 0.0004300 seconds, Stopping threads took: 0.0000400 seconds
127.747: Application time: 0.0294810 seconds
127.749: [GC [PSYoungGen: 7198K->480K(7680K)] 14076K->7357K(25088K), 0.0004200 secs] [Times: user=0.00 sys=0.00, real=0.00 secs] 
127.749: Total time for which application threads were stopped: 0.0016540 seconds, Stopping threads took: 0.0011760 seconds
127.773: Application time: 0.0237770 seconds
127.773: [GC [PSYoungGen: 7092K->576K(7680K)] 13970K->7453K(25088K), 0.0004030 secs] [Times: user=0.01 sys=0.00, real=0.00 secs] 
127.773: Total time for which application threads were stopped: 0.0005190 seconds, Stopping threads took: 0.0000610 seconds
127.795: Application time: 0.0217090 seconds
127.795: [GC [PSYoungGen: 7228K->704K(7680K)] 14106K->7581K(25088K), 0.0003820 secs] [Times: user=0.00 sys=0.00, real=0.00 secs] 
127.796: Total time for which application threads were stopped: 0.0004770 seconds, Stopping threads took: 0.0000430 seconds
127.819: Application time: 0.0233990 seconds
127.819: [GC [PSYoungGen: 7356K->768K(7680K)] 14233K->7645K(25088K), 0.0004410 secs] [Times: user=0.00 sys=0.00, real=0.01 secs] 
127.819: Total time for which application threads were stopped: 0.0005390 seconds, Stopping threads took: 0.0000480 seconds
127.839: Application time: 0.0198910 seconds
127.843: [GC [PSYoungGen: 7420K->992K(7680K)] 14297K->7869K(25088K), 0.0004620 secs] [Times: user=0.00 sys=0.00, real=0.00 secs] 
127.844: Total time for which application threads were stopped: 0.0044890 seconds, Stopping threads took: 0.0039790 seconds
127.866: Application time: 0.0217080 seconds
127.866: [GC [PSYoungGen: 7645K->896K(7680K)] 14523K->7773K(25088K), 0.0004050 secs] [Times: user=0.00 sys=0.00, real=0.00 secs] 
127.866: Total time for which application threads were stopped: 0.0004970 seconds, Stopping threads took: 0.0000380 seconds
127.891: Application time: 0.0253840 seconds
127.892: [GC [PSYoungGen: 7548K->992K(7680K)] 14425K->7909K(25088K), 0.0004510 secs] [Times: user=0.00 sys=0.00, real=0.00 secs] 
127.892: Total time for which application threads were stopped: 0.0005660 seconds, Stopping threads took: 0.0000630 seconds
127.921: Application time: 0.0287660 seconds
127.921: [GC [PSYoungGen: 7644K->880K(7680K)] 14562K->7797K(25088K), 0.0003990 secs] [Times: user=0.00 sys=0.00, real=0.00 secs] 
127.921: Total time for which application threads were stopped: 0.0005020 seconds, Stopping threads took: 0.0000530 seconds
127.949: Application time: 0.0280500 seconds
127.949: [GC [PSYoungGen: 7534K->960K(7680K)] 14451K->7877K(25088K), 0.0004090 secs] [Times: user=0.00 sys=0.00, real=0.00 secs] 
127.950: Total time for which application threads were stopped: 0.0005190 seconds, Stopping threads took: 0.0000580 seconds
127.978: Application time: 0.0283500 seconds
127.978: [GC [PSYoungGen: 7613K->1008K(7680K)] 14531K->7925K(25088K), 0.0004710 secs] [Times: user=0.00 sys=0.00, real=0.00 secs] 
127.979: Total time for which application threads were stopped: 0.0005760 seconds, Stopping threads took: 0.0000540 seconds
128.007: Application time: 0.0281270 seconds
128.007: [GC [PSYoungGen: 7660K->992K(7680K)] 14578K->7909K(25088K), 0.0004420 secs] [Times: user=0.00 sys=0.01, real=0.00 secs] 
128.007: Total time for which application threads were stopped: 0.0005490 seconds, Stopping threads took: 0.0000560 seconds
128.037: Application time: 0.0292860 seconds
128.037: [GC [PSYoungGen: 7644K->960K(7680K)] 14562K->8005K(25088K), 0.0004330 secs] [Times: user=0.00 sys=0.00, real=0.00 secs] 
128.037: Total time for which application threads were stopped: 0.0005400 seconds, Stopping threads took: 0.0000530 seconds
128.057: Application time: 0.0191980 seconds
128.057: [GC [PSYoungGen: 7613K->992K(7680K)] 14658K->8117K(25088K), 0.0004620 secs] [Times: user=0.00 sys=0.00, real=0.00 secs] 
128.057: Total time for which application threads were stopped: 0.0005710 seconds, Stopping threads took: 0.0000550 seconds
128.078: Application time: 0.0211440 seconds
128.078: [GC [PSYoungGen: 7645K->944K(7680K)] 14771K->8197K(25088K), 0.0004620 secs] [Times: user=0.00 sys=0.00, real=0.00 secs] 
128.079: Total time for which application threads were stopped: 0.0005620 seconds, Stopping threads took: 0.0000480 seconds
128.104: Application time: 0.0256080 seconds
128.104: [GC [PSYoungGen: 7596K->1008K(7680K)] 14849K->8277K(25088K), 0.0005150 secs] [Times: user=0.00 sys=0.00, real=0.00 secs] 
128.105: Total time for which application threads were stopped: 0.0006270 seconds, Stopping threads took: 0.0000510 seconds
128.133: Application time: 0.0283500 seconds
128.133: [GC [PSYoungGen: 7554K->960K(7680K)] 14824K->8357K(25088K), 0.0005240 secs] [Times: user=0.00 sys=0.00, real=0.00 secs] 
128.134: Total time for which application threads were stopped: 0.0006440 seconds, Stopping threads took: 0.0000690 seconds
128.153: Application time: 0.0194510 seconds
128.154: [GC [PSYoungGen: 7612K->1008K(7680K)] 15010K->8497K(25088K), 0.0004430 secs] [Times: user=0.00 sys=0.00, real=0.00 secs] 
128.154: Total time for which application threads were stopped: 0.0005500 seconds, Stopping threads took: 0.0000560 seconds
128.175: Application time: 0.0211400 seconds
128.175: [GC [PSYoungGen: 7661K->1008K(7680K)] 15151K->8505K(25088K), 0.0004310 secs] [Times: user=0.00 sys=0.00, real=0.00 secs] 
128.176: Total time for which application threads were stopped: 0.0005300 seconds, Stopping threads took: 0.0000410 seconds
128.201: Application time: 0.0256480 seconds
128.201: [GC [PSYoungGen: 7644K->992K(7680K)] 15142K->8782K(25088K), 0.0005030 secs] [Times: user=0.00 sys=0.00, real=0.00 secs] 
128.202: Total time for which application threads were stopped: 0.0006000 seconds, Stopping threads took: 0.0000470 seconds
128.229: Application time: 0.0274290 seconds
128.229: [GC [PSYoungGen: 7645K->992K(7680K)] 15436K->8966K(25088K), 0.0005520 secs] [Times: user=0.00 sys=0.00, real=0.00 secs] 
128.230: Total time for which application threads were stopped: 0.0006540 seconds, Stopping threads took: 0.0000500 seconds
128.257: Application time: 0.0271960 seconds
128.257: [GC [PSYoungGen: 7646K->992K(7680K)] 15620K->9207K(25088K), 0.0005320 secs] [Times: user=0.00 sys=0.00, real=0.00 secs] 
128.258: Total time for which application threads were stopped: 0.0006330 seconds, Stopping threads took: 0.0000510 seconds
128.286: Application time: 0.0285620 seconds
128.287: [GC [PSYoungGen: 7645K->1008K(7680K)] 15860K->9287K(25088K), 0.0004810 secs] [Times: user=0.00 sys=0.00, real=0.00 secs] 
128.287: Total time for which application threads were stopped: 0.0005840 seconds, Stopping threads took: 0.0000450 seconds
128.316: Application time: 0.0294360 seconds
128.317: [GC [PSYoungGen: 7662K->976K(7680K)] 15941K->9255K(25088K), 0.0004910 secs] [Times: user=0.00 sys=0.00, real=0.00 secs] 
128.317: Total time for which application threads were stopped: 0.0006230 seconds, Stopping threads took: 0.0000790 seconds
128.344: Application time: 0.0272130 seconds
128.344: [GC [PSYoungGen: 7630K->976K(7680K)] 15909K->9431K(25088K), 0.0005060 secs] [Times: user=0.00 sys=0.00, real=0.00 secs] 
128.345: Total time for which application threads were stopped: 0.0006160 seconds, Stopping threads took: 0.0000590 seconds
128.365: Application time: 0.0198390 seconds
128.365: [GC [PSYoungGen: 7629K->1008K(7680K)] 16084K->9663K(25088K), 0.0004590 secs] [Times: user=0.00 sys=0.00, real=0.00 secs] 
128.365: Total time for which application threads were stopped: 0.0005480 seconds, Stopping threads took: 0.0000410 seconds
128.381: Application time: 0.0161040 seconds
128.381: [GC [PSYoungGen: 7663K->992K(7680K)] 16318K->9859K(25088K), 0.0004990 secs] [Times: user=0.00 sys=0.00, real=0.00 secs] 
128.382: Total time for which application threads were stopped: 0.0005950 seconds, Stopping threads took: 0.0000450 seconds
128.402: Application time: 0.0195670 seconds
128.402: [GC [PSYoungGen: 7647K->1008K(7680K)] 16514K->9947K(25088K), 0.0004490 secs] [Times: user=0.00 sys=0.00, real=0.00 secs] 
128.402: Total time for which application threads were stopped: 0.0005410 seconds, Stopping threads took: 0.0000400 seconds
128.427: Application time: 0.0249290 seconds
128.427: [GC [PSYoungGen: 7662K->992K(7680K)] 16601K->10168K(25088K), 0.0005780 secs] [Times: user=0.00 sys=0.00, real=0.00 secs] 
128.428: Total time for which application threads were stopped: 0.0006760 seconds, Stopping threads took: 0.0000470 seconds
128.455: Application time: 0.0276780 seconds
128.455: [GC [PSYoungGen: 7643K->1008K(7680K)] 16820K->10184K(25088K), 0.0004390 secs] [Times: user=0.01 sys=0.00, real=0.00 secs] 
128.456: Total time for which application threads were stopped: 0.0005450 seconds, Stopping threads took: 0.0000530 seconds
128.482: Application time: 0.0264880 seconds
128.483: [GC [PSYoungGen: 7661K->1008K(7680K)] 16837K->10360K(25088K), 0.0004780 secs] [Times: user=0.00 sys=0.00, real=0.00 secs] 
128.483: Total time for which application threads were stopped: 0.0005800 seconds, Stopping threads took: 0.0000500 seconds
128.512: Application time: 0.0293520 seconds
128.512: [GC [PSYoungGen: 7662K->1008K(7680K)] 17015K->10368K(25088K), 0.0004630 secs] [Times: user=0.00 sys=0.00, real=0.00 secs] 
128.513: Total time for which application threads were stopped: 0.0005600 seconds, Stopping threads took: 0.0000450 seconds
128.542: Application time: 0.0293390 seconds
128.542: [GC [PSYoungGen: 7662K->864K(7680K)] 17023K->10432K(25088K), 0.0004360 secs] [Times: user=0.00 sys=0.00, real=0.00 secs] 
128.543: Total time for which application threads were stopped: 0.0005250 seconds, Stopping threads took: 0.0000400 seconds
128.571: Application time: 0.0285170 seconds
128.571: [GC [PSYoungGen: 7516K->976K(7680K)] 17084K->10544K(25088K), 0.0004830 secs] [Times: user=0.00 sys=0.00, real=0.00 secs] 
128.572: Total time for which application threads were stopped: 0.0005930 seconds, Stopping threads took: 0.0000580 seconds
128.600: Application time: 0.0284170 seconds
128.600: [GC [PSYoungGen: 7629K->992K(7680K)] 17198K->10608K(25088K), 0.0004750 secs] [Times: user=0.00 sys=0.00, real=0.00 secs] 
128.601: Total time for which application threads were stopped: 0.0005850 seconds, Stopping threads took: 0.0000550 seconds
128.630: Application time: 0.0295530 seconds
128.631: [GC [PSYoungGen: 7644K->960K(7680K)] 17260K->10584K(25088K), 0.0004130 secs] [Times: user=0.00 sys=0.00, real=0.00 secs] 
128.631: Total time for which application threads were stopped: 0.0005010 seconds, Stopping threads took: 0.0000370 seconds
128.660: Application time: 0.0294390 seconds
128.660: [GC [PSYoungGen: 7614K->992K(7680K)] 17239K->10624K(25088K), 0.0004110 secs] [Times: user=0.00 sys=0.00, real=0.00 secs] 
128.661: Total time for which application threads were stopped: 0.0005170 seconds, Stopping threads took: 0.0000550 seconds
128.691: Application time: 0.0296400 seconds
128.691: [GC [PSYoungGen: 7646K->736K(7680K)] 17279K->10576K(25088K), 0.0004050 secs] [Times: user=0.00 sys=0.00, real=0.00 secs] 
128.691: Total time for which application threads were stopped: 0.0005090 seconds, Stopping threads took: 0.0000450 seconds
128.721: Application time: 0.0295090 seconds
128.721: [GC [PSYoungGen: 7390K->800K(7680K)] 17231K->10640K(25088K), 0.0003730 secs] [Times: user=0.00 sys=0.00, real=0.00 secs] 
128.721: Total time for which application threads were stopped: 0.0004650 seconds, Stopping threads took: 0.0000420 seconds
128.751: Application time: 0.0297200 seconds
128.751: [GC [PSYoungGen: 7454K->768K(7680K)] 17295K->10608K(25088K), 0.0004330 secs] [Times: user=0.00 sys=0.00, real=0.01 secs] 
128.751: Total time for which application threads were stopped: 0.0005420 seconds, Stopping threads took: 0.0000530 seconds
128.780: Application time: 0.0286510 seconds
128.780: [GC [PSYoungGen: 7422K->592K(7680K)] 17262K->10448K(25088K), 0.0003940 secs] [Times: user=0.00 sys=0.00, real=0.00 secs] 
128.780: Total time for which application threads were stopped: 0.0004920 seconds, Stopping threads took: 0.0000460 seconds
128.807: Application time: 0.0269930 seconds
128.808: [GC [PSYoungGen: 7247K->896K(7680K)] 17103K->10808K(25088K), 0.0004480 secs] [Times: user=0.00 sys=0.00, real=0.00 secs] 
128.808: Total time for which application threads were stopped: 0.0005500 seconds, Stopping threads took: 0.0000520 seconds
128.838: Application time: 0.0295630 seconds
128.838: [GC [PSYoungGen: 7550K->864K(7680K)] 17463K->10800K(25088K), 0.0004370 secs] [Times: user=0.00 sys=0.00, real=0.00 secs] 
128.838: Total time for which application threads were stopped: 0.0005420 seconds, Stopping threads took: 0.0000530 seconds
128.868: Application time: 0.0296490 seconds
128.868: [GC [PSYoungGen: 7518K->864K(7680K)] 17455K->10800K(25088K), 0.0003770 secs] [Times: user=0.00 sys=0.00, real=0.00 secs] 
128.868: Total time for which application threads were stopped: 0.0004790 seconds, Stopping threads took: 0.0000490 seconds
128.899: Application time: 0.0303510 seconds
128.899: [GC [PSYoungGen: 7516K->832K(7680K)] 17452K->10768K(25088K), 0.0004490 secs] [Times: user=0.00 sys=0.00, real=0.01 secs] 
128.899: Total time for which application threads were stopped: 0.0005570 seconds, Stopping threads took: 0.0000570 seconds
128.929: Application time: 0.0299490 seconds
128.929: [GC [PSYoungGen: 7486K->672K(7680K)] 17423K->10821K(25088K), 0.0003770 secs] [Times: user=0.00 sys=0.00, real=0.00 secs] 
128.930: Total time for which application threads were stopped: 0.0004790 seconds, Stopping threads took: 0.0000540 seconds
128.960: Application time: 0.0300050 seconds
128.960: [GC [PSYoungGen: 7326K->800K(7680K)] 17475K->10949K(25088K), 0.0004350 secs] [Times: user=0.00 sys=0.00, real=0.00 secs] 
128.960: Total time for which application threads were stopped: 0.0005380 seconds, Stopping threads took: 0.0000520 seconds
128.990: Application time: 0.0297520 seconds
128.990: [GC [PSYoungGen: 7454K->672K(7680K)] 17603K->10821K(25088K), 0.0003530 secs] [Times: user=0.00 sys=0.00, real=0.00 secs] 
128.990: Total time for which application threads were stopped: 0.0004550 seconds, Stopping threads took: 0.0000530 seconds
129.020: Application time: 0.0296960 seconds
129.020: [GC [PSYoungGen: 7326K->704K(7680K)] 17475K->10853K(25088K), 0.0003650 secs] [Times: user=0.00 sys=0.00, real=0.00 secs] 
129.021: Total time for which application threads were stopped: 0.0004570 seconds, Stopping threads took: 0.0000450 seconds
129.050: Application time: 0.0299430 seconds
129.051: [GC [PSYoungGen: 7358K->512K(7680K)] 17507K->10889K(25088K), 0.0003770 secs] [Times: user=0.00 sys=0.00, real=0.00 secs] 
129.051: Total time for which application threads were stopped: 0.0004770 seconds, Stopping threads took: 0.0000500 seconds
129.081: Application time: 0.0297630 seconds
129.081: [GC [PSYoungGen: 7166K->512K(7680K)] 17544K->10889K(25088K), 0.0003300 secs] [Times: user=0.00 sys=0.00, real=0.00 secs] 
129.081: Total time for which application threads were stopped: 0.0004280 seconds, Stopping threads took: 0.0000510 seconds
129.111: Application time: 0.0298080 seconds
129.111: [GC [PSYoungGen: 7166K->480K(7680K)] 17544K->10857K(25088K), 0.0003850 secs] [Times: user=0.00 sys=0.00, real=0.01 secs] 
129.111: Total time for which application threads were stopped: 0.0004720 seconds, Stopping threads took: 0.0000410 seconds
129.141: Application time: 0.0297150 seconds
129.141: [GC [PSYoungGen: 7134K->512K(7680K)] 17512K->10889K(25088K), 0.0003360 secs] [Times: user=0.00 sys=0.00, real=0.00 secs] 
129.142: Total time for which application threads were stopped: 0.0004510 seconds, Stopping threads took: 0.0000660 seconds
129.171: Application time: 0.0299130 seconds
129.172: [GC [PSYoungGen: 7166K->512K(7680K)] 17544K->10889K(25088K), 0.0003350 secs] [Times: user=0.00 sys=0.00, real=0.00 secs] 
129.172: Total time for which application threads were stopped: 0.0004360 seconds, Stopping threads took: 0.0000540 seconds
129.202: Application time: 0.0296040 seconds
129.202: [GC [PSYoungGen: 7166K->544K(7680K)] 17544K->10921K(25088K), 0.0003220 secs] [Times: user=0.00 sys=0.00, real=0.00 secs] 
129.202: Total time for which application threads were stopped: 0.0004440 seconds, Stopping threads took: 0.0000610 seconds
129.232: Application time: 0.0296730 seconds
129.232: [GC [PSYoungGen: 7198K->480K(7680K)] 17576K->10913K(25088K), 0.0003430 secs] [Times: user=0.01 sys=0.00, real=0.00 secs] 
129.232: Total time for which application threads were stopped: 0.0004700 seconds, Stopping threads took: 0.0000760 seconds
129.261: Application time: 0.0288950 seconds
129.261: [GC [PSYoungGen: 7025K->256K(7680K)] 17458K->11102K(25088K), 0.0003720 secs] [Times: user=0.00 sys=0.00, real=0.00 secs] 
129.261: Total time for which application threads were stopped: 0.0004830 seconds, Stopping threads took: 0.0000530 seconds
129.282: Application time: 0.0203310 seconds
129.282: [GC [PSYoungGen: 6908K->288K(7680K)] 17754K->11134K(25088K), 0.0004020 secs] [Times: user=0.00 sys=0.00, real=0.00 secs] 
129.282: Total time for which application threads were stopped: 0.0004950 seconds, Stopping threads took: 0.0000460 seconds
129.304: Application time: 0.0219680 seconds
129.304: [GC [PSYoungGen: 6943K->384K(7680K)] 17789K->11230K(25088K), 0.0003400 secs] [Times: user=0.00 sys=0.00, real=0.00 secs] 
129.305: Total time for which application threads were stopped: 0.0004490 seconds, Stopping threads took: 0.0000590 seconds
129.332: Application time: 0.0275800 seconds
129.332: [GC [PSYoungGen: 7038K->320K(7680K)] 17884K->11166K(25088K), 0.0003650 secs] [Times: user=0.00 sys=0.00, real=0.00 secs] 
129.333: Total time for which application threads were stopped: 0.0004650 seconds, Stopping threads took: 0.0000500 seconds
129.353: Application time: 0.0205440 seconds
129.353: [GC [PSYoungGen: 6972K->544K(7680K)] 17818K->11390K(25088K), 0.0003760 secs] [Times: user=0.00 sys=0.00, real=0.00 secs] 
129.354: Total time for which application threads were stopped: 0.0004730 seconds, Stopping threads took: 0.0000480 seconds
129.374: Application time: 0.0206470 seconds
129.375: [GC [PSYoungGen: 7196K->512K(7680K)] 18042K->11358K(25088K), 0.0003970 secs] [Times: user=0.00 sys=0.00, real=0.00 secs] 
129.375: Total time for which application threads were stopped: 0.0004970 seconds, Stopping threads took: 0.0000500 seconds
129.401: Application time: 0.0259980 seconds
129.401: [GC [PSYoungGen: 7164K->512K(7680K)] 18010K->11358K(25088K), 0.0003400 secs] [Times: user=0.00 sys=0.00, real=0.00 secs] 
129.401: Total time for which application threads were stopped: 0.0004340 seconds, Stopping threads took: 0.0000440 seconds
129.430: Application time: 0.0290980 seconds
129.431: [GC [PSYoungGen: 7164K->480K(7680K)] 18010K->11326K(25088K), 0.0003860 secs] [Times: user=0.00 sys=0.00, real=0.00 secs] 
129.432: Total time for which application threads were stopped: 0.0010470 seconds, Stopping threads took: 0.0006130 seconds
129.461: Application time: 0.0293540 seconds
129.461: [GC [PSYoungGen: 7131K->544K(7680K)] 17977K->11390K(25088K), 0.0003580 secs] [Times: user=0.00 sys=0.00, real=0.00 secs] 
129.461: Total time for which application threads were stopped: 0.0004510 seconds, Stopping threads took: 0.0000440 seconds
129.491: Application time: 0.0295640 seconds
129.491: [GC [PSYoungGen: 7196K->512K(7680K)] 18042K->11358K(25088K), 0.0003580 secs] [Times: user=0.00 sys=0.00, real=0.01 secs] 
129.491: Total time for which application threads were stopped: 0.0004690 seconds, Stopping threads took: 0.0000580 seconds
129.521: Application time: 0.0295260 seconds
129.521: [GC [PSYoungGen: 7164K->512K(7680K)] 18010K->11358K(25088K), 0.0003530 secs] [Times: user=0.00 sys=0.00, real=0.00 secs] 
129.521: Total time for which application threads were stopped: 0.0004500 seconds, Stopping threads took: 0.0000480 seconds
129.542: Application time: 0.0206320 seconds
129.542: [GC [PSYoungGen: 7166K->768K(7680K)] 18012K->11614K(25088K), 0.0004330 secs] [Times: user=0.00 sys=0.00, real=0.00 secs] 
129.543: Total time for which application threads were stopped: 0.0005340 seconds, Stopping threads took: 0.0000520 seconds
129.564: Application time: 0.0213070 seconds
129.564: [GC [PSYoungGen: 7421K->672K(7680K)] 18267K->11518K(25088K), 0.0003680 secs] [Times: user=0.00 sys=0.00, real=0.00 secs] 
129.564: Total time for which application threads were stopped: 0.0004660 seconds, Stopping threads took: 0.0000490 seconds
129.588: Application time: 0.0236310 seconds
129.588: [GC [PSYoungGen: 7324K->928K(7680K)] 18170K->11774K(25088K), 0.0004080 secs] [Times: user=0.00 sys=0.00, real=0.00 secs] 
129.588: Total time for which application threads were stopped: 0.0005010 seconds, Stopping threads took: 0.0000420 seconds
129.609: Application time: 0.0206120 seconds
129.609: [GC [PSYoungGen: 7580K->992K(7680K)] 18426K->11838K(25088K), 0.0004220 secs] [Times: user=0.01 sys=0.00, real=0.00 secs] 
129.610: Total time for which application threads were stopped: 0.0005260 seconds, Stopping threads took: 0.0000500 seconds
129.631: Application time: 0.0210880 seconds
129.631: [GC [PSYoungGen: 7646K->832K(7680K)] 18492K->11678K(25088K), 0.0004050 secs] [Times: user=0.01 sys=0.00, real=0.01 secs] 
129.631: Total time for which application threads were stopped: 0.0005340 seconds, Stopping threads took: 0.0000760 seconds
129.659: Application time: 0.0273020 seconds
129.659: [GC [PSYoungGen: 7483K->960K(7680K)] 18329K->11806K(25088K), 0.0004270 secs] [Times: user=0.00 sys=0.00, real=0.00 secs] 
129.659: Total time for which application threads were stopped: 0.0005300 seconds, Stopping threads took: 0.0000520 seconds
129.688: Application time: 0.0288800 seconds
129.688: [GC [PSYoungGen: 7612K->960K(7680K)] 18458K->11806K(25088K), 0.0004290 secs] [Times: user=0.00 sys=0.00, real=0.00 secs] 
129.688: Total time for which application threads were stopped: 0.0005200 seconds, Stopping threads took: 0.0000380 seconds
129.715: Application time: 0.0261990 seconds
129.715: [GC [PSYoungGen: 7614K->992K(7680K)] 18460K->11854K(25088K), 0.0004470 secs] [Times: user=0.00 sys=0.00, real=0.00 secs] 
129.715: Total time for which application threads were stopped: 0.0005520 seconds, Stopping threads took: 0.0000460 seconds
129.745: Application time: 0.0296920 seconds
129.745: [GC [PSYoungGen: 7643K->992K(7680K)] 18505K->11982K(25088K), 0.0004530 secs] [Times: user=0.00 sys=0.00, real=0.00 secs] 
129.745: Total time for which application threads were stopped: 0.0005560 seconds, Stopping threads took: 0.0000530 seconds
129.774: Application time: 0.0283150 seconds
129.774: [GC [PSYoungGen: 7644K->912K(7680K)] 18634K->11902K(25088K), 0.0005510 secs] [Times: user=0.00 sys=0.00, real=0.00 secs] 
129.774: Total time for which application threads were stopped: 0.0006520 seconds, Stopping threads took: 0.0000470 seconds
129.795: Application time: 0.0204490 seconds
129.795: [GC [PSYoungGen: 7567K->1008K(7680K)] 18557K->12126K(25088K), 0.0004610 secs] [Times: user=0.00 sys=0.00, real=0.00 secs] 
129.795: Total time for which application threads were stopped: 0.0005640 seconds, Stopping threads took: 0.0000510 seconds
129.817: Application time: 0.0214660 seconds
129.817: [GC [PSYoungGen: 7663K->960K(7680K)] 18782K->12078K(25088K), 0.0005210 secs] [Times: user=0.00 sys=0.00, real=0.00 secs] 
129.818: Total time for which application threads were stopped: 0.0006210 seconds, Stopping threads took: 0.0000460 seconds
129.844: Application time: 0.0265700 seconds
129.844: [GC [PSYoungGen: 7614K->992K(7680K)] 18732K->12110K(25088K), 0.0005080 secs] [Times: user=0.00 sys=0.00, real=0.00 secs] 
129.845: Total time for which application threads were stopped: 0.0006130 seconds, Stopping threads took: 0.0000560 seconds
129.874: Application time: 0.0289230 seconds
129.874: [GC [PSYoungGen: 7644K->992K(7680K)] 18762K->12110K(25088K), 0.0004350 secs] [Times: user=0.00 sys=0.00, real=0.00 secs] 
129.874: Total time for which application threads were stopped: 0.0005440 seconds, Stopping threads took: 0.0000590 seconds
129.896: Application time: 0.0217560 seconds
129.896: [GC [PSYoungGen: 7644K->992K(7680K)] 18762K->12254K(25088K), 0.0004850 secs] [Times: user=0.00 sys=0.00, real=0.00 secs] 
129.897: Total time for which application threads were stopped: 0.0005890 seconds, Stopping threads took: 0.0000530 seconds
129.918: Application time: 0.0210590 seconds
129.918: [GC [PSYoungGen: 7645K->1008K(7680K)] 18907K->12278K(25088K), 0.0005090 secs] [Times: user=0.00 sys=0.00, real=0.00 secs] 
129.918: Total time for which application threads were stopped: 0.0006300 seconds, Stopping threads took: 0.0000670 seconds
129.942: Application time: 0.0237920 seconds
129.942: [GC [PSYoungGen: 7662K->992K(7680K)] 18932K->12314K(25088K), 0.0004510 secs] [Times: user=0.01 sys=0.00, real=0.00 secs] 
129.943: Total time for which application threads were stopped: 0.0005600 seconds, Stopping threads took: 0.0000600 seconds
129.971: Application time: 0.0288760 seconds
129.972: [GC [PSYoungGen: 7644K->992K(7680K)] 18966K->12362K(25088K), 0.0004710 secs] [Times: user=0.00 sys=0.00, real=0.00 secs] 
129.972: Total time for which application threads were stopped: 0.0005870 seconds, Stopping threads took: 0.0000650 seconds
129.998: Application time: 0.0262430 seconds
129.998: [GC [PSYoungGen: 7647K->1008K(7680K)] 19018K->12394K(25088K), 0.0004340 secs] [Times: user=0.00 sys=0.00, real=0.00 secs] 
129.999: Total time for which application threads were stopped: 0.0005450 seconds, Stopping threads took: 0.0000610 seconds
130.027: Application time: 0.0285320 seconds
130.027: [GC [PSYoungGen: 7660K->992K(7680K)] 19046K->12466K(25088K), 0.0004670 secs] [Times: user=0.00 sys=0.00, real=0.00 secs] 
130.028: Total time for which application threads were stopped: 0.0005660 seconds, Stopping threads took: 0.0000500 seconds
130.057: Application time: 0.0286050 seconds
130.057: [GC [PSYoungGen: 7645K->992K(7680K)] 19119K->12538K(25088K), 0.0004420 secs] [Times: user=0.00 sys=0.00, real=0.00 secs] 
130.057: Total time for which application threads were stopped: 0.0005640 seconds, Stopping threads took: 0.0000680 seconds
130.087: Application time: 0.0295970 seconds
130.087: [GC [PSYoungGen: 7644K->1008K(7680K)] 19190K->12562K(25088K), 0.0004430 secs] [Times: user=0.00 sys=0.00, real=0.00 secs] 
130.087: Total time for which application threads were stopped: 0.0005510 seconds, Stopping threads took: 0.0000560 seconds
130.110: Application time: 0.0224840 seconds
130.110: [GC [PSYoungGen: 7662K->992K(7680K)] 19216K->12927K(25088K), 0.0004790 secs] [Times: user=0.00 sys=0.00, real=0.00 secs] 
130.110: Total time for which application threads were stopped: 0.0005840 seconds, Stopping threads took: 0.0000550 seconds
130.125: Application time: 0.0143470 seconds
130.125: [GC [PSYoungGen: 7645K->992K(7680K)] 19580K->13087K(25088K), 0.0004930 secs] [Times: user=0.01 sys=0.00, real=0.00 secs] 
130.125: Total time for which application threads were stopped: 0.0005840 seconds, Stopping threads took: 0.0000350 seconds
130.142: Application time: 0.0172360 seconds
130.143: [GC [PSYoungGen: 7646K->992K(7680K)] 19741K->13295K(25088K), 0.0004790 secs] [Times: user=0.00 sys=0.00, real=0.00 secs] 
130.143: Total time for which application threads were stopped: 0.0005800 seconds, Stopping threads took: 0.0000500 seconds
130.168: Application time: 0.0249220 seconds
130.168: [GC [PSYoungGen: 7646K->1008K(7680K)] 19949K->13527K(25088K), 0.0004640 secs] [Times: user=0.01 sys=0.00, real=0.00 secs] 
130.169: Total time for which application threads were stopped: 0.0005640 seconds, Stopping threads took: 0.0000520 seconds
130.197: Application time: 0.0286430 seconds
130.197: [GC [PSYoungGen: 7662K->1008K(7680K)] 20181K->13548K(25088K), 0.0004380 secs] [Times: user=0.01 sys=0.00, real=0.00 secs] 
130.198: Total time for which application threads were stopped: 0.0005470 seconds, Stopping threads took: 0.0000580 seconds
130.223: Application time: 0.0254680 seconds
130.223: [GC [PSYoungGen: 7660K->992K(7680K)] 20200K->13880K(25088K), 0.0005150 secs] [Times: user=0.00 sys=0.00, real=0.00 secs] 
130.224: Total time for which application threads were stopped: 0.0006200 seconds, Stopping threads took: 0.0000500 seconds
130.253: Application time: 0.0293090 seconds
130.253: [GC [PSYoungGen: 7644K->992K(7680K)] 20533K->13972K(25088K), 0.0004670 secs] [Times: user=0.01 sys=0.00, real=0.00 secs] 
130.254: Total time for which application threads were stopped: 0.0005750 seconds, Stopping threads took: 0.0000580 seconds
130.283: Application time: 0.0297210 seconds
130.284: [GC [PSYoungGen: 7646K->976K(7680K)] 20627K->13996K(25088K), 0.0004230 secs] [Times: user=0.00 sys=0.00, real=0.00 secs] 
130.284: Total time for which application threads were stopped: 0.0005170 seconds, Stopping threads took: 0.0000460 seconds
130.313: Application time: 0.0293920 seconds
130.313: [GC [PSYoungGen: 7630K->992K(7680K)] 20651K->14020K(25088K), 0.0004420 secs] [Times: user=0.00 sys=0.00, real=0.00 secs] 
130.314: Total time for which application threads were stopped: 0.0005500 seconds, Stopping threads took: 0.0000450 seconds
130.342: Application time: 0.0277050 seconds
130.342: [GC [PSYoungGen: 7646K->992K(7680K)] 20674K->14188K(25088K), 0.0005150 secs] [Times: user=0.00 sys=0.00, real=0.00 secs] 
130.342: Total time for which application threads were stopped: 0.0006260 seconds, Stopping threads took: 0.0000590 seconds
130.372: Application time: 0.0293930 seconds
130.372: [GC [PSYoungGen: 7646K->976K(7680K)] 20843K->14172K(25088K), 0.0004560 secs] [Times: user=0.01 sys=0.00, real=0.00 secs] 
130.372: Total time for which application threads were stopped: 0.0005600 seconds, Stopping threads took: 0.0000530 seconds
130.402: Application time: 0.0293230 seconds
130.402: [GC [PSYoungGen: 7630K->896K(7680K)] 20827K->14156K(25088K), 0.0004540 secs] [Times: user=0.00 sys=0.00, real=0.00 secs] 
130.402: Total time for which application threads were stopped: 0.0005600 seconds, Stopping threads took: 0.0000530 seconds
130.432: Application time: 0.0298480 seconds
130.432: [GC [PSYoungGen: 7550K->912K(7680K)] 20811K->14172K(25088K), 0.0004790 secs] [Times: user=0.00 sys=0.00, real=0.00 secs] 
130.433: Total time for which application threads were stopped: 0.0005790 seconds, Stopping threads took: 0.0000530 seconds
130.462: Application time: 0.0295750 seconds
130.463: [GC [PSYoungGen: 7564K->928K(7680K)] 20825K->14249K(25088K), 0.0004670 secs] [Times: user=0.00 sys=0.00, real=0.00 secs] 
130.463: Total time for which application threads were stopped: 0.0013440 seconds, Stopping threads took: 0.0008210 seconds
130.493: Application time: 0.0295160 seconds
130.493: [GC [PSYoungGen: 7582K->896K(7680K)] 20904K->14345K(25088K), 0.0004370 secs] [Times: user=0.00 sys=0.00, real=0.00 secs] 
130.494: Total time for which application threads were stopped: 0.0005470 seconds, Stopping threads took: 0.0000610 seconds
130.522: Application time: 0.0286080 seconds
130.522: [GC [PSYoungGen: 7549K->960K(7680K)] 20998K->14409K(25088K), 0.0004190 secs] [Times: user=0.00 sys=0.00, real=0.00 secs] 
130.523: Total time for which application threads were stopped: 0.0005150 seconds, Stopping threads took: 0.0000480 seconds
130.550: Application time: 0.0269770 seconds
130.550: [GC [PSYoungGen: 7615K->960K(7680K)] 21065K->14601K(25088K), 0.0004670 secs] [Times: user=0.00 sys=0.00, real=0.00 secs] 
130.550: Total time for which application threads were stopped: 0.0005770 seconds, Stopping threads took: 0.0000550 seconds
130.580: Application time: 0.0296850 seconds
130.580: [GC [PSYoungGen: 7614K->960K(7680K)] 21256K->14601K(25088K), 0.0004400 secs] [Times: user=0.01 sys=0.00, real=0.00 secs] 
130.580: Total time for which application threads were stopped: 0.0005690 seconds, Stopping threads took: 0.0000820 seconds
130.611: Application time: 0.0302190 seconds
130.611: [GC [PSYoungGen: 7614K->928K(7680K)] 21255K->14665K(25088K), 0.0004190 secs] [Times: user=0.00 sys=0.00, real=0.01 secs] 
130.611: Total time for which application threads were stopped: 0.0005170 seconds, Stopping threads took: 0.0000450 seconds
130.642: Application time: 0.0303820 seconds
130.642: [GC [PSYoungGen: 7580K->896K(7680K)] 21317K->14633K(25088K), 0.0003710 secs] [Times: user=0.00 sys=0.00, real=0.00 secs] 
130.642: Total time for which application threads were stopped: 0.0004720 seconds, Stopping threads took: 0.0000530 seconds
130.672: Application time: 0.0298830 seconds
130.672: [GC [PSYoungGen: 7550K->608K(7680K)] 21288K->14553K(25088K), 0.0004630 secs] [Times: user=0.00 sys=0.00, real=0.00 secs] 
130.672: Total time for which application threads were stopped: 0.0005580 seconds, Stopping threads took: 0.0000480 seconds
130.702: Application time: 0.0296780 seconds
130.702: [GC [PSYoungGen: 7262K->704K(7680K)] 21208K->14649K(25088K), 0.0003500 secs] [Times: user=0.00 sys=0.00, real=0.00 secs] 
130.703: Total time for which application threads were stopped: 0.0004540 seconds, Stopping threads took: 0.0000560 seconds
130.732: Application time: 0.0298300 seconds
130.733: [GC [PSYoungGen: 7358K->704K(7680K)] 21304K->14649K(25088K), 0.0003580 secs] [Times: user=0.00 sys=0.00, real=0.00 secs] 
130.733: Total time for which application threads were stopped: 0.0004530 seconds, Stopping threads took: 0.0000380 seconds
130.763: Application time: 0.0301190 seconds
130.763: [GC [PSYoungGen: 7358K->704K(7680K)] 21304K->14649K(25088K), 0.0004030 secs] [Times: user=0.00 sys=0.00, real=0.00 secs] 
130.764: Total time for which application threads were stopped: 0.0005200 seconds, Stopping threads took: 0.0000630 seconds
130.793: Application time: 0.0299340 seconds
130.794: [GC [PSYoungGen: 7356K->512K(7680K)] 21301K->14678K(25088K), 0.0004480 secs] [Times: user=0.00 sys=0.00, real=0.00 secs] 
130.794: Total time for which application threads were stopped: 0.0005400 seconds, Stopping threads took: 0.0000450 seconds
130.825: Application time: 0.0309830 seconds
130.825: [GC [PSYoungGen: 7164K->544K(7680K)] 21330K->14710K(25088K), 0.0003640 secs] [Times: user=0.00 sys=0.00, real=0.00 secs] 
130.825: Total time for which application threads were stopped: 0.0004700 seconds, Stopping threads took: 0.0000530 seconds
130.856: Application time: 0.0302280 seconds
130.856: [GC [PSYoungGen: 7198K->544K(7680K)] 21364K->14710K(25088K), 0.0003450 secs] [Times: user=0.00 sys=0.00, real=0.00 secs] 
130.856: Total time for which application threads were stopped: 0.0004470 seconds, Stopping threads took: 0.0000520 seconds
130.886: Application time: 0.0300420 seconds
130.886: [GC [PSYoungGen: 7198K->480K(7680K)] 21364K->14646K(25088K), 0.0003720 secs] [Times: user=0.00 sys=0.00, real=0.00 secs] 
130.887: Total time for which application threads were stopped: 0.0004570 seconds, Stopping threads took: 0.0000320 seconds
130.916: Application time: 0.0297090 seconds
130.916: [GC [PSYoungGen: 7134K->512K(7680K)] 21300K->14678K(25088K), 0.0004180 secs] [Times: user=0.00 sys=0.00, real=0.00 secs] 
130.917: Total time for which application threads were stopped: 0.0005000 seconds, Stopping threads took: 0.0000330 seconds
130.947: Application time: 0.0300140 seconds
130.947: [GC [PSYoungGen: 7166K->480K(7680K)] 21332K->14646K(25088K), 0.0003250 secs] [Times: user=0.00 sys=0.00, real=0.00 secs] 
130.947: Total time for which application threads were stopped: 0.0004200 seconds, Stopping threads took: 0.0000480 seconds
130.977: Application time: 0.0299110 seconds
130.977: [GC [PSYoungGen: 7132K->544K(7680K)] 21298K->14710K(25088K), 0.0003550 secs] [Times: user=0.00 sys=0.00, real=0.00 secs] 
130.978: Total time for which application threads were stopped: 0.0004400 seconds, Stopping threads took: 0.0000370 seconds
131.007: Application time: 0.0296740 seconds
131.007: [GC [PSYoungGen: 7198K->0K(7680K)] 21364K->14578K(25088K), 0.0003680 secs] [Times: user=0.00 sys=0.00, real=0.00 secs] 
131.008: Total time for which application threads were stopped: 0.0004590 seconds, Stopping threads took: 0.0000410 seconds
131.029: Application time: 0.0212920 seconds
131.029: [GC [PSYoungGen: 6654K->288K(7680K)] 21232K->14866K(25088K), 0.0003610 secs] [Times: user=0.00 sys=0.00, real=0.00 secs] 
131.030: Total time for which application threads were stopped: 0.0004660 seconds, Stopping threads took: 0.0000510 seconds
131.051: Application time: 0.0212790 seconds
131.051: [GC [PSYoungGen: 6941K->352K(7680K)] 21519K->14930K(25088K), 0.0003110 secs] [Times: user=0.00 sys=0.00, real=0.01 secs] 
131.051: Total time for which application threads were stopped: 0.0004090 seconds, Stopping threads took: 0.0000490 seconds
131.077: Application time: 0.0260800 seconds
131.077: [GC [PSYoungGen: 7004K->384K(7680K)] 21582K->14962K(25088K), 0.0003160 secs] [Times: user=0.00 sys=0.00, real=0.00 secs] 
131.078: Total time for which application threads were stopped: 0.0004210 seconds, Stopping threads took: 0.0000590 seconds
131.102: Application time: 0.0242910 seconds
131.102: [GC [PSYoungGen: 7038K->480K(7680K)] 21616K->15058K(25088K), 0.0004160 secs] [Times: user=0.00 sys=0.00, real=0.00 secs] 
131.103: Total time for which application threads were stopped: 0.0005170 seconds, Stopping threads took: 0.0000480 seconds
131.123: Application time: 0.0199410 seconds
131.123: [GC [PSYoungGen: 7134K->512K(7680K)] 21713K->15090K(25088K), 0.0003490 secs] [Times: user=0.00 sys=0.00, real=0.00 secs] 
131.123: Total time for which application threads were stopped: 0.0004500 seconds, Stopping threads took: 0.0000520 seconds
131.146: Application time: 0.0231330 seconds
131.146: [GC [PSYoungGen: 7163K->544K(7680K)] 21742K->15122K(25088K), 0.0003350 secs] [Times: user=0.00 sys=0.00, real=0.00 secs] 
131.147: Total time for which application threads were stopped: 0.0004330 seconds, Stopping threads took: 0.0000440 seconds
131.176: Application time: 0.0292350 seconds
131.176: [GC [PSYoungGen: 7196K->608K(7680K)] 21774K->15186K(25088K), 0.0004140 secs] [Times: user=0.00 sys=0.00, real=0.00 secs] 
131.176: Total time for which application threads were stopped: 0.0005210 seconds, Stopping threads took: 0.0000560 seconds
131.204: Application time: 0.0281740 seconds
131.205: [GC [PSYoungGen: 7260K->512K(7680K)] 21838K->15090K(25088K), 0.0003340 secs] [Times: user=0.00 sys=0.00, real=0.00 secs] 
131.205: Total time for which application threads were stopped: 0.0004450 seconds, Stopping threads took: 0.0000620 seconds
131.235: Application time: 0.0296140 seconds
131.235: [GC [PSYoungGen: 7164K->480K(7680K)] 21742K->15058K(25088K), 0.0003650 secs] [Times: user=0.00 sys=0.00, real=0.00 secs] 
131.235: Total time for which application threads were stopped: 0.0004640 seconds, Stopping threads took: 0.0000450 seconds
131.264: Application time: 0.0294620 seconds
131.265: [GC [PSYoungGen: 7134K->640K(7680K)] 21713K->15218K(25088K), 0.0003410 secs] [Times: user=0.00 sys=0.00, real=0.00 secs] 
131.265: Total time for which application threads were stopped: 0.0004430 seconds, Stopping threads took: 0.0000530 seconds
131.293: Application time: 0.0276510 seconds
131.293: [GC [PSYoungGen: 7294K->704K(7680K)] 21873K->15282K(25088K), 0.0004220 secs] [Times: user=0.00 sys=0.00, real=0.00 secs] 
131.293: Total time for which application threads were stopped: 0.0005140 seconds, Stopping threads took: 0.0000430 seconds
131.314: Application time: 0.0207070 seconds
131.314: [GC [PSYoungGen: 7358K->864K(7680K)] 21937K->15442K(25088K), 0.0003790 secs] [Times: user=0.00 sys=0.00, real=0.00 secs] 
131.314: Total time for which application threads were stopped: 0.0004780 seconds, Stopping threads took: 0.0000480 seconds
131.331: Application time: 0.0166720 seconds
131.331: [GC [PSYoungGen: 7519K->928K(7680K)] 22098K->15506K(25088K), 0.0004610 secs] [Times: user=0.00 sys=0.00, real=0.01 secs] 
131.331: Total time for which application threads were stopped: 0.0005490 seconds, Stopping threads took: 0.0000370 seconds
131.352: Application time: 0.0203350 seconds
131.352: [GC [PSYoungGen: 7582K->992K(7680K)] 22161K->15570K(25088K), 0.0004260 secs] [Times: user=0.01 sys=0.00, real=0.00 secs] 
131.352: Total time for which application threads were stopped: 0.0005530 seconds, Stopping threads took: 0.0000680 seconds
131.375: Application time: 0.0231330 seconds
131.376: [GC [PSYoungGen: 7646K->928K(7680K)] 22224K->15506K(25088K), 0.0004110 secs] [Times: user=0.00 sys=0.00, real=0.00 secs] 
131.376: Total time for which application threads were stopped: 0.0005100 seconds, Stopping threads took: 0.0000450 seconds
131.404: Application time: 0.0276760 seconds
131.404: [GC [PSYoungGen: 7580K->992K(7680K)] 22159K->15578K(25088K), 0.0004160 secs] [Times: user=0.00 sys=0.00, real=0.00 secs] 
131.404: Total time for which application threads were stopped: 0.0005130 seconds, Stopping threads took: 0.0000480 seconds
131.433: Application time: 0.0287730 seconds
131.433: [GC [PSYoungGen: 7647K->720K(7680K)] 22233K->15306K(25088K), 0.0004530 secs] [Times: user=0.01 sys=0.00, real=0.00 secs] 
131.434: Total time for which application threads were stopped: 0.0005550 seconds, Stopping threads took: 0.0000510 seconds
131.461: Application time: 0.0274610 seconds
131.461: [GC [PSYoungGen: 7374K->944K(7680K)] 21961K->15530K(25088K), 0.0004470 secs] [Times: user=0.01 sys=0.00, real=0.00 secs] 
131.462: Total time for which application threads were stopped: 0.0005650 seconds, Stopping threads took: 0.0000570 seconds
131.490: Application time: 0.0281840 seconds
131.490: [GC [PSYoungGen: 7596K->992K(7680K)] 22183K->15578K(25088K), 0.0004830 secs] [Times: user=0.00 sys=0.00, real=0.00 secs] 
131.490: Total time for which application threads were stopped: 0.0005820 seconds, Stopping threads took: 0.0000490 seconds
131.518: Application time: 0.0275470 seconds
131.518: [GC [PSYoungGen: 7646K->992K(7680K)] 22233K->15738K(25088K), 0.0004190 secs] [Times: user=0.01 sys=0.00, real=0.00 secs] 
131.518: Total time for which application threads were stopped: 0.0005100 seconds, Stopping threads took: 0.0000430 seconds
131.537: Application time: 0.0190520 seconds
131.538: [GC [PSYoungGen: 7645K->992K(7680K)] 22391K->15962K(25088K), 0.0004780 secs] [Times: user=0.00 sys=0.00, real=0.00 secs] 
131.538: Total time for which application threads were stopped: 0.0005850 seconds, Stopping threads took: 0.0000520 seconds
131.559: Application time: 0.0213330 seconds
131.559: [GC [PSYoungGen: 7647K->992K(7680K)] 22618K->15970K(25088K), 0.0004710 secs] [Times: user=0.00 sys=0.00, real=0.00 secs] 
131.560: Total time for which application threads were stopped: 0.0005720 seconds, Stopping threads took: 0.0000510 seconds
131.587: Application time: 0.0272140 seconds
131.587: [GC [PSYoungGen: 7644K->960K(7680K)] 22622K->16202K(25088K), 0.0005150 secs] [Times: user=0.00 sys=0.00, real=0.00 secs] 
131.588: Total time for which application threads were stopped: 0.0006110 seconds, Stopping threads took: 0.0000480 seconds
131.616: Application time: 0.0278420 seconds
131.616: [GC [PSYoungGen: 7612K->992K(7680K)] 22855K->16346K(25088K), 0.0005150 secs] [Times: user=0.00 sys=0.00, real=0.00 secs] 
131.616: Total time for which application threads were stopped: 0.0006070 seconds, Stopping threads took: 0.0000420 seconds
131.636: Application time: 0.0198760 seconds
131.639: [GC [PSYoungGen: 7644K->1008K(7680K)] 22999K->16490K(25088K), 0.0004590 secs] [Times: user=0.00 sys=0.00, real=0.00 secs] 
131.640: Total time for which application threads were stopped: 0.0035270 seconds, Stopping threads took: 0.0030150 seconds
131.665: Application time: 0.0250050 seconds
131.665: [GC [PSYoungGen: 7659K->928K(7680K)] 23142K->16410K(25088K), 0.0004520 secs] [Times: user=0.00 sys=0.00, real=0.00 secs] 
131.665: Total time for which application threads were stopped: 0.0005550 seconds, Stopping threads took: 0.0000520 seconds
131.689: Application time: 0.0242540 seconds
131.690: [GC [PSYoungGen: 7582K->992K(7680K)] 23064K->16610K(25088K), 0.0004420 secs] [Times: user=0.00 sys=0.00, real=0.00 secs] 
131.690: Total time for which application threads were stopped: 0.0005420 seconds, Stopping threads took: 0.0000470 seconds
131.719: Application time: 0.0292060 seconds
131.719: [GC [PSYoungGen: 7646K->960K(7680K)] 23265K->16626K(25088K), 0.0004380 secs] [Times: user=0.01 sys=0.00, real=0.00 secs] 
131.720: Total time for which application threads were stopped: 0.0005360 seconds, Stopping threads took: 0.0000480 seconds
131.746: Application time: 0.0264640 seconds
131.746: [GC [PSYoungGen: 7613K->992K(7680K)] 23280K->16752K(25088K), 0.0004460 secs] [Times: user=0.00 sys=0.00, real=0.00 secs] 
131.747: Total time for which application threads were stopped: 0.0005590 seconds, Stopping threads took: 0.0000560 seconds
131.775: Application time: 0.0280380 seconds
131.775: [GC [PSYoungGen: 7646K->976K(7680K)] 23406K->16864K(25088K), 0.0004870 secs] [Times: user=0.00 sys=0.00, real=0.00 secs] 
131.775: Total time for which application threads were stopped: 0.0006080 seconds, Stopping threads took: 0.0000590 seconds
131.805: Application time: 0.0294430 seconds
131.805: [GC [PSYoungGen: 7630K->848K(7680K)] 23519K->16784K(25088K), 0.0005390 secs] [Times: user=0.00 sys=0.00, real=0.00 secs] 
131.806: Total time for which application threads were stopped: 0.0016140 seconds, Stopping threads took: 0.0000510 seconds
131.836: Application time: 0.0293780 seconds
131.836: [GC [PSYoungGen: 7502K->960K(7680K)] 23439K->16904K(25088K), 0.0004320 secs] [Times: user=0.00 sys=0.00, real=0.00 secs] 
131.836: Total time for which application threads were stopped: 0.0005340 seconds, Stopping threads took: 0.0000480 seconds
131.862: Application time: 0.0253810 seconds
131.862: [GC [PSYoungGen: 7612K->992K(7680K)] 23556K->17072K(25088K), 0.0004050 secs] [Times: user=0.00 sys=0.00, real=0.00 secs] 
131.862: Total time for which application threads were stopped: 0.0005040 seconds, Stopping threads took: 0.0000500 seconds
131.878: Application time: 0.0158160 seconds
131.878: [GC [PSYoungGen: 7648K->992K(7680K)] 23728K->17304K(25088K), 0.0004350 secs] [Times: user=0.00 sys=0.00, real=0.00 secs] 
131.879: Total time for which application threads were stopped: 0.0005200 seconds, Stopping threads took: 0.0000380 seconds
131.895: Application time: 0.0165490 seconds
131.895: [GC [PSYoungGen: 7646K->976K(7680K)] 23958K->17312K(25088K), 0.0004350 secs] [Times: user=0.01 sys=0.00, real=0.00 secs] 
131.896: Total time for which application threads were stopped: 0.0005440 seconds, Stopping threads took: 0.0000550 seconds
131.916: Application time: 0.0198420 seconds
131.916: [GC [PSYoungGen: 7628K->992K(7680K)] 23965K->17429K(25088K), 0.0004580 secs] [Times: user=0.01 sys=0.00, real=0.00 secs] 
131.916: Total time for which application threads were stopped: 0.0005650 seconds, Stopping threads took: 0.0000540 seconds
131.945: Application time: 0.0286370 seconds
131.945: [GC [PSYoungGen: 7646K->960K(7680K)] 24083K->17397K(25088K), 0.0004250 secs] [Times: user=0.00 sys=0.00, real=0.00 secs] 
131.945: Total time for which application threads were stopped: 0.0005290 seconds, Stopping threads took: 0.0000570 seconds
131.972: Application time: 0.0263650 seconds
131.975: [GC [PSYoungGen: 7613K->960K(7680K)] 24050K->17525K(25088K), 0.0004730 secs] [Times: user=0.00 sys=0.00, real=0.00 secs] 
131.976: Total time for which application threads were stopped: 0.0039890 seconds, Stopping threads took: 0.0034640 seconds
132.004: Application time: 0.0284520 seconds
132.004: [GC [PSYoungGen: 7614K->960K(7680K)] 24179K->17525K(25088K), 0.0004970 secs] [Times: user=0.00 sys=0.00, real=0.00 secs] 
132.005: Total time for which application threads were stopped: 0.0005950 seconds, Stopping threads took: 0.0000490 seconds
132.034: Application time: 0.0294350 seconds
132.034: [GC [PSYoungGen: 7614K->976K(7680K)] 24179K->17541K(25088K), 0.0004360 secs] [Times: user=0.01 sys=0.00, real=0.00 secs] 
132.035: Total time for which application threads were stopped: 0.0005410 seconds, Stopping threads took: 0.0000530 seconds
132.065: Application time: 0.0302110 seconds
132.065: [GC [PSYoungGen: 7628K->896K(7680K)] 24193K->17461K(25088K), 0.0004040 secs] [Times: user=0.00 sys=0.00, real=0.00 secs] 
132.065: Total time for which application threads were stopped: 0.0005060 seconds, Stopping threads took: 0.0000510 seconds
132.093: Application time: 0.0277670 seconds
132.093: [GC [PSYoungGen: 7549K->960K(7680K)] 24114K->17573K(25088K), 0.0004870 secs] [Times: user=0.01 sys=0.00, real=0.00 secs] 
132.094: Total time for which application threads were stopped: 0.0005870 seconds, Stopping threads took: 0.0000520 seconds
132.124: Application time: 0.0297760 seconds
132.124: [GC [PSYoungGen: 7614K->928K(7680K)] 24227K->17541K(25088K), 0.0004510 secs] [Times: user=0.00 sys=0.00, real=0.00 secs] 
132.124: Total time for which application threads were stopped: 0.0005680 seconds, Stopping threads took: 0.0000670 seconds
132.154: Application time: 0.0297300 seconds
132.154: [GC [PSYoungGen: 7582K->880K(7680K)] 24195K->17565K(25088K), 0.0003960 secs] [Times: user=0.00 sys=0.00, real=0.00 secs] 
132.154: Total time for which application threads were stopped: 0.0005110 seconds, Stopping threads took: 0.0000600 seconds
132.184: Application time: 0.0295200 seconds
132.184: [GC [PSYoungGen: 7534K->768K(7680K)] 24219K->17549K(25088K), 0.0004140 secs] [Times: user=0.00 sys=0.00, real=0.00 secs] 
132.184: Total time for which application threads were stopped: 0.0005320 seconds, Stopping threads took: 0.0000530 seconds
132.214: Application time: 0.0297130 seconds
132.214: [GC [PSYoungGen: 7420K->832K(7680K)] 24201K->17613K(25088K), 0.0004500 secs] [Times: user=0.00 sys=0.00, real=0.00 secs] 
132.215: Total time for which application threads were stopped: 0.0005580 seconds, Stopping threads took: 0.0000530 seconds
132.244: Application time: 0.0294970 seconds
132.244: [GC [PSYoungGen: 7486K->816K(7680K)] 24267K->17597K(25088K), 0.0003950 secs] [Times: user=0.00 sys=0.00, real=0.00 secs] 
132.245: Total time for which application threads were stopped: 0.0005040 seconds, Stopping threads took: 0.0000560 seconds
132.274: Application time: 0.0295900 seconds
132.274: [GC [PSYoungGen: 7470K->848K(7680K)] 24251K->17629K(25088K), 0.0003710 secs] [Times: user=0.00 sys=0.00, real=0.00 secs] 
132.275: Total time for which application threads were stopped: 0.0004750 seconds, Stopping threads took: 0.0000470 seconds
132.303: Application time: 0.0280990 seconds
132.303: [GC [PSYoungGen: 7502K->800K(7680K)] 24283K->17637K(25088K), 0.0004100 secs] [Times: user=0.00 sys=0.00, real=0.00 secs] 
132.303: Total time for which application threads were stopped: 0.0005140 seconds, Stopping threads took: 0.0000540 seconds
132.332: Application time: 0.0289460 seconds
132.332: [GC [PSYoungGen: 7452K->768K(7680K)] 24289K->17605K(25088K), 0.0004450 secs] [Times: user=0.00 sys=0.00, real=0.00 secs] 
132.333: Total time for which application threads were stopped: 0.0005580 seconds, Stopping threads took: 0.0000580 seconds
132.363: Application time: 0.0302960 seconds
132.363: [GC [PSYoungGen: 7422K->768K(7680K)] 24259K->17653K(25088K), 0.0004080 secs] [Times: user=0.01 sys=0.00, real=0.00 secs] 
132.364: Total time for which application threads were stopped: 0.0005240 seconds, Stopping threads took: 0.0000650 seconds
132.394: Application time: 0.0303250 seconds
132.394: [GC [PSYoungGen: 7422K->768K(7680K)] 24307K->17653K(25088K), 0.0003760 secs] [Times: user=0.00 sys=0.00, real=0.00 secs] 
132.394: Total time for which application threads were stopped: 0.0004640 seconds, Stopping threads took: 0.0000370 seconds
132.424: Application time: 0.0298230 seconds
132.424: [GC [PSYoungGen: 7422K->704K(7680K)] 24307K->17681K(25088K), 0.0003850 secs] [Times: user=0.00 sys=0.00, real=0.00 secs] 
132.425: Total time for which application threads were stopped: 0.0004850 seconds, Stopping threads took: 0.0000520 seconds
132.455: Application time: 0.0299870 seconds
132.455: [GC [PSYoungGen: 7358K->672K(7680K)] 24336K->17649K(25088K), 0.0003730 secs] [Times: user=0.01 sys=0.00, real=0.00 secs] 
132.455: Total time for which application threads were stopped: 0.0004740 seconds, Stopping threads took: 0.0000530 seconds
132.485: Application time: 0.0299390 seconds
132.485: [GC [PSYoungGen: 7326K->704K(7680K)] 24304K->17681K(25088K), 0.0003750 secs] [Times: user=0.01 sys=0.00, real=0.00 secs] 
132.486: Total time for which application threads were stopped: 0.0004780 seconds, Stopping threads took: 0.0000530 seconds
132.516: Application time: 0.0299050 seconds
132.516: [GC [PSYoungGen: 7358K->672K(7680K)] 24336K->17649K(25088K), 0.0004190 secs] [Times: user=0.00 sys=0.00, real=0.00 secs] 
132.516: Total time for which application threads were stopped: 0.0005140 seconds, Stopping threads took: 0.0000480 seconds
132.546: Application time: 0.0300810 seconds
132.546: [GC [PSYoungGen: 7326K->544K(7680K)] 24304K->17742K(25088K), 0.0003750 secs] [Times: user=0.00 sys=0.00, real=0.00 secs] 
132.547: Total time for which application threads were stopped: 0.0004760 seconds, Stopping threads took: 0.0000510 seconds
132.576: Application time: 0.0297880 seconds
132.577: [GC [PSYoungGen: 7198K->512K(7680K)] 24396K->17710K(25088K), 0.0003940 secs] [Times: user=0.00 sys=0.00, real=0.00 secs] 
132.577: Total time for which application threads were stopped: 0.0005040 seconds, Stopping threads took: 0.0000610 seconds
132.607: Application time: 0.0298440 seconds
132.607: [GC [PSYoungGen: 7166K->512K(7680K)] 24364K->17710K(25088K), 0.0004070 secs] [Times: user=0.00 sys=0.00, real=0.00 secs] 
132.607: Total time for which application threads were stopped: 0.0005130 seconds, Stopping threads took: 0.0000560 seconds
132.637: Application time: 0.0300140 seconds
132.637: [GC [PSYoungGen: 7166K->480K(7680K)] 24364K->17678K(25088K), 0.0003660 secs] [Times: user=0.00 sys=0.00, real=0.00 secs] 
132.638: Total time for which application threads were stopped: 0.0004780 seconds, Stopping threads took: 0.0000590 seconds
132.667: Application time: 0.0297220 seconds
132.671: [GC [PSYoungGen: 7134K->512K(7680K)] 24332K->17710K(25088K), 0.0003250 secs] [Times: user=0.00 sys=0.00, real=0.00 secs] 
132.671: Total time for which application threads were stopped: 0.0039810 seconds, Stopping threads took: 0.0036030 seconds
132.701: Application time: 0.0298360 seconds
132.703: [GC [PSYoungGen: 7166K->544K(7680K)] 24364K->17742K(25088K), 0.0003640 secs] [Times: user=0.00 sys=0.00, real=0.00 secs] 
132.704: Total time for which application threads were stopped: 0.0022360 seconds, Stopping threads took: 0.0018230 seconds
132.733: Application time: 0.0297510 seconds
132.733: [GC [PSYoungGen: 7198K->544K(7680K)] 24396K->17742K(25088K), 0.0003470 secs] [Times: user=0.00 sys=0.00, real=0.00 secs] 
132.734: Total time for which application threads were stopped: 0.0004340 seconds, Stopping threads took: 0.0000390 seconds
132.764: Application time: 0.0300170 seconds
132.764: [GC [PSYoungGen: 7198K->512K(7680K)] 24396K->17718K(25088K), 0.0003990 secs] [Times: user=0.00 sys=0.00, real=0.00 secs] 
132.764: Total time for which application threads were stopped: 0.0005180 seconds, Stopping threads took: 0.0000600 seconds
132.794: Application time: 0.0296730 seconds
132.794: [GC-- [PSYoungGen: 7166K->7166K(7680K)] 24372K->24518K(25088K), 0.0004050 secs] [Times: user=0.01 sys=0.00, real=0.00 secs] 
132.794: [Full GC [PSYoungGen: 7166K->0K(7680K)] [ParOldGen: 17351K->3297K(17408K)] 24518K->3297K(25088K) [PSPermGen: 5546K->5546K(21504K)], 0.0046120 secs] [Times: user=0.01 sys=0.00, real=0.01 secs] 
132.799: Total time for which application threads were stopped: 0.0051830 seconds, Stopping threads took: 0.0000550 seconds
132.819: Application time: 0.0199330 seconds
132.819: [GC [PSYoungGen: 6652K->384K(7680K)] 9950K->3681K(25088K), 0.0003670 secs] [Times: user=0.00 sys=0.00, real=0.00 secs] 
132.820: Total time for which application threads were stopped: 0.0004830 seconds, Stopping threads took: 0.0000610 seconds
132.841: Application time: 0.0213160 seconds
132.841: [GC [PSYoungGen: 7037K->352K(7680K)] 10335K->3649K(25088K), 0.0003190 secs] [Times: user=0.00 sys=0.00, real=0.00 secs] 
132.841: Total time for which application threads were stopped: 0.0004030 seconds, Stopping threads took: 0.0000340 seconds
132.870: Application time: 0.0287170 seconds
132.870: [GC [PSYoungGen: 7004K->384K(7680K)] 10302K->3681K(25088K), 0.0003300 secs] [Times: user=0.00 sys=0.00, real=0.00 secs] 
132.870: Total time for which application threads were stopped: 0.0004260 seconds, Stopping threads took: 0.0000420 seconds
132.893: Application time: 0.0226540 seconds
132.893: [GC [PSYoungGen: 7036K->544K(7680K)] 10333K->3841K(25088K), 0.0003270 secs] [Times: user=0.00 sys=0.00, real=0.00 secs] 
132.894: Total time for which application threads were stopped: 0.0004420 seconds, Stopping threads took: 0.0000640 seconds
132.914: Application time: 0.0207140 seconds
132.914: [GC [PSYoungGen: 7198K->544K(7680K)] 10495K->3841K(25088K), 0.0003190 secs] [Times: user=0.01 sys=0.00, real=0.00 secs] 
132.915: Total time for which application threads were stopped: 0.0004220 seconds, Stopping threads took: 0.0000550 seconds
132.939: Application time: 0.0242540 seconds
132.939: [GC [PSYoungGen: 7198K->544K(7680K)] 10495K->3841K(25088K), 0.0003400 secs] [Times: user=0.00 sys=0.00, real=0.01 secs] 
132.939: Total time for which application threads were stopped: 0.0004430 seconds, Stopping threads took: 0.0000530 seconds
132.969: Application time: 0.0293190 seconds
132.969: [GC [PSYoungGen: 7198K->512K(7680K)] 10496K->3809K(25088K), 0.0003580 secs] [Times: user=0.00 sys=0.00, real=0.00 secs] 
132.969: Total time for which application threads were stopped: 0.0004420 seconds, Stopping threads took: 0.0000370 seconds
132.997: Application time: 0.0282030 seconds
132.997: [GC [PSYoungGen: 7166K->576K(7680K)] 10463K->3873K(25088K), 0.0003250 secs] [Times: user=0.00 sys=0.00, real=0.00 secs] 
132.998: Total time for which application threads were stopped: 0.0004220 seconds, Stopping threads took: 0.0000450 seconds
133.027: Application time: 0.0294680 seconds
133.027: [GC [PSYoungGen: 7230K->448K(7680K)] 10528K->3745K(25088K), 0.0003740 secs] [Times: user=0.00 sys=0.00, real=0.00 secs] 
133.028: Total time for which application threads were stopped: 0.0004740 seconds, Stopping threads took: 0.0000530 seconds
133.056: Application time: 0.0280300 seconds
133.056: [GC [PSYoungGen: 7102K->704K(7680K)] 10400K->4001K(25088K), 0.0003750 secs] [Times: user=0.00 sys=0.00, real=0.00 secs] 
133.056: Total time for which application threads were stopped: 0.0004810 seconds, Stopping threads took: 0.0000550 seconds
133.075: Application time: 0.0190490 seconds
133.075: [GC [PSYoungGen: 7357K->960K(7680K)] 10655K->4257K(25088K), 0.0004570 secs] [Times: user=0.00 sys=0.00, real=0.00 secs] 
133.076: Total time for which application threads were stopped: 0.0005630 seconds, Stopping threads took: 0.0000560 seconds
133.092: Application time: 0.0165220 seconds
133.092: [GC [PSYoungGen: 7612K->864K(7680K)] 10910K->4161K(25088K), 0.0004800 secs] [Times: user=0.00 sys=0.00, real=0.00 secs] 
133.093: Total time for which application threads were stopped: 0.0005730 seconds, Stopping threads took: 0.0000420 seconds
133.111: Application time: 0.0185000 seconds
133.112: [GC [PSYoungGen: 7516K->928K(7680K)] 10814K->4225K(25088K), 0.0004280 secs] [Times: user=0.00 sys=0.00, real=0.00 secs] 
133.112: Total time for which application threads were stopped: 0.0005360 seconds, Stopping threads took: 0.0000590 seconds
133.138: Application time: 0.0258720 seconds
133.138: [GC [PSYoungGen: 7580K->960K(7680K)] 10877K->4257K(25088K), 0.0004020 secs] [Times: user=0.00 sys=0.00, real=0.00 secs] 
133.138: Total time for which application threads were stopped: 0.0005060 seconds, Stopping threads took: 0.0000520 seconds
133.167: Application time: 0.0291470 seconds
133.168: [GC [PSYoungGen: 7614K->928K(7680K)] 10912K->4225K(25088K), 0.0004140 secs] [Times: user=0.00 sys=0.00, real=0.00 secs] 
133.168: Total time for which application threads were stopped: 0.0005480 seconds, Stopping threads took: 0.0000820 seconds
133.195: Application time: 0.0273600 seconds
133.199: [GC [PSYoungGen: 7582K->992K(7680K)] 10880K->4289K(25088K), 0.0004310 secs] [Times: user=0.01 sys=0.00, real=0.00 secs] 
133.200: Total time for which application threads were stopped: 0.0041960 seconds, Stopping threads took: 0.0037120 seconds
133.229: Application time: 0.0293400 seconds
133.229: [GC [PSYoungGen: 7646K->960K(7680K)] 10944K->4257K(25088K), 0.0004230 secs] [Times: user=0.00 sys=0.00, real=0.00 secs] 
133.230: Total time for which application threads were stopped: 0.0005640 seconds, Stopping threads took: 0.0000910 seconds
133.258: Application time: 0.0285010 seconds
133.258: [GC [PSYoungGen: 7612K->960K(7680K)] 10910K->4257K(25088K), 0.0004250 secs] [Times: user=0.00 sys=0.00, real=0.00 secs] 
133.259: Total time for which application threads were stopped: 0.0005230 seconds, Stopping threads took: 0.0000450 seconds
133.278: Application time: 0.0197790 seconds
133.278: [GC [PSYoungGen: 7611K->1008K(7680K)] 10909K->4457K(25088K), 0.0004670 secs] [Times: user=0.00 sys=0.00, real=0.00 secs] 
133.279: Total time for which application threads were stopped: 0.0005720 seconds, Stopping threads took: 0.0000540 seconds
133.300: Application time: 0.0215850 seconds
133.301: [GC [PSYoungGen: 7661K->1008K(7680K)] 11111K->4473K(25088K), 0.0004190 secs] [Times: user=0.01 sys=0.00, real=0.00 secs] 
133.301: Total time for which application threads were stopped: 0.0005330 seconds, Stopping threads took: 0.0000530 seconds
133.325: Application time: 0.0244660 seconds
133.327: [GC [PSYoungGen: 7660K->992K(7680K)] 11126K->4657K(25088K), 0.0005030 secs] [Times: user=0.00 sys=0.00, real=0.00 secs] 
133.328: Total time for which application threads were stopped: 0.0021990 seconds, Stopping threads took: 0.0016410 seconds
133.356: Application time: 0.0285600 seconds
133.359: [GC [PSYoungGen: 7646K->1008K(7680K)] 11312K->4726K(25088K), 0.0005290 secs] [Times: user=0.00 sys=0.00, real=0.00 secs] 
133.360: Total time for which application threads were stopped: 0.0034460 seconds, Stopping threads took: 0.0028640 seconds
133.389: Application time: 0.0289490 seconds
133.389: [GC [PSYoungGen: 7661K->1008K(7680K)] 11379K->4734K(25088K), 0.0004070 secs] [Times: user=0.00 sys=0.00, real=0.00 secs] 
133.389: Total time for which application threads were stopped: 0.0005050 seconds, Stopping threads took: 0.0000470 seconds
133.410: Application time: 0.0206220 seconds
133.410: [GC [PSYoungGen: 7660K->992K(7680K)] 11386K->4918K(25088K), 0.0004890 secs] [Times: user=0.00 sys=0.00, real=0.00 secs] 
133.410: Total time for which application threads were stopped: 0.0005860 seconds, Stopping threads took: 0.0000470 seconds
133.432: Application time: 0.0215640 seconds
133.432: [GC [PSYoungGen: 7647K->1008K(7680K)] 11573K->4950K(25088K), 0.0005160 secs] [Times: user=0.00 sys=0.00, real=0.00 secs] 
133.433: Total time for which application threads were stopped: 0.0006030 seconds, Stopping threads took: 0.0000380 seconds
133.459: Application time: 0.0265600 seconds
133.459: [GC [PSYoungGen: 7662K->1008K(7680K)] 11605K->5126K(25088K), 0.0004850 secs] [Times: user=0.01 sys=0.00, real=0.00 secs] 
133.460: Total time for which application threads were stopped: 0.0005900 seconds, Stopping threads took: 0.0000550 seconds
133.489: Application time: 0.0293870 seconds
133.489: [GC [PSYoungGen: 7660K->976K(7680K)] 11778K->5222K(25088K), 0.0004580 secs] [Times: user=0.00 sys=0.00, real=0.00 secs] 
133.490: Total time for which application threads were stopped: 0.0005530 seconds, Stopping threads took: 0.0000460 seconds
133.516: Application time: 0.0268250 seconds
133.517: [GC [PSYoungGen: 7603K->928K(7680K)] 11850K->5174K(25088K), 0.0004680 secs] [Times: user=0.01 sys=0.00, real=0.00 secs] 
133.517: Total time for which application threads were stopped: 0.0005730 seconds, Stopping threads took: 0.0000560 seconds
133.545: Application time: 0.0275800 seconds
133.545: [GC [PSYoungGen: 7583K->992K(7680K)] 11830K->5414K(25088K), 0.0004920 secs] [Times: user=0.00 sys=0.00, real=0.00 secs] 
133.545: Total time for which application threads were stopped: 0.0005960 seconds, Stopping threads took: 0.0000530 seconds
133.575: Application time: 0.0294810 seconds
133.575: [GC [PSYoungGen: 7646K->1008K(7680K)] 12069K->5430K(25088K), 0.0004530 secs] [Times: user=0.01 sys=0.00, real=0.00 secs] 
133.575: Total time for which application threads were stopped: 0.0005420 seconds, Stopping threads took: 0.0000400 seconds
133.605: Application time: 0.0295570 seconds
133.605: [GC [PSYoungGen: 7662K->976K(7680K)] 12085K->5475K(25088K), 0.0004920 secs] [Times: user=0.00 sys=0.00, real=0.00 secs] 
133.605: Total time for which application threads were stopped: 0.0005880 seconds, Stopping threads took: 0.0000460 seconds
133.635: Application time: 0.0295850 seconds
133.635: [GC [PSYoungGen: 7630K->992K(7680K)] 12130K->5491K(25088K), 0.0004270 secs] [Times: user=0.00 sys=0.00, real=0.00 secs] 
133.635: Total time for which application threads were stopped: 0.0005390 seconds, Stopping threads took: 0.0000590 seconds
133.653: Application time: 0.0172440 seconds
133.653: [GC [PSYoungGen: 7645K->992K(7680K)] 12144K->5847K(25088K), 0.0005190 secs] [Times: user=0.00 sys=0.00, real=0.00 secs] 
133.653: Total time for which application threads were stopped: 0.0006340 seconds, Stopping threads took: 0.0000630 seconds
133.670: Application time: 0.0161420 seconds
133.670: [GC [PSYoungGen: 7646K->896K(7680K)] 12502K->5967K(25088K), 0.0005000 secs] [Times: user=0.01 sys=0.00, real=0.00 secs] 
133.670: Total time for which application threads were stopped: 0.0006140 seconds, Stopping threads took: 0.0000560 seconds
133.687: Application time: 0.0169360 seconds
133.687: [GC [PSYoungGen: 7550K->1008K(7680K)] 12621K->6111K(25088K), 0.0004500 secs] [Times: user=0.00 sys=0.00, real=0.00 secs] 
133.688: Total time for which application threads were stopped: 0.0005390 seconds, Stopping threads took: 0.0000410 seconds
133.712: Application time: 0.0247320 seconds
133.712: [GC [PSYoungGen: 7661K->1008K(7680K)] 12764K->6151K(25088K), 0.0004570 secs] [Times: user=0.00 sys=0.00, real=0.00 secs] 
133.713: Total time for which application threads were stopped: 0.0005540 seconds, Stopping threads took: 0.0000500 seconds
133.742: Application time: 0.0287910 seconds
133.742: [GC [PSYoungGen: 7662K->992K(7680K)] 12805K->6167K(25088K), 0.0004670 secs] [Times: user=0.00 sys=0.00, real=0.00 secs] 
133.742: Total time for which application threads were stopped: 0.0005800 seconds, Stopping threads took: 0.0000580 seconds
133.770: Application time: 0.0273400 seconds
133.770: [GC [PSYoungGen: 7646K->960K(7680K)] 12821K->6263K(25088K), 0.0004700 secs] [Times: user=0.01 sys=0.00, real=0.00 secs] 
133.770: Total time for which application threads were stopped: 0.0005830 seconds, Stopping threads took: 0.0000530 seconds
133.800: Application time: 0.0293640 seconds
133.800: [GC [PSYoungGen: 7614K->896K(7680K)] 12918K->6239K(25088K), 0.0004250 secs] [Times: user=0.00 sys=0.00, real=0.00 secs] 
133.800: Total time for which application threads were stopped: 0.0005300 seconds, Stopping threads took: 0.0000530 seconds
133.832: Application time: 0.0323230 seconds
133.833: [GC [PSYoungGen: 7551K->992K(7680K)] 12894K->6351K(25088K), 0.0004600 secs] [Times: user=0.00 sys=0.00, real=0.00 secs] 
133.833: Total time for which application threads were stopped: 0.0005730 seconds, Stopping threads took: 0.0000530 seconds
133.862: Application time: 0.0286190 seconds
133.862: [GC [PSYoungGen: 7644K->1008K(7680K)] 13003K->6399K(25088K), 0.0004380 secs] [Times: user=0.00 sys=0.00, real=0.00 secs] 
133.862: Total time for which application threads were stopped: 0.0005570 seconds, Stopping threads took: 0.0000670 seconds
133.892: Application time: 0.0295100 seconds
133.892: [GC [PSYoungGen: 7662K->992K(7680K)] 13054K->6407K(25088K), 0.0004230 secs] [Times: user=0.01 sys=0.00, real=0.00 secs] 
133.892: Total time for which application threads were stopped: 0.0005260 seconds, Stopping threads took: 0.0000520 seconds
133.922: Application time: 0.0294570 seconds
133.922: [GC [PSYoungGen: 7646K->992K(7680K)] 13062K->6467K(25088K), 0.0003910 secs] [Times: user=0.00 sys=0.00, real=0.00 secs] 
133.922: Total time for which application threads were stopped: 0.0004950 seconds, Stopping threads took: 0.0000560 seconds
133.952: Application time: 0.0295380 seconds
133.952: [GC [PSYoungGen: 7646K->960K(7680K)] 13122K->6512K(25088K), 0.0004370 secs] [Times: user=0.00 sys=0.00, real=0.00 secs] 
133.952: Total time for which application threads were stopped: 0.0005390 seconds, Stopping threads took: 0.0000470 seconds
133.982: Application time: 0.0296340 seconds
133.982: [GC [PSYoungGen: 7614K->928K(7680K)] 13167K->6480K(25088K), 0.0004480 secs] [Times: user=0.00 sys=0.00, real=0.00 secs] 
133.982: Total time for which application threads were stopped: 0.0005500 seconds, Stopping threads took: 0.0000490 seconds
134.012: Application time: 0.0295210 seconds
134.012: [GC [PSYoungGen: 7582K->864K(7680K)] 13135K->6416K(25088K), 0.0005310 secs] [Times: user=0.00 sys=0.00, real=0.00 secs] 
134.013: Total time for which application threads were stopped: 0.0006250 seconds, Stopping threads took: 0.0000460 seconds
134.042: Application time: 0.0294760 seconds
134.042: [GC [PSYoungGen: 7518K->976K(7680K)] 13071K->6528K(25088K), 0.0003870 secs] [Times: user=0.00 sys=0.00, real=0.00 secs] 
134.043: Total time for which application threads were stopped: 0.0004880 seconds, Stopping threads took: 0.0000510 seconds
134.071: Application time: 0.0285230 seconds
134.075: [GC [PSYoungGen: 7628K->928K(7680K)] 13180K->6528K(25088K), 0.0004220 secs] [Times: user=0.00 sys=0.00, real=0.00 secs] 
134.076: Total time for which application threads were stopped: 0.0045210 seconds, Stopping threads took: 0.0040410 seconds
134.103: Application time: 0.0271360 seconds
134.103: [GC [PSYoungGen: 7583K->992K(7680K)] 13184K->6592K(25088K), 0.0004260 secs] [Times: user=0.00 sys=0.00, real=0.00 secs] 
134.103: Total time for which application threads were stopped: 0.0005250 seconds, Stopping threads took: 0.0000470 seconds
134.133: Application time: 0.0298480 seconds
134.133: [GC [PSYoungGen: 7646K->896K(7680K)] 13247K->6504K(25088K), 0.0004010 secs] [Times: user=0.00 sys=0.00, real=0.00 secs] 
134.134: Total time for which application threads were stopped: 0.0004950 seconds, Stopping threads took: 0.0000450 seconds
134.164: Application time: 0.0299100 seconds
134.164: [GC [PSYoungGen: 7550K->640K(7680K)] 13159K->6493K(25088K), 0.0004630 secs] [Times: user=0.00 sys=0.00, real=0.00 secs] 
134.164: Total time for which application threads were stopped: 0.0005620 seconds, Stopping threads took: 0.0000460 seconds
134.194: Application time: 0.0297840 seconds
134.194: [GC [PSYoungGen: 7294K->736K(7680K)] 13147K->6589K(25088K), 0.0003450 secs] [Times: user=0.00 sys=0.00, real=0.00 secs] 
134.194: Total time for which application threads were stopped: 0.0004470 seconds, Stopping threads took: 0.0000550 seconds
134.224: Application time: 0.0298650 seconds
134.224: [GC [PSYoungGen: 7390K->608K(7680K)] 13243K->6469K(25088K), 0.0003880 secs] [Times: user=0.00 sys=0.00, real=0.00 secs] 
134.225: Total time for which application threads were stopped: 0.0004780 seconds, Stopping threads took: 0.0000440 seconds
134.255: Application time: 0.0302530 seconds
134.255: [GC [PSYoungGen: 7260K->640K(7680K)] 13121K->6501K(25088K), 0.0003570 secs] [Times: user=0.00 sys=0.00, real=0.00 secs] 
134.255: Total time for which application threads were stopped: 0.0004460 seconds, Stopping threads took: 0.0000420 seconds
134.285: Application time: 0.0298920 seconds
134.285: [GC [PSYoungGen: 7294K->672K(7680K)] 13155K->6533K(25088K), 0.0003790 secs] [Times: user=0.00 sys=0.00, real=0.00 secs] 
134.286: Total time for which application threads were stopped: 0.0004670 seconds, Stopping threads took: 0.0000400 seconds
134.315: Application time: 0.0296920 seconds
134.315: [GC [PSYoungGen: 7326K->608K(7680K)] 13187K->6697K(25088K), 0.0003900 secs] [Times: user=0.00 sys=0.00, real=0.00 secs] 
134.316: Total time for which application threads were stopped: 0.0004950 seconds, Stopping threads took: 0.0000570 seconds
134.346: Application time: 0.0297830 seconds
134.346: [GC [PSYoungGen: 7262K->544K(7680K)] 13352K->6633K(25088K), 0.0003350 secs] [Times: user=0.00 sys=0.00, real=0.00 secs] 
134.346: Total time for which application threads were stopped: 0.0004510 seconds, Stopping threads took: 0.0000540 seconds
134.377: Application time: 0.0307690 seconds
134.377: [GC [PSYoungGen: 7198K->544K(7680K)] 13288K->6633K(25088K), 0.0003680 secs] [Times: user=0.00 sys=0.00, real=0.00 secs] 
134.377: Total time for which application threads were stopped: 0.0004720 seconds, Stopping threads took: 0.0000550 seconds
134.407: Application time: 0.0297730 seconds
134.408: [GC [PSYoungGen: 7198K->512K(7680K)] 13288K->6601K(25088K), 0.0003390 secs] [Times: user=0.00 sys=0.00, real=0.00 secs] 
134.408: Total time for which application threads were stopped: 0.0012430 seconds, Stopping threads took: 0.0008550 seconds
134.438: Application time: 0.0299270 seconds
134.438: [GC [PSYoungGen: 7164K->480K(7680K)] 13253K->6569K(25088K), 0.0003560 secs] [Times: user=0.00 sys=0.00, real=0.00 secs] 
134.439: Total time for which application threads were stopped: 0.0004730 seconds, Stopping threads took: 0.0000680 seconds
134.469: Application time: 0.0299270 seconds
134.469: [GC [PSYoungGen: 7134K->512K(7680K)] 13224K->6601K(25088K), 0.0003370 secs] [Times: user=0.00 sys=0.00, real=0.00 secs] 
134.469: Total time for which application threads were stopped: 0.0004400 seconds, Stopping threads took: 0.0000550 seconds
134.499: Application time: 0.0299130 seconds
134.499: [GC [PSYoungGen: 7166K->512K(7680K)] 13256K->6601K(25088K), 0.0004000 secs] [Times: user=0.00 sys=0.00, real=0.00 secs] 
134.500: Total time for which application threads were stopped: 0.0005030 seconds, Stopping threads took: 0.0000540 seconds
134.529: Application time: 0.0296920 seconds
134.529: [GC [PSYoungGen: 7164K->512K(7680K)] 13253K->6601K(25088K), 0.0003480 secs] [Times: user=0.00 sys=0.00, real=0.00 secs] 
134.530: Total time for which application threads were stopped: 0.0004610 seconds, Stopping threads took: 0.0000620 seconds
134.560: Application time: 0.0305400 seconds
134.560: [GC [PSYoungGen: 7164K->0K(7680K)] 13253K->6505K(25088K), 0.0004030 secs] [Times: user=0.00 sys=0.00, real=0.00 secs] 
134.561: Total time for which application threads were stopped: 0.0004990 seconds, Stopping threads took: 0.0000470 seconds
134.588: Application time: 0.0267700 seconds
134.588: [GC [PSYoungGen: 6651K->320K(7680K)] 13157K->6825K(25088K), 0.0003990 secs] [Times: user=0.00 sys=0.00, real=0.00 secs] 
134.588: Total time for which application threads were stopped: 0.0004890 seconds, Stopping threads took: 0.0000380 seconds
134.609: Application time: 0.0208760 seconds
134.609: [GC [PSYoungGen: 6972K->384K(7680K)] 13478K->6889K(25088K), 0.0003260 secs] [Times: user=0.00 sys=0.00, real=0.00 secs] 
134.609: Total time for which application threads were stopped: 0.0004160 seconds, Stopping threads took: 0.0000430 seconds
134.628: Application time: 0.0182110 seconds
134.628: [GC [PSYoungGen: 7040K->448K(7680K)] 13545K->6953K(25088K), 0.0003100 secs] [Times: user=0.00 sys=0.00, real=0.00 secs] 
134.628: Total time for which application threads were stopped: 0.0004040 seconds, Stopping threads took: 0.0000460 seconds
134.648: Application time: 0.0200690 seconds
134.648: [GC [PSYoungGen: 7100K->480K(7680K)] 13605K->6985K(25088K), 0.0004070 secs] [Times: user=0.00 sys=0.00, real=0.00 secs] 
134.649: Total time for which application threads were stopped: 0.0005060 seconds, Stopping threads took: 0.0000500 seconds
134.671: Application time: 0.0223540 seconds
134.671: [GC [PSYoungGen: 7133K->576K(7680K)] 13639K->7081K(25088K), 0.0350690 secs] [Times: user=0.23 sys=0.00, real=0.04 secs] 
134.706: Total time for which application threads were stopped: 0.0351800 seconds, Stopping threads took: 0.0000490 seconds
134.737: Application time: 0.0314060 seconds
134.738: [GC [PSYoungGen: 7229K->544K(7680K)] 13735K->7049K(25088K), 0.0003730 secs] [Times: user=0.00 sys=0.00, real=0.00 secs] 
134.738: Total time for which application threads were stopped: 0.0004820 seconds, Stopping threads took: 0.0000540 seconds
134.766: Application time: 0.0279290 seconds
134.766: [GC [PSYoungGen: 7198K->544K(7680K)] 13703K->7049K(25088K), 0.0003850 secs] [Times: user=0.00 sys=0.00, real=0.00 secs] 
134.766: Total time for which application threads were stopped: 0.0004950 seconds, Stopping threads took: 0.0000570 seconds
134.796: Application time: 0.0294500 seconds
134.796: [GC [PSYoungGen: 7198K->480K(7680K)] 13704K->6985K(25088K), 0.0003710 secs] [Times: user=0.00 sys=0.00, real=0.00 secs] 
134.796: Total time for which application threads were stopped: 0.0004670 seconds, Stopping threads took: 0.0000450 seconds
134.826: Application time: 0.0296990 seconds
134.826: [GC [PSYoungGen: 7134K->480K(7680K)] 13640K->6985K(25088K), 0.0003560 secs] [Times: user=0.00 sys=0.00, real=0.00 secs] 
134.826: Total time for which application threads were stopped: 0.0004450 seconds, Stopping threads took: 0.0000400 seconds
134.851: Application time: 0.0245170 seconds
134.851: [GC [PSYoungGen: 7136K->576K(7680K)] 13641K->7081K(25088K), 0.0003420 secs] [Times: user=0.00 sys=0.00, real=0.01 secs] 
134.851: Total time for which application threads were stopped: 0.0004410 seconds, Stopping threads took: 0.0000390 seconds
134.872: Application time: 0.0208020 seconds
134.872: [GC [PSYoungGen: 7227K->672K(7680K)] 13733K->7177K(25088K), 0.0003570 secs] [Times: user=0.00 sys=0.00, real=0.00 secs] 
134.873: Total time for which application threads were stopped: 0.0004430 seconds, Stopping threads took: 0.0000370 seconds
134.895: Application time: 0.0219550 seconds
134.895: [GC [PSYoungGen: 7326K->960K(7680K)] 13831K->7465K(25088K), 0.0004550 secs] [Times: user=0.00 sys=0.00, real=0.00 secs] 
134.895: Total time for which application threads were stopped: 0.0005550 seconds, Stopping threads took: 0.0000470 seconds
134.916: Application time: 0.0204990 seconds
134.916: [GC [PSYoungGen: 7614K->960K(7680K)] 14120K->7465K(25088K), 0.0004160 secs] [Times: user=0.00 sys=0.00, real=0.00 secs] 
134.916: Total time for which application threads were stopped: 0.0005130 seconds, Stopping threads took: 0.0000490 seconds
134.938: Application time: 0.0215590 seconds
134.939: [GC [PSYoungGen: 7615K->928K(7680K)] 14121K->7433K(25088K), 0.0004090 secs] [Times: user=0.00 sys=0.00, real=0.00 secs] 
134.940: Total time for which application threads were stopped: 0.0018210 seconds, Stopping threads took: 0.0013620 seconds
134.965: Application time: 0.0258150 seconds
134.965: [GC [PSYoungGen: 7580K->992K(7680K)] 14085K->7505K(25088K), 0.0004220 secs] [Times: user=0.00 sys=0.00, real=0.00 secs] 
134.966: Total time for which application threads were stopped: 0.0005170 seconds, Stopping threads took: 0.0000450 seconds
134.995: Application time: 0.0291220 seconds
134.995: [GC [PSYoungGen: 7644K->928K(7680K)] 14157K->7441K(25088K), 0.0004190 secs] [Times: user=0.00 sys=0.00, real=0.00 secs] 
134.996: Total time for which application threads were stopped: 0.0005250 seconds, Stopping threads took: 0.0000540 seconds
135.024: Application time: 0.0282740 seconds
135.024: [GC [PSYoungGen: 7582K->928K(7680K)] 14095K->7441K(25088K), 0.0004090 secs] [Times: user=0.00 sys=0.00, real=0.00 secs] 
135.024: Total time for which application threads were stopped: 0.0005210 seconds, Stopping threads took: 0.0000620 seconds
135.047: Application time: 0.0226530 seconds
135.047: [GC [PSYoungGen: 7582K->1008K(7680K)] 14096K->7689K(25088K), 0.0004500 secs] [Times: user=0.00 sys=0.00, real=0.00 secs] 
135.048: Total time for which application threads were stopped: 0.0005580 seconds, Stopping threads took: 0.0000510 seconds
135.068: Application time: 0.0205980 seconds
135.068: [GC [PSYoungGen: 7659K->992K(7680K)] 14341K->7825K(25088K), 0.0005030 secs] [Times: user=0.00 sys=0.00, real=0.00 secs] 
135.069: Total time for which application threads were stopped: 0.0006060 seconds, Stopping threads took: 0.0000490 seconds
135.090: Application time: 0.0212680 seconds
135.090: [GC [PSYoungGen: 7644K->992K(7680K)] 14478K->8025K(25088K), 0.0004710 secs] [Times: user=0.00 sys=0.00, real=0.00 secs] 
135.091: Total time for which application threads were stopped: 0.0005790 seconds, Stopping threads took: 0.0000570 seconds
135.119: Application time: 0.0281100 seconds
135.119: [GC [PSYoungGen: 7646K->992K(7680K)] 14679K->8073K(25088K), 0.0004640 secs] [Times: user=0.01 sys=0.00, real=0.01 secs] 
135.119: Total time for which application threads were stopped: 0.0005710 seconds, Stopping threads took: 0.0000520 seconds
135.148: Application time: 0.0291330 seconds
135.149: [GC [PSYoungGen: 7644K->992K(7680K)] 14726K->8089K(25088K), 0.0004770 secs] [Times: user=0.00 sys=0.00, real=0.00 secs] 
135.149: Total time for which application threads were stopped: 0.0005910 seconds, Stopping threads took: 0.0000620 seconds
135.177: Application time: 0.0283930 seconds
135.178: [GC [PSYoungGen: 7645K->992K(7680K)] 14743K->8097K(25088K), 0.0004580 secs] [Times: user=0.01 sys=0.00, real=0.00 secs] 
135.178: Total time for which application threads were stopped: 0.0005670 seconds, Stopping threads took: 0.0000570 seconds
135.198: Application time: 0.0203540 seconds
135.198: [GC [PSYoungGen: 7648K->1008K(7680K)] 14753K->8297K(25088K), 0.0004670 secs] [Times: user=0.00 sys=0.00, real=0.00 secs] 
135.199: Total time for which application threads were stopped: 0.0005670 seconds, Stopping threads took: 0.0000500 seconds
135.220: Application time: 0.0213830 seconds
135.220: [GC [PSYoungGen: 7663K->992K(7680K)] 14953K->8321K(25088K), 0.0004540 secs] [Times: user=0.01 sys=0.00, real=0.00 secs] 
135.221: Total time for which application threads were stopped: 0.0005650 seconds, Stopping threads took: 0.0000520 seconds
135.247: Application time: 0.0264200 seconds
135.247: [GC [PSYoungGen: 7646K->1008K(7680K)] 14976K->8513K(25088K), 0.0005000 secs] [Times: user=0.00 sys=0.00, real=0.00 secs] 
135.248: Total time for which application threads were stopped: 0.0006080 seconds, Stopping threads took: 0.0000570 seconds
135.277: Application time: 0.0290890 seconds
135.277: [GC [PSYoungGen: 7660K->1008K(7680K)] 15166K->8561K(25088K), 0.0004610 secs] [Times: user=0.00 sys=0.00, real=0.00 secs] 
135.278: Total time for which application threads were stopped: 0.0005680 seconds, Stopping threads took: 0.0000560 seconds
135.304: Application time: 0.0266370 seconds
135.304: [GC [PSYoungGen: 7663K->1008K(7680K)] 15217K->8745K(25088K), 0.0005310 secs] [Times: user=0.00 sys=0.00, real=0.00 secs] 
135.305: Total time for which application threads were stopped: 0.0006480 seconds, Stopping threads took: 0.0000640 seconds
135.333: Application time: 0.0283730 seconds
135.333: [GC [PSYoungGen: 7661K->992K(7680K)] 15399K->8873K(25088K), 0.0006230 secs] [Times: user=0.00 sys=0.00, real=0.00 secs] 
135.334: Total time for which application threads were stopped: 0.0007320 seconds, Stopping threads took: 0.0000530 seconds
135.364: Application time: 0.0296760 seconds
135.364: [GC [PSYoungGen: 7644K->1008K(7680K)] 15526K->8945K(25088K), 0.0004940 secs] [Times: user=0.01 sys=0.00, real=0.00 secs] 
135.364: Total time for which application threads were stopped: 0.0006220 seconds, Stopping threads took: 0.0000640 seconds
135.394: Application time: 0.0295540 seconds
135.394: [GC [PSYoungGen: 7660K->992K(7680K)] 15598K->8961K(25088K), 0.0004490 secs] [Times: user=0.00 sys=0.00, real=0.00 secs] 
135.394: Total time for which application threads were stopped: 0.0005510 seconds, Stopping threads took: 0.0000500 seconds
135.424: Application time: 0.0293840 seconds
135.424: [GC [PSYoungGen: 7646K->960K(7680K)] 15616K->9097K(25088K), 0.0005080 secs] [Times: user=0.00 sys=0.00, real=0.00 secs] 
135.424: Total time for which application threads were stopped: 0.0006140 seconds, Stopping threads took: 0.0000590 seconds
135.454: Application time: 0.0295810 seconds
135.454: [GC [PSYoungGen: 7614K->880K(7680K)] 15752K->9058K(25088K), 0.0004270 secs] [Times: user=0.00 sys=0.00, real=0.00 secs] 
135.454: Total time for which application threads were stopped: 0.0005250 seconds, Stopping threads took: 0.0000480 seconds
135.471: Application time: 0.0161970 seconds
135.471: [GC [PSYoungGen: 7535K->1008K(7680K)] 15713K->9490K(25088K), 0.0005290 secs] [Times: user=0.00 sys=0.00, real=0.01 secs] 
135.471: Total time for which application threads were stopped: 0.0006270 seconds, Stopping threads took: 0.0000440 seconds
135.488: Application time: 0.0162630 seconds
135.488: [GC [PSYoungGen: 7659K->864K(7680K)] 16141K->9610K(25088K), 0.0004900 secs] [Times: user=0.00 sys=0.00, real=0.00 secs] 
135.488: Total time for which application threads were stopped: 0.0005820 seconds, Stopping threads took: 0.0000420 seconds
135.506: Application time: 0.0174610 seconds
135.506: [GC [PSYoungGen: 7518K->976K(7680K)] 16264K->9766K(25088K), 0.0004360 secs] [Times: user=0.00 sys=0.00, real=0.00 secs] 
135.506: Total time for which application threads were stopped: 0.0005400 seconds, Stopping threads took: 0.0000530 seconds
135.512: Application time: 0.0058650 seconds
135.512: Total time for which application threads were stopped: 0.0000640 seconds, Stopping threads took: 0.0000520 seconds
135.534: Application time: 0.0214510 seconds
135.534: [GC [PSYoungGen: 7628K->800K(7680K)] 16418K->9590K(25088K), 0.0003810 secs] [Times: user=0.00 sys=0.00, real=0.00 secs] 
135.534: Total time for which application threads were stopped: 0.0004750 seconds, Stopping threads took: 0.0000420 seconds
135.564: Application time: 0.0300380 seconds
135.564: [GC [PSYoungGen: 7452K->736K(7680K)] 16242K->9526K(25088K), 0.0003970 secs] [Times: user=0.00 sys=0.00, real=0.00 secs] 
135.565: Total time for which application threads were stopped: 0.0004930 seconds, Stopping threads took: 0.0000390 seconds
135.595: Application time: 0.0307930 seconds
135.595: [GC [PSYoungGen: 7388K->736K(7680K)] 16178K->9558K(25088K), 0.0004060 secs] [Times: user=0.00 sys=0.00, real=0.00 secs] 
135.596: Total time for which application threads were stopped: 0.0005080 seconds, Stopping threads took: 0.0000520 seconds
135.625: Application time: 0.0292490 seconds
135.625: [GC [PSYoungGen: 7388K->848K(7680K)] 16210K->9670K(25088K), 0.0004660 secs] [Times: user=0.01 sys=0.00, real=0.00 secs] 
135.626: Total time for which application threads were stopped: 0.0005790 seconds, Stopping threads took: 0.0000620 seconds
135.656: Application time: 0.0307890 seconds
135.657: [GC [PSYoungGen: 7500K->800K(7680K)] 16322K->9646K(25088K), 0.0003950 secs] [Times: user=0.00 sys=0.00, real=0.00 secs] 
135.657: Total time for which application threads were stopped: 0.0004820 seconds, Stopping threads took: 0.0000360 seconds
135.688: Application time: 0.0312400 seconds
135.688: [GC [PSYoungGen: 7452K->864K(7680K)] 16298K->9710K(25088K), 0.0003650 secs] [Times: user=0.00 sys=0.00, real=0.00 secs] 
135.689: Total time for which application threads were stopped: 0.0004600 seconds, Stopping threads took: 0.0000440 seconds
135.720: Application time: 0.0312430 seconds
135.720: [GC [PSYoungGen: 7516K->768K(7680K)] 16362K->9659K(25088K), 0.0004270 secs] [Times: user=0.00 sys=0.00, real=0.00 secs] 
135.720: Total time for which application threads were stopped: 0.0005130 seconds, Stopping threads took: 0.0000360 seconds
135.751: Application time: 0.0310190 seconds
135.752: [GC [PSYoungGen: 7420K->800K(7680K)] 16311K->9691K(25088K), 0.0004240 secs] [Times: user=0.00 sys=0.00, real=0.00 secs] 
135.752: Total time for which application threads were stopped: 0.0005250 seconds, Stopping threads took: 0.0000400 seconds
135.782: Application time: 0.0302900 seconds
135.782: [GC [PSYoungGen: 7454K->736K(7680K)] 16345K->9711K(25088K), 0.0004040 secs] [Times: user=0.01 sys=0.00, real=0.00 secs] 
135.783: Total time for which application threads were stopped: 0.0004970 seconds, Stopping threads took: 0.0000360 seconds
135.813: Application time: 0.0300660 seconds
135.813: [GC [PSYoungGen: 7388K->960K(7680K)] 16363K->9935K(25088K), 0.0004190 secs] [Times: user=0.00 sys=0.00, real=0.00 secs] 
135.813: Total time for which application threads were stopped: 0.0005080 seconds, Stopping threads took: 0.0000360 seconds
135.844: Application time: 0.0310700 seconds
135.844: [GC [PSYoungGen: 7614K->928K(7680K)] 16590K->9903K(25088K), 0.0003800 secs] [Times: user=0.00 sys=0.00, real=0.00 secs] 
135.845: Total time for which application threads were stopped: 0.0004930 seconds, Stopping threads took: 0.0000590 seconds
135.877: Application time: 0.0318030 seconds
135.877: [GC [PSYoungGen: 7583K->736K(7680K)] 16559K->9711K(25088K), 0.0004940 secs] [Times: user=0.00 sys=0.00, real=0.00 secs] 
135.877: Total time for which application threads were stopped: 0.0006090 seconds, Stopping threads took: 0.0000590 seconds
135.909: Application time: 0.0313610 seconds
135.909: [GC [PSYoungGen: 7392K->704K(7680K)] 16367K->9727K(25088K), 0.0003950 secs] [Times: user=0.00 sys=0.00, real=0.00 secs] 
135.909: Total time for which application threads were stopped: 0.0004960 seconds, Stopping threads took: 0.0000480 seconds
135.940: Application time: 0.0312300 seconds
135.940: [GC [PSYoungGen: 7358K->512K(7680K)] 16381K->9764K(25088K), 0.0003540 secs] [Times: user=0.00 sys=0.00, real=0.00 secs] 
135.941: Total time for which application threads were stopped: 0.0004570 seconds, Stopping threads took: 0.0000540 seconds
135.972: Application time: 0.0311710 seconds
135.972: [GC [PSYoungGen: 7164K->576K(7680K)] 16416K->9828K(25088K), 0.0004050 secs] [Times: user=0.00 sys=0.00, real=0.00 secs] 
135.973: Total time for which application threads were stopped: 0.0005120 seconds, Stopping threads took: 0.0000580 seconds
136.004: Application time: 0.0312140 seconds
136.004: [GC [PSYoungGen: 7232K->480K(7680K)] 16484K->9748K(25088K), 0.0003560 secs] [Times: user=0.00 sys=0.00, real=0.00 secs] 
136.004: Total time for which application threads were stopped: 0.0004370 seconds, Stopping threads took: 0.0000280 seconds
136.035: Application time: 0.0312050 seconds
136.035: [GC [PSYoungGen: 7134K->544K(7680K)] 16402K->9812K(25088K), 0.0003720 secs] [Times: user=0.00 sys=0.00, real=0.00 secs] 
136.036: Total time for which application threads were stopped: 0.0004710 seconds, Stopping threads took: 0.0000470 seconds
136.067: Application time: 0.0311610 seconds
136.067: [GC [PSYoungGen: 7198K->512K(7680K)] 16466K->9780K(25088K), 0.0003240 secs] [Times: user=0.00 sys=0.00, real=0.00 secs] 
136.067: Total time for which application threads were stopped: 0.0004370 seconds, Stopping threads took: 0.0000580 seconds
136.099: Application time: 0.0311060 seconds
136.099: [GC [PSYoungGen: 7166K->320K(7680K)] 16434K->9924K(25088K), 0.0003540 secs] [Times: user=0.00 sys=0.00, real=0.00 secs] 
136.099: Total time for which application threads were stopped: 0.0004690 seconds, Stopping threads took: 0.0000660 seconds
136.130: Application time: 0.0312060 seconds
136.130: [GC [PSYoungGen: 6974K->288K(7680K)] 16579K->9892K(25088K), 0.0003540 secs] [Times: user=0.00 sys=0.00, real=0.00 secs] 
136.131: Total time for which application threads were stopped: 0.0004560 seconds, Stopping threads took: 0.0000490 seconds
136.162: Application time: 0.0310780 seconds
136.162: [GC [PSYoungGen: 6940K->480K(7680K)] 16545K->10084K(25088K), 0.0003770 secs] [Times: user=0.00 sys=0.00, real=0.00 secs] 
136.162: Total time for which application threads were stopped: 0.0004880 seconds, Stopping threads took: 0.0000570 seconds
136.193: Application time: 0.0309940 seconds
136.193: [GC [PSYoungGen: 7132K->352K(7680K)] 16737K->9956K(25088K), 0.0003400 secs] [Times: user=0.00 sys=0.00, real=0.00 secs] 
136.194: Total time for which application threads were stopped: 0.0004280 seconds, Stopping threads took: 0.0000370 seconds
136.215: Application time: 0.0216620 seconds
136.215: [GC [PSYoungGen: 7004K->544K(7680K)] 16608K->10148K(25088K), 0.0003520 secs] [Times: user=0.00 sys=0.00, real=0.00 secs] 
136.216: Total time for which application threads were stopped: 0.0004440 seconds, Stopping threads took: 0.0000430 seconds
136.238: Application time: 0.0217850 seconds
136.238: [GC [PSYoungGen: 7197K->512K(7680K)] 16802K->10124K(25088K), 0.0003520 secs] [Times: user=0.00 sys=0.00, real=0.00 secs] 
136.238: Total time for which application threads were stopped: 0.0004440 seconds, Stopping threads took: 0.0000390 seconds
136.267: Application time: 0.0287770 seconds
136.267: [GC [PSYoungGen: 7164K->384K(7680K)] 16776K->10220K(25088K), 0.0003520 secs] [Times: user=0.00 sys=0.00, real=0.00 secs] 
136.267: Total time for which application threads were stopped: 0.0004480 seconds, Stopping threads took: 0.0000420 seconds
136.298: Application time: 0.0304990 seconds
136.298: [GC [PSYoungGen: 7038K->384K(7680K)] 16875K->10220K(25088K), 0.0002960 secs] [Times: user=0.01 sys=0.00, real=0.00 secs] 
136.298: Total time for which application threads were stopped: 0.0003820 seconds, Stopping threads took: 0.0000370 seconds
136.328: Application time: 0.0297810 seconds
136.328: [GC [PSYoungGen: 7038K->384K(7680K)] 16874K->10220K(25088K), 0.0003550 secs] [Times: user=0.01 sys=0.00, real=0.00 secs] 
136.328: Total time for which application threads were stopped: 0.0004410 seconds, Stopping threads took: 0.0000370 seconds
136.359: Application time: 0.0308670 seconds
136.359: [GC [PSYoungGen: 7036K->256K(7680K)] 16872K->10092K(25088K), 0.0003760 secs] [Times: user=0.00 sys=0.00, real=0.00 secs] 
136.360: Total time for which application threads were stopped: 0.0004740 seconds, Stopping threads took: 0.0000460 seconds
136.381: Application time: 0.0215760 seconds
136.381: [GC [PSYoungGen: 6908K->704K(7680K)] 16744K->10540K(25088K), 0.0003670 secs] [Times: user=0.00 sys=0.00, real=0.00 secs] 
136.382: Total time for which application threads were stopped: 0.0004910 seconds, Stopping threads took: 0.0000620 seconds
136.404: Application time: 0.0219670 seconds
136.404: [GC [PSYoungGen: 7357K->512K(7680K)] 17194K->10348K(25088K), 0.0003730 secs] [Times: user=0.00 sys=0.00, real=0.00 secs] 
136.404: Total time for which application threads were stopped: 0.0004810 seconds, Stopping threads took: 0.0000530 seconds
136.432: Application time: 0.0279500 seconds
136.432: [GC [PSYoungGen: 7166K->480K(7680K)] 17002K->10316K(25088K), 0.0003840 secs] [Times: user=0.00 sys=0.00, real=0.00 secs] 
136.433: Total time for which application threads were stopped: 0.0004720 seconds, Stopping threads took: 0.0000380 seconds
136.463: Application time: 0.0304100 seconds
136.463: [GC [PSYoungGen: 7134K->576K(7680K)] 16971K->10412K(25088K), 0.0003870 secs] [Times: user=0.00 sys=0.00, real=0.00 secs] 
136.464: Total time for which application threads were stopped: 0.0005080 seconds, Stopping threads took: 0.0000660 seconds
136.493: Application time: 0.0296610 seconds
136.493: [GC [PSYoungGen: 7227K->512K(7680K)] 17064K->10348K(25088K), 0.0004070 secs] [Times: user=0.00 sys=0.00, real=0.00 secs] 
136.494: Total time for which application threads were stopped: 0.0005010 seconds, Stopping threads took: 0.0000420 seconds
136.524: Application time: 0.0307330 seconds
136.525: [GC [PSYoungGen: 7166K->448K(7680K)] 17003K->10284K(25088K), 0.0003870 secs] [Times: user=0.00 sys=0.00, real=0.00 secs] 
136.525: Total time for which application threads were stopped: 0.0004820 seconds, Stopping threads took: 0.0000460 seconds
136.538: Application time: 0.0127350 seconds
136.538: Total time for which application threads were stopped: 0.0000530 seconds, Stopping threads took: 0.0000390 seconds
136.560: Application time: 0.0225540 seconds
136.560: [GC [PSYoungGen: 7102K->384K(7680K)] 16938K->10220K(25088K), 0.0003440 secs] [Times: user=0.00 sys=0.00, real=0.00 secs] 
136.561: Total time for which application threads were stopped: 0.0004220 seconds, Stopping threads took: 0.0000310 seconds
136.587: Application time: 0.0262160 seconds
136.587: [GC [PSYoungGen: 7037K->544K(7680K)] 16873K->10380K(25088K), 0.0003550 secs] [Times: user=0.00 sys=0.00, real=0.00 secs] 
136.587: Total time for which application threads were stopped: 0.0004490 seconds, Stopping threads took: 0.0000450 seconds
136.610: Application time: 0.0228750 seconds
136.610: [GC [PSYoungGen: 7198K->512K(7680K)] 17034K->10348K(25088K), 0.0003450 secs] [Times: user=0.00 sys=0.00, real=0.00 secs] 
136.611: Total time for which application threads were stopped: 0.0004230 seconds, Stopping threads took: 0.0000310 seconds
136.637: Application time: 0.0265900 seconds
136.637: [GC [PSYoungGen: 7164K->576K(7680K)] 17000K->10412K(25088K), 0.0003870 secs] [Times: user=0.00 sys=0.00, real=0.00 secs] 
136.638: Total time for which application threads were stopped: 0.0004820 seconds, Stopping threads took: 0.0000440 seconds
136.640: Application time: 0.0019410 seconds
136.640: Total time for which application threads were stopped: 0.0000490 seconds, Stopping threads took: 0.0000370 seconds
136.669: Application time: 0.0296140 seconds
136.669: Total time for which application threads were stopped: 0.0000520 seconds, Stopping threads took: 0.0000370 seconds
136.671: Application time: 0.0017340 seconds
136.671: [GC [PSYoungGen: 7228K->384K(7680K)] 17064K->10220K(25088K), 0.0003580 secs] [Times: user=0.00 sys=0.00, real=0.00 secs] 
136.672: Total time for which application threads were stopped: 0.0004310 seconds, Stopping threads took: 0.0000260 seconds
136.708: Application time: 0.0366070 seconds
136.708: [GC [PSYoungGen: 7039K->384K(7680K)] 16875K->10220K(25088K), 0.0005140 secs] [Times: user=0.00 sys=0.00, real=0.00 secs] 
136.709: Total time for which application threads were stopped: 0.0005830 seconds, Stopping threads took: 0.0000240 seconds
136.721: Application time: 0.0121630 seconds
136.721: Total time for which application threads were stopped: 0.0000360 seconds, Stopping threads took: 0.0000260 seconds
136.772: Application time: 0.0511880 seconds
136.772: [GC [PSYoungGen: 7036K->192K(7680K)] 16872K->10028K(25088K), 0.0006240 secs] [Times: user=0.00 sys=0.00, real=0.00 secs] 
136.773: Total time for which application threads were stopped: 0.0007130 seconds, Stopping threads took: 0.0000300 seconds
136.782: Application time: 0.0089450 seconds
136.782: Total time for which application threads were stopped: 0.0000260 seconds, Stopping threads took: 0.0000160 seconds
136.836: Application time: 0.0544140 seconds
136.836: [GC [PSYoungGen: 6845K->384K(7680K)] 16681K->10220K(25088K), 0.0006830 secs] [Times: user=0.01 sys=0.00, real=0.00 secs] 
136.838: Total time for which application threads were stopped: 0.0017150 seconds, Stopping threads took: 0.0000180 seconds
136.873: Application time: 0.0345930 seconds
136.873: Total time for which application threads were stopped: 0.0000700 seconds, Stopping threads took: 0.0000400 seconds
136.876: Application time: 0.0032090 seconds
136.876: [GC [PSYoungGen: 7036K->1008K(7680K)] 16872K->11505K(25088K), 0.0006080 secs] [Times: user=0.00 sys=0.00, real=0.00 secs] 
136.877: Total time for which application threads were stopped: 0.0006910 seconds, Stopping threads took: 0.0000320 seconds
136.891: Application time: 0.0145900 seconds
136.891: [GC [PSYoungGen: 7664K->1008K(7680K)] 18161K->11733K(25088K), 0.0005510 secs] [Times: user=0.00 sys=0.00, real=0.00 secs] 
136.892: Total time for which application threads were stopped: 0.0006580 seconds, Stopping threads took: 0.0000470 seconds
136.905: Application time: 0.0131740 seconds
136.905: [GC [PSYoungGen: 7660K->992K(7680K)] 18385K->11853K(25088K), 0.0004930 secs] [Times: user=0.00 sys=0.00, real=0.00 secs] 
136.906: Total time for which application threads were stopped: 0.0006140 seconds, Stopping threads took: 0.0000670 seconds
136.922: Application time: 0.0164610 seconds
136.923: [GC [PSYoungGen: 7646K->992K(7680K)] 18508K->12029K(25088K), 0.0005250 secs] [Times: user=0.00 sys=0.00, real=0.00 secs] 
136.924: Total time for which application threads were stopped: 0.0015980 seconds, Stopping threads took: 0.0010230 seconds
136.947: Application time: 0.0233280 seconds
136.947: [GC [PSYoungGen: 7646K->1008K(7680K)] 18684K->12474K(25088K), 0.0005610 secs] [Times: user=0.00 sys=0.00, real=0.00 secs] 
136.948: Total time for which application threads were stopped: 0.0006620 seconds, Stopping threads took: 0.0000450 seconds
136.975: Application time: 0.0270470 seconds
136.975: [GC [PSYoungGen: 7660K->992K(7680K)] 19126K->12586K(25088K), 0.0004680 secs] [Times: user=0.00 sys=0.00, real=0.00 secs] 
136.975: Total time for which application threads were stopped: 0.0005670 seconds, Stopping threads took: 0.0000480 seconds
137.003: Application time: 0.0279210 seconds
137.003: [GC [PSYoungGen: 7645K->992K(7680K)] 19239K->12586K(25088K), 0.0004640 secs] [Times: user=0.00 sys=0.00, real=0.00 secs] 
137.004: Total time for which application threads were stopped: 0.0005820 seconds, Stopping threads took: 0.0000670 seconds
137.032: Application time: 0.0281210 seconds
137.032: [GC [PSYoungGen: 7647K->1008K(7680K)] 19241K->12698K(25088K), 0.0004850 secs] [Times: user=0.01 sys=0.00, real=0.00 secs] 
137.032: Total time for which application threads were stopped: 0.0005750 seconds, Stopping threads took: 0.0000390 seconds
137.062: Application time: 0.0293520 seconds
137.062: [GC [PSYoungGen: 7662K->1008K(7680K)] 19353K->12698K(25088K), 0.0004670 secs] [Times: user=0.00 sys=0.00, real=0.00 secs] 
137.062: Total time for which application threads were stopped: 0.0005690 seconds, Stopping threads took: 0.0000540 seconds
137.091: Application time: 0.0290370 seconds
137.092: [GC [PSYoungGen: 7662K->992K(7680K)] 19353K->12710K(25088K), 0.0004730 secs] [Times: user=0.00 sys=0.00, real=0.00 secs] 
137.092: Total time for which application threads were stopped: 0.0005760 seconds, Stopping threads took: 0.0000500 seconds
137.121: Application time: 0.0288730 seconds
137.121: [GC [PSYoungGen: 7646K->1008K(7680K)] 19365K->12734K(25088K), 0.0004880 secs] [Times: user=0.00 sys=0.00, real=0.00 secs] 
137.122: Total time for which application threads were stopped: 0.0006040 seconds, Stopping threads took: 0.0000630 seconds
137.151: Application time: 0.0291760 seconds
137.151: [GC [PSYoungGen: 7662K->1008K(7680K)] 19389K->12742K(25088K), 0.0005030 secs] [Times: user=0.00 sys=0.00, real=0.01 secs] 
137.151: Total time for which application threads were stopped: 0.0006250 seconds, Stopping threads took: 0.0000690 seconds
137.180: Application time: 0.0289040 seconds
137.180: [GC [PSYoungGen: 7662K->1008K(7680K)] 19397K->12750K(25088K), 0.0005100 secs] [Times: user=0.00 sys=0.00, real=0.00 secs] 
137.181: Total time for which application threads were stopped: 0.0006020 seconds, Stopping threads took: 0.0000420 seconds
137.209: Application time: 0.0280600 seconds
137.209: [GC [PSYoungGen: 7660K->1008K(7680K)] 19402K->12926K(25088K), 0.0004860 secs] [Times: user=0.00 sys=0.00, real=0.00 secs] 
137.209: Total time for which application threads were stopped: 0.0005880 seconds, Stopping threads took: 0.0000520 seconds
137.238: Application time: 0.0281820 seconds
137.238: [GC [PSYoungGen: 7660K->992K(7680K)] 19578K->13182K(25088K), 0.0005130 secs] [Times: user=0.00 sys=0.00, real=0.00 secs] 
137.238: Total time for which application threads were stopped: 0.0006150 seconds, Stopping threads took: 0.0000510 seconds
137.265: Application time: 0.0271990 seconds
137.266: [GC [PSYoungGen: 7647K->992K(7680K)] 19838K->13491K(25088K), 0.0005270 secs] [Times: user=0.00 sys=0.00, real=0.00 secs] 
137.266: Total time for which application threads were stopped: 0.0006250 seconds, Stopping threads took: 0.0000450 seconds
137.293: Application time: 0.0268890 seconds
137.293: [GC [PSYoungGen: 7619K->896K(7680K)] 20118K->13639K(25088K), 0.0004640 secs] [Times: user=0.00 sys=0.00, real=0.00 secs] 
137.294: Total time for which application threads were stopped: 0.0005730 seconds, Stopping threads took: 0.0000560 seconds
137.320: Application time: 0.0261410 seconds
137.320: [GC [PSYoungGen: 7548K->992K(7680K)] 20292K->13895K(25088K), 0.0004750 secs] [Times: user=0.00 sys=0.00, real=0.00 secs] 
137.320: Total time for which application threads were stopped: 0.0005830 seconds, Stopping threads took: 0.0000570 seconds
137.348: Application time: 0.0278040 seconds
137.348: [GC [PSYoungGen: 7646K->992K(7680K)] 20549K->14047K(25088K), 0.0004600 secs] [Times: user=0.00 sys=0.00, real=0.00 secs] 
137.349: Total time for which application threads were stopped: 0.0005690 seconds, Stopping threads took: 0.0000570 seconds
137.379: Application time: 0.0299210 seconds
137.379: [GC [PSYoungGen: 7644K->992K(7680K)] 20699K->14071K(25088K), 0.0004220 secs] [Times: user=0.00 sys=0.00, real=0.01 secs] 
137.379: Total time for which application threads were stopped: 0.0005240 seconds, Stopping threads took: 0.0000520 seconds
137.410: Application time: 0.0310280 seconds
137.410: [GC [PSYoungGen: 7644K->896K(7680K)] 20723K->14119K(25088K), 0.0004780 secs] [Times: user=0.00 sys=0.00, real=0.00 secs] 
137.411: Total time for which application threads were stopped: 0.0006020 seconds, Stopping threads took: 0.0000600 seconds
137.441: Application time: 0.0300550 seconds
137.441: [GC [PSYoungGen: 7550K->896K(7680K)] 20774K->14135K(25088K), 0.0003980 secs] [Times: user=0.00 sys=0.00, real=0.00 secs] 
137.441: Total time for which application threads were stopped: 0.0005090 seconds, Stopping threads took: 0.0000600 seconds
137.471: Application time: 0.0298990 seconds
137.475: [GC [PSYoungGen: 7550K->864K(7680K)] 20790K->14111K(25088K), 0.0004130 secs] [Times: user=0.00 sys=0.00, real=0.00 secs] 
137.476: Total time for which application threads were stopped: 0.0043440 seconds, Stopping threads took: 0.0038800 seconds
137.505: Application time: 0.0298540 seconds
137.506: [GC [PSYoungGen: 7518K->896K(7680K)] 20766K->14143K(25088K), 0.0003890 secs] [Times: user=0.00 sys=0.00, real=0.00 secs] 
137.506: Total time for which application threads were stopped: 0.0005030 seconds, Stopping threads took: 0.0000650 seconds
137.536: Application time: 0.0297430 seconds
137.536: [GC [PSYoungGen: 7550K->896K(7680K)] 20798K->14143K(25088K), 0.0004450 secs] [Times: user=0.00 sys=0.00, real=0.00 secs] 
137.536: Total time for which application threads were stopped: 0.0005650 seconds, Stopping threads took: 0.0000580 seconds
137.566: Application time: 0.0297580 seconds
137.566: [GC [PSYoungGen: 7550K->864K(7680K)] 20798K->14111K(25088K), 0.0003790 secs] [Times: user=0.00 sys=0.00, real=0.00 secs] 
137.566: Total time for which application threads were stopped: 0.0004760 seconds, Stopping threads took: 0.0000490 seconds
137.596: Application time: 0.0297500 seconds
137.599: [GC [PSYoungGen: 7518K->896K(7680K)] 20766K->14143K(25088K), 0.0004000 secs] [Times: user=0.01 sys=0.00, real=0.00 secs] 
137.600: Total time for which application threads were stopped: 0.0033350 seconds, Stopping threads took: 0.0028860 seconds
137.630: Application time: 0.0300220 seconds
137.630: [GC [PSYoungGen: 7550K->864K(7680K)] 20798K->14111K(25088K), 0.0004190 secs] [Times: user=0.00 sys=0.00, real=0.00 secs] 
137.630: Total time for which application threads were stopped: 0.0005110 seconds, Stopping threads took: 0.0000410 seconds
137.660: Application time: 0.0297960 seconds
137.660: [GC [PSYoungGen: 7518K->864K(7680K)] 20766K->14159K(25088K), 0.0004310 secs] [Times: user=0.00 sys=0.00, real=0.00 secs] 
137.660: Total time for which application threads were stopped: 0.0005320 seconds, Stopping threads took: 0.0000530 seconds
137.690: Application time: 0.0299850 seconds
137.690: [GC [PSYoungGen: 7516K->800K(7680K)] 20811K->14172K(25088K), 0.0003750 secs] [Times: user=0.00 sys=0.00, real=0.00 secs] 
137.691: Total time for which application threads were stopped: 0.0004760 seconds, Stopping threads took: 0.0000560 seconds
137.721: Application time: 0.0299840 seconds
137.721: [GC [PSYoungGen: 7452K->800K(7680K)] 20824K->14204K(25088K), 0.0003950 secs] [Times: user=0.00 sys=0.00, real=0.00 secs] 
137.721: Total time for which application threads were stopped: 0.0004930 seconds, Stopping threads took: 0.0000470 seconds
137.752: Application time: 0.0304990 seconds
137.752: [GC [PSYoungGen: 7454K->416K(7680K)] 20858K->14216K(25088K), 0.0004880 secs] [Times: user=0.00 sys=0.00, real=0.00 secs] 
137.752: Total time for which application threads were stopped: 0.0005880 seconds, Stopping threads took: 0.0000410 seconds
137.782: Application time: 0.0298190 seconds
137.782: [GC [PSYoungGen: 7070K->192K(7680K)] 20871K->14277K(25088K), 0.0003740 secs] [Times: user=0.00 sys=0.00, real=0.00 secs] 
137.783: Total time for which application threads were stopped: 0.0005300 seconds, Stopping threads took: 0.0001010 seconds
137.813: Application time: 0.0298170 seconds
137.813: [GC [PSYoungGen: 6846K->0K(7680K)] 20932K->14181K(25088K), 0.0003210 secs] [Times: user=0.00 sys=0.00, real=0.00 secs] 
137.813: Total time for which application threads were stopped: 0.0004140 seconds, Stopping threads took: 0.0000440 seconds
137.843: Application time: 0.0299310 seconds
137.843: [GC [PSYoungGen: 6654K->0K(7680K)] 20836K->14181K(25088K), 0.0003250 secs] [Times: user=0.00 sys=0.01, real=0.00 secs] 
137.843: Total time for which application threads were stopped: 0.0004100 seconds, Stopping threads took: 0.0000400 seconds
137.873: Application time: 0.0299080 seconds
137.873: [GC [PSYoungGen: 6654K->0K(7680K)] 20836K->14181K(25088K), 0.0003450 secs] [Times: user=0.00 sys=0.00, real=0.00 secs] 
137.874: Total time for which application threads were stopped: 0.0004330 seconds, Stopping threads took: 0.0000400 seconds
137.904: Application time: 0.0298340 seconds
137.904: [GC [PSYoungGen: 6654K->0K(7680K)] 20836K->14181K(25088K), 0.0002910 secs] [Times: user=0.00 sys=0.00, real=0.00 secs] 
137.904: Total time for which application threads were stopped: 0.0003870 seconds, Stopping threads took: 0.0000470 seconds
137.934: Application time: 0.0297880 seconds
137.934: [GC [PSYoungGen: 6654K->0K(7680K)] 20836K->14181K(25088K), 0.0003180 secs] [Times: user=0.00 sys=0.00, real=0.00 secs] 
137.934: Total time for which application threads were stopped: 0.0004180 seconds, Stopping threads took: 0.0000450 seconds
137.965: Application time: 0.0309330 seconds
137.965: [GC [PSYoungGen: 6654K->0K(7680K)] 20835K->14181K(25088K), 0.0003260 secs] [Times: user=0.00 sys=0.00, real=0.00 secs] 
137.966: Total time for which application threads were stopped: 0.0004170 seconds, Stopping threads took: 0.0000460 seconds
137.995: Application time: 0.0299340 seconds
137.999: [GC [PSYoungGen: 6652K->0K(7680K)] 20833K->14181K(25088K), 0.0003350 secs] [Times: user=0.00 sys=0.00, real=0.00 secs] 
138.000: Total time for which application threads were stopped: 0.0040600 seconds, Stopping threads took: 0.0036750 seconds
138.029: Application time: 0.0297670 seconds
138.029: [GC [PSYoungGen: 6654K->0K(7680K)] 20836K->14181K(25088K), 0.0003100 secs] [Times: user=0.00 sys=0.00, real=0.00 secs] 
138.030: Total time for which application threads were stopped: 0.0004210 seconds, Stopping threads took: 0.0000610 seconds
138.060: Application time: 0.0299200 seconds
138.060: [GC [PSYoungGen: 6652K->0K(7680K)] 20833K->14181K(25088K), 0.0003270 secs] [Times: user=0.00 sys=0.00, real=0.00 secs] 
138.060: Total time for which application threads were stopped: 0.0004260 seconds, Stopping threads took: 0.0000470 seconds
138.090: Application time: 0.0296890 seconds
138.090: [GC [PSYoungGen: 6654K->0K(7680K)] 20836K->14181K(25088K), 0.0003010 secs] [Times: user=0.00 sys=0.00, real=0.00 secs] 
138.090: Total time for which application threads were stopped: 0.0004010 seconds, Stopping threads took: 0.0000510 seconds
138.120: Application time: 0.0297130 seconds
138.120: [GC [PSYoungGen: 6654K->0K(7680K)] 20836K->14181K(25088K), 0.0003250 secs] [Times: user=0.00 sys=0.00, real=0.00 secs] 
138.120: Total time for which application threads were stopped: 0.0003970 seconds, Stopping threads took: 0.0000280 seconds
138.150: Application time: 0.0294950 seconds
138.150: [GC [PSYoungGen: 6654K->0K(7680K)] 20836K->14181K(25088K), 0.0004030 secs] [Times: user=0.01 sys=0.00, real=0.00 secs] 
138.150: Total time for which application threads were stopped: 0.0005050 seconds, Stopping threads took: 0.0000510 seconds
138.180: Application time: 0.0295730 seconds
138.180: [GC [PSYoungGen: 6654K->0K(7680K)] 20836K->14181K(25088K), 0.0002990 secs] [Times: user=0.00 sys=0.00, real=0.00 secs] 
138.180: Total time for which application threads were stopped: 0.0004090 seconds, Stopping threads took: 0.0000650 seconds
138.203: Application time: 0.0226750 seconds
138.203: [GC [PSYoungGen: 6652K->384K(7680K)] 20833K->14565K(25088K), 0.0003280 secs] [Times: user=0.00 sys=0.00, real=0.00 secs] 
138.203: Total time for which application threads were stopped: 0.0004170 seconds, Stopping threads took: 0.0000380 seconds
138.222: Application time: 0.0189040 seconds
138.222: [GC [PSYoungGen: 7036K->480K(7680K)] 21217K->14661K(25088K), 0.0004450 secs] [Times: user=0.00 sys=0.00, real=0.00 secs] 
138.223: Total time for which application threads were stopped: 0.0005340 seconds, Stopping threads took: 0.0000380 seconds
138.240: Application time: 0.0173100 seconds
138.240: [GC [PSYoungGen: 7135K->544K(7680K)] 21316K->14725K(25088K), 0.0003360 secs] [Times: user=0.00 sys=0.00, real=0.00 secs] 
138.241: Total time for which application threads were stopped: 0.0004370 seconds, Stopping threads took: 0.0000510 seconds
138.264: Application time: 0.0239370 seconds
138.265: [GC [PSYoungGen: 7195K->480K(7680K)] 21377K->14661K(25088K), 0.0003480 secs] [Times: user=0.00 sys=0.00, real=0.00 secs] 
138.265: Total time for which application threads were stopped: 0.0004400 seconds, Stopping threads took: 0.0000450 seconds
138.290: Application time: 0.0253600 seconds
138.290: [GC [PSYoungGen: 7132K->544K(7680K)] 21313K->14725K(25088K), 0.0003930 secs] [Times: user=0.00 sys=0.00, real=0.00 secs] 
138.291: Total time for which application threads were stopped: 0.0004890 seconds, Stopping threads took: 0.0000430 seconds
138.319: Application time: 0.0282050 seconds
138.319: [GC [PSYoungGen: 7198K->576K(7680K)] 21379K->14757K(25088K), 0.0004120 secs] [Times: user=0.00 sys=0.00, real=0.01 secs] 
138.319: Total time for which application threads were stopped: 0.0005080 seconds, Stopping threads took: 0.0000470 seconds
138.348: Application time: 0.0285180 seconds
138.348: [GC [PSYoungGen: 7228K->544K(7680K)] 21409K->14725K(25088K), 0.0003670 secs] [Times: user=0.00 sys=0.00, real=0.00 secs] 
138.348: Total time for which application threads were stopped: 0.0004550 seconds, Stopping threads took: 0.0000390 seconds
138.379: Application time: 0.0308040 seconds
138.379: [GC [PSYoungGen: 7198K->480K(7680K)] 21379K->14661K(25088K), 0.0004270 secs] [Times: user=0.00 sys=0.00, real=0.00 secs] 
138.380: Total time for which application threads were stopped: 0.0005250 seconds, Stopping threads took: 0.0000470 seconds
138.410: Application time: 0.0297630 seconds
138.410: [GC [PSYoungGen: 7134K->512K(7680K)] 21316K->14693K(25088K), 0.0003390 secs] [Times: user=0.00 sys=0.00, real=0.00 secs] 
138.410: Total time for which application threads were stopped: 0.0004470 seconds, Stopping threads took: 0.0000590 seconds
138.440: Application time: 0.0297040 seconds
138.440: [GC [PSYoungGen: 7166K->512K(7680K)] 21348K->14693K(25088K), 0.0003550 secs] [Times: user=0.00 sys=0.00, real=0.00 secs] 
138.440: Total time for which application threads were stopped: 0.0004480 seconds, Stopping threads took: 0.0000350 seconds
138.470: Application time: 0.0295090 seconds
138.470: [GC [PSYoungGen: 7166K->480K(7680K)] 21348K->14661K(25088K), 0.0003820 secs] [Times: user=0.00 sys=0.00, real=0.00 secs] 
138.470: Total time for which application threads were stopped: 0.0004780 seconds, Stopping threads took: 0.0000480 seconds
138.500: Application time: 0.0295830 seconds
138.500: [GC [PSYoungGen: 7134K->480K(7680K)] 21316K->14661K(25088K), 0.0003560 secs] [Times: user=0.01 sys=0.00, real=0.00 secs] 
138.500: Total time for which application threads were stopped: 0.0004420 seconds, Stopping threads took: 0.0000380 seconds
138.528: Application time: 0.0276100 seconds
138.528: [GC [PSYoungGen: 7134K->704K(7680K)] 21315K->14885K(25088K), 0.0003810 secs] [Times: user=0.00 sys=0.00, real=0.00 secs] 
138.528: Total time for which application threads were stopped: 0.0004810 seconds, Stopping threads took: 0.0000480 seconds
138.549: Application time: 0.0206830 seconds
138.549: [GC [PSYoungGen: 7358K->736K(7680K)] 21539K->14917K(25088K), 0.0003930 secs] [Times: user=0.01 sys=0.00, real=0.00 secs] 
138.549: Total time for which application threads were stopped: 0.0004890 seconds, Stopping threads took: 0.0000460 seconds
138.571: Application time: 0.0211700 seconds
138.571: [GC [PSYoungGen: 7389K->736K(7680K)] 21570K->14917K(25088K), 0.0003760 secs] [Times: user=0.01 sys=0.00, real=0.00 secs] 
138.571: Total time for which application threads were stopped: 0.0004840 seconds, Stopping threads took: 0.0000520 seconds
138.586: Application time: 0.0148990 seconds
138.586: [GC [PSYoungGen: 7388K->960K(7680K)] 21569K->15269K(25088K), 0.0004710 secs] [Times: user=0.00 sys=0.00, real=0.00 secs] 
138.587: Total time for which application threads were stopped: 0.0005700 seconds, Stopping threads took: 0.0000480 seconds
138.602: Application time: 0.0151690 seconds
138.603: [GC [PSYoungGen: 7612K->992K(7680K)] 21921K->15477K(25088K), 0.0004640 secs] [Times: user=0.00 sys=0.00, real=0.00 secs] 
138.604: Total time for which application threads were stopped: 0.0018980 seconds, Stopping threads took: 0.0013810 seconds
138.618: Application time: 0.0138850 seconds
138.618: [GC [PSYoungGen: 7644K->992K(7680K)] 22130K->15657K(25088K), 0.0004750 secs] [Times: user=0.00 sys=0.00, real=0.00 secs] 
138.618: Total time for which application threads were stopped: 0.0005930 seconds, Stopping threads took: 0.0000660 seconds
138.633: Application time: 0.0152610 seconds
138.633: [GC [PSYoungGen: 7646K->1008K(7680K)] 22312K->15846K(25088K), 0.0005310 secs] [Times: user=0.00 sys=0.00, real=0.00 secs] 
138.634: Total time for which application threads were stopped: 0.0006430 seconds, Stopping threads took: 0.0000570 seconds
138.647: Application time: 0.0128450 seconds
138.647: [GC [PSYoungGen: 7659K->1008K(7680K)] 22497K->16486K(25088K), 0.0006010 secs] [Times: user=0.00 sys=0.00, real=0.00 secs] 
138.648: Total time for which application threads were stopped: 0.0007060 seconds, Stopping threads took: 0.0000440 seconds
138.662: Application time: 0.0144200 seconds
138.662: [GC [PSYoungGen: 7660K->1008K(7680K)] 23139K->16867K(25088K), 0.0005190 secs] [Times: user=0.01 sys=0.00, real=0.00 secs] 
138.663: Total time for which application threads were stopped: 0.0006290 seconds, Stopping threads took: 0.0000600 seconds
138.678: Application time: 0.0155820 seconds
138.678: [GC [PSYoungGen: 7662K->992K(7680K)] 23521K->16995K(25088K), 0.0004610 secs] [Times: user=0.00 sys=0.00, real=0.00 secs] 
138.679: Total time for which application threads were stopped: 0.0005580 seconds, Stopping threads took: 0.0000480 seconds
138.700: Application time: 0.0214570 seconds
138.700: [GC [PSYoungGen: 7647K->992K(7680K)] 23651K->17387K(25088K), 0.0005860 secs] [Times: user=0.00 sys=0.00, real=0.00 secs] 
138.701: Total time for which application threads were stopped: 0.0006810 seconds, Stopping threads took: 0.0000430 seconds
138.728: Application time: 0.0274560 seconds
138.728: [GC [PSYoungGen: 7644K->1008K(7680K)] 24039K->17555K(25088K), 0.0005230 secs] [Times: user=0.00 sys=0.00, real=0.00 secs] 
138.729: Total time for which application threads were stopped: 0.0006180 seconds, Stopping threads took: 0.0000470 seconds
138.757: Application time: 0.0277360 seconds
138.757: [GC [PSYoungGen: 7663K->992K(7680K)] 24211K->17691K(25088K), 0.0005280 secs] [Times: user=0.00 sys=0.00, real=0.00 secs] 
138.757: Total time for which application threads were stopped: 0.0006370 seconds, Stopping threads took: 0.0000560 seconds
138.785: Application time: 0.0279700 seconds
138.785: [GC [PSYoungGen: 7645K->1008K(7680K)] 24345K->17803K(25088K), 0.0005020 secs] [Times: user=0.01 sys=0.00, real=0.00 secs] 
138.786: Total time for which application threads were stopped: 0.0006140 seconds, Stopping threads took: 0.0000600 seconds
138.815: Application time: 0.0287880 seconds
138.815: [GC [PSYoungGen: 7662K->928K(7680K)] 24458K->17851K(25088K), 0.0004930 secs] [Times: user=0.00 sys=0.00, real=0.00 secs] 
138.815: Total time for which application threads were stopped: 0.0006000 seconds, Stopping threads took: 0.0000560 seconds
138.844: Application time: 0.0289050 seconds
138.844: [GC [PSYoungGen: 7582K->928K(7680K)] 24506K->17851K(25088K), 0.0004360 secs] [Times: user=0.00 sys=0.00, real=0.00 secs] 
138.845: Total time for which application threads were stopped: 0.0005290 seconds, Stopping threads took: 0.0000430 seconds
138.874: Application time: 0.0287420 seconds
138.874: [GC [PSYoungGen: 7582K->944K(7680K)] 24506K->17867K(25088K), 0.0004460 secs] [Times: user=0.00 sys=0.00, real=0.00 secs] 
138.874: Total time for which application threads were stopped: 0.0005400 seconds, Stopping threads took: 0.0000440 seconds
138.904: Application time: 0.0298860 seconds
138.904: [GC [PSYoungGen: 7598K->976K(7680K)] 24522K->17899K(25088K), 0.0004450 secs] [Times: user=0.01 sys=0.00, real=0.00 secs] 
138.904: Total time for which application threads were stopped: 0.0005540 seconds, Stopping threads took: 0.0000590 seconds
138.933: Application time: 0.0287340 seconds
138.933: [GC [PSYoungGen: 7630K->1008K(7680K)] 24554K->17931K(25088K), 0.0004640 secs] [Times: user=0.00 sys=0.00, real=0.00 secs] 
138.934: Total time for which application threads were stopped: 0.0005680 seconds, Stopping threads took: 0.0000520 seconds
138.963: Application time: 0.0287050 seconds
138.963: [GC [PSYoungGen: 7662K->960K(7680K)] 24586K->17883K(25088K), 0.0004520 secs] [Times: user=0.00 sys=0.00, real=0.00 secs] 
138.963: Total time for which application threads were stopped: 0.0005530 seconds, Stopping threads took: 0.0000440 seconds
138.990: Application time: 0.0271090 seconds
138.990: [GC [PSYoungGen: 7614K->1008K(7680K)] 24537K->18091K(25088K), 0.0004930 secs] [Times: user=0.01 sys=0.00, real=0.00 secs] 
138.991: [Full GC [PSYoungGen: 1008K->0K(7680K)] [ParOldGen: 17083K->3343K(17408K)] 18091K->3343K(25088K) [PSPermGen: 5574K->5574K(21504K)], 0.0050420 secs] [Times: user=0.01 sys=0.00, real=0.01 secs] 
138.996: Total time for which application threads were stopped: 0.0056930 seconds, Stopping threads took: 0.0000450 seconds
139.022: Application time: 0.0265410 seconds
139.022: [GC [PSYoungGen: 6655K->544K(7680K)] 9999K->3887K(25088K), 0.0004000 secs] [Times: user=0.00 sys=0.00, real=0.00 secs] 
139.023: Total time for which application threads were stopped: 0.0005020 seconds, Stopping threads took: 0.0000500 seconds
139.050: Application time: 0.0273510 seconds
139.050: [GC [PSYoungGen: 7198K->704K(7680K)] 10541K->4047K(25088K), 0.0003650 secs] [Times: user=0.01 sys=0.00, real=0.00 secs] 
139.051: Total time for which application threads were stopped: 0.0004730 seconds, Stopping threads took: 0.0000560 seconds
139.077: Application time: 0.0266180 seconds
139.077: [GC [PSYoungGen: 7359K->928K(7680K)] 10703K->4271K(25088K), 0.0004290 secs] [Times: user=0.00 sys=0.00, real=0.00 secs] 
139.078: Total time for which application threads were stopped: 0.0005260 seconds, Stopping threads took: 0.0000420 seconds
139.106: Application time: 0.0282790 seconds
139.107: [GC [PSYoungGen: 7582K->960K(7680K)] 10925K->4431K(25088K), 0.0004530 secs] [Times: user=0.01 sys=0.00, real=0.00 secs] 
139.108: Total time for which application threads were stopped: 0.0014480 seconds, Stopping threads took: 0.0009440 seconds
139.137: Application time: 0.0297770 seconds
139.137: [GC [PSYoungGen: 7614K->992K(7680K)] 11086K->4463K(25088K), 0.0003990 secs] [Times: user=0.00 sys=0.00, real=0.00 secs] 
139.138: Total time for which application threads were stopped: 0.0005030 seconds, Stopping threads took: 0.0000520 seconds
139.168: Application time: 0.0297940 seconds
139.168: [GC [PSYoungGen: 7646K->896K(7680K)] 11118K->4367K(25088K), 0.0004020 secs] [Times: user=0.00 sys=0.00, real=0.00 secs] 
139.168: Total time for which application threads were stopped: 0.0004970 seconds, Stopping threads took: 0.0000440 seconds
139.198: Application time: 0.0301180 seconds
139.199: [GC [PSYoungGen: 7550K->928K(7680K)] 11022K->4399K(25088K), 0.0004490 secs] [Times: user=0.01 sys=0.00, real=0.00 secs] 
139.200: Total time for which application threads were stopped: 0.0012860 seconds, Stopping threads took: 0.0007840 seconds
139.229: Application time: 0.0298250 seconds
139.230: [GC [PSYoungGen: 7582K->928K(7680K)] 11054K->4399K(25088K), 0.0004100 secs] [Times: user=0.01 sys=0.00, real=0.00 secs] 
139.230: Total time for which application threads were stopped: 0.0005160 seconds, Stopping threads took: 0.0000560 seconds
139.260: Application time: 0.0300580 seconds
139.260: [GC [PSYoungGen: 7582K->960K(7680K)] 11054K->4431K(25088K), 0.0004650 secs] [Times: user=0.00 sys=0.00, real=0.00 secs] 
139.261: Total time for which application threads were stopped: 0.0005620 seconds, Stopping threads took: 0.0000470 seconds
139.291: Application time: 0.0305870 seconds
139.291: [GC [PSYoungGen: 7612K->960K(7680K)] 11083K->4431K(25088K), 0.0004700 secs] [Times: user=0.01 sys=0.00, real=0.00 secs] 
139.292: Total time for which application threads were stopped: 0.0005550 seconds, Stopping threads took: 0.0000380 seconds
139.322: Application time: 0.0303040 seconds
139.322: [GC [PSYoungGen: 7614K->928K(7680K)] 11086K->4399K(25088K), 0.0003920 secs] [Times: user=0.01 sys=0.00, real=0.00 secs] 
139.323: Total time for which application threads were stopped: 0.0005060 seconds, Stopping threads took: 0.0000640 seconds
139.353: Application time: 0.0302430 seconds
139.353: [GC [PSYoungGen: 7582K->992K(7680K)] 11054K->4503K(25088K), 0.0004210 secs] [Times: user=0.00 sys=0.00, real=0.00 secs] 
139.353: Total time for which application threads were stopped: 0.0005230 seconds, Stopping threads took: 0.0000510 seconds
139.383: Application time: 0.0299720 seconds
139.383: [GC [PSYoungGen: 7644K->928K(7680K)] 11155K->4439K(25088K), 0.0003920 secs] [Times: user=0.01 sys=0.00, real=0.00 secs] 
139.384: Total time for which application threads were stopped: 0.0005070 seconds, Stopping threads took: 0.0000570 seconds
139.414: Application time: 0.0304510 seconds
139.414: [GC [PSYoungGen: 7582K->992K(7680K)] 11094K->4527K(25088K), 0.0004230 secs] [Times: user=0.00 sys=0.00, real=0.00 secs] 
139.415: Total time for which application threads were stopped: 0.0005300 seconds, Stopping threads took: 0.0000570 seconds
139.445: Application time: 0.0297840 seconds
139.445: [GC [PSYoungGen: 7646K->928K(7680K)] 11182K->4463K(25088K), 0.0004320 secs] [Times: user=0.00 sys=0.00, real=0.00 secs] 
139.445: Total time for which application threads were stopped: 0.0005280 seconds, Stopping threads took: 0.0000450 seconds
139.475: Application time: 0.0297960 seconds
139.475: [GC [PSYoungGen: 7582K->768K(7680K)] 11118K->4492K(25088K), 0.0004280 secs] [Times: user=0.00 sys=0.00, real=0.00 secs] 
139.475: Total time for which application threads were stopped: 0.0005410 seconds, Stopping threads took: 0.0000520 seconds
139.506: Application time: 0.0304640 seconds
139.506: [GC [PSYoungGen: 7422K->576K(7680K)] 11146K->4528K(25088K), 0.0003670 secs] [Times: user=0.00 sys=0.00, real=0.00 secs] 
139.506: Total time for which application threads were stopped: 0.0004570 seconds, Stopping threads took: 0.0000420 seconds
139.536: Application time: 0.0297850 seconds
139.536: [GC [PSYoungGen: 7230K->160K(7680K)] 11183K->4493K(25088K), 0.0004090 secs] [Times: user=0.00 sys=0.00, real=0.00 secs] 
139.537: Total time for which application threads were stopped: 0.0005110 seconds, Stopping threads took: 0.0000520 seconds
139.566: Application time: 0.0298600 seconds
139.567: [GC [PSYoungGen: 6812K->0K(7680K)] 11145K->4413K(25088K), 0.0003130 secs] [Times: user=0.00 sys=0.00, real=0.00 secs] 
139.567: Total time for which application threads were stopped: 0.0004140 seconds, Stopping threads took: 0.0000540 seconds
139.597: Application time: 0.0298710 seconds
139.597: [GC [PSYoungGen: 6654K->0K(7680K)] 11067K->4413K(25088K), 0.0002860 secs] [Times: user=0.00 sys=0.00, real=0.00 secs] 
139.597: Total time for which application threads were stopped: 0.0003830 seconds, Stopping threads took: 0.0000480 seconds
139.627: Application time: 0.0298410 seconds
139.627: [GC [PSYoungGen: 6654K->0K(7680K)] 11067K->4413K(25088K), 0.0002960 secs] [Times: user=0.00 sys=0.00, real=0.00 secs] 
139.627: Total time for which application threads were stopped: 0.0003860 seconds, Stopping threads took: 0.0000380 seconds
139.657: Application time: 0.0298310 seconds
139.657: [GC [PSYoungGen: 6654K->0K(7680K)] 11067K->4413K(25088K), 0.0002950 secs] [Times: user=0.00 sys=0.00, real=0.00 secs] 
139.658: Total time for which application threads were stopped: 0.0003880 seconds, Stopping threads took: 0.0000420 seconds
139.687: Application time: 0.0297940 seconds
139.687: [GC [PSYoungGen: 6654K->0K(7680K)] 11067K->4413K(25088K), 0.0003330 secs] [Times: user=0.00 sys=0.00, real=0.00 secs] 
139.688: Total time for which application threads were stopped: 0.0004210 seconds, Stopping threads took: 0.0000420 seconds
139.718: Application time: 0.0297570 seconds
139.718: [GC [PSYoungGen: 6654K->0K(7680K)] 11067K->4413K(25088K), 0.0003220 secs] [Times: user=0.00 sys=0.00, real=0.00 secs] 
139.718: Total time for which application threads were stopped: 0.0004180 seconds, Stopping threads took: 0.0000470 seconds
139.748: Application time: 0.0298450 seconds
139.749: [GC [PSYoungGen: 6654K->0K(7680K)] 11067K->4413K(25088K), 0.0003460 secs] [Times: user=0.00 sys=0.00, real=0.00 secs] 
139.749: Total time for which application threads were stopped: 0.0014950 seconds, Stopping threads took: 0.0010900 seconds
139.779: Application time: 0.0300180 seconds
139.779: [GC [PSYoungGen: 6652K->0K(7680K)] 11065K->4413K(25088K), 0.0003010 secs] [Times: user=0.00 sys=0.00, real=0.00 secs] 
139.780: Total time for which application threads were stopped: 0.0003960 seconds, Stopping threads took: 0.0000480 seconds
139.810: Application time: 0.0299490 seconds
139.810: [GC [PSYoungGen: 6652K->0K(7680K)] 11065K->4413K(25088K), 0.0002870 secs] [Times: user=0.00 sys=0.00, real=0.00 secs] 
139.810: Total time for which application threads were stopped: 0.0003820 seconds, Stopping threads took: 0.0000510 seconds
139.840: Application time: 0.0296760 seconds
139.840: [GC [PSYoungGen: 6654K->0K(7680K)] 11067K->4413K(25088K), 0.0003030 secs] [Times: user=0.00 sys=0.00, real=0.00 secs] 
139.840: Total time for which application threads were stopped: 0.0004060 seconds, Stopping threads took: 0.0000570 seconds
139.871: Application time: 0.0306510 seconds
139.871: [GC [PSYoungGen: 6652K->0K(7680K)] 11065K->4413K(25088K), 0.0003220 secs] [Times: user=0.00 sys=0.01, real=0.01 secs] 
139.871: Total time for which application threads were stopped: 0.0004340 seconds, Stopping threads took: 0.0000620 seconds
139.901: Application time: 0.0295160 seconds
139.901: [GC [PSYoungGen: 6654K->0K(7680K)] 11067K->4413K(25088K), 0.0002860 secs] [Times: user=0.00 sys=0.00, real=0.00 secs] 
139.901: Total time for which application threads were stopped: 0.0003900 seconds, Stopping threads took: 0.0000500 seconds
139.926: Application time: 0.0252440 seconds
139.927: [GC [PSYoungGen: 6652K->352K(7680K)] 11065K->4765K(25088K), 0.0003350 secs] [Times: user=0.00 sys=0.00, real=0.00 secs] 
139.927: Total time for which application threads were stopped: 0.0004250 seconds, Stopping threads took: 0.0000440 seconds
139.948: Application time: 0.0206830 seconds
139.948: [GC [PSYoungGen: 7007K->384K(7680K)] 11420K->4797K(25088K), 0.0003400 secs] [Times: user=0.00 sys=0.00, real=0.00 secs] 
139.948: Total time for which application threads were stopped: 0.0004570 seconds, Stopping threads took: 0.0000670 seconds
139.971: Application time: 0.0227090 seconds
139.971: [GC [PSYoungGen: 7035K->320K(7680K)] 11448K->4733K(25088K), 0.0003780 secs] [Times: user=0.00 sys=0.00, real=0.01 secs] 
139.971: Total time for which application threads were stopped: 0.0004800 seconds, Stopping threads took: 0.0000520 seconds
139.993: Application time: 0.0213990 seconds
139.993: [GC [PSYoungGen: 6974K->512K(7680K)] 11387K->4925K(25088K), 0.0003500 secs] [Times: user=0.01 sys=0.00, real=0.00 secs] 
139.993: Total time for which application threads were stopped: 0.0004490 seconds, Stopping threads took: 0.0000380 seconds
140.015: Application time: 0.0214850 seconds
140.015: [GC [PSYoungGen: 7167K->480K(7680K)] 11581K->4893K(25088K), 0.0003420 secs] [Times: user=0.00 sys=0.00, real=0.00 secs] 
140.015: Total time for which application threads were stopped: 0.0004430 seconds, Stopping threads took: 0.0000490 seconds
140.040: Application time: 0.0245320 seconds
140.040: [GC [PSYoungGen: 7133K->512K(7680K)] 11547K->4925K(25088K), 0.0003410 secs] [Times: user=0.00 sys=0.00, real=0.00 secs] 
140.040: Total time for which application threads were stopped: 0.0004310 seconds, Stopping threads took: 0.0000410 seconds
140.069: Application time: 0.0294000 seconds
140.069: [GC [PSYoungGen: 7164K->512K(7680K)] 11577K->4925K(25088K), 0.0003600 secs] [Times: user=0.00 sys=0.00, real=0.00 secs] 
140.070: Total time for which application threads were stopped: 0.0004510 seconds, Stopping threads took: 0.0000380 seconds
140.098: Application time: 0.0284760 seconds
140.098: [GC [PSYoungGen: 7165K->544K(7680K)] 11578K->4957K(25088K), 0.0003100 secs] [Times: user=0.00 sys=0.00, real=0.00 secs] 
140.099: Total time for which application threads were stopped: 0.0004110 seconds, Stopping threads took: 0.0000530 seconds
140.128: Application time: 0.0295780 seconds
140.128: [GC [PSYoungGen: 7198K->512K(7680K)] 11612K->4925K(25088K), 0.0003900 secs] [Times: user=0.00 sys=0.00, real=0.00 secs] 
140.129: Total time for which application threads were stopped: 0.0004870 seconds, Stopping threads took: 0.0000470 seconds
140.158: Application time: 0.0296140 seconds
140.158: [GC [PSYoungGen: 7166K->512K(7680K)] 11580K->4925K(25088K), 0.0003220 secs] [Times: user=0.00 sys=0.00, real=0.00 secs] 
140.159: Total time for which application threads were stopped: 0.0004220 seconds, Stopping threads took: 0.0000500 seconds
140.188: Application time: 0.0296510 seconds
140.189: [GC [PSYoungGen: 7166K->512K(7680K)] 11580K->4925K(25088K), 0.0003290 secs] [Times: user=0.00 sys=0.00, real=0.00 secs] 
140.189: Total time for which application threads were stopped: 0.0004380 seconds, Stopping threads took: 0.0000480 seconds
140.218: Application time: 0.0294680 seconds
140.218: [GC [PSYoungGen: 7166K->544K(7680K)] 11580K->4957K(25088K), 0.0003230 secs] [Times: user=0.00 sys=0.00, real=0.00 secs] 
140.219: Total time for which application threads were stopped: 0.0004320 seconds, Stopping threads took: 0.0000560 seconds
140.248: Application time: 0.0294870 seconds
140.248: [GC [PSYoungGen: 7198K->480K(7680K)] 11612K->4893K(25088K), 0.0003950 secs] [Times: user=0.00 sys=0.00, real=0.00 secs] 
140.249: Total time for which application threads were stopped: 0.0004900 seconds, Stopping threads took: 0.0000430 seconds
140.278: Application time: 0.0292860 seconds
140.278: [GC [PSYoungGen: 7134K->512K(7680K)] 11548K->4925K(25088K), 0.0003320 secs] [Times: user=0.00 sys=0.00, real=0.00 secs] 
140.278: Total time for which application threads were stopped: 0.0004380 seconds, Stopping threads took: 0.0000590 seconds
140.300: Application time: 0.0217540 seconds
140.300: [GC [PSYoungGen: 7166K->736K(7680K)] 11579K->5149K(25088K), 0.0003650 secs] [Times: user=0.00 sys=0.00, real=0.00 secs] 
140.301: Total time for which application threads were stopped: 0.0004690 seconds, Stopping threads took: 0.0000540 seconds
140.323: Application time: 0.0219700 seconds
140.323: [GC [PSYoungGen: 7391K->640K(7680K)] 11805K->5053K(25088K), 0.0003880 secs] [Times: user=0.00 sys=0.00, real=0.00 secs] 
140.323: Total time for which application threads were stopped: 0.0004750 seconds, Stopping threads took: 0.0000380 seconds
140.342: Application time: 0.0192040 seconds
140.342: [GC [PSYoungGen: 7295K->960K(7680K)] 11708K->5501K(25088K), 0.0004300 secs] [Times: user=0.00 sys=0.00, real=0.00 secs] 
140.343: Total time for which application threads were stopped: 0.0005260 seconds, Stopping threads took: 0.0000490 seconds
140.357: Application time: 0.0136690 seconds
140.357: [GC [PSYoungGen: 7616K->992K(7680K)] 12157K->5829K(25088K), 0.0004680 secs] [Times: user=0.01 sys=0.00, real=0.00 secs] 
140.357: Total time for which application threads were stopped: 0.0005700 seconds, Stopping threads took: 0.0000520 seconds
140.370: Application time: 0.0131230 seconds
140.370: [GC [PSYoungGen: 7646K->992K(7680K)] 12483K->6013K(25088K), 0.0004520 secs] [Times: user=0.00 sys=0.00, real=0.00 secs] 
140.371: Total time for which application threads were stopped: 0.0005300 seconds, Stopping threads took: 0.0000310 seconds
140.383: Application time: 0.0126180 seconds
140.383: [GC [PSYoungGen: 7644K->1008K(7680K)] 12665K->6221K(25088K), 0.0005080 secs] [Times: user=0.01 sys=0.00, real=0.00 secs] 
140.384: Total time for which application threads were stopped: 0.0005870 seconds, Stopping threads took: 0.0000320 seconds
140.395: Application time: 0.0112470 seconds
140.395: [GC [PSYoungGen: 7659K->992K(7680K)] 12873K->6869K(25088K), 0.0006810 secs] [Times: user=0.00 sys=0.00, real=0.00 secs] 
140.396: Total time for which application threads were stopped: 0.0007710 seconds, Stopping threads took: 0.0000370 seconds
140.413: Application time: 0.0166950 seconds
140.413: [GC [PSYoungGen: 7647K->1008K(7680K)] 13524K->7305K(25088K), 0.0005170 secs] [Times: user=0.01 sys=0.00, real=0.00 secs] 
140.413: Total time for which application threads were stopped: 0.0006160 seconds, Stopping threads took: 0.0000500 seconds
140.428: Application time: 0.0151510 seconds
140.429: [GC [PSYoungGen: 7664K->1008K(7680K)] 13961K->7447K(25088K), 0.0005030 secs] [Times: user=0.00 sys=0.00, real=0.00 secs] 
140.429: Total time for which application threads were stopped: 0.0005970 seconds, Stopping threads took: 0.0000380 seconds
140.451: Application time: 0.0223130 seconds
140.451: [GC [PSYoungGen: 7661K->992K(7680K)] 14100K->7868K(25088K), 0.0004860 secs] [Times: user=0.00 sys=0.00, real=0.00 secs] 
140.452: Total time for which application threads were stopped: 0.0005900 seconds, Stopping threads took: 0.0000490 seconds
140.477: Application time: 0.0253120 seconds
140.477: [GC [PSYoungGen: 7647K->992K(7680K)] 14523K->8381K(25088K), 0.0005760 secs] [Times: user=0.00 sys=0.00, real=0.00 secs] 
140.478: Total time for which application threads were stopped: 0.0006870 seconds, Stopping threads took: 0.0000510 seconds
140.505: Application time: 0.0266350 seconds
140.505: [GC [PSYoungGen: 7563K->992K(7680K)] 14952K->8529K(25088K), 0.0004680 secs] [Times: user=0.00 sys=0.00, real=0.00 secs] 
140.505: Total time for which application threads were stopped: 0.0005780 seconds, Stopping threads took: 0.0000510 seconds
140.534: Application time: 0.0287540 seconds
140.534: [GC [PSYoungGen: 7645K->992K(7680K)] 15183K->8681K(25088K), 0.0004580 secs] [Times: user=0.00 sys=0.00, real=0.00 secs] 
140.535: Total time for which application threads were stopped: 0.0005620 seconds, Stopping threads took: 0.0000540 seconds
140.564: Application time: 0.0292020 seconds
140.564: [GC [PSYoungGen: 7646K->992K(7680K)] 15336K->8697K(25088K), 0.0004730 secs] [Times: user=0.00 sys=0.00, real=0.00 secs] 
140.564: Total time for which application threads were stopped: 0.0005720 seconds, Stopping threads took: 0.0000450 seconds
140.593: Application time: 0.0288370 seconds
140.593: [GC [PSYoungGen: 7646K->992K(7680K)] 15352K->8697K(25088K), 0.0004080 secs] [Times: user=0.00 sys=0.00, real=0.00 secs] 
140.594: Total time for which application threads were stopped: 0.0004980 seconds, Stopping threads took: 0.0000390 seconds
140.623: Application time: 0.0289650 seconds
140.623: [GC [PSYoungGen: 7646K->992K(7680K)] 15352K->8701K(25088K), 0.0004090 secs] [Times: user=0.00 sys=0.00, real=0.00 secs] 
140.623: Total time for which application threads were stopped: 0.0005140 seconds, Stopping threads took: 0.0000530 seconds
140.655: Application time: 0.0318360 seconds
140.659: [GC [PSYoungGen: 7645K->992K(7680K)] 15355K->8701K(25088K), 0.0004110 secs] [Times: user=0.01 sys=0.00, real=0.00 secs] 
140.660: Total time for which application threads were stopped: 0.0046220 seconds, Stopping threads took: 0.0041590 seconds
140.689: Application time: 0.0290960 seconds
140.689: [GC [PSYoungGen: 7646K->992K(7680K)] 15356K->8709K(25088K), 0.0004250 secs] [Times: user=0.00 sys=0.00, real=0.00 secs] 
140.689: Total time for which application threads were stopped: 0.0005230 seconds, Stopping threads took: 0.0000460 seconds
140.718: Application time: 0.0290180 seconds
140.718: [GC [PSYoungGen: 7646K->992K(7680K)] 15364K->8725K(25088K), 0.0003920 secs] [Times: user=0.00 sys=0.00, real=0.00 secs] 
140.719: Total time for which application threads were stopped: 0.0004950 seconds, Stopping threads took: 0.0000530 seconds
140.746: Application time: 0.0276080 seconds
140.746: [GC [PSYoungGen: 7643K->992K(7680K)] 15377K->8882K(25088K), 0.0004570 secs] [Times: user=0.00 sys=0.00, real=0.00 secs] 
140.747: Total time for which application threads were stopped: 0.0005520 seconds, Stopping threads took: 0.0000430 seconds
140.777: Application time: 0.0296380 seconds
140.777: [GC [PSYoungGen: 7644K->928K(7680K)] 15534K->8946K(25088K), 0.0004530 secs] [Times: user=0.00 sys=0.00, real=0.00 secs] 
140.777: Total time for which application threads were stopped: 0.0005690 seconds, Stopping threads took: 0.0000580 seconds
140.803: Application time: 0.0255570 seconds
140.803: [GC [PSYoungGen: 7581K->992K(7680K)] 15599K->9390K(25088K), 0.0004900 secs] [Times: user=0.00 sys=0.00, real=0.00 secs] 
140.803: Total time for which application threads were stopped: 0.0005870 seconds, Stopping threads took: 0.0000440 seconds
140.830: Application time: 0.0268530 seconds
140.830: [GC [PSYoungGen: 7647K->992K(7680K)] 16046K->9582K(25088K), 0.0004530 secs] [Times: user=0.01 sys=0.00, real=0.00 secs] 
140.831: Total time for which application threads were stopped: 0.0005500 seconds, Stopping threads took: 0.0000470 seconds
140.857: Application time: 0.0268280 seconds
140.858: [GC [PSYoungGen: 7647K->992K(7680K)] 16238K->9798K(25088K), 0.0005530 secs] [Times: user=0.00 sys=0.00, real=0.00 secs] 
140.858: Total time for which application threads were stopped: 0.0006600 seconds, Stopping threads took: 0.0000530 seconds
140.888: Application time: 0.0295630 seconds
140.888: [GC [PSYoungGen: 7646K->992K(7680K)] 16453K->9806K(25088K), 0.0004490 secs] [Times: user=0.00 sys=0.00, real=0.00 secs] 
140.888: Total time for which application threads were stopped: 0.0005490 seconds, Stopping threads took: 0.0000460 seconds
140.918: Application time: 0.0298620 seconds
140.918: [GC [PSYoungGen: 7646K->960K(7680K)] 16461K->9806K(25088K), 0.0004940 secs] [Times: user=0.00 sys=0.00, real=0.00 secs] 
140.919: Total time for which application threads were stopped: 0.0005860 seconds, Stopping threads took: 0.0000400 seconds
140.949: Application time: 0.0298220 seconds
140.949: [GC [PSYoungGen: 7614K->960K(7680K)] 16461K->9814K(25088K), 0.0005170 secs] [Times: user=0.00 sys=0.00, real=0.00 secs] 
140.949: Total time for which application threads were stopped: 0.0006220 seconds, Stopping threads took: 0.0000520 seconds
140.979: Application time: 0.0298890 seconds
140.979: [GC [PSYoungGen: 7614K->960K(7680K)] 16469K->9814K(25088K), 0.0004470 secs] [Times: user=0.00 sys=0.00, real=0.00 secs] 
140.980: Total time for which application threads were stopped: 0.0005420 seconds, Stopping threads took: 0.0000430 seconds
141.010: Application time: 0.0301560 seconds
141.010: [GC [PSYoungGen: 7614K->960K(7680K)] 16469K->9814K(25088K), 0.0004080 secs] [Times: user=0.00 sys=0.00, real=0.00 secs] 
141.010: Total time for which application threads were stopped: 0.0005260 seconds, Stopping threads took: 0.0000560 seconds
141.040: Application time: 0.0300820 seconds
141.040: [GC [PSYoungGen: 7614K->960K(7680K)] 16469K->9814K(25088K), 0.0004120 secs] [Times: user=0.00 sys=0.00, real=0.00 secs] 
141.041: Total time for which application threads were stopped: 0.0005300 seconds, Stopping threads took: 0.0000620 seconds
141.071: Application time: 0.0296650 seconds
141.071: [GC [PSYoungGen: 7614K->992K(7680K)] 16469K->9846K(25088K), 0.0003940 secs] [Times: user=0.00 sys=0.00, real=0.00 secs] 
141.071: Total time for which application threads were stopped: 0.0004980 seconds, Stopping threads took: 0.0000540 seconds
141.101: Application time: 0.0302310 seconds
141.101: [GC [PSYoungGen: 7646K->960K(7680K)] 16501K->9814K(25088K), 0.0004050 secs] [Times: user=0.00 sys=0.00, real=0.00 secs] 
141.102: Total time for which application threads were stopped: 0.0005080 seconds, Stopping threads took: 0.0000540 seconds
141.132: Application time: 0.0298600 seconds
141.132: [GC [PSYoungGen: 7614K->896K(7680K)] 16469K->9750K(25088K), 0.0004530 secs] [Times: user=0.00 sys=0.00, real=0.00 secs] 
141.132: Total time for which application threads were stopped: 0.0005530 seconds, Stopping threads took: 0.0000520 seconds
141.162: Application time: 0.0301650 seconds
141.162: [GC [PSYoungGen: 7548K->960K(7680K)] 16403K->9814K(25088K), 0.0003780 secs] [Times: user=0.00 sys=0.00, real=0.00 secs] 
141.163: Total time for which application threads were stopped: 0.0004630 seconds, Stopping threads took: 0.0000390 seconds
141.193: Application time: 0.0300030 seconds
141.193: [GC [PSYoungGen: 7614K->928K(7680K)] 16469K->9830K(25088K), 0.0003920 secs] [Times: user=0.00 sys=0.00, real=0.00 secs] 
141.193: Total time for which application threads were stopped: 0.0004980 seconds, Stopping threads took: 0.0000540 seconds
141.223: Application time: 0.0298070 seconds
141.223: [GC [PSYoungGen: 7582K->960K(7680K)] 16485K->9862K(25088K), 0.0003750 secs] [Times: user=0.00 sys=0.00, real=0.00 secs] 
141.224: Total time for which application threads were stopped: 0.0004640 seconds, Stopping threads took: 0.0000400 seconds
141.253: Application time: 0.0298390 seconds
141.254: [GC [PSYoungGen: 7614K->800K(7680K)] 16517K->9910K(25088K), 0.0003990 secs] [Times: user=0.00 sys=0.00, real=0.00 secs] 
141.254: Total time for which application threads were stopped: 0.0004910 seconds, Stopping threads took: 0.0000420 seconds
141.284: Application time: 0.0299370 seconds
141.284: [GC [PSYoungGen: 7454K->512K(7680K)] 16565K->9903K(25088K), 0.0004040 secs] [Times: user=0.00 sys=0.00, real=0.00 secs] 
141.284: Total time for which application threads were stopped: 0.0005120 seconds, Stopping threads took: 0.0000530 seconds
141.314: Application time: 0.0298310 seconds
141.314: [GC [PSYoungGen: 7166K->0K(7680K)] 16558K->9801K(25088K), 0.0003740 secs] [Times: user=0.00 sys=0.00, real=0.00 secs] 
141.315: Total time for which application threads were stopped: 0.0004730 seconds, Stopping threads took: 0.0000520 seconds
141.344: Application time: 0.0297590 seconds
141.345: [GC [PSYoungGen: 6654K->0K(7680K)] 16455K->9801K(25088K), 0.0003140 secs] [Times: user=0.00 sys=0.00, real=0.00 secs] 
141.345: Total time for which application threads were stopped: 0.0004130 seconds, Stopping threads took: 0.0000510 seconds
141.375: Application time: 0.0304960 seconds
141.375: [GC [PSYoungGen: 6652K->0K(7680K)] 16453K->9801K(25088K), 0.0003660 secs] [Times: user=0.00 sys=0.00, real=0.00 secs] 
141.376: Total time for which application threads were stopped: 0.0004860 seconds, Stopping threads took: 0.0000650 seconds
141.407: Application time: 0.0307320 seconds
141.407: [GC [PSYoungGen: 6654K->0K(7680K)] 16455K->9801K(25088K), 0.0003240 secs] [Times: user=0.00 sys=0.00, real=0.00 secs] 
141.407: Total time for which application threads were stopped: 0.0004130 seconds, Stopping threads took: 0.0000370 seconds
141.437: Application time: 0.0298650 seconds
141.437: [GC [PSYoungGen: 6654K->0K(7680K)] 16455K->9801K(25088K), 0.0002990 secs] [Times: user=0.00 sys=0.00, real=0.00 secs] 
141.437: Total time for which application threads were stopped: 0.0003930 seconds, Stopping threads took: 0.0000480 seconds
141.467: Application time: 0.0299980 seconds
141.467: [GC [PSYoungGen: 6654K->0K(7680K)] 16455K->9801K(25088K), 0.0002950 secs] [Times: user=0.00 sys=0.00, real=0.00 secs] 
141.468: Total time for which application threads were stopped: 0.0003930 seconds, Stopping threads took: 0.0000510 seconds
141.498: Application time: 0.0298730 seconds
141.498: [GC [PSYoungGen: 6654K->0K(7680K)] 16455K->9801K(25088K), 0.0002990 secs] [Times: user=0.00 sys=0.00, real=0.00 secs] 
141.498: Total time for which application threads were stopped: 0.0003960 seconds, Stopping threads took: 0.0000460 seconds
141.528: Application time: 0.0298740 seconds
141.528: [GC [PSYoungGen: 6654K->0K(7680K)] 16455K->9801K(25088K), 0.0002990 secs] [Times: user=0.00 sys=0.00, real=0.00 secs] 
141.528: Total time for which application threads were stopped: 0.0004030 seconds, Stopping threads took: 0.0000460 seconds
141.559: Application time: 0.0307180 seconds
141.559: [GC [PSYoungGen: 6652K->0K(7680K)] 16453K->9801K(25088K), 0.0002860 secs] [Times: user=0.00 sys=0.00, real=0.01 secs] 
141.559: Total time for which application threads were stopped: 0.0003790 seconds, Stopping threads took: 0.0000430 seconds
141.589: Application time: 0.0299010 seconds
141.589: [GC [PSYoungGen: 6652K->0K(7680K)] 16453K->9801K(25088K), 0.0003310 secs] [Times: user=0.00 sys=0.00, real=0.00 secs] 
141.590: Total time for which application threads were stopped: 0.0004220 seconds, Stopping threads took: 0.0000460 seconds
141.619: Application time: 0.0295680 seconds
141.619: [GC [PSYoungGen: 6654K->0K(7680K)] 16455K->9801K(25088K), 0.0003310 secs] [Times: user=0.01 sys=0.00, real=0.00 secs] 
141.620: Total time for which application threads were stopped: 0.0004270 seconds, Stopping threads took: 0.0000490 seconds
141.649: Application time: 0.0295140 seconds
141.649: [GC [PSYoungGen: 6654K->0K(7680K)] 16455K->9801K(25088K), 0.0002920 secs] [Times: user=0.00 sys=0.00, real=0.00 secs] 
141.650: Total time for which application threads were stopped: 0.0003930 seconds, Stopping threads took: 0.0000540 seconds
141.672: Application time: 0.0226250 seconds
141.672: [GC [PSYoungGen: 6652K->384K(7680K)] 16453K->10185K(25088K), 0.0003330 secs] [Times: user=0.00 sys=0.00, real=0.00 secs] 
141.673: Total time for which application threads were stopped: 0.0004320 seconds, Stopping threads took: 0.0000510 seconds
141.694: Application time: 0.0212190 seconds
141.694: [GC [PSYoungGen: 7037K->384K(7680K)] 16838K->10185K(25088K), 0.0003190 secs] [Times: user=0.01 sys=0.00, real=0.00 secs] 
141.694: Total time for which application threads were stopped: 0.0004240 seconds, Stopping threads took: 0.0000500 seconds
141.719: Application time: 0.0248170 seconds
141.719: [GC [PSYoungGen: 7037K->352K(7680K)] 16839K->10153K(25088K), 0.0003560 secs] [Times: user=0.00 sys=0.00, real=0.00 secs] 
141.720: Total time for which application threads were stopped: 0.0004500 seconds, Stopping threads took: 0.0000460 seconds
141.741: Application time: 0.0214890 seconds
141.741: [GC [PSYoungGen: 7004K->512K(7680K)] 16805K->10313K(25088K), 0.0003930 secs] [Times: user=0.00 sys=0.00, real=0.00 secs] 
141.741: Total time for which application threads were stopped: 0.0004720 seconds, Stopping threads took: 0.0000310 seconds
141.763: Application time: 0.0212610 seconds
141.763: [GC [PSYoungGen: 7165K->512K(7680K)] 16966K->10313K(25088K), 0.0003760 secs] [Times: user=0.00 sys=0.00, real=0.00 secs] 
141.763: Total time for which application threads were stopped: 0.0004870 seconds, Stopping threads took: 0.0000560 seconds
141.789: Application time: 0.0253600 seconds
141.789: [GC [PSYoungGen: 7165K->544K(7680K)] 16966K->10345K(25088K), 0.0003750 secs] [Times: user=0.00 sys=0.00, real=0.00 secs] 
141.789: Total time for which application threads were stopped: 0.0004810 seconds, Stopping threads took: 0.0000560 seconds
141.818: Application time: 0.0293750 seconds
141.819: [GC [PSYoungGen: 7196K->512K(7680K)] 16997K->10313K(25088K), 0.0003460 secs] [Times: user=0.01 sys=0.00, real=0.00 secs] 
141.819: Total time for which application threads were stopped: 0.0004490 seconds, Stopping threads took: 0.0000530 seconds
141.848: Application time: 0.0294170 seconds
141.848: [GC [PSYoungGen: 7166K->448K(7680K)] 16967K->10249K(25088K), 0.0004270 secs] [Times: user=0.00 sys=0.00, real=0.00 secs] 
141.850: Total time for which application threads were stopped: 0.0016220 seconds, Stopping threads took: 0.0000520 seconds
141.880: Application time: 0.0296770 seconds
141.880: [GC [PSYoungGen: 7102K->544K(7680K)] 16903K->10345K(25088K), 0.0003900 secs] [Times: user=0.00 sys=0.00, real=0.00 secs] 
141.880: Total time for which application threads were stopped: 0.0005090 seconds, Stopping threads took: 0.0000720 seconds
141.910: Application time: 0.0296170 seconds
141.910: [GC [PSYoungGen: 7198K->448K(7680K)] 16999K->10249K(25088K), 0.0004260 secs] [Times: user=0.00 sys=0.00, real=0.00 secs] 
141.910: Total time for which application threads were stopped: 0.0005250 seconds, Stopping threads took: 0.0000500 seconds
141.941: Application time: 0.0308760 seconds
141.941: [GC [PSYoungGen: 7102K->512K(7680K)] 16903K->10313K(25088K), 0.0004030 secs] [Times: user=0.00 sys=0.00, real=0.00 secs] 
141.942: Total time for which application threads were stopped: 0.0005040 seconds, Stopping threads took: 0.0000470 seconds
141.971: Application time: 0.0296840 seconds
141.971: [GC [PSYoungGen: 7166K->480K(7680K)] 16967K->10281K(25088K), 0.0003920 secs] [Times: user=0.00 sys=0.00, real=0.00 secs] 
141.972: Total time for which application threads were stopped: 0.0004940 seconds, Stopping threads took: 0.0000520 seconds
142.002: Application time: 0.0299250 seconds
142.002: [GC [PSYoungGen: 7132K->544K(7680K)] 16933K->10345K(25088K), 0.0003290 secs] [Times: user=0.00 sys=0.00, real=0.00 secs] 
142.002: Total time for which application threads were stopped: 0.0004190 seconds, Stopping threads took: 0.0000350 seconds
142.032: Application time: 0.0297180 seconds
142.032: [GC [PSYoungGen: 7198K->480K(7680K)] 16999K->10281K(25088K), 0.0003970 secs] [Times: user=0.00 sys=0.00, real=0.00 secs] 
142.032: Total time for which application threads were stopped: 0.0005170 seconds, Stopping threads took: 0.0000590 seconds
142.053: Application time: 0.0202610 seconds
142.053: [GC [PSYoungGen: 7132K->736K(7680K)] 16933K->10537K(25088K), 0.0003740 secs] [Times: user=0.00 sys=0.00, real=0.00 secs] 
142.053: Total time for which application threads were stopped: 0.0004660 seconds, Stopping threads took: 0.0000400 seconds
142.074: Application time: 0.0211840 seconds
142.074: [GC [PSYoungGen: 7389K->704K(7680K)] 17190K->10505K(25088K), 0.0004330 secs] [Times: user=0.00 sys=0.00, real=0.00 secs] 
142.075: Total time for which application threads were stopped: 0.0005210 seconds, Stopping threads took: 0.0000380 seconds
142.097: Application time: 0.0225880 seconds
142.098: [GC [PSYoungGen: 7357K->992K(7680K)] 17158K->10921K(25088K), 0.0004330 secs] [Times: user=0.00 sys=0.00, real=0.00 secs] 
142.098: Total time for which application threads were stopped: 0.0005360 seconds, Stopping threads took: 0.0000500 seconds
142.116: Application time: 0.0178450 seconds
142.116: [GC [PSYoungGen: 7647K->1008K(7680K)] 17576K->11025K(25088K), 0.0005210 secs] [Times: user=0.00 sys=0.00, real=0.00 secs] 
142.116: Total time for which application threads were stopped: 0.0006240 seconds, Stopping threads took: 0.0000530 seconds
142.132: Application time: 0.0154130 seconds
142.132: [GC [PSYoungGen: 7660K->1008K(7680K)] 17677K->11281K(25088K), 0.0004920 secs] [Times: user=0.00 sys=0.00, real=0.00 secs] 
142.132: Total time for which application threads were stopped: 0.0005850 seconds, Stopping threads took: 0.0000430 seconds
142.146: Application time: 0.0134580 seconds
142.146: [GC [PSYoungGen: 7660K->1008K(7680K)] 17934K->11569K(25088K), 0.0005410 secs] [Times: user=0.00 sys=0.00, real=0.00 secs] 
142.147: Total time for which application threads were stopped: 0.0006330 seconds, Stopping threads took: 0.0000440 seconds
142.159: Application time: 0.0124230 seconds
142.159: [GC [PSYoungGen: 7663K->992K(7680K)] 18224K->11825K(25088K), 0.0006120 secs] [Times: user=0.00 sys=0.00, real=0.01 secs] 
142.160: Total time for which application threads were stopped: 0.0007140 seconds, Stopping threads took: 0.0000510 seconds
142.173: Application time: 0.0136410 seconds
142.173: [GC [PSYoungGen: 7645K->992K(7680K)] 18478K->12381K(25088K), 0.0006020 secs] [Times: user=0.00 sys=0.00, real=0.00 secs] 
142.174: Total time for which application threads were stopped: 0.0007080 seconds, Stopping threads took: 0.0000550 seconds
142.186: Application time: 0.0122280 seconds
142.186: [GC [PSYoungGen: 7646K->992K(7680K)] 19036K->12891K(25088K), 0.0005970 secs] [Times: user=0.00 sys=0.00, real=0.00 secs] 
142.187: Total time for which application threads were stopped: 0.0007010 seconds, Stopping threads took: 0.0000510 seconds
142.207: Application time: 0.0198290 seconds
142.207: [GC [PSYoungGen: 7643K->1008K(7680K)] 19542K->13163K(25088K), 0.0004730 secs] [Times: user=0.00 sys=0.00, real=0.00 secs] 
142.207: Total time for which application threads were stopped: 0.0005640 seconds, Stopping threads took: 0.0000380 seconds
142.231: Application time: 0.0240540 seconds
142.235: [GC [PSYoungGen: 7661K->1008K(7680K)] 19816K->13399K(25088K), 0.0005280 secs] [Times: user=0.00 sys=0.00, real=0.00 secs] 
142.236: Total time for which application threads were stopped: 0.0042780 seconds, Stopping threads took: 0.0036980 seconds
142.262: Application time: 0.0266960 seconds
142.262: [GC [PSYoungGen: 7663K->992K(7680K)] 20054K->13751K(25088K), 0.0004930 secs] [Times: user=0.00 sys=0.00, real=0.00 secs] 
142.263: Total time for which application threads were stopped: 0.0006020 seconds, Stopping threads took: 0.0000570 seconds
142.291: Application time: 0.0281490 seconds
142.291: [GC [PSYoungGen: 7645K->992K(7680K)] 20405K->13796K(25088K), 0.0004420 secs] [Times: user=0.00 sys=0.00, real=0.00 secs] 
142.292: Total time for which application threads were stopped: 0.0005380 seconds, Stopping threads took: 0.0000420 seconds
142.321: Application time: 0.0292990 seconds
142.321: [GC [PSYoungGen: 7646K->992K(7680K)] 20451K->13812K(25088K), 0.0004260 secs] [Times: user=0.00 sys=0.00, real=0.00 secs] 
142.322: Total time for which application threads were stopped: 0.0005300 seconds, Stopping threads took: 0.0000520 seconds
142.351: Application time: 0.0292580 seconds
142.351: [GC [PSYoungGen: 7646K->992K(7680K)] 20467K->13820K(25088K), 0.0004090 secs] [Times: user=0.00 sys=0.00, real=0.01 secs] 
142.351: Total time for which application threads were stopped: 0.0005240 seconds, Stopping threads took: 0.0000640 seconds
142.382: Application time: 0.0302430 seconds
142.382: [GC [PSYoungGen: 7645K->992K(7680K)] 20474K->13828K(25088K), 0.0004290 secs] [Times: user=0.00 sys=0.00, real=0.00 secs] 
142.382: Total time for which application threads were stopped: 0.0005170 seconds, Stopping threads took: 0.0000370 seconds
142.411: Application time: 0.0292760 seconds
142.411: [GC [PSYoungGen: 7646K->992K(7680K)] 20483K->13828K(25088K), 0.0004050 secs] [Times: user=0.00 sys=0.00, real=0.00 secs] 
142.412: Total time for which application threads were stopped: 0.0005300 seconds, Stopping threads took: 0.0000740 seconds
142.441: Application time: 0.0293300 seconds
142.441: [GC [PSYoungGen: 7646K->992K(7680K)] 20483K->13828K(25088K), 0.0004290 secs] [Times: user=0.00 sys=0.00, real=0.00 secs] 
142.442: Total time for which application threads were stopped: 0.0005300 seconds, Stopping threads took: 0.0000510 seconds
142.471: Application time: 0.0293460 seconds
142.471: [GC [PSYoungGen: 7646K->992K(7680K)] 20483K->13852K(25088K), 0.0004240 secs] [Times: user=0.01 sys=0.00, real=0.00 secs] 
142.472: Total time for which application threads were stopped: 0.0005160 seconds, Stopping threads took: 0.0000400 seconds
142.499: Application time: 0.0275980 seconds
142.499: [GC [PSYoungGen: 7645K->992K(7680K)] 20505K->14012K(25088K), 0.0004570 secs] [Times: user=0.00 sys=0.00, real=0.00 secs] 
142.500: Total time for which application threads were stopped: 0.0005500 seconds, Stopping threads took: 0.0000440 seconds
142.529: Application time: 0.0291520 seconds
142.529: [GC [PSYoungGen: 7646K->992K(7680K)] 20667K->14044K(25088K), 0.0004480 secs] [Times: user=0.00 sys=0.00, real=0.00 secs] 
142.529: Total time for which application threads were stopped: 0.0005470 seconds, Stopping threads took: 0.0000460 seconds
142.557: Application time: 0.0273600 seconds
142.557: [GC [PSYoungGen: 7646K->992K(7680K)] 20698K->14128K(25088K), 0.0004990 secs] [Times: user=0.00 sys=0.00, real=0.00 secs] 
142.557: Total time for which application threads were stopped: 0.0006080 seconds, Stopping threads took: 0.0000420 seconds
142.584: Application time: 0.0260850 seconds
142.587: [GC [PSYoungGen: 7644K->992K(7680K)] 20781K->14613K(25088K), 0.0005900 secs] [Times: user=0.00 sys=0.00, real=0.00 secs] 
142.588: Total time for which application threads were stopped: 0.0042470 seconds, Stopping threads took: 0.0036070 seconds
142.615: Application time: 0.0268050 seconds
142.615: [GC [PSYoungGen: 7644K->992K(7680K)] 21266K->14994K(25088K), 0.0005250 secs] [Times: user=0.00 sys=0.00, real=0.00 secs] 
142.615: Total time for which application threads were stopped: 0.0006230 seconds, Stopping threads took: 0.0000460 seconds
142.644: Application time: 0.0284490 seconds
142.644: [GC [PSYoungGen: 7646K->992K(7680K)] 21648K->15162K(25088K), 0.0004730 secs] [Times: user=0.00 sys=0.00, real=0.00 secs] 
142.644: Total time for which application threads were stopped: 0.0005610 seconds, Stopping threads took: 0.0000380 seconds
142.674: Application time: 0.0296340 seconds
142.674: [GC [PSYoungGen: 7646K->992K(7680K)] 21816K->15226K(25088K), 0.0004490 secs] [Times: user=0.00 sys=0.00, real=0.00 secs] 
142.674: Total time for which application threads were stopped: 0.0005460 seconds, Stopping threads took: 0.0000480 seconds
142.704: Application time: 0.0298310 seconds
142.704: [GC [PSYoungGen: 7646K->992K(7680K)] 21880K->15282K(25088K), 0.0004900 secs] [Times: user=0.00 sys=0.00, real=0.00 secs] 
142.705: Total time for which application threads were stopped: 0.0005920 seconds, Stopping threads took: 0.0000490 seconds
142.735: Application time: 0.0298240 seconds
142.735: [GC [PSYoungGen: 7646K->992K(7680K)] 21936K->15298K(25088K), 0.0005270 secs] [Times: user=0.00 sys=0.00, real=0.00 secs] 
142.735: Total time for which application threads were stopped: 0.0006360 seconds, Stopping threads took: 0.0000510 seconds
142.765: Application time: 0.0301720 seconds
142.766: [GC [PSYoungGen: 7646K->992K(7680K)] 21952K->15298K(25088K), 0.0004580 secs] [Times: user=0.00 sys=0.00, real=0.00 secs] 
142.766: Total time for which application threads were stopped: 0.0005730 seconds, Stopping threads took: 0.0000550 seconds
142.796: Application time: 0.0298620 seconds
142.796: [GC [PSYoungGen: 7646K->992K(7680K)] 21952K->15298K(25088K), 0.0004580 secs] [Times: user=0.00 sys=0.00, real=0.00 secs] 
142.796: Total time for which application threads were stopped: 0.0005560 seconds, Stopping threads took: 0.0000520 seconds
142.826: Application time: 0.0300140 seconds
142.827: [GC [PSYoungGen: 7644K->960K(7680K)] 21950K->15266K(25088K), 0.0005290 secs] [Times: user=0.01 sys=0.00, real=0.00 secs] 
142.827: Total time for which application threads were stopped: 0.0006360 seconds, Stopping threads took: 0.0000490 seconds
142.857: Application time: 0.0297180 seconds
142.857: [GC [PSYoungGen: 7614K->992K(7680K)] 21920K->15306K(25088K), 0.0004250 secs] [Times: user=0.00 sys=0.00, real=0.00 secs] 
142.857: Total time for which application threads were stopped: 0.0005330 seconds, Stopping threads took: 0.0000530 seconds
142.888: Application time: 0.0304460 seconds
142.890: [GC [PSYoungGen: 7646K->992K(7680K)] 21960K->15314K(25088K), 0.0004470 secs] [Times: user=0.01 sys=0.00, real=0.00 secs] 
142.890: Total time for which application threads were stopped: 0.0023450 seconds, Stopping threads took: 0.0018420 seconds
142.920: Application time: 0.0297240 seconds
142.920: [GC [PSYoungGen: 7646K->992K(7680K)] 21968K->15314K(25088K), 0.0004560 secs] [Times: user=0.01 sys=0.00, real=0.00 secs] 
142.920: Total time for which application threads were stopped: 0.0005720 seconds, Stopping threads took: 0.0000640 seconds
142.950: Application time: 0.0298580 seconds
142.950: [GC [PSYoungGen: 7646K->800K(7680K)] 21968K->15322K(25088K), 0.0004190 secs] [Times: user=0.01 sys=0.00, real=0.00 secs] 
142.951: Total time for which application threads were stopped: 0.0005150 seconds, Stopping threads took: 0.0000470 seconds
142.981: Application time: 0.0301510 seconds
142.981: [GC [PSYoungGen: 7452K->800K(7680K)] 21974K->15322K(25088K), 0.0003880 secs] [Times: user=0.00 sys=0.00, real=0.00 secs] 
142.981: Total time for which application threads were stopped: 0.0004940 seconds, Stopping threads took: 0.0000550 seconds
143.011: Application time: 0.0298200 seconds
143.011: [GC [PSYoungGen: 7454K->640K(7680K)] 21976K->15382K(25088K), 0.0004020 secs] [Times: user=0.00 sys=0.00, real=0.00 secs] 
143.012: Total time for which application threads were stopped: 0.0005100 seconds, Stopping threads took: 0.0000550 seconds
143.042: Application time: 0.0297720 seconds
143.043: [GC [PSYoungGen: 7294K->576K(7680K)] 22037K->15415K(25088K), 0.0003800 secs] [Times: user=0.00 sys=0.00, real=0.00 secs] 
143.044: Total time for which application threads were stopped: 0.0019670 seconds, Stopping threads took: 0.0015370 seconds
143.073: Application time: 0.0297790 seconds
143.073: [GC [PSYoungGen: 7230K->256K(7680K)] 22070K->15500K(25088K), 0.0003830 secs] [Times: user=0.00 sys=0.00, real=0.00 secs] 
143.074: Total time for which application threads were stopped: 0.0004850 seconds, Stopping threads took: 0.0000400 seconds
143.104: Application time: 0.0298320 seconds
143.104: [GC [PSYoungGen: 6910K->0K(7680K)] 22154K->15332K(25088K), 0.0003180 secs] [Times: user=0.00 sys=0.00, real=0.00 secs] 
143.104: Total time for which application threads were stopped: 0.0004210 seconds, Stopping threads took: 0.0000550 seconds
143.134: Application time: 0.0299980 seconds
143.134: [GC [PSYoungGen: 6652K->0K(7680K)] 21984K->15332K(25088K), 0.0003040 secs] [Times: user=0.00 sys=0.00, real=0.00 secs] 
143.134: Total time for which application threads were stopped: 0.0004010 seconds, Stopping threads took: 0.0000470 seconds
143.164: Application time: 0.0297930 seconds
143.164: [GC [PSYoungGen: 6654K->0K(7680K)] 21986K->15332K(25088K), 0.0003170 secs] [Times: user=0.00 sys=0.00, real=0.00 secs] 
143.165: Total time for which application threads were stopped: 0.0004150 seconds, Stopping threads took: 0.0000500 seconds
143.195: Application time: 0.0299630 seconds
143.195: [GC [PSYoungGen: 6654K->0K(7680K)] 21986K->15332K(25088K), 0.0003190 secs] [Times: user=0.00 sys=0.00, real=0.00 secs] 
143.195: Total time for which application threads were stopped: 0.0004090 seconds, Stopping threads took: 0.0000430 seconds
143.225: Application time: 0.0297510 seconds
143.225: [GC [PSYoungGen: 6654K->0K(7680K)] 21986K->15332K(25088K), 0.0002970 secs] [Times: user=0.00 sys=0.00, real=0.00 secs] 
143.225: Total time for which application threads were stopped: 0.0003880 seconds, Stopping threads took: 0.0000440 seconds
143.255: Application time: 0.0297900 seconds
143.255: [GC [PSYoungGen: 6654K->0K(7680K)] 21986K->15332K(25088K), 0.0003100 secs] [Times: user=0.00 sys=0.00, real=0.00 secs] 
143.255: Total time for which application threads were stopped: 0.0004090 seconds, Stopping threads took: 0.0000500 seconds
143.285: Application time: 0.0296890 seconds
143.285: [GC [PSYoungGen: 6654K->0K(7680K)] 21986K->15332K(25088K), 0.0003640 secs] [Times: user=0.00 sys=0.00, real=0.00 secs] 
143.286: Total time for which application threads were stopped: 0.0004620 seconds, Stopping threads took: 0.0000520 seconds
143.315: Application time: 0.0297910 seconds
143.315: [GC [PSYoungGen: 6654K->0K(7680K)] 21986K->15332K(25088K), 0.0003120 secs] [Times: user=0.00 sys=0.00, real=0.00 secs] 
143.316: Total time for which application threads were stopped: 0.0004090 seconds, Stopping threads took: 0.0000460 seconds
143.346: Application time: 0.0299900 seconds
143.346: [GC [PSYoungGen: 6654K->0K(7680K)] 21986K->15332K(25088K), 0.0003360 secs] [Times: user=0.00 sys=0.00, real=0.00 secs] 
143.346: Total time for which application threads were stopped: 0.0004310 seconds, Stopping threads took: 0.0000480 seconds
143.376: Application time: 0.0296260 seconds
143.376: [GC [PSYoungGen: 6654K->0K(7680K)] 21986K->15332K(25088K), 0.0003280 secs] [Times: user=0.00 sys=0.00, real=0.00 secs] 
143.376: Total time for which application threads were stopped: 0.0004240 seconds, Stopping threads took: 0.0000480 seconds
143.402: Application time: 0.0257800 seconds
143.402: [GC [PSYoungGen: 6652K->352K(7680K)] 21984K->15684K(25088K), 0.0003100 secs] [Times: user=0.01 sys=0.00, real=0.00 secs] 
143.402: Total time for which application threads were stopped: 0.0004120 seconds, Stopping threads took: 0.0000530 seconds
143.423: Application time: 0.0207370 seconds
143.427: [GC [PSYoungGen: 7004K->288K(7680K)] 22337K->15620K(25088K), 0.0004580 secs] [Times: user=0.01 sys=0.00, real=0.00 secs] 
143.428: Total time for which application threads were stopped: 0.0044730 seconds, Stopping threads took: 0.0039600 seconds
143.451: Application time: 0.0231060 seconds
143.451: [GC [PSYoungGen: 6943K->384K(7680K)] 22276K->15716K(25088K), 0.0003520 secs] [Times: user=0.00 sys=0.00, real=0.01 secs] 
143.451: Total time for which application threads were stopped: 0.0004590 seconds, Stopping threads took: 0.0000550 seconds
143.480: Application time: 0.0291250 seconds
143.480: [GC [PSYoungGen: 7036K->352K(7680K)] 22368K->15684K(25088K), 0.0003310 secs] [Times: user=0.00 sys=0.00, real=0.00 secs] 
143.481: Total time for which application threads were stopped: 0.0004290 seconds, Stopping threads took: 0.0000490 seconds
143.505: Application time: 0.0243060 seconds
143.505: [GC [PSYoungGen: 7006K->480K(7680K)] 22338K->15812K(25088K), 0.0003390 secs] [Times: user=0.00 sys=0.00, real=0.00 secs] 
143.505: Total time for which application threads were stopped: 0.0004240 seconds, Stopping threads took: 0.0000340 seconds
143.525: Application time: 0.0199650 seconds
143.526: [GC [PSYoungGen: 7135K->544K(7680K)] 22467K->15876K(25088K), 0.0003820 secs] [Times: user=0.00 sys=0.00, real=0.00 secs] 
143.526: Total time for which application threads were stopped: 0.0004860 seconds, Stopping threads took: 0.0000530 seconds
143.549: Application time: 0.0231730 seconds
143.549: [GC [PSYoungGen: 7200K->608K(7680K)] 22532K->15940K(25088K), 0.0004430 secs] [Times: user=0.00 sys=0.00, real=0.00 secs] 
143.550: Total time for which application threads were stopped: 0.0005470 seconds, Stopping threads took: 0.0000540 seconds
143.579: Application time: 0.0294230 seconds
143.579: [GC [PSYoungGen: 7262K->480K(7680K)] 22594K->15812K(25088K), 0.0004000 secs] [Times: user=0.00 sys=0.00, real=0.00 secs] 
143.580: Total time for which application threads were stopped: 0.0005050 seconds, Stopping threads took: 0.0000450 seconds
143.608: Application time: 0.0284090 seconds
143.608: [GC [PSYoungGen: 7132K->576K(7680K)] 22464K->15908K(25088K), 0.0003500 secs] [Times: user=0.01 sys=0.00, real=0.00 secs] 
143.608: Total time for which application threads were stopped: 0.0004370 seconds, Stopping threads took: 0.0000380 seconds
143.638: Application time: 0.0296370 seconds
143.638: [GC [PSYoungGen: 7230K->512K(7680K)] 22562K->15844K(25088K), 0.0003410 secs] [Times: user=0.00 sys=0.00, real=0.00 secs] 
143.639: Total time for which application threads were stopped: 0.0004640 seconds, Stopping threads took: 0.0000740 seconds
143.668: Application time: 0.0299240 seconds
143.671: [GC [PSYoungGen: 7166K->512K(7680K)] 22498K->15844K(25088K), 0.0003390 secs] [Times: user=0.00 sys=0.00, real=0.00 secs] 
143.671: Total time for which application threads were stopped: 0.0030330 seconds, Stopping threads took: 0.0026450 seconds
143.701: Application time: 0.0295670 seconds
143.703: [GC [PSYoungGen: 7166K->512K(7680K)] 22498K->15844K(25088K), 0.0003590 secs] [Times: user=0.00 sys=0.00, real=0.00 secs] 
143.704: Total time for which application threads were stopped: 0.0024690 seconds, Stopping threads took: 0.0020620 seconds
143.733: Application time: 0.0295470 seconds
143.733: [GC [PSYoungGen: 7166K->544K(7680K)] 22498K->15876K(25088K), 0.0003430 secs] [Times: user=0.00 sys=0.00, real=0.00 secs] 
143.734: Total time for which application threads were stopped: 0.0004510 seconds, Stopping threads took: 0.0000600 seconds
143.763: Application time: 0.0298490 seconds
143.763: [GC [PSYoungGen: 7198K->480K(7680K)] 22530K->15812K(25088K), 0.0003840 secs] [Times: user=0.00 sys=0.00, real=0.00 secs] 
143.764: Total time for which application threads were stopped: 0.0004830 seconds, Stopping threads took: 0.0000480 seconds
143.793: Application time: 0.0293310 seconds
143.793: [GC [PSYoungGen: 7134K->480K(7680K)] 22466K->15812K(25088K), 0.0003470 secs] [Times: user=0.00 sys=0.00, real=0.00 secs] 
143.794: Total time for which application threads were stopped: 0.0004500 seconds, Stopping threads took: 0.0000550 seconds
143.820: Application time: 0.0260190 seconds
143.820: [GC [PSYoungGen: 7134K->704K(7680K)] 22466K->16036K(25088K), 0.0003970 secs] [Times: user=0.00 sys=0.00, real=0.00 secs] 
143.820: Total time for which application threads were stopped: 0.0004920 seconds, Stopping threads took: 0.0000470 seconds
143.840: Application time: 0.0199700 seconds
143.840: [GC [PSYoungGen: 7359K->736K(7680K)] 22691K->16068K(25088K), 0.0004090 secs] [Times: user=0.00 sys=0.00, real=0.00 secs] 
143.841: Total time for which application threads were stopped: 0.0005100 seconds, Stopping threads took: 0.0000530 seconds
143.861: Application time: 0.0199300 seconds
143.861: [GC [PSYoungGen: 7322K->800K(7680K)] 22654K->16132K(25088K), 0.0004140 secs] [Times: user=0.00 sys=0.00, real=0.00 secs] 
143.861: Total time for which application threads were stopped: 0.0005170 seconds, Stopping threads took: 0.0000530 seconds
143.880: Application time: 0.0191100 seconds
143.883: [GC [PSYoungGen: 7455K->1008K(7680K)] 22787K->16476K(25088K), 0.0004970 secs] [Times: user=0.00 sys=0.00, real=0.00 secs] 
143.884: Total time for which application threads were stopped: 0.0034510 seconds, Stopping threads took: 0.0029010 seconds
143.900: Application time: 0.0161730 seconds
143.900: [GC [PSYoungGen: 7663K->1008K(7680K)] 23131K->16484K(25088K), 0.0004470 secs] [Times: user=0.01 sys=0.00, real=0.00 secs] 
143.900: Total time for which application threads were stopped: 0.0005520 seconds, Stopping threads took: 0.0000550 seconds
143.913: Application time: 0.0121450 seconds
143.913: [GC [PSYoungGen: 7663K->1008K(7680K)] 23140K->16820K(25088K), 0.0005010 secs] [Times: user=0.00 sys=0.00, real=0.00 secs] 
143.913: Total time for which application threads were stopped: 0.0006060 seconds, Stopping threads took: 0.0000460 seconds
143.924: Application time: 0.0108810 seconds
143.924: [GC [PSYoungGen: 7661K->1008K(7680K)] 23473K->17400K(25088K), 0.0005840 secs] [Times: user=0.00 sys=0.00, real=0.00 secs] 
143.925: Total time for which application threads were stopped: 0.0006810 seconds, Stopping threads took: 0.0000460 seconds
143.936: Application time: 0.0116640 seconds
143.936: [GC [PSYoungGen: 7662K->1008K(7680K)] 24055K->17672K(25088K), 0.0005140 secs] [Times: user=0.01 sys=0.00, real=0.00 secs] 
143.937: Total time for which application threads were stopped: 0.0006130 seconds, Stopping threads took: 0.0000490 seconds
143.950: Application time: 0.0128790 seconds
143.950: [GC [PSYoungGen: 7660K->992K(7680K)] 24325K->17861K(25088K), 0.0005750 secs] [Times: user=0.00 sys=0.00, real=0.00 secs] 
143.951: Total time for which application threads were stopped: 0.0006870 seconds, Stopping threads took: 0.0000600 seconds
143.968: Application time: 0.0173740 seconds
143.971: [GC [PSYoungGen: 7644K->1008K(7680K)] 24513K->18210K(25088K), 0.0005440 secs] [Times: user=0.01 sys=0.00, real=0.00 secs] 
143.972: [Full GC [PSYoungGen: 1008K->0K(7680K)] [ParOldGen: 17202K->3348K(17408K)] 18210K->3348K(25088K) [PSPermGen: 5574K->5574K(21504K)], 0.0049330 secs] [Times: user=0.02 sys=0.00, real=0.00 secs] 
143.977: Total time for which application threads were stopped: 0.0087620 seconds, Stopping threads took: 0.0031790 seconds
144.004: Application time: 0.0268260 seconds
144.004: [GC [PSYoungGen: 6652K->352K(7680K)] 10000K->3700K(25088K), 0.0003790 secs] [Times: user=0.00 sys=0.00, real=0.00 secs] 
144.004: Total time for which application threads were stopped: 0.0004880 seconds, Stopping threads took: 0.0000570 seconds
144.029: Application time: 0.0254360 seconds
144.030: [GC [PSYoungGen: 7006K->864K(7680K)] 10355K->4212K(25088K), 0.0004190 secs] [Times: user=0.00 sys=0.00, real=0.00 secs] 
144.030: Total time for which application threads were stopped: 0.0005040 seconds, Stopping threads took: 0.0000380 seconds
144.058: Application time: 0.0280240 seconds
144.058: [GC [PSYoungGen: 7517K->928K(7680K)] 10866K->4404K(25088K), 0.0004440 secs] [Times: user=0.00 sys=0.00, real=0.00 secs] 
144.059: Total time for which application threads were stopped: 0.0005590 seconds, Stopping threads took: 0.0000610 seconds
144.088: Application time: 0.0290060 seconds
144.088: [GC [PSYoungGen: 7582K->960K(7680K)] 11059K->4564K(25088K), 0.0004630 secs] [Times: user=0.00 sys=0.00, real=0.00 secs] 
144.088: Total time for which application threads were stopped: 0.0005690 seconds, Stopping threads took: 0.0000460 seconds
144.117: Application time: 0.0288420 seconds
144.117: [GC [PSYoungGen: 7614K->992K(7680K)] 11219K->4596K(25088K), 0.0003970 secs] [Times: user=0.00 sys=0.00, real=0.00 secs] 
144.117: Total time for which application threads were stopped: 0.0005000 seconds, Stopping threads took: 0.0000520 seconds
144.147: Application time: 0.0290740 seconds
144.147: [GC [PSYoungGen: 7646K->864K(7680K)] 11251K->4468K(25088K), 0.0003880 secs] [Times: user=0.00 sys=0.00, real=0.00 secs] 
144.147: Total time for which application threads were stopped: 0.0004790 seconds, Stopping threads took: 0.0000430 seconds
144.176: Application time: 0.0289050 seconds
144.176: [GC [PSYoungGen: 7518K->832K(7680K)] 11123K->4436K(25088K), 0.0003690 secs] [Times: user=0.00 sys=0.00, real=0.00 secs] 
144.176: Total time for which application threads were stopped: 0.0004770 seconds, Stopping threads took: 0.0000590 seconds
144.206: Application time: 0.0292880 seconds
144.206: [GC [PSYoungGen: 7486K->800K(7680K)] 11091K->4404K(25088K), 0.0003810 secs] [Times: user=0.00 sys=0.00, real=0.00 secs] 
144.206: Total time for which application threads were stopped: 0.0004790 seconds, Stopping threads took: 0.0000470 seconds
144.235: Application time: 0.0292050 seconds
144.235: [GC [PSYoungGen: 7454K->896K(7680K)] 11059K->4500K(25088K), 0.0003870 secs] [Times: user=0.00 sys=0.00, real=0.00 secs] 
144.236: Total time for which application threads were stopped: 0.0004960 seconds, Stopping threads took: 0.0000530 seconds
144.264: Application time: 0.0283070 seconds
144.267: [GC [PSYoungGen: 7548K->992K(7680K)] 11153K->4596K(25088K), 0.0004200 secs] [Times: user=0.00 sys=0.00, real=0.00 secs] 
144.268: Total time for which application threads were stopped: 0.0033870 seconds, Stopping threads took: 0.0029160 seconds
144.296: Application time: 0.0287600 seconds
144.296: [GC [PSYoungGen: 7646K->992K(7680K)] 11251K->4604K(25088K), 0.0004110 secs] [Times: user=0.00 sys=0.00, real=0.00 secs] 
144.297: Total time for which application threads were stopped: 0.0005330 seconds, Stopping threads took: 0.0000680 seconds
144.325: Application time: 0.0281330 seconds
144.325: [GC [PSYoungGen: 7585K->992K(7680K)] 11198K->4604K(25088K), 0.0004740 secs] [Times: user=0.00 sys=0.00, real=0.00 secs] 
144.326: Total time for which application threads were stopped: 0.0005810 seconds, Stopping threads took: 0.0000560 seconds
144.351: Application time: 0.0255070 seconds
144.351: [GC [PSYoungGen: 7555K->992K(7680K)] 11167K->4749K(25088K), 0.0004490 secs] [Times: user=0.00 sys=0.00, real=0.00 secs] 
144.352: Total time for which application threads were stopped: 0.0005450 seconds, Stopping threads took: 0.0000420 seconds
144.377: Application time: 0.0258260 seconds
144.378: [GC [PSYoungGen: 7554K->992K(7680K)] 11311K->4893K(25088K), 0.0004370 secs] [Times: user=0.00 sys=0.00, real=0.00 secs] 
144.378: Total time for which application threads were stopped: 0.0005420 seconds, Stopping threads took: 0.0000490 seconds
144.408: Application time: 0.0301240 seconds
144.408: [GC [PSYoungGen: 7645K->992K(7680K)] 11546K->5037K(25088K), 0.0004490 secs] [Times: user=0.00 sys=0.00, real=0.00 secs] 
144.409: Total time for which application threads were stopped: 0.0005580 seconds, Stopping threads took: 0.0000550 seconds
144.439: Application time: 0.0301790 seconds
144.439: [GC [PSYoungGen: 7644K->992K(7680K)] 11689K->5037K(25088K), 0.0005600 secs] [Times: user=0.00 sys=0.00, real=0.01 secs] 
144.440: Total time for which application threads were stopped: 0.0006620 seconds, Stopping threads took: 0.0000540 seconds
144.470: Application time: 0.0300250 seconds
144.470: [GC [PSYoungGen: 7646K->960K(7680K)] 11691K->5005K(25088K), 0.0004210 secs] [Times: user=0.00 sys=0.00, real=0.00 secs] 
144.470: Total time for which application threads were stopped: 0.0005270 seconds, Stopping threads took: 0.0000550 seconds
144.500: Application time: 0.0298020 seconds
144.500: [GC [PSYoungGen: 7614K->960K(7680K)] 11659K->5005K(25088K), 0.0004430 secs] [Times: user=0.00 sys=0.00, real=0.00 secs] 
144.500: Total time for which application threads were stopped: 0.0005430 seconds, Stopping threads took: 0.0000460 seconds
144.531: Application time: 0.0300810 seconds
144.531: [GC [PSYoungGen: 7614K->960K(7680K)] 11659K->5005K(25088K), 0.0003790 secs] [Times: user=0.00 sys=0.00, real=0.00 secs] 
144.531: Total time for which application threads were stopped: 0.0004830 seconds, Stopping threads took: 0.0000560 seconds
144.561: Application time: 0.0298000 seconds
144.561: [GC [PSYoungGen: 7614K->992K(7680K)] 11659K->5093K(25088K), 0.0004200 secs] [Times: user=0.00 sys=0.00, real=0.00 secs] 
144.561: Total time for which application threads were stopped: 0.0005250 seconds, Stopping threads took: 0.0000530 seconds
144.591: Application time: 0.0299070 seconds
144.591: [GC [PSYoungGen: 7646K->896K(7680K)] 11747K->4997K(25088K), 0.0003810 secs] [Times: user=0.00 sys=0.00, real=0.00 secs] 
144.592: Total time for which application threads were stopped: 0.0004980 seconds, Stopping threads took: 0.0000540 seconds
144.622: Application time: 0.0298860 seconds
144.622: [GC [PSYoungGen: 7548K->896K(7680K)] 11649K->4997K(25088K), 0.0004490 secs] [Times: user=0.00 sys=0.00, real=0.00 secs] 
144.622: Total time for which application threads were stopped: 0.0005490 seconds, Stopping threads took: 0.0000510 seconds
144.652: Application time: 0.0298830 seconds
144.652: [GC [PSYoungGen: 7550K->960K(7680K)] 11651K->5061K(25088K), 0.0004030 secs] [Times: user=0.00 sys=0.00, real=0.00 secs] 
144.653: Total time for which application threads were stopped: 0.0004860 seconds, Stopping threads took: 0.0000320 seconds
144.682: Application time: 0.0298730 seconds
144.683: [GC [PSYoungGen: 7614K->928K(7680K)] 11715K->5029K(25088K), 0.0004190 secs] [Times: user=0.01 sys=0.00, real=0.00 secs] 
144.683: Total time for which application threads were stopped: 0.0005260 seconds, Stopping threads took: 0.0000560 seconds
144.713: Application time: 0.0299390 seconds
144.713: [GC [PSYoungGen: 7582K->928K(7680K)] 11683K->5029K(25088K), 0.0003710 secs] [Times: user=0.01 sys=0.00, real=0.00 secs] 
144.713: Total time for which application threads were stopped: 0.0004720 seconds, Stopping threads took: 0.0000500 seconds
144.743: Application time: 0.0298870 seconds
144.743: [GC [PSYoungGen: 7582K->800K(7680K)] 11683K->5121K(25088K), 0.0003740 secs] [Times: user=0.00 sys=0.00, real=0.00 secs] 
144.744: Total time for which application threads were stopped: 0.0004740 seconds, Stopping threads took: 0.0000490 seconds
144.774: Application time: 0.0303190 seconds
144.774: [GC [PSYoungGen: 7454K->736K(7680K)] 11776K->5137K(25088K), 0.0004620 secs] [Times: user=0.00 sys=0.00, real=0.00 secs] 
144.775: Total time for which application threads were stopped: 0.0005840 seconds, Stopping threads took: 0.0000630 seconds
144.804: Application time: 0.0297350 seconds
144.804: [GC [PSYoungGen: 7390K->576K(7680K)] 11792K->5169K(25088K), 0.0004080 secs] [Times: user=0.00 sys=0.00, real=0.00 secs] 
144.805: Total time for which application threads were stopped: 0.0005070 seconds, Stopping threads took: 0.0000490 seconds
144.835: Application time: 0.0298040 seconds
144.835: [GC [PSYoungGen: 7230K->192K(7680K)] 11824K->5106K(25088K), 0.0004020 secs] [Times: user=0.00 sys=0.00, real=0.00 secs] 
144.835: Total time for which application threads were stopped: 0.0004940 seconds, Stopping threads took: 0.0000410 seconds
144.865: Application time: 0.0298590 seconds
144.865: [GC [PSYoungGen: 6846K->0K(7680K)] 11761K->5082K(25088K), 0.0003250 secs] [Times: user=0.00 sys=0.00, real=0.00 secs] 
144.865: Total time for which application threads were stopped: 0.0004190 seconds, Stopping threads took: 0.0000480 seconds
144.895: Application time: 0.0298330 seconds
144.895: [GC [PSYoungGen: 6654K->0K(7680K)] 11737K->5082K(25088K), 0.0003230 secs] [Times: user=0.00 sys=0.00, real=0.00 secs] 
144.896: Total time for which application threads were stopped: 0.0004120 seconds, Stopping threads took: 0.0000440 seconds
144.926: Application time: 0.0298750 seconds
144.926: [GC [PSYoungGen: 6654K->0K(7680K)] 11737K->5082K(25088K), 0.0002930 secs] [Times: user=0.00 sys=0.00, real=0.00 secs] 
144.926: Total time for which application threads were stopped: 0.0003850 seconds, Stopping threads took: 0.0000470 seconds
144.957: Application time: 0.0310310 seconds
144.957: [GC [PSYoungGen: 6652K->0K(7680K)] 11734K->5082K(25088K), 0.0003550 secs] [Times: user=0.01 sys=0.00, real=0.00 secs] 
144.957: Total time for which application threads were stopped: 0.0004620 seconds, Stopping threads took: 0.0000530 seconds
144.987: Application time: 0.0298580 seconds
144.987: [GC [PSYoungGen: 6654K->0K(7680K)] 11737K->5082K(25088K), 0.0002770 secs] [Times: user=0.00 sys=0.00, real=0.00 secs] 
144.988: Total time for which application threads were stopped: 0.0003800 seconds, Stopping threads took: 0.0000570 seconds
145.017: Application time: 0.0297730 seconds
145.018: [GC [PSYoungGen: 6654K->0K(7680K)] 11737K->5082K(25088K), 0.0002930 secs] [Times: user=0.00 sys=0.00, real=0.00 secs] 
145.018: Total time for which application threads were stopped: 0.0003840 seconds, Stopping threads took: 0.0000440 seconds
145.048: Application time: 0.0298330 seconds
145.048: [GC [PSYoungGen: 6654K->0K(7680K)] 11737K->5082K(25088K), 0.0002880 secs] [Times: user=0.00 sys=0.00, real=0.00 secs] 
145.048: Total time for which application threads were stopped: 0.0003880 seconds, Stopping threads took: 0.0000550 seconds
145.078: Application time: 0.0299860 seconds
145.078: [GC [PSYoungGen: 6654K->0K(7680K)] 11737K->5082K(25088K), 0.0002990 secs] [Times: user=0.00 sys=0.00, real=0.00 secs] 
145.078: Total time for which application threads were stopped: 0.0003950 seconds, Stopping threads took: 0.0000530 seconds
145.108: Application time: 0.0297370 seconds
145.108: [GC [PSYoungGen: 6654K->0K(7680K)] 11737K->5082K(25088K), 0.0002850 secs] [Times: user=0.00 sys=0.00, real=0.00 secs] 
145.109: Total time for which application threads were stopped: 0.0003770 seconds, Stopping threads took: 0.0000350 seconds
145.138: Application time: 0.0296650 seconds
145.138: [GC [PSYoungGen: 6654K->0K(7680K)] 11737K->5082K(25088K), 0.0003400 secs] [Times: user=0.00 sys=0.00, real=0.00 secs] 
145.139: Total time for which application threads were stopped: 0.0004320 seconds, Stopping threads took: 0.0000440 seconds
145.164: Application time: 0.0250910 seconds
145.164: [GC [PSYoungGen: 6654K->256K(7680K)] 11736K->5338K(25088K), 0.0003840 secs] [Times: user=0.00 sys=0.00, real=0.00 secs] 
145.164: Total time for which application threads were stopped: 0.0004830 seconds, Stopping threads took: 0.0000540 seconds
145.185: Application time: 0.0207180 seconds
145.185: [GC [PSYoungGen: 6911K->384K(7680K)] 11994K->5466K(25088K), 0.0003280 secs] [Times: user=0.00 sys=0.00, real=0.00 secs] 
145.185: Total time for which application threads were stopped: 0.0004270 seconds, Stopping threads took: 0.0000500 seconds
145.208: Application time: 0.0228650 seconds
145.208: [GC [PSYoungGen: 7035K->384K(7680K)] 12118K->5466K(25088K), 0.0003270 secs] [Times: user=0.00 sys=0.00, real=0.00 secs] 
145.209: Total time for which application threads were stopped: 0.0004280 seconds, Stopping threads took: 0.0000540 seconds
145.238: Application time: 0.0291370 seconds
145.238: [GC [PSYoungGen: 7036K->352K(7680K)] 12118K->5434K(25088K), 0.0003240 secs] [Times: user=0.00 sys=0.00, real=0.00 secs] 
145.238: Total time for which application threads were stopped: 0.0004170 seconds, Stopping threads took: 0.0000480 seconds
145.262: Application time: 0.0232270 seconds
145.262: [GC [PSYoungGen: 7003K->512K(7680K)] 12086K->5594K(25088K), 0.0003600 secs] [Times: user=0.00 sys=0.00, real=0.00 secs] 
145.262: Total time for which application threads were stopped: 0.0004620 seconds, Stopping threads took: 0.0000530 seconds
145.283: Application time: 0.0205830 seconds
145.283: [GC [PSYoungGen: 7164K->512K(7680K)] 12246K->5594K(25088K), 0.0003520 secs] [Times: user=0.00 sys=0.00, real=0.00 secs] 
145.283: Total time for which application threads were stopped: 0.0004510 seconds, Stopping threads took: 0.0000520 seconds
145.306: Application time: 0.0234630 seconds
145.307: [GC [PSYoungGen: 7163K->544K(7680K)] 12246K->5626K(25088K), 0.0003380 secs] [Times: user=0.01 sys=0.00, real=0.00 secs] 
145.307: Total time for which application threads were stopped: 0.0010100 seconds, Stopping threads took: 0.0006230 seconds
145.340: Application time: 0.0322430 seconds
145.340: [GC [PSYoungGen: 7199K->544K(7680K)] 12282K->5626K(25088K), 0.0003340 secs] [Times: user=0.00 sys=0.00, real=0.00 secs] 
145.340: Total time for which application threads were stopped: 0.0004230 seconds, Stopping threads took: 0.0000420 seconds
145.369: Application time: 0.0285030 seconds
145.369: [GC [PSYoungGen: 7198K->576K(7680K)] 12280K->5658K(25088K), 0.0003890 secs] [Times: user=0.00 sys=0.00, real=0.00 secs] 
145.369: Total time for which application threads were stopped: 0.0005130 seconds, Stopping threads took: 0.0000710 seconds
145.399: Application time: 0.0295770 seconds
145.399: [GC [PSYoungGen: 7230K->608K(7680K)] 12313K->5690K(25088K), 0.0004020 secs] [Times: user=0.00 sys=0.00, real=0.01 secs] 
145.399: Total time for which application threads were stopped: 0.0004960 seconds, Stopping threads took: 0.0000480 seconds
145.429: Application time: 0.0294300 seconds
145.429: [GC [PSYoungGen: 7262K->576K(7680K)] 12345K->5658K(25088K), 0.0003440 secs] [Times: user=0.00 sys=0.00, real=0.00 secs] 
145.429: Total time for which application threads were stopped: 0.0004500 seconds, Stopping threads took: 0.0000510 seconds
145.459: Application time: 0.0295790 seconds
145.459: [GC [PSYoungGen: 7230K->512K(7680K)] 12313K->5594K(25088K), 0.0003510 secs] [Times: user=0.00 sys=0.00, real=0.01 secs] 
145.459: Total time for which application threads were stopped: 0.0004420 seconds, Stopping threads took: 0.0000410 seconds
145.489: Application time: 0.0295390 seconds
145.489: [GC [PSYoungGen: 7166K->512K(7680K)] 12249K->5594K(25088K), 0.0003560 secs] [Times: user=0.01 sys=0.00, real=0.00 secs] 
145.489: Total time for which application threads were stopped: 0.0004520 seconds, Stopping threads took: 0.0000470 seconds
145.519: Application time: 0.0296240 seconds
145.519: [GC [PSYoungGen: 7166K->512K(7680K)] 12249K->5594K(25088K), 0.0003390 secs] [Times: user=0.00 sys=0.00, real=0.01 secs] 
145.519: Total time for which application threads were stopped: 0.0004380 seconds, Stopping threads took: 0.0000490 seconds
145.549: Application time: 0.0294000 seconds
145.549: [GC [PSYoungGen: 7166K->544K(7680K)] 12249K->5626K(25088K), 0.0003500 secs] [Times: user=0.00 sys=0.00, real=0.00 secs] 
145.549: Total time for which application threads were stopped: 0.0004590 seconds, Stopping threads took: 0.0000590 seconds
145.579: Application time: 0.0294700 seconds
145.579: [GC [PSYoungGen: 7198K->512K(7680K)] 12281K->5594K(25088K), 0.0003180 secs] [Times: user=0.01 sys=0.00, real=0.00 secs] 
145.579: Total time for which application threads were stopped: 0.0003990 seconds, Stopping threads took: 0.0000350 seconds
145.598: Application time: 0.0193700 seconds
145.598: [GC [PSYoungGen: 7164K->768K(7680K)] 12247K->5850K(25088K), 0.0003620 secs] [Times: user=0.00 sys=0.00, real=0.00 secs] 
145.599: Total time for which application threads were stopped: 0.0004620 seconds, Stopping threads took: 0.0000530 seconds
145.620: Application time: 0.0211230 seconds
145.620: [GC [PSYoungGen: 7419K->928K(7680K)] 12502K->6010K(25088K), 0.0004470 secs] [Times: user=0.00 sys=0.00, real=0.00 secs] 
145.620: Total time for which application threads were stopped: 0.0005520 seconds, Stopping threads took: 0.0000430 seconds
145.638: Application time: 0.0172080 seconds
145.638: [GC [PSYoungGen: 7581K->992K(7680K)] 12664K->6074K(25088K), 0.0004770 secs] [Times: user=0.00 sys=0.00, real=0.00 secs] 
145.638: Total time for which application threads were stopped: 0.0005750 seconds, Stopping threads took: 0.0000520 seconds
145.657: Application time: 0.0192530 seconds
145.658: [GC [PSYoungGen: 7646K->992K(7680K)] 12729K->6218K(25088K), 0.0004680 secs] [Times: user=0.01 sys=0.00, real=0.00 secs] 
145.658: Total time for which application threads were stopped: 0.0005540 seconds, Stopping threads took: 0.0000370 seconds
145.670: Application time: 0.0123910 seconds
145.671: [GC [PSYoungGen: 7644K->1008K(7680K)] 12871K->6586K(25088K), 0.0004900 secs] [Times: user=0.00 sys=0.00, real=0.00 secs] 
145.671: Total time for which application threads were stopped: 0.0005910 seconds, Stopping threads took: 0.0000520 seconds
145.683: Application time: 0.0122290 seconds
145.683: [GC [PSYoungGen: 7663K->1008K(7680K)] 13242K->6850K(25088K), 0.0004910 secs] [Times: user=0.00 sys=0.00, real=0.00 secs] 
145.684: Total time for which application threads were stopped: 0.0005870 seconds, Stopping threads took: 0.0000460 seconds
145.695: Application time: 0.0106810 seconds
145.695: [GC [PSYoungGen: 7662K->992K(7680K)] 13505K->7315K(25088K), 0.0005350 secs] [Times: user=0.00 sys=0.00, real=0.00 secs] 
145.695: Total time for which application threads were stopped: 0.0006300 seconds, Stopping threads took: 0.0000460 seconds
145.706: Application time: 0.0109900 seconds
145.706: [GC [PSYoungGen: 7643K->1008K(7680K)] 13966K->7848K(25088K), 0.0005590 secs] [Times: user=0.00 sys=0.00, real=0.00 secs] 
145.707: Total time for which application threads were stopped: 0.0006890 seconds, Stopping threads took: 0.0000750 seconds
145.722: Application time: 0.0156360 seconds
145.723: [GC [PSYoungGen: 7663K->992K(7680K)] 14503K->8304K(25088K), 0.0005560 secs] [Times: user=0.00 sys=0.00, real=0.00 secs] 
145.723: Total time for which application threads were stopped: 0.0006690 seconds, Stopping threads took: 0.0000540 seconds
145.749: Application time: 0.0259660 seconds
145.749: [GC [PSYoungGen: 7647K->992K(7680K)] 14960K->8657K(25088K), 0.0005800 secs] [Times: user=0.00 sys=0.00, real=0.00 secs] 
145.750: Total time for which application threads were stopped: 0.0008420 seconds, Stopping threads took: 0.0002060 seconds
145.776: Application time: 0.0261940 seconds
145.776: [GC [PSYoungGen: 7646K->928K(7680K)] 15311K->8721K(25088K), 0.0004630 secs] [Times: user=0.00 sys=0.00, real=0.00 secs] 
145.777: Total time for which application threads were stopped: 0.0005730 seconds, Stopping threads took: 0.0000560 seconds
145.804: Application time: 0.0267700 seconds
145.804: [GC [PSYoungGen: 7583K->992K(7680K)] 15377K->9034K(25088K), 0.0004940 secs] [Times: user=0.01 sys=0.00, real=0.00 secs] 
145.804: Total time for which application threads were stopped: 0.0005900 seconds, Stopping threads took: 0.0000450 seconds
145.833: Application time: 0.0287310 seconds
145.833: [GC [PSYoungGen: 7646K->992K(7680K)] 15689K->9082K(25088K), 0.0004820 secs] [Times: user=0.00 sys=0.00, real=0.00 secs] 
145.833: Total time for which application threads were stopped: 0.0005920 seconds, Stopping threads took: 0.0000550 seconds
145.862: Application time: 0.0289050 seconds
145.862: [GC [PSYoungGen: 7646K->992K(7680K)] 15737K->9082K(25088K), 0.0004000 secs] [Times: user=0.00 sys=0.00, real=0.00 secs] 
145.863: Total time for which application threads were stopped: 0.0005020 seconds, Stopping threads took: 0.0000540 seconds
145.892: Application time: 0.0288900 seconds
145.892: [GC [PSYoungGen: 7646K->992K(7680K)] 15737K->9090K(25088K), 0.0004190 secs] [Times: user=0.01 sys=0.00, real=0.00 secs] 
145.892: Total time for which application threads were stopped: 0.0005160 seconds, Stopping threads took: 0.0000460 seconds
145.923: Application time: 0.0309630 seconds
145.923: [GC [PSYoungGen: 7645K->992K(7680K)] 15744K->9102K(25088K), 0.0004530 secs] [Times: user=0.00 sys=0.00, real=0.00 secs] 
145.924: Total time for which application threads were stopped: 0.0005670 seconds, Stopping threads took: 0.0000640 seconds
145.953: Application time: 0.0295320 seconds
145.953: [GC [PSYoungGen: 7646K->992K(7680K)] 15756K->9163K(25088K), 0.0003920 secs] [Times: user=0.00 sys=0.00, real=0.00 secs] 
145.954: Total time for which application threads were stopped: 0.0004860 seconds, Stopping threads took: 0.0000450 seconds
145.983: Application time: 0.0291440 seconds
145.983: [GC [PSYoungGen: 7646K->928K(7680K)] 15817K->9107K(25088K), 0.0004640 secs] [Times: user=0.00 sys=0.00, real=0.00 secs] 
145.984: Total time for which application threads were stopped: 0.0005680 seconds, Stopping threads took: 0.0000520 seconds
146.013: Application time: 0.0292420 seconds
146.013: [GC [PSYoungGen: 7580K->992K(7680K)] 15759K->9171K(25088K), 0.0004070 secs] [Times: user=0.00 sys=0.00, real=0.00 secs] 
146.013: Total time for which application threads were stopped: 0.0005120 seconds, Stopping threads took: 0.0000570 seconds
146.041: Application time: 0.0272550 seconds
146.041: [GC [PSYoungGen: 7644K->992K(7680K)] 15823K->9331K(25088K), 0.0004590 secs] [Times: user=0.00 sys=0.00, real=0.00 secs] 
146.041: Total time for which application threads were stopped: 0.0005560 seconds, Stopping threads took: 0.0000450 seconds
146.069: Application time: 0.0283970 seconds
146.070: [GC [PSYoungGen: 7644K->992K(7680K)] 15983K->9499K(25088K), 0.0004340 secs] [Times: user=0.00 sys=0.00, real=0.00 secs] 
146.070: Total time for which application threads were stopped: 0.0005420 seconds, Stopping threads took: 0.0000560 seconds
146.097: Application time: 0.0272060 seconds
146.097: [GC [PSYoungGen: 7647K->992K(7680K)] 16154K->9700K(25088K), 0.0004520 secs] [Times: user=0.00 sys=0.00, real=0.00 secs] 
146.098: Total time for which application threads were stopped: 0.0005490 seconds, Stopping threads took: 0.0000430 seconds
146.121: Application time: 0.0233190 seconds
146.121: [GC [PSYoungGen: 7644K->992K(7680K)] 16352K->10109K(25088K), 0.0005450 secs] [Times: user=0.00 sys=0.00, real=0.00 secs] 
146.122: Total time for which application threads were stopped: 0.0006610 seconds, Stopping threads took: 0.0000540 seconds
146.151: Application time: 0.0292990 seconds
146.151: [GC [PSYoungGen: 7646K->992K(7680K)] 16764K->10269K(25088K), 0.0005470 secs] [Times: user=0.00 sys=0.00, real=0.00 secs] 
146.152: Total time for which application threads were stopped: 0.0006530 seconds, Stopping threads took: 0.0000530 seconds
146.181: Application time: 0.0295730 seconds
146.181: [GC [PSYoungGen: 7646K->928K(7680K)] 16924K->10261K(25088K), 0.0004290 secs] [Times: user=0.00 sys=0.00, real=0.00 secs] 
146.182: Total time for which application threads were stopped: 0.0005290 seconds, Stopping threads took: 0.0000470 seconds
146.212: Application time: 0.0299410 seconds
146.212: [GC [PSYoungGen: 7582K->896K(7680K)] 16916K->10293K(25088K), 0.0003880 secs] [Times: user=0.01 sys=0.00, real=0.00 secs] 
146.212: Total time for which application threads were stopped: 0.0004870 seconds, Stopping threads took: 0.0000480 seconds
146.242: Application time: 0.0299030 seconds
146.242: [GC [PSYoungGen: 7550K->800K(7680K)] 16948K->10285K(25088K), 0.0004390 secs] [Times: user=0.01 sys=0.00, real=0.00 secs] 
146.243: Total time for which application threads were stopped: 0.0005320 seconds, Stopping threads took: 0.0000400 seconds
146.273: Application time: 0.0298920 seconds
146.273: [GC [PSYoungGen: 7454K->800K(7680K)] 16940K->10285K(25088K), 0.0003850 secs] [Times: user=0.00 sys=0.00, real=0.00 secs] 
146.273: Total time for which application threads were stopped: 0.0004860 seconds, Stopping threads took: 0.0000460 seconds
146.303: Application time: 0.0299120 seconds
146.303: [GC [PSYoungGen: 7454K->768K(7680K)] 16940K->10253K(25088K), 0.0003740 secs] [Times: user=0.00 sys=0.01, real=0.00 secs] 
146.303: Total time for which application threads were stopped: 0.0004680 seconds, Stopping threads took: 0.0000450 seconds
146.334: Application time: 0.0300550 seconds
146.334: [GC [PSYoungGen: 7422K->800K(7680K)] 16908K->10285K(25088K), 0.0003580 secs] [Times: user=0.01 sys=0.00, real=0.00 secs] 
146.334: Total time for which application threads were stopped: 0.0004510 seconds, Stopping threads took: 0.0000450 seconds
146.364: Application time: 0.0297260 seconds
146.364: [GC [PSYoungGen: 7454K->768K(7680K)] 16940K->10253K(25088K), 0.0003940 secs] [Times: user=0.01 sys=0.00, real=0.00 secs] 
146.364: Total time for which application threads were stopped: 0.0004890 seconds, Stopping threads took: 0.0000470 seconds
146.394: Application time: 0.0298340 seconds
146.394: [GC [PSYoungGen: 7422K->800K(7680K)] 16908K->10285K(25088K), 0.0003760 secs] [Times: user=0.01 sys=0.00, real=0.00 secs] 
146.394: Total time for which application threads were stopped: 0.0004630 seconds, Stopping threads took: 0.0000370 seconds
146.424: Application time: 0.0297110 seconds
146.424: [GC [PSYoungGen: 7454K->832K(7680K)] 16940K->10317K(25088K), 0.0004260 secs] [Times: user=0.01 sys=0.00, real=0.00 secs] 
146.425: Total time for which application threads were stopped: 0.0005250 seconds, Stopping threads took: 0.0000490 seconds
146.456: Application time: 0.0308920 seconds
146.456: [GC [PSYoungGen: 7486K->800K(7680K)] 16971K->10285K(25088K), 0.0004290 secs] [Times: user=0.00 sys=0.00, real=0.00 secs] 
146.456: Total time for which application threads were stopped: 0.0005300 seconds, Stopping threads took: 0.0000540 seconds
146.486: Application time: 0.0301070 seconds
146.487: [GC [PSYoungGen: 7452K->704K(7680K)] 16937K->10273K(25088K), 0.0003780 secs] [Times: user=0.00 sys=0.00, real=0.00 secs] 
146.488: Total time for which application threads were stopped: 0.0015890 seconds, Stopping threads took: 0.0011610 seconds
146.518: Application time: 0.0296830 seconds
146.518: [GC [PSYoungGen: 7358K->736K(7680K)] 16928K->10305K(25088K), 0.0003550 secs] [Times: user=0.00 sys=0.00, real=0.00 secs] 
146.518: Total time for which application threads were stopped: 0.0004550 seconds, Stopping threads took: 0.0000530 seconds
146.548: Application time: 0.0300400 seconds
146.548: [GC [PSYoungGen: 7390K->544K(7680K)] 16960K->10334K(25088K), 0.0003830 secs] [Times: user=0.00 sys=0.00, real=0.00 secs] 
146.549: Total time for which application threads were stopped: 0.0004790 seconds, Stopping threads took: 0.0000450 seconds
146.578: Application time: 0.0297010 seconds
146.578: [GC [PSYoungGen: 7198K->0K(7680K)] 16989K->10234K(25088K), 0.0004170 secs] [Times: user=0.00 sys=0.00, real=0.00 secs] 
146.579: Total time for which application threads were stopped: 0.0004980 seconds, Stopping threads took: 0.0000340 seconds
146.609: Application time: 0.0298250 seconds
146.609: [GC [PSYoungGen: 6654K->0K(7680K)] 16889K->10234K(25088K), 0.0002870 secs] [Times: user=0.00 sys=0.00, real=0.00 secs] 
146.609: Total time for which application threads were stopped: 0.0003790 seconds, Stopping threads took: 0.0000450 seconds
146.639: Application time: 0.0298060 seconds
146.639: [GC [PSYoungGen: 6654K->0K(7680K)] 16889K->10234K(25088K), 0.0003040 secs] [Times: user=0.00 sys=0.00, real=0.01 secs] 
146.639: Total time for which application threads were stopped: 0.0004050 seconds, Stopping threads took: 0.0000420 seconds
146.669: Application time: 0.0301130 seconds
146.669: [GC [PSYoungGen: 6652K->0K(7680K)] 16887K->10234K(25088K), 0.0002970 secs] [Times: user=0.00 sys=0.00, real=0.00 secs] 
146.670: Total time for which application threads were stopped: 0.0003860 seconds, Stopping threads took: 0.0000450 seconds
146.699: Application time: 0.0298120 seconds
146.700: [GC [PSYoungGen: 6654K->0K(7680K)] 16889K->10234K(25088K), 0.0003240 secs] [Times: user=0.00 sys=0.00, real=0.00 secs] 
146.700: Total time for which application threads were stopped: 0.0004120 seconds, Stopping threads took: 0.0000430 seconds
146.730: Application time: 0.0298130 seconds
146.730: [GC [PSYoungGen: 6654K->0K(7680K)] 16889K->10234K(25088K), 0.0003630 secs] [Times: user=0.00 sys=0.00, real=0.00 secs] 
146.730: Total time for which application threads were stopped: 0.0004630 seconds, Stopping threads took: 0.0000530 seconds
146.760: Application time: 0.0300670 seconds
146.760: [GC [PSYoungGen: 6654K->0K(7680K)] 16889K->10234K(25088K), 0.0003100 secs] [Times: user=0.00 sys=0.00, real=0.00 secs] 
146.761: Total time for which application threads were stopped: 0.0004070 seconds, Stopping threads took: 0.0000460 seconds
146.790: Application time: 0.0297250 seconds
146.790: [GC [PSYoungGen: 6654K->0K(7680K)] 16889K->10234K(25088K), 0.0003440 secs] [Times: user=0.00 sys=0.00, real=0.00 secs] 
146.791: Total time for which application threads were stopped: 0.0004430 seconds, Stopping threads took: 0.0000540 seconds
146.821: Application time: 0.0297670 seconds
146.821: [GC [PSYoungGen: 6654K->0K(7680K)] 16889K->10234K(25088K), 0.0002860 secs] [Times: user=0.00 sys=0.00, real=0.00 secs] 
146.821: Total time for which application threads were stopped: 0.0003770 seconds, Stopping threads took: 0.0000450 seconds
146.851: Application time: 0.0296580 seconds
146.851: [GC [PSYoungGen: 6654K->0K(7680K)] 16889K->10234K(25088K), 0.0003980 secs] [Times: user=0.00 sys=0.00, real=0.01 secs] 
146.852: Total time for which application threads were stopped: 0.0015950 seconds, Stopping threads took: 0.0000400 seconds
146.882: Application time: 0.0295800 seconds
146.882: [GC [PSYoungGen: 6654K->0K(7680K)] 16889K->10234K(25088K), 0.0002970 secs] [Times: user=0.00 sys=0.00, real=0.00 secs] 
146.882: Total time for which application threads were stopped: 0.0004070 seconds, Stopping threads took: 0.0000620 seconds
146.908: Application time: 0.0255340 seconds
146.908: [GC [PSYoungGen: 6652K->352K(7680K)] 16886K->10586K(25088K), 0.0003250 secs] [Times: user=0.00 sys=0.00, real=0.00 secs] 
146.908: Total time for which application threads were stopped: 0.0004230 seconds, Stopping threads took: 0.0000520 seconds
146.929: Application time: 0.0208100 seconds
146.929: [GC [PSYoungGen: 7004K->384K(7680K)] 17239K->10618K(25088K), 0.0003170 secs] [Times: user=0.00 sys=0.00, real=0.00 secs] 
146.929: Total time for which application threads were stopped: 0.0004160 seconds, Stopping threads took: 0.0000460 seconds
146.952: Application time: 0.0226440 seconds
146.955: [GC [PSYoungGen: 7037K->384K(7680K)] 17272K->10618K(25088K), 0.0003380 secs] [Times: user=0.00 sys=0.00, real=0.00 secs] 
146.955: Total time for which application threads were stopped: 0.0034850 seconds, Stopping threads took: 0.0031020 seconds
146.987: Application time: 0.0319120 seconds
146.987: [GC [PSYoungGen: 7037K->352K(7680K)] 17272K->10586K(25088K), 0.0003440 secs] [Times: user=0.00 sys=0.00, real=0.00 secs] 
146.988: Total time for which application threads were stopped: 0.0004410 seconds, Stopping threads took: 0.0000510 seconds
147.009: Application time: 0.0212280 seconds
147.009: [GC [PSYoungGen: 7004K->544K(7680K)] 17239K->10778K(25088K), 0.0003850 secs] [Times: user=0.01 sys=0.00, real=0.00 secs] 
147.010: Total time for which application threads were stopped: 0.0004770 seconds, Stopping threads took: 0.0000390 seconds
147.031: Application time: 0.0210230 seconds
147.034: [GC [PSYoungGen: 7197K->544K(7680K)] 17432K->10778K(25088K), 0.0004030 secs] [Times: user=0.00 sys=0.00, real=0.00 secs] 
147.034: Total time for which application threads were stopped: 0.0038800 seconds, Stopping threads took: 0.0034290 seconds
147.060: Application time: 0.0254500 seconds
147.060: [GC [PSYoungGen: 7195K->512K(7680K)] 17430K->10746K(25088K), 0.0003620 secs] [Times: user=0.00 sys=0.00, real=0.00 secs] 
147.060: Total time for which application threads were stopped: 0.0004650 seconds, Stopping threads took: 0.0000570 seconds
147.090: Application time: 0.0294660 seconds
147.090: [GC [PSYoungGen: 7164K->512K(7680K)] 17399K->10746K(25088K), 0.0003790 secs] [Times: user=0.00 sys=0.00, real=0.00 secs] 
147.090: Total time for which application threads were stopped: 0.0004740 seconds, Stopping threads took: 0.0000480 seconds
147.119: Application time: 0.0284290 seconds
147.119: [GC [PSYoungGen: 7164K->576K(7680K)] 17399K->10810K(25088K), 0.0003400 secs] [Times: user=0.00 sys=0.00, real=0.01 secs] 
147.119: Total time for which application threads were stopped: 0.0004440 seconds, Stopping threads took: 0.0000540 seconds
147.149: Application time: 0.0295900 seconds
147.149: [GC [PSYoungGen: 7230K->512K(7680K)] 17465K->10746K(25088K), 0.0003450 secs] [Times: user=0.00 sys=0.00, real=0.00 secs] 
147.149: Total time for which application threads were stopped: 0.0004600 seconds, Stopping threads took: 0.0000540 seconds
147.179: Application time: 0.0298100 seconds
147.179: [GC [PSYoungGen: 7166K->512K(7680K)] 17401K->10746K(25088K), 0.0004500 secs] [Times: user=0.00 sys=0.00, real=0.00 secs] 
147.180: Total time for which application threads were stopped: 0.0005710 seconds, Stopping threads took: 0.0000720 seconds
147.209: Application time: 0.0296830 seconds
147.209: [GC [PSYoungGen: 7164K->480K(7680K)] 17399K->10714K(25088K), 0.0004010 secs] [Times: user=0.00 sys=0.00, real=0.00 secs] 
147.210: Total time for which application threads were stopped: 0.0005030 seconds, Stopping threads took: 0.0000550 seconds
147.239: Application time: 0.0295980 seconds
147.239: [GC [PSYoungGen: 7134K->480K(7680K)] 17369K->10714K(25088K), 0.0003940 secs] [Times: user=0.00 sys=0.00, real=0.00 secs] 
147.240: Total time for which application threads were stopped: 0.0004930 seconds, Stopping threads took: 0.0000500 seconds
147.270: Application time: 0.0298190 seconds
147.270: [GC [PSYoungGen: 7132K->512K(7680K)] 17367K->10746K(25088K), 0.0003450 secs] [Times: user=0.00 sys=0.00, real=0.00 secs] 
147.270: Total time for which application threads were stopped: 0.0004410 seconds, Stopping threads took: 0.0000470 seconds
147.300: Application time: 0.0295540 seconds
147.300: [GC [PSYoungGen: 7166K->576K(7680K)] 17401K->10810K(25088K), 0.0003430 secs] [Times: user=0.00 sys=0.00, real=0.00 secs] 
147.300: Total time for which application threads were stopped: 0.0004400 seconds, Stopping threads took: 0.0000480 seconds
147.330: Application time: 0.0294010 seconds
147.330: [GC [PSYoungGen: 7230K->448K(7680K)] 17465K->10682K(25088K), 0.0003710 secs] [Times: user=0.00 sys=0.00, real=0.00 secs] 
147.330: Total time for which application threads were stopped: 0.0004580 seconds, Stopping threads took: 0.0000410 seconds
147.351: Application time: 0.0209760 seconds
147.351: [GC [PSYoungGen: 7100K->768K(7680K)] 17335K->11002K(25088K), 0.0003910 secs] [Times: user=0.00 sys=0.00, real=0.00 secs] 
147.352: Total time for which application threads were stopped: 0.0005000 seconds, Stopping threads took: 0.0000530 seconds
147.373: Application time: 0.0215140 seconds
147.373: [GC [PSYoungGen: 7421K->704K(7680K)] 17656K->10938K(25088K), 0.0003770 secs] [Times: user=0.00 sys=0.00, real=0.00 secs] 
147.373: Total time for which application threads were stopped: 0.0004790 seconds, Stopping threads took: 0.0000530 seconds
147.390: Application time: 0.0161080 seconds
147.390: [GC [PSYoungGen: 7358K->960K(7680K)] 17593K->11194K(25088K), 0.0004260 secs] [Times: user=0.00 sys=0.00, real=0.00 secs] 
147.390: Total time for which application threads were stopped: 0.0005270 seconds, Stopping threads took: 0.0000510 seconds
147.411: Application time: 0.0209970 seconds
147.415: [GC [PSYoungGen: 7611K->928K(7680K)] 17846K->11162K(25088K), 0.0005960 secs] [Times: user=0.01 sys=0.00, real=0.00 secs] 
147.416: Total time for which application threads were stopped: 0.0046500 seconds, Stopping threads took: 0.0039880 seconds
147.433: Application time: 0.0176800 seconds
147.434: [GC [PSYoungGen: 7583K->1008K(7680K)] 17818K->11523K(25088K), 0.0005310 secs] [Times: user=0.00 sys=0.00, real=0.00 secs] 
147.434: Total time for which application threads were stopped: 0.0006290 seconds, Stopping threads took: 0.0000470 seconds
147.446: Application time: 0.0118830 seconds
147.446: [GC [PSYoungGen: 7659K->992K(7680K)] 18174K->11911K(25088K), 0.0005910 secs] [Times: user=0.00 sys=0.00, real=0.00 secs] 
147.447: Total time for which application threads were stopped: 0.0006930 seconds, Stopping threads took: 0.0000480 seconds
147.457: Application time: 0.0105220 seconds
147.457: [GC [PSYoungGen: 7565K->992K(7680K)] 18485K->12356K(25088K), 0.0005370 secs] [Times: user=0.00 sys=0.00, real=0.00 secs] 
147.458: Total time for which application threads were stopped: 0.0006360 seconds, Stopping threads took: 0.0000490 seconds
147.469: Application time: 0.0110700 seconds
147.469: [GC [PSYoungGen: 7643K->1008K(7680K)] 19007K->12580K(25088K), 0.0004630 secs] [Times: user=0.00 sys=0.00, real=0.00 secs] 
147.469: Total time for which application threads were stopped: 0.0005650 seconds, Stopping threads took: 0.0000490 seconds
147.483: Application time: 0.0132640 seconds
147.483: [GC [PSYoungGen: 7660K->1008K(7680K)] 19232K->12996K(25088K), 0.0005920 secs] [Times: user=0.01 sys=0.00, real=0.00 secs] 
147.483: Total time for which application threads were stopped: 0.0006890 seconds, Stopping threads took: 0.0000470 seconds
147.505: Application time: 0.0214870 seconds
147.505: [GC [PSYoungGen: 7661K->1008K(7680K)] 19650K->13424K(25088K), 0.0005710 secs] [Times: user=0.00 sys=0.00, real=0.00 secs] 
147.506: Total time for which application threads were stopped: 0.0006680 seconds, Stopping threads took: 0.0000470 seconds
147.533: Application time: 0.0275670 seconds
147.533: [GC [PSYoungGen: 7662K->1008K(7680K)] 20079K->13432K(25088K), 0.0004500 secs] [Times: user=0.00 sys=0.00, real=0.00 secs] 
147.534: Total time for which application threads were stopped: 0.0005480 seconds, Stopping threads took: 0.0000460 seconds
147.560: Application time: 0.0262610 seconds
147.560: [GC [PSYoungGen: 7663K->1008K(7680K)] 20088K->13977K(25088K), 0.0006140 secs] [Times: user=0.00 sys=0.00, real=0.00 secs] 
147.561: Total time for which application threads were stopped: 0.0007220 seconds, Stopping threads took: 0.0000560 seconds
147.589: Application time: 0.0279220 seconds
147.589: [GC [PSYoungGen: 7661K->1008K(7680K)] 20631K->14105K(25088K), 0.0004710 secs] [Times: user=0.00 sys=0.00, real=0.00 secs] 
147.589: Total time for which application threads were stopped: 0.0005760 seconds, Stopping threads took: 0.0000540 seconds
147.618: Application time: 0.0289200 seconds
147.618: [GC [PSYoungGen: 7662K->976K(7680K)] 20760K->14073K(25088K), 0.0004520 secs] [Times: user=0.01 sys=0.00, real=0.00 secs] 
147.619: Total time for which application threads were stopped: 0.0005530 seconds, Stopping threads took: 0.0000510 seconds
147.648: Application time: 0.0289050 seconds
147.648: [GC [PSYoungGen: 7630K->992K(7680K)] 20728K->14101K(25088K), 0.0004740 secs] [Times: user=0.00 sys=0.00, real=0.00 secs] 
147.648: Total time for which application threads were stopped: 0.0005670 seconds, Stopping threads took: 0.0000460 seconds
147.677: Application time: 0.0288680 seconds
147.677: [GC [PSYoungGen: 7646K->944K(7680K)] 20756K->14093K(25088K), 0.0004390 secs] [Times: user=0.00 sys=0.00, real=0.00 secs] 
147.678: Total time for which application threads were stopped: 0.0005510 seconds, Stopping threads took: 0.0000500 seconds
147.706: Application time: 0.0287940 seconds
147.706: [GC [PSYoungGen: 7598K->976K(7680K)] 20748K->14125K(25088K), 0.0004290 secs] [Times: user=0.00 sys=0.00, real=0.00 secs] 
147.707: Total time for which application threads were stopped: 0.0005350 seconds, Stopping threads took: 0.0000520 seconds
147.736: Application time: 0.0289350 seconds
147.736: [GC [PSYoungGen: 7630K->944K(7680K)] 20780K->14101K(25088K), 0.0004240 secs] [Times: user=0.00 sys=0.00, real=0.00 secs] 
147.736: Total time for which application threads were stopped: 0.0005300 seconds, Stopping threads took: 0.0000490 seconds
147.765: Application time: 0.0290230 seconds
147.765: [GC [PSYoungGen: 7598K->976K(7680K)] 20756K->14133K(25088K), 0.0004460 secs] [Times: user=0.00 sys=0.00, real=0.00 secs] 
147.766: Total time for which application threads were stopped: 0.0005620 seconds, Stopping threads took: 0.0000650 seconds
147.793: Application time: 0.0272380 seconds
147.793: [GC [PSYoungGen: 7630K->1008K(7680K)] 20787K->14197K(25088K), 0.0004530 secs] [Times: user=0.00 sys=0.00, real=0.00 secs] 
147.794: Total time for which application threads were stopped: 0.0005480 seconds, Stopping threads took: 0.0000420 seconds
147.822: Application time: 0.0279590 seconds
147.822: Total time for which application threads were stopped: 0.0000670 seconds, Stopping threads took: 0.0000500 seconds
147.822: Application time: 0.0000340 seconds
147.822: [GC [PSYoungGen: 7661K->928K(7680K)] 20863K->14182K(25088K), 0.0004420 secs] [Times: user=0.01 sys=0.00, real=0.00 secs] 
147.822: Total time for which application threads were stopped: 0.0005120 seconds, Stopping threads took: 0.0000250 seconds
147.851: Application time: 0.0290800 seconds
147.851: [GC [PSYoungGen: 7582K->928K(7680K)] 21240K->14670K(25088K), 0.0004490 secs] [Times: user=0.00 sys=0.00, real=0.00 secs] 
147.852: Total time for which application threads were stopped: 0.0005560 seconds, Stopping threads took: 0.0000520 seconds
147.878: Application time: 0.0259350 seconds
147.878: [GC [PSYoungGen: 7498K->992K(7680K)] 21240K->15095K(25088K), 0.0005270 secs] [Times: user=0.00 sys=0.00, real=0.00 secs] 
147.879: Total time for which application threads were stopped: 0.0006280 seconds, Stopping threads took: 0.0000470 seconds
147.905: Application time: 0.0264000 seconds
147.905: [GC [PSYoungGen: 7645K->992K(7680K)] 21748K->15452K(25088K), 0.0005210 secs] [Times: user=0.01 sys=0.00, real=0.00 secs] 
147.906: Total time for which application threads were stopped: 0.0006190 seconds, Stopping threads took: 0.0000470 seconds
147.935: Application time: 0.0295660 seconds
147.935: [GC [PSYoungGen: 7646K->992K(7680K)] 22107K->15468K(25088K), 0.0004630 secs] [Times: user=0.01 sys=0.00, real=0.00 secs] 
147.936: Total time for which application threads were stopped: 0.0005690 seconds, Stopping threads took: 0.0000590 seconds
147.966: Application time: 0.0308170 seconds
147.967: [GC [PSYoungGen: 7646K->992K(7680K)] 22123K->15468K(25088K), 0.0004670 secs] [Times: user=0.00 sys=0.00, real=0.00 secs] 
147.967: Total time for which application threads were stopped: 0.0005810 seconds, Stopping threads took: 0.0000520 seconds
147.997: Application time: 0.0301580 seconds
147.997: [GC [PSYoungGen: 7644K->992K(7680K)] 22120K->15508K(25088K), 0.0005000 secs] [Times: user=0.00 sys=0.00, real=0.00 secs] 
147.998: Total time for which application threads were stopped: 0.0005940 seconds, Stopping threads took: 0.0000460 seconds
148.028: Application time: 0.0298980 seconds
148.028: [GC [PSYoungGen: 7646K->992K(7680K)] 22163K->15508K(25088K), 0.0004060 secs] [Times: user=0.00 sys=0.00, real=0.00 secs] 
148.028: Total time for which application threads were stopped: 0.0004940 seconds, Stopping threads took: 0.0000400 seconds
148.058: Application time: 0.0297910 seconds
148.058: [GC [PSYoungGen: 7646K->960K(7680K)] 22163K->15476K(25088K), 0.0004450 secs] [Times: user=0.00 sys=0.00, real=0.00 secs] 
148.059: Total time for which application threads were stopped: 0.0005420 seconds, Stopping threads took: 0.0000460 seconds
148.088: Application time: 0.0298630 seconds
148.089: [GC [PSYoungGen: 7614K->992K(7680K)] 22131K->15508K(25088K), 0.0003890 secs] [Times: user=0.01 sys=0.00, real=0.00 secs] 
148.089: Total time for which application threads were stopped: 0.0004840 seconds, Stopping threads took: 0.0000470 seconds
148.119: Application time: 0.0304750 seconds
148.119: [GC [PSYoungGen: 7644K->992K(7680K)] 22160K->15508K(25088K), 0.0003960 secs] [Times: user=0.00 sys=0.00, real=0.00 secs] 
148.120: Total time for which application threads were stopped: 0.0004950 seconds, Stopping threads took: 0.0000480 seconds
148.150: Application time: 0.0298110 seconds
148.150: [GC [PSYoungGen: 7646K->896K(7680K)] 22163K->15540K(25088K), 0.0003900 secs] [Times: user=0.00 sys=0.00, real=0.00 secs] 
148.150: Total time for which application threads were stopped: 0.0004950 seconds, Stopping threads took: 0.0000560 seconds
148.180: Application time: 0.0298250 seconds
148.180: [GC [PSYoungGen: 7550K->832K(7680K)] 22195K->15476K(25088K), 0.0004270 secs] [Times: user=0.00 sys=0.00, real=0.00 secs] 
148.181: Total time for which application threads were stopped: 0.0005380 seconds, Stopping threads took: 0.0000530 seconds
148.210: Application time: 0.0298230 seconds
148.211: [GC [PSYoungGen: 7486K->832K(7680K)] 22131K->15476K(25088K), 0.0003770 secs] [Times: user=0.00 sys=0.00, real=0.00 secs] 
148.212: Total time for which application threads were stopped: 0.0011490 seconds, Stopping threads took: 0.0007160 seconds
148.241: Application time: 0.0299680 seconds
148.242: [GC [PSYoungGen: 7484K->832K(7680K)] 22128K->15532K(25088K), 0.0003950 secs] [Times: user=0.00 sys=0.00, real=0.00 secs] 
148.242: Total time for which application threads were stopped: 0.0004820 seconds, Stopping threads took: 0.0000340 seconds
148.272: Application time: 0.0299010 seconds
148.272: [GC [PSYoungGen: 7486K->736K(7680K)] 22187K->15452K(25088K), 0.0004310 secs] [Times: user=0.00 sys=0.00, real=0.00 secs] 
148.272: Total time for which application threads were stopped: 0.0005260 seconds, Stopping threads took: 0.0000410 seconds
148.302: Application time: 0.0297010 seconds
148.302: [GC [PSYoungGen: 7390K->704K(7680K)] 22107K->15480K(25088K), 0.0004860 secs] [Times: user=0.00 sys=0.00, real=0.00 secs] 
148.303: Total time for which application threads were stopped: 0.0005770 seconds, Stopping threads took: 0.0000400 seconds
148.333: Application time: 0.0299500 seconds
148.333: [GC [PSYoungGen: 7358K->576K(7680K)] 22135K->15584K(25088K), 0.0003820 secs] [Times: user=0.00 sys=0.00, real=0.00 secs] 
148.333: Total time for which application threads were stopped: 0.0004790 seconds, Stopping threads took: 0.0000450 seconds
148.363: Application time: 0.0298510 seconds
148.363: [GC [PSYoungGen: 7230K->0K(7680K)] 22239K->15609K(25088K), 0.0004500 secs] [Times: user=0.01 sys=0.00, real=0.00 secs] 
148.364: Total time for which application threads were stopped: 0.0005500 seconds, Stopping threads took: 0.0000460 seconds
148.393: Application time: 0.0298790 seconds
148.393: [GC [PSYoungGen: 6654K->0K(7680K)] 22264K->15609K(25088K), 0.0003080 secs] [Times: user=0.00 sys=0.00, real=0.00 secs] 
148.394: Total time for which application threads were stopped: 0.0004080 seconds, Stopping threads took: 0.0000460 seconds
148.424: Application time: 0.0299020 seconds
148.424: [GC [PSYoungGen: 6654K->0K(7680K)] 22264K->15609K(25088K), 0.0002890 secs] [Times: user=0.00 sys=0.00, real=0.00 secs] 
148.424: Total time for which application threads were stopped: 0.0003840 seconds, Stopping threads took: 0.0000510 seconds
148.454: Application time: 0.0298200 seconds
148.454: [GC [PSYoungGen: 6654K->0K(7680K)] 22264K->15609K(25088K), 0.0002940 secs] [Times: user=0.00 sys=0.00, real=0.00 secs] 
148.454: Total time for which application threads were stopped: 0.0003930 seconds, Stopping threads took: 0.0000510 seconds
148.484: Application time: 0.0298520 seconds
148.484: [GC [PSYoungGen: 6654K->0K(7680K)] 22264K->15609K(25088K), 0.0003410 secs] [Times: user=0.01 sys=0.00, real=0.00 secs] 
148.485: Total time for which application threads were stopped: 0.0004380 seconds, Stopping threads took: 0.0000480 seconds
148.514: Application time: 0.0298300 seconds
148.515: [GC [PSYoungGen: 6654K->0K(7680K)] 22264K->15609K(25088K), 0.0003080 secs] [Times: user=0.01 sys=0.00, real=0.00 secs] 
148.515: Total time for which application threads were stopped: 0.0004060 seconds, Stopping threads took: 0.0000510 seconds
148.545: Application time: 0.0297580 seconds
148.547: [GC [PSYoungGen: 6654K->0K(7680K)] 22264K->15609K(25088K), 0.0003120 secs] [Times: user=0.00 sys=0.00, real=0.00 secs] 
148.547: Total time for which application threads were stopped: 0.0028490 seconds, Stopping threads took: 0.0024890 seconds
148.577: Application time: 0.0297680 seconds
148.577: [GC [PSYoungGen: 6654K->0K(7680K)] 22264K->15609K(25088K), 0.0003110 secs] [Times: user=0.00 sys=0.00, real=0.00 secs] 
148.578: Total time for which application threads were stopped: 0.0004030 seconds, Stopping threads took: 0.0000480 seconds
148.607: Application time: 0.0296710 seconds
148.607: [GC [PSYoungGen: 6654K->0K(7680K)] 22264K->15609K(25088K), 0.0002810 secs] [Times: user=0.00 sys=0.00, real=0.00 secs] 
148.608: Total time for which application threads were stopped: 0.0003720 seconds, Stopping threads took: 0.0000450 seconds
148.637: Application time: 0.0296300 seconds
148.637: [GC [PSYoungGen: 6654K->0K(7680K)] 22264K->15609K(25088K), 0.0003000 secs] [Times: user=0.00 sys=0.00, real=0.00 secs] 
148.638: Total time for which application threads were stopped: 0.0004010 seconds, Stopping threads took: 0.0000530 seconds
148.664: Application time: 0.0259270 seconds
148.664: [GC [PSYoungGen: 6652K->384K(7680K)] 22262K->15994K(25088K), 0.0003200 secs] [Times: user=0.00 sys=0.00, real=0.00 secs] 
148.664: Total time for which application threads were stopped: 0.0004220 seconds, Stopping threads took: 0.0000530 seconds
148.685: Application time: 0.0206910 seconds
148.685: [GC [PSYoungGen: 7036K->384K(7680K)] 22646K->15994K(25088K), 0.0003250 secs] [Times: user=0.00 sys=0.00, real=0.00 secs] 
148.685: Total time for which application threads were stopped: 0.0004400 seconds, Stopping threads took: 0.0000540 seconds
148.707: Application time: 0.0222260 seconds
148.708: [GC [PSYoungGen: 7037K->384K(7680K)] 22647K->15994K(25088K), 0.0003300 secs] [Times: user=0.00 sys=0.00, real=0.00 secs] 
148.708: Total time for which application threads were stopped: 0.0004300 seconds, Stopping threads took: 0.0000530 seconds
148.737: Application time: 0.0291500 seconds
148.737: [GC [PSYoungGen: 7036K->288K(7680K)] 22646K->15898K(25088K), 0.0003670 secs] [Times: user=0.00 sys=0.00, real=0.00 secs] 
148.737: Total time for which application threads were stopped: 0.0004530 seconds, Stopping threads took: 0.0000380 seconds
148.761: Application time: 0.0236550 seconds
148.761: [GC [PSYoungGen: 6939K->512K(7680K)] 22549K->16122K(25088K), 0.0004350 secs] [Times: user=0.00 sys=0.00, real=0.00 secs] 
148.762: Total time for which application threads were stopped: 0.0005480 seconds, Stopping threads took: 0.0000600 seconds
148.782: Application time: 0.0206460 seconds
148.782: [GC [PSYoungGen: 7164K->480K(7680K)] 22774K->16090K(25088K), 0.0003900 secs] [Times: user=0.00 sys=0.00, real=0.00 secs] 
148.783: Total time for which application threads were stopped: 0.0004900 seconds, Stopping threads took: 0.0000520 seconds
148.806: Application time: 0.0235420 seconds
148.806: [GC [PSYoungGen: 7136K->544K(7680K)] 22745K->16154K(25088K), 0.0003580 secs] [Times: user=0.00 sys=0.00, real=0.00 secs] 
148.807: Total time for which application threads were stopped: 0.0004550 seconds, Stopping threads took: 0.0000470 seconds
148.836: Application time: 0.0293190 seconds
148.836: [GC [PSYoungGen: 7196K->480K(7680K)] 22806K->16090K(25088K), 0.0004060 secs] [Times: user=0.00 sys=0.00, real=0.00 secs] 
148.837: Total time for which application threads were stopped: 0.0005060 seconds, Stopping threads took: 0.0000490 seconds
148.865: Application time: 0.0285960 seconds
148.865: [GC [PSYoungGen: 7132K->512K(7680K)] 22742K->16122K(25088K), 0.0003870 secs] [Times: user=0.00 sys=0.00, real=0.00 secs] 
148.866: Total time for which application threads were stopped: 0.0004810 seconds, Stopping threads took: 0.0000440 seconds
148.895: Application time: 0.0295940 seconds
148.895: [GC [PSYoungGen: 7166K->480K(7680K)] 22776K->16090K(25088K), 0.0003810 secs] [Times: user=0.00 sys=0.00, real=0.00 secs] 
148.896: Total time for which application threads were stopped: 0.0004710 seconds, Stopping threads took: 0.0000420 seconds
148.926: Application time: 0.0302350 seconds
148.927: [GC [PSYoungGen: 7134K->512K(7680K)] 22744K->16122K(25088K), 0.0004250 secs] [Times: user=0.00 sys=0.00, real=0.00 secs] 
148.928: Total time for which application threads were stopped: 0.0015900 seconds, Stopping threads took: 0.0011100 seconds
148.958: Application time: 0.0300300 seconds
148.958: [GC [PSYoungGen: 7166K->480K(7680K)] 22776K->16090K(25088K), 0.0003800 secs] [Times: user=0.01 sys=0.00, real=0.00 secs] 
148.958: Total time for which application threads were stopped: 0.0004750 seconds, Stopping threads took: 0.0000450 seconds
148.988: Application time: 0.0297890 seconds
148.988: [GC [PSYoungGen: 7134K->448K(7680K)] 22744K->16058K(25088K), 0.0003990 secs] [Times: user=0.00 sys=0.00, real=0.00 secs] 
148.988: Total time for which application threads were stopped: 0.0005030 seconds, Stopping threads took: 0.0000540 seconds
149.018: Application time: 0.0296800 seconds
149.018: [GC [PSYoungGen: 7100K->480K(7680K)] 22710K->16090K(25088K), 0.0003460 secs] [Times: user=0.00 sys=0.00, real=0.00 secs] 
149.019: Total time for which application threads were stopped: 0.0004380 seconds, Stopping threads took: 0.0000440 seconds
149.048: Application time: 0.0295220 seconds
149.048: [GC [PSYoungGen: 7134K->512K(7680K)] 22744K->16122K(25088K), 0.0003640 secs] [Times: user=0.00 sys=0.00, real=0.00 secs] 
149.049: Total time for which application threads were stopped: 0.0004550 seconds, Stopping threads took: 0.0000430 seconds
149.078: Application time: 0.0296500 seconds
149.078: [GC [PSYoungGen: 7164K->448K(7680K)] 22774K->16058K(25088K), 0.0003670 secs] [Times: user=0.00 sys=0.00, real=0.00 secs] 
149.079: Total time for which application threads were stopped: 0.0004620 seconds, Stopping threads took: 0.0000440 seconds
149.101: Application time: 0.0224960 seconds
149.101: [GC [PSYoungGen: 7101K->864K(7680K)] 22711K->16474K(25088K), 0.0003960 secs] [Times: user=0.00 sys=0.00, real=0.00 secs] 
149.102: Total time for which application threads were stopped: 0.0005030 seconds, Stopping threads took: 0.0000580 seconds
149.121: Application time: 0.0190320 seconds
149.121: [GC [PSYoungGen: 7516K->960K(7680K)] 23126K->16570K(25088K), 0.0004210 secs] [Times: user=0.00 sys=0.00, real=0.00 secs] 
149.121: Total time for which application threads were stopped: 0.0005200 seconds, Stopping threads took: 0.0000480 seconds
149.140: Application time: 0.0188800 seconds
149.140: [GC [PSYoungGen: 7613K->992K(7680K)] 23223K->16610K(25088K), 0.0004590 secs] [Times: user=0.01 sys=0.00, real=0.00 secs] 
149.141: Total time for which application threads were stopped: 0.0005600 seconds, Stopping threads took: 0.0000500 seconds
149.162: Application time: 0.0213720 seconds
149.162: [GC [PSYoungGen: 7647K->944K(7680K)] 23265K->16562K(25088K), 0.0004430 secs] [Times: user=0.01 sys=0.00, real=0.00 secs] 
149.163: Total time for which application threads were stopped: 0.0005440 seconds, Stopping threads took: 0.0000500 seconds
149.179: Application time: 0.0163280 seconds
149.179: [GC [PSYoungGen: 7598K->1008K(7680K)] 23216K->16922K(25088K), 0.0004850 secs] [Times: user=0.00 sys=0.00, real=0.01 secs] 
149.179: Total time for which application threads were stopped: 0.0005720 seconds, Stopping threads took: 0.0000370 seconds
149.192: Application time: 0.0128930 seconds
149.192: [GC [PSYoungGen: 7662K->992K(7680K)] 23576K->17486K(25088K), 0.0005810 secs] [Times: user=0.00 sys=0.00, real=0.00 secs] 
149.193: Total time for which application threads were stopped: 0.0007050 seconds, Stopping threads took: 0.0000550 seconds
149.204: Application time: 0.0112960 seconds
149.204: [GC [PSYoungGen: 7646K->992K(7680K)] 24141K->17971K(25088K), 0.0005420 secs] [Times: user=0.00 sys=0.00, real=0.00 secs] 
149.205: [Full GC [PSYoungGen: 992K->0K(7680K)] [ParOldGen: 16979K->3329K(17408K)] 17971K->3329K(25088K) [PSPermGen: 5574K->5574K(21504K)], 0.0046150 secs] [Times: user=0.02 sys=0.00, real=0.00 secs] 
149.210: Total time for which application threads were stopped: 0.0053210 seconds, Stopping threads took: 0.0000600 seconds
149.221: Application time: 0.0110980 seconds
149.221: [GC [PSYoungGen: 6654K->512K(7680K)] 9984K->3841K(25088K), 0.0003970 secs] [Times: user=0.00 sys=0.00, real=0.00 secs] 
149.221: Total time for which application threads were stopped: 0.0005020 seconds, Stopping threads took: 0.0000560 seconds
149.236: Application time: 0.0145570 seconds
149.236: [GC [PSYoungGen: 7164K->752K(7680K)] 10493K->4081K(25088K), 0.0004170 secs] [Times: user=0.00 sys=0.00, real=0.00 secs] 
149.236: Total time for which application threads were stopped: 0.0005170 seconds, Stopping threads took: 0.0000500 seconds
149.255: Application time: 0.0181980 seconds
149.255: [GC [PSYoungGen: 7403K->992K(7680K)] 10733K->4466K(25088K), 0.0004760 secs] [Times: user=0.00 sys=0.00, real=0.00 secs] 
149.255: Total time for which application threads were stopped: 0.0005810 seconds, Stopping threads took: 0.0000560 seconds
149.283: Application time: 0.0278580 seconds
149.283: [GC [PSYoungGen: 7646K->992K(7680K)] 11120K->4474K(25088K), 0.0004260 secs] [Times: user=0.00 sys=0.00, real=0.00 secs] 
149.284: Total time for which application threads were stopped: 0.0005370 seconds, Stopping threads took: 0.0000530 seconds
149.309: Application time: 0.0256390 seconds
149.309: [GC [PSYoungGen: 7645K->992K(7680K)] 11127K->4618K(25088K), 0.0004680 secs] [Times: user=0.00 sys=0.00, real=0.00 secs] 
149.310: Total time for which application threads were stopped: 0.0005720 seconds, Stopping threads took: 0.0000540 seconds
149.338: Application time: 0.0279070 seconds
149.338: [GC [PSYoungGen: 7644K->992K(7680K)] 11270K->4618K(25088K), 0.0004710 secs] [Times: user=0.01 sys=0.00, real=0.00 secs] 
149.338: Total time for which application threads were stopped: 0.0005810 seconds, Stopping threads took: 0.0000570 seconds
149.367: Application time: 0.0287380 seconds
149.367: [GC [PSYoungGen: 7646K->992K(7680K)] 11272K->4634K(25088K), 0.0004220 secs] [Times: user=0.00 sys=0.00, real=0.00 secs] 
149.367: Total time for which application threads were stopped: 0.0005210 seconds, Stopping threads took: 0.0000480 seconds
149.397: Application time: 0.0290980 seconds
149.397: [GC [PSYoungGen: 7646K->992K(7680K)] 11288K->4642K(25088K), 0.0004150 secs] [Times: user=0.00 sys=0.00, real=0.00 secs] 
149.397: Total time for which application threads were stopped: 0.0005210 seconds, Stopping threads took: 0.0000550 seconds
149.426: Application time: 0.0288490 seconds
149.426: [GC [PSYoungGen: 7646K->992K(7680K)] 11296K->4642K(25088K), 0.0004110 secs] [Times: user=0.00 sys=0.00, real=0.00 secs] 
149.426: Total time for which application threads were stopped: 0.0005080 seconds, Stopping threads took: 0.0000470 seconds
149.455: Application time: 0.0288700 seconds
149.455: [GC [PSYoungGen: 7646K->992K(7680K)] 11296K->4642K(25088K), 0.0004860 secs] [Times: user=0.00 sys=0.00, real=0.00 secs] 
149.456: Total time for which application threads were stopped: 0.0005960 seconds, Stopping threads took: 0.0000550 seconds
149.486: Application time: 0.0301180 seconds
149.486: [GC [PSYoungGen: 7646K->1008K(7680K)] 11296K->4666K(25088K), 0.0004430 secs] [Times: user=0.00 sys=0.00, real=0.00 secs] 
149.487: Total time for which application threads were stopped: 0.0005500 seconds, Stopping threads took: 0.0000550 seconds
149.516: Application time: 0.0290340 seconds
149.516: [GC [PSYoungGen: 7662K->976K(7680K)] 11320K->4634K(25088K), 0.0004860 secs] [Times: user=0.00 sys=0.00, real=0.00 secs] 
149.516: Total time for which application threads were stopped: 0.0005890 seconds, Stopping threads took: 0.0000540 seconds
149.543: Application time: 0.0271730 seconds
149.544: [GC [PSYoungGen: 7630K->1008K(7680K)] 11288K->4970K(25088K), 0.0004740 secs] [Times: user=0.01 sys=0.00, real=0.00 secs] 
149.544: Total time for which application threads were stopped: 0.0005910 seconds, Stopping threads took: 0.0000670 seconds
149.573: Application time: 0.0285130 seconds
149.573: [GC [PSYoungGen: 7617K->800K(7680K)] 11579K->4762K(25088K), 0.0003920 secs] [Times: user=0.00 sys=0.00, real=0.00 secs] 
149.573: Total time for which application threads were stopped: 0.0005000 seconds, Stopping threads took: 0.0000600 seconds
149.601: Application time: 0.0276120 seconds
149.601: [GC [PSYoungGen: 7455K->1008K(7680K)] 11417K->4970K(25088K), 0.0003970 secs] [Times: user=0.00 sys=0.00, real=0.00 secs] 
149.601: Total time for which application threads were stopped: 0.0004910 seconds, Stopping threads took: 0.0000450 seconds
149.627: Application time: 0.0258260 seconds
149.627: [GC [PSYoungGen: 7661K->1008K(7680K)] 11623K->5418K(25088K), 0.0005270 secs] [Times: user=0.00 sys=0.00, real=0.00 secs] 
149.628: Total time for which application threads were stopped: 0.0006200 seconds, Stopping threads took: 0.0000450 seconds
149.653: Application time: 0.0259170 seconds
149.654: [GC [PSYoungGen: 7660K->992K(7680K)] 12070K->5610K(25088K), 0.0004980 secs] [Times: user=0.00 sys=0.00, real=0.00 secs] 
149.654: Total time for which application threads were stopped: 0.0005940 seconds, Stopping threads took: 0.0000450 seconds
149.683: Application time: 0.0293870 seconds
149.684: [GC [PSYoungGen: 7646K->960K(7680K)] 12264K->5594K(25088K), 0.0004960 secs] [Times: user=0.00 sys=0.00, real=0.00 secs] 
149.684: Total time for which application threads were stopped: 0.0006030 seconds, Stopping threads took: 0.0000560 seconds
149.714: Application time: 0.0296010 seconds
149.714: [GC [PSYoungGen: 7614K->992K(7680K)] 12248K->5626K(25088K), 0.0004320 secs] [Times: user=0.00 sys=0.00, real=0.00 secs] 
149.714: Total time for which application threads were stopped: 0.0005390 seconds, Stopping threads took: 0.0000480 seconds
149.744: Application time: 0.0297720 seconds
149.744: [GC [PSYoungGen: 7646K->928K(7680K)] 12280K->5586K(25088K), 0.0003910 secs] [Times: user=0.00 sys=0.00, real=0.00 secs] 
149.744: Total time for which application threads were stopped: 0.0004940 seconds, Stopping threads took: 0.0000520 seconds
149.775: Application time: 0.0303890 seconds
149.775: [GC [PSYoungGen: 7582K->960K(7680K)] 12240K->5634K(25088K), 0.0004590 secs] [Times: user=0.00 sys=0.00, real=0.00 secs] 
149.775: Total time for which application threads were stopped: 0.0005790 seconds, Stopping threads took: 0.0000610 seconds
149.805: Application time: 0.0298580 seconds
149.805: [GC [PSYoungGen: 7614K->992K(7680K)] 12288K->5674K(25088K), 0.0004200 secs] [Times: user=0.00 sys=0.00, real=0.00 secs] 
149.806: Total time for which application threads were stopped: 0.0005270 seconds, Stopping threads took: 0.0000580 seconds
149.836: Application time: 0.0298180 seconds
149.839: [GC [PSYoungGen: 7646K->960K(7680K)] 12328K->5642K(25088K), 0.0004010 secs] [Times: user=0.00 sys=0.00, real=0.00 secs] 
149.840: Total time for which application threads were stopped: 0.0038920 seconds, Stopping threads took: 0.0034320 seconds
149.869: Application time: 0.0298160 seconds
149.869: [GC [PSYoungGen: 7614K->960K(7680K)] 12296K->5642K(25088K), 0.0004070 secs] [Times: user=0.00 sys=0.00, real=0.00 secs] 
149.870: Total time for which application threads were stopped: 0.0005200 seconds, Stopping threads took: 0.0000650 seconds
149.900: Application time: 0.0297250 seconds
149.900: [GC [PSYoungGen: 7614K->960K(7680K)] 12296K->5642K(25088K), 0.0004200 secs] [Times: user=0.00 sys=0.00, real=0.00 secs] 
149.900: Total time for which application threads were stopped: 0.0005200 seconds, Stopping threads took: 0.0000480 seconds
149.930: Application time: 0.0296830 seconds
149.930: [GC [PSYoungGen: 7614K->928K(7680K)] 12296K->5610K(25088K), 0.0004100 secs] [Times: user=0.00 sys=0.00, real=0.00 secs] 
149.930: Total time for which application threads were stopped: 0.0005040 seconds, Stopping threads took: 0.0000430 seconds
149.960: Application time: 0.0297520 seconds
149.960: [GC [PSYoungGen: 7582K->960K(7680K)] 12264K->5642K(25088K), 0.0004690 secs] [Times: user=0.00 sys=0.00, real=0.00 secs] 
149.961: Total time for which application threads were stopped: 0.0005640 seconds, Stopping threads took: 0.0000430 seconds
149.990: Application time: 0.0298370 seconds
149.991: [GC [PSYoungGen: 7614K->800K(7680K)] 12296K->5678K(25088K), 0.0004120 secs] [Times: user=0.00 sys=0.00, real=0.00 secs] 
149.991: Total time for which application threads were stopped: 0.0005010 seconds, Stopping threads took: 0.0000380 seconds
150.021: Application time: 0.0296580 seconds
150.021: [GC [PSYoungGen: 7454K->768K(7680K)] 12333K->5646K(25088K), 0.0003660 secs] [Times: user=0.00 sys=0.00, real=0.00 secs] 
150.021: Total time for which application threads were stopped: 0.0004620 seconds, Stopping threads took: 0.0000460 seconds
150.051: Application time: 0.0296610 seconds
150.051: [GC [PSYoungGen: 7422K->736K(7680K)] 12301K->5699K(25088K), 0.0003840 secs] [Times: user=0.00 sys=0.00, real=0.01 secs] 
150.051: Total time for which application threads were stopped: 0.0004800 seconds, Stopping threads took: 0.0000440 seconds
150.081: Application time: 0.0298850 seconds
150.081: [GC [PSYoungGen: 7390K->704K(7680K)] 12354K->5735K(25088K), 0.0003660 secs] [Times: user=0.00 sys=0.00, real=0.00 secs] 
150.082: Total time for which application threads were stopped: 0.0004550 seconds, Stopping threads took: 0.0000420 seconds
150.111: Application time: 0.0298290 seconds
150.112: [GC [PSYoungGen: 7358K->0K(7680K)] 12390K->5632K(25088K), 0.0003950 secs] [Times: user=0.00 sys=0.00, real=0.00 secs] 
150.112: Total time for which application threads were stopped: 0.0004940 seconds, Stopping threads took: 0.0000510 seconds
150.142: Application time: 0.0300540 seconds
150.142: [GC [PSYoungGen: 6654K->0K(7680K)] 12287K->5632K(25088K), 0.0002810 secs] [Times: user=0.00 sys=0.00, real=0.00 secs] 
150.142: Total time for which application threads were stopped: 0.0003730 seconds, Stopping threads took: 0.0000430 seconds
150.172: Application time: 0.0300920 seconds
150.173: [GC [PSYoungGen: 6654K->0K(7680K)] 12287K->5632K(25088K), 0.0002990 secs] [Times: user=0.00 sys=0.00, real=0.00 secs] 
150.173: Total time for which application threads were stopped: 0.0003980 seconds, Stopping threads took: 0.0000500 seconds
150.203: Application time: 0.0300830 seconds
150.203: [GC [PSYoungGen: 6654K->0K(7680K)] 12287K->5632K(25088K), 0.0003010 secs] [Times: user=0.01 sys=0.00, real=0.00 secs] 
150.203: Total time for which application threads were stopped: 0.0004050 seconds, Stopping threads took: 0.0000530 seconds
150.234: Application time: 0.0302520 seconds
150.234: [GC [PSYoungGen: 6652K->0K(7680K)] 12285K->5632K(25088K), 0.0002880 secs] [Times: user=0.00 sys=0.00, real=0.00 secs] 
150.234: Total time for which application threads were stopped: 0.0003720 seconds, Stopping threads took: 0.0000320 seconds
150.264: Application time: 0.0300880 seconds
150.264: [GC [PSYoungGen: 6654K->0K(7680K)] 12287K->5632K(25088K), 0.0003880 secs] [Times: user=0.00 sys=0.00, real=0.00 secs] 
150.265: Total time for which application threads were stopped: 0.0004870 seconds, Stopping threads took: 0.0000520 seconds
150.295: Application time: 0.0300770 seconds
150.295: [GC [PSYoungGen: 6654K->0K(7680K)] 12287K->5632K(25088K), 0.0003060 secs] [Times: user=0.00 sys=0.00, real=0.00 secs] 
150.295: Total time for which application threads were stopped: 0.0003840 seconds, Stopping threads took: 0.0000340 seconds
150.325: Application time: 0.0299960 seconds
150.325: [GC [PSYoungGen: 6654K->0K(7680K)] 12287K->5632K(25088K), 0.0003310 secs] [Times: user=0.00 sys=0.00, real=0.00 secs] 
150.325: Total time for which application threads were stopped: 0.0004160 seconds, Stopping threads took: 0.0000400 seconds
150.355: Application time: 0.0298840 seconds
150.355: [GC [PSYoungGen: 6654K->0K(7680K)] 12287K->5632K(25088K), 0.0003040 secs] [Times: user=0.00 sys=0.00, real=0.00 secs] 
150.356: Total time for which application threads were stopped: 0.0003930 seconds, Stopping threads took: 0.0000420 seconds
150.386: Application time: 0.0299800 seconds
150.386: [GC [PSYoungGen: 6652K->0K(7680K)] 12285K->5632K(25088K), 0.0002940 secs] [Times: user=0.00 sys=0.00, real=0.00 secs] 
150.386: Total time for which application threads were stopped: 0.0003820 seconds, Stopping threads took: 0.0000400 seconds
150.410: Application time: 0.0237760 seconds
150.410: [GC [PSYoungGen: 6651K->352K(7680K)] 12284K->5984K(25088K), 0.0003420 secs] [Times: user=0.00 sys=0.00, real=0.00 secs] 
150.410: Total time for which application threads were stopped: 0.0004390 seconds, Stopping threads took: 0.0000510 seconds
150.432: Application time: 0.0214960 seconds
150.435: [GC [PSYoungGen: 7007K->288K(7680K)] 12640K->5920K(25088K), 0.0003980 secs] [Times: user=0.00 sys=0.00, real=0.00 secs] 
150.436: Total time for which application threads were stopped: 0.0037840 seconds, Stopping threads took: 0.0033320 seconds
150.460: Application time: 0.0245060 seconds
150.460: [GC [PSYoungGen: 6942K->384K(7680K)] 12574K->6016K(25088K), 0.0003820 secs] [Times: user=0.00 sys=0.00, real=0.00 secs] 
150.461: Total time for which application threads were stopped: 0.0004880 seconds, Stopping threads took: 0.0000530 seconds
150.490: Application time: 0.0293260 seconds
150.491: [GC [PSYoungGen: 7036K->352K(7680K)] 12669K->5984K(25088K), 0.0003580 secs] [Times: user=0.00 sys=0.00, real=0.00 secs] 
150.492: Total time for which application threads were stopped: 0.0016140 seconds, Stopping threads took: 0.0012040 seconds
150.514: Application time: 0.0220630 seconds
150.514: [GC [PSYoungGen: 7004K->512K(7680K)] 12636K->6144K(25088K), 0.0003470 secs] [Times: user=0.00 sys=0.00, real=0.00 secs] 
150.514: Total time for which application threads were stopped: 0.0004630 seconds, Stopping threads took: 0.0000680 seconds
150.535: Application time: 0.0212290 seconds
150.535: [GC [PSYoungGen: 7167K->512K(7680K)] 12800K->6144K(25088K), 0.0003430 secs] [Times: user=0.00 sys=0.00, real=0.00 secs] 
150.536: Total time for which application threads were stopped: 0.0004450 seconds, Stopping threads took: 0.0000550 seconds
150.560: Application time: 0.0245540 seconds
150.563: [GC [PSYoungGen: 7163K->512K(7680K)] 12796K->6144K(25088K), 0.0003600 secs] [Times: user=0.00 sys=0.00, real=0.00 secs] 
150.564: Total time for which application threads were stopped: 0.0032390 seconds, Stopping threads took: 0.0028270 seconds
150.593: Application time: 0.0295430 seconds
150.593: [GC [PSYoungGen: 7164K->512K(7680K)] 12797K->6144K(25088K), 0.0003400 secs] [Times: user=0.00 sys=0.00, real=0.00 secs] 
150.594: Total time for which application threads were stopped: 0.0004510 seconds, Stopping threads took: 0.0000590 seconds
150.622: Application time: 0.0284990 seconds
150.622: [GC [PSYoungGen: 7164K->544K(7680K)] 12797K->6176K(25088K), 0.0003400 secs] [Times: user=0.00 sys=0.00, real=0.00 secs] 
150.622: Total time for which application threads were stopped: 0.0004420 seconds, Stopping threads took: 0.0000530 seconds
150.652: Application time: 0.0297520 seconds
150.652: [GC [PSYoungGen: 7198K->480K(7680K)] 12831K->6112K(25088K), 0.0003350 secs] [Times: user=0.00 sys=0.00, real=0.00 secs] 
150.653: Total time for which application threads were stopped: 0.0004330 seconds, Stopping threads took: 0.0000480 seconds
150.683: Application time: 0.0299770 seconds
150.683: [GC [PSYoungGen: 7134K->512K(7680K)] 12767K->6144K(25088K), 0.0003440 secs] [Times: user=0.00 sys=0.00, real=0.00 secs] 
150.683: Total time for which application threads were stopped: 0.0004320 seconds, Stopping threads took: 0.0000390 seconds
150.713: Application time: 0.0298650 seconds
150.713: [GC [PSYoungGen: 7166K->512K(7680K)] 12799K->6144K(25088K), 0.0003600 secs] [Times: user=0.00 sys=0.00, real=0.00 secs] 
150.713: Total time for which application threads were stopped: 0.0004490 seconds, Stopping threads took: 0.0000420 seconds
150.743: Application time: 0.0301200 seconds
150.744: [GC [PSYoungGen: 7166K->512K(7680K)] 12799K->6144K(25088K), 0.0003510 secs] [Times: user=0.00 sys=0.00, real=0.00 secs] 
150.744: Total time for which application threads were stopped: 0.0004520 seconds, Stopping threads took: 0.0000450 seconds
150.774: Application time: 0.0300440 seconds
150.774: [GC [PSYoungGen: 7166K->512K(7680K)] 12799K->6144K(25088K), 0.0003700 secs] [Times: user=0.00 sys=0.00, real=0.00 secs] 
150.774: Total time for which application threads were stopped: 0.0004810 seconds, Stopping threads took: 0.0000580 seconds
150.804: Application time: 0.0298480 seconds
150.804: [GC [PSYoungGen: 7166K->480K(7680K)] 12799K->6112K(25088K), 0.0003580 secs] [Times: user=0.00 sys=0.00, real=0.00 secs] 
150.805: Total time for which application threads were stopped: 0.0004800 seconds, Stopping threads took: 0.0000720 seconds
150.834: Application time: 0.0296220 seconds
150.834: [GC [PSYoungGen: 7134K->416K(7680K)] 12767K->6048K(25088K), 0.0003630 secs] [Times: user=0.00 sys=0.00, real=0.00 secs] 
150.835: Total time for which application threads were stopped: 0.0004590 seconds, Stopping threads took: 0.0000480 seconds
150.855: Application time: 0.0196610 seconds
150.855: [GC [PSYoungGen: 7069K->800K(7680K)] 12702K->6432K(25088K), 0.0003690 secs] [Times: user=0.00 sys=0.00, real=0.00 secs] 
150.855: Total time for which application threads were stopped: 0.0004610 seconds, Stopping threads took: 0.0000440 seconds
150.876: Application time: 0.0213800 seconds
150.876: [GC [PSYoungGen: 7451K->736K(7680K)] 13084K->6368K(25088K), 0.0003680 secs] [Times: user=0.00 sys=0.00, real=0.00 secs] 
150.877: Total time for which application threads were stopped: 0.0004600 seconds, Stopping threads took: 0.0000440 seconds
150.895: Application time: 0.0182290 seconds
150.895: [GC [PSYoungGen: 7389K->992K(7680K)] 13022K->6632K(25088K), 0.0004850 secs] [Times: user=0.00 sys=0.00, real=0.00 secs] 
150.896: Total time for which application threads were stopped: 0.0005950 seconds, Stopping threads took: 0.0000560 seconds
150.915: Application time: 0.0191510 seconds
150.915: [GC [PSYoungGen: 7646K->992K(7680K)] 13287K->6760K(25088K), 0.0004470 secs] [Times: user=0.01 sys=0.00, real=0.00 secs] 
150.915: Total time for which application threads were stopped: 0.0005460 seconds, Stopping threads took: 0.0000500 seconds
150.932: Application time: 0.0169640 seconds
150.932: [GC [PSYoungGen: 7644K->928K(7680K)] 13413K->6824K(25088K), 0.0004720 secs] [Times: user=0.00 sys=0.00, real=0.00 secs] 
150.933: Total time for which application threads were stopped: 0.0005730 seconds, Stopping threads took: 0.0000540 seconds
150.953: Application time: 0.0197850 seconds
150.953: [GC [PSYoungGen: 7582K->960K(7680K)] 13479K->6984K(25088K), 0.0004520 secs] [Times: user=0.00 sys=0.00, real=0.00 secs] 
150.953: Total time for which application threads were stopped: 0.0005630 seconds, Stopping threads took: 0.0000620 seconds
150.973: Application time: 0.0195300 seconds
150.975: [GC [PSYoungGen: 7612K->1008K(7680K)] 13637K->7441K(25088K), 0.0006960 secs] [Times: user=0.00 sys=0.00, real=0.00 secs] 
150.976: Total time for which application threads were stopped: 0.0030690 seconds, Stopping threads took: 0.0022980 seconds
150.991: Application time: 0.0147050 seconds
150.991: [GC [PSYoungGen: 7661K->1008K(7680K)] 14094K->7733K(25088K), 0.0005310 secs] [Times: user=0.00 sys=0.00, real=0.01 secs] 
150.991: Total time for which application threads were stopped: 0.0006400 seconds, Stopping threads took: 0.0000550 seconds
151.005: Application time: 0.0134460 seconds
151.005: [GC [PSYoungGen: 7660K->992K(7680K)] 14385K->7981K(25088K), 0.0004730 secs] [Times: user=0.00 sys=0.00, real=0.00 secs] 
151.005: Total time for which application threads were stopped: 0.0005720 seconds, Stopping threads took: 0.0000500 seconds
151.019: Application time: 0.0135160 seconds
151.019: [GC [PSYoungGen: 7646K->992K(7680K)] 14635K->8077K(25088K), 0.0004750 secs] [Times: user=0.00 sys=0.00, real=0.01 secs] 
151.019: Total time for which application threads were stopped: 0.0005690 seconds, Stopping threads took: 0.0000440 seconds
151.039: Application time: 0.0198110 seconds
151.039: [GC [PSYoungGen: 7646K->992K(7680K)] 14732K->8650K(25088K), 0.0005630 secs] [Times: user=0.00 sys=0.00, real=0.00 secs] 
151.040: Total time for which application threads were stopped: 0.0006570 seconds, Stopping threads took: 0.0000420 seconds
151.068: Application time: 0.0284510 seconds
151.068: [GC [PSYoungGen: 7646K->928K(7680K)] 15304K->8714K(25088K), 0.0004910 secs] [Times: user=0.00 sys=0.00, real=0.00 secs] 
151.069: Total time for which application threads were stopped: 0.0005880 seconds, Stopping threads took: 0.0000480 seconds
151.096: Application time: 0.0271040 seconds
151.096: [GC [PSYoungGen: 7580K->992K(7680K)] 15366K->8906K(25088K), 0.0005170 secs] [Times: user=0.01 sys=0.00, real=0.00 secs] 
151.097: Total time for which application threads were stopped: 0.0006140 seconds, Stopping threads took: 0.0000480 seconds
151.124: Application time: 0.0269800 seconds
151.124: [GC [PSYoungGen: 7647K->992K(7680K)] 15561K->9290K(25088K), 0.0005960 secs] [Times: user=0.01 sys=0.00, real=0.00 secs] 
151.124: Total time for which application threads were stopped: 0.0006920 seconds, Stopping threads took: 0.0000440 seconds
151.153: Application time: 0.0289860 seconds
151.153: [GC [PSYoungGen: 7646K->960K(7680K)] 15944K->9258K(25088K), 0.0005690 secs] [Times: user=0.00 sys=0.00, real=0.00 secs] 
151.154: Total time for which application threads were stopped: 0.0006680 seconds, Stopping threads took: 0.0000480 seconds
151.183: Application time: 0.0289650 seconds
151.183: [GC [PSYoungGen: 7614K->928K(7680K)] 15912K->9286K(25088K), 0.0004470 secs] [Times: user=0.00 sys=0.00, real=0.00 secs] 
151.183: Total time for which application threads were stopped: 0.0005570 seconds, Stopping threads took: 0.0000570 seconds
151.212: Application time: 0.0288070 seconds
151.212: [GC [PSYoungGen: 7582K->928K(7680K)] 15941K->9286K(25088K), 0.0004150 secs] [Times: user=0.01 sys=0.00, real=0.00 secs] 
151.213: Total time for which application threads were stopped: 0.0005070 seconds, Stopping threads took: 0.0000440 seconds
151.242: Application time: 0.0287940 seconds
151.242: [GC [PSYoungGen: 7582K->928K(7680K)] 15941K->9294K(25088K), 0.0004400 secs] [Times: user=0.00 sys=0.00, real=0.00 secs] 
151.242: Total time for which application threads were stopped: 0.0005470 seconds, Stopping threads took: 0.0000580 seconds
151.271: Application time: 0.0287390 seconds
151.271: [GC [PSYoungGen: 7582K->928K(7680K)] 15949K->9294K(25088K), 0.0004350 secs] [Times: user=0.01 sys=0.00, real=0.01 secs] 
151.271: Total time for which application threads were stopped: 0.0005490 seconds, Stopping threads took: 0.0000530 seconds
151.298: Application time: 0.0271190 seconds
151.299: [GC [PSYoungGen: 7581K->992K(7680K)] 15948K->9403K(25088K), 0.0004650 secs] [Times: user=0.01 sys=0.00, real=0.00 secs] 
151.299: Total time for which application threads were stopped: 0.0005630 seconds, Stopping threads took: 0.0000480 seconds
151.326: Application time: 0.0271730 seconds
151.326: [GC [PSYoungGen: 7646K->992K(7680K)] 16057K->9575K(25088K), 0.0004590 secs] [Times: user=0.00 sys=0.00, real=0.00 secs] 
151.327: Total time for which application threads were stopped: 0.0005740 seconds, Stopping threads took: 0.0000580 seconds
151.354: Application time: 0.0273030 seconds
151.354: [GC [PSYoungGen: 7646K->992K(7680K)] 16229K->9828K(25088K), 0.0004830 secs] [Times: user=0.00 sys=0.00, real=0.00 secs] 
151.355: Total time for which application threads were stopped: 0.0005960 seconds, Stopping threads took: 0.0000640 seconds
151.384: Application time: 0.0292330 seconds
151.384: [GC [PSYoungGen: 7646K->992K(7680K)] 16482K->9868K(25088K), 0.0004300 secs] [Times: user=0.00 sys=0.00, real=0.00 secs] 
151.384: Total time for which application threads were stopped: 0.0005160 seconds, Stopping threads took: 0.0000350 seconds
151.413: Application time: 0.0282480 seconds
151.413: [GC [PSYoungGen: 7648K->992K(7680K)] 16524K->9884K(25088K), 0.0004760 secs] [Times: user=0.00 sys=0.00, real=0.00 secs] 
151.413: Total time for which application threads were stopped: 0.0005750 seconds, Stopping threads took: 0.0000460 seconds
151.439: Application time: 0.0253050 seconds
151.443: [GC [PSYoungGen: 7648K->992K(7680K)] 16540K->10364K(25088K), 0.0006730 secs] [Times: user=0.00 sys=0.00, real=0.00 secs] 
151.444: Total time for which application threads were stopped: 0.0052590 seconds, Stopping threads took: 0.0045310 seconds
151.474: Application time: 0.0296660 seconds
151.474: [GC [PSYoungGen: 7644K->992K(7680K)] 17016K->10448K(25088K), 0.0004680 secs] [Times: user=0.00 sys=0.00, real=0.00 secs] 
151.474: Total time for which application threads were stopped: 0.0005660 seconds, Stopping threads took: 0.0000490 seconds
151.504: Application time: 0.0296530 seconds
151.504: [GC [PSYoungGen: 7646K->992K(7680K)] 17103K->10456K(25088K), 0.0004440 secs] [Times: user=0.00 sys=0.00, real=0.00 secs] 
151.504: Total time for which application threads were stopped: 0.0005460 seconds, Stopping threads took: 0.0000530 seconds
151.535: Application time: 0.0302810 seconds
151.535: [GC [PSYoungGen: 7644K->992K(7680K)] 17109K->10512K(25088K), 0.0004080 secs] [Times: user=0.00 sys=0.00, real=0.00 secs] 
151.535: Total time for which application threads were stopped: 0.0005090 seconds, Stopping threads took: 0.0000450 seconds
151.565: Application time: 0.0299700 seconds
151.565: [GC [PSYoungGen: 7644K->928K(7680K)] 17165K->10504K(25088K), 0.0004120 secs] [Times: user=0.00 sys=0.00, real=0.00 secs] 
151.566: Total time for which application threads were stopped: 0.0005150 seconds, Stopping threads took: 0.0000530 seconds
151.595: Application time: 0.0299100 seconds
151.596: [GC [PSYoungGen: 7582K->864K(7680K)] 17159K->10440K(25088K), 0.0004070 secs] [Times: user=0.01 sys=0.00, real=0.00 secs] 
151.596: Total time for which application threads were stopped: 0.0005100 seconds, Stopping threads took: 0.0000540 seconds
151.626: Application time: 0.0300060 seconds
151.626: [GC [PSYoungGen: 7516K->960K(7680K)] 17093K->10536K(25088K), 0.0004000 secs] [Times: user=0.00 sys=0.00, real=0.00 secs] 
151.626: Total time for which application threads were stopped: 0.0004940 seconds, Stopping threads took: 0.0000480 seconds
151.656: Application time: 0.0297330 seconds
151.656: [GC [PSYoungGen: 7614K->992K(7680K)] 17191K->10576K(25088K), 0.0004100 secs] [Times: user=0.00 sys=0.00, real=0.00 secs] 
151.657: Total time for which application threads were stopped: 0.0005090 seconds, Stopping threads took: 0.0000520 seconds
151.686: Application time: 0.0296850 seconds
151.686: [GC [PSYoungGen: 7646K->896K(7680K)] 17231K->10480K(25088K), 0.0003980 secs] [Times: user=0.00 sys=0.00, real=0.00 secs] 
151.687: Total time for which application threads were stopped: 0.0004930 seconds, Stopping threads took: 0.0000430 seconds
151.717: Application time: 0.0298120 seconds
151.717: [GC [PSYoungGen: 7550K->928K(7680K)] 17135K->10512K(25088K), 0.0003830 secs] [Times: user=0.00 sys=0.00, real=0.00 secs] 
151.717: Total time for which application threads were stopped: 0.0004900 seconds, Stopping threads took: 0.0000560 seconds
151.747: Application time: 0.0297370 seconds
151.747: [GC [PSYoungGen: 7582K->864K(7680K)] 17167K->10488K(25088K), 0.0005670 secs] [Times: user=0.00 sys=0.00, real=0.00 secs] 
151.748: Total time for which application threads were stopped: 0.0006720 seconds, Stopping threads took: 0.0000480 seconds
151.778: Application time: 0.0300450 seconds
151.778: [GC [PSYoungGen: 7518K->672K(7680K)] 17143K->10504K(25088K), 0.0004600 secs] [Times: user=0.00 sys=0.00, real=0.00 secs] 
151.778: Total time for which application threads were stopped: 0.0005730 seconds, Stopping threads took: 0.0000490 seconds
151.808: Application time: 0.0298260 seconds
151.808: [GC [PSYoungGen: 7326K->576K(7680K)] 17159K->10632K(25088K), 0.0003940 secs] [Times: user=0.00 sys=0.00, real=0.00 secs] 
151.809: Total time for which application threads were stopped: 0.0004870 seconds, Stopping threads took: 0.0000430 seconds
151.838: Application time: 0.0297310 seconds
151.838: [GC [PSYoungGen: 7230K->512K(7680K)] 17287K->10568K(25088K), 0.0003490 secs] [Times: user=0.00 sys=0.00, real=0.00 secs] 
151.839: Total time for which application threads were stopped: 0.0004570 seconds, Stopping threads took: 0.0000550 seconds
151.869: Application time: 0.0299140 seconds
151.869: [GC [PSYoungGen: 7166K->512K(7680K)] 17223K->10608K(25088K), 0.0003430 secs] [Times: user=0.00 sys=0.00, real=0.00 secs] 
151.870: Total time for which application threads were stopped: 0.0016200 seconds, Stopping threads took: 0.0000600 seconds
151.900: Application time: 0.0299030 seconds
151.900: [GC [PSYoungGen: 7166K->0K(7680K)] 17263K->10537K(25088K), 0.0003700 secs] [Times: user=0.00 sys=0.00, real=0.00 secs] 
151.901: Total time for which application threads were stopped: 0.0004750 seconds, Stopping threads took: 0.0000560 seconds
151.931: Application time: 0.0299110 seconds
151.931: [GC [PSYoungGen: 6654K->0K(7680K)] 17192K->10537K(25088K), 0.0002870 secs] [Times: user=0.00 sys=0.00, real=0.00 secs] 
151.931: Total time for which application threads were stopped: 0.0003850 seconds, Stopping threads took: 0.0000510 seconds
151.962: Application time: 0.0309520 seconds
151.962: [GC [PSYoungGen: 6654K->0K(7680K)] 17192K->10537K(25088K), 0.0003320 secs] [Times: user=0.00 sys=0.00, real=0.00 secs] 
151.962: Total time for which application threads were stopped: 0.0004430 seconds, Stopping threads took: 0.0000580 seconds
151.992: Application time: 0.0299090 seconds
151.992: [GC [PSYoungGen: 6654K->0K(7680K)] 17192K->10537K(25088K), 0.0003300 secs] [Times: user=0.00 sys=0.00, real=0.00 secs] 
151.993: Total time for which application threads were stopped: 0.0004310 seconds, Stopping threads took: 0.0000500 seconds
152.023: Application time: 0.0298290 seconds
152.023: [GC [PSYoungGen: 6654K->0K(7680K)] 17192K->10537K(25088K), 0.0002920 secs] [Times: user=0.00 sys=0.00, real=0.00 secs] 
152.023: Total time for which application threads were stopped: 0.0003810 seconds, Stopping threads took: 0.0000410 seconds
152.053: Application time: 0.0297870 seconds
152.053: [GC [PSYoungGen: 6654K->0K(7680K)] 17192K->10537K(25088K), 0.0003470 secs] [Times: user=0.00 sys=0.00, real=0.00 secs] 
152.053: Total time for which application threads were stopped: 0.0004450 seconds, Stopping threads took: 0.0000500 seconds
152.083: Application time: 0.0298050 seconds
152.083: [GC [PSYoungGen: 6654K->0K(7680K)] 17192K->10537K(25088K), 0.0003060 secs] [Times: user=0.00 sys=0.00, real=0.00 secs] 
152.083: Total time for which application threads were stopped: 0.0004010 seconds, Stopping threads took: 0.0000480 seconds
152.113: Application time: 0.0296400 seconds
152.113: [GC [PSYoungGen: 6654K->0K(7680K)] 17192K->10537K(25088K), 0.0002980 secs] [Times: user=0.00 sys=0.00, real=0.00 secs] 
152.113: Total time for which application threads were stopped: 0.0004010 seconds, Stopping threads took: 0.0000550 seconds
152.143: Application time: 0.0297470 seconds
152.143: [GC [PSYoungGen: 6654K->0K(7680K)] 17192K->10537K(25088K), 0.0002970 secs] [Times: user=0.00 sys=0.00, real=0.00 secs] 
152.144: Total time for which application threads were stopped: 0.0003920 seconds, Stopping threads took: 0.0000490 seconds
152.167: Application time: 0.0231400 seconds
152.167: [GC [PSYoungGen: 6654K->384K(7680K)] 17192K->10921K(25088K), 0.0003420 secs] [Times: user=0.00 sys=0.00, real=0.00 secs] 
152.167: Total time for which application threads were stopped: 0.0004490 seconds, Stopping threads took: 0.0000570 seconds
152.188: Application time: 0.0212940 seconds
152.189: [GC [PSYoungGen: 7037K->352K(7680K)] 17575K->10889K(25088K), 0.0003300 secs] [Times: user=0.00 sys=0.00, real=0.00 secs] 
152.189: Total time for which application threads were stopped: 0.0004330 seconds, Stopping threads took: 0.0000540 seconds
152.213: Application time: 0.0245570 seconds
152.214: [GC [PSYoungGen: 7007K->384K(7680K)] 17545K->10921K(25088K), 0.0003250 secs] [Times: user=0.00 sys=0.00, real=0.00 secs] 
152.214: Total time for which application threads were stopped: 0.0004200 seconds, Stopping threads took: 0.0000470 seconds
152.243: Application time: 0.0290950 seconds
152.243: [GC [PSYoungGen: 7036K->352K(7680K)] 17574K->10889K(25088K), 0.0003330 secs] [Times: user=0.00 sys=0.00, real=0.00 secs] 
152.243: Total time for which application threads were stopped: 0.0004220 seconds, Stopping threads took: 0.0000420 seconds
152.267: Application time: 0.0236020 seconds
152.267: [GC [PSYoungGen: 7007K->512K(7680K)] 17545K->11049K(25088K), 0.0003580 secs] [Times: user=0.00 sys=0.00, real=0.00 secs] 
152.267: Total time for which application threads were stopped: 0.0004460 seconds, Stopping threads took: 0.0000390 seconds
152.288: Application time: 0.0206760 seconds
152.288: [GC [PSYoungGen: 7164K->512K(7680K)] 17702K->11049K(25088K), 0.0004220 secs] [Times: user=0.01 sys=0.00, real=0.00 secs] 
152.289: Total time for which application threads were stopped: 0.0005260 seconds, Stopping threads took: 0.0000460 seconds
152.312: Application time: 0.0233600 seconds
152.312: [GC [PSYoungGen: 7168K->512K(7680K)] 17705K->11049K(25088K), 0.0003500 secs] [Times: user=0.00 sys=0.00, real=0.00 secs] 
152.312: Total time for which application threads were stopped: 0.0004460 seconds, Stopping threads took: 0.0000480 seconds
152.342: Application time: 0.0291430 seconds
152.342: [GC [PSYoungGen: 7164K->512K(7680K)] 17702K->11049K(25088K), 0.0003460 secs] [Times: user=0.00 sys=0.00, real=0.00 secs] 
152.342: Total time for which application threads were stopped: 0.0004370 seconds, Stopping threads took: 0.0000400 seconds
152.371: Application time: 0.0285140 seconds
152.371: [GC [PSYoungGen: 7164K->544K(7680K)] 17702K->11081K(25088K), 0.0003570 secs] [Times: user=0.00 sys=0.00, real=0.00 secs] 
152.371: Total time for which application threads were stopped: 0.0004680 seconds, Stopping threads took: 0.0000620 seconds
152.401: Application time: 0.0297050 seconds
152.401: [GC [PSYoungGen: 7198K->512K(7680K)] 17736K->11049K(25088K), 0.0003430 secs] [Times: user=0.00 sys=0.00, real=0.00 secs] 
152.401: Total time for which application threads were stopped: 0.0004430 seconds, Stopping threads took: 0.0000480 seconds
152.431: Application time: 0.0297280 seconds
152.431: [GC [PSYoungGen: 7166K->512K(7680K)] 17704K->11049K(25088K), 0.0003400 secs] [Times: user=0.01 sys=0.00, real=0.01 secs] 
152.431: Total time for which application threads were stopped: 0.0004460 seconds, Stopping threads took: 0.0000550 seconds
152.461: Application time: 0.0296650 seconds
152.461: [GC [PSYoungGen: 7166K->480K(7680K)] 17704K->11017K(25088K), 0.0003350 secs] [Times: user=0.00 sys=0.00, real=0.00 secs] 
152.461: Total time for which application threads were stopped: 0.0004410 seconds, Stopping threads took: 0.0000540 seconds
152.492: Application time: 0.0307400 seconds
152.492: [GC [PSYoungGen: 7134K->512K(7680K)] 17672K->11049K(25088K), 0.0003660 secs] [Times: user=0.00 sys=0.00, real=0.00 secs] 
152.493: Total time for which application threads were stopped: 0.0004670 seconds, Stopping threads took: 0.0000510 seconds
152.522: Application time: 0.0296220 seconds
152.522: [GC [PSYoungGen: 7166K->480K(7680K)] 17704K->11017K(25088K), 0.0003890 secs] [Times: user=0.00 sys=0.00, real=0.00 secs] 
152.523: Total time for which application threads were stopped: 0.0004900 seconds, Stopping threads took: 0.0000450 seconds
152.552: Application time: 0.0297050 seconds
152.553: [GC [PSYoungGen: 7134K->480K(7680K)] 17672K->11017K(25088K), 0.0003580 secs] [Times: user=0.00 sys=0.00, real=0.00 secs] 
152.553: Total time for which application threads were stopped: 0.0004530 seconds, Stopping threads took: 0.0000450 seconds
152.582: Application time: 0.0295250 seconds
152.583: [GC [PSYoungGen: 7134K->512K(7680K)] 17672K->11049K(25088K), 0.0003500 secs] [Times: user=0.00 sys=0.00, real=0.00 secs] 
152.583: Total time for which application threads were stopped: 0.0004490 seconds, Stopping threads took: 0.0000520 seconds
152.606: Application time: 0.0234780 seconds
152.606: [GC [PSYoungGen: 7165K->736K(7680K)] 17703K->11273K(25088K), 0.0003850 secs] [Times: user=0.00 sys=0.00, real=0.00 secs] 
152.607: Total time for which application threads were stopped: 0.0004910 seconds, Stopping threads took: 0.0000540 seconds
152.627: Application time: 0.0198850 seconds
152.627: [GC [PSYoungGen: 7391K->928K(7680K)] 17929K->11465K(25088K), 0.0004390 secs] [Times: user=0.00 sys=0.00, real=0.00 secs] 
152.627: Total time for which application threads were stopped: 0.0005460 seconds, Stopping threads took: 0.0000570 seconds
152.643: Application time: 0.0158980 seconds
152.643: [GC [PSYoungGen: 7580K->992K(7680K)] 18118K->11529K(25088K), 0.0004320 secs] [Times: user=0.01 sys=0.00, real=0.00 secs] 
152.644: Total time for which application threads were stopped: 0.0005330 seconds, Stopping threads took: 0.0000500 seconds
152.662: Application time: 0.0187480 seconds
152.663: [GC [PSYoungGen: 7646K->992K(7680K)] 18184K->11689K(25088K), 0.0004570 secs] [Times: user=0.00 sys=0.00, real=0.00 secs] 
152.663: Total time for which application threads were stopped: 0.0005690 seconds, Stopping threads took: 0.0000630 seconds
152.680: Application time: 0.0172810 seconds
152.680: [GC [PSYoungGen: 7644K->992K(7680K)] 18342K->11689K(25088K), 0.0004260 secs] [Times: user=0.00 sys=0.00, real=0.00 secs] 
152.681: Total time for which application threads were stopped: 0.0005230 seconds, Stopping threads took: 0.0000460 seconds
152.700: Application time: 0.0186810 seconds
152.703: [GC [PSYoungGen: 7647K->992K(7680K)] 18345K->11858K(25088K), 0.0004950 secs] [Times: user=0.00 sys=0.00, real=0.00 secs] 
152.704: Total time for which application threads were stopped: 0.0041180 seconds, Stopping threads took: 0.0035710 seconds
152.727: Application time: 0.0236500 seconds
152.731: [GC [PSYoungGen: 7644K->992K(7680K)] 18510K->12446K(25088K), 0.0006530 secs] [Times: user=0.00 sys=0.00, real=0.00 secs] 
152.732: Total time for which application threads were stopped: 0.0045090 seconds, Stopping threads took: 0.0038000 seconds
152.748: Application time: 0.0157160 seconds
152.748: [GC [PSYoungGen: 7647K->992K(7680K)] 19102K->12582K(25088K), 0.0006060 secs] [Times: user=0.01 sys=0.00, real=0.00 secs] 
152.749: Total time for which application threads were stopped: 0.0014610 seconds, Stopping threads took: 0.0007950 seconds
152.762: Application time: 0.0133310 seconds
152.762: [GC [PSYoungGen: 7646K->1008K(7680K)] 19237K->12931K(25088K), 0.0005180 secs] [Times: user=0.00 sys=0.00, real=0.00 secs] 
152.763: Total time for which application threads were stopped: 0.0006360 seconds, Stopping threads took: 0.0000600 seconds
152.776: Application time: 0.0129440 seconds
152.776: [GC [PSYoungGen: 7662K->1008K(7680K)] 19585K->13291K(25088K), 0.0005090 secs] [Times: user=0.00 sys=0.00, real=0.00 secs] 
152.777: Total time for which application threads were stopped: 0.0006150 seconds, Stopping threads took: 0.0000530 seconds
152.796: Application time: 0.0192910 seconds
152.796: [GC [PSYoungGen: 7660K->992K(7680K)] 19944K->13492K(25088K), 0.0004930 secs] [Times: user=0.01 sys=0.00, real=0.00 secs] 
152.796: Total time for which application threads were stopped: 0.0006180 seconds, Stopping threads took: 0.0000640 seconds
152.822: Application time: 0.0259090 seconds
152.822: [GC [PSYoungGen: 7644K->992K(7680K)] 20144K->13676K(25088K), 0.0005330 secs] [Times: user=0.01 sys=0.00, real=0.00 secs] 
152.823: Total time for which application threads were stopped: 0.0006470 seconds, Stopping threads took: 0.0000630 seconds
152.849: Application time: 0.0264220 seconds
152.850: [GC [PSYoungGen: 7648K->992K(7680K)] 20332K->14060K(25088K), 0.0005830 secs] [Times: user=0.00 sys=0.00, real=0.00 secs] 
152.850: Total time for which application threads were stopped: 0.0006690 seconds, Stopping threads took: 0.0000360 seconds
152.878: Application time: 0.0279120 seconds
152.878: [GC [PSYoungGen: 7644K->960K(7680K)] 20712K->14156K(25088K), 0.0004910 secs] [Times: user=0.00 sys=0.00, real=0.00 secs] 
152.879: Total time for which application threads were stopped: 0.0005990 seconds, Stopping threads took: 0.0000550 seconds
152.907: Application time: 0.0288340 seconds
152.908: [GC [PSYoungGen: 7614K->928K(7680K)] 20811K->14124K(25088K), 0.0004800 secs] [Times: user=0.01 sys=0.00, real=0.00 secs] 
152.908: Total time for which application threads were stopped: 0.0005920 seconds, Stopping threads took: 0.0000620 seconds
152.937: Application time: 0.0288210 seconds
152.937: [GC [PSYoungGen: 7582K->896K(7680K)] 20779K->14100K(25088K), 0.0004510 secs] [Times: user=0.00 sys=0.00, real=0.00 secs] 
152.937: Total time for which application threads were stopped: 0.0005480 seconds, Stopping threads took: 0.0000480 seconds
152.966: Application time: 0.0286770 seconds
152.966: [GC [PSYoungGen: 7550K->928K(7680K)] 20755K->14132K(25088K), 0.0004170 secs] [Times: user=0.00 sys=0.00, real=0.00 secs] 
152.967: Total time for which application threads were stopped: 0.0005190 seconds, Stopping threads took: 0.0000540 seconds
152.995: Application time: 0.0287720 seconds
152.995: [GC [PSYoungGen: 7582K->928K(7680K)] 20787K->14140K(25088K), 0.0004550 secs] [Times: user=0.00 sys=0.00, real=0.00 secs] 
152.996: Total time for which application threads were stopped: 0.0005570 seconds, Stopping threads took: 0.0000530 seconds
153.025: Application time: 0.0288930 seconds
153.025: [GC [PSYoungGen: 7582K->960K(7680K)] 20795K->14172K(25088K), 0.0004120 secs] [Times: user=0.01 sys=0.00, real=0.00 secs] 
153.025: Total time for which application threads were stopped: 0.0005040 seconds, Stopping threads took: 0.0000420 seconds
153.053: Application time: 0.0278650 seconds
153.053: [GC [PSYoungGen: 7612K->960K(7680K)] 20824K->14300K(25088K), 0.0004210 secs] [Times: user=0.00 sys=0.00, real=0.00 secs] 
153.054: Total time for which application threads were stopped: 0.0005200 seconds, Stopping threads took: 0.0000450 seconds
153.081: Application time: 0.0270910 seconds
153.081: [GC [PSYoungGen: 7614K->992K(7680K)] 20954K->14540K(25088K), 0.0004940 secs] [Times: user=0.00 sys=0.00, real=0.00 secs] 
153.081: Total time for which application threads were stopped: 0.0005900 seconds, Stopping threads took: 0.0000400 seconds
153.108: Application time: 0.0268670 seconds
153.108: [GC [PSYoungGen: 7647K->992K(7680K)] 21196K->14625K(25088K), 0.0005330 secs] [Times: user=0.00 sys=0.00, real=0.00 secs] 
153.109: Total time for which application threads were stopped: 0.0006320 seconds, Stopping threads took: 0.0000440 seconds
153.138: Application time: 0.0289530 seconds
153.139: [GC [PSYoungGen: 7646K->992K(7680K)] 21279K->14665K(25088K), 0.0004700 secs] [Times: user=0.00 sys=0.00, real=0.00 secs] 
153.140: Total time for which application threads were stopped: 0.0017420 seconds, Stopping threads took: 0.0012200 seconds
153.167: Application time: 0.0274150 seconds
153.167: [GC [PSYoungGen: 7647K->992K(7680K)] 21320K->15025K(25088K), 0.0005220 secs] [Times: user=0.00 sys=0.00, real=0.00 secs] 
153.168: Total time for which application threads were stopped: 0.0006460 seconds, Stopping threads took: 0.0000670 seconds
153.194: Application time: 0.0267870 seconds
153.195: [GC [PSYoungGen: 7645K->992K(7680K)] 21678K->15409K(25088K), 0.0005140 secs] [Times: user=0.00 sys=0.00, real=0.00 secs] 
153.195: Total time for which application threads were stopped: 0.0006260 seconds, Stopping threads took: 0.0000550 seconds
153.224: Application time: 0.0288240 seconds
153.224: [GC [PSYoungGen: 7645K->992K(7680K)] 22063K->15449K(25088K), 0.0004500 secs] [Times: user=0.00 sys=0.00, real=0.00 secs] 
153.224: Total time for which application threads were stopped: 0.0005480 seconds, Stopping threads took: 0.0000400 seconds
153.254: Application time: 0.0298420 seconds
153.254: [GC [PSYoungGen: 7646K->992K(7680K)] 22104K->15449K(25088K), 0.0004360 secs] [Times: user=0.00 sys=0.00, real=0.00 secs] 
153.255: Total time for which application threads were stopped: 0.0005290 seconds, Stopping threads took: 0.0000470 seconds
153.285: Application time: 0.0299010 seconds
153.285: [GC [PSYoungGen: 7646K->960K(7680K)] 22104K->15425K(25088K), 0.0004630 secs] [Times: user=0.00 sys=0.00, real=0.00 secs] 
153.285: Total time for which application threads were stopped: 0.0005510 seconds, Stopping threads took: 0.0000390 seconds
153.315: Application time: 0.0297010 seconds
153.315: [GC [PSYoungGen: 7614K->992K(7680K)] 22080K->15489K(25088K), 0.0003940 secs] [Times: user=0.00 sys=0.00, real=0.00 secs] 
153.316: Total time for which application threads were stopped: 0.0004990 seconds, Stopping threads took: 0.0000400 seconds
153.345: Application time: 0.0296420 seconds
153.345: [GC [PSYoungGen: 7646K->960K(7680K)] 22144K->15457K(25088K), 0.0004560 secs] [Times: user=0.00 sys=0.00, real=0.00 secs] 
153.346: Total time for which application threads were stopped: 0.0005640 seconds, Stopping threads took: 0.0000550 seconds
153.375: Application time: 0.0297410 seconds
153.376: [GC [PSYoungGen: 7614K->992K(7680K)] 22112K->15497K(25088K), 0.0004040 secs] [Times: user=0.00 sys=0.00, real=0.00 secs] 
153.376: Total time for which application threads were stopped: 0.0004970 seconds, Stopping threads took: 0.0000460 seconds
153.406: Application time: 0.0303300 seconds
153.406: [GC [PSYoungGen: 7644K->992K(7680K)] 22149K->15513K(25088K), 0.0004070 secs] [Times: user=0.01 sys=0.00, real=0.00 secs] 
153.407: Total time for which application threads were stopped: 0.0004970 seconds, Stopping threads took: 0.0000400 seconds
153.436: Application time: 0.0297060 seconds
153.437: [GC [PSYoungGen: 7646K->960K(7680K)] 22168K->15481K(25088K), 0.0004210 secs] [Times: user=0.01 sys=0.00, real=0.00 secs] 
153.437: Total time for which application threads were stopped: 0.0005270 seconds, Stopping threads took: 0.0000540 seconds
153.468: Application time: 0.0308840 seconds
153.468: [GC [PSYoungGen: 7614K->928K(7680K)] 22136K->15449K(25088K), 0.0004650 secs] [Times: user=0.00 sys=0.00, real=0.00 secs] 
153.468: Total time for which application threads were stopped: 0.0005690 seconds, Stopping threads took: 0.0000500 seconds
153.498: Application time: 0.0300160 seconds
153.499: [GC [PSYoungGen: 7582K->992K(7680K)] 22104K->15513K(25088K), 0.0004030 secs] [Times: user=0.00 sys=0.00, real=0.00 secs] 
153.499: Total time for which application threads were stopped: 0.0005150 seconds, Stopping threads took: 0.0000590 seconds
153.529: Application time: 0.0297680 seconds
153.529: [GC [PSYoungGen: 7646K->736K(7680K)] 22168K->15469K(25088K), 0.0004760 secs] [Times: user=0.00 sys=0.00, real=0.00 secs] 
153.529: Total time for which application threads were stopped: 0.0005730 seconds, Stopping threads took: 0.0000490 seconds
153.559: Application time: 0.0298760 seconds
153.559: [GC [PSYoungGen: 7390K->512K(7680K)] 22124K->15514K(25088K), 0.0004230 secs] [Times: user=0.00 sys=0.00, real=0.00 secs] 
153.560: Total time for which application threads were stopped: 0.0005240 seconds, Stopping threads took: 0.0000500 seconds
153.590: Application time: 0.0297550 seconds
153.590: [GC [PSYoungGen: 7166K->512K(7680K)] 22169K->15514K(25088K), 0.0003670 secs] [Times: user=0.00 sys=0.00, real=0.00 secs] 
153.590: Total time for which application threads were stopped: 0.0004660 seconds, Stopping threads took: 0.0000500 seconds
153.620: Application time: 0.0299880 seconds
153.620: [GC [PSYoungGen: 7164K->544K(7680K)] 22166K->15586K(25088K), 0.0003400 secs] [Times: user=0.01 sys=0.00, real=0.00 secs] 
153.620: Total time for which application threads were stopped: 0.0004410 seconds, Stopping threads took: 0.0000460 seconds
153.650: Application time: 0.0297440 seconds
153.650: [GC [PSYoungGen: 7198K->320K(7680K)] 22241K->15750K(25088K), 0.0003770 secs] [Times: user=0.01 sys=0.00, real=0.00 secs] 
153.651: Total time for which application threads were stopped: 0.0004740 seconds, Stopping threads took: 0.0000500 seconds
153.680: Application time: 0.0297270 seconds
153.680: [GC [PSYoungGen: 6974K->0K(7680K)] 22405K->15638K(25088K), 0.0003250 secs] [Times: user=0.00 sys=0.00, real=0.00 secs] 
153.681: Total time for which application threads were stopped: 0.0004310 seconds, Stopping threads took: 0.0000540 seconds
153.711: Application time: 0.0298320 seconds
153.711: [GC [PSYoungGen: 6654K->0K(7680K)] 22293K->15638K(25088K), 0.0003110 secs] [Times: user=0.00 sys=0.00, real=0.00 secs] 
153.711: Total time for which application threads were stopped: 0.0004140 seconds, Stopping threads took: 0.0000530 seconds
153.742: Application time: 0.0309730 seconds
153.742: [GC [PSYoungGen: 6652K->0K(7680K)] 22291K->15638K(25088K), 0.0003350 secs] [Times: user=0.01 sys=0.00, real=0.00 secs] 
153.742: Total time for which application threads were stopped: 0.0004220 seconds, Stopping threads took: 0.0000400 seconds
153.773: Application time: 0.0302280 seconds
153.773: [GC [PSYoungGen: 6652K->0K(7680K)] 22291K->15638K(25088K), 0.0003260 secs] [Times: user=0.00 sys=0.00, real=0.00 secs] 
153.773: Total time for which application threads were stopped: 0.0004420 seconds, Stopping threads took: 0.0000610 seconds
153.803: Application time: 0.0298710 seconds
153.803: [GC [PSYoungGen: 6654K->0K(7680K)] 22293K->15638K(25088K), 0.0003010 secs] [Times: user=0.00 sys=0.00, real=0.00 secs] 
153.803: Total time for which application threads were stopped: 0.0003900 seconds, Stopping threads took: 0.0000390 seconds
153.833: Application time: 0.0296960 seconds
153.833: [GC [PSYoungGen: 6652K->0K(7680K)] 22291K->15638K(25088K), 0.0003190 secs] [Times: user=0.00 sys=0.00, real=0.00 secs] 
153.834: Total time for which application threads were stopped: 0.0004410 seconds, Stopping threads took: 0.0000670 seconds
153.863: Application time: 0.0295510 seconds
153.863: [GC [PSYoungGen: 6654K->0K(7680K)] 22293K->15638K(25088K), 0.0003330 secs] [Times: user=0.00 sys=0.00, real=0.00 secs] 
153.864: Total time for which application threads were stopped: 0.0004340 seconds, Stopping threads took: 0.0000530 seconds
153.893: Application time: 0.0296520 seconds
153.893: [GC [PSYoungGen: 6652K->0K(7680K)] 22291K->15638K(25088K), 0.0002880 secs] [Times: user=0.00 sys=0.00, real=0.00 secs] 
153.894: Total time for which application threads were stopped: 0.0003850 seconds, Stopping threads took: 0.0000510 seconds
153.914: Application time: 0.0203210 seconds
153.914: [GC [PSYoungGen: 6655K->384K(7680K)] 22294K->16022K(25088K), 0.0003360 secs] [Times: user=0.00 sys=0.00, real=0.00 secs] 
153.914: Total time for which application threads were stopped: 0.0004280 seconds, Stopping threads took: 0.0000450 seconds
153.936: Application time: 0.0212340 seconds
153.936: [GC [PSYoungGen: 7037K->352K(7680K)] 22676K->15990K(25088K), 0.0003350 secs] [Times: user=0.00 sys=0.00, real=0.00 secs] 
153.936: Total time for which application threads were stopped: 0.0004230 seconds, Stopping threads took: 0.0000420 seconds
153.963: Application time: 0.0269270 seconds
153.963: [GC [PSYoungGen: 7003K->384K(7680K)] 22642K->16022K(25088K), 0.0003100 secs] [Times: user=0.00 sys=0.00, real=0.00 secs] 
153.963: Total time for which application threads were stopped: 0.0004010 seconds, Stopping threads took: 0.0000420 seconds
153.993: Application time: 0.0296130 seconds
153.995: [GC [PSYoungGen: 7036K->320K(7680K)] 22675K->15958K(25088K), 0.0004110 secs] [Times: user=0.00 sys=0.00, real=0.00 secs] 
153.996: Total time for which application threads were stopped: 0.0026640 seconds, Stopping threads took: 0.0022030 seconds
154.024: Application time: 0.0281560 seconds
154.024: [GC [PSYoungGen: 6971K->544K(7680K)] 22610K->16183K(25088K), 0.0003740 secs] [Times: user=0.00 sys=0.00, real=0.00 secs] 
154.024: Total time for which application threads were stopped: 0.0004680 seconds, Stopping threads took: 0.0000450 seconds
154.045: Application time: 0.0203220 seconds
154.045: [GC [PSYoungGen: 7196K->512K(7680K)] 22835K->16151K(25088K), 0.0003550 secs] [Times: user=0.00 sys=0.00, real=0.00 secs] 
154.045: Total time for which application threads were stopped: 0.0004450 seconds, Stopping threads took: 0.0000400 seconds
154.066: Application time: 0.0213610 seconds
154.066: [GC [PSYoungGen: 7165K->480K(7680K)] 22804K->16119K(25088K), 0.0003550 secs] [Times: user=0.01 sys=0.00, real=0.00 secs] 
154.067: Total time for which application threads were stopped: 0.0004390 seconds, Stopping threads took: 0.0000360 seconds
154.094: Application time: 0.0276630 seconds
154.095: [GC [PSYoungGen: 7134K->544K(7680K)] 22773K->16183K(25088K), 0.0003420 secs] [Times: user=0.00 sys=0.00, real=0.00 secs] 
154.095: Total time for which application threads were stopped: 0.0004460 seconds, Stopping threads took: 0.0000530 seconds
154.124: Application time: 0.0291940 seconds
154.124: [GC [PSYoungGen: 7196K->512K(7680K)] 22835K->16151K(25088K), 0.0003410 secs] [Times: user=0.00 sys=0.00, real=0.00 secs] 
154.125: Total time for which application threads were stopped: 0.0004390 seconds, Stopping threads took: 0.0000470 seconds
154.153: Application time: 0.0285270 seconds
154.153: [GC [PSYoungGen: 7165K->576K(7680K)] 22804K->16215K(25088K), 0.0003630 secs] [Times: user=0.00 sys=0.00, real=0.00 secs] 
154.153: Total time for which application threads were stopped: 0.0004500 seconds, Stopping threads took: 0.0000390 seconds
154.183: Application time: 0.0294910 seconds
154.183: [GC [PSYoungGen: 7230K->512K(7680K)] 22869K->16151K(25088K), 0.0003580 secs] [Times: user=0.00 sys=0.00, real=0.00 secs] 
154.183: Total time for which application threads were stopped: 0.0004510 seconds, Stopping threads took: 0.0000430 seconds
154.213: Application time: 0.0295310 seconds
154.213: [GC [PSYoungGen: 7166K->480K(7680K)] 22805K->16119K(25088K), 0.0003610 secs] [Times: user=0.00 sys=0.00, real=0.00 secs] 
154.213: Total time for which application threads were stopped: 0.0004630 seconds, Stopping threads took: 0.0000540 seconds
154.243: Application time: 0.0296240 seconds
154.243: [GC [PSYoungGen: 7134K->640K(7680K)] 22773K->16279K(25088K), 0.0003760 secs] [Times: user=0.00 sys=0.00, real=0.00 secs] 
154.244: Total time for which application threads were stopped: 0.0004720 seconds, Stopping threads took: 0.0000470 seconds
154.273: Application time: 0.0293770 seconds
154.273: [GC [PSYoungGen: 7294K->512K(7680K)] 22933K->16151K(25088K), 0.0003390 secs] [Times: user=0.01 sys=0.00, real=0.00 secs] 
154.273: Total time for which application threads were stopped: 0.0004340 seconds, Stopping threads took: 0.0000470 seconds
154.303: Application time: 0.0296040 seconds
154.303: [GC [PSYoungGen: 7166K->512K(7680K)] 22805K->16151K(25088K), 0.0003530 secs] [Times: user=0.00 sys=0.00, real=0.00 secs] 
154.303: Total time for which application threads were stopped: 0.0004430 seconds, Stopping threads took: 0.0000420 seconds
154.332: Application time: 0.0285610 seconds
154.332: [GC [PSYoungGen: 7165K->512K(7680K)] 22804K->16151K(25088K), 0.0004050 secs] [Times: user=0.00 sys=0.00, real=0.00 secs] 
154.332: Total time for which application threads were stopped: 0.0005110 seconds, Stopping threads took: 0.0000440 seconds
154.361: Application time: 0.0286220 seconds
154.361: [GC [PSYoungGen: 7166K->544K(7680K)] 22805K->16183K(25088K), 0.0003760 secs] [Times: user=0.00 sys=0.00, real=0.00 secs] 
154.362: Total time for which application threads were stopped: 0.0004860 seconds, Stopping threads took: 0.0000540 seconds
154.390: Application time: 0.0281280 seconds
154.390: [GC [PSYoungGen: 7196K->736K(7680K)] 22835K->16375K(25088K), 0.0003700 secs] [Times: user=0.00 sys=0.00, real=0.00 secs] 
154.390: Total time for which application threads were stopped: 0.0004590 seconds, Stopping threads took: 0.0000400 seconds
154.406: Application time: 0.0161630 seconds
154.406: [GC [PSYoungGen: 7392K->944K(7680K)] 23031K->16583K(25088K), 0.0005070 secs] [Times: user=0.00 sys=0.00, real=0.00 secs] 
154.407: Total time for which application threads were stopped: 0.0006090 seconds, Stopping threads took: 0.0000520 seconds
154.420: Application time: 0.0134760 seconds
154.421: [GC [PSYoungGen: 7596K->960K(7680K)] 23235K->16855K(25088K), 0.0004670 secs] [Times: user=0.00 sys=0.00, real=0.00 secs] 
154.421: Total time for which application threads were stopped: 0.0005690 seconds, Stopping threads took: 0.0000520 seconds
154.435: Application time: 0.0143840 seconds
154.435: [GC [PSYoungGen: 7611K->928K(7680K)] 23506K->16823K(25088K), 0.0004100 secs] [Times: user=0.00 sys=0.00, real=0.00 secs] 
154.436: Total time for which application threads were stopped: 0.0005040 seconds, Stopping threads took: 0.0000430 seconds
154.454: Application time: 0.0177130 seconds
154.454: [GC [PSYoungGen: 7582K->992K(7680K)] 23477K->17047K(25088K), 0.0004520 secs] [Times: user=0.00 sys=0.00, real=0.00 secs] 
154.454: Total time for which application threads were stopped: 0.0005580 seconds, Stopping threads took: 0.0000550 seconds
154.471: Application time: 0.0170740 seconds
154.471: [GC [PSYoungGen: 7645K->1008K(7680K)] 23700K->17747K(25088K), 0.0006320 secs] [Times: user=0.00 sys=0.00, real=0.00 secs] 
154.472: Total time for which application threads were stopped: 0.0007380 seconds, Stopping threads took: 0.0000520 seconds
154.486: Application time: 0.0136720 seconds
154.486: [GC [PSYoungGen: 7662K->992K(7680K)] 24402K->18156K(25088K), 0.0006030 secs] [Times: user=0.01 sys=0.00, real=0.00 secs] 
154.486: [Full GC [PSYoungGen: 992K->0K(7680K)] [ParOldGen: 17164K->3336K(17408K)] 18156K->3336K(25088K) [PSPermGen: 5574K->5574K(21504K)], 0.0047980 secs] [Times: user=0.01 sys=0.00, real=0.01 secs] 
154.491: Total time for which application threads were stopped: 0.0055520 seconds, Stopping threads took: 0.0000440 seconds
154.504: Application time: 0.0132420 seconds
154.505: [GC [PSYoungGen: 6652K->352K(7680K)] 9989K->3688K(25088K), 0.0003750 secs] [Times: user=0.00 sys=0.00, real=0.00 secs] 
154.505: Total time for which application threads were stopped: 0.0004850 seconds, Stopping threads took: 0.0000590 seconds
154.518: Application time: 0.0132640 seconds
154.518: [GC [PSYoungGen: 7003K->992K(7680K)] 10340K->4352K(25088K), 0.0004450 secs] [Times: user=0.00 sys=0.00, real=0.00 secs] 
154.519: Total time for which application threads were stopped: 0.0005290 seconds, Stopping threads took: 0.0000350 seconds
154.538: Application time: 0.0195890 seconds
154.538: [GC [PSYoungGen: 7643K->992K(7680K)] 11004K->4681K(25088K), 0.0004730 secs] [Times: user=0.01 sys=0.00, real=0.00 secs] 
154.539: Total time for which application threads were stopped: 0.0005770 seconds, Stopping threads took: 0.0000520 seconds
154.567: Application time: 0.0280230 seconds
154.567: [GC [PSYoungGen: 7646K->1008K(7680K)] 11335K->4697K(25088K), 0.0004570 secs] [Times: user=0.00 sys=0.00, real=0.00 secs] 
154.567: Total time for which application threads were stopped: 0.0005500 seconds, Stopping threads took: 0.0000440 seconds
154.594: Application time: 0.0264840 seconds
154.594: [GC [PSYoungGen: 7661K->992K(7680K)] 11350K->4865K(25088K), 0.0005370 secs] [Times: user=0.00 sys=0.00, real=0.00 secs] 
154.595: Total time for which application threads were stopped: 0.0006380 seconds, Stopping threads took: 0.0000450 seconds
154.622: Application time: 0.0278680 seconds
154.623: [GC [PSYoungGen: 7645K->944K(7680K)] 11518K->4945K(25088K), 0.0004220 secs] [Times: user=0.00 sys=0.00, real=0.00 secs] 
154.623: Total time for which application threads were stopped: 0.0005210 seconds, Stopping threads took: 0.0000440 seconds
154.652: Application time: 0.0293870 seconds
154.652: [GC [PSYoungGen: 7596K->896K(7680K)] 11597K->4897K(25088K), 0.0004660 secs] [Times: user=0.01 sys=0.00, real=0.00 secs] 
154.653: Total time for which application threads were stopped: 0.0005740 seconds, Stopping threads took: 0.0000530 seconds
154.682: Application time: 0.0288430 seconds
154.682: [GC [PSYoungGen: 7550K->944K(7680K)] 11551K->4945K(25088K), 0.0005000 secs] [Times: user=0.00 sys=0.00, real=0.00 secs] 
154.682: Total time for which application threads were stopped: 0.0006120 seconds, Stopping threads took: 0.0000550 seconds
154.711: Application time: 0.0288490 seconds
154.711: [GC [PSYoungGen: 7598K->928K(7680K)] 11599K->4929K(25088K), 0.0004140 secs] [Times: user=0.00 sys=0.00, real=0.00 secs] 
154.712: Total time for which application threads were stopped: 0.0005170 seconds, Stopping threads took: 0.0000470 seconds
154.741: Application time: 0.0289850 seconds
154.741: [GC [PSYoungGen: 7582K->928K(7680K)] 11583K->4929K(25088K), 0.0003750 secs] [Times: user=0.00 sys=0.00, real=0.00 secs] 
154.741: Total time for which application threads were stopped: 0.0004780 seconds, Stopping threads took: 0.0000540 seconds
154.770: Application time: 0.0291440 seconds
154.770: [GC [PSYoungGen: 7582K->944K(7680K)] 11583K->4945K(25088K), 0.0005160 secs] [Times: user=0.00 sys=0.00, real=0.00 secs] 
154.771: Total time for which application threads were stopped: 0.0006240 seconds, Stopping threads took: 0.0000440 seconds
154.800: Application time: 0.0288810 seconds
154.803: [GC [PSYoungGen: 7598K->928K(7680K)] 11599K->4929K(25088K), 0.0004180 secs] [Times: user=0.01 sys=0.00, real=0.00 secs] 
154.804: Total time for which application threads were stopped: 0.0037130 seconds, Stopping threads took: 0.0032400 seconds
154.832: Application time: 0.0288420 seconds
154.833: [GC [PSYoungGen: 7582K->896K(7680K)] 11583K->4897K(25088K), 0.0004360 secs] [Times: user=0.00 sys=0.00, real=0.00 secs] 
154.833: Total time for which application threads were stopped: 0.0005790 seconds, Stopping threads took: 0.0000900 seconds
154.858: Application time: 0.0247390 seconds
154.858: [GC [PSYoungGen: 7548K->1008K(7680K)] 11549K->5233K(25088K), 0.0004580 secs] [Times: user=0.00 sys=0.00, real=0.00 secs] 
154.858: Total time for which application threads were stopped: 0.0005630 seconds, Stopping threads took: 0.0000550 seconds
154.887: Application time: 0.0285800 seconds
154.887: [GC [PSYoungGen: 7660K->960K(7680K)] 11885K->5313K(25088K), 0.0004570 secs] [Times: user=0.00 sys=0.00, real=0.00 secs] 
154.887: Total time for which application threads were stopped: 0.0005660 seconds, Stopping threads took: 0.0000500 seconds
154.914: Application time: 0.0265900 seconds
154.914: [GC [PSYoungGen: 7614K->1008K(7680K)] 11967K->5401K(25088K), 0.0004420 secs] [Times: user=0.00 sys=0.00, real=0.00 secs] 
154.915: Total time for which application threads were stopped: 0.0005400 seconds, Stopping threads took: 0.0000460 seconds
154.942: Application time: 0.0270900 seconds
154.942: [GC [PSYoungGen: 7663K->992K(7680K)] 12057K->5786K(25088K), 0.0005360 secs] [Times: user=0.00 sys=0.00, real=0.00 secs] 
154.942: Total time for which application threads were stopped: 0.0006430 seconds, Stopping threads took: 0.0000520 seconds
154.973: Application time: 0.0305440 seconds
154.973: [GC [PSYoungGen: 7644K->960K(7680K)] 12438K->5850K(25088K), 0.0004570 secs] [Times: user=0.00 sys=0.00, real=0.00 secs] 
154.973: Total time for which application threads were stopped: 0.0005730 seconds, Stopping threads took: 0.0000630 seconds
155.003: Application time: 0.0297170 seconds
155.003: [GC [PSYoungGen: 7614K->992K(7680K)] 12505K->5882K(25088K), 0.0003930 secs] [Times: user=0.00 sys=0.00, real=0.00 secs] 
155.004: Total time for which application threads were stopped: 0.0004960 seconds, Stopping threads took: 0.0000550 seconds
155.034: Application time: 0.0298430 seconds
155.034: [GC [PSYoungGen: 7646K->928K(7680K)] 12537K->5818K(25088K), 0.0004670 secs] [Times: user=0.00 sys=0.00, real=0.00 secs] 
155.034: Total time for which application threads were stopped: 0.0005680 seconds, Stopping threads took: 0.0000530 seconds
155.064: Application time: 0.0299200 seconds
155.064: [GC [PSYoungGen: 7582K->992K(7680K)] 12473K->5890K(25088K), 0.0004560 secs] [Times: user=0.00 sys=0.00, real=0.00 secs] 
155.065: Total time for which application threads were stopped: 0.0005650 seconds, Stopping threads took: 0.0000490 seconds
155.094: Application time: 0.0296970 seconds
155.094: [GC [PSYoungGen: 7646K->992K(7680K)] 12545K->5890K(25088K), 0.0003950 secs] [Times: user=0.00 sys=0.00, real=0.00 secs] 
155.095: Total time for which application threads were stopped: 0.0004970 seconds, Stopping threads took: 0.0000490 seconds
155.125: Application time: 0.0297610 seconds
155.125: [GC [PSYoungGen: 7646K->992K(7680K)] 12545K->5890K(25088K), 0.0004590 secs] [Times: user=0.00 sys=0.00, real=0.00 secs] 
155.125: Total time for which application threads were stopped: 0.0005660 seconds, Stopping threads took: 0.0000590 seconds
155.155: Application time: 0.0297670 seconds
155.155: [GC [PSYoungGen: 7646K->992K(7680K)] 12545K->5890K(25088K), 0.0003900 secs] [Times: user=0.00 sys=0.00, real=0.00 secs] 
155.155: Total time for which application threads were stopped: 0.0004880 seconds, Stopping threads took: 0.0000490 seconds
155.185: Application time: 0.0295710 seconds
155.185: [GC [PSYoungGen: 7646K->992K(7680K)] 12545K->5890K(25088K), 0.0003760 secs] [Times: user=0.00 sys=0.00, real=0.00 secs] 
155.185: Total time for which application threads were stopped: 0.0004720 seconds, Stopping threads took: 0.0000470 seconds
155.215: Application time: 0.0300150 seconds
155.216: [GC [PSYoungGen: 7646K->928K(7680K)] 12545K->5826K(25088K), 0.0003920 secs] [Times: user=0.00 sys=0.00, real=0.00 secs] 
155.216: Total time for which application threads were stopped: 0.0005020 seconds, Stopping threads took: 0.0000580 seconds
155.246: Application time: 0.0296940 seconds
155.246: [GC [PSYoungGen: 7582K->928K(7680K)] 12481K->5826K(25088K), 0.0004530 secs] [Times: user=0.00 sys=0.00, real=0.00 secs] 
155.246: Total time for which application threads were stopped: 0.0005520 seconds, Stopping threads took: 0.0000480 seconds
155.276: Application time: 0.0297430 seconds
155.276: [GC [PSYoungGen: 7582K->896K(7680K)] 12481K->5794K(25088K), 0.0004980 secs] [Times: user=0.00 sys=0.00, real=0.00 secs] 
155.277: Total time for which application threads were stopped: 0.0005970 seconds, Stopping threads took: 0.0000490 seconds
155.306: Application time: 0.0298590 seconds
155.306: [GC [PSYoungGen: 7550K->736K(7680K)] 12449K->5898K(25088K), 0.0003980 secs] [Times: user=0.00 sys=0.00, real=0.00 secs] 
155.307: Total time for which application threads were stopped: 0.0005000 seconds, Stopping threads took: 0.0000500 seconds
155.337: Application time: 0.0297310 seconds
155.337: [GC [PSYoungGen: 7390K->672K(7680K)] 12553K->5882K(25088K), 0.0004320 secs] [Times: user=0.00 sys=0.00, real=0.00 secs] 
155.337: Total time for which application threads were stopped: 0.0005420 seconds, Stopping threads took: 0.0000620 seconds
155.367: Application time: 0.0298280 seconds
155.367: [GC [PSYoungGen: 7326K->672K(7680K)] 12537K->6115K(25088K), 0.0003820 secs] [Times: user=0.00 sys=0.01, real=0.00 secs] 
155.367: Total time for which application threads were stopped: 0.0004850 seconds, Stopping threads took: 0.0000510 seconds
155.397: Application time: 0.0296600 seconds
155.397: [GC [PSYoungGen: 7326K->0K(7680K)] 12770K->5855K(25088K), 0.0003400 secs] [Times: user=0.00 sys=0.00, real=0.00 secs] 
155.398: Total time for which application threads were stopped: 0.0004500 seconds, Stopping threads took: 0.0000520 seconds
155.428: Application time: 0.0303410 seconds
155.428: [GC [PSYoungGen: 6654K->0K(7680K)] 12510K->5855K(25088K), 0.0002970 secs] [Times: user=0.00 sys=0.00, real=0.00 secs] 
155.428: Total time for which application threads were stopped: 0.0003840 seconds, Stopping threads took: 0.0000410 seconds
155.458: Application time: 0.0297790 seconds
155.458: [GC [PSYoungGen: 6654K->0K(7680K)] 12510K->5855K(25088K), 0.0002850 secs] [Times: user=0.00 sys=0.00, real=0.00 secs] 
155.458: Total time for which application threads were stopped: 0.0003790 seconds, Stopping threads took: 0.0000510 seconds
155.488: Application time: 0.0297850 seconds
155.488: [GC [PSYoungGen: 6654K->0K(7680K)] 12510K->5855K(25088K), 0.0002890 secs] [Times: user=0.00 sys=0.00, real=0.00 secs] 
155.489: Total time for which application threads were stopped: 0.0003810 seconds, Stopping threads took: 0.0000460 seconds
155.519: Application time: 0.0308070 seconds
155.520: [GC [PSYoungGen: 6654K->0K(7680K)] 12510K->5855K(25088K), 0.0003450 secs] [Times: user=0.00 sys=0.00, real=0.00 secs] 
155.520: Total time for which application threads were stopped: 0.0004530 seconds, Stopping threads took: 0.0000580 seconds
155.550: Application time: 0.0301400 seconds
155.550: [GC [PSYoungGen: 6652K->0K(7680K)] 12508K->5855K(25088K), 0.0002850 secs] [Times: user=0.00 sys=0.00, real=0.00 secs] 
155.550: Total time for which application threads were stopped: 0.0003750 seconds, Stopping threads took: 0.0000450 seconds
155.580: Application time: 0.0298440 seconds
155.580: [GC [PSYoungGen: 6654K->0K(7680K)] 12510K->5855K(25088K), 0.0003150 secs] [Times: user=0.00 sys=0.00, real=0.00 secs] 
155.581: Total time for which application threads were stopped: 0.0004110 seconds, Stopping threads took: 0.0000510 seconds
155.611: Application time: 0.0298770 seconds
155.611: [GC [PSYoungGen: 6652K->0K(7680K)] 12508K->5855K(25088K), 0.0003140 secs] [Times: user=0.01 sys=0.00, real=0.00 secs] 
155.611: Total time for which application threads were stopped: 0.0004150 seconds, Stopping threads took: 0.0000510 seconds
155.641: Application time: 0.0298160 seconds
155.641: [GC [PSYoungGen: 6654K->0K(7680K)] 12510K->5855K(25088K), 0.0003250 secs] [Times: user=0.00 sys=0.00, real=0.00 secs] 
155.641: Total time for which application threads were stopped: 0.0004220 seconds, Stopping threads took: 0.0000480 seconds
155.662: Application time: 0.0206670 seconds
155.662: [GC [PSYoungGen: 6654K->384K(7680K)] 12510K->6239K(25088K), 0.0003020 secs] [Times: user=0.00 sys=0.00, real=0.00 secs] 
155.662: Total time for which application threads were stopped: 0.0004160 seconds, Stopping threads took: 0.0000630 seconds
155.684: Application time: 0.0214150 seconds
155.684: [GC [PSYoungGen: 7037K->352K(7680K)] 12893K->6207K(25088K), 0.0003110 secs] [Times: user=0.00 sys=0.00, real=0.00 secs] 
155.684: Total time for which application threads were stopped: 0.0003960 seconds, Stopping threads took: 0.0000390 seconds
155.711: Application time: 0.0269070 seconds
155.711: [GC [PSYoungGen: 7004K->384K(7680K)] 12859K->6239K(25088K), 0.0003210 secs] [Times: user=0.00 sys=0.00, real=0.00 secs] 
155.711: Total time for which application threads were stopped: 0.0004170 seconds, Stopping threads took: 0.0000380 seconds
155.741: Application time: 0.0294290 seconds
155.741: [GC [PSYoungGen: 7038K->384K(7680K)] 12894K->6239K(25088K), 0.0003120 secs] [Times: user=0.00 sys=0.00, real=0.00 secs] 
155.741: Total time for which application threads were stopped: 0.0003980 seconds, Stopping threads took: 0.0000390 seconds
155.767: Application time: 0.0258860 seconds
155.767: [GC [PSYoungGen: 7035K->576K(7680K)] 12891K->6431K(25088K), 0.0003550 secs] [Times: user=0.01 sys=0.00, real=0.00 secs] 
155.768: Total time for which application threads were stopped: 0.0004540 seconds, Stopping threads took: 0.0000470 seconds
155.789: Application time: 0.0209610 seconds
155.789: [GC [PSYoungGen: 7230K->544K(7680K)] 13086K->6399K(25088K), 0.0003640 secs] [Times: user=0.00 sys=0.00, real=0.00 secs] 
155.789: Total time for which application threads were stopped: 0.0004660 seconds, Stopping threads took: 0.0000520 seconds
155.814: Application time: 0.0251530 seconds
155.814: [GC [PSYoungGen: 7198K->480K(7680K)] 13054K->6335K(25088K), 0.0003600 secs] [Times: user=0.00 sys=0.00, real=0.00 secs] 
155.815: Total time for which application threads were stopped: 0.0004690 seconds, Stopping threads took: 0.0000630 seconds
155.842: Application time: 0.0271790 seconds
155.842: [GC [PSYoungGen: 7132K->544K(7680K)] 12987K->6399K(25088K), 0.0003520 secs] [Times: user=0.00 sys=0.00, real=0.00 secs] 
155.842: Total time for which application threads were stopped: 0.0004580 seconds, Stopping threads took: 0.0000580 seconds
155.872: Application time: 0.0294270 seconds
155.872: [GC [PSYoungGen: 7196K->512K(7680K)] 13052K->6367K(25088K), 0.0003580 secs] [Times: user=0.00 sys=0.00, real=0.00 secs] 
155.872: Total time for which application threads were stopped: 0.0004500 seconds, Stopping threads took: 0.0000430 seconds
155.901: Application time: 0.0285410 seconds
155.901: [GC [PSYoungGen: 7165K->544K(7680K)] 13021K->6399K(25088K), 0.0003400 secs] [Times: user=0.00 sys=0.00, real=0.00 secs] 
155.901: Total time for which application threads were stopped: 0.0004580 seconds, Stopping threads took: 0.0000560 seconds
155.931: Application time: 0.0301040 seconds
155.931: [GC [PSYoungGen: 7198K->544K(7680K)] 13054K->6399K(25088K), 0.0004280 secs] [Times: user=0.00 sys=0.00, real=0.00 secs] 
155.932: Total time for which application threads were stopped: 0.0005250 seconds, Stopping threads took: 0.0000500 seconds
155.962: Application time: 0.0299650 seconds
155.962: [GC [PSYoungGen: 7198K->544K(7680K)] 13054K->6399K(25088K), 0.0003180 secs] [Times: user=0.00 sys=0.00, real=0.00 secs] 
155.962: Total time for which application threads were stopped: 0.0004100 seconds, Stopping threads took: 0.0000470 seconds
155.992: Application time: 0.0300410 seconds
155.992: [GC [PSYoungGen: 7196K->480K(7680K)] 13052K->6335K(25088K), 0.0003300 secs] [Times: user=0.00 sys=0.00, real=0.00 secs] 
155.993: Total time for which application threads were stopped: 0.0004230 seconds, Stopping threads took: 0.0000420 seconds
156.022: Application time: 0.0297240 seconds
156.022: [GC [PSYoungGen: 7134K->480K(7680K)] 12990K->6335K(25088K), 0.0003640 secs] [Times: user=0.01 sys=0.00, real=0.00 secs] 
156.023: Total time for which application threads were stopped: 0.0004700 seconds, Stopping threads took: 0.0000570 seconds
156.053: Application time: 0.0296730 seconds
156.053: [GC [PSYoungGen: 7134K->544K(7680K)] 12990K->6399K(25088K), 0.0003390 secs] [Times: user=0.00 sys=0.00, real=0.00 secs] 
156.053: Total time for which application threads were stopped: 0.0004540 seconds, Stopping threads took: 0.0000650 seconds
156.081: Application time: 0.0281080 seconds
156.081: [GC [PSYoungGen: 7198K->608K(7680K)] 13054K->6463K(25088K), 0.0003450 secs] [Times: user=0.00 sys=0.00, real=0.00 secs] 
156.082: Total time for which application threads were stopped: 0.0004580 seconds, Stopping threads took: 0.0000630 seconds
156.111: Application time: 0.0295710 seconds
156.111: [GC [PSYoungGen: 7262K->512K(7680K)] 13118K->6367K(25088K), 0.0003320 secs] [Times: user=0.00 sys=0.00, real=0.00 secs] 
156.112: Total time for which application threads were stopped: 0.0004470 seconds, Stopping threads took: 0.0000660 seconds
156.138: Application time: 0.0267800 seconds
156.138: [GC [PSYoungGen: 7163K->672K(7680K)] 13019K->6527K(25088K), 0.0003760 secs] [Times: user=0.00 sys=0.00, real=0.00 secs] 
156.139: Total time for which application threads were stopped: 0.0004750 seconds, Stopping threads took: 0.0000490 seconds
156.154: Application time: 0.0154960 seconds
156.154: [GC [PSYoungGen: 7324K->992K(7680K)] 13180K->6995K(25088K), 0.0004350 secs] [Times: user=0.00 sys=0.00, real=0.00 secs] 
156.155: Total time for which application threads were stopped: 0.0005300 seconds, Stopping threads took: 0.0000450 seconds
156.168: Application time: 0.0129170 seconds
156.171: [GC [PSYoungGen: 7644K->1008K(7680K)] 13648K->7019K(25088K), 0.0004350 secs] [Times: user=0.00 sys=0.00, real=0.00 secs] 
156.172: Total time for which application threads were stopped: 0.0038310 seconds, Stopping threads took: 0.0033450 seconds
156.186: Application time: 0.0145410 seconds
156.186: [GC [PSYoungGen: 7660K->928K(7680K)] 13671K->7067K(25088K), 0.0004340 secs] [Times: user=0.01 sys=0.00, real=0.00 secs] 
156.187: Total time for which application threads were stopped: 0.0005320 seconds, Stopping threads took: 0.0000490 seconds
156.205: Application time: 0.0183570 seconds
156.205: [GC [PSYoungGen: 7580K->832K(7680K)] 13720K->6972K(25088K), 0.0003990 secs] [Times: user=0.00 sys=0.00, real=0.00 secs] 
156.206: Total time for which application threads were stopped: 0.0005020 seconds, Stopping threads took: 0.0000460 seconds
156.230: Application time: 0.0242470 seconds
156.230: [GC [PSYoungGen: 7484K->1008K(7680K)] 13624K->7452K(25088K), 0.0005080 secs] [Times: user=0.00 sys=0.00, real=0.00 secs] 
156.230: Total time for which application threads were stopped: 0.0006150 seconds, Stopping threads took: 0.0000560 seconds
156.249: Application time: 0.0185320 seconds
156.249: [GC [PSYoungGen: 7663K->992K(7680K)] 14107K->7572K(25088K), 0.0004770 secs] [Times: user=0.00 sys=0.00, real=0.00 secs] 
156.250: Total time for which application threads were stopped: 0.0005840 seconds, Stopping threads took: 0.0000530 seconds
156.265: Application time: 0.0151120 seconds
156.265: [GC [PSYoungGen: 7645K->992K(7680K)] 14225K->7840K(25088K), 0.0005230 secs] [Times: user=0.00 sys=0.00, real=0.00 secs] 
156.265: Total time for which application threads were stopped: 0.0006430 seconds, Stopping threads took: 0.0000700 seconds
156.279: Application time: 0.0136320 seconds
156.279: [GC [PSYoungGen: 7646K->1008K(7680K)] 14495K->8392K(25088K), 0.0006000 secs] [Times: user=0.00 sys=0.00, real=0.01 secs] 
156.280: Total time for which application threads were stopped: 0.0007080 seconds, Stopping threads took: 0.0000550 seconds
156.296: Application time: 0.0166390 seconds
156.296: [GC [PSYoungGen: 7664K->992K(7680K)] 15048K->8656K(25088K), 0.0005240 secs] [Times: user=0.00 sys=0.00, real=0.00 secs] 
156.297: Total time for which application threads were stopped: 0.0006250 seconds, Stopping threads took: 0.0000510 seconds
156.317: Application time: 0.0200560 seconds
156.317: [GC [PSYoungGen: 7644K->1008K(7680K)] 15309K->8712K(25088K), 0.0004710 secs] [Times: user=0.00 sys=0.00, real=0.00 secs] 
156.318: Total time for which application threads were stopped: 0.0005880 seconds, Stopping threads took: 0.0000660 seconds
156.345: Application time: 0.0271570 seconds
156.345: [GC [PSYoungGen: 7660K->1008K(7680K)] 15365K->8856K(25088K), 0.0005130 secs] [Times: user=0.00 sys=0.00, real=0.00 secs] 
156.345: Total time for which application threads were stopped: 0.0006240 seconds, Stopping threads took: 0.0000580 seconds
156.373: Application time: 0.0275200 seconds
156.373: [GC [PSYoungGen: 7662K->1008K(7680K)] 15511K->9000K(25088K), 0.0005330 secs] [Times: user=0.00 sys=0.00, real=0.00 secs] 
156.373: Total time for which application threads were stopped: 0.0006260 seconds, Stopping threads took: 0.0000420 seconds
156.401: Application time: 0.0278190 seconds
156.401: [GC [PSYoungGen: 7661K->1008K(7680K)] 15654K->9048K(25088K), 0.0004600 secs] [Times: user=0.01 sys=0.00, real=0.00 secs] 
156.402: Total time for which application threads were stopped: 0.0005680 seconds, Stopping threads took: 0.0000450 seconds
156.431: Application time: 0.0287920 seconds
156.431: [GC [PSYoungGen: 7662K->1008K(7680K)] 15703K->9048K(25088K), 0.0004420 secs] [Times: user=0.00 sys=0.00, real=0.01 secs] 
156.431: Total time for which application threads were stopped: 0.0005510 seconds, Stopping threads took: 0.0000560 seconds
156.460: Application time: 0.0288340 seconds
156.460: [GC [PSYoungGen: 7662K->992K(7680K)] 15703K->9069K(25088K), 0.0004890 secs] [Times: user=0.00 sys=0.00, real=0.00 secs] 
156.461: Total time for which application threads were stopped: 0.0005910 seconds, Stopping threads took: 0.0000530 seconds
156.490: Application time: 0.0298360 seconds
156.491: [GC [PSYoungGen: 7646K->1008K(7680K)] 15723K->9101K(25088K), 0.0004800 secs] [Times: user=0.00 sys=0.00, real=0.00 secs] 
156.491: Total time for which application threads were stopped: 0.0005770 seconds, Stopping threads took: 0.0000460 seconds
156.520: Application time: 0.0288160 seconds
156.520: [GC [PSYoungGen: 7662K->1008K(7680K)] 15755K->9105K(25088K), 0.0004400 secs] [Times: user=0.00 sys=0.00, real=0.00 secs] 
156.520: Total time for which application threads were stopped: 0.0005330 seconds, Stopping threads took: 0.0000390 seconds
156.549: Application time: 0.0288910 seconds
156.549: [GC [PSYoungGen: 7660K->992K(7680K)] 15757K->9144K(25088K), 0.0005240 secs] [Times: user=0.01 sys=0.00, real=0.00 secs] 
156.550: Total time for which application threads were stopped: 0.0006260 seconds, Stopping threads took: 0.0000510 seconds
156.577: Application time: 0.0274720 seconds
156.577: [GC [PSYoungGen: 7626K->992K(7680K)] 15779K->9337K(25088K), 0.0004920 secs] [Times: user=0.00 sys=0.00, real=0.00 secs] 
156.578: Total time for which application threads were stopped: 0.0005900 seconds, Stopping threads took: 0.0000490 seconds
156.604: Application time: 0.0259020 seconds
156.604: [GC [PSYoungGen: 7646K->1008K(7680K)] 15991K->9661K(25088K), 0.0005120 secs] [Times: user=0.00 sys=0.00, real=0.00 secs] 
156.605: Total time for which application threads were stopped: 0.0006120 seconds, Stopping threads took: 0.0000450 seconds
156.633: Application time: 0.0280090 seconds
156.633: [GC [PSYoungGen: 7660K->1008K(7680K)] 16313K->9941K(25088K), 0.0005450 secs] [Times: user=0.00 sys=0.00, real=0.00 secs] 
156.633: Total time for which application threads were stopped: 0.0006570 seconds, Stopping threads took: 0.0000610 seconds
156.661: Application time: 0.0281090 seconds
156.661: [GC [PSYoungGen: 7660K->992K(7680K)] 16593K->10014K(25088K), 0.0005020 secs] [Times: user=0.00 sys=0.00, real=0.00 secs] 
156.662: Total time for which application threads were stopped: 0.0006000 seconds, Stopping threads took: 0.0000480 seconds
156.689: Application time: 0.0267490 seconds
156.689: [GC [PSYoungGen: 7644K->992K(7680K)] 16667K->10226K(25088K), 0.0005100 secs] [Times: user=0.00 sys=0.00, real=0.00 secs] 
156.689: Total time for which application threads were stopped: 0.0006310 seconds, Stopping threads took: 0.0000710 seconds
156.717: Application time: 0.0279620 seconds
156.717: [GC [PSYoungGen: 7646K->992K(7680K)] 16880K->10410K(25088K), 0.0004690 secs] [Times: user=0.00 sys=0.00, real=0.00 secs] 
156.718: Total time for which application threads were stopped: 0.0005720 seconds, Stopping threads took: 0.0000510 seconds
156.748: Application time: 0.0298410 seconds
156.749: [GC [PSYoungGen: 7646K->992K(7680K)] 17065K->10458K(25088K), 0.0005400 secs] [Times: user=0.00 sys=0.00, real=0.00 secs] 
156.749: Total time for which application threads were stopped: 0.0017200 seconds, Stopping threads took: 0.0011170 seconds
156.779: Application time: 0.0298290 seconds
156.779: [GC [PSYoungGen: 7646K->992K(7680K)] 17113K->10466K(25088K), 0.0004430 secs] [Times: user=0.00 sys=0.00, real=0.00 secs] 
156.780: Total time for which application threads were stopped: 0.0005680 seconds, Stopping threads took: 0.0000760 seconds
156.810: Application time: 0.0301510 seconds
156.810: [GC [PSYoungGen: 7646K->992K(7680K)] 17121K->10474K(25088K), 0.0004200 secs] [Times: user=0.00 sys=0.00, real=0.00 secs] 
156.810: Total time for which application threads were stopped: 0.0005140 seconds, Stopping threads took: 0.0000430 seconds
156.841: Application time: 0.0301980 seconds
156.841: [GC [PSYoungGen: 7646K->992K(7680K)] 17129K->10506K(25088K), 0.0004090 secs] [Times: user=0.00 sys=0.00, real=0.00 secs] 
156.841: Total time for which application threads were stopped: 0.0005310 seconds, Stopping threads took: 0.0000690 seconds
156.871: Application time: 0.0300200 seconds
156.871: [GC [PSYoungGen: 7646K->928K(7680K)] 17161K->10442K(25088K), 0.0004580 secs] [Times: user=0.00 sys=0.00, real=0.00 secs] 
156.873: Total time for which application threads were stopped: 0.0016240 seconds, Stopping threads took: 0.0000470 seconds
156.903: Application time: 0.0296970 seconds
156.903: [GC [PSYoungGen: 7582K->960K(7680K)] 17097K->10474K(25088K), 0.0005280 secs] [Times: user=0.00 sys=0.00, real=0.00 secs] 
156.903: Total time for which application threads were stopped: 0.0006350 seconds, Stopping threads took: 0.0000490 seconds
156.933: Application time: 0.0299560 seconds
156.933: [GC [PSYoungGen: 7614K->960K(7680K)] 17129K->10474K(25088K), 0.0004060 secs] [Times: user=0.00 sys=0.00, real=0.00 secs] 
156.934: Total time for which application threads were stopped: 0.0005100 seconds, Stopping threads took: 0.0000550 seconds
156.963: Application time: 0.0297290 seconds
156.963: [GC [PSYoungGen: 7614K->960K(7680K)] 17129K->10474K(25088K), 0.0004550 secs] [Times: user=0.00 sys=0.00, real=0.00 secs] 
156.964: Total time for which application threads were stopped: 0.0005540 seconds, Stopping threads took: 0.0000450 seconds
156.994: Application time: 0.0299600 seconds
156.994: [GC [PSYoungGen: 7614K->992K(7680K)] 17129K->10506K(25088K), 0.0003990 secs] [Times: user=0.00 sys=0.00, real=0.00 secs] 
156.994: Total time for which application threads were stopped: 0.0004970 seconds, Stopping threads took: 0.0000490 seconds
157.025: Application time: 0.0310620 seconds
157.026: [GC [PSYoungGen: 7644K->928K(7680K)] 17159K->10442K(25088K), 0.0004310 secs] [Times: user=0.00 sys=0.00, real=0.00 secs] 
157.026: Total time for which application threads were stopped: 0.0005400 seconds, Stopping threads took: 0.0000590 seconds
157.057: Application time: 0.0308050 seconds
157.057: [GC [PSYoungGen: 7582K->576K(7680K)] 17097K->10503K(25088K), 0.0004230 secs] [Times: user=0.00 sys=0.00, real=0.00 secs] 
157.057: Total time for which application threads were stopped: 0.0005210 seconds, Stopping threads took: 0.0000490 seconds
157.087: Application time: 0.0298940 seconds
157.091: [GC [PSYoungGen: 7230K->576K(7680K)] 17158K->10579K(25088K), 0.0003870 secs] [Times: user=0.00 sys=0.00, real=0.00 secs] 
157.092: Total time for which application threads were stopped: 0.0043500 seconds, Stopping threads took: 0.0039130 seconds
157.121: Application time: 0.0299140 seconds
157.122: [GC [PSYoungGen: 7230K->544K(7680K)] 17234K->10547K(25088K), 0.0003600 secs] [Times: user=0.00 sys=0.00, real=0.00 secs] 
157.122: Total time for which application threads were stopped: 0.0004630 seconds, Stopping threads took: 0.0000550 seconds
157.152: Application time: 0.0298900 seconds
157.152: [GC [PSYoungGen: 7198K->96K(7680K)] 17202K->10492K(25088K), 0.0004030 secs] [Times: user=0.00 sys=0.00, real=0.00 secs] 
157.152: Total time for which application threads were stopped: 0.0004940 seconds, Stopping threads took: 0.0000420 seconds
157.182: Application time: 0.0298200 seconds
157.182: [GC [PSYoungGen: 6750K->0K(7680K)] 17147K->10468K(25088K), 0.0003210 secs] [Times: user=0.00 sys=0.00, real=0.00 secs] 
157.183: Total time for which application threads were stopped: 0.0004210 seconds, Stopping threads took: 0.0000500 seconds
157.212: Application time: 0.0299050 seconds
157.213: [GC [PSYoungGen: 6654K->0K(7680K)] 17123K->10468K(25088K), 0.0003260 secs] [Times: user=0.00 sys=0.00, real=0.00 secs] 
157.213: Total time for which application threads were stopped: 0.0004090 seconds, Stopping threads took: 0.0000360 seconds
157.243: Application time: 0.0297610 seconds
157.243: [GC [PSYoungGen: 6654K->0K(7680K)] 17123K->10468K(25088K), 0.0002750 secs] [Times: user=0.00 sys=0.00, real=0.00 secs] 
157.243: Total time for which application threads were stopped: 0.0003610 seconds, Stopping threads took: 0.0000390 seconds
157.273: Application time: 0.0297680 seconds
157.273: [GC [PSYoungGen: 6654K->0K(7680K)] 17123K->10468K(25088K), 0.0003000 secs] [Times: user=0.00 sys=0.00, real=0.00 secs] 
157.273: Total time for which application threads were stopped: 0.0003950 seconds, Stopping threads took: 0.0000500 seconds
157.303: Application time: 0.0298880 seconds
157.303: [GC [PSYoungGen: 6654K->0K(7680K)] 17123K->10468K(25088K), 0.0002970 secs] [Times: user=0.00 sys=0.00, real=0.00 secs] 
157.303: Total time for which application threads were stopped: 0.0004030 seconds, Stopping threads took: 0.0000560 seconds
157.333: Application time: 0.0296620 seconds
157.333: [GC [PSYoungGen: 6654K->0K(7680K)] 17123K->10468K(25088K), 0.0003080 secs] [Times: user=0.00 sys=0.00, real=0.00 secs] 
157.334: Total time for which application threads were stopped: 0.0004100 seconds, Stopping threads took: 0.0000540 seconds
157.363: Application time: 0.0296830 seconds
157.363: [GC [PSYoungGen: 6654K->0K(7680K)] 17123K->10468K(25088K), 0.0002880 secs] [Times: user=0.00 sys=0.00, real=0.00 secs] 
157.364: Total time for which application threads were stopped: 0.0003830 seconds, Stopping threads took: 0.0000360 seconds
157.389: Application time: 0.0249950 seconds
157.389: [GC [PSYoungGen: 6654K->352K(7680K)] 17122K->10820K(25088K), 0.0003270 secs] [Times: user=0.00 sys=0.00, real=0.00 secs] 
157.389: Total time for which application threads were stopped: 0.0004110 seconds, Stopping threads took: 0.0000350 seconds
157.410: Application time: 0.0214170 seconds
157.411: [GC [PSYoungGen: 7003K->384K(7680K)] 17472K->10852K(25088K), 0.0003570 secs] [Times: user=0.00 sys=0.00, real=0.00 secs] 
157.411: Total time for which application threads were stopped: 0.0004540 seconds, Stopping threads took: 0.0000420 seconds
157.434: Application time: 0.0228440 seconds
157.434: [GC [PSYoungGen: 7035K->384K(7680K)] 17504K->10852K(25088K), 0.0003260 secs] [Times: user=0.00 sys=0.00, real=0.00 secs] 
157.434: Total time for which application threads were stopped: 0.0004240 seconds, Stopping threads took: 0.0000540 seconds
157.463: Application time: 0.0291430 seconds
157.463: [GC [PSYoungGen: 7036K->352K(7680K)] 17505K->10820K(25088K), 0.0003280 secs] [Times: user=0.00 sys=0.00, real=0.00 secs] 
157.464: Total time for which application threads were stopped: 0.0004320 seconds, Stopping threads took: 0.0000560 seconds
157.492: Application time: 0.0282940 seconds
157.492: [GC [PSYoungGen: 7005K->384K(7680K)] 17474K->10852K(25088K), 0.0003260 secs] [Times: user=0.00 sys=0.00, real=0.00 secs] 
157.492: Total time for which application threads were stopped: 0.0004320 seconds, Stopping threads took: 0.0000570 seconds
157.518: Application time: 0.0252950 seconds
157.518: [GC [PSYoungGen: 7036K->480K(7680K)] 17504K->10948K(25088K), 0.0004270 secs] [Times: user=0.00 sys=0.00, real=0.00 secs] 
157.518: Total time for which application threads were stopped: 0.0005190 seconds, Stopping threads took: 0.0000440 seconds
157.539: Application time: 0.0206860 seconds
157.539: [GC [PSYoungGen: 7132K->576K(7680K)] 17601K->11044K(25088K), 0.0003780 secs] [Times: user=0.00 sys=0.00, real=0.01 secs] 
157.539: Total time for which application threads were stopped: 0.0004830 seconds, Stopping threads took: 0.0000540 seconds
157.562: Application time: 0.0227520 seconds
157.562: [GC [PSYoungGen: 7229K->512K(7680K)] 17698K->10980K(25088K), 0.0003700 secs] [Times: user=0.00 sys=0.00, real=0.00 secs] 
157.563: Total time for which application threads were stopped: 0.0004630 seconds, Stopping threads took: 0.0000450 seconds
157.592: Application time: 0.0291740 seconds
157.592: [GC [PSYoungGen: 7164K->544K(7680K)] 17633K->11012K(25088K), 0.0003600 secs] [Times: user=0.00 sys=0.00, real=0.00 secs] 
157.592: Total time for which application threads were stopped: 0.0004670 seconds, Stopping threads took: 0.0000550 seconds
157.622: Application time: 0.0294550 seconds
157.622: [GC [PSYoungGen: 7198K->480K(7680K)] 17667K->10948K(25088K), 0.0003570 secs] [Times: user=0.00 sys=0.00, real=0.00 secs] 
157.622: Total time for which application threads were stopped: 0.0004590 seconds, Stopping threads took: 0.0000500 seconds
157.651: Application time: 0.0285970 seconds
157.651: [GC [PSYoungGen: 7133K->512K(7680K)] 17602K->10980K(25088K), 0.0003470 secs] [Times: user=0.00 sys=0.00, real=0.01 secs] 
157.651: Total time for which application threads were stopped: 0.0004380 seconds, Stopping threads took: 0.0000410 seconds
157.681: Application time: 0.0296630 seconds
157.683: [GC [PSYoungGen: 7166K->480K(7680K)] 17635K->10948K(25088K), 0.0003860 secs] [Times: user=0.00 sys=0.00, real=0.00 secs] 
157.684: Total time for which application threads were stopped: 0.0026120 seconds, Stopping threads took: 0.0021760 seconds
157.713: Application time: 0.0296750 seconds
157.713: [GC [PSYoungGen: 7134K->512K(7680K)] 17603K->10980K(25088K), 0.0003470 secs] [Times: user=0.00 sys=0.00, real=0.00 secs] 
157.714: Total time for which application threads were stopped: 0.0004450 seconds, Stopping threads took: 0.0000510 seconds
157.743: Application time: 0.0295710 seconds
157.743: [GC [PSYoungGen: 7166K->448K(7680K)] 17635K->10916K(25088K), 0.0003820 secs] [Times: user=0.00 sys=0.00, real=0.00 secs] 
157.744: Total time for which application threads were stopped: 0.0004890 seconds, Stopping threads took: 0.0000560 seconds
157.774: Application time: 0.0300680 seconds
157.774: [GC [PSYoungGen: 7100K->480K(7680K)] 17569K->10948K(25088K), 0.0004030 secs] [Times: user=0.00 sys=0.00, real=0.00 secs] 
157.774: Total time for which application threads were stopped: 0.0005250 seconds, Stopping threads took: 0.0000670 seconds
157.804: Application time: 0.0296890 seconds
157.804: [GC [PSYoungGen: 7134K->448K(7680K)] 17603K->10916K(25088K), 0.0004150 secs] [Times: user=0.01 sys=0.00, real=0.00 secs] 
157.805: Total time for which application threads were stopped: 0.0005130 seconds, Stopping threads took: 0.0000490 seconds
157.832: Application time: 0.0274590 seconds
157.832: [GC [PSYoungGen: 7100K->672K(7680K)] 17569K->11140K(25088K), 0.0003680 secs] [Times: user=0.00 sys=0.00, real=0.00 secs] 
157.832: Total time for which application threads were stopped: 0.0004610 seconds, Stopping threads took: 0.0000450 seconds
157.862: Application time: 0.0294420 seconds
157.862: [GC [PSYoungGen: 7326K->560K(7680K)] 17795K->11028K(25088K), 0.0003710 secs] [Times: user=0.00 sys=0.00, real=0.00 secs] 
157.862: Total time for which application threads were stopped: 0.0004670 seconds, Stopping threads took: 0.0000480 seconds
157.889: Application time: 0.0263800 seconds
157.889: [GC [PSYoungGen: 7214K->736K(7680K)] 17683K->11204K(25088K), 0.0003780 secs] [Times: user=0.00 sys=0.00, real=0.00 secs] 
157.889: Total time for which application threads were stopped: 0.0004700 seconds, Stopping threads took: 0.0000430 seconds
157.908: Application time: 0.0188820 seconds
157.908: [GC [PSYoungGen: 7391K->976K(7680K)] 17860K->11445K(25088K), 0.0004370 secs] [Times: user=0.00 sys=0.00, real=0.00 secs] 
157.909: Total time for which application threads were stopped: 0.0005380 seconds, Stopping threads took: 0.0000530 seconds
157.925: Application time: 0.0162580 seconds
157.925: [GC [PSYoungGen: 7630K->960K(7680K)] 18099K->11428K(25088K), 0.0004500 secs] [Times: user=0.00 sys=0.00, real=0.00 secs] 
157.925: Total time for which application threads were stopped: 0.0005580 seconds, Stopping threads took: 0.0000510 seconds
157.941: Application time: 0.0159910 seconds
157.943: [GC [PSYoungGen: 7559K->992K(7680K)] 18028K->11468K(25088K), 0.0004560 secs] [Times: user=0.00 sys=0.00, real=0.00 secs] 
157.944: Total time for which application threads were stopped: 0.0021760 seconds, Stopping threads took: 0.0016690 seconds
157.960: Application time: 0.0164330 seconds
157.960: [GC [PSYoungGen: 7645K->992K(7680K)] 18122K->11613K(25088K), 0.0004750 secs] [Times: user=0.01 sys=0.00, real=0.00 secs] 
157.961: Total time for which application threads were stopped: 0.0005770 seconds, Stopping threads took: 0.0000490 seconds
157.982: Application time: 0.0215300 seconds
157.983: [GC [PSYoungGen: 7646K->976K(7680K)] 18267K->11725K(25088K), 0.0004890 secs] [Times: user=0.00 sys=0.00, real=0.00 secs] 
157.984: Total time for which application threads were stopped: 0.0014820 seconds, Stopping threads took: 0.0009410 seconds
158.007: Application time: 0.0228900 seconds
158.007: [GC [PSYoungGen: 7630K->992K(7680K)] 18379K->12093K(25088K), 0.0005510 secs] [Times: user=0.00 sys=0.00, real=0.00 secs] 
158.007: Total time for which application threads were stopped: 0.0006530 seconds, Stopping threads took: 0.0000490 seconds
158.021: Application time: 0.0136300 seconds
158.021: [GC [PSYoungGen: 7645K->992K(7680K)] 18746K->12650K(25088K), 0.0005740 secs] [Times: user=0.01 sys=0.00, real=0.00 secs] 
158.022: Total time for which application threads were stopped: 0.0006710 seconds, Stopping threads took: 0.0000450 seconds
158.034: Application time: 0.0126530 seconds
158.034: [GC [PSYoungGen: 7646K->992K(7680K)] 19305K->13024K(25088K), 0.0005120 secs] [Times: user=0.00 sys=0.00, real=0.00 secs] 
158.035: Total time for which application threads were stopped: 0.0006330 seconds, Stopping threads took: 0.0000710 seconds
158.048: Application time: 0.0127260 seconds
158.048: [GC [PSYoungGen: 7647K->992K(7680K)] 19679K->13240K(25088K), 0.0004750 secs] [Times: user=0.00 sys=0.00, real=0.00 secs] 
158.048: Total time for which application threads were stopped: 0.0005790 seconds, Stopping threads took: 0.0000560 seconds
158.068: Application time: 0.0199590 seconds
158.068: [GC [PSYoungGen: 7644K->992K(7680K)] 19892K->13493K(25088K), 0.0005130 secs] [Times: user=0.00 sys=0.00, real=0.00 secs] 
158.069: Total time for which application threads were stopped: 0.0006150 seconds, Stopping threads took: 0.0000500 seconds
158.097: Application time: 0.0278680 seconds
158.097: [GC [PSYoungGen: 7643K->912K(7680K)] 20144K->13541K(25088K), 0.0004980 secs] [Times: user=0.00 sys=0.00, real=0.00 secs] 
158.097: Total time for which application threads were stopped: 0.0006020 seconds, Stopping threads took: 0.0000500 seconds
158.124: Application time: 0.0264760 seconds
158.124: [GC [PSYoungGen: 7567K->1008K(7680K)] 20196K->13685K(25088K), 0.0004780 secs] [Times: user=0.00 sys=0.00, real=0.00 secs] 
158.124: Total time for which application threads were stopped: 0.0005870 seconds, Stopping threads took: 0.0000520 seconds
158.152: Application time: 0.0278740 seconds
158.152: [GC [PSYoungGen: 7660K->1008K(7680K)] 20337K->13729K(25088K), 0.0004780 secs] [Times: user=0.00 sys=0.00, real=0.00 secs] 
158.153: Total time for which application threads were stopped: 0.0005830 seconds, Stopping threads took: 0.0000520 seconds
158.182: Application time: 0.0289790 seconds
158.182: [GC [PSYoungGen: 7662K->992K(7680K)] 20384K->13737K(25088K), 0.0004270 secs] [Times: user=0.00 sys=0.00, real=0.00 secs] 
158.182: Total time for which application threads were stopped: 0.0005210 seconds, Stopping threads took: 0.0000450 seconds
158.211: Application time: 0.0287740 seconds
158.211: [GC [PSYoungGen: 7646K->992K(7680K)] 20392K->13745K(25088K), 0.0004180 secs] [Times: user=0.00 sys=0.00, real=0.01 secs] 
158.211: Total time for which application threads were stopped: 0.0005170 seconds, Stopping threads took: 0.0000500 seconds
158.240: Application time: 0.0287980 seconds
158.240: [GC [PSYoungGen: 7646K->992K(7680K)] 20400K->13753K(25088K), 0.0003950 secs] [Times: user=0.00 sys=0.00, real=0.00 secs] 
158.241: Total time for which application threads were stopped: 0.0005120 seconds, Stopping threads took: 0.0000680 seconds
158.270: Application time: 0.0290470 seconds
158.270: [GC [PSYoungGen: 7646K->928K(7680K)] 20408K->13689K(25088K), 0.0004550 secs] [Times: user=0.00 sys=0.00, real=0.00 secs] 
158.270: Total time for which application threads were stopped: 0.0005430 seconds, Stopping threads took: 0.0000400 seconds
158.299: Application time: 0.0289510 seconds
158.299: [GC [PSYoungGen: 7582K->960K(7680K)] 20344K->13721K(25088K), 0.0004560 secs] [Times: user=0.00 sys=0.00, real=0.00 secs] 
158.300: Total time for which application threads were stopped: 0.0005500 seconds, Stopping threads took: 0.0000450 seconds
158.328: Application time: 0.0280980 seconds
158.328: [GC [PSYoungGen: 7612K->1008K(7680K)] 20373K->13985K(25088K), 0.0004360 secs] [Times: user=0.00 sys=0.00, real=0.00 secs] 
158.329: Total time for which application threads were stopped: 0.0005260 seconds, Stopping threads took: 0.0000360 seconds
158.355: Application time: 0.0263920 seconds
158.355: [GC [PSYoungGen: 7663K->992K(7680K)] 20641K->14281K(25088K), 0.0004880 secs] [Times: user=0.00 sys=0.00, real=0.00 secs] 
158.355: Total time for which application threads were stopped: 0.0005870 seconds, Stopping threads took: 0.0000500 seconds
158.383: Application time: 0.0275290 seconds
158.383: [GC [PSYoungGen: 7646K->992K(7680K)] 20935K->14473K(25088K), 0.0004690 secs] [Times: user=0.00 sys=0.00, real=0.00 secs] 
158.384: Total time for which application threads were stopped: 0.0005740 seconds, Stopping threads took: 0.0000540 seconds
158.413: Application time: 0.0292070 seconds
158.413: [GC [PSYoungGen: 7646K->992K(7680K)] 21128K->14521K(25088K), 0.0004460 secs] [Times: user=0.01 sys=0.00, real=0.00 secs] 
158.413: Total time for which application threads were stopped: 0.0005530 seconds, Stopping threads took: 0.0000500 seconds
158.441: Application time: 0.0275570 seconds
158.443: [GC [PSYoungGen: 7647K->992K(7680K)] 21177K->14697K(25088K), 0.0005350 secs] [Times: user=0.01 sys=0.00, real=0.00 secs] 
158.444: Total time for which application threads were stopped: 0.0027870 seconds, Stopping threads took: 0.0021880 seconds
158.470: Application time: 0.0262260 seconds
158.470: [GC [PSYoungGen: 7645K->992K(7680K)] 21351K->14929K(25088K), 0.0005050 secs] [Times: user=0.01 sys=0.00, real=0.00 secs] 
158.471: Total time for which application threads were stopped: 0.0006250 seconds, Stopping threads took: 0.0000680 seconds
158.500: Application time: 0.0294230 seconds
158.500: [GC [PSYoungGen: 7646K->992K(7680K)] 21584K->14993K(25088K), 0.0004480 secs] [Times: user=0.00 sys=0.00, real=0.00 secs] 
158.501: Total time for which application threads were stopped: 0.0005480 seconds, Stopping threads took: 0.0000490 seconds
158.532: Application time: 0.0309790 seconds
158.532: [GC [PSYoungGen: 7644K->960K(7680K)] 21646K->14961K(25088K), 0.0004360 secs] [Times: user=0.00 sys=0.00, real=0.00 secs] 
158.532: Total time for which application threads were stopped: 0.0005470 seconds, Stopping threads took: 0.0000590 seconds
158.562: Application time: 0.0298930 seconds
158.563: [GC [PSYoungGen: 7614K->960K(7680K)] 21616K->15009K(25088K), 0.0003860 secs] [Times: user=0.00 sys=0.00, real=0.00 secs] 
158.564: Total time for which application threads were stopped: 0.0016070 seconds, Stopping threads took: 0.0011680 seconds
158.593: Application time: 0.0298610 seconds
158.594: [GC [PSYoungGen: 7614K->992K(7680K)] 21664K->15057K(25088K), 0.0004600 secs] [Times: user=0.00 sys=0.00, real=0.00 secs] 
158.594: Total time for which application threads were stopped: 0.0005820 seconds, Stopping threads took: 0.0000700 seconds
158.624: Application time: 0.0297950 seconds
158.627: [GC [PSYoungGen: 7646K->992K(7680K)] 21712K->15057K(25088K), 0.0004400 secs] [Times: user=0.00 sys=0.00, real=0.00 secs] 
158.628: Total time for which application threads were stopped: 0.0038060 seconds, Stopping threads took: 0.0033140 seconds
158.657: Application time: 0.0298030 seconds
158.657: [GC [PSYoungGen: 7646K->928K(7680K)] 21712K->14993K(25088K), 0.0004310 secs] [Times: user=0.00 sys=0.00, real=0.00 secs] 
158.658: Total time for which application threads were stopped: 0.0005160 seconds, Stopping threads took: 0.0000370 seconds
158.688: Application time: 0.0298960 seconds
158.688: [GC [PSYoungGen: 7582K->928K(7680K)] 21648K->14993K(25088K), 0.0004120 secs] [Times: user=0.00 sys=0.00, real=0.00 secs] 
158.688: Total time for which application threads were stopped: 0.0005010 seconds, Stopping threads took: 0.0000430 seconds
158.718: Application time: 0.0298340 seconds
158.718: [GC [PSYoungGen: 7582K->992K(7680K)] 21648K->15057K(25088K), 0.0004170 secs] [Times: user=0.00 sys=0.00, real=0.00 secs] 
158.719: Total time for which application threads were stopped: 0.0005130 seconds, Stopping threads took: 0.0000430 seconds
158.749: Application time: 0.0301620 seconds
158.749: [GC [PSYoungGen: 7646K->928K(7680K)] 21712K->14993K(25088K), 0.0005380 secs] [Times: user=0.01 sys=0.00, real=0.00 secs] 
158.750: Total time for which application threads were stopped: 0.0009100 seconds, Stopping threads took: 0.0003150 seconds
158.780: Application time: 0.0300550 seconds
158.780: [GC [PSYoungGen: 7582K->960K(7680K)] 21648K->15025K(25088K), 0.0004200 secs] [Times: user=0.00 sys=0.00, real=0.00 secs] 
158.780: Total time for which application threads were stopped: 0.0005140 seconds, Stopping threads took: 0.0000420 seconds
158.810: Application time: 0.0299900 seconds
158.810: [GC [PSYoungGen: 7614K->896K(7680K)] 21680K->15082K(25088K), 0.0004030 secs] [Times: user=0.00 sys=0.00, real=0.00 secs] 
158.811: Total time for which application threads were stopped: 0.0005080 seconds, Stopping threads took: 0.0000560 seconds
158.841: Application time: 0.0299540 seconds
158.841: [GC [PSYoungGen: 7550K->672K(7680K)] 21737K->15058K(25088K), 0.0004110 secs] [Times: user=0.00 sys=0.00, real=0.00 secs] 
158.841: Total time for which application threads were stopped: 0.0005210 seconds, Stopping threads took: 0.0000570 seconds
158.871: Application time: 0.0299680 seconds
158.871: [GC [PSYoungGen: 7326K->704K(7680K)] 21713K->15090K(25088K), 0.0004070 secs] [Times: user=0.00 sys=0.00, real=0.00 secs] 
158.872: Total time for which application threads were stopped: 0.0004980 seconds, Stopping threads took: 0.0000420 seconds
158.902: Application time: 0.0298600 seconds
158.902: [GC [PSYoungGen: 7358K->704K(7680K)] 21745K->15090K(25088K), 0.0003630 secs] [Times: user=0.00 sys=0.00, real=0.00 secs] 
158.902: Total time for which application threads were stopped: 0.0004550 seconds, Stopping threads took: 0.0000420 seconds
158.932: Application time: 0.0299030 seconds
158.932: [GC [PSYoungGen: 7358K->0K(7680K)] 21745K->15116K(25088K), 0.0004050 secs] [Times: user=0.00 sys=0.00, real=0.00 secs] 
158.933: Total time for which application threads were stopped: 0.0005270 seconds, Stopping threads took: 0.0000730 seconds
158.962: Application time: 0.0298860 seconds
158.962: [GC [PSYoungGen: 6654K->0K(7680K)] 21770K->15116K(25088K), 0.0003410 secs] [Times: user=0.00 sys=0.00, real=0.00 secs] 
158.963: Total time for which application threads were stopped: 0.0004490 seconds, Stopping threads took: 0.0000490 seconds
158.993: Application time: 0.0298250 seconds
158.995: [GC [PSYoungGen: 6654K->0K(7680K)] 21770K->15116K(25088K), 0.0003300 secs] [Times: user=0.01 sys=0.00, real=0.00 secs] 
158.996: Total time for which application threads were stopped: 0.0028200 seconds, Stopping threads took: 0.0024460 seconds
159.026: Application time: 0.0301310 seconds
159.026: [GC [PSYoungGen: 6652K->0K(7680K)] 21768K->15116K(25088K), 0.0003210 secs] [Times: user=0.00 sys=0.00, real=0.00 secs] 
159.026: Total time for which application threads were stopped: 0.0004140 seconds, Stopping threads took: 0.0000410 seconds
159.056: Application time: 0.0297880 seconds
159.056: [GC [PSYoungGen: 6654K->0K(7680K)] 21770K->15116K(25088K), 0.0002930 secs] [Times: user=0.00 sys=0.00, real=0.00 secs] 
159.056: Total time for which application threads were stopped: 0.0003920 seconds, Stopping threads took: 0.0000490 seconds
159.086: Application time: 0.0298090 seconds
159.086: [GC [PSYoungGen: 6652K->0K(7680K)] 21768K->15116K(25088K), 0.0003320 secs] [Times: user=0.00 sys=0.00, real=0.00 secs] 
159.086: Total time for which application threads were stopped: 0.0004270 seconds, Stopping threads took: 0.0000490 seconds
159.116: Application time: 0.0298460 seconds
159.116: [GC [PSYoungGen: 6652K->0K(7680K)] 21768K->15116K(25088K), 0.0003320 secs] [Times: user=0.00 sys=0.00, real=0.00 secs] 
159.117: Total time for which application threads were stopped: 0.0004220 seconds, Stopping threads took: 0.0000430 seconds
159.144: Application time: 0.0271960 seconds
159.144: [GC [PSYoungGen: 6654K->288K(7680K)] 21770K->15404K(25088K), 0.0004210 secs] [Times: user=0.00 sys=0.00, real=0.00 secs] 
159.144: Total time for which application threads were stopped: 0.0005260 seconds, Stopping threads took: 0.0000520 seconds
159.165: Application time: 0.0207210 seconds
159.165: [GC [PSYoungGen: 6943K->352K(7680K)] 22059K->15468K(25088K), 0.0003540 secs] [Times: user=0.00 sys=0.00, real=0.00 secs] 
159.166: Total time for which application threads were stopped: 0.0004520 seconds, Stopping threads took: 0.0000510 seconds
159.187: Application time: 0.0213420 seconds
159.187: [GC [PSYoungGen: 7005K->384K(7680K)] 22121K->15500K(25088K), 0.0003490 secs] [Times: user=0.00 sys=0.00, real=0.00 secs] 
159.187: Total time for which application threads were stopped: 0.0004410 seconds, Stopping threads took: 0.0000460 seconds
159.217: Application time: 0.0297250 seconds
159.217: [GC [PSYoungGen: 7036K->288K(7680K)] 22152K->15404K(25088K), 0.0003370 secs] [Times: user=0.00 sys=0.00, real=0.00 secs] 
159.218: Total time for which application threads were stopped: 0.0004370 seconds, Stopping threads took: 0.0000530 seconds
159.246: Application time: 0.0282390 seconds
159.246: [GC [PSYoungGen: 6940K->384K(7680K)] 22056K->15500K(25088K), 0.0003330 secs] [Times: user=0.00 sys=0.00, real=0.00 secs] 
159.246: Total time for which application threads were stopped: 0.0004300 seconds, Stopping threads took: 0.0000490 seconds
159.272: Application time: 0.0255260 seconds
159.272: [GC [PSYoungGen: 7036K->512K(7680K)] 22152K->15628K(25088K), 0.0003410 secs] [Times: user=0.00 sys=0.00, real=0.00 secs] 
159.272: Total time for which application threads were stopped: 0.0004240 seconds, Stopping threads took: 0.0000380 seconds
159.293: Application time: 0.0206530 seconds
159.293: [GC [PSYoungGen: 7164K->544K(7680K)] 22280K->15660K(25088K), 0.0003620 secs] [Times: user=0.00 sys=0.00, real=0.00 secs] 
159.293: Total time for which application threads were stopped: 0.0004690 seconds, Stopping threads took: 0.0000560 seconds
159.316: Application time: 0.0225150 seconds
159.316: [GC [PSYoungGen: 7197K->480K(7680K)] 22313K->15596K(25088K), 0.0003990 secs] [Times: user=0.00 sys=0.00, real=0.00 secs] 
159.316: Total time for which application threads were stopped: 0.0004960 seconds, Stopping threads took: 0.0000480 seconds
159.346: Application time: 0.0291790 seconds
159.346: [GC [PSYoungGen: 7132K->480K(7680K)] 22248K->15596K(25088K), 0.0003320 secs] [Times: user=0.00 sys=0.00, real=0.00 secs] 
159.346: Total time for which application threads were stopped: 0.0004300 seconds, Stopping threads took: 0.0000480 seconds
159.375: Application time: 0.0290750 seconds
159.375: [GC [PSYoungGen: 7132K->576K(7680K)] 22248K->15692K(25088K), 0.0003600 secs] [Times: user=0.00 sys=0.00, real=0.00 secs] 
159.376: Total time for which application threads were stopped: 0.0004580 seconds, Stopping threads took: 0.0000520 seconds
159.404: Application time: 0.0285090 seconds
159.404: [GC [PSYoungGen: 7229K->512K(7680K)] 22345K->15628K(25088K), 0.0003410 secs] [Times: user=0.00 sys=0.00, real=0.00 secs] 
159.404: Total time for which application threads were stopped: 0.0004430 seconds, Stopping threads took: 0.0000510 seconds
159.434: Application time: 0.0296320 seconds
159.434: [GC [PSYoungGen: 7166K->544K(7680K)] 22282K->15660K(25088K), 0.0003540 secs] [Times: user=0.00 sys=0.00, real=0.00 secs] 
159.435: Total time for which application threads were stopped: 0.0004510 seconds, Stopping threads took: 0.0000520 seconds
159.464: Application time: 0.0296410 seconds
159.464: [GC [PSYoungGen: 7198K->512K(7680K)] 22314K->15628K(25088K), 0.0003980 secs] [Times: user=0.00 sys=0.00, real=0.00 secs] 
159.465: Total time for which application threads were stopped: 0.0005190 seconds, Stopping threads took: 0.0000600 seconds
159.495: Application time: 0.0302550 seconds
159.495: [GC [PSYoungGen: 7166K->512K(7680K)] 22282K->15628K(25088K), 0.0003920 secs] [Times: user=0.00 sys=0.00, real=0.00 secs] 
159.496: Total time for which application threads were stopped: 0.0005840 seconds, Stopping threads took: 0.0001400 seconds
159.525: Application time: 0.0299010 seconds
159.526: [GC [PSYoungGen: 7166K->608K(7680K)] 22282K->15724K(25088K), 0.0004060 secs] [Times: user=0.00 sys=0.00, real=0.00 secs] 
159.526: Total time for which application threads were stopped: 0.0005140 seconds, Stopping threads took: 0.0000560 seconds
159.556: Application time: 0.0296610 seconds
159.559: [GC [PSYoungGen: 7262K->512K(7680K)] 22378K->15628K(25088K), 0.0003780 secs] [Times: user=0.00 sys=0.00, real=0.00 secs] 
159.560: Total time for which application threads were stopped: 0.0039020 seconds, Stopping threads took: 0.0034760 seconds
159.587: Application time: 0.0274220 seconds
159.587: [GC [PSYoungGen: 7164K->544K(7680K)] 22280K->15660K(25088K), 0.0004060 secs] [Times: user=0.00 sys=0.00, real=0.00 secs] 
159.587: Total time for which application threads were stopped: 0.0005030 seconds, Stopping threads took: 0.0000480 seconds
159.617: Application time: 0.0294130 seconds
159.617: [GC [PSYoungGen: 7198K->608K(7680K)] 22314K->15724K(25088K), 0.0003580 secs] [Times: user=0.00 sys=0.00, real=0.00 secs] 
159.617: Total time for which application threads were stopped: 0.0004600 seconds, Stopping threads took: 0.0000410 seconds
159.642: Application time: 0.0245910 seconds
159.642: [GC [PSYoungGen: 7261K->576K(7680K)] 22377K->15692K(25088K), 0.0004300 secs] [Times: user=0.00 sys=0.00, real=0.00 secs] 
159.642: Total time for which application threads were stopped: 0.0005360 seconds, Stopping threads took: 0.0000570 seconds
159.662: Application time: 0.0193180 seconds
159.662: [GC [PSYoungGen: 7229K->896K(7680K)] 22345K->16012K(25088K), 0.0004900 secs] [Times: user=0.01 sys=0.00, real=0.00 secs] 
159.662: Total time for which application threads were stopped: 0.0005740 seconds, Stopping threads took: 0.0000360 seconds
159.678: Application time: 0.0161320 seconds
159.679: [GC [PSYoungGen: 7548K->976K(7680K)] 22664K->16092K(25088K), 0.0005280 secs] [Times: user=0.00 sys=0.00, real=0.00 secs] 
159.680: Total time for which application threads were stopped: 0.0011850 seconds, Stopping threads took: 0.0006060 seconds
159.698: Application time: 0.0182490 seconds
159.698: [GC [PSYoungGen: 7632K->992K(7680K)] 22748K->16260K(25088K), 0.0004700 secs] [Times: user=0.00 sys=0.00, real=0.00 secs] 
159.699: Total time for which application threads were stopped: 0.0005750 seconds, Stopping threads took: 0.0000550 seconds
159.715: Application time: 0.0169510 seconds
159.716: [GC [PSYoungGen: 7644K->992K(7680K)] 22912K->16428K(25088K), 0.0005280 secs] [Times: user=0.00 sys=0.00, real=0.00 secs] 
159.716: Total time for which application threads were stopped: 0.0006220 seconds, Stopping threads took: 0.0000420 seconds
159.737: Application time: 0.0210270 seconds
159.737: [GC [PSYoungGen: 7645K->976K(7680K)] 23081K->16412K(25088K), 0.0004620 secs] [Times: user=0.00 sys=0.00, real=0.00 secs] 
159.738: Total time for which application threads were stopped: 0.0005570 seconds, Stopping threads took: 0.0000470 seconds
159.763: Application time: 0.0248850 seconds
159.763: [GC [PSYoungGen: 7630K->992K(7680K)] 23066K->16820K(25088K), 0.0005340 secs] [Times: user=0.00 sys=0.00, real=0.00 secs] 
159.763: Total time for which application threads were stopped: 0.0006370 seconds, Stopping threads took: 0.0000500 seconds
159.780: Application time: 0.0168840 seconds
159.780: [GC [PSYoungGen: 7647K->1008K(7680K)] 23475K->17256K(25088K), 0.0005320 secs] [Times: user=0.01 sys=0.00, real=0.00 secs] 
159.781: Total time for which application threads were stopped: 0.0006510 seconds, Stopping threads took: 0.0000660 seconds
159.796: Application time: 0.0148280 seconds
159.796: [GC [PSYoungGen: 7660K->1008K(7680K)] 23909K->17441K(25088K), 0.0005390 secs] [Times: user=0.00 sys=0.00, real=0.00 secs] 
159.796: Total time for which application threads were stopped: 0.0006570 seconds, Stopping threads took: 0.0000650 seconds
159.809: Application time: 0.0128920 seconds
159.809: [GC [PSYoungGen: 7660K->992K(7680K)] 24093K->17853K(25088K), 0.0005280 secs] [Times: user=0.00 sys=0.00, real=0.00 secs] 
159.810: Total time for which application threads were stopped: 0.0006270 seconds, Stopping threads took: 0.0000480 seconds
159.826: Application time: 0.0167290 seconds
159.827: [GC [PSYoungGen: 7644K->1008K(7680K)] 24506K->18085K(25088K), 0.0005400 secs] [Times: user=0.00 sys=0.00, real=0.00 secs] 
159.827: [Full GC [PSYoungGen: 1008K->0K(7680K)] [ParOldGen: 17077K->3313K(17408K)] 18085K->3313K(25088K) [PSPermGen: 5574K->5574K(21504K)], 0.0044720 secs] [Times: user=0.02 sys=0.00, real=0.01 secs] 
159.832: Total time for which application threads were stopped: 0.0051590 seconds, Stopping threads took: 0.0000460 seconds
159.855: Application time: 0.0233450 seconds
159.855: [GC [PSYoungGen: 6654K->384K(7680K)] 9967K->3697K(25088K), 0.0003590 secs] [Times: user=0.00 sys=0.00, real=0.00 secs] 
159.855: Total time for which application threads were stopped: 0.0004850 seconds, Stopping threads took: 0.0000710 seconds
159.883: Application time: 0.0272250 seconds
159.883: [GC [PSYoungGen: 7038K->512K(7680K)] 10351K->3825K(25088K), 0.0003550 secs] [Times: user=0.00 sys=0.00, real=0.00 secs] 
159.883: Total time for which application threads were stopped: 0.0004610 seconds, Stopping threads took: 0.0000490 seconds
159.910: Application time: 0.0269280 seconds
159.910: [GC [PSYoungGen: 7166K->896K(7680K)] 10479K->4209K(25088K), 0.0003970 secs] [Times: user=0.00 sys=0.00, real=0.00 secs] 
159.911: Total time for which application threads were stopped: 0.0004860 seconds, Stopping threads took: 0.0000390 seconds
159.940: Application time: 0.0289600 seconds
159.940: [GC [PSYoungGen: 7550K->640K(7680K)] 10864K->3953K(25088K), 0.0004130 secs] [Times: user=0.00 sys=0.00, real=0.00 secs] 
159.940: Total time for which application threads were stopped: 0.0004960 seconds, Stopping threads took: 0.0000330 seconds
159.969: Application time: 0.0288380 seconds
159.969: [GC [PSYoungGen: 7294K->704K(7680K)] 10608K->4017K(25088K), 0.0003360 secs] [Times: user=0.01 sys=0.00, real=0.00 secs] 
159.969: Total time for which application threads were stopped: 0.0004510 seconds, Stopping threads took: 0.0000580 seconds
159.999: Application time: 0.0292700 seconds
159.999: [GC [PSYoungGen: 7356K->704K(7680K)] 10670K->4017K(25088K), 0.0003840 secs] [Times: user=0.01 sys=0.00, real=0.01 secs] 
159.999: Total time for which application threads were stopped: 0.0004960 seconds, Stopping threads took: 0.0000530 seconds
160.028: Application time: 0.0289020 seconds
160.028: [GC [PSYoungGen: 7358K->832K(7680K)] 10672K->4145K(25088K), 0.0003810 secs] [Times: user=0.00 sys=0.00, real=0.00 secs] 
160.028: Total time for which application threads were stopped: 0.0004750 seconds, Stopping threads took: 0.0000460 seconds
160.058: Application time: 0.0300090 seconds
160.059: [GC [PSYoungGen: 7488K->672K(7680K)] 10801K->3985K(25088K), 0.0004600 secs] [Times: user=0.00 sys=0.00, real=0.00 secs] 
160.059: Total time for which application threads were stopped: 0.0005550 seconds, Stopping threads took: 0.0000440 seconds
160.086: Application time: 0.0273030 seconds
160.086: [GC [PSYoungGen: 7325K->960K(7680K)] 10639K->4273K(25088K), 0.0003930 secs] [Times: user=0.00 sys=0.00, real=0.00 secs] 
160.087: Total time for which application threads were stopped: 0.0004980 seconds, Stopping threads took: 0.0000560 seconds
160.115: Application time: 0.0279470 seconds
160.115: [GC [PSYoungGen: 7613K->928K(7680K)] 10927K->4369K(25088K), 0.0004300 secs] [Times: user=0.00 sys=0.00, real=0.00 secs] 
160.115: Total time for which application threads were stopped: 0.0005340 seconds, Stopping threads took: 0.0000530 seconds
160.143: Application time: 0.0277480 seconds
160.143: [GC [PSYoungGen: 7582K->992K(7680K)] 11023K->4569K(25088K), 0.0004680 secs] [Times: user=0.00 sys=0.00, real=0.00 secs] 
160.144: Total time for which application threads were stopped: 0.0005740 seconds, Stopping threads took: 0.0000530 seconds
160.173: Application time: 0.0292830 seconds
160.173: [GC [PSYoungGen: 7646K->992K(7680K)] 11224K->4569K(25088K), 0.0004070 secs] [Times: user=0.00 sys=0.00, real=0.00 secs] 
160.173: Total time for which application threads were stopped: 0.0005140 seconds, Stopping threads took: 0.0000560 seconds
160.202: Application time: 0.0285600 seconds
160.202: [GC [PSYoungGen: 7646K->992K(7680K)] 11223K->4721K(25088K), 0.0004340 secs] [Times: user=0.00 sys=0.00, real=0.00 secs] 
160.203: Total time for which application threads were stopped: 0.0005510 seconds, Stopping threads took: 0.0000630 seconds
160.229: Application time: 0.0262040 seconds
160.229: [GC [PSYoungGen: 7645K->992K(7680K)] 11375K->4849K(25088K), 0.0004430 secs] [Times: user=0.00 sys=0.00, real=0.00 secs] 
160.229: Total time for which application threads were stopped: 0.0005490 seconds, Stopping threads took: 0.0000560 seconds
160.258: Application time: 0.0288660 seconds
160.258: [GC [PSYoungGen: 7645K->928K(7680K)] 11503K->4913K(25088K), 0.0004580 secs] [Times: user=0.00 sys=0.00, real=0.00 secs] 
160.259: Total time for which application threads were stopped: 0.0005550 seconds, Stopping threads took: 0.0000470 seconds
160.289: Application time: 0.0300230 seconds
160.289: [GC [PSYoungGen: 7582K->896K(7680K)] 11568K->4881K(25088K), 0.0003990 secs] [Times: user=0.00 sys=0.00, real=0.00 secs] 
160.289: Total time for which application threads were stopped: 0.0005100 seconds, Stopping threads took: 0.0000600 seconds
160.319: Application time: 0.0297700 seconds
160.319: [GC [PSYoungGen: 7550K->896K(7680K)] 11536K->4881K(25088K), 0.0003850 secs] [Times: user=0.00 sys=0.00, real=0.00 secs] 
160.320: Total time for which application threads were stopped: 0.0004960 seconds, Stopping threads took: 0.0000610 seconds
160.350: Application time: 0.0300970 seconds
160.351: [GC [PSYoungGen: 7550K->896K(7680K)] 11536K->4881K(25088K), 0.0004170 secs] [Times: user=0.00 sys=0.00, real=0.00 secs] 
160.352: Total time for which application threads were stopped: 0.0019240 seconds, Stopping threads took: 0.0014550 seconds
160.381: Application time: 0.0298050 seconds
160.381: [GC [PSYoungGen: 7550K->896K(7680K)] 11536K->4881K(25088K), 0.0003760 secs] [Times: user=0.00 sys=0.00, real=0.00 secs] 
160.382: Total time for which application threads were stopped: 0.0004910 seconds, Stopping threads took: 0.0000640 seconds
160.412: Application time: 0.0297300 seconds
160.412: [GC [PSYoungGen: 7550K->864K(7680K)] 11536K->4849K(25088K), 0.0003780 secs] [Times: user=0.00 sys=0.00, real=0.00 secs] 
160.412: Total time for which application threads were stopped: 0.0004790 seconds, Stopping threads took: 0.0000500 seconds
160.442: Application time: 0.0300710 seconds
160.442: [GC [PSYoungGen: 7518K->928K(7680K)] 11504K->4913K(25088K), 0.0003950 secs] [Times: user=0.00 sys=0.00, real=0.00 secs] 
160.443: Total time for which application threads were stopped: 0.0004960 seconds, Stopping threads took: 0.0000500 seconds
160.473: Application time: 0.0298840 seconds
160.473: [GC [PSYoungGen: 7582K->864K(7680K)] 11568K->4849K(25088K), 0.0003950 secs] [Times: user=0.01 sys=0.00, real=0.00 secs] 
160.473: Total time for which application threads were stopped: 0.0005110 seconds, Stopping threads took: 0.0000570 seconds
160.503: Application time: 0.0297780 seconds
160.503: [GC [PSYoungGen: 7518K->896K(7680K)] 11504K->4881K(25088K), 0.0003930 secs] [Times: user=0.01 sys=0.00, real=0.00 secs] 
160.503: Total time for which application threads were stopped: 0.0005030 seconds, Stopping threads took: 0.0000580 seconds
160.533: Application time: 0.0298360 seconds
160.533: [GC [PSYoungGen: 7548K->640K(7680K)] 11534K->4841K(25088K), 0.0004290 secs] [Times: user=0.00 sys=0.00, real=0.00 secs] 
160.534: Total time for which application threads were stopped: 0.0005310 seconds, Stopping threads took: 0.0000500 seconds
160.563: Application time: 0.0296460 seconds
160.563: [GC [PSYoungGen: 7294K->640K(7680K)] 11496K->4918K(25088K), 0.0003890 secs] [Times: user=0.00 sys=0.00, real=0.00 secs] 
160.564: Total time for which application threads were stopped: 0.0004880 seconds, Stopping threads took: 0.0000500 seconds
160.594: Application time: 0.0297570 seconds
160.594: [GC [PSYoungGen: 7294K->480K(7680K)] 11573K->4978K(25088K), 0.0003510 secs] [Times: user=0.00 sys=0.00, real=0.00 secs] 
160.594: Total time for which application threads were stopped: 0.0004510 seconds, Stopping threads took: 0.0000510 seconds
160.624: Application time: 0.0297080 seconds
160.624: [GC [PSYoungGen: 7134K->416K(7680K)] 11633K->4914K(25088K), 0.0003320 secs] [Times: user=0.00 sys=0.00, real=0.00 secs] 
160.624: Total time for which application threads were stopped: 0.0004320 seconds, Stopping threads took: 0.0000550 seconds
160.654: Application time: 0.0297880 seconds
160.654: [GC [PSYoungGen: 7070K->416K(7680K)] 11569K->4914K(25088K), 0.0004180 secs] [Times: user=0.00 sys=0.00, real=0.00 secs] 
160.655: Total time for which application threads were stopped: 0.0005270 seconds, Stopping threads took: 0.0000600 seconds
160.684: Application time: 0.0298990 seconds
160.684: [GC [PSYoungGen: 7070K->128K(7680K)] 11569K->4903K(25088K), 0.0003920 secs] [Times: user=0.00 sys=0.00, real=0.00 secs] 
160.685: Total time for which application threads were stopped: 0.0004850 seconds, Stopping threads took: 0.0000460 seconds
160.715: Application time: 0.0296650 seconds
160.715: [GC [PSYoungGen: 6782K->0K(7680K)] 11558K->4871K(25088K), 0.0003510 secs] [Times: user=0.00 sys=0.00, real=0.00 secs] 
160.715: Total time for which application threads were stopped: 0.0004490 seconds, Stopping threads took: 0.0000510 seconds
160.745: Application time: 0.0296350 seconds
160.745: [GC [PSYoungGen: 6654K->0K(7680K)] 11526K->4871K(25088K), 0.0003570 secs] [Times: user=0.00 sys=0.00, real=0.00 secs] 
160.745: Total time for which application threads were stopped: 0.0004470 seconds, Stopping threads took: 0.0000430 seconds
160.777: Application time: 0.0316440 seconds
160.777: [GC [PSYoungGen: 6655K->0K(7680K)] 11527K->4871K(25088K), 0.0003150 secs] [Times: user=0.00 sys=0.00, real=0.00 secs] 
160.777: Total time for which application threads were stopped: 0.0004250 seconds, Stopping threads took: 0.0000590 seconds
160.807: Application time: 0.0299440 seconds
160.807: [GC [PSYoungGen: 6654K->0K(7680K)] 11526K->4871K(25088K), 0.0003010 secs] [Times: user=0.00 sys=0.00, real=0.00 secs] 
160.808: Total time for which application threads were stopped: 0.0003980 seconds, Stopping threads took: 0.0000470 seconds
160.837: Application time: 0.0298050 seconds
160.839: [GC [PSYoungGen: 6654K->0K(7680K)] 11526K->4871K(25088K), 0.0002940 secs] [Times: user=0.01 sys=0.00, real=0.00 secs] 
160.839: Total time for which application threads were stopped: 0.0021150 seconds, Stopping threads took: 0.0017740 seconds
160.869: Application time: 0.0297940 seconds
160.869: [GC [PSYoungGen: 6654K->0K(7680K)] 11526K->4871K(25088K), 0.0003050 secs] [Times: user=0.00 sys=0.00, real=0.00 secs] 
160.870: Total time for which application threads were stopped: 0.0004010 seconds, Stopping threads took: 0.0000500 seconds
160.892: Application time: 0.0226900 seconds
160.892: [GC [PSYoungGen: 6652K->384K(7680K)] 11523K->5255K(25088K), 0.0003260 secs] [Times: user=0.00 sys=0.00, real=0.00 secs] 
160.893: Total time for which application threads were stopped: 0.0004220 seconds, Stopping threads took: 0.0000500 seconds
160.914: Application time: 0.0213620 seconds
160.914: [GC [PSYoungGen: 7037K->352K(7680K)] 11909K->5223K(25088K), 0.0002970 secs] [Times: user=0.00 sys=0.00, real=0.00 secs] 
160.915: Total time for which application threads were stopped: 0.0003860 seconds, Stopping threads took: 0.0000420 seconds
160.940: Application time: 0.0251380 seconds
160.940: [GC [PSYoungGen: 7006K->512K(7680K)] 11877K->5383K(25088K), 0.0003440 secs] [Times: user=0.00 sys=0.00, real=0.00 secs] 
160.940: Total time for which application threads were stopped: 0.0004500 seconds, Stopping threads took: 0.0000580 seconds
160.969: Application time: 0.0293840 seconds
160.970: [GC [PSYoungGen: 7164K->352K(7680K)] 12035K->5223K(25088K), 0.0003220 secs] [Times: user=0.00 sys=0.00, real=0.00 secs] 
160.970: Total time for which application threads were stopped: 0.0004120 seconds, Stopping threads took: 0.0000410 seconds
160.998: Application time: 0.0284760 seconds
160.998: [GC [PSYoungGen: 7004K->320K(7680K)] 11875K->5191K(25088K), 0.0003370 secs] [Times: user=0.00 sys=0.00, real=0.00 secs] 
160.999: Total time for which application threads were stopped: 0.0004370 seconds, Stopping threads took: 0.0000430 seconds
161.029: Application time: 0.0306510 seconds
161.030: [GC [PSYoungGen: 6974K->352K(7680K)] 11845K->5223K(25088K), 0.0003670 secs] [Times: user=0.00 sys=0.00, real=0.00 secs] 
161.030: Total time for which application threads were stopped: 0.0004690 seconds, Stopping threads took: 0.0000500 seconds
161.050: Application time: 0.0204180 seconds
161.050: [GC [PSYoungGen: 7004K->512K(7680K)] 11876K->5383K(25088K), 0.0003440 secs] [Times: user=0.00 sys=0.00, real=0.00 secs] 
161.051: Total time for which application threads were stopped: 0.0004310 seconds, Stopping threads took: 0.0000400 seconds
161.072: Application time: 0.0215550 seconds
161.072: [GC [PSYoungGen: 7165K->512K(7680K)] 12037K->5383K(25088K), 0.0003440 secs] [Times: user=0.01 sys=0.00, real=0.00 secs] 
161.073: Total time for which application threads were stopped: 0.0004520 seconds, Stopping threads took: 0.0000510 seconds
161.100: Application time: 0.0269080 seconds
161.100: [GC [PSYoungGen: 7164K->544K(7680K)] 12035K->5415K(25088K), 0.0003440 secs] [Times: user=0.00 sys=0.00, real=0.00 secs] 
161.100: Total time for which application threads were stopped: 0.0004460 seconds, Stopping threads took: 0.0000550 seconds
161.130: Application time: 0.0295550 seconds
161.130: [GC [PSYoungGen: 7198K->480K(7680K)] 12069K->5351K(25088K), 0.0003560 secs] [Times: user=0.00 sys=0.00, real=0.00 secs] 
161.130: Total time for which application threads were stopped: 0.0004530 seconds, Stopping threads took: 0.0000490 seconds
161.159: Application time: 0.0285770 seconds
161.159: [GC [PSYoungGen: 7134K->576K(7680K)] 12005K->5447K(25088K), 0.0003500 secs] [Times: user=0.00 sys=0.00, real=0.01 secs] 
161.159: Total time for which application threads were stopped: 0.0004550 seconds, Stopping threads took: 0.0000540 seconds
161.189: Application time: 0.0297510 seconds
161.189: [GC [PSYoungGen: 7230K->480K(7680K)] 12102K->5351K(25088K), 0.0003420 secs] [Times: user=0.00 sys=0.00, real=0.00 secs] 
161.189: Total time for which application threads were stopped: 0.0004340 seconds, Stopping threads took: 0.0000460 seconds
161.219: Application time: 0.0296860 seconds
161.219: [GC [PSYoungGen: 7134K->544K(7680K)] 12006K->5415K(25088K), 0.0003510 secs] [Times: user=0.00 sys=0.00, real=0.00 secs] 
161.220: Total time for which application threads were stopped: 0.0004540 seconds, Stopping threads took: 0.0000540 seconds
161.249: Application time: 0.0296850 seconds
161.249: [GC [PSYoungGen: 7198K->512K(7680K)] 12070K->5383K(25088K), 0.0003440 secs] [Times: user=0.00 sys=0.00, real=0.00 secs] 
161.250: Total time for which application threads were stopped: 0.0004460 seconds, Stopping threads took: 0.0000540 seconds
161.280: Application time: 0.0299950 seconds
161.280: [GC [PSYoungGen: 7166K->544K(7680K)] 12038K->5415K(25088K), 0.0003260 secs] [Times: user=0.00 sys=0.00, real=0.00 secs] 
161.280: Total time for which application threads were stopped: 0.0004130 seconds, Stopping threads took: 0.0000430 seconds
161.309: Application time: 0.0289490 seconds
161.309: [GC [PSYoungGen: 7122K->416K(7680K)] 11993K->5287K(25088K), 0.0003300 secs] [Times: user=0.00 sys=0.00, real=0.00 secs] 
161.309: Total time for which application threads were stopped: 0.0004330 seconds, Stopping threads took: 0.0000550 seconds
161.337: Application time: 0.0280470 seconds
161.338: [GC [PSYoungGen: 7070K->576K(7680K)] 11941K->5447K(25088K), 0.0003470 secs] [Times: user=0.00 sys=0.00, real=0.00 secs] 
161.338: Total time for which application threads were stopped: 0.0004370 seconds, Stopping threads took: 0.0000410 seconds
161.368: Application time: 0.0296110 seconds
161.368: [GC [PSYoungGen: 7230K->512K(7680K)] 12102K->5383K(25088K), 0.0003900 secs] [Times: user=0.00 sys=0.00, real=0.00 secs] 
161.368: Total time for which application threads were stopped: 0.0005040 seconds, Stopping threads took: 0.0000650 seconds
161.394: Application time: 0.0258710 seconds
161.394: [GC [PSYoungGen: 7164K->736K(7680K)] 12035K->5607K(25088K), 0.0004260 secs] [Times: user=0.00 sys=0.00, real=0.00 secs] 
161.394: Total time for which application threads were stopped: 0.0005110 seconds, Stopping threads took: 0.0000380 seconds
161.411: Application time: 0.0163050 seconds
161.411: [GC [PSYoungGen: 7389K->944K(7680K)] 12260K->5815K(25088K), 0.0004500 secs] [Times: user=0.00 sys=0.00, real=0.01 secs] 
161.411: Total time for which application threads were stopped: 0.0005480 seconds, Stopping threads took: 0.0000500 seconds
161.428: Application time: 0.0167480 seconds
161.428: [GC [PSYoungGen: 7598K->960K(7680K)] 12469K->5831K(25088K), 0.0004190 secs] [Times: user=0.00 sys=0.00, real=0.00 secs] 
161.429: Total time for which application threads were stopped: 0.0005170 seconds, Stopping threads took: 0.0000510 seconds
161.444: Application time: 0.0158750 seconds
161.445: [GC [PSYoungGen: 7614K->944K(7680K)] 12486K->5815K(25088K), 0.0004210 secs] [Times: user=0.00 sys=0.00, real=0.00 secs] 
161.445: Total time for which application threads were stopped: 0.0005210 seconds, Stopping threads took: 0.0000440 seconds
161.463: Application time: 0.0185260 seconds
161.464: [GC [PSYoungGen: 7596K->992K(7680K)] 12468K->6023K(25088K), 0.0004570 secs] [Times: user=0.00 sys=0.00, real=0.00 secs] 
161.464: Total time for which application threads were stopped: 0.0005450 seconds, Stopping threads took: 0.0000380 seconds
161.485: Application time: 0.0211380 seconds
161.485: [GC [PSYoungGen: 7648K->992K(7680K)] 12679K->6211K(25088K), 0.0004630 secs] [Times: user=0.00 sys=0.00, real=0.00 secs] 
161.486: Total time for which application threads were stopped: 0.0005520 seconds, Stopping threads took: 0.0000410 seconds
161.512: Application time: 0.0267310 seconds
161.513: [GC [PSYoungGen: 7543K->1008K(7680K)] 12762K->6251K(25088K), 0.0004710 secs] [Times: user=0.00 sys=0.00, real=0.00 secs] 
161.513: Total time for which application threads were stopped: 0.0005770 seconds, Stopping threads took: 0.0000490 seconds
161.535: Application time: 0.0214720 seconds
161.535: [GC [PSYoungGen: 7662K->1008K(7680K)] 12905K->6672K(25088K), 0.0005540 secs] [Times: user=0.00 sys=0.00, real=0.00 secs] 
161.535: Total time for which application threads were stopped: 0.0006470 seconds, Stopping threads took: 0.0000390 seconds
161.554: Application time: 0.0190030 seconds
161.555: [GC [PSYoungGen: 7662K->1008K(7680K)] 13326K->6944K(25088K), 0.0005360 secs] [Times: user=0.00 sys=0.00, real=0.00 secs] 
161.556: Total time for which application threads were stopped: 0.0015220 seconds, Stopping threads took: 0.0009340 seconds
161.573: Application time: 0.0171970 seconds
161.573: [GC [PSYoungGen: 7663K->992K(7680K)] 13599K->7080K(25088K), 0.0004700 secs] [Times: user=0.01 sys=0.00, real=0.00 secs] 
161.573: Total time for which application threads were stopped: 0.0005690 seconds, Stopping threads took: 0.0000480 seconds
161.590: Application time: 0.0167300 seconds
161.590: [GC [PSYoungGen: 7647K->1008K(7680K)] 13735K->7268K(25088K), 0.0005230 secs] [Times: user=0.00 sys=0.00, real=0.00 secs] 
161.591: Total time for which application threads were stopped: 0.0006210 seconds, Stopping threads took: 0.0000450 seconds
161.609: Application time: 0.0181180 seconds
161.609: [GC [PSYoungGen: 7660K->1008K(7680K)] 13921K->7468K(25088K), 0.0004740 secs] [Times: user=0.00 sys=0.00, real=0.00 secs] 
161.610: Total time for which application threads were stopped: 0.0005720 seconds, Stopping threads took: 0.0000460 seconds
161.631: Application time: 0.0215980 seconds
161.631: [GC [PSYoungGen: 7659K->992K(7680K)] 14120K->7525K(25088K), 0.0004570 secs] [Times: user=0.00 sys=0.00, real=0.00 secs] 
161.632: Total time for which application threads were stopped: 0.0005580 seconds, Stopping threads took: 0.0000520 seconds
161.659: Application time: 0.0276710 seconds
161.659: [GC [PSYoungGen: 7645K->1008K(7680K)] 14178K->7745K(25088K), 0.0005020 secs] [Times: user=0.00 sys=0.00, real=0.00 secs] 
161.660: Total time for which application threads were stopped: 0.0005980 seconds, Stopping threads took: 0.0000460 seconds
161.688: Application time: 0.0276470 seconds
161.688: [GC [PSYoungGen: 7660K->1008K(7680K)] 14397K->7958K(25088K), 0.0005130 secs] [Times: user=0.00 sys=0.00, real=0.00 secs] 
161.688: Total time for which application threads were stopped: 0.0006200 seconds, Stopping threads took: 0.0000570 seconds
161.716: Application time: 0.0280520 seconds
161.716: [GC [PSYoungGen: 7662K->992K(7680K)] 14612K->7970K(25088K), 0.0005000 secs] [Times: user=0.00 sys=0.00, real=0.00 secs] 
161.717: Total time for which application threads were stopped: 0.0006150 seconds, Stopping threads took: 0.0000610 seconds
161.746: Application time: 0.0290700 seconds
161.746: [GC [PSYoungGen: 7646K->960K(7680K)] 14624K->7962K(25088K), 0.0005470 secs] [Times: user=0.00 sys=0.00, real=0.00 secs] 
161.747: Total time for which application threads were stopped: 0.0006550 seconds, Stopping threads took: 0.0000550 seconds
161.776: Application time: 0.0293480 seconds
161.776: [GC [PSYoungGen: 7612K->1008K(7680K)] 14614K->8018K(25088K), 0.0006200 secs] [Times: user=0.00 sys=0.00, real=0.00 secs] 
161.777: Total time for which application threads were stopped: 0.0007330 seconds, Stopping threads took: 0.0000520 seconds
161.806: Application time: 0.0290100 seconds
161.806: [GC [PSYoungGen: 7662K->976K(7680K)] 14672K->7986K(25088K), 0.0005510 secs] [Times: user=0.00 sys=0.00, real=0.00 secs] 
161.806: Total time for which application threads were stopped: 0.0006650 seconds, Stopping threads took: 0.0000610 seconds
161.833: Application time: 0.0267520 seconds
161.833: Total time for which application threads were stopped: 0.0000660 seconds, Stopping threads took: 0.0000490 seconds
161.833: Application time: 0.0000430 seconds
161.833: [GC [PSYoungGen: 7616K->1008K(7680K)] 14754K->8366K(25088K), 0.0004980 secs] [Times: user=0.00 sys=0.00, real=0.00 secs] 
161.834: Total time for which application threads were stopped: 0.0005680 seconds, Stopping threads took: 0.0000280 seconds
161.863: Application time: 0.0294620 seconds
161.863: [GC [PSYoungGen: 7661K->1008K(7680K)] 15305K->8763K(25088K), 0.0005600 secs] [Times: user=0.00 sys=0.00, real=0.00 secs] 
161.864: Total time for which application threads were stopped: 0.0006550 seconds, Stopping threads took: 0.0000470 seconds
161.891: Application time: 0.0274860 seconds
161.891: [GC [PSYoungGen: 7661K->992K(7680K)] 15416K->9059K(25088K), 0.0006120 secs] [Times: user=0.00 sys=0.00, real=0.00 secs] 
161.893: Total time for which application threads were stopped: 0.0015920 seconds, Stopping threads took: 0.0000500 seconds
161.922: Application time: 0.0292710 seconds
161.922: [GC [PSYoungGen: 7646K->992K(7680K)] 15714K->9099K(25088K), 0.0005090 secs] [Times: user=0.00 sys=0.00, real=0.00 secs] 
161.923: Total time for which application threads were stopped: 0.0006090 seconds, Stopping threads took: 0.0000480 seconds
161.951: Application time: 0.0284000 seconds
161.951: [GC [PSYoungGen: 7644K->992K(7680K)] 15751K->9115K(25088K), 0.0004840 secs] [Times: user=0.00 sys=0.00, real=0.00 secs] 
161.952: Total time for which application threads were stopped: 0.0005770 seconds, Stopping threads took: 0.0000450 seconds
161.981: Application time: 0.0290960 seconds
161.981: [GC [PSYoungGen: 7644K->832K(7680K)] 15767K->9167K(25088K), 0.0004590 secs] [Times: user=0.01 sys=0.00, real=0.00 secs] 
161.982: Total time for which application threads were stopped: 0.0005650 seconds, Stopping threads took: 0.0000520 seconds
162.009: Application time: 0.0277540 seconds
162.009: [GC [PSYoungGen: 7486K->992K(7680K)] 15821K->9351K(25088K), 0.0005020 secs] [Times: user=0.00 sys=0.00, real=0.00 secs] 
162.010: Total time for which application threads were stopped: 0.0006160 seconds, Stopping threads took: 0.0000560 seconds
162.038: Application time: 0.0278560 seconds
162.038: [GC [PSYoungGen: 7646K->992K(7680K)] 16005K->9535K(25088K), 0.0004780 secs] [Times: user=0.00 sys=0.00, real=0.00 secs] 
162.038: Total time for which application threads were stopped: 0.0005960 seconds, Stopping threads took: 0.0000510 seconds
162.068: Application time: 0.0296670 seconds
162.068: [GC [PSYoungGen: 7646K->992K(7680K)] 16190K->9551K(25088K), 0.0004880 secs] [Times: user=0.00 sys=0.00, real=0.00 secs] 
162.069: Total time for which application threads were stopped: 0.0005850 seconds, Stopping threads took: 0.0000460 seconds
162.098: Application time: 0.0296310 seconds
162.098: [GC [PSYoungGen: 7646K->992K(7680K)] 16206K->9583K(25088K), 0.0004250 secs] [Times: user=0.00 sys=0.00, real=0.00 secs] 
162.099: Total time for which application threads were stopped: 0.0005310 seconds, Stopping threads took: 0.0000570 seconds
162.128: Application time: 0.0295700 seconds
162.128: [GC [PSYoungGen: 7646K->960K(7680K)] 16238K->9735K(25088K), 0.0005030 secs] [Times: user=0.00 sys=0.00, real=0.00 secs] 
162.129: Total time for which application threads were stopped: 0.0006090 seconds, Stopping threads took: 0.0000510 seconds
162.159: Application time: 0.0296870 seconds
162.159: [GC [PSYoungGen: 7614K->864K(7680K)] 16390K->9684K(25088K), 0.0004040 secs] [Times: user=0.00 sys=0.00, real=0.01 secs] 
162.159: Total time for which application threads were stopped: 0.0005210 seconds, Stopping threads took: 0.0000620 seconds
162.189: Application time: 0.0298890 seconds
162.189: [GC [PSYoungGen: 7516K->832K(7680K)] 16336K->9652K(25088K), 0.0004320 secs] [Times: user=0.00 sys=0.00, real=0.00 secs] 
162.190: Total time for which application threads were stopped: 0.0005330 seconds, Stopping threads took: 0.0000510 seconds
162.220: Application time: 0.0302280 seconds
162.220: [GC [PSYoungGen: 7486K->832K(7680K)] 16307K->9652K(25088K), 0.0004190 secs] [Times: user=0.00 sys=0.00, real=0.00 secs] 
162.220: Total time for which application threads were stopped: 0.0005450 seconds, Stopping threads took: 0.0000780 seconds
162.250: Application time: 0.0297270 seconds
162.250: [GC [PSYoungGen: 7486K->832K(7680K)] 16307K->9652K(25088K), 0.0003720 secs] [Times: user=0.01 sys=0.00, real=0.00 secs] 
162.251: Total time for which application threads were stopped: 0.0004710 seconds, Stopping threads took: 0.0000500 seconds
162.280: Application time: 0.0297780 seconds
162.280: [GC [PSYoungGen: 7486K->768K(7680K)] 16307K->9644K(25088K), 0.0004150 secs] [Times: user=0.01 sys=0.00, real=0.00 secs] 
162.281: Total time for which application threads were stopped: 0.0005270 seconds, Stopping threads took: 0.0000630 seconds
162.311: Application time: 0.0298760 seconds
162.311: [GC [PSYoungGen: 7422K->736K(7680K)] 16299K->9696K(25088K), 0.0003940 secs] [Times: user=0.00 sys=0.00, real=0.01 secs] 
162.311: Total time for which application threads were stopped: 0.0004870 seconds, Stopping threads took: 0.0000390 seconds
162.342: Application time: 0.0305060 seconds
162.342: [GC [PSYoungGen: 7388K->544K(7680K)] 16349K->9709K(25088K), 0.0004340 secs] [Times: user=0.00 sys=0.00, real=0.00 secs] 
162.342: Total time for which application threads were stopped: 0.0005350 seconds, Stopping threads took: 0.0000490 seconds
162.372: Application time: 0.0301160 seconds
162.372: [GC [PSYoungGen: 7198K->544K(7680K)] 16364K->9709K(25088K), 0.0003290 secs] [Times: user=0.00 sys=0.00, real=0.00 secs] 
162.373: Total time for which application threads were stopped: 0.0004190 seconds, Stopping threads took: 0.0000410 seconds
162.403: Application time: 0.0298700 seconds
162.403: [GC [PSYoungGen: 7198K->544K(7680K)] 16364K->9709K(25088K), 0.0003340 secs] [Times: user=0.00 sys=0.00, real=0.00 secs] 
162.403: Total time for which application threads were stopped: 0.0004400 seconds, Stopping threads took: 0.0000590 seconds
162.433: Application time: 0.0298620 seconds
162.433: [GC [PSYoungGen: 7198K->544K(7680K)] 16364K->9793K(25088K), 0.0003420 secs] [Times: user=0.00 sys=0.00, real=0.00 secs] 
162.433: Total time for which application threads were stopped: 0.0004360 seconds, Stopping threads took: 0.0000450 seconds
162.464: Application time: 0.0301840 seconds
162.464: [GC [PSYoungGen: 7196K->384K(7680K)] 16446K->9846K(25088K), 0.0003380 secs] [Times: user=0.00 sys=0.00, real=0.00 secs] 
162.464: Total time for which application threads were stopped: 0.0004360 seconds, Stopping threads took: 0.0000510 seconds
162.494: Application time: 0.0297990 seconds
162.494: [GC [PSYoungGen: 7038K->0K(7680K)] 16501K->9675K(25088K), 0.0003100 secs] [Times: user=0.00 sys=0.00, real=0.00 secs] 
162.494: Total time for which application threads were stopped: 0.0004050 seconds, Stopping threads took: 0.0000480 seconds
162.525: Application time: 0.0308640 seconds
162.525: [GC [PSYoungGen: 6654K->0K(7680K)] 16329K->9675K(25088K), 0.0003120 secs] [Times: user=0.00 sys=0.00, real=0.00 secs] 
162.526: Total time for which application threads were stopped: 0.0004070 seconds, Stopping threads took: 0.0000440 seconds
162.555: Application time: 0.0296720 seconds
162.555: [GC [PSYoungGen: 6654K->0K(7680K)] 16329K->9675K(25088K), 0.0002830 secs] [Times: user=0.00 sys=0.00, real=0.00 secs] 
162.556: Total time for which application threads were stopped: 0.0003830 seconds, Stopping threads took: 0.0000470 seconds
162.585: Application time: 0.0296600 seconds
162.585: [GC [PSYoungGen: 6654K->0K(7680K)] 16329K->9675K(25088K), 0.0003490 secs] [Times: user=0.00 sys=0.00, real=0.00 secs] 
162.586: Total time for which application threads were stopped: 0.0004420 seconds, Stopping threads took: 0.0000460 seconds
162.615: Application time: 0.0295630 seconds
162.615: [GC [PSYoungGen: 6654K->0K(7680K)] 16329K->9675K(25088K), 0.0002960 secs] [Times: user=0.00 sys=0.00, real=0.00 secs] 
162.616: Total time for which application threads were stopped: 0.0003920 seconds, Stopping threads took: 0.0000460 seconds
162.636: Application time: 0.0205200 seconds
162.636: [GC [PSYoungGen: 6655K->384K(7680K)] 16330K->10059K(25088K), 0.0003220 secs] [Times: user=0.00 sys=0.00, real=0.00 secs] 
162.637: Total time for which application threads were stopped: 0.0004080 seconds, Stopping threads took: 0.0000380 seconds
162.658: Application time: 0.0215180 seconds
162.658: [GC [PSYoungGen: 7039K->352K(7680K)] 16714K->10027K(25088K), 0.0003380 secs] [Times: user=0.00 sys=0.00, real=0.00 secs] 
162.659: Total time for which application threads were stopped: 0.0004330 seconds, Stopping threads took: 0.0000500 seconds
162.685: Application time: 0.0269030 seconds
162.686: [GC [PSYoungGen: 7003K->512K(7680K)] 16678K->10187K(25088K), 0.0003170 secs] [Times: user=0.00 sys=0.00, real=0.00 secs] 
162.686: Total time for which application threads were stopped: 0.0004160 seconds, Stopping threads took: 0.0000500 seconds
162.715: Application time: 0.0291230 seconds
162.715: [GC [PSYoungGen: 7164K->352K(7680K)] 16839K->10027K(25088K), 0.0003290 secs] [Times: user=0.00 sys=0.00, real=0.00 secs] 
162.715: Total time for which application threads were stopped: 0.0004320 seconds, Stopping threads took: 0.0000530 seconds
162.744: Application time: 0.0282810 seconds
162.744: [GC [PSYoungGen: 7006K->384K(7680K)] 16681K->10059K(25088K), 0.0003190 secs] [Times: user=0.00 sys=0.00, real=0.00 secs] 
162.744: Total time for which application threads were stopped: 0.0004140 seconds, Stopping threads took: 0.0000480 seconds
162.774: Application time: 0.0297950 seconds
162.774: [GC [PSYoungGen: 7037K->320K(7680K)] 16712K->9995K(25088K), 0.0003840 secs] [Times: user=0.00 sys=0.00, real=0.00 secs] 
162.774: Total time for which application threads were stopped: 0.0004990 seconds, Stopping threads took: 0.0000600 seconds
162.794: Application time: 0.0200870 seconds
162.795: [GC [PSYoungGen: 6971K->512K(7680K)] 16647K->10187K(25088K), 0.0003480 secs] [Times: user=0.00 sys=0.00, real=0.00 secs] 
162.795: Total time for which application threads were stopped: 0.0004380 seconds, Stopping threads took: 0.0000450 seconds
162.816: Application time: 0.0213710 seconds
162.816: [GC [PSYoungGen: 7165K->480K(7680K)] 16840K->10155K(25088K), 0.0003470 secs] [Times: user=0.00 sys=0.00, real=0.00 secs] 
162.817: Total time for which application threads were stopped: 0.0004500 seconds, Stopping threads took: 0.0000520 seconds
162.844: Application time: 0.0269570 seconds
162.847: [GC [PSYoungGen: 7131K->544K(7680K)] 16807K->10219K(25088K), 0.0003460 secs] [Times: user=0.00 sys=0.00, real=0.00 secs] 
162.848: Total time for which application threads were stopped: 0.0038010 seconds, Stopping threads took: 0.0034050 seconds
162.877: Application time: 0.0293350 seconds
162.877: [GC [PSYoungGen: 7196K->512K(7680K)] 16871K->10187K(25088K), 0.0003580 secs] [Times: user=0.00 sys=0.00, real=0.00 secs] 
162.877: Total time for which application threads were stopped: 0.0004600 seconds, Stopping threads took: 0.0000540 seconds
162.906: Application time: 0.0283920 seconds
162.906: [GC [PSYoungGen: 7166K->512K(7680K)] 16841K->10187K(25088K), 0.0003770 secs] [Times: user=0.00 sys=0.00, real=0.00 secs] 
162.906: Total time for which application threads were stopped: 0.0004760 seconds, Stopping threads took: 0.0000490 seconds
162.936: Application time: 0.0296340 seconds
162.936: [GC [PSYoungGen: 7166K->544K(7680K)] 16841K->10219K(25088K), 0.0003580 secs] [Times: user=0.01 sys=0.00, real=0.00 secs] 
162.936: Total time for which application threads were stopped: 0.0004690 seconds, Stopping threads took: 0.0000560 seconds
162.966: Application time: 0.0297600 seconds
162.966: [GC [PSYoungGen: 7196K->512K(7680K)] 16871K->10187K(25088K), 0.0003280 secs] [Times: user=0.00 sys=0.00, real=0.00 secs] 
162.966: Total time for which application threads were stopped: 0.0004300 seconds, Stopping threads took: 0.0000510 seconds
162.996: Application time: 0.0294950 seconds
162.996: [GC [PSYoungGen: 7166K->480K(7680K)] 16841K->10155K(25088K), 0.0004140 secs] [Times: user=0.00 sys=0.00, real=0.00 secs] 
162.996: Total time for which application threads were stopped: 0.0005170 seconds, Stopping threads took: 0.0000550 seconds
163.026: Application time: 0.0295150 seconds
163.026: [GC [PSYoungGen: 7134K->544K(7680K)] 16809K->10219K(25088K), 0.0003430 secs] [Times: user=0.00 sys=0.00, real=0.00 secs] 
163.026: Total time for which application threads were stopped: 0.0004360 seconds, Stopping threads took: 0.0000450 seconds
163.056: Application time: 0.0293720 seconds
163.058: [GC [PSYoungGen: 7196K->576K(7680K)] 16871K->10251K(25088K), 0.0003730 secs] [Times: user=0.01 sys=0.00, real=0.00 secs] 
163.058: Total time for which application threads were stopped: 0.0022570 seconds, Stopping threads took: 0.0018180 seconds
163.087: Application time: 0.0286410 seconds
163.087: [GC [PSYoungGen: 7228K->512K(7680K)] 16903K->10187K(25088K), 0.0004850 secs] [Times: user=0.00 sys=0.00, real=0.00 secs] 
163.087: Total time for which application threads were stopped: 0.0005890 seconds, Stopping threads took: 0.0000520 seconds
163.117: Application time: 0.0294270 seconds
163.117: [GC [PSYoungGen: 7166K->480K(7680K)] 16841K->10155K(25088K), 0.0003820 secs] [Times: user=0.00 sys=0.00, real=0.00 secs] 
163.117: Total time for which application threads were stopped: 0.0004780 seconds, Stopping threads took: 0.0000460 seconds
163.142: Application time: 0.0248840 seconds
163.142: [GC [PSYoungGen: 7132K->704K(7680K)] 16807K->10379K(25088K), 0.0003930 secs] [Times: user=0.00 sys=0.00, real=0.00 secs] 
163.143: Total time for which application threads were stopped: 0.0005080 seconds, Stopping threads took: 0.0000620 seconds
163.159: Application time: 0.0161340 seconds
163.159: [GC [PSYoungGen: 7357K->992K(7680K)] 17032K->10667K(25088K), 0.0004260 secs] [Times: user=0.00 sys=0.01, real=0.01 secs] 
163.159: Total time for which application threads were stopped: 0.0005160 seconds, Stopping threads took: 0.0000380 seconds
163.176: Application time: 0.0167670 seconds
163.176: [GC [PSYoungGen: 7646K->960K(7680K)] 17321K->10763K(25088K), 0.0004410 secs] [Times: user=0.01 sys=0.00, real=0.00 secs] 
163.177: Total time for which application threads were stopped: 0.0005410 seconds, Stopping threads took: 0.0000470 seconds
163.194: Application time: 0.0170900 seconds
163.194: [GC [PSYoungGen: 7601K->1008K(7680K)] 17404K->10811K(25088K), 0.0004570 secs] [Times: user=0.01 sys=0.00, real=0.00 secs] 
163.194: Total time for which application threads were stopped: 0.0005660 seconds, Stopping threads took: 0.0000590 seconds
163.214: Application time: 0.0199320 seconds
163.214: [GC [PSYoungGen: 7662K->992K(7680K)] 17465K->10939K(25088K), 0.0004480 secs] [Times: user=0.00 sys=0.00, real=0.00 secs] 
163.215: Total time for which application threads were stopped: 0.0005480 seconds, Stopping threads took: 0.0000510 seconds
163.234: Application time: 0.0196990 seconds
163.234: [GC [PSYoungGen: 7644K->1008K(7680K)] 17592K->10999K(25088K), 0.0004590 secs] [Times: user=0.00 sys=0.00, real=0.00 secs] 
163.235: Total time for which application threads were stopped: 0.0005540 seconds, Stopping threads took: 0.0000460 seconds
163.260: Application time: 0.0246380 seconds
163.260: [GC [PSYoungGen: 7664K->1008K(7680K)] 17655K->11159K(25088K), 0.0004930 secs] [Times: user=0.00 sys=0.00, real=0.00 secs] 
163.260: Total time for which application threads were stopped: 0.0006020 seconds, Stopping threads took: 0.0000560 seconds
163.281: Application time: 0.0207330 seconds
163.281: [GC [PSYoungGen: 7661K->1008K(7680K)] 17812K->11255K(25088K), 0.0004690 secs] [Times: user=0.00 sys=0.00, real=0.00 secs] 
163.282: Total time for which application threads were stopped: 0.0005710 seconds, Stopping threads took: 0.0000540 seconds
163.300: Application time: 0.0180740 seconds
163.300: [GC [PSYoungGen: 7662K->1008K(7680K)] 17909K->11487K(25088K), 0.0004820 secs] [Times: user=0.00 sys=0.00, real=0.00 secs] 
163.300: Total time for which application threads were stopped: 0.0005810 seconds, Stopping threads took: 0.0000470 seconds
163.318: Application time: 0.0174410 seconds
163.318: [GC [PSYoungGen: 7661K->1008K(7680K)] 18140K->11875K(25088K), 0.0005470 secs] [Times: user=0.01 sys=0.00, real=0.00 secs] 
163.318: Total time for which application threads were stopped: 0.0006560 seconds, Stopping threads took: 0.0000590 seconds
163.337: Application time: 0.0189840 seconds
163.337: [GC [PSYoungGen: 7662K->992K(7680K)] 18530K->12115K(25088K), 0.0004810 secs] [Times: user=0.00 sys=0.00, real=0.00 secs] 
163.338: Total time for which application threads were stopped: 0.0005710 seconds, Stopping threads took: 0.0000360 seconds
163.357: Application time: 0.0188260 seconds
163.359: [GC [PSYoungGen: 7647K->992K(7680K)] 18771K->12272K(25088K), 0.0005380 secs] [Times: user=0.00 sys=0.00, real=0.00 secs] 
163.360: Total time for which application threads were stopped: 0.0030180 seconds, Stopping threads took: 0.0024290 seconds
163.382: Application time: 0.0222990 seconds
163.382: [GC [PSYoungGen: 7645K->1008K(7680K)] 18925K->12288K(25088K), 0.0004730 secs] [Times: user=0.01 sys=0.00, real=0.00 secs] 
163.383: Total time for which application threads were stopped: 0.0005910 seconds, Stopping threads took: 0.0000670 seconds
163.408: Application time: 0.0253920 seconds
163.408: [GC [PSYoungGen: 7660K->992K(7680K)] 18940K->12352K(25088K), 0.0004720 secs] [Times: user=0.00 sys=0.00, real=0.00 secs] 
163.409: Total time for which application threads were stopped: 0.0005730 seconds, Stopping threads took: 0.0000540 seconds
163.436: Application time: 0.0275840 seconds
163.436: [GC [PSYoungGen: 7644K->992K(7680K)] 19004K->12368K(25088K), 0.0004620 secs] [Times: user=0.01 sys=0.00, real=0.00 secs] 
163.437: Total time for which application threads were stopped: 0.0005650 seconds, Stopping threads took: 0.0000540 seconds
163.465: Application time: 0.0282990 seconds
163.465: [GC [PSYoungGen: 7644K->976K(7680K)] 19020K->12480K(25088K), 0.0004510 secs] [Times: user=0.00 sys=0.00, real=0.00 secs] 
163.466: Total time for which application threads were stopped: 0.0005590 seconds, Stopping threads took: 0.0000560 seconds
163.494: Application time: 0.0287900 seconds
163.494: [GC [PSYoungGen: 7630K->848K(7680K)] 19134K->12376K(25088K), 0.0004460 secs] [Times: user=0.00 sys=0.00, real=0.00 secs] 
163.495: Total time for which application threads were stopped: 0.0005510 seconds, Stopping threads took: 0.0000560 seconds
163.524: Application time: 0.0288450 seconds
163.524: [GC [PSYoungGen: 7502K->912K(7680K)] 19030K->12440K(25088K), 0.0003980 secs] [Times: user=0.00 sys=0.00, real=0.00 secs] 
163.524: Total time for which application threads were stopped: 0.0004940 seconds, Stopping threads took: 0.0000440 seconds
163.553: Application time: 0.0288030 seconds
163.553: [GC [PSYoungGen: 7566K->928K(7680K)] 19094K->12456K(25088K), 0.0004660 secs] [Times: user=0.00 sys=0.00, real=0.00 secs] 
163.554: Total time for which application threads were stopped: 0.0005610 seconds, Stopping threads took: 0.0000460 seconds
163.580: Application time: 0.0266900 seconds
163.580: [GC [PSYoungGen: 7541K->992K(7680K)] 19069K->12536K(25088K), 0.0004500 secs] [Times: user=0.01 sys=0.00, real=0.00 secs] 
163.581: Total time for which application threads were stopped: 0.0005620 seconds, Stopping threads took: 0.0000530 seconds
163.609: Application time: 0.0278210 seconds
163.609: [GC [PSYoungGen: 7647K->992K(7680K)] 19191K->12720K(25088K), 0.0004810 secs] [Times: user=0.00 sys=0.00, real=0.00 secs] 
163.609: Total time for which application threads were stopped: 0.0005790 seconds, Stopping threads took: 0.0000460 seconds
163.638: Application time: 0.0283340 seconds
163.638: [GC [PSYoungGen: 7644K->1008K(7680K)] 19372K->12836K(25088K), 0.0004620 secs] [Times: user=0.00 sys=0.00, real=0.00 secs] 
163.638: Total time for which application threads were stopped: 0.0005650 seconds, Stopping threads took: 0.0000510 seconds
163.666: Application time: 0.0283070 seconds
163.667: [GC [PSYoungGen: 7661K->992K(7680K)] 19490K->12964K(25088K), 0.0004370 secs] [Times: user=0.01 sys=0.00, real=0.00 secs] 
163.667: Total time for which application threads were stopped: 0.0005430 seconds, Stopping threads took: 0.0000570 seconds
163.696: Application time: 0.0293520 seconds
163.696: [GC [PSYoungGen: 7646K->960K(7680K)] 19619K->12948K(25088K), 0.0004040 secs] [Times: user=0.00 sys=0.00, real=0.00 secs] 
163.697: Total time for which application threads were stopped: 0.0005040 seconds, Stopping threads took: 0.0000500 seconds
163.725: Application time: 0.0277740 seconds
163.725: [GC [PSYoungGen: 7614K->992K(7680K)] 19602K->13164K(25088K), 0.0004340 secs] [Times: user=0.01 sys=0.00, real=0.00 secs] 
163.725: Total time for which application threads were stopped: 0.0005300 seconds, Stopping threads took: 0.0000450 seconds
163.753: Application time: 0.0281040 seconds
163.753: [GC [PSYoungGen: 7646K->992K(7680K)] 19818K->13204K(25088K), 0.0004750 secs] [Times: user=0.00 sys=0.00, real=0.00 secs] 
163.754: Total time for which application threads were stopped: 0.0005760 seconds, Stopping threads took: 0.0000480 seconds
163.782: Application time: 0.0278120 seconds
163.783: [GC [PSYoungGen: 7646K->1008K(7680K)] 19858K->13484K(25088K), 0.0005040 secs] [Times: user=0.01 sys=0.00, real=0.00 secs] 
163.784: Total time for which application threads were stopped: 0.0019650 seconds, Stopping threads took: 0.0014110 seconds
163.814: Application time: 0.0299010 seconds
163.814: [GC [PSYoungGen: 7660K->880K(7680K)] 20136K->13372K(25088K), 0.0004220 secs] [Times: user=0.00 sys=0.00, real=0.00 secs] 
163.814: Total time for which application threads were stopped: 0.0005150 seconds, Stopping threads took: 0.0000460 seconds
163.844: Application time: 0.0296660 seconds
163.844: [GC [PSYoungGen: 7534K->832K(7680K)] 20027K->13364K(25088K), 0.0004000 secs] [Times: user=0.00 sys=0.00, real=0.00 secs] 
163.844: Total time for which application threads were stopped: 0.0004890 seconds, Stopping threads took: 0.0000420 seconds
163.874: Application time: 0.0296500 seconds
163.874: [GC [PSYoungGen: 7486K->992K(7680K)] 20019K->13524K(25088K), 0.0004130 secs] [Times: user=0.00 sys=0.00, real=0.00 secs] 
163.874: Total time for which application threads were stopped: 0.0005070 seconds, Stopping threads took: 0.0000450 seconds
163.904: Application time: 0.0299810 seconds
163.904: [GC [PSYoungGen: 7646K->896K(7680K)] 20179K->13428K(25088K), 0.0003810 secs] [Times: user=0.00 sys=0.00, real=0.00 secs] 
163.905: Total time for which application threads were stopped: 0.0004730 seconds, Stopping threads took: 0.0000430 seconds
163.935: Application time: 0.0301090 seconds
163.935: [GC [PSYoungGen: 7550K->864K(7680K)] 20083K->13396K(25088K), 0.0004140 secs] [Times: user=0.00 sys=0.00, real=0.00 secs] 
163.935: Total time for which application threads were stopped: 0.0005130 seconds, Stopping threads took: 0.0000500 seconds
163.965: Application time: 0.0297260 seconds
163.965: [GC [PSYoungGen: 7518K->896K(7680K)] 20051K->13428K(25088K), 0.0003980 secs] [Times: user=0.00 sys=0.00, real=0.00 secs] 
163.966: Total time for which application threads were stopped: 0.0004970 seconds, Stopping threads took: 0.0000490 seconds
163.995: Application time: 0.0297150 seconds
163.995: [GC [PSYoungGen: 7550K->864K(7680K)] 20083K->13396K(25088K), 0.0004210 secs] [Times: user=0.00 sys=0.00, real=0.00 secs] 
163.996: Total time for which application threads were stopped: 0.0005190 seconds, Stopping threads took: 0.0000460 seconds
164.027: Application time: 0.0309360 seconds
164.027: [GC [PSYoungGen: 7516K->832K(7680K)] 20048K->13465K(25088K), 0.0004850 secs] [Times: user=0.00 sys=0.00, real=0.00 secs] 
164.027: Total time for which application threads were stopped: 0.0006040 seconds, Stopping threads took: 0.0000580 seconds
164.057: Application time: 0.0299690 seconds
164.059: [GC [PSYoungGen: 7484K->640K(7680K)] 20117K->13493K(25088K), 0.0004310 secs] [Times: user=0.00 sys=0.00, real=0.00 secs] 
164.060: Total time for which application threads were stopped: 0.0021370 seconds, Stopping threads took: 0.0016570 seconds
164.089: Application time: 0.0298450 seconds
164.090: [GC [PSYoungGen: 7294K->640K(7680K)] 20148K->13493K(25088K), 0.0003500 secs] [Times: user=0.00 sys=0.00, real=0.00 secs] 
164.090: Total time for which application threads were stopped: 0.0004680 seconds, Stopping threads took: 0.0000600 seconds
164.120: Application time: 0.0298490 seconds
164.120: [GC [PSYoungGen: 7294K->512K(7680K)] 20148K->13450K(25088K), 0.0003540 secs] [Times: user=0.00 sys=0.00, real=0.00 secs] 
164.120: Total time for which application threads were stopped: 0.0004490 seconds, Stopping threads took: 0.0000440 seconds
164.150: Application time: 0.0299470 seconds
164.150: [GC [PSYoungGen: 7166K->544K(7680K)] 20105K->13482K(25088K), 0.0003480 secs] [Times: user=0.00 sys=0.00, real=0.00 secs] 
164.151: Total time for which application threads were stopped: 0.0004450 seconds, Stopping threads took: 0.0000490 seconds
164.180: Application time: 0.0298480 seconds
164.181: [GC [PSYoungGen: 7198K->352K(7680K)] 20137K->13494K(25088K), 0.0004080 secs] [Times: user=0.00 sys=0.00, real=0.00 secs] 
164.181: Total time for which application threads were stopped: 0.0005110 seconds, Stopping threads took: 0.0000510 seconds
164.211: Application time: 0.0296860 seconds
164.211: [GC [PSYoungGen: 7006K->192K(7680K)] 20149K->13534K(25088K), 0.0003610 secs] [Times: user=0.00 sys=0.00, real=0.01 secs] 
164.211: Total time for which application threads were stopped: 0.0004620 seconds, Stopping threads took: 0.0000500 seconds
164.241: Application time: 0.0297270 seconds
164.241: [GC [PSYoungGen: 6846K->0K(7680K)] 20189K->13454K(25088K), 0.0003320 secs] [Times: user=0.00 sys=0.00, real=0.00 secs] 
164.241: Total time for which application threads were stopped: 0.0004240 seconds, Stopping threads took: 0.0000430 seconds
164.271: Application time: 0.0297120 seconds
164.271: [GC [PSYoungGen: 6654K->0K(7680K)] 20109K->13454K(25088K), 0.0003310 secs] [Times: user=0.00 sys=0.00, real=0.01 secs] 
164.271: Total time for which application threads were stopped: 0.0004180 seconds, Stopping threads took: 0.0000390 seconds
164.301: Application time: 0.0296620 seconds
164.301: [GC [PSYoungGen: 6654K->0K(7680K)] 20109K->13454K(25088K), 0.0003080 secs] [Times: user=0.00 sys=0.00, real=0.00 secs] 
164.301: Total time for which application threads were stopped: 0.0003930 seconds, Stopping threads took: 0.0000390 seconds
164.331: Application time: 0.0295820 seconds
164.331: [GC [PSYoungGen: 6654K->0K(7680K)] 20109K->13454K(25088K), 0.0002930 secs] [Times: user=0.00 sys=0.00, real=0.00 secs] 
164.331: Total time for which application threads were stopped: 0.0003950 seconds, Stopping threads took: 0.0000560 seconds
164.361: Application time: 0.0295310 seconds
164.361: [GC [PSYoungGen: 6654K->0K(7680K)] 20109K->13454K(25088K), 0.0002980 secs] [Times: user=0.00 sys=0.00, real=0.00 secs] 
164.361: Total time for which application threads were stopped: 0.0003930 seconds, Stopping threads took: 0.0000510 seconds
164.384: Application time: 0.0222490 seconds
164.384: [GC [PSYoungGen: 6654K->384K(7680K)] 20109K->13838K(25088K), 0.0003180 secs] [Times: user=0.00 sys=0.00, real=0.00 secs] 
164.384: Total time for which application threads were stopped: 0.0004210 seconds, Stopping threads took: 0.0000560 seconds
164.405: Application time: 0.0212170 seconds
164.405: [GC [PSYoungGen: 7037K->288K(7680K)] 20492K->13742K(25088K), 0.0003690 secs] [Times: user=0.00 sys=0.00, real=0.00 secs] 
164.406: Total time for which application threads were stopped: 0.0004550 seconds, Stopping threads took: 0.0000390 seconds
164.431: Application time: 0.0251400 seconds
164.431: [GC [PSYoungGen: 6941K->384K(7680K)] 20396K->13838K(25088K), 0.0003300 secs] [Times: user=0.00 sys=0.00, real=0.01 secs] 
164.431: Total time for which application threads were stopped: 0.0004170 seconds, Stopping threads took: 0.0000420 seconds
164.460: Application time: 0.0289980 seconds
164.460: [GC [PSYoungGen: 7036K->352K(7680K)] 20491K->13806K(25088K), 0.0003210 secs] [Times: user=0.00 sys=0.00, real=0.00 secs] 
164.461: Total time for which application threads were stopped: 0.0004200 seconds, Stopping threads took: 0.0000550 seconds
164.489: Application time: 0.0283220 seconds
164.489: [GC [PSYoungGen: 7005K->480K(7680K)] 20460K->13934K(25088K), 0.0003750 secs] [Times: user=0.00 sys=0.00, real=0.00 secs] 
164.489: Total time for which application threads were stopped: 0.0004730 seconds, Stopping threads took: 0.0000510 seconds
164.519: Application time: 0.0293640 seconds
164.519: [GC [PSYoungGen: 7134K->352K(7680K)] 20589K->13806K(25088K), 0.0003320 secs] [Times: user=0.00 sys=0.00, real=0.01 secs] 
164.519: Total time for which application threads were stopped: 0.0004300 seconds, Stopping threads took: 0.0000490 seconds
164.541: Application time: 0.0220970 seconds
164.543: [GC [PSYoungGen: 7004K->544K(7680K)] 20459K->13998K(25088K), 0.0003780 secs] [Times: user=0.00 sys=0.00, real=0.00 secs] 
164.544: Total time for which application threads were stopped: 0.0021540 seconds, Stopping threads took: 0.0017280 seconds
164.567: Application time: 0.0232440 seconds
164.567: [GC [PSYoungGen: 7195K->448K(7680K)] 20650K->13902K(25088K), 0.0005070 secs] [Times: user=0.00 sys=0.00, real=0.00 secs] 
164.567: Total time for which application threads were stopped: 0.0006220 seconds, Stopping threads took: 0.0000590 seconds
164.592: Application time: 0.0248020 seconds
164.592: [GC [PSYoungGen: 7101K->512K(7680K)] 20556K->13966K(25088K), 0.0003550 secs] [Times: user=0.00 sys=0.00, real=0.00 secs] 
164.593: Total time for which application threads were stopped: 0.0004620 seconds, Stopping threads took: 0.0000470 seconds
164.622: Application time: 0.0291020 seconds
164.622: [GC [PSYoungGen: 7164K->480K(7680K)] 20619K->13934K(25088K), 0.0004160 secs] [Times: user=0.00 sys=0.00, real=0.00 secs] 
164.622: Total time for which application threads were stopped: 0.0005400 seconds, Stopping threads took: 0.0000660 seconds
164.651: Application time: 0.0284840 seconds
164.651: [GC [PSYoungGen: 7134K->576K(7680K)] 20589K->14030K(25088K), 0.0003560 secs] [Times: user=0.00 sys=0.00, real=0.01 secs] 
164.651: Total time for which application threads were stopped: 0.0004500 seconds, Stopping threads took: 0.0000430 seconds
164.681: Application time: 0.0293070 seconds
164.681: [GC [PSYoungGen: 7230K->640K(7680K)] 20685K->14094K(25088K), 0.0004010 secs] [Times: user=0.00 sys=0.00, real=0.00 secs] 
164.681: Total time for which application threads were stopped: 0.0005060 seconds, Stopping threads took: 0.0000530 seconds
164.711: Application time: 0.0298120 seconds
164.711: [GC [PSYoungGen: 7292K->672K(7680K)] 20747K->14126K(25088K), 0.0003850 secs] [Times: user=0.00 sys=0.00, real=0.01 secs] 
164.711: Total time for which application threads were stopped: 0.0004850 seconds, Stopping threads took: 0.0000460 seconds
164.741: Application time: 0.0294180 seconds
164.741: [GC [PSYoungGen: 7326K->512K(7680K)] 20781K->13966K(25088K), 0.0003430 secs] [Times: user=0.00 sys=0.00, real=0.00 secs] 
164.741: Total time for which application threads were stopped: 0.0004400 seconds, Stopping threads took: 0.0000500 seconds
164.771: Application time: 0.0297960 seconds
164.771: [GC [PSYoungGen: 7166K->608K(7680K)] 20621K->14062K(25088K), 0.0004690 secs] [Times: user=0.00 sys=0.00, real=0.00 secs] 
164.772: Total time for which application threads were stopped: 0.0005740 seconds, Stopping threads took: 0.0000530 seconds
164.801: Application time: 0.0292640 seconds
164.801: [GC [PSYoungGen: 7262K->608K(7680K)] 20717K->14062K(25088K), 0.0003970 secs] [Times: user=0.00 sys=0.00, real=0.00 secs] 
164.801: Total time for which application threads were stopped: 0.0005040 seconds, Stopping threads took: 0.0000570 seconds
164.829: Application time: 0.0273120 seconds
164.829: [GC [PSYoungGen: 7260K->544K(7680K)] 20715K->13998K(25088K), 0.0004090 secs] [Times: user=0.00 sys=0.00, real=0.00 secs] 
164.829: Total time for which application threads were stopped: 0.0004990 seconds, Stopping threads took: 0.0000390 seconds
164.859: Application time: 0.0298280 seconds
164.859: [GC [PSYoungGen: 7198K->480K(7680K)] 20653K->13934K(25088K), 0.0003940 secs] [Times: user=0.00 sys=0.00, real=0.00 secs] 
164.860: Total time for which application threads were stopped: 0.0005000 seconds, Stopping threads took: 0.0000520 seconds
164.885: Application time: 0.0255530 seconds
164.885: [GC [PSYoungGen: 7132K->704K(7680K)] 20586K->14158K(25088K), 0.0003930 secs] [Times: user=0.00 sys=0.00, real=0.00 secs] 
164.886: Total time for which application threads were stopped: 0.0004950 seconds, Stopping threads took: 0.0000450 seconds
164.901: Application time: 0.0157250 seconds
164.901: [GC [PSYoungGen: 7359K->976K(7680K)] 20814K->14430K(25088K), 0.0004310 secs] [Times: user=0.00 sys=0.00, real=0.00 secs] 
164.902: Total time for which application threads were stopped: 0.0005340 seconds, Stopping threads took: 0.0000500 seconds
164.919: Application time: 0.0173080 seconds
164.919: [GC [PSYoungGen: 7630K->992K(7680K)] 21085K->14502K(25088K), 0.0004690 secs] [Times: user=0.00 sys=0.00, real=0.00 secs] 
164.920: Total time for which application threads were stopped: 0.0005690 seconds, Stopping threads took: 0.0000480 seconds
164.938: Application time: 0.0187810 seconds
164.939: Total time for which application threads were stopped: 0.0000710 seconds, Stopping threads took: 0.0000540 seconds
164.939: Application time: 0.0000340 seconds
164.939: [GC [PSYoungGen: 7575K->992K(7680K)] 21214K->14638K(25088K), 0.0004820 secs] [Times: user=0.00 sys=0.00, real=0.01 secs] 
164.939: Total time for which application threads were stopped: 0.0005460 seconds, Stopping threads took: 0.0000200 seconds
164.961: Application time: 0.0215240 seconds
164.961: [GC [PSYoungGen: 7643K->992K(7680K)] 21575K->15067K(25088K), 0.0005270 secs] [Times: user=0.00 sys=0.00, real=0.00 secs] 
164.961: Total time for which application threads were stopped: 0.0006440 seconds, Stopping threads took: 0.0000680 seconds
164.981: Application time: 0.0199160 seconds
164.981: [GC [PSYoungGen: 7644K->992K(7680K)] 21720K->15099K(25088K), 0.0004930 secs] [Times: user=0.00 sys=0.00, real=0.00 secs] 
164.982: Total time for which application threads were stopped: 0.0006060 seconds, Stopping threads took: 0.0000590 seconds
165.004: Application time: 0.0225830 seconds
165.005: [GC [PSYoungGen: 7647K->1008K(7680K)] 21755K->15299K(25088K), 0.0005360 secs] [Times: user=0.00 sys=0.00, real=0.00 secs] 
165.005: Total time for which application threads were stopped: 0.0006520 seconds, Stopping threads took: 0.0000600 seconds
165.024: Application time: 0.0193340 seconds
165.024: [GC [PSYoungGen: 7661K->1008K(7680K)] 21952K->15512K(25088K), 0.0005490 secs] [Times: user=0.00 sys=0.00, real=0.00 secs] 
165.025: Total time for which application threads were stopped: 0.0006470 seconds, Stopping threads took: 0.0000460 seconds
165.045: Application time: 0.0202640 seconds
165.045: [GC [PSYoungGen: 7662K->1008K(7680K)] 22166K->15696K(25088K), 0.0005300 secs] [Times: user=0.00 sys=0.00, real=0.00 secs] 
165.046: Total time for which application threads were stopped: 0.0006230 seconds, Stopping threads took: 0.0000450 seconds
165.064: Application time: 0.0178820 seconds
165.064: [GC [PSYoungGen: 7663K->1008K(7680K)] 22351K->16264K(25088K), 0.0005410 secs] [Times: user=0.00 sys=0.00, real=0.00 secs] 
165.064: Total time for which application threads were stopped: 0.0006500 seconds, Stopping threads took: 0.0000530 seconds
165.081: Application time: 0.0166590 seconds
165.081: [GC [PSYoungGen: 7663K->992K(7680K)] 22919K->16512K(25088K), 0.0004900 secs] [Times: user=0.00 sys=0.00, real=0.00 secs] 
165.082: Total time for which application threads were stopped: 0.0005880 seconds, Stopping threads took: 0.0000450 seconds
165.099: Application time: 0.0177020 seconds
165.100: [GC [PSYoungGen: 7644K->1008K(7680K)] 23164K->16712K(25088K), 0.0005140 secs] [Times: user=0.00 sys=0.00, real=0.00 secs] 
165.100: Total time for which application threads were stopped: 0.0006330 seconds, Stopping threads took: 0.0000590 seconds
165.120: Application time: 0.0204280 seconds
165.121: [GC [PSYoungGen: 7662K->1008K(7680K)] 23366K->17140K(25088K), 0.0005550 secs] [Times: user=0.00 sys=0.00, real=0.00 secs] 
165.121: Total time for which application threads were stopped: 0.0006640 seconds, Stopping threads took: 0.0000520 seconds
165.150: Application time: 0.0283690 seconds
165.150: [GC [PSYoungGen: 7660K->992K(7680K)] 23793K->17172K(25088K), 0.0004650 secs] [Times: user=0.00 sys=0.00, real=0.00 secs] 
165.150: Total time for which application threads were stopped: 0.0005750 seconds, Stopping threads took: 0.0000600 seconds
165.178: Application time: 0.0275700 seconds
165.178: [GC [PSYoungGen: 7644K->992K(7680K)] 23825K->17372K(25088K), 0.0004750 secs] [Times: user=0.00 sys=0.00, real=0.00 secs] 
165.178: Total time for which application threads were stopped: 0.0005720 seconds, Stopping threads took: 0.0000470 seconds
165.206: Application time: 0.0279450 seconds
165.206: [GC [PSYoungGen: 7644K->992K(7680K)] 24025K->17564K(25088K), 0.0005200 secs] [Times: user=0.00 sys=0.00, real=0.00 secs] 
165.207: Total time for which application threads were stopped: 0.0006270 seconds, Stopping threads took: 0.0000530 seconds
165.236: Application time: 0.0288740 seconds
165.236: [GC [PSYoungGen: 7646K->1008K(7680K)] 24219K->17605K(25088K), 0.0005240 secs] [Times: user=0.00 sys=0.00, real=0.00 secs] 
165.236: Total time for which application threads were stopped: 0.0006260 seconds, Stopping threads took: 0.0000520 seconds
165.265: Application time: 0.0288820 seconds
165.267: [GC [PSYoungGen: 7662K->928K(7680K)] 24259K->17652K(25088K), 0.0004680 secs] [Times: user=0.01 sys=0.00, real=0.00 secs] 
165.268: Total time for which application threads were stopped: 0.0024320 seconds, Stopping threads took: 0.0019170 seconds
165.297: Application time: 0.0289220 seconds
165.297: [GC [PSYoungGen: 7582K->960K(7680K)] 24307K->17700K(25088K), 0.0004400 secs] [Times: user=0.00 sys=0.00, real=0.00 secs] 
165.297: Total time for which application threads were stopped: 0.0005350 seconds, Stopping threads took: 0.0000460 seconds
165.325: Application time: 0.0279840 seconds
165.325: [GC [PSYoungGen: 7612K->1008K(7680K)] 24353K->17885K(25088K), 0.0004320 secs] [Times: user=0.01 sys=0.00, real=0.00 secs] 
165.326: Total time for which application threads were stopped: 0.0005220 seconds, Stopping threads took: 0.0000400 seconds
165.352: Application time: 0.0264540 seconds
165.352: [GC [PSYoungGen: 7661K->992K(7680K)] 24538K->18021K(25088K), 0.0005070 secs] [Times: user=0.00 sys=0.00, real=0.00 secs] 
165.353: Total time for which application threads were stopped: 0.0006140 seconds, Stopping threads took: 0.0000560 seconds
165.381: Application time: 0.0283010 seconds
165.381: [GC [PSYoungGen: 7645K->1008K(7680K)] 24674K->18249K(25088K), 0.0005620 secs] [Times: user=0.01 sys=0.00, real=0.00 secs] 
165.382: [Full GC [PSYoungGen: 1008K->0K(7680K)] [ParOldGen: 17241K->3317K(17408K)] 18249K->3317K(25088K) [PSPermGen: 5574K->5574K(21504K)], 0.0046060 secs] [Times: user=0.01 sys=0.00, real=0.00 secs] 
165.386: Total time for which application threads were stopped: 0.0053350 seconds, Stopping threads took: 0.0000610 seconds
165.415: Application time: 0.0284420 seconds
165.415: [GC [PSYoungGen: 6652K->352K(7680K)] 9970K->3670K(25088K), 0.0003810 secs] [Times: user=0.00 sys=0.00, real=0.00 secs] 
165.415: Total time for which application threads were stopped: 0.0004930 seconds, Stopping threads took: 0.0000550 seconds
165.444: Application time: 0.0283470 seconds
165.444: [GC [PSYoungGen: 7004K->544K(7680K)] 10322K->3862K(25088K), 0.0003540 secs] [Times: user=0.00 sys=0.00, real=0.00 secs] 
165.444: Total time for which application threads were stopped: 0.0004460 seconds, Stopping threads took: 0.0000440 seconds
165.474: Application time: 0.0296860 seconds
165.474: [GC [PSYoungGen: 7199K->512K(7680K)] 10517K->3830K(25088K), 0.0003480 secs] [Times: user=0.00 sys=0.00, real=0.00 secs] 
165.474: Total time for which application threads were stopped: 0.0004490 seconds, Stopping threads took: 0.0000520 seconds
165.503: Application time: 0.0286660 seconds
165.503: [GC [PSYoungGen: 7165K->704K(7680K)] 10483K->4022K(25088K), 0.0003880 secs] [Times: user=0.00 sys=0.00, real=0.00 secs] 
165.503: Total time for which application threads were stopped: 0.0004910 seconds, Stopping threads took: 0.0000510 seconds
165.531: Application time: 0.0271610 seconds
165.531: [GC [PSYoungGen: 7359K->864K(7680K)] 10677K->4182K(25088K), 0.0004740 secs] [Times: user=0.00 sys=0.00, real=0.00 secs] 
165.532: Total time for which application threads were stopped: 0.0011430 seconds, Stopping threads took: 0.0006050 seconds
165.562: Application time: 0.0303930 seconds
165.562: [GC [PSYoungGen: 7518K->928K(7680K)] 10836K->4246K(25088K), 0.0004530 secs] [Times: user=0.01 sys=0.00, real=0.00 secs] 
165.563: Total time for which application threads were stopped: 0.0005790 seconds, Stopping threads took: 0.0000710 seconds
165.592: Application time: 0.0297740 seconds
165.592: [GC [PSYoungGen: 7582K->832K(7680K)] 10900K->4150K(25088K), 0.0004520 secs] [Times: user=0.01 sys=0.00, real=0.00 secs] 
165.593: Total time for which application threads were stopped: 0.0005500 seconds, Stopping threads took: 0.0000440 seconds
165.623: Application time: 0.0296600 seconds
165.623: [GC [PSYoungGen: 7486K->864K(7680K)] 10804K->4182K(25088K), 0.0003760 secs] [Times: user=0.00 sys=0.00, real=0.00 secs] 
165.623: Total time for which application threads were stopped: 0.0004960 seconds, Stopping threads took: 0.0000560 seconds
165.653: Application time: 0.0298370 seconds
165.653: [GC [PSYoungGen: 7518K->864K(7680K)] 10836K->4182K(25088K), 0.0003800 secs] [Times: user=0.00 sys=0.00, real=0.00 secs] 
165.653: Total time for which application threads were stopped: 0.0004820 seconds, Stopping threads took: 0.0000540 seconds
165.683: Application time: 0.0300070 seconds
165.684: [GC [PSYoungGen: 7518K->928K(7680K)] 10836K->4246K(25088K), 0.0003670 secs] [Times: user=0.00 sys=0.00, real=0.00 secs] 
165.684: Total time for which application threads were stopped: 0.0004770 seconds, Stopping threads took: 0.0000540 seconds
165.714: Application time: 0.0297020 seconds
165.714: [GC [PSYoungGen: 7582K->832K(7680K)] 10900K->4150K(25088K), 0.0004260 secs] [Times: user=0.00 sys=0.00, real=0.00 secs] 
165.714: Total time for which application threads were stopped: 0.0005270 seconds, Stopping threads took: 0.0000480 seconds
165.744: Application time: 0.0298790 seconds
165.744: [GC [PSYoungGen: 7486K->896K(7680K)] 10804K->4214K(25088K), 0.0003820 secs] [Times: user=0.00 sys=0.00, real=0.00 secs] 
165.745: Total time for which application threads were stopped: 0.0004740 seconds, Stopping threads took: 0.0000410 seconds
165.775: Application time: 0.0301330 seconds
165.775: [GC [PSYoungGen: 7550K->896K(7680K)] 10868K->4214K(25088K), 0.0004250 secs] [Times: user=0.00 sys=0.00, real=0.00 secs] 
165.775: Total time for which application threads were stopped: 0.0005360 seconds, Stopping threads took: 0.0000550 seconds
165.805: Application time: 0.0297830 seconds
165.805: [GC [PSYoungGen: 7550K->832K(7680K)] 10868K->4150K(25088K), 0.0004440 secs] [Times: user=0.00 sys=0.00, real=0.00 secs] 
165.806: Total time for which application threads were stopped: 0.0005330 seconds, Stopping threads took: 0.0000410 seconds
165.835: Application time: 0.0297870 seconds
165.835: [GC [PSYoungGen: 7486K->992K(7680K)] 10804K->4318K(25088K), 0.0003930 secs] [Times: user=0.00 sys=0.00, real=0.00 secs] 
165.836: Total time for which application threads were stopped: 0.0004950 seconds, Stopping threads took: 0.0000520 seconds
165.866: Application time: 0.0301870 seconds
165.866: [GC [PSYoungGen: 7646K->704K(7680K)] 10972K->4254K(25088K), 0.0003670 secs] [Times: user=0.00 sys=0.00, real=0.00 secs] 
165.866: Total time for which application threads were stopped: 0.0004910 seconds, Stopping threads took: 0.0000690 seconds
165.896: Application time: 0.0296800 seconds
165.896: [GC [PSYoungGen: 7358K->704K(7680K)] 10908K->4254K(25088K), 0.0003380 secs] [Times: user=0.00 sys=0.00, real=0.00 secs] 
165.897: Total time for which application threads were stopped: 0.0004310 seconds, Stopping threads took: 0.0000460 seconds
165.926: Application time: 0.0298010 seconds
165.926: [GC [PSYoungGen: 7358K->512K(7680K)] 10908K->4290K(25088K), 0.0003480 secs] [Times: user=0.00 sys=0.00, real=0.00 secs] 
165.927: Total time for which application threads were stopped: 0.0004320 seconds, Stopping threads took: 0.0000380 seconds
165.957: Application time: 0.0297780 seconds
165.957: [GC [PSYoungGen: 7166K->512K(7680K)] 10945K->4290K(25088K), 0.0003170 secs] [Times: user=0.00 sys=0.00, real=0.00 secs] 
165.957: Total time for which application threads were stopped: 0.0004130 seconds, Stopping threads took: 0.0000460 seconds
165.987: Application time: 0.0298830 seconds
165.987: [GC [PSYoungGen: 7166K->0K(7680K)] 10945K->4179K(25088K), 0.0003360 secs] [Times: user=0.00 sys=0.00, real=0.00 secs] 
165.987: Total time for which application threads were stopped: 0.0004230 seconds, Stopping threads took: 0.0000400 seconds
166.017: Application time: 0.0298280 seconds
166.017: [GC [PSYoungGen: 6654K->0K(7680K)] 10834K->4179K(25088K), 0.0002920 secs] [Times: user=0.00 sys=0.00, real=0.00 secs] 
166.018: Total time for which application threads were stopped: 0.0003800 seconds, Stopping threads took: 0.0000430 seconds
166.047: Application time: 0.0297630 seconds
166.047: [GC [PSYoungGen: 6654K->0K(7680K)] 10834K->4179K(25088K), 0.0002690 secs] [Times: user=0.00 sys=0.00, real=0.00 secs] 
166.048: Total time for which application threads were stopped: 0.0003680 seconds, Stopping threads took: 0.0000530 seconds
166.078: Application time: 0.0307970 seconds
166.079: [GC [PSYoungGen: 6652K->0K(7680K)] 10831K->4179K(25088K), 0.0003080 secs] [Times: user=0.00 sys=0.00, real=0.00 secs] 
166.079: Total time for which application threads were stopped: 0.0004080 seconds, Stopping threads took: 0.0000500 seconds
166.108: Application time: 0.0288480 seconds
166.108: [GC [PSYoungGen: 6652K->320K(7680K)] 10832K->4499K(25088K), 0.0003320 secs] [Times: user=0.00 sys=0.00, real=0.00 secs] 
166.108: Total time for which application threads were stopped: 0.0004400 seconds, Stopping threads took: 0.0000590 seconds
166.129: Application time: 0.0208200 seconds
166.129: [GC [PSYoungGen: 6972K->384K(7680K)] 11152K->4563K(25088K), 0.0003210 secs] [Times: user=0.01 sys=0.00, real=0.00 secs] 
166.129: Total time for which application threads were stopped: 0.0004290 seconds, Stopping threads took: 0.0000520 seconds
166.151: Application time: 0.0214220 seconds
166.151: [GC [PSYoungGen: 7037K->352K(7680K)] 11217K->4531K(25088K), 0.0003140 secs] [Times: user=0.00 sys=0.00, real=0.01 secs] 
166.151: Total time for which application threads were stopped: 0.0004050 seconds, Stopping threads took: 0.0000420 seconds
166.179: Application time: 0.0276320 seconds
166.179: [GC [PSYoungGen: 7006K->384K(7680K)] 11186K->4563K(25088K), 0.0003100 secs] [Times: user=0.00 sys=0.00, real=0.01 secs] 
166.179: Total time for which application threads were stopped: 0.0004020 seconds, Stopping threads took: 0.0000450 seconds
166.209: Application time: 0.0292510 seconds
166.209: [GC [PSYoungGen: 7036K->352K(7680K)] 11215K->4531K(25088K), 0.0003220 secs] [Times: user=0.00 sys=0.00, real=0.00 secs] 
166.209: Total time for which application threads were stopped: 0.0004240 seconds, Stopping threads took: 0.0000540 seconds
166.238: Application time: 0.0285890 seconds
166.238: [GC [PSYoungGen: 7005K->384K(7680K)] 11185K->4563K(25088K), 0.0003060 secs] [Times: user=0.00 sys=0.00, real=0.00 secs] 
166.238: Total time for which application threads were stopped: 0.0003960 seconds, Stopping threads took: 0.0000440 seconds
166.268: Application time: 0.0295770 seconds
166.268: [GC [PSYoungGen: 7038K->352K(7680K)] 11218K->4531K(25088K), 0.0003150 secs] [Times: user=0.00 sys=0.00, real=0.00 secs] 
166.268: Total time for which application threads were stopped: 0.0004230 seconds, Stopping threads took: 0.0000530 seconds
166.297: Application time: 0.0295340 seconds
166.298: [GC [PSYoungGen: 7006K->352K(7680K)] 11186K->4531K(25088K), 0.0003120 secs] [Times: user=0.00 sys=0.00, real=0.00 secs] 
166.298: Total time for which application threads were stopped: 0.0004060 seconds, Stopping threads took: 0.0000470 seconds
166.318: Application time: 0.0203840 seconds
166.318: [GC [PSYoungGen: 7004K->544K(7680K)] 11184K->4723K(25088K), 0.0003270 secs] [Times: user=0.00 sys=0.00, real=0.00 secs] 
166.319: Total time for which application threads were stopped: 0.0004200 seconds, Stopping threads took: 0.0000430 seconds
166.342: Application time: 0.0230150 seconds
166.342: [GC [PSYoungGen: 7195K->512K(7680K)] 11375K->4691K(25088K), 0.0003570 secs] [Times: user=0.00 sys=0.00, real=0.00 secs] 
166.342: Total time for which application threads were stopped: 0.0004600 seconds, Stopping threads took: 0.0000530 seconds
166.368: Application time: 0.0259820 seconds
166.368: [GC [PSYoungGen: 7164K->544K(7680K)] 11343K->4723K(25088K), 0.0003450 secs] [Times: user=0.00 sys=0.00, real=0.00 secs] 
166.369: Total time for which application threads were stopped: 0.0004400 seconds, Stopping threads took: 0.0000440 seconds
166.398: Application time: 0.0292090 seconds
166.398: [GC [PSYoungGen: 7196K->512K(7680K)] 11375K->4691K(25088K), 0.0003400 secs] [Times: user=0.01 sys=0.00, real=0.00 secs] 
166.398: Total time for which application threads were stopped: 0.0004480 seconds, Stopping threads took: 0.0000600 seconds
166.427: Application time: 0.0284920 seconds
166.427: [GC [PSYoungGen: 7164K->480K(7680K)] 11343K->4659K(25088K), 0.0004050 secs] [Times: user=0.00 sys=0.00, real=0.00 secs] 
166.427: Total time for which application threads were stopped: 0.0004950 seconds, Stopping threads took: 0.0000430 seconds
166.458: Application time: 0.0305330 seconds
166.458: [GC [PSYoungGen: 7134K->512K(7680K)] 11314K->4691K(25088K), 0.0004050 secs] [Times: user=0.00 sys=0.00, real=0.00 secs] 
166.458: Total time for which application threads were stopped: 0.0004900 seconds, Stopping threads took: 0.0000390 seconds
166.488: Application time: 0.0296700 seconds
166.488: [GC [PSYoungGen: 7166K->544K(7680K)] 11346K->4723K(25088K), 0.0003420 secs] [Times: user=0.01 sys=0.00, real=0.00 secs] 
166.488: Total time for which application threads were stopped: 0.0004290 seconds, Stopping threads took: 0.0000360 seconds
166.518: Application time: 0.0297170 seconds
166.518: [GC [PSYoungGen: 7198K->512K(7680K)] 11378K->4691K(25088K), 0.0003420 secs] [Times: user=0.00 sys=0.00, real=0.00 secs] 
166.519: Total time for which application threads were stopped: 0.0004230 seconds, Stopping threads took: 0.0000330 seconds
166.547: Application time: 0.0285490 seconds
166.547: [GC [PSYoungGen: 7164K->672K(7680K)] 11343K->4851K(25088K), 0.0004310 secs] [Times: user=0.00 sys=0.00, real=0.00 secs] 
166.548: Total time for which application threads were stopped: 0.0005320 seconds, Stopping threads took: 0.0000490 seconds
166.576: Application time: 0.0283220 seconds
166.576: [GC [PSYoungGen: 7324K->512K(7680K)] 11504K->4691K(25088K), 0.0004080 secs] [Times: user=0.00 sys=0.00, real=0.00 secs] 
166.576: Total time for which application threads were stopped: 0.0005100 seconds, Stopping threads took: 0.0000530 seconds
166.606: Application time: 0.0294770 seconds
166.606: [GC [PSYoungGen: 7166K->512K(7680K)] 11346K->4691K(25088K), 0.0003620 secs] [Times: user=0.00 sys=0.00, real=0.00 secs] 
166.606: Total time for which application threads were stopped: 0.0004530 seconds, Stopping threads took: 0.0000400 seconds
166.629: Application time: 0.0231020 seconds
166.630: [GC [PSYoungGen: 7164K->736K(7680K)] 11343K->4915K(25088K), 0.0003660 secs] [Times: user=0.01 sys=0.00, real=0.00 secs] 
166.630: Total time for which application threads were stopped: 0.0004580 seconds, Stopping threads took: 0.0000420 seconds
166.647: Application time: 0.0173500 seconds
166.647: [GC [PSYoungGen: 7337K->832K(7680K)] 11517K->5011K(25088K), 0.0004220 secs] [Times: user=0.00 sys=0.00, real=0.00 secs] 
166.648: Total time for which application threads were stopped: 0.0005350 seconds, Stopping threads took: 0.0000570 seconds
166.664: Application time: 0.0165610 seconds
166.664: [GC [PSYoungGen: 7486K->816K(7680K)] 11665K->4995K(25088K), 0.0003880 secs] [Times: user=0.00 sys=0.00, real=0.00 secs] 
166.665: Total time for which application threads were stopped: 0.0004780 seconds, Stopping threads took: 0.0000390 seconds
166.681: Application time: 0.0161410 seconds
166.683: [GC [PSYoungGen: 7468K->1008K(7680K)] 11648K->5331K(25088K), 0.0004560 secs] [Times: user=0.00 sys=0.00, real=0.00 secs] 
166.684: Total time for which application threads were stopped: 0.0025990 seconds, Stopping threads took: 0.0020940 seconds
166.702: Application time: 0.0188830 seconds
166.703: [GC [PSYoungGen: 7660K->992K(7680K)] 11983K->5351K(25088K), 0.0004310 secs] [Times: user=0.01 sys=0.00, real=0.00 secs] 
166.703: Total time for which application threads were stopped: 0.0005360 seconds, Stopping threads took: 0.0000570 seconds
166.727: Application time: 0.0241790 seconds
166.727: [GC [PSYoungGen: 7644K->992K(7680K)] 12003K->5383K(25088K), 0.0004330 secs] [Times: user=0.00 sys=0.00, real=0.00 secs] 
166.728: Total time for which application threads were stopped: 0.0005260 seconds, Stopping threads took: 0.0000430 seconds
166.752: Application time: 0.0239080 seconds
166.752: [GC [PSYoungGen: 7647K->992K(7680K)] 12039K->5580K(25088K), 0.0004920 secs] [Times: user=0.00 sys=0.00, real=0.00 secs] 
166.752: Total time for which application threads were stopped: 0.0006050 seconds, Stopping threads took: 0.0000600 seconds
166.772: Application time: 0.0197960 seconds
166.772: [GC [PSYoungGen: 7644K->1008K(7680K)] 12232K->5988K(25088K), 0.0005720 secs] [Times: user=0.00 sys=0.00, real=0.00 secs] 
166.773: Total time for which application threads were stopped: 0.0006750 seconds, Stopping threads took: 0.0000540 seconds
166.793: Application time: 0.0204480 seconds
166.793: [GC [PSYoungGen: 7661K->1008K(7680K)] 12641K->6036K(25088K), 0.0004560 secs] [Times: user=0.00 sys=0.00, real=0.00 secs] 
166.794: Total time for which application threads were stopped: 0.0005490 seconds, Stopping threads took: 0.0000440 seconds
166.821: Application time: 0.0271690 seconds
166.821: [GC [PSYoungGen: 7662K->1008K(7680K)] 12690K->6060K(25088K), 0.0004620 secs] [Times: user=0.00 sys=0.00, real=0.00 secs] 
166.821: Total time for which application threads were stopped: 0.0005650 seconds, Stopping threads took: 0.0000520 seconds
166.843: Application time: 0.0215990 seconds
166.843: [GC [PSYoungGen: 7660K->992K(7680K)] 12712K->6293K(25088K), 0.0004980 secs] [Times: user=0.00 sys=0.00, real=0.00 secs] 
166.844: Total time for which application threads were stopped: 0.0005930 seconds, Stopping threads took: 0.0000450 seconds
166.863: Application time: 0.0192160 seconds
166.863: [GC [PSYoungGen: 7646K->960K(7680K)] 12948K->6517K(25088K), 0.0004810 secs] [Times: user=0.00 sys=0.00, real=0.00 secs] 
166.863: Total time for which application threads were stopped: 0.0005720 seconds, Stopping threads took: 0.0000400 seconds
166.880: Application time: 0.0162620 seconds
166.880: [GC [PSYoungGen: 7612K->992K(7680K)] 13170K->6709K(25088K), 0.0004920 secs] [Times: user=0.00 sys=0.00, real=0.00 secs] 
166.880: Total time for which application threads were stopped: 0.0005860 seconds, Stopping threads took: 0.0000440 seconds
166.903: Application time: 0.0229500 seconds
166.903: [GC [PSYoungGen: 7645K->1008K(7680K)] 13363K->6781K(25088K), 0.0004880 secs] [Times: user=0.00 sys=0.00, real=0.00 secs] 
166.905: Total time for which application threads were stopped: 0.0015980 seconds, Stopping threads took: 0.0000420 seconds
166.929: Application time: 0.0243870 seconds
166.929: [GC [PSYoungGen: 7660K->992K(7680K)] 13433K->6810K(25088K), 0.0004780 secs] [Times: user=0.00 sys=0.00, real=0.00 secs] 
166.930: Total time for which application threads were stopped: 0.0005970 seconds, Stopping threads took: 0.0000610 seconds
166.958: Application time: 0.0277240 seconds
166.958: [GC [PSYoungGen: 7646K->992K(7680K)] 13464K->6866K(25088K), 0.0004470 secs] [Times: user=0.00 sys=0.00, real=0.00 secs] 
166.958: Total time for which application threads were stopped: 0.0005530 seconds, Stopping threads took: 0.0000550 seconds
166.986: Application time: 0.0278560 seconds
166.986: [GC [PSYoungGen: 7645K->992K(7680K)] 13519K->6874K(25088K), 0.0004310 secs] [Times: user=0.00 sys=0.00, real=0.00 secs] 
166.987: Total time for which application threads were stopped: 0.0005320 seconds, Stopping threads took: 0.0000490 seconds
167.015: Application time: 0.0289010 seconds
167.015: [GC [PSYoungGen: 7646K->1008K(7680K)] 13528K->6898K(25088K), 0.0004270 secs] [Times: user=0.01 sys=0.00, real=0.00 secs] 
167.016: Total time for which application threads were stopped: 0.0005290 seconds, Stopping threads took: 0.0000530 seconds
167.046: Application time: 0.0299330 seconds
167.047: [GC [PSYoungGen: 7662K->960K(7680K)] 13552K->6858K(25088K), 0.0005540 secs] [Times: user=0.00 sys=0.00, real=0.00 secs] 
167.048: Total time for which application threads were stopped: 0.0018570 seconds, Stopping threads took: 0.0012450 seconds
167.074: Application time: 0.0263940 seconds
167.074: [GC [PSYoungGen: 7612K->1008K(7680K)] 13510K->7218K(25088K), 0.0005170 secs] [Times: user=0.00 sys=0.00, real=0.00 secs] 
167.075: Total time for which application threads were stopped: 0.0006140 seconds, Stopping threads took: 0.0000480 seconds
167.102: Application time: 0.0275580 seconds
167.102: [GC [PSYoungGen: 7624K->1008K(7680K)] 13834K->7290K(25088K), 0.0004870 secs] [Times: user=0.00 sys=0.00, real=0.00 secs] 
167.103: Total time for which application threads were stopped: 0.0005850 seconds, Stopping threads took: 0.0000430 seconds
167.131: Application time: 0.0277940 seconds
167.131: [GC [PSYoungGen: 7661K->1008K(7680K)] 13943K->7619K(25088K), 0.0005670 secs] [Times: user=0.00 sys=0.00, real=0.01 secs] 
167.131: Total time for which application threads were stopped: 0.0006670 seconds, Stopping threads took: 0.0000530 seconds
167.161: Application time: 0.0291810 seconds
167.161: [GC [PSYoungGen: 7662K->976K(7680K)] 14274K->7747K(25088K), 0.0004390 secs] [Times: user=0.00 sys=0.00, real=0.00 secs] 
167.161: Total time for which application threads were stopped: 0.0005500 seconds, Stopping threads took: 0.0000500 seconds
167.189: Application time: 0.0283000 seconds
167.189: [GC [PSYoungGen: 7504K->992K(7680K)] 14276K->7795K(25088K), 0.0004110 secs] [Times: user=0.00 sys=0.00, real=0.00 secs] 
167.190: Total time for which application threads were stopped: 0.0005150 seconds, Stopping threads took: 0.0000520 seconds
167.218: Application time: 0.0281910 seconds
167.218: [GC [PSYoungGen: 7647K->992K(7680K)] 14451K->7947K(25088K), 0.0004640 secs] [Times: user=0.00 sys=0.00, real=0.00 secs] 
167.219: Total time for which application threads were stopped: 0.0005710 seconds, Stopping threads took: 0.0000520 seconds
167.248: Application time: 0.0295240 seconds
167.248: [GC [PSYoungGen: 7646K->992K(7680K)] 14602K->7987K(25088K), 0.0004340 secs] [Times: user=0.00 sys=0.00, real=0.00 secs] 
167.249: Total time for which application threads were stopped: 0.0005390 seconds, Stopping threads took: 0.0000540 seconds
167.278: Application time: 0.0293410 seconds
167.278: [GC [PSYoungGen: 7644K->992K(7680K)] 14639K->8123K(25088K), 0.0004400 secs] [Times: user=0.00 sys=0.00, real=0.00 secs] 
167.279: Total time for which application threads were stopped: 0.0005370 seconds, Stopping threads took: 0.0000450 seconds
167.306: Application time: 0.0276570 seconds
167.306: [GC [PSYoungGen: 7644K->992K(7680K)] 14776K->8279K(25088K), 0.0004970 secs] [Times: user=0.00 sys=0.00, real=0.00 secs] 
167.307: Total time for which application threads were stopped: 0.0006070 seconds, Stopping threads took: 0.0000560 seconds
167.336: Application time: 0.0286560 seconds
167.336: [GC [PSYoungGen: 7644K->992K(7680K)] 14932K->8336K(25088K), 0.0004250 secs] [Times: user=0.01 sys=0.00, real=0.00 secs] 
167.336: Total time for which application threads were stopped: 0.0005430 seconds, Stopping threads took: 0.0000610 seconds
167.366: Application time: 0.0297990 seconds
167.366: [GC [PSYoungGen: 7646K->992K(7680K)] 14991K->8368K(25088K), 0.0004310 secs] [Times: user=0.01 sys=0.00, real=0.00 secs] 
167.366: Total time for which application threads were stopped: 0.0005240 seconds, Stopping threads took: 0.0000410 seconds
167.396: Application time: 0.0297750 seconds
167.396: [GC [PSYoungGen: 7646K->992K(7680K)] 15023K->8368K(25088K), 0.0004590 secs] [Times: user=0.01 sys=0.00, real=0.00 secs] 
167.397: Total time for which application threads were stopped: 0.0005610 seconds, Stopping threads took: 0.0000500 seconds
167.426: Application time: 0.0296910 seconds
167.427: [GC [PSYoungGen: 7646K->992K(7680K)] 15023K->8432K(25088K), 0.0004140 secs] [Times: user=0.01 sys=0.00, real=0.00 secs] 
167.427: Total time for which application threads were stopped: 0.0005170 seconds, Stopping threads took: 0.0000550 seconds
167.457: Application time: 0.0299590 seconds
167.457: [GC [PSYoungGen: 7646K->960K(7680K)] 15087K->8400K(25088K), 0.0003950 secs] [Times: user=0.00 sys=0.00, real=0.00 secs] 
167.457: Total time for which application threads were stopped: 0.0004960 seconds, Stopping threads took: 0.0000450 seconds
167.488: Application time: 0.0301940 seconds
167.488: [GC [PSYoungGen: 7614K->928K(7680K)] 15055K->8368K(25088K), 0.0004400 secs] [Times: user=0.00 sys=0.00, real=0.00 secs] 
167.488: Total time for which application threads were stopped: 0.0005350 seconds, Stopping threads took: 0.0000500 seconds
167.518: Application time: 0.0296830 seconds
167.518: [GC [PSYoungGen: 7582K->768K(7680K)] 15023K->8408K(25088K), 0.0003980 secs] [Times: user=0.01 sys=0.00, real=0.00 secs] 
167.518: Total time for which application threads were stopped: 0.0004980 seconds, Stopping threads took: 0.0000510 seconds
167.548: Application time: 0.0299920 seconds
167.548: [GC [PSYoungGen: 7422K->608K(7680K)] 15063K->8445K(25088K), 0.0003850 secs] [Times: user=0.01 sys=0.00, real=0.00 secs] 
167.549: Total time for which application threads were stopped: 0.0004900 seconds, Stopping threads took: 0.0000580 seconds
167.579: Application time: 0.0299110 seconds
167.579: [GC [PSYoungGen: 7262K->544K(7680K)] 15099K->8465K(25088K), 0.0003500 secs] [Times: user=0.00 sys=0.00, real=0.01 secs] 
167.579: Total time for which application threads were stopped: 0.0004430 seconds, Stopping threads took: 0.0000440 seconds
167.610: Application time: 0.0313130 seconds
167.611: [GC [PSYoungGen: 7195K->544K(7680K)] 15117K->8465K(25088K), 0.0003880 secs] [Times: user=0.00 sys=0.00, real=0.00 secs] 
167.611: Total time for which application threads were stopped: 0.0004960 seconds, Stopping threads took: 0.0000510 seconds
167.641: Application time: 0.0299710 seconds
167.641: [GC [PSYoungGen: 7198K->544K(7680K)] 15120K->8465K(25088K), 0.0003640 secs] [Times: user=0.00 sys=0.00, real=0.00 secs] 
167.641: Total time for which application threads were stopped: 0.0004640 seconds, Stopping threads took: 0.0000480 seconds
167.671: Application time: 0.0299230 seconds
167.671: [GC [PSYoungGen: 7198K->352K(7680K)] 15120K->8497K(25088K), 0.0003390 secs] [Times: user=0.00 sys=0.00, real=0.00 secs] 
167.672: Total time for which application threads were stopped: 0.0004480 seconds, Stopping threads took: 0.0000510 seconds
167.702: Application time: 0.0297760 seconds
167.702: [GC [PSYoungGen: 7006K->352K(7680K)] 15152K->8497K(25088K), 0.0003270 secs] [Times: user=0.00 sys=0.00, real=0.00 secs] 
167.702: Total time for which application threads were stopped: 0.0004250 seconds, Stopping threads took: 0.0000500 seconds
167.732: Application time: 0.0298130 seconds
167.732: [GC [PSYoungGen: 7006K->384K(7680K)] 15152K->8529K(25088K), 0.0003230 secs] [Times: user=0.00 sys=0.00, real=0.00 secs] 
167.732: Total time for which application threads were stopped: 0.0004140 seconds, Stopping threads took: 0.0000400 seconds
167.762: Application time: 0.0301010 seconds
167.762: [GC [PSYoungGen: 7038K->224K(7680K)] 15184K->8446K(25088K), 0.0003940 secs] [Times: user=0.00 sys=0.00, real=0.00 secs] 
167.763: Total time for which application threads were stopped: 0.0005060 seconds, Stopping threads took: 0.0000620 seconds
167.793: Application time: 0.0296950 seconds
167.793: [GC [PSYoungGen: 6878K->0K(7680K)] 15100K->8414K(25088K), 0.0003220 secs] [Times: user=0.01 sys=0.00, real=0.00 secs] 
167.793: Total time for which application threads were stopped: 0.0004220 seconds, Stopping threads took: 0.0000520 seconds
167.823: Application time: 0.0295980 seconds
167.823: [GC [PSYoungGen: 6654K->0K(7680K)] 15068K->8414K(25088K), 0.0003260 secs] [Times: user=0.00 sys=0.00, real=0.00 secs] 
167.823: Total time for which application threads were stopped: 0.0004200 seconds, Stopping threads took: 0.0000480 seconds
167.851: Application time: 0.0280010 seconds
167.851: [GC [PSYoungGen: 6654K->352K(7680K)] 15068K->8766K(25088K), 0.0002910 secs] [Times: user=0.00 sys=0.00, real=0.00 secs] 
167.851: Total time for which application threads were stopped: 0.0004090 seconds, Stopping threads took: 0.0000660 seconds
167.872: Application time: 0.0210700 seconds
167.873: [GC [PSYoungGen: 7008K->288K(7680K)] 15422K->8702K(25088K), 0.0003410 secs] [Times: user=0.00 sys=0.00, real=0.00 secs] 
167.873: Total time for which application threads were stopped: 0.0004540 seconds, Stopping threads took: 0.0000640 seconds
167.894: Application time: 0.0214070 seconds
167.894: [GC [PSYoungGen: 6943K->256K(7680K)] 15357K->8670K(25088K), 0.0003550 secs] [Times: user=0.00 sys=0.00, real=0.00 secs] 
167.895: Total time for which application threads were stopped: 0.0004550 seconds, Stopping threads took: 0.0000530 seconds
167.923: Application time: 0.0284130 seconds
167.927: [GC [PSYoungGen: 6909K->384K(7680K)] 15323K->8798K(25088K), 0.0003240 secs] [Times: user=0.00 sys=0.00, real=0.00 secs] 
167.927: Total time for which application threads were stopped: 0.0042780 seconds, Stopping threads took: 0.0039050 seconds
167.957: Application time: 0.0292540 seconds
167.957: [GC [PSYoungGen: 7038K->448K(7680K)] 15452K->8862K(25088K), 0.0003340 secs] [Times: user=0.00 sys=0.00, real=0.00 secs] 
167.957: Total time for which application threads were stopped: 0.0004270 seconds, Stopping threads took: 0.0000470 seconds
167.986: Application time: 0.0284590 seconds
167.986: [GC [PSYoungGen: 7100K->384K(7680K)] 15514K->8798K(25088K), 0.0003130 secs] [Times: user=0.00 sys=0.00, real=0.00 secs] 
167.986: Total time for which application threads were stopped: 0.0004240 seconds, Stopping threads took: 0.0000610 seconds
168.016: Application time: 0.0296240 seconds
168.016: [GC [PSYoungGen: 7036K->352K(7680K)] 15450K->8766K(25088K), 0.0003200 secs] [Times: user=0.01 sys=0.00, real=0.00 secs] 
168.016: Total time for which application threads were stopped: 0.0004300 seconds, Stopping threads took: 0.0000620 seconds
168.046: Application time: 0.0294540 seconds
168.046: [GC [PSYoungGen: 7006K->256K(7680K)] 15420K->8670K(25088K), 0.0003620 secs] [Times: user=0.00 sys=0.00, real=0.00 secs] 
168.046: Total time for which application threads were stopped: 0.0004540 seconds, Stopping threads took: 0.0000400 seconds
168.070: Application time: 0.0242900 seconds
168.070: [GC [PSYoungGen: 6912K->416K(7680K)] 15326K->8830K(25088K), 0.0003330 secs] [Times: user=0.00 sys=0.00, real=0.00 secs] 
168.071: Total time for which application threads were stopped: 0.0004190 seconds, Stopping threads took: 0.0000390 seconds
168.092: Application time: 0.0207910 seconds
168.092: [GC [PSYoungGen: 7069K->480K(7680K)] 15484K->8894K(25088K), 0.0003950 secs] [Times: user=0.01 sys=0.00, real=0.00 secs] 
168.092: Total time for which application threads were stopped: 0.0004960 seconds, Stopping threads took: 0.0000510 seconds
168.116: Application time: 0.0237210 seconds
168.116: [GC [PSYoungGen: 7131K->544K(7680K)] 15545K->8958K(25088K), 0.0003470 secs] [Times: user=0.00 sys=0.00, real=0.00 secs] 
168.116: Total time for which application threads were stopped: 0.0004440 seconds, Stopping threads took: 0.0000480 seconds
168.145: Application time: 0.0291500 seconds
168.145: [GC [PSYoungGen: 7196K->480K(7680K)] 15610K->8894K(25088K), 0.0003500 secs] [Times: user=0.00 sys=0.00, real=0.00 secs] 
168.146: Total time for which application threads were stopped: 0.0004360 seconds, Stopping threads took: 0.0000350 seconds
168.174: Application time: 0.0282940 seconds
168.174: [GC [PSYoungGen: 7133K->576K(7680K)] 15547K->8990K(25088K), 0.0003480 secs] [Times: user=0.01 sys=0.00, real=0.00 secs] 
168.175: Total time for which application threads were stopped: 0.0004490 seconds, Stopping threads took: 0.0000400 seconds
168.204: Application time: 0.0295450 seconds
168.204: [GC [PSYoungGen: 7230K->512K(7680K)] 15644K->8926K(25088K), 0.0003350 secs] [Times: user=0.00 sys=0.00, real=0.00 secs] 
168.204: Total time for which application threads were stopped: 0.0004400 seconds, Stopping threads took: 0.0000550 seconds
168.234: Application time: 0.0298150 seconds
168.234: [GC [PSYoungGen: 7164K->448K(7680K)] 15578K->8862K(25088K), 0.0004190 secs] [Times: user=0.01 sys=0.00, real=0.00 secs] 
168.235: Total time for which application threads were stopped: 0.0005180 seconds, Stopping threads took: 0.0000460 seconds
168.264: Application time: 0.0295200 seconds
168.264: [GC [PSYoungGen: 7102K->512K(7680K)] 15516K->8926K(25088K), 0.0003450 secs] [Times: user=0.00 sys=0.00, real=0.00 secs] 
168.265: Total time for which application threads were stopped: 0.0004390 seconds, Stopping threads took: 0.0000460 seconds
168.292: Application time: 0.0276840 seconds
168.293: [GC [PSYoungGen: 7166K->640K(7680K)] 15580K->9054K(25088K), 0.0003490 secs] [Times: user=0.00 sys=0.00, real=0.00 secs] 
168.293: Total time for which application threads were stopped: 0.0004520 seconds, Stopping threads took: 0.0000520 seconds
168.322: Application time: 0.0294850 seconds
168.322: [GC [PSYoungGen: 7294K->512K(7680K)] 15708K->8926K(25088K), 0.0003580 secs] [Times: user=0.00 sys=0.00, real=0.00 secs] 
168.323: Total time for which application threads were stopped: 0.0004570 seconds, Stopping threads took: 0.0000490 seconds
168.352: Application time: 0.0293330 seconds
168.352: [GC [PSYoungGen: 7166K->544K(7680K)] 15580K->8958K(25088K), 0.0003820 secs] [Times: user=0.00 sys=0.00, real=0.00 secs] 
168.353: Total time for which application threads were stopped: 0.0004780 seconds, Stopping threads took: 0.0000460 seconds
168.377: Application time: 0.0246900 seconds
168.377: [GC [PSYoungGen: 7198K->672K(7680K)] 15612K->9086K(25088K), 0.0004300 secs] [Times: user=0.00 sys=0.00, real=0.00 secs] 
168.378: Total time for which application threads were stopped: 0.0005210 seconds, Stopping threads took: 0.0000400 seconds
168.393: Application time: 0.0152280 seconds
168.393: [GC [PSYoungGen: 7325K->960K(7680K)] 15739K->9374K(25088K), 0.0004140 secs] [Times: user=0.01 sys=0.00, real=0.00 secs] 
168.394: Total time for which application threads were stopped: 0.0005090 seconds, Stopping threads took: 0.0000460 seconds
168.410: Application time: 0.0168290 seconds
168.411: [GC [PSYoungGen: 7614K->912K(7680K)] 16028K->9326K(25088K), 0.0004150 secs] [Times: user=0.00 sys=0.00, real=0.00 secs] 
168.411: Total time for which application threads were stopped: 0.0005200 seconds, Stopping threads took: 0.0000530 seconds
168.429: Application time: 0.0184740 seconds
168.430: [GC [PSYoungGen: 7566K->992K(7680K)] 15980K->9550K(25088K), 0.0004490 secs] [Times: user=0.00 sys=0.00, real=0.00 secs] 
168.430: Total time for which application threads were stopped: 0.0005510 seconds, Stopping threads took: 0.0000490 seconds
168.450: Application time: 0.0202900 seconds
168.450: [GC [PSYoungGen: 7646K->1008K(7680K)] 16205K->9694K(25088K), 0.0004910 secs] [Times: user=0.01 sys=0.00, real=0.00 secs] 
168.451: Total time for which application threads were stopped: 0.0005880 seconds, Stopping threads took: 0.0000420 seconds
168.471: Application time: 0.0201780 seconds
168.471: [GC [PSYoungGen: 7662K->992K(7680K)] 16348K->9822K(25088K), 0.0005000 secs] [Times: user=0.00 sys=0.00, real=0.00 secs] 
168.472: Total time for which application threads were stopped: 0.0006140 seconds, Stopping threads took: 0.0000540 seconds
168.497: Application time: 0.0253620 seconds
168.497: [GC [PSYoungGen: 7644K->992K(7680K)] 16474K->9998K(25088K), 0.0005570 secs] [Times: user=0.00 sys=0.00, real=0.00 secs] 
168.498: Total time for which application threads were stopped: 0.0006640 seconds, Stopping threads took: 0.0000540 seconds
168.518: Application time: 0.0204520 seconds
168.518: [GC [PSYoungGen: 7647K->1008K(7680K)] 16653K->10410K(25088K), 0.0005970 secs] [Times: user=0.01 sys=0.00, real=0.00 secs] 
168.519: Total time for which application threads were stopped: 0.0006940 seconds, Stopping threads took: 0.0000460 seconds
168.539: Application time: 0.0204200 seconds
168.539: [GC [PSYoungGen: 7662K->1008K(7680K)] 17064K->10538K(25088K), 0.0004760 secs] [Times: user=0.00 sys=0.00, real=0.00 secs] 
168.540: Total time for which application threads were stopped: 0.0005850 seconds, Stopping threads took: 0.0000550 seconds
168.566: Application time: 0.0258070 seconds
168.566: [GC [PSYoungGen: 7660K->992K(7680K)] 17190K->10650K(25088K), 0.0004920 secs] [Times: user=0.00 sys=0.00, real=0.00 secs] 
168.566: Total time for which application threads were stopped: 0.0006060 seconds, Stopping threads took: 0.0000590 seconds
168.589: Application time: 0.0222360 seconds
168.589: [GC [PSYoungGen: 7646K->992K(7680K)] 17305K->10830K(25088K), 0.0004880 secs] [Times: user=0.00 sys=0.00, real=0.00 secs] 
168.589: Total time for which application threads were stopped: 0.0005910 seconds, Stopping threads took: 0.0000500 seconds
168.610: Application time: 0.0210290 seconds
168.610: [GC [PSYoungGen: 7647K->1008K(7680K)] 17486K->10847K(25088K), 0.0004610 secs] [Times: user=0.00 sys=0.00, real=0.00 secs] 
168.611: Total time for which application threads were stopped: 0.0005600 seconds, Stopping threads took: 0.0000420 seconds
168.631: Application time: 0.0201110 seconds
168.631: [GC [PSYoungGen: 7660K->992K(7680K)] 17499K->11243K(25088K), 0.0005680 secs] [Times: user=0.00 sys=0.00, real=0.01 secs] 
168.631: Total time for which application threads were stopped: 0.0006670 seconds, Stopping threads took: 0.0000500 seconds
168.652: Application time: 0.0202820 seconds
168.652: [GC [PSYoungGen: 7646K->1008K(7680K)] 17898K->11275K(25088K), 0.0004660 secs] [Times: user=0.01 sys=0.00, real=0.00 secs] 
168.652: Total time for which application threads were stopped: 0.0005620 seconds, Stopping threads took: 0.0000430 seconds
168.673: Application time: 0.0208110 seconds
168.673: [GC [PSYoungGen: 7662K->992K(7680K)] 17929K->11279K(25088K), 0.0004660 secs] [Times: user=0.00 sys=0.00, real=0.00 secs] 
168.674: Total time for which application threads were stopped: 0.0005600 seconds, Stopping threads took: 0.0000460 seconds
168.701: Application time: 0.0276420 seconds
168.701: [GC [PSYoungGen: 7646K->1008K(7680K)] 17933K->11468K(25088K), 0.0004860 secs] [Times: user=0.00 sys=0.00, real=0.00 secs] 
168.702: Total time for which application threads were stopped: 0.0006000 seconds, Stopping threads took: 0.0000510 seconds
168.731: Application time: 0.0287250 seconds
168.731: [GC [PSYoungGen: 7660K->1008K(7680K)] 18120K->11516K(25088K), 0.0004450 secs] [Times: user=0.00 sys=0.00, real=0.01 secs] 
168.731: Total time for which application threads were stopped: 0.0005550 seconds, Stopping threads took: 0.0000550 seconds
168.760: Application time: 0.0282850 seconds
168.760: [GC [PSYoungGen: 7660K->960K(7680K)] 18168K->11596K(25088K), 0.0004940 secs] [Times: user=0.00 sys=0.00, real=0.00 secs] 
168.760: Total time for which application threads were stopped: 0.0005990 seconds, Stopping threads took: 0.0000490 seconds
168.789: Application time: 0.0289260 seconds
168.789: [GC [PSYoungGen: 7614K->912K(7680K)] 18250K->11548K(25088K), 0.0004350 secs] [Times: user=0.00 sys=0.00, real=0.00 secs] 
168.790: Total time for which application threads were stopped: 0.0005320 seconds, Stopping threads took: 0.0000470 seconds
168.817: Application time: 0.0271700 seconds
168.817: [GC [PSYoungGen: 7566K->1008K(7680K)] 18202K->11833K(25088K), 0.0004940 secs] [Times: user=0.00 sys=0.00, real=0.00 secs] 
168.817: Total time for which application threads were stopped: 0.0005880 seconds, Stopping threads took: 0.0000430 seconds
168.845: Application time: 0.0272720 seconds
168.845: [GC [PSYoungGen: 7662K->992K(7680K)] 18487K->12218K(25088K), 0.0005360 secs] [Times: user=0.00 sys=0.00, real=0.00 secs] 
168.845: Total time for which application threads were stopped: 0.0006480 seconds, Stopping threads took: 0.0000570 seconds
168.873: Application time: 0.0273140 seconds
168.873: [GC [PSYoungGen: 7645K->992K(7680K)] 18872K->12546K(25088K), 0.0004980 secs] [Times: user=0.00 sys=0.00, real=0.00 secs] 
168.873: Total time for which application threads were stopped: 0.0005960 seconds, Stopping threads took: 0.0000470 seconds
168.902: Application time: 0.0289990 seconds
168.903: [GC [PSYoungGen: 7646K->976K(7680K)] 19201K->12575K(25088K), 0.0004400 secs] [Times: user=0.00 sys=0.00, real=0.00 secs] 
168.904: Total time for which application threads were stopped: 0.0014020 seconds, Stopping threads took: 0.0009090 seconds
168.932: Application time: 0.0283340 seconds
168.932: [GC [PSYoungGen: 7527K->992K(7680K)] 19126K->12631K(25088K), 0.0004490 secs] [Times: user=0.00 sys=0.00, real=0.00 secs] 
168.932: Total time for which application threads were stopped: 0.0005540 seconds, Stopping threads took: 0.0000530 seconds
168.961: Application time: 0.0280660 seconds
168.961: [GC [PSYoungGen: 7647K->1008K(7680K)] 19286K->12679K(25088K), 0.0004990 secs] [Times: user=0.00 sys=0.00, real=0.00 secs] 
168.961: Total time for which application threads were stopped: 0.0006090 seconds, Stopping threads took: 0.0000580 seconds
168.991: Application time: 0.0294500 seconds
168.991: [GC [PSYoungGen: 7660K->992K(7680K)] 19331K->12727K(25088K), 0.0004530 secs] [Times: user=0.01 sys=0.00, real=0.01 secs] 
168.991: Total time for which application threads were stopped: 0.0005560 seconds, Stopping threads took: 0.0000510 seconds
169.019: Application time: 0.0278490 seconds
169.019: [GC [PSYoungGen: 7646K->1008K(7680K)] 19381K->12939K(25088K), 0.0005120 secs] [Times: user=0.01 sys=0.00, real=0.00 secs] 
169.020: Total time for which application threads were stopped: 0.0006190 seconds, Stopping threads took: 0.0000560 seconds
169.049: Application time: 0.0295430 seconds
169.049: [GC [PSYoungGen: 7660K->928K(7680K)] 19591K->13011K(25088K), 0.0004500 secs] [Times: user=0.00 sys=0.00, real=0.00 secs] 
169.050: Total time for which application threads were stopped: 0.0005470 seconds, Stopping threads took: 0.0000470 seconds
169.078: Application time: 0.0279230 seconds
169.078: [GC [PSYoungGen: 7582K->992K(7680K)] 19665K->13203K(25088K), 0.0004200 secs] [Times: user=0.00 sys=0.00, real=0.00 secs] 
169.078: Total time for which application threads were stopped: 0.0005240 seconds, Stopping threads took: 0.0000560 seconds
169.109: Application time: 0.0311770 seconds
169.109: [GC [PSYoungGen: 7645K->960K(7680K)] 19857K->13219K(25088K), 0.0004570 secs] [Times: user=0.00 sys=0.00, real=0.00 secs] 
169.110: Total time for which application threads were stopped: 0.0005660 seconds, Stopping threads took: 0.0000560 seconds
169.140: Application time: 0.0296200 seconds
169.143: [GC [PSYoungGen: 7614K->896K(7680K)] 19874K->13219K(25088K), 0.0004350 secs] [Times: user=0.00 sys=0.00, real=0.00 secs] 
169.144: Total time for which application threads were stopped: 0.0040470 seconds, Stopping threads took: 0.0035630 seconds
169.173: Application time: 0.0297270 seconds
169.173: [GC [PSYoungGen: 7550K->960K(7680K)] 19874K->13283K(25088K), 0.0004240 secs] [Times: user=0.00 sys=0.00, real=0.00 secs] 
169.174: Total time for which application threads were stopped: 0.0005280 seconds, Stopping threads took: 0.0000500 seconds
169.204: Application time: 0.0296730 seconds
169.204: [GC [PSYoungGen: 7614K->928K(7680K)] 19938K->13283K(25088K), 0.0004180 secs] [Times: user=0.00 sys=0.00, real=0.00 secs] 
169.204: Total time for which application threads were stopped: 0.0005270 seconds, Stopping threads took: 0.0000460 seconds
169.234: Application time: 0.0299970 seconds
169.234: [GC [PSYoungGen: 7580K->928K(7680K)] 19935K->13283K(25088K), 0.0004240 secs] [Times: user=0.01 sys=0.00, real=0.00 secs] 
169.235: Total time for which application threads were stopped: 0.0005210 seconds, Stopping threads took: 0.0000430 seconds
169.264: Application time: 0.0296350 seconds
169.264: [GC [PSYoungGen: 7582K->832K(7680K)] 19938K->13243K(25088K), 0.0004530 secs] [Times: user=0.00 sys=0.00, real=0.00 secs] 
169.265: Total time for which application threads were stopped: 0.0005490 seconds, Stopping threads took: 0.0000490 seconds
169.295: Application time: 0.0297520 seconds
169.295: [GC [PSYoungGen: 7486K->608K(7680K)] 19898K->13276K(25088K), 0.0004210 secs] [Times: user=0.00 sys=0.00, real=0.00 secs] 
169.295: Total time for which application threads were stopped: 0.0005260 seconds, Stopping threads took: 0.0000590 seconds
169.325: Application time: 0.0297570 seconds
169.325: [GC [PSYoungGen: 7262K->576K(7680K)] 19931K->13337K(25088K), 0.0003680 secs] [Times: user=0.00 sys=0.00, real=0.00 secs] 
169.325: Total time for which application threads were stopped: 0.0004630 seconds, Stopping threads took: 0.0000450 seconds
169.355: Application time: 0.0297600 seconds
169.355: [GC [PSYoungGen: 7230K->512K(7680K)] 19991K->13273K(25088K), 0.0003970 secs] [Times: user=0.00 sys=0.00, real=0.00 secs] 
169.356: Total time for which application threads were stopped: 0.0005070 seconds, Stopping threads took: 0.0000590 seconds
169.385: Application time: 0.0299270 seconds
169.387: [GC [PSYoungGen: 7166K->576K(7680K)] 19927K->13337K(25088K), 0.0003690 secs] [Times: user=0.01 sys=0.00, real=0.00 secs] 
169.388: Total time for which application threads were stopped: 0.0020550 seconds, Stopping threads took: 0.0016340 seconds
169.417: Application time: 0.0298390 seconds
169.417: [GC [PSYoungGen: 7230K->416K(7680K)] 19991K->13401K(25088K), 0.0003580 secs] [Times: user=0.01 sys=0.00, real=0.00 secs] 
169.418: Total time for which application threads were stopped: 0.0004440 seconds, Stopping threads took: 0.0000360 seconds
169.448: Application time: 0.0298790 seconds
169.448: [GC [PSYoungGen: 7070K->352K(7680K)] 20055K->13337K(25088K), 0.0003400 secs] [Times: user=0.01 sys=0.00, real=0.00 secs] 
169.448: Total time for which application threads were stopped: 0.0004350 seconds, Stopping threads took: 0.0000440 seconds
169.478: Application time: 0.0297630 seconds
169.478: [GC [PSYoungGen: 7006K->224K(7680K)] 19991K->13417K(25088K), 0.0003360 secs] [Times: user=0.00 sys=0.00, real=0.00 secs] 
169.478: Total time for which application threads were stopped: 0.0004320 seconds, Stopping threads took: 0.0000510 seconds
169.508: Application time: 0.0298080 seconds
169.508: [GC [PSYoungGen: 6878K->224K(7680K)] 20071K->13417K(25088K), 0.0003190 secs] [Times: user=0.00 sys=0.00, real=0.00 secs] 
169.509: Total time for which application threads were stopped: 0.0004120 seconds, Stopping threads took: 0.0000420 seconds
169.538: Application time: 0.0297220 seconds
169.538: [GC [PSYoungGen: 6878K->0K(7680K)] 20071K->13285K(25088K), 0.0003250 secs] [Times: user=0.00 sys=0.00, real=0.00 secs] 
169.539: Total time for which application threads were stopped: 0.0004200 seconds, Stopping threads took: 0.0000480 seconds
169.568: Application time: 0.0296290 seconds
169.568: [GC [PSYoungGen: 6654K->0K(7680K)] 19940K->13285K(25088K), 0.0003280 secs] [Times: user=0.00 sys=0.00, real=0.00 secs] 
169.569: Total time for which application threads were stopped: 0.0004180 seconds, Stopping threads took: 0.0000420 seconds
169.598: Application time: 0.0297350 seconds
169.599: [GC [PSYoungGen: 6654K->0K(7680K)] 19940K->13285K(25088K), 0.0003180 secs] [Times: user=0.00 sys=0.00, real=0.00 secs] 
169.599: Total time for which application threads were stopped: 0.0010140 seconds, Stopping threads took: 0.0006440 seconds
169.621: Application time: 0.0210470 seconds
169.621: [GC [PSYoungGen: 6652K->384K(7680K)] 19937K->13669K(25088K), 0.0003370 secs] [Times: user=0.00 sys=0.00, real=0.00 secs] 
169.621: Total time for which application threads were stopped: 0.0004380 seconds, Stopping threads took: 0.0000450 seconds
169.642: Application time: 0.0213020 seconds
169.642: [GC [PSYoungGen: 7037K->352K(7680K)] 20323K->13637K(25088K), 0.0003360 secs] [Times: user=0.00 sys=0.00, real=0.00 secs] 
169.643: Total time for which application threads were stopped: 0.0004320 seconds, Stopping threads took: 0.0000480 seconds
169.669: Application time: 0.0262720 seconds
169.669: [GC [PSYoungGen: 7004K->384K(7680K)] 20289K->13669K(25088K), 0.0003390 secs] [Times: user=0.00 sys=0.00, real=0.00 secs] 
169.669: Total time for which application threads were stopped: 0.0004260 seconds, Stopping threads took: 0.0000380 seconds
169.699: Application time: 0.0298580 seconds
169.699: [GC [PSYoungGen: 7036K->352K(7680K)] 20322K->13637K(25088K), 0.0003220 secs] [Times: user=0.00 sys=0.00, real=0.00 secs] 
169.700: Total time for which application threads were stopped: 0.0004060 seconds, Stopping threads took: 0.0000380 seconds
169.728: Application time: 0.0283620 seconds
169.728: [GC [PSYoungGen: 7006K->384K(7680K)] 20291K->13669K(25088K), 0.0003240 secs] [Times: user=0.00 sys=0.00, real=0.00 secs] 
169.728: Total time for which application threads were stopped: 0.0004490 seconds, Stopping threads took: 0.0000610 seconds
169.758: Application time: 0.0298500 seconds
169.758: [GC [PSYoungGen: 7038K->352K(7680K)] 20324K->13637K(25088K), 0.0003560 secs] [Times: user=0.00 sys=0.00, real=0.00 secs] 
169.759: Total time for which application threads were stopped: 0.0004630 seconds, Stopping threads took: 0.0000520 seconds
169.789: Application time: 0.0297970 seconds
169.789: [GC [PSYoungGen: 7004K->320K(7680K)] 20290K->13605K(25088K), 0.0003440 secs] [Times: user=0.01 sys=0.00, real=0.00 secs] 
169.789: Total time for which application threads were stopped: 0.0004630 seconds, Stopping threads took: 0.0000700 seconds
169.817: Application time: 0.0280920 seconds
169.817: [GC [PSYoungGen: 6972K->512K(7680K)] 20258K->13797K(25088K), 0.0003940 secs] [Times: user=0.00 sys=0.00, real=0.00 secs] 
169.818: Total time for which application threads were stopped: 0.0004770 seconds, Stopping threads took: 0.0000390 seconds
169.838: Application time: 0.0207550 seconds
169.838: [GC [PSYoungGen: 7168K->576K(7680K)] 20453K->13861K(25088K), 0.0003370 secs] [Times: user=0.00 sys=0.00, real=0.00 secs] 
169.839: Total time for which application threads were stopped: 0.0004320 seconds, Stopping threads took: 0.0000450 seconds
169.860: Application time: 0.0216400 seconds
169.861: [GC [PSYoungGen: 7231K->544K(7680K)] 20517K->13829K(25088K), 0.0003490 secs] [Times: user=0.01 sys=0.00, real=0.00 secs] 
169.861: Total time for which application threads were stopped: 0.0004490 seconds, Stopping threads took: 0.0000500 seconds
169.889: Application time: 0.0277480 seconds
169.889: [GC [PSYoungGen: 7198K->544K(7680K)] 20484K->13829K(25088K), 0.0003760 secs] [Times: user=0.00 sys=0.00, real=0.00 secs] 
169.889: Total time for which application threads were stopped: 0.0004780 seconds, Stopping threads took: 0.0000520 seconds
169.918: Application time: 0.0292970 seconds
169.919: [GC [PSYoungGen: 7196K->512K(7680K)] 20482K->13797K(25088K), 0.0003750 secs] [Times: user=0.00 sys=0.00, real=0.00 secs] 
169.919: Total time for which application threads were stopped: 0.0004590 seconds, Stopping threads took: 0.0000380 seconds
169.947: Application time: 0.0284510 seconds
169.947: [GC [PSYoungGen: 7164K->576K(7680K)] 20449K->13861K(25088K), 0.0003360 secs] [Times: user=0.00 sys=0.00, real=0.00 secs] 
169.948: Total time for which application threads were stopped: 0.0004330 seconds, Stopping threads took: 0.0000490 seconds
169.977: Application time: 0.0296570 seconds
169.978: [GC [PSYoungGen: 7228K->640K(7680K)] 20514K->13925K(25088K), 0.0003710 secs] [Times: user=0.00 sys=0.00, real=0.00 secs] 
169.978: Total time for which application threads were stopped: 0.0004600 seconds, Stopping threads took: 0.0000410 seconds
170.007: Application time: 0.0294130 seconds
170.007: [GC [PSYoungGen: 7294K->480K(7680K)] 20580K->13765K(25088K), 0.0003420 secs] [Times: user=0.00 sys=0.00, real=0.00 secs] 
170.008: Total time for which application threads were stopped: 0.0004480 seconds, Stopping threads took: 0.0000560 seconds
170.036: Application time: 0.0286250 seconds
170.036: [GC [PSYoungGen: 7132K->544K(7680K)] 20417K->13829K(25088K), 0.0003480 secs] [Times: user=0.00 sys=0.00, real=0.00 secs] 
170.037: Total time for which application threads were stopped: 0.0004360 seconds, Stopping threads took: 0.0000420 seconds
170.066: Application time: 0.0290450 seconds
170.067: [GC [PSYoungGen: 7196K->512K(7680K)] 20482K->13797K(25088K), 0.0005220 secs] [Times: user=0.00 sys=0.00, real=0.00 secs] 
170.068: Total time for which application threads were stopped: 0.0018000 seconds, Stopping threads took: 0.0012230 seconds
170.097: Application time: 0.0295220 seconds
170.097: [GC [PSYoungGen: 7164K->672K(7680K)] 20450K->13957K(25088K), 0.0004080 secs] [Times: user=0.00 sys=0.00, real=0.00 secs] 
170.098: Total time for which application threads were stopped: 0.0005250 seconds, Stopping threads took: 0.0000670 seconds
170.125: Application time: 0.0268080 seconds
170.125: [GC [PSYoungGen: 7323K->736K(7680K)] 20609K->14021K(25088K), 0.0004260 secs] [Times: user=0.00 sys=0.00, real=0.00 secs] 
170.125: Total time for which application threads were stopped: 0.0005230 seconds, Stopping threads took: 0.0000480 seconds
170.141: Application time: 0.0163670 seconds
170.142: [GC [PSYoungGen: 7389K->992K(7680K)] 20675K->14277K(25088K), 0.0005440 secs] [Times: user=0.00 sys=0.00, real=0.00 secs] 
170.142: Total time for which application threads were stopped: 0.0006370 seconds, Stopping threads took: 0.0000460 seconds
170.159: Application time: 0.0168850 seconds
170.159: [GC [PSYoungGen: 7646K->976K(7680K)] 20932K->14261K(25088K), 0.0004450 secs] [Times: user=0.00 sys=0.00, real=0.01 secs] 
170.160: Total time for which application threads were stopped: 0.0005540 seconds, Stopping threads took: 0.0000590 seconds
170.178: Application time: 0.0181480 seconds
170.178: [GC [PSYoungGen: 7630K->1008K(7680K)] 20916K->14301K(25088K), 0.0004210 secs] [Times: user=0.00 sys=0.00, real=0.00 secs] 
170.178: Total time for which application threads were stopped: 0.0005220 seconds, Stopping threads took: 0.0000500 seconds
170.199: Application time: 0.0210910 seconds
170.199: [GC [PSYoungGen: 7662K->992K(7680K)] 20956K->14421K(25088K), 0.0004700 secs] [Times: user=0.00 sys=0.00, real=0.00 secs] 
170.200: Total time for which application threads were stopped: 0.0005710 seconds, Stopping threads took: 0.0000520 seconds
170.221: Application time: 0.0208010 seconds
170.221: [GC [PSYoungGen: 7643K->1008K(7680K)] 21073K->14437K(25088K), 0.0004720 secs] [Times: user=0.00 sys=0.00, real=0.00 secs] 
170.221: Total time for which application threads were stopped: 0.0005720 seconds, Stopping threads took: 0.0000490 seconds
170.244: Application time: 0.0225880 seconds
170.244: [GC [PSYoungGen: 7659K->992K(7680K)] 21089K->14589K(25088K), 0.0005280 secs] [Times: user=0.01 sys=0.00, real=0.00 secs] 
170.244: Total time for which application threads were stopped: 0.0006520 seconds, Stopping threads took: 0.0000580 seconds
170.264: Application time: 0.0195530 seconds
170.264: [GC [PSYoungGen: 7645K->992K(7680K)] 21243K->14890K(25088K), 0.0005410 secs] [Times: user=0.00 sys=0.00, real=0.00 secs] 
170.265: Total time for which application threads were stopped: 0.0006430 seconds, Stopping threads took: 0.0000450 seconds
170.286: Application time: 0.0208970 seconds
170.286: [GC [PSYoungGen: 7645K->1008K(7680K)] 21543K->14918K(25088K), 0.0004480 secs] [Times: user=0.00 sys=0.00, real=0.00 secs] 
170.286: Total time for which application threads were stopped: 0.0005540 seconds, Stopping threads took: 0.0000530 seconds
170.310: Application time: 0.0236840 seconds
170.310: [GC [PSYoungGen: 7663K->1008K(7680K)] 21574K->15294K(25088K), 0.0005280 secs] [Times: user=0.00 sys=0.00, real=0.00 secs] 
170.310: Total time for which application threads were stopped: 0.0006260 seconds, Stopping threads took: 0.0000420 seconds
170.330: Application time: 0.0197430 seconds
170.330: [GC [PSYoungGen: 7661K->1008K(7680K)] 21947K->15519K(25088K), 0.0005140 secs] [Times: user=0.00 sys=0.00, real=0.00 secs] 
170.331: Total time for which application threads were stopped: 0.0006100 seconds, Stopping threads took: 0.0000450 seconds
170.352: Application time: 0.0209610 seconds
170.352: [GC [PSYoungGen: 7661K->960K(7680K)] 22172K->15599K(25088K), 0.0004760 secs] [Times: user=0.00 sys=0.00, real=0.00 secs] 
170.352: Total time for which application threads were stopped: 0.0005830 seconds, Stopping threads took: 0.0000520 seconds
170.374: Application time: 0.0211660 seconds
170.374: [GC [PSYoungGen: 7615K->992K(7680K)] 22254K->15895K(25088K), 0.0005240 secs] [Times: user=0.00 sys=0.00, real=0.00 secs] 
170.374: Total time for which application threads were stopped: 0.0006150 seconds, Stopping threads took: 0.0000360 seconds
170.394: Application time: 0.0202230 seconds
170.394: [GC [PSYoungGen: 7646K->992K(7680K)] 22550K->15935K(25088K), 0.0004390 secs] [Times: user=0.01 sys=0.00, real=0.00 secs] 
170.395: Total time for which application threads were stopped: 0.0005380 seconds, Stopping threads took: 0.0000500 seconds
170.416: Application time: 0.0215030 seconds
170.416: [GC [PSYoungGen: 7645K->992K(7680K)] 22589K->16071K(25088K), 0.0004580 secs] [Times: user=0.01 sys=0.00, real=0.00 secs] 
170.417: Total time for which application threads were stopped: 0.0005680 seconds, Stopping threads took: 0.0000580 seconds
170.445: Application time: 0.0276010 seconds
170.445: [GC [PSYoungGen: 7644K->992K(7680K)] 22723K->16207K(25088K), 0.0004860 secs] [Times: user=0.00 sys=0.00, real=0.00 secs] 
170.445: Total time for which application threads were stopped: 0.0005940 seconds, Stopping threads took: 0.0000540 seconds
170.474: Application time: 0.0285870 seconds
170.474: [GC [PSYoungGen: 7646K->992K(7680K)] 22862K->16244K(25088K), 0.0004650 secs] [Times: user=0.00 sys=0.00, real=0.00 secs] 
170.474: Total time for which application threads were stopped: 0.0005830 seconds, Stopping threads took: 0.0000640 seconds
170.502: Application time: 0.0278700 seconds
170.502: [GC [PSYoungGen: 7644K->992K(7680K)] 22896K->16252K(25088K), 0.0004380 secs] [Times: user=0.00 sys=0.00, real=0.00 secs] 
170.503: Total time for which application threads were stopped: 0.0005450 seconds, Stopping threads took: 0.0000540 seconds
170.532: Application time: 0.0293450 seconds
170.532: [GC [PSYoungGen: 7644K->1008K(7680K)] 22904K->16268K(25088K), 0.0004360 secs] [Times: user=0.00 sys=0.00, real=0.00 secs] 
170.533: Total time for which application threads were stopped: 0.0005400 seconds, Stopping threads took: 0.0000540 seconds
170.561: Application time: 0.0278860 seconds
170.561: [GC [PSYoungGen: 7664K->1008K(7680K)] 22924K->16396K(25088K), 0.0004830 secs] [Times: user=0.00 sys=0.00, real=0.00 secs] 
170.561: Total time for which application threads were stopped: 0.0005890 seconds, Stopping threads took: 0.0000550 seconds
170.588: Application time: 0.0267490 seconds
170.588: [GC [PSYoungGen: 7662K->1008K(7680K)] 23051K->16620K(25088K), 0.0005210 secs] [Times: user=0.00 sys=0.00, real=0.00 secs] 
170.588: Total time for which application threads were stopped: 0.0006250 seconds, Stopping threads took: 0.0000480 seconds
170.618: Application time: 0.0299360 seconds
170.619: [GC [PSYoungGen: 7664K->992K(7680K)] 23276K->16668K(25088K), 0.0005220 secs] [Times: user=0.00 sys=0.00, real=0.00 secs] 
170.620: Total time for which application threads were stopped: 0.0012390 seconds, Stopping threads took: 0.0006700 seconds
170.647: Application time: 0.0273380 seconds
170.647: [GC [PSYoungGen: 7646K->992K(7680K)] 23322K->16849K(25088K), 0.0005120 secs] [Times: user=0.00 sys=0.00, real=0.00 secs] 
170.648: Total time for which application threads were stopped: 0.0008790 seconds, Stopping threads took: 0.0000490 seconds
170.677: Application time: 0.0292330 seconds
170.677: [GC [PSYoungGen: 7646K->928K(7680K)] 23504K->16913K(25088K), 0.0004300 secs] [Times: user=0.00 sys=0.00, real=0.00 secs] 
170.678: Total time for which application threads were stopped: 0.0005260 seconds, Stopping threads took: 0.0000390 seconds
170.705: Application time: 0.0276350 seconds
170.705: [GC [PSYoungGen: 7582K->992K(7680K)] 23567K->17073K(25088K), 0.0004580 secs] [Times: user=0.00 sys=0.00, real=0.00 secs] 
170.706: Total time for which application threads were stopped: 0.0005500 seconds, Stopping threads took: 0.0000400 seconds
170.735: Application time: 0.0292640 seconds
170.735: [GC [PSYoungGen: 7646K->992K(7680K)] 23728K->17113K(25088K), 0.0004610 secs] [Times: user=0.00 sys=0.00, real=0.00 secs] 
170.736: Total time for which application threads were stopped: 0.0005680 seconds, Stopping threads took: 0.0000540 seconds
170.764: Application time: 0.0280350 seconds
170.764: [GC [PSYoungGen: 7646K->992K(7680K)] 23767K->17377K(25088K), 0.0005130 secs] [Times: user=0.01 sys=0.00, real=0.00 secs] 
170.764: Total time for which application threads were stopped: 0.0006370 seconds, Stopping threads took: 0.0000590 seconds
170.794: Application time: 0.0295200 seconds
170.794: [GC [PSYoungGen: 7646K->960K(7680K)] 24032K->17393K(25088K), 0.0004420 secs] [Times: user=0.00 sys=0.00, real=0.00 secs] 
170.794: Total time for which application threads were stopped: 0.0005360 seconds, Stopping threads took: 0.0000440 seconds
170.822: Application time: 0.0279550 seconds
170.822: [GC [PSYoungGen: 7614K->992K(7680K)] 24047K->17601K(25088K), 0.0004920 secs] [Times: user=0.00 sys=0.00, real=0.00 secs] 
170.823: Total time for which application threads were stopped: 0.0005990 seconds, Stopping threads took: 0.0000510 seconds
170.853: Application time: 0.0297330 seconds
170.853: [GC [PSYoungGen: 7646K->960K(7680K)] 24256K->17609K(25088K), 0.0004430 secs] [Times: user=0.00 sys=0.00, real=0.00 secs] 
170.853: Total time for which application threads were stopped: 0.0005470 seconds, Stopping threads took: 0.0000530 seconds
170.883: Application time: 0.0296330 seconds
170.883: [GC [PSYoungGen: 7614K->832K(7680K)] 24264K->17654K(25088K), 0.0004960 secs] [Times: user=0.00 sys=0.00, real=0.00 secs] 
170.883: Total time for which application threads were stopped: 0.0005950 seconds, Stopping threads took: 0.0000510 seconds
170.913: Application time: 0.0297570 seconds
170.913: [GC [PSYoungGen: 7486K->864K(7680K)] 24308K->17686K(25088K), 0.0004260 secs] [Times: user=0.00 sys=0.00, real=0.00 secs] 
170.914: Total time for which application threads were stopped: 0.0005140 seconds, Stopping threads took: 0.0000390 seconds
170.944: Application time: 0.0298580 seconds
170.944: [GC [PSYoungGen: 7518K->800K(7680K)] 24340K->17682K(25088K), 0.0003940 secs] [Times: user=0.01 sys=0.00, real=0.00 secs] 
170.944: Total time for which application threads were stopped: 0.0004910 seconds, Stopping threads took: 0.0000470 seconds
170.974: Application time: 0.0298050 seconds
170.974: [GC [PSYoungGen: 7454K->832K(7680K)] 24337K->17714K(25088K), 0.0004370 secs] [Times: user=0.01 sys=0.00, real=0.00 secs] 
170.974: Total time for which application threads were stopped: 0.0005280 seconds, Stopping threads took: 0.0000410 seconds
171.004: Application time: 0.0297030 seconds
171.004: [GC [PSYoungGen: 7486K->768K(7680K)] 24369K->17658K(25088K), 0.0004290 secs] [Times: user=0.00 sys=0.00, real=0.00 secs] 
171.005: Total time for which application threads were stopped: 0.0005400 seconds, Stopping threads took: 0.0000560 seconds
171.034: Application time: 0.0297750 seconds
171.035: [GC [PSYoungGen: 7422K->672K(7680K)] 24313K->17675K(25088K), 0.0004250 secs] [Times: user=0.00 sys=0.00, real=0.00 secs] 
171.035: Total time for which application threads were stopped: 0.0005190 seconds, Stopping threads took: 0.0000460 seconds
171.065: Application time: 0.0297760 seconds
171.065: [GC [PSYoungGen: 7326K->736K(7680K)] 24330K->17739K(25088K), 0.0004240 secs] [Times: user=0.00 sys=0.00, real=0.00 secs] 
171.065: Total time for which application threads were stopped: 0.0005280 seconds, Stopping threads took: 0.0000550 seconds
171.096: Application time: 0.0302970 seconds
171.096: [GC [PSYoungGen: 7390K->544K(7680K)] 24394K->17731K(25088K), 0.0003780 secs] [Times: user=0.01 sys=0.00, real=0.00 secs] 
171.096: [Full GC [PSYoungGen: 544K->0K(7680K)] [ParOldGen: 17187K->3318K(17408K)] 17731K->3318K(25088K) [PSPermGen: 5574K->5574K(21504K)], 0.0047920 secs] [Times: user=0.01 sys=0.00, real=0.01 secs] 
171.101: Total time for which application threads were stopped: 0.0053210 seconds, Stopping threads took: 0.0000520 seconds
171.131: Application time: 0.0301250 seconds
171.131: [GC [PSYoungGen: 6654K->0K(7680K)] 9973K->3318K(25088K), 0.0003300 secs] [Times: user=0.00 sys=0.00, real=0.00 secs] 
171.131: Total time for which application threads were stopped: 0.0004500 seconds, Stopping threads took: 0.0000620 seconds
171.162: Application time: 0.0302300 seconds
171.162: [GC [PSYoungGen: 6652K->0K(7680K)] 9971K->3318K(25088K), 0.0002860 secs] [Times: user=0.00 sys=0.00, real=0.00 secs] 
171.162: Total time for which application threads were stopped: 0.0003870 seconds, Stopping threads took: 0.0000540 seconds
171.192: Application time: 0.0301000 seconds
171.192: [GC [PSYoungGen: 6654K->0K(7680K)] 9973K->3318K(25088K), 0.0002980 secs] [Times: user=0.01 sys=0.00, real=0.00 secs] 
171.193: Total time for which application threads were stopped: 0.0003950 seconds, Stopping threads took: 0.0000520 seconds
171.223: Application time: 0.0301910 seconds
171.223: [GC [PSYoungGen: 6654K->0K(7680K)] 9973K->3318K(25088K), 0.0002890 secs] [Times: user=0.00 sys=0.00, real=0.00 secs] 
171.223: Total time for which application threads were stopped: 0.0003840 seconds, Stopping threads took: 0.0000480 seconds
171.253: Application time: 0.0300820 seconds
171.253: [GC [PSYoungGen: 6654K->0K(7680K)] 9973K->3318K(25088K), 0.0003490 secs] [Times: user=0.01 sys=0.00, real=0.00 secs] 
171.254: Total time for which application threads were stopped: 0.0004360 seconds, Stopping threads took: 0.0000390 seconds
171.284: Application time: 0.0300730 seconds
171.284: [GC [PSYoungGen: 6654K->0K(7680K)] 9973K->3318K(25088K), 0.0003860 secs] [Times: user=0.00 sys=0.00, real=0.00 secs] 
171.284: Total time for which application threads were stopped: 0.0005040 seconds, Stopping threads took: 0.0000650 seconds
171.314: Application time: 0.0300420 seconds
171.314: [GC [PSYoungGen: 6654K->0K(7680K)] 9973K->3318K(25088K), 0.0002810 secs] [Times: user=0.00 sys=0.00, real=0.00 secs] 
171.315: Total time for which application threads were stopped: 0.0003820 seconds, Stopping threads took: 0.0000540 seconds
171.344: Application time: 0.0289380 seconds
171.344: [GC [PSYoungGen: 6652K->352K(7680K)] 9971K->3670K(25088K), 0.0003080 secs] [Times: user=0.00 sys=0.00, real=0.00 secs] 
171.344: Total time for which application threads were stopped: 0.0004070 seconds, Stopping threads took: 0.0000510 seconds
171.365: Application time: 0.0209980 seconds
171.365: [GC [PSYoungGen: 7006K->320K(7680K)] 10325K->3638K(25088K), 0.0003990 secs] [Times: user=0.00 sys=0.00, real=0.00 secs] 
171.366: Total time for which application threads were stopped: 0.0004970 seconds, Stopping threads took: 0.0000490 seconds
171.387: Application time: 0.0219170 seconds
171.388: [GC [PSYoungGen: 6973K->288K(7680K)] 10292K->3606K(25088K), 0.0003310 secs] [Times: user=0.00 sys=0.00, real=0.00 secs] 
171.388: Total time for which application threads were stopped: 0.0004230 seconds, Stopping threads took: 0.0000440 seconds
171.416: Application time: 0.0284020 seconds
171.416: [GC [PSYoungGen: 6942K->384K(7680K)] 10261K->3702K(25088K), 0.0003320 secs] [Times: user=0.00 sys=0.00, real=0.00 secs] 
171.417: Total time for which application threads were stopped: 0.0004320 seconds, Stopping threads took: 0.0000510 seconds
171.446: Application time: 0.0296960 seconds
171.446: [GC [PSYoungGen: 7036K->320K(7680K)] 10355K->3638K(25088K), 0.0003300 secs] [Times: user=0.00 sys=0.00, real=0.00 secs] 
171.447: Total time for which application threads were stopped: 0.0004180 seconds, Stopping threads took: 0.0000410 seconds
171.476: Application time: 0.0288660 seconds
171.476: [GC [PSYoungGen: 6972K->384K(7680K)] 10291K->3702K(25088K), 0.0003290 secs] [Times: user=0.00 sys=0.00, real=0.00 secs] 
171.476: Total time for which application threads were stopped: 0.0004210 seconds, Stopping threads took: 0.0000440 seconds
171.506: Application time: 0.0299540 seconds
171.506: [GC [PSYoungGen: 7036K->256K(7680K)] 10355K->3574K(25088K), 0.0003820 secs] [Times: user=0.00 sys=0.00, real=0.00 secs] 
171.507: Total time for which application threads were stopped: 0.0004840 seconds, Stopping threads took: 0.0000550 seconds
171.536: Application time: 0.0298440 seconds
171.537: [GC [PSYoungGen: 6908K->384K(7680K)] 10227K->3702K(25088K), 0.0003140 secs] [Times: user=0.00 sys=0.00, real=0.00 secs] 
171.537: Total time for which application threads were stopped: 0.0004180 seconds, Stopping threads took: 0.0000540 seconds
171.566: Application time: 0.0290490 seconds
171.566: [GC [PSYoungGen: 7038K->512K(7680K)] 10357K->3830K(25088K), 0.0003480 secs] [Times: user=0.00 sys=0.00, real=0.00 secs] 
171.566: Total time for which application threads were stopped: 0.0004460 seconds, Stopping threads took: 0.0000480 seconds
171.588: Application time: 0.0217090 seconds
171.588: [GC [PSYoungGen: 7163K->512K(7680K)] 10482K->3830K(25088K), 0.0003690 secs] [Times: user=0.00 sys=0.00, real=0.00 secs] 
171.589: Total time for which application threads were stopped: 0.0004800 seconds, Stopping threads took: 0.0000580 seconds
171.610: Application time: 0.0216460 seconds
171.610: [GC [PSYoungGen: 7167K->448K(7680K)] 10486K->3766K(25088K), 0.0003760 secs] [Times: user=0.01 sys=0.00, real=0.00 secs] 
171.611: Total time for which application threads were stopped: 0.0004850 seconds, Stopping threads took: 0.0000560 seconds
171.639: Application time: 0.0284620 seconds
171.643: [GC [PSYoungGen: 7102K->576K(7680K)] 10421K->3894K(25088K), 0.0003480 secs] [Times: user=0.00 sys=0.00, real=0.00 secs] 
171.644: Total time for which application threads were stopped: 0.0043690 seconds, Stopping threads took: 0.0039710 seconds
171.673: Application time: 0.0296350 seconds
171.673: [GC [PSYoungGen: 7228K->544K(7680K)] 10547K->3862K(25088K), 0.0003390 secs] [Times: user=0.00 sys=0.00, real=0.00 secs] 
171.674: Total time for which application threads were stopped: 0.0004490 seconds, Stopping threads took: 0.0000610 seconds
171.702: Application time: 0.0288720 seconds
171.703: [GC [PSYoungGen: 7196K->544K(7680K)] 10515K->3862K(25088K), 0.0003470 secs] [Times: user=0.01 sys=0.00, real=0.00 secs] 
171.703: Total time for which application threads were stopped: 0.0004400 seconds, Stopping threads took: 0.0000440 seconds
171.733: Application time: 0.0299950 seconds
171.733: [GC [PSYoungGen: 7198K->544K(7680K)] 10517K->3862K(25088K), 0.0003300 secs] [Times: user=0.00 sys=0.00, real=0.00 secs] 
171.733: Total time for which application threads were stopped: 0.0004260 seconds, Stopping threads took: 0.0000480 seconds
171.764: Application time: 0.0302030 seconds
171.764: [GC [PSYoungGen: 7198K->448K(7680K)] 10517K->3766K(25088K), 0.0003910 secs] [Times: user=0.01 sys=0.00, real=0.00 secs] 
171.764: Total time for which application threads were stopped: 0.0004940 seconds, Stopping threads took: 0.0000480 seconds
171.793: Application time: 0.0290120 seconds
171.793: [GC [PSYoungGen: 7101K->544K(7680K)] 10420K->3862K(25088K), 0.0003340 secs] [Times: user=0.00 sys=0.00, real=0.00 secs] 
171.793: Total time for which application threads were stopped: 0.0004510 seconds, Stopping threads took: 0.0000540 seconds
171.822: Application time: 0.0286320 seconds
171.822: [GC [PSYoungGen: 7196K->544K(7680K)] 10515K->3862K(25088K), 0.0003620 secs] [Times: user=0.00 sys=0.00, real=0.00 secs] 
171.823: Total time for which application threads were stopped: 0.0004530 seconds, Stopping threads took: 0.0000420 seconds
171.853: Application time: 0.0300530 seconds
171.853: [GC [PSYoungGen: 7198K->544K(7680K)] 10517K->3862K(25088K), 0.0003710 secs] [Times: user=0.00 sys=0.00, real=0.00 secs] 
171.853: Total time for which application threads were stopped: 0.0004700 seconds, Stopping threads took: 0.0000500 seconds
171.879: Application time: 0.0260340 seconds
171.879: [GC [PSYoungGen: 7196K->704K(7680K)] 10515K->4023K(25088K), 0.0004410 secs] [Times: user=0.00 sys=0.00, real=0.00 secs] 
171.880: Total time for which application threads were stopped: 0.0005350 seconds, Stopping threads took: 0.0000440 seconds
171.901: Application time: 0.0215420 seconds
171.901: [GC [PSYoungGen: 7358K->736K(7680K)] 10677K->4055K(25088K), 0.0004370 secs] [Times: user=0.00 sys=0.00, real=0.00 secs] 
171.902: Total time for which application threads were stopped: 0.0005300 seconds, Stopping threads took: 0.0000450 seconds
171.918: Application time: 0.0158950 seconds
171.918: [GC [PSYoungGen: 7388K->960K(7680K)] 10707K->4279K(25088K), 0.0004760 secs] [Times: user=0.00 sys=0.00, real=0.01 secs] 
171.919: Total time for which application threads were stopped: 0.0017350 seconds, Stopping threads took: 0.0000510 seconds
171.941: Application time: 0.0213960 seconds
171.941: [GC [PSYoungGen: 7613K->992K(7680K)] 10932K->4311K(25088K), 0.0004290 secs] [Times: user=0.01 sys=0.00, real=0.00 secs] 
171.941: Total time for which application threads were stopped: 0.0005450 seconds, Stopping threads took: 0.0000660 seconds
171.965: Application time: 0.0233830 seconds
171.965: [GC [PSYoungGen: 7646K->992K(7680K)] 10965K->4439K(25088K), 0.0004300 secs] [Times: user=0.00 sys=0.00, real=0.00 secs] 
171.965: Total time for which application threads were stopped: 0.0005340 seconds, Stopping threads took: 0.0000520 seconds
171.985: Application time: 0.0196710 seconds
171.985: [GC [PSYoungGen: 7645K->992K(7680K)] 11092K->4471K(25088K), 0.0004400 secs] [Times: user=0.00 sys=0.00, real=0.00 secs] 
171.985: Total time for which application threads were stopped: 0.0005390 seconds, Stopping threads took: 0.0000500 seconds
172.006: Application time: 0.0208430 seconds
172.006: [GC [PSYoungGen: 7644K->992K(7680K)] 11123K->4599K(25088K), 0.0004830 secs] [Times: user=0.00 sys=0.00, real=0.00 secs] 
172.007: Total time for which application threads were stopped: 0.0005900 seconds, Stopping threads took: 0.0000570 seconds
172.031: Application time: 0.0239050 seconds
172.031: [GC [PSYoungGen: 7645K->992K(7680K)] 11252K->4655K(25088K), 0.0004820 secs] [Times: user=0.00 sys=0.00, real=0.01 secs] 
172.031: Total time for which application threads were stopped: 0.0005970 seconds, Stopping threads took: 0.0000610 seconds
172.052: Application time: 0.0202950 seconds
172.052: [GC [PSYoungGen: 7645K->992K(7680K)] 11308K->4899K(25088K), 0.0004700 secs] [Times: user=0.00 sys=0.00, real=0.00 secs] 
172.052: Total time for which application threads were stopped: 0.0005680 seconds, Stopping threads took: 0.0000470 seconds
172.072: Application time: 0.0197130 seconds
172.072: [GC [PSYoungGen: 7644K->992K(7680K)] 11551K->5155K(25088K), 0.0004890 secs] [Times: user=0.00 sys=0.00, real=0.00 secs] 
172.073: Total time for which application threads were stopped: 0.0005980 seconds, Stopping threads took: 0.0000580 seconds
172.090: Application time: 0.0170110 seconds
172.090: [GC [PSYoungGen: 7647K->992K(7680K)] 11810K->5323K(25088K), 0.0005100 secs] [Times: user=0.00 sys=0.00, real=0.00 secs] 
172.090: Total time for which application threads were stopped: 0.0006160 seconds, Stopping threads took: 0.0000540 seconds
172.111: Application time: 0.0212810 seconds
172.115: [GC [PSYoungGen: 7647K->992K(7680K)] 11979K->5351K(25088K), 0.0005350 secs] [Times: user=0.01 sys=0.00, real=0.00 secs] 
172.116: Total time for which application threads were stopped: 0.0042240 seconds, Stopping threads took: 0.0036300 seconds
172.136: Application time: 0.0206530 seconds
172.136: [GC [PSYoungGen: 7647K->1008K(7680K)] 12006K->5559K(25088K), 0.0005040 secs] [Times: user=0.00 sys=0.00, real=0.00 secs] 
172.137: Total time for which application threads were stopped: 0.0006170 seconds, Stopping threads took: 0.0000590 seconds
172.157: Application time: 0.0201290 seconds
172.157: [GC [PSYoungGen: 7664K->1008K(7680K)] 12215K->5767K(25088K), 0.0004700 secs] [Times: user=0.00 sys=0.00, real=0.00 secs] 
172.158: Total time for which application threads were stopped: 0.0005870 seconds, Stopping threads took: 0.0000570 seconds
172.180: Application time: 0.0225000 seconds
172.180: [GC [PSYoungGen: 7659K->992K(7680K)] 12418K->5803K(25088K), 0.0004430 secs] [Times: user=0.01 sys=0.00, real=0.00 secs] 
172.181: Total time for which application threads were stopped: 0.0005480 seconds, Stopping threads took: 0.0000520 seconds
172.209: Application time: 0.0277680 seconds
172.209: [GC [PSYoungGen: 7645K->1008K(7680K)] 12457K->5955K(25088K), 0.0004440 secs] [Times: user=0.00 sys=0.00, real=0.00 secs] 
172.209: Total time for which application threads were stopped: 0.0005430 seconds, Stopping threads took: 0.0000490 seconds
172.238: Application time: 0.0288930 seconds
172.238: [GC [PSYoungGen: 7662K->1008K(7680K)] 12609K->5971K(25088K), 0.0004150 secs] [Times: user=0.00 sys=0.00, real=0.00 secs] 
172.238: Total time for which application threads were stopped: 0.0005260 seconds, Stopping threads took: 0.0000610 seconds
172.266: Application time: 0.0279370 seconds
172.267: [GC [PSYoungGen: 7661K->992K(7680K)] 12624K->6115K(25088K), 0.0004750 secs] [Times: user=0.00 sys=0.00, real=0.00 secs] 
172.267: Total time for which application threads were stopped: 0.0005730 seconds, Stopping threads took: 0.0000450 seconds
172.296: Application time: 0.0291880 seconds
172.296: [GC [PSYoungGen: 7644K->1008K(7680K)] 12767K->6131K(25088K), 0.0004350 secs] [Times: user=0.01 sys=0.00, real=0.00 secs] 
172.297: Total time for which application threads were stopped: 0.0005500 seconds, Stopping threads took: 0.0000560 seconds
172.324: Application time: 0.0273310 seconds
172.324: [GC [PSYoungGen: 7662K->1008K(7680K)] 12785K->6311K(25088K), 0.0005110 secs] [Times: user=0.01 sys=0.00, real=0.00 secs] 
172.325: Total time for which application threads were stopped: 0.0006090 seconds, Stopping threads took: 0.0000470 seconds
172.353: Application time: 0.0286110 seconds
172.353: [GC [PSYoungGen: 7660K->992K(7680K)] 12963K->6527K(25088K), 0.0004990 secs] [Times: user=0.00 sys=0.00, real=0.00 secs] 
172.354: Total time for which application threads were stopped: 0.0006020 seconds, Stopping threads took: 0.0000520 seconds
172.382: Application time: 0.0280840 seconds
172.382: [GC [PSYoungGen: 7644K->1008K(7680K)] 13179K->6583K(25088K), 0.0004640 secs] [Times: user=0.01 sys=0.00, real=0.00 secs] 
172.383: Total time for which application threads were stopped: 0.0005700 seconds, Stopping threads took: 0.0000540 seconds
172.411: Application time: 0.0283180 seconds
172.411: [GC [PSYoungGen: 7660K->896K(7680K)] 13235K->6791K(25088K), 0.0004790 secs] [Times: user=0.00 sys=0.00, real=0.01 secs] 
172.411: Total time for which application threads were stopped: 0.0005900 seconds, Stopping threads took: 0.0000570 seconds
172.440: Application time: 0.0284800 seconds
172.440: [GC [PSYoungGen: 7551K->896K(7680K)] 13447K->6847K(25088K), 0.0004280 secs] [Times: user=0.00 sys=0.00, real=0.00 secs] 
172.440: Total time for which application threads were stopped: 0.0005290 seconds, Stopping threads took: 0.0000510 seconds
172.470: Application time: 0.0291310 seconds
172.470: [GC [PSYoungGen: 7550K->864K(7680K)] 13502K->6831K(25088K), 0.0003960 secs] [Times: user=0.00 sys=0.00, real=0.00 secs] 
172.470: Total time for which application threads were stopped: 0.0004930 seconds, Stopping threads took: 0.0000510 seconds
172.498: Application time: 0.0275280 seconds
172.498: [GC [PSYoungGen: 7517K->896K(7680K)] 13485K->6911K(25088K), 0.0004010 secs] [Times: user=0.01 sys=0.00, real=0.00 secs] 
172.498: Total time for which application threads were stopped: 0.0005080 seconds, Stopping threads took: 0.0000560 seconds
172.526: Application time: 0.0278870 seconds
172.526: [GC [PSYoungGen: 7550K->992K(7680K)] 13565K->7047K(25088K), 0.0004410 secs] [Times: user=0.00 sys=0.00, real=0.00 secs] 
172.527: Total time for which application threads were stopped: 0.0005470 seconds, Stopping threads took: 0.0000560 seconds
172.556: Application time: 0.0293950 seconds
172.556: [GC [PSYoungGen: 7646K->992K(7680K)] 13702K->7079K(25088K), 0.0004870 secs] [Times: user=0.00 sys=0.00, real=0.00 secs] 
172.557: Total time for which application threads were stopped: 0.0005840 seconds, Stopping threads took: 0.0000470 seconds
172.585: Application time: 0.0282380 seconds
172.585: [GC [PSYoungGen: 7644K->992K(7680K)] 13731K->7223K(25088K), 0.0004840 secs] [Times: user=0.01 sys=0.00, real=0.00 secs] 
172.585: Total time for which application threads were stopped: 0.0005820 seconds, Stopping threads took: 0.0000420 seconds
172.615: Application time: 0.0299940 seconds
172.615: [GC [PSYoungGen: 7646K->992K(7680K)] 13878K->7279K(25088K), 0.0004700 secs] [Times: user=0.00 sys=0.00, real=0.00 secs] 
172.616: Total time for which application threads were stopped: 0.0005740 seconds, Stopping threads took: 0.0000560 seconds
172.646: Application time: 0.0297540 seconds
172.646: [GC [PSYoungGen: 7646K->992K(7680K)] 13934K->7343K(25088K), 0.0003930 secs] [Times: user=0.00 sys=0.00, real=0.00 secs] 
172.646: Total time for which application threads were stopped: 0.0004880 seconds, Stopping threads took: 0.0000450 seconds
172.676: Application time: 0.0299950 seconds
172.676: [GC [PSYoungGen: 7646K->960K(7680K)] 13998K->7311K(25088K), 0.0004280 secs] [Times: user=0.00 sys=0.00, real=0.00 secs] 
172.677: Total time for which application threads were stopped: 0.0005240 seconds, Stopping threads took: 0.0000450 seconds
172.707: Application time: 0.0298200 seconds
172.707: [GC [PSYoungGen: 7614K->992K(7680K)] 13966K->7359K(25088K), 0.0004010 secs] [Times: user=0.00 sys=0.00, real=0.00 secs] 
172.707: Total time for which application threads were stopped: 0.0005080 seconds, Stopping threads took: 0.0000560 seconds
172.737: Application time: 0.0301230 seconds
172.737: [GC [PSYoungGen: 7644K->992K(7680K)] 14011K->7359K(25088K), 0.0004050 secs] [Times: user=0.00 sys=0.00, real=0.00 secs] 
172.738: Total time for which application threads were stopped: 0.0005020 seconds, Stopping threads took: 0.0000470 seconds
172.768: Application time: 0.0302800 seconds
172.768: [GC [PSYoungGen: 7646K->896K(7680K)] 14014K->7316K(25088K), 0.0004230 secs] [Times: user=0.01 sys=0.00, real=0.00 secs] 
172.768: Total time for which application threads were stopped: 0.0005270 seconds, Stopping threads took: 0.0000500 seconds
172.798: Application time: 0.0296790 seconds
172.798: [GC [PSYoungGen: 7550K->960K(7680K)] 13970K->7396K(25088K), 0.0003860 secs] [Times: user=0.00 sys=0.00, real=0.00 secs] 
172.799: Total time for which application threads were stopped: 0.0005010 seconds, Stopping threads took: 0.0000570 seconds
172.829: Application time: 0.0300130 seconds
172.829: [GC [PSYoungGen: 7612K->928K(7680K)] 14048K->7440K(25088K), 0.0003850 secs] [Times: user=0.00 sys=0.00, real=0.00 secs] 
172.829: Total time for which application threads were stopped: 0.0004830 seconds, Stopping threads took: 0.0000500 seconds
172.859: Application time: 0.0299710 seconds
172.859: [GC [PSYoungGen: 7582K->896K(7680K)] 14095K->7408K(25088K), 0.0003830 secs] [Times: user=0.00 sys=0.00, real=0.00 secs] 
172.860: Total time for which application threads were stopped: 0.0004810 seconds, Stopping threads took: 0.0000490 seconds
172.890: Application time: 0.0300210 seconds
172.890: [GC [PSYoungGen: 7550K->704K(7680K)] 14063K->7429K(25088K), 0.0003860 secs] [Times: user=0.00 sys=0.00, real=0.00 secs] 
172.890: Total time for which application threads were stopped: 0.0004890 seconds, Stopping threads took: 0.0000500 seconds
172.920: Application time: 0.0298330 seconds
172.920: [GC [PSYoungGen: 7358K->736K(7680K)] 14084K->7461K(25088K), 0.0003660 secs] [Times: user=0.00 sys=0.00, real=0.00 secs] 
172.920: Total time for which application threads were stopped: 0.0004610 seconds, Stopping threads took: 0.0000420 seconds
172.950: Application time: 0.0298840 seconds
172.950: [GC [PSYoungGen: 7390K->480K(7680K)] 14116K->7413K(25088K), 0.0003920 secs] [Times: user=0.00 sys=0.00, real=0.00 secs] 
172.951: Total time for which application threads were stopped: 0.0004970 seconds, Stopping threads took: 0.0000520 seconds
172.981: Application time: 0.0297470 seconds
172.981: [GC [PSYoungGen: 7134K->384K(7680K)] 14068K->7529K(25088K), 0.0003430 secs] [Times: user=0.00 sys=0.00, real=0.00 secs] 
172.981: Total time for which application threads were stopped: 0.0004470 seconds, Stopping threads took: 0.0000540 seconds
173.011: Application time: 0.0296860 seconds
173.011: [GC [PSYoungGen: 7038K->192K(7680K)] 14184K->7337K(25088K), 0.0003910 secs] [Times: user=0.00 sys=0.00, real=0.01 secs] 
173.011: Total time for which application threads were stopped: 0.0004820 seconds, Stopping threads took: 0.0000390 seconds
173.041: Application time: 0.0296810 seconds
173.041: [GC [PSYoungGen: 6846K->0K(7680K)] 13992K->7369K(25088K), 0.0003120 secs] [Times: user=0.00 sys=0.00, real=0.00 secs] 
173.041: Total time for which application threads were stopped: 0.0004070 seconds, Stopping threads took: 0.0000440 seconds
173.071: Application time: 0.0296270 seconds
173.071: [GC [PSYoungGen: 6654K->0K(7680K)] 14024K->7369K(25088K), 0.0003130 secs] [Times: user=0.00 sys=0.00, real=0.01 secs] 
173.071: Total time for which application threads were stopped: 0.0004080 seconds, Stopping threads took: 0.0000450 seconds
173.102: Application time: 0.0306530 seconds
173.102: [GC [PSYoungGen: 6654K->0K(7680K)] 14024K->7369K(25088K), 0.0003350 secs] [Times: user=0.00 sys=0.00, real=0.00 secs] 
173.102: Total time for which application threads were stopped: 0.0004500 seconds, Stopping threads took: 0.0000610 seconds
173.125: Application time: 0.0222310 seconds
173.125: [GC [PSYoungGen: 6652K->384K(7680K)] 14021K->7753K(25088K), 0.0003130 secs] [Times: user=0.00 sys=0.00, real=0.00 secs] 
173.125: Total time for which application threads were stopped: 0.0004030 seconds, Stopping threads took: 0.0000440 seconds
173.146: Application time: 0.0213430 seconds
173.147: [GC [PSYoungGen: 7037K->352K(7680K)] 14407K->7721K(25088K), 0.0003550 secs] [Times: user=0.00 sys=0.00, real=0.00 secs] 
173.148: Total time for which application threads were stopped: 0.0010970 seconds, Stopping threads took: 0.0006920 seconds
173.173: Application time: 0.0252470 seconds
173.173: [GC [PSYoungGen: 7006K->320K(7680K)] 14375K->7689K(25088K), 0.0003880 secs] [Times: user=0.00 sys=0.00, real=0.00 secs] 
173.173: Total time for which application threads were stopped: 0.0004830 seconds, Stopping threads took: 0.0000450 seconds
173.202: Application time: 0.0292210 seconds
173.203: [GC [PSYoungGen: 6972K->320K(7680K)] 14342K->7689K(25088K), 0.0003360 secs] [Times: user=0.01 sys=0.00, real=0.00 secs] 
173.203: Total time for which application threads were stopped: 0.0004330 seconds, Stopping threads took: 0.0000510 seconds
173.231: Application time: 0.0282900 seconds
173.231: [GC [PSYoungGen: 6973K->416K(7680K)] 14343K->7785K(25088K), 0.0003030 secs] [Times: user=0.00 sys=0.00, real=0.00 secs] 
173.232: Total time for which application threads were stopped: 0.0004050 seconds, Stopping threads took: 0.0000550 seconds
173.261: Application time: 0.0295980 seconds
173.261: [GC [PSYoungGen: 7068K->320K(7680K)] 14438K->7689K(25088K), 0.0003460 secs] [Times: user=0.00 sys=0.00, real=0.00 secs] 
173.262: Total time for which application threads were stopped: 0.0004490 seconds, Stopping threads took: 0.0000550 seconds
173.291: Application time: 0.0293410 seconds
173.291: [GC [PSYoungGen: 6974K->256K(7680K)] 14344K->7625K(25088K), 0.0003560 secs] [Times: user=0.00 sys=0.00, real=0.01 secs] 
173.291: Total time for which application threads were stopped: 0.0004480 seconds, Stopping threads took: 0.0000420 seconds
173.320: Application time: 0.0283770 seconds
173.320: [GC [PSYoungGen: 6908K->512K(7680K)] 14278K->7881K(25088K), 0.0003470 secs] [Times: user=0.00 sys=0.00, real=0.00 secs] 
173.320: Total time for which application threads were stopped: 0.0004580 seconds, Stopping threads took: 0.0000530 seconds
173.341: Application time: 0.0206760 seconds
173.341: [GC [PSYoungGen: 7166K->544K(7680K)] 14536K->7913K(25088K), 0.0003290 secs] [Times: user=0.00 sys=0.00, real=0.00 secs] 
173.341: Total time for which application threads were stopped: 0.0004480 seconds, Stopping threads took: 0.0000640 seconds
173.363: Application time: 0.0212230 seconds
173.363: [GC [PSYoungGen: 7197K->480K(7680K)] 14567K->7849K(25088K), 0.0003620 secs] [Times: user=0.00 sys=0.00, real=0.00 secs] 
173.363: Total time for which application threads were stopped: 0.0004610 seconds, Stopping threads took: 0.0000460 seconds
173.390: Application time: 0.0273080 seconds
173.390: [GC [PSYoungGen: 7134K->480K(7680K)] 14504K->7849K(25088K), 0.0003980 secs] [Times: user=0.00 sys=0.00, real=0.00 secs] 
173.391: Total time for which application threads were stopped: 0.0004920 seconds, Stopping threads took: 0.0000450 seconds
173.420: Application time: 0.0290010 seconds
173.420: [GC [PSYoungGen: 7132K->512K(7680K)] 14502K->7881K(25088K), 0.0003490 secs] [Times: user=0.00 sys=0.00, real=0.00 secs] 
173.420: Total time for which application threads were stopped: 0.0004490 seconds, Stopping threads took: 0.0000500 seconds
173.449: Application time: 0.0288670 seconds
173.449: [GC [PSYoungGen: 7165K->608K(7680K)] 14535K->7977K(25088K), 0.0003650 secs] [Times: user=0.00 sys=0.00, real=0.00 secs] 
173.450: Total time for which application threads were stopped: 0.0004790 seconds, Stopping threads took: 0.0000640 seconds
173.479: Application time: 0.0294020 seconds
173.479: [GC [PSYoungGen: 7262K->512K(7680K)] 14632K->7881K(25088K), 0.0003390 secs] [Times: user=0.00 sys=0.00, real=0.00 secs] 
173.480: Total time for which application threads were stopped: 0.0004430 seconds, Stopping threads took: 0.0000560 seconds
173.509: Application time: 0.0294190 seconds
173.509: [GC [PSYoungGen: 7166K->480K(7680K)] 14536K->7849K(25088K), 0.0003700 secs] [Times: user=0.00 sys=0.00, real=0.00 secs] 
173.509: Total time for which application threads were stopped: 0.0004730 seconds, Stopping threads took: 0.0000570 seconds
173.538: Application time: 0.0285860 seconds
173.538: [GC [PSYoungGen: 7132K->480K(7680K)] 14501K->7849K(25088K), 0.0003850 secs] [Times: user=0.00 sys=0.00, real=0.00 secs] 
173.538: Total time for which application threads were stopped: 0.0004760 seconds, Stopping threads took: 0.0000430 seconds
173.567: Application time: 0.0282850 seconds
173.567: [GC [PSYoungGen: 7135K->576K(7680K)] 14504K->7945K(25088K), 0.0004190 secs] [Times: user=0.00 sys=0.00, real=0.00 secs] 
173.567: Total time for which application threads were stopped: 0.0005190 seconds, Stopping threads took: 0.0000510 seconds
173.597: Application time: 0.0294500 seconds
173.597: [GC [PSYoungGen: 7228K->512K(7680K)] 14598K->7881K(25088K), 0.0003590 secs] [Times: user=0.00 sys=0.00, real=0.00 secs] 
173.597: Total time for which application threads were stopped: 0.0004550 seconds, Stopping threads took: 0.0000480 seconds
173.628: Application time: 0.0304260 seconds
173.628: [GC [PSYoungGen: 7164K->512K(7680K)] 14534K->7881K(25088K), 0.0003730 secs] [Times: user=0.00 sys=0.00, real=0.00 secs] 
173.628: Total time for which application threads were stopped: 0.0006800 seconds, Stopping threads took: 0.0002520 seconds
173.648: Application time: 0.0193120 seconds
173.648: [GC [PSYoungGen: 7165K->992K(7680K)] 14535K->8361K(25088K), 0.0004290 secs] [Times: user=0.00 sys=0.00, real=0.00 secs] 
173.648: Total time for which application threads were stopped: 0.0005340 seconds, Stopping threads took: 0.0000550 seconds
173.664: Application time: 0.0163230 seconds
173.665: [GC [PSYoungGen: 7647K->992K(7680K)] 15016K->8361K(25088K), 0.0004290 secs] [Times: user=0.00 sys=0.00, real=0.00 secs] 
173.665: Total time for which application threads were stopped: 0.0005290 seconds, Stopping threads took: 0.0000490 seconds
173.682: Application time: 0.0171420 seconds
173.682: [GC [PSYoungGen: 7644K->960K(7680K)] 15014K->8457K(25088K), 0.0004250 secs] [Times: user=0.00 sys=0.00, real=0.00 secs] 
173.683: Total time for which application threads were stopped: 0.0005280 seconds, Stopping threads took: 0.0000540 seconds
173.705: Application time: 0.0225200 seconds
173.705: [GC [PSYoungGen: 7613K->992K(7680K)] 15111K->8497K(25088K), 0.0004790 secs] [Times: user=0.00 sys=0.00, real=0.00 secs] 
173.706: Total time for which application threads were stopped: 0.0005970 seconds, Stopping threads took: 0.0000600 seconds
173.726: Application time: 0.0202840 seconds
173.726: [GC [PSYoungGen: 7646K->992K(7680K)] 15152K->8521K(25088K), 0.0004360 secs] [Times: user=0.00 sys=0.00, real=0.00 secs] 
173.727: Total time for which application threads were stopped: 0.0005360 seconds, Stopping threads took: 0.0000500 seconds
173.747: Application time: 0.0200510 seconds
173.747: [GC [PSYoungGen: 7646K->960K(7680K)] 15176K->8617K(25088K), 0.0005790 secs] [Times: user=0.00 sys=0.00, real=0.00 secs] 
173.747: Total time for which application threads were stopped: 0.0007090 seconds, Stopping threads took: 0.0000700 seconds
173.774: Application time: 0.0262800 seconds
173.774: [GC [PSYoungGen: 7613K->992K(7680K)] 15271K->8742K(25088K), 0.0004720 secs] [Times: user=0.00 sys=0.00, real=0.00 secs] 
173.774: Total time for which application threads were stopped: 0.0005900 seconds, Stopping threads took: 0.0000640 seconds
173.797: Application time: 0.0224290 seconds
173.797: [GC [PSYoungGen: 7647K->992K(7680K)] 15397K->8979K(25088K), 0.0005160 secs] [Times: user=0.00 sys=0.00, real=0.00 secs] 
173.797: Total time for which application threads were stopped: 0.0006380 seconds, Stopping threads took: 0.0000700 seconds
173.816: Application time: 0.0185690 seconds
173.816: [GC [PSYoungGen: 7648K->992K(7680K)] 15635K->9275K(25088K), 0.0004800 secs] [Times: user=0.00 sys=0.00, real=0.00 secs] 
173.816: Total time for which application threads were stopped: 0.0005770 seconds, Stopping threads took: 0.0000480 seconds
173.832: Application time: 0.0155570 seconds
173.835: [GC [PSYoungGen: 7644K->992K(7680K)] 15927K->9599K(25088K), 0.0005130 secs] [Times: user=0.00 sys=0.00, real=0.00 secs] 
173.836: Total time for which application threads were stopped: 0.0036340 seconds, Stopping threads took: 0.0030560 seconds
173.857: Application time: 0.0209260 seconds
173.857: [GC [PSYoungGen: 7645K->992K(7680K)] 16253K->9607K(25088K), 0.0004440 secs] [Times: user=0.00 sys=0.00, real=0.00 secs] 
173.857: Total time for which application threads were stopped: 0.0005490 seconds, Stopping threads took: 0.0000530 seconds
173.881: Application time: 0.0236810 seconds
173.881: [GC [PSYoungGen: 7646K->1008K(7680K)] 16261K->9935K(25088K), 0.0004870 secs] [Times: user=0.00 sys=0.00, real=0.00 secs] 
173.881: Total time for which application threads were stopped: 0.0005830 seconds, Stopping threads took: 0.0000440 seconds
173.901: Application time: 0.0196150 seconds
173.901: [GC [PSYoungGen: 7662K->1008K(7680K)] 16590K->10327K(25088K), 0.0005010 secs] [Times: user=0.00 sys=0.00, real=0.00 secs] 
173.902: Total time for which application threads were stopped: 0.0006040 seconds, Stopping threads took: 0.0000470 seconds
173.923: Application time: 0.0209310 seconds
173.923: [GC [PSYoungGen: 7661K->944K(7680K)] 16981K->10391K(25088K), 0.0004710 secs] [Times: user=0.00 sys=0.00, real=0.00 secs] 
173.923: Total time for which application threads were stopped: 0.0005770 seconds, Stopping threads took: 0.0000520 seconds
173.949: Application time: 0.0263290 seconds
173.950: [GC [PSYoungGen: 7596K->1008K(7680K)] 17043K->10591K(25088K), 0.0005160 secs] [Times: user=0.00 sys=0.00, real=0.00 secs] 
173.950: Total time for which application threads were stopped: 0.0006280 seconds, Stopping threads took: 0.0000590 seconds
173.979: Application time: 0.0286920 seconds
173.979: [GC [PSYoungGen: 7660K->1008K(7680K)] 17243K->10599K(25088K), 0.0004720 secs] [Times: user=0.00 sys=0.01, real=0.01 secs] 
173.979: Total time for which application threads were stopped: 0.0005760 seconds, Stopping threads took: 0.0000530 seconds
174.007: Application time: 0.0278080 seconds
174.007: [GC [PSYoungGen: 7661K->1008K(7680K)] 17253K->10615K(25088K), 0.0004810 secs] [Times: user=0.01 sys=0.00, real=0.00 secs] 
174.008: Total time for which application threads were stopped: 0.0005810 seconds, Stopping threads took: 0.0000490 seconds
174.037: Application time: 0.0288320 seconds
174.037: [GC [PSYoungGen: 7662K->992K(7680K)] 17270K->10615K(25088K), 0.0005510 secs] [Times: user=0.00 sys=0.00, real=0.00 secs] 
174.037: Total time for which application threads were stopped: 0.0006510 seconds, Stopping threads took: 0.0000510 seconds
174.066: Application time: 0.0290350 seconds
174.066: [GC [PSYoungGen: 7646K->992K(7680K)] 17270K->10615K(25088K), 0.0004690 secs] [Times: user=0.00 sys=0.00, real=0.00 secs] 
174.067: Total time for which application threads were stopped: 0.0005610 seconds, Stopping threads took: 0.0000390 seconds
174.093: Application time: 0.0264030 seconds
174.093: [GC [PSYoungGen: 7644K->992K(7680K)] 17267K->10935K(25088K), 0.0005460 secs] [Times: user=0.00 sys=0.00, real=0.00 secs] 
174.094: Total time for which application threads were stopped: 0.0006640 seconds, Stopping threads took: 0.0000630 seconds
174.122: Application time: 0.0285240 seconds
174.123: [GC [PSYoungGen: 7644K->1008K(7680K)] 17587K->10987K(25088K), 0.0004730 secs] [Times: user=0.00 sys=0.00, real=0.00 secs] 
174.123: Total time for which application threads were stopped: 0.0005830 seconds, Stopping threads took: 0.0000580 seconds
174.150: Application time: 0.0273170 seconds
174.151: [GC [PSYoungGen: 7662K->1008K(7680K)] 17641K->11128K(25088K), 0.0005030 secs] [Times: user=0.01 sys=0.00, real=0.00 secs] 
174.152: Total time for which application threads were stopped: 0.0012950 seconds, Stopping threads took: 0.0007380 seconds
174.181: Application time: 0.0291220 seconds
174.181: [GC [PSYoungGen: 7662K->992K(7680K)] 17783K->11192K(25088K), 0.0004460 secs] [Times: user=0.00 sys=0.00, real=0.00 secs] 
174.181: Total time for which application threads were stopped: 0.0005480 seconds, Stopping threads took: 0.0000500 seconds
174.211: Application time: 0.0292080 seconds
174.211: [GC [PSYoungGen: 7646K->960K(7680K)] 17847K->11184K(25088K), 0.0004950 secs] [Times: user=0.00 sys=0.00, real=0.01 secs] 
174.211: Total time for which application threads were stopped: 0.0005910 seconds, Stopping threads took: 0.0000450 seconds
174.239: Application time: 0.0278230 seconds
174.239: [GC [PSYoungGen: 7614K->992K(7680K)] 17838K->11296K(25088K), 0.0005110 secs] [Times: user=0.00 sys=0.00, real=0.01 secs] 
174.240: Total time for which application threads were stopped: 0.0006090 seconds, Stopping threads took: 0.0000470 seconds
174.267: Application time: 0.0277880 seconds
174.267: [GC [PSYoungGen: 7646K->992K(7680K)] 17950K->11464K(25088K), 0.0004510 secs] [Times: user=0.00 sys=0.00, real=0.00 secs] 
174.268: Total time for which application threads were stopped: 0.0005410 seconds, Stopping threads took: 0.0000400 seconds
174.297: Application time: 0.0294960 seconds
174.297: [GC [PSYoungGen: 7644K->960K(7680K)] 18116K->11464K(25088K), 0.0004450 secs] [Times: user=0.00 sys=0.00, real=0.00 secs] 
174.298: Total time for which application threads were stopped: 0.0005550 seconds, Stopping threads took: 0.0000550 seconds
174.327: Application time: 0.0288310 seconds
174.327: [GC [PSYoungGen: 7612K->992K(7680K)] 18116K->11648K(25088K), 0.0004530 secs] [Times: user=0.01 sys=0.00, real=0.00 secs] 
174.327: Total time for which application threads were stopped: 0.0005690 seconds, Stopping threads took: 0.0000660 seconds
174.356: Application time: 0.0287410 seconds
174.356: [GC [PSYoungGen: 7644K->992K(7680K)] 18300K->11656K(25088K), 0.0004630 secs] [Times: user=0.00 sys=0.00, real=0.00 secs] 
174.357: Total time for which application threads were stopped: 0.0005740 seconds, Stopping threads took: 0.0000500 seconds
174.386: Application time: 0.0297740 seconds
174.387: [GC [PSYoungGen: 7646K->992K(7680K)] 18310K->11688K(25088K), 0.0005110 secs] [Times: user=0.00 sys=0.00, real=0.00 secs] 
174.387: Total time for which application threads were stopped: 0.0005970 seconds, Stopping threads took: 0.0000350 seconds
174.417: Application time: 0.0297610 seconds
174.417: [GC [PSYoungGen: 7646K->960K(7680K)] 18343K->11656K(25088K), 0.0005380 secs] [Times: user=0.00 sys=0.00, real=0.00 secs] 
174.417: Total time for which application threads were stopped: 0.0006510 seconds, Stopping threads took: 0.0000560 seconds
174.447: Application time: 0.0296590 seconds
174.447: [GC [PSYoungGen: 7614K->832K(7680K)] 18311K->11725K(25088K), 0.0004640 secs] [Times: user=0.00 sys=0.00, real=0.00 secs] 
174.448: Total time for which application threads were stopped: 0.0005660 seconds, Stopping threads took: 0.0000520 seconds
174.477: Application time: 0.0297430 seconds
174.478: [GC [PSYoungGen: 7486K->960K(7680K)] 18379K->11853K(25088K), 0.0003880 secs] [Times: user=0.00 sys=0.00, real=0.00 secs] 
174.478: Total time for which application threads were stopped: 0.0004760 seconds, Stopping threads took: 0.0000400 seconds
174.508: Application time: 0.0297300 seconds
174.508: [GC [PSYoungGen: 7614K->832K(7680K)] 18507K->11725K(25088K), 0.0003900 secs] [Times: user=0.00 sys=0.00, real=0.00 secs] 
174.508: Total time for which application threads were stopped: 0.0004880 seconds, Stopping threads took: 0.0000470 seconds
174.538: Application time: 0.0298500 seconds
174.538: [GC [PSYoungGen: 7486K->800K(7680K)] 18379K->11741K(25088K), 0.0003980 secs] [Times: user=0.00 sys=0.00, real=0.00 secs] 
174.538: Total time for which application threads were stopped: 0.0004960 seconds, Stopping threads took: 0.0000460 seconds
174.569: Application time: 0.0300630 seconds
174.569: [GC [PSYoungGen: 7452K->608K(7680K)] 18393K->11749K(25088K), 0.0003960 secs] [Times: user=0.01 sys=0.00, real=0.00 secs] 
174.569: Total time for which application threads were stopped: 0.0004960 seconds, Stopping threads took: 0.0000480 seconds
174.600: Application time: 0.0314390 seconds
174.601: [GC [PSYoungGen: 7259K->576K(7680K)] 18400K->11781K(25088K), 0.0003650 secs] [Times: user=0.00 sys=0.00, real=0.00 secs] 
174.601: Total time for which application threads were stopped: 0.0004730 seconds, Stopping threads took: 0.0000580 seconds
174.631: Application time: 0.0299290 seconds
174.631: [GC [PSYoungGen: 7230K->544K(7680K)] 18435K->11749K(25088K), 0.0003480 secs] [Times: user=0.00 sys=0.00, real=0.01 secs] 
174.631: Total time for which application threads were stopped: 0.0004610 seconds, Stopping threads took: 0.0000570 seconds
174.661: Application time: 0.0297220 seconds
174.661: [GC [PSYoungGen: 7198K->544K(7680K)] 18403K->11749K(25088K), 0.0003950 secs] [Times: user=0.00 sys=0.00, real=0.00 secs] 
174.662: Total time for which application threads were stopped: 0.0004930 seconds, Stopping threads took: 0.0000520 seconds
174.692: Application time: 0.0300160 seconds
174.692: [GC [PSYoungGen: 7198K->512K(7680K)] 18403K->11937K(25088K), 0.0003900 secs] [Times: user=0.00 sys=0.00, real=0.00 secs] 
174.692: Total time for which application threads were stopped: 0.0004850 seconds, Stopping threads took: 0.0000460 seconds
174.722: Application time: 0.0296910 seconds
174.722: [GC [PSYoungGen: 7166K->384K(7680K)] 18592K->11886K(25088K), 0.0003210 secs] [Times: user=0.00 sys=0.00, real=0.00 secs] 
174.722: Total time for which application threads were stopped: 0.0004220 seconds, Stopping threads took: 0.0000520 seconds
174.752: Application time: 0.0299780 seconds
174.752: [GC [PSYoungGen: 7038K->352K(7680K)] 18540K->11854K(25088K), 0.0003670 secs] [Times: user=0.00 sys=0.00, real=0.00 secs] 
174.753: Total time for which application threads were stopped: 0.0004790 seconds, Stopping threads took: 0.0000610 seconds
174.782: Application time: 0.0296340 seconds
174.782: [GC [PSYoungGen: 7006K->352K(7680K)] 18508K->11862K(25088K), 0.0003350 secs] [Times: user=0.00 sys=0.00, real=0.00 secs] 
174.783: Total time for which application threads were stopped: 0.0004270 seconds, Stopping threads took: 0.0000420 seconds
174.812: Application time: 0.0296960 seconds
174.812: [GC [PSYoungGen: 7006K->0K(7680K)] 18516K->11726K(25088K), 0.0003270 secs] [Times: user=0.00 sys=0.00, real=0.00 secs] 
174.813: Total time for which application threads were stopped: 0.0004230 seconds, Stopping threads took: 0.0000470 seconds
174.843: Application time: 0.0296880 seconds
174.843: [GC [PSYoungGen: 6654K->0K(7680K)] 18380K->11726K(25088K), 0.0002980 secs] [Times: user=0.00 sys=0.00, real=0.00 secs] 
174.843: Total time for which application threads were stopped: 0.0003840 seconds, Stopping threads took: 0.0000400 seconds
174.865: Application time: 0.0216850 seconds
174.865: [GC [PSYoungGen: 6654K->384K(7680K)] 18380K->12110K(25088K), 0.0003330 secs] [Times: user=0.00 sys=0.00, real=0.00 secs] 
174.865: Total time for which application threads were stopped: 0.0004370 seconds, Stopping threads took: 0.0000460 seconds
174.886: Application time: 0.0212850 seconds
174.886: [GC [PSYoungGen: 7037K->288K(7680K)] 18763K->12014K(25088K), 0.0003660 secs] [Times: user=0.00 sys=0.00, real=0.00 secs] 
174.887: Total time for which application threads were stopped: 0.0004620 seconds, Stopping threads took: 0.0000450 seconds
174.912: Application time: 0.0256970 seconds
174.913: [GC [PSYoungGen: 6939K->320K(7680K)] 18666K->12046K(25088K), 0.0004240 secs] [Times: user=0.00 sys=0.00, real=0.00 secs] 
174.913: Total time for which application threads were stopped: 0.0005340 seconds, Stopping threads took: 0.0000600 seconds
174.942: Application time: 0.0291580 seconds
174.942: [GC [PSYoungGen: 6972K->288K(7680K)] 18698K->12014K(25088K), 0.0003600 secs] [Times: user=0.01 sys=0.00, real=0.00 secs] 
174.943: Total time for which application threads were stopped: 0.0004560 seconds, Stopping threads took: 0.0000480 seconds
174.971: Application time: 0.0283980 seconds
174.971: [GC [PSYoungGen: 6940K->384K(7680K)] 18666K->12110K(25088K), 0.0003350 secs] [Times: user=0.00 sys=0.00, real=0.00 secs] 
174.971: Total time for which application threads were stopped: 0.0004190 seconds, Stopping threads took: 0.0000370 seconds
175.001: Application time: 0.0295980 seconds
175.001: [GC [PSYoungGen: 7036K->352K(7680K)] 18762K->12078K(25088K), 0.0003380 secs] [Times: user=0.00 sys=0.00, real=0.00 secs] 
175.001: Total time for which application threads were stopped: 0.0004370 seconds, Stopping threads took: 0.0000520 seconds
175.031: Application time: 0.0293310 seconds
175.031: [GC [PSYoungGen: 7006K->352K(7680K)] 18733K->12078K(25088K), 0.0003310 secs] [Times: user=0.00 sys=0.00, real=0.01 secs] 
175.031: Total time for which application threads were stopped: 0.0004240 seconds, Stopping threads took: 0.0000420 seconds
175.061: Application time: 0.0295480 seconds
175.061: [GC [PSYoungGen: 7004K->320K(7680K)] 18730K->12046K(25088K), 0.0003380 secs] [Times: user=0.00 sys=0.00, real=0.00 secs] 
175.061: Total time for which application threads were stopped: 0.0004330 seconds, Stopping threads took: 0.0000500 seconds
175.085: Application time: 0.0242090 seconds
175.086: [GC [PSYoungGen: 6976K->448K(7680K)] 18702K->12174K(25088K), 0.0003290 secs] [Times: user=0.00 sys=0.00, real=0.00 secs] 
175.086: Total time for which application threads were stopped: 0.0004350 seconds, Stopping threads took: 0.0000580 seconds
175.107: Application time: 0.0210850 seconds
175.107: [GC [PSYoungGen: 7100K->512K(7680K)] 18826K->12238K(25088K), 0.0003720 secs] [Times: user=0.00 sys=0.00, real=0.00 secs] 
175.107: Total time for which application threads were stopped: 0.0004640 seconds, Stopping threads took: 0.0000440 seconds
175.131: Application time: 0.0234680 seconds
175.131: [GC [PSYoungGen: 7168K->544K(7680K)] 18894K->12270K(25088K), 0.0004200 secs] [Times: user=0.00 sys=0.00, real=0.00 secs] 
175.132: Total time for which application threads were stopped: 0.0006820 seconds, Stopping threads took: 0.0002100 seconds
175.162: Application time: 0.0300190 seconds
175.162: [GC [PSYoungGen: 7196K->512K(7680K)] 18922K->12238K(25088K), 0.0003840 secs] [Times: user=0.00 sys=0.00, real=0.00 secs] 
175.162: Total time for which application threads were stopped: 0.0004810 seconds, Stopping threads took: 0.0000460 seconds
175.190: Application time: 0.0283820 seconds
175.191: [GC [PSYoungGen: 7164K->544K(7680K)] 18890K->12270K(25088K), 0.0003460 secs] [Times: user=0.01 sys=0.00, real=0.00 secs] 
175.191: Total time for which application threads were stopped: 0.0004390 seconds, Stopping threads took: 0.0000430 seconds
175.220: Application time: 0.0294940 seconds
175.220: [GC [PSYoungGen: 7198K->480K(7680K)] 18925K->12206K(25088K), 0.0004120 secs] [Times: user=0.00 sys=0.00, real=0.00 secs] 
175.221: Total time for which application threads were stopped: 0.0005050 seconds, Stopping threads took: 0.0000440 seconds
175.250: Application time: 0.0294650 seconds
175.250: [GC [PSYoungGen: 7134K->480K(7680K)] 18861K->12206K(25088K), 0.0004190 secs] [Times: user=0.00 sys=0.00, real=0.00 secs] 
175.251: Total time for which application threads were stopped: 0.0005310 seconds, Stopping threads took: 0.0000650 seconds
175.279: Application time: 0.0285890 seconds
175.280: [GC [PSYoungGen: 7132K->544K(7680K)] 18858K->12270K(25088K), 0.0003470 secs] [Times: user=0.00 sys=0.00, real=0.00 secs] 
175.280: Total time for which application threads were stopped: 0.0004440 seconds, Stopping threads took: 0.0000490 seconds
175.308: Application time: 0.0282590 seconds
175.311: [GC [PSYoungGen: 7199K->544K(7680K)] 18925K->12270K(25088K), 0.0004090 secs] [Times: user=0.00 sys=0.00, real=0.00 secs] 
175.312: Total time for which application threads were stopped: 0.0033870 seconds, Stopping threads took: 0.0029270 seconds
175.342: Application time: 0.0300500 seconds
175.342: [GC [PSYoungGen: 7196K->544K(7680K)] 18922K->12270K(25088K), 0.0003800 secs] [Times: user=0.01 sys=0.00, real=0.00 secs] 
175.342: Total time for which application threads were stopped: 0.0004850 seconds, Stopping threads took: 0.0000540 seconds
175.372: Application time: 0.0295370 seconds
175.372: [GC [PSYoungGen: 7198K->512K(7680K)] 18925K->12238K(25088K), 0.0003570 secs] [Times: user=0.00 sys=0.00, real=0.00 secs] 
175.372: Total time for which application threads were stopped: 0.0004610 seconds, Stopping threads took: 0.0000460 seconds
175.395: Application time: 0.0229520 seconds
175.395: [GC [PSYoungGen: 7163K->736K(7680K)] 18889K->12462K(25088K), 0.0004000 secs] [Times: user=0.00 sys=0.00, real=0.00 secs] 
175.396: Total time for which application threads were stopped: 0.0005050 seconds, Stopping threads took: 0.0000540 seconds
175.411: Application time: 0.0156950 seconds
175.411: [GC [PSYoungGen: 7388K->992K(7680K)] 19114K->12726K(25088K), 0.0004300 secs] [Times: user=0.00 sys=0.00, real=0.00 secs] 
175.412: Total time for which application threads were stopped: 0.0005210 seconds, Stopping threads took: 0.0000440 seconds
175.428: Application time: 0.0166620 seconds
175.429: [GC [PSYoungGen: 7646K->960K(7680K)] 19380K->12694K(25088K), 0.0004220 secs] [Times: user=0.00 sys=0.00, real=0.00 secs] 
175.429: Total time for which application threads were stopped: 0.0005150 seconds, Stopping threads took: 0.0000460 seconds
175.448: Application time: 0.0189150 seconds
175.448: [GC [PSYoungGen: 7612K->992K(7680K)] 19347K->12862K(25088K), 0.0005100 secs] [Times: user=0.01 sys=0.00, real=0.00 secs] 
175.448: Total time for which application threads were stopped: 0.0005960 seconds, Stopping threads took: 0.0000360 seconds
175.468: Application time: 0.0193520 seconds
175.468: [GC [PSYoungGen: 7644K->992K(7680K)] 19514K->12870K(25088K), 0.0004680 secs] [Times: user=0.01 sys=0.00, real=0.00 secs] 
175.468: Total time for which application threads were stopped: 0.0005660 seconds, Stopping threads took: 0.0000460 seconds
175.491: Application time: 0.0225340 seconds
175.491: [GC [PSYoungGen: 7646K->1008K(7680K)] 19524K->12926K(25088K), 0.0004440 secs] [Times: user=0.00 sys=0.00, real=0.01 secs] 
175.492: Total time for which application threads were stopped: 0.0005540 seconds, Stopping threads took: 0.0000610 seconds
175.518: Application time: 0.0260910 seconds
175.518: [GC [PSYoungGen: 7660K->992K(7680K)] 19579K->13190K(25088K), 0.0004750 secs] [Times: user=0.01 sys=0.00, real=0.00 secs] 
175.518: Total time for which application threads were stopped: 0.0005880 seconds, Stopping threads took: 0.0000630 seconds
175.541: Application time: 0.0226940 seconds
175.541: [GC [PSYoungGen: 7648K->1008K(7680K)] 19846K->13510K(25088K), 0.0005900 secs] [Times: user=0.00 sys=0.00, real=0.00 secs] 
175.542: Total time for which application threads were stopped: 0.0006940 seconds, Stopping threads took: 0.0000470 seconds
175.561: Application time: 0.0198510 seconds
175.562: [GC [PSYoungGen: 7663K->992K(7680K)] 20165K->13846K(25088K), 0.0005750 secs] [Times: user=0.00 sys=0.00, real=0.00 secs] 
175.562: Total time for which application threads were stopped: 0.0006770 seconds, Stopping threads took: 0.0000520 seconds
175.578: Application time: 0.0162490 seconds
175.578: [GC [PSYoungGen: 7647K->1008K(7680K)] 20501K->14059K(25088K), 0.0004890 secs] [Times: user=0.00 sys=0.00, real=0.00 secs] 
175.579: Total time for which application threads were stopped: 0.0005850 seconds, Stopping threads took: 0.0000430 seconds
175.599: Application time: 0.0202490 seconds
175.599: [GC [PSYoungGen: 7660K->992K(7680K)] 20711K->14207K(25088K), 0.0005390 secs] [Times: user=0.00 sys=0.00, real=0.00 secs] 
175.600: Total time for which application threads were stopped: 0.0006330 seconds, Stopping threads took: 0.0000430 seconds
175.623: Application time: 0.0236660 seconds
175.624: [GC [PSYoungGen: 7646K->992K(7680K)] 20861K->14355K(25088K), 0.0005060 secs] [Times: user=0.00 sys=0.00, real=0.00 secs] 
175.624: Total time for which application threads were stopped: 0.0006050 seconds, Stopping threads took: 0.0000480 seconds
175.644: Application time: 0.0203690 seconds
175.645: [GC [PSYoungGen: 7646K->992K(7680K)] 21009K->14551K(25088K), 0.0004970 secs] [Times: user=0.00 sys=0.00, real=0.00 secs] 
175.645: Total time for which application threads were stopped: 0.0006230 seconds, Stopping threads took: 0.0000600 seconds
175.665: Application time: 0.0201400 seconds
175.665: [GC [PSYoungGen: 7645K->1008K(7680K)] 21205K->14607K(25088K), 0.0004570 secs] [Times: user=0.00 sys=0.00, real=0.00 secs] 
175.666: Total time for which application threads were stopped: 0.0005660 seconds, Stopping threads took: 0.0000570 seconds
175.690: Application time: 0.0241260 seconds
175.690: [GC [PSYoungGen: 7662K->1008K(7680K)] 21261K->14743K(25088K), 0.0004530 secs] [Times: user=0.00 sys=0.00, real=0.00 secs] 
175.690: Total time for which application threads were stopped: 0.0005380 seconds, Stopping threads took: 0.0000360 seconds
175.719: Application time: 0.0285880 seconds
175.719: [GC [PSYoungGen: 7660K->1008K(7680K)] 21396K->14743K(25088K), 0.0004960 secs] [Times: user=0.00 sys=0.00, real=0.00 secs] 
175.720: Total time for which application threads were stopped: 0.0005880 seconds, Stopping threads took: 0.0000430 seconds
175.748: Application time: 0.0284210 seconds
175.748: [GC [PSYoungGen: 7661K->976K(7680K)] 21397K->14743K(25088K), 0.0005740 secs] [Times: user=0.00 sys=0.00, real=0.00 secs] 
175.749: Total time for which application threads were stopped: 0.0007200 seconds, Stopping threads took: 0.0000800 seconds
175.778: Application time: 0.0290390 seconds
175.778: [GC [PSYoungGen: 7630K->944K(7680K)] 21398K->14711K(25088K), 0.0004950 secs] [Times: user=0.00 sys=0.00, real=0.00 secs] 
175.778: Total time for which application threads were stopped: 0.0006120 seconds, Stopping threads took: 0.0000660 seconds
175.807: Application time: 0.0289360 seconds
175.807: [GC [PSYoungGen: 7598K->992K(7680K)] 21366K->14767K(25088K), 0.0004330 secs] [Times: user=0.00 sys=0.00, real=0.00 secs] 
175.808: Total time for which application threads were stopped: 0.0005330 seconds, Stopping threads took: 0.0000470 seconds
175.834: Application time: 0.0264930 seconds
175.835: [GC [PSYoungGen: 7647K->1008K(7680K)] 21423K->14999K(25088K), 0.0004770 secs] [Times: user=0.00 sys=0.00, real=0.00 secs] 
175.835: Total time for which application threads were stopped: 0.0005780 seconds, Stopping threads took: 0.0000530 seconds
175.863: Application time: 0.0282350 seconds
175.863: [GC [PSYoungGen: 7660K->992K(7680K)] 21651K->15047K(25088K), 0.0005080 secs] [Times: user=0.00 sys=0.00, real=0.00 secs] 
175.864: Total time for which application threads were stopped: 0.0006150 seconds, Stopping threads took: 0.0000530 seconds
175.893: Application time: 0.0287250 seconds
175.893: [GC [PSYoungGen: 7646K->1008K(7680K)] 21702K->15263K(25088K), 0.0004510 secs] [Times: user=0.01 sys=0.00, real=0.00 secs] 
175.893: Total time for which application threads were stopped: 0.0005690 seconds, Stopping threads took: 0.0000590 seconds
175.922: Application time: 0.0284560 seconds
175.922: [GC [PSYoungGen: 7662K->992K(7680K)] 21918K->15343K(25088K), 0.0004700 secs] [Times: user=0.00 sys=0.00, real=0.00 secs] 
175.922: Total time for which application threads were stopped: 0.0005750 seconds, Stopping threads took: 0.0000530 seconds
175.951: Application time: 0.0292360 seconds
175.951: [GC [PSYoungGen: 7646K->976K(7680K)] 21998K->15335K(25088K), 0.0004130 secs] [Times: user=0.00 sys=0.00, real=0.00 secs] 
175.952: Total time for which application threads were stopped: 0.0005120 seconds, Stopping threads took: 0.0000470 seconds
175.981: Application time: 0.0286470 seconds
175.981: [GC [PSYoungGen: 7628K->992K(7680K)] 21988K->15383K(25088K), 0.0004210 secs] [Times: user=0.00 sys=0.00, real=0.00 secs] 
175.981: Total time for which application threads were stopped: 0.0005200 seconds, Stopping threads took: 0.0000460 seconds
176.008: Application time: 0.0272300 seconds
176.008: [GC [PSYoungGen: 7647K->1008K(7680K)] 22039K->15543K(25088K), 0.0004620 secs] [Times: user=0.00 sys=0.00, real=0.00 secs] 
176.009: Total time for which application threads were stopped: 0.0005600 seconds, Stopping threads took: 0.0000460 seconds
176.039: Application time: 0.0298030 seconds
176.039: [GC [PSYoungGen: 7662K->928K(7680K)] 22198K->15463K(25088K), 0.0004450 secs] [Times: user=0.00 sys=0.00, real=0.01 secs] 
176.039: Total time for which application threads were stopped: 0.0005470 seconds, Stopping threads took: 0.0000430 seconds
176.068: Application time: 0.0287080 seconds
176.068: [GC [PSYoungGen: 7580K->992K(7680K)] 22116K->15559K(25088K), 0.0004340 secs] [Times: user=0.01 sys=0.00, real=0.00 secs] 
176.068: Total time for which application threads were stopped: 0.0005290 seconds, Stopping threads took: 0.0000420 seconds
176.097: Application time: 0.0288130 seconds
176.097: [GC [PSYoungGen: 7645K->992K(7680K)] 22213K->15567K(25088K), 0.0004400 secs] [Times: user=0.00 sys=0.00, real=0.00 secs] 
176.098: Total time for which application threads were stopped: 0.0005520 seconds, Stopping threads took: 0.0000580 seconds
176.129: Application time: 0.0309380 seconds
176.129: [GC [PSYoungGen: 7646K->928K(7680K)] 22222K->15552K(25088K), 0.0004780 secs] [Times: user=0.00 sys=0.00, real=0.00 secs] 
176.129: Total time for which application threads were stopped: 0.0005910 seconds, Stopping threads took: 0.0000580 seconds
176.159: Application time: 0.0300150 seconds
176.159: [GC [PSYoungGen: 7582K->960K(7680K)] 22206K->15584K(25088K), 0.0004170 secs] [Times: user=0.00 sys=0.00, real=0.00 secs] 
176.160: Total time for which application threads were stopped: 0.0005110 seconds, Stopping threads took: 0.0000440 seconds
176.190: Application time: 0.0299420 seconds
176.190: [GC [PSYoungGen: 7614K->960K(7680K)] 22238K->15592K(25088K), 0.0004690 secs] [Times: user=0.00 sys=0.00, real=0.00 secs] 
176.190: Total time for which application threads were stopped: 0.0005540 seconds, Stopping threads took: 0.0000380 seconds
176.220: Application time: 0.0296760 seconds
176.220: [GC [PSYoungGen: 7614K->960K(7680K)] 22246K->15592K(25088K), 0.0004030 secs] [Times: user=0.00 sys=0.00, real=0.00 secs] 
176.221: Total time for which application threads were stopped: 0.0004960 seconds, Stopping threads took: 0.0000460 seconds
176.251: Application time: 0.0303330 seconds
176.251: [GC [PSYoungGen: 7614K->992K(7680K)] 22246K->15624K(25088K), 0.0004040 secs] [Times: user=0.00 sys=0.00, real=0.01 secs] 
176.251: Total time for which application threads were stopped: 0.0005030 seconds, Stopping threads took: 0.0000470 seconds
176.281: Application time: 0.0298540 seconds
176.281: [GC [PSYoungGen: 7646K->992K(7680K)] 22278K->15656K(25088K), 0.0003750 secs] [Times: user=0.00 sys=0.00, real=0.00 secs] 
176.282: Total time for which application threads were stopped: 0.0004710 seconds, Stopping threads took: 0.0000470 seconds
176.312: Application time: 0.0299480 seconds
176.312: [GC [PSYoungGen: 7646K->768K(7680K)] 22310K->15636K(25088K), 0.0004730 secs] [Times: user=0.01 sys=0.00, real=0.00 secs] 
176.312: Total time for which application threads were stopped: 0.0005790 seconds, Stopping threads took: 0.0000530 seconds
176.342: Application time: 0.0298580 seconds
176.342: [GC [PSYoungGen: 7422K->736K(7680K)] 22291K->15604K(25088K), 0.0003970 secs] [Times: user=0.01 sys=0.00, real=0.00 secs] 
176.343: Total time for which application threads were stopped: 0.0005030 seconds, Stopping threads took: 0.0000510 seconds
176.373: Application time: 0.0304490 seconds
176.373: [GC [PSYoungGen: 7390K->576K(7680K)] 22259K->15665K(25088K), 0.0003860 secs] [Times: user=0.00 sys=0.00, real=0.00 secs] 
176.374: Total time for which application threads were stopped: 0.0004690 seconds, Stopping threads took: 0.0000310 seconds
176.403: Application time: 0.0299190 seconds
176.404: [GC [PSYoungGen: 7230K->576K(7680K)] 22319K->15665K(25088K), 0.0003480 secs] [Times: user=0.00 sys=0.00, real=0.00 secs] 
176.404: Total time for which application threads were stopped: 0.0004500 seconds, Stopping threads took: 0.0000440 seconds
176.434: Application time: 0.0299420 seconds
176.434: [GC [PSYoungGen: 7230K->544K(7680K)] 22319K->15633K(25088K), 0.0003750 secs] [Times: user=0.00 sys=0.00, real=0.00 secs] 
176.434: Total time for which application threads were stopped: 0.0004730 seconds, Stopping threads took: 0.0000500 seconds
176.465: Application time: 0.0301650 seconds
176.465: [GC [PSYoungGen: 7198K->256K(7680K)] 22287K->15618K(25088K), 0.0004230 secs] [Times: user=0.00 sys=0.00, real=0.00 secs] 
176.465: Total time for which application threads were stopped: 0.0005260 seconds, Stopping threads took: 0.0000500 seconds
176.495: Application time: 0.0297790 seconds
176.495: [GC [PSYoungGen: 6910K->352K(7680K)] 22272K->15714K(25088K), 0.0003330 secs] [Times: user=0.00 sys=0.00, real=0.00 secs] 
176.495: Total time for which application threads were stopped: 0.0004310 seconds, Stopping threads took: 0.0000480 seconds
176.525: Application time: 0.0296750 seconds
176.525: [GC [PSYoungGen: 7006K->416K(7680K)] 22368K->15786K(25088K), 0.0003870 secs] [Times: user=0.01 sys=0.00, real=0.00 secs] 
176.525: Total time for which application threads were stopped: 0.0004850 seconds, Stopping threads took: 0.0000520 seconds
176.555: Application time: 0.0298130 seconds
176.555: [GC [PSYoungGen: 7070K->0K(7680K)] 22440K->15614K(25088K), 0.0003290 secs] [Times: user=0.00 sys=0.00, real=0.00 secs] 
176.556: Total time for which application threads were stopped: 0.0004150 seconds, Stopping threads took: 0.0000360 seconds
176.584: Application time: 0.0287990 seconds
176.585: [GC [PSYoungGen: 6652K->352K(7680K)] 22267K->15966K(25088K), 0.0003520 secs] [Times: user=0.01 sys=0.00, real=0.00 secs] 
176.585: Total time for which application threads were stopped: 0.0004420 seconds, Stopping threads took: 0.0000430 seconds
176.606: Application time: 0.0207980 seconds
176.606: [GC [PSYoungGen: 7007K->352K(7680K)] 22622K->15966K(25088K), 0.0003650 secs] [Times: user=0.00 sys=0.00, real=0.00 secs] 
176.606: Total time for which application threads were stopped: 0.0004610 seconds, Stopping threads took: 0.0000460 seconds
176.627: Application time: 0.0213410 seconds
176.628: [GC [PSYoungGen: 7005K->352K(7680K)] 22619K->15966K(25088K), 0.0003280 secs] [Times: user=0.01 sys=0.00, real=0.00 secs] 
176.628: Total time for which application threads were stopped: 0.0004290 seconds, Stopping threads took: 0.0000560 seconds
176.657: Application time: 0.0286890 seconds
176.657: [GC [PSYoungGen: 7004K->384K(7680K)] 22619K->15998K(25088K), 0.0003460 secs] [Times: user=0.00 sys=0.00, real=0.00 secs] 
176.657: Total time for which application threads were stopped: 0.0004530 seconds, Stopping threads took: 0.0000570 seconds
176.686: Application time: 0.0291660 seconds
176.686: [GC [PSYoungGen: 7036K->480K(7680K)] 22650K->16094K(25088K), 0.0003590 secs] [Times: user=0.00 sys=0.00, real=0.00 secs] 
176.687: Total time for which application threads were stopped: 0.0004600 seconds, Stopping threads took: 0.0000470 seconds
176.715: Application time: 0.0284750 seconds
176.715: [GC [PSYoungGen: 7132K->384K(7680K)] 22746K->15998K(25088K), 0.0003440 secs] [Times: user=0.00 sys=0.00, real=0.00 secs] 
176.716: Total time for which application threads were stopped: 0.0004350 seconds, Stopping threads took: 0.0000430 seconds
176.745: Application time: 0.0296690 seconds
176.745: [GC [PSYoungGen: 7036K->352K(7680K)] 22650K->15966K(25088K), 0.0003310 secs] [Times: user=0.00 sys=0.00, real=0.00 secs] 
176.746: Total time for which application threads were stopped: 0.0004180 seconds, Stopping threads took: 0.0000360 seconds
176.775: Application time: 0.0296430 seconds
176.775: [GC [PSYoungGen: 7006K->320K(7680K)] 22621K->15934K(25088K), 0.0004170 secs] [Times: user=0.01 sys=0.00, real=0.00 secs] 
176.776: Total time for which application threads were stopped: 0.0005250 seconds, Stopping threads took: 0.0000530 seconds
176.805: Application time: 0.0295900 seconds
176.806: [GC [PSYoungGen: 6972K->352K(7680K)] 22586K->15966K(25088K), 0.0003270 secs] [Times: user=0.00 sys=0.00, real=0.00 secs] 
176.806: Total time for which application threads were stopped: 0.0004310 seconds, Stopping threads took: 0.0000530 seconds
176.829: Application time: 0.0231110 seconds
176.829: [GC [PSYoungGen: 7003K->512K(7680K)] 22618K->16126K(25088K), 0.0003630 secs] [Times: user=0.00 sys=0.00, real=0.00 secs] 
176.829: Total time for which application threads were stopped: 0.0004500 seconds, Stopping threads took: 0.0000380 seconds
176.851: Application time: 0.0214520 seconds
176.851: [GC [PSYoungGen: 7165K->512K(7680K)] 22779K->16126K(25088K), 0.0003870 secs] [Times: user=0.00 sys=0.00, real=0.01 secs] 
176.851: Total time for which application threads were stopped: 0.0004950 seconds, Stopping threads took: 0.0000550 seconds
176.875: Application time: 0.0240240 seconds
176.876: [GC [PSYoungGen: 7165K->544K(7680K)] 22780K->16158K(25088K), 0.0003790 secs] [Times: user=0.00 sys=0.00, real=0.00 secs] 
176.876: Total time for which application threads were stopped: 0.0004820 seconds, Stopping threads took: 0.0000520 seconds
176.905: Application time: 0.0292200 seconds
176.905: [GC [PSYoungGen: 7198K->512K(7680K)] 22812K->16126K(25088K), 0.0003710 secs] [Times: user=0.01 sys=0.00, real=0.00 secs] 
176.906: Total time for which application threads were stopped: 0.0004830 seconds, Stopping threads took: 0.0000560 seconds
176.934: Application time: 0.0283070 seconds
176.934: [GC [PSYoungGen: 7166K->544K(7680K)] 22780K->16158K(25088K), 0.0004280 secs] [Times: user=0.00 sys=0.00, real=0.00 secs] 
176.936: Total time for which application threads were stopped: 0.0015810 seconds, Stopping threads took: 0.0000560 seconds
176.965: Application time: 0.0295870 seconds
176.965: [GC [PSYoungGen: 7198K->512K(7680K)] 22813K->16126K(25088K), 0.0004020 secs] [Times: user=0.00 sys=0.00, real=0.00 secs] 
176.966: Total time for which application threads were stopped: 0.0005040 seconds, Stopping threads took: 0.0000520 seconds
176.995: Application time: 0.0298050 seconds
176.995: [GC [PSYoungGen: 7166K->640K(7680K)] 22781K->16254K(25088K), 0.0003850 secs] [Times: user=0.00 sys=0.00, real=0.00 secs] 
176.996: Total time for which application threads were stopped: 0.0004890 seconds, Stopping threads took: 0.0000540 seconds
177.025: Application time: 0.0285990 seconds
177.025: [GC [PSYoungGen: 7292K->512K(7680K)] 22906K->16126K(25088K), 0.0003530 secs] [Times: user=0.00 sys=0.00, real=0.00 secs] 
177.025: Total time for which application threads were stopped: 0.0004460 seconds, Stopping threads took: 0.0000460 seconds
177.053: Application time: 0.0282810 seconds
177.053: [GC [PSYoungGen: 7164K->512K(7680K)] 22779K->16126K(25088K), 0.0004410 secs] [Times: user=0.00 sys=0.00, real=0.00 secs] 
177.054: Total time for which application threads were stopped: 0.0005420 seconds, Stopping threads took: 0.0000510 seconds
177.083: Application time: 0.0295590 seconds
177.083: [GC [PSYoungGen: 7166K->512K(7680K)] 22781K->16126K(25088K), 0.0003560 secs] [Times: user=0.01 sys=0.00, real=0.00 secs] 
177.084: Total time for which application threads were stopped: 0.0004570 seconds, Stopping threads took: 0.0000510 seconds
177.113: Application time: 0.0296040 seconds
177.113: [GC [PSYoungGen: 7164K->544K(7680K)] 22778K->16158K(25088K), 0.0003740 secs] [Times: user=0.00 sys=0.00, real=0.00 secs] 
177.114: Total time for which application threads were stopped: 0.0004720 seconds, Stopping threads took: 0.0000500 seconds
177.137: Application time: 0.0228970 seconds
177.137: [GC [PSYoungGen: 7198K->768K(7680K)] 22813K->16382K(25088K), 0.0004480 secs] [Times: user=0.01 sys=0.00, real=0.00 secs] 
177.137: Total time for which application threads were stopped: 0.0005470 seconds, Stopping threads took: 0.0000520 seconds
177.156: Application time: 0.0189720 seconds
177.156: [GC [PSYoungGen: 7422K->960K(7680K)] 23036K->16702K(25088K), 0.0004340 secs] [Times: user=0.00 sys=0.00, real=0.00 secs] 
177.157: Total time for which application threads were stopped: 0.0005330 seconds, Stopping threads took: 0.0000490 seconds
177.173: Application time: 0.0161070 seconds
177.173: [GC [PSYoungGen: 7615K->848K(7680K)] 23357K->16590K(25088K), 0.0004090 secs] [Times: user=0.00 sys=0.00, real=0.00 secs] 
177.173: Total time for which application threads were stopped: 0.0005000 seconds, Stopping threads took: 0.0000400 seconds
177.194: Application time: 0.0208740 seconds
177.194: [GC [PSYoungGen: 7499K->832K(7680K)] 23242K->16574K(25088K), 0.0003910 secs] [Times: user=0.00 sys=0.00, real=0.00 secs] 
177.195: Total time for which application threads were stopped: 0.0004870 seconds, Stopping threads took: 0.0000480 seconds
177.214: Application time: 0.0191030 seconds
177.214: [GC [PSYoungGen: 7484K->992K(7680K)] 23227K->16750K(25088K), 0.0004950 secs] [Times: user=0.00 sys=0.00, real=0.00 secs] 
177.214: Total time for which application threads were stopped: 0.0005860 seconds, Stopping threads took: 0.0000390 seconds
177.235: Application time: 0.0208230 seconds
177.235: [GC [PSYoungGen: 7645K->992K(7680K)] 23404K->16750K(25088K), 0.0004230 secs] [Times: user=0.00 sys=0.00, real=0.00 secs] 
177.236: Total time for which application threads were stopped: 0.0005220 seconds, Stopping threads took: 0.0000510 seconds
177.259: Application time: 0.0229060 seconds
177.259: [GC [PSYoungGen: 7646K->992K(7680K)] 23405K->16926K(25088K), 0.0004830 secs] [Times: user=0.00 sys=0.00, real=0.01 secs] 
177.259: Total time for which application threads were stopped: 0.0005870 seconds, Stopping threads took: 0.0000470 seconds
177.285: Application time: 0.0258170 seconds
177.285: [GC [PSYoungGen: 7646K->992K(7680K)] 23581K->17190K(25088K), 0.0005050 secs] [Times: user=0.00 sys=0.00, real=0.00 secs] 
177.286: Total time for which application threads were stopped: 0.0006070 seconds, Stopping threads took: 0.0000500 seconds
177.306: Application time: 0.0202670 seconds
177.306: [GC [PSYoungGen: 7644K->1008K(7680K)] 23843K->17366K(25088K), 0.0005020 secs] [Times: user=0.00 sys=0.00, real=0.00 secs] 
177.307: Total time for which application threads were stopped: 0.0006200 seconds, Stopping threads took: 0.0000690 seconds
177.324: Application time: 0.0176020 seconds
177.324: [GC [PSYoungGen: 7662K->1008K(7680K)] 24021K->17727K(25088K), 0.0005460 secs] [Times: user=0.00 sys=0.00, real=0.00 secs] 
177.325: Total time for which application threads were stopped: 0.0006400 seconds, Stopping threads took: 0.0000440 seconds
177.343: Application time: 0.0177750 seconds
177.343: [GC [PSYoungGen: 7661K->992K(7680K)] 24380K->18007K(25088K), 0.0005350 secs] [Times: user=0.01 sys=0.00, real=0.00 secs] 
177.343: Total time for which application threads were stopped: 0.0006370 seconds, Stopping threads took: 0.0000510 seconds
177.364: Application time: 0.0206770 seconds
177.364: [GC [PSYoungGen: 7646K->1008K(7680K)] 24660K->18279K(25088K), 0.0004870 secs] [Times: user=0.00 sys=0.00, real=0.00 secs] 
177.365: [Full GC [PSYoungGen: 1008K->0K(7680K)] [ParOldGen: 17271K->3323K(17408K)] 18279K->3323K(25088K) [PSPermGen: 5574K->5574K(21504K)], 0.0044530 secs] [Times: user=0.02 sys=0.00, real=0.00 secs] 
177.369: Total time for which application threads were stopped: 0.0051210 seconds, Stopping threads took: 0.0000640 seconds
177.391: Application time: 0.0214290 seconds
177.391: [GC [PSYoungGen: 6654K->384K(7680K)] 9977K->3707K(25088K), 0.0003880 secs] [Times: user=0.00 sys=0.00, real=0.00 secs] 
177.391: Total time for which application threads were stopped: 0.0004900 seconds, Stopping threads took: 0.0000480 seconds
177.411: Application time: 0.0200990 seconds
177.411: [GC [PSYoungGen: 7037K->512K(7680K)] 10361K->3835K(25088K), 0.0003390 secs] [Times: user=0.00 sys=0.00, real=0.00 secs] 
177.412: Total time for which application threads were stopped: 0.0004440 seconds, Stopping threads took: 0.0000470 seconds
177.434: Application time: 0.0227540 seconds
177.434: [GC [PSYoungGen: 7165K->736K(7680K)] 10488K->4059K(25088K), 0.0003630 secs] [Times: user=0.00 sys=0.00, real=0.00 secs] 
177.435: Total time for which application threads were stopped: 0.0004620 seconds, Stopping threads took: 0.0000500 seconds
177.463: Application time: 0.0285120 seconds
177.463: [GC [PSYoungGen: 7388K->704K(7680K)] 10711K->4027K(25088K), 0.0003990 secs] [Times: user=0.00 sys=0.00, real=0.00 secs] 
177.464: Total time for which application threads were stopped: 0.0005060 seconds, Stopping threads took: 0.0000580 seconds
177.492: Application time: 0.0279120 seconds
177.492: [GC [PSYoungGen: 7356K->688K(7680K)] 10679K->4011K(25088K), 0.0004220 secs] [Times: user=0.00 sys=0.00, real=0.00 secs] 
177.492: Total time for which application threads were stopped: 0.0005150 seconds, Stopping threads took: 0.0000420 seconds
177.522: Application time: 0.0293900 seconds
177.522: [GC [PSYoungGen: 7344K->736K(7680K)] 10667K->4059K(25088K), 0.0003600 secs] [Times: user=0.00 sys=0.00, real=0.00 secs] 
177.522: Total time for which application threads were stopped: 0.0004540 seconds, Stopping threads took: 0.0000440 seconds
177.551: Application time: 0.0289770 seconds
177.551: [GC [PSYoungGen: 7390K->672K(7680K)] 10714K->3995K(25088K), 0.0003830 secs] [Times: user=0.00 sys=0.00, real=0.00 secs] 
177.552: Total time for which application threads were stopped: 0.0004910 seconds, Stopping threads took: 0.0000560 seconds
177.579: Application time: 0.0274930 seconds
177.583: [GC [PSYoungGen: 7326K->928K(7680K)] 10649K->4251K(25088K), 0.0004070 secs] [Times: user=0.00 sys=0.00, real=0.00 secs] 
177.584: Total time for which application threads were stopped: 0.0044840 seconds, Stopping threads took: 0.0040280 seconds
177.611: Application time: 0.0278410 seconds
177.612: [GC [PSYoungGen: 7582K->992K(7680K)] 10905K->4443K(25088K), 0.0005090 secs] [Times: user=0.00 sys=0.00, real=0.00 secs] 
177.612: Total time for which application threads were stopped: 0.0006440 seconds, Stopping threads took: 0.0000820 seconds
177.641: Application time: 0.0291450 seconds
177.641: [GC [PSYoungGen: 7645K->992K(7680K)] 11097K->4579K(25088K), 0.0004730 secs] [Times: user=0.00 sys=0.00, real=0.00 secs] 
177.642: Total time for which application threads were stopped: 0.0005910 seconds, Stopping threads took: 0.0000650 seconds
177.670: Application time: 0.0284690 seconds
177.670: [GC [PSYoungGen: 7644K->992K(7680K)] 11231K->4627K(25088K), 0.0004250 secs] [Times: user=0.00 sys=0.00, real=0.00 secs] 
177.671: Total time for which application threads were stopped: 0.0005290 seconds, Stopping threads took: 0.0000530 seconds
177.700: Application time: 0.0294150 seconds
177.700: [GC [PSYoungGen: 7646K->992K(7680K)] 11282K->4635K(25088K), 0.0004750 secs] [Times: user=0.00 sys=0.00, real=0.00 secs] 
177.701: Total time for which application threads were stopped: 0.0005800 seconds, Stopping threads took: 0.0000550 seconds
177.730: Application time: 0.0292700 seconds
177.730: [GC [PSYoungGen: 7646K->896K(7680K)] 11289K->4539K(25088K), 0.0004670 secs] [Times: user=0.00 sys=0.00, real=0.00 secs] 
177.731: Total time for which application threads were stopped: 0.0005660 seconds, Stopping threads took: 0.0000480 seconds
177.759: Application time: 0.0285410 seconds
177.759: [GC [PSYoungGen: 7548K->992K(7680K)] 11192K->4643K(25088K), 0.0004870 secs] [Times: user=0.00 sys=0.00, real=0.00 secs] 
177.760: Total time for which application threads were stopped: 0.0005970 seconds, Stopping threads took: 0.0000560 seconds
177.788: Application time: 0.0280560 seconds
177.788: [GC [PSYoungGen: 7646K->992K(7680K)] 11297K->4779K(25088K), 0.0004450 secs] [Times: user=0.01 sys=0.00, real=0.00 secs] 
177.788: Total time for which application threads were stopped: 0.0005380 seconds, Stopping threads took: 0.0000420 seconds
177.817: Application time: 0.0287320 seconds
177.817: [GC [PSYoungGen: 7644K->992K(7680K)] 11431K->4803K(25088K), 0.0004230 secs] [Times: user=0.00 sys=0.00, real=0.00 secs] 
177.818: Total time for which application threads were stopped: 0.0005140 seconds, Stopping threads took: 0.0000400 seconds
177.847: Application time: 0.0289660 seconds
177.847: [GC [PSYoungGen: 7644K->992K(7680K)] 11455K->4939K(25088K), 0.0004370 secs] [Times: user=0.00 sys=0.00, real=0.00 secs] 
177.847: Total time for which application threads were stopped: 0.0005520 seconds, Stopping threads took: 0.0000620 seconds
177.877: Application time: 0.0301030 seconds
177.877: [GC [PSYoungGen: 7644K->896K(7680K)] 11591K->4883K(25088K), 0.0004660 secs] [Times: user=0.01 sys=0.00, real=0.00 secs] 
177.878: Total time for which application threads were stopped: 0.0005620 seconds, Stopping threads took: 0.0000450 seconds
177.908: Application time: 0.0298210 seconds
177.908: [GC [PSYoungGen: 7550K->864K(7680K)] 11538K->4851K(25088K), 0.0003870 secs] [Times: user=0.01 sys=0.00, real=0.00 secs] 
177.908: Total time for which application threads were stopped: 0.0004940 seconds, Stopping threads took: 0.0000570 seconds
177.938: Application time: 0.0300010 seconds
177.938: [GC [PSYoungGen: 7516K->896K(7680K)] 11503K->4891K(25088K), 0.0004580 secs] [Times: user=0.00 sys=0.00, real=0.00 secs] 
177.939: Total time for which application threads were stopped: 0.0005830 seconds, Stopping threads took: 0.0000580 seconds
177.968: Application time: 0.0298020 seconds
177.969: [GC [PSYoungGen: 7550K->896K(7680K)] 11546K->4891K(25088K), 0.0003970 secs] [Times: user=0.00 sys=0.00, real=0.00 secs] 
177.969: Total time for which application threads were stopped: 0.0004950 seconds, Stopping threads took: 0.0000500 seconds
177.999: Application time: 0.0299640 seconds
177.999: [GC [PSYoungGen: 7550K->896K(7680K)] 11546K->4891K(25088K), 0.0004320 secs] [Times: user=0.00 sys=0.00, real=0.01 secs] 
177.999: Total time for which application threads were stopped: 0.0005280 seconds, Stopping threads took: 0.0000460 seconds
178.029: Application time: 0.0299630 seconds
178.030: [GC [PSYoungGen: 7550K->832K(7680K)] 11546K->4891K(25088K), 0.0003770 secs] [Times: user=0.00 sys=0.00, real=0.00 secs] 
178.030: Total time for which application threads were stopped: 0.0004920 seconds, Stopping threads took: 0.0000630 seconds
178.060: Application time: 0.0301380 seconds
178.060: [GC [PSYoungGen: 7486K->736K(7680K)] 11546K->4872K(25088K), 0.0003720 secs] [Times: user=0.00 sys=0.00, real=0.00 secs] 
178.061: Total time for which application threads were stopped: 0.0004670 seconds, Stopping threads took: 0.0000470 seconds
178.091: Application time: 0.0300140 seconds
178.091: [GC [PSYoungGen: 7390K->768K(7680K)] 11526K->4920K(25088K), 0.0004060 secs] [Times: user=0.00 sys=0.01, real=0.01 secs] 
178.091: Total time for which application threads were stopped: 0.0005140 seconds, Stopping threads took: 0.0000500 seconds
178.121: Application time: 0.0298860 seconds
178.123: [GC [PSYoungGen: 7422K->544K(7680K)] 11574K->4916K(25088K), 0.0003990 secs] [Times: user=0.00 sys=0.00, real=0.00 secs] 
178.124: Total time for which application threads were stopped: 0.0025680 seconds, Stopping threads took: 0.0021200 seconds
178.154: Application time: 0.0303500 seconds
178.155: [GC [PSYoungGen: 7198K->512K(7680K)] 11571K->4884K(25088K), 0.0005240 secs] [Times: user=0.00 sys=0.00, real=0.00 secs] 
178.156: Total time for which application threads were stopped: 0.0018120 seconds, Stopping threads took: 0.0012140 seconds
178.186: Application time: 0.0303470 seconds
178.186: [GC [PSYoungGen: 7166K->576K(7680K)] 11539K->4948K(25088K), 0.0003900 secs] [Times: user=0.00 sys=0.00, real=0.00 secs] 
178.187: Total time for which application threads were stopped: 0.0004970 seconds, Stopping threads took: 0.0000550 seconds
178.217: Application time: 0.0301930 seconds
178.217: [GC [PSYoungGen: 7230K->288K(7680K)] 11603K->4873K(25088K), 0.0004110 secs] [Times: user=0.00 sys=0.00, real=0.00 secs] 
178.217: Total time for which application threads were stopped: 0.0005080 seconds, Stopping threads took: 0.0000480 seconds
178.247: Application time: 0.0296400 seconds
178.247: [GC [PSYoungGen: 6942K->288K(7680K)] 11527K->4949K(25088K), 0.0003390 secs] [Times: user=0.00 sys=0.00, real=0.00 secs] 
178.247: Total time for which application threads were stopped: 0.0004390 seconds, Stopping threads took: 0.0000510 seconds
178.277: Application time: 0.0296390 seconds
178.277: [GC [PSYoungGen: 6942K->352K(7680K)] 11604K->5021K(25088K), 0.0003010 secs] [Times: user=0.00 sys=0.00, real=0.00 secs] 
178.277: Total time for which application threads were stopped: 0.0004010 seconds, Stopping threads took: 0.0000490 seconds
178.307: Application time: 0.0296000 seconds
178.307: [GC [PSYoungGen: 7006K->0K(7680K)] 11676K->5013K(25088K), 0.0003440 secs] [Times: user=0.00 sys=0.00, real=0.00 secs] 
178.307: Total time for which application threads were stopped: 0.0004640 seconds, Stopping threads took: 0.0000700 seconds
178.334: Application time: 0.0265110 seconds
178.334: [GC [PSYoungGen: 6656K->352K(7680K)] 11669K->5365K(25088K), 0.0003160 secs] [Times: user=0.00 sys=0.00, real=0.00 secs] 
178.334: Total time for which application threads were stopped: 0.0004030 seconds, Stopping threads took: 0.0000400 seconds
178.355: Application time: 0.0207810 seconds
178.355: [GC [PSYoungGen: 7005K->288K(7680K)] 12019K->5301K(25088K), 0.0003530 secs] [Times: user=0.00 sys=0.00, real=0.00 secs] 
178.356: Total time for which application threads were stopped: 0.0004340 seconds, Stopping threads took: 0.0000370 seconds
178.378: Application time: 0.0219430 seconds
178.379: [GC [PSYoungGen: 6939K->480K(7680K)] 11953K->5493K(25088K), 0.0004460 secs] [Times: user=0.01 sys=0.00, real=0.00 secs] 
178.380: Total time for which application threads were stopped: 0.0020910 seconds, Stopping threads took: 0.0015970 seconds
178.409: Application time: 0.0295390 seconds
178.409: [GC [PSYoungGen: 7134K->352K(7680K)] 12147K->5365K(25088K), 0.0003170 secs] [Times: user=0.00 sys=0.00, real=0.00 secs] 
178.410: Total time for which application threads were stopped: 0.0004150 seconds, Stopping threads took: 0.0000510 seconds
178.439: Application time: 0.0290870 seconds
178.439: [GC [PSYoungGen: 7004K->384K(7680K)] 12017K->5397K(25088K), 0.0003460 secs] [Times: user=0.00 sys=0.00, real=0.01 secs] 
178.439: Total time for which application threads were stopped: 0.0004350 seconds, Stopping threads took: 0.0000400 seconds
178.468: Application time: 0.0286720 seconds
178.468: [GC [PSYoungGen: 7037K->384K(7680K)] 12051K->5397K(25088K), 0.0003090 secs] [Times: user=0.00 sys=0.00, real=0.00 secs] 
178.468: Total time for which application threads were stopped: 0.0004230 seconds, Stopping threads took: 0.0000550 seconds
178.498: Application time: 0.0294190 seconds
178.498: [GC [PSYoungGen: 7038K->448K(7680K)] 12052K->5461K(25088K), 0.0003160 secs] [Times: user=0.00 sys=0.00, real=0.00 secs] 
178.498: Total time for which application threads were stopped: 0.0004120 seconds, Stopping threads took: 0.0000470 seconds
178.527: Application time: 0.0293360 seconds
178.527: [GC [PSYoungGen: 7102K->384K(7680K)] 12116K->5397K(25088K), 0.0003180 secs] [Times: user=0.00 sys=0.00, real=0.00 secs] 
178.528: Total time for which application threads were stopped: 0.0004280 seconds, Stopping threads took: 0.0000620 seconds
178.557: Application time: 0.0294340 seconds
178.557: [GC [PSYoungGen: 7038K->352K(7680K)] 12052K->5365K(25088K), 0.0003310 secs] [Times: user=0.01 sys=0.00, real=0.00 secs] 
178.558: Total time for which application threads were stopped: 0.0004210 seconds, Stopping threads took: 0.0000440 seconds
178.579: Application time: 0.0214050 seconds
178.579: [GC [PSYoungGen: 7006K->576K(7680K)] 12019K->5589K(25088K), 0.0003600 secs] [Times: user=0.00 sys=0.00, real=0.00 secs] 
178.580: Total time for which application threads were stopped: 0.0004580 seconds, Stopping threads took: 0.0000520 seconds
178.601: Application time: 0.0214650 seconds
178.601: [GC [PSYoungGen: 7231K->480K(7680K)] 12245K->5493K(25088K), 0.0003580 secs] [Times: user=0.00 sys=0.00, real=0.00 secs] 
178.601: Total time for which application threads were stopped: 0.0004580 seconds, Stopping threads took: 0.0000550 seconds
178.627: Application time: 0.0256360 seconds
178.627: [GC [PSYoungGen: 7132K->512K(7680K)] 12145K->5525K(25088K), 0.0003800 secs] [Times: user=0.00 sys=0.00, real=0.00 secs] 
178.628: Total time for which application threads were stopped: 0.0004820 seconds, Stopping threads took: 0.0000520 seconds
178.657: Application time: 0.0293270 seconds
178.657: [GC [PSYoungGen: 7164K->544K(7680K)] 12177K->5557K(25088K), 0.0003540 secs] [Times: user=0.00 sys=0.00, real=0.00 secs] 
178.657: Total time for which application threads were stopped: 0.0004480 seconds, Stopping threads took: 0.0000490 seconds
178.686: Application time: 0.0283300 seconds
178.686: [GC [PSYoungGen: 7196K->544K(7680K)] 12209K->5557K(25088K), 0.0003520 secs] [Times: user=0.01 sys=0.00, real=0.00 secs] 
178.686: Total time for which application threads were stopped: 0.0004480 seconds, Stopping threads took: 0.0000500 seconds
178.716: Application time: 0.0294560 seconds
178.716: [GC [PSYoungGen: 7198K->512K(7680K)] 12212K->5525K(25088K), 0.0003500 secs] [Times: user=0.00 sys=0.00, real=0.00 secs] 
178.716: Total time for which application threads were stopped: 0.0004520 seconds, Stopping threads took: 0.0000560 seconds
178.746: Application time: 0.0295520 seconds
178.746: [GC [PSYoungGen: 7166K->544K(7680K)] 12180K->5557K(25088K), 0.0003360 secs] [Times: user=0.00 sys=0.00, real=0.00 secs] 
178.746: Total time for which application threads were stopped: 0.0004240 seconds, Stopping threads took: 0.0000380 seconds
178.774: Application time: 0.0277510 seconds
178.774: [GC [PSYoungGen: 7196K->544K(7680K)] 12210K->5557K(25088K), 0.0003780 secs] [Times: user=0.00 sys=0.00, real=0.00 secs] 
178.774: Total time for which application threads were stopped: 0.0004710 seconds, Stopping threads took: 0.0000380 seconds
178.804: Application time: 0.0295430 seconds
178.804: [GC [PSYoungGen: 7198K->512K(7680K)] 12212K->5525K(25088K), 0.0003510 secs] [Times: user=0.00 sys=0.00, real=0.00 secs] 
178.804: Total time for which application threads were stopped: 0.0004440 seconds, Stopping threads took: 0.0000390 seconds
178.834: Application time: 0.0294750 seconds
178.834: [GC [PSYoungGen: 7166K->512K(7680K)] 12180K->5525K(25088K), 0.0003700 secs] [Times: user=0.00 sys=0.00, real=0.00 secs] 
178.834: Total time for which application threads were stopped: 0.0004640 seconds, Stopping threads took: 0.0000430 seconds
178.864: Application time: 0.0296630 seconds
178.864: [GC [PSYoungGen: 7164K->576K(7680K)] 12177K->5589K(25088K), 0.0003430 secs] [Times: user=0.00 sys=0.00, real=0.00 secs] 
178.864: Total time for which application threads were stopped: 0.0004420 seconds, Stopping threads took: 0.0000490 seconds
178.892: Application time: 0.0275760 seconds
178.892: [GC [PSYoungGen: 7230K->704K(7680K)] 12244K->5717K(25088K), 0.0004090 secs] [Times: user=0.00 sys=0.00, real=0.00 secs] 
178.892: Total time for which application threads were stopped: 0.0004940 seconds, Stopping threads took: 0.0000400 seconds
178.911: Application time: 0.0187320 seconds
178.911: [GC [PSYoungGen: 7359K->992K(7680K)] 12372K->6005K(25088K), 0.0004040 secs] [Times: user=0.00 sys=0.00, real=0.00 secs] 
178.912: Total time for which application threads were stopped: 0.0004800 seconds, Stopping threads took: 0.0000260 seconds
178.929: Application time: 0.0169690 seconds
178.929: [GC [PSYoungGen: 7647K->992K(7680K)] 12660K->6013K(25088K), 0.0004200 secs] [Times: user=0.00 sys=0.00, real=0.00 secs] 
178.929: Total time for which application threads were stopped: 0.0005190 seconds, Stopping threads took: 0.0000510 seconds
178.947: Application time: 0.0176390 seconds
178.947: [GC [PSYoungGen: 7646K->1008K(7680K)] 12667K->6037K(25088K), 0.0004360 secs] [Times: user=0.00 sys=0.00, real=0.00 secs] 
178.947: Total time for which application threads were stopped: 0.0005390 seconds, Stopping threads took: 0.0000500 seconds
178.965: Application time: 0.0181270 seconds
178.965: [GC [PSYoungGen: 7663K->992K(7680K)] 12693K->6157K(25088K), 0.0004780 secs] [Times: user=0.00 sys=0.00, real=0.00 secs] 
178.966: Total time for which application threads were stopped: 0.0005890 seconds, Stopping threads took: 0.0000580 seconds
178.987: Application time: 0.0212980 seconds
178.987: [GC [PSYoungGen: 7645K->992K(7680K)] 12811K->6165K(25088K), 0.0004210 secs] [Times: user=0.00 sys=0.00, real=0.00 secs] 
178.988: Total time for which application threads were stopped: 0.0005250 seconds, Stopping threads took: 0.0000480 seconds
179.009: Application time: 0.0216190 seconds
179.009: [GC [PSYoungGen: 7645K->992K(7680K)] 12819K->6357K(25088K), 0.0004910 secs] [Times: user=0.00 sys=0.00, real=0.00 secs] 
179.010: Total time for which application threads were stopped: 0.0005910 seconds, Stopping threads took: 0.0000480 seconds
179.038: Application time: 0.0277620 seconds
179.038: [GC [PSYoungGen: 7644K->1008K(7680K)] 13009K->6429K(25088K), 0.0004640 secs] [Times: user=0.00 sys=0.00, real=0.00 secs] 
179.038: Total time for which application threads were stopped: 0.0005650 seconds, Stopping threads took: 0.0000540 seconds
179.059: Application time: 0.0209920 seconds
179.059: [GC [PSYoungGen: 7663K->1008K(7680K)] 13084K->6629K(25088K), 0.0004970 secs] [Times: user=0.00 sys=0.00, real=0.00 secs] 
179.060: Total time for which application threads were stopped: 0.0006010 seconds, Stopping threads took: 0.0000500 seconds
179.080: Application time: 0.0204890 seconds
179.080: [GC [PSYoungGen: 7663K->992K(7680K)] 13285K->6877K(25088K), 0.0004950 secs] [Times: user=0.00 sys=0.00, real=0.00 secs] 
179.081: Total time for which application threads were stopped: 0.0005940 seconds, Stopping threads took: 0.0000500 seconds
179.098: Application time: 0.0170320 seconds
179.098: [GC [PSYoungGen: 7644K->1008K(7680K)] 13530K->7037K(25088K), 0.0004850 secs] [Times: user=0.00 sys=0.00, real=0.00 secs] 
179.099: Total time for which application threads were stopped: 0.0005960 seconds, Stopping threads took: 0.0000520 seconds
179.120: Application time: 0.0209190 seconds
179.123: [GC [PSYoungGen: 7661K->960K(7680K)] 13691K->7093K(25088K), 0.0006680 secs] [Times: user=0.01 sys=0.00, real=0.00 secs] 
179.124: Total time for which application threads were stopped: 0.0042880 seconds, Stopping threads took: 0.0035470 seconds
179.144: Application time: 0.0199160 seconds
179.144: [GC [PSYoungGen: 7613K->1008K(7680K)] 13747K->7277K(25088K), 0.0005200 secs] [Times: user=0.00 sys=0.00, real=0.00 secs] 
179.144: Total time for which application threads were stopped: 0.0006240 seconds, Stopping threads took: 0.0000500 seconds
179.165: Application time: 0.0202300 seconds
179.165: [GC [PSYoungGen: 7662K->1008K(7680K)] 13932K->7398K(25088K), 0.0004670 secs] [Times: user=0.01 sys=0.00, real=0.00 secs] 
179.165: Total time for which application threads were stopped: 0.0005580 seconds, Stopping threads took: 0.0000400 seconds
179.188: Application time: 0.0223440 seconds
179.188: [GC [PSYoungGen: 7662K->1008K(7680K)] 14052K->7586K(25088K), 0.0005080 secs] [Times: user=0.00 sys=0.00, real=0.00 secs] 
179.188: Total time for which application threads were stopped: 0.0006030 seconds, Stopping threads took: 0.0000430 seconds
179.216: Application time: 0.0281320 seconds
179.216: [GC [PSYoungGen: 7662K->1008K(7680K)] 14240K->7786K(25088K), 0.0004530 secs] [Times: user=0.01 sys=0.00, real=0.00 secs] 
179.217: Total time for which application threads were stopped: 0.0005640 seconds, Stopping threads took: 0.0000530 seconds
179.245: Application time: 0.0283300 seconds
179.245: [GC [PSYoungGen: 7660K->992K(7680K)] 14438K->8006K(25088K), 0.0005010 secs] [Times: user=0.01 sys=0.00, real=0.00 secs] 
179.246: Total time for which application threads were stopped: 0.0006000 seconds, Stopping threads took: 0.0000470 seconds
179.275: Application time: 0.0290600 seconds
179.275: [GC [PSYoungGen: 7646K->1008K(7680K)] 14660K->8046K(25088K), 0.0004890 secs] [Times: user=0.00 sys=0.00, real=0.00 secs] 
179.275: Total time for which application threads were stopped: 0.0005920 seconds, Stopping threads took: 0.0000530 seconds
179.304: Application time: 0.0290320 seconds
179.305: [GC [PSYoungGen: 7662K->992K(7680K)] 14700K->8042K(25088K), 0.0004060 secs] [Times: user=0.00 sys=0.00, real=0.00 secs] 
179.305: Total time for which application threads were stopped: 0.0004980 seconds, Stopping threads took: 0.0000430 seconds
179.333: Application time: 0.0284710 seconds
179.334: [GC [PSYoungGen: 7644K->1008K(7680K)] 14694K->8242K(25088K), 0.0004370 secs] [Times: user=0.00 sys=0.00, real=0.00 secs] 
179.334: Total time for which application threads were stopped: 0.0005490 seconds, Stopping threads took: 0.0000620 seconds
179.361: Application time: 0.0270710 seconds
179.361: [GC [PSYoungGen: 7661K->1008K(7680K)] 14896K->8454K(25088K), 0.0004640 secs] [Times: user=0.00 sys=0.00, real=0.00 secs] 
179.362: Total time for which application threads were stopped: 0.0005620 seconds, Stopping threads took: 0.0000460 seconds
179.390: Application time: 0.0281540 seconds
179.390: [GC [PSYoungGen: 7660K->992K(7680K)] 15106K->8735K(25088K), 0.0005030 secs] [Times: user=0.01 sys=0.00, real=0.00 secs] 
179.390: Total time for which application threads were stopped: 0.0005960 seconds, Stopping threads took: 0.0000420 seconds
179.419: Application time: 0.0282970 seconds
179.419: [GC [PSYoungGen: 7645K->992K(7680K)] 15389K->8799K(25088K), 0.0004630 secs] [Times: user=0.00 sys=0.00, real=0.01 secs] 
179.419: Total time for which application threads were stopped: 0.0005500 seconds, Stopping threads took: 0.0000350 seconds
179.449: Application time: 0.0293980 seconds
179.449: [GC [PSYoungGen: 7644K->928K(7680K)] 15451K->8775K(25088K), 0.0004030 secs] [Times: user=0.01 sys=0.00, real=0.00 secs] 
179.449: Total time for which application threads were stopped: 0.0005020 seconds, Stopping threads took: 0.0000480 seconds
179.478: Application time: 0.0292740 seconds
179.478: [GC [PSYoungGen: 7582K->896K(7680K)] 15430K->8799K(25088K), 0.0004040 secs] [Times: user=0.00 sys=0.00, real=0.00 secs] 
179.479: Total time for which application threads were stopped: 0.0005000 seconds, Stopping threads took: 0.0000460 seconds
179.506: Application time: 0.0275240 seconds
179.507: [GC [PSYoungGen: 7550K->992K(7680K)] 15453K->9047K(25088K), 0.0004300 secs] [Times: user=0.00 sys=0.00, real=0.00 secs] 
179.507: Total time for which application threads were stopped: 0.0005440 seconds, Stopping threads took: 0.0000540 seconds
179.535: Application time: 0.0278650 seconds
179.535: [GC [PSYoungGen: 7646K->992K(7680K)] 15701K->9183K(25088K), 0.0004330 secs] [Times: user=0.00 sys=0.00, real=0.00 secs] 
179.535: Total time for which application threads were stopped: 0.0005240 seconds, Stopping threads took: 0.0000420 seconds
179.565: Application time: 0.0293820 seconds
179.565: [GC [PSYoungGen: 7646K->992K(7680K)] 15838K->9223K(25088K), 0.0004160 secs] [Times: user=0.01 sys=0.00, real=0.00 secs] 
179.565: Total time for which application threads were stopped: 0.0005110 seconds, Stopping threads took: 0.0000430 seconds
179.593: Application time: 0.0278630 seconds
179.593: [GC [PSYoungGen: 7646K->992K(7680K)] 15877K->9424K(25088K), 0.0005070 secs] [Times: user=0.00 sys=0.00, real=0.00 secs] 
179.594: Total time for which application threads were stopped: 0.0006030 seconds, Stopping threads took: 0.0000440 seconds
179.623: Application time: 0.0296720 seconds
179.623: [GC [PSYoungGen: 7646K->992K(7680K)] 16079K->9464K(25088K), 0.0004650 secs] [Times: user=0.00 sys=0.00, real=0.00 secs] 
179.624: Total time for which application threads were stopped: 0.0005640 seconds, Stopping threads took: 0.0000420 seconds
179.654: Application time: 0.0297320 seconds
179.654: [GC [PSYoungGen: 7646K->800K(7680K)] 16119K->9464K(25088K), 0.0004300 secs] [Times: user=0.00 sys=0.00, real=0.00 secs] 
179.654: Total time for which application threads were stopped: 0.0005220 seconds, Stopping threads took: 0.0000390 seconds
179.685: Application time: 0.0308080 seconds
179.685: [GC [PSYoungGen: 7454K->768K(7680K)] 16119K->9480K(25088K), 0.0004420 secs] [Times: user=0.00 sys=0.00, real=0.00 secs] 
179.686: Total time for which application threads were stopped: 0.0005440 seconds, Stopping threads took: 0.0000500 seconds
179.715: Application time: 0.0297660 seconds
179.715: [GC [PSYoungGen: 7422K->832K(7680K)] 16135K->9544K(25088K), 0.0003670 secs] [Times: user=0.00 sys=0.00, real=0.00 secs] 
179.716: Total time for which application threads were stopped: 0.0004670 seconds, Stopping threads took: 0.0000460 seconds
179.746: Application time: 0.0301330 seconds
179.746: [GC [PSYoungGen: 7486K->768K(7680K)] 16199K->9480K(25088K), 0.0003600 secs] [Times: user=0.00 sys=0.00, real=0.00 secs] 
179.746: Total time for which application threads were stopped: 0.0004600 seconds, Stopping threads took: 0.0000520 seconds
179.777: Application time: 0.0302190 seconds
179.777: [GC [PSYoungGen: 7422K->928K(7680K)] 16135K->9656K(25088K), 0.0004530 secs] [Times: user=0.00 sys=0.00, real=0.00 secs] 
179.777: Total time for which application threads were stopped: 0.0005470 seconds, Stopping threads took: 0.0000370 seconds
179.807: Application time: 0.0297200 seconds
179.807: [GC [PSYoungGen: 7582K->512K(7680K)] 16311K->9456K(25088K), 0.0004180 secs] [Times: user=0.00 sys=0.00, real=0.00 secs] 
179.807: Total time for which application threads were stopped: 0.0005160 seconds, Stopping threads took: 0.0000460 seconds
179.837: Application time: 0.0298110 seconds
179.837: [GC [PSYoungGen: 7164K->576K(7680K)] 16108K->9520K(25088K), 0.0003440 secs] [Times: user=0.00 sys=0.00, real=0.00 secs] 
179.838: Total time for which application threads were stopped: 0.0004430 seconds, Stopping threads took: 0.0000470 seconds
179.868: Application time: 0.0299340 seconds
179.868: [GC [PSYoungGen: 7230K->512K(7680K)] 16175K->9544K(25088K), 0.0003800 secs] [Times: user=0.00 sys=0.00, real=0.00 secs] 
179.868: Total time for which application threads were stopped: 0.0004650 seconds, Stopping threads took: 0.0000380 seconds
179.898: Application time: 0.0297740 seconds
179.898: [GC [PSYoungGen: 7166K->512K(7680K)] 16199K->9544K(25088K), 0.0003370 secs] [Times: user=0.00 sys=0.00, real=0.00 secs] 
179.898: Total time for which application threads were stopped: 0.0004450 seconds, Stopping threads took: 0.0000560 seconds
179.928: Application time: 0.0299590 seconds
179.928: [GC [PSYoungGen: 7166K->512K(7680K)] 16199K->9544K(25088K), 0.0003230 secs] [Times: user=0.00 sys=0.00, real=0.00 secs] 
179.929: Total time for which application threads were stopped: 0.0004140 seconds, Stopping threads took: 0.0000410 seconds
179.959: Application time: 0.0300340 seconds
179.959: [GC [PSYoungGen: 7166K->512K(7680K)] 16199K->9608K(25088K), 0.0003280 secs] [Times: user=0.00 sys=0.00, real=0.01 secs] 
179.959: Total time for which application threads were stopped: 0.0004240 seconds, Stopping threads took: 0.0000450 seconds
179.989: Application time: 0.0297700 seconds
179.989: [GC [PSYoungGen: 7166K->256K(7680K)] 16263K->9541K(25088K), 0.0003930 secs] [Times: user=0.00 sys=0.00, real=0.00 secs] 
179.989: Total time for which application threads were stopped: 0.0005090 seconds, Stopping threads took: 0.0000650 seconds
180.019: Application time: 0.0298940 seconds
180.019: [GC [PSYoungGen: 6908K->352K(7680K)] 16193K->9637K(25088K), 0.0003130 secs] [Times: user=0.00 sys=0.00, real=0.00 secs] 
180.020: Total time for which application threads were stopped: 0.0004300 seconds, Stopping threads took: 0.0000600 seconds
180.049: Application time: 0.0296360 seconds
180.049: [GC [PSYoungGen: 7006K->0K(7680K)] 16291K->9497K(25088K), 0.0003390 secs] [Times: user=0.00 sys=0.00, real=0.00 secs] 
180.050: Total time for which application threads were stopped: 0.0004390 seconds, Stopping threads took: 0.0000490 seconds
180.073: Application time: 0.0234810 seconds
180.073: [GC [PSYoungGen: 6651K->352K(7680K)] 16149K->9849K(25088K), 0.0003570 secs] [Times: user=0.00 sys=0.00, real=0.00 secs] 
180.074: Total time for which application threads were stopped: 0.0004550 seconds, Stopping threads took: 0.0000480 seconds
180.095: Application time: 0.0213650 seconds
180.095: [GC [PSYoungGen: 7005K->352K(7680K)] 16502K->9849K(25088K), 0.0003120 secs] [Times: user=0.00 sys=0.00, real=0.00 secs] 
180.096: Total time for which application threads were stopped: 0.0004040 seconds, Stopping threads took: 0.0000470 seconds
180.120: Application time: 0.0241510 seconds
180.120: [GC [PSYoungGen: 7006K->384K(7680K)] 16503K->9881K(25088K), 0.0003080 secs] [Times: user=0.00 sys=0.00, real=0.00 secs] 
180.120: Total time for which application threads were stopped: 0.0004200 seconds, Stopping threads took: 0.0000620 seconds
180.150: Application time: 0.0298950 seconds
180.150: [GC [PSYoungGen: 7038K->352K(7680K)] 16535K->9849K(25088K), 0.0003110 secs] [Times: user=0.00 sys=0.00, real=0.00 secs] 
180.150: Total time for which application threads were stopped: 0.0004280 seconds, Stopping threads took: 0.0000640 seconds
180.179: Application time: 0.0283750 seconds
180.179: [GC [PSYoungGen: 7006K->352K(7680K)] 16503K->9849K(25088K), 0.0003700 secs] [Times: user=0.00 sys=0.00, real=0.01 secs] 
180.179: Total time for which application threads were stopped: 0.0004840 seconds, Stopping threads took: 0.0000580 seconds
180.209: Application time: 0.0296400 seconds
180.209: [GC [PSYoungGen: 7004K->384K(7680K)] 16501K->9881K(25088K), 0.0003360 secs] [Times: user=0.01 sys=0.00, real=0.00 secs] 
180.209: Total time for which application threads were stopped: 0.0004430 seconds, Stopping threads took: 0.0000540 seconds
180.239: Application time: 0.0294770 seconds
180.239: [GC [PSYoungGen: 7038K->352K(7680K)] 16536K->9849K(25088K), 0.0003590 secs] [Times: user=0.00 sys=0.00, real=0.01 secs] 
180.239: Total time for which application threads were stopped: 0.0004490 seconds, Stopping threads took: 0.0000450 seconds
180.269: Application time: 0.0294560 seconds
180.269: [GC [PSYoungGen: 7006K->352K(7680K)] 16504K->9849K(25088K), 0.0003010 secs] [Times: user=0.00 sys=0.00, real=0.00 secs] 
180.269: Total time for which application threads were stopped: 0.0003930 seconds, Stopping threads took: 0.0000480 seconds
180.299: Application time: 0.0294130 seconds
180.299: [GC [PSYoungGen: 7006K->352K(7680K)] 16504K->9849K(25088K), 0.0003060 secs] [Times: user=0.01 sys=0.00, real=0.00 secs] 
180.299: Total time for which application threads were stopped: 0.0004020 seconds, Stopping threads took: 0.0000500 seconds
180.320: Application time: 0.0214330 seconds
180.320: [GC [PSYoungGen: 7006K->480K(7680K)] 16503K->9977K(25088K), 0.0003630 secs] [Times: user=0.00 sys=0.00, real=0.00 secs] 
180.321: Total time for which application threads were stopped: 0.0004490 seconds, Stopping threads took: 0.0000410 seconds
180.343: Application time: 0.0223100 seconds
180.343: [GC [PSYoungGen: 7133K->512K(7680K)] 16631K->10009K(25088K), 0.0003420 secs] [Times: user=0.00 sys=0.00, real=0.00 secs] 
180.344: Total time for which application threads were stopped: 0.0004350 seconds, Stopping threads took: 0.0000450 seconds
180.369: Application time: 0.0251610 seconds
180.369: [GC [PSYoungGen: 7166K->544K(7680K)] 16663K->10041K(25088K), 0.0003580 secs] [Times: user=0.00 sys=0.00, real=0.00 secs] 
180.369: Total time for which application threads were stopped: 0.0004600 seconds, Stopping threads took: 0.0000530 seconds
180.398: Application time: 0.0291670 seconds
180.398: [GC [PSYoungGen: 7196K->512K(7680K)] 16693K->10009K(25088K), 0.0003350 secs] [Times: user=0.00 sys=0.00, real=0.00 secs] 
180.399: Total time for which application threads were stopped: 0.0004330 seconds, Stopping threads took: 0.0000500 seconds
180.427: Application time: 0.0282740 seconds
180.427: [GC [PSYoungGen: 7165K->544K(7680K)] 16663K->10041K(25088K), 0.0003450 secs] [Times: user=0.00 sys=0.00, real=0.00 secs] 
180.428: Total time for which application threads were stopped: 0.0004520 seconds, Stopping threads took: 0.0000570 seconds
180.457: Application time: 0.0293970 seconds
180.457: [GC [PSYoungGen: 7198K->608K(7680K)] 16696K->10105K(25088K), 0.0003600 secs] [Times: user=0.00 sys=0.00, real=0.00 secs] 
180.457: Total time for which application threads were stopped: 0.0004610 seconds, Stopping threads took: 0.0000560 seconds
180.487: Application time: 0.0294680 seconds
180.487: [GC [PSYoungGen: 7260K->512K(7680K)] 16757K->10009K(25088K), 0.0003530 secs] [Times: user=0.00 sys=0.00, real=0.00 secs] 
180.487: Total time for which application threads were stopped: 0.0004530 seconds, Stopping threads took: 0.0000500 seconds
180.515: Application time: 0.0274890 seconds
180.515: [GC [PSYoungGen: 7166K->624K(7680K)] 16663K->10121K(25088K), 0.0003570 secs] [Times: user=0.00 sys=0.00, real=0.00 secs] 
180.515: Total time for which application threads were stopped: 0.0004610 seconds, Stopping threads took: 0.0000560 seconds
180.545: Application time: 0.0296350 seconds
180.545: [GC [PSYoungGen: 7278K->544K(7680K)] 16776K->10041K(25088K), 0.0003720 secs] [Times: user=0.00 sys=0.00, real=0.00 secs] 
180.545: Total time for which application threads were stopped: 0.0004890 seconds, Stopping threads took: 0.0000600 seconds
180.575: Application time: 0.0296480 seconds
180.575: [GC [PSYoungGen: 7196K->544K(7680K)] 16693K->10041K(25088K), 0.0003680 secs] [Times: user=0.00 sys=0.00, real=0.00 secs] 
180.576: Total time for which application threads were stopped: 0.0004650 seconds, Stopping threads took: 0.0000470 seconds
180.605: Application time: 0.0299250 seconds
180.606: [GC [PSYoungGen: 7196K->512K(7680K)] 16693K->10009K(25088K), 0.0003530 secs] [Times: user=0.00 sys=0.00, real=0.00 secs] 
180.606: Total time for which application threads were stopped: 0.0004530 seconds, Stopping threads took: 0.0000520 seconds
180.636: Application time: 0.0303310 seconds
180.638: [GC [PSYoungGen: 7164K->512K(7680K)] 16661K->10009K(25088K), 0.0003720 secs] [Times: user=0.01 sys=0.00, real=0.00 secs] 
180.639: Total time for which application threads were stopped: 0.0025020 seconds, Stopping threads took: 0.0020760 seconds
180.660: Application time: 0.0217380 seconds
180.661: [GC [PSYoungGen: 7166K->768K(7680K)] 16663K->10265K(25088K), 0.0003920 secs] [Times: user=0.00 sys=0.00, real=0.00 secs] 
180.661: Total time for which application threads were stopped: 0.0004980 seconds, Stopping threads took: 0.0000560 seconds
180.677: Application time: 0.0162990 seconds
180.677: [GC [PSYoungGen: 7424K->992K(7680K)] 16921K->10489K(25088K), 0.0004430 secs] [Times: user=0.00 sys=0.00, real=0.00 secs] 
180.678: Total time for which application threads were stopped: 0.0005480 seconds, Stopping threads took: 0.0000540 seconds
180.695: Application time: 0.0173770 seconds
180.695: [GC [PSYoungGen: 7646K->944K(7680K)] 17144K->10441K(25088K), 0.0004260 secs] [Times: user=0.01 sys=0.00, real=0.00 secs] 
180.696: Total time for which application threads were stopped: 0.0005220 seconds, Stopping threads took: 0.0000480 seconds
180.711: Application time: 0.0152600 seconds
180.711: [GC [PSYoungGen: 7596K->992K(7680K)] 17094K->10673K(25088K), 0.0005130 secs] [Times: user=0.00 sys=0.00, real=0.00 secs] 
180.712: Total time for which application threads were stopped: 0.0006180 seconds, Stopping threads took: 0.0000490 seconds
180.734: Application time: 0.0222490 seconds
180.734: [GC [PSYoungGen: 7645K->928K(7680K)] 17327K->10609K(25088K), 0.0004120 secs] [Times: user=0.00 sys=0.00, real=0.00 secs] 
180.734: Total time for which application threads were stopped: 0.0005090 seconds, Stopping threads took: 0.0000500 seconds
180.757: Application time: 0.0223350 seconds
180.757: [GC [PSYoungGen: 7582K->992K(7680K)] 17263K->10697K(25088K), 0.0004920 secs] [Times: user=0.00 sys=0.00, real=0.00 secs] 
180.757: Total time for which application threads were stopped: 0.0005990 seconds, Stopping threads took: 0.0000470 seconds
180.784: Application time: 0.0270960 seconds
180.784: [GC [PSYoungGen: 7644K->992K(7680K)] 17350K->10705K(25088K), 0.0005800 secs] [Times: user=0.00 sys=0.00, real=0.00 secs] 
180.785: Total time for which application threads were stopped: 0.0006930 seconds, Stopping threads took: 0.0000600 seconds
180.808: Application time: 0.0224410 seconds
180.808: [GC [PSYoungGen: 7648K->1008K(7680K)] 17361K->10989K(25088K), 0.0005070 secs] [Times: user=0.00 sys=0.00, real=0.00 secs] 
180.808: Total time for which application threads were stopped: 0.0006110 seconds, Stopping threads took: 0.0000490 seconds
180.827: Application time: 0.0189810 seconds
180.827: [GC [PSYoungGen: 7661K->992K(7680K)] 17642K->11301K(25088K), 0.0005200 secs] [Times: user=0.01 sys=0.00, real=0.00 secs] 
180.828: Total time for which application threads were stopped: 0.0006200 seconds, Stopping threads took: 0.0000510 seconds
180.845: Application time: 0.0167420 seconds
180.845: [GC [PSYoungGen: 7645K->992K(7680K)] 17954K->11437K(25088K), 0.0004460 secs] [Times: user=0.00 sys=0.00, real=0.00 secs] 
180.845: Total time for which application threads were stopped: 0.0005470 seconds, Stopping threads took: 0.0000520 seconds
180.865: Application time: 0.0200970 seconds
180.865: [GC [PSYoungGen: 7646K->1008K(7680K)] 18092K->11562K(25088K), 0.0004730 secs] [Times: user=0.00 sys=0.00, real=0.00 secs] 
180.866: Total time for which application threads were stopped: 0.0005710 seconds, Stopping threads took: 0.0000470 seconds
180.889: Application time: 0.0234870 seconds
180.889: [GC [PSYoungGen: 7664K->1008K(7680K)] 18218K->11746K(25088K), 0.0004700 secs] [Times: user=0.00 sys=0.00, real=0.00 secs] 
180.890: Total time for which application threads were stopped: 0.0005730 seconds, Stopping threads took: 0.0000530 seconds
180.910: Application time: 0.0201900 seconds
180.910: [GC [PSYoungGen: 7662K->1008K(7680K)] 18400K->11762K(25088K), 0.0004610 secs] [Times: user=0.01 sys=0.00, real=0.00 secs] 
180.911: Total time for which application threads were stopped: 0.0005480 seconds, Stopping threads took: 0.0000380 seconds
180.931: Application time: 0.0201730 seconds
180.931: [GC [PSYoungGen: 7663K->992K(7680K)] 18417K->11782K(25088K), 0.0004490 secs] [Times: user=0.00 sys=0.00, real=0.01 secs] 
180.931: Total time for which application threads were stopped: 0.0005550 seconds, Stopping threads took: 0.0000510 seconds
180.957: Application time: 0.0255840 seconds
180.957: [GC [PSYoungGen: 7643K->1008K(7680K)] 18434K->11926K(25088K), 0.0005070 secs] [Times: user=0.00 sys=0.00, real=0.00 secs] 
180.957: Total time for which application threads were stopped: 0.0006050 seconds, Stopping threads took: 0.0000460 seconds
180.986: Application time: 0.0289570 seconds
180.987: [GC [PSYoungGen: 7660K->944K(7680K)] 18578K->11862K(25088K), 0.0004440 secs] [Times: user=0.00 sys=0.00, real=0.00 secs] 
180.988: Total time for which application threads were stopped: 0.0012130 seconds, Stopping threads took: 0.0007160 seconds
181.015: Application time: 0.0277460 seconds
181.015: [GC [PSYoungGen: 7597K->992K(7680K)] 18516K->12054K(25088K), 0.0004800 secs] [Times: user=0.01 sys=0.00, real=0.00 secs] 
181.016: Total time for which application threads were stopped: 0.0005820 seconds, Stopping threads took: 0.0000550 seconds
181.045: Application time: 0.0288970 seconds
181.045: [GC [PSYoungGen: 7646K->912K(7680K)] 18709K->11974K(25088K), 0.0004290 secs] [Times: user=0.00 sys=0.00, real=0.00 secs] 
181.045: Total time for which application threads were stopped: 0.0005340 seconds, Stopping threads took: 0.0000490 seconds
181.074: Application time: 0.0289490 seconds
181.074: [GC [PSYoungGen: 7566K->960K(7680K)] 18629K->12030K(25088K), 0.0004220 secs] [Times: user=0.00 sys=0.00, real=0.00 secs] 
181.075: Total time for which application threads were stopped: 0.0005290 seconds, Stopping threads took: 0.0000480 seconds
181.102: Application time: 0.0271890 seconds
181.102: [GC [PSYoungGen: 7612K->1008K(7680K)] 18682K->12214K(25088K), 0.0004660 secs] [Times: user=0.00 sys=0.00, real=0.00 secs] 
181.103: Total time for which application threads were stopped: 0.0005770 seconds, Stopping threads took: 0.0000560 seconds
181.130: Application time: 0.0273830 seconds
181.130: [GC [PSYoungGen: 7661K->992K(7680K)] 18868K->12290K(25088K), 0.0004930 secs] [Times: user=0.00 sys=0.00, real=0.00 secs] 
181.131: Total time for which application threads were stopped: 0.0005890 seconds, Stopping threads took: 0.0000460 seconds
181.158: Application time: 0.0273850 seconds
181.158: [GC [PSYoungGen: 7645K->992K(7680K)] 18944K->12586K(25088K), 0.0005510 secs] [Times: user=0.00 sys=0.00, real=0.00 secs] 
181.159: Total time for which application threads were stopped: 0.0006370 seconds, Stopping threads took: 0.0000370 seconds
181.189: Application time: 0.0305100 seconds
181.189: [GC [PSYoungGen: 7645K->976K(7680K)] 19240K->12618K(25088K), 0.0004750 secs] [Times: user=0.00 sys=0.00, real=0.00 secs] 
181.190: Total time for which application threads were stopped: 0.0005760 seconds, Stopping threads took: 0.0000490 seconds
181.219: Application time: 0.0293000 seconds
181.219: [GC [PSYoungGen: 7630K->976K(7680K)] 19273K->12650K(25088K), 0.0004090 secs] [Times: user=0.01 sys=0.00, real=0.00 secs] 
181.220: Total time for which application threads were stopped: 0.0005140 seconds, Stopping threads took: 0.0000540 seconds
181.249: Application time: 0.0297030 seconds
181.249: [GC [PSYoungGen: 7628K->896K(7680K)] 19302K->12610K(25088K), 0.0004820 secs] [Times: user=0.00 sys=0.00, real=0.00 secs] 
181.250: Total time for which application threads were stopped: 0.0005840 seconds, Stopping threads took: 0.0000530 seconds
181.277: Application time: 0.0267720 seconds
181.277: [GC [PSYoungGen: 7551K->992K(7680K)] 19266K->12738K(25088K), 0.0004380 secs] [Times: user=0.00 sys=0.00, real=0.00 secs] 
181.277: Total time for which application threads were stopped: 0.0005480 seconds, Stopping threads took: 0.0000600 seconds
181.307: Application time: 0.0296110 seconds
181.307: [GC [PSYoungGen: 7646K->992K(7680K)] 19393K->12762K(25088K), 0.0004420 secs] [Times: user=0.01 sys=0.00, real=0.00 secs] 
181.307: Total time for which application threads were stopped: 0.0005330 seconds, Stopping threads took: 0.0000400 seconds
181.336: Application time: 0.0286920 seconds
181.336: [GC [PSYoungGen: 7644K->960K(7680K)] 19414K->12858K(25088K), 0.0004170 secs] [Times: user=0.00 sys=0.00, real=0.00 secs] 
181.337: Total time for which application threads were stopped: 0.0005110 seconds, Stopping threads took: 0.0000420 seconds
181.365: Application time: 0.0288870 seconds
181.365: [GC [PSYoungGen: 7614K->864K(7680K)] 19512K->12762K(25088K), 0.0004750 secs] [Times: user=0.00 sys=0.00, real=0.00 secs] 
181.366: Total time for which application threads were stopped: 0.0005690 seconds, Stopping threads took: 0.0000410 seconds
181.396: Application time: 0.0297280 seconds
181.396: [GC [PSYoungGen: 7518K->800K(7680K)] 19417K->12738K(25088K), 0.0004610 secs] [Times: user=0.00 sys=0.00, real=0.00 secs] 
181.396: Total time for which application threads were stopped: 0.0005550 seconds, Stopping threads took: 0.0000440 seconds
181.426: Application time: 0.0296270 seconds
181.426: [GC [PSYoungGen: 7454K->864K(7680K)] 19393K->12802K(25088K), 0.0005060 secs] [Times: user=0.00 sys=0.00, real=0.00 secs] 
181.426: Total time for which application threads were stopped: 0.0005910 seconds, Stopping threads took: 0.0000340 seconds
181.456: Application time: 0.0298700 seconds
181.456: [GC [PSYoungGen: 7518K->928K(7680K)] 19457K->12882K(25088K), 0.0003910 secs] [Times: user=0.00 sys=0.00, real=0.00 secs] 
181.457: Total time for which application threads were stopped: 0.0004880 seconds, Stopping threads took: 0.0000460 seconds
181.487: Application time: 0.0299650 seconds
181.487: [GC [PSYoungGen: 7582K->896K(7680K)] 19537K->12850K(25088K), 0.0003750 secs] [Times: user=0.00 sys=0.00, real=0.00 secs] 
181.487: Total time for which application threads were stopped: 0.0004830 seconds, Stopping threads took: 0.0000500 seconds
181.517: Application time: 0.0301230 seconds
181.517: [GC [PSYoungGen: 7548K->896K(7680K)] 19502K->12850K(25088K), 0.0003980 secs] [Times: user=0.00 sys=0.00, real=0.00 secs] 
181.518: Total time for which application threads were stopped: 0.0005100 seconds, Stopping threads took: 0.0000590 seconds
181.548: Application time: 0.0300420 seconds
181.548: [GC [PSYoungGen: 7550K->640K(7680K)] 19505K->12807K(25088K), 0.0004000 secs] [Times: user=0.00 sys=0.00, real=0.00 secs] 
181.548: Total time for which application threads were stopped: 0.0004960 seconds, Stopping threads took: 0.0000470 seconds
181.578: Application time: 0.0297650 seconds
181.578: [GC [PSYoungGen: 7292K->576K(7680K)] 19459K->12827K(25088K), 0.0003780 secs] [Times: user=0.00 sys=0.00, real=0.00 secs] 
181.579: Total time for which application threads were stopped: 0.0004920 seconds, Stopping threads took: 0.0000480 seconds
181.608: Application time: 0.0296130 seconds
181.608: [GC [PSYoungGen: 7230K->544K(7680K)] 19482K->12888K(25088K), 0.0003540 secs] [Times: user=0.00 sys=0.00, real=0.00 secs] 
181.609: Total time for which application threads were stopped: 0.0004540 seconds, Stopping threads took: 0.0000510 seconds
181.639: Application time: 0.0297830 seconds
181.639: [GC [PSYoungGen: 7198K->576K(7680K)] 19543K->12920K(25088K), 0.0003500 secs] [Times: user=0.00 sys=0.00, real=0.00 secs] 
181.639: Total time for which application threads were stopped: 0.0004510 seconds, Stopping threads took: 0.0000540 seconds
181.669: Application time: 0.0297240 seconds
181.669: [GC [PSYoungGen: 7230K->576K(7680K)] 19575K->12920K(25088K), 0.0003570 secs] [Times: user=0.00 sys=0.00, real=0.00 secs] 
181.669: Total time for which application threads were stopped: 0.0004530 seconds, Stopping threads took: 0.0000450 seconds
181.699: Application time: 0.0298620 seconds
181.699: [GC [PSYoungGen: 7230K->576K(7680K)] 19575K->12920K(25088K), 0.0003570 secs] [Times: user=0.00 sys=0.00, real=0.00 secs] 
181.700: Total time for which application threads were stopped: 0.0004560 seconds, Stopping threads took: 0.0000450 seconds
181.730: Application time: 0.0300590 seconds
181.730: [GC [PSYoungGen: 7230K->384K(7680K)] 19574K->13025K(25088K), 0.0003470 secs] [Times: user=0.00 sys=0.00, real=0.00 secs] 
181.730: Total time for which application threads were stopped: 0.0004420 seconds, Stopping threads took: 0.0000490 seconds
181.760: Application time: 0.0300350 seconds
181.760: [GC [PSYoungGen: 7038K->288K(7680K)] 19680K->12929K(25088K), 0.0004000 secs] [Times: user=0.00 sys=0.00, real=0.00 secs] 
181.761: Total time for which application threads were stopped: 0.0004980 seconds, Stopping threads took: 0.0000450 seconds
181.785: Application time: 0.0243210 seconds
181.785: [GC [PSYoungGen: 6941K->544K(7680K)] 19582K->13193K(25088K), 0.0003550 secs] [Times: user=0.00 sys=0.00, real=0.00 secs] 
181.785: Total time for which application threads were stopped: 0.0004630 seconds, Stopping threads took: 0.0000580 seconds
181.806: Application time: 0.0209620 seconds
181.806: [GC [PSYoungGen: 7199K->352K(7680K)] 19848K->13221K(25088K), 0.0003560 secs] [Times: user=0.00 sys=0.00, real=0.00 secs] 
181.807: Total time for which application threads were stopped: 0.0004510 seconds, Stopping threads took: 0.0000510 seconds
181.831: Application time: 0.0241040 seconds
181.831: [GC [PSYoungGen: 7006K->416K(7680K)] 19875K->13285K(25088K), 0.0003210 secs] [Times: user=0.00 sys=0.01, real=0.01 secs] 
181.831: Total time for which application threads were stopped: 0.0004130 seconds, Stopping threads took: 0.0000440 seconds
181.861: Application time: 0.0294080 seconds
181.861: [GC [PSYoungGen: 7070K->352K(7680K)] 19940K->13221K(25088K), 0.0003100 secs] [Times: user=0.01 sys=0.00, real=0.00 secs] 
181.861: Total time for which application threads were stopped: 0.0004110 seconds, Stopping threads took: 0.0000500 seconds
181.890: Application time: 0.0284300 seconds
181.890: [GC [PSYoungGen: 7006K->384K(7680K)] 19876K->13253K(25088K), 0.0003210 secs] [Times: user=0.00 sys=0.00, real=0.00 secs] 
181.890: Total time for which application threads were stopped: 0.0004300 seconds, Stopping threads took: 0.0000530 seconds
181.920: Application time: 0.0295380 seconds
181.920: [GC [PSYoungGen: 7038K->448K(7680K)] 19908K->13317K(25088K), 0.0003740 secs] [Times: user=0.00 sys=0.00, real=0.00 secs] 
181.920: Total time for which application threads were stopped: 0.0004700 seconds, Stopping threads took: 0.0000490 seconds
181.949: Application time: 0.0294430 seconds
181.949: [GC [PSYoungGen: 7102K->288K(7680K)] 19972K->13157K(25088K), 0.0003630 secs] [Times: user=0.00 sys=0.00, real=0.00 secs] 
181.951: Total time for which application threads were stopped: 0.0015470 seconds, Stopping threads took: 0.0000470 seconds
181.980: Application time: 0.0294180 seconds
181.980: [GC [PSYoungGen: 6942K->352K(7680K)] 19812K->13221K(25088K), 0.0003520 secs] [Times: user=0.00 sys=0.00, real=0.00 secs] 
181.981: Total time for which application threads were stopped: 0.0004390 seconds, Stopping threads took: 0.0000390 seconds
182.010: Application time: 0.0293750 seconds
182.010: [GC [PSYoungGen: 7006K->352K(7680K)] 19876K->13221K(25088K), 0.0003050 secs] [Times: user=0.00 sys=0.00, real=0.00 secs] 
182.011: Total time for which application threads were stopped: 0.0004070 seconds, Stopping threads took: 0.0000560 seconds
182.033: Application time: 0.0225360 seconds
182.033: [GC [PSYoungGen: 7004K->544K(7680K)] 19874K->13413K(25088K), 0.0003510 secs] [Times: user=0.00 sys=0.00, real=0.00 secs] 
182.034: Total time for which application threads were stopped: 0.0004630 seconds, Stopping threads took: 0.0000590 seconds
182.055: Application time: 0.0213310 seconds
182.055: [GC [PSYoungGen: 7197K->480K(7680K)] 20067K->13349K(25088K), 0.0003700 secs] [Times: user=0.00 sys=0.00, real=0.00 secs] 
182.055: Total time for which application threads were stopped: 0.0004610 seconds, Stopping threads took: 0.0000420 seconds
182.080: Application time: 0.0245660 seconds
182.080: [GC [PSYoungGen: 7134K->512K(7680K)] 20003K->13381K(25088K), 0.0004020 secs] [Times: user=0.00 sys=0.00, real=0.00 secs] 
182.080: Total time for which application threads were stopped: 0.0005050 seconds, Stopping threads took: 0.0000490 seconds
182.110: Application time: 0.0295090 seconds
182.110: [GC [PSYoungGen: 7164K->544K(7680K)] 20034K->13413K(25088K), 0.0003450 secs] [Times: user=0.00 sys=0.00, real=0.00 secs] 
182.110: Total time for which application threads were stopped: 0.0004470 seconds, Stopping threads took: 0.0000540 seconds
182.139: Application time: 0.0283070 seconds
182.143: [GC [PSYoungGen: 7198K->480K(7680K)] 20068K->13349K(25088K), 0.0005700 secs] [Times: user=0.01 sys=0.00, real=0.00 secs] 
182.144: Total time for which application threads were stopped: 0.0050050 seconds, Stopping threads took: 0.0043690 seconds
182.174: Application time: 0.0303600 seconds
182.174: [GC [PSYoungGen: 7133K->480K(7680K)] 20003K->13349K(25088K), 0.0004090 secs] [Times: user=0.00 sys=0.00, real=0.00 secs] 
182.175: Total time for which application threads were stopped: 0.0005070 seconds, Stopping threads took: 0.0000490 seconds
182.204: Application time: 0.0294680 seconds
182.204: [GC [PSYoungGen: 7134K->544K(7680K)] 20004K->13413K(25088K), 0.0003690 secs] [Times: user=0.00 sys=0.00, real=0.00 secs] 
182.205: Total time for which application threads were stopped: 0.0004670 seconds, Stopping threads took: 0.0000480 seconds
182.232: Application time: 0.0274080 seconds
182.232: [GC [PSYoungGen: 7196K->576K(7680K)] 20066K->13445K(25088K), 0.0003810 secs] [Times: user=0.01 sys=0.00, real=0.00 secs] 
182.232: Total time for which application threads were stopped: 0.0004760 seconds, Stopping threads took: 0.0000450 seconds
182.262: Application time: 0.0296940 seconds
182.262: [GC [PSYoungGen: 7230K->480K(7680K)] 20100K->13349K(25088K), 0.0003760 secs] [Times: user=0.00 sys=0.00, real=0.00 secs] 
182.263: Total time for which application threads were stopped: 0.0004680 seconds, Stopping threads took: 0.0000420 seconds
182.292: Application time: 0.0295590 seconds
182.292: [GC [PSYoungGen: 7134K->480K(7680K)] 20004K->13349K(25088K), 0.0004720 secs] [Times: user=0.00 sys=0.00, real=0.00 secs] 
182.293: Total time for which application threads were stopped: 0.0005700 seconds, Stopping threads took: 0.0000500 seconds
182.322: Application time: 0.0295770 seconds
182.322: [GC [PSYoungGen: 7134K->480K(7680K)] 20004K->13349K(25088K), 0.0004050 secs] [Times: user=0.00 sys=0.00, real=0.00 secs] 
182.323: Total time for which application threads were stopped: 0.0005000 seconds, Stopping threads took: 0.0000480 seconds
182.352: Application time: 0.0294590 seconds
182.352: [GC [PSYoungGen: 7134K->512K(7680K)] 20004K->13381K(25088K), 0.0003580 secs] [Times: user=0.00 sys=0.00, real=0.00 secs] 
182.353: Total time for which application threads were stopped: 0.0004500 seconds, Stopping threads took: 0.0000440 seconds
182.382: Application time: 0.0293280 seconds
182.382: [GC [PSYoungGen: 7166K->544K(7680K)] 20036K->13413K(25088K), 0.0003460 secs] [Times: user=0.00 sys=0.00, real=0.00 secs] 
182.383: Total time for which application threads were stopped: 0.0004390 seconds, Stopping threads took: 0.0000460 seconds
182.412: Application time: 0.0295140 seconds
182.412: [GC [PSYoungGen: 7198K->544K(7680K)] 20068K->13413K(25088K), 0.0003580 secs] [Times: user=0.00 sys=0.00, real=0.00 secs] 
182.412: Total time for which application threads were stopped: 0.0004460 seconds, Stopping threads took: 0.0000400 seconds
182.433: Application time: 0.0207210 seconds
182.433: [GC [PSYoungGen: 7196K->784K(7680K)] 20066K->13653K(25088K), 0.0003880 secs] [Times: user=0.00 sys=0.00, real=0.00 secs] 
182.434: Total time for which application threads were stopped: 0.0004900 seconds, Stopping threads took: 0.0000490 seconds
182.449: Application time: 0.0149170 seconds
182.449: [GC [PSYoungGen: 7436K->992K(7680K)] 20306K->13998K(25088K), 0.0004460 secs] [Times: user=0.00 sys=0.00, real=0.00 secs] 
182.449: Total time for which application threads were stopped: 0.0005340 seconds, Stopping threads took: 0.0000400 seconds
182.462: Application time: 0.0126620 seconds
182.462: [GC [PSYoungGen: 7645K->944K(7680K)] 20650K->14078K(25088K), 0.0004980 secs] [Times: user=0.01 sys=0.00, real=0.00 secs] 
182.462: Total time for which application threads were stopped: 0.0005970 seconds, Stopping threads took: 0.0000470 seconds
182.479: Application time: 0.0161110 seconds
182.479: [GC [PSYoungGen: 7595K->912K(7680K)] 20729K->14046K(25088K), 0.0004370 secs] [Times: user=0.00 sys=0.00, real=0.00 secs] 
182.479: Total time for which application threads were stopped: 0.0005360 seconds, Stopping threads took: 0.0000480 seconds
182.499: Application time: 0.0203610 seconds
182.499: [GC [PSYoungGen: 7567K->976K(7680K)] 20701K->14110K(25088K), 0.0004390 secs] [Times: user=0.00 sys=0.00, real=0.00 secs] 
182.500: Total time for which application threads were stopped: 0.0005400 seconds, Stopping threads took: 0.0000480 seconds
182.528: Application time: 0.0276230 seconds
182.528: [GC [PSYoungGen: 7624K->1008K(7680K)] 20758K->14278K(25088K), 0.0005120 secs] [Times: user=0.00 sys=0.00, real=0.00 secs] 
182.528: Total time for which application threads were stopped: 0.0006190 seconds, Stopping threads took: 0.0000570 seconds
182.556: Application time: 0.0274660 seconds
182.556: [GC [PSYoungGen: 7661K->976K(7680K)] 20931K->14246K(25088K), 0.0004370 secs] [Times: user=0.00 sys=0.00, real=0.00 secs] 
182.556: Total time for which application threads were stopped: 0.0005340 seconds, Stopping threads took: 0.0000450 seconds
182.575: Application time: 0.0190220 seconds
182.575: [GC [PSYoungGen: 7629K->992K(7680K)] 20899K->14422K(25088K), 0.0005540 secs] [Times: user=0.00 sys=0.00, real=0.00 secs] 
182.576: Total time for which application threads were stopped: 0.0006590 seconds, Stopping threads took: 0.0000520 seconds
182.593: Application time: 0.0170120 seconds
182.593: [GC [PSYoungGen: 7644K->912K(7680K)] 21074K->14466K(25088K), 0.0005370 secs] [Times: user=0.00 sys=0.00, real=0.00 secs] 
182.594: Total time for which application threads were stopped: 0.0006700 seconds, Stopping threads took: 0.0000660 seconds
182.614: Application time: 0.0206340 seconds
182.614: [GC [PSYoungGen: 7566K->992K(7680K)] 21121K->14726K(25088K), 0.0004900 secs] [Times: user=0.00 sys=0.00, real=0.00 secs] 
182.615: Total time for which application threads were stopped: 0.0005910 seconds, Stopping threads took: 0.0000520 seconds
182.636: Application time: 0.0215710 seconds
182.636: [GC [PSYoungGen: 7645K->960K(7680K)] 21379K->14694K(25088K), 0.0004500 secs] [Times: user=0.01 sys=0.00, real=0.00 secs] 
182.637: Total time for which application threads were stopped: 0.0005590 seconds, Stopping threads took: 0.0000580 seconds
182.657: Application time: 0.0201670 seconds
182.657: [GC [PSYoungGen: 7613K->1008K(7680K)] 21347K->15030K(25088K), 0.0005270 secs] [Times: user=0.01 sys=0.00, real=0.00 secs] 
182.658: Total time for which application threads were stopped: 0.0006270 seconds, Stopping threads took: 0.0000470 seconds
182.678: Application time: 0.0201340 seconds
182.678: [GC [PSYoungGen: 7662K->992K(7680K)] 21684K->15198K(25088K), 0.0005370 secs] [Times: user=0.00 sys=0.00, real=0.00 secs] 
182.678: Total time for which application threads were stopped: 0.0006350 seconds, Stopping threads took: 0.0000460 seconds
182.703: Application time: 0.0242250 seconds
182.703: [GC [PSYoungGen: 7644K->1008K(7680K)] 21850K->15262K(25088K), 0.0005840 secs] [Times: user=0.00 sys=0.00, real=0.00 secs] 
182.703: Total time for which application threads were stopped: 0.0006980 seconds, Stopping threads took: 0.0000600 seconds
182.731: Application time: 0.0277410 seconds
182.731: [GC [PSYoungGen: 7661K->992K(7680K)] 21916K->15382K(25088K), 0.0005540 secs] [Times: user=0.00 sys=0.00, real=0.00 secs] 
182.732: Total time for which application threads were stopped: 0.0006790 seconds, Stopping threads took: 0.0000670 seconds
182.760: Application time: 0.0279480 seconds
182.760: [GC [PSYoungGen: 7644K->944K(7680K)] 22034K->15462K(25088K), 0.0005110 secs] [Times: user=0.01 sys=0.00, real=0.00 secs] 
182.760: Total time for which application threads were stopped: 0.0006230 seconds, Stopping threads took: 0.0000520 seconds
182.789: Application time: 0.0288730 seconds
182.789: [GC [PSYoungGen: 7598K->864K(7680K)] 22117K->15422K(25088K), 0.0004470 secs] [Times: user=0.00 sys=0.00, real=0.00 secs] 
182.790: Total time for which application threads were stopped: 0.0005670 seconds, Stopping threads took: 0.0000690 seconds
182.819: Application time: 0.0288590 seconds
182.819: [GC [PSYoungGen: 7518K->912K(7680K)] 22077K->15518K(25088K), 0.0004140 secs] [Times: user=0.00 sys=0.00, real=0.01 secs] 
182.819: Total time for which application threads were stopped: 0.0005080 seconds, Stopping threads took: 0.0000370 seconds
182.847: Application time: 0.0280540 seconds
182.847: [GC [PSYoungGen: 7564K->992K(7680K)] 22170K->15691K(25088K), 0.0004950 secs] [Times: user=0.01 sys=0.00, real=0.00 secs] 
182.848: Total time for which application threads were stopped: 0.0005900 seconds, Stopping threads took: 0.0000430 seconds
182.874: Application time: 0.0265190 seconds
182.874: [GC [PSYoungGen: 7647K->1008K(7680K)] 22346K->15787K(25088K), 0.0004730 secs] [Times: user=0.00 sys=0.00, real=0.00 secs] 
182.875: Total time for which application threads were stopped: 0.0005650 seconds, Stopping threads took: 0.0000400 seconds
182.902: Application time: 0.0274360 seconds
182.902: [GC [PSYoungGen: 7662K->944K(7680K)] 22441K->15899K(25088K), 0.0004540 secs] [Times: user=0.00 sys=0.00, real=0.00 secs] 
182.903: Total time for which application threads were stopped: 0.0005650 seconds, Stopping threads took: 0.0000600 seconds
182.932: Application time: 0.0292150 seconds
182.932: [GC [PSYoungGen: 7598K->976K(7680K)] 22554K->15947K(25088K), 0.0004210 secs] [Times: user=0.01 sys=0.00, real=0.00 secs] 
182.933: Total time for which application threads were stopped: 0.0005140 seconds, Stopping threads took: 0.0000450 seconds
182.962: Application time: 0.0293540 seconds
182.962: [GC [PSYoungGen: 7630K->992K(7680K)] 22602K->16011K(25088K), 0.0004430 secs] [Times: user=0.00 sys=0.00, real=0.00 secs] 
182.963: Total time for which application threads were stopped: 0.0005360 seconds, Stopping threads took: 0.0000450 seconds
182.991: Application time: 0.0287860 seconds
182.991: [GC [PSYoungGen: 7646K->992K(7680K)] 22665K->16059K(25088K), 0.0004700 secs] [Times: user=0.01 sys=0.00, real=0.00 secs] 
182.992: Total time for which application threads were stopped: 0.0005730 seconds, Stopping threads took: 0.0000520 seconds
183.021: Application time: 0.0285530 seconds
183.021: [GC [PSYoungGen: 7644K->1008K(7680K)] 22711K->16123K(25088K), 0.0004230 secs] [Times: user=0.01 sys=0.00, real=0.00 secs] 
183.021: Total time for which application threads were stopped: 0.0005300 seconds, Stopping threads took: 0.0000590 seconds
183.049: Application time: 0.0279380 seconds
183.049: [GC [PSYoungGen: 7661K->992K(7680K)] 22777K->16323K(25088K), 0.0004790 secs] [Times: user=0.00 sys=0.00, real=0.00 secs] 
183.050: Total time for which application threads were stopped: 0.0005870 seconds, Stopping threads took: 0.0000530 seconds
183.078: Application time: 0.0287430 seconds
183.078: [GC [PSYoungGen: 7644K->992K(7680K)] 22975K->16331K(25088K), 0.0004840 secs] [Times: user=0.00 sys=0.00, real=0.00 secs] 
183.079: Total time for which application threads were stopped: 0.0005990 seconds, Stopping threads took: 0.0000640 seconds
183.108: Application time: 0.0288830 seconds
183.108: [GC [PSYoungGen: 7645K->992K(7680K)] 22985K->16355K(25088K), 0.0004400 secs] [Times: user=0.00 sys=0.00, real=0.00 secs] 
183.108: Total time for which application threads were stopped: 0.0005560 seconds, Stopping threads took: 0.0000570 seconds
183.138: Application time: 0.0297720 seconds
183.138: [GC [PSYoungGen: 7646K->960K(7680K)] 23010K->16371K(25088K), 0.0004150 secs] [Times: user=0.00 sys=0.00, real=0.00 secs] 
183.139: Total time for which application threads were stopped: 0.0005180 seconds, Stopping threads took: 0.0000520 seconds
183.169: Application time: 0.0300640 seconds
183.169: [GC [PSYoungGen: 7614K->928K(7680K)] 23026K->16339K(25088K), 0.0004800 secs] [Times: user=0.00 sys=0.00, real=0.00 secs] 
183.169: Total time for which application threads were stopped: 0.0005820 seconds, Stopping threads took: 0.0000480 seconds
183.199: Application time: 0.0298090 seconds
183.199: [GC [PSYoungGen: 7582K->992K(7680K)] 22994K->16467K(25088K), 0.0004240 secs] [Times: user=0.00 sys=0.00, real=0.00 secs] 
183.200: Total time for which application threads were stopped: 0.0005280 seconds, Stopping threads took: 0.0000510 seconds
183.230: Application time: 0.0298770 seconds
183.230: [GC [PSYoungGen: 7646K->896K(7680K)] 23122K->16371K(25088K), 0.0003920 secs] [Times: user=0.00 sys=0.00, real=0.00 secs] 
183.230: Total time for which application threads were stopped: 0.0004920 seconds, Stopping threads took: 0.0000500 seconds
183.260: Application time: 0.0297910 seconds
183.260: [GC [PSYoungGen: 7550K->896K(7680K)] 23026K->16371K(25088K), 0.0003970 secs] [Times: user=0.00 sys=0.00, real=0.00 secs] 
183.260: Total time for which application threads were stopped: 0.0004990 seconds, Stopping threads took: 0.0000530 seconds
183.290: Application time: 0.0297790 seconds
183.290: [GC [PSYoungGen: 7550K->928K(7680K)] 23026K->16403K(25088K), 0.0003960 secs] [Times: user=0.00 sys=0.00, real=0.00 secs] 
183.291: Total time for which application threads were stopped: 0.0004930 seconds, Stopping threads took: 0.0000450 seconds
183.320: Application time: 0.0298110 seconds
183.320: [GC [PSYoungGen: 7582K->512K(7680K)] 23058K->16339K(25088K), 0.0004670 secs] [Times: user=0.00 sys=0.00, real=0.00 secs] 
183.321: Total time for which application threads were stopped: 0.0005710 seconds, Stopping threads took: 0.0000530 seconds
183.351: Application time: 0.0298380 seconds
183.351: [GC [PSYoungGen: 7166K->544K(7680K)] 22994K->16467K(25088K), 0.0003720 secs] [Times: user=0.00 sys=0.00, real=0.01 secs] 
183.351: Total time for which application threads were stopped: 0.0004810 seconds, Stopping threads took: 0.0000600 seconds
183.381: Application time: 0.0297790 seconds
183.381: [GC [PSYoungGen: 7198K->640K(7680K)] 23122K->16563K(25088K), 0.0003930 secs] [Times: user=0.00 sys=0.00, real=0.00 secs] 
183.382: Total time for which application threads were stopped: 0.0004890 seconds, Stopping threads took: 0.0000500 seconds
183.411: Application time: 0.0297110 seconds
183.411: [GC [PSYoungGen: 7294K->512K(7680K)] 23218K->16435K(25088K), 0.0003650 secs] [Times: user=0.00 sys=0.00, real=0.00 secs] 
183.412: Total time for which application threads were stopped: 0.0004540 seconds, Stopping threads took: 0.0000400 seconds
183.442: Application time: 0.0298510 seconds
183.442: [GC [PSYoungGen: 7166K->544K(7680K)] 23090K->16467K(25088K), 0.0003370 secs] [Times: user=0.00 sys=0.00, real=0.00 secs] 
183.442: Total time for which application threads were stopped: 0.0004300 seconds, Stopping threads took: 0.0000460 seconds
183.472: Application time: 0.0299160 seconds
183.472: [GC [PSYoungGen: 7198K->512K(7680K)] 23122K->16496K(25088K), 0.0003810 secs] [Times: user=0.00 sys=0.00, real=0.00 secs] 
183.472: Total time for which application threads were stopped: 0.0004820 seconds, Stopping threads took: 0.0000500 seconds
183.502: Application time: 0.0297850 seconds
183.502: [GC [PSYoungGen: 7166K->384K(7680K)] 23150K->16572K(25088K), 0.0003500 secs] [Times: user=0.00 sys=0.00, real=0.00 secs] 
183.503: Total time for which application threads were stopped: 0.0004500 seconds, Stopping threads took: 0.0000510 seconds
183.529: Application time: 0.0263770 seconds
183.529: [GC [PSYoungGen: 7038K->512K(7680K)] 23227K->16700K(25088K), 0.0003390 secs] [Times: user=0.00 sys=0.00, real=0.00 secs] 
183.529: Total time for which application threads were stopped: 0.0004390 seconds, Stopping threads took: 0.0000480 seconds
183.550: Application time: 0.0208260 seconds
183.550: [GC [PSYoungGen: 7165K->384K(7680K)] 23354K->16793K(25088K), 0.0003710 secs] [Times: user=0.01 sys=0.00, real=0.00 secs] 
183.551: Total time for which application threads were stopped: 0.0004620 seconds, Stopping threads took: 0.0000390 seconds
183.573: Application time: 0.0219350 seconds
183.573: [GC [PSYoungGen: 7037K->384K(7680K)] 23446K->16793K(25088K), 0.0003060 secs] [Times: user=0.00 sys=0.00, real=0.00 secs] 
183.573: Total time for which application threads were stopped: 0.0004080 seconds, Stopping threads took: 0.0000530 seconds
183.602: Application time: 0.0292530 seconds
183.602: [GC [PSYoungGen: 7036K->352K(7680K)] 23445K->16761K(25088K), 0.0003250 secs] [Times: user=0.00 sys=0.00, real=0.00 secs] 
183.603: Total time for which application threads were stopped: 0.0004210 seconds, Stopping threads took: 0.0000460 seconds
183.632: Application time: 0.0292630 seconds
183.632: [GC [PSYoungGen: 7004K->288K(7680K)] 23413K->16697K(25088K), 0.0003740 secs] [Times: user=0.00 sys=0.00, real=0.00 secs] 
183.632: Total time for which application threads were stopped: 0.0004700 seconds, Stopping threads took: 0.0000400 seconds
183.662: Application time: 0.0297120 seconds
183.662: [GC [PSYoungGen: 6941K->352K(7680K)] 23350K->16761K(25088K), 0.0004040 secs] [Times: user=0.00 sys=0.00, real=0.00 secs] 
183.663: Total time for which application threads were stopped: 0.0005180 seconds, Stopping threads took: 0.0000580 seconds
183.692: Application time: 0.0295580 seconds
183.692: [GC [PSYoungGen: 7006K->320K(7680K)] 23415K->16729K(25088K), 0.0003640 secs] [Times: user=0.00 sys=0.00, real=0.00 secs] 
183.693: Total time for which application threads were stopped: 0.0004610 seconds, Stopping threads took: 0.0000460 seconds
183.722: Application time: 0.0294210 seconds
183.722: [GC [PSYoungGen: 6974K->352K(7680K)] 23383K->16761K(25088K), 0.0003390 secs] [Times: user=0.00 sys=0.00, real=0.00 secs] 
183.723: Total time for which application threads were stopped: 0.0004560 seconds, Stopping threads took: 0.0000650 seconds
183.752: Application time: 0.0296450 seconds
183.752: [GC [PSYoungGen: 7006K->352K(7680K)] 23415K->16761K(25088K), 0.0003850 secs] [Times: user=0.00 sys=0.00, real=0.00 secs] 
183.753: Total time for which application threads were stopped: 0.0005110 seconds, Stopping threads took: 0.0000590 seconds
183.778: Application time: 0.0255120 seconds
183.778: [GC [PSYoungGen: 7004K->512K(7680K)] 23413K->16921K(25088K), 0.0003650 secs] [Times: user=0.00 sys=0.00, real=0.00 secs] 
183.779: Total time for which application threads were stopped: 0.0004720 seconds, Stopping threads took: 0.0000520 seconds
183.802: Application time: 0.0232640 seconds
183.802: [GC [PSYoungGen: 7166K->544K(7680K)] 23575K->16953K(25088K), 0.0003460 secs] [Times: user=0.00 sys=0.00, real=0.00 secs] 
183.802: Total time for which application threads were stopped: 0.0004320 seconds, Stopping threads took: 0.0000390 seconds
183.824: Application time: 0.0214500 seconds
183.824: [GC [PSYoungGen: 7197K->480K(7680K)] 23606K->16889K(25088K), 0.0004090 secs] [Times: user=0.00 sys=0.00, real=0.00 secs] 
183.824: Total time for which application threads were stopped: 0.0005090 seconds, Stopping threads took: 0.0000510 seconds
183.852: Application time: 0.0278720 seconds
183.852: [GC [PSYoungGen: 7134K->544K(7680K)] 23543K->16953K(25088K), 0.0003650 secs] [Times: user=0.01 sys=0.00, real=0.00 secs] 
183.853: Total time for which application threads were stopped: 0.0004520 seconds, Stopping threads took: 0.0000390 seconds
183.882: Application time: 0.0290300 seconds
183.882: [GC [PSYoungGen: 7196K->544K(7680K)] 23605K->16953K(25088K), 0.0003300 secs] [Times: user=0.00 sys=0.00, real=0.00 secs] 
183.882: Total time for which application threads were stopped: 0.0004130 seconds, Stopping threads took: 0.0000370 seconds
183.911: Application time: 0.0284080 seconds
183.911: [GC [PSYoungGen: 7196K->544K(7680K)] 23605K->16953K(25088K), 0.0003370 secs] [Times: user=0.00 sys=0.00, real=0.00 secs] 
183.911: Total time for which application threads were stopped: 0.0004300 seconds, Stopping threads took: 0.0000440 seconds
183.940: Application time: 0.0294390 seconds
183.941: [GC [PSYoungGen: 7198K->512K(7680K)] 23607K->16921K(25088K), 0.0003620 secs] [Times: user=0.00 sys=0.00, real=0.00 secs] 
183.941: Total time for which application threads were stopped: 0.0004620 seconds, Stopping threads took: 0.0000530 seconds
183.968: Application time: 0.0274460 seconds
183.968: [GC [PSYoungGen: 7165K->560K(7680K)] 23575K->16969K(25088K), 0.0003620 secs] [Times: user=0.01 sys=0.00, real=0.00 secs] 
183.969: Total time for which application threads were stopped: 0.0004670 seconds, Stopping threads took: 0.0000540 seconds
183.998: Application time: 0.0294870 seconds
183.998: [GC [PSYoungGen: 7214K->480K(7680K)] 23623K->16889K(25088K), 0.0004120 secs] [Times: user=0.00 sys=0.00, real=0.00 secs] 
183.999: Total time for which application threads were stopped: 0.0005100 seconds, Stopping threads took: 0.0000490 seconds
184.029: Application time: 0.0296420 seconds
184.029: [GC [PSYoungGen: 7134K->528K(7680K)] 23543K->16937K(25088K), 0.0003230 secs] [Times: user=0.00 sys=0.00, real=0.00 secs] 
184.029: Total time for which application threads were stopped: 0.0004260 seconds, Stopping threads took: 0.0000490 seconds
184.059: Application time: 0.0297030 seconds
184.059: [GC [PSYoungGen: 7182K->544K(7680K)] 23591K->16953K(25088K), 0.0003860 secs] [Times: user=0.00 sys=0.00, real=0.01 secs] 
184.059: Total time for which application threads were stopped: 0.0004860 seconds, Stopping threads took: 0.0000520 seconds
184.089: Application time: 0.0295980 seconds
184.089: [GC [PSYoungGen: 7198K->672K(7680K)] 23607K->17081K(25088K), 0.0003610 secs] [Times: user=0.00 sys=0.00, real=0.00 secs] 
184.089: Total time for which application threads were stopped: 0.0004660 seconds, Stopping threads took: 0.0000530 seconds
184.119: Application time: 0.0293330 seconds
184.119: [GC [PSYoungGen: 7326K->512K(7680K)] 23735K->16921K(25088K), 0.0003200 secs] [Times: user=0.00 sys=0.00, real=0.00 secs] 
184.119: Total time for which application threads were stopped: 0.0009350 seconds, Stopping threads took: 0.0005660 seconds
184.149: Application time: 0.0295180 seconds
184.149: [GC [PSYoungGen: 7166K->544K(7680K)] 23575K->16953K(25088K), 0.0003590 secs] [Times: user=0.00 sys=0.00, real=0.00 secs] 
184.149: Total time for which application threads were stopped: 0.0004630 seconds, Stopping threads took: 0.0000460 seconds
184.171: Application time: 0.0210810 seconds
184.171: [GC [PSYoungGen: 7196K->736K(7680K)] 23605K->17145K(25088K), 0.0003990 secs] [Times: user=0.00 sys=0.00, real=0.00 secs] 
184.171: Total time for which application threads were stopped: 0.0005010 seconds, Stopping threads took: 0.0000520 seconds
184.185: Application time: 0.0140320 seconds
184.185: [GC [PSYoungGen: 7390K->992K(7680K)] 23800K->17537K(25088K), 0.0004900 secs] [Times: user=0.00 sys=0.00, real=0.00 secs] 
184.186: Total time for which application threads were stopped: 0.0005790 seconds, Stopping threads took: 0.0000380 seconds
184.199: Application time: 0.0135980 seconds
184.199: [GC [PSYoungGen: 7648K->928K(7680K)] 24193K->17473K(25088K), 0.0004880 secs] [Times: user=0.00 sys=0.00, real=0.00 secs] 
184.200: Total time for which application threads were stopped: 0.0005970 seconds, Stopping threads took: 0.0000530 seconds
184.216: Application time: 0.0163040 seconds
184.216: [GC [PSYoungGen: 7583K->992K(7680K)] 24129K->17577K(25088K), 0.0004490 secs] [Times: user=0.00 sys=0.00, real=0.00 secs] 
184.217: Total time for which application threads were stopped: 0.0005530 seconds, Stopping threads took: 0.0000550 seconds
184.238: Application time: 0.0210180 seconds
184.238: [GC [PSYoungGen: 7648K->1008K(7680K)] 24233K->17653K(25088K), 0.0004500 secs] [Times: user=0.00 sys=0.00, real=0.00 secs] 
184.238: Total time for which application threads were stopped: 0.0005510 seconds, Stopping threads took: 0.0000480 seconds
184.266: Application time: 0.0273500 seconds
184.266: [GC [PSYoungGen: 7662K->992K(7680K)] 24308K->17645K(25088K), 0.0004500 secs] [Times: user=0.00 sys=0.00, real=0.00 secs] 
184.266: Total time for which application threads were stopped: 0.0005560 seconds, Stopping threads took: 0.0000540 seconds
184.293: Application time: 0.0268350 seconds
184.293: [GC [PSYoungGen: 7648K->992K(7680K)] 24301K->17661K(25088K), 0.0004480 secs] [Times: user=0.00 sys=0.00, real=0.00 secs] 
184.294: Total time for which application threads were stopped: 0.0005470 seconds, Stopping threads took: 0.0000480 seconds
184.314: Application time: 0.0201420 seconds
184.314: [GC [PSYoungGen: 7647K->1008K(7680K)] 24317K->17925K(25088K), 0.0004990 secs] [Times: user=0.00 sys=0.00, real=0.00 secs] 
184.314: Total time for which application threads were stopped: 0.0006090 seconds, Stopping threads took: 0.0000570 seconds
184.334: Application time: 0.0192920 seconds
184.334: [GC [PSYoungGen: 7660K->1008K(7680K)] 24577K->18173K(25088K), 0.0004900 secs] [Times: user=0.00 sys=0.00, real=0.00 secs] 
184.334: Total time for which application threads were stopped: 0.0005840 seconds, Stopping threads took: 0.0000430 seconds
184.352: Application time: 0.0176530 seconds
184.352: [GC [PSYoungGen: 7661K->1008K(7680K)] 24826K->18365K(25088K), 0.0004820 secs] [Times: user=0.00 sys=0.00, real=0.00 secs] 
184.352: [Full GC [PSYoungGen: 1008K->0K(7680K)] [ParOldGen: 17357K->3320K(17408K)] 18365K->3320K(25088K) [PSPermGen: 5574K->5574K(21504K)], 0.0045590 secs] [Times: user=0.02 sys=0.00, real=0.00 secs] 
184.357: Total time for which application threads were stopped: 0.0051860 seconds, Stopping threads took: 0.0000470 seconds
184.378: Application time: 0.0209570 seconds
184.378: [GC [PSYoungGen: 6656K->0K(7680K)] 9976K->3320K(25088K), 0.0003410 secs] [Times: user=0.00 sys=0.00, real=0.00 secs] 
184.378: Total time for which application threads were stopped: 0.0004670 seconds, Stopping threads took: 0.0000720 seconds
184.404: Application time: 0.0254830 seconds
184.404: [GC [PSYoungGen: 6652K->512K(7680K)] 9972K->3832K(25088K), 0.0003760 secs] [Times: user=0.00 sys=0.00, real=0.00 secs] 
184.404: Total time for which application threads were stopped: 0.0004710 seconds, Stopping threads took: 0.0000430 seconds
184.424: Application time: 0.0196380 seconds
184.424: [GC [PSYoungGen: 7164K->704K(7680K)] 10485K->4024K(25088K), 0.0004470 secs] [Times: user=0.00 sys=0.00, real=0.00 secs] 
184.425: Total time for which application threads were stopped: 0.0005450 seconds, Stopping threads took: 0.0000480 seconds
184.445: Application time: 0.0204790 seconds
184.445: [GC [PSYoungGen: 7358K->704K(7680K)] 10678K->4024K(25088K), 0.0003710 secs] [Times: user=0.00 sys=0.00, real=0.00 secs] 
184.446: Total time for which application threads were stopped: 0.0004680 seconds, Stopping threads took: 0.0000470 seconds
184.472: Application time: 0.0267060 seconds
184.472: [GC [PSYoungGen: 7358K->736K(7680K)] 10678K->4056K(25088K), 0.0003690 secs] [Times: user=0.01 sys=0.00, real=0.00 secs] 
184.473: Total time for which application threads were stopped: 0.0004740 seconds, Stopping threads took: 0.0000550 seconds
184.502: Application time: 0.0288180 seconds
184.503: [GC [PSYoungGen: 7388K->752K(7680K)] 10708K->4072K(25088K), 0.0003860 secs] [Times: user=0.00 sys=0.00, real=0.00 secs] 
184.504: Total time for which application threads were stopped: 0.0019630 seconds, Stopping threads took: 0.0015280 seconds
184.531: Application time: 0.0278560 seconds
184.531: [GC [PSYoungGen: 7405K->768K(7680K)] 10726K->4088K(25088K), 0.0003870 secs] [Times: user=0.00 sys=0.00, real=0.00 secs] 
184.532: Total time for which application threads were stopped: 0.0004910 seconds, Stopping threads took: 0.0000530 seconds
184.561: Application time: 0.0290890 seconds
184.561: [GC [PSYoungGen: 7420K->736K(7680K)] 10740K->4056K(25088K), 0.0003820 secs] [Times: user=0.00 sys=0.00, real=0.00 secs] 
184.561: Total time for which application threads were stopped: 0.0004770 seconds, Stopping threads took: 0.0000480 seconds
184.590: Application time: 0.0281140 seconds
184.590: [GC [PSYoungGen: 7388K->928K(7680K)] 10708K->4248K(25088K), 0.0003920 secs] [Times: user=0.00 sys=0.00, real=0.00 secs] 
184.590: Total time for which application threads were stopped: 0.0004870 seconds, Stopping threads took: 0.0000450 seconds
184.617: Application time: 0.0269820 seconds
184.617: [GC [PSYoungGen: 7582K->992K(7680K)] 10902K->4588K(25088K), 0.0004850 secs] [Times: user=0.00 sys=0.00, real=0.00 secs] 
184.618: Total time for which application threads were stopped: 0.0005890 seconds, Stopping threads took: 0.0000540 seconds
184.645: Application time: 0.0270470 seconds
184.645: [GC [PSYoungGen: 7647K->976K(7680K)] 11244K->4700K(25088K), 0.0004540 secs] [Times: user=0.00 sys=0.00, real=0.00 secs] 
184.645: Total time for which application threads were stopped: 0.0005450 seconds, Stopping threads took: 0.0000390 seconds
184.674: Application time: 0.0292040 seconds
184.675: [GC [PSYoungGen: 7630K->992K(7680K)] 11355K->4732K(25088K), 0.0004990 secs] [Times: user=0.01 sys=0.00, real=0.00 secs] 
184.675: Total time for which application threads were stopped: 0.0006110 seconds, Stopping threads took: 0.0000530 seconds
184.705: Application time: 0.0295810 seconds
184.705: [GC [PSYoungGen: 7646K->992K(7680K)] 11387K->4740K(25088K), 0.0004130 secs] [Times: user=0.00 sys=0.00, real=0.00 secs] 
184.705: Total time for which application threads were stopped: 0.0005160 seconds, Stopping threads took: 0.0000520 seconds
184.734: Application time: 0.0285310 seconds
184.735: [GC [PSYoungGen: 7644K->1008K(7680K)] 11393K->4885K(25088K), 0.0004860 secs] [Times: user=0.00 sys=0.00, real=0.00 secs] 
184.736: Total time for which application threads were stopped: 0.0019590 seconds, Stopping threads took: 0.0014180 seconds
184.765: Application time: 0.0292120 seconds
184.765: [GC [PSYoungGen: 7662K->992K(7680K)] 11539K->4868K(25088K), 0.0004950 secs] [Times: user=0.01 sys=0.00, real=0.00 secs] 
184.765: Total time for which application threads were stopped: 0.0006100 seconds, Stopping threads took: 0.0000580 seconds
184.793: Application time: 0.0277970 seconds
184.793: [GC [PSYoungGen: 7645K->992K(7680K)] 11522K->5005K(25088K), 0.0004380 secs] [Times: user=0.00 sys=0.00, real=0.00 secs] 
184.794: Total time for which application threads were stopped: 0.0005550 seconds, Stopping threads took: 0.0000670 seconds
184.823: Application time: 0.0295670 seconds
184.823: [GC [PSYoungGen: 7646K->896K(7680K)] 11659K->5037K(25088K), 0.0004170 secs] [Times: user=0.00 sys=0.00, real=0.00 secs] 
184.824: Total time for which application threads were stopped: 0.0005220 seconds, Stopping threads took: 0.0000510 seconds
184.852: Application time: 0.0281800 seconds
184.852: [GC [PSYoungGen: 7550K->992K(7680K)] 11691K->5141K(25088K), 0.0004690 secs] [Times: user=0.00 sys=0.00, real=0.00 secs] 
184.853: Total time for which application threads were stopped: 0.0005730 seconds, Stopping threads took: 0.0000520 seconds
184.883: Application time: 0.0300360 seconds
184.883: [GC [PSYoungGen: 7646K->992K(7680K)] 11795K->5157K(25088K), 0.0004340 secs] [Times: user=0.00 sys=0.00, real=0.00 secs] 
184.883: Total time for which application threads were stopped: 0.0005360 seconds, Stopping threads took: 0.0000480 seconds
184.913: Application time: 0.0299380 seconds
184.913: [GC [PSYoungGen: 7646K->992K(7680K)] 11811K->5205K(25088K), 0.0003910 secs] [Times: user=0.01 sys=0.00, real=0.00 secs] 
184.914: Total time for which application threads were stopped: 0.0004980 seconds, Stopping threads took: 0.0000570 seconds
184.944: Application time: 0.0300070 seconds
184.944: [GC [PSYoungGen: 7646K->992K(7680K)] 11859K->5205K(25088K), 0.0004010 secs] [Times: user=0.00 sys=0.00, real=0.00 secs] 
184.944: Total time for which application threads were stopped: 0.0004990 seconds, Stopping threads took: 0.0000450 seconds
184.974: Application time: 0.0300020 seconds
184.974: [GC [PSYoungGen: 7646K->992K(7680K)] 11859K->5213K(25088K), 0.0004130 secs] [Times: user=0.01 sys=0.00, real=0.00 secs] 
184.975: Total time for which application threads were stopped: 0.0005030 seconds, Stopping threads took: 0.0000370 seconds
185.005: Application time: 0.0300410 seconds
185.005: [GC [PSYoungGen: 7646K->992K(7680K)] 11867K->5213K(25088K), 0.0003760 secs] [Times: user=0.00 sys=0.00, real=0.00 secs] 
185.005: Total time for which application threads were stopped: 0.0004770 seconds, Stopping threads took: 0.0000520 seconds
185.035: Application time: 0.0296980 seconds
185.035: [GC [PSYoungGen: 7646K->960K(7680K)] 11867K->5181K(25088K), 0.0003920 secs] [Times: user=0.00 sys=0.00, real=0.00 secs] 
185.035: Total time for which application threads were stopped: 0.0004930 seconds, Stopping threads took: 0.0000500 seconds
185.066: Application time: 0.0310030 seconds
185.066: [GC [PSYoungGen: 7612K->928K(7680K)] 11833K->5213K(25088K), 0.0004080 secs] [Times: user=0.00 sys=0.00, real=0.00 secs] 
185.067: Total time for which application threads were stopped: 0.0005160 seconds, Stopping threads took: 0.0000530 seconds
185.097: Application time: 0.0298430 seconds
185.097: [GC [PSYoungGen: 7582K->800K(7680K)] 11867K->5361K(25088K), 0.0004680 secs] [Times: user=0.00 sys=0.00, real=0.00 secs] 
185.097: Total time for which application threads were stopped: 0.0005680 seconds, Stopping threads took: 0.0000500 seconds
185.127: Application time: 0.0298160 seconds
185.127: [GC [PSYoungGen: 7454K->672K(7680K)] 12016K->5233K(25088K), 0.0003410 secs] [Times: user=0.00 sys=0.00, real=0.00 secs] 
185.128: Total time for which application threads were stopped: 0.0004390 seconds, Stopping threads took: 0.0000530 seconds
185.158: Application time: 0.0300270 seconds
185.158: [GC [PSYoungGen: 7326K->864K(7680K)] 11888K->5425K(25088K), 0.0003700 secs] [Times: user=0.00 sys=0.00, real=0.00 secs] 
185.158: Total time for which application threads were stopped: 0.0004620 seconds, Stopping threads took: 0.0000440 seconds
185.189: Application time: 0.0309170 seconds
185.189: [GC [PSYoungGen: 7518K->736K(7680K)] 12080K->5297K(25088K), 0.0003960 secs] [Times: user=0.00 sys=0.00, real=0.00 secs] 
185.190: Total time for which application threads were stopped: 0.0005150 seconds, Stopping threads took: 0.0000560 seconds
185.220: Application time: 0.0306090 seconds
185.220: [GC [PSYoungGen: 7390K->544K(7680K)] 11951K->5329K(25088K), 0.0003730 secs] [Times: user=0.00 sys=0.00, real=0.00 secs] 
185.221: Total time for which application threads were stopped: 0.0004650 seconds, Stopping threads took: 0.0000380 seconds
185.251: Application time: 0.0300250 seconds
185.251: [GC [PSYoungGen: 7196K->384K(7680K)] 11981K->5398K(25088K), 0.0003400 secs] [Times: user=0.00 sys=0.00, real=0.00 secs] 
185.251: Total time for which application threads were stopped: 0.0004360 seconds, Stopping threads took: 0.0000410 seconds
185.277: Application time: 0.0259780 seconds
185.277: [GC [PSYoungGen: 7036K->608K(7680K)] 12050K->5622K(25088K), 0.0003950 secs] [Times: user=0.00 sys=0.00, real=0.00 secs] 
185.278: Total time for which application threads were stopped: 0.0004970 seconds, Stopping threads took: 0.0000550 seconds
185.298: Application time: 0.0207780 seconds
185.298: [GC [PSYoungGen: 7261K->416K(7680K)] 12275K->5650K(25088K), 0.0003640 secs] [Times: user=0.00 sys=0.00, real=0.00 secs] 
185.299: Total time for which application threads were stopped: 0.0004600 seconds, Stopping threads took: 0.0000460 seconds
185.321: Application time: 0.0223900 seconds
185.321: [GC [PSYoungGen: 7067K->320K(7680K)] 12302K->5554K(25088K), 0.0003460 secs] [Times: user=0.00 sys=0.00, real=0.00 secs] 
185.322: Total time for which application threads were stopped: 0.0004340 seconds, Stopping threads took: 0.0000390 seconds
185.351: Application time: 0.0292100 seconds
185.351: [GC [PSYoungGen: 6972K->256K(7680K)] 12206K->5490K(25088K), 0.0003860 secs] [Times: user=0.00 sys=0.00, real=0.01 secs] 
185.351: Total time for which application threads were stopped: 0.0004730 seconds, Stopping threads took: 0.0000380 seconds
185.380: Application time: 0.0283720 seconds
185.380: [GC [PSYoungGen: 6908K->320K(7680K)] 12142K->5554K(25088K), 0.0003680 secs] [Times: user=0.00 sys=0.00, real=0.00 secs] 
185.380: Total time for which application threads were stopped: 0.0004610 seconds, Stopping threads took: 0.0000490 seconds
185.410: Application time: 0.0295660 seconds
185.410: [GC [PSYoungGen: 6972K->320K(7680K)] 12206K->5554K(25088K), 0.0003130 secs] [Times: user=0.00 sys=0.00, real=0.00 secs] 
185.410: Total time for which application threads were stopped: 0.0004000 seconds, Stopping threads took: 0.0000390 seconds
185.440: Application time: 0.0294720 seconds
185.440: [GC [PSYoungGen: 6974K->352K(7680K)] 12209K->5586K(25088K), 0.0003110 secs] [Times: user=0.00 sys=0.00, real=0.00 secs] 
185.440: Total time for which application threads were stopped: 0.0004080 seconds, Stopping threads took: 0.0000520 seconds
185.470: Application time: 0.0295680 seconds
185.470: [GC [PSYoungGen: 7004K->256K(7680K)] 12238K->5490K(25088K), 0.0003330 secs] [Times: user=0.00 sys=0.00, real=0.00 secs] 
185.470: Total time for which application threads were stopped: 0.0004360 seconds, Stopping threads took: 0.0000520 seconds
185.499: Application time: 0.0293920 seconds
185.499: [GC [PSYoungGen: 6910K->352K(7680K)] 12145K->5586K(25088K), 0.0003160 secs] [Times: user=0.00 sys=0.00, real=0.00 secs] 
185.500: Total time for which application threads were stopped: 0.0004220 seconds, Stopping threads took: 0.0000580 seconds
185.528: Application time: 0.0285980 seconds
185.528: [GC [PSYoungGen: 6915K->384K(7680K)] 12149K->5618K(25088K), 0.0003260 secs] [Times: user=0.00 sys=0.00, real=0.00 secs] 
185.529: Total time for which application threads were stopped: 0.0004290 seconds, Stopping threads took: 0.0000540 seconds
185.549: Application time: 0.0205180 seconds
185.549: [GC [PSYoungGen: 7038K->512K(7680K)] 12273K->5746K(25088K), 0.0003300 secs] [Times: user=0.00 sys=0.00, real=0.00 secs] 
185.550: Total time for which application threads were stopped: 0.0004470 seconds, Stopping threads took: 0.0000700 seconds
185.571: Application time: 0.0214340 seconds
185.571: [GC [PSYoungGen: 7167K->480K(7680K)] 12402K->5714K(25088K), 0.0003970 secs] [Times: user=0.01 sys=0.00, real=0.00 secs] 
185.572: Total time for which application threads were stopped: 0.0004890 seconds, Stopping threads took: 0.0000460 seconds
185.599: Application time: 0.0268240 seconds
185.599: [GC [PSYoungGen: 7132K->544K(7680K)] 12366K->5778K(25088K), 0.0003450 secs] [Times: user=0.00 sys=0.00, real=0.00 secs] 
185.599: Total time for which application threads were stopped: 0.0004400 seconds, Stopping threads took: 0.0000470 seconds
185.628: Application time: 0.0294550 seconds
185.629: [GC [PSYoungGen: 7196K->512K(7680K)] 12430K->5746K(25088K), 0.0003520 secs] [Times: user=0.00 sys=0.00, real=0.00 secs] 
185.629: Total time for which application threads were stopped: 0.0004380 seconds, Stopping threads took: 0.0000380 seconds
185.657: Application time: 0.0283530 seconds
185.657: [GC [PSYoungGen: 7164K->544K(7680K)] 12398K->5778K(25088K), 0.0003610 secs] [Times: user=0.01 sys=0.00, real=0.00 secs] 
185.658: Total time for which application threads were stopped: 0.0004530 seconds, Stopping threads took: 0.0000430 seconds
185.687: Application time: 0.0294360 seconds
185.687: [GC [PSYoungGen: 7198K->480K(7680K)] 12433K->5714K(25088K), 0.0003580 secs] [Times: user=0.00 sys=0.00, real=0.00 secs] 
185.688: Total time for which application threads were stopped: 0.0004560 seconds, Stopping threads took: 0.0000510 seconds
185.716: Application time: 0.0285600 seconds
185.716: [GC [PSYoungGen: 7135K->544K(7680K)] 12369K->5778K(25088K), 0.0003890 secs] [Times: user=0.00 sys=0.00, real=0.00 secs] 
185.717: Total time for which application threads were stopped: 0.0005090 seconds, Stopping threads took: 0.0000550 seconds
185.746: Application time: 0.0298070 seconds
185.747: [GC [PSYoungGen: 7196K->512K(7680K)] 12430K->5746K(25088K), 0.0003450 secs] [Times: user=0.00 sys=0.00, real=0.00 secs] 
185.747: Total time for which application threads were stopped: 0.0004360 seconds, Stopping threads took: 0.0000430 seconds
185.777: Application time: 0.0297780 seconds
185.777: [GC [PSYoungGen: 7166K->480K(7680K)] 12401K->5714K(25088K), 0.0003890 secs] [Times: user=0.00 sys=0.00, real=0.00 secs] 
185.777: Total time for which application threads were stopped: 0.0005110 seconds, Stopping threads took: 0.0000680 seconds
185.807: Application time: 0.0297250 seconds
185.807: [GC [PSYoungGen: 7134K->544K(7680K)] 12369K->5778K(25088K), 0.0003740 secs] [Times: user=0.00 sys=0.00, real=0.00 secs] 
185.807: Total time for which application threads were stopped: 0.0004740 seconds, Stopping threads took: 0.0000510 seconds
185.837: Application time: 0.0297470 seconds
185.837: [GC [PSYoungGen: 7198K->448K(7680K)] 12433K->5682K(25088K), 0.0003970 secs] [Times: user=0.00 sys=0.00, real=0.00 secs] 
185.838: Total time for which application threads were stopped: 0.0005020 seconds, Stopping threads took: 0.0000570 seconds
185.867: Application time: 0.0295840 seconds
185.867: [GC [PSYoungGen: 7102K->512K(7680K)] 12337K->5746K(25088K), 0.0003530 secs] [Times: user=0.00 sys=0.00, real=0.00 secs] 
185.868: Total time for which application threads were stopped: 0.0004460 seconds, Stopping threads took: 0.0000430 seconds
185.897: Application time: 0.0294460 seconds
185.897: [GC [PSYoungGen: 7166K->480K(7680K)] 12401K->5714K(25088K), 0.0003790 secs] [Times: user=0.00 sys=0.00, real=0.00 secs] 
185.898: Total time for which application threads were stopped: 0.0004680 seconds, Stopping threads took: 0.0000400 seconds
185.919: Application time: 0.0212720 seconds
185.919: [GC [PSYoungGen: 7131K->960K(7680K)] 12366K->6194K(25088K), 0.0004720 secs] [Times: user=0.00 sys=0.00, real=0.01 secs] 
185.919: Total time for which application threads were stopped: 0.0005650 seconds, Stopping threads took: 0.0000440 seconds
185.936: Application time: 0.0163910 seconds
185.936: [GC [PSYoungGen: 7615K->992K(7680K)] 12850K->6406K(25088K), 0.0004440 secs] [Times: user=0.00 sys=0.00, real=0.00 secs] 
185.936: Total time for which application threads were stopped: 0.0005590 seconds, Stopping threads took: 0.0000620 seconds
185.951: Application time: 0.0142120 seconds
185.951: [GC [PSYoungGen: 7646K->992K(7680K)] 13061K->6422K(25088K), 0.0004330 secs] [Times: user=0.00 sys=0.00, real=0.01 secs] 
185.951: Total time for which application threads were stopped: 0.0005320 seconds, Stopping threads took: 0.0000490 seconds
185.966: Application time: 0.0147000 seconds
185.966: [GC [PSYoungGen: 7588K->864K(7680K)] 13019K->6294K(25088K), 0.0005030 secs] [Times: user=0.00 sys=0.00, real=0.00 secs] 
185.966: Total time for which application threads were stopped: 0.0006080 seconds, Stopping threads took: 0.0000550 seconds
185.987: Application time: 0.0200920 seconds
185.987: [GC [PSYoungGen: 7517K->992K(7680K)] 12948K->6438K(25088K), 0.0004300 secs] [Times: user=0.00 sys=0.00, real=0.00 secs] 
185.987: Total time for which application threads were stopped: 0.0005360 seconds, Stopping threads took: 0.0000490 seconds
186.014: Application time: 0.0269230 seconds
186.014: [GC [PSYoungGen: 7644K->1008K(7680K)] 13090K->6462K(25088K), 0.0004360 secs] [Times: user=0.00 sys=0.00, real=0.00 secs] 
186.015: Total time for which application threads were stopped: 0.0005420 seconds, Stopping threads took: 0.0000540 seconds
186.041: Application time: 0.0265250 seconds
186.041: [GC [PSYoungGen: 7660K->1008K(7680K)] 13115K->6590K(25088K), 0.0004640 secs] [Times: user=0.00 sys=0.00, real=0.00 secs] 
186.042: Total time for which application threads were stopped: 0.0005710 seconds, Stopping threads took: 0.0000550 seconds
186.070: Application time: 0.0281490 seconds
186.070: [GC [PSYoungGen: 7662K->992K(7680K)] 13244K->6606K(25088K), 0.0004450 secs] [Times: user=0.00 sys=0.00, real=0.00 secs] 
186.070: Total time for which application threads were stopped: 0.0005410 seconds, Stopping threads took: 0.0000460 seconds
186.088: Application time: 0.0173860 seconds
186.091: [GC [PSYoungGen: 7643K->992K(7680K)] 13258K->7014K(25088K), 0.0005220 secs] [Times: user=0.00 sys=0.00, real=0.00 secs] 
186.092: Total time for which application threads were stopped: 0.0039340 seconds, Stopping threads took: 0.0033620 seconds
186.109: Application time: 0.0171910 seconds
186.109: [GC [PSYoungGen: 7647K->1008K(7680K)] 13669K->7158K(25088K), 0.0004740 secs] [Times: user=0.00 sys=0.00, real=0.00 secs] 
186.109: Total time for which application threads were stopped: 0.0005720 seconds, Stopping threads took: 0.0000460 seconds
186.126: Application time: 0.0167990 seconds
186.126: [GC [PSYoungGen: 7662K->1008K(7680K)] 13813K->7275K(25088K), 0.0004630 secs] [Times: user=0.00 sys=0.00, real=0.00 secs] 
186.127: Total time for which application threads were stopped: 0.0005600 seconds, Stopping threads took: 0.0000490 seconds
186.146: Application time: 0.0194550 seconds
186.146: [GC [PSYoungGen: 7663K->1008K(7680K)] 13930K->7515K(25088K), 0.0005220 secs] [Times: user=0.00 sys=0.00, real=0.00 secs] 
186.147: Total time for which application threads were stopped: 0.0006230 seconds, Stopping threads took: 0.0000510 seconds
186.168: Application time: 0.0207190 seconds
186.168: [GC [PSYoungGen: 7661K->928K(7680K)] 14169K->7563K(25088K), 0.0004690 secs] [Times: user=0.00 sys=0.00, real=0.00 secs] 
186.168: Total time for which application threads were stopped: 0.0005940 seconds, Stopping threads took: 0.0000760 seconds
186.190: Application time: 0.0221890 seconds
186.190: [GC [PSYoungGen: 7583K->992K(7680K)] 14219K->7627K(25088K), 0.0005080 secs] [Times: user=0.00 sys=0.00, real=0.00 secs] 
186.191: Total time for which application threads were stopped: 0.0006150 seconds, Stopping threads took: 0.0000570 seconds
186.219: Application time: 0.0276050 seconds
186.219: [GC [PSYoungGen: 7644K->992K(7680K)] 14279K->7787K(25088K), 0.0005380 secs] [Times: user=0.00 sys=0.00, real=0.01 secs] 
186.219: Total time for which application threads were stopped: 0.0006440 seconds, Stopping threads took: 0.0000510 seconds
186.247: Application time: 0.0279450 seconds
186.247: [GC [PSYoungGen: 7644K->992K(7680K)] 14439K->7795K(25088K), 0.0004730 secs] [Times: user=0.01 sys=0.00, real=0.00 secs] 
186.248: Total time for which application threads were stopped: 0.0005710 seconds, Stopping threads took: 0.0000430 seconds
186.277: Application time: 0.0296900 seconds
186.278: [GC [PSYoungGen: 7646K->1008K(7680K)] 14449K->7839K(25088K), 0.0004750 secs] [Times: user=0.00 sys=0.00, real=0.00 secs] 
186.278: Total time for which application threads were stopped: 0.0005840 seconds, Stopping threads took: 0.0000510 seconds
186.307: Application time: 0.0287980 seconds
186.307: [GC [PSYoungGen: 7662K->976K(7680K)] 14494K->7807K(25088K), 0.0004880 secs] [Times: user=0.01 sys=0.00, real=0.00 secs] 
186.307: Total time for which application threads were stopped: 0.0005940 seconds, Stopping threads took: 0.0000510 seconds
186.336: Application time: 0.0287500 seconds
186.336: [GC [PSYoungGen: 7630K->944K(7680K)] 14462K->7831K(25088K), 0.0004570 secs] [Times: user=0.00 sys=0.00, real=0.00 secs] 
186.337: Total time for which application threads were stopped: 0.0005680 seconds, Stopping threads took: 0.0000610 seconds
186.364: Application time: 0.0270580 seconds
186.364: [GC [PSYoungGen: 7598K->1008K(7680K)] 14485K->8191K(25088K), 0.0005250 secs] [Times: user=0.01 sys=0.00, real=0.00 secs] 
186.364: Total time for which application threads were stopped: 0.0006300 seconds, Stopping threads took: 0.0000550 seconds
186.391: Application time: 0.0264840 seconds
186.391: [GC [PSYoungGen: 7660K->992K(7680K)] 14844K->8395K(25088K), 0.0004970 secs] [Times: user=0.00 sys=0.00, real=0.01 secs] 
186.392: Total time for which application threads were stopped: 0.0005980 seconds, Stopping threads took: 0.0000510 seconds
186.420: Application time: 0.0281830 seconds
186.420: [GC [PSYoungGen: 7645K->992K(7680K)] 15049K->8619K(25088K), 0.0004820 secs] [Times: user=0.00 sys=0.00, real=0.00 secs] 
186.420: Total time for which application threads were stopped: 0.0005840 seconds, Stopping threads took: 0.0000500 seconds
186.450: Application time: 0.0294500 seconds
186.450: [GC [PSYoungGen: 7644K->992K(7680K)] 15272K->8651K(25088K), 0.0004450 secs] [Times: user=0.00 sys=0.00, real=0.00 secs] 
186.450: Total time for which application threads were stopped: 0.0005440 seconds, Stopping threads took: 0.0000480 seconds
186.480: Application time: 0.0293170 seconds
186.480: [GC [PSYoungGen: 7646K->912K(7680K)] 15306K->8619K(25088K), 0.0004690 secs] [Times: user=0.00 sys=0.00, real=0.00 secs] 
186.480: Total time for which application threads were stopped: 0.0005790 seconds, Stopping threads took: 0.0000620 seconds
186.509: Application time: 0.0292850 seconds
186.510: [GC [PSYoungGen: 7566K->960K(7680K)] 15274K->8699K(25088K), 0.0004450 secs] [Times: user=0.00 sys=0.00, real=0.00 secs] 
186.510: Total time for which application threads were stopped: 0.0005500 seconds, Stopping threads took: 0.0000540 seconds
186.536: Application time: 0.0261460 seconds
186.536: [GC [PSYoungGen: 7613K->992K(7680K)] 15353K->9051K(25088K), 0.0005100 secs] [Times: user=0.00 sys=0.00, real=0.00 secs] 
186.537: Total time for which application threads were stopped: 0.0006160 seconds, Stopping threads took: 0.0000540 seconds
186.566: Application time: 0.0289380 seconds
186.566: [GC [PSYoungGen: 7644K->992K(7680K)] 15704K->9272K(25088K), 0.0004860 secs] [Times: user=0.00 sys=0.00, real=0.00 secs] 
186.566: Total time for which application threads were stopped: 0.0005770 seconds, Stopping threads took: 0.0000390 seconds
186.595: Application time: 0.0287440 seconds
186.595: [GC [PSYoungGen: 7645K->992K(7680K)] 15926K->9416K(25088K), 0.0004770 secs] [Times: user=0.00 sys=0.00, real=0.00 secs] 
186.596: Total time for which application threads were stopped: 0.0005800 seconds, Stopping threads took: 0.0000540 seconds
186.626: Application time: 0.0298900 seconds
186.626: [GC [PSYoungGen: 7646K->864K(7680K)] 16071K->9312K(25088K), 0.0004360 secs] [Times: user=0.01 sys=0.00, real=0.00 secs] 
186.626: Total time for which application threads were stopped: 0.0005290 seconds, Stopping threads took: 0.0000420 seconds
186.656: Application time: 0.0297630 seconds
186.656: [GC [PSYoungGen: 7518K->864K(7680K)] 15967K->9352K(25088K), 0.0004160 secs] [Times: user=0.01 sys=0.00, real=0.00 secs] 
186.656: Total time for which application threads were stopped: 0.0005180 seconds, Stopping threads took: 0.0000540 seconds
186.687: Application time: 0.0311120 seconds
186.688: [GC [PSYoungGen: 7518K->672K(7680K)] 16007K->9352K(25088K), 0.0004300 secs] [Times: user=0.01 sys=0.00, real=0.00 secs] 
186.688: Total time for which application threads were stopped: 0.0005360 seconds, Stopping threads took: 0.0000480 seconds
186.718: Application time: 0.0298730 seconds
186.718: [GC [PSYoungGen: 7326K->704K(7680K)] 16007K->9384K(25088K), 0.0004100 secs] [Times: user=0.01 sys=0.00, real=0.00 secs] 
186.718: Total time for which application threads were stopped: 0.0005120 seconds, Stopping threads took: 0.0000530 seconds
186.748: Application time: 0.0299710 seconds
186.749: [GC [PSYoungGen: 7358K->672K(7680K)] 16039K->9352K(25088K), 0.0004350 secs] [Times: user=0.01 sys=0.00, real=0.00 secs] 
186.749: Total time for which application threads were stopped: 0.0009500 seconds, Stopping threads took: 0.0004420 seconds
186.779: Application time: 0.0299400 seconds
186.779: [GC [PSYoungGen: 7324K->704K(7680K)] 16004K->9384K(25088K), 0.0003910 secs] [Times: user=0.00 sys=0.00, real=0.00 secs] 
186.780: Total time for which application threads were stopped: 0.0004940 seconds, Stopping threads took: 0.0000500 seconds
186.810: Application time: 0.0299130 seconds
186.810: [GC [PSYoungGen: 7358K->672K(7680K)] 16039K->9352K(25088K), 0.0003560 secs] [Times: user=0.01 sys=0.00, real=0.00 secs] 
186.810: Total time for which application threads were stopped: 0.0004620 seconds, Stopping threads took: 0.0000570 seconds
186.840: Application time: 0.0300030 seconds
186.840: [GC [PSYoungGen: 7326K->608K(7680K)] 16007K->9393K(25088K), 0.0003880 secs] [Times: user=0.00 sys=0.00, real=0.00 secs] 
186.841: Total time for which application threads were stopped: 0.0004900 seconds, Stopping threads took: 0.0000510 seconds
186.870: Application time: 0.0298240 seconds
186.871: [GC [PSYoungGen: 7260K->576K(7680K)] 16045K->9438K(25088K), 0.0003520 secs] [Times: user=0.00 sys=0.00, real=0.00 secs] 
186.871: Total time for which application threads were stopped: 0.0004520 seconds, Stopping threads took: 0.0000510 seconds
186.901: Application time: 0.0298070 seconds
186.901: [GC [PSYoungGen: 7230K->544K(7680K)] 16092K->9406K(25088K), 0.0003510 secs] [Times: user=0.00 sys=0.00, real=0.00 secs] 
186.901: Total time for which application threads were stopped: 0.0004470 seconds, Stopping threads took: 0.0000450 seconds
186.931: Application time: 0.0300750 seconds
186.931: [GC [PSYoungGen: 7198K->608K(7680K)] 16060K->9470K(25088K), 0.0003460 secs] [Times: user=0.00 sys=0.00, real=0.00 secs] 
186.932: Total time for which application threads were stopped: 0.0004410 seconds, Stopping threads took: 0.0000460 seconds
186.962: Application time: 0.0298830 seconds
186.962: [GC [PSYoungGen: 7260K->512K(7680K)] 16122K->9374K(25088K), 0.0004050 secs] [Times: user=0.00 sys=0.00, real=0.00 secs] 
186.963: Total time for which application threads were stopped: 0.0016110 seconds, Stopping threads took: 0.0000550 seconds
186.993: Application time: 0.0300220 seconds
186.993: [GC [PSYoungGen: 7164K->352K(7680K)] 16026K->9490K(25088K), 0.0003840 secs] [Times: user=0.00 sys=0.00, real=0.00 secs] 
186.994: Total time for which application threads were stopped: 0.0004960 seconds, Stopping threads took: 0.0000580 seconds
187.015: Application time: 0.0209370 seconds
187.015: [GC [PSYoungGen: 7004K->512K(7680K)] 16143K->9658K(25088K), 0.0003570 secs] [Times: user=0.00 sys=0.00, real=0.00 secs] 
187.015: Total time for which application threads were stopped: 0.0004590 seconds, Stopping threads took: 0.0000540 seconds
187.037: Application time: 0.0215360 seconds
187.037: [GC [PSYoungGen: 7165K->384K(7680K)] 16311K->9759K(25088K), 0.0003440 secs] [Times: user=0.00 sys=0.00, real=0.00 secs] 
187.037: Total time for which application threads were stopped: 0.0004350 seconds, Stopping threads took: 0.0000390 seconds
187.064: Application time: 0.0264610 seconds
187.064: [GC [PSYoungGen: 7036K->416K(7680K)] 16411K->9791K(25088K), 0.0003270 secs] [Times: user=0.00 sys=0.00, real=0.00 secs] 
187.064: Total time for which application threads were stopped: 0.0004210 seconds, Stopping threads took: 0.0000450 seconds
187.093: Application time: 0.0292500 seconds
187.093: [GC [PSYoungGen: 7068K->352K(7680K)] 16443K->9727K(25088K), 0.0003590 secs] [Times: user=0.00 sys=0.00, real=0.00 secs] 
187.094: Total time for which application threads were stopped: 0.0004660 seconds, Stopping threads took: 0.0000560 seconds
187.122: Application time: 0.0285670 seconds
187.122: [GC [PSYoungGen: 7006K->384K(7680K)] 16381K->9759K(25088K), 0.0003340 secs] [Times: user=0.00 sys=0.00, real=0.00 secs] 
187.123: Total time for which application threads were stopped: 0.0004270 seconds, Stopping threads took: 0.0000460 seconds
187.152: Application time: 0.0296040 seconds
187.152: [GC [PSYoungGen: 7038K->352K(7680K)] 16413K->9727K(25088K), 0.0003160 secs] [Times: user=0.01 sys=0.00, real=0.00 secs] 
187.153: Total time for which application threads were stopped: 0.0004120 seconds, Stopping threads took: 0.0000460 seconds
187.182: Application time: 0.0295610 seconds
187.182: [GC [PSYoungGen: 7006K->352K(7680K)] 16381K->9727K(25088K), 0.0003020 secs] [Times: user=0.00 sys=0.00, real=0.00 secs] 
187.183: Total time for which application threads were stopped: 0.0004030 seconds, Stopping threads took: 0.0000520 seconds
187.213: Application time: 0.0298840 seconds
187.215: [GC [PSYoungGen: 7008K->256K(7680K)] 16383K->9631K(25088K), 0.0004770 secs] [Times: user=0.00 sys=0.00, real=0.00 secs] 
187.216: Total time for which application threads were stopped: 0.0031040 seconds, Stopping threads took: 0.0025630 seconds
187.246: Application time: 0.0298550 seconds
187.246: [GC [PSYoungGen: 6910K->352K(7680K)] 16285K->9727K(25088K), 0.0003560 secs] [Times: user=0.00 sys=0.00, real=0.00 secs] 
187.246: Total time for which application threads were stopped: 0.0004700 seconds, Stopping threads took: 0.0000610 seconds
187.274: Application time: 0.0282010 seconds
187.274: [GC [PSYoungGen: 7004K->512K(7680K)] 16379K->9887K(25088K), 0.0003470 secs] [Times: user=0.00 sys=0.00, real=0.00 secs] 
187.275: Total time for which application threads were stopped: 0.0004610 seconds, Stopping threads took: 0.0000540 seconds
187.295: Application time: 0.0208380 seconds
187.299: [GC [PSYoungGen: 7164K->544K(7680K)] 16539K->9919K(25088K), 0.0003930 secs] [Times: user=0.00 sys=0.00, real=0.00 secs] 
187.300: Total time for which application threads were stopped: 0.0040620 seconds, Stopping threads took: 0.0036190 seconds
187.322: Application time: 0.0228750 seconds
187.322: [GC [PSYoungGen: 7199K->512K(7680K)] 16574K->9887K(25088K), 0.0003480 secs] [Times: user=0.00 sys=0.00, real=0.00 secs] 
187.323: Total time for which application threads were stopped: 0.0004490 seconds, Stopping threads took: 0.0000510 seconds
187.350: Application time: 0.0267610 seconds
187.350: [GC [PSYoungGen: 7164K->480K(7680K)] 16539K->9855K(25088K), 0.0003870 secs] [Times: user=0.00 sys=0.00, real=0.00 secs] 
187.350: Total time for which application threads were stopped: 0.0004950 seconds, Stopping threads took: 0.0000560 seconds
187.379: Application time: 0.0291960 seconds
187.379: [GC [PSYoungGen: 7132K->512K(7680K)] 16507K->9887K(25088K), 0.0003720 secs] [Times: user=0.00 sys=0.00, real=0.00 secs] 
187.380: Total time for which application threads were stopped: 0.0004650 seconds, Stopping threads took: 0.0000440 seconds
187.408: Application time: 0.0284720 seconds
187.408: [GC [PSYoungGen: 7166K->544K(7680K)] 16541K->9919K(25088K), 0.0003380 secs] [Times: user=0.00 sys=0.00, real=0.00 secs] 
187.409: Total time for which application threads were stopped: 0.0004240 seconds, Stopping threads took: 0.0000370 seconds
187.437: Application time: 0.0286700 seconds
187.437: [GC [PSYoungGen: 7197K->768K(7680K)] 16572K->10143K(25088K), 0.0003660 secs] [Times: user=0.01 sys=0.00, real=0.00 secs] 
187.438: Total time for which application threads were stopped: 0.0004720 seconds, Stopping threads took: 0.0000590 seconds
187.466: Application time: 0.0282650 seconds
187.466: [GC [PSYoungGen: 7420K->544K(7680K)] 16795K->9919K(25088K), 0.0004240 secs] [Times: user=0.00 sys=0.00, real=0.00 secs] 
187.467: Total time for which application threads were stopped: 0.0005200 seconds, Stopping threads took: 0.0000470 seconds
187.496: Application time: 0.0297480 seconds
187.496: [GC [PSYoungGen: 7198K->512K(7680K)] 16573K->9887K(25088K), 0.0003650 secs] [Times: user=0.00 sys=0.00, real=0.00 secs] 
187.497: Total time for which application threads were stopped: 0.0004560 seconds, Stopping threads took: 0.0000410 seconds
187.527: Application time: 0.0297080 seconds
187.527: [GC [PSYoungGen: 7166K->512K(7680K)] 16541K->9887K(25088K), 0.0003480 secs] [Times: user=0.00 sys=0.00, real=0.00 secs] 
187.527: Total time for which application threads were stopped: 0.0004680 seconds, Stopping threads took: 0.0000720 seconds
187.557: Application time: 0.0298130 seconds
187.557: [GC [PSYoungGen: 7166K->512K(7680K)] 16541K->9887K(25088K), 0.0003560 secs] [Times: user=0.00 sys=0.00, real=0.00 secs] 
187.557: Total time for which application threads were stopped: 0.0004540 seconds, Stopping threads took: 0.0000490 seconds
187.587: Application time: 0.0296380 seconds
187.587: [GC [PSYoungGen: 7166K->592K(7680K)] 16541K->9967K(25088K), 0.0003640 secs] [Times: user=0.00 sys=0.00, real=0.00 secs] 
187.587: Total time for which application threads were stopped: 0.0004550 seconds, Stopping threads took: 0.0000410 seconds
187.617: Application time: 0.0297560 seconds
187.617: [GC [PSYoungGen: 7246K->544K(7680K)] 16621K->9919K(25088K), 0.0004070 secs] [Times: user=0.00 sys=0.00, real=0.00 secs] 
187.618: Total time for which application threads were stopped: 0.0005000 seconds, Stopping threads took: 0.0000420 seconds
187.647: Application time: 0.0295880 seconds
187.647: [GC [PSYoungGen: 7198K->512K(7680K)] 16573K->9887K(25088K), 0.0003330 secs] [Times: user=0.00 sys=0.00, real=0.00 secs] 
187.648: Total time for which application threads were stopped: 0.0004240 seconds, Stopping threads took: 0.0000420 seconds
187.673: Application time: 0.0249040 seconds
187.673: [GC [PSYoungGen: 7167K->672K(7680K)] 16543K->10047K(25088K), 0.0004490 secs] [Times: user=0.00 sys=0.00, real=0.00 secs] 
187.673: Total time for which application threads were stopped: 0.0005360 seconds, Stopping threads took: 0.0000390 seconds
187.688: Application time: 0.0145950 seconds
187.688: [GC [PSYoungGen: 7323K->992K(7680K)] 16698K->10535K(25088K), 0.0004450 secs] [Times: user=0.01 sys=0.00, real=0.00 secs] 
187.688: Total time for which application threads were stopped: 0.0005330 seconds, Stopping threads took: 0.0000380 seconds
187.703: Application time: 0.0145950 seconds
187.703: [GC [PSYoungGen: 7644K->992K(7680K)] 17187K->10535K(25088K), 0.0004410 secs] [Times: user=0.00 sys=0.00, real=0.00 secs] 
187.703: Total time for which application threads were stopped: 0.0005530 seconds, Stopping threads took: 0.0000620 seconds
187.718: Application time: 0.0144500 seconds
187.718: [GC [PSYoungGen: 7644K->1008K(7680K)] 17187K->10567K(25088K), 0.0004430 secs] [Times: user=0.00 sys=0.00, real=0.00 secs] 
187.718: Total time for which application threads were stopped: 0.0005330 seconds, Stopping threads took: 0.0000420 seconds
187.737: Application time: 0.0188490 seconds
187.737: [GC [PSYoungGen: 7659K->992K(7680K)] 17219K->10711K(25088K), 0.0004760 secs] [Times: user=0.01 sys=0.00, real=0.00 secs] 
187.738: Total time for which application threads were stopped: 0.0005770 seconds, Stopping threads took: 0.0000520 seconds
187.765: Application time: 0.0276670 seconds
187.766: [GC [PSYoungGen: 7648K->1008K(7680K)] 17367K->10903K(25088K), 0.0005370 secs] [Times: user=0.01 sys=0.00, real=0.00 secs] 
187.766: Total time for which application threads were stopped: 0.0006400 seconds, Stopping threads took: 0.0000470 seconds
187.793: Application time: 0.0264270 seconds
187.793: [GC [PSYoungGen: 7662K->992K(7680K)] 17557K->11087K(25088K), 0.0004940 secs] [Times: user=0.00 sys=0.00, real=0.00 secs] 
187.793: Total time for which application threads were stopped: 0.0006090 seconds, Stopping threads took: 0.0000510 seconds
187.821: Application time: 0.0281720 seconds
187.821: [GC [PSYoungGen: 7645K->1008K(7680K)] 17741K->11283K(25088K), 0.0005290 secs] [Times: user=0.01 sys=0.00, real=0.00 secs] 
187.822: Total time for which application threads were stopped: 0.0006360 seconds, Stopping threads took: 0.0000500 seconds
187.845: Application time: 0.0234040 seconds
187.845: Total time for which application threads were stopped: 0.0000730 seconds, Stopping threads took: 0.0000550 seconds
187.845: Application time: 0.0000600 seconds
187.846: [GC [PSYoungGen: 7613K->992K(7680K)] 18016K->11635K(25088K), 0.0005470 secs] [Times: user=0.01 sys=0.00, real=0.00 secs] 
187.846: Total time for which application threads were stopped: 0.0006170 seconds, Stopping threads took: 0.0000280 seconds
187.865: Application time: 0.0187330 seconds
187.865: [GC [PSYoungGen: 7647K->992K(7680K)] 18575K->12095K(25088K), 0.0005630 secs] [Times: user=0.00 sys=0.00, real=0.00 secs] 
187.866: Total time for which application threads were stopped: 0.0006650 seconds, Stopping threads took: 0.0000500 seconds
187.881: Application time: 0.0158090 seconds
187.881: [GC [PSYoungGen: 7644K->992K(7680K)] 18748K->12376K(25088K), 0.0005610 secs] [Times: user=0.00 sys=0.00, real=0.00 secs] 
187.882: Total time for which application threads were stopped: 0.0006550 seconds, Stopping threads took: 0.0000440 seconds
187.898: Application time: 0.0158160 seconds
187.898: [GC [PSYoungGen: 7644K->1008K(7680K)] 19028K->12552K(25088K), 0.0004920 secs] [Times: user=0.00 sys=0.00, real=0.00 secs] 
187.898: Total time for which application threads were stopped: 0.0005970 seconds, Stopping threads took: 0.0000530 seconds
187.918: Application time: 0.0194400 seconds
187.918: [GC [PSYoungGen: 7662K->1008K(7680K)] 19206K->12772K(25088K), 0.0005260 secs] [Times: user=0.01 sys=0.00, real=0.00 secs] 
187.918: Total time for which application threads were stopped: 0.0006200 seconds, Stopping threads took: 0.0000440 seconds
187.941: Application time: 0.0227930 seconds
187.941: [GC [PSYoungGen: 7662K->1008K(7680K)] 19426K->12976K(25088K), 0.0005690 secs] [Times: user=0.00 sys=0.00, real=0.00 secs] 
187.942: Total time for which application threads were stopped: 0.0006680 seconds, Stopping threads took: 0.0000470 seconds
187.969: Application time: 0.0266300 seconds
187.969: [GC [PSYoungGen: 7662K->1008K(7680K)] 19630K->13152K(25088K), 0.0005080 secs] [Times: user=0.01 sys=0.00, real=0.00 secs] 
187.969: Total time for which application threads were stopped: 0.0006040 seconds, Stopping threads took: 0.0000420 seconds
187.997: Application time: 0.0278380 seconds
187.997: [GC [PSYoungGen: 7662K->1008K(7680K)] 19806K->13280K(25088K), 0.0004740 secs] [Times: user=0.00 sys=0.00, real=0.00 secs] 
187.998: Total time for which application threads were stopped: 0.0005800 seconds, Stopping threads took: 0.0000530 seconds
188.027: Application time: 0.0290510 seconds
188.027: [GC [PSYoungGen: 7662K->1008K(7680K)] 19935K->13304K(25088K), 0.0004510 secs] [Times: user=0.00 sys=0.00, real=0.00 secs] 
188.027: Total time for which application threads were stopped: 0.0005570 seconds, Stopping threads took: 0.0000530 seconds
188.056: Application time: 0.0289650 seconds
188.056: [GC [PSYoungGen: 7662K->976K(7680K)] 19959K->13304K(25088K), 0.0004340 secs] [Times: user=0.00 sys=0.00, real=0.00 secs] 
188.057: Total time for which application threads were stopped: 0.0005220 seconds, Stopping threads took: 0.0000380 seconds
188.086: Application time: 0.0289370 seconds
188.086: [GC [PSYoungGen: 7630K->864K(7680K)] 19959K->13208K(25088K), 0.0004560 secs] [Times: user=0.01 sys=0.00, real=0.00 secs] 
188.086: Total time for which application threads were stopped: 0.0005510 seconds, Stopping threads took: 0.0000450 seconds
188.114: Application time: 0.0278670 seconds
188.114: [GC [PSYoungGen: 7516K->992K(7680K)] 19860K->13504K(25088K), 0.0004710 secs] [Times: user=0.00 sys=0.00, real=0.00 secs] 
188.115: Total time for which application threads were stopped: 0.0005720 seconds, Stopping threads took: 0.0000510 seconds
188.140: Application time: 0.0256930 seconds
188.140: [GC [PSYoungGen: 7644K->992K(7680K)] 20157K->13749K(25088K), 0.0005110 secs] [Times: user=0.00 sys=0.00, real=0.00 secs] 
188.141: Total time for which application threads were stopped: 0.0006110 seconds, Stopping threads took: 0.0000430 seconds
188.169: Application time: 0.0281910 seconds
188.169: [GC [PSYoungGen: 7645K->992K(7680K)] 20403K->14025K(25088K), 0.0005690 secs] [Times: user=0.00 sys=0.00, real=0.00 secs] 
188.170: Total time for which application threads were stopped: 0.0006710 seconds, Stopping threads took: 0.0000510 seconds
188.200: Application time: 0.0303880 seconds
188.200: [GC [PSYoungGen: 7646K->1008K(7680K)] 20680K->14041K(25088K), 0.0005420 secs] [Times: user=0.00 sys=0.00, real=0.00 secs] 
188.201: Total time for which application threads were stopped: 0.0006540 seconds, Stopping threads took: 0.0000570 seconds
188.230: Application time: 0.0293870 seconds
188.230: [GC [PSYoungGen: 7662K->992K(7680K)] 20696K->14065K(25088K), 0.0004620 secs] [Times: user=0.00 sys=0.00, real=0.00 secs] 
188.231: Total time for which application threads were stopped: 0.0005640 seconds, Stopping threads took: 0.0000490 seconds
188.260: Application time: 0.0294680 seconds
188.260: [GC [PSYoungGen: 7647K->992K(7680K)] 20721K->14113K(25088K), 0.0004550 secs] [Times: user=0.00 sys=0.00, real=0.00 secs] 
188.261: Total time for which application threads were stopped: 0.0005550 seconds, Stopping threads took: 0.0000480 seconds
188.289: Application time: 0.0280310 seconds
188.289: [GC [PSYoungGen: 7644K->992K(7680K)] 20766K->14273K(25088K), 0.0004820 secs] [Times: user=0.00 sys=0.00, real=0.00 secs] 
188.289: Total time for which application threads were stopped: 0.0006020 seconds, Stopping threads took: 0.0000690 seconds
188.316: Application time: 0.0267690 seconds
188.316: [GC [PSYoungGen: 7647K->992K(7680K)] 20929K->14585K(25088K), 0.0005410 secs] [Times: user=0.00 sys=0.00, real=0.00 secs] 
188.317: Total time for which application threads were stopped: 0.0006350 seconds, Stopping threads took: 0.0000370 seconds
188.346: Application time: 0.0287200 seconds
188.346: [GC [PSYoungGen: 7644K->928K(7680K)] 21238K->14649K(25088K), 0.0004630 secs] [Times: user=0.00 sys=0.00, real=0.00 secs] 
188.346: Total time for which application threads were stopped: 0.0005610 seconds, Stopping threads took: 0.0000460 seconds
188.376: Application time: 0.0296170 seconds
188.376: [GC [PSYoungGen: 7582K->896K(7680K)] 21304K->14650K(25088K), 0.0004120 secs] [Times: user=0.00 sys=0.00, real=0.00 secs] 
188.376: Total time for which application threads were stopped: 0.0005140 seconds, Stopping threads took: 0.0000480 seconds
188.406: Application time: 0.0301140 seconds
188.406: [GC [PSYoungGen: 7548K->896K(7680K)] 21302K->14686K(25088K), 0.0004400 secs] [Times: user=0.00 sys=0.00, real=0.00 secs] 
188.407: Total time for which application threads were stopped: 0.0005550 seconds, Stopping threads took: 0.0000580 seconds
188.437: Application time: 0.0300080 seconds
188.437: [GC [PSYoungGen: 7550K->896K(7680K)] 21341K->14686K(25088K), 0.0004350 secs] [Times: user=0.00 sys=0.00, real=0.00 secs] 
188.437: Total time for which application threads were stopped: 0.0005360 seconds, Stopping threads took: 0.0000520 seconds
188.467: Application time: 0.0297330 seconds
188.467: [GC [PSYoungGen: 7550K->992K(7680K)] 21341K->14798K(25088K), 0.0004310 secs] [Times: user=0.00 sys=0.00, real=0.00 secs] 
188.468: Total time for which application threads were stopped: 0.0005390 seconds, Stopping threads took: 0.0000590 seconds
188.498: Application time: 0.0298580 seconds
188.498: [GC [PSYoungGen: 7646K->928K(7680K)] 21453K->14734K(25088K), 0.0004090 secs] [Times: user=0.00 sys=0.00, real=0.00 secs] 
188.498: Total time for which application threads were stopped: 0.0005100 seconds, Stopping threads took: 0.0000460 seconds
188.528: Application time: 0.0299160 seconds
188.528: [GC [PSYoungGen: 7582K->896K(7680K)] 21389K->14702K(25088K), 0.0004090 secs] [Times: user=0.00 sys=0.00, real=0.00 secs] 
188.529: Total time for which application threads were stopped: 0.0004990 seconds, Stopping threads took: 0.0000390 seconds
188.558: Application time: 0.0299650 seconds
188.559: [GC [PSYoungGen: 7550K->864K(7680K)] 21357K->14670K(25088K), 0.0003980 secs] [Times: user=0.01 sys=0.00, real=0.00 secs] 
188.559: Total time for which application threads were stopped: 0.0005010 seconds, Stopping threads took: 0.0000580 seconds
188.589: Application time: 0.0298000 seconds
188.589: [GC [PSYoungGen: 7518K->608K(7680K)] 21325K->14732K(25088K), 0.0004000 secs] [Times: user=0.01 sys=0.00, real=0.00 secs] 
188.589: Total time for which application threads were stopped: 0.0005030 seconds, Stopping threads took: 0.0000500 seconds
188.619: Application time: 0.0297700 seconds
188.619: [GC [PSYoungGen: 7262K->544K(7680K)] 21386K->14720K(25088K), 0.0004120 secs] [Times: user=0.00 sys=0.00, real=0.00 secs] 
188.620: Total time for which application threads were stopped: 0.0005040 seconds, Stopping threads took: 0.0000410 seconds
188.650: Application time: 0.0300440 seconds
188.650: [GC [PSYoungGen: 7196K->544K(7680K)] 21372K->14720K(25088K), 0.0003390 secs] [Times: user=0.00 sys=0.00, real=0.00 secs] 
188.650: Total time for which application threads were stopped: 0.0004310 seconds, Stopping threads took: 0.0000420 seconds
188.680: Application time: 0.0298310 seconds
188.680: [GC [PSYoungGen: 7198K->672K(7680K)] 21375K->14848K(25088K), 0.0003940 secs] [Times: user=0.00 sys=0.00, real=0.00 secs] 
188.680: Total time for which application threads were stopped: 0.0005010 seconds, Stopping threads took: 0.0000560 seconds
188.710: Application time: 0.0297780 seconds
188.710: [GC [PSYoungGen: 7326K->544K(7680K)] 21503K->14720K(25088K), 0.0004070 secs] [Times: user=0.00 sys=0.00, real=0.00 secs] 
188.711: Total time for which application threads were stopped: 0.0005070 seconds, Stopping threads took: 0.0000490 seconds
188.742: Application time: 0.0310590 seconds
188.742: [GC [PSYoungGen: 7198K->512K(7680K)] 21374K->14773K(25088K), 0.0003770 secs] [Times: user=0.00 sys=0.00, real=0.00 secs] 
188.742: Total time for which application threads were stopped: 0.0004830 seconds, Stopping threads took: 0.0000540 seconds
188.768: Application time: 0.0253680 seconds
188.768: [GC [PSYoungGen: 7166K->416K(7680K)] 21427K->14873K(25088K), 0.0004680 secs] [Times: user=0.00 sys=0.00, real=0.00 secs] 
188.768: Total time for which application threads were stopped: 0.0005830 seconds, Stopping threads took: 0.0000580 seconds
188.789: Application time: 0.0209520 seconds
188.789: [GC [PSYoungGen: 7067K->384K(7680K)] 21525K->15062K(25088K), 0.0004010 secs] [Times: user=0.00 sys=0.00, real=0.00 secs] 
188.790: Total time for which application threads were stopped: 0.0005030 seconds, Stopping threads took: 0.0000470 seconds
188.813: Application time: 0.0234070 seconds
188.813: [GC [PSYoungGen: 7039K->384K(7680K)] 21718K->15062K(25088K), 0.0003420 secs] [Times: user=0.00 sys=0.00, real=0.00 secs] 
188.813: Total time for which application threads were stopped: 0.0004380 seconds, Stopping threads took: 0.0000470 seconds
188.843: Application time: 0.0292440 seconds
188.843: [GC [PSYoungGen: 7036K->256K(7680K)] 21714K->14934K(25088K), 0.0003590 secs] [Times: user=0.01 sys=0.00, real=0.00 secs] 
188.843: Total time for which application threads were stopped: 0.0004700 seconds, Stopping threads took: 0.0000550 seconds
188.872: Application time: 0.0284150 seconds
188.872: [GC [PSYoungGen: 6908K->384K(7680K)] 21586K->15062K(25088K), 0.0003240 secs] [Times: user=0.00 sys=0.00, real=0.00 secs] 
188.872: Total time for which application threads were stopped: 0.0004040 seconds, Stopping threads took: 0.0000320 seconds
188.902: Application time: 0.0294830 seconds
188.902: [GC [PSYoungGen: 7038K->320K(7680K)] 21716K->14998K(25088K), 0.0003600 secs] [Times: user=0.00 sys=0.00, real=0.00 secs] 
188.902: Total time for which application threads were stopped: 0.0004620 seconds, Stopping threads took: 0.0000530 seconds
188.931: Application time: 0.0294250 seconds
188.931: [GC [PSYoungGen: 6974K->352K(7680K)] 21652K->15030K(25088K), 0.0003760 secs] [Times: user=0.00 sys=0.00, real=0.00 secs] 
188.932: Total time for which application threads were stopped: 0.0004770 seconds, Stopping threads took: 0.0000530 seconds
188.962: Application time: 0.0296830 seconds
188.962: [GC [PSYoungGen: 7006K->288K(7680K)] 21684K->14966K(25088K), 0.0003770 secs] [Times: user=0.00 sys=0.00, real=0.00 secs] 
188.962: Total time for which application threads were stopped: 0.0004680 seconds, Stopping threads took: 0.0000430 seconds
188.991: Application time: 0.0293860 seconds
188.991: [GC [PSYoungGen: 6942K->256K(7680K)] 21620K->14934K(25088K), 0.0003850 secs] [Times: user=0.00 sys=0.00, real=0.00 secs] 
188.992: Total time for which application threads were stopped: 0.0004730 seconds, Stopping threads took: 0.0000420 seconds
189.018: Application time: 0.0262240 seconds
189.018: [GC [PSYoungGen: 6910K->480K(7680K)] 21588K->15158K(25088K), 0.0003610 secs] [Times: user=0.00 sys=0.00, real=0.00 secs] 
189.019: Total time for which application threads were stopped: 0.0004580 seconds, Stopping threads took: 0.0000490 seconds
189.039: Application time: 0.0206510 seconds
189.039: [GC [PSYoungGen: 7135K->544K(7680K)] 21813K->15222K(25088K), 0.0004360 secs] [Times: user=0.01 sys=0.00, real=0.00 secs] 
189.040: Total time for which application threads were stopped: 0.0005400 seconds, Stopping threads took: 0.0000550 seconds
189.061: Application time: 0.0215470 seconds
189.061: [GC [PSYoungGen: 7197K->544K(7680K)] 21875K->15222K(25088K), 0.0003630 secs] [Times: user=0.00 sys=0.00, real=0.00 secs] 
189.062: Total time for which application threads were stopped: 0.0004500 seconds, Stopping threads took: 0.0000400 seconds
189.091: Application time: 0.0289780 seconds
189.091: [GC [PSYoungGen: 7196K->512K(7680K)] 21874K->15190K(25088K), 0.0003680 secs] [Times: user=0.00 sys=0.00, real=0.01 secs] 
189.091: Total time for which application threads were stopped: 0.0004750 seconds, Stopping threads took: 0.0000550 seconds
189.120: Application time: 0.0292180 seconds
189.121: [GC [PSYoungGen: 7166K->480K(7680K)] 21844K->15158K(25088K), 0.0003860 secs] [Times: user=0.00 sys=0.00, real=0.00 secs] 
189.121: Total time for which application threads were stopped: 0.0004800 seconds, Stopping threads took: 0.0000450 seconds
189.149: Application time: 0.0283780 seconds
189.149: [GC [PSYoungGen: 7134K->544K(7680K)] 21812K->15222K(25088K), 0.0003640 secs] [Times: user=0.00 sys=0.00, real=0.00 secs] 
189.150: Total time for which application threads were stopped: 0.0004560 seconds, Stopping threads took: 0.0000400 seconds
189.179: Application time: 0.0293770 seconds
189.179: [GC [PSYoungGen: 7198K->512K(7680K)] 21876K->15190K(25088K), 0.0003910 secs] [Times: user=0.00 sys=0.00, real=0.00 secs] 
189.180: Total time for which application threads were stopped: 0.0004860 seconds, Stopping threads took: 0.0000450 seconds
189.207: Application time: 0.0274390 seconds
189.207: [GC [PSYoungGen: 7164K->576K(7680K)] 21842K->15254K(25088K), 0.0003550 secs] [Times: user=0.00 sys=0.00, real=0.00 secs] 
189.208: Total time for which application threads were stopped: 0.0004430 seconds, Stopping threads took: 0.0000380 seconds
189.237: Application time: 0.0293740 seconds
189.237: [GC [PSYoungGen: 7230K->576K(7680K)] 21908K->15254K(25088K), 0.0003710 secs] [Times: user=0.00 sys=0.00, real=0.00 secs] 
189.237: Total time for which application threads were stopped: 0.0004660 seconds, Stopping threads took: 0.0000440 seconds
189.267: Application time: 0.0296260 seconds
189.267: [GC [PSYoungGen: 7230K->576K(7680K)] 21908K->15254K(25088K), 0.0003700 secs] [Times: user=0.00 sys=0.00, real=0.00 secs] 
189.267: Total time for which application threads were stopped: 0.0004600 seconds, Stopping threads took: 0.0000420 seconds
189.297: Application time: 0.0296810 seconds
189.297: [GC [PSYoungGen: 7230K->512K(7680K)] 21908K->15190K(25088K), 0.0003880 secs] [Times: user=0.00 sys=0.00, real=0.00 secs] 
189.298: Total time for which application threads were stopped: 0.0004850 seconds, Stopping threads took: 0.0000490 seconds
189.327: Application time: 0.0296830 seconds
189.327: [GC [PSYoungGen: 7166K->512K(7680K)] 21844K->15190K(25088K), 0.0003950 secs] [Times: user=0.00 sys=0.00, real=0.00 secs] 
189.328: Total time for which application threads were stopped: 0.0005100 seconds, Stopping threads took: 0.0000550 seconds
189.358: Application time: 0.0298000 seconds
189.358: [GC [PSYoungGen: 7166K->528K(7680K)] 21844K->15206K(25088K), 0.0003600 secs] [Times: user=0.00 sys=0.00, real=0.00 secs] 
189.358: Total time for which application threads were stopped: 0.0004710 seconds, Stopping threads took: 0.0000520 seconds
189.388: Application time: 0.0294200 seconds
189.388: [GC [PSYoungGen: 7182K->832K(7680K)] 21860K->15510K(25088K), 0.0003920 secs] [Times: user=0.01 sys=0.00, real=0.00 secs] 
189.388: Total time for which application threads were stopped: 0.0004930 seconds, Stopping threads took: 0.0000500 seconds
189.417: Application time: 0.0294380 seconds
189.418: [GC [PSYoungGen: 7486K->512K(7680K)] 22164K->15190K(25088K), 0.0003980 secs] [Times: user=0.00 sys=0.00, real=0.00 secs] 
189.418: Total time for which application threads were stopped: 0.0004790 seconds, Stopping threads took: 0.0000330 seconds
189.434: Application time: 0.0164920 seconds
189.434: [GC [PSYoungGen: 7165K->992K(7680K)] 21843K->15814K(25088K), 0.0004680 secs] [Times: user=0.01 sys=0.00, real=0.00 secs] 
189.435: Total time for which application threads were stopped: 0.0005700 seconds, Stopping threads took: 0.0000490 seconds
189.447: Application time: 0.0122780 seconds
189.447: [GC [PSYoungGen: 7645K->992K(7680K)] 22467K->15966K(25088K), 0.0005110 secs] [Times: user=0.00 sys=0.00, real=0.00 secs] 
189.448: Total time for which application threads were stopped: 0.0005940 seconds, Stopping threads took: 0.0000340 seconds
189.461: Application time: 0.0133990 seconds
189.461: [GC [PSYoungGen: 7645K->992K(7680K)] 22619K->15990K(25088K), 0.0004980 secs] [Times: user=0.00 sys=0.00, real=0.00 secs] 
189.462: Total time for which application threads were stopped: 0.0005880 seconds, Stopping threads took: 0.0000370 seconds
189.477: Application time: 0.0155250 seconds
189.477: [GC [PSYoungGen: 7646K->992K(7680K)] 22644K->16010K(25088K), 0.0004580 secs] [Times: user=0.00 sys=0.00, real=0.00 secs] 
189.478: Total time for which application threads were stopped: 0.0005580 seconds, Stopping threads took: 0.0000520 seconds
189.504: Application time: 0.0265640 seconds
189.505: [GC [PSYoungGen: 7646K->992K(7680K)] 22664K->16186K(25088K), 0.0004710 secs] [Times: user=0.00 sys=0.00, real=0.00 secs] 
189.505: Total time for which application threads were stopped: 0.0005690 seconds, Stopping threads took: 0.0000490 seconds
189.534: Application time: 0.0285720 seconds
189.534: [GC [PSYoungGen: 7647K->912K(7680K)] 22842K->16106K(25088K), 0.0004340 secs] [Times: user=0.00 sys=0.00, real=0.00 secs] 
189.534: Total time for which application threads were stopped: 0.0005280 seconds, Stopping threads took: 0.0000430 seconds
189.559: Application time: 0.0245940 seconds
189.559: [GC [PSYoungGen: 7565K->992K(7680K)] 22759K->16554K(25088K), 0.0005450 secs] [Times: user=0.00 sys=0.00, real=0.01 secs] 
189.559: Total time for which application threads were stopped: 0.0006520 seconds, Stopping threads took: 0.0000580 seconds
189.580: Application time: 0.0203050 seconds
189.580: [GC [PSYoungGen: 7645K->992K(7680K)] 23207K->16791K(25088K), 0.0005280 secs] [Times: user=0.01 sys=0.00, real=0.00 secs] 
189.580: Total time for which application threads were stopped: 0.0006180 seconds, Stopping threads took: 0.0000390 seconds
189.601: Application time: 0.0210550 seconds
189.601: [GC [PSYoungGen: 7645K->928K(7680K)] 23444K->16855K(25088K), 0.0004780 secs] [Times: user=0.00 sys=0.00, real=0.00 secs] 
189.602: Total time for which application threads were stopped: 0.0005730 seconds, Stopping threads took: 0.0000450 seconds
189.624: Application time: 0.0219190 seconds
189.624: [GC [PSYoungGen: 7580K->992K(7680K)] 23507K->17223K(25088K), 0.0005310 secs] [Times: user=0.01 sys=0.00, real=0.00 secs] 
189.625: Total time for which application threads were stopped: 0.0006170 seconds, Stopping threads took: 0.0000360 seconds
189.640: Application time: 0.0152500 seconds
189.643: [GC [PSYoungGen: 7645K->1008K(7680K)] 23876K->17631K(25088K), 0.0005760 secs] [Times: user=0.00 sys=0.00, real=0.00 secs] 
189.644: Total time for which application threads were stopped: 0.0039810 seconds, Stopping threads took: 0.0033520 seconds
189.662: Application time: 0.0182860 seconds
189.662: [GC [PSYoungGen: 7659K->928K(7680K)] 24283K->17679K(25088K), 0.0005040 secs] [Times: user=0.00 sys=0.00, real=0.00 secs] 
189.663: Total time for which application threads were stopped: 0.0006030 seconds, Stopping threads took: 0.0000480 seconds
189.682: Application time: 0.0189290 seconds
189.682: [GC [PSYoungGen: 7582K->1008K(7680K)] 24334K->17895K(25088K), 0.0004890 secs] [Times: user=0.00 sys=0.00, real=0.00 secs] 
189.682: Total time for which application threads were stopped: 0.0005980 seconds, Stopping threads took: 0.0000590 seconds
189.712: Application time: 0.0295600 seconds
189.712: [GC [PSYoungGen: 7660K->992K(7680K)] 24547K->17887K(25088K), 0.0005410 secs] [Times: user=0.00 sys=0.00, real=0.00 secs] 
189.712: Total time for which application threads were stopped: 0.0006380 seconds, Stopping threads took: 0.0000480 seconds
189.740: Application time: 0.0280830 seconds
189.741: [GC [PSYoungGen: 7646K->1008K(7680K)] 24541K->17932K(25088K), 0.0004970 secs] [Times: user=0.00 sys=0.00, real=0.00 secs] 
189.741: Total time for which application threads were stopped: 0.0005960 seconds, Stopping threads took: 0.0000500 seconds
189.768: Application time: 0.0272960 seconds
189.768: [GC [PSYoungGen: 7663K->992K(7680K)] 24587K->17932K(25088K), 0.0005570 secs] [Times: user=0.01 sys=0.00, real=0.00 secs] 
189.769: Total time for which application threads were stopped: 0.0006680 seconds, Stopping threads took: 0.0000570 seconds
189.798: Application time: 0.0288920 seconds
189.798: [GC [PSYoungGen: 7648K->1008K(7680K)] 24588K->18020K(25088K), 0.0005130 secs] [Times: user=0.00 sys=0.00, real=0.00 secs] 
189.799: Total time for which application threads were stopped: 0.0006190 seconds, Stopping threads took: 0.0000550 seconds
189.827: Application time: 0.0287600 seconds
189.827: [GC [PSYoungGen: 7662K->1008K(7680K)] 24675K->18056K(25088K), 0.0004710 secs] [Times: user=0.00 sys=0.00, real=0.00 secs] 
189.828: Total time for which application threads were stopped: 0.0005760 seconds, Stopping threads took: 0.0000570 seconds
189.857: Application time: 0.0286690 seconds
189.857: [GC [PSYoungGen: 7662K->960K(7680K)] 24711K->18008K(25088K), 0.0004820 secs] [Times: user=0.00 sys=0.00, real=0.00 secs] 
189.857: Total time for which application threads were stopped: 0.0005720 seconds, Stopping threads took: 0.0000420 seconds
189.881: Application time: 0.0239480 seconds
189.881: [GC-- [PSYoungGen: 7614K->7614K(7680K)] 24662K->25020K(25088K), 0.0006880 secs] [Times: user=0.00 sys=0.00, real=0.00 secs] 
189.882: [Full GC [PSYoungGen: 7614K->0K(7680K)] [ParOldGen: 17406K->3327K(17408K)] 25020K->3327K(25088K) [PSPermGen: 5574K->5574K(21504K)], 0.0045400 secs] [Times: user=0.02 sys=0.00, real=0.00 secs] 
189.886: Total time for which application threads were stopped: 0.0054020 seconds, Stopping threads took: 0.0000600 seconds
189.915: Application time: 0.0289760 seconds
189.916: [GC [PSYoungGen: 6654K->0K(7680K)] 9981K->3327K(25088K), 0.0003300 secs] [Times: user=0.00 sys=0.00, real=0.00 secs] 
189.916: Total time for which application threads were stopped: 0.0004290 seconds, Stopping threads took: 0.0000490 seconds
189.945: Application time: 0.0289990 seconds
189.945: [GC [PSYoungGen: 6654K->0K(7680K)] 9981K->3327K(25088K), 0.0002880 secs] [Times: user=0.00 sys=0.00, real=0.00 secs] 
189.945: Total time for which application threads were stopped: 0.0003910 seconds, Stopping threads took: 0.0000540 seconds
189.975: Application time: 0.0292680 seconds
189.975: [GC [PSYoungGen: 6654K->0K(7680K)] 9981K->3327K(25088K), 0.0002830 secs] [Times: user=0.00 sys=0.00, real=0.00 secs] 
189.975: Total time for which application threads were stopped: 0.0003780 seconds, Stopping threads took: 0.0000480 seconds
190.003: Application time: 0.0283380 seconds
190.003: [GC [PSYoungGen: 6653K->352K(7680K)] 9980K->3679K(25088K), 0.0003160 secs] [Times: user=0.00 sys=0.00, real=0.00 secs] 
190.004: Total time for which application threads were stopped: 0.0004130 seconds, Stopping threads took: 0.0000450 seconds
190.032: Application time: 0.0285580 seconds
190.032: [GC [PSYoungGen: 7004K->288K(7680K)] 10331K->3615K(25088K), 0.0003930 secs] [Times: user=0.00 sys=0.00, real=0.00 secs] 
190.033: Total time for which application threads were stopped: 0.0004980 seconds, Stopping threads took: 0.0000540 seconds
190.062: Application time: 0.0291460 seconds
190.062: [GC [PSYoungGen: 6942K->384K(7680K)] 10269K->3711K(25088K), 0.0003160 secs] [Times: user=0.01 sys=0.00, real=0.00 secs] 
190.062: Total time for which application threads were stopped: 0.0004190 seconds, Stopping threads took: 0.0000560 seconds
190.088: Application time: 0.0260830 seconds
190.088: [GC [PSYoungGen: 7036K->704K(7680K)] 10364K->4031K(25088K), 0.0004110 secs] [Times: user=0.00 sys=0.00, real=0.00 secs] 
190.089: Total time for which application threads were stopped: 0.0005290 seconds, Stopping threads took: 0.0000660 seconds
190.118: Application time: 0.0294520 seconds
190.118: [GC [PSYoungGen: 7358K->704K(7680K)] 10685K->4031K(25088K), 0.0004050 secs] [Times: user=0.00 sys=0.00, real=0.00 secs] 
190.119: Total time for which application threads were stopped: 0.0004980 seconds, Stopping threads took: 0.0000410 seconds
190.149: Application time: 0.0296710 seconds
190.149: [GC [PSYoungGen: 7358K->832K(7680K)] 10685K->4159K(25088K), 0.0004010 secs] [Times: user=0.00 sys=0.00, real=0.00 secs] 
190.149: Total time for which application threads were stopped: 0.0005030 seconds, Stopping threads took: 0.0000540 seconds
190.179: Application time: 0.0301860 seconds
190.179: [GC [PSYoungGen: 7486K->704K(7680K)] 10813K->4031K(25088K), 0.0003820 secs] [Times: user=0.00 sys=0.00, real=0.00 secs] 
190.180: Total time for which application threads were stopped: 0.0004920 seconds, Stopping threads took: 0.0000610 seconds
190.210: Application time: 0.0298910 seconds
190.210: [GC [PSYoungGen: 7358K->672K(7680K)] 10685K->3999K(25088K), 0.0003530 secs] [Times: user=0.00 sys=0.00, real=0.00 secs] 
190.210: Total time for which application threads were stopped: 0.0004540 seconds, Stopping threads took: 0.0000510 seconds
190.241: Application time: 0.0308480 seconds
190.241: [GC [PSYoungGen: 7324K->832K(7680K)] 10651K->4159K(25088K), 0.0004140 secs] [Times: user=0.00 sys=0.00, real=0.00 secs] 
190.241: Total time for which application threads were stopped: 0.0005240 seconds, Stopping threads took: 0.0000570 seconds
190.271: Application time: 0.0299450 seconds
190.271: [GC [PSYoungGen: 7486K->704K(7680K)] 10813K->4031K(25088K), 0.0003740 secs] [Times: user=0.00 sys=0.00, real=0.00 secs] 
190.272: Total time for which application threads were stopped: 0.0004910 seconds, Stopping threads took: 0.0000670 seconds
190.302: Application time: 0.0303500 seconds
190.302: [GC [PSYoungGen: 7358K->672K(7680K)] 10685K->3999K(25088K), 0.0004180 secs] [Times: user=0.00 sys=0.00, real=0.00 secs] 
190.303: Total time for which application threads were stopped: 0.0005280 seconds, Stopping threads took: 0.0000590 seconds
190.332: Application time: 0.0297070 seconds
190.333: [GC [PSYoungGen: 7326K->672K(7680K)] 10653K->3999K(25088K), 0.0004210 secs] [Times: user=0.00 sys=0.00, real=0.00 secs] 
190.333: Total time for which application threads were stopped: 0.0005240 seconds, Stopping threads took: 0.0000530 seconds
190.363: Application time: 0.0300830 seconds
190.363: [GC [PSYoungGen: 7326K->736K(7680K)] 10653K->4063K(25088K), 0.0003590 secs] [Times: user=0.00 sys=0.00, real=0.00 secs] 
190.364: Total time for which application threads were stopped: 0.0004640 seconds, Stopping threads took: 0.0000510 seconds
190.394: Application time: 0.0301310 seconds
190.394: [GC [PSYoungGen: 7388K->672K(7680K)] 10715K->3999K(25088K), 0.0004220 secs] [Times: user=0.00 sys=0.00, real=0.00 secs] 
190.394: Total time for which application threads were stopped: 0.0005400 seconds, Stopping threads took: 0.0000600 seconds
190.424: Application time: 0.0299460 seconds
190.427: [GC [PSYoungGen: 7326K->704K(7680K)] 10653K->4031K(25088K), 0.0003500 secs] [Times: user=0.00 sys=0.00, real=0.00 secs] 
190.428: Total time for which application threads were stopped: 0.0033390 seconds, Stopping threads took: 0.0029410 seconds
190.458: Application time: 0.0305090 seconds
190.458: [GC [PSYoungGen: 7358K->800K(7680K)] 10685K->4127K(25088K), 0.0003730 secs] [Times: user=0.00 sys=0.00, real=0.00 secs] 
190.459: Total time for which application threads were stopped: 0.0004870 seconds, Stopping threads took: 0.0000620 seconds
190.488: Application time: 0.0296880 seconds
190.488: [GC [PSYoungGen: 7454K->544K(7680K)] 10781K->4091K(25088K), 0.0003950 secs] [Times: user=0.00 sys=0.00, real=0.00 secs] 
190.489: Total time for which application threads were stopped: 0.0005250 seconds, Stopping threads took: 0.0000740 seconds
190.511: Application time: 0.0223860 seconds
190.511: [GC [PSYoungGen: 7196K->736K(7680K)] 10743K->4283K(25088K), 0.0003450 secs] [Times: user=0.00 sys=0.00, real=0.00 secs] 
190.512: Total time for which application threads were stopped: 0.0004520 seconds, Stopping threads took: 0.0000570 seconds
190.533: Application time: 0.0216100 seconds
190.533: [GC [PSYoungGen: 7389K->320K(7680K)] 10936K->4280K(25088K), 0.0003770 secs] [Times: user=0.00 sys=0.00, real=0.00 secs] 
190.534: Total time for which application threads were stopped: 0.0004830 seconds, Stopping threads took: 0.0000540 seconds
190.559: Application time: 0.0254120 seconds
190.563: [GC [PSYoungGen: 6974K->384K(7680K)] 10934K->4344K(25088K), 0.0003340 secs] [Times: user=0.00 sys=0.00, real=0.00 secs] 
190.563: Total time for which application threads were stopped: 0.0044100 seconds, Stopping threads took: 0.0040230 seconds
190.593: Application time: 0.0295840 seconds
190.593: [GC [PSYoungGen: 7038K->384K(7680K)] 10998K->4344K(25088K), 0.0003300 secs] [Times: user=0.00 sys=0.00, real=0.00 secs] 
190.594: Total time for which application threads were stopped: 0.0004340 seconds, Stopping threads took: 0.0000550 seconds
190.622: Application time: 0.0285660 seconds
190.622: [GC [PSYoungGen: 7036K->384K(7680K)] 10996K->4344K(25088K), 0.0003180 secs] [Times: user=0.00 sys=0.00, real=0.00 secs] 
190.622: Total time for which application threads were stopped: 0.0004090 seconds, Stopping threads took: 0.0000390 seconds
190.652: Application time: 0.0295540 seconds
190.652: [GC [PSYoungGen: 7038K->352K(7680K)] 10998K->4312K(25088K), 0.0003160 secs] [Times: user=0.00 sys=0.00, real=0.00 secs] 
190.652: Total time for which application threads were stopped: 0.0004050 seconds, Stopping threads took: 0.0000410 seconds
190.682: Application time: 0.0295320 seconds
190.683: [GC [PSYoungGen: 7006K->352K(7680K)] 10966K->4312K(25088K), 0.0003270 secs] [Times: user=0.01 sys=0.00, real=0.00 secs] 
190.683: Total time for which application threads were stopped: 0.0014970 seconds, Stopping threads took: 0.0011220 seconds
190.713: Application time: 0.0295150 seconds
190.713: [GC [PSYoungGen: 7006K->352K(7680K)] 10966K->4312K(25088K), 0.0003170 secs] [Times: user=0.00 sys=0.00, real=0.00 secs] 
190.713: Total time for which application threads were stopped: 0.0004050 seconds, Stopping threads took: 0.0000410 seconds
190.743: Application time: 0.0294820 seconds
190.743: [GC [PSYoungGen: 7006K->320K(7680K)] 10966K->4280K(25088K), 0.0003330 secs] [Times: user=0.00 sys=0.00, real=0.00 secs] 
190.743: Total time for which application threads were stopped: 0.0004330 seconds, Stopping threads took: 0.0000500 seconds
190.771: Application time: 0.0275250 seconds
190.771: [GC [PSYoungGen: 6974K->512K(7680K)] 10934K->4472K(25088K), 0.0003730 secs] [Times: user=0.00 sys=0.00, real=0.01 secs] 
190.771: Total time for which application threads were stopped: 0.0004710 seconds, Stopping threads took: 0.0000460 seconds
190.792: Application time: 0.0207070 seconds
190.792: [GC [PSYoungGen: 7167K->544K(7680K)] 11127K->4504K(25088K), 0.0003250 secs] [Times: user=0.01 sys=0.00, real=0.00 secs] 
190.792: Total time for which application threads were stopped: 0.0004290 seconds, Stopping threads took: 0.0000480 seconds
190.816: Application time: 0.0239430 seconds
190.816: [GC [PSYoungGen: 7198K->480K(7680K)] 11158K->4440K(25088K), 0.0003650 secs] [Times: user=0.00 sys=0.00, real=0.00 secs] 
190.817: Total time for which application threads were stopped: 0.0004620 seconds, Stopping threads took: 0.0000470 seconds
190.844: Application time: 0.0271960 seconds
190.844: [GC [PSYoungGen: 7132K->576K(7680K)] 11092K->4536K(25088K), 0.0003430 secs] [Times: user=0.00 sys=0.00, real=0.00 secs] 
190.845: Total time for which application threads were stopped: 0.0004540 seconds, Stopping threads took: 0.0000570 seconds
190.874: Application time: 0.0294000 seconds
190.874: [GC [PSYoungGen: 7228K->480K(7680K)] 11188K->4440K(25088K), 0.0003590 secs] [Times: user=0.00 sys=0.00, real=0.00 secs] 
190.874: Total time for which application threads were stopped: 0.0004550 seconds, Stopping threads took: 0.0000470 seconds
190.904: Application time: 0.0292320 seconds
190.907: [GC [PSYoungGen: 7133K->608K(7680K)] 11094K->4568K(25088K), 0.0004040 secs] [Times: user=0.00 sys=0.00, real=0.00 secs] 
190.908: Total time for which application threads were stopped: 0.0039750 seconds, Stopping threads took: 0.0035120 seconds
190.941: Application time: 0.0336990 seconds
190.941: [GC [PSYoungGen: 7259K->448K(7680K)] 11220K->4408K(25088K), 0.0005110 secs] [Times: user=0.00 sys=0.00, real=0.00 secs] 
190.942: Total time for which application threads were stopped: 0.0006290 seconds, Stopping threads took: 0.0000520 seconds
190.973: Application time: 0.0315010 seconds
190.974: [GC [PSYoungGen: 7100K->544K(7680K)] 11060K->4504K(25088K), 0.0005070 secs] [Times: user=0.00 sys=0.00, real=0.00 secs] 
190.974: Total time for which application threads were stopped: 0.0006420 seconds, Stopping threads took: 0.0000830 seconds
191.007: Application time: 0.0331840 seconds
191.007: [GC [PSYoungGen: 7199K->512K(7680K)] 11160K->4472K(25088K), 0.0003960 secs] [Times: user=0.00 sys=0.00, real=0.00 secs] 
191.008: Total time for which application threads were stopped: 0.0005130 seconds, Stopping threads took: 0.0000600 seconds
191.039: Application time: 0.0312360 seconds
191.039: [GC [PSYoungGen: 7163K->640K(7680K)] 11123K->4600K(25088K), 0.0004270 secs] [Times: user=0.00 sys=0.00, real=0.00 secs] 
191.040: Total time for which application threads were stopped: 0.0005290 seconds, Stopping threads took: 0.0000460 seconds
191.069: Application time: 0.0296060 seconds
191.069: [GC [PSYoungGen: 7294K->512K(7680K)] 11254K->4472K(25088K), 0.0003620 secs] [Times: user=0.00 sys=0.00, real=0.00 secs] 
191.070: Total time for which application threads were stopped: 0.0004610 seconds, Stopping threads took: 0.0000500 seconds
191.099: Application time: 0.0295330 seconds
191.099: [GC [PSYoungGen: 7166K->512K(7680K)] 11126K->4472K(25088K), 0.0003530 secs] [Times: user=0.00 sys=0.00, real=0.00 secs] 
191.100: Total time for which application threads were stopped: 0.0004410 seconds, Stopping threads took: 0.0000400 seconds
191.129: Application time: 0.0294980 seconds
191.129: [GC [PSYoungGen: 7166K->544K(7680K)] 11126K->4504K(25088K), 0.0003320 secs] [Times: user=0.00 sys=0.00, real=0.00 secs] 
191.130: Total time for which application threads were stopped: 0.0004320 seconds, Stopping threads took: 0.0000520 seconds
191.159: Application time: 0.0295590 seconds
191.159: [GC [PSYoungGen: 7198K->544K(7680K)] 11158K->4504K(25088K), 0.0004090 secs] [Times: user=0.00 sys=0.00, real=0.00 secs] 
191.160: Total time for which application threads were stopped: 0.0005060 seconds, Stopping threads took: 0.0000480 seconds
191.188: Application time: 0.0282430 seconds
191.188: [GC [PSYoungGen: 7196K->864K(7680K)] 11156K->4824K(25088K), 0.0003910 secs] [Times: user=0.00 sys=0.00, real=0.00 secs] 
191.188: Total time for which application threads were stopped: 0.0004960 seconds, Stopping threads took: 0.0000540 seconds
191.205: Application time: 0.0168900 seconds
191.207: [GC [PSYoungGen: 7520K->928K(7680K)] 11480K->4888K(25088K), 0.0005390 secs] [Times: user=0.00 sys=0.00, real=0.00 secs] 
191.208: Total time for which application threads were stopped: 0.0025000 seconds, Stopping threads took: 0.0019010 seconds
191.222: Application time: 0.0138080 seconds
191.222: [GC [PSYoungGen: 7582K->992K(7680K)] 11542K->5088K(25088K), 0.0005340 secs] [Times: user=0.00 sys=0.00, real=0.00 secs] 
191.222: Total time for which application threads were stopped: 0.0006370 seconds, Stopping threads took: 0.0000500 seconds
191.236: Application time: 0.0139110 seconds
191.236: [GC [PSYoungGen: 7645K->992K(7680K)] 11742K->5096K(25088K), 0.0004280 secs] [Times: user=0.00 sys=0.00, real=0.00 secs] 
191.237: Total time for which application threads were stopped: 0.0005310 seconds, Stopping threads took: 0.0000540 seconds
191.252: Application time: 0.0158010 seconds
191.252: [GC [PSYoungGen: 7646K->992K(7680K)] 11751K->5232K(25088K), 0.0005030 secs] [Times: user=0.00 sys=0.00, real=0.00 secs] 
191.253: Total time for which application threads were stopped: 0.0005980 seconds, Stopping threads took: 0.0000440 seconds
191.279: Application time: 0.0263590 seconds
191.279: [GC [PSYoungGen: 7646K->944K(7680K)] 11886K->5312K(25088K), 0.0005150 secs] [Times: user=0.00 sys=0.00, real=0.00 secs] 
191.280: Total time for which application threads were stopped: 0.0006210 seconds, Stopping threads took: 0.0000560 seconds
191.307: Application time: 0.0273980 seconds
191.307: [GC [PSYoungGen: 7596K->1008K(7680K)] 11964K->5420K(25088K), 0.0005290 secs] [Times: user=0.00 sys=0.00, real=0.00 secs] 
191.308: Total time for which application threads were stopped: 0.0006340 seconds, Stopping threads took: 0.0000510 seconds
191.334: Application time: 0.0260590 seconds
191.334: [GC [PSYoungGen: 7660K->992K(7680K)] 12072K->5817K(25088K), 0.0005090 secs] [Times: user=0.00 sys=0.00, real=0.00 secs] 
191.335: Total time for which application threads were stopped: 0.0006260 seconds, Stopping threads took: 0.0000670 seconds
191.355: Application time: 0.0203760 seconds
191.359: [GC [PSYoungGen: 7647K->976K(7680K)] 12472K->5969K(25088K), 0.0005100 secs] [Times: user=0.00 sys=0.00, real=0.00 secs] 
191.360: Total time for which application threads were stopped: 0.0045750 seconds, Stopping threads took: 0.0040130 seconds
191.382: Application time: 0.0219410 seconds
191.382: [GC [PSYoungGen: 7631K->896K(7680K)] 12624K->5889K(25088K), 0.0004300 secs] [Times: user=0.01 sys=0.00, real=0.00 secs] 
191.382: Total time for which application threads were stopped: 0.0005530 seconds, Stopping threads took: 0.0000690 seconds
191.409: Application time: 0.0270540 seconds
191.409: [GC [PSYoungGen: 7548K->992K(7680K)] 12541K->6145K(25088K), 0.0004580 secs] [Times: user=0.00 sys=0.00, real=0.00 secs] 
191.410: Total time for which application threads were stopped: 0.0005620 seconds, Stopping threads took: 0.0000390 seconds
191.429: Application time: 0.0191580 seconds
191.431: [GC [PSYoungGen: 7646K->1008K(7680K)] 12799K->6425K(25088K), 0.0005940 secs] [Times: user=0.00 sys=0.00, real=0.00 secs] 
191.432: Total time for which application threads were stopped: 0.0028640 seconds, Stopping threads took: 0.0022180 seconds
191.448: Application time: 0.0159460 seconds
191.448: [GC [PSYoungGen: 7662K->992K(7680K)] 13080K->6537K(25088K), 0.0004540 secs] [Times: user=0.00 sys=0.00, real=0.00 secs] 
191.448: Total time for which application threads were stopped: 0.0005610 seconds, Stopping threads took: 0.0000560 seconds
191.464: Application time: 0.0159920 seconds
191.464: [GC [PSYoungGen: 7643K->992K(7680K)] 13189K->6793K(25088K), 0.0005200 secs] [Times: user=0.00 sys=0.00, real=0.00 secs] 
191.465: Total time for which application threads were stopped: 0.0006340 seconds, Stopping threads took: 0.0000580 seconds
191.489: Application time: 0.0241780 seconds
191.489: [GC [PSYoungGen: 7646K->992K(7680K)] 13447K->6937K(25088K), 0.0004430 secs] [Times: user=0.00 sys=0.00, real=0.00 secs] 
191.490: Total time for which application threads were stopped: 0.0005510 seconds, Stopping threads took: 0.0000540 seconds
191.518: Application time: 0.0286970 seconds
191.518: [GC [PSYoungGen: 7646K->1008K(7680K)] 13591K->6953K(25088K), 0.0004470 secs] [Times: user=0.00 sys=0.00, real=0.00 secs] 
191.519: Total time for which application threads were stopped: 0.0005440 seconds, Stopping threads took: 0.0000440 seconds
191.546: Application time: 0.0269030 seconds
191.546: [GC [PSYoungGen: 7660K->992K(7680K)] 13606K->7045K(25088K), 0.0005240 secs] [Times: user=0.00 sys=0.00, real=0.00 secs] 
191.546: Total time for which application threads were stopped: 0.0006470 seconds, Stopping threads took: 0.0000730 seconds
191.576: Application time: 0.0291710 seconds
191.576: [GC [PSYoungGen: 7644K->1008K(7680K)] 13698K->7105K(25088K), 0.0004550 secs] [Times: user=0.00 sys=0.00, real=0.00 secs] 
191.576: Total time for which application threads were stopped: 0.0005520 seconds, Stopping threads took: 0.0000470 seconds
191.606: Application time: 0.0295710 seconds
191.606: [GC [PSYoungGen: 7662K->1008K(7680K)] 13760K->7121K(25088K), 0.0004030 secs] [Times: user=0.00 sys=0.00, real=0.00 secs] 
191.606: Total time for which application threads were stopped: 0.0005000 seconds, Stopping threads took: 0.0000480 seconds
191.635: Application time: 0.0291450 seconds
191.635: [GC [PSYoungGen: 7662K->1008K(7680K)] 13776K->7177K(25088K), 0.0003940 secs] [Times: user=0.00 sys=0.00, real=0.00 secs] 
191.636: Total time for which application threads were stopped: 0.0004970 seconds, Stopping threads took: 0.0000550 seconds
191.660: Application time: 0.0240060 seconds
191.660: [GC [PSYoungGen: 7663K->992K(7680K)] 13833K->7662K(25088K), 0.0005850 secs] [Times: user=0.00 sys=0.00, real=0.00 secs] 
191.661: Total time for which application threads were stopped: 0.0006830 seconds, Stopping threads took: 0.0000440 seconds
191.690: Application time: 0.0290490 seconds
191.690: [GC [PSYoungGen: 7646K->960K(7680K)] 14317K->7790K(25088K), 0.0004540 secs] [Times: user=0.00 sys=0.00, real=0.00 secs] 
191.690: Total time for which application threads were stopped: 0.0005540 seconds, Stopping threads took: 0.0000480 seconds
191.720: Application time: 0.0293660 seconds
191.720: [GC [PSYoungGen: 7614K->768K(7680K)] 14445K->7806K(25088K), 0.0004220 secs] [Times: user=0.00 sys=0.00, real=0.00 secs] 
191.720: Total time for which application threads were stopped: 0.0005300 seconds, Stopping threads took: 0.0000540 seconds
191.751: Application time: 0.0312340 seconds
191.751: [GC [PSYoungGen: 7422K->800K(7680K)] 14460K->7854K(25088K), 0.0004830 secs] [Times: user=0.01 sys=0.00, real=0.00 secs] 
191.752: Total time for which application threads were stopped: 0.0005930 seconds, Stopping threads took: 0.0000530 seconds
191.781: Application time: 0.0286820 seconds
191.783: [GC [PSYoungGen: 7452K->992K(7680K)] 14506K->8046K(25088K), 0.0004400 secs] [Times: user=0.00 sys=0.00, real=0.00 secs] 
191.784: Total time for which application threads were stopped: 0.0029890 seconds, Stopping threads took: 0.0024950 seconds
191.813: Application time: 0.0291760 seconds
191.813: [GC [PSYoungGen: 7645K->960K(7680K)] 14700K->8030K(25088K), 0.0004770 secs] [Times: user=0.00 sys=0.00, real=0.00 secs] 
191.813: Total time for which application threads were stopped: 0.0005980 seconds, Stopping threads took: 0.0000650 seconds
191.843: Application time: 0.0297090 seconds
191.843: [GC [PSYoungGen: 7612K->960K(7680K)] 14682K->8054K(25088K), 0.0004330 secs] [Times: user=0.01 sys=0.00, real=0.00 secs] 
191.844: Total time for which application threads were stopped: 0.0005510 seconds, Stopping threads took: 0.0000640 seconds
191.871: Application time: 0.0278250 seconds
191.872: [GC [PSYoungGen: 7614K->992K(7680K)] 14708K->8478K(25088K), 0.0005130 secs] [Times: user=0.00 sys=0.00, real=0.00 secs] 
191.872: Total time for which application threads were stopped: 0.0006170 seconds, Stopping threads took: 0.0000490 seconds
191.900: Application time: 0.0277100 seconds
191.900: [GC [PSYoungGen: 7644K->960K(7680K)] 15131K->8643K(25088K), 0.0005240 secs] [Times: user=0.01 sys=0.00, real=0.00 secs] 
191.900: Total time for which application threads were stopped: 0.0006480 seconds, Stopping threads took: 0.0000640 seconds
191.933: Application time: 0.0327900 seconds
191.933: [GC [PSYoungGen: 7613K->896K(7680K)] 15296K->8595K(25088K), 0.0004380 secs] [Times: user=0.00 sys=0.00, real=0.00 secs] 
191.934: Total time for which application threads were stopped: 0.0005360 seconds, Stopping threads took: 0.0000400 seconds
191.964: Application time: 0.0297260 seconds
191.964: [GC [PSYoungGen: 7550K->864K(7680K)] 15249K->8563K(25088K), 0.0004630 secs] [Times: user=0.00 sys=0.00, real=0.00 secs] 
191.965: Total time for which application threads were stopped: 0.0015950 seconds, Stopping threads took: 0.0000530 seconds
191.995: Application time: 0.0297250 seconds
191.995: [GC [PSYoungGen: 7518K->800K(7680K)] 15217K->8575K(25088K), 0.0004400 secs] [Times: user=0.00 sys=0.00, real=0.00 secs] 
191.995: Total time for which application threads were stopped: 0.0005520 seconds, Stopping threads took: 0.0000640 seconds
192.026: Application time: 0.0303950 seconds
192.026: [GC [PSYoungGen: 7451K->832K(7680K)] 15227K->8607K(25088K), 0.0004380 secs] [Times: user=0.01 sys=0.00, real=0.00 secs] 
192.026: Total time for which application threads were stopped: 0.0005790 seconds, Stopping threads took: 0.0000870 seconds
192.056: Application time: 0.0296580 seconds
192.056: [GC [PSYoungGen: 7486K->832K(7680K)] 15262K->8607K(25088K), 0.0004600 secs] [Times: user=0.01 sys=0.00, real=0.00 secs] 
192.057: Total time for which application threads were stopped: 0.0005600 seconds, Stopping threads took: 0.0000470 seconds
192.086: Application time: 0.0298540 seconds
192.087: [GC [PSYoungGen: 7486K->896K(7680K)] 15262K->8671K(25088K), 0.0003630 secs] [Times: user=0.01 sys=0.00, real=0.00 secs] 
192.087: Total time for which application threads were stopped: 0.0004530 seconds, Stopping threads took: 0.0000410 seconds
192.117: Application time: 0.0297660 seconds
192.117: [GC [PSYoungGen: 7550K->576K(7680K)] 15326K->8661K(25088K), 0.0003940 secs] [Times: user=0.01 sys=0.00, real=0.00 secs] 
192.117: Total time for which application threads were stopped: 0.0004930 seconds, Stopping threads took: 0.0000490 seconds
192.147: Application time: 0.0298910 seconds
192.147: [GC [PSYoungGen: 7230K->576K(7680K)] 15315K->8661K(25088K), 0.0003400 secs] [Times: user=0.00 sys=0.00, real=0.00 secs] 
192.147: Total time for which application threads were stopped: 0.0004330 seconds, Stopping threads took: 0.0000450 seconds
192.177: Application time: 0.0297890 seconds
192.177: [GC [PSYoungGen: 7230K->736K(7680K)] 15315K->8821K(25088K), 0.0003540 secs] [Times: user=0.00 sys=0.00, real=0.00 secs] 
192.178: Total time for which application threads were stopped: 0.0004520 seconds, Stopping threads took: 0.0000490 seconds
192.208: Application time: 0.0298550 seconds
192.208: [GC [PSYoungGen: 7390K->544K(7680K)] 15475K->8629K(25088K), 0.0003770 secs] [Times: user=0.00 sys=0.00, real=0.00 secs] 
192.208: Total time for which application threads were stopped: 0.0004710 seconds, Stopping threads took: 0.0000430 seconds
192.238: Application time: 0.0298500 seconds
192.238: [GC [PSYoungGen: 7198K->512K(7680K)] 15283K->8597K(25088K), 0.0004640 secs] [Times: user=0.00 sys=0.00, real=0.00 secs] 
192.238: Total time for which application threads were stopped: 0.0005670 seconds, Stopping threads took: 0.0000520 seconds
192.268: Application time: 0.0299950 seconds
192.269: [GC [PSYoungGen: 7166K->544K(7680K)] 15251K->8713K(25088K), 0.0003680 secs] [Times: user=0.00 sys=0.00, real=0.00 secs] 
192.269: Total time for which application threads were stopped: 0.0004650 seconds, Stopping threads took: 0.0000490 seconds
192.294: Application time: 0.0253720 seconds
192.294: [GC [PSYoungGen: 7196K->736K(7680K)] 15365K->8905K(25088K), 0.0003610 secs] [Times: user=0.00 sys=0.00, real=0.00 secs] 
192.295: Total time for which application threads were stopped: 0.0004650 seconds, Stopping threads took: 0.0000510 seconds
192.316: Application time: 0.0209120 seconds
192.316: [GC [PSYoungGen: 7392K->800K(7680K)] 15561K->8977K(25088K), 0.0004580 secs] [Times: user=0.00 sys=0.00, real=0.00 secs] 
192.316: Total time for which application threads were stopped: 0.0005590 seconds, Stopping threads took: 0.0000480 seconds
192.339: Application time: 0.0229760 seconds
192.339: [GC [PSYoungGen: 7451K->288K(7680K)] 15629K->8874K(25088K), 0.0004080 secs] [Times: user=0.00 sys=0.00, real=0.00 secs] 
192.340: Total time for which application threads were stopped: 0.0004930 seconds, Stopping threads took: 0.0000370 seconds
192.369: Application time: 0.0293830 seconds
192.369: [GC [PSYoungGen: 6940K->384K(7680K)] 15527K->8970K(25088K), 0.0003050 secs] [Times: user=0.00 sys=0.00, real=0.00 secs] 
192.370: Total time for which application threads were stopped: 0.0004110 seconds, Stopping threads took: 0.0000570 seconds
192.398: Application time: 0.0285890 seconds
192.398: [GC [PSYoungGen: 7036K->384K(7680K)] 15622K->8970K(25088K), 0.0002960 secs] [Times: user=0.00 sys=0.00, real=0.00 secs] 
192.399: Total time for which application threads were stopped: 0.0004030 seconds, Stopping threads took: 0.0000560 seconds
192.428: Application time: 0.0297310 seconds
192.428: [GC [PSYoungGen: 7038K->384K(7680K)] 15625K->8970K(25088K), 0.0003210 secs] [Times: user=0.00 sys=0.00, real=0.00 secs] 
192.429: Total time for which application threads were stopped: 0.0004340 seconds, Stopping threads took: 0.0000640 seconds
192.458: Application time: 0.0296530 seconds
192.458: [GC [PSYoungGen: 7038K->352K(7680K)] 15625K->8938K(25088K), 0.0003280 secs] [Times: user=0.00 sys=0.00, real=0.00 secs] 
192.459: Total time for which application threads were stopped: 0.0004380 seconds, Stopping threads took: 0.0000530 seconds
192.488: Application time: 0.0294830 seconds
192.488: [GC [PSYoungGen: 7006K->224K(7680K)] 15593K->8810K(25088K), 0.0003790 secs] [Times: user=0.00 sys=0.00, real=0.00 secs] 
192.489: Total time for which application threads were stopped: 0.0004780 seconds, Stopping threads took: 0.0000520 seconds
192.518: Application time: 0.0295940 seconds
192.518: [GC [PSYoungGen: 6878K->320K(7680K)] 15465K->8906K(25088K), 0.0003440 secs] [Times: user=0.00 sys=0.00, real=0.00 secs] 
192.519: Total time for which application threads were stopped: 0.0004430 seconds, Stopping threads took: 0.0000530 seconds
192.548: Application time: 0.0295880 seconds
192.548: [GC [PSYoungGen: 6974K->352K(7680K)] 15561K->8938K(25088K), 0.0003250 secs] [Times: user=0.00 sys=0.00, real=0.00 secs] 
192.549: Total time for which application threads were stopped: 0.0004150 seconds, Stopping threads took: 0.0000430 seconds
192.575: Application time: 0.0264920 seconds
192.575: [GC [PSYoungGen: 7008K->480K(7680K)] 15594K->9066K(25088K), 0.0004210 secs] [Times: user=0.00 sys=0.00, real=0.00 secs] 
192.576: Total time for which application threads were stopped: 0.0005150 seconds, Stopping threads took: 0.0000430 seconds
192.597: Application time: 0.0207910 seconds
192.597: [GC [PSYoungGen: 7134K->480K(7680K)] 15721K->9066K(25088K), 0.0003470 secs] [Times: user=0.00 sys=0.00, real=0.00 secs] 
192.597: Total time for which application threads were stopped: 0.0004310 seconds, Stopping threads took: 0.0000330 seconds
192.619: Application time: 0.0218780 seconds
192.619: [GC [PSYoungGen: 7133K->576K(7680K)] 15720K->9162K(25088K), 0.0003690 secs] [Times: user=0.00 sys=0.00, real=0.01 secs] 
192.619: Total time for which application threads were stopped: 0.0004620 seconds, Stopping threads took: 0.0000430 seconds
192.649: Application time: 0.0292110 seconds
192.649: [GC [PSYoungGen: 7228K->512K(7680K)] 15815K->9098K(25088K), 0.0003320 secs] [Times: user=0.00 sys=0.00, real=0.00 secs] 
192.649: Total time for which application threads were stopped: 0.0004380 seconds, Stopping threads took: 0.0000570 seconds
192.678: Application time: 0.0294280 seconds
192.679: [GC [PSYoungGen: 7164K->480K(7680K)] 15751K->9066K(25088K), 0.0003240 secs] [Times: user=0.00 sys=0.00, real=0.00 secs] 
192.679: Total time for which application threads were stopped: 0.0004370 seconds, Stopping threads took: 0.0000650 seconds
192.707: Application time: 0.0285100 seconds
192.707: [GC [PSYoungGen: 7132K->512K(7680K)] 15718K->9098K(25088K), 0.0003480 secs] [Times: user=0.00 sys=0.00, real=0.00 secs] 
192.708: Total time for which application threads were stopped: 0.0004520 seconds, Stopping threads took: 0.0000530 seconds
192.738: Application time: 0.0297760 seconds
192.739: [GC [PSYoungGen: 7166K->384K(7680K)] 15753K->8970K(25088K), 0.0003990 secs] [Times: user=0.00 sys=0.00, real=0.00 secs] 
192.740: Total time for which application threads were stopped: 0.0020210 seconds, Stopping threads took: 0.0015680 seconds
192.769: Application time: 0.0292470 seconds
192.769: [GC [PSYoungGen: 7036K->512K(7680K)] 15623K->9098K(25088K), 0.0003960 secs] [Times: user=0.01 sys=0.00, real=0.00 secs] 
192.769: Total time for which application threads were stopped: 0.0005220 seconds, Stopping threads took: 0.0000740 seconds
192.799: Application time: 0.0297360 seconds
192.799: [GC [PSYoungGen: 7166K->576K(7680K)] 15753K->9162K(25088K), 0.0003320 secs] [Times: user=0.01 sys=0.00, real=0.00 secs] 
192.800: Total time for which application threads were stopped: 0.0004280 seconds, Stopping threads took: 0.0000510 seconds
192.830: Application time: 0.0299320 seconds
192.830: [GC [PSYoungGen: 7228K->480K(7680K)] 15815K->9066K(25088K), 0.0003450 secs] [Times: user=0.00 sys=0.00, real=0.00 secs] 
192.830: Total time for which application threads were stopped: 0.0004490 seconds, Stopping threads took: 0.0000560 seconds
192.860: Application time: 0.0298310 seconds
192.860: [GC [PSYoungGen: 7134K->512K(7680K)] 15721K->9098K(25088K), 0.0003470 secs] [Times: user=0.00 sys=0.00, real=0.00 secs] 
192.860: Total time for which application threads were stopped: 0.0004450 seconds, Stopping threads took: 0.0000470 seconds
192.890: Application time: 0.0298700 seconds
192.890: [GC [PSYoungGen: 7166K->608K(7680K)] 15753K->9194K(25088K), 0.0003070 secs] [Times: user=0.00 sys=0.00, real=0.00 secs] 
192.891: Total time for which application threads were stopped: 0.0004030 seconds, Stopping threads took: 0.0000480 seconds
192.920: Application time: 0.0295850 seconds
192.920: [GC [PSYoungGen: 7262K->448K(7680K)] 15849K->9034K(25088K), 0.0004030 secs] [Times: user=0.00 sys=0.00, real=0.00 secs] 
192.921: Total time for which application threads were stopped: 0.0005150 seconds, Stopping threads took: 0.0000640 seconds
192.950: Application time: 0.0296460 seconds
192.950: [GC [PSYoungGen: 7102K->512K(7680K)] 15689K->9098K(25088K), 0.0003370 secs] [Times: user=0.00 sys=0.00, real=0.00 secs] 
192.951: Total time for which application threads were stopped: 0.0004340 seconds, Stopping threads took: 0.0000480 seconds
192.968: Application time: 0.0168140 seconds
192.968: [GC [PSYoungGen: 7167K->944K(7680K)] 15754K->9530K(25088K), 0.0004490 secs] [Times: user=0.00 sys=0.00, real=0.00 secs] 
192.968: Total time for which application threads were stopped: 0.0005580 seconds, Stopping threads took: 0.0000480 seconds
192.981: Application time: 0.0129390 seconds
192.981: [GC [PSYoungGen: 7599K->992K(7680K)] 16185K->9722K(25088K), 0.0004960 secs] [Times: user=0.00 sys=0.00, real=0.00 secs] 
192.982: Total time for which application threads were stopped: 0.0005880 seconds, Stopping threads took: 0.0000440 seconds
192.996: Application time: 0.0139300 seconds
192.996: [GC [PSYoungGen: 7645K->992K(7680K)] 16376K->9730K(25088K), 0.0004240 secs] [Times: user=0.00 sys=0.00, real=0.00 secs] 
192.996: Total time for which application threads were stopped: 0.0005170 seconds, Stopping threads took: 0.0000420 seconds
193.012: Application time: 0.0156250 seconds
193.012: [GC [PSYoungGen: 7644K->1008K(7680K)] 16383K->9922K(25088K), 0.0004570 secs] [Times: user=0.00 sys=0.00, real=0.00 secs] 
193.012: Total time for which application threads were stopped: 0.0005560 seconds, Stopping threads took: 0.0000480 seconds
193.037: Application time: 0.0252560 seconds
193.038: [GC [PSYoungGen: 7659K->992K(7680K)] 16574K->9954K(25088K), 0.0004960 secs] [Times: user=0.00 sys=0.00, real=0.00 secs] 
193.038: Total time for which application threads were stopped: 0.0006020 seconds, Stopping threads took: 0.0000480 seconds
193.067: Application time: 0.0290440 seconds
193.067: [GC [PSYoungGen: 7643K->1008K(7680K)] 16606K->9994K(25088K), 0.0004190 secs] [Times: user=0.00 sys=0.00, real=0.00 secs] 
193.068: Total time for which application threads were stopped: 0.0005240 seconds, Stopping threads took: 0.0000520 seconds
193.087: Application time: 0.0189910 seconds
193.087: [GC [PSYoungGen: 7661K->992K(7680K)] 16648K->10563K(25088K), 0.0005570 secs] [Times: user=0.00 sys=0.00, real=0.00 secs] 
193.087: Total time for which application threads were stopped: 0.0006640 seconds, Stopping threads took: 0.0000530 seconds
193.108: Application time: 0.0210860 seconds
193.108: [GC [PSYoungGen: 7647K->992K(7680K)] 17219K->10571K(25088K), 0.0004280 secs] [Times: user=0.00 sys=0.00, real=0.00 secs] 
193.109: Total time for which application threads were stopped: 0.0005340 seconds, Stopping threads took: 0.0000520 seconds
193.133: Application time: 0.0245010 seconds
193.134: [GC [PSYoungGen: 7646K->992K(7680K)] 17225K->10792K(25088K), 0.0005020 secs] [Times: user=0.00 sys=0.00, real=0.00 secs] 
193.134: Total time for which application threads were stopped: 0.0006020 seconds, Stopping threads took: 0.0000510 seconds
193.163: Application time: 0.0287650 seconds
193.163: [GC [PSYoungGen: 7644K->896K(7680K)] 17444K->10824K(25088K), 0.0004200 secs] [Times: user=0.00 sys=0.00, real=0.00 secs] 
193.163: Total time for which application threads were stopped: 0.0005130 seconds, Stopping threads took: 0.0000410 seconds
193.187: Application time: 0.0233370 seconds
193.187: [GC [PSYoungGen: 7550K->1008K(7680K)] 17478K->11304K(25088K), 0.0005360 secs] [Times: user=0.00 sys=0.00, real=0.00 secs] 
193.187: Total time for which application threads were stopped: 0.0006340 seconds, Stopping threads took: 0.0000440 seconds
193.203: Application time: 0.0156410 seconds
193.203: [GC [PSYoungGen: 7661K->1008K(7680K)] 17957K->11517K(25088K), 0.0004860 secs] [Times: user=0.00 sys=0.00, real=0.00 secs] 
193.204: Total time for which application threads were stopped: 0.0005840 seconds, Stopping threads took: 0.0000450 seconds
193.220: Application time: 0.0163560 seconds
193.220: [GC [PSYoungGen: 7659K->1008K(7680K)] 18169K->11553K(25088K), 0.0004200 secs] [Times: user=0.00 sys=0.00, real=0.00 secs] 
193.220: Total time for which application threads were stopped: 0.0005220 seconds, Stopping threads took: 0.0000500 seconds
193.241: Application time: 0.0205940 seconds
193.241: [GC [PSYoungGen: 7659K->1008K(7680K)] 18205K->11942K(25088K), 0.0005020 secs] [Times: user=0.00 sys=0.00, real=0.00 secs] 
193.242: Total time for which application threads were stopped: 0.0006010 seconds, Stopping threads took: 0.0000450 seconds
193.271: Application time: 0.0292960 seconds
193.271: [GC [PSYoungGen: 7660K->992K(7680K)] 18594K->11934K(25088K), 0.0005020 secs] [Times: user=0.00 sys=0.00, real=0.01 secs] 
193.272: Total time for which application threads were stopped: 0.0006090 seconds, Stopping threads took: 0.0000560 seconds
193.298: Application time: 0.0266270 seconds
193.298: [GC [PSYoungGen: 7647K->1008K(7680K)] 18589K->11974K(25088K), 0.0004870 secs] [Times: user=0.00 sys=0.00, real=0.00 secs] 
193.299: Total time for which application threads were stopped: 0.0005880 seconds, Stopping threads took: 0.0000470 seconds
193.328: Application time: 0.0290060 seconds
193.328: [GC [PSYoungGen: 7660K->944K(7680K)] 18626K->12046K(25088K), 0.0004800 secs] [Times: user=0.00 sys=0.00, real=0.00 secs] 
193.328: Total time for which application threads were stopped: 0.0005880 seconds, Stopping threads took: 0.0000540 seconds
193.357: Application time: 0.0287970 seconds
193.357: [GC [PSYoungGen: 7598K->960K(7680K)] 18700K->12062K(25088K), 0.0004540 secs] [Times: user=0.00 sys=0.00, real=0.00 secs] 
193.358: Total time for which application threads were stopped: 0.0005680 seconds, Stopping threads took: 0.0000630 seconds
193.387: Application time: 0.0290660 seconds
193.387: [GC [PSYoungGen: 7614K->928K(7680K)] 18716K->12098K(25088K), 0.0005190 secs] [Times: user=0.00 sys=0.00, real=0.00 secs] 
193.387: Total time for which application threads were stopped: 0.0006230 seconds, Stopping threads took: 0.0000440 seconds
193.413: Application time: 0.0254880 seconds
193.413: [GC [PSYoungGen: 7581K->992K(7680K)] 18751K->12571K(25088K), 0.0006230 secs] [Times: user=0.00 sys=0.00, real=0.00 secs] 
193.414: Total time for which application threads were stopped: 0.0007360 seconds, Stopping threads took: 0.0000590 seconds
193.441: Application time: 0.0273070 seconds
193.441: [GC [PSYoungGen: 7647K->992K(7680K)] 19226K->12619K(25088K), 0.0005450 secs] [Times: user=0.00 sys=0.00, real=0.00 secs] 
193.442: Total time for which application threads were stopped: 0.0006420 seconds, Stopping threads took: 0.0000470 seconds
193.471: Application time: 0.0291440 seconds
193.471: [GC [PSYoungGen: 7646K->912K(7680K)] 19274K->12768K(25088K), 0.0004810 secs] [Times: user=0.01 sys=0.00, real=0.01 secs] 
193.471: Total time for which application threads were stopped: 0.0005940 seconds, Stopping threads took: 0.0000510 seconds
193.501: Application time: 0.0292870 seconds
193.501: [GC [PSYoungGen: 7566K->848K(7680K)] 19422K->12704K(25088K), 0.0004010 secs] [Times: user=0.00 sys=0.00, real=0.00 secs] 
193.501: Total time for which application threads were stopped: 0.0005110 seconds, Stopping threads took: 0.0000600 seconds
193.529: Application time: 0.0276610 seconds
193.529: [GC [PSYoungGen: 7501K->992K(7680K)] 19357K->12856K(25088K), 0.0004530 secs] [Times: user=0.00 sys=0.00, real=0.00 secs] 
193.529: Total time for which application threads were stopped: 0.0005340 seconds, Stopping threads took: 0.0000320 seconds
193.559: Application time: 0.0293210 seconds
193.559: [GC [PSYoungGen: 7646K->992K(7680K)] 19510K->12872K(25088K), 0.0005410 secs] [Times: user=0.00 sys=0.00, real=0.01 secs] 
193.559: Total time for which application threads were stopped: 0.0006620 seconds, Stopping threads took: 0.0000720 seconds
193.589: Application time: 0.0292530 seconds
193.589: [GC [PSYoungGen: 7646K->928K(7680K)] 19526K->12864K(25088K), 0.0004630 secs] [Times: user=0.01 sys=0.00, real=0.00 secs] 
193.589: Total time for which application threads were stopped: 0.0005720 seconds, Stopping threads took: 0.0000590 seconds
193.617: Application time: 0.0277230 seconds
193.617: [GC [PSYoungGen: 7582K->992K(7680K)] 19518K->13272K(25088K), 0.0004800 secs] [Times: user=0.00 sys=0.00, real=0.00 secs] 
193.617: Total time for which application threads were stopped: 0.0005850 seconds, Stopping threads took: 0.0000550 seconds
193.645: Application time: 0.0277800 seconds
193.645: [GC [PSYoungGen: 7646K->992K(7680K)] 19926K->13280K(25088K), 0.0005010 secs] [Times: user=0.00 sys=0.00, real=0.00 secs] 
193.646: Total time for which application threads were stopped: 0.0006030 seconds, Stopping threads took: 0.0000500 seconds
193.675: Application time: 0.0296060 seconds
193.675: [GC [PSYoungGen: 7646K->992K(7680K)] 19934K->13320K(25088K), 0.0004310 secs] [Times: user=0.00 sys=0.00, real=0.00 secs] 
193.676: Total time for which application threads were stopped: 0.0005250 seconds, Stopping threads took: 0.0000390 seconds
193.706: Application time: 0.0301300 seconds
193.706: [GC [PSYoungGen: 7646K->992K(7680K)] 19974K->13328K(25088K), 0.0004230 secs] [Times: user=0.00 sys=0.00, real=0.00 secs] 
193.707: Total time for which application threads were stopped: 0.0005430 seconds, Stopping threads took: 0.0000690 seconds
193.737: Application time: 0.0299970 seconds
193.737: [GC [PSYoungGen: 7646K->992K(7680K)] 19982K->13393K(25088K), 0.0004420 secs] [Times: user=0.00 sys=0.00, real=0.00 secs] 
193.737: Total time for which application threads were stopped: 0.0005480 seconds, Stopping threads took: 0.0000530 seconds
193.768: Application time: 0.0304020 seconds
193.768: [GC [PSYoungGen: 7646K->896K(7680K)] 20048K->13297K(25088K), 0.0004910 secs] [Times: user=0.00 sys=0.00, real=0.00 secs] 
193.768: Total time for which application threads were stopped: 0.0006070 seconds, Stopping threads took: 0.0000630 seconds
193.798: Application time: 0.0297890 seconds
193.798: [GC [PSYoungGen: 7548K->960K(7680K)] 19949K->13361K(25088K), 0.0004260 secs] [Times: user=0.00 sys=0.00, real=0.00 secs] 
193.799: Total time for which application threads were stopped: 0.0005320 seconds, Stopping threads took: 0.0000520 seconds
193.828: Application time: 0.0297290 seconds
193.828: [GC [PSYoungGen: 7614K->992K(7680K)] 20016K->13393K(25088K), 0.0004000 secs] [Times: user=0.00 sys=0.00, real=0.00 secs] 
193.829: Total time for which application threads were stopped: 0.0005000 seconds, Stopping threads took: 0.0000510 seconds
193.859: Application time: 0.0300890 seconds
193.859: [GC [PSYoungGen: 7646K->768K(7680K)] 20048K->13349K(25088K), 0.0003840 secs] [Times: user=0.00 sys=0.00, real=0.00 secs] 
193.860: Total time for which application threads were stopped: 0.0007190 seconds, Stopping threads took: 0.0002870 seconds
193.889: Application time: 0.0298120 seconds
193.889: [GC [PSYoungGen: 7422K->704K(7680K)] 20004K->13418K(25088K), 0.0003680 secs] [Times: user=0.00 sys=0.00, real=0.00 secs] 
193.890: Total time for which application threads were stopped: 0.0004730 seconds, Stopping threads took: 0.0000510 seconds
193.920: Application time: 0.0297500 seconds
193.920: [GC [PSYoungGen: 7358K->704K(7680K)] 20073K->13418K(25088K), 0.0003650 secs] [Times: user=0.00 sys=0.00, real=0.00 secs] 
193.920: Total time for which application threads were stopped: 0.0004560 seconds, Stopping threads took: 0.0000400 seconds
193.950: Application time: 0.0296700 seconds
193.950: [GC [PSYoungGen: 7358K->672K(7680K)] 20073K->13386K(25088K), 0.0004240 secs] [Times: user=0.00 sys=0.00, real=0.00 secs] 
193.950: Total time for which application threads were stopped: 0.0005280 seconds, Stopping threads took: 0.0000550 seconds
193.980: Application time: 0.0298030 seconds
193.980: [GC [PSYoungGen: 7326K->608K(7680K)] 20041K->13546K(25088K), 0.0004260 secs] [Times: user=0.00 sys=0.00, real=0.00 secs] 
193.981: Total time for which application threads were stopped: 0.0005380 seconds, Stopping threads took: 0.0000530 seconds
194.010: Application time: 0.0296950 seconds
194.010: [GC [PSYoungGen: 7262K->480K(7680K)] 20201K->13418K(25088K), 0.0003720 secs] [Times: user=0.00 sys=0.00, real=0.00 secs] 
194.011: Total time for which application threads were stopped: 0.0004680 seconds, Stopping threads took: 0.0000490 seconds
194.039: Application time: 0.0279760 seconds
194.039: [GC [PSYoungGen: 7134K->672K(7680K)] 20072K->13610K(25088K), 0.0004310 secs] [Times: user=0.00 sys=0.00, real=0.01 secs] 
194.039: Total time for which application threads were stopped: 0.0005400 seconds, Stopping threads took: 0.0000600 seconds
194.060: Application time: 0.0209440 seconds
194.060: [GC [PSYoungGen: 7326K->896K(7680K)] 20265K->13842K(25088K), 0.0004120 secs] [Times: user=0.00 sys=0.00, real=0.00 secs] 
194.061: Total time for which application threads were stopped: 0.0005120 seconds, Stopping threads took: 0.0000500 seconds
194.083: Application time: 0.0218550 seconds
194.083: [GC [PSYoungGen: 7551K->384K(7680K)] 20498K->13739K(25088K), 0.0004180 secs] [Times: user=0.00 sys=0.00, real=0.00 secs] 
194.083: Total time for which application threads were stopped: 0.0005140 seconds, Stopping threads took: 0.0000490 seconds
194.112: Application time: 0.0285380 seconds
194.112: [GC [PSYoungGen: 7038K->384K(7680K)] 20393K->13739K(25088K), 0.0003370 secs] [Times: user=0.00 sys=0.00, real=0.00 secs] 
194.112: Total time for which application threads were stopped: 0.0004380 seconds, Stopping threads took: 0.0000510 seconds
194.141: Application time: 0.0293240 seconds
194.141: [GC [PSYoungGen: 7036K->288K(7680K)] 20391K->13643K(25088K), 0.0003780 secs] [Times: user=0.00 sys=0.00, real=0.00 secs] 
194.142: Total time for which application threads were stopped: 0.0004620 seconds, Stopping threads took: 0.0000370 seconds
194.170: Application time: 0.0286220 seconds
194.171: [GC [PSYoungGen: 6940K->384K(7680K)] 20295K->13739K(25088K), 0.0003200 secs] [Times: user=0.00 sys=0.00, real=0.00 secs] 
194.171: Total time for which application threads were stopped: 0.0004300 seconds, Stopping threads took: 0.0000540 seconds
194.201: Application time: 0.0296560 seconds
194.201: [GC [PSYoungGen: 7038K->352K(7680K)] 20394K->13707K(25088K), 0.0003260 secs] [Times: user=0.00 sys=0.00, real=0.00 secs] 
194.201: Total time for which application threads were stopped: 0.0004260 seconds, Stopping threads took: 0.0000550 seconds
194.232: Application time: 0.0306530 seconds
194.232: [GC [PSYoungGen: 7004K->352K(7680K)] 20359K->13707K(25088K), 0.0003450 secs] [Times: user=0.01 sys=0.00, real=0.00 secs] 
194.232: Total time for which application threads were stopped: 0.0004400 seconds, Stopping threads took: 0.0000460 seconds
194.262: Application time: 0.0295800 seconds
194.262: [GC [PSYoungGen: 7006K->288K(7680K)] 20362K->13643K(25088K), 0.0003470 secs] [Times: user=0.00 sys=0.00, real=0.00 secs] 
194.262: Total time for which application threads were stopped: 0.0004320 seconds, Stopping threads took: 0.0000410 seconds
194.292: Application time: 0.0296390 seconds
194.292: [GC [PSYoungGen: 6942K->352K(7680K)] 20298K->13707K(25088K), 0.0003210 secs] [Times: user=0.00 sys=0.00, real=0.00 secs] 
194.292: Total time for which application threads were stopped: 0.0004130 seconds, Stopping threads took: 0.0000390 seconds
194.317: Application time: 0.0250460 seconds
194.317: [GC [PSYoungGen: 7006K->512K(7680K)] 20361K->13867K(25088K), 0.0003370 secs] [Times: user=0.00 sys=0.00, real=0.00 secs] 
194.318: Total time for which application threads were stopped: 0.0004340 seconds, Stopping threads took: 0.0000500 seconds
194.338: Application time: 0.0207290 seconds
194.338: [GC [PSYoungGen: 7166K->544K(7680K)] 20522K->13899K(25088K), 0.0003730 secs] [Times: user=0.00 sys=0.00, real=0.00 secs] 
194.339: Total time for which application threads were stopped: 0.0004630 seconds, Stopping threads took: 0.0000420 seconds
194.362: Application time: 0.0231470 seconds
194.362: [GC [PSYoungGen: 7195K->576K(7680K)] 20550K->13931K(25088K), 0.0003680 secs] [Times: user=0.01 sys=0.00, real=0.00 secs] 
194.362: Total time for which application threads were stopped: 0.0004700 seconds, Stopping threads took: 0.0000510 seconds
194.392: Application time: 0.0298200 seconds
194.395: [GC [PSYoungGen: 7230K->608K(7680K)] 20585K->13963K(25088K), 0.0003760 secs] [Times: user=0.00 sys=0.00, real=0.00 secs] 
194.396: Total time for which application threads were stopped: 0.0032390 seconds, Stopping threads took: 0.0028150 seconds
194.424: Application time: 0.0284430 seconds
194.424: [GC [PSYoungGen: 7260K->512K(7680K)] 20615K->13867K(25088K), 0.0004130 secs] [Times: user=0.01 sys=0.00, real=0.00 secs] 
194.424: Total time for which application threads were stopped: 0.0005090 seconds, Stopping threads took: 0.0000460 seconds
194.454: Application time: 0.0297340 seconds
194.454: [GC [PSYoungGen: 7166K->544K(7680K)] 20522K->13899K(25088K), 0.0003450 secs] [Times: user=0.00 sys=0.00, real=0.00 secs] 
194.455: Total time for which application threads were stopped: 0.0004480 seconds, Stopping threads took: 0.0000500 seconds
194.482: Application time: 0.0275890 seconds
194.482: [GC [PSYoungGen: 7198K->544K(7680K)] 20553K->13899K(25088K), 0.0003760 secs] [Times: user=0.00 sys=0.00, real=0.00 secs] 
194.483: Total time for which application threads were stopped: 0.0004780 seconds, Stopping threads took: 0.0000450 seconds
194.513: Application time: 0.0297930 seconds
194.513: [GC [PSYoungGen: 7198K->544K(7680K)] 20554K->13899K(25088K), 0.0003700 secs] [Times: user=0.00 sys=0.00, real=0.00 secs] 
194.513: Total time for which application threads were stopped: 0.0004740 seconds, Stopping threads took: 0.0000530 seconds
194.543: Application time: 0.0297930 seconds
194.543: [GC [PSYoungGen: 7198K->672K(7680K)] 20554K->14027K(25088K), 0.0003960 secs] [Times: user=0.00 sys=0.00, real=0.00 secs] 
194.543: Total time for which application threads were stopped: 0.0004960 seconds, Stopping threads took: 0.0000500 seconds
194.573: Application time: 0.0296770 seconds
194.573: [GC [PSYoungGen: 7326K->512K(7680K)] 20682K->13867K(25088K), 0.0003830 secs] [Times: user=0.00 sys=0.00, real=0.00 secs] 
194.573: Total time for which application threads were stopped: 0.0004850 seconds, Stopping threads took: 0.0000530 seconds
194.603: Application time: 0.0298750 seconds
194.603: [GC [PSYoungGen: 7166K->544K(7680K)] 20522K->13899K(25088K), 0.0003620 secs] [Times: user=0.00 sys=0.00, real=0.00 secs] 
194.604: Total time for which application threads were stopped: 0.0004530 seconds, Stopping threads took: 0.0000430 seconds
194.634: Application time: 0.0297160 seconds
194.634: [GC [PSYoungGen: 7198K->512K(7680K)] 20554K->13867K(25088K), 0.0003590 secs] [Times: user=0.00 sys=0.00, real=0.00 secs] 
194.634: Total time for which application threads were stopped: 0.0004490 seconds, Stopping threads took: 0.0000420 seconds
194.664: Application time: 0.0297180 seconds
194.664: [GC [PSYoungGen: 7166K->544K(7680K)] 20522K->13899K(25088K), 0.0003760 secs] [Times: user=0.00 sys=0.00, real=0.00 secs] 
194.664: Total time for which application threads were stopped: 0.0004790 seconds, Stopping threads took: 0.0000550 seconds
194.695: Application time: 0.0304030 seconds
194.695: [GC [PSYoungGen: 7198K->512K(7680K)] 20554K->13867K(25088K), 0.0003670 secs] [Times: user=0.00 sys=0.00, real=0.00 secs] 
194.695: Total time for which application threads were stopped: 0.0004690 seconds, Stopping threads took: 0.0000530 seconds
194.716: Application time: 0.0212200 seconds
194.716: [GC [PSYoungGen: 7167K->896K(7680K)] 20523K->14251K(25088K), 0.0004350 secs] [Times: user=0.00 sys=0.00, real=0.00 secs] 
194.717: Total time for which application threads were stopped: 0.0005320 seconds, Stopping threads took: 0.0000480 seconds
194.730: Application time: 0.0136610 seconds
194.731: [GC [PSYoungGen: 7551K->1008K(7680K)] 20906K->14507K(25088K), 0.0004610 secs] [Times: user=0.01 sys=0.00, real=0.00 secs] 
194.731: Total time for which application threads were stopped: 0.0005630 seconds, Stopping threads took: 0.0000510 seconds
194.744: Application time: 0.0133860 seconds
194.744: [GC [PSYoungGen: 7662K->992K(7680K)] 21161K->14499K(25088K), 0.0004340 secs] [Times: user=0.00 sys=0.00, real=0.00 secs] 
194.745: Total time for which application threads were stopped: 0.0005240 seconds, Stopping threads took: 0.0000420 seconds
194.761: Application time: 0.0161940 seconds
194.763: [GC [PSYoungGen: 7644K->1008K(7680K)] 21151K->14651K(25088K), 0.0005690 secs] [Times: user=0.00 sys=0.00, real=0.00 secs] 
194.764: Total time for which application threads were stopped: 0.0026170 seconds, Stopping threads took: 0.0019930 seconds
194.786: Application time: 0.0225550 seconds
194.786: [GC [PSYoungGen: 7661K->992K(7680K)] 21305K->14707K(25088K), 0.0004830 secs] [Times: user=0.00 sys=0.00, real=0.00 secs] 
194.787: Total time for which application threads were stopped: 0.0005880 seconds, Stopping threads took: 0.0000540 seconds
194.812: Application time: 0.0250270 seconds
194.812: [GC [PSYoungGen: 7644K->1008K(7680K)] 21359K->14883K(25088K), 0.0004950 secs] [Times: user=0.01 sys=0.00, real=0.00 secs] 
194.813: Total time for which application threads were stopped: 0.0005980 seconds, Stopping threads took: 0.0000520 seconds
194.831: Application time: 0.0189010 seconds
194.832: [GC [PSYoungGen: 7662K->992K(7680K)] 21538K->15131K(25088K), 0.0005260 secs] [Times: user=0.00 sys=0.00, real=0.00 secs] 
194.832: Total time for which application threads were stopped: 0.0006320 seconds, Stopping threads took: 0.0000530 seconds
194.853: Application time: 0.0206640 seconds
194.853: [GC [PSYoungGen: 7644K->992K(7680K)] 21783K->15403K(25088K), 0.0005130 secs] [Times: user=0.01 sys=0.00, real=0.00 secs] 
194.853: Total time for which application threads were stopped: 0.0006030 seconds, Stopping threads took: 0.0000400 seconds
194.883: Application time: 0.0294150 seconds
194.883: [GC [PSYoungGen: 7646K->992K(7680K)] 22057K->15419K(25088K), 0.0004430 secs] [Times: user=0.00 sys=0.00, real=0.00 secs] 
194.883: Total time for which application threads were stopped: 0.0005490 seconds, Stopping threads took: 0.0000520 seconds
194.911: Application time: 0.0281520 seconds
194.912: [GC [PSYoungGen: 7644K->1008K(7680K)] 22071K->15451K(25088K), 0.0004910 secs] [Times: user=0.00 sys=0.00, real=0.00 secs] 
194.912: Total time for which application threads were stopped: 0.0006090 seconds, Stopping threads took: 0.0000640 seconds
194.939: Application time: 0.0272640 seconds
194.939: [GC [PSYoungGen: 7662K->992K(7680K)] 22105K->15624K(25088K), 0.0004930 secs] [Times: user=0.00 sys=0.00, real=0.00 secs] 
194.940: Total time for which application threads were stopped: 0.0005950 seconds, Stopping threads took: 0.0000490 seconds
194.959: Application time: 0.0192820 seconds
194.959: [GC [PSYoungGen: 7643K->1008K(7680K)] 22275K->15904K(25088K), 0.0004800 secs] [Times: user=0.00 sys=0.00, real=0.00 secs] 
194.960: Total time for which application threads were stopped: 0.0005780 seconds, Stopping threads took: 0.0000480 seconds
194.976: Application time: 0.0162220 seconds
194.976: [GC [PSYoungGen: 7662K->1008K(7680K)] 22559K->16048K(25088K), 0.0004720 secs] [Times: user=0.00 sys=0.00, real=0.00 secs] 
194.977: Total time for which application threads were stopped: 0.0005610 seconds, Stopping threads took: 0.0000380 seconds
194.995: Application time: 0.0186010 seconds
194.995: [GC [PSYoungGen: 7660K->992K(7680K)] 22700K->16160K(25088K), 0.0004740 secs] [Times: user=0.00 sys=0.00, real=0.00 secs] 
194.996: Total time for which application threads were stopped: 0.0005990 seconds, Stopping threads took: 0.0000650 seconds
195.020: Application time: 0.0246260 seconds
195.020: [GC [PSYoungGen: 7646K->1008K(7680K)] 22814K->16208K(25088K), 0.0004600 secs] [Times: user=0.00 sys=0.00, real=0.00 secs] 
195.021: Total time for which application threads were stopped: 0.0005650 seconds, Stopping threads took: 0.0000560 seconds
195.050: Application time: 0.0285420 seconds
195.050: [GC [PSYoungGen: 7660K->1008K(7680K)] 22860K->16224K(25088K), 0.0005090 secs] [Times: user=0.00 sys=0.00, real=0.00 secs] 
195.050: Total time for which application threads were stopped: 0.0006080 seconds, Stopping threads took: 0.0000470 seconds
195.077: Application time: 0.0268210 seconds
195.077: [GC [PSYoungGen: 7663K->1008K(7680K)] 22879K->16408K(25088K), 0.0004820 secs] [Times: user=0.00 sys=0.00, real=0.00 secs] 
195.078: Total time for which application threads were stopped: 0.0005830 seconds, Stopping threads took: 0.0000540 seconds
195.106: Application time: 0.0289420 seconds
195.107: [GC [PSYoungGen: 7662K->992K(7680K)] 23063K->16400K(25088K), 0.0004470 secs] [Times: user=0.00 sys=0.00, real=0.00 secs] 
195.107: Total time for which application threads were stopped: 0.0005540 seconds, Stopping threads took: 0.0000560 seconds
195.136: Application time: 0.0287900 seconds
195.136: [GC [PSYoungGen: 7646K->1008K(7680K)] 23055K->16480K(25088K), 0.0004370 secs] [Times: user=0.00 sys=0.00, real=0.00 secs] 
195.136: Total time for which application threads were stopped: 0.0005410 seconds, Stopping threads took: 0.0000550 seconds
195.162: Application time: 0.0255110 seconds
195.162: [GC [PSYoungGen: 7660K->992K(7680K)] 23132K->16848K(25088K), 0.0005540 secs] [Times: user=0.00 sys=0.00, real=0.00 secs] 
195.163: Total time for which application threads were stopped: 0.0006540 seconds, Stopping threads took: 0.0000500 seconds
195.190: Application time: 0.0272750 seconds
195.190: [GC [PSYoungGen: 7647K->1008K(7680K)] 23503K->16880K(25088K), 0.0004620 secs] [Times: user=0.00 sys=0.00, real=0.00 secs] 
195.190: Total time for which application threads were stopped: 0.0005630 seconds, Stopping threads took: 0.0000480 seconds
195.219: Application time: 0.0290200 seconds
195.219: [GC [PSYoungGen: 7662K->960K(7680K)] 23535K->16928K(25088K), 0.0004480 secs] [Times: user=0.00 sys=0.00, real=0.00 secs] 
195.220: Total time for which application threads were stopped: 0.0005420 seconds, Stopping threads took: 0.0000450 seconds
195.247: Application time: 0.0275490 seconds
195.248: [GC [PSYoungGen: 7614K->1008K(7680K)] 23582K->17080K(25088K), 0.0004900 secs] [Times: user=0.00 sys=0.00, real=0.00 secs] 
195.248: Total time for which application threads were stopped: 0.0005950 seconds, Stopping threads took: 0.0000490 seconds
195.277: Application time: 0.0292990 seconds
195.277: [GC [PSYoungGen: 7662K->912K(7680K)] 23735K->17112K(25088K), 0.0004310 secs] [Times: user=0.00 sys=0.00, real=0.00 secs] 
195.278: Total time for which application threads were stopped: 0.0005200 seconds, Stopping threads took: 0.0000420 seconds
195.307: Application time: 0.0294610 seconds
195.307: [GC [PSYoungGen: 7566K->880K(7680K)] 23767K->17104K(25088K), 0.0003950 secs] [Times: user=0.00 sys=0.00, real=0.00 secs] 
195.308: Total time for which application threads were stopped: 0.0004970 seconds, Stopping threads took: 0.0000550 seconds
195.337: Application time: 0.0294580 seconds
195.337: [GC [PSYoungGen: 7534K->896K(7680K)] 23759K->17128K(25088K), 0.0004400 secs] [Times: user=0.00 sys=0.00, real=0.00 secs] 
195.338: Total time for which application threads were stopped: 0.0005370 seconds, Stopping threads took: 0.0000430 seconds
195.367: Application time: 0.0293960 seconds
195.367: [GC [PSYoungGen: 7550K->864K(7680K)] 23783K->17144K(25088K), 0.0004030 secs] [Times: user=0.00 sys=0.00, real=0.00 secs] 
195.368: Total time for which application threads were stopped: 0.0004950 seconds, Stopping threads took: 0.0000420 seconds
195.395: Application time: 0.0268190 seconds
195.395: [GC [PSYoungGen: 7519K->1008K(7680K)] 23800K->17436K(25088K), 0.0005080 secs] [Times: user=0.00 sys=0.00, real=0.00 secs] 
195.395: Total time for which application threads were stopped: 0.0006170 seconds, Stopping threads took: 0.0000540 seconds
195.424: Application time: 0.0285980 seconds
195.424: [GC [PSYoungGen: 7660K->992K(7680K)] 24088K->17468K(25088K), 0.0004430 secs] [Times: user=0.01 sys=0.00, real=0.00 secs] 
195.424: Total time for which application threads were stopped: 0.0005470 seconds, Stopping threads took: 0.0000500 seconds
195.454: Application time: 0.0295990 seconds
195.454: [GC [PSYoungGen: 7646K->928K(7680K)] 24123K->17420K(25088K), 0.0004730 secs] [Times: user=0.00 sys=0.00, real=0.00 secs] 
195.455: Total time for which application threads were stopped: 0.0005870 seconds, Stopping threads took: 0.0000630 seconds
195.484: Application time: 0.0297580 seconds
195.484: [GC [PSYoungGen: 7582K->992K(7680K)] 24075K->17500K(25088K), 0.0003940 secs] [Times: user=0.00 sys=0.00, real=0.00 secs] 
195.485: Total time for which application threads were stopped: 0.0005030 seconds, Stopping threads took: 0.0000560 seconds
195.515: Application time: 0.0298550 seconds
195.515: [GC [PSYoungGen: 7646K->960K(7680K)] 24155K->17476K(25088K), 0.0004190 secs] [Times: user=0.00 sys=0.00, real=0.00 secs] 
195.515: Total time for which application threads were stopped: 0.0005310 seconds, Stopping threads took: 0.0000490 seconds
195.546: Application time: 0.0305370 seconds
195.546: [GC [PSYoungGen: 7614K->992K(7680K)] 24131K->17508K(25088K), 0.0003960 secs] [Times: user=0.01 sys=0.00, real=0.00 secs] 
195.546: Total time for which application threads were stopped: 0.0005030 seconds, Stopping threads took: 0.0000540 seconds
195.576: Application time: 0.0298590 seconds
195.576: [GC [PSYoungGen: 7646K->928K(7680K)] 24163K->17444K(25088K), 0.0004590 secs] [Times: user=0.01 sys=0.00, real=0.00 secs] 
195.577: Total time for which application threads were stopped: 0.0005520 seconds, Stopping threads took: 0.0000420 seconds
195.606: Application time: 0.0298100 seconds
195.607: [GC [PSYoungGen: 7582K->928K(7680K)] 24099K->17508K(25088K), 0.0003970 secs] [Times: user=0.01 sys=0.00, real=0.00 secs] 
195.607: Total time for which application threads were stopped: 0.0004910 seconds, Stopping threads took: 0.0000470 seconds
195.637: Application time: 0.0297990 seconds
195.637: [GC [PSYoungGen: 7582K->480K(7680K)] 24163K->17453K(25088K), 0.0004710 secs] [Times: user=0.01 sys=0.00, real=0.00 secs] 
195.637: Total time for which application threads were stopped: 0.0005790 seconds, Stopping threads took: 0.0000540 seconds
195.667: Application time: 0.0297190 seconds
195.667: [GC [PSYoungGen: 7134K->512K(7680K)] 24108K->17485K(25088K), 0.0004090 secs] [Times: user=0.00 sys=0.00, real=0.00 secs] 
195.668: Total time for which application threads were stopped: 0.0005180 seconds, Stopping threads took: 0.0000570 seconds
195.697: Application time: 0.0297970 seconds
195.697: [GC [PSYoungGen: 7166K->384K(7680K)] 24140K->17586K(25088K), 0.0003730 secs] [Times: user=0.00 sys=0.00, real=0.00 secs] 
195.698: [Full GC [PSYoungGen: 384K->0K(7680K)] [ParOldGen: 17202K->3327K(17408K)] 17586K->3327K(25088K) [PSPermGen: 5574K->5574K(21504K)], 0.0047370 secs] [Times: user=0.02 sys=0.00, real=0.01 secs] 
195.703: Total time for which application threads were stopped: 0.0052590 seconds, Stopping threads took: 0.0000500 seconds
195.733: Application time: 0.0300680 seconds
195.735: [GC [PSYoungGen: 6654K->0K(7680K)] 9982K->3327K(25088K), 0.0004110 secs] [Times: user=0.00 sys=0.00, real=0.00 secs] 
195.736: Total time for which application threads were stopped: 0.0029300 seconds, Stopping threads took: 0.0024590 seconds
195.766: Application time: 0.0303850 seconds
195.766: [GC [PSYoungGen: 6654K->0K(7680K)] 9982K->3327K(25088K), 0.0003030 secs] [Times: user=0.00 sys=0.00, real=0.00 secs] 
195.766: Total time for which application threads were stopped: 0.0004140 seconds, Stopping threads took: 0.0000590 seconds
195.795: Application time: 0.0286310 seconds
195.795: [GC [PSYoungGen: 6652K->352K(7680K)] 9980K->3679K(25088K), 0.0003370 secs] [Times: user=0.00 sys=0.00, real=0.00 secs] 
195.795: Total time for which application threads were stopped: 0.0004270 seconds, Stopping threads took: 0.0000430 seconds
195.816: Application time: 0.0208310 seconds
195.819: [GC [PSYoungGen: 7006K->384K(7680K)] 10334K->3711K(25088K), 0.0003350 secs] [Times: user=0.00 sys=0.00, real=0.00 secs] 
195.820: Total time for which application threads were stopped: 0.0031980 seconds, Stopping threads took: 0.0028130 seconds
195.842: Application time: 0.0226520 seconds
195.842: [GC [PSYoungGen: 7037K->320K(7680K)] 10365K->3647K(25088K), 0.0003140 secs] [Times: user=0.00 sys=0.00, real=0.00 secs] 
195.843: Total time for which application threads were stopped: 0.0004010 seconds, Stopping threads took: 0.0000350 seconds
195.870: Application time: 0.0269450 seconds
195.871: [GC [PSYoungGen: 6972K->384K(7680K)] 10299K->3711K(25088K), 0.0003040 secs] [Times: user=0.00 sys=0.00, real=0.00 secs] 
195.871: Total time for which application threads were stopped: 0.0019450 seconds, Stopping threads took: 0.0015930 seconds
195.901: Application time: 0.0296470 seconds
195.901: [GC [PSYoungGen: 7038K->352K(7680K)] 10366K->3679K(25088K), 0.0003100 secs] [Times: user=0.00 sys=0.00, real=0.00 secs] 
195.902: Total time for which application threads were stopped: 0.0004080 seconds, Stopping threads took: 0.0000520 seconds
195.930: Application time: 0.0286920 seconds
195.930: [GC [PSYoungGen: 7006K->384K(7680K)] 10333K->3711K(25088K), 0.0003010 secs] [Times: user=0.00 sys=0.00, real=0.00 secs] 
195.931: Total time for which application threads were stopped: 0.0004030 seconds, Stopping threads took: 0.0000540 seconds
195.960: Application time: 0.0295650 seconds
195.960: [GC [PSYoungGen: 7038K->288K(7680K)] 10366K->3615K(25088K), 0.0003590 secs] [Times: user=0.00 sys=0.00, real=0.00 secs] 
195.961: Total time for which application threads were stopped: 0.0004590 seconds, Stopping threads took: 0.0000530 seconds
195.990: Application time: 0.0295810 seconds
195.990: [GC [PSYoungGen: 6942K->352K(7680K)] 10270K->3679K(25088K), 0.0003200 secs] [Times: user=0.01 sys=0.00, real=0.00 secs] 
195.991: Total time for which application threads were stopped: 0.0004220 seconds, Stopping threads took: 0.0000520 seconds
196.020: Application time: 0.0294610 seconds
196.020: [GC [PSYoungGen: 7006K->352K(7680K)] 10334K->3679K(25088K), 0.0003150 secs] [Times: user=0.00 sys=0.00, real=0.00 secs] 
196.021: Total time for which application threads were stopped: 0.0004280 seconds, Stopping threads took: 0.0000560 seconds
196.050: Application time: 0.0294160 seconds
196.050: [GC [PSYoungGen: 7006K->320K(7680K)] 10334K->3647K(25088K), 0.0003420 secs] [Times: user=0.00 sys=0.00, real=0.00 secs] 
196.050: Total time for which application threads were stopped: 0.0004330 seconds, Stopping threads took: 0.0000450 seconds
196.080: Application time: 0.0293900 seconds
196.080: [GC [PSYoungGen: 6974K->352K(7680K)] 10302K->3679K(25088K), 0.0003030 secs] [Times: user=0.01 sys=0.00, real=0.00 secs] 
196.080: Total time for which application threads were stopped: 0.0003940 seconds, Stopping threads took: 0.0000440 seconds
196.102: Application time: 0.0213420 seconds
196.102: [GC [PSYoungGen: 7006K->544K(7680K)] 10333K->3871K(25088K), 0.0003300 secs] [Times: user=0.00 sys=0.00, real=0.00 secs] 
196.102: Total time for which application threads were stopped: 0.0004300 seconds, Stopping threads took: 0.0000510 seconds
196.123: Application time: 0.0212320 seconds
196.123: [GC [PSYoungGen: 7197K->544K(7680K)] 10525K->3871K(25088K), 0.0003900 secs] [Times: user=0.00 sys=0.00, real=0.00 secs] 
196.124: Total time for which application threads were stopped: 0.0005080 seconds, Stopping threads took: 0.0000690 seconds
196.149: Application time: 0.0257420 seconds
196.150: [GC [PSYoungGen: 7196K->576K(7680K)] 10523K->3903K(25088K), 0.0003390 secs] [Times: user=0.01 sys=0.00, real=0.00 secs] 
196.150: Total time for which application threads were stopped: 0.0004360 seconds, Stopping threads took: 0.0000440 seconds
196.179: Application time: 0.0291720 seconds
196.183: [GC [PSYoungGen: 7228K->480K(7680K)] 10556K->3807K(25088K), 0.0003330 secs] [Times: user=0.00 sys=0.00, real=0.00 secs] 
196.183: Total time for which application threads were stopped: 0.0044550 seconds, Stopping threads took: 0.0040720 seconds
196.212: Application time: 0.0283640 seconds
196.212: [GC [PSYoungGen: 7132K->608K(7680K)] 10459K->3935K(25088K), 0.0003740 secs] [Times: user=0.01 sys=0.00, real=0.00 secs] 
196.212: Total time for which application threads were stopped: 0.0004760 seconds, Stopping threads took: 0.0000530 seconds
196.241: Application time: 0.0285310 seconds
196.241: [GC [PSYoungGen: 7261K->576K(7680K)] 10589K->3903K(25088K), 0.0003420 secs] [Times: user=0.00 sys=0.00, real=0.00 secs] 
196.241: Total time for which application threads were stopped: 0.0004330 seconds, Stopping threads took: 0.0000400 seconds
196.270: Application time: 0.0284400 seconds
196.271: [GC [PSYoungGen: 7228K->544K(7680K)] 10556K->3871K(25088K), 0.0004230 secs] [Times: user=0.00 sys=0.00, real=0.00 secs] 
196.272: Total time for which application threads were stopped: 0.0018260 seconds, Stopping threads took: 0.0013480 seconds
196.302: Application time: 0.0304860 seconds
196.302: [GC [PSYoungGen: 7198K->496K(7680K)] 10526K->3823K(25088K), 0.0003800 secs] [Times: user=0.00 sys=0.00, real=0.00 secs] 
196.303: Total time for which application threads were stopped: 0.0005020 seconds, Stopping threads took: 0.0000710 seconds
196.332: Application time: 0.0297050 seconds
196.332: [GC [PSYoungGen: 7150K->512K(7680K)] 10478K->3839K(25088K), 0.0003920 secs] [Times: user=0.00 sys=0.00, real=0.00 secs] 
196.333: Total time for which application threads were stopped: 0.0004820 seconds, Stopping threads took: 0.0000400 seconds
196.363: Application time: 0.0298130 seconds
196.363: [GC [PSYoungGen: 7166K->512K(7680K)] 10494K->3839K(25088K), 0.0003320 secs] [Times: user=0.00 sys=0.00, real=0.00 secs] 
196.363: Total time for which application threads were stopped: 0.0004440 seconds, Stopping threads took: 0.0000640 seconds
196.393: Application time: 0.0297070 seconds
196.393: [GC [PSYoungGen: 7166K->512K(7680K)] 10494K->3839K(25088K), 0.0003290 secs] [Times: user=0.00 sys=0.00, real=0.00 secs] 
196.393: Total time for which application threads were stopped: 0.0004250 seconds, Stopping threads took: 0.0000480 seconds
196.423: Application time: 0.0294580 seconds
196.423: [GC [PSYoungGen: 7166K->544K(7680K)] 10494K->3871K(25088K), 0.0003480 secs] [Times: user=0.00 sys=0.00, real=0.00 secs] 
196.423: Total time for which application threads were stopped: 0.0004410 seconds, Stopping threads took: 0.0000450 seconds
196.452: Application time: 0.0293700 seconds
196.452: [GC [PSYoungGen: 7198K->512K(7680K)] 10526K->3839K(25088K), 0.0004520 secs] [Times: user=0.00 sys=0.00, real=0.00 secs] 
196.453: Total time for which application threads were stopped: 0.0005430 seconds, Stopping threads took: 0.0000440 seconds
196.477: Application time: 0.0240030 seconds
196.477: [GC [PSYoungGen: 7164K->896K(7680K)] 10492K->4223K(25088K), 0.0004000 secs] [Times: user=0.00 sys=0.01, real=0.00 secs] 
196.477: Total time for which application threads were stopped: 0.0005010 seconds, Stopping threads took: 0.0000500 seconds
196.490: Application time: 0.0127810 seconds
196.490: [GC [PSYoungGen: 7549K->992K(7680K)] 10876K->4455K(25088K), 0.0004820 secs] [Times: user=0.00 sys=0.00, real=0.00 secs] 
196.491: Total time for which application threads were stopped: 0.0005790 seconds, Stopping threads took: 0.0000470 seconds
196.504: Application time: 0.0133050 seconds
196.507: [GC [PSYoungGen: 7643K->1008K(7680K)] 11107K->4487K(25088K), 0.0004430 secs] [Times: user=0.00 sys=0.00, real=0.00 secs] 
196.508: Total time for which application threads were stopped: 0.0034560 seconds, Stopping threads took: 0.0029660 seconds
196.522: Application time: 0.0144170 seconds
196.522: [GC [PSYoungGen: 7660K->992K(7680K)] 11139K->4495K(25088K), 0.0004160 secs] [Times: user=0.00 sys=0.00, real=0.00 secs] 
196.523: Total time for which application threads were stopped: 0.0005160 seconds, Stopping threads took: 0.0000410 seconds
196.543: Application time: 0.0207210 seconds
196.543: [GC [PSYoungGen: 7646K->992K(7680K)] 11150K->4647K(25088K), 0.0004850 secs] [Times: user=0.00 sys=0.00, real=0.00 secs] 
196.544: Total time for which application threads were stopped: 0.0005820 seconds, Stopping threads took: 0.0000460 seconds
196.565: Application time: 0.0207500 seconds
196.565: [GC [PSYoungGen: 7647K->992K(7680K)] 11303K->5044K(25088K), 0.0005110 secs] [Times: user=0.01 sys=0.00, real=0.00 secs] 
196.565: Total time for which application threads were stopped: 0.0006140 seconds, Stopping threads took: 0.0000480 seconds
196.585: Application time: 0.0202700 seconds
196.586: [GC [PSYoungGen: 7558K->832K(7680K)] 11610K->4884K(25088K), 0.0004140 secs] [Times: user=0.00 sys=0.00, real=0.00 secs] 
196.586: Total time for which application threads were stopped: 0.0005180 seconds, Stopping threads took: 0.0000520 seconds
196.608: Application time: 0.0221810 seconds
196.608: [GC [PSYoungGen: 7487K->992K(7680K)] 11539K->5336K(25088K), 0.0005150 secs] [Times: user=0.00 sys=0.00, real=0.00 secs] 
196.609: Total time for which application threads were stopped: 0.0006190 seconds, Stopping threads took: 0.0000510 seconds
196.638: Application time: 0.0289110 seconds
196.638: [GC [PSYoungGen: 7644K->976K(7680K)] 11988K->5429K(25088K), 0.0004690 secs] [Times: user=0.00 sys=0.00, real=0.00 secs] 
196.638: Total time for which application threads were stopped: 0.0005710 seconds, Stopping threads took: 0.0000520 seconds
196.666: Application time: 0.0278980 seconds
196.666: [GC [PSYoungGen: 7630K->1008K(7680K)] 12083K->5477K(25088K), 0.0004410 secs] [Times: user=0.00 sys=0.00, real=0.00 secs] 
196.667: Total time for which application threads were stopped: 0.0005350 seconds, Stopping threads took: 0.0000440 seconds
196.696: Application time: 0.0290500 seconds
196.696: [GC [PSYoungGen: 7662K->1008K(7680K)] 12131K->5477K(25088K), 0.0004970 secs] [Times: user=0.00 sys=0.00, real=0.00 secs] 
196.696: Total time for which application threads were stopped: 0.0006170 seconds, Stopping threads took: 0.0000720 seconds
196.720: Application time: 0.0235860 seconds
196.720: [GC [PSYoungGen: 7660K->1008K(7680K)] 12129K->5805K(25088K), 0.0004980 secs] [Times: user=0.00 sys=0.00, real=0.00 secs] 
196.721: Total time for which application threads were stopped: 0.0006080 seconds, Stopping threads took: 0.0000610 seconds
196.736: Application time: 0.0155670 seconds
196.736: [GC [PSYoungGen: 7661K->1008K(7680K)] 12458K->5933K(25088K), 0.0005060 secs] [Times: user=0.01 sys=0.00, real=0.00 secs] 
196.737: Total time for which application threads were stopped: 0.0006070 seconds, Stopping threads took: 0.0000410 seconds
196.754: Application time: 0.0173500 seconds
196.754: Total time for which application threads were stopped: 0.0000770 seconds, Stopping threads took: 0.0000580 seconds
196.755: Application time: 0.0008890 seconds
196.755: [GC [PSYoungGen: 7662K->992K(7680K)] 12619K->5948K(25088K), 0.0005440 secs] [Times: user=0.00 sys=0.00, real=0.00 secs] 
196.756: Total time for which application threads were stopped: 0.0005960 seconds, Stopping threads took: 0.0000050 seconds
196.780: Application time: 0.0240720 seconds
196.780: [GC [PSYoungGen: 7644K->1008K(7680K)] 12885K->6249K(25088K), 0.0004730 secs] [Times: user=0.00 sys=0.00, real=0.00 secs] 
196.780: Total time for which application threads were stopped: 0.0005930 seconds, Stopping threads took: 0.0000660 seconds
196.809: Application time: 0.0283130 seconds
196.809: [GC [PSYoungGen: 7662K->1008K(7680K)] 12903K->6249K(25088K), 0.0004560 secs] [Times: user=0.00 sys=0.00, real=0.00 secs] 
196.809: Total time for which application threads were stopped: 0.0005670 seconds, Stopping threads took: 0.0000580 seconds
196.836: Application time: 0.0267340 seconds
196.836: [GC [PSYoungGen: 7660K->992K(7680K)] 12902K->6265K(25088K), 0.0004460 secs] [Times: user=0.00 sys=0.00, real=0.00 secs] 
196.837: Total time for which application threads were stopped: 0.0005390 seconds, Stopping threads took: 0.0000420 seconds
196.865: Application time: 0.0288820 seconds
196.865: [GC [PSYoungGen: 7646K->1008K(7680K)] 12920K->6281K(25088K), 0.0004560 secs] [Times: user=0.00 sys=0.00, real=0.00 secs] 
196.866: Total time for which application threads were stopped: 0.0005600 seconds, Stopping threads took: 0.0000540 seconds
196.895: Application time: 0.0288580 seconds
196.895: [GC [PSYoungGen: 7662K->960K(7680K)] 12936K->6233K(25088K), 0.0004740 secs] [Times: user=0.00 sys=0.00, real=0.00 secs] 
196.895: Total time for which application threads were stopped: 0.0005800 seconds, Stopping threads took: 0.0000530 seconds
196.923: Application time: 0.0275000 seconds
196.923: [GC [PSYoungGen: 7613K->1008K(7680K)] 12886K->6537K(25088K), 0.0005170 secs] [Times: user=0.00 sys=0.01, real=0.00 secs] 
196.924: Total time for which application threads were stopped: 0.0006210 seconds, Stopping threads took: 0.0000490 seconds
196.949: Application time: 0.0256340 seconds
196.949: [GC [PSYoungGen: 7661K->1008K(7680K)] 13190K->6749K(25088K), 0.0004800 secs] [Times: user=0.00 sys=0.00, real=0.00 secs] 
196.950: Total time for which application threads were stopped: 0.0005800 seconds, Stopping threads took: 0.0000430 seconds
196.979: Application time: 0.0292760 seconds
196.979: [GC [PSYoungGen: 7662K->1008K(7680K)] 13404K->6757K(25088K), 0.0005360 secs] [Times: user=0.00 sys=0.00, real=0.00 secs] 
196.981: Total time for which application threads were stopped: 0.0016720 seconds, Stopping threads took: 0.0000600 seconds
197.009: Application time: 0.0283230 seconds
197.009: [GC [PSYoungGen: 7660K->1008K(7680K)] 13409K->6954K(25088K), 0.0005230 secs] [Times: user=0.00 sys=0.00, real=0.00 secs] 
197.010: Total time for which application threads were stopped: 0.0006350 seconds, Stopping threads took: 0.0000550 seconds
197.038: Application time: 0.0288510 seconds
197.039: [GC [PSYoungGen: 7663K->992K(7680K)] 13609K->7066K(25088K), 0.0004610 secs] [Times: user=0.00 sys=0.00, real=0.00 secs] 
197.039: Total time for which application threads were stopped: 0.0005810 seconds, Stopping threads took: 0.0000540 seconds
197.069: Application time: 0.0296290 seconds
197.069: [GC [PSYoungGen: 7646K->928K(7680K)] 13720K->7046K(25088K), 0.0004160 secs] [Times: user=0.00 sys=0.00, real=0.00 secs] 
197.069: Total time for which application threads were stopped: 0.0005260 seconds, Stopping threads took: 0.0000530 seconds
197.099: Application time: 0.0296960 seconds
197.099: [GC [PSYoungGen: 7582K->912K(7680K)] 13701K->7030K(25088K), 0.0004760 secs] [Times: user=0.01 sys=0.00, real=0.01 secs] 
197.100: Total time for which application threads were stopped: 0.0005650 seconds, Stopping threads took: 0.0000380 seconds
197.129: Application time: 0.0296120 seconds
197.129: [GC [PSYoungGen: 7566K->832K(7680K)] 13685K->6990K(25088K), 0.0004690 secs] [Times: user=0.00 sys=0.00, real=0.00 secs] 
197.130: Total time for which application threads were stopped: 0.0005760 seconds, Stopping threads took: 0.0000550 seconds
197.157: Application time: 0.0269430 seconds
197.157: [GC [PSYoungGen: 7487K->992K(7680K)] 13646K->7206K(25088K), 0.0004430 secs] [Times: user=0.00 sys=0.00, real=0.00 secs] 
197.157: Total time for which application threads were stopped: 0.0005450 seconds, Stopping threads took: 0.0000520 seconds
197.186: Application time: 0.0286110 seconds
197.186: [GC [PSYoungGen: 7644K->992K(7680K)] 13858K->7230K(25088K), 0.0005030 secs] [Times: user=0.00 sys=0.00, real=0.00 secs] 
197.186: Total time for which application threads were stopped: 0.0006120 seconds, Stopping threads took: 0.0000510 seconds
197.216: Application time: 0.0295800 seconds
