Java HotSpot(TM) 64-Bit Server VM (24.80-b11) for linux-amd64 JRE (1.7.0_80-b15), built on Apr 10 2015 19:53:14 by "java_re" with gcc 4.3.0 20080428 (Red Hat 4.3.0-8)
Memory: 4k page, physical 8000092k(5687928k free), swap 8218620k(8218620k free)
CommandLine flags: -XX:+CMSParallelRemarkEnabled -XX:InitialHeapSize=98914304 -XX:MaxHeapSize=98914304 -XX:+PrintGC -XX:+PrintGCApplicationConcurrentTime -XX:+PrintGCApplicationStoppedTime -XX:+PrintGCDetails -XX:+PrintGCTimeStamps -XX:-UseAdaptiveSizePolicy -XX:+UseCompressedOops -XX:+UseParallelGC 
1.007: Application time: 0.9846120 seconds
1.007: Total time for which application threads were stopped: 0.0000410 seconds, Stopping threads took: 0.0000100 seconds
4.028: Application time: 3.0207520 seconds
4.028: Total time for which application threads were stopped: 0.0000700 seconds, Stopping threads took: 0.0000100 seconds
14.697: Application time: 10.6690620 seconds
14.697: Total time for which application threads were stopped: 0.0000250 seconds, Stopping threads took: 0.0000090 seconds
14.697: Application time: 0.0000890 seconds
14.697: Total time for which application threads were stopped: 0.0000100 seconds, Stopping threads took: 0.0000040 seconds
14.699: Application time: 0.0014860 seconds
14.699: Total time for which application threads were stopped: 0.0000250 seconds, Stopping threads took: 0.0000180 seconds
14.717: Application time: 0.0183060 seconds
14.717: Total time for which application threads were stopped: 0.0000380 seconds, Stopping threads took: 0.0000090 seconds
14.731: Application time: 0.0139770 seconds
14.731: [GC [PSYoungGen: 10549K->3312K(28672K)] 10549K->3320K(93184K), 0.0023560 secs] [Times: user=0.01 sys=0.01, real=0.00 secs] 
14.733: [Full GC [PSYoungGen: 3312K->0K(28672K)] [ParOldGen: 8K->3145K(64512K)] 3320K->3145K(93184K) [PSPermGen: 5076K->5074K(21504K)], 0.0109080 secs] [Times: user=0.04 sys=0.00, real=0.01 secs] 
14.744: Total time for which application threads were stopped: 0.0133820 seconds, Stopping threads took: 0.0000050 seconds
14.744: Application time: 0.0000350 seconds
14.744: [GC [PSYoungGen: 0K->0K(28672K)] 3145K->3145K(93184K), 0.0003270 secs] [Times: user=0.00 sys=0.00, real=0.00 secs] 
14.745: [Full GC [PSYoungGen: 0K->0K(28672K)] [ParOldGen: 3145K->3145K(64512K)] 3145K->3145K(93184K) [PSPermGen: 5074K->5074K(21504K)], 0.0050530 secs] [Times: user=0.02 sys=0.00, real=0.01 secs] 
14.750: Total time for which application threads were stopped: 0.0054840 seconds, Stopping threads took: 0.0000060 seconds
14.750: Application time: 0.0000700 seconds
14.750: Total time for which application threads were stopped: 0.0000330 seconds, Stopping threads took: 0.0000230 seconds
14.750: Application time: 0.0000390 seconds
14.750: Total time for which application threads were stopped: 0.0000240 seconds, Stopping threads took: 0.0000160 seconds
14.750: Application time: 0.0000170 seconds
14.750: Total time for which application threads were stopped: 0.0000210 seconds, Stopping threads took: 0.0000150 seconds
14.750: Application time: 0.0000130 seconds
14.750: Total time for which application threads were stopped: 0.0000250 seconds, Stopping threads took: 0.0000190 seconds
14.750: Application time: 0.0000320 seconds
14.750: Total time for which application threads were stopped: 0.0000210 seconds, Stopping threads took: 0.0000150 seconds
14.750: Application time: 0.0000160 seconds
14.750: Total time for which application threads were stopped: 0.0000240 seconds, Stopping threads took: 0.0000180 seconds
14.750: Application time: 0.0000140 seconds
14.750: Total time for which application threads were stopped: 0.0000200 seconds, Stopping threads took: 0.0000140 seconds
14.750: Application time: 0.0000140 seconds
14.750: Total time for which application threads were stopped: 0.0000200 seconds, Stopping threads took: 0.0000150 seconds
14.750: Application time: 0.0000980 seconds
14.750: Total time for which application threads were stopped: 0.0000220 seconds, Stopping threads took: 0.0000160 seconds
14.750: Application time: 0.0000140 seconds
14.750: Total time for which application threads were stopped: 0.0000170 seconds, Stopping threads took: 0.0000120 seconds
14.750: Application time: 0.0000140 seconds
14.750: Total time for which application threads were stopped: 0.0000150 seconds, Stopping threads took: 0.0000110 seconds
14.750: Application time: 0.0000140 seconds
14.750: Total time for which application threads were stopped: 0.0000150 seconds, Stopping threads took: 0.0000100 seconds
14.750: Application time: 0.0000130 seconds
14.750: Total time for which application threads were stopped: 0.0000150 seconds, Stopping threads took: 0.0000100 seconds
14.751: Application time: 0.0000140 seconds
14.751: Total time for which application threads were stopped: 0.0000160 seconds, Stopping threads took: 0.0000110 seconds
14.751: Application time: 0.0000130 seconds
14.751: Total time for which application threads were stopped: 0.0000170 seconds, Stopping threads took: 0.0000120 seconds
14.751: Application time: 0.0000140 seconds
14.751: Total time for which application threads were stopped: 0.0000160 seconds, Stopping threads took: 0.0000120 seconds
14.751: Application time: 0.0000130 seconds
14.751: Total time for which application threads were stopped: 0.0000150 seconds, Stopping threads took: 0.0000110 seconds
14.751: Application time: 0.0000140 seconds
14.751: Total time for which application threads were stopped: 0.0000170 seconds, Stopping threads took: 0.0000120 seconds
14.751: Application time: 0.0000130 seconds
14.751: Total time for which application threads were stopped: 0.0000190 seconds, Stopping threads took: 0.0000140 seconds
14.751: Application time: 0.0000140 seconds
14.751: Total time for which application threads were stopped: 0.0000220 seconds, Stopping threads took: 0.0000100 seconds
14.751: Application time: 0.0005620 seconds
14.751: Total time for which application threads were stopped: 0.0000150 seconds, Stopping threads took: 0.0000070 seconds
14.777: Application time: 0.0258730 seconds
14.777: [GC [PSYoungGen: 25014K->3318K(28672K)] 28160K->26363K(93184K), 0.0058550 secs] [Times: user=0.03 sys=0.01, real=0.00 secs] 
14.783: Total time for which application threads were stopped: 0.0059440 seconds, Stopping threads took: 0.0000140 seconds
14.783: Application time: 0.0001280 seconds
14.786: Total time for which application threads were stopped: 0.0031880 seconds, Stopping threads took: 0.0031530 seconds
14.787: Application time: 0.0000750 seconds
14.787: [GC [PSYoungGen: 27483K->3286K(28672K)] 50528K->50411K(93184K), 0.0063400 secs] [Times: user=0.03 sys=0.02, real=0.00 secs] 
14.794: [Full GC [PSYoungGen: 3286K->0K(28672K)] [ParOldGen: 47125K->49122K(64512K)] 50411K->49122K(93184K) [PSPermGen: 5097K->5097K(21504K)], 0.0200590 secs] [Times: user=0.13 sys=0.01, real=0.02 secs] 
14.814: Total time for which application threads were stopped: 0.0271150 seconds, Stopping threads took: 0.0005770 seconds
14.814: Application time: 0.0000980 seconds
14.818: Total time for which application threads were stopped: 0.0041040 seconds, Stopping threads took: 0.0040720 seconds
14.818: Application time: 0.0000570 seconds
14.818: Total time for which application threads were stopped: 0.0000170 seconds, Stopping threads took: 0.0000100 seconds
14.818: Application time: 0.0000320 seconds
14.818: Total time for which application threads were stopped: 0.0000230 seconds, Stopping threads took: 0.0000100 seconds
14.818: Application time: 0.0000280 seconds
14.818: Total time for which application threads were stopped: 0.0000170 seconds, Stopping threads took: 0.0000130 seconds
14.818: Application time: 0.0000310 seconds
14.818: Total time for which application threads were stopped: 0.0000200 seconds, Stopping threads took: 0.0000100 seconds
14.818: Application time: 0.0000130 seconds
14.818: Total time for which application threads were stopped: 0.0000150 seconds, Stopping threads took: 0.0000100 seconds
14.818: Application time: 0.0000090 seconds
14.818: Total time for which application threads were stopped: 0.0000140 seconds, Stopping threads took: 0.0000090 seconds
14.818: Application time: 0.0000090 seconds
14.818: Total time for which application threads were stopped: 0.0000080 seconds, Stopping threads took: 0.0000050 seconds
14.818: Application time: 0.0000090 seconds
14.818: Total time for which application threads were stopped: 0.0000130 seconds, Stopping threads took: 0.0000080 seconds
14.818: Application time: 0.0000090 seconds
14.818: Total time for which application threads were stopped: 0.0000130 seconds, Stopping threads took: 0.0000090 seconds
14.818: Application time: 0.0000090 seconds
14.818: Total time for which application threads were stopped: 0.0000080 seconds, Stopping threads took: 0.0000050 seconds
14.818: Application time: 0.0000090 seconds
14.818: Total time for which application threads were stopped: 0.0000090 seconds, Stopping threads took: 0.0000040 seconds
14.818: Application time: 0.0000130 seconds
14.818: Total time for which application threads were stopped: 0.0000130 seconds, Stopping threads took: 0.0000090 seconds
14.818: Application time: 0.0000090 seconds
14.818: Total time for which application threads were stopped: 0.0000070 seconds, Stopping threads took: 0.0000040 seconds
14.818: Application time: 0.0000080 seconds
14.818: Total time for which application threads were stopped: 0.0000110 seconds, Stopping threads took: 0.0000080 seconds
14.818: Application time: 0.0000080 seconds
14.818: Total time for which application threads were stopped: 0.0000110 seconds, Stopping threads took: 0.0000080 seconds
14.818: Application time: 0.0000100 seconds
14.818: Total time for which application threads were stopped: 0.0000120 seconds, Stopping threads took: 0.0000090 seconds
14.818: Application time: 0.0000090 seconds
14.818: Total time for which application threads were stopped: 0.0000160 seconds, Stopping threads took: 0.0000090 seconds
14.818: Application time: 0.0000080 seconds
14.818: Total time for which application threads were stopped: 0.0000130 seconds, Stopping threads took: 0.0000090 seconds
14.818: Application time: 0.0000080 seconds
14.818: Total time for which application threads were stopped: 0.0000110 seconds, Stopping threads took: 0.0000030 seconds
14.818: Application time: 0.0000080 seconds
14.818: Total time for which application threads were stopped: 0.0000120 seconds, Stopping threads took: 0.0000080 seconds
14.818: Application time: 0.0000090 seconds
14.818: Total time for which application threads were stopped: 0.0000140 seconds, Stopping threads took: 0.0000080 seconds
14.818: Application time: 0.0000080 seconds
14.818: Total time for which application threads were stopped: 0.0000120 seconds, Stopping threads took: 0.0000090 seconds
14.818: Application time: 0.0000090 seconds
14.818: Total time for which application threads were stopped: 0.0000140 seconds, Stopping threads took: 0.0000100 seconds
14.819: Application time: 0.0000100 seconds
14.819: Total time for which application threads were stopped: 0.0000080 seconds, Stopping threads took: 0.0000040 seconds
14.819: Application time: 0.0000090 seconds
14.819: Total time for which application threads were stopped: 0.0000080 seconds, Stopping threads took: 0.0000030 seconds
14.819: Application time: 0.0000090 seconds
14.819: Total time for which application threads were stopped: 0.0000120 seconds, Stopping threads took: 0.0000090 seconds
14.819: Application time: 0.0000080 seconds
14.819: Total time for which application threads were stopped: 0.0000070 seconds, Stopping threads took: 0.0000030 seconds
14.819: Application time: 0.0002560 seconds
14.819: Total time for which application threads were stopped: 0.0000250 seconds, Stopping threads took: 0.0000180 seconds
14.819: Application time: 0.0001200 seconds
14.819: [Full GC [PSYoungGen: 25088K->10434K(28672K)] [ParOldGen: 49122K->62872K(64512K)] 74210K->73306K(93184K) [PSPermGen: 5097K->5097K(21504K)], 0.0193100 secs] [Times: user=0.12 sys=0.01, real=0.02 secs] 
14.838: Total time for which application threads were stopped: 0.0194290 seconds, Stopping threads took: 0.0000380 seconds
14.839: Application time: 0.0002110 seconds
14.839: Total time for which application threads were stopped: 0.0000520 seconds, Stopping threads took: 0.0000350 seconds
14.839: Application time: 0.0004780 seconds
14.839: Total time for which application threads were stopped: 0.0000340 seconds, Stopping threads took: 0.0000200 seconds
14.840: Application time: 0.0003110 seconds
14.840: Total time for which application threads were stopped: 0.0000560 seconds, Stopping threads took: 0.0000130 seconds
14.840: Application time: 0.0007150 seconds
14.840: Total time for which application threads were stopped: 0.0001010 seconds, Stopping threads took: 0.0000810 seconds
14.841: Application time: 0.0007160 seconds
14.841: Total time for which application threads were stopped: 0.0000330 seconds, Stopping threads took: 0.0000220 seconds
14.922: Application time: 0.0809200 seconds
14.922: Total time for which application threads were stopped: 0.0001120 seconds, Stopping threads took: 0.0000660 seconds
14.923: Application time: 0.0006340 seconds
14.923: Total time for which application threads were stopped: 0.0000570 seconds, Stopping threads took: 0.0000440 seconds
14.923: Application time: 0.0004780 seconds
14.923: Total time for which application threads were stopped: 0.0000440 seconds, Stopping threads took: 0.0000330 seconds
15.164: Application time: 0.2405240 seconds
15.164: [Full GC [PSYoungGen: 25077K->12480K(28672K)] [ParOldGen: 62872K->62870K(64512K)] 87949K->75350K(93184K) [PSPermGen: 5130K->5130K(21504K)], 0.0206490 secs] [Times: user=0.13 sys=0.01, real=0.02 secs] 
15.185: Total time for which application threads were stopped: 0.0208370 seconds, Stopping threads took: 0.0000640 seconds
15.185: Application time: 0.0002090 seconds
15.186: Total time for which application threads were stopped: 0.0011110 seconds, Stopping threads took: 0.0010470 seconds
15.346: Application time: 0.1602320 seconds
15.346: Total time for which application threads were stopped: 0.0001390 seconds, Stopping threads took: 0.0001050 seconds
15.348: Application time: 0.0015890 seconds
15.348: [Full GC [PSYoungGen: 24961K->12847K(28672K)] [ParOldGen: 63004K->63004K(64512K)] 87965K->75851K(93184K) [PSPermGen: 5130K->5130K(21504K)], 0.0054560 secs] [Times: user=0.02 sys=0.00, real=0.00 secs] 
15.354: Total time for which application threads were stopped: 0.0056570 seconds, Stopping threads took: 0.0000930 seconds
15.510: Application time: 0.1560180 seconds
15.510: [Full GC [PSYoungGen: 25056K->10975K(28672K)] [ParOldGen: 65282K->64885K(65536K)] 90339K->75861K(94208K) [PSPermGen: 5131K->5131K(21504K)], 0.0054950 secs] [Times: user=0.02 sys=0.00, real=0.01 secs] 
15.515: Total time for which application threads were stopped: 0.0056660 seconds, Stopping threads took: 0.0000800 seconds
15.702: Application time: 0.1866110 seconds
15.702: [Full GC [PSYoungGen: 24977K->12595K(28672K)] [ParOldGen: 64885K->62870K(65536K)] 89862K->75465K(94208K) [PSPermGen: 5131K->5131K(21504K)], 0.0054200 secs] [Times: user=0.03 sys=0.00, real=0.01 secs] 
15.708: Total time for which application threads were stopped: 0.0055910 seconds, Stopping threads took: 0.0000800 seconds
15.864: Application time: 0.1566230 seconds
15.864: [Full GC [PSYoungGen: 24963K->13655K(28672K)] [ParOldGen: 62870K->62870K(65536K)] 87834K->76526K(94208K) [PSPermGen: 5131K->5131K(21504K)], 0.0057900 secs] [Times: user=0.03 sys=0.00, real=0.01 secs] 
15.870: Total time for which application threads were stopped: 0.0059550 seconds, Stopping threads took: 0.0000690 seconds
16.048: Application time: 0.1782560 seconds
16.049: Total time for which application threads were stopped: 0.0000950 seconds, Stopping threads took: 0.0000740 seconds
16.049: Application time: 0.0002120 seconds
16.049: [Full GC [PSYoungGen: 25078K->12396K(28672K)] [ParOldGen: 63068K->63068K(65536K)] 88147K->75465K(94208K) [PSPermGen: 5132K->5132K(21504K)], 0.0055540 secs] [Times: user=0.02 sys=0.00, real=0.01 secs] 
16.054: Total time for which application threads were stopped: 0.0056770 seconds, Stopping threads took: 0.0000420 seconds
16.206: Application time: 0.1514150 seconds
16.206: [Full GC [PSYoungGen: 25085K->10960K(28672K)] [ParOldGen: 65496K->65098K(65536K)] 90581K->76058K(94208K) [PSPermGen: 5132K->5132K(21504K)], 0.0053580 secs] [Times: user=0.02 sys=0.00, real=0.01 secs] 
16.211: Total time for which application threads were stopped: 0.0055310 seconds, Stopping threads took: 0.0000760 seconds
16.386: Application time: 0.1750620 seconds
16.387: [Full GC [PSYoungGen: 25079K->12930K(28672K)] [ParOldGen: 65098K->62870K(65536K)] 90177K->75800K(94208K) [PSPermGen: 5133K->5133K(21504K)], 0.0055700 secs] [Times: user=0.02 sys=0.01, real=0.00 secs] 
16.392: Total time for which application threads were stopped: 0.0057560 seconds, Stopping threads took: 0.0000860 seconds
16.625: Application time: 0.2326400 seconds
16.625: Total time for which application threads were stopped: 0.0001150 seconds, Stopping threads took: 0.0000930 seconds
16.626: Application time: 0.0008700 seconds
16.626: [Full GC [PSYoungGen: 25074K->12003K(28672K)] [ParOldGen: 63068K->63068K(65536K)] 88143K->75072K(94208K) [PSPermGen: 5133K->5133K(21504K)], 0.0052880 secs] [Times: user=0.02 sys=0.00, real=0.01 secs] 
16.631: Total time for which application threads were stopped: 0.0054110 seconds, Stopping threads took: 0.0000410 seconds
16.778: Application time: 0.1467960 seconds
16.778: [Full GC [PSYoungGen: 25086K->10980K(28672K)] [ParOldGen: 65504K->64290K(65536K)] 90591K->75271K(94208K) [PSPermGen: 5133K->5133K(21504K)], 0.0054170 secs] [Times: user=0.02 sys=0.00, real=0.00 secs] 
16.784: Total time for which application threads were stopped: 0.0055750 seconds, Stopping threads took: 0.0000710 seconds
16.962: Application time: 0.1780730 seconds
16.962: Total time for which application threads were stopped: 0.0001090 seconds, Stopping threads took: 0.0000740 seconds
16.963: Application time: 0.0012730 seconds
16.963: [Full GC [PSYoungGen: 25075K->11995K(28672K)] [ParOldGen: 64489K->63068K(65536K)] 89565K->75064K(94208K) [PSPermGen: 5133K->5133K(21504K)], 0.0052950 secs] [Times: user=0.02 sys=0.00, real=0.01 secs] 
16.968: Total time for which application threads were stopped: 0.0054320 seconds, Stopping threads took: 0.0000550 seconds
17.167: Application time: 0.1980630 seconds
17.167: [Full GC [PSYoungGen: 25074K->10963K(28672K)] [ParOldGen: 65494K->65296K(65536K)] 90569K->76259K(94208K) [PSPermGen: 5134K->5134K(21504K)], 0.0052870 secs] [Times: user=0.02 sys=0.00, real=0.00 secs] 
17.172: Total time for which application threads were stopped: 0.0054450 seconds, Stopping threads took: 0.0000710 seconds
17.328: Application time: 0.1557070 seconds
17.328: [Full GC [PSYoungGen: 24852K->12994K(28672K)] [ParOldGen: 65296K->62870K(65536K)] 90148K->75864K(94208K) [PSPermGen: 5134K->5134K(21504K)], 0.0054570 secs] [Times: user=0.03 sys=0.00, real=0.00 secs] 
17.333: Total time for which application threads were stopped: 0.0056200 seconds, Stopping threads took: 0.0000730 seconds
17.453: Application time: 0.1201200 seconds
17.454: [Full GC [PSYoungGen: 25040K->13191K(28672K)] [ParOldGen: 62870K->62870K(65536K)] 87910K->76061K(94208K) [PSPermGen: 5134K->5134K(21504K)], 0.0057500 secs] [Times: user=0.02 sys=0.00, real=0.01 secs] 
17.459: Total time for which application threads were stopped: 0.0059220 seconds, Stopping threads took: 0.0000790 seconds
17.609: Application time: 0.1501010 seconds
17.610: [Full GC [PSYoungGen: 24899K->13192K(28672K)] [ParOldGen: 62870K->62870K(65536K)] 87769K->76062K(94208K) [PSPermGen: 5135K->5135K(21504K)], 0.0056400 secs] [Times: user=0.02 sys=0.00, real=0.01 secs] 
17.615: Total time for which application threads were stopped: 0.0058080 seconds, Stopping threads took: 0.0000700 seconds
17.795: Application time: 0.1798920 seconds
17.795: Total time for which application threads were stopped: 0.0000910 seconds, Stopping threads took: 0.0000700 seconds
17.796: Application time: 0.0007630 seconds
17.796: [Full GC [PSYoungGen: 25037K->12787K(28672K)] [ParOldGen: 63274K->63274K(65536K)] 88311K->76062K(94208K) [PSPermGen: 5135K->5135K(21504K)], 0.0056290 secs] [Times: user=0.02 sys=0.00, real=0.00 secs] 
17.802: Total time for which application threads were stopped: 0.0057580 seconds, Stopping threads took: 0.0000430 seconds
17.958: Application time: 0.1560590 seconds
17.958: [Full GC [PSYoungGen: 25075K->11383K(28672K)] [ParOldGen: 65282K->64480K(65536K)] 90358K->75864K(94208K) [PSPermGen: 5135K->5135K(21504K)], 0.0055560 secs] [Times: user=0.02 sys=0.00, real=0.00 secs] 
17.964: Total time for which application threads were stopped: 0.0057640 seconds, Stopping threads took: 0.0000980 seconds
18.112: Application time: 0.1486440 seconds
18.112: [Full GC [PSYoungGen: 24859K->12994K(28672K)] [ParOldGen: 64480K->62870K(65536K)] 89339K->75864K(94208K) [PSPermGen: 5135K->5135K(21504K)], 0.0057400 secs] [Times: user=0.03 sys=0.00, real=0.01 secs] 
18.118: Total time for which application threads were stopped: 0.0059130 seconds, Stopping threads took: 0.0000730 seconds
18.272: Application time: 0.1533250 seconds
18.272: [Full GC [PSYoungGen: 24841K->12796K(28672K)] [ParOldGen: 62870K->62870K(65536K)] 87711K->75667K(94208K) [PSPermGen: 5135K->5135K(21504K)], 0.0056050 secs] [Times: user=0.02 sys=0.00, real=0.01 secs] 
18.277: Total time for which application threads were stopped: 0.0057780 seconds, Stopping threads took: 0.0000840 seconds
18.496: Application time: 0.2185280 seconds
18.496: [Full GC [PSYoungGen: 25048K->12599K(28672K)] [ParOldGen: 62870K->62870K(65536K)] 87918K->75469K(94208K) [PSPermGen: 5135K->5135K(21504K)], 0.0053960 secs] [Times: user=0.02 sys=0.00, real=0.00 secs] 
18.501: Total time for which application threads were stopped: 0.0055710 seconds, Stopping threads took: 0.0000880 seconds
18.619: Application time: 0.1177250 seconds
18.619: [Full GC [PSYoungGen: 25050K->13192K(28672K)] [ParOldGen: 62870K->62870K(65536K)] 87920K->76062K(94208K) [PSPermGen: 5135K->5135K(21504K)], 0.0054560 secs] [Times: user=0.02 sys=0.00, real=0.00 secs] 
18.625: Total time for which application threads were stopped: 0.0056230 seconds, Stopping threads took: 0.0000680 seconds
18.729: Application time: 0.1038820 seconds
18.729: [Full GC [PSYoungGen: 25032K->13389K(28672K)] [ParOldGen: 62870K->62870K(65536K)] 87902K->76260K(94208K) [PSPermGen: 5135K->5135K(21504K)], 0.0056080 secs] [Times: user=0.03 sys=0.00, real=0.01 secs] 
18.734: Total time for which application threads were stopped: 0.0058130 seconds, Stopping threads took: 0.0001140 seconds
18.879: Application time: 0.1445290 seconds
18.879: [Full GC [PSYoungGen: 24963K->13660K(28672K)] [ParOldGen: 62870K->62870K(65536K)] 87833K->76530K(94208K) [PSPermGen: 5135K->5135K(21504K)], 0.0054860 secs] [Times: user=0.03 sys=0.01, real=0.00 secs] 
18.885: Total time for which application threads were stopped: 0.0056390 seconds, Stopping threads took: 0.0000680 seconds
19.077: Application time: 0.1919230 seconds
19.077: [Full GC [PSYoungGen: 25028K->13192K(28672K)] [ParOldGen: 62870K->62870K(65536K)] 87898K->76062K(94208K) [PSPermGen: 5135K->5135K(21504K)], 0.0058200 secs] [Times: user=0.02 sys=0.00, real=0.00 secs] 
19.083: Total time for which application threads were stopped: 0.0059840 seconds, Stopping threads took: 0.0000730 seconds
19.187: Application time: 0.1043390 seconds
19.187: [Full GC [PSYoungGen: 24836K->13390K(28672K)] [ParOldGen: 62870K->62870K(65536K)] 87706K->76260K(94208K) [PSPermGen: 5135K->5135K(21504K)], 0.0056690 secs] [Times: user=0.03 sys=0.00, real=0.00 secs] 
19.193: Total time for which application threads were stopped: 0.0058370 seconds, Stopping threads took: 0.0000710 seconds
19.333: Application time: 0.1406700 seconds
19.334: [Full GC [PSYoungGen: 24831K->12995K(28672K)] [ParOldGen: 62870K->62870K(65536K)] 87701K->75865K(94208K) [PSPermGen: 5135K->5135K(21504K)], 0.0055240 secs] [Times: user=0.02 sys=0.00, real=0.01 secs] 
19.339: Total time for which application threads were stopped: 0.0057040 seconds, Stopping threads took: 0.0000900 seconds
19.493: Application time: 0.1540860 seconds
19.493: [Full GC [PSYoungGen: 25042K->12995K(28672K)] [ParOldGen: 62870K->62870K(65536K)] 87912K->75865K(94208K) [PSPermGen: 5136K->5136K(21504K)], 0.0056840 secs] [Times: user=0.02 sys=0.00, real=0.01 secs] 
19.499: Total time for which application threads were stopped: 0.0058510 seconds, Stopping threads took: 0.0000710 seconds
19.664: Application time: 0.1646760 seconds
19.664: [Full GC [PSYoungGen: 25048K->12797K(28672K)] [ParOldGen: 62870K->62870K(65536K)] 87918K->75667K(94208K) [PSPermGen: 5136K->5136K(21504K)], 0.0056570 secs] [Times: user=0.02 sys=0.00, real=0.01 secs] 
19.670: Total time for which application threads were stopped: 0.0058180 seconds, Stopping threads took: 0.0000720 seconds
19.816: Application time: 0.1459980 seconds
19.816: [Full GC [PSYoungGen: 24842K->12995K(28672K)] [ParOldGen: 62870K->62870K(65536K)] 87712K->75865K(94208K) [PSPermGen: 5136K->5136K(21504K)], 0.0056480 secs] [Times: user=0.02 sys=0.00, real=0.00 secs] 
19.821: Total time for which application threads were stopped: 0.0058170 seconds, Stopping threads took: 0.0000750 seconds
19.954: Application time: 0.1330990 seconds
19.955: Total time for which application threads were stopped: 0.0001020 seconds, Stopping threads took: 0.0000780 seconds
19.956: Application time: 0.0019210 seconds
19.957: [Full GC [PSYoungGen: 24976K->12518K(28672K)] [ParOldGen: 63139K->63139K(65536K)] 88116K->75658K(94208K) [PSPermGen: 5136K->5136K(21504K)], 0.0057860 secs] [Times: user=0.02 sys=0.00, real=0.00 secs] 
19.962: Total time for which application threads were stopped: 0.0059050 seconds, Stopping threads took: 0.0000350 seconds
20.126: Application time: 0.1637440 seconds
20.126: [Full GC [PSYoungGen: 25088K->11556K(28672K)] [ParOldGen: 64036K->63716K(65536K)] 89124K->75272K(94208K) [PSPermGen: 5136K->5136K(21504K)], 0.0053230 secs] [Times: user=0.03 sys=0.00, real=0.00 secs] 
20.132: Total time for which application threads were stopped: 0.0054820 seconds, Stopping threads took: 0.0000700 seconds
20.326: Application time: 0.1939130 seconds
20.326: [Full GC [PSYoungGen: 24964K->13632K(28672K)] [ParOldGen: 63716K->62898K(65536K)] 88680K->76530K(94208K) [PSPermGen: 5138K->5138K(21504K)], 0.0056370 secs] [Times: user=0.02 sys=0.00, real=0.01 secs] 
20.331: Total time for which application threads were stopped: 0.0057890 seconds, Stopping threads took: 0.0000550 seconds
20.454: Application time: 0.1222840 seconds
20.454: [Full GC [PSYoungGen: 25004K->13165K(28672K)] [ParOldGen: 62898K->62898K(65536K)] 87902K->76063K(94208K) [PSPermGen: 5138K->5138K(21504K)], 0.0056800 secs] [Times: user=0.03 sys=0.00, real=0.01 secs] 
20.459: Total time for which application threads were stopped: 0.0058440 seconds, Stopping threads took: 0.0000770 seconds
20.591: Application time: 0.1317420 seconds
20.591: [Full GC [PSYoungGen: 25083K->13039K(28672K)] [ParOldGen: 62898K->62898K(65536K)] 87982K->75937K(94208K) [PSPermGen: 5139K->5139K(21504K)], 0.0055130 secs] [Times: user=0.03 sys=0.00, real=0.01 secs] 
20.597: Total time for which application threads were stopped: 0.0056790 seconds, Stopping threads took: 0.0000740 seconds
20.751: Application time: 0.1542700 seconds
20.751: [Full GC [PSYoungGen: 25086K->13237K(28672K)] [ParOldGen: 62898K->62898K(65536K)] 87985K->76135K(94208K) [PSPermGen: 5145K->5145K(21504K)], 0.0057720 secs] [Times: user=0.03 sys=0.00, real=0.01 secs] 
20.757: Total time for which application threads were stopped: 0.0059440 seconds, Stopping threads took: 0.0000850 seconds
20.933: Application time: 0.1761440 seconds
20.933: Total time for which application threads were stopped: 0.0001000 seconds, Stopping threads took: 0.0000720 seconds
20.936: Application time: 0.0023830 seconds
20.936: [Full GC [PSYoungGen: 25021K->12365K(28672K)] [ParOldGen: 63302K->63302K(65536K)] 88324K->75668K(94208K) [PSPermGen: 5145K->5145K(21504K)], 0.0054530 secs] [Times: user=0.03 sys=0.00, real=0.00 secs] 
20.941: Total time for which application threads were stopped: 0.0055780 seconds, Stopping threads took: 0.0000450 seconds
21.099: Application time: 0.1580200 seconds
21.099: [Full GC [PSYoungGen: 25088K->12149K(28672K)] [ParOldGen: 65269K->64111K(65536K)] 90357K->76261K(94208K) [PSPermGen: 5145K->5145K(21504K)], 0.0055600 secs] [Times: user=0.03 sys=0.00, real=0.00 secs] 
21.105: Total time for which application threads were stopped: 0.0057460 seconds, Stopping threads took: 0.0000920 seconds
21.245: Application time: 0.1403170 seconds
21.246: [Full GC [PSYoungGen: 25085K->9797K(28672K)] [ParOldGen: 64111K->65342K(65536K)] 89197K->75139K(94208K) [PSPermGen: 5145K->5145K(21504K)], 0.0213910 secs] [Times: user=0.14 sys=0.00, real=0.03 secs] 
21.267: Total time for which application threads were stopped: 0.0215650 seconds, Stopping threads took: 0.0000800 seconds
21.442: Application time: 0.1746090 seconds
21.442: [Full GC [PSYoungGen: 24966K->10023K(28672K)] [ParOldGen: 65342K->65313K(65536K)] 90309K->75337K(94208K) [PSPermGen: 5145K->5145K(21504K)], 0.0050200 secs] [Times: user=0.02 sys=0.00, real=0.01 secs] 
21.447: Total time for which application threads were stopped: 0.0051980 seconds, Stopping threads took: 0.0000770 seconds
21.687: Application time: 0.2405170 seconds
21.687: [Full GC [PSYoungGen: 25077K->9161K(28672K)] [ParOldGen: 65313K->65313K(65536K)] 90391K->74474K(94208K) [PSPermGen: 5145K->5145K(21504K)], 0.0047170 secs] [Times: user=0.02 sys=0.00, real=0.00 secs] 
21.692: Total time for which application threads were stopped: 0.0048880 seconds, Stopping threads took: 0.0000830 seconds
21.850: Application time: 0.1581490 seconds
21.850: [Full GC [PSYoungGen: 24877K->9358K(28672K)] [ParOldGen: 65313K->65313K(65536K)] 90191K->74672K(94208K) [PSPermGen: 5145K->5145K(21504K)], 0.0048550 secs] [Times: user=0.02 sys=0.00, real=0.01 secs] 
21.855: Total time for which application threads were stopped: 0.0050180 seconds, Stopping threads took: 0.0000760 seconds
22.037: Application time: 0.1820330 seconds
22.037: [Full GC [PSYoungGen: 25075K->9358K(28672K)] [ParOldGen: 65313K->65313K(65536K)] 90389K->74672K(94208K) [PSPermGen: 5145K->5145K(21504K)], 0.0047130 secs] [Times: user=0.01 sys=0.00, real=0.00 secs] 
22.042: Total time for which application threads were stopped: 0.0048800 seconds, Stopping threads took: 0.0000720 seconds
22.284: Application time: 0.2420320 seconds
22.284: [Full GC [PSYoungGen: 24877K->9358K(28672K)] [ParOldGen: 65313K->65313K(65536K)] 90191K->74672K(94208K) [PSPermGen: 5145K->5145K(21504K)], 0.0049020 secs] [Times: user=0.02 sys=0.00, real=0.01 secs] 
22.289: Total time for which application threads were stopped: 0.0050730 seconds, Stopping threads took: 0.0000840 seconds
22.440: Application time: 0.1503880 seconds
22.440: Total time for which application threads were stopped: 0.0000910 seconds, Stopping threads took: 0.0000710 seconds
22.440: Application time: 0.0001670 seconds
22.440: [Full GC [PSYoungGen: 24875K->8954K(28672K)] [ParOldGen: 65313K->65313K(65536K)] 90189K->74268K(94208K) [PSPermGen: 5145K->5145K(21504K)], 0.0044160 secs] [Times: user=0.02 sys=0.00, real=0.00 secs] 
22.445: Total time for which application threads were stopped: 0.0045270 seconds, Stopping threads took: 0.0000330 seconds
22.635: Application time: 0.1901620 seconds
22.635: Total time for which application threads were stopped: 0.0000960 seconds, Stopping threads took: 0.0000660 seconds
22.636: Application time: 0.0008570 seconds
22.636: [Full GC [PSYoungGen: 25066K->7938K(28672K)] [ParOldGen: 65512K->65512K(65536K)] 90579K->73450K(94208K) [PSPermGen: 5146K->5146K(21504K)], 0.0043890 secs] [Times: user=0.02 sys=0.00, real=0.00 secs] 
22.640: Total time for which application threads were stopped: 0.0044910 seconds, Stopping threads took: 0.0000250 seconds
22.890: Application time: 0.2500270 seconds
22.890: [Full GC [PSYoungGen: 25034K->9026K(28672K)] [ParOldGen: 65512K->65313K(65536K)] 90546K->74340K(94208K) [PSPermGen: 5146K->5146K(21504K)], 0.0045990 secs] [Times: user=0.02 sys=0.00, real=0.01 secs] 
22.895: Total time for which application threads were stopped: 0.0047610 seconds, Stopping threads took: 0.0000770 seconds
23.049: Application time: 0.1536800 seconds
23.049: [Full GC [PSYoungGen: 25088K->9359K(28672K)] [ParOldGen: 65313K->65313K(65536K)] 90401K->74673K(94208K) [PSPermGen: 5146K->5146K(21504K)], 0.0046230 secs] [Times: user=0.02 sys=0.00, real=0.00 secs] 
23.053: Total time for which application threads were stopped: 0.0047910 seconds, Stopping threads took: 0.0000720 seconds
23.236: Application time: 0.1827290 seconds
23.236: Total time for which application threads were stopped: 0.0001000 seconds, Stopping threads took: 0.0000710 seconds
23.237: Application time: 0.0005640 seconds
23.237: [Full GC [PSYoungGen: 25078K->9350K(28672K)] [ParOldGen: 65313K->65313K(65536K)] 90392K->74664K(94208K) [PSPermGen: 5146K->5146K(21504K)], 0.0046540 secs] [Times: user=0.01 sys=0.00, real=0.00 secs] 
23.242: Total time for which application threads were stopped: 0.0048000 seconds, Stopping threads took: 0.0000650 seconds
23.492: Application time: 0.2499490 seconds
23.492: Total time for which application threads were stopped: 0.0001050 seconds, Stopping threads took: 0.0000860 seconds
23.492: Application time: 0.0000530 seconds
23.492: [Full GC [PSYoungGen: 25088K->8558K(28672K)] [ParOldGen: 65512K->65512K(65536K)] 90600K->74071K(94208K) [PSPermGen: 5146K->5146K(21504K)], 0.0045080 secs] [Times: user=0.02 sys=0.00, real=0.01 secs] 
23.496: Total time for which application threads were stopped: 0.0046140 seconds, Stopping threads took: 0.0000310 seconds
23.652: Application time: 0.1561400 seconds
23.653: Total time for which application threads were stopped: 0.0000990 seconds, Stopping threads took: 0.0000750 seconds
23.654: Application time: 0.0009930 seconds
23.654: [Full GC [PSYoungGen: 24959K->8622K(28672K)] [ParOldGen: 65512K->65313K(65536K)] 90472K->73936K(94208K) [PSPermGen: 5146K->5146K(21504K)], 0.0044660 secs] [Times: user=0.01 sys=0.00, real=0.01 secs] 
23.658: Total time for which application threads were stopped: 0.0045730 seconds, Stopping threads took: 0.0000290 seconds
23.841: Application time: 0.1832530 seconds
23.842: Total time for which application threads were stopped: 0.0000950 seconds, Stopping threads took: 0.0000670 seconds
23.842: Application time: 0.0009620 seconds
23.843: [Full GC [PSYoungGen: 24982K->8955K(28672K)] [ParOldGen: 65313K->65313K(65536K)] 90295K->74269K(94208K) [PSPermGen: 5147K->5147K(21504K)], 0.0044790 secs] [Times: user=0.02 sys=0.00, real=0.01 secs] 
23.847: Total time for which application threads were stopped: 0.0045920 seconds, Stopping threads took: 0.0000360 seconds
24.088: Application time: 0.2412660 seconds
24.088: [Full GC [PSYoungGen: 25048K->9161K(28672K)] [ParOldGen: 65512K->65512K(65536K)] 90560K->74673K(94208K) [PSPermGen: 5147K->5147K(21504K)], 0.0048670 secs] [Times: user=0.01 sys=0.00, real=0.00 secs] 
24.093: Total time for which application threads were stopped: 0.0050350 seconds, Stopping threads took: 0.0000760 seconds
24.253: Application time: 0.1597900 seconds
24.253: Total time for which application threads were stopped: 0.0000970 seconds, Stopping threads took: 0.0000770 seconds
24.253: Application time: 0.0001340 seconds
24.253: [Full GC [PSYoungGen: 25085K->8956K(28672K)] [ParOldGen: 65520K->65321K(65536K)] 90606K->74278K(94208K) [PSPermGen: 5147K->5147K(21504K)], 0.0046440 secs] [Times: user=0.02 sys=0.00, real=0.01 secs] 
24.258: Total time for which application threads were stopped: 0.0047630 seconds, Stopping threads took: 0.0000410 seconds
24.446: Application time: 0.1876070 seconds
24.446: [Full GC [PSYoungGen: 25088K->8963K(28672K)] [ParOldGen: 65520K->65512K(65536K)] 90608K->74476K(94208K) [PSPermGen: 5147K->5147K(21504K)], 0.0046290 secs] [Times: user=0.02 sys=0.00, real=0.01 secs] 
24.451: Total time for which application threads were stopped: 0.0048040 seconds, Stopping threads took: 0.0000770 seconds
24.672: Application time: 0.2210380 seconds
24.672: [Full GC [PSYoungGen: 25077K->9952K(28672K)] [ParOldGen: 65512K->65313K(65536K)] 90590K->75266K(94208K) [PSPermGen: 5147K->5147K(21504K)], 0.0049990 secs] [Times: user=0.02 sys=0.00, real=0.01 secs] 
24.677: Total time for which application threads were stopped: 0.0051680 seconds, Stopping threads took: 0.0000770 seconds
24.841: Application time: 0.1638040 seconds
24.841: [Full GC [PSYoungGen: 25064K->9557K(28672K)] [ParOldGen: 65313K->65313K(65536K)] 90378K->74871K(94208K) [PSPermGen: 5147K->5147K(21504K)], 0.0048370 secs] [Times: user=0.01 sys=0.00, real=0.00 secs] 
24.846: Total time for which application threads were stopped: 0.0050140 seconds, Stopping threads took: 0.0000750 seconds
25.025: Application time: 0.1797860 seconds
25.026: [Full GC [PSYoungGen: 24961K->9162K(28672K)] [ParOldGen: 65313K->65313K(65536K)] 90275K->74476K(94208K) [PSPermGen: 5148K->5148K(21504K)], 0.0046580 secs] [Times: user=0.02 sys=0.00, real=0.01 secs] 
25.030: Total time for which application threads were stopped: 0.0048460 seconds, Stopping threads took: 0.0000900 seconds
25.225: Application time: 0.1947130 seconds
25.225: Total time for which application threads were stopped: 0.0000960 seconds, Stopping threads took: 0.0000750 seconds
25.226: Application time: 0.0010160 seconds
25.226: [Full GC [PSYoungGen: 24875K->8560K(28672K)] [ParOldGen: 65313K->65313K(65536K)] 90189K->73874K(94208K) [PSPermGen: 5148K->5148K(21504K)], 0.0045260 secs] [Times: user=0.01 sys=0.00, real=0.00 secs] 
25.231: Total time for which application threads were stopped: 0.0046410 seconds, Stopping threads took: 0.0000370 seconds
25.415: Application time: 0.1847010 seconds
25.416: [Full GC [PSYoungGen: 25080K->9360K(28672K)] [ParOldGen: 65321K->65313K(65536K)] 90401K->74674K(94208K) [PSPermGen: 5148K->5148K(21504K)], 0.0049980 secs] [Times: user=0.02 sys=0.00, real=0.00 secs] 
25.421: Total time for which application threads were stopped: 0.0051720 seconds, Stopping threads took: 0.0000820 seconds
25.594: Application time: 0.1734780 seconds
25.594: [Full GC [PSYoungGen: 25070K->9953K(28672K)] [ParOldGen: 65313K->65313K(65536K)] 90384K->75267K(94208K) [PSPermGen: 5148K->5148K(21504K)], 0.0049820 secs] [Times: user=0.02 sys=0.00, real=0.00 secs] 
25.599: Total time for which application threads were stopped: 0.0051510 seconds, Stopping threads took: 0.0000730 seconds
25.795: Application time: 0.1962370 seconds
25.796: [Full GC [PSYoungGen: 25068K->9558K(28672K)] [ParOldGen: 65313K->65313K(65536K)] 90381K->74871K(94208K) [PSPermGen: 5148K->5148K(21504K)], 0.0049910 secs] [Times: user=0.02 sys=0.00, real=0.00 secs] 
25.801: Total time for which application threads were stopped: 0.0051540 seconds, Stopping threads took: 0.0000740 seconds
26.002: Application time: 0.2016980 seconds
26.002: Total time for which application threads were stopped: 0.0000810 seconds, Stopping threads took: 0.0000550 seconds
26.003: Application time: 0.0008600 seconds
26.003: [Full GC [PSYoungGen: 25088K->8740K(28672K)] [ParOldGen: 65512K->65313K(65536K)] 90600K->74054K(94208K) [PSPermGen: 5148K->5148K(21504K)], 0.0043600 secs] [Times: user=0.02 sys=0.00, real=0.01 secs] 
26.008: Total time for which application threads were stopped: 0.0044680 seconds, Stopping threads took: 0.0000290 seconds
26.171: Application time: 0.1633860 seconds
26.171: [Full GC [PSYoungGen: 24947K->9755K(28672K)] [ParOldGen: 65313K->65313K(65536K)] 90261K->75069K(94208K) [PSPermGen: 5148K->5148K(21504K)], 0.0047360 secs] [Times: user=0.02 sys=0.00, real=0.01 secs] 
26.176: Total time for which application threads were stopped: 0.0048970 seconds, Stopping threads took: 0.0000650 seconds
26.351: Application time: 0.1754880 seconds
26.352: [Full GC [PSYoungGen: 25047K->9756K(28672K)] [ParOldGen: 65313K->65313K(65536K)] 90361K->75070K(94208K) [PSPermGen: 5148K->5148K(21504K)], 0.0048660 secs] [Times: user=0.02 sys=0.00, real=0.01 secs] 
26.357: Total time for which application threads were stopped: 0.0050280 seconds, Stopping threads took: 0.0000730 seconds
26.594: Application time: 0.2377210 seconds
26.594: [Full GC [PSYoungGen: 24868K->9361K(28672K)] [ParOldGen: 65313K->65313K(65536K)] 90182K->74675K(94208K) [PSPermGen: 5148K->5148K(21504K)], 0.0047950 secs] [Times: user=0.02 sys=0.00, real=0.00 secs] 
26.599: Total time for which application threads were stopped: 0.0049570 seconds, Stopping threads took: 0.0000750 seconds
26.753: Application time: 0.1541000 seconds
26.753: [Full GC [PSYoungGen: 25077K->9558K(28672K)] [ParOldGen: 65313K->65313K(65536K)] 90391K->74872K(94208K) [PSPermGen: 5148K->5148K(21504K)], 0.0048380 secs] [Times: user=0.02 sys=0.00, real=0.01 secs] 
26.758: Total time for which application threads were stopped: 0.0050100 seconds, Stopping threads took: 0.0000650 seconds
26.938: Application time: 0.1794110 seconds
26.938: [Full GC [PSYoungGen: 25078K->9163K(28672K)] [ParOldGen: 65313K->65313K(65536K)] 90392K->74477K(94208K) [PSPermGen: 5149K->5149K(21504K)], 0.0047370 secs] [Times: user=0.02 sys=0.00, real=0.00 secs] 
26.943: Total time for which application threads were stopped: 0.0049080 seconds, Stopping threads took: 0.0000800 seconds
27.179: Application time: 0.2368500 seconds
27.180: [Full GC [PSYoungGen: 24954K->9433K(28672K)] [ParOldGen: 65313K->65313K(65536K)] 90268K->74746K(94208K) [PSPermGen: 5149K->5149K(21504K)], 0.0051480 secs] [Times: user=0.02 sys=0.00, real=0.00 secs] 
27.185: Total time for which application threads were stopped: 0.0053070 seconds, Stopping threads took: 0.0000730 seconds
27.348: Application time: 0.1629340 seconds
27.348: Total time for which application threads were stopped: 0.0000930 seconds, Stopping threads took: 0.0000660 seconds
27.350: Application time: 0.0020480 seconds
27.350: [Full GC [PSYoungGen: 24880K->9154K(28672K)] [ParOldGen: 65313K->65313K(65536K)] 90194K->74468K(94208K) [PSPermGen: 5149K->5149K(21504K)], 0.0045590 secs] [Times: user=0.01 sys=0.01, real=0.01 secs] 
27.355: Total time for which application threads were stopped: 0.0046780 seconds, Stopping threads took: 0.0000370 seconds
27.535: Application time: 0.1804160 seconds
27.535: [Full GC [PSYoungGen: 25088K->9333K(28672K)] [ParOldGen: 65366K->65342K(65536K)] 90454K->74675K(94208K) [PSPermGen: 5149K->5149K(21504K)], 0.0047000 secs] [Times: user=0.02 sys=0.00, real=0.00 secs] 
27.540: Total time for which application threads were stopped: 0.0048500 seconds, Stopping threads took: 0.0000630 seconds
27.779: Application time: 0.2394350 seconds
27.779: Total time for which application threads were stopped: 0.0001220 seconds, Stopping threads took: 0.0000980 seconds
27.781: Application time: 0.0017240 seconds
27.781: [Full GC [PSYoungGen: 25062K->8731K(28672K)] [ParOldGen: 65342K->65342K(65536K)] 90405K->74073K(94208K) [PSPermGen: 5149K->5149K(21504K)], 0.0044880 secs] [Times: user=0.01 sys=0.00, real=0.00 secs] 
27.786: Total time for which application threads were stopped: 0.0046150 seconds, Stopping threads took: 0.0000430 seconds
27.939: Application time: 0.1530870 seconds
27.939: Total time for which application threads were stopped: 0.0000970 seconds, Stopping threads took: 0.0000720 seconds
27.942: Application time: 0.0030640 seconds
27.942: [Full GC [PSYoungGen: 24854K->9126K(28672K)] [ParOldGen: 65342K->65342K(65536K)] 90196K->74468K(94208K) [PSPermGen: 5150K->5150K(21504K)], 0.0046730 secs] [Times: user=0.02 sys=0.00, real=0.01 secs] 
27.947: Total time for which application threads were stopped: 0.0047830 seconds, Stopping threads took: 0.0000330 seconds
28.133: Application time: 0.1861900 seconds
28.133: [Full GC [PSYoungGen: 24854K->8938K(28672K)] [ParOldGen: 65342K->65342K(65536K)] 90196K->74280K(94208K) [PSPermGen: 5151K->5151K(21504K)], 0.0046560 secs] [Times: user=0.01 sys=0.00, real=0.01 secs] 
28.138: Total time for which application threads were stopped: 0.0048120 seconds, Stopping threads took: 0.0000690 seconds
28.376: Application time: 0.2383260 seconds
28.376: [Full GC [PSYoungGen: 25063K->9135K(28672K)] [ParOldGen: 65342K->65342K(65536K)] 90405K->74477K(94208K) [PSPermGen: 5151K->5151K(21504K)], 0.0046390 secs] [Times: user=0.02 sys=0.00, real=0.00 secs] 
28.381: Total time for which application threads were stopped: 0.0047930 seconds, Stopping threads took: 0.0000670 seconds
28.536: Application time: 0.1547180 seconds
28.536: [Full GC [PSYoungGen: 24854K->9531K(28672K)] [ParOldGen: 65342K->65342K(65536K)] 90196K->74873K(94208K) [PSPermGen: 5151K->5151K(21504K)], 0.0048660 secs] [Times: user=0.02 sys=0.00, real=0.00 secs] 
28.541: Total time for which application threads were stopped: 0.0050310 seconds, Stopping threads took: 0.0000720 seconds
28.722: Application time: 0.1808740 seconds
28.722: [Full GC [PSYoungGen: 25056K->9531K(28672K)] [ParOldGen: 65342K->65342K(65536K)] 90399K->74873K(94208K) [PSPermGen: 5151K->5151K(21504K)], 0.0047690 secs] [Times: user=0.02 sys=0.00, real=0.01 secs] 
28.726: Total time for which application threads were stopped: 0.0049320 seconds, Stopping threads took: 0.0000720 seconds
28.938: Application time: 0.2117110 seconds
28.938: [Full GC [PSYoungGen: 24902K->9362K(28672K)] [ParOldGen: 65342K->65313K(65536K)] 90244K->74676K(94208K) [PSPermGen: 5151K->5151K(21504K)], 0.0046590 secs] [Times: user=0.01 sys=0.00, real=0.00 secs] 
28.943: Total time for which application threads were stopped: 0.0048300 seconds, Stopping threads took: 0.0000860 seconds
29.099: Application time: 0.1562410 seconds
29.099: [Full GC [PSYoungGen: 24879K->9164K(28672K)] [ParOldGen: 65313K->65313K(65536K)] 90193K->74478K(94208K) [PSPermGen: 5151K->5151K(21504K)], 0.0047260 secs] [Times: user=0.02 sys=0.00, real=0.00 secs] 
29.104: Total time for which application threads were stopped: 0.0048970 seconds, Stopping threads took: 0.0000740 seconds
29.271: Application time: 0.1670660 seconds
29.271: [Full GC [PSYoungGen: 25079K->9560K(28672K)] [ParOldGen: 65313K->65313K(65536K)] 90393K->74874K(94208K) [PSPermGen: 5151K->5151K(21504K)], 0.0047420 secs] [Times: user=0.01 sys=0.00, real=0.01 secs] 
29.276: Total time for which application threads were stopped: 0.0049170 seconds, Stopping threads took: 0.0000860 seconds
29.499: Application time: 0.2233400 seconds
29.500: [Full GC [PSYoungGen: 25085K->9560K(28672K)] [ParOldGen: 65313K->65313K(65536K)] 90399K->74874K(94208K) [PSPermGen: 5151K->5151K(21504K)], 0.0047350 secs] [Times: user=0.02 sys=0.01, real=0.00 secs] 
29.504: Total time for which application threads were stopped: 0.0049080 seconds, Stopping threads took: 0.0000820 seconds
29.676: Application time: 0.1717490 seconds
29.676: [Full GC [PSYoungGen: 25070K->9955K(28672K)] [ParOldGen: 65313K->65313K(65536K)] 90384K->75269K(94208K) [PSPermGen: 5151K->5151K(21504K)], 0.0047120 secs] [Times: user=0.02 sys=0.00, real=0.00 secs] 
29.681: Total time for which application threads were stopped: 0.0048900 seconds, Stopping threads took: 0.0000820 seconds
29.848: Application time: 0.1666020 seconds
29.848: [Full GC [PSYoungGen: 24946K->9757K(28672K)] [ParOldGen: 65313K->65313K(65536K)] 90259K->75071K(94208K) [PSPermGen: 5151K->5151K(21504K)], 0.0049210 secs] [Times: user=0.02 sys=0.00, real=0.00 secs] 
29.853: Total time for which application threads were stopped: 0.0050910 seconds, Stopping threads took: 0.0000810 seconds
30.038: Application time: 0.1851770 seconds
30.038: [Full GC [PSYoungGen: 24840K->9956K(28672K)] [ParOldGen: 65313K->65313K(65536K)] 90154K->75269K(94208K) [PSPermGen: 5151K->5151K(21504K)], 0.0049530 secs] [Times: user=0.02 sys=0.00, real=0.00 secs] 
30.043: Total time for which application threads were stopped: 0.0051410 seconds, Stopping threads took: 0.0000990 seconds
30.263: Application time: 0.2199840 seconds
30.263: [Full GC [PSYoungGen: 25070K->9363K(28672K)] [ParOldGen: 65313K->65313K(65536K)] 90384K->74676K(94208K) [PSPermGen: 5151K->5151K(21504K)], 0.0049300 secs] [Times: user=0.01 sys=0.00, real=0.01 secs] 
30.268: Total time for which application threads were stopped: 0.0050930 seconds, Stopping threads took: 0.0000670 seconds
30.439: Application time: 0.1706620 seconds
30.439: [Full GC [PSYoungGen: 24882K->9363K(28672K)] [ParOldGen: 65313K->65313K(65536K)] 90195K->74676K(94208K) [PSPermGen: 5151K->5151K(21504K)], 0.0047490 secs] [Times: user=0.01 sys=0.00, real=0.00 secs] 
30.444: Total time for which application threads were stopped: 0.0049650 seconds, Stopping threads took: 0.0001030 seconds
30.620: Application time: 0.1766320 seconds
30.620: Total time for which application threads were stopped: 0.0001060 seconds, Stopping threads took: 0.0000850 seconds
30.621: Application time: 0.0000810 seconds
30.621: [Full GC [PSYoungGen: 24873K->9551K(28672K)] [ParOldGen: 65313K->65313K(65536K)] 90186K->74865K(94208K) [PSPermGen: 5151K->5151K(21504K)], 0.0046590 secs] [Times: user=0.01 sys=0.00, real=0.00 secs] 
30.625: Total time for which application threads were stopped: 0.0047750 seconds, Stopping threads took: 0.0000290 seconds
30.845: Application time: 0.2201390 seconds
30.846: [Full GC [PSYoungGen: 24861K->9758K(28672K)] [ParOldGen: 65313K->65313K(65536K)] 90175K->75072K(94208K) [PSPermGen: 5151K->5151K(21504K)], 0.0047910 secs] [Times: user=0.02 sys=0.01, real=0.01 secs] 
30.850: Total time for which application threads were stopped: 0.0049660 seconds, Stopping threads took: 0.0000830 seconds
31.013: Application time: 0.1625870 seconds
31.013: [Full GC [PSYoungGen: 24871K->9363K(28672K)] [ParOldGen: 65313K->65313K(65536K)] 90185K->74676K(94208K) [PSPermGen: 5151K->5151K(21504K)], 0.0047300 secs] [Times: user=0.02 sys=0.00, real=0.01 secs] 
31.018: Total time for which application threads were stopped: 0.0048980 seconds, Stopping threads took: 0.0000780 seconds
31.208: Application time: 0.1904400 seconds
31.208: Total time for which application threads were stopped: 0.0000750 seconds, Stopping threads took: 0.0000550 seconds
31.210: Application time: 0.0012090 seconds
31.210: [Full GC [PSYoungGen: 25046K->9228K(28672K)] [ParOldGen: 65448K->65448K(65536K)] 90495K->74677K(94208K) [PSPermGen: 5151K->5151K(21504K)], 0.0045990 secs] [Times: user=0.02 sys=0.00, real=0.01 secs] 
31.214: Total time for which application threads were stopped: 0.0047110 seconds, Stopping threads took: 0.0000330 seconds
31.450: Application time: 0.2360520 seconds
31.451: [Full GC [PSYoungGen: 25054K->9299K(28672K)] [ParOldGen: 65512K->65377K(65536K)] 90566K->74677K(94208K) [PSPermGen: 5151K->5151K(21504K)], 0.0046940 secs] [Times: user=0.02 sys=0.00, real=0.01 secs] 
31.455: Total time for which application threads were stopped: 0.0048660 seconds, Stopping threads took: 0.0000720 seconds
31.622: Application time: 0.1666580 seconds
31.622: [Full GC [PSYoungGen: 25025K->9165K(28672K)] [ParOldGen: 65377K->65313K(65536K)] 90403K->74479K(94208K) [PSPermGen: 5151K->5151K(21504K)], 0.0047500 secs] [Times: user=0.01 sys=0.00, real=0.01 secs] 
31.627: Total time for which application threads were stopped: 0.0049210 seconds, Stopping threads took: 0.0000800 seconds
31.805: Application time: 0.1777520 seconds
31.805: [Full GC [PSYoungGen: 25081K->9364K(28672K)] [ParOldGen: 65313K->65313K(65536K)] 90395K->74678K(94208K) [PSPermGen: 5151K->5151K(21504K)], 0.0046600 secs] [Times: user=0.02 sys=0.00, real=0.01 secs] 
31.809: Total time for which application threads were stopped: 0.0048180 seconds, Stopping threads took: 0.0000730 seconds
32.030: Application time: 0.2207030 seconds
32.030: [Full GC [PSYoungGen: 25085K->9355K(28672K)] [ParOldGen: 65313K->65313K(65536K)] 90399K->74669K(94208K) [PSPermGen: 5151K->5151K(21504K)], 0.0048000 secs] [Times: user=0.02 sys=0.00, real=0.01 secs] 
32.035: Total time for which application threads were stopped: 0.0049730 seconds, Stopping threads took: 0.0000750 seconds
32.192: Application time: 0.1566870 seconds
32.192: [Full GC [PSYoungGen: 25069K->9956K(28672K)] [ParOldGen: 65313K->65313K(65536K)] 90383K->75270K(94208K) [PSPermGen: 5151K->5151K(21504K)], 0.0048550 secs] [Times: user=0.02 sys=0.00, real=0.01 secs] 
32.197: Total time for which application threads were stopped: 0.0050130 seconds, Stopping threads took: 0.0000660 seconds
32.378: Application time: 0.1816400 seconds
32.379: [Full GC [PSYoungGen: 24834K->9561K(28672K)] [ParOldGen: 65313K->65313K(65536K)] 90147K->74875K(94208K) [PSPermGen: 5151K->5151K(21504K)], 0.0048570 secs] [Times: user=0.02 sys=0.00, real=0.00 secs] 
32.384: Total time for which application threads were stopped: 0.0050430 seconds, Stopping threads took: 0.0000970 seconds
32.595: Application time: 0.2118560 seconds
32.596: Total time for which application threads were stopped: 0.0001100 seconds, Stopping threads took: 0.0000810 seconds
32.597: Application time: 0.0015010 seconds
32.597: [Full GC [PSYoungGen: 25038K->9624K(28672K)] [ParOldGen: 65448K->65448K(65536K)] 90486K->75073K(94208K) [PSPermGen: 5151K->5151K(21504K)], 0.0049200 secs] [Times: user=0.02 sys=0.00, real=0.00 secs] 
32.602: Total time for which application threads were stopped: 0.0050550 seconds, Stopping threads took: 0.0000440 seconds
32.794: Application time: 0.1920550 seconds
32.794: [Full GC [PSYoungGen: 24937K->9759K(28672K)] [ParOldGen: 65448K->65313K(65536K)] 90385K->75073K(94208K) [PSPermGen: 5151K->5151K(21504K)], 0.0049530 secs] [Times: user=0.02 sys=0.00, real=0.00 secs] 
32.799: Total time for which application threads were stopped: 0.0051230 seconds, Stopping threads took: 0.0000830 seconds
32.959: Application time: 0.1595030 seconds
32.959: [Full GC [PSYoungGen: 24865K->9957K(28672K)] [ParOldGen: 65313K->65313K(65536K)] 90179K->75271K(94208K) [PSPermGen: 5151K->5151K(21504K)], 0.0049710 secs] [Times: user=0.02 sys=0.00, real=0.00 secs] 
32.964: Total time for which application threads were stopped: 0.0051120 seconds, Stopping threads took: 0.0000530 seconds
33.149: Application time: 0.1851430 seconds
33.149: [Full GC [PSYoungGen: 24861K->9759K(28672K)] [ParOldGen: 65313K->65313K(65536K)] 90174K->75073K(94208K) [PSPermGen: 5151K->5151K(21504K)], 0.0049000 secs] [Times: user=0.02 sys=0.00, real=0.01 secs] 
33.154: Total time for which application threads were stopped: 0.0050520 seconds, Stopping threads took: 0.0000550 seconds
33.388: Application time: 0.2342330 seconds
33.388: Total time for which application threads were stopped: 0.0001230 seconds, Stopping threads took: 0.0000810 seconds
33.390: Application time: 0.0019700 seconds
33.390: [Full GC [PSYoungGen: 25082K->8753K(28672K)] [ParOldGen: 65313K->65313K(65536K)] 90396K->74066K(94208K) [PSPermGen: 5151K->5151K(21504K)], 0.0046170 secs] [Times: user=0.01 sys=0.00, real=0.01 secs] 
33.395: Total time for which application threads were stopped: 0.0047490 seconds, Stopping threads took: 0.0000500 seconds
33.549: Application time: 0.1542350 seconds
33.549: [Full GC [PSYoungGen: 25032K->9229K(28672K)] [ParOldGen: 65448K->65448K(65536K)] 90480K->74678K(94208K) [PSPermGen: 5151K->5151K(21504K)], 0.0046730 secs] [Times: user=0.02 sys=0.00, real=0.01 secs] 
33.554: Total time for which application threads were stopped: 0.0048420 seconds, Stopping threads took: 0.0000780 seconds
33.747: Application time: 0.1923490 seconds
33.747: Total time for which application threads were stopped: 0.0001070 seconds, Stopping threads took: 0.0000750 seconds
33.747: Application time: 0.0002370 seconds
33.747: [Full GC [PSYoungGen: 25068K->9300K(28672K)] [ParOldGen: 65512K->65377K(65536K)] 90581K->74678K(94208K) [PSPermGen: 5151K->5151K(21504K)], 0.0048500 secs] [Times: user=0.01 sys=0.00, real=0.00 secs] 
33.752: Total time for which application threads were stopped: 0.0049760 seconds, Stopping threads took: 0.0000490 seconds
33.969: Application time: 0.2167780 seconds
33.969: [Full GC [PSYoungGen: 25085K->9364K(28672K)] [ParOldGen: 65520K->65313K(65536K)] 90605K->74678K(94208K) [PSPermGen: 5151K->5151K(21504K)], 0.0047230 secs] [Times: user=0.02 sys=0.00, real=0.00 secs] 
33.974: Total time for which application threads were stopped: 0.0048840 seconds, Stopping threads took: 0.0000770 seconds
34.141: Application time: 0.1671590 seconds
34.141: [Full GC [PSYoungGen: 25079K->9364K(28672K)] [ParOldGen: 65313K->65313K(65536K)] 90393K->74678K(94208K) [PSPermGen: 5151K->5151K(21504K)], 0.0046830 secs] [Times: user=0.02 sys=0.00, real=0.00 secs] 
34.146: Total time for which application threads were stopped: 0.0048370 seconds, Stopping threads took: 0.0000650 seconds
34.341: Application time: 0.1954480 seconds
34.341: Total time for which application threads were stopped: 0.0001180 seconds, Stopping threads took: 0.0000880 seconds
34.342: Application time: 0.0006580 seconds
34.342: [Full GC [PSYoungGen: 25082K->9159K(28672K)] [ParOldGen: 65321K->65321K(65536K)] 90404K->74480K(94208K) [PSPermGen: 5151K->5151K(21504K)], 0.0046380 secs] [Times: user=0.01 sys=0.00, real=0.01 secs] 
34.347: Total time for which application threads were stopped: 0.0047540 seconds, Stopping threads took: 0.0000380 seconds
34.566: Application time: 0.2193550 seconds
34.566: [Full GC [PSYoungGen: 25088K->9363K(28672K)] [ParOldGen: 65520K->65512K(65536K)] 90608K->74876K(94208K) [PSPermGen: 5151K->5151K(21504K)], 0.0048790 secs] [Times: user=0.02 sys=0.00, real=0.00 secs] 
34.571: Total time for which application threads were stopped: 0.0050370 seconds, Stopping threads took: 0.0000710 seconds
34.727: Application time: 0.1559760 seconds
34.727: [Full GC [PSYoungGen: 25027K->9832K(28672K)] [ParOldGen: 65512K->65313K(65536K)] 90540K->75145K(94208K) [PSPermGen: 5151K->5151K(21504K)], 0.0048730 secs] [Times: user=0.02 sys=0.00, real=0.00 secs] 
34.732: Total time for which application threads were stopped: 0.0050370 seconds, Stopping threads took: 0.0000750 seconds
34.925: Application time: 0.1934140 seconds
34.926: [Full GC [PSYoungGen: 25004K->9562K(28672K)] [ParOldGen: 65313K->65313K(65536K)] 90318K->74876K(94208K) [PSPermGen: 5151K->5151K(21504K)], 0.0047800 secs] [Times: user=0.02 sys=0.00, real=0.01 secs] 
34.930: Total time for which application threads were stopped: 0.0049980 seconds, Stopping threads took: 0.0001150 seconds
35.125: Application time: 0.1950470 seconds
35.125: Total time for which application threads were stopped: 0.0000790 seconds, Stopping threads took: 0.0000560 seconds
35.127: Application time: 0.0013620 seconds
35.127: [Full GC [PSYoungGen: 24936K->9158K(28672K)] [ParOldGen: 65313K->65313K(65536K)] 90250K->74472K(94208K) [PSPermGen: 5151K->5151K(21504K)], 0.0046020 secs] [Times: user=0.02 sys=0.00, real=0.00 secs] 
35.132: Total time for which application threads were stopped: 0.0047230 seconds, Stopping threads took: 0.0000390 seconds
35.297: Application time: 0.1652430 seconds
35.297: [Full GC [PSYoungGen: 25081K->9365K(28672K)] [ParOldGen: 65313K->65313K(65536K)] 90395K->74679K(94208K) [PSPermGen: 5151K->5151K(21504K)], 0.0048630 secs] [Times: user=0.02 sys=0.00, real=0.00 secs] 
35.302: Total time for which application threads were stopped: 0.0050300 seconds, Stopping threads took: 0.0000780 seconds
35.481: Application time: 0.1795570 seconds
35.482: [Full GC [PSYoungGen: 24875K->9760K(28672K)] [ParOldGen: 65313K->65313K(65536K)] 90189K->75074K(94208K) [PSPermGen: 5151K->5151K(21504K)], 0.0049930 secs] [Times: user=0.02 sys=0.00, real=0.01 secs] 
35.487: Total time for which application threads were stopped: 0.0051560 seconds, Stopping threads took: 0.0000690 seconds
35.708: Application time: 0.2216950 seconds
35.708: [Full GC [PSYoungGen: 24875K->9365K(28672K)] [ParOldGen: 65313K->65313K(65536K)] 90189K->74679K(94208K) [PSPermGen: 5151K->5151K(21504K)], 0.0046880 secs] [Times: user=0.02 sys=0.00, real=0.00 secs] 
35.713: Total time for which application threads were stopped: 0.0048810 seconds, Stopping threads took: 0.0001040 seconds
35.889: Application time: 0.1757690 seconds
35.889: [Full GC [PSYoungGen: 25081K->9365K(28672K)] [ParOldGen: 65313K->65313K(65536K)] 90395K->74679K(94208K) [PSPermGen: 5151K->5151K(21504K)], 0.0048380 secs] [Times: user=0.02 sys=0.00, real=0.00 secs] 
35.894: Total time for which application threads were stopped: 0.0050260 seconds, Stopping threads took: 0.0000990 seconds
36.062: Application time: 0.1680290 seconds
36.062: [Full GC [PSYoungGen: 24932K->9563K(28672K)] [ParOldGen: 65313K->65313K(65536K)] 90245K->74877K(94208K) [PSPermGen: 5151K->5151K(21504K)], 0.0048120 secs] [Times: user=0.02 sys=0.00, real=0.01 secs] 
36.067: Total time for which application threads were stopped: 0.0049880 seconds, Stopping threads took: 0.0000730 seconds
36.258: Application time: 0.1906850 seconds
36.258: [Full GC [PSYoungGen: 25087K->9761K(28672K)] [ParOldGen: 65313K->65313K(65536K)] 90401K->75075K(94208K) [PSPermGen: 5151K->5151K(21504K)], 0.0052140 secs] [Times: user=0.02 sys=0.00, real=0.00 secs] 
36.263: Total time for which application threads were stopped: 0.0053760 seconds, Stopping threads took: 0.0000740 seconds
36.485: Application time: 0.2221190 seconds
36.485: [Full GC [PSYoungGen: 24879K->9365K(28672K)] [ParOldGen: 65313K->65313K(65536K)] 90193K->74679K(94208K) [PSPermGen: 5151K->5151K(21504K)], 0.0046010 secs] [Times: user=0.02 sys=0.00, real=0.01 secs] 
36.490: Total time for which application threads were stopped: 0.0047710 seconds, Stopping threads took: 0.0000750 seconds
36.648: Application time: 0.1582950 seconds
36.648: [Full GC [PSYoungGen: 25075K->9958K(28672K)] [ParOldGen: 65313K->65313K(65536K)] 90389K->75272K(94208K) [PSPermGen: 5151K->5151K(21504K)], 0.0049920 secs] [Times: user=0.02 sys=0.00, real=0.00 secs] 
36.653: Total time for which application threads were stopped: 0.0051780 seconds, Stopping threads took: 0.0000900 seconds
36.844: Application time: 0.1906800 seconds
36.844: Total time for which application threads were stopped: 0.0000800 seconds, Stopping threads took: 0.0000580 seconds
36.844: Application time: 0.0001740 seconds
36.844: [Full GC [PSYoungGen: 25073K->9554K(28672K)] [ParOldGen: 65313K->65313K(65536K)] 90387K->74868K(94208K) [PSPermGen: 5151K->5151K(21504K)], 0.0047090 secs] [Times: user=0.02 sys=0.00, real=0.01 secs] 
36.849: Total time for which application threads were stopped: 0.0048190 seconds, Stopping threads took: 0.0000360 seconds
37.062: Application time: 0.2123630 seconds
37.062: [Full GC [PSYoungGen: 25081K->8969K(28672K)] [ParOldGen: 65512K->65441K(65536K)] 90593K->74410K(94208K) [PSPermGen: 5151K->5148K(21504K)], 0.0202340 secs] [Times: user=0.12 sys=0.01, real=0.02 secs] 
37.082: Total time for which application threads were stopped: 0.0204320 seconds, Stopping threads took: 0.0000950 seconds
37.256: Application time: 0.1742270 seconds
37.256: Total time for which application threads were stopped: 0.0001020 seconds, Stopping threads took: 0.0000730 seconds
37.257: Application time: 0.0005250 seconds
37.257: [Full GC [PSYoungGen: 25064K->9159K(28672K)] [ParOldGen: 65441K->65242K(65536K)] 90505K->74401K(94208K) [PSPermGen: 5148K->5148K(21504K)], 0.0046640 secs] [Times: user=0.01 sys=0.00, real=0.00 secs] 
37.262: Total time for which application threads were stopped: 0.0047910 seconds, Stopping threads took: 0.0000500 seconds
37.450: Application time: 0.1885790 seconds
37.450: Total time for which application threads were stopped: 0.0000850 seconds, Stopping threads took: 0.0000660 seconds
37.451: Application time: 0.0010590 seconds
37.451: [Full GC [PSYoungGen: 24979K->9159K(28672K)] [ParOldGen: 65511K->65511K(65536K)] 90490K->74671K(94208K) [PSPermGen: 5148K->5148K(21504K)], 0.0047500 secs] [Times: user=0.02 sys=0.00, real=0.01 secs] 
37.456: Total time for which application threads were stopped: 0.0048740 seconds, Stopping threads took: 0.0000470 seconds
37.671: Application time: 0.2147200 seconds
37.671: [Full GC [PSYoungGen: 25011K->9563K(28672K)] [ParOldGen: 65511K->65242K(65536K)] 90522K->74806K(94208K) [PSPermGen: 5150K->5150K(21504K)], 0.0046810 secs] [Times: user=0.02 sys=0.00, real=0.01 secs] 
37.676: Total time for which application threads were stopped: 0.0048440 seconds, Stopping threads took: 0.0000750 seconds
37.836: Application time: 0.1602510 seconds
37.836: [Full GC [PSYoungGen: 24883K->9168K(28672K)] [ParOldGen: 65242K->65242K(65536K)] 90125K->74410K(94208K) [PSPermGen: 5150K->5150K(21504K)], 0.0050360 secs] [Times: user=0.02 sys=0.00, real=0.00 secs] 
37.841: Total time for which application threads were stopped: 0.0052200 seconds, Stopping threads took: 0.0000900 seconds
38.040: Application time: 0.1989120 seconds
38.040: Total time for which application threads were stopped: 0.0000970 seconds, Stopping threads took: 0.0000760 seconds
38.043: Application time: 0.0022830 seconds
38.043: [Full GC [PSYoungGen: 24961K->8827K(28672K)] [ParOldGen: 65377K->65377K(65536K)] 90338K->74204K(94208K) [PSPermGen: 5150K->5150K(21504K)], 0.0046140 secs] [Times: user=0.01 sys=0.00, real=0.01 secs] 
38.047: Total time for which application threads were stopped: 0.0047280 seconds, Stopping threads took: 0.0000340 seconds
38.262: Application time: 0.2149730 seconds
38.262: [Full GC [PSYoungGen: 24954K->9563K(28672K)] [ParOldGen: 65377K->65242K(65536K)] 90331K->74806K(94208K) [PSPermGen: 5150K->5150K(21504K)], 0.0046810 secs] [Times: user=0.02 sys=0.00, real=0.01 secs] 
38.267: Total time for which application threads were stopped: 0.0048340 seconds, Stopping threads took: 0.0000690 seconds
38.423: Application time: 0.1561320 seconds
38.423: [Full GC [PSYoungGen: 25021K->10031K(28672K)] [ParOldGen: 65242K->65242K(65536K)] 90263K->75273K(94208K) [PSPermGen: 5150K->5150K(21504K)], 0.0049660 secs] [Times: user=0.02 sys=0.00, real=0.01 secs] 
38.428: Total time for which application threads were stopped: 0.0051350 seconds, Stopping threads took: 0.0000700 seconds
38.624: Application time: 0.1961340 seconds
38.625: [Full GC [PSYoungGen: 25005K->9366K(28672K)] [ParOldGen: 65242K->65242K(65536K)] 90247K->74608K(94208K) [PSPermGen: 5152K->5152K(21504K)], 0.0047400 secs] [Times: user=0.01 sys=0.00, real=0.01 secs] 
38.629: Total time for which application threads were stopped: 0.0049190 seconds, Stopping threads took: 0.0000910 seconds
38.835: Application time: 0.2053780 seconds
38.835: [Full GC [PSYoungGen: 24942K->8971K(28672K)] [ParOldGen: 65242K->65242K(65536K)] 90184K->74213K(94208K) [PSPermGen: 5152K->5152K(21504K)], 0.0047770 secs] [Times: user=0.02 sys=0.00, real=0.00 secs] 
38.840: Total time for which application threads were stopped: 0.0049490 seconds, Stopping threads took: 0.0000800 seconds
39.010: Application time: 0.1706790 seconds
39.011: Total time for which application threads were stopped: 0.0001210 seconds, Stopping threads took: 0.0000910 seconds
39.011: Application time: 0.0005090 seconds
39.011: [Full GC [PSYoungGen: 24959K->9232K(28672K)] [ParOldGen: 65377K->65377K(65536K)] 90336K->74609K(94208K) [PSPermGen: 5152K->5152K(21504K)], 0.0046170 secs] [Times: user=0.02 sys=0.00, real=0.01 secs] 
39.016: Total time for which application threads were stopped: 0.0047460 seconds, Stopping threads took: 0.0000510 seconds
39.202: Application time: 0.1859590 seconds
39.202: [Full GC [PSYoungGen: 25013K->9627K(28672K)] [ParOldGen: 65511K->65377K(65536K)] 90525K->75004K(94208K) [PSPermGen: 5152K->5152K(21504K)], 0.0046780 secs] [Times: user=0.02 sys=0.00, real=0.01 secs] 
39.207: Total time for which application threads were stopped: 0.0048410 seconds, Stopping threads took: 0.0000750 seconds
39.429: Application time: 0.2227780 seconds
39.429: Total time for which application threads were stopped: 0.0000980 seconds, Stopping threads took: 0.0000750 seconds
39.430: Application time: 0.0008630 seconds
39.430: [Full GC [PSYoungGen: 25082K->9698K(28672K)] [ParOldGen: 65441K->65306K(65536K)] 90523K->75004K(94208K) [PSPermGen: 5152K->5152K(21504K)], 0.0048140 secs] [Times: user=0.02 sys=0.00, real=0.01 secs] 
39.435: Total time for which application threads were stopped: 0.0049430 seconds, Stopping threads took: 0.0000470 seconds
39.611: Application time: 0.1753470 seconds
39.611: [Full GC [PSYoungGen: 24959K->9627K(28672K)] [ParOldGen: 65441K->65377K(65536K)] 90400K->75004K(94208K) [PSPermGen: 5152K->5152K(21504K)], 0.0048470 secs] [Times: user=0.02 sys=0.00, real=0.01 secs] 
39.616: Total time for which application threads were stopped: 0.0050230 seconds, Stopping threads took: 0.0000810 seconds
39.780: Application time: 0.1639900 seconds
39.780: Total time for which application threads were stopped: 0.0000990 seconds, Stopping threads took: 0.0000760 seconds
39.781: Application time: 0.0011230 seconds
39.781: [Full GC [PSYoungGen: 24983K->8827K(28672K)] [ParOldGen: 65511K->65377K(65536K)] 90495K->74204K(94208K) [PSPermGen: 5152K->5152K(21504K)], 0.0047200 secs] [Times: user=0.02 sys=0.00, real=0.00 secs] 
39.786: Total time for which application threads were stopped: 0.0048460 seconds, Stopping threads took: 0.0000480 seconds
40.002: Application time: 0.2160350 seconds
40.002: [Full GC [PSYoungGen: 25034K->9430K(28672K)] [ParOldGen: 65511K->65377K(65536K)] 90546K->74807K(94208K) [PSPermGen: 5152K->5152K(21504K)], 0.0048370 secs] [Times: user=0.02 sys=0.00, real=0.01 secs] 
40.007: Total time for which application threads were stopped: 0.0049970 seconds, Stopping threads took: 0.0000720 seconds
40.200: Application time: 0.1927580 seconds
40.200: [Full GC [PSYoungGen: 25082K->9502K(28672K)] [ParOldGen: 65377K->65242K(65536K)] 90459K->74744K(94208K) [PSPermGen: 5152K->5152K(21504K)], 0.0045920 secs] [Times: user=0.01 sys=0.00, real=0.00 secs] 
40.204: Total time for which application threads were stopped: 0.0047570 seconds, Stopping threads took: 0.0000620 seconds
40.377: Application time: 0.1727710 seconds
40.377: [Full GC [PSYoungGen: 25085K->9368K(28672K)] [ParOldGen: 65242K->65242K(65536K)] 90327K->74610K(94208K) [PSPermGen: 5152K->5152K(21504K)], 0.0047700 secs] [Times: user=0.01 sys=0.00, real=0.00 secs] 
40.382: Total time for which application threads were stopped: 0.0049510 seconds, Stopping threads took: 0.0000910 seconds
40.572: Application time: 0.1899580 seconds
40.572: [Full GC [PSYoungGen: 24953K->10032K(28672K)] [ParOldGen: 65242K->65242K(65536K)] 90195K->75274K(94208K) [PSPermGen: 5152K->5152K(21504K)], 0.0048800 secs] [Times: user=0.01 sys=0.00, real=0.01 secs] 
40.577: Total time for which application threads were stopped: 0.0050440 seconds, Stopping threads took: 0.0000750 seconds
40.787: Application time: 0.2097570 seconds
40.787: Total time for which application threads were stopped: 0.0000960 seconds, Stopping threads took: 0.0000700 seconds
40.787: Application time: 0.0000610 seconds
40.787: [Full GC [PSYoungGen: 25077K->9358K(28672K)] [ParOldGen: 65377K->65377K(65536K)] 90454K->74735K(94208K) [PSPermGen: 5152K->5152K(21504K)], 0.0047100 secs] [Times: user=0.02 sys=0.00, real=0.00 secs] 
40.792: Total time for which application threads were stopped: 0.0048260 seconds, Stopping threads took: 0.0000390 seconds
40.966: Application time: 0.1741930 seconds
40.966: [Full GC [PSYoungGen: 25058K->9628K(28672K)] [ParOldGen: 65511K->65377K(65536K)] 90569K->75005K(94208K) [PSPermGen: 5153K->5153K(21504K)], 0.0048610 secs] [Times: user=0.02 sys=0.00, real=0.00 secs] 
40.971: Total time for which application threads were stopped: 0.0050490 seconds, Stopping threads took: 0.0001010 seconds
41.146: Application time: 0.1754060 seconds
41.147: [Full GC [PSYoungGen: 25019K->10230K(28672K)] [ParOldGen: 65377K->65242K(65536K)] 90396K->75472K(94208K) [PSPermGen: 5153K->5153K(21504K)], 0.0047800 secs] [Times: user=0.01 sys=0.00, real=0.00 secs] 
41.151: Total time for which application threads were stopped: 0.0049360 seconds, Stopping threads took: 0.0000670 seconds
41.346: Application time: 0.1947500 seconds
41.346: [Full GC [PSYoungGen: 24867K->9763K(28672K)] [ParOldGen: 65242K->65242K(65536K)] 90109K->75005K(94208K) [PSPermGen: 5153K->5153K(21504K)], 0.0046320 secs] [Times: user=0.02 sys=0.00, real=0.00 secs] 
41.351: Total time for which application threads were stopped: 0.0047980 seconds, Stopping threads took: 0.0000700 seconds
41.514: Application time: 0.1627170 seconds
41.514: [Full GC [PSYoungGen: 25073K->9763K(28672K)] [ParOldGen: 65242K->65242K(65536K)] 90315K->75005K(94208K) [PSPermGen: 5153K->5153K(21504K)], 0.0047430 secs] [Times: user=0.02 sys=0.00, real=0.01 secs] 
41.519: Total time for which application threads were stopped: 0.0049120 seconds, Stopping threads took: 0.0000790 seconds
41.722: Application time: 0.2038340 seconds
41.722: [Full GC [PSYoungGen: 25073K->9565K(28672K)] [ParOldGen: 65242K->65242K(65536K)] 90315K->74807K(94208K) [PSPermGen: 5153K->5153K(21504K)], 0.0048470 secs] [Times: user=0.02 sys=0.00, real=0.01 secs] 
41.727: Total time for which application threads were stopped: 0.0050070 seconds, Stopping threads took: 0.0000700 seconds
41.931: Application time: 0.2032490 seconds
41.931: [Full GC [PSYoungGen: 24884K->9170K(28672K)] [ParOldGen: 65242K->65242K(65536K)] 90127K->74412K(94208K) [PSPermGen: 5153K->5153K(21504K)], 0.0045830 secs] [Times: user=0.02 sys=0.00, real=0.01 secs] 
41.935: Total time for which application threads were stopped: 0.0047430 seconds, Stopping threads took: 0.0000700 seconds
42.102: Application time: 0.1663560 seconds
42.102: Total time for which application threads were stopped: 0.0001010 seconds, Stopping threads took: 0.0000780 seconds
42.102: Application time: 0.0002940 seconds
42.102: [Full GC [PSYoungGen: 24974K->9161K(28672K)] [ParOldGen: 65511K->65511K(65536K)] 90486K->74673K(94208K) [PSPermGen: 5153K->5153K(21504K)], 0.0046710 secs] [Times: user=0.02 sys=0.00, real=0.01 secs] 
42.107: Total time for which application threads were stopped: 0.0047870 seconds, Stopping threads took: 0.0000340 seconds
42.274: Application time: 0.1674720 seconds
42.275: [Full GC [PSYoungGen: 25010K->10033K(28672K)] [ParOldGen: 65511K->65242K(65536K)] 90522K->75275K(94208K) [PSPermGen: 5153K->5153K(21504K)], 0.0048300 secs] [Times: user=0.02 sys=0.00, real=0.00 secs] 
42.279: Total time for which application threads were stopped: 0.0049940 seconds, Stopping threads took: 0.0000760 seconds
42.514: Application time: 0.2345840 seconds
42.514: [Full GC [PSYoungGen: 25058K->9503K(28672K)] [ParOldGen: 65242K->65242K(65536K)] 90300K->74745K(94208K) [PSPermGen: 5153K->5153K(21504K)], 0.0048410 secs] [Times: user=0.02 sys=0.00, real=0.00 secs] 
42.519: Total time for which application threads were stopped: 0.0050170 seconds, Stopping threads took: 0.0000790 seconds
42.683: Application time: 0.1638660 seconds
42.683: [Full GC [PSYoungGen: 24889K->9368K(28672K)] [ParOldGen: 65242K->65242K(65536K)] 90131K->74610K(94208K) [PSPermGen: 5153K->5153K(21504K)], 0.0046460 secs] [Times: user=0.02 sys=0.00, real=0.01 secs] 
42.688: Total time for which application threads were stopped: 0.0047890 seconds, Stopping threads took: 0.0000580 seconds
42.866: Application time: 0.1778970 seconds
42.866: [Full GC [PSYoungGen: 25087K->9368K(28672K)] [ParOldGen: 65242K->65242K(65536K)] 90329K->74610K(94208K) [PSPermGen: 5153K->5153K(21504K)], 0.0046450 secs] [Times: user=0.02 sys=0.00, real=0.01 secs] 
42.870: Total time for which application threads were stopped: 0.0048060 seconds, Stopping threads took: 0.0000720 seconds
43.096: Application time: 0.2261180 seconds
43.097: [Full GC [PSYoungGen: 24954K->9835K(28672K)] [ParOldGen: 65242K->65242K(65536K)] 90196K->75078K(94208K) [PSPermGen: 5153K->5153K(21504K)], 0.0049500 secs] [Times: user=0.02 sys=0.01, real=0.00 secs] 
43.102: Total time for which application threads were stopped: 0.0051200 seconds, Stopping threads took: 0.0000730 seconds
43.284: Application time: 0.1818960 seconds
43.284: Total time for which application threads were stopped: 0.0000950 seconds, Stopping threads took: 0.0000730 seconds
43.285: Application time: 0.0011150 seconds
43.285: [Full GC [PSYoungGen: 25028K->8694K(28672K)] [ParOldGen: 65511K->65511K(65536K)] 90540K->74206K(94208K) [PSPermGen: 5153K->5153K(21504K)], 0.0045990 secs] [Times: user=0.02 sys=0.00, real=0.01 secs] 
43.289: Total time for which application threads were stopped: 0.0047160 seconds, Stopping threads took: 0.0000350 seconds
43.451: Application time: 0.1617820 seconds
43.451: [Full GC [PSYoungGen: 24827K->9962K(28672K)] [ParOldGen: 65511K->65242K(65536K)] 90339K->75204K(94208K) [PSPermGen: 5153K->5153K(21504K)], 0.0047560 secs] [Times: user=0.02 sys=0.00, real=0.01 secs] 
43.456: Total time for which application threads were stopped: 0.0049090 seconds, Stopping threads took: 0.0000670 seconds
43.646: Application time: 0.1894410 seconds
43.646: [Full GC [PSYoungGen: 25049K->9899K(28672K)] [ParOldGen: 65242K->65242K(65536K)] 90291K->75141K(94208K) [PSPermGen: 5153K->5153K(21504K)], 0.0046870 secs] [Times: user=0.02 sys=0.00, real=0.01 secs] 
43.650: Total time for which application threads were stopped: 0.0048550 seconds, Stopping threads took: 0.0000710 seconds
43.854: Application time: 0.2033030 seconds
43.854: [Full GC [PSYoungGen: 25085K->9369K(28672K)] [ParOldGen: 65242K->65242K(65536K)] 90328K->74611K(94208K) [PSPermGen: 5153K->5153K(21504K)], 0.0048350 secs] [Times: user=0.02 sys=0.00, real=0.01 secs] 
43.859: Total time for which application threads were stopped: 0.0049950 seconds, Stopping threads took: 0.0000740 seconds
44.034: Application time: 0.1756370 seconds
44.034: [Full GC [PSYoungGen: 25087K->9369K(28672K)] [ParOldGen: 65242K->65242K(65536K)] 90330K->74611K(94208K) [PSPermGen: 5153K->5153K(21504K)], 0.0048180 secs] [Times: user=0.02 sys=0.00, real=0.00 secs] 
44.039: Total time for which application threads were stopped: 0.0049730 seconds, Stopping threads took: 0.0000690 seconds
44.243: Application time: 0.2034760 seconds
44.243: [Full GC [PSYoungGen: 25087K->9567K(28672K)] [ParOldGen: 65242K->65242K(65536K)] 90330K->74809K(94208K) [PSPermGen: 5153K->5153K(21504K)], 0.0047230 secs] [Times: user=0.02 sys=0.00, real=0.01 secs] 
44.248: Total time for which application threads were stopped: 0.0048910 seconds, Stopping threads took: 0.0000730 seconds
44.449: Application time: 0.2011340 seconds
44.449: [Full GC [PSYoungGen: 25080K->9765K(28672K)] [ParOldGen: 65242K->65242K(65536K)] 90322K->75008K(94208K) [PSPermGen: 5153K->5153K(21504K)], 0.0047290 secs] [Times: user=0.02 sys=0.00, real=0.00 secs] 
44.454: Total time for which application threads were stopped: 0.0048880 seconds, Stopping threads took: 0.0000710 seconds
44.614: Application time: 0.1605830 seconds
44.614: [Full GC [PSYoungGen: 24849K->9370K(28672K)] [ParOldGen: 65242K->65242K(65536K)] 90091K->74612K(94208K) [PSPermGen: 5153K->5153K(21504K)], 0.0046970 secs] [Times: user=0.02 sys=0.00, real=0.00 secs] 
44.619: Total time for which application threads were stopped: 0.0048470 seconds, Stopping threads took: 0.0000660 seconds
44.803: Application time: 0.1841240 seconds
44.803: [Full GC [PSYoungGen: 24960K->10035K(28672K)] [ParOldGen: 65242K->65242K(65536K)] 90202K->75277K(94208K) [PSPermGen: 5153K->5153K(21504K)], 0.0050780 secs] [Times: user=0.02 sys=0.00, real=0.01 secs] 
44.809: Total time for which application threads were stopped: 0.0052570 seconds, Stopping threads took: 0.0000790 seconds
45.020: Application time: 0.2111620 seconds
45.020: [Full GC [PSYoungGen: 24965K->9370K(28672K)] [ParOldGen: 65242K->65242K(65536K)] 90208K->74612K(94208K) [PSPermGen: 5153K->5153K(21504K)], 0.0050060 secs] [Times: user=0.02 sys=0.00, real=0.00 secs] 
45.025: Total time for which application threads were stopped: 0.0051860 seconds, Stopping threads took: 0.0000930 seconds
45.199: Application time: 0.1744190 seconds
45.199: Total time for which application threads were stopped: 0.0001040 seconds, Stopping threads took: 0.0000810 seconds
45.200: Application time: 0.0001140 seconds
45.200: [Full GC [PSYoungGen: 25087K->9361K(28672K)] [ParOldGen: 65511K->65511K(65536K)] 90599K->74873K(94208K) [PSPermGen: 5153K->5153K(21504K)], 0.0047620 secs] [Times: user=0.02 sys=0.00, real=0.00 secs] 
45.204: Total time for which application threads were stopped: 0.0048890 seconds, Stopping threads took: 0.0000470 seconds
45.388: Application time: 0.1837260 seconds
45.388: [Full GC [PSYoungGen: 25015K->9370K(28672K)] [ParOldGen: 65511K->65242K(65536K)] 90527K->74612K(94208K) [PSPermGen: 5153K->5153K(21504K)], 0.0048940 secs] [Times: user=0.02 sys=0.00, real=0.00 secs] 
45.393: Total time for which application threads were stopped: 0.0050750 seconds, Stopping threads took: 0.0000850 seconds
45.610: Application time: 0.2169430 seconds
45.610: [Full GC [PSYoungGen: 25081K->9560K(28672K)] [ParOldGen: 65242K->65242K(65536K)] 90323K->74802K(94208K) [PSPermGen: 5153K->5153K(21504K)], 0.0046490 secs] [Times: user=0.01 sys=0.00, real=0.01 secs] 
45.615: Total time for which application threads were stopped: 0.0048000 seconds, Stopping threads took: 0.0000640 seconds
45.780: Application time: 0.1650070 seconds
45.780: [Full GC [PSYoungGen: 25034K->9640K(28672K)] [ParOldGen: 65242K->65242K(65536K)] 90277K->74882K(94208K) [PSPermGen: 5153K->5153K(21504K)], 0.0047930 secs] [Times: user=0.02 sys=0.00, real=0.00 secs] 
45.785: Total time for which application threads were stopped: 0.0049610 seconds, Stopping threads took: 0.0000820 seconds
45.974: Application time: 0.1887150 seconds
45.974: [Full GC [PSYoungGen: 24936K->9370K(28672K)] [ParOldGen: 65242K->65242K(65536K)] 90178K->74613K(94208K) [PSPermGen: 5153K->5153K(21504K)], 0.0047330 secs] [Times: user=0.02 sys=0.00, real=0.01 secs] 
45.979: Total time for which application threads were stopped: 0.0049050 seconds, Stopping threads took: 0.0000760 seconds
46.183: Application time: 0.2047020 seconds
46.184: [Full GC [PSYoungGen: 25028K->9371K(28672K)] [ParOldGen: 65242K->65242K(65536K)] 90271K->74613K(94208K) [PSPermGen: 5153K->5153K(21504K)], 0.0047360 secs] [Times: user=0.02 sys=0.00, real=0.01 secs] 
46.189: Total time for which application threads were stopped: 0.0055580 seconds, Stopping threads took: 0.0007240 seconds
46.363: Application time: 0.1746220 seconds
46.364: [Full GC [PSYoungGen: 25085K->9371K(28672K)] [ParOldGen: 65242K->65242K(65536K)] 90328K->74613K(94208K) [PSPermGen: 5153K->5153K(21504K)], 0.0047430 secs] [Times: user=0.02 sys=0.00, real=0.01 secs] 
46.368: Total time for which application threads were stopped: 0.0049080 seconds, Stopping threads took: 0.0000800 seconds
46.543: Application time: 0.1746290 seconds
46.543: [Full GC [PSYoungGen: 25087K->9766K(28672K)] [ParOldGen: 65242K->65242K(65536K)] 90330K->75008K(94208K) [PSPermGen: 5153K->5153K(21504K)], 0.0047880 secs] [Times: user=0.02 sys=0.00, real=0.01 secs] 
46.548: Total time for which application threads were stopped: 0.0049490 seconds, Stopping threads took: 0.0000650 seconds
46.753: Application time: 0.2046140 seconds
46.753: [Full GC [PSYoungGen: 24872K->9964K(28672K)] [ParOldGen: 65242K->65242K(65536K)] 90114K->75206K(94208K) [PSPermGen: 5153K->5153K(21504K)], 0.0047600 secs] [Times: user=0.02 sys=0.00, real=0.01 secs] 
46.758: Total time for which application threads were stopped: 0.0049480 seconds, Stopping threads took: 0.0001000 seconds
46.936: Application time: 0.1789170 seconds
46.937: [Full GC [PSYoungGen: 25067K->9964K(28672K)] [ParOldGen: 65242K->65242K(65536K)] 90310K->75206K(94208K) [PSPermGen: 5153K->5153K(21504K)], 0.0048490 secs] [Times: user=0.02 sys=0.00, real=0.00 secs] 
46.941: Total time for which application threads were stopped: 0.0050130 seconds, Stopping threads took: 0.0000780 seconds
47.094: Application time: 0.1529430 seconds
47.095: [Full GC [PSYoungGen: 25039K->9964K(28672K)] [ParOldGen: 65242K->65242K(65536K)] 90281K->75206K(94208K) [PSPermGen: 5153K->5153K(21504K)], 0.0048460 secs] [Times: user=0.02 sys=0.00, real=0.00 secs] 
47.099: Total time for which application threads were stopped: 0.0050110 seconds, Stopping threads took: 0.0000690 seconds
47.295: Application time: 0.1951030 seconds
47.295: [Full GC [PSYoungGen: 25044K->9443K(28672K)] [ParOldGen: 65242K->65242K(65536K)] 90286K->74685K(94208K) [PSPermGen: 5153K->5153K(21504K)], 0.0049030 secs] [Times: user=0.02 sys=0.00, real=0.00 secs] 
47.300: Total time for which application threads were stopped: 0.0050760 seconds, Stopping threads took: 0.0000850 seconds
47.529: Application time: 0.2292020 seconds
47.529: Total time for which application threads were stopped: 0.0000980 seconds, Stopping threads took: 0.0000750 seconds
47.530: Application time: 0.0009690 seconds
47.530: [Full GC [PSYoungGen: 25029K->9093K(28672K)] [ParOldGen: 65511K->65511K(65536K)] 90541K->74604K(94208K) [PSPermGen: 5154K->5154K(21504K)], 0.0047020 secs] [Times: user=0.01 sys=0.00, real=0.01 secs] 
47.535: Total time for which application threads were stopped: 0.0048310 seconds, Stopping threads took: 0.0000500 seconds
47.688: Application time: 0.1530690 seconds
47.688: Total time for which application threads were stopped: 0.0001010 seconds, Stopping threads took: 0.0000710 seconds
47.690: Application time: 0.0017500 seconds
47.690: [Full GC [PSYoungGen: 24818K->8967K(28672K)] [ParOldGen: 65511K->65242K(65536K)] 90330K->74209K(94208K) [PSPermGen: 5154K->5154K(21504K)], 0.0045430 secs] [Times: user=0.02 sys=0.00, real=0.01 secs] 
47.694: Total time for which application threads were stopped: 0.0046620 seconds, Stopping threads took: 0.0000370 seconds
47.900: Application time: 0.2061360 seconds
47.901: [Full GC [PSYoungGen: 24955K->9434K(28672K)] [ParOldGen: 65377K->65377K(65536K)] 90332K->74811K(94208K) [PSPermGen: 5154K->5154K(21504K)], 0.0047900 secs] [Times: user=0.02 sys=0.00, real=0.00 secs] 
47.905: Total time for which application threads were stopped: 0.0049390 seconds, Stopping threads took: 0.0000620 seconds
48.120: Application time: 0.2141960 seconds
48.120: [Full GC [PSYoungGen: 25027K->9246K(28672K)] [ParOldGen: 65377K->65242K(65536K)] 90404K->74488K(94208K) [PSPermGen: 5154K->5154K(21504K)], 0.0045940 secs] [Times: user=0.01 sys=0.00, real=0.00 secs] 
48.124: Total time for which application threads were stopped: 0.0047740 seconds, Stopping threads took: 0.0000820 seconds
48.293: Application time: 0.1683560 seconds
48.293: Total time for which application threads were stopped: 0.0001040 seconds, Stopping threads took: 0.0000740 seconds
48.294: Application time: 0.0011710 seconds
48.294: [Full GC [PSYoungGen: 25067K->8768K(28672K)] [ParOldGen: 65441K->65441K(65536K)] 90508K->74209K(94208K) [PSPermGen: 5155K->5155K(21504K)], 0.0045160 secs] [Times: user=0.02 sys=0.00, real=0.00 secs] 
48.299: Total time for which application threads were stopped: 0.0046310 seconds, Stopping threads took: 0.0000370 seconds
48.508: Application time: 0.2093940 seconds
48.508: Total time for which application threads were stopped: 0.0000970 seconds, Stopping threads took: 0.0000740 seconds
48.509: Application time: 0.0004760 seconds
48.509: [Full GC [PSYoungGen: 25031K->8967K(28672K)] [ParOldGen: 65441K->65242K(65536K)] 90472K->74210K(94208K) [PSPermGen: 5155K->5155K(21504K)], 0.0046490 secs] [Times: user=0.02 sys=0.00, real=0.00 secs] 
48.513: Total time for which application threads were stopped: 0.0047610 seconds, Stopping threads took: 0.0000320 seconds
48.724: Application time: 0.2108170 seconds
48.724: Total time for which application threads were stopped: 0.0001110 seconds, Stopping threads took: 0.0000850 seconds
48.725: Application time: 0.0007740 seconds
48.725: [Full GC [PSYoungGen: 25069K->8364K(28672K)] [ParOldGen: 65441K->65441K(65536K)] 90510K->73805K(94208K) [PSPermGen: 5155K->5155K(21504K)], 0.0044850 secs] [Times: user=0.02 sys=0.00, real=0.01 secs] 
48.730: Total time for which application threads were stopped: 0.0045960 seconds, Stopping threads took: 0.0000340 seconds
48.890: Application time: 0.1604400 seconds
48.890: [Full GC [PSYoungGen: 25030K->9902K(28672K)] [ParOldGen: 65441K->65242K(65536K)] 90471K->75144K(94208K) [PSPermGen: 5155K->5155K(21504K)], 0.0047430 secs] [Times: user=0.01 sys=0.00, real=0.01 secs] 
48.895: Total time for which application threads were stopped: 0.0049030 seconds, Stopping threads took: 0.0000610 seconds
49.102: Application time: 0.2065750 seconds
49.102: [Full GC [PSYoungGen: 25080K->9570K(28672K)] [ParOldGen: 65242K->65242K(65536K)] 90322K->74812K(94208K) [PSPermGen: 5155K->5155K(21504K)], 0.0047850 secs] [Times: user=0.01 sys=0.00, real=0.01 secs] 
49.107: Total time for which application threads were stopped: 0.0049490 seconds, Stopping threads took: 0.0000790 seconds
49.306: Application time: 0.1994650 seconds
49.306: [Full GC [PSYoungGen: 25085K->9768K(28672K)] [ParOldGen: 65242K->65242K(65536K)] 90327K->75011K(94208K) [PSPermGen: 5155K->5155K(21504K)], 0.0049580 secs] [Times: user=0.02 sys=0.00, real=0.00 secs] 
49.311: Total time for which application threads were stopped: 0.0051200 seconds, Stopping threads took: 0.0000740 seconds
49.482: Application time: 0.1705210 seconds
49.482: [Full GC [PSYoungGen: 24852K->9372K(28672K)] [ParOldGen: 65242K->65242K(65536K)] 90095K->74614K(94208K) [PSPermGen: 5155K->5155K(21504K)], 0.0048570 secs] [Times: user=0.02 sys=0.00, real=0.01 secs] 
49.487: Total time for which application threads were stopped: 0.0050310 seconds, Stopping threads took: 0.0000760 seconds
49.665: Application time: 0.1781760 seconds
49.665: [Full GC [PSYoungGen: 25000K->9840K(28672K)] [ParOldGen: 65242K->65242K(65536K)] 90242K->75082K(94208K) [PSPermGen: 5155K->5155K(21504K)], 0.0047010 secs] [Times: user=0.02 sys=0.00, real=0.01 secs] 
49.670: Total time for which application threads were stopped: 0.0048570 seconds, Stopping threads took: 0.0000700 seconds
49.891: Application time: 0.2209900 seconds
49.891: [Full GC [PSYoungGen: 25076K->9112K(28672K)] [ParOldGen: 65242K->65242K(65536K)] 90318K->74354K(94208K) [PSPermGen: 5155K->5155K(21504K)], 0.0047690 secs] [Times: user=0.01 sys=0.00, real=0.01 secs] 
49.896: Total time for which application threads were stopped: 0.0049320 seconds, Stopping threads took: 0.0000770 seconds
50.072: Application time: 0.1763620 seconds
50.072: [Full GC [PSYoungGen: 25026K->9705K(28672K)] [ParOldGen: 65242K->65242K(65536K)] 90268K->74947K(94208K) [PSPermGen: 5155K->5155K(21504K)], 0.0048040 secs] [Times: user=0.02 sys=0.00, real=0.01 secs] 
50.077: Total time for which application threads were stopped: 0.0049800 seconds, Stopping threads took: 0.0000810 seconds
50.248: Application time: 0.1708910 seconds
50.248: Total time for which application threads were stopped: 0.0000990 seconds, Stopping threads took: 0.0000760 seconds
50.250: Application time: 0.0020310 seconds
50.250: [Full GC [PSYoungGen: 24891K->8968K(28672K)] [ParOldGen: 65511K->65511K(65536K)] 90403K->74480K(94208K) [PSPermGen: 5155K->5155K(21504K)], 0.0045580 secs] [Times: user=0.02 sys=0.00, real=0.01 secs] 
50.255: Total time for which application threads were stopped: 0.0047060 seconds, Stopping threads took: 0.0000650 seconds
50.468: Application time: 0.2130430 seconds
50.468: [Full GC [PSYoungGen: 24826K->9570K(28672K)] [ParOldGen: 65511K->65242K(65536K)] 90337K->74812K(94208K) [PSPermGen: 5155K->5155K(21504K)], 0.0046580 secs] [Times: user=0.02 sys=0.00, real=0.00 secs] 
50.473: Total time for which application threads were stopped: 0.0048190 seconds, Stopping threads took: 0.0000740 seconds
50.663: Application time: 0.1902020 seconds
50.663: Total time for which application threads were stopped: 0.0000960 seconds, Stopping threads took: 0.0000670 seconds
50.665: Application time: 0.0017470 seconds
50.665: [Full GC [PSYoungGen: 25088K->9166K(28672K)] [ParOldGen: 65512K->65512K(65536K)] 90600K->74678K(94208K) [PSPermGen: 5155K->5155K(21504K)], 0.0046880 secs] [Times: user=0.02 sys=0.00, real=0.01 secs] 
50.669: Total time for which application threads were stopped: 0.0048180 seconds, Stopping threads took: 0.0000480 seconds
50.833: Application time: 0.1633450 seconds
50.833: [Full GC [PSYoungGen: 24953K->9570K(28672K)] [ParOldGen: 65512K->65242K(65536K)] 90465K->74813K(94208K) [PSPermGen: 5155K->5155K(21504K)], 0.0046950 secs] [Times: user=0.01 sys=0.00, real=0.01 secs] 
50.838: Total time for which application threads were stopped: 0.0048540 seconds, Stopping threads took: 0.0000750 seconds
51.015: Application time: 0.1775380 seconds
51.015: [Full GC [PSYoungGen: 25013K->9768K(28672K)] [ParOldGen: 65242K->65242K(65536K)] 90255K->75011K(94208K) [PSPermGen: 5155K->5155K(21504K)], 0.0045910 secs] [Times: user=0.02 sys=0.00, real=0.00 secs] 
51.020: Total time for which application threads were stopped: 0.0047470 seconds, Stopping threads took: 0.0000690 seconds
51.236: Application time: 0.2162230 seconds
51.236: [Full GC [PSYoungGen: 25081K->9571K(28672K)] [ParOldGen: 65242K->65242K(65536K)] 90323K->74813K(94208K) [PSPermGen: 5155K->5155K(21504K)], 0.0046590 secs] [Times: user=0.02 sys=0.00, real=0.00 secs] 
51.241: Total time for which application threads were stopped: 0.0048270 seconds, Stopping threads took: 0.0000680 seconds
51.421: Application time: 0.1801820 seconds
51.421: [Full GC [PSYoungGen: 24885K->9768K(28672K)] [ParOldGen: 65242K->65242K(65536K)] 90127K->75011K(94208K) [PSPermGen: 5155K->5155K(21504K)], 0.0051510 secs] [Times: user=0.02 sys=0.00, real=0.01 secs] 
51.426: Total time for which application threads were stopped: 0.0053290 seconds, Stopping threads took: 0.0000900 seconds
51.612: Application time: 0.1857680 seconds
51.612: [Full GC [PSYoungGen: 25082K->9374K(28672K)] [ParOldGen: 65242K->65242K(65536K)] 90324K->74616K(94208K) [PSPermGen: 5155K->5155K(21504K)], 0.0048050 secs] [Times: user=0.01 sys=0.00, real=0.01 secs] 
51.617: Total time for which application threads were stopped: 0.0049870 seconds, Stopping threads took: 0.0000960 seconds
51.819: Application time: 0.2014920 seconds
51.819: [Full GC [PSYoungGen: 25024K->10101K(28672K)] [ParOldGen: 65242K->65242K(65536K)] 90266K->75343K(94208K) [PSPermGen: 5155K->5155K(21504K)], 0.0048820 secs] [Times: user=0.02 sys=0.00, real=0.00 secs] 
51.824: Total time for which application threads were stopped: 0.0050450 seconds, Stopping threads took: 0.0000670 seconds
51.993: Application time: 0.1690910 seconds
51.993: [Full GC [PSYoungGen: 25041K->9769K(28672K)] [ParOldGen: 65242K->65242K(65536K)] 90283K->75011K(94208K) [PSPermGen: 5155K->5155K(21504K)], 0.0049200 secs] [Times: user=0.02 sys=0.00, real=0.01 secs] 
51.998: Total time for which application threads were stopped: 0.0051000 seconds, Stopping threads took: 0.0000830 seconds
52.190: Application time: 0.1919300 seconds
52.190: [Full GC [PSYoungGen: 25014K->9571K(28672K)] [ParOldGen: 65242K->65242K(65536K)] 90257K->74813K(94208K) [PSPermGen: 5155K->5155K(21504K)], 0.0048120 secs] [Times: user=0.02 sys=0.00, real=0.01 secs] 
52.195: Total time for which application threads were stopped: 0.0049940 seconds, Stopping threads took: 0.0000950 seconds
52.381: Application time: 0.1860140 seconds
52.381: [Full GC [PSYoungGen: 24857K->9374K(28672K)] [ParOldGen: 65242K->65242K(65536K)] 90100K->74616K(94208K) [PSPermGen: 5155K->5155K(21504K)], 0.0046700 secs] [Times: user=0.01 sys=0.00, real=0.00 secs] 
52.386: Total time for which application threads were stopped: 0.0048340 seconds, Stopping threads took: 0.0000680 seconds
52.556: Application time: 0.1701480 seconds
52.556: [Full GC [PSYoungGen: 24884K->9769K(28672K)] [ParOldGen: 65242K->65242K(65536K)] 90126K->75011K(94208K) [PSPermGen: 5155K->5155K(21504K)], 0.0049640 secs] [Times: user=0.02 sys=0.00, real=0.00 secs] 
52.561: Total time for which application threads were stopped: 0.0051260 seconds, Stopping threads took: 0.0000730 seconds
52.743: Application time: 0.1823430 seconds
52.743: [Full GC [PSYoungGen: 24875K->9967K(28672K)] [ParOldGen: 65242K->65242K(65536K)] 90117K->75209K(94208K) [PSPermGen: 5155K->5155K(21504K)], 0.0047840 secs] [Times: user=0.02 sys=0.00, real=0.01 secs] 
52.748: Total time for which application threads were stopped: 0.0049440 seconds, Stopping threads took: 0.0000740 seconds
52.956: Application time: 0.2079910 seconds
52.956: [Full GC [PSYoungGen: 25079K->9571K(28672K)] [ParOldGen: 65242K->65242K(65536K)] 90321K->74814K(94208K) [PSPermGen: 5155K->5155K(21504K)], 0.0047340 secs] [Times: user=0.02 sys=0.00, real=0.00 secs] 
52.961: Total time for which application threads were stopped: 0.0049320 seconds, Stopping threads took: 0.0001010 seconds
53.157: Application time: 0.1960810 seconds
53.157: [Full GC [PSYoungGen: 24967K->9571K(28672K)] [ParOldGen: 65242K->65242K(65536K)] 90209K->74814K(94208K) [PSPermGen: 5155K->5155K(21504K)], 0.0046820 secs] [Times: user=0.02 sys=0.00, real=0.00 secs] 
53.162: Total time for which application threads were stopped: 0.0048520 seconds, Stopping threads took: 0.0000840 seconds
53.324: Application time: 0.1618220 seconds
53.324: [Full GC [PSYoungGen: 24931K->9769K(28672K)] [ParOldGen: 65242K->65242K(65536K)] 90173K->75011K(94208K) [PSPermGen: 5155K->5155K(21504K)], 0.0047330 secs] [Times: user=0.02 sys=0.00, real=0.01 secs] 
53.329: Total time for which application threads were stopped: 0.0048890 seconds, Stopping threads took: 0.0000670 seconds
53.516: Application time: 0.1867280 seconds
53.516: [Full GC [PSYoungGen: 25075K->10039K(28672K)] [ParOldGen: 65242K->65242K(65536K)] 90317K->75281K(94208K) [PSPermGen: 5155K->5155K(21504K)], 0.0049180 secs] [Times: user=0.02 sys=0.00, real=0.00 secs] 
53.521: Total time for which application threads were stopped: 0.0051040 seconds, Stopping threads took: 0.0000890 seconds
53.732: Application time: 0.2109320 seconds
53.732: [Full GC [PSYoungGen: 24882K->9374K(28672K)] [ParOldGen: 65242K->65242K(65536K)] 90124K->74616K(94208K) [PSPermGen: 5155K->5155K(21504K)], 0.0045150 secs] [Times: user=0.02 sys=0.00, real=0.01 secs] 
53.736: Total time for which application threads were stopped: 0.0046760 seconds, Stopping threads took: 0.0000760 seconds
53.902: Application time: 0.1654160 seconds
53.902: [Full GC [PSYoungGen: 25083K->9771K(28672K)] [ParOldGen: 65242K->65242K(65536K)] 90325K->75013K(94208K) [PSPermGen: 5155K->5155K(21504K)], 0.0047650 secs] [Times: user=0.02 sys=0.00, real=0.01 secs] 
53.907: Total time for which application threads were stopped: 0.0049330 seconds, Stopping threads took: 0.0000810 seconds
54.110: Application time: 0.2031060 seconds
54.110: [Full GC [PSYoungGen: 24956K->9644K(28672K)] [ParOldGen: 65242K->65242K(65536K)] 90198K->74886K(94208K) [PSPermGen: 5155K->5155K(21504K)], 0.0047210 secs] [Times: user=0.01 sys=0.01, real=0.01 secs] 
54.115: Total time for which application threads were stopped: 0.0049100 seconds, Stopping threads took: 0.0000920 seconds
54.318: Application time: 0.2029970 seconds
54.318: Total time for which application threads were stopped: 0.0000880 seconds, Stopping threads took: 0.0000680 seconds
54.318: Application time: 0.0004570 seconds
54.318: [Full GC [PSYoungGen: 25028K->9105K(28672K)] [ParOldGen: 65511K->65511K(65536K)] 90540K->74616K(94208K) [PSPermGen: 5155K->5155K(21504K)], 0.0048570 secs] [Times: user=0.01 sys=0.00, real=0.00 secs] 
54.323: Total time for which application threads were stopped: 0.0049720 seconds, Stopping threads took: 0.0000370 seconds
54.483: Application time: 0.1601100 seconds
54.483: [Full GC [PSYoungGen: 25073K->9374K(28672K)] [ParOldGen: 65511K->65242K(65536K)] 90585K->74617K(94208K) [PSPermGen: 5155K->5155K(21504K)], 0.0044930 secs] [Times: user=0.02 sys=0.00, real=0.01 secs] 
54.488: Total time for which application threads were stopped: 0.0046700 seconds, Stopping threads took: 0.0000870 seconds
54.680: Application time: 0.1917780 seconds
54.680: [Full GC [PSYoungGen: 25018K->9968K(28672K)] [ParOldGen: 65242K->65242K(65536K)] 90260K->75210K(94208K) [PSPermGen: 5155K->5155K(21504K)], 0.0048100 secs] [Times: user=0.01 sys=0.00, real=0.00 secs] 
54.685: Total time for which application threads were stopped: 0.0049820 seconds, Stopping threads took: 0.0000760 seconds
54.903: Application time: 0.2177220 seconds
54.903: [Full GC [PSYoungGen: 24969K->9375K(28672K)] [ParOldGen: 65242K->65242K(65536K)] 90211K->74617K(94208K) [PSPermGen: 5155K->5155K(21504K)], 0.0045870 secs] [Times: user=0.01 sys=0.00, real=0.01 secs] 
54.907: Total time for which application threads were stopped: 0.0047480 seconds, Stopping threads took: 0.0000740 seconds
55.062: Application time: 0.1551670 seconds
55.063: [Full GC [PSYoungGen: 24956K->9644K(28672K)] [ParOldGen: 65242K->65242K(65536K)] 90199K->74887K(94208K) [PSPermGen: 5155K->5155K(21504K)], 0.0047980 secs] [Times: user=0.02 sys=0.00, real=0.01 secs] 
55.067: Total time for which application threads were stopped: 0.0049990 seconds, Stopping threads took: 0.0001150 seconds
55.257: Application time: 0.1893310 seconds
55.257: Total time for which application threads were stopped: 0.0001000 seconds, Stopping threads took: 0.0000710 seconds
55.257: Application time: 0.0000710 seconds
55.257: [Full GC [PSYoungGen: 25028K->9105K(28672K)] [ParOldGen: 65511K->65511K(65536K)] 90540K->74617K(94208K) [PSPermGen: 5155K->5155K(21504K)], 0.0045680 secs] [Times: user=0.02 sys=0.00, real=0.00 secs] 
55.262: Total time for which application threads were stopped: 0.0046930 seconds, Stopping threads took: 0.0000450 seconds
55.476: Application time: 0.2147080 seconds
55.476: [Full GC [PSYoungGen: 24826K->9572K(28672K)] [ParOldGen: 65511K->65242K(65536K)] 90338K->74815K(94208K) [PSPermGen: 5155K->5155K(21504K)], 0.0047300 secs] [Times: user=0.02 sys=0.00, real=0.00 secs] 
55.481: Total time for which application threads were stopped: 0.0048910 seconds, Stopping threads took: 0.0000750 seconds
55.653: Application time: 0.1721830 seconds
55.654: [Full GC [PSYoungGen: 24853K->9177K(28672K)] [ParOldGen: 65242K->65242K(65536K)] 90095K->74419K(94208K) [PSPermGen: 5155K->5155K(21504K)], 0.0047150 secs] [Times: user=0.02 sys=0.00, real=0.01 secs] 
55.658: Total time for which application threads were stopped: 0.0048940 seconds, Stopping threads took: 0.0000930 seconds
55.846: Application time: 0.1878830 seconds
55.846: [Full GC [PSYoungGen: 25024K->9375K(28672K)] [ParOldGen: 65242K->65242K(65536K)] 90266K->74617K(94208K) [PSPermGen: 5155K->5155K(21504K)], 0.0047210 secs] [Times: user=0.02 sys=0.00, real=0.00 secs] 
55.851: Total time for which application threads were stopped: 0.0048920 seconds, Stopping threads took: 0.0000770 seconds
56.045: Application time: 0.1937570 seconds
56.045: [Full GC [PSYoungGen: 25054K->9771K(28672K)] [ParOldGen: 65242K->65242K(65536K)] 90297K->75013K(94208K) [PSPermGen: 5155K->5155K(21504K)], 0.0048640 secs] [Times: user=0.02 sys=0.00, real=0.01 secs] 
56.050: Total time for which application threads were stopped: 0.0050290 seconds, Stopping threads took: 0.0000770 seconds
56.236: Application time: 0.1858160 seconds
56.236: Total time for which application threads were stopped: 0.0001000 seconds, Stopping threads took: 0.0000770 seconds
56.238: Application time: 0.0019910 seconds
56.238: [Full GC [PSYoungGen: 25035K->8718K(28672K)] [ParOldGen: 65306K->65306K(65536K)] 90341K->74024K(94208K) [PSPermGen: 5155K->5155K(21504K)], 0.0046410 secs] [Times: user=0.02 sys=0.00, real=0.00 secs] 
56.243: Total time for which application threads were stopped: 0.0047540 seconds, Stopping threads took: 0.0000360 seconds
56.430: Application time: 0.1878580 seconds
56.431: [Full GC [PSYoungGen: 24837K->9771K(28672K)] [ParOldGen: 65306K->65242K(65536K)] 90143K->75013K(94208K) [PSPermGen: 5155K->5155K(21504K)], 0.0046580 secs] [Times: user=0.02 sys=0.00, real=0.01 secs] 
56.435: Total time for which application threads were stopped: 0.0048220 seconds, Stopping threads took: 0.0000700 seconds
56.615: Application time: 0.1798160 seconds
56.615: Total time for which application threads were stopped: 0.0000990 seconds, Stopping threads took: 0.0000760 seconds
56.617: Application time: 0.0021040 seconds
56.617: [Full GC [PSYoungGen: 25083K->9564K(28672K)] [ParOldGen: 65511K->65511K(65536K)] 90595K->75076K(94208K) [PSPermGen: 5155K->5155K(21504K)], 0.0046870 secs] [Times: user=0.02 sys=0.00, real=0.00 secs] 
56.622: Total time for which application threads were stopped: 0.0048040 seconds, Stopping threads took: 0.0000350 seconds
56.815: Application time: 0.1928270 seconds
56.815: [Full GC [PSYoungGen: 24898K->9573K(28672K)] [ParOldGen: 65511K->65242K(65536K)] 90410K->74815K(94208K) [PSPermGen: 5155K->5155K(21504K)], 0.0047250 secs] [Times: user=0.02 sys=0.00, real=0.00 secs] 
56.820: Total time for which application threads were stopped: 0.0048800 seconds, Stopping threads took: 0.0000680 seconds
56.996: Application time: 0.1764540 seconds
56.996: [Full GC [PSYoungGen: 25051K->9375K(28672K)] [ParOldGen: 65242K->65242K(65536K)] 90293K->74618K(94208K) [PSPermGen: 5155K->5155K(21504K)], 0.0048760 secs] [Times: user=0.02 sys=0.00, real=0.00 secs] 
57.001: Total time for which application threads were stopped: 0.0050490 seconds, Stopping threads took: 0.0000720 seconds
57.188: Application time: 0.1866290 seconds
57.188: [Full GC [PSYoungGen: 24985K->9052K(28672K)] [ParOldGen: 65242K->65242K(65536K)] 90227K->74295K(94208K) [PSPermGen: 5155K->5155K(21504K)], 0.0047790 secs] [Times: user=0.02 sys=0.00, real=0.00 secs] 
57.193: Total time for which application threads were stopped: 0.0049430 seconds, Stopping threads took: 0.0000770 seconds
57.383: Application time: 0.1905820 seconds
57.384: [Full GC [PSYoungGen: 24969K->9645K(28672K)] [ParOldGen: 65242K->65242K(65536K)] 90211K->74888K(94208K) [PSPermGen: 5155K->5155K(21504K)], 0.0047030 secs] [Times: user=0.01 sys=0.00, real=0.01 secs] 
57.388: Total time for which application threads were stopped: 0.0048640 seconds, Stopping threads took: 0.0000730 seconds
57.563: Application time: 0.1751060 seconds
57.564: [Full GC [PSYoungGen: 24886K->9771K(28672K)] [ParOldGen: 65242K->65242K(65536K)] 90128K->75013K(94208K) [PSPermGen: 5155K->5155K(21504K)], 0.0047070 secs] [Times: user=0.02 sys=0.00, real=0.01 secs] 
57.568: Total time for which application threads were stopped: 0.0048800 seconds, Stopping threads took: 0.0000780 seconds
57.782: Application time: 0.2140010 seconds
57.782: [Full GC [PSYoungGen: 25083K->9377K(28672K)] [ParOldGen: 65242K->65242K(65536K)] 90325K->74619K(94208K) [PSPermGen: 5155K->5155K(21504K)], 0.0048420 secs] [Times: user=0.02 sys=0.00, real=0.01 secs] 
57.787: Total time for which application threads were stopped: 0.0050100 seconds, Stopping threads took: 0.0000800 seconds
57.979: Application time: 0.1912380 seconds
57.979: Total time for which application threads were stopped: 0.0001150 seconds, Stopping threads took: 0.0000920 seconds
57.979: Application time: 0.0002560 seconds
57.979: [Full GC [PSYoungGen: 24969K->9241K(28672K)] [ParOldGen: 65377K->65377K(65536K)] 90346K->74618K(94208K) [PSPermGen: 5155K->5155K(21504K)], 0.0047710 secs] [Times: user=0.01 sys=0.00, real=0.00 secs] 
57.984: Total time for which application threads were stopped: 0.0048940 seconds, Stopping threads took: 0.0000420 seconds
58.147: Application time: 0.1627950 seconds
58.147: [Full GC [PSYoungGen: 25078K->9439K(28672K)] [ParOldGen: 65511K->65377K(65536K)] 90590K->74816K(94208K) [PSPermGen: 5155K->5155K(21504K)], 0.0048570 secs] [Times: user=0.02 sys=0.00, real=0.00 secs] 
58.152: Total time for which application threads were stopped: 0.0050480 seconds, Stopping threads took: 0.0000850 seconds
58.347: Application time: 0.1949420 seconds
58.347: [Full GC [PSYoungGen: 24879K->9772K(28672K)] [ParOldGen: 65377K->65242K(65536K)] 90256K->75014K(94208K) [PSPermGen: 5155K->5155K(21504K)], 0.0048200 secs] [Times: user=0.02 sys=0.00, real=0.00 secs] 
58.352: Total time for which application threads were stopped: 0.0049820 seconds, Stopping threads took: 0.0000730 seconds
58.570: Application time: 0.2181280 seconds
58.570: [Full GC [PSYoungGen: 24971K->9376K(28672K)] [ParOldGen: 65242K->65242K(65536K)] 90213K->74619K(94208K) [PSPermGen: 5155K->5155K(21504K)], 0.0046410 secs] [Times: user=0.01 sys=0.00, real=0.01 secs] 
58.575: Total time for which application threads were stopped: 0.0048000 seconds, Stopping threads took: 0.0000720 seconds
58.743: Application time: 0.1681360 seconds
58.743: Total time for which application threads were stopped: 0.0001090 seconds, Stopping threads took: 0.0000710 seconds
58.743: Application time: 0.0004400 seconds
58.743: [Full GC [PSYoungGen: 24960K->9439K(28672K)] [ParOldGen: 65377K->65377K(65536K)] 90337K->74816K(94208K) [PSPermGen: 5155K->5155K(21504K)], 0.0046350 secs] [Times: user=0.02 sys=0.00, real=0.01 secs] 
58.748: Total time for which application threads were stopped: 0.0047750 seconds, Stopping threads took: 0.0000600 seconds
58.931: Application time: 0.1828540 seconds
58.931: [Full GC [PSYoungGen: 25084K->9502K(28672K)] [ParOldGen: 65448K->65314K(65536K)] 90533K->74816K(94208K) [PSPermGen: 5155K->5155K(21504K)], 0.0046140 secs] [Times: user=0.02 sys=0.00, real=0.01 secs] 
58.936: Total time for which application threads were stopped: 0.0047680 seconds, Stopping threads took: 0.0000690 seconds
59.141: Application time: 0.2052060 seconds
59.141: [Full GC [PSYoungGen: 25088K->10041K(28672K)] [ParOldGen: 65314K->65242K(65536K)] 90402K->75284K(94208K) [PSPermGen: 5155K->5155K(21504K)], 0.0047010 secs] [Times: user=0.02 sys=0.00, real=0.00 secs] 
59.146: Total time for which application threads were stopped: 0.0048660 seconds, Stopping threads took: 0.0000770 seconds
59.327: Application time: 0.1817530 seconds
59.328: [Full GC [PSYoungGen: 25050K->9179K(28672K)] [ParOldGen: 65242K->65242K(65536K)] 90293K->74421K(94208K) [PSPermGen: 5155K->5155K(21504K)], 0.0047870 secs] [Times: user=0.02 sys=0.00, real=0.00 secs] 
59.332: Total time for which application threads were stopped: 0.0049530 seconds, Stopping threads took: 0.0000720 seconds
59.521: Application time: 0.1883430 seconds
59.521: [Full GC [PSYoungGen: 24950K->9179K(28672K)] [ParOldGen: 65242K->65242K(65536K)] 90192K->74421K(94208K) [PSPermGen: 5155K->5155K(21504K)], 0.0046590 secs] [Times: user=0.01 sys=0.00, real=0.00 secs] 
59.526: Total time for which application threads were stopped: 0.0048190 seconds, Stopping threads took: 0.0000700 seconds
59.711: Application time: 0.1858240 seconds
59.712: [Full GC [PSYoungGen: 25078K->9512K(28672K)] [ParOldGen: 65242K->65242K(65536K)] 90320K->74754K(94208K) [PSPermGen: 5155K->5155K(21504K)], 0.0049220 secs] [Times: user=0.02 sys=0.00, real=0.01 secs] 
59.716: Total time for which application threads were stopped: 0.0050890 seconds, Stopping threads took: 0.0000770 seconds
59.901: Application time: 0.1848290 seconds
59.901: Total time for which application threads were stopped: 0.0000900 seconds, Stopping threads took: 0.0000570 seconds
59.902: Application time: 0.0002320 seconds
59.902: [Full GC [PSYoungGen: 24963K->9637K(28672K)] [ParOldGen: 65377K->65377K(65536K)] 90340K->75015K(94208K) [PSPermGen: 5155K->5155K(21504K)], 0.0046000 secs] [Times: user=0.01 sys=0.00, real=0.01 secs] 
59.906: Total time for which application threads were stopped: 0.0047090 seconds, Stopping threads took: 0.0000210 seconds
60.103: Application time: 0.1968520 seconds
60.103: [Full GC [PSYoungGen: 24959K->9179K(28672K)] [ParOldGen: 65377K->65242K(65536K)] 90336K->74422K(94208K) [PSPermGen: 5155K->5155K(21504K)], 0.0046980 secs] [Times: user=0.02 sys=0.00, real=0.01 secs] 
60.108: Total time for which application threads were stopped: 0.0048650 seconds, Stopping threads took: 0.0000780 seconds
60.294: Application time: 0.1855770 seconds
60.294: [Full GC [PSYoungGen: 24896K->9377K(28672K)] [ParOldGen: 65242K->65242K(65536K)] 90138K->74619K(94208K) [PSPermGen: 5155K->5155K(21504K)], 0.0046880 secs] [Times: user=0.01 sys=0.00, real=0.01 secs] 
60.298: Total time for which application threads were stopped: 0.0048520 seconds, Stopping threads took: 0.0000760 seconds
60.481: Application time: 0.1821780 seconds
60.481: [Full GC [PSYoungGen: 24970K->9575K(28672K)] [ParOldGen: 65242K->65242K(65536K)] 90213K->74817K(94208K) [PSPermGen: 5155K->5155K(21504K)], 0.0047460 secs] [Times: user=0.02 sys=0.00, real=0.00 secs] 
60.486: Total time for which application threads were stopped: 0.0049170 seconds, Stopping threads took: 0.0000750 seconds
60.669: Application time: 0.1831600 seconds
60.669: [Full GC [PSYoungGen: 25083K->9774K(28672K)] [ParOldGen: 65242K->65242K(65536K)] 90325K->75016K(94208K) [PSPermGen: 5155K->5155K(21504K)], 0.0046120 secs] [Times: user=0.02 sys=0.00, real=0.00 secs] 
60.674: Total time for which application threads were stopped: 0.0047840 seconds, Stopping threads took: 0.0000850 seconds
60.857: Application time: 0.1837430 seconds
60.857: [Full GC [PSYoungGen: 24990K->9377K(28672K)] [ParOldGen: 65242K->65242K(65536K)] 90232K->74620K(94208K) [PSPermGen: 5155K->5155K(21504K)], 0.0048420 secs] [Times: user=0.02 sys=0.00, real=0.00 secs] 
60.862: Total time for which application threads were stopped: 0.0050150 seconds, Stopping threads took: 0.0000810 seconds
61.057: Application time: 0.1950850 seconds
61.058: [Full GC [PSYoungGen: 24984K->9378K(28672K)] [ParOldGen: 65242K->65242K(65536K)] 90226K->74620K(94208K) [PSPermGen: 5155K->5155K(21504K)], 0.0047830 secs] [Times: user=0.02 sys=0.00, real=0.00 secs] 
61.062: Total time for which application threads were stopped: 0.0049770 seconds, Stopping threads took: 0.0000960 seconds
61.230: Application time: 0.1676010 seconds
61.230: Total time for which application threads were stopped: 0.0000860 seconds, Stopping threads took: 0.0000660 seconds
61.230: Application time: 0.0000500 seconds
61.230: [Full GC [PSYoungGen: 24961K->9440K(28672K)] [ParOldGen: 65377K->65377K(65536K)] 90338K->74817K(94208K) [PSPermGen: 5155K->5155K(21504K)], 0.0046540 secs] [Times: user=0.01 sys=0.00, real=0.01 secs] 
61.235: Total time for which application threads were stopped: 0.0047720 seconds, Stopping threads took: 0.0000390 seconds
61.442: Application time: 0.2070810 seconds
61.442: [Full GC [PSYoungGen: 25028K->9575K(28672K)] [ParOldGen: 65511K->65242K(65536K)] 90540K->74817K(94208K) [PSPermGen: 5155K->5155K(21504K)], 0.0048150 secs] [Times: user=0.02 sys=0.00, real=0.01 secs] 
61.447: Total time for which application threads were stopped: 0.0049720 seconds, Stopping threads took: 0.0000700 seconds
61.644: Application time: 0.1970670 seconds
61.644: Total time for which application threads were stopped: 0.0001060 seconds, Stopping threads took: 0.0000740 seconds
61.645: Application time: 0.0004410 seconds
61.645: [Full GC [PSYoungGen: 25086K->9567K(28672K)] [ParOldGen: 65250K->65250K(65536K)] 90336K->74817K(94208K) [PSPermGen: 5155K->5155K(21504K)], 0.0046820 secs] [Times: user=0.02 sys=0.00, real=0.01 secs] 
61.649: Total time for which application threads were stopped: 0.0048270 seconds, Stopping threads took: 0.0000560 seconds
61.820: Application time: 0.1704340 seconds
61.820: [Full GC [PSYoungGen: 25079K->9179K(28672K)] [ParOldGen: 65512K->65441K(65536K)] 90592K->74620K(94208K) [PSPermGen: 5155K->5155K(21504K)], 0.0047680 secs] [Times: user=0.02 sys=0.00, real=0.00 secs] 
61.825: Total time for which application threads were stopped: 0.0049300 seconds, Stopping threads took: 0.0000700 seconds
62.016: Application time: 0.1915450 seconds
62.016: [Full GC [PSYoungGen: 25028K->9773K(28672K)] [ParOldGen: 65441K->65242K(65536K)] 90469K->75016K(94208K) [PSPermGen: 5155K->5155K(21504K)], 0.0048060 secs] [Times: user=0.02 sys=0.00, real=0.00 secs] 
62.021: Total time for which application threads were stopped: 0.0049720 seconds, Stopping threads took: 0.0000750 seconds
62.231: Application time: 0.2096470 seconds
62.231: Total time for which application threads were stopped: 0.0001160 seconds, Stopping threads took: 0.0000850 seconds
62.233: Application time: 0.0022000 seconds
62.233: [Full GC [PSYoungGen: 24974K->9171K(28672K)] [ParOldGen: 65511K->65511K(65536K)] 90485K->74683K(94208K) [PSPermGen: 5155K->5155K(21504K)], 0.0045770 secs] [Times: user=0.02 sys=0.00, real=0.01 secs] 
62.238: Total time for which application threads were stopped: 0.0046980 seconds, Stopping threads took: 0.0000370 seconds
62.417: Application time: 0.1791320 seconds
62.417: [Full GC [PSYoungGen: 24826K->9378K(28672K)] [ParOldGen: 65511K->65242K(65536K)] 90338K->74620K(94208K) [PSPermGen: 5155K->5155K(21504K)], 0.0047310 secs] [Times: user=0.02 sys=0.00, real=0.00 secs] 
62.422: Total time for which application threads were stopped: 0.0049010 seconds, Stopping threads took: 0.0000760 seconds
62.613: Application time: 0.1908530 seconds
62.613: [Full GC [PSYoungGen: 24890K->9773K(28672K)] [ParOldGen: 65242K->65242K(65536K)] 90132K->75016K(94208K) [PSPermGen: 5155K->5155K(21504K)], 0.0046500 secs] [Times: user=0.02 sys=0.00, real=0.01 secs] 
62.618: Total time for which application threads were stopped: 0.0048150 seconds, Stopping threads took: 0.0000780 seconds
62.798: Application time: 0.1803130 seconds
62.798: [Full GC [PSYoungGen: 25087K->9773K(28672K)] [ParOldGen: 65242K->65242K(65536K)] 90329K->75016K(94208K) [PSPermGen: 5155K->5155K(21504K)], 0.0048100 secs] [Times: user=0.02 sys=0.00, real=0.00 secs] 
62.803: Total time for which application threads were stopped: 0.0049720 seconds, Stopping threads took: 0.0000700 seconds
62.995: Application time: 0.1918940 seconds
62.995: [Full GC [PSYoungGen: 25060K->9181K(28672K)] [ParOldGen: 65242K->65242K(65536K)] 90303K->74423K(94208K) [PSPermGen: 5155K->5155K(21504K)], 0.0047490 secs] [Times: user=0.02 sys=0.00, real=0.00 secs] 
63.000: Total time for which application threads were stopped: 0.0049200 seconds, Stopping threads took: 0.0000830 seconds
63.192: Application time: 0.1918620 seconds
63.192: Total time for which application threads were stopped: 0.0000910 seconds, Stopping threads took: 0.0000710 seconds
63.192: Application time: 0.0006370 seconds
63.192: [Full GC [PSYoungGen: 25041K->9377K(28672K)] [ParOldGen: 65441K->65441K(65536K)] 90482K->74818K(94208K) [PSPermGen: 5155K->5155K(21504K)], 0.0047230 secs] [Times: user=0.02 sys=0.00, real=0.01 secs] 
63.197: Total time for which application threads were stopped: 0.0048390 seconds, Stopping threads took: 0.0000390 seconds
63.397: Application time: 0.1997690 seconds
63.397: [Full GC [PSYoungGen: 25064K->9379K(28672K)] [ParOldGen: 65441K->65242K(65536K)] 90505K->74621K(94208K) [PSPermGen: 5155K->5155K(21504K)], 0.0047960 secs] [Times: user=0.02 sys=0.00, real=0.00 secs] 
63.402: Total time for which application threads were stopped: 0.0049700 seconds, Stopping threads took: 0.0000770 seconds
63.571: Application time: 0.1694720 seconds
63.572: [Full GC [PSYoungGen: 25087K->9775K(28672K)] [ParOldGen: 65242K->65242K(65536K)] 90329K->75018K(94208K) [PSPermGen: 5155K->5155K(21504K)], 0.0046570 secs] [Times: user=0.01 sys=0.00, real=0.01 secs] 
63.576: Total time for which application threads were stopped: 0.0048210 seconds, Stopping threads took: 0.0000690 seconds
63.775: Application time: 0.1985060 seconds
63.775: [Full GC [PSYoungGen: 25087K->9775K(28672K)] [ParOldGen: 65242K->65242K(65536K)] 90329K->75018K(94208K) [PSPermGen: 5155K->5155K(21504K)], 0.0046790 secs] [Times: user=0.02 sys=0.00, real=0.00 secs] 
63.780: Total time for which application threads were stopped: 0.0048450 seconds, Stopping threads took: 0.0000760 seconds
63.967: Application time: 0.1876680 seconds
63.967: [Full GC [PSYoungGen: 24964K->9648K(28672K)] [ParOldGen: 65242K->65242K(65536K)] 90206K->74891K(94208K) [PSPermGen: 5155K->5155K(21504K)], 0.0047170 secs] [Times: user=0.02 sys=0.00, real=0.00 secs] 
63.972: Total time for which application threads were stopped: 0.0048800 seconds, Stopping threads took: 0.0000710 seconds
64.156: Application time: 0.1834600 seconds
64.156: [Full GC [PSYoungGen: 24983K->9181K(28672K)] [ParOldGen: 65242K->65242K(65536K)] 90226K->74423K(94208K) [PSPermGen: 5155K->5155K(21504K)], 0.0046520 secs] [Times: user=0.01 sys=0.00, real=0.00 secs] 
64.160: Total time for which application threads were stopped: 0.0048130 seconds, Stopping threads took: 0.0000750 seconds
64.334: Application time: 0.1737080 seconds
64.334: [Full GC [PSYoungGen: 25007K->10044K(28672K)] [ParOldGen: 65242K->65242K(65536K)] 90249K->75286K(94208K) [PSPermGen: 5155K->5155K(21504K)], 0.0048840 secs] [Times: user=0.02 sys=0.00, real=0.00 secs] 
64.339: Total time for which application threads were stopped: 0.0050480 seconds, Stopping threads took: 0.0000770 seconds
64.522: Application time: 0.1824960 seconds
64.522: [Full GC [PSYoungGen: 24934K->9577K(28672K)] [ParOldGen: 65242K->65242K(65536K)] 90176K->74819K(94208K) [PSPermGen: 5155K->5155K(21504K)], 0.0048340 secs] [Times: user=0.01 sys=0.00, real=0.01 secs] 
64.527: Total time for which application threads were stopped: 0.0050130 seconds, Stopping threads took: 0.0000830 seconds
64.757: Application time: 0.2301500 seconds
64.757: [Full GC [PSYoungGen: 24984K->8786K(28672K)] [ParOldGen: 65242K->65242K(65536K)] 90226K->74028K(94208K) [PSPermGen: 5155K->5155K(21504K)], 0.0046230 secs] [Times: user=0.01 sys=0.00, real=0.00 secs] 
64.762: Total time for which application threads were stopped: 0.0047830 seconds, Stopping threads took: 0.0000730 seconds
64.926: Application time: 0.1639050 seconds
64.926: [Full GC [PSYoungGen: 24974K->9847K(28672K)] [ParOldGen: 65242K->65242K(65536K)] 90216K->75089K(94208K) [PSPermGen: 5155K->5155K(21504K)], 0.0050150 secs] [Times: user=0.02 sys=0.00, real=0.01 secs] 
64.931: Total time for which application threads were stopped: 0.0051740 seconds, Stopping threads took: 0.0000710 seconds
65.124: Application time: 0.1933180 seconds
65.124: [Full GC [PSYoungGen: 25086K->9775K(28672K)] [ParOldGen: 65242K->65242K(65536K)] 90328K->75017K(94208K) [PSPermGen: 5155K->5155K(21504K)], 0.0047600 secs] [Times: user=0.02 sys=0.00, real=0.01 secs] 
65.129: Total time for which application threads were stopped: 0.0049170 seconds, Stopping threads took: 0.0000620 seconds
65.322: Application time: 0.1926010 seconds
65.322: [Full GC [PSYoungGen: 24958K->10044K(28672K)] [ParOldGen: 65242K->65242K(65536K)] 90200K->75287K(94208K) [PSPermGen: 5155K->5155K(21504K)], 0.0049050 secs] [Times: user=0.02 sys=0.00, real=0.01 secs] 
65.327: Total time for which application threads were stopped: 0.0050830 seconds, Stopping threads took: 0.0000890 seconds
65.513: Application time: 0.1864810 seconds
65.513: Total time for which application threads were stopped: 0.0000990 seconds, Stopping threads took: 0.0000760 seconds
65.513: Application time: 0.0000650 seconds
65.513: [Full GC [PSYoungGen: 25085K->8912K(28672K)] [ParOldGen: 65511K->65511K(65536K)] 90597K->74424K(94208K) [PSPermGen: 5155K->5155K(21504K)], 0.0045910 secs] [Times: user=0.02 sys=0.00, real=0.01 secs] 
65.518: Total time for which application threads were stopped: 0.0047370 seconds, Stopping threads took: 0.0000660 seconds
65.695: Application time: 0.1770600 seconds
65.695: [Full GC [PSYoungGen: 24958K->9775K(28672K)] [ParOldGen: 65511K->65242K(65536K)] 90470K->75017K(94208K) [PSPermGen: 5155K->5155K(21504K)], 0.0046920 secs] [Times: user=0.02 sys=0.00, real=0.00 secs] 
65.700: Total time for which application threads were stopped: 0.0048850 seconds, Stopping threads took: 0.0000900 seconds
65.880: Application time: 0.1798500 seconds
65.880: [Full GC [PSYoungGen: 24973K->9380K(28672K)] [ParOldGen: 65242K->65242K(65536K)] 90216K->74622K(94208K) [PSPermGen: 5155K->5155K(21504K)], 0.0046770 secs] [Times: user=0.02 sys=0.00, real=0.00 secs] 
65.885: Total time for which application threads were stopped: 0.0048390 seconds, Stopping threads took: 0.0000770 seconds
66.068: Application time: 0.1834750 seconds
66.068: [Full GC [PSYoungGen: 25026K->9910K(28672K)] [ParOldGen: 65242K->65242K(65536K)] 90268K->75152K(94208K) [PSPermGen: 5155K->5155K(21504K)], 0.0048260 secs] [Times: user=0.01 sys=0.00, real=0.00 secs] 
66.073: Total time for which application threads were stopped: 0.0050090 seconds, Stopping threads took: 0.0000920 seconds
66.284: Application time: 0.2106510 seconds
66.284: Total time for which application threads were stopped: 0.0001100 seconds, Stopping threads took: 0.0000790 seconds
66.284: Application time: 0.0000730 seconds
66.284: [Full GC [PSYoungGen: 25039K->8913K(28672K)] [ParOldGen: 65511K->65511K(65536K)] 90551K->74424K(94208K) [PSPermGen: 5155K->5155K(21504K)], 0.0046530 secs] [Times: user=0.01 sys=0.00, real=0.01 secs] 
66.289: Total time for which application threads were stopped: 0.0047740 seconds, Stopping threads took: 0.0000420 seconds
66.469: Application time: 0.1804690 seconds
66.469: [Full GC [PSYoungGen: 25033K->9380K(28672K)] [ParOldGen: 65511K->65242K(65536K)] 90545K->74622K(94208K) [PSPermGen: 5155K->5155K(21504K)], 0.0048900 secs] [Times: user=0.01 sys=0.00, real=0.01 secs] 
66.474: Total time for which application threads were stopped: 0.0050490 seconds, Stopping threads took: 0.0000710 seconds
66.648: Application time: 0.1739980 seconds
66.648: [Full GC [PSYoungGen: 24861K->9578K(28672K)] [ParOldGen: 65242K->65242K(65536K)] 90104K->74820K(94208K) [PSPermGen: 5155K->5155K(21504K)], 0.0047190 secs] [Times: user=0.02 sys=0.00, real=0.00 secs] 
66.653: Total time for which application threads were stopped: 0.0048720 seconds, Stopping threads took: 0.0000650 seconds
66.857: Application time: 0.2033930 seconds
66.857: [Full GC [PSYoungGen: 24854K->9776K(28672K)] [ParOldGen: 65242K->65242K(65536K)] 90096K->75018K(94208K) [PSPermGen: 5155K->5155K(21504K)], 0.0047090 secs] [Times: user=0.02 sys=0.00, real=0.00 secs] 
66.861: Total time for which application threads were stopped: 0.0048680 seconds, Stopping threads took: 0.0000640 seconds
67.040: Application time: 0.1781870 seconds
67.040: [Full GC [PSYoungGen: 24949K->8985K(28672K)] [ParOldGen: 65242K->65242K(65536K)] 90192K->74227K(94208K) [PSPermGen: 5155K->5155K(21504K)], 0.0046100 secs] [Times: user=0.02 sys=0.00, real=0.00 secs] 
67.044: Total time for which application threads were stopped: 0.0047820 seconds, Stopping threads took: 0.0000840 seconds
67.226: Application time: 0.1820820 seconds
67.227: [Full GC [PSYoungGen: 25049K->10045K(28672K)] [ParOldGen: 65242K->65242K(65536K)] 90291K->75288K(94208K) [PSPermGen: 5155K->5155K(21504K)], 0.0050020 secs] [Times: user=0.01 sys=0.00, real=0.00 secs] 
67.232: Total time for which application threads were stopped: 0.0051830 seconds, Stopping threads took: 0.0000930 seconds
67.411: Application time: 0.1790470 seconds
67.411: [Full GC [PSYoungGen: 25088K->9776K(28672K)] [ParOldGen: 65242K->65242K(65536K)] 90330K->75018K(94208K) [PSPermGen: 5155K->5155K(21504K)], 0.0048670 secs] [Times: user=0.02 sys=0.00, real=0.01 secs] 
67.416: Total time for which application threads were stopped: 0.0050530 seconds, Stopping threads took: 0.0000910 seconds
67.608: Application time: 0.1920430 seconds
67.608: [Full GC [PSYoungGen: 25081K->9975K(28672K)] [ParOldGen: 65242K->65242K(65536K)] 90324K->75217K(94208K) [PSPermGen: 5155K->5155K(21504K)], 0.0049400 secs] [Times: user=0.02 sys=0.00, real=0.00 secs] 
67.613: Total time for which application threads were stopped: 0.0051360 seconds, Stopping threads took: 0.0000970 seconds
67.808: Application time: 0.1951560 seconds
67.808: [Full GC [PSYoungGen: 24984K->8985K(28672K)] [ParOldGen: 65242K->65242K(65536K)] 90226K->74227K(94208K) [PSPermGen: 5155K->5155K(21504K)], 0.0047420 secs] [Times: user=0.02 sys=0.00, real=0.00 secs] 
67.813: Total time for which application threads were stopped: 0.0049060 seconds, Stopping threads took: 0.0000760 seconds
67.987: Application time: 0.1742290 seconds
67.987: [Full GC [PSYoungGen: 24947K->9776K(28672K)] [ParOldGen: 65242K->65242K(65536K)] 90189K->75018K(94208K) [PSPermGen: 5155K->5155K(21504K)], 0.0047330 secs] [Times: user=0.02 sys=0.00, real=0.00 secs] 
67.992: Total time for which application threads were stopped: 0.0049000 seconds, Stopping threads took: 0.0000710 seconds
68.175: Application time: 0.1824540 seconds
68.175: [Full GC [PSYoungGen: 25071K->9516K(28672K)] [ParOldGen: 65242K->65242K(65536K)] 90314K->74758K(94208K) [PSPermGen: 5155K->5155K(21504K)], 0.0047370 secs] [Times: user=0.02 sys=0.00, real=0.00 secs] 
68.180: Total time for which application threads were stopped: 0.0049030 seconds, Stopping threads took: 0.0000780 seconds
68.391: Application time: 0.2114270 seconds
68.391: [Full GC [PSYoungGen: 24990K->9381K(28672K)] [ParOldGen: 65242K->65242K(65536K)] 90232K->74623K(94208K) [PSPermGen: 5155K->5155K(21504K)], 0.0045750 secs] [Times: user=0.01 sys=0.00, real=0.01 secs] 
68.396: Total time for which application threads were stopped: 0.0047490 seconds, Stopping threads took: 0.0000860 seconds
68.576: Application time: 0.1805190 seconds
68.576: Total time for which application threads were stopped: 0.0001010 seconds, Stopping threads took: 0.0000700 seconds
68.578: Application time: 0.0014070 seconds
68.578: [Full GC [PSYoungGen: 25038K->9111K(28672K)] [ParOldGen: 65511K->65511K(65536K)] 90550K->74623K(94208K) [PSPermGen: 5155K->5155K(21504K)], 0.0046570 secs] [Times: user=0.01 sys=0.01, real=0.00 secs] 
68.582: Total time for which application threads were stopped: 0.0047770 seconds, Stopping threads took: 0.0000410 seconds
68.775: Application time: 0.1929900 seconds
68.776: [Full GC [PSYoungGen: 25038K->9381K(28672K)] [ParOldGen: 65511K->65242K(65536K)] 90550K->74623K(94208K) [PSPermGen: 5155K->5155K(21504K)], 0.0046780 secs] [Times: user=0.02 sys=0.00, real=0.00 secs] 
68.780: Total time for which application threads were stopped: 0.0048400 seconds, Stopping threads took: 0.0000750 seconds
68.966: Application time: 0.1856200 seconds
68.966: [Full GC [PSYoungGen: 24953K->10244K(28672K)] [ParOldGen: 65242K->65242K(65536K)] 90196K->75486K(94208K) [PSPermGen: 5155K->5155K(21504K)], 0.0048620 secs] [Times: user=0.02 sys=0.00, real=0.00 secs] 
68.971: Total time for which application threads were stopped: 0.0050360 seconds, Stopping threads took: 0.0000850 seconds
69.161: Application time: 0.1896020 seconds
69.161: [Full GC [PSYoungGen: 25070K->9318K(28672K)] [ParOldGen: 65242K->65242K(65536K)] 90312K->74561K(94208K) [PSPermGen: 5155K->5155K(21504K)], 0.0049050 secs] [Times: user=0.02 sys=0.00, real=0.00 secs] 
69.166: Total time for which application threads were stopped: 0.0050950 seconds, Stopping threads took: 0.0000910 seconds
69.351: Application time: 0.1857360 seconds
69.352: [Full GC [PSYoungGen: 25077K->8986K(28672K)] [ParOldGen: 65242K->65242K(65536K)] 90320K->74228K(94208K) [PSPermGen: 5155K->5155K(21504K)], 0.0045110 secs] [Times: user=0.02 sys=0.00, real=0.01 secs] 
69.356: Total time for which application threads were stopped: 0.0046720 seconds, Stopping threads took: 0.0000750 seconds
69.534: Application time: 0.1777390 seconds
69.534: Total time for which application threads were stopped: 0.0000900 seconds, Stopping threads took: 0.0000710 seconds
69.534: Application time: 0.0004210 seconds
69.534: [Full GC [PSYoungGen: 24960K->8977K(28672K)] [ParOldGen: 65511K->65511K(65536K)] 90471K->74489K(94208K) [PSPermGen: 5155K->5155K(21504K)], 0.0045390 secs] [Times: user=0.01 sys=0.00, real=0.00 secs] 
69.539: Total time for which application threads were stopped: 0.0046570 seconds, Stopping threads took: 0.0000340 seconds
69.733: Application time: 0.1937700 seconds
69.733: [Full GC [PSYoungGen: 25027K->9777K(28672K)] [ParOldGen: 65511K->65242K(65536K)] 90539K->75019K(94208K) [PSPermGen: 5155K->5155K(21504K)], 0.0048990 secs] [Times: user=0.01 sys=0.00, real=0.01 secs] 
69.738: Total time for which application threads were stopped: 0.0050680 seconds, Stopping threads took: 0.0000690 seconds
69.937: Application time: 0.1990180 seconds
69.937: [Full GC [PSYoungGen: 24960K->9453K(28672K)] [ParOldGen: 65242K->65242K(65536K)] 90203K->74696K(94208K) [PSPermGen: 5155K->5155K(21504K)], 0.0049100 secs] [Times: user=0.02 sys=0.00, real=0.00 secs] 
69.942: Total time for which application threads were stopped: 0.0050730 seconds, Stopping threads took: 0.0000710 seconds
70.115: Application time: 0.1727610 seconds
70.115: [Full GC [PSYoungGen: 25082K->9968K(28672K)] [ParOldGen: 65242K->65242K(65536K)] 90324K->75210K(94208K) [PSPermGen: 5155K->5155K(21504K)], 0.0048220 secs] [Times: user=0.02 sys=0.00, real=0.00 secs] 
70.120: Total time for which application threads were stopped: 0.0049840 seconds, Stopping threads took: 0.0000770 seconds
70.297: Application time: 0.1776460 seconds
70.297: Total time for which application threads were stopped: 0.0000980 seconds, Stopping threads took: 0.0000690 seconds
70.299: Application time: 0.0014370 seconds
70.299: [Full GC [PSYoungGen: 24988K->9705K(28672K)] [ParOldGen: 65511K->65511K(65536K)] 90500K->75217K(94208K) [PSPermGen: 5155K->5155K(21504K)], 0.0047510 secs] [Times: user=0.02 sys=0.00, real=0.00 secs] 
70.304: Total time for which application threads were stopped: 0.0048780 seconds, Stopping threads took: 0.0000440 seconds
70.485: Application time: 0.1811800 seconds
70.485: [Full GC [PSYoungGen: 25055K->10047K(28672K)] [ParOldGen: 65511K->65242K(65536K)] 90567K->75289K(94208K) [PSPermGen: 5155K->5155K(21504K)], 0.0047410 secs] [Times: user=0.02 sys=0.00, real=0.01 secs] 
70.490: Total time for which application threads were stopped: 0.0049110 seconds, Stopping threads took: 0.0000830 seconds
70.686: Application time: 0.1965160 seconds
70.686: Total time for which application threads were stopped: 0.0000940 seconds, Stopping threads took: 0.0000730 seconds
70.687: Application time: 0.0003970 seconds
70.687: [Full GC [PSYoungGen: 25006K->9247K(28672K)] [ParOldGen: 65377K->65377K(65536K)] 90383K->74624K(94208K) [PSPermGen: 5155K->5155K(21504K)], 0.0045620 secs] [Times: user=0.02 sys=0.00, real=0.00 secs] 
70.692: Total time for which application threads were stopped: 0.0046830 seconds, Stopping threads took: 0.0000440 seconds
70.891: Application time: 0.1999110 seconds
70.892: [Full GC [PSYoungGen: 24855K->9184K(28672K)] [ParOldGen: 65377K->65242K(65536K)] 90232K->74427K(94208K) [PSPermGen: 5155K->5155K(21504K)], 0.0046900 secs] [Times: user=0.02 sys=0.00, real=0.01 secs] 
70.896: Total time for which application threads were stopped: 0.0048690 seconds, Stopping threads took: 0.0000830 seconds
71.063: Application time: 0.1667050 seconds
71.063: [Full GC [PSYoungGen: 25026K->9912K(28672K)] [ParOldGen: 65242K->65242K(65536K)] 90268K->75155K(94208K) [PSPermGen: 5155K->5155K(21504K)], 0.0048700 secs] [Times: user=0.01 sys=0.00, real=0.01 secs] 
71.068: Total time for which application threads were stopped: 0.0050390 seconds, Stopping threads took: 0.0000810 seconds
71.254: Application time: 0.1859090 seconds
71.254: [Full GC [PSYoungGen: 24954K->10047K(28672K)] [ParOldGen: 65242K->65242K(65536K)] 90196K->75289K(94208K) [PSPermGen: 5155K->5155K(21504K)], 0.0048140 secs] [Times: user=0.02 sys=0.00, real=0.00 secs] 
71.259: Total time for which application threads were stopped: 0.0049780 seconds, Stopping threads took: 0.0000800 seconds
71.461: Application time: 0.2019990 seconds
71.461: [Full GC [PSYoungGen: 24974K->9382K(28672K)] [ParOldGen: 65242K->65242K(65536K)] 90217K->74624K(94208K) [PSPermGen: 5155K->5155K(21504K)], 0.0048640 secs] [Times: user=0.02 sys=0.01, real=0.01 secs] 
71.466: Total time for which application threads were stopped: 0.0050540 seconds, Stopping threads took: 0.0000730 seconds
71.642: Application time: 0.1763690 seconds
71.642: Total time for which application threads were stopped: 0.0001000 seconds, Stopping threads took: 0.0000760 seconds
71.644: Application time: 0.0013690 seconds
71.644: [Full GC [PSYoungGen: 25080K->8906K(28672K)] [ParOldGen: 65314K->65314K(65536K)] 90394K->74220K(94208K) [PSPermGen: 5155K->5155K(21504K)], 0.0046550 secs] [Times: user=0.02 sys=0.00, real=0.01 secs] 
71.649: Total time for which application threads were stopped: 0.0047720 seconds, Stopping threads took: 0.0000360 seconds
71.846: Application time: 0.1978560 seconds
71.847: [Full GC [PSYoungGen: 25076K->9778K(28672K)] [ParOldGen: 65314K->65242K(65536K)] 90390K->75020K(94208K) [PSPermGen: 5155K->5155K(21504K)], 0.0048750 secs] [Times: user=0.02 sys=0.00, real=0.00 secs] 
71.852: Total time for which application threads were stopped: 0.0050310 seconds, Stopping threads took: 0.0000680 seconds
72.023: Application time: 0.1712900 seconds
72.023: [Full GC [PSYoungGen: 24965K->9778K(28672K)] [ParOldGen: 65242K->65242K(65536K)] 90207K->75020K(94208K) [PSPermGen: 5155K->5155K(21504K)], 0.0046870 secs] [Times: user=0.02 sys=0.00, real=0.01 secs] 
72.028: Total time for which application threads were stopped: 0.0048590 seconds, Stopping threads took: 0.0000760 seconds
72.229: Application time: 0.2011880 seconds
72.229: Total time for which application threads were stopped: 0.0001060 seconds, Stopping threads took: 0.0000830 seconds
72.230: Application time: 0.0015150 seconds
72.231: [Full GC [PSYoungGen: 25043K->8726K(28672K)] [ParOldGen: 65306K->65306K(65536K)] 90349K->74032K(94208K) [PSPermGen: 5155K->5155K(21504K)], 0.0045350 secs] [Times: user=0.02 sys=0.00, real=0.01 secs] 
72.235: Total time for which application threads were stopped: 0.0046620 seconds, Stopping threads took: 0.0000490 seconds
72.423: Application time: 0.1879790 seconds
72.423: [Full GC [PSYoungGen: 24850K->9185K(28672K)] [ParOldGen: 65306K->65242K(65536K)] 90157K->74427K(94208K) [PSPermGen: 5155K->5155K(21504K)], 0.0046610 secs] [Times: user=0.02 sys=0.00, real=0.01 secs] 
72.428: Total time for which application threads were stopped: 0.0048170 seconds, Stopping threads took: 0.0000700 seconds
72.614: Application time: 0.1859530 seconds
72.614: [Full GC [PSYoungGen: 25027K->9913K(28672K)] [ParOldGen: 65242K->65242K(65536K)] 90269K->75155K(94208K) [PSPermGen: 5155K->5155K(21504K)], 0.0048810 secs] [Times: user=0.02 sys=0.00, real=0.00 secs] 
72.619: Total time for which application threads were stopped: 0.0050540 seconds, Stopping threads took: 0.0000780 seconds
72.812: Application time: 0.1926360 seconds
72.812: [Full GC [PSYoungGen: 24939K->9778K(28672K)] [ParOldGen: 65242K->65242K(65536K)] 90181K->75021K(94208K) [PSPermGen: 5155K->5155K(21504K)], 0.0048520 secs] [Times: user=0.02 sys=0.00, real=0.01 secs] 
72.817: Total time for which application threads were stopped: 0.0050000 seconds, Stopping threads took: 0.0000620 seconds
72.999: Application time: 0.1824350 seconds
72.999: [Full GC [PSYoungGen: 25060K->9383K(28672K)] [ParOldGen: 65242K->65242K(65536K)] 90302K->74625K(94208K) [PSPermGen: 5155K->5155K(21504K)], 0.0047360 secs] [Times: user=0.01 sys=0.00, real=0.00 secs] 
73.004: Total time for which application threads were stopped: 0.0048980 seconds, Stopping threads took: 0.0000740 seconds
73.177: Application time: 0.1731070 seconds
73.177: [Full GC [PSYoungGen: 25083K->9320K(28672K)] [ParOldGen: 65242K->65242K(65536K)] 90325K->74563K(94208K) [PSPermGen: 5155K->5155K(21504K)], 0.0049620 secs] [Times: user=0.02 sys=0.00, real=0.00 secs] 
73.182: Total time for which application threads were stopped: 0.0051330 seconds, Stopping threads took: 0.0000760 seconds
73.365: Application time: 0.1831460 seconds
73.365: [Full GC [PSYoungGen: 24969K->10048K(28672K)] [ParOldGen: 65242K->65242K(65536K)] 90211K->75290K(94208K) [PSPermGen: 5155K->5155K(21504K)], 0.0048880 secs] [Times: user=0.02 sys=0.00, real=0.01 secs] 
73.370: Total time for which application threads were stopped: 0.0050610 seconds, Stopping threads took: 0.0000770 seconds
73.574: Application time: 0.2032780 seconds
73.574: [Full GC [PSYoungGen: 25087K->9384K(28672K)] [ParOldGen: 65242K->65242K(65536K)] 90329K->74627K(94208K) [PSPermGen: 5155K->5155K(21504K)], 0.0047900 secs] [Times: user=0.02 sys=0.00, real=0.01 secs] 
73.579: Total time for which application threads were stopped: 0.0049550 seconds, Stopping threads took: 0.0000750 seconds
73.756: Application time: 0.1771870 seconds
73.756: [Full GC [PSYoungGen: 25036K->9518K(28672K)] [ParOldGen: 65242K->65242K(65536K)] 90279K->74760K(94208K) [PSPermGen: 5155K->5155K(21504K)], 0.0046530 secs] [Times: user=0.02 sys=0.00, real=0.00 secs] 
73.761: Total time for which application threads were stopped: 0.0048120 seconds, Stopping threads took: 0.0000630 seconds
73.964: Application time: 0.2038630 seconds
73.965: [Full GC [PSYoungGen: 25070K->9383K(28672K)] [ParOldGen: 65242K->65242K(65536K)] 90312K->74626K(94208K) [PSPermGen: 5155K->5155K(21504K)], 0.0048480 secs] [Times: user=0.02 sys=0.00, real=0.01 secs] 
73.970: Total time for which application threads were stopped: 0.0050260 seconds, Stopping threads took: 0.0000900 seconds
74.164: Application time: 0.1941210 seconds
74.164: [Full GC [PSYoungGen: 25063K->9581K(28672K)] [ParOldGen: 65242K->65242K(65536K)] 90305K->74823K(94208K) [PSPermGen: 5155K->5155K(21504K)], 0.0048260 secs] [Times: user=0.02 sys=0.00, real=0.01 secs] 
74.169: Total time for which application threads were stopped: 0.0049920 seconds, Stopping threads took: 0.0000790 seconds
74.353: Application time: 0.1846980 seconds
74.353: Total time for which application threads were stopped: 0.0001060 seconds, Stopping threads took: 0.0000770 seconds
74.354: Application time: 0.0003730 seconds
74.354: [Full GC [PSYoungGen: 25021K->9051K(28672K)] [ParOldGen: 65377K->65377K(65536K)] 90398K->74428K(94208K) [PSPermGen: 5155K->5155K(21504K)], 0.0045770 secs] [Times: user=0.01 sys=0.00, real=0.01 secs] 
74.359: Total time for which application threads were stopped: 0.0046990 seconds, Stopping threads took: 0.0000450 seconds
74.565: Application time: 0.2067670 seconds
74.565: [Full GC [PSYoungGen: 25050K->9582K(28672K)] [ParOldGen: 65511K->65377K(65536K)] 90562K->74959K(94208K) [PSPermGen: 5155K->5155K(21504K)], 0.0045710 secs] [Times: user=0.02 sys=0.00, real=0.01 secs] 
74.570: Total time for which application threads were stopped: 0.0047540 seconds, Stopping threads took: 0.0000940 seconds
74.737: Application time: 0.1664610 seconds
74.737: [Full GC [PSYoungGen: 25030K->10049K(28672K)] [ParOldGen: 65377K->65242K(65536K)] 90407K->75291K(94208K) [PSPermGen: 5155K->5155K(21504K)], 0.0047900 secs] [Times: user=0.02 sys=0.00, real=0.00 secs] 
74.741: Total time for which application threads were stopped: 0.0049650 seconds, Stopping threads took: 0.0000890 seconds
74.931: Application time: 0.1891800 seconds
74.931: [Full GC [PSYoungGen: 24954K->9851K(28672K)] [ParOldGen: 65242K->65242K(65536K)] 90196K->75093K(94208K) [PSPermGen: 5155K->5155K(21504K)], 0.0049270 secs] [Times: user=0.02 sys=0.00, real=0.01 secs] 
74.936: Total time for which application threads were stopped: 0.0051140 seconds, Stopping threads took: 0.0000890 seconds
75.126: Application time: 0.1900110 seconds
75.126: [Full GC [PSYoungGen: 25041K->10049K(28672K)] [ParOldGen: 65242K->65242K(65536K)] 90284K->75291K(94208K) [PSPermGen: 5155K->5155K(21504K)], 0.0047400 secs] [Times: user=0.02 sys=0.00, real=0.01 secs] 
75.131: Total time for which application threads were stopped: 0.0049110 seconds, Stopping threads took: 0.0000880 seconds
75.298: Application time: 0.1674570 seconds
75.298: [Full GC [PSYoungGen: 24938K->9582K(28672K)] [ParOldGen: 65242K->65242K(65536K)] 90180K->74824K(94208K) [PSPermGen: 5155K->5155K(21504K)], 0.0048330 secs] [Times: user=0.02 sys=0.00, real=0.00 secs] 
75.303: Total time for which application threads were stopped: 0.0049820 seconds, Stopping threads took: 0.0000640 seconds
75.496: Application time: 0.1928390 seconds
75.496: Total time for which application threads were stopped: 0.0000990 seconds, Stopping threads took: 0.0000680 seconds
75.497: Application time: 0.0013210 seconds
75.497: [Full GC [PSYoungGen: 25050K->9043K(28672K)] [ParOldGen: 65377K->65377K(65536K)] 90427K->74420K(94208K) [PSPermGen: 5155K->5155K(21504K)], 0.0045460 secs] [Times: user=0.02 sys=0.00, real=0.00 secs] 
75.502: Total time for which application threads were stopped: 0.0046680 seconds, Stopping threads took: 0.0000380 seconds
75.679: Application time: 0.1772410 seconds
75.679: Total time for which application threads were stopped: 0.0000980 seconds, Stopping threads took: 0.0000790 seconds
75.680: Application time: 0.0001700 seconds
75.680: [Full GC [PSYoungGen: 25076K->9438K(28672K)] [ParOldGen: 65511K->65377K(65536K)] 90588K->74815K(94208K) [PSPermGen: 5155K->5155K(21504K)], 0.0047040 secs] [Times: user=0.02 sys=0.00, real=0.00 secs] 
75.684: Total time for which application threads were stopped: 0.0048310 seconds, Stopping threads took: 0.0000470 seconds
75.893: Application time: 0.2089110 seconds
75.893: [Full GC [PSYoungGen: 25030K->9447K(28672K)] [ParOldGen: 65511K->65377K(65536K)] 90542K->74824K(94208K) [PSPermGen: 5155K->5155K(21504K)], 0.0047380 secs] [Times: user=0.02 sys=0.00, real=0.01 secs] 
75.898: Total time for which application threads were stopped: 0.0049020 seconds, Stopping threads took: 0.0000760 seconds
76.081: Application time: 0.1825560 seconds
76.081: [Full GC [PSYoungGen: 24963K->9187K(28672K)] [ParOldGen: 65377K->65242K(65536K)] 90340K->74429K(94208K) [PSPermGen: 5155K->5155K(21504K)], 0.0046980 secs] [Times: user=0.02 sys=0.00, real=0.00 secs] 
76.086: Total time for which application threads were stopped: 0.0048970 seconds, Stopping threads took: 0.0001030 seconds
76.258: Application time: 0.1724350 seconds
76.258: [Full GC [PSYoungGen: 24905K->9582K(28672K)] [ParOldGen: 65242K->65242K(65536K)] 90147K->74824K(94208K) [PSPermGen: 5155K->5155K(21504K)], 0.0045800 secs] [Times: user=0.02 sys=0.00, real=0.00 secs] 
76.263: Total time for which application threads were stopped: 0.0047390 seconds, Stopping threads took: 0.0000730 seconds
76.467: Application time: 0.2040210 seconds
76.467: [Full GC [PSYoungGen: 25073K->9717K(28672K)] [ParOldGen: 65242K->65242K(65536K)] 90315K->74959K(94208K) [PSPermGen: 5155K->5155K(21504K)], 0.0047020 secs] [Times: user=0.02 sys=0.00, real=0.00 secs] 
76.472: Total time for which application threads were stopped: 0.0048690 seconds, Stopping threads took: 0.0000810 seconds
76.662: Application time: 0.1903320 seconds
76.662: [Full GC [PSYoungGen: 24986K->9187K(28672K)] [ParOldGen: 65242K->65242K(65536K)] 90228K->74429K(94208K) [PSPermGen: 5155K->5155K(21504K)], 0.0046470 secs] [Times: user=0.01 sys=0.00, real=0.01 secs] 
76.667: Total time for which application threads were stopped: 0.0048120 seconds, Stopping threads took: 0.0000730 seconds
76.838: Application time: 0.1709510 seconds
76.838: [Full GC [PSYoungGen: 25034K->9385K(28672K)] [ParOldGen: 65242K->65242K(65536K)] 90277K->74627K(94208K) [PSPermGen: 5155K->5155K(21504K)], 0.0048280 secs] [Times: user=0.02 sys=0.00, real=0.00 secs] 
76.843: Total time for which application threads were stopped: 0.0050220 seconds, Stopping threads took: 0.0001060 seconds
77.034: Application time: 0.1910660 seconds
77.034: [Full GC [PSYoungGen: 24968K->9852K(28672K)] [ParOldGen: 65242K->65242K(65536K)] 90210K->75094K(94208K) [PSPermGen: 5155K->5155K(21504K)], 0.0048480 secs] [Times: user=0.02 sys=0.00, real=0.00 secs] 
77.039: Total time for which application threads were stopped: 0.0050280 seconds, Stopping threads took: 0.0000910 seconds
77.239: Application time: 0.1998180 seconds
77.239: Total time for which application threads were stopped: 0.0001220 seconds, Stopping threads took: 0.0000920 seconds
77.241: Application time: 0.0019070 seconds
77.241: [Full GC [PSYoungGen: 25039K->9321K(28672K)] [ParOldGen: 65306K->65306K(65536K)] 90345K->74627K(94208K) [PSPermGen: 5155K->5155K(21504K)], 0.0048060 secs] [Times: user=0.01 sys=0.00, real=0.00 secs] 
77.246: Total time for which application threads were stopped: 0.0049310 seconds, Stopping threads took: 0.0000390 seconds
77.423: Application time: 0.1771920 seconds
77.423: [Full GC [PSYoungGen: 24832K->9780K(28672K)] [ParOldGen: 65306K->65242K(65536K)] 90138K->75023K(94208K) [PSPermGen: 5155K->5155K(21504K)], 0.0047960 secs] [Times: user=0.02 sys=0.00, real=0.01 secs] 
77.428: Total time for which application threads were stopped: 0.0049730 seconds, Stopping threads took: 0.0000940 seconds
77.626: Application time: 0.1976680 seconds
77.626: [Full GC [PSYoungGen: 24855K->9583K(28672K)] [ParOldGen: 65242K->65242K(65536K)] 90098K->74825K(94208K) [PSPermGen: 5155K->5155K(21504K)], 0.0047520 secs] [Times: user=0.02 sys=0.00, real=0.01 secs] 
77.631: Total time for which application threads were stopped: 0.0049120 seconds, Stopping threads took: 0.0000730 seconds
77.794: Application time: 0.1630060 seconds
77.794: [Full GC [PSYoungGen: 25053K->9978K(28672K)] [ParOldGen: 65242K->65242K(65536K)] 90296K->75221K(94208K) [PSPermGen: 5155K->5155K(21504K)], 0.0048610 secs] [Times: user=0.02 sys=0.00, real=0.01 secs] 
77.799: Total time for which application threads were stopped: 0.0050380 seconds, Stopping threads took: 0.0000780 seconds
77.993: Application time: 0.1945780 seconds
77.993: [Full GC [PSYoungGen: 25060K->9385K(28672K)] [ParOldGen: 65242K->65242K(65536K)] 90302K->74628K(94208K) [PSPermGen: 5155K->5155K(21504K)], 0.0047140 secs] [Times: user=0.02 sys=0.00, real=0.01 secs] 
77.998: Total time for which application threads were stopped: 0.0048810 seconds, Stopping threads took: 0.0000770 seconds
78.194: Application time: 0.1959860 seconds
78.194: Total time for which application threads were stopped: 0.0000810 seconds, Stopping threads took: 0.0000620 seconds
78.197: Application time: 0.0025310 seconds
78.197: [Full GC [PSYoungGen: 25080K->8585K(28672K)] [ParOldGen: 65441K->65441K(65536K)] 90521K->74026K(94208K) [PSPermGen: 5155K->5155K(21504K)], 0.0045600 secs] [Times: user=0.02 sys=0.00, real=0.00 secs] 
78.201: Total time for which application threads were stopped: 0.0046740 seconds, Stopping threads took: 0.0000370 seconds
78.370: Application time: 0.1687800 seconds
78.370: [Full GC [PSYoungGen: 24976K->9655K(28672K)] [ParOldGen: 65441K->65242K(65536K)] 90417K->74897K(94208K) [PSPermGen: 5155K->5155K(21504K)], 0.0049160 secs] [Times: user=0.02 sys=0.00, real=0.01 secs] 
78.375: Total time for which application threads were stopped: 0.0051170 seconds, Stopping threads took: 0.0001030 seconds
78.587: Application time: 0.2115260 seconds
78.587: [Full GC [PSYoungGen: 24897K->9781K(28672K)] [ParOldGen: 65242K->65242K(65536K)] 90139K->75023K(94208K) [PSPermGen: 5155K->5155K(21504K)], 0.0047610 secs] [Times: user=0.02 sys=0.00, real=0.00 secs] 
78.592: Total time for which application threads were stopped: 0.0049020 seconds, Stopping threads took: 0.0000590 seconds
78.778: Application time: 0.1867330 seconds
78.779: [Full GC [PSYoungGen: 25084K->9980K(28672K)] [ParOldGen: 65242K->65242K(65536K)] 90327K->75222K(94208K) [PSPermGen: 5155K->5155K(21504K)], 0.0048990 secs] [Times: user=0.02 sys=0.00, real=0.00 secs] 
78.783: Total time for which application threads were stopped: 0.0050960 seconds, Stopping threads took: 0.0001090 seconds
78.962: Application time: 0.1780870 seconds
78.962: [Full GC [PSYoungGen: 25034K->9188K(28672K)] [ParOldGen: 65242K->65242K(65536K)] 90276K->74430K(94208K) [PSPermGen: 5155K->5155K(21504K)], 0.0048830 secs] [Times: user=0.02 sys=0.00, real=0.01 secs] 
78.967: Total time for which application threads were stopped: 0.0050640 seconds, Stopping threads took: 0.0000840 seconds
79.157: Application time: 0.1903360 seconds
79.157: [Full GC [PSYoungGen: 25064K->9781K(28672K)] [ParOldGen: 65242K->65242K(65536K)] 90306K->75024K(94208K) [PSPermGen: 5155K->5155K(21504K)], 0.0047510 secs] [Times: user=0.01 sys=0.00, real=0.00 secs] 
79.162: Total time for which application threads were stopped: 0.0049220 seconds, Stopping threads took: 0.0000830 seconds
79.326: Application time: 0.1644600 seconds
79.326: [Full GC [PSYoungGen: 25062K->9584K(28672K)] [ParOldGen: 65242K->65242K(65536K)] 90304K->74826K(94208K) [PSPermGen: 5155K->5155K(21504K)], 0.0047330 secs] [Times: user=0.01 sys=0.00, real=0.00 secs] 
79.331: Total time for which application threads were stopped: 0.0048830 seconds, Stopping threads took: 0.0000650 seconds
79.544: Application time: 0.2124410 seconds
79.544: [Full GC [PSYoungGen: 24895K->9584K(28672K)] [ParOldGen: 65242K->65242K(65536K)] 90137K->74826K(94208K) [PSPermGen: 5155K->5155K(21504K)], 0.0048640 secs] [Times: user=0.02 sys=0.00, real=0.01 secs] 
79.549: Total time for which application threads were stopped: 0.0050330 seconds, Stopping threads took: 0.0000740 seconds
79.735: Application time: 0.1864710 seconds
79.735: Total time for which application threads were stopped: 0.0000940 seconds, Stopping threads took: 0.0000730 seconds
79.735: Application time: 0.0001990 seconds
79.736: [Full GC [PSYoungGen: 25028K->9512K(28672K)] [ParOldGen: 65511K->65511K(65536K)] 90540K->75024K(94208K) [PSPermGen: 5155K->5155K(21504K)], 0.0046600 secs] [Times: user=0.02 sys=0.00, real=0.00 secs] 
79.740: Total time for which application threads were stopped: 0.0047870 seconds, Stopping threads took: 0.0000430 seconds
79.904: Application time: 0.1639900 seconds
79.904: [Full GC [PSYoungGen: 25030K->9584K(28672K)] [ParOldGen: 65511K->65242K(65536K)] 90542K->74826K(94208K) [PSPermGen: 5155K->5155K(21504K)], 0.0047110 secs] [Times: user=0.02 sys=0.00, real=0.01 secs] 
79.909: Total time for which application threads were stopped: 0.0048760 seconds, Stopping threads took: 0.0000780 seconds
80.114: Application time: 0.2052390 seconds
80.114: [Full GC [PSYoungGen: 24866K->9189K(28672K)] [ParOldGen: 65242K->65242K(65536K)] 90108K->74431K(94208K) [PSPermGen: 5155K->5155K(21504K)], 0.0046790 secs] [Times: user=0.01 sys=0.00, real=0.00 secs] 
80.119: Total time for which application threads were stopped: 0.0048440 seconds, Stopping threads took: 0.0000720 seconds
80.322: Application time: 0.2030820 seconds
80.322: [Full GC [PSYoungGen: 25073K->9189K(28672K)] [ParOldGen: 65242K->65242K(65536K)] 90316K->74431K(94208K) [PSPermGen: 5155K->5155K(21504K)], 0.0046520 secs] [Times: user=0.02 sys=0.00, real=0.01 secs] 
80.327: Total time for which application threads were stopped: 0.0048090 seconds, Stopping threads took: 0.0000690 seconds
80.496: Application time: 0.1691930 seconds
80.496: [Full GC [PSYoungGen: 25038K->9584K(28672K)] [ParOldGen: 65242K->65242K(65536K)] 90280K->74827K(94208K) [PSPermGen: 5155K->5155K(21504K)], 0.0047270 secs] [Times: user=0.02 sys=0.00, real=0.00 secs] 
80.501: Total time for which application threads were stopped: 0.0048900 seconds, Stopping threads took: 0.0000750 seconds
80.699: Application time: 0.1975550 seconds
80.699: [Full GC [PSYoungGen: 24898K->9782K(28672K)] [ParOldGen: 65242K->65242K(65536K)] 90140K->75024K(94208K) [PSPermGen: 5155K->5155K(21504K)], 0.0046280 secs] [Times: user=0.01 sys=0.00, real=0.00 secs] 
80.704: Total time for which application threads were stopped: 0.0047930 seconds, Stopping threads took: 0.0000730 seconds
80.895: Application time: 0.1917370 seconds
80.895: [Full GC [PSYoungGen: 24959K->9854K(28672K)] [ParOldGen: 65242K->65242K(65536K)] 90201K->75096K(94208K) [PSPermGen: 5155K->5155K(21504K)], 0.0049380 secs] [Times: user=0.02 sys=0.00, real=0.00 secs] 
80.900: Total time for which application threads were stopped: 0.0051350 seconds, Stopping threads took: 0.0000970 seconds
81.074: Application time: 0.1739100 seconds
81.074: [Full GC [PSYoungGen: 24894K->9584K(28672K)] [ParOldGen: 65242K->65242K(65536K)] 90136K->74827K(94208K) [PSPermGen: 5155K->5155K(21504K)], 0.0048640 secs] [Times: user=0.02 sys=0.00, real=0.00 secs] 
81.079: Total time for which application threads were stopped: 0.0050340 seconds, Stopping threads took: 0.0000810 seconds
81.270: Application time: 0.1905250 seconds
81.270: [Full GC [PSYoungGen: 25051K->9459K(28672K)] [ParOldGen: 65242K->65242K(65536K)] 90293K->74701K(94208K) [PSPermGen: 5155K->5155K(21504K)], 0.0048760 secs] [Times: user=0.02 sys=0.00, real=0.01 secs] 
81.275: Total time for which application threads were stopped: 0.0050660 seconds, Stopping threads took: 0.0000830 seconds
81.441: Application time: 0.1658730 seconds
81.441: [Full GC [PSYoungGen: 24953K->9387K(28672K)] [ParOldGen: 65242K->65242K(65536K)] 90195K->74629K(94208K) [PSPermGen: 5155K->5155K(21504K)], 0.0048590 secs] [Times: user=0.01 sys=0.00, real=0.00 secs] 
81.446: Total time for which application threads were stopped: 0.0050230 seconds, Stopping threads took: 0.0000750 seconds
81.667: Application time: 0.2212900 seconds
81.667: [Full GC [PSYoungGen: 24877K->8992K(28672K)] [ParOldGen: 65242K->65242K(65536K)] 90120K->74234K(94208K) [PSPermGen: 5155K->5155K(21504K)], 0.0047210 secs] [Times: user=0.01 sys=0.00, real=0.00 secs] 
81.672: Total time for which application threads were stopped: 0.0048860 seconds, Stopping threads took: 0.0000780 seconds
81.856: Application time: 0.1837380 seconds
81.856: Total time for which application threads were stopped: 0.0001060 seconds, Stopping threads took: 0.0000750 seconds
81.857: Application time: 0.0012360 seconds
81.857: [Full GC [PSYoungGen: 25084K->9188K(28672K)] [ParOldGen: 65441K->65441K(65536K)] 90525K->74629K(94208K) [PSPermGen: 5155K->5155K(21504K)], 0.0044690 secs] [Times: user=0.02 sys=0.00, real=0.00 secs] 
81.862: Total time for which application threads were stopped: 0.0045970 seconds, Stopping threads took: 0.0000450 seconds
82.036: Application time: 0.1738430 seconds
82.036: Total time for which application threads were stopped: 0.0001100 seconds, Stopping threads took: 0.0000860 seconds
82.036: Application time: 0.0006160 seconds
82.036: [Full GC [PSYoungGen: 24974K->9252K(28672K)] [ParOldGen: 65441K->65242K(65536K)] 90415K->74495K(94208K) [PSPermGen: 5155K->5155K(21504K)], 0.0047370 secs] [Times: user=0.02 sys=0.00, real=0.00 secs] 
82.041: Total time for which application threads were stopped: 0.0048650 seconds, Stopping threads took: 0.0000460 seconds
82.240: Application time: 0.1985480 seconds
82.240: [Full GC [PSYoungGen: 24974K->9450K(28672K)] [ParOldGen: 65377K->65377K(65536K)] 90351K->74827K(94208K) [PSPermGen: 5155K->5155K(21504K)], 0.0045870 secs] [Times: user=0.02 sys=0.00, real=0.00 secs] 
82.244: Total time for which application threads were stopped: 0.0047500 seconds, Stopping threads took: 0.0000770 seconds
82.440: Application time: 0.1959630 seconds
82.441: [Full GC [PSYoungGen: 24966K->9387K(28672K)] [ParOldGen: 65377K->65242K(65536K)] 90343K->74629K(94208K) [PSPermGen: 5155K->5155K(21504K)], 0.0047160 secs] [Times: user=0.01 sys=0.00, real=0.00 secs] 
82.445: Total time for which application threads were stopped: 0.0048960 seconds, Stopping threads took: 0.0000850 seconds
82.619: Application time: 0.1732330 seconds
82.619: [Full GC [PSYoungGen: 24830K->9585K(28672K)] [ParOldGen: 65242K->65242K(65536K)] 90072K->74827K(94208K) [PSPermGen: 5155K->5155K(21504K)], 0.0048170 secs] [Times: user=0.02 sys=0.00, real=0.00 secs] 
82.624: Total time for which application threads were stopped: 0.0049930 seconds, Stopping threads took: 0.0000900 seconds
82.809: Application time: 0.1855770 seconds
82.809: [Full GC [PSYoungGen: 24979K->9585K(28672K)] [ParOldGen: 65242K->65242K(65536K)] 90221K->74827K(94208K) [PSPermGen: 5155K->5155K(21504K)], 0.0046270 secs] [Times: user=0.02 sys=0.00, real=0.00 secs] 
82.814: Total time for which application threads were stopped: 0.0048090 seconds, Stopping threads took: 0.0000930 seconds
82.965: Application time: 0.1507470 seconds
82.965: [Full GC [PSYoungGen: 25005K->10250K(28672K)] [ParOldGen: 65242K->65242K(65536K)] 90247K->75493K(94208K) [PSPermGen: 5155K->5155K(21504K)], 0.0049370 secs] [Times: user=0.02 sys=0.00, real=0.01 secs] 
82.970: Total time for which application threads were stopped: 0.0051100 seconds, Stopping threads took: 0.0000790 seconds
83.180: Application time: 0.2102390 seconds
83.180: [Full GC [PSYoungGen: 24955K->9657K(28672K)] [ParOldGen: 65242K->65242K(65536K)] 90198K->74900K(94208K) [PSPermGen: 5155K->5155K(21504K)], 0.0051930 secs] [Times: user=0.02 sys=0.00, real=0.00 secs] 
83.185: Total time for which application threads were stopped: 0.0053830 seconds, Stopping threads took: 0.0000950 seconds
83.375: Application time: 0.1899180 seconds
83.376: [Full GC [PSYoungGen: 24969K->9657K(28672K)] [ParOldGen: 65242K->65242K(65536K)] 90211K->74900K(94208K) [PSPermGen: 5155K->5155K(21504K)], 0.0049420 secs] [Times: user=0.02 sys=0.00, real=0.00 secs] 
83.381: Total time for which application threads were stopped: 0.0051300 seconds, Stopping threads took: 0.0001010 seconds
83.568: Application time: 0.1873630 seconds
83.568: [Full GC [PSYoungGen: 24971K->9657K(28672K)] [ParOldGen: 65242K->65242K(65536K)] 90213K->74900K(94208K) [PSPermGen: 5155K->5155K(21504K)], 0.0047740 secs] [Times: user=0.02 sys=0.00, real=0.00 secs] 
83.573: Total time for which application threads were stopped: 0.0049290 seconds, Stopping threads took: 0.0000640 seconds
83.773: Application time: 0.1997440 seconds
83.773: [Full GC [PSYoungGen: 25068K->9783K(28672K)] [ParOldGen: 65242K->65242K(65536K)] 90310K->75026K(94208K) [PSPermGen: 5155K->5155K(21504K)], 0.0051800 secs] [Times: user=0.02 sys=0.00, real=0.01 secs] 
83.778: Total time for which application threads were stopped: 0.0053630 seconds, Stopping threads took: 0.0000890 seconds
83.957: Application time: 0.1787390 seconds
83.957: Total time for which application threads were stopped: 0.0000930 seconds, Stopping threads took: 0.0000720 seconds
83.957: Application time: 0.0002810 seconds
83.957: [Full GC [PSYoungGen: 25068K->9181K(28672K)] [ParOldGen: 65511K->65511K(65536K)] 90580K->74693K(94208K) [PSPermGen: 5155K->5155K(21504K)], 0.0045150 secs] [Times: user=0.01 sys=0.00, real=0.00 secs] 
83.962: Total time for which application threads were stopped: 0.0046240 seconds, Stopping threads took: 0.0000320 seconds
84.160: Application time: 0.1981420 seconds
84.160: [Full GC [PSYoungGen: 25039K->9460K(28672K)] [ParOldGen: 65511K->65242K(65536K)] 90550K->74702K(94208K) [PSPermGen: 5155K->5155K(21504K)], 0.0047510 secs] [Times: user=0.02 sys=0.00, real=0.00 secs] 
84.165: Total time for which application threads were stopped: 0.0049270 seconds, Stopping threads took: 0.0000800 seconds
84.358: Application time: 0.1930250 seconds
84.358: [Full GC [PSYoungGen: 24904K->9981K(28672K)] [ParOldGen: 65242K->65242K(65536K)] 90146K->75224K(94208K) [PSPermGen: 5155K->5155K(21504K)], 0.0049000 secs] [Times: user=0.02 sys=0.00, real=0.00 secs] 
84.363: Total time for which application threads were stopped: 0.0050680 seconds, Stopping threads took: 0.0000810 seconds
84.521: Application time: 0.1585260 seconds
84.521: [Full GC [PSYoungGen: 24886K->9784K(28672K)] [ParOldGen: 65242K->65242K(65536K)] 90128K->75026K(94208K) [PSPermGen: 5155K->5155K(21504K)], 0.0046910 secs] [Times: user=0.01 sys=0.00, real=0.01 secs] 
84.526: Total time for which application threads were stopped: 0.0048500 seconds, Stopping threads took: 0.0000740 seconds
84.730: Application time: 0.2039500 seconds
84.730: [Full GC [PSYoungGen: 24895K->9388K(28672K)] [ParOldGen: 65242K->65242K(65536K)] 90137K->74631K(94208K) [PSPermGen: 5155K->5155K(21504K)], 0.0046670 secs] [Times: user=0.01 sys=0.00, real=0.01 secs] 
84.735: Total time for which application threads were stopped: 0.0048300 seconds, Stopping threads took: 0.0000670 seconds
84.921: Application time: 0.1861780 seconds
84.921: [Full GC [PSYoungGen: 24969K->9658K(28672K)] [ParOldGen: 65242K->65242K(65536K)] 90211K->74900K(94208K) [PSPermGen: 5155K->5155K(21504K)], 0.0048790 secs] [Times: user=0.02 sys=0.00, real=0.01 secs] 
84.926: Total time for which application threads were stopped: 0.0050380 seconds, Stopping threads took: 0.0000740 seconds
85.096: Application time: 0.1699630 seconds
85.096: [Full GC [PSYoungGen: 25086K->9326K(28672K)] [ParOldGen: 65242K->65242K(65536K)] 90328K->74568K(94208K) [PSPermGen: 5155K->5155K(21504K)], 0.0048060 secs] [Times: user=0.02 sys=0.00, real=0.00 secs] 
85.101: Total time for which application threads were stopped: 0.0049740 seconds, Stopping threads took: 0.0000780 seconds
85.295: Application time: 0.1937780 seconds
85.295: [Full GC [PSYoungGen: 25027K->9658K(28672K)] [ParOldGen: 65242K->65242K(65536K)] 90269K->74901K(94208K) [PSPermGen: 5155K->5155K(21504K)], 0.0048330 secs] [Times: user=0.02 sys=0.00, real=0.00 secs] 
85.300: Total time for which application threads were stopped: 0.0050160 seconds, Stopping threads took: 0.0000880 seconds
85.486: Application time: 0.1859730 seconds
85.486: [Full GC [PSYoungGen: 25069K->9587K(28672K)] [ParOldGen: 65242K->65242K(65536K)] 90311K->74829K(94208K) [PSPermGen: 5155K->5155K(21504K)], 0.0048680 secs] [Times: user=0.02 sys=0.00, real=0.00 secs] 
85.491: Total time for which application threads were stopped: 0.0050410 seconds, Stopping threads took: 0.0000840 seconds
85.673: Application time: 0.1816600 seconds
85.673: [Full GC [PSYoungGen: 25031K->9721K(28672K)] [ParOldGen: 65242K->65242K(65536K)] 90273K->74964K(94208K) [PSPermGen: 5155K->5155K(21504K)], 0.0048560 secs] [Times: user=0.02 sys=0.00, real=0.01 secs] 
85.678: Total time for which application threads were stopped: 0.0050150 seconds, Stopping threads took: 0.0000740 seconds
85.864: Application time: 0.1867540 seconds
85.865: [Full GC [PSYoungGen: 24900K->9784K(28672K)] [ParOldGen: 65242K->65242K(65536K)] 90142K->75026K(94208K) [PSPermGen: 5155K->5155K(21504K)], 0.0046890 secs] [Times: user=0.01 sys=0.00, real=0.01 secs] 
85.869: Total time for which application threads were stopped: 0.0048780 seconds, Stopping threads took: 0.0000920 seconds
86.051: Application time: 0.1818850 seconds
86.051: [Full GC [PSYoungGen: 24898K->9389K(28672K)] [ParOldGen: 65242K->65242K(65536K)] 90140K->74631K(94208K) [PSPermGen: 5155K->5155K(21504K)], 0.0046870 secs] [Times: user=0.02 sys=0.00, real=0.01 secs] 
86.056: Total time for which application threads were stopped: 0.0048530 seconds, Stopping threads took: 0.0000810 seconds
86.250: Application time: 0.1942060 seconds
86.250: [Full GC [PSYoungGen: 24954K->9389K(28672K)] [ParOldGen: 65242K->65242K(65536K)] 90196K->74631K(94208K) [PSPermGen: 5155K->5155K(21504K)], 0.0045930 secs] [Times: user=0.02 sys=0.00, real=0.01 secs] 
86.255: Total time for which application threads were stopped: 0.0047520 seconds, Stopping threads took: 0.0000730 seconds
86.448: Application time: 0.1934400 seconds
86.449: [Full GC [PSYoungGen: 25064K->9587K(28672K)] [ParOldGen: 65242K->65242K(65536K)] 90306K->74829K(94208K) [PSPermGen: 5155K->5155K(21504K)], 0.0047560 secs] [Times: user=0.01 sys=0.00, real=0.00 secs] 
86.453: Total time for which application threads were stopped: 0.0049290 seconds, Stopping threads took: 0.0000750 seconds
86.635: Application time: 0.1812370 seconds
86.635: [Full GC [PSYoungGen: 25017K->9857K(28672K)] [ParOldGen: 65242K->65242K(65536K)] 90259K->75099K(94208K) [PSPermGen: 5155K->5155K(21504K)], 0.0047210 secs] [Times: user=0.02 sys=0.00, real=0.00 secs] 
86.639: Total time for which application threads were stopped: 0.0048910 seconds, Stopping threads took: 0.0000820 seconds
86.827: Application time: 0.1878900 seconds
86.827: [Full GC [PSYoungGen: 24968K->9461K(28672K)] [ParOldGen: 65242K->65242K(65536K)] 90210K->74704K(94208K) [PSPermGen: 5155K->5155K(21504K)], 0.0046970 secs] [Times: user=0.02 sys=0.00, real=0.00 secs] 
86.832: Total time for which application threads were stopped: 0.0048590 seconds, Stopping threads took: 0.0000760 seconds
87.024: Application time: 0.1920800 seconds
87.024: Total time for which application threads were stopped: 0.0001150 seconds, Stopping threads took: 0.0000810 seconds
87.025: Application time: 0.0003240 seconds
87.025: [Full GC [PSYoungGen: 25051K->8724K(28672K)] [ParOldGen: 65511K->65511K(65536K)] 90563K->74236K(94208K) [PSPermGen: 5155K->5155K(21504K)], 0.0047560 secs] [Times: user=0.02 sys=0.00, real=0.01 secs] 
87.030: Total time for which application threads were stopped: 0.0048760 seconds, Stopping threads took: 0.0000430 seconds
87.220: Application time: 0.1903060 seconds
87.220: [Full GC [PSYoungGen: 24842K->9982K(28672K)] [ParOldGen: 65511K->65242K(65536K)] 90353K->75225K(94208K) [PSPermGen: 5155K->5155K(21504K)], 0.0048220 secs] [Times: user=0.02 sys=0.00, real=0.00 secs] 
87.225: Total time for which application threads were stopped: 0.0049800 seconds, Stopping threads took: 0.0000640 seconds
87.412: Application time: 0.1874170 seconds
87.412: [Full GC [PSYoungGen: 24971K->9587K(28672K)] [ParOldGen: 65242K->65242K(65536K)] 90213K->74829K(94208K) [PSPermGen: 5155K->5155K(21504K)], 0.0047150 secs] [Times: user=0.02 sys=0.00, real=0.01 secs] 
87.417: Total time for which application threads were stopped: 0.0048880 seconds, Stopping threads took: 0.0000860 seconds
87.594: Application time: 0.1766690 seconds
87.594: [Full GC [PSYoungGen: 25081K->9922K(28672K)] [ParOldGen: 65242K->65242K(65536K)] 90323K->75164K(94208K) [PSPermGen: 5155K->5155K(21504K)], 0.0050390 secs] [Times: user=0.02 sys=0.00, real=0.00 secs] 
87.599: Total time for which application threads were stopped: 0.0052220 seconds, Stopping threads took: 0.0000850 seconds
87.805: Application time: 0.2062830 seconds
87.806: [Full GC [PSYoungGen: 24955K->9194K(28672K)] [ParOldGen: 65242K->65242K(65536K)] 90198K->74436K(94208K) [PSPermGen: 5155K->5155K(21504K)], 0.0045710 secs] [Times: user=0.02 sys=0.00, real=0.01 secs] 
87.810: Total time for which application threads were stopped: 0.0047650 seconds, Stopping threads took: 0.0001080 seconds
87.985: Application time: 0.1750630 seconds
87.985: [Full GC [PSYoungGen: 24997K->9392K(28672K)] [ParOldGen: 65242K->65242K(65536K)] 90239K->74634K(94208K) [PSPermGen: 5155K->5155K(21504K)], 0.0046500 secs] [Times: user=0.02 sys=0.00, real=0.01 secs] 
87.990: Total time for which application threads were stopped: 0.0048140 seconds, Stopping threads took: 0.0000780 seconds
88.156: Application time: 0.1660410 seconds
88.156: [Full GC [PSYoungGen: 24973K->9661K(28672K)] [ParOldGen: 65242K->65242K(65536K)] 90215K->74904K(94208K) [PSPermGen: 5155K->5155K(21504K)], 0.0048100 secs] [Times: user=0.02 sys=0.00, real=0.00 secs] 
88.161: Total time for which application threads were stopped: 0.0049960 seconds, Stopping threads took: 0.0000900 seconds
88.372: Application time: 0.2107190 seconds
88.372: [Full GC [PSYoungGen: 25038K->9724K(28672K)] [ParOldGen: 65242K->65242K(65536K)] 90280K->74966K(94208K) [PSPermGen: 5155K->5155K(21504K)], 0.0047820 secs] [Times: user=0.02 sys=0.00, real=0.01 secs] 
88.377: Total time for which application threads were stopped: 0.0049480 seconds, Stopping threads took: 0.0000760 seconds
88.560: Application time: 0.1831820 seconds
88.560: [Full GC [PSYoungGen: 24971K->9661K(28672K)] [ParOldGen: 65242K->65242K(65536K)] 90213K->74904K(94208K) [PSPermGen: 5155K->5155K(21504K)], 0.0047880 secs] [Times: user=0.02 sys=0.00, real=0.00 secs] 
88.565: Total time for which application threads were stopped: 0.0049480 seconds, Stopping threads took: 0.0000730 seconds
88.738: Application time: 0.1731860 seconds
88.738: [Full GC [PSYoungGen: 25082K->9922K(28672K)] [ParOldGen: 65242K->65242K(65536K)] 90325K->75164K(94208K) [PSPermGen: 5155K->5155K(21504K)], 0.0048650 secs] [Times: user=0.02 sys=0.00, real=0.00 secs] 
88.743: Total time for which application threads were stopped: 0.0050280 seconds, Stopping threads took: 0.0000720 seconds
88.917: Application time: 0.1737460 seconds
88.917: [Full GC [PSYoungGen: 25082K->9725K(28672K)] [ParOldGen: 65242K->65242K(65536K)] 90325K->74967K(94208K) [PSPermGen: 5155K->5155K(21504K)], 0.0046520 secs] [Times: user=0.01 sys=0.00, real=0.00 secs] 
88.922: Total time for which application threads were stopped: 0.0048330 seconds, Stopping threads took: 0.0000910 seconds
89.122: Application time: 0.2005380 seconds
89.122: [Full GC [PSYoungGen: 25070K->9590K(28672K)] [ParOldGen: 65242K->65242K(65536K)] 90313K->74832K(94208K) [PSPermGen: 5155K->5155K(21504K)], 0.0048570 secs] [Times: user=0.02 sys=0.00, real=0.01 secs] 
89.127: Total time for which application threads were stopped: 0.0050170 seconds, Stopping threads took: 0.0000720 seconds
89.326: Application time: 0.1988350 seconds
89.326: [Full GC [PSYoungGen: 24973K->9662K(28672K)] [ParOldGen: 65242K->65242K(65536K)] 90215K->74904K(94208K) [PSPermGen: 5155K->5155K(21504K)], 0.0047300 secs] [Times: user=0.02 sys=0.00, real=0.00 secs] 
89.331: Total time for which application threads were stopped: 0.0049270 seconds, Stopping threads took: 0.0000950 seconds
89.500: Application time: 0.1694410 seconds
89.501: Total time for which application threads were stopped: 0.0000920 seconds, Stopping threads took: 0.0000680 seconds
89.501: Application time: 0.0008110 seconds
89.501: [Full GC [PSYoungGen: 24973K->9248K(28672K)] [ParOldGen: 65377K->65377K(65536K)] 90350K->74625K(94208K) [PSPermGen: 5155K->5155K(21504K)], 0.0046180 secs] [Times: user=0.02 sys=0.00, real=0.01 secs] 
89.506: Total time for which application threads were stopped: 0.0047360 seconds, Stopping threads took: 0.0000380 seconds
89.700: Application time: 0.1934040 seconds
89.700: [Full GC [PSYoungGen: 24966K->9788K(28672K)] [ParOldGen: 65377K->65242K(65536K)] 90343K->75030K(94208K) [PSPermGen: 5155K->5155K(21504K)], 0.0047260 secs] [Times: user=0.01 sys=0.00, real=0.00 secs] 
89.704: Total time for which application threads were stopped: 0.0049000 seconds, Stopping threads took: 0.0000880 seconds
89.904: Application time: 0.1992650 seconds
89.904: [Full GC [PSYoungGen: 24984K->9195K(28672K)] [ParOldGen: 65242K->65242K(65536K)] 90226K->74437K(94208K) [PSPermGen: 5155K->5155K(21504K)], 0.0046860 secs] [Times: user=0.02 sys=0.00, real=0.01 secs] 
89.909: Total time for which application threads were stopped: 0.0048580 seconds, Stopping threads took: 0.0000730 seconds
90.096: Application time: 0.1870410 seconds
90.096: [Full GC [PSYoungGen: 24966K->8997K(28672K)] [ParOldGen: 65242K->65242K(65536K)] 90208K->74239K(94208K) [PSPermGen: 5155K->5155K(21504K)], 0.0045810 secs] [Times: user=0.02 sys=0.00, real=0.00 secs] 
90.100: Total time for which application threads were stopped: 0.0047440 seconds, Stopping threads took: 0.0000730 seconds
90.284: Application time: 0.1841040 seconds
90.285: [Full GC [PSYoungGen: 25056K->9393K(28672K)] [ParOldGen: 65242K->65242K(65536K)] 90298K->74635K(94208K) [PSPermGen: 5155K->5155K(21504K)], 0.0048960 secs] [Times: user=0.02 sys=0.00, real=0.01 secs] 
90.290: Total time for which application threads were stopped: 0.0051020 seconds, Stopping threads took: 0.0001180 seconds
90.466: Application time: 0.1767270 seconds
90.466: [Full GC [PSYoungGen: 24902K->9788K(28672K)] [ParOldGen: 65242K->65242K(65536K)] 90144K->75031K(94208K) [PSPermGen: 5155K->5155K(21504K)], 0.0047920 secs] [Times: user=0.02 sys=0.00, real=0.00 secs] 
90.471: Total time for which application threads were stopped: 0.0049630 seconds, Stopping threads took: 0.0000770 seconds
90.668: Application time: 0.1972150 seconds
90.669: [Full GC [PSYoungGen: 25026K->9923K(28672K)] [ParOldGen: 65242K->65242K(65536K)] 90268K->75165K(94208K) [PSPermGen: 5155K->5155K(21504K)], 0.0047130 secs] [Times: user=0.02 sys=0.00, real=0.00 secs] 
90.673: Total time for which application threads were stopped: 0.0048730 seconds, Stopping threads took: 0.0000760 seconds
90.866: Application time: 0.1929030 seconds
90.866: [Full GC [PSYoungGen: 24965K->10058K(28672K)] [ParOldGen: 65242K->65242K(65536K)] 90207K->75300K(94208K) [PSPermGen: 5155K->5155K(21504K)], 0.0049780 secs] [Times: user=0.02 sys=0.00, real=0.00 secs] 
90.871: Total time for which application threads were stopped: 0.0051390 seconds, Stopping threads took: 0.0000730 seconds
91.053: Application time: 0.1817490 seconds
91.053: Total time for which application threads were stopped: 0.0001100 seconds, Stopping threads took: 0.0000770 seconds
91.055: Application time: 0.0015500 seconds
91.055: [Full GC [PSYoungGen: 25058K->8449K(28672K)] [ParOldGen: 65511K->65511K(65536K)] 90570K->73961K(94208K) [PSPermGen: 5155K->5155K(21504K)], 0.0044850 secs] [Times: user=0.02 sys=0.00, real=0.00 secs] 
91.059: Total time for which application threads were stopped: 0.0045960 seconds, Stopping threads took: 0.0000340 seconds
91.224: Application time: 0.1642450 seconds
91.224: Total time for which application threads were stopped: 0.0000840 seconds, Stopping threads took: 0.0000620 seconds
91.224: Application time: 0.0003170 seconds
91.224: [Full GC [PSYoungGen: 25025K->9717K(28672K)] [ParOldGen: 65511K->65242K(65536K)] 90537K->74959K(94208K) [PSPermGen: 5155K->5155K(21504K)], 0.0049070 secs] [Times: user=0.02 sys=0.00, real=0.01 secs] 
91.229: Total time for which application threads were stopped: 0.0050170 seconds, Stopping threads took: 0.0000310 seconds
91.462: Application time: 0.2328680 seconds
91.462: [Full GC [PSYoungGen: 25072K->9393K(28672K)] [ParOldGen: 65511K->65511K(65536K)] 90584K->74905K(94208K) [PSPermGen: 5155K->5155K(21504K)], 0.0048820 secs] [Times: user=0.02 sys=0.00, real=0.01 secs] 
91.467: Total time for which application threads were stopped: 0.0050600 seconds, Stopping threads took: 0.0000890 seconds
91.645: Application time: 0.1782590 seconds
91.645: Total time for which application threads were stopped: 0.0001250 seconds, Stopping threads took: 0.0000860 seconds
91.647: Application time: 0.0014120 seconds
91.647: [Full GC [PSYoungGen: 25018K->8594K(28672K)] [ParOldGen: 65511K->65242K(65536K)] 90530K->73836K(94208K) [PSPermGen: 5155K->5155K(21504K)], 0.0047530 secs] [Times: user=0.02 sys=0.00, real=0.00 secs] 
91.652: Total time for which application threads were stopped: 0.0048910 seconds, Stopping threads took: 0.0000610 seconds
91.828: Application time: 0.1763590 seconds
91.828: Total time for which application threads were stopped: 0.0000990 seconds, Stopping threads took: 0.0000810 seconds
91.829: Application time: 0.0007520 seconds
91.829: [Full GC [PSYoungGen: 25061K->8504K(28672K)] [ParOldGen: 65511K->65511K(65536K)] 90573K->74015K(94208K) [PSPermGen: 5155K->5155K(21504K)], 0.0044780 secs] [Times: user=0.02 sys=0.00, real=0.00 secs] 
91.833: Total time for which application threads were stopped: 0.0045830 seconds, Stopping threads took: 0.0000280 seconds
92.066: Application time: 0.2323790 seconds
92.066: [Full GC [PSYoungGen: 24832K->9591K(28672K)] [ParOldGen: 65511K->65242K(65536K)] 90344K->74833K(94208K) [PSPermGen: 5155K->5155K(21504K)], 0.0049930 secs] [Times: user=0.02 sys=0.00, real=0.00 secs] 
92.071: Total time for which application threads were stopped: 0.0051690 seconds, Stopping threads took: 0.0000840 seconds
92.263: Application time: 0.1924510 seconds
92.266: Total time for which application threads were stopped: 0.0026160 seconds, Stopping threads took: 0.0025860 seconds
92.267: Application time: 0.0006670 seconds
92.267: [Full GC [PSYoungGen: 25046K->8522K(28672K)] [ParOldGen: 65511K->65511K(65536K)] 90558K->74034K(94208K) [PSPermGen: 5155K->5155K(21504K)], 0.0049030 secs] [Times: user=0.02 sys=0.00, real=0.00 secs] 
92.272: Total time for which application threads were stopped: 0.0050240 seconds, Stopping threads took: 0.0000490 seconds
92.435: Application time: 0.1632410 seconds
92.435: Total time for which application threads were stopped: 0.0001010 seconds, Stopping threads took: 0.0000790 seconds
92.436: Application time: 0.0012360 seconds
92.436: [Full GC [PSYoungGen: 25032K->9322K(28672K)] [ParOldGen: 65511K->65242K(65536K)] 90544K->74564K(94208K) [PSPermGen: 5155K->5155K(21504K)], 0.0046930 secs] [Times: user=0.02 sys=0.00, real=0.00 secs] 
92.441: Total time for which application threads were stopped: 0.0048110 seconds, Stopping threads took: 0.0000360 seconds
92.645: Application time: 0.2039650 seconds
92.645: [Full GC [PSYoungGen: 25085K->9717K(28672K)] [ParOldGen: 65314K->65314K(65536K)] 90399K->75031K(94208K) [PSPermGen: 5155K->5155K(21504K)], 0.0049940 secs] [Times: user=0.02 sys=0.00, real=0.01 secs] 
92.650: Total time for which application threads were stopped: 0.0051720 seconds, Stopping threads took: 0.0000870 seconds
92.858: Application time: 0.2073340 seconds
92.858: [Full GC [PSYoungGen: 25009K->8801K(28672K)] [ParOldGen: 65314K->65242K(65536K)] 90323K->74043K(94208K) [PSPermGen: 5155K->5155K(21504K)], 0.0044950 secs] [Times: user=0.01 sys=0.00, real=0.00 secs] 
92.862: Total time for which application threads were stopped: 0.0046690 seconds, Stopping threads took: 0.0000760 seconds
93.037: Application time: 0.1742160 seconds
93.037: [Full GC [PSYoungGen: 24984K->9259K(28672K)] [ParOldGen: 65242K->65242K(65536K)] 90226K->74501K(94208K) [PSPermGen: 5155K->5155K(21504K)], 0.0047970 secs] [Times: user=0.02 sys=0.00, real=0.00 secs] 
93.042: Total time for which application threads were stopped: 0.0049640 seconds, Stopping threads took: 0.0000690 seconds
93.226: Application time: 0.1848630 seconds
93.227: Total time for which application threads were stopped: 0.0007910 seconds, Stopping threads took: 0.0007700 seconds
93.230: Application time: 0.0028100 seconds
93.234: [Full GC [PSYoungGen: 24977K->9654K(28672K)] [ParOldGen: 65377K->65377K(65536K)] 90354K->75032K(94208K) [PSPermGen: 5155K->5155K(21504K)], 0.0049820 secs] [Times: user=0.02 sys=0.00, real=0.01 secs] 
93.239: Total time for which application threads were stopped: 0.0087890 seconds, Stopping threads took: 0.0037270 seconds
93.452: Application time: 0.2129980 seconds
93.452: [Full GC [PSYoungGen: 25038K->9259K(28672K)] [ParOldGen: 65511K->65377K(65536K)] 90549K->74636K(94208K) [PSPermGen: 5155K->5155K(21504K)], 0.0051070 secs] [Times: user=0.02 sys=0.00, real=0.01 secs] 
93.457: Total time for which application threads were stopped: 0.0052980 seconds, Stopping threads took: 0.0000910 seconds
93.640: Application time: 0.1826550 seconds
93.640: [Full GC [PSYoungGen: 25079K->9331K(28672K)] [ParOldGen: 65377K->65242K(65536K)] 90456K->74574K(94208K) [PSPermGen: 5155K->5155K(21504K)], 0.0047970 secs] [Times: user=0.01 sys=0.00, real=0.00 secs] 
93.645: Total time for which application threads were stopped: 0.0049590 seconds, Stopping threads took: 0.0000740 seconds
93.821: Application time: 0.1761060 seconds
93.821: [Full GC [PSYoungGen: 24848K->9394K(28672K)] [ParOldGen: 65242K->65242K(65536K)] 90091K->74637K(94208K) [PSPermGen: 5155K->5155K(21504K)], 0.0047880 secs] [Times: user=0.02 sys=0.01, real=0.00 secs] 
93.826: Total time for which application threads were stopped: 0.0049510 seconds, Stopping threads took: 0.0000760 seconds
93.999: Application time: 0.1735470 seconds
93.999: [Full GC [PSYoungGen: 24875K->9395K(28672K)] [ParOldGen: 65242K->65242K(65536K)] 90117K->74637K(94208K) [PSPermGen: 5155K->5155K(21504K)], 0.0046760 secs] [Times: user=0.02 sys=0.00, real=0.00 secs] 
94.004: Total time for which application threads were stopped: 0.0048430 seconds, Stopping threads took: 0.0000740 seconds
94.229: Application time: 0.2252990 seconds
94.230: [Full GC [PSYoungGen: 24977K->9664K(28672K)] [ParOldGen: 65242K->65242K(65536K)] 90220K->74906K(94208K) [PSPermGen: 5155K->5155K(21504K)], 0.0046500 secs] [Times: user=0.02 sys=0.00, real=0.01 secs] 
94.234: Total time for which application threads were stopped: 0.0048180 seconds, Stopping threads took: 0.0000790 seconds
94.400: Application time: 0.1658220 seconds
94.400: [Full GC [PSYoungGen: 24904K->9790K(28672K)] [ParOldGen: 65242K->65242K(65536K)] 90146K->75032K(94208K) [PSPermGen: 5155K->5155K(21504K)], 0.0047810 secs] [Times: user=0.02 sys=0.00, real=0.00 secs] 
94.405: Total time for which application threads were stopped: 0.0049400 seconds, Stopping threads took: 0.0000740 seconds
94.586: Application time: 0.1810610 seconds
94.586: [Full GC [PSYoungGen: 24964K->9862K(28672K)] [ParOldGen: 65242K->65242K(65536K)] 90207K->75104K(94208K) [PSPermGen: 5155K->5155K(21504K)], 0.0048410 secs] [Times: user=0.02 sys=0.00, real=0.00 secs] 
94.591: Total time for which application threads were stopped: 0.0050090 seconds, Stopping threads took: 0.0000760 seconds
94.785: Application time: 0.1937310 seconds
94.785: [Full GC [PSYoungGen: 24988K->9592K(28672K)] [ParOldGen: 65242K->65242K(65536K)] 90230K->74835K(94208K) [PSPermGen: 5155K->5155K(21504K)], 0.0048740 secs] [Times: user=0.02 sys=0.00, real=0.01 secs] 
94.790: Total time for which application threads were stopped: 0.0050530 seconds, Stopping threads took: 0.0000900 seconds
94.967: Application time: 0.1768760 seconds
94.967: [Full GC [PSYoungGen: 25082K->9727K(28672K)] [ParOldGen: 65242K->65242K(65536K)] 90324K->74970K(94208K) [PSPermGen: 5155K->5155K(21504K)], 0.0051970 secs] [Times: user=0.02 sys=0.00, real=0.00 secs] 
94.972: Total time for which application threads were stopped: 0.0053710 seconds, Stopping threads took: 0.0000830 seconds
95.168: Application time: 0.1955120 seconds
95.168: Total time for which application threads were stopped: 0.0000990 seconds, Stopping threads took: 0.0000700 seconds
95.168: Application time: 0.0001310 seconds
95.168: [Full GC [PSYoungGen: 24971K->9521K(28672K)] [ParOldGen: 65511K->65511K(65536K)] 90483K->75033K(94208K) [PSPermGen: 5155K->5155K(21504K)], 0.0047350 secs] [Times: user=0.02 sys=0.00, real=0.00 secs] 
95.173: Total time for which application threads were stopped: 0.0048520 seconds, Stopping threads took: 0.0000410 seconds
95.359: Application time: 0.1866850 seconds
95.360: [Full GC [PSYoungGen: 24841K->8991K(28672K)] [ParOldGen: 65511K->65242K(65536K)] 90353K->74233K(94208K) [PSPermGen: 5155K->5155K(21504K)], 0.0044790 secs] [Times: user=0.02 sys=0.00, real=0.00 secs] 
95.364: Total time for which application threads were stopped: 0.0046490 seconds, Stopping threads took: 0.0000860 seconds
95.548: Application time: 0.1843400 seconds
95.549: Total time for which application threads were stopped: 0.0000910 seconds, Stopping threads took: 0.0000710 seconds
95.550: Application time: 0.0019600 seconds
95.551: [Full GC [PSYoungGen: 25041K->9314K(28672K)] [ParOldGen: 65511K->65511K(65536K)] 90553K->74826K(94208K) [PSPermGen: 5155K->5155K(21504K)], 0.0047870 secs] [Times: user=0.01 sys=0.00, real=0.01 secs] 
95.555: Total time for which application threads were stopped: 0.0049220 seconds, Stopping threads took: 0.0000540 seconds
95.555: Application time: 0.0000320 seconds
95.555: [Full GC [PSYoungGen: 9449K->9449K(28672K)] [ParOldGen: 65511K->65511K(65536K)] 74961K->74961K(94208K) [PSPermGen: 5155K->5155K(21504K)], 0.0040930 secs] [Times: user=0.02 sys=0.00, real=0.00 secs] 
95.560: Total time for which application threads were stopped: 0.0041960 seconds, Stopping threads took: 0.0000360 seconds
95.775: Application time: 0.2157050 seconds
95.775: [Full GC [PSYoungGen: 24839K->9197K(28672K)] [ParOldGen: 65511K->65242K(65536K)] 90351K->74440K(94208K) [PSPermGen: 5155K->5155K(21504K)], 0.0047840 secs] [Times: user=0.02 sys=0.00, real=0.00 secs] 
95.780: Total time for which application threads were stopped: 0.0049790 seconds, Stopping threads took: 0.0000950 seconds
95.955: Application time: 0.1745000 seconds
95.955: [Full GC [PSYoungGen: 25061K->9862K(28672K)] [ParOldGen: 65242K->65242K(65536K)] 90304K->75105K(94208K) [PSPermGen: 5155K->5155K(21504K)], 0.0051010 secs] [Times: user=0.02 sys=0.00, real=0.00 secs] 
95.960: Total time for which application threads were stopped: 0.0052660 seconds, Stopping threads took: 0.0000810 seconds
96.135: Application time: 0.1748810 seconds
96.135: [Full GC [PSYoungGen: 24959K->9198K(28672K)] [ParOldGen: 65242K->65242K(65536K)] 90201K->74440K(94208K) [PSPermGen: 5155K->5155K(21504K)], 0.0046560 secs] [Times: user=0.02 sys=0.00, real=0.00 secs] 
96.140: Total time for which application threads were stopped: 0.0048340 seconds, Stopping threads took: 0.0000910 seconds
96.362: Application time: 0.2225180 seconds
96.362: [Full GC [PSYoungGen: 25083K->9396K(28672K)] [ParOldGen: 65242K->65242K(65536K)] 90326K->74638K(94208K) [PSPermGen: 5155K->5155K(21504K)], 0.0046690 secs] [Times: user=0.02 sys=0.00, real=0.01 secs] 
96.367: Total time for which application threads were stopped: 0.0048420 seconds, Stopping threads took: 0.0000770 seconds
96.541: Application time: 0.1735710 seconds
96.541: [Full GC [PSYoungGen: 24877K->9396K(28672K)] [ParOldGen: 65242K->65242K(65536K)] 90119K->74638K(94208K) [PSPermGen: 5155K->5155K(21504K)], 0.0047610 secs] [Times: user=0.02 sys=0.00, real=0.00 secs] 
96.546: Total time for which application threads were stopped: 0.0049350 seconds, Stopping threads took: 0.0000880 seconds
96.718: Application time: 0.1724420 seconds
96.718: Total time for which application threads were stopped: 0.0000850 seconds, Stopping threads took: 0.0000670 seconds
96.719: Application time: 0.0006390 seconds
96.719: [Full GC [PSYoungGen: 25047K->9529K(28672K)] [ParOldGen: 65306K->65306K(65536K)] 90354K->74836K(94208K) [PSPermGen: 5155K->5155K(21504K)], 0.0046720 secs] [Times: user=0.02 sys=0.00, real=0.00 secs] 
96.724: Total time for which application threads were stopped: 0.0048210 seconds, Stopping threads took: 0.0000590 seconds
96.906: Application time: 0.1826870 seconds
96.906: Total time for which application threads were stopped: 0.0000870 seconds, Stopping threads took: 0.0000570 seconds
96.908: Application time: 0.0011350 seconds
96.908: [Full GC [PSYoungGen: 24843K->9387K(28672K)] [ParOldGen: 65306K->65242K(65536K)] 90149K->74629K(94208K) [PSPermGen: 5155K->5155K(21504K)], 0.0048110 secs] [Times: user=0.02 sys=0.00, real=0.00 secs] 
96.912: Total time for which application threads were stopped: 0.0049240 seconds, Stopping threads took: 0.0000330 seconds
97.113: Application time: 0.2003400 seconds
97.113: [Full GC [PSYoungGen: 25043K->9126K(28672K)] [ParOldGen: 65511K->65511K(65536K)] 90555K->74638K(94208K) [PSPermGen: 5155K->5155K(21504K)], 0.0046020 secs] [Times: user=0.02 sys=0.00, real=0.01 secs] 
97.118: Total time for which application threads were stopped: 0.0047710 seconds, Stopping threads took: 0.0000810 seconds
97.306: Application time: 0.1882410 seconds
97.306: [Full GC [PSYoungGen: 25018K->9000K(28672K)] [ParOldGen: 65511K->65242K(65536K)] 90530K->74243K(94208K) [PSPermGen: 5155K->5155K(21504K)], 0.0049910 secs] [Times: user=0.02 sys=0.00, real=0.00 secs] 
97.311: Total time for which application threads were stopped: 0.0051570 seconds, Stopping threads took: 0.0000750 seconds
97.490: Application time: 0.1794450 seconds
97.491: [Full GC [PSYoungGen: 25035K->9863K(28672K)] [ParOldGen: 65242K->65242K(65536K)] 90277K->75106K(94208K) [PSPermGen: 5155K->5155K(21504K)], 0.0050130 secs] [Times: user=0.02 sys=0.00, real=0.01 secs] 
97.496: Total time for which application threads were stopped: 0.0051920 seconds, Stopping threads took: 0.0000830 seconds
97.673: Application time: 0.1777130 seconds
97.673: [Full GC [PSYoungGen: 25086K->9729K(28672K)] [ParOldGen: 65242K->65242K(65536K)] 90328K->74971K(94208K) [PSPermGen: 5155K->5155K(21504K)], 0.0046980 secs] [Times: user=0.01 sys=0.00, real=0.01 secs] 
97.678: Total time for which application threads were stopped: 0.0048630 seconds, Stopping threads took: 0.0000800 seconds
97.875: Application time: 0.1966090 seconds
97.875: [Full GC [PSYoungGen: 24905K->9792K(28672K)] [ParOldGen: 65242K->65242K(65536K)] 90147K->75034K(94208K) [PSPermGen: 5155K->5155K(21504K)], 0.0046990 secs] [Times: user=0.01 sys=0.00, real=0.00 secs] 
97.880: Total time for which application threads were stopped: 0.0048700 seconds, Stopping threads took: 0.0000850 seconds
98.061: Application time: 0.1813020 seconds
98.061: [Full GC [PSYoungGen: 25040K->9333K(28672K)] [ParOldGen: 65242K->65242K(65536K)] 90282K->74576K(94208K) [PSPermGen: 5155K->5155K(21504K)], 0.0047780 secs] [Times: user=0.02 sys=0.00, real=0.00 secs] 
98.066: Total time for which application threads were stopped: 0.0049580 seconds, Stopping threads took: 0.0000770 seconds
98.242: Application time: 0.1758260 seconds
98.242: [Full GC [PSYoungGen: 24916K->9594K(28672K)] [ParOldGen: 65242K->65242K(65536K)] 90159K->74836K(94208K) [PSPermGen: 5155K->5155K(21504K)], 0.0046830 secs] [Times: user=0.02 sys=0.01, real=0.01 secs] 
98.247: Total time for which application threads were stopped: 0.0048490 seconds, Stopping threads took: 0.0000790 seconds
98.453: Application time: 0.2066290 seconds
98.453: [Full GC [PSYoungGen: 24993K->9594K(28672K)] [ParOldGen: 65242K->65242K(65536K)] 90235K->74836K(94208K) [PSPermGen: 5155K->5155K(21504K)], 0.0047880 secs] [Times: user=0.02 sys=0.00, real=0.01 secs] 
98.458: Total time for which application threads were stopped: 0.0049510 seconds, Stopping threads took: 0.0000750 seconds
98.635: Application time: 0.1767180 seconds
98.635: Total time for which application threads were stopped: 0.0001180 seconds, Stopping threads took: 0.0000870 seconds
98.636: Application time: 0.0011800 seconds
98.636: [Full GC [PSYoungGen: 25022K->9459K(28672K)] [ParOldGen: 65377K->65377K(65536K)] 90399K->74836K(94208K) [PSPermGen: 5155K->5155K(21504K)], 0.0047010 secs] [Times: user=0.02 sys=0.00, real=0.00 secs] 
98.641: Total time for which application threads were stopped: 0.0048370 seconds, Stopping threads took: 0.0000460 seconds
98.845: Application time: 0.2042730 seconds
98.845: [Full GC [PSYoungGen: 25088K->8850K(28672K)] [ParOldGen: 65519K->65384K(65536K)] 90607K->74235K(94208K) [PSPermGen: 5155K->5155K(21504K)], 0.0047890 secs] [Times: user=0.02 sys=0.00, real=0.01 secs] 
98.850: Total time for which application threads were stopped: 0.0049470 seconds, Stopping threads took: 0.0000670 seconds
99.028: Application time: 0.1776420 seconds
99.028: [Full GC [PSYoungGen: 24861K->9397K(28672K)] [ParOldGen: 65384K->65242K(65536K)] 90246K->74639K(94208K) [PSPermGen: 5155K->5155K(21504K)], 0.0048730 secs] [Times: user=0.02 sys=0.00, real=0.00 secs] 
99.033: Total time for which application threads were stopped: 0.0050500 seconds, Stopping threads took: 0.0000880 seconds
99.220: Application time: 0.1866600 seconds
99.220: [Full GC [PSYoungGen: 24978K->9666K(28672K)] [ParOldGen: 65242K->65242K(65536K)] 90220K->74909K(94208K) [PSPermGen: 5155K->5155K(21504K)], 0.0048060 secs] [Times: user=0.02 sys=0.00, real=0.00 secs] 
99.225: Total time for which application threads were stopped: 0.0049900 seconds, Stopping threads took: 0.0000840 seconds
99.421: Application time: 0.1965800 seconds
99.421: [Full GC [PSYoungGen: 24982K->9666K(28672K)] [ParOldGen: 65242K->65242K(65536K)] 90224K->74909K(94208K) [PSPermGen: 5155K->5155K(21504K)], 0.0047890 secs] [Times: user=0.02 sys=0.00, real=0.01 secs] 
99.426: Total time for which application threads were stopped: 0.0049680 seconds, Stopping threads took: 0.0000940 seconds
99.614: Application time: 0.1877720 seconds
99.614: [Full GC [PSYoungGen: 24999K->9199K(28672K)] [ParOldGen: 65242K->65242K(65536K)] 90241K->74441K(94208K) [PSPermGen: 5155K->5155K(21504K)], 0.0046910 secs] [Times: user=0.02 sys=0.00, real=0.00 secs] 
99.619: Total time for which application threads were stopped: 0.0048550 seconds, Stopping threads took: 0.0000780 seconds
99.805: Application time: 0.1856730 seconds
99.805: Total time for which application threads were stopped: 0.0001070 seconds, Stopping threads took: 0.0000780 seconds
99.805: Application time: 0.0005030 seconds
99.805: [Full GC [PSYoungGen: 24964K->9388K(28672K)] [ParOldGen: 65511K->65511K(65536K)] 90476K->74900K(94208K) [PSPermGen: 5155K->5155K(21504K)], 0.0047780 secs] [Times: user=0.02 sys=0.00, real=0.01 secs] 
99.810: Total time for which application threads were stopped: 0.0048950 seconds, Stopping threads took: 0.0000380 seconds
100.014: Application time: 0.2038620 seconds
100.014: [Full GC [PSYoungGen: 25088K->9793K(28672K)] [ParOldGen: 65511K->65242K(65536K)] 90599K->75035K(94208K) [PSPermGen: 5155K->5155K(21504K)], 0.0048060 secs] [Times: user=0.02 sys=0.00, real=0.00 secs] 
100.019: Total time for which application threads were stopped: 0.0049740 seconds, Stopping threads took: 0.0000810 seconds
100.204: Application time: 0.1851270 seconds
100.204: [Full GC [PSYoungGen: 24978K->9793K(28672K)] [ParOldGen: 65242K->65242K(65536K)] 90220K->75035K(94208K) [PSPermGen: 5155K->5155K(21504K)], 0.0048500 secs] [Times: user=0.02 sys=0.00, real=0.01 secs] 
100.209: Total time for which application threads were stopped: 0.0050240 seconds, Stopping threads took: 0.0000860 seconds
100.400: Application time: 0.1914740 seconds
100.401: [Full GC [PSYoungGen: 25039K->9532K(28672K)] [ParOldGen: 65242K->65242K(65536K)] 90281K->74774K(94208K) [PSPermGen: 5155K->5155K(21504K)], 0.0046700 secs] [Times: user=0.02 sys=0.00, real=0.00 secs] 
100.405: Total time for which application threads were stopped: 0.0048440 seconds, Stopping threads took: 0.0000790 seconds
100.582: Application time: 0.1771330 seconds
100.583: [Full GC [PSYoungGen: 25048K->9334K(28672K)] [ParOldGen: 65242K->65242K(65536K)] 90290K->74577K(94208K) [PSPermGen: 5155K->5155K(21504K)], 0.0047810 secs] [Times: user=0.01 sys=0.00, real=0.01 secs] 
100.587: Total time for which application threads were stopped: 0.0049490 seconds, Stopping threads took: 0.0000810 seconds
100.783: Application time: 0.1955290 seconds
100.783: Total time for which application threads were stopped: 0.0000970 seconds, Stopping threads took: 0.0000740 seconds
100.783: Application time: 0.0000740 seconds
100.783: [Full GC [PSYoungGen: 25071K->9263K(28672K)] [ParOldGen: 65377K->65377K(65536K)] 90448K->74640K(94208K) [PSPermGen: 5155K->5155K(21504K)], 0.0047590 secs] [Times: user=0.02 sys=0.00, real=0.01 secs] 
100.788: Total time for which application threads were stopped: 0.0048820 seconds, Stopping threads took: 0.0000440 seconds
100.979: Application time: 0.1912830 seconds
100.979: [Full GC [PSYoungGen: 24866K->9200K(28672K)] [ParOldGen: 65377K->65242K(65536K)] 90243K->74442K(94208K) [PSPermGen: 5155K->5155K(21504K)], 0.0046990 secs] [Times: user=0.02 sys=0.00, real=0.00 secs] 
100.984: Total time for which application threads were stopped: 0.0048620 seconds, Stopping threads took: 0.0000700 seconds
101.168: Application time: 0.1840240 seconds
101.168: [Full GC [PSYoungGen: 24961K->9398K(28672K)] [ParOldGen: 65242K->65242K(65536K)] 90203K->74640K(94208K) [PSPermGen: 5155K->5155K(21504K)], 0.0047550 secs] [Times: user=0.02 sys=0.00, real=0.00 secs] 
101.173: Total time for which application threads were stopped: 0.0049110 seconds, Stopping threads took: 0.0000700 seconds
101.369: Application time: 0.1960690 seconds
101.369: [Full GC [PSYoungGen: 24960K->9398K(28672K)] [ParOldGen: 65242K->65242K(65536K)] 90203K->74640K(94208K) [PSPermGen: 5155K->5155K(21504K)], 0.0049500 secs] [Times: user=0.01 sys=0.00, real=0.01 secs] 
101.374: Total time for which application threads were stopped: 0.0051170 seconds, Stopping threads took: 0.0000810 seconds
101.563: Application time: 0.1886230 seconds
101.563: [Full GC [PSYoungGen: 24918K->9398K(28672K)] [ParOldGen: 65242K->65242K(65536K)] 90160K->74640K(94208K) [PSPermGen: 5155K->5155K(21504K)], 0.0046870 secs] [Times: user=0.02 sys=0.00, real=0.01 secs] 
101.568: Total time for which application threads were stopped: 0.0048580 seconds, Stopping threads took: 0.0000760 seconds
101.741: Application time: 0.1734720 seconds
101.741: [Full GC [PSYoungGen: 25040K->9730K(28672K)] [ParOldGen: 65242K->65242K(65536K)] 90282K->74973K(94208K) [PSPermGen: 5155K->5155K(21504K)], 0.0048130 secs] [Times: user=0.02 sys=0.00, real=0.01 secs] 
101.746: Total time for which application threads were stopped: 0.0049810 seconds, Stopping threads took: 0.0000780 seconds
101.955: Application time: 0.2084890 seconds
101.955: [Full GC [PSYoungGen: 24979K->9668K(28672K)] [ParOldGen: 65242K->65242K(65536K)] 90221K->74910K(94208K) [PSPermGen: 5155K->5155K(21504K)], 0.0047690 secs] [Times: user=0.01 sys=0.00, real=0.00 secs] 
101.960: Total time for which application threads were stopped: 0.0049360 seconds, Stopping threads took: 0.0000800 seconds
102.154: Application time: 0.1944970 seconds
102.154: Total time for which application threads were stopped: 0.0000940 seconds, Stopping threads took: 0.0000680 seconds
102.155: Application time: 0.0007380 seconds
102.155: [Full GC [PSYoungGen: 25065K->9461K(28672K)] [ParOldGen: 65377K->65377K(65536K)] 90442K->74838K(94208K) [PSPermGen: 5155K->5155K(21504K)], 0.0046690 secs] [Times: user=0.01 sys=0.00, real=0.00 secs] 
102.160: Total time for which application threads were stopped: 0.0047900 seconds, Stopping threads took: 0.0000430 seconds
102.321: Application time: 0.1613770 seconds
102.321: [Full GC [PSYoungGen: 24821K->9794K(28672K)] [ParOldGen: 65377K->65242K(65536K)] 90198K->75036K(94208K) [PSPermGen: 5155K->5155K(21504K)], 0.0048980 secs] [Times: user=0.02 sys=0.00, real=0.01 secs] 
102.326: Total time for which application threads were stopped: 0.0050540 seconds, Stopping threads took: 0.0000690 seconds
102.518: Application time: 0.1919940 seconds
102.518: [Full GC [PSYoungGen: 25025K->9470K(28672K)] [ParOldGen: 65242K->65242K(65536K)] 90267K->74713K(94208K) [PSPermGen: 5155K->5155K(21504K)], 0.0048330 secs] [Times: user=0.01 sys=0.00, real=0.00 secs] 
102.523: Total time for which application threads were stopped: 0.0050050 seconds, Stopping threads took: 0.0000860 seconds
102.719: Application time: 0.1962230 seconds
102.720: [Full GC [PSYoungGen: 25005K->9399K(28672K)] [ParOldGen: 65242K->65242K(65536K)] 90247K->74641K(94208K) [PSPermGen: 5155K->5155K(21504K)], 0.0047620 secs] [Times: user=0.02 sys=0.00, real=0.00 secs] 
102.724: Total time for which application threads were stopped: 0.0049390 seconds, Stopping threads took: 0.0000830 seconds
102.916: Application time: 0.1916180 seconds
102.916: [Full GC [PSYoungGen: 24917K->9201K(28672K)] [ParOldGen: 65242K->65242K(65536K)] 90159K->74443K(94208K) [PSPermGen: 5155K->5155K(21504K)], 0.0047360 secs] [Times: user=0.01 sys=0.00, real=0.00 secs] 
102.921: Total time for which application threads were stopped: 0.0049110 seconds, Stopping threads took: 0.0000880 seconds
103.100: Application time: 0.1790650 seconds
103.100: [Full GC [PSYoungGen: 24977K->9866K(28672K)] [ParOldGen: 65242K->65242K(65536K)] 90220K->75108K(94208K) [PSPermGen: 5155K->5155K(21504K)], 0.0049250 secs] [Times: user=0.02 sys=0.00, real=0.00 secs] 
103.105: Total time for which application threads were stopped: 0.0050940 seconds, Stopping threads took: 0.0000790 seconds
103.293: Application time: 0.1874500 seconds
103.293: Total time for which application threads were stopped: 0.0001160 seconds, Stopping threads took: 0.0000830 seconds
103.293: Application time: 0.0004900 seconds
103.293: [Full GC [PSYoungGen: 25065K->9264K(28672K)] [ParOldGen: 65377K->65377K(65536K)] 90442K->74641K(94208K) [PSPermGen: 5155K->5155K(21504K)], 0.0047550 secs] [Times: user=0.02 sys=0.00, real=0.01 secs] 
103.298: Total time for which application threads were stopped: 0.0048810 seconds, Stopping threads took: 0.0000450 seconds
103.494: Application time: 0.1958270 seconds
103.494: [Full GC [PSYoungGen: 25088K->9568K(28672K)] [ParOldGen: 65440K->65270K(65536K)] 90528K->74839K(94208K) [PSPermGen: 5155K->5155K(21504K)], 0.0046420 secs] [Times: user=0.02 sys=0.00, real=0.00 secs] 
103.499: Total time for which application threads were stopped: 0.0048090 seconds, Stopping threads took: 0.0000760 seconds
103.688: Application time: 0.1894200 seconds
103.688: Total time for which application threads were stopped: 0.0000910 seconds, Stopping threads took: 0.0000700 seconds
103.689: Application time: 0.0008990 seconds
103.689: [Full GC [PSYoungGen: 25056K->8768K(28672K)] [ParOldGen: 65270K->65270K(65536K)] 90327K->74039K(94208K) [PSPermGen: 5155K->5155K(21504K)], 0.0046790 secs] [Times: user=0.02 sys=0.00, real=0.00 secs] 
103.694: Total time for which application threads were stopped: 0.0047830 seconds, Stopping threads took: 0.0000270 seconds
103.881: Application time: 0.1866450 seconds
103.881: [Full GC [PSYoungGen: 24937K->9568K(28672K)] [ParOldGen: 65270K->65270K(65536K)] 90208K->74839K(94208K) [PSPermGen: 5155K->5155K(21504K)], 0.0047520 secs] [Times: user=0.02 sys=0.00, real=0.00 secs] 
103.885: Total time for which application threads were stopped: 0.0049210 seconds, Stopping threads took: 0.0000750 seconds
104.066: Application time: 0.1804540 seconds
104.066: [Full GC [PSYoungGen: 25086K->9371K(28672K)] [ParOldGen: 65270K->65270K(65536K)] 90357K->74641K(94208K) [PSPermGen: 5155K->5155K(21504K)], 0.0049660 secs] [Times: user=0.02 sys=0.00, real=0.00 secs] 
104.071: Total time for which application threads were stopped: 0.0051310 seconds, Stopping threads took: 0.0000800 seconds
104.268: Application time: 0.1971540 seconds
104.268: [Full GC [PSYoungGen: 25084K->9371K(28672K)] [ParOldGen: 65270K->65270K(65536K)] 90355K->74641K(94208K) [PSPermGen: 5155K->5155K(21504K)], 0.0048150 secs] [Times: user=0.02 sys=0.00, real=0.00 secs] 
104.273: Total time for which application threads were stopped: 0.0049750 seconds, Stopping threads took: 0.0000770 seconds
104.468: Application time: 0.1948820 seconds
104.468: [Full GC [PSYoungGen: 24972K->9371K(28672K)] [ParOldGen: 65270K->65270K(65536K)] 90243K->74641K(94208K) [PSPermGen: 5155K->5155K(21504K)], 0.0048930 secs] [Times: user=0.02 sys=0.00, real=0.00 secs] 
104.473: Total time for which application threads were stopped: 0.0050910 seconds, Stopping threads took: 0.0000930 seconds
104.662: Application time: 0.1885800 seconds
104.662: [Full GC [PSYoungGen: 24965K->9568K(28672K)] [ParOldGen: 65270K->65270K(65536K)] 90236K->74839K(94208K) [PSPermGen: 5155K->5155K(21504K)], 0.0048950 secs] [Times: user=0.02 sys=0.00, real=0.01 secs] 
104.667: Total time for which application threads were stopped: 0.0050660 seconds, Stopping threads took: 0.0000830 seconds
104.839: Application time: 0.1718910 seconds
104.839: [Full GC [PSYoungGen: 25062K->9930K(28672K)] [ParOldGen: 65270K->65242K(65536K)] 90332K->75172K(94208K) [PSPermGen: 5155K->5155K(21504K)], 0.0049140 secs] [Times: user=0.02 sys=0.00, real=0.00 secs] 
104.844: Total time for which application threads were stopped: 0.0050730 seconds, Stopping threads took: 0.0000710 seconds
105.034: Application time: 0.1902450 seconds
105.034: [Full GC [PSYoungGen: 25025K->9669K(28672K)] [ParOldGen: 65242K->65242K(65536K)] 90268K->74911K(94208K) [PSPermGen: 5155K->5155K(21504K)], 0.0048550 secs] [Times: user=0.02 sys=0.00, real=0.00 secs] 
105.039: Total time for which application threads were stopped: 0.0050390 seconds, Stopping threads took: 0.0000880 seconds
105.232: Application time: 0.1933640 seconds
105.233: [Full GC [PSYoungGen: 24980K->9669K(28672K)] [ParOldGen: 65242K->65242K(65536K)] 90223K->74911K(94208K) [PSPermGen: 5155K->5155K(21504K)], 0.0048360 secs] [Times: user=0.02 sys=0.00, real=0.01 secs] 
105.237: Total time for which application threads were stopped: 0.0050000 seconds, Stopping threads took: 0.0000760 seconds
105.415: Application time: 0.1777490 seconds
105.415: Total time for which application threads were stopped: 0.0000990 seconds, Stopping threads took: 0.0000800 seconds
105.416: Application time: 0.0003600 seconds
105.416: [Full GC [PSYoungGen: 25062K->8940K(28672K)] [ParOldGen: 65306K->65306K(65536K)] 90368K->74246K(94208K) [PSPermGen: 5155K->5155K(21504K)], 0.0046420 secs] [Times: user=0.02 sys=0.00, real=0.00 secs] 
105.420: Total time for which application threads were stopped: 0.0047610 seconds, Stopping threads took: 0.0000430 seconds
105.630: Application time: 0.2094410 seconds
105.630: [Full GC [PSYoungGen: 25074K->9003K(28672K)] [ParOldGen: 65505K->65441K(65536K)] 90579K->74444K(94208K) [PSPermGen: 5155K->5155K(21504K)], 0.0048100 secs] [Times: user=0.02 sys=0.00, real=0.01 secs] 
105.635: Total time for which application threads were stopped: 0.0049890 seconds, Stopping threads took: 0.0000740 seconds
105.833: Application time: 0.1978710 seconds
105.833: [Full GC [PSYoungGen: 24889K->9193K(28672K)] [ParOldGen: 65441K->65242K(65536K)] 90331K->74435K(94208K) [PSPermGen: 5155K->5155K(21504K)], 0.0049580 secs] [Times: user=0.01 sys=0.00, real=0.01 secs] 
105.838: Total time for which application threads were stopped: 0.0051060 seconds, Stopping threads took: 0.0000650 seconds
106.005: Application time: 0.1674520 seconds
106.005: [Full GC [PSYoungGen: 25076K->9400K(28672K)] [ParOldGen: 65242K->65242K(65536K)] 90318K->74642K(94208K) [PSPermGen: 5155K->5155K(21504K)], 0.0047000 secs] [Times: user=0.02 sys=0.00, real=0.01 secs] 
106.010: Total time for which application threads were stopped: 0.0048740 seconds, Stopping threads took: 0.0000890 seconds
106.206: Application time: 0.1956130 seconds
106.206: [Full GC [PSYoungGen: 25049K->9598K(28672K)] [ParOldGen: 65242K->65242K(65536K)] 90291K->74840K(94208K) [PSPermGen: 5155K->5155K(21504K)], 0.0047480 secs] [Times: user=0.02 sys=0.00, real=0.01 secs] 
106.211: Total time for which application threads were stopped: 0.0049220 seconds, Stopping threads took: 0.0000750 seconds
106.400: Application time: 0.1894770 seconds
106.400: [Full GC [PSYoungGen: 24970K->10065K(28672K)] [ParOldGen: 65242K->65242K(65536K)] 90212K->75307K(94208K) [PSPermGen: 5155K->5155K(21504K)], 0.0049750 secs] [Times: user=0.02 sys=0.00, real=0.00 secs] 
106.405: Total time for which application threads were stopped: 0.0051380 seconds, Stopping threads took: 0.0000750 seconds
106.589: Application time: 0.1839630 seconds
106.589: [Full GC [PSYoungGen: 25040K->9337K(28672K)] [ParOldGen: 65242K->65242K(65536K)] 90282K->74580K(94208K) [PSPermGen: 5155K->5155K(21504K)], 0.0047950 secs] [Times: user=0.02 sys=0.00, real=0.01 secs] 
106.594: Total time for which application threads were stopped: 0.0049650 seconds, Stopping threads took: 0.0000850 seconds
106.774: Application time: 0.1794620 seconds
106.774: [Full GC [PSYoungGen: 25053K->9535K(28672K)] [ParOldGen: 65242K->65242K(65536K)] 90295K->74777K(94208K) [PSPermGen: 5155K->5155K(21504K)], 0.0046990 secs] [Times: user=0.02 sys=0.00, real=0.01 secs] 
106.779: Total time for which application threads were stopped: 0.0048580 seconds, Stopping threads took: 0.0000630 seconds
106.957: Application time: 0.1782160 seconds
106.957: [Full GC [PSYoungGen: 24994K->9796K(28672K)] [ParOldGen: 65242K->65242K(65536K)] 90236K->75038K(94208K) [PSPermGen: 5155K->5155K(21504K)], 0.0049260 secs] [Times: user=0.02 sys=0.00, real=0.00 secs] 
106.962: Total time for which application threads were stopped: 0.0050870 seconds, Stopping threads took: 0.0000740 seconds
107.154: Application time: 0.1917990 seconds
107.154: [Full GC [PSYoungGen: 24994K->9598K(28672K)] [ParOldGen: 65242K->65242K(65536K)] 90236K->74840K(94208K) [PSPermGen: 5155K->5155K(21504K)], 0.0048480 secs] [Times: user=0.01 sys=0.00, real=0.01 secs] 
107.159: Total time for which application threads were stopped: 0.0050080 seconds, Stopping threads took: 0.0000740 seconds
107.346: Application time: 0.1873360 seconds
107.346: Total time for which application threads were stopped: 0.0000990 seconds, Stopping threads took: 0.0000690 seconds
107.346: Application time: 0.0002480 seconds
107.346: [Full GC [PSYoungGen: 25025K->9463K(28672K)] [ParOldGen: 65377K->65377K(65536K)] 90402K->74840K(94208K) [PSPermGen: 5155K->5155K(21504K)], 0.0047260 secs] [Times: user=0.02 sys=0.00, real=0.00 secs] 
107.351: Total time for which application threads were stopped: 0.0048430 seconds, Stopping threads took: 0.0000400 seconds
107.549: Application time: 0.1982440 seconds
107.550: [Full GC [PSYoungGen: 25033K->9598K(28672K)] [ParOldGen: 65377K->65242K(65536K)] 90410K->74841K(94208K) [PSPermGen: 5155K->5155K(21504K)], 0.0049120 secs] [Times: user=0.01 sys=0.00, real=0.01 secs] 
107.555: Total time for which application threads were stopped: 0.0050780 seconds, Stopping threads took: 0.0000790 seconds
107.729: Application time: 0.1742540 seconds
107.729: [Full GC [PSYoungGen: 24975K->10066K(28672K)] [ParOldGen: 65242K->65242K(65536K)] 90217K->75308K(94208K) [PSPermGen: 5155K->5155K(21504K)], 0.0046720 secs] [Times: user=0.02 sys=0.00, real=0.00 secs] 
107.734: Total time for which application threads were stopped: 0.0048340 seconds, Stopping threads took: 0.0000750 seconds
107.908: Application time: 0.1744000 seconds
107.908: [Full GC [PSYoungGen: 25033K->9931K(28672K)] [ParOldGen: 65242K->65242K(65536K)] 90276K->75173K(94208K) [PSPermGen: 5155K->5155K(21504K)], 0.0048860 secs] [Times: user=0.02 sys=0.00, real=0.00 secs] 
107.913: Total time for which application threads were stopped: 0.0050600 seconds, Stopping threads took: 0.0000780 seconds
108.119: Application time: 0.2059790 seconds
108.119: Total time for which application threads were stopped: 0.0000980 seconds, Stopping threads took: 0.0000760 seconds
108.120: Application time: 0.0006790 seconds
108.120: [Full GC [PSYoungGen: 25054K->9337K(28672K)] [ParOldGen: 65306K->65306K(65536K)] 90361K->74643K(94208K) [PSPermGen: 5155K->5155K(21504K)], 0.0046930 secs] [Times: user=0.02 sys=0.00, real=0.00 secs] 
108.125: Total time for which application threads were stopped: 0.0048120 seconds, Stopping threads took: 0.0000400 seconds
108.314: Application time: 0.1894800 seconds
108.314: [Full GC [PSYoungGen: 24818K->9401K(28672K)] [ParOldGen: 65306K->65242K(65536K)] 90124K->74643K(94208K) [PSPermGen: 5155K->5155K(21504K)], 0.0048480 secs] [Times: user=0.02 sys=0.00, real=0.00 secs] 
108.319: Total time for which application threads were stopped: 0.0050070 seconds, Stopping threads took: 0.0000740 seconds
108.488: Application time: 0.1684530 seconds
108.488: [Full GC [PSYoungGen: 24958K->9796K(28672K)] [ParOldGen: 65242K->65242K(65536K)] 90200K->75039K(94208K) [PSPermGen: 5155K->5155K(21504K)], 0.0047790 secs] [Times: user=0.02 sys=0.00, real=0.00 secs] 
108.493: Total time for which application threads were stopped: 0.0049430 seconds, Stopping threads took: 0.0000710 seconds
108.682: Application time: 0.1895600 seconds
108.682: [Full GC [PSYoungGen: 25026K->9671K(28672K)] [ParOldGen: 65242K->65242K(65536K)] 90268K->74913K(94208K) [PSPermGen: 5155K->5155K(21504K)], 0.0048640 secs] [Times: user=0.01 sys=0.00, real=0.01 secs] 
108.687: Total time for which application threads were stopped: 0.0050480 seconds, Stopping threads took: 0.0000950 seconds
108.895: Application time: 0.2077340 seconds
108.895: [Full GC [PSYoungGen: 25054K->9141K(28672K)] [ParOldGen: 65242K->65242K(65536K)] 90296K->74383K(94208K) [PSPermGen: 5155K->5155K(21504K)], 0.0046630 secs] [Times: user=0.01 sys=0.00, real=0.00 secs] 
108.900: Total time for which application threads were stopped: 0.0048240 seconds, Stopping threads took: 0.0000770 seconds
109.068: Application time: 0.1680510 seconds
109.068: [Full GC [PSYoungGen: 24932K->9204K(28672K)] [ParOldGen: 65242K->65242K(65536K)] 90175K->74446K(94208K) [PSPermGen: 5155K->5155K(21504K)], 0.0047570 secs] [Times: user=0.02 sys=0.00, real=0.00 secs] 
109.073: Total time for which application threads were stopped: 0.0049620 seconds, Stopping threads took: 0.0001130 seconds
109.264: Application time: 0.1915910 seconds
109.264: [Full GC [PSYoungGen: 24921K->9401K(28672K)] [ParOldGen: 65242K->65242K(65536K)] 90164K->74644K(94208K) [PSPermGen: 5155K->5155K(21504K)], 0.0048140 secs] [Times: user=0.02 sys=0.00, real=0.01 secs] 
109.269: Total time for which application threads were stopped: 0.0049870 seconds, Stopping threads took: 0.0000840 seconds
109.472: Application time: 0.2029640 seconds
109.472: [Full GC [PSYoungGen: 24995K->9599K(28672K)] [ParOldGen: 65242K->65242K(65536K)] 90237K->74841K(94208K) [PSPermGen: 5155K->5155K(21504K)], 0.0049410 secs] [Times: user=0.01 sys=0.00, real=0.01 secs] 
109.477: Total time for which application threads were stopped: 0.0051170 seconds, Stopping threads took: 0.0000880 seconds
109.655: Application time: 0.1773390 seconds
109.655: [Full GC [PSYoungGen: 25016K->9536K(28672K)] [ParOldGen: 65242K->65242K(65536K)] 90258K->74779K(94208K) [PSPermGen: 5155K->5155K(21504K)], 0.0048060 secs] [Times: user=0.02 sys=0.00, real=0.00 secs] 
109.660: Total time for which application threads were stopped: 0.0049860 seconds, Stopping threads took: 0.0000860 seconds
109.834: Application time: 0.1739370 seconds
109.834: [Full GC [PSYoungGen: 24846K->9599K(28672K)] [ParOldGen: 65242K->65242K(65536K)] 90088K->74842K(94208K) [PSPermGen: 5155K->5155K(21504K)], 0.0047160 secs] [Times: user=0.02 sys=0.00, real=0.01 secs] 
109.839: Total time for which application threads were stopped: 0.0048730 seconds, Stopping threads took: 0.0000700 seconds
110.012: Application time: 0.1735520 seconds
110.012: Total time for which application threads were stopped: 0.0001210 seconds, Stopping threads took: 0.0001000 seconds
110.012: Application time: 0.0001670 seconds
110.012: [Full GC [PSYoungGen: 25056K->9860K(28672K)] [ParOldGen: 65377K->65377K(65536K)] 90433K->75237K(94208K) [PSPermGen: 5155K->5155K(21504K)], 0.0049530 secs] [Times: user=0.02 sys=0.00, real=0.01 secs] 
110.017: Total time for which application threads were stopped: 0.0050770 seconds, Stopping threads took: 0.0000410 seconds
110.219: Application time: 0.2012950 seconds
110.219: [Full GC [PSYoungGen: 24973K->9599K(28672K)] [ParOldGen: 65377K->65242K(65536K)] 90351K->74842K(94208K) [PSPermGen: 5155K->5155K(21504K)], 0.0047270 secs] [Times: user=0.02 sys=0.00, real=0.00 secs] 
110.224: Total time for which application threads were stopped: 0.0049200 seconds, Stopping threads took: 0.0000950 seconds
110.402: Application time: 0.1788070 seconds
110.403: [Full GC [PSYoungGen: 25041K->9537K(28672K)] [ParOldGen: 65242K->65242K(65536K)] 90284K->74779K(94208K) [PSPermGen: 5155K->5155K(21504K)], 0.0049020 secs] [Times: user=0.02 sys=0.00, real=0.01 secs] 
110.408: Total time for which application threads were stopped: 0.0050710 seconds, Stopping threads took: 0.0000740 seconds
110.599: Application time: 0.1918400 seconds
110.600: [Full GC [PSYoungGen: 25005K->9402K(28672K)] [ParOldGen: 65242K->65242K(65536K)] 90247K->74644K(94208K) [PSPermGen: 5155K->5155K(21504K)], 0.0047110 secs] [Times: user=0.02 sys=0.00, real=0.00 secs] 
110.604: Total time for which application threads were stopped: 0.0048780 seconds, Stopping threads took: 0.0000800 seconds
110.782: Application time: 0.1774180 seconds
110.782: [Full GC [PSYoungGen: 24995K->9600K(28672K)] [ParOldGen: 65242K->65242K(65536K)] 90238K->74842K(94208K) [PSPermGen: 5155K->5155K(21504K)], 0.0047970 secs] [Times: user=0.02 sys=0.00, real=0.01 secs] 
110.787: Total time for which application threads were stopped: 0.0049680 seconds, Stopping threads took: 0.0000740 seconds
110.975: Application time: 0.1881190 seconds
110.975: [Full GC [PSYoungGen: 24958K->9798K(28672K)] [ParOldGen: 65242K->65242K(65536K)] 90200K->75040K(94208K) [PSPermGen: 5155K->5155K(21504K)], 0.0049830 secs] [Times: user=0.02 sys=0.00, real=0.00 secs] 
110.980: Total time for which application threads were stopped: 0.0051600 seconds, Stopping threads took: 0.0000900 seconds
111.172: Application time: 0.1918530 seconds
111.172: [Full GC [PSYoungGen: 25026K->9672K(28672K)] [ParOldGen: 65242K->65242K(65536K)] 90268K->74914K(94208K) [PSPermGen: 5155K->5155K(21504K)], 0.0051330 secs] [Times: user=0.02 sys=0.00, real=0.01 secs] 
111.177: Total time for which application threads were stopped: 0.0053060 seconds, Stopping threads took: 0.0000830 seconds
111.356: Application time: 0.1793780 seconds
111.357: [Full GC [PSYoungGen: 25046K->9735K(28672K)] [ParOldGen: 65242K->65242K(65536K)] 90288K->74977K(94208K) [PSPermGen: 5155K->5155K(21504K)], 0.0049310 secs] [Times: user=0.02 sys=0.00, real=0.00 secs] 
111.362: Total time for which application threads were stopped: 0.0050910 seconds, Stopping threads took: 0.0000680 seconds
111.532: Application time: 0.1704050 seconds
111.532: [Full GC [PSYoungGen: 25050K->9735K(28672K)] [ParOldGen: 65242K->65242K(65536K)] 90293K->74977K(94208K) [PSPermGen: 5155K->5155K(21504K)], 0.0049260 secs] [Times: user=0.01 sys=0.00, real=0.01 secs] 
111.537: Total time for which application threads were stopped: 0.0051060 seconds, Stopping threads took: 0.0000930 seconds
111.758: Application time: 0.2208420 seconds
111.758: [Full GC [PSYoungGen: 24985K->9672K(28672K)] [ParOldGen: 65242K->65242K(65536K)] 90228K->74914K(94208K) [PSPermGen: 5155K->5155K(21504K)], 0.0048390 secs] [Times: user=0.02 sys=0.00, real=0.00 secs] 
111.763: Total time for which application threads were stopped: 0.0050120 seconds, Stopping threads took: 0.0000850 seconds
111.939: Application time: 0.1759630 seconds
111.939: [Full GC [PSYoungGen: 24882K->9403K(28672K)] [ParOldGen: 65242K->65242K(65536K)] 90124K->74645K(94208K) [PSPermGen: 5155K->5155K(21504K)], 0.0047540 secs] [Times: user=0.02 sys=0.00, real=0.00 secs] 
111.944: Total time for which application threads were stopped: 0.0049300 seconds, Stopping threads took: 0.0000780 seconds
112.116: Application time: 0.1721650 seconds
112.116: [Full GC [PSYoungGen: 24880K->9403K(28672K)] [ParOldGen: 65242K->65242K(65536K)] 90122K->74645K(94208K) [PSPermGen: 5155K->5155K(21504K)], 0.0047640 secs] [Times: user=0.01 sys=0.00, real=0.00 secs] 
112.121: Total time for which application threads were stopped: 0.0049290 seconds, Stopping threads took: 0.0000790 seconds
112.305: Application time: 0.1836570 seconds
112.305: [Full GC [PSYoungGen: 25029K->9870K(28672K)] [ParOldGen: 65242K->65242K(65536K)] 90271K->75112K(94208K) [PSPermGen: 5155K->5155K(21504K)], 0.0048290 secs] [Times: user=0.02 sys=0.00, real=0.01 secs] 
112.310: Total time for which application threads were stopped: 0.0050110 seconds, Stopping threads took: 0.0000960 seconds
112.525: Application time: 0.2155880 seconds
112.525: [Full GC [PSYoungGen: 25005K->9008K(28672K)] [ParOldGen: 65242K->65242K(65536K)] 90248K->74250K(94208K) [PSPermGen: 5155K->5155K(21504K)], 0.0046970 secs] [Times: user=0.02 sys=0.00, real=0.01 secs] 
112.530: Total time for which application threads were stopped: 0.0048880 seconds, Stopping threads took: 0.0000820 seconds
112.704: Application time: 0.1741540 seconds
112.704: Total time for which application threads were stopped: 0.0000890 seconds, Stopping threads took: 0.0000690 seconds
112.706: Application time: 0.0012700 seconds
112.706: [Full GC [PSYoungGen: 24991K->9061K(28672K)] [ParOldGen: 65377K->65377K(65536K)] 90368K->74438K(94208K) [PSPermGen: 5155K->5155K(21504K)], 0.0046830 secs] [Times: user=0.02 sys=0.00, real=0.01 secs] 
112.710: Total time for which application threads were stopped: 0.0048020 seconds, Stopping threads took: 0.0000400 seconds
112.893: Application time: 0.1827120 seconds
112.893: [Full GC [PSYoungGen: 24988K->9403K(28672K)] [ParOldGen: 65377K->65242K(65536K)] 90365K->74645K(94208K) [PSPermGen: 5155K->5155K(21504K)], 0.0045750 secs] [Times: user=0.02 sys=0.00, real=0.01 secs] 
112.898: Total time for which application threads were stopped: 0.0047380 seconds, Stopping threads took: 0.0000780 seconds
113.100: Application time: 0.2025060 seconds
113.100: [Full GC [PSYoungGen: 25062K->10266K(28672K)] [ParOldGen: 65242K->65242K(65536K)] 90304K->75508K(94208K) [PSPermGen: 5155K->5155K(21504K)], 0.0048050 secs] [Times: user=0.02 sys=0.00, real=0.00 secs] 
113.105: Total time for which application threads were stopped: 0.0049720 seconds, Stopping threads took: 0.0000710 seconds
113.299: Application time: 0.1939360 seconds
113.299: Total time for which application threads were stopped: 0.0000930 seconds, Stopping threads took: 0.0000730 seconds
113.300: Application time: 0.0002630 seconds
113.300: [Full GC [PSYoungGen: 24992K->8999K(28672K)] [ParOldGen: 65511K->65511K(65536K)] 90504K->74511K(94208K) [PSPermGen: 5155K->5155K(21504K)], 0.0046610 secs] [Times: user=0.02 sys=0.00, real=0.00 secs] 
113.304: Total time for which application threads were stopped: 0.0047720 seconds, Stopping threads took: 0.0000340 seconds
113.471: Application time: 0.1664120 seconds
113.471: [Full GC [PSYoungGen: 25066K->9799K(28672K)] [ParOldGen: 65511K->65242K(65536K)] 90578K->75041K(94208K) [PSPermGen: 5155K->5155K(21504K)], 0.0047560 secs] [Times: user=0.02 sys=0.00, real=0.01 secs] 
113.476: Total time for which application threads were stopped: 0.0049110 seconds, Stopping threads took: 0.0000680 seconds
113.665: Application time: 0.1889790 seconds
113.665: [Full GC [PSYoungGen: 24998K->9403K(28672K)] [ParOldGen: 65242K->65242K(65536K)] 90240K->74646K(94208K) [PSPermGen: 5155K->5155K(21504K)], 0.0047140 secs] [Times: user=0.02 sys=0.00, real=0.01 secs] 
113.670: Total time for which application threads were stopped: 0.0048860 seconds, Stopping threads took: 0.0000760 seconds
113.868: Application time: 0.1986770 seconds
113.868: [Full GC [PSYoungGen: 25049K->9736K(28672K)] [ParOldGen: 65242K->65242K(65536K)] 90292K->74978K(94208K) [PSPermGen: 5155K->5155K(21504K)], 0.0049470 secs] [Times: user=0.01 sys=0.00, real=0.00 secs] 
113.873: Total time for which application threads were stopped: 0.0051180 seconds, Stopping threads took: 0.0000830 seconds
114.066: Application time: 0.1928870 seconds
114.066: Total time for which application threads were stopped: 0.0000870 seconds, Stopping threads took: 0.0000680 seconds
114.068: Application time: 0.0016080 seconds
114.068: [Full GC [PSYoungGen: 25047K->9323K(28672K)] [ParOldGen: 65511K->65511K(65536K)] 90559K->74834K(94208K) [PSPermGen: 5155K->5155K(21504K)], 0.0046030 secs] [Times: user=0.02 sys=0.00, real=0.00 secs] 
114.073: Total time for which application threads were stopped: 0.0047300 seconds, Stopping threads took: 0.0000440 seconds
114.259: Application time: 0.1866880 seconds
114.260: [Full GC [PSYoungGen: 25067K->9143K(28672K)] [ParOldGen: 65511K->65242K(65536K)] 90579K->74385K(94208K) [PSPermGen: 5155K->5155K(21504K)], 0.0045020 secs] [Times: user=0.01 sys=0.00, real=0.00 secs] 
114.264: Total time for which application threads were stopped: 0.0046710 seconds, Stopping threads took: 0.0000770 seconds
114.444: Application time: 0.1798900 seconds
114.444: [Full GC [PSYoungGen: 25008K->9601K(28672K)] [ParOldGen: 65242K->65242K(65536K)] 90251K->74844K(94208K) [PSPermGen: 5155K->5155K(21504K)], 0.0047640 secs] [Times: user=0.02 sys=0.00, real=0.01 secs] 
114.449: Total time for which application threads were stopped: 0.0049400 seconds, Stopping threads took: 0.0000880 seconds
114.631: Application time: 0.1822950 seconds
114.631: [Full GC [PSYoungGen: 24961K->9799K(28672K)] [ParOldGen: 65242K->65242K(65536K)] 90203K->75042K(94208K) [PSPermGen: 5155K->5155K(21504K)], 0.0049170 secs] [Times: user=0.02 sys=0.00, real=0.01 secs] 
114.636: Total time for which application threads were stopped: 0.0050830 seconds, Stopping threads took: 0.0000770 seconds
114.838: Application time: 0.2021050 seconds
114.839: [Full GC [PSYoungGen: 25084K->9577K(28672K)] [ParOldGen: 65242K->65242K(65536K)] 90326K->74820K(94208K) [PSPermGen: 5155K->5155K(21504K)], 0.0048280 secs] [Times: user=0.02 sys=0.00, real=0.00 secs] 
114.843: Total time for which application threads were stopped: 0.0049990 seconds, Stopping threads took: 0.0000830 seconds
115.025: Application time: 0.1811700 seconds
115.025: [Full GC [PSYoungGen: 24964K->9997K(28672K)] [ParOldGen: 65242K->65242K(65536K)] 90207K->75239K(94208K) [PSPermGen: 5155K->5155K(21504K)], 0.0049800 secs] [Times: user=0.02 sys=0.00, real=0.01 secs] 
115.030: Total time for which application threads were stopped: 0.0051410 seconds, Stopping threads took: 0.0000730 seconds
115.209: Application time: 0.1797390 seconds
115.210: [Full GC [PSYoungGen: 25037K->9934K(28672K)] [ParOldGen: 65242K->65242K(65536K)] 90279K->75177K(94208K) [PSPermGen: 5155K->5155K(21504K)], 0.0048390 secs] [Times: user=0.02 sys=0.01, real=0.01 secs] 
115.214: Total time for which application threads were stopped: 0.0050070 seconds, Stopping threads took: 0.0000820 seconds
115.398: Application time: 0.1832570 seconds
115.398: [Full GC [PSYoungGen: 25039K->10132K(28672K)] [ParOldGen: 65242K->65242K(65536K)] 90281K->75374K(94208K) [PSPermGen: 5155K->5155K(21504K)], 0.0049200 secs] [Times: user=0.02 sys=0.00, real=0.00 secs] 
115.403: Total time for which application threads were stopped: 0.0050920 seconds, Stopping threads took: 0.0000790 seconds
115.619: Application time: 0.2160970 seconds
115.619: Total time for which application threads were stopped: 0.0000970 seconds, Stopping threads took: 0.0000760 seconds
115.620: Application time: 0.0011450 seconds
115.620: [Full GC [PSYoungGen: 25084K->8597K(28672K)] [ParOldGen: 65519K->65519K(65536K)] 90604K->74116K(94208K) [PSPermGen: 5155K->5155K(21504K)], 0.0046540 secs] [Times: user=0.01 sys=0.00, real=0.00 secs] 
115.625: Total time for which application threads were stopped: 0.0047660 seconds, Stopping threads took: 0.0000330 seconds
115.797: Application time: 0.1722780 seconds
115.797: [Full GC [PSYoungGen: 25020K->9404K(28672K)] [ParOldGen: 65519K->65242K(65536K)] 90540K->74647K(94208K) [PSPermGen: 5155K->5155K(21504K)], 0.0047770 secs] [Times: user=0.02 sys=0.00, real=0.00 secs] 
115.802: Total time for which application threads were stopped: 0.0049340 seconds, Stopping threads took: 0.0000690 seconds
115.973: Application time: 0.1712000 seconds
115.973: Total time for which application threads were stopped: 0.0001110 seconds, Stopping threads took: 0.0000800 seconds
115.974: Application time: 0.0003060 seconds
115.974: [Full GC [PSYoungGen: 25035K->9665K(28672K)] [ParOldGen: 65377K->65377K(65536K)] 90412K->75042K(94208K) [PSPermGen: 5155K->5155K(21504K)], 0.0047530 secs] [Times: user=0.02 sys=0.00, real=0.01 secs] 
115.979: Total time for which application threads were stopped: 0.0048850 seconds, Stopping threads took: 0.0000410 seconds
116.211: Application time: 0.2326480 seconds
116.211: [Full GC [PSYoungGen: 25068K->9009K(28672K)] [ParOldGen: 65511K->65377K(65536K)] 90580K->74386K(94208K) [PSPermGen: 5155K->5155K(21504K)], 0.0048370 secs] [Times: user=0.02 sys=0.00, real=0.01 secs] 
116.216: Total time for which application threads were stopped: 0.0050210 seconds, Stopping threads took: 0.0000880 seconds
116.392: Application time: 0.1754210 seconds
116.392: Total time for which application threads were stopped: 0.0000920 seconds, Stopping threads took: 0.0000700 seconds
116.393: Application time: 0.0010680 seconds
116.393: [Full GC [PSYoungGen: 25066K->9270K(28672K)] [ParOldGen: 65511K->65377K(65536K)] 90578K->74647K(94208K) [PSPermGen: 5155K->5155K(21504K)], 0.0047940 secs] [Times: user=0.02 sys=0.00, real=0.01 secs] 
116.398: Total time for which application threads were stopped: 0.0049140 seconds, Stopping threads took: 0.0000400 seconds
116.579: Application time: 0.1807600 seconds
116.579: [Full GC [PSYoungGen: 25061K->9270K(28672K)] [ParOldGen: 65511K->65377K(65536K)] 90573K->74647K(94208K) [PSPermGen: 5155K->5155K(21504K)], 0.0047110 secs] [Times: user=0.02 sys=0.00, real=0.00 secs] 
116.583: Total time for which application threads were stopped: 0.0048750 seconds, Stopping threads took: 0.0000720 seconds
116.792: Application time: 0.2085570 seconds
116.792: [Full GC [PSYoungGen: 25061K->9998K(28672K)] [ParOldGen: 65377K->65242K(65536K)] 90438K->75240K(94208K) [PSPermGen: 5155K->5155K(21504K)], 0.0050550 secs] [Times: user=0.02 sys=0.00, real=0.01 secs] 
116.797: Total time for which application threads were stopped: 0.0052200 seconds, Stopping threads took: 0.0000760 seconds
116.992: Application time: 0.1947600 seconds
116.992: Total time for which application threads were stopped: 0.0000930 seconds, Stopping threads took: 0.0000720 seconds
116.993: Application time: 0.0008710 seconds
116.993: [Full GC [PSYoungGen: 25007K->8201K(28672K)] [ParOldGen: 65511K->65511K(65536K)] 90519K->73712K(94208K) [PSPermGen: 5155K->5155K(21504K)], 0.0043960 secs] [Times: user=0.02 sys=0.00, real=0.01 secs] 
116.997: Total time for which application threads were stopped: 0.0045080 seconds, Stopping threads took: 0.0000340 seconds
117.179: Application time: 0.1814370 seconds
117.179: Total time for which application threads were stopped: 0.0001100 seconds, Stopping threads took: 0.0000770 seconds
117.180: Application time: 0.0014190 seconds
117.181: [Full GC [PSYoungGen: 25083K->8993K(28672K)] [ParOldGen: 65519K->65250K(65536K)] 90602K->74243K(94208K) [PSPermGen: 5155K->5155K(21504K)], 0.0051350 secs] [Times: user=0.02 sys=0.00, real=0.00 secs] 
117.186: Total time for which application threads were stopped: 0.0052550 seconds, Stopping threads took: 0.0000390 seconds
117.375: Application time: 0.1892820 seconds
117.375: [Full GC [PSYoungGen: 25066K->9468K(28672K)] [ParOldGen: 65384K->65377K(65536K)] 90451K->74845K(94208K) [PSPermGen: 5155K->5155K(21504K)], 0.0047340 secs] [Times: user=0.02 sys=0.00, real=0.00 secs] 
117.380: Total time for which application threads were stopped: 0.0049320 seconds, Stopping threads took: 0.0001080 seconds
117.593: Application time: 0.2131480 seconds
117.593: [Full GC [PSYoungGen: 25058K->9279K(28672K)] [ParOldGen: 65377K->65242K(65536K)] 90435K->74522K(94208K) [PSPermGen: 5155K->5155K(21504K)], 0.0045950 secs] [Times: user=0.01 sys=0.00, real=0.01 secs] 
117.598: Total time for which application threads were stopped: 0.0047530 seconds, Stopping threads took: 0.0000730 seconds
117.780: Application time: 0.1819940 seconds
117.780: [Full GC [PSYoungGen: 24927K->9603K(28672K)] [ParOldGen: 65242K->65242K(65536K)] 90170K->74845K(94208K) [PSPermGen: 5155K->5155K(21504K)], 0.0048390 secs] [Times: user=0.02 sys=0.00, real=0.00 secs] 
117.785: Total time for which application threads were stopped: 0.0050030 seconds, Stopping threads took: 0.0000730 seconds
117.958: Application time: 0.1731040 seconds
117.958: Total time for which application threads were stopped: 0.0000950 seconds, Stopping threads took: 0.0000750 seconds
117.960: Application time: 0.0020180 seconds
117.960: [Full GC [PSYoungGen: 25001K->9189K(28672K)] [ParOldGen: 65511K->65511K(65536K)] 90513K->74701K(94208K) [PSPermGen: 5155K->5155K(21504K)], 0.0046430 secs] [Times: user=0.02 sys=0.00, real=0.00 secs] 
117.965: Total time for which application threads were stopped: 0.0047650 seconds, Stopping threads took: 0.0000350 seconds
118.160: Application time: 0.1948450 seconds
118.160: [Full GC [PSYoungGen: 24990K->10070K(28672K)] [ParOldGen: 65511K->65242K(65536K)] 90501K->75313K(94208K) [PSPermGen: 5155K->5155K(21504K)], 0.0049980 secs] [Times: user=0.02 sys=0.00, real=0.00 secs] 
118.165: Total time for which application threads were stopped: 0.0052040 seconds, Stopping threads took: 0.0001210 seconds
118.347: Application time: 0.1823720 seconds
118.347: Total time for which application threads were stopped: 0.0001060 seconds, Stopping threads took: 0.0000790 seconds
118.347: Application time: 0.0000800 seconds
118.348: [Full GC [PSYoungGen: 25029K->9271K(28672K)] [ParOldGen: 65377K->65377K(65536K)] 90406K->74648K(94208K) [PSPermGen: 5155K->5155K(21504K)], 0.0046860 secs] [Times: user=0.02 sys=0.00, real=0.00 secs] 
118.352: Total time for which application threads were stopped: 0.0048210 seconds, Stopping threads took: 0.0000590 seconds
118.552: Application time: 0.2002340 seconds
118.553: [Full GC [PSYoungGen: 25045K->9208K(28672K)] [ParOldGen: 65377K->65242K(65536K)] 90422K->74450K(94208K) [PSPermGen: 5155K->5155K(21504K)], 0.0047990 secs] [Times: user=0.02 sys=0.00, real=0.01 secs] 
118.557: Total time for which application threads were stopped: 0.0049590 seconds, Stopping threads took: 0.0000730 seconds
118.732: Application time: 0.1743520 seconds
118.732: Total time for which application threads were stopped: 0.0001210 seconds, Stopping threads took: 0.0000980 seconds
118.734: Application time: 0.0023640 seconds
118.734: [Full GC [PSYoungGen: 24991K->9460K(28672K)] [ParOldGen: 65377K->65377K(65536K)] 90368K->74837K(94208K) [PSPermGen: 5155K->5155K(21504K)], 0.0046790 secs] [Times: user=0.02 sys=0.00, real=0.00 secs] 
118.739: Total time for which application threads were stopped: 0.0048290 seconds, Stopping threads took: 0.0000680 seconds
118.942: Application time: 0.2028340 seconds
118.942: Total time for which application threads were stopped: 0.0001010 seconds, Stopping threads took: 0.0000710 seconds
118.944: Application time: 0.0019720 seconds
118.944: [Full GC [PSYoungGen: 25049K->8857K(28672K)] [ParOldGen: 65511K->65377K(65536K)] 90561K->74235K(94208K) [PSPermGen: 5155K->5155K(21504K)], 0.0047030 secs] [Times: user=0.02 sys=0.00, real=0.01 secs] 
118.949: Total time for which application threads were stopped: 0.0048150 seconds, Stopping threads took: 0.0000340 seconds
119.147: Application time: 0.1980690 seconds
119.147: [Full GC [PSYoungGen: 24874K->8813K(28672K)] [ParOldGen: 65377K->65242K(65536K)] 90251K->74055K(94208K) [PSPermGen: 5155K->5155K(21504K)], 0.0048170 secs] [Times: user=0.01 sys=0.00, real=0.00 secs] 
119.152: Total time for which application threads were stopped: 0.0049830 seconds, Stopping threads took: 0.0000790 seconds
119.324: Application time: 0.1718010 seconds
119.324: [Full GC [PSYoungGen: 25082K->9675K(28672K)] [ParOldGen: 65242K->65242K(65536K)] 90325K->74918K(94208K) [PSPermGen: 5155K->5155K(21504K)], 0.0046550 secs] [Times: user=0.01 sys=0.00, real=0.01 secs] 
119.329: Total time for which application threads were stopped: 0.0048240 seconds, Stopping threads took: 0.0000860 seconds
119.521: Application time: 0.1921280 seconds
119.521: [Full GC [PSYoungGen: 25033K->9873K(28672K)] [ParOldGen: 65242K->65242K(65536K)] 90275K->75116K(94208K) [PSPermGen: 5155K->5155K(21504K)], 0.0046300 secs] [Times: user=0.02 sys=0.00, real=0.00 secs] 
119.525: Total time for which application threads were stopped: 0.0047970 seconds, Stopping threads took: 0.0000700 seconds
119.713: Application time: 0.1875290 seconds
119.713: [Full GC [PSYoungGen: 24876K->9802K(28672K)] [ParOldGen: 65242K->65242K(65536K)] 90118K->75044K(94208K) [PSPermGen: 5155K->5155K(21504K)], 0.0047920 secs] [Times: user=0.02 sys=0.00, real=0.01 secs] 
119.718: Total time for which application threads were stopped: 0.0049450 seconds, Stopping threads took: 0.0000670 seconds
119.897: Application time: 0.1787160 seconds
119.897: [Full GC [PSYoungGen: 25061K->9874K(28672K)] [ParOldGen: 65242K->65242K(65536K)] 90303K->75116K(94208K) [PSPermGen: 5155K->5155K(21504K)], 0.0050830 secs] [Times: user=0.01 sys=0.01, real=0.00 secs] 
119.902: Total time for which application threads were stopped: 0.0052380 seconds, Stopping threads took: 0.0000720 seconds
120.071: Application time: 0.1686780 seconds
120.071: [Full GC [PSYoungGen: 24976K->10071K(28672K)] [ParOldGen: 65242K->65242K(65536K)] 90218K->75314K(94208K) [PSPermGen: 5155K->5155K(21504K)], 0.0048660 secs] [Times: user=0.02 sys=0.00, real=0.01 secs] 
120.076: Total time for which application threads were stopped: 0.0050410 seconds, Stopping threads took: 0.0000810 seconds
120.260: Application time: 0.1843230 seconds
120.260: [Full GC [PSYoungGen: 25039K->9936K(28672K)] [ParOldGen: 65242K->65242K(65536K)] 90281K->75179K(94208K) [PSPermGen: 5155K->5155K(21504K)], 0.0049760 secs] [Times: user=0.02 sys=0.00, real=0.00 secs] 
120.265: Total time for which application threads were stopped: 0.0051580 seconds, Stopping threads took: 0.0000950 seconds
120.468: Application time: 0.2030020 seconds
120.468: [Full GC [PSYoungGen: 25074K->9478K(28672K)] [ParOldGen: 65242K->65242K(65536K)] 90316K->74721K(94208K) [PSPermGen: 5155K->5155K(21504K)], 0.0047640 secs] [Times: user=0.02 sys=0.00, real=0.00 secs] 
120.473: Total time for which application threads were stopped: 0.0049290 seconds, Stopping threads took: 0.0000790 seconds
120.656: Application time: 0.1832120 seconds
120.656: Total time for which application threads were stopped: 0.0001050 seconds, Stopping threads took: 0.0000740 seconds
120.658: Application time: 0.0018510 seconds
120.658: [Full GC [PSYoungGen: 25086K->8994K(28672K)] [ParOldGen: 65456K->65456K(65536K)] 90543K->74451K(94208K) [PSPermGen: 5155K->5155K(21504K)], 0.0047690 secs] [Times: user=0.02 sys=0.00, real=0.00 secs] 
120.663: Total time for which application threads were stopped: 0.0048940 seconds, Stopping threads took: 0.0000450 seconds
120.839: Application time: 0.1756560 seconds
120.839: Total time for which application threads were stopped: 0.0000970 seconds, Stopping threads took: 0.0000770 seconds
120.840: Application time: 0.0006530 seconds
120.840: [Full GC [PSYoungGen: 25039K->9191K(28672K)] [ParOldGen: 65456K->65242K(65536K)] 90496K->74433K(94208K) [PSPermGen: 5155K->5155K(21504K)], 0.0047300 secs] [Times: user=0.01 sys=0.00, real=0.00 secs] 
120.844: Total time for which application threads were stopped: 0.0048390 seconds, Stopping threads took: 0.0000300 seconds
121.064: Application time: 0.2197190 seconds
121.064: [Full GC [PSYoungGen: 25062K->9667K(28672K)] [ParOldGen: 65511K->65511K(65536K)] 90574K->75179K(94208K) [PSPermGen: 5155K->5155K(21504K)], 0.0049140 secs] [Times: user=0.02 sys=0.00, real=0.01 secs] 
121.069: Total time for which application threads were stopped: 0.0050710 seconds, Stopping threads took: 0.0000690 seconds
121.245: Application time: 0.1761220 seconds
121.245: [Full GC [PSYoungGen: 25061K->9209K(28672K)] [ParOldGen: 65511K->65242K(65536K)] 90573K->74452K(94208K) [PSPermGen: 5155K->5155K(21504K)], 0.0047040 secs] [Times: user=0.02 sys=0.00, real=0.01 secs] 
121.250: Total time for which application threads were stopped: 0.0048880 seconds, Stopping threads took: 0.0000900 seconds
121.423: Application time: 0.1723660 seconds
121.423: Total time for which application threads were stopped: 0.0000990 seconds, Stopping threads took: 0.0000750 seconds
121.425: Application time: 0.0022680 seconds
121.425: [Full GC [PSYoungGen: 25062K->9128K(28672K)] [ParOldGen: 65511K->65511K(65536K)] 90573K->74640K(94208K) [PSPermGen: 5155K->5155K(21504K)], 0.0047450 secs] [Times: user=0.02 sys=0.00, real=0.01 secs] 
121.430: Total time for which application threads were stopped: 0.0048840 seconds, Stopping threads took: 0.0000600 seconds
121.647: Application time: 0.2167580 seconds
121.647: [Full GC [PSYoungGen: 25065K->9739K(28672K)] [ParOldGen: 65511K->65242K(65536K)] 90577K->74982K(94208K) [PSPermGen: 5155K->5155K(21504K)], 0.0049620 secs] [Times: user=0.02 sys=0.00, real=0.00 secs] 
121.652: Total time for which application threads were stopped: 0.0051430 seconds, Stopping threads took: 0.0000870 seconds
121.841: Application time: 0.1896600 seconds
121.841: [Full GC [PSYoungGen: 25007K->9012K(28672K)] [ParOldGen: 65242K->65242K(65536K)] 90250K->74254K(94208K) [PSPermGen: 5155K->5155K(21504K)], 0.0046470 secs] [Times: user=0.02 sys=0.00, real=0.01 secs] 
121.846: Total time for which application threads were stopped: 0.0048250 seconds, Stopping threads took: 0.0000800 seconds
122.016: Application time: 0.1698610 seconds
122.016: Total time for which application threads were stopped: 0.0000870 seconds, Stopping threads took: 0.0000670 seconds
122.017: Application time: 0.0008870 seconds
122.017: [Full GC [PSYoungGen: 25056K->9003K(28672K)] [ParOldGen: 65377K->65242K(65536K)] 90433K->74245K(94208K) [PSPermGen: 5155K->5155K(21504K)], 0.0046940 secs] [Times: user=0.02 sys=0.00, real=0.00 secs] 
122.022: Total time for which application threads were stopped: 0.0048020 seconds, Stopping threads took: 0.0000320 seconds
122.220: Application time: 0.1978610 seconds
122.220: [Full GC [PSYoungGen: 25039K->9470K(28672K)] [ParOldGen: 65511K->65511K(65536K)] 90550K->74982K(94208K) [PSPermGen: 5155K->5155K(21504K)], 0.0046670 secs] [Times: user=0.02 sys=0.00, real=0.00 secs] 
122.225: Total time for which application threads were stopped: 0.0048330 seconds, Stopping threads took: 0.0000770 seconds
122.426: Application time: 0.2015820 seconds
122.426: [Full GC [PSYoungGen: 25060K->9210K(28672K)] [ParOldGen: 65511K->65242K(65536K)] 90572K->74452K(94208K) [PSPermGen: 5155K->5155K(21504K)], 0.0047080 secs] [Times: user=0.02 sys=0.00, real=0.00 secs] 
122.431: Total time for which application threads were stopped: 0.0048710 seconds, Stopping threads took: 0.0000690 seconds
122.620: Application time: 0.1889600 seconds
122.620: [Full GC [PSYoungGen: 24934K->9012K(28672K)] [ParOldGen: 65242K->65242K(65536K)] 90177K->74254K(94208K) [PSPermGen: 5155K->5155K(21504K)], 0.0044990 secs] [Times: user=0.02 sys=0.00, real=0.00 secs] 
122.625: Total time for which application threads were stopped: 0.0046670 seconds, Stopping threads took: 0.0000820 seconds
122.819: Application time: 0.1940930 seconds
122.819: [Full GC [PSYoungGen: 25011K->9605K(28672K)] [ParOldGen: 65242K->65242K(65536K)] 90253K->74848K(94208K) [PSPermGen: 5155K->5155K(21504K)], 0.0047820 secs] [Times: user=0.02 sys=0.00, real=0.00 secs] 
122.824: Total time for which application threads were stopped: 0.0049490 seconds, Stopping threads took: 0.0000770 seconds
123.004: Application time: 0.1802950 seconds
123.004: [Full GC [PSYoungGen: 25000K->9605K(28672K)] [ParOldGen: 65242K->65242K(65536K)] 90242K->74848K(94208K) [PSPermGen: 5155K->5155K(21504K)], 0.0047140 secs] [Times: user=0.02 sys=0.00, real=0.01 secs] 
123.009: Total time for which application threads were stopped: 0.0048830 seconds, Stopping threads took: 0.0000710 seconds
123.199: Application time: 0.1897040 seconds
123.199: [Full GC [PSYoungGen: 24963K->9803K(28672K)] [ParOldGen: 65242K->65242K(65536K)] 90205K->75045K(94208K) [PSPermGen: 5155K->5155K(21504K)], 0.0047270 secs] [Times: user=0.02 sys=0.01, real=0.00 secs] 
123.203: Total time for which application threads were stopped: 0.0049100 seconds, Stopping threads took: 0.0000970 seconds
123.384: Application time: 0.1810030 seconds
123.385: [Full GC [PSYoungGen: 24878K->9606K(28672K)] [ParOldGen: 65242K->65242K(65536K)] 90120K->74848K(94208K) [PSPermGen: 5155K->5155K(21504K)], 0.0047420 secs] [Times: user=0.02 sys=0.00, real=0.01 secs] 
123.389: Total time for which application threads were stopped: 0.0049150 seconds, Stopping threads took: 0.0000870 seconds
123.572: Application time: 0.1827000 seconds
123.572: [Full GC [PSYoungGen: 25002K->9408K(28672K)] [ParOldGen: 65242K->65242K(65536K)] 90244K->74650K(94208K) [PSPermGen: 5155K->5155K(21504K)], 0.0047540 secs] [Times: user=0.02 sys=0.00, real=0.01 secs] 
123.577: Total time for which application threads were stopped: 0.0049290 seconds, Stopping threads took: 0.0000800 seconds
123.746: Application time: 0.1687330 seconds
123.746: [Full GC [PSYoungGen: 24919K->10001K(28672K)] [ParOldGen: 65242K->65242K(65536K)] 90161K->75243K(94208K) [PSPermGen: 5155K->5155K(21504K)], 0.0051010 secs] [Times: user=0.02 sys=0.00, real=0.01 secs] 
123.751: Total time for which application threads were stopped: 0.0052630 seconds, Stopping threads took: 0.0000740 seconds
123.944: Application time: 0.1930460 seconds
123.944: [Full GC [PSYoungGen: 25041K->9740K(28672K)] [ParOldGen: 65242K->65242K(65536K)] 90283K->74983K(94208K) [PSPermGen: 5155K->5155K(21504K)], 0.0048780 secs] [Times: user=0.02 sys=0.00, real=0.01 secs] 
123.949: Total time for which application threads were stopped: 0.0050730 seconds, Stopping threads took: 0.0001070 seconds
124.158: Application time: 0.2086780 seconds
124.158: [Full GC [PSYoungGen: 25011K->9210K(28672K)] [ParOldGen: 65242K->65242K(65536K)] 90254K->74453K(94208K) [PSPermGen: 5155K->5155K(21504K)], 0.0046060 secs] [Times: user=0.01 sys=0.00, real=0.00 secs] 
124.163: Total time for which application threads were stopped: 0.0047690 seconds, Stopping threads took: 0.0000680 seconds
124.330: Application time: 0.1678400 seconds
124.331: [Full GC [PSYoungGen: 24888K->9606K(28672K)] [ParOldGen: 65242K->65242K(65536K)] 90130K->74848K(94208K) [PSPermGen: 5155K->5155K(21504K)], 0.0049050 secs] [Times: user=0.02 sys=0.00, real=0.01 secs] 
124.335: Total time for which application threads were stopped: 0.0050690 seconds, Stopping threads took: 0.0000730 seconds
124.516: Application time: 0.1801940 seconds
124.516: [Full GC [PSYoungGen: 25049K->9606K(28672K)] [ParOldGen: 65242K->65242K(65536K)] 90292K->74848K(94208K) [PSPermGen: 5155K->5155K(21504K)], 0.0047390 secs] [Times: user=0.02 sys=0.00, real=0.00 secs] 
124.521: Total time for which application threads were stopped: 0.0049030 seconds, Stopping threads took: 0.0000760 seconds
124.743: Application time: 0.2227460 seconds
124.743: [Full GC [PSYoungGen: 25013K->9211K(28672K)] [ParOldGen: 65242K->65242K(65536K)] 90255K->74453K(94208K) [PSPermGen: 5155K->5155K(21504K)], 0.0048630 secs] [Times: user=0.01 sys=0.00, real=0.01 secs] 
124.748: Total time for which application threads were stopped: 0.0050430 seconds, Stopping threads took: 0.0000820 seconds
124.923: Application time: 0.1751010 seconds
124.924: [Full GC [PSYoungGen: 24929K->9409K(28672K)] [ParOldGen: 65242K->65242K(65536K)] 90171K->74651K(94208K) [PSPermGen: 5155K->5155K(21504K)], 0.0048000 secs] [Times: user=0.01 sys=0.00, real=0.01 secs] 
124.928: Total time for which application threads were stopped: 0.0049700 seconds, Stopping threads took: 0.0000850 seconds
125.094: Application time: 0.1657140 seconds
125.094: [Full GC [PSYoungGen: 24980K->10271K(28672K)] [ParOldGen: 65242K->65242K(65536K)] 90223K->75514K(94208K) [PSPermGen: 5155K->5155K(21504K)], 0.0048440 secs] [Times: user=0.02 sys=0.00, real=0.00 secs] 
125.099: Total time for which application threads were stopped: 0.0050310 seconds, Stopping threads took: 0.0000990 seconds
125.308: Application time: 0.2089860 seconds
125.308: [Full GC [PSYoungGen: 24989K->9606K(28672K)] [ParOldGen: 65242K->65242K(65536K)] 90231K->74849K(94208K) [PSPermGen: 5155K->5155K(21504K)], 0.0048080 secs] [Times: user=0.01 sys=0.00, real=0.00 secs] 
125.313: Total time for which application threads were stopped: 0.0049830 seconds, Stopping threads took: 0.0000800 seconds
125.515: Application time: 0.2015630 seconds
125.515: [Full GC [PSYoungGen: 25074K->9678K(28672K)] [ParOldGen: 65242K->65242K(65536K)] 90316K->74921K(94208K) [PSPermGen: 5155K->5155K(21504K)], 0.0047270 secs] [Times: user=0.02 sys=0.00, real=0.00 secs] 
125.520: Total time for which application threads were stopped: 0.0048890 seconds, Stopping threads took: 0.0000740 seconds
125.692: Application time: 0.1727340 seconds
125.692: [Full GC [PSYoungGen: 24974K->9409K(28672K)] [ParOldGen: 65242K->65242K(65536K)] 90217K->74651K(94208K) [PSPermGen: 5155K->5155K(21504K)], 0.0045930 secs] [Times: user=0.02 sys=0.00, real=0.01 secs] 
125.697: Total time for which application threads were stopped: 0.0047550 seconds, Stopping threads took: 0.0000740 seconds
125.863: Application time: 0.1660680 seconds
125.863: Total time for which application threads were stopped: 0.0001040 seconds, Stopping threads took: 0.0000760 seconds
125.864: Application time: 0.0004880 seconds
125.864: [Full GC [PSYoungGen: 24975K->9202K(28672K)] [ParOldGen: 65511K->65511K(65536K)] 90487K->74714K(94208K) [PSPermGen: 5155K->5155K(21504K)], 0.0045350 secs] [Times: user=0.02 sys=0.00, real=0.01 secs] 
125.868: Total time for which application threads were stopped: 0.0046500 seconds, Stopping threads took: 0.0000360 seconds
126.081: Application time: 0.2129780 seconds
126.082: [Full GC [PSYoungGen: 25055K->9607K(28672K)] [ParOldGen: 65511K->65242K(65536K)] 90567K->74849K(94208K) [PSPermGen: 5155K->5155K(21504K)], 0.0047750 secs] [Times: user=0.02 sys=0.00, real=0.01 secs] 
126.086: Total time for which application threads were stopped: 0.0049340 seconds, Stopping threads took: 0.0000720 seconds
126.270: Application time: 0.1831460 seconds
126.270: [Full GC [PSYoungGen: 25058K->9149K(28672K)] [ParOldGen: 65242K->65242K(65536K)] 90300K->74391K(94208K) [PSPermGen: 5155K->5155K(21504K)], 0.0046480 secs] [Times: user=0.02 sys=0.00, real=0.01 secs] 
126.274: Total time for which application threads were stopped: 0.0048330 seconds, Stopping threads took: 0.0000960 seconds
126.461: Application time: 0.1863320 seconds
126.461: [Full GC [PSYoungGen: 25084K->9679K(28672K)] [ParOldGen: 65242K->65242K(65536K)] 90327K->74921K(94208K) [PSPermGen: 5155K->5155K(21504K)], 0.0048390 secs] [Times: user=0.01 sys=0.00, real=0.00 secs] 
126.466: Total time for which application threads were stopped: 0.0050170 seconds, Stopping threads took: 0.0000810 seconds
126.644: Application time: 0.1787710 seconds
126.645: [Full GC [PSYoungGen: 25006K->9805K(28672K)] [ParOldGen: 65242K->65242K(65536K)] 90248K->75047K(94208K) [PSPermGen: 5155K->5155K(21504K)], 0.0047400 secs] [Times: user=0.02 sys=0.00, real=0.01 secs] 
126.649: Total time for which application threads were stopped: 0.0049160 seconds, Stopping threads took: 0.0000850 seconds
126.819: Application time: 0.1695850 seconds
126.819: [Full GC [PSYoungGen: 25066K->9877K(28672K)] [ParOldGen: 65242K->65242K(65536K)] 90308K->75119K(94208K) [PSPermGen: 5155K->5155K(21504K)], 0.0048690 secs] [Times: user=0.01 sys=0.00, real=0.00 secs] 
126.824: Total time for which application threads were stopped: 0.0050340 seconds, Stopping threads took: 0.0000780 seconds
127.034: Application time: 0.2095570 seconds
127.034: [Full GC [PSYoungGen: 25048K->9607K(28672K)] [ParOldGen: 65242K->65242K(65536K)] 90290K->74850K(94208K) [PSPermGen: 5155K->5155K(21504K)], 0.0046670 secs] [Times: user=0.02 sys=0.00, real=0.01 secs] 
127.038: Total time for which application threads were stopped: 0.0048360 seconds, Stopping threads took: 0.0000760 seconds
127.231: Application time: 0.1926740 seconds
127.231: [Full GC [PSYoungGen: 25075K->9679K(28672K)] [ParOldGen: 65242K->65242K(65536K)] 90317K->74922K(94208K) [PSPermGen: 5155K->5155K(21504K)], 0.0045940 secs] [Times: user=0.01 sys=0.00, real=0.01 secs] 
127.236: Total time for which application threads were stopped: 0.0047650 seconds, Stopping threads took: 0.0000830 seconds
127.402: Application time: 0.1663210 seconds
127.402: [Full GC [PSYoungGen: 24919K->9805K(28672K)] [ParOldGen: 65242K->65242K(65536K)] 90161K->75047K(94208K) [PSPermGen: 5155K->5155K(21504K)], 0.0048830 secs] [Times: user=0.02 sys=0.00, real=0.01 secs] 
127.407: Total time for which application threads were stopped: 0.0050690 seconds, Stopping threads took: 0.0001010 seconds
127.597: Application time: 0.1901990 seconds
127.598: [Full GC [PSYoungGen: 25042K->9940K(28672K)] [ParOldGen: 65242K->65242K(65536K)] 90285K->75182K(94208K) [PSPermGen: 5155K->5155K(21504K)], 0.0049900 secs] [Times: user=0.02 sys=0.00, real=0.00 secs] 
127.603: Total time for which application threads were stopped: 0.0051710 seconds, Stopping threads took: 0.0000800 seconds
127.820: Application time: 0.2174530 seconds
127.820: [Full GC [PSYoungGen: 25011K->8817K(28672K)] [ParOldGen: 65242K->65242K(65536K)] 90253K->74059K(94208K) [PSPermGen: 5155K->5155K(21504K)], 0.0046380 secs] [Times: user=0.02 sys=0.00, real=0.00 secs] 
127.825: Total time for which application threads were stopped: 0.0048150 seconds, Stopping threads took: 0.0000820 seconds
127.998: Application time: 0.1730290 seconds
127.998: Total time for which application threads were stopped: 0.0001220 seconds, Stopping threads took: 0.0000980 seconds
128.000: Application time: 0.0016210 seconds
128.000: [Full GC [PSYoungGen: 25045K->9346K(28672K)] [ParOldGen: 65306K->65306K(65536K)] 90351K->74652K(94208K) [PSPermGen: 5155K->5155K(21504K)], 0.0046950 secs] [Times: user=0.02 sys=0.00, real=0.00 secs] 
128.004: Total time for which application threads were stopped: 0.0048280 seconds, Stopping threads took: 0.0000510 seconds
128.171: Application time: 0.1662990 seconds
128.171: [Full GC [PSYoungGen: 24976K->9671K(28672K)] [ParOldGen: 65441K->65377K(65536K)] 90417K->75048K(94208K) [PSPermGen: 5155K->5155K(21504K)], 0.0046900 secs] [Times: user=0.02 sys=0.00, real=0.01 secs] 
128.176: Total time for which application threads were stopped: 0.0048510 seconds, Stopping threads took: 0.0000670 seconds
128.407: Application time: 0.2314650 seconds
128.407: [Full GC [PSYoungGen: 24954K->9410K(28672K)] [ParOldGen: 65377K->65242K(65536K)] 90331K->74653K(94208K) [PSPermGen: 5155K->5155K(21504K)], 0.0046530 secs] [Times: user=0.02 sys=0.00, real=0.00 secs] 
128.412: Total time for which application threads were stopped: 0.0048330 seconds, Stopping threads took: 0.0000910 seconds
128.590: Application time: 0.1777430 seconds
128.590: [Full GC [PSYoungGen: 25061K->9150K(28672K)] [ParOldGen: 65242K->65242K(65536K)] 90303K->74392K(94208K) [PSPermGen: 5155K->5155K(21504K)], 0.0046250 secs] [Times: user=0.02 sys=0.00, real=0.01 secs] 
128.594: Total time for which application threads were stopped: 0.0047920 seconds, Stopping threads took: 0.0000810 seconds
128.772: Application time: 0.1771180 seconds
128.772: [Full GC [PSYoungGen: 25002K->9680K(28672K)] [ParOldGen: 65242K->65242K(65536K)] 90244K->74922K(94208K) [PSPermGen: 5155K->5155K(21504K)], 0.0048670 secs] [Times: user=0.02 sys=0.00, real=0.01 secs] 
128.777: Total time for which application threads were stopped: 0.0050540 seconds, Stopping threads took: 0.0000940 seconds
128.953: Application time: 0.1761650 seconds
128.953: Total time for which application threads were stopped: 0.0001130 seconds, Stopping threads took: 0.0000920 seconds
128.953: Application time: 0.0003570 seconds
128.953: [Full GC [PSYoungGen: 25076K->9473K(28672K)] [ParOldGen: 65377K->65377K(65536K)] 90453K->74850K(94208K) [PSPermGen: 5155K->5155K(21504K)], 0.0047570 secs] [Times: user=0.02 sys=0.00, real=0.01 secs] 
128.958: Total time for which application threads were stopped: 0.0048870 seconds, Stopping threads took: 0.0000540 seconds
129.181: Application time: 0.2225760 seconds
129.181: [Full GC [PSYoungGen: 25078K->9410K(28672K)] [ParOldGen: 65377K->65242K(65536K)] 90455K->74653K(94208K) [PSPermGen: 5155K->5155K(21504K)], 0.0048530 secs] [Times: user=0.02 sys=0.00, real=0.00 secs] 
129.186: Total time for which application threads were stopped: 0.0050180 seconds, Stopping threads took: 0.0000800 seconds
129.358: Application time: 0.1722570 seconds
129.358: [Full GC [PSYoungGen: 24889K->9411K(28672K)] [ParOldGen: 65242K->65242K(65536K)] 90132K->74653K(94208K) [PSPermGen: 5155K->5155K(21504K)], 0.0048020 secs] [Times: user=0.01 sys=0.00, real=0.00 secs] 
129.363: Total time for which application threads were stopped: 0.0049780 seconds, Stopping threads took: 0.0000830 seconds
129.533: Application time: 0.1700090 seconds
129.533: [Full GC [PSYoungGen: 24852K->9608K(28672K)] [ParOldGen: 65242K->65242K(65536K)] 90094K->74851K(94208K) [PSPermGen: 5155K->5155K(21504K)], 0.0046500 secs] [Times: user=0.02 sys=0.00, real=0.01 secs] 
129.538: Total time for which application threads were stopped: 0.0048160 seconds, Stopping threads took: 0.0000790 seconds
129.734: Application time: 0.1959250 seconds
129.734: Total time for which application threads were stopped: 0.0002530 seconds, Stopping threads took: 0.0002330 seconds
129.734: Application time: 0.0000780 seconds
129.734: [Full GC [PSYoungGen: 25062K->9347K(28672K)] [ParOldGen: 65306K->65306K(65536K)] 90369K->74653K(94208K) [PSPermGen: 5155K->5155K(21504K)], 0.0047400 secs] [Times: user=0.02 sys=0.00, real=0.00 secs] 
129.739: Total time for which application threads were stopped: 0.0048560 seconds, Stopping threads took: 0.0000400 seconds
129.929: Application time: 0.1903080 seconds
129.929: [Full GC [PSYoungGen: 25064K->9608K(28672K)] [ParOldGen: 65306K->65242K(65536K)] 90371K->74851K(94208K) [PSPermGen: 5155K->5155K(21504K)], 0.0125460 secs] [Times: user=0.07 sys=0.01, real=0.01 secs] 
129.942: Total time for which application threads were stopped: 0.0127210 seconds, Stopping threads took: 0.0000770 seconds
130.136: Application time: 0.1940870 seconds
130.136: [Full GC [PSYoungGen: 25075K->9483K(28672K)] [ParOldGen: 65242K->65242K(65536K)] 90317K->74725K(94208K) [PSPermGen: 5155K->5155K(21504K)], 0.0047000 secs] [Times: user=0.01 sys=0.00, real=0.00 secs] 
130.141: Total time for which application threads were stopped: 0.0048830 seconds, Stopping threads took: 0.0000960 seconds
130.325: Application time: 0.1839710 seconds
130.325: [Full GC [PSYoungGen: 25075K->9878K(28672K)] [ParOldGen: 65242K->65242K(65536K)] 90317K->75121K(94208K) [PSPermGen: 5155K->5155K(21504K)], 0.0047800 secs] [Times: user=0.02 sys=0.00, real=0.01 secs] 
130.330: Total time for which application threads were stopped: 0.0049410 seconds, Stopping threads took: 0.0000740 seconds
130.507: Application time: 0.1769410 seconds
130.507: [Full GC [PSYoungGen: 25003K->9609K(28672K)] [ParOldGen: 65242K->65242K(65536K)] 90246K->74851K(94208K) [PSPermGen: 5155K->5155K(21504K)], 0.0047570 secs] [Times: user=0.02 sys=0.00, real=0.00 secs] 
130.512: Total time for which application threads were stopped: 0.0049420 seconds, Stopping threads took: 0.0000840 seconds
130.701: Application time: 0.1888650 seconds
130.701: [Full GC [PSYoungGen: 24851K->9411K(28672K)] [ParOldGen: 65242K->65242K(65536K)] 90093K->74654K(94208K) [PSPermGen: 5155K->5155K(21504K)], 0.0046420 secs] [Times: user=0.02 sys=0.00, real=0.00 secs] 
130.705: Total time for which application threads were stopped: 0.0048020 seconds, Stopping threads took: 0.0000700 seconds
130.911: Application time: 0.2054820 seconds
130.911: [Full GC [PSYoungGen: 25073K->10274K(28672K)] [ParOldGen: 65242K->65242K(65536K)] 90315K->75516K(94208K) [PSPermGen: 5155K->5155K(21504K)], 0.0050020 secs] [Times: user=0.02 sys=0.00, real=0.01 secs] 
130.916: Total time for which application threads were stopped: 0.0051710 seconds, Stopping threads took: 0.0000830 seconds
131.071: Application time: 0.1544460 seconds
131.071: [Full GC [PSYoungGen: 24981K->9681K(28672K)] [ParOldGen: 65242K->65242K(65536K)] 90223K->74923K(94208K) [PSPermGen: 5155K->5155K(21504K)], 0.0048710 secs] [Times: user=0.02 sys=0.00, real=0.01 secs] 
131.076: Total time for which application threads were stopped: 0.0050620 seconds, Stopping threads took: 0.0000960 seconds
131.257: Application time: 0.1809170 seconds
131.257: [Full GC [PSYoungGen: 24992K->9681K(28672K)] [ParOldGen: 65242K->65242K(65536K)] 90235K->74923K(94208K) [PSPermGen: 5155K->5155K(21504K)], 0.0046690 secs] [Times: user=0.01 sys=0.00, real=0.00 secs] 
131.261: Total time for which application threads were stopped: 0.0048420 seconds, Stopping threads took: 0.0000870 seconds
131.493: Application time: 0.2313700 seconds
131.493: [Full GC [PSYoungGen: 25014K->9214K(28672K)] [ParOldGen: 65242K->65242K(65536K)] 90256K->74456K(94208K) [PSPermGen: 5155K->5155K(21504K)], 0.0047600 secs] [Times: user=0.01 sys=0.00, real=0.01 secs] 
131.498: Total time for which application threads were stopped: 0.0049490 seconds, Stopping threads took: 0.0001020 seconds
131.672: Application time: 0.1745210 seconds
131.672: Total time for which application threads were stopped: 0.0001270 seconds, Stopping threads took: 0.0000970 seconds
131.672: Application time: 0.0001010 seconds
131.673: [Full GC [PSYoungGen: 25013K->9205K(28672K)] [ParOldGen: 65511K->65511K(65536K)] 90525K->74717K(94208K) [PSPermGen: 5155K->5155K(21504K)], 0.0046560 secs] [Times: user=0.02 sys=0.00, real=0.01 secs] 
131.677: Total time for which application threads were stopped: 0.0047890 seconds, Stopping threads took: 0.0000510 seconds
131.849: Application time: 0.1722530 seconds
131.850: [Full GC [PSYoungGen: 24999K->9016K(28672K)] [ParOldGen: 65511K->65242K(65536K)] 90511K->74259K(94208K) [PSPermGen: 5155K->5155K(21504K)], 0.0046950 secs] [Times: user=0.02 sys=0.00, real=0.01 secs] 
131.854: Total time for which application threads were stopped: 0.0048540 seconds, Stopping threads took: 0.0000720 seconds
132.068: Application time: 0.2136560 seconds
132.068: [Full GC [PSYoungGen: 24897K->9807K(28672K)] [ParOldGen: 65242K->65242K(65536K)] 90139K->75050K(94208K) [PSPermGen: 5155K->5155K(21504K)], 0.0047970 secs] [Times: user=0.02 sys=0.00, real=0.00 secs] 
132.073: Total time for which application threads were stopped: 0.0049620 seconds, Stopping threads took: 0.0000750 seconds
132.258: Application time: 0.1846680 seconds
132.258: Total time for which application threads were stopped: 0.0001020 seconds, Stopping threads took: 0.0000710 seconds
132.258: Application time: 0.0002420 seconds
132.258: [Full GC [PSYoungGen: 24991K->9079K(28672K)] [ParOldGen: 65377K->65377K(65536K)] 90368K->74456K(94208K) [PSPermGen: 5155K->5155K(21504K)], 0.0045420 secs] [Times: user=0.02 sys=0.00, real=0.00 secs] 
132.263: Total time for which application threads were stopped: 0.0046630 seconds, Stopping threads took: 0.0000420 seconds
132.441: Application time: 0.1781580 seconds
132.441: [Full GC [PSYoungGen: 25069K->9277K(28672K)] [ParOldGen: 65511K->65377K(65536K)] 90581K->74654K(94208K) [PSPermGen: 5155K->5155K(21504K)], 0.0046780 secs] [Times: user=0.02 sys=0.00, real=0.00 secs] 
132.446: Total time for which application threads were stopped: 0.0048550 seconds, Stopping threads took: 0.0000880 seconds
132.633: Application time: 0.1877470 seconds
132.634: Total time for which application threads were stopped: 0.0001040 seconds, Stopping threads took: 0.0000820 seconds
132.634: Application time: 0.0007340 seconds
132.634: [Full GC [PSYoungGen: 25077K->9403K(28672K)] [ParOldGen: 65511K->65377K(65536K)] 90589K->74780K(94208K) [PSPermGen: 5155K->5155K(21504K)], 0.0046910 secs] [Times: user=0.02 sys=0.00, real=0.00 secs] 
132.639: Total time for which application threads were stopped: 0.0048020 seconds, Stopping threads took: 0.0000350 seconds
132.855: Application time: 0.2158730 seconds
132.855: Total time for which application threads were stopped: 0.0001270 seconds, Stopping threads took: 0.0000930 seconds
132.855: Application time: 0.0000450 seconds
132.855: [Full GC [PSYoungGen: 25077K->9008K(28672K)] [ParOldGen: 65511K->65377K(65536K)] 90589K->74385K(94208K) [PSPermGen: 5155K->5155K(21504K)], 0.0045980 secs] [Times: user=0.02 sys=0.00, real=0.00 secs] 
132.860: Total time for which application threads were stopped: 0.0047070 seconds, Stopping threads took: 0.0000310 seconds
132.860: Application time: 0.0000410 seconds
132.860: [Full GC [PSYoungGen: 9081K->9079K(28672K)] [ParOldGen: 65377K->65377K(65536K)] 74459K->74457K(94208K) [PSPermGen: 5155K->5155K(21504K)], 0.0040990 secs] [Times: user=0.02 sys=0.00, real=0.00 secs] 
132.864: Total time for which application threads were stopped: 0.0042160 seconds, Stopping threads took: 0.0000500 seconds
133.046: Application time: 0.1823580 seconds
133.047: [Full GC [PSYoungGen: 24963K->9412K(28672K)] [ParOldGen: 65377K->65242K(65536K)] 90340K->74655K(94208K) [PSPermGen: 5155K->5155K(21504K)], 0.0048350 secs] [Times: user=0.02 sys=0.00, real=0.00 secs] 
133.051: Total time for which application threads were stopped: 0.0050270 seconds, Stopping threads took: 0.0001040 seconds
133.226: Application time: 0.1743910 seconds
133.226: [Full GC [PSYoungGen: 25064K->9412K(28672K)] [ParOldGen: 65242K->65242K(65536K)] 90306K->74655K(94208K) [PSPermGen: 5155K->5155K(21504K)], 0.0047400 secs] [Times: user=0.02 sys=0.00, real=0.00 secs] 
133.231: Total time for which application threads were stopped: 0.0049250 seconds, Stopping threads took: 0.0000890 seconds
133.412: Application time: 0.1809600 seconds
133.412: [Full GC [PSYoungGen: 24986K->10275K(28672K)] [ParOldGen: 65242K->65242K(65536K)] 90229K->75517K(94208K) [PSPermGen: 5155K->5155K(21504K)], 0.0049040 secs] [Times: user=0.02 sys=0.00, real=0.01 secs] 
133.417: Total time for which application threads were stopped: 0.0050700 seconds, Stopping threads took: 0.0000720 seconds
133.609: Application time: 0.1921000 seconds
133.609: [Full GC [PSYoungGen: 24980K->9682K(28672K)] [ParOldGen: 65242K->65242K(65536K)] 90222K->74924K(94208K) [PSPermGen: 5155K->5155K(21504K)], 0.0049080 secs] [Times: user=0.02 sys=0.00, real=0.01 secs] 
133.614: Total time for which application threads were stopped: 0.0051010 seconds, Stopping threads took: 0.0001040 seconds
133.802: Application time: 0.1880220 seconds
133.802: [Full GC [PSYoungGen: 24930K->9215K(28672K)] [ParOldGen: 65242K->65242K(65536K)] 90173K->74457K(94208K) [PSPermGen: 5155K->5155K(21504K)], 0.0048130 secs] [Times: user=0.02 sys=0.00, real=0.01 secs] 
133.807: Total time for which application threads were stopped: 0.0049910 seconds, Stopping threads took: 0.0000920 seconds
134.000: Application time: 0.1926900 seconds
134.000: [Full GC [PSYoungGen: 25027K->9547K(28672K)] [ParOldGen: 65242K->65242K(65536K)] 90270K->74790K(94208K) [PSPermGen: 5155K->5155K(21504K)], 0.0046300 secs] [Times: user=0.02 sys=0.00, real=0.00 secs] 
134.005: Total time for which application threads were stopped: 0.0048210 seconds, Stopping threads took: 0.0000920 seconds
134.170: Application time: 0.1658800 seconds
134.171: Total time for which application threads were stopped: 0.0001160 seconds, Stopping threads took: 0.0000930 seconds
134.171: Application time: 0.0000690 seconds
134.171: [Full GC [PSYoungGen: 25080K->9673K(28672K)] [ParOldGen: 65377K->65377K(65536K)] 90457K->75050K(94208K) [PSPermGen: 5155K->5155K(21504K)], 0.0048700 secs] [Times: user=0.02 sys=0.00, real=0.01 secs] 
134.176: Total time for which application threads were stopped: 0.0050030 seconds, Stopping threads took: 0.0000520 seconds
134.378: Application time: 0.2025020 seconds
134.378: [Full GC [PSYoungGen: 25064K->9349K(28672K)] [ParOldGen: 65441K->65306K(65536K)] 90505K->74655K(94208K) [PSPermGen: 5155K->5155K(21504K)], 0.0048370 secs] [Times: user=0.02 sys=0.00, real=0.00 secs] 
134.383: Total time for which application threads were stopped: 0.0050160 seconds, Stopping threads took: 0.0000910 seconds
134.575: Application time: 0.1920640 seconds
134.575: [Full GC [PSYoungGen: 24945K->9808K(28672K)] [ParOldGen: 65306K->65242K(65536K)] 90252K->75051K(94208K) [PSPermGen: 5155K->5155K(21504K)], 0.0049240 secs] [Times: user=0.02 sys=0.00, real=0.00 secs] 
134.580: Total time for which application threads were stopped: 0.0051040 seconds, Stopping threads took: 0.0000870 seconds
134.746: Application time: 0.1659260 seconds
134.746: [Full GC [PSYoungGen: 24981K->9880K(28672K)] [ParOldGen: 65242K->65242K(65536K)] 90223K->75123K(94208K) [PSPermGen: 5155K->5155K(21504K)], 0.0047760 secs] [Times: user=0.02 sys=0.00, real=0.00 secs] 
134.751: Total time for which application threads were stopped: 0.0049390 seconds, Stopping threads took: 0.0000760 seconds
134.925: Application time: 0.1736630 seconds
134.925: [Full GC [PSYoungGen: 24985K->10078K(28672K)] [ParOldGen: 65242K->65242K(65536K)] 90227K->75320K(94208K) [PSPermGen: 5155K->5155K(21504K)], 0.0049210 secs] [Times: user=0.01 sys=0.01, real=0.01 secs] 
134.930: Total time for which application threads were stopped: 0.0050850 seconds, Stopping threads took: 0.0000790 seconds
135.155: Application time: 0.2249470 seconds
135.155: Total time for which application threads were stopped: 0.0000940 seconds, Stopping threads took: 0.0000670 seconds
135.155: Application time: 0.0000720 seconds
135.155: [Full GC [PSYoungGen: 25017K->8613K(28672K)] [ParOldGen: 65511K->65511K(65536K)] 90529K->74125K(94208K) [PSPermGen: 5155K->5155K(21504K)], 0.0046520 secs] [Times: user=0.02 sys=0.00, real=0.00 secs] 
135.160: Total time for which application threads were stopped: 0.0047730 seconds, Stopping threads took: 0.0000350 seconds
135.160: Application time: 0.0000310 seconds
135.160: [Full GC [PSYoungGen: 8748K->8748K(28672K)] [ParOldGen: 65511K->65511K(65536K)] 74260K->74260K(94208K) [PSPermGen: 5155K->5155K(21504K)], 0.0040330 secs] [Times: user=0.01 sys=0.00, real=0.00 secs] 
135.164: Total time for which application threads were stopped: 0.0041400 seconds, Stopping threads took: 0.0000400 seconds
135.345: Application time: 0.1807960 seconds
135.345: [Full GC [PSYoungGen: 25029K->9287K(28672K)] [ParOldGen: 65511K->65242K(65536K)] 90541K->74530K(94208K) [PSPermGen: 5155K->5155K(21504K)], 0.0048160 secs] [Times: user=0.01 sys=0.00, real=0.01 secs] 
135.350: Total time for which application threads were stopped: 0.0049990 seconds, Stopping threads took: 0.0000910 seconds
135.524: Application time: 0.1738270 seconds
135.524: Total time for which application threads were stopped: 0.0001000 seconds, Stopping threads took: 0.0000790 seconds
135.524: Application time: 0.0003180 seconds
135.524: [Full GC [PSYoungGen: 25002K->9341K(28672K)] [ParOldGen: 65511K->65511K(65536K)] 90513K->74853K(94208K) [PSPermGen: 5155K->5155K(21504K)], 0.0046230 secs] [Times: user=0.02 sys=0.00, real=0.01 secs] 
135.529: Total time for which application threads were stopped: 0.0047600 seconds, Stopping threads took: 0.0000590 seconds
135.621: Application time: 0.0923860 seconds
135.621: Total time for which application threads were stopped: 0.0001050 seconds, Stopping threads took: 0.0000800 seconds
135.755: Application time: 0.1337360 seconds
135.755: [Full GC [PSYoungGen: 25076K->9052K(28672K)] [ParOldGen: 65511K->65242K(65536K)] 90588K->74294K(94208K) [PSPermGen: 5155K->5155K(21504K)], 0.0062620 secs] [Times: user=0.03 sys=0.00, real=0.00 secs] 
135.761: Total time for which application threads were stopped: 0.0064280 seconds, Stopping threads took: 0.0000660 seconds
135.947: Application time: 0.1860150 seconds
135.948: [Full GC [PSYoungGen: 25037K->9115K(28672K)] [ParOldGen: 65242K->65242K(65536K)] 90280K->74357K(94208K) [PSPermGen: 5155K->5155K(21504K)], 0.0048590 secs] [Times: user=0.02 sys=0.00, real=0.00 secs] 
135.953: Total time for which application threads were stopped: 0.0050280 seconds, Stopping threads took: 0.0000820 seconds
136.144: Application time: 0.1917190 seconds
136.144: Total time for which application threads were stopped: 0.0000830 seconds, Stopping threads took: 0.0000570 seconds
136.146: Application time: 0.0016820 seconds
136.146: [Full GC [PSYoungGen: 25049K->8916K(28672K)] [ParOldGen: 65306K->65306K(65536K)] 90356K->74222K(94208K) [PSPermGen: 5155K->5155K(21504K)], 0.0046180 secs] [Times: user=0.02 sys=0.00, real=0.00 secs] 
136.151: Total time for which application threads were stopped: 0.0047610 seconds, Stopping threads took: 0.0000620 seconds
136.357: Application time: 0.2064920 seconds
136.357: Total time for which application threads were stopped: 0.0000890 seconds, Stopping threads took: 0.0000610 seconds
136.431: Application time: 0.0738890 seconds
136.431: [Full GC [PSYoungGen: 25085K->7941K(28672K)] [ParOldGen: 65441K->65376K(65536K)] 90526K->73318K(94208K) [PSPermGen: 5155K->5155K(21504K)], 0.0059700 secs] [Times: user=0.03 sys=0.00, real=0.01 secs] 
136.437: Total time for which application threads were stopped: 0.0061010 seconds, Stopping threads took: 0.0000360 seconds
136.587: Application time: 0.1498350 seconds
136.587: Total time for which application threads were stopped: 0.0000600 seconds, Stopping threads took: 0.0000410 seconds
136.622: Application time: 0.0343380 seconds
136.622: Total time for which application threads were stopped: 0.0000470 seconds, Stopping threads took: 0.0000280 seconds
136.689: Application time: 0.0668740 seconds
136.689: Total time for which application threads were stopped: 0.0000890 seconds, Stopping threads took: 0.0000580 seconds
136.727: Application time: 0.0382360 seconds
136.727: Total time for which application threads were stopped: 0.0000520 seconds, Stopping threads took: 0.0000340 seconds
136.727: Application time: 0.0000430 seconds
136.727: [Full GC [PSYoungGen: 25037K->7889K(28672K)] [ParOldGen: 65511K->65373K(65536K)] 90548K->73262K(94208K) [PSPermGen: 5177K->5177K(21504K)], 0.0176080 secs] [Times: user=0.11 sys=0.00, real=0.01 secs] 
136.745: Total time for which application threads were stopped: 0.0177310 seconds, Stopping threads took: 0.0000420 seconds
136.999: Application time: 0.2539440 seconds
136.999: Total time for which application threads were stopped: 0.0000770 seconds, Stopping threads took: 0.0000520 seconds
136.999: Application time: 0.0000480 seconds
136.999: [Full GC [PSYoungGen: 24991K->9102K(28672K)] [ParOldGen: 65508K->65373K(65536K)] 90499K->74475K(94208K) [PSPermGen: 5177K->5177K(21504K)], 0.0046490 secs] [Times: user=0.02 sys=0.00, real=0.00 secs] 
137.004: Total time for which application threads were stopped: 0.0047610 seconds, Stopping threads took: 0.0000310 seconds
137.157: Application time: 0.1531810 seconds
137.157: [Full GC [PSYoungGen: 25088K->8985K(28672K)] [ParOldGen: 65445K->65310K(65536K)] 90533K->74296K(94208K) [PSPermGen: 5177K->5177K(21504K)], 0.0047250 secs] [Times: user=0.02 sys=0.00, real=0.00 secs] 
137.162: Total time for which application threads were stopped: 0.0048780 seconds, Stopping threads took: 0.0000630 seconds
137.354: Application time: 0.1920010 seconds
137.354: Total time for which application threads were stopped: 0.0000930 seconds, Stopping threads took: 0.0000740 seconds
137.354: Application time: 0.0000360 seconds
137.354: [Full GC [PSYoungGen: 24964K->8644K(28672K)] [ParOldGen: 65310K->65238K(65536K)] 90274K->73882K(94208K) [PSPermGen: 5177K->5177K(21504K)], 0.0045130 secs] [Times: user=0.02 sys=0.00, real=0.01 secs] 
137.358: Total time for which application threads were stopped: 0.0046370 seconds, Stopping threads took: 0.0000470 seconds
137.611: Application time: 0.2530120 seconds
137.611: Total time for which application threads were stopped: 0.0000730 seconds, Stopping threads took: 0.0000440 seconds
137.612: Application time: 0.0010000 seconds
137.612: [Full GC [PSYoungGen: 25080K->8230K(28672K)] [ParOldGen: 65373K->65238K(65536K)] 90453K->73469K(94208K) [PSPermGen: 5177K->5177K(21504K)], 0.0043200 secs] [Times: user=0.01 sys=0.00, real=0.01 secs] 
137.617: Total time for which application threads were stopped: 0.0044180 seconds, Stopping threads took: 0.0000220 seconds
137.771: Application time: 0.1543120 seconds
137.771: Total time for which application threads were stopped: 0.0001050 seconds, Stopping threads took: 0.0000830 seconds
137.772: Application time: 0.0010950 seconds
137.772: [Full GC [PSYoungGen: 25064K->8302K(28672K)] [ParOldGen: 65508K->65508K(65536K)] 90572K->73810K(94208K) [PSPermGen: 5177K->5177K(21504K)], 0.0044460 secs] [Times: user=0.02 sys=0.00, real=0.01 secs] 
137.777: Total time for which application threads were stopped: 0.0045520 seconds, Stopping threads took: 0.0000260 seconds
137.965: Application time: 0.1884980 seconds
137.966: Total time for which application threads were stopped: 0.0001200 seconds, Stopping threads took: 0.0000950 seconds
137.966: Application time: 0.0001680 seconds
137.966: [Full GC [PSYoungGen: 25062K->9113K(28672K)] [ParOldGen: 65508K->65238K(65536K)] 90570K->74351K(94208K) [PSPermGen: 5177K->5177K(21504K)], 0.0047850 secs] [Times: user=0.02 sys=0.00, real=0.01 secs] 
137.971: Total time for which application threads were stopped: 0.0048930 seconds, Stopping threads took: 0.0000300 seconds
138.221: Application time: 0.2501980 seconds
138.221: Total time for which application threads were stopped: 0.0001030 seconds, Stopping threads took: 0.0000770 seconds
138.221: Application time: 0.0000390 seconds
138.221: [Full GC [PSYoungGen: 24986K->8852K(28672K)] [ParOldGen: 65507K->65507K(65536K)] 90494K->74360K(94208K) [PSPermGen: 5177K->5177K(21504K)], 0.0046150 secs] [Times: user=0.02 sys=0.00, real=0.00 secs] 
138.226: Total time for which application threads were stopped: 0.0047340 seconds, Stopping threads took: 0.0000420 seconds
138.375: Application time: 0.1490460 seconds
138.375: Total time for which application threads were stopped: 0.0000810 seconds, Stopping threads took: 0.0000620 seconds
138.376: Application time: 0.0009890 seconds
138.376: [Full GC [PSYoungGen: 25044K->9580K(28672K)] [ParOldGen: 65507K->65238K(65536K)] 90552K->74819K(94208K) [PSPermGen: 5177K->5177K(21504K)], 0.0047600 secs] [Times: user=0.01 sys=0.00, real=0.00 secs] 
138.381: Total time for which application threads were stopped: 0.0048850 seconds, Stopping threads took: 0.0000450 seconds
138.569: Application time: 0.1883650 seconds
138.569: Total time for which application threads were stopped: 0.0001070 seconds, Stopping threads took: 0.0000860 seconds
138.569: Application time: 0.0002880 seconds
138.570: [Full GC [PSYoungGen: 24970K->8852K(28672K)] [ParOldGen: 65507K->65507K(65536K)] 90478K->74360K(94208K) [PSPermGen: 5177K->5177K(21504K)], 0.0046060 secs] [Times: user=0.02 sys=0.00, real=0.01 secs] 
138.574: Total time for which application threads were stopped: 0.0047220 seconds, Stopping threads took: 0.0000380 seconds
138.828: Application time: 0.2534460 seconds
138.828: Total time for which application threads were stopped: 0.0001020 seconds, Stopping threads took: 0.0000730 seconds
138.829: Application time: 0.0013980 seconds
138.829: [Full GC [PSYoungGen: 25046K->8583K(28672K)] [ParOldGen: 65507K->65238K(65536K)] 90554K->73821K(94208K) [PSPermGen: 5177K->5177K(21504K)], 0.0044180 secs] [Times: user=0.01 sys=0.00, real=0.00 secs] 
138.834: Total time for which application threads were stopped: 0.0045370 seconds, Stopping threads took: 0.0000360 seconds
138.986: Application time: 0.1521650 seconds
138.986: Total time for which application threads were stopped: 0.0000900 seconds, Stopping threads took: 0.0000700 seconds
138.986: Application time: 0.0005550 seconds
138.987: [Full GC [PSYoungGen: 25051K->8700K(28672K)] [ParOldGen: 65508K->65508K(65536K)] 90559K->74208K(94208K) [PSPermGen: 5177K->5177K(21504K)], 0.0044910 secs] [Times: user=0.02 sys=0.00, real=0.00 secs] 
138.991: Total time for which application threads were stopped: 0.0045950 seconds, Stopping threads took: 0.0000290 seconds
139.176: Application time: 0.1852040 seconds
139.176: Total time for which application threads were stopped: 0.0000950 seconds, Stopping threads took: 0.0000740 seconds
139.176: Application time: 0.0000410 seconds
139.176: [Full GC [PSYoungGen: 25029K->9518K(28672K)] [ParOldGen: 65508K->65238K(65536K)] 90537K->74756K(94208K) [PSPermGen: 5177K->5177K(21504K)], 0.0048500 secs] [Times: user=0.02 sys=0.00, real=0.00 secs] 
139.181: Total time for which application threads were stopped: 0.0049700 seconds, Stopping threads took: 0.0000410 seconds
139.424: Application time: 0.2424470 seconds
139.424: [Full GC [PSYoungGen: 25049K->8934K(28672K)] [ParOldGen: 65238K->65238K(65536K)] 90287K->74172K(94208K) [PSPermGen: 5177K->5177K(21504K)], 0.0047470 secs] [Times: user=0.02 sys=0.00, real=0.01 secs] 
139.429: Total time for which application threads were stopped: 0.0049690 seconds, Stopping threads took: 0.0001270 seconds
139.586: Application time: 0.1572010 seconds
139.586: [Full GC [PSYoungGen: 24991K->8862K(28672K)] [ParOldGen: 65238K->65238K(65536K)] 90230K->74101K(94208K) [PSPermGen: 5177K->5177K(21504K)], 0.0048750 secs] [Times: user=0.02 sys=0.00, real=0.00 secs] 
139.591: Total time for which application threads were stopped: 0.0050430 seconds, Stopping threads took: 0.0000800 seconds
139.784: Application time: 0.1927000 seconds
139.784: Total time for which application threads were stopped: 0.0000910 seconds, Stopping threads took: 0.0000700 seconds
139.785: Application time: 0.0015970 seconds
139.786: [Full GC [PSYoungGen: 25051K->8700K(28672K)] [ParOldGen: 65508K->65508K(65536K)] 90559K->74208K(94208K) [PSPermGen: 5177K->5177K(21504K)], 0.0044580 secs] [Times: user=0.02 sys=0.00, real=0.01 secs] 
139.790: Total time for which application threads were stopped: 0.0045770 seconds, Stopping threads took: 0.0000350 seconds
140.037: Application time: 0.2465570 seconds
140.037: Total time for which application threads were stopped: 0.0001170 seconds, Stopping threads took: 0.0000790 seconds
140.037: Application time: 0.0007200 seconds
140.038: [Full GC [PSYoungGen: 24905K->9051K(28672K)] [ParOldGen: 65508K->65238K(65536K)] 90413K->74289K(94208K) [PSPermGen: 5177K->5177K(21504K)], 0.0046840 secs] [Times: user=0.02 sys=0.00, real=0.00 secs] 
140.042: Total time for which application threads were stopped: 0.0048410 seconds, Stopping threads took: 0.0000740 seconds
140.196: Application time: 0.1541210 seconds
140.197: [Full GC [PSYoungGen: 25045K->8925K(28672K)] [ParOldGen: 65373K->65373K(65536K)] 90418K->74298K(94208K) [PSPermGen: 5177K->5177K(21504K)], 0.0048650 secs] [Times: user=0.02 sys=0.00, real=0.00 secs] 
140.201: Total time for which application threads were stopped: 0.0050370 seconds, Stopping threads took: 0.0000830 seconds
140.389: Application time: 0.1873750 seconds
140.389: [Full GC [PSYoungGen: 25065K->9051K(28672K)] [ParOldGen: 65373K->65238K(65536K)] 90438K->74290K(94208K) [PSPermGen: 5177K->5177K(21504K)], 0.0047050 secs] [Times: user=0.02 sys=0.00, real=0.00 secs] 
140.394: Total time for which application threads were stopped: 0.0048560 seconds, Stopping threads took: 0.0000650 seconds
140.638: Application time: 0.2442200 seconds
140.638: Total time for which application threads were stopped: 0.0001120 seconds, Stopping threads took: 0.0000740 seconds
140.640: Application time: 0.0016570 seconds
140.640: [Full GC [PSYoungGen: 25037K->9059K(28672K)] [ParOldGen: 65437K->65437K(65536K)] 90474K->74496K(94208K) [PSPermGen: 5177K->5177K(21504K)], 0.0047580 secs] [Times: user=0.02 sys=0.00, real=0.00 secs] 
140.645: Total time for which application threads were stopped: 0.0048770 seconds, Stopping threads took: 0.0000400 seconds
140.797: Application time: 0.1524560 seconds
140.797: Total time for which application threads were stopped: 0.0000900 seconds, Stopping threads took: 0.0000710 seconds
140.797: Application time: 0.0003950 seconds
140.798: [Full GC [PSYoungGen: 25046K->9519K(28672K)] [ParOldGen: 65437K->65238K(65536K)] 90484K->74757K(94208K) [PSPermGen: 5177K->5177K(21504K)], 0.0047600 secs] [Times: user=0.01 sys=0.00, real=0.00 secs] 
140.802: Total time for which application threads were stopped: 0.0048750 seconds, Stopping threads took: 0.0000390 seconds
140.986: Application time: 0.1836880 seconds
140.986: [Full GC [PSYoungGen: 25034K->9123K(28672K)] [ParOldGen: 65508K->65508K(65536K)] 90542K->74631K(94208K) [PSPermGen: 5177K->5177K(21504K)], 0.0046990 secs] [Times: user=0.02 sys=0.00, real=0.00 secs] 
140.991: Total time for which application threads were stopped: 0.0048690 seconds, Stopping threads took: 0.0000830 seconds
141.214: Application time: 0.2227480 seconds
141.214: Total time for which application threads were stopped: 0.0001100 seconds, Stopping threads took: 0.0000780 seconds
141.216: Application time: 0.0023720 seconds
141.216: [Full GC [PSYoungGen: 24978K->8908K(28672K)] [ParOldGen: 65508K->65238K(65536K)] 90486K->74146K(94208K) [PSPermGen: 5177K->5177K(21504K)], 0.0047260 secs] [Times: user=0.01 sys=0.00, real=0.00 secs] 
141.221: Total time for which application threads were stopped: 0.0048380 seconds, Stopping threads took: 0.0000310 seconds
141.395: Application time: 0.1735380 seconds
141.395: [Full GC [PSYoungGen: 25037K->9051K(28672K)] [ParOldGen: 65508K->65373K(65536K)] 90545K->74425K(94208K) [PSPermGen: 5177K->5177K(21504K)], 0.0046170 secs] [Times: user=0.02 sys=0.00, real=0.00 secs] 
141.399: Total time for which application threads were stopped: 0.0047860 seconds, Stopping threads took: 0.0000840 seconds
141.577: Application time: 0.1780600 seconds
141.578: [Full GC [PSYoungGen: 24969K->9851K(28672K)] [ParOldGen: 65373K->65238K(65536K)] 90343K->75090K(94208K) [PSPermGen: 5177K->5177K(21504K)], 0.0050690 secs] [Times: user=0.02 sys=0.00, real=0.00 secs] 
141.583: Total time for which application threads were stopped: 0.0058220 seconds, Stopping threads took: 0.0006620 seconds
141.763: Application time: 0.1797820 seconds
141.763: [Full GC [PSYoungGen: 24887K->9852K(28672K)] [ParOldGen: 65238K->65238K(65536K)] 90125K->75090K(94208K) [PSPermGen: 5177K->5177K(21504K)], 0.0049160 secs] [Times: user=0.02 sys=0.00, real=0.01 secs] 
141.768: Total time for which application threads were stopped: 0.0050940 seconds, Stopping threads took: 0.0000740 seconds
141.964: Application time: 0.1955150 seconds
141.964: [Full GC [PSYoungGen: 24954K->10049K(28672K)] [ParOldGen: 65238K->65238K(65536K)] 90193K->75288K(94208K) [PSPermGen: 5177K->5177K(21504K)], 0.0047940 secs] [Times: user=0.02 sys=0.00, real=0.01 secs] 
141.969: Total time for which application threads were stopped: 0.0049910 seconds, Stopping threads took: 0.0001100 seconds
142.136: Application time: 0.1677010 seconds
142.136: [Full GC [PSYoungGen: 24954K->9654K(28672K)] [ParOldGen: 65238K->65238K(65536K)] 90193K->74892K(94208K) [PSPermGen: 5177K->5177K(21504K)], 0.0048900 secs] [Times: user=0.02 sys=0.00, real=0.00 secs] 
142.141: Total time for which application threads were stopped: 0.0050560 seconds, Stopping threads took: 0.0000790 seconds
142.321: Application time: 0.1793820 seconds
142.321: [Full GC [PSYoungGen: 24963K->9654K(28672K)] [ParOldGen: 65238K->65238K(65536K)] 90202K->74892K(94208K) [PSPermGen: 5177K->5177K(21504K)], 0.0048700 secs] [Times: user=0.02 sys=0.00, real=0.00 secs] 
142.326: Total time for which application threads were stopped: 0.0050400 seconds, Stopping threads took: 0.0000740 seconds
142.552: Application time: 0.2258060 seconds
142.552: Total time for which application threads were stopped: 0.0001220 seconds, Stopping threads took: 0.0001000 seconds
142.552: Application time: 0.0003360 seconds
142.552: [Full GC [PSYoungGen: 24976K->8647K(28672K)] [ParOldGen: 65507K->65507K(65536K)] 90484K->74155K(94208K) [PSPermGen: 5177K->5177K(21504K)], 0.0046220 secs] [Times: user=0.02 sys=0.00, real=0.01 secs] 
142.557: Total time for which application threads were stopped: 0.0047360 seconds, Stopping threads took: 0.0000340 seconds
142.722: Application time: 0.1654570 seconds
142.722: [Full GC [PSYoungGen: 25039K->9789K(28672K)] [ParOldGen: 65507K->65238K(65536K)] 90547K->75027K(94208K) [PSPermGen: 5177K->5177K(21504K)], 0.0049290 secs] [Times: user=0.02 sys=0.00, real=0.01 secs] 
142.727: Total time for which application threads were stopped: 0.0050940 seconds, Stopping threads took: 0.0000800 seconds
142.904: Application time: 0.1764930 seconds
142.904: [Full GC [PSYoungGen: 25029K->9852K(28672K)] [ParOldGen: 65238K->65238K(65536K)] 90267K->75091K(94208K) [PSPermGen: 5179K->5179K(21504K)], 0.0049760 secs] [Times: user=0.02 sys=0.00, real=0.01 secs] 
142.909: Total time for which application threads were stopped: 0.0051360 seconds, Stopping threads took: 0.0000660 seconds
143.140: Application time: 0.2310650 seconds
143.140: [Full GC [PSYoungGen: 25025K->9924K(28672K)] [ParOldGen: 65238K->65238K(65536K)] 90263K->75163K(94208K) [PSPermGen: 5179K->5179K(21504K)], 0.0048340 secs] [Times: user=0.02 sys=0.00, real=0.00 secs] 
143.145: Total time for which application threads were stopped: 0.0050130 seconds, Stopping threads took: 0.0000920 seconds
143.299: Application time: 0.1539050 seconds
143.299: [Full GC [PSYoungGen: 24962K->9457K(28672K)] [ParOldGen: 65238K->65238K(65536K)] 90200K->74695K(94208K) [PSPermGen: 5179K->5179K(21504K)], 0.0048690 secs] [Times: user=0.02 sys=0.00, real=0.00 secs] 
143.304: Total time for which application threads were stopped: 0.0050460 seconds, Stopping threads took: 0.0000920 seconds
143.486: Application time: 0.1817010 seconds
143.486: Total time for which application threads were stopped: 0.0001050 seconds, Stopping threads took: 0.0000750 seconds
143.486: Application time: 0.0004120 seconds
143.486: [Full GC [PSYoungGen: 25047K->9124K(28672K)] [ParOldGen: 65373K->65373K(65536K)] 90420K->74498K(94208K) [PSPermGen: 5179K->5179K(21504K)], 0.0047870 secs] [Times: user=0.02 sys=0.00, real=0.00 secs] 
143.491: Total time for which application threads were stopped: 0.0049060 seconds, Stopping threads took: 0.0000410 seconds
143.736: Application time: 0.2445760 seconds
143.736: Total time for which application threads were stopped: 0.0001010 seconds, Stopping threads took: 0.0000790 seconds
143.736: Application time: 0.0002090 seconds
143.736: [Full GC [PSYoungGen: 25042K->9448K(28672K)] [ParOldGen: 65508K->65373K(65536K)] 90550K->74821K(94208K) [PSPermGen: 5179K->5179K(21504K)], 0.0048710 secs] [Times: user=0.02 sys=0.00, real=0.00 secs] 
143.741: Total time for which application threads were stopped: 0.0049850 seconds, Stopping threads took: 0.0000360 seconds
143.895: Application time: 0.1536580 seconds
143.895: [Full GC [PSYoungGen: 24829K->9655K(28672K)] [ParOldGen: 65373K->65238K(65536K)] 90202K->74893K(94208K) [PSPermGen: 5179K->5179K(21504K)], 0.0048640 secs] [Times: user=0.02 sys=0.00, real=0.00 secs] 
143.900: Total time for which application threads were stopped: 0.0050290 seconds, Stopping threads took: 0.0000770 seconds
144.081: Application time: 0.1811740 seconds
144.081: Total time for which application threads were stopped: 0.0001190 seconds, Stopping threads took: 0.0000850 seconds
144.081: Application time: 0.0004660 seconds
144.082: [Full GC [PSYoungGen: 25041K->8379K(28672K)] [ParOldGen: 65507K->65507K(65536K)] 90549K->73887K(94208K) [PSPermGen: 5179K->5179K(21504K)], 0.0046470 secs] [Times: user=0.02 sys=0.00, real=0.01 secs] 
144.086: Total time for which application threads were stopped: 0.0047720 seconds, Stopping threads took: 0.0000470 seconds
144.327: Application time: 0.2409280 seconds
144.327: [Full GC [PSYoungGen: 25042K->9655K(28672K)] [ParOldGen: 65507K->65238K(65536K)] 90550K->74894K(94208K) [PSPermGen: 5179K->5179K(21504K)], 0.0048870 secs] [Times: user=0.02 sys=0.00, real=0.00 secs] 
144.332: Total time for which application threads were stopped: 0.0050500 seconds, Stopping threads took: 0.0000760 seconds
144.481: Application time: 0.1486970 seconds
144.481: [Full GC [PSYoungGen: 24967K->9853K(28672K)] [ParOldGen: 65238K->65238K(65536K)] 90205K->75091K(94208K) [PSPermGen: 5179K->5179K(21504K)], 0.0047560 secs] [Times: user=0.02 sys=0.00, real=0.00 secs] 
144.486: Total time for which application threads were stopped: 0.0049340 seconds, Stopping threads took: 0.0000910 seconds
144.669: Application time: 0.1832590 seconds
144.669: [Full GC [PSYoungGen: 24962K->9457K(28672K)] [ParOldGen: 65238K->65238K(65536K)] 90201K->74696K(94208K) [PSPermGen: 5179K->5179K(21504K)], 0.0047450 secs] [Times: user=0.02 sys=0.00, real=0.01 secs] 
144.674: Total time for which application threads were stopped: 0.0049210 seconds, Stopping threads took: 0.0000780 seconds
144.887: Application time: 0.2129220 seconds
144.887: [Full GC [PSYoungGen: 24970K->9655K(28672K)] [ParOldGen: 65238K->65238K(65536K)] 90209K->74894K(94208K) [PSPermGen: 5179K->5179K(21504K)], 0.0048770 secs] [Times: user=0.01 sys=0.00, real=0.00 secs] 
144.892: Total time for which application threads were stopped: 0.0050380 seconds, Stopping threads took: 0.0000720 seconds
145.069: Application time: 0.1765420 seconds
145.069: [Full GC [PSYoungGen: 24973K->9260K(28672K)] [ParOldGen: 65238K->65238K(65536K)] 90212K->74498K(94208K) [PSPermGen: 5179K->5179K(21504K)], 0.0047410 secs] [Times: user=0.01 sys=0.00, real=0.00 secs] 
145.073: Total time for which application threads were stopped: 0.0049070 seconds, Stopping threads took: 0.0000790 seconds
145.241: Application time: 0.1676330 seconds
145.241: Total time for which application threads were stopped: 0.0001090 seconds, Stopping threads took: 0.0000840 seconds
145.246: Application time: 0.0047820 seconds
145.246: [Full GC [PSYoungGen: 24988K->9179K(28672K)] [ParOldGen: 65507K->65507K(65536K)] 90496K->74687K(94208K) [PSPermGen: 5179K->5179K(21504K)], 0.0047800 secs] [Times: user=0.02 sys=0.00, real=0.00 secs] 
145.251: Total time for which application threads were stopped: 0.0049170 seconds, Stopping threads took: 0.0000590 seconds
145.443: Application time: 0.1916360 seconds
145.443: [Full GC [PSYoungGen: 25084K->9853K(28672K)] [ParOldGen: 65507K->65238K(65536K)] 90592K->75092K(94208K) [PSPermGen: 5179K->5179K(21504K)], 0.0048970 secs] [Times: user=0.02 sys=0.00, real=0.01 secs] 
145.448: Total time for which application threads were stopped: 0.0050640 seconds, Stopping threads took: 0.0000700 seconds
145.660: Application time: 0.2127460 seconds
145.660: [Full GC [PSYoungGen: 24965K->9458K(28672K)] [ParOldGen: 65238K->65238K(65536K)] 90203K->74696K(94208K) [PSPermGen: 5179K->5179K(21504K)], 0.0048340 secs] [Times: user=0.02 sys=0.00, real=0.00 secs] 
145.665: Total time for which application threads were stopped: 0.0049830 seconds, Stopping threads took: 0.0000580 seconds
145.824: Application time: 0.1583480 seconds
145.824: [Full GC [PSYoungGen: 25037K->9728K(28672K)] [ParOldGen: 65238K->65238K(65536K)] 90275K->74966K(94208K) [PSPermGen: 5179K->5179K(21504K)], 0.0048060 secs] [Times: user=0.02 sys=0.00, real=0.01 secs] 
145.829: Total time for which application threads were stopped: 0.0049880 seconds, Stopping threads took: 0.0000830 seconds
146.015: Application time: 0.1867400 seconds
146.016: Total time for which application threads were stopped: 0.0001050 seconds, Stopping threads took: 0.0000810 seconds
146.016: Application time: 0.0007080 seconds
146.016: [Full GC [PSYoungGen: 24974K->8847K(28672K)] [ParOldGen: 65507K->65507K(65536K)] 90482K->74355K(94208K) [PSPermGen: 5179K->5179K(21504K)], 0.0046000 secs] [Times: user=0.02 sys=0.00, real=0.00 secs] 
146.021: Total time for which application threads were stopped: 0.0047150 seconds, Stopping threads took: 0.0000330 seconds
146.257: Application time: 0.2356840 seconds
146.257: [Full GC [PSYoungGen: 25045K->9395K(28672K)] [ParOldGen: 65507K->65238K(65536K)] 90553K->74634K(94208K) [PSPermGen: 5179K->5179K(21504K)], 0.0048070 secs] [Times: user=0.02 sys=0.00, real=0.00 secs] 
146.262: Total time for which application threads were stopped: 0.0049720 seconds, Stopping threads took: 0.0000780 seconds
146.423: Application time: 0.1616730 seconds
146.423: [Full GC [PSYoungGen: 24978K->9656K(28672K)] [ParOldGen: 65238K->65238K(65536K)] 90217K->74894K(94208K) [PSPermGen: 5179K->5179K(21504K)], 0.0047830 secs] [Times: user=0.02 sys=0.00, real=0.01 secs] 
146.428: Total time for which application threads were stopped: 0.0049470 seconds, Stopping threads took: 0.0000680 seconds
146.610: Application time: 0.1817720 seconds
146.610: [Full GC [PSYoungGen: 25031K->9459K(28672K)] [ParOldGen: 65238K->65238K(65536K)] 90269K->74697K(94208K) [PSPermGen: 5179K->5179K(21504K)], 0.0047680 secs] [Times: user=0.02 sys=0.00, real=0.01 secs] 
146.615: Total time for which application threads were stopped: 0.0049240 seconds, Stopping threads took: 0.0000690 seconds
146.832: Application time: 0.2165870 seconds
146.832: [Full GC [PSYoungGen: 24970K->9854K(28672K)] [ParOldGen: 65238K->65238K(65536K)] 90208K->75092K(94208K) [PSPermGen: 5179K->5179K(21504K)], 0.0049600 secs] [Times: user=0.02 sys=0.00, real=0.01 secs] 
146.837: Total time for which application threads were stopped: 0.0051370 seconds, Stopping threads took: 0.0000890 seconds
147.001: Application time: 0.1643020 seconds
147.001: [Full GC [PSYoungGen: 24965K->9656K(28672K)] [ParOldGen: 65238K->65238K(65536K)] 90204K->74895K(94208K) [PSPermGen: 5179K->5179K(21504K)], 0.0046870 secs] [Times: user=0.02 sys=0.00, real=0.00 secs] 
147.006: Total time for which application threads were stopped: 0.0048590 seconds, Stopping threads took: 0.0000740 seconds
147.175: Application time: 0.1690660 seconds
147.175: [Full GC [PSYoungGen: 24963K->9459K(28672K)] [ParOldGen: 65238K->65238K(65536K)] 90202K->74697K(94208K) [PSPermGen: 5179K->5179K(21504K)], 0.0046080 secs] [Times: user=0.01 sys=0.00, real=0.00 secs] 
147.180: Total time for which application threads were stopped: 0.0047700 seconds, Stopping threads took: 0.0000760 seconds
147.398: Application time: 0.2179170 seconds
147.398: [Full GC [PSYoungGen: 25041K->9926K(28672K)] [ParOldGen: 65238K->65238K(65536K)] 90280K->75164K(94208K) [PSPermGen: 5179K->5179K(21504K)], 0.0049690 secs] [Times: user=0.02 sys=0.00, real=0.00 secs] 
147.403: Total time for which application threads were stopped: 0.0051360 seconds, Stopping threads took: 0.0000750 seconds
147.564: Application time: 0.1615030 seconds
147.564: [Full GC [PSYoungGen: 25031K->9917K(28672K)] [ParOldGen: 65238K->65238K(65536K)] 90269K->75155K(94208K) [PSPermGen: 5179K->5179K(21504K)], 0.0048870 secs] [Times: user=0.02 sys=0.00, real=0.01 secs] 
147.569: Total time for which application threads were stopped: 0.0050590 seconds, Stopping threads took: 0.0000760 seconds
147.736: Application time: 0.1671270 seconds
147.737: [Full GC [PSYoungGen: 25088K->10052K(28672K)] [ParOldGen: 65238K->65238K(65536K)] 90326K->75290K(94208K) [PSPermGen: 5179K->5179K(21504K)], 0.0048510 secs] [Times: user=0.02 sys=0.00, real=0.00 secs] 
147.741: Total time for which application threads were stopped: 0.0050060 seconds, Stopping threads took: 0.0000690 seconds
147.965: Application time: 0.2238600 seconds
147.965: [Full GC [PSYoungGen: 24906K->9064K(28672K)] [ParOldGen: 65238K->65238K(65536K)] 90144K->74302K(94208K) [PSPermGen: 5179K->5179K(21504K)], 0.0046260 secs] [Times: user=0.02 sys=0.00, real=0.01 secs] 
147.970: Total time for which application threads were stopped: 0.0047880 seconds, Stopping threads took: 0.0000760 seconds
148.137: Application time: 0.1666730 seconds
148.137: [Full GC [PSYoungGen: 24977K->9459K(28672K)] [ParOldGen: 65238K->65238K(65536K)] 90216K->74698K(94208K) [PSPermGen: 5179K->5179K(21504K)], 0.0049240 secs] [Times: user=0.02 sys=0.01, real=0.00 secs] 
148.142: Total time for which application threads were stopped: 0.0050990 seconds, Stopping threads took: 0.0000770 seconds
148.321: Application time: 0.1789780 seconds
148.321: Total time for which application threads were stopped: 0.0001020 seconds, Stopping threads took: 0.0000790 seconds
148.321: Application time: 0.0001300 seconds
148.321: [Full GC [PSYoungGen: 25051K->9127K(28672K)] [ParOldGen: 65373K->65373K(65536K)] 90424K->74500K(94208K) [PSPermGen: 5179K->5179K(21504K)], 0.0047820 secs] [Times: user=0.02 sys=0.00, real=0.00 secs] 
148.326: Total time for which application threads were stopped: 0.0049080 seconds, Stopping threads took: 0.0000380 seconds
148.540: Application time: 0.2135930 seconds
148.540: [Full GC [PSYoungGen: 25046K->9657K(28672K)] [ParOldGen: 65508K->65373K(65536K)] 90554K->75030K(94208K) [PSPermGen: 5179K->5179K(21504K)], 0.0048350 secs] [Times: user=0.02 sys=0.00, real=0.00 secs] 
148.545: Total time for which application threads were stopped: 0.0050140 seconds, Stopping threads took: 0.0000920 seconds
148.732: Application time: 0.1875210 seconds
148.732: Total time for which application threads were stopped: 0.0000930 seconds, Stopping threads took: 0.0000680 seconds
148.732: Application time: 0.0000590 seconds
148.732: [Full GC [PSYoungGen: 25047K->8659K(28672K)] [ParOldGen: 65508K->65373K(65536K)] 90555K->74033K(94208K) [PSPermGen: 5179K->5179K(21504K)], 0.0048210 secs] [Times: user=0.01 sys=0.00, real=0.01 secs] 
148.737: Total time for which application threads were stopped: 0.0049440 seconds, Stopping threads took: 0.0000480 seconds
148.916: Application time: 0.1788520 seconds
148.916: [Full GC [PSYoungGen: 25025K->9262K(28672K)] [ParOldGen: 65373K->65238K(65536K)] 90398K->74500K(94208K) [PSPermGen: 5179K->5179K(21504K)], 0.0048980 secs] [Times: user=0.01 sys=0.00, real=0.00 secs] 
148.921: Total time for which application threads were stopped: 0.0050560 seconds, Stopping threads took: 0.0000690 seconds
149.096: Application time: 0.1747930 seconds
149.096: Total time for which application threads were stopped: 0.0001030 seconds, Stopping threads took: 0.0000790 seconds
149.097: Application time: 0.0004970 seconds
149.097: [Full GC [PSYoungGen: 25010K->9388K(28672K)] [ParOldGen: 65507K->65507K(65536K)] 90518K->74896K(94208K) [PSPermGen: 5179K->5179K(21504K)], 0.0047890 secs] [Times: user=0.01 sys=0.00, real=0.00 secs] 
149.101: Total time for which application threads were stopped: 0.0049130 seconds, Stopping threads took: 0.0000450 seconds
149.332: Application time: 0.2304690 seconds
149.332: [Full GC [PSYoungGen: 24910K->9460K(28672K)] [ParOldGen: 65507K->65238K(65536K)] 90418K->74698K(94208K) [PSPermGen: 5179K->5179K(21504K)], 0.0048820 secs] [Times: user=0.02 sys=0.00, real=0.01 secs] 
149.337: Total time for which application threads were stopped: 0.0050530 seconds, Stopping threads took: 0.0000700 seconds
149.490: Application time: 0.1526240 seconds
149.490: [Full GC [PSYoungGen: 25040K->9729K(28672K)] [ParOldGen: 65238K->65238K(65536K)] 90279K->74968K(94208K) [PSPermGen: 5179K->5179K(21504K)], 0.0049490 secs] [Times: user=0.02 sys=0.00, real=0.01 secs] 
149.495: Total time for which application threads were stopped: 0.0051310 seconds, Stopping threads took: 0.0000890 seconds
149.684: Application time: 0.1896060 seconds
149.684: [Full GC [PSYoungGen: 24980K->9262K(28672K)] [ParOldGen: 65238K->65238K(65536K)] 90218K->74500K(94208K) [PSPermGen: 5179K->5179K(21504K)], 0.0046140 secs] [Times: user=0.02 sys=0.00, real=0.01 secs] 
149.689: Total time for which application threads were stopped: 0.0047770 seconds, Stopping threads took: 0.0000780 seconds
149.906: Application time: 0.2168010 seconds
149.906: [Full GC [PSYoungGen: 24973K->9855K(28672K)] [ParOldGen: 65238K->65238K(65536K)] 90211K->75094K(94208K) [PSPermGen: 5179K->5179K(21504K)], 0.0048040 secs] [Times: user=0.02 sys=0.00, real=0.00 secs] 
149.911: Total time for which application threads were stopped: 0.0049840 seconds, Stopping threads took: 0.0000840 seconds
150.069: Application time: 0.1576950 seconds
150.069: [Full GC [PSYoungGen: 24967K->9657K(28672K)] [ParOldGen: 65238K->65238K(65536K)] 90205K->74896K(94208K) [PSPermGen: 5179K->5179K(21504K)], 0.0047330 secs] [Times: user=0.01 sys=0.00, real=0.00 secs] 
150.073: Total time for which application threads were stopped: 0.0049090 seconds, Stopping threads took: 0.0000890 seconds
150.254: Application time: 0.1803300 seconds
150.254: [Full GC [PSYoungGen: 25067K->9262K(28672K)] [ParOldGen: 65238K->65238K(65536K)] 90306K->74501K(94208K) [PSPermGen: 5179K->5179K(21504K)], 0.0047670 secs] [Times: user=0.02 sys=0.00, real=0.01 secs] 
150.259: Total time for which application threads were stopped: 0.0049320 seconds, Stopping threads took: 0.0000780 seconds
150.470: Application time: 0.2108300 seconds
150.470: [Full GC [PSYoungGen: 24946K->9856K(28672K)] [ParOldGen: 65238K->65238K(65536K)] 90184K->75094K(94208K) [PSPermGen: 5179K->5179K(21504K)], 0.0048040 secs] [Times: user=0.02 sys=0.00, real=0.01 secs] 
150.475: Total time for which application threads were stopped: 0.0049710 seconds, Stopping threads took: 0.0000760 seconds
150.625: Application time: 0.1499510 seconds
150.625: [Full GC [PSYoungGen: 25028K->9928K(28672K)] [ParOldGen: 65238K->65238K(65536K)] 90266K->75166K(94208K) [PSPermGen: 5179K->5179K(21504K)], 0.0049500 secs] [Times: user=0.02 sys=0.00, real=0.01 secs] 
150.630: Total time for which application threads were stopped: 0.0051190 seconds, Stopping threads took: 0.0000800 seconds
150.822: Application time: 0.1919430 seconds
150.822: Total time for which application threads were stopped: 0.0001080 seconds, Stopping threads took: 0.0000870 seconds
150.822: Application time: 0.0006540 seconds
150.822: [Full GC [PSYoungGen: 24969K->9244K(28672K)] [ParOldGen: 65507K->65507K(65536K)] 90477K->74752K(94208K) [PSPermGen: 5179K->5179K(21504K)], 0.0046590 secs] [Times: user=0.02 sys=0.00, real=0.01 secs] 
150.827: Total time for which application threads were stopped: 0.0047770 seconds, Stopping threads took: 0.0000400 seconds
151.062: Application time: 0.2350500 seconds
151.062: [Full GC [PSYoungGen: 24973K->9532K(28672K)] [ParOldGen: 65507K->65238K(65536K)] 90481K->74771K(94208K) [PSPermGen: 5179K->5179K(21504K)], 0.0048080 secs] [Times: user=0.02 sys=0.00, real=0.01 secs] 
151.067: Total time for which application threads were stopped: 0.0049700 seconds, Stopping threads took: 0.0000690 seconds
151.225: Application time: 0.1576710 seconds
151.225: [Full GC [PSYoungGen: 25039K->9928K(28672K)] [ParOldGen: 65238K->65238K(65536K)] 90277K->75166K(94208K) [PSPermGen: 5179K->5179K(21504K)], 0.0049640 secs] [Times: user=0.02 sys=0.00, real=0.01 secs] 
151.230: Total time for which application threads were stopped: 0.0051370 seconds, Stopping threads took: 0.0000810 seconds
151.406: Application time: 0.1756350 seconds
151.406: [Full GC [PSYoungGen: 25035K->9398K(28672K)] [ParOldGen: 65238K->65238K(65536K)] 90274K->74636K(94208K) [PSPermGen: 5179K->5179K(21504K)], 0.0048140 secs] [Times: user=0.02 sys=0.00, real=0.01 secs] 
151.411: Total time for which application threads were stopped: 0.0049730 seconds, Stopping threads took: 0.0000730 seconds
151.640: Application time: 0.2293230 seconds
151.640: [Full GC [PSYoungGen: 24977K->9928K(28672K)] [ParOldGen: 65238K->65238K(65536K)] 90215K->75167K(94208K) [PSPermGen: 5179K->5179K(21504K)], 0.0047680 secs] [Times: user=0.02 sys=0.00, real=0.00 secs] 
151.645: Total time for which application threads were stopped: 0.0049440 seconds, Stopping threads took: 0.0000800 seconds
151.804: Application time: 0.1590010 seconds
151.804: [Full GC [PSYoungGen: 25040K->9326K(28672K)] [ParOldGen: 65238K->65238K(65536K)] 90278K->74564K(94208K) [PSPermGen: 5179K->5179K(21504K)], 0.0048640 secs] [Times: user=0.02 sys=0.00, real=0.01 secs] 
151.809: Total time for which application threads were stopped: 0.0050220 seconds, Stopping threads took: 0.0000700 seconds
151.990: Application time: 0.1808310 seconds
151.990: [Full GC [PSYoungGen: 24970K->9856K(28672K)] [ParOldGen: 65238K->65238K(65536K)] 90208K->75095K(94208K) [PSPermGen: 5179K->5179K(21504K)], 0.0047300 secs] [Times: user=0.02 sys=0.00, real=0.01 secs] 
151.995: Total time for which application threads were stopped: 0.0048880 seconds, Stopping threads took: 0.0000730 seconds
152.178: Application time: 0.1836290 seconds
152.178: [Full GC [PSYoungGen: 24959K->9856K(28672K)] [ParOldGen: 65238K->65238K(65536K)] 90197K->75095K(94208K) [PSPermGen: 5179K->5179K(21504K)], 0.0068230 secs] [Times: user=0.03 sys=0.00, real=0.00 secs] 
152.185: Total time for which application threads were stopped: 0.0069940 seconds, Stopping threads took: 0.0000760 seconds
152.397: Application time: 0.2113090 seconds
152.397: [Full GC [PSYoungGen: 24977K->8868K(28672K)] [ParOldGen: 65238K->65238K(65536K)] 90215K->74106K(94208K) [PSPermGen: 5179K->5179K(21504K)], 0.0046140 secs] [Times: user=0.02 sys=0.00, real=0.00 secs] 
152.401: Total time for which application threads were stopped: 0.0047830 seconds, Stopping threads took: 0.0000790 seconds
152.577: Application time: 0.1758540 seconds
152.577: Total time for which application threads were stopped: 0.0000910 seconds, Stopping threads took: 0.0000680 seconds
152.577: Application time: 0.0000650 seconds
152.577: [Full GC [PSYoungGen: 25074K->9254K(28672K)] [ParOldGen: 65507K->65507K(65536K)] 90582K->74762K(94208K) [PSPermGen: 5179K->5179K(21504K)], 0.0048280 secs] [Times: user=0.02 sys=0.00, real=0.00 secs] 
152.582: Total time for which application threads were stopped: 0.0049410 seconds, Stopping threads took: 0.0000350 seconds
152.773: Application time: 0.1905310 seconds
152.773: [Full GC [PSYoungGen: 24889K->9461K(28672K)] [ParOldGen: 65507K->65238K(65536K)] 90397K->74700K(94208K) [PSPermGen: 5179K->5179K(21504K)], 0.0047590 secs] [Times: user=0.02 sys=0.00, real=0.01 secs] 
152.778: Total time for which application threads were stopped: 0.0049340 seconds, Stopping threads took: 0.0000800 seconds
152.972: Application time: 0.1944330 seconds
152.972: [Full GC [PSYoungGen: 24970K->9857K(28672K)] [ParOldGen: 65238K->65238K(65536K)] 90209K->75095K(94208K) [PSPermGen: 5179K->5179K(21504K)], 0.0048240 secs] [Times: user=0.02 sys=0.00, real=0.01 secs] 
152.977: Total time for which application threads were stopped: 0.0049840 seconds, Stopping threads took: 0.0000730 seconds
153.142: Application time: 0.1649680 seconds
153.142: [Full GC [PSYoungGen: 24957K->9857K(28672K)] [ParOldGen: 65238K->65238K(65536K)] 90196K->75095K(94208K) [PSPermGen: 5179K->5179K(21504K)], 0.0048520 secs] [Times: user=0.02 sys=0.00, real=0.01 secs] 
153.147: Total time for which application threads were stopped: 0.0050180 seconds, Stopping threads took: 0.0000800 seconds
153.328: Application time: 0.1811630 seconds
153.328: [Full GC [PSYoungGen: 24966K->9461K(28672K)] [ParOldGen: 65238K->65238K(65536K)] 90205K->74700K(94208K) [PSPermGen: 5179K->5179K(21504K)], 0.0046490 secs] [Times: user=0.01 sys=0.00, real=0.00 secs] 
153.333: Total time for which application threads were stopped: 0.0048270 seconds, Stopping threads took: 0.0000710 seconds
153.556: Application time: 0.2228020 seconds
153.556: [Full GC [PSYoungGen: 24983K->9461K(28672K)] [ParOldGen: 65238K->65238K(65536K)] 90222K->74700K(94208K) [PSPermGen: 5179K->5179K(21504K)], 0.0046760 secs] [Times: user=0.01 sys=0.00, real=0.00 secs] 
153.561: Total time for which application threads were stopped: 0.0048370 seconds, Stopping threads took: 0.0000730 seconds
153.721: Application time: 0.1601890 seconds
153.721: [Full GC [PSYoungGen: 25044K->9731K(28672K)] [ParOldGen: 65238K->65238K(65536K)] 90283K->74969K(94208K) [PSPermGen: 5179K->5179K(21504K)], 0.0048190 secs] [Times: user=0.02 sys=0.00, real=0.00 secs] 
153.726: Total time for which application threads were stopped: 0.0049810 seconds, Stopping threads took: 0.0000740 seconds
153.889: Application time: 0.1634260 seconds
153.889: [Full GC [PSYoungGen: 24868K->9857K(28672K)] [ParOldGen: 65238K->65238K(65536K)] 90106K->75096K(94208K) [PSPermGen: 5179K->5179K(21504K)], 0.0048820 secs] [Times: user=0.02 sys=0.00, real=0.01 secs] 
153.894: Total time for which application threads were stopped: 0.0050520 seconds, Stopping threads took: 0.0000730 seconds
154.125: Application time: 0.2303910 seconds
154.125: [Full GC [PSYoungGen: 24935K->9660K(28672K)] [ParOldGen: 65238K->65238K(65536K)] 90174K->74898K(94208K) [PSPermGen: 5179K->5179K(21504K)], 0.0047950 secs] [Times: user=0.02 sys=0.00, real=0.01 secs] 
154.130: Total time for which application threads were stopped: 0.0049490 seconds, Stopping threads took: 0.0000680 seconds
154.295: Application time: 0.1653170 seconds
154.295: [Full GC [PSYoungGen: 24980K->9067K(28672K)] [ParOldGen: 65238K->65238K(65536K)] 90218K->74305K(94208K) [PSPermGen: 5179K->5179K(21504K)], 0.0048530 secs] [Times: user=0.02 sys=0.00, real=0.00 secs] 
154.300: Total time for which application threads were stopped: 0.0050240 seconds, Stopping threads took: 0.0000830 seconds
154.476: Application time: 0.1761190 seconds
154.476: [Full GC [PSYoungGen: 24982K->9462K(28672K)] [ParOldGen: 65238K->65238K(65536K)] 90220K->74700K(94208K) [PSPermGen: 5179K->5179K(21504K)], 0.0050780 secs] [Times: user=0.01 sys=0.00, real=0.00 secs] 
154.481: Total time for which application threads were stopped: 0.0052590 seconds, Stopping threads took: 0.0000810 seconds
154.703: Application time: 0.2219170 seconds
154.704: [Full GC [PSYoungGen: 24973K->9857K(28672K)] [ParOldGen: 65238K->65238K(65536K)] 90211K->75096K(94208K) [PSPermGen: 5179K->5179K(21504K)], 0.0049830 secs] [Times: user=0.02 sys=0.00, real=0.01 secs] 
154.709: Total time for which application threads were stopped: 0.0051710 seconds, Stopping threads took: 0.0001010 seconds
154.885: Application time: 0.1760560 seconds
154.885: Total time for which application threads were stopped: 0.0000950 seconds, Stopping threads took: 0.0000740 seconds
154.885: Application time: 0.0000950 seconds
154.885: [Full GC [PSYoungGen: 25043K->9327K(28672K)] [ParOldGen: 65373K->65373K(65536K)] 90416K->74700K(94208K) [PSPermGen: 5179K->5179K(21504K)], 0.0050870 secs] [Times: user=0.01 sys=0.00, real=0.01 secs] 
154.890: Total time for which application threads were stopped: 0.0052160 seconds, Stopping threads took: 0.0000550 seconds
155.064: Application time: 0.1734730 seconds
155.064: Total time for which application threads were stopped: 0.0001110 seconds, Stopping threads took: 0.0000810 seconds
155.064: Application time: 0.0004630 seconds
155.064: [Full GC [PSYoungGen: 25039K->9318K(28672K)] [ParOldGen: 65508K->65373K(65536K)] 90547K->74692K(94208K) [PSPermGen: 5179K->5179K(21504K)], 0.0046760 secs] [Times: user=0.02 sys=0.00, real=0.01 secs] 
155.069: Total time for which application threads were stopped: 0.0047980 seconds, Stopping threads took: 0.0000420 seconds
155.287: Application time: 0.2177360 seconds
155.287: [Full GC [PSYoungGen: 25041K->9463K(28672K)] [ParOldGen: 65508K->65238K(65536K)] 90549K->74701K(94208K) [PSPermGen: 5179K->5179K(21504K)], 0.0049900 secs] [Times: user=0.02 sys=0.00, real=0.00 secs] 
155.292: Total time for which application threads were stopped: 0.0051620 seconds, Stopping threads took: 0.0000740 seconds
155.471: Application time: 0.1787300 seconds
155.471: Total time for which application threads were stopped: 0.0000890 seconds, Stopping threads took: 0.0000680 seconds
155.471: Application time: 0.0000480 seconds
155.471: [Full GC [PSYoungGen: 24981K->9058K(28672K)] [ParOldGen: 65373K->65373K(65536K)] 90354K->74431K(94208K) [PSPermGen: 5179K->5179K(21504K)], 0.0049240 secs] [Times: user=0.02 sys=0.00, real=0.01 secs] 
155.476: Total time for which application threads were stopped: 0.0050490 seconds, Stopping threads took: 0.0000450 seconds
155.653: Application time: 0.1776650 seconds
155.654: [Full GC [PSYoungGen: 25043K->9660K(28672K)] [ParOldGen: 65508K->65373K(65536K)] 90551K->75033K(94208K) [PSPermGen: 5179K->5179K(21504K)], 0.0048650 secs] [Times: user=0.02 sys=0.00, real=0.01 secs] 
155.658: Total time for which application threads were stopped: 0.0050410 seconds, Stopping threads took: 0.0000820 seconds
155.864: Application time: 0.2060210 seconds
155.865: [Full GC [PSYoungGen: 25047K->9660K(28672K)] [ParOldGen: 65373K->65238K(65536K)] 90421K->74899K(94208K) [PSPermGen: 5179K->5179K(21504K)], 0.0047670 secs] [Times: user=0.01 sys=0.00, real=0.01 secs] 
155.869: Total time for which application threads were stopped: 0.0049320 seconds, Stopping threads took: 0.0000770 seconds
156.063: Application time: 0.1932430 seconds
156.063: Total time for which application threads were stopped: 0.0000900 seconds, Stopping threads took: 0.0000680 seconds
156.063: Application time: 0.0002660 seconds
156.063: [Full GC [PSYoungGen: 25045K->9328K(28672K)] [ParOldGen: 65373K->65373K(65536K)] 90419K->74701K(94208K) [PSPermGen: 5179K->5179K(21504K)], 0.0047830 secs] [Times: user=0.02 sys=0.00, real=0.01 secs] 
156.068: Total time for which application threads were stopped: 0.0049100 seconds, Stopping threads took: 0.0000480 seconds
156.250: Application time: 0.1819230 seconds
156.250: [Full GC [PSYoungGen: 25079K->9526K(28672K)] [ParOldGen: 65508K->65373K(65536K)] 90588K->74899K(94208K) [PSPermGen: 5179K->5179K(21504K)], 0.0049270 secs] [Times: user=0.02 sys=0.00, real=0.01 secs] 
156.255: Total time for which application threads were stopped: 0.0052070 seconds, Stopping threads took: 0.0001810 seconds
156.435: Application time: 0.1799370 seconds
156.435: [Full GC [PSYoungGen: 25051K->9858K(28672K)] [ParOldGen: 65373K->65238K(65536K)] 90424K->75097K(94208K) [PSPermGen: 5179K->5179K(21504K)], 0.0048080 secs] [Times: user=0.01 sys=0.00, real=0.00 secs] 
156.440: Total time for which application threads were stopped: 0.0049710 seconds, Stopping threads took: 0.0000770 seconds
156.642: Application time: 0.2019020 seconds
156.642: [Full GC [PSYoungGen: 25054K->9265K(28672K)] [ParOldGen: 65238K->65238K(65536K)] 90293K->74504K(94208K) [PSPermGen: 5179K->5179K(21504K)], 0.0050610 secs] [Times: user=0.02 sys=0.00, real=0.01 secs] 
156.647: Total time for which application threads were stopped: 0.0052420 seconds, Stopping threads took: 0.0000830 seconds
156.819: Application time: 0.1723290 seconds
156.820: [Full GC [PSYoungGen: 24983K->9463K(28672K)] [ParOldGen: 65238K->65238K(65536K)] 90221K->74702K(94208K) [PSPermGen: 5179K->5179K(21504K)], 0.0047700 secs] [Times: user=0.02 sys=0.00, real=0.00 secs] 
156.824: Total time for which application threads were stopped: 0.0049440 seconds, Stopping threads took: 0.0000780 seconds
156.994: Application time: 0.1699560 seconds
156.994: [Full GC [PSYoungGen: 25046K->9930K(28672K)] [ParOldGen: 65238K->65238K(65536K)] 90284K->75169K(94208K) [PSPermGen: 5179K->5179K(21504K)], 0.0047590 secs] [Times: user=0.01 sys=0.00, real=0.00 secs] 
156.999: Total time for which application threads were stopped: 0.0049180 seconds, Stopping threads took: 0.0000720 seconds
157.227: Application time: 0.2275600 seconds
157.227: [Full GC [PSYoungGen: 24972K->9661K(28672K)] [ParOldGen: 65238K->65238K(65536K)] 90210K->74899K(94208K) [PSPermGen: 5179K->5179K(21504K)], 0.0049630 secs] [Times: user=0.02 sys=0.00, real=0.00 secs] 
157.232: Total time for which application threads were stopped: 0.0051430 seconds, Stopping threads took: 0.0000930 seconds
157.398: Application time: 0.1656530 seconds
157.398: Total time for which application threads were stopped: 0.0001100 seconds, Stopping threads took: 0.0000790 seconds
157.402: Application time: 0.0042740 seconds
157.402: [Full GC [PSYoungGen: 25042K->9328K(28672K)] [ParOldGen: 65373K->65373K(65536K)] 90415K->74701K(94208K) [PSPermGen: 5179K->5179K(21504K)], 0.0048590 secs] [Times: user=0.02 sys=0.00, real=0.01 secs] 
157.407: Total time for which application threads were stopped: 0.0050040 seconds, Stopping threads took: 0.0000620 seconds
157.572: Application time: 0.1653040 seconds
157.572: [Full GC [PSYoungGen: 24855K->9661K(28672K)] [ParOldGen: 65373K->65238K(65536K)] 90229K->74900K(94208K) [PSPermGen: 5179K->5179K(21504K)], 0.0048160 secs] [Times: user=0.02 sys=0.00, real=0.01 secs] 
157.577: Total time for which application threads were stopped: 0.0049960 seconds, Stopping threads took: 0.0000930 seconds
157.797: Application time: 0.2195260 seconds
157.797: Total time for which application threads were stopped: 0.0001160 seconds, Stopping threads took: 0.0000950 seconds
157.798: Application time: 0.0013780 seconds
157.798: [Full GC [PSYoungGen: 24956K->9392K(28672K)] [ParOldGen: 65507K->65507K(65536K)] 90464K->74900K(94208K) [PSPermGen: 5179K->5179K(21504K)], 0.0048380 secs] [Times: user=0.02 sys=0.00, real=0.00 secs] 
157.803: Total time for which application threads were stopped: 0.0049540 seconds, Stopping threads took: 0.0000430 seconds
157.984: Application time: 0.1802350 seconds
157.984: [Full GC [PSYoungGen: 25038K->9994K(28672K)] [ParOldGen: 65507K->65238K(65536K)] 90546K->75232K(94208K) [PSPermGen: 5179K->5179K(21504K)], 0.0048070 secs] [Times: user=0.02 sys=0.00, real=0.01 secs] 
157.989: Total time for which application threads were stopped: 0.0049770 seconds, Stopping threads took: 0.0000740 seconds
158.163: Application time: 0.1746910 seconds
158.163: Total time for which application threads were stopped: 0.0000840 seconds, Stopping threads took: 0.0000640 seconds
158.166: Application time: 0.0023190 seconds
158.166: [Full GC [PSYoungGen: 24975K->8035K(28672K)] [ParOldGen: 65507K->65507K(65536K)] 90483K->73543K(94208K) [PSPermGen: 5179K->5179K(21504K)], 0.0043680 secs] [Times: user=0.01 sys=0.00, real=0.01 secs] 
158.170: Total time for which application threads were stopped: 0.0044630 seconds, Stopping threads took: 0.0000190 seconds
158.382: Application time: 0.2123740 seconds
158.383: [Full GC [PSYoungGen: 25046K->9598K(28672K)] [ParOldGen: 65507K->65238K(65536K)] 90554K->74837K(94208K) [PSPermGen: 5179K->5179K(21504K)], 0.0048470 secs] [Times: user=0.02 sys=0.00, real=0.01 secs] 
158.387: Total time for which application threads were stopped: 0.0050140 seconds, Stopping threads took: 0.0000780 seconds
158.577: Application time: 0.1897420 seconds
158.578: [Full GC [PSYoungGen: 25047K->9931K(28672K)] [ParOldGen: 65238K->65238K(65536K)] 90285K->75169K(94208K) [PSPermGen: 5179K->5179K(21504K)], 0.0049210 secs] [Times: user=0.02 sys=0.00, real=0.00 secs] 
158.583: Total time for which application threads were stopped: 0.0058420 seconds, Stopping threads took: 0.0008240 seconds
158.752: Application time: 0.1694460 seconds
158.753: [Full GC [PSYoungGen: 24981K->10024K(28672K)] [ParOldGen: 65238K->65238K(65536K)] 90219K->75263K(94208K) [PSPermGen: 5179K->5179K(21504K)], 0.0049370 secs] [Times: user=0.02 sys=0.00, real=0.01 secs] 
158.758: Total time for which application threads were stopped: 0.0050930 seconds, Stopping threads took: 0.0000710 seconds
158.960: Application time: 0.2028920 seconds
158.961: [Full GC [PSYoungGen: 24974K->9827K(28672K)] [ParOldGen: 65238K->65238K(65536K)] 90212K->75065K(94208K) [PSPermGen: 5179K->5179K(21504K)], 0.0047970 secs] [Times: user=0.02 sys=0.00, real=0.00 secs] 
158.965: Total time for which application threads were stopped: 0.0049480 seconds, Stopping threads took: 0.0000590 seconds
159.133: Application time: 0.1670840 seconds
159.133: [Full GC [PSYoungGen: 25075K->9566K(28672K)] [ParOldGen: 65238K->65238K(65536K)] 90314K->74805K(94208K) [PSPermGen: 5179K->5179K(21504K)], 0.0046080 secs] [Times: user=0.02 sys=0.00, real=0.01 secs] 
159.137: Total time for which application threads were stopped: 0.0047790 seconds, Stopping threads took: 0.0000770 seconds
159.301: Application time: 0.1640380 seconds
159.301: [Full GC [PSYoungGen: 25075K->9962K(28672K)] [ParOldGen: 65238K->65238K(65536K)] 90314K->75200K(94208K) [PSPermGen: 5179K->5179K(21504K)], 0.0048740 secs] [Times: user=0.02 sys=0.00, real=0.01 secs] 
159.306: Total time for which application threads were stopped: 0.0050680 seconds, Stopping threads took: 0.0001090 seconds
159.522: Application time: 0.2154960 seconds
159.522: [Full GC [PSYoungGen: 24951K->9036K(28672K)] [ParOldGen: 65238K->65238K(65536K)] 90190K->74274K(94208K) [PSPermGen: 5179K->5179K(21504K)], 0.0045600 secs] [Times: user=0.02 sys=0.00, real=0.01 secs] 
159.527: Total time for which application threads were stopped: 0.0047290 seconds, Stopping threads took: 0.0000830 seconds
159.706: Application time: 0.1797640 seconds
159.707: [Full GC [PSYoungGen: 25084K->9566K(28672K)] [ParOldGen: 65238K->65238K(65536K)] 90323K->74805K(94208K) [PSPermGen: 5179K->5179K(21504K)], 0.0049520 secs] [Times: user=0.02 sys=0.00, real=0.00 secs] 
159.712: Total time for which application threads were stopped: 0.0051310 seconds, Stopping threads took: 0.0000790 seconds
159.896: Application time: 0.1841790 seconds
159.896: [Full GC [PSYoungGen: 25024K->9827K(28672K)] [ParOldGen: 65238K->65238K(65536K)] 90262K->75065K(94208K) [PSPermGen: 5179K->5179K(21504K)], 0.0047780 secs] [Times: user=0.02 sys=0.00, real=0.00 secs] 
159.901: Total time for which application threads were stopped: 0.0049500 seconds, Stopping threads took: 0.0000830 seconds
160.077: Application time: 0.1763630 seconds
160.077: Total time for which application threads were stopped: 0.0001050 seconds, Stopping threads took: 0.0000830 seconds
160.077: Application time: 0.0003560 seconds
160.078: [Full GC [PSYoungGen: 25023K->9692K(28672K)] [ParOldGen: 65373K->65373K(65536K)] 90397K->75066K(94208K) [PSPermGen: 5179K->5179K(21504K)], 0.0047400 secs] [Times: user=0.01 sys=0.00, real=0.00 secs] 
160.082: Total time for which application threads were stopped: 0.0048540 seconds, Stopping threads took: 0.0000360 seconds
160.281: Application time: 0.1982660 seconds
160.281: Total time for which application threads were stopped: 0.0000990 seconds, Stopping threads took: 0.0000670 seconds
160.282: Application time: 0.0008890 seconds
160.282: [Full GC [PSYoungGen: 25040K->9288K(28672K)] [ParOldGen: 65508K->65373K(65536K)] 90548K->74661K(94208K) [PSPermGen: 5179K->5179K(21504K)], 0.0046160 secs] [Times: user=0.02 sys=0.00, real=0.01 secs] 
160.286: Total time for which application threads were stopped: 0.0047330 seconds, Stopping threads took: 0.0000370 seconds
160.473: Application time: 0.1865870 seconds
160.473: Total time for which application threads were stopped: 0.0001020 seconds, Stopping threads took: 0.0000790 seconds
160.474: Application time: 0.0008950 seconds
160.474: [Full GC [PSYoungGen: 25080K->9288K(28672K)] [ParOldGen: 65508K->65373K(65536K)] 90588K->74661K(94208K) [PSPermGen: 5179K->5179K(21504K)], 0.0047230 secs] [Times: user=0.02 sys=0.00, real=0.00 secs] 
160.479: Total time for which application threads were stopped: 0.0048460 seconds, Stopping threads took: 0.0000430 seconds
160.642: Application time: 0.1627360 seconds
160.642: [Full GC [PSYoungGen: 25004K->10025K(28672K)] [ParOldGen: 65373K->65238K(65536K)] 90377K->75263K(94208K) [PSPermGen: 5179K->5179K(21504K)], 0.0047690 secs] [Times: user=0.02 sys=0.00, real=0.01 secs] 
160.646: Total time for which application threads were stopped: 0.0049250 seconds, Stopping threads took: 0.0000720 seconds
160.871: Application time: 0.2247780 seconds
160.871: Total time for which application threads were stopped: 0.0000980 seconds, Stopping threads took: 0.0000630 seconds
160.872: Application time: 0.0007260 seconds
160.872: [Full GC [PSYoungGen: 25004K->8884K(28672K)] [ParOldGen: 65373K->65373K(65536K)] 90377K->74257K(94208K) [PSPermGen: 5179K->5179K(21504K)], 0.0046990 secs] [Times: user=0.02 sys=0.00, real=0.01 secs] 
160.877: Total time for which application threads were stopped: 0.0048120 seconds, Stopping threads took: 0.0000340 seconds
161.069: Application time: 0.1920890 seconds
161.069: [Full GC [PSYoungGen: 24898K->9037K(28672K)] [ParOldGen: 65373K->65238K(65536K)] 90272K->74275K(94208K) [PSPermGen: 5179K->5179K(21504K)], 0.0047000 secs] [Times: user=0.02 sys=0.00, real=0.00 secs] 
161.074: Total time for which application threads were stopped: 0.0048770 seconds, Stopping threads took: 0.0000900 seconds
161.237: Application time: 0.1635650 seconds
161.238: [Full GC [PSYoungGen: 24884K->9432K(28672K)] [ParOldGen: 65238K->65238K(65536K)] 90123K->74671K(94208K) [PSPermGen: 5179K->5179K(21504K)], 0.0047080 secs] [Times: user=0.02 sys=0.00, real=0.00 secs] 
161.242: Total time for which application threads were stopped: 0.0048770 seconds, Stopping threads took: 0.0000820 seconds
161.448: Application time: 0.2058830 seconds
161.448: [Full GC [PSYoungGen: 24991K->9828K(28672K)] [ParOldGen: 65238K->65238K(65536K)] 90229K->75066K(94208K) [PSPermGen: 5179K->5179K(21504K)], 0.0048240 secs] [Times: user=0.02 sys=0.00, real=0.00 secs] 
161.453: Total time for which application threads were stopped: 0.0049900 seconds, Stopping threads took: 0.0000640 seconds
161.638: Application time: 0.1845010 seconds
161.638: [Full GC [PSYoungGen: 25004K->10097K(28672K)] [ParOldGen: 65238K->65238K(65536K)] 90243K->75336K(94208K) [PSPermGen: 5179K->5179K(21504K)], 0.0047580 secs] [Times: user=0.02 sys=0.00, real=0.00 secs] 
161.643: Total time for which application threads were stopped: 0.0049160 seconds, Stopping threads took: 0.0000730 seconds
161.820: Application time: 0.1771580 seconds
161.820: [Full GC [PSYoungGen: 25072K->9370K(28672K)] [ParOldGen: 65238K->65238K(65536K)] 90311K->74608K(94208K) [PSPermGen: 5179K->5179K(21504K)], 0.0047190 secs] [Times: user=0.02 sys=0.00, real=0.00 secs] 
161.825: Total time for which application threads were stopped: 0.0048720 seconds, Stopping threads took: 0.0000670 seconds
162.041: Application time: 0.2160080 seconds
162.041: [Full GC [PSYoungGen: 24953K->9630K(28672K)] [ParOldGen: 65238K->65238K(65536K)] 90191K->74869K(94208K) [PSPermGen: 5179K->5179K(21504K)], 0.0048890 secs] [Times: user=0.02 sys=0.00, real=0.00 secs] 
162.046: Total time for which application threads were stopped: 0.0050790 seconds, Stopping threads took: 0.0000920 seconds
162.228: Application time: 0.1820770 seconds
162.228: [Full GC [PSYoungGen: 24940K->9630K(28672K)] [ParOldGen: 65238K->65238K(65536K)] 90178K->74869K(94208K) [PSPermGen: 5179K->5179K(21504K)], 0.0048050 secs] [Times: user=0.02 sys=0.00, real=0.00 secs] 
162.233: Total time for which application threads were stopped: 0.0049760 seconds, Stopping threads took: 0.0000820 seconds
162.416: Application time: 0.1832110 seconds
162.416: Total time for which application threads were stopped: 0.0001040 seconds, Stopping threads took: 0.0000800 seconds
162.417: Application time: 0.0005170 seconds
162.417: [Full GC [PSYoungGen: 25050K->8973K(28672K)] [ParOldGen: 65302K->65302K(65536K)] 90353K->74276K(94208K) [PSPermGen: 5179K->5179K(21504K)], 0.0046490 secs] [Times: user=0.01 sys=0.00, real=0.00 secs] 
162.421: Total time for which application threads were stopped: 0.0047710 seconds, Stopping threads took: 0.0000440 seconds
162.622: Application time: 0.2001650 seconds
162.622: [Full GC [PSYoungGen: 24907K->9433K(28672K)] [ParOldGen: 65302K->65238K(65536K)] 90209K->74671K(94208K) [PSPermGen: 5179K->5179K(21504K)], 0.0048240 secs] [Times: user=0.01 sys=0.00, real=0.01 secs] 
162.627: Total time for which application threads were stopped: 0.0050090 seconds, Stopping threads took: 0.0000880 seconds
162.787: Application time: 0.1604040 seconds
162.787: [Full GC [PSYoungGen: 24830K->9433K(28672K)] [ParOldGen: 65238K->65238K(65536K)] 90068K->74672K(94208K) [PSPermGen: 5179K->5179K(21504K)], 0.0047970 secs] [Times: user=0.01 sys=0.00, real=0.00 secs] 
162.792: Total time for which application threads were stopped: 0.0049590 seconds, Stopping threads took: 0.0000740 seconds
162.957: Application time: 0.1655120 seconds
162.958: [Full GC [PSYoungGen: 25075K->9766K(28672K)] [ParOldGen: 65238K->65238K(65536K)] 90313K->75004K(94208K) [PSPermGen: 5179K->5179K(21504K)], 0.0049100 secs] [Times: user=0.02 sys=0.00, real=0.00 secs] 
162.962: Total time for which application threads were stopped: 0.0050770 seconds, Stopping threads took: 0.0000780 seconds
163.194: Application time: 0.2317750 seconds
163.194: [Full GC [PSYoungGen: 25016K->9703K(28672K)] [ParOldGen: 65238K->65238K(65536K)] 90254K->74941K(94208K) [PSPermGen: 5179K->5179K(21504K)], 0.0047240 secs] [Times: user=0.02 sys=0.00, real=0.00 secs] 
163.199: Total time for which application threads were stopped: 0.0048980 seconds, Stopping threads took: 0.0000780 seconds
163.381: Application time: 0.1818610 seconds
163.381: [Full GC [PSYoungGen: 25075K->9766K(28672K)] [ParOldGen: 65238K->65238K(65536K)] 90313K->75004K(94208K) [PSPermGen: 5179K->5179K(21504K)], 0.0048880 secs] [Times: user=0.02 sys=0.00, real=0.01 secs] 
163.386: Total time for which application threads were stopped: 0.0050760 seconds, Stopping threads took: 0.0001000 seconds
163.550: Application time: 0.1639860 seconds
163.550: [Full GC [PSYoungGen: 25030K->9829K(28672K)] [ParOldGen: 65238K->65238K(65536K)] 90268K->75067K(94208K) [PSPermGen: 5179K->5179K(21504K)], 0.0048130 secs] [Times: user=0.02 sys=0.00, real=0.01 secs] 
163.555: Total time for which application threads were stopped: 0.0049730 seconds, Stopping threads took: 0.0000750 seconds
163.722: Application time: 0.1669830 seconds
163.722: [Full GC [PSYoungGen: 25013K->10296K(28672K)] [ParOldGen: 65238K->65238K(65536K)] 90251K->75535K(94208K) [PSPermGen: 5179K->5179K(21504K)], 0.0050360 secs] [Times: user=0.02 sys=0.01, real=0.01 secs] 
163.727: Total time for which application threads were stopped: 0.0051990 seconds, Stopping threads took: 0.0000650 seconds
163.950: Application time: 0.2229150 seconds
163.950: [Full GC [PSYoungGen: 25028K->9964K(28672K)] [ParOldGen: 65238K->65238K(65536K)] 90266K->75202K(94208K) [PSPermGen: 5179K->5179K(21504K)], 0.0050690 secs] [Times: user=0.02 sys=0.00, real=0.01 secs] 
163.955: Total time for which application threads were stopped: 0.0052350 seconds, Stopping threads took: 0.0000810 seconds
164.133: Application time: 0.1771570 seconds
164.133: [Full GC [PSYoungGen: 25014K->9506K(28672K)] [ParOldGen: 65238K->65238K(65536K)] 90253K->74744K(94208K) [PSPermGen: 5179K->5179K(21504K)], 0.0048750 secs] [Times: user=0.02 sys=0.00, real=0.01 secs] 
164.138: Total time for which application threads were stopped: 0.0050520 seconds, Stopping threads took: 0.0000900 seconds
164.310: Application time: 0.1721450 seconds
164.310: [Full GC [PSYoungGen: 25080K->9964K(28672K)] [ParOldGen: 65238K->65238K(65536K)] 90318K->75202K(94208K) [PSPermGen: 5179K->5179K(21504K)], 0.0048720 secs] [Times: user=0.02 sys=0.00, real=0.01 secs] 
164.315: Total time for which application threads were stopped: 0.0050440 seconds, Stopping threads took: 0.0000750 seconds
164.527: Application time: 0.2119100 seconds
164.527: Total time for which application threads were stopped: 0.0001090 seconds, Stopping threads took: 0.0000850 seconds
164.529: Application time: 0.0016610 seconds
164.529: [Full GC [PSYoungGen: 25012K->9299K(28672K)] [ParOldGen: 65373K->65373K(65536K)] 90386K->74672K(94208K) [PSPermGen: 5179K->5179K(21504K)], 0.0048680 secs] [Times: user=0.02 sys=0.00, real=0.00 secs] 
164.533: Total time for which application threads were stopped: 0.0049910 seconds, Stopping threads took: 0.0000430 seconds
164.727: Application time: 0.1930580 seconds
164.727: Total time for which application threads were stopped: 0.0000930 seconds, Stopping threads took: 0.0000700 seconds
164.727: Application time: 0.0004910 seconds
164.727: [Full GC [PSYoungGen: 25087K->8601K(28672K)] [ParOldGen: 65397K->65262K(65536K)] 90484K->73863K(94208K) [PSPermGen: 5179K->5179K(21504K)], 0.0044740 secs] [Times: user=0.02 sys=0.00, real=0.00 secs] 
164.732: Total time for which application threads were stopped: 0.0045870 seconds, Stopping threads took: 0.0000350 seconds
164.905: Application time: 0.1731240 seconds
164.905: [Full GC [PSYoungGen: 25059K->9410K(28672K)] [ParOldGen: 65532K->65532K(65536K)] 90591K->74942K(94208K) [PSPermGen: 5179K->5179K(21504K)], 0.0047810 secs] [Times: user=0.02 sys=0.00, real=0.01 secs] 
164.910: Total time for which application threads were stopped: 0.0049490 seconds, Stopping threads took: 0.0000750 seconds
165.121: Application time: 0.2110110 seconds
165.121: [Full GC [PSYoungGen: 24977K->9680K(28672K)] [ParOldGen: 65532K->65262K(65536K)] 90509K->74942K(94208K) [PSPermGen: 5179K->5179K(21504K)], 0.0049030 secs] [Times: user=0.02 sys=0.00, real=0.00 secs] 
165.126: Total time for which application threads were stopped: 0.0050850 seconds, Stopping threads took: 0.0000930 seconds
165.290: Application time: 0.1644700 seconds
165.290: [Full GC [PSYoungGen: 24984K->10273K(28672K)] [ParOldGen: 65262K->65262K(65536K)] 90247K->75535K(94208K) [PSPermGen: 5179K->5179K(21504K)], 0.0050340 secs] [Times: user=0.02 sys=0.00, real=0.01 secs] 
165.296: Total time for which application threads were stopped: 0.0051910 seconds, Stopping threads took: 0.0000700 seconds
165.475: Application time: 0.1794740 seconds
165.475: [Full GC [PSYoungGen: 24969K->10273K(28672K)] [ParOldGen: 65262K->65262K(65536K)] 90231K->75535K(94208K) [PSPermGen: 5179K->5179K(21504K)], 0.0049600 secs] [Times: user=0.02 sys=0.00, real=0.00 secs] 
165.480: Total time for which application threads were stopped: 0.0051240 seconds, Stopping threads took: 0.0000710 seconds
165.657: Application time: 0.1766550 seconds
165.657: [Full GC [PSYoungGen: 25041K->9743K(28672K)] [ParOldGen: 65262K->65262K(65536K)] 90303K->75005K(94208K) [PSPermGen: 5179K->5179K(21504K)], 0.0050420 secs] [Times: user=0.01 sys=0.00, real=0.00 secs] 
165.662: Total time for which application threads were stopped: 0.0052360 seconds, Stopping threads took: 0.0001050 seconds
165.844: Application time: 0.1820710 seconds
165.844: [Full GC [PSYoungGen: 25061K->9150K(28672K)] [ParOldGen: 65262K->65262K(65536K)] 90323K->74412K(94208K) [PSPermGen: 5179K->5179K(21504K)], 0.0046520 secs] [Times: user=0.02 sys=0.00, real=0.01 secs] 
165.849: Total time for which application threads were stopped: 0.0048220 seconds, Stopping threads took: 0.0000800 seconds
166.026: Application time: 0.1772700 seconds
166.026: Total time for which application threads were stopped: 0.0001070 seconds, Stopping threads took: 0.0000770 seconds
166.026: Application time: 0.0001290 seconds
166.027: [Full GC [PSYoungGen: 24954K->9362K(28672K)] [ParOldGen: 65532K->65507K(65536K)] 90486K->74870K(94208K) [PSPermGen: 5179K->5179K(21504K)], 0.0047770 secs] [Times: user=0.02 sys=0.00, real=0.00 secs] 
166.031: Total time for which application threads were stopped: 0.0049030 seconds, Stopping threads took: 0.0000510 seconds
166.230: Application time: 0.1986990 seconds
166.230: [Full GC [PSYoungGen: 25027K->9767K(28672K)] [ParOldGen: 65507K->65238K(65536K)] 90535K->75006K(94208K) [PSPermGen: 5179K->5179K(21504K)], 0.0050240 secs] [Times: user=0.02 sys=0.00, real=0.01 secs] 
166.235: Total time for which application threads were stopped: 0.0053310 seconds, Stopping threads took: 0.0002190 seconds
166.451: Application time: 0.2154010 seconds
166.451: Total time for which application threads were stopped: 0.0000930 seconds, Stopping threads took: 0.0000740 seconds
166.452: Application time: 0.0006350 seconds
166.452: [Full GC [PSYoungGen: 25058K->9173K(28672K)] [ParOldGen: 65302K->65302K(65536K)] 90360K->74475K(94208K) [PSPermGen: 5179K->5179K(21504K)], 0.0048170 secs] [Times: user=0.02 sys=0.00, real=0.01 secs] 
166.456: Total time for which application threads were stopped: 0.0049370 seconds, Stopping threads took: 0.0000410 seconds
166.616: Application time: 0.1591560 seconds
166.616: Total time for which application threads were stopped: 0.0001150 seconds, Stopping threads took: 0.0000830 seconds
166.617: Application time: 0.0017310 seconds
166.618: [Full GC [PSYoungGen: 24889K->9228K(28672K)] [ParOldGen: 65302K->65238K(65536K)] 90191K->74466K(94208K) [PSPermGen: 5179K->5179K(21504K)], 0.0046690 secs] [Times: user=0.01 sys=0.00, real=0.00 secs] 
166.622: Total time for which application threads were stopped: 0.0047980 seconds, Stopping threads took: 0.0000460 seconds
166.816: Application time: 0.1937180 seconds
166.816: [Full GC [PSYoungGen: 25080K->9561K(28672K)] [ParOldGen: 65507K->65507K(65536K)] 90588K->75069K(94208K) [PSPermGen: 5179K->5179K(21504K)], 0.0047280 secs] [Times: user=0.02 sys=0.00, real=0.00 secs] 
166.821: Total time for which application threads were stopped: 0.0048900 seconds, Stopping threads took: 0.0000760 seconds
167.027: Application time: 0.2064240 seconds
167.027: [Full GC [PSYoungGen: 24874K->9830K(28672K)] [ParOldGen: 65507K->65238K(65536K)] 90382K->75069K(94208K) [PSPermGen: 5179K->5179K(21504K)], 0.0048180 secs] [Times: user=0.02 sys=0.00, real=0.00 secs] 
167.032: Total time for which application threads were stopped: 0.0049660 seconds, Stopping threads took: 0.0000630 seconds
167.214: Application time: 0.1815990 seconds
167.214: Total time for which application threads were stopped: 0.0001230 seconds, Stopping threads took: 0.0000900 seconds
167.214: Application time: 0.0003340 seconds
167.214: [Full GC [PSYoungGen: 25037K->9038K(28672K)] [ParOldGen: 65437K->65437K(65536K)] 90474K->74475K(94208K) [PSPermGen: 5179K->5179K(21504K)], 0.0046170 secs] [Times: user=0.02 sys=0.00, real=0.00 secs] 
167.219: Total time for which application threads were stopped: 0.0047400 seconds, Stopping threads took: 0.0000450 seconds
167.382: Application time: 0.1631500 seconds
167.382: [Full GC [PSYoungGen: 25035K->10100K(28672K)] [ParOldGen: 65437K->65238K(65536K)] 90472K->75339K(94208K) [PSPermGen: 5179K->5179K(21504K)], 0.0047490 secs] [Times: user=0.02 sys=0.00, real=0.01 secs] 
167.387: Total time for which application threads were stopped: 0.0049000 seconds, Stopping threads took: 0.0000670 seconds
167.596: Application time: 0.2084020 seconds
167.596: [Full GC [PSYoungGen: 25038K->9570K(28672K)] [ParOldGen: 65238K->65238K(65536K)] 90277K->74809K(94208K) [PSPermGen: 5179K->5179K(21504K)], 0.0049630 secs] [Times: user=0.02 sys=0.00, real=0.00 secs] 
167.601: Total time for which application threads were stopped: 0.0051360 seconds, Stopping threads took: 0.0000830 seconds
167.792: Application time: 0.1908260 seconds
167.792: [Full GC [PSYoungGen: 24946K->10028K(28672K)] [ParOldGen: 65238K->65238K(65536K)] 90185K->75267K(94208K) [PSPermGen: 5179K->5179K(21504K)], 0.0048240 secs] [Times: user=0.01 sys=0.00, real=0.01 secs] 
167.797: Total time for which application threads were stopped: 0.0050040 seconds, Stopping threads took: 0.0000860 seconds
167.971: Application time: 0.1743680 seconds
167.971: Total time for which application threads were stopped: 0.0001130 seconds, Stopping threads took: 0.0000930 seconds
167.972: Application time: 0.0010490 seconds
167.972: [Full GC [PSYoungGen: 25085K->8769K(28672K)] [ParOldGen: 65302K->65302K(65536K)] 90387K->74072K(94208K) [PSPermGen: 5179K->5179K(21504K)], 0.0046400 secs] [Times: user=0.01 sys=0.00, real=0.01 secs] 
167.977: Total time for which application threads were stopped: 0.0047640 seconds, Stopping threads took: 0.0000430 seconds
168.194: Application time: 0.2176560 seconds
168.195: Total time for which application threads were stopped: 0.0000990 seconds, Stopping threads took: 0.0000750 seconds
168.196: Application time: 0.0011180 seconds
168.196: [Full GC [PSYoungGen: 25036K->8967K(28672K)] [ParOldGen: 65366K->65302K(65536K)] 90402K->74269K(94208K) [PSPermGen: 5179K->5179K(21504K)], 0.0046980 secs] [Times: user=0.02 sys=0.00, real=0.00 secs] 
168.201: Total time for which application threads were stopped: 0.0048290 seconds, Stopping threads took: 0.0000480 seconds
168.389: Application time: 0.1884170 seconds
168.389: [Full GC [PSYoungGen: 25038K->9633K(28672K)] [ParOldGen: 65437K->65238K(65536K)] 90475K->74872K(94208K) [PSPermGen: 5179K->5179K(21504K)], 0.0047100 secs] [Times: user=0.02 sys=0.00, real=0.00 secs] 
168.394: Total time for which application threads were stopped: 0.0048860 seconds, Stopping threads took: 0.0000800 seconds
168.557: Application time: 0.1632070 seconds
168.557: [Full GC [PSYoungGen: 24997K->9238K(28672K)] [ParOldGen: 65238K->65238K(65536K)] 90236K->74476K(94208K) [PSPermGen: 5179K->5179K(21504K)], 0.0048420 secs] [Times: user=0.02 sys=0.00, real=0.00 secs] 
168.562: Total time for which application threads were stopped: 0.0050030 seconds, Stopping threads took: 0.0000740 seconds
168.770: Application time: 0.2083080 seconds
168.770: [Full GC [PSYoungGen: 25086K->9634K(28672K)] [ParOldGen: 65238K->65238K(65536K)] 90324K->74872K(94208K) [PSPermGen: 5179K->5179K(21504K)], 0.0048330 secs] [Times: user=0.02 sys=0.00, real=0.01 secs] 
168.775: Total time for which application threads were stopped: 0.0049990 seconds, Stopping threads took: 0.0000780 seconds
168.955: Application time: 0.1799610 seconds
168.955: [Full GC [PSYoungGen: 25078K->9571K(28672K)] [ParOldGen: 65238K->65238K(65536K)] 90316K->74809K(94208K) [PSPermGen: 5179K->5179K(21504K)], 0.0046930 secs] [Times: user=0.02 sys=0.00, real=0.00 secs] 
168.960: Total time for which application threads were stopped: 0.0048650 seconds, Stopping threads took: 0.0000750 seconds
169.139: Application time: 0.1792000 seconds
169.140: [Full GC [PSYoungGen: 25087K->9373K(28672K)] [ParOldGen: 65238K->65238K(65536K)] 90325K->74611K(94208K) [PSPermGen: 5179K->5179K(21504K)], 0.0047290 secs] [Times: user=0.02 sys=0.00, real=0.00 secs] 
169.144: Total time for which application threads were stopped: 0.0048980 seconds, Stopping threads took: 0.0000830 seconds
169.343: Application time: 0.1987780 seconds
169.343: Total time for which application threads were stopped: 0.0000890 seconds, Stopping threads took: 0.0000670 seconds
169.344: Application time: 0.0006810 seconds
169.344: [Full GC [PSYoungGen: 24956K->9427K(28672K)] [ParOldGen: 65507K->65507K(65536K)] 90464K->74935K(94208K) [PSPermGen: 5179K->5179K(21504K)], 0.0046930 secs] [Times: user=0.02 sys=0.00, real=0.01 secs] 
169.349: Total time for which application threads were stopped: 0.0048150 seconds, Stopping threads took: 0.0000400 seconds
169.553: Application time: 0.2042510 seconds
169.553: [Full GC [PSYoungGen: 25079K->9436K(28672K)] [ParOldGen: 65507K->65238K(65536K)] 90587K->74674K(94208K) [PSPermGen: 5179K->5179K(21504K)], 0.0046830 secs] [Times: user=0.02 sys=0.00, real=0.01 secs] 
169.558: Total time for which application threads were stopped: 0.0048550 seconds, Stopping threads took: 0.0000790 seconds
169.722: Application time: 0.1642340 seconds
169.722: [Full GC [PSYoungGen: 24916K->9634K(28672K)] [ParOldGen: 65238K->65238K(65536K)] 90155K->74872K(94208K) [PSPermGen: 5179K->5179K(21504K)], 0.0048650 secs] [Times: user=0.02 sys=0.00, real=0.01 secs] 
169.727: Total time for which application threads were stopped: 0.0050250 seconds, Stopping threads took: 0.0000720 seconds
169.914: Application time: 0.1869950 seconds
169.914: [Full GC [PSYoungGen: 25078K->9634K(28672K)] [ParOldGen: 65238K->65238K(65536K)] 90317K->74872K(94208K) [PSPermGen: 5179K->5179K(21504K)], 0.0048200 secs] [Times: user=0.01 sys=0.00, real=0.00 secs] 
169.919: Total time for which application threads were stopped: 0.0049830 seconds, Stopping threads took: 0.0000750 seconds
170.115: Application time: 0.1956820 seconds
170.115: [Full GC [PSYoungGen: 24982K->9904K(28672K)] [ParOldGen: 65238K->65238K(65536K)] 90220K->75142K(94208K) [PSPermGen: 5179K->5179K(21504K)], 0.0049020 secs] [Times: user=0.02 sys=0.00, real=0.00 secs] 
170.120: Total time for which application threads were stopped: 0.0050670 seconds, Stopping threads took: 0.0000710 seconds
170.284: Application time: 0.1642760 seconds
170.284: [Full GC [PSYoungGen: 25078K->9571K(28672K)] [ParOldGen: 65238K->65238K(65536K)] 90317K->74810K(94208K) [PSPermGen: 5179K->5179K(21504K)], 0.0048250 secs] [Times: user=0.02 sys=0.00, real=0.01 secs] 
170.289: Total time for which application threads were stopped: 0.0050130 seconds, Stopping threads took: 0.0000910 seconds
170.480: Application time: 0.1905610 seconds
170.480: [Full GC [PSYoungGen: 25021K->9904K(28672K)] [ParOldGen: 65238K->65238K(65536K)] 90260K->75142K(94208K) [PSPermGen: 5179K->5179K(21504K)], 0.0047680 secs] [Times: user=0.02 sys=0.00, real=0.00 secs] 
170.485: Total time for which application threads were stopped: 0.0049270 seconds, Stopping threads took: 0.0000720 seconds
170.671: Application time: 0.1866510 seconds
170.671: [Full GC [PSYoungGen: 24945K->9634K(28672K)] [ParOldGen: 65238K->65238K(65536K)] 90184K->74873K(94208K) [PSPermGen: 5179K->5179K(21504K)], 0.0046970 secs] [Times: user=0.02 sys=0.00, real=0.01 secs] 
170.676: Total time for which application threads were stopped: 0.0048710 seconds, Stopping threads took: 0.0000780 seconds
170.865: Application time: 0.1890010 seconds
170.865: [Full GC [PSYoungGen: 25032K->9634K(28672K)] [ParOldGen: 65238K->65238K(65536K)] 90270K->74873K(94208K) [PSPermGen: 5179K->5179K(21504K)], 0.0047980 secs] [Times: user=0.01 sys=0.00, real=0.01 secs] 
170.870: Total time for which application threads were stopped: 0.0049650 seconds, Stopping threads took: 0.0000790 seconds
171.043: Application time: 0.1726320 seconds
171.043: Total time for which application threads were stopped: 0.0000890 seconds, Stopping threads took: 0.0000640 seconds
171.044: Application time: 0.0007940 seconds
171.044: [Full GC [PSYoungGen: 25064K->9500K(28672K)] [ParOldGen: 65373K->65373K(65536K)] 90438K->74873K(94208K) [PSPermGen: 5179K->5179K(21504K)], 0.0046630 secs] [Times: user=0.02 sys=0.00, real=0.01 secs] 
171.048: Total time for which application threads were stopped: 0.0047920 seconds, Stopping threads took: 0.0000470 seconds
171.265: Application time: 0.2162960 seconds
171.265: [Full GC [PSYoungGen: 24953K->9033K(28672K)] [ParOldGen: 65373K->65238K(65536K)] 90327K->74271K(94208K) [PSPermGen: 5179K->5179K(21504K)], 0.0045270 secs] [Times: user=0.01 sys=0.00, real=0.01 secs] 
171.269: Total time for which application threads were stopped: 0.0046920 seconds, Stopping threads took: 0.0000720 seconds
171.445: Application time: 0.1753350 seconds
171.445: [Full GC [PSYoungGen: 25081K->9770K(28672K)] [ParOldGen: 65238K->65238K(65536K)] 90319K->75008K(94208K) [PSPermGen: 5179K->5179K(21504K)], 0.0046380 secs] [Times: user=0.02 sys=0.00, real=0.01 secs] 
171.449: Total time for which application threads were stopped: 0.0048000 seconds, Stopping threads took: 0.0000760 seconds
171.626: Application time: 0.1761920 seconds
171.626: Total time for which application threads were stopped: 0.0001070 seconds, Stopping threads took: 0.0000850 seconds
171.628: Application time: 0.0018540 seconds
171.628: [Full GC [PSYoungGen: 25018K->9500K(28672K)] [ParOldGen: 65373K->65373K(65536K)] 90391K->74873K(94208K) [PSPermGen: 5179K->5179K(21504K)], 0.0045800 secs] [Times: user=0.01 sys=0.00, real=0.00 secs] 
171.632: Total time for which application threads were stopped: 0.0047140 seconds, Stopping threads took: 0.0000530 seconds
171.861: Application time: 0.2283250 seconds
171.861: [Full GC [PSYoungGen: 25088K->9097K(28672K)] [ParOldGen: 65515K->65381K(65536K)] 90603K->74478K(94208K) [PSPermGen: 5179K->5179K(21504K)], 0.0046450 secs] [Times: user=0.02 sys=0.00, real=0.00 secs] 
171.866: Total time for which application threads were stopped: 0.0048210 seconds, Stopping threads took: 0.0000790 seconds
172.034: Application time: 0.1683700 seconds
172.034: [Full GC [PSYoungGen: 25082K->9707K(28672K)] [ParOldGen: 65381K->65238K(65536K)] 90463K->74945K(94208K) [PSPermGen: 5179K->5179K(21504K)], 0.0049830 secs] [Times: user=0.02 sys=0.00, real=0.00 secs] 
172.039: Total time for which application threads were stopped: 0.0051600 seconds, Stopping threads took: 0.0000870 seconds
172.218: Application time: 0.1788770 seconds
172.218: [Full GC [PSYoungGen: 24879K->9635K(28672K)] [ParOldGen: 65238K->65238K(65536K)] 90118K->74873K(94208K) [PSPermGen: 5179K->5179K(21504K)], 0.0048050 secs] [Times: user=0.02 sys=0.00, real=0.00 secs] 
172.223: Total time for which application threads were stopped: 0.0049920 seconds, Stopping threads took: 0.0000880 seconds
172.432: Application time: 0.2088160 seconds
172.432: [Full GC [PSYoungGen: 24992K->9635K(28672K)] [ParOldGen: 65238K->65238K(65536K)] 90231K->74874K(94208K) [PSPermGen: 5179K->5179K(21504K)], 0.0051400 secs] [Times: user=0.01 sys=0.00, real=0.01 secs] 
172.437: Total time for which application threads were stopped: 0.0053020 seconds, Stopping threads took: 0.0000660 seconds
172.614: Application time: 0.1770000 seconds
172.614: [Full GC [PSYoungGen: 25031K->9833K(28672K)] [ParOldGen: 65238K->65238K(65536K)] 90270K->75071K(94208K) [PSPermGen: 5179K->5179K(21504K)], 0.0048190 secs] [Times: user=0.02 sys=0.00, real=0.00 secs] 
172.619: Total time for which application threads were stopped: 0.0049690 seconds, Stopping threads took: 0.0000660 seconds
172.784: Application time: 0.1653770 seconds
172.784: [Full GC [PSYoungGen: 25068K->9968K(28672K)] [ParOldGen: 65238K->65238K(65536K)] 90307K->75206K(94208K) [PSPermGen: 5179K->5179K(21504K)], 0.0048730 secs] [Times: user=0.02 sys=0.00, real=0.01 secs] 
172.789: Total time for which application threads were stopped: 0.0050380 seconds, Stopping threads took: 0.0000780 seconds
172.982: Application time: 0.1926000 seconds
172.982: [Full GC [PSYoungGen: 24947K->9635K(28672K)] [ParOldGen: 65238K->65238K(65536K)] 90185K->74874K(94208K) [PSPermGen: 5179K->5179K(21504K)], 0.0046810 secs] [Times: user=0.01 sys=0.00, real=0.01 secs] 
172.987: Total time for which application threads were stopped: 0.0048590 seconds, Stopping threads took: 0.0000800 seconds
173.195: Application time: 0.2082670 seconds
173.195: [Full GC [PSYoungGen: 25081K->9572K(28672K)] [ParOldGen: 65238K->65238K(65536K)] 90320K->74811K(94208K) [PSPermGen: 5179K->5179K(21504K)], 0.0048060 secs] [Times: user=0.02 sys=0.00, real=0.00 secs] 
173.200: Total time for which application threads were stopped: 0.0049720 seconds, Stopping threads took: 0.0000770 seconds
173.365: Application time: 0.1647800 seconds
173.365: [Full GC [PSYoungGen: 25038K->9438K(28672K)] [ParOldGen: 65238K->65238K(65536K)] 90276K->74676K(94208K) [PSPermGen: 5179K->5179K(21504K)], 0.0048660 secs] [Times: user=0.01 sys=0.00, real=0.01 secs] 
173.370: Total time for which application threads were stopped: 0.0050340 seconds, Stopping threads took: 0.0000790 seconds
173.559: Application time: 0.1888350 seconds
173.559: Total time for which application threads were stopped: 0.0001260 seconds, Stopping threads took: 0.0000910 seconds
173.560: Application time: 0.0006400 seconds
173.560: [Full GC [PSYoungGen: 25040K->9303K(28672K)] [ParOldGen: 65373K->65373K(65536K)] 90413K->74676K(94208K) [PSPermGen: 5179K->5179K(21504K)], 0.0048660 secs] [Times: user=0.02 sys=0.00, real=0.00 secs] 
173.565: Total time for which application threads were stopped: 0.0049880 seconds, Stopping threads took: 0.0000430 seconds
173.751: Application time: 0.1867920 seconds
173.751: [Full GC [PSYoungGen: 25045K->9896K(28672K)] [ParOldGen: 65508K->65373K(65536K)] 90553K->75270K(94208K) [PSPermGen: 5179K->5179K(21504K)], 0.0048660 secs] [Times: user=0.02 sys=0.00, real=0.01 secs] 
173.756: Total time for which application threads were stopped: 0.0050110 seconds, Stopping threads took: 0.0000620 seconds
173.955: Application time: 0.1982210 seconds
173.955: [Full GC [PSYoungGen: 25010K->9636K(28672K)] [ParOldGen: 65373K->65238K(65536K)] 90383K->74874K(94208K) [PSPermGen: 5179K->5179K(21504K)], 0.0048920 secs] [Times: user=0.02 sys=0.00, real=0.00 secs] 
173.960: Total time for which application threads were stopped: 0.0050650 seconds, Stopping threads took: 0.0000870 seconds
174.130: Application time: 0.1704210 seconds
174.130: [Full GC [PSYoungGen: 24949K->9834K(28672K)] [ParOldGen: 65238K->65238K(65536K)] 90188K->75072K(94208K) [PSPermGen: 5179K->5179K(21504K)], 0.0048830 secs] [Times: user=0.02 sys=0.00, real=0.01 secs] 
174.135: Total time for which application threads were stopped: 0.0050430 seconds, Stopping threads took: 0.0000630 seconds
174.337: Application time: 0.2023400 seconds
174.338: Total time for which application threads were stopped: 0.0000950 seconds, Stopping threads took: 0.0000740 seconds
174.338: Application time: 0.0003410 seconds
174.338: [Full GC [PSYoungGen: 25082K->9366K(28672K)] [ParOldGen: 65507K->65507K(65536K)] 90590K->74874K(94208K) [PSPermGen: 5179K->5179K(21504K)], 0.0047820 secs] [Times: user=0.01 sys=0.01, real=0.00 secs] 
174.343: Total time for which application threads were stopped: 0.0048970 seconds, Stopping threads took: 0.0000390 seconds
174.545: Application time: 0.2019370 seconds
174.545: [Full GC [PSYoungGen: 24962K->9834K(28672K)] [ParOldGen: 65507K->65238K(65536K)] 90470K->75072K(94208K) [PSPermGen: 5179K->5179K(21504K)], 0.0047620 secs] [Times: user=0.01 sys=0.00, real=0.01 secs] 
174.550: Total time for which application threads were stopped: 0.0049220 seconds, Stopping threads took: 0.0000740 seconds
174.728: Application time: 0.1786420 seconds
174.728: [Full GC [PSYoungGen: 25064K->9708K(28672K)] [ParOldGen: 65238K->65238K(65536K)] 90303K->74946K(94208K) [PSPermGen: 5179K->5179K(21504K)], 0.0046640 secs] [Times: user=0.02 sys=0.00, real=0.00 secs] 
174.733: Total time for which application threads were stopped: 0.0048370 seconds, Stopping threads took: 0.0000770 seconds
174.929: Application time: 0.1961260 seconds
174.929: [Full GC [PSYoungGen: 25086K->9241K(28672K)] [ParOldGen: 65238K->65238K(65536K)] 90325K->74479K(94208K) [PSPermGen: 5179K->5179K(21504K)], 0.0048170 secs] [Times: user=0.01 sys=0.00, real=0.01 secs] 
174.934: Total time for which application threads were stopped: 0.0049950 seconds, Stopping threads took: 0.0000900 seconds
175.099: Application time: 0.1651000 seconds
175.099: [Full GC [PSYoungGen: 24959K->9636K(28672K)] [ParOldGen: 65238K->65238K(65536K)] 90197K->74875K(94208K) [PSPermGen: 5179K->5179K(21504K)], 0.0048110 secs] [Times: user=0.02 sys=0.00, real=0.00 secs] 
175.104: Total time for which application threads were stopped: 0.0049730 seconds, Stopping threads took: 0.0000730 seconds
175.291: Application time: 0.1862760 seconds
175.291: [Full GC [PSYoungGen: 24946K->9636K(28672K)] [ParOldGen: 65238K->65238K(65536K)] 90184K->74875K(94208K) [PSPermGen: 5179K->5179K(21504K)], 0.0049930 secs] [Times: user=0.02 sys=0.00, real=0.01 secs] 
175.296: Total time for which application threads were stopped: 0.0051650 seconds, Stopping threads took: 0.0000730 seconds
175.507: Application time: 0.2113190 seconds
175.507: Total time for which application threads were stopped: 0.0001020 seconds, Stopping threads took: 0.0000810 seconds
175.508: Application time: 0.0012800 seconds
175.509: [Full GC [PSYoungGen: 25026K->9304K(28672K)] [ParOldGen: 65373K->65373K(65536K)] 90399K->74677K(94208K) [PSPermGen: 5179K->5179K(21504K)], 0.0046080 secs] [Times: user=0.02 sys=0.00, real=0.00 secs] 
175.513: Total time for which application threads were stopped: 0.0047260 seconds, Stopping threads took: 0.0000400 seconds
175.691: Application time: 0.1782820 seconds
175.692: [Full GC [PSYoungGen: 24822K->9241K(28672K)] [ParOldGen: 65373K->65238K(65536K)] 90195K->74479K(94208K) [PSPermGen: 5179K->5179K(21504K)], 0.0046150 secs] [Times: user=0.01 sys=0.00, real=0.01 secs] 
175.696: Total time for which application threads were stopped: 0.0047870 seconds, Stopping threads took: 0.0000850 seconds
175.863: Application time: 0.1663100 seconds
175.863: Total time for which application threads were stopped: 0.0001170 seconds, Stopping threads took: 0.0000820 seconds
175.863: Application time: 0.0007190 seconds
175.863: [Full GC [PSYoungGen: 24993K->9097K(28672K)] [ParOldGen: 65373K->65373K(65536K)] 90366K->74470K(94208K) [PSPermGen: 5179K->5179K(21504K)], 0.0046150 secs] [Times: user=0.01 sys=0.00, real=0.01 secs] 
175.868: Total time for which application threads were stopped: 0.0047350 seconds, Stopping threads took: 0.0000390 seconds
176.056: Application time: 0.1875350 seconds
176.056: [Full GC [PSYoungGen: 24949K->9835K(28672K)] [ParOldGen: 65373K->65238K(65536K)] 90323K->75073K(94208K) [PSPermGen: 5179K->5179K(21504K)], 0.0048520 secs] [Times: user=0.02 sys=0.00, real=0.00 secs] 
176.061: Total time for which application threads were stopped: 0.0050210 seconds, Stopping threads took: 0.0000730 seconds
176.269: Application time: 0.2086700 seconds
176.269: Total time for which application threads were stopped: 0.0001040 seconds, Stopping threads took: 0.0000860 seconds
176.270: Application time: 0.0000700 seconds
176.270: [Full GC [PSYoungGen: 24980K->9304K(28672K)] [ParOldGen: 65373K->65373K(65536K)] 90354K->74678K(94208K) [PSPermGen: 5179K->5179K(21504K)], 0.0046220 secs] [Times: user=0.01 sys=0.00, real=0.01 secs] 
176.274: Total time for which application threads were stopped: 0.0047510 seconds, Stopping threads took: 0.0000500 seconds
176.445: Application time: 0.1709390 seconds
176.445: [Full GC [PSYoungGen: 25083K->9700K(28672K)] [ParOldGen: 65508K->65373K(65536K)] 90591K->75073K(94208K) [PSPermGen: 5179K->5179K(21504K)], 0.0048760 secs] [Times: user=0.02 sys=0.00, real=0.01 secs] 
176.450: Total time for which application threads were stopped: 0.0050430 seconds, Stopping threads took: 0.0000700 seconds
176.637: Application time: 0.1867470 seconds
176.637: [Full GC [PSYoungGen: 25020K->9439K(28672K)] [ParOldGen: 65373K->65238K(65536K)] 90393K->74678K(94208K) [PSPermGen: 5179K->5179K(21504K)], 0.0046610 secs] [Times: user=0.02 sys=0.00, real=0.00 secs] 
176.642: Total time for which application threads were stopped: 0.0048290 seconds, Stopping threads took: 0.0000790 seconds
176.842: Application time: 0.2001530 seconds
176.842: [Full GC [PSYoungGen: 25083K->9772K(28672K)] [ParOldGen: 65238K->65238K(65536K)] 90321K->75010K(94208K) [PSPermGen: 5179K->5179K(21504K)], 0.0048480 secs] [Times: user=0.02 sys=0.00, real=0.01 secs] 
176.847: Total time for which application threads were stopped: 0.0050080 seconds, Stopping threads took: 0.0000710 seconds
177.028: Application time: 0.1812140 seconds
177.028: [Full GC [PSYoungGen: 24982K->9907K(28672K)] [ParOldGen: 65238K->65238K(65536K)] 90220K->75145K(94208K) [PSPermGen: 5179K->5179K(21504K)], 0.0048210 secs] [Times: user=0.02 sys=0.00, real=0.00 secs] 
177.033: Total time for which application threads were stopped: 0.0050010 seconds, Stopping threads took: 0.0000830 seconds
177.211: Application time: 0.1772600 seconds
177.211: Total time for which application threads were stopped: 0.0001080 seconds, Stopping threads took: 0.0000850 seconds
177.212: Application time: 0.0010960 seconds
177.212: [Full GC [PSYoungGen: 25016K->9368K(28672K)] [ParOldGen: 65507K->65507K(65536K)] 90524K->74876K(94208K) [PSPermGen: 5179K->5179K(21504K)], 0.0049820 secs] [Times: user=0.01 sys=0.00, real=0.01 secs] 
177.217: Total time for which application threads were stopped: 0.0051040 seconds, Stopping threads took: 0.0000420 seconds
177.411: Application time: 0.1941670 seconds
177.411: Total time for which application threads were stopped: 0.0000990 seconds, Stopping threads took: 0.0000760 seconds
177.411: Application time: 0.0001440 seconds
177.411: [Full GC [PSYoungGen: 24851K->9431K(28672K)] [ParOldGen: 65507K->65238K(65536K)] 90359K->74669K(94208K) [PSPermGen: 5179K->5179K(21504K)], 0.0047290 secs] [Times: user=0.01 sys=0.00, real=0.01 secs] 
177.416: Total time for which application threads were stopped: 0.0048530 seconds, Stopping threads took: 0.0000450 seconds
177.614: Application time: 0.1979280 seconds
177.614: [Full GC [PSYoungGen: 25083K->8766K(28672K)] [ParOldGen: 65516K->65516K(65536K)] 90600K->74283K(94208K) [PSPermGen: 5179K->5179K(21504K)], 0.0046450 secs] [Times: user=0.01 sys=0.00, real=0.00 secs] 
177.619: Total time for which application threads were stopped: 0.0048120 seconds, Stopping threads took: 0.0000700 seconds
177.800: Application time: 0.1809170 seconds
177.800: Total time for which application threads were stopped: 0.0000960 seconds, Stopping threads took: 0.0000760 seconds
177.800: Application time: 0.0001330 seconds
177.800: [Full GC [PSYoungGen: 25087K->9234K(28672K)] [ParOldGen: 65524K->65246K(65536K)] 90612K->74480K(94208K) [PSPermGen: 5179K->5179K(21504K)], 0.0047670 secs] [Times: user=0.01 sys=0.00, real=0.00 secs] 
177.805: Total time for which application threads were stopped: 0.0049160 seconds, Stopping threads took: 0.0000580 seconds
178.013: Application time: 0.2076560 seconds
178.013: [Full GC [PSYoungGen: 25083K->9162K(28672K)] [ParOldGen: 65523K->65515K(65536K)] 90607K->74678K(94208K) [PSPermGen: 5179K->5179K(21504K)], 0.0048330 secs] [Times: user=0.01 sys=0.00, real=0.01 secs] 
178.018: Total time for which application threads were stopped: 0.0049960 seconds, Stopping threads took: 0.0000750 seconds
178.205: Application time: 0.1873320 seconds
178.205: [Full GC [PSYoungGen: 24963K->9638K(28672K)] [ParOldGen: 65515K->65238K(65536K)] 90479K->74876K(94208K) [PSPermGen: 5179K->5179K(21504K)], 0.0047950 secs] [Times: user=0.02 sys=0.00, real=0.01 secs] 
178.210: Total time for which application threads were stopped: 0.0049710 seconds, Stopping threads took: 0.0000790 seconds
178.395: Application time: 0.1847040 seconds
178.395: [Full GC [PSYoungGen: 25002K->9242K(28672K)] [ParOldGen: 65238K->65238K(65536K)] 90240K->74481K(94208K) [PSPermGen: 5179K->5179K(21504K)], 0.0047170 secs] [Times: user=0.02 sys=0.00, real=0.00 secs] 
178.399: Total time for which application threads were stopped: 0.0048770 seconds, Stopping threads took: 0.0000730 seconds
178.588: Application time: 0.1884700 seconds
178.588: [Full GC [PSYoungGen: 24893K->9440K(28672K)] [ParOldGen: 65238K->65238K(65536K)] 90132K->74679K(94208K) [PSPermGen: 5179K->5179K(21504K)], 0.0047440 secs] [Times: user=0.02 sys=0.00, real=0.00 secs] 
178.593: Total time for which application threads were stopped: 0.0049020 seconds, Stopping threads took: 0.0000700 seconds
178.780: Application time: 0.1868190 seconds
178.780: [Full GC [PSYoungGen: 25021K->9710K(28672K)] [ParOldGen: 65238K->65238K(65536K)] 90260K->74948K(94208K) [PSPermGen: 5179K->5179K(21504K)], 0.0048960 secs] [Times: user=0.02 sys=0.00, real=0.00 secs] 
178.785: Total time for which application threads were stopped: 0.0050670 seconds, Stopping threads took: 0.0000760 seconds
178.968: Application time: 0.1837050 seconds
178.969: [Full GC [PSYoungGen: 24949K->9836K(28672K)] [ParOldGen: 65238K->65238K(65536K)] 90188K->75074K(94208K) [PSPermGen: 5179K->5179K(21504K)], 0.0047710 secs] [Times: user=0.02 sys=0.00, real=0.00 secs] 
178.973: Total time for which application threads were stopped: 0.0049330 seconds, Stopping threads took: 0.0000770 seconds
179.158: Application time: 0.1847700 seconds
179.158: [Full GC [PSYoungGen: 24949K->9440K(28672K)] [ParOldGen: 65238K->65238K(65536K)] 90188K->74679K(94208K) [PSPermGen: 5179K->5179K(21504K)], 0.0047510 secs] [Times: user=0.02 sys=0.00, real=0.00 secs] 
179.163: Total time for which application threads were stopped: 0.0049090 seconds, Stopping threads took: 0.0000720 seconds
179.349: Application time: 0.1864340 seconds
179.350: Total time for which application threads were stopped: 0.0001150 seconds, Stopping threads took: 0.0000830 seconds
179.350: Application time: 0.0004650 seconds
179.350: [Full GC [PSYoungGen: 24958K->9036K(28672K)] [ParOldGen: 65507K->65507K(65536K)] 90466K->74544K(94208K) [PSPermGen: 5179K->5179K(21504K)], 0.0046260 secs] [Times: user=0.02 sys=0.00, real=0.01 secs] 
179.355: Total time for which application threads were stopped: 0.0047440 seconds, Stopping threads took: 0.0000400 seconds
179.534: Application time: 0.1791250 seconds
179.534: Total time for which application threads were stopped: 0.0001020 seconds, Stopping threads took: 0.0000780 seconds
179.535: Application time: 0.0012400 seconds
179.535: [Full GC [PSYoungGen: 25058K->8820K(28672K)] [ParOldGen: 65507K->65238K(65536K)] 90566K->74059K(94208K) [PSPermGen: 5179K->5179K(21504K)], 0.0046260 secs] [Times: user=0.01 sys=0.00, real=0.00 secs] 
179.540: Total time for which application threads were stopped: 0.0047340 seconds, Stopping threads took: 0.0000290 seconds
179.753: Application time: 0.2134710 seconds
179.754: Total time for which application threads were stopped: 0.0000980 seconds, Stopping threads took: 0.0000780 seconds
179.754: Application time: 0.0004940 seconds
179.754: [Full GC [PSYoungGen: 25028K->8695K(28672K)] [ParOldGen: 65508K->65508K(65536K)] 90536K->74203K(94208K) [PSPermGen: 5179K->5179K(21504K)], 0.0045980 secs] [Times: user=0.02 sys=0.00, real=0.00 secs] 
179.759: Total time for which application threads were stopped: 0.0047240 seconds, Stopping threads took: 0.0000470 seconds
179.960: Application time: 0.2007540 seconds
179.960: Total time for which application threads were stopped: 0.0001110 seconds, Stopping threads took: 0.0000760 seconds
179.960: Application time: 0.0006500 seconds
179.960: [Full GC [PSYoungGen: 24985K->9037K(28672K)] [ParOldGen: 65508K->65238K(65536K)] 90493K->74275K(94208K) [PSPermGen: 5179K->5179K(21504K)], 0.0048710 secs] [Times: user=0.02 sys=0.00, real=0.00 secs] 
179.965: Total time for which application threads were stopped: 0.0050020 seconds, Stopping threads took: 0.0000500 seconds
180.138: Application time: 0.1728400 seconds
180.138: [Full GC [PSYoungGen: 25087K->9567K(28672K)] [ParOldGen: 65310K->65310K(65536K)] 90397K->74877K(94208K) [PSPermGen: 5179K->5179K(21504K)], 0.0047480 secs] [Times: user=0.02 sys=0.00, real=0.00 secs] 
180.143: Total time for which application threads were stopped: 0.0049100 seconds, Stopping threads took: 0.0000770 seconds
180.339: Application time: 0.1954530 seconds
180.339: Total time for which application threads were stopped: 0.0000970 seconds, Stopping threads took: 0.0000730 seconds
180.340: Application time: 0.0010300 seconds
180.340: [Full GC [PSYoungGen: 24882K->9432K(28672K)] [ParOldGen: 65310K->65238K(65536K)] 90192K->74670K(94208K) [PSPermGen: 5179K->5179K(21504K)], 0.0047570 secs] [Times: user=0.02 sys=0.00, real=0.00 secs] 
180.345: Total time for which application threads were stopped: 0.0048730 seconds, Stopping threads took: 0.0000360 seconds
180.535: Application time: 0.1902810 seconds
180.535: [Full GC [PSYoungGen: 25087K->9171K(28672K)] [ParOldGen: 65507K->65507K(65536K)] 90595K->74679K(94208K) [PSPermGen: 5179K->5179K(21504K)], 0.0047800 secs] [Times: user=0.02 sys=0.00, real=0.00 secs] 
180.540: Total time for which application threads were stopped: 0.0049520 seconds, Stopping threads took: 0.0000760 seconds
180.722: Application time: 0.1822470 seconds
180.722: [Full GC [PSYoungGen: 25068K->9243K(28672K)] [ParOldGen: 65507K->65238K(65536K)] 90576K->74482K(94208K) [PSPermGen: 5179K->5179K(21504K)], 0.0046770 secs] [Times: user=0.01 sys=0.00, real=0.01 secs] 
180.727: Total time for which application threads were stopped: 0.0048460 seconds, Stopping threads took: 0.0000840 seconds
180.915: Application time: 0.1878100 seconds
180.915: [Full GC [PSYoungGen: 25082K->9838K(28672K)] [ParOldGen: 65238K->65238K(65536K)] 90320K->75076K(94208K) [PSPermGen: 5179K->5179K(21504K)], 0.0048630 secs] [Times: user=0.02 sys=0.00, real=0.00 secs] 
180.920: Total time for which application threads were stopped: 0.0050290 seconds, Stopping threads took: 0.0000780 seconds
181.127: Application time: 0.2073810 seconds
181.127: Total time for which application threads were stopped: 0.0001070 seconds, Stopping threads took: 0.0000750 seconds
181.129: Application time: 0.0017480 seconds
181.129: [Full GC [PSYoungGen: 25069K->8973K(28672K)] [ParOldGen: 65302K->65302K(65536K)] 90371K->74275K(94208K) [PSPermGen: 5179K->5179K(21504K)], 0.0046170 secs] [Times: user=0.02 sys=0.00, real=0.00 secs] 
181.134: Total time for which application threads were stopped: 0.0047480 seconds, Stopping threads took: 0.0000520 seconds
181.295: Application time: 0.1613930 seconds
181.298: [Full GC [PSYoungGen: 24888K->9837K(28672K)] [ParOldGen: 65302K->65238K(65536K)] 90191K->75075K(94208K) [PSPermGen: 5179K->5179K(21504K)], 0.0051990 secs] [Times: user=0.02 sys=0.00, real=0.00 secs] 
181.303: Total time for which application threads were stopped: 0.0078270 seconds, Stopping threads took: 0.0025460 seconds
181.487: Application time: 0.1836420 seconds
181.487: [Full GC [PSYoungGen: 25011K->9909K(28672K)] [ParOldGen: 65238K->65238K(65536K)] 90250K->75147K(94208K) [PSPermGen: 5179K->5179K(21504K)], 0.0048470 secs] [Times: user=0.01 sys=0.00, real=0.00 secs] 
181.492: Total time for which application threads were stopped: 0.0050560 seconds, Stopping threads took: 0.0001120 seconds
181.704: Application time: 0.2128240 seconds
181.705: [Full GC [PSYoungGen: 25013K->10106K(28672K)] [ParOldGen: 65238K->65238K(65536K)] 90252K->75345K(94208K) [PSPermGen: 5179K->5179K(21504K)], 0.0049800 secs] [Times: user=0.02 sys=0.00, real=0.01 secs] 
181.710: Total time for which application threads were stopped: 0.0051810 seconds, Stopping threads took: 0.0001030 seconds
181.888: Application time: 0.1788320 seconds
181.889: [Full GC [PSYoungGen: 25033K->9244K(28672K)] [ParOldGen: 65238K->65238K(65536K)] 90271K->74482K(94208K) [PSPermGen: 5179K->5179K(21504K)], 0.0049190 secs] [Times: user=0.01 sys=0.00, real=0.00 secs] 
181.894: Total time for which application threads were stopped: 0.0051040 seconds, Stopping threads took: 0.0000980 seconds
182.063: Application time: 0.1693620 seconds
182.063: [Full GC [PSYoungGen: 24893K->9442K(28672K)] [ParOldGen: 65238K->65238K(65536K)] 90132K->74680K(94208K) [PSPermGen: 5179K->5179K(21504K)], 0.0047770 secs] [Times: user=0.02 sys=0.00, real=0.01 secs] 
182.068: Total time for which application threads were stopped: 0.0049400 seconds, Stopping threads took: 0.0000740 seconds
182.264: Application time: 0.1959280 seconds
182.264: [Full GC [PSYoungGen: 25001K->9837K(28672K)] [ParOldGen: 65238K->65238K(65536K)] 90239K->75076K(94208K) [PSPermGen: 5179K->5179K(21504K)], 0.0048050 secs] [Times: user=0.02 sys=0.00, real=0.01 secs] 
182.269: Total time for which application threads were stopped: 0.0049850 seconds, Stopping threads took: 0.0000830 seconds
182.459: Application time: 0.1897000 seconds
182.459: [Full GC [PSYoungGen: 25077K->10170K(28672K)] [ParOldGen: 65238K->65238K(65536K)] 90315K->75408K(94208K) [PSPermGen: 5179K->5179K(21504K)], 0.0050420 secs] [Times: user=0.02 sys=0.00, real=0.00 secs] 
182.464: Total time for which application threads were stopped: 0.0052080 seconds, Stopping threads took: 0.0000790 seconds
182.645: Application time: 0.1810880 seconds
182.645: [Full GC [PSYoungGen: 25021K->9316K(28672K)] [ParOldGen: 65238K->65238K(65536K)] 90259K->74555K(94208K) [PSPermGen: 5179K->5179K(21504K)], 0.0045840 secs] [Times: user=0.01 sys=0.00, real=0.01 secs] 
182.650: Total time for which application threads were stopped: 0.0047590 seconds, Stopping threads took: 0.0000850 seconds
182.846: Application time: 0.1966020 seconds
182.846: Total time for which application threads were stopped: 0.0001030 seconds, Stopping threads took: 0.0000740 seconds
182.847: Application time: 0.0011360 seconds
182.847: [Full GC [PSYoungGen: 25027K->9496K(28672K)] [ParOldGen: 65508K->65508K(65536K)] 90535K->75004K(94208K) [PSPermGen: 5179K->5179K(21504K)], 0.0046960 secs] [Times: user=0.01 sys=0.00, real=0.00 secs] 
182.852: Total time for which application threads were stopped: 0.0048260 seconds, Stopping threads took: 0.0000500 seconds
183.049: Application time: 0.1965800 seconds
183.049: [Full GC [PSYoungGen: 25035K->9712K(28672K)] [ParOldGen: 65508K->65238K(65536K)] 90543K->74950K(94208K) [PSPermGen: 5179K->5179K(21504K)], 0.0047890 secs] [Times: user=0.01 sys=0.00, real=0.00 secs] 
183.054: Total time for which application threads were stopped: 0.0049740 seconds, Stopping threads took: 0.0000960 seconds
183.224: Application time: 0.1698420 seconds
183.224: [Full GC [PSYoungGen: 25034K->9640K(28672K)] [ParOldGen: 65238K->65238K(65536K)] 90272K->74878K(94208K) [PSPermGen: 5179K->5179K(21504K)], 0.0047030 secs] [Times: user=0.02 sys=0.00, real=0.01 secs] 
183.229: Total time for which application threads were stopped: 0.0048630 seconds, Stopping threads took: 0.0000730 seconds
183.430: Application time: 0.2014140 seconds
183.430: Total time for which application threads were stopped: 0.0001150 seconds, Stopping threads took: 0.0000880 seconds
183.431: Application time: 0.0014380 seconds
183.432: [Full GC [PSYoungGen: 25029K->8975K(28672K)] [ParOldGen: 65507K->65507K(65536K)] 90537K->74483K(94208K) [PSPermGen: 5179K->5179K(21504K)], 0.0047010 secs] [Times: user=0.02 sys=0.00, real=0.01 secs] 
183.436: Total time for which application threads were stopped: 0.0048390 seconds, Stopping threads took: 0.0000550 seconds
183.617: Application time: 0.1811810 seconds
183.618: [Full GC [PSYoungGen: 25061K->9640K(28672K)] [ParOldGen: 65507K->65238K(65536K)] 90569K->74879K(94208K) [PSPermGen: 5179K->5179K(21504K)], 0.0049330 secs] [Times: user=0.02 sys=0.00, real=0.00 secs] 
183.623: Total time for which application threads were stopped: 0.0051140 seconds, Stopping threads took: 0.0000930 seconds
183.798: Application time: 0.1757600 seconds
183.798: [Full GC [PSYoungGen: 24952K->9838K(28672K)] [ParOldGen: 65238K->65238K(65536K)] 90190K->75076K(94208K) [PSPermGen: 5179K->5179K(21504K)], 0.0047100 secs] [Times: user=0.02 sys=0.00, real=0.00 secs] 
183.803: Total time for which application threads were stopped: 0.0048670 seconds, Stopping threads took: 0.0000690 seconds
183.993: Application time: 0.1899780 seconds
183.993: [Full GC [PSYoungGen: 25075K->9973K(28672K)] [ParOldGen: 65238K->65238K(65536K)] 90314K->75211K(94208K) [PSPermGen: 5179K->5179K(21504K)], 0.0047690 secs] [Times: user=0.02 sys=0.00, real=0.01 secs] 
183.998: Total time for which application threads were stopped: 0.0049420 seconds, Stopping threads took: 0.0000780 seconds
184.181: Application time: 0.1828330 seconds
184.181: [Full GC [PSYoungGen: 25075K->10171K(28672K)] [ParOldGen: 65238K->65238K(65536K)] 90314K->75409K(94208K) [PSPermGen: 5179K->5179K(21504K)], 0.0079730 secs] [Times: user=0.04 sys=0.00, real=0.01 secs] 
184.189: Total time for which application threads were stopped: 0.0081200 seconds, Stopping threads took: 0.0000600 seconds
184.366: Application time: 0.1765280 seconds
184.366: [Full GC [PSYoungGen: 24914K->9640K(28672K)] [ParOldGen: 65238K->65238K(65536K)] 90152K->74879K(94208K) [PSPermGen: 5179K->5179K(21504K)], 0.0048290 secs] [Times: user=0.02 sys=0.00, real=0.01 secs] 
184.371: Total time for which application threads were stopped: 0.0049910 seconds, Stopping threads took: 0.0000750 seconds
184.541: Application time: 0.1708360 seconds
184.542: [Full GC [PSYoungGen: 25069K->9713K(28672K)] [ParOldGen: 65238K->65238K(65536K)] 90307K->74951K(94208K) [PSPermGen: 5179K->5179K(21504K)], 0.0050330 secs] [Times: user=0.02 sys=0.00, real=0.01 secs] 
184.547: Total time for which application threads were stopped: 0.0052140 seconds, Stopping threads took: 0.0000840 seconds
184.750: Application time: 0.2037110 seconds
184.751: [Full GC [PSYoungGen: 25071K->9910K(28672K)] [ParOldGen: 65238K->65238K(65536K)] 90310K->75149K(94208K) [PSPermGen: 5179K->5179K(21504K)], 0.0047800 secs] [Times: user=0.02 sys=0.00, real=0.01 secs] 
184.755: Total time for which application threads were stopped: 0.0049420 seconds, Stopping threads took: 0.0000760 seconds
184.941: Application time: 0.1851480 seconds
184.941: [Full GC [PSYoungGen: 24950K->9641K(28672K)] [ParOldGen: 65238K->65238K(65536K)] 90189K->74879K(94208K) [PSPermGen: 5179K->5179K(21504K)], 0.0047470 secs] [Times: user=0.01 sys=0.00, real=0.00 secs] 
184.945: Total time for which application threads were stopped: 0.0049100 seconds, Stopping threads took: 0.0000740 seconds
185.133: Application time: 0.1872210 seconds
185.133: [Full GC [PSYoungGen: 25022K->9515K(28672K)] [ParOldGen: 65238K->65238K(65536K)] 90260K->74754K(94208K) [PSPermGen: 5179K->5179K(21504K)], 0.0046310 secs] [Times: user=0.02 sys=0.00, real=0.01 secs] 
185.137: Total time for which application threads were stopped: 0.0048000 seconds, Stopping threads took: 0.0000740 seconds
185.340: Application time: 0.2022490 seconds
185.340: Total time for which application threads were stopped: 0.0001070 seconds, Stopping threads took: 0.0000830 seconds
185.340: Application time: 0.0005050 seconds
185.340: [Full GC [PSYoungGen: 25037K->9111K(28672K)] [ParOldGen: 65373K->65373K(65536K)] 90410K->74484K(94208K) [PSPermGen: 5179K->5179K(21504K)], 0.0047860 secs] [Times: user=0.02 sys=0.00, real=0.00 secs] 
185.345: Total time for which application threads were stopped: 0.0049320 seconds, Stopping threads took: 0.0000560 seconds
185.521: Application time: 0.1755580 seconds
185.521: [Full GC [PSYoungGen: 24906K->10036K(28672K)] [ParOldGen: 65373K->65238K(65536K)] 90279K->75275K(94208K) [PSPermGen: 5179K->5179K(21504K)], 0.0048460 secs] [Times: user=0.02 sys=0.00, real=0.00 secs] 
185.526: Total time for which application threads were stopped: 0.0050070 seconds, Stopping threads took: 0.0000740 seconds
185.715: Application time: 0.1889950 seconds
185.715: [Full GC [PSYoungGen: 24995K->9246K(28672K)] [ParOldGen: 65238K->65238K(65536K)] 90234K->74484K(94208K) [PSPermGen: 5179K->5179K(21504K)], 0.0048080 secs] [Times: user=0.02 sys=0.00, real=0.00 secs] 
185.720: Total time for which application threads were stopped: 0.0049950 seconds, Stopping threads took: 0.0000870 seconds
185.912: Application time: 0.1926960 seconds
185.913: [Full GC [PSYoungGen: 24994K->9713K(28672K)] [ParOldGen: 65238K->65238K(65536K)] 90233K->74952K(94208K) [PSPermGen: 5179K->5179K(21504K)], 0.0047930 secs] [Times: user=0.02 sys=0.00, real=0.01 secs] 
185.917: Total time for which application threads were stopped: 0.0049620 seconds, Stopping threads took: 0.0000790 seconds
186.091: Application time: 0.1730440 seconds
186.091: [Full GC [PSYoungGen: 25060K->9381K(28672K)] [ParOldGen: 65238K->65238K(65536K)] 90299K->74619K(94208K) [PSPermGen: 5179K->5179K(21504K)], 0.0047390 secs] [Times: user=0.01 sys=0.01, real=0.01 secs] 
186.095: Total time for which application threads were stopped: 0.0048970 seconds, Stopping threads took: 0.0000720 seconds
186.283: Application time: 0.1871670 seconds
186.283: Total time for which application threads were stopped: 0.0001050 seconds, Stopping threads took: 0.0000750 seconds
186.283: Application time: 0.0000640 seconds
186.283: [Full GC [PSYoungGen: 25033K->9309K(28672K)] [ParOldGen: 65373K->65373K(65536K)] 90407K->74682K(94208K) [PSPermGen: 5179K->5179K(21504K)], 0.0046690 secs] [Times: user=0.01 sys=0.00, real=0.01 secs] 
186.288: Total time for which application threads were stopped: 0.0048040 seconds, Stopping threads took: 0.0000550 seconds
186.495: Application time: 0.2076370 seconds
186.495: Total time for which application threads were stopped: 0.0000980 seconds, Stopping threads took: 0.0000770 seconds
186.496: Application time: 0.0007900 seconds
186.496: [Full GC [PSYoungGen: 25031K->9237K(28672K)] [ParOldGen: 65508K->65373K(65536K)] 90539K->74610K(94208K) [PSPermGen: 5179K->5179K(21504K)], 0.0046580 secs] [Times: user=0.02 sys=0.00, real=0.00 secs] 
186.501: Total time for which application threads were stopped: 0.0047680 seconds, Stopping threads took: 0.0000280 seconds
186.687: Application time: 0.1859870 seconds
186.687: [Full GC [PSYoungGen: 25048K->9380K(28672K)] [ParOldGen: 65437K->65302K(65536K)] 90485K->74682K(94208K) [PSPermGen: 5179K->5179K(21504K)], 0.0047700 secs] [Times: user=0.01 sys=0.00, real=0.00 secs] 
186.692: Total time for which application threads were stopped: 0.0049300 seconds, Stopping threads took: 0.0000740 seconds
186.865: Application time: 0.1727360 seconds
186.865: [Full GC [PSYoungGen: 24975K->9839K(28672K)] [ParOldGen: 65302K->65238K(65536K)] 90278K->75078K(94208K) [PSPermGen: 5179K->5179K(21504K)], 0.0048020 secs] [Times: user=0.01 sys=0.00, real=0.01 secs] 
186.870: Total time for which application threads were stopped: 0.0050050 seconds, Stopping threads took: 0.0001020 seconds
187.053: Application time: 0.1831180 seconds
187.053: [Full GC [PSYoungGen: 25085K->9840K(28672K)] [ParOldGen: 65238K->65238K(65536K)] 90323K->75078K(94208K) [PSPermGen: 5179K->5179K(21504K)], 0.0048320 secs] [Times: user=0.02 sys=0.00, real=0.01 secs] 
187.058: Total time for which application threads were stopped: 0.0050070 seconds, Stopping threads took: 0.0000870 seconds
187.249: Application time: 0.1911800 seconds
187.249: [Full GC [PSYoungGen: 25048K->9175K(28672K)] [ParOldGen: 65238K->65238K(65536K)] 90287K->74413K(94208K) [PSPermGen: 5179K->5179K(21504K)], 0.0048080 secs] [Times: user=0.02 sys=0.00, real=0.00 secs] 
187.254: Total time for which application threads were stopped: 0.0049730 seconds, Stopping threads took: 0.0000700 seconds
187.447: Application time: 0.1933810 seconds
187.449: [Full GC [PSYoungGen: 25036K->9310K(28672K)] [ParOldGen: 65238K->65238K(65536K)] 90275K->74548K(94208K) [PSPermGen: 5179K->5179K(21504K)], 0.0049510 secs] [Times: user=0.02 sys=0.00, real=0.01 secs] 
187.454: Total time for which application threads were stopped: 0.0071030 seconds, Stopping threads took: 0.0020490 seconds
187.630: Application time: 0.1758690 seconds
187.630: [Full GC [PSYoungGen: 24953K->9642K(28672K)] [ParOldGen: 65238K->65238K(65536K)] 90192K->74880K(94208K) [PSPermGen: 5179K->5179K(21504K)], 0.0049570 secs] [Times: user=0.02 sys=0.00, real=0.01 secs] 
187.635: Total time for which application threads were stopped: 0.0051200 seconds, Stopping threads took: 0.0000760 seconds
187.854: Application time: 0.2191350 seconds
187.855: [Full GC [PSYoungGen: 24955K->9642K(28672K)] [ParOldGen: 65238K->65238K(65536K)] 90194K->74880K(94208K) [PSPermGen: 5179K->5179K(21504K)], 0.0047470 secs] [Times: user=0.02 sys=0.00, real=0.00 secs] 
187.859: Total time for which application threads were stopped: 0.0049120 seconds, Stopping threads took: 0.0000750 seconds
188.048: Application time: 0.1891330 seconds
188.049: [Full GC [PSYoungGen: 24925K->9444K(28672K)] [ParOldGen: 65238K->65238K(65536K)] 90163K->74683K(94208K) [PSPermGen: 5179K->5179K(21504K)], 0.0047570 secs] [Times: user=0.02 sys=0.00, real=0.00 secs] 
188.053: Total time for which application threads were stopped: 0.0049440 seconds, Stopping threads took: 0.0000920 seconds
188.220: Application time: 0.1663870 seconds
188.220: Total time for which application threads were stopped: 0.0000930 seconds, Stopping threads took: 0.0000720 seconds
188.220: Application time: 0.0003370 seconds
188.220: [Full GC [PSYoungGen: 25022K->9570K(28672K)] [ParOldGen: 65507K->65507K(65536K)] 90530K->75078K(94208K) [PSPermGen: 5179K->5179K(21504K)], 0.0046570 secs] [Times: user=0.02 sys=0.00, real=0.00 secs] 
188.225: Total time for which application threads were stopped: 0.0047760 seconds, Stopping threads took: 0.0000420 seconds
188.432: Application time: 0.2067680 seconds
188.432: [Full GC [PSYoungGen: 25051K->9643K(28672K)] [ParOldGen: 65507K->65238K(65536K)] 90559K->74881K(94208K) [PSPermGen: 5179K->5179K(21504K)], 0.0049120 secs] [Times: user=0.02 sys=0.00, real=0.01 secs] 
188.437: Total time for which application threads were stopped: 0.0050820 seconds, Stopping threads took: 0.0000820 seconds
188.622: Application time: 0.1848730 seconds
188.622: Total time for which application threads were stopped: 0.0001350 seconds, Stopping threads took: 0.0000970 seconds
188.622: Application time: 0.0004310 seconds
188.622: [Full GC [PSYoungGen: 25026K->9508K(28672K)] [ParOldGen: 65373K->65373K(65536K)] 90399K->74881K(94208K) [PSPermGen: 5179K->5179K(21504K)], 0.0048720 secs] [Times: user=0.01 sys=0.00, real=0.01 secs] 
188.627: Total time for which application threads were stopped: 0.0050070 seconds, Stopping threads took: 0.0000540 seconds
188.816: Application time: 0.1883090 seconds
188.816: [Full GC [PSYoungGen: 25026K->9247K(28672K)] [ParOldGen: 65508K->65373K(65536K)] 90534K->74620K(94208K) [PSPermGen: 5179K->5179K(21504K)], 0.0045860 secs] [Times: user=0.01 sys=0.00, real=0.00 secs] 
188.820: Total time for which application threads were stopped: 0.0047490 seconds, Stopping threads took: 0.0000770 seconds
189.020: Application time: 0.1994650 seconds
189.020: [Full GC [PSYoungGen: 25030K->9840K(28672K)] [ParOldGen: 65373K->65238K(65536K)] 90403K->75079K(94208K) [PSPermGen: 5179K->5179K(21504K)], 0.0048240 secs] [Times: user=0.02 sys=0.00, real=0.00 secs] 
189.025: Total time for which application threads were stopped: 0.0049820 seconds, Stopping threads took: 0.0000720 seconds
189.202: Application time: 0.1772330 seconds
189.202: [Full GC [PSYoungGen: 25035K->9643K(28672K)] [ParOldGen: 65238K->65238K(65536K)] 90274K->74881K(94208K) [PSPermGen: 5179K->5179K(21504K)], 0.0050180 secs] [Times: user=0.02 sys=0.00, real=0.01 secs] 
189.207: Total time for which application threads were stopped: 0.0052220 seconds, Stopping threads took: 0.0000970 seconds
189.399: Application time: 0.1915390 seconds
189.399: [Full GC [PSYoungGen: 25056K->9185K(28672K)] [ParOldGen: 65238K->65238K(65536K)] 90294K->74423K(94208K) [PSPermGen: 5179K->5179K(21504K)], 0.0049150 secs] [Times: user=0.01 sys=0.00, real=0.00 secs] 
189.404: Total time for which application threads were stopped: 0.0050750 seconds, Stopping threads took: 0.0000710 seconds
189.587: Application time: 0.1828520 seconds
189.587: Total time for which application threads were stopped: 0.0000920 seconds, Stopping threads took: 0.0000720 seconds
189.587: Application time: 0.0003640 seconds
189.587: [Full GC [PSYoungGen: 25085K->9105K(28672K)] [ParOldGen: 65381K->65381K(65536K)] 90466K->74486K(94208K) [PSPermGen: 5179K->5179K(21504K)], 0.0047780 secs] [Times: user=0.02 sys=0.00, real=0.00 secs] 
189.592: Total time for which application threads were stopped: 0.0049000 seconds, Stopping threads took: 0.0000420 seconds
189.774: Application time: 0.1816080 seconds
189.774: [Full GC [PSYoungGen: 25065K->9113K(28672K)] [ParOldGen: 65515K->65373K(65536K)] 90581K->74486K(94208K) [PSPermGen: 5179K->5179K(21504K)], 0.0047260 secs] [Times: user=0.02 sys=0.00, real=0.01 secs] 
189.779: Total time for which application threads were stopped: 0.0048970 seconds, Stopping threads took: 0.0000730 seconds
189.980: Application time: 0.2017500 seconds
189.980: [Full GC [PSYoungGen: 25026K->9643K(28672K)] [ParOldGen: 65373K->65238K(65536K)] 90400K->74882K(94208K) [PSPermGen: 5179K->5179K(21504K)], 0.0047570 secs] [Times: user=0.02 sys=0.00, real=0.00 secs] 
189.985: Total time for which application threads were stopped: 0.0049150 seconds, Stopping threads took: 0.0000700 seconds
190.181: Application time: 0.1955820 seconds
190.181: Total time for which application threads were stopped: 0.0001010 seconds, Stopping threads took: 0.0000810 seconds
190.183: Application time: 0.0015600 seconds
190.184: [Full GC [PSYoungGen: 25026K->9508K(28672K)] [ParOldGen: 65373K->65373K(65536K)] 90399K->74881K(94208K) [PSPermGen: 5179K->5179K(21504K)], 0.0049430 secs] [Times: user=0.02 sys=0.00, real=0.01 secs] 
190.189: Total time for which application threads were stopped: 0.0061990 seconds, Stopping threads took: 0.0011750 seconds
190.373: Application time: 0.1838110 seconds
190.373: [Full GC [PSYoungGen: 25040K->9777K(28672K)] [ParOldGen: 65437K->65302K(65536K)] 90477K->75079K(94208K) [PSPermGen: 5179K->5179K(21504K)], 0.0048570 secs] [Times: user=0.02 sys=0.00, real=0.01 secs] 
190.378: Total time for which application threads were stopped: 0.0050440 seconds, Stopping threads took: 0.0000910 seconds
190.557: Application time: 0.1793380 seconds
190.557: Total time for which application threads were stopped: 0.0000900 seconds, Stopping threads took: 0.0000730 seconds
190.557: Application time: 0.0000480 seconds
190.557: [Full GC [PSYoungGen: 24977K->9437K(28672K)] [ParOldGen: 65302K->65238K(65536K)] 90279K->74675K(94208K) [PSPermGen: 5179K->5179K(21504K)], 0.0046870 secs] [Times: user=0.02 sys=0.00, real=0.00 secs] 
190.562: Total time for which application threads were stopped: 0.0048000 seconds, Stopping threads took: 0.0000360 seconds
190.562: Application time: 0.0000460 seconds
190.562: [Full GC [PSYoungGen: 9706K->9706K(28672K)] [ParOldGen: 65238K->65238K(65536K)] 74945K->74945K(94208K) [PSPermGen: 5179K->5179K(21504K)], 0.0041370 secs] [Times: user=0.01 sys=0.00, real=0.01 secs] 
190.566: Total time for which application threads were stopped: 0.0043020 seconds, Stopping threads took: 0.0000930 seconds
190.750: Application time: 0.1841520 seconds
190.751: [Full GC [PSYoungGen: 25087K->9446K(28672K)] [ParOldGen: 65238K->65238K(65536K)] 90325K->74684K(94208K) [PSPermGen: 5179K->5179K(21504K)], 0.0049490 secs] [Times: user=0.02 sys=0.00, real=0.01 secs] 
190.756: Total time for which application threads were stopped: 0.0051140 seconds, Stopping threads took: 0.0000770 seconds
190.949: Application time: 0.1930100 seconds
190.949: [Full GC [PSYoungGen: 24929K->9644K(28672K)] [ParOldGen: 65238K->65238K(65536K)] 90167K->74882K(94208K) [PSPermGen: 5179K->5179K(21504K)], 0.0047620 secs] [Times: user=0.02 sys=0.00, real=0.00 secs] 
190.953: Total time for which application threads were stopped: 0.0049290 seconds, Stopping threads took: 0.0000700 seconds
191.138: Application time: 0.1845080 seconds
191.138: [Full GC [PSYoungGen: 24953K->9446K(28672K)] [ParOldGen: 65238K->65238K(65536K)] 90191K->74684K(94208K) [PSPermGen: 5179K->5179K(21504K)], 0.0049460 secs] [Times: user=0.02 sys=0.00, real=0.00 secs] 
191.143: Total time for which application threads were stopped: 0.0051300 seconds, Stopping threads took: 0.0000950 seconds
191.321: Application time: 0.1779090 seconds
191.321: [Full GC [PSYoungGen: 25029K->9913K(28672K)] [ParOldGen: 65238K->65238K(65536K)] 90267K->75152K(94208K) [PSPermGen: 5179K->5179K(21504K)], 0.0049780 secs] [Times: user=0.02 sys=0.00, real=0.01 secs] 
191.326: Total time for which application threads were stopped: 0.0051510 seconds, Stopping threads took: 0.0000870 seconds
191.543: Application time: 0.2165210 seconds
191.543: [Full GC [PSYoungGen: 24962K->8853K(28672K)] [ParOldGen: 65238K->65238K(65536K)] 90200K->74091K(94208K) [PSPermGen: 5179K->5179K(21504K)], 0.0045710 secs] [Times: user=0.02 sys=0.00, real=0.01 secs] 
191.547: Total time for which application threads were stopped: 0.0047500 seconds, Stopping threads took: 0.0000800 seconds
191.723: Application time: 0.1757000 seconds
191.723: [Full GC [PSYoungGen: 25001K->10111K(28672K)] [ParOldGen: 65238K->65238K(65536K)] 90240K->75350K(94208K) [PSPermGen: 5179K->5179K(21504K)], 0.0048990 secs] [Times: user=0.02 sys=0.00, real=0.01 secs] 
191.728: Total time for which application threads were stopped: 0.0050910 seconds, Stopping threads took: 0.0001030 seconds
191.909: Application time: 0.1804160 seconds
191.909: Total time for which application threads were stopped: 0.0000970 seconds, Stopping threads took: 0.0000720 seconds
191.910: Application time: 0.0008670 seconds
191.910: [Full GC [PSYoungGen: 25087K->9231K(28672K)] [ParOldGen: 65507K->65507K(65536K)] 90595K->74739K(94208K) [PSPermGen: 5179K->5179K(21504K)], 0.0048780 secs] [Times: user=0.02 sys=0.00, real=0.01 secs] 
191.915: Total time for which application threads were stopped: 0.0049970 seconds, Stopping threads took: 0.0000370 seconds
192.121: Application time: 0.2062750 seconds
192.121: [Full GC [PSYoungGen: 25053K->9644K(28672K)] [ParOldGen: 65507K->65238K(65536K)] 90561K->74883K(94208K) [PSPermGen: 5179K->5179K(21504K)], 0.0048440 secs] [Times: user=0.02 sys=0.00, real=0.00 secs] 
192.126: Total time for which application threads were stopped: 0.0050150 seconds, Stopping threads took: 0.0000740 seconds
192.302: Application time: 0.1758100 seconds
192.302: [Full GC [PSYoungGen: 25027K->9518K(28672K)] [ParOldGen: 65238K->65238K(65536K)] 90266K->74757K(94208K) [PSPermGen: 5179K->5179K(21504K)], 0.0047010 secs] [Times: user=0.02 sys=0.00, real=0.01 secs] 
192.307: Total time for which application threads were stopped: 0.0048620 seconds, Stopping threads took: 0.0000740 seconds
192.502: Application time: 0.1950800 seconds
192.502: [Full GC [PSYoungGen: 24965K->9249K(28672K)] [ParOldGen: 65238K->65238K(65536K)] 90203K->74487K(94208K) [PSPermGen: 5179K->5179K(21504K)], 0.0046880 secs] [Times: user=0.02 sys=0.00, real=0.01 secs] 
192.507: Total time for which application threads were stopped: 0.0048560 seconds, Stopping threads took: 0.0000830 seconds
192.699: Application time: 0.1929090 seconds
192.700: [Full GC [PSYoungGen: 25030K->10112K(28672K)] [ParOldGen: 65238K->65238K(65536K)] 90268K->75350K(94208K) [PSPermGen: 5179K->5179K(21504K)], 0.0048400 secs] [Times: user=0.02 sys=0.00, real=0.00 secs] 
192.704: Total time for which application threads were stopped: 0.0050190 seconds, Stopping threads took: 0.0000850 seconds
192.866: Application time: 0.1619940 seconds
192.867: [Full GC [PSYoungGen: 24831K->9644K(28672K)] [ParOldGen: 65238K->65238K(65536K)] 90070K->74883K(94208K) [PSPermGen: 5179K->5179K(21504K)], 0.0048220 secs] [Times: user=0.01 sys=0.00, real=0.00 secs] 
192.871: Total time for which application threads were stopped: 0.0050360 seconds, Stopping threads took: 0.0001180 seconds
193.063: Application time: 0.1912530 seconds
193.063: [Full GC [PSYoungGen: 25051K->9779K(28672K)] [ParOldGen: 65238K->65238K(65536K)] 90289K->75018K(94208K) [PSPermGen: 5179K->5179K(21504K)], 0.0047360 secs] [Times: user=0.02 sys=0.00, real=0.01 secs] 
193.068: Total time for which application threads were stopped: 0.0049040 seconds, Stopping threads took: 0.0000800 seconds
193.248: Application time: 0.1807100 seconds
193.248: [Full GC [PSYoungGen: 25076K->9914K(28672K)] [ParOldGen: 65238K->65238K(65536K)] 90315K->75153K(94208K) [PSPermGen: 5179K->5179K(21504K)], 0.0048540 secs] [Times: user=0.02 sys=0.00, real=0.00 secs] 
193.253: Total time for which application threads were stopped: 0.0050290 seconds, Stopping threads took: 0.0000780 seconds
193.432: Application time: 0.1786460 seconds
193.432: [Full GC [PSYoungGen: 25049K->9780K(28672K)] [ParOldGen: 65238K->65238K(65536K)] 90288K->75018K(94208K) [PSPermGen: 5179K->5179K(21504K)], 0.0050050 secs] [Times: user=0.02 sys=0.00, real=0.01 secs] 
193.437: Total time for which application threads were stopped: 0.0051710 seconds, Stopping threads took: 0.0000780 seconds
193.619: Application time: 0.1817540 seconds
193.619: Total time for which application threads were stopped: 0.0001090 seconds, Stopping threads took: 0.0000860 seconds
193.619: Application time: 0.0003490 seconds
193.619: [Full GC [PSYoungGen: 25030K->9510K(28672K)] [ParOldGen: 65373K->65373K(65536K)] 90403K->74883K(94208K) [PSPermGen: 5179K->5179K(21504K)], 0.0048470 secs] [Times: user=0.02 sys=0.00, real=0.00 secs] 
193.624: Total time for which application threads were stopped: 0.0049770 seconds, Stopping threads took: 0.0000490 seconds
193.811: Application time: 0.1867750 seconds
193.811: [Full GC [PSYoungGen: 25085K->9700K(28672K)] [ParOldGen: 65515K->65381K(65536K)] 90601K->75081K(94208K) [PSPermGen: 5179K->5179K(21504K)], 0.0049130 secs] [Times: user=0.02 sys=0.00, real=0.01 secs] 
193.816: Total time for which application threads were stopped: 0.0050840 seconds, Stopping threads took: 0.0000780 seconds
194.029: Application time: 0.2129650 seconds
194.029: [Full GC [PSYoungGen: 25030K->9384K(28672K)] [ParOldGen: 65381K->65238K(65536K)] 90411K->74623K(94208K) [PSPermGen: 5179K->5179K(21504K)], 0.0048900 secs] [Times: user=0.02 sys=0.00, real=0.01 secs] 
194.034: Total time for which application threads were stopped: 0.0050550 seconds, Stopping threads took: 0.0000770 seconds
194.219: Application time: 0.1848210 seconds
194.219: [Full GC [PSYoungGen: 25052K->9447K(28672K)] [ParOldGen: 65238K->65238K(65536K)] 90290K->74686K(94208K) [PSPermGen: 5179K->5179K(21504K)], 0.0048940 secs] [Times: user=0.02 sys=0.00, real=0.00 secs] 
194.224: Total time for which application threads were stopped: 0.0050720 seconds, Stopping threads took: 0.0000910 seconds
194.400: Application time: 0.1762410 seconds
194.401: [Full GC [PSYoungGen: 24961K->9717K(28672K)] [ParOldGen: 65238K->65238K(65536K)] 90199K->74956K(94208K) [PSPermGen: 5179K->5179K(21504K)], 0.0049320 secs] [Times: user=0.02 sys=0.00, real=0.00 secs] 
194.406: Total time for which application threads were stopped: 0.0051210 seconds, Stopping threads took: 0.0000870 seconds
194.607: Application time: 0.2019510 seconds
194.608: Total time for which application threads were stopped: 0.0001010 seconds, Stopping threads took: 0.0000790 seconds
194.608: Application time: 0.0005390 seconds
194.608: [Full GC [PSYoungGen: 25063K->9376K(28672K)] [ParOldGen: 65507K->65507K(65536K)] 90571K->74884K(94208K) [PSPermGen: 5179K->5179K(21504K)], 0.0047260 secs] [Times: user=0.01 sys=0.00, real=0.00 secs] 
194.613: Total time for which application threads were stopped: 0.0048490 seconds, Stopping threads took: 0.0000420 seconds
194.799: Application time: 0.1859210 seconds
194.799: Total time for which application threads were stopped: 0.0001050 seconds, Stopping threads took: 0.0000820 seconds
194.800: Application time: 0.0009430 seconds
194.800: [Full GC [PSYoungGen: 24894K->9241K(28672K)] [ParOldGen: 65507K->65238K(65536K)] 90402K->74479K(94208K) [PSPermGen: 5179K->5179K(21504K)], 0.0047370 secs] [Times: user=0.01 sys=0.00, real=0.00 secs] 
194.805: Total time for which application threads were stopped: 0.0048600 seconds, Stopping threads took: 0.0000440 seconds
194.998: Application time: 0.1935550 seconds
195.001: [Full GC [PSYoungGen: 25031K->9115K(28672K)] [ParOldGen: 65508K->65508K(65536K)] 90539K->74623K(94208K) [PSPermGen: 5179K->5179K(21504K)], 0.0046900 secs] [Times: user=0.02 sys=0.00, real=0.01 secs] 
195.006: Total time for which application threads were stopped: 0.0077140 seconds, Stopping threads took: 0.0029230 seconds
195.214: Application time: 0.2083280 seconds
195.215: [Full GC [PSYoungGen: 24907K->9448K(28672K)] [ParOldGen: 65508K->65238K(65536K)] 90415K->74686K(94208K) [PSPermGen: 5179K->5179K(21504K)], 0.0047850 secs] [Times: user=0.02 sys=0.00, real=0.00 secs] 
195.219: Total time for which application threads were stopped: 0.0049440 seconds, Stopping threads took: 0.0000760 seconds
195.392: Application time: 0.1730370 seconds
195.393: [Full GC [PSYoungGen: 24927K->9448K(28672K)] [ParOldGen: 65238K->65238K(65536K)] 90165K->74686K(94208K) [PSPermGen: 5179K->5179K(21504K)], 0.0046890 secs] [Times: user=0.02 sys=0.00, real=0.01 secs] 
195.397: Total time for which application threads were stopped: 0.0048510 seconds, Stopping threads took: 0.0000740 seconds
195.567: Application time: 0.1701280 seconds
195.568: [Full GC [PSYoungGen: 24990K->9915K(28672K)] [ParOldGen: 65238K->65238K(65536K)] 90228K->75154K(94208K) [PSPermGen: 5179K->5179K(21504K)], 0.0048530 secs] [Times: user=0.02 sys=0.00, real=0.00 secs] 
195.572: Total time for which application threads were stopped: 0.0050300 seconds, Stopping threads took: 0.0000800 seconds
195.785: Application time: 0.2129550 seconds
195.785: [Full GC [PSYoungGen: 25056K->9781K(28672K)] [ParOldGen: 65238K->65238K(65536K)] 90294K->75019K(94208K) [PSPermGen: 5179K->5179K(21504K)], 0.0048000 secs] [Times: user=0.02 sys=0.00, real=0.01 secs] 
195.790: Total time for which application threads were stopped: 0.0049710 seconds, Stopping threads took: 0.0000840 seconds
195.947: Application time: 0.1562300 seconds
195.947: [Full GC [PSYoungGen: 25052K->9978K(28672K)] [ParOldGen: 65238K->65238K(65536K)] 90291K->75217K(94208K) [PSPermGen: 5179K->5179K(21504K)], 0.0049940 secs] [Times: user=0.02 sys=0.00, real=0.00 secs] 
195.952: Total time for which application threads were stopped: 0.0051560 seconds, Stopping threads took: 0.0000730 seconds
196.144: Application time: 0.1919930 seconds
196.144: [Full GC [PSYoungGen: 24955K->9646K(28672K)] [ParOldGen: 65238K->65238K(65536K)] 90194K->74884K(94208K) [PSPermGen: 5179K->5179K(21504K)], 0.0048170 secs] [Times: user=0.01 sys=0.00, real=0.01 secs] 
196.149: Total time for which application threads were stopped: 0.0049860 seconds, Stopping threads took: 0.0000750 seconds
196.329: Application time: 0.1798810 seconds
196.329: [Full GC [PSYoungGen: 24961K->9448K(28672K)] [ParOldGen: 65238K->65238K(65536K)] 90200K->74687K(94208K) [PSPermGen: 5179K->5179K(21504K)], 0.0046950 secs] [Times: user=0.02 sys=0.00, real=0.00 secs] 
196.333: Total time for which application threads were stopped: 0.0048680 seconds, Stopping threads took: 0.0000870 seconds
196.511: Application time: 0.1774560 seconds
196.512: [Full GC [PSYoungGen: 25042K->9844K(28672K)] [ParOldGen: 65238K->65238K(65536K)] 90280K->75082K(94208K) [PSPermGen: 5179K->5179K(21504K)], 0.0048540 secs] [Times: user=0.02 sys=0.00, real=0.01 secs] 
196.517: Total time for which application threads were stopped: 0.0056540 seconds, Stopping threads took: 0.0007140 seconds
196.740: Application time: 0.2232800 seconds
196.740: Total time for which application threads were stopped: 0.0001000 seconds, Stopping threads took: 0.0000690 seconds
196.741: Application time: 0.0006250 seconds
196.741: [Full GC [PSYoungGen: 25074K->8989K(28672K)] [ParOldGen: 65302K->65302K(65536K)] 90377K->74291K(94208K) [PSPermGen: 5179K->5179K(21504K)], 0.0048140 secs] [Times: user=0.01 sys=0.00, real=0.00 secs] 
196.746: Total time for which application threads were stopped: 0.0049390 seconds, Stopping threads took: 0.0000390 seconds
196.911: Application time: 0.1653860 seconds
196.911: [Full GC [PSYoungGen: 25087K->9575K(28672K)] [ParOldGen: 65374K->65310K(65536K)] 90461K->74885K(94208K) [PSPermGen: 5179K->5179K(21504K)], 0.0048210 secs] [Times: user=0.02 sys=0.00, real=0.01 secs] 
196.916: Total time for which application threads were stopped: 0.0049940 seconds, Stopping threads took: 0.0000850 seconds
197.101: Application time: 0.1845920 seconds
197.101: [Full GC [PSYoungGen: 25056K->9647K(28672K)] [ParOldGen: 65310K->65238K(65536K)] 90366K->74885K(94208K) [PSPermGen: 5179K->5179K(21504K)], 0.0048210 secs] [Times: user=0.02 sys=0.00, real=0.00 secs] 
197.106: Total time for which application threads were stopped: 0.0050020 seconds, Stopping threads took: 0.0000930 seconds
197.300: Application time: 0.1943930 seconds
197.300: [Full GC [PSYoungGen: 25021K->10114K(28672K)] [ParOldGen: 65238K->65238K(65536K)] 90259K->75352K(94208K) [PSPermGen: 5179K->5179K(21504K)], 0.0049790 secs] [Times: user=0.02 sys=0.00, real=0.00 secs] 
197.305: Total time for which application threads were stopped: 0.0051710 seconds, Stopping threads took: 0.0000950 seconds
197.493: Application time: 0.1874930 seconds
197.493: [Full GC [PSYoungGen: 24954K->9251K(28672K)] [ParOldGen: 65238K->65238K(65536K)] 90192K->74490K(94208K) [PSPermGen: 5179K->5179K(21504K)], 0.0046740 secs] [Times: user=0.02 sys=0.00, real=0.01 secs] 
197.497: Total time for which application threads were stopped: 0.0048250 seconds, Stopping threads took: 0.0000660 seconds
197.695: Application time: 0.1977690 seconds
197.695: [Full GC [PSYoungGen: 25056K->9449K(28672K)] [ParOldGen: 65238K->65238K(65536K)] 90294K->74687K(94208K) [PSPermGen: 5179K->5179K(21504K)], 0.0048800 secs] [Times: user=0.02 sys=0.00, real=0.00 secs] 
197.700: Total time for which application threads were stopped: 0.0050470 seconds, Stopping threads took: 0.0000790 seconds
197.880: Application time: 0.1800100 seconds
197.880: [Full GC [PSYoungGen: 25047K->10042K(28672K)] [ParOldGen: 65238K->65238K(65536K)] 90285K->75280K(94208K) [PSPermGen: 5179K->5179K(21504K)], 0.0050070 secs] [Times: user=0.02 sys=0.00, real=0.00 secs] 
197.885: Total time for which application threads were stopped: 0.0051690 seconds, Stopping threads took: 0.0000700 seconds
198.079: Application time: 0.1935990 seconds
198.079: Total time for which application threads were stopped: 0.0000970 seconds, Stopping threads took: 0.0000760 seconds
198.080: Application time: 0.0004910 seconds
198.080: [Full GC [PSYoungGen: 25088K->9242K(28672K)] [ParOldGen: 65507K->65507K(65536K)] 90595K->74750K(94208K) [PSPermGen: 5179K->5179K(21504K)], 0.0046120 secs] [Times: user=0.02 sys=0.00, real=0.00 secs] 
198.084: Total time for which application threads were stopped: 0.0047240 seconds, Stopping threads took: 0.0000340 seconds
198.289: Application time: 0.2048540 seconds
198.289: [Full GC [PSYoungGen: 24958K->9917K(28672K)] [ParOldGen: 65507K->65238K(65536K)] 90466K->75155K(94208K) [PSPermGen: 5179K->5179K(21504K)], 0.0047940 secs] [Times: user=0.02 sys=0.00, real=0.01 secs] 
198.294: Total time for which application threads were stopped: 0.0049600 seconds, Stopping threads took: 0.0000760 seconds
198.456: Application time: 0.1615470 seconds
198.456: [Full GC [PSYoungGen: 24928K->9252K(28672K)] [ParOldGen: 65238K->65238K(65536K)] 90167K->74490K(94208K) [PSPermGen: 5179K->5179K(21504K)], 0.0048200 secs] [Times: user=0.01 sys=0.00, real=0.00 secs] 
198.461: Total time for which application threads were stopped: 0.0050040 seconds, Stopping threads took: 0.0000850 seconds
198.664: Application time: 0.2034970 seconds
198.664: [Full GC [PSYoungGen: 25032K->9917K(28672K)] [ParOldGen: 65238K->65238K(65536K)] 90271K->75155K(94208K) [PSPermGen: 5179K->5179K(21504K)], 0.0049580 secs] [Times: user=0.02 sys=0.00, real=0.01 secs] 
198.669: Total time for which application threads were stopped: 0.0051450 seconds, Stopping threads took: 0.0000910 seconds
198.874: Application time: 0.2046150 seconds
198.874: [Full GC [PSYoungGen: 24965K->9054K(28672K)] [ParOldGen: 65238K->65238K(65536K)] 90204K->74292K(94208K) [PSPermGen: 5179K->5179K(21504K)], 0.0045830 secs] [Times: user=0.02 sys=0.00, real=0.00 secs] 
198.879: Total time for which application threads were stopped: 0.0047430 seconds, Stopping threads took: 0.0000730 seconds
199.048: Application time: 0.1692620 seconds
199.048: Total time for which application threads were stopped: 0.0000980 seconds, Stopping threads took: 0.0000710 seconds
199.057: Application time: 0.0084410 seconds
199.057: [Full GC [PSYoungGen: 25073K->8775K(28672K)] [ParOldGen: 65508K->65508K(65536K)] 90581K->74284K(94208K) [PSPermGen: 5179K->5179K(21504K)], 0.0046280 secs] [Times: user=0.02 sys=0.00, real=0.00 secs] 
199.061: Total time for which application threads were stopped: 0.0047660 seconds, Stopping threads took: 0.0000530 seconds
199.061: Application time: 0.0000380 seconds
199.061: [Full GC [PSYoungGen: 8912K->8506K(28672K)] [ParOldGen: 65508K->65508K(65536K)] 74420K->74014K(94208K) [PSPermGen: 5179K->5179K(21504K)], 0.0042790 secs] [Times: user=0.02 sys=0.00, real=0.00 secs] 
199.066: Total time for which application threads were stopped: 0.0044050 seconds, Stopping threads took: 0.0000590 seconds
199.260: Application time: 0.1945740 seconds
199.260: [Full GC [PSYoungGen: 25016K->10115K(28672K)] [ParOldGen: 65508K->65238K(65536K)] 90524K->75353K(94208K) [PSPermGen: 5179K->5179K(21504K)], 0.0049580 secs] [Times: user=0.02 sys=0.00, real=0.00 secs] 
199.265: Total time for which application threads were stopped: 0.0051210 seconds, Stopping threads took: 0.0000770 seconds
199.459: Application time: 0.1934140 seconds
199.459: [Full GC [PSYoungGen: 25042K->9450K(28672K)] [ParOldGen: 65238K->65238K(65536K)] 90280K->74688K(94208K) [PSPermGen: 5179K->5179K(21504K)], 0.0047670 secs] [Times: user=0.02 sys=0.00, real=0.00 secs] 
199.464: Total time for which application threads were stopped: 0.0049320 seconds, Stopping threads took: 0.0000790 seconds
199.637: Application time: 0.1733200 seconds
199.637: [Full GC [PSYoungGen: 24990K->9917K(28672K)] [ParOldGen: 65238K->65238K(65536K)] 90228K->75156K(94208K) [PSPermGen: 5179K->5179K(21504K)], 0.0049450 secs] [Times: user=0.02 sys=0.00, real=0.00 secs] 
199.642: Total time for which application threads were stopped: 0.0051270 seconds, Stopping threads took: 0.0000810 seconds
199.828: Application time: 0.1858450 seconds
199.828: [Full GC [PSYoungGen: 24957K->9450K(28672K)] [ParOldGen: 65238K->65238K(65536K)] 90195K->74688K(94208K) [PSPermGen: 5179K->5179K(21504K)], 0.0048350 secs] [Times: user=0.02 sys=0.00, real=0.00 secs] 
199.833: Total time for which application threads were stopped: 0.0050130 seconds, Stopping threads took: 0.0000890 seconds
200.010: Application time: 0.1768520 seconds
200.010: [Full GC [PSYoungGen: 25033K->9917K(28672K)] [ParOldGen: 65238K->65238K(65536K)] 90271K->75156K(94208K) [PSPermGen: 5179K->5179K(21504K)], 0.0048990 secs] [Times: user=0.02 sys=0.00, real=0.01 secs] 
200.015: Total time for which application threads were stopped: 0.0050770 seconds, Stopping threads took: 0.0000910 seconds
200.180: Application time: 0.1646970 seconds
200.180: [Full GC [PSYoungGen: 25033K->10043K(28672K)] [ParOldGen: 65238K->65238K(65536K)] 90271K->75282K(94208K) [PSPermGen: 5179K->5179K(21504K)], 0.0051260 secs] [Times: user=0.02 sys=0.00, real=0.00 secs] 
200.185: Total time for which application threads were stopped: 0.0052910 seconds, Stopping threads took: 0.0000680 seconds
200.409: Application time: 0.2235680 seconds
200.409: [Full GC [PSYoungGen: 25041K->9252K(28672K)] [ParOldGen: 65238K->65238K(65536K)] 90280K->74491K(94208K) [PSPermGen: 5179K->5179K(21504K)], 0.0046970 secs] [Times: user=0.01 sys=0.00, real=0.00 secs] 
200.413: Total time for which application threads were stopped: 0.0048660 seconds, Stopping threads took: 0.0000810 seconds
200.573: Application time: 0.1595670 seconds
200.573: [Full GC [PSYoungGen: 25029K->9981K(28672K)] [ParOldGen: 65238K->65238K(65536K)] 90268K->75219K(94208K) [PSPermGen: 5179K->5179K(21504K)], 0.0050230 secs] [Times: user=0.02 sys=0.00, real=0.01 secs] 
200.578: Total time for which application threads were stopped: 0.0052050 seconds, Stopping threads took: 0.0000920 seconds
200.774: Application time: 0.1960870 seconds
200.774: [Full GC [PSYoungGen: 24846K->9253K(28672K)] [ParOldGen: 65238K->65238K(65536K)] 90085K->74491K(94208K) [PSPermGen: 5179K->5179K(21504K)], 0.0049490 secs] [Times: user=0.01 sys=0.00, real=0.00 secs] 
200.779: Total time for which application threads were stopped: 0.0051150 seconds, Stopping threads took: 0.0000720 seconds
200.953: Application time: 0.1739470 seconds
200.953: [Full GC [PSYoungGen: 25046K->10044K(28672K)] [ParOldGen: 65238K->65238K(65536K)] 90285K->75282K(94208K) [PSPermGen: 5179K->5179K(21504K)], 0.0049630 secs] [Times: user=0.02 sys=0.00, real=0.01 secs] 
200.958: Total time for which application threads were stopped: 0.0051140 seconds, Stopping threads took: 0.0000660 seconds
201.147: Application time: 0.1887090 seconds
201.147: [Full GC [PSYoungGen: 25018K->9720K(28672K)] [ParOldGen: 65238K->65238K(65536K)] 90257K->74959K(94208K) [PSPermGen: 5179K->5179K(21504K)], 0.0047490 secs] [Times: user=0.02 sys=0.00, real=0.00 secs] 
201.152: Total time for which application threads were stopped: 0.0049160 seconds, Stopping threads took: 0.0000780 seconds
201.360: Application time: 0.2076500 seconds
201.360: [Full GC [PSYoungGen: 24849K->9451K(28672K)] [ParOldGen: 65238K->65238K(65536K)] 90088K->74689K(94208K) [PSPermGen: 5179K->5179K(21504K)], 0.0045670 secs] [Times: user=0.02 sys=0.00, real=0.00 secs] 
201.365: Total time for which application threads were stopped: 0.0047500 seconds, Stopping threads took: 0.0000860 seconds
201.531: Application time: 0.1666920 seconds
201.531: [Full GC [PSYoungGen: 25044K->9846K(28672K)] [ParOldGen: 65238K->65238K(65536K)] 90283K->75084K(94208K) [PSPermGen: 5179K->5179K(21504K)], 0.0048860 secs] [Times: user=0.02 sys=0.00, real=0.01 secs] 
201.536: Total time for which application threads were stopped: 0.0050440 seconds, Stopping threads took: 0.0000710 seconds
201.724: Application time: 0.1875970 seconds
201.724: [Full GC [PSYoungGen: 25080K->9847K(28672K)] [ParOldGen: 65238K->65238K(65536K)] 90318K->75086K(94208K) [PSPermGen: 5179K->5179K(21504K)], 0.0048920 secs] [Times: user=0.02 sys=0.00, real=0.01 secs] 
201.729: Total time for which application threads were stopped: 0.0050650 seconds, Stopping threads took: 0.0000830 seconds
201.930: Application time: 0.2008980 seconds
201.930: [Full GC [PSYoungGen: 24969K->9253K(28672K)] [ParOldGen: 65238K->65238K(65536K)] 90207K->74492K(94208K) [PSPermGen: 5179K->5179K(21504K)], 0.0048520 secs] [Times: user=0.01 sys=0.01, real=0.01 secs] 
201.935: Total time for which application threads were stopped: 0.0050320 seconds, Stopping threads took: 0.0000820 seconds
202.110: Application time: 0.1748570 seconds
202.110: [Full GC [PSYoungGen: 24943K->8849K(28672K)] [ParOldGen: 65238K->65238K(65536K)] 90182K->74087K(94208K) [PSPermGen: 5179K->5179K(21504K)], 0.0047090 secs] [Times: user=0.02 sys=0.00, real=0.01 secs] 
202.115: Total time for which application threads were stopped: 0.0048850 seconds, Stopping threads took: 0.0000890 seconds
202.316: Application time: 0.2011330 seconds
202.316: Total time for which application threads were stopped: 0.0000910 seconds, Stopping threads took: 0.0000720 seconds
202.316: Application time: 0.0000510 seconds
202.316: [Full GC [PSYoungGen: 24973K->9244K(28672K)] [ParOldGen: 65507K->65507K(65536K)] 90481K->74752K(94208K) [PSPermGen: 5179K->5179K(21504K)], 0.0047870 secs] [Times: user=0.02 sys=0.00, real=0.00 secs] 
202.321: Total time for which application threads were stopped: 0.0049030 seconds, Stopping threads took: 0.0000390 seconds
202.528: Application time: 0.2072760 seconds
202.528: [Full GC [PSYoungGen: 24892K->10044K(28672K)] [ParOldGen: 65507K->65238K(65536K)] 90400K->75283K(94208K) [PSPermGen: 5179K->5179K(21504K)], 0.0049840 secs] [Times: user=0.02 sys=0.00, real=0.00 secs] 
202.533: Total time for which application threads were stopped: 0.0051610 seconds, Stopping threads took: 0.0000720 seconds
202.696: Application time: 0.1631840 seconds
202.697: [Full GC [PSYoungGen: 24981K->9918K(28672K)] [ParOldGen: 65238K->65238K(65536K)] 90220K->75157K(94208K) [PSPermGen: 5179K->5179K(21504K)], 0.0048220 secs] [Times: user=0.02 sys=0.00, real=0.00 secs] 
202.701: Total time for which application threads were stopped: 0.0049880 seconds, Stopping threads took: 0.0000780 seconds
202.881: Application time: 0.1797940 seconds
202.881: [Full GC [PSYoungGen: 25042K->9649K(28672K)] [ParOldGen: 65238K->65238K(65536K)] 90280K->74887K(94208K) [PSPermGen: 5179K->5179K(21504K)], 0.0046600 secs] [Times: user=0.02 sys=0.00, real=0.01 secs] 
202.886: Total time for which application threads were stopped: 0.0048390 seconds, Stopping threads took: 0.0000930 seconds
203.067: Application time: 0.1805460 seconds
203.067: [Full GC [PSYoungGen: 25005K->9649K(28672K)] [ParOldGen: 65238K->65238K(65536K)] 90243K->74888K(94208K) [PSPermGen: 5179K->5179K(21504K)], 0.0047560 secs] [Times: user=0.02 sys=0.00, real=0.00 secs] 
203.072: Total time for which application threads were stopped: 0.0049340 seconds, Stopping threads took: 0.0000810 seconds
203.272: Application time: 0.2009330 seconds
203.273: [Full GC [PSYoungGen: 25045K->9649K(28672K)] [ParOldGen: 65238K->65238K(65536K)] 90284K->74888K(94208K) [PSPermGen: 5179K->5179K(21504K)], 0.0048660 secs] [Times: user=0.01 sys=0.00, real=0.01 secs] 
203.278: Total time for which application threads were stopped: 0.0050490 seconds, Stopping threads took: 0.0000930 seconds
203.477: Application time: 0.1998400 seconds
203.477: Total time for which application threads were stopped: 0.0000970 seconds, Stopping threads took: 0.0000760 seconds
203.478: Application time: 0.0000720 seconds
203.478: [Full GC [PSYoungGen: 25058K->8849K(28672K)] [ParOldGen: 65373K->65373K(65536K)] 90431K->74223K(94208K) [PSPermGen: 5179K->5179K(21504K)], 0.0048130 secs] [Times: user=0.02 sys=0.00, real=0.00 secs] 
203.482: Total time for which application threads were stopped: 0.0049330 seconds, Stopping threads took: 0.0000410 seconds
203.650: Application time: 0.1678110 seconds
203.650: Total time for which application threads were stopped: 0.0001120 seconds, Stopping threads took: 0.0000770 seconds
203.652: Application time: 0.0019530 seconds
203.652: [Full GC [PSYoungGen: 25043K->9038K(28672K)] [ParOldGen: 65373K->65238K(65536K)] 90417K->74277K(94208K) [PSPermGen: 5179K->5179K(21504K)], 0.0047330 secs] [Times: user=0.02 sys=0.00, real=0.01 secs] 
203.657: Total time for which application threads were stopped: 0.0048580 seconds, Stopping threads took: 0.0000460 seconds
203.857: Application time: 0.1994410 seconds
203.857: [Full GC [PSYoungGen: 24978K->9578K(28672K)] [ParOldGen: 65507K->65507K(65536K)] 90486K->75086K(94208K) [PSPermGen: 5179K->5179K(21504K)], 0.0049550 secs] [Times: user=0.02 sys=0.00, real=0.00 secs] 
203.862: Total time for which application threads were stopped: 0.0051320 seconds, Stopping threads took: 0.0000890 seconds
204.066: Application time: 0.2045180 seconds
204.066: [Full GC [PSYoungGen: 24982K->9254K(28672K)] [ParOldGen: 65507K->65238K(65536K)] 90490K->74493K(94208K) [PSPermGen: 5179K->5179K(21504K)], 0.0048910 secs] [Times: user=0.02 sys=0.00, real=0.00 secs] 
204.071: Total time for which application threads were stopped: 0.0050700 seconds, Stopping threads took: 0.0000920 seconds
204.245: Application time: 0.1737570 seconds
204.245: [Full GC [PSYoungGen: 24903K->9254K(28672K)] [ParOldGen: 65238K->65238K(65536K)] 90142K->74493K(94208K) [PSPermGen: 5179K->5179K(21504K)], 0.0048520 secs] [Times: user=0.02 sys=0.00, real=0.01 secs] 
204.250: Total time for which application threads were stopped: 0.0050310 seconds, Stopping threads took: 0.0000830 seconds
204.441: Application time: 0.1912810 seconds
204.442: [Full GC [PSYoungGen: 24850K->9650K(28672K)] [ParOldGen: 65238K->65238K(65536K)] 90088K->74888K(94208K) [PSPermGen: 5179K->5179K(21504K)], 0.0048990 secs] [Times: user=0.01 sys=0.00, real=0.01 secs] 
204.447: Total time for which application threads were stopped: 0.0050980 seconds, Stopping threads took: 0.0000980 seconds
204.632: Application time: 0.1855940 seconds
204.632: [Full GC [PSYoungGen: 25037K->10045K(28672K)] [ParOldGen: 65238K->65238K(65536K)] 90275K->75284K(94208K) [PSPermGen: 5179K->5179K(21504K)], 0.0049930 secs] [Times: user=0.01 sys=0.00, real=0.01 secs] 
204.637: Total time for which application threads were stopped: 0.0051740 seconds, Stopping threads took: 0.0000930 seconds
204.841: Application time: 0.2040310 seconds
204.841: Total time for which application threads were stopped: 0.0001060 seconds, Stopping threads took: 0.0000740 seconds
204.843: Application time: 0.0015230 seconds
204.843: [Full GC [PSYoungGen: 25033K->8706K(28672K)] [ParOldGen: 65373K->65373K(65536K)] 90406K->74079K(94208K) [PSPermGen: 5179K->5179K(21504K)], 0.0045820 secs] [Times: user=0.02 sys=0.00, real=0.01 secs] 
204.848: Total time for which application threads were stopped: 0.0047070 seconds, Stopping threads took: 0.0000440 seconds
205.033: Application time: 0.1853320 seconds
205.033: [Full GC [PSYoungGen: 25054K->9388K(28672K)] [ParOldGen: 65437K->65302K(65536K)] 90491K->74691K(94208K) [PSPermGen: 5179K->5179K(21504K)], 0.0047430 secs] [Times: user=0.02 sys=0.00, real=0.01 secs] 
205.038: Total time for which application threads were stopped: 0.0049110 seconds, Stopping threads took: 0.0000810 seconds
205.210: Application time: 0.1716590 seconds
205.210: [Full GC [PSYoungGen: 24980K->9650K(28672K)] [ParOldGen: 65302K->65238K(65536K)] 90282K->74888K(94208K) [PSPermGen: 5179K->5179K(21504K)], 0.0047090 secs] [Times: user=0.02 sys=0.00, real=0.01 secs] 
205.214: Total time for which application threads were stopped: 0.0048620 seconds, Stopping threads took: 0.0000670 seconds
205.421: Application time: 0.2066270 seconds
205.421: [Full GC [PSYoungGen: 25015K->9255K(28672K)] [ParOldGen: 65238K->65238K(65536K)] 90253K->74493K(94208K) [PSPermGen: 5179K->5179K(21504K)], 0.0048950 secs] [Times: user=0.02 sys=0.00, real=0.01 secs] 
205.426: Total time for which application threads were stopped: 0.0050620 seconds, Stopping threads took: 0.0000720 seconds
205.614: Application time: 0.1880500 seconds
205.614: [Full GC [PSYoungGen: 24856K->9255K(28672K)] [ParOldGen: 65238K->65238K(65536K)] 90094K->74493K(94208K) [PSPermGen: 5179K->5179K(21504K)], 0.0048640 secs] [Times: user=0.02 sys=0.00, real=0.00 secs] 
205.619: Total time for which application threads were stopped: 0.0050360 seconds, Stopping threads took: 0.0000830 seconds
205.801: Application time: 0.1822190 seconds
205.802: Total time for which application threads were stopped: 0.0001070 seconds, Stopping threads took: 0.0000840 seconds
205.802: Application time: 0.0004450 seconds
205.802: [Full GC [PSYoungGen: 25077K->9389K(28672K)] [ParOldGen: 65302K->65302K(65536K)] 90380K->74691K(94208K) [PSPermGen: 5179K->5179K(21504K)], 0.0045700 secs] [Times: user=0.02 sys=0.00, real=0.01 secs] 
205.807: Total time for which application threads were stopped: 0.0046950 seconds, Stopping threads took: 0.0000430 seconds
205.999: Application time: 0.1924420 seconds
205.999: [Full GC [PSYoungGen: 24900K->9848K(28672K)] [ParOldGen: 65302K->65238K(65536K)] 90202K->75087K(94208K) [PSPermGen: 5179K->5179K(21504K)], 0.0050630 secs] [Times: user=0.02 sys=0.00, real=0.00 secs] 
206.004: Total time for which application threads were stopped: 0.0052440 seconds, Stopping threads took: 0.0000800 seconds
206.219: Application time: 0.2150100 seconds
206.220: [Full GC [PSYoungGen: 25033K->9327K(28672K)] [ParOldGen: 65238K->65238K(65536K)] 90272K->74565K(94208K) [PSPermGen: 5179K->5179K(21504K)], 0.0047260 secs] [Times: user=0.02 sys=0.00, real=0.00 secs] 
206.224: Total time for which application threads were stopped: 0.0049240 seconds, Stopping threads took: 0.0001070 seconds
206.402: Application time: 0.1777560 seconds
206.402: Total time for which application threads were stopped: 0.0000900 seconds, Stopping threads took: 0.0000650 seconds
206.403: Application time: 0.0011740 seconds
206.403: [Full GC [PSYoungGen: 25065K->8033K(28672K)] [ParOldGen: 65507K->65507K(65536K)] 90573K->73541K(94208K) [PSPermGen: 5179K->5179K(21504K)], 0.0046150 secs] [Times: user=0.01 sys=0.00, real=0.01 secs] 
206.408: Total time for which application threads were stopped: 0.0047210 seconds, Stopping threads took: 0.0000320 seconds
206.596: Application time: 0.1877130 seconds
206.596: [Full GC [PSYoungGen: 25019K->9723K(28672K)] [ParOldGen: 65507K->65238K(65536K)] 90527K->74961K(94208K) [PSPermGen: 5179K->5179K(21504K)], 0.0047080 secs] [Times: user=0.01 sys=0.00, real=0.00 secs] 
206.601: Total time for which application threads were stopped: 0.0048910 seconds, Stopping threads took: 0.0000870 seconds
206.803: Application time: 0.2019020 seconds
206.803: [Full GC [PSYoungGen: 25060K->9983K(28672K)] [ParOldGen: 65238K->65238K(65536K)] 90298K->75222K(94208K) [PSPermGen: 5179K->5179K(21504K)], 0.0049140 secs] [Times: user=0.02 sys=0.00, real=0.01 secs] 
206.808: Total time for which application threads were stopped: 0.0050600 seconds, Stopping threads took: 0.0000590 seconds
206.980: Application time: 0.1728200 seconds
206.982: [Full GC [PSYoungGen: 25043K->9453K(28672K)] [ParOldGen: 65238K->65238K(65536K)] 90282K->74692K(94208K) [PSPermGen: 5179K->5179K(21504K)], 0.0049710 secs] [Times: user=0.02 sys=0.00, real=0.01 secs] 
206.987: Total time for which application threads were stopped: 0.0061360 seconds, Stopping threads took: 0.0010730 seconds
207.184: Application time: 0.1969940 seconds
207.184: [Full GC [PSYoungGen: 25060K->9453K(28672K)] [ParOldGen: 65238K->65238K(65536K)] 90298K->74692K(94208K) [PSPermGen: 5179K->5179K(21504K)], 0.0049230 secs] [Times: user=0.01 sys=0.00, real=0.01 secs] 
207.189: Total time for which application threads were stopped: 0.0052780 seconds, Stopping threads took: 0.0002570 seconds
207.363: Application time: 0.1739230 seconds
207.363: [Full GC [PSYoungGen: 24960K->9651K(28672K)] [ParOldGen: 65238K->65238K(65536K)] 90199K->74889K(94208K) [PSPermGen: 5179K->5179K(21504K)], 0.0047910 secs] [Times: user=0.01 sys=0.00, real=0.01 secs] 
207.368: Total time for which application threads were stopped: 0.0049890 seconds, Stopping threads took: 0.0001100 seconds
207.552: Application time: 0.1844300 seconds
207.552: [Full GC [PSYoungGen: 25048K->9849K(28672K)] [ParOldGen: 65238K->65238K(65536K)] 90286K->75087K(94208K) [PSPermGen: 5179K->5179K(21504K)], 0.0048270 secs] [Times: user=0.02 sys=0.00, real=0.01 secs] 
207.557: Total time for which application threads were stopped: 0.0049890 seconds, Stopping threads took: 0.0000740 seconds
207.731: Application time: 0.1740080 seconds
207.731: [Full GC [PSYoungGen: 25036K->9849K(28672K)] [ParOldGen: 65238K->65238K(65536K)] 90274K->75087K(94208K) [PSPermGen: 5179K->5179K(21504K)], 0.0049340 secs] [Times: user=0.02 sys=0.00, real=0.01 secs] 
207.736: Total time for which application threads were stopped: 0.0051060 seconds, Stopping threads took: 0.0000740 seconds
207.941: Application time: 0.2042990 seconds
207.941: [Full GC [PSYoungGen: 24894K->9454K(28672K)] [ParOldGen: 65238K->65238K(65536K)] 90132K->74692K(94208K) [PSPermGen: 5179K->5179K(21504K)], 0.0047970 secs] [Times: user=0.02 sys=0.00, real=0.00 secs] 
207.946: Total time for which application threads were stopped: 0.0049670 seconds, Stopping threads took: 0.0000810 seconds
208.128: Application time: 0.1821860 seconds
208.128: [Full GC [PSYoungGen: 25049K->9849K(28672K)] [ParOldGen: 65238K->65238K(65536K)] 90288K->75088K(94208K) [PSPermGen: 5179K->5179K(21504K)], 0.0049090 secs] [Times: user=0.01 sys=0.00, real=0.00 secs] 
208.133: Total time for which application threads were stopped: 0.0050820 seconds, Stopping threads took: 0.0000700 seconds
208.313: Application time: 0.1796610 seconds
208.313: [Full GC [PSYoungGen: 25046K->9256K(28672K)] [ParOldGen: 65238K->65238K(65536K)] 90285K->74495K(94208K) [PSPermGen: 5179K->5179K(21504K)], 0.0047810 secs] [Times: user=0.02 sys=0.00, real=0.01 secs] 
208.317: Total time for which application threads were stopped: 0.0049590 seconds, Stopping threads took: 0.0000710 seconds
208.511: Application time: 0.1932540 seconds
208.511: [Full GC [PSYoungGen: 24965K->10047K(28672K)] [ParOldGen: 65238K->65238K(65536K)] 90204K->75285K(94208K) [PSPermGen: 5179K->5179K(21504K)], 0.0049710 secs] [Times: user=0.02 sys=0.00, real=0.01 secs] 
208.516: Total time for which application threads were stopped: 0.0051430 seconds, Stopping threads took: 0.0000840 seconds
208.721: Application time: 0.2046470 seconds
208.721: Total time for which application threads were stopped: 0.0001520 seconds, Stopping threads took: 0.0001320 seconds
208.721: Application time: 0.0002350 seconds
208.721: [Full GC [PSYoungGen: 24961K->9247K(28672K)] [ParOldGen: 65507K->65507K(65536K)] 90469K->74755K(94208K) [PSPermGen: 5179K->5179K(21504K)], 0.0045580 secs] [Times: user=0.02 sys=0.00, real=0.00 secs] 
208.726: Total time for which application threads were stopped: 0.0046910 seconds, Stopping threads took: 0.0000550 seconds
208.896: Application time: 0.1703470 seconds
208.896: [Full GC [PSYoungGen: 25062K->9849K(28672K)] [ParOldGen: 65507K->65238K(65536K)] 90570K->75088K(94208K) [PSPermGen: 5179K->5179K(21504K)], 0.0049190 secs] [Times: user=0.02 sys=0.00, real=0.00 secs] 
208.901: Total time for which application threads were stopped: 0.0050930 seconds, Stopping threads took: 0.0000780 seconds
209.081: Application time: 0.1796960 seconds
209.081: [Full GC [PSYoungGen: 25008K->9652K(28672K)] [ParOldGen: 65238K->65238K(65536K)] 90246K->74890K(94208K) [PSPermGen: 5179K->5179K(21504K)], 0.0049130 secs] [Times: user=0.02 sys=0.00, real=0.00 secs] 
209.086: Total time for which application threads were stopped: 0.0050780 seconds, Stopping threads took: 0.0000770 seconds
209.298: Application time: 0.2124420 seconds
209.298: [Full GC [PSYoungGen: 25060K->9985K(28672K)] [ParOldGen: 65238K->65238K(65536K)] 90298K->75223K(94208K) [PSPermGen: 5179K->5179K(21504K)], 0.0050270 secs] [Times: user=0.02 sys=0.00, real=0.00 secs] 
209.304: Total time for which application threads were stopped: 0.0052090 seconds, Stopping threads took: 0.0000930 seconds
209.465: Application time: 0.1618430 seconds
209.465: [Full GC [PSYoungGen: 24970K->9059K(28672K)] [ParOldGen: 65238K->65238K(65536K)] 90209K->74297K(94208K) [PSPermGen: 5179K->5179K(21504K)], 0.0046590 secs] [Times: user=0.02 sys=0.00, real=0.01 secs] 
209.470: Total time for which application threads were stopped: 0.0048320 seconds, Stopping threads took: 0.0000750 seconds
209.655: Application time: 0.1852170 seconds
209.656: [Full GC [PSYoungGen: 25060K->9652K(28672K)] [ParOldGen: 65238K->65238K(65536K)] 90298K->74891K(94208K) [PSPermGen: 5179K->5179K(21504K)], 0.0047680 secs] [Times: user=0.02 sys=0.00, real=0.00 secs] 
209.660: Total time for which application threads were stopped: 0.0049420 seconds, Stopping threads took: 0.0000850 seconds
209.862: Application time: 0.2012500 seconds
209.862: [Full GC [PSYoungGen: 24963K->9652K(28672K)] [ParOldGen: 65238K->65238K(65536K)] 90202K->74891K(94208K) [PSPermGen: 5179K->5179K(21504K)], 0.0047880 secs] [Times: user=0.02 sys=0.00, real=0.01 secs] 
209.867: Total time for which application threads were stopped: 0.0049520 seconds, Stopping threads took: 0.0000780 seconds
210.036: Application time: 0.1695560 seconds
210.036: [Full GC [PSYoungGen: 25037K->10048K(28672K)] [ParOldGen: 65238K->65238K(65536K)] 90276K->75286K(94208K) [PSPermGen: 5179K->5179K(21504K)], 0.0050920 secs] [Times: user=0.02 sys=0.00, real=0.00 secs] 
210.041: Total time for which application threads were stopped: 0.0052600 seconds, Stopping threads took: 0.0000720 seconds
210.227: Application time: 0.1860740 seconds
210.228: [Full GC [PSYoungGen: 25057K->9589K(28672K)] [ParOldGen: 65238K->65238K(65536K)] 90295K->74828K(94208K) [PSPermGen: 5179K->5179K(21504K)], 0.0048190 secs] [Times: user=0.02 sys=0.00, real=0.00 secs] 
210.232: Total time for which application threads were stopped: 0.0049900 seconds, Stopping threads took: 0.0000830 seconds
210.434: Application time: 0.2020030 seconds
210.435: [Full GC [PSYoungGen: 25021K->9455K(28672K)] [ParOldGen: 65238K->65238K(65536K)] 90259K->74693K(94208K) [PSPermGen: 5179K->5179K(21504K)], 0.0047790 secs] [Times: user=0.01 sys=0.00, real=0.00 secs] 
210.439: Total time for which application threads were stopped: 0.0049430 seconds, Stopping threads took: 0.0000770 seconds
210.613: Application time: 0.1740690 seconds
210.614: [Full GC [PSYoungGen: 25060K->9248K(28672K)] [ParOldGen: 65238K->65238K(65536K)] 90298K->74487K(94208K) [PSPermGen: 5179K->5179K(21504K)], 0.0049170 secs] [Times: user=0.01 sys=0.00, real=0.01 secs] 
210.619: Total time for which application threads were stopped: 0.0050860 seconds, Stopping threads took: 0.0000710 seconds
210.809: Application time: 0.1901170 seconds
210.809: [Full GC [PSYoungGen: 25047K->9455K(28672K)] [ParOldGen: 65238K->65238K(65536K)] 90286K->74693K(94208K) [PSPermGen: 5179K->5179K(21504K)], 0.0047620 secs] [Times: user=0.02 sys=0.00, real=0.00 secs] 
210.814: Total time for which application threads were stopped: 0.0049460 seconds, Stopping threads took: 0.0000960 seconds
211.027: Application time: 0.2135540 seconds
211.027: [Full GC [PSYoungGen: 24975K->9257K(28672K)] [ParOldGen: 65238K->65238K(65536K)] 90213K->74496K(94208K) [PSPermGen: 5179K->5179K(21504K)], 0.0048060 secs] [Times: user=0.02 sys=0.00, real=0.00 secs] 
211.032: Total time for which application threads were stopped: 0.0049830 seconds, Stopping threads took: 0.0000910 seconds
211.207: Application time: 0.1744350 seconds
211.207: [Full GC [PSYoungGen: 25058K->9455K(28672K)] [ParOldGen: 65238K->65238K(65536K)] 90296K->74694K(94208K) [PSPermGen: 5179K->5179K(21504K)], 0.0048820 secs] [Times: user=0.02 sys=0.00, real=0.00 secs] 
211.212: Total time for which application threads were stopped: 0.0050600 seconds, Stopping threads took: 0.0000790 seconds
211.397: Application time: 0.1853550 seconds
211.397: [Full GC [PSYoungGen: 25058K->9455K(28672K)] [ParOldGen: 65238K->65238K(65536K)] 90297K->74694K(94208K) [PSPermGen: 5179K->5179K(21504K)], 0.0050120 secs] [Times: user=0.02 sys=0.00, real=0.00 secs] 
211.402: Total time for which application threads were stopped: 0.0052150 seconds, Stopping threads took: 0.0001110 seconds
211.587: Application time: 0.1843970 seconds
211.587: Total time for which application threads were stopped: 0.0001010 seconds, Stopping threads took: 0.0000790 seconds
211.588: Application time: 0.0013520 seconds
211.588: [Full GC [PSYoungGen: 24961K->9914K(28672K)] [ParOldGen: 65373K->65373K(65536K)] 90334K->75287K(94208K) [PSPermGen: 5179K->5179K(21504K)], 0.0046370 secs] [Times: user=0.01 sys=0.00, real=0.00 secs] 
211.593: Total time for which application threads were stopped: 0.0047810 seconds, Stopping threads took: 0.0000610 seconds
211.800: Application time: 0.2073830 seconds
211.800: Total time for which application threads were stopped: 0.0001120 seconds, Stopping threads took: 0.0000820 seconds
211.800: Application time: 0.0000610 seconds
211.800: [Full GC [PSYoungGen: 25031K->9042K(28672K)] [ParOldGen: 65508K->65373K(65536K)] 90539K->74415K(94208K) [PSPermGen: 5179K->5179K(21504K)], 0.0044990 secs] [Times: user=0.02 sys=0.00, real=0.00 secs] 
211.805: Total time for which application threads were stopped: 0.0046280 seconds, Stopping threads took: 0.0000500 seconds
211.983: Application time: 0.1780380 seconds
211.983: Total time for which application threads were stopped: 0.0001000 seconds, Stopping threads took: 0.0000780 seconds
211.983: Application time: 0.0002440 seconds
211.984: [Full GC [PSYoungGen: 25071K->9321K(28672K)] [ParOldGen: 65508K->65373K(65536K)] 90579K->74694K(94208K) [PSPermGen: 5179K->5179K(21504K)], 0.0047550 secs] [Times: user=0.02 sys=0.00, real=0.01 secs] 
211.988: Total time for which application threads were stopped: 0.0048780 seconds, Stopping threads took: 0.0000430 seconds
212.181: Application time: 0.1926060 seconds
212.181: [Full GC [PSYoungGen: 25038K->9653K(28672K)] [ParOldGen: 65373K->65238K(65536K)] 90412K->74892K(94208K) [PSPermGen: 5179K->5179K(21504K)], 0.0068020 secs] [Times: user=0.03 sys=0.00, real=0.01 secs] 
212.188: Total time for which application threads were stopped: 0.0069950 seconds, Stopping threads took: 0.0000990 seconds
212.392: Application time: 0.2043510 seconds
212.392: [Full GC [PSYoungGen: 25051K->9653K(28672K)] [ParOldGen: 65238K->65238K(65536K)] 90290K->74892K(94208K) [PSPermGen: 5179K->5179K(21504K)], 0.0048540 secs] [Times: user=0.02 sys=0.00, real=0.01 secs] 
212.397: Total time for which application threads were stopped: 0.0050320 seconds, Stopping threads took: 0.0000820 seconds
212.569: Application time: 0.1717640 seconds
212.569: [Full GC [PSYoungGen: 25049K->9653K(28672K)] [ParOldGen: 65238K->65238K(65536K)] 90288K->74892K(94208K) [PSPermGen: 5179K->5179K(21504K)], 0.0045880 secs] [Times: user=0.02 sys=0.00, real=0.00 secs] 
212.574: Total time for which application threads were stopped: 0.0047500 seconds, Stopping threads took: 0.0000760 seconds
212.758: Application time: 0.1838380 seconds
212.758: [Full GC [PSYoungGen: 25080K->9726K(28672K)] [ParOldGen: 65238K->65238K(65536K)] 90319K->74964K(94208K) [PSPermGen: 5179K->5179K(21504K)], 0.0049810 secs] [Times: user=0.02 sys=0.00, real=0.00 secs] 
212.763: Total time for which application threads were stopped: 0.0051660 seconds, Stopping threads took: 0.0000960 seconds
212.957: Application time: 0.1937990 seconds
212.957: [Full GC [PSYoungGen: 24853K->9456K(28672K)] [ParOldGen: 65238K->65238K(65536K)] 90091K->74694K(94208K) [PSPermGen: 5179K->5179K(21504K)], 0.0047330 secs] [Times: user=0.01 sys=0.00, real=0.00 secs] 
212.962: Total time for which application threads were stopped: 0.0049220 seconds, Stopping threads took: 0.0000910 seconds
213.130: Application time: 0.1681690 seconds
213.130: [Full GC [PSYoungGen: 25050K->9654K(28672K)] [ParOldGen: 65238K->65238K(65536K)] 90288K->74892K(94208K) [PSPermGen: 5179K->5179K(21504K)], 0.0049100 secs] [Times: user=0.02 sys=0.00, real=0.01 secs] 
213.135: Total time for which application threads were stopped: 0.0050800 seconds, Stopping threads took: 0.0000840 seconds
213.328: Application time: 0.1934290 seconds
213.328: [Full GC [PSYoungGen: 24852K->9456K(28672K)] [ParOldGen: 65238K->65238K(65536K)] 90090K->74695K(94208K) [PSPermGen: 5179K->5179K(21504K)], 0.0049040 secs] [Times: user=0.02 sys=0.00, real=0.00 secs] 
213.333: Total time for which application threads were stopped: 0.0050670 seconds, Stopping threads took: 0.0000760 seconds
213.527: Application time: 0.1940610 seconds
213.527: Total time for which application threads were stopped: 0.0001170 seconds, Stopping threads took: 0.0000790 seconds
213.529: Application time: 0.0010430 seconds
213.529: [Full GC [PSYoungGen: 25046K->8926K(28672K)] [ParOldGen: 65373K->65373K(65536K)] 90419K->74299K(94208K) [PSPermGen: 5179K->5179K(21504K)], 0.0046710 secs] [Times: user=0.02 sys=0.00, real=0.00 secs] 
213.533: Total time for which application threads were stopped: 0.0048010 seconds, Stopping threads took: 0.0000490 seconds
213.714: Application time: 0.1805360 seconds
213.714: Total time for which application threads were stopped: 0.0001110 seconds, Stopping threads took: 0.0000780 seconds
213.714: Application time: 0.0002910 seconds
213.714: [Full GC [PSYoungGen: 25071K->9249K(28672K)] [ParOldGen: 65437K->65238K(65536K)] 90509K->74488K(94208K) [PSPermGen: 5179K->5179K(21504K)], 0.0047630 secs] [Times: user=0.02 sys=0.00, real=0.00 secs] 
213.719: Total time for which application threads were stopped: 0.0048870 seconds, Stopping threads took: 0.0000460 seconds
213.909: Application time: 0.1901870 seconds
213.909: [Full GC [PSYoungGen: 25071K->9590K(28672K)] [ParOldGen: 65302K->65302K(65536K)] 90374K->74892K(94208K) [PSPermGen: 5179K->5179K(21504K)], 0.0047670 secs] [Times: user=0.02 sys=0.00, real=0.01 secs] 
213.914: Total time for which application threads were stopped: 0.0049350 seconds, Stopping threads took: 0.0000760 seconds
214.118: Application time: 0.2040530 seconds
214.118: Total time for which application threads were stopped: 0.0001080 seconds, Stopping threads took: 0.0000780 seconds
214.120: Application time: 0.0020320 seconds
214.121: [Full GC [PSYoungGen: 25022K->9519K(28672K)] [ParOldGen: 65437K->65373K(65536K)] 90459K->74893K(94208K) [PSPermGen: 5179K->5179K(21504K)], 0.0048700 secs] [Times: user=0.02 sys=0.00, real=0.00 secs] 
214.125: Total time for which application threads were stopped: 0.0049930 seconds, Stopping threads took: 0.0000400 seconds
214.289: Application time: 0.1632110 seconds
214.289: [Full GC [PSYoungGen: 24991K->9322K(28672K)] [ParOldGen: 65508K->65373K(65536K)] 90499K->74695K(94208K) [PSPermGen: 5179K->5179K(21504K)], 0.0046570 secs] [Times: user=0.02 sys=0.00, real=0.00 secs] 
214.294: Total time for which application threads were stopped: 0.0048160 seconds, Stopping threads took: 0.0000730 seconds
214.483: Application time: 0.1894070 seconds
214.483: [Full GC [PSYoungGen: 24918K->9852K(28672K)] [ParOldGen: 65373K->65238K(65536K)] 90291K->75091K(94208K) [PSPermGen: 5179K->5179K(21504K)], 0.0048030 secs] [Times: user=0.02 sys=0.00, real=0.01 secs] 
214.488: Total time for which application threads were stopped: 0.0049730 seconds, Stopping threads took: 0.0000860 seconds
214.701: Application time: 0.2129150 seconds
214.701: [Full GC [PSYoungGen: 25039K->9331K(28672K)] [ParOldGen: 65238K->65238K(65536K)] 90278K->74569K(94208K) [PSPermGen: 5179K->5179K(21504K)], 0.0047440 secs] [Times: user=0.01 sys=0.00, real=0.00 secs] 
214.706: Total time for which application threads were stopped: 0.0049270 seconds, Stopping threads took: 0.0000890 seconds
214.877: Application time: 0.1716710 seconds
214.878: [Full GC [PSYoungGen: 25059K->9457K(28672K)] [ParOldGen: 65238K->65238K(65536K)] 90298K->74695K(94208K) [PSPermGen: 5179K->5179K(21504K)], 0.0048660 secs] [Times: user=0.02 sys=0.00, real=0.00 secs] 
214.882: Total time for which application threads were stopped: 0.0050220 seconds, Stopping threads took: 0.0000660 seconds
215.068: Application time: 0.1853630 seconds
215.068: [Full GC [PSYoungGen: 25062K->9259K(28672K)] [ParOldGen: 65238K->65238K(65536K)] 90301K->74498K(94208K) [PSPermGen: 5179K->5179K(21504K)], 0.0047610 secs] [Times: user=0.02 sys=0.00, real=0.00 secs] 
215.073: Total time for which application threads were stopped: 0.0049160 seconds, Stopping threads took: 0.0000700 seconds
215.264: Application time: 0.1913440 seconds
215.264: [Full GC [PSYoungGen: 24905K->10050K(28672K)] [ParOldGen: 65238K->65238K(65536K)] 90143K->75289K(94208K) [PSPermGen: 5179K->5179K(21504K)], 0.0049670 secs] [Times: user=0.02 sys=0.00, real=0.01 secs] 
215.269: Total time for which application threads were stopped: 0.0051300 seconds, Stopping threads took: 0.0000700 seconds
215.470: Application time: 0.2004440 seconds
215.474: Total time for which application threads were stopped: 0.0044250 seconds, Stopping threads took: 0.0044010 seconds
215.474: Application time: 0.0000740 seconds
215.474: [Full GC [PSYoungGen: 24964K->8846K(28672K)] [ParOldGen: 65507K->65507K(65536K)] 90472K->74354K(94208K) [PSPermGen: 5179K->5179K(21504K)], 0.0045750 secs] [Times: user=0.02 sys=0.00, real=0.00 secs] 
215.479: Total time for which application threads were stopped: 0.0047190 seconds, Stopping threads took: 0.0000670 seconds
215.661: Application time: 0.1817350 seconds
215.661: Total time for which application threads were stopped: 0.0001000 seconds, Stopping threads took: 0.0000800 seconds
215.661: Application time: 0.0004230 seconds
215.661: [Full GC [PSYoungGen: 24877K->8855K(28672K)] [ParOldGen: 65507K->65238K(65536K)] 90385K->74094K(94208K) [PSPermGen: 5179K->5179K(21504K)], 0.0047870 secs] [Times: user=0.02 sys=0.00, real=0.01 secs] 
215.666: Total time for which application threads were stopped: 0.0048960 seconds, Stopping threads took: 0.0000340 seconds
215.852: Application time: 0.1857030 seconds
215.852: [Full GC [PSYoungGen: 25042K->9520K(28672K)] [ParOldGen: 65508K->65508K(65536K)] 90550K->75028K(94208K) [PSPermGen: 5179K->5179K(21504K)], 0.0048610 secs] [Times: user=0.01 sys=0.00, real=0.01 secs] 
215.857: Total time for which application threads were stopped: 0.0050340 seconds, Stopping threads took: 0.0000750 seconds
216.075: Application time: 0.2178380 seconds
216.075: Total time for which application threads were stopped: 0.0001010 seconds, Stopping threads took: 0.0000790 seconds
216.076: Application time: 0.0013900 seconds
216.076: [Full GC [PSYoungGen: 25061K->9322K(28672K)] [ParOldGen: 65508K->65238K(65536K)] 90569K->74561K(94208K) [PSPermGen: 5179K->5179K(21504K)], 0.0047260 secs] [Times: user=0.02 sys=0.00, real=0.00 secs] 
216.081: Total time for which application threads were stopped: 0.0048360 seconds, Stopping threads took: 0.0000290 seconds
216.253: Application time: 0.1724110 seconds
216.253: [Full GC [PSYoungGen: 24988K->9386K(28672K)] [ParOldGen: 65507K->65507K(65536K)] 90496K->74894K(94208K) [PSPermGen: 5179K->5179K(21504K)], 0.0048910 secs] [Times: user=0.02 sys=0.00, real=0.01 secs] 
216.258: Total time for which application threads were stopped: 0.0050530 seconds, Stopping threads took: 0.0000720 seconds
216.437: Application time: 0.1782710 seconds
216.437: [Full GC [PSYoungGen: 25034K->9655K(28672K)] [ParOldGen: 65507K->65238K(65536K)] 90542K->74894K(94208K) [PSPermGen: 5179K->5179K(21504K)], 0.0047300 secs] [Times: user=0.02 sys=0.00, real=0.00 secs] 
216.442: Total time for which application threads were stopped: 0.0049330 seconds, Stopping threads took: 0.0001070 seconds
216.646: Application time: 0.2046530 seconds
216.646: [Full GC [PSYoungGen: 24969K->9655K(28672K)] [ParOldGen: 65238K->65238K(65536K)] 90207K->74894K(94208K) [PSPermGen: 5179K->5179K(21504K)], 0.0047190 secs] [Times: user=0.01 sys=0.00, real=0.00 secs] 
216.651: Total time for which application threads were stopped: 0.0048870 seconds, Stopping threads took: 0.0000810 seconds
216.843: Application time: 0.1918700 seconds
216.843: Total time for which application threads were stopped: 0.0000960 seconds, Stopping threads took: 0.0000730 seconds
216.845: Application time: 0.0019370 seconds
216.845: [Full GC [PSYoungGen: 24986K->9188K(28672K)] [ParOldGen: 65507K->65507K(65536K)] 90494K->74696K(94208K) [PSPermGen: 5179K->5179K(21504K)], 0.0049560 secs] [Times: user=0.02 sys=0.00, real=0.01 secs] 
216.850: Total time for which application threads were stopped: 0.0050890 seconds, Stopping threads took: 0.0000500 seconds
217.035: Application time: 0.1852960 seconds
217.036: [Full GC [PSYoungGen: 24989K->9458K(28672K)] [ParOldGen: 65507K->65238K(65536K)] 90497K->74696K(94208K) [PSPermGen: 5179K->5179K(21504K)], 0.0049530 secs] [Times: user=0.02 sys=0.00, real=0.00 secs] 
217.041: Total time for which application threads were stopped: 0.0051270 seconds, Stopping threads took: 0.0000790 seconds
217.227: Application time: 0.1866490 seconds
217.227: [Full GC [PSYoungGen: 24969K->9853K(28672K)] [ParOldGen: 65238K->65238K(65536K)] 90207K->75092K(94208K) [PSPermGen: 5179K->5179K(21504K)], 0.0050250 secs] [Times: user=0.02 sys=0.00, real=0.00 secs] 
217.232: Total time for which application threads were stopped: 0.0051820 seconds, Stopping threads took: 0.0000700 seconds
217.398: Application time: 0.1653080 seconds
217.398: [Full GC [PSYoungGen: 25040K->10051K(28672K)] [ParOldGen: 65238K->65238K(65536K)] 90279K->75289K(94208K) [PSPermGen: 5179K->5179K(21504K)], 0.0049600 secs] [Times: user=0.02 sys=0.00, real=0.00 secs] 
217.403: Total time for which application threads were stopped: 0.0051210 seconds, Stopping threads took: 0.0000730 seconds
217.586: Application time: 0.1828600 seconds
217.586: [Full GC [PSYoungGen: 24989K->10123K(28672K)] [ParOldGen: 65238K->65238K(65536K)] 90227K->75361K(94208K) [PSPermGen: 5179K->5179K(21504K)], 0.0048410 secs] [Times: user=0.02 sys=0.00, real=0.01 secs] 
217.591: Total time for which application threads were stopped: 0.0050120 seconds, Stopping threads took: 0.0000770 seconds
217.784: Application time: 0.1936890 seconds
217.785: [Full GC [PSYoungGen: 25003K->10051K(28672K)] [ParOldGen: 65238K->65238K(65536K)] 90242K->75290K(94208K) [PSPermGen: 5179K->5179K(21504K)], 0.0048250 secs] [Times: user=0.01 sys=0.00, real=0.01 secs] 
217.789: Total time for which application threads were stopped: 0.0050040 seconds, Stopping threads took: 0.0000900 seconds
217.974: Application time: 0.1848010 seconds
217.974: [Full GC [PSYoungGen: 24853K->9063K(28672K)] [ParOldGen: 65238K->65238K(65536K)] 90091K->74301K(94208K) [PSPermGen: 5179K->5179K(21504K)], 0.0049420 secs] [Times: user=0.01 sys=0.00, real=0.00 secs] 
217.979: Total time for which application threads were stopped: 0.0051260 seconds, Stopping threads took: 0.0000910 seconds
218.161: Application time: 0.1819670 seconds
218.161: [Full GC [PSYoungGen: 25065K->9656K(28672K)] [ParOldGen: 65238K->65238K(65536K)] 90304K->74895K(94208K) [PSPermGen: 5179K->5179K(21504K)], 0.0049840 secs] [Times: user=0.02 sys=0.00, real=0.01 secs] 
218.166: Total time for which application threads were stopped: 0.0051720 seconds, Stopping threads took: 0.0000890 seconds
218.373: Application time: 0.2062610 seconds
218.373: [Full GC [PSYoungGen: 24967K->9458K(28672K)] [ParOldGen: 65238K->65238K(65536K)] 90206K->74697K(94208K) [PSPermGen: 5179K->5179K(21504K)], 0.0048820 secs] [Times: user=0.02 sys=0.00, real=0.01 secs] 
218.378: Total time for which application threads were stopped: 0.0050440 seconds, Stopping threads took: 0.0000740 seconds
218.563: Application time: 0.1850810 seconds
218.563: [Full GC [PSYoungGen: 24854K->9656K(28672K)] [ParOldGen: 65238K->65238K(65536K)] 90093K->74895K(94208K) [PSPermGen: 5179K->5179K(21504K)], 0.0049310 secs] [Times: user=0.02 sys=0.00, real=0.01 secs] 
218.568: Total time for which application threads were stopped: 0.0051060 seconds, Stopping threads took: 0.0000860 seconds
218.757: Application time: 0.1888820 seconds
218.757: Total time for which application threads were stopped: 0.0001400 seconds, Stopping threads took: 0.0001090 seconds
218.758: Application time: 0.0005300 seconds
218.758: [Full GC [PSYoungGen: 25062K->8650K(28672K)] [ParOldGen: 65507K->65507K(65536K)] 90570K->74158K(94208K) [PSPermGen: 5179K->5179K(21504K)], 0.0047260 secs] [Times: user=0.02 sys=0.00, real=0.00 secs] 
218.762: Total time for which application threads were stopped: 0.0048340 seconds, Stopping threads took: 0.0000300 seconds
218.963: Application time: 0.2004300 seconds
218.963: [Full GC [PSYoungGen: 25037K->9657K(28672K)] [ParOldGen: 65507K->65238K(65536K)] 90545K->74895K(94208K) [PSPermGen: 5179K->5179K(21504K)], 0.0049550 secs] [Times: user=0.02 sys=0.00, real=0.01 secs] 
218.968: Total time for which application threads were stopped: 0.0051270 seconds, Stopping threads took: 0.0000810 seconds
219.163: Application time: 0.1945890 seconds
219.166: [Full GC [PSYoungGen: 25055K->9657K(28672K)] [ParOldGen: 65238K->65238K(65536K)] 90294K->74895K(94208K) [PSPermGen: 5179K->5179K(21504K)], 0.0051020 secs] [Times: user=0.02 sys=0.00, real=0.00 secs] 
219.171: Total time for which application threads were stopped: 0.0086700 seconds, Stopping threads took: 0.0034850 seconds
219.359: Application time: 0.1877200 seconds
219.359: [Full GC [PSYoungGen: 25050K->9657K(28672K)] [ParOldGen: 65238K->65238K(65536K)] 90289K->74895K(94208K) [PSPermGen: 5179K->5179K(21504K)], 0.0048810 secs] [Times: user=0.02 sys=0.00, real=0.00 secs] 
219.364: Total time for which application threads were stopped: 0.0050960 seconds, Stopping threads took: 0.0001120 seconds
219.547: Application time: 0.1826530 seconds
219.547: Total time for which application threads were stopped: 0.0001110 seconds, Stopping threads took: 0.0000840 seconds
219.549: Application time: 0.0018510 seconds
219.549: [Full GC [PSYoungGen: 25049K->8722K(28672K)] [ParOldGen: 65373K->65373K(65536K)] 90422K->74095K(94208K) [PSPermGen: 5179K->5179K(21504K)], 0.0045430 secs] [Times: user=0.02 sys=0.00, real=0.00 secs] 
219.553: Total time for which application threads were stopped: 0.0046730 seconds, Stopping threads took: 0.0000460 seconds
219.761: Application time: 0.2075070 seconds
219.761: [Full GC [PSYoungGen: 25071K->9197K(28672K)] [ParOldGen: 65437K->65302K(65536K)] 90509K->74500K(94208K) [PSPermGen: 5179K->5179K(21504K)], 0.0048940 secs] [Times: user=0.01 sys=0.00, real=0.00 secs] 
219.766: Total time for which application threads were stopped: 0.0050670 seconds, Stopping threads took: 0.0000830 seconds
219.955: Application time: 0.1890030 seconds
219.955: [Full GC [PSYoungGen: 24990K->9854K(28672K)] [ParOldGen: 65302K->65238K(65536K)] 90292K->75093K(94208K) [PSPermGen: 5179K->5179K(21504K)], 0.0049500 secs] [Times: user=0.02 sys=0.00, real=0.00 secs] 
219.960: Total time for which application threads were stopped: 0.0051160 seconds, Stopping threads took: 0.0000710 seconds
220.136: Application time: 0.1762230 seconds
220.136: [Full GC [PSYoungGen: 25012K->9855K(28672K)] [ParOldGen: 65238K->65238K(65536K)] 90250K->75093K(94208K) [PSPermGen: 5179K->5179K(21504K)], 0.0063300 secs] [Times: user=0.02 sys=0.00, real=0.00 secs] 
220.143: Total time for which application threads were stopped: 0.0065190 seconds, Stopping threads took: 0.0000980 seconds
220.334: Application time: 0.1913100 seconds
220.334: Total time for which application threads were stopped: 0.0000920 seconds, Stopping threads took: 0.0000710 seconds
220.335: Application time: 0.0006560 seconds
220.335: [Full GC [PSYoungGen: 25048K->9656K(28672K)] [ParOldGen: 65437K->65437K(65536K)] 90485K->75093K(94208K) [PSPermGen: 5179K->5179K(21504K)], 0.0048660 secs] [Times: user=0.01 sys=0.00, real=0.00 secs] 
220.340: Total time for which application threads were stopped: 0.0050240 seconds, Stopping threads took: 0.0000780 seconds
220.521: Application time: 0.1813510 seconds
220.521: [Full GC [PSYoungGen: 25052K->9855K(28672K)] [ParOldGen: 65437K->65238K(65536K)] 90489K->75093K(94208K) [PSPermGen: 5179K->5179K(21504K)], 0.0047910 secs] [Times: user=0.01 sys=0.00, real=0.01 secs] 
220.526: Total time for which application threads were stopped: 0.0049680 seconds, Stopping threads took: 0.0000820 seconds
220.697: Application time: 0.1703390 seconds
220.697: [Full GC [PSYoungGen: 25042K->9855K(28672K)] [ParOldGen: 65238K->65238K(65536K)] 90280K->75093K(94208K) [PSPermGen: 5179K->5179K(21504K)], 0.0048030 secs] [Times: user=0.02 sys=0.00, real=0.00 secs] 
220.701: Total time for which application threads were stopped: 0.0049640 seconds, Stopping threads took: 0.0000760 seconds
220.917: Application time: 0.2150850 seconds
220.917: [Full GC [PSYoungGen: 24966K->9657K(28672K)] [ParOldGen: 65238K->65238K(65536K)] 90205K->74896K(94208K) [PSPermGen: 5179K->5179K(21504K)], 0.0047870 secs] [Times: user=0.02 sys=0.00, real=0.00 secs] 
220.922: Total time for which application threads were stopped: 0.0049570 seconds, Stopping threads took: 0.0000800 seconds
221.103: Application time: 0.1816800 seconds
221.103: [Full GC [PSYoungGen: 24856K->9262K(28672K)] [ParOldGen: 65238K->65238K(65536K)] 90094K->74500K(94208K) [PSPermGen: 5179K->5179K(21504K)], 0.0047830 secs] [Times: user=0.02 sys=0.00, real=0.01 secs] 
221.108: Total time for which application threads were stopped: 0.0049630 seconds, Stopping threads took: 0.0000840 seconds
221.278: Application time: 0.1693960 seconds
221.278: [Full GC [PSYoungGen: 25003K->10125K(28672K)] [ParOldGen: 65238K->65238K(65536K)] 90242K->75363K(94208K) [PSPermGen: 5179K->5179K(21504K)], 0.0049700 secs] [Times: user=0.02 sys=0.00, real=0.00 secs] 
221.283: Total time for which application threads were stopped: 0.0051490 seconds, Stopping threads took: 0.0000910 seconds
221.476: Application time: 0.1935700 seconds
221.476: [Full GC [PSYoungGen: 25076K->10125K(28672K)] [ParOldGen: 65238K->65238K(65536K)] 90315K->75363K(94208K) [PSPermGen: 5179K->5179K(21504K)], 0.0049180 secs] [Times: user=0.02 sys=0.00, real=0.00 secs] 
221.481: Total time for which application threads were stopped: 0.0050980 seconds, Stopping threads took: 0.0000920 seconds
221.667: Application time: 0.1852860 seconds
221.667: [Full GC [PSYoungGen: 24844K->9658K(28672K)] [ParOldGen: 65238K->65238K(65536K)] 90082K->74896K(94208K) [PSPermGen: 5179K->5179K(21504K)], 0.0048670 secs] [Times: user=0.02 sys=0.00, real=0.00 secs] 
221.672: Total time for which application threads were stopped: 0.0050420 seconds, Stopping threads took: 0.0000780 seconds
221.863: Application time: 0.1908270 seconds
221.863: [Full GC [PSYoungGen: 24848K->9855K(28672K)] [ParOldGen: 65238K->65238K(65536K)] 90086K->75094K(94208K) [PSPermGen: 5179K->5179K(21504K)], 0.0046560 secs] [Times: user=0.02 sys=0.00, real=0.01 secs] 
221.867: Total time for which application threads were stopped: 0.0048370 seconds, Stopping threads took: 0.0000830 seconds
222.044: Application time: 0.1764280 seconds
222.044: Total time for which application threads were stopped: 0.0000980 seconds, Stopping threads took: 0.0000750 seconds
222.044: Application time: 0.0000550 seconds
222.044: [Full GC [PSYoungGen: 25024K->9713K(28672K)] [ParOldGen: 65373K->65373K(65536K)] 90397K->75086K(94208K) [PSPermGen: 5179K->5179K(21504K)], 0.0047240 secs] [Times: user=0.02 sys=0.00, real=0.01 secs] 
222.049: Total time for which application threads were stopped: 0.0048460 seconds, Stopping threads took: 0.0000440 seconds
222.249: Application time: 0.1998450 seconds
222.249: [Full GC [PSYoungGen: 25058K->9198K(28672K)] [ParOldGen: 65437K->65302K(65536K)] 90495K->74501K(94208K) [PSPermGen: 5179K->5179K(21504K)], 0.0048390 secs] [Times: user=0.02 sys=0.00, real=0.00 secs] 
222.254: Total time for which application threads were stopped: 0.0050350 seconds, Stopping threads took: 0.0001020 seconds
222.450: Application time: 0.1965280 seconds
222.450: [Full GC [PSYoungGen: 25074K->9856K(28672K)] [ParOldGen: 65302K->65238K(65536K)] 90377K->75094K(94208K) [PSPermGen: 5179K->5179K(21504K)], 0.0049580 secs] [Times: user=0.02 sys=0.00, real=0.01 secs] 
222.455: Total time for which application threads were stopped: 0.0051280 seconds, Stopping threads took: 0.0000830 seconds
222.625: Application time: 0.1695090 seconds
222.625: [Full GC [PSYoungGen: 24855K->9263K(28672K)] [ParOldGen: 65238K->65238K(65536K)] 90093K->74501K(94208K) [PSPermGen: 5179K->5179K(21504K)], 0.0048030 secs] [Times: user=0.02 sys=0.00, real=0.01 secs] 
222.630: Total time for which application threads were stopped: 0.0049630 seconds, Stopping threads took: 0.0000730 seconds
222.826: Application time: 0.1965270 seconds
222.826: [Full GC [PSYoungGen: 25028K->9658K(28672K)] [ParOldGen: 65238K->65238K(65536K)] 90266K->74897K(94208K) [PSPermGen: 5179K->5179K(21504K)], 0.0049660 secs] [Times: user=0.02 sys=0.00, real=0.00 secs] 
222.831: Total time for which application threads were stopped: 0.0051340 seconds, Stopping threads took: 0.0000740 seconds
223.010: Application time: 0.1788980 seconds
223.011: [Full GC [PSYoungGen: 24967K->9461K(28672K)] [ParOldGen: 65238K->65238K(65536K)] 90206K->74699K(94208K) [PSPermGen: 5179K->5179K(21504K)], 0.0049000 secs] [Times: user=0.02 sys=0.00, real=0.01 secs] 
223.015: Total time for which application threads were stopped: 0.0050580 seconds, Stopping threads took: 0.0000730 seconds
223.196: Application time: 0.1804630 seconds
223.196: [Full GC [PSYoungGen: 24857K->9658K(28672K)] [ParOldGen: 65238K->65238K(65536K)] 90096K->74897K(94208K) [PSPermGen: 5179K->5179K(21504K)], 0.0048750 secs] [Times: user=0.01 sys=0.00, real=0.00 secs] 
223.201: Total time for which application threads were stopped: 0.0050520 seconds, Stopping threads took: 0.0000870 seconds
223.391: Application time: 0.1902680 seconds
223.391: Total time for which application threads were stopped: 0.0001130 seconds, Stopping threads took: 0.0000820 seconds
223.393: Application time: 0.0012170 seconds
223.393: [Full GC [PSYoungGen: 25039K->9326K(28672K)] [ParOldGen: 65373K->65373K(65536K)] 90413K->74699K(94208K) [PSPermGen: 5179K->5179K(21504K)], 0.0046690 secs] [Times: user=0.02 sys=0.00, real=0.01 secs] 
223.397: Total time for which application threads were stopped: 0.0047920 seconds, Stopping threads took: 0.0000420 seconds
223.574: Application time: 0.1766220 seconds
223.574: [Full GC [PSYoungGen: 24994K->9524K(28672K)] [ParOldGen: 65508K->65373K(65536K)] 90502K->74897K(94208K) [PSPermGen: 5179K->5179K(21504K)], 0.0047500 secs] [Times: user=0.01 sys=0.00, real=0.00 secs] 
223.579: Total time for which application threads were stopped: 0.0049400 seconds, Stopping threads took: 0.0001040 seconds
223.756: Application time: 0.1766980 seconds
223.756: [Full GC [PSYoungGen: 25069K->10126K(28672K)] [ParOldGen: 65373K->65238K(65536K)] 90442K->75364K(94208K) [PSPermGen: 5179K->5179K(21504K)], 0.0049670 secs] [Times: user=0.02 sys=0.00, real=0.00 secs] 
223.761: Total time for which application threads were stopped: 0.0051330 seconds, Stopping threads took: 0.0000780 seconds
223.991: Application time: 0.2305190 seconds
223.991: Total time for which application threads were stopped: 0.0001140 seconds, Stopping threads took: 0.0000800 seconds
223.993: Application time: 0.0017280 seconds
223.993: [Full GC [PSYoungGen: 25081K->9047K(28672K)] [ParOldGen: 65381K->65238K(65536K)] 90462K->74286K(94208K) [PSPermGen: 5179K->5179K(21504K)], 0.0045510 secs] [Times: user=0.02 sys=0.00, real=0.01 secs] 
223.998: Total time for which application threads were stopped: 0.0046600 seconds, Stopping threads took: 0.0000300 seconds
224.177: Application time: 0.1796800 seconds
224.178: Total time for which application threads were stopped: 0.0001000 seconds, Stopping threads took: 0.0000780 seconds
224.179: Application time: 0.0016330 seconds
224.179: [Full GC [PSYoungGen: 24982K->9182K(28672K)] [ParOldGen: 65507K->65507K(65536K)] 90490K->74690K(94208K) [PSPermGen: 5179K->5179K(21504K)], 0.0050450 secs] [Times: user=0.02 sys=0.00, real=0.00 secs] 
224.184: Total time for which application threads were stopped: 0.0051820 seconds, Stopping threads took: 0.0000490 seconds
224.344: Application time: 0.1600270 seconds
224.345: [Full GC [PSYoungGen: 25058K->9928K(28672K)] [ParOldGen: 65507K->65238K(65536K)] 90565K->75167K(94208K) [PSPermGen: 5179K->5179K(21504K)], 0.0051060 secs] [Times: user=0.01 sys=0.00, real=0.01 secs] 
224.350: Total time for which application threads were stopped: 0.0052660 seconds, Stopping threads took: 0.0000730 seconds
224.551: Application time: 0.2014530 seconds
224.551: [Full GC [PSYoungGen: 25037K->10126K(28672K)] [ParOldGen: 65238K->65238K(65536K)] 90276K->75365K(94208K) [PSPermGen: 5179K->5179K(21504K)], 0.0049640 secs] [Times: user=0.02 sys=0.00, real=0.01 secs] 
224.556: Total time for which application threads were stopped: 0.0051750 seconds, Stopping threads took: 0.0001160 seconds
224.752: Application time: 0.1958170 seconds
224.752: [Full GC [PSYoungGen: 25057K->9461K(28672K)] [ParOldGen: 65238K->65238K(65536K)] 90295K->74700K(94208K) [PSPermGen: 5179K->5179K(21504K)], 0.0047940 secs] [Times: user=0.02 sys=0.00, real=0.01 secs] 
224.757: Total time for which application threads were stopped: 0.0049570 seconds, Stopping threads took: 0.0000740 seconds
224.939: Application time: 0.1822270 seconds
224.939: [Full GC [PSYoungGen: 25066K->9183K(28672K)] [ParOldGen: 65238K->65238K(65536K)] 90304K->74421K(94208K) [PSPermGen: 5179K->5179K(21504K)], 0.0047460 secs] [Times: user=0.02 sys=0.00, real=0.00 secs] 
224.944: Total time for which application threads were stopped: 0.0048840 seconds, Stopping threads took: 0.0000530 seconds
225.120: Application time: 0.1761070 seconds
225.120: [Full GC [PSYoungGen: 25027K->9659K(28672K)] [ParOldGen: 65238K->65238K(65536K)] 90266K->74898K(94208K) [PSPermGen: 5179K->5179K(21504K)], 0.0048040 secs] [Times: user=0.02 sys=0.00, real=0.00 secs] 
225.125: Total time for which application threads were stopped: 0.0049800 seconds, Stopping threads took: 0.0000780 seconds
225.328: Application time: 0.2027630 seconds
225.328: [Full GC [PSYoungGen: 25053K->9462K(28672K)] [ParOldGen: 65238K->65238K(65536K)] 90292K->74700K(94208K) [PSPermGen: 5179K->5179K(21504K)], 0.0048380 secs] [Times: user=0.02 sys=0.00, real=0.00 secs] 
225.333: Total time for which application threads were stopped: 0.0050250 seconds, Stopping threads took: 0.0000970 seconds
225.528: Application time: 0.1953440 seconds
225.529: [Full GC [PSYoungGen: 24982K->9462K(28672K)] [ParOldGen: 65238K->65238K(65536K)] 90220K->74700K(94208K) [PSPermGen: 5179K->5179K(21504K)], 0.0048830 secs] [Times: user=0.02 sys=0.00, real=0.00 secs] 
225.533: Total time for which application threads were stopped: 0.0050460 seconds, Stopping threads took: 0.0000760 seconds
225.715: Application time: 0.1810910 seconds
225.715: [Full GC [PSYoungGen: 25065K->9264K(28672K)] [ParOldGen: 65238K->65238K(65536K)] 90303K->74503K(94208K) [PSPermGen: 5179K->5179K(21504K)], 0.0047840 secs] [Times: user=0.02 sys=0.00, real=0.00 secs] 
225.720: Total time for which application threads were stopped: 0.0049480 seconds, Stopping threads took: 0.0000670 seconds
225.908: Application time: 0.1885250 seconds
225.908: [Full GC [PSYoungGen: 24860K->9660K(28672K)] [ParOldGen: 65238K->65238K(65536K)] 90098K->74898K(94208K) [PSPermGen: 5179K->5179K(21504K)], 0.0048010 secs] [Times: user=0.01 sys=0.00, real=0.00 secs] 
225.913: Total time for which application threads were stopped: 0.0049540 seconds, Stopping threads took: 0.0000660 seconds
226.101: Application time: 0.1880900 seconds
226.101: [Full GC [PSYoungGen: 24969K->9462K(28672K)] [ParOldGen: 65238K->65238K(65536K)] 90207K->74700K(94208K) [PSPermGen: 5179K->5179K(21504K)], 0.0048060 secs] [Times: user=0.02 sys=0.00, real=0.01 secs] 
226.106: Total time for which application threads were stopped: 0.0049730 seconds, Stopping threads took: 0.0000790 seconds
226.279: Application time: 0.1725490 seconds
226.279: [Full GC [PSYoungGen: 25028K->9660K(28672K)] [ParOldGen: 65238K->65238K(65536K)] 90266K->74898K(94208K) [PSPermGen: 5179K->5179K(21504K)], 0.0048640 secs] [Times: user=0.02 sys=0.00, real=0.00 secs] 
226.284: Total time for which application threads were stopped: 0.0050460 seconds, Stopping threads took: 0.0000820 seconds
226.478: Application time: 0.1945090 seconds
226.478: [Full GC [PSYoungGen: 25074K->9202K(28672K)] [ParOldGen: 65238K->65238K(65536K)] 90312K->74440K(94208K) [PSPermGen: 5179K->5179K(21504K)], 0.0048690 secs] [Times: user=0.02 sys=0.00, real=0.00 secs] 
226.483: Total time for which application threads were stopped: 0.0050660 seconds, Stopping threads took: 0.0001080 seconds
226.663: Application time: 0.1793320 seconds
226.663: [Full GC [PSYoungGen: 25070K->9858K(28672K)] [ParOldGen: 65238K->65238K(65536K)] 90308K->75096K(94208K) [PSPermGen: 5179K->5179K(21504K)], 0.0047700 secs] [Times: user=0.02 sys=0.00, real=0.01 secs] 
226.668: Total time for which application threads were stopped: 0.0049290 seconds, Stopping threads took: 0.0000740 seconds
226.835: Application time: 0.1679850 seconds
226.836: [Full GC [PSYoungGen: 25045K->10055K(28672K)] [ParOldGen: 65238K->65238K(65536K)] 90283K->75294K(94208K) [PSPermGen: 5179K->5179K(21504K)], 0.0050710 secs] [Times: user=0.02 sys=0.00, real=0.00 secs] 
226.841: Total time for which application threads were stopped: 0.0052360 seconds, Stopping threads took: 0.0000700 seconds
227.057: Application time: 0.2159550 seconds
227.057: [Full GC [PSYoungGen: 24837K->10055K(28672K)] [ParOldGen: 65238K->65238K(65536K)] 90075K->75294K(94208K) [PSPermGen: 5179K->5179K(21504K)], 0.0049870 secs] [Times: user=0.01 sys=0.00, real=0.00 secs] 
227.062: Total time for which application threads were stopped: 0.0051520 seconds, Stopping threads took: 0.0000770 seconds
227.234: Application time: 0.1723110 seconds
227.234: [Full GC [PSYoungGen: 25032K->9732K(28672K)] [ParOldGen: 65238K->65238K(65536K)] 90271K->74970K(94208K) [PSPermGen: 5179K->5179K(21504K)], 0.0048170 secs] [Times: user=0.02 sys=0.00, real=0.00 secs] 
227.239: Total time for which application threads were stopped: 0.0049760 seconds, Stopping threads took: 0.0000690 seconds
227.405: Application time: 0.1658340 seconds
227.405: [Full GC [PSYoungGen: 25071K->9993K(28672K)] [ParOldGen: 65238K->65238K(65536K)] 90309K->75231K(94208K) [PSPermGen: 5179K->5179K(21504K)], 0.0049580 secs] [Times: user=0.01 sys=0.00, real=0.01 secs] 
227.410: Total time for which application threads were stopped: 0.0051330 seconds, Stopping threads took: 0.0000740 seconds
227.609: Application time: 0.1984160 seconds
227.609: [Full GC [PSYoungGen: 25020K->9858K(28672K)] [ParOldGen: 65238K->65238K(65536K)] 90259K->75097K(94208K) [PSPermGen: 5179K->5179K(21504K)], 0.0047230 secs] [Times: user=0.02 sys=0.00, real=0.00 secs] 
227.613: Total time for which application threads were stopped: 0.0048970 seconds, Stopping threads took: 0.0000890 seconds
227.802: Application time: 0.1885880 seconds
227.802: [Full GC [PSYoungGen: 25047K->9858K(28672K)] [ParOldGen: 65238K->65238K(65536K)] 90286K->75097K(94208K) [PSPermGen: 5179K->5179K(21504K)], 0.0049260 secs] [Times: user=0.02 sys=0.00, real=0.01 secs] 
227.807: Total time for which application threads were stopped: 0.0050850 seconds, Stopping threads took: 0.0000720 seconds
227.991: Application time: 0.1836660 seconds
227.991: [Full GC [PSYoungGen: 24968K->9463K(28672K)] [ParOldGen: 65238K->65238K(65536K)] 90206K->74701K(94208K) [PSPermGen: 5179K->5179K(21504K)], 0.0048940 secs] [Times: user=0.01 sys=0.00, real=0.01 secs] 
227.996: Total time for which application threads were stopped: 0.0050640 seconds, Stopping threads took: 0.0000750 seconds
228.165: Application time: 0.1688930 seconds
228.165: [Full GC [PSYoungGen: 24859K->9661K(28672K)] [ParOldGen: 65238K->65238K(65536K)] 90098K->74899K(94208K) [PSPermGen: 5179K->5179K(21504K)], 0.0051080 secs] [Times: user=0.01 sys=0.00, real=0.01 secs] 
228.170: Total time for which application threads were stopped: 0.0052730 seconds, Stopping threads took: 0.0000710 seconds
228.356: Application time: 0.1862230 seconds
228.356: [Full GC [PSYoungGen: 24848K->9858K(28672K)] [ParOldGen: 65238K->65238K(65536K)] 90086K->75097K(94208K) [PSPermGen: 5179K->5179K(21504K)], 0.0048880 secs] [Times: user=0.02 sys=0.00, real=0.00 secs] 
228.361: Total time for which application threads were stopped: 0.0050640 seconds, Stopping threads took: 0.0000890 seconds
228.573: Application time: 0.2118920 seconds
228.573: Total time for which application threads were stopped: 0.0001040 seconds, Stopping threads took: 0.0000750 seconds
228.574: Application time: 0.0009360 seconds
228.574: [Full GC [PSYoungGen: 25055K->9256K(28672K)] [ParOldGen: 65507K->65507K(65536K)] 90563K->74764K(94208K) [PSPermGen: 5179K->5179K(21504K)], 0.0047720 secs] [Times: user=0.02 sys=0.00, real=0.00 secs] 
228.579: Total time for which application threads were stopped: 0.0048870 seconds, Stopping threads took: 0.0000380 seconds
228.747: Application time: 0.1682830 seconds
228.748: [Full GC [PSYoungGen: 24955K->9661K(28672K)] [ParOldGen: 65507K->65238K(65536K)] 90463K->74899K(94208K) [PSPermGen: 5179K->5179K(21504K)], 0.0048490 secs] [Times: user=0.02 sys=0.00, real=0.00 secs] 
228.752: Total time for which application threads were stopped: 0.0050050 seconds, Stopping threads took: 0.0000730 seconds
228.941: Application time: 0.1885900 seconds
228.941: [Full GC [PSYoungGen: 25068K->9796K(28672K)] [ParOldGen: 65238K->65238K(65536K)] 90307K->75034K(94208K) [PSPermGen: 5179K->5179K(21504K)], 0.0050130 secs] [Times: user=0.02 sys=0.00, real=0.01 secs] 
228.946: Total time for which application threads were stopped: 0.0051870 seconds, Stopping threads took: 0.0000840 seconds
229.110: Application time: 0.1634080 seconds
229.110: [Full GC [PSYoungGen: 24974K->9859K(28672K)] [ParOldGen: 65238K->65238K(65536K)] 90213K->75097K(94208K) [PSPermGen: 5179K->5179K(21504K)], 0.0047750 secs] [Times: user=0.01 sys=0.00, real=0.01 secs] 
229.115: Total time for which application threads were stopped: 0.0049510 seconds, Stopping threads took: 0.0000790 seconds
229.287: Application time: 0.1728610 seconds
229.288: [Full GC [PSYoungGen: 25048K->9859K(28672K)] [ParOldGen: 65238K->65238K(65536K)] 90286K->75097K(94208K) [PSPermGen: 5179K->5179K(21504K)], 0.0049780 secs] [Times: user=0.02 sys=0.00, real=0.00 secs] 
229.293: Total time for which application threads were stopped: 0.0051430 seconds, Stopping threads took: 0.0000760 seconds
229.516: Application time: 0.2232270 seconds
229.518: [Full GC [PSYoungGen: 25056K->9059K(28672K)] [ParOldGen: 65238K->65238K(65536K)] 90294K->74298K(94208K) [PSPermGen: 5179K->5179K(21504K)], 0.0047240 secs] [Times: user=0.01 sys=0.00, real=0.00 secs] 
229.523: Total time for which application threads were stopped: 0.0070610 seconds, Stopping threads took: 0.0022510 seconds
229.712: Application time: 0.1895700 seconds
229.713: Total time for which application threads were stopped: 0.0001240 seconds, Stopping threads took: 0.0000860 seconds
229.713: Application time: 0.0002870 seconds
229.713: [Full GC [PSYoungGen: 25053K->9329K(28672K)] [ParOldGen: 65373K->65373K(65536K)] 90427K->74702K(94208K) [PSPermGen: 5179K->5179K(21504K)], 0.0048840 secs] [Times: user=0.02 sys=0.00, real=0.01 secs] 
229.718: Total time for which application threads were stopped: 0.0050110 seconds, Stopping threads took: 0.0000460 seconds
229.890: Application time: 0.1717500 seconds
229.890: Total time for which application threads were stopped: 0.0000940 seconds, Stopping threads took: 0.0000710 seconds
229.890: Application time: 0.0001410 seconds
229.890: [Full GC [PSYoungGen: 25084K->9225K(28672K)] [ParOldGen: 65532K->65262K(65536K)] 90616K->74487K(94208K) [PSPermGen: 5179K->5179K(21504K)], 0.0048420 secs] [Times: user=0.01 sys=0.00, real=0.01 secs] 
229.895: Total time for which application threads were stopped: 0.0049490 seconds, Stopping threads took: 0.0000310 seconds
230.114: Application time: 0.2192880 seconds
230.114: [Full GC [PSYoungGen: 25034K->9724K(28672K)] [ParOldGen: 65397K->65373K(65536K)] 90431K->75098K(94208K) [PSPermGen: 5179K->5179K(21504K)], 0.0047670 secs] [Times: user=0.02 sys=0.00, real=0.00 secs] 
230.119: Total time for which application threads were stopped: 0.0049290 seconds, Stopping threads took: 0.0000750 seconds
230.289: Application time: 0.1703040 seconds
230.289: [Full GC [PSYoungGen: 24914K->10057K(28672K)] [ParOldGen: 65373K->65238K(65536K)] 90287K->75295K(94208K) [PSPermGen: 5179K->5179K(21504K)], 0.0048320 secs] [Times: user=0.02 sys=0.00, real=0.01 secs] 
230.294: Total time for which application threads were stopped: 0.0050020 seconds, Stopping threads took: 0.0000780 seconds
230.464: Application time: 0.1698480 seconds
230.464: [Full GC [PSYoungGen: 24848K->9464K(28672K)] [ParOldGen: 65238K->65238K(65536K)] 90086K->74702K(94208K) [PSPermGen: 5179K->5179K(21504K)], 0.0049740 secs] [Times: user=0.02 sys=0.00, real=0.01 secs] 
230.469: Total time for which application threads were stopped: 0.0051500 seconds, Stopping threads took: 0.0000880 seconds
230.684: Application time: 0.2142210 seconds
230.684: Total time for which application threads were stopped: 0.0000940 seconds, Stopping threads took: 0.0000730 seconds
230.685: Application time: 0.0014760 seconds
230.685: [Full GC [PSYoungGen: 25047K->9527K(28672K)] [ParOldGen: 65373K->65373K(65536K)] 90420K->74900K(94208K) [PSPermGen: 5179K->5179K(21504K)], 0.0048210 secs] [Times: user=0.02 sys=0.00, real=0.01 secs] 
230.690: Total time for which application threads were stopped: 0.0049410 seconds, Stopping threads took: 0.0000410 seconds
230.871: Application time: 0.1806590 seconds
230.871: [Full GC [PSYoungGen: 24923K->9662K(28672K)] [ParOldGen: 65373K->65238K(65536K)] 90296K->74900K(94208K) [PSPermGen: 5179K->5179K(21504K)], 0.0047440 secs] [Times: user=0.01 sys=0.00, real=0.01 secs] 
230.876: Total time for which application threads were stopped: 0.0049120 seconds, Stopping threads took: 0.0000750 seconds
231.056: Application time: 0.1802190 seconds
231.056: Total time for which application threads were stopped: 0.0000980 seconds, Stopping threads took: 0.0000770 seconds
231.056: Application time: 0.0001970 seconds
231.056: [Full GC [PSYoungGen: 25076K->9195K(28672K)] [ParOldGen: 65508K->65508K(65536K)] 90584K->74703K(94208K) [PSPermGen: 5179K->5179K(21504K)], 0.0048870 secs] [Times: user=0.01 sys=0.00, real=0.00 secs] 
231.061: Total time for which application threads were stopped: 0.0050020 seconds, Stopping threads took: 0.0000380 seconds
231.257: Application time: 0.1960250 seconds
231.257: [Full GC [PSYoungGen: 25083K->9464K(28672K)] [ParOldGen: 65508K->65238K(65536K)] 90591K->74703K(94208K) [PSPermGen: 5179K->5179K(21504K)], 0.0047930 secs] [Times: user=0.02 sys=0.00, real=0.00 secs] 
231.262: Total time for which application threads were stopped: 0.0049520 seconds, Stopping threads took: 0.0000760 seconds
231.450: Application time: 0.1875160 seconds
231.450: [Full GC [PSYoungGen: 24948K->9662K(28672K)] [ParOldGen: 65238K->65238K(65536K)] 90186K->74901K(94208K) [PSPermGen: 5179K->5179K(21504K)], 0.0050110 secs] [Times: user=0.02 sys=0.00, real=0.01 secs] 
231.455: Total time for which application threads were stopped: 0.0051920 seconds, Stopping threads took: 0.0000740 seconds
231.642: Application time: 0.1873370 seconds
231.642: Total time for which application threads were stopped: 0.0000910 seconds, Stopping threads took: 0.0000720 seconds
231.644: Application time: 0.0015000 seconds
231.644: [Full GC [PSYoungGen: 25047K->9123K(28672K)] [ParOldGen: 65373K->65373K(65536K)] 90421K->74496K(94208K) [PSPermGen: 5179K->5179K(21504K)], 0.0046570 secs] [Times: user=0.02 sys=0.00, real=0.01 secs] 
231.649: Total time for which application threads were stopped: 0.0047840 seconds, Stopping threads took: 0.0000470 seconds
231.838: Application time: 0.1898560 seconds
231.839: [Full GC [PSYoungGen: 25066K->9401K(28672K)] [ParOldGen: 65437K->65302K(65536K)] 90504K->74703K(94208K) [PSPermGen: 5179K->5179K(21504K)], 0.0047330 secs] [Times: user=0.02 sys=0.00, real=0.00 secs] 
231.843: Total time for which application threads were stopped: 0.0048950 seconds, Stopping threads took: 0.0000740 seconds
232.024: Application time: 0.1804700 seconds
232.024: [Full GC [PSYoungGen: 24994K->9860K(28672K)] [ParOldGen: 65302K->65238K(65536K)] 90297K->75098K(94208K) [PSPermGen: 5179K->5179K(21504K)], 0.0049700 secs] [Times: user=0.02 sys=0.00, real=0.01 secs] 
232.029: Total time for which application threads were stopped: 0.0051400 seconds, Stopping threads took: 0.0000720 seconds
232.217: Application time: 0.1885100 seconds
232.218: [Full GC [PSYoungGen: 25055K->9465K(28672K)] [ParOldGen: 65238K->65238K(65536K)] 90293K->74703K(94208K) [PSPermGen: 5179K->5179K(21504K)], 0.0048380 secs] [Times: user=0.02 sys=0.00, real=0.00 secs] 
232.222: Total time for which application threads were stopped: 0.0050020 seconds, Stopping threads took: 0.0000770 seconds
232.398: Application time: 0.1755550 seconds
232.398: [Full GC [PSYoungGen: 25007K->9932K(28672K)] [ParOldGen: 65238K->65238K(65536K)] 90245K->75171K(94208K) [PSPermGen: 5179K->5179K(21504K)], 0.0049080 secs] [Times: user=0.02 sys=0.00, real=0.00 secs] 
232.403: Total time for which application threads were stopped: 0.0050630 seconds, Stopping threads took: 0.0000670 seconds
232.602: Application time: 0.1989300 seconds
232.602: [Full GC [PSYoungGen: 24943K->9267K(28672K)] [ParOldGen: 65238K->65238K(65536K)] 90181K->74506K(94208K) [PSPermGen: 5179K->5179K(21504K)], 0.0046940 secs] [Times: user=0.02 sys=0.00, real=0.01 secs] 
232.607: Total time for which application threads were stopped: 0.0048620 seconds, Stopping threads took: 0.0000720 seconds
232.802: Application time: 0.1948150 seconds
232.802: [Full GC [PSYoungGen: 25068K->9465K(28672K)] [ParOldGen: 65238K->65238K(65536K)] 90307K->74704K(94208K) [PSPermGen: 5179K->5179K(21504K)], 0.0048670 secs] [Times: user=0.02 sys=0.00, real=0.01 secs] 
232.807: Total time for which application threads were stopped: 0.0050290 seconds, Stopping threads took: 0.0000720 seconds
232.977: Application time: 0.1699000 seconds
232.977: [Full GC [PSYoungGen: 24861K->9465K(28672K)] [ParOldGen: 65238K->65238K(65536K)] 90099K->74704K(94208K) [PSPermGen: 5179K->5179K(21504K)], 0.0049720 secs] [Times: user=0.01 sys=0.00, real=0.00 secs] 
232.982: Total time for which application threads were stopped: 0.0051520 seconds, Stopping threads took: 0.0000900 seconds
233.185: Application time: 0.2032240 seconds
233.185: [Full GC [PSYoungGen: 24853K->10058K(28672K)] [ParOldGen: 65238K->65238K(65536K)] 90091K->75297K(94208K) [PSPermGen: 5179K->5179K(21504K)], 0.0049800 secs] [Times: user=0.02 sys=0.00, real=0.01 secs] 
233.190: Total time for which application threads were stopped: 0.0051530 seconds, Stopping threads took: 0.0000740 seconds
233.370: Application time: 0.1795920 seconds
233.370: [Full GC [PSYoungGen: 25037K->9735K(28672K)] [ParOldGen: 65238K->65238K(65536K)] 90275K->74973K(94208K) [PSPermGen: 5179K->5179K(21504K)], 0.0048420 secs] [Times: user=0.02 sys=0.00, real=0.01 secs] 
233.375: Total time for which application threads were stopped: 0.0050180 seconds, Stopping threads took: 0.0000880 seconds
233.545: Application time: 0.1707260 seconds
233.546: Total time for which application threads were stopped: 0.0000910 seconds, Stopping threads took: 0.0000660 seconds
233.546: Application time: 0.0004670 seconds
233.546: [Full GC [PSYoungGen: 25007K->9726K(28672K)] [ParOldGen: 65373K->65373K(65536K)] 90380K->75099K(94208K) [PSPermGen: 5179K->5179K(21504K)], 0.0048090 secs] [Times: user=0.02 sys=0.00, real=0.00 secs] 
233.551: Total time for which application threads were stopped: 0.0049340 seconds, Stopping threads took: 0.0000460 seconds
233.738: Application time: 0.1868700 seconds
233.738: [Full GC [PSYoungGen: 25080K->9711K(28672K)] [ParOldGen: 65532K->65397K(65536K)] 90612K->75108K(94208K) [PSPermGen: 5179K->5179K(21504K)], 0.0048630 secs] [Times: user=0.01 sys=0.00, real=0.00 secs] 
233.743: Total time for which application threads were stopped: 0.0050430 seconds, Stopping threads took: 0.0000800 seconds
233.933: Application time: 0.1905660 seconds
233.934: [Full GC [PSYoungGen: 25021K->9933K(28672K)] [ParOldGen: 65397K->65238K(65536K)] 90418K->75171K(94208K) [PSPermGen: 5179K->5179K(21504K)], 0.0047520 secs] [Times: user=0.02 sys=0.00, real=0.01 secs] 
233.938: Total time for which application threads were stopped: 0.0049260 seconds, Stopping threads took: 0.0000850 seconds
234.124: Application time: 0.1854080 seconds
234.124: [Full GC [PSYoungGen: 24973K->9466K(28672K)] [ParOldGen: 65238K->65238K(65536K)] 90211K->74704K(94208K) [PSPermGen: 5179K->5179K(21504K)], 0.0050550 secs] [Times: user=0.02 sys=0.00, real=0.01 secs] 
234.129: Total time for which application threads were stopped: 0.0052350 seconds, Stopping threads took: 0.0000950 seconds
234.325: Application time: 0.1961940 seconds
234.325: [Full GC [PSYoungGen: 25069K->9466K(28672K)] [ParOldGen: 65238K->65238K(65536K)] 90307K->74704K(94208K) [PSPermGen: 5179K->5179K(21504K)], 0.0048670 secs] [Times: user=0.02 sys=0.00, real=0.01 secs] 
234.330: Total time for which application threads were stopped: 0.0050490 seconds, Stopping threads took: 0.0000870 seconds
234.506: Application time: 0.1760210 seconds
234.506: [Full GC [PSYoungGen: 25059K->9861K(28672K)] [ParOldGen: 65238K->65238K(65536K)] 90298K->75100K(94208K) [PSPermGen: 5179K->5179K(21504K)], 0.0049190 secs] [Times: user=0.02 sys=0.00, real=0.00 secs] 
234.511: Total time for which application threads were stopped: 0.0051050 seconds, Stopping threads took: 0.0000970 seconds
234.705: Application time: 0.1938190 seconds
234.705: Total time for which application threads were stopped: 0.0001010 seconds, Stopping threads took: 0.0000780 seconds
234.706: Application time: 0.0008320 seconds
234.706: [Full GC [PSYoungGen: 25064K->9069K(28672K)] [ParOldGen: 65437K->65437K(65536K)] 90501K->74506K(94208K) [PSPermGen: 5179K->5179K(21504K)], 0.0047420 secs] [Times: user=0.01 sys=0.00, real=0.00 secs] 
234.711: Total time for which application threads were stopped: 0.0048650 seconds, Stopping threads took: 0.0000400 seconds
234.899: Application time: 0.1875970 seconds
234.899: [Full GC [PSYoungGen: 25040K->9466K(28672K)] [ParOldGen: 65437K->65238K(65536K)] 90478K->74705K(94208K) [PSPermGen: 5179K->5179K(21504K)], 0.0049500 secs] [Times: user=0.02 sys=0.00, real=0.00 secs] 
234.904: Total time for which application threads were stopped: 0.0051300 seconds, Stopping threads took: 0.0000820 seconds
235.096: Application time: 0.1924910 seconds
235.096: [Full GC [PSYoungGen: 25072K->9996K(28672K)] [ParOldGen: 65238K->65238K(65536K)] 90311K->75235K(94208K) [PSPermGen: 5179K->5179K(21504K)], 0.0050820 secs] [Times: user=0.02 sys=0.00, real=0.00 secs] 
235.102: Total time for which application threads were stopped: 0.0052450 seconds, Stopping threads took: 0.0000740 seconds
235.306: Application time: 0.2041300 seconds
235.306: Total time for which application threads were stopped: 0.0000920 seconds, Stopping threads took: 0.0000720 seconds
235.306: Application time: 0.0004510 seconds
235.306: [Full GC [PSYoungGen: 25045K->9331K(28672K)] [ParOldGen: 65373K->65373K(65536K)] 90418K->74705K(94208K) [PSPermGen: 5179K->5179K(21504K)], 0.0049000 secs] [Times: user=0.01 sys=0.00, real=0.00 secs] 
235.311: Total time for which application threads were stopped: 0.0050260 seconds, Stopping threads took: 0.0000410 seconds
235.478: Application time: 0.1668240 seconds
235.478: [Full GC [PSYoungGen: 24997K->9331K(28672K)] [ParOldGen: 65508K->65373K(65536K)] 90505K->74705K(94208K) [PSPermGen: 5179K->5179K(21504K)], 0.0047170 secs] [Times: user=0.02 sys=0.00, real=0.00 secs] 
235.483: Total time for which application threads were stopped: 0.0049050 seconds, Stopping threads took: 0.0000940 seconds
235.666: Application time: 0.1827540 seconds
235.666: [Full GC [PSYoungGen: 25061K->9997K(28672K)] [ParOldGen: 65373K->65238K(65536K)] 90434K->75235K(94208K) [PSPermGen: 5179K->5179K(21504K)], 0.0049630 secs] [Times: user=0.02 sys=0.00, real=0.01 secs] 
235.671: Total time for which application threads were stopped: 0.0051280 seconds, Stopping threads took: 0.0000800 seconds
235.880: Application time: 0.2094000 seconds
235.880: Total time for which application threads were stopped: 0.0000970 seconds, Stopping threads took: 0.0000750 seconds
235.881: Application time: 0.0002890 seconds
235.881: [Full GC [PSYoungGen: 25047K->9331K(28672K)] [ParOldGen: 65373K->65373K(65536K)] 90420K->74705K(94208K) [PSPermGen: 5179K->5179K(21504K)], 0.0047930 secs] [Times: user=0.01 sys=0.00, real=0.00 secs] 
235.886: Total time for which application threads were stopped: 0.0049150 seconds, Stopping threads took: 0.0000410 seconds
236.058: Application time: 0.1729360 seconds
236.059: [Full GC [PSYoungGen: 25086K->9656K(28672K)] [ParOldGen: 65515K->65381K(65536K)] 90602K->75037K(94208K) [PSPermGen: 5179K->5179K(21504K)], 0.0048360 secs] [Times: user=0.01 sys=0.01, real=0.00 secs] 
236.063: Total time for which application threads were stopped: 0.0049990 seconds, Stopping threads took: 0.0000710 seconds
236.249: Application time: 0.1858430 seconds
236.249: [Full GC [PSYoungGen: 25001K->9664K(28672K)] [ParOldGen: 65381K->65238K(65536K)] 90382K->74903K(94208K) [PSPermGen: 5179K->5179K(21504K)], 0.0049180 secs] [Times: user=0.02 sys=0.00, real=0.01 secs] 
236.254: Total time for which application threads were stopped: 0.0050800 seconds, Stopping threads took: 0.0000720 seconds
236.450: Application time: 0.1951290 seconds
236.450: [Full GC [PSYoungGen: 25061K->9664K(28672K)] [ParOldGen: 65238K->65238K(65536K)] 90299K->74903K(94208K) [PSPermGen: 5179K->5179K(21504K)], 0.0048540 secs] [Times: user=0.02 sys=0.00, real=0.01 secs] 
236.455: Total time for which application threads were stopped: 0.0050170 seconds, Stopping threads took: 0.0000780 seconds
236.625: Application time: 0.1703670 seconds
236.625: Total time for which application threads were stopped: 0.0001110 seconds, Stopping threads took: 0.0000800 seconds
236.627: Application time: 0.0015320 seconds
236.627: [Full GC [PSYoungGen: 24995K->9395K(28672K)] [ParOldGen: 65507K->65507K(65536K)] 90503K->74903K(94208K) [PSPermGen: 5179K->5179K(21504K)], 0.0048200 secs] [Times: user=0.02 sys=0.00, real=0.00 secs] 
236.632: Total time for which application threads were stopped: 0.0049420 seconds, Stopping threads took: 0.0000440 seconds
236.832: Application time: 0.2007990 seconds
236.832: [Full GC [PSYoungGen: 24974K->9934K(28672K)] [ParOldGen: 65507K->65238K(65536K)] 90482K->75173K(94208K) [PSPermGen: 5179K->5179K(21504K)], 0.0050040 secs] [Times: user=0.02 sys=0.00, real=0.01 secs] 
236.837: Total time for which application threads were stopped: 0.0051660 seconds, Stopping threads took: 0.0000770 seconds
237.026: Application time: 0.1889310 seconds
237.027: Total time for which application threads were stopped: 0.0001040 seconds, Stopping threads took: 0.0000870 seconds
237.027: Application time: 0.0000450 seconds
237.027: [Full GC [PSYoungGen: 24869K->9062K(28672K)] [ParOldGen: 65507K->65507K(65536K)] 90377K->74570K(94208K) [PSPermGen: 5179K->5179K(21504K)], 0.0045680 secs] [Times: user=0.02 sys=0.00, real=0.00 secs] 
237.031: Total time for which application threads were stopped: 0.0046880 seconds, Stopping threads took: 0.0000430 seconds
237.201: Application time: 0.1695460 seconds
237.201: [Full GC [PSYoungGen: 25084K->9665K(28672K)] [ParOldGen: 65507K->65238K(65536K)] 90592K->74903K(94208K) [PSPermGen: 5179K->5179K(21504K)], 0.0049640 secs] [Times: user=0.02 sys=0.00, real=0.00 secs] 
237.206: Total time for which application threads were stopped: 0.0051340 seconds, Stopping threads took: 0.0000760 seconds
237.419: Application time: 0.2125670 seconds
237.419: [Full GC [PSYoungGen: 25021K->9665K(28672K)] [ParOldGen: 65238K->65238K(65536K)] 90259K->74903K(94208K) [PSPermGen: 5179K->5179K(21504K)], 0.0049030 secs] [Times: user=0.02 sys=0.00, real=0.00 secs] 
237.424: Total time for which application threads were stopped: 0.0050750 seconds, Stopping threads took: 0.0000840 seconds
237.601: Application time: 0.1770790 seconds
237.601: [Full GC [PSYoungGen: 24861K->9467K(28672K)] [ParOldGen: 65238K->65238K(65536K)] 90100K->74706K(94208K) [PSPermGen: 5179K->5179K(21504K)], 0.0049570 secs] [Times: user=0.01 sys=0.00, real=0.00 secs] 
237.606: Total time for which application threads were stopped: 0.0051510 seconds, Stopping threads took: 0.0001040 seconds
237.778: Application time: 0.1718720 seconds
237.778: [Full GC [PSYoungGen: 25046K->9737K(28672K)] [ParOldGen: 65238K->65238K(65536K)] 90284K->74975K(94208K) [PSPermGen: 5179K->5179K(21504K)], 0.0046930 secs] [Times: user=0.02 sys=0.00, real=0.00 secs] 
237.783: Total time for which application threads were stopped: 0.0048660 seconds, Stopping threads took: 0.0000790 seconds
237.968: Application time: 0.1857870 seconds
237.968: [Full GC [PSYoungGen: 24866K->9467K(28672K)] [ParOldGen: 65238K->65238K(65536K)] 90104K->74706K(94208K) [PSPermGen: 5179K->5179K(21504K)], 0.0049630 secs] [Times: user=0.02 sys=0.00, real=0.00 secs] 
237.973: Total time for which application threads were stopped: 0.0051300 seconds, Stopping threads took: 0.0000780 seconds
238.174: Application time: 0.2007130 seconds
238.174: [Full GC [PSYoungGen: 25061K->9665K(28672K)] [ParOldGen: 65238K->65238K(65536K)] 90299K->74904K(94208K) [PSPermGen: 5179K->5179K(21504K)], 0.0048040 secs] [Times: user=0.02 sys=0.00, real=0.00 secs] 
238.179: Total time for which application threads were stopped: 0.0049830 seconds, Stopping threads took: 0.0000930 seconds
238.352: Application time: 0.1732200 seconds
238.353: [Full GC [PSYoungGen: 25059K->9665K(28672K)] [ParOldGen: 65238K->65238K(65536K)] 90298K->74904K(94208K) [PSPermGen: 5179K->5179K(21504K)], 0.0047300 secs] [Times: user=0.02 sys=0.00, real=0.01 secs] 
238.357: Total time for which application threads were stopped: 0.0048980 seconds, Stopping threads took: 0.0000730 seconds
238.530: Application time: 0.1723450 seconds
238.530: [Full GC [PSYoungGen: 25073K->9998K(28672K)] [ParOldGen: 65238K->65238K(65536K)] 90312K->75236K(94208K) [PSPermGen: 5179K->5179K(21504K)], 0.0049290 secs] [Times: user=0.02 sys=0.00, real=0.01 secs] 
238.535: Total time for which application threads were stopped: 0.0050920 seconds, Stopping threads took: 0.0000720 seconds
238.739: Application time: 0.2046480 seconds
238.739: Total time for which application threads were stopped: 0.0001040 seconds, Stopping threads took: 0.0000760 seconds
238.740: Application time: 0.0006240 seconds
238.740: [Full GC [PSYoungGen: 25035K->8857K(28672K)] [ParOldGen: 65507K->65507K(65536K)] 90543K->74365K(94208K) [PSPermGen: 5179K->5179K(21504K)], 0.0047460 secs] [Times: user=0.02 sys=0.00, real=0.00 secs] 
238.745: Total time for which application threads were stopped: 0.0048720 seconds, Stopping threads took: 0.0000450 seconds
238.939: Application time: 0.1936640 seconds
238.939: [Full GC [PSYoungGen: 24914K->9468K(28672K)] [ParOldGen: 65507K->65238K(65536K)] 90422K->74706K(94208K) [PSPermGen: 5179K->5179K(21504K)], 0.0048130 secs] [Times: user=0.02 sys=0.00, real=0.00 secs] 
238.944: Total time for which application threads were stopped: 0.0049820 seconds, Stopping threads took: 0.0000690 seconds
239.116: Application time: 0.1722310 seconds
239.116: Total time for which application threads were stopped: 0.0001040 seconds, Stopping threads took: 0.0000820 seconds
239.116: Application time: 0.0001700 seconds
239.116: [Full GC [PSYoungGen: 25069K->9467K(28672K)] [ParOldGen: 65437K->65437K(65536K)] 90507K->74904K(94208K) [PSPermGen: 5179K->5179K(21504K)], 0.0049430 secs] [Times: user=0.02 sys=0.00, real=0.00 secs] 
239.121: Total time for which application threads were stopped: 0.0050650 seconds, Stopping threads took: 0.0000420 seconds
239.333: Application time: 0.2114840 seconds
239.333: [Full GC [PSYoungGen: 24865K->9666K(28672K)] [ParOldGen: 65437K->65238K(65536K)] 90303K->74904K(94208K) [PSPermGen: 5179K->5179K(21504K)], 0.0049500 secs] [Times: user=0.02 sys=0.00, real=0.01 secs] 
239.338: Total time for which application threads were stopped: 0.0051070 seconds, Stopping threads took: 0.0000670 seconds
239.532: Application time: 0.1940600 seconds
239.532: Total time for which application threads were stopped: 0.0001030 seconds, Stopping threads took: 0.0000680 seconds
239.533: Application time: 0.0012540 seconds
239.533: [Full GC [PSYoungGen: 24981K->8848K(28672K)] [ParOldGen: 65507K->65507K(65536K)] 90489K->74356K(94208K) [PSPermGen: 5179K->5179K(21504K)], 0.0046880 secs] [Times: user=0.01 sys=0.00, real=0.01 secs] 
239.538: Total time for which application threads were stopped: 0.0047950 seconds, Stopping threads took: 0.0000280 seconds
239.703: Application time: 0.1646510 seconds
239.703: [Full GC [PSYoungGen: 25023K->9936K(28672K)] [ParOldGen: 65507K->65238K(65536K)] 90531K->75174K(94208K) [PSPermGen: 5179K->5179K(21504K)], 0.0048450 secs] [Times: user=0.02 sys=0.00, real=0.01 secs] 
239.708: Total time for which application threads were stopped: 0.0050280 seconds, Stopping threads took: 0.0000940 seconds
239.908: Application time: 0.2000090 seconds
239.908: [Full GC [PSYoungGen: 25073K->9801K(28672K)] [ParOldGen: 65238K->65238K(65536K)] 90312K->75039K(94208K) [PSPermGen: 5179K->5179K(21504K)], 0.0049620 secs] [Times: user=0.02 sys=0.01, real=0.00 secs] 
239.913: Total time for which application threads were stopped: 0.0051400 seconds, Stopping threads took: 0.0000870 seconds
240.106: Application time: 0.1930840 seconds
240.106: Total time for which application threads were stopped: 0.0001230 seconds, Stopping threads took: 0.0000930 seconds
240.109: Application time: 0.0024430 seconds
240.109: [Full GC [PSYoungGen: 25070K->8660K(28672K)] [ParOldGen: 65507K->65507K(65536K)] 90578K->74168K(94208K) [PSPermGen: 5179K->5179K(21504K)], 0.0046240 secs] [Times: user=0.02 sys=0.00, real=0.00 secs] 
240.113: Total time for which application threads were stopped: 0.0047370 seconds, Stopping threads took: 0.0000370 seconds
240.293: Application time: 0.1802070 seconds
240.294: Total time for which application threads were stopped: 0.0000880 seconds, Stopping threads took: 0.0000690 seconds
240.295: Application time: 0.0012280 seconds
240.295: [Full GC [PSYoungGen: 25001K->9055K(28672K)] [ParOldGen: 65507K->65238K(65536K)] 90509K->74294K(94208K) [PSPermGen: 5179K->5179K(21504K)], 0.0047600 secs] [Times: user=0.02 sys=0.00, real=0.00 secs] 
240.300: Total time for which application threads were stopped: 0.0048700 seconds, Stopping threads took: 0.0000330 seconds
240.511: Application time: 0.2114010 seconds
240.511: Total time for which application threads were stopped: 0.0001050 seconds, Stopping threads took: 0.0000800 seconds
240.512: Application time: 0.0009650 seconds
240.512: [Full GC [PSYoungGen: 25053K->9055K(28672K)] [ParOldGen: 65508K->65373K(65536K)] 90561K->74428K(94208K) [PSPermGen: 5179K->5179K(21504K)], 0.0045420 secs] [Times: user=0.01 sys=0.00, real=0.01 secs] 
240.517: Total time for which application threads were stopped: 0.0046800 seconds, Stopping threads took: 0.0000580 seconds
240.709: Application time: 0.1925030 seconds
240.709: [Full GC [PSYoungGen: 25068K->9207K(28672K)] [ParOldGen: 65437K->65302K(65536K)] 90506K->74509K(94208K) [PSPermGen: 5179K->5179K(21504K)], 0.0048160 secs] [Times: user=0.02 sys=0.00, real=0.01 secs] 
240.714: Total time for which application threads were stopped: 0.0049960 seconds, Stopping threads took: 0.0000840 seconds
240.885: Application time: 0.1707640 seconds
240.885: Total time for which application threads were stopped: 0.0000930 seconds, Stopping threads took: 0.0000730 seconds
240.886: Application time: 0.0008000 seconds
240.886: [Full GC [PSYoungGen: 24958K->9532K(28672K)] [ParOldGen: 65437K->65373K(65536K)] 90395K->74905K(94208K) [PSPermGen: 5179K->5179K(21504K)], 0.0047850 secs] [Times: user=0.02 sys=0.00, real=0.00 secs] 
240.891: Total time for which application threads were stopped: 0.0049060 seconds, Stopping threads took: 0.0000430 seconds
241.075: Application time: 0.1837840 seconds
241.075: [Full GC [PSYoungGen: 25087K->10062K(28672K)] [ParOldGen: 65508K->65373K(65536K)] 90595K->75435K(94208K) [PSPermGen: 5179K->5179K(21504K)], 0.0050120 secs] [Times: user=0.02 sys=0.00, real=0.00 secs] 
241.080: Total time for which application threads were stopped: 0.0051670 seconds, Stopping threads took: 0.0000690 seconds
241.287: Application time: 0.2075790 seconds
241.288: [Full GC [PSYoungGen: 24928K->9262K(28672K)] [ParOldGen: 65373K->65238K(65536K)] 90301K->74501K(94208K) [PSPermGen: 5179K->5179K(21504K)], 0.0048080 secs] [Times: user=0.01 sys=0.00, real=0.00 secs] 
241.292: Total time for which application threads were stopped: 0.0049750 seconds, Stopping threads took: 0.0000760 seconds
241.456: Application time: 0.1637180 seconds
241.456: Total time for which application threads were stopped: 0.0001030 seconds, Stopping threads took: 0.0000850 seconds
241.456: Application time: 0.0000500 seconds
241.456: [Full GC [PSYoungGen: 24978K->9460K(28672K)] [ParOldGen: 65507K->65507K(65536K)] 90486K->74968K(94208K) [PSPermGen: 5179K->5179K(21504K)], 0.0048390 secs] [Times: user=0.01 sys=0.00, real=0.00 secs] 
241.461: Total time for which application threads were stopped: 0.0049790 seconds, Stopping threads took: 0.0000560 seconds
241.654: Application time: 0.1930660 seconds
241.654: [Full GC [PSYoungGen: 25002K->9271K(28672K)] [ParOldGen: 65507K->65238K(65536K)] 90510K->74510K(94208K) [PSPermGen: 5179K->5179K(21504K)], 0.0048930 secs] [Times: user=0.01 sys=0.01, real=0.00 secs] 
241.659: Total time for which application threads were stopped: 0.0050590 seconds, Stopping threads took: 0.0000800 seconds
241.848: Application time: 0.1886950 seconds
241.848: Total time for which application threads were stopped: 0.0000970 seconds, Stopping threads took: 0.0000640 seconds
241.849: Application time: 0.0003590 seconds
241.849: [Full GC [PSYoungGen: 25002K->9595K(28672K)] [ParOldGen: 65507K->65507K(65536K)] 90510K->75103K(94208K) [PSPermGen: 5179K->5179K(21504K)], 0.0048510 secs] [Times: user=0.02 sys=0.00, real=0.00 secs] 
241.854: Total time for which application threads were stopped: 0.0049820 seconds, Stopping threads took: 0.0000510 seconds
242.047: Application time: 0.1937030 seconds
242.047: [Full GC [PSYoungGen: 25054K->10332K(28672K)] [ParOldGen: 65507K->65238K(65536K)] 90562K->75570K(94208K) [PSPermGen: 5179K->5179K(21504K)], 0.0049320 secs] [Times: user=0.02 sys=0.00, real=0.00 secs] 
242.052: Total time for which application threads were stopped: 0.0051220 seconds, Stopping threads took: 0.0001010 seconds
242.228: Application time: 0.1761280 seconds
242.229: [Full GC [PSYoungGen: 25022K->9272K(28672K)] [ParOldGen: 65238K->65238K(65536K)] 90260K->74510K(94208K) [PSPermGen: 5179K->5179K(21504K)], 0.0049300 secs] [Times: user=0.01 sys=0.00, real=0.00 secs] 
242.234: Total time for which application threads were stopped: 0.0051020 seconds, Stopping threads took: 0.0000830 seconds
242.413: Application time: 0.1792630 seconds
242.413: [Full GC [PSYoungGen: 25085K->9802K(28672K)] [ParOldGen: 65238K->65238K(65536K)] 90324K->75041K(94208K) [PSPermGen: 5179K->5179K(21504K)], 0.0048300 secs] [Times: user=0.02 sys=0.00, real=0.01 secs] 
242.418: Total time for which application threads were stopped: 0.0049990 seconds, Stopping threads took: 0.0000740 seconds
242.607: Application time: 0.1893100 seconds
242.607: [Full GC [PSYoungGen: 25050K->9739K(28672K)] [ParOldGen: 65238K->65238K(65536K)] 90289K->74978K(94208K) [PSPermGen: 5179K->5179K(21504K)], 0.0049340 secs] [Times: user=0.02 sys=0.00, real=0.00 secs] 
242.612: Total time for which application threads were stopped: 0.0051120 seconds, Stopping threads took: 0.0000800 seconds
242.784: Application time: 0.1719880 seconds
242.784: [Full GC [PSYoungGen: 25063K->9667K(28672K)] [ParOldGen: 65238K->65238K(65536K)] 90302K->74906K(94208K) [PSPermGen: 5179K->5179K(21504K)], 0.0050330 secs] [Times: user=0.02 sys=0.00, real=0.01 secs] 
242.789: Total time for which application threads were stopped: 0.0052120 seconds, Stopping threads took: 0.0000910 seconds
243.001: Application time: 0.2111800 seconds
243.001: [Full GC [PSYoungGen: 24866K->9470K(28672K)] [ParOldGen: 65238K->65238K(65536K)] 90104K->74708K(94208K) [PSPermGen: 5179K->5179K(21504K)], 0.0047860 secs] [Times: user=0.02 sys=0.00, real=0.00 secs] 
243.006: Total time for which application threads were stopped: 0.0049620 seconds, Stopping threads took: 0.0000780 seconds
243.191: Application time: 0.1851500 seconds
243.191: Total time for which application threads were stopped: 0.0000910 seconds, Stopping threads took: 0.0000710 seconds
243.191: Application time: 0.0003380 seconds
243.191: [Full GC [PSYoungGen: 25064K->9658K(28672K)] [ParOldGen: 65507K->65507K(65536K)] 90572K->75166K(94208K) [PSPermGen: 5179K->5179K(21504K)], 0.0049110 secs] [Times: user=0.02 sys=0.00, real=0.01 secs] 
243.196: Total time for which application threads were stopped: 0.0050290 seconds, Stopping threads took: 0.0000380 seconds
243.363: Application time: 0.1672500 seconds
243.364: [Full GC [PSYoungGen: 24870K->9865K(28672K)] [ParOldGen: 65507K->65238K(65536K)] 90378K->75104K(94208K) [PSPermGen: 5179K->5179K(21504K)], 0.0049630 secs] [Times: user=0.02 sys=0.00, real=0.01 secs] 
243.369: Total time for which application threads were stopped: 0.0051600 seconds, Stopping threads took: 0.0001100 seconds
243.587: Application time: 0.2183970 seconds
243.587: Total time for which application threads were stopped: 0.0001020 seconds, Stopping threads took: 0.0000740 seconds
243.588: Application time: 0.0006790 seconds
243.588: [Full GC [PSYoungGen: 25085K->8597K(28672K)] [ParOldGen: 65509K->65509K(65536K)] 90594K->74106K(94208K) [PSPermGen: 5179K->5179K(21504K)], 0.0048270 secs] [Times: user=0.02 sys=0.00, real=0.00 secs] 
243.593: Total time for which application threads were stopped: 0.0049540 seconds, Stopping threads took: 0.0000520 seconds
243.778: Application time: 0.1853490 seconds
243.778: [Full GC [PSYoungGen: 25011K->9272K(28672K)] [ParOldGen: 65509K->65238K(65536K)] 90520K->74511K(94208K) [PSPermGen: 5179K->5179K(21504K)], 0.0048270 secs] [Times: user=0.01 sys=0.00, real=0.00 secs] 
243.783: Total time for which application threads were stopped: 0.0049960 seconds, Stopping threads took: 0.0000850 seconds
243.956: Application time: 0.1726390 seconds
243.956: [Full GC [PSYoungGen: 24868K->9866K(28672K)] [ParOldGen: 65238K->65238K(65536K)] 90107K->75104K(94208K) [PSPermGen: 5179K->5179K(21504K)], 0.0048360 secs] [Times: user=0.01 sys=0.00, real=0.00 secs] 
243.961: Total time for which application threads were stopped: 0.0049910 seconds, Stopping threads took: 0.0000690 seconds
244.157: Application time: 0.1958800 seconds
244.157: [Full GC [PSYoungGen: 25040K->9937K(28672K)] [ParOldGen: 65238K->65238K(65536K)] 90278K->75176K(94208K) [PSPermGen: 5179K->5179K(21504K)], 0.0048840 secs] [Times: user=0.02 sys=0.00, real=0.00 secs] 
244.162: Total time for which application threads were stopped: 0.0050730 seconds, Stopping threads took: 0.0000920 seconds
244.356: Application time: 0.1945250 seconds
244.356: [Full GC [PSYoungGen: 24867K->9273K(28672K)] [ParOldGen: 65238K->65238K(65536K)] 90105K->74511K(94208K) [PSPermGen: 5179K->5179K(21504K)], 0.0047370 secs] [Times: user=0.02 sys=0.00, real=0.00 secs] 
244.361: Total time for which application threads were stopped: 0.0048970 seconds, Stopping threads took: 0.0000720 seconds
244.524: Application time: 0.1625000 seconds
244.524: [Full GC [PSYoungGen: 25020K->9542K(28672K)] [ParOldGen: 65238K->65238K(65536K)] 90259K->74781K(94208K) [PSPermGen: 5179K->5179K(21504K)], 0.0048010 secs] [Times: user=0.02 sys=0.00, real=0.01 secs] 
244.529: Total time for which application threads were stopped: 0.0049730 seconds, Stopping threads took: 0.0000850 seconds
244.715: Application time: 0.1867800 seconds
244.716: [Full GC [PSYoungGen: 25086K->9605K(28672K)] [ParOldGen: 65238K->65238K(65536K)] 90325K->74844K(94208K) [PSPermGen: 5179K->5179K(21504K)], 0.0049400 secs] [Times: user=0.02 sys=0.00, real=0.00 secs] 
244.721: Total time for which application threads were stopped: 0.0051130 seconds, Stopping threads took: 0.0000760 seconds
244.915: Application time: 0.1943700 seconds
244.915: [Full GC [PSYoungGen: 25017K->10136K(28672K)] [ParOldGen: 65238K->65238K(65536K)] 90255K->75374K(94208K) [PSPermGen: 5179K->5179K(21504K)], 0.0049710 secs] [Times: user=0.02 sys=0.00, real=0.00 secs] 
244.920: Total time for which application threads were stopped: 0.0051450 seconds, Stopping threads took: 0.0000840 seconds
245.109: Application time: 0.1887250 seconds
245.109: [Full GC [PSYoungGen: 24980K->9471K(28672K)] [ParOldGen: 65238K->65238K(65536K)] 90218K->74709K(94208K) [PSPermGen: 5179K->5179K(21504K)], 0.0046820 secs] [Times: user=0.01 sys=0.01, real=0.00 secs] 
245.114: Total time for which application threads were stopped: 0.0048770 seconds, Stopping threads took: 0.0001080 seconds
245.279: Application time: 0.1657480 seconds
245.280: [Full GC [PSYoungGen: 25064K->9866K(28672K)] [ParOldGen: 65238K->65238K(65536K)] 90303K->75105K(94208K) [PSPermGen: 5179K->5179K(21504K)], 0.0049420 secs] [Times: user=0.02 sys=0.00, real=0.00 secs] 
245.285: Total time for which application threads were stopped: 0.0051190 seconds, Stopping threads took: 0.0000790 seconds
245.476: Application time: 0.1912160 seconds
245.476: [Full GC [PSYoungGen: 24856K->9669K(28672K)] [ParOldGen: 65238K->65238K(65536K)] 90095K->74907K(94208K) [PSPermGen: 5179K->5179K(21504K)], 0.0049000 secs] [Times: user=0.02 sys=0.00, real=0.00 secs] 
245.481: Total time for which application threads were stopped: 0.0050870 seconds, Stopping threads took: 0.0000990 seconds
245.669: Application time: 0.1883310 seconds
245.669: [Full GC [PSYoungGen: 25056K->10064K(28672K)] [ParOldGen: 65238K->65238K(65536K)] 90295K->75302K(94208K) [PSPermGen: 5179K->5179K(21504K)], 0.0050080 secs] [Times: user=0.02 sys=0.00, real=0.01 secs] 
245.674: Total time for which application threads were stopped: 0.0051770 seconds, Stopping threads took: 0.0000800 seconds
245.848: Application time: 0.1738910 seconds
245.848: [Full GC [PSYoungGen: 25027K->9669K(28672K)] [ParOldGen: 65238K->65238K(65536K)] 90265K->74907K(94208K) [PSPermGen: 5179K->5179K(21504K)], 0.0048300 secs] [Times: user=0.01 sys=0.00, real=0.00 secs] 
245.853: Total time for which application threads were stopped: 0.0049860 seconds, Stopping threads took: 0.0000590 seconds
246.055: Application time: 0.2018540 seconds
246.055: [Full GC [PSYoungGen: 25077K->9804K(28672K)] [ParOldGen: 65238K->65238K(65536K)] 90316K->75042K(94208K) [PSPermGen: 5179K->5179K(21504K)], 0.0050260 secs] [Times: user=0.02 sys=0.00, real=0.00 secs] 
246.060: Total time for which application threads were stopped: 0.0052010 seconds, Stopping threads took: 0.0000860 seconds
246.240: Application time: 0.1798380 seconds
246.240: [Full GC [PSYoungGen: 25052K->9741K(28672K)] [ParOldGen: 65238K->65238K(65536K)] 90291K->74979K(94208K) [PSPermGen: 5179K->5179K(21504K)], 0.0047970 secs] [Times: user=0.02 sys=0.00, real=0.00 secs] 
246.245: Total time for which application threads were stopped: 0.0049780 seconds, Stopping threads took: 0.0000920 seconds
246.424: Application time: 0.1789310 seconds
246.424: [Full GC [PSYoungGen: 25063K->9669K(28672K)] [ParOldGen: 65238K->65238K(65536K)] 90301K->74907K(94208K) [PSPermGen: 5179K->5179K(21504K)], 0.0049000 secs] [Times: user=0.02 sys=0.00, real=0.01 secs] 
246.429: Total time for which application threads were stopped: 0.0050650 seconds, Stopping threads took: 0.0000690 seconds
246.622: Application time: 0.1927610 seconds
246.622: [Full GC [PSYoungGen: 24980K->9669K(28672K)] [ParOldGen: 65238K->65238K(65536K)] 90219K->74907K(94208K) [PSPermGen: 5179K->5179K(21504K)], 0.0048750 secs] [Times: user=0.01 sys=0.00, real=0.01 secs] 
246.627: Total time for which application threads were stopped: 0.0050460 seconds, Stopping threads took: 0.0000810 seconds
246.821: Application time: 0.1938690 seconds
246.821: [Full GC [PSYoungGen: 24866K->9471K(28672K)] [ParOldGen: 65238K->65238K(65536K)] 90104K->74710K(94208K) [PSPermGen: 5179K->5179K(21504K)], 0.0049520 secs] [Times: user=0.01 sys=0.00, real=0.00 secs] 
246.826: Total time for which application threads were stopped: 0.0051240 seconds, Stopping threads took: 0.0000810 seconds
246.989: Application time: 0.1632260 seconds
246.989: [Full GC [PSYoungGen: 24950K->9472K(28672K)] [ParOldGen: 65238K->65238K(65536K)] 90188K->74710K(94208K) [PSPermGen: 5179K->5179K(21504K)], 0.0047920 secs] [Times: user=0.02 sys=0.00, real=0.01 secs] 
246.994: Total time for which application threads were stopped: 0.0049660 seconds, Stopping threads took: 0.0000760 seconds
247.199: Application time: 0.2048640 seconds
247.199: Total time for which application threads were stopped: 0.0001010 seconds, Stopping threads took: 0.0000790 seconds
247.201: Application time: 0.0021170 seconds
247.201: [Full GC [PSYoungGen: 25047K->9075K(28672K)] [ParOldGen: 65437K->65437K(65536K)] 90485K->74512K(94208K) [PSPermGen: 5179K->5179K(21504K)], 0.0048650 secs] [Times: user=0.02 sys=0.00, real=0.01 secs] 
247.206: Total time for which application threads were stopped: 0.0049950 seconds, Stopping threads took: 0.0000490 seconds
247.382: Application time: 0.1754910 seconds
247.382: Total time for which application threads were stopped: 0.0000830 seconds, Stopping threads took: 0.0000640 seconds
247.382: Application time: 0.0000430 seconds
247.382: [Full GC [PSYoungGen: 25077K->9660K(28672K)] [ParOldGen: 65437K->65238K(65536K)] 90515K->74899K(94208K) [PSPermGen: 5179K->5179K(21504K)], 0.0048230 secs] [Times: user=0.02 sys=0.00, real=0.01 secs] 
247.387: Total time for which application threads were stopped: 0.0049510 seconds, Stopping threads took: 0.0000500 seconds
247.565: Application time: 0.1782730 seconds
247.565: [Full GC [PSYoungGen: 25033K->10334K(28672K)] [ParOldGen: 65238K->65238K(65536K)] 90271K->75573K(94208K) [PSPermGen: 5179K->5179K(21504K)], 0.0050610 secs] [Times: user=0.02 sys=0.00, real=0.01 secs] 
247.570: Total time for which application threads were stopped: 0.0052340 seconds, Stopping threads took: 0.0000790 seconds
247.755: Application time: 0.1846590 seconds
247.755: [Full GC [PSYoungGen: 25054K->9670K(28672K)] [ParOldGen: 65238K->65238K(65536K)] 90293K->74908K(94208K) [PSPermGen: 5179K->5179K(21504K)], 0.0049810 secs] [Times: user=0.02 sys=0.00, real=0.00 secs] 
247.760: Total time for which application threads were stopped: 0.0051460 seconds, Stopping threads took: 0.0000780 seconds
247.950: Application time: 0.1898490 seconds
247.950: [Full GC [PSYoungGen: 24859K->10065K(28672K)] [ParOldGen: 65238K->65238K(65536K)] 90097K->75303K(94208K) [PSPermGen: 5179K->5179K(21504K)], 0.0050080 secs] [Times: user=0.02 sys=0.00, real=0.01 secs] 
247.955: Total time for which application threads were stopped: 0.0051910 seconds, Stopping threads took: 0.0000910 seconds
248.135: Application time: 0.1797850 seconds
248.135: [Full GC [PSYoungGen: 25064K->9274K(28672K)] [ParOldGen: 65238K->65238K(65536K)] 90303K->74513K(94208K) [PSPermGen: 5179K->5179K(21504K)], 0.0046770 secs] [Times: user=0.02 sys=0.00, real=0.00 secs] 
248.140: Total time for which application threads were stopped: 0.0048500 seconds, Stopping threads took: 0.0000780 seconds
248.310: Application time: 0.1700670 seconds
248.310: [Full GC [PSYoungGen: 25030K->10065K(28672K)] [ParOldGen: 65238K->65238K(65536K)] 90268K->75304K(94208K) [PSPermGen: 5179K->5179K(21504K)], 0.0051120 secs] [Times: user=0.02 sys=0.00, real=0.01 secs] 
248.315: Total time for which application threads were stopped: 0.0052740 seconds, Stopping threads took: 0.0000760 seconds
248.513: Application time: 0.1982990 seconds
248.514: [Full GC [PSYoungGen: 25014K->9544K(28672K)] [ParOldGen: 65238K->65238K(65536K)] 90253K->74783K(94208K) [PSPermGen: 5179K->5179K(21504K)], 0.0049580 secs] [Times: user=0.02 sys=0.00, real=0.01 secs] 
248.519: Total time for which application threads were stopped: 0.0051370 seconds, Stopping threads took: 0.0000920 seconds
248.709: Application time: 0.1901690 seconds
248.709: [Full GC [PSYoungGen: 25053K->9940K(28672K)] [ParOldGen: 65238K->65238K(65536K)] 90292K->75178K(94208K) [PSPermGen: 5179K->5179K(21504K)], 0.0047870 secs] [Times: user=0.01 sys=0.01, real=0.00 secs] 
248.714: Total time for which application threads were stopped: 0.0049670 seconds, Stopping threads took: 0.0000820 seconds
248.888: Application time: 0.1743520 seconds
248.888: [Full GC [PSYoungGen: 25065K->9472K(28672K)] [ParOldGen: 65238K->65238K(65536K)] 90303K->74711K(94208K) [PSPermGen: 5179K->5179K(21504K)], 0.0049600 secs] [Times: user=0.02 sys=0.00, real=0.00 secs] 
248.893: Total time for which application threads were stopped: 0.0051290 seconds, Stopping threads took: 0.0000800 seconds
249.102: Application time: 0.2085130 seconds
249.102: [Full GC [PSYoungGen: 25078K->9473K(28672K)] [ParOldGen: 65238K->65238K(65536K)] 90316K->74711K(94208K) [PSPermGen: 5179K->5179K(21504K)], 0.0047500 secs] [Times: user=0.02 sys=0.00, real=0.01 secs] 
249.107: Total time for which application threads were stopped: 0.0049090 seconds, Stopping threads took: 0.0000710 seconds
249.292: Application time: 0.1854400 seconds
249.292: [Full GC [PSYoungGen: 25076K->9275K(28672K)] [ParOldGen: 65238K->65238K(65536K)] 90314K->74513K(94208K) [PSPermGen: 5179K->5179K(21504K)], 0.0048830 secs] [Times: user=0.02 sys=0.00, real=0.01 secs] 
249.297: Total time for which application threads were stopped: 0.0050460 seconds, Stopping threads took: 0.0000670 seconds
249.476: Application time: 0.1789410 seconds
249.476: [Full GC [PSYoungGen: 25086K->9608K(28672K)] [ParOldGen: 65238K->65238K(65536K)] 90324K->74846K(94208K) [PSPermGen: 5179K->5179K(21504K)], 0.0049350 secs] [Times: user=0.02 sys=0.00, real=0.00 secs] 
249.481: Total time for which application threads were stopped: 0.0051160 seconds, Stopping threads took: 0.0000930 seconds
249.695: Application time: 0.2139410 seconds
249.695: [Full GC [PSYoungGen: 24955K->9671K(28672K)] [ParOldGen: 65238K->65238K(65536K)] 90193K->74909K(94208K) [PSPermGen: 5179K->5179K(21504K)], 0.0048340 secs] [Times: user=0.02 sys=0.00, real=0.00 secs] 
249.700: Total time for which application threads were stopped: 0.0049950 seconds, Stopping threads took: 0.0000740 seconds
249.858: Application time: 0.1577950 seconds
249.858: [Full GC [PSYoungGen: 25065K->9473K(28672K)] [ParOldGen: 65238K->65238K(65536K)] 90303K->74711K(94208K) [PSPermGen: 5179K->5179K(21504K)], 0.0048780 secs] [Times: user=0.02 sys=0.00, real=0.00 secs] 
249.863: Total time for which application threads were stopped: 0.0050650 seconds, Stopping threads took: 0.0000840 seconds
250.053: Application time: 0.1901680 seconds
250.053: [Full GC [PSYoungGen: 24993K->9473K(28672K)] [ParOldGen: 65238K->65238K(65536K)] 90231K->74711K(94208K) [PSPermGen: 5179K->5179K(21504K)], 0.0047890 secs] [Times: user=0.02 sys=0.00, real=0.01 secs] 
250.058: Total time for which application threads were stopped: 0.0049610 seconds, Stopping threads took: 0.0000850 seconds
250.238: Application time: 0.1802800 seconds
250.238: [Full GC [PSYoungGen: 24872K->9473K(28672K)] [ParOldGen: 65238K->65238K(65536K)] 90110K->74711K(94208K) [PSPermGen: 5179K->5179K(21504K)], 0.0048340 secs] [Times: user=0.02 sys=0.01, real=0.00 secs] 
250.243: Total time for which application threads were stopped: 0.0049890 seconds, Stopping threads took: 0.0000710 seconds
250.428: Application time: 0.1843840 seconds
250.428: [Full GC [PSYoungGen: 25065K->9671K(28672K)] [ParOldGen: 65238K->65238K(65536K)] 90303K->74909K(94208K) [PSPermGen: 5179K->5179K(21504K)], 0.0048740 secs] [Times: user=0.02 sys=0.00, real=0.00 secs] 
250.433: Total time for which application threads were stopped: 0.0050460 seconds, Stopping threads took: 0.0000760 seconds
250.640: Application time: 0.2072490 seconds
250.640: [Full GC [PSYoungGen: 25015K->9940K(28672K)] [ParOldGen: 65238K->65238K(65536K)] 90254K->75179K(94208K) [PSPermGen: 5179K->5179K(21504K)], 0.0049710 secs] [Times: user=0.02 sys=0.00, real=0.00 secs] 
250.645: Total time for which application threads were stopped: 0.0051270 seconds, Stopping threads took: 0.0000710 seconds
250.808: Application time: 0.1624520 seconds
250.808: [Full GC [PSYoungGen: 25077K->9806K(28672K)] [ParOldGen: 65238K->65238K(65536K)] 90316K->75044K(94208K) [PSPermGen: 5179K->5179K(21504K)], 0.0048390 secs] [Times: user=0.02 sys=0.00, real=0.00 secs] 
250.813: Total time for which application threads were stopped: 0.0050040 seconds, Stopping threads took: 0.0000790 seconds
251.005: Application time: 0.1919900 seconds
251.005: [Full GC [PSYoungGen: 25018K->9941K(28672K)] [ParOldGen: 65238K->65238K(65536K)] 90256K->75179K(94208K) [PSPermGen: 5179K->5179K(21504K)], 0.0049860 secs] [Times: user=0.02 sys=0.00, real=0.01 secs] 
251.010: Total time for which application threads were stopped: 0.0051810 seconds, Stopping threads took: 0.0000980 seconds
251.182: Application time: 0.1722510 seconds
251.182: [Full GC [PSYoungGen: 24974K->10067K(28672K)] [ParOldGen: 65238K->65238K(65536K)] 90212K->75305K(94208K) [PSPermGen: 5179K->5179K(21504K)], 0.0056410 secs] [Times: user=0.02 sys=0.00, real=0.01 secs] 
251.188: Total time for which application threads were stopped: 0.0058370 seconds, Stopping threads took: 0.0001030 seconds
251.369: Application time: 0.1806780 seconds
251.369: [Full GC [PSYoungGen: 24858K->9671K(28672K)] [ParOldGen: 65238K->65238K(65536K)] 90097K->74910K(94208K) [PSPermGen: 5179K->5179K(21504K)], 0.0051350 secs] [Times: user=0.02 sys=0.00, real=0.00 secs] 
251.374: Total time for which application threads were stopped: 0.0053010 seconds, Stopping threads took: 0.0000790 seconds
251.573: Application time: 0.1990430 seconds
251.573: Total time for which application threads were stopped: 0.0001080 seconds, Stopping threads took: 0.0000770 seconds
251.573: Application time: 0.0002020 seconds
251.573: [Full GC [PSYoungGen: 25068K->9465K(28672K)] [ParOldGen: 65507K->65507K(65536K)] 90576K->74973K(94208K) [PSPermGen: 5179K->5179K(21504K)], 0.0048190 secs] [Times: user=0.02 sys=0.00, real=0.01 secs] 
251.578: Total time for which application threads were stopped: 0.0049370 seconds, Stopping threads took: 0.0000380 seconds
251.763: Application time: 0.1852400 seconds
251.764: [Full GC [PSYoungGen: 25066K->9743K(28672K)] [ParOldGen: 65507K->65238K(65536K)] 90574K->74982K(94208K) [PSPermGen: 5179K->5179K(21504K)], 0.0049210 secs] [Times: user=0.02 sys=0.00, real=0.01 secs] 
251.768: Total time for which application threads were stopped: 0.0051040 seconds, Stopping threads took: 0.0000940 seconds
251.938: Application time: 0.1690230 seconds
251.938: [Full GC [PSYoungGen: 25028K->10067K(28672K)] [ParOldGen: 65238K->65238K(65536K)] 90266K->75305K(94208K) [PSPermGen: 5179K->5179K(21504K)], 0.0050030 secs] [Times: user=0.02 sys=0.00, real=0.00 secs] 
251.943: Total time for which application threads were stopped: 0.0051770 seconds, Stopping threads took: 0.0000840 seconds
252.148: Application time: 0.2055580 seconds
252.148: [Full GC [PSYoungGen: 24856K->9474K(28672K)] [ParOldGen: 65238K->65238K(65536K)] 90094K->74712K(94208K) [PSPermGen: 5179K->5179K(21504K)], 0.0049600 secs] [Times: user=0.02 sys=0.00, real=0.00 secs] 
252.153: Total time for which application threads were stopped: 0.0051360 seconds, Stopping threads took: 0.0000770 seconds
252.332: Application time: 0.1790790 seconds
252.333: [Full GC [PSYoungGen: 25079K->9276K(28672K)] [ParOldGen: 65238K->65238K(65536K)] 90317K->74515K(94208K) [PSPermGen: 5179K->5179K(21504K)], 0.0048590 secs] [Times: user=0.02 sys=0.00, real=0.01 secs] 
252.338: Total time for which application threads were stopped: 0.0050250 seconds, Stopping threads took: 0.0000770 seconds
252.519: Application time: 0.1815000 seconds
252.519: [Full GC [PSYoungGen: 25075K->9276K(28672K)] [ParOldGen: 65238K->65238K(65536K)] 90314K->74515K(94208K) [PSPermGen: 5179K->5179K(21504K)], 0.0047460 secs] [Times: user=0.02 sys=0.00, real=0.00 secs] 
252.524: Total time for which application threads were stopped: 0.0049140 seconds, Stopping threads took: 0.0000820 seconds
252.731: Application time: 0.2068460 seconds
252.731: [Full GC [PSYoungGen: 25057K->10139K(28672K)] [ParOldGen: 65238K->65238K(65536K)] 90295K->75378K(94208K) [PSPermGen: 5179K->5179K(21504K)], 0.0048770 secs] [Times: user=0.02 sys=0.00, real=0.01 secs] 
252.736: Total time for which application threads were stopped: 0.0050360 seconds, Stopping threads took: 0.0000640 seconds
252.891: Application time: 0.1556130 seconds
252.892: [Full GC [PSYoungGen: 25057K->9870K(28672K)] [ParOldGen: 65238K->65238K(65536K)] 90295K->75108K(94208K) [PSPermGen: 5179K->5179K(21504K)], 0.0047870 secs] [Times: user=0.02 sys=0.00, real=0.01 secs] 
252.896: Total time for which application threads were stopped: 0.0049570 seconds, Stopping threads took: 0.0000810 seconds
253.095: Application time: 0.1984090 seconds
253.095: Total time for which application threads were stopped: 0.0001020 seconds, Stopping threads took: 0.0000810 seconds
253.095: Application time: 0.0000780 seconds
253.095: [Full GC [PSYoungGen: 25086K->9608K(28672K)] [ParOldGen: 65302K->65302K(65536K)] 90389K->74910K(94208K) [PSPermGen: 5179K->5179K(21504K)], 0.0047700 secs] [Times: user=0.01 sys=0.00, real=0.00 secs] 
253.100: Total time for which application threads were stopped: 0.0048880 seconds, Stopping threads took: 0.0000400 seconds
253.278: Application time: 0.1785480 seconds
253.279: [Full GC [PSYoungGen: 24882K->9870K(28672K)] [ParOldGen: 65302K->65238K(65536K)] 90184K->75108K(94208K) [PSPermGen: 5179K->5179K(21504K)], 0.0048320 secs] [Times: user=0.02 sys=0.00, real=0.00 secs] 
253.283: Total time for which application threads were stopped: 0.0050270 seconds, Stopping threads took: 0.0000940 seconds
253.460: Application time: 0.1760660 seconds
253.460: [Full GC [PSYoungGen: 25078K->9609K(28672K)] [ParOldGen: 65238K->65238K(65536K)] 90317K->74848K(94208K) [PSPermGen: 5179K->5179K(21504K)], 0.0048560 secs] [Times: user=0.02 sys=0.00, real=0.00 secs] 
253.465: Total time for which application threads were stopped: 0.0050270 seconds, Stopping threads took: 0.0000830 seconds
253.664: Application time: 0.1997250 seconds
253.664: [Full GC [PSYoungGen: 25057K->9942K(28672K)] [ParOldGen: 65238K->65238K(65536K)] 90296K->75180K(94208K) [PSPermGen: 5179K->5179K(21504K)], 0.0048920 secs] [Times: user=0.02 sys=0.00, real=0.01 secs] 
253.669: Total time for which application threads were stopped: 0.0050570 seconds, Stopping threads took: 0.0000770 seconds
253.839: Application time: 0.1692850 seconds
253.839: [Full GC [PSYoungGen: 25066K->9672K(28672K)] [ParOldGen: 65238K->65238K(65536K)] 90305K->74911K(94208K) [PSPermGen: 5179K->5179K(21504K)], 0.0049830 secs] [Times: user=0.02 sys=0.00, real=0.00 secs] 
253.844: Total time for which application threads were stopped: 0.0051650 seconds, Stopping threads took: 0.0000840 seconds
254.047: Application time: 0.2030060 seconds
254.047: [Full GC [PSYoungGen: 25067K->9475K(28672K)] [ParOldGen: 65238K->65238K(65536K)] 90306K->74713K(94208K) [PSPermGen: 5179K->5179K(21504K)], 0.0048890 secs] [Times: user=0.02 sys=0.00, real=0.00 secs] 
254.052: Total time for which application threads were stopped: 0.0050510 seconds, Stopping threads took: 0.0000740 seconds
254.233: Application time: 0.1816260 seconds
254.234: [Full GC [PSYoungGen: 25080K->9277K(28672K)] [ParOldGen: 65238K->65238K(65536K)] 90319K->74516K(94208K) [PSPermGen: 5179K->5179K(21504K)], 0.0046960 secs] [Times: user=0.01 sys=0.00, real=0.01 secs] 
254.238: Total time for which application threads were stopped: 0.0048710 seconds, Stopping threads took: 0.0000880 seconds
254.418: Application time: 0.1797190 seconds
254.418: [Full GC [PSYoungGen: 24846K->9475K(28672K)] [ParOldGen: 65238K->65238K(65536K)] 90084K->74714K(94208K) [PSPermGen: 5179K->5179K(21504K)], 0.0049150 secs] [Times: user=0.02 sys=0.00, real=0.00 secs] 
254.423: Total time for which application threads were stopped: 0.0051470 seconds, Stopping threads took: 0.0001250 seconds
254.633: Application time: 0.2095690 seconds
254.633: [Full GC [PSYoungGen: 25077K->9189K(28672K)] [ParOldGen: 65238K->65238K(65536K)] 90316K->74428K(94208K) [PSPermGen: 5179K->5179K(21504K)], 0.0050080 secs] [Times: user=0.02 sys=0.00, real=0.01 secs] 
254.638: Total time for which application threads were stopped: 0.0051990 seconds, Stopping threads took: 0.0000930 seconds
254.823: Application time: 0.1853110 seconds
254.823: [Full GC [PSYoungGen: 25056K->9942K(28672K)] [ParOldGen: 65238K->65238K(65536K)] 90294K->75181K(94208K) [PSPermGen: 5179K->5179K(21504K)], 0.0049020 secs] [Times: user=0.02 sys=0.00, real=0.01 secs] 
254.828: Total time for which application threads were stopped: 0.0050690 seconds, Stopping threads took: 0.0000790 seconds
255.005: Application time: 0.1764290 seconds
255.005: Total time for which application threads were stopped: 0.0001260 seconds, Stopping threads took: 0.0000970 seconds
255.005: Application time: 0.0000590 seconds
255.005: [Full GC [PSYoungGen: 24872K->9071K(28672K)] [ParOldGen: 65507K->65507K(65536K)] 90380K->74579K(94208K) [PSPermGen: 5179K->5179K(21504K)], 0.0047980 secs] [Times: user=0.02 sys=0.00, real=0.01 secs] 
255.010: Total time for which application threads were stopped: 0.0049230 seconds, Stopping threads took: 0.0000460 seconds
255.220: Application time: 0.2096380 seconds
255.220: [Full GC [PSYoungGen: 24995K->9547K(28672K)] [ParOldGen: 65507K->65238K(65536K)] 90503K->74786K(94208K) [PSPermGen: 5179K->5179K(21504K)], 0.0047700 secs] [Times: user=0.02 sys=0.00, real=0.00 secs] 
255.224: Total time for which application threads were stopped: 0.0049430 seconds, Stopping threads took: 0.0000860 seconds
255.409: Application time: 0.1844090 seconds
255.409: [Full GC [PSYoungGen: 24955K->9475K(28672K)] [ParOldGen: 65238K->65238K(65536K)] 90194K->74714K(94208K) [PSPermGen: 5179K->5179K(21504K)], 0.0048850 secs] [Times: user=0.02 sys=0.00, real=0.00 secs] 
255.414: Total time for which application threads were stopped: 0.0050670 seconds, Stopping threads took: 0.0000860 seconds
255.595: Application time: 0.1810770 seconds
255.595: [Full GC [PSYoungGen: 24956K->9673K(28672K)] [ParOldGen: 65238K->65238K(65536K)] 90194K->74912K(94208K) [PSPermGen: 5179K->5179K(21504K)], 0.0049230 secs] [Times: user=0.02 sys=0.00, real=0.00 secs] 
255.600: Total time for which application threads were stopped: 0.0050910 seconds, Stopping threads took: 0.0000730 seconds
255.780: Application time: 0.1800370 seconds
255.780: [Full GC [PSYoungGen: 24946K->9871K(28672K)] [ParOldGen: 65238K->65238K(65536K)] 90184K->75110K(94208K) [PSPermGen: 5179K->5179K(21504K)], 0.0050130 secs] [Times: user=0.01 sys=0.00, real=0.00 secs] 
255.785: Total time for which application threads were stopped: 0.0052110 seconds, Stopping threads took: 0.0001090 seconds
255.955: Application time: 0.1695510 seconds
255.955: [Full GC [PSYoungGen: 25058K->10069K(28672K)] [ParOldGen: 65238K->65238K(65536K)] 90297K->75307K(94208K) [PSPermGen: 5179K->5179K(21504K)], 0.0050430 secs] [Times: user=0.02 sys=0.00, real=0.00 secs] 
255.960: Total time for which application threads were stopped: 0.0052190 seconds, Stopping threads took: 0.0000900 seconds
256.165: Application time: 0.2048840 seconds
256.165: [Full GC [PSYoungGen: 24983K->9278K(28672K)] [ParOldGen: 65238K->65238K(65536K)] 90221K->74517K(94208K) [PSPermGen: 5179K->5179K(21504K)], 0.0047880 secs] [Times: user=0.01 sys=0.01, real=0.01 secs] 
256.170: Total time for which application threads were stopped: 0.0049670 seconds, Stopping threads took: 0.0000780 seconds
256.347: Application time: 0.1765080 seconds
256.347: [Full GC [PSYoungGen: 24881K->9080K(28672K)] [ParOldGen: 65238K->65238K(65536K)] 90120K->74319K(94208K) [PSPermGen: 5179K->5179K(21504K)], 0.0049340 secs] [Times: user=0.02 sys=0.00, real=0.00 secs] 
256.352: Total time for which application threads were stopped: 0.0050930 seconds, Stopping threads took: 0.0000730 seconds
256.537: Application time: 0.1858640 seconds
256.538: Total time for which application threads were stopped: 0.0000970 seconds, Stopping threads took: 0.0000750 seconds
256.542: Application time: 0.0042630 seconds
256.542: [Full GC [PSYoungGen: 25087K->8873K(28672K)] [ParOldGen: 65437K->65437K(65536K)] 90524K->74310K(94208K) [PSPermGen: 5179K->5179K(21504K)], 0.0046400 secs] [Times: user=0.01 sys=0.00, real=0.01 secs] 
256.547: Total time for which application threads were stopped: 0.0047640 seconds, Stopping threads took: 0.0000410 seconds
256.547: Application time: 0.0000340 seconds
256.547: [Full GC [PSYoungGen: 9007K->9007K(28672K)] [ParOldGen: 65437K->65437K(65536K)] 74445K->74445K(94208K) [PSPermGen: 5179K->5179K(21504K)], 0.0042010 secs] [Times: user=0.02 sys=0.00, real=0.00 secs] 
256.551: Total time for which application threads were stopped: 0.0043170 seconds, Stopping threads took: 0.0000490 seconds
256.754: Application time: 0.2028340 seconds
256.754: [Full GC [PSYoungGen: 24971K->9476K(28672K)] [ParOldGen: 65437K->65238K(65536K)] 90408K->74714K(94208K) [PSPermGen: 5179K->5179K(21504K)], 0.0048400 secs] [Times: user=0.02 sys=0.00, real=0.01 secs] 
256.759: Total time for which application threads were stopped: 0.0050120 seconds, Stopping threads took: 0.0000750 seconds
256.945: Application time: 0.1864800 seconds
256.945: [Full GC [PSYoungGen: 25080K->10006K(28672K)] [ParOldGen: 65238K->65238K(65536K)] 90319K->75245K(94208K) [PSPermGen: 5179K->5179K(21504K)], 0.0049610 secs] [Times: user=0.02 sys=0.00, real=0.01 secs] 
256.950: Total time for which application threads were stopped: 0.0051170 seconds, Stopping threads took: 0.0000720 seconds
257.131: Application time: 0.1805350 seconds
257.131: [Full GC [PSYoungGen: 25018K->9746K(28672K)] [ParOldGen: 65238K->65238K(65536K)] 90257K->74984K(94208K) [PSPermGen: 5179K->5179K(21504K)], 0.0048490 secs] [Times: user=0.02 sys=0.00, real=0.01 secs] 
257.136: Total time for which application threads were stopped: 0.0050070 seconds, Stopping threads took: 0.0000730 seconds
257.316: Application time: 0.1801060 seconds
257.316: [Full GC [PSYoungGen: 24989K->9674K(28672K)] [ParOldGen: 65238K->65238K(65536K)] 90228K->74912K(94208K) [PSPermGen: 5179K->5179K(21504K)], 0.0047410 secs] [Times: user=0.01 sys=0.00, real=0.00 secs] 
257.321: Total time for which application threads were stopped: 0.0049060 seconds, Stopping threads took: 0.0000710 seconds
257.496: Application time: 0.1752950 seconds
257.496: [Full GC [PSYoungGen: 24872K->9476K(28672K)] [ParOldGen: 65238K->65238K(65536K)] 90111K->74715K(94208K) [PSPermGen: 5179K->5179K(21504K)], 0.0048820 secs] [Times: user=0.02 sys=0.00, real=0.00 secs] 
257.501: Total time for which application threads were stopped: 0.0050420 seconds, Stopping threads took: 0.0000750 seconds
257.724: Application time: 0.2223890 seconds
257.724: Total time for which application threads were stopped: 0.0000830 seconds, Stopping threads took: 0.0000620 seconds
257.724: Application time: 0.0000500 seconds
257.724: [Full GC [PSYoungGen: 24996K->9072K(28672K)] [ParOldGen: 65507K->65507K(65536K)] 90504K->74580K(94208K) [PSPermGen: 5179K->5179K(21504K)], 0.0045750 secs] [Times: user=0.01 sys=0.00, real=0.01 secs] 
257.729: Total time for which application threads were stopped: 0.0047110 seconds, Stopping threads took: 0.0000560 seconds
257.894: Application time: 0.1651140 seconds
257.894: [Full GC [PSYoungGen: 24959K->9746K(28672K)] [ParOldGen: 65507K->65238K(65536K)] 90467K->74985K(94208K) [PSPermGen: 5179K->5179K(21504K)], 0.0049500 secs] [Times: user=0.02 sys=0.00, real=0.01 secs] 
257.899: Total time for which application threads were stopped: 0.0051380 seconds, Stopping threads took: 0.0000950 seconds
258.087: Application time: 0.1880770 seconds
258.087: [Full GC [PSYoungGen: 25043K->9279K(28672K)] [ParOldGen: 65238K->65238K(65536K)] 90282K->74518K(94208K) [PSPermGen: 5179K->5179K(21504K)], 0.0049370 secs] [Times: user=0.01 sys=0.00, real=0.00 secs] 
258.092: Total time for which application threads were stopped: 0.0051040 seconds, Stopping threads took: 0.0000810 seconds
258.305: Application time: 0.2131050 seconds
258.305: [Full GC [PSYoungGen: 25083K->9477K(28672K)] [ParOldGen: 65238K->65238K(65536K)] 90322K->74715K(94208K) [PSPermGen: 5179K->5179K(21504K)], 0.0048220 secs] [Times: user=0.02 sys=0.00, real=0.01 secs] 
258.310: Total time for which application threads were stopped: 0.0049970 seconds, Stopping threads took: 0.0000850 seconds
258.485: Application time: 0.1751850 seconds
258.485: [Full GC [PSYoungGen: 25087K->8884K(28672K)] [ParOldGen: 65238K->65238K(65536K)] 90325K->74122K(94208K) [PSPermGen: 5179K->5179K(21504K)], 0.0048640 secs] [Times: user=0.02 sys=0.00, real=0.01 secs] 
258.490: Total time for which application threads were stopped: 0.0050390 seconds, Stopping threads took: 0.0000800 seconds
258.686: Application time: 0.1953810 seconds
258.686: [Full GC [PSYoungGen: 25085K->9675K(28672K)] [ParOldGen: 65238K->65238K(65536K)] 90323K->74913K(94208K) [PSPermGen: 5179K->5179K(21504K)], 0.0049600 secs] [Times: user=0.02 sys=0.00, real=0.01 secs] 
258.691: Total time for which application threads were stopped: 0.0051260 seconds, Stopping threads took: 0.0000780 seconds
258.880: Application time: 0.1887560 seconds
258.880: [Full GC [PSYoungGen: 24988K->9675K(28672K)] [ParOldGen: 65238K->65238K(65536K)] 90226K->74913K(94208K) [PSPermGen: 5179K->5179K(21504K)], 0.0047940 secs] [Times: user=0.02 sys=0.00, real=0.00 secs] 
258.885: Total time for which application threads were stopped: 0.0049480 seconds, Stopping threads took: 0.0000700 seconds
259.071: Application time: 0.1869160 seconds
259.072: Total time for which application threads were stopped: 0.0001260 seconds, Stopping threads took: 0.0000870 seconds
259.073: Application time: 0.0011520 seconds
259.073: [Full GC [PSYoungGen: 24962K->9064K(28672K)] [ParOldGen: 65507K->65507K(65536K)] 90470K->74572K(94208K) [PSPermGen: 5179K->5179K(21504K)], 0.0047560 secs] [Times: user=0.02 sys=0.00, real=0.01 secs] 
259.078: Total time for which application threads were stopped: 0.0048800 seconds, Stopping threads took: 0.0000460 seconds
259.276: Application time: 0.1979550 seconds
259.276: [Full GC [PSYoungGen: 25088K->9074K(28672K)] [ParOldGen: 65515K->65246K(65536K)] 90603K->74320K(94208K) [PSPermGen: 5179K->5179K(21504K)], 0.0050320 secs] [Times: user=0.02 sys=0.00, real=0.00 secs] 
259.281: Total time for which application threads were stopped: 0.0051880 seconds, Stopping threads took: 0.0000690 seconds
259.467: Application time: 0.1857790 seconds
259.467: [Full GC [PSYoungGen: 24960K->9477K(28672K)] [ParOldGen: 65246K->65238K(65536K)] 90206K->74716K(94208K) [PSPermGen: 5179K->5179K(21504K)], 0.0048710 secs] [Times: user=0.02 sys=0.00, real=0.00 secs] 
259.472: Total time for which application threads were stopped: 0.0050340 seconds, Stopping threads took: 0.0000750 seconds
259.640: Application time: 0.1687130 seconds
259.640: [Full GC [PSYoungGen: 24864K->10071K(28672K)] [ParOldGen: 65238K->65238K(65536K)] 90103K->75309K(94208K) [PSPermGen: 5179K->5179K(21504K)], 0.0048310 secs] [Times: user=0.02 sys=0.00, real=0.00 secs] 
259.645: Total time for which application threads were stopped: 0.0050070 seconds, Stopping threads took: 0.0000770 seconds
259.839: Application time: 0.1939790 seconds
259.839: [Full GC [PSYoungGen: 24975K->9873K(28672K)] [ParOldGen: 65238K->65238K(65536K)] 90214K->75111K(94208K) [PSPermGen: 5179K->5179K(21504K)], 0.0049530 secs] [Times: user=0.02 sys=0.00, real=0.00 secs] 
259.844: Total time for which application threads were stopped: 0.0051240 seconds, Stopping threads took: 0.0000820 seconds
260.023: Application time: 0.1790300 seconds
260.024: [Full GC [PSYoungGen: 24872K->9082K(28672K)] [ParOldGen: 65238K->65238K(65536K)] 90110K->74321K(94208K) [PSPermGen: 5179K->5179K(21504K)], 0.0047270 secs] [Times: user=0.01 sys=0.00, real=0.01 secs] 
260.028: Total time for which application threads were stopped: 0.0048960 seconds, Stopping threads took: 0.0000830 seconds
260.213: Application time: 0.1846230 seconds
260.213: Total time for which application threads were stopped: 0.0001040 seconds, Stopping threads took: 0.0000740 seconds
260.213: Application time: 0.0002140 seconds
260.213: [Full GC [PSYoungGen: 25016K->9208K(28672K)] [ParOldGen: 65507K->65507K(65536K)] 90524K->74716K(94208K) [PSPermGen: 5179K->5179K(21504K)], 0.0046490 secs] [Times: user=0.02 sys=0.00, real=0.01 secs] 
260.218: Total time for which application threads were stopped: 0.0047720 seconds, Stopping threads took: 0.0000420 seconds
260.429: Application time: 0.2109670 seconds
260.429: [Full GC [PSYoungGen: 24889K->9873K(28672K)] [ParOldGen: 65507K->65238K(65536K)] 90397K->75112K(94208K) [PSPermGen: 5179K->5179K(21504K)], 0.0050210 secs] [Times: user=0.02 sys=0.00, real=0.01 secs] 
260.434: Total time for which application threads were stopped: 0.0051790 seconds, Stopping threads took: 0.0000720 seconds
260.609: Application time: 0.1743770 seconds
260.609: [Full GC [PSYoungGen: 25073K->10206K(28672K)] [ParOldGen: 65238K->65238K(65536K)] 90311K->75444K(94208K) [PSPermGen: 5179K->5179K(21504K)], 0.0049250 secs] [Times: user=0.02 sys=0.00, real=0.00 secs] 
260.614: Total time for which application threads were stopped: 0.0050940 seconds, Stopping threads took: 0.0000840 seconds
260.805: Application time: 0.1917980 seconds
260.806: Total time for which application threads were stopped: 0.0001260 seconds, Stopping threads took: 0.0000870 seconds
260.807: Application time: 0.0011980 seconds
260.807: [Full GC [PSYoungGen: 25021K->8930K(28672K)] [ParOldGen: 65373K->65373K(65536K)] 90394K->74303K(94208K) [PSPermGen: 5179K->5179K(21504K)], 0.0046720 secs] [Times: user=0.02 sys=0.00, real=0.00 secs] 
260.812: Total time for which application threads were stopped: 0.0047910 seconds, Stopping threads took: 0.0000360 seconds
260.999: Application time: 0.1877600 seconds
260.999: [Full GC [PSYoungGen: 24858K->9478K(28672K)] [ParOldGen: 65373K->65238K(65536K)] 90231K->74716K(94208K) [PSPermGen: 5179K->5179K(21504K)], 0.0047470 secs] [Times: user=0.02 sys=0.00, real=0.00 secs] 
261.004: Total time for which application threads were stopped: 0.0049180 seconds, Stopping threads took: 0.0000840 seconds
261.169: Application time: 0.1643040 seconds
261.169: [Full GC [PSYoungGen: 24863K->10071K(28672K)] [ParOldGen: 65238K->65238K(65536K)] 90101K->75310K(94208K) [PSPermGen: 5179K->5179K(21504K)], 0.0049900 secs] [Times: user=0.02 sys=0.00, real=0.00 secs] 
261.174: Total time for which application threads were stopped: 0.0051470 seconds, Stopping threads took: 0.0000700 seconds
261.374: Application time: 0.2002470 seconds
261.374: [Full GC [PSYoungGen: 25046K->9146K(28672K)] [ParOldGen: 65238K->65238K(65536K)] 90284K->74384K(94208K) [PSPermGen: 5179K->5179K(21504K)], 0.0046400 secs] [Times: user=0.02 sys=0.00, real=0.00 secs] 
261.379: Total time for which application threads were stopped: 0.0048890 seconds, Stopping threads took: 0.0001520 seconds
261.567: Application time: 0.1879260 seconds
261.567: [Full GC [PSYoungGen: 25042K->9352K(28672K)] [ParOldGen: 65238K->65238K(65536K)] 90281K->74591K(94208K) [PSPermGen: 5179K->5179K(21504K)], 0.0048570 secs] [Times: user=0.02 sys=0.00, real=0.00 secs] 
261.572: Total time for which application threads were stopped: 0.0050340 seconds, Stopping threads took: 0.0000880 seconds
261.762: Application time: 0.1900120 seconds
261.762: Total time for which application threads were stopped: 0.0001100 seconds, Stopping threads took: 0.0000800 seconds
261.763: Application time: 0.0007450 seconds
261.763: [Full GC [PSYoungGen: 24983K->9406K(28672K)] [ParOldGen: 65507K->65507K(65536K)] 90491K->74914K(94208K) [PSPermGen: 5179K->5179K(21504K)], 0.0047600 secs] [Times: user=0.02 sys=0.00, real=0.01 secs] 
261.768: Total time for which application threads were stopped: 0.0048870 seconds, Stopping threads took: 0.0000450 seconds
261.967: Application time: 0.1998800 seconds
261.968: [Full GC [PSYoungGen: 25004K->9874K(28672K)] [ParOldGen: 65507K->65238K(65536K)] 90512K->75112K(94208K) [PSPermGen: 5179K->5179K(21504K)], 0.0048910 secs] [Times: user=0.02 sys=0.00, real=0.00 secs] 
261.973: Total time for which application threads were stopped: 0.0050590 seconds, Stopping threads took: 0.0000720 seconds
262.142: Application time: 0.1698380 seconds
262.143: [Full GC [PSYoungGen: 25071K->9479K(28672K)] [ParOldGen: 65238K->65238K(65536K)] 90309K->74717K(94208K) [PSPermGen: 5179K->5179K(21504K)], 0.0048110 secs] [Times: user=0.02 sys=0.00, real=0.01 secs] 
262.147: Total time for which application threads were stopped: 0.0049770 seconds, Stopping threads took: 0.0000790 seconds
262.354: Application time: 0.2063280 seconds
262.354: [Full GC [PSYoungGen: 25082K->9281K(28672K)] [ParOldGen: 65238K->65238K(65536K)] 90320K->74519K(94208K) [PSPermGen: 5179K->5179K(21504K)], 0.0049250 secs] [Times: user=0.02 sys=0.00, real=0.01 secs] 
262.359: Total time for which application threads were stopped: 0.0050920 seconds, Stopping threads took: 0.0000790 seconds
262.543: Application time: 0.1838620 seconds
262.543: [Full GC [PSYoungGen: 25062K->10144K(28672K)] [ParOldGen: 65238K->65238K(65536K)] 90300K->75382K(94208K) [PSPermGen: 5179K->5179K(21504K)], 0.0048240 secs] [Times: user=0.02 sys=0.00, real=0.01 secs] 
262.548: Total time for which application threads were stopped: 0.0050130 seconds, Stopping threads took: 0.0000900 seconds
262.712: Application time: 0.1641430 seconds
262.712: Total time for which application threads were stopped: 0.0000870 seconds, Stopping threads took: 0.0000670 seconds
262.712: Application time: 0.0004050 seconds
262.712: [Full GC [PSYoungGen: 25012K->9937K(28672K)] [ParOldGen: 65373K->65373K(65536K)] 90385K->75310K(94208K) [PSPermGen: 5179K->5179K(21504K)], 0.0048030 secs] [Times: user=0.02 sys=0.00, real=0.01 secs] 
262.717: Total time for which application threads were stopped: 0.0049260 seconds, Stopping threads took: 0.0000430 seconds
262.924: Application time: 0.2063780 seconds
262.924: [Full GC [PSYoungGen: 25071K->9613K(28672K)] [ParOldGen: 65437K->65302K(65536K)] 90508K->74915K(94208K) [PSPermGen: 5179K->5179K(21504K)], 0.0050150 secs] [Times: user=0.02 sys=0.00, real=0.01 secs] 
262.929: Total time for which application threads were stopped: 0.0051780 seconds, Stopping threads took: 0.0000740 seconds
263.109: Application time: 0.1806010 seconds
263.110: Total time for which application threads were stopped: 0.0001030 seconds, Stopping threads took: 0.0000740 seconds
263.110: Application time: 0.0004880 seconds
263.110: [Full GC [PSYoungGen: 24897K->9075K(28672K)] [ParOldGen: 65302K->65238K(65536K)] 90199K->74313K(94208K) [PSPermGen: 5179K->5179K(21504K)], 0.0047070 secs] [Times: user=0.02 sys=0.00, real=0.01 secs] 
263.115: Total time for which application threads were stopped: 0.0048220 seconds, Stopping threads took: 0.0000380 seconds
263.293: Application time: 0.1777180 seconds
263.293: [Full GC [PSYoungGen: 25032K->9147K(28672K)] [ParOldGen: 65373K->65373K(65536K)] 90405K->74520K(94208K) [PSPermGen: 5179K->5179K(21504K)], 0.0048400 secs] [Times: user=0.02 sys=0.00, real=0.01 secs] 
263.298: Total time for which application threads were stopped: 0.0050120 seconds, Stopping threads took: 0.0000840 seconds
263.498: Application time: 0.2008010 seconds
263.498: [Full GC [PSYoungGen: 25011K->9946K(28672K)] [ParOldGen: 65373K->65238K(65536K)] 90384K->75185K(94208K) [PSPermGen: 5179K->5179K(21504K)], 0.0046930 secs] [Times: user=0.02 sys=0.00, real=0.00 secs] 
263.503: Total time for which application threads were stopped: 0.0048480 seconds, Stopping threads took: 0.0000710 seconds
263.687: Application time: 0.1835600 seconds
263.687: [Full GC [PSYoungGen: 24977K->10072K(28672K)] [ParOldGen: 65238K->65238K(65536K)] 90216K->75311K(94208K) [PSPermGen: 5179K->5179K(21504K)], 0.0048240 secs] [Times: user=0.02 sys=0.00, real=0.00 secs] 
263.692: Total time for which application threads were stopped: 0.0049840 seconds, Stopping threads took: 0.0000670 seconds
263.885: Application time: 0.1932950 seconds
263.885: [Full GC [PSYoungGen: 25049K->9946K(28672K)] [ParOldGen: 65238K->65238K(65536K)] 90287K->75185K(94208K) [PSPermGen: 5179K->5179K(21504K)], 0.0047660 secs] [Times: user=0.01 sys=0.01, real=0.01 secs] 
263.890: Total time for which application threads were stopped: 0.0049630 seconds, Stopping threads took: 0.0000920 seconds
264.064: Application time: 0.1736550 seconds
264.064: [Full GC [PSYoungGen: 25034K->9677K(28672K)] [ParOldGen: 65238K->65238K(65536K)] 90272K->74916K(94208K) [PSPermGen: 5179K->5179K(21504K)], 0.0048960 secs] [Times: user=0.02 sys=0.00, real=0.01 secs] 
264.069: Total time for which application threads were stopped: 0.0050680 seconds, Stopping threads took: 0.0000880 seconds
264.246: Application time: 0.1769340 seconds
264.246: [Full GC [PSYoungGen: 24963K->9480K(28672K)] [ParOldGen: 65238K->65238K(65536K)] 90201K->74718K(94208K) [PSPermGen: 5179K->5179K(21504K)], 0.0047570 secs] [Times: user=0.02 sys=0.00, real=0.01 secs] 
264.251: Total time for which application threads were stopped: 0.0049370 seconds, Stopping threads took: 0.0000830 seconds
264.441: Application time: 0.1902990 seconds
264.441: [Full GC [PSYoungGen: 25024K->9947K(28672K)] [ParOldGen: 65238K->65238K(65536K)] 90262K->75185K(94208K) [PSPermGen: 5179K->5179K(21504K)], 0.0048510 secs] [Times: user=0.02 sys=0.00, real=0.00 secs] 
264.446: Total time for which application threads were stopped: 0.0050160 seconds, Stopping threads took: 0.0000760 seconds
264.637: Application time: 0.1914360 seconds
264.637: [Full GC [PSYoungGen: 24989K->9677K(28672K)] [ParOldGen: 65238K->65238K(65536K)] 90227K->74916K(94208K) [PSPermGen: 5179K->5179K(21504K)], 0.0047150 secs] [Times: user=0.02 sys=0.00, real=0.00 secs] 
264.642: Total time for which application threads were stopped: 0.0048770 seconds, Stopping threads took: 0.0000760 seconds
264.832: Application time: 0.1897850 seconds
264.832: [Full GC [PSYoungGen: 25069K->9480K(28672K)] [ParOldGen: 65238K->65238K(65536K)] 90308K->74718K(94208K) [PSPermGen: 5179K->5179K(21504K)], 0.0049610 secs] [Times: user=0.02 sys=0.00, real=0.01 secs] 
264.837: Total time for which application threads were stopped: 0.0051490 seconds, Stopping threads took: 0.0000900 seconds
265.009: Application time: 0.1716990 seconds
265.009: [Full GC [PSYoungGen: 24998K->9480K(28672K)] [ParOldGen: 65238K->65238K(65536K)] 90236K->74718K(94208K) [PSPermGen: 5179K->5179K(21504K)], 0.0047450 secs] [Times: user=0.02 sys=0.00, real=0.00 secs] 
265.014: Total time for which application threads were stopped: 0.0049150 seconds, Stopping threads took: 0.0000800 seconds
265.193: Application time: 0.1796930 seconds
265.194: [Full GC [PSYoungGen: 25022K->9947K(28672K)] [ParOldGen: 65238K->65238K(65536K)] 90260K->75186K(94208K) [PSPermGen: 5179K->5179K(21504K)], 0.0048280 secs] [Times: user=0.02 sys=0.01, real=0.01 secs] 
265.198: Total time for which application threads were stopped: 0.0049880 seconds, Stopping threads took: 0.0000730 seconds
265.410: Application time: 0.2119400 seconds
265.411: Total time for which application threads were stopped: 0.0001080 seconds, Stopping threads took: 0.0000760 seconds
265.412: Application time: 0.0016490 seconds
265.412: [Full GC [PSYoungGen: 25081K->9273K(28672K)] [ParOldGen: 65437K->65238K(65536K)] 90519K->74512K(94208K) [PSPermGen: 5179K->5179K(21504K)], 0.0046520 secs] [Times: user=0.02 sys=0.00, real=0.01 secs] 
265.417: Total time for which application threads were stopped: 0.0047750 seconds, Stopping threads took: 0.0000410 seconds
265.598: Application time: 0.1806240 seconds
265.598: Total time for which application threads were stopped: 0.0000940 seconds, Stopping threads took: 0.0000750 seconds
265.600: Application time: 0.0021350 seconds
265.600: [Full GC [PSYoungGen: 24975K->9004K(28672K)] [ParOldGen: 65507K->65507K(65536K)] 90483K->74512K(94208K) [PSPermGen: 5179K->5179K(21504K)], 0.0047830 secs] [Times: user=0.01 sys=0.00, real=0.00 secs] 
265.605: Total time for which application threads were stopped: 0.0049000 seconds, Stopping threads took: 0.0000360 seconds
265.770: Application time: 0.1648470 seconds
265.770: [Full GC [PSYoungGen: 25015K->9471K(28672K)] [ParOldGen: 65507K->65238K(65536K)] 90523K->74710K(94208K) [PSPermGen: 5179K->5179K(21504K)], 0.0048760 secs] [Times: user=0.02 sys=0.00, real=0.01 secs] 
265.775: Total time for which application threads were stopped: 0.0050350 seconds, Stopping threads took: 0.0000640 seconds
265.980: Application time: 0.2052140 seconds
265.980: [Full GC [PSYoungGen: 25062K->9876K(28672K)] [ParOldGen: 65238K->65238K(65536K)] 90300K->75114K(94208K) [PSPermGen: 5179K->5179K(21504K)], 0.0050410 secs] [Times: user=0.02 sys=0.00, real=0.00 secs] 
265.985: Total time for which application threads were stopped: 0.0052120 seconds, Stopping threads took: 0.0000760 seconds
266.170: Application time: 0.1847140 seconds
266.170: Total time for which application threads were stopped: 0.0001080 seconds, Stopping threads took: 0.0000900 seconds
266.170: Application time: 0.0000510 seconds
266.170: [Full GC [PSYoungGen: 25059K->9345K(28672K)] [ParOldGen: 65373K->65373K(65536K)] 90432K->74719K(94208K) [PSPermGen: 5179K->5179K(21504K)], 0.0047770 secs] [Times: user=0.02 sys=0.00, real=0.01 secs] 
266.175: Total time for which application threads were stopped: 0.0048970 seconds, Stopping threads took: 0.0000380 seconds
266.360: Application time: 0.1852580 seconds
266.360: [Full GC [PSYoungGen: 24949K->9283K(28672K)] [ParOldGen: 65373K->65238K(65536K)] 90322K->74521K(94208K) [PSPermGen: 5179K->5179K(21504K)], 0.0047700 secs] [Times: user=0.01 sys=0.00, real=0.00 secs] 
266.365: Total time for which application threads were stopped: 0.0049480 seconds, Stopping threads took: 0.0000880 seconds
266.555: Application time: 0.1902990 seconds
266.555: [Full GC [PSYoungGen: 24966K->9678K(28672K)] [ParOldGen: 65238K->65238K(65536K)] 90204K->74917K(94208K) [PSPermGen: 5179K->5179K(21504K)], 0.0049420 secs] [Times: user=0.02 sys=0.00, real=0.00 secs] 
266.560: Total time for which application threads were stopped: 0.0051290 seconds, Stopping threads took: 0.0000940 seconds
266.760: Application time: 0.1991050 seconds
266.760: [Full GC [PSYoungGen: 24952K->9876K(28672K)] [ParOldGen: 65238K->65238K(65536K)] 90191K->75115K(94208K) [PSPermGen: 5179K->5179K(21504K)], 0.0050030 secs] [Times: user=0.02 sys=0.00, real=0.00 secs] 
266.765: Total time for which application threads were stopped: 0.0051910 seconds, Stopping threads took: 0.0000990 seconds
266.941: Application time: 0.1764170 seconds
266.941: Total time for which application threads were stopped: 0.0000950 seconds, Stopping threads took: 0.0000740 seconds
266.942: Application time: 0.0010760 seconds
266.942: [Full GC [PSYoungGen: 25084K->9409K(28672K)] [ParOldGen: 65310K->65310K(65536K)] 90394K->74719K(94208K) [PSPermGen: 5179K->5179K(21504K)], 0.0048180 secs] [Times: user=0.02 sys=0.00, real=0.01 secs] 
266.947: Total time for which application threads were stopped: 0.0049430 seconds, Stopping threads took: 0.0000430 seconds
267.130: Application time: 0.1823690 seconds
267.130: [Full GC [PSYoungGen: 25075K->9346K(28672K)] [ParOldGen: 65445K->65373K(65536K)] 90520K->74719K(94208K) [PSPermGen: 5179K->5179K(21504K)], 0.0048540 secs] [Times: user=0.02 sys=0.00, real=0.01 secs] 
267.135: Total time for which application threads were stopped: 0.0050280 seconds, Stopping threads took: 0.0000790 seconds
267.313: Application time: 0.1783170 seconds
267.313: [Full GC [PSYoungGen: 25064K->9876K(28672K)] [ParOldGen: 65373K->65238K(65536K)] 90437K->75115K(94208K) [PSPermGen: 5179K->5179K(21504K)], 0.0048830 secs] [Times: user=0.02 sys=0.00, real=0.01 secs] 
267.318: Total time for which application threads were stopped: 0.0050630 seconds, Stopping threads took: 0.0000860 seconds
267.542: Application time: 0.2235080 seconds
267.542: [Full GC [PSYoungGen: 24988K->9481K(28672K)] [ParOldGen: 65238K->65238K(65536K)] 90226K->74719K(94208K) [PSPermGen: 5179K->5179K(21504K)], 0.0049240 secs] [Times: user=0.01 sys=0.00, real=0.01 secs] 
267.547: Total time for which application threads were stopped: 0.0050910 seconds, Stopping threads took: 0.0000770 seconds
267.720: Application time: 0.1734740 seconds
267.720: [Full GC [PSYoungGen: 25022K->9948K(28672K)] [ParOldGen: 65238K->65238K(65536K)] 90261K->75187K(94208K) [PSPermGen: 5179K->5179K(21504K)], 0.0048430 secs] [Times: user=0.02 sys=0.00, real=0.00 secs] 
267.725: Total time for which application threads were stopped: 0.0050390 seconds, Stopping threads took: 0.0000920 seconds
267.892: Application time: 0.1667890 seconds
267.892: [Full GC [PSYoungGen: 24973K->9616K(28672K)] [ParOldGen: 65238K->65238K(65536K)] 90211K->74854K(94208K) [PSPermGen: 5179K->5179K(21504K)], 0.0049630 secs] [Times: user=0.01 sys=0.00, real=0.01 secs] 
267.897: Total time for which application threads were stopped: 0.0051270 seconds, Stopping threads took: 0.0000760 seconds
268.090: Application time: 0.1933230 seconds
268.091: Total time for which application threads were stopped: 0.0001110 seconds, Stopping threads took: 0.0000880 seconds
268.091: Application time: 0.0005670 seconds
268.091: [Full GC [PSYoungGen: 25015K->9203K(28672K)] [ParOldGen: 65507K->65507K(65536K)] 90523K->74711K(94208K) [PSPermGen: 5179K->5179K(21504K)], 0.0049520 secs] [Times: user=0.01 sys=0.00, real=0.01 secs] 
268.096: Total time for which application threads were stopped: 0.0050690 seconds, Stopping threads took: 0.0000390 seconds
268.294: Application time: 0.1974160 seconds
268.294: [Full GC [PSYoungGen: 25005K->9679K(28672K)] [ParOldGen: 65507K->65238K(65536K)] 90513K->74918K(94208K) [PSPermGen: 5179K->5179K(21504K)], 0.0047980 secs] [Times: user=0.02 sys=0.00, real=0.01 secs] 
268.299: Total time for which application threads were stopped: 0.0049590 seconds, Stopping threads took: 0.0000660 seconds
268.495: Application time: 0.1963410 seconds
268.495: [Full GC [PSYoungGen: 25086K->9284K(28672K)] [ParOldGen: 65238K->65238K(65536K)] 90324K->74522K(94208K) [PSPermGen: 5179K->5179K(21504K)], 0.0048290 secs] [Times: user=0.01 sys=0.00, real=0.00 secs] 
268.500: Total time for which application threads were stopped: 0.0050000 seconds, Stopping threads took: 0.0000850 seconds
268.676: Application time: 0.1762920 seconds
268.676: [Full GC [PSYoungGen: 24991K->9877K(28672K)] [ParOldGen: 65238K->65238K(65536K)] 90229K->75115K(94208K) [PSPermGen: 5179K->5179K(21504K)], 0.0049340 secs] [Times: user=0.02 sys=0.00, real=0.00 secs] 
268.681: Total time for which application threads were stopped: 0.0050860 seconds, Stopping threads took: 0.0000680 seconds
268.860: Application time: 0.1789280 seconds
268.860: Total time for which application threads were stopped: 0.0001010 seconds, Stopping threads took: 0.0000680 seconds
268.861: Application time: 0.0003240 seconds
268.861: [Full GC [PSYoungGen: 25088K->9203K(28672K)] [ParOldGen: 65516K->65516K(65536K)] 90604K->74720K(94208K) [PSPermGen: 5179K->5179K(21504K)], 0.0047610 secs] [Times: user=0.02 sys=0.00, real=0.00 secs] 
268.866: Total time for which application threads were stopped: 0.0048890 seconds, Stopping threads took: 0.0000440 seconds
269.080: Application time: 0.2141730 seconds
269.080: [Full GC [PSYoungGen: 24893K->9284K(28672K)] [ParOldGen: 65516K->65238K(65536K)] 90410K->74522K(94208K) [PSPermGen: 5179K->5179K(21504K)], 0.0050290 secs] [Times: user=0.02 sys=0.00, real=0.00 secs] 
269.085: Total time for which application threads were stopped: 0.0052140 seconds, Stopping threads took: 0.0000960 seconds
269.274: Application time: 0.1891780 seconds
269.274: Total time for which application threads were stopped: 0.0001010 seconds, Stopping threads took: 0.0000780 seconds
269.276: Application time: 0.0017190 seconds
269.276: [Full GC [PSYoungGen: 25087K->9068K(28672K)] [ParOldGen: 65507K->65507K(65536K)] 90595K->74576K(94208K) [PSPermGen: 5179K->5179K(21504K)], 0.0047100 secs] [Times: user=0.02 sys=0.00, real=0.00 secs] 
269.281: Total time for which application threads were stopped: 0.0048240 seconds, Stopping threads took: 0.0000350 seconds
269.460: Application time: 0.1794120 seconds
269.460: Total time for which application threads were stopped: 0.0001080 seconds, Stopping threads took: 0.0000770 seconds
269.462: Application time: 0.0015840 seconds
269.462: [Full GC [PSYoungGen: 25081K->9061K(28672K)] [ParOldGen: 65515K->65246K(65536K)] 90597K->74307K(94208K) [PSPermGen: 5179K->5179K(21504K)], 0.0046890 secs] [Times: user=0.02 sys=0.00, real=0.01 secs] 
269.467: Total time for which application threads were stopped: 0.0048110 seconds, Stopping threads took: 0.0000320 seconds
269.678: Application time: 0.2110480 seconds
269.678: [Full GC [PSYoungGen: 25075K->9283K(28672K)] [ParOldGen: 65445K->65437K(65536K)] 90520K->74720K(94208K) [PSPermGen: 5179K->5179K(21504K)], 0.0047600 secs] [Times: user=0.02 sys=0.00, real=0.00 secs] 
269.683: Total time for which application threads were stopped: 0.0049450 seconds, Stopping threads took: 0.0000990 seconds
269.875: Application time: 0.1920670 seconds
269.875: [Full GC [PSYoungGen: 25010K->9284K(28672K)] [ParOldGen: 65437K->65238K(65536K)] 90447K->74523K(94208K) [PSPermGen: 5179K->5179K(21504K)], 0.0048210 secs] [Times: user=0.02 sys=0.00, real=0.00 secs] 
269.880: Total time for which application threads were stopped: 0.0049890 seconds, Stopping threads took: 0.0000790 seconds
270.042: Application time: 0.1624120 seconds
270.042: [Full GC [PSYoungGen: 24962K->9680K(28672K)] [ParOldGen: 65238K->65238K(65536K)] 90201K->74918K(94208K) [PSPermGen: 5179K->5179K(21504K)], 0.0049890 secs] [Times: user=0.02 sys=0.00, real=0.01 secs] 
270.047: Total time for which application threads were stopped: 0.0051570 seconds, Stopping threads took: 0.0000720 seconds
270.241: Application time: 0.1935020 seconds
270.241: [Full GC [PSYoungGen: 24869K->9878K(28672K)] [ParOldGen: 65238K->65238K(65536K)] 90108K->75116K(94208K) [PSPermGen: 5179K->5179K(21504K)], 0.0049460 secs] [Times: user=0.02 sys=0.00, real=0.00 secs] 
270.246: Total time for which application threads were stopped: 0.0051120 seconds, Stopping threads took: 0.0000770 seconds
270.443: Application time: 0.1969290 seconds
270.443: [Full GC [PSYoungGen: 25078K->10210K(28672K)] [ParOldGen: 65238K->65238K(65536K)] 90316K->75449K(94208K) [PSPermGen: 5179K->5179K(21504K)], 0.0051250 secs] [Times: user=0.02 sys=0.00, real=0.01 secs] 
270.448: Total time for which application threads were stopped: 0.0052820 seconds, Stopping threads took: 0.0000700 seconds
270.624: Application time: 0.1759610 seconds
270.624: [Full GC [PSYoungGen: 25085K->9617K(28672K)] [ParOldGen: 65238K->65238K(65536K)] 90324K->74856K(94208K) [PSPermGen: 5179K->5179K(21504K)], 0.0048690 secs] [Times: user=0.02 sys=0.00, real=0.01 secs] 
270.629: Total time for which application threads were stopped: 0.0050640 seconds, Stopping threads took: 0.0000940 seconds
270.805: Application time: 0.1757920 seconds
270.805: [Full GC [PSYoungGen: 24883K->9680K(28672K)] [ParOldGen: 65238K->65238K(65536K)] 90121K->74919K(94208K) [PSPermGen: 5179K->5179K(21504K)], 0.0049130 secs] [Times: user=0.02 sys=0.00, real=0.01 secs] 
270.810: Total time for which application threads were stopped: 0.0051040 seconds, Stopping threads took: 0.0001000 seconds
270.990: Application time: 0.1800440 seconds
270.990: [Full GC [PSYoungGen: 24987K->9483K(28672K)] [ParOldGen: 65238K->65238K(65536K)] 90226K->74721K(94208K) [PSPermGen: 5179K->5179K(21504K)], 0.0048050 secs] [Times: user=0.02 sys=0.00, real=0.01 secs] 
270.995: Total time for which application threads were stopped: 0.0049640 seconds, Stopping threads took: 0.0000720 seconds
271.198: Application time: 0.2030660 seconds
271.198: [Full GC [PSYoungGen: 24996K->9878K(28672K)] [ParOldGen: 65238K->65238K(65536K)] 90234K->75116K(94208K) [PSPermGen: 5179K->5179K(21504K)], 0.0048320 secs] [Times: user=0.02 sys=0.00, real=0.00 secs] 
271.203: Total time for which application threads were stopped: 0.0050030 seconds, Stopping threads took: 0.0000730 seconds
271.382: Application time: 0.1785140 seconds
271.382: [Full GC [PSYoungGen: 24952K->9878K(28672K)] [ParOldGen: 65238K->65238K(65536K)] 90190K->75117K(94208K) [PSPermGen: 5179K->5179K(21504K)], 0.0050690 secs] [Times: user=0.02 sys=0.00, real=0.01 secs] 
271.387: Total time for which application threads were stopped: 0.0052370 seconds, Stopping threads took: 0.0000800 seconds
271.570: Application time: 0.1832570 seconds
271.570: Total time for which application threads were stopped: 0.0001170 seconds, Stopping threads took: 0.0000950 seconds
271.572: Application time: 0.0020060 seconds
271.572: [Full GC [PSYoungGen: 25038K->9474K(28672K)] [ParOldGen: 65507K->65507K(65536K)] 90546K->74982K(94208K) [PSPermGen: 5179K->5179K(21504K)], 0.0048280 secs] [Times: user=0.01 sys=0.00, real=0.01 secs] 
271.577: Total time for which application threads were stopped: 0.0049520 seconds, Stopping threads took: 0.0000390 seconds
271.755: Application time: 0.1781250 seconds
271.755: Total time for which application threads were stopped: 0.0001060 seconds, Stopping threads took: 0.0000730 seconds
271.756: Application time: 0.0006780 seconds
271.756: [Full GC [PSYoungGen: 25004K->9474K(28672K)] [ParOldGen: 65507K->65238K(65536K)] 90512K->74712K(94208K) [PSPermGen: 5179K->5179K(21504K)], 0.0048760 secs] [Times: user=0.02 sys=0.00, real=0.00 secs] 
271.761: Total time for which application threads were stopped: 0.0049930 seconds, Stopping threads took: 0.0000380 seconds
271.940: Application time: 0.1784510 seconds
271.940: [Full GC [PSYoungGen: 25085K->9483K(28672K)] [ParOldGen: 65437K->65238K(65536K)] 90522K->74722K(94208K) [PSPermGen: 5179K->5179K(21504K)], 0.0049600 secs] [Times: user=0.02 sys=0.00, real=0.00 secs] 
271.945: Total time for which application threads were stopped: 0.0051090 seconds, Stopping threads took: 0.0000660 seconds
272.156: Application time: 0.2117590 seconds
272.157: [Full GC [PSYoungGen: 24880K->9483K(28672K)] [ParOldGen: 65238K->65238K(65536K)] 90118K->74722K(94208K) [PSPermGen: 5179K->5179K(21504K)], 0.0049020 secs] [Times: user=0.02 sys=0.00, real=0.00 secs] 
272.162: Total time for which application threads were stopped: 0.0050760 seconds, Stopping threads took: 0.0000880 seconds
272.326: Application time: 0.1640910 seconds
272.326: [Full GC [PSYoungGen: 25062K->9753K(28672K)] [ParOldGen: 65238K->65238K(65536K)] 90300K->74991K(94208K) [PSPermGen: 5179K->5179K(21504K)], 0.0049040 secs] [Times: user=0.02 sys=0.00, real=0.01 secs] 
272.331: Total time for which application threads were stopped: 0.0050800 seconds, Stopping threads took: 0.0000780 seconds
272.517: Application time: 0.1861150 seconds
272.517: [Full GC [PSYoungGen: 25025K->9951K(28672K)] [ParOldGen: 65238K->65238K(65536K)] 90264K->75189K(94208K) [PSPermGen: 5179K->5179K(21504K)], 0.0049110 secs] [Times: user=0.02 sys=0.00, real=0.00 secs] 
272.522: Total time for which application threads were stopped: 0.0050860 seconds, Stopping threads took: 0.0000830 seconds
272.732: Application time: 0.2102650 seconds
272.732: [Full GC [PSYoungGen: 25079K->9483K(28672K)] [ParOldGen: 65238K->65238K(65536K)] 90317K->74722K(94208K) [PSPermGen: 5179K->5179K(21504K)], 0.0047150 secs] [Times: user=0.02 sys=0.00, real=0.01 secs] 
272.737: Total time for which application threads were stopped: 0.0048830 seconds, Stopping threads took: 0.0000800 seconds
272.915: Application time: 0.1780640 seconds
272.915: [Full GC [PSYoungGen: 24965K->9484K(28672K)] [ParOldGen: 65238K->65238K(65536K)] 90203K->74722K(94208K) [PSPermGen: 5179K->5179K(21504K)], 0.0048800 secs] [Times: user=0.01 sys=0.00, real=0.00 secs] 
272.920: Total time for which application threads were stopped: 0.0050480 seconds, Stopping threads took: 0.0000750 seconds
273.090: Application time: 0.1696910 seconds
273.090: [Full GC [PSYoungGen: 24964K->9681K(28672K)] [ParOldGen: 65238K->65238K(65536K)] 90203K->74920K(94208K) [PSPermGen: 5179K->5179K(21504K)], 0.0048960 secs] [Times: user=0.02 sys=0.00, real=0.01 secs] 
273.095: Total time for which application threads were stopped: 0.0050590 seconds, Stopping threads took: 0.0000770 seconds
273.283: Application time: 0.1877010 seconds
273.283: [Full GC [PSYoungGen: 25066K->10077K(28672K)] [ParOldGen: 65238K->65238K(65536K)] 90305K->75315K(94208K) [PSPermGen: 5179K->5179K(21504K)], 0.0050270 secs] [Times: user=0.02 sys=0.00, real=0.01 secs] 
273.288: Total time for which application threads were stopped: 0.0051820 seconds, Stopping threads took: 0.0000690 seconds
273.484: Application time: 0.1964460 seconds
273.484: Total time for which application threads were stopped: 0.0001020 seconds, Stopping threads took: 0.0000710 seconds
273.484: Application time: 0.0000760 seconds
273.485: [Full GC [PSYoungGen: 25058K->9744K(28672K)] [ParOldGen: 65373K->65373K(65536K)] 90431K->75117K(94208K) [PSPermGen: 5179K->5179K(21504K)], 0.0048270 secs] [Times: user=0.02 sys=0.00, real=0.01 secs] 
273.489: Total time for which application threads were stopped: 0.0049550 seconds, Stopping threads took: 0.0000450 seconds
273.678: Application time: 0.1885490 seconds
273.678: [Full GC [PSYoungGen: 25062K->9088K(28672K)] [ParOldGen: 65508K->65373K(65536K)] 90570K->74462K(94208K) [PSPermGen: 5179K->5179K(21504K)], 0.0047940 secs] [Times: user=0.02 sys=0.00, real=0.00 secs] 
273.683: Total time for which application threads were stopped: 0.0049770 seconds, Stopping threads took: 0.0000940 seconds
273.859: Application time: 0.1764580 seconds
273.860: [Full GC [PSYoungGen: 24988K->9951K(28672K)] [ParOldGen: 65373K->65238K(65536K)] 90361K->75190K(94208K) [PSPermGen: 5179K->5179K(21504K)], 0.0048200 secs] [Times: user=0.02 sys=0.00, real=0.00 secs] 
273.864: Total time for which application threads were stopped: 0.0049930 seconds, Stopping threads took: 0.0000740 seconds
274.051: Application time: 0.1865630 seconds
274.051: [Full GC [PSYoungGen: 25087K->9817K(28672K)] [ParOldGen: 65238K->65238K(65536K)] 90326K->75055K(94208K) [PSPermGen: 5179K->5179K(21504K)], 0.0049010 secs] [Times: user=0.01 sys=0.00, real=0.01 secs] 
274.056: Total time for which application threads were stopped: 0.0050790 seconds, Stopping threads took: 0.0000840 seconds
274.255: Application time: 0.1989680 seconds
274.255: Total time for which application threads were stopped: 0.0000950 seconds, Stopping threads took: 0.0000720 seconds
274.257: Application time: 0.0016640 seconds
274.257: [Full GC [PSYoungGen: 25084K->9483K(28672K)] [ParOldGen: 65437K->65437K(65536K)] 90522K->74920K(94208K) [PSPermGen: 5179K->5179K(21504K)], 0.0048950 secs] [Times: user=0.02 sys=0.00, real=0.00 secs] 
274.262: Total time for which application threads were stopped: 0.0050200 seconds, Stopping threads took: 0.0000430 seconds
274.443: Application time: 0.1812400 seconds
274.443: [Full GC [PSYoungGen: 24971K->8891K(28672K)] [ParOldGen: 65437K->65238K(65536K)] 90408K->74130K(94208K) [PSPermGen: 5179K->5179K(21504K)], 0.0051150 secs] [Times: user=0.02 sys=0.00, real=0.01 secs] 
274.448: Total time for which application threads were stopped: 0.0052780 seconds, Stopping threads took: 0.0000760 seconds
274.639: Application time: 0.1905160 seconds
274.639: [Full GC [PSYoungGen: 25076K->9952K(28672K)] [ParOldGen: 65238K->65238K(65536K)] 90315K->75190K(94208K) [PSPermGen: 5179K->5179K(21504K)], 0.0048780 secs] [Times: user=0.02 sys=0.00, real=0.00 secs] 
274.644: Total time for which application threads were stopped: 0.0050460 seconds, Stopping threads took: 0.0000720 seconds
274.823: Application time: 0.1786390 seconds
274.823: Total time for which application threads were stopped: 0.0000940 seconds, Stopping threads took: 0.0000740 seconds
274.826: Application time: 0.0033590 seconds
274.826: [Full GC [PSYoungGen: 25067K->9349K(28672K)] [ParOldGen: 65373K->65373K(65536K)] 90440K->74723K(94208K) [PSPermGen: 5179K->5179K(21504K)], 0.0048120 secs] [Times: user=0.02 sys=0.00, real=0.00 secs] 
274.831: Total time for which application threads were stopped: 0.0049480 seconds, Stopping threads took: 0.0000540 seconds
275.019: Application time: 0.1876270 seconds
275.019: [Full GC [PSYoungGen: 25030K->9880K(28672K)] [ParOldGen: 65373K->65238K(65536K)] 90403K->75118K(94208K) [PSPermGen: 5179K->5179K(21504K)], 0.0047450 secs] [Times: user=0.01 sys=0.01, real=0.00 secs] 
275.023: Total time for which application threads were stopped: 0.0048910 seconds, Stopping threads took: 0.0000630 seconds
275.223: Application time: 0.1999570 seconds
275.224: [Full GC [PSYoungGen: 25026K->9556K(28672K)] [ParOldGen: 65238K->65238K(65536K)] 90264K->74795K(94208K) [PSPermGen: 5179K->5179K(21504K)], 0.0050590 secs] [Times: user=0.02 sys=0.00, real=0.01 secs] 
275.229: Total time for which application threads were stopped: 0.0052540 seconds, Stopping threads took: 0.0000970 seconds
275.408: Application time: 0.1790010 seconds
275.408: [Full GC [PSYoungGen: 25082K->9683K(28672K)] [ParOldGen: 65238K->65238K(65536K)] 90320K->74922K(94208K) [PSPermGen: 5179K->5179K(21504K)], 0.0049770 secs] [Times: user=0.02 sys=0.00, real=0.00 secs] 
275.413: Total time for which application threads were stopped: 0.0051610 seconds, Stopping threads took: 0.0000950 seconds
275.583: Application time: 0.1701160 seconds
275.583: [Full GC [PSYoungGen: 24968K->9682K(28672K)] [ParOldGen: 65238K->65238K(65536K)] 90206K->74921K(94208K) [PSPermGen: 5179K->5179K(21504K)], 0.0048510 secs] [Times: user=0.02 sys=0.00, real=0.01 secs] 
275.588: Total time for which application threads were stopped: 0.0050150 seconds, Stopping threads took: 0.0000760 seconds
275.810: Application time: 0.2224700 seconds
275.811: [Full GC [PSYoungGen: 24881K->9287K(28672K)] [ParOldGen: 65238K->65238K(65536K)] 90119K->74526K(94208K) [PSPermGen: 5179K->5179K(21504K)], 0.0046770 secs] [Times: user=0.02 sys=0.00, real=0.01 secs] 
275.815: Total time for which application threads were stopped: 0.0048620 seconds, Stopping threads took: 0.0000860 seconds
275.984: Application time: 0.1682680 seconds
275.984: Total time for which application threads were stopped: 0.0001090 seconds, Stopping threads took: 0.0000830 seconds
275.984: Application time: 0.0004330 seconds
275.984: [Full GC [PSYoungGen: 25073K->9152K(28672K)] [ParOldGen: 65373K->65373K(65536K)] 90446K->74525K(94208K) [PSPermGen: 5179K->5179K(21504K)], 0.0047390 secs] [Times: user=0.02 sys=0.00, real=0.01 secs] 
275.989: Total time for which application threads were stopped: 0.0048640 seconds, Stopping threads took: 0.0000430 seconds
276.173: Application time: 0.1844130 seconds
276.174: [Full GC [PSYoungGen: 25037K->9287K(28672K)] [ParOldGen: 65508K->65373K(65536K)] 90545K->74661K(94208K) [PSPermGen: 5179K->5179K(21504K)], 0.0047450 secs] [Times: user=0.02 sys=0.00, real=0.01 secs] 
276.178: Total time for which application threads were stopped: 0.0049090 seconds, Stopping threads took: 0.0000740 seconds
276.373: Application time: 0.1950890 seconds
276.374: [Full GC [PSYoungGen: 25018K->10150K(28672K)] [ParOldGen: 65373K->65238K(65536K)] 90391K->75388K(94208K) [PSPermGen: 5179K->5179K(21504K)], 0.0050080 secs] [Times: user=0.02 sys=0.00, real=0.01 secs] 
276.379: Total time for which application threads were stopped: 0.0051810 seconds, Stopping threads took: 0.0000800 seconds
276.568: Application time: 0.1889540 seconds
276.568: [Full GC [PSYoungGen: 24953K->9485K(28672K)] [ParOldGen: 65238K->65238K(65536K)] 90192K->74724K(94208K) [PSPermGen: 5179K->5179K(21504K)], 0.0136770 secs] [Times: user=0.07 sys=0.00, real=0.01 secs] 
276.581: Total time for which application threads were stopped: 0.0138390 seconds, Stopping threads took: 0.0000810 seconds
276.769: Application time: 0.1873120 seconds
276.769: Total time for which application threads were stopped: 0.0001040 seconds, Stopping threads took: 0.0000800 seconds
276.769: Application time: 0.0003380 seconds
276.769: [Full GC [PSYoungGen: 25086K->9081K(28672K)] [ParOldGen: 65445K->65445K(65536K)] 90531K->74526K(94208K) [PSPermGen: 5179K->5179K(21504K)], 0.0048290 secs] [Times: user=0.02 sys=0.00, real=0.01 secs] 
276.774: Total time for which application threads were stopped: 0.0049600 seconds, Stopping threads took: 0.0000510 seconds
276.954: Application time: 0.1795440 seconds
276.954: [Full GC [PSYoungGen: 24958K->10078K(28672K)] [ParOldGen: 65445K->65238K(65536K)] 90403K->75317K(94208K) [PSPermGen: 5179K->5179K(21504K)], 0.0051590 secs] [Times: user=0.02 sys=0.00, real=0.01 secs] 
276.959: Total time for which application threads were stopped: 0.0053280 seconds, Stopping threads took: 0.0000730 seconds
277.154: Application time: 0.1952510 seconds
277.154: [Full GC [PSYoungGen: 24983K->9683K(28672K)] [ParOldGen: 65238K->65238K(65536K)] 90222K->74922K(94208K) [PSPermGen: 5179K->5179K(21504K)], 0.0050850 secs] [Times: user=0.02 sys=0.00, real=0.00 secs] 
277.159: Total time for which application threads were stopped: 0.0052660 seconds, Stopping threads took: 0.0000930 seconds
277.350: Application time: 0.1907000 seconds
277.350: [Full GC [PSYoungGen: 25005K->9288K(28672K)] [ParOldGen: 65238K->65238K(65536K)] 90244K->74526K(94208K) [PSPermGen: 5179K->5179K(21504K)], 0.0046160 secs] [Times: user=0.02 sys=0.00, real=0.01 secs] 
277.355: Total time for which application threads were stopped: 0.0047610 seconds, Stopping threads took: 0.0000600 seconds
277.542: Application time: 0.1873700 seconds
277.542: [Full GC [PSYoungGen: 25058K->8893K(28672K)] [ParOldGen: 65238K->65238K(65536K)] 90296K->74131K(94208K) [PSPermGen: 5179K->5179K(21504K)], 0.0047100 secs] [Times: user=0.02 sys=0.00, real=0.01 secs] 
277.547: Total time for which application threads were stopped: 0.0048820 seconds, Stopping threads took: 0.0000740 seconds
277.752: Application time: 0.2050250 seconds
277.752: [Full GC [PSYoungGen: 25053K->9558K(28672K)] [ParOldGen: 65238K->65238K(65536K)] 90292K->74796K(94208K) [PSPermGen: 5179K->5179K(21504K)], 0.0049090 secs] [Times: user=0.01 sys=0.00, real=0.01 secs] 
277.757: Total time for which application threads were stopped: 0.0050790 seconds, Stopping threads took: 0.0000810 seconds
277.935: Application time: 0.1778610 seconds
277.935: [Full GC [PSYoungGen: 25083K->9685K(28672K)] [ParOldGen: 65238K->65238K(65536K)] 90321K->74923K(94208K) [PSPermGen: 5179K->5179K(21504K)], 0.0048760 secs] [Times: user=0.02 sys=0.00, real=0.00 secs] 
277.940: Total time for which application threads were stopped: 0.0050430 seconds, Stopping threads took: 0.0000810 seconds
278.117: Application time: 0.1767520 seconds
278.117: [Full GC [PSYoungGen: 24964K->9486K(28672K)] [ParOldGen: 65238K->65238K(65536K)] 90203K->74724K(94208K) [PSPermGen: 5179K->5179K(21504K)], 0.0050500 secs] [Times: user=0.02 sys=0.00, real=0.00 secs] 
278.122: Total time for which application threads were stopped: 0.0052270 seconds, Stopping threads took: 0.0000750 seconds
278.324: Application time: 0.2014160 seconds
278.324: [Full GC [PSYoungGen: 25069K->9953K(28672K)] [ParOldGen: 65238K->65238K(65536K)] 90307K->75192K(94208K) [PSPermGen: 5179K->5179K(21504K)], 0.0048500 secs] [Times: user=0.01 sys=0.00, real=0.01 secs] 
278.329: Total time for which application threads were stopped: 0.0050200 seconds, Stopping threads took: 0.0000810 seconds
278.515: Application time: 0.1861950 seconds
278.515: [Full GC [PSYoungGen: 24993K->9486K(28672K)] [ParOldGen: 65238K->65238K(65536K)] 90231K->74724K(94208K) [PSPermGen: 5179K->5179K(21504K)], 0.0048100 secs] [Times: user=0.02 sys=0.00, real=0.00 secs] 
278.520: Total time for which application threads were stopped: 0.0049730 seconds, Stopping threads took: 0.0000760 seconds
278.704: Application time: 0.1846640 seconds
278.705: Total time for which application threads were stopped: 0.0001120 seconds, Stopping threads took: 0.0000800 seconds
278.706: Application time: 0.0011230 seconds
278.706: [Full GC [PSYoungGen: 25037K->9351K(28672K)] [ParOldGen: 65373K->65373K(65536K)] 90410K->74724K(94208K) [PSPermGen: 5179K->5179K(21504K)], 0.0048580 secs] [Times: user=0.02 sys=0.00, real=0.01 secs] 
278.711: Total time for which application threads were stopped: 0.0049840 seconds, Stopping threads took: 0.0000460 seconds
278.918: Application time: 0.2070210 seconds
278.918: [Full GC [PSYoungGen: 24920K->9486K(28672K)] [ParOldGen: 65373K->65238K(65536K)] 90293K->74725K(94208K) [PSPermGen: 5179K->5179K(21504K)], 0.0051630 secs] [Times: user=0.02 sys=0.00, real=0.00 secs] 
278.923: Total time for which application threads were stopped: 0.0053420 seconds, Stopping threads took: 0.0000890 seconds
279.089: Application time: 0.1662760 seconds
279.089: [Full GC [PSYoungGen: 25067K->9756K(28672K)] [ParOldGen: 65238K->65238K(65536K)] 90306K->74994K(94208K) [PSPermGen: 5179K->5179K(21504K)], 0.0048610 secs] [Times: user=0.01 sys=0.00, real=0.01 secs] 
279.094: Total time for which application threads were stopped: 0.0050330 seconds, Stopping threads took: 0.0000840 seconds
279.263: Application time: 0.1687580 seconds
279.263: Total time for which application threads were stopped: 0.0001140 seconds, Stopping threads took: 0.0000850 seconds
279.264: Application time: 0.0010080 seconds
279.264: [Full GC [PSYoungGen: 25029K->9747K(28672K)] [ParOldGen: 65373K->65373K(65536K)] 90402K->75120K(94208K) [PSPermGen: 5179K->5179K(21504K)], 0.0047880 secs] [Times: user=0.02 sys=0.00, real=0.01 secs] 
279.269: Total time for which application threads were stopped: 0.0049170 seconds, Stopping threads took: 0.0000490 seconds
279.480: Application time: 0.2111260 seconds
279.480: [Full GC [PSYoungGen: 24947K->9487K(28672K)] [ParOldGen: 65373K->65238K(65536K)] 90320K->74725K(94208K) [PSPermGen: 5179K->5179K(21504K)], 0.0128570 secs] [Times: user=0.07 sys=0.00, real=0.01 secs] 
279.493: Total time for which application threads were stopped: 0.0130100 seconds, Stopping threads took: 0.0000670 seconds
279.667: Application time: 0.1735930 seconds
279.667: [Full GC [PSYoungGen: 25067K->9756K(28672K)] [ParOldGen: 65238K->65238K(65536K)] 90306K->74995K(94208K) [PSPermGen: 5179K->5179K(21504K)], 0.0049100 secs] [Times: user=0.02 sys=0.00, real=0.00 secs] 
279.672: Total time for which application threads were stopped: 0.0051010 seconds, Stopping threads took: 0.0001040 seconds
279.842: Application time: 0.1698930 seconds
279.842: [Full GC [PSYoungGen: 25079K->9684K(28672K)] [ParOldGen: 65238K->65238K(65536K)] 90317K->74923K(94208K) [PSPermGen: 5179K->5179K(21504K)], 0.0049530 secs] [Times: user=0.02 sys=0.00, real=0.01 secs] 
279.847: Total time for which application threads were stopped: 0.0051570 seconds, Stopping threads took: 0.0001060 seconds
280.038: Application time: 0.1904620 seconds
280.038: Total time for which application threads were stopped: 0.0000940 seconds, Stopping threads took: 0.0000740 seconds
280.038: Application time: 0.0004860 seconds
280.038: [Full GC [PSYoungGen: 25031K->9343K(28672K)] [ParOldGen: 65508K->65508K(65536K)] 90539K->74851K(94208K) [PSPermGen: 5179K->5179K(21504K)], 0.0047680 secs] [Times: user=0.01 sys=0.00, real=0.00 secs] 
280.043: Total time for which application threads were stopped: 0.0048890 seconds, Stopping threads took: 0.0000420 seconds
280.250: Application time: 0.2070300 seconds
280.250: Total time for which application threads were stopped: 0.0000880 seconds, Stopping threads took: 0.0000680 seconds
280.251: Application time: 0.0007500 seconds
280.251: [Full GC [PSYoungGen: 25034K->9415K(28672K)] [ParOldGen: 65508K->65238K(65536K)] 90542K->74653K(94208K) [PSPermGen: 5179K->5179K(21504K)], 0.0049620 secs] [Times: user=0.02 sys=0.00, real=0.01 secs] 
280.256: Total time for which application threads were stopped: 0.0050730 seconds, Stopping threads took: 0.0000330 seconds
280.421: Application time: 0.1651030 seconds
280.421: [Full GC [PSYoungGen: 25083K->9685K(28672K)] [ParOldGen: 65445K->65238K(65536K)] 90528K->74923K(94208K) [PSPermGen: 5179K->5179K(21504K)], 0.0050120 secs] [Times: user=0.02 sys=0.00, real=0.01 secs] 
280.426: Total time for which application threads were stopped: 0.0051930 seconds, Stopping threads took: 0.0000870 seconds
280.611: Application time: 0.1850680 seconds
280.611: [Full GC [PSYoungGen: 24969K->9289K(28672K)] [ParOldGen: 65238K->65238K(65536K)] 90207K->74528K(94208K) [PSPermGen: 5179K->5179K(21504K)], 0.0049230 secs] [Times: user=0.02 sys=0.00, real=0.01 secs] 
280.616: Total time for which application threads were stopped: 0.0050800 seconds, Stopping threads took: 0.0000710 seconds
280.842: Application time: 0.2259090 seconds
280.842: [Full GC [PSYoungGen: 25009K->9289K(28672K)] [ParOldGen: 65238K->65238K(65536K)] 90248K->74528K(94208K) [PSPermGen: 5179K->5179K(21504K)], 0.0046610 secs] [Times: user=0.02 sys=0.00, real=0.01 secs] 
280.847: Total time for which application threads were stopped: 0.0048370 seconds, Stopping threads took: 0.0000880 seconds
281.019: Application time: 0.1719610 seconds
281.019: Total time for which application threads were stopped: 0.0001110 seconds, Stopping threads took: 0.0000820 seconds
281.019: Application time: 0.0001190 seconds
281.019: [Full GC [PSYoungGen: 25009K->9478K(28672K)] [ParOldGen: 65507K->65507K(65536K)] 90517K->74986K(94208K) [PSPermGen: 5179K->5179K(21504K)], 0.0046370 secs] [Times: user=0.01 sys=0.00, real=0.00 secs] 
281.024: Total time for which application threads were stopped: 0.0047640 seconds, Stopping threads took: 0.0000390 seconds
281.206: Application time: 0.1818850 seconds
281.206: [Full GC [PSYoungGen: 25052K->9361K(28672K)] [ParOldGen: 65507K->65238K(65536K)] 90560K->74600K(94208K) [PSPermGen: 5179K->5179K(21504K)], 0.0049410 secs] [Times: user=0.02 sys=0.00, real=0.00 secs] 
281.211: Total time for which application threads were stopped: 0.0051200 seconds, Stopping threads took: 0.0000890 seconds
281.400: Application time: 0.1887450 seconds
281.400: [Full GC [PSYoungGen: 25035K->9946K(28672K)] [ParOldGen: 65238K->65238K(65536K)] 90273K->75184K(94208K) [PSPermGen: 5179K->5179K(21504K)], 0.0049680 secs] [Times: user=0.02 sys=0.00, real=0.00 secs] 
281.405: Total time for which application threads were stopped: 0.0051200 seconds, Stopping threads took: 0.0000670 seconds
281.609: Application time: 0.2035050 seconds
281.609: [Full GC [PSYoungGen: 25086K->8894K(28672K)] [ParOldGen: 65238K->65238K(65536K)] 90324K->74133K(94208K) [PSPermGen: 5179K->5179K(21504K)], 0.0047270 secs] [Times: user=0.02 sys=0.00, real=0.00 secs] 
281.613: Total time for which application threads were stopped: 0.0048960 seconds, Stopping threads took: 0.0000720 seconds
281.794: Application time: 0.1807630 seconds
281.794: [Full GC [PSYoungGen: 24978K->9488K(28672K)] [ParOldGen: 65238K->65238K(65536K)] 90216K->74726K(94208K) [PSPermGen: 5179K->5179K(21504K)], 0.0050960 secs] [Times: user=0.02 sys=0.00, real=0.00 secs] 
281.799: Total time for which application threads were stopped: 0.0052580 seconds, Stopping threads took: 0.0000750 seconds
281.982: Application time: 0.1828540 seconds
281.982: [Full GC [PSYoungGen: 25066K->9757K(28672K)] [ParOldGen: 65238K->65238K(65536K)] 90305K->74996K(94208K) [PSPermGen: 5179K->5179K(21504K)], 0.0048640 secs] [Times: user=0.02 sys=0.00, real=0.01 secs] 
281.987: Total time for which application threads were stopped: 0.0050260 seconds, Stopping threads took: 0.0000740 seconds
282.191: Application time: 0.2039370 seconds
282.191: [Full GC [PSYoungGen: 24999K->9685K(28672K)] [ParOldGen: 65238K->65238K(65536K)] 90237K->74924K(94208K) [PSPermGen: 5179K->5179K(21504K)], 0.0046650 secs] [Times: user=0.02 sys=0.00, real=0.01 secs] 
282.196: Total time for which application threads were stopped: 0.0048340 seconds, Stopping threads took: 0.0000720 seconds
282.370: Application time: 0.1743830 seconds
282.371: [Full GC [PSYoungGen: 25088K->9266K(28672K)] [ParOldGen: 65238K->65238K(65536K)] 90326K->74504K(94208K) [PSPermGen: 5179K->5179K(21504K)], 0.0047870 secs] [Times: user=0.02 sys=0.00, real=0.01 secs] 
282.375: Total time for which application threads were stopped: 0.0049450 seconds, Stopping threads took: 0.0000700 seconds
282.569: Application time: 0.1936260 seconds
282.569: Total time for which application threads were stopped: 0.0000910 seconds, Stopping threads took: 0.0000710 seconds
282.570: Application time: 0.0004940 seconds
282.570: [Full GC [PSYoungGen: 24964K->9218K(28672K)] [ParOldGen: 65507K->65507K(65536K)] 90472K->74726K(94208K) [PSPermGen: 5179K->5179K(21504K)], 0.0046990 secs] [Times: user=0.02 sys=0.00, real=0.01 secs] 
282.574: Total time for which application threads were stopped: 0.0048200 seconds, Stopping threads took: 0.0000430 seconds
282.754: Application time: 0.1798770 seconds
282.754: [Full GC [PSYoungGen: 25021K->9686K(28672K)] [ParOldGen: 65507K->65238K(65536K)] 90529K->74924K(94208K) [PSPermGen: 5179K->5179K(21504K)], 0.0050380 secs] [Times: user=0.02 sys=0.00, real=0.00 secs] 
282.760: Total time for which application threads were stopped: 0.0052090 seconds, Stopping threads took: 0.0000780 seconds
282.934: Application time: 0.1743860 seconds
282.934: [Full GC [PSYoungGen: 24960K->9884K(28672K)] [ParOldGen: 65238K->65238K(65536K)] 90199K->75122K(94208K) [PSPermGen: 5179K->5179K(21504K)], 0.0049330 secs] [Times: user=0.02 sys=0.00, real=0.00 secs] 
282.939: Total time for which application threads were stopped: 0.0051080 seconds, Stopping threads took: 0.0000760 seconds
283.135: Application time: 0.1959740 seconds
283.138: [Full GC [PSYoungGen: 24873K->9686K(28672K)] [ParOldGen: 65238K->65238K(65536K)] 90111K->74924K(94208K) [PSPermGen: 5179K->5179K(21504K)], 0.0071410 secs] [Times: user=0.02 sys=0.00, real=0.00 secs] 
283.145: Total time for which application threads were stopped: 0.0102520 seconds, Stopping threads took: 0.0030020 seconds
283.340: Application time: 0.1948620 seconds
283.340: [Full GC [PSYoungGen: 24993K->9281K(28672K)] [ParOldGen: 65238K->65238K(65536K)] 90232K->74520K(94208K) [PSPermGen: 5179K->5179K(21504K)], 0.0048460 secs] [Times: user=0.02 sys=0.00, real=0.00 secs] 
283.345: Total time for which application threads were stopped: 0.0050250 seconds, Stopping threads took: 0.0000790 seconds
283.520: Application time: 0.1749550 seconds
283.520: Total time for which application threads were stopped: 0.0001010 seconds, Stopping threads took: 0.0000800 seconds
283.520: Application time: 0.0001700 seconds
283.520: [Full GC [PSYoungGen: 25023K->9416K(28672K)] [ParOldGen: 65507K->65507K(65536K)] 90531K->74924K(94208K) [PSPermGen: 5179K->5179K(21504K)], 0.0048620 secs] [Times: user=0.02 sys=0.00, real=0.00 secs] 
283.525: Total time for which application threads were stopped: 0.0049800 seconds, Stopping threads took: 0.0000380 seconds
283.726: Application time: 0.2009070 seconds
283.726: [Full GC [PSYoungGen: 25085K->9876K(28672K)] [ParOldGen: 65515K->65246K(65536K)] 90601K->75122K(94208K) [PSPermGen: 5179K->5179K(21504K)], 0.0049520 secs] [Times: user=0.01 sys=0.00, real=0.00 secs] 
283.731: Total time for which application threads were stopped: 0.0051360 seconds, Stopping threads took: 0.0000940 seconds
283.922: Application time: 0.1903520 seconds
283.922: [Full GC [PSYoungGen: 24961K->9291K(28672K)] [ParOldGen: 65246K->65238K(65536K)] 90207K->74529K(94208K) [PSPermGen: 5179K->5179K(21504K)], 0.0049250 secs] [Times: user=0.02 sys=0.00, real=0.01 secs] 
283.927: Total time for which application threads were stopped: 0.0051030 seconds, Stopping threads took: 0.0000810 seconds
284.098: Application time: 0.1713610 seconds
284.098: [Full GC [PSYoungGen: 24968K->9489K(28672K)] [ParOldGen: 65238K->65238K(65536K)] 90206K->74727K(94208K) [PSPermGen: 5179K->5179K(21504K)], 0.0050440 secs] [Times: user=0.02 sys=0.00, real=0.00 secs] 
284.103: Total time for which application threads were stopped: 0.0052060 seconds, Stopping threads took: 0.0000750 seconds
284.298: Application time: 0.1947010 seconds
284.298: Total time for which application threads were stopped: 0.0000930 seconds, Stopping threads took: 0.0000720 seconds
284.299: Application time: 0.0004660 seconds
284.299: [Full GC [PSYoungGen: 25022K->9614K(28672K)] [ParOldGen: 65507K->65507K(65536K)] 90530K->75122K(94208K) [PSPermGen: 5179K->5179K(21504K)], 0.0049840 secs] [Times: user=0.02 sys=0.00, real=0.00 secs] 
284.304: Total time for which application threads were stopped: 0.0051170 seconds, Stopping threads took: 0.0000540 seconds
284.516: Application time: 0.2124260 seconds
284.516: Total time for which application threads were stopped: 0.0001170 seconds, Stopping threads took: 0.0000810 seconds
284.517: Application time: 0.0009590 seconds
284.517: [Full GC [PSYoungGen: 25070K->9021K(28672K)] [ParOldGen: 65507K->65238K(65536K)] 90577K->74260K(94208K) [PSPermGen: 5179K->5179K(21504K)], 0.0047370 secs] [Times: user=0.01 sys=0.00, real=0.00 secs] 
284.522: Total time for which application threads were stopped: 0.0048660 seconds, Stopping threads took: 0.0000470 seconds
284.694: Application time: 0.1720560 seconds
284.694: [Full GC [PSYoungGen: 25024K->9615K(28672K)] [ParOldGen: 65507K->65507K(65536K)] 90532K->75123K(94208K) [PSPermGen: 5179K->5179K(21504K)], 0.0047060 secs] [Times: user=0.02 sys=0.00, real=0.00 secs] 
284.699: Total time for which application threads were stopped: 0.0048650 seconds, Stopping threads took: 0.0000720 seconds
284.891: Application time: 0.1915800 seconds
284.891: [Full GC [PSYoungGen: 24905K->9094K(28672K)] [ParOldGen: 65507K->65238K(65536K)] 90413K->74332K(94208K) [PSPermGen: 5179K->5179K(21504K)], 0.0050800 secs] [Times: user=0.02 sys=0.00, real=0.01 secs] 
284.896: Total time for which application threads were stopped: 0.0052470 seconds, Stopping threads took: 0.0000780 seconds
285.099: Application time: 0.2027630 seconds
285.099: [Full GC [PSYoungGen: 24973K->9687K(28672K)] [ParOldGen: 65238K->65238K(65536K)] 90211K->74925K(94208K) [PSPermGen: 5179K->5179K(21504K)], 0.0049440 secs] [Times: user=0.02 sys=0.00, real=0.00 secs] 
285.104: Total time for which application threads were stopped: 0.0051420 seconds, Stopping threads took: 0.0000980 seconds
285.279: Application time: 0.1751340 seconds
285.279: Total time for which application threads were stopped: 0.0000970 seconds, Stopping threads took: 0.0000770 seconds
285.281: Application time: 0.0016460 seconds
285.281: [Full GC [PSYoungGen: 25082K->9085K(28672K)] [ParOldGen: 65246K->65238K(65536K)] 90328K->74323K(94208K) [PSPermGen: 5179K->5179K(21504K)], 0.0047500 secs] [Times: user=0.02 sys=0.00, real=0.00 secs] 
285.286: Total time for which application threads were stopped: 0.0048770 seconds, Stopping threads took: 0.0000470 seconds
285.476: Application time: 0.1901010 seconds
285.476: [Full GC [PSYoungGen: 24964K->10082K(28672K)] [ParOldGen: 65507K->65507K(65536K)] 90472K->75590K(94208K) [PSPermGen: 5179K->5179K(21504K)], 0.0049610 secs] [Times: user=0.02 sys=0.00, real=0.00 secs] 
285.481: Total time for which application threads were stopped: 0.0051280 seconds, Stopping threads took: 0.0000790 seconds
285.658: Application time: 0.1776280 seconds
285.659: Total time for which application threads were stopped: 0.0001110 seconds, Stopping threads took: 0.0000820 seconds
285.660: Application time: 0.0014130 seconds
285.660: [Full GC [PSYoungGen: 24924K->9480K(28672K)] [ParOldGen: 65507K->65238K(65536K)] 90432K->74719K(94208K) [PSPermGen: 5179K->5179K(21504K)], 0.0047300 secs] [Times: user=0.02 sys=0.00, real=0.00 secs] 
285.665: Total time for which application threads were stopped: 0.0048400 seconds, Stopping threads took: 0.0000330 seconds
285.864: Application time: 0.1995540 seconds
285.865: [Full GC [PSYoungGen: 24998K->9489K(28672K)] [ParOldGen: 65507K->65507K(65536K)] 90506K->74997K(94208K) [PSPermGen: 5179K->5179K(21504K)], 0.0047790 secs] [Times: user=0.02 sys=0.00, real=0.01 secs] 
285.869: Total time for which application threads were stopped: 0.0049520 seconds, Stopping threads took: 0.0000830 seconds
286.046: Application time: 0.1770450 seconds
286.047: [Full GC [PSYoungGen: 25031K->9094K(28672K)] [ParOldGen: 65507K->65238K(65536K)] 90539K->74332K(94208K) [PSPermGen: 5179K->5179K(21504K)], 0.0048250 secs] [Times: user=0.02 sys=0.00, real=0.00 secs] 
286.051: Total time for which application threads were stopped: 0.0049910 seconds, Stopping threads took: 0.0000760 seconds
286.248: Application time: 0.1963810 seconds
286.248: [Full GC [PSYoungGen: 24858K->9490K(28672K)] [ParOldGen: 65238K->65238K(65536K)] 90097K->74728K(94208K) [PSPermGen: 5179K->5179K(21504K)], 0.0047600 secs] [Times: user=0.02 sys=0.00, real=0.00 secs] 
286.253: Total time for which application threads were stopped: 0.0049330 seconds, Stopping threads took: 0.0000750 seconds
286.429: Application time: 0.1760010 seconds
286.429: [Full GC [PSYoungGen: 25085K->9861K(28672K)] [ParOldGen: 65238K->65238K(65536K)] 90324K->75099K(94208K) [PSPermGen: 5179K->5179K(21504K)], 0.0047870 secs] [Times: user=0.02 sys=0.00, real=0.00 secs] 
286.434: Total time for which application threads were stopped: 0.0049560 seconds, Stopping threads took: 0.0000820 seconds
286.618: Application time: 0.1844900 seconds
286.618: [Full GC [PSYoungGen: 24999K->10155K(28672K)] [ParOldGen: 65238K->65238K(65536K)] 90237K->75393K(94208K) [PSPermGen: 5179K->5179K(21504K)], 0.0049280 secs] [Times: user=0.02 sys=0.00, real=0.00 secs] 
286.623: Total time for which application threads were stopped: 0.0050830 seconds, Stopping threads took: 0.0000690 seconds
286.821: Application time: 0.1979320 seconds
286.821: [Full GC [PSYoungGen: 25085K->9490K(28672K)] [ParOldGen: 65238K->65238K(65536K)] 90324K->74728K(94208K) [PSPermGen: 5179K->5179K(21504K)], 0.0049190 secs] [Times: user=0.02 sys=0.00, real=0.01 secs] 
286.826: Total time for which application threads were stopped: 0.0050890 seconds, Stopping threads took: 0.0000720 seconds
287.007: Application time: 0.1811640 seconds
287.008: [Full GC [PSYoungGen: 24997K->9688K(28672K)] [ParOldGen: 65238K->65238K(65536K)] 90235K->74926K(94208K) [PSPermGen: 5179K->5179K(21504K)], 0.0046950 secs] [Times: user=0.01 sys=0.00, real=0.00 secs] 
287.012: Total time for which application threads were stopped: 0.0048640 seconds, Stopping threads took: 0.0000790 seconds
287.189: Application time: 0.1769210 seconds
287.189: [Full GC [PSYoungGen: 25084K->9688K(28672K)] [ParOldGen: 65238K->65238K(65536K)] 90323K->74926K(94208K) [PSPermGen: 5179K->5179K(21504K)], 0.0049480 secs] [Times: user=0.02 sys=0.00, real=0.01 secs] 
287.194: Total time for which application threads were stopped: 0.0051210 seconds, Stopping threads took: 0.0000850 seconds
287.370: Application time: 0.1758410 seconds
287.370: Total time for which application threads were stopped: 0.0001300 seconds, Stopping threads took: 0.0000910 seconds
287.371: Application time: 0.0005500 seconds
287.371: [Full GC [PSYoungGen: 24973K->9283K(28672K)] [ParOldGen: 65507K->65507K(65536K)] 90481K->74791K(94208K) [PSPermGen: 5179K->5179K(21504K)], 0.0048910 secs] [Times: user=0.01 sys=0.00, real=0.01 secs] 
287.376: Total time for which application threads were stopped: 0.0050230 seconds, Stopping threads took: 0.0000520 seconds
287.592: Application time: 0.2164280 seconds
287.592: Total time for which application threads were stopped: 0.0000860 seconds, Stopping threads took: 0.0000670 seconds
287.593: Application time: 0.0006780 seconds
287.593: [Full GC [PSYoungGen: 25036K->9418K(28672K)] [ParOldGen: 65507K->65238K(65536K)] 90544K->74657K(94208K) [PSPermGen: 5179K->5179K(21504K)], 0.0049370 secs] [Times: user=0.02 sys=0.00, real=0.01 secs] 
287.598: Total time for which application threads were stopped: 0.0050490 seconds, Stopping threads took: 0.0000340 seconds
287.772: Application time: 0.1733640 seconds
287.772: [Full GC [PSYoungGen: 25012K->9814K(28672K)] [ParOldGen: 65507K->65507K(65536K)] 90520K->75322K(94208K) [PSPermGen: 5179K->5179K(21504K)], 0.0048770 secs] [Times: user=0.02 sys=0.00, real=0.01 secs] 
287.777: Total time for which application threads were stopped: 0.0050380 seconds, Stopping threads took: 0.0000710 seconds
287.959: Application time: 0.1819670 seconds
287.959: [Full GC [PSYoungGen: 24900K->9490K(28672K)] [ParOldGen: 65507K->65238K(65536K)] 90408K->74729K(94208K) [PSPermGen: 5179K->5179K(21504K)], 0.0049250 secs] [Times: user=0.02 sys=0.00, real=0.00 secs] 
287.964: Total time for which application threads were stopped: 0.0051000 seconds, Stopping threads took: 0.0000810 seconds
288.171: Application time: 0.2076220 seconds
288.171: [Full GC [PSYoungGen: 25012K->9095K(28672K)] [ParOldGen: 65238K->65238K(65536K)] 90251K->74334K(94208K) [PSPermGen: 5179K->5179K(21504K)], 0.0047430 secs] [Times: user=0.02 sys=0.00, real=0.01 secs] 
288.176: Total time for which application threads were stopped: 0.0049110 seconds, Stopping threads took: 0.0000790 seconds
288.352: Application time: 0.1760640 seconds
288.352: [Full GC [PSYoungGen: 25082K->9760K(28672K)] [ParOldGen: 65238K->65238K(65536K)] 90321K->74998K(94208K) [PSPermGen: 5179K->5179K(21504K)], 0.0049330 secs] [Times: user=0.02 sys=0.00, real=0.01 secs] 
288.357: Total time for which application threads were stopped: 0.0051150 seconds, Stopping threads took: 0.0000920 seconds
288.546: Application time: 0.1888740 seconds
288.550: [Full GC [PSYoungGen: 25056K->9491K(28672K)] [ParOldGen: 65238K->65238K(65536K)] 90294K->74729K(94208K) [PSPermGen: 5179K->5179K(21504K)], 0.0052580 secs] [Times: user=0.02 sys=0.00, real=0.01 secs] 
288.555: Total time for which application threads were stopped: 0.0091660 seconds, Stopping threads took: 0.0038160 seconds
288.747: Application time: 0.1920050 seconds
288.748: [Full GC [PSYoungGen: 24961K->10084K(28672K)] [ParOldGen: 65238K->65238K(65536K)] 90199K->75322K(94208K) [PSPermGen: 5179K->5179K(21504K)], 0.0051110 secs] [Times: user=0.02 sys=0.00, real=0.00 secs] 
288.753: Total time for which application threads were stopped: 0.0052680 seconds, Stopping threads took: 0.0000680 seconds
288.929: Application time: 0.1765130 seconds
288.929: [Full GC [PSYoungGen: 25072K->9689K(28672K)] [ParOldGen: 65238K->65238K(65536K)] 90311K->74927K(94208K) [PSPermGen: 5179K->5179K(21504K)], 0.0049380 secs] [Times: user=0.02 sys=0.00, real=0.01 secs] 
288.934: Total time for which application threads were stopped: 0.0051210 seconds, Stopping threads took: 0.0000930 seconds
289.109: Application time: 0.1750700 seconds
289.110: [Full GC [PSYoungGen: 25082K->9689K(28672K)] [ParOldGen: 65238K->65238K(65536K)] 90321K->74927K(94208K) [PSPermGen: 5179K->5179K(21504K)], 0.0049990 secs] [Times: user=0.02 sys=0.00, real=0.01 secs] 
289.115: Total time for which application threads were stopped: 0.0051860 seconds, Stopping threads took: 0.0000890 seconds
289.312: Application time: 0.1972000 seconds
289.312: [Full GC [PSYoungGen: 25084K->9492K(28672K)] [ParOldGen: 65238K->65238K(65536K)] 90323K->74731K(94208K) [PSPermGen: 5179K->5179K(21504K)], 0.0049590 secs] [Times: user=0.01 sys=0.00, real=0.01 secs] 
289.317: Total time for which application threads were stopped: 0.0051220 seconds, Stopping threads took: 0.0000740 seconds
289.498: Application time: 0.1812590 seconds
289.498: [Full GC [PSYoungGen: 25081K->9563K(28672K)] [ParOldGen: 65238K->65238K(65536K)] 90319K->74801K(94208K) [PSPermGen: 5179K->5179K(21504K)], 0.0048600 secs] [Times: user=0.02 sys=0.00, real=0.00 secs] 
289.503: Total time for which application threads were stopped: 0.0050220 seconds, Stopping threads took: 0.0000740 seconds
289.680: Application time: 0.1763640 seconds
289.680: [Full GC [PSYoungGen: 24887K->9689K(28672K)] [ParOldGen: 65238K->65238K(65536K)] 90125K->74927K(94208K) [PSPermGen: 5179K->5179K(21504K)], 0.0048940 secs] [Times: user=0.02 sys=0.00, real=0.00 secs] 
289.685: Total time for which application threads were stopped: 0.0050800 seconds, Stopping threads took: 0.0000920 seconds
289.886: Application time: 0.2016940 seconds
289.886: [Full GC [PSYoungGen: 24851K->9491K(28672K)] [ParOldGen: 65238K->65238K(65536K)] 90090K->74730K(94208K) [PSPermGen: 5179K->5179K(21504K)], 0.0048630 secs] [Times: user=0.02 sys=0.00, real=0.00 secs] 
289.891: Total time for which application threads were stopped: 0.0050370 seconds, Stopping threads took: 0.0000850 seconds
290.071: Application time: 0.1801400 seconds
290.072: [Full GC [PSYoungGen: 24880K->10084K(28672K)] [ParOldGen: 65238K->65238K(65536K)] 90119K->75323K(94208K) [PSPermGen: 5179K->5179K(21504K)], 0.0048630 secs] [Times: user=0.02 sys=0.00, real=0.01 secs] 
290.077: Total time for which application threads were stopped: 0.0050210 seconds, Stopping threads took: 0.0000720 seconds
290.263: Application time: 0.1869460 seconds
290.264: Total time for which application threads were stopped: 0.0001340 seconds, Stopping threads took: 0.0001000 seconds
290.264: Application time: 0.0006110 seconds
290.264: [Full GC [PSYoungGen: 25033K->9159K(28672K)] [ParOldGen: 65373K->65373K(65536K)] 90406K->74532K(94208K) [PSPermGen: 5179K->5179K(21504K)], 0.0048140 secs] [Times: user=0.02 sys=0.00, real=0.01 secs] 
290.269: Total time for which application threads were stopped: 0.0049460 seconds, Stopping threads took: 0.0000490 seconds
290.439: Application time: 0.1698260 seconds
290.439: [Full GC [PSYoungGen: 25087K->9887K(28672K)] [ParOldGen: 65445K->65238K(65536K)] 90532K->75125K(94208K) [PSPermGen: 5179K->5179K(21504K)], 0.0049760 secs] [Times: user=0.02 sys=0.00, real=0.00 secs] 
290.444: Total time for which application threads were stopped: 0.0051460 seconds, Stopping threads took: 0.0000820 seconds
290.651: Application time: 0.2071960 seconds
290.651: [Full GC [PSYoungGen: 24998K->9294K(28672K)] [ParOldGen: 65238K->65238K(65536K)] 90237K->74532K(94208K) [PSPermGen: 5179K->5179K(21504K)], 0.0048230 secs] [Times: user=0.02 sys=0.00, real=0.01 secs] 
290.656: Total time for which application threads were stopped: 0.0050100 seconds, Stopping threads took: 0.0000890 seconds
290.835: Application time: 0.1781870 seconds
290.835: [Full GC [PSYoungGen: 25010K->9689K(28672K)] [ParOldGen: 65238K->65238K(65536K)] 90248K->74928K(94208K) [PSPermGen: 5179K->5179K(21504K)], 0.0048900 secs] [Times: user=0.02 sys=0.00, real=0.00 secs] 
290.840: Total time for which application threads were stopped: 0.0050860 seconds, Stopping threads took: 0.0000990 seconds
291.030: Application time: 0.1907730 seconds
291.031: [Full GC [PSYoungGen: 25055K->9096K(28672K)] [ParOldGen: 65238K->65238K(65536K)] 90294K->74335K(94208K) [PSPermGen: 5179K->5179K(21504K)], 0.0049520 secs] [Times: user=0.02 sys=0.00, real=0.01 secs] 
291.036: Total time for which application threads were stopped: 0.0051220 seconds, Stopping threads took: 0.0000820 seconds
291.234: Application time: 0.1981940 seconds
291.234: Total time for which application threads were stopped: 0.0000980 seconds, Stopping threads took: 0.0000760 seconds
291.236: Application time: 0.0023580 seconds
291.236: [Full GC [PSYoungGen: 25049K->9752K(28672K)] [ParOldGen: 65373K->65373K(65536K)] 90422K->75126K(94208K) [PSPermGen: 5179K->5179K(21504K)], 0.0049290 secs] [Times: user=0.02 sys=0.00, real=0.00 secs] 
291.241: Total time for which application threads were stopped: 0.0050610 seconds, Stopping threads took: 0.0000470 seconds
291.418: Application time: 0.1763690 seconds
291.418: [Full GC [PSYoungGen: 24952K->9492K(28672K)] [ParOldGen: 65373K->65238K(65536K)] 90325K->74730K(94208K) [PSPermGen: 5179K->5179K(21504K)], 0.0048250 secs] [Times: user=0.02 sys=0.00, real=0.00 secs] 
291.423: Total time for which application threads were stopped: 0.0050300 seconds, Stopping threads took: 0.0001050 seconds
291.604: Application time: 0.1814170 seconds
291.604: [Full GC [PSYoungGen: 25035K->9959K(28672K)] [ParOldGen: 65238K->65238K(65536K)] 90273K->75198K(94208K) [PSPermGen: 5179K->5179K(21504K)], 0.0050550 secs] [Times: user=0.02 sys=0.00, real=0.01 secs] 
291.609: Total time for which application threads were stopped: 0.0052320 seconds, Stopping threads took: 0.0000880 seconds
291.813: Application time: 0.2040580 seconds
291.813: [Full GC [PSYoungGen: 25001K->9690K(28672K)] [ParOldGen: 65238K->65238K(65536K)] 90239K->74928K(94208K) [PSPermGen: 5179K->5179K(21504K)], 0.0049470 secs] [Times: user=0.02 sys=0.00, real=0.01 secs] 
291.818: Total time for which application threads were stopped: 0.0051050 seconds, Stopping threads took: 0.0000700 seconds
291.991: Application time: 0.1728270 seconds
291.991: [Full GC [PSYoungGen: 24992K->10085K(28672K)] [ParOldGen: 65238K->65238K(65536K)] 90231K->75324K(94208K) [PSPermGen: 5179K->5179K(21504K)], 0.0049740 secs] [Times: user=0.01 sys=0.00, real=0.01 secs] 
291.996: Total time for which application threads were stopped: 0.0051280 seconds, Stopping threads took: 0.0000540 seconds
292.162: Application time: 0.1656700 seconds
292.162: [Full GC [PSYoungGen: 24962K->9690K(28672K)] [ParOldGen: 65238K->65238K(65536K)] 90201K->74928K(94208K) [PSPermGen: 5179K->5179K(21504K)], 0.0049020 secs] [Times: user=0.02 sys=0.00, real=0.01 secs] 
292.167: Total time for which application threads were stopped: 0.0050590 seconds, Stopping threads took: 0.0000690 seconds
292.377: Application time: 0.2096500 seconds
292.377: [Full GC [PSYoungGen: 24963K->9690K(28672K)] [ParOldGen: 65238K->65238K(65536K)] 90201K->74929K(94208K) [PSPermGen: 5179K->5179K(21504K)], 0.0049680 secs] [Times: user=0.02 sys=0.01, real=0.00 secs] 
292.382: Total time for which application threads were stopped: 0.0051290 seconds, Stopping threads took: 0.0000740 seconds
292.560: Application time: 0.1782000 seconds
292.560: [Full GC [PSYoungGen: 25025K->9430K(28672K)] [ParOldGen: 65238K->65238K(65536K)] 90264K->74668K(94208K) [PSPermGen: 5179K->5179K(21504K)], 0.0049930 secs] [Times: user=0.02 sys=0.00, real=0.00 secs] 
292.565: Total time for which application threads were stopped: 0.0051720 seconds, Stopping threads took: 0.0000770 seconds
292.728: Application time: 0.1631680 seconds
292.729: [Full GC [PSYoungGen: 25046K->9762K(28672K)] [ParOldGen: 65238K->65238K(65536K)] 90284K->75001K(94208K) [PSPermGen: 5179K->5179K(21504K)], 0.0048450 secs] [Times: user=0.02 sys=0.00, real=0.00 secs] 
292.733: Total time for which application threads were stopped: 0.0050120 seconds, Stopping threads took: 0.0000800 seconds
292.928: Application time: 0.1943430 seconds
292.928: [Full GC [PSYoungGen: 25086K->9690K(28672K)] [ParOldGen: 65238K->65238K(65536K)] 90325K->74929K(94208K) [PSPermGen: 5179K->5179K(21504K)], 0.0049890 secs] [Times: user=0.02 sys=0.00, real=0.00 secs] 
292.933: Total time for which application threads were stopped: 0.0051520 seconds, Stopping threads took: 0.0000740 seconds
293.137: Application time: 0.2045000 seconds
293.138: [Full GC [PSYoungGen: 25006K->9888K(28672K)] [ParOldGen: 65238K->65238K(65536K)] 90244K->75127K(94208K) [PSPermGen: 5179K->5179K(21504K)], 0.0048030 secs] [Times: user=0.01 sys=0.00, real=0.00 secs] 
293.142: Total time for which application threads were stopped: 0.0049750 seconds, Stopping threads took: 0.0000760 seconds
293.323: Application time: 0.1800740 seconds
293.323: [Full GC [PSYoungGen: 25002K->9295K(28672K)] [ParOldGen: 65238K->65238K(65536K)] 90240K->74533K(94208K) [PSPermGen: 5179K->5179K(21504K)], 0.0048460 secs] [Times: user=0.02 sys=0.00, real=0.01 secs] 
293.328: Total time for which application threads were stopped: 0.0050100 seconds, Stopping threads took: 0.0000760 seconds
293.497: Application time: 0.1690050 seconds
293.497: [Full GC [PSYoungGen: 24936K->10086K(28672K)] [ParOldGen: 65238K->65238K(65536K)] 90174K->75324K(94208K) [PSPermGen: 5179K->5179K(21504K)], 0.0050640 secs] [Times: user=0.02 sys=0.00, real=0.00 secs] 
293.502: Total time for which application threads were stopped: 0.0052340 seconds, Stopping threads took: 0.0000800 seconds
293.711: Application time: 0.2090380 seconds
293.711: [Full GC [PSYoungGen: 25083K->9098K(28672K)] [ParOldGen: 65238K->65238K(65536K)] 90322K->74336K(94208K) [PSPermGen: 5179K->5179K(21504K)], 0.0050630 secs] [Times: user=0.02 sys=0.00, real=0.01 secs] 
293.716: Total time for which application threads were stopped: 0.0052630 seconds, Stopping threads took: 0.0000990 seconds
293.890: Application time: 0.1738260 seconds
293.890: [Full GC [PSYoungGen: 24965K->9960K(28672K)] [ParOldGen: 65238K->65238K(65536K)] 90203K->75199K(94208K) [PSPermGen: 5179K->5179K(21504K)], 0.0048490 secs] [Times: user=0.01 sys=0.00, real=0.01 secs] 
293.895: Total time for which application threads were stopped: 0.0050080 seconds, Stopping threads took: 0.0000740 seconds
294.085: Application time: 0.1903230 seconds
294.085: [Full GC [PSYoungGen: 24970K->9098K(28672K)] [ParOldGen: 65238K->65238K(65536K)] 90209K->74336K(94208K) [PSPermGen: 5179K->5179K(21504K)], 0.0048470 secs] [Times: user=0.02 sys=0.00, real=0.01 secs] 
294.090: Total time for which application threads were stopped: 0.0050300 seconds, Stopping threads took: 0.0000950 seconds
294.298: Application time: 0.2077910 seconds
294.298: Total time for which application threads were stopped: 0.0001020 seconds, Stopping threads took: 0.0000720 seconds
294.298: Application time: 0.0000800 seconds
294.298: [Full GC [PSYoungGen: 25015K->9682K(28672K)] [ParOldGen: 65507K->65507K(65536K)] 90523K->75190K(94208K) [PSPermGen: 5179K->5179K(21504K)], 0.0049510 secs] [Times: user=0.01 sys=0.00, real=0.00 secs] 
294.303: Total time for which application threads were stopped: 0.0050750 seconds, Stopping threads took: 0.0000430 seconds
294.303: Application time: 0.0000470 seconds
294.303: [Full GC [PSYoungGen: 9817K->9817K(28672K)] [ParOldGen: 65507K->65507K(65536K)] 75325K->75325K(94208K) [PSPermGen: 5179K->5179K(21504K)], 0.0041850 secs] [Times: user=0.02 sys=0.00, real=0.01 secs] 
294.308: Total time for which application threads were stopped: 0.0042980 seconds, Stopping threads took: 0.0000460 seconds
294.484: Application time: 0.1765100 seconds
294.484: [Full GC [PSYoungGen: 25002K->9565K(28672K)] [ParOldGen: 65507K->65238K(65536K)] 90510K->74804K(94208K) [PSPermGen: 5179K->5179K(21504K)], 0.0046010 secs] [Times: user=0.02 sys=0.00, real=0.01 secs] 
294.489: Total time for which application threads were stopped: 0.0047630 seconds, Stopping threads took: 0.0000760 seconds
294.669: Application time: 0.1802060 seconds
294.669: [Full GC [PSYoungGen: 24852K->9889K(28672K)] [ParOldGen: 65238K->65238K(65536K)] 90090K->75127K(94208K) [PSPermGen: 5179K->5179K(21504K)], 0.0049340 secs] [Times: user=0.02 sys=0.00, real=0.01 secs] 
294.674: Total time for which application threads were stopped: 0.0051110 seconds, Stopping threads took: 0.0000910 seconds
294.879: Application time: 0.2050660 seconds
294.880: [Full GC [PSYoungGen: 24964K->9494K(28672K)] [ParOldGen: 65238K->65238K(65536K)] 90202K->74732K(94208K) [PSPermGen: 5179K->5179K(21504K)], 0.0050860 secs] [Times: user=0.02 sys=0.00, real=0.00 secs] 
294.885: Total time for which application threads were stopped: 0.0052750 seconds, Stopping threads took: 0.0000920 seconds
295.053: Application time: 0.1678640 seconds
295.053: [Full GC [PSYoungGen: 25072K->9961K(28672K)] [ParOldGen: 65238K->65238K(65536K)] 90311K->75199K(94208K) [PSPermGen: 5179K->5179K(21504K)], 0.0049060 secs] [Times: user=0.02 sys=0.00, real=0.01 secs] 
295.058: Total time for which application threads were stopped: 0.0050680 seconds, Stopping threads took: 0.0000750 seconds
295.231: Application time: 0.1730030 seconds
295.231: [Full GC [PSYoungGen: 24966K->9889K(28672K)] [ParOldGen: 65238K->65238K(65536K)] 90204K->75128K(94208K) [PSPermGen: 5179K->5179K(21504K)], 0.0048040 secs] [Times: user=0.02 sys=0.00, real=0.01 secs] 
295.236: Total time for which application threads were stopped: 0.0049620 seconds, Stopping threads took: 0.0000720 seconds
295.434: Application time: 0.1985190 seconds
295.434: [Full GC [PSYoungGen: 25078K->9889K(28672K)] [ParOldGen: 65238K->65238K(65536K)] 90317K->75128K(94208K) [PSPermGen: 5179K->5179K(21504K)], 0.0049250 secs] [Times: user=0.02 sys=0.00, real=0.00 secs] 
295.439: Total time for which application threads were stopped: 0.0051030 seconds, Stopping threads took: 0.0000830 seconds
295.633: Application time: 0.1937310 seconds
295.633: Total time for which application threads were stopped: 0.0001100 seconds, Stopping threads took: 0.0000860 seconds
295.633: Application time: 0.0003390 seconds
295.633: [Full GC [PSYoungGen: 25073K->9359K(28672K)] [ParOldGen: 65373K->65373K(65536K)] 90446K->74732K(94208K) [PSPermGen: 5179K->5179K(21504K)], 0.0046500 secs] [Times: user=0.02 sys=0.00, real=0.01 secs] 
295.638: Total time for which application threads were stopped: 0.0047970 seconds, Stopping threads took: 0.0000660 seconds
295.807: Application time: 0.1684590 seconds
295.807: Total time for which application threads were stopped: 0.0001010 seconds, Stopping threads took: 0.0000820 seconds
295.807: Application time: 0.0000600 seconds
295.807: [Full GC [PSYoungGen: 25079K->9485K(28672K)] [ParOldGen: 65373K->65238K(65536K)] 90452K->74723K(94208K) [PSPermGen: 5179K->5179K(21504K)], 0.0046080 secs] [Times: user=0.02 sys=0.00, real=0.00 secs] 
295.811: Total time for which application threads were stopped: 0.0047150 seconds, Stopping threads took: 0.0000310 seconds
295.812: Application time: 0.0000370 seconds
295.812: [Full GC [PSYoungGen: 9754K->9754K(28672K)] [ParOldGen: 65238K->65238K(65536K)] 74993K->74993K(94208K) [PSPermGen: 5179K->5179K(21504K)], 0.0041950 secs] [Times: user=0.01 sys=0.00, real=0.01 secs] 
295.816: Total time for which application threads were stopped: 0.0043450 seconds, Stopping threads took: 0.0000780 seconds
296.001: Application time: 0.1854060 seconds
296.001: [Full GC [PSYoungGen: 25062K->9827K(28672K)] [ParOldGen: 65238K->65238K(65536K)] 90301K->75065K(94208K) [PSPermGen: 5179K->5179K(21504K)], 0.0049420 secs] [Times: user=0.01 sys=0.00, real=0.01 secs] 
296.006: Total time for which application threads were stopped: 0.0051250 seconds, Stopping threads took: 0.0000890 seconds
296.196: Application time: 0.1897660 seconds
296.196: [Full GC [PSYoungGen: 24953K->9961K(28672K)] [ParOldGen: 65238K->65238K(65536K)] 90191K->75200K(94208K) [PSPermGen: 5179K->5179K(21504K)], 0.0050100 secs] [Times: user=0.02 sys=0.00, real=0.00 secs] 
296.201: Total time for which application threads were stopped: 0.0051780 seconds, Stopping threads took: 0.0000780 seconds
296.388: Application time: 0.1863570 seconds
296.388: [Full GC [PSYoungGen: 25038K->9764K(28672K)] [ParOldGen: 65238K->65238K(65536K)] 90277K->75002K(94208K) [PSPermGen: 5179K->5179K(21504K)], 0.0049190 secs] [Times: user=0.02 sys=0.00, real=0.00 secs] 
296.393: Total time for which application threads were stopped: 0.0050910 seconds, Stopping threads took: 0.0000820 seconds
296.570: Application time: 0.1775400 seconds
296.571: [Full GC [PSYoungGen: 25082K->10089K(28672K)] [ParOldGen: 65238K->65238K(65536K)] 90321K->75327K(94208K) [PSPermGen: 5179K->5179K(21504K)], 0.0051450 secs] [Times: user=0.02 sys=0.00, real=0.01 secs] 
296.576: Total time for which application threads were stopped: 0.0053600 seconds, Stopping threads took: 0.0001180 seconds
296.771: Application time: 0.1956940 seconds
296.772: [Full GC [PSYoungGen: 25001K->9494K(28672K)] [ParOldGen: 65238K->65238K(65536K)] 90240K->74733K(94208K) [PSPermGen: 5179K->5179K(21504K)], 0.0046750 secs] [Times: user=0.01 sys=0.00, real=0.01 secs] 
296.776: Total time for which application threads were stopped: 0.0048450 seconds, Stopping threads took: 0.0000810 seconds
296.951: Application time: 0.1750750 seconds
296.951: Total time for which application threads were stopped: 0.0001030 seconds, Stopping threads took: 0.0000810 seconds
296.952: Application time: 0.0008200 seconds
296.952: [Full GC [PSYoungGen: 25077K->9755K(28672K)] [ParOldGen: 65373K->65373K(65536K)] 90451K->75128K(94208K) [PSPermGen: 5179K->5179K(21504K)], 0.0047440 secs] [Times: user=0.02 sys=0.00, real=0.01 secs] 
296.957: Total time for which application threads were stopped: 0.0048770 seconds, Stopping threads took: 0.0000550 seconds
297.152: Application time: 0.1944030 seconds
297.152: [Full GC [PSYoungGen: 24831K->9692K(28672K)] [ParOldGen: 65373K->65238K(65536K)] 90204K->74931K(94208K) [PSPermGen: 5179K->5179K(21504K)], 0.0052110 secs] [Times: user=0.02 sys=0.00, real=0.01 secs] 
297.157: Total time for which application threads were stopped: 0.0053920 seconds, Stopping threads took: 0.0000860 seconds
297.348: Application time: 0.1914390 seconds
297.348: [Full GC [PSYoungGen: 24854K->9495K(28672K)] [ParOldGen: 65238K->65238K(65536K)] 90092K->74733K(94208K) [PSPermGen: 5179K->5179K(21504K)], 0.0049110 secs] [Times: user=0.02 sys=0.00, real=0.00 secs] 
297.353: Total time for which application threads were stopped: 0.0050800 seconds, Stopping threads took: 0.0000800 seconds
297.520: Application time: 0.1664860 seconds
297.520: [Full GC [PSYoungGen: 25024K->9432K(28672K)] [ParOldGen: 65238K->65238K(65536K)] 90263K->74670K(94208K) [PSPermGen: 5179K->5179K(21504K)], 0.0050640 secs] [Times: user=0.02 sys=0.00, real=0.00 secs] 
297.525: Total time for which application threads were stopped: 0.0052330 seconds, Stopping threads took: 0.0000810 seconds
297.702: Application time: 0.1765900 seconds
297.702: [Full GC [PSYoungGen: 24902K->9297K(28672K)] [ParOldGen: 65238K->65238K(65536K)] 90141K->74536K(94208K) [PSPermGen: 5179K->5179K(21504K)], 0.0050920 secs] [Times: user=0.01 sys=0.00, real=0.01 secs] 
297.707: Total time for which application threads were stopped: 0.0052610 seconds, Stopping threads took: 0.0000690 seconds
297.936: Application time: 0.2290830 seconds
297.936: Total time for which application threads were stopped: 0.0001090 seconds, Stopping threads took: 0.0000880 seconds
297.938: Application time: 0.0014180 seconds
297.938: [Full GC [PSYoungGen: 25030K->9621K(28672K)] [ParOldGen: 65507K->65507K(65536K)] 90538K->75129K(94208K) [PSPermGen: 5179K->5179K(21504K)], 0.0050030 secs] [Times: user=0.02 sys=0.00, real=0.00 secs] 
297.943: Total time for which application threads were stopped: 0.0051380 seconds, Stopping threads took: 0.0000550 seconds
298.106: Application time: 0.1635570 seconds
298.106: Total time for which application threads were stopped: 0.0000910 seconds, Stopping threads took: 0.0000710 seconds
298.106: Application time: 0.0000460 seconds
298.107: [Full GC [PSYoungGen: 24932K->9684K(28672K)] [ParOldGen: 65507K->65238K(65536K)] 90440K->74922K(94208K) [PSPermGen: 5179K->5179K(21504K)], 0.0049090 secs] [Times: user=0.02 sys=0.00, real=0.00 secs] 
298.112: Total time for which application threads were stopped: 0.0050220 seconds, Stopping threads took: 0.0000350 seconds
298.112: Application time: 0.0000610 seconds
298.112: [Full GC [PSYoungGen: 9953K->9953K(28672K)] [ParOldGen: 65238K->65238K(65536K)] 75192K->75192K(94208K) [PSPermGen: 5179K->5179K(21504K)], 0.0041790 secs] [Times: user=0.01 sys=0.00, real=0.01 secs] 
298.116: Total time for which application threads were stopped: 0.0043230 seconds, Stopping threads took: 0.0000720 seconds
298.290: Application time: 0.1740580 seconds
298.290: [Full GC [PSYoungGen: 25030K->9962K(28672K)] [ParOldGen: 65238K->65238K(65536K)] 90269K->75201K(94208K) [PSPermGen: 5179K->5179K(21504K)], 0.0049630 secs] [Times: user=0.02 sys=0.00, real=0.01 secs] 
298.295: Total time for which application threads were stopped: 0.0051510 seconds, Stopping threads took: 0.0000920 seconds
298.466: Application time: 0.1707000 seconds
298.466: [Full GC [PSYoungGen: 24970K->9891K(28672K)] [ParOldGen: 65238K->65238K(65536K)] 90208K->75129K(94208K) [PSPermGen: 5179K->5179K(21504K)], 0.0048010 secs] [Times: user=0.02 sys=0.00, real=0.01 secs] 
298.471: Total time for which application threads were stopped: 0.0049560 seconds, Stopping threads took: 0.0000680 seconds
298.679: Application time: 0.2079600 seconds
298.679: [Full GC [PSYoungGen: 25088K->9495K(28672K)] [ParOldGen: 65238K->65238K(65536K)] 90326K->74734K(94208K) [PSPermGen: 5179K->5179K(21504K)], 0.0049810 secs] [Times: user=0.02 sys=0.00, real=0.00 secs] 
298.684: Total time for which application threads were stopped: 0.0051320 seconds, Stopping threads took: 0.0000600 seconds
298.859: Application time: 0.1750970 seconds
298.859: Total time for which application threads were stopped: 0.0000970 seconds, Stopping threads took: 0.0000710 seconds
298.859: Application time: 0.0000530 seconds
298.859: [Full GC [PSYoungGen: 25039K->9756K(28672K)] [ParOldGen: 65373K->65373K(65536K)] 90412K->75129K(94208K) [PSPermGen: 5179K->5179K(21504K)], 0.0049900 secs] [Times: user=0.02 sys=0.00, real=0.00 secs] 
298.864: Total time for which application threads were stopped: 0.0051090 seconds, Stopping threads took: 0.0000410 seconds
299.057: Application time: 0.1929580 seconds
299.057: [Full GC [PSYoungGen: 25087K->9028K(28672K)] [ParOldGen: 65445K->65310K(65536K)] 90532K->74339K(94208K) [PSPermGen: 5179K->5179K(21504K)], 0.0051140 secs] [Times: user=0.02 sys=0.00, real=0.00 secs] 
299.062: Total time for which application threads were stopped: 0.0052800 seconds, Stopping threads took: 0.0000780 seconds
299.259: Application time: 0.1965790 seconds
299.259: [Full GC [PSYoungGen: 25081K->9828K(28672K)] [ParOldGen: 65310K->65238K(65536K)] 90391K->75066K(94208K) [PSPermGen: 5179K->5179K(21504K)], 0.0050220 secs] [Times: user=0.02 sys=0.00, real=0.00 secs] 
299.264: Total time for which application threads were stopped: 0.0051810 seconds, Stopping threads took: 0.0000710 seconds
299.446: Application time: 0.1817420 seconds
299.446: [Full GC [PSYoungGen: 25076K->9765K(28672K)] [ParOldGen: 65238K->65238K(65536K)] 90315K->75004K(94208K) [PSPermGen: 5179K->5179K(21504K)], 0.0049160 secs] [Times: user=0.02 sys=0.00, real=0.00 secs] 
299.451: Total time for which application threads were stopped: 0.0051130 seconds, Stopping threads took: 0.0001000 seconds
299.643: Application time: 0.1923870 seconds
299.644: Total time for which application threads were stopped: 0.0000940 seconds, Stopping threads took: 0.0000740 seconds
299.645: Application time: 0.0016010 seconds
299.645: [Full GC [PSYoungGen: 25088K->9260K(28672K)] [ParOldGen: 65293K->65267K(65536K)] 90381K->74527K(94208K) [PSPermGen: 5179K->5179K(21504K)], 0.0050430 secs] [Times: user=0.02 sys=0.00, real=0.01 secs] 
299.650: Total time for which application threads were stopped: 0.0051700 seconds, Stopping threads took: 0.0000370 seconds
299.846: Application time: 0.1956990 seconds
299.846: [Full GC [PSYoungGen: 25069K->9269K(28672K)] [ParOldGen: 65465K->65465K(65536K)] 90535K->74734K(94208K) [PSPermGen: 5179K->5179K(21504K)], 0.0050470 secs] [Times: user=0.02 sys=0.00, real=0.00 secs] 
299.851: Total time for which application threads were stopped: 0.0052270 seconds, Stopping threads took: 0.0000940 seconds
300.008: Application time: 0.1565670 seconds
300.008: [Full GC [PSYoungGen: 24862K->9863K(28672K)] [ParOldGen: 65465K->65266K(65536K)] 90328K->75130K(94208K) [PSPermGen: 5179K->5179K(21504K)], 0.0049800 secs] [Times: user=0.02 sys=0.00, real=0.00 secs] 
300.013: Total time for which application threads were stopped: 0.0051680 seconds, Stopping threads took: 0.0000930 seconds
300.214: Application time: 0.2005250 seconds
300.214: [Full GC [PSYoungGen: 25006K->9540K(28672K)] [ParOldGen: 65266K->65266K(65536K)] 90273K->74806K(94208K) [PSPermGen: 5179K->5179K(21504K)], 0.0049810 secs] [Times: user=0.02 sys=0.00, real=0.01 secs] 
300.219: Total time for which application threads were stopped: 0.0051510 seconds, Stopping threads took: 0.0000800 seconds
300.410: Application time: 0.1914700 seconds
300.410: [Full GC [PSYoungGen: 25055K->9342K(28672K)] [ParOldGen: 65266K->65266K(65536K)] 90322K->74609K(94208K) [PSPermGen: 5179K->5179K(21504K)], 0.0048360 secs] [Times: user=0.02 sys=0.00, real=0.01 secs] 
300.415: Total time for which application threads were stopped: 0.0049970 seconds, Stopping threads took: 0.0000750 seconds
300.603: Application time: 0.1875100 seconds
300.603: Total time for which application threads were stopped: 0.0001060 seconds, Stopping threads took: 0.0000740 seconds
300.603: Application time: 0.0002880 seconds
300.603: [Full GC [PSYoungGen: 25062K->9126K(28672K)] [ParOldGen: 65401K->65401K(65536K)] 90463K->74528K(94208K) [PSPermGen: 5179K->5179K(21504K)], 0.0047880 secs] [Times: user=0.02 sys=0.00, real=0.01 secs] 
300.608: Total time for which application threads were stopped: 0.0048990 seconds, Stopping threads took: 0.0000320 seconds
300.804: Application time: 0.1964990 seconds
300.805: [Full GC [PSYoungGen: 25076K->10133K(28672K)] [ParOldGen: 65401K->65266K(65536K)] 90477K->75400K(94208K) [PSPermGen: 5179K->5179K(21504K)], 0.0050210 secs] [Times: user=0.02 sys=0.00, real=0.01 secs] 
300.810: Total time for which application threads were stopped: 0.0051880 seconds, Stopping threads took: 0.0000790 seconds
301.002: Application time: 0.1918530 seconds
301.002: [Full GC [PSYoungGen: 24941K->9694K(28672K)] [ParOldGen: 65266K->65238K(65536K)] 90208K->74932K(94208K) [PSPermGen: 5179K->5179K(21504K)], 0.0047450 secs] [Times: user=0.02 sys=0.00, real=0.01 secs] 
301.006: Total time for which application threads were stopped: 0.0049120 seconds, Stopping threads took: 0.0000790 seconds
301.181: Application time: 0.1741870 seconds
301.181: [Full GC [PSYoungGen: 25040K->9766K(28672K)] [ParOldGen: 65238K->65238K(65536K)] 90278K->75005K(94208K) [PSPermGen: 5179K->5179K(21504K)], 0.0051210 secs] [Times: user=0.01 sys=0.00, real=0.00 secs] 
301.186: Total time for which application threads were stopped: 0.0053050 seconds, Stopping threads took: 0.0000910 seconds
301.356: Application time: 0.1701310 seconds
301.356: [Full GC [PSYoungGen: 24954K->9964K(28672K)] [ParOldGen: 65238K->65238K(65536K)] 90193K->75202K(94208K) [PSPermGen: 5179K->5179K(21504K)], 0.0047960 secs] [Times: user=0.02 sys=0.00, real=0.00 secs] 
301.361: Total time for which application threads were stopped: 0.0049800 seconds, Stopping threads took: 0.0000950 seconds
301.567: Application time: 0.2056380 seconds
301.567: [Full GC [PSYoungGen: 25085K->9893K(28672K)] [ParOldGen: 65238K->65238K(65536K)] 90323K->75132K(94208K) [PSPermGen: 5179K->5179K(21504K)], 0.0051470 secs] [Times: user=0.02 sys=0.00, real=0.00 secs] 
301.572: Total time for which application threads were stopped: 0.0053210 seconds, Stopping threads took: 0.0000870 seconds
301.749: Application time: 0.1769080 seconds
301.749: [Full GC [PSYoungGen: 25008K->9892K(28672K)] [ParOldGen: 65238K->65238K(65536K)] 90246K->75130K(94208K) [PSPermGen: 5179K->5179K(21504K)], 0.0047760 secs] [Times: user=0.01 sys=0.00, real=0.00 secs] 
301.754: Total time for which application threads were stopped: 0.0049450 seconds, Stopping threads took: 0.0000750 seconds
301.936: Application time: 0.1818090 seconds
301.936: [Full GC [PSYoungGen: 24964K->9497K(28672K)] [ParOldGen: 65238K->65238K(65536K)] 90202K->74735K(94208K) [PSPermGen: 5179K->5179K(21504K)], 0.0050090 secs] [Times: user=0.02 sys=0.00, real=0.00 secs] 
301.941: Total time for which application threads were stopped: 0.0051700 seconds, Stopping threads took: 0.0000730 seconds
302.131: Application time: 0.1906480 seconds
302.132: [Full GC [PSYoungGen: 24978K->9695K(28672K)] [ParOldGen: 65238K->65238K(65536K)] 90217K->74933K(94208K) [PSPermGen: 5179K->5179K(21504K)], 0.0048920 secs] [Times: user=0.02 sys=0.00, real=0.01 secs] 
302.137: Total time for which application threads were stopped: 0.0050520 seconds, Stopping threads took: 0.0000730 seconds
302.330: Application time: 0.1934990 seconds
302.330: Total time for which application threads were stopped: 0.0001260 seconds, Stopping threads took: 0.0000950 seconds
302.331: Application time: 0.0007410 seconds
302.331: [Full GC [PSYoungGen: 25019K->9820K(28672K)] [ParOldGen: 65508K->65508K(65536K)] 90527K->75328K(94208K) [PSPermGen: 5179K->5179K(21504K)], 0.0049810 secs] [Times: user=0.02 sys=0.00, real=0.01 secs] 
302.336: Total time for which application threads were stopped: 0.0051060 seconds, Stopping threads took: 0.0000440 seconds
302.496: Application time: 0.1595730 seconds
302.496: [Full GC [PSYoungGen: 25007K->10090K(28672K)] [ParOldGen: 65508K->65238K(65536K)] 90516K->75329K(94208K) [PSPermGen: 5179K->5179K(21504K)], 0.0049940 secs] [Times: user=0.02 sys=0.00, real=0.00 secs] 
302.501: Total time for which application threads were stopped: 0.0051590 seconds, Stopping threads took: 0.0000770 seconds
302.698: Application time: 0.1967620 seconds
302.698: [Full GC [PSYoungGen: 24975K->8904K(28672K)] [ParOldGen: 65238K->65238K(65536K)] 90214K->74143K(94208K) [PSPermGen: 5179K->5179K(21504K)], 0.0050600 secs] [Times: user=0.02 sys=0.00, real=0.00 secs] 
302.703: Total time for which application threads were stopped: 0.0052250 seconds, Stopping threads took: 0.0000780 seconds
302.899: Application time: 0.1960980 seconds
302.899: [Full GC [PSYoungGen: 25028K->9497K(28672K)] [ParOldGen: 65238K->65238K(65536K)] 90267K->74736K(94208K) [PSPermGen: 5179K->5179K(21504K)], 0.0049150 secs] [Times: user=0.02 sys=0.00, real=0.00 secs] 
302.904: Total time for which application threads were stopped: 0.0050760 seconds, Stopping threads took: 0.0000680 seconds
303.085: Application time: 0.1806980 seconds
303.085: Total time for which application threads were stopped: 0.0000840 seconds, Stopping threads took: 0.0000650 seconds
303.087: Application time: 0.0021080 seconds
303.087: [Full GC [PSYoungGen: 25080K->8949K(28672K)] [ParOldGen: 65508K->65508K(65536K)] 90588K->74457K(94208K) [PSPermGen: 5179K->5179K(21504K)], 0.0046830 secs] [Times: user=0.02 sys=0.00, real=0.00 secs] 
303.092: Total time for which application threads were stopped: 0.0047970 seconds, Stopping threads took: 0.0000350 seconds
303.288: Application time: 0.1968250 seconds
303.289: [Full GC [PSYoungGen: 25059K->10162K(28672K)] [ParOldGen: 65508K->65238K(65536K)] 90567K->75401K(94208K) [PSPermGen: 5179K->5179K(21504K)], 0.0050300 secs] [Times: user=0.02 sys=0.00, real=0.00 secs] 
303.294: Total time for which application threads were stopped: 0.0052250 seconds, Stopping threads took: 0.0001060 seconds
303.488: Application time: 0.1939490 seconds
303.488: [Full GC [PSYoungGen: 25083K->9696K(28672K)] [ParOldGen: 65238K->65238K(65536K)] 90321K->74935K(94208K) [PSPermGen: 5179K->5179K(21504K)], 0.0049900 secs] [Times: user=0.02 sys=0.00, real=0.00 secs] 
303.493: Total time for which application threads were stopped: 0.0051680 seconds, Stopping threads took: 0.0000800 seconds
303.656: Application time: 0.1628900 seconds
303.658: [Full GC [PSYoungGen: 25040K->10163K(28672K)] [ParOldGen: 65238K->65238K(65536K)] 90279K->75401K(94208K) [PSPermGen: 5179K->5179K(21504K)], 0.0052680 secs] [Times: user=0.02 sys=0.00, real=0.00 secs] 
303.663: Total time for which application threads were stopped: 0.0072600 seconds, Stopping threads took: 0.0019050 seconds
303.839: Application time: 0.1760330 seconds
303.839: [Full GC [PSYoungGen: 24967K->9498K(28672K)] [ParOldGen: 65238K->65238K(65536K)] 90205K->74736K(94208K) [PSPermGen: 5179K->5179K(21504K)], 0.0051200 secs] [Times: user=0.02 sys=0.00, real=0.00 secs] 
303.844: Total time for which application threads were stopped: 0.0052850 seconds, Stopping threads took: 0.0000730 seconds
304.076: Application time: 0.2313500 seconds
304.076: [Full GC [PSYoungGen: 25083K->9965K(28672K)] [ParOldGen: 65238K->65238K(65536K)] 90321K->75203K(94208K) [PSPermGen: 5179K->5179K(21504K)], 0.0048550 secs] [Times: user=0.02 sys=0.00, real=0.00 secs] 
304.081: Total time for which application threads were stopped: 0.0050450 seconds, Stopping threads took: 0.0000870 seconds
304.245: Application time: 0.1640140 seconds
304.245: Total time for which application threads were stopped: 0.0001030 seconds, Stopping threads took: 0.0000790 seconds
304.246: Application time: 0.0012870 seconds
304.246: [Full GC [PSYoungGen: 25079K->9363K(28672K)] [ParOldGen: 65373K->65373K(65536K)] 90452K->74736K(94208K) [PSPermGen: 5179K->5179K(21504K)], 0.0047510 secs] [Times: user=0.02 sys=0.00, real=0.00 secs] 
304.251: Total time for which application threads were stopped: 0.0048650 seconds, Stopping threads took: 0.0000340 seconds
304.426: Application time: 0.1746510 seconds
304.430: [Full GC [PSYoungGen: 25040K->9489K(28672K)] [ParOldGen: 65508K->65373K(65536K)] 90548K->74862K(94208K) [PSPermGen: 5179K->5179K(21504K)], 0.0051270 secs] [Times: user=0.02 sys=0.00, real=0.01 secs] 
304.435: Total time for which application threads were stopped: 0.0096690 seconds, Stopping threads took: 0.0044530 seconds
304.630: Application time: 0.1947150 seconds
304.630: [Full GC [PSYoungGen: 25044K->9696K(28672K)] [ParOldGen: 65373K->65238K(65536K)] 90417K->74934K(94208K) [PSPermGen: 5179K->5179K(21504K)], 0.0049270 secs] [Times: user=0.01 sys=0.00, real=0.01 secs] 
304.635: Total time for which application threads were stopped: 0.0051250 seconds, Stopping threads took: 0.0000990 seconds
304.818: Application time: 0.1824220 seconds
304.818: [Full GC [PSYoungGen: 25082K->9895K(28672K)] [ParOldGen: 65238K->65238K(65536K)] 90320K->75133K(94208K) [PSPermGen: 5179K->5179K(21504K)], 0.0050810 secs] [Times: user=0.02 sys=0.00, real=0.00 secs] 
304.823: Total time for which application threads were stopped: 0.0052580 seconds, Stopping threads took: 0.0000900 seconds
305.011: Application time: 0.1884700 seconds
305.011: [Full GC [PSYoungGen: 24964K->9372K(28672K)] [ParOldGen: 65238K->65238K(65536K)] 90203K->74611K(94208K) [PSPermGen: 5179K->5179K(21504K)], 0.0047890 secs] [Times: user=0.02 sys=0.00, real=0.01 secs] 
305.016: Total time for which application threads were stopped: 0.0049510 seconds, Stopping threads took: 0.0000750 seconds
305.204: Application time: 0.1881060 seconds
305.204: [Full GC [PSYoungGen: 24989K->9301K(28672K)] [ParOldGen: 65238K->65238K(65536K)] 90228K->74539K(94208K) [PSPermGen: 5179K->5179K(21504K)], 0.0051430 secs] [Times: user=0.02 sys=0.00, real=0.01 secs] 
305.210: Total time for which application threads were stopped: 0.0053190 seconds, Stopping threads took: 0.0000770 seconds
305.397: Application time: 0.1872000 seconds
305.397: [Full GC [PSYoungGen: 25081K->9966K(28672K)] [ParOldGen: 65238K->65238K(65536K)] 90320K->75204K(94208K) [PSPermGen: 5179K->5179K(21504K)], 0.0049230 secs] [Times: user=0.02 sys=0.00, real=0.00 secs] 
305.402: Total time for which application threads were stopped: 0.0051090 seconds, Stopping threads took: 0.0000940 seconds
305.583: Application time: 0.1805790 seconds
305.583: [Full GC [PSYoungGen: 25082K->10091K(28672K)] [ParOldGen: 65238K->65238K(65536K)] 90320K->75330K(94208K) [PSPermGen: 5179K->5179K(21504K)], 0.0050490 secs] [Times: user=0.02 sys=0.00, real=0.01 secs] 
305.588: Total time for which application threads were stopped: 0.0052190 seconds, Stopping threads took: 0.0000720 seconds
305.758: Application time: 0.1698570 seconds
305.758: [Full GC [PSYoungGen: 24966K->9696K(28672K)] [ParOldGen: 65238K->65238K(65536K)] 90204K->74935K(94208K) [PSPermGen: 5179K->5179K(21504K)], 0.0051160 secs] [Times: user=0.02 sys=0.00, real=0.00 secs] 
305.763: Total time for which application threads were stopped: 0.0052800 seconds, Stopping threads took: 0.0000720 seconds
305.968: Application time: 0.2050980 seconds
305.968: [Full GC [PSYoungGen: 25041K->9768K(28672K)] [ParOldGen: 65238K->65238K(65536K)] 90280K->75007K(94208K) [PSPermGen: 5179K->5179K(21504K)], 0.0049150 secs] [Times: user=0.02 sys=0.00, real=0.00 secs] 
305.973: Total time for which application threads were stopped: 0.0051110 seconds, Stopping threads took: 0.0000910 seconds
306.128: Application time: 0.1544450 seconds
306.128: [Full GC [PSYoungGen: 24964K->9373K(28672K)] [ParOldGen: 65238K->65238K(65536K)] 90203K->74611K(94208K) [PSPermGen: 5179K->5179K(21504K)], 0.0050250 secs] [Times: user=0.02 sys=0.00, real=0.00 secs] 
306.133: Total time for which application threads were stopped: 0.0052040 seconds, Stopping threads took: 0.0000930 seconds
306.322: Application time: 0.1892930 seconds
306.322: [Full GC [PSYoungGen: 24985K->9894K(28672K)] [ParOldGen: 65238K->65238K(65536K)] 90224K->75133K(94208K) [PSPermGen: 5179K->5179K(21504K)], 0.0053240 secs] [Times: user=0.02 sys=0.00, real=0.01 secs] 
306.328: Total time for which application threads were stopped: 0.0055130 seconds, Stopping threads took: 0.0000910 seconds
306.541: Application time: 0.2132020 seconds
306.541: [Full GC [PSYoungGen: 25010K->9301K(28672K)] [ParOldGen: 65238K->65238K(65536K)] 90248K->74540K(94208K) [PSPermGen: 5179K->5179K(21504K)], 0.0046410 secs] [Times: user=0.02 sys=0.00, real=0.00 secs] 
306.546: Total time for which application threads were stopped: 0.0048000 seconds, Stopping threads took: 0.0000750 seconds
306.718: Application time: 0.1729260 seconds
306.719: [Full GC [PSYoungGen: 25017K->9697K(28672K)] [ParOldGen: 65238K->65238K(65536K)] 90255K->74935K(94208K) [PSPermGen: 5179K->5179K(21504K)], 0.0049580 secs] [Times: user=0.02 sys=0.00, real=0.00 secs] 
306.724: Total time for which application threads were stopped: 0.0051490 seconds, Stopping threads took: 0.0001030 seconds
306.899: Application time: 0.1751670 seconds
306.899: Total time for which application threads were stopped: 0.0001120 seconds, Stopping threads took: 0.0000770 seconds
306.902: Application time: 0.0030730 seconds
306.902: [Full GC [PSYoungGen: 25035K->9554K(28672K)] [ParOldGen: 65373K->65373K(65536K)] 90408K->74927K(94208K) [PSPermGen: 5179K->5179K(21504K)], 0.0049580 secs] [Times: user=0.02 sys=0.00, real=0.01 secs] 
306.907: Total time for which application threads were stopped: 0.0050820 seconds, Stopping threads took: 0.0000470 seconds
307.123: Application time: 0.2156510 seconds
307.123: [Full GC [PSYoungGen: 25045K->9697K(28672K)] [ParOldGen: 65373K->65238K(65536K)] 90418K->74935K(94208K) [PSPermGen: 5179K->5179K(21504K)], 0.0047840 secs] [Times: user=0.02 sys=0.00, real=0.01 secs] 
307.128: Total time for which application threads were stopped: 0.0049430 seconds, Stopping threads took: 0.0000730 seconds
307.304: Application time: 0.1760950 seconds
307.304: [Full GC [PSYoungGen: 24978K->9104K(28672K)] [ParOldGen: 65238K->65238K(65536K)] 90217K->74342K(94208K) [PSPermGen: 5179K->5179K(21504K)], 0.0049850 secs] [Times: user=0.02 sys=0.00, real=0.01 secs] 
307.309: Total time for which application threads were stopped: 0.0051510 seconds, Stopping threads took: 0.0000790 seconds
307.476: Application time: 0.1673200 seconds
307.476: [Full GC [PSYoungGen: 25087K->9878K(28672K)] [ParOldGen: 65238K->65238K(65536K)] 90325K->75117K(94208K) [PSPermGen: 5179K->5179K(21504K)], 0.0050970 secs] [Times: user=0.02 sys=0.00, real=0.00 secs] 
307.482: Total time for which application threads were stopped: 0.0052770 seconds, Stopping threads took: 0.0000750 seconds
307.683: Application time: 0.2011290 seconds
307.683: [Full GC [PSYoungGen: 24887K->9697K(28672K)] [ParOldGen: 65238K->65238K(65536K)] 90125K->74936K(94208K) [PSPermGen: 5179K->5179K(21504K)], 0.0050920 secs] [Times: user=0.02 sys=0.00, real=0.01 secs] 
307.688: Total time for which application threads were stopped: 0.0052710 seconds, Stopping threads took: 0.0000920 seconds
307.870: Application time: 0.1818400 seconds
307.870: [Full GC [PSYoungGen: 25069K->10164K(28672K)] [ParOldGen: 65238K->65238K(65536K)] 90308K->75403K(94208K) [PSPermGen: 5179K->5179K(21504K)], 0.0049580 secs] [Times: user=0.01 sys=0.00, real=0.01 secs] 
307.875: Total time for which application threads were stopped: 0.0051250 seconds, Stopping threads took: 0.0000780 seconds
308.059: Application time: 0.1842200 seconds
308.059: [Full GC [PSYoungGen: 24955K->9571K(28672K)] [ParOldGen: 65238K->65238K(65536K)] 90193K->74810K(94208K) [PSPermGen: 5179K->5179K(21504K)], 0.0050780 secs] [Times: user=0.02 sys=0.00, real=0.00 secs] 
308.064: Total time for which application threads were stopped: 0.0052590 seconds, Stopping threads took: 0.0000820 seconds
308.236: Application time: 0.1714960 seconds
308.236: [Full GC [PSYoungGen: 24857K->9895K(28672K)] [ParOldGen: 65238K->65238K(65536K)] 90095K->75134K(94208K) [PSPermGen: 5179K->5179K(21504K)], 0.0050360 secs] [Times: user=0.02 sys=0.00, real=0.00 secs] 
308.241: Total time for which application threads were stopped: 0.0051980 seconds, Stopping threads took: 0.0000750 seconds
308.449: Application time: 0.2078010 seconds
308.449: [Full GC [PSYoungGen: 24883K->9697K(28672K)] [ParOldGen: 65238K->65238K(65536K)] 90122K->74936K(94208K) [PSPermGen: 5179K->5179K(21504K)], 0.0047870 secs] [Times: user=0.02 sys=0.00, real=0.00 secs] 
308.454: Total time for which application threads were stopped: 0.0049640 seconds, Stopping threads took: 0.0000890 seconds
308.618: Application time: 0.1644440 seconds
308.618: [Full GC [PSYoungGen: 24958K->9769K(28672K)] [ParOldGen: 65238K->65238K(65536K)] 90197K->75008K(94208K) [PSPermGen: 5179K->5179K(21504K)], 0.0049070 secs] [Times: user=0.02 sys=0.00, real=0.00 secs] 
308.623: Total time for which application threads were stopped: 0.0051010 seconds, Stopping threads took: 0.0000970 seconds
308.808: Application time: 0.1841120 seconds
308.808: [Full GC [PSYoungGen: 25051K->9374K(28672K)] [ParOldGen: 65238K->65238K(65536K)] 90290K->74613K(94208K) [PSPermGen: 5179K->5179K(21504K)], 0.0049430 secs] [Times: user=0.02 sys=0.00, real=0.00 secs] 
308.813: Total time for which application threads were stopped: 0.0051340 seconds, Stopping threads took: 0.0000990 seconds
309.033: Application time: 0.2201240 seconds
309.033: [Full GC [PSYoungGen: 24824K->9302K(28672K)] [ParOldGen: 65238K->65238K(65536K)] 90063K->74541K(94208K) [PSPermGen: 5179K->5179K(21504K)], 0.0047170 secs] [Times: user=0.02 sys=0.00, real=0.01 secs] 
309.038: Total time for which application threads were stopped: 0.0048940 seconds, Stopping threads took: 0.0000900 seconds
309.198: Application time: 0.1598460 seconds
309.198: [Full GC [PSYoungGen: 25020K->9500K(28672K)] [ParOldGen: 65238K->65238K(65536K)] 90258K->74738K(94208K) [PSPermGen: 5179K->5179K(21504K)], 0.0048010 secs] [Times: user=0.02 sys=0.00, real=0.00 secs] 
309.202: Total time for which application threads were stopped: 0.0049730 seconds, Stopping threads took: 0.0000760 seconds
309.399: Application time: 0.1961160 seconds
309.399: [Full GC [PSYoungGen: 25065K->9302K(28672K)] [ParOldGen: 65238K->65238K(65536K)] 90303K->74541K(94208K) [PSPermGen: 5179K->5179K(21504K)], 0.0050610 secs] [Times: user=0.02 sys=0.00, real=0.00 secs] 
309.404: Total time for which application threads were stopped: 0.0052230 seconds, Stopping threads took: 0.0000730 seconds
309.613: Application time: 0.2088500 seconds
309.613: [Full GC [PSYoungGen: 24982K->9698K(28672K)] [ParOldGen: 65238K->65238K(65536K)] 90220K->74937K(94208K) [PSPermGen: 5179K->5179K(21504K)], 0.0050260 secs] [Times: user=0.02 sys=0.00, real=0.01 secs] 
309.618: Total time for which application threads were stopped: 0.0051950 seconds, Stopping threads took: 0.0000730 seconds
309.793: Application time: 0.1747260 seconds
309.793: [Full GC [PSYoungGen: 24894K->9500K(28672K)] [ParOldGen: 65238K->65238K(65536K)] 90133K->74739K(94208K) [PSPermGen: 5179K->5179K(21504K)], 0.0048420 secs] [Times: user=0.01 sys=0.00, real=0.01 secs] 
309.798: Total time for which application threads were stopped: 0.0050220 seconds, Stopping threads took: 0.0000850 seconds
309.970: Application time: 0.1723700 seconds
309.970: Total time for which application threads were stopped: 0.0000930 seconds, Stopping threads took: 0.0000730 seconds
309.971: Application time: 0.0005190 seconds
309.971: [Full GC [PSYoungGen: 24958K->9761K(28672K)] [ParOldGen: 65373K->65373K(65536K)] 90331K->75134K(94208K) [PSPermGen: 5179K->5179K(21504K)], 0.0049100 secs] [Times: user=0.02 sys=0.00, real=0.01 secs] 
309.976: Total time for which application threads were stopped: 0.0050390 seconds, Stopping threads took: 0.0000520 seconds
310.165: Application time: 0.1894640 seconds
310.165: [Full GC [PSYoungGen: 25019K->9563K(28672K)] [ParOldGen: 65508K->65373K(65536K)] 90527K->74937K(94208K) [PSPermGen: 5179K->5179K(21504K)], 0.0049670 secs] [Times: user=0.02 sys=0.00, real=0.01 secs] 
310.170: Total time for which application threads were stopped: 0.0051340 seconds, Stopping threads took: 0.0000780 seconds
310.374: Application time: 0.2035390 seconds
310.374: [Full GC [PSYoungGen: 25085K->9698K(28672K)] [ParOldGen: 65373K->65238K(65536K)] 90459K->74937K(94208K) [PSPermGen: 5179K->5179K(21504K)], 0.0047780 secs] [Times: user=0.02 sys=0.00, real=0.01 secs] 
310.379: Total time for which application threads were stopped: 0.0049370 seconds, Stopping threads took: 0.0000640 seconds
310.542: Application time: 0.1629450 seconds
310.542: [Full GC [PSYoungGen: 24885K->9896K(28672K)] [ParOldGen: 65238K->65238K(65536K)] 90124K->75134K(94208K) [PSPermGen: 5179K->5179K(21504K)], 0.0049250 secs] [Times: user=0.02 sys=0.00, real=0.01 secs] 
310.547: Total time for which application threads were stopped: 0.0050910 seconds, Stopping threads took: 0.0000770 seconds
310.734: Application time: 0.1872500 seconds
310.734: Total time for which application threads were stopped: 0.0000910 seconds, Stopping threads took: 0.0000670 seconds
310.734: Application time: 0.0002960 seconds
310.735: [Full GC [PSYoungGen: 25063K->9302K(28672K)] [ParOldGen: 65437K->65437K(65536K)] 90501K->74739K(94208K) [PSPermGen: 5179K->5179K(21504K)], 0.0049270 secs] [Times: user=0.02 sys=0.00, real=0.00 secs] 
310.739: Total time for which application threads were stopped: 0.0050530 seconds, Stopping threads took: 0.0000490 seconds
310.924: Application time: 0.1844660 seconds
310.924: [Full GC [PSYoungGen: 25038K->9437K(28672K)] [ParOldGen: 65501K->65302K(65536K)] 90539K->74739K(94208K) [PSPermGen: 5179K->5179K(21504K)], 0.0048940 secs] [Times: user=0.02 sys=0.00, real=0.01 secs] 
310.929: Total time for which application threads were stopped: 0.0050670 seconds, Stopping threads took: 0.0000730 seconds
311.108: Application time: 0.1793180 seconds
311.108: [Full GC [PSYoungGen: 25043K->9501K(28672K)] [ParOldGen: 65302K->65238K(65536K)] 90346K->74739K(94208K) [PSPermGen: 5179K->5179K(21504K)], 0.0049540 secs] [Times: user=0.02 sys=0.00, real=0.00 secs] 
311.113: Total time for which application threads were stopped: 0.0051380 seconds, Stopping threads took: 0.0000950 seconds
311.303: Application time: 0.1893110 seconds
311.303: [Full GC [PSYoungGen: 24970K->9896K(28672K)] [ParOldGen: 65238K->65238K(65536K)] 90209K->75135K(94208K) [PSPermGen: 5179K->5179K(21504K)], 0.0049440 secs] [Times: user=0.02 sys=0.00, real=0.01 secs] 
311.308: Total time for which application threads were stopped: 0.0050920 seconds, Stopping threads took: 0.0000600 seconds
311.513: Application time: 0.2052710 seconds
311.513: [Full GC [PSYoungGen: 25073K->10166K(28672K)] [ParOldGen: 65238K->65238K(65536K)] 90311K->75405K(94208K) [PSPermGen: 5179K->5179K(21504K)], 0.0048000 secs] [Times: user=0.02 sys=0.00, real=0.01 secs] 
311.518: Total time for which application threads were stopped: 0.0049990 seconds, Stopping threads took: 0.0000940 seconds
311.677: Application time: 0.1586080 seconds
311.677: [Full GC [PSYoungGen: 24887K->9699K(28672K)] [ParOldGen: 65238K->65238K(65536K)] 90125K->74937K(94208K) [PSPermGen: 5179K->5179K(21504K)], 0.0050170 secs] [Times: user=0.02 sys=0.00, real=0.00 secs] 
311.682: Total time for which application threads were stopped: 0.0051930 seconds, Stopping threads took: 0.0000880 seconds
311.871: Application time: 0.1894410 seconds
311.872: [Full GC [PSYoungGen: 24970K->9699K(28672K)] [ParOldGen: 65238K->65238K(65536K)] 90209K->74937K(94208K) [PSPermGen: 5179K->5179K(21504K)], 0.0048450 secs] [Times: user=0.02 sys=0.00, real=0.01 secs] 
311.876: Total time for which application threads were stopped: 0.0050100 seconds, Stopping threads took: 0.0000750 seconds
312.086: Application time: 0.2091560 seconds
312.086: [Full GC [PSYoungGen: 24985K->9501K(28672K)] [ParOldGen: 65238K->65238K(65536K)] 90224K->74740K(94208K) [PSPermGen: 5179K->5179K(21504K)], 0.0049130 secs] [Times: user=0.01 sys=0.00, real=0.01 secs] 
312.091: Total time for which application threads were stopped: 0.0050890 seconds, Stopping threads took: 0.0000830 seconds
312.252: Application time: 0.1615520 seconds
312.252: Total time for which application threads were stopped: 0.0001100 seconds, Stopping threads took: 0.0000830 seconds
312.254: Application time: 0.0013150 seconds
312.254: [Full GC [PSYoungGen: 24969K->9169K(28672K)] [ParOldGen: 65373K->65373K(65536K)] 90342K->74542K(94208K) [PSPermGen: 5179K->5179K(21504K)], 0.0048390 secs] [Times: user=0.02 sys=0.00, real=0.01 secs] 
312.259: Total time for which application threads were stopped: 0.0049630 seconds, Stopping threads took: 0.0000410 seconds
312.452: Application time: 0.1929460 seconds
312.452: [Full GC [PSYoungGen: 25049K->9897K(28672K)] [ParOldGen: 65508K->65373K(65536K)] 90557K->75270K(94208K) [PSPermGen: 5179K->5179K(21504K)], 0.0049600 secs] [Times: user=0.02 sys=0.00, real=0.01 secs] 
312.457: Total time for which application threads were stopped: 0.0051340 seconds, Stopping threads took: 0.0000840 seconds
312.663: Application time: 0.2061690 seconds
312.663: [Full GC [PSYoungGen: 25082K->9304K(28672K)] [ParOldGen: 65373K->65238K(65536K)] 90456K->74542K(94208K) [PSPermGen: 5179K->5179K(21504K)], 0.0048550 secs] [Times: user=0.02 sys=0.00, real=0.01 secs] 
312.668: Total time for which application threads were stopped: 0.0050330 seconds, Stopping threads took: 0.0000810 seconds
312.847: Application time: 0.1794180 seconds
312.847: [Full GC [PSYoungGen: 25026K->8909K(28672K)] [ParOldGen: 65238K->65238K(65536K)] 90265K->74147K(94208K) [PSPermGen: 5179K->5179K(21504K)], 0.0048090 secs] [Times: user=0.01 sys=0.00, real=0.00 secs] 
312.852: Total time for which application threads were stopped: 0.0049800 seconds, Stopping threads took: 0.0000840 seconds
313.041: Application time: 0.1891450 seconds
313.042: Total time for which application threads were stopped: 0.0000900 seconds, Stopping threads took: 0.0000710 seconds
313.043: Application time: 0.0015100 seconds
313.043: [Full GC [PSYoungGen: 24997K->9493K(28672K)] [ParOldGen: 65508K->65508K(65536K)] 90505K->75001K(94208K) [PSPermGen: 5179K->5179K(21504K)], 0.0047860 secs] [Times: user=0.01 sys=0.00, real=0.01 secs] 
313.048: Total time for which application threads were stopped: 0.0049130 seconds, Stopping threads took: 0.0000500 seconds
313.240: Application time: 0.1918620 seconds
313.240: [Full GC [PSYoungGen: 24902K->10095K(28672K)] [ParOldGen: 65508K->65238K(65536K)] 90410K->75333K(94208K) [PSPermGen: 5179K->5179K(21504K)], 0.0052170 secs] [Times: user=0.02 sys=0.00, real=0.00 secs] 
313.245: Total time for which application threads were stopped: 0.0053840 seconds, Stopping threads took: 0.0000750 seconds
313.409: Application time: 0.1641020 seconds
313.409: [Full GC [PSYoungGen: 24960K->10095K(28672K)] [ParOldGen: 65238K->65238K(65536K)] 90199K->75334K(94208K) [PSPermGen: 5179K->5179K(21504K)], 0.0051010 secs] [Times: user=0.02 sys=0.01, real=0.01 secs] 
313.415: Total time for which application threads were stopped: 0.0052640 seconds, Stopping threads took: 0.0000640 seconds
313.604: Application time: 0.1889970 seconds
313.604: [Full GC [PSYoungGen: 25000K->9897K(28672K)] [ParOldGen: 65238K->65238K(65536K)] 90238K->75136K(94208K) [PSPermGen: 5179K->5179K(21504K)], 0.0047280 secs] [Times: user=0.01 sys=0.00, real=0.01 secs] 
313.608: Total time for which application threads were stopped: 0.0048940 seconds, Stopping threads took: 0.0000790 seconds
313.771: Application time: 0.1625180 seconds
313.771: [Full GC [PSYoungGen: 24972K->9700K(28672K)] [ParOldGen: 65238K->65238K(65536K)] 90211K->74938K(94208K) [PSPermGen: 5179K->5179K(21504K)], 0.0049930 secs] [Times: user=0.02 sys=0.00, real=0.01 secs] 
313.776: Total time for which application threads were stopped: 0.0051770 seconds, Stopping threads took: 0.0000880 seconds
313.989: Application time: 0.2130410 seconds
313.989: [Full GC [PSYoungGen: 25013K->9700K(28672K)] [ParOldGen: 65238K->65238K(65536K)] 90252K->74938K(94208K) [PSPermGen: 5179K->5179K(21504K)], 0.0048080 secs] [Times: user=0.02 sys=0.00, real=0.01 secs] 
313.994: Total time for which application threads were stopped: 0.0049760 seconds, Stopping threads took: 0.0000800 seconds
314.157: Application time: 0.1630600 seconds
314.157: [Full GC [PSYoungGen: 25087K->10095K(28672K)] [ParOldGen: 65238K->65238K(65536K)] 90325K->75334K(94208K) [PSPermGen: 5179K->5179K(21504K)], 0.0050500 secs] [Times: user=0.02 sys=0.00, real=0.00 secs] 
314.162: Total time for which application threads were stopped: 0.0052120 seconds, Stopping threads took: 0.0000740 seconds
314.360: Application time: 0.1973180 seconds
314.360: Total time for which application threads were stopped: 0.0000920 seconds, Stopping threads took: 0.0000640 seconds
314.361: Application time: 0.0016010 seconds
314.362: [Full GC [PSYoungGen: 24987K->9826K(28672K)] [ParOldGen: 65508K->65508K(65536K)] 90495K->75334K(94208K) [PSPermGen: 5179K->5179K(21504K)], 0.0048860 secs] [Times: user=0.02 sys=0.00, real=0.01 secs] 
314.366: Total time for which application threads were stopped: 0.0050010 seconds, Stopping threads took: 0.0000340 seconds
314.571: Application time: 0.2047300 seconds
314.571: Total time for which application threads were stopped: 0.0000850 seconds, Stopping threads took: 0.0000660 seconds
314.572: Application time: 0.0005920 seconds
314.572: [Full GC [PSYoungGen: 25024K->9493K(28672K)] [ParOldGen: 65508K->65238K(65536K)] 90532K->74732K(94208K) [PSPermGen: 5179K->5179K(21504K)], 0.0051320 secs] [Times: user=0.02 sys=0.00, real=0.01 secs] 
314.577: Total time for which application threads were stopped: 0.0052460 seconds, Stopping threads took: 0.0000350 seconds
314.737: Application time: 0.1599220 seconds
314.737: [Full GC [PSYoungGen: 25088K->9495K(28672K)] [ParOldGen: 65516K->65516K(65536K)] 90604K->75011K(94208K) [PSPermGen: 5179K->5179K(21504K)], 0.0050770 secs] [Times: user=0.02 sys=0.00, real=0.00 secs] 
314.742: Total time for which application threads were stopped: 0.0052490 seconds, Stopping threads took: 0.0000830 seconds
314.938: Application time: 0.1957640 seconds
314.938: [Full GC [PSYoungGen: 25039K->9835K(28672K)] [ParOldGen: 65516K->65238K(65536K)] 90555K->75074K(94208K) [PSPermGen: 5179K->5179K(21504K)], 0.0052040 secs] [Times: user=0.02 sys=0.00, real=0.00 secs] 
314.943: Total time for which application threads were stopped: 0.0053960 seconds, Stopping threads took: 0.0000970 seconds
315.144: Application time: 0.2007800 seconds
315.144: [Full GC [PSYoungGen: 25012K->9700K(28672K)] [ParOldGen: 65238K->65238K(65536K)] 90250K->74939K(94208K) [PSPermGen: 5179K->5179K(21504K)], 0.0048720 secs] [Times: user=0.02 sys=0.00, real=0.01 secs] 
315.149: Total time for which application threads were stopped: 0.0050370 seconds, Stopping threads took: 0.0000770 seconds
315.311: Application time: 0.1619120 seconds
315.311: [Full GC [PSYoungGen: 25082K->9772K(28672K)] [ParOldGen: 65238K->65238K(65536K)] 90320K->75011K(94208K) [PSPermGen: 5179K->5179K(21504K)], 0.0048650 secs] [Times: user=0.02 sys=0.00, real=0.01 secs] 
315.316: Total time for which application threads were stopped: 0.0050680 seconds, Stopping threads took: 0.0001030 seconds
315.508: Application time: 0.1917820 seconds
315.508: [Full GC [PSYoungGen: 24976K->9898K(28672K)] [ParOldGen: 65238K->65238K(65536K)] 90214K->75137K(94208K) [PSPermGen: 5179K->5179K(21504K)], 0.0049590 secs] [Times: user=0.02 sys=0.00, real=0.00 secs] 
315.513: Total time for which application threads were stopped: 0.0051420 seconds, Stopping threads took: 0.0000870 seconds
315.706: Application time: 0.1927610 seconds
315.706: [Full GC [PSYoungGen: 24985K->9305K(28672K)] [ParOldGen: 65238K->65238K(65536K)] 90224K->74544K(94208K) [PSPermGen: 5179K->5179K(21504K)], 0.0050430 secs] [Times: user=0.02 sys=0.00, real=0.00 secs] 
315.711: Total time for which application threads were stopped: 0.0052060 seconds, Stopping threads took: 0.0000740 seconds
315.900: Application time: 0.1888090 seconds
315.900: [Full GC [PSYoungGen: 24992K->9108K(28672K)] [ParOldGen: 65238K->65238K(65536K)] 90230K->74346K(94208K) [PSPermGen: 5179K->5179K(21504K)], 0.0048740 secs] [Times: user=0.02 sys=0.00, real=0.00 secs] 
315.905: Total time for which application threads were stopped: 0.0050500 seconds, Stopping threads took: 0.0000870 seconds
316.087: Application time: 0.1822350 seconds
316.087: [Full GC [PSYoungGen: 25087K->9677K(28672K)] [ParOldGen: 65238K->65238K(65536K)] 90325K->74915K(94208K) [PSPermGen: 5179K->5179K(21504K)], 0.0049610 secs] [Times: user=0.02 sys=0.00, real=0.00 secs] 
316.092: Total time for which application threads were stopped: 0.0051390 seconds, Stopping threads took: 0.0000840 seconds
316.271: Application time: 0.1785760 seconds
316.271: [Full GC [PSYoungGen: 24960K->9773K(28672K)] [ParOldGen: 65238K->65238K(65536K)] 90199K->75011K(94208K) [PSPermGen: 5179K->5179K(21504K)], 0.0050750 secs] [Times: user=0.02 sys=0.00, real=0.01 secs] 
316.276: Total time for which application threads were stopped: 0.0052400 seconds, Stopping threads took: 0.0000780 seconds
316.478: Application time: 0.2022490 seconds
316.479: [Full GC [PSYoungGen: 25012K->9701K(28672K)] [ParOldGen: 65238K->65238K(65536K)] 90251K->74940K(94208K) [PSPermGen: 5179K->5179K(21504K)], 0.0048270 secs] [Times: user=0.01 sys=0.00, real=0.00 secs] 
316.483: Total time for which application threads were stopped: 0.0049890 seconds, Stopping threads took: 0.0000770 seconds
316.663: Application time: 0.1799980 seconds
316.664: Total time for which application threads were stopped: 0.0001110 seconds, Stopping threads took: 0.0000790 seconds
316.664: Application time: 0.0008770 seconds
316.665: [Full GC [PSYoungGen: 25040K->9242K(28672K)] [ParOldGen: 65302K->65302K(65536K)] 90342K->74544K(94208K) [PSPermGen: 5179K->5179K(21504K)], 0.0049190 secs] [Times: user=0.02 sys=0.00, real=0.01 secs] 
316.670: Total time for which application threads were stopped: 0.0050430 seconds, Stopping threads took: 0.0000430 seconds
316.842: Application time: 0.1726500 seconds
316.842: [Full GC [PSYoungGen: 25068K->9764K(28672K)] [ParOldGen: 65437K->65373K(65536K)] 90505K->75137K(94208K) [PSPermGen: 5179K->5179K(21504K)], 0.0051380 secs] [Times: user=0.02 sys=0.00, real=0.01 secs] 
316.847: Total time for which application threads were stopped: 0.0053110 seconds, Stopping threads took: 0.0000850 seconds
317.046: Application time: 0.1989820 seconds
317.047: [Full GC [PSYoungGen: 25026K->10169K(28672K)] [ParOldGen: 65373K->65238K(65536K)] 90399K->75407K(94208K) [PSPermGen: 5179K->5179K(21504K)], 0.0050670 secs] [Times: user=0.02 sys=0.00, real=0.00 secs] 
317.052: Total time for which application threads were stopped: 0.0052270 seconds, Stopping threads took: 0.0000720 seconds
317.235: Application time: 0.1837300 seconds
317.236: Total time for which application threads were stopped: 0.0001270 seconds, Stopping threads took: 0.0000920 seconds
317.236: Application time: 0.0002480 seconds
317.236: [Full GC [PSYoungGen: 25088K->9692K(28672K)] [ParOldGen: 65445K->65445K(65536K)] 90533K->75138K(94208K) [PSPermGen: 5179K->5179K(21504K)], 0.0049800 secs] [Times: user=0.02 sys=0.00, real=0.00 secs] 
317.241: Total time for which application threads were stopped: 0.0051270 seconds, Stopping threads took: 0.0000580 seconds
317.435: Application time: 0.1943370 seconds
317.435: [Full GC [PSYoungGen: 24975K->9504K(28672K)] [ParOldGen: 65445K->65238K(65536K)] 90420K->74742K(94208K) [PSPermGen: 5179K->5179K(21504K)], 0.0048520 secs] [Times: user=0.02 sys=0.00, real=0.00 secs] 
317.440: Total time for which application threads were stopped: 0.0050140 seconds, Stopping threads took: 0.0000740 seconds
317.629: Application time: 0.1882470 seconds
317.629: [Full GC [PSYoungGen: 25015K->9899K(28672K)] [ParOldGen: 65238K->65238K(65536K)] 90253K->75138K(94208K) [PSPermGen: 5179K->5179K(21504K)], 0.0049090 secs] [Times: user=0.02 sys=0.00, real=0.00 secs] 
317.634: Total time for which application threads were stopped: 0.0050650 seconds, Stopping threads took: 0.0000690 seconds
317.796: Application time: 0.1620370 seconds
317.796: [Full GC [PSYoungGen: 24955K->10169K(28672K)] [ParOldGen: 65238K->65238K(65536K)] 90193K->75407K(94208K) [PSPermGen: 5179K->5179K(21504K)], 0.0047870 secs] [Times: user=0.02 sys=0.00, real=0.00 secs] 
317.801: Total time for which application threads were stopped: 0.0049690 seconds, Stopping threads took: 0.0000840 seconds
317.989: Application time: 0.1887560 seconds
317.989: [Full GC [PSYoungGen: 25086K->9703K(28672K)] [ParOldGen: 65238K->65238K(65536K)] 90324K->74941K(94208K) [PSPermGen: 5179K->5179K(21504K)], 0.0051720 secs] [Times: user=0.02 sys=0.00, real=0.01 secs] 
317.995: Total time for which application threads were stopped: 0.0053370 seconds, Stopping threads took: 0.0000780 seconds
318.205: Application time: 0.2101690 seconds
318.205: [Full GC [PSYoungGen: 25080K->9109K(28672K)] [ParOldGen: 65238K->65238K(65536K)] 90319K->74347K(94208K) [PSPermGen: 5179K->5179K(21504K)], 0.0047060 secs] [Times: user=0.02 sys=0.00, real=0.01 secs] 
318.210: Total time for which application threads were stopped: 0.0048530 seconds, Stopping threads took: 0.0000580 seconds
318.373: Application time: 0.1633090 seconds
318.373: [Full GC [PSYoungGen: 24972K->9774K(28672K)] [ParOldGen: 65238K->65238K(65536K)] 90211K->75012K(94208K) [PSPermGen: 5179K->5179K(21504K)], 0.0051850 secs] [Times: user=0.02 sys=0.00, real=0.01 secs] 
318.378: Total time for which application threads were stopped: 0.0054000 seconds, Stopping threads took: 0.0001120 seconds
318.566: Application time: 0.1875750 seconds
318.566: Total time for which application threads were stopped: 0.0000770 seconds, Stopping threads took: 0.0000560 seconds
318.567: Application time: 0.0009730 seconds
318.567: [Full GC [PSYoungGen: 25050K->9765K(28672K)] [ParOldGen: 65373K->65373K(65536K)] 90423K->75138K(94208K) [PSPermGen: 5179K->5179K(21504K)], 0.0050690 secs] [Times: user=0.02 sys=0.00, real=0.00 secs] 
318.572: Total time for which application threads were stopped: 0.0052010 seconds, Stopping threads took: 0.0000550 seconds
318.781: Application time: 0.2085380 seconds
318.781: [Full GC [PSYoungGen: 25081K->9101K(28672K)] [ParOldGen: 65515K->65381K(65536K)] 90597K->74482K(94208K) [PSPermGen: 5179K->5179K(21504K)], 0.0049720 secs] [Times: user=0.02 sys=0.00, real=0.00 secs] 
318.786: Total time for which application threads were stopped: 0.0052740 seconds, Stopping threads took: 0.0000860 seconds
318.968: Application time: 0.1818320 seconds
318.968: [Full GC [PSYoungGen: 24891K->9307K(28672K)] [ParOldGen: 65381K->65238K(65536K)] 90272K->74545K(94208K) [PSPermGen: 5179K->5179K(21504K)], 0.0047910 secs] [Times: user=0.02 sys=0.00, real=0.00 secs] 
318.973: Total time for which application threads were stopped: 0.0049780 seconds, Stopping threads took: 0.0000930 seconds
319.160: Application time: 0.1869110 seconds
319.160: [Full GC [PSYoungGen: 24983K->9505K(28672K)] [ParOldGen: 65238K->65238K(65536K)] 90222K->74743K(94208K) [PSPermGen: 5179K->5179K(21504K)], 0.0048740 secs] [Times: user=0.02 sys=0.00, real=0.00 secs] 
319.165: Total time for which application threads were stopped: 0.0050490 seconds, Stopping threads took: 0.0000780 seconds
319.346: Application time: 0.1808060 seconds
319.346: Total time for which application threads were stopped: 0.0001080 seconds, Stopping threads took: 0.0000870 seconds
319.346: Application time: 0.0004620 seconds
319.346: [Full GC [PSYoungGen: 24985K->9496K(28672K)] [ParOldGen: 65508K->65508K(65536K)] 90493K->75004K(94208K) [PSPermGen: 5179K->5179K(21504K)], 0.0048010 secs] [Times: user=0.01 sys=0.00, real=0.00 secs] 
319.351: Total time for which application threads were stopped: 0.0049150 seconds, Stopping threads took: 0.0000360 seconds
319.549: Application time: 0.1973580 seconds
319.549: [Full GC [PSYoungGen: 25038K->10035K(28672K)] [ParOldGen: 65508K->65238K(65536K)] 90546K->75274K(94208K) [PSPermGen: 5179K->5179K(21504K)], 0.0050220 secs] [Times: user=0.02 sys=0.00, real=0.00 secs] 
319.554: Total time for which application threads were stopped: 0.0051990 seconds, Stopping threads took: 0.0000800 seconds
319.731: Application time: 0.1777030 seconds
319.732: [Full GC [PSYoungGen: 25014K->9298K(28672K)] [ParOldGen: 65238K->65238K(65536K)] 90252K->74537K(94208K) [PSPermGen: 5179K->5179K(21504K)], 0.0047640 secs] [Times: user=0.02 sys=0.00, real=0.01 secs] 
319.736: Total time for which application threads were stopped: 0.0049250 seconds, Stopping threads took: 0.0000670 seconds
319.914: Application time: 0.1778860 seconds
319.914: [Full GC [PSYoungGen: 24986K->9505K(28672K)] [ParOldGen: 65238K->65238K(65536K)] 90225K->74744K(94208K) [PSPermGen: 5179K->5179K(21504K)], 0.0050520 secs] [Times: user=0.02 sys=0.00, real=0.00 secs] 
319.919: Total time for which application threads were stopped: 0.0052520 seconds, Stopping threads took: 0.0001110 seconds
320.131: Application time: 0.2113830 seconds
320.131: [Full GC [PSYoungGen: 25086K->9775K(28672K)] [ParOldGen: 65238K->65238K(65536K)] 90324K->75013K(94208K) [PSPermGen: 5179K->5179K(21504K)], 0.0049490 secs] [Times: user=0.02 sys=0.00, real=0.01 secs] 
320.136: Total time for which application threads were stopped: 0.0051230 seconds, Stopping threads took: 0.0000760 seconds
320.306: Application time: 0.1698650 seconds
320.306: [Full GC [PSYoungGen: 25027K->10035K(28672K)] [ParOldGen: 65238K->65238K(65536K)] 90265K->75274K(94208K) [PSPermGen: 5179K->5179K(21504K)], 0.0051770 secs] [Times: user=0.02 sys=0.00, real=0.00 secs] 
320.311: Total time for which application threads were stopped: 0.0053460 seconds, Stopping threads took: 0.0000750 seconds
320.498: Application time: 0.1863710 seconds
320.498: [Full GC [PSYoungGen: 25060K->9901K(28672K)] [ParOldGen: 65238K->65238K(65536K)] 90299K->75139K(94208K) [PSPermGen: 5179K->5179K(21504K)], 0.0050550 secs] [Times: user=0.02 sys=0.00, real=0.00 secs] 
320.503: Total time for which application threads were stopped: 0.0052510 seconds, Stopping threads took: 0.0001060 seconds
320.698: Application time: 0.1948200 seconds
320.698: [Full GC [PSYoungGen: 24890K->9703K(28672K)] [ParOldGen: 65238K->65238K(65536K)] 90129K->74942K(94208K) [PSPermGen: 5179K->5179K(21504K)], 0.0053260 secs] [Times: user=0.02 sys=0.00, real=0.00 secs] 
320.703: Total time for which application threads were stopped: 0.0054990 seconds, Stopping threads took: 0.0000780 seconds
320.882: Application time: 0.1790880 seconds
320.882: Total time for which application threads were stopped: 0.0000940 seconds, Stopping threads took: 0.0000740 seconds
320.883: Application time: 0.0002190 seconds
320.883: [Full GC [PSYoungGen: 25038K->9236K(28672K)] [ParOldGen: 65508K->65508K(65536K)] 90546K->74744K(94208K) [PSPermGen: 5179K->5179K(21504K)], 0.0049960 secs] [Times: user=0.02 sys=0.00, real=0.01 secs] 
320.888: Total time for which application threads were stopped: 0.0051220 seconds, Stopping threads took: 0.0000470 seconds
321.087: Application time: 0.1995380 seconds
321.087: Total time for which application threads were stopped: 0.0000970 seconds, Stopping threads took: 0.0000770 seconds
321.088: Application time: 0.0007700 seconds
321.088: [Full GC [PSYoungGen: 24918K->9694K(28672K)] [ParOldGen: 65508K->65238K(65536K)] 90426K->74933K(94208K) [PSPermGen: 5179K->5179K(21504K)], 0.0049250 secs] [Times: user=0.02 sys=0.00, real=0.00 secs] 
321.093: Total time for which application threads were stopped: 0.0050370 seconds, Stopping threads took: 0.0000340 seconds
321.297: Application time: 0.2037090 seconds
321.297: [Full GC [PSYoungGen: 25007K->9901K(28672K)] [ParOldGen: 65508K->65508K(65536K)] 90515K->75409K(94208K) [PSPermGen: 5179K->5179K(21504K)], 0.0048770 secs] [Times: user=0.02 sys=0.00, real=0.00 secs] 
321.302: Total time for which application threads were stopped: 0.0050580 seconds, Stopping threads took: 0.0000880 seconds
321.466: Application time: 0.1638590 seconds
321.466: [Full GC [PSYoungGen: 24830K->9506K(28672K)] [ParOldGen: 65508K->65238K(65536K)] 90338K->74744K(94208K) [PSPermGen: 5179K->5179K(21504K)], 0.0048060 secs] [Times: user=0.02 sys=0.00, real=0.01 secs] 
321.471: Total time for which application threads were stopped: 0.0049620 seconds, Stopping threads took: 0.0000710 seconds
321.657: Application time: 0.1863020 seconds
321.657: Total time for which application threads were stopped: 0.0001070 seconds, Stopping threads took: 0.0000830 seconds
321.658: Application time: 0.0007940 seconds
321.658: [Full GC [PSYoungGen: 25042K->9037K(28672K)] [ParOldGen: 65302K->65302K(65536K)] 90345K->74340K(94208K) [PSPermGen: 5179K->5179K(21504K)], 0.0048870 secs] [Times: user=0.01 sys=0.00, real=0.00 secs] 
321.663: Total time for which application threads were stopped: 0.0050100 seconds, Stopping threads took: 0.0000440 seconds
321.877: Application time: 0.2139450 seconds
321.877: [Full GC [PSYoungGen: 25011K->9506K(28672K)] [ParOldGen: 65302K->65238K(65536K)] 90313K->74744K(94208K) [PSPermGen: 5179K->5179K(21504K)], 0.0049800 secs] [Times: user=0.02 sys=0.00, real=0.00 secs] 
321.882: Total time for which application threads were stopped: 0.0051510 seconds, Stopping threads took: 0.0000750 seconds
322.047: Application time: 0.1653910 seconds
322.048: [Full GC [PSYoungGen: 25085K->9776K(28672K)] [ParOldGen: 65238K->65238K(65536K)] 90323K->75014K(94208K) [PSPermGen: 5179K->5179K(21504K)], 0.0048060 secs] [Times: user=0.02 sys=0.00, real=0.00 secs] 
322.052: Total time for which application threads were stopped: 0.0049700 seconds, Stopping threads took: 0.0000780 seconds
322.225: Application time: 0.1726500 seconds
322.225: [Full GC [PSYoungGen: 25047K->9973K(28672K)] [ParOldGen: 65238K->65238K(65536K)] 90285K->75212K(94208K) [PSPermGen: 5179K->5179K(21504K)], 0.0048720 secs] [Times: user=0.02 sys=0.00, real=0.01 secs] 
322.230: Total time for which application threads were stopped: 0.0050330 seconds, Stopping threads took: 0.0000730 seconds
322.437: Application time: 0.2068560 seconds
322.437: [Full GC [PSYoungGen: 25028K->9839K(28672K)] [ParOldGen: 65238K->65238K(65536K)] 90266K->75077K(94208K) [PSPermGen: 5179K->5179K(21504K)], 0.0052180 secs] [Times: user=0.02 sys=0.00, real=0.00 secs] 
322.442: Total time for which application threads were stopped: 0.0054180 seconds, Stopping threads took: 0.0001040 seconds
322.605: Application time: 0.1627060 seconds
322.605: [Full GC [PSYoungGen: 25015K->9902K(28672K)] [ParOldGen: 65238K->65238K(65536K)] 90254K->75140K(94208K) [PSPermGen: 5179K->5179K(21504K)], 0.0047750 secs] [Times: user=0.02 sys=0.00, real=0.01 secs] 
322.610: Total time for which application threads were stopped: 0.0049390 seconds, Stopping threads took: 0.0000750 seconds
322.782: Application time: 0.1719770 seconds
322.782: [Full GC [PSYoungGen: 24891K->9704K(28672K)] [ParOldGen: 65238K->65238K(65536K)] 90129K->74942K(94208K) [PSPermGen: 5179K->5179K(21504K)], 0.0048880 secs] [Times: user=0.02 sys=0.00, real=0.01 secs] 
322.787: Total time for which application threads were stopped: 0.0050490 seconds, Stopping threads took: 0.0000740 seconds
322.981: Application time: 0.1934970 seconds
322.981: [Full GC [PSYoungGen: 25062K->9704K(28672K)] [ParOldGen: 65238K->65238K(65536K)] 90300K->74943K(94208K) [PSPermGen: 5179K->5179K(21504K)], 0.0050150 secs] [Times: user=0.02 sys=0.00, real=0.00 secs] 
322.986: Total time for which application threads were stopped: 0.0051970 seconds, Stopping threads took: 0.0000770 seconds
323.180: Application time: 0.1944450 seconds
323.180: [Full GC [PSYoungGen: 24900K->9506K(28672K)] [ParOldGen: 65238K->65238K(65536K)] 90139K->74745K(94208K) [PSPermGen: 5179K->5179K(21504K)], 0.0052970 secs] [Times: user=0.01 sys=0.00, real=0.00 secs] 
323.186: Total time for which application threads were stopped: 0.0054600 seconds, Stopping threads took: 0.0000740 seconds
323.356: Application time: 0.1703580 seconds
323.356: [Full GC [PSYoungGen: 25028K->10037K(28672K)] [ParOldGen: 65238K->65238K(65536K)] 90267K->75275K(94208K) [PSPermGen: 5179K->5179K(21504K)], 0.0050270 secs] [Times: user=0.02 sys=0.00, real=0.00 secs] 
323.361: Total time for which application threads were stopped: 0.0052030 seconds, Stopping threads took: 0.0000900 seconds
323.554: Application time: 0.1924780 seconds
323.554: [Full GC [PSYoungGen: 25048K->9776K(28672K)] [ParOldGen: 65238K->65238K(65536K)] 90286K->75015K(94208K) [PSPermGen: 5179K->5179K(21504K)], 0.0051260 secs] [Times: user=0.02 sys=0.00, real=0.01 secs] 
323.559: Total time for which application threads were stopped: 0.0053210 seconds, Stopping threads took: 0.0000960 seconds
323.758: Application time: 0.1986860 seconds
323.758: [Full GC [PSYoungGen: 25014K->9704K(28672K)] [ParOldGen: 65238K->65238K(65536K)] 90252K->74943K(94208K) [PSPermGen: 5179K->5179K(21504K)], 0.0048290 secs] [Times: user=0.02 sys=0.00, real=0.00 secs] 
323.763: Total time for which application threads were stopped: 0.0049930 seconds, Stopping threads took: 0.0000770 seconds
323.932: Application time: 0.1690190 seconds
323.932: [Full GC [PSYoungGen: 24968K->9974K(28672K)] [ParOldGen: 65238K->65238K(65536K)] 90206K->75213K(94208K) [PSPermGen: 5179K->5179K(21504K)], 0.0049330 secs] [Times: user=0.02 sys=0.00, real=0.01 secs] 
323.937: Total time for which application threads were stopped: 0.0050860 seconds, Stopping threads took: 0.0000680 seconds
324.110: Application time: 0.1734330 seconds
324.110: [Full GC [PSYoungGen: 25026K->9839K(28672K)] [ParOldGen: 65238K->65238K(65536K)] 90265K->75078K(94208K) [PSPermGen: 5179K->5179K(21504K)], 0.0050710 secs] [Times: user=0.02 sys=0.00, real=0.01 secs] 
324.115: Total time for which application threads were stopped: 0.0052370 seconds, Stopping threads took: 0.0000720 seconds
324.337: Application time: 0.2216720 seconds
324.337: [Full GC [PSYoungGen: 24867K->9705K(28672K)] [ParOldGen: 65238K->65238K(65536K)] 90106K->74943K(94208K) [PSPermGen: 5179K->5179K(21504K)], 0.0049230 secs] [Times: user=0.02 sys=0.00, real=0.00 secs] 
324.342: Total time for which application threads were stopped: 0.0051000 seconds, Stopping threads took: 0.0000910 seconds
324.496: Application time: 0.1539580 seconds
324.496: [Full GC [PSYoungGen: 25077K->10172K(28672K)] [ParOldGen: 65238K->65238K(65536K)] 90315K->75411K(94208K) [PSPermGen: 5179K->5179K(21504K)], 0.0048210 secs] [Times: user=0.02 sys=0.00, real=0.00 secs] 
324.501: Total time for which application threads were stopped: 0.0049810 seconds, Stopping threads took: 0.0000740 seconds
324.687: Application time: 0.1862910 seconds
324.688: [Full GC [PSYoungGen: 24974K->9705K(28672K)] [ParOldGen: 65238K->65238K(65536K)] 90213K->74943K(94208K) [PSPermGen: 5179K->5179K(21504K)], 0.0048300 secs] [Times: user=0.01 sys=0.00, real=0.00 secs] 
324.693: Total time for which application threads were stopped: 0.0050060 seconds, Stopping threads took: 0.0000780 seconds
324.878: Application time: 0.1853120 seconds
324.878: [Full GC [PSYoungGen: 25027K->9840K(28672K)] [ParOldGen: 65238K->65238K(65536K)] 90266K->75078K(94208K) [PSPermGen: 5179K->5179K(21504K)], 0.0048850 secs] [Times: user=0.01 sys=0.01, real=0.00 secs] 
324.883: Total time for which application threads were stopped: 0.0050530 seconds, Stopping threads took: 0.0000810 seconds
325.059: Application time: 0.1757870 seconds
325.059: [Full GC [PSYoungGen: 25016K->9705K(28672K)] [ParOldGen: 65238K->65238K(65536K)] 90255K->74943K(94208K) [PSPermGen: 5179K->5179K(21504K)], 0.0049740 secs] [Times: user=0.02 sys=0.00, real=0.00 secs] 
325.064: Total time for which application threads were stopped: 0.0051460 seconds, Stopping threads took: 0.0000760 seconds
325.227: Application time: 0.1627560 seconds
325.227: [Full GC [PSYoungGen: 24966K->9975K(28672K)] [ParOldGen: 65238K->65238K(65536K)] 90204K->75213K(94208K) [PSPermGen: 5179K->5179K(21504K)], 0.0049160 secs] [Times: user=0.02 sys=0.00, real=0.00 secs] 
325.232: Total time for which application threads were stopped: 0.0050840 seconds, Stopping threads took: 0.0000690 seconds
325.448: Application time: 0.2164090 seconds
325.448: [Full GC [PSYoungGen: 25076K->9310K(28672K)] [ParOldGen: 65238K->65238K(65536K)] 90314K->74548K(94208K) [PSPermGen: 5179K->5179K(21504K)], 0.0047880 secs] [Times: user=0.02 sys=0.00, real=0.00 secs] 
325.453: Total time for which application threads were stopped: 0.0049490 seconds, Stopping threads took: 0.0000760 seconds
325.634: Application time: 0.1814850 seconds
325.635: [Full GC [PSYoungGen: 24969K->10173K(28672K)] [ParOldGen: 65238K->65238K(65536K)] 90207K->75411K(94208K) [PSPermGen: 5179K->5179K(21504K)], 0.0050150 secs] [Times: user=0.02 sys=0.00, real=0.00 secs] 
325.640: Total time for which application threads were stopped: 0.0051710 seconds, Stopping threads took: 0.0000710 seconds
325.818: Application time: 0.1786420 seconds
325.818: [Full GC [PSYoungGen: 24893K->9705K(28672K)] [ParOldGen: 65238K->65238K(65536K)] 90132K->74944K(94208K) [PSPermGen: 5179K->5179K(21504K)], 0.0050740 secs] [Times: user=0.02 sys=0.00, real=0.00 secs] 
325.824: Total time for which application threads were stopped: 0.0052440 seconds, Stopping threads took: 0.0000720 seconds
325.989: Application time: 0.1649850 seconds
325.989: [Full GC [PSYoungGen: 25040K->10370K(28672K)] [ParOldGen: 65238K->65238K(65536K)] 90279K->75609K(94208K) [PSPermGen: 5179K->5179K(21504K)], 0.0051410 secs] [Times: user=0.02 sys=0.00, real=0.00 secs] 
325.994: Total time for which application threads were stopped: 0.0053060 seconds, Stopping threads took: 0.0000780 seconds
326.197: Application time: 0.2036490 seconds
326.198: [Full GC [PSYoungGen: 25006K->9903K(28672K)] [ParOldGen: 65238K->65238K(65536K)] 90244K->75142K(94208K) [PSPermGen: 5179K->5179K(21504K)], 0.0050570 secs] [Times: user=0.02 sys=0.00, real=0.00 secs] 
326.203: Total time for which application threads were stopped: 0.0052500 seconds, Stopping threads took: 0.0001040 seconds
326.384: Application time: 0.1812990 seconds
326.384: [Full GC [PSYoungGen: 24819K->9112K(28672K)] [ParOldGen: 65238K->65238K(65536K)] 90057K->74351K(94208K) [PSPermGen: 5179K->5179K(21504K)], 0.0048290 secs] [Times: user=0.01 sys=0.00, real=0.01 secs] 
326.389: Total time for which application threads were stopped: 0.0052950 seconds, Stopping threads took: 0.0003670 seconds
326.565: Application time: 0.1752000 seconds
326.565: [Full GC [PSYoungGen: 25083K->9310K(28672K)] [ParOldGen: 65238K->65238K(65536K)] 90321K->74549K(94208K) [PSPermGen: 5179K->5179K(21504K)], 0.0051620 secs] [Times: user=0.02 sys=0.00, real=0.01 secs] 
326.570: Total time for which application threads were stopped: 0.0053550 seconds, Stopping threads took: 0.0001020 seconds
326.791: Application time: 0.2209540 seconds
326.791: [Full GC [PSYoungGen: 24992K->9706K(28672K)] [ParOldGen: 65238K->65238K(65536K)] 90231K->74944K(94208K) [PSPermGen: 5179K->5179K(21504K)], 0.0049890 secs] [Times: user=0.02 sys=0.00, real=0.01 secs] 
326.796: Total time for which application threads were stopped: 0.0051710 seconds, Stopping threads took: 0.0000930 seconds
326.959: Application time: 0.1627410 seconds
326.959: Total time for which application threads were stopped: 0.0001180 seconds, Stopping threads took: 0.0000910 seconds
326.960: Application time: 0.0012810 seconds
326.960: [Full GC [PSYoungGen: 25015K->9499K(28672K)] [ParOldGen: 65508K->65508K(65536K)] 90523K->75007K(94208K) [PSPermGen: 5179K->5179K(21504K)], 0.0046750 secs] [Times: user=0.02 sys=0.00, real=0.00 secs] 
326.965: Total time for which application threads were stopped: 0.0047980 seconds, Stopping threads took: 0.0000450 seconds
327.149: Application time: 0.1837190 seconds
327.149: [Full GC [PSYoungGen: 25013K->8915K(28672K)] [ParOldGen: 65508K->65238K(65536K)] 90521K->74154K(94208K) [PSPermGen: 5179K->5179K(21504K)], 0.0048820 secs] [Times: user=0.01 sys=0.00, real=0.00 secs] 
327.154: Total time for which application threads were stopped: 0.0050420 seconds, Stopping threads took: 0.0000740 seconds
327.366: Application time: 0.2120260 seconds
327.366: [Full GC [PSYoungGen: 25033K->9904K(28672K)] [ParOldGen: 65238K->65238K(65536K)] 90271K->75142K(94208K) [PSPermGen: 5179K->5179K(21504K)], 0.0048180 secs] [Times: user=0.01 sys=0.00, real=0.01 secs] 
327.371: Total time for which application threads were stopped: 0.0049620 seconds, Stopping threads took: 0.0000560 seconds
327.531: Application time: 0.1606010 seconds
327.531: [Full GC [PSYoungGen: 25013K->9508K(28672K)] [ParOldGen: 65238K->65238K(65536K)] 90252K->74747K(94208K) [PSPermGen: 5179K->5179K(21504K)], 0.0046380 secs] [Times: user=0.02 sys=0.00, real=0.01 secs] 
327.536: Total time for which application threads were stopped: 0.0048030 seconds, Stopping threads took: 0.0000720 seconds
327.711: Application time: 0.1752660 seconds
327.712: [Full GC [PSYoungGen: 24965K->9976K(28672K)] [ParOldGen: 65238K->65238K(65536K)] 90204K->75214K(94208K) [PSPermGen: 5179K->5179K(21504K)], 0.0051210 secs] [Times: user=0.02 sys=0.00, real=0.01 secs] 
327.717: Total time for which application threads were stopped: 0.0052870 seconds, Stopping threads took: 0.0000780 seconds
327.951: Application time: 0.2338650 seconds
327.951: Total time for which application threads were stopped: 0.0000900 seconds, Stopping threads took: 0.0000680 seconds
327.952: Application time: 0.0013990 seconds
327.952: [Full GC [PSYoungGen: 25004K->9302K(28672K)] [ParOldGen: 65508K->65238K(65536K)] 90512K->74540K(94208K) [PSPermGen: 5179K->5179K(21504K)], 0.0049060 secs] [Times: user=0.02 sys=0.00, real=0.01 secs] 
327.957: Total time for which application threads were stopped: 0.0050170 seconds, Stopping threads took: 0.0000300 seconds
328.125: Application time: 0.1683030 seconds
328.126: [Full GC [PSYoungGen: 25049K->9246K(28672K)] [ParOldGen: 65501K->65501K(65536K)] 90550K->74747K(94208K) [PSPermGen: 5179K->5179K(21504K)], 0.0051460 secs] [Times: user=0.02 sys=0.00, real=0.01 secs] 
328.131: Total time for which application threads were stopped: 0.0053250 seconds, Stopping threads took: 0.0000810 seconds
328.308: Application time: 0.1777740 seconds
328.309: [Full GC [PSYoungGen: 24851K->9509K(28672K)] [ParOldGen: 65501K->65238K(65536K)] 90353K->74747K(94208K) [PSPermGen: 5179K->5179K(21504K)], 0.0050390 secs] [Times: user=0.02 sys=0.00, real=0.00 secs] 
328.314: Total time for which application threads were stopped: 0.0052020 seconds, Stopping threads took: 0.0000750 seconds
328.515: Application time: 0.2015410 seconds
328.515: [Full GC [PSYoungGen: 25057K->9976K(28672K)] [ParOldGen: 65238K->65238K(65536K)] 90295K->75215K(94208K) [PSPermGen: 5179K->5179K(21504K)], 0.0051750 secs] [Times: user=0.01 sys=0.00, real=0.00 secs] 
328.521: Total time for which application threads were stopped: 0.0053490 seconds, Stopping threads took: 0.0000880 seconds
328.710: Application time: 0.1891810 seconds
328.714: [Full GC [PSYoungGen: 25081K->9770K(28672K)] [ParOldGen: 65238K->65238K(65536K)] 90319K->75008K(94208K) [PSPermGen: 5179K->5179K(21504K)], 0.0050000 secs] [Times: user=0.02 sys=0.00, real=0.00 secs] 
328.719: Total time for which application threads were stopped: 0.0093570 seconds, Stopping threads took: 0.0042620 seconds
328.887: Application time: 0.1676720 seconds
328.887: [Full GC [PSYoungGen: 25028K->9842K(28672K)] [ParOldGen: 65238K->65238K(65536K)] 90266K->75080K(94208K) [PSPermGen: 5179K->5179K(21504K)], 0.0052810 secs] [Times: user=0.02 sys=0.00, real=0.00 secs] 
328.892: Total time for which application threads were stopped: 0.0054590 seconds, Stopping threads took: 0.0000870 seconds
329.073: Application time: 0.1808950 seconds
329.073: [Full GC [PSYoungGen: 25063K->9905K(28672K)] [ParOldGen: 65238K->65238K(65536K)] 90301K->75143K(94208K) [PSPermGen: 5179K->5179K(21504K)], 0.0053370 secs] [Times: user=0.02 sys=0.00, real=0.01 secs] 
329.079: Total time for which application threads were stopped: 0.0054950 seconds, Stopping threads took: 0.0000680 seconds
329.287: Application time: 0.2085460 seconds
329.287: [Full GC [PSYoungGen: 24895K->9905K(28672K)] [ParOldGen: 65238K->65238K(65536K)] 90133K->75143K(94208K) [PSPermGen: 5179K->5179K(21504K)], 0.0050520 secs] [Times: user=0.02 sys=0.00, real=0.00 secs] 
329.292: Total time for which application threads were stopped: 0.0052180 seconds, Stopping threads took: 0.0000720 seconds
329.470: Application time: 0.1773690 seconds
329.470: [Full GC [PSYoungGen: 25086K->9384K(28672K)] [ParOldGen: 65238K->65238K(65536K)] 90325K->74622K(94208K) [PSPermGen: 5179K->5179K(21504K)], 0.0048930 secs] [Times: user=0.02 sys=0.00, real=0.01 secs] 
329.475: Total time for which application threads were stopped: 0.0050750 seconds, Stopping threads took: 0.0000940 seconds
329.662: Application time: 0.1866670 seconds
329.662: [Full GC [PSYoungGen: 25085K->9312K(28672K)] [ParOldGen: 65238K->65238K(65536K)] 90324K->74550K(94208K) [PSPermGen: 5179K->5179K(21504K)], 0.0048900 secs] [Times: user=0.02 sys=0.00, real=0.01 secs] 
329.667: Total time for which application threads were stopped: 0.0050600 seconds, Stopping threads took: 0.0000830 seconds
329.879: Application time: 0.2125140 seconds
329.879: [Full GC [PSYoungGen: 25021K->9905K(28672K)] [ParOldGen: 65238K->65238K(65536K)] 90259K->75143K(94208K) [PSPermGen: 5179K->5179K(21504K)], 0.0050600 secs] [Times: user=0.01 sys=0.00, real=0.00 secs] 
329.886: Total time for which application threads were stopped: 0.0067820 seconds, Stopping threads took: 0.0000760 seconds
330.061: Application time: 0.1749380 seconds
330.061: Total time for which application threads were stopped: 0.0000990 seconds, Stopping threads took: 0.0000770 seconds
330.062: Application time: 0.0014530 seconds
330.063: [Full GC [PSYoungGen: 25021K->9500K(28672K)] [ParOldGen: 65508K->65508K(65536K)] 90529K->75008K(94208K) [PSPermGen: 5179K->5179K(21504K)], 0.0047830 secs] [Times: user=0.02 sys=0.00, real=0.01 secs] 
330.067: Total time for which application threads were stopped: 0.0050100 seconds, Stopping threads took: 0.0001240 seconds
330.232: Application time: 0.1646360 seconds
330.232: [Full GC [PSYoungGen: 24992K->9905K(28672K)] [ParOldGen: 65508K->65238K(65536K)] 90500K->75144K(94208K) [PSPermGen: 5179K->5179K(21504K)], 0.0049430 secs] [Times: user=0.02 sys=0.00, real=0.01 secs] 
330.237: Total time for which application threads were stopped: 0.0051060 seconds, Stopping threads took: 0.0000740 seconds
330.455: Application time: 0.2178410 seconds
330.455: Total time for which application threads were stopped: 0.0001000 seconds, Stopping threads took: 0.0000720 seconds
330.457: Application time: 0.0018280 seconds
330.457: [Full GC [PSYoungGen: 25055K->9366K(28672K)] [ParOldGen: 65373K->65373K(65536K)] 90428K->74739K(94208K) [PSPermGen: 5179K->5179K(21504K)], 0.0049110 secs] [Times: user=0.02 sys=0.00, real=0.00 secs] 
330.462: Total time for which application threads were stopped: 0.0050360 seconds, Stopping threads took: 0.0000440 seconds
330.616: Application time: 0.1542260 seconds
330.616: [Full GC [PSYoungGen: 24873K->10103K(28672K)] [ParOldGen: 65373K->65238K(65536K)] 90246K->75341K(94208K) [PSPermGen: 5179K->5179K(21504K)], 0.0047240 secs] [Times: user=0.02 sys=0.00, real=0.00 secs] 
330.621: Total time for which application threads were stopped: 0.0048850 seconds, Stopping threads took: 0.0000740 seconds
330.797: Application time: 0.1763170 seconds
330.798: [Full GC [PSYoungGen: 24968K->9905K(28672K)] [ParOldGen: 65238K->65238K(65536K)] 90206K->75144K(94208K) [PSPermGen: 5179K->5179K(21504K)], 0.0048950 secs] [Times: user=0.02 sys=0.00, real=0.00 secs] 
330.802: Total time for which application threads were stopped: 0.0050670 seconds, Stopping threads took: 0.0000860 seconds
331.022: Application time: 0.2195540 seconds
331.022: [Full GC [PSYoungGen: 25042K->9250K(28672K)] [ParOldGen: 65238K->65238K(65536K)] 90281K->74488K(94208K) [PSPermGen: 5179K->5179K(21504K)], 0.0050470 secs] [Times: user=0.02 sys=0.00, real=0.01 secs] 
331.027: Total time for which application threads were stopped: 0.0052250 seconds, Stopping threads took: 0.0000840 seconds
331.198: Application time: 0.1709160 seconds
331.198: [Full GC [PSYoungGen: 25039K->9312K(28672K)] [ParOldGen: 65238K->65238K(65536K)] 90278K->74551K(94208K) [PSPermGen: 5179K->5179K(21504K)], 0.0048000 secs] [Times: user=0.02 sys=0.00, real=0.00 secs] 
331.203: Total time for which application threads were stopped: 0.0049630 seconds, Stopping threads took: 0.0000740 seconds
331.373: Application time: 0.1695280 seconds
331.373: [Full GC [PSYoungGen: 24971K->10175K(28672K)] [ParOldGen: 65238K->65238K(65536K)] 90209K->75414K(94208K) [PSPermGen: 5179K->5179K(21504K)], 0.0051870 secs] [Times: user=0.02 sys=0.00, real=0.01 secs] 
331.378: Total time for which application threads were stopped: 0.0053570 seconds, Stopping threads took: 0.0000730 seconds
331.557: Application time: 0.1791730 seconds
331.557: [Full GC [PSYoungGen: 24858K->9906K(28672K)] [ParOldGen: 65238K->65238K(65536K)] 90097K->75144K(94208K) [PSPermGen: 5179K->5179K(21504K)], 0.0049850 secs] [Times: user=0.02 sys=0.00, real=0.00 secs] 
331.562: Total time for which application threads were stopped: 0.0051820 seconds, Stopping threads took: 0.0001010 seconds
331.767: Application time: 0.2045020 seconds
331.767: [Full GC [PSYoungGen: 24958K->10175K(28672K)] [ParOldGen: 65238K->65238K(65536K)] 90197K->75414K(94208K) [PSPermGen: 5179K->5179K(21504K)], 0.0049320 secs] [Times: user=0.01 sys=0.00, real=0.00 secs] 
331.772: Total time for which application threads were stopped: 0.0051010 seconds, Stopping threads took: 0.0000850 seconds
331.948: Application time: 0.1762680 seconds
331.948: [Full GC [PSYoungGen: 25017K->9313K(28672K)] [ParOldGen: 65238K->65238K(65536K)] 90256K->74551K(94208K) [PSPermGen: 5179K->5179K(21504K)], 0.0047660 secs] [Times: user=0.02 sys=0.00, real=0.00 secs] 
331.953: Total time for which application threads were stopped: 0.0049440 seconds, Stopping threads took: 0.0000930 seconds
332.125: Application time: 0.1714360 seconds
332.125: [Full GC [PSYoungGen: 24880K->9511K(28672K)] [ParOldGen: 65238K->65238K(65536K)] 90119K->74749K(94208K) [PSPermGen: 5179K->5179K(21504K)], 0.0049100 secs] [Times: user=0.01 sys=0.00, real=0.01 secs] 
332.130: Total time for which application threads were stopped: 0.0050750 seconds, Stopping threads took: 0.0000700 seconds
332.359: Application time: 0.2291050 seconds
332.359: [Full GC [PSYoungGen: 24824K->9511K(28672K)] [ParOldGen: 65238K->65238K(65536K)] 90062K->74749K(94208K) [PSPermGen: 5179K->5179K(21504K)], 0.0048570 secs] [Times: user=0.01 sys=0.00, real=0.00 secs] 
332.364: Total time for which application threads were stopped: 0.0050280 seconds, Stopping threads took: 0.0000860 seconds
332.520: Application time: 0.1565320 seconds
332.520: [Full GC [PSYoungGen: 25020K->9708K(28672K)] [ParOldGen: 65238K->65238K(65536K)] 90258K->74947K(94208K) [PSPermGen: 5179K->5179K(21504K)], 0.0048790 secs] [Times: user=0.02 sys=0.00, real=0.00 secs] 
332.525: Total time for which application threads were stopped: 0.0050460 seconds, Stopping threads took: 0.0000810 seconds
332.710: Application time: 0.1847980 seconds
332.710: [Full GC [PSYoungGen: 25073K->9313K(28672K)] [ParOldGen: 65238K->65238K(65536K)] 90312K->74552K(94208K) [PSPermGen: 5179K->5179K(21504K)], 0.0049550 secs] [Times: user=0.02 sys=0.00, real=0.01 secs] 
332.715: Total time for which application threads were stopped: 0.0051320 seconds, Stopping threads took: 0.0000770 seconds
332.936: Application time: 0.2204270 seconds
332.936: [Full GC [PSYoungGen: 24993K->9709K(28672K)] [ParOldGen: 65238K->65238K(65536K)] 90231K->74947K(94208K) [PSPermGen: 5179K->5179K(21504K)], 0.0050240 secs] [Times: user=0.02 sys=0.00, real=0.00 secs] 
332.941: Total time for which application threads were stopped: 0.0051800 seconds, Stopping threads took: 0.0000700 seconds
333.103: Application time: 0.1616100 seconds
333.103: [Full GC [PSYoungGen: 25029K->9313K(28672K)] [ParOldGen: 65238K->65238K(65536K)] 90267K->74552K(94208K) [PSPermGen: 5179K->5179K(21504K)], 0.0048150 secs] [Times: user=0.01 sys=0.00, real=0.01 secs] 
333.108: Total time for which application threads were stopped: 0.0049660 seconds, Stopping threads took: 0.0000660 seconds
333.278: Application time: 0.1703220 seconds
333.278: Total time for which application threads were stopped: 0.0001020 seconds, Stopping threads took: 0.0000680 seconds
333.278: Application time: 0.0000810 seconds
333.278: [Full GC [PSYoungGen: 24992K->9502K(28672K)] [ParOldGen: 65508K->65508K(65536K)] 90500K->75010K(94208K) [PSPermGen: 5179K->5179K(21504K)], 0.0048550 secs] [Times: user=0.02 sys=0.00, real=0.00 secs] 
333.283: Total time for which application threads were stopped: 0.0049900 seconds, Stopping threads took: 0.0000540 seconds
333.513: Application time: 0.2296690 seconds
333.513: [Full GC [PSYoungGen: 24836K->9511K(28672K)] [ParOldGen: 65508K->65238K(65536K)] 90344K->74750K(94208K) [PSPermGen: 5179K->5179K(21504K)], 0.0049960 secs] [Times: user=0.02 sys=0.00, real=0.01 secs] 
333.518: Total time for which application threads were stopped: 0.0051560 seconds, Stopping threads took: 0.0000730 seconds
333.672: Application time: 0.1536390 seconds
333.672: [Full GC [PSYoungGen: 25020K->9907K(28672K)] [ParOldGen: 65238K->65238K(65536K)] 90259K->75145K(94208K) [PSPermGen: 5179K->5179K(21504K)], 0.0049840 secs] [Times: user=0.02 sys=0.00, real=0.01 secs] 
333.677: Total time for which application threads were stopped: 0.0051440 seconds, Stopping threads took: 0.0000720 seconds
333.855: Application time: 0.1784950 seconds
333.855: [Full GC [PSYoungGen: 24959K->10176K(28672K)] [ParOldGen: 65238K->65238K(65536K)] 90197K->75415K(94208K) [PSPermGen: 5179K->5179K(21504K)], 0.0072570 secs] [Times: user=0.02 sys=0.00, real=0.00 secs] 
333.863: Total time for which application threads were stopped: 0.0074350 seconds, Stopping threads took: 0.0000780 seconds
334.079: Application time: 0.2160860 seconds
334.079: [Full GC [PSYoungGen: 25071K->9511K(28672K)] [ParOldGen: 65238K->65238K(65536K)] 90310K->74750K(94208K) [PSPermGen: 5179K->5179K(21504K)], 0.0048660 secs] [Times: user=0.02 sys=0.00, real=0.00 secs] 
334.084: Total time for which application threads were stopped: 0.0050590 seconds, Stopping threads took: 0.0001070 seconds
334.257: Application time: 0.1730960 seconds
334.257: [Full GC [PSYoungGen: 24979K->9583K(28672K)] [ParOldGen: 65238K->65238K(65536K)] 90218K->74822K(94208K) [PSPermGen: 5179K->5179K(21504K)], 0.0050640 secs] [Times: user=0.02 sys=0.00, real=0.00 secs] 
334.262: Total time for which application threads were stopped: 0.0052330 seconds, Stopping threads took: 0.0000820 seconds
334.435: Application time: 0.1727090 seconds
334.435: [Full GC [PSYoungGen: 24823K->9709K(28672K)] [ParOldGen: 65238K->65238K(65536K)] 90061K->74948K(94208K) [PSPermGen: 5179K->5179K(21504K)], 0.0046540 secs] [Times: user=0.02 sys=0.00, real=0.00 secs] 
334.440: Total time for which application threads were stopped: 0.0048290 seconds, Stopping threads took: 0.0000780 seconds
334.620: Application time: 0.1803330 seconds
334.620: [Full GC [PSYoungGen: 25067K->9709K(28672K)] [ParOldGen: 65238K->65238K(65536K)] 90305K->74948K(94208K) [PSPermGen: 5179K->5179K(21504K)], 0.0049810 secs] [Times: user=0.02 sys=0.00, real=0.00 secs] 
334.625: Total time for which application threads were stopped: 0.0051920 seconds, Stopping threads took: 0.0001230 seconds
334.843: Application time: 0.2176460 seconds
334.843: [Full GC [PSYoungGen: 25025K->9709K(28672K)] [ParOldGen: 65238K->65238K(65536K)] 90263K->74948K(94208K) [PSPermGen: 5179K->5179K(21504K)], 0.0050980 secs] [Times: user=0.02 sys=0.00, real=0.01 secs] 
334.848: Total time for which application threads were stopped: 0.0052930 seconds, Stopping threads took: 0.0001070 seconds
335.020: Application time: 0.1714790 seconds
335.020: Total time for which application threads were stopped: 0.0001110 seconds, Stopping threads took: 0.0000800 seconds
335.020: Application time: 0.0006150 seconds
335.020: [Full GC [PSYoungGen: 25057K->8854K(28672K)] [ParOldGen: 65501K->65501K(65536K)] 90558K->74355K(94208K) [PSPermGen: 5179K->5179K(21504K)], 0.0048780 secs] [Times: user=0.02 sys=0.00, real=0.00 secs] 
335.025: Total time for which application threads were stopped: 0.0050020 seconds, Stopping threads took: 0.0000400 seconds
335.207: Application time: 0.1814620 seconds
335.207: [Full GC [PSYoungGen: 25024K->9710K(28672K)] [ParOldGen: 65501K->65238K(65536K)] 90525K->74948K(94208K) [PSPermGen: 5179K->5179K(21504K)], 0.0050240 secs] [Times: user=0.02 sys=0.00, real=0.00 secs] 
335.212: Total time for which application threads were stopped: 0.0051910 seconds, Stopping threads took: 0.0000790 seconds
335.436: Application time: 0.2245160 seconds
335.437: Total time for which application threads were stopped: 0.0001050 seconds, Stopping threads took: 0.0000830 seconds
335.438: Application time: 0.0013580 seconds
335.438: [Full GC [PSYoungGen: 25046K->9242K(28672K)] [ParOldGen: 65508K->65508K(65536K)] 90554K->74751K(94208K) [PSPermGen: 5179K->5179K(21504K)], 0.0048160 secs] [Times: user=0.01 sys=0.00, real=0.00 secs] 
335.443: Total time for which application threads were stopped: 0.0049480 seconds, Stopping threads took: 0.0000530 seconds
335.606: Application time: 0.1632310 seconds
335.606: [Full GC [PSYoungGen: 25023K->10177K(28672K)] [ParOldGen: 65508K->65238K(65536K)] 90531K->75416K(94208K) [PSPermGen: 5179K->5179K(21504K)], 0.0049270 secs] [Times: user=0.02 sys=0.00, real=0.00 secs] 
335.611: Total time for which application threads were stopped: 0.0050940 seconds, Stopping threads took: 0.0000720 seconds
335.789: Application time: 0.1773950 seconds
335.789: [Full GC [PSYoungGen: 25066K->9710K(28672K)] [ParOldGen: 65238K->65238K(65536K)] 90305K->74949K(94208K) [PSPermGen: 5179K->5179K(21504K)], 0.0048060 secs] [Times: user=0.02 sys=0.00, real=0.00 secs] 
335.794: Total time for which application threads were stopped: 0.0049600 seconds, Stopping threads took: 0.0000680 seconds
336.000: Application time: 0.2069200 seconds
336.001: [Full GC [PSYoungGen: 25014K->10105K(28672K)] [ParOldGen: 65238K->65238K(65536K)] 90253K->75344K(94208K) [PSPermGen: 5179K->5179K(21504K)], 0.0049010 secs] [Times: user=0.02 sys=0.00, real=0.00 secs] 
336.006: Total time for which application threads were stopped: 0.0050650 seconds, Stopping threads took: 0.0000770 seconds
336.182: Application time: 0.1761330 seconds
336.182: Total time for which application threads were stopped: 0.0001060 seconds, Stopping threads took: 0.0000750 seconds
336.183: Application time: 0.0015220 seconds
336.184: [Full GC [PSYoungGen: 25087K->8965K(28672K)] [ParOldGen: 65381K->65381K(65536K)] 90468K->74346K(94208K) [PSPermGen: 5179K->5179K(21504K)], 0.0047050 secs] [Times: user=0.02 sys=0.00, real=0.01 secs] 
336.189: Total time for which application threads were stopped: 0.0056520 seconds, Stopping threads took: 0.0008590 seconds
336.363: Application time: 0.1741870 seconds
336.363: [Full GC [PSYoungGen: 25069K->9646K(28672K)] [ParOldGen: 65445K->65302K(65536K)] 90514K->74949K(94208K) [PSPermGen: 5179K->5179K(21504K)], 0.0049230 secs] [Times: user=0.01 sys=0.00, real=0.01 secs] 
336.368: Total time for which application threads were stopped: 0.0050830 seconds, Stopping threads took: 0.0000720 seconds
336.591: Application time: 0.2227230 seconds
336.591: [Full GC [PSYoungGen: 24995K->9980K(28672K)] [ParOldGen: 65302K->65238K(65536K)] 90297K->75218K(94208K) [PSPermGen: 5179K->5179K(21504K)], 0.0049790 secs] [Times: user=0.02 sys=0.00, real=0.01 secs] 
336.596: Total time for which application threads were stopped: 0.0051480 seconds, Stopping threads took: 0.0000850 seconds
336.749: Application time: 0.1531450 seconds
336.749: [Full GC [PSYoungGen: 25020K->9513K(28672K)] [ParOldGen: 65238K->65238K(65536K)] 90258K->74751K(94208K) [PSPermGen: 5179K->5179K(21504K)], 0.0046910 secs] [Times: user=0.02 sys=0.00, real=0.01 secs] 
336.754: Total time for which application threads were stopped: 0.0048710 seconds, Stopping threads took: 0.0000790 seconds
336.925: Application time: 0.1704440 seconds
336.925: [Full GC [PSYoungGen: 24993K->9711K(28672K)] [ParOldGen: 65238K->65238K(65536K)] 90232K->74949K(94208K) [PSPermGen: 5179K->5179K(21504K)], 0.0050880 secs] [Times: user=0.02 sys=0.00, real=0.01 secs] 
336.930: Total time for which application threads were stopped: 0.0052640 seconds, Stopping threads took: 0.0000890 seconds
337.146: Application time: 0.2161190 seconds
337.146: [Full GC [PSYoungGen: 24900K->9908K(28672K)] [ParOldGen: 65238K->65238K(65536K)] 90138K->75147K(94208K) [PSPermGen: 5179K->5179K(21504K)], 0.0050720 secs] [Times: user=0.02 sys=0.00, real=0.00 secs] 
337.151: Total time for which application threads were stopped: 0.0052320 seconds, Stopping threads took: 0.0000750 seconds
337.325: Application time: 0.1737300 seconds
337.325: [Full GC [PSYoungGen: 25083K->9980K(28672K)] [ParOldGen: 65238K->65238K(65536K)] 90321K->75219K(94208K) [PSPermGen: 5179K->5179K(21504K)], 0.0049820 secs] [Times: user=0.02 sys=0.00, real=0.01 secs] 
337.330: Total time for which application threads were stopped: 0.0051650 seconds, Stopping threads took: 0.0000850 seconds
337.502: Application time: 0.1714500 seconds
337.502: [Full GC [PSYoungGen: 24899K->9908K(28672K)] [ParOldGen: 65238K->65238K(65536K)] 90137K->75147K(94208K) [PSPermGen: 5179K->5179K(21504K)], 0.0051150 secs] [Times: user=0.02 sys=0.00, real=0.01 secs] 
337.507: Total time for which application threads were stopped: 0.0052840 seconds, Stopping threads took: 0.0000800 seconds
337.675: Application time: 0.1678320 seconds
337.675: [Full GC [PSYoungGen: 24861K->9909K(28672K)] [ParOldGen: 65238K->65238K(65536K)] 90100K->75147K(94208K) [PSPermGen: 5179K->5179K(21504K)], 0.0049060 secs] [Times: user=0.02 sys=0.00, real=0.00 secs] 
337.680: Total time for which application threads were stopped: 0.0050720 seconds, Stopping threads took: 0.0000770 seconds
337.896: Application time: 0.2158290 seconds
337.896: Total time for which application threads were stopped: 0.0001170 seconds, Stopping threads took: 0.0000860 seconds
337.897: Application time: 0.0012360 seconds
337.897: [Full GC [PSYoungGen: 25045K->9306K(28672K)] [ParOldGen: 65302K->65238K(65536K)] 90347K->74545K(94208K) [PSPermGen: 5179K->5179K(21504K)], 0.0048570 secs] [Times: user=0.02 sys=0.00, real=0.00 secs] 
337.902: Total time for which application threads were stopped: 0.0049770 seconds, Stopping threads took: 0.0000410 seconds
338.080: Application time: 0.1781970 seconds
338.080: [Full GC [PSYoungGen: 24954K->9639K(28672K)] [ParOldGen: 65508K->65508K(65536K)] 90462K->75147K(94208K) [PSPermGen: 5179K->5179K(21504K)], 0.0047280 secs] [Times: user=0.02 sys=0.00, real=0.00 secs] 
338.085: Total time for which application threads were stopped: 0.0048850 seconds, Stopping threads took: 0.0000710 seconds
338.254: Application time: 0.1692860 seconds
338.254: [Full GC [PSYoungGen: 24995K->10107K(28672K)] [ParOldGen: 65508K->65238K(65536K)] 90504K->75345K(94208K) [PSPermGen: 5179K->5179K(21504K)], 0.0049470 secs] [Times: user=0.02 sys=0.00, real=0.00 secs] 
338.259: Total time for which application threads were stopped: 0.0050950 seconds, Stopping threads took: 0.0000570 seconds
338.473: Application time: 0.2140770 seconds
338.474: Total time for which application threads were stopped: 0.0001140 seconds, Stopping threads took: 0.0000810 seconds
338.474: Application time: 0.0002840 seconds
338.474: [Full GC [PSYoungGen: 25020K->9307K(28672K)] [ParOldGen: 65508K->65508K(65536K)] 90528K->74815K(94208K) [PSPermGen: 5179K->5179K(21504K)], 0.0048410 secs] [Times: user=0.01 sys=0.00, real=0.01 secs] 
338.479: Total time for which application threads were stopped: 0.0049670 seconds, Stopping threads took: 0.0000480 seconds
338.658: Application time: 0.1789550 seconds
338.658: [Full GC [PSYoungGen: 25085K->10044K(28672K)] [ParOldGen: 65508K->65238K(65536K)] 90593K->75282K(94208K) [PSPermGen: 5179K->5179K(21504K)], 0.0049250 secs] [Times: user=0.02 sys=0.00, real=0.00 secs] 
338.663: Total time for which application threads were stopped: 0.0051070 seconds, Stopping threads took: 0.0000840 seconds
338.828: Application time: 0.1647070 seconds
338.828: [Full GC [PSYoungGen: 25067K->9711K(28672K)] [ParOldGen: 65238K->65238K(65536K)] 90306K->74950K(94208K) [PSPermGen: 5179K->5179K(21504K)], 0.0051150 secs] [Times: user=0.02 sys=0.00, real=0.00 secs] 
338.833: Total time for which application threads were stopped: 0.0052820 seconds, Stopping threads took: 0.0000800 seconds
339.054: Application time: 0.2207650 seconds
339.054: [Full GC [PSYoungGen: 25060K->9981K(28672K)] [ParOldGen: 65238K->65238K(65536K)] 90298K->75220K(94208K) [PSPermGen: 5179K->5179K(21504K)], 0.0051300 secs] [Times: user=0.02 sys=0.00, real=0.01 secs] 
339.059: Total time for which application threads were stopped: 0.0053090 seconds, Stopping threads took: 0.0000800 seconds
339.218: Application time: 0.1592360 seconds
339.218: Total time for which application threads were stopped: 0.0000900 seconds, Stopping threads took: 0.0000670 seconds
339.219: Application time: 0.0009110 seconds
339.219: [Full GC [PSYoungGen: 25087K->9371K(28672K)] [ParOldGen: 65381K->65381K(65536K)] 90468K->74752K(94208K) [PSPermGen: 5179K->5179K(21504K)], 0.0047220 secs] [Times: user=0.02 sys=0.00, real=0.00 secs] 
339.224: Total time for which application threads were stopped: 0.0048390 seconds, Stopping threads took: 0.0000360 seconds
339.397: Application time: 0.1725660 seconds
339.397: [Full GC [PSYoungGen: 24855K->9514K(28672K)] [ParOldGen: 65381K->65238K(65536K)] 90236K->74752K(94208K) [PSPermGen: 5179K->5179K(21504K)], 0.0051570 secs] [Times: user=0.02 sys=0.00, real=0.00 secs] 
339.402: Total time for which application threads were stopped: 0.0053140 seconds, Stopping threads took: 0.0000700 seconds
339.634: Application time: 0.2317060 seconds
339.634: [Full GC [PSYoungGen: 24973K->9981K(28672K)] [ParOldGen: 65238K->65238K(65536K)] 90211K->75220K(94208K) [PSPermGen: 5179K->5179K(21504K)], 0.0049060 secs] [Times: user=0.02 sys=0.00, real=0.01 secs] 
339.639: Total time for which application threads were stopped: 0.0050770 seconds, Stopping threads took: 0.0000740 seconds
339.804: Application time: 0.1648940 seconds
339.804: [Full GC [PSYoungGen: 25021K->9514K(28672K)] [ParOldGen: 65238K->65238K(65536K)] 90259K->74753K(94208K) [PSPermGen: 5179K->5179K(21504K)], 0.0049600 secs] [Times: user=0.02 sys=0.00, real=0.01 secs] 
339.809: Total time for which application threads were stopped: 0.0051290 seconds, Stopping threads took: 0.0000800 seconds
339.982: Application time: 0.1729080 seconds
339.982: [Full GC [PSYoungGen: 25046K->9649K(28672K)] [ParOldGen: 65238K->65238K(65536K)] 90284K->74887K(94208K) [PSPermGen: 5179K->5179K(21504K)], 0.0051050 secs] [Times: user=0.02 sys=0.00, real=0.01 secs] 
339.987: Total time for which application threads were stopped: 0.0052800 seconds, Stopping threads took: 0.0000890 seconds
340.188: Application time: 0.2012760 seconds
340.188: [Full GC [PSYoungGen: 25082K->9712K(28672K)] [ParOldGen: 65238K->65238K(65536K)] 90320K->74950K(94208K) [PSPermGen: 5179K->5179K(21504K)], 0.0053130 secs] [Times: user=0.02 sys=0.00, real=0.00 secs] 
340.194: Total time for which application threads were stopped: 0.0054740 seconds, Stopping threads took: 0.0000620 seconds
340.386: Application time: 0.1923140 seconds
340.386: [Full GC [PSYoungGen: 24908K->9317K(28672K)] [ParOldGen: 65238K->65238K(65536K)] 90147K->74555K(94208K) [PSPermGen: 5179K->5179K(21504K)], 0.0050630 secs] [Times: user=0.02 sys=0.00, real=0.00 secs] 
340.391: Total time for which application threads were stopped: 0.0052180 seconds, Stopping threads took: 0.0000690 seconds
340.567: Application time: 0.1757670 seconds
340.567: [Full GC [PSYoungGen: 24912K->9712K(28672K)] [ParOldGen: 65238K->65238K(65536K)] 90151K->74951K(94208K) [PSPermGen: 5179K->5179K(21504K)], 0.0049870 secs] [Times: user=0.02 sys=0.00, real=0.00 secs] 
340.572: Total time for which application threads were stopped: 0.0051450 seconds, Stopping threads took: 0.0000720 seconds
340.745: Application time: 0.1728810 seconds
340.745: [Full GC [PSYoungGen: 24985K->9910K(28672K)] [ParOldGen: 65238K->65238K(65536K)] 90223K->75148K(94208K) [PSPermGen: 5179K->5179K(21504K)], 0.0050990 secs] [Times: user=0.02 sys=0.00, real=0.01 secs] 
340.750: Total time for which application threads were stopped: 0.0052610 seconds, Stopping threads took: 0.0000680 seconds
340.945: Application time: 0.1947950 seconds
340.945: [Full GC [PSYoungGen: 25015K->9910K(28672K)] [ParOldGen: 65238K->65238K(65536K)] 90253K->75148K(94208K) [PSPermGen: 5179K->5179K(21504K)], 0.0049020 secs] [Times: user=0.01 sys=0.00, real=0.01 secs] 
340.950: Total time for which application threads were stopped: 0.0050770 seconds, Stopping threads took: 0.0000880 seconds
341.128: Application time: 0.1776590 seconds
341.128: [Full GC [PSYoungGen: 25022K->9515K(28672K)] [ParOldGen: 65238K->65238K(65536K)] 90260K->74753K(94208K) [PSPermGen: 5179K->5179K(21504K)], 0.0047980 secs] [Times: user=0.01 sys=0.00, real=0.00 secs] 
341.133: Total time for which application threads were stopped: 0.0049730 seconds, Stopping threads took: 0.0000850 seconds
341.310: Application time: 0.1769490 seconds
341.310: [Full GC [PSYoungGen: 25078K->9515K(28672K)] [ParOldGen: 65238K->65238K(65536K)] 90317K->74753K(94208K) [PSPermGen: 5179K->5179K(21504K)], 0.0051030 secs] [Times: user=0.02 sys=0.00, real=0.01 secs] 
341.315: Total time for which application threads were stopped: 0.0052760 seconds, Stopping threads took: 0.0000760 seconds
341.512: Application time: 0.1966060 seconds
341.512: [Full GC [PSYoungGen: 24999K->9713K(28672K)] [ParOldGen: 65238K->65238K(65536K)] 90237K->74951K(94208K) [PSPermGen: 5179K->5179K(21504K)], 0.0050840 secs] [Times: user=0.02 sys=0.00, real=0.01 secs] 
341.517: Total time for which application threads were stopped: 0.0052550 seconds, Stopping threads took: 0.0000790 seconds
341.691: Application time: 0.1737360 seconds
341.691: [Full GC [PSYoungGen: 25024K->9713K(28672K)] [ParOldGen: 65238K->65238K(65536K)] 90262K->74951K(94208K) [PSPermGen: 5179K->5179K(21504K)], 0.0048850 secs] [Times: user=0.02 sys=0.00, real=0.01 secs] 
341.696: Total time for which application threads were stopped: 0.0050440 seconds, Stopping threads took: 0.0000710 seconds
341.864: Application time: 0.1686110 seconds
341.864: [Full GC [PSYoungGen: 25047K->10378K(28672K)] [ParOldGen: 65238K->65238K(65536K)] 90286K->75616K(94208K) [PSPermGen: 5179K->5179K(21504K)], 0.0048970 secs] [Times: user=0.02 sys=0.00, real=0.01 secs] 
341.869: Total time for which application threads were stopped: 0.0050560 seconds, Stopping threads took: 0.0000650 seconds
342.105: Application time: 0.2352690 seconds
342.105: Total time for which application threads were stopped: 0.0001110 seconds, Stopping threads took: 0.0000880 seconds
342.106: Application time: 0.0010950 seconds
342.106: [Full GC [PSYoungGen: 25035K->9308K(28672K)] [ParOldGen: 65508K->65238K(65536K)] 90543K->74547K(94208K) [PSPermGen: 5179K->5179K(21504K)], 0.0049760 secs] [Times: user=0.02 sys=0.00, real=0.01 secs] 
342.111: Total time for which application threads were stopped: 0.0050900 seconds, Stopping threads took: 0.0000340 seconds
342.111: Application time: 0.0000480 seconds
342.111: [Full GC [PSYoungGen: 9443K->9443K(28672K)] [ParOldGen: 65238K->65238K(65536K)] 74682K->74682K(94208K) [PSPermGen: 5179K->5179K(21504K)], 0.0041570 secs] [Times: user=0.02 sys=0.00, real=0.01 secs] 
342.115: Total time for which application threads were stopped: 0.0042770 seconds, Stopping threads took: 0.0000530 seconds
342.274: Application time: 0.1592240 seconds
342.275: [Full GC [PSYoungGen: 25037K->9317K(28672K)] [ParOldGen: 65238K->65238K(65536K)] 90276K->74556K(94208K) [PSPermGen: 5179K->5179K(21504K)], 0.0048590 secs] [Times: user=0.02 sys=0.00, real=0.00 secs] 
342.280: Total time for which application threads were stopped: 0.0050400 seconds, Stopping threads took: 0.0000930 seconds
342.453: Application time: 0.1734640 seconds
342.453: [Full GC [PSYoungGen: 24998K->9713K(28672K)] [ParOldGen: 65238K->65238K(65536K)] 90236K->74951K(94208K) [PSPermGen: 5179K->5179K(21504K)], 0.0050450 secs] [Times: user=0.02 sys=0.00, real=0.01 secs] 
342.458: Total time for which application threads were stopped: 0.0052290 seconds, Stopping threads took: 0.0000800 seconds
342.682: Application time: 0.2242450 seconds
342.683: [Full GC [PSYoungGen: 24997K->9318K(28672K)] [ParOldGen: 65238K->65238K(65536K)] 90236K->74556K(94208K) [PSPermGen: 5179K->5179K(21504K)], 0.0050030 secs] [Times: user=0.02 sys=0.00, real=0.01 secs] 
342.688: Total time for which application threads were stopped: 0.0051810 seconds, Stopping threads took: 0.0000910 seconds
342.867: Application time: 0.1797130 seconds
342.867: [Full GC [PSYoungGen: 25047K->9650K(28672K)] [ParOldGen: 65238K->65238K(65536K)] 90285K->74889K(94208K) [PSPermGen: 5179K->5179K(21504K)], 0.0049340 secs] [Times: user=0.02 sys=0.00, real=0.00 secs] 
342.872: Total time for which application threads were stopped: 0.0050950 seconds, Stopping threads took: 0.0000730 seconds
343.033: Application time: 0.1608590 seconds
343.033: [Full GC [PSYoungGen: 24995K->9713K(28672K)] [ParOldGen: 65238K->65238K(65536K)] 90233K->74952K(94208K) [PSPermGen: 5179K->5179K(21504K)], 0.0049720 secs] [Times: user=0.02 sys=0.00, real=0.01 secs] 
343.038: Total time for which application threads were stopped: 0.0051380 seconds, Stopping threads took: 0.0000710 seconds
343.234: Application time: 0.1959500 seconds
343.235: [Full GC [PSYoungGen: 24905K->9911K(28672K)] [ParOldGen: 65238K->65238K(65536K)] 90144K->75150K(94208K) [PSPermGen: 5179K->5179K(21504K)], 0.0052360 secs] [Times: user=0.03 sys=0.00, real=0.00 secs] 
343.240: Total time for which application threads were stopped: 0.0053990 seconds, Stopping threads took: 0.0000730 seconds
343.436: Application time: 0.1958750 seconds
343.436: [Full GC [PSYoungGen: 25016K->9911K(28672K)] [ParOldGen: 65238K->65238K(65536K)] 90254K->75150K(94208K) [PSPermGen: 5179K->5179K(21504K)], 0.0049340 secs] [Times: user=0.02 sys=0.00, real=0.00 secs] 
343.441: Total time for which application threads were stopped: 0.0051000 seconds, Stopping threads took: 0.0000780 seconds
343.626: Application time: 0.1853790 seconds
343.626: Total time for which application threads were stopped: 0.0001070 seconds, Stopping threads took: 0.0000740 seconds
343.628: Application time: 0.0020020 seconds
343.628: [Full GC [PSYoungGen: 25046K->9246K(28672K)] [ParOldGen: 65508K->65508K(65536K)] 90554K->74754K(94208K) [PSPermGen: 5179K->5179K(21504K)], 0.0049990 secs] [Times: user=0.02 sys=0.00, real=0.00 secs] 
343.633: Total time for which application threads were stopped: 0.0051220 seconds, Stopping threads took: 0.0000430 seconds
343.801: Application time: 0.1675140 seconds
343.801: [Full GC [PSYoungGen: 25010K->9911K(28672K)] [ParOldGen: 65508K->65238K(65536K)] 90518K->75150K(94208K) [PSPermGen: 5179K->5179K(21504K)], 0.0047860 secs] [Times: user=0.02 sys=0.00, real=0.00 secs] 
343.806: Total time for which application threads were stopped: 0.0049440 seconds, Stopping threads took: 0.0000720 seconds
343.986: Application time: 0.1805350 seconds
343.986: [Full GC [PSYoungGen: 24963K->10181K(28672K)] [ParOldGen: 65238K->65238K(65536K)] 90201K->75420K(94208K) [PSPermGen: 5179K->5179K(21504K)], 0.0053200 secs] [Times: user=0.02 sys=0.01, real=0.00 secs] 
343.992: Total time for which application threads were stopped: 0.0054810 seconds, Stopping threads took: 0.0000730 seconds
344.167: Application time: 0.1746480 seconds
344.167: [Full GC [PSYoungGen: 25027K->9516K(28672K)] [ParOldGen: 65238K->65238K(65536K)] 90265K->74755K(94208K) [PSPermGen: 5179K->5179K(21504K)], 0.0046760 secs] [Times: user=0.02 sys=0.00, real=0.00 secs] 
344.171: Total time for which application threads were stopped: 0.0048600 seconds, Stopping threads took: 0.0000880 seconds
344.344: Application time: 0.1727700 seconds
344.344: [Full GC [PSYoungGen: 24988K->10109K(28672K)] [ParOldGen: 65238K->65238K(65536K)] 90226K->75348K(94208K) [PSPermGen: 5179K->5179K(21504K)], 0.0050290 secs] [Times: user=0.02 sys=0.00, real=0.01 secs] 
344.349: Total time for which application threads were stopped: 0.0051870 seconds, Stopping threads took: 0.0000710 seconds
344.576: Application time: 0.2267820 seconds
344.576: [Full GC [PSYoungGen: 24903K->9516K(28672K)] [ParOldGen: 65238K->65238K(65536K)] 90142K->74755K(94208K) [PSPermGen: 5179K->5179K(21504K)], 0.0051880 secs] [Times: user=0.02 sys=0.00, real=0.00 secs] 
344.581: Total time for which application threads were stopped: 0.0053560 seconds, Stopping threads took: 0.0000810 seconds
344.737: Application time: 0.1556790 seconds
344.737: [Full GC [PSYoungGen: 24828K->9516K(28672K)] [ParOldGen: 65238K->65238K(65536K)] 90066K->74755K(94208K) [PSPermGen: 5179K->5179K(21504K)], 0.0046990 secs] [Times: user=0.02 sys=0.00, real=0.00 secs] 
344.742: Total time for which application threads were stopped: 0.0048770 seconds, Stopping threads took: 0.0000810 seconds
344.924: Application time: 0.1820930 seconds
344.924: [Full GC [PSYoungGen: 25082K->9516K(28672K)] [ParOldGen: 65238K->65238K(65536K)] 90321K->74755K(94208K) [PSPermGen: 5179K->5179K(21504K)], 0.0048100 secs] [Times: user=0.02 sys=0.00, real=0.01 secs] 
344.929: Total time for which application threads were stopped: 0.0049770 seconds, Stopping threads took: 0.0000780 seconds
345.175: Application time: 0.2461860 seconds
345.175: [Full GC [PSYoungGen: 24923K->8923K(28672K)] [ParOldGen: 65238K->65238K(65536K)] 90162K->74162K(94208K) [PSPermGen: 5179K->5179K(21504K)], 0.0047690 secs] [Times: user=0.02 sys=0.00, real=0.00 secs] 
345.180: Total time for which application threads were stopped: 0.0049630 seconds, Stopping threads took: 0.0001060 seconds
345.341: Application time: 0.1611670 seconds
345.342: [Full GC [PSYoungGen: 24926K->9517K(28672K)] [ParOldGen: 65238K->65238K(65536K)] 90165K->74755K(94208K) [PSPermGen: 5179K->5179K(21504K)], 0.0049770 secs] [Times: user=0.03 sys=0.00, real=0.01 secs] 
345.347: Total time for which application threads were stopped: 0.0051510 seconds, Stopping threads took: 0.0000780 seconds
345.519: Application time: 0.1721460 seconds
345.519: [Full GC [PSYoungGen: 24988K->9912K(28672K)] [ParOldGen: 65238K->65238K(65536K)] 90227K->75151K(94208K) [PSPermGen: 5179K->5179K(21504K)], 0.0050680 secs] [Times: user=0.02 sys=0.00, real=0.00 secs] 
345.524: Total time for which application threads were stopped: 0.0052320 seconds, Stopping threads took: 0.0000770 seconds
345.731: Application time: 0.2070000 seconds
345.731: Total time for which application threads were stopped: 0.0000880 seconds, Stopping threads took: 0.0000670 seconds
345.734: Application time: 0.0029250 seconds
345.734: [Full GC [PSYoungGen: 25037K->9840K(28672K)] [ParOldGen: 65508K->65508K(65536K)] 90545K->75348K(94208K) [PSPermGen: 5179K->5179K(21504K)], 0.0051300 secs] [Times: user=0.02 sys=0.00, real=0.00 secs] 
345.739: Total time for which application threads were stopped: 0.0052660 seconds, Stopping threads took: 0.0000540 seconds
345.937: Application time: 0.1981850 seconds
345.938: [Full GC [PSYoungGen: 24961K->9121K(28672K)] [ParOldGen: 65508K->65238K(65536K)] 90469K->74360K(94208K) [PSPermGen: 5179K->5179K(21504K)], 0.0046860 secs] [Times: user=0.02 sys=0.00, real=0.00 secs] 
345.942: Total time for which application threads were stopped: 0.0048720 seconds, Stopping threads took: 0.0000960 seconds
346.115: Application time: 0.1726710 seconds
346.115: Total time for which application threads were stopped: 0.0000920 seconds, Stopping threads took: 0.0000740 seconds
346.120: Application time: 0.0054010 seconds
346.121: [Full GC [PSYoungGen: 25082K->9105K(28672K)] [ParOldGen: 65246K->65246K(65536K)] 90328K->74351K(94208K) [PSPermGen: 5179K->5179K(21504K)], 0.0055890 secs] [Times: user=0.01 sys=0.01, real=0.01 secs] 
346.126: Total time for which application threads were stopped: 0.0057460 seconds, Stopping threads took: 0.0000700 seconds
346.341: Application time: 0.2142780 seconds
346.341: [Full GC [PSYoungGen: 25044K->9445K(28672K)] [ParOldGen: 65515K->65508K(65536K)] 90560K->74953K(94208K) [PSPermGen: 5179K->5179K(21504K)], 0.0052190 secs] [Times: user=0.02 sys=0.00, real=0.00 secs] 
346.346: Total time for which application threads were stopped: 0.0053730 seconds, Stopping threads took: 0.0000650 seconds
346.509: Application time: 0.1628350 seconds
346.509: [Full GC [PSYoungGen: 24839K->9715K(28672K)] [ParOldGen: 65508K->65238K(65536K)] 90347K->74953K(94208K) [PSPermGen: 5179K->5179K(21504K)], 0.0052570 secs] [Times: user=0.02 sys=0.00, real=0.01 secs] 
346.514: Total time for which application threads were stopped: 0.0054490 seconds, Stopping threads took: 0.0000940 seconds
346.708: Application time: 0.1935880 seconds
346.708: [Full GC [PSYoungGen: 25024K->9517K(28672K)] [ParOldGen: 65238K->65238K(65536K)] 90263K->74756K(94208K) [PSPermGen: 5179K->5179K(21504K)], 0.0048850 secs] [Times: user=0.02 sys=0.00, real=0.00 secs] 
346.713: Total time for which application threads were stopped: 0.0050360 seconds, Stopping threads took: 0.0000650 seconds
346.907: Application time: 0.1939380 seconds
346.907: [Full GC [PSYoungGen: 25001K->9715K(28672K)] [ParOldGen: 65238K->65238K(65536K)] 90240K->74954K(94208K) [PSPermGen: 5179K->5179K(21504K)], 0.0050660 secs] [Times: user=0.02 sys=0.00, real=0.00 secs] 
346.912: Total time for which application threads were stopped: 0.0052240 seconds, Stopping threads took: 0.0000710 seconds
347.086: Application time: 0.1742510 seconds
347.086: [Full GC [PSYoungGen: 24973K->9787K(28672K)] [ParOldGen: 65238K->65238K(65536K)] 90211K->75025K(94208K) [PSPermGen: 5179K->5179K(21504K)], 0.0050940 secs] [Times: user=0.02 sys=0.00, real=0.00 secs] 
347.091: Total time for which application threads were stopped: 0.0052640 seconds, Stopping threads took: 0.0000770 seconds
347.265: Application time: 0.1733370 seconds
347.265: [Full GC [PSYoungGen: 24903K->10111K(28672K)] [ParOldGen: 65238K->65238K(65536K)] 90142K->75349K(94208K) [PSPermGen: 5179K->5179K(21504K)], 0.0050310 secs] [Times: user=0.00 sys=0.01, real=0.01 secs] 
347.270: Total time for which application threads were stopped: 0.0051880 seconds, Stopping threads took: 0.0000580 seconds
347.420: Application time: 0.1502370 seconds
347.420: [Full GC [PSYoungGen: 24976K->9913K(28672K)] [ParOldGen: 65238K->65238K(65536K)] 90214K->75151K(94208K) [PSPermGen: 5179K->5179K(21504K)], 0.0050800 secs] [Times: user=0.02 sys=0.00, real=0.00 secs] 
347.425: Total time for which application threads were stopped: 0.0052520 seconds, Stopping threads took: 0.0000850 seconds
347.667: Application time: 0.2416860 seconds
347.667: [Full GC [PSYoungGen: 24911K->9320K(28672K)] [ParOldGen: 65238K->65238K(65536K)] 90150K->74558K(94208K) [PSPermGen: 5179K->5179K(21504K)], 0.0050280 secs] [Times: user=0.02 sys=0.00, real=0.00 secs] 
347.672: Total time for which application threads were stopped: 0.0051910 seconds, Stopping threads took: 0.0000670 seconds
347.847: Application time: 0.1744420 seconds
347.847: [Full GC [PSYoungGen: 24988K->9590K(28672K)] [ParOldGen: 65238K->65238K(65536K)] 90227K->74828K(94208K) [PSPermGen: 5179K->5179K(21504K)], 0.0050290 secs] [Times: user=0.02 sys=0.00, real=0.00 secs] 
347.852: Total time for which application threads were stopped: 0.0051850 seconds, Stopping threads took: 0.0000700 seconds
348.026: Application time: 0.1737210 seconds
348.026: [Full GC [PSYoungGen: 24996K->9518K(28672K)] [ParOldGen: 65238K->65238K(65536K)] 90235K->74756K(94208K) [PSPermGen: 5179K->5179K(21504K)], 0.0050670 secs] [Times: user=0.02 sys=0.00, real=0.01 secs] 
348.031: Total time for which application threads were stopped: 0.0052300 seconds, Stopping threads took: 0.0000750 seconds
348.241: Application time: 0.2101130 seconds
348.241: [Full GC [PSYoungGen: 24917K->9716K(28672K)] [ParOldGen: 65238K->65238K(65536K)] 90155K->74954K(94208K) [PSPermGen: 5179K->5179K(21504K)], 0.0049620 secs] [Times: user=0.02 sys=0.00, real=0.01 secs] 
348.246: Total time for which application threads were stopped: 0.0051330 seconds, Stopping threads took: 0.0000780 seconds
348.438: Application time: 0.1914460 seconds
348.438: [Full GC [PSYoungGen: 25034K->9123K(28672K)] [ParOldGen: 65238K->65238K(65536K)] 90272K->74361K(94208K) [PSPermGen: 5179K->5179K(21504K)], 0.0048050 secs] [Times: user=0.02 sys=0.00, real=0.00 secs] 
348.443: Total time for which application threads were stopped: 0.0049860 seconds, Stopping threads took: 0.0000820 seconds
348.614: Application time: 0.1714020 seconds
348.614: [Full GC [PSYoungGen: 25087K->9716K(28672K)] [ParOldGen: 65238K->65238K(65536K)] 90325K->74954K(94208K) [PSPermGen: 5179K->5179K(21504K)], 0.0049320 secs] [Times: user=0.02 sys=0.00, real=0.00 secs] 
348.619: Total time for which application threads were stopped: 0.0050910 seconds, Stopping threads took: 0.0000740 seconds
348.816: Application time: 0.1968210 seconds
348.816: [Full GC [PSYoungGen: 24915K->9518K(28672K)] [ParOldGen: 65238K->65238K(65536K)] 90153K->74757K(94208K) [PSPermGen: 5179K->5179K(21504K)], 0.0051170 secs] [Times: user=0.03 sys=0.00, real=0.00 secs] 
348.821: Total time for which application threads were stopped: 0.0053050 seconds, Stopping threads took: 0.0000900 seconds
349.004: Application time: 0.1829660 seconds
349.004: [Full GC [PSYoungGen: 24977K->9986K(28672K)] [ParOldGen: 65238K->65238K(65536K)] 90216K->75224K(94208K) [PSPermGen: 5179K->5179K(21504K)], 0.0052110 secs] [Times: user=0.02 sys=0.00, real=0.01 secs] 
349.010: Total time for which application threads were stopped: 0.0053890 seconds, Stopping threads took: 0.0000900 seconds
349.200: Application time: 0.1900580 seconds
349.200: [Full GC [PSYoungGen: 25025K->9518K(28672K)] [ParOldGen: 65238K->65238K(65536K)] 90264K->74757K(94208K) [PSPermGen: 5179K->5179K(21504K)], 0.0048070 secs] [Times: user=0.02 sys=0.00, real=0.00 secs] 
349.205: Total time for which application threads were stopped: 0.0050000 seconds, Stopping threads took: 0.0001050 seconds
349.398: Application time: 0.1933830 seconds
349.398: [Full GC [PSYoungGen: 24998K->9518K(28672K)] [ParOldGen: 65238K->65238K(65536K)] 90237K->74757K(94208K) [PSPermGen: 5179K->5179K(21504K)], 0.0050160 secs] [Times: user=0.02 sys=0.00, real=0.00 secs] 
349.403: Total time for which application threads were stopped: 0.0051860 seconds, Stopping threads took: 0.0000720 seconds
349.580: Application time: 0.1770280 seconds
349.580: [Full GC [PSYoungGen: 25048K->9653K(28672K)] [ParOldGen: 65238K->65238K(65536K)] 90286K->74892K(94208K) [PSPermGen: 5179K->5179K(21504K)], 0.0050850 secs] [Times: user=0.02 sys=0.00, real=0.00 secs] 
349.586: Total time for which application threads were stopped: 0.0052640 seconds, Stopping threads took: 0.0000880 seconds
349.761: Application time: 0.1751980 seconds
349.761: Total time for which application threads were stopped: 0.0000980 seconds, Stopping threads took: 0.0000770 seconds
349.761: Application time: 0.0001310 seconds
349.761: [Full GC [PSYoungGen: 25051K->9644K(28672K)] [ParOldGen: 65508K->65508K(65536K)] 90559K->75152K(94208K) [PSPermGen: 5179K->5179K(21504K)], 0.0049240 secs] [Times: user=0.02 sys=0.00, real=0.01 secs] 
349.766: Total time for which application threads were stopped: 0.0050450 seconds, Stopping threads took: 0.0000410 seconds
349.969: Application time: 0.2025610 seconds
349.969: Total time for which application threads were stopped: 0.0001060 seconds, Stopping threads took: 0.0000740 seconds
349.970: Application time: 0.0011500 seconds
349.970: [Full GC [PSYoungGen: 24931K->9312K(28672K)] [ParOldGen: 65508K->65238K(65536K)] 90439K->74550K(94208K) [PSPermGen: 5179K->5179K(21504K)], 0.0049560 secs] [Times: user=0.02 sys=0.00, real=0.01 secs] 
349.975: Total time for which application threads were stopped: 0.0050710 seconds, Stopping threads took: 0.0000380 seconds
350.161: Application time: 0.1863370 seconds
350.161: [Full GC [PSYoungGen: 25061K->9384K(28672K)] [ParOldGen: 65508K->65508K(65536K)] 90569K->74892K(94208K) [PSPermGen: 5179K->5179K(21504K)], 0.0048990 secs] [Times: user=0.02 sys=0.00, real=0.01 secs] 
350.166: Total time for which application threads were stopped: 0.0050600 seconds, Stopping threads took: 0.0000740 seconds
350.347: Application time: 0.1807750 seconds
350.347: Total time for which application threads were stopped: 0.0000910 seconds, Stopping threads took: 0.0000730 seconds
350.347: Application time: 0.0000570 seconds
350.347: [Full GC [PSYoungGen: 24965K->9510K(28672K)] [ParOldGen: 65508K->65238K(65536K)] 90473K->74748K(94208K) [PSPermGen: 5179K->5179K(21504K)], 0.0047350 secs] [Times: user=0.02 sys=0.00, real=0.00 secs] 
350.352: Total time for which application threads were stopped: 0.0048450 seconds, Stopping threads took: 0.0000350 seconds
350.547: Application time: 0.1946460 seconds
350.547: [Full GC [PSYoungGen: 24990K->9717K(28672K)] [ParOldGen: 65238K->65238K(65536K)] 90229K->74955K(94208K) [PSPermGen: 5179K->5179K(21504K)], 0.0050600 secs] [Times: user=0.02 sys=0.00, real=0.00 secs] 
350.552: Total time for which application threads were stopped: 0.0052440 seconds, Stopping threads took: 0.0000790 seconds
350.736: Application time: 0.1840650 seconds
350.736: [Full GC [PSYoungGen: 24908K->10112K(28672K)] [ParOldGen: 65238K->65238K(65536K)] 90146K->75351K(94208K) [PSPermGen: 5179K->5179K(21504K)], 0.0050870 secs] [Times: user=0.02 sys=0.00, real=0.00 secs] 
350.741: Total time for which application threads were stopped: 0.0052480 seconds, Stopping threads took: 0.0000740 seconds
350.920: Application time: 0.1787840 seconds
350.920: [Full GC [PSYoungGen: 24904K->9519K(28672K)] [ParOldGen: 65238K->65238K(65536K)] 90142K->74758K(94208K) [PSPermGen: 5179K->5179K(21504K)], 0.0048730 secs] [Times: user=0.02 sys=0.00, real=0.00 secs] 
350.925: Total time for which application threads were stopped: 0.0050670 seconds, Stopping threads took: 0.0001060 seconds
351.092: Application time: 0.1667240 seconds
351.092: [Full GC [PSYoungGen: 24991K->9915K(28672K)] [ParOldGen: 65238K->65238K(65536K)] 90229K->75153K(94208K) [PSPermGen: 5179K->5179K(21504K)], 0.0051040 secs] [Times: user=0.02 sys=0.00, real=0.01 secs] 
351.097: Total time for which application threads were stopped: 0.0052920 seconds, Stopping threads took: 0.0000910 seconds
351.323: Application time: 0.2260580 seconds
351.323: Total time for which application threads were stopped: 0.0000950 seconds, Stopping threads took: 0.0000750 seconds
351.324: Application time: 0.0006300 seconds
351.324: [Full GC [PSYoungGen: 25060K->9060K(28672K)] [ParOldGen: 65302K->65302K(65536K)] 90362K->74362K(94208K) [PSPermGen: 5179K->5179K(21504K)], 0.0051310 secs] [Times: user=0.02 sys=0.00, real=0.01 secs] 
351.329: Total time for which application threads were stopped: 0.0052470 seconds, Stopping threads took: 0.0000420 seconds
351.500: Application time: 0.1707730 seconds
351.500: [Full GC [PSYoungGen: 25061K->9717K(28672K)] [ParOldGen: 65302K->65238K(65536K)] 90363K->74956K(94208K) [PSPermGen: 5179K->5179K(21504K)], 0.0051610 secs] [Times: user=0.02 sys=0.00, real=0.00 secs] 
351.505: Total time for which application threads were stopped: 0.0053340 seconds, Stopping threads took: 0.0000870 seconds
351.684: Application time: 0.1784560 seconds
351.684: Total time for which application threads were stopped: 0.0001020 seconds, Stopping threads took: 0.0000660 seconds
351.685: Application time: 0.0015750 seconds
351.686: [Full GC [PSYoungGen: 25049K->8639K(28672K)] [ParOldGen: 65508K->65508K(65536K)] 90557K->74147K(94208K) [PSPermGen: 5179K->5179K(21504K)], 0.0049260 secs] [Times: user=0.02 sys=0.01, real=0.01 secs] 
351.691: Total time for which application threads were stopped: 0.0050330 seconds, Stopping threads took: 0.0000310 seconds
351.905: Application time: 0.2144920 seconds
351.905: [Full GC [PSYoungGen: 25076K->9259K(28672K)] [ParOldGen: 65508K->65238K(65536K)] 90584K->74498K(94208K) [PSPermGen: 5179K->5179K(21504K)], 0.0052560 secs] [Times: user=0.02 sys=0.00, real=0.01 secs] 
351.910: Total time for which application threads were stopped: 0.0054220 seconds, Stopping threads took: 0.0000770 seconds
352.099: Application time: 0.1889170 seconds
352.099: [Full GC [PSYoungGen: 24842K->9520K(28672K)] [ParOldGen: 65238K->65238K(65536K)] 90081K->74758K(94208K) [PSPermGen: 5179K->5179K(21504K)], 0.0048550 secs] [Times: user=0.02 sys=0.00, real=0.00 secs] 
352.104: Total time for which application threads were stopped: 0.0050260 seconds, Stopping threads took: 0.0000860 seconds
352.275: Application time: 0.1702570 seconds
352.275: [Full GC [PSYoungGen: 24878K->9718K(28672K)] [ParOldGen: 65238K->65238K(65536K)] 90116K->74956K(94208K) [PSPermGen: 5179K->5179K(21504K)], 0.0052340 secs] [Times: user=0.02 sys=0.00, real=0.00 secs] 
352.280: Total time for which application threads were stopped: 0.0054120 seconds, Stopping threads took: 0.0000770 seconds
352.462: Application time: 0.1822090 seconds
352.462: [Full GC [PSYoungGen: 24971K->10383K(28672K)] [ParOldGen: 65238K->65238K(65536K)] 90209K->75621K(94208K) [PSPermGen: 5179K->5179K(21504K)], 0.0051170 secs] [Times: user=0.02 sys=0.00, real=0.01 secs] 
352.468: Total time for which application threads were stopped: 0.0052820 seconds, Stopping threads took: 0.0000790 seconds
352.680: Application time: 0.2122470 seconds
352.680: [Full GC [PSYoungGen: 24898K->10113K(28672K)] [ParOldGen: 65238K->65238K(65536K)] 90136K->75352K(94208K) [PSPermGen: 5179K->5179K(21504K)], 0.0049600 secs] [Times: user=0.02 sys=0.00, real=0.00 secs] 
352.685: Total time for which application threads were stopped: 0.0051300 seconds, Stopping threads took: 0.0000830 seconds
352.858: Application time: 0.1728490 seconds
352.858: [Full GC [PSYoungGen: 25016K->9718K(28672K)] [ParOldGen: 65238K->65238K(65536K)] 90254K->74956K(94208K) [PSPermGen: 5179K->5179K(21504K)], 0.0048550 secs] [Times: user=0.02 sys=0.00, real=0.00 secs] 
352.863: Total time for which application threads were stopped: 0.0050360 seconds, Stopping threads took: 0.0000830 seconds
353.041: Application time: 0.1779870 seconds
353.041: Total time for which application threads were stopped: 0.0001170 seconds, Stopping threads took: 0.0000940 seconds
353.041: Application time: 0.0004660 seconds
353.041: [Full GC [PSYoungGen: 25071K->9188K(28672K)] [ParOldGen: 65373K->65373K(65536K)] 90444K->74561K(94208K) [PSPermGen: 5179K->5179K(21504K)], 0.0050520 secs] [Times: user=0.02 sys=0.00, real=0.01 secs] 
353.047: Total time for which application threads were stopped: 0.0051870 seconds, Stopping threads took: 0.0000520 seconds
353.243: Application time: 0.1959430 seconds
353.243: [Full GC [PSYoungGen: 25062K->9188K(28672K)] [ParOldGen: 65508K->65373K(65536K)] 90570K->74561K(94208K) [PSPermGen: 5179K->5179K(21504K)], 0.0051270 secs] [Times: user=0.02 sys=0.00, real=0.01 secs] 
353.248: Total time for which application threads were stopped: 0.0052960 seconds, Stopping threads took: 0.0000780 seconds
353.428: Application time: 0.1797770 seconds
353.428: Total time for which application threads were stopped: 0.0001270 seconds, Stopping threads took: 0.0000950 seconds
353.428: Application time: 0.0000600 seconds
353.428: [Full GC [PSYoungGen: 25053K->9781K(28672K)] [ParOldGen: 65508K->65373K(65536K)] 90561K->75154K(94208K) [PSPermGen: 5179K->5179K(21504K)], 0.0052070 secs] [Times: user=0.02 sys=0.00, real=0.00 secs] 
353.433: Total time for which application threads were stopped: 0.0053510 seconds, Stopping threads took: 0.0000610 seconds
353.646: Application time: 0.2132930 seconds
353.647: Total time for which application threads were stopped: 0.0000980 seconds, Stopping threads took: 0.0000740 seconds
353.647: Application time: 0.0009010 seconds
353.647: [Full GC [PSYoungGen: 25068K->8298K(28672K)] [ParOldGen: 65508K->65373K(65536K)] 90576K->73671K(94208K) [PSPermGen: 5179K->5179K(21504K)], 0.0047830 secs] [Times: user=0.01 sys=0.00, real=0.00 secs] 
353.652: Total time for which application threads were stopped: 0.0048940 seconds, Stopping threads took: 0.0000270 seconds
353.849: Application time: 0.1963080 seconds
353.849: [Full GC [PSYoungGen: 25064K->9916K(28672K)] [ParOldGen: 65373K->65238K(65536K)] 90438K->75154K(94208K) [PSPermGen: 5179K->5179K(21504K)], 0.0052740 secs] [Times: user=0.03 sys=0.00, real=0.01 secs] 
353.854: Total time for which application threads were stopped: 0.0054580 seconds, Stopping threads took: 0.0000890 seconds
354.029: Application time: 0.1747150 seconds
354.029: [Full GC [PSYoungGen: 24825K->9718K(28672K)] [ParOldGen: 65238K->65238K(65536K)] 90063K->74957K(94208K) [PSPermGen: 5179K->5179K(21504K)], 0.0048220 secs] [Times: user=0.02 sys=0.00, real=0.00 secs] 
354.034: Total time for which application threads were stopped: 0.0050120 seconds, Stopping threads took: 0.0000850 seconds
354.207: Application time: 0.1728440 seconds
354.207: [Full GC [PSYoungGen: 24992K->9916K(28672K)] [ParOldGen: 65238K->65238K(65536K)] 90231K->75155K(94208K) [PSPermGen: 5179K->5179K(21504K)], 0.0051290 secs] [Times: user=0.02 sys=0.00, real=0.00 secs] 
354.212: Total time for which application threads were stopped: 0.0053120 seconds, Stopping threads took: 0.0000920 seconds
354.419: Application time: 0.2066150 seconds
354.419: [Full GC [PSYoungGen: 24979K->9593K(28672K)] [ParOldGen: 65238K->65238K(65536K)] 90218K->74831K(94208K) [PSPermGen: 5179K->5179K(21504K)], 0.0051930 secs] [Times: user=0.02 sys=0.00, real=0.00 secs] 
354.424: Total time for which application threads were stopped: 0.0053800 seconds, Stopping threads took: 0.0001000 seconds
354.616: Application time: 0.1918390 seconds
354.616: [Full GC [PSYoungGen: 24918K->9719K(28672K)] [ParOldGen: 65238K->65238K(65536K)] 90156K->74957K(94208K) [PSPermGen: 5179K->5179K(21504K)], 0.0050990 secs] [Times: user=0.02 sys=0.00, real=0.00 secs] 
354.621: Total time for which application threads were stopped: 0.0052930 seconds, Stopping threads took: 0.0000980 seconds
354.781: Application time: 0.1594700 seconds
354.781: Total time for which application threads were stopped: 0.0000900 seconds, Stopping threads took: 0.0000700 seconds
354.781: Application time: 0.0003760 seconds
354.781: [Full GC [PSYoungGen: 25061K->9377K(28672K)] [ParOldGen: 65508K->65508K(65536K)] 90569K->74885K(94208K) [PSPermGen: 5179K->5179K(21504K)], 0.0050360 secs] [Times: user=0.02 sys=0.00, real=0.01 secs] 
354.786: Total time for which application threads were stopped: 0.0051440 seconds, Stopping threads took: 0.0000310 seconds
354.989: Application time: 0.2032250 seconds
354.990: [Full GC [PSYoungGen: 25043K->9916K(28672K)] [ParOldGen: 65508K->65238K(65536K)] 90551K->75155K(94208K) [PSPermGen: 5179K->5179K(21504K)], 0.0052590 secs] [Times: user=0.02 sys=0.00, real=0.01 secs] 
354.995: Total time for which application threads were stopped: 0.0054240 seconds, Stopping threads took: 0.0000770 seconds
355.181: Application time: 0.1864540 seconds
355.181: [Full GC [PSYoungGen: 24969K->10186K(28672K)] [ParOldGen: 65238K->65238K(65536K)] 90207K->75425K(94208K) [PSPermGen: 5179K->5179K(21504K)], 0.0066360 secs] [Times: user=0.04 sys=0.00, real=0.01 secs] 
355.188: Total time for which application threads were stopped: 0.0068060 seconds, Stopping threads took: 0.0000750 seconds
355.355: Application time: 0.1670600 seconds
355.355: [Full GC [PSYoungGen: 24819K->9719K(28672K)] [ParOldGen: 65238K->65238K(65536K)] 90058K->74957K(94208K) [PSPermGen: 5179K->5179K(21504K)], 0.0049430 secs] [Times: user=0.02 sys=0.00, real=0.00 secs] 
355.360: Total time for which application threads were stopped: 0.0051250 seconds, Stopping threads took: 0.0000930 seconds
355.551: Application time: 0.1911570 seconds
355.552: [Full GC [PSYoungGen: 25066K->9791K(28672K)] [ParOldGen: 65238K->65238K(65536K)] 90305K->75029K(94208K) [PSPermGen: 5179K->5179K(21504K)], 0.0051900 secs] [Times: user=0.02 sys=0.00, real=0.01 secs] 
355.557: Total time for which application threads were stopped: 0.0053710 seconds, Stopping threads took: 0.0000940 seconds
355.753: Application time: 0.1965530 seconds
355.754: [Full GC [PSYoungGen: 25046K->9647K(28672K)] [ParOldGen: 65238K->65238K(65536K)] 90284K->74886K(94208K) [PSPermGen: 5179K->5179K(21504K)], 0.0050690 secs] [Times: user=0.02 sys=0.00, real=0.01 secs] 
355.759: Total time for which application threads were stopped: 0.0052470 seconds, Stopping threads took: 0.0000780 seconds
355.940: Application time: 0.1817230 seconds
355.940: [Full GC [PSYoungGen: 25002K->9521K(28672K)] [ParOldGen: 65238K->65238K(65536K)] 90240K->74760K(94208K) [PSPermGen: 5179K->5179K(21504K)], 0.0050480 secs] [Times: user=0.01 sys=0.00, real=0.00 secs] 
355.946: Total time for which application threads were stopped: 0.0052100 seconds, Stopping threads took: 0.0000730 seconds
356.118: Application time: 0.1728520 seconds
356.119: [Full GC [PSYoungGen: 24992K->9917K(28672K)] [ParOldGen: 65238K->65238K(65536K)] 90230K->75155K(94208K) [PSPermGen: 5179K->5179K(21504K)], 0.0051670 secs] [Times: user=0.02 sys=0.00, real=0.00 secs] 
356.124: Total time for which application threads were stopped: 0.0053240 seconds, Stopping threads took: 0.0000680 seconds
356.307: Application time: 0.1830580 seconds
356.307: [Full GC [PSYoungGen: 24907K->9917K(28672K)] [ParOldGen: 65238K->65238K(65536K)] 90146K->75156K(94208K) [PSPermGen: 5179K->5179K(21504K)], 0.0055280 secs] [Times: user=0.02 sys=0.00, real=0.00 secs] 
356.313: Total time for which application threads were stopped: 0.0057050 seconds, Stopping threads took: 0.0000780 seconds
356.499: Application time: 0.1867140 seconds
356.499: Total time for which application threads were stopped: 0.0001130 seconds, Stopping threads took: 0.0000910 seconds
356.501: Application time: 0.0014190 seconds
356.501: [Full GC [PSYoungGen: 25040K->9125K(28672K)] [ParOldGen: 65437K->65437K(65536K)] 90478K->74562K(94208K) [PSPermGen: 5179K->5179K(21504K)], 0.0047390 secs] [Times: user=0.01 sys=0.01, real=0.00 secs] 
356.506: Total time for which application threads were stopped: 0.0048770 seconds, Stopping threads took: 0.0000600 seconds
356.705: Application time: 0.1992220 seconds
356.705: Total time for which application threads were stopped: 0.0001040 seconds, Stopping threads took: 0.0000820 seconds
356.706: Application time: 0.0012140 seconds
356.706: [Full GC [PSYoungGen: 25014K->9315K(28672K)] [ParOldGen: 65437K->65238K(65536K)] 90451K->74554K(94208K) [PSPermGen: 5179K->5179K(21504K)], 0.0050490 secs] [Times: user=0.02 sys=0.00, real=0.00 secs] 
356.711: Total time for which application threads were stopped: 0.0051790 seconds, Stopping threads took: 0.0000510 seconds
356.909: Application time: 0.1977720 seconds
356.909: Total time for which application threads were stopped: 0.0001160 seconds, Stopping threads took: 0.0000770 seconds
356.911: Application time: 0.0013140 seconds
356.911: [Full GC [PSYoungGen: 25057K->8839K(28672K)] [ParOldGen: 65508K->65508K(65536K)] 90565K->74347K(94208K) [PSPermGen: 5179K->5179K(21504K)], 0.0049820 secs] [Times: user=0.02 sys=0.00, real=0.01 secs] 
356.916: Total time for which application threads were stopped: 0.0050990 seconds, Stopping threads took: 0.0000370 seconds
357.105: Application time: 0.1892190 seconds
357.105: Total time for which application threads were stopped: 0.0000940 seconds, Stopping threads took: 0.0000710 seconds
357.107: Application time: 0.0015830 seconds
357.107: [Full GC [PSYoungGen: 25058K->9117K(28672K)] [ParOldGen: 65508K->65238K(65536K)] 90566K->74356K(94208K) [PSPermGen: 5179K->5179K(21504K)], 0.0049240 secs] [Times: user=0.02 sys=0.00, real=0.00 secs] 
357.112: Total time for which application threads were stopped: 0.0050540 seconds, Stopping threads took: 0.0000470 seconds
357.278: Application time: 0.1666230 seconds
357.278: [Full GC [PSYoungGen: 25070K->9783K(28672K)] [ParOldGen: 65373K->65373K(65536K)] 90443K->75156K(94208K) [PSPermGen: 5179K->5179K(21504K)], 0.0050740 secs] [Times: user=0.02 sys=0.00, real=0.00 secs] 
357.284: Total time for which application threads were stopped: 0.0052350 seconds, Stopping threads took: 0.0000750 seconds
357.509: Application time: 0.2251100 seconds
357.509: [Full GC [PSYoungGen: 25064K->9325K(28672K)] [ParOldGen: 65373K->65238K(65536K)] 90438K->74563K(94208K) [PSPermGen: 5179K->5179K(21504K)], 0.0051230 secs] [Times: user=0.02 sys=0.00, real=0.00 secs] 
357.514: Total time for which application threads were stopped: 0.0053050 seconds, Stopping threads took: 0.0000820 seconds
357.676: Application time: 0.1622540 seconds
357.676: [Full GC [PSYoungGen: 24968K->10052K(28672K)] [ParOldGen: 65238K->65238K(65536K)] 90207K->75291K(94208K) [PSPermGen: 5179K->5179K(21504K)], 0.0049540 secs] [Times: user=0.02 sys=0.00, real=0.00 secs] 
357.681: Total time for which application threads were stopped: 0.0051190 seconds, Stopping threads took: 0.0000770 seconds
357.853: Application time: 0.1716640 seconds
357.853: [Full GC [PSYoungGen: 24969K->10187K(28672K)] [ParOldGen: 65238K->65238K(65536K)] 90207K->75426K(94208K) [PSPermGen: 5179K->5179K(21504K)], 0.0050170 secs] [Times: user=0.02 sys=0.00, real=0.01 secs] 
357.858: Total time for which application threads were stopped: 0.0051910 seconds, Stopping threads took: 0.0000870 seconds
358.053: Application time: 0.1945610 seconds
358.053: [Full GC [PSYoungGen: 24991K->9720K(28672K)] [ParOldGen: 65238K->65238K(65536K)] 90230K->74959K(94208K) [PSPermGen: 5179K->5179K(21504K)], 0.0055890 secs] [Times: user=0.02 sys=0.00, real=0.01 secs] 
358.058: Total time for which application threads were stopped: 0.0057720 seconds, Stopping threads took: 0.0000840 seconds
358.251: Application time: 0.1929870 seconds
358.252: [Full GC [PSYoungGen: 24834K->9325K(28672K)] [ParOldGen: 65238K->65238K(65536K)] 90072K->74563K(94208K) [PSPermGen: 5179K->5179K(21504K)], 0.0048540 secs] [Times: user=0.01 sys=0.00, real=0.01 secs] 
358.257: Total time for which application threads were stopped: 0.0050190 seconds, Stopping threads took: 0.0000760 seconds
358.422: Application time: 0.1651860 seconds
358.422: [Full GC [PSYoungGen: 25001K->9523K(28672K)] [ParOldGen: 65238K->65238K(65536K)] 90239K->74761K(94208K) [PSPermGen: 5179K->5179K(21504K)], 0.0051800 secs] [Times: user=0.02 sys=0.00, real=0.01 secs] 
358.427: Total time for which application threads were stopped: 0.0053630 seconds, Stopping threads took: 0.0000920 seconds
358.622: Application time: 0.1945530 seconds
358.622: [Full GC [PSYoungGen: 25005K->9720K(28672K)] [ParOldGen: 65238K->65238K(65536K)] 90243K->74959K(94208K) [PSPermGen: 5179K->5179K(21504K)], 0.0050600 secs] [Times: user=0.02 sys=0.00, real=0.01 secs] 
358.627: Total time for which application threads were stopped: 0.0052370 seconds, Stopping threads took: 0.0000810 seconds
358.817: Application time: 0.1900280 seconds
358.817: [Full GC [PSYoungGen: 24973K->10385K(28672K)] [ParOldGen: 65238K->65238K(65536K)] 90211K->75624K(94208K) [PSPermGen: 5179K->5179K(21504K)], 0.0052770 secs] [Times: user=0.02 sys=0.00, real=0.00 secs] 
358.822: Total time for which application threads were stopped: 0.0054450 seconds, Stopping threads took: 0.0000770 seconds
358.997: Application time: 0.1744790 seconds
358.997: [Full GC [PSYoungGen: 25021K->9720K(28672K)] [ParOldGen: 65238K->65238K(65536K)] 90259K->74959K(94208K) [PSPermGen: 5179K->5179K(21504K)], 0.0050020 secs] [Times: user=0.02 sys=0.00, real=0.00 secs] 
359.002: Total time for which application threads were stopped: 0.0051810 seconds, Stopping threads took: 0.0000830 seconds
359.186: Application time: 0.1842970 seconds
359.186: [Full GC [PSYoungGen: 25065K->9990K(28672K)] [ParOldGen: 65238K->65238K(65536K)] 90304K->75229K(94208K) [PSPermGen: 5179K->5179K(21504K)], 0.0052210 secs] [Times: user=0.02 sys=0.00, real=0.00 secs] 
359.192: Total time for which application threads were stopped: 0.0053720 seconds, Stopping threads took: 0.0000560 seconds
359.376: Application time: 0.1842800 seconds
359.376: [Full GC [PSYoungGen: 25043K->9856K(28672K)] [ParOldGen: 65238K->65238K(65536K)] 90282K->75094K(94208K) [PSPermGen: 5179K->5179K(21504K)], 0.0051470 secs] [Times: user=0.02 sys=0.00, real=0.00 secs] 
359.381: Total time for which application threads were stopped: 0.0053090 seconds, Stopping threads took: 0.0000750 seconds
359.566: Application time: 0.1851620 seconds
359.567: Total time for which application threads were stopped: 0.0001160 seconds, Stopping threads took: 0.0000930 seconds
359.567: Application time: 0.0006650 seconds
359.567: [Full GC [PSYoungGen: 25062K->9261K(28672K)] [ParOldGen: 65302K->65302K(65536K)] 90365K->74564K(94208K) [PSPermGen: 5179K->5179K(21504K)], 0.0051210 secs] [Times: user=0.02 sys=0.00, real=0.00 secs] 
359.572: Total time for which application threads were stopped: 0.0052580 seconds, Stopping threads took: 0.0000590 seconds
359.755: Application time: 0.1828040 seconds
359.755: Total time for which application threads were stopped: 0.0001150 seconds, Stopping threads took: 0.0000880 seconds
359.755: Application time: 0.0000570 seconds
359.756: [Full GC [PSYoungGen: 24942K->9514K(28672K)] [ParOldGen: 65302K->65238K(65536K)] 90245K->74753K(94208K) [PSPermGen: 5179K->5179K(21504K)], 0.0049790 secs] [Times: user=0.02 sys=0.00, real=0.00 secs] 
359.761: Total time for which application threads were stopped: 0.0051000 seconds, Stopping threads took: 0.0000410 seconds
359.976: Application time: 0.2155110 seconds
359.976: Total time for which application threads were stopped: 0.0001090 seconds, Stopping threads took: 0.0000880 seconds
359.977: Application time: 0.0005960 seconds
359.977: [Full GC [PSYoungGen: 25001K->8921K(28672K)] [ParOldGen: 65508K->65508K(65536K)] 90509K->74429K(94208K) [PSPermGen: 5179K->5179K(21504K)], 0.0049250 secs] [Times: user=0.02 sys=0.00, real=0.00 secs] 
359.982: Total time for which application threads were stopped: 0.0050500 seconds, Stopping threads took: 0.0000460 seconds
360.155: Application time: 0.1728560 seconds
360.155: [Full GC [PSYoungGen: 24971K->9721K(28672K)] [ParOldGen: 65508K->65238K(65536K)] 90480K->74960K(94208K) [PSPermGen: 5179K->5179K(21504K)], 0.0049800 secs] [Times: user=0.02 sys=0.00, real=0.00 secs] 
360.160: Total time for which application threads were stopped: 0.0051490 seconds, Stopping threads took: 0.0000800 seconds
360.339: Application time: 0.1791850 seconds
360.339: Total time for which application threads were stopped: 0.0001040 seconds, Stopping threads took: 0.0000720 seconds
360.339: Application time: 0.0001870 seconds
360.339: [Full GC [PSYoungGen: 25075K->9191K(28672K)] [ParOldGen: 65373K->65373K(65536K)] 90449K->74564K(94208K) [PSPermGen: 5179K->5179K(21504K)], 0.0051310 secs] [Times: user=0.02 sys=0.00, real=0.00 secs] 
360.345: Total time for which application threads were stopped: 0.0052470 seconds, Stopping threads took: 0.0000380 seconds
360.568: Application time: 0.2239070 seconds
360.569: [Full GC [PSYoungGen: 24997K->9524K(28672K)] [ParOldGen: 65373K->65238K(65536K)] 90371K->74762K(94208K) [PSPermGen: 5179K->5179K(21504K)], 0.0050970 secs] [Times: user=0.02 sys=0.00, real=0.00 secs] 
360.574: Total time for which application threads were stopped: 0.0052490 seconds, Stopping threads took: 0.0000650 seconds
360.745: Application time: 0.1710970 seconds
360.745: [Full GC [PSYoungGen: 24917K->9524K(28672K)] [ParOldGen: 65238K->65238K(65536K)] 90156K->74762K(94208K) [PSPermGen: 5179K->5179K(21504K)], 0.0048970 secs] [Times: user=0.01 sys=0.00, real=0.01 secs] 
360.750: Total time for which application threads were stopped: 0.0050760 seconds, Stopping threads took: 0.0000930 seconds
360.910: Application time: 0.1601140 seconds
360.910: [Full GC [PSYoungGen: 25067K->9991K(28672K)] [ParOldGen: 65238K->65238K(65536K)] 90306K->75230K(94208K) [PSPermGen: 5179K->5179K(21504K)], 0.0051440 secs] [Times: user=0.02 sys=0.00, real=0.01 secs] 
360.915: Total time for which application threads were stopped: 0.0053160 seconds, Stopping threads took: 0.0000750 seconds
361.102: Application time: 0.1868610 seconds
361.102: [Full GC [PSYoungGen: 24909K->9919K(28672K)] [ParOldGen: 65238K->65238K(65536K)] 90147K->75158K(94208K) [PSPermGen: 5179K->5179K(21504K)], 0.0052370 secs] [Times: user=0.02 sys=0.00, real=0.01 secs] 
361.108: Total time for which application threads were stopped: 0.0053990 seconds, Stopping threads took: 0.0000740 seconds
361.314: Application time: 0.2060120 seconds
361.314: Total time for which application threads were stopped: 0.0000920 seconds, Stopping threads took: 0.0000700 seconds
361.315: Application time: 0.0011460 seconds
361.315: [Full GC [PSYoungGen: 25053K->9460K(28672K)] [ParOldGen: 65302K->65302K(65536K)] 90356K->74762K(94208K) [PSPermGen: 5179K->5179K(21504K)], 0.0049210 secs] [Times: user=0.02 sys=0.00, real=0.00 secs] 
361.320: Total time for which application threads were stopped: 0.0050520 seconds, Stopping threads took: 0.0000530 seconds
361.498: Application time: 0.1776780 seconds
361.498: [Full GC [PSYoungGen: 25039K->9389K(28672K)] [ParOldGen: 65437K->65373K(65536K)] 90476K->74762K(94208K) [PSPermGen: 5179K->5179K(21504K)], 0.0047420 secs] [Times: user=0.01 sys=0.00, real=0.00 secs] 
361.502: Total time for which application threads were stopped: 0.0049190 seconds, Stopping threads took: 0.0000750 seconds
361.685: Application time: 0.1823090 seconds
361.685: [Full GC [PSYoungGen: 24954K->9524K(28672K)] [ParOldGen: 65373K->65238K(65536K)] 90327K->74763K(94208K) [PSPermGen: 5179K->5179K(21504K)], 0.0050810 secs] [Times: user=0.02 sys=0.00, real=0.01 secs] 
361.690: Total time for which application threads were stopped: 0.0052450 seconds, Stopping threads took: 0.0000730 seconds
361.882: Application time: 0.1919350 seconds
361.882: [Full GC [PSYoungGen: 25033K->9920K(28672K)] [ParOldGen: 65238K->65238K(65536K)] 90272K->75158K(94208K) [PSPermGen: 5179K->5179K(21504K)], 0.0048520 secs] [Times: user=0.02 sys=0.00, real=0.01 secs] 
361.887: Total time for which application threads were stopped: 0.0050330 seconds, Stopping threads took: 0.0000930 seconds
362.061: Application time: 0.1744540 seconds
362.062: [Full GC [PSYoungGen: 25067K->9794K(28672K)] [ParOldGen: 65238K->65238K(65536K)] 90306K->75032K(94208K) [PSPermGen: 5179K->5179K(21504K)], 0.0051380 secs] [Times: user=0.02 sys=0.00, real=0.01 secs] 
362.067: Total time for which application threads were stopped: 0.0053130 seconds, Stopping threads took: 0.0000800 seconds
362.259: Application time: 0.1921250 seconds
362.259: [Full GC [PSYoungGen: 25068K->9992K(28672K)] [ParOldGen: 65238K->65238K(65536K)] 90306K->75230K(94208K) [PSPermGen: 5179K->5179K(21504K)], 0.0050920 secs] [Times: user=0.02 sys=0.00, real=0.00 secs] 
362.264: Total time for which application threads were stopped: 0.0052600 seconds, Stopping threads took: 0.0000820 seconds
362.455: Application time: 0.1903640 seconds
362.455: [Full GC [PSYoungGen: 24919K->9327K(28672K)] [ParOldGen: 65238K->65238K(65536K)] 90158K->74565K(94208K) [PSPermGen: 5179K->5179K(21504K)], 0.0050980 secs] [Times: user=0.02 sys=0.00, real=0.00 secs] 
362.460: Total time for which application threads were stopped: 0.0052740 seconds, Stopping threads took: 0.0000890 seconds
362.631: Application time: 0.1709980 seconds
362.631: [Full GC [PSYoungGen: 25036K->9920K(28672K)] [ParOldGen: 65238K->65238K(65536K)] 90274K->75158K(94208K) [PSPermGen: 5179K->5179K(21504K)], 0.0049470 secs] [Times: user=0.02 sys=0.00, real=0.01 secs] 
362.636: Total time for which application threads were stopped: 0.0051210 seconds, Stopping threads took: 0.0000780 seconds
362.826: Application time: 0.1898620 seconds
362.826: [Full GC [PSYoungGen: 25003K->9327K(28672K)] [ParOldGen: 65238K->65238K(65536K)] 90241K->74565K(94208K) [PSPermGen: 5179K->5179K(21504K)], 0.0051000 secs] [Times: user=0.02 sys=0.01, real=0.01 secs] 
362.831: Total time for which application threads were stopped: 0.0052680 seconds, Stopping threads took: 0.0000780 seconds
363.026: Application time: 0.1954290 seconds
363.027: [Full GC [PSYoungGen: 24921K->9722K(28672K)] [ParOldGen: 65238K->65238K(65536K)] 90159K->74961K(94208K) [PSPermGen: 5179K->5179K(21504K)], 0.0052770 secs] [Times: user=0.02 sys=0.00, real=0.00 secs] 
363.032: Total time for which application threads were stopped: 0.0054500 seconds, Stopping threads took: 0.0000840 seconds
363.218: Application time: 0.1862310 seconds
363.218: Total time for which application threads were stopped: 0.0001050 seconds, Stopping threads took: 0.0000780 seconds
363.218: Application time: 0.0000510 seconds
363.218: [Full GC [PSYoungGen: 24919K->9120K(28672K)] [ParOldGen: 65508K->65508K(65536K)] 90427K->74628K(94208K) [PSPermGen: 5179K->5179K(21504K)], 0.0049510 secs] [Times: user=0.02 sys=0.00, real=0.00 secs] 
363.223: Total time for which application threads were stopped: 0.0050770 seconds, Stopping threads took: 0.0000470 seconds
363.405: Application time: 0.1815720 seconds
363.405: [Full GC [PSYoungGen: 25008K->9794K(28672K)] [ParOldGen: 65508K->65238K(65536K)] 90516K->75033K(94208K) [PSPermGen: 5179K->5179K(21504K)], 0.0052030 secs] [Times: user=0.02 sys=0.00, real=0.01 secs] 
363.410: Total time for which application threads were stopped: 0.0053780 seconds, Stopping threads took: 0.0000850 seconds
363.616: Application time: 0.2053360 seconds
363.616: Total time for which application threads were stopped: 0.0000990 seconds, Stopping threads took: 0.0000760 seconds
363.617: Application time: 0.0006940 seconds
363.617: [Full GC [PSYoungGen: 25056K->9453K(28672K)] [ParOldGen: 65508K->65508K(65536K)] 90564K->74961K(94208K) [PSPermGen: 5179K->5179K(21504K)], 0.0050470 secs] [Times: user=0.02 sys=0.00, real=0.00 secs] 
363.622: Total time for which application threads were stopped: 0.0051720 seconds, Stopping threads took: 0.0000420 seconds
363.809: Application time: 0.1877960 seconds
363.810: Total time for which application threads were stopped: 0.0001110 seconds, Stopping threads took: 0.0000790 seconds
363.810: Application time: 0.0000440 seconds
363.810: [Full GC [PSYoungGen: 25063K->8725K(28672K)] [ParOldGen: 65508K->65238K(65536K)] 90571K->73964K(94208K) [PSPermGen: 5179K->5179K(21504K)], 0.0051700 secs] [Times: user=0.02 sys=0.00, real=0.01 secs] 
363.815: Total time for which application threads were stopped: 0.0052980 seconds, Stopping threads took: 0.0000490 seconds
363.995: Application time: 0.1798520 seconds
363.995: Total time for which application threads were stopped: 0.0000980 seconds, Stopping threads took: 0.0000740 seconds
363.995: Application time: 0.0005470 seconds
363.996: [Full GC [PSYoungGen: 25066K->9659K(28672K)] [ParOldGen: 65302K->65302K(65536K)] 90368K->74961K(94208K) [PSPermGen: 5179K->5179K(21504K)], 0.0049100 secs] [Times: user=0.02 sys=0.00, real=0.00 secs] 
364.000: Total time for which application threads were stopped: 0.0050470 seconds, Stopping threads took: 0.0000560 seconds
364.206: Application time: 0.2054570 seconds
364.206: [Full GC [PSYoungGen: 25006K->9525K(28672K)] [ParOldGen: 65437K->65238K(65536K)] 90444K->74764K(94208K) [PSPermGen: 5179K->5179K(21504K)], 0.0051510 secs] [Times: user=0.02 sys=0.00, real=0.00 secs] 
364.211: Total time for which application threads were stopped: 0.0053150 seconds, Stopping threads took: 0.0000760 seconds
364.384: Application time: 0.1722830 seconds
364.384: [Full GC [PSYoungGen: 24983K->10190K(28672K)] [ParOldGen: 65238K->65238K(65536K)] 90221K->75429K(94208K) [PSPermGen: 5179K->5179K(21504K)], 0.0051830 secs] [Times: user=0.02 sys=0.00, real=0.01 secs] 
364.389: Total time for which application threads were stopped: 0.0053630 seconds, Stopping threads took: 0.0000840 seconds
364.567: Application time: 0.1776820 seconds
364.567: Total time for which application threads were stopped: 0.0000910 seconds, Stopping threads took: 0.0000710 seconds
364.567: Application time: 0.0001170 seconds
364.567: [Full GC [PSYoungGen: 24984K->9391K(28672K)] [ParOldGen: 65373K->65373K(65536K)] 90357K->74764K(94208K) [PSPermGen: 5179K->5179K(21504K)], 0.0052750 secs] [Times: user=0.02 sys=0.00, real=0.00 secs] 
364.572: Total time for which application threads were stopped: 0.0053890 seconds, Stopping threads took: 0.0000380 seconds
364.757: Application time: 0.1846870 seconds
364.757: [Full GC [PSYoungGen: 24874K->9526K(28672K)] [ParOldGen: 65373K->65238K(65536K)] 90247K->74764K(94208K) [PSPermGen: 5179K->5179K(21504K)], 0.0051540 secs] [Times: user=0.02 sys=0.00, real=0.00 secs] 
364.762: Total time for which application threads were stopped: 0.0053170 seconds, Stopping threads took: 0.0000750 seconds
364.959: Application time: 0.1965080 seconds
364.959: [Full GC [PSYoungGen: 24921K->9526K(28672K)] [ParOldGen: 65238K->65238K(65536K)] 90160K->74764K(94208K) [PSPermGen: 5179K->5179K(21504K)], 0.0050840 secs] [Times: user=0.02 sys=0.00, real=0.00 secs] 
364.964: Total time for which application threads were stopped: 0.0052550 seconds, Stopping threads took: 0.0000760 seconds
365.142: Application time: 0.1784610 seconds
365.143: [Full GC [PSYoungGen: 25057K->9463K(28672K)] [ParOldGen: 65238K->65238K(65536K)] 90296K->74701K(94208K) [PSPermGen: 5179K->5179K(21504K)], 0.0046800 secs] [Times: user=0.02 sys=0.00, real=0.01 secs] 
365.147: Total time for which application threads were stopped: 0.0048390 seconds, Stopping threads took: 0.0000720 seconds
365.341: Application time: 0.1940960 seconds
365.341: [Full GC [PSYoungGen: 25059K->9858K(28672K)] [ParOldGen: 65238K->65238K(65536K)] 90297K->75097K(94208K) [PSPermGen: 5179K->5179K(21504K)], 0.0051300 secs] [Times: user=0.02 sys=0.00, real=0.01 secs] 
365.347: Total time for which application threads were stopped: 0.0052930 seconds, Stopping threads took: 0.0000750 seconds
365.539: Application time: 0.1927060 seconds
365.540: [Full GC [PSYoungGen: 24985K->9993K(28672K)] [ParOldGen: 65238K->65238K(65536K)] 90224K->75232K(94208K) [PSPermGen: 5179K->5179K(21504K)], 0.0051150 secs] [Times: user=0.02 sys=0.00, real=0.00 secs] 
365.545: Total time for which application threads were stopped: 0.0052890 seconds, Stopping threads took: 0.0000770 seconds
365.722: Application time: 0.1770390 seconds
365.722: [Full GC [PSYoungGen: 25007K->9328K(28672K)] [ParOldGen: 65238K->65238K(65536K)] 90246K->74567K(94208K) [PSPermGen: 5179K->5179K(21504K)], 0.0052900 secs] [Times: user=0.02 sys=0.00, real=0.01 secs] 
365.727: Total time for which application threads were stopped: 0.0054510 seconds, Stopping threads took: 0.0000750 seconds
365.913: Application time: 0.1855080 seconds
365.913: [Full GC [PSYoungGen: 25005K->9724K(28672K)] [ParOldGen: 65238K->65238K(65536K)] 90244K->74962K(94208K) [PSPermGen: 5179K->5179K(21504K)], 0.0050810 secs] [Times: user=0.02 sys=0.00, real=0.01 secs] 
365.918: Total time for which application threads were stopped: 0.0052450 seconds, Stopping threads took: 0.0000760 seconds
366.102: Application time: 0.1838840 seconds
366.102: [Full GC [PSYoungGen: 24984K->9796K(28672K)] [ParOldGen: 65238K->65238K(65536K)] 90222K->75034K(94208K) [PSPermGen: 5179K->5179K(21504K)], 0.0052820 secs] [Times: user=0.02 sys=0.00, real=0.01 secs] 
366.107: Total time for which application threads were stopped: 0.0054670 seconds, Stopping threads took: 0.0000870 seconds
366.287: Application time: 0.1794600 seconds
366.287: [Full GC [PSYoungGen: 25035K->9922K(28672K)] [ParOldGen: 65238K->65238K(65536K)] 90274K->75160K(94208K) [PSPermGen: 5179K->5179K(21504K)], 0.0049740 secs] [Times: user=0.02 sys=0.00, real=0.00 secs] 
366.292: Total time for which application threads were stopped: 0.0051290 seconds, Stopping threads took: 0.0000690 seconds
366.487: Application time: 0.1954810 seconds
366.487: [Full GC [PSYoungGen: 25044K->9661K(28672K)] [ParOldGen: 65238K->65238K(65536K)] 90282K->74900K(94208K) [PSPermGen: 5179K->5179K(21504K)], 0.0053900 secs] [Times: user=0.01 sys=0.00, real=0.00 secs] 
366.493: Total time for which application threads were stopped: 0.0055690 seconds, Stopping threads took: 0.0000910 seconds
366.669: Application time: 0.1761380 seconds
366.669: [Full GC [PSYoungGen: 25070K->10191K(28672K)] [ParOldGen: 65238K->65238K(65536K)] 90309K->75430K(94208K) [PSPermGen: 5179K->5179K(21504K)], 0.0052410 secs] [Times: user=0.02 sys=0.00, real=0.01 secs] 
366.674: Total time for which application threads were stopped: 0.0054220 seconds, Stopping threads took: 0.0000840 seconds
366.865: Application time: 0.1908660 seconds
366.865: Total time for which application threads were stopped: 0.0001090 seconds, Stopping threads took: 0.0000850 seconds
366.866: Application time: 0.0005560 seconds
366.866: [Full GC [PSYoungGen: 25063K->8869K(28672K)] [ParOldGen: 65302K->65302K(65536K)] 90365K->74172K(94208K) [PSPermGen: 5179K->5179K(21504K)], 0.0051280 secs] [Times: user=0.01 sys=0.01, real=0.00 secs] 
366.871: Total time for which application threads were stopped: 0.0052440 seconds, Stopping threads took: 0.0000400 seconds
367.036: Application time: 0.1646610 seconds
367.036: [Full GC [PSYoungGen: 25069K->9922K(28672K)] [ParOldGen: 65302K->65238K(65536K)] 90371K->75160K(94208K) [PSPermGen: 5179K->5179K(21504K)], 0.0051860 secs] [Times: user=0.02 sys=0.00, real=0.00 secs] 
367.041: Total time for which application threads were stopped: 0.0053530 seconds, Stopping threads took: 0.0000800 seconds
367.240: Application time: 0.1985580 seconds
367.240: Total time for which application threads were stopped: 0.0001190 seconds, Stopping threads took: 0.0000850 seconds
367.242: Application time: 0.0016100 seconds
367.242: [Full GC [PSYoungGen: 25068K->9185K(28672K)] [ParOldGen: 65373K->65373K(65536K)] 90442K->74558K(94208K) [PSPermGen: 5179K->5179K(21504K)], 0.0048670 secs] [Times: user=0.02 sys=0.00, real=0.01 secs] 
367.247: Total time for which application threads were stopped: 0.0049860 seconds, Stopping threads took: 0.0000390 seconds
367.464: Application time: 0.2176030 seconds
367.464: [Full GC [PSYoungGen: 25061K->9392K(28672K)] [ParOldGen: 65508K->65373K(65536K)] 90569K->74765K(94208K) [PSPermGen: 5179K->5179K(21504K)], 0.0051260 secs] [Times: user=0.02 sys=0.00, real=0.01 secs] 
367.469: Total time for which application threads were stopped: 0.0052820 seconds, Stopping threads took: 0.0000680 seconds
367.629: Application time: 0.1591520 seconds
367.629: [Full GC [PSYoungGen: 24994K->9329K(28672K)] [ParOldGen: 65373K->65238K(65536K)] 90368K->74568K(94208K) [PSPermGen: 5179K->5179K(21504K)], 0.0051520 secs] [Times: user=0.02 sys=0.00, real=0.00 secs] 
367.634: Total time for which application threads were stopped: 0.0053180 seconds, Stopping threads took: 0.0000810 seconds
367.832: Application time: 0.1980870 seconds
367.832: Total time for which application threads were stopped: 0.0001080 seconds, Stopping threads took: 0.0000780 seconds
367.833: Application time: 0.0004040 seconds
367.833: [Full GC [PSYoungGen: 25008K->9518K(28672K)] [ParOldGen: 65508K->65508K(65536K)] 90516K->75026K(94208K) [PSPermGen: 5179K->5179K(21504K)], 0.0051030 secs] [Times: user=0.02 sys=0.00, real=0.01 secs] 
367.838: Total time for which application threads were stopped: 0.0052220 seconds, Stopping threads took: 0.0000360 seconds
368.034: Application time: 0.1965020 seconds
368.034: [Full GC [PSYoungGen: 25038K->9797K(28672K)] [ParOldGen: 65508K->65238K(65536K)] 90546K->75035K(94208K) [PSPermGen: 5179K->5179K(21504K)], 0.0050030 secs] [Times: user=0.02 sys=0.00, real=0.00 secs] 
368.039: Total time for which application threads were stopped: 0.0051660 seconds, Stopping threads took: 0.0000730 seconds
368.227: Application time: 0.1878830 seconds
368.227: [Full GC [PSYoungGen: 25006K->9527K(28672K)] [ParOldGen: 65238K->65238K(65536K)] 90245K->74766K(94208K) [PSPermGen: 5179K->5179K(21504K)], 0.0050260 secs] [Times: user=0.02 sys=0.00, real=0.00 secs] 
368.232: Total time for which application threads were stopped: 0.0051900 seconds, Stopping threads took: 0.0000780 seconds
368.425: Application time: 0.1926330 seconds
368.425: Total time for which application threads were stopped: 0.0001210 seconds, Stopping threads took: 0.0000820 seconds
368.426: Application time: 0.0008000 seconds
368.426: [Full GC [PSYoungGen: 25017K->8727K(28672K)] [ParOldGen: 65508K->65508K(65536K)] 90525K->74235K(94208K) [PSPermGen: 5179K->5179K(21504K)], 0.0050060 secs] [Times: user=0.02 sys=0.00, real=0.00 secs] 
368.431: Total time for which application threads were stopped: 0.0051370 seconds, Stopping threads took: 0.0000500 seconds
368.625: Application time: 0.1934780 seconds
368.625: Total time for which application threads were stopped: 0.0000840 seconds, Stopping threads took: 0.0000600 seconds
368.626: Application time: 0.0010700 seconds
368.626: [Full GC [PSYoungGen: 25062K->9312K(28672K)] [ParOldGen: 65508K->65238K(65536K)] 90570K->74550K(94208K) [PSPermGen: 5179K->5179K(21504K)], 0.0051950 secs] [Times: user=0.02 sys=0.00, real=0.01 secs] 
368.631: Total time for which application threads were stopped: 0.0053210 seconds, Stopping threads took: 0.0000450 seconds
368.822: Application time: 0.1908830 seconds
368.822: [Full GC [PSYoungGen: 25060K->9258K(28672K)] [ParOldGen: 65508K->65508K(65536K)] 90568K->74766K(94208K) [PSPermGen: 5179K->5179K(21504K)], 0.0050520 secs] [Times: user=0.02 sys=0.00, real=0.01 secs] 
368.827: Total time for which application threads were stopped: 0.0052160 seconds, Stopping threads took: 0.0000770 seconds
369.020: Application time: 0.1931920 seconds
369.022: [Full GC [PSYoungGen: 25057K->9123K(28672K)] [ParOldGen: 65508K->65238K(65536K)] 90565K->74362K(94208K) [PSPermGen: 5179K->5179K(21504K)], 0.0053270 secs] [Times: user=0.02 sys=0.00, real=0.01 secs] 
369.027: Total time for which application threads were stopped: 0.0070060 seconds, Stopping threads took: 0.0015750 seconds
369.220: Application time: 0.1929030 seconds
369.220: [Full GC [PSYoungGen: 24935K->9330K(28672K)] [ParOldGen: 65238K->65238K(65536K)] 90174K->74568K(94208K) [PSPermGen: 5179K->5179K(21504K)], 0.0051300 secs] [Times: user=0.02 sys=0.00, real=0.00 secs] 
369.226: Total time for which application threads were stopped: 0.0053120 seconds, Stopping threads took: 0.0000940 seconds
369.416: Application time: 0.1908170 seconds
369.417: [Full GC [PSYoungGen: 25008K->9528K(28672K)] [ParOldGen: 65238K->65238K(65536K)] 90247K->74766K(94208K) [PSPermGen: 5179K->5179K(21504K)], 0.0051740 secs] [Times: user=0.02 sys=0.00, real=0.00 secs] 
369.422: Total time for which application threads were stopped: 0.0053410 seconds, Stopping threads took: 0.0000770 seconds
369.599: Application time: 0.1770030 seconds
369.599: Total time for which application threads were stopped: 0.0001070 seconds, Stopping threads took: 0.0000680 seconds
369.602: Application time: 0.0030400 seconds
369.602: [Full GC [PSYoungGen: 24989K->9986K(28672K)] [ParOldGen: 65373K->65373K(65536K)] 90362K->75359K(94208K) [PSPermGen: 5179K->5179K(21504K)], 0.0051110 secs] [Times: user=0.02 sys=0.00, real=0.01 secs] 
369.607: Total time for which application threads were stopped: 0.0052500 seconds, Stopping threads took: 0.0000590 seconds
369.788: Application time: 0.1808110 seconds
369.788: [Full GC [PSYoungGen: 25059K->9726K(28672K)] [ParOldGen: 65508K->65373K(65536K)] 90567K->75099K(94208K) [PSPermGen: 5179K->5179K(21504K)], 0.0051940 secs] [Times: user=0.02 sys=0.00, real=0.00 secs] 
369.793: Total time for which application threads were stopped: 0.0053570 seconds, Stopping threads took: 0.0000780 seconds
369.983: Application time: 0.1895430 seconds
369.983: [Full GC [PSYoungGen: 24972K->9797K(28672K)] [ParOldGen: 65373K->65238K(65536K)] 90345K->75036K(94208K) [PSPermGen: 5179K->5179K(21504K)], 0.0048650 secs] [Times: user=0.01 sys=0.00, real=0.01 secs] 
369.988: Total time for which application threads were stopped: 0.0050650 seconds, Stopping threads took: 0.0001110 seconds
370.180: Application time: 0.1922250 seconds
370.180: Total time for which application threads were stopped: 0.0001100 seconds, Stopping threads took: 0.0000720 seconds
370.181: Application time: 0.0006750 seconds
370.181: [Full GC [PSYoungGen: 25067K->9266K(28672K)] [ParOldGen: 65302K->65302K(65536K)] 90370K->74569K(94208K) [PSPermGen: 5179K->5179K(21504K)], 0.0067880 secs] [Times: user=0.03 sys=0.00, real=0.01 secs] 
370.188: Total time for which application threads were stopped: 0.0069290 seconds, Stopping threads took: 0.0000590 seconds
370.369: Application time: 0.1810420 seconds
370.369: [Full GC [PSYoungGen: 24947K->9726K(28672K)] [ParOldGen: 65302K->65238K(65536K)] 90249K->74964K(94208K) [PSPermGen: 5179K->5179K(21504K)], 0.0049440 secs] [Times: user=0.02 sys=0.00, real=0.01 secs] 
370.374: Total time for which application threads were stopped: 0.0051120 seconds, Stopping threads took: 0.0000820 seconds
370.575: Application time: 0.2013030 seconds
370.576: [Full GC [PSYoungGen: 24914K->9924K(28672K)] [ParOldGen: 65238K->65238K(65536K)] 90152K->75162K(94208K) [PSPermGen: 5179K->5179K(21504K)], 0.0051090 secs] [Times: user=0.02 sys=0.00, real=0.00 secs] 
370.581: Total time for which application threads were stopped: 0.0052760 seconds, Stopping threads took: 0.0000790 seconds
370.753: Application time: 0.1719050 seconds
370.753: [Full GC [PSYoungGen: 25063K->10193K(28672K)] [ParOldGen: 65238K->65238K(65536K)] 90302K->75432K(94208K) [PSPermGen: 5179K->5179K(21504K)], 0.0052110 secs] [Times: user=0.02 sys=0.01, real=0.01 secs] 
370.758: Total time for which application threads were stopped: 0.0053960 seconds, Stopping threads took: 0.0000780 seconds
370.941: Application time: 0.1834020 seconds
370.942: [Full GC [PSYoungGen: 25047K->9663K(28672K)] [ParOldGen: 65238K->65238K(65536K)] 90285K->74902K(94208K) [PSPermGen: 5179K->5179K(21504K)], 0.0052090 secs] [Times: user=0.02 sys=0.00, real=0.01 secs] 
370.947: Total time for which application threads were stopped: 0.0053810 seconds, Stopping threads took: 0.0000750 seconds
371.149: Application time: 0.2022040 seconds
371.149: Total time for which application threads were stopped: 0.0001110 seconds, Stopping threads took: 0.0000910 seconds
371.150: Application time: 0.0005380 seconds
371.150: [Full GC [PSYoungGen: 24999K->9394K(28672K)] [ParOldGen: 65373K->65373K(65536K)] 90372K->74767K(94208K) [PSPermGen: 5179K->5179K(21504K)], 0.0049240 secs] [Times: user=0.02 sys=0.00, real=0.01 secs] 
371.155: Total time for which application threads were stopped: 0.0050460 seconds, Stopping threads took: 0.0000430 seconds
371.320: Application time: 0.1657490 seconds
371.321: Total time for which application threads were stopped: 0.0001150 seconds, Stopping threads took: 0.0000890 seconds
371.321: Application time: 0.0000430 seconds
371.321: [Full GC [PSYoungGen: 25061K->9187K(28672K)] [ParOldGen: 65508K->65373K(65536K)] 90569K->74560K(94208K) [PSPermGen: 5179K->5179K(21504K)], 0.0048880 secs] [Times: user=0.02 sys=0.00, real=0.00 secs] 
371.326: Total time for which application threads were stopped: 0.0049960 seconds, Stopping threads took: 0.0000310 seconds
371.326: Application time: 0.0000380 seconds
371.326: [Full GC [PSYoungGen: 9322K->9322K(28672K)] [ParOldGen: 65373K->65373K(65536K)] 74695K->74695K(94208K) [PSPermGen: 5179K->5179K(21504K)], 0.0040980 secs] [Times: user=0.02 sys=0.00, real=0.01 secs] 
371.330: Total time for which application threads were stopped: 0.0042390 seconds, Stopping threads took: 0.0000700 seconds
371.527: Application time: 0.1966490 seconds
371.527: [Full GC [PSYoungGen: 24875K->9529K(28672K)] [ParOldGen: 65373K->65238K(65536K)] 90248K->74767K(94208K) [PSPermGen: 5179K->5179K(21504K)], 0.0049760 secs] [Times: user=0.02 sys=0.00, real=0.00 secs] 
371.532: Total time for which application threads were stopped: 0.0051410 seconds, Stopping threads took: 0.0000750 seconds
371.720: Application time: 0.1881070 seconds
371.720: [Full GC [PSYoungGen: 24842K->9529K(28672K)] [ParOldGen: 65238K->65238K(65536K)] 90080K->74767K(94208K) [PSPermGen: 5179K->5179K(21504K)], 0.0048770 secs] [Times: user=0.01 sys=0.00, real=0.00 secs] 
371.725: Total time for which application threads were stopped: 0.0050490 seconds, Stopping threads took: 0.0000850 seconds
371.905: Application time: 0.1804770 seconds
371.905: [Full GC [PSYoungGen: 25008K->9331K(28672K)] [ParOldGen: 65238K->65238K(65536K)] 90246K->74570K(94208K) [PSPermGen: 5179K->5179K(21504K)], 0.0053090 secs] [Times: user=0.02 sys=0.00, real=0.01 secs] 
371.911: Total time for which application threads were stopped: 0.0054930 seconds, Stopping threads took: 0.0000850 seconds
372.113: Application time: 0.2026420 seconds
372.114: [Full GC [PSYoungGen: 24999K->9798K(28672K)] [ParOldGen: 65238K->65238K(65536K)] 90238K->75037K(94208K) [PSPermGen: 5179K->5179K(21504K)], 0.0049480 secs] [Times: user=0.02 sys=0.00, real=0.01 secs] 
372.119: Total time for which application threads were stopped: 0.0051100 seconds, Stopping threads took: 0.0000770 seconds
372.282: Application time: 0.1630690 seconds
372.282: [Full GC [PSYoungGen: 25071K->9996K(28672K)] [ParOldGen: 65238K->65238K(65536K)] 90309K->75235K(94208K) [PSPermGen: 5179K->5179K(21504K)], 0.0049640 secs] [Times: user=0.02 sys=0.00, real=0.01 secs] 
372.287: Total time for which application threads were stopped: 0.0051400 seconds, Stopping threads took: 0.0000870 seconds
372.477: Application time: 0.1898270 seconds
372.477: [Full GC [PSYoungGen: 25036K->9529K(28672K)] [ParOldGen: 65238K->65238K(65536K)] 90274K->74768K(94208K) [PSPermGen: 5179K->5179K(21504K)], 0.0048810 secs] [Times: user=0.02 sys=0.00, real=0.00 secs] 
372.482: Total time for which application threads were stopped: 0.0050570 seconds, Stopping threads took: 0.0000790 seconds
372.676: Application time: 0.1947750 seconds
372.677: Total time for which application threads were stopped: 0.0000990 seconds, Stopping threads took: 0.0000780 seconds
372.678: Application time: 0.0016950 seconds
372.678: [Full GC [PSYoungGen: 25062K->9655K(28672K)] [ParOldGen: 65508K->65508K(65536K)] 90570K->75163K(94208K) [PSPermGen: 5179K->5179K(21504K)], 0.0049960 secs] [Times: user=0.02 sys=0.00, real=0.00 secs] 
372.683: Total time for which application threads were stopped: 0.0051380 seconds, Stopping threads took: 0.0000610 seconds
372.860: Application time: 0.1765020 seconds
372.860: [Full GC [PSYoungGen: 24999K->9996K(28672K)] [ParOldGen: 65508K->65238K(65536K)] 90507K->75235K(94208K) [PSPermGen: 5179K->5179K(21504K)], 0.0050650 secs] [Times: user=0.02 sys=0.00, real=0.00 secs] 
372.865: Total time for which application threads were stopped: 0.0052500 seconds, Stopping threads took: 0.0000960 seconds
373.068: Application time: 0.2027880 seconds
373.068: [Full GC [PSYoungGen: 24998K->9727K(28672K)] [ParOldGen: 65238K->65238K(65536K)] 90237K->74966K(94208K) [PSPermGen: 5179K->5179K(21504K)], 0.0051540 secs] [Times: user=0.02 sys=0.00, real=0.00 secs] 
373.073: Total time for which application threads were stopped: 0.0053260 seconds, Stopping threads took: 0.0000760 seconds
373.248: Application time: 0.1747730 seconds
373.248: [Full GC [PSYoungGen: 24918K->10122K(28672K)] [ParOldGen: 65238K->65238K(65536K)] 90157K->75361K(94208K) [PSPermGen: 5179K->5179K(21504K)], 0.0051300 secs] [Times: user=0.02 sys=0.00, real=0.00 secs] 
373.253: Total time for which application threads were stopped: 0.0052940 seconds, Stopping threads took: 0.0000780 seconds
373.446: Application time: 0.1925400 seconds
373.446: Total time for which application threads were stopped: 0.0001090 seconds, Stopping threads took: 0.0000780 seconds
373.446: Application time: 0.0004950 seconds
373.447: [Full GC [PSYoungGen: 25070K->9197K(28672K)] [ParOldGen: 65373K->65373K(65536K)] 90443K->74570K(94208K) [PSPermGen: 5179K->5179K(21504K)], 0.0052190 secs] [Times: user=0.02 sys=0.00, real=0.00 secs] 
373.452: Total time for which application threads were stopped: 0.0053590 seconds, Stopping threads took: 0.0000580 seconds
373.662: Application time: 0.2104460 seconds
373.662: Total time for which application threads were stopped: 0.0001060 seconds, Stopping threads took: 0.0000770 seconds
373.663: Application time: 0.0005330 seconds
373.663: [Full GC [PSYoungGen: 24987K->8793K(28672K)] [ParOldGen: 65508K->65373K(65536K)] 90495K->74166K(94208K) [PSPermGen: 5179K->5179K(21504K)], 0.0047460 secs] [Times: user=0.01 sys=0.00, real=0.01 secs] 
373.668: Total time for which application threads were stopped: 0.0048500 seconds, Stopping threads took: 0.0000310 seconds
373.840: Application time: 0.1724760 seconds
373.840: [Full GC [PSYoungGen: 25073K->9395K(28672K)] [ParOldGen: 65508K->65373K(65536K)] 90581K->74768K(94208K) [PSPermGen: 5179K->5179K(21504K)], 0.0050810 secs] [Times: user=0.02 sys=0.00, real=0.00 secs] 
373.845: Total time for which application threads were stopped: 0.0052410 seconds, Stopping threads took: 0.0000710 seconds
374.039: Application time: 0.1932770 seconds
374.039: [Full GC [PSYoungGen: 24875K->9530K(28672K)] [ParOldGen: 65373K->65238K(65536K)] 90248K->74768K(94208K) [PSPermGen: 5179K->5179K(21504K)], 0.0051700 secs] [Times: user=0.02 sys=0.00, real=0.00 secs] 
374.044: Total time for which application threads were stopped: 0.0053320 seconds, Stopping threads took: 0.0000710 seconds
374.246: Application time: 0.2016420 seconds
374.246: [Full GC [PSYoungGen: 25059K->9467K(28672K)] [ParOldGen: 65238K->65238K(65536K)] 90298K->74705K(94208K) [PSPermGen: 5179K->5179K(21504K)], 0.0052810 secs] [Times: user=0.02 sys=0.00, real=0.01 secs] 
374.251: Total time for which application threads were stopped: 0.0054560 seconds, Stopping threads took: 0.0000790 seconds
374.433: Application time: 0.1815940 seconds
374.433: [Full GC [PSYoungGen: 25084K->9800K(28672K)] [ParOldGen: 65238K->65238K(65536K)] 90322K->75038K(94208K) [PSPermGen: 5179K->5179K(21504K)], 0.0053020 secs] [Times: user=0.02 sys=0.01, real=0.01 secs] 
374.438: Total time for which application threads were stopped: 0.0054700 seconds, Stopping threads took: 0.0000720 seconds
374.630: Application time: 0.1918680 seconds
374.630: [Full GC [PSYoungGen: 24927K->9530K(28672K)] [ParOldGen: 65238K->65238K(65536K)] 90165K->74769K(94208K) [PSPermGen: 5179K->5179K(21504K)], 0.0052480 secs] [Times: user=0.02 sys=0.00, real=0.01 secs] 
374.636: Total time for which application threads were stopped: 0.0054120 seconds, Stopping threads took: 0.0000780 seconds
374.819: Application time: 0.1835210 seconds
374.819: [Full GC [PSYoungGen: 24988K->9997K(28672K)] [ParOldGen: 65238K->65238K(65536K)] 90226K->75236K(94208K) [PSPermGen: 5179K->5179K(21504K)], 0.0052940 secs] [Times: user=0.02 sys=0.00, real=0.00 secs] 
374.825: Total time for which application threads were stopped: 0.0054500 seconds, Stopping threads took: 0.0000570 seconds
374.997: Application time: 0.1729540 seconds
374.998: [Full GC [PSYoungGen: 25049K->9863K(28672K)] [ParOldGen: 65238K->65238K(65536K)] 90287K->75101K(94208K) [PSPermGen: 5179K->5179K(21504K)], 0.0052240 secs] [Times: user=0.02 sys=0.00, real=0.00 secs] 
375.003: Total time for which application threads were stopped: 0.0054050 seconds, Stopping threads took: 0.0000930 seconds
375.198: Application time: 0.1953360 seconds
375.198: Total time for which application threads were stopped: 0.0001100 seconds, Stopping threads took: 0.0000870 seconds
375.198: Application time: 0.0001050 seconds
375.199: [Full GC [PSYoungGen: 25048K->9126K(28672K)] [ParOldGen: 65508K->65508K(65536K)] 90556K->74634K(94208K) [PSPermGen: 5179K->5179K(21504K)], 0.0047810 secs] [Times: user=0.02 sys=0.00, real=0.00 secs] 
375.203: Total time for which application threads were stopped: 0.0049060 seconds, Stopping threads took: 0.0000480 seconds
375.375: Application time: 0.1721110 seconds
375.376: [Full GC [PSYoungGen: 25012K->9800K(28672K)] [ParOldGen: 65508K->65238K(65536K)] 90520K->75038K(94208K) [PSPermGen: 5179K->5179K(21504K)], 0.0050620 secs] [Times: user=0.02 sys=0.00, real=0.00 secs] 
375.381: Total time for which application threads were stopped: 0.0052380 seconds, Stopping threads took: 0.0000790 seconds
375.566: Application time: 0.1856050 seconds
375.566: [Full GC [PSYoungGen: 25000K->9926K(28672K)] [ParOldGen: 65238K->65238K(65536K)] 90238K->75164K(94208K) [PSPermGen: 5179K->5179K(21504K)], 0.0048740 secs] [Times: user=0.02 sys=0.00, real=0.00 secs] 
375.571: Total time for which application threads were stopped: 0.0050240 seconds, Stopping threads took: 0.0000610 seconds
375.750: Application time: 0.1785760 seconds
375.750: [Full GC [PSYoungGen: 25052K->9863K(28672K)] [ParOldGen: 65238K->65238K(65536K)] 90291K->75102K(94208K) [PSPermGen: 5179K->5179K(21504K)], 0.0052920 secs] [Times: user=0.02 sys=0.00, real=0.01 secs] 
375.755: Total time for which application threads were stopped: 0.0054710 seconds, Stopping threads took: 0.0000760 seconds
375.926: Application time: 0.1704740 seconds
375.926: [Full GC [PSYoungGen: 25074K->9998K(28672K)] [ParOldGen: 65238K->65238K(65536K)] 90313K->75236K(94208K) [PSPermGen: 5179K->5179K(21504K)], 0.0050750 secs] [Times: user=0.02 sys=0.00, real=0.00 secs] 
375.931: Total time for which application threads were stopped: 0.0052470 seconds, Stopping threads took: 0.0000730 seconds
376.137: Application time: 0.2062860 seconds
376.138: [Full GC [PSYoungGen: 24842K->9333K(28672K)] [ParOldGen: 65238K->65238K(65536K)] 90080K->74572K(94208K) [PSPermGen: 5179K->5179K(21504K)], 0.0048050 secs] [Times: user=0.02 sys=0.00, real=0.00 secs] 
376.142: Total time for which application threads were stopped: 0.0049770 seconds, Stopping threads took: 0.0000840 seconds
376.329: Application time: 0.1861710 seconds
376.329: [Full GC [PSYoungGen: 25064K->9666K(28672K)] [ParOldGen: 65238K->65238K(65536K)] 90302K->74904K(94208K) [PSPermGen: 5179K->5179K(21504K)], 0.0051890 secs] [Times: user=0.02 sys=0.00, real=0.00 secs] 
376.334: Total time for which application threads were stopped: 0.0053660 seconds, Stopping threads took: 0.0000850 seconds
376.523: Application time: 0.1892390 seconds
376.523: Total time for which application threads were stopped: 0.0001140 seconds, Stopping threads took: 0.0000740 seconds
376.523: Application time: 0.0002140 seconds
376.524: [Full GC [PSYoungGen: 25085K->9189K(28672K)] [ParOldGen: 65373K->65373K(65536K)] 90459K->74563K(94208K) [PSPermGen: 5179K->5179K(21504K)], 0.0049780 secs] [Times: user=0.01 sys=0.00, real=0.01 secs] 
376.529: Total time for which application threads were stopped: 0.0050990 seconds, Stopping threads took: 0.0000420 seconds
376.728: Application time: 0.1993300 seconds
376.728: [Full GC [PSYoungGen: 25071K->10124K(28672K)] [ParOldGen: 65508K->65373K(65536K)] 90579K->75497K(94208K) [PSPermGen: 5179K->5179K(21504K)], 0.0051330 secs] [Times: user=0.02 sys=0.00, real=0.00 secs] 
376.733: Total time for which application threads were stopped: 0.0052960 seconds, Stopping threads took: 0.0000760 seconds
376.920: Application time: 0.1869470 seconds
376.920: Total time for which application threads were stopped: 0.0001000 seconds, Stopping threads took: 0.0000770 seconds
376.920: Application time: 0.0001320 seconds
376.920: [Full GC [PSYoungGen: 25053K->9792K(28672K)] [ParOldGen: 65508K->65373K(65536K)] 90562K->75165K(94208K) [PSPermGen: 5179K->5179K(21504K)], 0.0051460 secs] [Times: user=0.02 sys=0.00, real=0.00 secs] 
376.926: Total time for which application threads were stopped: 0.0052680 seconds, Stopping threads took: 0.0000410 seconds
377.093: Application time: 0.1670330 seconds
377.093: [Full GC [PSYoungGen: 24864K->9729K(28672K)] [ParOldGen: 65373K->65238K(65536K)] 90238K->74967K(94208K) [PSPermGen: 5179K->5179K(21504K)], 0.0051430 secs] [Times: user=0.02 sys=0.00, real=0.01 secs] 
377.098: Total time for which application threads were stopped: 0.0053150 seconds, Stopping threads took: 0.0000660 seconds
377.300: Application time: 0.2023640 seconds
377.301: [Full GC [PSYoungGen: 25040K->9729K(28672K)] [ParOldGen: 65238K->65238K(65536K)] 90279K->74967K(94208K) [PSPermGen: 5179K->5179K(21504K)], 0.0048770 secs] [Times: user=0.02 sys=0.00, real=0.00 secs] 
377.305: Total time for which application threads were stopped: 0.0050440 seconds, Stopping threads took: 0.0000750 seconds
377.477: Application time: 0.1717850 seconds
377.477: [Full GC [PSYoungGen: 24988K->9801K(28672K)] [ParOldGen: 65238K->65238K(65536K)] 90227K->75039K(94208K) [PSPermGen: 5179K->5179K(21504K)], 0.0049690 secs] [Times: user=0.02 sys=0.00, real=0.00 secs] 
377.482: Total time for which application threads were stopped: 0.0051390 seconds, Stopping threads took: 0.0000830 seconds
377.681: Application time: 0.1990140 seconds
377.682: [Full GC [PSYoungGen: 24990K->9999K(28672K)] [ParOldGen: 65238K->65238K(65536K)] 90229K->75237K(94208K) [PSPermGen: 5179K->5179K(21504K)], 0.0049680 secs] [Times: user=0.02 sys=0.00, real=0.01 secs] 
377.687: Total time for which application threads were stopped: 0.0051420 seconds, Stopping threads took: 0.0000800 seconds
377.847: Application time: 0.1606520 seconds
377.847: [Full GC [PSYoungGen: 24916K->9927K(28672K)] [ParOldGen: 65238K->65238K(65536K)] 90155K->75165K(94208K) [PSPermGen: 5179K->5179K(21504K)], 0.0050970 secs] [Times: user=0.02 sys=0.00, real=0.00 secs] 
377.852: Total time for which application threads were stopped: 0.0052720 seconds, Stopping threads took: 0.0000880 seconds
377.925: Application time: 0.0729020 seconds
377.925: Total time for which application threads were stopped: 0.0001030 seconds, Stopping threads took: 0.0000810 seconds
378.048: Application time: 0.1229360 seconds
378.049: [Full GC [PSYoungGen: 24975K->9296K(28672K)] [ParOldGen: 65238K->65238K(65536K)] 90213K->74534K(94208K) [PSPermGen: 5179K->5179K(21504K)], 0.0050170 secs] [Times: user=0.02 sys=0.00, real=0.00 secs] 
378.054: Total time for which application threads were stopped: 0.0051870 seconds, Stopping threads took: 0.0000810 seconds
378.118: Application time: 0.0642600 seconds
378.118: Total time for which application threads were stopped: 0.0000780 seconds, Stopping threads took: 0.0000600 seconds
378.295: Application time: 0.1770080 seconds
378.295: Total time for which application threads were stopped: 0.0000800 seconds, Stopping threads took: 0.0000500 seconds
378.296: Application time: 0.0013080 seconds
378.296: [Full GC [PSYoungGen: 25004K->8492K(28672K)] [ParOldGen: 65373K->65373K(65536K)] 90377K->73865K(94208K) [PSPermGen: 5179K->5179K(21504K)], 0.0049110 secs] [Times: user=0.02 sys=0.00, real=0.00 secs] 
378.301: Total time for which application threads were stopped: 0.0050180 seconds, Stopping threads took: 0.0000290 seconds
378.302: Application time: 0.0001800 seconds
378.302: Total time for which application threads were stopped: 0.0000500 seconds, Stopping threads took: 0.0000360 seconds
378.435: Application time: 0.1334580 seconds
378.435: Total time for which application threads were stopped: 0.0000530 seconds, Stopping threads took: 0.0000350 seconds
378.637: Application time: 0.2020310 seconds
378.637: [Full GC [PSYoungGen: 25005K->7958K(28672K)] [ParOldGen: 65508K->65238K(65536K)] 90513K->73196K(94208K) [PSPermGen: 5179K->5179K(21504K)], 0.0052220 secs] [Times: user=0.02 sys=0.00, real=0.00 secs] 
378.642: Total time for which application threads were stopped: 0.0053380 seconds, Stopping threads took: 0.0000330 seconds
378.679: Application time: 0.0370000 seconds
378.680: Total time for which application threads were stopped: 0.0000570 seconds, Stopping threads took: 0.0000360 seconds
378.994: Application time: 0.3141850 seconds
378.994: [Full GC [PSYoungGen: 25088K->10722K(28672K)] [ParOldGen: 65238K->65208K(65536K)] 90326K->75930K(94208K) [PSPermGen: 7970K->7968K(21504K)], 0.0251890 secs] [Times: user=0.15 sys=0.00, real=0.03 secs] 
379.019: Total time for which application threads were stopped: 0.0253110 seconds, Stopping threads took: 0.0000100 seconds
379.019: Application time: 0.0003940 seconds
379.019: Total time for which application threads were stopped: 0.0000720 seconds, Stopping threads took: 0.0000350 seconds
379.159: Application time: 0.1391810 seconds
379.159: [Full GC [PSYoungGen: 25088K->13127K(28672K)] [ParOldGen: 65208K->65200K(65536K)] 90296K->78328K(94208K) [PSPermGen: 12509K->12507K(21504K)], 0.0315140 secs] [Times: user=0.15 sys=0.00, real=0.03 secs] 
379.190: Total time for which application threads were stopped: 0.0316460 seconds, Stopping threads took: 0.0000110 seconds
379.190: Application time: 0.0001100 seconds
379.190: Total time for which application threads were stopped: 0.0000600 seconds, Stopping threads took: 0.0000370 seconds
379.191: Application time: 0.0000690 seconds
379.191: Total time for which application threads were stopped: 0.0000390 seconds, Stopping threads took: 0.0000260 seconds
379.191: Application time: 0.0002390 seconds
379.191: Total time for which application threads were stopped: 0.0000210 seconds, Stopping threads took: 0.0000080 seconds
379.191: Application time: 0.0000450 seconds
379.191: Total time for which application threads were stopped: 0.0000160 seconds, Stopping threads took: 0.0000060 seconds
379.191: Application time: 0.0000200 seconds
379.191: Total time for which application threads were stopped: 0.0000150 seconds, Stopping threads took: 0.0000060 seconds
379.499: Application time: 0.3076830 seconds
379.499: [Full GC [PSYoungGen: 25088K->13529K(28672K)] [ParOldGen: 65200K->65200K(65536K)] 90288K->78729K(94208K) [PSPermGen: 12628K->12628K(21504K)], 0.0230140 secs] [Times: user=0.14 sys=0.00, real=0.02 secs] 
379.522: Total time for which application threads were stopped: 0.0231520 seconds, Stopping threads took: 0.0000100 seconds
379.522: Application time: 0.0000770 seconds
379.522: Total time for which application threads were stopped: 0.0000410 seconds, Stopping threads took: 0.0000190 seconds
379.522: Application time: 0.0000180 seconds
379.522: Total time for which application threads were stopped: 0.0000290 seconds, Stopping threads took: 0.0000150 seconds
379.522: Application time: 0.0000400 seconds
379.522: Total time for which application threads were stopped: 0.0000280 seconds, Stopping threads took: 0.0000150 seconds
379.522: Application time: 0.0000480 seconds
379.522: Total time for which application threads were stopped: 0.0000270 seconds, Stopping threads took: 0.0000190 seconds
379.561: Application time: 0.0386020 seconds
379.561: Total time for which application threads were stopped: 0.0000420 seconds, Stopping threads took: 0.0000150 seconds
379.563: Application time: 0.0017490 seconds
379.563: Total time for which application threads were stopped: 0.0000250 seconds, Stopping threads took: 0.0000110 seconds
Heap
 PSYoungGen      total 28672K, used 21320K [0x00000000fe000000, 0x00000000fff80000, 0x0000000100000000)
  eden space 25088K, 84% used [0x00000000fe000000,0x00000000ff4d2218,0x00000000ff880000)
  from space 3584K, 0% used [0x00000000ffc00000,0x00000000ffc00000,0x00000000fff80000)
  to   space 3584K, 0% used [0x00000000ff880000,0x00000000ff880000,0x00000000ffc00000)
 ParOldGen       total 65536K, used 65200K [0x00000000fa000000, 0x00000000fe000000, 0x00000000fe000000)
  object space 65536K, 99% used [0x00000000fa000000,0x00000000fdfac110,0x00000000fe000000)
 PSPermGen       total 21504K, used 12891K [0x00000000f4e00000, 0x00000000f6300000, 0x00000000fa000000)
  object space 21504K, 59% used [0x00000000f4e00000,0x00000000f5a96ed8,0x00000000f6300000)
379.563: Application time: 0.0001720 seconds
