Java HotSpot(TM) 64-Bit Server VM (24.80-b11) for linux-amd64 JRE (1.7.0_80-b15), built on Apr 10 2015 19:53:14 by "java_re" with gcc 4.3.0 20080428 (Red Hat 4.3.0-8)
Memory: 4k page, physical 8000092k(5689408k free), swap 8218620k(8218620k free)
CommandLine flags: -XX:+CMSParallelRemarkEnabled -XX:InitialHeapSize=471006208 -XX:MaxHeapSize=471006208 -XX:+PrintGC -XX:+PrintGCApplicationConcurrentTime -XX:+PrintGCApplicationStoppedTime -XX:+PrintGCDetails -XX:+PrintGCTimeStamps -XX:-UseAdaptiveSizePolicy -XX:+UseCompressedOops -XX:+UseParallelGC 
1.007: Application time: 0.9851360 seconds
1.007: Total time for which application threads were stopped: 0.0000400 seconds, Stopping threads took: 0.0000090 seconds
4.028: Application time: 3.0202650 seconds
4.028: Total time for which application threads were stopped: 0.0000640 seconds, Stopping threads took: 0.0000110 seconds
15.119: Application time: 11.0911330 seconds
15.119: Total time for which application threads were stopped: 0.0000230 seconds, Stopping threads took: 0.0000070 seconds
15.119: Application time: 0.0000630 seconds
15.119: Total time for which application threads were stopped: 0.0000340 seconds, Stopping threads took: 0.0000170 seconds
15.120: Application time: 0.0014920 seconds
15.120: Total time for which application threads were stopped: 0.0000340 seconds, Stopping threads took: 0.0000180 seconds
15.139: Application time: 0.0183370 seconds
15.139: Total time for which application threads were stopped: 0.0000410 seconds, Stopping threads took: 0.0000100 seconds
15.153: Application time: 0.0140810 seconds
15.153: [GC [PSYoungGen: 16203K->3312K(134656K)] 16203K->3320K(441344K), 0.0024800 secs] [Times: user=0.01 sys=0.00, real=0.00 secs] 
15.155: [Full GC [PSYoungGen: 3312K->0K(134656K)] [ParOldGen: 8K->3145K(306688K)] 3320K->3145K(441344K) [PSPermGen: 5075K->5074K(21504K)], 0.0107970 secs] [Times: user=0.03 sys=0.01, real=0.01 secs] 
15.166: Total time for which application threads were stopped: 0.0134060 seconds, Stopping threads took: 0.0000180 seconds
15.166: Application time: 0.0000620 seconds
15.166: [GC [PSYoungGen: 0K->0K(134656K)] 3145K->3145K(441344K), 0.0002910 secs] [Times: user=0.00 sys=0.00, real=0.00 secs] 
15.167: [Full GC [PSYoungGen: 0K->0K(134656K)] [ParOldGen: 3145K->3145K(306688K)] 3145K->3145K(441344K) [PSPermGen: 5074K->5074K(21504K)], 0.0040870 secs] [Times: user=0.02 sys=0.00, real=0.00 secs] 
15.171: Total time for which application threads were stopped: 0.0044710 seconds, Stopping threads took: 0.0000150 seconds
15.171: Application time: 0.0000460 seconds
15.171: Total time for which application threads were stopped: 0.0000270 seconds, Stopping threads took: 0.0000190 seconds
15.171: Application time: 0.0000220 seconds
15.171: Total time for which application threads were stopped: 0.0000160 seconds, Stopping threads took: 0.0000120 seconds
15.171: Application time: 0.0000120 seconds
15.171: Total time for which application threads were stopped: 0.0000150 seconds, Stopping threads took: 0.0000110 seconds
15.171: Application time: 0.0000100 seconds
15.171: Total time for which application threads were stopped: 0.0000150 seconds, Stopping threads took: 0.0000110 seconds
15.171: Application time: 0.0000100 seconds
15.171: Total time for which application threads were stopped: 0.0000150 seconds, Stopping threads took: 0.0000110 seconds
15.171: Application time: 0.0000370 seconds
15.171: Total time for which application threads were stopped: 0.0000160 seconds, Stopping threads took: 0.0000130 seconds
15.171: Application time: 0.0000120 seconds
15.171: Total time for which application threads were stopped: 0.0000150 seconds, Stopping threads took: 0.0000120 seconds
15.171: Application time: 0.0000090 seconds
15.171: Total time for which application threads were stopped: 0.0000160 seconds, Stopping threads took: 0.0000120 seconds
15.171: Application time: 0.0000110 seconds
15.171: Total time for which application threads were stopped: 0.0000140 seconds, Stopping threads took: 0.0000100 seconds
15.171: Application time: 0.0000120 seconds
15.171: Total time for which application threads were stopped: 0.0000160 seconds, Stopping threads took: 0.0000120 seconds
15.171: Application time: 0.0000120 seconds
15.171: Total time for which application threads were stopped: 0.0000180 seconds, Stopping threads took: 0.0000150 seconds
15.171: Application time: 0.0000110 seconds
15.171: Total time for which application threads were stopped: 0.0000150 seconds, Stopping threads took: 0.0000120 seconds
15.171: Application time: 0.0000110 seconds
15.171: Total time for which application threads were stopped: 0.0000240 seconds, Stopping threads took: 0.0000210 seconds
15.171: Application time: 0.0000110 seconds
15.171: Total time for which application threads were stopped: 0.0000160 seconds, Stopping threads took: 0.0000120 seconds
15.171: Application time: 0.0001020 seconds
15.171: Total time for which application threads were stopped: 0.0000130 seconds, Stopping threads took: 0.0000090 seconds
15.171: Application time: 0.0000110 seconds
15.171: Total time for which application threads were stopped: 0.0000130 seconds, Stopping threads took: 0.0000090 seconds
15.171: Application time: 0.0000110 seconds
15.171: Total time for which application threads were stopped: 0.0000130 seconds, Stopping threads took: 0.0000100 seconds
15.171: Application time: 0.0000110 seconds
15.171: Total time for which application threads were stopped: 0.0000130 seconds, Stopping threads took: 0.0000100 seconds
15.171: Application time: 0.0000100 seconds
15.171: Total time for which application threads were stopped: 0.0000120 seconds, Stopping threads took: 0.0000090 seconds
15.171: Application time: 0.0000120 seconds
15.172: Total time for which application threads were stopped: 0.0000170 seconds, Stopping threads took: 0.0000080 seconds
15.172: Application time: 0.0003830 seconds
15.172: Total time for which application threads were stopped: 0.0000140 seconds, Stopping threads took: 0.0000050 seconds
15.174: Application time: 0.0021370 seconds
15.174: Total time for which application threads were stopped: 0.0000080 seconds, Stopping threads took: 0.0000040 seconds
15.174: Application time: 0.0003210 seconds
15.174: Total time for which application threads were stopped: 0.0000070 seconds, Stopping threads took: 0.0000040 seconds
15.570: Application time: 0.3953400 seconds
15.570: Total time for which application threads were stopped: 0.0000550 seconds, Stopping threads took: 0.0000090 seconds
15.804: Application time: 0.2340270 seconds
15.804: [GC [PSYoungGen: 115712K->18914K(134656K)] 118857K->30241K(441344K), 0.0126450 secs] [Times: user=0.04 sys=0.00, real=0.01 secs] 
15.817: Total time for which application threads were stopped: 0.0127800 seconds, Stopping threads took: 0.0000160 seconds
15.817: Application time: 0.0001040 seconds
15.817: Total time for which application threads were stopped: 0.0000830 seconds, Stopping threads took: 0.0000660 seconds
15.817: Application time: 0.0000620 seconds
15.817: Total time for which application threads were stopped: 0.0000530 seconds, Stopping threads took: 0.0000360 seconds
15.817: Application time: 0.0000340 seconds
15.817: Total time for which application threads were stopped: 0.0000190 seconds, Stopping threads took: 0.0000140 seconds
15.817: Application time: 0.0000120 seconds
15.817: Total time for which application threads were stopped: 0.0000100 seconds, Stopping threads took: 0.0000040 seconds
15.817: Application time: 0.0000230 seconds
15.817: Total time for which application threads were stopped: 0.0000230 seconds, Stopping threads took: 0.0000170 seconds
15.817: Application time: 0.0000140 seconds
15.817: Total time for which application threads were stopped: 0.0000270 seconds, Stopping threads took: 0.0000220 seconds
15.817: Application time: 0.0000140 seconds
15.817: Total time for which application threads were stopped: 0.0000190 seconds, Stopping threads took: 0.0000140 seconds
15.817: Application time: 0.0000130 seconds
15.817: Total time for which application threads were stopped: 0.0000170 seconds, Stopping threads took: 0.0000120 seconds
15.817: Application time: 0.0000120 seconds
15.817: Total time for which application threads were stopped: 0.0000220 seconds, Stopping threads took: 0.0000170 seconds
15.817: Application time: 0.0000130 seconds
15.817: Total time for which application threads were stopped: 0.0000150 seconds, Stopping threads took: 0.0000100 seconds
15.817: Application time: 0.0000120 seconds
15.817: Total time for which application threads were stopped: 0.0000370 seconds, Stopping threads took: 0.0000140 seconds
15.817: Application time: 0.0000120 seconds
15.817: Total time for which application threads were stopped: 0.0000220 seconds, Stopping threads took: 0.0000170 seconds
15.817: Application time: 0.0000110 seconds
15.817: Total time for which application threads were stopped: 0.0000280 seconds, Stopping threads took: 0.0000140 seconds
15.817: Application time: 0.0000120 seconds
15.817: Total time for which application threads were stopped: 0.0000190 seconds, Stopping threads took: 0.0000140 seconds
15.817: Application time: 0.0000120 seconds
15.817: Total time for which application threads were stopped: 0.0000220 seconds, Stopping threads took: 0.0000170 seconds
15.817: Application time: 0.0000110 seconds
15.817: Total time for which application threads were stopped: 0.0000220 seconds, Stopping threads took: 0.0000170 seconds
15.817: Application time: 0.0000120 seconds
15.817: Total time for which application threads were stopped: 0.0000180 seconds, Stopping threads took: 0.0000120 seconds
15.817: Application time: 0.0000120 seconds
15.818: Total time for which application threads were stopped: 0.0000310 seconds, Stopping threads took: 0.0000170 seconds
15.818: Application time: 0.0000120 seconds
15.818: Total time for which application threads were stopped: 0.0000200 seconds, Stopping threads took: 0.0000140 seconds
15.818: Application time: 0.0000110 seconds
15.818: Total time for which application threads were stopped: 0.0000290 seconds, Stopping threads took: 0.0000160 seconds
15.818: Application time: 0.0000120 seconds
15.818: Total time for which application threads were stopped: 0.0000200 seconds, Stopping threads took: 0.0000140 seconds
15.818: Application time: 0.0000120 seconds
15.818: Total time for which application threads were stopped: 0.0000210 seconds, Stopping threads took: 0.0000170 seconds
15.818: Application time: 0.0000110 seconds
15.818: Total time for which application threads were stopped: 0.0000210 seconds, Stopping threads took: 0.0000160 seconds
15.818: Application time: 0.0000110 seconds
15.818: Total time for which application threads were stopped: 0.0000400 seconds, Stopping threads took: 0.0000280 seconds
15.818: Application time: 0.0000160 seconds
15.818: Total time for which application threads were stopped: 0.0000230 seconds, Stopping threads took: 0.0000180 seconds
15.818: Application time: 0.0000110 seconds
15.818: Total time for which application threads were stopped: 0.0000270 seconds, Stopping threads took: 0.0000140 seconds
15.818: Application time: 0.0000130 seconds
15.818: Total time for which application threads were stopped: 0.0000220 seconds, Stopping threads took: 0.0000160 seconds
15.818: Application time: 0.0000130 seconds
15.818: Total time for which application threads were stopped: 0.0000310 seconds, Stopping threads took: 0.0000170 seconds
15.818: Application time: 0.0000160 seconds
15.818: Total time for which application threads were stopped: 0.0000230 seconds, Stopping threads took: 0.0000140 seconds
15.818: Application time: 0.0000140 seconds
15.818: Total time for which application threads were stopped: 0.0000230 seconds, Stopping threads took: 0.0000140 seconds
15.818: Application time: 0.0000140 seconds
15.818: Total time for which application threads were stopped: 0.0000220 seconds, Stopping threads took: 0.0000100 seconds
15.818: Application time: 0.0000180 seconds
15.818: Total time for which application threads were stopped: 0.0000280 seconds, Stopping threads took: 0.0000170 seconds
15.818: Application time: 0.0000150 seconds
15.818: Total time for which application threads were stopped: 0.0000230 seconds, Stopping threads took: 0.0000100 seconds
15.818: Application time: 0.0000170 seconds
15.818: Total time for which application threads were stopped: 0.0000270 seconds, Stopping threads took: 0.0000180 seconds
15.818: Application time: 0.0000190 seconds
15.818: Total time for which application threads were stopped: 0.0000330 seconds, Stopping threads took: 0.0000220 seconds
15.818: Application time: 0.0000140 seconds
15.818: Total time for which application threads were stopped: 0.0000250 seconds, Stopping threads took: 0.0000140 seconds
15.818: Application time: 0.0000140 seconds
15.818: Total time for which application threads were stopped: 0.0000190 seconds, Stopping threads took: 0.0000100 seconds
15.818: Application time: 0.0000170 seconds
15.818: Total time for which application threads were stopped: 0.0000260 seconds, Stopping threads took: 0.0000150 seconds
15.818: Application time: 0.0000130 seconds
15.818: Total time for which application threads were stopped: 0.0000300 seconds, Stopping threads took: 0.0000170 seconds
15.831: Application time: 0.0122620 seconds
15.831: Total time for which application threads were stopped: 0.0000530 seconds, Stopping threads took: 0.0000310 seconds
16.507: Application time: 0.6767160 seconds
16.508: Total time for which application threads were stopped: 0.0001140 seconds, Stopping threads took: 0.0000270 seconds
16.756: Application time: 0.2487360 seconds
16.756: Total time for which application threads were stopped: 0.0000830 seconds, Stopping threads took: 0.0000160 seconds
17.215: Application time: 0.4588310 seconds
17.215: Total time for which application threads were stopped: 0.0001210 seconds, Stopping threads took: 0.0000290 seconds
17.287: Application time: 0.0713570 seconds
17.287: [GC [PSYoungGen: 134626K->18934K(134656K)] 145953K->47051K(441344K), 0.0188530 secs] [Times: user=0.11 sys=0.02, real=0.02 secs] 
17.306: Total time for which application threads were stopped: 0.0189740 seconds, Stopping threads took: 0.0000160 seconds
17.306: Application time: 0.0001740 seconds
17.306: Total time for which application threads were stopped: 0.0000580 seconds, Stopping threads took: 0.0000300 seconds
17.306: Application time: 0.0000590 seconds
17.306: Total time for which application threads were stopped: 0.0000400 seconds, Stopping threads took: 0.0000160 seconds
17.306: Application time: 0.0000430 seconds
17.306: Total time for which application threads were stopped: 0.0000390 seconds, Stopping threads took: 0.0000190 seconds
17.306: Application time: 0.0000350 seconds
17.306: Total time for which application threads were stopped: 0.0000400 seconds, Stopping threads took: 0.0000120 seconds
17.306: Application time: 0.0000130 seconds
17.306: Total time for which application threads were stopped: 0.0000380 seconds, Stopping threads took: 0.0000140 seconds
17.306: Application time: 0.0000130 seconds
17.306: Total time for which application threads were stopped: 0.0000290 seconds, Stopping threads took: 0.0000150 seconds
17.306: Application time: 0.0000120 seconds
17.306: Total time for which application threads were stopped: 0.0000370 seconds, Stopping threads took: 0.0000140 seconds
17.306: Application time: 0.0000100 seconds
17.306: Total time for which application threads were stopped: 0.0000320 seconds, Stopping threads took: 0.0000140 seconds
17.306: Application time: 0.0000110 seconds
17.306: Total time for which application threads were stopped: 0.0000280 seconds, Stopping threads took: 0.0000110 seconds
17.306: Application time: 0.0000110 seconds
17.306: Total time for which application threads were stopped: 0.0000240 seconds, Stopping threads took: 0.0000110 seconds
17.306: Application time: 0.0000100 seconds
17.306: Total time for which application threads were stopped: 0.0000230 seconds, Stopping threads took: 0.0000100 seconds
17.580: Application time: 0.2736480 seconds
17.580: Total time for which application threads were stopped: 0.0001280 seconds, Stopping threads took: 0.0000170 seconds
17.837: Application time: 0.2565830 seconds
17.837: Total time for which application threads were stopped: 0.0001980 seconds, Stopping threads took: 0.0000400 seconds
17.847: Application time: 0.0097300 seconds
17.847: Total time for which application threads were stopped: 0.0000660 seconds, Stopping threads took: 0.0000410 seconds
17.937: Application time: 0.0898780 seconds
17.937: [GC [PSYoungGen: 134646K->18935K(134656K)] 162763K->74990K(441344K), 0.0231570 secs] [Times: user=0.16 sys=0.01, real=0.03 secs] 
17.960: Total time for which application threads were stopped: 0.0233340 seconds, Stopping threads took: 0.0000760 seconds
18.108: Application time: 0.1475490 seconds
18.108: [GC [PSYoungGen: 134647K->18912K(134656K)] 190702K->116832K(441344K), 0.0291990 secs] [Times: user=0.19 sys=0.03, real=0.03 secs] 
18.137: Total time for which application threads were stopped: 0.0293480 seconds, Stopping threads took: 0.0000300 seconds
18.305: Application time: 0.1678640 seconds
18.305: [GC [PSYoungGen: 134624K->18940K(134656K)] 232544K->157202K(441344K), 0.0336100 secs] [Times: user=0.25 sys=0.01, real=0.03 secs] 
18.339: Total time for which application threads were stopped: 0.0338080 seconds, Stopping threads took: 0.0000570 seconds
18.679: Application time: 0.3399390 seconds
18.679: [GC [PSYoungGen: 134652K->18936K(134656K)] 272914K->201542K(441344K), 0.0425100 secs] [Times: user=0.34 sys=0.00, real=0.05 secs] 
18.721: Total time for which application threads were stopped: 0.0427960 seconds, Stopping threads took: 0.0000680 seconds
19.214: Application time: 0.4931570 seconds
19.215: [GC [PSYoungGen: 134648K->18941K(134656K)] 317254K->214698K(441344K), 0.0447100 secs] [Times: user=0.36 sys=0.01, real=0.04 secs] 
19.259: Total time for which application threads were stopped: 0.0450140 seconds, Stopping threads took: 0.0000990 seconds
19.585: Application time: 0.3254890 seconds
19.585: [GC [PSYoungGen: 134653K->18935K(134656K)] 330410K->223572K(441344K), 0.0391020 secs] [Times: user=0.31 sys=0.00, real=0.04 secs] 
19.624: Total time for which application threads were stopped: 0.0393350 seconds, Stopping threads took: 0.0000510 seconds
20.059: Application time: 0.4345500 seconds
20.059: [GC [PSYoungGen: 134647K->18917K(134656K)] 339284K->232246K(441344K), 0.0342130 secs] [Times: user=0.27 sys=0.00, real=0.04 secs] 
20.093: Total time for which application threads were stopped: 0.0344400 seconds, Stopping threads took: 0.0000640 seconds
20.399: Application time: 0.3057910 seconds
20.399: [GC [PSYoungGen: 134629K->18942K(134656K)] 347958K->251100K(441344K), 0.0476710 secs] [Times: user=0.37 sys=0.01, real=0.05 secs] 
20.447: Total time for which application threads were stopped: 0.0479310 seconds, Stopping threads took: 0.0000890 seconds
20.594: Application time: 0.1472850 seconds
20.594: [GC [PSYoungGen: 134654K->18941K(134656K)] 366812K->281529K(441344K), 0.0575350 secs] [Times: user=0.43 sys=0.01, real=0.06 secs] 
20.652: [Full GC [PSYoungGen: 18941K->0K(134656K)] [ParOldGen: 262588K->112134K(306688K)] 281529K->112134K(441344K) [PSPermGen: 8855K->8843K(21504K)], 0.2206310 secs] [Times: user=1.65 sys=0.00, real=0.22 secs] 
20.873: Total time for which application threads were stopped: 0.2784310 seconds, Stopping threads took: 0.0000680 seconds
20.873: Application time: 0.0004500 seconds
20.873: Total time for which application threads were stopped: 0.0001190 seconds, Stopping threads took: 0.0000780 seconds
20.873: Application time: 0.0000170 seconds
20.873: Total time for which application threads were stopped: 0.0000500 seconds, Stopping threads took: 0.0000210 seconds
20.873: Application time: 0.0000130 seconds
20.873: Total time for which application threads were stopped: 0.0000330 seconds, Stopping threads took: 0.0000150 seconds
20.873: Application time: 0.0000200 seconds
20.874: Total time for which application threads were stopped: 0.0000690 seconds, Stopping threads took: 0.0000270 seconds
20.874: Application time: 0.0000170 seconds
20.874: Total time for which application threads were stopped: 0.0000560 seconds, Stopping threads took: 0.0000230 seconds
20.874: Application time: 0.0000170 seconds
20.874: Total time for which application threads were stopped: 0.0000770 seconds, Stopping threads took: 0.0000530 seconds
20.874: Application time: 0.0000140 seconds
20.874: Total time for which application threads were stopped: 0.0000430 seconds, Stopping threads took: 0.0000190 seconds
20.874: Application time: 0.0000140 seconds
20.874: Total time for which application threads were stopped: 0.0000340 seconds, Stopping threads took: 0.0000210 seconds
20.874: Application time: 0.0000190 seconds
20.874: Total time for which application threads were stopped: 0.0000490 seconds, Stopping threads took: 0.0000340 seconds
20.874: Application time: 0.0000140 seconds
20.874: Total time for which application threads were stopped: 0.0000410 seconds, Stopping threads took: 0.0000250 seconds
20.874: Application time: 0.0000120 seconds
20.874: Total time for which application threads were stopped: 0.0000400 seconds, Stopping threads took: 0.0000240 seconds
20.985: Application time: 0.1106150 seconds
20.985: [GC [PSYoungGen: 115600K->18919K(134656K)] 227735K->143359K(441344K), 0.0169990 secs] [Times: user=0.13 sys=0.00, real=0.02 secs] 
21.002: Total time for which application threads were stopped: 0.0172190 seconds, Stopping threads took: 0.0000730 seconds
21.002: Application time: 0.0002360 seconds
21.002: Total time for which application threads were stopped: 0.0001780 seconds, Stopping threads took: 0.0001090 seconds
21.002: Application time: 0.0000160 seconds
21.002: Total time for which application threads were stopped: 0.0000320 seconds, Stopping threads took: 0.0000230 seconds
21.100: Application time: 0.0973270 seconds
21.100: [GC [PSYoungGen: 134631K->18928K(134656K)] 259071K->181893K(441344K), 0.0291440 secs] [Times: user=0.23 sys=0.00, real=0.02 secs] 
21.129: Total time for which application threads were stopped: 0.0293370 seconds, Stopping threads took: 0.0000440 seconds
21.368: Application time: 0.2392600 seconds
21.368: [GC [PSYoungGen: 134640K->18912K(134656K)] 297605K->214116K(441344K), 0.0354240 secs] [Times: user=0.26 sys=0.01, real=0.04 secs] 
21.404: Total time for which application threads were stopped: 0.0356510 seconds, Stopping threads took: 0.0000580 seconds
21.677: Application time: 0.2734450 seconds
21.678: [GC [PSYoungGen: 134624K->18912K(134656K)] 329828K->234601K(441344K), 0.0299500 secs] [Times: user=0.23 sys=0.00, real=0.03 secs] 
21.708: Total time for which application threads were stopped: 0.0302110 seconds, Stopping threads took: 0.0000620 seconds
22.118: Application time: 0.4108450 seconds
22.119: [GC [PSYoungGen: 134624K->18912K(134656K)] 350313K->243153K(441344K), 0.0283550 secs] [Times: user=0.23 sys=0.00, real=0.03 secs] 
22.147: Total time for which application threads were stopped: 0.0286230 seconds, Stopping threads took: 0.0000780 seconds
22.410: Application time: 0.2627960 seconds
22.410: [GC [PSYoungGen: 134624K->18912K(134656K)] 358865K->251353K(441344K), 0.0279720 secs] [Times: user=0.23 sys=0.00, real=0.03 secs] 
22.438: Total time for which application threads were stopped: 0.0281920 seconds, Stopping threads took: 0.0000690 seconds
22.633: Application time: 0.1951720 seconds
22.633: [GC [PSYoungGen: 134624K->18928K(134656K)] 367065K->260601K(441344K), 0.0312730 secs] [Times: user=0.24 sys=0.00, real=0.03 secs] 
22.665: Total time for which application threads were stopped: 0.0314750 seconds, Stopping threads took: 0.0000990 seconds
22.734: Application time: 0.0693940 seconds
22.734: [GC [PSYoungGen: 134640K->18928K(134656K)] 376313K->287439K(441344K), 0.0360120 secs] [Times: user=0.29 sys=0.00, real=0.03 secs] 
22.770: [Full GC [PSYoungGen: 18928K->0K(134656K)] [ParOldGen: 268511K->106786K(306688K)] 287439K->106786K(441344K) [PSPermGen: 8954K->8952K(21504K)], 0.1294280 secs] [Times: user=0.95 sys=0.00, real=0.14 secs] 
22.900: Total time for which application threads were stopped: 0.1657830 seconds, Stopping threads took: 0.0001220 seconds
22.900: Application time: 0.0001860 seconds
22.900: Total time for which application threads were stopped: 0.0001220 seconds, Stopping threads took: 0.0000630 seconds
22.900: Application time: 0.0000180 seconds
22.900: Total time for which application threads were stopped: 0.0000530 seconds, Stopping threads took: 0.0000290 seconds
22.900: Application time: 0.0000290 seconds
22.900: Total time for which application threads were stopped: 0.0000400 seconds, Stopping threads took: 0.0000240 seconds
22.900: Application time: 0.0000320 seconds
22.900: Total time for which application threads were stopped: 0.0000870 seconds, Stopping threads took: 0.0000400 seconds
22.900: Application time: 0.0000200 seconds
22.900: Total time for which application threads were stopped: 0.0000400 seconds, Stopping threads took: 0.0000210 seconds
22.914: Application time: 0.0137800 seconds
22.915: Total time for which application threads were stopped: 0.0003050 seconds, Stopping threads took: 0.0002460 seconds
22.958: Application time: 0.0436220 seconds
22.958: [GC [PSYoungGen: 115712K->18935K(134656K)] 222498K->143714K(441344K), 0.0181360 secs] [Times: user=0.14 sys=0.00, real=0.02 secs] 
22.976: Total time for which application threads were stopped: 0.0183040 seconds, Stopping threads took: 0.0000710 seconds
22.977: Application time: 0.0001900 seconds
22.977: Total time for which application threads were stopped: 0.0002190 seconds, Stopping threads took: 0.0000710 seconds
23.035: Application time: 0.0581700 seconds
23.035: [GC [PSYoungGen: 134647K->18912K(134656K)] 259426K->176967K(441344K), 0.0287250 secs] [Times: user=0.22 sys=0.00, real=0.03 secs] 
23.064: Total time for which application threads were stopped: 0.0289290 seconds, Stopping threads took: 0.0001050 seconds
23.132: Application time: 0.0681490 seconds
23.136: [GC [PSYoungGen: 134624K->18928K(134656K)] 292679K->205136K(441344K), 0.0353520 secs] [Times: user=0.27 sys=0.00, real=0.03 secs] 
23.171: Total time for which application threads were stopped: 0.0388670 seconds, Stopping threads took: 0.0034250 seconds
23.236: Application time: 0.0644850 seconds
23.240: [GC [PSYoungGen: 134640K->18912K(134656K)] 320848K->228269K(441344K), 0.0336190 secs] [Times: user=0.27 sys=0.01, real=0.03 secs] 
23.273: Total time for which application threads were stopped: 0.0377690 seconds, Stopping threads took: 0.0040550 seconds
23.374: Application time: 0.1007840 seconds
23.374: [GC [PSYoungGen: 134624K->18912K(134656K)] 343981K->241158K(441344K), 0.0306710 secs] [Times: user=0.24 sys=0.00, real=0.03 secs] 
23.405: Total time for which application threads were stopped: 0.0308630 seconds, Stopping threads took: 0.0000920 seconds
23.496: Application time: 0.0913480 seconds
23.496: [GC [PSYoungGen: 134624K->18912K(134656K)] 356870K->249695K(441344K), 0.0278920 secs] [Times: user=0.22 sys=0.00, real=0.03 secs] 
23.524: Total time for which application threads were stopped: 0.0281040 seconds, Stopping threads took: 0.0001130 seconds
23.604: Application time: 0.0795990 seconds
23.608: [GC [PSYoungGen: 134624K->18928K(134656K)] 365407K->262522K(441344K), 0.0274840 secs] [Times: user=0.22 sys=0.00, real=0.03 secs] 
23.635: Total time for which application threads were stopped: 0.0311790 seconds, Stopping threads took: 0.0036050 seconds
23.698: Application time: 0.0628480 seconds
23.698: [GC [PSYoungGen: 134640K->18912K(134656K)] 378234K->287172K(441344K), 0.0331010 secs] [Times: user=0.25 sys=0.00, real=0.03 secs] 
23.731: [Full GC [PSYoungGen: 18912K->0K(134656K)] [ParOldGen: 268260K->115827K(306688K)] 287172K->115827K(441344K) [PSPermGen: 8988K->8988K(21504K)], 0.1226440 secs] [Times: user=0.90 sys=0.00, real=0.13 secs] 
23.854: Total time for which application threads were stopped: 0.1559800 seconds, Stopping threads took: 0.0000700 seconds
23.904: Application time: 0.0501950 seconds
23.904: [GC [PSYoungGen: 115712K->18928K(134656K)] 231539K->147868K(441344K), 0.0159670 secs] [Times: user=0.12 sys=0.00, real=0.02 secs] 
23.920: Total time for which application threads were stopped: 0.0161680 seconds, Stopping threads took: 0.0000650 seconds
23.979: Application time: 0.0582230 seconds
23.979: [GC [PSYoungGen: 134640K->18928K(134656K)] 263580K->181748K(441344K), 0.0271910 secs] [Times: user=0.21 sys=0.00, real=0.03 secs] 
24.006: Total time for which application threads were stopped: 0.0273490 seconds, Stopping threads took: 0.0000470 seconds
24.072: Application time: 0.0663460 seconds
24.072: [GC [PSYoungGen: 134640K->18928K(134656K)] 297460K->208527K(441344K), 0.0317990 secs] [Times: user=0.25 sys=0.00, real=0.03 secs] 
24.104: Total time for which application threads were stopped: 0.0320330 seconds, Stopping threads took: 0.0001310 seconds
24.166: Application time: 0.0616530 seconds
24.168: [GC [PSYoungGen: 134640K->18928K(134656K)] 324239K->236549K(441344K), 0.0291540 secs] [Times: user=0.23 sys=0.00, real=0.03 secs] 
24.197: Total time for which application threads were stopped: 0.0308640 seconds, Stopping threads took: 0.0015670 seconds
24.279: Application time: 0.0821770 seconds
24.280: [GC [PSYoungGen: 134640K->18912K(134656K)] 352261K->249161K(441344K), 0.0343740 secs] [Times: user=0.25 sys=0.00, real=0.03 secs] 
24.314: Total time for which application threads were stopped: 0.0350370 seconds, Stopping threads took: 0.0005610 seconds
24.409: Application time: 0.0947990 seconds
24.409: [GC [PSYoungGen: 134624K->18928K(134656K)] 364873K->257108K(441344K), 0.0291430 secs] [Times: user=0.23 sys=0.00, real=0.03 secs] 
24.438: Total time for which application threads were stopped: 0.0293900 seconds, Stopping threads took: 0.0000980 seconds
24.519: Application time: 0.0802700 seconds
24.520: [GC [PSYoungGen: 134640K->18928K(134656K)] 372820K->267514K(441344K), 0.0258770 secs] [Times: user=0.20 sys=0.00, real=0.02 secs] 
24.546: Total time for which application threads were stopped: 0.0270590 seconds, Stopping threads took: 0.0010760 seconds
24.602: Application time: 0.0564700 seconds
24.602: [GC [PSYoungGen: 134640K->18928K(134656K)] 383226K->293820K(441344K), 0.0302690 secs] [Times: user=0.24 sys=0.00, real=0.03 secs] 
24.633: [Full GC [PSYoungGen: 18928K->0K(134656K)] [ParOldGen: 274892K->108620K(306688K)] 293820K->108620K(441344K) [PSPermGen: 9003K->9003K(21504K)], 0.1103670 secs] [Times: user=0.81 sys=0.00, real=0.11 secs] 
24.743: Total time for which application threads were stopped: 0.1408810 seconds, Stopping threads took: 0.0000430 seconds
24.795: Application time: 0.0520840 seconds
24.800: [GC [PSYoungGen: 115712K->18937K(134656K)] 224332K->139558K(441344K), 0.0164410 secs] [Times: user=0.13 sys=0.00, real=0.01 secs] 
24.816: Total time for which application threads were stopped: 0.0210610 seconds, Stopping threads took: 0.0045290 seconds
24.871: Application time: 0.0548620 seconds
24.871: [GC [PSYoungGen: 134649K->18934K(134656K)] 255270K->177720K(441344K), 0.0303450 secs] [Times: user=0.24 sys=0.00, real=0.04 secs] 
24.901: Total time for which application threads were stopped: 0.0304820 seconds, Stopping threads took: 0.0000460 seconds
24.969: Application time: 0.0671520 seconds
24.972: [GC [PSYoungGen: 134646K->18941K(134656K)] 293432K->200094K(441344K), 0.0317160 secs] [Times: user=0.25 sys=0.00, real=0.03 secs] 
25.003: Total time for which application threads were stopped: 0.0347920 seconds, Stopping threads took: 0.0029760 seconds
25.074: Application time: 0.0706630 seconds
25.076: [GC [PSYoungGen: 134653K->18941K(134656K)] 315806K->224908K(441344K), 0.0362810 secs] [Times: user=0.27 sys=0.00, real=0.04 secs] 
25.112: Total time for which application threads were stopped: 0.0379370 seconds, Stopping threads took: 0.0015230 seconds
25.181: Application time: 0.0687870 seconds
25.181: [GC [PSYoungGen: 134653K->18941K(134656K)] 340620K->242443K(441344K), 0.0290450 secs] [Times: user=0.23 sys=0.00, real=0.02 secs] 
25.210: Total time for which application threads were stopped: 0.0292440 seconds, Stopping threads took: 0.0000950 seconds
25.290: Application time: 0.0802880 seconds
25.291: [GC [PSYoungGen: 134653K->18918K(134656K)] 358155K->252038K(441344K), 0.0274400 secs] [Times: user=0.21 sys=0.00, real=0.03 secs] 
25.318: Total time for which application threads were stopped: 0.0276710 seconds, Stopping threads took: 0.0000900 seconds
25.387: Application time: 0.0688220 seconds
25.387: [GC [PSYoungGen: 134630K->18918K(134656K)] 367750K->266587K(441344K), 0.0291290 secs] [Times: user=0.23 sys=0.00, real=0.03 secs] 
25.416: Total time for which application threads were stopped: 0.0293060 seconds, Stopping threads took: 0.0000880 seconds
25.482: Application time: 0.0658250 seconds
25.482: [GC [PSYoungGen: 134630K->18934K(134656K)] 382299K->291906K(441344K), 0.0347700 secs] [Times: user=0.26 sys=0.00, real=0.03 secs] 
25.517: [Full GC [PSYoungGen: 18934K->0K(134656K)] [ParOldGen: 272971K->113716K(306688K)] 291906K->113716K(441344K) [PSPermGen: 9013K->9013K(21504K)], 0.1251330 secs] [Times: user=0.92 sys=0.00, real=0.13 secs] 
25.642: Total time for which application threads were stopped: 0.1601850 seconds, Stopping threads took: 0.0000800 seconds
25.695: Application time: 0.0526290 seconds
25.695: [GC [PSYoungGen: 115712K->18912K(134656K)] 229428K->139893K(441344K), 0.0140340 secs] [Times: user=0.11 sys=0.00, real=0.01 secs] 
25.709: Total time for which application threads were stopped: 0.0142390 seconds, Stopping threads took: 0.0001060 seconds
25.776: Application time: 0.0666240 seconds
25.777: [GC [PSYoungGen: 134624K->18928K(134656K)] 255605K->169162K(441344K), 0.0288850 secs] [Times: user=0.22 sys=0.00, real=0.03 secs] 
25.806: Total time for which application threads were stopped: 0.0300280 seconds, Stopping threads took: 0.0010340 seconds
25.855: Application time: 0.0494280 seconds
25.860: [GC [PSYoungGen: 134640K->18912K(134656K)] 284874K->201760K(441344K), 0.0306740 secs] [Times: user=0.24 sys=0.00, real=0.02 secs] 
25.890: Total time for which application threads were stopped: 0.0353370 seconds, Stopping threads took: 0.0045690 seconds
25.947: Application time: 0.0562750 seconds
25.948: [GC [PSYoungGen: 134624K->18928K(134656K)] 317472K->235434K(441344K), 0.0383210 secs] [Times: user=0.29 sys=0.00, real=0.04 secs] 
25.986: Total time for which application threads were stopped: 0.0392950 seconds, Stopping threads took: 0.0008810 seconds
26.078: Application time: 0.0916560 seconds
26.078: [GC [PSYoungGen: 134640K->18912K(134656K)] 351146K->247327K(441344K), 0.0269530 secs] [Times: user=0.21 sys=0.00, real=0.03 secs] 
26.105: Total time for which application threads were stopped: 0.0270640 seconds, Stopping threads took: 0.0000200 seconds
26.190: Application time: 0.0847770 seconds
26.190: [GC [PSYoungGen: 134624K->18928K(134656K)] 363039K->254939K(441344K), 0.0254900 secs] [Times: user=0.20 sys=0.00, real=0.03 secs] 
26.215: Total time for which application threads were stopped: 0.0256560 seconds, Stopping threads took: 0.0000760 seconds
26.273: Application time: 0.0579920 seconds
26.273: [GC [PSYoungGen: 134640K->18928K(134656K)] 370651K->269624K(441344K), 0.0286870 secs] [Times: user=0.23 sys=0.00, real=0.03 secs] 
26.302: Total time for which application threads were stopped: 0.0288800 seconds, Stopping threads took: 0.0000900 seconds
26.352: Application time: 0.0503700 seconds
26.353: [GC [PSYoungGen: 134640K->18928K(134656K)] 385336K->293017K(441344K), 0.0327390 secs] [Times: user=0.26 sys=0.00, real=0.03 secs] 
26.385: [Full GC [PSYoungGen: 18928K->0K(134656K)] [ParOldGen: 274088K->127042K(306688K)] 293017K->127042K(441344K) [PSPermGen: 9014K->9014K(21504K)], 0.1448630 secs] [Times: user=1.07 sys=0.00, real=0.14 secs] 
26.530: Total time for which application threads were stopped: 0.1778650 seconds, Stopping threads took: 0.0001080 seconds
26.579: Application time: 0.0491070 seconds
26.580: [GC [PSYoungGen: 115712K->18940K(134656K)] 242754K->154526K(441344K), 0.0160390 secs] [Times: user=0.13 sys=0.00, real=0.01 secs] 
26.596: Total time for which application threads were stopped: 0.0162200 seconds, Stopping threads took: 0.0000860 seconds
26.639: Application time: 0.0432100 seconds
26.639: [GC [PSYoungGen: 134652K->18928K(134656K)] 270238K->182903K(441344K), 0.0245550 secs] [Times: user=0.19 sys=0.01, real=0.03 secs] 
26.664: Total time for which application threads were stopped: 0.0247260 seconds, Stopping threads took: 0.0000790 seconds
26.709: Application time: 0.0458200 seconds
26.710: [GC [PSYoungGen: 134640K->18912K(134656K)] 298615K->216798K(441344K), 0.0311300 secs] [Times: user=0.25 sys=0.00, real=0.04 secs] 
26.741: Total time for which application threads were stopped: 0.0312860 seconds, Stopping threads took: 0.0000620 seconds
26.790: Application time: 0.0495120 seconds
26.790: [GC [PSYoungGen: 134624K->18928K(134656K)] 332510K->245993K(441344K), 0.0322550 secs] [Times: user=0.25 sys=0.00, real=0.04 secs] 
26.823: Total time for which application threads were stopped: 0.0324920 seconds, Stopping threads took: 0.0001270 seconds
26.888: Application time: 0.0657730 seconds
26.889: [GC [PSYoungGen: 134640K->18928K(134656K)] 361705K->262537K(441344K), 0.0296080 secs] [Times: user=0.23 sys=0.00, real=0.03 secs] 
26.918: Total time for which application threads were stopped: 0.0297820 seconds, Stopping threads took: 0.0000850 seconds
26.986: Application time: 0.0680110 seconds
26.986: [GC [PSYoungGen: 134640K->18912K(134656K)] 378249K->271581K(441344K), 0.0260280 secs] [Times: user=0.20 sys=0.00, real=0.03 secs] 
27.012: Total time for which application threads were stopped: 0.0261950 seconds, Stopping threads took: 0.0000830 seconds
27.080: Application time: 0.0672660 seconds
27.080: [GC [PSYoungGen: 134624K->18928K(134656K)] 387293K->283139K(441344K), 0.0240400 secs] [Times: user=0.19 sys=0.01, real=0.02 secs] 
27.104: [Full GC [PSYoungGen: 18928K->0K(134656K)] [ParOldGen: 264211K->111772K(306688K)] 283139K->111772K(441344K) [PSPermGen: 9017K->9017K(21504K)], 0.1247970 secs] [Times: user=0.92 sys=0.00, real=0.12 secs] 
27.229: Total time for which application threads were stopped: 0.1490610 seconds, Stopping threads took: 0.0000780 seconds
27.272: Application time: 0.0429420 seconds
27.272: [GC [PSYoungGen: 115712K->18914K(134656K)] 227484K->137482K(441344K), 0.0132990 secs] [Times: user=0.10 sys=0.00, real=0.01 secs] 
27.285: Total time for which application threads were stopped: 0.0135020 seconds, Stopping threads took: 0.0001150 seconds
27.330: Application time: 0.0452320 seconds
27.331: [GC [PSYoungGen: 134626K->18912K(134656K)] 253194K->168763K(441344K), 0.0260670 secs] [Times: user=0.20 sys=0.00, real=0.03 secs] 
27.357: Total time for which application threads were stopped: 0.0263140 seconds, Stopping threads took: 0.0000830 seconds
27.406: Application time: 0.0489830 seconds
27.408: [GC [PSYoungGen: 134182K->18928K(134656K)] 284033K->196865K(441344K), 0.0287020 secs] [Times: user=0.22 sys=0.00, real=0.03 secs] 
27.436: Total time for which application threads were stopped: 0.0305670 seconds, Stopping threads took: 0.0017810 seconds
27.481: Application time: 0.0448430 seconds
27.481: [GC [PSYoungGen: 134640K->18912K(134656K)] 312577K->223803K(441344K), 0.0290200 secs] [Times: user=0.23 sys=0.00, real=0.02 secs] 
27.510: Total time for which application threads were stopped: 0.0292170 seconds, Stopping threads took: 0.0001040 seconds
27.558: Application time: 0.0479820 seconds
27.559: [GC [PSYoungGen: 134624K->18928K(134656K)] 339515K->254557K(441344K), 0.0325580 secs] [Times: user=0.26 sys=0.00, real=0.03 secs] 
27.591: Total time for which application threads were stopped: 0.0327530 seconds, Stopping threads took: 0.0001030 seconds
27.652: Application time: 0.0607700 seconds
27.652: [GC [PSYoungGen: 134640K->18928K(134656K)] 370269K->273146K(441344K), 0.0295450 secs] [Times: user=0.23 sys=0.00, real=0.03 secs] 
27.682: Total time for which application threads were stopped: 0.0297160 seconds, Stopping threads took: 0.0000810 seconds
27.745: Application time: 0.0634940 seconds
27.745: [GC [PSYoungGen: 134640K->18912K(134656K)] 388858K->281477K(441344K), 0.0256930 secs] [Times: user=0.20 sys=0.00, real=0.02 secs] 
27.771: [Full GC [PSYoungGen: 18912K->0K(134656K)] [ParOldGen: 262565K->138903K(306688K)] 281477K->138903K(441344K) [PSPermGen: 9021K->9021K(21504K)], 0.1668220 secs] [Times: user=1.25 sys=0.00, real=0.17 secs] 
27.938: Total time for which application threads were stopped: 0.1927480 seconds, Stopping threads took: 0.0000840 seconds
28.002: Application time: 0.0641650 seconds
28.002: [GC [PSYoungGen: 115712K->13723K(134656K)] 254615K->152626K(441344K), 0.0108330 secs] [Times: user=0.09 sys=0.00, real=0.01 secs] 
28.013: Total time for which application threads were stopped: 0.0110270 seconds, Stopping threads took: 0.0000880 seconds
28.069: Application time: 0.0557210 seconds
28.070: [GC [PSYoungGen: 129435K->18922K(134656K)] 268338K->177230K(441344K), 0.0213450 secs] [Times: user=0.17 sys=0.00, real=0.02 secs] 
28.091: Total time for which application threads were stopped: 0.0223010 seconds, Stopping threads took: 0.0008190 seconds
28.142: Application time: 0.0509930 seconds
28.142: [GC [PSYoungGen: 134634K->18912K(134656K)] 292942K->206943K(441344K), 0.0289640 secs] [Times: user=0.23 sys=0.00, real=0.02 secs] 
28.171: Total time for which application threads were stopped: 0.0291620 seconds, Stopping threads took: 0.0001040 seconds
28.217: Application time: 0.0459910 seconds
28.219: [GC [PSYoungGen: 134624K->18928K(134656K)] 322655K->233222K(441344K), 0.0304910 secs] [Times: user=0.24 sys=0.00, real=0.03 secs] 
28.249: Total time for which application threads were stopped: 0.0318330 seconds, Stopping threads took: 0.0012550 seconds
28.297: Application time: 0.0481990 seconds
28.297: [GC [PSYoungGen: 134544K->18928K(134656K)] 348839K->261478K(441344K), 0.0329390 secs] [Times: user=0.25 sys=0.00, real=0.03 secs] 
28.330: Total time for which application threads were stopped: 0.0331170 seconds, Stopping threads took: 0.0000860 seconds
28.378: Application time: 0.0473370 seconds
28.378: [GC [PSYoungGen: 134640K->18928K(134656K)] 377190K->288621K(441344K), 0.0333490 secs] [Times: user=0.26 sys=0.00, real=0.03 secs] 
28.411: [Full GC [PSYoungGen: 18928K->0K(134656K)] [ParOldGen: 269693K->147774K(306688K)] 288621K->147774K(441344K) [PSPermGen: 9023K->9023K(21504K)], 0.1715400 secs] [Times: user=1.27 sys=0.00, real=0.18 secs] 
28.583: Total time for which application threads were stopped: 0.2051520 seconds, Stopping threads took: 0.0001070 seconds
28.640: Application time: 0.0574900 seconds
28.641: [GC [PSYoungGen: 115712K->18912K(134656K)] 263486K->167472K(441344K), 0.0137570 secs] [Times: user=0.10 sys=0.00, real=0.01 secs] 
28.654: Total time for which application threads were stopped: 0.0139560 seconds, Stopping threads took: 0.0001010 seconds
28.716: Application time: 0.0621340 seconds
28.717: [GC [PSYoungGen: 134624K->18928K(134656K)] 283184K->180463K(441344K), 0.0219990 secs] [Times: user=0.17 sys=0.00, real=0.02 secs] 
28.739: Total time for which application threads were stopped: 0.0221590 seconds, Stopping threads took: 0.0000770 seconds
28.795: Application time: 0.0566010 seconds
28.795: [GC [PSYoungGen: 134640K->18912K(134656K)] 296175K->194112K(441344K), 0.0242580 secs] [Times: user=0.19 sys=0.00, real=0.03 secs] 
28.820: Total time for which application threads were stopped: 0.0245170 seconds, Stopping threads took: 0.0001060 seconds
28.870: Application time: 0.0505830 seconds
28.871: [GC [PSYoungGen: 134624K->18912K(134656K)] 309824K->217887K(441344K), 0.0281590 secs] [Times: user=0.23 sys=0.00, real=0.03 secs] 
28.899: Total time for which application threads were stopped: 0.0283720 seconds, Stopping threads took: 0.0001140 seconds
28.946: Application time: 0.0472370 seconds
28.946: [GC [PSYoungGen: 134624K->18928K(134656K)] 333599K->248515K(441344K), 0.0336470 secs] [Times: user=0.27 sys=0.00, real=0.04 secs] 
28.980: Total time for which application threads were stopped: 0.0338250 seconds, Stopping threads took: 0.0000920 seconds
29.027: Application time: 0.0473460 seconds
29.027: [GC [PSYoungGen: 134640K->18912K(134656K)] 364227K->275760K(441344K), 0.0320970 secs] [Times: user=0.26 sys=0.00, real=0.03 secs] 
29.059: Total time for which application threads were stopped: 0.0322480 seconds, Stopping threads took: 0.0000560 seconds
29.109: Application time: 0.0499100 seconds
29.110: [GC [PSYoungGen: 134624K->18912K(134656K)] 391472K->303807K(441344K), 0.0328550 secs] [Times: user=0.25 sys=0.00, real=0.04 secs] 
29.143: [Full GC [PSYoungGen: 18912K->0K(134656K)] [ParOldGen: 284894K->141955K(306688K)] 303807K->141955K(441344K) [PSPermGen: 9029K->9029K(21504K)], 0.1583750 secs] [Times: user=1.18 sys=0.00, real=0.16 secs] 
29.301: Total time for which application threads were stopped: 0.1921300 seconds, Stopping threads took: 0.0007430 seconds
29.355: Application time: 0.0532070 seconds
29.356: [GC [PSYoungGen: 115712K->18928K(134656K)] 257667K->165375K(441344K), 0.0151450 secs] [Times: user=0.12 sys=0.00, real=0.01 secs] 
29.371: Total time for which application threads were stopped: 0.0161460 seconds, Stopping threads took: 0.0009000 seconds
29.431: Application time: 0.0597450 seconds
29.431: [GC [PSYoungGen: 134640K->18928K(134656K)] 281087K->187679K(441344K), 0.0248690 secs] [Times: user=0.20 sys=0.00, real=0.03 secs] 
29.456: Total time for which application threads were stopped: 0.0250820 seconds, Stopping threads took: 0.0001230 seconds
29.521: Application time: 0.0652400 seconds
29.521: [GC [PSYoungGen: 134640K->18928K(134656K)] 303391K->201716K(441344K), 0.0293180 secs] [Times: user=0.23 sys=0.00, real=0.02 secs] 
29.550: Total time for which application threads were stopped: 0.0294900 seconds, Stopping threads took: 0.0000720 seconds
29.619: Application time: 0.0690180 seconds
29.620: [GC [PSYoungGen: 134640K->18928K(134656K)] 317428K->211821K(441344K), 0.0255130 secs] [Times: user=0.21 sys=0.00, real=0.02 secs] 
29.645: Total time for which application threads were stopped: 0.0257000 seconds, Stopping threads took: 0.0000980 seconds
29.686: Application time: 0.0407620 seconds
29.686: [GC [PSYoungGen: 134640K->18928K(134656K)] 327533K->241230K(441344K), 0.0313690 secs] [Times: user=0.25 sys=0.00, real=0.03 secs] 
29.717: Total time for which application threads were stopped: 0.0315840 seconds, Stopping threads took: 0.0001240 seconds
29.764: Application time: 0.0464030 seconds
29.764: [GC [PSYoungGen: 134640K->18928K(134656K)] 356942K->272419K(441344K), 0.0351370 secs] [Times: user=0.28 sys=0.00, real=0.03 secs] 
29.799: Total time for which application threads were stopped: 0.0353130 seconds, Stopping threads took: 0.0000850 seconds
29.843: Application time: 0.0440100 seconds
29.843: [GC [PSYoungGen: 134640K->18912K(134656K)] 388131K->301273K(441344K), 0.0337410 secs] [Times: user=0.26 sys=0.00, real=0.03 secs] 
29.877: [Full GC [PSYoungGen: 18912K->0K(134656K)] [ParOldGen: 282361K->141267K(306688K)] 301273K->141267K(441344K) [PSPermGen: 9033K->9033K(21504K)], 0.1557620 secs] [Times: user=1.17 sys=0.00, real=0.16 secs] 
30.033: Total time for which application threads were stopped: 0.1897310 seconds, Stopping threads took: 0.0000780 seconds
30.083: Application time: 0.0505190 seconds
30.084: [GC [PSYoungGen: 115712K->18912K(134656K)] 256979K->166390K(441344K), 0.0173570 secs] [Times: user=0.13 sys=0.00, real=0.02 secs] 
30.101: Total time for which application threads were stopped: 0.0175840 seconds, Stopping threads took: 0.0001200 seconds
30.160: Application time: 0.0592110 seconds
30.160: [GC [PSYoungGen: 134624K->18912K(134656K)] 282102K->186057K(441344K), 0.0236580 secs] [Times: user=0.19 sys=0.00, real=0.02 secs] 
30.184: Total time for which application threads were stopped: 0.0238930 seconds, Stopping threads took: 0.0000900 seconds
30.239: Application time: 0.0544020 seconds
30.240: [GC [PSYoungGen: 134624K->18912K(134656K)] 301769K->204795K(441344K), 0.0279490 secs] [Times: user=0.22 sys=0.00, real=0.02 secs] 
30.268: Total time for which application threads were stopped: 0.0290640 seconds, Stopping threads took: 0.0010230 seconds
30.323: Application time: 0.0554270 seconds
30.331: [GC [PSYoungGen: 134624K->18912K(134656K)] 320507K->221476K(441344K), 0.0265130 secs] [Times: user=0.21 sys=0.00, real=0.03 secs] 
30.358: Total time for which application threads were stopped: 0.0346570 seconds, Stopping threads took: 0.0080530 seconds
30.418: Application time: 0.0599440 seconds
30.418: [GC [PSYoungGen: 134624K->18928K(134656K)] 337188K->235358K(441344K), 0.0269780 secs] [Times: user=0.21 sys=0.00, real=0.03 secs] 
30.445: Total time for which application threads were stopped: 0.0271980 seconds, Stopping threads took: 0.0001250 seconds
30.487: Application time: 0.0425820 seconds
30.488: [GC [PSYoungGen: 134640K->18928K(134656K)] 351070K->260428K(441344K), 0.0286540 secs] [Times: user=0.22 sys=0.00, real=0.03 secs] 
30.516: Total time for which application threads were stopped: 0.0288610 seconds, Stopping threads took: 0.0000990 seconds
30.558: Application time: 0.0412310 seconds
30.558: [GC [PSYoungGen: 134640K->18928K(134656K)] 376140K->293566K(441344K), 0.0335860 secs] [Times: user=0.26 sys=0.01, real=0.03 secs] 
30.591: [Full GC [PSYoungGen: 18928K->0K(134656K)] [ParOldGen: 274638K->131369K(306688K)] 293566K->131369K(441344K) [PSPermGen: 9040K->9040K(21504K)], 0.1416170 secs] [Times: user=1.06 sys=0.00, real=0.15 secs] 
30.733: Total time for which application threads were stopped: 0.1754370 seconds, Stopping threads took: 0.0000830 seconds
30.778: Application time: 0.0446350 seconds
30.778: [GC [PSYoungGen: 115712K->18925K(134656K)] 247081K->163427K(441344K), 0.0184660 secs] [Times: user=0.14 sys=0.00, real=0.02 secs] 
30.796: Total time for which application threads were stopped: 0.0186690 seconds, Stopping threads took: 0.0001000 seconds
30.848: Application time: 0.0513080 seconds
30.848: [GC [PSYoungGen: 134637K->18912K(134656K)] 279139K->187499K(441344K), 0.0262010 secs] [Times: user=0.21 sys=0.00, real=0.03 secs] 
30.874: Total time for which application threads were stopped: 0.0263570 seconds, Stopping threads took: 0.0000660 seconds
30.928: Application time: 0.0536190 seconds
30.928: [GC [PSYoungGen: 134624K->18928K(134656K)] 303211K->207506K(441344K), 0.0265960 secs] [Times: user=0.21 sys=0.00, real=0.03 secs] 
30.954: Total time for which application threads were stopped: 0.0267600 seconds, Stopping threads took: 0.0000790 seconds
31.013: Application time: 0.0589270 seconds
31.013: [GC [PSYoungGen: 134640K->18928K(134656K)] 323218K->223232K(441344K), 0.0276720 secs] [Times: user=0.22 sys=0.00, real=0.03 secs] 
31.041: Total time for which application threads were stopped: 0.0278490 seconds, Stopping threads took: 0.0000940 seconds
31.093: Application time: 0.0516730 seconds
31.093: [GC [PSYoungGen: 134640K->18912K(134656K)] 338944K->240012K(441344K), 0.0286500 secs] [Times: user=0.22 sys=0.00, real=0.03 secs] 
31.122: Total time for which application threads were stopped: 0.0288220 seconds, Stopping threads took: 0.0000850 seconds
31.185: Application time: 0.0629120 seconds
31.185: [GC [PSYoungGen: 134624K->18928K(134656K)] 355724K->253852K(441344K), 0.0267710 secs] [Times: user=0.21 sys=0.00, real=0.02 secs] 
31.211: Total time for which application threads were stopped: 0.0269220 seconds, Stopping threads took: 0.0000700 seconds
31.254: Application time: 0.0425850 seconds
31.256: [GC [PSYoungGen: 134640K->18928K(134656K)] 369564K->281057K(441344K), 0.0292190 secs] [Times: user=0.23 sys=0.00, real=0.03 secs] 
31.285: Total time for which application threads were stopped: 0.0308500 seconds, Stopping threads took: 0.0015340 seconds
31.328: Application time: 0.0430860 seconds
31.328: [GC [PSYoungGen: 134640K->18928K(134656K)] 396769K->311489K(441344K), 0.0325980 secs] [Times: user=0.25 sys=0.00, real=0.04 secs] 
31.361: [Full GC [PSYoungGen: 18928K->0K(134656K)] [ParOldGen: 292561K->126522K(306688K)] 311489K->126522K(441344K) [PSPermGen: 9045K->9045K(21504K)], 0.1350050 secs] [Times: user=1.00 sys=0.00, real=0.13 secs] 
31.496: Total time for which application threads were stopped: 0.1678570 seconds, Stopping threads took: 0.0000950 seconds
31.536: Application time: 0.0398240 seconds
31.536: [GC [PSYoungGen: 115712K->18933K(134656K)] 242234K->160234K(441344K), 0.0183500 secs] [Times: user=0.14 sys=0.00, real=0.02 secs] 
31.554: Total time for which application threads were stopped: 0.0184960 seconds, Stopping threads took: 0.0000560 seconds
31.607: Application time: 0.0530300 seconds
31.607: [GC [PSYoungGen: 134645K->18912K(134656K)] 275946K->185913K(441344K), 0.0268050 secs] [Times: user=0.21 sys=0.00, real=0.03 secs] 
31.634: Total time for which application threads were stopped: 0.0269760 seconds, Stopping threads took: 0.0000750 seconds
31.689: Application time: 0.0549860 seconds
31.689: [GC [PSYoungGen: 134624K->18912K(134656K)] 301625K->204491K(441344K), 0.0267950 secs] [Times: user=0.20 sys=0.00, real=0.03 secs] 
31.716: Total time for which application threads were stopped: 0.0269730 seconds, Stopping threads took: 0.0000910 seconds
31.773: Application time: 0.0571610 seconds
31.773: [GC [PSYoungGen: 134624K->18912K(134656K)] 320203K->220899K(441344K), 0.0277550 secs] [Times: user=0.21 sys=0.00, real=0.03 secs] 
31.801: Total time for which application threads were stopped: 0.0279270 seconds, Stopping threads took: 0.0000880 seconds
31.853: Application time: 0.0518480 seconds
31.853: [GC [PSYoungGen: 134624K->18912K(134656K)] 336611K->238146K(441344K), 0.0282280 secs] [Times: user=0.22 sys=0.00, real=0.03 secs] 
31.882: Total time for which application threads were stopped: 0.0284950 seconds, Stopping threads took: 0.0001630 seconds
31.944: Application time: 0.0624590 seconds
31.944: [GC [PSYoungGen: 134624K->18912K(134656K)] 353858K->252679K(441344K), 0.0287520 secs] [Times: user=0.22 sys=0.00, real=0.03 secs] 
31.973: Total time for which application threads were stopped: 0.0289170 seconds, Stopping threads took: 0.0000830 seconds
32.018: Application time: 0.0449510 seconds
32.018: [GC [PSYoungGen: 134616K->18912K(134656K)] 368382K->277352K(441344K), 0.0284070 secs] [Times: user=0.22 sys=0.00, real=0.03 secs] 
32.046: Total time for which application threads were stopped: 0.0285660 seconds, Stopping threads took: 0.0000680 seconds
32.088: Application time: 0.0417380 seconds
32.088: [GC [PSYoungGen: 134624K->18928K(134656K)] 393064K->309224K(441344K), 0.0332770 secs] [Times: user=0.25 sys=0.00, real=0.04 secs] 
32.122: [Full GC [PSYoungGen: 18928K->0K(134656K)] [ParOldGen: 290295K->131367K(306688K)] 309224K->131367K(441344K) [PSPermGen: 9048K->9048K(21504K)], 0.1436790 secs] [Times: user=1.07 sys=0.00, real=0.14 secs] 
32.265: Total time for which application threads were stopped: 0.1771900 seconds, Stopping threads took: 0.0000950 seconds
32.310: Application time: 0.0444970 seconds
32.310: [GC [PSYoungGen: 115712K->18930K(134656K)] 247079K->167043K(441344K), 0.0198030 secs] [Times: user=0.15 sys=0.00, real=0.02 secs] 
32.330: Total time for which application threads were stopped: 0.0199960 seconds, Stopping threads took: 0.0001040 seconds
32.381: Application time: 0.0513860 seconds
32.381: [GC [PSYoungGen: 134642K->18928K(134656K)] 282755K->192555K(441344K), 0.0271560 secs] [Times: user=0.21 sys=0.00, real=0.02 secs] 
32.409: Total time for which application threads were stopped: 0.0273210 seconds, Stopping threads took: 0.0000690 seconds
32.467: Application time: 0.0580000 seconds
32.467: [GC [PSYoungGen: 134640K->18912K(134656K)] 308267K->206473K(441344K), 0.0243160 secs] [Times: user=0.19 sys=0.00, real=0.02 secs] 
32.491: Total time for which application threads were stopped: 0.0244750 seconds, Stopping threads took: 0.0000740 seconds
32.542: Application time: 0.0506880 seconds
32.542: [GC [PSYoungGen: 134624K->18928K(134656K)] 322185K->226208K(441344K), 0.0272080 secs] [Times: user=0.21 sys=0.00, real=0.02 secs] 
32.569: Total time for which application threads were stopped: 0.0273890 seconds, Stopping threads took: 0.0000950 seconds
32.624: Application time: 0.0546630 seconds
32.624: [GC [PSYoungGen: 134640K->18912K(134656K)] 341920K->246605K(441344K), 0.0325980 secs] [Times: user=0.24 sys=0.00, real=0.03 secs] 
32.657: Total time for which application threads were stopped: 0.0327590 seconds, Stopping threads took: 0.0000780 seconds
32.714: Application time: 0.0578350 seconds
32.715: [GC [PSYoungGen: 134624K->18928K(134656K)] 362317K->260339K(441344K), 0.0271960 secs] [Times: user=0.22 sys=0.00, real=0.03 secs] 
32.742: Total time for which application threads were stopped: 0.0278640 seconds, Stopping threads took: 0.0005860 seconds
32.789: Application time: 0.0467830 seconds
32.789: [GC [PSYoungGen: 134640K->18928K(134656K)] 376051K->283842K(441344K), 0.0298720 secs] [Times: user=0.22 sys=0.00, real=0.03 secs] 
32.819: Total time for which application threads were stopped: 0.0300520 seconds, Stopping threads took: 0.0000830 seconds
32.859: Application time: 0.0401690 seconds
32.859: [GC [PSYoungGen: 134640K->18928K(134656K)] 399554K->315052K(441344K), 0.0338570 secs] [Times: user=0.26 sys=0.00, real=0.04 secs] 
32.893: [Full GC [PSYoungGen: 18928K->0K(134656K)] [ParOldGen: 296124K->131156K(306688K)] 315052K->131156K(441344K) [PSPermGen: 9049K->9049K(21504K)], 0.1413110 secs] [Times: user=1.03 sys=0.01, real=0.14 secs] 
33.035: Total time for which application threads were stopped: 0.1753960 seconds, Stopping threads took: 0.0000800 seconds
33.077: Application time: 0.0425270 seconds
33.077: [GC [PSYoungGen: 115712K->18938K(134656K)] 246868K->165054K(441344K), 0.0187770 secs] [Times: user=0.15 sys=0.00, real=0.02 secs] 
33.096: Total time for which application threads were stopped: 0.0189420 seconds, Stopping threads took: 0.0000710 seconds
33.146: Application time: 0.0496320 seconds
33.148: [GC [PSYoungGen: 134650K->18928K(134656K)] 280766K->189636K(441344K), 0.0413100 secs] [Times: user=0.31 sys=0.00, real=0.04 secs] 
33.189: Total time for which application threads were stopped: 0.0431330 seconds, Stopping threads took: 0.0017390 seconds
33.246: Application time: 0.0575240 seconds
33.247: [GC [PSYoungGen: 134640K->18912K(134656K)] 305348K->205201K(441344K), 0.0249680 secs] [Times: user=0.19 sys=0.00, real=0.03 secs] 
33.272: Total time for which application threads were stopped: 0.0251910 seconds, Stopping threads took: 0.0001380 seconds
33.322: Application time: 0.0505380 seconds
33.322: [GC [PSYoungGen: 134624K->18928K(134656K)] 320913K->224046K(441344K), 0.0270240 secs] [Times: user=0.22 sys=0.00, real=0.02 secs] 
33.349: Total time for which application threads were stopped: 0.0271940 seconds, Stopping threads took: 0.0000830 seconds
33.405: Application time: 0.0557670 seconds
33.405: [GC [PSYoungGen: 134640K->18928K(134656K)] 339758K->245550K(441344K), 0.0291280 secs] [Times: user=0.23 sys=0.00, real=0.03 secs] 
33.434: Total time for which application threads were stopped: 0.0293130 seconds, Stopping threads took: 0.0000970 seconds
33.493: Application time: 0.0584710 seconds
33.493: [GC [PSYoungGen: 134640K->18928K(134656K)] 361262K->258518K(441344K), 0.0257270 secs] [Times: user=0.20 sys=0.00, real=0.02 secs] 
33.519: Total time for which application threads were stopped: 0.0259140 seconds, Stopping threads took: 0.0001040 seconds
33.564: Application time: 0.0454970 seconds
33.565: [GC [PSYoungGen: 134640K->18912K(134656K)] 374230K->282211K(441344K), 0.0286310 secs] [Times: user=0.23 sys=0.00, real=0.03 secs] 
33.593: Total time for which application threads were stopped: 0.0288230 seconds, Stopping threads took: 0.0001020 seconds
33.634: Application time: 0.0406900 seconds
33.634: [GC [PSYoungGen: 134624K->18928K(134656K)] 397923K->313974K(441344K), 0.0329580 secs] [Times: user=0.26 sys=0.01, real=0.03 secs] 
33.667: [Full GC [PSYoungGen: 18928K->0K(134656K)] [ParOldGen: 295046K->132252K(306688K)] 313974K->132252K(441344K) [PSPermGen: 9050K->9050K(21504K)], 0.1420980 secs] [Times: user=1.05 sys=0.00, real=0.14 secs] 
33.809: Total time for which application threads were stopped: 0.1752980 seconds, Stopping threads took: 0.0000800 seconds
33.854: Application time: 0.0451480 seconds
33.854: [GC [PSYoungGen: 115712K->18912K(134656K)] 247964K->166373K(441344K), 0.0198170 secs] [Times: user=0.15 sys=0.00, real=0.02 secs] 
33.874: Total time for which application threads were stopped: 0.0200030 seconds, Stopping threads took: 0.0000960 seconds
33.921: Application time: 0.0463550 seconds
33.921: [GC [PSYoungGen: 134624K->18912K(134656K)] 282085K->190972K(441344K), 0.0257550 secs] [Times: user=0.20 sys=0.00, real=0.02 secs] 
33.947: Total time for which application threads were stopped: 0.0259240 seconds, Stopping threads took: 0.0000830 seconds
34.006: Application time: 0.0590980 seconds
34.006: [GC [PSYoungGen: 134624K->18912K(134656K)] 306684K->207343K(441344K), 0.0482870 secs] [Times: user=0.35 sys=0.00, real=0.05 secs] 
34.054: Total time for which application threads were stopped: 0.0484440 seconds, Stopping threads took: 0.0000700 seconds
34.107: Application time: 0.0528300 seconds
34.107: [GC [PSYoungGen: 134624K->18912K(134656K)] 323055K->224757K(441344K), 0.0270170 secs] [Times: user=0.20 sys=0.00, real=0.03 secs] 
34.134: Total time for which application threads were stopped: 0.0271820 seconds, Stopping threads took: 0.0000800 seconds
34.185: Application time: 0.0509320 seconds
34.185: [GC [PSYoungGen: 134624K->18928K(134656K)] 340469K->244821K(441344K), 0.0273080 secs] [Times: user=0.21 sys=0.00, real=0.03 secs] 
34.213: Total time for which application threads were stopped: 0.0274840 seconds, Stopping threads took: 0.0000790 seconds
34.272: Application time: 0.0597750 seconds
34.273: [GC [PSYoungGen: 134640K->18928K(134656K)] 360533K->259665K(441344K), 0.0292120 secs] [Times: user=0.22 sys=0.00, real=0.03 secs] 
34.302: Total time for which application threads were stopped: 0.0293710 seconds, Stopping threads took: 0.0000800 seconds
34.346: Application time: 0.0439380 seconds
34.346: [GC [PSYoungGen: 134630K->18912K(134656K)] 375367K->283985K(441344K), 0.0290580 secs] [Times: user=0.22 sys=0.00, real=0.03 secs] 
34.375: Total time for which application threads were stopped: 0.0292270 seconds, Stopping threads took: 0.0000790 seconds
34.414: Application time: 0.0386450 seconds
34.414: [GC [PSYoungGen: 134624K->18928K(134656K)] 399697K->314413K(441344K), 0.0320630 secs] [Times: user=0.25 sys=0.00, real=0.03 secs] 
34.446: [Full GC [PSYoungGen: 18928K->0K(134656K)] [ParOldGen: 295485K->131862K(306688K)] 314413K->131862K(441344K) [PSPermGen: 9054K->9054K(21504K)], 0.1411060 secs] [Times: user=1.05 sys=0.00, real=0.14 secs] 
34.587: Total time for which application threads were stopped: 0.1733950 seconds, Stopping threads took: 0.0000750 seconds
34.634: Application time: 0.0474940 seconds
34.635: [GC [PSYoungGen: 115712K->18912K(134656K)] 247574K->165436K(441344K), 0.0198890 secs] [Times: user=0.15 sys=0.00, real=0.02 secs] 
34.655: Total time for which application threads were stopped: 0.0200890 seconds, Stopping threads took: 0.0001130 seconds
34.701: Application time: 0.0465600 seconds
34.701: [GC [PSYoungGen: 134624K->18928K(134656K)] 281148K->191545K(441344K), 0.0264820 secs] [Times: user=0.21 sys=0.00, real=0.02 secs] 
34.728: Total time for which application threads were stopped: 0.0266810 seconds, Stopping threads took: 0.0000960 seconds
34.789: Application time: 0.0609660 seconds
34.789: [GC [PSYoungGen: 134640K->18912K(134656K)] 307257K->207023K(441344K), 0.0263310 secs] [Times: user=0.21 sys=0.00, real=0.03 secs] 
34.815: Total time for which application threads were stopped: 0.0264920 seconds, Stopping threads took: 0.0000760 seconds
34.868: Application time: 0.0524350 seconds
34.868: [GC [PSYoungGen: 134624K->18928K(134656K)] 322735K->223810K(441344K), 0.0269310 secs] [Times: user=0.20 sys=0.00, real=0.03 secs] 
34.895: Total time for which application threads were stopped: 0.0270890 seconds, Stopping threads took: 0.0000710 seconds
34.947: Application time: 0.0524200 seconds
34.947: [GC [PSYoungGen: 134640K->18928K(134656K)] 339522K->244686K(441344K), 0.0283420 secs] [Times: user=0.22 sys=0.00, real=0.03 secs] 
34.976: Total time for which application threads were stopped: 0.0285180 seconds, Stopping threads took: 0.0000890 seconds
35.035: Application time: 0.0591230 seconds
35.035: [GC [PSYoungGen: 134640K->18928K(134656K)] 360398K->260735K(441344K), 0.0279300 secs] [Times: user=0.22 sys=0.00, real=0.03 secs] 
35.063: Total time for which application threads were stopped: 0.0280990 seconds, Stopping threads took: 0.0000830 seconds
35.108: Application time: 0.0450890 seconds
35.108: [GC [PSYoungGen: 134640K->18912K(134656K)] 376447K->286097K(441344K), 0.0305330 secs] [Times: user=0.23 sys=0.00, real=0.03 secs] 
35.139: Total time for which application threads were stopped: 0.0308360 seconds, Stopping threads took: 0.0002090 seconds
35.181: Application time: 0.0421150 seconds
35.181: [GC [PSYoungGen: 134624K->18928K(134656K)] 401809K->318019K(441344K), 0.0342540 secs] [Times: user=0.27 sys=0.00, real=0.03 secs] 
35.215: [Full GC [PSYoungGen: 18928K->0K(134656K)] [ParOldGen: 299091K->135116K(306688K)] 318019K->135116K(441344K) [PSPermGen: 9058K->9058K(21504K)], 0.1499290 secs] [Times: user=1.11 sys=0.00, real=0.15 secs] 
35.365: Total time for which application threads were stopped: 0.1844150 seconds, Stopping threads took: 0.0000770 seconds
35.410: Application time: 0.0449410 seconds
35.411: [GC [PSYoungGen: 115712K->18912K(134656K)] 250828K->165653K(441344K), 0.0179490 secs] [Times: user=0.14 sys=0.00, real=0.02 secs] 
35.429: Total time for which application threads were stopped: 0.0181460 seconds, Stopping threads took: 0.0000990 seconds
35.473: Application time: 0.0447900 seconds
35.473: [GC [PSYoungGen: 134624K->18912K(134656K)] 281365K->191297K(441344K), 0.0249830 secs] [Times: user=0.20 sys=0.00, real=0.02 secs] 
35.499: Total time for which application threads were stopped: 0.0251750 seconds, Stopping threads took: 0.0001050 seconds
35.559: Application time: 0.0605000 seconds
35.559: [GC [PSYoungGen: 134624K->18928K(134656K)] 307009K->206230K(441344K), 0.0262980 secs] [Times: user=0.20 sys=0.01, real=0.03 secs] 
35.585: Total time for which application threads were stopped: 0.0264580 seconds, Stopping threads took: 0.0000770 seconds
35.637: Application time: 0.0512060 seconds
35.637: [GC [PSYoungGen: 134640K->18912K(134656K)] 321942K->223725K(441344K), 0.0260320 secs] [Times: user=0.21 sys=0.00, real=0.03 secs] 
35.663: Total time for which application threads were stopped: 0.0262190 seconds, Stopping threads took: 0.0001000 seconds
35.716: Application time: 0.0534620 seconds
35.716: [GC [PSYoungGen: 134624K->18928K(134656K)] 339437K->244087K(441344K), 0.0284840 secs] [Times: user=0.22 sys=0.00, real=0.03 secs] 
35.745: Total time for which application threads were stopped: 0.0286610 seconds, Stopping threads took: 0.0000910 seconds
35.802: Application time: 0.0573480 seconds
35.804: [GC [PSYoungGen: 134640K->18912K(134656K)] 359799K->261370K(441344K), 0.0302640 secs] [Times: user=0.22 sys=0.00, real=0.03 secs] 
35.834: Total time for which application threads were stopped: 0.0315290 seconds, Stopping threads took: 0.0011850 seconds
35.879: Application time: 0.0454790 seconds
35.880: [GC [PSYoungGen: 134624K->18928K(134656K)] 377082K->286159K(441344K), 0.0302950 secs] [Times: user=0.23 sys=0.00, real=0.03 secs] 
35.910: Total time for which application threads were stopped: 0.0304580 seconds, Stopping threads took: 0.0000770 seconds
35.950: Application time: 0.0404960 seconds
35.952: [GC [PSYoungGen: 134640K->18912K(134656K)] 401871K->316699K(441344K), 0.0330790 secs] [Times: user=0.26 sys=0.00, real=0.03 secs] 
35.985: [Full GC [PSYoungGen: 18912K->0K(134656K)] [ParOldGen: 297787K->133522K(306688K)] 316699K->133522K(441344K) [PSPermGen: 9061K->9061K(21504K)], 0.1480320 secs] [Times: user=1.07 sys=0.00, real=0.15 secs] 
36.133: Total time for which application threads were stopped: 0.1824960 seconds, Stopping threads took: 0.0012340 seconds
36.183: Application time: 0.0504490 seconds
36.183: [GC [PSYoungGen: 115712K->18928K(134656K)] 249234K->165607K(441344K), 0.0199310 secs] [Times: user=0.16 sys=0.00, real=0.02 secs] 
36.203: Total time for which application threads were stopped: 0.0201220 seconds, Stopping threads took: 0.0001000 seconds
36.249: Application time: 0.0454090 seconds
36.249: [GC [PSYoungGen: 134640K->18944K(134656K)] 281319K->191449K(441344K), 0.0257140 secs] [Times: user=0.20 sys=0.00, real=0.03 secs] 
36.275: Total time for which application threads were stopped: 0.0258730 seconds, Stopping threads took: 0.0000720 seconds
36.336: Application time: 0.0614450 seconds
36.336: [GC [PSYoungGen: 134656K->18912K(134656K)] 307161K->206095K(441344K), 0.0268800 secs] [Times: user=0.21 sys=0.00, real=0.03 secs] 
36.363: Total time for which application threads were stopped: 0.0270550 seconds, Stopping threads took: 0.0000910 seconds
36.417: Application time: 0.0539690 seconds
36.417: [GC [PSYoungGen: 134624K->18912K(134656K)] 321807K->221388K(441344K), 0.0258930 secs] [Times: user=0.21 sys=0.00, real=0.03 secs] 
36.443: Total time for which application threads were stopped: 0.0260910 seconds, Stopping threads took: 0.0001090 seconds
36.493: Application time: 0.0497190 seconds
36.493: [GC [PSYoungGen: 134624K->18912K(134656K)] 337100K->242868K(441344K), 0.0278350 secs] [Times: user=0.22 sys=0.00, real=0.03 secs] 
36.521: Total time for which application threads were stopped: 0.0280270 seconds, Stopping threads took: 0.0000950 seconds
36.577: Application time: 0.0564750 seconds
36.578: [GC [PSYoungGen: 134624K->18928K(134656K)] 358580K->260717K(441344K), 0.0282820 secs] [Times: user=0.22 sys=0.00, real=0.03 secs] 
36.606: Total time for which application threads were stopped: 0.0284540 seconds, Stopping threads took: 0.0000870 seconds
36.652: Application time: 0.0456430 seconds
36.652: [GC [PSYoungGen: 134640K->18928K(134656K)] 376429K->284311K(441344K), 0.0289210 secs] [Times: user=0.22 sys=0.00, real=0.03 secs] 
36.681: Total time for which application threads were stopped: 0.0290850 seconds, Stopping threads took: 0.0000760 seconds
36.722: Application time: 0.0410380 seconds
36.722: [GC [PSYoungGen: 134640K->18928K(134656K)] 400023K->316643K(441344K), 0.0329010 secs] [Times: user=0.26 sys=0.00, real=0.03 secs] 
36.755: [Full GC [PSYoungGen: 18928K->0K(134656K)] [ParOldGen: 297714K->134602K(306688K)] 316643K->134602K(441344K) [PSPermGen: 9064K->9064K(21504K)], 0.1457640 secs] [Times: user=1.08 sys=0.00, real=0.15 secs] 
36.901: Total time for which application threads were stopped: 0.1789040 seconds, Stopping threads took: 0.0000880 seconds
36.945: Application time: 0.0446380 seconds
36.945: [GC [PSYoungGen: 115712K->18937K(134656K)] 250314K->167724K(441344K), 0.0192660 secs] [Times: user=0.15 sys=0.00, real=0.02 secs] 
36.965: Total time for which application threads were stopped: 0.0194380 seconds, Stopping threads took: 0.0000840 seconds
37.014: Application time: 0.0489230 seconds
37.014: [GC [PSYoungGen: 134649K->18928K(134656K)] 283436K->191306K(441344K), 0.0259240 secs] [Times: user=0.20 sys=0.00, real=0.03 secs] 
37.040: Total time for which application threads were stopped: 0.0261810 seconds, Stopping threads took: 0.0000970 seconds
37.097: Application time: 0.0574790 seconds
37.097: [GC [PSYoungGen: 134640K->18928K(134656K)] 307018K->207169K(441344K), 0.0267140 secs] [Times: user=0.21 sys=0.00, real=0.03 secs] 
37.124: Total time for which application threads were stopped: 0.0268850 seconds, Stopping threads took: 0.0000860 seconds
37.181: Application time: 0.0569080 seconds
37.181: [GC [PSYoungGen: 134640K->18912K(134656K)] 322881K->221117K(441344K), 0.0249220 secs] [Times: user=0.20 sys=0.00, real=0.02 secs] 
37.206: Total time for which application threads were stopped: 0.0250990 seconds, Stopping threads took: 0.0000890 seconds
37.255: Application time: 0.0486060 seconds
37.255: [GC [PSYoungGen: 134624K->18912K(134656K)] 336829K->245147K(441344K), 0.0292000 secs] [Times: user=0.22 sys=0.00, real=0.03 secs] 
37.284: Total time for which application threads were stopped: 0.0295730 seconds, Stopping threads took: 0.0002900 seconds
37.340: Application time: 0.0556160 seconds
37.340: [GC [PSYoungGen: 134624K->18912K(134656K)] 360859K->262783K(441344K), 0.0285230 secs] [Times: user=0.22 sys=0.00, real=0.02 secs] 
37.369: Total time for which application threads were stopped: 0.0286830 seconds, Stopping threads took: 0.0000760 seconds
37.417: Application time: 0.0478810 seconds
37.417: [GC [PSYoungGen: 134624K->18928K(134656K)] 378495K->284036K(441344K), 0.0284510 secs] [Times: user=0.23 sys=0.00, real=0.03 secs] 
37.445: Total time for which application threads were stopped: 0.0286190 seconds, Stopping threads took: 0.0000750 seconds
37.486: Application time: 0.0407170 seconds
37.486: [GC [PSYoungGen: 134640K->18928K(134656K)] 399748K->317924K(441344K), 0.0342160 secs] [Times: user=0.27 sys=0.00, real=0.04 secs] 
37.520: [Full GC [PSYoungGen: 18928K->0K(134656K)] [ParOldGen: 298995K->137044K(306688K)] 317924K->137044K(441344K) [PSPermGen: 9066K->9066K(21504K)], 0.1523140 secs] [Times: user=1.12 sys=0.00, real=0.15 secs] 
37.673: Total time for which application threads were stopped: 0.1867500 seconds, Stopping threads took: 0.0000620 seconds
37.723: Application time: 0.0500570 seconds
37.723: [GC [PSYoungGen: 115712K->18912K(134656K)] 252756K->167602K(441344K), 0.0195590 secs] [Times: user=0.16 sys=0.00, real=0.02 secs] 
37.742: Total time for which application threads were stopped: 0.0197640 seconds, Stopping threads took: 0.0001070 seconds
37.792: Application time: 0.0491910 seconds
37.792: [GC [PSYoungGen: 134624K->18928K(134656K)] 283314K->188727K(441344K), 0.0250880 secs] [Times: user=0.20 sys=0.00, real=0.02 secs] 
37.817: Total time for which application threads were stopped: 0.0252630 seconds, Stopping threads took: 0.0000840 seconds
37.875: Application time: 0.0580340 seconds
37.875: [GC [PSYoungGen: 134640K->18928K(134656K)] 304439K->208240K(441344K), 0.0275260 secs] [Times: user=0.22 sys=0.00, real=0.03 secs] 
37.903: Total time for which application threads were stopped: 0.0277210 seconds, Stopping threads took: 0.0001090 seconds
37.958: Application time: 0.0551360 seconds
37.958: [GC [PSYoungGen: 134640K->18912K(134656K)] 323952K->222693K(441344K), 0.0250480 secs] [Times: user=0.19 sys=0.00, real=0.03 secs] 
37.983: Total time for which application threads were stopped: 0.0252380 seconds, Stopping threads took: 0.0001020 seconds
38.035: Application time: 0.0519750 seconds
38.035: [GC [PSYoungGen: 134624K->18928K(134656K)] 338405K->243593K(441344K), 0.0281550 secs] [Times: user=0.22 sys=0.00, real=0.03 secs] 
38.063: Total time for which application threads were stopped: 0.0283490 seconds, Stopping threads took: 0.0001060 seconds
38.117: Application time: 0.0540000 seconds
38.118: [GC [PSYoungGen: 134640K->18928K(134656K)] 359305K->262112K(441344K), 0.0284670 secs] [Times: user=0.22 sys=0.00, real=0.03 secs] 
38.146: Total time for which application threads were stopped: 0.0286350 seconds, Stopping threads took: 0.0000800 seconds
38.192: Application time: 0.0459360 seconds
38.192: [GC [PSYoungGen: 134640K->18928K(134656K)] 377824K->285690K(441344K), 0.0298160 secs] [Times: user=0.23 sys=0.00, real=0.03 secs] 
38.222: Total time for which application threads were stopped: 0.0299700 seconds, Stopping threads took: 0.0000670 seconds
38.261: Application time: 0.0391220 seconds
38.261: [GC [PSYoungGen: 134640K->18912K(134656K)] 401402K->318451K(441344K), 0.0340200 secs] [Times: user=0.27 sys=0.00, real=0.03 secs] 
38.295: [Full GC [PSYoungGen: 18912K->0K(134656K)] [ParOldGen: 299539K->137447K(306688K)] 318451K->137447K(441344K) [PSPermGen: 9069K->9069K(21504K)], 0.1483010 secs] [Times: user=1.10 sys=0.00, real=0.15 secs] 
38.444: Total time for which application threads were stopped: 0.1825880 seconds, Stopping threads took: 0.0001050 seconds
38.492: Application time: 0.0483040 seconds
38.496: [GC [PSYoungGen: 115642K->18912K(134656K)] 253089K->168888K(441344K), 0.0207250 secs] [Times: user=0.16 sys=0.00, real=0.02 secs] 
38.516: Total time for which application threads were stopped: 0.0243940 seconds, Stopping threads took: 0.0035820 seconds
38.567: Application time: 0.0504230 seconds
38.567: [GC [PSYoungGen: 134624K->18912K(134656K)] 284600K->191467K(441344K), 0.0248360 secs] [Times: user=0.20 sys=0.00, real=0.03 secs] 
38.592: Total time for which application threads were stopped: 0.0250440 seconds, Stopping threads took: 0.0001170 seconds
38.649: Application time: 0.0567010 seconds
38.649: [GC [PSYoungGen: 134624K->18912K(134656K)] 307179K->209770K(441344K), 0.0269300 secs] [Times: user=0.20 sys=0.00, real=0.03 secs] 
38.676: Total time for which application threads were stopped: 0.0271030 seconds, Stopping threads took: 0.0000900 seconds
38.732: Application time: 0.0563130 seconds
38.732: [GC [PSYoungGen: 134624K->18912K(134656K)] 325482K->222699K(441344K), 0.0252930 secs] [Times: user=0.19 sys=0.00, real=0.02 secs] 
38.757: Total time for which application threads were stopped: 0.0254660 seconds, Stopping threads took: 0.0000870 seconds
38.810: Application time: 0.0523860 seconds
38.810: [GC [PSYoungGen: 134624K->18912K(134656K)] 338411K->242621K(441344K), 0.0298670 secs] [Times: user=0.23 sys=0.00, real=0.04 secs] 
38.840: Total time for which application threads were stopped: 0.0300400 seconds, Stopping threads took: 0.0000730 seconds
38.893: Application time: 0.0528620 seconds
38.893: [GC [PSYoungGen: 134624K->18912K(134656K)] 358333K->262040K(441344K), 0.0313900 secs] [Times: user=0.24 sys=0.00, real=0.03 secs] 
38.924: Total time for which application threads were stopped: 0.0315860 seconds, Stopping threads took: 0.0001080 seconds
38.968: Application time: 0.0440410 seconds
38.968: [GC [PSYoungGen: 134624K->18912K(134656K)] 377752K->289151K(441344K), 0.0336000 secs] [Times: user=0.26 sys=0.00, real=0.04 secs] 
39.002: Total time for which application threads were stopped: 0.0337700 seconds, Stopping threads took: 0.0000830 seconds
39.040: Application time: 0.0374750 seconds
39.040: [GC [PSYoungGen: 134624K->18928K(134656K)] 404863K->321218K(441344K), 0.0358540 secs] [Times: user=0.28 sys=0.00, real=0.03 secs] 
39.076: [Full GC [PSYoungGen: 18928K->0K(134656K)] [ParOldGen: 302289K->141039K(306688K)] 321218K->141039K(441344K) [PSPermGen: 9070K->9070K(21504K)], 0.1572450 secs] [Times: user=1.16 sys=0.00, real=0.16 secs] 
39.233: Total time for which application threads were stopped: 0.1933180 seconds, Stopping threads took: 0.0000690 seconds
39.289: Application time: 0.0556980 seconds
39.289: [GC [PSYoungGen: 115712K->18912K(134656K)] 256751K->169245K(441344K), 0.0197690 secs] [Times: user=0.15 sys=0.00, real=0.02 secs] 
39.309: Total time for which application threads were stopped: 0.0199200 seconds, Stopping threads took: 0.0000660 seconds
39.353: Application time: 0.0443570 seconds
39.353: [GC [PSYoungGen: 134624K->18912K(134656K)] 284957K->192512K(441344K), 0.0245860 secs] [Times: user=0.19 sys=0.00, real=0.02 secs] 
39.378: Total time for which application threads were stopped: 0.0247590 seconds, Stopping threads took: 0.0000760 seconds
39.436: Application time: 0.0584050 seconds
39.436: [GC [PSYoungGen: 134624K->18928K(134656K)] 308224K->212424K(441344K), 0.0291530 secs] [Times: user=0.23 sys=0.00, real=0.03 secs] 
39.465: Total time for which application threads were stopped: 0.0293240 seconds, Stopping threads took: 0.0000850 seconds
39.525: Application time: 0.0592680 seconds
39.525: [GC [PSYoungGen: 134487K->18928K(134656K)] 327984K->221728K(441344K), 0.0242590 secs] [Times: user=0.19 sys=0.00, real=0.02 secs] 
39.549: Total time for which application threads were stopped: 0.0245020 seconds, Stopping threads took: 0.0001610 seconds
39.599: Application time: 0.0502850 seconds
39.600: [GC [PSYoungGen: 134640K->18912K(134656K)] 337440K->241952K(441344K), 0.0285140 secs] [Times: user=0.23 sys=0.00, real=0.02 secs] 
39.628: Total time for which application threads were stopped: 0.0286980 seconds, Stopping threads took: 0.0000970 seconds
39.679: Application time: 0.0506800 seconds
39.679: [GC [PSYoungGen: 134624K->18928K(134656K)] 357664K->263589K(441344K), 0.0314300 secs] [Times: user=0.25 sys=0.00, real=0.03 secs] 
39.710: Total time for which application threads were stopped: 0.0315920 seconds, Stopping threads took: 0.0000720 seconds
39.755: Application time: 0.0444550 seconds
39.756: [GC [PSYoungGen: 134459K->18928K(134656K)] 379119K->291275K(441344K), 0.0341680 secs] [Times: user=0.27 sys=0.00, real=0.03 secs] 
39.790: [Full GC [PSYoungGen: 18928K->0K(134656K)] [ParOldGen: 272346K->122934K(306688K)] 291275K->122934K(441344K) [PSPermGen: 9074K->9074K(21504K)], 0.1311000 secs] [Times: user=0.97 sys=0.00, real=0.14 secs] 
39.921: Total time for which application threads were stopped: 0.1660380 seconds, Stopping threads took: 0.0006190 seconds
39.959: Application time: 0.0375750 seconds
39.959: [GC [PSYoungGen: 115712K->18916K(134656K)] 238646K->154024K(441344K), 0.0152770 secs] [Times: user=0.11 sys=0.00, real=0.02 secs] 
39.974: Total time for which application threads were stopped: 0.0154560 seconds, Stopping threads took: 0.0000710 seconds
40.027: Application time: 0.0525400 seconds
40.027: [GC [PSYoungGen: 134628K->18939K(134656K)] 269736K->181103K(441344K), 0.0265640 secs] [Times: user=0.21 sys=0.00, real=0.03 secs] 
40.053: Total time for which application threads were stopped: 0.0267310 seconds, Stopping threads took: 0.0000830 seconds
40.097: Application time: 0.0441670 seconds
40.098: [GC [PSYoungGen: 134651K->18939K(134656K)] 296815K->204506K(441344K), 0.0268100 secs] [Times: user=0.20 sys=0.00, real=0.03 secs] 
40.124: Total time for which application threads were stopped: 0.0269710 seconds, Stopping threads took: 0.0000700 seconds
40.180: Application time: 0.0560580 seconds
40.181: [GC [PSYoungGen: 134651K->18939K(134656K)] 320218K->225921K(441344K), 0.0305390 secs] [Times: user=0.24 sys=0.00, real=0.02 secs] 
40.211: Total time for which application threads were stopped: 0.0306950 seconds, Stopping threads took: 0.0000740 seconds
40.270: Application time: 0.0592800 seconds
40.271: [GC [PSYoungGen: 134651K->18939K(134656K)] 341633K->234709K(441344K), 0.0258730 secs] [Times: user=0.20 sys=0.00, real=0.03 secs] 
40.296: Total time for which application threads were stopped: 0.0260290 seconds, Stopping threads took: 0.0000770 seconds
40.346: Application time: 0.0499830 seconds
40.347: [GC [PSYoungGen: 134651K->18923K(134656K)] 350421K->253617K(441344K), 0.0300600 secs] [Times: user=0.24 sys=0.00, real=0.03 secs] 
40.377: Total time for which application threads were stopped: 0.0302340 seconds, Stopping threads took: 0.0000880 seconds
40.428: Application time: 0.0516210 seconds
40.428: [GC [PSYoungGen: 134635K->18923K(134656K)] 369329K->277305K(441344K), 0.0341310 secs] [Times: user=0.27 sys=0.00, real=0.04 secs] 
40.463: Total time for which application threads were stopped: 0.0342980 seconds, Stopping threads took: 0.0000800 seconds
40.509: Application time: 0.0461980 seconds
40.509: [GC [PSYoungGen: 134635K->18939K(134656K)] 393017K->305885K(441344K), 0.0356950 secs] [Times: user=0.28 sys=0.00, real=0.04 secs] 
40.545: [Full GC [PSYoungGen: 18939K->0K(134656K)] [ParOldGen: 286945K->118953K(306688K)] 305885K->118953K(441344K) [PSPermGen: 9075K->9075K(21504K)], 0.1258630 secs] [Times: user=0.92 sys=0.00, real=0.12 secs] 
40.671: Total time for which application threads were stopped: 0.1618450 seconds, Stopping threads took: 0.0001050 seconds
40.708: Application time: 0.0376060 seconds
40.708: [GC [PSYoungGen: 115712K->18939K(134656K)] 234665K->150005K(441344K), 0.0155860 secs] [Times: user=0.12 sys=0.00, real=0.02 secs] 
40.724: Total time for which application threads were stopped: 0.0157460 seconds, Stopping threads took: 0.0000730 seconds
40.777: Application time: 0.0533100 seconds
40.777: [GC [PSYoungGen: 134651K->18928K(134656K)] 265717K->177791K(441344K), 0.0275150 secs] [Times: user=0.22 sys=0.00, real=0.03 secs] 
40.805: Total time for which application threads were stopped: 0.0276760 seconds, Stopping threads took: 0.0000800 seconds
40.851: Application time: 0.0461860 seconds
40.851: [GC [PSYoungGen: 134640K->18912K(134656K)] 293503K->198185K(441344K), 0.0257420 secs] [Times: user=0.20 sys=0.00, real=0.03 secs] 
40.877: Total time for which application threads were stopped: 0.0258940 seconds, Stopping threads took: 0.0000660 seconds
40.931: Application time: 0.0537720 seconds
40.932: [GC [PSYoungGen: 134624K->18912K(134656K)] 313897K->219773K(441344K), 0.0312640 secs] [Times: user=0.25 sys=0.00, real=0.03 secs] 
40.963: Total time for which application threads were stopped: 0.0320390 seconds, Stopping threads took: 0.0006900 seconds
41.023: Application time: 0.0595980 seconds
41.023: [GC [PSYoungGen: 134624K->18912K(134656K)] 335485K->229978K(441344K), 0.0302020 secs] [Times: user=0.23 sys=0.00, real=0.03 secs] 
41.053: Total time for which application threads were stopped: 0.0304290 seconds, Stopping threads took: 0.0001310 seconds
41.105: Application time: 0.0522550 seconds
41.105: [GC [PSYoungGen: 134624K->18928K(134656K)] 345690K->248390K(441344K), 0.0308720 secs] [Times: user=0.24 sys=0.00, real=0.03 secs] 
41.136: Total time for which application threads were stopped: 0.0310710 seconds, Stopping threads took: 0.0001010 seconds
41.186: Application time: 0.0494290 seconds
41.186: [GC [PSYoungGen: 134640K->18928K(134656K)] 364102K->271502K(441344K), 0.0332590 secs] [Times: user=0.26 sys=0.00, real=0.03 secs] 
41.219: Total time for which application threads were stopped: 0.0334510 seconds, Stopping threads took: 0.0001040 seconds
41.262: Application time: 0.0425030 seconds
41.262: [GC [PSYoungGen: 134640K->18928K(134656K)] 387214K->300879K(441344K), 0.0356830 secs] [Times: user=0.29 sys=0.00, real=0.03 secs] 
41.298: [Full GC [PSYoungGen: 18928K->0K(134656K)] [ParOldGen: 281951K->119475K(306688K)] 300879K->119475K(441344K) [PSPermGen: 9076K->9076K(21504K)], 0.1242020 secs] [Times: user=0.91 sys=0.00, real=0.13 secs] 
41.422: Total time for which application threads were stopped: 0.1601040 seconds, Stopping threads took: 0.0000690 seconds
41.460: Application time: 0.0377750 seconds
41.460: [GC [PSYoungGen: 115712K->18921K(134656K)] 235187K->150962K(441344K), 0.0158730 secs] [Times: user=0.13 sys=0.00, real=0.01 secs] 
41.476: Total time for which application threads were stopped: 0.0160620 seconds, Stopping threads took: 0.0001030 seconds
41.531: Application time: 0.0556400 seconds
41.536: [GC [PSYoungGen: 134633K->18928K(134656K)] 266674K->178528K(441344K), 0.0280730 secs] [Times: user=0.22 sys=0.00, real=0.03 secs] 
41.564: Total time for which application threads were stopped: 0.0324920 seconds, Stopping threads took: 0.0043240 seconds
41.612: Application time: 0.0477370 seconds
41.612: [GC [PSYoungGen: 134640K->18912K(134656K)] 294240K->197339K(441344K), 0.0253040 secs] [Times: user=0.20 sys=0.00, real=0.02 secs] 
41.637: Total time for which application threads were stopped: 0.0254640 seconds, Stopping threads took: 0.0000720 seconds
41.691: Application time: 0.0537920 seconds
41.692: [GC [PSYoungGen: 134624K->18912K(134656K)] 313051K->220107K(441344K), 0.0322530 secs] [Times: user=0.24 sys=0.00, real=0.03 secs] 
41.724: Total time for which application threads were stopped: 0.0331670 seconds, Stopping threads took: 0.0008250 seconds
41.784: Application time: 0.0604840 seconds
41.785: [GC [PSYoungGen: 134624K->18912K(134656K)] 335819K->231075K(441344K), 0.0291050 secs] [Times: user=0.23 sys=0.00, real=0.03 secs] 
41.814: Total time for which application threads were stopped: 0.0292910 seconds, Stopping threads took: 0.0001010 seconds
41.867: Application time: 0.0532520 seconds
41.867: [GC [PSYoungGen: 134624K->18912K(134656K)] 346787K->248675K(441344K), 0.0299590 secs] [Times: user=0.23 sys=0.00, real=0.03 secs] 
41.897: Total time for which application threads were stopped: 0.0301220 seconds, Stopping threads took: 0.0000770 seconds
41.947: Application time: 0.0500220 seconds
41.947: [GC [PSYoungGen: 134624K->18912K(134656K)] 364387K->272271K(441344K), 0.0335990 secs] [Times: user=0.26 sys=0.00, real=0.04 secs] 
41.981: Total time for which application threads were stopped: 0.0338040 seconds, Stopping threads took: 0.0001130 seconds
42.025: Application time: 0.0440620 seconds
42.025: [GC [PSYoungGen: 134624K->18928K(134656K)] 387983K->301163K(441344K), 0.0356110 secs] [Times: user=0.28 sys=0.00, real=0.04 secs] 
42.061: [Full GC [PSYoungGen: 18928K->0K(134656K)] [ParOldGen: 282235K->118720K(306688K)] 301163K->118720K(441344K) [PSPermGen: 9077K->9077K(21504K)], 0.1252300 secs] [Times: user=0.91 sys=0.00, real=0.12 secs] 
42.186: Total time for which application threads were stopped: 0.1610650 seconds, Stopping threads took: 0.0000740 seconds
42.226: Application time: 0.0398640 seconds
42.226: [GC [PSYoungGen: 115712K->18914K(134656K)] 234432K->149475K(441344K), 0.0151400 secs] [Times: user=0.12 sys=0.00, real=0.02 secs] 
42.241: Total time for which application threads were stopped: 0.0153410 seconds, Stopping threads took: 0.0000960 seconds
42.295: Application time: 0.0539450 seconds
42.295: [GC [PSYoungGen: 134626K->18912K(134656K)] 265187K->177586K(441344K), 0.0277520 secs] [Times: user=0.22 sys=0.00, real=0.03 secs] 
42.323: Total time for which application threads were stopped: 0.0279230 seconds, Stopping threads took: 0.0000800 seconds
42.371: Application time: 0.0474290 seconds
42.371: [GC [PSYoungGen: 134624K->18928K(134656K)] 293298K->198427K(441344K), 0.0265700 secs] [Times: user=0.21 sys=0.00, real=0.03 secs] 
42.397: Total time for which application threads were stopped: 0.0267450 seconds, Stopping threads took: 0.0000890 seconds
42.449: Application time: 0.0517510 seconds
42.449: [GC [PSYoungGen: 134640K->18912K(134656K)] 314139K->221495K(441344K), 0.0317070 secs] [Times: user=0.25 sys=0.00, real=0.04 secs] 
42.481: Total time for which application threads were stopped: 0.0318470 seconds, Stopping threads took: 0.0000560 seconds
42.540: Application time: 0.0594370 seconds
42.540: [GC [PSYoungGen: 134624K->18912K(134656K)] 337207K->231926K(441344K), 0.0279860 secs] [Times: user=0.22 sys=0.00, real=0.02 secs] 
42.569: Total time for which application threads were stopped: 0.0281430 seconds, Stopping threads took: 0.0000760 seconds
42.622: Application time: 0.0534300 seconds
42.622: [GC [PSYoungGen: 134624K->18928K(134656K)] 347638K->248989K(441344K), 0.0293860 secs] [Times: user=0.23 sys=0.00, real=0.02 secs] 
42.651: Total time for which application threads were stopped: 0.0295630 seconds, Stopping threads took: 0.0000890 seconds
42.700: Application time: 0.0480990 seconds
42.700: [GC [PSYoungGen: 134640K->18928K(134656K)] 364701K->272730K(441344K), 0.0327890 secs] [Times: user=0.26 sys=0.00, real=0.03 secs] 
42.733: Total time for which application threads were stopped: 0.0329600 seconds, Stopping threads took: 0.0000850 seconds
42.778: Application time: 0.0457160 seconds
42.778: [GC [PSYoungGen: 134640K->18928K(134656K)] 388442K->300737K(441344K), 0.0364720 secs] [Times: user=0.28 sys=0.01, real=0.04 secs] 
42.815: [Full GC [PSYoungGen: 18928K->0K(134656K)] [ParOldGen: 281809K->123448K(306688K)] 300737K->123448K(441344K) [PSPermGen: 9079K->9079K(21504K)], 0.1324530 secs] [Times: user=0.98 sys=0.00, real=0.13 secs] 
42.947: Total time for which application threads were stopped: 0.1691830 seconds, Stopping threads took: 0.0000850 seconds
42.986: Application time: 0.0387770 seconds
42.986: [GC [PSYoungGen: 115712K->18928K(134656K)] 239160K->155219K(441344K), 0.0161500 secs] [Times: user=0.12 sys=0.00, real=0.02 secs] 
43.003: Total time for which application threads were stopped: 0.0163460 seconds, Stopping threads took: 0.0001010 seconds
43.055: Application time: 0.0519880 seconds
43.055: [GC [PSYoungGen: 134640K->18939K(134656K)] 270931K->182575K(441344K), 0.0270240 secs] [Times: user=0.21 sys=0.00, real=0.03 secs] 
43.082: Total time for which application threads were stopped: 0.0272000 seconds, Stopping threads took: 0.0000940 seconds
43.130: Application time: 0.0486650 seconds
43.131: [GC [PSYoungGen: 134651K->18939K(134656K)] 298287K->203936K(441344K), 0.0261340 secs] [Times: user=0.20 sys=0.00, real=0.03 secs] 
43.157: Total time for which application threads were stopped: 0.0263060 seconds, Stopping threads took: 0.0000820 seconds
43.209: Application time: 0.0526690 seconds
43.210: [GC [PSYoungGen: 134651K->18923K(134656K)] 319648K->226177K(441344K), 0.0298010 secs] [Times: user=0.24 sys=0.00, real=0.03 secs] 
43.239: Total time for which application threads were stopped: 0.0299560 seconds, Stopping threads took: 0.0000710 seconds
43.299: Application time: 0.0599980 seconds
43.300: [GC [PSYoungGen: 134635K->18939K(134656K)] 341889K->236790K(441344K), 0.0270350 secs] [Times: user=0.21 sys=0.00, real=0.02 secs] 
43.327: Total time for which application threads were stopped: 0.0272140 seconds, Stopping threads took: 0.0000730 seconds
43.382: Application time: 0.0558640 seconds
43.383: [GC [PSYoungGen: 134651K->18923K(134656K)] 352502K->253155K(441344K), 0.0287530 secs] [Times: user=0.21 sys=0.01, real=0.02 secs] 
43.411: Total time for which application threads were stopped: 0.0289140 seconds, Stopping threads took: 0.0000750 seconds
43.459: Application time: 0.0471220 seconds
43.459: [GC [PSYoungGen: 134635K->18923K(134656K)] 368867K->277615K(441344K), 0.0320260 secs] [Times: user=0.25 sys=0.00, real=0.03 secs] 
43.491: Total time for which application threads were stopped: 0.0322140 seconds, Stopping threads took: 0.0001020 seconds
43.539: Application time: 0.0482180 seconds
43.539: [GC [PSYoungGen: 134635K->18939K(134656K)] 393327K->303816K(441344K), 0.0339940 secs] [Times: user=0.27 sys=0.00, real=0.04 secs] 
43.573: [Full GC [PSYoungGen: 18939K->0K(134656K)] [ParOldGen: 284877K->125920K(306688K)] 303816K->125920K(441344K) [PSPermGen: 9081K->9081K(21504K)], 0.1391190 secs] [Times: user=1.02 sys=0.00, real=0.14 secs] 
43.712: Total time for which application threads were stopped: 0.1733430 seconds, Stopping threads took: 0.0000820 seconds
43.753: Application time: 0.0403160 seconds
43.753: [GC [PSYoungGen: 115712K->18914K(134656K)] 241632K->156079K(441344K), 0.0155900 secs] [Times: user=0.12 sys=0.00, real=0.01 secs] 
43.768: Total time for which application threads were stopped: 0.0157550 seconds, Stopping threads took: 0.0000800 seconds
43.816: Application time: 0.0479430 seconds
43.816: [GC [PSYoungGen: 134626K->18912K(134656K)] 271791K->185874K(441344K), 0.0267550 secs] [Times: user=0.21 sys=0.00, real=0.03 secs] 
43.843: Total time for which application threads were stopped: 0.0269120 seconds, Stopping threads took: 0.0000600 seconds
43.890: Application time: 0.0468770 seconds
43.890: [GC [PSYoungGen: 134624K->18912K(134656K)] 301586K->209077K(441344K), 0.0268310 secs] [Times: user=0.21 sys=0.00, real=0.03 secs] 
43.917: Total time for which application threads were stopped: 0.0270070 seconds, Stopping threads took: 0.0000910 seconds
43.972: Application time: 0.0550480 seconds
43.972: [GC [PSYoungGen: 134624K->18928K(134656K)] 324789K->231753K(441344K), 0.0302990 secs] [Times: user=0.24 sys=0.00, real=0.03 secs] 
44.003: Total time for which application threads were stopped: 0.0304630 seconds, Stopping threads took: 0.0000800 seconds
44.064: Application time: 0.0611250 seconds
44.064: [GC [PSYoungGen: 134640K->18912K(134656K)] 347465K->241853K(441344K), 0.0268480 secs] [Times: user=0.21 sys=0.00, real=0.02 secs] 
44.091: Total time for which application threads were stopped: 0.0270240 seconds, Stopping threads took: 0.0000950 seconds
44.148: Application time: 0.0567520 seconds
44.148: [GC [PSYoungGen: 134624K->18928K(134656K)] 357565K->257001K(441344K), 0.0282120 secs] [Times: user=0.22 sys=0.01, real=0.03 secs] 
44.176: Total time for which application threads were stopped: 0.0283790 seconds, Stopping threads took: 0.0000780 seconds
44.222: Application time: 0.0461930 seconds
44.222: [GC [PSYoungGen: 134640K->18912K(134656K)] 372713K->281104K(441344K), 0.0321260 secs] [Times: user=0.26 sys=0.00, real=0.03 secs] 
44.254: Total time for which application threads were stopped: 0.0323100 seconds, Stopping threads took: 0.0000940 seconds
44.302: Application time: 0.0473340 seconds
44.302: [GC [PSYoungGen: 134624K->18912K(134656K)] 396816K->308139K(441344K), 0.0347090 secs] [Times: user=0.28 sys=0.00, real=0.03 secs] 
44.337: [Full GC [PSYoungGen: 18912K->0K(134656K)] [ParOldGen: 289227K->124760K(306688K)] 308139K->124760K(441344K) [PSPermGen: 9081K->9081K(21504K)], 0.1346430 secs] [Times: user=1.00 sys=0.00, real=0.13 secs] 
44.471: Total time for which application threads were stopped: 0.1695780 seconds, Stopping threads took: 0.0000850 seconds
44.510: Application time: 0.0383130 seconds
44.510: [GC [PSYoungGen: 115712K->18919K(134656K)] 240472K->154640K(441344K), 0.0147510 secs] [Times: user=0.12 sys=0.00, real=0.02 secs] 
44.525: Total time for which application threads were stopped: 0.0149550 seconds, Stopping threads took: 0.0001020 seconds
44.573: Application time: 0.0481210 seconds
44.573: [GC [PSYoungGen: 134631K->18928K(134656K)] 270352K->184543K(441344K), 0.0267810 secs] [Times: user=0.21 sys=0.00, real=0.03 secs] 
44.600: Total time for which application threads were stopped: 0.0269250 seconds, Stopping threads took: 0.0000600 seconds
44.647: Application time: 0.0474280 seconds
44.655: [GC [PSYoungGen: 134640K->18928K(134656K)] 300255K->207039K(441344K), 0.0258470 secs] [Times: user=0.21 sys=0.00, real=0.03 secs] 
44.681: Total time for which application threads were stopped: 0.0339360 seconds, Stopping threads took: 0.0080020 seconds
44.734: Application time: 0.0527860 seconds
44.734: [GC [PSYoungGen: 134640K->18912K(134656K)] 322751K->229692K(441344K), 0.0306600 secs] [Times: user=0.24 sys=0.00, real=0.03 secs] 
44.765: Total time for which application threads were stopped: 0.0308600 seconds, Stopping threads took: 0.0001080 seconds
44.825: Application time: 0.0607650 seconds
44.826: [GC [PSYoungGen: 134624K->18928K(134656K)] 345404K->240595K(441344K), 0.0272770 secs] [Times: user=0.22 sys=0.00, real=0.03 secs] 
44.853: Total time for which application threads were stopped: 0.0274610 seconds, Stopping threads took: 0.0001020 seconds
44.911: Application time: 0.0585520 seconds
44.916: [GC [PSYoungGen: 134640K->18912K(134656K)] 356307K->253671K(441344K), 0.0282560 secs] [Times: user=0.22 sys=0.00, real=0.03 secs] 
44.944: Total time for which application threads were stopped: 0.0324020 seconds, Stopping threads took: 0.0040600 seconds
44.990: Application time: 0.0464880 seconds
44.990: [GC [PSYoungGen: 134624K->18928K(134656K)] 369383K->277193K(441344K), 0.0326280 secs] [Times: user=0.26 sys=0.00, real=0.04 secs] 
45.023: Total time for which application threads were stopped: 0.0328020 seconds, Stopping threads took: 0.0000820 seconds
45.069: Application time: 0.0462110 seconds
45.070: [GC [PSYoungGen: 134640K->18928K(134656K)] 392905K->306988K(441344K), 0.0373800 secs] [Times: user=0.29 sys=0.01, real=0.04 secs] 
45.107: [Full GC [PSYoungGen: 18928K->0K(134656K)] [ParOldGen: 288060K->121663K(306688K)] 306988K->121663K(441344K) [PSPermGen: 9082K->9082K(21504K)], 0.1309980 secs] [Times: user=0.96 sys=0.00, real=0.13 secs] 
45.238: Total time for which application threads were stopped: 0.1686390 seconds, Stopping threads took: 0.0000960 seconds
45.276: Application time: 0.0384110 seconds
45.277: [GC [PSYoungGen: 115712K->18935K(134656K)] 237375K->153429K(441344K), 0.0159510 secs] [Times: user=0.13 sys=0.00, real=0.02 secs] 
45.293: Total time for which application threads were stopped: 0.0161160 seconds, Stopping threads took: 0.0000780 seconds
45.344: Application time: 0.0513070 seconds
45.344: [GC [PSYoungGen: 134647K->18912K(134656K)] 269141K->182539K(441344K), 0.0277440 secs] [Times: user=0.21 sys=0.00, real=0.03 secs] 
45.372: Total time for which application threads were stopped: 0.0278970 seconds, Stopping threads took: 0.0000690 seconds
45.422: Application time: 0.0499430 seconds
45.422: [GC [PSYoungGen: 134624K->18928K(134656K)] 298251K->202781K(441344K), 0.0258020 secs] [Times: user=0.19 sys=0.00, real=0.02 secs] 
45.448: Total time for which application threads were stopped: 0.0259640 seconds, Stopping threads took: 0.0000740 seconds
45.498: Application time: 0.0506770 seconds
45.498: [GC [PSYoungGen: 134640K->18912K(134656K)] 318493K->226003K(441344K), 0.0303850 secs] [Times: user=0.24 sys=0.00, real=0.03 secs] 
45.529: Total time for which application threads were stopped: 0.0305530 seconds, Stopping threads took: 0.0000780 seconds
45.589: Application time: 0.0601550 seconds
45.589: [GC [PSYoungGen: 134624K->18912K(134656K)] 341715K->237158K(441344K), 0.0271420 secs] [Times: user=0.21 sys=0.00, real=0.03 secs] 
45.616: Total time for which application threads were stopped: 0.0273120 seconds, Stopping threads took: 0.0000780 seconds
45.674: Application time: 0.0573290 seconds
45.674: [GC [PSYoungGen: 134624K->18912K(134656K)] 352870K->249711K(441344K), 0.0288680 secs] [Times: user=0.23 sys=0.00, real=0.03 secs] 
45.703: Total time for which application threads were stopped: 0.0290490 seconds, Stopping threads took: 0.0000940 seconds
45.750: Application time: 0.0469550 seconds
45.750: [GC [PSYoungGen: 134624K->18928K(134656K)] 365423K->272912K(441344K), 0.0321960 secs] [Times: user=0.26 sys=0.00, real=0.04 secs] 
45.782: Total time for which application threads were stopped: 0.0323730 seconds, Stopping threads took: 0.0000880 seconds
45.826: Application time: 0.0441730 seconds
45.826: [GC [PSYoungGen: 134640K->18928K(134656K)] 388624K->303009K(441344K), 0.0365070 secs] [Times: user=0.29 sys=0.00, real=0.04 secs] 
45.863: [Full GC [PSYoungGen: 18928K->0K(134656K)] [ParOldGen: 284081K->122226K(306688K)] 303009K->122226K(441344K) [PSPermGen: 9082K->9082K(21504K)], 0.1311150 secs] [Times: user=0.97 sys=0.00, real=0.13 secs] 
45.994: Total time for which application threads were stopped: 0.1678570 seconds, Stopping threads took: 0.0000840 seconds
46.033: Application time: 0.0384170 seconds
46.036: [GC [PSYoungGen: 115712K->18912K(134656K)] 237938K->153353K(441344K), 0.0160260 secs] [Times: user=0.12 sys=0.00, real=0.02 secs] 
46.052: Total time for which application threads were stopped: 0.0191010 seconds, Stopping threads took: 0.0029860 seconds
46.100: Application time: 0.0480240 seconds
46.100: [GC [PSYoungGen: 134624K->18928K(134656K)] 269065K->181974K(441344K), 0.0277690 secs] [Times: user=0.22 sys=0.00, real=0.02 secs] 
46.128: Total time for which application threads were stopped: 0.0279390 seconds, Stopping threads took: 0.0000720 seconds
46.179: Application time: 0.0515590 seconds
46.179: [GC [PSYoungGen: 134640K->18912K(134656K)] 297686K->202492K(441344K), 0.0262530 secs] [Times: user=0.20 sys=0.00, real=0.03 secs] 
46.206: Total time for which application threads were stopped: 0.0264520 seconds, Stopping threads took: 0.0001110 seconds
46.255: Application time: 0.0490440 seconds
46.255: [GC [PSYoungGen: 134624K->18912K(134656K)] 318204K->225754K(441344K), 0.0295130 secs] [Times: user=0.23 sys=0.00, real=0.03 secs] 
46.284: Total time for which application threads were stopped: 0.0296910 seconds, Stopping threads took: 0.0000910 seconds
46.345: Application time: 0.0611150 seconds
46.346: [GC [PSYoungGen: 134624K->18928K(134656K)] 341466K->237950K(441344K), 0.0272430 secs] [Times: user=0.21 sys=0.00, real=0.03 secs] 
46.373: Total time for which application threads were stopped: 0.0274120 seconds, Stopping threads took: 0.0000890 seconds
46.433: Application time: 0.0605410 seconds
46.436: [GC [PSYoungGen: 134640K->18928K(134656K)] 353662K->248979K(441344K), 0.0280620 secs] [Times: user=0.22 sys=0.00, real=0.03 secs] 
46.464: Total time for which application threads were stopped: 0.0302490 seconds, Stopping threads took: 0.0020940 seconds
46.507: Application time: 0.0435340 seconds
46.507: [GC [PSYoungGen: 134640K->18928K(134656K)] 364691K->274628K(441344K), 0.0302030 secs] [Times: user=0.24 sys=0.00, real=0.03 secs] 
46.538: Total time for which application threads were stopped: 0.0303770 seconds, Stopping threads took: 0.0000850 seconds
46.581: Application time: 0.0435720 seconds
46.581: [GC [PSYoungGen: 134640K->18928K(134656K)] 390340K->306189K(441344K), 0.0351640 secs] [Times: user=0.27 sys=0.00, real=0.03 secs] 
46.617: [Full GC [PSYoungGen: 18928K->0K(134656K)] [ParOldGen: 287261K->133549K(306688K)] 306189K->133549K(441344K) [PSPermGen: 9082K->9082K(21504K)], 0.1484140 secs] [Times: user=1.09 sys=0.00, real=0.15 secs] 
46.765: Total time for which application threads were stopped: 0.1837940 seconds, Stopping threads took: 0.0000680 seconds
46.810: Application time: 0.0454150 seconds
46.811: [GC [PSYoungGen: 115712K->18939K(134656K)] 249261K->163738K(441344K), 0.0171640 secs] [Times: user=0.14 sys=0.00, real=0.02 secs] 
46.828: Total time for which application threads were stopped: 0.0173260 seconds, Stopping threads took: 0.0000600 seconds
46.874: Application time: 0.0466100 seconds
46.874: [GC [PSYoungGen: 134651K->18912K(134656K)] 279450K->189419K(441344K), 0.0255170 secs] [Times: user=0.20 sys=0.00, real=0.03 secs] 
46.900: Total time for which application threads were stopped: 0.0256810 seconds, Stopping threads took: 0.0000750 seconds
46.955: Application time: 0.0550970 seconds
46.955: [GC [PSYoungGen: 134624K->18928K(134656K)] 305131K->210606K(441344K), 0.0262930 secs] [Times: user=0.21 sys=0.00, real=0.03 secs] 
46.982: Total time for which application threads were stopped: 0.0264740 seconds, Stopping threads took: 0.0000900 seconds
47.028: Application time: 0.0467230 seconds
47.028: [GC [PSYoungGen: 134640K->18928K(134656K)] 326318K->233088K(441344K), 0.0273210 secs] [Times: user=0.22 sys=0.00, real=0.03 secs] 
47.056: Total time for which application threads were stopped: 0.0274970 seconds, Stopping threads took: 0.0000860 seconds
47.116: Application time: 0.0604980 seconds
47.116: [GC [PSYoungGen: 134640K->18928K(134656K)] 348800K->249129K(441344K), 0.0295450 secs] [Times: user=0.23 sys=0.00, real=0.03 secs] 
47.146: Total time for which application threads were stopped: 0.0297200 seconds, Stopping threads took: 0.0000910 seconds
47.204: Application time: 0.0575370 seconds
47.204: [GC [PSYoungGen: 134550K->18912K(134656K)] 364751K->260566K(441344K), 0.0429080 secs] [Times: user=0.31 sys=0.01, real=0.04 secs] 
47.247: Total time for which application threads were stopped: 0.0430940 seconds, Stopping threads took: 0.0001040 seconds
47.289: Application time: 0.0426090 seconds
47.289: [GC [PSYoungGen: 134624K->18928K(134656K)] 376278K->288002K(441344K), 0.0303100 secs] [Times: user=0.24 sys=0.00, real=0.04 secs] 
47.320: Total time for which application threads were stopped: 0.0304860 seconds, Stopping threads took: 0.0000810 seconds
47.366: Application time: 0.0461030 seconds
47.366: [GC [PSYoungGen: 134640K->18912K(134656K)] 403714K->319932K(441344K), 0.0360100 secs] [Times: user=0.28 sys=0.00, real=0.04 secs] 
47.402: [Full GC [PSYoungGen: 18912K->0K(134656K)] [ParOldGen: 301020K->139280K(306688K)] 319932K->139280K(441344K) [PSPermGen: 9082K->9082K(21504K)], 0.1611530 secs] [Times: user=1.20 sys=0.00, real=0.16 secs] 
47.563: Total time for which application threads were stopped: 0.1974410 seconds, Stopping threads took: 0.0001090 seconds
47.611: Application time: 0.0480880 seconds
47.612: [GC [PSYoungGen: 115712K->18937K(134656K)] 254992K->164018K(441344K), 0.0150660 secs] [Times: user=0.12 sys=0.00, real=0.01 secs] 
47.627: Total time for which application threads were stopped: 0.0152150 seconds, Stopping threads took: 0.0000510 seconds
47.671: Application time: 0.0445540 seconds
47.671: [GC [PSYoungGen: 134649K->18918K(134656K)] 279730K->188710K(441344K), 0.0239260 secs] [Times: user=0.19 sys=0.00, real=0.03 secs] 
47.695: Total time for which application threads were stopped: 0.0240920 seconds, Stopping threads took: 0.0000770 seconds
47.752: Application time: 0.0561910 seconds
47.752: [GC [PSYoungGen: 134630K->18918K(134656K)] 304422K->212690K(441344K), 0.0278880 secs] [Times: user=0.21 sys=0.00, real=0.03 secs] 
47.780: Total time for which application threads were stopped: 0.0280530 seconds, Stopping threads took: 0.0000790 seconds
47.829: Application time: 0.0494560 seconds
47.829: [GC [PSYoungGen: 134630K->18934K(134656K)] 328402K->234288K(441344K), 0.0276280 secs] [Times: user=0.22 sys=0.00, real=0.03 secs] 
47.857: Total time for which application threads were stopped: 0.0278070 seconds, Stopping threads took: 0.0000910 seconds
47.914: Application time: 0.0573700 seconds
47.914: [GC [PSYoungGen: 134646K->18928K(134656K)] 350000K->251121K(441344K), 0.0282630 secs] [Times: user=0.23 sys=0.00, real=0.03 secs] 
47.943: Total time for which application threads were stopped: 0.0284390 seconds, Stopping threads took: 0.0000770 seconds
47.998: Application time: 0.0550010 seconds
47.998: [GC [PSYoungGen: 134610K->18928K(134656K)] 366803K->265227K(441344K), 0.0255920 secs] [Times: user=0.20 sys=0.00, real=0.03 secs] 
48.023: Total time for which application threads were stopped: 0.0257730 seconds, Stopping threads took: 0.0000920 seconds
48.068: Application time: 0.0448980 seconds
48.068: [GC [PSYoungGen: 134640K->18928K(134656K)] 380939K->288948K(441344K), 0.0279830 secs] [Times: user=0.22 sys=0.00, real=0.03 secs] 
48.096: Total time for which application threads were stopped: 0.0281550 seconds, Stopping threads took: 0.0000840 seconds
48.141: Application time: 0.0446210 seconds
48.141: [GC [PSYoungGen: 134640K->18928K(134656K)] 404660K->321620K(441344K), 0.0330690 secs] [Times: user=0.26 sys=0.00, real=0.03 secs] 
48.174: [Full GC [PSYoungGen: 18928K->0K(134656K)] [ParOldGen: 302692K->137594K(306688K)] 321620K->137594K(441344K) [PSPermGen: 9084K->9084K(21504K)], 0.1644470 secs] [Times: user=1.19 sys=0.00, real=0.16 secs] 
48.339: Total time for which application threads were stopped: 0.1977720 seconds, Stopping threads took: 0.0000970 seconds
48.388: Application time: 0.0495590 seconds
48.389: [GC [PSYoungGen: 115712K->18938K(134656K)] 253306K->161590K(441344K), 0.0154660 secs] [Times: user=0.11 sys=0.01, real=0.02 secs] 
48.404: Total time for which application threads were stopped: 0.0156320 seconds, Stopping threads took: 0.0000760 seconds
48.449: Application time: 0.0447390 seconds
48.449: [GC [PSYoungGen: 134650K->18929K(134656K)] 277302K->185221K(441344K), 0.0235670 secs] [Times: user=0.19 sys=0.00, real=0.03 secs] 
48.473: Total time for which application threads were stopped: 0.0237440 seconds, Stopping threads took: 0.0000770 seconds
48.522: Application time: 0.0497360 seconds
48.522: [GC [PSYoungGen: 134641K->18929K(134656K)] 300933K->211252K(441344K), 0.0289030 secs] [Times: user=0.23 sys=0.00, real=0.02 secs] 
48.551: Total time for which application threads were stopped: 0.0290680 seconds, Stopping threads took: 0.0000780 seconds
48.601: Application time: 0.0497260 seconds
48.601: [GC [PSYoungGen: 134625K->18929K(134656K)] 326947K->233575K(441344K), 0.0280790 secs] [Times: user=0.23 sys=0.00, real=0.02 secs] 
48.629: Total time for which application threads were stopped: 0.0282400 seconds, Stopping threads took: 0.0000710 seconds
48.685: Application time: 0.0560610 seconds
48.686: [GC [PSYoungGen: 134641K->18928K(134656K)] 349287K->250277K(441344K), 0.0283900 secs] [Times: user=0.22 sys=0.00, real=0.03 secs] 
48.714: Total time for which application threads were stopped: 0.0285570 seconds, Stopping threads took: 0.0000850 seconds
48.771: Application time: 0.0566080 seconds
48.772: [GC [PSYoungGen: 134640K->18912K(134656K)] 365989K->263035K(441344K), 0.0248600 secs] [Times: user=0.20 sys=0.00, real=0.02 secs] 
48.797: Total time for which application threads were stopped: 0.0259400 seconds, Stopping threads took: 0.0009960 seconds
48.841: Application time: 0.0443280 seconds
48.841: [GC [PSYoungGen: 134624K->18912K(134656K)] 378747K->287972K(441344K), 0.0290950 secs] [Times: user=0.23 sys=0.00, real=0.02 secs] 
48.870: Total time for which application threads were stopped: 0.0292730 seconds, Stopping threads took: 0.0000910 seconds
48.914: Application time: 0.0438400 seconds
48.914: [GC [PSYoungGen: 134624K->18912K(134656K)] 403684K->320914K(441344K), 0.0347160 secs] [Times: user=0.28 sys=0.00, real=0.03 secs] 
48.949: [Full GC [PSYoungGen: 18912K->0K(134656K)] [ParOldGen: 302002K->141163K(306688K)] 320914K->141163K(441344K) [PSPermGen: 9087K->9087K(21504K)], 0.1621780 secs] [Times: user=1.21 sys=0.00, real=0.16 secs] 
49.111: Total time for which application threads were stopped: 0.1971070 seconds, Stopping threads took: 0.0000720 seconds
49.164: Application time: 0.0526780 seconds
49.164: [GC [PSYoungGen: 115712K->18928K(134656K)] 256875K->163899K(441344K), 0.0159810 secs] [Times: user=0.12 sys=0.01, real=0.02 secs] 
49.180: Total time for which application threads were stopped: 0.0161610 seconds, Stopping threads took: 0.0000900 seconds
49.225: Application time: 0.0452330 seconds
49.225: [GC [PSYoungGen: 134640K->18912K(134656K)] 279611K->188020K(441344K), 0.0251250 secs] [Times: user=0.20 sys=0.00, real=0.02 secs] 
49.250: Total time for which application threads were stopped: 0.0252890 seconds, Stopping threads took: 0.0000760 seconds
49.302: Application time: 0.0517310 seconds
49.302: [GC [PSYoungGen: 134624K->18928K(134656K)] 303732K->214098K(441344K), 0.0310140 secs] [Times: user=0.24 sys=0.00, real=0.03 secs] 
49.333: Total time for which application threads were stopped: 0.0311800 seconds, Stopping threads took: 0.0000770 seconds
49.387: Application time: 0.0539230 seconds
49.387: [GC [PSYoungGen: 134640K->18928K(134656K)] 329810K->235194K(441344K), 0.0298010 secs] [Times: user=0.24 sys=0.00, real=0.03 secs] 
49.417: Total time for which application threads were stopped: 0.0300000 seconds, Stopping threads took: 0.0001020 seconds
49.475: Application time: 0.0577500 seconds
49.476: [GC [PSYoungGen: 134640K->18928K(134656K)] 350906K->253082K(441344K), 0.0304480 secs] [Times: user=0.24 sys=0.00, real=0.03 secs] 
49.506: Total time for which application threads were stopped: 0.0310500 seconds, Stopping threads took: 0.0005130 seconds
49.568: Application time: 0.0619420 seconds
49.568: [GC [PSYoungGen: 134640K->18928K(134656K)] 368794K->265841K(441344K), 0.0273250 secs] [Times: user=0.20 sys=0.01, real=0.03 secs] 
49.596: Total time for which application threads were stopped: 0.0275070 seconds, Stopping threads took: 0.0000890 seconds
49.641: Application time: 0.0451240 seconds
49.641: [GC [PSYoungGen: 134640K->18912K(134656K)] 381553K->291675K(441344K), 0.0301500 secs] [Times: user=0.23 sys=0.00, real=0.02 secs] 
49.671: [Full GC [PSYoungGen: 18912K->0K(134656K)] [ParOldGen: 272763K->124069K(306688K)] 291675K->124069K(441344K) [PSPermGen: 9087K->9087K(21504K)], 0.1332000 secs] [Times: user=0.98 sys=0.00, real=0.14 secs] 
49.804: Total time for which application threads were stopped: 0.1635590 seconds, Stopping threads took: 0.0000600 seconds
49.846: Application time: 0.0420980 seconds
49.847: [GC [PSYoungGen: 115712K->18935K(134656K)] 239781K->157064K(441344K), 0.0182520 secs] [Times: user=0.15 sys=0.00, real=0.02 secs] 
49.865: Total time for which application threads were stopped: 0.0184560 seconds, Stopping threads took: 0.0001030 seconds
49.919: Application time: 0.0541240 seconds
49.919: [GC [PSYoungGen: 134647K->18919K(134656K)] 272776K->178019K(441344K), 0.0248890 secs] [Times: user=0.20 sys=0.00, real=0.03 secs] 
49.944: Total time for which application threads were stopped: 0.0250540 seconds, Stopping threads took: 0.0000810 seconds
49.990: Application time: 0.0457040 seconds
49.990: [GC [PSYoungGen: 134631K->18919K(134656K)] 293731K->200483K(441344K), 0.0257800 secs] [Times: user=0.20 sys=0.00, real=0.03 secs] 
50.016: Total time for which application threads were stopped: 0.0259440 seconds, Stopping threads took: 0.0000790 seconds
50.065: Application time: 0.0490810 seconds
50.065: [GC [PSYoungGen: 134631K->18919K(134656K)] 316195K->226943K(441344K), 0.0315550 secs] [Times: user=0.25 sys=0.00, real=0.03 secs] 
50.096: Total time for which application threads were stopped: 0.0317240 seconds, Stopping threads took: 0.0000850 seconds
50.147: Application time: 0.0505470 seconds
50.147: [GC [PSYoungGen: 134631K->18935K(134656K)] 342655K->249283K(441344K), 0.0300420 secs] [Times: user=0.23 sys=0.00, real=0.03 secs] 
50.177: Total time for which application threads were stopped: 0.0302280 seconds, Stopping threads took: 0.0000980 seconds
50.232: Application time: 0.0548170 seconds
50.232: [GC [PSYoungGen: 134647K->18919K(134656K)] 364995K->268337K(441344K), 0.0321730 secs] [Times: user=0.25 sys=0.00, real=0.03 secs] 
50.264: Total time for which application threads were stopped: 0.0323510 seconds, Stopping threads took: 0.0000960 seconds
50.322: Application time: 0.0575780 seconds
50.324: [GC [PSYoungGen: 134631K->18919K(134656K)] 384049K->281829K(441344K), 0.0283510 secs] [Times: user=0.23 sys=0.00, real=0.03 secs] 
50.352: Total time for which application threads were stopped: 0.0300020 seconds, Stopping threads took: 0.0015670 seconds
50.398: Application time: 0.0455260 seconds
50.398: [GC [PSYoungGen: 134631K->18919K(134656K)] 397541K->306996K(441344K), 0.0327560 secs] [Times: user=0.26 sys=0.00, real=0.03 secs] 
50.430: [Full GC [PSYoungGen: 18919K->0K(134656K)] [ParOldGen: 288077K->130599K(306688K)] 306996K->130599K(441344K) [PSPermGen: 9088K->9088K(21504K)], 0.1452620 secs] [Times: user=1.07 sys=0.00, real=0.15 secs] 
50.576: Total time for which application threads were stopped: 0.1782420 seconds, Stopping threads took: 0.0000640 seconds
50.620: Application time: 0.0446360 seconds
50.621: [GC [PSYoungGen: 115657K->18921K(134656K)] 246257K->161739K(441344K), 0.0173590 secs] [Times: user=0.13 sys=0.00, real=0.01 secs] 
50.638: Total time for which application threads were stopped: 0.0175370 seconds, Stopping threads took: 0.0000830 seconds
50.688: Application time: 0.0503820 seconds
50.688: [GC [PSYoungGen: 134633K->18912K(134656K)] 277451K->183848K(441344K), 0.0246210 secs] [Times: user=0.19 sys=0.00, real=0.03 secs] 
50.713: Total time for which application threads were stopped: 0.0248030 seconds, Stopping threads took: 0.0000870 seconds
50.760: Application time: 0.0464050 seconds
50.760: [GC [PSYoungGen: 134624K->18912K(134656K)] 299560K->208691K(441344K), 0.0276790 secs] [Times: user=0.22 sys=0.00, real=0.02 secs] 
50.787: Total time for which application threads were stopped: 0.0278220 seconds, Stopping threads took: 0.0000550 seconds
50.837: Application time: 0.0497290 seconds
50.837: [GC [PSYoungGen: 134624K->18928K(134656K)] 324403K->233492K(441344K), 0.0293410 secs] [Times: user=0.22 sys=0.00, real=0.03 secs] 
50.867: Total time for which application threads were stopped: 0.0295200 seconds, Stopping threads took: 0.0000930 seconds
50.917: Application time: 0.0502770 seconds
50.917: [GC [PSYoungGen: 134640K->18928K(134656K)] 349204K->254747K(441344K), 0.0270450 secs] [Times: user=0.22 sys=0.00, real=0.03 secs] 
50.944: Total time for which application threads were stopped: 0.0272350 seconds, Stopping threads took: 0.0000930 seconds
50.996: Application time: 0.0523230 seconds
50.997: [GC [PSYoungGen: 134640K->18912K(134656K)] 370459K->274719K(441344K), 0.0282960 secs] [Times: user=0.22 sys=0.00, real=0.03 secs] 
51.025: Total time for which application threads were stopped: 0.0284540 seconds, Stopping threads took: 0.0000750 seconds
51.081: Application time: 0.0559350 seconds
51.082: [GC [PSYoungGen: 134624K->18912K(134656K)] 390431K->290418K(441344K), 0.0287710 secs] [Times: user=0.23 sys=0.00, real=0.02 secs] 
51.110: Total time for which application threads were stopped: 0.0295690 seconds, Stopping threads took: 0.0007130 seconds
51.157: Application time: 0.0467500 seconds
51.157: [GC [PSYoungGen: 134624K->18912K(134656K)] 406130K->314027K(441344K), 0.0297150 secs] [Times: user=0.24 sys=0.00, real=0.03 secs] 
51.187: [Full GC [PSYoungGen: 18912K->0K(134656K)] [ParOldGen: 295115K->130720K(306688K)] 314027K->130720K(441344K) [PSPermGen: 9089K->9089K(21504K)], 0.1475680 secs] [Times: user=1.08 sys=0.00, real=0.15 secs] 
51.335: Total time for which application threads were stopped: 0.1775140 seconds, Stopping threads took: 0.0000770 seconds
51.382: Application time: 0.0468740 seconds
51.382: [GC [PSYoungGen: 115496K->18942K(134656K)] 246217K->161063K(441344K), 0.0177140 secs] [Times: user=0.14 sys=0.00, real=0.01 secs] 
51.399: Total time for which application threads were stopped: 0.0178940 seconds, Stopping threads took: 0.0000920 seconds
51.449: Application time: 0.0499330 seconds
51.450: [GC [PSYoungGen: 134654K->18928K(134656K)] 276775K->184059K(441344K), 0.0251000 secs] [Times: user=0.19 sys=0.00, real=0.03 secs] 
51.475: Total time for which application threads were stopped: 0.0252860 seconds, Stopping threads took: 0.0000910 seconds
51.520: Application time: 0.0457580 seconds
51.524: [GC [PSYoungGen: 134640K->18912K(134656K)] 299771K->210391K(441344K), 0.0269250 secs] [Times: user=0.21 sys=0.00, real=0.02 secs] 
51.551: Total time for which application threads were stopped: 0.0301500 seconds, Stopping threads took: 0.0031340 seconds
51.600: Application time: 0.0492080 seconds
51.600: [GC [PSYoungGen: 134624K->18912K(134656K)] 326103K->236266K(441344K), 0.0295570 secs] [Times: user=0.23 sys=0.00, real=0.02 secs] 
51.630: Total time for which application threads were stopped: 0.0297460 seconds, Stopping threads took: 0.0001010 seconds
51.684: Application time: 0.0544070 seconds
51.684: [GC [PSYoungGen: 134624K->18912K(134656K)] 351978K->255419K(441344K), 0.0274490 secs] [Times: user=0.21 sys=0.00, real=0.03 secs] 
51.712: Total time for which application threads were stopped: 0.0276190 seconds, Stopping threads took: 0.0000830 seconds
51.764: Application time: 0.0520420 seconds
51.764: [GC [PSYoungGen: 134624K->18912K(134656K)] 371131K->274308K(441344K), 0.0276310 secs] [Times: user=0.22 sys=0.00, real=0.02 secs] 
51.791: Total time for which application threads were stopped: 0.0278040 seconds, Stopping threads took: 0.0000850 seconds
51.848: Application time: 0.0566950 seconds
51.848: [GC [PSYoungGen: 134624K->18912K(134656K)] 390020K->292650K(441344K), 0.0289720 secs] [Times: user=0.23 sys=0.00, real=0.03 secs] 
51.877: Total time for which application threads were stopped: 0.0291760 seconds, Stopping threads took: 0.0001140 seconds
51.927: Application time: 0.0494920 seconds
51.927: [GC [PSYoungGen: 134624K->18928K(134656K)] 408362K->315789K(441344K), 0.0302680 secs] [Times: user=0.24 sys=0.00, real=0.03 secs] 
51.957: [Full GC [PSYoungGen: 18928K->0K(134656K)] [ParOldGen: 296860K->132137K(306688K)] 315789K->132137K(441344K) [PSPermGen: 9090K->9090K(21504K)], 0.1510130 secs] [Times: user=1.12 sys=0.00, real=0.15 secs] 
52.108: Total time for which application threads were stopped: 0.1815100 seconds, Stopping threads took: 0.0000710 seconds
52.155: Application time: 0.0466090 seconds
52.155: [GC [PSYoungGen: 115712K->18922K(134656K)] 247849K->159761K(441344K), 0.0160980 secs] [Times: user=0.12 sys=0.00, real=0.01 secs] 
52.171: Total time for which application threads were stopped: 0.0162700 seconds, Stopping threads took: 0.0000720 seconds
52.220: Application time: 0.0488570 seconds
52.220: [GC [PSYoungGen: 134634K->18912K(134656K)] 275473K->183463K(441344K), 0.0245950 secs] [Times: user=0.19 sys=0.00, real=0.02 secs] 
52.245: Total time for which application threads were stopped: 0.0247910 seconds, Stopping threads took: 0.0001080 seconds
52.293: Application time: 0.0484570 seconds
52.293: [GC [PSYoungGen: 134624K->18912K(134656K)] 299175K->208128K(441344K), 0.0274830 secs] [Times: user=0.21 sys=0.00, real=0.03 secs] 
52.321: Total time for which application threads were stopped: 0.0276570 seconds, Stopping threads took: 0.0000830 seconds
52.370: Application time: 0.0494230 seconds
52.371: [GC [PSYoungGen: 134624K->18912K(134656K)] 323840K->232908K(441344K), 0.0285020 secs] [Times: user=0.22 sys=0.00, real=0.03 secs] 
52.399: Total time for which application threads were stopped: 0.0286860 seconds, Stopping threads took: 0.0000910 seconds
52.454: Application time: 0.0544400 seconds
52.454: [GC [PSYoungGen: 134624K->18928K(134656K)] 348620K->251891K(441344K), 0.0274270 secs] [Times: user=0.21 sys=0.00, real=0.03 secs] 
52.481: Total time for which application threads were stopped: 0.0275770 seconds, Stopping threads took: 0.0000620 seconds
52.534: Application time: 0.0527430 seconds
52.534: [GC [PSYoungGen: 134640K->18912K(134656K)] 367603K->272350K(441344K), 0.0283020 secs] [Times: user=0.22 sys=0.00, real=0.03 secs] 
52.562: Total time for which application threads were stopped: 0.0284800 seconds, Stopping threads took: 0.0000880 seconds
52.617: Application time: 0.0544650 seconds
52.620: [GC [PSYoungGen: 134624K->18928K(134656K)] 388062K->291904K(441344K), 0.0289070 secs] [Times: user=0.22 sys=0.00, real=0.02 secs] 
52.649: Total time for which application threads were stopped: 0.0317680 seconds, Stopping threads took: 0.0027710 seconds
52.694: Application time: 0.0457190 seconds
52.694: [GC [PSYoungGen: 134640K->18928K(134656K)] 407616K->314801K(441344K), 0.0295500 secs] [Times: user=0.23 sys=0.00, real=0.03 secs] 
52.724: [Full GC [PSYoungGen: 18928K->0K(134656K)] [ParOldGen: 295873K->131584K(306688K)] 314801K->131584K(441344K) [PSPermGen: 9090K->9090K(21504K)], 0.1487360 secs] [Times: user=1.09 sys=0.00, real=0.15 secs] 
52.873: Total time for which application threads were stopped: 0.1785460 seconds, Stopping threads took: 0.0001080 seconds
52.919: Application time: 0.0457810 seconds
52.919: [GC [PSYoungGen: 115712K->18921K(134656K)] 247296K->163198K(441344K), 0.0176830 secs] [Times: user=0.14 sys=0.00, real=0.02 secs] 
52.936: Total time for which application threads were stopped: 0.0178700 seconds, Stopping threads took: 0.0001020 seconds
52.988: Application time: 0.0519440 seconds
52.989: [GC [PSYoungGen: 134633K->18912K(134656K)] 278910K->184940K(441344K), 0.0242600 secs] [Times: user=0.19 sys=0.00, real=0.03 secs] 
53.013: Total time for which application threads were stopped: 0.0244230 seconds, Stopping threads took: 0.0000790 seconds
53.060: Application time: 0.0472530 seconds
53.060: [GC [PSYoungGen: 134481K->18912K(134656K)] 300510K->207180K(441344K), 0.0250930 secs] [Times: user=0.19 sys=0.00, real=0.02 secs] 
53.085: Total time for which application threads were stopped: 0.0252570 seconds, Stopping threads took: 0.0000760 seconds
53.138: Application time: 0.0526390 seconds
53.138: [GC [PSYoungGen: 134624K->18912K(134656K)] 322892K->230137K(441344K), 0.0291560 secs] [Times: user=0.23 sys=0.00, real=0.03 secs] 
53.167: Total time for which application threads were stopped: 0.0293280 seconds, Stopping threads took: 0.0000860 seconds
53.219: Application time: 0.0512480 seconds
53.219: [GC [PSYoungGen: 134624K->18928K(134656K)] 345849K->248949K(441344K), 0.0269000 secs] [Times: user=0.21 sys=0.00, real=0.03 secs] 
53.246: Total time for which application threads were stopped: 0.0270830 seconds, Stopping threads took: 0.0000850 seconds
53.298: Application time: 0.0525530 seconds
53.298: [GC [PSYoungGen: 134640K->18928K(134656K)] 364661K->271101K(441344K), 0.0318960 secs] [Times: user=0.23 sys=0.00, real=0.03 secs] 
53.330: Total time for which application threads were stopped: 0.0320550 seconds, Stopping threads took: 0.0000760 seconds
53.380: Application time: 0.0496430 seconds
53.380: [GC [PSYoungGen: 134640K->18928K(134656K)] 386813K->292316K(441344K), 0.0290150 secs] [Times: user=0.23 sys=0.00, real=0.02 secs] 
53.409: Total time for which application threads were stopped: 0.0291720 seconds, Stopping threads took: 0.0000720 seconds
53.455: Application time: 0.0457850 seconds
53.455: [GC [PSYoungGen: 134640K->18912K(134656K)] 408028K->314789K(441344K), 0.0296750 secs] [Times: user=0.23 sys=0.00, real=0.03 secs] 
53.485: [Full GC [PSYoungGen: 18912K->0K(134656K)] [ParOldGen: 295877K->133976K(306688K)] 314789K->133976K(441344K) [PSPermGen: 9091K->9091K(21504K)], 0.1495520 secs] [Times: user=1.11 sys=0.00, real=0.15 secs] 
53.634: Total time for which application threads were stopped: 0.1794940 seconds, Stopping threads took: 0.0001100 seconds
53.681: Application time: 0.0461890 seconds
53.681: [GC [PSYoungGen: 115712K->18921K(134656K)] 249688K->163863K(441344K), 0.0170970 secs] [Times: user=0.13 sys=0.00, real=0.01 secs] 
53.698: Total time for which application threads were stopped: 0.0172660 seconds, Stopping threads took: 0.0000820 seconds
53.749: Application time: 0.0507370 seconds
53.749: [GC [PSYoungGen: 134633K->18928K(134656K)] 279575K->186436K(441344K), 0.0248050 secs] [Times: user=0.19 sys=0.00, real=0.03 secs] 
53.774: Total time for which application threads were stopped: 0.0249920 seconds, Stopping threads took: 0.0000900 seconds
53.823: Application time: 0.0498030 seconds
53.824: [GC [PSYoungGen: 134640K->18928K(134656K)] 302148K->209646K(441344K), 0.0264460 secs] [Times: user=0.20 sys=0.00, real=0.02 secs] 
53.850: Total time for which application threads were stopped: 0.0266220 seconds, Stopping threads took: 0.0000820 seconds
53.899: Application time: 0.0489420 seconds
53.900: [GC [PSYoungGen: 134640K->18928K(134656K)] 325358K->232502K(441344K), 0.0275540 secs] [Times: user=0.21 sys=0.00, real=0.02 secs] 
53.927: Total time for which application threads were stopped: 0.0282290 seconds, Stopping threads took: 0.0005900 seconds
53.980: Application time: 0.0528340 seconds
53.980: [GC [PSYoungGen: 134640K->18912K(134656K)] 348214K->252139K(441344K), 0.0274700 secs] [Times: user=0.21 sys=0.00, real=0.02 secs] 
54.008: Total time for which application threads were stopped: 0.0276470 seconds, Stopping threads took: 0.0000890 seconds
54.060: Application time: 0.0521230 seconds
54.060: [GC [PSYoungGen: 134624K->18928K(134656K)] 367851K->273917K(441344K), 0.0292400 secs] [Times: user=0.23 sys=0.00, real=0.02 secs] 
54.089: Total time for which application threads were stopped: 0.0294180 seconds, Stopping threads took: 0.0000900 seconds
54.141: Application time: 0.0521010 seconds
54.141: [GC [PSYoungGen: 134640K->18912K(134656K)] 389629K->295927K(441344K), 0.0296860 secs] [Times: user=0.22 sys=0.00, real=0.02 secs] 
54.171: Total time for which application threads were stopped: 0.0298610 seconds, Stopping threads took: 0.0000890 seconds
54.217: Application time: 0.0462200 seconds
54.218: [GC [PSYoungGen: 134624K->18928K(134656K)] 411639K->318861K(441344K), 0.0301250 secs] [Times: user=0.24 sys=0.00, real=0.03 secs] 
54.248: [Full GC [PSYoungGen: 18928K->0K(134656K)] [ParOldGen: 299933K->135582K(306688K)] 318861K->135582K(441344K) [PSPermGen: 9091K->9091K(21504K)], 0.1553350 secs] [Times: user=1.14 sys=0.00, real=0.16 secs] 
54.403: Total time for which application threads were stopped: 0.1856840 seconds, Stopping threads took: 0.0000710 seconds
54.450: Application time: 0.0466400 seconds
54.450: [GC [PSYoungGen: 115712K->18928K(134656K)] 251294K->164720K(441344K), 0.0166020 secs] [Times: user=0.13 sys=0.00, real=0.02 secs] 
54.467: Total time for which application threads were stopped: 0.0167580 seconds, Stopping threads took: 0.0000570 seconds
54.517: Application time: 0.0501930 seconds
54.517: [GC [PSYoungGen: 134640K->18928K(134656K)] 280432K->188069K(441344K), 0.0247760 secs] [Times: user=0.20 sys=0.00, real=0.03 secs] 
54.542: Total time for which application threads were stopped: 0.0249620 seconds, Stopping threads took: 0.0001030 seconds
54.594: Application time: 0.0523430 seconds
54.594: [GC [PSYoungGen: 134640K->18912K(134656K)] 303781K->207815K(441344K), 0.0257330 secs] [Times: user=0.20 sys=0.00, real=0.03 secs] 
54.620: Total time for which application threads were stopped: 0.0259180 seconds, Stopping threads took: 0.0000970 seconds
54.672: Application time: 0.0516100 seconds
54.672: [GC [PSYoungGen: 134624K->18928K(134656K)] 323527K->231365K(441344K), 0.0283900 secs] [Times: user=0.22 sys=0.00, real=0.03 secs] 
54.700: Total time for which application threads were stopped: 0.0284940 seconds, Stopping threads took: 0.0000180 seconds
54.764: Application time: 0.0641880 seconds
54.768: [GC [PSYoungGen: 134640K->18928K(134656K)] 347077K->248731K(441344K), 0.0310250 secs] [Times: user=0.23 sys=0.00, real=0.03 secs] 
54.799: Total time for which application threads were stopped: 0.0345110 seconds, Stopping threads took: 0.0033950 seconds
54.845: Application time: 0.0465670 seconds
54.845: [GC [PSYoungGen: 134640K->18912K(134656K)] 364443K->272399K(441344K), 0.0289530 secs] [Times: user=0.22 sys=0.00, real=0.03 secs] 
54.874: Total time for which application threads were stopped: 0.0291530 seconds, Stopping threads took: 0.0001070 seconds
54.924: Application time: 0.0496350 seconds
54.928: [GC [PSYoungGen: 134624K->18928K(134656K)] 388111K->300010K(441344K), 0.0332340 secs] [Times: user=0.26 sys=0.00, real=0.04 secs] 
54.961: [Full GC [PSYoungGen: 18928K->0K(134656K)] [ParOldGen: 281082K->134242K(306688K)] 300010K->134242K(441344K) [PSPermGen: 9094K->9094K(21504K)], 0.1492870 secs] [Times: user=1.11 sys=0.00, real=0.14 secs] 
55.110: Total time for which application threads were stopped: 0.1861790 seconds, Stopping threads took: 0.0035070 seconds
55.158: Application time: 0.0478930 seconds
55.158: [GC [PSYoungGen: 115712K->18928K(134656K)] 249954K->157652K(441344K), 0.0144550 secs] [Times: user=0.11 sys=0.00, real=0.02 secs] 
55.173: Total time for which application threads were stopped: 0.0146440 seconds, Stopping threads took: 0.0000900 seconds
55.222: Application time: 0.0495030 seconds
55.222: [GC [PSYoungGen: 134640K->18928K(134656K)] 273364K->180926K(441344K), 0.0235070 secs] [Times: user=0.19 sys=0.00, real=0.02 secs] 
55.246: Total time for which application threads were stopped: 0.0236730 seconds, Stopping threads took: 0.0000790 seconds
55.294: Application time: 0.0480150 seconds
55.294: [GC [PSYoungGen: 134640K->18928K(134656K)] 296638K->203227K(441344K), 0.0269440 secs] [Times: user=0.21 sys=0.00, real=0.03 secs] 
55.321: Total time for which application threads were stopped: 0.0271040 seconds, Stopping threads took: 0.0000770 seconds
55.372: Application time: 0.0507070 seconds
55.372: [GC [PSYoungGen: 134640K->18912K(134656K)] 318939K->223515K(441344K), 0.0276460 secs] [Times: user=0.22 sys=0.00, real=0.03 secs] 
55.400: Total time for which application threads were stopped: 0.0278100 seconds, Stopping threads took: 0.0000710 seconds
55.451: Application time: 0.0518380 seconds
55.452: [GC [PSYoungGen: 134624K->18928K(134656K)] 339227K->244512K(441344K), 0.0299640 secs] [Times: user=0.23 sys=0.00, real=0.03 secs] 
55.482: Total time for which application threads were stopped: 0.0301510 seconds, Stopping threads took: 0.0000990 seconds
55.533: Application time: 0.0517090 seconds
55.533: [GC [PSYoungGen: 134640K->18928K(134656K)] 360224K->263999K(441344K), 0.0293910 secs] [Times: user=0.23 sys=0.00, real=0.03 secs] 
55.563: Total time for which application threads were stopped: 0.0295470 seconds, Stopping threads took: 0.0000720 seconds
55.607: Application time: 0.0445190 seconds
55.608: [GC [PSYoungGen: 134640K->18928K(134656K)] 379711K->288472K(441344K), 0.0308720 secs] [Times: user=0.24 sys=0.00, real=0.03 secs] 
55.638: Total time for which application threads were stopped: 0.0310310 seconds, Stopping threads took: 0.0000660 seconds
55.687: Application time: 0.0480780 seconds
55.687: [GC [PSYoungGen: 134640K->18928K(134656K)] 404184K->316825K(441344K), 0.0349700 secs] [Times: user=0.28 sys=0.00, real=0.04 secs] 
55.722: [Full GC [PSYoungGen: 18928K->0K(134656K)] [ParOldGen: 297897K->135966K(306688K)] 316825K->135966K(441344K) [PSPermGen: 9094K->9094K(21504K)], 0.1537740 secs] [Times: user=1.14 sys=0.00, real=0.15 secs] 
55.876: Total time for which application threads were stopped: 0.1890690 seconds, Stopping threads took: 0.0000840 seconds
55.923: Application time: 0.0474520 seconds
55.923: [GC [PSYoungGen: 115712K->18920K(134656K)] 251678K->159751K(441344K), 0.0142560 secs] [Times: user=0.11 sys=0.00, real=0.01 secs] 
55.938: Total time for which application threads were stopped: 0.0144430 seconds, Stopping threads took: 0.0001010 seconds
55.987: Application time: 0.0491580 seconds
55.987: [GC [PSYoungGen: 134632K->18920K(134656K)] 275463K->182116K(441344K), 0.0232440 secs] [Times: user=0.18 sys=0.00, real=0.02 secs] 
56.010: Total time for which application threads were stopped: 0.0234190 seconds, Stopping threads took: 0.0000880 seconds
56.059: Application time: 0.0486810 seconds
56.059: [GC [PSYoungGen: 134632K->18920K(134656K)] 297828K->204560K(441344K), 0.0273850 secs] [Times: user=0.22 sys=0.00, real=0.03 secs] 
56.086: Total time for which application threads were stopped: 0.0275630 seconds, Stopping threads took: 0.0000920 seconds
56.140: Application time: 0.0535620 seconds
56.144: [GC [PSYoungGen: 134632K->18936K(134656K)] 320272K->224581K(441344K), 0.0280200 secs] [Times: user=0.22 sys=0.00, real=0.03 secs] 
56.172: Total time for which application threads were stopped: 0.0317650 seconds, Stopping threads took: 0.0036560 seconds
56.223: Application time: 0.0511740 seconds
56.223: [GC [PSYoungGen: 134648K->18912K(134656K)] 340293K->245684K(441344K), 0.0299050 secs] [Times: user=0.24 sys=0.00, real=0.03 secs] 
56.253: Total time for which application threads were stopped: 0.0300640 seconds, Stopping threads took: 0.0000620 seconds
56.304: Application time: 0.0512200 seconds
56.304: [GC [PSYoungGen: 134624K->18912K(134656K)] 361396K->265672K(441344K), 0.0294310 secs] [Times: user=0.23 sys=0.00, real=0.03 secs] 
56.334: Total time for which application threads were stopped: 0.0295990 seconds, Stopping threads took: 0.0000820 seconds
56.378: Application time: 0.0445590 seconds
56.378: [GC [PSYoungGen: 134624K->18928K(134656K)] 381384K->290679K(441344K), 0.0307920 secs] [Times: user=0.24 sys=0.00, real=0.03 secs] 
56.409: Total time for which application threads were stopped: 0.0309590 seconds, Stopping threads took: 0.0000820 seconds
56.458: Application time: 0.0490830 seconds
56.458: [GC [PSYoungGen: 134640K->18928K(134656K)] 406391K->318935K(441344K), 0.0348240 secs] [Times: user=0.28 sys=0.00, real=0.04 secs] 
56.493: [Full GC [PSYoungGen: 18928K->0K(134656K)] [ParOldGen: 300006K->135901K(306688K)] 318935K->135901K(441344K) [PSPermGen: 9095K->9095K(21504K)], 0.1552630 secs] [Times: user=1.15 sys=0.00, real=0.15 secs] 
56.649: Total time for which application threads were stopped: 0.1903170 seconds, Stopping threads took: 0.0000800 seconds
56.698: Application time: 0.0493850 seconds
56.698: [GC [PSYoungGen: 115712K->18928K(134656K)] 251613K->158894K(441344K), 0.0144000 secs] [Times: user=0.12 sys=0.00, real=0.02 secs] 
56.713: Total time for which application threads were stopped: 0.0146000 seconds, Stopping threads took: 0.0001120 seconds
56.762: Application time: 0.0494790 seconds
56.762: [GC [PSYoungGen: 134640K->18928K(134656K)] 274606K->181286K(441344K), 0.0233000 secs] [Times: user=0.18 sys=0.00, real=0.02 secs] 
56.786: Total time for which application threads were stopped: 0.0235010 seconds, Stopping threads took: 0.0000970 seconds
56.833: Application time: 0.0477850 seconds
56.834: [GC [PSYoungGen: 134640K->18928K(134656K)] 296998K->204185K(441344K), 0.0272990 secs] [Times: user=0.22 sys=0.00, real=0.03 secs] 
56.861: Total time for which application threads were stopped: 0.0274730 seconds, Stopping threads took: 0.0000890 seconds
56.916: Application time: 0.0555890 seconds
56.917: [GC [PSYoungGen: 134640K->18912K(134656K)] 319897K->221872K(441344K), 0.0282460 secs] [Times: user=0.22 sys=0.00, real=0.03 secs] 
56.945: Total time for which application threads were stopped: 0.0284680 seconds, Stopping threads took: 0.0001320 seconds
56.997: Application time: 0.0522980 seconds
56.997: [GC [PSYoungGen: 134624K->18912K(134656K)] 337584K->241913K(441344K), 0.0297170 secs] [Times: user=0.23 sys=0.00, real=0.03 secs] 
57.027: Total time for which application threads were stopped: 0.0298960 seconds, Stopping threads took: 0.0000920 seconds
57.076: Application time: 0.0493010 seconds
57.077: [GC [PSYoungGen: 134624K->18912K(134656K)] 357625K->264585K(441344K), 0.0306740 secs] [Times: user=0.23 sys=0.00, real=0.03 secs] 
57.107: Total time for which application threads were stopped: 0.0308560 seconds, Stopping threads took: 0.0000920 seconds
57.154: Application time: 0.0471440 seconds
57.155: [GC [PSYoungGen: 134624K->18928K(134656K)] 380297K->291255K(441344K), 0.0332540 secs] [Times: user=0.26 sys=0.00, real=0.03 secs] 
57.188: Total time for which application threads were stopped: 0.0334180 seconds, Stopping threads took: 0.0000790 seconds
57.239: Application time: 0.0513500 seconds
57.239: [GC [PSYoungGen: 134640K->18928K(134656K)] 406967K->318244K(441344K), 0.0415310 secs] [Times: user=0.32 sys=0.00, real=0.05 secs] 
57.281: [Full GC [PSYoungGen: 18928K->0K(134656K)] [ParOldGen: 299316K->137258K(306688K)] 318244K->137258K(441344K) [PSPermGen: 9096K->9096K(21504K)], 0.1536610 secs] [Times: user=1.14 sys=0.00, real=0.15 secs] 
57.435: Total time for which application threads were stopped: 0.1954240 seconds, Stopping threads took: 0.0000880 seconds
57.483: Application time: 0.0485010 seconds
57.483: [GC [PSYoungGen: 115712K->18912K(134656K)] 252970K->160331K(441344K), 0.0141790 secs] [Times: user=0.11 sys=0.00, real=0.01 secs] 
57.498: Total time for which application threads were stopped: 0.0143720 seconds, Stopping threads took: 0.0000940 seconds
57.550: Application time: 0.0520990 seconds
57.550: [GC [PSYoungGen: 134624K->18912K(134656K)] 276043K->181123K(441344K), 0.0234800 secs] [Times: user=0.18 sys=0.00, real=0.03 secs] 
57.573: Total time for which application threads were stopped: 0.0236490 seconds, Stopping threads took: 0.0000830 seconds
57.620: Application time: 0.0472090 seconds
57.621: [GC [PSYoungGen: 134624K->18912K(134656K)] 296835K->204985K(441344K), 0.0278950 secs] [Times: user=0.22 sys=0.00, real=0.02 secs] 
57.649: Total time for which application threads were stopped: 0.0280510 seconds, Stopping threads took: 0.0000690 seconds
57.705: Application time: 0.0561390 seconds
57.705: [GC [PSYoungGen: 134624K->18912K(134656K)] 320697K->222323K(441344K), 0.0283970 secs] [Times: user=0.22 sys=0.00, real=0.03 secs] 
57.733: Total time for which application threads were stopped: 0.0285680 seconds, Stopping threads took: 0.0000750 seconds
57.783: Application time: 0.0499880 seconds
57.788: [GC [PSYoungGen: 134624K->18912K(134656K)] 338035K->243325K(441344K), 0.0299340 secs] [Times: user=0.22 sys=0.00, real=0.03 secs] 
57.818: Total time for which application threads were stopped: 0.0343310 seconds, Stopping threads took: 0.0043130 seconds
57.865: Application time: 0.0470400 seconds
57.865: [GC [PSYoungGen: 134624K->18912K(134656K)] 359037K->268178K(441344K), 0.0315330 secs] [Times: user=0.25 sys=0.00, real=0.03 secs] 
57.896: Total time for which application threads were stopped: 0.0317020 seconds, Stopping threads took: 0.0000810 seconds
57.941: Application time: 0.0445920 seconds
57.941: [GC [PSYoungGen: 134624K->18928K(134656K)] 383890K->294515K(441344K), 0.0327520 secs] [Times: user=0.26 sys=0.00, real=0.03 secs] 
57.974: [Full GC [PSYoungGen: 18928K->0K(134656K)] [ParOldGen: 275587K->140795K(306688K)] 294515K->140795K(441344K) [PSPermGen: 9096K->9096K(21504K)], 0.1627300 secs] [Times: user=1.21 sys=0.00, real=0.16 secs] 
58.137: Total time for which application threads were stopped: 0.1957180 seconds, Stopping threads took: 0.0000880 seconds
58.190: Application time: 0.0531300 seconds
58.190: [GC [PSYoungGen: 115712K->18939K(134656K)] 256507K->164229K(441344K), 0.0155880 secs] [Times: user=0.12 sys=0.00, real=0.02 secs] 
58.206: Total time for which application threads were stopped: 0.0157850 seconds, Stopping threads took: 0.0000930 seconds
58.253: Application time: 0.0474890 seconds
58.253: [GC [PSYoungGen: 134651K->18928K(134656K)] 279941K->188168K(441344K), 0.0249700 secs] [Times: user=0.19 sys=0.00, real=0.02 secs] 
58.278: Total time for which application threads were stopped: 0.0251470 seconds, Stopping threads took: 0.0000870 seconds
58.329: Application time: 0.0505180 seconds
58.329: [GC [PSYoungGen: 134640K->18912K(134656K)] 303880K->211805K(441344K), 0.0281890 secs] [Times: user=0.21 sys=0.00, real=0.03 secs] 
58.357: Total time for which application threads were stopped: 0.0283460 seconds, Stopping threads took: 0.0000710 seconds
58.405: Application time: 0.0477220 seconds
58.405: [GC [PSYoungGen: 134624K->18928K(134656K)] 327517K->235597K(441344K), 0.0281130 secs] [Times: user=0.22 sys=0.00, real=0.03 secs] 
58.433: Total time for which application threads were stopped: 0.0282920 seconds, Stopping threads took: 0.0000950 seconds
58.489: Application time: 0.0554120 seconds
58.489: [GC [PSYoungGen: 134640K->18912K(134656K)] 351309K->252122K(441344K), 0.0269050 secs] [Times: user=0.21 sys=0.00, real=0.03 secs] 
58.516: Total time for which application threads were stopped: 0.0270660 seconds, Stopping threads took: 0.0000760 seconds
58.567: Application time: 0.0515740 seconds
58.567: [GC [PSYoungGen: 134624K->18912K(134656K)] 367834K->270047K(441344K), 0.0270060 secs] [Times: user=0.22 sys=0.00, real=0.03 secs] 
58.594: Total time for which application threads were stopped: 0.0271620 seconds, Stopping threads took: 0.0000700 seconds
58.640: Application time: 0.0460020 seconds
58.640: [GC [PSYoungGen: 134624K->18928K(134656K)] 385759K->296546K(441344K), 0.0313170 secs] [Times: user=0.25 sys=0.00, real=0.03 secs] 
58.672: [Full GC [PSYoungGen: 18928K->0K(134656K)] [ParOldGen: 277618K->126484K(306688K)] 296546K->126484K(441344K) [PSPermGen: 9096K->9096K(21504K)], 0.1399200 secs] [Times: user=1.02 sys=0.00, real=0.14 secs] 
58.812: Total time for which application threads were stopped: 0.1714690 seconds, Stopping threads took: 0.0000770 seconds
58.856: Application time: 0.0444770 seconds
58.856: [GC [PSYoungGen: 115712K->18912K(134656K)] 242196K->155039K(441344K), 0.0163900 secs] [Times: user=0.13 sys=0.00, real=0.02 secs] 
58.873: Total time for which application threads were stopped: 0.0165740 seconds, Stopping threads took: 0.0000890 seconds
58.925: Application time: 0.0525060 seconds
58.925: [GC [PSYoungGen: 134624K->18912K(134656K)] 270751K->176675K(441344K), 0.0253600 secs] [Times: user=0.20 sys=0.00, real=0.02 secs] 
58.951: Total time for which application threads were stopped: 0.0255200 seconds, Stopping threads took: 0.0000660 seconds
58.999: Application time: 0.0479440 seconds
58.999: [GC [PSYoungGen: 134624K->18912K(134656K)] 292387K->200565K(441344K), 0.0289540 secs] [Times: user=0.23 sys=0.00, real=0.03 secs] 
59.028: Total time for which application threads were stopped: 0.0291240 seconds, Stopping threads took: 0.0000770 seconds
59.078: Application time: 0.0503180 seconds
59.078: [GC [PSYoungGen: 134624K->18912K(134656K)] 316277K->223335K(441344K), 0.0294780 secs] [Times: user=0.23 sys=0.00, real=0.03 secs] 
59.108: Total time for which application threads were stopped: 0.0296380 seconds, Stopping threads took: 0.0000750 seconds
59.155: Application time: 0.0467910 seconds
59.155: [GC [PSYoungGen: 134624K->18912K(134656K)] 339047K->247345K(441344K), 0.0308330 secs] [Times: user=0.24 sys=0.00, real=0.03 secs] 
59.186: Total time for which application threads were stopped: 0.0309820 seconds, Stopping threads took: 0.0000620 seconds
59.243: Application time: 0.0574970 seconds
59.243: [GC [PSYoungGen: 134624K->18928K(134656K)] 363057K->263280K(441344K), 0.0299600 secs] [Times: user=0.24 sys=0.00, real=0.03 secs] 
59.273: Total time for which application threads were stopped: 0.0301200 seconds, Stopping threads took: 0.0000740 seconds
59.324: Application time: 0.0511230 seconds
59.325: [GC [PSYoungGen: 134640K->18912K(134656K)] 378992K->281810K(441344K), 0.0290340 secs] [Times: user=0.22 sys=0.00, real=0.03 secs] 
59.354: Total time for which application threads were stopped: 0.0292100 seconds, Stopping threads took: 0.0000850 seconds
59.399: Application time: 0.0454530 seconds
59.399: [GC [PSYoungGen: 134624K->18912K(134656K)] 397522K->310090K(441344K), 0.0333860 secs] [Times: user=0.26 sys=0.00, real=0.04 secs] 
59.433: [Full GC [PSYoungGen: 18912K->0K(134656K)] [ParOldGen: 291178K->133292K(306688K)] 310090K->133292K(441344K) [PSPermGen: 9096K->9096K(21504K)], 0.1483830 secs] [Times: user=1.10 sys=0.00, real=0.15 secs] 
59.581: Total time for which application threads were stopped: 0.1820130 seconds, Stopping threads took: 0.0000840 seconds
59.628: Application time: 0.0470680 seconds
59.628: [GC [PSYoungGen: 115712K->18912K(134656K)] 249004K->160239K(441344K), 0.0166500 secs] [Times: user=0.13 sys=0.00, real=0.02 secs] 
59.645: Total time for which application threads were stopped: 0.0168310 seconds, Stopping threads took: 0.0000940 seconds
59.694: Application time: 0.0489390 seconds
59.694: [GC [PSYoungGen: 134624K->18912K(134656K)] 275951K->183789K(441344K), 0.0246150 secs] [Times: user=0.19 sys=0.00, real=0.02 secs] 
59.719: Total time for which application threads were stopped: 0.0247970 seconds, Stopping threads took: 0.0000940 seconds
59.769: Application time: 0.0506160 seconds
59.770: [GC [PSYoungGen: 134624K->18928K(134656K)] 299501K->206356K(441344K), 0.0278170 secs] [Times: user=0.21 sys=0.00, real=0.03 secs] 
59.797: Total time for which application threads were stopped: 0.0279870 seconds, Stopping threads took: 0.0000830 seconds
59.847: Application time: 0.0501250 seconds
59.848: [GC [PSYoungGen: 134640K->18928K(134656K)] 322068K->228093K(441344K), 0.0279540 secs] [Times: user=0.22 sys=0.00, real=0.03 secs] 
59.876: Total time for which application threads were stopped: 0.0281290 seconds, Stopping threads took: 0.0000870 seconds
59.927: Application time: 0.0514030 seconds
59.927: [GC [PSYoungGen: 134640K->18928K(134656K)] 343805K->251836K(441344K), 0.0305170 secs] [Times: user=0.24 sys=0.00, real=0.03 secs] 
59.958: Total time for which application threads were stopped: 0.0307140 seconds, Stopping threads took: 0.0000960 seconds
60.009: Application time: 0.0509360 seconds
60.012: [GC [PSYoungGen: 134640K->18912K(134656K)] 367548K->272866K(441344K), 0.0296880 secs] [Times: user=0.22 sys=0.00, real=0.03 secs] 
60.041: Total time for which application threads were stopped: 0.0326450 seconds, Stopping threads took: 0.0028690 seconds
60.096: Application time: 0.0543360 seconds
60.096: [GC [PSYoungGen: 134624K->18928K(134656K)] 388578K->292926K(441344K), 0.0309540 secs] [Times: user=0.24 sys=0.00, real=0.03 secs] 
60.127: Total time for which application threads were stopped: 0.0311470 seconds, Stopping threads took: 0.0000960 seconds
60.175: Application time: 0.0477550 seconds
60.175: [GC [PSYoungGen: 134640K->18912K(134656K)] 408638K->315493K(441344K), 0.0297580 secs] [Times: user=0.24 sys=0.00, real=0.03 secs] 
60.205: [Full GC [PSYoungGen: 18912K->0K(134656K)] [ParOldGen: 296581K->133443K(306688K)] 315493K->133443K(441344K) [PSPermGen: 9098K->9098K(21504K)], 0.1490100 secs] [Times: user=1.09 sys=0.00, real=0.15 secs] 
60.354: Total time for which application threads were stopped: 0.1790050 seconds, Stopping threads took: 0.0000850 seconds
60.403: Application time: 0.0490760 seconds
60.403: [GC [PSYoungGen: 115712K->18912K(134656K)] 249155K->158771K(441344K), 0.0157920 secs] [Times: user=0.13 sys=0.00, real=0.01 secs] 
60.419: Total time for which application threads were stopped: 0.0159700 seconds, Stopping threads took: 0.0000900 seconds
60.464: Application time: 0.0457850 seconds
60.468: [GC [PSYoungGen: 134624K->18928K(134656K)] 274483K->183733K(441344K), 0.0243420 secs] [Times: user=0.18 sys=0.01, real=0.03 secs] 
60.492: Total time for which application threads were stopped: 0.0276030 seconds, Stopping threads took: 0.0031600 seconds
60.548: Application time: 0.0564350 seconds
60.549: [GC [PSYoungGen: 134640K->18912K(134656K)] 299445K->204967K(441344K), 0.0277760 secs] [Times: user=0.22 sys=0.00, real=0.03 secs] 
60.576: Total time for which application threads were stopped: 0.0279590 seconds, Stopping threads took: 0.0000990 seconds
60.624: Application time: 0.0479830 seconds
60.625: [GC [PSYoungGen: 134624K->18928K(134656K)] 320679K->226948K(441344K), 0.0309750 secs] [Times: user=0.21 sys=0.00, real=0.03 secs] 
60.656: Total time for which application threads were stopped: 0.0311400 seconds, Stopping threads took: 0.0000780 seconds
60.704: Application time: 0.0485740 seconds
60.704: [GC [PSYoungGen: 134528K->18928K(134656K)] 342548K->252579K(441344K), 0.0304030 secs] [Times: user=0.24 sys=0.00, real=0.03 secs] 
60.736: Total time for which application threads were stopped: 0.0320820 seconds, Stopping threads took: 0.0000920 seconds
60.786: Application time: 0.0501810 seconds
60.787: [GC [PSYoungGen: 134640K->18912K(134656K)] 368291K->273949K(441344K), 0.0297830 secs] [Times: user=0.24 sys=0.00, real=0.03 secs] 
60.816: Total time for which application threads were stopped: 0.0299900 seconds, Stopping threads took: 0.0001170 seconds
60.871: Application time: 0.0549910 seconds
60.872: [GC [PSYoungGen: 134624K->18912K(134656K)] 389661K->292123K(441344K), 0.0293920 secs] [Times: user=0.22 sys=0.00, real=0.03 secs] 
60.901: Total time for which application threads were stopped: 0.0295890 seconds, Stopping threads took: 0.0001050 seconds
60.946: Application time: 0.0454040 seconds
60.947: [GC [PSYoungGen: 134624K->18912K(134656K)] 407835K->316144K(441344K), 0.0303220 secs] [Times: user=0.24 sys=0.00, real=0.03 secs] 
60.977: [Full GC [PSYoungGen: 18912K->0K(134656K)] [ParOldGen: 297232K->133808K(306688K)] 316144K->133808K(441344K) [PSPermGen: 9098K->9098K(21504K)], 0.1485930 secs] [Times: user=1.10 sys=0.00, real=0.15 secs] 
61.126: Total time for which application threads were stopped: 0.1791360 seconds, Stopping threads took: 0.0000750 seconds
61.175: Application time: 0.0496820 seconds
61.175: [GC [PSYoungGen: 115712K->18936K(134656K)] 249520K->159418K(441344K), 0.0164030 secs] [Times: user=0.12 sys=0.00, real=0.02 secs] 
61.192: Total time for which application threads were stopped: 0.0165970 seconds, Stopping threads took: 0.0000940 seconds
61.238: Application time: 0.0462510 seconds
61.238: [GC [PSYoungGen: 134648K->18912K(134656K)] 275130K->182066K(441344K), 0.0234840 secs] [Times: user=0.19 sys=0.00, real=0.03 secs] 
61.262: Total time for which application threads were stopped: 0.0236550 seconds, Stopping threads took: 0.0000850 seconds
61.317: Application time: 0.0553730 seconds
61.317: [GC [PSYoungGen: 134624K->18928K(134656K)] 297778K->205475K(441344K), 0.0291860 secs] [Times: user=0.23 sys=0.00, real=0.03 secs] 
61.346: Total time for which application threads were stopped: 0.0293680 seconds, Stopping threads took: 0.0000850 seconds
61.396: Application time: 0.0499320 seconds
61.400: [GC [PSYoungGen: 134640K->18912K(134656K)] 321187K->226402K(441344K), 0.0274310 secs] [Times: user=0.22 sys=0.00, real=0.02 secs] 
61.427: Total time for which application threads were stopped: 0.0306830 seconds, Stopping threads took: 0.0031600 seconds
61.477: Application time: 0.0498540 seconds
61.477: [GC [PSYoungGen: 134624K->18928K(134656K)] 342114K->250693K(441344K), 0.0310120 secs] [Times: user=0.25 sys=0.00, real=0.03 secs] 
61.508: Total time for which application threads were stopped: 0.0312190 seconds, Stopping threads took: 0.0001190 seconds
61.558: Application time: 0.0500820 seconds
61.558: [GC [PSYoungGen: 134599K->18912K(134656K)] 366365K->272971K(441344K), 0.0301280 secs] [Times: user=0.23 sys=0.00, real=0.03 secs] 
61.589: Total time for which application threads were stopped: 0.0303080 seconds, Stopping threads took: 0.0000930 seconds
61.640: Application time: 0.0518570 seconds
61.641: [GC [PSYoungGen: 134624K->18928K(134656K)] 388683K->293412K(441344K), 0.0292950 secs] [Times: user=0.23 sys=0.00, real=0.02 secs] 
61.670: Total time for which application threads were stopped: 0.0294410 seconds, Stopping threads took: 0.0000600 seconds
61.713: Application time: 0.0436350 seconds
61.714: [GC [PSYoungGen: 134640K->18912K(134656K)] 409124K->320426K(441344K), 0.0314940 secs] [Times: user=0.25 sys=0.00, real=0.03 secs] 
61.745: [Full GC [PSYoungGen: 18912K->0K(134656K)] [ParOldGen: 301514K->140992K(306688K)] 320426K->140992K(441344K) [PSPermGen: 9099K->9099K(21504K)], 0.1603400 secs] [Times: user=1.19 sys=0.00, real=0.16 secs] 
61.906: Total time for which application threads were stopped: 0.1920850 seconds, Stopping threads took: 0.0000890 seconds
61.961: Application time: 0.0549290 seconds
61.961: [GC [PSYoungGen: 115712K->18922K(134656K)] 256704K->162479K(441344K), 0.0161940 secs] [Times: user=0.12 sys=0.01, real=0.01 secs] 
61.977: Total time for which application threads were stopped: 0.0163970 seconds, Stopping threads took: 0.0001170 seconds
62.024: Application time: 0.0466890 seconds
62.024: [GC [PSYoungGen: 134634K->18912K(134656K)] 278191K->185629K(441344K), 0.0240000 secs] [Times: user=0.19 sys=0.00, real=0.02 secs] 
62.048: Total time for which application threads were stopped: 0.0241610 seconds, Stopping threads took: 0.0000730 seconds
62.099: Application time: 0.0516130 seconds
62.100: [GC [PSYoungGen: 134624K->18928K(134656K)] 301341K->212436K(441344K), 0.0309880 secs] [Times: user=0.23 sys=0.01, real=0.03 secs] 
62.131: Total time for which application threads were stopped: 0.0311580 seconds, Stopping threads took: 0.0000820 seconds
62.184: Application time: 0.0532290 seconds
62.184: [GC [PSYoungGen: 134640K->18912K(134656K)] 328148K->229956K(441344K), 0.0266160 secs] [Times: user=0.20 sys=0.00, real=0.02 secs] 
62.211: Total time for which application threads were stopped: 0.0267970 seconds, Stopping threads took: 0.0000930 seconds
62.258: Application time: 0.0476020 seconds
62.258: [GC [PSYoungGen: 134624K->18912K(134656K)] 345668K->252700K(441344K), 0.0292570 secs] [Times: user=0.23 sys=0.00, real=0.03 secs] 
62.288: Total time for which application threads were stopped: 0.0294380 seconds, Stopping threads took: 0.0000810 seconds
62.342: Application time: 0.0542460 seconds
62.344: [GC [PSYoungGen: 134624K->18912K(134656K)] 368412K->274910K(441344K), 0.0325260 secs] [Times: user=0.26 sys=0.00, real=0.03 secs] 
62.376: Total time for which application threads were stopped: 0.0342870 seconds, Stopping threads took: 0.0016770 seconds
62.427: Application time: 0.0503810 seconds
62.427: [GC [PSYoungGen: 134624K->18928K(134656K)] 390622K->293716K(441344K), 0.0293670 secs] [Times: user=0.23 sys=0.00, real=0.03 secs] 
62.456: [Full GC [PSYoungGen: 18928K->0K(134656K)] [ParOldGen: 274788K->128075K(306688K)] 293716K->128075K(441344K) [PSPermGen: 9099K->9099K(21504K)], 0.1434550 secs] [Times: user=1.07 sys=0.00, real=0.15 secs] 
62.600: Total time for which application threads were stopped: 0.1730950 seconds, Stopping threads took: 0.0001240 seconds
62.644: Application time: 0.0442810 seconds
62.644: [GC [PSYoungGen: 115712K->18937K(134656K)] 243787K->157431K(441344K), 0.0158400 secs] [Times: user=0.12 sys=0.00, real=0.02 secs] 
62.660: Total time for which application threads were stopped: 0.0159890 seconds, Stopping threads took: 0.0000620 seconds
62.714: Application time: 0.0543040 seconds
62.716: [GC [PSYoungGen: 134649K->18912K(134656K)] 273143K->176976K(441344K), 0.0240810 secs] [Times: user=0.18 sys=0.00, real=0.03 secs] 
62.740: Total time for which application threads were stopped: 0.0255010 seconds, Stopping threads took: 0.0013340 seconds
62.785: Application time: 0.0456430 seconds
62.786: [GC [PSYoungGen: 134624K->18928K(134656K)] 292688K->200743K(441344K), 0.0268990 secs] [Times: user=0.21 sys=0.00, real=0.03 secs] 
62.812: Total time for which application threads were stopped: 0.0271050 seconds, Stopping threads took: 0.0001030 seconds
62.862: Application time: 0.0495040 seconds
62.862: [GC [PSYoungGen: 134640K->18928K(134656K)] 316455K->226746K(441344K), 0.0316030 secs] [Times: user=0.25 sys=0.00, real=0.03 secs] 
62.894: Total time for which application threads were stopped: 0.0317660 seconds, Stopping threads took: 0.0000760 seconds
62.947: Application time: 0.0533120 seconds
62.947: [GC [PSYoungGen: 134640K->18912K(134656K)] 342458K->244208K(441344K), 0.0290590 secs] [Times: user=0.23 sys=0.00, real=0.03 secs] 
62.976: Total time for which application threads were stopped: 0.0292210 seconds, Stopping threads took: 0.0000750 seconds
63.024: Application time: 0.0477460 seconds
63.024: [GC [PSYoungGen: 134624K->18912K(134656K)] 359920K->267786K(441344K), 0.0300770 secs] [Times: user=0.24 sys=0.00, real=0.03 secs] 
63.054: Total time for which application threads were stopped: 0.0302640 seconds, Stopping threads took: 0.0000960 seconds
63.107: Application time: 0.0531960 seconds
63.108: [GC [PSYoungGen: 134624K->18912K(134656K)] 383498K->291139K(441344K), 0.0341310 secs] [Times: user=0.26 sys=0.00, real=0.04 secs] 
63.142: Total time for which application threads were stopped: 0.0343050 seconds, Stopping threads took: 0.0000890 seconds
63.188: Application time: 0.0466510 seconds
63.189: [GC [PSYoungGen: 134624K->18928K(134656K)] 406851K->313890K(441344K), 0.0308350 secs] [Times: user=0.24 sys=0.00, real=0.03 secs] 
63.219: [Full GC [PSYoungGen: 18928K->0K(134656K)] [ParOldGen: 294962K->128778K(306688K)] 313890K->128778K(441344K) [PSPermGen: 9100K->9100K(21504K)], 0.1422540 secs] [Times: user=1.04 sys=0.01, real=0.15 secs] 
63.362: Total time for which application threads were stopped: 0.1733320 seconds, Stopping threads took: 0.0000930 seconds
63.406: Application time: 0.0441860 seconds
63.406: [GC [PSYoungGen: 115712K->18912K(134656K)] 244490K->157375K(441344K), 0.0160820 secs] [Times: user=0.12 sys=0.00, real=0.02 secs] 
63.422: Total time for which application threads were stopped: 0.0162770 seconds, Stopping threads took: 0.0000950 seconds
63.480: Application time: 0.0580130 seconds
63.480: [GC [PSYoungGen: 134624K->18912K(134656K)] 273087K->175439K(441344K), 0.0234330 secs] [Times: user=0.19 sys=0.00, real=0.02 secs] 
63.504: Total time for which application threads were stopped: 0.0235810 seconds, Stopping threads took: 0.0000680 seconds
63.552: Application time: 0.0478140 seconds
63.552: [GC [PSYoungGen: 134624K->18912K(134656K)] 291151K->196981K(441344K), 0.0275550 secs] [Times: user=0.21 sys=0.00, real=0.02 secs] 
63.579: Total time for which application threads were stopped: 0.0277190 seconds, Stopping threads took: 0.0000750 seconds
63.631: Application time: 0.0520330 seconds
63.632: [GC [PSYoungGen: 134624K->18912K(134656K)] 312693K->221108K(441344K), 0.0319190 secs] [Times: user=0.25 sys=0.01, real=0.03 secs] 
63.664: Total time for which application threads were stopped: 0.0321130 seconds, Stopping threads took: 0.0001010 seconds
63.712: Application time: 0.0486350 seconds
63.712: [GC [PSYoungGen: 134624K->18912K(134656K)] 336820K->242611K(441344K), 0.0301130 secs] [Times: user=0.24 sys=0.00, real=0.03 secs] 
63.742: Total time for which application threads were stopped: 0.0302690 seconds, Stopping threads took: 0.0000670 seconds
63.793: Application time: 0.0507390 seconds
63.793: [GC [PSYoungGen: 134624K->18912K(134656K)] 358323K->265625K(441344K), 0.0322640 secs] [Times: user=0.25 sys=0.00, real=0.03 secs] 
63.826: Total time for which application threads were stopped: 0.0324200 seconds, Stopping threads took: 0.0000690 seconds
63.876: Application time: 0.0500400 seconds
63.876: [GC [PSYoungGen: 134624K->18928K(134656K)] 381337K->287934K(441344K), 0.0311250 secs] [Times: user=0.25 sys=0.00, real=0.03 secs] 
63.907: Total time for which application threads were stopped: 0.0313050 seconds, Stopping threads took: 0.0000920 seconds
63.953: Application time: 0.0458330 seconds
63.953: [GC [PSYoungGen: 134640K->18912K(134656K)] 403646K->314732K(441344K), 0.0340230 secs] [Times: user=0.26 sys=0.00, real=0.03 secs] 
63.987: [Full GC [PSYoungGen: 18912K->0K(134656K)] [ParOldGen: 295819K->133123K(306688K)] 314732K->133123K(441344K) [PSPermGen: 9100K->9100K(21504K)], 0.1468330 secs] [Times: user=1.08 sys=0.00, real=0.15 secs] 
64.134: Total time for which application threads were stopped: 0.1811340 seconds, Stopping threads took: 0.0001170 seconds
64.181: Application time: 0.0473900 seconds
64.181: [GC [PSYoungGen: 115712K->18912K(134656K)] 248835K->162113K(441344K), 0.0169680 secs] [Times: user=0.13 sys=0.00, real=0.01 secs] 
64.198: Total time for which application threads were stopped: 0.0171490 seconds, Stopping threads took: 0.0000940 seconds
64.259: Application time: 0.0600650 seconds
64.260: [GC [PSYoungGen: 134624K->18944K(134656K)] 277825K->175842K(441344K), 0.0228480 secs] [Times: user=0.18 sys=0.00, real=0.02 secs] 
64.283: Total time for which application threads were stopped: 0.0239390 seconds, Stopping threads took: 0.0010100 seconds
64.330: Application time: 0.0476820 seconds
64.330: [GC [PSYoungGen: 134656K->18912K(134656K)] 291554K->197291K(441344K), 0.0268640 secs] [Times: user=0.22 sys=0.00, real=0.03 secs] 
64.357: Total time for which application threads were stopped: 0.0270610 seconds, Stopping threads took: 0.0001060 seconds
64.412: Application time: 0.0548240 seconds
64.412: [GC [PSYoungGen: 134624K->18912K(134656K)] 313003K->220011K(441344K), 0.0321750 secs] [Times: user=0.25 sys=0.00, real=0.03 secs] 
64.444: Total time for which application threads were stopped: 0.0323270 seconds, Stopping threads took: 0.0000690 seconds
64.495: Application time: 0.0501430 seconds
64.495: [GC [PSYoungGen: 134624K->18912K(134656K)] 335723K->239620K(441344K), 0.0287280 secs] [Times: user=0.23 sys=0.00, real=0.03 secs] 
64.523: Total time for which application threads were stopped: 0.0289030 seconds, Stopping threads took: 0.0000750 seconds
64.575: Application time: 0.0512950 seconds
64.576: [GC [PSYoungGen: 134624K->18928K(134656K)] 355332K->262508K(441344K), 0.0318640 secs] [Times: user=0.25 sys=0.00, real=0.03 secs] 
64.608: Total time for which application threads were stopped: 0.0327770 seconds, Stopping threads took: 0.0008170 seconds
64.660: Application time: 0.0529560 seconds
64.661: [GC [PSYoungGen: 134640K->18912K(134656K)] 378220K->282625K(441344K), 0.0298200 secs] [Times: user=0.23 sys=0.00, real=0.02 secs] 
64.690: Total time for which application threads were stopped: 0.0299840 seconds, Stopping threads took: 0.0000770 seconds
64.727: Application time: 0.0363910 seconds
64.727: [GC [PSYoungGen: 134624K->18928K(134656K)] 398337K->314720K(441344K), 0.0321420 secs] [Times: user=0.26 sys=0.00, real=0.03 secs] 
64.759: [Full GC [PSYoungGen: 18928K->0K(134656K)] [ParOldGen: 295792K->135115K(306688K)] 314720K->135115K(441344K) [PSPermGen: 9101K->9101K(21504K)], 0.1481570 secs] [Times: user=1.08 sys=0.00, real=0.15 secs] 
64.907: Total time for which application threads were stopped: 0.1805350 seconds, Stopping threads took: 0.0000860 seconds
64.953: Application time: 0.0457070 seconds
64.953: [GC [PSYoungGen: 115712K->18912K(134656K)] 250827K->167568K(441344K), 0.0206340 secs] [Times: user=0.16 sys=0.00, real=0.02 secs] 
64.974: Total time for which application threads were stopped: 0.0208200 seconds, Stopping threads took: 0.0001030 seconds
65.030: Application time: 0.0557990 seconds
65.030: [GC [PSYoungGen: 134624K->18912K(134656K)] 283280K->179956K(441344K), 0.0220060 secs] [Times: user=0.18 sys=0.00, real=0.03 secs] 
65.052: Total time for which application threads were stopped: 0.0222010 seconds, Stopping threads took: 0.0000950 seconds
65.099: Application time: 0.0473470 seconds
65.099: [GC [PSYoungGen: 134624K->18928K(134656K)] 295668K->201542K(441344K), 0.0272350 secs] [Times: user=0.20 sys=0.00, real=0.03 secs] 
65.127: Total time for which application threads were stopped: 0.0274000 seconds, Stopping threads took: 0.0000780 seconds
65.180: Application time: 0.0532170 seconds
65.180: [GC [PSYoungGen: 134640K->18928K(134656K)] 317254K->223082K(441344K), 0.0313970 secs] [Times: user=0.25 sys=0.00, real=0.02 secs] 
65.211: Total time for which application threads were stopped: 0.0315700 seconds, Stopping threads took: 0.0000900 seconds
65.267: Application time: 0.0550920 seconds
65.267: [GC [PSYoungGen: 134640K->18928K(134656K)] 338794K->239095K(441344K), 0.0279110 secs] [Times: user=0.22 sys=0.00, real=0.03 secs] 
65.295: Total time for which application threads were stopped: 0.0280680 seconds, Stopping threads took: 0.0000720 seconds
65.342: Application time: 0.0472060 seconds
65.342: [GC [PSYoungGen: 134640K->18928K(134656K)] 354807K->263744K(441344K), 0.0317760 secs] [Times: user=0.25 sys=0.00, real=0.03 secs] 
65.374: Total time for which application threads were stopped: 0.0319500 seconds, Stopping threads took: 0.0000880 seconds
65.423: Application time: 0.0490630 seconds
65.423: [GC [PSYoungGen: 134640K->18928K(134656K)] 379456K->287266K(441344K), 0.0332790 secs] [Times: user=0.26 sys=0.00, real=0.03 secs] 
65.456: Total time for which application threads were stopped: 0.0334400 seconds, Stopping threads took: 0.0000750 seconds
65.495: Application time: 0.0389620 seconds
65.495: [GC [PSYoungGen: 134640K->18928K(134656K)] 402978K->318518K(441344K), 0.0347570 secs] [Times: user=0.28 sys=0.00, real=0.03 secs] 
65.530: [Full GC [PSYoungGen: 18928K->0K(134656K)] [ParOldGen: 299590K->136553K(306688K)] 318518K->136553K(441344K) [PSPermGen: 9101K->9101K(21504K)], 0.1480380 secs] [Times: user=1.09 sys=0.01, real=0.15 secs] 
65.678: Total time for which application threads were stopped: 0.1830630 seconds, Stopping threads took: 0.0001140 seconds
65.725: Application time: 0.0462570 seconds
65.725: [GC [PSYoungGen: 115712K->18928K(134656K)] 252265K->167270K(441344K), 0.0196140 secs] [Times: user=0.15 sys=0.00, real=0.02 secs] 
65.744: Total time for which application threads were stopped: 0.0198370 seconds, Stopping threads took: 0.0001040 seconds
65.801: Application time: 0.0567990 seconds
65.801: [GC [PSYoungGen: 134640K->18912K(134656K)] 282982K->181784K(441344K), 0.0226580 secs] [Times: user=0.18 sys=0.00, real=0.02 secs] 
65.824: Total time for which application threads were stopped: 0.0228370 seconds, Stopping threads took: 0.0000940 seconds
65.872: Application time: 0.0476820 seconds
65.876: [GC [PSYoungGen: 134624K->18912K(134656K)] 297496K->203499K(441344K), 0.0264780 secs] [Times: user=0.20 sys=0.00, real=0.03 secs] 
65.902: Total time for which application threads were stopped: 0.0303610 seconds, Stopping threads took: 0.0037970 seconds
65.957: Application time: 0.0552240 seconds
65.957: [GC [PSYoungGen: 134587K->18912K(134656K)] 319174K->224136K(441344K), 0.0302900 secs] [Times: user=0.24 sys=0.00, real=0.03 secs] 
65.988: Total time for which application threads were stopped: 0.0304560 seconds, Stopping threads took: 0.0000810 seconds
66.044: Application time: 0.0558880 seconds
66.044: [GC [PSYoungGen: 134624K->18928K(134656K)] 339848K->238222K(441344K), 0.0271210 secs] [Times: user=0.21 sys=0.00, real=0.02 secs] 
66.071: Total time for which application threads were stopped: 0.0272980 seconds, Stopping threads took: 0.0000800 seconds
66.120: Application time: 0.0493210 seconds
66.120: [GC [PSYoungGen: 134640K->18928K(134656K)] 353934K->262189K(441344K), 0.0326030 secs] [Times: user=0.25 sys=0.00, real=0.03 secs] 
66.153: Total time for which application threads were stopped: 0.0327510 seconds, Stopping threads took: 0.0000620 seconds
66.201: Application time: 0.0483620 seconds
66.202: [GC [PSYoungGen: 134537K->18912K(134656K)] 377798K->287398K(441344K), 0.0331940 secs] [Times: user=0.26 sys=0.00, real=0.03 secs] 
66.235: Total time for which application threads were stopped: 0.0333570 seconds, Stopping threads took: 0.0000730 seconds
66.273: Application time: 0.0386940 seconds
66.274: [GC [PSYoungGen: 134624K->18912K(134656K)] 403110K->317662K(441344K), 0.0339960 secs] [Times: user=0.27 sys=0.00, real=0.03 secs] 
66.308: [Full GC [PSYoungGen: 18912K->0K(134656K)] [ParOldGen: 298750K->135728K(306688K)] 317662K->135728K(441344K) [PSPermGen: 9101K->9101K(21504K)], 0.1490870 secs] [Times: user=1.10 sys=0.00, real=0.15 secs] 
66.457: Total time for which application threads were stopped: 0.1833370 seconds, Stopping threads took: 0.0000900 seconds
66.502: Application time: 0.0455140 seconds
66.504: [GC [PSYoungGen: 115712K->18939K(134656K)] 251440K->166900K(441344K), 0.0189370 secs] [Times: user=0.14 sys=0.00, real=0.02 secs] 
66.523: Total time for which application threads were stopped: 0.0202360 seconds, Stopping threads took: 0.0012150 seconds
66.579: Application time: 0.0566040 seconds
66.579: [GC [PSYoungGen: 134651K->18939K(134656K)] 282612K->182329K(441344K), 0.0234380 secs] [Times: user=0.18 sys=0.00, real=0.03 secs] 
66.603: Total time for which application threads were stopped: 0.0235990 seconds, Stopping threads took: 0.0000770 seconds
66.650: Application time: 0.0474430 seconds
66.650: [GC [PSYoungGen: 134473K->18923K(134656K)] 297863K->203814K(441344K), 0.0276120 secs] [Times: user=0.22 sys=0.00, real=0.03 secs] 
66.678: Total time for which application threads were stopped: 0.0277850 seconds, Stopping threads took: 0.0000830 seconds
66.732: Application time: 0.0538450 seconds
66.732: [GC [PSYoungGen: 134635K->18928K(134656K)] 319526K->226282K(441344K), 0.0314690 secs] [Times: user=0.25 sys=0.00, real=0.03 secs] 
66.764: Total time for which application threads were stopped: 0.0316240 seconds, Stopping threads took: 0.0000720 seconds
66.820: Application time: 0.0561700 seconds
66.820: [GC [PSYoungGen: 134640K->18928K(134656K)] 341994K->238835K(441344K), 0.0249830 secs] [Times: user=0.19 sys=0.00, real=0.02 secs] 
66.845: Total time for which application threads were stopped: 0.0251560 seconds, Stopping threads took: 0.0000720 seconds
66.891: Application time: 0.0460420 seconds
66.891: [GC [PSYoungGen: 134640K->18912K(134656K)] 354547K->263529K(441344K), 0.0295150 secs] [Times: user=0.23 sys=0.00, real=0.04 secs] 
66.921: Total time for which application threads were stopped: 0.0297010 seconds, Stopping threads took: 0.0000990 seconds
66.969: Application time: 0.0479780 seconds
66.969: [GC [PSYoungGen: 134624K->18912K(134656K)] 379241K->290514K(441344K), 0.0326080 secs] [Times: user=0.25 sys=0.00, real=0.04 secs] 
67.001: [Full GC [PSYoungGen: 18912K->0K(134656K)] [ParOldGen: 271602K->126563K(306688K)] 290514K->126563K(441344K) [PSPermGen: 9104K->9104K(21504K)], 0.1380440 secs] [Times: user=1.03 sys=0.00, real=0.13 secs] 
67.139: Total time for which application threads were stopped: 0.1708990 seconds, Stopping threads took: 0.0000980 seconds
67.180: Application time: 0.0404090 seconds
67.180: [GC [PSYoungGen: 115712K->18943K(134656K)] 242275K->154771K(441344K), 0.0144840 secs] [Times: user=0.11 sys=0.00, real=0.01 secs] 
67.195: Total time for which application threads were stopped: 0.0146590 seconds, Stopping threads took: 0.0000900 seconds
67.239: Application time: 0.0442520 seconds
67.239: [GC [PSYoungGen: 134655K->18912K(134656K)] 270483K->184330K(441344K), 0.0255510 secs] [Times: user=0.20 sys=0.00, real=0.03 secs] 
67.265: Total time for which application threads were stopped: 0.0257610 seconds, Stopping threads took: 0.0001150 seconds
67.325: Application time: 0.0605270 seconds
67.325: [GC [PSYoungGen: 134624K->18912K(134656K)] 300042K->199142K(441344K), 0.0255740 secs] [Times: user=0.20 sys=0.00, real=0.02 secs] 
67.351: Total time for which application threads were stopped: 0.0257650 seconds, Stopping threads took: 0.0000990 seconds
67.399: Application time: 0.0485690 seconds
67.400: [GC [PSYoungGen: 134552K->18912K(134656K)] 314782K->221449K(441344K), 0.0274850 secs] [Times: user=0.21 sys=0.00, real=0.02 secs] 
67.427: Total time for which application threads were stopped: 0.0277220 seconds, Stopping threads took: 0.0001440 seconds
67.481: Application time: 0.0538960 seconds
67.481: [GC [PSYoungGen: 134624K->18928K(134656K)] 337161K->244877K(441344K), 0.0327090 secs] [Times: user=0.25 sys=0.00, real=0.03 secs] 
67.514: Total time for which application threads were stopped: 0.0328760 seconds, Stopping threads took: 0.0000840 seconds
67.572: Application time: 0.0576890 seconds
67.572: [GC [PSYoungGen: 134640K->18928K(134656K)] 360589K->256057K(441344K), 0.0263800 secs] [Times: user=0.20 sys=0.00, real=0.02 secs] 
67.598: Total time for which application threads were stopped: 0.0265360 seconds, Stopping threads took: 0.0000690 seconds
67.646: Application time: 0.0476760 seconds
67.646: [GC [PSYoungGen: 134640K->18912K(134656K)] 371769K->278246K(441344K), 0.0305400 secs] [Times: user=0.24 sys=0.00, real=0.03 secs] 
67.677: Total time for which application threads were stopped: 0.0307090 seconds, Stopping threads took: 0.0000810 seconds
67.723: Application time: 0.0464970 seconds
67.723: [GC [PSYoungGen: 134624K->18912K(134656K)] 393958K->306899K(441344K), 0.0350240 secs] [Times: user=0.28 sys=0.00, real=0.03 secs] 
67.758: [Full GC [PSYoungGen: 18912K->0K(134656K)] [ParOldGen: 287987K->125083K(306688K)] 306899K->125083K(441344K) [PSPermGen: 9104K->9104K(21504K)], 0.1351100 secs] [Times: user=0.99 sys=0.00, real=0.14 secs] 
67.893: Total time for which application threads were stopped: 0.1703530 seconds, Stopping threads took: 0.0000700 seconds
67.935: Application time: 0.0420360 seconds
67.936: [GC [PSYoungGen: 115712K->18936K(134656K)] 240795K->156433K(441344K), 0.0171930 secs] [Times: user=0.14 sys=0.00, real=0.02 secs] 
67.953: Total time for which application threads were stopped: 0.0173880 seconds, Stopping threads took: 0.0000980 seconds
67.998: Application time: 0.0453160 seconds
67.998: [GC [PSYoungGen: 134648K->18928K(134656K)] 272145K->184342K(441344K), 0.0259930 secs] [Times: user=0.20 sys=0.00, real=0.03 secs] 
68.024: Total time for which application threads were stopped: 0.0261360 seconds, Stopping threads took: 0.0000560 seconds
68.084: Application time: 0.0600940 seconds
68.084: [GC [PSYoungGen: 134640K->18928K(134656K)] 300054K->199947K(441344K), 0.0274700 secs] [Times: user=0.22 sys=0.00, real=0.03 secs] 
68.112: Total time for which application threads were stopped: 0.0276230 seconds, Stopping threads took: 0.0000740 seconds
68.161: Application time: 0.0487470 seconds
68.161: [GC [PSYoungGen: 134640K->18928K(134656K)] 315659K->221003K(441344K), 0.0270550 secs] [Times: user=0.21 sys=0.00, real=0.02 secs] 
68.188: Total time for which application threads were stopped: 0.0272130 seconds, Stopping threads took: 0.0000740 seconds
68.242: Application time: 0.0542940 seconds
68.242: [GC [PSYoungGen: 134640K->18928K(134656K)] 336715K->243272K(441344K), 0.0315100 secs] [Times: user=0.25 sys=0.00, real=0.03 secs] 
68.274: Total time for which application threads were stopped: 0.0316810 seconds, Stopping threads took: 0.0000850 seconds
68.330: Application time: 0.0564180 seconds
68.330: [GC [PSYoungGen: 134640K->18912K(134656K)] 358984K->257173K(441344K), 0.0274810 secs] [Times: user=0.22 sys=0.00, real=0.03 secs] 
68.358: Total time for which application threads were stopped: 0.0276430 seconds, Stopping threads took: 0.0000760 seconds
68.406: Application time: 0.0484540 seconds
68.407: [GC [PSYoungGen: 134624K->18928K(134656K)] 372885K->279112K(441344K), 0.0309100 secs] [Times: user=0.25 sys=0.00, real=0.03 secs] 
68.438: Total time for which application threads were stopped: 0.0310990 seconds, Stopping threads took: 0.0000910 seconds
68.484: Application time: 0.0465410 seconds
68.484: [GC [PSYoungGen: 134640K->18912K(134656K)] 394824K->306542K(441344K), 0.0352150 secs] [Times: user=0.28 sys=0.00, real=0.03 secs] 
68.520: [Full GC [PSYoungGen: 18912K->0K(134656K)] [ParOldGen: 287630K->132017K(306688K)] 306542K->132017K(441344K) [PSPermGen: 9104K->9104K(21504K)], 0.1449840 secs] [Times: user=1.07 sys=0.00, real=0.14 secs] 
68.665: Total time for which application threads were stopped: 0.1804680 seconds, Stopping threads took: 0.0000960 seconds
68.709: Application time: 0.0443520 seconds
68.709: [GC [PSYoungGen: 115684K->18938K(134656K)] 247702K->162756K(441344K), 0.0171720 secs] [Times: user=0.14 sys=0.00, real=0.02 secs] 
68.726: Total time for which application threads were stopped: 0.0173550 seconds, Stopping threads took: 0.0000970 seconds
68.770: Application time: 0.0439110 seconds
68.770: [GC [PSYoungGen: 134650K->18928K(134656K)] 278468K->190575K(441344K), 0.0254100 secs] [Times: user=0.20 sys=0.00, real=0.03 secs] 
68.796: Total time for which application threads were stopped: 0.0255900 seconds, Stopping threads took: 0.0000910 seconds
68.854: Application time: 0.0583220 seconds
68.854: [GC [PSYoungGen: 134640K->18912K(134656K)] 306287K->207535K(441344K), 0.0273240 secs] [Times: user=0.21 sys=0.00, real=0.03 secs] 
68.882: Total time for which application threads were stopped: 0.0274970 seconds, Stopping threads took: 0.0000880 seconds
68.931: Application time: 0.0496660 seconds
68.931: [GC [PSYoungGen: 134624K->18928K(134656K)] 323247K->227501K(441344K), 0.0248110 secs] [Times: user=0.19 sys=0.01, real=0.03 secs] 
68.956: Total time for which application threads were stopped: 0.0249730 seconds, Stopping threads took: 0.0000760 seconds
69.007: Application time: 0.0506950 seconds
69.007: [GC [PSYoungGen: 134640K->18928K(134656K)] 343213K->251390K(441344K), 0.0296370 secs] [Times: user=0.23 sys=0.00, real=0.03 secs] 
69.037: Total time for which application threads were stopped: 0.0298210 seconds, Stopping threads took: 0.0000860 seconds
69.092: Application time: 0.0555410 seconds
69.096: [GC [PSYoungGen: 134517K->18928K(134656K)] 366979K->265728K(441344K), 0.0270030 secs] [Times: user=0.21 sys=0.00, real=0.03 secs] 
69.123: Total time for which application threads were stopped: 0.0303590 seconds, Stopping threads took: 0.0032650 seconds
69.169: Application time: 0.0466740 seconds
69.169: [GC [PSYoungGen: 134640K->18928K(134656K)] 381440K->287996K(441344K), 0.0279290 secs] [Times: user=0.22 sys=0.00, real=0.03 secs] 
69.197: Total time for which application threads were stopped: 0.0280810 seconds, Stopping threads took: 0.0000610 seconds
69.242: Application time: 0.0447940 seconds
69.242: [GC [PSYoungGen: 134640K->18912K(134656K)] 403708K->315169K(441344K), 0.0319150 secs] [Times: user=0.25 sys=0.00, real=0.03 secs] 
69.274: [Full GC [PSYoungGen: 18912K->0K(134656K)] [ParOldGen: 296256K->132797K(306688K)] 315169K->132797K(441344K) [PSPermGen: 9104K->9104K(21504K)], 0.1490240 secs] [Times: user=1.10 sys=0.00, real=0.15 secs] 
69.423: Total time for which application threads were stopped: 0.1811830 seconds, Stopping threads took: 0.0000880 seconds
69.470: Application time: 0.0465310 seconds
69.470: [GC [PSYoungGen: 115712K->18917K(134656K)] 248509K->162204K(441344K), 0.0171710 secs] [Times: user=0.13 sys=0.00, real=0.02 secs] 
69.487: Total time for which application threads were stopped: 0.0173500 seconds, Stopping threads took: 0.0000900 seconds
69.532: Application time: 0.0445760 seconds
69.532: [GC [PSYoungGen: 134629K->18944K(134656K)] 277916K->189364K(441344K), 0.0258640 secs] [Times: user=0.20 sys=0.00, real=0.02 secs] 
69.558: Total time for which application threads were stopped: 0.0260450 seconds, Stopping threads took: 0.0000850 seconds
69.614: Application time: 0.0557740 seconds
69.614: [GC [PSYoungGen: 134656K->18912K(134656K)] 305076K->208926K(441344K), 0.0273580 secs] [Times: user=0.22 sys=0.00, real=0.03 secs] 
69.641: Total time for which application threads were stopped: 0.0275210 seconds, Stopping threads took: 0.0000730 seconds
69.690: Application time: 0.0490890 seconds
69.690: [GC [PSYoungGen: 134624K->18928K(134656K)] 324638K->227059K(441344K), 0.0252730 secs] [Times: user=0.20 sys=0.00, real=0.03 secs] 
69.716: Total time for which application threads were stopped: 0.0254470 seconds, Stopping threads took: 0.0000860 seconds
69.767: Application time: 0.0508910 seconds
69.768: [GC [PSYoungGen: 134640K->18928K(134656K)] 342771K->251278K(441344K), 0.0322490 secs] [Times: user=0.25 sys=0.00, real=0.04 secs] 
69.800: Total time for which application threads were stopped: 0.0332210 seconds, Stopping threads took: 0.0008830 seconds
69.855: Application time: 0.0553030 seconds
69.855: [GC [PSYoungGen: 134513K->18928K(134656K)] 366864K->267019K(441344K), 0.0285250 secs] [Times: user=0.22 sys=0.00, real=0.03 secs] 
69.884: Total time for which application threads were stopped: 0.0287190 seconds, Stopping threads took: 0.0001070 seconds
69.931: Application time: 0.0470310 seconds
69.931: [GC [PSYoungGen: 134640K->18928K(134656K)] 382731K->289648K(441344K), 0.0282240 secs] [Times: user=0.22 sys=0.00, real=0.03 secs] 
69.959: Total time for which application threads were stopped: 0.0283990 seconds, Stopping threads took: 0.0000890 seconds
70.004: Application time: 0.0444020 seconds
70.004: [GC [PSYoungGen: 134640K->18912K(134656K)] 405360K->316645K(441344K), 0.0314080 secs] [Times: user=0.25 sys=0.00, real=0.03 secs] 
70.035: [Full GC [PSYoungGen: 18912K->0K(134656K)] [ParOldGen: 297733K->134890K(306688K)] 316645K->134890K(441344K) [PSPermGen: 9105K->9105K(21504K)], 0.1505390 secs] [Times: user=1.12 sys=0.00, real=0.15 secs] 
70.186: Total time for which application threads were stopped: 0.1821700 seconds, Stopping threads took: 0.0000750 seconds
70.233: Application time: 0.0469980 seconds
70.233: [GC [PSYoungGen: 115712K->18937K(134656K)] 250602K->162322K(441344K), 0.0166400 secs] [Times: user=0.13 sys=0.00, real=0.01 secs] 
70.250: Total time for which application threads were stopped: 0.0168060 seconds, Stopping threads took: 0.0000680 seconds
70.294: Application time: 0.0447420 seconds
70.295: [GC [PSYoungGen: 134649K->18912K(134656K)] 278034K->189467K(441344K), 0.0255850 secs] [Times: user=0.20 sys=0.00, real=0.03 secs] 
70.320: Total time for which application threads were stopped: 0.0257640 seconds, Stopping threads took: 0.0000910 seconds
70.376: Application time: 0.0560710 seconds
70.376: [GC [PSYoungGen: 134624K->18928K(134656K)] 305179K->210838K(441344K), 0.0288960 secs] [Times: user=0.22 sys=0.00, real=0.03 secs] 
70.405: Total time for which application threads were stopped: 0.0290560 seconds, Stopping threads took: 0.0000780 seconds
70.457: Application time: 0.0514320 seconds
70.457: [GC [PSYoungGen: 134640K->18928K(134656K)] 326550K->227897K(441344K), 0.0245640 secs] [Times: user=0.19 sys=0.00, real=0.03 secs] 
70.482: Total time for which application threads were stopped: 0.0247450 seconds, Stopping threads took: 0.0000910 seconds
70.532: Application time: 0.0502320 seconds
70.532: [GC [PSYoungGen: 134640K->18912K(134656K)] 343609K->251721K(441344K), 0.0295360 secs] [Times: user=0.24 sys=0.00, real=0.03 secs] 
70.562: Total time for which application threads were stopped: 0.0297240 seconds, Stopping threads took: 0.0001000 seconds
70.616: Application time: 0.0546610 seconds
70.616: [GC [PSYoungGen: 134624K->18912K(134656K)] 367433K->270619K(441344K), 0.0294340 secs] [Times: user=0.22 sys=0.00, real=0.03 secs] 
70.646: Total time for which application threads were stopped: 0.0295920 seconds, Stopping threads took: 0.0000730 seconds
70.694: Application time: 0.0485850 seconds
70.695: [GC [PSYoungGen: 134624K->18928K(134656K)] 386331K->292888K(441344K), 0.0295140 secs] [Times: user=0.23 sys=0.00, real=0.03 secs] 
70.724: Total time for which application threads were stopped: 0.0296920 seconds, Stopping threads took: 0.0000900 seconds
70.771: Application time: 0.0472810 seconds
70.772: [GC [PSYoungGen: 134640K->18912K(134656K)] 408600K->319097K(441344K), 0.0336150 secs] [Times: user=0.25 sys=0.01, real=0.04 secs] 
70.805: [Full GC [PSYoungGen: 18912K->0K(134656K)] [ParOldGen: 300184K->137482K(306688K)] 319097K->137482K(441344K) [PSPermGen: 9105K->9105K(21504K)], 0.1594220 secs] [Times: user=1.17 sys=0.00, real=0.16 secs] 
70.965: Total time for which application threads were stopped: 0.1932880 seconds, Stopping threads took: 0.0000940 seconds
71.014: Application time: 0.0496900 seconds
71.014: [GC [PSYoungGen: 115712K->18932K(134656K)] 253194K->162946K(441344K), 0.0158640 secs] [Times: user=0.12 sys=0.00, real=0.01 secs] 
71.030: Total time for which application threads were stopped: 0.0160590 seconds, Stopping threads took: 0.0001090 seconds
71.074: Application time: 0.0437160 seconds
71.074: [GC [PSYoungGen: 134644K->18928K(134656K)] 278658K->189040K(441344K), 0.0248820 secs] [Times: user=0.20 sys=0.00, real=0.02 secs] 
71.099: Total time for which application threads were stopped: 0.0250720 seconds, Stopping threads took: 0.0001020 seconds
71.155: Application time: 0.0554290 seconds
71.156: [GC [PSYoungGen: 134640K->18912K(134656K)] 304752K->211475K(441344K), 0.0285610 secs] [Times: user=0.22 sys=0.00, real=0.03 secs] 
71.184: Total time for which application threads were stopped: 0.0295660 seconds, Stopping threads took: 0.0009190 seconds
71.236: Application time: 0.0520920 seconds
71.236: [GC [PSYoungGen: 134624K->18928K(134656K)] 327187K->228996K(441344K), 0.0251300 secs] [Times: user=0.19 sys=0.00, real=0.03 secs] 
71.262: Total time for which application threads were stopped: 0.0253110 seconds, Stopping threads took: 0.0000960 seconds
71.312: Application time: 0.0507410 seconds
71.312: [GC [PSYoungGen: 134640K->18912K(134656K)] 344708K->251502K(441344K), 0.0295080 secs] [Times: user=0.23 sys=0.00, real=0.03 secs] 
71.342: Total time for which application threads were stopped: 0.0296960 seconds, Stopping threads took: 0.0000860 seconds
71.396: Application time: 0.0541580 seconds
71.396: [GC [PSYoungGen: 134624K->18928K(134656K)] 367214K->271501K(441344K), 0.0288620 secs] [Times: user=0.23 sys=0.00, real=0.03 secs] 
71.425: Total time for which application threads were stopped: 0.0290430 seconds, Stopping threads took: 0.0000940 seconds
71.474: Application time: 0.0482900 seconds
71.474: [GC [PSYoungGen: 134640K->18928K(134656K)] 387213K->292906K(441344K), 0.0282890 secs] [Times: user=0.22 sys=0.00, real=0.03 secs] 
71.502: Total time for which application threads were stopped: 0.0284850 seconds, Stopping threads took: 0.0001090 seconds
71.547: Application time: 0.0454280 seconds
71.548: [GC [PSYoungGen: 134640K->18912K(134656K)] 408618K->319634K(441344K), 0.0317630 secs] [Times: user=0.24 sys=0.00, real=0.03 secs] 
71.579: [Full GC [PSYoungGen: 18912K->0K(134656K)] [ParOldGen: 300721K->136189K(306688K)] 319634K->136189K(441344K) [PSPermGen: 9105K->9105K(21504K)], 0.1553540 secs] [Times: user=1.15 sys=0.00, real=0.16 secs] 
71.735: Total time for which application threads were stopped: 0.1873660 seconds, Stopping threads took: 0.0001030 seconds
71.782: Application time: 0.0475000 seconds
71.782: [GC [PSYoungGen: 115712K->18936K(134656K)] 251901K->162590K(441344K), 0.0159790 secs] [Times: user=0.13 sys=0.00, real=0.01 secs] 
71.799: Total time for which application threads were stopped: 0.0161720 seconds, Stopping threads took: 0.0000870 seconds
71.844: Application time: 0.0455010 seconds
71.844: [GC [PSYoungGen: 134648K->18912K(134656K)] 278302K->187842K(441344K), 0.0247270 secs] [Times: user=0.19 sys=0.00, real=0.02 secs] 
71.869: Total time for which application threads were stopped: 0.0249250 seconds, Stopping threads took: 0.0001000 seconds
71.922: Application time: 0.0531820 seconds
71.922: [GC [PSYoungGen: 134624K->18928K(134656K)] 303554K->209778K(441344K), 0.0274300 secs] [Times: user=0.22 sys=0.00, real=0.02 secs] 
71.950: Total time for which application threads were stopped: 0.0275910 seconds, Stopping threads took: 0.0000760 seconds
72.003: Application time: 0.0530930 seconds
72.003: [GC [PSYoungGen: 134640K->18912K(134656K)] 325490K->228477K(441344K), 0.0255890 secs] [Times: user=0.20 sys=0.00, real=0.02 secs] 
72.029: Total time for which application threads were stopped: 0.0257450 seconds, Stopping threads took: 0.0000680 seconds
72.080: Application time: 0.0512560 seconds
72.084: [GC [PSYoungGen: 134624K->18928K(134656K)] 344189K->251363K(441344K), 0.0307850 secs] [Times: user=0.24 sys=0.00, real=0.03 secs] 
72.114: Total time for which application threads were stopped: 0.0346180 seconds, Stopping threads took: 0.0037490 seconds
72.167: Application time: 0.0526530 seconds
72.168: [GC [PSYoungGen: 134640K->18912K(134656K)] 367075K->270290K(441344K), 0.0279620 secs] [Times: user=0.22 sys=0.00, real=0.03 secs] 
72.196: Total time for which application threads were stopped: 0.0285410 seconds, Stopping threads took: 0.0004910 seconds
72.244: Application time: 0.0483110 seconds
72.244: [GC [PSYoungGen: 134624K->18928K(134656K)] 386002K->291572K(441344K), 0.0287800 secs] [Times: user=0.21 sys=0.00, real=0.03 secs] 
72.273: Total time for which application threads were stopped: 0.0289350 seconds, Stopping threads took: 0.0000680 seconds
72.320: Application time: 0.0471390 seconds
72.320: [GC [PSYoungGen: 134640K->18912K(134656K)] 407284K->318444K(441344K), 0.0323900 secs] [Times: user=0.25 sys=0.00, real=0.03 secs] 
72.353: [Full GC [PSYoungGen: 18912K->0K(134656K)] [ParOldGen: 299532K->136440K(306688K)] 318444K->136440K(441344K) [PSPermGen: 9106K->9106K(21504K)], 0.1599970 secs] [Times: user=1.18 sys=0.00, real=0.16 secs] 
72.513: Total time for which application threads were stopped: 0.1926260 seconds, Stopping threads took: 0.0000940 seconds
72.560: Application time: 0.0474880 seconds
72.560: [GC [PSYoungGen: 115712K->18912K(134656K)] 252152K->161661K(441344K), 0.0150520 secs] [Times: user=0.11 sys=0.00, real=0.01 secs] 
72.575: Total time for which application threads were stopped: 0.0152360 seconds, Stopping threads took: 0.0000840 seconds
72.618: Application time: 0.0431060 seconds
72.619: [GC [PSYoungGen: 134624K->18912K(134656K)] 277373K->186972K(441344K), 0.0236790 secs] [Times: user=0.18 sys=0.00, real=0.03 secs] 
72.642: Total time for which application threads were stopped: 0.0238280 seconds, Stopping threads took: 0.0000640 seconds
72.695: Application time: 0.0524940 seconds
72.695: [GC [PSYoungGen: 134624K->18912K(134656K)] 302684K->210768K(441344K), 0.0286840 secs] [Times: user=0.22 sys=0.00, real=0.03 secs] 
72.724: Total time for which application threads were stopped: 0.0288530 seconds, Stopping threads took: 0.0000850 seconds
72.779: Application time: 0.0555650 seconds
72.779: [GC [PSYoungGen: 134624K->18928K(134656K)] 326480K->225337K(441344K), 0.0240380 secs] [Times: user=0.19 sys=0.00, real=0.03 secs] 
72.803: Total time for which application threads were stopped: 0.0241940 seconds, Stopping threads took: 0.0000680 seconds
72.853: Application time: 0.0493030 seconds
72.856: [GC [PSYoungGen: 134640K->18912K(134656K)] 341049K->249483K(441344K), 0.0304820 secs] [Times: user=0.24 sys=0.00, real=0.03 secs] 
72.886: Total time for which application threads were stopped: 0.0334010 seconds, Stopping threads took: 0.0028280 seconds
72.940: Application time: 0.0540840 seconds
72.940: [GC [PSYoungGen: 134453K->18928K(134656K)] 365024K->270916K(441344K), 0.0303290 secs] [Times: user=0.24 sys=0.00, real=0.02 secs] 
72.971: Total time for which application threads were stopped: 0.0305340 seconds, Stopping threads took: 0.0001190 seconds
73.021: Application time: 0.0498740 seconds
73.021: [GC [PSYoungGen: 134640K->18928K(134656K)] 386628K->292054K(441344K), 0.0283480 secs] [Times: user=0.22 sys=0.00, real=0.02 secs] 
73.049: Total time for which application threads were stopped: 0.0285140 seconds, Stopping threads took: 0.0000800 seconds
73.096: Application time: 0.0469070 seconds
73.096: [GC [PSYoungGen: 134640K->18928K(134656K)] 407766K->318804K(441344K), 0.0328540 secs] [Times: user=0.25 sys=0.00, real=0.03 secs] 
73.129: [Full GC [PSYoungGen: 18928K->0K(134656K)] [ParOldGen: 299875K->137484K(306688K)] 318804K->137484K(441344K) [PSPermGen: 9106K->9106K(21504K)], 0.1577630 secs] [Times: user=1.17 sys=0.00, real=0.16 secs] 
73.287: Total time for which application threads were stopped: 0.1908720 seconds, Stopping threads took: 0.0000850 seconds
73.335: Application time: 0.0484360 seconds
73.340: [GC [PSYoungGen: 115712K->18927K(134656K)] 253196K->163049K(441344K), 0.0156710 secs] [Times: user=0.12 sys=0.00, real=0.01 secs] 
73.355: Total time for which application threads were stopped: 0.0199460 seconds, Stopping threads took: 0.0041880 seconds
73.400: Application time: 0.0444780 seconds
73.402: [GC [PSYoungGen: 134639K->18937K(134656K)] 278761K->187791K(441344K), 0.0240260 secs] [Times: user=0.19 sys=0.00, real=0.02 secs] 
73.426: Total time for which application threads were stopped: 0.0264740 seconds, Stopping threads took: 0.0023610 seconds
73.478: Application time: 0.0518590 seconds
73.478: [GC [PSYoungGen: 134649K->18937K(134656K)] 303503K->211244K(441344K), 0.0283960 secs] [Times: user=0.22 sys=0.00, real=0.03 secs] 
73.507: Total time for which application threads were stopped: 0.0285900 seconds, Stopping threads took: 0.0001090 seconds
73.563: Application time: 0.0557880 seconds
73.563: [GC [PSYoungGen: 134649K->18921K(134656K)] 326956K->226995K(441344K), 0.0253350 secs] [Times: user=0.16 sys=0.04, real=0.02 secs] 
73.588: Total time for which application threads were stopped: 0.0255150 seconds, Stopping threads took: 0.0000930 seconds
73.636: Application time: 0.0482360 seconds
73.636: [GC [PSYoungGen: 134633K->18921K(134656K)] 342707K->249394K(441344K), 0.0282140 secs] [Times: user=0.22 sys=0.00, real=0.03 secs] 
73.665: Total time for which application threads were stopped: 0.0283910 seconds, Stopping threads took: 0.0000770 seconds
73.717: Application time: 0.0522500 seconds
73.717: [GC [PSYoungGen: 134633K->18921K(134656K)] 365106K->272491K(441344K), 0.0305160 secs] [Times: user=0.24 sys=0.00, real=0.03 secs] 
73.748: Total time for which application threads were stopped: 0.0306970 seconds, Stopping threads took: 0.0000940 seconds
73.797: Application time: 0.0498250 seconds
73.798: [GC [PSYoungGen: 134633K->18937K(134656K)] 388203K->295191K(441344K), 0.0303830 secs] [Times: user=0.24 sys=0.00, real=0.03 secs] 
73.828: [Full GC [PSYoungGen: 18937K->0K(134656K)] [ParOldGen: 276254K->136169K(306688K)] 295191K->136169K(441344K) [PSPermGen: 9106K->9106K(21504K)], 0.1594770 secs] [Times: user=1.17 sys=0.00, real=0.16 secs] 
73.988: Total time for which application threads were stopped: 0.1901040 seconds, Stopping threads took: 0.0000990 seconds
74.038: Application time: 0.0502990 seconds
74.038: [GC [PSYoungGen: 115712K->18921K(134656K)] 251881K->158905K(441344K), 0.0140890 secs] [Times: user=0.10 sys=0.00, real=0.02 secs] 
74.052: Total time for which application threads were stopped: 0.0142640 seconds, Stopping threads took: 0.0000870 seconds
74.100: Application time: 0.0483220 seconds
74.101: [GC [PSYoungGen: 134633K->18912K(134656K)] 274617K->182551K(441344K), 0.0248810 secs] [Times: user=0.19 sys=0.00, real=0.02 secs] 
74.125: Total time for which application threads were stopped: 0.0250340 seconds, Stopping threads took: 0.0000670 seconds
74.172: Application time: 0.0464620 seconds
74.176: [GC [PSYoungGen: 134624K->18912K(134656K)] 298263K->208023K(441344K), 0.0277500 secs] [Times: user=0.22 sys=0.00, real=0.03 secs] 
74.203: Total time for which application threads were stopped: 0.0314610 seconds, Stopping threads took: 0.0036070 seconds
74.253: Application time: 0.0494070 seconds
74.256: [GC [PSYoungGen: 134624K->18912K(134656K)] 323735K->231961K(441344K), 0.0299260 secs] [Times: user=0.23 sys=0.00, real=0.03 secs] 
74.286: Total time for which application threads were stopped: 0.0327380 seconds, Stopping threads took: 0.0027260 seconds
74.338: Application time: 0.0523300 seconds
74.338: [GC [PSYoungGen: 134559K->18928K(134656K)] 347608K->253300K(441344K), 0.0288410 secs] [Times: user=0.23 sys=0.00, real=0.03 secs] 
74.367: Total time for which application threads were stopped: 0.0290100 seconds, Stopping threads took: 0.0000840 seconds
74.417: Application time: 0.0496720 seconds
74.417: [GC [PSYoungGen: 134640K->18928K(134656K)] 369012K->277284K(441344K), 0.0299850 secs] [Times: user=0.23 sys=0.00, real=0.03 secs] 
74.447: Total time for which application threads were stopped: 0.0301490 seconds, Stopping threads took: 0.0000800 seconds
74.501: Application time: 0.0546220 seconds
74.504: [GC [PSYoungGen: 134640K->18928K(134656K)] 392996K->295470K(441344K), 0.0289180 secs] [Times: user=0.22 sys=0.00, real=0.03 secs] 
74.533: [Full GC [PSYoungGen: 18928K->0K(134656K)] [ParOldGen: 276542K->135787K(306688K)] 295470K->135787K(441344K) [PSPermGen: 9106K->9106K(21504K)], 0.1587670 secs] [Times: user=1.18 sys=0.01, real=0.15 secs] 
74.691: Total time for which application threads were stopped: 0.1900430 seconds, Stopping threads took: 0.0022060 seconds
74.743: Application time: 0.0514190 seconds
74.743: [GC [PSYoungGen: 115712K->18936K(134656K)] 251499K->155524K(441344K), 0.0126890 secs] [Times: user=0.10 sys=0.00, real=0.01 secs] 
74.756: Total time for which application threads were stopped: 0.0128730 seconds, Stopping threads took: 0.0000860 seconds
74.805: Application time: 0.0495910 seconds
74.805: [GC [PSYoungGen: 134648K->18912K(134656K)] 271236K->178265K(441344K), 0.0233240 secs] [Times: user=0.18 sys=0.00, real=0.02 secs] 
74.829: Total time for which application threads were stopped: 0.0234810 seconds, Stopping threads took: 0.0000700 seconds
74.877: Application time: 0.0487180 seconds
74.878: [GC [PSYoungGen: 134624K->18912K(134656K)] 293977K->202943K(441344K), 0.0278230 secs] [Times: user=0.22 sys=0.00, real=0.03 secs] 
74.906: Total time for which application threads were stopped: 0.0279990 seconds, Stopping threads took: 0.0000870 seconds
74.949: Application time: 0.0430260 seconds
74.949: [GC [PSYoungGen: 134624K->18912K(134656K)] 318655K->229773K(441344K), 0.0280010 secs] [Times: user=0.22 sys=0.00, real=0.03 secs] 
74.977: Total time for which application threads were stopped: 0.0281730 seconds, Stopping threads took: 0.0000860 seconds
75.026: Application time: 0.0489170 seconds
75.028: [GC [PSYoungGen: 134624K->18912K(134656K)] 345485K->255925K(441344K), 0.0316210 secs] [Times: user=0.25 sys=0.00, real=0.03 secs] 
75.059: Total time for which application threads were stopped: 0.0336330 seconds, Stopping threads took: 0.0019260 seconds
75.113: Application time: 0.0534720 seconds
75.116: [GC [PSYoungGen: 134624K->18912K(134656K)] 371637K->276408K(441344K), 0.0287280 secs] [Times: user=0.22 sys=0.00, real=0.03 secs] 
75.144: Total time for which application threads were stopped: 0.0316570 seconds, Stopping threads took: 0.0028410 seconds
75.192: Application time: 0.0474130 seconds
75.192: [GC [PSYoungGen: 134624K->18912K(134656K)] 392120K->300362K(441344K), 0.0304530 secs] [Times: user=0.24 sys=0.00, real=0.03 secs] 
75.222: [Full GC [PSYoungGen: 18912K->0K(134656K)] [ParOldGen: 281450K->145540K(306688K)] 300362K->145540K(441344K) [PSPermGen: 9106K->9106K(21504K)], 0.1709220 secs] [Times: user=1.27 sys=0.00, real=0.17 secs] 
75.393: Total time for which application threads were stopped: 0.2015960 seconds, Stopping threads took: 0.0000750 seconds
75.449: Application time: 0.0558250 seconds
75.449: [GC [PSYoungGen: 115712K->18935K(134656K)] 261252K->164971K(441344K), 0.0141890 secs] [Times: user=0.11 sys=0.00, real=0.02 secs] 
75.464: Total time for which application threads were stopped: 0.0143840 seconds, Stopping threads took: 0.0000960 seconds
75.516: Application time: 0.0524630 seconds
75.516: [GC [PSYoungGen: 134647K->18928K(134656K)] 280683K->183947K(441344K), 0.0232180 secs] [Times: user=0.18 sys=0.00, real=0.02 secs] 
75.539: Total time for which application threads were stopped: 0.0234020 seconds, Stopping threads took: 0.0000990 seconds
75.589: Application time: 0.0496400 seconds
75.589: [GC [PSYoungGen: 134640K->18928K(134656K)] 299659K->205383K(441344K), 0.0269050 secs] [Times: user=0.22 sys=0.00, real=0.03 secs] 
75.616: Total time for which application threads were stopped: 0.0270590 seconds, Stopping threads took: 0.0000670 seconds
75.667: Application time: 0.0503760 seconds
75.668: [GC [PSYoungGen: 134533K->18928K(134656K)] 320988K->230599K(441344K), 0.0297320 secs] [Times: user=0.23 sys=0.00, real=0.03 secs] 
75.697: Total time for which application threads were stopped: 0.0307780 seconds, Stopping threads took: 0.0009590 seconds
75.742: Application time: 0.0443670 seconds
75.742: [GC [PSYoungGen: 134640K->18928K(134656K)] 346311K->258184K(441344K), 0.0302610 secs] [Times: user=0.24 sys=0.00, real=0.03 secs] 
75.772: Total time for which application threads were stopped: 0.0304770 seconds, Stopping threads took: 0.0001090 seconds
75.821: Application time: 0.0489870 seconds
75.821: [GC [PSYoungGen: 134640K->18928K(134656K)] 373896K->284125K(441344K), 0.0322800 secs] [Times: user=0.25 sys=0.00, real=0.03 secs] 
75.854: Total time for which application threads were stopped: 0.0324450 seconds, Stopping threads took: 0.0000780 seconds
75.907: Application time: 0.0528990 seconds
75.907: [GC [PSYoungGen: 134640K->18912K(134656K)] 399837K->305760K(441344K), 0.0305230 secs] [Times: user=0.24 sys=0.00, real=0.03 secs] 
75.937: [Full GC [PSYoungGen: 18912K->0K(134656K)] [ParOldGen: 286848K->141237K(306688K)] 305760K->141237K(441344K) [PSPermGen: 9107K->9107K(21504K)], 0.1646320 secs] [Times: user=1.23 sys=0.00, real=0.17 secs] 
76.102: Total time for which application threads were stopped: 0.1953760 seconds, Stopping threads took: 0.0000770 seconds
76.153: Application time: 0.0506480 seconds
76.153: [GC [PSYoungGen: 115712K->18937K(134656K)] 256949K->164802K(441344K), 0.0145640 secs] [Times: user=0.11 sys=0.00, real=0.01 secs] 
76.167: Total time for which application threads were stopped: 0.0147550 seconds, Stopping threads took: 0.0000890 seconds
76.221: Application time: 0.0539110 seconds
76.221: [GC [PSYoungGen: 134649K->18912K(134656K)] 280514K->182396K(441344K), 0.0222710 secs] [Times: user=0.18 sys=0.00, real=0.02 secs] 
76.244: Total time for which application threads were stopped: 0.0224570 seconds, Stopping threads took: 0.0000970 seconds
76.294: Application time: 0.0507960 seconds
76.295: [GC [PSYoungGen: 134595K->18928K(134656K)] 298079K->202054K(441344K), 0.0255970 secs] [Times: user=0.20 sys=0.00, real=0.03 secs] 
76.320: Total time for which application threads were stopped: 0.0257740 seconds, Stopping threads took: 0.0000910 seconds
76.370: Application time: 0.0498940 seconds
76.372: [GC [PSYoungGen: 134640K->18928K(134656K)] 317766K->223355K(441344K), 0.0272780 secs] [Times: user=0.21 sys=0.00, real=0.02 secs] 
76.399: Total time for which application threads were stopped: 0.0287660 seconds, Stopping threads took: 0.0014000 seconds
76.448: Application time: 0.0495630 seconds
76.449: [GC [PSYoungGen: 134640K->18928K(134656K)] 339067K->244605K(441344K), 0.0286070 secs] [Times: user=0.22 sys=0.00, real=0.03 secs] 
76.477: Total time for which application threads were stopped: 0.0287650 seconds, Stopping threads took: 0.0000720 seconds
76.520: Application time: 0.0428190 seconds
76.520: [GC [PSYoungGen: 134640K->18928K(134656K)] 360317K->273899K(441344K), 0.0310920 secs] [Times: user=0.25 sys=0.00, real=0.02 secs] 
76.551: Total time for which application threads were stopped: 0.0312390 seconds, Stopping threads took: 0.0000570 seconds
76.600: Application time: 0.0485580 seconds
76.604: [GC [PSYoungGen: 134640K->18912K(134656K)] 389611K->302542K(441344K), 0.0343830 secs] [Times: user=0.26 sys=0.00, real=0.03 secs] 
76.638: [Full GC [PSYoungGen: 18912K->0K(134656K)] [ParOldGen: 283630K->148268K(306688K)] 302542K->148268K(441344K) [PSPermGen: 9107K->9107K(21504K)], 0.1758120 secs] [Times: user=1.32 sys=0.00, real=0.18 secs] 
76.814: Total time for which application threads were stopped: 0.2140190 seconds, Stopping threads took: 0.0036720 seconds
76.866: Application time: 0.0525460 seconds
76.867: [GC [PSYoungGen: 115712K->18939K(134656K)] 263980K->167843K(441344K), 0.0132780 secs] [Times: user=0.10 sys=0.00, real=0.02 secs] 
76.880: Total time for which application threads were stopped: 0.0134540 seconds, Stopping threads took: 0.0000790 seconds
76.929: Application time: 0.0495210 seconds
76.930: [GC [PSYoungGen: 134518K->18912K(134656K)] 283422K->190515K(441344K), 0.0236760 secs] [Times: user=0.19 sys=0.00, real=0.03 secs] 
76.953: Total time for which application threads were stopped: 0.0238370 seconds, Stopping threads took: 0.0000740 seconds
77.005: Application time: 0.0518610 seconds
77.005: [GC [PSYoungGen: 134624K->18912K(134656K)] 306227K->210775K(441344K), 0.0272040 secs] [Times: user=0.22 sys=0.00, real=0.03 secs] 
77.033: Total time for which application threads were stopped: 0.0273930 seconds, Stopping threads took: 0.0001020 seconds
77.084: Application time: 0.0512670 seconds
77.084: [GC [PSYoungGen: 134624K->18912K(134656K)] 326487K->230785K(441344K), 0.0278590 secs] [Times: user=0.21 sys=0.00, real=0.03 secs] 
77.112: Total time for which application threads were stopped: 0.0280140 seconds, Stopping threads took: 0.0000740 seconds
77.162: Application time: 0.0500570 seconds
77.162: [GC [PSYoungGen: 134624K->18912K(134656K)] 346497K->252034K(441344K), 0.0334350 secs] [Times: user=0.24 sys=0.00, real=0.03 secs] 
77.196: Total time for which application threads were stopped: 0.0336210 seconds, Stopping threads took: 0.0000990 seconds
77.244: Application time: 0.0487780 seconds
77.244: [GC [PSYoungGen: 134624K->18912K(134656K)] 367746K->273977K(441344K), 0.0292200 secs] [Times: user=0.23 sys=0.00, real=0.03 secs] 
77.274: Total time for which application threads were stopped: 0.0293780 seconds, Stopping threads took: 0.0000720 seconds
77.317: Application time: 0.0437930 seconds
77.318: [GC [PSYoungGen: 134624K->18928K(134656K)] 389689K->301974K(441344K), 0.0312460 secs] [Times: user=0.24 sys=0.00, real=0.03 secs] 
77.349: [Full GC [PSYoungGen: 18928K->0K(134656K)] [ParOldGen: 283045K->132981K(306688K)] 301974K->132981K(441344K) [PSPermGen: 9107K->9107K(21504K)], 0.1465550 secs] [Times: user=1.08 sys=0.00, real=0.15 secs] 
77.496: Total time for which application threads were stopped: 0.1780460 seconds, Stopping threads took: 0.0000940 seconds
77.542: Application time: 0.0464830 seconds
77.542: [GC [PSYoungGen: 115712K->18928K(134656K)] 248693K->160352K(441344K), 0.0166560 secs] [Times: user=0.13 sys=0.00, real=0.01 secs] 
77.559: Total time for which application threads were stopped: 0.0168460 seconds, Stopping threads took: 0.0000870 seconds
77.614: Application time: 0.0547470 seconds
77.614: [GC [PSYoungGen: 134640K->18928K(134656K)] 276064K->180298K(441344K), 0.0242090 secs] [Times: user=0.19 sys=0.00, real=0.02 secs] 
77.638: Total time for which application threads were stopped: 0.0243920 seconds, Stopping threads took: 0.0000950 seconds
77.688: Application time: 0.0500990 seconds
77.688: [GC [PSYoungGen: 134640K->18928K(134656K)] 296010K->202139K(441344K), 0.0274860 secs] [Times: user=0.22 sys=0.00, real=0.03 secs] 
77.716: Total time for which application threads were stopped: 0.0276530 seconds, Stopping threads took: 0.0000790 seconds
77.766: Application time: 0.0502740 seconds
77.766: [GC [PSYoungGen: 134640K->18928K(134656K)] 317851K->224837K(441344K), 0.0305360 secs] [Times: user=0.24 sys=0.00, real=0.03 secs] 
77.797: Total time for which application threads were stopped: 0.0307470 seconds, Stopping threads took: 0.0001220 seconds
77.850: Application time: 0.0533510 seconds
77.852: [GC [PSYoungGen: 134640K->18928K(134656K)] 340549K->244263K(441344K), 0.0294680 secs] [Times: user=0.23 sys=0.00, real=0.03 secs] 
77.881: Total time for which application threads were stopped: 0.0310110 seconds, Stopping threads took: 0.0014570 seconds
77.932: Application time: 0.0504870 seconds
77.932: [GC [PSYoungGen: 134640K->18912K(134656K)] 359975K->264565K(441344K), 0.0281670 secs] [Times: user=0.22 sys=0.00, real=0.03 secs] 
77.960: Total time for which application threads were stopped: 0.0283270 seconds, Stopping threads took: 0.0000730 seconds
78.010: Application time: 0.0496140 seconds
78.010: [GC [PSYoungGen: 134492K->18928K(134656K)] 380145K->287932K(441344K), 0.0305130 secs] [Times: user=0.25 sys=0.00, real=0.04 secs] 
78.040: Total time for which application threads were stopped: 0.0306920 seconds, Stopping threads took: 0.0000810 seconds
78.087: Application time: 0.0471420 seconds
78.092: [GC [PSYoungGen: 134640K->18912K(134656K)] 403644K->314813K(441344K), 0.0330870 secs] [Times: user=0.26 sys=0.00, real=0.03 secs] 
78.125: [Full GC [PSYoungGen: 18912K->0K(134656K)] [ParOldGen: 295900K->136135K(306688K)] 314813K->136135K(441344K) [PSPermGen: 9107K->9107K(21504K)], 0.1518310 secs] [Times: user=1.13 sys=0.00, real=0.15 secs] 
78.277: Total time for which application threads were stopped: 0.1892490 seconds, Stopping threads took: 0.0041640 seconds
78.323: Application time: 0.0467220 seconds
78.323: [GC [PSYoungGen: 115712K->18912K(134656K)] 251847K->164745K(441344K), 0.0169600 secs] [Times: user=0.13 sys=0.00, real=0.02 secs] 
78.341: Total time for which application threads were stopped: 0.0171250 seconds, Stopping threads took: 0.0000770 seconds
78.395: Application time: 0.0549120 seconds
78.396: [GC [PSYoungGen: 134624K->18912K(134656K)] 280457K->181431K(441344K), 0.0244640 secs] [Times: user=0.19 sys=0.00, real=0.03 secs] 
78.420: Total time for which application threads were stopped: 0.0246360 seconds, Stopping threads took: 0.0000840 seconds
78.466: Application time: 0.0455380 seconds
78.466: [GC [PSYoungGen: 134624K->18928K(134656K)] 297143K->205475K(441344K), 0.0260140 secs] [Times: user=0.21 sys=0.00, real=0.03 secs] 
78.492: Total time for which application threads were stopped: 0.0261910 seconds, Stopping threads took: 0.0000900 seconds
78.544: Application time: 0.0521830 seconds
78.544: [GC [PSYoungGen: 134633K->18912K(134656K)] 321180K->228121K(441344K), 0.0297820 secs] [Times: user=0.23 sys=0.00, real=0.03 secs] 
78.574: Total time for which application threads were stopped: 0.0299450 seconds, Stopping threads took: 0.0000780 seconds
78.624: Application time: 0.0504350 seconds
78.628: [GC [PSYoungGen: 134624K->18912K(134656K)] 343833K->246974K(441344K), 0.0273780 secs] [Times: user=0.21 sys=0.00, real=0.03 secs] 
78.655: Total time for which application threads were stopped: 0.0306600 seconds, Stopping threads took: 0.0031780 seconds
78.706: Application time: 0.0513570 seconds
78.706: [GC [PSYoungGen: 134624K->18912K(134656K)] 362686K->267284K(441344K), 0.0283190 secs] [Times: user=0.22 sys=0.00, real=0.03 secs] 
78.735: Total time for which application threads were stopped: 0.0284810 seconds, Stopping threads took: 0.0000710 seconds
78.782: Application time: 0.0467200 seconds
78.784: [GC [PSYoungGen: 134577K->18928K(134656K)] 382949K->291719K(441344K), 0.0291750 secs] [Times: user=0.23 sys=0.00, real=0.03 secs] 
78.813: Total time for which application threads were stopped: 0.0312460 seconds, Stopping threads took: 0.0019870 seconds
78.859: Application time: 0.0466660 seconds
78.860: [GC [PSYoungGen: 134588K->18928K(134656K)] 407379K->320201K(441344K), 0.0322790 secs] [Times: user=0.26 sys=0.00, real=0.03 secs] 
78.892: [Full GC [PSYoungGen: 18928K->0K(134656K)] [ParOldGen: 301273K->142047K(306688K)] 320201K->142047K(441344K) [PSPermGen: 9107K->9107K(21504K)], 0.1629610 secs] [Times: user=1.21 sys=0.00, real=0.16 secs] 
79.055: Total time for which application threads were stopped: 0.1954760 seconds, Stopping threads took: 0.0000870 seconds
79.105: Application time: 0.0502050 seconds
79.105: [GC [PSYoungGen: 115712K->18942K(134656K)] 257759K->166900K(441344K), 0.0173140 secs] [Times: user=0.13 sys=0.00, real=0.02 secs] 
79.123: Total time for which application threads were stopped: 0.0175170 seconds, Stopping threads took: 0.0001130 seconds
79.177: Application time: 0.0539090 seconds
79.177: [GC [PSYoungGen: 134654K->18928K(134656K)] 282612K->185192K(441344K), 0.0229490 secs] [Times: user=0.18 sys=0.00, real=0.03 secs] 
79.200: Total time for which application threads were stopped: 0.0231330 seconds, Stopping threads took: 0.0000880 seconds
79.247: Application time: 0.0471440 seconds
79.247: [GC [PSYoungGen: 134640K->18912K(134656K)] 300904K->208781K(441344K), 0.0259570 secs] [Times: user=0.20 sys=0.00, real=0.03 secs] 
79.273: Total time for which application threads were stopped: 0.0261170 seconds, Stopping threads took: 0.0000600 seconds
79.324: Application time: 0.0510580 seconds
79.324: [GC [PSYoungGen: 134624K->18912K(134656K)] 324493K->232888K(441344K), 0.0308900 secs] [Times: user=0.24 sys=0.00, real=0.03 secs] 
79.355: Total time for which application threads were stopped: 0.0310710 seconds, Stopping threads took: 0.0000920 seconds
79.408: Application time: 0.0528420 seconds
79.408: [GC [PSYoungGen: 134335K->18912K(134656K)] 348311K->252239K(441344K), 0.0308320 secs] [Times: user=0.23 sys=0.00, real=0.03 secs] 
79.439: Total time for which application threads were stopped: 0.0309990 seconds, Stopping threads took: 0.0000800 seconds
79.491: Application time: 0.0519900 seconds
79.491: [GC [PSYoungGen: 134624K->18928K(134656K)] 367951K->271345K(441344K), 0.0292040 secs] [Times: user=0.21 sys=0.00, real=0.04 secs] 
79.520: Total time for which application threads were stopped: 0.0293850 seconds, Stopping threads took: 0.0000950 seconds
79.569: Application time: 0.0482720 seconds
79.569: [GC [PSYoungGen: 134640K->18928K(134656K)] 387057K->295736K(441344K), 0.0311270 secs] [Times: user=0.24 sys=0.01, real=0.04 secs] 
79.600: [Full GC [PSYoungGen: 18928K->0K(134656K)] [ParOldGen: 276807K->129433K(306688K)] 295736K->129433K(441344K) [PSPermGen: 9107K->9107K(21504K)], 0.1433360 secs] [Times: user=1.06 sys=0.00, real=0.14 secs] 
79.743: Total time for which application threads were stopped: 0.1747060 seconds, Stopping threads took: 0.0000910 seconds
79.787: Application time: 0.0439640 seconds
79.787: [GC [PSYoungGen: 115712K->18912K(134656K)] 245145K->156655K(441344K), 0.0152210 secs] [Times: user=0.11 sys=0.00, real=0.02 secs] 
79.803: Total time for which application threads were stopped: 0.0154110 seconds, Stopping threads took: 0.0000910 seconds
79.854: Application time: 0.0516390 seconds
79.854: [GC [PSYoungGen: 134624K->18928K(134656K)] 272367K->179966K(441344K), 0.0241090 secs] [Times: user=0.19 sys=0.00, real=0.02 secs] 
79.879: Total time for which application threads were stopped: 0.0242640 seconds, Stopping threads took: 0.0000690 seconds
79.927: Application time: 0.0480610 seconds
79.927: [GC [PSYoungGen: 134640K->18928K(134656K)] 295678K->200475K(441344K), 0.0265700 secs] [Times: user=0.20 sys=0.00, real=0.03 secs] 
79.953: Total time for which application threads were stopped: 0.0267280 seconds, Stopping threads took: 0.0000750 seconds
80.001: Application time: 0.0477430 seconds
80.001: [GC [PSYoungGen: 134640K->18928K(134656K)] 316187K->225541K(441344K), 0.0291960 secs] [Times: user=0.23 sys=0.00, real=0.02 secs] 
80.031: Total time for which application threads were stopped: 0.0293720 seconds, Stopping threads took: 0.0000880 seconds
80.080: Application time: 0.0493930 seconds
80.080: [GC [PSYoungGen: 134640K->18928K(134656K)] 341253K->249512K(441344K), 0.0323310 secs] [Times: user=0.25 sys=0.00, real=0.03 secs] 
80.112: Total time for which application threads were stopped: 0.0324910 seconds, Stopping threads took: 0.0000740 seconds
80.165: Application time: 0.0529420 seconds
80.166: [GC [PSYoungGen: 134640K->18912K(134656K)] 365224K->269312K(441344K), 0.0301510 secs] [Times: user=0.24 sys=0.00, real=0.03 secs] 
80.196: Total time for which application threads were stopped: 0.0303180 seconds, Stopping threads took: 0.0000830 seconds
80.249: Application time: 0.0527960 seconds
80.249: [GC [PSYoungGen: 134624K->18912K(134656K)] 385024K->287966K(441344K), 0.0292990 secs] [Times: user=0.23 sys=0.00, real=0.03 secs] 
80.278: Total time for which application threads were stopped: 0.0294600 seconds, Stopping threads took: 0.0000730 seconds
80.328: Application time: 0.0504630 seconds
80.329: [GC [PSYoungGen: 134624K->18912K(134656K)] 403678K->309729K(441344K), 0.0310220 secs] [Times: user=0.24 sys=0.00, real=0.04 secs] 
80.360: [Full GC [PSYoungGen: 18912K->0K(134656K)] [ParOldGen: 290817K->126749K(306688K)] 309729K->126749K(441344K) [PSPermGen: 9107K->9107K(21504K)], 0.1394110 secs] [Times: user=1.03 sys=0.00, real=0.13 secs] 
80.499: Total time for which application threads were stopped: 0.1706670 seconds, Stopping threads took: 0.0000640 seconds
80.541: Application time: 0.0420630 seconds
80.541: [GC [PSYoungGen: 115712K->18912K(134656K)] 242461K->154044K(441344K), 0.0146130 secs] [Times: user=0.12 sys=0.00, real=0.01 secs] 
80.556: Total time for which application threads were stopped: 0.0147730 seconds, Stopping threads took: 0.0000690 seconds
80.610: Application time: 0.0539130 seconds
80.610: [GC [PSYoungGen: 134624K->18928K(134656K)] 269756K->177797K(441344K), 0.0246640 secs] [Times: user=0.19 sys=0.00, real=0.03 secs] 
80.635: Total time for which application threads were stopped: 0.0248210 seconds, Stopping threads took: 0.0000760 seconds
80.680: Application time: 0.0456650 seconds
80.680: [GC [PSYoungGen: 134640K->18928K(134656K)] 293509K->199567K(441344K), 0.0254530 secs] [Times: user=0.20 sys=0.00, real=0.02 secs] 
80.706: Total time for which application threads were stopped: 0.0256090 seconds, Stopping threads took: 0.0000670 seconds
80.757: Application time: 0.0507970 seconds
80.757: [GC [PSYoungGen: 134640K->18912K(134656K)] 315279K->223917K(441344K), 0.0297860 secs] [Times: user=0.23 sys=0.00, real=0.03 secs] 
80.787: Total time for which application threads were stopped: 0.0299720 seconds, Stopping threads took: 0.0000840 seconds
80.832: Application time: 0.0456070 seconds
80.832: [GC [PSYoungGen: 134624K->18928K(134656K)] 339629K->248026K(441344K), 0.0294570 secs] [Times: user=0.23 sys=0.00, real=0.03 secs] 
80.862: Total time for which application threads were stopped: 0.0296560 seconds, Stopping threads took: 0.0001010 seconds
80.916: Application time: 0.0538830 seconds
80.916: [GC [PSYoungGen: 134640K->18928K(134656K)] 363738K->268883K(441344K), 0.0313020 secs] [Times: user=0.25 sys=0.00, real=0.03 secs] 
80.947: Total time for which application threads were stopped: 0.0314700 seconds, Stopping threads took: 0.0000830 seconds
80.998: Application time: 0.0504470 seconds
80.998: [GC [PSYoungGen: 134640K->18928K(134656K)] 384595K->287143K(441344K), 0.0288020 secs] [Times: user=0.23 sys=0.00, real=0.03 secs] 
81.027: Total time for which application threads were stopped: 0.0289620 seconds, Stopping threads took: 0.0000710 seconds
81.077: Application time: 0.0505480 seconds
81.077: [GC [PSYoungGen: 134640K->18912K(134656K)] 402855K->309792K(441344K), 0.0345790 secs] [Times: user=0.26 sys=0.00, real=0.04 secs] 
81.112: [Full GC [PSYoungGen: 18912K->0K(134656K)] [ParOldGen: 290880K->128034K(306688K)] 309792K->128034K(441344K) [PSPermGen: 9107K->9107K(21504K)], 0.1436380 secs] [Times: user=1.07 sys=0.00, real=0.14 secs] 
81.256: Total time for which application threads were stopped: 0.1784380 seconds, Stopping threads took: 0.0000770 seconds
81.297: Application time: 0.0412180 seconds
81.297: [GC [PSYoungGen: 115712K->18921K(134656K)] 243746K->155367K(441344K), 0.0144330 secs] [Times: user=0.11 sys=0.00, real=0.02 secs] 
81.312: Total time for which application threads were stopped: 0.0146130 seconds, Stopping threads took: 0.0000970 seconds
81.366: Application time: 0.0539130 seconds
81.366: [GC [PSYoungGen: 134633K->18912K(134656K)] 271079K->177007K(441344K), 0.0241130 secs] [Times: user=0.19 sys=0.00, real=0.02 secs] 
81.390: Total time for which application threads were stopped: 0.0243140 seconds, Stopping threads took: 0.0001050 seconds
81.435: Application time: 0.0454510 seconds
81.435: [GC [PSYoungGen: 134624K->18928K(134656K)] 292719K->199903K(441344K), 0.0272430 secs] [Times: user=0.20 sys=0.00, real=0.03 secs] 
81.463: Total time for which application threads were stopped: 0.0274110 seconds, Stopping threads took: 0.0000850 seconds
81.514: Application time: 0.0510590 seconds
81.514: [GC [PSYoungGen: 134640K->18912K(134656K)] 315615K->224359K(441344K), 0.0302930 secs] [Times: user=0.24 sys=0.00, real=0.03 secs] 
81.544: Total time for which application threads were stopped: 0.0304600 seconds, Stopping threads took: 0.0000810 seconds
81.590: Application time: 0.0454520 seconds
81.590: [GC [PSYoungGen: 134624K->18912K(134656K)] 340071K->249140K(441344K), 0.0319220 secs] [Times: user=0.23 sys=0.00, real=0.04 secs] 
81.622: Total time for which application threads were stopped: 0.0321030 seconds, Stopping threads took: 0.0000930 seconds
81.678: Application time: 0.0566160 seconds
81.679: [GC [PSYoungGen: 134624K->18912K(134656K)] 364852K->268344K(441344K), 0.0307450 secs] [Times: user=0.24 sys=0.00, real=0.03 secs] 
81.709: Total time for which application threads were stopped: 0.0309100 seconds, Stopping threads took: 0.0000850 seconds
81.760: Application time: 0.0504870 seconds
81.760: [GC [PSYoungGen: 134624K->18928K(134656K)] 384056K->286326K(441344K), 0.0290020 secs] [Times: user=0.23 sys=0.00, real=0.02 secs] 
81.789: Total time for which application threads were stopped: 0.0291860 seconds, Stopping threads took: 0.0000970 seconds
81.841: Application time: 0.0524100 seconds
81.842: [GC [PSYoungGen: 134624K->18928K(134656K)] 402022K->307982K(441344K), 0.0318360 secs] [Times: user=0.25 sys=0.00, real=0.03 secs] 
81.873: [Full GC [PSYoungGen: 18928K->0K(134656K)] [ParOldGen: 289054K->125991K(306688K)] 307982K->125991K(441344K) [PSPermGen: 9107K->9107K(21504K)], 0.1409110 secs] [Times: user=1.04 sys=0.00, real=0.14 secs] 
82.014: Total time for which application threads were stopped: 0.1729830 seconds, Stopping threads took: 0.0000880 seconds
82.055: Application time: 0.0409550 seconds
82.055: [GC [PSYoungGen: 115712K->18914K(134656K)] 241703K->152777K(441344K), 0.0137890 secs] [Times: user=0.11 sys=0.00, real=0.01 secs] 
82.069: Total time for which application threads were stopped: 0.0139410 seconds, Stopping threads took: 0.0000570 seconds
82.123: Application time: 0.0537170 seconds
82.126: [GC [PSYoungGen: 134626K->18912K(134656K)] 268489K->177677K(441344K), 0.0251400 secs] [Times: user=0.20 sys=0.00, real=0.02 secs] 
82.151: Total time for which application threads were stopped: 0.0283420 seconds, Stopping threads took: 0.0031220 seconds
82.197: Application time: 0.0458340 seconds
82.197: [GC [PSYoungGen: 134624K->18912K(134656K)] 293389K->199320K(441344K), 0.0252370 secs] [Times: user=0.20 sys=0.00, real=0.03 secs] 
82.223: Total time for which application threads were stopped: 0.0254310 seconds, Stopping threads took: 0.0001070 seconds
82.273: Application time: 0.0499830 seconds
82.273: [GC [PSYoungGen: 134624K->18928K(134656K)] 315032K->223491K(441344K), 0.0296670 secs] [Times: user=0.23 sys=0.00, real=0.03 secs] 
82.302: Total time for which application threads were stopped: 0.0298220 seconds, Stopping threads took: 0.0000650 seconds
82.348: Application time: 0.0455540 seconds
82.348: [GC [PSYoungGen: 134631K->18928K(134656K)] 339194K->249668K(441344K), 0.0311260 secs] [Times: user=0.24 sys=0.00, real=0.03 secs] 
82.379: Total time for which application threads were stopped: 0.0313100 seconds, Stopping threads took: 0.0000980 seconds
82.434: Application time: 0.0551850 seconds
82.435: [GC [PSYoungGen: 134640K->18928K(134656K)] 365380K->268445K(441344K), 0.0304130 secs] [Times: user=0.24 sys=0.00, real=0.03 secs] 
82.465: Total time for which application threads were stopped: 0.0305650 seconds, Stopping threads took: 0.0000710 seconds
82.517: Application time: 0.0519700 seconds
82.517: [GC [PSYoungGen: 134640K->18912K(134656K)] 384157K->286212K(441344K), 0.0287050 secs] [Times: user=0.22 sys=0.00, real=0.03 secs] 
82.546: Total time for which application threads were stopped: 0.0288670 seconds, Stopping threads took: 0.0000750 seconds
82.596: Application time: 0.0498580 seconds
82.596: [GC [PSYoungGen: 134624K->18912K(134656K)] 401924K->309092K(441344K), 0.0322470 secs] [Times: user=0.25 sys=0.00, real=0.03 secs] 
82.628: [Full GC [PSYoungGen: 18912K->0K(134656K)] [ParOldGen: 290180K->127084K(306688K)] 309092K->127084K(441344K) [PSPermGen: 9109K->9109K(21504K)], 0.1415160 secs] [Times: user=1.05 sys=0.00, real=0.14 secs] 
82.770: Total time for which application threads were stopped: 0.1739850 seconds, Stopping threads took: 0.0000630 seconds
82.811: Application time: 0.0408140 seconds
82.812: [GC [PSYoungGen: 115712K->18914K(134656K)] 242796K->154564K(441344K), 0.0140660 secs] [Times: user=0.11 sys=0.00, real=0.01 secs] 
82.826: Total time for which application threads were stopped: 0.0151820 seconds, Stopping threads took: 0.0010320 seconds
82.880: Application time: 0.0542800 seconds
82.884: [GC [PSYoungGen: 134626K->18912K(134656K)] 270276K->178119K(441344K), 0.0249760 secs] [Times: user=0.20 sys=0.00, real=0.02 secs] 
82.909: Total time for which application threads were stopped: 0.0285870 seconds, Stopping threads took: 0.0035260 seconds
82.961: Application time: 0.0523260 seconds
82.964: [GC [PSYoungGen: 134624K->18912K(134656K)] 293831K->196201K(441344K), 0.0266210 secs] [Times: user=0.20 sys=0.00, real=0.02 secs] 
82.990: Total time for which application threads were stopped: 0.0293580 seconds, Stopping threads took: 0.0026490 seconds
83.035: Application time: 0.0444210 seconds
83.036: [GC [PSYoungGen: 134624K->18928K(134656K)] 311913K->221945K(441344K), 0.0289170 secs] [Times: user=0.23 sys=0.00, real=0.03 secs] 
83.065: Total time for which application threads were stopped: 0.0298450 seconds, Stopping threads took: 0.0008430 seconds
83.110: Application time: 0.0456360 seconds
83.112: [GC [PSYoungGen: 134640K->18912K(134656K)] 337657K->251023K(441344K), 0.0328580 secs] [Times: user=0.25 sys=0.00, real=0.03 secs] 
83.145: Total time for which application threads were stopped: 0.0343710 seconds, Stopping threads took: 0.0014040 seconds
83.202: Application time: 0.0573620 seconds
83.202: [GC [PSYoungGen: 134624K->18912K(134656K)] 366735K->267457K(441344K), 0.0294840 secs] [Times: user=0.23 sys=0.00, real=0.03 secs] 
83.232: Total time for which application threads were stopped: 0.0296640 seconds, Stopping threads took: 0.0001010 seconds
83.288: Application time: 0.0563220 seconds
83.288: [GC [PSYoungGen: 134624K->18912K(134656K)] 383169K->281239K(441344K), 0.0268440 secs] [Times: user=0.21 sys=0.00, real=0.03 secs] 
83.315: Total time for which application threads were stopped: 0.0270090 seconds, Stopping threads took: 0.0000780 seconds
83.362: Application time: 0.0468810 seconds
83.362: [GC [PSYoungGen: 134624K->18928K(134656K)] 396951K->305449K(441344K), 0.0319890 secs] [Times: user=0.26 sys=0.00, real=0.03 secs] 
83.394: [Full GC [PSYoungGen: 18928K->0K(134656K)] [ParOldGen: 286521K->123643K(306688K)] 305449K->123643K(441344K) [PSPermGen: 9109K->9109K(21504K)], 0.1347880 secs] [Times: user=0.99 sys=0.00, real=0.13 secs] 
83.529: Total time for which application threads were stopped: 0.1670180 seconds, Stopping threads took: 0.0000850 seconds
83.570: Application time: 0.0412570 seconds
83.570: [GC [PSYoungGen: 115712K->18941K(134656K)] 239355K->154735K(441344K), 0.0162870 secs] [Times: user=0.13 sys=0.00, real=0.02 secs] 
83.587: Total time for which application threads were stopped: 0.0164560 seconds, Stopping threads took: 0.0000810 seconds
83.640: Application time: 0.0532150 seconds
83.640: [GC [PSYoungGen: 134653K->18912K(134656K)] 270447K->177426K(441344K), 0.0261770 secs] [Times: user=0.21 sys=0.00, real=0.02 secs] 
83.666: Total time for which application threads were stopped: 0.0263940 seconds, Stopping threads took: 0.0001220 seconds
83.719: Application time: 0.0528480 seconds
83.719: [GC [PSYoungGen: 134304K->18928K(134656K)] 292818K->193176K(441344K), 0.0246470 secs] [Times: user=0.19 sys=0.00, real=0.03 secs] 
83.744: Total time for which application threads were stopped: 0.0248180 seconds, Stopping threads took: 0.0000840 seconds
83.787: Application time: 0.0429360 seconds
83.787: [GC [PSYoungGen: 134640K->18928K(134656K)] 308888K->219353K(441344K), 0.0309990 secs] [Times: user=0.23 sys=0.00, real=0.03 secs] 
83.818: Total time for which application threads were stopped: 0.0311990 seconds, Stopping threads took: 0.0001110 seconds
83.866: Application time: 0.0477420 seconds
83.868: [GC [PSYoungGen: 134640K->18928K(134656K)] 335065K->250946K(441344K), 0.0374190 secs] [Times: user=0.29 sys=0.00, real=0.04 secs] 
83.905: Total time for which application threads were stopped: 0.0393380 seconds, Stopping threads took: 0.0018290 seconds
83.961: Application time: 0.0554400 seconds
83.961: [GC [PSYoungGen: 134640K->18928K(134656K)] 366658K->267960K(441344K), 0.0312760 secs] [Times: user=0.24 sys=0.00, real=0.03 secs] 
83.992: Total time for which application threads were stopped: 0.0314260 seconds, Stopping threads took: 0.0000670 seconds
84.050: Application time: 0.0584880 seconds
84.051: [GC [PSYoungGen: 134640K->18928K(134656K)] 383672K->281056K(441344K), 0.0317040 secs] [Times: user=0.24 sys=0.00, real=0.04 secs] 
84.082: Total time for which application threads were stopped: 0.0318810 seconds, Stopping threads took: 0.0000920 seconds
84.126: Application time: 0.0434740 seconds
84.126: [GC [PSYoungGen: 134640K->18928K(134656K)] 396768K->305786K(441344K), 0.0333430 secs] [Times: user=0.27 sys=0.00, real=0.03 secs] 
84.159: [Full GC [PSYoungGen: 18928K->0K(134656K)] [ParOldGen: 286858K->125686K(306688K)] 305786K->125686K(441344K) [PSPermGen: 9109K->9109K(21504K)], 0.1329560 secs] [Times: user=0.98 sys=0.00, real=0.14 secs] 
84.292: Total time for which application threads were stopped: 0.1665130 seconds, Stopping threads took: 0.0000670 seconds
84.336: Application time: 0.0439690 seconds
84.336: [GC [PSYoungGen: 115712K->18923K(134656K)] 241398K->156601K(441344K), 0.0176870 secs] [Times: user=0.14 sys=0.00, real=0.02 secs] 
84.354: Total time for which application threads were stopped: 0.0178650 seconds, Stopping threads took: 0.0000770 seconds
84.406: Application time: 0.0518600 seconds
84.406: [GC [PSYoungGen: 134635K->18912K(134656K)] 272313K->178698K(441344K), 0.0254220 secs] [Times: user=0.20 sys=0.00, real=0.03 secs] 
84.432: Total time for which application threads were stopped: 0.0256210 seconds, Stopping threads took: 0.0001140 seconds
84.486: Application time: 0.0545860 seconds
84.488: [GC [PSYoungGen: 134624K->18912K(134656K)] 294410K->195863K(441344K), 0.0263830 secs] [Times: user=0.19 sys=0.00, real=0.03 secs] 
84.514: Total time for which application threads were stopped: 0.0278110 seconds, Stopping threads took: 0.0013440 seconds
84.555: Application time: 0.0413860 seconds
84.556: [GC [PSYoungGen: 134624K->18928K(134656K)] 311575K->221408K(441344K), 0.0282260 secs] [Times: user=0.22 sys=0.00, real=0.03 secs] 
84.584: Total time for which application threads were stopped: 0.0284010 seconds, Stopping threads took: 0.0000830 seconds
84.631: Application time: 0.0476290 seconds
84.632: [GC [PSYoungGen: 134640K->18928K(134656K)] 337120K->253383K(441344K), 0.0353960 secs] [Times: user=0.28 sys=0.00, real=0.03 secs] 
84.667: Total time for which application threads were stopped: 0.0355710 seconds, Stopping threads took: 0.0000880 seconds
84.721: Application time: 0.0539480 seconds
84.721: [GC [PSYoungGen: 134640K->18928K(134656K)] 369095K->271147K(441344K), 0.0300910 secs] [Times: user=0.24 sys=0.00, real=0.02 secs] 
84.751: Total time for which application threads were stopped: 0.0302780 seconds, Stopping threads took: 0.0001000 seconds
84.808: Application time: 0.0569920 seconds
84.808: [GC [PSYoungGen: 134640K->18928K(134656K)] 386859K->285347K(441344K), 0.0288410 secs] [Times: user=0.22 sys=0.00, real=0.03 secs] 
84.837: Total time for which application threads were stopped: 0.0290080 seconds, Stopping threads took: 0.0000800 seconds
84.883: Application time: 0.0459850 seconds
84.883: [GC [PSYoungGen: 134640K->18912K(134656K)] 401059K->309288K(441344K), 0.0323000 secs] [Times: user=0.25 sys=0.00, real=0.03 secs] 
84.916: [Full GC [PSYoungGen: 18912K->0K(134656K)] [ParOldGen: 290376K->132497K(306688K)] 309288K->132497K(441344K) [PSPermGen: 9109K->9109K(21504K)], 0.1465250 secs] [Times: user=1.08 sys=0.00, real=0.15 secs] 
85.062: Total time for which application threads were stopped: 0.1790810 seconds, Stopping threads took: 0.0001040 seconds
85.110: Application time: 0.0478010 seconds
85.110: [GC [PSYoungGen: 115712K->18923K(134656K)] 248209K->161392K(441344K), 0.0171210 secs] [Times: user=0.13 sys=0.00, real=0.02 secs] 
85.127: Total time for which application threads were stopped: 0.0173020 seconds, Stopping threads took: 0.0000900 seconds
85.176: Application time: 0.0488980 seconds
85.176: [GC [PSYoungGen: 134635K->18912K(134656K)] 277104K->182655K(441344K), 0.0241470 secs] [Times: user=0.19 sys=0.00, real=0.03 secs] 
85.201: Total time for which application threads were stopped: 0.0243210 seconds, Stopping threads took: 0.0000870 seconds
85.255: Application time: 0.0545790 seconds
85.255: [GC [PSYoungGen: 134610K->18912K(134656K)] 298354K->200813K(441344K), 0.0259550 secs] [Times: user=0.21 sys=0.00, real=0.03 secs] 
85.281: Total time for which application threads were stopped: 0.0261080 seconds, Stopping threads took: 0.0000670 seconds
85.323: Application time: 0.0414280 seconds
85.323: [GC [PSYoungGen: 134624K->18928K(134656K)] 316525K->225886K(441344K), 0.0281670 secs] [Times: user=0.22 sys=0.00, real=0.02 secs] 
85.351: Total time for which application threads were stopped: 0.0283630 seconds, Stopping threads took: 0.0001100 seconds
85.397: Application time: 0.0458260 seconds
85.397: [GC [PSYoungGen: 134640K->18912K(134656K)] 341598K->259288K(441344K), 0.0353760 secs] [Times: user=0.27 sys=0.00, real=0.04 secs] 
85.433: Total time for which application threads were stopped: 0.0355700 seconds, Stopping threads took: 0.0000950 seconds
85.488: Application time: 0.0558900 seconds
85.489: [GC [PSYoungGen: 134624K->18912K(134656K)] 375000K->278459K(441344K), 0.0299730 secs] [Times: user=0.24 sys=0.00, real=0.03 secs] 
85.519: Total time for which application threads were stopped: 0.0301290 seconds, Stopping threads took: 0.0000720 seconds
85.573: Application time: 0.0542900 seconds
85.573: [GC [PSYoungGen: 134624K->18928K(134656K)] 394171K->293771K(441344K), 0.0257520 secs] [Times: user=0.20 sys=0.00, real=0.02 secs] 
85.599: [Full GC [PSYoungGen: 18928K->0K(134656K)] [ParOldGen: 274843K->128036K(306688K)] 293771K->128036K(441344K) [PSPermGen: 9110K->9110K(21504K)], 0.1425930 secs] [Times: user=1.06 sys=0.00, real=0.15 secs] 
85.741: Total time for which application threads were stopped: 0.1685850 seconds, Stopping threads took: 0.0000890 seconds
85.787: Application time: 0.0452880 seconds
85.787: [GC [PSYoungGen: 115712K->18928K(134656K)] 243748K->151941K(441344K), 0.0134750 secs] [Times: user=0.10 sys=0.00, real=0.02 secs] 
85.800: Total time for which application threads were stopped: 0.0136640 seconds, Stopping threads took: 0.0001000 seconds
85.852: Application time: 0.0518010 seconds
85.852: [GC [PSYoungGen: 134640K->18912K(134656K)] 267653K->174014K(441344K), 0.0237710 secs] [Times: user=0.19 sys=0.00, real=0.02 secs] 
85.876: Total time for which application threads were stopped: 0.0239640 seconds, Stopping threads took: 0.0001060 seconds
85.923: Application time: 0.0472100 seconds
85.924: [GC [PSYoungGen: 134624K->18912K(134656K)] 289726K->196752K(441344K), 0.0274380 secs] [Times: user=0.20 sys=0.00, real=0.02 secs] 
85.951: Total time for which application threads were stopped: 0.0276440 seconds, Stopping threads took: 0.0000960 seconds
86.008: Application time: 0.0568120 seconds
86.008: [GC [PSYoungGen: 134624K->18928K(134656K)] 312464K->216450K(441344K), 0.0292780 secs] [Times: user=0.23 sys=0.00, real=0.03 secs] 
86.037: Total time for which application threads were stopped: 0.0294520 seconds, Stopping threads took: 0.0000880 seconds
86.081: Application time: 0.0436520 seconds
86.084: [GC [PSYoungGen: 134640K->18912K(134656K)] 332162K->239596K(441344K), 0.0300800 secs] [Times: user=0.23 sys=0.00, real=0.03 secs] 
86.114: Total time for which application threads were stopped: 0.0327470 seconds, Stopping threads took: 0.0025870 seconds
86.157: Application time: 0.0434590 seconds
86.157: [GC [PSYoungGen: 134624K->18912K(134656K)] 355308K->273724K(441344K), 0.0359120 secs] [Times: user=0.28 sys=0.00, real=0.04 secs] 
86.193: Total time for which application threads were stopped: 0.0360540 seconds, Stopping threads took: 0.0000560 seconds
86.247: Application time: 0.0535490 seconds
86.247: [GC [PSYoungGen: 134624K->18928K(134656K)] 389436K->294748K(441344K), 0.0336690 secs] [Times: user=0.26 sys=0.00, real=0.04 secs] 
86.281: [Full GC [PSYoungGen: 18928K->0K(134656K)] [ParOldGen: 275819K->146336K(306688K)] 294748K->146336K(441344K) [PSPermGen: 9110K->9110K(21504K)], 0.1730260 secs] [Times: user=1.30 sys=0.00, real=0.17 secs] 
86.454: Total time for which application threads were stopped: 0.2069420 seconds, Stopping threads took: 0.0000950 seconds
86.506: Application time: 0.0520720 seconds
86.506: [GC [PSYoungGen: 115671K->18070K(134656K)] 262007K->164407K(441344K), 0.0115920 secs] [Times: user=0.09 sys=0.00, real=0.01 secs] 
86.518: Total time for which application threads were stopped: 0.0117930 seconds, Stopping threads took: 0.0001010 seconds
86.566: Application time: 0.0485170 seconds
86.566: [GC [PSYoungGen: 133782K->18912K(134656K)] 280119K->187816K(441344K), 0.0233020 secs] [Times: user=0.18 sys=0.00, real=0.02 secs] 
86.590: Total time for which application threads were stopped: 0.0235120 seconds, Stopping threads took: 0.0001140 seconds
86.643: Application time: 0.0532440 seconds
86.643: [GC [PSYoungGen: 134624K->18912K(134656K)] 303528K->204261K(441344K), 0.0238770 secs] [Times: user=0.19 sys=0.00, real=0.02 secs] 
86.667: Total time for which application threads were stopped: 0.0240500 seconds, Stopping threads took: 0.0000870 seconds
86.713: Application time: 0.0460860 seconds
86.713: [GC [PSYoungGen: 134624K->18912K(134656K)] 319973K->227852K(441344K), 0.0297800 secs] [Times: user=0.23 sys=0.00, real=0.03 secs] 
86.743: Total time for which application threads were stopped: 0.0299620 seconds, Stopping threads took: 0.0000960 seconds
86.799: Application time: 0.0562030 seconds
86.799: [GC [PSYoungGen: 134624K->18928K(134656K)] 343564K->249590K(441344K), 0.0325080 secs] [Times: user=0.26 sys=0.00, real=0.04 secs] 
86.832: Total time for which application threads were stopped: 0.0326650 seconds, Stopping threads took: 0.0000710 seconds
86.877: Application time: 0.0449500 seconds
86.877: [GC [PSYoungGen: 134640K->18928K(134656K)] 365302K->273225K(441344K), 0.0283340 secs] [Times: user=0.22 sys=0.00, real=0.03 secs] 
86.905: Total time for which application threads were stopped: 0.0285380 seconds, Stopping threads took: 0.0001080 seconds
86.950: Application time: 0.0451240 seconds
86.951: [GC [PSYoungGen: 134640K->18912K(134656K)] 388937K->305079K(441344K), 0.0333730 secs] [Times: user=0.26 sys=0.00, real=0.04 secs] 
86.984: [Full GC [PSYoungGen: 18912K->0K(134656K)] [ParOldGen: 286167K->144884K(306688K)] 305079K->144884K(441344K) [PSPermGen: 9110K->9110K(21504K)], 0.1655800 secs] [Times: user=1.23 sys=0.00, real=0.16 secs] 
87.150: Total time for which application threads were stopped: 0.1991800 seconds, Stopping threads took: 0.0000740 seconds
87.202: Application time: 0.0519920 seconds
87.202: [GC [PSYoungGen: 115712K->18912K(134656K)] 260596K->167596K(441344K), 0.0158320 secs] [Times: user=0.12 sys=0.00, real=0.01 secs] 
87.218: Total time for which application threads were stopped: 0.0160140 seconds, Stopping threads took: 0.0000900 seconds
87.268: Application time: 0.0505820 seconds
87.268: [GC [PSYoungGen: 134624K->18928K(134656K)] 283308K->184341K(441344K), 0.0220340 secs] [Times: user=0.17 sys=0.00, real=0.02 secs] 
87.290: Total time for which application threads were stopped: 0.0222080 seconds, Stopping threads took: 0.0000880 seconds
87.339: Application time: 0.0480430 seconds
87.339: [GC [PSYoungGen: 134640K->18928K(134656K)] 300053K->208432K(441344K), 0.0290750 secs] [Times: user=0.23 sys=0.00, real=0.03 secs] 
87.368: Total time for which application threads were stopped: 0.0292460 seconds, Stopping threads took: 0.0000810 seconds
87.423: Application time: 0.0547940 seconds
87.423: [GC [PSYoungGen: 134640K->18928K(134656K)] 324144K->225349K(441344K), 0.0269120 secs] [Times: user=0.21 sys=0.00, real=0.02 secs] 
87.450: Total time for which application threads were stopped: 0.0270580 seconds, Stopping threads took: 0.0000600 seconds
87.495: Application time: 0.0454980 seconds
87.495: [GC [PSYoungGen: 134640K->18928K(134656K)] 341061K->249825K(441344K), 0.0307440 secs] [Times: user=0.23 sys=0.00, real=0.03 secs] 
87.526: Total time for which application threads were stopped: 0.0309860 seconds, Stopping threads took: 0.0001470 seconds
87.582: Application time: 0.0559630 seconds
87.582: [GC [PSYoungGen: 134640K->18912K(134656K)] 365537K->269658K(441344K), 0.0309380 secs] [Times: user=0.24 sys=0.00, real=0.03 secs] 
87.613: Total time for which application threads were stopped: 0.0311160 seconds, Stopping threads took: 0.0000930 seconds
87.656: Application time: 0.0430840 seconds
87.656: [GC [PSYoungGen: 134624K->18912K(134656K)] 385370K->294553K(441344K), 0.0294380 secs] [Times: user=0.23 sys=0.00, real=0.03 secs] 
87.686: [Full GC [PSYoungGen: 18912K->0K(134656K)] [ParOldGen: 275640K->127630K(306688K)] 294553K->127630K(441344K) [PSPermGen: 9110K->9110K(21504K)], 0.1382250 secs] [Times: user=1.02 sys=0.00, real=0.14 secs] 
87.824: Total time for which application threads were stopped: 0.1679130 seconds, Stopping threads took: 0.0001000 seconds
87.869: Application time: 0.0444040 seconds
87.869: [GC [PSYoungGen: 115712K->18928K(134656K)] 243342K->159426K(441344K), 0.0184730 secs] [Times: user=0.14 sys=0.00, real=0.02 secs] 
87.887: Total time for which application threads were stopped: 0.0186530 seconds, Stopping threads took: 0.0000780 seconds
87.942: Application time: 0.0542680 seconds
87.942: [GC [PSYoungGen: 134640K->18912K(134656K)] 275138K->182069K(441344K), 0.0260070 secs] [Times: user=0.20 sys=0.00, real=0.02 secs] 
87.968: Total time for which application threads were stopped: 0.0261740 seconds, Stopping threads took: 0.0000810 seconds
88.019: Application time: 0.0514170 seconds
88.019: [GC [PSYoungGen: 134624K->18912K(134656K)] 297781K->200849K(441344K), 0.0263960 secs] [Times: user=0.21 sys=0.00, real=0.03 secs] 
88.046: Total time for which application threads were stopped: 0.0265880 seconds, Stopping threads took: 0.0001010 seconds
88.096: Application time: 0.0503320 seconds
88.096: [GC [PSYoungGen: 134624K->18912K(134656K)] 316561K->224958K(441344K), 0.0308110 secs] [Times: user=0.23 sys=0.00, real=0.03 secs] 
88.127: Total time for which application threads were stopped: 0.0309840 seconds, Stopping threads took: 0.0000890 seconds
88.183: Application time: 0.0560210 seconds
88.183: [GC [PSYoungGen: 134624K->18928K(134656K)] 340670K->240085K(441344K), 0.0275380 secs] [Times: user=0.22 sys=0.00, real=0.02 secs] 
88.211: Total time for which application threads were stopped: 0.0277040 seconds, Stopping threads took: 0.0000810 seconds
88.256: Application time: 0.0457160 seconds
88.260: [GC [PSYoungGen: 134640K->18928K(134656K)] 355797K->263927K(441344K), 0.0302690 secs] [Times: user=0.23 sys=0.00, real=0.02 secs] 
88.290: Total time for which application threads were stopped: 0.0334850 seconds, Stopping threads took: 0.0031250 seconds
88.345: Application time: 0.0547620 seconds
88.345: [GC [PSYoungGen: 134580K->18928K(134656K)] 379579K->286079K(441344K), 0.0327540 secs] [Times: user=0.26 sys=0.00, real=0.03 secs] 
88.378: Total time for which application threads were stopped: 0.0329210 seconds, Stopping threads took: 0.0000820 seconds
88.420: Application time: 0.0425080 seconds
88.420: [GC [PSYoungGen: 134640K->18928K(134656K)] 401791K->311848K(441344K), 0.0323620 secs] [Times: user=0.25 sys=0.00, real=0.03 secs] 
88.453: [Full GC [PSYoungGen: 18928K->0K(134656K)] [ParOldGen: 292920K->131217K(306688K)] 311848K->131217K(441344K) [PSPermGen: 9110K->9110K(21504K)], 0.1435270 secs] [Times: user=1.07 sys=0.00, real=0.14 secs] 
88.596: Total time for which application threads were stopped: 0.1761290 seconds, Stopping threads took: 0.0000770 seconds
88.642: Application time: 0.0459100 seconds
88.642: [GC [PSYoungGen: 115712K->18912K(134656K)] 246929K->161814K(441344K), 0.0183270 secs] [Times: user=0.15 sys=0.00, real=0.02 secs] 
88.661: Total time for which application threads were stopped: 0.0184990 seconds, Stopping threads took: 0.0000860 seconds
88.713: Application time: 0.0524140 seconds
88.713: [GC [PSYoungGen: 134624K->18928K(134656K)] 277526K->183122K(441344K), 0.0253240 secs] [Times: user=0.20 sys=0.00, real=0.02 secs] 
88.739: Total time for which application threads were stopped: 0.0255120 seconds, Stopping threads took: 0.0000900 seconds
88.790: Application time: 0.0516380 seconds
88.790: [GC [PSYoungGen: 134623K->18912K(134656K)] 298818K->203552K(441344K), 0.0274240 secs] [Times: user=0.21 sys=0.00, real=0.03 secs] 
88.818: Total time for which application threads were stopped: 0.0276170 seconds, Stopping threads took: 0.0001050 seconds
88.867: Application time: 0.0494310 seconds
88.867: [GC [PSYoungGen: 134624K->18928K(134656K)] 319264K->226893K(441344K), 0.0306510 secs] [Times: user=0.24 sys=0.00, real=0.03 secs] 
88.898: Total time for which application threads were stopped: 0.0308260 seconds, Stopping threads took: 0.0000910 seconds
88.958: Application time: 0.0603340 seconds
88.959: [GC [PSYoungGen: 134640K->18928K(134656K)] 342605K->241627K(441344K), 0.0305770 secs] [Times: user=0.23 sys=0.00, real=0.03 secs] 
88.989: Total time for which application threads were stopped: 0.0307690 seconds, Stopping threads took: 0.0000970 seconds
89.035: Application time: 0.0459730 seconds
89.035: [GC [PSYoungGen: 134640K->18912K(134656K)] 357339K->265089K(441344K), 0.0309230 secs] [Times: user=0.24 sys=0.00, real=0.03 secs] 
89.066: Total time for which application threads were stopped: 0.0310940 seconds, Stopping threads took: 0.0000820 seconds
89.123: Application time: 0.0562310 seconds
89.123: [GC [PSYoungGen: 134624K->18912K(134656K)] 380801K->288643K(441344K), 0.0341780 secs] [Times: user=0.27 sys=0.00, real=0.03 secs] 
89.157: Total time for which application threads were stopped: 0.0343710 seconds, Stopping threads took: 0.0001050 seconds
89.202: Application time: 0.0448620 seconds
89.202: [GC [PSYoungGen: 134195K->18928K(134656K)] 403926K->312524K(441344K), 0.0327630 secs] [Times: user=0.26 sys=0.00, real=0.03 secs] 
89.235: [Full GC [PSYoungGen: 18928K->0K(134656K)] [ParOldGen: 293596K->128982K(306688K)] 312524K->128982K(441344K) [PSPermGen: 9110K->9110K(21504K)], 0.1415950 secs] [Times: user=1.04 sys=0.00, real=0.14 secs] 
89.376: Total time for which application threads were stopped: 0.1745980 seconds, Stopping threads took: 0.0000920 seconds
89.423: Application time: 0.0464230 seconds
89.423: [GC [PSYoungGen: 115712K->18912K(134656K)] 244694K->157015K(441344K), 0.0167170 secs] [Times: user=0.13 sys=0.00, real=0.02 secs] 
89.440: Total time for which application threads were stopped: 0.0168840 seconds, Stopping threads took: 0.0000800 seconds
89.490: Application time: 0.0506260 seconds
89.490: [GC [PSYoungGen: 134624K->18928K(134656K)] 272727K->180198K(441344K), 0.0250460 secs] [Times: user=0.20 sys=0.00, real=0.03 secs] 
89.516: Total time for which application threads were stopped: 0.0252500 seconds, Stopping threads took: 0.0000990 seconds
89.562: Application time: 0.0460200 seconds
89.562: [GC [PSYoungGen: 134640K->18928K(134656K)] 295910K->205919K(441344K), 0.0285610 secs] [Times: user=0.22 sys=0.00, real=0.02 secs] 
89.590: Total time for which application threads were stopped: 0.0287370 seconds, Stopping threads took: 0.0000880 seconds
89.641: Application time: 0.0507320 seconds
89.641: [GC [PSYoungGen: 134640K->18928K(134656K)] 321631K->229193K(441344K), 0.0306010 secs] [Times: user=0.24 sys=0.00, real=0.03 secs] 
89.672: Total time for which application threads were stopped: 0.0307570 seconds, Stopping threads took: 0.0000700 seconds
89.730: Application time: 0.0583440 seconds
89.730: [GC [PSYoungGen: 134640K->18928K(134656K)] 344905K->239821K(441344K), 0.0262580 secs] [Times: user=0.21 sys=0.00, real=0.03 secs] 
89.757: Total time for which application threads were stopped: 0.0264110 seconds, Stopping threads took: 0.0000690 seconds
89.802: Application time: 0.0458090 seconds
89.803: [GC [PSYoungGen: 134640K->18912K(134656K)] 355533K->264542K(441344K), 0.0306990 secs] [Times: user=0.24 sys=0.00, real=0.03 secs] 
89.833: Total time for which application threads were stopped: 0.0308560 seconds, Stopping threads took: 0.0000710 seconds
89.885: Application time: 0.0520660 seconds
89.885: [GC [PSYoungGen: 134624K->18928K(134656K)] 380254K->289489K(441344K), 0.0342760 secs] [Times: user=0.27 sys=0.00, real=0.04 secs] 
89.920: Total time for which application threads were stopped: 0.0344450 seconds, Stopping threads took: 0.0000860 seconds
89.968: Application time: 0.0478270 seconds
89.968: [GC [PSYoungGen: 134640K->18928K(134656K)] 405201K->310980K(441344K), 0.0311120 secs] [Times: user=0.24 sys=0.00, real=0.03 secs] 
89.999: [Full GC [PSYoungGen: 18928K->0K(134656K)] [ParOldGen: 292051K->127712K(306688K)] 310980K->127712K(441344K) [PSPermGen: 9110K->9110K(21504K)], 0.1430600 secs] [Times: user=1.06 sys=0.00, real=0.15 secs] 
90.142: Total time for which application threads were stopped: 0.1744020 seconds, Stopping threads took: 0.0000800 seconds
90.186: Application time: 0.0440200 seconds
90.186: [GC [PSYoungGen: 115712K->18912K(134656K)] 243424K->154466K(441344K), 0.0149290 secs] [Times: user=0.11 sys=0.00, real=0.02 secs] 
90.201: Total time for which application threads were stopped: 0.0151090 seconds, Stopping threads took: 0.0000800 seconds
90.252: Application time: 0.0507080 seconds
90.252: [GC [PSYoungGen: 134624K->18928K(134656K)] 270178K->177930K(441344K), 0.0241880 secs] [Times: user=0.19 sys=0.00, real=0.02 secs] 
90.276: Total time for which application threads were stopped: 0.0243500 seconds, Stopping threads took: 0.0000790 seconds
90.319: Application time: 0.0424320 seconds
90.319: [GC [PSYoungGen: 134640K->18928K(134656K)] 293642K->204891K(441344K), 0.0278040 secs] [Times: user=0.22 sys=0.00, real=0.03 secs] 
90.347: Total time for which application threads were stopped: 0.0279740 seconds, Stopping threads took: 0.0000800 seconds
90.398: Application time: 0.0516710 seconds
90.398: [GC [PSYoungGen: 134640K->18928K(134656K)] 320603K->229426K(441344K), 0.0315860 secs] [Times: user=0.25 sys=0.00, real=0.03 secs] 
90.430: Total time for which application threads were stopped: 0.0317510 seconds, Stopping threads took: 0.0000840 seconds
90.488: Application time: 0.0583040 seconds
90.488: [GC [PSYoungGen: 134640K->18928K(134656K)] 345138K->240365K(441344K), 0.0264070 secs] [Times: user=0.21 sys=0.00, real=0.03 secs] 
90.515: Total time for which application threads were stopped: 0.0265590 seconds, Stopping threads took: 0.0000690 seconds
90.564: Application time: 0.0493850 seconds
90.564: [GC [PSYoungGen: 134640K->18928K(134656K)] 356077K->263706K(441344K), 0.0299580 secs] [Times: user=0.23 sys=0.00, real=0.03 secs] 
90.594: Total time for which application threads were stopped: 0.0301180 seconds, Stopping threads took: 0.0000730 seconds
90.646: Application time: 0.0511700 seconds
90.646: [GC [PSYoungGen: 134640K->18928K(134656K)] 379418K->287864K(441344K), 0.0333210 secs] [Times: user=0.26 sys=0.00, real=0.03 secs] 
90.679: Total time for which application threads were stopped: 0.0334890 seconds, Stopping threads took: 0.0000840 seconds
90.727: Application time: 0.0478730 seconds
90.728: [GC [PSYoungGen: 134640K->18912K(134656K)] 403576K->309589K(441344K), 0.0308950 secs] [Times: user=0.24 sys=0.00, real=0.03 secs] 
90.759: [Full GC [PSYoungGen: 18912K->0K(134656K)] [ParOldGen: 290677K->131451K(306688K)] 309589K->131451K(441344K) [PSPermGen: 9110K->9110K(21504K)], 0.1469630 secs] [Times: user=1.09 sys=0.00, real=0.15 secs] 
90.907: Total time for which application threads were stopped: 0.1801170 seconds, Stopping threads took: 0.0005860 seconds
90.952: Application time: 0.0445910 seconds
90.952: [GC [PSYoungGen: 115712K->18938K(134656K)] 247163K->160447K(441344K), 0.0165880 secs] [Times: user=0.12 sys=0.00, real=0.01 secs] 
90.968: Total time for which application threads were stopped: 0.0167410 seconds, Stopping threads took: 0.0000680 seconds
91.019: Application time: 0.0506800 seconds
91.019: [GC [PSYoungGen: 134650K->18912K(134656K)] 276159K->182713K(441344K), 0.0242630 secs] [Times: user=0.19 sys=0.00, real=0.03 secs] 
91.044: Total time for which application threads were stopped: 0.0244380 seconds, Stopping threads took: 0.0000740 seconds
91.083: Application time: 0.0392490 seconds
91.083: [GC [PSYoungGen: 134624K->18928K(134656K)] 298425K->208899K(441344K), 0.0281610 secs] [Times: user=0.22 sys=0.00, real=0.02 secs] 
91.111: Total time for which application threads were stopped: 0.0283230 seconds, Stopping threads took: 0.0000800 seconds
91.165: Application time: 0.0537360 seconds
91.165: [GC [PSYoungGen: 134640K->18928K(134656K)] 324611K->235728K(441344K), 0.0334570 secs] [Times: user=0.26 sys=0.00, real=0.03 secs] 
91.198: Total time for which application threads were stopped: 0.0336160 seconds, Stopping threads took: 0.0000710 seconds
91.258: Application time: 0.0592620 seconds
91.258: [GC [PSYoungGen: 134640K->18928K(134656K)] 351440K->244325K(441344K), 0.0252180 secs] [Times: user=0.20 sys=0.00, real=0.03 secs] 
91.283: Total time for which application threads were stopped: 0.0253850 seconds, Stopping threads took: 0.0000690 seconds
91.330: Application time: 0.0469250 seconds
91.330: [GC [PSYoungGen: 134640K->18912K(134656K)] 360037K->266961K(441344K), 0.0298910 secs] [Times: user=0.24 sys=0.00, real=0.04 secs] 
91.360: Total time for which application threads were stopped: 0.0300700 seconds, Stopping threads took: 0.0000930 seconds
91.410: Application time: 0.0494780 seconds
91.410: [GC [PSYoungGen: 134624K->18912K(134656K)] 382673K->291441K(441344K), 0.0349040 secs] [Times: user=0.26 sys=0.00, real=0.04 secs] 
91.445: [Full GC [PSYoungGen: 18912K->0K(134656K)] [ParOldGen: 272529K->131741K(306688K)] 291441K->131741K(441344K) [PSPermGen: 9110K->9110K(21504K)], 0.1520660 secs] [Times: user=1.13 sys=0.00, real=0.15 secs] 
91.597: Total time for which application threads were stopped: 0.1872230 seconds, Stopping threads took: 0.0001080 seconds
91.644: Application time: 0.0468690 seconds
91.644: [GC [PSYoungGen: 115712K->18921K(134656K)] 247453K->154064K(441344K), 0.0129930 secs] [Times: user=0.10 sys=0.00, real=0.01 secs] 
91.657: Total time for which application threads were stopped: 0.0131660 seconds, Stopping threads took: 0.0000860 seconds
91.701: Application time: 0.0442560 seconds
91.701: [GC [PSYoungGen: 134633K->18928K(134656K)] 269776K->183466K(441344K), 0.0254580 secs] [Times: user=0.20 sys=0.00, real=0.02 secs] 
91.727: Total time for which application threads were stopped: 0.0256150 seconds, Stopping threads took: 0.0000710 seconds
91.780: Application time: 0.0536900 seconds
91.781: [GC [PSYoungGen: 134598K->18912K(134656K)] 299136K->205481K(441344K), 0.0271090 secs] [Times: user=0.21 sys=0.00, real=0.02 secs] 
91.808: Total time for which application threads were stopped: 0.0272890 seconds, Stopping threads took: 0.0000800 seconds
91.851: Application time: 0.0428890 seconds
91.851: [GC [PSYoungGen: 134513K->18912K(134656K)] 321082K->231146K(441344K), 0.0287750 secs] [Times: user=0.22 sys=0.00, real=0.04 secs] 
91.880: Total time for which application threads were stopped: 0.0289760 seconds, Stopping threads took: 0.0001110 seconds
91.933: Application time: 0.0530140 seconds
91.933: [GC [PSYoungGen: 134624K->18928K(134656K)] 346858K->256168K(441344K), 0.0331140 secs] [Times: user=0.27 sys=0.00, real=0.03 secs] 
91.966: Total time for which application threads were stopped: 0.0332900 seconds, Stopping threads took: 0.0000900 seconds
92.027: Application time: 0.0609430 seconds
92.027: [GC [PSYoungGen: 134640K->18912K(134656K)] 371880K->267173K(441344K), 0.0333720 secs] [Times: user=0.26 sys=0.00, real=0.04 secs] 
92.060: Total time for which application threads were stopped: 0.0335390 seconds, Stopping threads took: 0.0000910 seconds
92.116: Application time: 0.0554540 seconds
92.116: [GC [PSYoungGen: 134624K->18912K(134656K)] 382885K->285189K(441344K), 0.0277990 secs] [Times: user=0.22 sys=0.00, real=0.03 secs] 
92.144: Total time for which application threads were stopped: 0.0279680 seconds, Stopping threads took: 0.0000820 seconds
92.188: Application time: 0.0443700 seconds
92.188: [GC [PSYoungGen: 134593K->18912K(134656K)] 400870K->310064K(441344K), 0.0309570 secs] [Times: user=0.24 sys=0.00, real=0.03 secs] 
92.219: [Full GC [PSYoungGen: 18912K->0K(134656K)] [ParOldGen: 291152K->124887K(306688K)] 310064K->124887K(441344K) [PSPermGen: 9110K->9110K(21504K)], 0.1367250 secs] [Times: user=1.01 sys=0.00, real=0.14 secs] 
92.356: Total time for which application threads were stopped: 0.1679570 seconds, Stopping threads took: 0.0001090 seconds
92.399: Application time: 0.0428330 seconds
92.399: [GC [PSYoungGen: 115712K->18922K(134656K)] 240599K->157241K(441344K), 0.0177390 secs] [Times: user=0.14 sys=0.00, real=0.02 secs] 
92.417: Total time for which application threads were stopped: 0.0179230 seconds, Stopping threads took: 0.0000830 seconds
92.464: Application time: 0.0471980 seconds
92.464: [GC [PSYoungGen: 134634K->18919K(134656K)] 272953K->183949K(441344K), 0.0256030 secs] [Times: user=0.21 sys=0.00, real=0.02 secs] 
92.490: Total time for which application threads were stopped: 0.0257850 seconds, Stopping threads took: 0.0000990 seconds
92.544: Application time: 0.0539270 seconds
92.544: [GC [PSYoungGen: 134631K->18935K(134656K)] 299661K->203202K(441344K), 0.0257230 secs] [Times: user=0.20 sys=0.00, real=0.02 secs] 
92.570: Total time for which application threads were stopped: 0.0258790 seconds, Stopping threads took: 0.0000670 seconds
92.617: Application time: 0.0476960 seconds
92.618: [GC [PSYoungGen: 134647K->18935K(134656K)] 318914K->227647K(441344K), 0.0282670 secs] [Times: user=0.22 sys=0.00, real=0.03 secs] 
92.646: Total time for which application threads were stopped: 0.0284400 seconds, Stopping threads took: 0.0000860 seconds
92.695: Application time: 0.0493370 seconds
92.695: [GC [PSYoungGen: 134647K->18919K(134656K)] 343359K->250921K(441344K), 0.0297290 secs] [Times: user=0.23 sys=0.00, real=0.03 secs] 
92.725: Total time for which application threads were stopped: 0.0299070 seconds, Stopping threads took: 0.0000920 seconds
92.785: Application time: 0.0597420 seconds
92.785: [GC [PSYoungGen: 134631K->18912K(134656K)] 366633K->265057K(441344K), 0.0278990 secs] [Times: user=0.22 sys=0.00, real=0.03 secs] 
92.813: Total time for which application threads were stopped: 0.0280650 seconds, Stopping threads took: 0.0000820 seconds
92.867: Application time: 0.0543260 seconds
92.867: [GC [PSYoungGen: 134624K->18928K(134656K)] 380769K->280652K(441344K), 0.0265100 secs] [Times: user=0.20 sys=0.00, real=0.03 secs] 
92.894: Total time for which application threads were stopped: 0.0266760 seconds, Stopping threads took: 0.0000750 seconds
92.936: Application time: 0.0424310 seconds
92.936: [GC [PSYoungGen: 134640K->18912K(134656K)] 396364K->306332K(441344K), 0.0297730 secs] [Times: user=0.23 sys=0.00, real=0.03 secs] 
92.966: [Full GC [PSYoungGen: 18912K->0K(134656K)] [ParOldGen: 287420K->118293K(306688K)] 306332K->118293K(441344K) [PSPermGen: 9110K->9110K(21504K)], 0.1219620 secs] [Times: user=0.89 sys=0.00, real=0.12 secs] 
93.088: Total time for which application threads were stopped: 0.1519640 seconds, Stopping threads took: 0.0000770 seconds
93.132: Application time: 0.0438360 seconds
93.132: [GC [PSYoungGen: 115712K->18925K(134656K)] 234005K->151126K(441344K), 0.0181060 secs] [Times: user=0.14 sys=0.00, real=0.01 secs] 
93.150: Total time for which application threads were stopped: 0.0182810 seconds, Stopping threads took: 0.0000870 seconds
93.198: Application time: 0.0473760 seconds
93.198: [GC [PSYoungGen: 134583K->18928K(134656K)] 266783K->178659K(441344K), 0.0272810 secs] [Times: user=0.21 sys=0.00, real=0.03 secs] 
93.225: Total time for which application threads were stopped: 0.0274850 seconds, Stopping threads took: 0.0001170 seconds
93.277: Application time: 0.0514760 seconds
93.277: [GC [PSYoungGen: 134640K->18912K(134656K)] 294371K->200415K(441344K), 0.0279690 secs] [Times: user=0.22 sys=0.00, real=0.03 secs] 
93.305: Total time for which application threads were stopped: 0.0281230 seconds, Stopping threads took: 0.0000750 seconds
93.353: Application time: 0.0478530 seconds
93.353: [GC [PSYoungGen: 134624K->18912K(134656K)] 316127K->223135K(441344K), 0.0290000 secs] [Times: user=0.23 sys=0.00, real=0.03 secs] 
93.382: Total time for which application threads were stopped: 0.0292060 seconds, Stopping threads took: 0.0001170 seconds
93.434: Application time: 0.0520850 seconds
93.436: [GC [PSYoungGen: 134624K->18912K(134656K)] 338847K->244433K(441344K), 0.0306680 secs] [Times: user=0.24 sys=0.00, real=0.03 secs] 
93.466: Total time for which application threads were stopped: 0.0322550 seconds, Stopping threads took: 0.0014950 seconds
93.524: Application time: 0.0576790 seconds
93.528: [GC [PSYoungGen: 134624K->18912K(134656K)] 360145K->260504K(441344K), 0.0296030 secs] [Times: user=0.23 sys=0.00, real=0.03 secs] 
93.557: Total time for which application threads were stopped: 0.0332830 seconds, Stopping threads took: 0.0035820 seconds
93.612: Application time: 0.0545290 seconds
93.612: [GC [PSYoungGen: 134624K->18928K(134656K)] 376216K->275997K(441344K), 0.0276240 secs] [Times: user=0.22 sys=0.00, real=0.03 secs] 
93.640: Total time for which application threads were stopped: 0.0278160 seconds, Stopping threads took: 0.0001060 seconds
93.683: Application time: 0.0438520 seconds
93.684: [GC [PSYoungGen: 134640K->18912K(134656K)] 391709K->302916K(441344K), 0.0324200 secs] [Times: user=0.25 sys=0.00, real=0.03 secs] 
93.716: [Full GC [PSYoungGen: 18912K->0K(134656K)] [ParOldGen: 284003K->121052K(306688K)] 302916K->121052K(441344K) [PSPermGen: 9110K->9110K(21504K)], 0.1313420 secs] [Times: user=0.97 sys=0.00, real=0.13 secs] 
93.847: Total time for which application threads were stopped: 0.1639960 seconds, Stopping threads took: 0.0000860 seconds
93.890: Application time: 0.0426610 seconds
93.890: [GC [PSYoungGen: 115712K->18928K(134656K)] 236764K->151350K(441344K), 0.0166860 secs] [Times: user=0.13 sys=0.00, real=0.02 secs] 
93.907: Total time for which application threads were stopped: 0.0168530 seconds, Stopping threads took: 0.0000790 seconds
93.957: Application time: 0.0498540 seconds
93.957: [GC [PSYoungGen: 134640K->18912K(134656K)] 267062K->178496K(441344K), 0.0267790 secs] [Times: user=0.21 sys=0.00, real=0.03 secs] 
93.984: Total time for which application threads were stopped: 0.0269490 seconds, Stopping threads took: 0.0000830 seconds
94.036: Application time: 0.0521180 seconds
94.036: [GC [PSYoungGen: 134624K->18912K(134656K)] 294208K->198769K(441344K), 0.0274020 secs] [Times: user=0.22 sys=0.00, real=0.03 secs] 
94.064: Total time for which application threads were stopped: 0.0275890 seconds, Stopping threads took: 0.0000820 seconds
94.111: Application time: 0.0476880 seconds
94.112: [GC [PSYoungGen: 134624K->18928K(134656K)] 314481K->222671K(441344K), 0.0289130 secs] [Times: user=0.23 sys=0.00, real=0.03 secs] 
94.141: Total time for which application threads were stopped: 0.0296260 seconds, Stopping threads took: 0.0006260 seconds
94.191: Application time: 0.0503980 seconds
94.191: [GC [PSYoungGen: 134640K->18928K(134656K)] 338383K->245824K(441344K), 0.0309250 secs] [Times: user=0.24 sys=0.00, real=0.04 secs] 
94.222: Total time for which application threads were stopped: 0.0311000 seconds, Stopping threads took: 0.0000880 seconds
94.279: Application time: 0.0567760 seconds
94.284: [GC [PSYoungGen: 134640K->18928K(134656K)] 361536K->261907K(441344K), 0.0290460 secs] [Times: user=0.23 sys=0.00, real=0.03 secs] 
94.313: Total time for which application threads were stopped: 0.0335650 seconds, Stopping threads took: 0.0044320 seconds
94.369: Application time: 0.0562240 seconds
94.369: [GC [PSYoungGen: 134640K->18928K(134656K)] 377619K->277201K(441344K), 0.0282880 secs] [Times: user=0.22 sys=0.00, real=0.03 secs] 
94.397: Total time for which application threads were stopped: 0.0284640 seconds, Stopping threads took: 0.0000900 seconds
94.444: Application time: 0.0465010 seconds
94.444: [GC [PSYoungGen: 134640K->18928K(134656K)] 392913K->303625K(441344K), 0.0322940 secs] [Times: user=0.25 sys=0.00, real=0.03 secs] 
94.476: [Full GC [PSYoungGen: 18928K->0K(134656K)] [ParOldGen: 284697K->120060K(306688K)] 303625K->120060K(441344K) [PSPermGen: 9111K->9111K(21504K)], 0.1289070 secs] [Times: user=0.94 sys=0.00, real=0.13 secs] 
94.605: Total time for which application threads were stopped: 0.1614340 seconds, Stopping threads took: 0.0000820 seconds
94.647: Application time: 0.0415620 seconds
94.647: [GC [PSYoungGen: 115712K->18937K(134656K)] 235772K->149579K(441344K), 0.0162610 secs] [Times: user=0.13 sys=0.00, real=0.02 secs] 
94.663: Total time for which application threads were stopped: 0.0164410 seconds, Stopping threads took: 0.0000860 seconds
94.711: Application time: 0.0472120 seconds
94.711: [GC [PSYoungGen: 134649K->18912K(134656K)] 265291K->177926K(441344K), 0.0268190 secs] [Times: user=0.21 sys=0.00, real=0.03 secs] 
94.738: Total time for which application threads were stopped: 0.0270040 seconds, Stopping threads took: 0.0000950 seconds
94.791: Application time: 0.0530850 seconds
94.791: [GC [PSYoungGen: 134624K->18928K(134656K)] 293638K->197918K(441344K), 0.0267730 secs] [Times: user=0.21 sys=0.00, real=0.03 secs] 
94.818: Total time for which application threads were stopped: 0.0269330 seconds, Stopping threads took: 0.0000710 seconds
94.866: Application time: 0.0482650 seconds
94.868: [GC [PSYoungGen: 134640K->18928K(134656K)] 313630K->220217K(441344K), 0.0286900 secs] [Times: user=0.23 sys=0.00, real=0.03 secs] 
94.896: Total time for which application threads were stopped: 0.0304980 seconds, Stopping threads took: 0.0017200 seconds
94.945: Application time: 0.0489160 seconds
94.945: [GC [PSYoungGen: 134640K->18928K(134656K)] 335929K->245312K(441344K), 0.0311230 secs] [Times: user=0.24 sys=0.00, real=0.03 secs] 
94.977: Total time for which application threads were stopped: 0.0312860 seconds, Stopping threads took: 0.0000740 seconds
95.033: Application time: 0.0566880 seconds
95.033: [GC [PSYoungGen: 134640K->18928K(134656K)] 361024K->261358K(441344K), 0.0292510 secs] [Times: user=0.24 sys=0.00, real=0.03 secs] 
95.063: Total time for which application threads were stopped: 0.0294020 seconds, Stopping threads took: 0.0000680 seconds
95.123: Application time: 0.0601010 seconds
95.123: [GC [PSYoungGen: 134640K->18912K(134656K)] 377070K->274996K(441344K), 0.0277040 secs] [Times: user=0.21 sys=0.00, real=0.02 secs] 
95.151: Total time for which application threads were stopped: 0.0279200 seconds, Stopping threads took: 0.0001300 seconds
95.194: Application time: 0.0435170 seconds
95.194: [GC [PSYoungGen: 134624K->18928K(134656K)] 390708K->301359K(441344K), 0.0317550 secs] [Times: user=0.25 sys=0.00, real=0.03 secs] 
95.226: [Full GC [PSYoungGen: 18928K->0K(134656K)] [ParOldGen: 282430K->117730K(306688K)] 301359K->117730K(441344K) [PSPermGen: 9112K->9112K(21504K)], 0.1221290 secs] [Times: user=0.90 sys=0.00, real=0.12 secs] 
95.348: Total time for which application threads were stopped: 0.1541220 seconds, Stopping threads took: 0.0000780 seconds
95.389: Application time: 0.0408270 seconds
95.389: [GC [PSYoungGen: 115712K->18924K(134656K)] 233442K->148755K(441344K), 0.0167890 secs] [Times: user=0.13 sys=0.00, real=0.02 secs] 
95.406: Total time for which application threads were stopped: 0.0169530 seconds, Stopping threads took: 0.0000790 seconds
95.454: Application time: 0.0477000 seconds
95.454: [GC [PSYoungGen: 134636K->18912K(134656K)] 264467K->178046K(441344K), 0.0277180 secs] [Times: user=0.22 sys=0.00, real=0.03 secs] 
95.482: Total time for which application threads were stopped: 0.0278810 seconds, Stopping threads took: 0.0000760 seconds
95.536: Application time: 0.0540760 seconds
95.536: [GC [PSYoungGen: 134624K->18912K(134656K)] 293758K->195874K(441344K), 0.0263990 secs] [Times: user=0.21 sys=0.00, real=0.03 secs] 
95.562: Total time for which application threads were stopped: 0.0265530 seconds, Stopping threads took: 0.0000660 seconds
95.611: Application time: 0.0481880 seconds
95.611: [GC [PSYoungGen: 134624K->18928K(134656K)] 311586K->217911K(441344K), 0.0281820 secs] [Times: user=0.22 sys=0.00, real=0.03 secs] 
95.639: Total time for which application threads were stopped: 0.0283670 seconds, Stopping threads took: 0.0000980 seconds
95.688: Application time: 0.0489690 seconds
95.688: [GC [PSYoungGen: 134640K->18912K(134656K)] 333623K->244153K(441344K), 0.0327760 secs] [Times: user=0.26 sys=0.00, real=0.04 secs] 
95.721: Total time for which application threads were stopped: 0.0329660 seconds, Stopping threads took: 0.0000930 seconds
95.777: Application time: 0.0565780 seconds
95.778: [GC [PSYoungGen: 134624K->18928K(134656K)] 359865K->260022K(441344K), 0.0302910 secs] [Times: user=0.24 sys=0.00, real=0.03 secs] 
95.808: Total time for which application threads were stopped: 0.0304560 seconds, Stopping threads took: 0.0000700 seconds
95.864: Application time: 0.0565510 seconds
95.865: [GC [PSYoungGen: 134640K->18912K(134656K)] 375734K->274957K(441344K), 0.0284160 secs] [Times: user=0.22 sys=0.00, real=0.03 secs] 
95.893: Total time for which application threads were stopped: 0.0285720 seconds, Stopping threads took: 0.0000710 seconds
95.936: Application time: 0.0427040 seconds
95.936: [GC [PSYoungGen: 134624K->18928K(134656K)] 390669K->301594K(441344K), 0.0323420 secs] [Times: user=0.25 sys=0.00, real=0.03 secs] 
95.968: [Full GC [PSYoungGen: 18928K->0K(134656K)] [ParOldGen: 282666K->120433K(306688K)] 301594K->120433K(441344K) [PSPermGen: 9115K->9115K(21504K)], 0.1307800 secs] [Times: user=0.97 sys=0.00, real=0.13 secs] 
96.099: Total time for which application threads were stopped: 0.1633450 seconds, Stopping threads took: 0.0000740 seconds
96.139: Application time: 0.0402210 seconds
96.139: [GC [PSYoungGen: 115712K->18912K(134656K)] 236145K->150631K(441344K), 0.0158480 secs] [Times: user=0.12 sys=0.00, real=0.02 secs] 
96.155: Total time for which application threads were stopped: 0.0160340 seconds, Stopping threads took: 0.0001000 seconds
96.207: Application time: 0.0518450 seconds
96.207: [GC [PSYoungGen: 134624K->18928K(134656K)] 266343K->177526K(441344K), 0.0261370 secs] [Times: user=0.21 sys=0.00, real=0.03 secs] 
96.233: Total time for which application threads were stopped: 0.0263050 seconds, Stopping threads took: 0.0000820 seconds
96.288: Application time: 0.0548010 seconds
96.288: [GC [PSYoungGen: 134640K->18928K(134656K)] 293238K->193583K(441344K), 0.0257940 secs] [Times: user=0.20 sys=0.00, real=0.03 secs] 
96.314: Total time for which application threads were stopped: 0.0259630 seconds, Stopping threads took: 0.0000690 seconds
96.361: Application time: 0.0464720 seconds
96.361: [GC [PSYoungGen: 134638K->18912K(134656K)] 309294K->216503K(441344K), 0.0282250 secs] [Times: user=0.22 sys=0.00, real=0.02 secs] 
96.389: Total time for which application threads were stopped: 0.0283880 seconds, Stopping threads took: 0.0000730 seconds
96.436: Application time: 0.0464960 seconds
96.436: [GC [PSYoungGen: 134490K->18912K(134656K)] 332082K->243783K(441344K), 0.0335670 secs] [Times: user=0.26 sys=0.00, real=0.03 secs] 
96.469: Total time for which application threads were stopped: 0.0337700 seconds, Stopping threads took: 0.0001140 seconds
96.526: Application time: 0.0561520 seconds
96.526: [GC [PSYoungGen: 134624K->18928K(134656K)] 359495K->262064K(441344K), 0.0312580 secs] [Times: user=0.24 sys=0.01, real=0.03 secs] 
96.557: Total time for which application threads were stopped: 0.0314290 seconds, Stopping threads took: 0.0000890 seconds
96.614: Application time: 0.0568920 seconds
96.614: [GC [PSYoungGen: 134640K->18928K(134656K)] 377776K->277890K(441344K), 0.0296620 secs] [Times: user=0.23 sys=0.00, real=0.03 secs] 
96.644: Total time for which application threads were stopped: 0.0298270 seconds, Stopping threads took: 0.0000790 seconds
96.687: Application time: 0.0431480 seconds
96.687: [GC [PSYoungGen: 134640K->18928K(134656K)] 393602K->305482K(441344K), 0.0339560 secs] [Times: user=0.26 sys=0.00, real=0.04 secs] 
96.721: [Full GC [PSYoungGen: 18928K->0K(134656K)] [ParOldGen: 286554K->123583K(306688K)] 305482K->123583K(441344K) [PSPermGen: 9115K->9115K(21504K)], 0.1313290 secs] [Times: user=0.97 sys=0.00, real=0.13 secs] 
96.852: Total time for which application threads were stopped: 0.1655220 seconds, Stopping threads took: 0.0000910 seconds
96.892: Application time: 0.0400290 seconds
96.893: [GC [PSYoungGen: 115712K->18928K(134656K)] 239295K->152796K(441344K), 0.0156470 secs] [Times: user=0.12 sys=0.00, real=0.01 secs] 
96.908: Total time for which application threads were stopped: 0.0158290 seconds, Stopping threads took: 0.0000760 seconds
96.959: Application time: 0.0508080 seconds
96.959: [GC [PSYoungGen: 134640K->18928K(134656K)] 268508K->179569K(441344K), 0.0268410 secs] [Times: user=0.22 sys=0.00, real=0.03 secs] 
96.986: Total time for which application threads were stopped: 0.0270170 seconds, Stopping threads took: 0.0000870 seconds
97.043: Application time: 0.0568240 seconds
97.044: [GC [PSYoungGen: 134640K->18928K(134656K)] 295281K->196508K(441344K), 0.0320780 secs] [Times: user=0.20 sys=0.00, real=0.03 secs] 
97.076: Total time for which application threads were stopped: 0.0329340 seconds, Stopping threads took: 0.0007600 seconds
97.124: Application time: 0.0484740 seconds
97.124: [GC [PSYoungGen: 134640K->18912K(134656K)] 312220K->217082K(441344K), 0.0281270 secs] [Times: user=0.21 sys=0.00, real=0.03 secs] 
97.153: Total time for which application threads were stopped: 0.0282900 seconds, Stopping threads took: 0.0000760 seconds
97.202: Application time: 0.0489770 seconds
97.204: [GC [PSYoungGen: 134624K->18928K(134656K)] 332794K->240802K(441344K), 0.0327500 secs] [Times: user=0.25 sys=0.00, real=0.03 secs] 
97.236: Total time for which application threads were stopped: 0.0348400 seconds, Stopping threads took: 0.0020040 seconds
97.288: Application time: 0.0513510 seconds
97.288: [GC [PSYoungGen: 134640K->18912K(134656K)] 356514K->260564K(441344K), 0.0312210 secs] [Times: user=0.25 sys=0.00, real=0.03 secs] 
97.319: Total time for which application threads were stopped: 0.0313840 seconds, Stopping threads took: 0.0000770 seconds
97.372: Application time: 0.0530180 seconds
97.372: [GC [PSYoungGen: 134624K->18912K(134656K)] 376276K->280234K(441344K), 0.0325130 secs] [Times: user=0.25 sys=0.00, real=0.03 secs] 
97.405: Total time for which application threads were stopped: 0.0326740 seconds, Stopping threads took: 0.0000720 seconds
97.447: Application time: 0.0426390 seconds
97.448: [GC [PSYoungGen: 134624K->18912K(134656K)] 395946K->307123K(441344K), 0.0354860 secs] [Times: user=0.27 sys=0.00, real=0.04 secs] 
97.483: [Full GC [PSYoungGen: 18912K->0K(134656K)] [ParOldGen: 288211K->124299K(306688K)] 307123K->124299K(441344K) [PSPermGen: 9115K->9115K(21504K)], 0.1370570 secs] [Times: user=1.00 sys=0.00, real=0.14 secs] 
97.620: Total time for which application threads were stopped: 0.1728290 seconds, Stopping threads took: 0.0001210 seconds
97.661: Application time: 0.0405690 seconds
97.661: [GC [PSYoungGen: 115712K->18923K(134656K)] 240011K->153439K(441344K), 0.0158220 secs] [Times: user=0.13 sys=0.00, real=0.01 secs] 
97.677: Total time for which application threads were stopped: 0.0159680 seconds, Stopping threads took: 0.0000590 seconds
97.727: Application time: 0.0502460 seconds
97.727: [GC [PSYoungGen: 134635K->18923K(134656K)] 269151K->180144K(441344K), 0.0261590 secs] [Times: user=0.20 sys=0.00, real=0.03 secs] 
97.753: Total time for which application threads were stopped: 0.0263240 seconds, Stopping threads took: 0.0000790 seconds
97.810: Application time: 0.0561030 seconds
97.810: [GC [PSYoungGen: 134635K->18939K(134656K)] 295856K->195359K(441344K), 0.0262100 secs] [Times: user=0.21 sys=0.00, real=0.03 secs] 
97.836: Total time for which application threads were stopped: 0.0263770 seconds, Stopping threads took: 0.0000830 seconds
97.884: Application time: 0.0484280 seconds
97.884: [GC [PSYoungGen: 134651K->18923K(134656K)] 311071K->216371K(441344K), 0.0281180 secs] [Times: user=0.22 sys=0.00, real=0.03 secs] 
97.913: Total time for which application threads were stopped: 0.0282840 seconds, Stopping threads took: 0.0000810 seconds
97.961: Application time: 0.0484680 seconds
97.961: [GC [PSYoungGen: 134635K->18939K(134656K)] 332083K->240664K(441344K), 0.0325210 secs] [Times: user=0.25 sys=0.00, real=0.03 secs] 
97.994: Total time for which application threads were stopped: 0.0327020 seconds, Stopping threads took: 0.0000810 seconds
98.046: Application time: 0.0518140 seconds
98.046: [GC [PSYoungGen: 134651K->18939K(134656K)] 356376K->260174K(441344K), 0.0309410 secs] [Times: user=0.24 sys=0.00, real=0.03 secs] 
98.077: Total time for which application threads were stopped: 0.0311030 seconds, Stopping threads took: 0.0000660 seconds
98.134: Application time: 0.0575660 seconds
98.134: [GC [PSYoungGen: 134651K->18923K(134656K)] 375886K->278523K(441344K), 0.0311500 secs] [Times: user=0.24 sys=0.00, real=0.03 secs] 
98.166: Total time for which application threads were stopped: 0.0313000 seconds, Stopping threads took: 0.0000620 seconds
98.207: Application time: 0.0414300 seconds
98.207: [GC [PSYoungGen: 134635K->18923K(134656K)] 394235K->305523K(441344K), 0.0321220 secs] [Times: user=0.25 sys=0.00, real=0.03 secs] 
98.239: [Full GC [PSYoungGen: 18923K->0K(134656K)] [ParOldGen: 286600K->123371K(306688K)] 305523K->123371K(441344K) [PSPermGen: 9115K->9115K(21504K)], 0.1298010 secs] [Times: user=0.96 sys=0.00, real=0.13 secs] 
98.369: Total time for which application threads were stopped: 0.1621490 seconds, Stopping threads took: 0.0000730 seconds
98.409: Application time: 0.0401820 seconds
98.409: [GC [PSYoungGen: 115712K->18912K(134656K)] 239083K->153530K(441344K), 0.0163500 secs] [Times: user=0.13 sys=0.00, real=0.02 secs] 
98.426: Total time for which application threads were stopped: 0.0165160 seconds, Stopping threads took: 0.0000790 seconds
98.477: Application time: 0.0510040 seconds
98.477: [GC [PSYoungGen: 134624K->18928K(134656K)] 269242K->180056K(441344K), 0.0272960 secs] [Times: user=0.21 sys=0.00, real=0.03 secs] 
98.504: Total time for which application threads were stopped: 0.0274820 seconds, Stopping threads took: 0.0000850 seconds
98.561: Application time: 0.0561470 seconds
98.561: [GC [PSYoungGen: 134640K->18912K(134656K)] 295768K->196131K(441344K), 0.0268000 secs] [Times: user=0.21 sys=0.00, real=0.02 secs] 
98.587: Total time for which application threads were stopped: 0.0269480 seconds, Stopping threads took: 0.0000640 seconds
98.636: Application time: 0.0480950 seconds
98.636: [GC [PSYoungGen: 134555K->18912K(134656K)] 311774K->217146K(441344K), 0.0290750 secs] [Times: user=0.22 sys=0.00, real=0.03 secs] 
98.665: Total time for which application threads were stopped: 0.0292350 seconds, Stopping threads took: 0.0000740 seconds
98.714: Application time: 0.0492850 seconds
98.714: [GC [PSYoungGen: 134624K->18912K(134656K)] 332858K->241608K(441344K), 0.0329700 secs] [Times: user=0.25 sys=0.00, real=0.03 secs] 
98.747: Total time for which application threads were stopped: 0.0331640 seconds, Stopping threads took: 0.0001080 seconds
98.799: Application time: 0.0517440 seconds
98.799: [GC [PSYoungGen: 134624K->18912K(134656K)] 357320K->261180K(441344K), 0.0311360 secs] [Times: user=0.24 sys=0.00, real=0.03 secs] 
98.830: Total time for which application threads were stopped: 0.0312900 seconds, Stopping threads took: 0.0000650 seconds
98.887: Application time: 0.0565520 seconds
98.887: [GC [PSYoungGen: 134624K->18928K(134656K)] 376892K->278105K(441344K), 0.0308340 secs] [Times: user=0.24 sys=0.00, real=0.03 secs] 
98.918: Total time for which application threads were stopped: 0.0310050 seconds, Stopping threads took: 0.0000860 seconds
98.957: Application time: 0.0391770 seconds
98.957: [GC [PSYoungGen: 134640K->18912K(134656K)] 393817K->306592K(441344K), 0.0330110 secs] [Times: user=0.26 sys=0.00, real=0.03 secs] 
98.990: [Full GC [PSYoungGen: 18912K->0K(134656K)] [ParOldGen: 287680K->124490K(306688K)] 306592K->124490K(441344K) [PSPermGen: 9115K->9115K(21504K)], 0.1282310 secs] [Times: user=0.94 sys=0.00, real=0.13 secs] 
99.119: Total time for which application threads were stopped: 0.1614900 seconds, Stopping threads took: 0.0000980 seconds
99.159: Application time: 0.0400630 seconds
99.159: [GC [PSYoungGen: 115712K->18933K(134656K)] 240202K->156883K(441344K), 0.0176810 secs] [Times: user=0.14 sys=0.00, real=0.02 secs] 
99.176: Total time for which application threads were stopped: 0.0178860 seconds, Stopping threads took: 0.0001080 seconds
99.231: Application time: 0.0547320 seconds
99.231: [GC [PSYoungGen: 134645K->18912K(134656K)] 272595K->178696K(441344K), 0.0252900 secs] [Times: user=0.20 sys=0.00, real=0.03 secs] 
99.257: Total time for which application threads were stopped: 0.0254520 seconds, Stopping threads took: 0.0000670 seconds
99.310: Application time: 0.0533900 seconds
99.310: [GC [PSYoungGen: 134624K->18928K(134656K)] 294408K->195923K(441344K), 0.0270920 secs] [Times: user=0.21 sys=0.00, real=0.03 secs] 
99.337: Total time for which application threads were stopped: 0.0272710 seconds, Stopping threads took: 0.0000910 seconds
99.387: Application time: 0.0500620 seconds
99.388: [GC [PSYoungGen: 134640K->18928K(134656K)] 311635K->218816K(441344K), 0.0304710 secs] [Times: user=0.24 sys=0.01, real=0.03 secs] 
99.418: Total time for which application threads were stopped: 0.0306430 seconds, Stopping threads took: 0.0000830 seconds
99.467: Application time: 0.0486080 seconds
99.467: [GC [PSYoungGen: 134640K->18928K(134656K)] 334528K->242354K(441344K), 0.0327190 secs] [Times: user=0.26 sys=0.00, real=0.03 secs] 
99.500: Total time for which application threads were stopped: 0.0328880 seconds, Stopping threads took: 0.0000790 seconds
99.549: Application time: 0.0497920 seconds
99.549: [GC [PSYoungGen: 134640K->18928K(134656K)] 358066K->261214K(441344K), 0.0303020 secs] [Times: user=0.24 sys=0.00, real=0.04 secs] 
99.580: Total time for which application threads were stopped: 0.0305000 seconds, Stopping threads took: 0.0001110 seconds
99.639: Application time: 0.0596260 seconds
99.640: [GC [PSYoungGen: 134640K->18912K(134656K)] 376926K->277808K(441344K), 0.0318790 secs] [Times: user=0.26 sys=0.00, real=0.02 secs] 
99.672: Total time for which application threads were stopped: 0.0320800 seconds, Stopping threads took: 0.0001090 seconds
99.709: Application time: 0.0378740 seconds
99.710: [GC [PSYoungGen: 134526K->18912K(134656K)] 393422K->309240K(441344K), 0.0349510 secs] [Times: user=0.28 sys=0.00, real=0.04 secs] 
99.745: [Full GC [PSYoungGen: 18912K->0K(134656K)] [ParOldGen: 290328K->125827K(306688K)] 309240K->125827K(441344K) [PSPermGen: 9115K->9115K(21504K)], 0.1357700 secs] [Times: user=1.00 sys=0.00, real=0.14 secs] 
99.880: Total time for which application threads were stopped: 0.1709620 seconds, Stopping threads took: 0.0000820 seconds
99.921: Application time: 0.0408990 seconds
99.921: [GC [PSYoungGen: 115712K->18934K(134656K)] 241539K->157858K(441344K), 0.0179770 secs] [Times: user=0.14 sys=0.00, real=0.01 secs] 
99.939: Total time for which application threads were stopped: 0.0181180 seconds, Stopping threads took: 0.0000550 seconds
99.994: Application time: 0.0549780 seconds
99.995: [GC [PSYoungGen: 134646K->18934K(134656K)] 273570K->179966K(441344K), 0.0255830 secs] [Times: user=0.20 sys=0.00, real=0.03 secs] 
100.020: Total time for which application threads were stopped: 0.0257600 seconds, Stopping threads took: 0.0000890 seconds
100.074: Application time: 0.0543020 seconds
100.075: [GC [PSYoungGen: 134646K->18934K(134656K)] 295678K->197013K(441344K), 0.0273650 secs] [Times: user=0.21 sys=0.00, real=0.03 secs] 
100.102: Total time for which application threads were stopped: 0.0275510 seconds, Stopping threads took: 0.0000960 seconds
100.154: Application time: 0.0520730 seconds
100.154: [GC [PSYoungGen: 134646K->18934K(134656K)] 312725K->215921K(441344K), 0.0279980 secs] [Times: user=0.22 sys=0.00, real=0.03 secs] 
100.182: Total time for which application threads were stopped: 0.0281800 seconds, Stopping threads took: 0.0000940 seconds
100.231: Application time: 0.0487290 seconds
100.231: [GC [PSYoungGen: 134646K->18918K(134656K)] 331633K->239456K(441344K), 0.0321410 secs] [Times: user=0.26 sys=0.00, real=0.04 secs] 
100.263: Total time for which application threads were stopped: 0.0323240 seconds, Stopping threads took: 0.0000800 seconds
100.316: Application time: 0.0524360 seconds
100.316: [GC [PSYoungGen: 134630K->18934K(134656K)] 355168K->259353K(441344K), 0.0305980 secs] [Times: user=0.25 sys=0.00, real=0.03 secs] 
100.347: Total time for which application threads were stopped: 0.0307510 seconds, Stopping threads took: 0.0000680 seconds
100.400: Application time: 0.0534140 seconds
100.400: [GC [PSYoungGen: 134646K->18918K(134656K)] 375065K->279023K(441344K), 0.0313970 secs] [Times: user=0.25 sys=0.00, real=0.02 secs] 
100.431: Total time for which application threads were stopped: 0.0315640 seconds, Stopping threads took: 0.0000800 seconds
100.472: Application time: 0.0400630 seconds
100.472: [GC [PSYoungGen: 134630K->18934K(134656K)] 394735K->308575K(441344K), 0.0339340 secs] [Times: user=0.27 sys=0.00, real=0.03 secs] 
100.506: [Full GC [PSYoungGen: 18934K->0K(134656K)] [ParOldGen: 289641K->126672K(306688K)] 308575K->126672K(441344K) [PSPermGen: 9115K->9115K(21504K)], 0.1320890 secs] [Times: user=0.97 sys=0.00, real=0.13 secs] 
100.638: Total time for which application threads were stopped: 0.1662500 seconds, Stopping threads took: 0.0000730 seconds
100.678: Application time: 0.0406730 seconds
100.679: [GC [PSYoungGen: 115712K->18912K(134656K)] 242384K->158303K(441344K), 0.0172850 secs] [Times: user=0.14 sys=0.00, real=0.02 secs] 
100.696: Total time for which application threads were stopped: 0.0174340 seconds, Stopping threads took: 0.0000620 seconds
100.750: Application time: 0.0538350 seconds
100.750: [GC [PSYoungGen: 134624K->18912K(134656K)] 274015K->181259K(441344K), 0.0260430 secs] [Times: user=0.20 sys=0.01, real=0.03 secs] 
100.776: Total time for which application threads were stopped: 0.0262090 seconds, Stopping threads took: 0.0000650 seconds
100.831: Application time: 0.0545900 seconds
100.832: [GC [PSYoungGen: 134624K->18928K(134656K)] 296971K->197497K(441344K), 0.0263850 secs] [Times: user=0.21 sys=0.00, real=0.02 secs] 
100.858: Total time for which application threads were stopped: 0.0274750 seconds, Stopping threads took: 0.0010030 seconds
100.909: Application time: 0.0505260 seconds
100.909: [GC [PSYoungGen: 134640K->18912K(134656K)] 313209K->217280K(441344K), 0.0282900 secs] [Times: user=0.22 sys=0.00, real=0.03 secs] 
100.937: Total time for which application threads were stopped: 0.0284890 seconds, Stopping threads took: 0.0000890 seconds
100.986: Application time: 0.0487960 seconds
100.986: [GC [PSYoungGen: 134624K->18928K(134656K)] 332992K->240083K(441344K), 0.0316490 secs] [Times: user=0.25 sys=0.00, real=0.03 secs] 
101.018: Total time for which application threads were stopped: 0.0318170 seconds, Stopping threads took: 0.0000820 seconds
101.071: Application time: 0.0534580 seconds
101.076: [GC [PSYoungGen: 134536K->18928K(134656K)] 355691K->258746K(441344K), 0.0306480 secs] [Times: user=0.24 sys=0.00, real=0.03 secs] 
101.106: Total time for which application threads were stopped: 0.0351370 seconds, Stopping threads took: 0.0044040 seconds
101.159: Application time: 0.0528630 seconds
101.159: [GC [PSYoungGen: 134640K->18928K(134656K)] 374458K->279566K(441344K), 0.0319350 secs] [Times: user=0.26 sys=0.00, real=0.03 secs] 
101.191: Total time for which application threads were stopped: 0.0321160 seconds, Stopping threads took: 0.0000940 seconds
101.232: Application time: 0.0407380 seconds
101.232: [GC [PSYoungGen: 134640K->18928K(134656K)] 395278K->309518K(441344K), 0.0346660 secs] [Times: user=0.27 sys=0.00, real=0.03 secs] 
101.267: [Full GC [PSYoungGen: 18928K->0K(134656K)] [ParOldGen: 290589K->127217K(306688K)] 309518K->127217K(441344K) [PSPermGen: 9116K->9116K(21504K)], 0.1336150 secs] [Times: user=0.98 sys=0.00, real=0.14 secs] 
101.401: Total time for which application threads were stopped: 0.1685020 seconds, Stopping threads took: 0.0000770 seconds
101.442: Application time: 0.0415510 seconds
101.442: [GC [PSYoungGen: 115712K->18912K(134656K)] 242929K->159828K(441344K), 0.0181590 secs] [Times: user=0.14 sys=0.00, real=0.02 secs] 
101.460: Total time for which application threads were stopped: 0.0183560 seconds, Stopping threads took: 0.0000990 seconds
101.516: Application time: 0.0553360 seconds
101.516: [GC [PSYoungGen: 134624K->18928K(134656K)] 275540K->180970K(441344K), 0.0261050 secs] [Times: user=0.20 sys=0.00, real=0.03 secs] 
101.542: Total time for which application threads were stopped: 0.0262630 seconds, Stopping threads took: 0.0000750 seconds
101.595: Application time: 0.0530910 seconds
101.595: [GC [PSYoungGen: 134640K->18928K(134656K)] 296682K->197902K(441344K), 0.0260030 secs] [Times: user=0.21 sys=0.00, real=0.03 secs] 
101.621: Total time for which application threads were stopped: 0.0262000 seconds, Stopping threads took: 0.0001090 seconds
101.674: Application time: 0.0530390 seconds
101.674: [GC [PSYoungGen: 134640K->18928K(134656K)] 313614K->217719K(441344K), 0.0271100 secs] [Times: user=0.21 sys=0.00, real=0.03 secs] 
101.702: Total time for which application threads were stopped: 0.0272980 seconds, Stopping threads took: 0.0001000 seconds
101.749: Application time: 0.0471710 seconds
101.749: [GC [PSYoungGen: 134640K->18912K(134656K)] 333431K->240757K(441344K), 0.0287980 secs] [Times: user=0.22 sys=0.00, real=0.03 secs] 
101.778: Total time for which application threads were stopped: 0.0289440 seconds, Stopping threads took: 0.0000560 seconds
101.833: Application time: 0.0554590 seconds
101.833: [GC [PSYoungGen: 134624K->18928K(134656K)] 356469K->258686K(441344K), 0.0285410 secs] [Times: user=0.22 sys=0.00, real=0.03 secs] 
101.862: Total time for which application threads were stopped: 0.0286970 seconds, Stopping threads took: 0.0000700 seconds
101.911: Application time: 0.0493410 seconds
101.911: [GC [PSYoungGen: 134640K->18912K(134656K)] 374398K->278313K(441344K), 0.0291530 secs] [Times: user=0.23 sys=0.00, real=0.04 secs] 
101.941: Total time for which application threads were stopped: 0.0293240 seconds, Stopping threads took: 0.0000810 seconds
101.980: Application time: 0.0391910 seconds
101.980: [GC [PSYoungGen: 134624K->18928K(134656K)] 394025K->311480K(441344K), 0.0340120 secs] [Times: user=0.26 sys=0.00, real=0.03 secs] 
102.014: [Full GC [PSYoungGen: 18928K->0K(134656K)] [ParOldGen: 292552K->128520K(306688K)] 311480K->128520K(441344K) [PSPermGen: 9116K->9116K(21504K)], 0.1348230 secs] [Times: user=1.00 sys=0.00, real=0.13 secs] 
102.149: Total time for which application threads were stopped: 0.1690770 seconds, Stopping threads took: 0.0000840 seconds
102.190: Application time: 0.0413900 seconds
102.190: [GC [PSYoungGen: 115712K->18912K(134656K)] 244232K->160473K(441344K), 0.0182880 secs] [Times: user=0.14 sys=0.00, real=0.02 secs] 
102.209: Total time for which application threads were stopped: 0.0184670 seconds, Stopping threads took: 0.0000920 seconds
102.264: Application time: 0.0554340 seconds
102.264: [GC [PSYoungGen: 134624K->18912K(134656K)] 276185K->180063K(441344K), 0.0249680 secs] [Times: user=0.19 sys=0.00, real=0.02 secs] 
102.289: Total time for which application threads were stopped: 0.0251260 seconds, Stopping threads took: 0.0000670 seconds
102.341: Application time: 0.0520510 seconds
102.341: [GC [PSYoungGen: 134624K->18912K(134656K)] 295775K->197612K(441344K), 0.0253210 secs] [Times: user=0.20 sys=0.00, real=0.02 secs] 
102.367: Total time for which application threads were stopped: 0.0254790 seconds, Stopping threads took: 0.0000730 seconds
102.419: Application time: 0.0524740 seconds
102.419: [GC [PSYoungGen: 134624K->18912K(134656K)] 313324K->216618K(441344K), 0.0271830 secs] [Times: user=0.21 sys=0.00, real=0.03 secs] 
102.447: Total time for which application threads were stopped: 0.0273410 seconds, Stopping threads took: 0.0000720 seconds
102.493: Application time: 0.0464470 seconds
102.493: [GC [PSYoungGen: 134624K->18912K(134656K)] 332330K->239588K(441344K), 0.0296050 secs] [Times: user=0.23 sys=0.00, real=0.03 secs] 
102.523: Total time for which application threads were stopped: 0.0297850 seconds, Stopping threads took: 0.0000800 seconds
102.581: Application time: 0.0581950 seconds
102.581: [GC [PSYoungGen: 134624K->18912K(134656K)] 355300K->255805K(441344K), 0.0292440 secs] [Times: user=0.23 sys=0.00, real=0.02 secs] 
102.610: Total time for which application threads were stopped: 0.0294020 seconds, Stopping threads took: 0.0000760 seconds
102.657: Application time: 0.0467760 seconds
102.657: [GC [PSYoungGen: 134624K->18912K(134656K)] 371517K->277577K(441344K), 0.0295290 secs] [Times: user=0.23 sys=0.00, real=0.03 secs] 
102.687: Total time for which application threads were stopped: 0.0297020 seconds, Stopping threads took: 0.0000730 seconds
102.726: Application time: 0.0388180 seconds
102.726: [GC [PSYoungGen: 134619K->18928K(134656K)] 393285K->311504K(441344K), 0.0350910 secs] [Times: user=0.28 sys=0.00, real=0.04 secs] 
102.761: [Full GC [PSYoungGen: 18928K->0K(134656K)] [ParOldGen: 292576K->131274K(306688K)] 311504K->131274K(441344K) [PSPermGen: 9116K->9116K(21504K)], 0.1409160 secs] [Times: user=1.03 sys=0.00, real=0.14 secs] 
102.902: Total time for which application threads were stopped: 0.1762330 seconds, Stopping threads took: 0.0000860 seconds
102.946: Application time: 0.0441430 seconds
102.946: [GC [PSYoungGen: 115712K->18923K(134656K)] 246986K->165581K(441344K), 0.0201100 secs] [Times: user=0.15 sys=0.00, real=0.02 secs] 
102.966: Total time for which application threads were stopped: 0.0203080 seconds, Stopping threads took: 0.0001120 seconds
103.024: Application time: 0.0577970 seconds
103.024: [GC [PSYoungGen: 134625K->18939K(134656K)] 281283K->181197K(441344K), 0.0250240 secs] [Times: user=0.20 sys=0.00, real=0.02 secs] 
103.050: Total time for which application threads were stopped: 0.0252340 seconds, Stopping threads took: 0.0001120 seconds
103.102: Application time: 0.0520780 seconds
103.104: [GC [PSYoungGen: 134651K->18912K(134656K)] 296909K->199068K(441344K), 0.0268350 secs] [Times: user=0.20 sys=0.00, real=0.02 secs] 
103.131: Total time for which application threads were stopped: 0.0289250 seconds, Stopping threads took: 0.0020040 seconds
103.183: Application time: 0.0526740 seconds
103.183: [GC [PSYoungGen: 134624K->18928K(134656K)] 314780K->218235K(441344K), 0.0266270 secs] [Times: user=0.21 sys=0.00, real=0.02 secs] 
103.210: Total time for which application threads were stopped: 0.0268060 seconds, Stopping threads took: 0.0000910 seconds
103.256: Application time: 0.0457850 seconds
103.256: [GC [PSYoungGen: 134640K->18912K(134656K)] 333947K->241427K(441344K), 0.0294870 secs] [Times: user=0.23 sys=0.00, real=0.03 secs] 
103.285: Total time for which application threads were stopped: 0.0296620 seconds, Stopping threads took: 0.0000880 seconds
103.344: Application time: 0.0585510 seconds
103.344: [GC [PSYoungGen: 134624K->18912K(134656K)] 357139K->258303K(441344K), 0.0299300 secs] [Times: user=0.23 sys=0.00, real=0.03 secs] 
103.374: Total time for which application threads were stopped: 0.0300780 seconds, Stopping threads took: 0.0000660 seconds
103.422: Application time: 0.0475750 seconds
103.422: [GC [PSYoungGen: 134624K->18912K(134656K)] 374015K->279001K(441344K), 0.0286810 secs] [Times: user=0.23 sys=0.00, real=0.02 secs] 
103.451: Total time for which application threads were stopped: 0.0288710 seconds, Stopping threads took: 0.0001020 seconds
103.487: Application time: 0.0360950 seconds
103.487: [GC [PSYoungGen: 134624K->18928K(134656K)] 394713K->314051K(441344K), 0.0363020 secs] [Times: user=0.25 sys=0.00, real=0.04 secs] 
103.523: [Full GC [PSYoungGen: 18928K->0K(134656K)] [ParOldGen: 295123K->131020K(306688K)] 314051K->131020K(441344K) [PSPermGen: 9117K->9117K(21504K)], 0.1367270 secs] [Times: user=1.01 sys=0.00, real=0.14 secs] 
103.660: Total time for which application threads were stopped: 0.1732710 seconds, Stopping threads took: 0.0000940 seconds
103.701: Application time: 0.0414620 seconds
103.702: [GC [PSYoungGen: 115712K->18912K(134656K)] 246732K->164711K(441344K), 0.0196120 secs] [Times: user=0.16 sys=0.00, real=0.02 secs] 
103.721: Total time for which application threads were stopped: 0.0198130 seconds, Stopping threads took: 0.0001090 seconds
103.778: Application time: 0.0568580 seconds
103.778: [GC [PSYoungGen: 134624K->18928K(134656K)] 280423K->180653K(441344K), 0.0239910 secs] [Times: user=0.19 sys=0.00, real=0.03 secs] 
103.802: Total time for which application threads were stopped: 0.0241580 seconds, Stopping threads took: 0.0000830 seconds
103.854: Application time: 0.0517110 seconds
103.854: [GC [PSYoungGen: 134640K->18912K(134656K)] 296365K->198512K(441344K), 0.0258750 secs] [Times: user=0.20 sys=0.00, real=0.03 secs] 
103.880: Total time for which application threads were stopped: 0.0260490 seconds, Stopping threads took: 0.0000880 seconds
103.935: Application time: 0.0548510 seconds
103.935: [GC [PSYoungGen: 134624K->18912K(134656K)] 314224K->216354K(441344K), 0.0286700 secs] [Times: user=0.22 sys=0.00, real=0.03 secs] 
103.964: Total time for which application threads were stopped: 0.0288460 seconds, Stopping threads took: 0.0000890 seconds
104.011: Application time: 0.0477200 seconds
104.012: [GC [PSYoungGen: 134624K->18912K(134656K)] 332066K->237770K(441344K), 0.0300070 secs] [Times: user=0.23 sys=0.00, real=0.03 secs] 
104.042: Total time for which application threads were stopped: 0.0301810 seconds, Stopping threads took: 0.0000780 seconds
104.097: Application time: 0.0556730 seconds
104.097: [GC [PSYoungGen: 134624K->18928K(134656K)] 353482K->257569K(441344K), 0.0348770 secs] [Times: user=0.27 sys=0.00, real=0.04 secs] 
104.132: Total time for which application threads were stopped: 0.0350380 seconds, Stopping threads took: 0.0000760 seconds
104.181: Application time: 0.0487610 seconds
104.181: [GC [PSYoungGen: 134640K->18912K(134656K)] 373281K->278391K(441344K), 0.0310570 secs] [Times: user=0.25 sys=0.00, real=0.03 secs] 
104.212: Total time for which application threads were stopped: 0.0312270 seconds, Stopping threads took: 0.0000830 seconds
104.248: Application time: 0.0358660 seconds
104.252: [GC [PSYoungGen: 134624K->18912K(134656K)] 394103K->311664K(441344K), 0.0360970 secs] [Times: user=0.28 sys=0.00, real=0.03 secs] 
104.288: [Full GC [PSYoungGen: 18912K->0K(134656K)] [ParOldGen: 292751K->131077K(306688K)] 311664K->131077K(441344K) [PSPermGen: 9117K->9117K(21504K)], 0.1377470 secs] [Times: user=1.02 sys=0.00, real=0.14 secs] 
104.426: Total time for which application threads were stopped: 0.1774080 seconds, Stopping threads took: 0.0034080 seconds
104.467: Application time: 0.0416730 seconds
104.469: [GC [PSYoungGen: 115712K->18930K(134656K)] 246789K->166218K(441344K), 0.0200370 secs] [Times: user=0.16 sys=0.00, real=0.02 secs] 
104.489: Total time for which application threads were stopped: 0.0213570 seconds, Stopping threads took: 0.0012350 seconds
104.545: Application time: 0.0565680 seconds
104.545: [GC [PSYoungGen: 134642K->18914K(134656K)] 281930K->181998K(441344K), 0.0235890 secs] [Times: user=0.18 sys=0.00, real=0.02 secs] 
104.569: Total time for which application threads were stopped: 0.0237490 seconds, Stopping threads took: 0.0000790 seconds
104.621: Application time: 0.0519320 seconds
104.621: [GC [PSYoungGen: 134626K->18928K(134656K)] 297710K->199239K(441344K), 0.0243370 secs] [Times: user=0.19 sys=0.01, real=0.02 secs] 
104.645: Total time for which application threads were stopped: 0.0244900 seconds, Stopping threads took: 0.0000650 seconds
104.701: Application time: 0.0559940 seconds
104.701: [GC [PSYoungGen: 134640K->18928K(134656K)] 314951K->214723K(441344K), 0.0261810 secs] [Times: user=0.19 sys=0.00, real=0.02 secs] 
104.728: Total time for which application threads were stopped: 0.0263580 seconds, Stopping threads took: 0.0000950 seconds
104.774: Application time: 0.0461570 seconds
104.774: [GC [PSYoungGen: 134640K->18928K(134656K)] 330435K->236644K(441344K), 0.0277300 secs] [Times: user=0.22 sys=0.00, real=0.03 secs] 
104.802: Total time for which application threads were stopped: 0.0279080 seconds, Stopping threads took: 0.0000790 seconds
104.857: Application time: 0.0548780 seconds
104.860: [GC [PSYoungGen: 134640K->18928K(134656K)] 352356K->257836K(441344K), 0.0316940 secs] [Times: user=0.25 sys=0.00, real=0.02 secs] 
104.891: Total time for which application threads were stopped: 0.0346850 seconds, Stopping threads took: 0.0029050 seconds
104.940: Application time: 0.0484570 seconds
104.943: [GC [PSYoungGen: 134479K->18928K(134656K)] 373387K->279656K(441344K), 0.0291390 secs] [Times: user=0.23 sys=0.00, real=0.03 secs] 
104.972: Total time for which application threads were stopped: 0.0319080 seconds, Stopping threads took: 0.0026820 seconds
105.010: Application time: 0.0380630 seconds
105.010: [GC [PSYoungGen: 134640K->18912K(134656K)] 395368K->312876K(441344K), 0.0341620 secs] [Times: user=0.27 sys=0.00, real=0.04 secs] 
105.044: [Full GC [PSYoungGen: 18912K->0K(134656K)] [ParOldGen: 293964K->132936K(306688K)] 312876K->132936K(441344K) [PSPermGen: 9117K->9117K(21504K)], 0.1419880 secs] [Times: user=1.04 sys=0.00, real=0.14 secs] 
105.186: Total time for which application threads were stopped: 0.1764100 seconds, Stopping threads took: 0.0001040 seconds
105.228: Application time: 0.0422140 seconds
105.229: [GC [PSYoungGen: 115712K->18914K(134656K)] 248648K->166881K(441344K), 0.0196740 secs] [Times: user=0.15 sys=0.00, real=0.02 secs] 
105.248: Total time for which application threads were stopped: 0.0198420 seconds, Stopping threads took: 0.0000840 seconds
105.305: Application time: 0.0565440 seconds
105.305: [GC [PSYoungGen: 134626K->18912K(134656K)] 282593K->182042K(441344K), 0.0232450 secs] [Times: user=0.18 sys=0.00, real=0.02 secs] 
105.328: Total time for which application threads were stopped: 0.0234170 seconds, Stopping threads took: 0.0000770 seconds
105.381: Application time: 0.0532200 seconds
105.382: [GC [PSYoungGen: 134624K->18928K(134656K)] 297754K->199287K(441344K), 0.0260720 secs] [Times: user=0.21 sys=0.00, real=0.02 secs] 
105.408: Total time for which application threads were stopped: 0.0262300 seconds, Stopping threads took: 0.0000700 seconds
105.465: Application time: 0.0575410 seconds
105.465: [GC [PSYoungGen: 134640K->18912K(134656K)] 314999K->214915K(441344K), 0.0278110 secs] [Times: user=0.21 sys=0.00, real=0.03 secs] 
105.493: Total time for which application threads were stopped: 0.0279630 seconds, Stopping threads took: 0.0000680 seconds
105.540: Application time: 0.0465390 seconds
105.540: [GC [PSYoungGen: 134624K->18928K(134656K)] 330627K->236409K(441344K), 0.0286980 secs] [Times: user=0.22 sys=0.00, real=0.02 secs] 
105.569: Total time for which application threads were stopped: 0.0288450 seconds, Stopping threads took: 0.0000560 seconds
105.624: Application time: 0.0554460 seconds
105.624: [GC [PSYoungGen: 134640K->18912K(134656K)] 352121K->258804K(441344K), 0.0403110 secs] [Times: user=0.30 sys=0.00, real=0.04 secs] 
105.664: Total time for which application threads were stopped: 0.0404660 seconds, Stopping threads took: 0.0000790 seconds
105.711: Application time: 0.0466670 seconds
105.711: [GC [PSYoungGen: 134624K->18912K(134656K)] 374516K->281537K(441344K), 0.0302030 secs] [Times: user=0.24 sys=0.00, real=0.04 secs] 
105.742: Total time for which application threads were stopped: 0.0304130 seconds, Stopping threads took: 0.0001210 seconds
105.785: Application time: 0.0435820 seconds
105.788: [GC [PSYoungGen: 134624K->18912K(134656K)] 397249K->311502K(441344K), 0.0348300 secs] [Times: user=0.27 sys=0.00, real=0.04 secs] 
105.822: [Full GC [PSYoungGen: 18912K->0K(134656K)] [ParOldGen: 292590K->135351K(306688K)] 311502K->135351K(441344K) [PSPermGen: 9117K->9117K(21504K)], 0.1468700 secs] [Times: user=1.09 sys=0.00, real=0.14 secs] 
105.969: Total time for which application threads were stopped: 0.1842870 seconds, Stopping threads took: 0.0024100 seconds
106.014: Application time: 0.0441480 seconds
106.016: [GC [PSYoungGen: 115712K->18912K(134656K)] 251063K->168829K(441344K), 0.0190770 secs] [Times: user=0.15 sys=0.00, real=0.02 secs] 
106.035: Total time for which application threads were stopped: 0.0211370 seconds, Stopping threads took: 0.0019620 seconds
106.090: Application time: 0.0556280 seconds
106.091: [GC [PSYoungGen: 134624K->18928K(134656K)] 284541K->188007K(441344K), 0.0254520 secs] [Times: user=0.20 sys=0.00, real=0.03 secs] 
106.116: Total time for which application threads were stopped: 0.0256440 seconds, Stopping threads took: 0.0001080 seconds
106.170: Application time: 0.0540260 seconds
106.170: [GC [PSYoungGen: 134640K->18912K(134656K)] 303719K->204203K(441344K), 0.0247940 secs] [Times: user=0.19 sys=0.00, real=0.03 secs] 
106.195: Total time for which application threads were stopped: 0.0249590 seconds, Stopping threads took: 0.0000770 seconds
106.253: Application time: 0.0575530 seconds
106.253: [GC [PSYoungGen: 134624K->18928K(134656K)] 319915K->219734K(441344K), 0.0264370 secs] [Times: user=0.21 sys=0.00, real=0.02 secs] 
106.279: Total time for which application threads were stopped: 0.0265920 seconds, Stopping threads took: 0.0000720 seconds
106.323: Application time: 0.0437550 seconds
106.323: [GC [PSYoungGen: 134640K->18912K(134656K)] 335446K->243511K(441344K), 0.0275470 secs] [Times: user=0.22 sys=0.00, real=0.02 secs] 
106.351: Total time for which application threads were stopped: 0.0277390 seconds, Stopping threads took: 0.0001030 seconds
106.405: Application time: 0.0539250 seconds
106.408: [GC [PSYoungGen: 134624K->18928K(134656K)] 359223K->266004K(441344K), 0.0318850 secs] [Times: user=0.24 sys=0.01, real=0.04 secs] 
106.440: Total time for which application threads were stopped: 0.0349830 seconds, Stopping threads took: 0.0030020 seconds
106.483: Application time: 0.0433720 seconds
106.483: [GC [PSYoungGen: 134640K->18912K(134656K)] 381716K->291767K(441344K), 0.0299770 secs] [Times: user=0.24 sys=0.00, real=0.03 secs] 
106.513: Total time for which application threads were stopped: 0.0301740 seconds, Stopping threads took: 0.0001060 seconds
106.560: Application time: 0.0471990 seconds
106.560: [GC [PSYoungGen: 134624K->18912K(134656K)] 407479K->321099K(441344K), 0.0346790 secs] [Times: user=0.27 sys=0.00, real=0.03 secs] 
106.595: [Full GC [PSYoungGen: 18912K->0K(134656K)] [ParOldGen: 302187K->138735K(306688K)] 321099K->138735K(441344K) [PSPermGen: 9117K->9117K(21504K)], 0.1584970 secs] [Times: user=1.18 sys=0.00, real=0.16 secs] 
106.754: Total time for which application threads were stopped: 0.1934140 seconds, Stopping threads took: 0.0000780 seconds
106.800: Application time: 0.0467690 seconds
106.801: [GC [PSYoungGen: 115712K->18935K(134656K)] 254447K->164728K(441344K), 0.0150240 secs] [Times: user=0.12 sys=0.00, real=0.01 secs] 
106.816: Total time for which application threads were stopped: 0.0152160 seconds, Stopping threads took: 0.0001000 seconds
106.868: Application time: 0.0520610 seconds
106.868: [GC [PSYoungGen: 134647K->18912K(134656K)] 280440K->185639K(441344K), 0.0247940 secs] [Times: user=0.20 sys=0.00, real=0.03 secs] 
106.893: Total time for which application threads were stopped: 0.0249540 seconds, Stopping threads took: 0.0000720 seconds
106.950: Application time: 0.0574550 seconds
106.950: [GC [PSYoungGen: 134624K->18928K(134656K)] 301351K->201026K(441344K), 0.0251580 secs] [Times: user=0.19 sys=0.00, real=0.03 secs] 
106.976: Total time for which application threads were stopped: 0.0253510 seconds, Stopping threads took: 0.0000960 seconds
107.030: Application time: 0.0547700 seconds
107.030: [GC [PSYoungGen: 134640K->18912K(134656K)] 316738K->218260K(441344K), 0.0259530 secs] [Times: user=0.21 sys=0.00, real=0.03 secs] 
107.056: Total time for which application threads were stopped: 0.0261270 seconds, Stopping threads took: 0.0000890 seconds
107.100: Application time: 0.0435140 seconds
107.100: [GC [PSYoungGen: 134624K->18912K(134656K)] 333972K->243444K(441344K), 0.0285830 secs] [Times: user=0.22 sys=0.00, real=0.02 secs] 
107.129: Total time for which application threads were stopped: 0.0287410 seconds, Stopping threads took: 0.0000590 seconds
107.185: Application time: 0.0562080 seconds
107.185: [GC [PSYoungGen: 134624K->18912K(134656K)] 359156K->264025K(441344K), 0.0302020 secs] [Times: user=0.24 sys=0.00, real=0.03 secs] 
107.215: Total time for which application threads were stopped: 0.0303740 seconds, Stopping threads took: 0.0000880 seconds
107.260: Application time: 0.0445170 seconds
107.260: [GC [PSYoungGen: 134624K->18928K(134656K)] 379737K->288921K(441344K), 0.0283650 secs] [Times: user=0.22 sys=0.00, real=0.02 secs] 
107.288: Total time for which application threads were stopped: 0.0285220 seconds, Stopping threads took: 0.0000680 seconds
107.332: Application time: 0.0436380 seconds
107.332: [GC [PSYoungGen: 134640K->18928K(134656K)] 404633K->317516K(441344K), 0.0321900 secs] [Times: user=0.25 sys=0.00, real=0.03 secs] 
107.364: [Full GC [PSYoungGen: 18928K->0K(134656K)] [ParOldGen: 298588K->136476K(306688K)] 317516K->136476K(441344K) [PSPermGen: 9119K->9119K(21504K)], 0.1521350 secs] [Times: user=1.13 sys=0.00, real=0.15 secs] 
107.517: Total time for which application threads were stopped: 0.1845700 seconds, Stopping threads took: 0.0000900 seconds
107.563: Application time: 0.0466290 seconds
107.563: [GC [PSYoungGen: 115712K->18939K(134656K)] 252188K->165515K(441344K), 0.0170720 secs] [Times: user=0.13 sys=0.00, real=0.02 secs] 
107.580: Total time for which application threads were stopped: 0.0172570 seconds, Stopping threads took: 0.0000960 seconds
107.632: Application time: 0.0515250 seconds
107.636: [GC [PSYoungGen: 134651K->18912K(134656K)] 281227K->187146K(441344K), 0.0249910 secs] [Times: user=0.20 sys=0.00, real=0.03 secs] 
107.661: Total time for which application threads were stopped: 0.0286860 seconds, Stopping threads took: 0.0035930 seconds
107.715: Application time: 0.0541970 seconds
107.715: [GC [PSYoungGen: 134624K->18928K(134656K)] 302858K->203760K(441344K), 0.0244760 secs] [Times: user=0.19 sys=0.00, real=0.02 secs] 
107.740: Total time for which application threads were stopped: 0.0246620 seconds, Stopping threads took: 0.0000910 seconds
107.796: Application time: 0.0560670 seconds
107.796: [GC [PSYoungGen: 134640K->18928K(134656K)] 319472K->220232K(441344K), 0.0263770 secs] [Times: user=0.21 sys=0.00, real=0.03 secs] 
107.822: Total time for which application threads were stopped: 0.0265260 seconds, Stopping threads took: 0.0000630 seconds
107.866: Application time: 0.0440460 seconds
107.866: [GC [PSYoungGen: 134640K->18928K(134656K)] 335944K->243848K(441344K), 0.0282640 secs] [Times: user=0.22 sys=0.00, real=0.03 secs] 
107.895: Total time for which application threads were stopped: 0.0284340 seconds, Stopping threads took: 0.0000850 seconds
107.949: Application time: 0.0540610 seconds
107.949: [GC [PSYoungGen: 134640K->18912K(134656K)] 359560K->266131K(441344K), 0.0326180 secs] [Times: user=0.26 sys=0.00, real=0.04 secs] 
107.981: Total time for which application threads were stopped: 0.0327720 seconds, Stopping threads took: 0.0000650 seconds
108.026: Application time: 0.0445180 seconds
108.026: [GC [PSYoungGen: 134624K->18912K(134656K)] 381843K->291129K(441344K), 0.0289250 secs] [Times: user=0.22 sys=0.00, real=0.03 secs] 
108.055: Total time for which application threads were stopped: 0.0290880 seconds, Stopping threads took: 0.0000770 seconds
108.099: Application time: 0.0442150 seconds
108.100: [GC [PSYoungGen: 134624K->18928K(134656K)] 406841K->319454K(441344K), 0.0344330 secs] [Times: user=0.27 sys=0.00, real=0.03 secs] 
108.134: [Full GC [PSYoungGen: 18928K->0K(134656K)] [ParOldGen: 300526K->142227K(306688K)] 319454K->142227K(441344K) [PSPermGen: 9119K->9119K(21504K)], 0.1614820 secs] [Times: user=1.20 sys=0.00, real=0.16 secs] 
108.296: Total time for which application threads were stopped: 0.1963400 seconds, Stopping threads took: 0.0002690 seconds
108.345: Application time: 0.0494260 seconds
108.345: [GC [PSYoungGen: 115712K->18920K(134656K)] 257939K->170048K(441344K), 0.0170690 secs] [Times: user=0.13 sys=0.00, real=0.02 secs] 
108.362: Total time for which application threads were stopped: 0.0172430 seconds, Stopping threads took: 0.0000710 seconds
108.414: Application time: 0.0513850 seconds
108.414: [GC [PSYoungGen: 134632K->18912K(134656K)] 285760K->192219K(441344K), 0.0246070 secs] [Times: user=0.19 sys=0.00, real=0.02 secs] 
108.438: Total time for which application threads were stopped: 0.0247800 seconds, Stopping threads took: 0.0000870 seconds
108.495: Application time: 0.0564270 seconds
108.495: [GC [PSYoungGen: 134624K->18912K(134656K)] 307931K->208638K(441344K), 0.0259940 secs] [Times: user=0.21 sys=0.00, real=0.03 secs] 
108.521: Total time for which application threads were stopped: 0.0261590 seconds, Stopping threads took: 0.0000740 seconds
108.578: Application time: 0.0568200 seconds
108.578: [GC [PSYoungGen: 134624K->18928K(134656K)] 324350K->225060K(441344K), 0.0253840 secs] [Times: user=0.20 sys=0.00, real=0.03 secs] 
108.603: Total time for which application threads were stopped: 0.0255420 seconds, Stopping threads took: 0.0000710 seconds
108.648: Application time: 0.0449330 seconds
108.648: [GC [PSYoungGen: 134640K->18912K(134656K)] 340772K->249187K(441344K), 0.0278090 secs] [Times: user=0.22 sys=0.00, real=0.03 secs] 
108.676: Total time for which application threads were stopped: 0.0279800 seconds, Stopping threads took: 0.0000840 seconds
108.730: Application time: 0.0539490 seconds
108.730: [GC [PSYoungGen: 134624K->18928K(134656K)] 364899K->272172K(441344K), 0.0309130 secs] [Times: user=0.24 sys=0.00, real=0.04 secs] 
108.761: Total time for which application threads were stopped: 0.0310830 seconds, Stopping threads took: 0.0000860 seconds
108.807: Application time: 0.0456440 seconds
108.807: [GC [PSYoungGen: 134640K->18912K(134656K)] 387884K->295285K(441344K), 0.0286020 secs] [Times: user=0.21 sys=0.00, real=0.03 secs] 
108.836: [Full GC [PSYoungGen: 18912K->0K(134656K)] [ParOldGen: 276373K->125177K(306688K)] 295285K->125177K(441344K) [PSPermGen: 9119K->9119K(21504K)], 0.1361290 secs] [Times: user=1.01 sys=0.00, real=0.14 secs] 
108.972: Total time for which application threads were stopped: 0.1649560 seconds, Stopping threads took: 0.0000820 seconds
109.016: Application time: 0.0441380 seconds
109.016: [GC [PSYoungGen: 115712K->18912K(134656K)] 240889K->154276K(441344K), 0.0163770 secs] [Times: user=0.13 sys=0.00, real=0.02 secs] 
109.033: Total time for which application threads were stopped: 0.0165760 seconds, Stopping threads took: 0.0000940 seconds
109.082: Application time: 0.0497010 seconds
109.083: [GC [PSYoungGen: 134624K->18928K(134656K)] 269988K->179951K(441344K), 0.0276060 secs] [Times: user=0.22 sys=0.00, real=0.02 secs] 
109.110: Total time for which application threads were stopped: 0.0277810 seconds, Stopping threads took: 0.0000910 seconds
109.158: Application time: 0.0473800 seconds
109.158: [GC [PSYoungGen: 134640K->18912K(134656K)] 295663K->201828K(441344K), 0.0273420 secs] [Times: user=0.21 sys=0.00, real=0.03 secs] 
109.185: Total time for which application threads were stopped: 0.0275170 seconds, Stopping threads took: 0.0000890 seconds
109.242: Application time: 0.0567170 seconds
109.242: [GC [PSYoungGen: 134624K->18928K(134656K)] 317540K->219304K(441344K), 0.0346020 secs] [Times: user=0.23 sys=0.00, real=0.03 secs] 
109.277: Total time for which application threads were stopped: 0.0347530 seconds, Stopping threads took: 0.0000660 seconds
109.331: Application time: 0.0539710 seconds
109.331: [GC [PSYoungGen: 134640K->18928K(134656K)] 335016K->236226K(441344K), 0.0292510 secs] [Times: user=0.23 sys=0.00, real=0.04 secs] 
109.360: Total time for which application threads were stopped: 0.0294080 seconds, Stopping threads took: 0.0000700 seconds
109.406: Application time: 0.0464320 seconds
109.406: [GC [PSYoungGen: 134640K->18928K(134656K)] 351938K->260735K(441344K), 0.0327940 secs] [Times: user=0.26 sys=0.00, real=0.03 secs] 
109.439: Total time for which application threads were stopped: 0.0329670 seconds, Stopping threads took: 0.0000840 seconds
109.492: Application time: 0.0531310 seconds
109.493: [GC [PSYoungGen: 134640K->18928K(134656K)] 376447K->283641K(441344K), 0.0351920 secs] [Times: user=0.28 sys=0.00, real=0.03 secs] 
109.528: Total time for which application threads were stopped: 0.0353630 seconds, Stopping threads took: 0.0000910 seconds
109.572: Application time: 0.0438700 seconds
109.576: [GC [PSYoungGen: 134640K->18928K(134656K)] 399353K->308751K(441344K), 0.0337810 secs] [Times: user=0.26 sys=0.00, real=0.03 secs] 
109.609: [Full GC [PSYoungGen: 18928K->0K(134656K)] [ParOldGen: 289823K->128501K(306688K)] 308751K->128501K(441344K) [PSPermGen: 9119K->9119K(21504K)], 0.1406330 secs] [Times: user=1.04 sys=0.00, real=0.14 secs] 
109.750: Total time for which application threads were stopped: 0.1784490 seconds, Stopping threads took: 0.0038690 seconds
109.794: Application time: 0.0435020 seconds
109.794: [GC [PSYoungGen: 115712K->18928K(134656K)] 244213K->156753K(441344K), 0.0164460 secs] [Times: user=0.13 sys=0.00, real=0.01 secs] 
109.810: Total time for which application threads were stopped: 0.0166190 seconds, Stopping threads took: 0.0000830 seconds
109.861: Application time: 0.0504020 seconds
109.861: [GC [PSYoungGen: 134542K->18912K(134656K)] 272368K->180521K(441344K), 0.0246020 secs] [Times: user=0.19 sys=0.00, real=0.02 secs] 
109.885: Total time for which application threads were stopped: 0.0247830 seconds, Stopping threads took: 0.0000930 seconds
109.931: Application time: 0.0453830 seconds
109.931: [GC [PSYoungGen: 134624K->18928K(134656K)] 296233K->202935K(441344K), 0.0274080 secs] [Times: user=0.21 sys=0.00, real=0.03 secs] 
109.958: Total time for which application threads were stopped: 0.0275730 seconds, Stopping threads took: 0.0000790 seconds
110.016: Application time: 0.0571860 seconds
110.016: [GC [PSYoungGen: 134500K->18912K(134656K)] 318508K->219351K(441344K), 0.0285760 secs] [Times: user=0.23 sys=0.00, real=0.03 secs] 
110.044: Total time for which application threads were stopped: 0.0287280 seconds, Stopping threads took: 0.0000670 seconds
110.098: Application time: 0.0539190 seconds
110.098: [GC [PSYoungGen: 134624K->18928K(134656K)] 335063K->237050K(441344K), 0.0302960 secs] [Times: user=0.23 sys=0.00, real=0.03 secs] 
110.129: Total time for which application threads were stopped: 0.0304650 seconds, Stopping threads took: 0.0000700 seconds
110.176: Application time: 0.0474990 seconds
110.176: [GC [PSYoungGen: 134640K->18912K(134656K)] 352762K->260425K(441344K), 0.0345560 secs] [Times: user=0.25 sys=0.00, real=0.03 secs] 
110.211: Total time for which application threads were stopped: 0.0347090 seconds, Stopping threads took: 0.0000720 seconds
110.261: Application time: 0.0499150 seconds
110.261: [GC [PSYoungGen: 134624K->18912K(134656K)] 376137K->283364K(441344K), 0.0339360 secs] [Times: user=0.27 sys=0.00, real=0.03 secs] 
110.295: Total time for which application threads were stopped: 0.0340910 seconds, Stopping threads took: 0.0000690 seconds
110.342: Application time: 0.0468540 seconds
110.342: [GC [PSYoungGen: 134624K->18928K(134656K)] 399076K->308365K(441344K), 0.0336890 secs] [Times: user=0.27 sys=0.00, real=0.03 secs] 
110.376: [Full GC [PSYoungGen: 18928K->0K(134656K)] [ParOldGen: 289437K->126053K(306688K)] 308365K->126053K(441344K) [PSPermGen: 9119K->9119K(21504K)], 0.1388730 secs] [Times: user=1.02 sys=0.00, real=0.14 secs] 
110.515: Total time for which application threads were stopped: 0.1727950 seconds, Stopping threads took: 0.0000710 seconds
110.556: Application time: 0.0409710 seconds
110.556: [GC [PSYoungGen: 115712K->18928K(134656K)] 241765K->154348K(441344K), 0.0154160 secs] [Times: user=0.12 sys=0.00, real=0.01 secs] 
110.571: Total time for which application threads were stopped: 0.0155700 seconds, Stopping threads took: 0.0000680 seconds
110.622: Application time: 0.0508800 seconds
110.622: [GC [PSYoungGen: 134640K->18928K(134656K)] 270060K->180214K(441344K), 0.0259570 secs] [Times: user=0.20 sys=0.00, real=0.02 secs] 
110.648: Total time for which application threads were stopped: 0.0261650 seconds, Stopping threads took: 0.0001080 seconds
110.694: Application time: 0.0462070 seconds
110.695: [GC [PSYoungGen: 134640K->18912K(134656K)] 295926K->202305K(441344K), 0.0275210 secs] [Times: user=0.22 sys=0.00, real=0.03 secs] 
110.722: Total time for which application threads were stopped: 0.0277100 seconds, Stopping threads took: 0.0001030 seconds
110.781: Application time: 0.0584870 seconds
110.781: [GC [PSYoungGen: 134403K->18912K(134656K)] 317796K->219339K(441344K), 0.0286050 secs] [Times: user=0.22 sys=0.00, real=0.02 secs] 
110.809: Total time for which application threads were stopped: 0.0287730 seconds, Stopping threads took: 0.0000810 seconds
110.863: Application time: 0.0535810 seconds
110.863: [GC [PSYoungGen: 134624K->18912K(134656K)] 335051K->236751K(441344K), 0.0297200 secs] [Times: user=0.23 sys=0.00, real=0.03 secs] 
110.893: Total time for which application threads were stopped: 0.0298880 seconds, Stopping threads took: 0.0000720 seconds
110.942: Application time: 0.0487220 seconds
110.942: [GC [PSYoungGen: 134624K->18912K(134656K)] 352463K->258508K(441344K), 0.0307230 secs] [Times: user=0.24 sys=0.00, real=0.03 secs] 
110.972: Total time for which application threads were stopped: 0.0309050 seconds, Stopping threads took: 0.0000840 seconds
111.024: Application time: 0.0512150 seconds
111.024: [GC [PSYoungGen: 134624K->18928K(134656K)] 374220K->281738K(441344K), 0.0343380 secs] [Times: user=0.27 sys=0.00, real=0.03 secs] 
111.058: Total time for which application threads were stopped: 0.0345090 seconds, Stopping threads took: 0.0000820 seconds
111.105: Application time: 0.0471530 seconds
111.105: [GC [PSYoungGen: 134640K->18912K(134656K)] 397450K->307658K(441344K), 0.0352250 secs] [Times: user=0.27 sys=0.00, real=0.04 secs] 
111.141: [Full GC [PSYoungGen: 18912K->0K(134656K)] [ParOldGen: 288746K->126319K(306688K)] 307658K->126319K(441344K) [PSPermGen: 9119K->9119K(21504K)], 0.1379430 secs] [Times: user=1.02 sys=0.00, real=0.13 secs] 
111.279: Total time for which application threads were stopped: 0.1733950 seconds, Stopping threads took: 0.0000770 seconds
111.321: Application time: 0.0423110 seconds
111.321: [GC [PSYoungGen: 115712K->18928K(134656K)] 242031K->154966K(441344K), 0.0156940 secs] [Times: user=0.12 sys=0.00, real=0.01 secs] 
111.337: Total time for which application threads were stopped: 0.0158850 seconds, Stopping threads took: 0.0000900 seconds
111.390: Application time: 0.0525440 seconds
111.390: [GC [PSYoungGen: 134640K->18912K(134656K)] 270678K->178194K(441344K), 0.0249420 secs] [Times: user=0.20 sys=0.00, real=0.03 secs] 
111.415: Total time for which application threads were stopped: 0.0250960 seconds, Stopping threads took: 0.0000670 seconds
111.459: Application time: 0.0444840 seconds
111.459: [GC [PSYoungGen: 134624K->18912K(134656K)] 293906K->200513K(441344K), 0.0265530 secs] [Times: user=0.21 sys=0.00, real=0.03 secs] 
111.486: Total time for which application threads were stopped: 0.0267220 seconds, Stopping threads took: 0.0000840 seconds
111.543: Application time: 0.0574980 seconds
111.543: [GC [PSYoungGen: 134624K->18928K(134656K)] 316225K->219787K(441344K), 0.0300570 secs] [Times: user=0.23 sys=0.00, real=0.03 secs] 
111.574: Total time for which application threads were stopped: 0.0302300 seconds, Stopping threads took: 0.0000860 seconds
111.626: Application time: 0.0529090 seconds
111.627: [GC [PSYoungGen: 134633K->18912K(134656K)] 335493K->236567K(441344K), 0.0289990 secs] [Times: user=0.22 sys=0.00, real=0.03 secs] 
111.656: Total time for which application threads were stopped: 0.0291740 seconds, Stopping threads took: 0.0000890 seconds
111.705: Application time: 0.0490750 seconds
111.705: [GC [PSYoungGen: 134613K->18912K(134656K)] 352268K->258268K(441344K), 0.0337510 secs] [Times: user=0.25 sys=0.00, real=0.03 secs] 
111.739: Total time for which application threads were stopped: 0.0339080 seconds, Stopping threads took: 0.0000710 seconds
111.788: Application time: 0.0496130 seconds
111.788: [GC [PSYoungGen: 134624K->18912K(134656K)] 373980K->281123K(441344K), 0.0332840 secs] [Times: user=0.26 sys=0.00, real=0.04 secs] 
111.822: Total time for which application threads were stopped: 0.0334690 seconds, Stopping threads took: 0.0000960 seconds
111.867: Application time: 0.0456840 seconds
111.868: [GC [PSYoungGen: 134624K->18912K(134656K)] 396835K->308687K(441344K), 0.0341060 secs] [Times: user=0.26 sys=0.00, real=0.04 secs] 
111.902: [Full GC [PSYoungGen: 18912K->0K(134656K)] [ParOldGen: 289775K->129961K(306688K)] 308687K->129961K(441344K) [PSPermGen: 9120K->9120K(21504K)], 0.1413550 secs] [Times: user=1.05 sys=0.00, real=0.14 secs] 
112.043: Total time for which application threads were stopped: 0.1757160 seconds, Stopping threads took: 0.0000810 seconds
112.086: Application time: 0.0430700 seconds
112.086: [GC [PSYoungGen: 115712K->18912K(134656K)] 245673K->158682K(441344K), 0.0159900 secs] [Times: user=0.12 sys=0.00, real=0.02 secs] 
112.102: Total time for which application threads were stopped: 0.0161870 seconds, Stopping threads took: 0.0000980 seconds
112.159: Application time: 0.0563830 seconds
112.159: [GC [PSYoungGen: 134624K->18912K(134656K)] 274394K->177614K(441344K), 0.0235250 secs] [Times: user=0.18 sys=0.00, real=0.03 secs] 
112.182: Total time for which application threads were stopped: 0.0236730 seconds, Stopping threads took: 0.0000640 seconds
112.226: Application time: 0.0432620 seconds
112.226: [GC [PSYoungGen: 134624K->18928K(134656K)] 293326K->200584K(441344K), 0.0267590 secs] [Times: user=0.21 sys=0.00, real=0.03 secs] 
112.253: Total time for which application threads were stopped: 0.0269440 seconds, Stopping threads took: 0.0000960 seconds
112.309: Application time: 0.0565740 seconds
112.309: [GC [PSYoungGen: 134640K->18928K(134656K)] 316296K->221177K(441344K), 0.0313450 secs] [Times: user=0.25 sys=0.00, real=0.04 secs] 
112.341: Total time for which application threads were stopped: 0.0315300 seconds, Stopping threads took: 0.0001020 seconds
112.391: Application time: 0.0505090 seconds
112.391: [GC [PSYoungGen: 134640K->18928K(134656K)] 336889K->238346K(441344K), 0.0310510 secs] [Times: user=0.24 sys=0.00, real=0.04 secs] 
112.422: Total time for which application threads were stopped: 0.0312140 seconds, Stopping threads took: 0.0000720 seconds
112.470: Application time: 0.0473890 seconds
112.470: [GC [PSYoungGen: 134640K->18912K(134656K)] 354058K->263331K(441344K), 0.0332650 secs] [Times: user=0.26 sys=0.00, real=0.04 secs] 
112.503: Total time for which application threads were stopped: 0.0334200 seconds, Stopping threads took: 0.0000690 seconds
112.554: Application time: 0.0506750 seconds
112.554: [GC [PSYoungGen: 134624K->18928K(134656K)] 379043K->286045K(441344K), 0.0340600 secs] [Times: user=0.26 sys=0.00, real=0.03 secs] 
112.588: Total time for which application threads were stopped: 0.0342140 seconds, Stopping threads took: 0.0000690 seconds
112.632: Application time: 0.0438150 seconds
112.632: [GC [PSYoungGen: 134519K->18912K(134656K)] 401636K->314094K(441344K), 0.0359150 secs] [Times: user=0.28 sys=0.00, real=0.03 secs] 
112.668: [Full GC [PSYoungGen: 18912K->0K(134656K)] [ParOldGen: 295182K->134189K(306688K)] 314094K->134189K(441344K) [PSPermGen: 9120K->9120K(21504K)], 0.1479050 secs] [Times: user=1.10 sys=0.00, real=0.15 secs] 
112.816: Total time for which application threads were stopped: 0.1840490 seconds, Stopping threads took: 0.0000810 seconds
112.859: Application time: 0.0433230 seconds
112.860: [GC [PSYoungGen: 115712K->18928K(134656K)] 249901K->162558K(441344K), 0.0162220 secs] [Times: user=0.12 sys=0.00, real=0.02 secs] 
112.876: Total time for which application threads were stopped: 0.0163960 seconds, Stopping threads took: 0.0000840 seconds
112.936: Application time: 0.0598420 seconds
112.936: [GC [PSYoungGen: 134640K->18912K(134656K)] 278270K->176592K(441344K), 0.0225810 secs] [Times: user=0.18 sys=0.00, real=0.02 secs] 
112.958: Total time for which application threads were stopped: 0.0227450 seconds, Stopping threads took: 0.0000660 seconds
113.005: Application time: 0.0462680 seconds
113.005: [GC [PSYoungGen: 134624K->18928K(134656K)] 292304K->199511K(441344K), 0.0276360 secs] [Times: user=0.22 sys=0.00, real=0.03 secs] 
113.032: Total time for which application threads were stopped: 0.0278030 seconds, Stopping threads took: 0.0000770 seconds
113.084: Application time: 0.0518880 seconds
113.084: [GC [PSYoungGen: 134640K->18928K(134656K)] 315223K->222590K(441344K), 0.0325740 secs] [Times: user=0.26 sys=0.00, real=0.03 secs] 
113.117: Total time for which application threads were stopped: 0.0327460 seconds, Stopping threads took: 0.0000890 seconds
113.165: Application time: 0.0484070 seconds
113.166: [GC [PSYoungGen: 134627K->18912K(134656K)] 338290K->240597K(441344K), 0.0283460 secs] [Times: user=0.22 sys=0.00, real=0.03 secs] 
113.194: Total time for which application threads were stopped: 0.0285120 seconds, Stopping threads took: 0.0000800 seconds
113.243: Application time: 0.0492620 seconds
113.243: [GC [PSYoungGen: 134624K->18912K(134656K)] 356309K->266408K(441344K), 0.0331450 secs] [Times: user=0.26 sys=0.00, real=0.03 secs] 
113.277: Total time for which application threads were stopped: 0.0333130 seconds, Stopping threads took: 0.0000810 seconds
113.329: Application time: 0.0525500 seconds
113.329: [GC [PSYoungGen: 134624K->18912K(134656K)] 382120K->288787K(441344K), 0.0332220 secs] [Times: user=0.27 sys=0.00, real=0.04 secs] 
113.363: Total time for which application threads were stopped: 0.0334000 seconds, Stopping threads took: 0.0000890 seconds
113.407: Application time: 0.0448220 seconds
113.408: [GC [PSYoungGen: 134624K->18912K(134656K)] 404499K->316394K(441344K), 0.0347410 secs] [Times: user=0.27 sys=0.00, real=0.04 secs] 
113.442: [Full GC [PSYoungGen: 18912K->0K(134656K)] [ParOldGen: 297481K->133252K(306688K)] 316394K->133252K(441344K) [PSPermGen: 9120K->9120K(21504K)], 0.1461220 secs] [Times: user=1.09 sys=0.00, real=0.14 secs] 
113.589: Total time for which application threads were stopped: 0.1812000 seconds, Stopping threads took: 0.0001850 seconds
113.633: Application time: 0.0448590 seconds
113.634: [GC [PSYoungGen: 115712K->18928K(134656K)] 248964K->161860K(441344K), 0.0170030 secs] [Times: user=0.13 sys=0.00, real=0.01 secs] 
113.651: Total time for which application threads were stopped: 0.0172070 seconds, Stopping threads took: 0.0001040 seconds
113.712: Application time: 0.0611680 seconds
113.712: [GC [PSYoungGen: 134640K->18928K(134656K)] 277572K->175586K(441344K), 0.0225190 secs] [Times: user=0.18 sys=0.00, real=0.02 secs] 
113.735: Total time for which application threads were stopped: 0.0226910 seconds, Stopping threads took: 0.0000830 seconds
113.783: Application time: 0.0483700 seconds
113.783: [GC [PSYoungGen: 134640K->18912K(134656K)] 291298K->197745K(441344K), 0.0278720 secs] [Times: user=0.22 sys=0.00, real=0.02 secs] 
113.811: Total time for which application threads were stopped: 0.0280640 seconds, Stopping threads took: 0.0001000 seconds
113.863: Application time: 0.0523200 seconds
113.863: [GC [PSYoungGen: 134624K->18928K(134656K)] 313457K->220284K(441344K), 0.0320390 secs] [Times: user=0.25 sys=0.00, real=0.03 secs] 
113.895: Total time for which application threads were stopped: 0.0322130 seconds, Stopping threads took: 0.0000880 seconds
113.945: Application time: 0.0498730 seconds
113.946: [GC [PSYoungGen: 134640K->18912K(134656K)] 335996K->239444K(441344K), 0.0308070 secs] [Times: user=0.23 sys=0.00, real=0.03 secs] 
113.976: Total time for which application threads were stopped: 0.0310020 seconds, Stopping threads took: 0.0001080 seconds
114.026: Application time: 0.0491790 seconds
114.026: [GC [PSYoungGen: 134624K->18928K(134656K)] 355156K->263448K(441344K), 0.0340780 secs] [Times: user=0.27 sys=0.00, real=0.04 secs] 
114.060: Total time for which application threads were stopped: 0.0342420 seconds, Stopping threads took: 0.0000760 seconds
114.111: Application time: 0.0516430 seconds
114.112: [GC [PSYoungGen: 134640K->18928K(134656K)] 379160K->287979K(441344K), 0.0354590 secs] [Times: user=0.27 sys=0.00, real=0.03 secs] 
114.147: Total time for which application threads were stopped: 0.0356460 seconds, Stopping threads took: 0.0000970 seconds
114.192: Application time: 0.0452000 seconds
114.192: [GC [PSYoungGen: 134620K->18912K(134656K)] 403671K->314612K(441344K), 0.0353640 secs] [Times: user=0.27 sys=0.00, real=0.03 secs] 
114.228: [Full GC [PSYoungGen: 18912K->0K(134656K)] [ParOldGen: 295699K->132617K(306688K)] 314612K->132617K(441344K) [PSPermGen: 9120K->9120K(21504K)], 0.1453770 secs] [Times: user=1.08 sys=0.00, real=0.15 secs] 
114.373: Total time for which application threads were stopped: 0.1810050 seconds, Stopping threads took: 0.0000990 seconds
114.416: Application time: 0.0430470 seconds
114.416: [GC [PSYoungGen: 115712K->18928K(134656K)] 248329K->160315K(441344K), 0.0154740 secs] [Times: user=0.12 sys=0.00, real=0.02 secs] 
114.432: Total time for which application threads were stopped: 0.0156450 seconds, Stopping threads took: 0.0000820 seconds
114.490: Application time: 0.0584790 seconds
114.491: [GC [PSYoungGen: 134640K->18928K(134656K)] 276027K->176616K(441344K), 0.0235010 secs] [Times: user=0.18 sys=0.00, real=0.03 secs] 
114.514: Total time for which application threads were stopped: 0.0236730 seconds, Stopping threads took: 0.0000920 seconds
114.564: Application time: 0.0498830 seconds
114.564: [GC [PSYoungGen: 134640K->18928K(134656K)] 292328K->195153K(441344K), 0.0260430 secs] [Times: user=0.21 sys=0.00, real=0.02 secs] 
114.590: Total time for which application threads were stopped: 0.0262200 seconds, Stopping threads took: 0.0000890 seconds
114.638: Application time: 0.0477330 seconds
114.638: [GC [PSYoungGen: 134640K->18912K(134656K)] 310865K->219879K(441344K), 0.0315870 secs] [Times: user=0.25 sys=0.00, real=0.03 secs] 
114.670: Total time for which application threads were stopped: 0.0317550 seconds, Stopping threads took: 0.0000810 seconds
114.720: Application time: 0.0498780 seconds
114.724: [GC [PSYoungGen: 134624K->18912K(134656K)] 335591K->241927K(441344K), 0.0351590 secs] [Times: user=0.27 sys=0.00, real=0.03 secs] 
114.759: Total time for which application threads were stopped: 0.0391870 seconds, Stopping threads took: 0.0039350 seconds
114.809: Application time: 0.0506290 seconds
114.810: [GC [PSYoungGen: 134624K->18912K(134656K)] 357639K->262772K(441344K), 0.0313070 secs] [Times: user=0.25 sys=0.00, real=0.04 secs] 
114.841: Total time for which application threads were stopped: 0.0316110 seconds, Stopping threads took: 0.0002200 seconds
114.892: Application time: 0.0505110 seconds
114.896: [GC [PSYoungGen: 134624K->18928K(134656K)] 378484K->286340K(441344K), 0.0323800 secs] [Times: user=0.25 sys=0.01, real=0.03 secs] 
114.928: Total time for which application threads were stopped: 0.0364550 seconds, Stopping threads took: 0.0039880 seconds
114.971: Application time: 0.0426690 seconds
114.971: [GC [PSYoungGen: 134640K->18912K(134656K)] 402052K->316295K(441344K), 0.0362320 secs] [Times: user=0.28 sys=0.00, real=0.04 secs] 
115.007: [Full GC [PSYoungGen: 18912K->0K(134656K)] [ParOldGen: 297383K->134912K(306688K)] 316295K->134912K(441344K) [PSPermGen: 9121K->9121K(21504K)], 0.1506720 secs] [Times: user=1.12 sys=0.00, real=0.15 secs] 
115.158: Total time for which application threads were stopped: 0.1871520 seconds, Stopping threads took: 0.0001000 seconds
115.204: Application time: 0.0458350 seconds
115.204: [GC [PSYoungGen: 115712K->18928K(134656K)] 250624K->163747K(441344K), 0.0175950 secs] [Times: user=0.14 sys=0.00, real=0.02 secs] 
115.221: Total time for which application threads were stopped: 0.0177870 seconds, Stopping threads took: 0.0001000 seconds
115.282: Application time: 0.0600500 seconds
115.282: [GC [PSYoungGen: 134640K->18912K(134656K)] 279459K->177305K(441344K), 0.0225110 secs] [Times: user=0.18 sys=0.00, real=0.02 secs] 
115.304: Total time for which application threads were stopped: 0.0226920 seconds, Stopping threads took: 0.0000810 seconds
115.357: Application time: 0.0531070 seconds
115.357: [GC [PSYoungGen: 134624K->18912K(134656K)] 293017K->193923K(441344K), 0.0259300 secs] [Times: user=0.21 sys=0.00, real=0.03 secs] 
115.383: Total time for which application threads were stopped: 0.0260870 seconds, Stopping threads took: 0.0000660 seconds
115.428: Application time: 0.0444200 seconds
115.428: [GC [PSYoungGen: 134251K->18928K(134656K)] 309262K->219939K(441344K), 0.0305400 secs] [Times: user=0.24 sys=0.00, real=0.03 secs] 
115.459: Total time for which application threads were stopped: 0.0307010 seconds, Stopping threads took: 0.0000740 seconds
115.510: Application time: 0.0519080 seconds
115.512: [GC [PSYoungGen: 134640K->18912K(134656K)] 335651K->243903K(441344K), 0.0331930 secs] [Times: user=0.26 sys=0.00, real=0.03 secs] 
115.545: Total time for which application threads were stopped: 0.0344000 seconds, Stopping threads took: 0.0011220 seconds
115.596: Application time: 0.0508780 seconds
115.596: [GC [PSYoungGen: 134624K->18928K(134656K)] 359615K->262832K(441344K), 0.0289460 secs] [Times: user=0.23 sys=0.00, real=0.03 secs] 
115.625: Total time for which application threads were stopped: 0.0291110 seconds, Stopping threads took: 0.0000680 seconds
115.675: Application time: 0.0505450 seconds
115.676: [GC [PSYoungGen: 134640K->18912K(134656K)] 378544K->286596K(441344K), 0.0320820 secs] [Times: user=0.25 sys=0.00, real=0.03 secs] 
115.708: Total time for which application threads were stopped: 0.0322350 seconds, Stopping threads took: 0.0000620 seconds
115.753: Application time: 0.0452490 seconds
115.756: [GC [PSYoungGen: 134624K->18928K(134656K)] 402308K->314410K(441344K), 0.0335210 secs] [Times: user=0.27 sys=0.00, real=0.03 secs] 
115.789: [Full GC [PSYoungGen: 18928K->0K(134656K)] [ParOldGen: 295482K->129973K(306688K)] 314410K->129973K(441344K) [PSPermGen: 9121K->9121K(21504K)], 0.1397930 secs] [Times: user=1.04 sys=0.00, real=0.14 secs] 
115.929: Total time for which application threads were stopped: 0.1761210 seconds, Stopping threads took: 0.0026520 seconds
115.972: Application time: 0.0429160 seconds
115.972: [GC [PSYoungGen: 115712K->18938K(134656K)] 245685K->158208K(441344K), 0.0156330 secs] [Times: user=0.12 sys=0.00, real=0.01 secs] 
115.988: Total time for which application threads were stopped: 0.0158380 seconds, Stopping threads took: 0.0001070 seconds
116.045: Application time: 0.0575500 seconds
116.045: [GC [PSYoungGen: 134650K->18928K(134656K)] 273920K->175166K(441344K), 0.0230000 secs] [Times: user=0.18 sys=0.00, real=0.02 secs] 
116.068: Total time for which application threads were stopped: 0.0231460 seconds, Stopping threads took: 0.0000600 seconds
116.122: Application time: 0.0539340 seconds
116.123: [GC [PSYoungGen: 134640K->18928K(134656K)] 290878K->190674K(441344K), 0.0244620 secs] [Times: user=0.19 sys=0.00, real=0.02 secs] 
116.147: Total time for which application threads were stopped: 0.0246210 seconds, Stopping threads took: 0.0000720 seconds
116.189: Application time: 0.0422370 seconds
116.189: [GC [PSYoungGen: 134640K->18928K(134656K)] 306386K->218455K(441344K), 0.0309690 secs] [Times: user=0.24 sys=0.00, real=0.04 secs] 
116.220: Total time for which application threads were stopped: 0.0311500 seconds, Stopping threads took: 0.0000930 seconds
116.276: Application time: 0.0556540 seconds
116.276: [GC [PSYoungGen: 134640K->18912K(134656K)] 334167K->243713K(441344K), 0.0352390 secs] [Times: user=0.28 sys=0.00, real=0.03 secs] 
116.311: Total time for which application threads were stopped: 0.0353970 seconds, Stopping threads took: 0.0000710 seconds
116.365: Application time: 0.0530510 seconds
116.365: [GC [PSYoungGen: 134624K->18912K(134656K)] 359425K->260088K(441344K), 0.0288750 secs] [Times: user=0.23 sys=0.00, real=0.03 secs] 
116.394: Total time for which application threads were stopped: 0.0290640 seconds, Stopping threads took: 0.0001010 seconds
116.444: Application time: 0.0507480 seconds
116.444: [GC [PSYoungGen: 134624K->18912K(134656K)] 375800K->284061K(441344K), 0.0323590 secs] [Times: user=0.25 sys=0.00, real=0.03 secs] 
116.477: Total time for which application threads were stopped: 0.0325060 seconds, Stopping threads took: 0.0000610 seconds
116.521: Application time: 0.0438810 seconds
116.521: [GC [PSYoungGen: 134493K->18928K(134656K)] 399642K->310969K(441344K), 0.0330990 secs] [Times: user=0.27 sys=0.00, real=0.03 secs] 
116.554: [Full GC [PSYoungGen: 18928K->0K(134656K)] [ParOldGen: 292041K->134584K(306688K)] 310969K->134584K(441344K) [PSPermGen: 9121K->9121K(21504K)], 0.1492290 secs] [Times: user=1.11 sys=0.00, real=0.15 secs] 
116.703: Total time for which application threads were stopped: 0.1825740 seconds, Stopping threads took: 0.0000820 seconds
116.747: Application time: 0.0438080 seconds
116.747: [GC [PSYoungGen: 115712K->18937K(134656K)] 250296K->163608K(441344K), 0.0164930 secs] [Times: user=0.12 sys=0.00, real=0.02 secs] 
116.764: Total time for which application threads were stopped: 0.0166740 seconds, Stopping threads took: 0.0000920 seconds
116.820: Application time: 0.0558940 seconds
116.820: [GC [PSYoungGen: 134649K->18928K(134656K)] 279320K->179912K(441344K), 0.0227190 secs] [Times: user=0.18 sys=0.00, real=0.02 secs] 
116.843: Total time for which application threads were stopped: 0.0229240 seconds, Stopping threads took: 0.0001070 seconds
116.896: Application time: 0.0533170 seconds
116.896: [GC [PSYoungGen: 134640K->18912K(134656K)] 295624K->196651K(441344K), 0.0237600 secs] [Times: user=0.19 sys=0.00, real=0.03 secs] 
116.920: Total time for which application threads were stopped: 0.0239300 seconds, Stopping threads took: 0.0000830 seconds
116.963: Application time: 0.0429660 seconds
116.963: [GC [PSYoungGen: 134624K->18928K(134656K)] 312363K->222498K(441344K), 0.0297150 secs] [Times: user=0.23 sys=0.00, real=0.03 secs] 
116.993: Total time for which application threads were stopped: 0.0298900 seconds, Stopping threads took: 0.0000870 seconds
117.045: Application time: 0.0521780 seconds
117.045: [GC [PSYoungGen: 134640K->18928K(134656K)] 338210K->246249K(441344K), 0.0328250 secs] [Times: user=0.26 sys=0.00, real=0.03 secs] 
117.078: Total time for which application threads were stopped: 0.0330620 seconds, Stopping threads took: 0.0001390 seconds
117.132: Application time: 0.0535790 seconds
117.132: [GC [PSYoungGen: 134640K->18912K(134656K)] 361961K->266736K(441344K), 0.0309460 secs] [Times: user=0.25 sys=0.00, real=0.03 secs] 
117.163: Total time for which application threads were stopped: 0.0311270 seconds, Stopping threads took: 0.0000930 seconds
117.217: Application time: 0.0543550 seconds
117.217: [GC [PSYoungGen: 134624K->18928K(134656K)] 382448K->287177K(441344K), 0.0313890 secs] [Times: user=0.25 sys=0.00, real=0.03 secs] 
117.249: Total time for which application threads were stopped: 0.0315540 seconds, Stopping threads took: 0.0000800 seconds
117.292: Application time: 0.0432860 seconds
117.292: [GC [PSYoungGen: 134640K->18928K(134656K)] 402889K->315683K(441344K), 0.0331140 secs] [Times: user=0.26 sys=0.00, real=0.03 secs] 
117.325: [Full GC [PSYoungGen: 18928K->0K(134656K)] [ParOldGen: 296755K->134253K(306688K)] 315683K->134253K(441344K) [PSPermGen: 9121K->9121K(21504K)], 0.1478160 secs] [Times: user=1.07 sys=0.00, real=0.15 secs] 
117.473: Total time for which application threads were stopped: 0.1811550 seconds, Stopping threads took: 0.0000850 seconds
117.517: Application time: 0.0443850 seconds
117.518: [GC [PSYoungGen: 115669K->18937K(134656K)] 249922K->164285K(441344K), 0.0174250 secs] [Times: user=0.13 sys=0.00, real=0.02 secs] 
117.535: Total time for which application threads were stopped: 0.0176150 seconds, Stopping threads took: 0.0001010 seconds
117.593: Application time: 0.0579110 seconds
117.593: [GC [PSYoungGen: 134649K->18912K(134656K)] 279997K->180315K(441344K), 0.0247780 secs] [Times: user=0.19 sys=0.00, real=0.02 secs] 
117.618: Total time for which application threads were stopped: 0.0249540 seconds, Stopping threads took: 0.0000750 seconds
117.676: Application time: 0.0577250 seconds
117.676: [GC [PSYoungGen: 134624K->18912K(134656K)] 296027K->194397K(441344K), 0.0252510 secs] [Times: user=0.20 sys=0.00, real=0.03 secs] 
117.701: Total time for which application threads were stopped: 0.0254230 seconds, Stopping threads took: 0.0000840 seconds
117.746: Application time: 0.0446560 seconds
117.746: [GC [PSYoungGen: 134624K->18928K(134656K)] 310109K->220969K(441344K), 0.0362780 secs] [Times: user=0.28 sys=0.00, real=0.04 secs] 
117.782: Total time for which application threads were stopped: 0.0364590 seconds, Stopping threads took: 0.0001010 seconds
117.832: Application time: 0.0496570 seconds
117.832: [GC [PSYoungGen: 134640K->18928K(134656K)] 336681K->245661K(441344K), 0.0331710 secs] [Times: user=0.26 sys=0.00, real=0.03 secs] 
117.865: Total time for which application threads were stopped: 0.0333630 seconds, Stopping threads took: 0.0001090 seconds
117.916: Application time: 0.0510430 seconds
117.916: [GC [PSYoungGen: 134640K->18912K(134656K)] 361373K->266382K(441344K), 0.0332870 secs] [Times: user=0.25 sys=0.00, real=0.03 secs] 
117.950: Total time for which application threads were stopped: 0.0334540 seconds, Stopping threads took: 0.0000760 seconds
118.004: Application time: 0.0538110 seconds
118.004: [GC [PSYoungGen: 134624K->18912K(134656K)] 382094K->286141K(441344K), 0.0327520 secs] [Times: user=0.26 sys=0.00, real=0.03 secs] 
118.036: Total time for which application threads were stopped: 0.0329130 seconds, Stopping threads took: 0.0000740 seconds
118.078: Application time: 0.0412720 seconds
118.078: [GC [PSYoungGen: 134624K->18928K(134656K)] 401853K->313511K(441344K), 0.0347760 secs] [Times: user=0.27 sys=0.00, real=0.04 secs] 
118.113: [Full GC [PSYoungGen: 18928K->0K(134656K)] [ParOldGen: 294582K->133119K(306688K)] 313511K->133119K(441344K) [PSPermGen: 9121K->9121K(21504K)], 0.1428900 secs] [Times: user=1.05 sys=0.00, real=0.14 secs] 
118.256: Total time for which application threads were stopped: 0.1779080 seconds, Stopping threads took: 0.0000950 seconds
118.301: Application time: 0.0456980 seconds
118.301: [GC [PSYoungGen: 115712K->18928K(134656K)] 248831K->165315K(441344K), 0.0191830 secs] [Times: user=0.15 sys=0.00, real=0.02 secs] 
118.321: Total time for which application threads were stopped: 0.0193760 seconds, Stopping threads took: 0.0000910 seconds
118.376: Application time: 0.0549420 seconds
118.376: [GC [PSYoungGen: 134640K->18928K(134656K)] 281027K->183142K(441344K), 0.0242990 secs] [Times: user=0.19 sys=0.00, real=0.03 secs] 
118.400: Total time for which application threads were stopped: 0.0244870 seconds, Stopping threads took: 0.0001060 seconds
118.455: Application time: 0.0545900 seconds
118.455: [GC [PSYoungGen: 134640K->18912K(134656K)] 298854K->198993K(441344K), 0.0245120 secs] [Times: user=0.19 sys=0.00, real=0.02 secs] 
118.479: Total time for which application threads were stopped: 0.0246990 seconds, Stopping threads took: 0.0001000 seconds
118.526: Application time: 0.0461920 seconds
118.526: [GC [PSYoungGen: 134624K->18912K(134656K)] 314705K->224190K(441344K), 0.0296150 secs] [Times: user=0.23 sys=0.01, real=0.03 secs] 
118.555: Total time for which application threads were stopped: 0.0297700 seconds, Stopping threads took: 0.0000680 seconds
118.605: Application time: 0.0499830 seconds
118.606: [GC [PSYoungGen: 134624K->18912K(134656K)] 339902K->247389K(441344K), 0.0299060 secs] [Times: user=0.24 sys=0.00, real=0.03 secs] 
118.635: Total time for which application threads were stopped: 0.0300920 seconds, Stopping threads took: 0.0000980 seconds
118.687: Application time: 0.0515540 seconds
118.687: [GC [PSYoungGen: 134624K->18928K(134656K)] 363101K->268245K(441344K), 0.0295900 secs] [Times: user=0.23 sys=0.00, real=0.03 secs] 
118.717: Total time for which application threads were stopped: 0.0297880 seconds, Stopping threads took: 0.0001060 seconds
118.768: Application time: 0.0512710 seconds
118.768: [GC [PSYoungGen: 134640K->18912K(134656K)] 383957K->288892K(441344K), 0.0298790 secs] [Times: user=0.23 sys=0.00, real=0.03 secs] 
118.798: Total time for which application threads were stopped: 0.0300370 seconds, Stopping threads took: 0.0000680 seconds
118.840: Application time: 0.0415360 seconds
118.840: [GC [PSYoungGen: 134624K->18928K(134656K)] 404604K->318486K(441344K), 0.0326420 secs] [Times: user=0.26 sys=0.00, real=0.03 secs] 
118.873: [Full GC [PSYoungGen: 18928K->0K(134656K)] [ParOldGen: 299558K->137864K(306688K)] 318486K->137864K(441344K) [PSPermGen: 9121K->9121K(21504K)], 0.1508580 secs] [Times: user=1.12 sys=0.00, real=0.15 secs] 
119.023: Total time for which application threads were stopped: 0.1837410 seconds, Stopping threads took: 0.0000750 seconds
119.072: Application time: 0.0488990 seconds
119.072: [GC [PSYoungGen: 115712K->18930K(134656K)] 253576K->166638K(441344K), 0.0191150 secs] [Times: user=0.15 sys=0.00, real=0.02 secs] 
119.092: Total time for which application threads were stopped: 0.0192980 seconds, Stopping threads took: 0.0000960 seconds
119.147: Application time: 0.0557690 seconds
119.148: [GC [PSYoungGen: 134642K->18928K(134656K)] 282350K->184029K(441344K), 0.0237430 secs] [Times: user=0.18 sys=0.00, real=0.02 secs] 
119.171: Total time for which application threads were stopped: 0.0239090 seconds, Stopping threads took: 0.0000720 seconds
119.227: Application time: 0.0553280 seconds
119.227: [GC [PSYoungGen: 134640K->18928K(134656K)] 299741K->201868K(441344K), 0.0260190 secs] [Times: user=0.21 sys=0.00, real=0.03 secs] 
119.253: Total time for which application threads were stopped: 0.0261810 seconds, Stopping threads took: 0.0000730 seconds
119.302: Application time: 0.0490230 seconds
119.302: [GC [PSYoungGen: 134640K->18928K(134656K)] 317580K->224519K(441344K), 0.0277800 secs] [Times: user=0.22 sys=0.00, real=0.02 secs] 
119.330: Total time for which application threads were stopped: 0.0279640 seconds, Stopping threads took: 0.0000990 seconds
119.379: Application time: 0.0488430 seconds
119.379: [GC [PSYoungGen: 134640K->18928K(134656K)] 340231K->248973K(441344K), 0.0308070 secs] [Times: user=0.24 sys=0.00, real=0.03 secs] 
119.410: Total time for which application threads were stopped: 0.0309730 seconds, Stopping threads took: 0.0000620 seconds
119.461: Application time: 0.0509150 seconds
119.461: [GC [PSYoungGen: 134640K->18912K(134656K)] 364685K->271383K(441344K), 0.0304620 secs] [Times: user=0.24 sys=0.00, real=0.02 secs] 
119.491: Total time for which application threads were stopped: 0.0306310 seconds, Stopping threads took: 0.0000810 seconds
119.542: Application time: 0.0510200 seconds
119.542: [GC [PSYoungGen: 134624K->18912K(134656K)] 387095K->292884K(441344K), 0.0300570 secs] [Times: user=0.24 sys=0.00, real=0.03 secs] 
119.572: Total time for which application threads were stopped: 0.0302120 seconds, Stopping threads took: 0.0000690 seconds
119.614: Application time: 0.0414830 seconds
119.616: [GC [PSYoungGen: 134624K->18928K(134656K)] 408596K->319692K(441344K), 0.0319170 secs] [Times: user=0.24 sys=0.00, real=0.03 secs] 
119.648: [Full GC [PSYoungGen: 18928K->0K(134656K)] [ParOldGen: 300764K->136761K(306688K)] 319692K->136761K(441344K) [PSPermGen: 9121K->9121K(21504K)], 0.1488300 secs] [Times: user=1.11 sys=0.00, real=0.15 secs] 
119.796: Total time for which application threads were stopped: 0.1825770 seconds, Stopping threads took: 0.0016720 seconds
119.846: Application time: 0.0493810 seconds
119.846: [GC [PSYoungGen: 115712K->18912K(134656K)] 252473K->166084K(441344K), 0.0191730 secs] [Times: user=0.15 sys=0.00, real=0.02 secs] 
119.865: Total time for which application threads were stopped: 0.0193370 seconds, Stopping threads took: 0.0000770 seconds
119.920: Application time: 0.0546020 seconds
119.920: [GC [PSYoungGen: 134624K->18928K(134656K)] 281796K->184432K(441344K), 0.0237920 secs] [Times: user=0.19 sys=0.00, real=0.02 secs] 
119.944: Total time for which application threads were stopped: 0.0239960 seconds, Stopping threads took: 0.0001060 seconds
120.001: Application time: 0.0571750 seconds
120.004: [GC [PSYoungGen: 134640K->18912K(134656K)] 300144K->199392K(441344K), 0.0248500 secs] [Times: user=0.20 sys=0.00, real=0.02 secs] 
120.029: Total time for which application threads were stopped: 0.0275340 seconds, Stopping threads took: 0.0025960 seconds
120.073: Application time: 0.0446520 seconds
120.073: [GC [PSYoungGen: 134449K->18912K(134656K)] 314930K->222857K(441344K), 0.0275070 secs] [Times: user=0.22 sys=0.00, real=0.03 secs] 
120.101: Total time for which application threads were stopped: 0.0276810 seconds, Stopping threads took: 0.0000880 seconds
120.150: Application time: 0.0489300 seconds
120.150: [GC [PSYoungGen: 134624K->18928K(134656K)] 338569K->248267K(441344K), 0.0312630 secs] [Times: user=0.24 sys=0.00, real=0.04 secs] 
120.181: Total time for which application threads were stopped: 0.0314530 seconds, Stopping threads took: 0.0000990 seconds
120.234: Application time: 0.0531350 seconds
120.235: [GC [PSYoungGen: 134640K->18912K(134656K)] 363979K->270181K(441344K), 0.0306670 secs] [Times: user=0.24 sys=0.00, real=0.03 secs] 
120.265: Total time for which application threads were stopped: 0.0308430 seconds, Stopping threads took: 0.0000880 seconds
120.314: Application time: 0.0487680 seconds
120.314: [GC [PSYoungGen: 134624K->18928K(134656K)] 385893K->294011K(441344K), 0.0304850 secs] [Times: user=0.24 sys=0.00, real=0.03 secs] 
120.345: [Full GC [PSYoungGen: 18928K->0K(134656K)] [ParOldGen: 275083K->131036K(306688K)] 294011K->131036K(441344K) [PSPermGen: 9121K->9121K(21504K)], 0.1460010 secs] [Times: user=1.09 sys=0.00, real=0.14 secs] 
120.491: Total time for which application threads were stopped: 0.1767410 seconds, Stopping threads took: 0.0000910 seconds
120.533: Application time: 0.0426890 seconds
120.536: [GC [PSYoungGen: 115712K->18912K(134656K)] 246748K->158468K(441344K), 0.0148080 secs] [Times: user=0.12 sys=0.00, real=0.01 secs] 
120.550: Total time for which application threads were stopped: 0.0170450 seconds, Stopping threads took: 0.0021390 seconds
120.600: Application time: 0.0496720 seconds
120.600: [GC [PSYoungGen: 134624K->18928K(134656K)] 274180K->182656K(441344K), 0.0247100 secs] [Times: user=0.19 sys=0.00, real=0.02 secs] 
120.625: Total time for which application threads were stopped: 0.0248720 seconds, Stopping threads took: 0.0000760 seconds
120.677: Application time: 0.0523690 seconds
120.678: [GC [PSYoungGen: 134640K->18928K(134656K)] 298368K->201696K(441344K), 0.0259100 secs] [Times: user=0.21 sys=0.00, real=0.03 secs] 
120.704: Total time for which application threads were stopped: 0.0260920 seconds, Stopping threads took: 0.0000950 seconds
120.759: Application time: 0.0554380 seconds
120.759: [GC [PSYoungGen: 134640K->18912K(134656K)] 317408K->218993K(441344K), 0.0275650 secs] [Times: user=0.21 sys=0.00, real=0.03 secs] 
120.787: Total time for which application threads were stopped: 0.0277140 seconds, Stopping threads took: 0.0000640 seconds
120.836: Application time: 0.0496070 seconds
120.836: [GC [PSYoungGen: 134624K->18928K(134656K)] 334705K->240013K(441344K), 0.0292970 secs] [Times: user=0.23 sys=0.00, real=0.03 secs] 
120.866: Total time for which application threads were stopped: 0.0294630 seconds, Stopping threads took: 0.0000780 seconds
120.913: Application time: 0.0471010 seconds
120.916: [GC [PSYoungGen: 134640K->18928K(134656K)] 355725K->266280K(441344K), 0.0334950 secs] [Times: user=0.27 sys=0.00, real=0.03 secs] 
120.949: Total time for which application threads were stopped: 0.0363050 seconds, Stopping threads took: 0.0027200 seconds
121.001: Application time: 0.0520180 seconds
121.001: [GC [PSYoungGen: 134640K->18928K(134656K)] 381992K->290519K(441344K), 0.0335750 secs] [Times: user=0.26 sys=0.00, real=0.03 secs] 
121.035: Total time for which application threads were stopped: 0.0337410 seconds, Stopping threads took: 0.0000780 seconds
121.084: Application time: 0.0487710 seconds
121.084: [GC [PSYoungGen: 134640K->18912K(134656K)] 406231K->314154K(441344K), 0.0331360 secs] [Times: user=0.25 sys=0.00, real=0.03 secs] 
121.117: [Full GC [PSYoungGen: 18912K->0K(134656K)] [ParOldGen: 295242K->132791K(306688K)] 314154K->132791K(441344K) [PSPermGen: 9121K->9121K(21504K)], 0.1473100 secs] [Times: user=1.10 sys=0.00, real=0.15 secs] 
121.264: Total time for which application threads were stopped: 0.1806690 seconds, Stopping threads took: 0.0000680 seconds
121.309: Application time: 0.0442200 seconds
121.309: [GC [PSYoungGen: 115712K->18920K(134656K)] 248503K->158736K(441344K), 0.0146650 secs] [Times: user=0.11 sys=0.00, real=0.02 secs] 
121.323: Total time for which application threads were stopped: 0.0148480 seconds, Stopping threads took: 0.0000950 seconds
121.376: Application time: 0.0526050 seconds
121.376: [GC [PSYoungGen: 134632K->18928K(134656K)] 274448K->183070K(441344K), 0.0251850 secs] [Times: user=0.20 sys=0.00, real=0.03 secs] 
121.401: Total time for which application threads were stopped: 0.0253510 seconds, Stopping threads took: 0.0000780 seconds
121.452: Application time: 0.0510560 seconds
121.453: [GC [PSYoungGen: 134640K->18928K(134656K)] 298782K->201663K(441344K), 0.0255830 secs] [Times: user=0.20 sys=0.00, real=0.02 secs] 
121.478: Total time for which application threads were stopped: 0.0257810 seconds, Stopping threads took: 0.0001090 seconds
121.535: Application time: 0.0566670 seconds
121.535: [GC [PSYoungGen: 134640K->18928K(134656K)] 317375K->219426K(441344K), 0.0275910 secs] [Times: user=0.21 sys=0.00, real=0.03 secs] 
121.563: Total time for which application threads were stopped: 0.0277480 seconds, Stopping threads took: 0.0000700 seconds
121.608: Application time: 0.0453840 seconds
121.612: [GC [PSYoungGen: 134640K->18912K(134656K)] 335138K->240953K(441344K), 0.0286240 secs] [Times: user=0.22 sys=0.00, real=0.03 secs] 
121.640: Total time for which application threads were stopped: 0.0322470 seconds, Stopping threads took: 0.0035290 seconds
121.687: Application time: 0.0466930 seconds
121.687: [GC [PSYoungGen: 134624K->18912K(134656K)] 356665K->267881K(441344K), 0.0331900 secs] [Times: user=0.26 sys=0.00, real=0.04 secs] 
121.720: Total time for which application threads were stopped: 0.0333560 seconds, Stopping threads took: 0.0000800 seconds
121.771: Application time: 0.0508930 seconds
121.771: [GC [PSYoungGen: 134624K->18928K(134656K)] 383593K->290953K(441344K), 0.0325010 secs] [Times: user=0.26 sys=0.00, real=0.04 secs] 
121.804: Total time for which application threads were stopped: 0.0326810 seconds, Stopping threads took: 0.0000910 seconds
121.852: Application time: 0.0483670 seconds
121.852: [GC [PSYoungGen: 134640K->18912K(134656K)] 406665K->314021K(441344K), 0.0318440 secs] [Times: user=0.25 sys=0.00, real=0.03 secs] 
121.884: [Full GC [PSYoungGen: 18912K->0K(134656K)] [ParOldGen: 295108K->130906K(306688K)] 314021K->130906K(441344K) [PSPermGen: 9121K->9121K(21504K)], 0.1465500 secs] [Times: user=1.08 sys=0.00, real=0.14 secs] 
122.031: Total time for which application threads were stopped: 0.1786190 seconds, Stopping threads took: 0.0000740 seconds
122.074: Application time: 0.0428520 seconds
122.074: [GC [PSYoungGen: 115712K->18923K(134656K)] 246618K->157370K(441344K), 0.0141710 secs] [Times: user=0.11 sys=0.00, real=0.01 secs] 
122.088: Total time for which application threads were stopped: 0.0143260 seconds, Stopping threads took: 0.0000700 seconds
122.139: Application time: 0.0508670 seconds
122.139: [GC [PSYoungGen: 134624K->18928K(134656K)] 273072K->182228K(441344K), 0.0248190 secs] [Times: user=0.19 sys=0.00, real=0.03 secs] 
122.164: Total time for which application threads were stopped: 0.0250090 seconds, Stopping threads took: 0.0000930 seconds
122.215: Application time: 0.0508330 seconds
122.216: [GC [PSYoungGen: 134640K->18928K(134656K)] 297940K->201115K(441344K), 0.0251680 secs] [Times: user=0.20 sys=0.00, real=0.03 secs] 
122.241: Total time for which application threads were stopped: 0.0260440 seconds, Stopping threads took: 0.0007860 seconds
122.298: Application time: 0.0568020 seconds
122.300: [GC [PSYoungGen: 134640K->18912K(134656K)] 316827K->217689K(441344K), 0.0305250 secs] [Times: user=0.23 sys=0.00, real=0.02 secs] 
122.330: Total time for which application threads were stopped: 0.0325370 seconds, Stopping threads took: 0.0019290 seconds
122.376: Application time: 0.0457120 seconds
122.376: [GC [PSYoungGen: 134624K->18912K(134656K)] 333401K->238497K(441344K), 0.0285480 secs] [Times: user=0.22 sys=0.00, real=0.03 secs] 
122.405: Total time for which application threads were stopped: 0.0287280 seconds, Stopping threads took: 0.0000930 seconds
122.452: Application time: 0.0470230 seconds
122.452: [GC [PSYoungGen: 134624K->18928K(134656K)] 354209K->266022K(441344K), 0.0327900 secs] [Times: user=0.26 sys=0.00, real=0.03 secs] 
122.485: Total time for which application threads were stopped: 0.0329920 seconds, Stopping threads took: 0.0001160 seconds
122.533: Application time: 0.0480190 seconds
122.533: [GC [PSYoungGen: 134518K->18928K(134656K)] 381612K->289984K(441344K), 0.0322870 secs] [Times: user=0.25 sys=0.00, real=0.03 secs] 
122.565: Total time for which application threads were stopped: 0.0324740 seconds, Stopping threads took: 0.0000990 seconds
122.615: Application time: 0.0494650 seconds
122.615: [GC [PSYoungGen: 134640K->18928K(134656K)] 405696K->313185K(441344K), 0.0321800 secs] [Times: user=0.25 sys=0.00, real=0.03 secs] 
122.647: [Full GC [PSYoungGen: 18928K->0K(134656K)] [ParOldGen: 294256K->131986K(306688K)] 313185K->131986K(441344K) [PSPermGen: 9121K->9121K(21504K)], 0.1504120 secs] [Times: user=1.11 sys=0.00, real=0.15 secs] 
122.797: Total time for which application threads were stopped: 0.1828460 seconds, Stopping threads took: 0.0000940 seconds
122.840: Application time: 0.0429450 seconds
122.841: [GC [PSYoungGen: 115653K->18920K(134656K)] 247639K->158916K(441344K), 0.0141640 secs] [Times: user=0.11 sys=0.00, real=0.01 secs] 
122.855: Total time for which application threads were stopped: 0.0143390 seconds, Stopping threads took: 0.0000720 seconds
122.906: Application time: 0.0512530 seconds
122.906: [GC [PSYoungGen: 134632K->18912K(134656K)] 274628K->183099K(441344K), 0.0247640 secs] [Times: user=0.19 sys=0.00, real=0.02 secs] 
122.931: Total time for which application threads were stopped: 0.0249330 seconds, Stopping threads took: 0.0000800 seconds
122.983: Application time: 0.0518360 seconds
122.983: [GC [PSYoungGen: 134624K->18928K(134656K)] 298811K->202678K(441344K), 0.0252500 secs] [Times: user=0.19 sys=0.00, real=0.02 secs] 
123.008: Total time for which application threads were stopped: 0.0254360 seconds, Stopping threads took: 0.0001000 seconds
123.067: Application time: 0.0584360 seconds
123.067: [GC [PSYoungGen: 134640K->18912K(134656K)] 318390K->219045K(441344K), 0.0274930 secs] [Times: user=0.21 sys=0.00, real=0.03 secs] 
123.094: Total time for which application threads were stopped: 0.0276830 seconds, Stopping threads took: 0.0001060 seconds
123.141: Application time: 0.0461840 seconds
123.141: [GC [PSYoungGen: 134624K->18928K(134656K)] 334757K->240054K(441344K), 0.0291390 secs] [Times: user=0.22 sys=0.00, real=0.02 secs] 
123.170: Total time for which application threads were stopped: 0.0293120 seconds, Stopping threads took: 0.0000840 seconds
123.217: Application time: 0.0468260 seconds
123.217: [GC [PSYoungGen: 134640K->18928K(134656K)] 355766K->267938K(441344K), 0.0337460 secs] [Times: user=0.27 sys=0.00, real=0.03 secs] 
123.251: Total time for which application threads were stopped: 0.0339230 seconds, Stopping threads took: 0.0000880 seconds
123.301: Application time: 0.0506500 seconds
123.301: [GC [PSYoungGen: 134640K->18912K(134656K)] 383650K->292387K(441344K), 0.0325020 secs] [Times: user=0.25 sys=0.00, real=0.03 secs] 
123.334: Total time for which application threads were stopped: 0.0326460 seconds, Stopping threads took: 0.0000570 seconds
123.384: Application time: 0.0504270 seconds
123.388: [GC [PSYoungGen: 134624K->18928K(134656K)] 408099K->314841K(441344K), 0.0314540 secs] [Times: user=0.25 sys=0.00, real=0.03 secs] 
123.419: [Full GC [PSYoungGen: 18928K->0K(134656K)] [ParOldGen: 295913K->132267K(306688K)] 314841K->132267K(441344K) [PSPermGen: 9121K->9121K(21504K)], 0.1485880 secs] [Times: user=1.10 sys=0.00, real=0.15 secs] 
123.568: Total time for which application threads were stopped: 0.1834540 seconds, Stopping threads took: 0.0032500 seconds
123.612: Application time: 0.0441190 seconds
123.612: [GC [PSYoungGen: 115712K->18914K(134656K)] 247979K->159315K(441344K), 0.0146970 secs] [Times: user=0.11 sys=0.00, real=0.01 secs] 
123.627: Total time for which application threads were stopped: 0.0148720 seconds, Stopping threads took: 0.0000880 seconds
123.676: Application time: 0.0489250 seconds
123.676: [GC [PSYoungGen: 134626K->18928K(134656K)] 275027K->183088K(441344K), 0.0245590 secs] [Times: user=0.19 sys=0.00, real=0.03 secs] 
123.700: Total time for which application threads were stopped: 0.0247130 seconds, Stopping threads took: 0.0000680 seconds
123.754: Application time: 0.0540600 seconds
123.755: [GC [PSYoungGen: 134640K->18928K(134656K)] 298800K->200940K(441344K), 0.0255420 secs] [Times: user=0.20 sys=0.00, real=0.03 secs] 
123.780: Total time for which application threads were stopped: 0.0257280 seconds, Stopping threads took: 0.0000970 seconds
123.836: Application time: 0.0553460 seconds
123.836: [GC [PSYoungGen: 134640K->18912K(134656K)] 316652K->220645K(441344K), 0.0327570 secs] [Times: user=0.23 sys=0.00, real=0.03 secs] 
123.869: Total time for which application threads were stopped: 0.0330880 seconds, Stopping threads took: 0.0002450 seconds
123.918: Application time: 0.0490110 seconds
123.918: [GC [PSYoungGen: 134449K->18928K(134656K)] 336183K->240954K(441344K), 0.0296100 secs] [Times: user=0.23 sys=0.00, real=0.03 secs] 
123.947: Total time for which application threads were stopped: 0.0298220 seconds, Stopping threads took: 0.0001090 seconds
123.992: Application time: 0.0444330 seconds
123.992: [GC [PSYoungGen: 134640K->18912K(134656K)] 356666K->267453K(441344K), 0.0327450 secs] [Times: user=0.26 sys=0.00, real=0.03 secs] 
124.025: Total time for which application threads were stopped: 0.0329110 seconds, Stopping threads took: 0.0000830 seconds
124.080: Application time: 0.0549660 seconds
124.080: [GC [PSYoungGen: 134562K->18928K(134656K)] 383103K->291755K(441344K), 0.0362880 secs] [Times: user=0.28 sys=0.00, real=0.03 secs] 
124.116: Total time for which application threads were stopped: 0.0364780 seconds, Stopping threads took: 0.0001020 seconds
124.166: Application time: 0.0498970 seconds
124.166: [GC [PSYoungGen: 134640K->18928K(134656K)] 407467K->313060K(441344K), 0.0312140 secs] [Times: user=0.24 sys=0.00, real=0.03 secs] 
124.198: [Full GC [PSYoungGen: 18928K->0K(134656K)] [ParOldGen: 294132K->127384K(306688K)] 313060K->127384K(441344K) [PSPermGen: 9122K->9122K(21504K)], 0.1404770 secs] [Times: user=1.04 sys=0.00, real=0.14 secs] 
124.338: Total time for which application threads were stopped: 0.1719360 seconds, Stopping threads took: 0.0000910 seconds
124.378: Application time: 0.0401060 seconds
124.380: [GC [PSYoungGen: 115712K->18921K(134656K)] 243096K->156927K(441344K), 0.0150640 secs] [Times: user=0.11 sys=0.00, real=0.01 secs] 
124.395: Total time for which application threads were stopped: 0.0164840 seconds, Stopping threads took: 0.0013330 seconds
124.445: Application time: 0.0505500 seconds
124.445: [GC [PSYoungGen: 134633K->18928K(134656K)] 272639K->184011K(441344K), 0.0263620 secs] [Times: user=0.20 sys=0.00, real=0.03 secs] 
124.472: Total time for which application threads were stopped: 0.0265500 seconds, Stopping threads took: 0.0000860 seconds
124.526: Application time: 0.0542470 seconds
124.526: [GC [PSYoungGen: 134640K->18912K(134656K)] 299723K->198057K(441344K), 0.0233050 secs] [Times: user=0.18 sys=0.00, real=0.02 secs] 
124.550: Total time for which application threads were stopped: 0.0235140 seconds, Stopping threads took: 0.0001220 seconds
124.601: Application time: 0.0515260 seconds
124.601: [GC [PSYoungGen: 134624K->18912K(134656K)] 313769K->217929K(441344K), 0.0279890 secs] [Times: user=0.21 sys=0.00, real=0.02 secs] 
124.629: Total time for which application threads were stopped: 0.0281580 seconds, Stopping threads took: 0.0000830 seconds
124.677: Application time: 0.0479570 seconds
124.677: [GC [PSYoungGen: 134624K->18912K(134656K)] 333641K->238594K(441344K), 0.0284990 secs] [Times: user=0.22 sys=0.00, real=0.03 secs] 
124.706: Total time for which application threads were stopped: 0.0286570 seconds, Stopping threads took: 0.0000710 seconds
124.750: Application time: 0.0442880 seconds
124.750: [GC [PSYoungGen: 134624K->18928K(134656K)] 354306K->265314K(441344K), 0.0320710 secs] [Times: user=0.25 sys=0.00, real=0.04 secs] 
124.782: Total time for which application threads were stopped: 0.0322550 seconds, Stopping threads took: 0.0000970 seconds
124.838: Application time: 0.0552430 seconds
124.838: [GC [PSYoungGen: 134640K->18912K(134656K)] 381026K->287265K(441344K), 0.0333860 secs] [Times: user=0.25 sys=0.00, real=0.03 secs] 
124.871: Total time for which application threads were stopped: 0.0335560 seconds, Stopping threads took: 0.0000840 seconds
124.917: Application time: 0.0462250 seconds
124.918: [GC [PSYoungGen: 134624K->18912K(134656K)] 402977K->308604K(441344K), 0.0294920 secs] [Times: user=0.23 sys=0.00, real=0.03 secs] 
124.947: [Full GC [PSYoungGen: 18912K->0K(134656K)] [ParOldGen: 289691K->123901K(306688K)] 308604K->123901K(441344K) [PSPermGen: 9122K->9122K(21504K)], 0.1333010 secs] [Times: user=0.98 sys=0.00, real=0.14 secs] 
125.081: Total time for which application threads were stopped: 0.1630320 seconds, Stopping threads took: 0.0000830 seconds
125.126: Application time: 0.0451640 seconds
125.126: [GC [PSYoungGen: 115712K->18920K(134656K)] 239613K->153834K(441344K), 0.0158210 secs] [Times: user=0.13 sys=0.00, real=0.02 secs] 
125.142: Total time for which application threads were stopped: 0.0159870 seconds, Stopping threads took: 0.0000670 seconds
125.192: Application time: 0.0502190 seconds
125.192: [GC [PSYoungGen: 134632K->18928K(134656K)] 269546K->180855K(441344K), 0.0262790 secs] [Times: user=0.21 sys=0.00, real=0.02 secs] 
125.218: Total time for which application threads were stopped: 0.0264570 seconds, Stopping threads took: 0.0000900 seconds
125.273: Application time: 0.0550120 seconds
125.274: [GC [PSYoungGen: 134640K->18928K(134656K)] 296567K->197225K(441344K), 0.0260650 secs] [Times: user=0.20 sys=0.00, real=0.03 secs] 
125.300: Total time for which application threads were stopped: 0.0262850 seconds, Stopping threads took: 0.0000750 seconds
125.354: Application time: 0.0540050 seconds
125.354: [GC [PSYoungGen: 134640K->18912K(134656K)] 312937K->217532K(441344K), 0.0293810 secs] [Times: user=0.23 sys=0.00, real=0.03 secs] 
125.383: Total time for which application threads were stopped: 0.0295510 seconds, Stopping threads took: 0.0000810 seconds
125.434: Application time: 0.0509720 seconds
125.436: [GC [PSYoungGen: 134624K->18928K(134656K)] 333244K->237118K(441344K), 0.0294730 secs] [Times: user=0.22 sys=0.01, real=0.03 secs] 
125.465: Total time for which application threads were stopped: 0.0309570 seconds, Stopping threads took: 0.0013970 seconds
125.510: Application time: 0.0444170 seconds
125.510: [GC [PSYoungGen: 134640K->18912K(134656K)] 352830K->263726K(441344K), 0.0317430 secs] [Times: user=0.25 sys=0.00, real=0.04 secs] 
125.541: Total time for which application threads were stopped: 0.0319450 seconds, Stopping threads took: 0.0001130 seconds
125.596: Application time: 0.0541010 seconds
125.596: [GC [PSYoungGen: 134624K->18912K(134656K)] 379438K->286528K(441344K), 0.0338870 secs] [Times: user=0.26 sys=0.00, real=0.03 secs] 
125.630: Total time for which application threads were stopped: 0.0340530 seconds, Stopping threads took: 0.0000790 seconds
125.682: Application time: 0.0519570 seconds
125.682: [GC [PSYoungGen: 134624K->18928K(134656K)] 402240K->305656K(441344K), 0.0309470 secs] [Times: user=0.24 sys=0.00, real=0.03 secs] 
125.713: [Full GC [PSYoungGen: 18928K->0K(134656K)] [ParOldGen: 286728K->122301K(306688K)] 305656K->122301K(441344K) [PSPermGen: 9122K->9122K(21504K)], 0.1338990 secs] [Times: user=1.00 sys=0.00, real=0.13 secs] 
125.847: Total time for which application threads were stopped: 0.1650820 seconds, Stopping threads took: 0.0000690 seconds
125.889: Application time: 0.0423700 seconds
125.890: [GC [PSYoungGen: 115712K->18915K(134656K)] 238013K->151866K(441344K), 0.0155950 secs] [Times: user=0.12 sys=0.00, real=0.02 secs] 
125.906: Total time for which application threads were stopped: 0.0170430 seconds, Stopping threads took: 0.0013550 seconds
125.953: Application time: 0.0465000 seconds
125.953: [GC [PSYoungGen: 134627K->18937K(134656K)] 267578K->178593K(441344K), 0.0253720 secs] [Times: user=0.20 sys=0.00, real=0.02 secs] 
125.978: Total time for which application threads were stopped: 0.0255660 seconds, Stopping threads took: 0.0001070 seconds
126.030: Application time: 0.0515950 seconds
126.030: [GC [PSYoungGen: 134649K->18937K(134656K)] 294305K->199284K(441344K), 0.0269740 secs] [Times: user=0.21 sys=0.00, real=0.03 secs] 
126.057: Total time for which application threads were stopped: 0.0271370 seconds, Stopping threads took: 0.0000750 seconds
126.111: Application time: 0.0542640 seconds
126.111: [GC [PSYoungGen: 134649K->18921K(134656K)] 314996K->218100K(441344K), 0.0282290 secs] [Times: user=0.22 sys=0.00, real=0.04 secs] 
126.141: Total time for which application threads were stopped: 0.0299420 seconds, Stopping threads took: 0.0000710 seconds
126.193: Application time: 0.0517090 seconds
126.193: [GC [PSYoungGen: 134633K->18937K(134656K)] 333812K->237111K(441344K), 0.0284990 secs] [Times: user=0.23 sys=0.00, real=0.03 secs] 
126.222: Total time for which application threads were stopped: 0.0287050 seconds, Stopping threads took: 0.0001040 seconds
126.269: Application time: 0.0472380 seconds
126.269: [GC [PSYoungGen: 134649K->18921K(134656K)] 352823K->262261K(441344K), 0.0319010 secs] [Times: user=0.25 sys=0.00, real=0.04 secs] 
126.301: Total time for which application threads were stopped: 0.0320550 seconds, Stopping threads took: 0.0000640 seconds
126.352: Application time: 0.0513170 seconds
126.352: [GC [PSYoungGen: 134633K->18937K(134656K)] 377973K->286240K(441344K), 0.0327060 secs] [Times: user=0.26 sys=0.00, real=0.03 secs] 
126.385: Total time for which application threads were stopped: 0.0328630 seconds, Stopping threads took: 0.0000710 seconds
126.439: Application time: 0.0539490 seconds
126.439: [GC [PSYoungGen: 134649K->18937K(134656K)] 401952K->305244K(441344K), 0.0307760 secs] [Times: user=0.24 sys=0.00, real=0.03 secs] 
126.470: [Full GC [PSYoungGen: 18937K->0K(134656K)] [ParOldGen: 286306K->131974K(306688K)] 305244K->131974K(441344K) [PSPermGen: 9122K->9122K(21504K)], 0.1524130 secs] [Times: user=1.13 sys=0.00, real=0.16 secs] 
126.622: Total time for which application threads were stopped: 0.1834380 seconds, Stopping threads took: 0.0001000 seconds
126.664: Application time: 0.0418930 seconds
126.664: [GC [PSYoungGen: 115573K->18919K(134656K)] 247547K->160451K(441344K), 0.0145790 secs] [Times: user=0.12 sys=0.00, real=0.01 secs] 
126.679: Total time for which application threads were stopped: 0.0147460 seconds, Stopping threads took: 0.0000800 seconds
126.724: Application time: 0.0446710 seconds
126.724: [GC [PSYoungGen: 134631K->18912K(134656K)] 276163K->188333K(441344K), 0.0249940 secs] [Times: user=0.20 sys=0.00, real=0.02 secs] 
126.749: Total time for which application threads were stopped: 0.0251750 seconds, Stopping threads took: 0.0000810 seconds
126.803: Application time: 0.0544170 seconds
126.803: [GC [PSYoungGen: 134624K->18912K(134656K)] 304045K->206667K(441344K), 0.0255210 secs] [Times: user=0.19 sys=0.01, real=0.02 secs] 
126.829: Total time for which application threads were stopped: 0.0257030 seconds, Stopping threads took: 0.0000940 seconds
126.883: Application time: 0.0536250 seconds
126.883: [GC [PSYoungGen: 134624K->18928K(134656K)] 322379K->227140K(441344K), 0.0296610 secs] [Times: user=0.24 sys=0.00, real=0.03 secs] 
126.913: Total time for which application threads were stopped: 0.0298550 seconds, Stopping threads took: 0.0001050 seconds
126.966: Application time: 0.0532650 seconds
126.966: [GC [PSYoungGen: 134640K->18928K(134656K)] 342852K->248184K(441344K), 0.0294630 secs] [Times: user=0.24 sys=0.00, real=0.03 secs] 
126.995: Total time for which application threads were stopped: 0.0296620 seconds, Stopping threads took: 0.0001110 seconds
127.045: Application time: 0.0492540 seconds
127.045: [GC [PSYoungGen: 134640K->18928K(134656K)] 363896K->270458K(441344K), 0.0300480 secs] [Times: user=0.23 sys=0.00, real=0.03 secs] 
127.075: Total time for which application threads were stopped: 0.0302350 seconds, Stopping threads took: 0.0000970 seconds
127.128: Application time: 0.0532600 seconds
127.128: [GC [PSYoungGen: 134640K->18928K(134656K)] 386170K->293871K(441344K), 0.0293840 secs] [Times: user=0.23 sys=0.00, real=0.03 secs] 
127.158: Total time for which application threads were stopped: 0.0295560 seconds, Stopping threads took: 0.0000840 seconds
127.212: Application time: 0.0542250 seconds
127.216: [GC [PSYoungGen: 134640K->18912K(134656K)] 409583K->313365K(441344K), 0.0284460 secs] [Times: user=0.22 sys=0.00, real=0.03 secs] 
127.244: [Full GC [PSYoungGen: 18912K->0K(134656K)] [ParOldGen: 294453K->131691K(306688K)] 313365K->131691K(441344K) [PSPermGen: 9122K->9122K(21504K)], 0.1498080 secs] [Times: user=1.11 sys=0.00, real=0.15 secs] 
127.394: Total time for which application threads were stopped: 0.1819820 seconds, Stopping threads took: 0.0035760 seconds
127.439: Application time: 0.0445770 seconds
127.439: [GC [PSYoungGen: 115712K->18943K(134656K)] 247403K->160657K(441344K), 0.0155610 secs] [Times: user=0.12 sys=0.00, real=0.02 secs] 
127.454: Total time for which application threads were stopped: 0.0157450 seconds, Stopping threads took: 0.0000780 seconds
127.500: Application time: 0.0461060 seconds
127.501: [GC [PSYoungGen: 134655K->18928K(134656K)] 276369K->188441K(441344K), 0.0261070 secs] [Times: user=0.20 sys=0.00, real=0.02 secs] 
127.527: Total time for which application threads were stopped: 0.0262790 seconds, Stopping threads took: 0.0000810 seconds
127.582: Application time: 0.0551490 seconds
127.582: [GC [PSYoungGen: 134640K->18928K(134656K)] 304153K->207507K(441344K), 0.0261910 secs] [Times: user=0.21 sys=0.00, real=0.02 secs] 
127.608: Total time for which application threads were stopped: 0.0263740 seconds, Stopping threads took: 0.0000940 seconds
127.660: Application time: 0.0520300 seconds
127.660: [GC [PSYoungGen: 134640K->18928K(134656K)] 323219K->227099K(441344K), 0.0280910 secs] [Times: user=0.22 sys=0.00, real=0.02 secs] 
127.689: Total time for which application threads were stopped: 0.0282660 seconds, Stopping threads took: 0.0000850 seconds
127.741: Application time: 0.0524950 seconds
127.741: [GC [PSYoungGen: 134640K->18928K(134656K)] 342811K->246391K(441344K), 0.0284950 secs] [Times: user=0.23 sys=0.00, real=0.02 secs] 
127.770: Total time for which application threads were stopped: 0.0286570 seconds, Stopping threads took: 0.0000740 seconds
127.817: Application time: 0.0473960 seconds
127.817: [GC [PSYoungGen: 134640K->18912K(134656K)] 362103K->270234K(441344K), 0.0287870 secs] [Times: user=0.22 sys=0.00, real=0.03 secs] 
127.846: Total time for which application threads were stopped: 0.0289880 seconds, Stopping threads took: 0.0001090 seconds
127.898: Application time: 0.0522040 seconds
127.898: [GC [PSYoungGen: 134597K->18928K(134656K)] 385920K->294343K(441344K), 0.0301050 secs] [Times: user=0.24 sys=0.00, real=0.03 secs] 
127.929: Total time for which application threads were stopped: 0.0302840 seconds, Stopping threads took: 0.0000890 seconds
127.980: Application time: 0.0511940 seconds
127.980: [GC [PSYoungGen: 134640K->18912K(134656K)] 410055K->313357K(441344K), 0.0274540 secs] [Times: user=0.22 sys=0.00, real=0.02 secs] 
128.007: [Full GC [PSYoungGen: 18912K->0K(134656K)] [ParOldGen: 294445K->130911K(306688K)] 313357K->130911K(441344K) [PSPermGen: 9122K->9122K(21504K)], 0.1477080 secs] [Times: user=1.09 sys=0.00, real=0.15 secs] 
128.155: Total time for which application threads were stopped: 0.1753920 seconds, Stopping threads took: 0.0000680 seconds
128.197: Application time: 0.0414440 seconds
128.197: [GC [PSYoungGen: 115712K->18933K(134656K)] 246623K->161212K(441344K), 0.0154830 secs] [Times: user=0.12 sys=0.00, real=0.02 secs] 
128.212: Total time for which application threads were stopped: 0.0156550 seconds, Stopping threads took: 0.0000850 seconds
128.258: Application time: 0.0456650 seconds
128.258: [GC [PSYoungGen: 134645K->18928K(134656K)] 276924K->189499K(441344K), 0.0255850 secs] [Times: user=0.20 sys=0.00, real=0.03 secs] 
128.284: Total time for which application threads were stopped: 0.0257490 seconds, Stopping threads took: 0.0000790 seconds
128.339: Application time: 0.0553400 seconds
128.339: [GC [PSYoungGen: 134640K->18912K(134656K)] 305211K->207007K(441344K), 0.0328230 secs] [Times: user=0.25 sys=0.00, real=0.04 secs] 
128.372: Total time for which application threads were stopped: 0.0329940 seconds, Stopping threads took: 0.0000910 seconds
128.425: Application time: 0.0534450 seconds
128.428: [GC [PSYoungGen: 134624K->18912K(134656K)] 322719K->226297K(441344K), 0.0283050 secs] [Times: user=0.22 sys=0.00, real=0.03 secs] 
128.456: Total time for which application threads were stopped: 0.0304910 seconds, Stopping threads took: 0.0020980 seconds
128.509: Application time: 0.0527630 seconds
128.509: [GC [PSYoungGen: 134624K->18928K(134656K)] 342009K->246195K(441344K), 0.0294130 secs] [Times: user=0.23 sys=0.00, real=0.03 secs] 
128.538: Total time for which application threads were stopped: 0.0296200 seconds, Stopping threads took: 0.0000980 seconds
128.586: Application time: 0.0472500 seconds
128.586: [GC [PSYoungGen: 134474K->18912K(134656K)] 361741K->269232K(441344K), 0.0298960 secs] [Times: user=0.23 sys=0.00, real=0.03 secs] 
128.616: Total time for which application threads were stopped: 0.0300670 seconds, Stopping threads took: 0.0000840 seconds
128.667: Application time: 0.0516720 seconds
128.667: [GC [PSYoungGen: 134624K->18928K(134656K)] 384944K->292355K(441344K), 0.0312580 secs] [Times: user=0.25 sys=0.00, real=0.03 secs] 
128.699: Total time for which application threads were stopped: 0.0313970 seconds, Stopping threads took: 0.0000480 seconds
128.749: Application time: 0.0500450 seconds
128.749: [GC [PSYoungGen: 134640K->18928K(134656K)] 408067K->312169K(441344K), 0.0297770 secs] [Times: user=0.23 sys=0.00, real=0.03 secs] 
128.779: [Full GC [PSYoungGen: 18928K->0K(134656K)] [ParOldGen: 293241K->129776K(306688K)] 312169K->129776K(441344K) [PSPermGen: 9122K->9122K(21504K)], 0.1451660 secs] [Times: user=1.07 sys=0.00, real=0.15 secs] 
128.924: Total time for which application threads were stopped: 0.1751720 seconds, Stopping threads took: 0.0000840 seconds
128.964: Application time: 0.0402790 seconds
128.964: [GC [PSYoungGen: 115712K->18941K(134656K)] 245488K->160936K(441344K), 0.0158290 secs] [Times: user=0.13 sys=0.00, real=0.02 secs] 
128.980: Total time for which application threads were stopped: 0.0160240 seconds, Stopping threads took: 0.0001060 seconds
129.027: Application time: 0.0466350 seconds
129.027: [GC [PSYoungGen: 134653K->18912K(134656K)] 276648K->190063K(441344K), 0.0265240 secs] [Times: user=0.20 sys=0.00, real=0.03 secs] 
129.054: Total time for which application threads were stopped: 0.0267130 seconds, Stopping threads took: 0.0000860 seconds
129.108: Application time: 0.0540900 seconds
129.108: [GC [PSYoungGen: 134624K->18912K(134656K)] 305775K->207652K(441344K), 0.0260860 secs] [Times: user=0.20 sys=0.00, real=0.03 secs] 
129.134: Total time for which application threads were stopped: 0.0264980 seconds, Stopping threads took: 0.0003160 seconds
129.190: Application time: 0.0553600 seconds
129.190: [GC [PSYoungGen: 134624K->18912K(134656K)] 323364K->225759K(441344K), 0.0280860 secs] [Times: user=0.22 sys=0.00, real=0.03 secs] 
129.218: Total time for which application threads were stopped: 0.0282460 seconds, Stopping threads took: 0.0000740 seconds
129.270: Application time: 0.0525160 seconds
129.272: [GC [PSYoungGen: 134624K->18928K(134656K)] 341471K->242938K(441344K), 0.0254320 secs] [Times: user=0.20 sys=0.00, real=0.02 secs] 
129.297: Total time for which application threads were stopped: 0.0267300 seconds, Stopping threads took: 0.0012090 seconds
129.348: Application time: 0.0508620 seconds
129.352: [GC [PSYoungGen: 134532K->18928K(134656K)] 358543K->266582K(441344K), 0.0287140 secs] [Times: user=0.22 sys=0.01, real=0.03 secs] 
129.380: Total time for which application threads were stopped: 0.0324470 seconds, Stopping threads took: 0.0036430 seconds
129.428: Application time: 0.0479870 seconds
129.429: [GC [PSYoungGen: 134640K->18928K(134656K)] 382294K->289874K(441344K), 0.0285470 secs] [Times: user=0.22 sys=0.00, real=0.03 secs] 
129.457: Total time for which application threads were stopped: 0.0287350 seconds, Stopping threads took: 0.0001040 seconds
129.508: Application time: 0.0507450 seconds
129.508: [GC [PSYoungGen: 134640K->18912K(134656K)] 405586K->313229K(441344K), 0.0303200 secs] [Times: user=0.23 sys=0.00, real=0.03 secs] 
129.538: [Full GC [PSYoungGen: 18912K->0K(134656K)] [ParOldGen: 294317K->123672K(306688K)] 313229K->123672K(441344K) [PSPermGen: 9123K->9123K(21504K)], 0.1358680 secs] [Times: user=1.01 sys=0.00, real=0.14 secs] 
129.674: Total time for which application threads were stopped: 0.1664070 seconds, Stopping threads took: 0.0000700 seconds
129.712: Application time: 0.0375040 seconds
129.716: [GC [PSYoungGen: 115651K->18926K(134656K)] 239323K->155271K(441344K), 0.0152810 secs] [Times: user=0.12 sys=0.00, real=0.01 secs] 
129.731: Total time for which application threads were stopped: 0.0192110 seconds, Stopping threads took: 0.0038200 seconds
129.778: Application time: 0.0474440 seconds
129.779: [GC [PSYoungGen: 134638K->18937K(134656K)] 270983K->185564K(441344K), 0.0266580 secs] [Times: user=0.21 sys=0.00, real=0.03 secs] 
129.805: Total time for which application threads were stopped: 0.0268440 seconds, Stopping threads took: 0.0001010 seconds
129.858: Application time: 0.0523900 seconds
129.858: [GC [PSYoungGen: 134649K->18937K(134656K)] 301276K->202862K(441344K), 0.0290830 secs] [Times: user=0.21 sys=0.00, real=0.03 secs] 
129.887: Total time for which application threads were stopped: 0.0292640 seconds, Stopping threads took: 0.0001020 seconds
129.946: Application time: 0.0588710 seconds
129.948: [GC [PSYoungGen: 134649K->18921K(134656K)] 318574K->218957K(441344K), 0.0269060 secs] [Times: user=0.21 sys=0.01, real=0.03 secs] 
129.975: Total time for which application threads were stopped: 0.0289920 seconds, Stopping threads took: 0.0019990 seconds
130.026: Application time: 0.0512680 seconds
130.028: [GC [PSYoungGen: 134633K->18937K(134656K)] 334669K->236158K(441344K), 0.0272440 secs] [Times: user=0.22 sys=0.00, real=0.03 secs] 
130.055: Total time for which application threads were stopped: 0.0288530 seconds, Stopping threads took: 0.0015190 seconds
130.110: Application time: 0.0550930 seconds
130.112: [GC [PSYoungGen: 134649K->18921K(134656K)] 351870K->258074K(441344K), 0.0312320 secs] [Times: user=0.25 sys=0.00, real=0.03 secs] 
130.143: Total time for which application threads were stopped: 0.0329230 seconds, Stopping threads took: 0.0015980 seconds
130.192: Application time: 0.0486210 seconds
130.192: [GC [PSYoungGen: 134633K->18921K(134656K)] 373786K->282087K(441344K), 0.0312630 secs] [Times: user=0.24 sys=0.00, real=0.03 secs] 
130.223: Total time for which application threads were stopped: 0.0314630 seconds, Stopping threads took: 0.0001150 seconds
130.274: Application time: 0.0511050 seconds
130.274: [GC [PSYoungGen: 134633K->18921K(134656K)] 397799K->304749K(441344K), 0.0328780 secs] [Times: user=0.26 sys=0.00, real=0.03 secs] 
130.307: [Full GC [PSYoungGen: 18921K->0K(134656K)] [ParOldGen: 285828K->123526K(306688K)] 304749K->123526K(441344K) [PSPermGen: 9123K->9123K(21504K)], 0.1357860 secs] [Times: user=1.01 sys=0.00, real=0.14 secs] 
130.443: Total time for which application threads were stopped: 0.1690920 seconds, Stopping threads took: 0.0002600 seconds
130.481: Application time: 0.0381430 seconds
130.481: [GC [PSYoungGen: 115712K->18914K(134656K)] 239238K->156276K(441344K), 0.0160030 secs] [Times: user=0.13 sys=0.00, real=0.01 secs] 
130.498: Total time for which application threads were stopped: 0.0161540 seconds, Stopping threads took: 0.0000620 seconds
130.544: Application time: 0.0463330 seconds
130.544: [GC [PSYoungGen: 134626K->18928K(134656K)] 271988K->185795K(441344K), 0.0271990 secs] [Times: user=0.21 sys=0.00, real=0.02 secs] 
130.571: Total time for which application threads were stopped: 0.0273440 seconds, Stopping threads took: 0.0000580 seconds
130.628: Application time: 0.0563860 seconds
130.628: [GC [PSYoungGen: 134640K->18912K(134656K)] 301507K->200416K(441344K), 0.0237190 secs] [Times: user=0.19 sys=0.00, real=0.02 secs] 
130.651: Total time for which application threads were stopped: 0.0238890 seconds, Stopping threads took: 0.0000830 seconds
130.705: Application time: 0.0533100 seconds
130.705: [GC [PSYoungGen: 134624K->18928K(134656K)] 316128K->217939K(441344K), 0.0275420 secs] [Times: user=0.22 sys=0.00, real=0.03 secs] 
130.733: Total time for which application threads were stopped: 0.0277310 seconds, Stopping threads took: 0.0000990 seconds
130.783: Application time: 0.0504800 seconds
130.783: [GC [PSYoungGen: 134640K->18912K(134656K)] 333651K->237798K(441344K), 0.0298580 secs] [Times: user=0.24 sys=0.00, real=0.03 secs] 
130.813: Total time for which application threads were stopped: 0.0300340 seconds, Stopping threads took: 0.0000780 seconds
130.863: Application time: 0.0500980 seconds
130.863: [GC [PSYoungGen: 134624K->18912K(134656K)] 353510K->260310K(441344K), 0.0321540 secs] [Times: user=0.25 sys=0.00, real=0.03 secs] 
130.895: Total time for which application threads were stopped: 0.0323260 seconds, Stopping threads took: 0.0000840 seconds
130.948: Application time: 0.0526120 seconds
130.948: [GC [PSYoungGen: 134624K->18912K(134656K)] 376022K->280501K(441344K), 0.0324570 secs] [Times: user=0.26 sys=0.00, real=0.04 secs] 
130.981: Total time for which application threads were stopped: 0.0326120 seconds, Stopping threads took: 0.0000660 seconds
131.026: Application time: 0.0452450 seconds
131.026: [GC [PSYoungGen: 134624K->18928K(134656K)] 396213K->304451K(441344K), 0.0335370 secs] [Times: user=0.27 sys=0.00, real=0.04 secs] 
131.060: [Full GC [PSYoungGen: 18928K->0K(134656K)] [ParOldGen: 285523K->125403K(306688K)] 304451K->125403K(441344K) [PSPermGen: 9123K->9123K(21504K)], 0.1348260 secs] [Times: user=0.99 sys=0.00, real=0.13 secs] 
131.195: Total time for which application threads were stopped: 0.1686280 seconds, Stopping threads took: 0.0000880 seconds
131.237: Application time: 0.0428500 seconds
131.238: [GC [PSYoungGen: 115712K->18916K(134656K)] 241115K->158185K(441344K), 0.0176180 secs] [Times: user=0.13 sys=0.00, real=0.02 secs] 
131.255: Total time for which application threads were stopped: 0.0177570 seconds, Stopping threads took: 0.0000510 seconds
131.299: Application time: 0.0439440 seconds
131.299: [GC [PSYoungGen: 134628K->18928K(134656K)] 273897K->186086K(441344K), 0.0260120 secs] [Times: user=0.21 sys=0.00, real=0.03 secs] 
131.325: Total time for which application threads were stopped: 0.0261910 seconds, Stopping threads took: 0.0000800 seconds
131.381: Application time: 0.0556410 seconds
131.384: [GC [PSYoungGen: 134640K->18928K(134656K)] 301798K->203514K(441344K), 0.0286560 secs] [Times: user=0.22 sys=0.00, real=0.03 secs] 
131.412: Total time for which application threads were stopped: 0.0313500 seconds, Stopping threads took: 0.0026140 seconds
131.464: Application time: 0.0514450 seconds
131.464: [GC [PSYoungGen: 134640K->18912K(134656K)] 319226K->222395K(441344K), 0.0267200 secs] [Times: user=0.20 sys=0.01, real=0.02 secs] 
131.491: Total time for which application threads were stopped: 0.0268630 seconds, Stopping threads took: 0.0000560 seconds
131.542: Application time: 0.0511090 seconds
131.542: [GC [PSYoungGen: 134624K->18928K(134656K)] 338107K->242679K(441344K), 0.0284670 secs] [Times: user=0.23 sys=0.00, real=0.02 secs] 
131.570: Total time for which application threads were stopped: 0.0286170 seconds, Stopping threads took: 0.0000660 seconds
131.621: Application time: 0.0502120 seconds
131.621: [GC [PSYoungGen: 134640K->18912K(134656K)] 358391K->264192K(441344K), 0.0309210 secs] [Times: user=0.24 sys=0.00, real=0.03 secs] 
131.652: Total time for which application threads were stopped: 0.0310840 seconds, Stopping threads took: 0.0000760 seconds
131.708: Application time: 0.0567810 seconds
131.709: [GC [PSYoungGen: 134624K->18928K(134656K)] 379904K->281981K(441344K), 0.0299680 secs] [Times: user=0.23 sys=0.00, real=0.03 secs] 
131.739: Total time for which application threads were stopped: 0.0301340 seconds, Stopping threads took: 0.0000800 seconds
131.784: Application time: 0.0451330 seconds
131.784: [GC [PSYoungGen: 134640K->18912K(134656K)] 397693K->307186K(441344K), 0.0315640 secs] [Times: user=0.25 sys=0.00, real=0.03 secs] 
131.815: [Full GC [PSYoungGen: 18912K->0K(134656K)] [ParOldGen: 288274K->122464K(306688K)] 307186K->122464K(441344K) [PSPermGen: 9123K->9123K(21504K)], 0.1316880 secs] [Times: user=0.96 sys=0.00, real=0.13 secs] 
131.947: Total time for which application threads were stopped: 0.1634800 seconds, Stopping threads took: 0.0000770 seconds
131.987: Application time: 0.0401590 seconds
131.988: [GC [PSYoungGen: 115712K->18930K(134656K)] 238176K->155973K(441344K), 0.0175080 secs] [Times: user=0.14 sys=0.00, real=0.02 secs] 
132.005: Total time for which application threads were stopped: 0.0177110 seconds, Stopping threads took: 0.0000970 seconds
132.050: Application time: 0.0449310 seconds
132.050: [GC [PSYoungGen: 134642K->18928K(134656K)] 271685K->184470K(441344K), 0.0269490 secs] [Times: user=0.22 sys=0.00, real=0.03 secs] 
132.077: Total time for which application threads were stopped: 0.0271130 seconds, Stopping threads took: 0.0000720 seconds
132.134: Application time: 0.0571970 seconds
132.134: [GC [PSYoungGen: 134640K->18928K(134656K)] 300182K->202254K(441344K), 0.0273930 secs] [Times: user=0.21 sys=0.00, real=0.03 secs] 
132.162: Total time for which application threads were stopped: 0.0275910 seconds, Stopping threads took: 0.0001090 seconds
132.215: Application time: 0.0531350 seconds
132.215: [GC [PSYoungGen: 134640K->18928K(134656K)] 317966K->219863K(441344K), 0.0277740 secs] [Times: user=0.21 sys=0.00, real=0.03 secs] 
132.243: Total time for which application threads were stopped: 0.0279380 seconds, Stopping threads took: 0.0000710 seconds
132.294: Application time: 0.0508980 seconds
132.294: [GC [PSYoungGen: 134640K->18928K(134656K)] 335575K->239801K(441344K), 0.0305320 secs] [Times: user=0.24 sys=0.00, real=0.03 secs] 
132.325: Total time for which application threads were stopped: 0.0307150 seconds, Stopping threads took: 0.0000930 seconds
132.374: Application time: 0.0491520 seconds
132.374: [GC [PSYoungGen: 134640K->18912K(134656K)] 355513K->262391K(441344K), 0.0328350 secs] [Times: user=0.26 sys=0.00, real=0.03 secs] 
132.407: Total time for which application threads were stopped: 0.0330060 seconds, Stopping threads took: 0.0000830 seconds
132.461: Application time: 0.0546950 seconds
132.462: [GC [PSYoungGen: 134624K->18912K(134656K)] 378103K->280395K(441344K), 0.0325920 secs] [Times: user=0.26 sys=0.00, real=0.03 secs] 
132.494: Total time for which application threads were stopped: 0.0327470 seconds, Stopping threads took: 0.0000700 seconds
132.538: Application time: 0.0442580 seconds
132.539: [GC [PSYoungGen: 134624K->18912K(134656K)] 396107K->304871K(441344K), 0.0343030 secs] [Times: user=0.27 sys=0.00, real=0.04 secs] 
132.573: [Full GC [PSYoungGen: 18912K->0K(134656K)] [ParOldGen: 285959K->122767K(306688K)] 304871K->122767K(441344K) [PSPermGen: 9123K->9123K(21504K)], 0.1311090 secs] [Times: user=0.96 sys=0.00, real=0.13 secs] 
132.704: Total time for which application threads were stopped: 0.1656610 seconds, Stopping threads took: 0.0000860 seconds
132.746: Application time: 0.0413890 seconds
132.746: [GC [PSYoungGen: 115712K->18941K(134656K)] 238479K->155870K(441344K), 0.0175360 secs] [Times: user=0.14 sys=0.00, real=0.02 secs] 
132.763: Total time for which application threads were stopped: 0.0177210 seconds, Stopping threads took: 0.0000960 seconds
132.808: Application time: 0.0443330 seconds
132.808: [GC [PSYoungGen: 134653K->18928K(134656K)] 271582K->184202K(441344K), 0.0258850 secs] [Times: user=0.21 sys=0.00, real=0.03 secs] 
132.834: Total time for which application threads were stopped: 0.0260500 seconds, Stopping threads took: 0.0000780 seconds
132.890: Application time: 0.0558680 seconds
132.890: [GC [PSYoungGen: 134640K->18912K(134656K)] 299914K->202442K(441344K), 0.0295470 secs] [Times: user=0.22 sys=0.00, real=0.03 secs] 
132.919: Total time for which application threads were stopped: 0.0297150 seconds, Stopping threads took: 0.0000880 seconds
132.972: Application time: 0.0523260 seconds
132.972: [GC [PSYoungGen: 134624K->18928K(134656K)] 318154K->219998K(441344K), 0.0264140 secs] [Times: user=0.21 sys=0.00, real=0.02 secs] 
132.998: Total time for which application threads were stopped: 0.0265810 seconds, Stopping threads took: 0.0000800 seconds
133.050: Application time: 0.0517300 seconds
133.050: [GC [PSYoungGen: 134640K->18928K(134656K)] 335710K->239831K(441344K), 0.0291200 secs] [Times: user=0.23 sys=0.00, real=0.03 secs] 
133.079: Total time for which application threads were stopped: 0.0292900 seconds, Stopping threads took: 0.0000700 seconds
133.131: Application time: 0.0513540 seconds
133.131: [GC [PSYoungGen: 134640K->18912K(134656K)] 355543K->261995K(441344K), 0.0313750 secs] [Times: user=0.24 sys=0.00, real=0.04 secs] 
133.162: Total time for which application threads were stopped: 0.0315720 seconds, Stopping threads took: 0.0000970 seconds
133.216: Application time: 0.0542440 seconds
133.216: [GC [PSYoungGen: 134624K->18928K(134656K)] 377707K->281235K(441344K), 0.0314250 secs] [Times: user=0.25 sys=0.00, real=0.03 secs] 
133.248: Total time for which application threads were stopped: 0.0315820 seconds, Stopping threads took: 0.0000730 seconds
133.294: Application time: 0.0458870 seconds
133.296: [GC [PSYoungGen: 134640K->18912K(134656K)] 396947K->305615K(441344K), 0.0324920 secs] [Times: user=0.26 sys=0.00, real=0.03 secs] 
133.328: [Full GC [PSYoungGen: 18912K->0K(134656K)] [ParOldGen: 286702K->125535K(306688K)] 305615K->125535K(441344K) [PSPermGen: 9123K->9123K(21504K)], 0.1381340 secs] [Times: user=1.01 sys=0.00, real=0.14 secs] 
133.466: Total time for which application threads were stopped: 0.1725230 seconds, Stopping threads took: 0.0017420 seconds
133.509: Application time: 0.0427880 seconds
133.509: [GC [PSYoungGen: 115712K->18916K(134656K)] 241247K->154248K(441344K), 0.0158820 secs] [Times: user=0.12 sys=0.00, real=0.02 secs] 
133.525: Total time for which application threads were stopped: 0.0160700 seconds, Stopping threads took: 0.0001020 seconds
133.570: Application time: 0.0452240 seconds
133.571: [GC [PSYoungGen: 134628K->18918K(134656K)] 269960K->183629K(441344K), 0.0262070 secs] [Times: user=0.21 sys=0.00, real=0.03 secs] 
133.597: Total time for which application threads were stopped: 0.0263910 seconds, Stopping threads took: 0.0000810 seconds
133.648: Application time: 0.0511690 seconds
133.652: [GC [PSYoungGen: 134630K->18918K(134656K)] 299341K->205813K(441344K), 0.0282000 secs] [Times: user=0.22 sys=0.00, real=0.03 secs] 
133.680: Total time for which application threads were stopped: 0.0318500 seconds, Stopping threads took: 0.0035610 seconds
133.732: Application time: 0.0522650 seconds
133.732: [GC [PSYoungGen: 134630K->18918K(134656K)] 321525K->224912K(441344K), 0.0272290 secs] [Times: user=0.21 sys=0.00, real=0.02 secs] 
133.760: Total time for which application threads were stopped: 0.0274280 seconds, Stopping threads took: 0.0001000 seconds
133.812: Application time: 0.0526350 seconds
133.812: [GC [PSYoungGen: 134630K->18934K(134656K)] 340624K->244775K(441344K), 0.0294410 secs] [Times: user=0.24 sys=0.00, real=0.03 secs] 
133.842: Total time for which application threads were stopped: 0.0296030 seconds, Stopping threads took: 0.0000760 seconds
133.897: Application time: 0.0550150 seconds
133.900: [GC [PSYoungGen: 134646K->18918K(134656K)] 360487K->262542K(441344K), 0.0291390 secs] [Times: user=0.23 sys=0.00, real=0.02 secs] 
133.929: Total time for which application threads were stopped: 0.0319800 seconds, Stopping threads took: 0.0027540 seconds
133.978: Application time: 0.0490490 seconds
133.978: [GC [PSYoungGen: 134630K->18918K(134656K)] 378254K->283937K(441344K), 0.0306420 secs] [Times: user=0.24 sys=0.00, real=0.03 secs] 
134.009: Total time for which application threads were stopped: 0.0308110 seconds, Stopping threads took: 0.0000810 seconds
134.054: Application time: 0.0449190 seconds
134.054: [GC [PSYoungGen: 134630K->18918K(134656K)] 399649K->311069K(441344K), 0.0343740 secs] [Times: user=0.27 sys=0.00, real=0.03 secs] 
134.088: [Full GC [PSYoungGen: 18918K->0K(134656K)] [ParOldGen: 292151K->130387K(306688K)] 311069K->130387K(441344K) [PSPermGen: 9123K->9123K(21504K)], 0.1462340 secs] [Times: user=1.08 sys=0.00, real=0.15 secs] 
134.234: Total time for which application threads were stopped: 0.1808510 seconds, Stopping threads took: 0.0000880 seconds
134.280: Application time: 0.0456540 seconds
134.280: [GC [PSYoungGen: 115712K->18912K(134656K)] 246099K->156349K(441344K), 0.0151860 secs] [Times: user=0.11 sys=0.00, real=0.01 secs] 
134.295: Total time for which application threads were stopped: 0.0153740 seconds, Stopping threads took: 0.0000870 seconds
134.341: Application time: 0.0455610 seconds
134.341: [GC [PSYoungGen: 134624K->18934K(134656K)] 272061K->182007K(441344K), 0.0244290 secs] [Times: user=0.20 sys=0.00, real=0.02 secs] 
134.366: Total time for which application threads were stopped: 0.0245880 seconds, Stopping threads took: 0.0000620 seconds
134.414: Application time: 0.0483100 seconds
134.414: [GC [PSYoungGen: 134646K->18934K(134656K)] 297719K->206783K(441344K), 0.0297900 secs] [Times: user=0.22 sys=0.00, real=0.03 secs] 
134.444: Total time for which application threads were stopped: 0.0299770 seconds, Stopping threads took: 0.0000970 seconds
134.495: Application time: 0.0511310 seconds
134.495: [GC [PSYoungGen: 134646K->18934K(134656K)] 322495K->228611K(441344K), 0.0286840 secs] [Times: user=0.22 sys=0.00, real=0.03 secs] 
134.524: Total time for which application threads were stopped: 0.0288710 seconds, Stopping threads took: 0.0001000 seconds
134.577: Application time: 0.0526720 seconds
134.577: [GC [PSYoungGen: 134646K->18928K(134656K)] 344323K->248485K(441344K), 0.0313320 secs] [Times: user=0.23 sys=0.00, real=0.03 secs] 
134.608: Total time for which application threads were stopped: 0.0314970 seconds, Stopping threads took: 0.0000780 seconds
134.663: Application time: 0.0551330 seconds
134.663: [GC [PSYoungGen: 134640K->18912K(134656K)] 364197K->264476K(441344K), 0.0284330 secs] [Times: user=0.23 sys=0.00, real=0.03 secs] 
134.692: Total time for which application threads were stopped: 0.0286110 seconds, Stopping threads took: 0.0000900 seconds
134.740: Application time: 0.0478920 seconds
134.740: [GC [PSYoungGen: 134624K->18912K(134656K)] 380188K->286793K(441344K), 0.0310440 secs] [Times: user=0.24 sys=0.00, real=0.02 secs] 
134.771: Total time for which application threads were stopped: 0.0311990 seconds, Stopping threads took: 0.0000670 seconds
134.817: Application time: 0.0456520 seconds
134.817: [GC [PSYoungGen: 134624K->18928K(134656K)] 402505K->314359K(441344K), 0.0350070 secs] [Times: user=0.26 sys=0.00, real=0.04 secs] 
134.852: [Full GC [PSYoungGen: 18928K->0K(134656K)] [ParOldGen: 295430K->131773K(306688K)] 314359K->131773K(441344K) [PSPermGen: 9123K->9123K(21504K)], 0.1493560 secs] [Times: user=1.11 sys=0.00, real=0.15 secs] 
135.001: Total time for which application threads were stopped: 0.1846050 seconds, Stopping threads took: 0.0000800 seconds
135.049: Application time: 0.0477180 seconds
135.049: [GC [PSYoungGen: 115712K->18912K(134656K)] 247485K->156137K(441344K), 0.0153310 secs] [Times: user=0.12 sys=0.00, real=0.02 secs] 
135.064: Total time for which application threads were stopped: 0.0155120 seconds, Stopping threads took: 0.0000910 seconds
135.115: Application time: 0.0501090 seconds
135.115: [GC [PSYoungGen: 134624K->18928K(134656K)] 271849K->179907K(441344K), 0.0246870 secs] [Times: user=0.19 sys=0.00, real=0.02 secs] 
135.139: Total time for which application threads were stopped: 0.0248640 seconds, Stopping threads took: 0.0000890 seconds
135.185: Application time: 0.0454910 seconds
135.185: [GC [PSYoungGen: 134640K->18928K(134656K)] 295619K->205888K(441344K), 0.0287550 secs] [Times: user=0.23 sys=0.00, real=0.03 secs] 
135.214: Total time for which application threads were stopped: 0.0289300 seconds, Stopping threads took: 0.0000880 seconds
135.266: Application time: 0.0519770 seconds
135.266: [GC [PSYoungGen: 134640K->18928K(134656K)] 321600K->231160K(441344K), 0.0317730 secs] [Times: user=0.25 sys=0.01, real=0.03 secs] 
135.298: Total time for which application threads were stopped: 0.0319600 seconds, Stopping threads took: 0.0000980 seconds
135.351: Application time: 0.0527410 seconds
135.351: [GC [PSYoungGen: 134640K->18912K(134656K)] 346872K->249271K(441344K), 0.0291690 secs] [Times: user=0.23 sys=0.00, real=0.04 secs] 
135.380: Total time for which application threads were stopped: 0.0293750 seconds, Stopping threads took: 0.0001070 seconds
135.438: Application time: 0.0578720 seconds
135.438: [GC [PSYoungGen: 134624K->18928K(134656K)] 364983K->264326K(441344K), 0.0286050 secs] [Times: user=0.23 sys=0.00, real=0.03 secs] 
135.467: Total time for which application threads were stopped: 0.0287620 seconds, Stopping threads took: 0.0000730 seconds
135.512: Application time: 0.0452850 seconds
135.512: [GC [PSYoungGen: 134640K->18912K(134656K)] 380038K->287391K(441344K), 0.0293540 secs] [Times: user=0.23 sys=0.00, real=0.03 secs] 
135.541: Total time for which application threads were stopped: 0.0295160 seconds, Stopping threads took: 0.0000740 seconds
135.586: Application time: 0.0446620 seconds
135.586: [GC [PSYoungGen: 134624K->18912K(134656K)] 403103K->317342K(441344K), 0.0351400 secs] [Times: user=0.26 sys=0.00, real=0.04 secs] 
135.621: [Full GC [PSYoungGen: 18912K->0K(134656K)] [ParOldGen: 298430K->135715K(306688K)] 317342K->135715K(441344K) [PSPermGen: 9123K->9123K(21504K)], 0.1517170 secs] [Times: user=1.13 sys=0.00, real=0.15 secs] 
135.773: Total time for which application threads were stopped: 0.1870980 seconds, Stopping threads took: 0.0000970 seconds
135.823: Application time: 0.0503900 seconds
135.824: [GC [PSYoungGen: 115712K->18912K(134656K)] 251427K->160381K(441344K), 0.0157360 secs] [Times: user=0.12 sys=0.00, real=0.01 secs] 
135.839: Total time for which application threads were stopped: 0.0159330 seconds, Stopping threads took: 0.0001090 seconds
135.891: Application time: 0.0520390 seconds
135.892: [GC [PSYoungGen: 134624K->18928K(134656K)] 276093K->180101K(441344K), 0.0236640 secs] [Times: user=0.18 sys=0.00, real=0.02 secs] 
135.915: Total time for which application threads were stopped: 0.0238630 seconds, Stopping threads took: 0.0000960 seconds
135.959: Application time: 0.0439470 seconds
135.959: [GC [PSYoungGen: 134640K->18912K(134656K)] 295813K->208166K(441344K), 0.0288610 secs] [Times: user=0.23 sys=0.00, real=0.03 secs] 
135.988: Total time for which application threads were stopped: 0.0290340 seconds, Stopping threads took: 0.0000830 seconds
136.039: Application time: 0.0511710 seconds
136.040: [GC [PSYoungGen: 134624K->18912K(134656K)] 323878K->233328K(441344K), 0.0312730 secs] [Times: user=0.24 sys=0.00, real=0.02 secs] 
136.071: Total time for which application threads were stopped: 0.0314560 seconds, Stopping threads took: 0.0000990 seconds
136.123: Application time: 0.0520850 seconds
136.123: [GC [PSYoungGen: 134624K->18928K(134656K)] 349040K->251113K(441344K), 0.0273650 secs] [Times: user=0.21 sys=0.00, real=0.02 secs] 
136.151: Total time for which application threads were stopped: 0.0275380 seconds, Stopping threads took: 0.0000810 seconds
136.208: Application time: 0.0572220 seconds
136.212: [GC [PSYoungGen: 134640K->18928K(134656K)] 366825K->268304K(441344K), 0.0280600 secs] [Times: user=0.22 sys=0.00, real=0.03 secs] 
136.240: Total time for which application threads were stopped: 0.0319670 seconds, Stopping threads took: 0.0038170 seconds
136.286: Application time: 0.0464430 seconds
136.288: [GC [PSYoungGen: 134640K->18928K(134656K)] 384016K->290114K(441344K), 0.0285320 secs] [Times: user=0.23 sys=0.00, real=0.03 secs] 
136.316: Total time for which application threads were stopped: 0.0300090 seconds, Stopping threads took: 0.0013880 seconds
136.360: Application time: 0.0438530 seconds
136.360: [GC [PSYoungGen: 134640K->18928K(134656K)] 405826K->317532K(441344K), 0.0319780 secs] [Times: user=0.25 sys=0.00, real=0.03 secs] 
136.392: [Full GC [PSYoungGen: 18928K->0K(134656K)] [ParOldGen: 298603K->133274K(306688K)] 317532K->133274K(441344K) [PSPermGen: 9123K->9123K(21504K)], 0.1510210 secs] [Times: user=1.11 sys=0.01, real=0.15 secs] 
136.543: Total time for which application threads were stopped: 0.1832360 seconds, Stopping threads took: 0.0000890 seconds
136.592: Application time: 0.0482240 seconds
136.592: [GC [PSYoungGen: 115712K->18928K(134656K)] 248986K->159258K(441344K), 0.0165790 secs] [Times: user=0.13 sys=0.00, real=0.01 secs] 
136.608: Total time for which application threads were stopped: 0.0167600 seconds, Stopping threads took: 0.0000790 seconds
136.665: Application time: 0.0562820 seconds
136.665: [GC [PSYoungGen: 134449K->18928K(134656K)] 274779K->177533K(441344K), 0.0233820 secs] [Times: user=0.18 sys=0.00, real=0.02 secs] 
136.688: Total time for which application threads were stopped: 0.0235560 seconds, Stopping threads took: 0.0000860 seconds
136.729: Application time: 0.0413200 seconds
136.730: [GC [PSYoungGen: 134570K->18928K(134656K)] 293176K->206024K(441344K), 0.0287820 secs] [Times: user=0.23 sys=0.00, real=0.03 secs] 
136.758: Total time for which application threads were stopped: 0.0289580 seconds, Stopping threads took: 0.0000880 seconds
136.810: Application time: 0.0511760 seconds
136.810: [GC [PSYoungGen: 134640K->18912K(134656K)] 321736K->232405K(441344K), 0.0329420 secs] [Times: user=0.25 sys=0.00, real=0.04 secs] 
136.843: Total time for which application threads were stopped: 0.0330970 seconds, Stopping threads took: 0.0000720 seconds
136.892: Application time: 0.0495920 seconds
136.892: [GC [PSYoungGen: 134624K->18912K(134656K)] 348117K->249551K(441344K), 0.0271980 secs] [Times: user=0.21 sys=0.00, real=0.03 secs] 
136.920: Total time for which application threads were stopped: 0.0273570 seconds, Stopping threads took: 0.0000730 seconds
136.976: Application time: 0.0559250 seconds
136.976: [GC [PSYoungGen: 134624K->18928K(134656K)] 365263K->267964K(441344K), 0.0301770 secs] [Times: user=0.23 sys=0.00, real=0.03 secs] 
137.006: Total time for which application threads were stopped: 0.0303440 seconds, Stopping threads took: 0.0000780 seconds
137.055: Application time: 0.0490080 seconds
137.055: [GC [PSYoungGen: 134640K->18928K(134656K)] 383676K->288959K(441344K), 0.0284900 secs] [Times: user=0.22 sys=0.00, real=0.03 secs] 
137.084: Total time for which application threads were stopped: 0.0286590 seconds, Stopping threads took: 0.0000780 seconds
137.129: Application time: 0.0452140 seconds
137.129: [GC [PSYoungGen: 134640K->18912K(134656K)] 404671K->316557K(441344K), 0.0316210 secs] [Times: user=0.25 sys=0.00, real=0.04 secs] 
137.161: [Full GC [PSYoungGen: 18912K->0K(134656K)] [ParOldGen: 297645K->133667K(306688K)] 316557K->133667K(441344K) [PSPermGen: 9123K->9123K(21504K)], 0.1500320 secs] [Times: user=1.11 sys=0.00, real=0.14 secs] 
137.311: Total time for which application threads were stopped: 0.1818920 seconds, Stopping threads took: 0.0000810 seconds
137.357: Application time: 0.0466390 seconds
137.357: [GC [PSYoungGen: 115712K->18928K(134656K)] 249379K->159764K(441344K), 0.0161760 secs] [Times: user=0.13 sys=0.00, real=0.02 secs] 
137.374: Total time for which application threads were stopped: 0.0163370 seconds, Stopping threads took: 0.0000750 seconds
137.428: Application time: 0.0543820 seconds
137.428: [GC [PSYoungGen: 134640K->18912K(134656K)] 275476K->178780K(441344K), 0.0312340 secs] [Times: user=0.24 sys=0.00, real=0.03 secs] 
137.459: Total time for which application threads were stopped: 0.0314040 seconds, Stopping threads took: 0.0000880 seconds
137.501: Application time: 0.0418670 seconds
137.501: [GC [PSYoungGen: 134624K->18928K(134656K)] 294492K->207254K(441344K), 0.0289740 secs] [Times: user=0.23 sys=0.00, real=0.02 secs] 
137.531: Total time for which application threads were stopped: 0.0291420 seconds, Stopping threads took: 0.0000810 seconds
137.584: Application time: 0.0539920 seconds
137.585: [GC [PSYoungGen: 134640K->18928K(134656K)] 322966K->233073K(441344K), 0.0332270 secs] [Times: user=0.26 sys=0.00, real=0.03 secs] 
137.618: Total time for which application threads were stopped: 0.0333800 seconds, Stopping threads took: 0.0000690 seconds
137.669: Application time: 0.0507390 seconds
137.672: [GC [PSYoungGen: 134640K->18912K(134656K)] 348785K->250357K(441344K), 0.0276040 secs] [Times: user=0.20 sys=0.00, real=0.02 secs] 
137.699: Total time for which application threads were stopped: 0.0306670 seconds, Stopping threads took: 0.0029650 seconds
137.756: Application time: 0.0565960 seconds
137.756: [GC [PSYoungGen: 134624K->18928K(134656K)] 366069K->268876K(441344K), 0.0285130 secs] [Times: user=0.22 sys=0.00, real=0.03 secs] 
137.785: Total time for which application threads were stopped: 0.0286970 seconds, Stopping threads took: 0.0000960 seconds
137.833: Application time: 0.0480620 seconds
137.833: [GC [PSYoungGen: 134640K->18928K(134656K)] 384588K->289000K(441344K), 0.0282900 secs] [Times: user=0.22 sys=0.00, real=0.03 secs] 
137.861: Total time for which application threads were stopped: 0.0284550 seconds, Stopping threads took: 0.0000660 seconds
137.908: Application time: 0.0464590 seconds
137.908: [GC [PSYoungGen: 134640K->18912K(134656K)] 404712K->316154K(441344K), 0.0324590 secs] [Times: user=0.25 sys=0.00, real=0.04 secs] 
137.940: [Full GC [PSYoungGen: 18912K->0K(134656K)] [ParOldGen: 297241K->136862K(306688K)] 316154K->136862K(441344K) [PSPermGen: 9123K->9123K(21504K)], 0.1576150 secs] [Times: user=1.17 sys=0.00, real=0.15 secs] 
138.098: Total time for which application threads were stopped: 0.1903270 seconds, Stopping threads took: 0.0000850 seconds
138.145: Application time: 0.0472750 seconds
138.145: [GC [PSYoungGen: 115712K->18921K(134656K)] 252574K->163855K(441344K), 0.0159630 secs] [Times: user=0.12 sys=0.00, real=0.02 secs] 
138.161: Total time for which application threads were stopped: 0.0161210 seconds, Stopping threads took: 0.0000710 seconds
138.214: Application time: 0.0530420 seconds
138.214: [GC [PSYoungGen: 134633K->18912K(134656K)] 279567K->182631K(441344K), 0.0233680 secs] [Times: user=0.18 sys=0.00, real=0.02 secs] 
138.238: Total time for which application threads were stopped: 0.0235430 seconds, Stopping threads took: 0.0000790 seconds
138.282: Application time: 0.0440110 seconds
138.284: [GC [PSYoungGen: 134624K->18928K(134656K)] 298343K->210808K(441344K), 0.0289250 secs] [Times: user=0.23 sys=0.00, real=0.03 secs] 
138.313: Total time for which application threads were stopped: 0.0307070 seconds, Stopping threads took: 0.0016950 seconds
138.365: Application time: 0.0528780 seconds
138.368: [GC [PSYoungGen: 134640K->18928K(134656K)] 326520K->234977K(441344K), 0.0320180 secs] [Times: user=0.25 sys=0.00, real=0.04 secs] 
138.400: Total time for which application threads were stopped: 0.0341750 seconds, Stopping threads took: 0.0020680 seconds
138.453: Application time: 0.0534550 seconds
138.456: [GC [PSYoungGen: 134640K->18928K(134656K)] 350689K->253125K(441344K), 0.0284930 secs] [Times: user=0.22 sys=0.00, real=0.03 secs] 
138.484: Total time for which application threads were stopped: 0.0310280 seconds, Stopping threads took: 0.0024430 seconds
138.542: Application time: 0.0579080 seconds
138.542: [GC [PSYoungGen: 134640K->18912K(134656K)] 368837K->269370K(441344K), 0.0286180 secs] [Times: user=0.23 sys=0.00, real=0.02 secs] 
138.571: Total time for which application threads were stopped: 0.0287950 seconds, Stopping threads took: 0.0000910 seconds
138.605: Application time: 0.0345890 seconds
138.606: Total time for which application threads were stopped: 0.0001070 seconds, Stopping threads took: 0.0000870 seconds
138.620: Application time: 0.0147250 seconds
138.620: [GC [PSYoungGen: 134624K->18928K(134656K)] 385082K->289156K(441344K), 0.0284450 secs] [Times: user=0.22 sys=0.00, real=0.02 secs] 
138.649: Total time for which application threads were stopped: 0.0286180 seconds, Stopping threads took: 0.0000850 seconds
138.694: Application time: 0.0447410 seconds
138.694: Total time for which application threads were stopped: 0.0000970 seconds, Stopping threads took: 0.0000770 seconds
138.703: Application time: 0.0093430 seconds
138.703: [GC [PSYoungGen: 134640K->18912K(134656K)] 404868K->312811K(441344K), 0.0330710 secs] [Times: user=0.25 sys=0.00, real=0.03 secs] 
138.736: [Full GC [PSYoungGen: 18912K->0K(134656K)] [ParOldGen: 293899K->129337K(306688K)] 312811K->129337K(441344K) [PSPermGen: 9123K->9123K(21504K)], 0.1490860 secs] [Times: user=1.11 sys=0.00, real=0.15 secs] 
138.885: Total time for which application threads were stopped: 0.1823570 seconds, Stopping threads took: 0.0000540 seconds
138.914: Application time: 0.0283060 seconds
138.914: Total time for which application threads were stopped: 0.0000950 seconds, Stopping threads took: 0.0000620 seconds
138.920: Application time: 0.0062150 seconds
138.920: Total time for which application threads were stopped: 0.0000630 seconds, Stopping threads took: 0.0000430 seconds
138.956: Application time: 0.0358080 seconds
138.956: [GC [PSYoungGen: 115712K->10448K(134656K)] 245049K->139785K(441344K), 0.0144340 secs] [Times: user=0.11 sys=0.00, real=0.01 secs] 
138.971: Total time for which application threads were stopped: 0.0145620 seconds, Stopping threads took: 0.0000510 seconds
139.015: Application time: 0.0449020 seconds
139.015: Total time for which application threads were stopped: 0.0000710 seconds, Stopping threads took: 0.0000480 seconds
139.122: Application time: 0.1063440 seconds
139.122: Total time for which application threads were stopped: 0.0000270 seconds, Stopping threads took: 0.0000090 seconds
139.125: Application time: 0.0033170 seconds
139.125: [GC [PSYoungGen: 126160K->18912K(134656K)] 255497K->150911K(441344K), 0.0163680 secs] [Times: user=0.13 sys=0.00, real=0.02 secs] 
139.142: Total time for which application threads were stopped: 0.0165130 seconds, Stopping threads took: 0.0000670 seconds
139.169: Application time: 0.0272460 seconds
139.169: [GC [PSYoungGen: 134422K->18933K(134656K)] 266421K->189869K(441344K), 0.0298030 secs] [Times: user=0.22 sys=0.00, real=0.03 secs] 
139.199: Total time for which application threads were stopped: 0.0299800 seconds, Stopping threads took: 0.0000830 seconds
139.226: Application time: 0.0267340 seconds
139.226: [GC [PSYoungGen: 134645K->18912K(134656K)] 305581K->230825K(441344K), 0.0304650 secs] [Times: user=0.24 sys=0.00, real=0.03 secs] 
139.256: Total time for which application threads were stopped: 0.0307080 seconds, Stopping threads took: 0.0001530 seconds
139.293: Application time: 0.0370270 seconds
139.294: [GC [PSYoungGen: 134624K->18912K(134656K)] 346537K->275437K(441344K), 0.0405250 secs] [Times: user=0.32 sys=0.00, real=0.04 secs] 
139.334: [Full GC [PSYoungGen: 18912K->0K(134656K)] [ParOldGen: 256524K->166847K(306688K)] 275437K->166847K(441344K) [PSPermGen: 9147K->9147K(21504K)], 0.2129390 secs] [Times: user=1.60 sys=0.00, real=0.21 secs] 
139.547: Total time for which application threads were stopped: 0.2537010 seconds, Stopping threads took: 0.0000890 seconds
139.604: Application time: 0.0564330 seconds
139.608: [GC [PSYoungGen: 115712K->18944K(134656K)] 282559K->188103K(441344K), 0.0177060 secs] [Times: user=0.14 sys=0.00, real=0.02 secs] 
139.625: Total time for which application threads were stopped: 0.0218270 seconds, Stopping threads took: 0.0040220 seconds
139.689: Application time: 0.0638610 seconds
139.689: [GC [PSYoungGen: 134656K->18912K(134656K)] 303815K->197531K(441344K), 0.0221400 secs] [Times: user=0.18 sys=0.00, real=0.03 secs] 
139.712: Total time for which application threads were stopped: 0.0223330 seconds, Stopping threads took: 0.0001090 seconds
139.770: Application time: 0.0586220 seconds
139.770: [GC [PSYoungGen: 134624K->18912K(134656K)] 313243K->204915K(441344K), 0.0230420 secs] [Times: user=0.18 sys=0.00, real=0.03 secs] 
139.793: Total time for which application threads were stopped: 0.0231890 seconds, Stopping threads took: 0.0000640 seconds
139.851: Application time: 0.0576870 seconds
139.851: [GC [PSYoungGen: 134624K->18912K(134656K)] 320627K->215279K(441344K), 0.0253680 secs] [Times: user=0.20 sys=0.00, real=0.03 secs] 
139.877: Total time for which application threads were stopped: 0.0255140 seconds, Stopping threads took: 0.0000650 seconds
139.929: Application time: 0.0519840 seconds
139.929: Total time for which application threads were stopped: 0.0000870 seconds, Stopping threads took: 0.0000620 seconds
139.934: Application time: 0.0057630 seconds
139.935: [GC [PSYoungGen: 134624K->18912K(134656K)] 330991K->225868K(441344K), 0.0256480 secs] [Times: user=0.20 sys=0.00, real=0.03 secs] 
139.960: Total time for which application threads were stopped: 0.0257980 seconds, Stopping threads took: 0.0000660 seconds
139.990: Application time: 0.0293220 seconds
139.990: [GC [PSYoungGen: 134624K->18912K(134656K)] 341580K->264808K(441344K), 0.0341580 secs] [Times: user=0.26 sys=0.00, real=0.04 secs] 
140.024: Total time for which application threads were stopped: 0.0343580 seconds, Stopping threads took: 0.0001120 seconds
140.052: Application time: 0.0276380 seconds
140.052: [GC [PSYoungGen: 134624K->18928K(134656K)] 380520K->303841K(441344K), 0.0351740 secs] [Times: user=0.27 sys=0.00, real=0.03 secs] 
140.087: [Full GC [PSYoungGen: 18928K->0K(134656K)] [ParOldGen: 284913K->119734K(306688K)] 303841K->119734K(441344K) [PSPermGen: 9147K->9147K(21504K)], 0.1079450 secs] [Times: user=0.79 sys=0.00, real=0.11 secs] 
140.195: Total time for which application threads were stopped: 0.1433530 seconds, Stopping threads took: 0.0000810 seconds
140.231: Application time: 0.0361170 seconds
140.231: [GC [PSYoungGen: 115712K->18928K(134656K)] 235446K->165186K(441344K), 0.0265640 secs] [Times: user=0.21 sys=0.00, real=0.03 secs] 
140.258: Total time for which application threads were stopped: 0.0267320 seconds, Stopping threads took: 0.0000740 seconds
140.315: Application time: 0.0569280 seconds
140.315: [GC [PSYoungGen: 134640K->18928K(134656K)] 280898K->187898K(441344K), 0.0308900 secs] [Times: user=0.24 sys=0.00, real=0.03 secs] 
140.346: Total time for which application threads were stopped: 0.0310450 seconds, Stopping threads took: 0.0000700 seconds
140.409: Application time: 0.0634820 seconds
140.409: [GC [PSYoungGen: 134640K->18912K(134656K)] 303610K->196483K(441344K), 0.0277900 secs] [Times: user=0.22 sys=0.00, real=0.03 secs] 
140.437: Total time for which application threads were stopped: 0.0279590 seconds, Stopping threads took: 0.0000820 seconds
140.498: Application time: 0.0612680 seconds
140.499: [GC [PSYoungGen: 134624K->18912K(134656K)] 312195K->204927K(441344K), 0.0288050 secs] [Times: user=0.23 sys=0.00, real=0.03 secs] 
140.527: Total time for which application threads were stopped: 0.0290080 seconds, Stopping threads took: 0.0001160 seconds
140.588: Application time: 0.0607510 seconds
140.588: [GC [PSYoungGen: 134624K->18912K(134656K)] 320639K->214236K(441344K), 0.0308010 secs] [Times: user=0.25 sys=0.00, real=0.03 secs] 
140.619: Total time for which application threads were stopped: 0.0309680 seconds, Stopping threads took: 0.0000830 seconds
140.677: Application time: 0.0579690 seconds
140.677: [GC [PSYoungGen: 134624K->18912K(134656K)] 329948K->227443K(441344K), 0.0339690 secs] [Times: user=0.26 sys=0.00, real=0.03 secs] 
140.711: Total time for which application threads were stopped: 0.0341300 seconds, Stopping threads took: 0.0000760 seconds
140.744: Application time: 0.0325230 seconds
140.744: [GC [PSYoungGen: 134624K->18912K(134656K)] 343155K->263805K(441344K), 0.0401730 secs] [Times: user=0.32 sys=0.00, real=0.04 secs] 
140.784: Total time for which application threads were stopped: 0.0403500 seconds, Stopping threads took: 0.0000750 seconds
140.812: Application time: 0.0277970 seconds
140.812: [GC [PSYoungGen: 134624K->18928K(134656K)] 379517K->301823K(441344K), 0.0418880 secs] [Times: user=0.33 sys=0.00, real=0.04 secs] 
140.854: [Full GC [PSYoungGen: 18928K->0K(134656K)] [ParOldGen: 282895K->117516K(306688K)] 301823K->117516K(441344K) [PSPermGen: 9147K->9147K(21504K)], 0.1075780 secs] [Times: user=0.79 sys=0.00, real=0.11 secs] 
140.962: Total time for which application threads were stopped: 0.1497080 seconds, Stopping threads took: 0.0000940 seconds
140.997: Application time: 0.0357030 seconds
140.998: [GC [PSYoungGen: 115712K->18928K(134656K)] 233228K->162658K(441344K), 0.0256050 secs] [Times: user=0.21 sys=0.00, real=0.03 secs] 
141.023: Total time for which application threads were stopped: 0.0257960 seconds, Stopping threads took: 0.0001040 seconds
141.079: Application time: 0.0555260 seconds
141.079: [GC [PSYoungGen: 134640K->18912K(134656K)] 278370K->187231K(441344K), 0.0324210 secs] [Times: user=0.25 sys=0.00, real=0.03 secs] 
141.111: Total time for which application threads were stopped: 0.0325890 seconds, Stopping threads took: 0.0000860 seconds
141.175: Application time: 0.0641060 seconds
141.176: [GC [PSYoungGen: 134624K->18912K(134656K)] 302943K->195375K(441344K), 0.0247820 secs] [Times: user=0.19 sys=0.00, real=0.03 secs] 
141.200: Total time for which application threads were stopped: 0.0249570 seconds, Stopping threads took: 0.0000810 seconds
141.260: Application time: 0.0599910 seconds
141.261: [GC [PSYoungGen: 134624K->18928K(134656K)] 311087K->203330K(441344K), 0.0276620 secs] [Times: user=0.22 sys=0.00, real=0.02 secs] 
141.288: Total time for which application threads were stopped: 0.0278470 seconds, Stopping threads took: 0.0000920 seconds
141.348: Application time: 0.0601390 seconds
141.348: [GC [PSYoungGen: 134640K->18912K(134656K)] 319042K->212685K(441344K), 0.0304130 secs] [Times: user=0.24 sys=0.00, real=0.03 secs] 
141.379: Total time for which application threads were stopped: 0.0305710 seconds, Stopping threads took: 0.0000730 seconds
141.436: Application time: 0.0574840 seconds
141.440: [GC [PSYoungGen: 134624K->18928K(134656K)] 328397K->225560K(441344K), 0.0328900 secs] [Times: user=0.26 sys=0.00, real=0.03 secs] 
141.473: Total time for which application threads were stopped: 0.0361280 seconds, Stopping threads took: 0.0031510 seconds
141.506: Application time: 0.0337250 seconds
141.506: [GC [PSYoungGen: 134640K->18912K(134656K)] 341272K->259234K(441344K), 0.0400330 secs] [Times: user=0.31 sys=0.00, real=0.04 secs] 
141.546: Total time for which application threads were stopped: 0.0402160 seconds, Stopping threads took: 0.0000940 seconds
141.575: Application time: 0.0285690 seconds
141.575: [GC [PSYoungGen: 134624K->18928K(134656K)] 374946K->300183K(441344K), 0.0431470 secs] [Times: user=0.34 sys=0.00, real=0.04 secs] 
141.618: [Full GC [PSYoungGen: 18928K->0K(134656K)] [ParOldGen: 281255K->118278K(306688K)] 300183K->118278K(441344K) [PSPermGen: 9147K->9147K(21504K)], 0.1081410 secs] [Times: user=0.79 sys=0.00, real=0.11 secs] 
141.727: Total time for which application threads were stopped: 0.1515260 seconds, Stopping threads took: 0.0000950 seconds
141.761: Application time: 0.0341810 seconds
141.761: [GC [PSYoungGen: 115712K->18912K(134656K)] 233990K->160419K(441344K), 0.0236400 secs] [Times: user=0.18 sys=0.00, real=0.02 secs] 
141.785: Total time for which application threads were stopped: 0.0238140 seconds, Stopping threads took: 0.0000880 seconds
141.839: Application time: 0.0542440 seconds
141.839: [GC [PSYoungGen: 134624K->18912K(134656K)] 276131K->187138K(441344K), 0.0304720 secs] [Times: user=0.24 sys=0.00, real=0.03 secs] 
141.869: Total time for which application threads were stopped: 0.0306330 seconds, Stopping threads took: 0.0000620 seconds
141.931: Application time: 0.0616880 seconds
141.931: [GC [PSYoungGen: 134624K->18928K(134656K)] 302850K->194698K(441344K), 0.0239160 secs] [Times: user=0.19 sys=0.00, real=0.03 secs] 
141.955: Total time for which application threads were stopped: 0.0240920 seconds, Stopping threads took: 0.0000910 seconds
142.016: Application time: 0.0606320 seconds
142.016: [GC [PSYoungGen: 134640K->18928K(134656K)] 310410K->202462K(441344K), 0.0264660 secs] [Times: user=0.20 sys=0.00, real=0.03 secs] 
142.043: Total time for which application threads were stopped: 0.0266350 seconds, Stopping threads took: 0.0000850 seconds
142.103: Application time: 0.0605130 seconds
142.103: [GC [PSYoungGen: 134640K->18928K(134656K)] 318174K->211410K(441344K), 0.0294120 secs] [Times: user=0.23 sys=0.00, real=0.03 secs] 
142.133: Total time for which application threads were stopped: 0.0295600 seconds, Stopping threads took: 0.0000660 seconds
142.190: Application time: 0.0571630 seconds
142.192: [GC [PSYoungGen: 134464K->18912K(134656K)] 326946K->222317K(441344K), 0.0299340 secs] [Times: user=0.23 sys=0.00, real=0.03 secs] 
142.222: Total time for which application threads were stopped: 0.0318370 seconds, Stopping threads took: 0.0018200 seconds
142.254: Application time: 0.0327450 seconds
142.254: [GC [PSYoungGen: 134435K->18928K(134656K)] 337840K->258209K(441344K), 0.0382910 secs] [Times: user=0.30 sys=0.00, real=0.04 secs] 
142.293: Total time for which application threads were stopped: 0.0384790 seconds, Stopping threads took: 0.0001020 seconds
142.321: Application time: 0.0280210 seconds
142.321: [GC [PSYoungGen: 134640K->18912K(134656K)] 373921K->294883K(441344K), 0.0391960 secs] [Times: user=0.31 sys=0.00, real=0.04 secs] 
142.360: [Full GC [PSYoungGen: 18912K->0K(134656K)] [ParOldGen: 275971K->113160K(306688K)] 294883K->113160K(441344K) [PSPermGen: 9147K->9147K(21504K)], 0.1014640 secs] [Times: user=0.73 sys=0.00, real=0.10 secs] 
142.462: Total time for which application threads were stopped: 0.1408860 seconds, Stopping threads took: 0.0000690 seconds
142.497: Application time: 0.0351420 seconds
142.497: [GC [PSYoungGen: 115712K->18912K(134656K)] 228872K->159290K(441344K), 0.0254050 secs] [Times: user=0.20 sys=0.00, real=0.03 secs] 
142.523: Total time for which application threads were stopped: 0.0256080 seconds, Stopping threads took: 0.0001040 seconds
142.575: Application time: 0.0520830 seconds
142.575: [GC [PSYoungGen: 134624K->18928K(134656K)] 275002K->187072K(441344K), 0.0316130 secs] [Times: user=0.25 sys=0.00, real=0.03 secs] 
142.606: Total time for which application threads were stopped: 0.0317680 seconds, Stopping threads took: 0.0000690 seconds
142.671: Application time: 0.0642720 seconds
142.671: [GC [PSYoungGen: 134640K->18928K(134656K)] 302784K->195481K(441344K), 0.0259930 secs] [Times: user=0.20 sys=0.00, real=0.03 secs] 
142.697: Total time for which application threads were stopped: 0.0261600 seconds, Stopping threads took: 0.0000850 seconds
142.758: Application time: 0.0607940 seconds
142.758: [GC [PSYoungGen: 134640K->18912K(134656K)] 311193K->203577K(441344K), 0.0297660 secs] [Times: user=0.23 sys=0.00, real=0.03 secs] 
142.788: Total time for which application threads were stopped: 0.0299380 seconds, Stopping threads took: 0.0000860 seconds
142.847: Application time: 0.0589760 seconds
142.847: [GC [PSYoungGen: 134624K->18928K(134656K)] 319289K->212272K(441344K), 0.0329730 secs] [Times: user=0.26 sys=0.00, real=0.04 secs] 
142.880: Total time for which application threads were stopped: 0.0331480 seconds, Stopping threads took: 0.0000870 seconds
142.939: Application time: 0.0591100 seconds
142.939: [GC [PSYoungGen: 134601K->18912K(134656K)] 327946K->223561K(441344K), 0.0335780 secs] [Times: user=0.27 sys=0.00, real=0.04 secs] 
142.973: Total time for which application threads were stopped: 0.0337550 seconds, Stopping threads took: 0.0000920 seconds
143.007: Application time: 0.0344450 seconds
143.007: [GC [PSYoungGen: 134618K->18928K(134656K)] 339267K->257084K(441344K), 0.0404730 secs] [Times: user=0.32 sys=0.00, real=0.04 secs] 
143.048: Total time for which application threads were stopped: 0.0406400 seconds, Stopping threads took: 0.0000670 seconds
143.076: Application time: 0.0284080 seconds
143.076: [GC [PSYoungGen: 134640K->18928K(134656K)] 372796K->295985K(441344K), 0.0436510 secs] [Times: user=0.33 sys=0.00, real=0.05 secs] 
143.120: [Full GC [PSYoungGen: 18928K->0K(134656K)] [ParOldGen: 277056K->112893K(306688K)] 295985K->112893K(441344K) [PSPermGen: 9147K->9147K(21504K)], 0.1018340 secs] [Times: user=0.74 sys=0.00, real=0.10 secs] 
143.222: Total time for which application threads were stopped: 0.1456920 seconds, Stopping threads took: 0.0000540 seconds
143.254: Application time: 0.0326680 seconds
143.255: [GC [PSYoungGen: 115712K->18928K(134656K)] 228605K->155072K(441344K), 0.0226310 secs] [Times: user=0.18 sys=0.00, real=0.02 secs] 
143.277: Total time for which application threads were stopped: 0.0227910 seconds, Stopping threads took: 0.0000740 seconds
143.332: Application time: 0.0548360 seconds
143.332: [GC [PSYoungGen: 134640K->18928K(134656K)] 270784K->186720K(441344K), 0.0335700 secs] [Times: user=0.27 sys=0.00, real=0.03 secs] 
143.366: Total time for which application threads were stopped: 0.0337340 seconds, Stopping threads took: 0.0000770 seconds
143.428: Application time: 0.0623970 seconds
143.428: [GC [PSYoungGen: 134640K->18912K(134656K)] 302432K->195177K(441344K), 0.0248160 secs] [Times: user=0.20 sys=0.00, real=0.03 secs] 
143.453: Total time for which application threads were stopped: 0.0249870 seconds, Stopping threads took: 0.0000870 seconds
143.514: Application time: 0.0609400 seconds
143.516: [GC [PSYoungGen: 134624K->18912K(134656K)] 310889K->202705K(441344K), 0.0257580 secs] [Times: user=0.20 sys=0.00, real=0.03 secs] 
143.541: Total time for which application threads were stopped: 0.0273380 seconds, Stopping threads took: 0.0014700 seconds
143.602: Application time: 0.0609790 seconds
143.603: [GC [PSYoungGen: 134624K->18912K(134656K)] 318417K->210985K(441344K), 0.0277910 secs] [Times: user=0.21 sys=0.00, real=0.02 secs] 
143.630: Total time for which application threads were stopped: 0.0279380 seconds, Stopping threads took: 0.0000640 seconds
143.691: Application time: 0.0610720 seconds
143.692: [GC [PSYoungGen: 134624K->18912K(134656K)] 326697K->221697K(441344K), 0.0308020 secs] [Times: user=0.25 sys=0.00, real=0.03 secs] 
143.722: Total time for which application threads were stopped: 0.0309870 seconds, Stopping threads took: 0.0000990 seconds
143.757: Application time: 0.0343480 seconds
143.757: [GC [PSYoungGen: 134375K->18928K(134656K)] 337161K->255211K(441344K), 0.0379440 secs] [Times: user=0.30 sys=0.00, real=0.04 secs] 
143.795: Total time for which application threads were stopped: 0.0381170 seconds, Stopping threads took: 0.0000870 seconds
143.823: Application time: 0.0281240 seconds
143.823: [GC [PSYoungGen: 134640K->18912K(134656K)] 370923K->293220K(441344K), 0.0398820 secs] [Times: user=0.32 sys=0.00, real=0.04 secs] 
143.863: [Full GC [PSYoungGen: 18912K->0K(134656K)] [ParOldGen: 274308K->111362K(306688K)] 293220K->111362K(441344K) [PSPermGen: 9147K->9147K(21504K)], 0.0987740 secs] [Times: user=0.71 sys=0.00, real=0.10 secs] 
143.962: Total time for which application threads were stopped: 0.1389130 seconds, Stopping threads took: 0.0001030 seconds
143.996: Application time: 0.0336410 seconds
143.996: [GC [PSYoungGen: 115712K->18912K(134656K)] 227074K->155668K(441344K), 0.0238910 secs] [Times: user=0.18 sys=0.00, real=0.03 secs] 
144.020: Total time for which application threads were stopped: 0.0240560 seconds, Stopping threads took: 0.0000790 seconds
144.071: Application time: 0.0515480 seconds
144.071: [GC [PSYoungGen: 134624K->18912K(134656K)] 271380K->186351K(441344K), 0.0326510 secs] [Times: user=0.26 sys=0.00, real=0.04 secs] 
144.104: Total time for which application threads were stopped: 0.0328120 seconds, Stopping threads took: 0.0000650 seconds
144.166: Application time: 0.0618400 seconds
144.166: [GC [PSYoungGen: 134624K->18928K(134656K)] 302063K->193931K(441344K), 0.0236290 secs] [Times: user=0.19 sys=0.00, real=0.02 secs] 
144.190: Total time for which application threads were stopped: 0.0238040 seconds, Stopping threads took: 0.0000880 seconds
144.250: Application time: 0.0604060 seconds
144.250: [GC [PSYoungGen: 134640K->18928K(134656K)] 309643K->202011K(441344K), 0.0267980 secs] [Times: user=0.21 sys=0.00, real=0.03 secs] 
144.277: Total time for which application threads were stopped: 0.0269660 seconds, Stopping threads took: 0.0000870 seconds
144.338: Application time: 0.0608320 seconds
144.338: [GC [PSYoungGen: 134640K->18928K(134656K)] 317723K->210565K(441344K), 0.0284080 secs] [Times: user=0.22 sys=0.00, real=0.03 secs] 
144.366: Total time for which application threads were stopped: 0.0285880 seconds, Stopping threads took: 0.0000950 seconds
144.424: Application time: 0.0574100 seconds
144.424: [GC [PSYoungGen: 134632K->18912K(134656K)] 326269K->221503K(441344K), 0.0308780 secs] [Times: user=0.24 sys=0.00, real=0.03 secs] 
144.455: Total time for which application threads were stopped: 0.0310530 seconds, Stopping threads took: 0.0000920 seconds
144.490: Application time: 0.0351790 seconds
144.490: [GC [PSYoungGen: 134624K->18912K(134656K)] 337215K->254537K(441344K), 0.0386360 secs] [Times: user=0.30 sys=0.00, real=0.04 secs] 
144.529: Total time for which application threads were stopped: 0.0387990 seconds, Stopping threads took: 0.0000740 seconds
144.558: Application time: 0.0294640 seconds
144.558: [GC [PSYoungGen: 134624K->18928K(134656K)] 370249K->292350K(441344K), 0.0405870 secs] [Times: user=0.32 sys=0.00, real=0.04 secs] 
144.599: [Full GC [PSYoungGen: 18928K->0K(134656K)] [ParOldGen: 273422K->115138K(306688K)] 292350K->115138K(441344K) [PSPermGen: 9147K->9147K(21504K)], 0.1056260 secs] [Times: user=0.77 sys=0.00, real=0.11 secs] 
144.705: Total time for which application threads were stopped: 0.1464480 seconds, Stopping threads took: 0.0000720 seconds
144.739: Application time: 0.0338800 seconds
144.739: [GC [PSYoungGen: 115712K->18912K(134656K)] 230850K->158348K(441344K), 0.0236730 secs] [Times: user=0.18 sys=0.00, real=0.03 secs] 
144.763: Total time for which application threads were stopped: 0.0238540 seconds, Stopping threads took: 0.0000850 seconds
144.813: Application time: 0.0502890 seconds
144.813: [GC [PSYoungGen: 134624K->18912K(134656K)] 274060K->190480K(441344K), 0.0324290 secs] [Times: user=0.26 sys=0.00, real=0.03 secs] 
144.845: Total time for which application threads were stopped: 0.0325930 seconds, Stopping threads took: 0.0000810 seconds
144.906: Application time: 0.0610010 seconds
144.907: [GC [PSYoungGen: 134624K->18944K(134656K)] 306192K->199620K(441344K), 0.0248930 secs] [Times: user=0.19 sys=0.00, real=0.02 secs] 
144.932: Total time for which application threads were stopped: 0.0250960 seconds, Stopping threads took: 0.0001080 seconds
144.992: Application time: 0.0607850 seconds
144.992: [GC [PSYoungGen: 134656K->18928K(134656K)] 315332K->207700K(441344K), 0.0314310 secs] [Times: user=0.23 sys=0.00, real=0.03 secs] 
145.024: Total time for which application threads were stopped: 0.0315910 seconds, Stopping threads took: 0.0000770 seconds
145.084: Application time: 0.0601840 seconds
145.084: [GC [PSYoungGen: 134640K->18912K(134656K)] 323412K->215485K(441344K), 0.0314490 secs] [Times: user=0.24 sys=0.00, real=0.03 secs] 
145.116: Total time for which application threads were stopped: 0.0315910 seconds, Stopping threads took: 0.0000590 seconds
145.177: Application time: 0.0608730 seconds
145.177: [GC [PSYoungGen: 134624K->18928K(134656K)] 331197K->226340K(441344K), 0.0307980 secs] [Times: user=0.24 sys=0.00, real=0.03 secs] 
145.208: Total time for which application threads were stopped: 0.0309860 seconds, Stopping threads took: 0.0000960 seconds
145.244: Application time: 0.0363330 seconds
145.244: [GC [PSYoungGen: 134640K->18912K(134656K)] 342052K->259278K(441344K), 0.0373460 secs] [Times: user=0.30 sys=0.00, real=0.04 secs] 
145.281: Total time for which application threads were stopped: 0.0375370 seconds, Stopping threads took: 0.0000840 seconds
145.311: Application time: 0.0295100 seconds
145.311: [GC [PSYoungGen: 134624K->18928K(134656K)] 374990K->295945K(441344K), 0.0388460 secs] [Times: user=0.31 sys=0.00, real=0.04 secs] 
145.350: [Full GC [PSYoungGen: 18928K->0K(134656K)] [ParOldGen: 277017K->114155K(306688K)] 295945K->114155K(441344K) [PSPermGen: 9147K->9147K(21504K)], 0.1043120 secs] [Times: user=0.76 sys=0.00, real=0.11 secs] 
145.454: Total time for which application threads were stopped: 0.1433980 seconds, Stopping threads took: 0.0000890 seconds
145.491: Application time: 0.0362380 seconds
145.491: [GC [PSYoungGen: 115618K->18912K(134656K)] 229774K->158479K(441344K), 0.0250590 secs] [Times: user=0.20 sys=0.00, real=0.03 secs] 
145.516: Total time for which application threads were stopped: 0.0252500 seconds, Stopping threads took: 0.0001010 seconds
145.564: Application time: 0.0485630 seconds
145.565: [GC [PSYoungGen: 134624K->18944K(134656K)] 274191K->189493K(441344K), 0.0323480 secs] [Times: user=0.26 sys=0.00, real=0.03 secs] 
145.597: Total time for which application threads were stopped: 0.0325190 seconds, Stopping threads took: 0.0000860 seconds
145.657: Application time: 0.0599110 seconds
145.657: [GC [PSYoungGen: 134656K->18944K(134656K)] 305205K->200753K(441344K), 0.0272540 secs] [Times: user=0.22 sys=0.00, real=0.03 secs] 
145.684: Total time for which application threads were stopped: 0.0274100 seconds, Stopping threads took: 0.0000710 seconds
145.744: Application time: 0.0601390 seconds
145.745: [GC [PSYoungGen: 134656K->18928K(134656K)] 316465K->209057K(441344K), 0.0284770 secs] [Times: user=0.22 sys=0.00, real=0.03 secs] 
145.773: Total time for which application threads were stopped: 0.0286410 seconds, Stopping threads took: 0.0000660 seconds
145.834: Application time: 0.0607510 seconds
145.834: [GC [PSYoungGen: 134640K->18912K(134656K)] 324769K->217690K(441344K), 0.0313850 secs] [Times: user=0.25 sys=0.00, real=0.03 secs] 
145.865: Total time for which application threads were stopped: 0.0315570 seconds, Stopping threads took: 0.0000880 seconds
145.927: Application time: 0.0618440 seconds
145.927: [GC [PSYoungGen: 134624K->18928K(134656K)] 333402K->227693K(441344K), 0.0327690 secs] [Times: user=0.25 sys=0.01, real=0.04 secs] 
145.960: Total time for which application threads were stopped: 0.0329340 seconds, Stopping threads took: 0.0000790 seconds
145.997: Application time: 0.0368410 seconds
145.997: [GC [PSYoungGen: 134640K->18928K(134656K)] 343405K->259562K(441344K), 0.0399770 secs] [Times: user=0.31 sys=0.00, real=0.04 secs] 
146.037: Total time for which application threads were stopped: 0.0401750 seconds, Stopping threads took: 0.0001080 seconds
146.067: Application time: 0.0299050 seconds
146.067: [GC [PSYoungGen: 134640K->18912K(134656K)] 375274K->296643K(441344K), 0.0454840 secs] [Times: user=0.35 sys=0.00, real=0.05 secs] 
146.113: [Full GC [PSYoungGen: 18912K->0K(134656K)] [ParOldGen: 277731K->114325K(306688K)] 296643K->114325K(441344K) [PSPermGen: 9147K->9147K(21504K)], 0.1049050 secs] [Times: user=0.77 sys=0.00, real=0.10 secs] 
146.218: Total time for which application threads were stopped: 0.1506360 seconds, Stopping threads took: 0.0000930 seconds
146.254: Application time: 0.0367060 seconds
146.255: [GC [PSYoungGen: 115712K->18928K(134656K)] 230037K->157658K(441344K), 0.0244180 secs] [Times: user=0.19 sys=0.00, real=0.02 secs] 
146.281: Total time for which application threads were stopped: 0.0261080 seconds, Stopping threads took: 0.0001130 seconds
146.328: Application time: 0.0476860 seconds
146.328: [GC [PSYoungGen: 134640K->18912K(134656K)] 273370K->189769K(441344K), 0.0310290 secs] [Times: user=0.25 sys=0.00, real=0.03 secs] 
146.359: Total time for which application threads were stopped: 0.0312070 seconds, Stopping threads took: 0.0000930 seconds
146.420: Application time: 0.0606790 seconds
146.420: [GC [PSYoungGen: 134624K->18928K(134656K)] 305481K->201810K(441344K), 0.0308250 secs] [Times: user=0.22 sys=0.00, real=0.02 secs] 
146.451: Total time for which application threads were stopped: 0.0309890 seconds, Stopping threads took: 0.0000800 seconds
146.513: Application time: 0.0617850 seconds
146.513: [GC [PSYoungGen: 134640K->18912K(134656K)] 317522K->209918K(441344K), 0.0324720 secs] [Times: user=0.24 sys=0.00, real=0.03 secs] 
146.546: Total time for which application threads were stopped: 0.0326720 seconds, Stopping threads took: 0.0001170 seconds
146.606: Application time: 0.0608560 seconds
146.607: [GC [PSYoungGen: 134624K->18912K(134656K)] 325630K->218236K(441344K), 0.0277180 secs] [Times: user=0.22 sys=0.00, real=0.03 secs] 
146.634: Total time for which application threads were stopped: 0.0278810 seconds, Stopping threads took: 0.0000830 seconds
146.694: Application time: 0.0595700 seconds
146.694: [GC [PSYoungGen: 134598K->18928K(134656K)] 333923K->228227K(441344K), 0.0309090 secs] [Times: user=0.24 sys=0.00, real=0.03 secs] 
146.725: Total time for which application threads were stopped: 0.0310740 seconds, Stopping threads took: 0.0000850 seconds
146.763: Application time: 0.0379370 seconds
146.763: [GC [PSYoungGen: 134640K->18912K(134656K)] 343939K->258852K(441344K), 0.0375940 secs] [Times: user=0.30 sys=0.00, real=0.04 secs] 
146.801: Total time for which application threads were stopped: 0.0377970 seconds, Stopping threads took: 0.0001020 seconds
146.832: Application time: 0.0315060 seconds
146.832: [GC [PSYoungGen: 134624K->18928K(134656K)] 374564K->295978K(441344K), 0.0406000 secs] [Times: user=0.31 sys=0.00, real=0.04 secs] 
146.873: [Full GC [PSYoungGen: 18928K->0K(134656K)] [ParOldGen: 277049K->112686K(306688K)] 295978K->112686K(441344K) [PSPermGen: 9147K->9147K(21504K)], 0.1058870 secs] [Times: user=0.77 sys=0.00, real=0.10 secs] 
146.979: Total time for which application threads were stopped: 0.1467470 seconds, Stopping threads took: 0.0001010 seconds
147.014: Application time: 0.0346310 seconds
147.014: [GC [PSYoungGen: 115712K->18937K(134656K)] 228398K->153741K(441344K), 0.0221050 secs] [Times: user=0.17 sys=0.00, real=0.02 secs] 
147.036: Total time for which application threads were stopped: 0.0222680 seconds, Stopping threads took: 0.0000750 seconds
147.085: Application time: 0.0487870 seconds
147.085: [GC [PSYoungGen: 134649K->18928K(134656K)] 269453K->188738K(441344K), 0.0334620 secs] [Times: user=0.25 sys=0.00, real=0.03 secs] 
147.118: Total time for which application threads were stopped: 0.0336600 seconds, Stopping threads took: 0.0001110 seconds
147.179: Application time: 0.0606070 seconds
147.179: [GC [PSYoungGen: 134640K->18912K(134656K)] 304450K->200122K(441344K), 0.0238270 secs] [Times: user=0.19 sys=0.00, real=0.03 secs] 
147.203: Total time for which application threads were stopped: 0.0239840 seconds, Stopping threads took: 0.0000740 seconds
147.265: Application time: 0.0626290 seconds
147.266: [GC [PSYoungGen: 134624K->18912K(134656K)] 315834K->207610K(441344K), 0.0235310 secs] [Times: user=0.18 sys=0.00, real=0.02 secs] 
147.289: Total time for which application threads were stopped: 0.0237270 seconds, Stopping threads took: 0.0001000 seconds
147.349: Application time: 0.0599660 seconds
147.349: [GC [PSYoungGen: 134624K->18912K(134656K)] 323322K->215618K(441344K), 0.0279350 secs] [Times: user=0.22 sys=0.00, real=0.03 secs] 
147.377: Total time for which application threads were stopped: 0.0281110 seconds, Stopping threads took: 0.0000960 seconds
147.437: Application time: 0.0597960 seconds
147.437: [GC [PSYoungGen: 134624K->18912K(134656K)] 331330K->224929K(441344K), 0.0276790 secs] [Times: user=0.22 sys=0.00, real=0.03 secs] 
147.465: Total time for which application threads were stopped: 0.0278420 seconds, Stopping threads took: 0.0000810 seconds
147.505: Application time: 0.0403200 seconds
147.505: [GC [PSYoungGen: 134624K->18912K(134656K)] 340641K->254365K(441344K), 0.0338240 secs] [Times: user=0.27 sys=0.00, real=0.03 secs] 
147.539: Total time for which application threads were stopped: 0.0340010 seconds, Stopping threads took: 0.0000880 seconds
147.570: Application time: 0.0311120 seconds
147.570: [GC [PSYoungGen: 134620K->18912K(134656K)] 370073K->292129K(441344K), 0.0368220 secs] [Times: user=0.30 sys=0.00, real=0.04 secs] 
147.607: [Full GC [PSYoungGen: 18912K->0K(134656K)] [ParOldGen: 273217K->110007K(306688K)] 292129K->110007K(441344K) [PSPermGen: 9147K->9147K(21504K)], 0.1015260 secs] [Times: user=0.73 sys=0.00, real=0.10 secs] 
147.709: Total time for which application threads were stopped: 0.1385720 seconds, Stopping threads took: 0.0000680 seconds
147.742: Application time: 0.0334190 seconds
147.743: [GC [PSYoungGen: 115712K->18928K(134656K)] 225719K->151816K(441344K), 0.0220470 secs] [Times: user=0.18 sys=0.00, real=0.02 secs] 
147.765: Total time for which application threads were stopped: 0.0222270 seconds, Stopping threads took: 0.0000940 seconds
147.811: Application time: 0.0463180 seconds
147.811: [GC [PSYoungGen: 134640K->18928K(134656K)] 267528K->187808K(441344K), 0.0332730 secs] [Times: user=0.27 sys=0.00, real=0.04 secs] 
147.844: Total time for which application threads were stopped: 0.0334570 seconds, Stopping threads took: 0.0000860 seconds
147.904: Application time: 0.0594900 seconds
147.904: [GC [PSYoungGen: 134640K->18912K(134656K)] 303520K->198817K(441344K), 0.0257930 secs] [Times: user=0.21 sys=0.00, real=0.02 secs] 
147.930: Total time for which application threads were stopped: 0.0259650 seconds, Stopping threads took: 0.0000870 seconds
147.991: Application time: 0.0616430 seconds
147.992: [GC [PSYoungGen: 134624K->18912K(134656K)] 314529K->207186K(441344K), 0.0268410 secs] [Times: user=0.21 sys=0.00, real=0.02 secs] 
148.019: Total time for which application threads were stopped: 0.0270220 seconds, Stopping threads took: 0.0000980 seconds
148.080: Application time: 0.0615180 seconds
148.080: [GC [PSYoungGen: 134624K->18912K(134656K)] 322898K->215694K(441344K), 0.0306440 secs] [Times: user=0.23 sys=0.00, real=0.02 secs] 
148.111: Total time for which application threads were stopped: 0.0308220 seconds, Stopping threads took: 0.0000970 seconds
148.171: Application time: 0.0605390 seconds
148.176: [GC [PSYoungGen: 134624K->18928K(134656K)] 331406K->225887K(441344K), 0.0320530 secs] [Times: user=0.26 sys=0.00, real=0.03 secs] 
148.208: Total time for which application threads were stopped: 0.0362880 seconds, Stopping threads took: 0.0041490 seconds
148.249: Application time: 0.0416080 seconds
148.249: [GC [PSYoungGen: 134640K->18912K(134656K)] 341599K->253366K(441344K), 0.0363900 secs] [Times: user=0.29 sys=0.00, real=0.04 secs] 
148.286: Total time for which application threads were stopped: 0.0365540 seconds, Stopping threads took: 0.0000760 seconds
148.317: Application time: 0.0313570 seconds
148.317: [GC [PSYoungGen: 134624K->18928K(134656K)] 369078K->289984K(441344K), 0.0403960 secs] [Times: user=0.32 sys=0.00, real=0.04 secs] 
148.358: [Full GC [PSYoungGen: 18928K->0K(134656K)] [ParOldGen: 271056K->110843K(306688K)] 289984K->110843K(441344K) [PSPermGen: 9147K->9147K(21504K)], 0.1044690 secs] [Times: user=0.76 sys=0.00, real=0.11 secs] 
148.462: Total time for which application threads were stopped: 0.1451830 seconds, Stopping threads took: 0.0001530 seconds
148.494: Application time: 0.0320300 seconds
148.495: [GC [PSYoungGen: 115712K->18930K(134656K)] 226555K->152363K(441344K), 0.0213780 secs] [Times: user=0.17 sys=0.00, real=0.02 secs] 
148.516: Total time for which application threads were stopped: 0.0215520 seconds, Stopping threads took: 0.0000830 seconds
148.563: Application time: 0.0467990 seconds
148.563: [GC [PSYoungGen: 134642K->18944K(134656K)] 268075K->191766K(441344K), 0.0354840 secs] [Times: user=0.28 sys=0.00, real=0.03 secs] 
148.598: Total time for which application threads were stopped: 0.0356460 seconds, Stopping threads took: 0.0000770 seconds
148.658: Application time: 0.0593260 seconds
148.658: [GC [PSYoungGen: 134656K->18944K(134656K)] 307478K->202983K(441344K), 0.0252420 secs] [Times: user=0.20 sys=0.00, real=0.03 secs] 
148.683: Total time for which application threads were stopped: 0.0254290 seconds, Stopping threads took: 0.0001040 seconds
148.747: Application time: 0.0635430 seconds
148.747: [GC [PSYoungGen: 134656K->18912K(134656K)] 318695K->211443K(441344K), 0.0260100 secs] [Times: user=0.20 sys=0.00, real=0.03 secs] 
148.773: Total time for which application threads were stopped: 0.0262050 seconds, Stopping threads took: 0.0001140 seconds
148.833: Application time: 0.0601850 seconds
148.833: [GC [PSYoungGen: 134624K->18912K(134656K)] 327155K->219423K(441344K), 0.0266950 secs] [Times: user=0.21 sys=0.00, real=0.03 secs] 
148.860: Total time for which application threads were stopped: 0.0268700 seconds, Stopping threads took: 0.0000820 seconds
148.920: Application time: 0.0596580 seconds
148.924: [GC [PSYoungGen: 134624K->18928K(134656K)] 335135K->230780K(441344K), 0.0320030 secs] [Times: user=0.23 sys=0.00, real=0.03 secs] 
148.956: Total time for which application threads were stopped: 0.0359670 seconds, Stopping threads took: 0.0038790 seconds
148.998: Application time: 0.0427970 seconds
148.999: [GC [PSYoungGen: 134640K->18928K(134656K)] 346492K->255787K(441344K), 0.0338560 secs] [Times: user=0.27 sys=0.00, real=0.04 secs] 
149.032: Total time for which application threads were stopped: 0.0340170 seconds, Stopping threads took: 0.0000730 seconds
149.063: Application time: 0.0302360 seconds
149.063: [GC [PSYoungGen: 134640K->18912K(134656K)] 371499K->293398K(441344K), 0.0382840 secs] [Times: user=0.30 sys=0.00, real=0.04 secs] 
149.101: [Full GC [PSYoungGen: 18912K->0K(134656K)] [ParOldGen: 274486K->98863K(306688K)] 293398K->98863K(441344K) [PSPermGen: 9147K->9147K(21504K)], 0.0848380 secs] [Times: user=0.60 sys=0.00, real=0.08 secs] 
149.186: Total time for which application threads were stopped: 0.1233460 seconds, Stopping threads took: 0.0000730 seconds
149.217: Application time: 0.0307220 seconds
149.217: [GC [PSYoungGen: 115712K->18928K(134656K)] 214575K->138919K(441344K), 0.0198920 secs] [Times: user=0.15 sys=0.00, real=0.02 secs] 
149.237: Total time for which application threads were stopped: 0.0201070 seconds, Stopping threads took: 0.0001270 seconds
149.283: Application time: 0.0464910 seconds
149.284: [GC [PSYoungGen: 134640K->18928K(134656K)] 254631K->181330K(441344K), 0.0371740 secs] [Times: user=0.29 sys=0.01, real=0.04 secs] 
149.321: Total time for which application threads were stopped: 0.0373530 seconds, Stopping threads took: 0.0000930 seconds
149.379: Application time: 0.0587010 seconds
149.384: [GC [PSYoungGen: 134640K->18944K(134656K)] 297042K->191798K(441344K), 0.0257030 secs] [Times: user=0.20 sys=0.00, real=0.02 secs] 
149.409: Total time for which application threads were stopped: 0.0299050 seconds, Stopping threads took: 0.0041060 seconds
149.474: Application time: 0.0642660 seconds
149.474: [GC [PSYoungGen: 134656K->18928K(134656K)] 307510K->200363K(441344K), 0.0263070 secs] [Times: user=0.21 sys=0.00, real=0.03 secs] 
149.500: Total time for which application threads were stopped: 0.0264840 seconds, Stopping threads took: 0.0000910 seconds
149.562: Application time: 0.0620660 seconds
149.562: [GC [PSYoungGen: 134640K->18944K(134656K)] 316075K->208375K(441344K), 0.0288040 secs] [Times: user=0.22 sys=0.00, real=0.02 secs] 
149.591: Total time for which application threads were stopped: 0.0289700 seconds, Stopping threads took: 0.0000790 seconds
149.651: Application time: 0.0598350 seconds
149.651: [GC [PSYoungGen: 134656K->18912K(134656K)] 324087K->220084K(441344K), 0.0315030 secs] [Times: user=0.25 sys=0.00, real=0.04 secs] 
149.683: Total time for which application threads were stopped: 0.0316700 seconds, Stopping threads took: 0.0000830 seconds
149.726: Application time: 0.0437350 seconds
149.727: [GC [PSYoungGen: 134531K->18912K(134656K)] 335704K->244690K(441344K), 0.0365240 secs] [Times: user=0.27 sys=0.00, real=0.04 secs] 
149.763: Total time for which application threads were stopped: 0.0367170 seconds, Stopping threads took: 0.0001050 seconds
149.794: Application time: 0.0305800 seconds
149.794: [GC [PSYoungGen: 134624K->18912K(134656K)] 360402K->280863K(441344K), 0.0393830 secs] [Times: user=0.31 sys=0.00, real=0.04 secs] 
149.833: [Full GC [PSYoungGen: 18912K->0K(134656K)] [ParOldGen: 261951K->107832K(306688K)] 280863K->107832K(441344K) [PSPermGen: 9147K->9147K(21504K)], 0.0987840 secs] [Times: user=0.72 sys=0.00, real=0.10 secs] 
149.932: Total time for which application threads were stopped: 0.1384150 seconds, Stopping threads took: 0.0000950 seconds
149.965: Application time: 0.0325380 seconds
149.965: [GC [PSYoungGen: 115712K->18917K(134656K)] 223544K->149344K(441344K), 0.0213780 secs] [Times: user=0.17 sys=0.00, real=0.02 secs] 
149.986: Total time for which application threads were stopped: 0.0215680 seconds, Stopping threads took: 0.0000920 seconds
150.030: Application time: 0.0442460 seconds
150.031: [GC [PSYoungGen: 134629K->18912K(134656K)] 265056K->188885K(441344K), 0.0341850 secs] [Times: user=0.27 sys=0.00, real=0.04 secs] 
150.065: Total time for which application threads were stopped: 0.0343660 seconds, Stopping threads took: 0.0000960 seconds
150.124: Application time: 0.0589100 seconds
150.124: [GC [PSYoungGen: 134624K->18944K(134656K)] 304597K->202282K(441344K), 0.0265250 secs] [Times: user=0.21 sys=0.00, real=0.02 secs] 
150.150: Total time for which application threads were stopped: 0.0266770 seconds, Stopping threads took: 0.0000690 seconds
150.215: Application time: 0.0642840 seconds
150.215: [GC [PSYoungGen: 134656K->18928K(134656K)] 317994K->210462K(441344K), 0.0257740 secs] [Times: user=0.21 sys=0.00, real=0.03 secs] 
150.241: Total time for which application threads were stopped: 0.0259330 seconds, Stopping threads took: 0.0000760 seconds
150.302: Application time: 0.0618210 seconds
150.303: [GC [PSYoungGen: 134640K->18912K(134656K)] 326174K->218818K(441344K), 0.0287780 secs] [Times: user=0.23 sys=0.00, real=0.02 secs] 
150.331: Total time for which application threads were stopped: 0.0289760 seconds, Stopping threads took: 0.0001030 seconds
150.392: Application time: 0.0602240 seconds
150.392: [GC [PSYoungGen: 134624K->18912K(134656K)] 334530K->228780K(441344K), 0.0287860 secs] [Times: user=0.23 sys=0.00, real=0.03 secs] 
150.421: Total time for which application threads were stopped: 0.0289320 seconds, Stopping threads took: 0.0000650 seconds
150.464: Application time: 0.0438460 seconds
150.465: [GC [PSYoungGen: 134624K->18912K(134656K)] 344492K->254171K(441344K), 0.0345080 secs] [Times: user=0.26 sys=0.00, real=0.03 secs] 
150.499: Total time for which application threads were stopped: 0.0346700 seconds, Stopping threads took: 0.0000740 seconds
150.530: Application time: 0.0311240 seconds
150.530: [GC [PSYoungGen: 134624K->18912K(134656K)] 369883K->291681K(441344K), 0.0391230 secs] [Times: user=0.31 sys=0.00, real=0.04 secs] 
150.570: [Full GC [PSYoungGen: 18912K->0K(134656K)] [ParOldGen: 272769K->110988K(306688K)] 291681K->110988K(441344K) [PSPermGen: 9147K->9147K(21504K)], 0.1053020 secs] [Times: user=0.77 sys=0.00, real=0.11 secs] 
150.675: Total time for which application threads were stopped: 0.1446830 seconds, Stopping threads took: 0.0000930 seconds
150.709: Application time: 0.0340810 seconds
150.709: [GC [PSYoungGen: 115712K->18928K(134656K)] 226700K->150677K(441344K), 0.0213460 secs] [Times: user=0.17 sys=0.00, real=0.02 secs] 
150.731: Total time for which application threads were stopped: 0.0215580 seconds, Stopping threads took: 0.0001240 seconds
150.773: Application time: 0.0426330 seconds
150.773: [GC [PSYoungGen: 134640K->18912K(134656K)] 266389K->188079K(441344K), 0.0334130 secs] [Times: user=0.27 sys=0.00, real=0.03 secs] 
150.807: Total time for which application threads were stopped: 0.0335670 seconds, Stopping threads took: 0.0000680 seconds
150.866: Application time: 0.0588590 seconds
150.866: [GC [PSYoungGen: 134624K->18912K(134656K)] 303791K->205183K(441344K), 0.0301580 secs] [Times: user=0.24 sys=0.00, real=0.03 secs] 
150.896: Total time for which application threads were stopped: 0.0303140 seconds, Stopping threads took: 0.0000710 seconds
150.959: Application time: 0.0631310 seconds
150.959: [GC [PSYoungGen: 134624K->18928K(134656K)] 320895K->213483K(441344K), 0.0272300 secs] [Times: user=0.21 sys=0.00, real=0.03 secs] 
150.987: Total time for which application threads were stopped: 0.0274340 seconds, Stopping threads took: 0.0001170 seconds
151.048: Application time: 0.0612670 seconds
151.048: [GC [PSYoungGen: 134640K->18928K(134656K)] 329195K->221434K(441344K), 0.0358950 secs] [Times: user=0.27 sys=0.00, real=0.04 secs] 
151.084: Total time for which application threads were stopped: 0.0360790 seconds, Stopping threads took: 0.0000890 seconds
151.145: Application time: 0.0613610 seconds
151.145: [GC [PSYoungGen: 134640K->18912K(134656K)] 337146K->230983K(441344K), 0.0327240 secs] [Times: user=0.25 sys=0.00, real=0.03 secs] 
151.178: Total time for which application threads were stopped: 0.0328940 seconds, Stopping threads took: 0.0000900 seconds
151.223: Application time: 0.0452350 seconds
151.223: [GC [PSYoungGen: 134624K->18912K(134656K)] 346695K->255504K(441344K), 0.0364490 secs] [Times: user=0.29 sys=0.00, real=0.04 secs] 
151.260: Total time for which application threads were stopped: 0.0366240 seconds, Stopping threads took: 0.0000860 seconds
151.293: Application time: 0.0328730 seconds
151.293: [GC [PSYoungGen: 134624K->18912K(134656K)] 371216K->291571K(441344K), 0.0413950 secs] [Times: user=0.32 sys=0.00, real=0.04 secs] 
151.334: [Full GC [PSYoungGen: 18912K->0K(134656K)] [ParOldGen: 272659K->109049K(306688K)] 291571K->109049K(441344K) [PSPermGen: 9147K->9147K(21504K)], 0.1065130 secs] [Times: user=0.77 sys=0.00, real=0.11 secs] 
151.441: Total time for which application threads were stopped: 0.1481280 seconds, Stopping threads took: 0.0000660 seconds
151.475: Application time: 0.0342880 seconds
151.475: [GC [PSYoungGen: 115712K->18937K(134656K)] 224761K->147920K(441344K), 0.0201870 secs] [Times: user=0.16 sys=0.00, real=0.02 secs] 
151.496: Total time for which application threads were stopped: 0.0203520 seconds, Stopping threads took: 0.0000650 seconds
151.539: Application time: 0.0430400 seconds
151.539: [GC [PSYoungGen: 134649K->18928K(134656K)] 263632K->186861K(441344K), 0.0327630 secs] [Times: user=0.26 sys=0.00, real=0.04 secs] 
151.572: Total time for which application threads were stopped: 0.0329360 seconds, Stopping threads took: 0.0000840 seconds
151.629: Application time: 0.0569970 seconds
151.629: [GC [PSYoungGen: 134640K->18912K(134656K)] 302573K->204629K(441344K), 0.0274330 secs] [Times: user=0.21 sys=0.00, real=0.03 secs] 
151.656: Total time for which application threads were stopped: 0.0276270 seconds, Stopping threads took: 0.0000960 seconds
151.718: Application time: 0.0618040 seconds
151.718: [GC [PSYoungGen: 134624K->18912K(134656K)] 320341K->212722K(441344K), 0.0253030 secs] [Times: user=0.19 sys=0.01, real=0.03 secs] 
151.744: Total time for which application threads were stopped: 0.0254980 seconds, Stopping threads took: 0.0001040 seconds
151.805: Application time: 0.0619380 seconds
151.806: [GC [PSYoungGen: 134624K->18912K(134656K)] 328434K->221406K(441344K), 0.0255640 secs] [Times: user=0.20 sys=0.00, real=0.02 secs] 
151.831: Total time for which application threads were stopped: 0.0257340 seconds, Stopping threads took: 0.0000880 seconds
151.892: Application time: 0.0605050 seconds
151.892: [GC [PSYoungGen: 134624K->18912K(134656K)] 337118K->231173K(441344K), 0.0260060 secs] [Times: user=0.20 sys=0.00, real=0.02 secs] 
151.918: Total time for which application threads were stopped: 0.0261600 seconds, Stopping threads took: 0.0000740 seconds
151.959: Application time: 0.0406180 seconds
151.959: [GC [PSYoungGen: 134624K->18928K(134656K)] 346885K->259615K(441344K), 0.0315850 secs] [Times: user=0.25 sys=0.00, real=0.03 secs] 
151.990: Total time for which application threads were stopped: 0.0317630 seconds, Stopping threads took: 0.0000900 seconds
152.029: Application time: 0.0390550 seconds
152.029: [GC [PSYoungGen: 134640K->18912K(134656K)] 375327K->294252K(441344K), 0.0361840 secs] [Times: user=0.29 sys=0.00, real=0.04 secs] 
152.066: [Full GC [PSYoungGen: 18912K->0K(134656K)] [ParOldGen: 275340K->116102K(306688K)] 294252K->116102K(441344K) [PSPermGen: 9147K->9147K(21504K)], 0.1235180 secs] [Times: user=0.89 sys=0.00, real=0.12 secs] 
152.189: Total time for which application threads were stopped: 0.1599510 seconds, Stopping threads took: 0.0001050 seconds
152.231: Application time: 0.0417330 seconds
152.231: [GC [PSYoungGen: 115712K->18942K(134656K)] 231814K->152569K(441344K), 0.0207360 secs] [Times: user=0.16 sys=0.00, real=0.03 secs] 
152.252: Total time for which application threads were stopped: 0.0209190 seconds, Stopping threads took: 0.0000800 seconds
152.294: Application time: 0.0422250 seconds
152.294: [GC [PSYoungGen: 134654K->18928K(134656K)] 268281K->184264K(441344K), 0.0283860 secs] [Times: user=0.22 sys=0.00, real=0.03 secs] 
152.323: Total time for which application threads were stopped: 0.0285420 seconds, Stopping threads took: 0.0000680 seconds
152.374: Application time: 0.0512510 seconds
152.376: [GC [PSYoungGen: 134640K->18912K(134656K)] 299976K->207664K(441344K), 0.0285130 secs] [Times: user=0.23 sys=0.00, real=0.03 secs] 
152.404: Total time for which application threads were stopped: 0.0301710 seconds, Stopping threads took: 0.0015750 seconds
152.464: Application time: 0.0594020 seconds
152.464: [GC [PSYoungGen: 134624K->18912K(134656K)] 323376K->216928K(441344K), 0.0235110 secs] [Times: user=0.18 sys=0.00, real=0.02 secs] 
152.487: Total time for which application threads were stopped: 0.0236580 seconds, Stopping threads took: 0.0000660 seconds
152.547: Application time: 0.0595550 seconds
152.547: [GC [PSYoungGen: 134624K->18912K(134656K)] 332640K->225941K(441344K), 0.0248250 secs] [Times: user=0.20 sys=0.00, real=0.03 secs] 
152.572: Total time for which application threads were stopped: 0.0249930 seconds, Stopping threads took: 0.0000860 seconds
152.631: Application time: 0.0593970 seconds
152.631: [GC [PSYoungGen: 134624K->18912K(134656K)] 341653K->235852K(441344K), 0.0242400 secs] [Times: user=0.19 sys=0.00, real=0.03 secs] 
152.656: Total time for which application threads were stopped: 0.0244050 seconds, Stopping threads took: 0.0000810 seconds
152.697: Application time: 0.0409960 seconds
152.697: [GC [PSYoungGen: 134624K->18912K(134656K)] 351564K->263794K(441344K), 0.0297330 secs] [Times: user=0.23 sys=0.00, real=0.03 secs] 
152.726: Total time for which application threads were stopped: 0.0298830 seconds, Stopping threads took: 0.0000620 seconds
152.764: Application time: 0.0376280 seconds
152.764: [GC [PSYoungGen: 134624K->18912K(134656K)] 379506K->296404K(441344K), 0.0331860 secs] [Times: user=0.26 sys=0.00, real=0.03 secs] 
152.797: [Full GC [PSYoungGen: 18912K->0K(134656K)] [ParOldGen: 277492K->119643K(306688K)] 296404K->119643K(441344K) [PSPermGen: 9147K->9147K(21504K)], 0.1267350 secs] [Times: user=0.92 sys=0.00, real=0.13 secs] 
152.924: Total time for which application threads were stopped: 0.1601470 seconds, Stopping threads took: 0.0000630 seconds
152.966: Application time: 0.0414630 seconds
152.966: [GC [PSYoungGen: 115712K->18928K(134656K)] 235355K->158049K(441344K), 0.0221460 secs] [Times: user=0.17 sys=0.00, real=0.02 secs] 
152.988: Total time for which application threads were stopped: 0.0222850 seconds, Stopping threads took: 0.0000520 seconds
153.031: Application time: 0.0425860 seconds
153.031: [GC [PSYoungGen: 134640K->18928K(134656K)] 273761K->189638K(441344K), 0.0287940 secs] [Times: user=0.22 sys=0.00, real=0.04 secs] 
153.060: Total time for which application threads were stopped: 0.0289820 seconds, Stopping threads took: 0.0000920 seconds
153.111: Application time: 0.0513870 seconds
153.111: [GC [PSYoungGen: 134640K->18912K(134656K)] 305350K->213574K(441344K), 0.0295850 secs] [Times: user=0.23 sys=0.00, real=0.04 secs] 
153.141: Total time for which application threads were stopped: 0.0297630 seconds, Stopping threads took: 0.0000960 seconds
153.201: Application time: 0.0599170 seconds
153.201: [GC [PSYoungGen: 134624K->18928K(134656K)] 329286K->223070K(441344K), 0.0254570 secs] [Times: user=0.20 sys=0.00, real=0.02 secs] 
153.226: Total time for which application threads were stopped: 0.0256180 seconds, Stopping threads took: 0.0000770 seconds
153.289: Application time: 0.0622990 seconds
153.289: [GC [PSYoungGen: 134640K->18928K(134656K)] 338782K->231795K(441344K), 0.0241920 secs] [Times: user=0.19 sys=0.00, real=0.03 secs] 
153.313: Total time for which application threads were stopped: 0.0243700 seconds, Stopping threads took: 0.0000860 seconds
153.372: Application time: 0.0589160 seconds
153.372: [GC [PSYoungGen: 134640K->18912K(134656K)] 347507K->242870K(441344K), 0.0254060 secs] [Times: user=0.20 sys=0.00, real=0.02 secs] 
153.397: Total time for which application threads were stopped: 0.0255690 seconds, Stopping threads took: 0.0000760 seconds
153.438: Application time: 0.0403310 seconds
153.438: [GC [PSYoungGen: 134624K->18912K(134656K)] 358582K->270926K(441344K), 0.0303270 secs] [Times: user=0.24 sys=0.00, real=0.03 secs] 
153.468: Total time for which application threads were stopped: 0.0304860 seconds, Stopping threads took: 0.0000710 seconds
153.508: Application time: 0.0402330 seconds
153.512: [GC [PSYoungGen: 134624K->18928K(134656K)] 386638K->302775K(441344K), 0.0345260 secs] [Times: user=0.27 sys=0.00, real=0.03 secs] 
153.546: [Full GC [PSYoungGen: 18928K->0K(134656K)] [ParOldGen: 283846K->126058K(306688K)] 302775K->126058K(441344K) [PSPermGen: 9147K->9147K(21504K)], 0.1394540 secs] [Times: user=1.04 sys=0.00, real=0.14 secs] 
153.686: Total time for which application threads were stopped: 0.1771940 seconds, Stopping threads took: 0.0030640 seconds
153.728: Application time: 0.0426930 seconds
153.728: [GC [PSYoungGen: 115712K->18922K(134656K)] 241770K->162842K(441344K), 0.0206080 secs] [Times: user=0.16 sys=0.00, real=0.02 secs] 
153.749: Total time for which application threads were stopped: 0.0207720 seconds, Stopping threads took: 0.0000760 seconds
153.789: Application time: 0.0402790 seconds
153.790: [GC [PSYoungGen: 134634K->18912K(134656K)] 278554K->190706K(441344K), 0.0257450 secs] [Times: user=0.20 sys=0.00, real=0.03 secs] 
153.815: Total time for which application threads were stopped: 0.0259640 seconds, Stopping threads took: 0.0001210 seconds
153.868: Application time: 0.0522800 seconds
153.868: [GC [PSYoungGen: 134624K->18928K(134656K)] 306418K->218639K(441344K), 0.0305140 secs] [Times: user=0.24 sys=0.00, real=0.03 secs] 
153.898: Total time for which application threads were stopped: 0.0306830 seconds, Stopping threads took: 0.0000840 seconds
153.958: Application time: 0.0595880 seconds
153.958: [GC [PSYoungGen: 134640K->18928K(134656K)] 334351K->229187K(441344K), 0.0238180 secs] [Times: user=0.19 sys=0.00, real=0.03 secs] 
153.982: Total time for which application threads were stopped: 0.0239750 seconds, Stopping threads took: 0.0000740 seconds
154.044: Application time: 0.0622890 seconds
154.048: [GC [PSYoungGen: 134640K->18928K(134656K)] 344899K->238171K(441344K), 0.0243380 secs] [Times: user=0.19 sys=0.00, real=0.03 secs] 
154.072: Total time for which application threads were stopped: 0.0277530 seconds, Stopping threads took: 0.0033330 seconds
154.133: Application time: 0.0609450 seconds
154.133: [GC [PSYoungGen: 134640K->18912K(134656K)] 353883K->248519K(441344K), 0.0256910 secs] [Times: user=0.20 sys=0.00, real=0.02 secs] 
154.159: Total time for which application threads were stopped: 0.0258760 seconds, Stopping threads took: 0.0000990 seconds
154.199: Application time: 0.0399790 seconds
154.199: [GC [PSYoungGen: 134624K->18912K(134656K)] 364231K->278530K(441344K), 0.0310220 secs] [Times: user=0.25 sys=0.00, real=0.03 secs] 
154.230: Total time for which application threads were stopped: 0.0311740 seconds, Stopping threads took: 0.0000650 seconds
154.272: Application time: 0.0419620 seconds
154.272: [GC [PSYoungGen: 134624K->18928K(134656K)] 394242K->310812K(441344K), 0.0352060 secs] [Times: user=0.28 sys=0.00, real=0.03 secs] 
154.307: [Full GC [PSYoungGen: 18928K->0K(134656K)] [ParOldGen: 291884K->129457K(306688K)] 310812K->129457K(441344K) [PSPermGen: 9147K->9147K(21504K)], 0.1463170 secs] [Times: user=1.08 sys=0.00, real=0.15 secs] 
154.454: Total time for which application threads were stopped: 0.1817830 seconds, Stopping threads took: 0.0001080 seconds
154.498: Application time: 0.0445360 seconds
154.498: [GC [PSYoungGen: 115712K->18942K(134656K)] 245169K->162555K(441344K), 0.0192000 secs] [Times: user=0.15 sys=0.00, real=0.02 secs] 
154.518: Total time for which application threads were stopped: 0.0193520 seconds, Stopping threads took: 0.0000500 seconds
154.556: Application time: 0.0388170 seconds
154.557: [GC [PSYoungGen: 134654K->18928K(134656K)] 278267K->189567K(441344K), 0.0247270 secs] [Times: user=0.20 sys=0.00, real=0.03 secs] 
154.581: Total time for which application threads were stopped: 0.0248760 seconds, Stopping threads took: 0.0000620 seconds
154.632: Application time: 0.0505890 seconds
154.636: [GC [PSYoungGen: 134640K->18928K(134656K)] 305279K->219967K(441344K), 0.0320890 secs] [Times: user=0.26 sys=0.00, real=0.03 secs] 
154.668: Total time for which application threads were stopped: 0.0358720 seconds, Stopping threads took: 0.0036950 seconds
154.728: Application time: 0.0604650 seconds
154.728: [GC [PSYoungGen: 134640K->18928K(134656K)] 335679K->231599K(441344K), 0.0247850 secs] [Times: user=0.19 sys=0.00, real=0.03 secs] 
154.753: Total time for which application threads were stopped: 0.0249520 seconds, Stopping threads took: 0.0000880 seconds
154.815: Application time: 0.0619250 seconds
154.815: [GC [PSYoungGen: 134640K->18912K(134656K)] 347311K->240439K(441344K), 0.0237670 secs] [Times: user=0.19 sys=0.00, real=0.02 secs] 
154.839: Total time for which application threads were stopped: 0.0239350 seconds, Stopping threads took: 0.0000890 seconds
154.897: Application time: 0.0577860 seconds
154.900: [GC [PSYoungGen: 134624K->18912K(134656K)] 356151K->251896K(441344K), 0.0251310 secs] [Times: user=0.20 sys=0.00, real=0.02 secs] 
154.925: Total time for which application threads were stopped: 0.0279470 seconds, Stopping threads took: 0.0027230 seconds
154.966: Application time: 0.0412370 seconds
154.966: [GC [PSYoungGen: 134624K->18928K(134656K)] 367608K->278753K(441344K), 0.0294890 secs] [Times: user=0.23 sys=0.00, real=0.03 secs] 
154.996: Total time for which application threads were stopped: 0.0296460 seconds, Stopping threads took: 0.0000670 seconds
155.037: Application time: 0.0413350 seconds
155.037: [GC [PSYoungGen: 134640K->18928K(134656K)] 394465K->311790K(441344K), 0.0347820 secs] [Times: user=0.28 sys=0.00, real=0.04 secs] 
155.072: [Full GC [PSYoungGen: 18928K->0K(134656K)] [ParOldGen: 292861K->129023K(306688K)] 311790K->129023K(441344K) [PSPermGen: 9147K->9147K(21504K)], 0.1497980 secs] [Times: user=1.10 sys=0.00, real=0.15 secs] 
155.222: Total time for which application threads were stopped: 0.1848250 seconds, Stopping threads took: 0.0000770 seconds
155.267: Application time: 0.0446790 seconds
155.267: [GC [PSYoungGen: 115712K->18935K(134656K)] 244735K->159808K(441344K), 0.0185790 secs] [Times: user=0.14 sys=0.00, real=0.02 secs] 
155.285: Total time for which application threads were stopped: 0.0187510 seconds, Stopping threads took: 0.0000820 seconds
155.323: Application time: 0.0379210 seconds
155.323: [GC [PSYoungGen: 134647K->18912K(134656K)] 275520K->187354K(441344K), 0.0246150 secs] [Times: user=0.19 sys=0.01, real=0.02 secs] 
155.348: Total time for which application threads were stopped: 0.0247840 seconds, Stopping threads took: 0.0000770 seconds
155.397: Application time: 0.0486920 seconds
155.397: [GC [PSYoungGen: 134624K->18928K(134656K)] 303066K->218321K(441344K), 0.0318580 secs] [Times: user=0.25 sys=0.00, real=0.03 secs] 
155.429: Total time for which application threads were stopped: 0.0320180 seconds, Stopping threads took: 0.0000740 seconds
155.488: Application time: 0.0588860 seconds
155.488: [GC [PSYoungGen: 134640K->18928K(134656K)] 334033K->231001K(441344K), 0.0240790 secs] [Times: user=0.18 sys=0.00, real=0.03 secs] 
155.512: Total time for which application threads were stopped: 0.0242110 seconds, Stopping threads took: 0.0000500 seconds
155.573: Application time: 0.0615060 seconds
155.576: [GC [PSYoungGen: 134640K->18928K(134656K)] 346713K->240009K(441344K), 0.0316650 secs] [Times: user=0.24 sys=0.00, real=0.03 secs] 
155.607: Total time for which application threads were stopped: 0.0340180 seconds, Stopping threads took: 0.0022650 seconds
155.664: Application time: 0.0562530 seconds
155.664: [GC [PSYoungGen: 134640K->18928K(134656K)] 355721K->251765K(441344K), 0.0247230 secs] [Times: user=0.19 sys=0.00, real=0.02 secs] 
155.688: Total time for which application threads were stopped: 0.0248830 seconds, Stopping threads took: 0.0000760 seconds
155.730: Application time: 0.0416380 seconds
155.730: [GC [PSYoungGen: 134535K->18928K(134656K)] 367373K->277179K(441344K), 0.0288990 secs] [Times: user=0.23 sys=0.00, real=0.03 secs] 
155.759: Total time for which application threads were stopped: 0.0290950 seconds, Stopping threads took: 0.0001080 seconds
155.800: Application time: 0.0410700 seconds
155.800: [GC [PSYoungGen: 134640K->18928K(134656K)] 392891K->310019K(441344K), 0.0342110 secs] [Times: user=0.27 sys=0.00, real=0.03 secs] 
155.835: [Full GC [PSYoungGen: 18928K->0K(134656K)] [ParOldGen: 291091K->128151K(306688K)] 310019K->128151K(441344K) [PSPermGen: 9147K->9147K(21504K)], 0.1456710 secs] [Times: user=1.08 sys=0.00, real=0.15 secs] 
155.980: Total time for which application threads were stopped: 0.1801210 seconds, Stopping threads took: 0.0000770 seconds
156.025: Application time: 0.0449340 seconds
156.025: [GC [PSYoungGen: 115712K->18936K(134656K)] 243863K->159039K(441344K), 0.0181530 secs] [Times: user=0.14 sys=0.00, real=0.02 secs] 
156.044: Total time for which application threads were stopped: 0.0183300 seconds, Stopping threads took: 0.0000900 seconds
156.083: Application time: 0.0391440 seconds
156.083: [GC [PSYoungGen: 134648K->18912K(134656K)] 274751K->185767K(441344K), 0.0243830 secs] [Times: user=0.19 sys=0.00, real=0.02 secs] 
156.107: Total time for which application threads were stopped: 0.0246030 seconds, Stopping threads took: 0.0001080 seconds
156.158: Application time: 0.0503500 seconds
156.160: [GC [PSYoungGen: 134624K->18912K(134656K)] 301479K->217667K(441344K), 0.0323110 secs] [Times: user=0.25 sys=0.00, real=0.03 secs] 
156.192: Total time for which application threads were stopped: 0.0342700 seconds, Stopping threads took: 0.0018660 seconds
156.250: Application time: 0.0576780 seconds
156.250: [GC [PSYoungGen: 134624K->18912K(134656K)] 333379K->231237K(441344K), 0.0247200 secs] [Times: user=0.20 sys=0.00, real=0.03 secs] 
156.275: Total time for which application threads were stopped: 0.0248930 seconds, Stopping threads took: 0.0000910 seconds
156.337: Application time: 0.0620270 seconds
156.337: [GC [PSYoungGen: 134624K->18928K(134656K)] 346949K->239778K(441344K), 0.0251180 secs] [Times: user=0.20 sys=0.00, real=0.03 secs] 
156.362: Total time for which application threads were stopped: 0.0253290 seconds, Stopping threads took: 0.0001230 seconds
156.420: Application time: 0.0582010 seconds
156.420: [GC [PSYoungGen: 134640K->18928K(134656K)] 355490K->252009K(441344K), 0.0260460 secs] [Times: user=0.21 sys=0.00, real=0.02 secs] 
156.446: Total time for which application threads were stopped: 0.0262370 seconds, Stopping threads took: 0.0001050 seconds
156.488: Application time: 0.0411640 seconds
156.488: [GC [PSYoungGen: 134640K->18912K(134656K)] 367721K->279282K(441344K), 0.0305140 secs] [Times: user=0.24 sys=0.00, real=0.03 secs] 
156.518: Total time for which application threads were stopped: 0.0306930 seconds, Stopping threads took: 0.0000890 seconds
156.560: Application time: 0.0417830 seconds
156.564: [GC [PSYoungGen: 134624K->18912K(134656K)] 394994K->312510K(441344K), 0.0358400 secs] [Times: user=0.29 sys=0.00, real=0.03 secs] 
156.599: [Full GC [PSYoungGen: 18912K->0K(134656K)] [ParOldGen: 293598K->134036K(306688K)] 312510K->134036K(441344K) [PSPermGen: 9147K->9147K(21504K)], 0.1537270 secs] [Times: user=1.13 sys=0.01, real=0.16 secs] 
156.753: Total time for which application threads were stopped: 0.1932220 seconds, Stopping threads took: 0.0034990 seconds
156.806: Application time: 0.0528000 seconds
156.806: [GC [PSYoungGen: 115712K->18928K(134656K)] 249748K->160754K(441344K), 0.0182580 secs] [Times: user=0.14 sys=0.00, real=0.02 secs] 
156.825: Total time for which application threads were stopped: 0.0184320 seconds, Stopping threads took: 0.0000740 seconds
156.865: Application time: 0.0404880 seconds
156.868: [GC [PSYoungGen: 134640K->18912K(134656K)] 276466K->188505K(441344K), 0.0263560 secs] [Times: user=0.20 sys=0.00, real=0.03 secs] 
156.894: Total time for which application threads were stopped: 0.0290380 seconds, Stopping threads took: 0.0025920 seconds
156.939: Application time: 0.0452760 seconds
156.947: [GC [PSYoungGen: 134584K->18912K(134656K)] 304177K->221275K(441344K), 0.0323260 secs] [Times: user=0.26 sys=0.00, real=0.04 secs] 
156.980: Total time for which application threads were stopped: 0.0404740 seconds, Stopping threads took: 0.0080580 seconds
157.036: Application time: 0.0565730 seconds
157.037: [GC [PSYoungGen: 134624K->18912K(134656K)] 336987K->237203K(441344K), 0.0275970 secs] [Times: user=0.22 sys=0.00, real=0.03 secs] 
157.064: Total time for which application threads were stopped: 0.0277830 seconds, Stopping threads took: 0.0001010 seconds
157.128: Application time: 0.0638830 seconds
157.128: [GC [PSYoungGen: 134624K->18928K(134656K)] 352915K->246288K(441344K), 0.0262150 secs] [Times: user=0.21 sys=0.00, real=0.03 secs] 
157.154: Total time for which application threads were stopped: 0.0263720 seconds, Stopping threads took: 0.0000760 seconds
157.214: Application time: 0.0592910 seconds
157.214: [GC [PSYoungGen: 134640K->18928K(134656K)] 362000K->256204K(441344K), 0.0253550 secs] [Times: user=0.20 sys=0.00, real=0.02 secs] 
157.239: Total time for which application threads were stopped: 0.0255400 seconds, Stopping threads took: 0.0001010 seconds
157.278: Application time: 0.0391170 seconds
157.278: [GC [PSYoungGen: 134640K->18912K(134656K)] 371916K->285680K(441344K), 0.0310270 secs] [Times: user=0.24 sys=0.00, real=0.03 secs] 
157.310: [Full GC [PSYoungGen: 18912K->0K(134656K)] [ParOldGen: 266768K->111970K(306688K)] 285680K->111970K(441344K) [PSPermGen: 9147K->9147K(21504K)], 0.1182170 secs] [Times: user=0.87 sys=0.00, real=0.12 secs] 
157.428: Total time for which application threads were stopped: 0.1494720 seconds, Stopping threads took: 0.0000780 seconds
157.466: Application time: 0.0380270 seconds
157.466: [GC [PSYoungGen: 115712K->18937K(134656K)] 227682K->144128K(441344K), 0.0168390 secs] [Times: user=0.13 sys=0.00, real=0.02 secs] 
157.483: Total time for which application threads were stopped: 0.0170460 seconds, Stopping threads took: 0.0001080 seconds
157.537: Application time: 0.0543630 seconds
157.537: [GC [PSYoungGen: 134649K->18921K(134656K)] 259840K->169688K(441344K), 0.0278120 secs] [Times: user=0.22 sys=0.00, real=0.03 secs] 
157.565: Total time for which application threads were stopped: 0.0279760 seconds, Stopping threads took: 0.0000770 seconds
157.606: Application time: 0.0405900 seconds
157.608: [GC [PSYoungGen: 134633K->18921K(134656K)] 285400K->195569K(441344K), 0.0279020 secs] [Times: user=0.22 sys=0.00, real=0.03 secs] 
157.636: Total time for which application threads were stopped: 0.0297490 seconds, Stopping threads took: 0.0017590 seconds
157.680: Application time: 0.0444290 seconds
157.680: [GC [PSYoungGen: 134633K->18921K(134656K)] 311281K->228342K(441344K), 0.0349650 secs] [Times: user=0.28 sys=0.00, real=0.03 secs] 
157.715: Total time for which application threads were stopped: 0.0351300 seconds, Stopping threads took: 0.0000740 seconds
157.772: Application time: 0.0566990 seconds
157.772: [GC [PSYoungGen: 134633K->18937K(134656K)] 344054K->245894K(441344K), 0.0313040 secs] [Times: user=0.25 sys=0.00, real=0.03 secs] 
157.803: Total time for which application threads were stopped: 0.0314710 seconds, Stopping threads took: 0.0000800 seconds
157.865: Application time: 0.0617400 seconds
157.865: [GC [PSYoungGen: 134649K->18938K(134656K)] 361606K->254694K(441344K), 0.0278110 secs] [Times: user=0.22 sys=0.00, real=0.03 secs] 
157.893: Total time for which application threads were stopped: 0.0279760 seconds, Stopping threads took: 0.0000840 seconds
157.952: Application time: 0.0587810 seconds
157.952: [GC [PSYoungGen: 134650K->18938K(134656K)] 370406K->265162K(441344K), 0.0281980 secs] [Times: user=0.22 sys=0.00, real=0.03 secs] 
157.980: Total time for which application threads were stopped: 0.0283650 seconds, Stopping threads took: 0.0000840 seconds
158.021: Application time: 0.0410650 seconds
158.021: [GC [PSYoungGen: 134650K->18938K(134656K)] 380874K->291765K(441344K), 0.0339360 secs] [Times: user=0.27 sys=0.00, real=0.03 secs] 
158.055: [Full GC [PSYoungGen: 18938K->0K(134656K)] [ParOldGen: 272827K->111311K(306688K)] 291765K->111311K(441344K) [PSPermGen: 9147K->9147K(21504K)], 0.1196160 secs] [Times: user=0.87 sys=0.00, real=0.12 secs] 
158.175: Total time for which application threads were stopped: 0.1538110 seconds, Stopping threads took: 0.0000940 seconds
158.216: Application time: 0.0412430 seconds
158.216: [GC [PSYoungGen: 115712K->18928K(134656K)] 227023K->144144K(441344K), 0.0179620 secs] [Times: user=0.14 sys=0.00, real=0.02 secs] 
158.235: Total time for which application threads were stopped: 0.0181470 seconds, Stopping threads took: 0.0000920 seconds
158.289: Application time: 0.0546360 seconds
158.289: [GC [PSYoungGen: 134640K->18928K(134656K)] 259856K->168042K(441344K), 0.0274780 secs] [Times: user=0.22 sys=0.00, real=0.03 secs] 
158.317: Total time for which application threads were stopped: 0.0276540 seconds, Stopping threads took: 0.0000900 seconds
158.356: Application time: 0.0392580 seconds
158.356: [GC [PSYoungGen: 134640K->18912K(134656K)] 283754K->195176K(441344K), 0.0278080 secs] [Times: user=0.22 sys=0.00, real=0.03 secs] 
158.384: Total time for which application threads were stopped: 0.0279860 seconds, Stopping threads took: 0.0000880 seconds
158.427: Application time: 0.0425050 seconds
158.427: [GC [PSYoungGen: 134624K->18912K(134656K)] 310888K->227632K(441344K), 0.0341240 secs] [Times: user=0.27 sys=0.00, real=0.04 secs] 
158.461: Total time for which application threads were stopped: 0.0343020 seconds, Stopping threads took: 0.0000890 seconds
158.519: Application time: 0.0583310 seconds
158.519: [GC [PSYoungGen: 134624K->18928K(134656K)] 343344K->247056K(441344K), 0.0324440 secs] [Times: user=0.26 sys=0.00, real=0.04 secs] 
158.552: Total time for which application threads were stopped: 0.0325940 seconds, Stopping threads took: 0.0000690 seconds
158.613: Application time: 0.0613910 seconds
158.613: [GC [PSYoungGen: 134640K->18928K(134656K)] 362768K->256367K(441344K), 0.0334140 secs] [Times: user=0.25 sys=0.00, real=0.03 secs] 
158.647: Total time for which application threads were stopped: 0.0336010 seconds, Stopping threads took: 0.0000870 seconds
158.706: Application time: 0.0597210 seconds
158.707: [GC [PSYoungGen: 134640K->18928K(134656K)] 372079K->266495K(441344K), 0.0296230 secs] [Times: user=0.23 sys=0.00, real=0.03 secs] 
158.736: Total time for which application threads were stopped: 0.0298110 seconds, Stopping threads took: 0.0001040 seconds
158.776: Application time: 0.0397210 seconds
158.776: [GC [PSYoungGen: 134526K->18928K(134656K)] 382093K->295615K(441344K), 0.0353770 secs] [Times: user=0.27 sys=0.00, real=0.04 secs] 
158.812: [Full GC [PSYoungGen: 18928K->0K(134656K)] [ParOldGen: 276687K->119965K(306688K)] 295615K->119965K(441344K) [PSPermGen: 9147K->9147K(21504K)], 0.1346030 secs] [Times: user=1.00 sys=0.00, real=0.13 secs] 
158.946: Total time for which application threads were stopped: 0.1702100 seconds, Stopping threads took: 0.0000890 seconds
158.988: Application time: 0.0420950 seconds
158.988: [GC [PSYoungGen: 115712K->18928K(134656K)] 235677K->153907K(441344K), 0.0189630 secs] [Times: user=0.15 sys=0.00, real=0.02 secs] 
159.007: Total time for which application threads were stopped: 0.0191420 seconds, Stopping threads took: 0.0000900 seconds
159.064: Application time: 0.0564790 seconds
159.064: [GC [PSYoungGen: 134640K->18928K(134656K)] 269619K->171748K(441344K), 0.0264370 secs] [Times: user=0.21 sys=0.00, real=0.02 secs] 
159.091: Total time for which application threads were stopped: 0.0266040 seconds, Stopping threads took: 0.0000790 seconds
159.134: Application time: 0.0429510 seconds
159.136: [GC [PSYoungGen: 134640K->18928K(134656K)] 287460K->198205K(441344K), 0.0314870 secs] [Times: user=0.22 sys=0.00, real=0.03 secs] 
159.167: Total time for which application threads were stopped: 0.0336200 seconds, Stopping threads took: 0.0020240 seconds
159.206: Application time: 0.0384160 seconds
159.206: [GC [PSYoungGen: 134640K->18912K(134656K)] 313917K->229152K(441344K), 0.0325120 secs] [Times: user=0.25 sys=0.00, real=0.03 secs] 
159.238: Total time for which application threads were stopped: 0.0327000 seconds, Stopping threads took: 0.0001020 seconds
159.294: Application time: 0.0561030 seconds
159.295: [GC [PSYoungGen: 134624K->18912K(134656K)] 344864K->253812K(441344K), 0.0357320 secs] [Times: user=0.28 sys=0.00, real=0.03 secs] 
159.330: Total time for which application threads were stopped: 0.0359030 seconds, Stopping threads took: 0.0000880 seconds
159.389: Application time: 0.0590490 seconds
159.389: [GC [PSYoungGen: 134624K->18912K(134656K)] 369524K->262793K(441344K), 0.0279930 secs] [Times: user=0.22 sys=0.00, real=0.03 secs] 
159.417: Total time for which application threads were stopped: 0.0281480 seconds, Stopping threads took: 0.0000760 seconds
159.474: Application time: 0.0569230 seconds
159.474: [GC [PSYoungGen: 134624K->18912K(134656K)] 378505K->274237K(441344K), 0.0289080 secs] [Times: user=0.22 sys=0.00, real=0.03 secs] 
159.503: Total time for which application threads were stopped: 0.0290430 seconds, Stopping threads took: 0.0000480 seconds
159.543: Application time: 0.0399950 seconds
159.548: [GC [PSYoungGen: 134624K->18912K(134656K)] 389949K->302664K(441344K), 0.0348180 secs] [Times: user=0.27 sys=0.00, real=0.04 secs] 
159.583: [Full GC [PSYoungGen: 18912K->0K(134656K)] [ParOldGen: 283752K->121007K(306688K)] 302664K->121007K(441344K) [PSPermGen: 9147K->9147K(21504K)], 0.1343400 secs] [Times: user=0.99 sys=0.00, real=0.13 secs] 
159.717: Total time for which application threads were stopped: 0.1734610 seconds, Stopping threads took: 0.0041410 seconds
159.761: Application time: 0.0441010 seconds
159.764: [GC [PSYoungGen: 115710K->18928K(134656K)] 236717K->153871K(441344K), 0.0193980 secs] [Times: user=0.14 sys=0.00, real=0.02 secs] 
159.783: Total time for which application threads were stopped: 0.0220870 seconds, Stopping threads took: 0.0025770 seconds
159.838: Application time: 0.0547190 seconds
159.838: [GC [PSYoungGen: 134640K->18912K(134656K)] 269583K->173034K(441344K), 0.0256640 secs] [Times: user=0.20 sys=0.00, real=0.03 secs] 
159.864: Total time for which application threads were stopped: 0.0258940 seconds, Stopping threads took: 0.0001420 seconds
159.907: Application time: 0.0429510 seconds
159.907: [GC [PSYoungGen: 134624K->18912K(134656K)] 288746K->198621K(441344K), 0.0267120 secs] [Times: user=0.21 sys=0.00, real=0.03 secs] 
159.934: Total time for which application threads were stopped: 0.0268780 seconds, Stopping threads took: 0.0000750 seconds
159.971: Application time: 0.0370610 seconds
159.971: [GC [PSYoungGen: 134624K->18928K(134656K)] 314333K->228645K(441344K), 0.0373520 secs] [Times: user=0.29 sys=0.00, real=0.04 secs] 
160.008: Total time for which application threads were stopped: 0.0375080 seconds, Stopping threads took: 0.0000750 seconds
160.067: Application time: 0.0591230 seconds
160.067: [GC [PSYoungGen: 134640K->18912K(134656K)] 344357K->254733K(441344K), 0.0351250 secs] [Times: user=0.28 sys=0.00, real=0.04 secs] 
160.103: Total time for which application threads were stopped: 0.0352860 seconds, Stopping threads took: 0.0000790 seconds
160.166: Application time: 0.0632710 seconds
160.166: [GC [PSYoungGen: 134624K->18928K(134656K)] 370445K->263652K(441344K), 0.0258040 secs] [Times: user=0.20 sys=0.00, real=0.03 secs] 
160.192: Total time for which application threads were stopped: 0.0259680 seconds, Stopping threads took: 0.0000820 seconds
160.247: Application time: 0.0556900 seconds
160.248: [GC [PSYoungGen: 134607K->18912K(134656K)] 379331K->276807K(441344K), 0.0275220 secs] [Times: user=0.21 sys=0.00, real=0.03 secs] 
160.275: Total time for which application threads were stopped: 0.0276890 seconds, Stopping threads took: 0.0000810 seconds
160.319: Application time: 0.0439460 seconds
160.319: [GC [PSYoungGen: 134624K->18912K(134656K)] 392519K->300111K(441344K), 0.0311520 secs] [Times: user=0.25 sys=0.00, real=0.03 secs] 
160.350: [Full GC [PSYoungGen: 18912K->0K(134656K)] [ParOldGen: 281199K->118478K(306688K)] 300111K->118478K(441344K) [PSPermGen: 9147K->9147K(21504K)], 0.1336730 secs] [Times: user=0.98 sys=0.00, real=0.14 secs] 
160.484: Total time for which application threads were stopped: 0.1650820 seconds, Stopping threads took: 0.0000980 seconds
160.528: Application time: 0.0441460 seconds
160.528: [GC [PSYoungGen: 115712K->18912K(134656K)] 234190K->150867K(441344K), 0.0180040 secs] [Times: user=0.14 sys=0.00, real=0.02 secs] 
160.547: Total time for which application threads were stopped: 0.0181730 seconds, Stopping threads took: 0.0000830 seconds
160.599: Application time: 0.0522310 seconds
160.599: [GC [PSYoungGen: 134624K->18912K(134656K)] 266579K->173119K(441344K), 0.0256000 secs] [Times: user=0.20 sys=0.00, real=0.03 secs] 
160.625: Total time for which application threads were stopped: 0.0257620 seconds, Stopping threads took: 0.0000780 seconds
160.666: Application time: 0.0413330 seconds
160.666: [GC [PSYoungGen: 134624K->18928K(134656K)] 288831K->201111K(441344K), 0.0277860 secs] [Times: user=0.22 sys=0.00, real=0.03 secs] 
160.694: Total time for which application threads were stopped: 0.0279710 seconds, Stopping threads took: 0.0000960 seconds
160.731: Application time: 0.0369410 seconds
160.731: [GC [PSYoungGen: 134640K->18912K(134656K)] 316823K->231069K(441344K), 0.0297300 secs] [Times: user=0.24 sys=0.00, real=0.04 secs] 
160.761: Total time for which application threads were stopped: 0.0299180 seconds, Stopping threads took: 0.0000890 seconds
160.818: Application time: 0.0575860 seconds
160.820: [GC [PSYoungGen: 134624K->18928K(134656K)] 346781K->256441K(441344K), 0.0361160 secs] [Times: user=0.25 sys=0.00, real=0.03 secs] 
160.856: Total time for which application threads were stopped: 0.0374770 seconds, Stopping threads took: 0.0012620 seconds
160.916: Application time: 0.0598180 seconds
160.916: [GC [PSYoungGen: 134640K->18928K(134656K)] 372153K->265586K(441344K), 0.0258150 secs] [Times: user=0.20 sys=0.00, real=0.03 secs] 
160.942: Total time for which application threads were stopped: 0.0259810 seconds, Stopping threads took: 0.0000860 seconds
160.998: Application time: 0.0563150 seconds
160.998: [GC [PSYoungGen: 134580K->18912K(134656K)] 381238K->278241K(441344K), 0.0270120 secs] [Times: user=0.21 sys=0.00, real=0.03 secs] 
161.025: Total time for which application threads were stopped: 0.0272050 seconds, Stopping threads took: 0.0001050 seconds
161.070: Application time: 0.0446650 seconds
161.070: [GC [PSYoungGen: 134624K->18928K(134656K)] 393953K->302369K(441344K), 0.0311680 secs] [Times: user=0.24 sys=0.00, real=0.04 secs] 
161.101: [Full GC [PSYoungGen: 18928K->0K(134656K)] [ParOldGen: 283441K->118176K(306688K)] 302369K->118176K(441344K) [PSPermGen: 9147K->9147K(21504K)], 0.1346300 secs] [Times: user=0.99 sys=0.00, real=0.13 secs] 
161.236: Total time for which application threads were stopped: 0.1660390 seconds, Stopping threads took: 0.0000930 seconds
161.279: Application time: 0.0434660 seconds
161.279: [GC [PSYoungGen: 115712K->18940K(134656K)] 233888K->149106K(441344K), 0.0173240 secs] [Times: user=0.14 sys=0.00, real=0.02 secs] 
161.297: Total time for which application threads were stopped: 0.0175100 seconds, Stopping threads took: 0.0000980 seconds
161.348: Application time: 0.0509920 seconds
161.348: [GC [PSYoungGen: 134652K->18928K(134656K)] 264818K->172288K(441344K), 0.0258370 secs] [Times: user=0.21 sys=0.00, real=0.03 secs] 
161.375: Total time for which application threads were stopped: 0.0275450 seconds, Stopping threads took: 0.0000900 seconds
161.419: Application time: 0.0433970 seconds
161.419: [GC [PSYoungGen: 134640K->18912K(134656K)] 288000K->199650K(441344K), 0.0274590 secs] [Times: user=0.21 sys=0.00, real=0.03 secs] 
161.446: Total time for which application threads were stopped: 0.0276270 seconds, Stopping threads took: 0.0000760 seconds
161.485: Application time: 0.0383440 seconds
161.485: [GC [PSYoungGen: 134624K->18928K(134656K)] 315362K->231295K(441344K), 0.0309700 secs] [Times: user=0.23 sys=0.00, real=0.03 secs] 
161.516: Total time for which application threads were stopped: 0.0311270 seconds, Stopping threads took: 0.0000690 seconds
161.572: Application time: 0.0562350 seconds
161.576: [GC [PSYoungGen: 134640K->18928K(134656K)] 347007K->255999K(441344K), 0.0339020 secs] [Times: user=0.27 sys=0.00, real=0.03 secs] 
161.610: Total time for which application threads were stopped: 0.0374870 seconds, Stopping threads took: 0.0035000 seconds
161.671: Application time: 0.0610970 seconds
161.671: [GC [PSYoungGen: 134640K->18928K(134656K)] 371711K->265003K(441344K), 0.0252410 secs] [Times: user=0.20 sys=0.00, real=0.03 secs] 
161.696: Total time for which application threads were stopped: 0.0253960 seconds, Stopping threads took: 0.0000730 seconds
161.755: Application time: 0.0587630 seconds
161.755: [GC [PSYoungGen: 134640K->18928K(134656K)] 380715K->276493K(441344K), 0.0265960 secs] [Times: user=0.21 sys=0.00, real=0.03 secs] 
161.782: Total time for which application threads were stopped: 0.0267670 seconds, Stopping threads took: 0.0000860 seconds
161.825: Application time: 0.0430870 seconds
161.825: [GC [PSYoungGen: 134515K->18912K(134656K)] 392080K->302321K(441344K), 0.0314040 secs] [Times: user=0.25 sys=0.00, real=0.03 secs] 
161.856: [Full GC [PSYoungGen: 18912K->0K(134656K)] [ParOldGen: 283409K->119748K(306688K)] 302321K->119748K(441344K) [PSPermGen: 9147K->9147K(21504K)], 0.1337170 secs] [Times: user=0.99 sys=0.00, real=0.13 secs] 
161.990: Total time for which application threads were stopped: 0.1653660 seconds, Stopping threads took: 0.0000840 seconds
162.036: Application time: 0.0458730 seconds
162.036: [GC [PSYoungGen: 115712K->18938K(134656K)] 235460K->147696K(441344K), 0.0167450 secs] [Times: user=0.13 sys=0.00, real=0.02 secs] 
162.053: Total time for which application threads were stopped: 0.0169170 seconds, Stopping threads took: 0.0000800 seconds
162.103: Application time: 0.0502370 seconds
162.103: [GC [PSYoungGen: 134650K->18928K(134656K)] 263408K->170803K(441344K), 0.0257500 secs] [Times: user=0.19 sys=0.01, real=0.02 secs] 
162.129: Total time for which application threads were stopped: 0.0259040 seconds, Stopping threads took: 0.0000670 seconds
162.172: Application time: 0.0434040 seconds
162.173: [GC [PSYoungGen: 134640K->18912K(134656K)] 286515K->199636K(441344K), 0.0295900 secs] [Times: user=0.24 sys=0.00, real=0.03 secs] 
162.202: Total time for which application threads were stopped: 0.0297910 seconds, Stopping threads took: 0.0001130 seconds
162.241: Application time: 0.0386570 seconds
162.241: [GC [PSYoungGen: 134624K->18928K(134656K)] 315348K->231842K(441344K), 0.0318270 secs] [Times: user=0.25 sys=0.00, real=0.03 secs] 
162.273: Total time for which application threads were stopped: 0.0320050 seconds, Stopping threads took: 0.0000880 seconds
162.328: Application time: 0.0550140 seconds
162.328: [GC [PSYoungGen: 134640K->18928K(134656K)] 347554K->256995K(441344K), 0.0343940 secs] [Times: user=0.27 sys=0.00, real=0.04 secs] 
162.362: Total time for which application threads were stopped: 0.0345610 seconds, Stopping threads took: 0.0000840 seconds
162.423: Application time: 0.0603700 seconds
162.423: [GC [PSYoungGen: 134640K->18928K(134656K)] 372707K->265392K(441344K), 0.0264110 secs] [Times: user=0.21 sys=0.01, real=0.02 secs] 
162.449: Total time for which application threads were stopped: 0.0265960 seconds, Stopping threads took: 0.0001010 seconds
162.509: Application time: 0.0597760 seconds
162.509: [GC [PSYoungGen: 134640K->18928K(134656K)] 381104K->277484K(441344K), 0.0281800 secs] [Times: user=0.22 sys=0.00, real=0.03 secs] 
162.538: Total time for which application threads were stopped: 0.0283380 seconds, Stopping threads took: 0.0000750 seconds
162.581: Application time: 0.0434460 seconds
162.581: [GC [PSYoungGen: 134640K->18928K(134656K)] 393196K->302748K(441344K), 0.0322020 secs] [Times: user=0.25 sys=0.00, real=0.03 secs] 
162.613: [Full GC [PSYoungGen: 18928K->0K(134656K)] [ParOldGen: 283819K->119429K(306688K)] 302748K->119429K(441344K) [PSPermGen: 9147K->9147K(21504K)], 0.1330310 secs] [Times: user=0.98 sys=0.00, real=0.13 secs] 
162.746: Total time for which application threads were stopped: 0.1654830 seconds, Stopping threads took: 0.0000780 seconds
162.793: Application time: 0.0461280 seconds
162.793: [GC [PSYoungGen: 115712K->18941K(134656K)] 235141K->148070K(441344K), 0.0170990 secs] [Times: user=0.13 sys=0.00, real=0.01 secs] 
162.810: Total time for which application threads were stopped: 0.0172920 seconds, Stopping threads took: 0.0001040 seconds
162.860: Application time: 0.0503430 seconds
162.860: [GC [PSYoungGen: 134653K->18928K(134656K)] 263782K->169947K(441344K), 0.0249580 secs] [Times: user=0.19 sys=0.00, real=0.02 secs] 
162.885: Total time for which application threads were stopped: 0.0251210 seconds, Stopping threads took: 0.0000740 seconds
162.930: Application time: 0.0442740 seconds
162.932: [GC [PSYoungGen: 134640K->18928K(134656K)] 285659K->199221K(441344K), 0.0297300 secs] [Times: user=0.23 sys=0.00, real=0.03 secs] 
162.961: Total time for which application threads were stopped: 0.0317670 seconds, Stopping threads took: 0.0019480 seconds
162.998: Application time: 0.0371020 seconds
162.999: [GC [PSYoungGen: 134640K->18912K(134656K)] 314933K->230653K(441344K), 0.0306100 secs] [Times: user=0.24 sys=0.00, real=0.03 secs] 
163.029: Total time for which application threads were stopped: 0.0307770 seconds, Stopping threads took: 0.0000780 seconds
163.085: Application time: 0.0560380 seconds
163.085: [GC [PSYoungGen: 134624K->18928K(134656K)] 346365K->257916K(441344K), 0.0372310 secs] [Times: user=0.29 sys=0.00, real=0.04 secs] 
163.123: Total time for which application threads were stopped: 0.0374000 seconds, Stopping threads took: 0.0000730 seconds
163.184: Application time: 0.0613400 seconds
163.184: [GC [PSYoungGen: 134640K->18912K(134656K)] 373628K->266613K(441344K), 0.0271610 secs] [Times: user=0.21 sys=0.00, real=0.02 secs] 
163.211: Total time for which application threads were stopped: 0.0273120 seconds, Stopping threads took: 0.0000660 seconds
163.273: Application time: 0.0616520 seconds
163.273: [GC [PSYoungGen: 134624K->18912K(134656K)] 382325K->275430K(441344K), 0.0269550 secs] [Times: user=0.21 sys=0.00, real=0.03 secs] 
163.300: Total time for which application threads were stopped: 0.0271130 seconds, Stopping threads took: 0.0000770 seconds
163.342: Application time: 0.0414900 seconds
163.342: [GC [PSYoungGen: 134624K->18928K(134656K)] 391142K->301864K(441344K), 0.0324040 secs] [Times: user=0.26 sys=0.00, real=0.03 secs] 
163.374: [Full GC [PSYoungGen: 18928K->0K(134656K)] [ParOldGen: 282936K->119364K(306688K)] 301864K->119364K(441344K) [PSPermGen: 9147K->9147K(21504K)], 0.1383240 secs] [Times: user=1.02 sys=0.00, real=0.14 secs] 
163.513: Total time for which application threads were stopped: 0.1709550 seconds, Stopping threads took: 0.0000810 seconds
163.557: Application time: 0.0441910 seconds
163.557: [GC [PSYoungGen: 115712K->18912K(134656K)] 235076K->147099K(441344K), 0.0167060 secs] [Times: user=0.13 sys=0.00, real=0.02 secs] 
163.574: Total time for which application threads were stopped: 0.0168760 seconds, Stopping threads took: 0.0000850 seconds
163.626: Application time: 0.0524770 seconds
163.626: [GC [PSYoungGen: 134624K->18928K(134656K)] 262811K->169390K(441344K), 0.0249070 secs] [Times: user=0.19 sys=0.00, real=0.02 secs] 
163.651: Total time for which application threads were stopped: 0.0251030 seconds, Stopping threads took: 0.0000980 seconds
163.692: Application time: 0.0403440 seconds
163.692: [GC [PSYoungGen: 134640K->18912K(134656K)] 285102K->198165K(441344K), 0.0288570 secs] [Times: user=0.22 sys=0.00, real=0.03 secs] 
163.721: Total time for which application threads were stopped: 0.0290180 seconds, Stopping threads took: 0.0000770 seconds
163.756: Application time: 0.0355560 seconds
163.760: [GC [PSYoungGen: 134589K->18928K(134656K)] 313842K->229753K(441344K), 0.0314370 secs] [Times: user=0.24 sys=0.00, real=0.02 secs] 
163.791: Total time for which application threads were stopped: 0.0349290 seconds, Stopping threads took: 0.0034010 seconds
163.847: Application time: 0.0559630 seconds
163.852: [GC [PSYoungGen: 134640K->18928K(134656K)] 345465K->257792K(441344K), 0.0374970 secs] [Times: user=0.30 sys=0.00, real=0.03 secs] 
163.889: Total time for which application threads were stopped: 0.0422640 seconds, Stopping threads took: 0.0046600 seconds
163.949: Application time: 0.0596710 seconds
163.949: [GC [PSYoungGen: 134640K->18928K(134656K)] 373504K->265972K(441344K), 0.0261050 secs] [Times: user=0.21 sys=0.00, real=0.03 secs] 
163.975: Total time for which application threads were stopped: 0.0262580 seconds, Stopping threads took: 0.0000740 seconds
164.036: Application time: 0.0604110 seconds
164.036: [GC [PSYoungGen: 134640K->18912K(134656K)] 381684K->275810K(441344K), 0.0283850 secs] [Times: user=0.23 sys=0.00, real=0.03 secs] 
164.064: Total time for which application threads were stopped: 0.0285120 seconds, Stopping threads took: 0.0000470 seconds
164.107: Application time: 0.0429590 seconds
164.107: [GC [PSYoungGen: 134624K->18912K(134656K)] 391522K->301117K(441344K), 0.0332920 secs] [Times: user=0.26 sys=0.00, real=0.04 secs] 
164.141: [Full GC [PSYoungGen: 18912K->0K(134656K)] [ParOldGen: 282205K->118045K(306688K)] 301117K->118045K(441344K) [PSPermGen: 9147K->9147K(21504K)], 0.1341370 secs] [Times: user=0.99 sys=0.00, real=0.13 secs] 
164.275: Total time for which application threads were stopped: 0.1676720 seconds, Stopping threads took: 0.0000820 seconds
164.319: Application time: 0.0443010 seconds
164.319: [GC [PSYoungGen: 115712K->18928K(134656K)] 233757K->145652K(441344K), 0.0163770 secs] [Times: user=0.13 sys=0.00, real=0.02 secs] 
164.336: Total time for which application threads were stopped: 0.0165430 seconds, Stopping threads took: 0.0000680 seconds
164.389: Application time: 0.0528540 seconds
164.389: [GC [PSYoungGen: 134640K->18928K(134656K)] 261364K->167649K(441344K), 0.0250470 secs] [Times: user=0.20 sys=0.00, real=0.03 secs] 
164.414: Total time for which application threads were stopped: 0.0251860 seconds, Stopping threads took: 0.0000480 seconds
164.455: Application time: 0.0408490 seconds
164.455: [GC [PSYoungGen: 134567K->18928K(134656K)] 283288K->196802K(441344K), 0.0286380 secs] [Times: user=0.22 sys=0.00, real=0.03 secs] 
164.483: Total time for which application threads were stopped: 0.0288020 seconds, Stopping threads took: 0.0000770 seconds
164.520: Application time: 0.0366070 seconds
164.520: [GC [PSYoungGen: 134640K->18912K(134656K)] 312514K->229691K(441344K), 0.0320560 secs] [Times: user=0.25 sys=0.00, real=0.03 secs] 
164.552: Total time for which application threads were stopped: 0.0322330 seconds, Stopping threads took: 0.0000890 seconds
164.605: Application time: 0.0532570 seconds
164.606: [GC [PSYoungGen: 134624K->18912K(134656K)] 345403K->257434K(441344K), 0.0356170 secs] [Times: user=0.28 sys=0.00, real=0.04 secs] 
164.641: Total time for which application threads were stopped: 0.0357790 seconds, Stopping threads took: 0.0000790 seconds
164.703: Application time: 0.0616550 seconds
164.704: [GC [PSYoungGen: 134624K->18912K(134656K)] 373146K->265850K(441344K), 0.0262140 secs] [Times: user=0.20 sys=0.00, real=0.02 secs] 
164.730: Total time for which application threads were stopped: 0.0269640 seconds, Stopping threads took: 0.0006700 seconds
164.791: Application time: 0.0606570 seconds
164.791: [GC [PSYoungGen: 134624K->18928K(134656K)] 381562K->275087K(441344K), 0.0278770 secs] [Times: user=0.21 sys=0.00, real=0.03 secs] 
164.819: Total time for which application threads were stopped: 0.0280510 seconds, Stopping threads took: 0.0000930 seconds
164.862: Application time: 0.0436320 seconds
164.862: [GC [PSYoungGen: 134640K->18928K(134656K)] 390799K->300828K(441344K), 0.0320400 secs] [Times: user=0.25 sys=0.00, real=0.03 secs] 
164.894: [Full GC [PSYoungGen: 18928K->0K(134656K)] [ParOldGen: 281899K->118650K(306688K)] 300828K->118650K(441344K) [PSPermGen: 9147K->9147K(21504K)], 0.1338990 secs] [Times: user=0.99 sys=0.00, real=0.13 secs] 
165.028: Total time for which application threads were stopped: 0.1661920 seconds, Stopping threads took: 0.0000900 seconds
165.073: Application time: 0.0445350 seconds
165.073: [GC [PSYoungGen: 115712K->18928K(134656K)] 234362K->146027K(441344K), 0.0164980 secs] [Times: user=0.12 sys=0.00, real=0.01 secs] 
165.090: Total time for which application threads were stopped: 0.0166820 seconds, Stopping threads took: 0.0000960 seconds
165.145: Application time: 0.0552570 seconds
165.145: [GC [PSYoungGen: 134640K->18912K(134656K)] 261739K->167007K(441344K), 0.0253390 secs] [Times: user=0.20 sys=0.00, real=0.02 secs] 
165.170: Total time for which application threads were stopped: 0.0255030 seconds, Stopping threads took: 0.0000770 seconds
165.210: Application time: 0.0400420 seconds
165.211: [GC [PSYoungGen: 134624K->18912K(134656K)] 282719K->195158K(441344K), 0.0287100 secs] [Times: user=0.22 sys=0.00, real=0.03 secs] 
165.239: Total time for which application threads were stopped: 0.0288870 seconds, Stopping threads took: 0.0000880 seconds
165.278: Application time: 0.0383210 seconds
165.278: [GC [PSYoungGen: 134624K->18912K(134656K)] 310870K->229587K(441344K), 0.0337360 secs] [Times: user=0.26 sys=0.00, real=0.04 secs] 
165.312: Total time for which application threads were stopped: 0.0339230 seconds, Stopping threads took: 0.0000860 seconds
165.365: Application time: 0.0538940 seconds
165.366: [GC [PSYoungGen: 134624K->18912K(134656K)] 345299K->257881K(441344K), 0.0362030 secs] [Times: user=0.28 sys=0.00, real=0.04 secs] 
165.402: Total time for which application threads were stopped: 0.0363810 seconds, Stopping threads took: 0.0000790 seconds
165.464: Application time: 0.0626430 seconds
165.465: [GC [PSYoungGen: 134624K->18912K(134656K)] 373593K->265886K(441344K), 0.0272110 secs] [Times: user=0.21 sys=0.00, real=0.03 secs] 
165.492: Total time for which application threads were stopped: 0.0273730 seconds, Stopping threads took: 0.0000800 seconds
165.553: Application time: 0.0611330 seconds
165.553: [GC [PSYoungGen: 134624K->18912K(134656K)] 381598K->275550K(441344K), 0.0274850 secs] [Times: user=0.22 sys=0.00, real=0.03 secs] 
165.581: Total time for which application threads were stopped: 0.0276490 seconds, Stopping threads took: 0.0000830 seconds
165.629: Application time: 0.0481350 seconds
165.629: [GC [PSYoungGen: 134624K->18912K(134656K)] 391262K->296713K(441344K), 0.0330760 secs] [Times: user=0.25 sys=0.00, real=0.04 secs] 
165.662: [Full GC [PSYoungGen: 18912K->0K(134656K)] [ParOldGen: 277800K->117216K(306688K)] 296713K->117216K(441344K) [PSPermGen: 9147K->9147K(21504K)], 0.1347640 secs] [Times: user=0.99 sys=0.00, real=0.13 secs] 
165.797: Total time for which application threads were stopped: 0.1680570 seconds, Stopping threads took: 0.0000670 seconds
165.840: Application time: 0.0434980 seconds
165.840: [GC [PSYoungGen: 115712K->18918K(134656K)] 232928K->145859K(441344K), 0.0162290 secs] [Times: user=0.13 sys=0.00, real=0.01 secs] 
165.857: Total time for which application threads were stopped: 0.0164240 seconds, Stopping threads took: 0.0001060 seconds
165.906: Application time: 0.0496070 seconds
165.907: [GC [PSYoungGen: 134630K->18912K(134656K)] 261571K->171484K(441344K), 0.0251690 secs] [Times: user=0.20 sys=0.00, real=0.03 secs] 
165.932: Total time for which application threads were stopped: 0.0253790 seconds, Stopping threads took: 0.0001080 seconds
165.972: Application time: 0.0402950 seconds
165.972: [GC [PSYoungGen: 134624K->18912K(134656K)] 287196K->199638K(441344K), 0.0271170 secs] [Times: user=0.21 sys=0.00, real=0.02 secs] 
165.999: Total time for which application threads were stopped: 0.0272640 seconds, Stopping threads took: 0.0000630 seconds
166.037: Application time: 0.0380170 seconds
166.037: [GC [PSYoungGen: 134624K->18912K(134656K)] 315350K->233990K(441344K), 0.0321360 secs] [Times: user=0.25 sys=0.00, real=0.03 secs] 
166.070: Total time for which application threads were stopped: 0.0323090 seconds, Stopping threads took: 0.0000860 seconds
166.123: Application time: 0.0536080 seconds
166.128: [GC [PSYoungGen: 134624K->18912K(134656K)] 349702K->261583K(441344K), 0.0341690 secs] [Times: user=0.27 sys=0.00, real=0.04 secs] 
166.162: Total time for which application threads were stopped: 0.0385230 seconds, Stopping threads took: 0.0042710 seconds
166.223: Application time: 0.0611110 seconds
166.223: [GC [PSYoungGen: 134624K->18912K(134656K)] 377295K->269216K(441344K), 0.0238900 secs] [Times: user=0.19 sys=0.00, real=0.02 secs] 
166.247: Total time for which application threads were stopped: 0.0240510 seconds, Stopping threads took: 0.0000770 seconds
166.308: Application time: 0.0607870 seconds
166.308: [GC [PSYoungGen: 134624K->18912K(134656K)] 384928K->277951K(441344K), 0.0254700 secs] [Times: user=0.20 sys=0.00, real=0.03 secs] 
166.333: Total time for which application threads were stopped: 0.0256360 seconds, Stopping threads took: 0.0000880 seconds
166.379: Application time: 0.0458920 seconds
166.379: [GC [PSYoungGen: 134624K->18912K(134656K)] 393663K->299555K(441344K), 0.0312050 secs] [Times: user=0.23 sys=0.00, real=0.03 secs] 
166.411: [Full GC [PSYoungGen: 18912K->0K(134656K)] [ParOldGen: 280643K->118780K(306688K)] 299555K->118780K(441344K) [PSPermGen: 9147K->9147K(21504K)], 0.1362160 secs] [Times: user=1.01 sys=0.00, real=0.14 secs] 
166.547: Total time for which application threads were stopped: 0.1676560 seconds, Stopping threads took: 0.0000810 seconds
166.591: Application time: 0.0444970 seconds
166.592: [GC [PSYoungGen: 115712K->18928K(134656K)] 234492K->146574K(441344K), 0.0156280 secs] [Times: user=0.12 sys=0.00, real=0.01 secs] 
166.607: Total time for which application threads were stopped: 0.0158460 seconds, Stopping threads took: 0.0001190 seconds
166.657: Application time: 0.0493890 seconds
166.657: [GC [PSYoungGen: 134543K->18928K(134656K)] 262189K->170740K(441344K), 0.0247000 secs] [Times: user=0.20 sys=0.00, real=0.03 secs] 
166.682: Total time for which application threads were stopped: 0.0248630 seconds, Stopping threads took: 0.0000780 seconds
166.723: Application time: 0.0413970 seconds
166.723: [GC [PSYoungGen: 134640K->18928K(134656K)] 286452K->198655K(441344K), 0.0270170 secs] [Times: user=0.21 sys=0.01, real=0.02 secs] 
166.750: Total time for which application threads were stopped: 0.0272020 seconds, Stopping threads took: 0.0000980 seconds
166.787: Application time: 0.0368300 seconds
166.787: [GC [PSYoungGen: 134640K->18928K(134656K)] 314367K->232054K(441344K), 0.0306510 secs] [Times: user=0.23 sys=0.00, real=0.03 secs] 
166.818: Total time for which application threads were stopped: 0.0308110 seconds, Stopping threads took: 0.0000740 seconds
166.870: Application time: 0.0521440 seconds
166.870: [GC [PSYoungGen: 134640K->18928K(134656K)] 347766K->262354K(441344K), 0.0355740 secs] [Times: user=0.28 sys=0.00, real=0.04 secs] 
166.906: Total time for which application threads were stopped: 0.0357310 seconds, Stopping threads took: 0.0000750 seconds
166.966: Application time: 0.0598720 seconds
166.966: [GC [PSYoungGen: 134640K->18928K(134656K)] 378066K->270485K(441344K), 0.0245350 secs] [Times: user=0.19 sys=0.00, real=0.02 secs] 
166.990: Total time for which application threads were stopped: 0.0247130 seconds, Stopping threads took: 0.0000930 seconds
167.052: Application time: 0.0618220 seconds
167.052: [GC [PSYoungGen: 134640K->18912K(134656K)] 386197K->279413K(441344K), 0.0251100 secs] [Times: user=0.19 sys=0.00, real=0.02 secs] 
167.077: [Full GC [PSYoungGen: 18912K->0K(134656K)] [ParOldGen: 260500K->124634K(306688K)] 279413K->124634K(441344K) [PSPermGen: 9147K->9147K(21504K)], 0.1498300 secs] [Times: user=1.10 sys=0.00, real=0.15 secs] 
167.227: Total time for which application threads were stopped: 0.1751850 seconds, Stopping threads took: 0.0000960 seconds
167.275: Application time: 0.0472640 seconds
167.275: [GC [PSYoungGen: 115712K->18919K(134656K)] 240346K->145682K(441344K), 0.0121950 secs] [Times: user=0.09 sys=0.00, real=0.01 secs] 
167.287: Total time for which application threads were stopped: 0.0124110 seconds, Stopping threads took: 0.0001110 seconds
167.332: Application time: 0.0452780 seconds
167.332: [GC [PSYoungGen: 134631K->18928K(134656K)] 261394K->173171K(441344K), 0.0246470 secs] [Times: user=0.20 sys=0.00, real=0.02 secs] 
167.357: Total time for which application threads were stopped: 0.0248130 seconds, Stopping threads took: 0.0000740 seconds
167.407: Application time: 0.0501150 seconds
167.407: [GC [PSYoungGen: 134640K->18928K(134656K)] 288883K->196733K(441344K), 0.0272390 secs] [Times: user=0.21 sys=0.00, real=0.03 secs] 
167.435: Total time for which application threads were stopped: 0.0274230 seconds, Stopping threads took: 0.0000960 seconds
167.479: Application time: 0.0441180 seconds
167.479: [GC [PSYoungGen: 134640K->18928K(134656K)] 312445K->222807K(441344K), 0.0286780 secs] [Times: user=0.22 sys=0.01, real=0.03 secs] 
167.508: Total time for which application threads were stopped: 0.0288560 seconds, Stopping threads took: 0.0000760 seconds
167.545: Application time: 0.0373800 seconds
167.545: [GC [PSYoungGen: 134640K->18928K(134656K)] 338519K->257821K(441344K), 0.0335430 secs] [Times: user=0.26 sys=0.00, real=0.03 secs] 
167.579: Total time for which application threads were stopped: 0.0337130 seconds, Stopping threads took: 0.0000790 seconds
167.628: Application time: 0.0497160 seconds
167.629: [GC [PSYoungGen: 134640K->18912K(134656K)] 373533K->288456K(441344K), 0.0365480 secs] [Times: user=0.29 sys=0.00, real=0.04 secs] 
167.665: [Full GC [PSYoungGen: 18912K->0K(134656K)] [ParOldGen: 269544K->160543K(306688K)] 288456K->160543K(441344K) [PSPermGen: 9147K->9147K(21504K)], 0.2001160 secs] [Times: user=1.48 sys=0.00, real=0.20 secs] 
167.865: Total time for which application threads were stopped: 0.2368980 seconds, Stopping threads took: 0.0000830 seconds
167.926: Application time: 0.0602590 seconds
167.926: [GC [PSYoungGen: 115712K->8752K(134656K)] 276255K->169295K(441344K), 0.0097880 secs] [Times: user=0.07 sys=0.00, real=0.01 secs] 
167.936: Total time for which application threads were stopped: 0.0099770 seconds, Stopping threads took: 0.0000850 seconds
167.997: Application time: 0.0613200 seconds
167.997: [GC [PSYoungGen: 124464K->17712K(134656K)] 285007K->178256K(441344K), 0.0165490 secs] [Times: user=0.13 sys=0.00, real=0.02 secs] 
168.014: Total time for which application threads were stopped: 0.0167250 seconds, Stopping threads took: 0.0000940 seconds
168.061: Application time: 0.0471590 seconds
168.061: [GC [PSYoungGen: 133424K->18912K(134656K)] 293968K->199172K(441344K), 0.0253100 secs] [Times: user=0.20 sys=0.00, real=0.02 secs] 
168.086: Total time for which application threads were stopped: 0.0254770 seconds, Stopping threads took: 0.0000790 seconds
168.134: Application time: 0.0473900 seconds
168.134: [GC [PSYoungGen: 134624K->18928K(134656K)] 314884K->225888K(441344K), 0.0313240 secs] [Times: user=0.24 sys=0.00, real=0.03 secs] 
168.165: Total time for which application threads were stopped: 0.0315020 seconds, Stopping threads took: 0.0000920 seconds
168.213: Application time: 0.0482860 seconds
168.214: [GC [PSYoungGen: 134640K->18928K(134656K)] 341600K->248673K(441344K), 0.0296860 secs] [Times: user=0.23 sys=0.00, real=0.03 secs] 
168.243: Total time for which application threads were stopped: 0.0298740 seconds, Stopping threads took: 0.0001030 seconds
168.286: Application time: 0.0427630 seconds
168.286: [GC [PSYoungGen: 134640K->18928K(134656K)] 364385K->276879K(441344K), 0.0313870 secs] [Times: user=0.25 sys=0.00, real=0.03 secs] 
168.318: Total time for which application threads were stopped: 0.0315550 seconds, Stopping threads took: 0.0000780 seconds
168.355: Application time: 0.0372410 seconds
168.355: [GC [PSYoungGen: 134640K->18912K(134656K)] 392591K->312940K(441344K), 0.0345700 secs] [Times: user=0.27 sys=0.00, real=0.03 secs] 
168.390: [Full GC [PSYoungGen: 18912K->0K(134656K)] [ParOldGen: 294028K->142574K(306688K)] 312940K->142574K(441344K) [PSPermGen: 9147K->9147K(21504K)], 0.1587960 secs] [Times: user=1.19 sys=0.00, real=0.16 secs] 
168.548: Total time for which application threads were stopped: 0.1936090 seconds, Stopping threads took: 0.0000930 seconds
168.596: Application time: 0.0476450 seconds
168.596: [GC [PSYoungGen: 115712K->18912K(134656K)] 258286K->172695K(441344K), 0.0206110 secs] [Times: user=0.16 sys=0.00, real=0.02 secs] 
168.617: Total time for which application threads were stopped: 0.0208370 seconds, Stopping threads took: 0.0001320 seconds
168.678: Application time: 0.0610280 seconds
168.678: [GC [PSYoungGen: 134624K->18912K(134656K)] 288407K->181788K(441344K), 0.0219590 secs] [Times: user=0.17 sys=0.00, real=0.03 secs] 
168.700: Total time for which application threads were stopped: 0.0221410 seconds, Stopping threads took: 0.0000970 seconds
168.762: Application time: 0.0620510 seconds
168.762: [GC [PSYoungGen: 134624K->18912K(134656K)] 297500K->190487K(441344K), 0.0238860 secs] [Times: user=0.18 sys=0.00, real=0.02 secs] 
168.786: Total time for which application threads were stopped: 0.0240530 seconds, Stopping threads took: 0.0000860 seconds
168.833: Application time: 0.0463740 seconds
168.833: [GC [PSYoungGen: 134624K->18928K(134656K)] 306199K->212638K(441344K), 0.0289580 secs] [Times: user=0.23 sys=0.00, real=0.03 secs] 
168.862: Total time for which application threads were stopped: 0.0291360 seconds, Stopping threads took: 0.0000890 seconds
168.910: Application time: 0.0485840 seconds
168.912: [GC [PSYoungGen: 134640K->18928K(134656K)] 328350K->238535K(441344K), 0.0343690 secs] [Times: user=0.27 sys=0.00, real=0.03 secs] 
168.946: Total time for which application threads were stopped: 0.0357060 seconds, Stopping threads took: 0.0012420 seconds
168.994: Application time: 0.0484100 seconds
168.995: [GC [PSYoungGen: 134640K->18928K(134656K)] 354247K->260908K(441344K), 0.0326210 secs] [Times: user=0.25 sys=0.00, real=0.03 secs] 
169.027: Total time for which application threads were stopped: 0.0327810 seconds, Stopping threads took: 0.0000760 seconds
169.070: Application time: 0.0422940 seconds
169.070: [GC [PSYoungGen: 134640K->18928K(134656K)] 376620K->290953K(441344K), 0.0359220 secs] [Times: user=0.29 sys=0.00, real=0.04 secs] 
169.106: [Full GC [PSYoungGen: 18928K->0K(134656K)] [ParOldGen: 272025K->120977K(306688K)] 290953K->120977K(441344K) [PSPermGen: 9147K->9147K(21504K)], 0.1302380 secs] [Times: user=0.94 sys=0.00, real=0.13 secs] 
169.236: Total time for which application threads were stopped: 0.1664020 seconds, Stopping threads took: 0.0000900 seconds
169.275: Application time: 0.0388410 seconds
169.275: [GC [PSYoungGen: 115712K->18925K(134656K)] 236689K->154704K(441344K), 0.0173700 secs] [Times: user=0.14 sys=0.00, real=0.02 secs] 
169.292: Total time for which application threads were stopped: 0.0175780 seconds, Stopping threads took: 0.0001080 seconds
169.341: Application time: 0.0489690 seconds
169.341: [GC [PSYoungGen: 134637K->18928K(134656K)] 270416K->184759K(441344K), 0.0284490 secs] [Times: user=0.22 sys=0.00, real=0.02 secs] 
169.370: Total time for which application threads were stopped: 0.0286150 seconds, Stopping threads took: 0.0000780 seconds
169.429: Application time: 0.0592900 seconds
169.429: [GC [PSYoungGen: 134640K->18912K(134656K)] 300471K->194500K(441344K), 0.0243120 secs] [Times: user=0.19 sys=0.00, real=0.03 secs] 
169.454: Total time for which application threads were stopped: 0.0244840 seconds, Stopping threads took: 0.0000900 seconds
169.516: Application time: 0.0624230 seconds
169.516: [GC [PSYoungGen: 134624K->18912K(134656K)] 310212K->203172K(441344K), 0.0265780 secs] [Times: user=0.20 sys=0.00, real=0.03 secs] 
169.543: Total time for which application threads were stopped: 0.0267390 seconds, Stopping threads took: 0.0000780 seconds
169.592: Application time: 0.0488700 seconds
169.592: [GC [PSYoungGen: 134624K->18928K(134656K)] 318884K->223335K(441344K), 0.0292500 secs] [Times: user=0.23 sys=0.00, real=0.03 secs] 
169.621: Total time for which application threads were stopped: 0.0294160 seconds, Stopping threads took: 0.0000780 seconds
169.669: Application time: 0.0473640 seconds
169.669: [GC [PSYoungGen: 134640K->18912K(134656K)] 339047K->247996K(441344K), 0.0330670 secs] [Times: user=0.26 sys=0.00, real=0.04 secs] 
169.702: Total time for which application threads were stopped: 0.0332400 seconds, Stopping threads took: 0.0000860 seconds
169.748: Application time: 0.0463290 seconds
169.748: [GC [PSYoungGen: 134624K->18912K(134656K)] 363708K->273854K(441344K), 0.0339740 secs] [Times: user=0.27 sys=0.00, real=0.04 secs] 
169.782: Total time for which application threads were stopped: 0.0341560 seconds, Stopping threads took: 0.0000940 seconds
169.824: Application time: 0.0422130 seconds
169.825: [GC [PSYoungGen: 134624K->18912K(134656K)] 389566K->303656K(441344K), 0.0356330 secs] [Times: user=0.28 sys=0.00, real=0.04 secs] 
169.860: [Full GC [PSYoungGen: 18912K->0K(134656K)] [ParOldGen: 284743K->122058K(306688K)] 303656K->122058K(441344K) [PSPermGen: 9147K->9147K(21504K)], 0.1302640 secs] [Times: user=0.96 sys=0.00, real=0.12 secs] 
169.991: Total time for which application threads were stopped: 0.1661510 seconds, Stopping threads took: 0.0000920 seconds
170.029: Application time: 0.0388700 seconds
170.030: [GC [PSYoungGen: 115712K->18912K(134656K)] 237770K->154558K(441344K), 0.0169410 secs] [Times: user=0.13 sys=0.00, real=0.02 secs] 
170.047: Total time for which application threads were stopped: 0.0171050 seconds, Stopping threads took: 0.0000760 seconds
170.096: Application time: 0.0492320 seconds
170.096: [GC [PSYoungGen: 134624K->18928K(134656K)] 270270K->185125K(441344K), 0.0290840 secs] [Times: user=0.23 sys=0.00, real=0.03 secs] 
170.125: Total time for which application threads were stopped: 0.0292530 seconds, Stopping threads took: 0.0000730 seconds
170.186: Application time: 0.0610170 seconds
170.186: [GC [PSYoungGen: 134640K->18912K(134656K)] 300837K->196345K(441344K), 0.0250000 secs] [Times: user=0.19 sys=0.00, real=0.02 secs] 
170.211: Total time for which application threads were stopped: 0.0251810 seconds, Stopping threads took: 0.0000980 seconds
170.274: Application time: 0.0629630 seconds
170.274: [GC [PSYoungGen: 134624K->18928K(134656K)] 312057K->205145K(441344K), 0.0274230 secs] [Times: user=0.21 sys=0.00, real=0.03 secs] 
170.302: Total time for which application threads were stopped: 0.0276360 seconds, Stopping threads took: 0.0001270 seconds
170.352: Application time: 0.0501680 seconds
170.352: [GC [PSYoungGen: 134608K->18912K(134656K)] 320826K->224673K(441344K), 0.0297610 secs] [Times: user=0.23 sys=0.00, real=0.03 secs] 
170.382: Total time for which application threads were stopped: 0.0299460 seconds, Stopping threads took: 0.0000850 seconds
170.431: Application time: 0.0491640 seconds
170.431: [GC [PSYoungGen: 134624K->18912K(134656K)] 340385K->249095K(441344K), 0.0331530 secs] [Times: user=0.26 sys=0.00, real=0.04 secs] 
170.464: Total time for which application threads were stopped: 0.0332920 seconds, Stopping threads took: 0.0000540 seconds
170.512: Application time: 0.0474110 seconds
170.512: [GC [PSYoungGen: 134624K->18912K(134656K)] 364807K->273009K(441344K), 0.0330780 secs] [Times: user=0.27 sys=0.00, real=0.03 secs] 
170.545: Total time for which application threads were stopped: 0.0332490 seconds, Stopping threads took: 0.0000810 seconds
170.585: Application time: 0.0396590 seconds
170.585: [GC [PSYoungGen: 134586K->18912K(134656K)] 388682K->303855K(441344K), 0.0357890 secs] [Times: user=0.29 sys=0.00, real=0.04 secs] 
170.621: [Full GC [PSYoungGen: 18912K->0K(134656K)] [ParOldGen: 284943K->121352K(306688K)] 303855K->121352K(441344K) [PSPermGen: 9148K->9148K(21504K)], 0.1307920 secs] [Times: user=0.95 sys=0.00, real=0.13 secs] 
170.752: Total time for which application threads were stopped: 0.1668130 seconds, Stopping threads took: 0.0000820 seconds
170.790: Application time: 0.0385610 seconds
170.790: [GC [PSYoungGen: 115712K->18936K(134656K)] 237064K->155540K(441344K), 0.0179610 secs] [Times: user=0.13 sys=0.00, real=0.02 secs] 
170.808: Total time for which application threads were stopped: 0.0181380 seconds, Stopping threads took: 0.0000890 seconds
170.856: Application time: 0.0481450 seconds
170.857: [GC [PSYoungGen: 134648K->18928K(134656K)] 271252K->185656K(441344K), 0.0281150 secs] [Times: user=0.22 sys=0.00, real=0.03 secs] 
170.885: Total time for which application threads were stopped: 0.0282900 seconds, Stopping threads took: 0.0000790 seconds
170.944: Application time: 0.0594870 seconds
170.944: [GC [PSYoungGen: 134640K->18928K(134656K)] 301368K->196963K(441344K), 0.0251460 secs] [Times: user=0.19 sys=0.00, real=0.02 secs] 
170.970: Total time for which application threads were stopped: 0.0253300 seconds, Stopping threads took: 0.0001030 seconds
171.031: Application time: 0.0610980 seconds
171.031: [GC [PSYoungGen: 134640K->18928K(134656K)] 312675K->205567K(441344K), 0.0258130 secs] [Times: user=0.20 sys=0.00, real=0.03 secs] 
171.057: Total time for which application threads were stopped: 0.0259790 seconds, Stopping threads took: 0.0000820 seconds
171.106: Application time: 0.0498240 seconds
171.107: [GC [PSYoungGen: 134640K->18928K(134656K)] 321279K->224625K(441344K), 0.0298580 secs] [Times: user=0.23 sys=0.00, real=0.03 secs] 
171.137: Total time for which application threads were stopped: 0.0300450 seconds, Stopping threads took: 0.0001010 seconds
171.183: Application time: 0.0461510 seconds
171.184: [GC [PSYoungGen: 134640K->18928K(134656K)] 340337K->247541K(441344K), 0.0319850 secs] [Times: user=0.24 sys=0.00, real=0.03 secs] 
171.216: Total time for which application threads were stopped: 0.0329360 seconds, Stopping threads took: 0.0008630 seconds
171.264: Application time: 0.0480560 seconds
171.264: [GC [PSYoungGen: 134640K->18928K(134656K)] 363253K->274819K(441344K), 0.0364500 secs] [Times: user=0.29 sys=0.00, real=0.04 secs] 
171.300: Total time for which application threads were stopped: 0.0366230 seconds, Stopping threads took: 0.0000850 seconds
171.342: Application time: 0.0421050 seconds
171.343: [GC [PSYoungGen: 134640K->18912K(134656K)] 390531K->303597K(441344K), 0.0356710 secs] [Times: user=0.28 sys=0.00, real=0.03 secs] 
171.378: [Full GC [PSYoungGen: 18912K->0K(134656K)] [ParOldGen: 284684K->119778K(306688K)] 303597K->119778K(441344K) [PSPermGen: 9148K->9148K(21504K)], 0.1274530 secs] [Times: user=0.94 sys=0.00, real=0.13 secs] 
171.506: Total time for which application threads were stopped: 0.1633760 seconds, Stopping threads took: 0.0000830 seconds
171.545: Application time: 0.0391000 seconds
171.545: [GC [PSYoungGen: 115712K->18922K(134656K)] 235490K->153276K(441344K), 0.0176490 secs] [Times: user=0.14 sys=0.00, real=0.02 secs] 
171.563: Total time for which application threads were stopped: 0.0178890 seconds, Stopping threads took: 0.0001410 seconds
171.611: Application time: 0.0479540 seconds
171.611: [GC [PSYoungGen: 134634K->18928K(134656K)] 268988K->183021K(441344K), 0.0275680 secs] [Times: user=0.21 sys=0.00, real=0.03 secs] 
171.639: Total time for which application threads were stopped: 0.0277650 seconds, Stopping threads took: 0.0001100 seconds
171.697: Application time: 0.0587290 seconds
171.697: [GC [PSYoungGen: 134640K->18912K(134656K)] 298733K->195418K(441344K), 0.0252950 secs] [Times: user=0.20 sys=0.00, real=0.03 secs] 
171.723: Total time for which application threads were stopped: 0.0254440 seconds, Stopping threads took: 0.0000670 seconds
171.786: Application time: 0.0628260 seconds
171.786: [GC [PSYoungGen: 134624K->18928K(134656K)] 311130K->204206K(441344K), 0.0265470 secs] [Times: user=0.21 sys=0.00, real=0.03 secs] 
171.812: Total time for which application threads were stopped: 0.0267330 seconds, Stopping threads took: 0.0000990 seconds
171.866: Application time: 0.0537810 seconds
171.866: [GC [PSYoungGen: 134640K->18928K(134656K)] 319918K->219476K(441344K), 0.0283280 secs] [Times: user=0.23 sys=0.00, real=0.03 secs] 
171.895: Total time for which application threads were stopped: 0.0285090 seconds, Stopping threads took: 0.0000930 seconds
171.937: Application time: 0.0424350 seconds
171.940: [GC [PSYoungGen: 134640K->18912K(134656K)] 335188K->245360K(441344K), 0.0321390 secs] [Times: user=0.26 sys=0.00, real=0.03 secs] 
171.972: Total time for which application threads were stopped: 0.0348200 seconds, Stopping threads took: 0.0025900 seconds
172.023: Application time: 0.0514440 seconds
172.023: [GC [PSYoungGen: 134624K->18912K(134656K)] 361072K->272335K(441344K), 0.0348210 secs] [Times: user=0.27 sys=0.00, real=0.03 secs] 
172.058: Total time for which application threads were stopped: 0.0349860 seconds, Stopping threads took: 0.0000770 seconds
172.100: Application time: 0.0419100 seconds
172.104: [GC [PSYoungGen: 134624K->18912K(134656K)] 388047K->300954K(441344K), 0.0343870 secs] [Times: user=0.27 sys=0.00, real=0.03 secs] 
172.138: [Full GC [PSYoungGen: 18912K->0K(134656K)] [ParOldGen: 282042K->118582K(306688K)] 300954K->118582K(441344K) [PSPermGen: 9148K->9148K(21504K)], 0.1281040 secs] [Times: user=0.93 sys=0.00, real=0.13 secs] 
172.266: Total time for which application threads were stopped: 0.1660940 seconds, Stopping threads took: 0.0034340 seconds
172.304: Application time: 0.0374110 seconds
172.304: [GC [PSYoungGen: 115712K->18929K(134656K)] 234294K->150709K(441344K), 0.0163040 secs] [Times: user=0.13 sys=0.00, real=0.02 secs] 
172.320: Total time for which application threads were stopped: 0.0164590 seconds, Stopping threads took: 0.0000660 seconds
172.368: Application time: 0.0476610 seconds
172.372: [GC [PSYoungGen: 134641K->18912K(134656K)] 266421K->183275K(441344K), 0.0290900 secs] [Times: user=0.23 sys=0.00, real=0.03 secs] 
172.401: Total time for which application threads were stopped: 0.0329300 seconds, Stopping threads took: 0.0037530 seconds
172.461: Application time: 0.0598390 seconds
172.461: [GC [PSYoungGen: 134624K->18928K(134656K)] 298987K->195624K(441344K), 0.0248070 secs] [Times: user=0.20 sys=0.00, real=0.02 secs] 
172.486: Total time for which application threads were stopped: 0.0249670 seconds, Stopping threads took: 0.0000750 seconds
172.547: Application time: 0.0618860 seconds
172.548: [GC [PSYoungGen: 134640K->18928K(134656K)] 311336K->204124K(441344K), 0.0255230 secs] [Times: user=0.21 sys=0.00, real=0.03 secs] 
172.573: Total time for which application threads were stopped: 0.0256890 seconds, Stopping threads took: 0.0000740 seconds
172.628: Application time: 0.0553730 seconds
172.629: [GC [PSYoungGen: 134640K->18928K(134656K)] 319836K->219410K(441344K), 0.0276480 secs] [Times: user=0.22 sys=0.00, real=0.03 secs] 
172.656: Total time for which application threads were stopped: 0.0278350 seconds, Stopping threads took: 0.0000780 seconds
172.706: Application time: 0.0496610 seconds
172.706: [GC [PSYoungGen: 134640K->18928K(134656K)] 335122K->242482K(441344K), 0.0309570 secs] [Times: user=0.24 sys=0.00, real=0.03 secs] 
172.737: Total time for which application threads were stopped: 0.0311290 seconds, Stopping threads took: 0.0000850 seconds
172.782: Application time: 0.0444490 seconds
172.782: [GC [PSYoungGen: 134640K->18928K(134656K)] 358194K->269601K(441344K), 0.0327260 secs] [Times: user=0.26 sys=0.00, real=0.03 secs] 
172.814: Total time for which application threads were stopped: 0.0329140 seconds, Stopping threads took: 0.0001000 seconds
172.858: Application time: 0.0438040 seconds
172.858: [GC [PSYoungGen: 134640K->18928K(134656K)] 385313K->300321K(441344K), 0.0359600 secs] [Times: user=0.28 sys=0.00, real=0.04 secs] 
172.894: [Full GC [PSYoungGen: 18928K->0K(134656K)] [ParOldGen: 281393K->124659K(306688K)] 300321K->124659K(441344K) [PSPermGen: 9149K->9148K(21504K)], 0.1395970 secs] [Times: user=1.03 sys=0.00, real=0.14 secs] 
173.034: Total time for which application threads were stopped: 0.1757820 seconds, Stopping threads took: 0.0000800 seconds
173.074: Application time: 0.0394920 seconds
173.074: [GC [PSYoungGen: 115712K->18928K(134656K)] 240371K->159992K(441344K), 0.0182410 secs] [Times: user=0.14 sys=0.00, real=0.02 secs] 
173.092: Total time for which application threads were stopped: 0.0184380 seconds, Stopping threads took: 0.0001060 seconds
173.138: Application time: 0.0456450 seconds
173.138: [GC [PSYoungGen: 134640K->18926K(134656K)] 275704K->188954K(441344K), 0.0263970 secs] [Times: user=0.20 sys=0.00, real=0.03 secs] 
173.164: Total time for which application threads were stopped: 0.0265890 seconds, Stopping threads took: 0.0000940 seconds
173.224: Application time: 0.0596420 seconds
173.224: [GC [PSYoungGen: 134638K->18926K(134656K)] 304666K->201358K(441344K), 0.0242030 secs] [Times: user=0.19 sys=0.00, real=0.02 secs] 
173.248: Total time for which application threads were stopped: 0.0243650 seconds, Stopping threads took: 0.0000760 seconds
173.309: Application time: 0.0612440 seconds
173.310: [GC [PSYoungGen: 134638K->18928K(134656K)] 317070K->209476K(441344K), 0.0239980 secs] [Times: user=0.18 sys=0.00, real=0.03 secs] 
173.334: Total time for which application threads were stopped: 0.0241760 seconds, Stopping threads took: 0.0000920 seconds
173.386: Application time: 0.0518900 seconds
173.386: [GC [PSYoungGen: 134640K->18942K(134656K)] 325188K->227058K(441344K), 0.0277130 secs] [Times: user=0.22 sys=0.00, real=0.03 secs] 
173.413: Total time for which application threads were stopped: 0.0278720 seconds, Stopping threads took: 0.0000700 seconds
173.467: Application time: 0.0533580 seconds
173.467: [GC [PSYoungGen: 134654K->18912K(134656K)] 342770K->247795K(441344K), 0.0305330 secs] [Times: user=0.24 sys=0.00, real=0.03 secs] 
173.498: Total time for which application threads were stopped: 0.0307090 seconds, Stopping threads took: 0.0000880 seconds
173.545: Application time: 0.0478290 seconds
173.545: [GC [PSYoungGen: 134588K->18912K(134656K)] 363471K->273341K(441344K), 0.0314500 secs] [Times: user=0.25 sys=0.00, real=0.03 secs] 
173.577: Total time for which application threads were stopped: 0.0316420 seconds, Stopping threads took: 0.0000930 seconds
173.617: Application time: 0.0398300 seconds
173.617: [GC [PSYoungGen: 134624K->18912K(134656K)] 389053K->303978K(441344K), 0.0333760 secs] [Times: user=0.26 sys=0.00, real=0.03 secs] 
173.650: [Full GC [PSYoungGen: 18912K->0K(134656K)] [ParOldGen: 285065K->121660K(306688K)] 303978K->121660K(441344K) [PSPermGen: 9148K->9148K(21504K)], 0.1310670 secs] [Times: user=0.95 sys=0.00, real=0.14 secs] 
173.782: Total time for which application threads were stopped: 0.1646710 seconds, Stopping threads took: 0.0000740 seconds
173.819: Application time: 0.0378440 seconds
173.819: [GC [PSYoungGen: 115712K->18912K(134656K)] 237372K->158390K(441344K), 0.0189900 secs] [Times: user=0.15 sys=0.00, real=0.02 secs] 
173.839: Total time for which application threads were stopped: 0.0191750 seconds, Stopping threads took: 0.0000860 seconds
173.885: Application time: 0.0464770 seconds
173.885: [GC [PSYoungGen: 134624K->18928K(134656K)] 274102K->190366K(441344K), 0.0293770 secs] [Times: user=0.23 sys=0.00, real=0.03 secs] 
173.915: Total time for which application threads were stopped: 0.0295410 seconds, Stopping threads took: 0.0000770 seconds
173.974: Application time: 0.0589870 seconds
173.976: [GC [PSYoungGen: 134640K->18912K(134656K)] 306078K->202565K(441344K), 0.0253600 secs] [Times: user=0.20 sys=0.00, real=0.03 secs] 
174.001: Total time for which application threads were stopped: 0.0274540 seconds, Stopping threads took: 0.0020120 seconds
174.062: Application time: 0.0610200 seconds
174.062: [GC [PSYoungGen: 134624K->18912K(134656K)] 318277K->211045K(441344K), 0.0246260 secs] [Times: user=0.19 sys=0.00, real=0.02 secs] 
174.087: Total time for which application threads were stopped: 0.0247800 seconds, Stopping threads took: 0.0000710 seconds
174.139: Application time: 0.0524620 seconds
174.139: [GC [PSYoungGen: 134624K->18912K(134656K)] 326757K->227254K(441344K), 0.0276830 secs] [Times: user=0.22 sys=0.00, real=0.03 secs] 
174.167: Total time for which application threads were stopped: 0.0278600 seconds, Stopping threads took: 0.0000890 seconds
174.220: Application time: 0.0526270 seconds
174.220: [GC [PSYoungGen: 134624K->18928K(134656K)] 342966K->247779K(441344K), 0.0304790 secs] [Times: user=0.23 sys=0.00, real=0.02 secs] 
174.250: Total time for which application threads were stopped: 0.0306510 seconds, Stopping threads took: 0.0000820 seconds
174.296: Application time: 0.0459800 seconds
174.296: [GC [PSYoungGen: 134640K->18928K(134656K)] 363491K->272164K(441344K), 0.0312340 secs] [Times: user=0.24 sys=0.00, real=0.03 secs] 
174.328: Total time for which application threads were stopped: 0.0313870 seconds, Stopping threads took: 0.0000640 seconds
174.367: Application time: 0.0389120 seconds
174.368: [GC [PSYoungGen: 134640K->18928K(134656K)] 387876K->303952K(441344K), 0.0348070 secs] [Times: user=0.27 sys=0.00, real=0.04 secs] 
174.402: [Full GC [PSYoungGen: 18928K->0K(134656K)] [ParOldGen: 285024K->120351K(306688K)] 303952K->120351K(441344K) [PSPermGen: 9148K->9148K(21504K)], 0.1268540 secs] [Times: user=0.93 sys=0.00, real=0.12 secs] 
174.529: Total time for which application threads were stopped: 0.1627000 seconds, Stopping threads took: 0.0008700 seconds
174.566: Application time: 0.0370780 seconds
174.567: [GC [PSYoungGen: 115712K->18919K(134656K)] 236063K->156969K(441344K), 0.0184490 secs] [Times: user=0.14 sys=0.00, real=0.02 secs] 
174.585: Total time for which application threads were stopped: 0.0186060 seconds, Stopping threads took: 0.0000700 seconds
174.631: Application time: 0.0454940 seconds
174.631: [GC [PSYoungGen: 134631K->18928K(134656K)] 272681K->189569K(441344K), 0.0293040 secs] [Times: user=0.23 sys=0.00, real=0.04 secs] 
174.660: Total time for which application threads were stopped: 0.0294850 seconds, Stopping threads took: 0.0000940 seconds
174.719: Application time: 0.0586850 seconds
174.719: [GC [PSYoungGen: 134640K->18912K(134656K)] 305281K->201564K(441344K), 0.0243070 secs] [Times: user=0.19 sys=0.00, real=0.03 secs] 
174.743: Total time for which application threads were stopped: 0.0244890 seconds, Stopping threads took: 0.0000990 seconds
174.805: Application time: 0.0613710 seconds
174.805: [GC [PSYoungGen: 134624K->18928K(134656K)] 317276K->210493K(441344K), 0.0244890 secs] [Times: user=0.19 sys=0.00, real=0.02 secs] 
174.829: Total time for which application threads were stopped: 0.0246910 seconds, Stopping threads took: 0.0001180 seconds
174.882: Application time: 0.0522030 seconds
174.882: [GC [PSYoungGen: 134640K->18928K(134656K)] 326205K->226004K(441344K), 0.0268690 secs] [Times: user=0.22 sys=0.00, real=0.02 secs] 
174.909: Total time for which application threads were stopped: 0.0270460 seconds, Stopping threads took: 0.0000800 seconds
174.959: Application time: 0.0508520 seconds
174.960: [GC [PSYoungGen: 134640K->18928K(134656K)] 341716K->247298K(441344K), 0.0292040 secs] [Times: user=0.23 sys=0.00, real=0.02 secs] 
174.989: Total time for which application threads were stopped: 0.0293780 seconds, Stopping threads took: 0.0000790 seconds
175.036: Application time: 0.0475360 seconds
175.036: [GC [PSYoungGen: 134640K->18928K(134656K)] 363010K->269714K(441344K), 0.0286600 secs] [Times: user=0.22 sys=0.00, real=0.03 secs] 
175.065: Total time for which application threads were stopped: 0.0288090 seconds, Stopping threads took: 0.0000600 seconds
175.103: Application time: 0.0379690 seconds
175.103: [GC [PSYoungGen: 134569K->18912K(134656K)] 385355K->302746K(441344K), 0.0333630 secs] [Times: user=0.25 sys=0.00, real=0.03 secs] 
175.137: [Full GC [PSYoungGen: 18912K->0K(134656K)] [ParOldGen: 283834K->119089K(306688K)] 302746K->119089K(441344K) [PSPermGen: 9148K->9148K(21504K)], 0.1244640 secs] [Times: user=0.90 sys=0.00, real=0.13 secs] 
175.261: Total time for which application threads were stopped: 0.1580760 seconds, Stopping threads took: 0.0000990 seconds
175.298: Application time: 0.0365600 seconds
175.298: [GC [PSYoungGen: 115712K->18922K(134656K)] 234801K->156528K(441344K), 0.0191520 secs] [Times: user=0.15 sys=0.00, real=0.02 secs] 
175.317: Total time for which application threads were stopped: 0.0193120 seconds, Stopping threads took: 0.0000760 seconds
175.363: Application time: 0.0463290 seconds
175.364: [GC [PSYoungGen: 134634K->18928K(134656K)] 272240K->188901K(441344K), 0.0293220 secs] [Times: user=0.23 sys=0.00, real=0.03 secs] 
175.393: Total time for which application threads were stopped: 0.0295200 seconds, Stopping threads took: 0.0001020 seconds
175.452: Application time: 0.0590500 seconds
175.452: [GC [PSYoungGen: 134640K->18912K(134656K)] 304613K->201038K(441344K), 0.0242690 secs] [Times: user=0.19 sys=0.00, real=0.02 secs] 
175.476: Total time for which application threads were stopped: 0.0244270 seconds, Stopping threads took: 0.0000630 seconds
175.538: Application time: 0.0619930 seconds
175.539: [GC [PSYoungGen: 134624K->18912K(134656K)] 316750K->209906K(441344K), 0.0265980 secs] [Times: user=0.21 sys=0.00, real=0.03 secs] 
175.565: Total time for which application threads were stopped: 0.0267630 seconds, Stopping threads took: 0.0000790 seconds
175.619: Application time: 0.0542430 seconds
175.620: [GC [PSYoungGen: 134624K->18928K(134656K)] 325618K->223897K(441344K), 0.0266560 secs] [Times: user=0.21 sys=0.00, real=0.02 secs] 
175.646: Total time for which application threads were stopped: 0.0268330 seconds, Stopping threads took: 0.0000830 seconds
175.698: Application time: 0.0518720 seconds
175.698: [GC [PSYoungGen: 134640K->18928K(134656K)] 339609K->243588K(441344K), 0.0308470 secs] [Times: user=0.24 sys=0.00, real=0.03 secs] 
175.729: Total time for which application threads were stopped: 0.0310270 seconds, Stopping threads took: 0.0000920 seconds
175.776: Application time: 0.0465930 seconds
175.776: [GC [PSYoungGen: 134640K->18912K(134656K)] 359300K->267446K(441344K), 0.0305300 secs] [Times: user=0.24 sys=0.00, real=0.03 secs] 
175.806: Total time for which application threads were stopped: 0.0306720 seconds, Stopping threads took: 0.0000530 seconds
175.844: Application time: 0.0373530 seconds
175.844: [GC [PSYoungGen: 134624K->18928K(134656K)] 383158K->301319K(441344K), 0.0344000 secs] [Times: user=0.27 sys=0.00, real=0.03 secs] 
175.878: [Full GC [PSYoungGen: 18928K->0K(134656K)] [ParOldGen: 282391K->121302K(306688K)] 301319K->121302K(441344K) [PSPermGen: 9148K->9148K(21504K)], 0.1275000 secs] [Times: user=0.94 sys=0.00, real=0.13 secs] 
176.006: Total time for which application threads were stopped: 0.1621420 seconds, Stopping threads took: 0.0000900 seconds
176.044: Application time: 0.0376980 seconds
176.044: [GC [PSYoungGen: 115712K->18932K(134656K)] 237014K->158731K(441344K), 0.0199120 secs] [Times: user=0.16 sys=0.00, real=0.02 secs] 
176.064: Total time for which application threads were stopped: 0.0201010 seconds, Stopping threads took: 0.0000850 seconds
176.108: Application time: 0.0443880 seconds
176.108: [GC [PSYoungGen: 134644K->18928K(134656K)] 274443K->190164K(441344K), 0.0286570 secs] [Times: user=0.22 sys=0.00, real=0.03 secs] 
176.137: Total time for which application threads were stopped: 0.0288440 seconds, Stopping threads took: 0.0000950 seconds
176.197: Application time: 0.0602610 seconds
176.197: [GC [PSYoungGen: 134640K->18912K(134656K)] 305876K->204225K(441344K), 0.0267610 secs] [Times: user=0.21 sys=0.00, real=0.03 secs] 
176.224: Total time for which application threads were stopped: 0.0269370 seconds, Stopping threads took: 0.0000900 seconds
176.287: Application time: 0.0629540 seconds
176.287: [GC [PSYoungGen: 134624K->18912K(134656K)] 319937K->213129K(441344K), 0.0253560 secs] [Times: user=0.20 sys=0.00, real=0.03 secs] 
176.313: Total time for which application threads were stopped: 0.0255370 seconds, Stopping threads took: 0.0000980 seconds
176.369: Application time: 0.0564440 seconds
176.369: [GC [PSYoungGen: 134624K->18912K(134656K)] 328841K->224930K(441344K), 0.0261980 secs] [Times: user=0.21 sys=0.00, real=0.03 secs] 
176.396: Total time for which application threads were stopped: 0.0264070 seconds, Stopping threads took: 0.0001260 seconds
176.450: Application time: 0.0542880 seconds
176.450: [GC [PSYoungGen: 134624K->18912K(134656K)] 340642K->242926K(441344K), 0.0276560 secs] [Times: user=0.22 sys=0.00, real=0.03 secs] 
176.478: Total time for which application threads were stopped: 0.0278270 seconds, Stopping threads took: 0.0000800 seconds
176.523: Application time: 0.0451260 seconds
176.523: [GC [PSYoungGen: 134454K->18912K(134656K)] 358468K->270662K(441344K), 0.0304700 secs] [Times: user=0.24 sys=0.00, real=0.03 secs] 
176.553: Total time for which application threads were stopped: 0.0306600 seconds, Stopping threads took: 0.0000980 seconds
176.590: Application time: 0.0370780 seconds
176.591: [GC [PSYoungGen: 134624K->18912K(134656K)] 386374K->304037K(441344K), 0.0327920 secs] [Times: user=0.25 sys=0.00, real=0.04 secs] 
176.623: [Full GC [PSYoungGen: 18912K->0K(134656K)] [ParOldGen: 285125K->113919K(306688K)] 304037K->113919K(441344K) [PSPermGen: 9148K->9148K(21504K)], 0.1154460 secs] [Times: user=0.85 sys=0.01, real=0.11 secs] 
176.739: Total time for which application threads were stopped: 0.1484790 seconds, Stopping threads took: 0.0000750 seconds
176.776: Application time: 0.0370410 seconds
176.776: [GC [PSYoungGen: 115712K->18929K(134656K)] 229631K->153726K(441344K), 0.0206190 secs] [Times: user=0.16 sys=0.00, real=0.02 secs] 
176.797: Total time for which application threads were stopped: 0.0207920 seconds, Stopping threads took: 0.0000850 seconds
176.843: Application time: 0.0466400 seconds
176.844: [GC [PSYoungGen: 134641K->18928K(134656K)] 269438K->186235K(441344K), 0.0300810 secs] [Times: user=0.23 sys=0.00, real=0.03 secs] 
176.874: Total time for which application threads were stopped: 0.0302450 seconds, Stopping threads took: 0.0000800 seconds
176.934: Application time: 0.0600610 seconds
176.934: [GC [PSYoungGen: 134640K->18912K(134656K)] 301947K->196891K(441344K), 0.0226070 secs] [Times: user=0.18 sys=0.00, real=0.02 secs] 
176.957: Total time for which application threads were stopped: 0.0227870 seconds, Stopping threads took: 0.0000940 seconds
177.019: Application time: 0.0623630 seconds
177.019: [GC [PSYoungGen: 134624K->18912K(134656K)] 312603K->204963K(441344K), 0.0212850 secs] [Times: user=0.16 sys=0.00, real=0.03 secs] 
177.040: Total time for which application threads were stopped: 0.0214310 seconds, Stopping threads took: 0.0000620 seconds
177.100: Application time: 0.0599650 seconds
177.100: [GC [PSYoungGen: 134624K->18928K(134656K)] 320675K->215224K(441344K), 0.0265300 secs] [Times: user=0.20 sys=0.00, real=0.02 secs] 
177.127: Total time for which application threads were stopped: 0.0267270 seconds, Stopping threads took: 0.0000990 seconds
177.178: Application time: 0.0509780 seconds
177.178: [GC [PSYoungGen: 134640K->18928K(134656K)] 330936K->232112K(441344K), 0.0267510 secs] [Times: user=0.21 sys=0.00, real=0.03 secs] 
177.205: Total time for which application threads were stopped: 0.0269430 seconds, Stopping threads took: 0.0001050 seconds
177.250: Application time: 0.0448200 seconds
177.252: [GC [PSYoungGen: 134586K->18912K(134656K)] 347770K->259718K(441344K), 0.0311450 secs] [Times: user=0.25 sys=0.00, real=0.03 secs] 
177.283: Total time for which application threads were stopped: 0.0329940 seconds, Stopping threads took: 0.0017620 seconds
177.318: Application time: 0.0354050 seconds
177.318: [GC [PSYoungGen: 134624K->18912K(134656K)] 375430K->293840K(441344K), 0.0334880 secs] [Times: user=0.26 sys=0.00, real=0.04 secs] 
177.352: [Full GC [PSYoungGen: 18912K->0K(134656K)] [ParOldGen: 274928K->114827K(306688K)] 293840K->114827K(441344K) [PSPermGen: 9148K->9148K(21504K)], 0.1148390 secs] [Times: user=0.83 sys=0.00, real=0.11 secs] 
177.467: Total time for which application threads were stopped: 0.1485640 seconds, Stopping threads took: 0.0000890 seconds
177.504: Application time: 0.0367800 seconds
177.504: [GC [PSYoungGen: 115712K->18912K(134656K)] 230539K->154536K(441344K), 0.0209440 secs] [Times: user=0.16 sys=0.00, real=0.02 secs] 
177.525: Total time for which application threads were stopped: 0.0210960 seconds, Stopping threads took: 0.0000660 seconds
177.571: Application time: 0.0468340 seconds
177.572: [GC [PSYoungGen: 134624K->18912K(134656K)] 270248K->186566K(441344K), 0.0294320 secs] [Times: user=0.23 sys=0.00, real=0.03 secs] 
177.601: Total time for which application threads were stopped: 0.0296400 seconds, Stopping threads took: 0.0001170 seconds
177.661: Application time: 0.0594970 seconds
177.661: [GC [PSYoungGen: 134624K->18912K(134656K)] 302278K->198486K(441344K), 0.0225970 secs] [Times: user=0.18 sys=0.00, real=0.02 secs] 
177.683: Total time for which application threads were stopped: 0.0227780 seconds, Stopping threads took: 0.0000860 seconds
177.744: Application time: 0.0603060 seconds
177.744: [GC [PSYoungGen: 134624K->18912K(134656K)] 314198K->206531K(441344K), 0.0227020 secs] [Times: user=0.18 sys=0.00, real=0.02 secs] 
177.767: Total time for which application threads were stopped: 0.0228690 seconds, Stopping threads took: 0.0000850 seconds
177.827: Application time: 0.0601700 seconds
177.827: [GC [PSYoungGen: 134624K->18928K(134656K)] 322243K->215325K(441344K), 0.0234340 secs] [Times: user=0.19 sys=0.00, real=0.02 secs] 
177.850: Total time for which application threads were stopped: 0.0236060 seconds, Stopping threads took: 0.0000900 seconds
177.901: Application time: 0.0503110 seconds
177.901: [GC [PSYoungGen: 134640K->18928K(134656K)] 331037K->232441K(441344K), 0.0275880 secs] [Times: user=0.22 sys=0.00, real=0.02 secs] 
177.928: Total time for which application threads were stopped: 0.0277340 seconds, Stopping threads took: 0.0000570 seconds
177.973: Application time: 0.0445450 seconds
177.973: [GC [PSYoungGen: 134640K->18928K(134656K)] 348153K->260683K(441344K), 0.0331170 secs] [Times: user=0.27 sys=0.00, real=0.03 secs] 
178.006: Total time for which application threads were stopped: 0.0333230 seconds, Stopping threads took: 0.0001180 seconds
178.041: Application time: 0.0345320 seconds
178.041: [GC [PSYoungGen: 134640K->18928K(134656K)] 376395K->293149K(441344K), 0.0335130 secs] [Times: user=0.27 sys=0.00, real=0.03 secs] 
178.075: [Full GC [PSYoungGen: 18928K->0K(134656K)] [ParOldGen: 274221K->119547K(306688K)] 293149K->119547K(441344K) [PSPermGen: 9148K->9148K(21504K)], 0.1190010 secs] [Times: user=0.87 sys=0.00, real=0.12 secs] 
178.194: Total time for which application threads were stopped: 0.1527440 seconds, Stopping threads took: 0.0000800 seconds
178.233: Application time: 0.0390310 seconds
178.233: [GC [PSYoungGen: 115712K->18912K(134656K)] 235259K->161175K(441344K), 0.0233540 secs] [Times: user=0.18 sys=0.00, real=0.02 secs] 
178.256: Total time for which application threads were stopped: 0.0235040 seconds, Stopping threads took: 0.0000530 seconds
178.303: Application time: 0.0465680 seconds
178.303: [GC [PSYoungGen: 134624K->18912K(134656K)] 276887K->191753K(441344K), 0.0302690 secs] [Times: user=0.24 sys=0.00, real=0.03 secs] 
178.333: Total time for which application threads were stopped: 0.0304450 seconds, Stopping threads took: 0.0000880 seconds
178.392: Application time: 0.0590080 seconds
178.392: [GC [PSYoungGen: 134624K->18928K(134656K)] 307465K->206086K(441344K), 0.0271590 secs] [Times: user=0.21 sys=0.00, real=0.02 secs] 
178.419: Total time for which application threads were stopped: 0.0273220 seconds, Stopping threads took: 0.0000790 seconds
178.480: Application time: 0.0610040 seconds
178.481: [GC [PSYoungGen: 134640K->18928K(134656K)] 321798K->214610K(441344K), 0.0252800 secs] [Times: user=0.20 sys=0.00, real=0.02 secs] 
178.506: Total time for which application threads were stopped: 0.0254570 seconds, Stopping threads took: 0.0000910 seconds
178.567: Application time: 0.0612520 seconds
178.567: [GC [PSYoungGen: 134640K->18928K(134656K)] 330322K->223174K(441344K), 0.0269640 secs] [Times: user=0.21 sys=0.00, real=0.03 secs] 
178.594: Total time for which application threads were stopped: 0.0271330 seconds, Stopping threads took: 0.0000820 seconds
178.647: Application time: 0.0525670 seconds
178.647: [GC [PSYoungGen: 134640K->18928K(134656K)] 338886K->240323K(441344K), 0.0303330 secs] [Times: user=0.24 sys=0.00, real=0.03 secs] 
178.677: Total time for which application threads were stopped: 0.0305270 seconds, Stopping threads took: 0.0001050 seconds
178.718: Application time: 0.0402070 seconds
178.718: [GC [PSYoungGen: 134640K->18912K(134656K)] 356035K->271325K(441344K), 0.0361000 secs] [Times: user=0.28 sys=0.00, real=0.04 secs] 
178.754: Total time for which application threads were stopped: 0.0362770 seconds, Stopping threads took: 0.0000890 seconds
178.790: Application time: 0.0357650 seconds
178.790: [GC [PSYoungGen: 134624K->18928K(134656K)] 387037K->304285K(441344K), 0.0377820 secs] [Times: user=0.29 sys=0.00, real=0.04 secs] 
178.828: [Full GC [PSYoungGen: 18928K->0K(134656K)] [ParOldGen: 285357K->124023K(306688K)] 304285K->124023K(441344K) [PSPermGen: 9148K->9148K(21504K)], 0.1313310 secs] [Times: user=0.96 sys=0.00, real=0.13 secs] 
178.959: Total time for which application threads were stopped: 0.1693330 seconds, Stopping threads took: 0.0000470 seconds
179.002: Application time: 0.0434160 seconds
179.003: [GC [PSYoungGen: 115712K->18912K(134656K)] 239735K->163480K(441344K), 0.0228790 secs] [Times: user=0.18 sys=0.00, real=0.02 secs] 
179.025: Total time for which application threads were stopped: 0.0230600 seconds, Stopping threads took: 0.0000910 seconds
179.070: Application time: 0.0442230 seconds
179.070: [GC [PSYoungGen: 134624K->18928K(134656K)] 279192K->190214K(441344K), 0.0275240 secs] [Times: user=0.22 sys=0.00, real=0.03 secs] 
179.097: Total time for which application threads were stopped: 0.0277040 seconds, Stopping threads took: 0.0000920 seconds
179.155: Application time: 0.0580620 seconds
179.156: [GC [PSYoungGen: 134640K->18928K(134656K)] 305926K->209291K(441344K), 0.0288510 secs] [Times: user=0.21 sys=0.00, real=0.03 secs] 
179.185: Total time for which application threads were stopped: 0.0290500 seconds, Stopping threads took: 0.0001130 seconds
179.245: Application time: 0.0600290 seconds
179.245: [GC [PSYoungGen: 134640K->18912K(134656K)] 325003K->217383K(441344K), 0.0235280 secs] [Times: user=0.19 sys=0.00, real=0.02 secs] 
179.268: Total time for which application threads were stopped: 0.0237070 seconds, Stopping threads took: 0.0000980 seconds
179.328: Application time: 0.0595050 seconds
179.328: [GC [PSYoungGen: 134624K->18928K(134656K)] 333095K->226852K(441344K), 0.0267490 secs] [Times: user=0.21 sys=0.00, real=0.03 secs] 
179.355: Total time for which application threads were stopped: 0.0269050 seconds, Stopping threads took: 0.0000620 seconds
179.409: Application time: 0.0542970 seconds
179.409: [GC [PSYoungGen: 134640K->18928K(134656K)] 342564K->243088K(441344K), 0.0283940 secs] [Times: user=0.22 sys=0.00, real=0.03 secs] 
179.438: Total time for which application threads were stopped: 0.0285900 seconds, Stopping threads took: 0.0001040 seconds
179.474: Application time: 0.0367760 seconds
179.474: [GC [PSYoungGen: 134640K->18912K(134656K)] 358800K->276928K(441344K), 0.0349970 secs] [Times: user=0.28 sys=0.00, real=0.03 secs] 
179.510: Total time for which application threads were stopped: 0.0351470 seconds, Stopping threads took: 0.0000600 seconds
179.548: Application time: 0.0387150 seconds
179.548: [GC [PSYoungGen: 134624K->18912K(134656K)] 392640K->311624K(441344K), 0.0383940 secs] [Times: user=0.30 sys=0.00, real=0.04 secs] 
179.587: [Full GC [PSYoungGen: 18912K->0K(134656K)] [ParOldGen: 292712K->138549K(306688K)] 311624K->138549K(441344K) [PSPermGen: 9148K->9148K(21504K)], 0.1583450 secs] [Times: user=1.17 sys=0.00, real=0.16 secs] 
179.745: Total time for which application threads were stopped: 0.1969650 seconds, Stopping threads took: 0.0000800 seconds
179.800: Application time: 0.0543900 seconds
179.800: [GC [PSYoungGen: 115712K->18928K(134656K)] 254261K->166832K(441344K), 0.0196740 secs] [Times: user=0.15 sys=0.00, real=0.01 secs] 
179.820: Total time for which application threads were stopped: 0.0199480 seconds, Stopping threads took: 0.0001070 seconds
179.863: Application time: 0.0431040 seconds
179.863: [GC [PSYoungGen: 134640K->18912K(134656K)] 282544K->192755K(441344K), 0.0261620 secs] [Times: user=0.21 sys=0.00, real=0.02 secs] 
179.889: Total time for which application threads were stopped: 0.0263790 seconds, Stopping threads took: 0.0001130 seconds
179.943: Application time: 0.0543190 seconds
179.943: [GC [PSYoungGen: 134624K->18912K(134656K)] 308467K->217907K(441344K), 0.0307280 secs] [Times: user=0.24 sys=0.00, real=0.03 secs] 
179.974: Total time for which application threads were stopped: 0.0308800 seconds, Stopping threads took: 0.0000650 seconds
180.034: Application time: 0.0601880 seconds
180.035: [GC [PSYoungGen: 134624K->18928K(134656K)] 333619K->227179K(441344K), 0.0243790 secs] [Times: user=0.19 sys=0.00, real=0.02 secs] 
180.059: Total time for which application threads were stopped: 0.0245360 seconds, Stopping threads took: 0.0000730 seconds
180.121: Application time: 0.0622470 seconds
180.121: [GC [PSYoungGen: 134640K->18928K(134656K)] 342891K->236644K(441344K), 0.0261630 secs] [Times: user=0.21 sys=0.00, real=0.02 secs] 
180.148: Total time for which application threads were stopped: 0.0263190 seconds, Stopping threads took: 0.0000670 seconds
180.200: Application time: 0.0526180 seconds
180.200: [GC [PSYoungGen: 134640K->18912K(134656K)] 352356K->254954K(441344K), 0.0284270 secs] [Times: user=0.22 sys=0.00, real=0.02 secs] 
180.229: Total time for which application threads were stopped: 0.0286040 seconds, Stopping threads took: 0.0000860 seconds
180.268: Application time: 0.0393740 seconds
180.268: [GC [PSYoungGen: 134624K->18928K(134656K)] 370666K->286717K(441344K), 0.0338500 secs] [Times: user=0.27 sys=0.00, real=0.04 secs] 
180.302: [Full GC [PSYoungGen: 18928K->0K(134656K)] [ParOldGen: 267788K->113311K(306688K)] 286717K->113311K(441344K) [PSPermGen: 9148K->9148K(21504K)], 0.1216210 secs] [Times: user=0.89 sys=0.00, real=0.12 secs] 
180.424: Total time for which application threads were stopped: 0.1556970 seconds, Stopping threads took: 0.0000750 seconds
180.463: Application time: 0.0394320 seconds
180.463: [GC [PSYoungGen: 115712K->18920K(134656K)] 229023K->146737K(441344K), 0.0180220 secs] [Times: user=0.14 sys=0.00, real=0.02 secs] 
180.481: Total time for which application threads were stopped: 0.0182200 seconds, Stopping threads took: 0.0000990 seconds
180.532: Application time: 0.0501110 seconds
180.532: [GC [PSYoungGen: 134632K->18928K(134656K)] 262449K->174541K(441344K), 0.0281530 secs] [Times: user=0.22 sys=0.00, real=0.03 secs] 
180.560: Total time for which application threads were stopped: 0.0283150 seconds, Stopping threads took: 0.0000780 seconds
180.601: Application time: 0.0410090 seconds
180.604: [GC [PSYoungGen: 134640K->18912K(134656K)] 290253K->202328K(441344K), 0.0284810 secs] [Times: user=0.22 sys=0.00, real=0.03 secs] 
180.632: Total time for which application threads were stopped: 0.0312410 seconds, Stopping threads took: 0.0026690 seconds
180.687: Application time: 0.0544330 seconds
180.687: [GC [PSYoungGen: 134624K->18912K(134656K)] 318040K->227378K(441344K), 0.0330710 secs] [Times: user=0.27 sys=0.00, real=0.04 secs] 
180.720: Total time for which application threads were stopped: 0.0332220 seconds, Stopping threads took: 0.0000670 seconds
180.779: Application time: 0.0594210 seconds
180.779: [GC [PSYoungGen: 134624K->18928K(134656K)] 343090K->235919K(441344K), 0.0253000 secs] [Times: user=0.20 sys=0.00, real=0.03 secs] 
180.805: Total time for which application threads were stopped: 0.0254550 seconds, Stopping threads took: 0.0000730 seconds
180.865: Application time: 0.0606840 seconds
180.865: [GC [PSYoungGen: 134640K->18928K(134656K)] 351631K->244363K(441344K), 0.0267660 secs] [Times: user=0.20 sys=0.00, real=0.03 secs] 
180.892: Total time for which application threads were stopped: 0.0269090 seconds, Stopping threads took: 0.0000630 seconds
180.942: Application time: 0.0494470 seconds
180.942: [GC [PSYoungGen: 134640K->18912K(134656K)] 360075K->263165K(441344K), 0.0290150 secs] [Times: user=0.23 sys=0.00, real=0.02 secs] 
180.971: Total time for which application threads were stopped: 0.0291750 seconds, Stopping threads took: 0.0000710 seconds
181.012: Application time: 0.0414870 seconds
181.013: [GC [PSYoungGen: 134624K->18928K(134656K)] 378877K->292952K(441344K), 0.0348020 secs] [Times: user=0.27 sys=0.00, real=0.03 secs] 
181.047: [Full GC [PSYoungGen: 18928K->0K(134656K)] [ParOldGen: 274023K->117136K(306688K)] 292952K->117136K(441344K) [PSPermGen: 9148K->9148K(21504K)], 0.1279260 secs] [Times: user=0.94 sys=0.00, real=0.13 secs] 
181.175: Total time for which application threads were stopped: 0.1629820 seconds, Stopping threads took: 0.0000880 seconds
181.216: Application time: 0.0410580 seconds
181.217: [GC [PSYoungGen: 115712K->18912K(134656K)] 232848K->150986K(441344K), 0.0185930 secs] [Times: user=0.14 sys=0.00, real=0.02 secs] 
181.235: Total time for which application threads were stopped: 0.0187960 seconds, Stopping threads took: 0.0001130 seconds
181.287: Application time: 0.0514890 seconds
181.287: [GC [PSYoungGen: 134624K->18912K(134656K)] 266698K->177432K(441344K), 0.0291620 secs] [Times: user=0.21 sys=0.00, real=0.03 secs] 
181.316: Total time for which application threads were stopped: 0.0293310 seconds, Stopping threads took: 0.0000890 seconds
181.356: Application time: 0.0403540 seconds
181.357: [GC [PSYoungGen: 134624K->18928K(134656K)] 293144K->205268K(441344K), 0.0287700 secs] [Times: user=0.22 sys=0.00, real=0.03 secs] 
181.385: Total time for which application threads were stopped: 0.0289210 seconds, Stopping threads took: 0.0000640 seconds
181.437: Application time: 0.0518450 seconds
181.437: [GC [PSYoungGen: 134640K->18928K(134656K)] 320980K->233529K(441344K), 0.0358330 secs] [Times: user=0.28 sys=0.00, real=0.04 secs] 
181.473: Total time for which application threads were stopped: 0.0359780 seconds, Stopping threads took: 0.0000610 seconds
181.533: Application time: 0.0597540 seconds
181.533: [GC [PSYoungGen: 134640K->18928K(134656K)] 349241K->242589K(441344K), 0.0274700 secs] [Times: user=0.22 sys=0.00, real=0.03 secs] 
181.562: Total time for which application threads were stopped: 0.0291410 seconds, Stopping threads took: 0.0000980 seconds
181.622: Application time: 0.0598110 seconds
181.622: [GC [PSYoungGen: 134491K->18912K(134656K)] 358153K->252721K(441344K), 0.0303880 secs] [Times: user=0.23 sys=0.00, real=0.03 secs] 
181.652: Total time for which application threads were stopped: 0.0305680 seconds, Stopping threads took: 0.0000980 seconds
181.700: Application time: 0.0472660 seconds
181.700: [GC [PSYoungGen: 134624K->18928K(134656K)] 368433K->272859K(441344K), 0.0323600 secs] [Times: user=0.26 sys=0.00, real=0.03 secs] 
181.732: Total time for which application threads were stopped: 0.0325420 seconds, Stopping threads took: 0.0000950 seconds
181.780: Application time: 0.0473440 seconds
181.780: [GC [PSYoungGen: 134549K->18912K(134656K)] 388480K->300527K(441344K), 0.0379190 secs] [Times: user=0.30 sys=0.00, real=0.03 secs] 
181.818: [Full GC [PSYoungGen: 18912K->0K(134656K)] [ParOldGen: 281615K->116542K(306688K)] 300527K->116542K(441344K) [PSPermGen: 9148K->9148K(21504K)], 0.1336240 secs] [Times: user=0.99 sys=0.00, real=0.13 secs] 
181.951: Total time for which application threads were stopped: 0.1717590 seconds, Stopping threads took: 0.0000720 seconds
181.991: Application time: 0.0400110 seconds
181.992: [GC [PSYoungGen: 115712K->18916K(134656K)] 232254K->150046K(441344K), 0.0171790 secs] [Times: user=0.13 sys=0.01, real=0.01 secs] 
182.009: Total time for which application threads were stopped: 0.0173870 seconds, Stopping threads took: 0.0001070 seconds
182.060: Application time: 0.0510790 seconds
182.060: [GC [PSYoungGen: 134628K->18912K(134656K)] 265758K->175941K(441344K), 0.0260450 secs] [Times: user=0.21 sys=0.00, real=0.02 secs] 
182.086: Total time for which application threads were stopped: 0.0262230 seconds, Stopping threads took: 0.0000840 seconds
182.127: Application time: 0.0409630 seconds
182.127: [GC [PSYoungGen: 134624K->18928K(134656K)] 291653K->203929K(441344K), 0.0262280 secs] [Times: user=0.21 sys=0.00, real=0.03 secs] 
182.153: Total time for which application threads were stopped: 0.0264090 seconds, Stopping threads took: 0.0000930 seconds
182.203: Application time: 0.0492710 seconds
182.203: [GC [PSYoungGen: 134640K->18928K(134656K)] 319641K->231203K(441344K), 0.0317140 secs] [Times: user=0.25 sys=0.00, real=0.03 secs] 
182.235: Total time for which application threads were stopped: 0.0318590 seconds, Stopping threads took: 0.0000570 seconds
182.294: Application time: 0.0594300 seconds
182.294: [GC [PSYoungGen: 134640K->18928K(134656K)] 346915K->240970K(441344K), 0.0245390 secs] [Times: user=0.19 sys=0.00, real=0.02 secs] 
182.319: Total time for which application threads were stopped: 0.0246890 seconds, Stopping threads took: 0.0000670 seconds
182.379: Application time: 0.0604080 seconds
182.380: [GC [PSYoungGen: 134640K->18928K(134656K)] 356682K->249889K(441344K), 0.0250170 secs] [Times: user=0.20 sys=0.00, real=0.02 secs] 
182.405: Total time for which application threads were stopped: 0.0255240 seconds, Stopping threads took: 0.0004270 seconds
182.453: Application time: 0.0479020 seconds
182.453: [GC [PSYoungGen: 134640K->18928K(134656K)] 365601K->269713K(441344K), 0.0267910 secs] [Times: user=0.20 sys=0.01, real=0.03 secs] 
182.480: Total time for which application threads were stopped: 0.0269870 seconds, Stopping threads took: 0.0000940 seconds
182.522: Application time: 0.0426350 seconds
182.522: [GC [PSYoungGen: 134640K->18912K(134656K)] 385425K->298563K(441344K), 0.0316320 secs] [Times: user=0.25 sys=0.00, real=0.03 secs] 
182.554: [Full GC [PSYoungGen: 18912K->0K(134656K)] [ParOldGen: 279651K->118775K(306688K)] 298563K->118775K(441344K) [PSPermGen: 9148K->9148K(21504K)], 0.1330300 secs] [Times: user=0.98 sys=0.00, real=0.13 secs] 
182.687: Total time for which application threads were stopped: 0.1648970 seconds, Stopping threads took: 0.0000860 seconds
182.726: Application time: 0.0391760 seconds
182.726: [GC [PSYoungGen: 115712K->18921K(134656K)] 234487K->151586K(441344K), 0.0189750 secs] [Times: user=0.14 sys=0.00, real=0.02 secs] 
182.745: Total time for which application threads were stopped: 0.0191700 seconds, Stopping threads took: 0.0000990 seconds
182.801: Application time: 0.0552290 seconds
182.801: [GC [PSYoungGen: 134633K->18912K(134656K)] 267298K->175947K(441344K), 0.0296980 secs] [Times: user=0.22 sys=0.00, real=0.02 secs] 
182.831: Total time for which application threads were stopped: 0.0298470 seconds, Stopping threads took: 0.0000730 seconds
182.871: Application time: 0.0409250 seconds
182.872: [GC [PSYoungGen: 134624K->18912K(134656K)] 291659K->204335K(441344K), 0.0275280 secs] [Times: user=0.21 sys=0.00, real=0.02 secs] 
182.899: Total time for which application threads were stopped: 0.0277300 seconds, Stopping threads took: 0.0001160 seconds
182.946: Application time: 0.0463360 seconds
182.946: [GC [PSYoungGen: 134624K->18912K(134656K)] 320047K->232671K(441344K), 0.0325980 secs] [Times: user=0.26 sys=0.00, real=0.03 secs] 
182.978: Total time for which application threads were stopped: 0.0327700 seconds, Stopping threads took: 0.0000880 seconds
183.037: Application time: 0.0590790 seconds
183.038: [GC [PSYoungGen: 134624K->18912K(134656K)] 348383K->244191K(441344K), 0.0266220 secs] [Times: user=0.21 sys=0.00, real=0.03 secs] 
183.064: Total time for which application threads were stopped: 0.0268050 seconds, Stopping threads took: 0.0000990 seconds
183.126: Application time: 0.0621040 seconds
183.126: [GC [PSYoungGen: 134624K->18912K(134656K)] 359903K->253320K(441344K), 0.0261760 secs] [Times: user=0.20 sys=0.00, real=0.03 secs] 
183.153: Total time for which application threads were stopped: 0.0263430 seconds, Stopping threads took: 0.0000860 seconds
183.201: Application time: 0.0486280 seconds
183.201: [GC [PSYoungGen: 134624K->18928K(134656K)] 369032K->273628K(441344K), 0.0302280 secs] [Times: user=0.24 sys=0.01, real=0.03 secs] 
183.232: Total time for which application threads were stopped: 0.0303970 seconds, Stopping threads took: 0.0000810 seconds
183.274: Application time: 0.0421960 seconds
183.274: [GC [PSYoungGen: 134640K->18928K(134656K)] 389340K->302804K(441344K), 0.0347690 secs] [Times: user=0.27 sys=0.00, real=0.03 secs] 
183.309: [Full GC [PSYoungGen: 18928K->0K(134656K)] [ParOldGen: 283876K->120985K(306688K)] 302804K->120985K(441344K) [PSPermGen: 9149K->9149K(21504K)], 0.1359800 secs] [Times: user=1.00 sys=0.00, real=0.14 secs] 
183.445: Total time for which application threads were stopped: 0.1709910 seconds, Stopping threads took: 0.0000760 seconds
183.486: Application time: 0.0410090 seconds
183.486: [GC [PSYoungGen: 115712K->18923K(134656K)] 236697K->152882K(441344K), 0.0175770 secs] [Times: user=0.13 sys=0.00, real=0.02 secs] 
183.504: Total time for which application threads were stopped: 0.0177630 seconds, Stopping threads took: 0.0000970 seconds
183.556: Application time: 0.0525500 seconds
183.558: [GC [PSYoungGen: 134635K->18912K(134656K)] 268594K->177228K(441344K), 0.0260410 secs] [Times: user=0.21 sys=0.00, real=0.03 secs] 
183.584: Total time for which application threads were stopped: 0.0275730 seconds, Stopping threads took: 0.0014450 seconds
183.628: Application time: 0.0440750 seconds
183.628: [GC [PSYoungGen: 134624K->18928K(134656K)] 292940K->202887K(441344K), 0.0274820 secs] [Times: user=0.21 sys=0.00, real=0.03 secs] 
183.656: Total time for which application threads were stopped: 0.0276900 seconds, Stopping threads took: 0.0001090 seconds
183.702: Application time: 0.0465190 seconds
183.702: [GC [PSYoungGen: 134640K->18912K(134656K)] 318599K->230282K(441344K), 0.0314290 secs] [Times: user=0.24 sys=0.00, real=0.03 secs] 
183.734: Total time for which application threads were stopped: 0.0315940 seconds, Stopping threads took: 0.0000760 seconds
183.793: Application time: 0.0597430 seconds
183.794: [GC [PSYoungGen: 134624K->18912K(134656K)] 345994K->245370K(441344K), 0.0298630 secs] [Times: user=0.23 sys=0.00, real=0.03 secs] 
183.823: Total time for which application threads were stopped: 0.0300590 seconds, Stopping threads took: 0.0000920 seconds
183.888: Application time: 0.0641990 seconds
183.888: [GC [PSYoungGen: 134624K->18912K(134656K)] 361082K->254446K(441344K), 0.0309280 secs] [Times: user=0.23 sys=0.00, real=0.03 secs] 
183.919: Total time for which application threads were stopped: 0.0310780 seconds, Stopping threads took: 0.0000650 seconds
183.967: Application time: 0.0480030 seconds
183.967: [GC [PSYoungGen: 134624K->18912K(134656K)] 370158K->275414K(441344K), 0.0304380 secs] [Times: user=0.23 sys=0.00, real=0.03 secs] 
183.997: Total time for which application threads were stopped: 0.0306420 seconds, Stopping threads took: 0.0001140 seconds
184.041: Application time: 0.0437090 seconds
184.041: [GC [PSYoungGen: 134624K->18912K(134656K)] 391126K->304046K(441344K), 0.0350190 secs] [Times: user=0.27 sys=0.00, real=0.03 secs] 
184.076: [Full GC [PSYoungGen: 18912K->0K(134656K)] [ParOldGen: 285134K->121542K(306688K)] 304046K->121542K(441344K) [PSPermGen: 9149K->9149K(21504K)], 0.1388730 secs] [Times: user=1.03 sys=0.00, real=0.14 secs] 
184.215: Total time for which application threads were stopped: 0.1741560 seconds, Stopping threads took: 0.0001110 seconds
184.258: Application time: 0.0431240 seconds
184.258: [GC [PSYoungGen: 115712K->18935K(134656K)] 237254K->152673K(441344K), 0.0174150 secs] [Times: user=0.14 sys=0.00, real=0.02 secs] 
184.276: Total time for which application threads were stopped: 0.0175840 seconds, Stopping threads took: 0.0000810 seconds
184.328: Application time: 0.0520440 seconds
184.328: [GC [PSYoungGen: 134647K->18912K(134656K)] 268385K->176400K(441344K), 0.0271730 secs] [Times: user=0.20 sys=0.00, real=0.03 secs] 
184.355: Total time for which application threads were stopped: 0.0273370 seconds, Stopping threads took: 0.0000650 seconds
184.400: Application time: 0.0451000 seconds
184.401: [GC [PSYoungGen: 134486K->18912K(134656K)] 291974K->202111K(441344K), 0.0281380 secs] [Times: user=0.21 sys=0.00, real=0.02 secs] 
184.429: Total time for which application threads were stopped: 0.0283110 seconds, Stopping threads took: 0.0000820 seconds
184.474: Application time: 0.0453010 seconds
184.474: [GC [PSYoungGen: 134624K->18912K(134656K)] 317823K->229480K(441344K), 0.0314920 secs] [Times: user=0.25 sys=0.00, real=0.03 secs] 
184.506: Total time for which application threads were stopped: 0.0316910 seconds, Stopping threads took: 0.0001080 seconds
184.567: Application time: 0.0609440 seconds
184.567: [GC [PSYoungGen: 134624K->18912K(134656K)] 345192K->245401K(441344K), 0.0301960 secs] [Times: user=0.24 sys=0.00, real=0.03 secs] 
184.597: Total time for which application threads were stopped: 0.0303610 seconds, Stopping threads took: 0.0000800 seconds
184.659: Application time: 0.0616520 seconds
184.660: [GC [PSYoungGen: 134624K->18928K(134656K)] 361113K->254661K(441344K), 0.0269690 secs] [Times: user=0.22 sys=0.01, real=0.02 secs] 
184.687: Total time for which application threads were stopped: 0.0279240 seconds, Stopping threads took: 0.0008710 seconds
184.738: Application time: 0.0516310 seconds
184.738: [GC [PSYoungGen: 134640K->18928K(134656K)] 370373K->272856K(441344K), 0.0298490 secs] [Times: user=0.24 sys=0.00, real=0.03 secs] 
184.768: Total time for which application threads were stopped: 0.0300020 seconds, Stopping threads took: 0.0000640 seconds
184.809: Application time: 0.0411770 seconds
184.810: [GC [PSYoungGen: 134640K->18912K(134656K)] 388568K->300397K(441344K), 0.0335100 secs] [Times: user=0.26 sys=0.00, real=0.04 secs] 
184.843: [Full GC [PSYoungGen: 18912K->0K(134656K)] [ParOldGen: 281484K->120814K(306688K)] 300397K->120814K(441344K) [PSPermGen: 9149K->9149K(21504K)], 0.1344010 secs] [Times: user=0.99 sys=0.00, real=0.13 secs] 
184.978: Total time for which application threads were stopped: 0.1681800 seconds, Stopping threads took: 0.0001120 seconds
185.019: Application time: 0.0417040 seconds
185.019: [GC [PSYoungGen: 115712K->18939K(134656K)] 236526K->157176K(441344K), 0.0200120 secs] [Times: user=0.16 sys=0.00, real=0.03 secs] 
185.040: Total time for which application threads were stopped: 0.0202090 seconds, Stopping threads took: 0.0000890 seconds
185.090: Application time: 0.0500900 seconds
185.090: [GC [PSYoungGen: 134651K->18912K(134656K)] 272888K->181659K(441344K), 0.0283300 secs] [Times: user=0.22 sys=0.00, real=0.03 secs] 
185.118: Total time for which application threads were stopped: 0.0285020 seconds, Stopping threads took: 0.0000890 seconds
185.167: Application time: 0.0485200 seconds
185.167: [GC [PSYoungGen: 134624K->18928K(134656K)] 297371K->202201K(441344K), 0.0256400 secs] [Times: user=0.21 sys=0.00, real=0.03 secs] 
185.193: Total time for which application threads were stopped: 0.0258220 seconds, Stopping threads took: 0.0000950 seconds
185.237: Application time: 0.0445630 seconds
185.237: [GC [PSYoungGen: 134640K->18912K(134656K)] 317913K->229586K(441344K), 0.0293940 secs] [Times: user=0.23 sys=0.00, real=0.03 secs] 
185.267: Total time for which application threads were stopped: 0.0295590 seconds, Stopping threads took: 0.0000750 seconds
185.324: Application time: 0.0576490 seconds
185.324: [GC [PSYoungGen: 134624K->18928K(134656K)] 345298K->248454K(441344K), 0.0297600 secs] [Times: user=0.23 sys=0.00, real=0.03 secs] 
185.354: Total time for which application threads were stopped: 0.0299370 seconds, Stopping threads took: 0.0000940 seconds
185.415: Application time: 0.0610450 seconds
185.416: [GC [PSYoungGen: 134640K->18912K(134656K)] 364166K->257103K(441344K), 0.0242900 secs] [Times: user=0.19 sys=0.00, real=0.03 secs] 
185.440: Total time for which application threads were stopped: 0.0246810 seconds, Stopping threads took: 0.0003090 seconds
185.491: Application time: 0.0514630 seconds
185.492: [GC [PSYoungGen: 134624K->18912K(134656K)] 372815K->274727K(441344K), 0.0283600 secs] [Times: user=0.21 sys=0.00, real=0.03 secs] 
185.520: Total time for which application threads were stopped: 0.0285770 seconds, Stopping threads took: 0.0001280 seconds
185.559: Application time: 0.0387740 seconds
185.559: [GC [PSYoungGen: 134624K->18928K(134656K)] 390439K->302225K(441344K), 0.0310850 secs] [Times: user=0.25 sys=0.00, real=0.03 secs] 
185.590: [Full GC [PSYoungGen: 18928K->0K(134656K)] [ParOldGen: 283297K->109720K(306688K)] 302225K->109720K(441344K) [PSPermGen: 9149K->9149K(21504K)], 0.1124300 secs] [Times: user=0.82 sys=0.00, real=0.12 secs] 
185.703: Total time for which application threads were stopped: 0.1437650 seconds, Stopping threads took: 0.0000840 seconds
185.744: Application time: 0.0414360 seconds
185.744: [GC [PSYoungGen: 115712K->18921K(134656K)] 225432K->148214K(441344K), 0.0214170 secs] [Times: user=0.17 sys=0.00, real=0.02 secs] 
185.766: Total time for which application threads were stopped: 0.0216240 seconds, Stopping threads took: 0.0001230 seconds
185.818: Application time: 0.0521160 seconds
185.818: [GC [PSYoungGen: 134633K->18922K(134656K)] 263926K->171959K(441344K), 0.0281340 secs] [Times: user=0.22 sys=0.00, real=0.03 secs] 
185.846: Total time for which application threads were stopped: 0.0283090 seconds, Stopping threads took: 0.0000920 seconds
185.899: Application time: 0.0531440 seconds
185.899: [GC [PSYoungGen: 134634K->18928K(134656K)] 287671K->188880K(441344K), 0.0254330 secs] [Times: user=0.20 sys=0.00, real=0.03 secs] 
185.925: Total time for which application threads were stopped: 0.0255980 seconds, Stopping threads took: 0.0000770 seconds
185.972: Application time: 0.0470650 seconds
185.972: [GC [PSYoungGen: 134640K->18912K(134656K)] 304592K->215152K(441344K), 0.0301550 secs] [Times: user=0.24 sys=0.00, real=0.03 secs] 
186.002: Total time for which application threads were stopped: 0.0303070 seconds, Stopping threads took: 0.0000640 seconds
186.055: Application time: 0.0526850 seconds
186.055: [GC [PSYoungGen: 134624K->18928K(134656K)] 330864K->236556K(441344K), 0.0312430 secs] [Times: user=0.24 sys=0.00, real=0.03 secs] 
186.086: Total time for which application threads were stopped: 0.0314110 seconds, Stopping threads took: 0.0000820 seconds
186.147: Application time: 0.0603200 seconds
186.147: [GC [PSYoungGen: 134640K->18912K(134656K)] 352268K->246813K(441344K), 0.0262310 secs] [Times: user=0.21 sys=0.00, real=0.03 secs] 
186.173: Total time for which application threads were stopped: 0.0264450 seconds, Stopping threads took: 0.0001060 seconds
186.221: Application time: 0.0481030 seconds
186.221: [GC [PSYoungGen: 134624K->18912K(134656K)] 362525K->268279K(441344K), 0.0291720 secs] [Times: user=0.23 sys=0.00, real=0.02 secs] 
186.250: Total time for which application threads were stopped: 0.0293550 seconds, Stopping threads took: 0.0000960 seconds
186.291: Application time: 0.0409750 seconds
186.292: [GC [PSYoungGen: 134624K->18912K(134656K)] 383991K->295790K(441344K), 0.0324240 secs] [Times: user=0.26 sys=0.00, real=0.03 secs] 
186.324: [Full GC [PSYoungGen: 18912K->0K(134656K)] [ParOldGen: 276878K->120517K(306688K)] 295790K->120517K(441344K) [PSPermGen: 9149K->9149K(21504K)], 0.1303710 secs] [Times: user=0.96 sys=0.00, real=0.13 secs] 
186.455: Total time for which application threads were stopped: 0.1630390 seconds, Stopping threads took: 0.0000940 seconds
186.499: Application time: 0.0441340 seconds
186.499: [GC [PSYoungGen: 115712K->18919K(134656K)] 236229K->156176K(441344K), 0.0204650 secs] [Times: user=0.16 sys=0.00, real=0.02 secs] 
186.519: Total time for which application threads were stopped: 0.0206420 seconds, Stopping threads took: 0.0000880 seconds
186.571: Application time: 0.0512540 seconds
186.571: [GC [PSYoungGen: 134631K->18912K(134656K)] 271888K->178101K(441344K), 0.0263080 secs] [Times: user=0.20 sys=0.00, real=0.03 secs] 
186.597: Total time for which application threads were stopped: 0.0264830 seconds, Stopping threads took: 0.0000880 seconds
186.649: Application time: 0.0522990 seconds
186.649: [GC [PSYoungGen: 134624K->18912K(134656K)] 293813K->196196K(441344K), 0.0257860 secs] [Times: user=0.20 sys=0.00, real=0.03 secs] 
186.675: Total time for which application threads were stopped: 0.0259700 seconds, Stopping threads took: 0.0000790 seconds
186.724: Application time: 0.0485640 seconds
186.724: [GC [PSYoungGen: 134624K->18928K(134656K)] 311908K->219611K(441344K), 0.0279010 secs] [Times: user=0.21 sys=0.00, real=0.03 secs] 
186.752: Total time for which application threads were stopped: 0.0280800 seconds, Stopping threads took: 0.0000930 seconds
186.801: Application time: 0.0492190 seconds
186.801: [GC [PSYoungGen: 134640K->18928K(134656K)] 335323K->242484K(441344K), 0.0289030 secs] [Times: user=0.22 sys=0.00, real=0.02 secs] 
186.830: Total time for which application threads were stopped: 0.0290670 seconds, Stopping threads took: 0.0000760 seconds
186.889: Application time: 0.0592170 seconds
186.890: [GC [PSYoungGen: 134640K->18912K(134656K)] 358196K->255268K(441344K), 0.0265750 secs] [Times: user=0.21 sys=0.00, real=0.03 secs] 
186.916: Total time for which application threads were stopped: 0.0267340 seconds, Stopping threads took: 0.0000740 seconds
186.966: Application time: 0.0494890 seconds
186.966: [GC [PSYoungGen: 134624K->18928K(134656K)] 370980K->276071K(441344K), 0.0288830 secs] [Times: user=0.23 sys=0.00, real=0.03 secs] 
186.995: Total time for which application threads were stopped: 0.0290540 seconds, Stopping threads took: 0.0000810 seconds
187.037: Application time: 0.0422870 seconds
187.037: [GC [PSYoungGen: 134640K->18912K(134656K)] 391783K->303692K(441344K), 0.0331060 secs] [Times: user=0.24 sys=0.00, real=0.03 secs] 
187.070: [Full GC [PSYoungGen: 18912K->0K(134656K)] [ParOldGen: 284780K->126578K(306688K)] 303692K->126578K(441344K) [PSPermGen: 9149K->9149K(21504K)], 0.1405950 secs] [Times: user=1.04 sys=0.00, real=0.14 secs] 
187.211: Total time for which application threads were stopped: 0.1739520 seconds, Stopping threads took: 0.0001010 seconds
187.255: Application time: 0.0437680 seconds
187.255: [GC [PSYoungGen: 115712K->18928K(134656K)] 242290K->161471K(441344K), 0.0199860 secs] [Times: user=0.16 sys=0.00, real=0.02 secs] 
187.275: Total time for which application threads were stopped: 0.0201980 seconds, Stopping threads took: 0.0001140 seconds
187.327: Application time: 0.0522610 seconds
187.327: [GC [PSYoungGen: 134640K->18912K(134656K)] 277183K->184292K(441344K), 0.0270750 secs] [Times: user=0.22 sys=0.00, real=0.03 secs] 
187.354: Total time for which application threads were stopped: 0.0272800 seconds, Stopping threads took: 0.0001110 seconds
187.408: Application time: 0.0539210 seconds
187.412: [GC [PSYoungGen: 134624K->18928K(134656K)] 300004K->201663K(441344K), 0.0242470 secs] [Times: user=0.19 sys=0.00, real=0.02 secs] 
187.436: Total time for which application threads were stopped: 0.0275060 seconds, Stopping threads took: 0.0031700 seconds
187.488: Application time: 0.0521760 seconds
187.488: [GC [PSYoungGen: 134640K->18912K(134656K)] 317375K->223526K(441344K), 0.0279590 secs] [Times: user=0.22 sys=0.00, real=0.03 secs] 
187.516: Total time for which application threads were stopped: 0.0281410 seconds, Stopping threads took: 0.0000930 seconds
187.566: Application time: 0.0495010 seconds
187.566: [GC [PSYoungGen: 134624K->18928K(134656K)] 339238K->245951K(441344K), 0.0287200 secs] [Times: user=0.22 sys=0.00, real=0.03 secs] 
187.595: Total time for which application threads were stopped: 0.0289030 seconds, Stopping threads took: 0.0000920 seconds
187.652: Application time: 0.0576180 seconds
187.652: [GC [PSYoungGen: 134640K->18928K(134656K)] 361663K->261588K(441344K), 0.0290570 secs] [Times: user=0.23 sys=0.00, real=0.03 secs] 
187.682: Total time for which application threads were stopped: 0.0292390 seconds, Stopping threads took: 0.0000970 seconds
187.728: Application time: 0.0463400 seconds
187.728: [GC [PSYoungGen: 134640K->18912K(134656K)] 377300K->284702K(441344K), 0.0307050 secs] [Times: user=0.22 sys=0.00, real=0.03 secs] 
187.759: Total time for which application threads were stopped: 0.0309170 seconds, Stopping threads took: 0.0001230 seconds
187.802: Application time: 0.0436290 seconds
187.803: [GC [PSYoungGen: 134624K->18912K(134656K)] 400414K->314502K(441344K), 0.0343890 secs] [Times: user=0.28 sys=0.00, real=0.03 secs] 
187.837: [Full GC [PSYoungGen: 18912K->0K(134656K)] [ParOldGen: 295589K->135680K(306688K)] 314502K->135680K(441344K) [PSPermGen: 9149K->9149K(21504K)], 0.1577910 secs] [Times: user=1.17 sys=0.00, real=0.16 secs] 
187.995: Total time for which application threads were stopped: 0.1924420 seconds, Stopping threads took: 0.0001010 seconds
188.041: Application time: 0.0458080 seconds
188.041: [GC [PSYoungGen: 115712K->18918K(134656K)] 251392K->165457K(441344K), 0.0178290 secs] [Times: user=0.14 sys=0.00, real=0.01 secs] 
188.059: Total time for which application threads were stopped: 0.0180330 seconds, Stopping threads took: 0.0001130 seconds
188.111: Application time: 0.0524450 seconds
188.111: [GC [PSYoungGen: 134630K->18928K(134656K)] 281169K->186727K(441344K), 0.0242730 secs] [Times: user=0.19 sys=0.00, real=0.03 secs] 
188.136: Total time for which application threads were stopped: 0.0244300 seconds, Stopping threads took: 0.0000710 seconds
188.190: Application time: 0.0546210 seconds
188.190: [GC [PSYoungGen: 134640K->18912K(134656K)] 302439K->203561K(441344K), 0.0258000 secs] [Times: user=0.20 sys=0.00, real=0.03 secs] 
188.216: Total time for which application threads were stopped: 0.0259740 seconds, Stopping threads took: 0.0000860 seconds
188.266: Application time: 0.0498590 seconds
188.266: [GC [PSYoungGen: 134624K->18912K(134656K)] 319273K->226823K(441344K), 0.0279950 secs] [Times: user=0.22 sys=0.00, real=0.03 secs] 
188.294: Total time for which application threads were stopped: 0.0281530 seconds, Stopping threads took: 0.0000700 seconds
188.346: Application time: 0.0518230 seconds
188.348: [GC [PSYoungGen: 134624K->18928K(134656K)] 342535K->246991K(441344K), 0.0276230 secs] [Times: user=0.22 sys=0.00, real=0.03 secs] 
188.375: Total time for which application threads were stopped: 0.0292670 seconds, Stopping threads took: 0.0015450 seconds
188.431: Application time: 0.0555360 seconds
188.431: [GC [PSYoungGen: 134640K->18928K(134656K)] 362703K->265307K(441344K), 0.0275600 secs] [Times: user=0.22 sys=0.00, real=0.03 secs] 
188.459: Total time for which application threads were stopped: 0.0277120 seconds, Stopping threads took: 0.0000680 seconds
188.502: Application time: 0.0438520 seconds
188.504: [GC [PSYoungGen: 134640K->18912K(134656K)] 381019K->291385K(441344K), 0.0296050 secs] [Times: user=0.22 sys=0.00, real=0.03 secs] 
188.533: Total time for which application threads were stopped: 0.0308990 seconds, Stopping threads took: 0.0012060 seconds
188.578: Application time: 0.0446680 seconds
188.578: [GC [PSYoungGen: 134624K->18928K(134656K)] 407097K->319810K(441344K), 0.0336060 secs] [Times: user=0.27 sys=0.00, real=0.04 secs] 
188.612: [Full GC [PSYoungGen: 18928K->0K(134656K)] [ParOldGen: 300881K->131679K(306688K)] 319810K->131679K(441344K) [PSPermGen: 9149K->9149K(21504K)], 0.1512100 secs] [Times: user=1.12 sys=0.00, real=0.15 secs] 
188.763: Total time for which application threads were stopped: 0.1850750 seconds, Stopping threads took: 0.0001110 seconds
188.810: Application time: 0.0468920 seconds
188.810: [GC [PSYoungGen: 115712K->18937K(134656K)] 247391K->159933K(441344K), 0.0166490 secs] [Times: user=0.13 sys=0.00, real=0.02 secs] 
188.827: Total time for which application threads were stopped: 0.0168170 seconds, Stopping threads took: 0.0000770 seconds
188.878: Application time: 0.0509990 seconds
188.878: [GC [PSYoungGen: 134649K->18912K(134656K)] 275645K->181825K(441344K), 0.0254430 secs] [Times: user=0.19 sys=0.00, real=0.03 secs] 
188.903: Total time for which application threads were stopped: 0.0256200 seconds, Stopping threads took: 0.0000780 seconds
188.959: Application time: 0.0558240 seconds
188.959: [GC [PSYoungGen: 134624K->18912K(134656K)] 297537K->196957K(441344K), 0.0257540 secs] [Times: user=0.20 sys=0.00, real=0.03 secs] 
188.985: Total time for which application threads were stopped: 0.0259270 seconds, Stopping threads took: 0.0000850 seconds
189.033: Application time: 0.0482440 seconds
189.034: [GC [PSYoungGen: 134624K->18928K(134656K)] 312669K->219528K(441344K), 0.0295040 secs] [Times: user=0.24 sys=0.00, real=0.03 secs] 
189.063: Total time for which application threads were stopped: 0.0296770 seconds, Stopping threads took: 0.0000830 seconds
189.115: Application time: 0.0518540 seconds
189.116: [GC [PSYoungGen: 134640K->18912K(134656K)] 335240K->242454K(441344K), 0.0289750 secs] [Times: user=0.23 sys=0.00, real=0.03 secs] 
189.145: Total time for which application threads were stopped: 0.0297200 seconds, Stopping threads took: 0.0006530 seconds
189.198: Application time: 0.0536640 seconds
189.198: [GC [PSYoungGen: 134624K->18928K(134656K)] 358166K->259188K(441344K), 0.0272430 secs] [Times: user=0.20 sys=0.00, real=0.03 secs] 
189.226: Total time for which application threads were stopped: 0.0274090 seconds, Stopping threads took: 0.0000820 seconds
189.268: Application time: 0.0420050 seconds
189.268: [GC [PSYoungGen: 134640K->18928K(134656K)] 374900K->287172K(441344K), 0.0299750 secs] [Times: user=0.23 sys=0.00, real=0.03 secs] 
189.298: Total time for which application threads were stopped: 0.0301440 seconds, Stopping threads took: 0.0000820 seconds
189.342: Application time: 0.0441260 seconds
189.342: [GC [PSYoungGen: 134640K->18912K(134656K)] 402884K->315449K(441344K), 0.0328810 secs] [Times: user=0.26 sys=0.00, real=0.03 secs] 
189.375: [Full GC [PSYoungGen: 18912K->0K(134656K)] [ParOldGen: 296537K->139816K(306688K)] 315449K->139816K(441344K) [PSPermGen: 9149K->9149K(21504K)], 0.1652080 secs] [Times: user=1.23 sys=0.00, real=0.17 secs] 
189.540: Total time for which application threads were stopped: 0.1983190 seconds, Stopping threads took: 0.0000830 seconds
189.589: Application time: 0.0487970 seconds
189.589: [GC [PSYoungGen: 115592K->18935K(134656K)] 255408K->165332K(441344K), 0.0154310 secs] [Times: user=0.12 sys=0.00, real=0.02 secs] 
189.605: Total time for which application threads were stopped: 0.0156480 seconds, Stopping threads took: 0.0001190 seconds
189.653: Application time: 0.0481730 seconds
189.653: [GC [PSYoungGen: 134647K->18912K(134656K)] 281044K->188020K(441344K), 0.0244140 secs] [Times: user=0.19 sys=0.00, real=0.02 secs] 
189.678: Total time for which application threads were stopped: 0.0246030 seconds, Stopping threads took: 0.0001010 seconds
189.734: Application time: 0.0560820 seconds
189.734: [GC [PSYoungGen: 134624K->18912K(134656K)] 303732K->204627K(441344K), 0.0256410 secs] [Times: user=0.20 sys=0.00, real=0.02 secs] 
189.759: Total time for which application threads were stopped: 0.0258230 seconds, Stopping threads took: 0.0000950 seconds
189.807: Application time: 0.0470550 seconds
189.807: [GC [PSYoungGen: 134624K->18912K(134656K)] 320339K->227793K(441344K), 0.0276500 secs] [Times: user=0.22 sys=0.00, real=0.03 secs] 
189.834: Total time for which application threads were stopped: 0.0278320 seconds, Stopping threads took: 0.0000930 seconds
189.888: Application time: 0.0535250 seconds
189.888: [GC [PSYoungGen: 134624K->18912K(134656K)] 343505K->248749K(441344K), 0.0291600 secs] [Times: user=0.22 sys=0.00, real=0.03 secs] 
189.917: Total time for which application threads were stopped: 0.0293410 seconds, Stopping threads took: 0.0000940 seconds
189.971: Application time: 0.0537250 seconds
189.972: [GC [PSYoungGen: 134624K->18928K(134656K)] 364461K->266162K(441344K), 0.0270060 secs] [Times: user=0.22 sys=0.00, real=0.02 secs] 
189.999: Total time for which application threads were stopped: 0.0277520 seconds, Stopping threads took: 0.0006530 seconds
190.044: Application time: 0.0449040 seconds
190.044: [GC [PSYoungGen: 134640K->18928K(134656K)] 381874K->293722K(441344K), 0.0304090 secs] [Times: user=0.24 sys=0.00, real=0.03 secs] 
190.074: [Full GC [PSYoungGen: 18928K->0K(134656K)] [ParOldGen: 274794K->123149K(306688K)] 293722K->123149K(441344K) [PSPermGen: 9149K->9149K(21504K)], 0.1377350 secs] [Times: user=1.01 sys=0.00, real=0.14 secs] 
190.212: Total time for which application threads were stopped: 0.1683650 seconds, Stopping threads took: 0.0000890 seconds
190.255: Application time: 0.0429390 seconds
190.255: [GC [PSYoungGen: 115712K->18912K(134656K)] 238861K->150901K(441344K), 0.0159470 secs] [Times: user=0.13 sys=0.00, real=0.01 secs] 
190.271: Total time for which application threads were stopped: 0.0162140 seconds, Stopping threads took: 0.0001640 seconds
190.321: Application time: 0.0498780 seconds
190.321: [GC [PSYoungGen: 134624K->18912K(134656K)] 266613K->176353K(441344K), 0.0253730 secs] [Times: user=0.20 sys=0.00, real=0.02 secs] 
190.347: Total time for which application threads were stopped: 0.0255590 seconds, Stopping threads took: 0.0000950 seconds
190.394: Application time: 0.0472440 seconds
190.394: [GC [PSYoungGen: 134624K->18912K(134656K)] 292065K->200161K(441344K), 0.0289120 secs] [Times: user=0.22 sys=0.00, real=0.03 secs] 
190.423: Total time for which application threads were stopped: 0.0291030 seconds, Stopping threads took: 0.0001010 seconds
190.478: Application time: 0.0549850 seconds
190.478: [GC [PSYoungGen: 134624K->18912K(134656K)] 315873K->217695K(441344K), 0.0279510 secs] [Times: user=0.22 sys=0.00, real=0.03 secs] 
190.506: Total time for which application threads were stopped: 0.0281220 seconds, Stopping threads took: 0.0000850 seconds
190.552: Application time: 0.0463760 seconds
190.553: [GC [PSYoungGen: 134624K->18928K(134656K)] 333407K->240964K(441344K), 0.0313540 secs] [Times: user=0.24 sys=0.01, real=0.03 secs] 
190.584: Total time for which application threads were stopped: 0.0315380 seconds, Stopping threads took: 0.0000940 seconds
190.639: Application time: 0.0547100 seconds
190.639: [GC [PSYoungGen: 134640K->18928K(134656K)] 356676K->260674K(441344K), 0.0321930 secs] [Times: user=0.25 sys=0.00, real=0.03 secs] 
190.671: Total time for which application threads were stopped: 0.0323470 seconds, Stopping threads took: 0.0000670 seconds
190.724: Application time: 0.0528630 seconds
190.724: [GC [PSYoungGen: 134640K->18912K(134656K)] 376386K->278889K(441344K), 0.0313460 secs] [Times: user=0.24 sys=0.00, real=0.03 secs] 
190.755: Total time for which application threads were stopped: 0.0315050 seconds, Stopping threads took: 0.0000730 seconds
190.800: Application time: 0.0449740 seconds
190.800: [GC [PSYoungGen: 134624K->18928K(134656K)] 394601K->306118K(441344K), 0.0349460 secs] [Times: user=0.28 sys=0.00, real=0.03 secs] 
190.835: [Full GC [PSYoungGen: 18928K->0K(134656K)] [ParOldGen: 287190K->122666K(306688K)] 306118K->122666K(441344K) [PSPermGen: 9149K->9149K(21504K)], 0.1375970 secs] [Times: user=1.01 sys=0.00, real=0.14 secs] 
190.973: Total time for which application threads were stopped: 0.1727800 seconds, Stopping threads took: 0.0000610 seconds
191.016: Application time: 0.0429260 seconds
191.016: [GC [PSYoungGen: 115712K->18912K(134656K)] 238378K->150374K(441344K), 0.0158560 secs] [Times: user=0.12 sys=0.00, real=0.02 secs] 
191.032: Total time for which application threads were stopped: 0.0160260 seconds, Stopping threads took: 0.0000810 seconds
191.081: Application time: 0.0493130 seconds
191.082: [GC [PSYoungGen: 134624K->18912K(134656K)] 266086K->176147K(441344K), 0.0254200 secs] [Times: user=0.20 sys=0.00, real=0.02 secs] 
191.107: Total time for which application threads were stopped: 0.0256000 seconds, Stopping threads took: 0.0000930 seconds
191.154: Application time: 0.0469500 seconds
191.154: [GC [PSYoungGen: 134624K->18912K(134656K)] 291859K->199684K(441344K), 0.0277970 secs] [Times: user=0.22 sys=0.00, real=0.03 secs] 
191.182: Total time for which application threads were stopped: 0.0279600 seconds, Stopping threads took: 0.0000770 seconds
191.238: Application time: 0.0562830 seconds
191.238: [GC [PSYoungGen: 134624K->18912K(134656K)] 315396K->216515K(441344K), 0.0277580 secs] [Times: user=0.22 sys=0.00, real=0.03 secs] 
191.266: Total time for which application threads were stopped: 0.0279390 seconds, Stopping threads took: 0.0000910 seconds
191.311: Application time: 0.0450050 seconds
191.311: [GC [PSYoungGen: 134624K->18928K(134656K)] 332227K->239791K(441344K), 0.0334920 secs] [Times: user=0.24 sys=0.00, real=0.04 secs] 
191.345: Total time for which application threads were stopped: 0.0336610 seconds, Stopping threads took: 0.0000720 seconds
191.399: Application time: 0.0542770 seconds
191.399: [GC [PSYoungGen: 134640K->18928K(134656K)] 355503K->259957K(441344K), 0.0322730 secs] [Times: user=0.25 sys=0.00, real=0.04 secs] 
191.432: Total time for which application threads were stopped: 0.0324540 seconds, Stopping threads took: 0.0000870 seconds
191.482: Application time: 0.0503850 seconds
191.482: [GC [PSYoungGen: 134640K->18912K(134656K)] 375669K->276732K(441344K), 0.0300210 secs] [Times: user=0.24 sys=0.00, real=0.03 secs] 
191.512: Total time for which application threads were stopped: 0.0301810 seconds, Stopping threads took: 0.0000730 seconds
191.557: Application time: 0.0448570 seconds
191.557: [GC [PSYoungGen: 134624K->18928K(134656K)] 392444K->304489K(441344K), 0.0349530 secs] [Times: user=0.28 sys=0.00, real=0.04 secs] 
191.592: [Full GC [PSYoungGen: 18928K->0K(134656K)] [ParOldGen: 285561K->122564K(306688K)] 304489K->122564K(441344K) [PSPermGen: 9149K->9149K(21504K)], 0.1381180 secs] [Times: user=1.02 sys=0.00, real=0.13 secs] 
191.732: Total time for which application threads were stopped: 0.1748570 seconds, Stopping threads took: 0.0000890 seconds
191.776: Application time: 0.0438040 seconds
191.776: [GC [PSYoungGen: 115712K->18912K(134656K)] 238276K->151133K(441344K), 0.0162160 secs] [Times: user=0.12 sys=0.00, real=0.02 secs] 
191.792: Total time for which application threads were stopped: 0.0163970 seconds, Stopping threads took: 0.0000920 seconds
191.845: Application time: 0.0526330 seconds
191.845: [GC [PSYoungGen: 134624K->18928K(134656K)] 266845K->174073K(441344K), 0.0251450 secs] [Times: user=0.20 sys=0.00, real=0.02 secs] 
191.870: Total time for which application threads were stopped: 0.0253350 seconds, Stopping threads took: 0.0000900 seconds
191.916: Application time: 0.0462340 seconds
191.916: [GC [PSYoungGen: 134640K->18912K(134656K)] 289785K->195037K(441344K), 0.0267590 secs] [Times: user=0.21 sys=0.00, real=0.03 secs] 
191.943: Total time for which application threads were stopped: 0.0269400 seconds, Stopping threads took: 0.0000910 seconds
191.998: Application time: 0.0544910 seconds
191.998: [GC [PSYoungGen: 134624K->18928K(134656K)] 310749K->218615K(441344K), 0.0321470 secs] [Times: user=0.26 sys=0.00, real=0.03 secs] 
192.030: Total time for which application threads were stopped: 0.0323210 seconds, Stopping threads took: 0.0000860 seconds
192.077: Application time: 0.0465070 seconds
192.077: [GC [PSYoungGen: 134640K->18928K(134656K)] 334327K->242957K(441344K), 0.0346110 secs] [Times: user=0.25 sys=0.00, real=0.03 secs] 
192.111: Total time for which application threads were stopped: 0.0347780 seconds, Stopping threads took: 0.0000850 seconds
192.167: Application time: 0.0557120 seconds
192.167: [GC [PSYoungGen: 134640K->18912K(134656K)] 358669K->262368K(441344K), 0.0337480 secs] [Times: user=0.27 sys=0.00, real=0.04 secs] 
192.201: Total time for which application threads were stopped: 0.0339170 seconds, Stopping threads took: 0.0000830 seconds
192.251: Application time: 0.0501490 seconds
192.251: [GC [PSYoungGen: 134624K->18912K(134656K)] 378080K->281759K(441344K), 0.0314280 secs] [Times: user=0.25 sys=0.00, real=0.04 secs] 
192.283: Total time for which application threads were stopped: 0.0316150 seconds, Stopping threads took: 0.0000990 seconds
192.334: Application time: 0.0508770 seconds
192.334: [GC [PSYoungGen: 134624K->18928K(134656K)] 397471K->304900K(441344K), 0.0355740 secs] [Times: user=0.27 sys=0.00, real=0.03 secs] 
192.369: [Full GC [PSYoungGen: 18928K->0K(134656K)] [ParOldGen: 285972K->126683K(306688K)] 304900K->126683K(441344K) [PSPermGen: 9149K->9149K(21504K)], 0.1451630 secs] [Times: user=1.08 sys=0.00, real=0.15 secs] 
192.515: Total time for which application threads were stopped: 0.1809840 seconds, Stopping threads took: 0.0000890 seconds
192.559: Application time: 0.0440190 seconds
192.559: [GC [PSYoungGen: 115712K->18932K(134656K)] 242395K->153595K(441344K), 0.0153330 secs] [Times: user=0.12 sys=0.00, real=0.02 secs] 
192.574: Total time for which application threads were stopped: 0.0155300 seconds, Stopping threads took: 0.0000980 seconds
192.628: Application time: 0.0538350 seconds
192.628: [GC [PSYoungGen: 134644K->18936K(134656K)] 269307K->174576K(441344K), 0.0241790 secs] [Times: user=0.19 sys=0.00, real=0.03 secs] 
192.652: Total time for which application threads were stopped: 0.0243450 seconds, Stopping threads took: 0.0000790 seconds
192.697: Application time: 0.0445630 seconds
192.697: [GC [PSYoungGen: 134648K->18937K(134656K)] 290288K->199671K(441344K), 0.0263610 secs] [Times: user=0.21 sys=0.00, real=0.03 secs] 
192.723: Total time for which application threads were stopped: 0.0265290 seconds, Stopping threads took: 0.0000780 seconds
192.771: Application time: 0.0477480 seconds
192.771: [GC [PSYoungGen: 134649K->18920K(134656K)] 315383K->226927K(441344K), 0.0303080 secs] [Times: user=0.24 sys=0.00, real=0.04 secs] 
192.802: Total time for which application threads were stopped: 0.0304650 seconds, Stopping threads took: 0.0000700 seconds
192.849: Application time: 0.0469070 seconds
192.849: [GC [PSYoungGen: 134632K->18920K(134656K)] 342639K->250407K(441344K), 0.0287690 secs] [Times: user=0.23 sys=0.00, real=0.03 secs] 
192.877: Total time for which application threads were stopped: 0.0289360 seconds, Stopping threads took: 0.0000830 seconds
192.934: Application time: 0.0568420 seconds
192.936: [GC [PSYoungGen: 134632K->18921K(134656K)] 366119K->267573K(441344K), 0.0289030 secs] [Times: user=0.22 sys=0.00, real=0.03 secs] 
192.965: Total time for which application threads were stopped: 0.0302200 seconds, Stopping threads took: 0.0012330 seconds
193.015: Application time: 0.0506080 seconds
193.015: [GC [PSYoungGen: 134633K->18921K(134656K)] 383285K->286143K(441344K), 0.0280570 secs] [Times: user=0.22 sys=0.00, real=0.03 secs] 
193.043: Total time for which application threads were stopped: 0.0282070 seconds, Stopping threads took: 0.0000580 seconds
193.092: Application time: 0.0490850 seconds
193.093: [GC [PSYoungGen: 134633K->18921K(134656K)] 401855K->310113K(441344K), 0.0330830 secs] [Times: user=0.24 sys=0.00, real=0.03 secs] 
193.126: [Full GC [PSYoungGen: 18921K->0K(134656K)] [ParOldGen: 291192K->126048K(306688K)] 310113K->126048K(441344K) [PSPermGen: 9149K->9149K(21504K)], 0.1440260 secs] [Times: user=1.07 sys=0.00, real=0.14 secs] 
193.270: Total time for which application threads were stopped: 0.1773540 seconds, Stopping threads took: 0.0000690 seconds
193.315: Application time: 0.0450690 seconds
193.315: [GC [PSYoungGen: 115712K->18939K(134656K)] 241760K->152972K(441344K), 0.0156760 secs] [Times: user=0.12 sys=0.00, real=0.01 secs] 
193.331: Total time for which application threads were stopped: 0.0158770 seconds, Stopping threads took: 0.0001110 seconds
193.384: Application time: 0.0533990 seconds
193.384: [GC [PSYoungGen: 134651K->18928K(134656K)] 268684K->176572K(441344K), 0.0259940 secs] [Times: user=0.21 sys=0.00, real=0.02 secs] 
193.410: Total time for which application threads were stopped: 0.0261640 seconds, Stopping threads took: 0.0000840 seconds
193.459: Application time: 0.0489390 seconds
193.459: [GC [PSYoungGen: 134640K->18928K(134656K)] 292284K->197933K(441344K), 0.0260440 secs] [Times: user=0.20 sys=0.00, real=0.03 secs] 
193.485: Total time for which application threads were stopped: 0.0262050 seconds, Stopping threads took: 0.0000730 seconds
193.537: Application time: 0.0519070 seconds
193.537: [GC [PSYoungGen: 134513K->18912K(134656K)] 313518K->222448K(441344K), 0.0301810 secs] [Times: user=0.24 sys=0.00, real=0.03 secs] 
193.568: Total time for which application threads were stopped: 0.0303450 seconds, Stopping threads took: 0.0000780 seconds
193.616: Application time: 0.0481990 seconds
193.616: [GC [PSYoungGen: 134624K->18912K(134656K)] 338160K->248388K(441344K), 0.0305720 secs] [Times: user=0.24 sys=0.00, real=0.03 secs] 
193.647: Total time for which application threads were stopped: 0.0308160 seconds, Stopping threads took: 0.0001120 seconds
193.703: Application time: 0.0558830 seconds
193.703: [GC [PSYoungGen: 134624K->18928K(134656K)] 364100K->267424K(441344K), 0.0307090 secs] [Times: user=0.24 sys=0.00, real=0.03 secs] 
193.734: Total time for which application threads were stopped: 0.0308790 seconds, Stopping threads took: 0.0000830 seconds
193.785: Application time: 0.0511850 seconds
193.788: [GC [PSYoungGen: 134640K->18928K(134656K)] 383136K->288215K(441344K), 0.0299120 secs] [Times: user=0.23 sys=0.00, real=0.03 secs] 
193.818: Total time for which application threads were stopped: 0.0328970 seconds, Stopping threads took: 0.0028980 seconds
193.867: Application time: 0.0498680 seconds
193.868: [GC [PSYoungGen: 134640K->18912K(134656K)] 403927K->309419K(441344K), 0.0306940 secs] [Times: user=0.24 sys=0.00, real=0.03 secs] 
193.898: [Full GC [PSYoungGen: 18912K->0K(134656K)] [ParOldGen: 290507K->125754K(306688K)] 309419K->125754K(441344K) [PSPermGen: 9150K->9150K(21504K)], 0.1453890 secs] [Times: user=1.08 sys=0.00, real=0.15 secs] 
194.044: Total time for which application threads were stopped: 0.1764260 seconds, Stopping threads took: 0.0001750 seconds
194.087: Application time: 0.0434750 seconds
194.088: [GC [PSYoungGen: 115712K->18939K(134656K)] 241466K->153805K(441344K), 0.0153180 secs] [Times: user=0.12 sys=0.00, real=0.02 secs] 
194.103: Total time for which application threads were stopped: 0.0154990 seconds, Stopping threads took: 0.0000920 seconds
194.160: Application time: 0.0570890 seconds
194.164: [GC [PSYoungGen: 134651K->18928K(134656K)] 269517K->173749K(441344K), 0.0250910 secs] [Times: user=0.20 sys=0.00, real=0.02 secs] 
194.189: Total time for which application threads were stopped: 0.0288060 seconds, Stopping threads took: 0.0036170 seconds
194.236: Application time: 0.0469730 seconds
194.236: [GC [PSYoungGen: 134640K->18912K(134656K)] 289461K->196654K(441344K), 0.0273620 secs] [Times: user=0.21 sys=0.00, real=0.03 secs] 
194.263: Total time for which application threads were stopped: 0.0275640 seconds, Stopping threads took: 0.0001120 seconds
194.313: Application time: 0.0495810 seconds
194.313: [GC [PSYoungGen: 134624K->18928K(134656K)] 312366K->222780K(441344K), 0.0320070 secs] [Times: user=0.26 sys=0.00, real=0.03 secs] 
194.345: Total time for which application threads were stopped: 0.0322240 seconds, Stopping threads took: 0.0001200 seconds
194.395: Application time: 0.0494280 seconds
194.396: [GC [PSYoungGen: 134640K->18928K(134656K)] 338492K->246424K(441344K), 0.0319410 secs] [Times: user=0.25 sys=0.00, real=0.03 secs] 
194.428: Total time for which application threads were stopped: 0.0330570 seconds, Stopping threads took: 0.0010240 seconds
194.482: Application time: 0.0541400 seconds
194.482: [GC [PSYoungGen: 134640K->18928K(134656K)] 362136K->266814K(441344K), 0.0313300 secs] [Times: user=0.25 sys=0.00, real=0.03 secs] 
194.513: Total time for which application threads were stopped: 0.0314840 seconds, Stopping threads took: 0.0000710 seconds
194.564: Application time: 0.0509240 seconds
194.564: [GC [PSYoungGen: 134640K->18912K(134656K)] 382526K->286111K(441344K), 0.0305420 secs] [Times: user=0.23 sys=0.00, real=0.03 secs] 
194.595: Total time for which application threads were stopped: 0.0307000 seconds, Stopping threads took: 0.0000730 seconds
194.645: Application time: 0.0502180 seconds
194.645: [GC [PSYoungGen: 134624K->18928K(134656K)] 401823K->308346K(441344K), 0.0326230 secs] [Times: user=0.25 sys=0.00, real=0.03 secs] 
194.678: [Full GC [PSYoungGen: 18928K->0K(134656K)] [ParOldGen: 289418K->120754K(306688K)] 308346K->120754K(441344K) [PSPermGen: 9150K->9150K(21504K)], 0.1389560 secs] [Times: user=1.01 sys=0.00, real=0.14 secs] 
194.817: Total time for which application threads were stopped: 0.1717980 seconds, Stopping threads took: 0.0000710 seconds
194.861: Application time: 0.0439870 seconds
194.861: [GC [PSYoungGen: 115712K->18931K(134656K)] 236466K->149823K(441344K), 0.0158530 secs] [Times: user=0.13 sys=0.00, real=0.01 secs] 
194.877: Total time for which application threads were stopped: 0.0161230 seconds, Stopping threads took: 0.0001610 seconds
194.937: Application time: 0.0596960 seconds
194.937: [GC [PSYoungGen: 134643K->18912K(134656K)] 265535K->169794K(441344K), 0.0255690 secs] [Times: user=0.20 sys=0.00, real=0.03 secs] 
194.962: Total time for which application threads were stopped: 0.0257600 seconds, Stopping threads took: 0.0001020 seconds
195.011: Application time: 0.0487640 seconds
195.011: [GC [PSYoungGen: 134624K->18912K(134656K)] 285506K->190171K(441344K), 0.0263750 secs] [Times: user=0.21 sys=0.00, real=0.03 secs] 
195.038: Total time for which application threads were stopped: 0.0265690 seconds, Stopping threads took: 0.0001050 seconds
195.087: Application time: 0.0492960 seconds
195.087: [GC [PSYoungGen: 134624K->18912K(134656K)] 305883K->215623K(441344K), 0.0320560 secs] [Times: user=0.25 sys=0.00, real=0.03 secs] 
195.119: Total time for which application threads were stopped: 0.0322190 seconds, Stopping threads took: 0.0000760 seconds
195.167: Application time: 0.0472760 seconds
195.167: [GC [PSYoungGen: 134624K->18928K(134656K)] 331335K->240182K(441344K), 0.0312230 secs] [Times: user=0.24 sys=0.00, real=0.03 secs] 
195.198: Total time for which application threads were stopped: 0.0313890 seconds, Stopping threads took: 0.0000800 seconds
195.250: Application time: 0.0519510 seconds
195.250: [GC [PSYoungGen: 134640K->18912K(134656K)] 355894K->262885K(441344K), 0.0313530 secs] [Times: user=0.25 sys=0.00, real=0.04 secs] 
195.281: Total time for which application threads were stopped: 0.0315260 seconds, Stopping threads took: 0.0000870 seconds
195.331: Application time: 0.0498410 seconds
195.336: [GC [PSYoungGen: 134566K->18928K(134656K)] 378540K->283097K(441344K), 0.0283890 secs] [Times: user=0.21 sys=0.00, real=0.03 secs] 
195.364: Total time for which application threads were stopped: 0.0327270 seconds, Stopping threads took: 0.0042460 seconds
195.415: Application time: 0.0508790 seconds
195.415: [GC [PSYoungGen: 134640K->18912K(134656K)] 398809K->304816K(441344K), 0.0304680 secs] [Times: user=0.24 sys=0.00, real=0.03 secs] 
195.446: [Full GC [PSYoungGen: 18912K->0K(134656K)] [ParOldGen: 285904K->127486K(306688K)] 304816K->127486K(441344K) [PSPermGen: 9150K->9150K(21504K)], 0.1467170 secs] [Times: user=1.09 sys=0.00, real=0.15 secs] 
195.592: Total time for which application threads were stopped: 0.1774550 seconds, Stopping threads took: 0.0001000 seconds
195.636: Application time: 0.0437660 seconds
195.636: [GC [PSYoungGen: 115712K->18941K(134656K)] 243198K->154920K(441344K), 0.0148100 secs] [Times: user=0.11 sys=0.00, real=0.01 secs] 
195.651: Total time for which application threads were stopped: 0.0149790 seconds, Stopping threads took: 0.0000820 seconds
195.707: Application time: 0.0557380 seconds
195.707: [GC [PSYoungGen: 134653K->18928K(134656K)] 270632K->174940K(441344K), 0.0237350 secs] [Times: user=0.19 sys=0.00, real=0.02 secs] 
195.731: Total time for which application threads were stopped: 0.0239260 seconds, Stopping threads took: 0.0001080 seconds
195.779: Application time: 0.0481720 seconds
195.779: [GC [PSYoungGen: 134640K->18912K(134656K)] 290652K->195702K(441344K), 0.0259280 secs] [Times: user=0.20 sys=0.00, real=0.03 secs] 
195.805: Total time for which application threads were stopped: 0.0260780 seconds, Stopping threads took: 0.0000620 seconds
195.853: Application time: 0.0477670 seconds
195.853: [GC [PSYoungGen: 134624K->18928K(134656K)] 311414K->221746K(441344K), 0.0313750 secs] [Times: user=0.25 sys=0.00, real=0.03 secs] 
195.884: Total time for which application threads were stopped: 0.0315540 seconds, Stopping threads took: 0.0000920 seconds
195.931: Application time: 0.0466920 seconds
195.931: [GC [PSYoungGen: 134640K->18912K(134656K)] 337458K->246618K(441344K), 0.0335120 secs] [Times: user=0.26 sys=0.00, real=0.04 secs] 
195.965: Total time for which application threads were stopped: 0.0337010 seconds, Stopping threads took: 0.0000960 seconds
196.016: Application time: 0.0510070 seconds
196.016: [GC [PSYoungGen: 134624K->18912K(134656K)] 362330K->269453K(441344K), 0.0400980 secs] [Times: user=0.31 sys=0.00, real=0.04 secs] 
196.056: Total time for which application threads were stopped: 0.0402510 seconds, Stopping threads took: 0.0000690 seconds
196.110: Application time: 0.0538700 seconds
196.110: [GC [PSYoungGen: 134624K->18912K(134656K)] 385165K->288287K(441344K), 0.0291810 secs] [Times: user=0.23 sys=0.00, real=0.03 secs] 
196.139: Total time for which application threads were stopped: 0.0294880 seconds, Stopping threads took: 0.0002160 seconds
196.193: Application time: 0.0532420 seconds
196.193: [GC [PSYoungGen: 134624K->18928K(134656K)] 403999K->307547K(441344K), 0.0291300 secs] [Times: user=0.23 sys=0.00, real=0.03 secs] 
196.222: [Full GC [PSYoungGen: 18928K->0K(134656K)] [ParOldGen: 288619K->121937K(306688K)] 307547K->121937K(441344K) [PSPermGen: 9150K->9150K(21504K)], 0.1407070 secs] [Times: user=1.04 sys=0.00, real=0.14 secs] 
196.363: Total time for which application threads were stopped: 0.1700730 seconds, Stopping threads took: 0.0000890 seconds
196.404: Application time: 0.0416920 seconds
196.405: [GC [PSYoungGen: 115696K->18914K(134656K)] 237634K->151009K(441344K), 0.0151720 secs] [Times: user=0.12 sys=0.00, real=0.02 secs] 
196.420: Total time for which application threads were stopped: 0.0153800 seconds, Stopping threads took: 0.0001190 seconds
196.476: Application time: 0.0558840 seconds
196.476: [GC [PSYoungGen: 134626K->18928K(134656K)] 266721K->172605K(441344K), 0.0245810 secs] [Times: user=0.20 sys=0.00, real=0.03 secs] 
196.500: Total time for which application threads were stopped: 0.0247490 seconds, Stopping threads took: 0.0000690 seconds
196.548: Application time: 0.0477660 seconds
196.548: [GC [PSYoungGen: 134640K->18928K(134656K)] 288317K->192753K(441344K), 0.0260150 secs] [Times: user=0.20 sys=0.00, real=0.03 secs] 
196.574: Total time for which application threads were stopped: 0.0261870 seconds, Stopping threads took: 0.0000850 seconds
196.622: Application time: 0.0474710 seconds
196.622: [GC [PSYoungGen: 134640K->18928K(134656K)] 308465K->218891K(441344K), 0.0313540 secs] [Times: user=0.25 sys=0.00, real=0.03 secs] 
196.653: Total time for which application threads were stopped: 0.0315160 seconds, Stopping threads took: 0.0000770 seconds
196.701: Application time: 0.0481070 seconds
196.702: [GC [PSYoungGen: 134640K->18912K(134656K)] 334603K->245365K(441344K), 0.0338540 secs] [Times: user=0.27 sys=0.00, real=0.03 secs] 
196.736: Total time for which application threads were stopped: 0.0340500 seconds, Stopping threads took: 0.0000750 seconds
196.792: Application time: 0.0564300 seconds
196.792: [GC [PSYoungGen: 134624K->18912K(134656K)] 361077K->263780K(441344K), 0.0371410 secs] [Times: user=0.26 sys=0.00, real=0.03 secs] 
196.829: Total time for which application threads were stopped: 0.0373240 seconds, Stopping threads took: 0.0001000 seconds
196.884: Application time: 0.0544430 seconds
196.884: [GC [PSYoungGen: 134624K->18928K(134656K)] 379492K->280524K(441344K), 0.0300980 secs] [Times: user=0.24 sys=0.00, real=0.03 secs] 
196.914: Total time for which application threads were stopped: 0.0302720 seconds, Stopping threads took: 0.0000860 seconds
196.960: Application time: 0.0460120 seconds
196.960: [GC [PSYoungGen: 134640K->18928K(134656K)] 396236K->305981K(441344K), 0.0348210 secs] [Times: user=0.27 sys=0.00, real=0.03 secs] 
196.995: [Full GC [PSYoungGen: 18928K->0K(134656K)] [ParOldGen: 287053K->128561K(306688K)] 305981K->128561K(441344K) [PSPermGen: 9150K->9150K(21504K)], 0.1482630 secs] [Times: user=1.10 sys=0.00, real=0.15 secs] 
197.143: Total time for which application threads were stopped: 0.1833160 seconds, Stopping threads took: 0.0000740 seconds
197.189: Application time: 0.0460270 seconds
197.190: [GC [PSYoungGen: 115712K->18912K(134656K)] 244273K->155545K(441344K), 0.0156820 secs] [Times: user=0.12 sys=0.00, real=0.02 secs] 
197.205: Total time for which application threads were stopped: 0.0158670 seconds, Stopping threads took: 0.0000870 seconds
197.257: Application time: 0.0519150 seconds
197.257: [GC [PSYoungGen: 134624K->18920K(134656K)] 271257K->176274K(441344K), 0.0242060 secs] [Times: user=0.19 sys=0.00, real=0.03 secs] 
197.282: Total time for which application threads were stopped: 0.0243740 seconds, Stopping threads took: 0.0000810 seconds
197.330: Application time: 0.0482410 seconds
197.330: [GC [PSYoungGen: 134632K->18937K(134656K)] 291986K->198670K(441344K), 0.0266600 secs] [Times: user=0.21 sys=0.00, real=0.03 secs] 
197.357: Total time for which application threads were stopped: 0.0268320 seconds, Stopping threads took: 0.0000840 seconds
197.400: Application time: 0.0430210 seconds
197.400: [GC [PSYoungGen: 134649K->18912K(134656K)] 314382K->227602K(441344K), 0.0305470 secs] [Times: user=0.24 sys=0.00, real=0.02 secs] 
197.430: Total time for which application threads were stopped: 0.0307180 seconds, Stopping threads took: 0.0000850 seconds
197.483: Application time: 0.0521710 seconds
197.483: [GC [PSYoungGen: 134624K->18912K(134656K)] 343314K->250511K(441344K), 0.0313050 secs] [Times: user=0.25 sys=0.00, real=0.03 secs] 
197.514: Total time for which application threads were stopped: 0.0315110 seconds, Stopping threads took: 0.0001160 seconds
197.569: Application time: 0.0545250 seconds
197.572: [GC [PSYoungGen: 134624K->18912K(134656K)] 366223K->268169K(441344K), 0.0284990 secs] [Times: user=0.22 sys=0.00, real=0.03 secs] 
197.600: Total time for which application threads were stopped: 0.0315850 seconds, Stopping threads took: 0.0030020 seconds
197.655: Application time: 0.0546370 seconds
197.655: [GC [PSYoungGen: 134624K->18928K(134656K)] 383881K->285861K(441344K), 0.0285210 secs] [Times: user=0.23 sys=0.00, real=0.03 secs] 
197.683: Total time for which application threads were stopped: 0.0286770 seconds, Stopping threads took: 0.0000710 seconds
197.728: Application time: 0.0443680 seconds
197.728: [GC [PSYoungGen: 134640K->18928K(134656K)] 401573K->311713K(441344K), 0.0317110 secs] [Times: user=0.25 sys=0.00, real=0.04 secs] 
197.760: [Full GC [PSYoungGen: 18928K->0K(134656K)] [ParOldGen: 292785K->128721K(306688K)] 311713K->128721K(441344K) [PSPermGen: 9150K->9150K(21504K)], 0.1486470 secs] [Times: user=1.10 sys=0.00, real=0.14 secs] 
197.908: Total time for which application threads were stopped: 0.1805990 seconds, Stopping threads took: 0.0000830 seconds
197.955: Application time: 0.0463360 seconds
197.955: [GC [PSYoungGen: 115712K->18928K(134656K)] 244433K->155006K(441344K), 0.0158160 secs] [Times: user=0.12 sys=0.00, real=0.01 secs] 
197.971: Total time for which application threads were stopped: 0.0159900 seconds, Stopping threads took: 0.0000870 seconds
198.021: Application time: 0.0503370 seconds
198.021: [GC [PSYoungGen: 134640K->18912K(134656K)] 270718K->175436K(441344K), 0.0233580 secs] [Times: user=0.18 sys=0.00, real=0.02 secs] 
198.045: Total time for which application threads were stopped: 0.0235300 seconds, Stopping threads took: 0.0000860 seconds
198.092: Application time: 0.0470690 seconds
198.092: [GC [PSYoungGen: 134624K->18912K(134656K)] 291148K->200127K(441344K), 0.0277760 secs] [Times: user=0.22 sys=0.00, real=0.03 secs] 
198.120: Total time for which application threads were stopped: 0.0279490 seconds, Stopping threads took: 0.0000870 seconds
198.164: Application time: 0.0439720 seconds
198.168: [GC [PSYoungGen: 134624K->18912K(134656K)] 315839K->228547K(441344K), 0.0316910 secs] [Times: user=0.25 sys=0.00, real=0.03 secs] 
198.199: Total time for which application threads were stopped: 0.0357380 seconds, Stopping threads took: 0.0039570 seconds
198.254: Application time: 0.0549480 seconds
198.254: [GC [PSYoungGen: 134624K->18928K(134656K)] 344259K->248604K(441344K), 0.0309790 secs] [Times: user=0.24 sys=0.00, real=0.03 secs] 
198.286: Total time for which application threads were stopped: 0.0311620 seconds, Stopping threads took: 0.0000890 seconds
198.337: Application time: 0.0518450 seconds
198.337: [GC [PSYoungGen: 134640K->18928K(134656K)] 364316K->265949K(441344K), 0.0283630 secs] [Times: user=0.22 sys=0.00, real=0.03 secs] 
198.366: Total time for which application threads were stopped: 0.0285480 seconds, Stopping threads took: 0.0000960 seconds
198.419: Application time: 0.0528570 seconds
198.419: [GC [PSYoungGen: 134640K->18928K(134656K)] 381661K->286037K(441344K), 0.0302090 secs] [Times: user=0.24 sys=0.00, real=0.03 secs] 
198.449: Total time for which application threads were stopped: 0.0303780 seconds, Stopping threads took: 0.0000830 seconds
198.497: Application time: 0.0483530 seconds
198.498: [GC [PSYoungGen: 134640K->18912K(134656K)] 401749K->309066K(441344K), 0.0328560 secs] [Times: user=0.24 sys=0.00, real=0.03 secs] 
198.531: [Full GC [PSYoungGen: 18912K->0K(134656K)] [ParOldGen: 290154K->123583K(306688K)] 309066K->123583K(441344K) [PSPermGen: 9150K->9150K(21504K)], 0.1421270 secs] [Times: user=1.05 sys=0.00, real=0.15 secs] 
198.673: Total time for which application threads were stopped: 0.1752000 seconds, Stopping threads took: 0.0000720 seconds
198.717: Application time: 0.0438510 seconds
198.717: [GC [PSYoungGen: 115712K->18935K(134656K)] 239295K->150707K(441344K), 0.0149350 secs] [Times: user=0.11 sys=0.00, real=0.02 secs] 
198.732: Total time for which application threads were stopped: 0.0151140 seconds, Stopping threads took: 0.0000920 seconds
198.783: Application time: 0.0516790 seconds
198.783: [GC [PSYoungGen: 134647K->18912K(134656K)] 266419K->174016K(441344K), 0.0249680 secs] [Times: user=0.19 sys=0.00, real=0.02 secs] 
198.808: Total time for which application threads were stopped: 0.0251300 seconds, Stopping threads took: 0.0000610 seconds
198.856: Application time: 0.0473470 seconds
198.856: [GC [PSYoungGen: 134624K->18912K(134656K)] 289728K->198081K(441344K), 0.0269060 secs] [Times: user=0.21 sys=0.00, real=0.03 secs] 
198.883: Total time for which application threads were stopped: 0.0270460 seconds, Stopping threads took: 0.0000520 seconds
198.929: Application time: 0.0458650 seconds
198.929: [GC [PSYoungGen: 134624K->18928K(134656K)] 313793K->225732K(441344K), 0.0309650 secs] [Times: user=0.24 sys=0.00, real=0.04 secs] 
198.960: Total time for which application threads were stopped: 0.0311370 seconds, Stopping threads took: 0.0000850 seconds
199.016: Application time: 0.0561530 seconds
199.016: [GC [PSYoungGen: 134640K->18912K(134656K)] 341444K->243850K(441344K), 0.0297150 secs] [Times: user=0.23 sys=0.00, real=0.03 secs] 
199.046: Total time for which application threads were stopped: 0.0298740 seconds, Stopping threads took: 0.0000670 seconds
199.099: Application time: 0.0526660 seconds
199.099: [GC [PSYoungGen: 134624K->18912K(134656K)] 359562K->260778K(441344K), 0.0292540 secs] [Times: user=0.19 sys=0.04, real=0.03 secs] 
199.128: Total time for which application threads were stopped: 0.0294410 seconds, Stopping threads took: 0.0001010 seconds
199.181: Application time: 0.0534170 seconds
199.182: [GC [PSYoungGen: 134624K->18928K(134656K)] 376490K->282305K(441344K), 0.0316080 secs] [Times: user=0.25 sys=0.00, real=0.03 secs] 
199.213: Total time for which application threads were stopped: 0.0317800 seconds, Stopping threads took: 0.0000840 seconds
199.262: Application time: 0.0483680 seconds
199.262: [GC [PSYoungGen: 134577K->18912K(134656K)] 397955K->305565K(441344K), 0.0322160 secs] [Times: user=0.26 sys=0.00, real=0.03 secs] 
199.294: [Full GC [PSYoungGen: 18912K->0K(134656K)] [ParOldGen: 286652K->123056K(306688K)] 305565K->123056K(441344K) [PSPermGen: 9150K->9150K(21504K)], 0.1420390 secs] [Times: user=1.04 sys=0.00, real=0.14 secs] 
199.436: Total time for which application threads were stopped: 0.1744880 seconds, Stopping threads took: 0.0000790 seconds
199.480: Application time: 0.0444000 seconds
199.481: [GC [PSYoungGen: 115712K->18919K(134656K)] 238768K->150528K(441344K), 0.0152210 secs] [Times: user=0.12 sys=0.00, real=0.01 secs] 
199.496: Total time for which application threads were stopped: 0.0154250 seconds, Stopping threads took: 0.0001040 seconds
199.549: Application time: 0.0534350 seconds
199.549: [GC [PSYoungGen: 134631K->18928K(134656K)] 266240K->174222K(441344K), 0.0248750 secs] [Times: user=0.20 sys=0.00, real=0.03 secs] 
199.574: Total time for which application threads were stopped: 0.0250660 seconds, Stopping threads took: 0.0001040 seconds
199.622: Application time: 0.0471800 seconds
199.622: [GC [PSYoungGen: 134640K->18928K(134656K)] 289934K->197041K(441344K), 0.0262980 secs] [Times: user=0.21 sys=0.00, real=0.02 secs] 
199.648: Total time for which application threads were stopped: 0.0264780 seconds, Stopping threads took: 0.0000890 seconds
199.693: Application time: 0.0453210 seconds
199.694: [GC [PSYoungGen: 134640K->18928K(134656K)] 312753K->223354K(441344K), 0.0300510 secs] [Times: user=0.24 sys=0.00, real=0.03 secs] 
199.724: Total time for which application threads were stopped: 0.0302270 seconds, Stopping threads took: 0.0000870 seconds
199.781: Application time: 0.0575420 seconds
199.782: [GC [PSYoungGen: 134640K->18912K(134656K)] 339066K->242743K(441344K), 0.0305230 secs] [Times: user=0.24 sys=0.00, real=0.03 secs] 
199.813: Total time for which application threads were stopped: 0.0316560 seconds, Stopping threads took: 0.0010470 seconds
199.865: Application time: 0.0526110 seconds
199.866: [GC [PSYoungGen: 134624K->18912K(134656K)] 358455K->259435K(441344K), 0.0277290 secs] [Times: user=0.22 sys=0.00, real=0.03 secs] 
199.893: Total time for which application threads were stopped: 0.0279180 seconds, Stopping threads took: 0.0001000 seconds
199.944: Application time: 0.0509750 seconds
199.944: [GC [PSYoungGen: 134624K->18912K(134656K)] 375147K->282532K(441344K), 0.0324620 secs] [Times: user=0.25 sys=0.00, real=0.03 secs] 
199.977: Total time for which application threads were stopped: 0.0326030 seconds, Stopping threads took: 0.0000540 seconds
200.025: Application time: 0.0477420 seconds
200.025: [GC [PSYoungGen: 134624K->18928K(134656K)] 398244K->307389K(441344K), 0.0325130 secs] [Times: user=0.26 sys=0.00, real=0.03 secs] 
200.057: [Full GC [PSYoungGen: 18928K->0K(134656K)] [ParOldGen: 288461K->128583K(306688K)] 307389K->128583K(441344K) [PSPermGen: 9150K->9150K(21504K)], 0.1493810 secs] [Times: user=1.11 sys=0.00, real=0.15 secs] 
200.207: Total time for which application threads were stopped: 0.1821480 seconds, Stopping threads took: 0.0000900 seconds
200.252: Application time: 0.0456000 seconds
200.253: [GC [PSYoungGen: 115712K->18912K(134656K)] 244295K->154172K(441344K), 0.0150060 secs] [Times: user=0.12 sys=0.00, real=0.01 secs] 
200.268: Total time for which application threads were stopped: 0.0152020 seconds, Stopping threads took: 0.0000970 seconds
200.320: Application time: 0.0523280 seconds
200.320: [GC [PSYoungGen: 134624K->18912K(134656K)] 269884K->176488K(441344K), 0.0242130 secs] [Times: user=0.19 sys=0.00, real=0.02 secs] 
200.344: Total time for which application threads were stopped: 0.0243800 seconds, Stopping threads took: 0.0000790 seconds
200.392: Application time: 0.0478760 seconds
200.392: [GC [PSYoungGen: 134624K->18928K(134656K)] 292200K->198667K(441344K), 0.0264800 secs] [Times: user=0.21 sys=0.00, real=0.02 secs] 
200.419: Total time for which application threads were stopped: 0.0266370 seconds, Stopping threads took: 0.0000700 seconds
200.464: Application time: 0.0447670 seconds
200.464: [GC [PSYoungGen: 134640K->18928K(134656K)] 314379K->225257K(441344K), 0.0301500 secs] [Times: user=0.23 sys=0.00, real=0.03 secs] 
200.494: Total time for which application threads were stopped: 0.0302940 seconds, Stopping threads took: 0.0000550 seconds
200.548: Application time: 0.0542410 seconds
200.548: [GC [PSYoungGen: 134640K->18912K(134656K)] 340969K->247081K(441344K), 0.0314350 secs] [Times: user=0.24 sys=0.00, real=0.04 secs] 
200.580: Total time for which application threads were stopped: 0.0316110 seconds, Stopping threads took: 0.0000830 seconds
200.633: Application time: 0.0529680 seconds
200.633: [GC [PSYoungGen: 134624K->18912K(134656K)] 362793K->261488K(441344K), 0.0271660 secs] [Times: user=0.22 sys=0.00, real=0.03 secs] 
200.660: Total time for which application threads were stopped: 0.0273640 seconds, Stopping threads took: 0.0001140 seconds
200.710: Application time: 0.0494880 seconds
200.710: [GC [PSYoungGen: 134624K->18912K(134656K)] 377200K->284700K(441344K), 0.0310980 secs] [Times: user=0.25 sys=0.00, real=0.04 secs] 
200.741: Total time for which application threads were stopped: 0.0312700 seconds, Stopping threads took: 0.0000840 seconds
200.787: Application time: 0.0460050 seconds
200.787: [GC [PSYoungGen: 134624K->18912K(134656K)] 400412K->311545K(441344K), 0.0335320 secs] [Times: user=0.26 sys=0.00, real=0.04 secs] 
200.821: [Full GC [PSYoungGen: 18912K->0K(134656K)] [ParOldGen: 292632K->130289K(306688K)] 311545K->130289K(441344K) [PSPermGen: 9150K->9150K(21504K)], 0.1510560 secs] [Times: user=1.12 sys=0.00, real=0.15 secs] 
200.972: Total time for which application threads were stopped: 0.1848320 seconds, Stopping threads took: 0.0000920 seconds
201.021: Application time: 0.0494360 seconds
201.021: [GC [PSYoungGen: 115712K->18912K(134656K)] 246001K->153916K(441344K), 0.0151220 secs] [Times: user=0.12 sys=0.00, real=0.01 secs] 
201.036: Total time for which application threads were stopped: 0.0152960 seconds, Stopping threads took: 0.0000860 seconds
201.090: Application time: 0.0533520 seconds
201.090: [GC [PSYoungGen: 134624K->18912K(134656K)] 269628K->176121K(441344K), 0.0247660 secs] [Times: user=0.19 sys=0.00, real=0.03 secs] 
201.115: Total time for which application threads were stopped: 0.0249470 seconds, Stopping threads took: 0.0000720 seconds
201.163: Application time: 0.0487050 seconds
201.164: [GC [PSYoungGen: 134453K->18928K(134656K)] 291663K->199372K(441344K), 0.0274810 secs] [Times: user=0.22 sys=0.00, real=0.02 secs] 
201.191: Total time for which application threads were stopped: 0.0276860 seconds, Stopping threads took: 0.0001140 seconds
201.237: Application time: 0.0455020 seconds
201.237: [GC [PSYoungGen: 134640K->18928K(134656K)] 315084K->225402K(441344K), 0.0303840 secs] [Times: user=0.24 sys=0.00, real=0.03 secs] 
201.267: Total time for which application threads were stopped: 0.0305710 seconds, Stopping threads took: 0.0000980 seconds
201.322: Application time: 0.0542820 seconds
201.322: [GC [PSYoungGen: 134640K->18928K(134656K)] 341114K->246686K(441344K), 0.0325290 secs] [Times: user=0.26 sys=0.00, real=0.03 secs] 
201.354: Total time for which application threads were stopped: 0.0327030 seconds, Stopping threads took: 0.0000850 seconds
201.410: Application time: 0.0561340 seconds
201.410: [GC [PSYoungGen: 134640K->18912K(134656K)] 362398K->261870K(441344K), 0.0282940 secs] [Times: user=0.22 sys=0.00, real=0.03 secs] 
201.439: Total time for which application threads were stopped: 0.0284680 seconds, Stopping threads took: 0.0000860 seconds
201.487: Application time: 0.0484880 seconds
201.487: [GC [PSYoungGen: 134558K->18912K(134656K)] 377516K->284876K(441344K), 0.0311430 secs] [Times: user=0.24 sys=0.00, real=0.03 secs] 
201.519: Total time for which application threads were stopped: 0.0313170 seconds, Stopping threads took: 0.0000880 seconds
201.566: Application time: 0.0471480 seconds
201.566: [GC [PSYoungGen: 134624K->18912K(134656K)] 400588K->311618K(441344K), 0.0333580 secs] [Times: user=0.26 sys=0.00, real=0.03 secs] 
201.599: [Full GC [PSYoungGen: 18912K->0K(134656K)] [ParOldGen: 292706K->129461K(306688K)] 311618K->129461K(441344K) [PSPermGen: 9150K->9150K(21504K)], 0.1506160 secs] [Times: user=1.12 sys=0.00, real=0.15 secs] 
201.752: Total time for which application threads were stopped: 0.1858270 seconds, Stopping threads took: 0.0000800 seconds
201.796: Application time: 0.0440250 seconds
201.796: [GC [PSYoungGen: 115712K->18928K(134656K)] 245173K->154241K(441344K), 0.0140810 secs] [Times: user=0.11 sys=0.00, real=0.01 secs] 
201.810: Total time for which application threads were stopped: 0.0142590 seconds, Stopping threads took: 0.0000720 seconds
201.861: Application time: 0.0508250 seconds
201.861: [GC [PSYoungGen: 134640K->18912K(134656K)] 269953K->177423K(441344K), 0.0243330 secs] [Times: user=0.20 sys=0.00, real=0.02 secs] 
201.885: Total time for which application threads were stopped: 0.0245380 seconds, Stopping threads took: 0.0001170 seconds
201.934: Application time: 0.0485650 seconds
201.934: [GC [PSYoungGen: 134624K->18912K(134656K)] 293135K->199977K(441344K), 0.0265100 secs] [Times: user=0.21 sys=0.00, real=0.03 secs] 
201.961: Total time for which application threads were stopped: 0.0266980 seconds, Stopping threads took: 0.0001010 seconds
202.008: Application time: 0.0469810 seconds
202.008: [GC [PSYoungGen: 134591K->18928K(134656K)] 315656K->225982K(441344K), 0.0309370 secs] [Times: user=0.24 sys=0.00, real=0.03 secs] 
202.039: Total time for which application threads were stopped: 0.0310930 seconds, Stopping threads took: 0.0000730 seconds
202.091: Application time: 0.0523690 seconds
202.091: [GC [PSYoungGen: 134640K->18912K(134656K)] 341694K->248078K(441344K), 0.0326350 secs] [Times: user=0.26 sys=0.00, real=0.04 secs] 
202.124: Total time for which application threads were stopped: 0.0328080 seconds, Stopping threads took: 0.0000840 seconds
202.181: Application time: 0.0567380 seconds
202.181: [GC [PSYoungGen: 134624K->18912K(134656K)] 363790K->261878K(441344K), 0.0282620 secs] [Times: user=0.22 sys=0.00, real=0.02 secs] 
202.209: Total time for which application threads were stopped: 0.0284180 seconds, Stopping threads took: 0.0000690 seconds
202.257: Application time: 0.0478220 seconds
202.257: [GC [PSYoungGen: 134624K->18912K(134656K)] 377590K->285109K(441344K), 0.0298820 secs] [Times: user=0.23 sys=0.00, real=0.03 secs] 
202.287: Total time for which application threads were stopped: 0.0300350 seconds, Stopping threads took: 0.0000650 seconds
202.334: Application time: 0.0472140 seconds
202.334: [GC [PSYoungGen: 134624K->18928K(134656K)] 400821K->312275K(441344K), 0.0335280 secs] [Times: user=0.27 sys=0.00, real=0.03 secs] 
202.368: [Full GC [PSYoungGen: 18928K->0K(134656K)] [ParOldGen: 293347K->128082K(306688K)] 312275K->128082K(441344K) [PSPermGen: 9150K->9150K(21504K)], 0.1483020 secs] [Times: user=1.09 sys=0.00, real=0.15 secs] 
202.516: Total time for which application threads were stopped: 0.1820720 seconds, Stopping threads took: 0.0000810 seconds
202.562: Application time: 0.0461210 seconds
202.562: [GC [PSYoungGen: 115712K->18928K(134656K)] 243794K->153776K(441344K), 0.0163070 secs] [Times: user=0.12 sys=0.00, real=0.01 secs] 
202.579: Total time for which application threads were stopped: 0.0165000 seconds, Stopping threads took: 0.0001010 seconds
202.631: Application time: 0.0525240 seconds
202.631: [GC [PSYoungGen: 134640K->18912K(134656K)] 269488K->177004K(441344K), 0.0251270 secs] [Times: user=0.19 sys=0.00, real=0.03 secs] 
202.657: Total time for which application threads were stopped: 0.0253440 seconds, Stopping threads took: 0.0001280 seconds
202.710: Application time: 0.0529220 seconds
202.710: [GC [PSYoungGen: 134624K->18928K(134656K)] 292716K->197646K(441344K), 0.0273970 secs] [Times: user=0.22 sys=0.00, real=0.03 secs] 
202.737: Total time for which application threads were stopped: 0.0275700 seconds, Stopping threads took: 0.0000830 seconds
202.781: Application time: 0.0438110 seconds
202.781: [GC [PSYoungGen: 134640K->18912K(134656K)] 313358K->224301K(441344K), 0.0298090 secs] [Times: user=0.23 sys=0.00, real=0.02 secs] 
202.811: Total time for which application threads were stopped: 0.0299820 seconds, Stopping threads took: 0.0000850 seconds
202.866: Application time: 0.0546880 seconds
202.866: [GC [PSYoungGen: 134624K->18928K(134656K)] 340013K->248357K(441344K), 0.0336470 secs] [Times: user=0.26 sys=0.00, real=0.03 secs] 
202.899: Total time for which application threads were stopped: 0.0338410 seconds, Stopping threads took: 0.0000970 seconds
202.957: Application time: 0.0578010 seconds
202.957: [GC [PSYoungGen: 134640K->18912K(134656K)] 364069K->259834K(441344K), 0.0272570 secs] [Times: user=0.21 sys=0.00, real=0.03 secs] 
202.985: Total time for which application threads were stopped: 0.0274600 seconds, Stopping threads took: 0.0001180 seconds
203.034: Application time: 0.0497260 seconds
203.035: [GC [PSYoungGen: 134624K->18928K(134656K)] 375546K->281592K(441344K), 0.0306390 secs] [Times: user=0.24 sys=0.00, real=0.03 secs] 
203.065: Total time for which application threads were stopped: 0.0308000 seconds, Stopping threads took: 0.0000710 seconds
203.114: Application time: 0.0490720 seconds
203.114: [GC [PSYoungGen: 134640K->18928K(134656K)] 397304K->305669K(441344K), 0.0320480 secs] [Times: user=0.25 sys=0.00, real=0.03 secs] 
203.147: [Full GC [PSYoungGen: 18928K->0K(134656K)] [ParOldGen: 286741K->123868K(306688K)] 305669K->123868K(441344K) [PSPermGen: 9150K->9150K(21504K)], 0.1435000 secs] [Times: user=1.06 sys=0.00, real=0.14 secs] 
203.290: Total time for which application threads were stopped: 0.1757700 seconds, Stopping threads took: 0.0000650 seconds
203.332: Application time: 0.0423580 seconds
203.333: [GC [PSYoungGen: 115712K->18935K(134656K)] 239580K->154117K(441344K), 0.0161780 secs] [Times: user=0.13 sys=0.00, real=0.01 secs] 
203.349: Total time for which application threads were stopped: 0.0163510 seconds, Stopping threads took: 0.0000870 seconds
203.398: Application time: 0.0489670 seconds
203.398: [GC [PSYoungGen: 134647K->18928K(134656K)] 269829K->179617K(441344K), 0.0256950 secs] [Times: user=0.20 sys=0.00, real=0.03 secs] 
203.424: Total time for which application threads were stopped: 0.0259020 seconds, Stopping threads took: 0.0001060 seconds
203.475: Application time: 0.0509460 seconds
203.475: [GC [PSYoungGen: 134640K->18912K(134656K)] 295329K->199705K(441344K), 0.0253410 secs] [Times: user=0.20 sys=0.00, real=0.03 secs] 
203.500: Total time for which application threads were stopped: 0.0255250 seconds, Stopping threads took: 0.0000950 seconds
203.545: Application time: 0.0453250 seconds
203.546: [GC [PSYoungGen: 134624K->18912K(134656K)] 315417K->228520K(441344K), 0.0293770 secs] [Times: user=0.23 sys=0.00, real=0.03 secs] 
203.575: Total time for which application threads were stopped: 0.0295800 seconds, Stopping threads took: 0.0001150 seconds
203.630: Application time: 0.0547440 seconds
203.630: [GC [PSYoungGen: 134624K->18912K(134656K)] 344232K->249842K(441344K), 0.0307940 secs] [Times: user=0.23 sys=0.00, real=0.04 secs] 
203.661: Total time for which application threads were stopped: 0.0309720 seconds, Stopping threads took: 0.0000960 seconds
203.717: Application time: 0.0559970 seconds
203.720: [GC [PSYoungGen: 134624K->18928K(134656K)] 365554K->261284K(441344K), 0.0245210 secs] [Times: user=0.20 sys=0.00, real=0.02 secs] 
203.744: Total time for which application threads were stopped: 0.0273940 seconds, Stopping threads took: 0.0027770 seconds
203.797: Application time: 0.0531680 seconds
203.797: [GC [PSYoungGen: 134640K->18912K(134656K)] 376996K->280722K(441344K), 0.0289340 secs] [Times: user=0.22 sys=0.00, real=0.03 secs] 
203.826: Total time for which application threads were stopped: 0.0291140 seconds, Stopping threads took: 0.0000930 seconds
203.874: Application time: 0.0474540 seconds
203.874: [GC [PSYoungGen: 134624K->18928K(134656K)] 396434K->303179K(441344K), 0.0300420 secs] [Times: user=0.24 sys=0.00, real=0.03 secs] 
203.904: [Full GC [PSYoungGen: 18928K->0K(134656K)] [ParOldGen: 284251K->119707K(306688K)] 303179K->119707K(441344K) [PSPermGen: 9150K->9150K(21504K)], 0.1365910 secs] [Times: user=1.00 sys=0.00, real=0.14 secs] 
204.041: Total time for which application threads were stopped: 0.1668620 seconds, Stopping threads took: 0.0000870 seconds
204.084: Application time: 0.0431830 seconds
204.084: [GC [PSYoungGen: 115712K->18930K(134656K)] 235419K->150946K(441344K), 0.0164170 secs] [Times: user=0.13 sys=0.00, real=0.02 secs] 
204.101: Total time for which application threads were stopped: 0.0166320 seconds, Stopping threads took: 0.0001180 seconds
204.149: Application time: 0.0481530 seconds
204.149: [GC [PSYoungGen: 134642K->18928K(134656K)] 266658K->178557K(441344K), 0.0260330 secs] [Times: user=0.20 sys=0.00, real=0.03 secs] 
204.175: Total time for which application threads were stopped: 0.0262110 seconds, Stopping threads took: 0.0000910 seconds
204.224: Application time: 0.0490940 seconds
204.224: [GC [PSYoungGen: 134640K->18912K(134656K)] 294269K->200172K(441344K), 0.0256800 secs] [Times: user=0.20 sys=0.00, real=0.02 secs] 
204.250: Total time for which application threads were stopped: 0.0258390 seconds, Stopping threads took: 0.0000680 seconds
204.295: Application time: 0.0454970 seconds
204.296: [GC [PSYoungGen: 134624K->18912K(134656K)] 315884K->226877K(441344K), 0.0289160 secs] [Times: user=0.23 sys=0.00, real=0.03 secs] 
204.325: Total time for which application threads were stopped: 0.0291090 seconds, Stopping threads took: 0.0000970 seconds
204.378: Application time: 0.0537690 seconds
204.378: [GC [PSYoungGen: 134624K->18912K(134656K)] 342589K->247591K(441344K), 0.0291260 secs] [Times: user=0.23 sys=0.00, real=0.03 secs] 
204.408: Total time for which application threads were stopped: 0.0293330 seconds, Stopping threads took: 0.0001230 seconds
204.465: Application time: 0.0578190 seconds
204.466: [GC [PSYoungGen: 134624K->18928K(134656K)] 363303K->259332K(441344K), 0.0258370 secs] [Times: user=0.21 sys=0.00, real=0.02 secs] 
204.491: Total time for which application threads were stopped: 0.0260240 seconds, Stopping threads took: 0.0001040 seconds
204.544: Application time: 0.0529740 seconds
204.545: [GC [PSYoungGen: 134640K->18912K(134656K)] 375044K->277525K(441344K), 0.0285840 secs] [Times: user=0.23 sys=0.00, real=0.03 secs] 
204.573: Total time for which application threads were stopped: 0.0287400 seconds, Stopping threads took: 0.0000670 seconds
204.621: Application time: 0.0482330 seconds
204.622: [GC [PSYoungGen: 134624K->18912K(134656K)] 393237K->300725K(441344K), 0.0305230 secs] [Times: user=0.24 sys=0.00, real=0.03 secs] 
204.652: [Full GC [PSYoungGen: 18912K->0K(134656K)] [ParOldGen: 281813K->112544K(306688K)] 300725K->112544K(441344K) [PSPermGen: 9150K->9150K(21504K)], 0.1232260 secs] [Times: user=0.90 sys=0.00, real=0.12 secs] 
204.775: Total time for which application threads were stopped: 0.1539930 seconds, Stopping threads took: 0.0000800 seconds
204.815: Application time: 0.0393790 seconds
204.815: [GC [PSYoungGen: 115712K->18928K(134656K)] 228256K->142409K(441344K), 0.0151100 secs] [Times: user=0.12 sys=0.00, real=0.01 secs] 
204.830: Total time for which application threads were stopped: 0.0153080 seconds, Stopping threads took: 0.0001110 seconds
204.878: Application time: 0.0474080 seconds
204.878: [GC [PSYoungGen: 134640K->18912K(134656K)] 258121K->171581K(441344K), 0.0264610 secs] [Times: user=0.21 sys=0.00, real=0.03 secs] 
204.904: Total time for which application threads were stopped: 0.0266480 seconds, Stopping threads took: 0.0000920 seconds
204.951: Application time: 0.0467750 seconds
204.951: [GC [PSYoungGen: 134624K->18912K(134656K)] 287293K->195943K(441344K), 0.0275480 secs] [Times: user=0.22 sys=0.00, real=0.03 secs] 
204.979: Total time for which application threads were stopped: 0.0277460 seconds, Stopping threads took: 0.0001070 seconds
205.028: Application time: 0.0489470 seconds
205.028: [GC [PSYoungGen: 134624K->18912K(134656K)] 311655K->221818K(441344K), 0.0310580 secs] [Times: user=0.24 sys=0.00, real=0.03 secs] 
205.059: Total time for which application threads were stopped: 0.0312640 seconds, Stopping threads took: 0.0001160 seconds
205.114: Application time: 0.0550990 seconds
205.116: [GC [PSYoungGen: 134624K->18928K(134656K)] 337530K->242537K(441344K), 0.0309170 secs] [Times: user=0.25 sys=0.00, real=0.03 secs] 
205.147: Total time for which application threads were stopped: 0.0326110 seconds, Stopping threads took: 0.0016090 seconds
205.207: Application time: 0.0606100 seconds
205.212: [GC [PSYoungGen: 134640K->18912K(134656K)] 358249K->252191K(441344K), 0.0276990 secs] [Times: user=0.22 sys=0.00, real=0.02 secs] 
205.239: Total time for which application threads were stopped: 0.0321470 seconds, Stopping threads took: 0.0043500 seconds
205.291: Application time: 0.0515950 seconds
205.291: [GC [PSYoungGen: 134624K->18928K(134656K)] 367903K->269427K(441344K), 0.0301550 secs] [Times: user=0.23 sys=0.00, real=0.04 secs] 
205.321: Total time for which application threads were stopped: 0.0303480 seconds, Stopping threads took: 0.0001040 seconds
205.369: Application time: 0.0481460 seconds
205.370: [GC [PSYoungGen: 134640K->18928K(134656K)] 385139K->295096K(441344K), 0.0346870 secs] [Times: user=0.27 sys=0.00, real=0.04 secs] 
205.404: [Full GC [PSYoungGen: 18928K->0K(134656K)] [ParOldGen: 276168K->119280K(306688K)] 295096K->119280K(441344K) [PSPermGen: 9150K->9150K(21504K)], 0.1366120 secs] [Times: user=0.99 sys=0.01, real=0.14 secs] 
205.541: Total time for which application threads were stopped: 0.1715340 seconds, Stopping threads took: 0.0000920 seconds
205.582: Application time: 0.0408860 seconds
205.582: [GC [PSYoungGen: 115648K->18928K(134656K)] 234928K->148984K(441344K), 0.0166350 secs] [Times: user=0.12 sys=0.00, real=0.01 secs] 
205.599: Total time for which application threads were stopped: 0.0168320 seconds, Stopping threads took: 0.0001150 seconds
205.646: Application time: 0.0470490 seconds
205.646: [GC [PSYoungGen: 134640K->18928K(134656K)] 264696K->176512K(441344K), 0.0256780 secs] [Times: user=0.21 sys=0.00, real=0.03 secs] 
205.672: Total time for which application threads were stopped: 0.0258420 seconds, Stopping threads took: 0.0000770 seconds
205.718: Application time: 0.0468580 seconds
205.719: [GC [PSYoungGen: 134640K->18928K(134656K)] 292224K->203079K(441344K), 0.0283150 secs] [Times: user=0.22 sys=0.00, real=0.03 secs] 
205.747: Total time for which application threads were stopped: 0.0284980 seconds, Stopping threads took: 0.0000800 seconds
205.793: Application time: 0.0461840 seconds
205.793: [GC [PSYoungGen: 134640K->18912K(134656K)] 318791K->229049K(441344K), 0.0300840 secs] [Times: user=0.24 sys=0.00, real=0.03 secs] 
205.823: Total time for which application threads were stopped: 0.0302700 seconds, Stopping threads took: 0.0001010 seconds
205.880: Application time: 0.0563400 seconds
205.884: [GC [PSYoungGen: 134624K->18912K(134656K)] 344761K->248065K(441344K), 0.0290400 secs] [Times: user=0.23 sys=0.00, real=0.03 secs] 
205.913: Total time for which application threads were stopped: 0.0328850 seconds, Stopping threads took: 0.0037570 seconds
205.974: Application time: 0.0613910 seconds
205.974: [GC [PSYoungGen: 134624K->18928K(134656K)] 363777K->257463K(441344K), 0.0251950 secs] [Times: user=0.20 sys=0.00, real=0.02 secs] 
205.999: Total time for which application threads were stopped: 0.0253610 seconds, Stopping threads took: 0.0000840 seconds
206.049: Application time: 0.0500440 seconds
206.050: [GC [PSYoungGen: 134640K->18928K(134656K)] 373175K->275107K(441344K), 0.0273770 secs] [Times: user=0.22 sys=0.00, real=0.03 secs] 
206.077: Total time for which application threads were stopped: 0.0275510 seconds, Stopping threads took: 0.0000830 seconds
206.125: Application time: 0.0481030 seconds
206.128: [GC [PSYoungGen: 134640K->18928K(134656K)] 390819K->301711K(441344K), 0.0330120 secs] [Times: user=0.26 sys=0.00, real=0.04 secs] 
206.161: [Full GC [PSYoungGen: 18928K->0K(134656K)] [ParOldGen: 282783K->121849K(306688K)] 301711K->121849K(441344K) [PSPermGen: 9150K->9150K(21504K)], 0.1407900 secs] [Times: user=1.05 sys=0.00, real=0.14 secs] 
206.302: Total time for which application threads were stopped: 0.1763860 seconds, Stopping threads took: 0.0024350 seconds
206.344: Application time: 0.0427750 seconds
206.344: [GC [PSYoungGen: 115712K->18936K(134656K)] 237561K->149833K(441344K), 0.0155920 secs] [Times: user=0.12 sys=0.00, real=0.02 secs] 
206.360: Total time for which application threads were stopped: 0.0157990 seconds, Stopping threads took: 0.0001040 seconds
206.406: Application time: 0.0458700 seconds
206.406: [GC [PSYoungGen: 134648K->18928K(134656K)] 265545K->177153K(441344K), 0.0253200 secs] [Times: user=0.20 sys=0.00, real=0.02 secs] 
206.431: Total time for which application threads were stopped: 0.0254620 seconds, Stopping threads took: 0.0000520 seconds
206.481: Application time: 0.0493350 seconds
206.481: [GC [PSYoungGen: 134640K->18912K(134656K)] 292865K->203471K(441344K), 0.0284030 secs] [Times: user=0.22 sys=0.00, real=0.02 secs] 
206.509: Total time for which application threads were stopped: 0.0285940 seconds, Stopping threads took: 0.0000990 seconds
206.557: Application time: 0.0471700 seconds
206.557: [GC [PSYoungGen: 134624K->18912K(134656K)] 319183K->227428K(441344K), 0.0283890 secs] [Times: user=0.22 sys=0.00, real=0.03 secs] 
206.585: Total time for which application threads were stopped: 0.0285360 seconds, Stopping threads took: 0.0000620 seconds
206.638: Application time: 0.0531890 seconds
206.638: [GC [PSYoungGen: 134624K->18912K(134656K)] 343140K->248139K(441344K), 0.0290430 secs] [Times: user=0.23 sys=0.00, real=0.03 secs] 
206.668: Total time for which application threads were stopped: 0.0292490 seconds, Stopping threads took: 0.0001050 seconds
206.727: Application time: 0.0592020 seconds
206.727: [GC [PSYoungGen: 134624K->18928K(134656K)] 363851K->260394K(441344K), 0.0270530 secs] [Times: user=0.21 sys=0.00, real=0.03 secs] 
206.754: Total time for which application threads were stopped: 0.0272240 seconds, Stopping threads took: 0.0000870 seconds
206.803: Application time: 0.0487610 seconds
206.803: [GC [PSYoungGen: 134640K->18912K(134656K)] 376106K->279508K(441344K), 0.0286960 secs] [Times: user=0.23 sys=0.00, real=0.03 secs] 
206.832: Total time for which application threads were stopped: 0.0288900 seconds, Stopping threads took: 0.0001040 seconds
206.882: Application time: 0.0508030 seconds
206.883: [GC [PSYoungGen: 134624K->18928K(134656K)] 395220K->303427K(441344K), 0.0328150 secs] [Times: user=0.25 sys=0.00, real=0.03 secs] 
206.915: [Full GC [PSYoungGen: 18928K->0K(134656K)] [ParOldGen: 284498K->120967K(306688K)] 303427K->120967K(441344K) [PSPermGen: 9150K->9150K(21504K)], 0.1405700 secs] [Times: user=1.04 sys=0.00, real=0.14 secs] 
207.056: Total time for which application threads were stopped: 0.1736280 seconds, Stopping threads took: 0.0000820 seconds
207.100: Application time: 0.0436680 seconds
207.104: [GC [PSYoungGen: 115712K->18936K(134656K)] 236679K->149053K(441344K), 0.0167160 secs] [Times: user=0.11 sys=0.00, real=0.02 secs] 
207.120: Total time for which application threads were stopped: 0.0206720 seconds, Stopping threads took: 0.0038650 seconds
207.166: Application time: 0.0456840 seconds
207.166: [GC [PSYoungGen: 134648K->18928K(134656K)] 264765K->177059K(441344K), 0.0256300 secs] [Times: user=0.20 sys=0.00, real=0.03 secs] 
207.192: Total time for which application threads were stopped: 0.0257850 seconds, Stopping threads took: 0.0000650 seconds
207.242: Application time: 0.0502600 seconds
207.242: [GC [PSYoungGen: 134640K->18928K(134656K)] 292771K->203112K(441344K), 0.0284220 secs] [Times: user=0.23 sys=0.00, real=0.02 secs] 
207.271: Total time for which application threads were stopped: 0.0285860 seconds, Stopping threads took: 0.0000730 seconds
207.319: Application time: 0.0479900 seconds
207.319: [GC [PSYoungGen: 134640K->18912K(134656K)] 318824K->226579K(441344K), 0.0288330 secs] [Times: user=0.22 sys=0.00, real=0.03 secs] 
207.348: Total time for which application threads were stopped: 0.0290140 seconds, Stopping threads took: 0.0000940 seconds
207.399: Application time: 0.0516310 seconds
207.399: [GC [PSYoungGen: 134624K->18928K(134656K)] 342291K->248000K(441344K), 0.0290330 secs] [Times: user=0.23 sys=0.00, real=0.03 secs] 
207.429: Total time for which application threads were stopped: 0.0292230 seconds, Stopping threads took: 0.0000910 seconds
207.488: Application time: 0.0599000 seconds
207.492: [GC [PSYoungGen: 134640K->18912K(134656K)] 363712K->260949K(441344K), 0.0269830 secs] [Times: user=0.21 sys=0.00, real=0.02 secs] 
207.519: Total time for which application threads were stopped: 0.0301830 seconds, Stopping threads took: 0.0031200 seconds
207.567: Application time: 0.0483740 seconds
207.567: [GC [PSYoungGen: 134624K->18928K(134656K)] 376661K->280384K(441344K), 0.0275790 secs] [Times: user=0.22 sys=0.00, real=0.03 secs] 
207.595: Total time for which application threads were stopped: 0.0277400 seconds, Stopping threads took: 0.0000740 seconds
207.644: Application time: 0.0488920 seconds
207.644: [GC [PSYoungGen: 134640K->18912K(134656K)] 396096K->304046K(441344K), 0.0314490 secs] [Times: user=0.25 sys=0.00, real=0.03 secs] 
207.675: [Full GC [PSYoungGen: 18912K->0K(134656K)] [ParOldGen: 285134K->121385K(306688K)] 304046K->121385K(441344K) [PSPermGen: 9150K->9150K(21504K)], 0.1379440 secs] [Times: user=1.01 sys=0.00, real=0.14 secs] 
207.813: Total time for which application threads were stopped: 0.1696130 seconds, Stopping threads took: 0.0000750 seconds
207.857: Application time: 0.0433310 seconds
207.857: [GC [PSYoungGen: 115712K->18916K(134656K)] 237097K->149325K(441344K), 0.0149530 secs] [Times: user=0.12 sys=0.00, real=0.02 secs] 
207.872: Total time for which application threads were stopped: 0.0151010 seconds, Stopping threads took: 0.0000600 seconds
207.916: Application time: 0.0443420 seconds
207.916: [GC [PSYoungGen: 134628K->18928K(134656K)] 265037K->176829K(441344K), 0.0253400 secs] [Times: user=0.20 sys=0.00, real=0.03 secs] 
207.942: Total time for which application threads were stopped: 0.0255060 seconds, Stopping threads took: 0.0000660 seconds
207.991: Application time: 0.0491700 seconds
207.991: [GC [PSYoungGen: 134640K->18912K(134656K)] 292541K->203616K(441344K), 0.0292580 secs] [Times: user=0.22 sys=0.00, real=0.04 secs] 
208.020: Total time for which application threads were stopped: 0.0294300 seconds, Stopping threads took: 0.0000810 seconds
208.069: Application time: 0.0488130 seconds
208.069: [GC [PSYoungGen: 134624K->18912K(134656K)] 319328K->226286K(441344K), 0.0289330 secs] [Times: user=0.22 sys=0.00, real=0.03 secs] 
208.098: Total time for which application threads were stopped: 0.0291000 seconds, Stopping threads took: 0.0000780 seconds
208.152: Application time: 0.0542720 seconds
208.153: [GC [PSYoungGen: 134624K->18928K(134656K)] 341998K->246692K(441344K), 0.0299300 secs] [Times: user=0.23 sys=0.00, real=0.03 secs] 
208.182: Total time for which application threads were stopped: 0.0301100 seconds, Stopping threads took: 0.0000890 seconds
208.239: Application time: 0.0562690 seconds
208.239: [GC [PSYoungGen: 134640K->18928K(134656K)] 362404K->262416K(441344K), 0.0279330 secs] [Times: user=0.23 sys=0.00, real=0.03 secs] 
208.267: Total time for which application threads were stopped: 0.0281110 seconds, Stopping threads took: 0.0000950 seconds
208.316: Application time: 0.0489700 seconds
208.316: [GC [PSYoungGen: 134640K->18912K(134656K)] 378128K->281649K(441344K), 0.0282310 secs] [Times: user=0.22 sys=0.00, real=0.03 secs] 
208.344: Total time for which application threads were stopped: 0.0284190 seconds, Stopping threads took: 0.0000910 seconds
208.396: Application time: 0.0518800 seconds
208.396: [GC [PSYoungGen: 134624K->18912K(134656K)] 397361K->304936K(441344K), 0.0324850 secs] [Times: user=0.26 sys=0.00, real=0.03 secs] 
208.429: [Full GC [PSYoungGen: 18912K->0K(134656K)] [ParOldGen: 286024K->129267K(306688K)] 304936K->129267K(441344K) [PSPermGen: 9150K->9150K(21504K)], 0.1574360 secs] [Times: user=1.16 sys=0.00, real=0.16 secs] 
208.586: Total time for which application threads were stopped: 0.1901520 seconds, Stopping threads took: 0.0000850 seconds
208.633: Application time: 0.0465310 seconds
208.633: [GC [PSYoungGen: 115712K->18943K(134656K)] 244979K->154768K(441344K), 0.0140660 secs] [Times: user=0.11 sys=0.00, real=0.01 secs] 
208.647: Total time for which application threads were stopped: 0.0142570 seconds, Stopping threads took: 0.0000920 seconds
208.690: Application time: 0.0432710 seconds
208.690: [GC [PSYoungGen: 134655K->18912K(134656K)] 270480K->183390K(441344K), 0.0251700 secs] [Times: user=0.20 sys=0.00, real=0.03 secs] 
208.716: Total time for which application threads were stopped: 0.0253480 seconds, Stopping threads took: 0.0000890 seconds
208.765: Application time: 0.0492150 seconds
208.765: [GC [PSYoungGen: 134624K->18912K(134656K)] 299102K->210097K(441344K), 0.0289740 secs] [Times: user=0.23 sys=0.00, real=0.03 secs] 
208.794: Total time for which application threads were stopped: 0.0291480 seconds, Stopping threads took: 0.0000860 seconds
208.842: Application time: 0.0482130 seconds
208.842: [GC [PSYoungGen: 134624K->18912K(134656K)] 325809K->233422K(441344K), 0.0301760 secs] [Times: user=0.22 sys=0.00, real=0.03 secs] 
208.873: Total time for which application threads were stopped: 0.0303660 seconds, Stopping threads took: 0.0001040 seconds
208.927: Application time: 0.0545310 seconds
208.927: [GC [PSYoungGen: 134624K->18912K(134656K)] 349134K->251209K(441344K), 0.0286600 secs] [Times: user=0.22 sys=0.01, real=0.03 secs] 
208.956: Total time for which application threads were stopped: 0.0288120 seconds, Stopping threads took: 0.0000620 seconds
209.010: Application time: 0.0535010 seconds
209.010: [GC [PSYoungGen: 134624K->18912K(134656K)] 366921K->269439K(441344K), 0.0285080 secs] [Times: user=0.22 sys=0.00, real=0.03 secs] 
209.038: Total time for which application threads were stopped: 0.0287050 seconds, Stopping threads took: 0.0001060 seconds
209.088: Application time: 0.0501020 seconds
209.092: [GC [PSYoungGen: 134624K->18928K(134656K)] 385151K->290203K(441344K), 0.0300830 secs] [Times: user=0.23 sys=0.00, real=0.03 secs] 
209.122: Total time for which application threads were stopped: 0.0334010 seconds, Stopping threads took: 0.0032270 seconds
209.173: Application time: 0.0515750 seconds
209.173: [GC [PSYoungGen: 134640K->18912K(134656K)] 405915K->311649K(441344K), 0.0307080 secs] [Times: user=0.25 sys=0.00, real=0.03 secs] 
209.204: [Full GC [PSYoungGen: 18912K->0K(134656K)] [ParOldGen: 292736K->127597K(306688K)] 311649K->127597K(441344K) [PSPermGen: 9150K->9150K(21504K)], 0.1477990 secs] [Times: user=1.09 sys=0.00, real=0.15 secs] 
209.352: Total time for which application threads were stopped: 0.1787580 seconds, Stopping threads took: 0.0000820 seconds
209.398: Application time: 0.0454510 seconds
209.398: [GC [PSYoungGen: 115712K->18923K(134656K)] 243309K->154728K(441344K), 0.0150400 secs] [Times: user=0.12 sys=0.00, real=0.02 secs] 
209.413: Total time for which application threads were stopped: 0.0152390 seconds, Stopping threads took: 0.0001110 seconds
209.458: Application time: 0.0457170 seconds
209.459: [GC [PSYoungGen: 134635K->18928K(134656K)] 270440K->183574K(441344K), 0.0266100 secs] [Times: user=0.21 sys=0.00, real=0.03 secs] 
209.485: Total time for which application threads were stopped: 0.0267780 seconds, Stopping threads took: 0.0000790 seconds
209.533: Application time: 0.0479200 seconds
209.533: [GC [PSYoungGen: 134640K->18928K(134656K)] 299286K->208623K(441344K), 0.0278200 secs] [Times: user=0.22 sys=0.00, real=0.03 secs] 
209.561: Total time for which application threads were stopped: 0.0280030 seconds, Stopping threads took: 0.0000950 seconds
209.611: Application time: 0.0498470 seconds
209.611: [GC [PSYoungGen: 134640K->18912K(134656K)] 324335K->232165K(441344K), 0.0301700 secs] [Times: user=0.24 sys=0.00, real=0.04 secs] 
209.641: Total time for which application threads were stopped: 0.0303360 seconds, Stopping threads took: 0.0000800 seconds
209.697: Application time: 0.0558630 seconds
209.697: [GC [PSYoungGen: 134624K->18928K(134656K)] 347877K->250434K(441344K), 0.0295850 secs] [Times: user=0.23 sys=0.00, real=0.03 secs] 
209.727: Total time for which application threads were stopped: 0.0297780 seconds, Stopping threads took: 0.0000890 seconds
209.784: Application time: 0.0572900 seconds
209.784: [GC [PSYoungGen: 134640K->18928K(134656K)] 366146K->267566K(441344K), 0.0271900 secs] [Times: user=0.21 sys=0.00, real=0.03 secs] 
209.812: Total time for which application threads were stopped: 0.0273740 seconds, Stopping threads took: 0.0000980 seconds
209.865: Application time: 0.0535520 seconds
209.865: [GC [PSYoungGen: 134640K->18912K(134656K)] 383278K->284890K(441344K), 0.0259370 secs] [Times: user=0.21 sys=0.00, real=0.02 secs] 
209.891: Total time for which application threads were stopped: 0.0261210 seconds, Stopping threads took: 0.0000960 seconds
209.937: Application time: 0.0454170 seconds
209.940: [GC [PSYoungGen: 134604K->18912K(134656K)] 400583K->311448K(441344K), 0.0297830 secs] [Times: user=0.23 sys=0.00, real=0.02 secs] 
209.969: [Full GC [PSYoungGen: 18912K->0K(134656K)] [ParOldGen: 292535K->125975K(306688K)] 311448K->125975K(441344K) [PSPermGen: 9150K->9150K(21504K)], 0.1469510 secs] [Times: user=1.09 sys=0.00, real=0.15 secs] 
210.116: Total time for which application threads were stopped: 0.1796760 seconds, Stopping threads took: 0.0027900 seconds
210.162: Application time: 0.0450750 seconds
210.162: [GC [PSYoungGen: 115712K->18913K(134656K)] 241687K->155500K(441344K), 0.0167550 secs] [Times: user=0.13 sys=0.00, real=0.01 secs] 
210.178: Total time for which application threads were stopped: 0.0169360 seconds, Stopping threads took: 0.0000950 seconds
210.227: Application time: 0.0483970 seconds
210.227: [GC [PSYoungGen: 134625K->18927K(134656K)] 271212K->180107K(441344K), 0.0248070 secs] [Times: user=0.19 sys=0.00, real=0.03 secs] 
210.252: Total time for which application threads were stopped: 0.0249930 seconds, Stopping threads took: 0.0000860 seconds
210.298: Application time: 0.0460510 seconds
210.298: [GC [PSYoungGen: 134639K->18943K(134656K)] 295819K->205035K(441344K), 0.0269110 secs] [Times: user=0.21 sys=0.00, real=0.03 secs] 
210.325: Total time for which application threads were stopped: 0.0270880 seconds, Stopping threads took: 0.0000930 seconds
210.375: Application time: 0.0501510 seconds
210.375: [GC [PSYoungGen: 134655K->18913K(134656K)] 320747K->230592K(441344K), 0.0308500 secs] [Times: user=0.24 sys=0.00, real=0.03 secs] 
210.406: Total time for which application threads were stopped: 0.0310310 seconds, Stopping threads took: 0.0000940 seconds
210.461: Application time: 0.0545480 seconds
210.461: [GC [PSYoungGen: 134625K->18929K(134656K)] 346304K->248818K(441344K), 0.0285500 secs] [Times: user=0.23 sys=0.00, real=0.02 secs] 
210.489: Total time for which application threads were stopped: 0.0287410 seconds, Stopping threads took: 0.0001010 seconds
210.545: Application time: 0.0556090 seconds
210.545: [GC [PSYoungGen: 134641K->18929K(134656K)] 364530K->265965K(441344K), 0.0286270 secs] [Times: user=0.23 sys=0.00, real=0.03 secs] 
210.574: Total time for which application threads were stopped: 0.0287900 seconds, Stopping threads took: 0.0000800 seconds
210.628: Application time: 0.0539940 seconds
210.628: [GC [PSYoungGen: 134641K->18928K(134656K)] 381677K->282059K(441344K), 0.0274500 secs] [Times: user=0.21 sys=0.00, real=0.03 secs] 
210.656: Total time for which application threads were stopped: 0.0276440 seconds, Stopping threads took: 0.0000980 seconds
210.700: Application time: 0.0439910 seconds
210.700: [GC [PSYoungGen: 134640K->18912K(134656K)] 397771K->307976K(441344K), 0.0312030 secs] [Times: user=0.24 sys=0.00, real=0.02 secs] 
210.731: [Full GC [PSYoungGen: 18912K->0K(134656K)] [ParOldGen: 289063K->125206K(306688K)] 307976K->125206K(441344K) [PSPermGen: 9150K->9150K(21504K)], 0.1432990 secs] [Times: user=1.06 sys=0.00, real=0.15 secs] 
210.874: Total time for which application threads were stopped: 0.1747350 seconds, Stopping threads took: 0.0000820 seconds
210.921: Application time: 0.0466890 seconds
210.921: [GC [PSYoungGen: 115712K->18939K(134656K)] 240918K->154742K(441344K), 0.0177180 secs] [Times: user=0.14 sys=0.00, real=0.01 secs] 
210.939: Total time for which application threads were stopped: 0.0179280 seconds, Stopping threads took: 0.0001060 seconds
210.985: Application time: 0.0464930 seconds
210.986: [GC [PSYoungGen: 134651K->18928K(134656K)] 270454K->180412K(441344K), 0.0256910 secs] [Times: user=0.20 sys=0.00, real=0.02 secs] 
211.011: Total time for which application threads were stopped: 0.0258780 seconds, Stopping threads took: 0.0000990 seconds
211.061: Application time: 0.0499440 seconds
211.061: [GC [PSYoungGen: 134640K->18912K(134656K)] 296124K->204266K(441344K), 0.0275410 secs] [Times: user=0.22 sys=0.00, real=0.02 secs] 
211.089: Total time for which application threads were stopped: 0.0277150 seconds, Stopping threads took: 0.0000870 seconds
211.136: Application time: 0.0468350 seconds
211.136: [GC [PSYoungGen: 134624K->18928K(134656K)] 319978K->227405K(441344K), 0.0285220 secs] [Times: user=0.21 sys=0.00, real=0.03 secs] 
211.164: Total time for which application threads were stopped: 0.0286790 seconds, Stopping threads took: 0.0000700 seconds
211.217: Application time: 0.0529860 seconds
211.218: [GC [PSYoungGen: 134640K->18928K(134656K)] 343117K->250104K(441344K), 0.0307460 secs] [Times: user=0.24 sys=0.00, real=0.03 secs] 
211.248: Total time for which application threads were stopped: 0.0309110 seconds, Stopping threads took: 0.0000780 seconds
211.304: Application time: 0.0555160 seconds
211.304: [GC [PSYoungGen: 134640K->18912K(134656K)] 365816K->266560K(441344K), 0.0291860 secs] [Times: user=0.23 sys=0.00, real=0.03 secs] 
211.333: Total time for which application threads were stopped: 0.0293320 seconds, Stopping threads took: 0.0000600 seconds
211.390: Application time: 0.0569330 seconds
211.390: [GC [PSYoungGen: 134624K->18912K(134656K)] 382272K->280409K(441344K), 0.0275390 secs] [Times: user=0.22 sys=0.00, real=0.03 secs] 
211.418: Total time for which application threads were stopped: 0.0277050 seconds, Stopping threads took: 0.0000780 seconds
211.460: Application time: 0.0419960 seconds
211.460: [GC [PSYoungGen: 134548K->18912K(134656K)] 396045K->308382K(441344K), 0.0322980 secs] [Times: user=0.26 sys=0.00, real=0.03 secs] 
211.492: [Full GC [PSYoungGen: 18912K->0K(134656K)] [ParOldGen: 289470K->125939K(306688K)] 308382K->125939K(441344K) [PSPermGen: 9150K->9150K(21504K)], 0.1435900 secs] [Times: user=1.05 sys=0.00, real=0.14 secs] 
211.636: Total time for which application threads were stopped: 0.1761390 seconds, Stopping threads took: 0.0000890 seconds
211.683: Application time: 0.0474510 seconds
211.684: [GC [PSYoungGen: 115712K->18928K(134656K)] 241651K->152859K(441344K), 0.0164820 secs] [Times: user=0.13 sys=0.00, real=0.02 secs] 
211.700: Total time for which application threads were stopped: 0.0167670 seconds, Stopping threads took: 0.0002000 seconds
211.743: Application time: 0.0431720 seconds
211.744: [GC [PSYoungGen: 134640K->18928K(134656K)] 268571K->179277K(441344K), 0.0250280 secs] [Times: user=0.20 sys=0.00, real=0.02 secs] 
211.769: Total time for which application threads were stopped: 0.0251990 seconds, Stopping threads took: 0.0000830 seconds
211.822: Application time: 0.0533120 seconds
211.822: [GC [PSYoungGen: 134640K->18912K(134656K)] 294989K->203396K(441344K), 0.0297950 secs] [Times: user=0.23 sys=0.00, real=0.03 secs] 
211.852: Total time for which application threads were stopped: 0.0299450 seconds, Stopping threads took: 0.0000510 seconds
211.900: Application time: 0.0482740 seconds
211.904: [GC [PSYoungGen: 134624K->18912K(134656K)] 319108K->226440K(441344K), 0.0288970 secs] [Times: user=0.23 sys=0.00, real=0.03 secs] 
211.933: Total time for which application threads were stopped: 0.0324300 seconds, Stopping threads took: 0.0034430 seconds
211.984: Application time: 0.0518970 seconds
211.985: [GC [PSYoungGen: 134624K->18928K(134656K)] 342152K->250537K(441344K), 0.0313900 secs] [Times: user=0.25 sys=0.00, real=0.03 secs] 
212.016: Total time for which application threads were stopped: 0.0315760 seconds, Stopping threads took: 0.0000870 seconds
212.071: Application time: 0.0552650 seconds
212.071: [GC [PSYoungGen: 134640K->18928K(134656K)] 366249K->266438K(441344K), 0.0293380 secs] [Times: user=0.23 sys=0.00, real=0.04 secs] 
212.101: Total time for which application threads were stopped: 0.0295090 seconds, Stopping threads took: 0.0000850 seconds
212.160: Application time: 0.0588040 seconds
212.160: [GC [PSYoungGen: 134640K->18928K(134656K)] 382150K->280541K(441344K), 0.0281080 secs] [Times: user=0.23 sys=0.00, real=0.02 secs] 
212.188: Total time for which application threads were stopped: 0.0282600 seconds, Stopping threads took: 0.0000640 seconds
212.232: Application time: 0.0437180 seconds
212.232: [GC [PSYoungGen: 134640K->18912K(134656K)] 396253K->307506K(441344K), 0.0330430 secs] [Times: user=0.26 sys=0.00, real=0.03 secs] 
212.265: [Full GC [PSYoungGen: 18912K->0K(134656K)] [ParOldGen: 288593K->124572K(306688K)] 307506K->124572K(441344K) [PSPermGen: 9150K->9150K(21504K)], 0.1422610 secs] [Times: user=1.05 sys=0.00, real=0.14 secs] 
212.407: Total time for which application threads were stopped: 0.1755320 seconds, Stopping threads took: 0.0000870 seconds
212.452: Application time: 0.0449000 seconds
212.452: [GC [PSYoungGen: 115712K->18935K(134656K)] 240284K->151946K(441344K), 0.0164140 secs] [Times: user=0.13 sys=0.00, real=0.01 secs] 
212.469: Total time for which application threads were stopped: 0.0165990 seconds, Stopping threads took: 0.0000980 seconds
212.513: Application time: 0.0439610 seconds
212.513: [GC [PSYoungGen: 134647K->18912K(134656K)] 267658K->179295K(441344K), 0.0255130 secs] [Times: user=0.20 sys=0.00, real=0.02 secs] 
212.538: Total time for which application threads were stopped: 0.0256880 seconds, Stopping threads took: 0.0000690 seconds
212.591: Application time: 0.0523440 seconds
212.591: [GC [PSYoungGen: 134624K->18912K(134656K)] 295007K->202433K(441344K), 0.0286860 secs] [Times: user=0.23 sys=0.00, real=0.03 secs] 
212.620: Total time for which application threads were stopped: 0.0288910 seconds, Stopping threads took: 0.0001040 seconds
212.667: Application time: 0.0479520 seconds
212.668: [GC [PSYoungGen: 134624K->18912K(134656K)] 318145K->224208K(441344K), 0.0278480 secs] [Times: user=0.21 sys=0.00, real=0.03 secs] 
212.696: Total time for which application threads were stopped: 0.0280490 seconds, Stopping threads took: 0.0000980 seconds
212.744: Application time: 0.0485200 seconds
212.744: [GC [PSYoungGen: 134624K->18928K(134656K)] 339920K->249669K(441344K), 0.0327960 secs] [Times: user=0.23 sys=0.00, real=0.03 secs] 
212.777: Total time for which application threads were stopped: 0.0329680 seconds, Stopping threads took: 0.0000840 seconds
212.833: Application time: 0.0559490 seconds
212.833: [GC [PSYoungGen: 134640K->18928K(134656K)] 365381K->266081K(441344K), 0.0294120 secs] [Times: user=0.23 sys=0.00, real=0.03 secs] 
212.863: Total time for which application threads were stopped: 0.0296170 seconds, Stopping threads took: 0.0001220 seconds
212.917: Application time: 0.0547820 seconds
212.918: [GC [PSYoungGen: 134640K->18912K(134656K)] 381793K->280953K(441344K), 0.0277010 secs] [Times: user=0.22 sys=0.00, real=0.03 secs] 
212.945: Total time for which application threads were stopped: 0.0278960 seconds, Stopping threads took: 0.0001080 seconds
212.990: Application time: 0.0447260 seconds
212.990: [GC [PSYoungGen: 134624K->18928K(134656K)] 396665K->307160K(441344K), 0.0328190 secs] [Times: user=0.25 sys=0.00, real=0.04 secs] 
213.023: [Full GC [PSYoungGen: 18928K->0K(134656K)] [ParOldGen: 288232K->124309K(306688K)] 307160K->124309K(441344K) [PSPermGen: 9150K->9150K(21504K)], 0.1468470 secs] [Times: user=1.07 sys=0.00, real=0.14 secs] 
213.170: Total time for which application threads were stopped: 0.1798780 seconds, Stopping threads took: 0.0000610 seconds
213.215: Application time: 0.0450600 seconds
213.215: [GC [PSYoungGen: 115712K->18912K(134656K)] 240021K->150794K(441344K), 0.0155940 secs] [Times: user=0.12 sys=0.00, real=0.01 secs] 
213.231: Total time for which application threads were stopped: 0.0157870 seconds, Stopping threads took: 0.0000960 seconds
213.274: Application time: 0.0431860 seconds
213.274: [GC [PSYoungGen: 134624K->18918K(134656K)] 266506K->177753K(441344K), 0.0248640 secs] [Times: user=0.19 sys=0.00, real=0.02 secs] 
213.299: Total time for which application threads were stopped: 0.0250540 seconds, Stopping threads took: 0.0001010 seconds
213.352: Application time: 0.0529840 seconds
213.352: [GC [PSYoungGen: 134630K->18918K(134656K)] 293465K->200716K(441344K), 0.0290640 secs] [Times: user=0.22 sys=0.00, real=0.03 secs] 
213.381: Total time for which application threads were stopped: 0.0292280 seconds, Stopping threads took: 0.0000770 seconds
213.430: Application time: 0.0490020 seconds
213.430: [GC [PSYoungGen: 134630K->18918K(134656K)] 316428K->221478K(441344K), 0.0272350 secs] [Times: user=0.21 sys=0.00, real=0.03 secs] 
213.458: Total time for which application threads were stopped: 0.0274000 seconds, Stopping threads took: 0.0000750 seconds
213.504: Application time: 0.0459730 seconds
213.504: [GC [PSYoungGen: 134630K->18918K(134656K)] 337190K->248754K(441344K), 0.0321150 secs] [Times: user=0.25 sys=0.00, real=0.03 secs] 
213.536: Total time for which application threads were stopped: 0.0322900 seconds, Stopping threads took: 0.0000790 seconds
213.594: Application time: 0.0582300 seconds
213.594: [GC [PSYoungGen: 134630K->18934K(134656K)] 364466K->266399K(441344K), 0.0311200 secs] [Times: user=0.24 sys=0.00, real=0.03 secs] 
213.625: Total time for which application threads were stopped: 0.0312790 seconds, Stopping threads took: 0.0000750 seconds
213.684: Application time: 0.0587300 seconds
213.684: [GC [PSYoungGen: 134646K->18928K(134656K)] 382111K->279247K(441344K), 0.0280850 secs] [Times: user=0.22 sys=0.00, real=0.03 secs] 
213.712: Total time for which application threads were stopped: 0.0282540 seconds, Stopping threads took: 0.0000820 seconds
213.755: Application time: 0.0429900 seconds
213.756: [GC [PSYoungGen: 134640K->18928K(134656K)] 394959K->306505K(441344K), 0.0327360 secs] [Times: user=0.26 sys=0.00, real=0.03 secs] 
213.788: [Full GC [PSYoungGen: 18928K->0K(134656K)] [ParOldGen: 287577K->124609K(306688K)] 306505K->124609K(441344K) [PSPermGen: 9150K->9150K(21504K)], 0.1409500 secs] [Times: user=1.04 sys=0.00, real=0.14 secs] 
213.929: Total time for which application threads were stopped: 0.1739350 seconds, Stopping threads took: 0.0000850 seconds
213.976: Application time: 0.0463520 seconds
213.976: [GC [PSYoungGen: 115712K->18928K(134656K)] 240321K->152912K(441344K), 0.0172600 secs] [Times: user=0.13 sys=0.00, real=0.02 secs] 
213.993: Total time for which application threads were stopped: 0.0174140 seconds, Stopping threads took: 0.0000670 seconds
214.041: Application time: 0.0484230 seconds
214.042: [GC [PSYoungGen: 134640K->18928K(134656K)] 268624K->175754K(441344K), 0.0246800 secs] [Times: user=0.20 sys=0.00, real=0.02 secs] 
214.066: Total time for which application threads were stopped: 0.0248560 seconds, Stopping threads took: 0.0000900 seconds
214.116: Application time: 0.0495530 seconds
214.116: [GC [PSYoungGen: 134640K->18928K(134656K)] 291466K->200490K(441344K), 0.0287180 secs] [Times: user=0.22 sys=0.00, real=0.03 secs] 
214.145: Total time for which application threads were stopped: 0.0288960 seconds, Stopping threads took: 0.0000900 seconds
214.196: Application time: 0.0508730 seconds
214.196: [GC [PSYoungGen: 134640K->18912K(134656K)] 316202K->223795K(441344K), 0.0294630 secs] [Times: user=0.23 sys=0.00, real=0.03 secs] 
214.225: Total time for which application threads were stopped: 0.0296460 seconds, Stopping threads took: 0.0000970 seconds
214.270: Application time: 0.0445150 seconds
214.272: [GC [PSYoungGen: 134623K->18912K(134656K)] 339506K->248957K(441344K), 0.0297980 secs] [Times: user=0.22 sys=0.00, real=0.03 secs] 
214.301: Total time for which application threads were stopped: 0.0316150 seconds, Stopping threads took: 0.0017170 seconds
214.359: Application time: 0.0574520 seconds
214.359: [GC [PSYoungGen: 134624K->18928K(134656K)] 364669K->267645K(441344K), 0.0311020 secs] [Times: user=0.25 sys=0.00, real=0.03 secs] 
214.390: Total time for which application threads were stopped: 0.0312960 seconds, Stopping threads took: 0.0001150 seconds
214.444: Application time: 0.0539130 seconds
214.444: [GC [PSYoungGen: 134515K->18928K(134656K)] 383232K->281495K(441344K), 0.0269860 secs] [Times: user=0.21 sys=0.00, real=0.02 secs] 
214.471: Total time for which application threads were stopped: 0.0271500 seconds, Stopping threads took: 0.0000780 seconds
214.516: Application time: 0.0448250 seconds
214.516: [GC [PSYoungGen: 134640K->18912K(134656K)] 397207K->306922K(441344K), 0.0317880 secs] [Times: user=0.24 sys=0.01, real=0.03 secs] 
214.548: [Full GC [PSYoungGen: 18912K->0K(134656K)] [ParOldGen: 288010K->125076K(306688K)] 306922K->125076K(441344K) [PSPermGen: 9150K->9150K(21504K)], 0.1432470 secs] [Times: user=1.05 sys=0.00, real=0.14 secs] 
214.691: Total time for which application threads were stopped: 0.1752760 seconds, Stopping threads took: 0.0000860 seconds
214.739: Application time: 0.0479970 seconds
214.740: [GC [PSYoungGen: 115712K->18922K(134656K)] 240788K->152450K(441344K), 0.0169370 secs] [Times: user=0.13 sys=0.00, real=0.01 secs] 
214.757: Total time for which application threads were stopped: 0.0171520 seconds, Stopping threads took: 0.0001170 seconds
214.804: Application time: 0.0478560 seconds
214.805: [GC [PSYoungGen: 134634K->18928K(134656K)] 268162K->175722K(441344K), 0.0245230 secs] [Times: user=0.19 sys=0.00, real=0.02 secs] 
214.829: Total time for which application threads were stopped: 0.0246990 seconds, Stopping threads took: 0.0000760 seconds
214.878: Application time: 0.0490250 seconds
214.878: [GC [PSYoungGen: 134640K->18912K(134656K)] 291434K->199975K(441344K), 0.0289620 secs] [Times: user=0.23 sys=0.00, real=0.03 secs] 
214.907: Total time for which application threads were stopped: 0.0291510 seconds, Stopping threads took: 0.0000960 seconds
214.957: Application time: 0.0494240 seconds
214.957: [GC [PSYoungGen: 134612K->18928K(134656K)] 315675K->222570K(441344K), 0.0284890 secs] [Times: user=0.23 sys=0.00, real=0.03 secs] 
214.985: Total time for which application threads were stopped: 0.0286690 seconds, Stopping threads took: 0.0000930 seconds
215.030: Application time: 0.0448860 seconds
215.030: [GC [PSYoungGen: 134640K->18928K(134656K)] 338282K->249574K(441344K), 0.0312770 secs] [Times: user=0.24 sys=0.00, real=0.04 secs] 
215.062: Total time for which application threads were stopped: 0.0314610 seconds, Stopping threads took: 0.0000950 seconds
215.122: Application time: 0.0605090 seconds
215.122: [GC [PSYoungGen: 134640K->18912K(134656K)] 365286K->269256K(441344K), 0.0333010 secs] [Times: user=0.27 sys=0.00, real=0.03 secs] 
215.156: Total time for which application threads were stopped: 0.0334870 seconds, Stopping threads took: 0.0001000 seconds
215.215: Application time: 0.0591940 seconds
215.215: [GC [PSYoungGen: 134624K->18928K(134656K)] 384968K->281529K(441344K), 0.0259990 secs] [Times: user=0.20 sys=0.00, real=0.03 secs] 
215.241: Total time for which application threads were stopped: 0.0261700 seconds, Stopping threads took: 0.0000870 seconds
215.286: Application time: 0.0446610 seconds
215.286: [GC [PSYoungGen: 134640K->18912K(134656K)] 397241K->307243K(441344K), 0.0312070 secs] [Times: user=0.24 sys=0.00, real=0.03 secs] 
215.317: [Full GC [PSYoungGen: 18912K->0K(134656K)] [ParOldGen: 288331K->121765K(306688K)] 307243K->121765K(441344K) [PSPermGen: 9150K->9150K(21504K)], 0.1360050 secs] [Times: user=1.01 sys=0.00, real=0.14 secs] 
215.453: Total time for which application threads were stopped: 0.1674290 seconds, Stopping threads took: 0.0000710 seconds
215.498: Application time: 0.0447380 seconds
215.498: [GC [PSYoungGen: 115712K->18936K(134656K)] 237477K->150660K(441344K), 0.0168230 secs] [Times: user=0.13 sys=0.00, real=0.02 secs] 
215.515: Total time for which application threads were stopped: 0.0170400 seconds, Stopping threads took: 0.0001170 seconds
215.563: Application time: 0.0478030 seconds
215.563: [GC [PSYoungGen: 134648K->18928K(134656K)] 266372K->174759K(441344K), 0.0250230 secs] [Times: user=0.20 sys=0.00, real=0.02 secs] 
215.588: Total time for which application threads were stopped: 0.0252020 seconds, Stopping threads took: 0.0000850 seconds
215.642: Application time: 0.0537120 seconds
215.642: [GC [PSYoungGen: 134640K->18912K(134656K)] 290471K->197530K(441344K), 0.0286420 secs] [Times: user=0.23 sys=0.00, real=0.02 secs] 
215.671: Total time for which application threads were stopped: 0.0288050 seconds, Stopping threads took: 0.0000780 seconds
215.720: Application time: 0.0492860 seconds
215.720: [GC [PSYoungGen: 134624K->18912K(134656K)] 313242K->217135K(441344K), 0.0268380 secs] [Times: user=0.21 sys=0.00, real=0.02 secs] 
215.747: Total time for which application threads were stopped: 0.0270070 seconds, Stopping threads took: 0.0000790 seconds
215.791: Application time: 0.0441220 seconds
215.791: [GC [PSYoungGen: 134624K->18928K(134656K)] 332847K->245735K(441344K), 0.0323110 secs] [Times: user=0.25 sys=0.00, real=0.04 secs] 
215.823: Total time for which application threads were stopped: 0.0324750 seconds, Stopping threads took: 0.0000750 seconds
215.880: Application time: 0.0561460 seconds
215.880: [GC [PSYoungGen: 134640K->18912K(134656K)] 361447K->267206K(441344K), 0.0339440 secs] [Times: user=0.27 sys=0.00, real=0.03 secs] 
215.914: Total time for which application threads were stopped: 0.0341250 seconds, Stopping threads took: 0.0000990 seconds
215.967: Application time: 0.0535370 seconds
215.967: [GC [PSYoungGen: 134624K->18928K(134656K)] 382918K->282088K(441344K), 0.0276700 secs] [Times: user=0.21 sys=0.00, real=0.03 secs] 
215.995: Total time for which application threads were stopped: 0.0278410 seconds, Stopping threads took: 0.0000840 seconds
216.040: Application time: 0.0451200 seconds
216.040: [GC [PSYoungGen: 134640K->18928K(134656K)] 397800K->307655K(441344K), 0.0328700 secs] [Times: user=0.25 sys=0.00, real=0.03 secs] 
216.073: [Full GC [PSYoungGen: 18928K->0K(134656K)] [ParOldGen: 288726K->128095K(306688K)] 307655K->128095K(441344K) [PSPermGen: 9150K->9150K(21504K)], 0.1493580 secs] [Times: user=1.09 sys=0.00, real=0.15 secs] 
216.223: Total time for which application threads were stopped: 0.1824720 seconds, Stopping threads took: 0.0000960 seconds
216.273: Application time: 0.0506870 seconds
216.274: [GC [PSYoungGen: 115712K->18928K(134656K)] 243807K->153301K(441344K), 0.0163410 secs] [Times: user=0.13 sys=0.00, real=0.01 secs] 
216.290: Total time for which application threads were stopped: 0.0165360 seconds, Stopping threads took: 0.0001080 seconds
216.336: Application time: 0.0462480 seconds
216.336: [GC [PSYoungGen: 134640K->18928K(134656K)] 269013K->179711K(441344K), 0.0260560 secs] [Times: user=0.20 sys=0.00, real=0.03 secs] 
216.362: Total time for which application threads were stopped: 0.0262410 seconds, Stopping threads took: 0.0000970 seconds
216.416: Application time: 0.0534900 seconds
216.416: [GC [PSYoungGen: 134640K->18928K(134656K)] 295423K->202711K(441344K), 0.0298600 secs] [Times: user=0.23 sys=0.00, real=0.03 secs] 
216.446: Total time for which application threads were stopped: 0.0300230 seconds, Stopping threads took: 0.0000790 seconds
216.500: Application time: 0.0544500 seconds
216.500: [GC [PSYoungGen: 134640K->18928K(134656K)] 318423K->216910K(441344K), 0.0251430 secs] [Times: user=0.20 sys=0.00, real=0.02 secs] 
216.526: Total time for which application threads were stopped: 0.0253400 seconds, Stopping threads took: 0.0000970 seconds
216.570: Application time: 0.0441490 seconds
216.570: [GC [PSYoungGen: 134640K->18928K(134656K)] 332622K->245142K(441344K), 0.0313530 secs] [Times: user=0.25 sys=0.00, real=0.04 secs] 
216.601: Total time for which application threads were stopped: 0.0315180 seconds, Stopping threads took: 0.0000650 seconds
216.653: Application time: 0.0519860 seconds
216.653: [GC [PSYoungGen: 134640K->18912K(134656K)] 360854K->269631K(441344K), 0.0326990 secs] [Times: user=0.26 sys=0.00, real=0.03 secs] 
216.686: Total time for which application threads were stopped: 0.0328860 seconds, Stopping threads took: 0.0000990 seconds
216.738: Application time: 0.0517120 seconds
216.738: [GC [PSYoungGen: 134624K->18928K(134656K)] 385343K->287419K(441344K), 0.0271770 secs] [Times: user=0.21 sys=0.00, real=0.03 secs] 
216.765: Total time for which application threads were stopped: 0.0273660 seconds, Stopping threads took: 0.0001010 seconds
216.808: Application time: 0.0426640 seconds
216.808: [GC [PSYoungGen: 134640K->18912K(134656K)] 403131K->313817K(441344K), 0.0303160 secs] [Times: user=0.24 sys=0.00, real=0.03 secs] 
216.838: [Full GC [PSYoungGen: 18912K->0K(134656K)] [ParOldGen: 294905K->133585K(306688K)] 313817K->133585K(441344K) [PSPermGen: 9150K->9150K(21504K)], 0.1539360 secs] [Times: user=1.14 sys=0.00, real=0.16 secs] 
216.992: Total time for which application threads were stopped: 0.1844440 seconds, Stopping threads took: 0.0000470 seconds
217.044: Application time: 0.0519980 seconds
217.045: [GC [PSYoungGen: 115712K->18912K(134656K)] 249297K->158387K(441344K), 0.0167320 secs] [Times: user=0.13 sys=0.00, real=0.02 secs] 
217.061: Total time for which application threads were stopped: 0.0169060 seconds, Stopping threads took: 0.0000910 seconds
217.108: Application time: 0.0462210 seconds
217.108: [GC [PSYoungGen: 134624K->18912K(134656K)] 274099K->181633K(441344K), 0.0249820 secs] [Times: user=0.18 sys=0.00, real=0.03 secs] 
217.133: Total time for which application threads were stopped: 0.0252530 seconds, Stopping threads took: 0.0001560 seconds
217.185: Application time: 0.0517610 seconds
217.185: [GC [PSYoungGen: 134624K->18928K(134656K)] 297345K->204647K(441344K), 0.0294770 secs] [Times: user=0.23 sys=0.00, real=0.03 secs] 
217.214: Total time for which application threads were stopped: 0.0296580 seconds, Stopping threads took: 0.0000960 seconds
217.268: Application time: 0.0540060 seconds
217.268: [GC [PSYoungGen: 134640K->18912K(134656K)] 320359K->220948K(441344K), 0.0264980 secs] [Times: user=0.21 sys=0.00, real=0.03 secs] 
217.295: Total time for which application threads were stopped: 0.0266690 seconds, Stopping threads took: 0.0000850 seconds
217.339: Application time: 0.0436880 seconds
217.339: [GC [PSYoungGen: 134624K->18928K(134656K)] 336660K->247249K(441344K), 0.0294450 secs] [Times: user=0.24 sys=0.00, real=0.03 secs] 
217.368: Total time for which application threads were stopped: 0.0296010 seconds, Stopping threads took: 0.0000700 seconds
217.419: Application time: 0.0512570 seconds
217.420: [GC [PSYoungGen: 134640K->18912K(134656K)] 362961K->272071K(441344K), 0.0314440 secs] [Times: user=0.25 sys=0.00, real=0.02 secs] 
217.451: Total time for which application threads were stopped: 0.0316110 seconds, Stopping threads took: 0.0000820 seconds
217.501: Application time: 0.0499850 seconds
217.501: [GC [PSYoungGen: 134624K->18912K(134656K)] 387783K->292483K(441344K), 0.0286060 secs] [Times: user=0.23 sys=0.00, real=0.02 secs] 
217.530: [Full GC [PSYoungGen: 18912K->0K(134656K)] [ParOldGen: 273571K->129865K(306688K)] 292483K->129865K(441344K) [PSPermGen: 9150K->9150K(21504K)], 0.1544330 secs] [Times: user=1.13 sys=0.00, real=0.16 secs] 
217.684: Total time for which application threads were stopped: 0.1832750 seconds, Stopping threads took: 0.0000850 seconds
217.730: Application time: 0.0459200 seconds
217.730: [GC [PSYoungGen: 115712K->18922K(134656K)] 245577K->154004K(441344K), 0.0139220 secs] [Times: user=0.11 sys=0.00, real=0.02 secs] 
217.744: Total time for which application threads were stopped: 0.0141280 seconds, Stopping threads took: 0.0000960 seconds
217.795: Application time: 0.0506730 seconds
217.795: [GC [PSYoungGen: 134634K->18912K(134656K)] 269716K->176570K(441344K), 0.0237030 secs] [Times: user=0.18 sys=0.00, real=0.02 secs] 
217.819: Total time for which application threads were stopped: 0.0238810 seconds, Stopping threads took: 0.0000930 seconds
217.866: Application time: 0.0471790 seconds
217.866: [GC [PSYoungGen: 134624K->18928K(134656K)] 292282K->199166K(441344K), 0.0263730 secs] [Times: user=0.21 sys=0.00, real=0.03 secs] 
217.893: Total time for which application threads were stopped: 0.0265310 seconds, Stopping threads took: 0.0000710 seconds
217.942: Application time: 0.0497900 seconds
217.943: [GC [PSYoungGen: 134640K->18928K(134656K)] 314878K->223143K(441344K), 0.0299860 secs] [Times: user=0.23 sys=0.00, real=0.03 secs] 
217.973: Total time for which application threads were stopped: 0.0301480 seconds, Stopping threads took: 0.0000750 seconds
218.024: Application time: 0.0515390 seconds
218.024: [GC [PSYoungGen: 134619K->18912K(134656K)] 338834K->240676K(441344K), 0.0280680 secs] [Times: user=0.22 sys=0.00, real=0.03 secs] 
218.052: Total time for which application threads were stopped: 0.0282520 seconds, Stopping threads took: 0.0000990 seconds
218.096: Application time: 0.0436630 seconds
218.096: [GC [PSYoungGen: 134624K->18928K(134656K)] 356388K->266084K(441344K), 0.0316380 secs] [Times: user=0.24 sys=0.00, real=0.03 secs] 
218.128: Total time for which application threads were stopped: 0.0317970 seconds, Stopping threads took: 0.0000720 seconds
218.179: Application time: 0.0508510 seconds
218.179: [GC [PSYoungGen: 134640K->18912K(134656K)] 381796K->291873K(441344K), 0.0341390 secs] [Times: user=0.27 sys=0.00, real=0.04 secs] 
218.213: [Full GC [PSYoungGen: 18912K->0K(134656K)] [ParOldGen: 272961K->139037K(306688K)] 291873K->139037K(441344K) [PSPermGen: 9150K->9150K(21504K)], 0.1672720 secs] [Times: user=1.25 sys=0.00, real=0.17 secs] 
218.380: Total time for which application threads were stopped: 0.2016480 seconds, Stopping threads took: 0.0000860 seconds
218.431: Application time: 0.0507240 seconds
218.431: [GC [PSYoungGen: 115712K->18942K(134656K)] 254749K->159236K(441344K), 0.0132190 secs] [Times: user=0.11 sys=0.00, real=0.02 secs] 
218.445: Total time for which application threads were stopped: 0.0134150 seconds, Stopping threads took: 0.0000920 seconds
218.490: Application time: 0.0454060 seconds
218.490: [GC [PSYoungGen: 134654K->18922K(134656K)] 274948K->182911K(441344K), 0.0230550 secs] [Times: user=0.18 sys=0.00, real=0.03 secs] 
218.513: Total time for which application threads were stopped: 0.0232540 seconds, Stopping threads took: 0.0001110 seconds
218.564: Application time: 0.0508430 seconds
218.564: [GC [PSYoungGen: 134634K->18912K(134656K)] 298623K->205357K(441344K), 0.0275380 secs] [Times: user=0.22 sys=0.00, real=0.03 secs] 
218.592: Total time for which application threads were stopped: 0.0277190 seconds, Stopping threads took: 0.0000970 seconds
218.639: Application time: 0.0477410 seconds
218.640: [GC [PSYoungGen: 134624K->18928K(134656K)] 321069K->227728K(441344K), 0.0277750 secs] [Times: user=0.22 sys=0.00, real=0.02 secs] 
218.667: Total time for which application threads were stopped: 0.0279720 seconds, Stopping threads took: 0.0001060 seconds
218.718: Application time: 0.0507600 seconds
218.718: [GC [PSYoungGen: 134640K->18912K(134656K)] 343440K->251914K(441344K), 0.0298500 secs] [Times: user=0.24 sys=0.00, real=0.03 secs] 
218.748: Total time for which application threads were stopped: 0.0300490 seconds, Stopping threads took: 0.0001070 seconds
218.805: Application time: 0.0564180 seconds
218.805: [GC [PSYoungGen: 134624K->18912K(134656K)] 367626K->267940K(441344K), 0.0273130 secs] [Times: user=0.21 sys=0.00, real=0.03 secs] 
218.832: Total time for which application threads were stopped: 0.0274860 seconds, Stopping threads took: 0.0000780 seconds
218.876: Application time: 0.0439920 seconds
218.876: [GC [PSYoungGen: 134624K->18912K(134656K)] 383652K->294247K(441344K), 0.0293800 secs] [Times: user=0.23 sys=0.00, real=0.03 secs] 
218.906: [Full GC [PSYoungGen: 18912K->0K(134656K)] [ParOldGen: 275335K->129389K(306688K)] 294247K->129389K(441344K) [PSPermGen: 9150K->9150K(21504K)], 0.1483820 secs] [Times: user=1.10 sys=0.00, real=0.15 secs] 
219.054: Total time for which application threads were stopped: 0.1780390 seconds, Stopping threads took: 0.0001200 seconds
219.105: Application time: 0.0507180 seconds
219.105: [GC [PSYoungGen: 115712K->18912K(134656K)] 245101K->155182K(441344K), 0.0172290 secs] [Times: user=0.13 sys=0.00, real=0.02 secs] 
219.122: Total time for which application threads were stopped: 0.0173780 seconds, Stopping threads took: 0.0000530 seconds
219.172: Application time: 0.0493680 seconds
219.172: [GC [PSYoungGen: 134624K->18928K(134656K)] 270894K->176507K(441344K), 0.0304860 secs] [Times: user=0.23 sys=0.00, real=0.03 secs] 
219.202: Total time for which application threads were stopped: 0.0306250 seconds, Stopping threads took: 0.0000680 seconds
219.247: Application time: 0.0442610 seconds
219.247: [GC [PSYoungGen: 134640K->18928K(134656K)] 292219K->201478K(441344K), 0.0283350 secs] [Times: user=0.22 sys=0.00, real=0.03 secs] 
219.275: Total time for which application threads were stopped: 0.0285170 seconds, Stopping threads took: 0.0000960 seconds
219.327: Application time: 0.0520450 seconds
219.327: [GC [PSYoungGen: 134640K->18912K(134656K)] 317190K->225670K(441344K), 0.0308270 secs] [Times: user=0.24 sys=0.00, real=0.03 secs] 
219.358: Total time for which application threads were stopped: 0.0309920 seconds, Stopping threads took: 0.0000810 seconds
219.408: Application time: 0.0498400 seconds
219.408: [GC [PSYoungGen: 134624K->18928K(134656K)] 341382K->245101K(441344K), 0.0275580 secs] [Times: user=0.21 sys=0.00, real=0.03 secs] 
219.436: Total time for which application threads were stopped: 0.0277200 seconds, Stopping threads took: 0.0000750 seconds
219.483: Application time: 0.0475960 seconds
219.483: [GC [PSYoungGen: 134640K->18912K(134656K)] 360813K->269329K(441344K), 0.0308610 secs] [Times: user=0.24 sys=0.00, real=0.03 secs] 
219.514: Total time for which application threads were stopped: 0.0310310 seconds, Stopping threads took: 0.0000840 seconds
219.569: Application time: 0.0545750 seconds
219.569: [GC [PSYoungGen: 134624K->18912K(134656K)] 385041K->287707K(441344K), 0.0296050 secs] [Times: user=0.23 sys=0.00, real=0.03 secs] 
219.599: Total time for which application threads were stopped: 0.0297780 seconds, Stopping threads took: 0.0000880 seconds
219.644: Application time: 0.0454090 seconds
219.644: [GC [PSYoungGen: 134624K->18928K(134656K)] 403419K->312837K(441344K), 0.0320460 secs] [Times: user=0.25 sys=0.00, real=0.03 secs] 
219.676: [Full GC [PSYoungGen: 18928K->0K(134656K)] [ParOldGen: 293909K->128036K(306688K)] 312837K->128036K(441344K) [PSPermGen: 9150K->9150K(21504K)], 0.1471290 secs] [Times: user=1.09 sys=0.00, real=0.15 secs] 
219.824: Total time for which application threads were stopped: 0.1794430 seconds, Stopping threads took: 0.0000930 seconds
219.871: Application time: 0.0476280 seconds
219.871: [GC [PSYoungGen: 115712K->18928K(134656K)] 243748K->153513K(441344K), 0.0152980 secs] [Times: user=0.12 sys=0.00, real=0.02 secs] 
219.887: Total time for which application threads were stopped: 0.0154790 seconds, Stopping threads took: 0.0000950 seconds
219.935: Application time: 0.0487940 seconds
219.936: [GC [PSYoungGen: 134640K->18928K(134656K)] 269225K->175492K(441344K), 0.0236780 secs] [Times: user=0.18 sys=0.00, real=0.02 secs] 
219.959: Total time for which application threads were stopped: 0.0238540 seconds, Stopping threads took: 0.0000890 seconds
220.005: Application time: 0.0453390 seconds
220.005: [GC [PSYoungGen: 134640K->18928K(134656K)] 291204K->199898K(441344K), 0.0274800 secs] [Times: user=0.21 sys=0.00, real=0.03 secs] 
220.032: Total time for which application threads were stopped: 0.0276410 seconds, Stopping threads took: 0.0000760 seconds
220.084: Application time: 0.0512580 seconds
220.084: [GC [PSYoungGen: 134640K->18912K(134656K)] 315610K->223572K(441344K), 0.0322690 secs] [Times: user=0.24 sys=0.01, real=0.03 secs] 
220.116: Total time for which application threads were stopped: 0.0324360 seconds, Stopping threads took: 0.0000800 seconds
220.167: Application time: 0.0513780 seconds
220.168: [GC [PSYoungGen: 134624K->18912K(134656K)] 339284K->243871K(441344K), 0.0296420 secs] [Times: user=0.23 sys=0.00, real=0.03 secs] 
220.197: Total time for which application threads were stopped: 0.0298180 seconds, Stopping threads took: 0.0000740 seconds
220.246: Application time: 0.0485160 seconds
220.246: [GC [PSYoungGen: 134624K->18912K(134656K)] 359583K->267125K(441344K), 0.0321960 secs] [Times: user=0.26 sys=0.00, real=0.03 secs] 
220.278: Total time for which application threads were stopped: 0.0323650 seconds, Stopping threads took: 0.0000810 seconds
220.333: Application time: 0.0551180 seconds
220.333: [GC [PSYoungGen: 134624K->18928K(134656K)] 382837K->287124K(441344K), 0.0321780 secs] [Times: user=0.26 sys=0.00, real=0.03 secs] 
220.366: Total time for which application threads were stopped: 0.0323560 seconds, Stopping threads took: 0.0000880 seconds
220.416: Application time: 0.0502320 seconds
220.416: [GC [PSYoungGen: 134640K->18912K(134656K)] 402836K->309047K(441344K), 0.0323690 secs] [Times: user=0.25 sys=0.00, real=0.03 secs] 
220.448: [Full GC [PSYoungGen: 18912K->0K(134656K)] [ParOldGen: 290135K->123732K(306688K)] 309047K->123732K(441344K) [PSPermGen: 9150K->9150K(21504K)], 0.1434950 secs] [Times: user=1.06 sys=0.00, real=0.15 secs] 
220.592: Total time for which application threads were stopped: 0.1760840 seconds, Stopping threads took: 0.0000650 seconds
220.639: Application time: 0.0466570 seconds
220.639: [GC [PSYoungGen: 115707K->18920K(134656K)] 239440K->149381K(441344K), 0.0141100 secs] [Times: user=0.11 sys=0.00, real=0.02 secs] 
220.653: Total time for which application threads were stopped: 0.0142910 seconds, Stopping threads took: 0.0000890 seconds
220.701: Application time: 0.0476790 seconds
220.704: [GC [PSYoungGen: 134632K->18938K(134656K)] 265093K->175843K(441344K), 0.0261180 secs] [Times: user=0.20 sys=0.00, real=0.02 secs] 
220.730: Total time for which application threads were stopped: 0.0292810 seconds, Stopping threads took: 0.0030600 seconds
220.778: Application time: 0.0481460 seconds
220.778: [GC [PSYoungGen: 134650K->18922K(134656K)] 291555K->198754K(441344K), 0.0269610 secs] [Times: user=0.21 sys=0.00, real=0.03 secs] 
220.805: Total time for which application threads were stopped: 0.0271310 seconds, Stopping threads took: 0.0000840 seconds
220.855: Application time: 0.0500130 seconds
220.855: [GC [PSYoungGen: 134634K->18938K(134656K)] 314466K->221563K(441344K), 0.0292840 secs] [Times: user=0.23 sys=0.00, real=0.03 secs] 
220.885: Total time for which application threads were stopped: 0.0294570 seconds, Stopping threads took: 0.0000860 seconds
220.937: Application time: 0.0526520 seconds
220.937: [GC [PSYoungGen: 134650K->18922K(134656K)] 337275K->239746K(441344K), 0.0279430 secs] [Times: user=0.21 sys=0.00, real=0.03 secs] 
220.965: Total time for which application threads were stopped: 0.0281120 seconds, Stopping threads took: 0.0000840 seconds
221.012: Application time: 0.0463500 seconds
221.012: [GC [PSYoungGen: 134634K->18922K(134656K)] 355458K->262848K(441344K), 0.0303330 secs] [Times: user=0.24 sys=0.00, real=0.03 secs] 
221.042: Total time for which application threads were stopped: 0.0304990 seconds, Stopping threads took: 0.0000780 seconds
221.095: Application time: 0.0528990 seconds
221.095: [GC [PSYoungGen: 134634K->18938K(134656K)] 378560K->285280K(441344K), 0.0334310 secs] [Times: user=0.26 sys=0.00, real=0.03 secs] 
221.129: Total time for which application threads were stopped: 0.0335970 seconds, Stopping threads took: 0.0000790 seconds
221.180: Application time: 0.0514960 seconds
221.180: [GC [PSYoungGen: 134650K->18922K(134656K)] 400992K->306363K(441344K), 0.0319470 secs] [Times: user=0.25 sys=0.00, real=0.03 secs] 
221.212: [Full GC [PSYoungGen: 18922K->0K(134656K)] [ParOldGen: 287440K->129677K(306688K)] 306363K->129677K(441344K) [PSPermGen: 9150K->9150K(21504K)], 0.1526590 secs] [Times: user=1.14 sys=0.00, real=0.15 secs] 
221.365: Total time for which application threads were stopped: 0.1848400 seconds, Stopping threads took: 0.0000730 seconds
221.410: Application time: 0.0450380 seconds
221.410: [GC [PSYoungGen: 115712K->18913K(134656K)] 245389K->156351K(441344K), 0.0147620 secs] [Times: user=0.11 sys=0.00, real=0.02 secs] 
221.425: Total time for which application threads were stopped: 0.0149310 seconds, Stopping threads took: 0.0000700 seconds
221.472: Application time: 0.0471950 seconds
221.476: [GC [PSYoungGen: 134625K->18928K(134656K)] 272063K->181732K(441344K), 0.0240940 secs] [Times: user=0.19 sys=0.00, real=0.03 secs] 
221.500: Total time for which application threads were stopped: 0.0275810 seconds, Stopping threads took: 0.0034020 seconds
221.549: Application time: 0.0491920 seconds
221.549: [GC [PSYoungGen: 134640K->18928K(134656K)] 297444K->203768K(441344K), 0.0256020 secs] [Times: user=0.21 sys=0.00, real=0.03 secs] 
221.575: Total time for which application threads were stopped: 0.0257720 seconds, Stopping threads took: 0.0000830 seconds
221.624: Application time: 0.0496560 seconds
221.628: [GC [PSYoungGen: 134640K->18912K(134656K)] 319480K->227044K(441344K), 0.0290350 secs] [Times: user=0.22 sys=0.00, real=0.03 secs] 
221.657: Total time for which application threads were stopped: 0.0322940 seconds, Stopping threads took: 0.0031710 seconds
221.713: Application time: 0.0565240 seconds
221.713: [GC [PSYoungGen: 134624K->18928K(134656K)] 342756K->243074K(441344K), 0.0259010 secs] [Times: user=0.20 sys=0.00, real=0.02 secs] 
221.739: Total time for which application threads were stopped: 0.0260490 seconds, Stopping threads took: 0.0000620 seconds
221.784: Application time: 0.0448050 seconds
221.784: [GC [PSYoungGen: 134640K->18928K(134656K)] 358786K->267427K(441344K), 0.0288250 secs] [Times: user=0.22 sys=0.00, real=0.03 secs] 
221.813: Total time for which application threads were stopped: 0.0289880 seconds, Stopping threads took: 0.0000760 seconds
221.866: Application time: 0.0530670 seconds
221.866: [GC [PSYoungGen: 134640K->18928K(134656K)] 383139K->289936K(441344K), 0.0314860 secs] [Times: user=0.25 sys=0.00, real=0.03 secs] 
221.898: Total time for which application threads were stopped: 0.0316540 seconds, Stopping threads took: 0.0000810 seconds
221.945: Application time: 0.0475520 seconds
221.945: [GC [PSYoungGen: 134640K->18928K(134656K)] 405648K->312534K(441344K), 0.0301790 secs] [Times: user=0.24 sys=0.00, real=0.03 secs] 
221.976: [Full GC [PSYoungGen: 18928K->0K(134656K)] [ParOldGen: 293605K->131279K(306688K)] 312534K->131279K(441344K) [PSPermGen: 9150K->9150K(21504K)], 0.1567600 secs] [Times: user=1.15 sys=0.00, real=0.16 secs] 
222.133: Total time for which application threads were stopped: 0.1871590 seconds, Stopping threads took: 0.0000720 seconds
222.181: Application time: 0.0481460 seconds
222.181: [GC [PSYoungGen: 115712K->18942K(134656K)] 246991K->158187K(441344K), 0.0160940 secs] [Times: user=0.12 sys=0.00, real=0.01 secs] 
222.197: Total time for which application threads were stopped: 0.0163360 seconds, Stopping threads took: 0.0001380 seconds
222.246: Application time: 0.0493660 seconds
222.246: [GC [PSYoungGen: 134654K->18928K(134656K)] 273899K->183580K(441344K), 0.0254830 secs] [Times: user=0.20 sys=0.00, real=0.03 secs] 
222.272: Total time for which application threads were stopped: 0.0256650 seconds, Stopping threads took: 0.0000940 seconds
222.324: Application time: 0.0515400 seconds
222.324: [GC [PSYoungGen: 134640K->18912K(134656K)] 299292K->204332K(441344K), 0.0264350 secs] [Times: user=0.20 sys=0.00, real=0.02 secs] 
222.350: Total time for which application threads were stopped: 0.0266010 seconds, Stopping threads took: 0.0000760 seconds
222.399: Application time: 0.0484180 seconds
222.400: [GC [PSYoungGen: 134624K->18928K(134656K)] 320044K->228157K(441344K), 0.0284560 secs] [Times: user=0.22 sys=0.00, real=0.02 secs] 
222.428: Total time for which application threads were stopped: 0.0295440 seconds, Stopping threads took: 0.0009910 seconds
222.482: Application time: 0.0533920 seconds
222.482: [GC [PSYoungGen: 134640K->18928K(134656K)] 343869K->247831K(441344K), 0.0280050 secs] [Times: user=0.22 sys=0.00, real=0.02 secs] 
222.510: Total time for which application threads were stopped: 0.0281920 seconds, Stopping threads took: 0.0000870 seconds
222.556: Application time: 0.0464230 seconds
222.560: [GC [PSYoungGen: 134640K->18928K(134656K)] 363543K->272017K(441344K), 0.0299690 secs] [Times: user=0.24 sys=0.00, real=0.02 secs] 
222.590: Total time for which application threads were stopped: 0.0334810 seconds, Stopping threads took: 0.0034240 seconds
222.647: Application time: 0.0575110 seconds
222.647: [GC [PSYoungGen: 134640K->18928K(134656K)] 387729K->289548K(441344K), 0.0293830 secs] [Times: user=0.23 sys=0.00, real=0.03 secs] 
222.677: Total time for which application threads were stopped: 0.0295560 seconds, Stopping threads took: 0.0000890 seconds
222.724: Application time: 0.0477880 seconds
222.725: [GC [PSYoungGen: 134640K->18912K(134656K)] 405260K->310701K(441344K), 0.0287990 secs] [Times: user=0.23 sys=0.00, real=0.03 secs] 
222.754: [Full GC [PSYoungGen: 18912K->0K(134656K)] [ParOldGen: 291789K->126004K(306688K)] 310701K->126004K(441344K) [PSPermGen: 9150K->9150K(21504K)], 0.1461830 secs] [Times: user=1.06 sys=0.00, real=0.15 secs] 
222.900: Total time for which application threads were stopped: 0.1752520 seconds, Stopping threads took: 0.0001110 seconds
222.946: Application time: 0.0464120 seconds
222.946: [GC [PSYoungGen: 115712K->18918K(134656K)] 241716K->154221K(441344K), 0.0163290 secs] [Times: user=0.13 sys=0.00, real=0.02 secs] 
222.963: Total time for which application threads were stopped: 0.0165370 seconds, Stopping threads took: 0.0001180 seconds
223.009: Application time: 0.0459230 seconds
223.009: [GC [PSYoungGen: 134630K->18912K(134656K)] 269933K->178587K(441344K), 0.0259010 secs] [Times: user=0.19 sys=0.00, real=0.03 secs] 
223.035: Total time for which application threads were stopped: 0.0260780 seconds, Stopping threads took: 0.0000790 seconds
223.088: Application time: 0.0532210 seconds
223.088: [GC [PSYoungGen: 134624K->18912K(134656K)] 294299K->202483K(441344K), 0.0279850 secs] [Times: user=0.22 sys=0.00, real=0.03 secs] 
223.116: Total time for which application threads were stopped: 0.0281520 seconds, Stopping threads took: 0.0000790 seconds
223.166: Application time: 0.0500770 seconds
223.166: [GC [PSYoungGen: 134624K->18928K(134656K)] 318195K->225534K(441344K), 0.0282070 secs] [Times: user=0.22 sys=0.00, real=0.03 secs] 
223.195: Total time for which application threads were stopped: 0.0283670 seconds, Stopping threads took: 0.0000690 seconds
223.244: Application time: 0.0497980 seconds
223.244: [GC [PSYoungGen: 134640K->18928K(134656K)] 341246K->249341K(441344K), 0.0292400 secs] [Times: user=0.22 sys=0.00, real=0.03 secs] 
223.274: Total time for which application threads were stopped: 0.0294010 seconds, Stopping threads took: 0.0000760 seconds
223.322: Application time: 0.0480220 seconds
223.322: [GC [PSYoungGen: 134640K->18928K(134656K)] 365053K->273038K(441344K), 0.0300840 secs] [Times: user=0.23 sys=0.00, real=0.03 secs] 
223.352: Total time for which application threads were stopped: 0.0302620 seconds, Stopping threads took: 0.0000920 seconds
223.411: Application time: 0.0593060 seconds
223.411: [GC [PSYoungGen: 134640K->18928K(134656K)] 388750K->285854K(441344K), 0.0280910 secs] [Times: user=0.22 sys=0.00, real=0.04 secs] 
223.440: Total time for which application threads were stopped: 0.0282470 seconds, Stopping threads took: 0.0000740 seconds
223.488: Application time: 0.0489170 seconds
223.489: [GC [PSYoungGen: 134640K->18912K(134656K)] 401566K->307264K(441344K), 0.0301030 secs] [Times: user=0.23 sys=0.00, real=0.03 secs] 
223.519: [Full GC [PSYoungGen: 18912K->0K(134656K)] [ParOldGen: 288352K->122756K(306688K)] 307264K->122756K(441344K) [PSPermGen: 9150K->9150K(21504K)], 0.1397530 secs] [Times: user=1.03 sys=0.00, real=0.14 secs] 
223.659: Total time for which application threads were stopped: 0.1701080 seconds, Stopping threads took: 0.0000900 seconds
223.704: Application time: 0.0450880 seconds
223.704: [GC [PSYoungGen: 115712K->18930K(134656K)] 238468K->150106K(441344K), 0.0157160 secs] [Times: user=0.12 sys=0.00, real=0.02 secs] 
223.720: Total time for which application threads were stopped: 0.0159330 seconds, Stopping threads took: 0.0001170 seconds
223.765: Application time: 0.0456370 seconds
223.768: [GC [PSYoungGen: 134642K->18928K(134656K)] 265818K->176455K(441344K), 0.0251540 secs] [Times: user=0.19 sys=0.00, real=0.03 secs] 
223.793: Total time for which application threads were stopped: 0.0275310 seconds, Stopping threads took: 0.0022900 seconds
223.843: Application time: 0.0502700 seconds
223.843: [GC [PSYoungGen: 134590K->18928K(134656K)] 292117K->200938K(441344K), 0.0281290 secs] [Times: user=0.22 sys=0.00, real=0.02 secs] 
223.871: Total time for which application threads were stopped: 0.0283020 seconds, Stopping threads took: 0.0000860 seconds
223.919: Application time: 0.0479440 seconds
223.919: [GC [PSYoungGen: 134640K->18928K(134656K)] 316650K->223682K(441344K), 0.0274090 secs] [Times: user=0.22 sys=0.00, real=0.03 secs] 
223.947: Total time for which application threads were stopped: 0.0275760 seconds, Stopping threads took: 0.0000800 seconds
223.996: Application time: 0.0489860 seconds
223.996: [GC [PSYoungGen: 134640K->18912K(134656K)] 339394K->248037K(441344K), 0.0295840 secs] [Times: user=0.23 sys=0.00, real=0.03 secs] 
224.026: Total time for which application threads were stopped: 0.0297310 seconds, Stopping threads took: 0.0000600 seconds
224.074: Application time: 0.0488740 seconds
224.075: [GC [PSYoungGen: 134624K->18912K(134656K)] 363749K->271298K(441344K), 0.0307490 secs] [Times: user=0.24 sys=0.00, real=0.03 secs] 
224.105: Total time for which application threads were stopped: 0.0309160 seconds, Stopping threads took: 0.0000830 seconds
224.166: Application time: 0.0610580 seconds
224.167: [GC [PSYoungGen: 134624K->18928K(134656K)] 387010K->283842K(441344K), 0.0277900 secs] [Times: user=0.22 sys=0.00, real=0.03 secs] 
224.194: Total time for which application threads were stopped: 0.0279520 seconds, Stopping threads took: 0.0000800 seconds
224.245: Application time: 0.0504650 seconds
224.245: [GC [PSYoungGen: 134640K->18912K(134656K)] 399554K->303638K(441344K), 0.0294060 secs] [Times: user=0.23 sys=0.00, real=0.03 secs] 
224.275: [Full GC [PSYoungGen: 18912K->0K(134656K)] [ParOldGen: 284726K->120137K(306688K)] 303638K->120137K(441344K) [PSPermGen: 9150K->9150K(21504K)], 0.1370870 secs] [Times: user=1.01 sys=0.00, real=0.14 secs] 
224.412: Total time for which application threads were stopped: 0.1667450 seconds, Stopping threads took: 0.0000850 seconds
224.455: Application time: 0.0436940 seconds
224.455: [GC [PSYoungGen: 115712K->18919K(134656K)] 235849K->146891K(441344K), 0.0149420 secs] [Times: user=0.11 sys=0.00, real=0.01 secs] 
224.470: Total time for which application threads were stopped: 0.0151260 seconds, Stopping threads took: 0.0000990 seconds
224.515: Application time: 0.0441770 seconds
224.515: [GC [PSYoungGen: 134631K->18928K(134656K)] 262603K->175337K(441344K), 0.0258120 secs] [Times: user=0.20 sys=0.00, real=0.03 secs] 
224.541: Total time for which application threads were stopped: 0.0259820 seconds, Stopping threads took: 0.0000810 seconds
224.592: Application time: 0.0512700 seconds
224.592: [GC [PSYoungGen: 134640K->18912K(134656K)] 291049K->199944K(441344K), 0.0275810 secs] [Times: user=0.22 sys=0.00, real=0.03 secs] 
224.620: Total time for which application threads were stopped: 0.0277260 seconds, Stopping threads took: 0.0000560 seconds
224.667: Application time: 0.0473860 seconds
224.667: [GC [PSYoungGen: 134624K->18928K(134656K)] 315656K->223239K(441344K), 0.0284480 secs] [Times: user=0.22 sys=0.00, real=0.03 secs] 
224.696: Total time for which application threads were stopped: 0.0286040 seconds, Stopping threads took: 0.0000690 seconds
224.744: Application time: 0.0478890 seconds
224.744: [GC [PSYoungGen: 134640K->18928K(134656K)] 338951K->247837K(441344K), 0.0299980 secs] [Times: user=0.23 sys=0.00, real=0.03 secs] 
224.774: Total time for which application threads were stopped: 0.0301680 seconds, Stopping threads took: 0.0000860 seconds
224.823: Application time: 0.0489510 seconds
224.823: [GC [PSYoungGen: 134640K->18928K(134656K)] 363549K->270418K(441344K), 0.0304660 secs] [Times: user=0.24 sys=0.00, real=0.03 secs] 
224.853: Total time for which application threads were stopped: 0.0306630 seconds, Stopping threads took: 0.0000970 seconds
224.914: Application time: 0.0604810 seconds
224.914: [GC [PSYoungGen: 134640K->18928K(134656K)] 386130K->282770K(441344K), 0.0283780 secs] [Times: user=0.22 sys=0.00, real=0.03 secs] 
224.942: Total time for which application threads were stopped: 0.0285920 seconds, Stopping threads took: 0.0001280 seconds
224.996: Application time: 0.0533510 seconds
224.996: [GC [PSYoungGen: 134471K->18912K(134656K)] 398313K->300582K(441344K), 0.0299740 secs] [Times: user=0.24 sys=0.00, real=0.03 secs] 
225.026: [Full GC [PSYoungGen: 18912K->0K(134656K)] [ParOldGen: 281670K->117789K(306688K)] 300582K->117789K(441344K) [PSPermGen: 9150K->9150K(21504K)], 0.1359770 secs] [Times: user=0.99 sys=0.00, real=0.14 secs] 
225.162: Total time for which application threads were stopped: 0.1661980 seconds, Stopping threads took: 0.0000930 seconds
225.206: Application time: 0.0444080 seconds
225.207: [GC [PSYoungGen: 115712K->18929K(134656K)] 233501K->145344K(441344K), 0.0150990 secs] [Times: user=0.12 sys=0.00, real=0.02 secs] 
225.222: Total time for which application threads were stopped: 0.0153790 seconds, Stopping threads took: 0.0001890 seconds
225.267: Application time: 0.0457200 seconds
225.268: [GC [PSYoungGen: 134641K->18912K(134656K)] 261056K->173934K(441344K), 0.0254430 secs] [Times: user=0.20 sys=0.00, real=0.03 secs] 
225.293: Total time for which application threads were stopped: 0.0256510 seconds, Stopping threads took: 0.0001200 seconds
225.345: Application time: 0.0518720 seconds
225.345: [GC [PSYoungGen: 134624K->18912K(134656K)] 289646K->197617K(441344K), 0.0272860 secs] [Times: user=0.22 sys=0.00, real=0.03 secs] 
225.372: Total time for which application threads were stopped: 0.0274560 seconds, Stopping threads took: 0.0000690 seconds
225.420: Application time: 0.0472700 seconds
225.420: [GC [PSYoungGen: 134624K->18912K(134656K)] 313329K->221325K(441344K), 0.0276250 secs] [Times: user=0.21 sys=0.00, real=0.02 secs] 
225.448: Total time for which application threads were stopped: 0.0278020 seconds, Stopping threads took: 0.0000820 seconds
225.496: Application time: 0.0488300 seconds
225.496: [GC [PSYoungGen: 134569K->18928K(134656K)] 336982K->247734K(441344K), 0.0306120 secs] [Times: user=0.24 sys=0.00, real=0.03 secs] 
225.527: Total time for which application threads were stopped: 0.0307900 seconds, Stopping threads took: 0.0000930 seconds
225.575: Application time: 0.0473880 seconds
225.575: [GC [PSYoungGen: 134640K->18912K(134656K)] 363446K->270596K(441344K), 0.0301780 secs] [Times: user=0.24 sys=0.00, real=0.03 secs] 
225.605: Total time for which application threads were stopped: 0.0303410 seconds, Stopping threads took: 0.0000780 seconds
225.666: Application time: 0.0607960 seconds
225.666: [GC [PSYoungGen: 134624K->18928K(134656K)] 386308K->282388K(441344K), 0.0277900 secs] [Times: user=0.22 sys=0.00, real=0.03 secs] 
225.694: Total time for which application threads were stopped: 0.0279710 seconds, Stopping threads took: 0.0000950 seconds
225.747: Application time: 0.0530330 seconds
225.747: [GC [PSYoungGen: 134640K->18912K(134656K)] 398100K->298638K(441344K), 0.0280890 secs] [Times: user=0.22 sys=0.00, real=0.03 secs] 
225.775: [Full GC [PSYoungGen: 18912K->0K(134656K)] [ParOldGen: 279726K->120838K(306688K)] 298638K->120838K(441344K) [PSPermGen: 9150K->9150K(21504K)], 0.1383630 secs] [Times: user=1.03 sys=0.00, real=0.14 secs] 
225.913: Total time for which application threads were stopped: 0.1666640 seconds, Stopping threads took: 0.0000530 seconds
225.957: Application time: 0.0436670 seconds
225.957: [GC [PSYoungGen: 115712K->18941K(134656K)] 236550K->148946K(441344K), 0.0148960 secs] [Times: user=0.11 sys=0.00, real=0.02 secs] 
225.972: Total time for which application threads were stopped: 0.0150890 seconds, Stopping threads took: 0.0000880 seconds
226.014: Application time: 0.0419330 seconds
226.014: [GC [PSYoungGen: 134653K->18912K(134656K)] 264658K->177252K(441344K), 0.0248050 secs] [Times: user=0.19 sys=0.00, real=0.02 secs] 
226.039: Total time for which application threads were stopped: 0.0250270 seconds, Stopping threads took: 0.0001290 seconds
226.091: Application time: 0.0521460 seconds
226.091: [GC [PSYoungGen: 134624K->18912K(134656K)] 292964K->200786K(441344K), 0.0278630 secs] [Times: user=0.21 sys=0.00, real=0.03 secs] 
226.119: Total time for which application threads were stopped: 0.0280310 seconds, Stopping threads took: 0.0000800 seconds
226.167: Application time: 0.0479980 seconds
226.167: [GC [PSYoungGen: 134471K->18912K(134656K)] 316344K->223262K(441344K), 0.0269950 secs] [Times: user=0.21 sys=0.00, real=0.03 secs] 
226.194: Total time for which application threads were stopped: 0.0271850 seconds, Stopping threads took: 0.0001020 seconds
226.241: Application time: 0.0465270 seconds
226.241: [GC [PSYoungGen: 134624K->18912K(134656K)] 338974K->250322K(441344K), 0.0303100 secs] [Times: user=0.24 sys=0.00, real=0.02 secs] 
226.271: Total time for which application threads were stopped: 0.0305090 seconds, Stopping threads took: 0.0001110 seconds
226.320: Application time: 0.0488260 seconds
226.320: [GC [PSYoungGen: 134624K->18928K(134656K)] 366034K->274171K(441344K), 0.0307560 secs] [Times: user=0.25 sys=0.00, real=0.02 secs] 
226.351: Total time for which application threads were stopped: 0.0309160 seconds, Stopping threads took: 0.0000690 seconds
226.413: Application time: 0.0618290 seconds
226.413: [GC [PSYoungGen: 134640K->18928K(134656K)] 389883K->285523K(441344K), 0.0270700 secs] [Times: user=0.21 sys=0.00, real=0.03 secs] 
226.440: Total time for which application threads were stopped: 0.0272220 seconds, Stopping threads took: 0.0000720 seconds
226.493: Application time: 0.0531260 seconds
226.494: [GC [PSYoungGen: 134640K->18928K(134656K)] 401235K->302581K(441344K), 0.0282020 secs] [Times: user=0.22 sys=0.00, real=0.03 secs] 
226.522: [Full GC [PSYoungGen: 18928K->0K(134656K)] [ParOldGen: 283652K->116825K(306688K)] 302581K->116825K(441344K) [PSPermGen: 9150K->9150K(21504K)], 0.1328890 secs] [Times: user=0.97 sys=0.00, real=0.13 secs] 
226.655: Total time for which application threads were stopped: 0.1613470 seconds, Stopping threads took: 0.0000870 seconds
226.700: Application time: 0.0452500 seconds
226.700: [GC [PSYoungGen: 115712K->18934K(134656K)] 232537K->143601K(441344K), 0.0146600 secs] [Times: user=0.11 sys=0.00, real=0.01 secs] 
226.715: Total time for which application threads were stopped: 0.0148240 seconds, Stopping threads took: 0.0000760 seconds
226.756: Application time: 0.0416390 seconds
226.757: [GC [PSYoungGen: 134646K->18912K(134656K)] 259313K->171715K(441344K), 0.0254800 secs] [Times: user=0.19 sys=0.00, real=0.03 secs] 
226.782: Total time for which application threads were stopped: 0.0256470 seconds, Stopping threads took: 0.0000780 seconds
226.839: Application time: 0.0567350 seconds
226.839: [GC [PSYoungGen: 134624K->18928K(134656K)] 287427K->192266K(441344K), 0.0272860 secs] [Times: user=0.22 sys=0.00, real=0.03 secs] 
226.866: Total time for which application threads were stopped: 0.0274500 seconds, Stopping threads took: 0.0000790 seconds
226.909: Application time: 0.0425550 seconds
226.909: [GC [PSYoungGen: 134640K->18928K(134656K)] 307978K->216976K(441344K), 0.0291170 secs] [Times: user=0.23 sys=0.00, real=0.03 secs] 
226.938: Total time for which application threads were stopped: 0.0292650 seconds, Stopping threads took: 0.0000610 seconds
226.986: Application time: 0.0481640 seconds
226.986: [GC [PSYoungGen: 134640K->18912K(134656K)] 332688K->245630K(441344K), 0.0329000 secs] [Times: user=0.26 sys=0.00, real=0.03 secs] 
227.019: Total time for which application threads were stopped: 0.0330600 seconds, Stopping threads took: 0.0000740 seconds
227.069: Application time: 0.0499370 seconds
227.069: [GC [PSYoungGen: 134624K->18928K(134656K)] 361342K->267273K(441344K), 0.0299880 secs] [Times: user=0.23 sys=0.00, real=0.03 secs] 
227.099: Total time for which application threads were stopped: 0.0301800 seconds, Stopping threads took: 0.0000900 seconds
227.160: Application time: 0.0605570 seconds
227.160: [GC [PSYoungGen: 134640K->18928K(134656K)] 382985K->281222K(441344K), 0.0290040 secs] [Times: user=0.23 sys=0.00, real=0.02 secs] 
227.189: Total time for which application threads were stopped: 0.0291770 seconds, Stopping threads took: 0.0000870 seconds
227.247: Application time: 0.0572870 seconds
227.247: [GC [PSYoungGen: 134640K->18928K(134656K)] 396934K->295619K(441344K), 0.0340020 secs] [Times: user=0.24 sys=0.00, real=0.04 secs] 
227.281: [Full GC [PSYoungGen: 18928K->0K(134656K)] [ParOldGen: 276690K->117210K(306688K)] 295619K->117210K(441344K) [PSPermGen: 9150K->9150K(21504K)], 0.1339580 secs] [Times: user=0.99 sys=0.00, real=0.13 secs] 
227.415: Total time for which application threads were stopped: 0.1682330 seconds, Stopping threads took: 0.0001150 seconds
227.455: Application time: 0.0405520 seconds
227.455: [GC [PSYoungGen: 115445K->18922K(134656K)] 232655K->144850K(441344K), 0.0138660 secs] [Times: user=0.11 sys=0.00, real=0.01 secs] 
227.469: Total time for which application threads were stopped: 0.0140410 seconds, Stopping threads took: 0.0000860 seconds
227.510: Application time: 0.0402640 seconds
227.510: [GC [PSYoungGen: 134634K->18912K(134656K)] 260562K->175868K(441344K), 0.0248450 secs] [Times: user=0.20 sys=0.00, real=0.03 secs] 
227.535: Total time for which application threads were stopped: 0.0250220 seconds, Stopping threads took: 0.0000910 seconds
227.590: Application time: 0.0549870 seconds
227.590: [GC [PSYoungGen: 134624K->18928K(134656K)] 291580K->196570K(441344K), 0.0262240 secs] [Times: user=0.20 sys=0.00, real=0.03 secs] 
227.616: Total time for which application threads were stopped: 0.0264180 seconds, Stopping threads took: 0.0000950 seconds
227.658: Application time: 0.0422510 seconds
227.658: [GC [PSYoungGen: 134640K->18928K(134656K)] 312282K->221901K(441344K), 0.0260900 secs] [Times: user=0.21 sys=0.00, real=0.03 secs] 
227.685: Total time for which application threads were stopped: 0.0263020 seconds, Stopping threads took: 0.0001250 seconds
227.734: Application time: 0.0492930 seconds
227.736: [GC [PSYoungGen: 134640K->18928K(134656K)] 337613K->250302K(441344K), 0.0320880 secs] [Times: user=0.25 sys=0.00, real=0.03 secs] 
227.768: Total time for which application threads were stopped: 0.0338220 seconds, Stopping threads took: 0.0016480 seconds
227.820: Application time: 0.0519700 seconds
227.820: [GC [PSYoungGen: 134640K->18912K(134656K)] 366014K->268288K(441344K), 0.0277360 secs] [Times: user=0.21 sys=0.00, real=0.02 secs] 
227.848: Total time for which application threads were stopped: 0.0279270 seconds, Stopping threads took: 0.0001000 seconds
227.905: Application time: 0.0574850 seconds
227.905: [GC [PSYoungGen: 134624K->18928K(134656K)] 384000K->283491K(441344K), 0.0281700 secs] [Times: user=0.22 sys=0.00, real=0.03 secs] 
227.933: Total time for which application threads were stopped: 0.0283440 seconds, Stopping threads took: 0.0000900 seconds
227.991: Application time: 0.0571590 seconds
227.991: [GC [PSYoungGen: 134569K->18928K(134656K)] 399132K->295967K(441344K), 0.0269060 secs] [Times: user=0.21 sys=0.00, real=0.03 secs] 
228.018: [Full GC [PSYoungGen: 18928K->0K(134656K)] [ParOldGen: 277039K->115269K(306688K)] 295967K->115269K(441344K) [PSPermGen: 9150K->9150K(21504K)], 0.1320600 secs] [Times: user=0.96 sys=0.00, real=0.13 secs] 
228.150: Total time for which application threads were stopped: 0.1592320 seconds, Stopping threads took: 0.0000890 seconds
228.191: Application time: 0.0413420 seconds
228.191: [GC [PSYoungGen: 115712K->18930K(134656K)] 230981K->144709K(441344K), 0.0145050 secs] [Times: user=0.11 sys=0.00, real=0.02 secs] 
228.206: Total time for which application threads were stopped: 0.0146900 seconds, Stopping threads took: 0.0000880 seconds
228.249: Application time: 0.0429650 seconds
228.249: [GC [PSYoungGen: 134642K->18919K(134656K)] 260421K->175389K(441344K), 0.0253700 secs] [Times: user=0.20 sys=0.00, real=0.03 secs] 
228.274: Total time for which application threads were stopped: 0.0255470 seconds, Stopping threads took: 0.0000890 seconds
228.333: Application time: 0.0587770 seconds
228.333: [GC [PSYoungGen: 134631K->18919K(134656K)] 291101K->193286K(441344K), 0.0259170 secs] [Times: user=0.21 sys=0.00, real=0.02 secs] 
228.359: Total time for which application threads were stopped: 0.0260720 seconds, Stopping threads took: 0.0000760 seconds
228.402: Application time: 0.0427010 seconds
228.402: [GC [PSYoungGen: 134631K->18935K(134656K)] 308998K->218766K(441344K), 0.0268260 secs] [Times: user=0.21 sys=0.00, real=0.02 secs] 
228.429: Total time for which application threads were stopped: 0.0269780 seconds, Stopping threads took: 0.0000630 seconds
228.475: Application time: 0.0463190 seconds
228.475: [GC [PSYoungGen: 134647K->18919K(134656K)] 334478K->246588K(441344K), 0.0312310 secs] [Times: user=0.24 sys=0.00, real=0.03 secs] 
228.507: Total time for which application threads were stopped: 0.0314290 seconds, Stopping threads took: 0.0001110 seconds
228.557: Application time: 0.0503390 seconds
228.560: [GC [PSYoungGen: 134631K->18919K(134656K)] 362300K->268748K(441344K), 0.0301750 secs] [Times: user=0.24 sys=0.00, real=0.02 secs] 
228.590: Total time for which application threads were stopped: 0.0328070 seconds, Stopping threads took: 0.0025430 seconds
228.648: Application time: 0.0584590 seconds
228.648: [GC [PSYoungGen: 134631K->18919K(134656K)] 384460K->283108K(441344K), 0.0283530 secs] [Times: user=0.22 sys=0.00, real=0.03 secs] 
228.677: Total time for which application threads were stopped: 0.0285540 seconds, Stopping threads took: 0.0001180 seconds
228.733: Application time: 0.0560880 seconds
228.733: [GC [PSYoungGen: 134631K->18919K(134656K)] 398820K->296619K(441344K), 0.0271020 secs] [Times: user=0.21 sys=0.00, real=0.03 secs] 
228.760: [Full GC [PSYoungGen: 18919K->0K(134656K)] [ParOldGen: 277700K->113553K(306688K)] 296619K->113553K(441344K) [PSPermGen: 9150K->9150K(21504K)], 0.1290700 secs] [Times: user=0.94 sys=0.00, real=0.12 secs] 
228.889: Total time for which application threads were stopped: 0.1564450 seconds, Stopping threads took: 0.0001030 seconds
228.934: Application time: 0.0441740 seconds
228.934: [GC [PSYoungGen: 115712K->18922K(134656K)] 229265K->139301K(441344K), 0.0137890 secs] [Times: user=0.10 sys=0.00, real=0.01 secs] 
228.948: Total time for which application threads were stopped: 0.0139670 seconds, Stopping threads took: 0.0000840 seconds
228.990: Application time: 0.0422350 seconds
228.990: [GC [PSYoungGen: 134634K->18928K(134656K)] 255013K->170688K(441344K), 0.0259630 secs] [Times: user=0.20 sys=0.00, real=0.03 secs] 
229.016: Total time for which application threads were stopped: 0.0261630 seconds, Stopping threads took: 0.0001090 seconds
229.071: Application time: 0.0546790 seconds
229.071: [GC [PSYoungGen: 134640K->18912K(134656K)] 286400K->191550K(441344K), 0.0279350 secs] [Times: user=0.22 sys=0.00, real=0.03 secs] 
229.099: Total time for which application threads were stopped: 0.0280880 seconds, Stopping threads took: 0.0000700 seconds
229.144: Application time: 0.0451790 seconds
229.144: [GC [PSYoungGen: 134624K->18928K(134656K)] 307262K->216084K(441344K), 0.0271390 secs] [Times: user=0.21 sys=0.00, real=0.02 secs] 
229.171: Total time for which application threads were stopped: 0.0273180 seconds, Stopping threads took: 0.0000900 seconds
229.217: Application time: 0.0458530 seconds
229.220: [GC [PSYoungGen: 134640K->18928K(134656K)] 331796K->245127K(441344K), 0.0325620 secs] [Times: user=0.25 sys=0.00, real=0.03 secs] 
229.252: Total time for which application threads were stopped: 0.0352870 seconds, Stopping threads took: 0.0026290 seconds
229.304: Application time: 0.0512920 seconds
229.304: [GC [PSYoungGen: 134640K->18928K(134656K)] 360839K->268602K(441344K), 0.0314570 secs] [Times: user=0.25 sys=0.00, real=0.03 secs] 
229.335: Total time for which application threads were stopped: 0.0317300 seconds, Stopping threads took: 0.0001710 seconds
229.397: Application time: 0.0618510 seconds
229.397: [GC [PSYoungGen: 134640K->18928K(134656K)] 384314K->281999K(441344K), 0.0297650 secs] [Times: user=0.23 sys=0.00, real=0.03 secs] 
229.427: Total time for which application threads were stopped: 0.0299410 seconds, Stopping threads took: 0.0000900 seconds
229.487: Application time: 0.0593390 seconds
229.487: [GC [PSYoungGen: 134640K->18928K(134656K)] 397711K->293942K(441344K), 0.0273960 secs] [Times: user=0.21 sys=0.00, real=0.03 secs] 
229.514: [Full GC [PSYoungGen: 18928K->0K(134656K)] [ParOldGen: 275014K->112354K(306688K)] 293942K->112354K(441344K) [PSPermGen: 9150K->9150K(21504K)], 0.1291040 secs] [Times: user=0.95 sys=0.00, real=0.13 secs] 
229.643: Total time for which application threads were stopped: 0.1567630 seconds, Stopping threads took: 0.0001130 seconds
229.689: Application time: 0.0455520 seconds
229.689: [GC [PSYoungGen: 115712K->18924K(134656K)] 228066K->137233K(441344K), 0.0140030 secs] [Times: user=0.10 sys=0.00, real=0.02 secs] 
229.703: Total time for which application threads were stopped: 0.0142050 seconds, Stopping threads took: 0.0001110 seconds
229.747: Application time: 0.0436100 seconds
229.747: [GC [PSYoungGen: 134636K->18912K(134656K)] 252945K->170681K(441344K), 0.0273550 secs] [Times: user=0.21 sys=0.00, real=0.03 secs] 
229.774: Total time for which application threads were stopped: 0.0275190 seconds, Stopping threads took: 0.0000770 seconds
229.829: Application time: 0.0546700 seconds
229.829: [GC [PSYoungGen: 134624K->18912K(134656K)] 286393K->192091K(441344K), 0.0273200 secs] [Times: user=0.21 sys=0.00, real=0.03 secs] 
229.856: Total time for which application threads were stopped: 0.0274930 seconds, Stopping threads took: 0.0000750 seconds
229.901: Application time: 0.0450130 seconds
229.901: [GC [PSYoungGen: 134624K->18928K(134656K)] 307803K->216376K(441344K), 0.0272200 secs] [Times: user=0.22 sys=0.00, real=0.02 secs] 
229.929: Total time for which application threads were stopped: 0.0273690 seconds, Stopping threads took: 0.0000600 seconds
229.977: Application time: 0.0484290 seconds
229.977: [GC [PSYoungGen: 134640K->18928K(134656K)] 332088K->244102K(441344K), 0.0319490 secs] [Times: user=0.26 sys=0.00, real=0.03 secs] 
230.009: Total time for which application threads were stopped: 0.0321210 seconds, Stopping threads took: 0.0000840 seconds
230.060: Application time: 0.0509530 seconds
230.060: [GC [PSYoungGen: 134640K->18928K(134656K)] 359814K->265738K(441344K), 0.0300930 secs] [Times: user=0.24 sys=0.00, real=0.02 secs] 
230.091: Total time for which application threads were stopped: 0.0302700 seconds, Stopping threads took: 0.0000910 seconds
230.148: Application time: 0.0577650 seconds
230.152: [GC [PSYoungGen: 134640K->18928K(134656K)] 381450K->281378K(441344K), 0.0287870 secs] [Times: user=0.23 sys=0.00, real=0.03 secs] 
230.180: Total time for which application threads were stopped: 0.0321590 seconds, Stopping threads took: 0.0032910 seconds
230.237: Application time: 0.0561750 seconds
230.237: [GC [PSYoungGen: 134640K->18912K(134656K)] 397090K->293045K(441344K), 0.0260790 secs] [Times: user=0.20 sys=0.00, real=0.03 secs] 
230.263: [Full GC [PSYoungGen: 18912K->0K(134656K)] [ParOldGen: 274133K->119218K(306688K)] 293045K->119218K(441344K) [PSPermGen: 9150K->9150K(21504K)], 0.1403960 secs] [Times: user=1.03 sys=0.00, real=0.14 secs] 
230.403: Total time for which application threads were stopped: 0.1667000 seconds, Stopping threads took: 0.0000630 seconds
230.448: Application time: 0.0441990 seconds
230.448: [GC [PSYoungGen: 115712K->18921K(134656K)] 234930K->142989K(441344K), 0.0126790 secs] [Times: user=0.09 sys=0.00, real=0.02 secs] 
230.460: Total time for which application threads were stopped: 0.0128770 seconds, Stopping threads took: 0.0000900 seconds
230.501: Application time: 0.0410130 seconds
230.502: [GC [PSYoungGen: 134633K->18928K(134656K)] 258701K->176124K(441344K), 0.0260100 secs] [Times: user=0.20 sys=0.00, real=0.02 secs] 
230.528: Total time for which application threads were stopped: 0.0261640 seconds, Stopping threads took: 0.0000670 seconds
230.576: Application time: 0.0488760 seconds
230.577: [GC [PSYoungGen: 134640K->18928K(134656K)] 291836K->200999K(441344K), 0.0281310 secs] [Times: user=0.22 sys=0.00, real=0.03 secs] 
230.605: Total time for which application threads were stopped: 0.0282920 seconds, Stopping threads took: 0.0000780 seconds
230.649: Application time: 0.0445110 seconds
230.649: [GC [PSYoungGen: 134640K->18912K(134656K)] 316711K->223733K(441344K), 0.0262090 secs] [Times: user=0.20 sys=0.00, real=0.03 secs] 
230.676: Total time for which application threads were stopped: 0.0264020 seconds, Stopping threads took: 0.0001000 seconds
230.727: Application time: 0.0517500 seconds
230.728: [GC [PSYoungGen: 134624K->18928K(134656K)] 339445K->250172K(441344K), 0.0315950 secs] [Times: user=0.24 sys=0.00, real=0.03 secs] 
230.759: Total time for which application threads were stopped: 0.0317750 seconds, Stopping threads took: 0.0000900 seconds
230.810: Application time: 0.0506220 seconds
230.810: [GC [PSYoungGen: 134640K->18912K(134656K)] 365884K->270508K(441344K), 0.0287490 secs] [Times: user=0.22 sys=0.00, real=0.03 secs] 
230.839: Total time for which application threads were stopped: 0.0289060 seconds, Stopping threads took: 0.0000690 seconds
230.895: Application time: 0.0561820 seconds
230.895: [GC [PSYoungGen: 134624K->18928K(134656K)] 386220K->287038K(441344K), 0.0284360 secs] [Times: user=0.23 sys=0.00, real=0.03 secs] 
230.924: Total time for which application threads were stopped: 0.0286080 seconds, Stopping threads took: 0.0000740 seconds
230.979: Application time: 0.0558360 seconds
230.980: [GC [PSYoungGen: 134640K->18912K(134656K)] 402750K->299020K(441344K), 0.0269960 secs] [Times: user=0.20 sys=0.00, real=0.02 secs] 
231.007: [Full GC [PSYoungGen: 18912K->0K(134656K)] [ParOldGen: 280107K->121837K(306688K)] 299020K->121837K(441344K) [PSPermGen: 9150K->9150K(21504K)], 0.1431330 secs] [Times: user=1.06 sys=0.00, real=0.14 secs] 
231.150: Total time for which application threads were stopped: 0.1704130 seconds, Stopping threads took: 0.0001160 seconds
231.195: Application time: 0.0449210 seconds
231.195: [GC [PSYoungGen: 115712K->18943K(134656K)] 237549K->144799K(441344K), 0.0141620 secs] [Times: user=0.09 sys=0.00, real=0.01 secs] 
231.209: Total time for which application threads were stopped: 0.0143600 seconds, Stopping threads took: 0.0001060 seconds
231.251: Application time: 0.0420100 seconds
231.251: [GC [PSYoungGen: 134655K->18912K(134656K)] 260511K->177679K(441344K), 0.0265390 secs] [Times: user=0.20 sys=0.00, real=0.03 secs] 
231.278: Total time for which application threads were stopped: 0.0267220 seconds, Stopping threads took: 0.0000960 seconds
231.330: Application time: 0.0525040 seconds
231.330: [GC [PSYoungGen: 134624K->18928K(134656K)] 293391K->201650K(441344K), 0.0279800 secs] [Times: user=0.22 sys=0.00, real=0.03 secs] 
231.358: Total time for which application threads were stopped: 0.0281570 seconds, Stopping threads took: 0.0000900 seconds
231.405: Application time: 0.0460770 seconds
231.408: [GC [PSYoungGen: 134640K->18912K(134656K)] 317362K->226610K(441344K), 0.0282810 secs] [Times: user=0.21 sys=0.00, real=0.03 secs] 
231.436: Total time for which application threads were stopped: 0.0313780 seconds, Stopping threads took: 0.0030060 seconds
231.489: Application time: 0.0532130 seconds
231.489: [GC [PSYoungGen: 134624K->18912K(134656K)] 342322K->250504K(441344K), 0.0308600 secs] [Times: user=0.24 sys=0.00, real=0.04 secs] 
231.520: Total time for which application threads were stopped: 0.0310220 seconds, Stopping threads took: 0.0000640 seconds
231.571: Application time: 0.0511440 seconds
231.571: [GC [PSYoungGen: 134624K->18912K(134656K)] 366216K->270056K(441344K), 0.0290870 secs] [Times: user=0.23 sys=0.00, real=0.04 secs] 
231.601: Total time for which application threads were stopped: 0.0292740 seconds, Stopping threads took: 0.0000960 seconds
231.656: Application time: 0.0552540 seconds
231.660: [GC [PSYoungGen: 134624K->18912K(134656K)] 385768K->288827K(441344K), 0.0295010 secs] [Times: user=0.23 sys=0.00, real=0.02 secs] 
231.689: [Full GC [PSYoungGen: 18912K->0K(134656K)] [ParOldGen: 269914K->139197K(306688K)] 288827K->139197K(441344K) [PSPermGen: 9150K->9150K(21504K)], 0.1723060 secs] [Times: user=1.29 sys=0.00, real=0.18 secs] 
231.862: Total time for which application threads were stopped: 0.2056520 seconds, Stopping threads took: 0.0036940 seconds
231.919: Application time: 0.0575150 seconds
231.919: [GC [PSYoungGen: 115712K->13466K(134656K)] 254909K->152663K(441344K), 0.0117120 secs] [Times: user=0.09 sys=0.00, real=0.01 secs] 
231.931: Total time for which application threads were stopped: 0.0118920 seconds, Stopping threads took: 0.0000920 seconds
231.974: Application time: 0.0431150 seconds
231.974: [GC [PSYoungGen: 129178K->18936K(134656K)] 268375K->178180K(441344K), 0.0219160 secs] [Times: user=0.18 sys=0.00, real=0.02 secs] 
231.996: Total time for which application threads were stopped: 0.0221320 seconds, Stopping threads took: 0.0001260 seconds
232.040: Application time: 0.0441770 seconds
232.041: [GC [PSYoungGen: 134648K->18928K(134656K)] 293892K->209824K(441344K), 0.0313090 secs] [Times: user=0.24 sys=0.00, real=0.03 secs] 
232.072: Total time for which application threads were stopped: 0.0315320 seconds, Stopping threads took: 0.0001200 seconds
232.126: Application time: 0.0538180 seconds
232.126: [GC [PSYoungGen: 134640K->18912K(134656K)] 325536K->233003K(441344K), 0.0315120 secs] [Times: user=0.25 sys=0.00, real=0.03 secs] 
232.157: Total time for which application threads were stopped: 0.0316770 seconds, Stopping threads took: 0.0000810 seconds
232.203: Application time: 0.0460580 seconds
232.204: [GC [PSYoungGen: 134624K->18912K(134656K)] 348715K->256105K(441344K), 0.0271400 secs] [Times: user=0.21 sys=0.00, real=0.02 secs] 
232.231: Total time for which application threads were stopped: 0.0273390 seconds, Stopping threads took: 0.0001110 seconds
232.283: Application time: 0.0520600 seconds
232.283: [GC [PSYoungGen: 134624K->18912K(134656K)] 371817K->281293K(441344K), 0.0310210 secs] [Times: user=0.24 sys=0.00, real=0.03 secs] 
232.314: Total time for which application threads were stopped: 0.0311880 seconds, Stopping threads took: 0.0000800 seconds
232.362: Application time: 0.0482340 seconds
232.362: [GC [PSYoungGen: 134624K->18928K(134656K)] 397005K->301636K(441344K), 0.0277210 secs] [Times: user=0.22 sys=0.00, real=0.02 secs] 
232.390: [Full GC [PSYoungGen: 18928K->0K(134656K)] [ParOldGen: 282707K->136710K(306688K)] 301636K->136710K(441344K) [PSPermGen: 9150K->9150K(21504K)], 0.1607800 secs] [Times: user=1.19 sys=0.00, real=0.16 secs] 
232.551: Total time for which application threads were stopped: 0.1887320 seconds, Stopping threads took: 0.0000780 seconds
232.604: Application time: 0.0527010 seconds
232.604: [GC [PSYoungGen: 115712K->18912K(134656K)] 252422K->158386K(441344K), 0.0146880 secs] [Times: user=0.11 sys=0.00, real=0.01 secs] 
232.619: Total time for which application threads were stopped: 0.0148450 seconds, Stopping threads took: 0.0000580 seconds
232.677: Application time: 0.0585960 seconds
232.677: [GC [PSYoungGen: 134624K->18912K(134656K)] 274098K->168855K(441344K), 0.0207600 secs] [Times: user=0.16 sys=0.00, real=0.02 secs] 
232.698: Total time for which application threads were stopped: 0.0209400 seconds, Stopping threads took: 0.0000940 seconds
232.741: Application time: 0.0433280 seconds
232.742: [GC [PSYoungGen: 134624K->18928K(134656K)] 284567K->197120K(441344K), 0.0287030 secs] [Times: user=0.23 sys=0.00, real=0.02 secs] 
232.770: Total time for which application threads were stopped: 0.0288820 seconds, Stopping threads took: 0.0000890 seconds
232.813: Application time: 0.0426570 seconds
232.816: [GC [PSYoungGen: 134640K->18912K(134656K)] 312832K->229114K(441344K), 0.0343730 secs] [Times: user=0.26 sys=0.00, real=0.03 secs] 
232.850: Total time for which application threads were stopped: 0.0370380 seconds, Stopping threads took: 0.0025790 seconds
232.905: Application time: 0.0553840 seconds
232.906: [GC [PSYoungGen: 134624K->18912K(134656K)] 344826K->249886K(441344K), 0.0304370 secs] [Times: user=0.24 sys=0.00, real=0.03 secs] 
232.936: Total time for which application threads were stopped: 0.0306420 seconds, Stopping threads took: 0.0001200 seconds
232.981: Application time: 0.0453840 seconds
232.982: [GC [PSYoungGen: 134624K->18912K(134656K)] 365598K->273284K(441344K), 0.0293780 secs] [Times: user=0.23 sys=0.00, real=0.02 secs] 
233.011: Total time for which application threads were stopped: 0.0295550 seconds, Stopping threads took: 0.0000880 seconds
233.063: Application time: 0.0515770 seconds
233.063: [GC [PSYoungGen: 134624K->18912K(134656K)] 388996K->298024K(441344K), 0.0328890 secs] [Times: user=0.26 sys=0.00, real=0.03 secs] 
233.096: [Full GC [PSYoungGen: 18912K->0K(134656K)] [ParOldGen: 279111K->135682K(306688K)] 298024K->135682K(441344K) [PSPermGen: 9150K->9150K(21504K)], 0.1630080 secs] [Times: user=1.22 sys=0.00, real=0.16 secs] 
233.259: Total time for which application threads were stopped: 0.1961360 seconds, Stopping threads took: 0.0000690 seconds
233.307: Application time: 0.0479280 seconds
233.307: [GC [PSYoungGen: 115712K->18928K(134656K)] 251394K->155706K(441344K), 0.0121180 secs] [Times: user=0.09 sys=0.00, real=0.01 secs] 
233.319: Total time for which application threads were stopped: 0.0123060 seconds, Stopping threads took: 0.0000840 seconds
233.372: Application time: 0.0530760 seconds
233.372: [GC [PSYoungGen: 134640K->18928K(134656K)] 271418K->177823K(441344K), 0.0236360 secs] [Times: user=0.18 sys=0.00, real=0.02 secs] 
233.396: Total time for which application threads were stopped: 0.0237920 seconds, Stopping threads took: 0.0000690 seconds
233.455: Application time: 0.0586960 seconds
233.455: [GC [PSYoungGen: 134640K->18928K(134656K)] 293535K->189089K(441344K), 0.0232530 secs] [Times: user=0.18 sys=0.00, real=0.02 secs] 
233.478: Total time for which application threads were stopped: 0.0234310 seconds, Stopping threads took: 0.0000930 seconds
233.520: Application time: 0.0420940 seconds
233.520: [GC [PSYoungGen: 134640K->18912K(134656K)] 304801K->218092K(441344K), 0.0301980 secs] [Times: user=0.24 sys=0.00, real=0.02 secs] 
233.550: Total time for which application threads were stopped: 0.0303890 seconds, Stopping threads took: 0.0001030 seconds
233.595: Application time: 0.0445280 seconds
233.595: [GC [PSYoungGen: 134624K->18928K(134656K)] 333804K->250468K(441344K), 0.0349670 secs] [Times: user=0.28 sys=0.00, real=0.03 secs] 
233.630: Total time for which application threads were stopped: 0.0351270 seconds, Stopping threads took: 0.0000670 seconds
233.685: Application time: 0.0550540 seconds
233.688: [GC [PSYoungGen: 134640K->18912K(134656K)] 366180K->270599K(441344K), 0.0295300 secs] [Times: user=0.23 sys=0.00, real=0.03 secs] 
233.717: Total time for which application threads were stopped: 0.0320070 seconds, Stopping threads took: 0.0023930 seconds
233.766: Application time: 0.0485570 seconds
233.768: [GC [PSYoungGen: 134624K->18928K(134656K)] 386311K->292498K(441344K), 0.0274480 secs] [Times: user=0.22 sys=0.00, real=0.03 secs] 
233.795: [Full GC [PSYoungGen: 18928K->0K(134656K)] [ParOldGen: 273570K->134343K(306688K)] 292498K->134343K(441344K) [PSPermGen: 9150K->9150K(21504K)], 0.1551210 secs] [Times: user=1.16 sys=0.00, real=0.15 secs] 
233.950: Total time for which application threads were stopped: 0.1845760 seconds, Stopping threads took: 0.0018560 seconds
234.000: Application time: 0.0501920 seconds
234.001: [GC [PSYoungGen: 115712K->18928K(134656K)] 250055K->159240K(441344K), 0.0160970 secs] [Times: user=0.12 sys=0.00, real=0.01 secs] 
234.017: Total time for which application threads were stopped: 0.0162870 seconds, Stopping threads took: 0.0000930 seconds
234.064: Application time: 0.0472120 seconds
234.068: [GC [PSYoungGen: 134554K->18928K(134656K)] 274866K->179816K(441344K), 0.0229580 secs] [Times: user=0.18 sys=0.00, real=0.02 secs] 
234.091: Total time for which application threads were stopped: 0.0266080 seconds, Stopping threads took: 0.0035530 seconds
234.144: Application time: 0.0535230 seconds
234.144: [GC [PSYoungGen: 134640K->18928K(134656K)] 295528K->201658K(441344K), 0.0279640 secs] [Times: user=0.22 sys=0.00, real=0.03 secs] 
234.172: Total time for which application threads were stopped: 0.0281660 seconds, Stopping threads took: 0.0001150 seconds
234.234: Application time: 0.0617490 seconds
234.234: [GC [PSYoungGen: 134640K->18928K(134656K)] 317370K->212343K(441344K), 0.0278630 secs] [Times: user=0.21 sys=0.00, real=0.03 secs] 
234.262: Total time for which application threads were stopped: 0.0280590 seconds, Stopping threads took: 0.0001150 seconds
234.305: Application time: 0.0424660 seconds
234.305: [GC [PSYoungGen: 134640K->18928K(134656K)] 328055K->238863K(441344K), 0.0339030 secs] [Times: user=0.25 sys=0.00, real=0.03 secs] 
234.339: Total time for which application threads were stopped: 0.0340620 seconds, Stopping threads took: 0.0000810 seconds
234.376: Application time: 0.0378550 seconds
234.377: [GC [PSYoungGen: 134640K->18912K(134656K)] 354575K->269555K(441344K), 0.0329480 secs] [Times: user=0.25 sys=0.00, real=0.03 secs] 
234.410: Total time for which application threads were stopped: 0.0331300 seconds, Stopping threads took: 0.0000950 seconds
234.465: Application time: 0.0556770 seconds
234.465: [GC [PSYoungGen: 134624K->18912K(134656K)] 385267K->295152K(441344K), 0.0364630 secs] [Times: user=0.28 sys=0.00, real=0.04 secs] 
234.502: [Full GC [PSYoungGen: 18912K->0K(134656K)] [ParOldGen: 276239K->140087K(306688K)] 295152K->140087K(441344K) [PSPermGen: 9150K->9150K(21504K)], 0.1685270 secs] [Times: user=1.27 sys=0.00, real=0.16 secs] 
234.671: Total time for which application threads were stopped: 0.2052130 seconds, Stopping threads took: 0.0000790 seconds
234.718: Application time: 0.0473350 seconds
234.718: [GC [PSYoungGen: 115712K->18918K(134656K)] 255799K->160782K(441344K), 0.0119980 secs] [Times: user=0.09 sys=0.00, real=0.01 secs] 
234.730: Total time for which application threads were stopped: 0.0121870 seconds, Stopping threads took: 0.0000910 seconds
234.781: Application time: 0.0505520 seconds
234.781: [GC [PSYoungGen: 134630K->18912K(134656K)] 276494K->186365K(441344K), 0.0245230 secs] [Times: user=0.20 sys=0.00, real=0.02 secs] 
234.805: Total time for which application threads were stopped: 0.0247040 seconds, Stopping threads took: 0.0000900 seconds
234.854: Application time: 0.0489530 seconds
234.854: [GC [PSYoungGen: 134494K->18928K(134656K)] 301947K->205827K(441344K), 0.0240860 secs] [Times: user=0.19 sys=0.00, real=0.02 secs] 
234.879: Total time for which application threads were stopped: 0.0242590 seconds, Stopping threads took: 0.0000870 seconds
234.932: Application time: 0.0531540 seconds
234.936: [GC [PSYoungGen: 134640K->18912K(134656K)] 321539K->225899K(441344K), 0.0282320 secs] [Times: user=0.23 sys=0.00, real=0.03 secs] 
234.964: Total time for which application threads were stopped: 0.0321830 seconds, Stopping threads took: 0.0038600 seconds
235.024: Application time: 0.0602210 seconds
235.024: [GC [PSYoungGen: 134624K->18928K(134656K)] 341611K->239039K(441344K), 0.0278470 secs] [Times: user=0.22 sys=0.00, real=0.03 secs] 
235.052: Total time for which application threads were stopped: 0.0280390 seconds, Stopping threads took: 0.0001100 seconds
235.097: Application time: 0.0448420 seconds
235.097: [GC [PSYoungGen: 134640K->18912K(134656K)] 354751K->264531K(441344K), 0.0288630 secs] [Times: user=0.22 sys=0.00, real=0.03 secs] 
235.126: Total time for which application threads were stopped: 0.0290390 seconds, Stopping threads took: 0.0000880 seconds
235.162: Application time: 0.0361970 seconds
235.164: [GC [PSYoungGen: 134624K->18912K(134656K)] 380243K->294729K(441344K), 0.0301790 secs] [Times: user=0.24 sys=0.00, real=0.03 secs] 
235.194: [Full GC [PSYoungGen: 18912K->0K(134656K)] [ParOldGen: 275816K->135305K(306688K)] 294729K->135305K(441344K) [PSPermGen: 9150K->9150K(21504K)], 0.1513600 secs] [Times: user=1.12 sys=0.00, real=0.15 secs] 
235.345: Total time for which application threads were stopped: 0.1830350 seconds, Stopping threads took: 0.0013330 seconds
235.400: Application time: 0.0544770 seconds
235.400: [GC [PSYoungGen: 115712K->18912K(134656K)] 251017K->162805K(441344K), 0.0204180 secs] [Times: user=0.16 sys=0.00, real=0.02 secs] 
235.420: Total time for which application threads were stopped: 0.0205810 seconds, Stopping threads took: 0.0000650 seconds
235.468: Application time: 0.0480350 seconds
235.468: [GC [PSYoungGen: 134624K->18928K(134656K)] 278517K->182601K(441344K), 0.0241790 secs] [Times: user=0.19 sys=0.00, real=0.03 secs] 
235.493: Total time for which application threads were stopped: 0.0243680 seconds, Stopping threads took: 0.0001000 seconds
235.544: Application time: 0.0515080 seconds
235.548: [GC [PSYoungGen: 134477K->18928K(134656K)] 298150K->206800K(441344K), 0.0290200 secs] [Times: user=0.23 sys=0.00, real=0.03 secs] 
235.577: Total time for which application threads were stopped: 0.0324370 seconds, Stopping threads took: 0.0033330 seconds
235.625: Application time: 0.0479540 seconds
235.625: [GC [PSYoungGen: 134640K->18928K(134656K)] 322512K->226695K(441344K), 0.0269370 secs] [Times: user=0.21 sys=0.00, real=0.03 secs] 
235.652: Total time for which application threads were stopped: 0.0271160 seconds, Stopping threads took: 0.0000870 seconds
235.703: Application time: 0.0514290 seconds
235.703: [GC [PSYoungGen: 134640K->18928K(134656K)] 342407K->248908K(441344K), 0.0307380 secs] [Times: user=0.24 sys=0.00, real=0.03 secs] 
235.734: Total time for which application threads were stopped: 0.0308990 seconds, Stopping threads took: 0.0000750 seconds
235.795: Application time: 0.0611240 seconds
235.795: [GC [PSYoungGen: 134640K->18912K(134656K)] 364620K->262114K(441344K), 0.0292870 secs] [Times: user=0.23 sys=0.00, real=0.03 secs] 
235.825: Total time for which application threads were stopped: 0.0294430 seconds, Stopping threads took: 0.0000680 seconds
235.871: Application time: 0.0463360 seconds
235.871: [GC [PSYoungGen: 134624K->18912K(134656K)] 377826K->286719K(441344K), 0.0313060 secs] [Times: user=0.25 sys=0.00, real=0.04 secs] 
235.902: Total time for which application threads were stopped: 0.0314480 seconds, Stopping threads took: 0.0000560 seconds
235.940: Application time: 0.0378590 seconds
235.940: [GC [PSYoungGen: 134624K->18928K(134656K)] 402431K->316941K(441344K), 0.0353850 secs] [Times: user=0.28 sys=0.00, real=0.03 secs] 
235.976: [Full GC [PSYoungGen: 18928K->0K(134656K)] [ParOldGen: 298012K->133857K(306688K)] 316941K->133857K(441344K) [PSPermGen: 9150K->9150K(21504K)], 0.1486000 secs] [Times: user=1.10 sys=0.00, real=0.15 secs] 
236.125: Total time for which application threads were stopped: 0.1842600 seconds, Stopping threads took: 0.0001080 seconds
236.179: Application time: 0.0544350 seconds
236.179: [GC [PSYoungGen: 115712K->18928K(134656K)] 249569K->162241K(441344K), 0.0207130 secs] [Times: user=0.16 sys=0.00, real=0.03 secs] 
236.200: Total time for which application threads were stopped: 0.0208690 seconds, Stopping threads took: 0.0000700 seconds
236.249: Application time: 0.0487430 seconds
236.249: [GC [PSYoungGen: 134640K->18912K(134656K)] 277953K->181673K(441344K), 0.0236950 secs] [Times: user=0.19 sys=0.00, real=0.03 secs] 
236.273: Total time for which application threads were stopped: 0.0238810 seconds, Stopping threads took: 0.0000990 seconds
236.324: Application time: 0.0516920 seconds
236.324: [GC [PSYoungGen: 134624K->18928K(134656K)] 297385K->205657K(441344K), 0.0295470 secs] [Times: user=0.23 sys=0.00, real=0.03 secs] 
236.354: Total time for which application threads were stopped: 0.0297160 seconds, Stopping threads took: 0.0000840 seconds
236.401: Application time: 0.0475340 seconds
236.402: [GC [PSYoungGen: 134640K->18912K(134656K)] 321369K->226309K(441344K), 0.0285470 secs] [Times: user=0.22 sys=0.00, real=0.02 secs] 
236.430: Total time for which application threads were stopped: 0.0287290 seconds, Stopping threads took: 0.0000840 seconds
236.481: Application time: 0.0510550 seconds
236.481: [GC [PSYoungGen: 134624K->18928K(134656K)] 342021K->248744K(441344K), 0.0321880 secs] [Times: user=0.26 sys=0.00, real=0.03 secs] 
236.514: Total time for which application threads were stopped: 0.0323820 seconds, Stopping threads took: 0.0000940 seconds
236.574: Application time: 0.0602360 seconds
236.574: [GC [PSYoungGen: 134640K->18928K(134656K)] 364456K->262712K(441344K), 0.0298480 secs] [Times: user=0.23 sys=0.00, real=0.03 secs] 
236.604: Total time for which application threads were stopped: 0.0300140 seconds, Stopping threads took: 0.0000840 seconds
236.650: Application time: 0.0458810 seconds
236.650: [GC [PSYoungGen: 134640K->18928K(134656K)] 378424K->286977K(441344K), 0.0307640 secs] [Times: user=0.25 sys=0.00, real=0.04 secs] 
236.681: Total time for which application threads were stopped: 0.0309360 seconds, Stopping threads took: 0.0000850 seconds
236.720: Application time: 0.0393110 seconds
236.720: [GC [PSYoungGen: 134640K->18928K(134656K)] 402689K->316891K(441344K), 0.0340220 secs] [Times: user=0.27 sys=0.00, real=0.03 secs] 
236.754: [Full GC [PSYoungGen: 18928K->0K(134656K)] [ParOldGen: 297963K->133496K(306688K)] 316891K->133496K(441344K) [PSPermGen: 9150K->9150K(21504K)], 0.1527850 secs] [Times: user=1.13 sys=0.00, real=0.15 secs] 
236.907: Total time for which application threads were stopped: 0.1870480 seconds, Stopping threads took: 0.0000910 seconds
236.959: Application time: 0.0523480 seconds
236.960: [GC [PSYoungGen: 115712K->18928K(134656K)] 249208K->160763K(441344K), 0.0185570 secs] [Times: user=0.14 sys=0.00, real=0.01 secs] 
236.978: Total time for which application threads were stopped: 0.0187510 seconds, Stopping threads took: 0.0001000 seconds
237.027: Application time: 0.0485650 seconds
237.027: [GC [PSYoungGen: 134640K->18912K(134656K)] 276475K->181279K(441344K), 0.0243770 secs] [Times: user=0.19 sys=0.00, real=0.02 secs] 
237.051: Total time for which application threads were stopped: 0.0245700 seconds, Stopping threads took: 0.0000950 seconds
237.104: Application time: 0.0524220 seconds
237.104: [GC [PSYoungGen: 134624K->18912K(134656K)] 296991K->204918K(441344K), 0.0301950 secs] [Times: user=0.23 sys=0.00, real=0.03 secs] 
237.134: Total time for which application threads were stopped: 0.0303580 seconds, Stopping threads took: 0.0000750 seconds
237.185: Application time: 0.0511340 seconds
237.185: [GC [PSYoungGen: 134624K->18928K(134656K)] 320630K->224673K(441344K), 0.0280950 secs] [Times: user=0.22 sys=0.00, real=0.03 secs] 
237.213: Total time for which application threads were stopped: 0.0282620 seconds, Stopping threads took: 0.0000790 seconds
237.265: Application time: 0.0517660 seconds
237.266: [GC [PSYoungGen: 134640K->18912K(134656K)] 340385K->247169K(441344K), 0.0304610 secs] [Times: user=0.24 sys=0.00, real=0.03 secs] 
237.296: Total time for which application threads were stopped: 0.0309020 seconds, Stopping threads took: 0.0003520 seconds
237.356: Application time: 0.0600530 seconds
237.360: [GC [PSYoungGen: 134624K->18928K(134656K)] 362881K->262229K(441344K), 0.0295340 secs] [Times: user=0.23 sys=0.00, real=0.02 secs] 
237.389: Total time for which application threads were stopped: 0.0330040 seconds, Stopping threads took: 0.0033880 seconds
237.436: Application time: 0.0471770 seconds
237.437: [GC [PSYoungGen: 134640K->18928K(134656K)] 377941K->285307K(441344K), 0.0293450 secs] [Times: user=0.23 sys=0.00, real=0.03 secs] 
237.466: Total time for which application threads were stopped: 0.0295250 seconds, Stopping threads took: 0.0000920 seconds
237.506: Application time: 0.0401080 seconds
237.506: [GC [PSYoungGen: 134640K->18912K(134656K)] 401019K->314510K(441344K), 0.0320380 secs] [Times: user=0.25 sys=0.00, real=0.03 secs] 
237.538: [Full GC [PSYoungGen: 18912K->0K(134656K)] [ParOldGen: 295597K->131096K(306688K)] 314510K->131096K(441344K) [PSPermGen: 9150K->9150K(21504K)], 0.1469090 secs] [Times: user=1.08 sys=0.00, real=0.15 secs] 
237.685: Total time for which application threads were stopped: 0.1791910 seconds, Stopping threads took: 0.0000780 seconds
237.736: Application time: 0.0503330 seconds
237.736: [GC [PSYoungGen: 115712K->18928K(134656K)] 246808K->159405K(441344K), 0.0187190 secs] [Times: user=0.15 sys=0.00, real=0.02 secs] 
237.754: Total time for which application threads were stopped: 0.0188950 seconds, Stopping threads took: 0.0000800 seconds
237.801: Application time: 0.0469630 seconds
237.802: [GC [PSYoungGen: 134351K->18928K(134656K)] 274828K->182480K(441344K), 0.0246940 secs] [Times: user=0.20 sys=0.00, real=0.02 secs] 
237.826: Total time for which application threads were stopped: 0.0248690 seconds, Stopping threads took: 0.0000870 seconds
237.876: Application time: 0.0501400 seconds
237.877: [GC [PSYoungGen: 134640K->18912K(134656K)] 298192K->205951K(441344K), 0.0288060 secs] [Times: user=0.22 sys=0.00, real=0.03 secs] 
237.905: Total time for which application threads were stopped: 0.0289840 seconds, Stopping threads took: 0.0000920 seconds
237.956: Application time: 0.0507000 seconds
237.956: [GC [PSYoungGen: 134624K->18912K(134656K)] 321663K->224683K(441344K), 0.0261620 secs] [Times: user=0.21 sys=0.00, real=0.03 secs] 
237.982: Total time for which application threads were stopped: 0.0263300 seconds, Stopping threads took: 0.0000790 seconds
238.030: Application time: 0.0478830 seconds
238.030: [GC [PSYoungGen: 134624K->18928K(134656K)] 340395K->247610K(441344K), 0.0284590 secs] [Times: user=0.23 sys=0.00, real=0.03 secs] 
238.059: Total time for which application threads were stopped: 0.0286300 seconds, Stopping threads took: 0.0000850 seconds
238.118: Application time: 0.0588440 seconds
238.118: [GC [PSYoungGen: 134640K->18912K(134656K)] 363322K->262782K(441344K), 0.0278740 secs] [Times: user=0.21 sys=0.00, real=0.03 secs] 
238.146: Total time for which application threads were stopped: 0.0280460 seconds, Stopping threads took: 0.0000890 seconds
238.193: Application time: 0.0474210 seconds
238.193: [GC [PSYoungGen: 134476K->18912K(134656K)] 378347K->284859K(441344K), 0.0294040 secs] [Times: user=0.23 sys=0.00, real=0.03 secs] 
238.223: Total time for which application threads were stopped: 0.0295880 seconds, Stopping threads took: 0.0000920 seconds
238.266: Application time: 0.0429620 seconds
238.266: [GC [PSYoungGen: 134624K->18928K(134656K)] 400571K->313669K(441344K), 0.0327760 secs] [Times: user=0.25 sys=0.01, real=0.03 secs] 
238.299: [Full GC [PSYoungGen: 18928K->0K(134656K)] [ParOldGen: 294741K->128405K(306688K)] 313669K->128405K(441344K) [PSPermGen: 9150K->9150K(21504K)], 0.1444850 secs] [Times: user=1.06 sys=0.00, real=0.15 secs] 
238.443: Total time for which application threads were stopped: 0.1775460 seconds, Stopping threads took: 0.0001160 seconds
238.492: Application time: 0.0481360 seconds
238.492: [GC [PSYoungGen: 115712K->18937K(134656K)] 244117K->156534K(441344K), 0.0177190 secs] [Times: user=0.14 sys=0.00, real=0.01 secs] 
238.509: Total time for which application threads were stopped: 0.0178820 seconds, Stopping threads took: 0.0000760 seconds
238.556: Application time: 0.0465260 seconds
238.556: [GC [PSYoungGen: 134649K->18921K(134656K)] 272246K->181400K(441344K), 0.0256020 secs] [Times: user=0.20 sys=0.00, real=0.03 secs] 
238.582: Total time for which application threads were stopped: 0.0258270 seconds, Stopping threads took: 0.0001330 seconds
238.634: Application time: 0.0519430 seconds
238.634: [GC [PSYoungGen: 134633K->18928K(134656K)] 297112K->204735K(441344K), 0.0291790 secs] [Times: user=0.23 sys=0.00, real=0.03 secs] 
238.663: Total time for which application threads were stopped: 0.0293330 seconds, Stopping threads took: 0.0000710 seconds
238.715: Application time: 0.0518170 seconds
238.715: [GC [PSYoungGen: 134640K->18912K(134656K)] 320447K->223374K(441344K), 0.0275250 secs] [Times: user=0.21 sys=0.00, real=0.03 secs] 
238.743: Total time for which application threads were stopped: 0.0277100 seconds, Stopping threads took: 0.0000940 seconds
238.792: Application time: 0.0495030 seconds
238.792: [GC [PSYoungGen: 134624K->18912K(134656K)] 339086K->245860K(441344K), 0.0293470 secs] [Times: user=0.24 sys=0.00, real=0.03 secs] 
238.822: Total time for which application threads were stopped: 0.0295170 seconds, Stopping threads took: 0.0000680 seconds
238.883: Application time: 0.0617180 seconds
238.883: [GC [PSYoungGen: 134624K->18912K(134656K)] 361572K->261544K(441344K), 0.0303110 secs] [Times: user=0.23 sys=0.00, real=0.03 secs] 
238.914: Total time for which application threads were stopped: 0.0304750 seconds, Stopping threads took: 0.0000820 seconds
238.960: Application time: 0.0459680 seconds
238.960: [GC [PSYoungGen: 134624K->18928K(134656K)] 377256K->284278K(441344K), 0.0300890 secs] [Times: user=0.23 sys=0.00, real=0.02 secs] 
238.990: Total time for which application threads were stopped: 0.0302500 seconds, Stopping threads took: 0.0000730 seconds
239.033: Application time: 0.0426150 seconds
239.036: [GC [PSYoungGen: 134640K->18928K(134656K)] 399990K->312937K(441344K), 0.0339670 secs] [Times: user=0.27 sys=0.00, real=0.03 secs] 
239.070: [Full GC [PSYoungGen: 18928K->0K(134656K)] [ParOldGen: 294008K->130247K(306688K)] 312937K->130247K(441344K) [PSPermGen: 9150K->9150K(21504K)], 0.1479550 secs] [Times: user=1.09 sys=0.00, real=0.15 secs] 
239.218: Total time for which application threads were stopped: 0.1850040 seconds, Stopping threads took: 0.0029250 seconds
239.266: Application time: 0.0485400 seconds
239.266: [GC [PSYoungGen: 115712K->18928K(134656K)] 245959K->157323K(441344K), 0.0172670 secs] [Times: user=0.13 sys=0.00, real=0.02 secs] 
239.284: Total time for which application threads were stopped: 0.0174800 seconds, Stopping threads took: 0.0001270 seconds
239.333: Application time: 0.0490880 seconds
239.333: [GC [PSYoungGen: 134640K->18928K(134656K)] 273035K->179310K(441344K), 0.0250930 secs] [Times: user=0.20 sys=0.00, real=0.02 secs] 
239.358: Total time for which application threads were stopped: 0.0253020 seconds, Stopping threads took: 0.0001090 seconds
239.408: Application time: 0.0499540 seconds
239.408: [GC [PSYoungGen: 134640K->18928K(134656K)] 295022K->203072K(441344K), 0.0288080 secs] [Times: user=0.23 sys=0.00, real=0.03 secs] 
239.437: Total time for which application threads were stopped: 0.0289720 seconds, Stopping threads took: 0.0000770 seconds
239.489: Application time: 0.0522610 seconds
239.496: [GC [PSYoungGen: 134640K->18928K(134656K)] 318784K->222451K(441344K), 0.0273990 secs] [Times: user=0.21 sys=0.00, real=0.03 secs] 
239.523: Total time for which application threads were stopped: 0.0338000 seconds, Stopping threads took: 0.0063130 seconds
239.570: Application time: 0.0464780 seconds
239.570: [GC [PSYoungGen: 134640K->18912K(134656K)] 338163K->245346K(441344K), 0.0283030 secs] [Times: user=0.23 sys=0.00, real=0.03 secs] 
239.598: Total time for which application threads were stopped: 0.0284870 seconds, Stopping threads took: 0.0000970 seconds
239.659: Application time: 0.0604830 seconds
239.659: [GC [PSYoungGen: 134624K->18928K(134656K)] 361058K->262094K(441344K), 0.0292960 secs] [Times: user=0.23 sys=0.00, real=0.03 secs] 
239.688: Total time for which application threads were stopped: 0.0294750 seconds, Stopping threads took: 0.0000980 seconds
239.733: Application time: 0.0452830 seconds
239.733: [GC [PSYoungGen: 134640K->18912K(134656K)] 377806K->285482K(441344K), 0.0292290 secs] [Times: user=0.23 sys=0.00, real=0.03 secs] 
239.763: Total time for which application threads were stopped: 0.0293860 seconds, Stopping threads took: 0.0000700 seconds
239.807: Application time: 0.0445260 seconds
239.807: [GC [PSYoungGen: 134624K->18912K(134656K)] 401194K->313355K(441344K), 0.0328570 secs] [Times: user=0.26 sys=0.00, real=0.04 secs] 
239.840: [Full GC [PSYoungGen: 18912K->0K(134656K)] [ParOldGen: 294443K->135533K(306688K)] 313355K->135533K(441344K) [PSPermGen: 9150K->9150K(21504K)], 0.1584840 secs] [Times: user=1.18 sys=0.00, real=0.15 secs] 
239.999: Total time for which application threads were stopped: 0.1915930 seconds, Stopping threads took: 0.0000900 seconds
240.049: Application time: 0.0497430 seconds
240.049: [GC [PSYoungGen: 115672K->18921K(134656K)] 251206K->162136K(441344K), 0.0170930 secs] [Times: user=0.13 sys=0.00, real=0.02 secs] 
240.066: Total time for which application threads were stopped: 0.0172890 seconds, Stopping threads took: 0.0000980 seconds
240.115: Application time: 0.0493100 seconds
240.115: [GC [PSYoungGen: 134633K->18912K(134656K)] 277848K->183850K(441344K), 0.0241790 secs] [Times: user=0.19 sys=0.00, real=0.02 secs] 
240.140: Total time for which application threads were stopped: 0.0244000 seconds, Stopping threads took: 0.0001200 seconds
240.188: Application time: 0.0489190 seconds
240.192: [GC [PSYoungGen: 134624K->18912K(134656K)] 299562K->207817K(441344K), 0.0274000 secs] [Times: user=0.21 sys=0.00, real=0.02 secs] 
240.219: Total time for which application threads were stopped: 0.0306390 seconds, Stopping threads took: 0.0031490 seconds
240.274: Application time: 0.0544780 seconds
240.274: [GC [PSYoungGen: 134624K->18912K(134656K)] 323529K->227567K(441344K), 0.0308040 secs] [Times: user=0.23 sys=0.00, real=0.03 secs] 
240.305: Total time for which application threads were stopped: 0.0309470 seconds, Stopping threads took: 0.0000630 seconds
240.352: Application time: 0.0475640 seconds
240.352: [GC [PSYoungGen: 134624K->18912K(134656K)] 343279K->250750K(441344K), 0.0334290 secs] [Times: user=0.25 sys=0.00, real=0.03 secs] 
240.386: Total time for which application threads were stopped: 0.0335950 seconds, Stopping threads took: 0.0000880 seconds
240.447: Application time: 0.0613210 seconds
240.447: [GC [PSYoungGen: 134624K->18928K(134656K)] 366462K->267270K(441344K), 0.0303330 secs] [Times: user=0.24 sys=0.00, real=0.03 secs] 
240.478: Total time for which application threads were stopped: 0.0305250 seconds, Stopping threads took: 0.0001050 seconds
240.527: Application time: 0.0492810 seconds
240.527: [GC [PSYoungGen: 134640K->18912K(134656K)] 382982K->287543K(441344K), 0.0282090 secs] [Times: user=0.23 sys=0.00, real=0.03 secs] 
240.555: Total time for which application threads were stopped: 0.0283820 seconds, Stopping threads took: 0.0000840 seconds
240.597: Application time: 0.0413620 seconds
240.597: [GC [PSYoungGen: 134624K->18928K(134656K)] 403255K->315210K(441344K), 0.0323230 secs] [Times: user=0.26 sys=0.00, real=0.03 secs] 
240.629: [Full GC [PSYoungGen: 18928K->0K(134656K)] [ParOldGen: 296281K->126263K(306688K)] 315210K->126263K(441344K) [PSPermGen: 9150K->9150K(21504K)], 0.1405460 secs] [Times: user=1.04 sys=0.00, real=0.14 secs] 
240.770: Total time for which application threads were stopped: 0.1731160 seconds, Stopping threads took: 0.0000820 seconds
240.818: Application time: 0.0484660 seconds
240.818: [GC [PSYoungGen: 115712K->18912K(134656K)] 241975K->156822K(441344K), 0.0194010 secs] [Times: user=0.15 sys=0.00, real=0.02 secs] 
240.838: Total time for which application threads were stopped: 0.0195800 seconds, Stopping threads took: 0.0000890 seconds
240.890: Application time: 0.0522290 seconds
240.890: [GC [PSYoungGen: 134624K->18928K(134656K)] 272534K->177080K(441344K), 0.0249740 secs] [Times: user=0.20 sys=0.00, real=0.03 secs] 
240.915: Total time for which application threads were stopped: 0.0251780 seconds, Stopping threads took: 0.0001160 seconds
240.963: Application time: 0.0480900 seconds
240.963: [GC [PSYoungGen: 134640K->18912K(134656K)] 292792K->200232K(441344K), 0.0284380 secs] [Times: user=0.22 sys=0.00, real=0.03 secs] 
240.992: Total time for which application threads were stopped: 0.0286200 seconds, Stopping threads took: 0.0000950 seconds
241.043: Application time: 0.0512800 seconds
241.043: [GC [PSYoungGen: 134624K->18928K(134656K)] 315944K->222892K(441344K), 0.0288850 secs] [Times: user=0.22 sys=0.00, real=0.03 secs] 
241.072: Total time for which application threads were stopped: 0.0290590 seconds, Stopping threads took: 0.0000860 seconds
241.122: Application time: 0.0496120 seconds
241.122: [GC [PSYoungGen: 134640K->18912K(134656K)] 338604K->246067K(441344K), 0.0298700 secs] [Times: user=0.23 sys=0.00, real=0.03 secs] 
241.152: Total time for which application threads were stopped: 0.0300710 seconds, Stopping threads took: 0.0000970 seconds
241.210: Application time: 0.0582600 seconds
241.212: [GC [PSYoungGen: 134624K->18928K(134656K)] 361779K->261172K(441344K), 0.0289040 secs] [Times: user=0.22 sys=0.00, real=0.03 secs] 
241.241: Total time for which application threads were stopped: 0.0303560 seconds, Stopping threads took: 0.0013680 seconds
241.296: Application time: 0.0552410 seconds
241.296: [GC [PSYoungGen: 134640K->18928K(134656K)] 376884K->275268K(441344K), 0.0277650 secs] [Times: user=0.20 sys=0.00, real=0.03 secs] 
241.324: Total time for which application threads were stopped: 0.0279350 seconds, Stopping threads took: 0.0000810 seconds
241.361: Application time: 0.0370780 seconds
241.361: [GC [PSYoungGen: 134640K->18928K(134656K)] 390980K->307586K(441344K), 0.0330040 secs] [Times: user=0.26 sys=0.00, real=0.03 secs] 
241.394: [Full GC [PSYoungGen: 18928K->0K(134656K)] [ParOldGen: 288658K->123831K(306688K)] 307586K->123831K(441344K) [PSPermGen: 9150K->9150K(21504K)], 0.1321960 secs] [Times: user=0.98 sys=0.00, real=0.13 secs] 
241.526: Total time for which application threads were stopped: 0.1654240 seconds, Stopping threads took: 0.0000750 seconds
241.572: Application time: 0.0455040 seconds
241.572: [GC [PSYoungGen: 115712K->18928K(134656K)] 239543K->157644K(441344K), 0.0209300 secs] [Times: user=0.16 sys=0.00, real=0.02 secs] 
241.593: Total time for which application threads were stopped: 0.0210910 seconds, Stopping threads took: 0.0000780 seconds
241.644: Application time: 0.0514480 seconds
241.644: [GC [PSYoungGen: 134640K->18928K(134656K)] 273356K->175122K(441344K), 0.0243390 secs] [Times: user=0.20 sys=0.00, real=0.02 secs] 
241.669: Total time for which application threads were stopped: 0.0245160 seconds, Stopping threads took: 0.0000790 seconds
241.717: Application time: 0.0482420 seconds
241.717: [GC [PSYoungGen: 134640K->18912K(134656K)] 290834K->198784K(441344K), 0.0282440 secs] [Times: user=0.22 sys=0.00, real=0.03 secs] 
241.745: Total time for which application threads were stopped: 0.0284010 seconds, Stopping threads took: 0.0000680 seconds
241.794: Application time: 0.0490600 seconds
241.795: [GC [PSYoungGen: 134624K->18928K(134656K)] 314496K->222494K(441344K), 0.0332810 secs] [Times: user=0.24 sys=0.00, real=0.03 secs] 
241.828: Total time for which application threads were stopped: 0.0334720 seconds, Stopping threads took: 0.0001020 seconds
241.883: Application time: 0.0546740 seconds
241.883: [GC [PSYoungGen: 134640K->18928K(134656K)] 338206K->241226K(441344K), 0.0325820 secs] [Times: user=0.24 sys=0.00, real=0.03 secs] 
241.915: Total time for which application threads were stopped: 0.0327470 seconds, Stopping threads took: 0.0000830 seconds
241.969: Application time: 0.0539970 seconds
241.970: [GC [PSYoungGen: 134640K->18928K(134656K)] 356938K->258774K(441344K), 0.0317160 secs] [Times: user=0.24 sys=0.00, real=0.04 secs] 
242.001: Total time for which application threads were stopped: 0.0318920 seconds, Stopping threads took: 0.0000920 seconds
242.057: Application time: 0.0559510 seconds
242.057: [GC [PSYoungGen: 134577K->18912K(134656K)] 374423K->273137K(441344K), 0.0293920 secs] [Times: user=0.23 sys=0.00, real=0.03 secs] 
242.087: Total time for which application threads were stopped: 0.0295720 seconds, Stopping threads took: 0.0000910 seconds
242.124: Application time: 0.0372220 seconds
242.124: [GC [PSYoungGen: 134624K->18928K(134656K)] 388849K->305218K(441344K), 0.0347940 secs] [Times: user=0.28 sys=0.00, real=0.03 secs] 
242.159: [Full GC [PSYoungGen: 18928K->0K(134656K)] [ParOldGen: 286289K->124577K(306688K)] 305218K->124577K(441344K) [PSPermGen: 9150K->9150K(21504K)], 0.1336770 secs] [Times: user=0.98 sys=0.00, real=0.14 secs] 
242.293: Total time for which application threads were stopped: 0.1687180 seconds, Stopping threads took: 0.0000980 seconds
242.340: Application time: 0.0469080 seconds
242.340: [GC [PSYoungGen: 115712K->18912K(134656K)] 240289K->158081K(441344K), 0.0213490 secs] [Times: user=0.17 sys=0.00, real=0.02 secs] 
242.361: Total time for which application threads were stopped: 0.0215120 seconds, Stopping threads took: 0.0000690 seconds
242.413: Application time: 0.0517700 seconds
242.413: [GC [PSYoungGen: 134577K->18912K(134656K)] 273747K->176603K(441344K), 0.0249360 secs] [Times: user=0.20 sys=0.00, real=0.02 secs] 
242.438: Total time for which application threads were stopped: 0.0250930 seconds, Stopping threads took: 0.0000690 seconds
242.488: Application time: 0.0503870 seconds
242.489: [GC [PSYoungGen: 134624K->18912K(134656K)] 292315K->199201K(441344K), 0.0279490 secs] [Times: user=0.22 sys=0.00, real=0.03 secs] 
242.517: Total time for which application threads were stopped: 0.0281280 seconds, Stopping threads took: 0.0000900 seconds
242.564: Application time: 0.0475820 seconds
242.564: [GC [PSYoungGen: 134624K->18912K(134656K)] 314913K->222942K(441344K), 0.0302890 secs] [Times: user=0.24 sys=0.00, real=0.03 secs] 
242.595: Total time for which application threads were stopped: 0.0304680 seconds, Stopping threads took: 0.0000900 seconds
242.650: Application time: 0.0550050 seconds
242.650: [GC [PSYoungGen: 134624K->18928K(134656K)] 338654K->242609K(441344K), 0.0313430 secs] [Times: user=0.25 sys=0.00, real=0.04 secs] 
242.681: Total time for which application threads were stopped: 0.0315080 seconds, Stopping threads took: 0.0000790 seconds
242.734: Application time: 0.0527310 seconds
242.734: [GC [PSYoungGen: 134640K->18928K(134656K)] 358321K->260584K(441344K), 0.0309280 secs] [Times: user=0.24 sys=0.00, real=0.03 secs] 
242.765: Total time for which application threads were stopped: 0.0311060 seconds, Stopping threads took: 0.0000880 seconds
242.819: Application time: 0.0543940 seconds
242.820: [GC [PSYoungGen: 134640K->18928K(134656K)] 376296K->275995K(441344K), 0.0299590 secs] [Times: user=0.22 sys=0.00, real=0.02 secs] 
242.850: Total time for which application threads were stopped: 0.0302180 seconds, Stopping threads took: 0.0001720 seconds
242.886: Application time: 0.0364690 seconds
242.886: [GC [PSYoungGen: 134640K->18912K(134656K)] 391707K->308231K(441344K), 0.0353010 secs] [Times: user=0.28 sys=0.00, real=0.04 secs] 
242.922: [Full GC [PSYoungGen: 18912K->0K(134656K)] [ParOldGen: 289319K->125137K(306688K)] 308231K->125137K(441344K) [PSPermGen: 9150K->9150K(21504K)], 0.1337990 secs] [Times: user=0.99 sys=0.00, real=0.13 secs] 
243.055: Total time for which application threads were stopped: 0.1693390 seconds, Stopping threads took: 0.0000760 seconds
243.102: Application time: 0.0470690 seconds
243.103: [GC [PSYoungGen: 115712K->18928K(134656K)] 240849K->158261K(441344K), 0.0224060 secs] [Times: user=0.17 sys=0.00, real=0.02 secs] 
243.125: Total time for which application threads were stopped: 0.0226010 seconds, Stopping threads took: 0.0001090 seconds
243.179: Application time: 0.0535580 seconds
243.179: [GC [PSYoungGen: 134640K->18928K(134656K)] 273973K->176389K(441344K), 0.0254430 secs] [Times: user=0.20 sys=0.00, real=0.03 secs] 
243.204: Total time for which application threads were stopped: 0.0256110 seconds, Stopping threads took: 0.0000790 seconds
243.255: Application time: 0.0505810 seconds
243.255: [GC [PSYoungGen: 134640K->18928K(134656K)] 292101K->197632K(441344K), 0.0270500 secs] [Times: user=0.21 sys=0.00, real=0.03 secs] 
243.282: Total time for which application threads were stopped: 0.0272330 seconds, Stopping threads took: 0.0000940 seconds
243.331: Application time: 0.0486480 seconds
243.332: [GC [PSYoungGen: 134640K->18928K(134656K)] 313344K->221738K(441344K), 0.0300530 secs] [Times: user=0.23 sys=0.00, real=0.03 secs] 
243.362: Total time for which application threads were stopped: 0.0309870 seconds, Stopping threads took: 0.0008460 seconds
243.415: Application time: 0.0531810 seconds
243.416: [GC [PSYoungGen: 134640K->18912K(134656K)] 337450K->241401K(441344K), 0.0303650 secs] [Times: user=0.24 sys=0.00, real=0.03 secs] 
243.446: Total time for which application threads were stopped: 0.0311480 seconds, Stopping threads took: 0.0006690 seconds
243.499: Application time: 0.0529170 seconds
243.499: [GC [PSYoungGen: 134624K->18912K(134656K)] 357113K->259084K(441344K), 0.0305230 secs] [Times: user=0.24 sys=0.00, real=0.03 secs] 
243.530: Total time for which application threads were stopped: 0.0307110 seconds, Stopping threads took: 0.0001000 seconds
243.584: Application time: 0.0547480 seconds
243.588: [GC [PSYoungGen: 134624K->18912K(134656K)] 374796K->276930K(441344K), 0.0309330 secs] [Times: user=0.24 sys=0.00, real=0.03 secs] 
243.619: Total time for which application threads were stopped: 0.0341570 seconds, Stopping threads took: 0.0031340 seconds
243.655: Application time: 0.0363360 seconds
243.655: [GC [PSYoungGen: 134624K->18928K(134656K)] 392642K->306715K(441344K), 0.0342250 secs] [Times: user=0.27 sys=0.00, real=0.03 secs] 
243.689: [Full GC [PSYoungGen: 18928K->0K(134656K)] [ParOldGen: 287786K->124789K(306688K)] 306715K->124789K(441344K) [PSPermGen: 9150K->9150K(21504K)], 0.1342430 secs] [Times: user=1.00 sys=0.00, real=0.14 secs] 
243.824: Total time for which application threads were stopped: 0.1687040 seconds, Stopping threads took: 0.0000850 seconds
243.871: Application time: 0.0469330 seconds
243.871: [GC [PSYoungGen: 115712K->18928K(134656K)] 240501K->158144K(441344K), 0.0207580 secs] [Times: user=0.16 sys=0.00, real=0.02 secs] 
243.892: Total time for which application threads were stopped: 0.0209310 seconds, Stopping threads took: 0.0000870 seconds
243.944: Application time: 0.0520350 seconds
243.944: [GC [PSYoungGen: 134640K->18928K(134656K)] 273856K->176430K(441344K), 0.0244060 secs] [Times: user=0.19 sys=0.00, real=0.02 secs] 
243.968: Total time for which application threads were stopped: 0.0246000 seconds, Stopping threads took: 0.0000930 seconds
244.019: Application time: 0.0513490 seconds
244.020: [GC [PSYoungGen: 134640K->18928K(134656K)] 292142K->196805K(441344K), 0.0271100 secs] [Times: user=0.21 sys=0.00, real=0.02 secs] 
244.047: Total time for which application threads were stopped: 0.0272900 seconds, Stopping threads took: 0.0000900 seconds
244.093: Application time: 0.0459180 seconds
244.093: [GC [PSYoungGen: 134640K->18912K(134656K)] 312517K->221369K(441344K), 0.0305400 secs] [Times: user=0.24 sys=0.00, real=0.03 secs] 
244.123: Total time for which application threads were stopped: 0.0307030 seconds, Stopping threads took: 0.0000750 seconds
244.177: Application time: 0.0531610 seconds
244.177: [GC [PSYoungGen: 134624K->18912K(134656K)] 337081K->243007K(441344K), 0.0322270 secs] [Times: user=0.26 sys=0.00, real=0.03 secs] 
244.209: Total time for which application threads were stopped: 0.0323850 seconds, Stopping threads took: 0.0000690 seconds
244.263: Application time: 0.0536490 seconds
244.263: [GC [PSYoungGen: 134624K->18912K(134656K)] 358719K->261006K(441344K), 0.0306380 secs] [Times: user=0.24 sys=0.00, real=0.03 secs] 
244.293: Total time for which application threads were stopped: 0.0308310 seconds, Stopping threads took: 0.0001020 seconds
244.350: Application time: 0.0568380 seconds
244.350: [GC [PSYoungGen: 134624K->18912K(134656K)] 376718K->276039K(441344K), 0.0305050 secs] [Times: user=0.24 sys=0.00, real=0.04 secs] 
244.381: Total time for which application threads were stopped: 0.0306800 seconds, Stopping threads took: 0.0000900 seconds
244.418: Application time: 0.0367040 seconds
244.418: [GC [PSYoungGen: 134610K->18928K(134656K)] 391737K->307224K(441344K), 0.0348600 secs] [Times: user=0.27 sys=0.00, real=0.04 secs] 
244.453: [Full GC [PSYoungGen: 18928K->0K(134656K)] [ParOldGen: 288296K->124022K(306688K)] 307224K->124022K(441344K) [PSPermGen: 9150K->9150K(21504K)], 0.1344990 secs] [Times: user=0.99 sys=0.01, real=0.13 secs] 
244.587: Total time for which application threads were stopped: 0.1696270 seconds, Stopping threads took: 0.0001140 seconds
244.632: Application time: 0.0450960 seconds
244.634: [GC [PSYoungGen: 115712K->18928K(134656K)] 239734K->157553K(441344K), 0.0209750 secs] [Times: user=0.16 sys=0.00, real=0.02 secs] 
244.655: Total time for which application threads were stopped: 0.0226650 seconds, Stopping threads took: 0.0015830 seconds
244.709: Application time: 0.0541420 seconds
244.709: [GC [PSYoungGen: 134640K->18912K(134656K)] 273265K->174367K(441344K), 0.0237060 secs] [Times: user=0.18 sys=0.00, real=0.03 secs] 
244.733: Total time for which application threads were stopped: 0.0239180 seconds, Stopping threads took: 0.0001240 seconds
244.787: Application time: 0.0535080 seconds
244.787: [GC [PSYoungGen: 134624K->18928K(134656K)] 290079K->192552K(441344K), 0.0263260 secs] [Times: user=0.21 sys=0.00, real=0.03 secs] 
244.813: Total time for which application threads were stopped: 0.0264870 seconds, Stopping threads took: 0.0000720 seconds
244.860: Application time: 0.0466210 seconds
244.860: [GC [PSYoungGen: 134640K->18928K(134656K)] 308264K->217791K(441344K), 0.0292170 secs] [Times: user=0.22 sys=0.00, real=0.02 secs] 
244.889: Total time for which application threads were stopped: 0.0294090 seconds, Stopping threads took: 0.0001030 seconds
244.940: Application time: 0.0511580 seconds
244.940: [GC [PSYoungGen: 134640K->18912K(134656K)] 333503K->242127K(441344K), 0.0314790 secs] [Times: user=0.25 sys=0.00, real=0.03 secs] 
244.972: Total time for which application threads were stopped: 0.0316770 seconds, Stopping threads took: 0.0001070 seconds
245.028: Application time: 0.0563010 seconds
245.028: [GC [PSYoungGen: 134624K->18912K(134656K)] 357839K->260295K(441344K), 0.0297650 secs] [Times: user=0.23 sys=0.00, real=0.03 secs] 
245.058: Total time for which application threads were stopped: 0.0299410 seconds, Stopping threads took: 0.0000880 seconds
245.113: Application time: 0.0545190 seconds
245.113: [GC [PSYoungGen: 134624K->18928K(134656K)] 376007K->274968K(441344K), 0.0268490 secs] [Times: user=0.21 sys=0.00, real=0.03 secs] 
245.140: Total time for which application threads were stopped: 0.0270240 seconds, Stopping threads took: 0.0000880 seconds
245.179: Application time: 0.0396240 seconds
245.180: [GC [PSYoungGen: 134640K->18928K(134656K)] 390680K->303982K(441344K), 0.0320340 secs] [Times: user=0.24 sys=0.00, real=0.03 secs] 
245.212: [Full GC [PSYoungGen: 18928K->0K(134656K)] [ParOldGen: 285054K->124306K(306688K)] 303982K->124306K(441344K) [PSPermGen: 9150K->9150K(21504K)], 0.1336860 secs] [Times: user=0.99 sys=0.00, real=0.13 secs] 
245.345: Total time for which application threads were stopped: 0.1659670 seconds, Stopping threads took: 0.0000740 seconds
245.390: Application time: 0.0447650 seconds
245.390: [GC [PSYoungGen: 115712K->18913K(134656K)] 240018K->156429K(441344K), 0.0194810 secs] [Times: user=0.15 sys=0.00, real=0.02 secs] 
245.410: Total time for which application threads were stopped: 0.0196610 seconds, Stopping threads took: 0.0000920 seconds
245.465: Application time: 0.0548320 seconds
245.465: [GC [PSYoungGen: 134625K->18929K(134656K)] 272141K->174969K(441344K), 0.0248170 secs] [Times: user=0.19 sys=0.00, real=0.02 secs] 
245.490: Total time for which application threads were stopped: 0.0249690 seconds, Stopping threads took: 0.0000650 seconds
245.542: Application time: 0.0528680 seconds
245.544: [GC [PSYoungGen: 134641K->18929K(134656K)] 290681K->194769K(441344K), 0.0276590 secs] [Times: user=0.21 sys=0.00, real=0.02 secs] 
245.571: Total time for which application threads were stopped: 0.0288300 seconds, Stopping threads took: 0.0010840 seconds
245.619: Application time: 0.0478310 seconds
245.619: [GC [PSYoungGen: 134641K->18928K(134656K)] 310481K->219594K(441344K), 0.0292490 secs] [Times: user=0.23 sys=0.00, real=0.03 secs] 
245.649: Total time for which application threads were stopped: 0.0294320 seconds, Stopping threads took: 0.0000910 seconds
245.697: Application time: 0.0487310 seconds
245.697: [GC [PSYoungGen: 134640K->18928K(134656K)] 335306K->243198K(441344K), 0.0309520 secs] [Times: user=0.25 sys=0.00, real=0.03 secs] 
245.728: Total time for which application threads were stopped: 0.0311330 seconds, Stopping threads took: 0.0000820 seconds
245.783: Application time: 0.0545310 seconds
245.783: [GC [PSYoungGen: 134640K->18928K(134656K)] 358910K->262459K(441344K), 0.0308460 secs] [Times: user=0.25 sys=0.00, real=0.03 secs] 
245.814: Total time for which application threads were stopped: 0.0310270 seconds, Stopping threads took: 0.0000970 seconds
245.871: Application time: 0.0567860 seconds
245.871: [GC [PSYoungGen: 134640K->18912K(134656K)] 378171K->276922K(441344K), 0.0283220 secs] [Times: user=0.22 sys=0.00, real=0.03 secs] 
245.899: Total time for which application threads were stopped: 0.0284770 seconds, Stopping threads took: 0.0000650 seconds
245.940: Application time: 0.0406750 seconds
245.940: [GC [PSYoungGen: 134624K->18928K(134656K)] 392634K->305634K(441344K), 0.0323530 secs] [Times: user=0.25 sys=0.00, real=0.03 secs] 
245.972: [Full GC [PSYoungGen: 18928K->0K(134656K)] [ParOldGen: 286706K->126028K(306688K)] 305634K->126028K(441344K) [PSPermGen: 9150K->9150K(21504K)], 0.1393650 secs] [Times: user=1.03 sys=0.00, real=0.14 secs] 
246.112: Total time for which application threads were stopped: 0.1719440 seconds, Stopping threads took: 0.0000810 seconds
246.157: Application time: 0.0453610 seconds
246.160: [GC [PSYoungGen: 115712K->18928K(134656K)] 241740K->158873K(441344K), 0.0193430 secs] [Times: user=0.15 sys=0.00, real=0.01 secs] 
246.179: Total time for which application threads were stopped: 0.0217350 seconds, Stopping threads took: 0.0023050 seconds
246.235: Application time: 0.0561130 seconds
246.235: [GC [PSYoungGen: 134640K->18912K(134656K)] 274585K->175805K(441344K), 0.0239590 secs] [Times: user=0.19 sys=0.00, real=0.02 secs] 
246.259: Total time for which application threads were stopped: 0.0241550 seconds, Stopping threads took: 0.0001000 seconds
246.309: Application time: 0.0499580 seconds
246.309: [GC [PSYoungGen: 134624K->18912K(134656K)] 291517K->195349K(441344K), 0.0258600 secs] [Times: user=0.20 sys=0.00, real=0.03 secs] 
246.335: Total time for which application threads were stopped: 0.0260250 seconds, Stopping threads took: 0.0000740 seconds
246.383: Application time: 0.0473400 seconds
246.383: [GC [PSYoungGen: 134624K->18912K(134656K)] 311061K->222593K(441344K), 0.0294960 secs] [Times: user=0.23 sys=0.00, real=0.03 secs] 
246.412: Total time for which application threads were stopped: 0.0296620 seconds, Stopping threads took: 0.0000790 seconds
246.461: Application time: 0.0486850 seconds
246.464: [GC [PSYoungGen: 134624K->18912K(134656K)] 338305K->250224K(441344K), 0.0311950 secs] [Times: user=0.25 sys=0.00, real=0.03 secs] 
246.495: Total time for which application threads were stopped: 0.0338970 seconds, Stopping threads took: 0.0026120 seconds
246.551: Application time: 0.0558270 seconds
246.551: [GC [PSYoungGen: 134624K->18912K(134656K)] 365936K->265901K(441344K), 0.0270720 secs] [Times: user=0.22 sys=0.00, real=0.03 secs] 
246.578: Total time for which application threads were stopped: 0.0272570 seconds, Stopping threads took: 0.0000980 seconds
246.634: Application time: 0.0563540 seconds
246.634: [GC [PSYoungGen: 134624K->18928K(134656K)] 381613K->279933K(441344K), 0.0262230 secs] [Times: user=0.21 sys=0.00, real=0.03 secs] 
246.661: Total time for which application threads were stopped: 0.0264110 seconds, Stopping threads took: 0.0001020 seconds
246.702: Application time: 0.0416870 seconds
246.703: [GC [PSYoungGen: 134640K->18912K(134656K)] 395645K->307939K(441344K), 0.0305990 secs] [Times: user=0.24 sys=0.00, real=0.03 secs] 
246.733: [Full GC [PSYoungGen: 18912K->0K(134656K)] [ParOldGen: 289027K->125427K(306688K)] 307939K->125427K(441344K) [PSPermGen: 9150K->9150K(21504K)], 0.1391350 secs] [Times: user=1.03 sys=0.01, real=0.14 secs] 
246.872: Total time for which application threads were stopped: 0.1699650 seconds, Stopping threads took: 0.0000830 seconds
246.917: Application time: 0.0448910 seconds
246.917: [GC [PSYoungGen: 115712K->18939K(134656K)] 241139K->156910K(441344K), 0.0186210 secs] [Times: user=0.14 sys=0.00, real=0.02 secs] 
246.936: Total time for which application threads were stopped: 0.0188440 seconds, Stopping threads took: 0.0001110 seconds
246.992: Application time: 0.0555000 seconds
246.992: [GC [PSYoungGen: 134651K->18912K(134656K)] 272622K->175341K(441344K), 0.0243150 secs] [Times: user=0.20 sys=0.00, real=0.02 secs] 
247.016: Total time for which application threads were stopped: 0.0244780 seconds, Stopping threads took: 0.0000780 seconds
247.067: Application time: 0.0511640 seconds
247.067: [GC [PSYoungGen: 134624K->18912K(134656K)] 291053K->194184K(441344K), 0.0252220 secs] [Times: user=0.20 sys=0.00, real=0.03 secs] 
247.093: Total time for which application threads were stopped: 0.0253990 seconds, Stopping threads took: 0.0000900 seconds
247.137: Application time: 0.0447290 seconds
247.138: [GC [PSYoungGen: 134624K->18928K(134656K)] 309896K->221289K(441344K), 0.0293270 secs] [Times: user=0.23 sys=0.00, real=0.03 secs] 
247.167: Total time for which application threads were stopped: 0.0294950 seconds, Stopping threads took: 0.0000800 seconds
247.213: Application time: 0.0461570 seconds
247.213: [GC [PSYoungGen: 134640K->18912K(134656K)] 337001K->250599K(441344K), 0.0324540 secs] [Times: user=0.25 sys=0.00, real=0.03 secs] 
247.246: Total time for which application threads were stopped: 0.0326140 seconds, Stopping threads took: 0.0000730 seconds
247.305: Application time: 0.0592670 seconds
247.305: [GC [PSYoungGen: 134624K->18912K(134656K)] 366311K->266454K(441344K), 0.0293490 secs] [Times: user=0.23 sys=0.00, real=0.03 secs] 
247.334: Total time for which application threads were stopped: 0.0294950 seconds, Stopping threads took: 0.0000590 seconds
247.392: Application time: 0.0576820 seconds
247.392: [GC [PSYoungGen: 134624K->18928K(134656K)] 382166K->280801K(441344K), 0.0272110 secs] [Times: user=0.20 sys=0.00, real=0.03 secs] 
247.420: Total time for which application threads were stopped: 0.0274340 seconds, Stopping threads took: 0.0001240 seconds
247.464: Application time: 0.0446320 seconds
247.464: [GC [PSYoungGen: 134640K->18912K(134656K)] 396513K->306873K(441344K), 0.0306140 secs] [Times: user=0.24 sys=0.00, real=0.03 secs] 
247.495: [Full GC [PSYoungGen: 18912K->0K(134656K)] [ParOldGen: 287961K->123503K(306688K)] 306873K->123503K(441344K) [PSPermGen: 9150K->9150K(21504K)], 0.1399820 secs] [Times: user=1.03 sys=0.00, real=0.14 secs] 
247.635: Total time for which application threads were stopped: 0.1708410 seconds, Stopping threads took: 0.0000820 seconds
247.678: Application time: 0.0425470 seconds
247.678: [GC [PSYoungGen: 115712K->18939K(134656K)] 239215K->153207K(441344K), 0.0163330 secs] [Times: user=0.13 sys=0.00, real=0.02 secs] 
247.694: Total time for which application threads were stopped: 0.0165120 seconds, Stopping threads took: 0.0000900 seconds
247.748: Application time: 0.0534650 seconds
247.748: [GC [PSYoungGen: 134651K->18912K(134656K)] 268919K->174568K(441344K), 0.0248570 secs] [Times: user=0.20 sys=0.00, real=0.03 secs] 
247.773: Total time for which application threads were stopped: 0.0250350 seconds, Stopping threads took: 0.0000900 seconds
247.826: Application time: 0.0533290 seconds
247.826: [GC [PSYoungGen: 134624K->18928K(134656K)] 290280K->191810K(441344K), 0.0246550 secs] [Times: user=0.19 sys=0.00, real=0.02 secs] 
247.851: Total time for which application threads were stopped: 0.0248200 seconds, Stopping threads took: 0.0000750 seconds
247.892: Application time: 0.0415870 seconds
247.896: [GC [PSYoungGen: 134640K->18928K(134656K)] 307522K->219912K(441344K), 0.0293880 secs] [Times: user=0.23 sys=0.00, real=0.03 secs] 
247.925: Total time for which application threads were stopped: 0.0326900 seconds, Stopping threads took: 0.0032120 seconds
247.973: Application time: 0.0481060 seconds
247.973: [GC [PSYoungGen: 134640K->18928K(134656K)] 335624K->250520K(441344K), 0.0342080 secs] [Times: user=0.26 sys=0.01, real=0.03 secs] 
248.008: Total time for which application threads were stopped: 0.0344210 seconds, Stopping threads took: 0.0000930 seconds
248.063: Application time: 0.0558560 seconds
248.068: [GC [PSYoungGen: 134640K->18912K(134656K)] 366232K->265702K(441344K), 0.0295460 secs] [Times: user=0.23 sys=0.00, real=0.03 secs] 
248.097: Total time for which application threads were stopped: 0.0337600 seconds, Stopping threads took: 0.0041260 seconds
248.154: Application time: 0.0572540 seconds
248.155: [GC [PSYoungGen: 134365K->18912K(134656K)] 381155K->279613K(441344K), 0.0275180 secs] [Times: user=0.21 sys=0.00, real=0.03 secs] 
248.182: Total time for which application threads were stopped: 0.0276980 seconds, Stopping threads took: 0.0000930 seconds
248.225: Application time: 0.0432030 seconds
248.228: [GC [PSYoungGen: 134624K->18912K(134656K)] 395325K->305254K(441344K), 0.0316860 secs] [Times: user=0.24 sys=0.00, real=0.03 secs] 
248.259: [Full GC [PSYoungGen: 18912K->0K(134656K)] [ParOldGen: 286341K->121966K(306688K)] 305254K->121966K(441344K) [PSPermGen: 9150K->9150K(21504K)], 0.1367800 secs] [Times: user=1.00 sys=0.00, real=0.14 secs] 
248.396: Total time for which application threads were stopped: 0.1708220 seconds, Stopping threads took: 0.0021880 seconds
248.437: Application time: 0.0404880 seconds
248.437: [GC [PSYoungGen: 115712K->18912K(134656K)] 237678K->153196K(441344K), 0.0167860 secs] [Times: user=0.13 sys=0.00, real=0.02 secs] 
248.454: Total time for which application threads were stopped: 0.0169990 seconds, Stopping threads took: 0.0001240 seconds
248.508: Application time: 0.0547800 seconds
248.509: [GC [PSYoungGen: 134624K->18928K(134656K)] 268908K->174072K(441344K), 0.0260360 secs] [Times: user=0.20 sys=0.00, real=0.03 secs] 
248.535: Total time for which application threads were stopped: 0.0262140 seconds, Stopping threads took: 0.0000780 seconds
248.589: Application time: 0.0540910 seconds
248.589: [GC [PSYoungGen: 134640K->18928K(134656K)] 289784K->189650K(441344K), 0.0255520 secs] [Times: user=0.20 sys=0.00, real=0.03 secs] 
248.615: Total time for which application threads were stopped: 0.0257450 seconds, Stopping threads took: 0.0001000 seconds
248.657: Application time: 0.0422400 seconds
248.657: [GC [PSYoungGen: 134640K->18928K(134656K)] 305362K->217031K(441344K), 0.0315040 secs] [Times: user=0.24 sys=0.00, real=0.03 secs] 
248.688: Total time for which application threads were stopped: 0.0316670 seconds, Stopping threads took: 0.0000730 seconds
248.734: Application time: 0.0453120 seconds
248.734: [GC [PSYoungGen: 134640K->18928K(134656K)] 332743K->248420K(441344K), 0.0371540 secs] [Times: user=0.30 sys=0.00, real=0.03 secs] 
248.771: Total time for which application threads were stopped: 0.0373410 seconds, Stopping threads took: 0.0001010 seconds
248.829: Application time: 0.0583150 seconds
248.830: [GC [PSYoungGen: 134640K->18912K(134656K)] 364132K->265056K(441344K), 0.0330370 secs] [Times: user=0.26 sys=0.00, real=0.04 secs] 
248.863: Total time for which application threads were stopped: 0.0332020 seconds, Stopping threads took: 0.0000840 seconds
248.924: Application time: 0.0610380 seconds
248.924: [GC [PSYoungGen: 134624K->18928K(134656K)] 380768K->276178K(441344K), 0.0302400 secs] [Times: user=0.24 sys=0.00, real=0.03 secs] 
248.954: Total time for which application threads were stopped: 0.0303960 seconds, Stopping threads took: 0.0000700 seconds
248.998: Application time: 0.0443740 seconds
248.999: [GC [PSYoungGen: 134640K->18912K(134656K)] 391890K->301176K(441344K), 0.0343760 secs] [Times: user=0.27 sys=0.00, real=0.04 secs] 
249.033: [Full GC [PSYoungGen: 18912K->0K(134656K)] [ParOldGen: 282264K->112332K(306688K)] 301176K->112332K(441344K) [PSPermGen: 9150K->9150K(21504K)], 0.1228680 secs] [Times: user=0.89 sys=0.00, real=0.12 secs] 
249.156: Total time for which application threads were stopped: 0.1575240 seconds, Stopping threads took: 0.0001240 seconds
249.195: Application time: 0.0394090 seconds
249.195: [GC [PSYoungGen: 115712K->18923K(134656K)] 228044K->144215K(441344K), 0.0169030 secs] [Times: user=0.13 sys=0.00, real=0.02 secs] 
249.212: Total time for which application threads were stopped: 0.0170660 seconds, Stopping threads took: 0.0000640 seconds
249.268: Application time: 0.0554160 seconds
249.268: [GC [PSYoungGen: 134635K->18928K(134656K)] 259927K->167990K(441344K), 0.0270510 secs] [Times: user=0.21 sys=0.00, real=0.03 secs] 
249.295: Total time for which application threads were stopped: 0.0272120 seconds, Stopping threads took: 0.0000640 seconds
249.349: Application time: 0.0539110 seconds
249.349: [GC [PSYoungGen: 134640K->18928K(134656K)] 283702K->183883K(441344K), 0.0334250 secs] [Times: user=0.25 sys=0.00, real=0.04 secs] 
249.383: Total time for which application threads were stopped: 0.0335880 seconds, Stopping threads took: 0.0000830 seconds
249.425: Application time: 0.0423700 seconds
249.428: [GC [PSYoungGen: 134640K->18928K(134656K)] 299595K->212473K(441344K), 0.0374070 secs] [Times: user=0.29 sys=0.00, real=0.04 secs] 
249.465: Total time for which application threads were stopped: 0.0404190 seconds, Stopping threads took: 0.0029340 seconds
249.508: Application time: 0.0424620 seconds
249.508: [GC [PSYoungGen: 134640K->18928K(134656K)] 328185K->242134K(441344K), 0.0349370 secs] [Times: user=0.27 sys=0.00, real=0.04 secs] 
249.543: Total time for which application threads were stopped: 0.0351320 seconds, Stopping threads took: 0.0001090 seconds
249.600: Application time: 0.0574810 seconds
249.601: [GC [PSYoungGen: 134640K->18928K(134656K)] 357846K->259478K(441344K), 0.0329250 secs] [Times: user=0.25 sys=0.00, real=0.03 secs] 
249.634: Total time for which application threads were stopped: 0.0330720 seconds, Stopping threads took: 0.0000660 seconds
249.694: Application time: 0.0602050 seconds
249.694: [GC [PSYoungGen: 134640K->18928K(134656K)] 375190K->270143K(441344K), 0.0296280 secs] [Times: user=0.23 sys=0.00, real=0.03 secs] 
249.724: Total time for which application threads were stopped: 0.0298240 seconds, Stopping threads took: 0.0001050 seconds
249.767: Application time: 0.0435940 seconds
249.767: [GC [PSYoungGen: 134640K->18928K(134656K)] 385855K->295026K(441344K), 0.0337750 secs] [Times: user=0.27 sys=0.00, real=0.04 secs] 
249.801: [Full GC [PSYoungGen: 18928K->0K(134656K)] [ParOldGen: 276097K->111565K(306688K)] 295026K->111565K(441344K) [PSPermGen: 9150K->9150K(21504K)], 0.1191850 secs] [Times: user=0.88 sys=0.00, real=0.12 secs] 
249.920: Total time for which application threads were stopped: 0.1532100 seconds, Stopping threads took: 0.0000880 seconds
249.962: Application time: 0.0415380 seconds
249.962: [GC [PSYoungGen: 115688K->18927K(134656K)] 227253K->144512K(441344K), 0.0182930 secs] [Times: user=0.14 sys=0.00, real=0.02 secs] 
249.980: Total time for which application threads were stopped: 0.0184980 seconds, Stopping threads took: 0.0001180 seconds
250.034: Application time: 0.0533720 seconds
250.034: [GC [PSYoungGen: 134639K->18932K(134656K)] 260224K->167332K(441344K), 0.0257150 secs] [Times: user=0.20 sys=0.00, real=0.03 secs] 
250.060: Total time for which application threads were stopped: 0.0258710 seconds, Stopping threads took: 0.0000730 seconds
250.114: Application time: 0.0544480 seconds
250.114: [GC [PSYoungGen: 134644K->18939K(134656K)] 283044K->182348K(441344K), 0.0251640 secs] [Times: user=0.20 sys=0.00, real=0.02 secs] 
250.139: Total time for which application threads were stopped: 0.0253370 seconds, Stopping threads took: 0.0000820 seconds
250.183: Application time: 0.0437670 seconds
250.183: [GC [PSYoungGen: 134632K->18923K(134656K)] 298041K->208727K(441344K), 0.0298400 secs] [Times: user=0.24 sys=0.00, real=0.03 secs] 
250.213: Total time for which application threads were stopped: 0.0300070 seconds, Stopping threads took: 0.0000800 seconds
250.256: Application time: 0.0429350 seconds
250.256: [GC [PSYoungGen: 134635K->18939K(134656K)] 324439K->239957K(441344K), 0.0344050 secs] [Times: user=0.27 sys=0.00, real=0.03 secs] 
250.291: Total time for which application threads were stopped: 0.0345960 seconds, Stopping threads took: 0.0001020 seconds
250.346: Application time: 0.0556250 seconds
250.346: [GC [PSYoungGen: 134651K->18923K(134656K)] 355669K->258526K(441344K), 0.0328690 secs] [Times: user=0.24 sys=0.01, real=0.03 secs] 
250.379: Total time for which application threads were stopped: 0.0330390 seconds, Stopping threads took: 0.0000780 seconds
250.438: Application time: 0.0586820 seconds
250.440: [GC [PSYoungGen: 134183K->18923K(134656K)] 373785K->269988K(441344K), 0.0313560 secs] [Times: user=0.24 sys=0.00, real=0.02 secs] 
250.471: Total time for which application threads were stopped: 0.0329500 seconds, Stopping threads took: 0.0015100 seconds
250.515: Application time: 0.0437590 seconds
250.515: [GC [PSYoungGen: 134635K->18923K(134656K)] 385700K->295103K(441344K), 0.0330230 secs] [Times: user=0.26 sys=0.00, real=0.03 secs] 
250.548: [Full GC [PSYoungGen: 18923K->0K(134656K)] [ParOldGen: 276179K->119228K(306688K)] 295103K->119228K(441344K) [PSPermGen: 9150K->9150K(21504K)], 0.1306700 secs] [Times: user=0.96 sys=0.00, real=0.13 secs] 
250.679: Total time for which application threads were stopped: 0.1639150 seconds, Stopping threads took: 0.0000720 seconds
250.720: Application time: 0.0408170 seconds
250.720: [GC [PSYoungGen: 115712K->18931K(134656K)] 234940K->151932K(441344K), 0.0180200 secs] [Times: user=0.14 sys=0.00, real=0.01 secs] 
250.738: Total time for which application threads were stopped: 0.0182040 seconds, Stopping threads took: 0.0000940 seconds
250.791: Application time: 0.0536060 seconds
250.791: [GC [PSYoungGen: 134643K->18928K(134656K)] 267644K->174379K(441344K), 0.0266700 secs] [Times: user=0.21 sys=0.00, real=0.03 secs] 
250.818: Total time for which application threads were stopped: 0.0268200 seconds, Stopping threads took: 0.0000650 seconds
250.873: Application time: 0.0546030 seconds
250.873: [GC [PSYoungGen: 134640K->18912K(134656K)] 290091K->188294K(441344K), 0.0278190 secs] [Times: user=0.21 sys=0.00, real=0.03 secs] 
250.901: Total time for which application threads were stopped: 0.0279890 seconds, Stopping threads took: 0.0000750 seconds
250.943: Application time: 0.0424960 seconds
250.943: [GC [PSYoungGen: 134624K->18928K(134656K)] 304006K->215287K(441344K), 0.0341990 secs] [Times: user=0.26 sys=0.00, real=0.03 secs] 
250.978: Total time for which application threads were stopped: 0.0343610 seconds, Stopping threads took: 0.0000820 seconds
251.020: Application time: 0.0422210 seconds
251.020: [GC [PSYoungGen: 134640K->18928K(134656K)] 330999K->247262K(441344K), 0.0351830 secs] [Times: user=0.27 sys=0.00, real=0.03 secs] 
251.055: Total time for which application threads were stopped: 0.0353630 seconds, Stopping threads took: 0.0000910 seconds
251.111: Application time: 0.0560250 seconds
251.116: [GC [PSYoungGen: 134640K->18912K(134656K)] 362974K->266606K(441344K), 0.0330590 secs] [Times: user=0.26 sys=0.00, real=0.03 secs] 
251.149: Total time for which application threads were stopped: 0.0374650 seconds, Stopping threads took: 0.0043260 seconds
251.211: Application time: 0.0618620 seconds
251.211: [GC [PSYoungGen: 134624K->18912K(134656K)] 382318K->277294K(441344K), 0.0290820 secs] [Times: user=0.23 sys=0.00, real=0.04 secs] 
251.240: Total time for which application threads were stopped: 0.0292870 seconds, Stopping threads took: 0.0001210 seconds
251.286: Application time: 0.0458000 seconds
251.286: [GC [PSYoungGen: 134624K->18928K(134656K)] 393006K->301603K(441344K), 0.0341030 secs] [Times: user=0.27 sys=0.00, real=0.04 secs] 
251.320: [Full GC [PSYoungGen: 18928K->0K(134656K)] [ParOldGen: 282675K->123102K(306688K)] 301603K->123102K(441344K) [PSPermGen: 9150K->9150K(21504K)], 0.1379640 secs] [Times: user=1.03 sys=0.00, real=0.13 secs] 
251.458: Total time for which application threads were stopped: 0.1723130 seconds, Stopping threads took: 0.0000950 seconds
251.501: Application time: 0.0425610 seconds
251.501: [GC [PSYoungGen: 115712K->18915K(134656K)] 238814K->155073K(441344K), 0.0176180 secs] [Times: user=0.13 sys=0.00, real=0.01 secs] 
251.518: Total time for which application threads were stopped: 0.0178230 seconds, Stopping threads took: 0.0001050 seconds
251.570: Application time: 0.0511840 seconds
251.570: [GC [PSYoungGen: 134627K->18928K(134656K)] 270785K->177601K(441344K), 0.0259450 secs] [Times: user=0.21 sys=0.00, real=0.03 secs] 
251.596: Total time for which application threads were stopped: 0.0260880 seconds, Stopping threads took: 0.0000590 seconds
251.652: Application time: 0.0560270 seconds
251.652: [GC [PSYoungGen: 134640K->18928K(134656K)] 293313K->192038K(441344K), 0.0240220 secs] [Times: user=0.19 sys=0.00, real=0.02 secs] 
251.676: Total time for which application threads were stopped: 0.0241620 seconds, Stopping threads took: 0.0000560 seconds
251.717: Application time: 0.0412040 seconds
251.720: [GC [PSYoungGen: 134640K->18928K(134656K)] 307750K->219508K(441344K), 0.0296140 secs] [Times: user=0.23 sys=0.00, real=0.02 secs] 
251.749: Total time for which application threads were stopped: 0.0322250 seconds, Stopping threads took: 0.0025250 seconds
251.794: Application time: 0.0444240 seconds
251.794: [GC [PSYoungGen: 134640K->18928K(134656K)] 335220K->252798K(441344K), 0.0361090 secs] [Times: user=0.28 sys=0.00, real=0.03 secs] 
251.830: Total time for which application threads were stopped: 0.0362660 seconds, Stopping threads took: 0.0000720 seconds
251.886: Application time: 0.0557020 seconds
251.886: [GC [PSYoungGen: 134640K->18928K(134656K)] 368510K->270558K(441344K), 0.0294180 secs] [Times: user=0.23 sys=0.00, real=0.03 secs] 
251.915: Total time for which application threads were stopped: 0.0295620 seconds, Stopping threads took: 0.0000570 seconds
251.975: Application time: 0.0595490 seconds
251.975: [GC [PSYoungGen: 134640K->18928K(134656K)] 386270K->282033K(441344K), 0.0285850 secs] [Times: user=0.22 sys=0.00, real=0.03 secs] 
252.004: Total time for which application threads were stopped: 0.0287530 seconds, Stopping threads took: 0.0000730 seconds
252.050: Application time: 0.0469640 seconds
252.051: [GC [PSYoungGen: 134549K->18912K(134656K)] 397654K->304999K(441344K), 0.0301140 secs] [Times: user=0.24 sys=0.00, real=0.04 secs] 
252.081: [Full GC [PSYoungGen: 18912K->0K(134656K)] [ParOldGen: 286087K->118291K(306688K)] 304999K->118291K(441344K) [PSPermGen: 9150K->9150K(21504K)], 0.1291930 secs] [Times: user=0.94 sys=0.00, real=0.12 secs] 
252.210: Total time for which application threads were stopped: 0.1595630 seconds, Stopping threads took: 0.0000920 seconds
252.252: Application time: 0.0422320 seconds
252.252: [GC [PSYoungGen: 115712K->18942K(134656K)] 234003K->147995K(441344K), 0.0163360 secs] [Times: user=0.13 sys=0.00, real=0.01 secs] 
252.269: Total time for which application threads were stopped: 0.0165470 seconds, Stopping threads took: 0.0001220 seconds
252.319: Application time: 0.0501450 seconds
252.319: [GC [PSYoungGen: 134654K->18918K(134656K)] 263707K->173618K(441344K), 0.0258830 secs] [Times: user=0.20 sys=0.00, real=0.03 secs] 
252.345: Total time for which application threads were stopped: 0.0260460 seconds, Stopping threads took: 0.0000750 seconds
252.402: Application time: 0.0569140 seconds
252.404: [GC [PSYoungGen: 134630K->18934K(134656K)] 289330K->188521K(441344K), 0.0246770 secs] [Times: user=0.18 sys=0.00, real=0.02 secs] 
252.428: Total time for which application threads were stopped: 0.0263880 seconds, Stopping threads took: 0.0016240 seconds
252.469: Application time: 0.0405770 seconds
252.469: [GC [PSYoungGen: 134646K->18934K(134656K)] 304233K->215664K(441344K), 0.0302980 secs] [Times: user=0.22 sys=0.00, real=0.03 secs] 
252.499: Total time for which application threads were stopped: 0.0304700 seconds, Stopping threads took: 0.0000820 seconds
252.545: Application time: 0.0454480 seconds
252.545: [GC [PSYoungGen: 134646K->18918K(134656K)] 331376K->248367K(441344K), 0.0360990 secs] [Times: user=0.29 sys=0.00, real=0.04 secs] 
252.581: Total time for which application threads were stopped: 0.0362430 seconds, Stopping threads took: 0.0000580 seconds
252.637: Application time: 0.0557360 seconds
252.637: [GC [PSYoungGen: 134630K->18918K(134656K)] 364079K->267068K(441344K), 0.0320290 secs] [Times: user=0.25 sys=0.00, real=0.03 secs] 
252.669: Total time for which application threads were stopped: 0.0322060 seconds, Stopping threads took: 0.0000770 seconds
252.730: Application time: 0.0614060 seconds
252.731: [GC [PSYoungGen: 134630K->18934K(134656K)] 382780K->277625K(441344K), 0.0281380 secs] [Times: user=0.23 sys=0.00, real=0.03 secs] 
252.759: Total time for which application threads were stopped: 0.0283250 seconds, Stopping threads took: 0.0000970 seconds
252.806: Application time: 0.0477060 seconds
252.807: [GC [PSYoungGen: 134642K->18918K(134656K)] 393332K->299437K(441344K), 0.0316140 secs] [Times: user=0.25 sys=0.00, real=0.03 secs] 
252.838: [Full GC [PSYoungGen: 18918K->0K(134656K)] [ParOldGen: 280518K->115212K(306688K)] 299437K->115212K(441344K) [PSPermGen: 9150K->9150K(21504K)], 0.1273980 secs] [Times: user=0.94 sys=0.00, real=0.13 secs] 
252.966: Total time for which application threads were stopped: 0.1592900 seconds, Stopping threads took: 0.0001270 seconds
253.008: Application time: 0.0423530 seconds
253.008: [GC [PSYoungGen: 115630K->18921K(134656K)] 230843K->146348K(441344K), 0.0167570 secs] [Times: user=0.13 sys=0.00, real=0.02 secs] 
253.025: Total time for which application threads were stopped: 0.0169290 seconds, Stopping threads took: 0.0000840 seconds
253.074: Application time: 0.0494000 seconds
253.075: [GC [PSYoungGen: 134633K->18935K(134656K)] 262060K->172863K(441344K), 0.0267940 secs] [Times: user=0.21 sys=0.00, real=0.03 secs] 
253.101: Total time for which application threads were stopped: 0.0270000 seconds, Stopping threads took: 0.0001170 seconds
253.158: Application time: 0.0560800 seconds
253.158: [GC [PSYoungGen: 134647K->18935K(134656K)] 288575K->188888K(441344K), 0.0246720 secs] [Times: user=0.19 sys=0.00, real=0.03 secs] 
253.182: Total time for which application threads were stopped: 0.0248400 seconds, Stopping threads took: 0.0000690 seconds
253.223: Application time: 0.0409060 seconds
253.223: [GC [PSYoungGen: 134647K->18912K(134656K)] 304600K->215140K(441344K), 0.0284090 secs] [Times: user=0.22 sys=0.00, real=0.03 secs] 
253.252: Total time for which application threads were stopped: 0.0285830 seconds, Stopping threads took: 0.0000820 seconds
253.298: Application time: 0.0463390 seconds
253.298: [GC [PSYoungGen: 134624K->18912K(134656K)] 330852K->246638K(441344K), 0.0344990 secs] [Times: user=0.27 sys=0.00, real=0.04 secs] 
253.333: Total time for which application threads were stopped: 0.0346600 seconds, Stopping threads took: 0.0000730 seconds
253.387: Application time: 0.0543590 seconds
253.387: [GC [PSYoungGen: 134624K->18928K(134656K)] 362350K->265586K(441344K), 0.0311690 secs] [Times: user=0.24 sys=0.00, real=0.03 secs] 
253.419: Total time for which application threads were stopped: 0.0313450 seconds, Stopping threads took: 0.0000680 seconds
253.482: Application time: 0.0629220 seconds
253.482: [GC [PSYoungGen: 134640K->18912K(134656K)] 381298K->275814K(441344K), 0.0276270 secs] [Times: user=0.21 sys=0.00, real=0.02 secs] 
253.509: Total time for which application threads were stopped: 0.0277840 seconds, Stopping threads took: 0.0000750 seconds
253.556: Application time: 0.0467130 seconds
253.556: [GC [PSYoungGen: 134624K->18928K(134656K)] 391526K->298619K(441344K), 0.0304280 secs] [Times: user=0.24 sys=0.00, real=0.03 secs] 
253.587: [Full GC [PSYoungGen: 18928K->0K(134656K)] [ParOldGen: 279690K->120258K(306688K)] 298619K->120258K(441344K) [PSPermGen: 9150K->9150K(21504K)], 0.1350280 secs] [Times: user=1.00 sys=0.00, real=0.14 secs] 
253.722: Total time for which application threads were stopped: 0.1656650 seconds, Stopping threads took: 0.0000620 seconds
253.764: Application time: 0.0421900 seconds
253.764: [GC [PSYoungGen: 115712K->18936K(134656K)] 235970K->150365K(441344K), 0.0163850 secs] [Times: user=0.13 sys=0.00, real=0.02 secs] 
253.780: Total time for which application threads were stopped: 0.0165760 seconds, Stopping threads took: 0.0000880 seconds
253.828: Application time: 0.0477970 seconds
253.828: [GC [PSYoungGen: 134648K->18912K(134656K)] 266077K->175515K(441344K), 0.0256010 secs] [Times: user=0.20 sys=0.00, real=0.03 secs] 
253.854: Total time for which application threads were stopped: 0.0257450 seconds, Stopping threads took: 0.0000580 seconds
253.908: Application time: 0.0543770 seconds
253.912: [GC [PSYoungGen: 134624K->18912K(134656K)] 291227K->193712K(441344K), 0.0281570 secs] [Times: user=0.21 sys=0.00, real=0.03 secs] 
253.940: Total time for which application threads were stopped: 0.0314400 seconds, Stopping threads took: 0.0031910 seconds
253.983: Application time: 0.0430030 seconds
253.983: [GC [PSYoungGen: 134624K->18912K(134656K)] 309424K->219180K(441344K), 0.0316600 secs] [Times: user=0.24 sys=0.00, real=0.03 secs] 
254.015: Total time for which application threads were stopped: 0.0318260 seconds, Stopping threads took: 0.0000810 seconds
254.062: Application time: 0.0472970 seconds
254.062: [GC [PSYoungGen: 134624K->18912K(134656K)] 334892K->248505K(441344K), 0.0340260 secs] [Times: user=0.27 sys=0.00, real=0.03 secs] 
254.096: Total time for which application threads were stopped: 0.0342060 seconds, Stopping threads took: 0.0000920 seconds
254.150: Application time: 0.0535170 seconds
254.150: [GC [PSYoungGen: 134624K->18912K(134656K)] 364217K->268491K(441344K), 0.0319380 secs] [Times: user=0.25 sys=0.00, real=0.04 secs] 
254.182: Total time for which application threads were stopped: 0.0321270 seconds, Stopping threads took: 0.0000980 seconds
254.244: Application time: 0.0623670 seconds
254.244: [GC [PSYoungGen: 134624K->18928K(134656K)] 384203K->279584K(441344K), 0.0293210 secs] [Times: user=0.23 sys=0.00, real=0.03 secs] 
254.274: Total time for which application threads were stopped: 0.0294980 seconds, Stopping threads took: 0.0000900 seconds
254.321: Application time: 0.0474000 seconds
254.324: [GC [PSYoungGen: 134640K->18928K(134656K)] 395296K->301926K(441344K), 0.0324380 secs] [Times: user=0.25 sys=0.00, real=0.03 secs] 
254.356: [Full GC [PSYoungGen: 18928K->0K(134656K)] [ParOldGen: 282998K->121919K(306688K)] 301926K->121919K(441344K) [PSPermGen: 9150K->9150K(21504K)], 0.1381870 secs] [Times: user=1.03 sys=0.00, real=0.14 secs] 
254.494: Total time for which application threads were stopped: 0.1732370 seconds, Stopping threads took: 0.0024600 seconds
254.540: Application time: 0.0454430 seconds
254.540: [GC [PSYoungGen: 115712K->18912K(134656K)] 237631K->150805K(441344K), 0.0162430 secs] [Times: user=0.13 sys=0.00, real=0.01 secs] 
254.556: Total time for which application threads were stopped: 0.0164340 seconds, Stopping threads took: 0.0000990 seconds
254.604: Application time: 0.0480410 seconds
254.604: [GC [PSYoungGen: 134624K->18928K(134656K)] 266517K->176252K(441344K), 0.0255060 secs] [Times: user=0.19 sys=0.00, real=0.02 secs] 
254.630: Total time for which application threads were stopped: 0.0257030 seconds, Stopping threads took: 0.0001070 seconds
254.680: Application time: 0.0501570 seconds
254.680: [GC [PSYoungGen: 134640K->18912K(134656K)] 291964K->196868K(441344K), 0.0254890 secs] [Times: user=0.21 sys=0.00, real=0.02 secs] 
254.706: Total time for which application threads were stopped: 0.0256530 seconds, Stopping threads took: 0.0000760 seconds
254.749: Application time: 0.0435700 seconds
254.752: [GC [PSYoungGen: 134624K->18928K(134656K)] 312580K->222211K(441344K), 0.0274380 secs] [Times: user=0.22 sys=0.00, real=0.02 secs] 
254.779: Total time for which application threads were stopped: 0.0297620 seconds, Stopping threads took: 0.0022340 seconds
254.826: Application time: 0.0469540 seconds
254.826: [GC [PSYoungGen: 134640K->18912K(134656K)] 337923K->249928K(441344K), 0.0317320 secs] [Times: user=0.25 sys=0.00, real=0.03 secs] 
254.858: Total time for which application threads were stopped: 0.0319130 seconds, Stopping threads took: 0.0000810 seconds
254.911: Application time: 0.0532140 seconds
254.911: [GC [PSYoungGen: 134624K->18928K(134656K)] 365640K->271244K(441344K), 0.0307570 secs] [Times: user=0.24 sys=0.00, real=0.04 secs] 
254.942: Total time for which application threads were stopped: 0.0309230 seconds, Stopping threads took: 0.0000790 seconds
255.003: Application time: 0.0610930 seconds
255.003: [GC [PSYoungGen: 134640K->18912K(134656K)] 386956K->282032K(441344K), 0.0268430 secs] [Times: user=0.21 sys=0.00, real=0.02 secs] 
255.030: Total time for which application threads were stopped: 0.0270120 seconds, Stopping threads took: 0.0000880 seconds
255.077: Application time: 0.0472130 seconds
255.078: [GC [PSYoungGen: 134624K->18912K(134656K)] 397744K->304602K(441344K), 0.0298680 secs] [Times: user=0.24 sys=0.00, real=0.03 secs] 
255.107: [Full GC [PSYoungGen: 18912K->0K(134656K)] [ParOldGen: 285689K->123231K(306688K)] 304602K->123231K(441344K) [PSPermGen: 9150K->9150K(21504K)], 0.1404570 secs] [Times: user=1.03 sys=0.00, real=0.14 secs] 
255.248: Total time for which application threads were stopped: 0.1705410 seconds, Stopping threads took: 0.0000660 seconds
255.292: Application time: 0.0436760 seconds
255.292: [GC [PSYoungGen: 115712K->18916K(134656K)] 238943K->151218K(441344K), 0.0159030 secs] [Times: user=0.12 sys=0.00, real=0.01 secs] 
255.308: Total time for which application threads were stopped: 0.0160720 seconds, Stopping threads took: 0.0000790 seconds
255.358: Application time: 0.0503780 seconds
255.358: [GC [PSYoungGen: 134628K->18928K(134656K)] 266930K->175514K(441344K), 0.0254430 secs] [Times: user=0.20 sys=0.00, real=0.03 secs] 
255.384: Total time for which application threads were stopped: 0.0256250 seconds, Stopping threads took: 0.0000760 seconds
255.437: Application time: 0.0529030 seconds
255.440: [GC [PSYoungGen: 134640K->18928K(134656K)] 291226K->196963K(441344K), 0.0272230 secs] [Times: user=0.21 sys=0.00, real=0.02 secs] 
255.467: Total time for which application threads were stopped: 0.0302200 seconds, Stopping threads took: 0.0029100 seconds
255.509: Application time: 0.0423020 seconds
255.509: [GC [PSYoungGen: 134640K->18912K(134656K)] 312675K->221454K(441344K), 0.0303060 secs] [Times: user=0.22 sys=0.00, real=0.04 secs] 
255.540: Total time for which application threads were stopped: 0.0304560 seconds, Stopping threads took: 0.0000650 seconds
255.587: Application time: 0.0474440 seconds
255.587: [GC [PSYoungGen: 134624K->18912K(134656K)] 337166K->251948K(441344K), 0.0345070 secs] [Times: user=0.27 sys=0.00, real=0.04 secs] 
255.622: Total time for which application threads were stopped: 0.0346830 seconds, Stopping threads took: 0.0000910 seconds
255.675: Application time: 0.0527570 seconds
255.675: [GC [PSYoungGen: 134624K->18928K(134656K)] 367660K->272583K(441344K), 0.0323500 secs] [Times: user=0.26 sys=0.00, real=0.03 secs] 
255.707: Total time for which application threads were stopped: 0.0325310 seconds, Stopping threads took: 0.0000930 seconds
255.768: Application time: 0.0612750 seconds
255.768: [GC [PSYoungGen: 134640K->18928K(134656K)] 388295K->282804K(441344K), 0.0310030 secs] [Times: user=0.23 sys=0.00, real=0.03 secs] 
255.800: Total time for which application threads were stopped: 0.0311620 seconds, Stopping threads took: 0.0000780 seconds
255.846: Application time: 0.0464860 seconds
255.846: [GC [PSYoungGen: 134640K->18912K(134656K)] 398516K->305250K(441344K), 0.0317310 secs] [Times: user=0.26 sys=0.00, real=0.03 secs] 
255.878: [Full GC [PSYoungGen: 18912K->0K(134656K)] [ParOldGen: 286338K->124136K(306688K)] 305250K->124136K(441344K) [PSPermGen: 9150K->9150K(21504K)], 0.1419760 secs] [Times: user=1.05 sys=0.00, real=0.15 secs] 
256.020: Total time for which application threads were stopped: 0.1739250 seconds, Stopping threads took: 0.0000730 seconds
256.067: Application time: 0.0469120 seconds
256.068: [GC [PSYoungGen: 115712K->18939K(134656K)] 239848K->151648K(441344K), 0.0164690 secs] [Times: user=0.12 sys=0.00, real=0.02 secs] 
256.084: Total time for which application threads were stopped: 0.0173240 seconds, Stopping threads took: 0.0007550 seconds
256.134: Application time: 0.0498570 seconds
256.134: [GC [PSYoungGen: 134651K->18912K(134656K)] 267360K->176086K(441344K), 0.0251200 secs] [Times: user=0.19 sys=0.00, real=0.02 secs] 
256.159: Total time for which application threads were stopped: 0.0252980 seconds, Stopping threads took: 0.0000870 seconds
256.212: Application time: 0.0526610 seconds
256.212: [GC [PSYoungGen: 134368K->18928K(134656K)] 291542K->196566K(441344K), 0.0265220 secs] [Times: user=0.21 sys=0.00, real=0.02 secs] 
256.239: Total time for which application threads were stopped: 0.0267320 seconds, Stopping threads took: 0.0001250 seconds
256.283: Application time: 0.0439610 seconds
256.283: [GC [PSYoungGen: 134640K->18912K(134656K)] 312278K->220172K(441344K), 0.0274690 secs] [Times: user=0.22 sys=0.00, real=0.02 secs] 
256.310: Total time for which application threads were stopped: 0.0276610 seconds, Stopping threads took: 0.0001020 seconds
256.355: Application time: 0.0451130 seconds
256.356: [GC [PSYoungGen: 134615K->18928K(134656K)] 335875K->251853K(441344K), 0.0343500 secs] [Times: user=0.26 sys=0.00, real=0.03 secs] 
256.390: Total time for which application threads were stopped: 0.0345320 seconds, Stopping threads took: 0.0000920 seconds
256.444: Application time: 0.0540090 seconds
256.448: [GC [PSYoungGen: 134640K->18928K(134656K)] 367565K->274002K(441344K), 0.0316850 secs] [Times: user=0.25 sys=0.00, real=0.03 secs] 
256.479: Total time for which application threads were stopped: 0.0353390 seconds, Stopping threads took: 0.0035710 seconds
256.538: Application time: 0.0585180 seconds
256.538: [GC [PSYoungGen: 134605K->18928K(134656K)] 389680K->284305K(441344K), 0.0263840 secs] [Times: user=0.21 sys=0.00, real=0.03 secs] 
256.564: Total time for which application threads were stopped: 0.0265500 seconds, Stopping threads took: 0.0000840 seconds
256.613: Application time: 0.0488500 seconds
256.613: [GC [PSYoungGen: 134604K->18928K(134656K)] 399981K->304455K(441344K), 0.0299370 secs] [Times: user=0.24 sys=0.00, real=0.03 secs] 
256.643: [Full GC [PSYoungGen: 18928K->0K(134656K)] [ParOldGen: 285527K->123601K(306688K)] 304455K->123601K(441344K) [PSPermGen: 9150K->9150K(21504K)], 0.1408760 secs] [Times: user=1.04 sys=0.01, real=0.14 secs] 
256.784: Total time for which application threads were stopped: 0.1710750 seconds, Stopping threads took: 0.0000930 seconds
256.832: Application time: 0.0477630 seconds
256.832: [GC [PSYoungGen: 115712K->18936K(134656K)] 239313K->148808K(441344K), 0.0154680 secs] [Times: user=0.12 sys=0.00, real=0.01 secs] 
256.848: Total time for which application threads were stopped: 0.0156340 seconds, Stopping threads took: 0.0000790 seconds
256.896: Application time: 0.0484500 seconds
256.896: [GC [PSYoungGen: 134648K->18920K(134656K)] 264520K->173543K(441344K), 0.0251640 secs] [Times: user=0.20 sys=0.00, real=0.03 secs] 
256.922: Total time for which application threads were stopped: 0.0253430 seconds, Stopping threads took: 0.0000900 seconds
256.972: Application time: 0.0505740 seconds
256.976: [GC [PSYoungGen: 134632K->18937K(134656K)] 289255K->197252K(441344K), 0.0278170 secs] [Times: user=0.22 sys=0.01, real=0.03 secs] 
257.003: Total time for which application threads were stopped: 0.0313550 seconds, Stopping threads took: 0.0034480 seconds
257.050: Application time: 0.0462420 seconds
257.050: [GC [PSYoungGen: 134649K->18921K(134656K)] 312964K->222041K(441344K), 0.0288950 secs] [Times: user=0.23 sys=0.00, real=0.03 secs] 
257.079: Total time for which application threads were stopped: 0.0290770 seconds, Stopping threads took: 0.0000920 seconds
257.127: Application time: 0.0477620 seconds
257.127: [GC [PSYoungGen: 134633K->18921K(134656K)] 337753K->254197K(441344K), 0.0339520 secs] [Times: user=0.27 sys=0.00, real=0.04 secs] 
257.161: Total time for which application threads were stopped: 0.0341320 seconds, Stopping threads took: 0.0000780 seconds
257.214: Application time: 0.0528490 seconds
257.214: [GC [PSYoungGen: 134633K->18921K(134656K)] 369909K->277242K(441344K), 0.0329390 secs] [Times: user=0.26 sys=0.00, real=0.03 secs] 
257.247: Total time for which application threads were stopped: 0.0331300 seconds, Stopping threads took: 0.0001070 seconds
257.306: Application time: 0.0595970 seconds
257.306: [GC [PSYoungGen: 134633K->18921K(134656K)] 392954K->288831K(441344K), 0.0268760 secs] [Times: user=0.21 sys=0.00, real=0.03 secs] 
257.333: [Full GC [PSYoungGen: 18921K->0K(134656K)] [ParOldGen: 269910K->131289K(306688K)] 288831K->131289K(441344K) [PSPermGen: 9150K->9150K(21504K)], 0.1557810 secs] [Times: user=1.16 sys=0.00, real=0.15 secs] 
257.489: Total time for which application threads were stopped: 0.1829050 seconds, Stopping threads took: 0.0000890 seconds
257.540: Application time: 0.0508450 seconds
257.540: [GC [PSYoungGen: 115712K->18922K(134656K)] 247001K->150907K(441344K), 0.0126440 secs] [Times: user=0.10 sys=0.00, real=0.01 secs] 
257.553: Total time for which application threads were stopped: 0.0128400 seconds, Stopping threads took: 0.0001060 seconds
257.602: Application time: 0.0494700 seconds
257.602: [GC [PSYoungGen: 134634K->18912K(134656K)] 266619K->173105K(441344K), 0.0234130 secs] [Times: user=0.19 sys=0.00, real=0.02 secs] 
257.626: Total time for which application threads were stopped: 0.0235970 seconds, Stopping threads took: 0.0000940 seconds
257.675: Application time: 0.0489960 seconds
257.675: [GC [PSYoungGen: 134624K->18928K(134656K)] 288817K->196975K(441344K), 0.0273940 secs] [Times: user=0.20 sys=0.00, real=0.03 secs] 
257.703: Total time for which application threads were stopped: 0.0275790 seconds, Stopping threads took: 0.0000850 seconds
257.752: Application time: 0.0499520 seconds
257.753: [GC [PSYoungGen: 134640K->18928K(134656K)] 312687K->220049K(441344K), 0.0284920 secs] [Times: user=0.23 sys=0.00, real=0.03 secs] 
257.781: Total time for which application threads were stopped: 0.0286670 seconds, Stopping threads took: 0.0000870 seconds
257.825: Application time: 0.0441810 seconds
257.825: [GC [PSYoungGen: 134640K->18912K(134656K)] 335761K->246539K(441344K), 0.0296430 secs] [Times: user=0.23 sys=0.00, real=0.03 secs] 
257.855: Total time for which application threads were stopped: 0.0298100 seconds, Stopping threads took: 0.0000800 seconds
257.898: Application time: 0.0425640 seconds
257.898: [GC [PSYoungGen: 134624K->18928K(134656K)] 362251K->278814K(441344K), 0.0333690 secs] [Times: user=0.27 sys=0.00, real=0.03 secs] 
257.931: Total time for which application threads were stopped: 0.0335520 seconds, Stopping threads took: 0.0000960 seconds
257.983: Application time: 0.0516820 seconds
257.984: [GC [PSYoungGen: 134640K->18912K(134656K)] 394526K->302269K(441344K), 0.0321050 secs] [Times: user=0.25 sys=0.00, real=0.03 secs] 
258.016: [Full GC [PSYoungGen: 18912K->0K(134656K)] [ParOldGen: 283357K->150376K(306688K)] 302269K->150376K(441344K) [PSPermGen: 9150K->9150K(21504K)], 0.1865050 secs] [Times: user=1.40 sys=0.00, real=0.19 secs] 
258.202: Total time for which application threads were stopped: 0.2193590 seconds, Stopping threads took: 0.0006020 seconds
258.258: Application time: 0.0559890 seconds
258.258: [GC [PSYoungGen: 115712K->13143K(134656K)] 266088K->163520K(441344K), 0.0104190 secs] [Times: user=0.08 sys=0.00, real=0.01 secs] 
258.269: Total time for which application threads were stopped: 0.0106080 seconds, Stopping threads took: 0.0000920 seconds
258.321: Application time: 0.0518900 seconds
258.321: [GC [PSYoungGen: 128855K->18912K(134656K)] 279232K->182181K(441344K), 0.0209930 secs] [Times: user=0.17 sys=0.00, real=0.02 secs] 
258.342: Total time for which application threads were stopped: 0.0211820 seconds, Stopping threads took: 0.0000980 seconds
258.394: Application time: 0.0516460 seconds
258.394: [GC [PSYoungGen: 134624K->18928K(134656K)] 297893K->202799K(441344K), 0.0263420 secs] [Times: user=0.21 sys=0.00, real=0.03 secs] 
258.420: Total time for which application threads were stopped: 0.0265460 seconds, Stopping threads took: 0.0000930 seconds
258.471: Application time: 0.0507430 seconds
258.471: [GC [PSYoungGen: 134640K->18928K(134656K)] 318511K->225820K(441344K), 0.0301570 secs] [Times: user=0.23 sys=0.00, real=0.04 secs] 
258.501: Total time for which application threads were stopped: 0.0303440 seconds, Stopping threads took: 0.0001000 seconds
258.551: Application time: 0.0497470 seconds
258.552: [GC [PSYoungGen: 134640K->18928K(134656K)] 341532K->249197K(441344K), 0.0299640 secs] [Times: user=0.23 sys=0.00, real=0.03 secs] 
258.582: Total time for which application threads were stopped: 0.0306260 seconds, Stopping threads took: 0.0005750 seconds
258.626: Application time: 0.0447090 seconds
258.626: [GC [PSYoungGen: 134640K->18928K(134656K)] 364909K->277321K(441344K), 0.0313050 secs] [Times: user=0.25 sys=0.00, real=0.03 secs] 
258.658: Total time for which application threads were stopped: 0.0314900 seconds, Stopping threads took: 0.0000960 seconds
258.701: Application time: 0.0436380 seconds
258.702: [GC [PSYoungGen: 134640K->18912K(134656K)] 393033K->309369K(441344K), 0.0336900 secs] [Times: user=0.27 sys=0.00, real=0.03 secs] 
258.735: [Full GC [PSYoungGen: 18912K->0K(134656K)] [ParOldGen: 290456K->144250K(306688K)] 309369K->144250K(441344K) [PSPermGen: 9150K->9150K(21504K)], 0.1673470 secs] [Times: user=1.24 sys=0.00, real=0.17 secs] 
258.903: Total time for which application threads were stopped: 0.2012780 seconds, Stopping threads took: 0.0000840 seconds
258.955: Application time: 0.0524650 seconds
258.955: [GC [PSYoungGen: 115712K->18930K(134656K)] 259962K->168564K(441344K), 0.0170670 secs] [Times: user=0.13 sys=0.00, real=0.02 secs] 
258.973: Total time for which application threads were stopped: 0.0172790 seconds, Stopping threads took: 0.0001150 seconds
259.030: Application time: 0.0573790 seconds
259.030: [GC [PSYoungGen: 134642K->18930K(134656K)] 284276K->179660K(441344K), 0.0211750 secs] [Times: user=0.17 sys=0.00, real=0.02 secs] 
259.051: Total time for which application threads were stopped: 0.0213390 seconds, Stopping threads took: 0.0000800 seconds
259.105: Application time: 0.0536760 seconds
259.105: [GC [PSYoungGen: 134642K->18914K(134656K)] 295372K->197532K(441344K), 0.0271240 secs] [Times: user=0.21 sys=0.00, real=0.03 secs] 
259.132: Total time for which application threads were stopped: 0.0273060 seconds, Stopping threads took: 0.0000940 seconds
259.182: Application time: 0.0500610 seconds
259.184: [GC [PSYoungGen: 134626K->18930K(134656K)] 313244K->218263K(441344K), 0.0292800 secs] [Times: user=0.23 sys=0.00, real=0.03 secs] 
259.213: Total time for which application threads were stopped: 0.0306470 seconds, Stopping threads took: 0.0012780 seconds
259.262: Application time: 0.0493280 seconds
259.262: [GC [PSYoungGen: 134642K->18912K(134656K)] 333975K->240636K(441344K), 0.0296010 secs] [Times: user=0.23 sys=0.01, real=0.03 secs] 
259.292: Total time for which application threads were stopped: 0.0297670 seconds, Stopping threads took: 0.0000790 seconds
259.340: Application time: 0.0482250 seconds
259.344: [GC [PSYoungGen: 134596K->18928K(134656K)] 356320K->264909K(441344K), 0.0284690 secs] [Times: user=0.22 sys=0.00, real=0.03 secs] 
259.372: Total time for which application threads were stopped: 0.0318390 seconds, Stopping threads took: 0.0032800 seconds
259.415: Application time: 0.0433600 seconds
259.416: [GC [PSYoungGen: 134640K->18912K(134656K)] 380621K->293479K(441344K), 0.0305040 secs] [Times: user=0.23 sys=0.00, real=0.03 secs] 
259.446: [Full GC [PSYoungGen: 18912K->0K(134656K)] [ParOldGen: 274566K->131793K(306688K)] 293479K->131793K(441344K) [PSPermGen: 9150K->9150K(21504K)], 0.1485240 secs] [Times: user=1.11 sys=0.00, real=0.15 secs] 
259.595: Total time for which application threads were stopped: 0.1792480 seconds, Stopping threads took: 0.0000700 seconds
259.637: Application time: 0.0423140 seconds
259.640: [GC [PSYoungGen: 115712K->18913K(134656K)] 247505K->164636K(441344K), 0.0180770 secs] [Times: user=0.15 sys=0.00, real=0.01 secs] 
259.658: Total time for which application threads were stopped: 0.0207250 seconds, Stopping threads took: 0.0025460 seconds
259.710: Application time: 0.0520250 seconds
259.712: [GC [PSYoungGen: 134625K->18928K(134656K)] 280348K->188195K(441344K), 0.0264160 secs] [Times: user=0.21 sys=0.00, real=0.02 secs] 
259.738: Total time for which application threads were stopped: 0.0283050 seconds, Stopping threads took: 0.0018020 seconds
259.795: Application time: 0.0565790 seconds
259.795: [GC [PSYoungGen: 134640K->18912K(134656K)] 303907K->200700K(441344K), 0.0221920 secs] [Times: user=0.17 sys=0.00, real=0.02 secs] 
259.817: Total time for which application threads were stopped: 0.0223990 seconds, Stopping threads took: 0.0001210 seconds
259.870: Application time: 0.0528020 seconds
259.870: [GC [PSYoungGen: 134624K->18928K(134656K)] 316412K->218188K(441344K), 0.0263370 secs] [Times: user=0.21 sys=0.00, real=0.03 secs] 
259.896: Total time for which application threads were stopped: 0.0265060 seconds, Stopping threads took: 0.0000810 seconds
259.945: Application time: 0.0489730 seconds
259.946: [GC [PSYoungGen: 134640K->18912K(134656K)] 333900K->239638K(441344K), 0.0336790 secs] [Times: user=0.24 sys=0.00, real=0.03 secs] 
259.979: Total time for which application threads were stopped: 0.0338540 seconds, Stopping threads took: 0.0000910 seconds
260.031: Application time: 0.0518350 seconds
260.031: [GC [PSYoungGen: 134624K->18928K(134656K)] 355350K->262915K(441344K), 0.0386580 secs] [Times: user=0.30 sys=0.00, real=0.04 secs] 
260.070: Total time for which application threads were stopped: 0.0388060 seconds, Stopping threads took: 0.0000710 seconds
260.119: Application time: 0.0492150 seconds
260.119: [GC [PSYoungGen: 134640K->18912K(134656K)] 378627K->287317K(441344K), 0.0315150 secs] [Times: user=0.25 sys=0.00, real=0.03 secs] 
260.151: Total time for which application threads were stopped: 0.0317050 seconds, Stopping threads took: 0.0000990 seconds
260.198: Application time: 0.0473690 seconds
260.200: [GC [PSYoungGen: 134624K->18928K(134656K)] 403029K->313783K(441344K), 0.0334910 secs] [Times: user=0.26 sys=0.01, real=0.03 secs] 
260.233: [Full GC [PSYoungGen: 18928K->0K(134656K)] [ParOldGen: 294855K->131099K(306688K)] 313783K->131099K(441344K) [PSPermGen: 9150K->9150K(21504K)], 0.1500930 secs] [Times: user=1.11 sys=0.00, real=0.15 secs] 
260.383: Total time for which application threads were stopped: 0.1851730 seconds, Stopping threads took: 0.0014190 seconds
260.426: Application time: 0.0423430 seconds
260.426: [GC [PSYoungGen: 115664K->18919K(134656K)] 246763K->161117K(441344K), 0.0158940 secs] [Times: user=0.12 sys=0.00, real=0.02 secs] 
260.442: Total time for which application threads were stopped: 0.0160990 seconds, Stopping threads took: 0.0001170 seconds
260.491: Application time: 0.0489390 seconds
260.491: [GC [PSYoungGen: 134631K->18912K(134656K)] 276829K->186657K(441344K), 0.0256460 secs] [Times: user=0.21 sys=0.00, real=0.03 secs] 
260.517: Total time for which application threads were stopped: 0.0258100 seconds, Stopping threads took: 0.0000770 seconds
260.573: Application time: 0.0566940 seconds
260.573: [GC [PSYoungGen: 134624K->18928K(134656K)] 302369K->201154K(441344K), 0.0240780 secs] [Times: user=0.19 sys=0.00, real=0.02 secs] 
260.597: Total time for which application threads were stopped: 0.0242390 seconds, Stopping threads took: 0.0000740 seconds
260.653: Application time: 0.0557270 seconds
260.653: [GC [PSYoungGen: 134640K->18912K(134656K)] 316866K->218663K(441344K), 0.0263470 secs] [Times: user=0.21 sys=0.00, real=0.03 secs] 
260.680: Total time for which application threads were stopped: 0.0265120 seconds, Stopping threads took: 0.0000770 seconds
260.728: Application time: 0.0487380 seconds
260.732: [GC [PSYoungGen: 134624K->18912K(134656K)] 334375K->239910K(441344K), 0.0286690 secs] [Times: user=0.23 sys=0.00, real=0.03 secs] 
260.760: Total time for which application threads were stopped: 0.0319030 seconds, Stopping threads took: 0.0031310 seconds
260.810: Application time: 0.0498180 seconds
260.810: [GC [PSYoungGen: 134624K->18928K(134656K)] 355622K->262640K(441344K), 0.0290540 secs] [Times: user=0.23 sys=0.00, real=0.03 secs] 
260.839: Total time for which application threads were stopped: 0.0292290 seconds, Stopping threads took: 0.0000870 seconds
260.887: Application time: 0.0475910 seconds
260.887: [GC [PSYoungGen: 134640K->18928K(134656K)] 378352K->287277K(441344K), 0.0292490 secs] [Times: user=0.23 sys=0.00, real=0.03 secs] 
260.916: Total time for which application threads were stopped: 0.0294310 seconds, Stopping threads took: 0.0000940 seconds
260.965: Application time: 0.0489980 seconds
260.966: [GC [PSYoungGen: 134640K->18928K(134656K)] 402989K->312189K(441344K), 0.0306170 secs] [Times: user=0.24 sys=0.00, real=0.03 secs] 
260.996: [Full GC [PSYoungGen: 18928K->0K(134656K)] [ParOldGen: 293261K->128055K(306688K)] 312189K->128055K(441344K) [PSPermGen: 9150K->9150K(21504K)], 0.1465470 secs] [Times: user=1.08 sys=0.00, real=0.15 secs] 
261.143: Total time for which application threads were stopped: 0.1774180 seconds, Stopping threads took: 0.0000910 seconds
261.185: Application time: 0.0424530 seconds
261.185: [GC [PSYoungGen: 115712K->18921K(134656K)] 243767K->157643K(441344K), 0.0156400 secs] [Times: user=0.12 sys=0.00, real=0.02 secs] 
261.201: Total time for which application threads were stopped: 0.0158130 seconds, Stopping threads took: 0.0000880 seconds
261.249: Application time: 0.0476000 seconds
261.249: [GC [PSYoungGen: 134633K->18912K(134656K)] 273355K->185113K(441344K), 0.0256120 secs] [Times: user=0.20 sys=0.00, real=0.03 secs] 
261.275: Total time for which application threads were stopped: 0.0257960 seconds, Stopping threads took: 0.0000840 seconds
261.330: Application time: 0.0557320 seconds
261.330: [GC [PSYoungGen: 134526K->18928K(134656K)] 300728K->200333K(441344K), 0.0239630 secs] [Times: user=0.19 sys=0.00, real=0.03 secs] 
261.354: Total time for which application threads were stopped: 0.0241480 seconds, Stopping threads took: 0.0000980 seconds
261.411: Application time: 0.0567500 seconds
261.411: [GC [PSYoungGen: 134640K->18928K(134656K)] 316045K->217561K(441344K), 0.0263260 secs] [Times: user=0.21 sys=0.00, real=0.03 secs] 
261.438: Total time for which application threads were stopped: 0.0264770 seconds, Stopping threads took: 0.0000640 seconds
261.488: Application time: 0.0501980 seconds
261.488: [GC [PSYoungGen: 134640K->18928K(134656K)] 333273K->239217K(441344K), 0.0282630 secs] [Times: user=0.22 sys=0.00, real=0.03 secs] 
261.516: Total time for which application threads were stopped: 0.0284330 seconds, Stopping threads took: 0.0000780 seconds
261.567: Application time: 0.0508920 seconds
261.575: [GC [PSYoungGen: 134640K->18928K(134656K)] 354929K->261842K(441344K), 0.0308330 secs] [Times: user=0.24 sys=0.00, real=0.03 secs] 
261.606: Total time for which application threads were stopped: 0.0389530 seconds, Stopping threads took: 0.0080290 seconds
261.654: Application time: 0.0473680 seconds
261.654: [GC [PSYoungGen: 134640K->18928K(134656K)] 377554K->286488K(441344K), 0.0301220 secs] [Times: user=0.24 sys=0.00, real=0.03 secs] 
261.684: Total time for which application threads were stopped: 0.0303040 seconds, Stopping threads took: 0.0000930 seconds
261.735: Application time: 0.0508500 seconds
261.735: [GC [PSYoungGen: 134640K->18912K(134656K)] 402200K->311370K(441344K), 0.0325430 secs] [Times: user=0.25 sys=0.00, real=0.03 secs] 
261.767: [Full GC [PSYoungGen: 18912K->0K(134656K)] [ParOldGen: 292458K->130049K(306688K)] 311370K->130049K(441344K) [PSPermGen: 9150K->9150K(21504K)], 0.1516680 secs] [Times: user=1.13 sys=0.00, real=0.15 secs] 
261.919: Total time for which application threads were stopped: 0.1844370 seconds, Stopping threads took: 0.0000650 seconds
261.967: Application time: 0.0482060 seconds
261.967: [GC [PSYoungGen: 115712K->18937K(134656K)] 245761K->154971K(441344K), 0.0141170 secs] [Times: user=0.11 sys=0.01, real=0.02 secs] 
261.982: Total time for which application threads were stopped: 0.0143200 seconds, Stopping threads took: 0.0000930 seconds
262.026: Application time: 0.0448260 seconds
262.028: [GC [PSYoungGen: 134649K->18928K(134656K)] 270683K->182239K(441344K), 0.0248540 secs] [Times: user=0.20 sys=0.00, real=0.03 secs] 
262.053: Total time for which application threads were stopped: 0.0260970 seconds, Stopping threads took: 0.0011540 seconds
262.107: Application time: 0.0547170 seconds
262.107: [GC [PSYoungGen: 134640K->18928K(134656K)] 297951K->200871K(441344K), 0.0267960 secs] [Times: user=0.21 sys=0.00, real=0.03 secs] 
262.134: Total time for which application threads were stopped: 0.0269890 seconds, Stopping threads took: 0.0001050 seconds
262.187: Application time: 0.0527420 seconds
262.187: [GC [PSYoungGen: 134640K->18912K(134656K)] 316583K->218756K(441344K), 0.0271480 secs] [Times: user=0.21 sys=0.00, real=0.03 secs] 
262.214: Total time for which application threads were stopped: 0.0273140 seconds, Stopping threads took: 0.0000700 seconds
262.264: Application time: 0.0500630 seconds
262.265: [GC [PSYoungGen: 134624K->18912K(134656K)] 334468K->240124K(441344K), 0.0296040 secs] [Times: user=0.22 sys=0.00, real=0.03 secs] 
262.294: Total time for which application threads were stopped: 0.0297710 seconds, Stopping threads took: 0.0000780 seconds
262.344: Application time: 0.0501390 seconds
262.344: [GC [PSYoungGen: 134624K->18928K(134656K)] 355836K->262957K(441344K), 0.0299860 secs] [Times: user=0.24 sys=0.00, real=0.03 secs] 
262.374: Total time for which application threads were stopped: 0.0301690 seconds, Stopping threads took: 0.0000950 seconds
262.422: Application time: 0.0475950 seconds
262.422: [GC [PSYoungGen: 134640K->18928K(134656K)] 378669K->287469K(441344K), 0.0310570 secs] [Times: user=0.24 sys=0.00, real=0.03 secs] 
262.453: Total time for which application threads were stopped: 0.0312190 seconds, Stopping threads took: 0.0000730 seconds
262.505: Application time: 0.0513400 seconds
262.505: [GC [PSYoungGen: 134611K->18928K(134656K)] 403152K->311770K(441344K), 0.0332050 secs] [Times: user=0.26 sys=0.00, real=0.03 secs] 
262.538: [Full GC [PSYoungGen: 18928K->0K(134656K)] [ParOldGen: 292842K->129604K(306688K)] 311770K->129604K(441344K) [PSPermGen: 9150K->9150K(21504K)], 0.1525170 secs] [Times: user=1.13 sys=0.00, real=0.15 secs] 
262.691: Total time for which application threads were stopped: 0.1859770 seconds, Stopping threads took: 0.0000940 seconds
262.736: Application time: 0.0449230 seconds
262.736: [GC [PSYoungGen: 115712K->18931K(134656K)] 245316K->154600K(441344K), 0.0138640 secs] [Times: user=0.11 sys=0.00, real=0.01 secs] 
262.750: Total time for which application threads were stopped: 0.0140120 seconds, Stopping threads took: 0.0000620 seconds
262.794: Application time: 0.0439550 seconds
262.794: [GC [PSYoungGen: 134643K->18925K(134656K)] 270312K->182745K(441344K), 0.0249220 secs] [Times: user=0.20 sys=0.00, real=0.02 secs] 
262.819: Total time for which application threads were stopped: 0.0250880 seconds, Stopping threads took: 0.0000760 seconds
262.873: Application time: 0.0547490 seconds
262.873: [GC [PSYoungGen: 134637K->18928K(134656K)] 298457K->202880K(441344K), 0.0262510 secs] [Times: user=0.20 sys=0.00, real=0.03 secs] 
262.900: Total time for which application threads were stopped: 0.0264200 seconds, Stopping threads took: 0.0000810 seconds
262.952: Application time: 0.0524610 seconds
262.952: [GC [PSYoungGen: 134640K->18928K(134656K)] 318592K->219947K(441344K), 0.0264260 secs] [Times: user=0.21 sys=0.00, real=0.02 secs] 
262.979: Total time for which application threads were stopped: 0.0265710 seconds, Stopping threads took: 0.0000590 seconds
263.029: Application time: 0.0501040 seconds
263.029: [GC [PSYoungGen: 134640K->18928K(134656K)] 335659K->240649K(441344K), 0.0282090 secs] [Times: user=0.22 sys=0.00, real=0.03 secs] 
263.057: Total time for which application threads were stopped: 0.0283830 seconds, Stopping threads took: 0.0000670 seconds
263.109: Application time: 0.0515310 seconds
263.109: [GC [PSYoungGen: 134640K->18912K(134656K)] 356361K->264255K(441344K), 0.0305670 secs] [Times: user=0.24 sys=0.00, real=0.04 secs] 
263.140: Total time for which application threads were stopped: 0.0308070 seconds, Stopping threads took: 0.0001420 seconds
263.189: Application time: 0.0494970 seconds
263.189: [GC [PSYoungGen: 134624K->18928K(134656K)] 379967K->287153K(441344K), 0.0298220 secs] [Times: user=0.23 sys=0.00, real=0.03 secs] 
263.219: Total time for which application threads were stopped: 0.0299940 seconds, Stopping threads took: 0.0000830 seconds
263.267: Application time: 0.0479560 seconds
263.272: [GC [PSYoungGen: 134640K->18912K(134656K)] 402865K->311611K(441344K), 0.0313290 secs] [Times: user=0.25 sys=0.00, real=0.03 secs] 
263.303: [Full GC [PSYoungGen: 18912K->0K(134656K)] [ParOldGen: 292699K->128349K(306688K)] 311611K->128349K(441344K) [PSPermGen: 9150K->9150K(21504K)], 0.1475350 secs] [Times: user=1.09 sys=0.00, real=0.14 secs] 
263.451: Total time for which application threads were stopped: 0.1835240 seconds, Stopping threads took: 0.0044760 seconds
263.494: Application time: 0.0435240 seconds
263.494: [GC [PSYoungGen: 115712K->18928K(134656K)] 244061K->157116K(441344K), 0.0155500 secs] [Times: user=0.12 sys=0.00, real=0.01 secs] 
263.510: Total time for which application threads were stopped: 0.0157670 seconds, Stopping threads took: 0.0001260 seconds
263.556: Application time: 0.0459110 seconds
263.556: [GC [PSYoungGen: 134640K->18912K(134656K)] 272828K->185184K(441344K), 0.0258210 secs] [Times: user=0.20 sys=0.00, real=0.03 secs] 
263.582: Total time for which application threads were stopped: 0.0260100 seconds, Stopping threads took: 0.0000890 seconds
263.642: Application time: 0.0602660 seconds
263.642: [GC [PSYoungGen: 134624K->18928K(134656K)] 300896K->199262K(441344K), 0.0256590 secs] [Times: user=0.20 sys=0.01, real=0.02 secs] 
263.668: Total time for which application threads were stopped: 0.0257980 seconds, Stopping threads took: 0.0000580 seconds
263.720: Application time: 0.0518160 seconds
263.720: [GC [PSYoungGen: 134640K->18928K(134656K)] 314974K->216384K(441344K), 0.0256830 secs] [Times: user=0.20 sys=0.00, real=0.02 secs] 
263.746: Total time for which application threads were stopped: 0.0258620 seconds, Stopping threads took: 0.0000890 seconds
263.796: Application time: 0.0502580 seconds
263.796: [GC [PSYoungGen: 134640K->18912K(134656K)] 332096K->239781K(441344K), 0.0298880 secs] [Times: user=0.24 sys=0.00, real=0.03 secs] 
263.826: Total time for which application threads were stopped: 0.0300530 seconds, Stopping threads took: 0.0000750 seconds
263.875: Application time: 0.0493290 seconds
263.875: [GC [PSYoungGen: 134624K->18928K(134656K)] 355493K->263776K(441344K), 0.0307970 secs] [Times: user=0.24 sys=0.00, real=0.03 secs] 
263.906: Total time for which application threads were stopped: 0.0309840 seconds, Stopping threads took: 0.0001000 seconds
263.957: Application time: 0.0509510 seconds
263.957: [GC [PSYoungGen: 134640K->18928K(134656K)] 379488K->285628K(441344K), 0.0300450 secs] [Times: user=0.23 sys=0.00, real=0.03 secs] 
263.987: Total time for which application threads were stopped: 0.0302350 seconds, Stopping threads took: 0.0001040 seconds
264.035: Application time: 0.0472800 seconds
264.035: [GC [PSYoungGen: 134640K->18912K(134656K)] 401340K->312186K(441344K), 0.0307230 secs] [Times: user=0.24 sys=0.00, real=0.03 secs] 
264.066: [Full GC [PSYoungGen: 18912K->0K(134656K)] [ParOldGen: 293274K->123324K(306688K)] 312186K->123324K(441344K) [PSPermGen: 9150K->9150K(21504K)], 0.1371940 secs] [Times: user=1.02 sys=0.00, real=0.14 secs] 
264.203: Total time for which application threads were stopped: 0.1681590 seconds, Stopping threads took: 0.0000950 seconds
264.244: Application time: 0.0415380 seconds
264.245: [GC [PSYoungGen: 115712K->18922K(134656K)] 239036K->152131K(441344K), 0.0152910 secs] [Times: user=0.11 sys=0.00, real=0.02 secs] 
264.260: Total time for which application threads were stopped: 0.0154720 seconds, Stopping threads took: 0.0000840 seconds
264.308: Application time: 0.0477120 seconds
264.308: [GC [PSYoungGen: 134634K->18912K(134656K)] 267843K->178979K(441344K), 0.0254360 secs] [Times: user=0.20 sys=0.00, real=0.03 secs] 
264.333: Total time for which application threads were stopped: 0.0255950 seconds, Stopping threads took: 0.0000720 seconds
264.391: Application time: 0.0578440 seconds
264.391: [GC [PSYoungGen: 134624K->18928K(134656K)] 294691K->192267K(441344K), 0.0249770 secs] [Times: user=0.19 sys=0.00, real=0.03 secs] 
264.416: Total time for which application threads were stopped: 0.0251690 seconds, Stopping threads took: 0.0001060 seconds
264.470: Application time: 0.0533720 seconds
264.472: [GC [PSYoungGen: 134640K->18928K(134656K)] 307979K->209254K(441344K), 0.0353140 secs] [Times: user=0.27 sys=0.00, real=0.03 secs] 
264.507: Total time for which application threads were stopped: 0.0373590 seconds, Stopping threads took: 0.0019700 seconds
264.556: Application time: 0.0486390 seconds
264.556: [GC [PSYoungGen: 134640K->18928K(134656K)] 324966K->232054K(441344K), 0.0295760 secs] [Times: user=0.23 sys=0.00, real=0.03 secs] 
264.586: Total time for which application threads were stopped: 0.0299640 seconds, Stopping threads took: 0.0003020 seconds
264.634: Application time: 0.0479460 seconds
264.634: [GC [PSYoungGen: 134640K->18912K(134656K)] 347766K->255689K(441344K), 0.0311080 secs] [Times: user=0.24 sys=0.00, real=0.03 secs] 
264.665: Total time for which application threads were stopped: 0.0312860 seconds, Stopping threads took: 0.0000920 seconds
264.715: Application time: 0.0504720 seconds
264.715: [GC [PSYoungGen: 134624K->18928K(134656K)] 371401K->278276K(441344K), 0.0315970 secs] [Times: user=0.25 sys=0.00, real=0.03 secs] 
264.747: Total time for which application threads were stopped: 0.0317690 seconds, Stopping threads took: 0.0000820 seconds
264.795: Application time: 0.0480730 seconds
264.800: [GC [PSYoungGen: 134640K->18912K(134656K)] 393988K->305077K(441344K), 0.0331660 secs] [Times: user=0.26 sys=0.00, real=0.03 secs] 
264.833: [Full GC [PSYoungGen: 18912K->0K(134656K)] [ParOldGen: 286164K->129785K(306688K)] 305077K->129785K(441344K) [PSPermGen: 9150K->9150K(21504K)], 0.1470910 secs] [Times: user=1.10 sys=0.00, real=0.15 secs] 
264.980: Total time for which application threads were stopped: 0.1848530 seconds, Stopping threads took: 0.0044350 seconds
265.022: Application time: 0.0420600 seconds
265.022: [GC [PSYoungGen: 115712K->18938K(134656K)] 245497K->158698K(441344K), 0.0156410 secs] [Times: user=0.12 sys=0.00, real=0.01 secs] 
265.038: Total time for which application threads were stopped: 0.0158440 seconds, Stopping threads took: 0.0001150 seconds
265.085: Application time: 0.0470090 seconds
265.085: [GC [PSYoungGen: 134650K->18928K(134656K)] 274410K->185197K(441344K), 0.0282150 secs] [Times: user=0.22 sys=0.00, real=0.03 secs] 
265.113: Total time for which application threads were stopped: 0.0283700 seconds, Stopping threads took: 0.0000710 seconds
265.174: Application time: 0.0606340 seconds
265.174: [GC [PSYoungGen: 134640K->18912K(134656K)] 300909K->199148K(441344K), 0.0253210 secs] [Times: user=0.20 sys=0.00, real=0.02 secs] 
265.199: Total time for which application threads were stopped: 0.0254980 seconds, Stopping threads took: 0.0000920 seconds
265.253: Application time: 0.0540050 seconds
265.254: [GC [PSYoungGen: 134624K->18928K(134656K)] 314860K->214467K(441344K), 0.0253800 secs] [Times: user=0.20 sys=0.00, real=0.02 secs] 
265.279: Total time for which application threads were stopped: 0.0255810 seconds, Stopping threads took: 0.0001080 seconds
265.328: Application time: 0.0486970 seconds
265.328: [GC [PSYoungGen: 134429K->18928K(134656K)] 329968K->235876K(441344K), 0.0288270 secs] [Times: user=0.22 sys=0.00, real=0.03 secs] 
265.357: Total time for which application threads were stopped: 0.0290160 seconds, Stopping threads took: 0.0000890 seconds
265.402: Application time: 0.0454240 seconds
265.402: [GC [PSYoungGen: 134640K->18912K(134656K)] 351588K->261034K(441344K), 0.0320210 secs] [Times: user=0.25 sys=0.00, real=0.03 secs] 
265.434: Total time for which application threads were stopped: 0.0322080 seconds, Stopping threads took: 0.0000950 seconds
265.486: Application time: 0.0513510 seconds
265.486: [GC [PSYoungGen: 134624K->18928K(134656K)] 376746K->284204K(441344K), 0.0316980 secs] [Times: user=0.25 sys=0.00, real=0.03 secs] 
265.518: Total time for which application threads were stopped: 0.0318630 seconds, Stopping threads took: 0.0000790 seconds
265.559: Application time: 0.0414910 seconds
265.559: [GC [PSYoungGen: 134640K->18928K(134656K)] 399916K->312252K(441344K), 0.0334290 secs] [Times: user=0.26 sys=0.00, real=0.04 secs] 
265.593: [Full GC [PSYoungGen: 18928K->0K(134656K)] [ParOldGen: 293324K->130711K(306688K)] 312252K->130711K(441344K) [PSPermGen: 9150K->9150K(21504K)], 0.1459340 secs] [Times: user=1.08 sys=0.00, real=0.14 secs] 
265.739: Total time for which application threads were stopped: 0.1796200 seconds, Stopping threads took: 0.0001070 seconds
265.782: Application time: 0.0431950 seconds
265.782: [GC [PSYoungGen: 115712K->18921K(134656K)] 246423K->161947K(441344K), 0.0179200 secs] [Times: user=0.14 sys=0.00, real=0.02 secs] 
265.800: Total time for which application threads were stopped: 0.0181060 seconds, Stopping threads took: 0.0000980 seconds
265.848: Application time: 0.0477840 seconds
265.848: [GC [PSYoungGen: 134633K->18928K(134656K)] 277659K->186656K(441344K), 0.0252570 secs] [Times: user=0.20 sys=0.00, real=0.03 secs] 
265.873: Total time for which application threads were stopped: 0.0254140 seconds, Stopping threads took: 0.0000590 seconds
265.934: Application time: 0.0607170 seconds
265.934: [GC [PSYoungGen: 134640K->18912K(134656K)] 302368K->200437K(441344K), 0.0252490 secs] [Times: user=0.20 sys=0.00, real=0.02 secs] 
265.959: Total time for which application threads were stopped: 0.0254020 seconds, Stopping threads took: 0.0000680 seconds
266.017: Application time: 0.0580110 seconds
266.020: [GC [PSYoungGen: 134624K->18912K(134656K)] 316149K->213117K(441344K), 0.0249670 secs] [Times: user=0.20 sys=0.00, real=0.02 secs] 
266.045: Total time for which application threads were stopped: 0.0273210 seconds, Stopping threads took: 0.0022710 seconds
266.095: Application time: 0.0500550 seconds
266.095: [GC [PSYoungGen: 134624K->18912K(134656K)] 328829K->233333K(441344K), 0.0329110 secs] [Times: user=0.24 sys=0.00, real=0.03 secs] 
266.128: Total time for which application threads were stopped: 0.0331120 seconds, Stopping threads took: 0.0001130 seconds
266.172: Application time: 0.0437780 seconds
266.172: [GC [PSYoungGen: 134624K->18912K(134656K)] 349045K->259375K(441344K), 0.0314690 secs] [Times: user=0.24 sys=0.00, real=0.03 secs] 
266.203: Total time for which application threads were stopped: 0.0316450 seconds, Stopping threads took: 0.0000880 seconds
266.254: Application time: 0.0506920 seconds
266.254: [GC [PSYoungGen: 134624K->18912K(134656K)] 375087K->286265K(441344K), 0.0339320 secs] [Times: user=0.27 sys=0.00, real=0.03 secs] 
266.288: Total time for which application threads were stopped: 0.0341020 seconds, Stopping threads took: 0.0000820 seconds
266.329: Application time: 0.0405190 seconds
266.329: [GC [PSYoungGen: 134624K->18928K(134656K)] 401977K->314694K(441344K), 0.0321140 secs] [Times: user=0.26 sys=0.00, real=0.04 secs] 
266.361: [Full GC [PSYoungGen: 18928K->0K(134656K)] [ParOldGen: 295766K->130723K(306688K)] 314694K->130723K(441344K) [PSPermGen: 9150K->9150K(21504K)], 0.1425060 secs] [Times: user=1.05 sys=0.00, real=0.14 secs] 
266.503: Total time for which application threads were stopped: 0.1748540 seconds, Stopping threads took: 0.0000840 seconds
266.549: Application time: 0.0453270 seconds
266.549: [GC [PSYoungGen: 115712K->18928K(134656K)] 246435K->161969K(441344K), 0.0187920 secs] [Times: user=0.15 sys=0.00, real=0.02 secs] 
266.568: Total time for which application threads were stopped: 0.0189630 seconds, Stopping threads took: 0.0000740 seconds
266.619: Application time: 0.0511820 seconds
266.619: [GC [PSYoungGen: 134640K->18912K(134656K)] 277681K->184391K(441344K), 0.0254580 secs] [Times: user=0.20 sys=0.00, real=0.03 secs] 
266.645: Total time for which application threads were stopped: 0.0256300 seconds, Stopping threads took: 0.0000820 seconds
266.702: Application time: 0.0578410 seconds
266.702: [GC [PSYoungGen: 134624K->18912K(134656K)] 300103K->199247K(441344K), 0.0260220 secs] [Times: user=0.21 sys=0.00, real=0.02 secs] 
266.729: Total time for which application threads were stopped: 0.0261870 seconds, Stopping threads took: 0.0000810 seconds
266.787: Application time: 0.0586280 seconds
266.787: [GC [PSYoungGen: 134624K->18928K(134656K)] 314959K->209641K(441344K), 0.0262840 secs] [Times: user=0.20 sys=0.00, real=0.03 secs] 
266.814: Total time for which application threads were stopped: 0.0264610 seconds, Stopping threads took: 0.0000920 seconds
266.864: Application time: 0.0501550 seconds
266.864: [GC [PSYoungGen: 134640K->18928K(134656K)] 325353K->228396K(441344K), 0.0271850 secs] [Times: user=0.21 sys=0.00, real=0.02 secs] 
266.891: Total time for which application threads were stopped: 0.0273640 seconds, Stopping threads took: 0.0000790 seconds
266.935: Application time: 0.0438010 seconds
266.935: [GC [PSYoungGen: 134640K->18928K(134656K)] 344108K->256436K(441344K), 0.0309540 secs] [Times: user=0.25 sys=0.00, real=0.03 secs] 
266.966: Total time for which application threads were stopped: 0.0311500 seconds, Stopping threads took: 0.0001080 seconds
267.011: Application time: 0.0446210 seconds
267.011: [GC [PSYoungGen: 134640K->18928K(134656K)] 372148K->286736K(441344K), 0.0328580 secs] [Times: user=0.26 sys=0.00, real=0.04 secs] 
267.044: Total time for which application threads were stopped: 0.0330400 seconds, Stopping threads took: 0.0000940 seconds
267.086: Application time: 0.0421650 seconds
267.086: [GC [PSYoungGen: 134640K->18912K(134656K)] 402448K->316056K(441344K), 0.0327480 secs] [Times: user=0.25 sys=0.00, real=0.03 secs] 
267.119: [Full GC [PSYoungGen: 18912K->0K(134656K)] [ParOldGen: 297143K->133337K(306688K)] 316056K->133337K(441344K) [PSPermGen: 9150K->9150K(21504K)], 0.1523990 secs] [Times: user=1.13 sys=0.00, real=0.15 secs] 
267.271: Total time for which application threads were stopped: 0.1853810 seconds, Stopping threads took: 0.0000800 seconds
267.316: Application time: 0.0445300 seconds
267.316: [GC [PSYoungGen: 115712K->18912K(134656K)] 249049K->161246K(441344K), 0.0164250 secs] [Times: user=0.13 sys=0.00, real=0.02 secs] 
267.332: Total time for which application threads were stopped: 0.0165990 seconds, Stopping threads took: 0.0000850 seconds
267.384: Application time: 0.0516930 seconds
267.384: [GC [PSYoungGen: 134624K->18912K(134656K)] 276958K->186262K(441344K), 0.0259990 secs] [Times: user=0.21 sys=0.00, real=0.02 secs] 
267.410: Total time for which application threads were stopped: 0.0261840 seconds, Stopping threads took: 0.0000970 seconds
267.470: Application time: 0.0595280 seconds
267.470: [GC [PSYoungGen: 134624K->18928K(134656K)] 301974K->199190K(441344K), 0.0255210 secs] [Times: user=0.20 sys=0.00, real=0.03 secs] 
267.496: Total time for which application threads were stopped: 0.0256810 seconds, Stopping threads took: 0.0000780 seconds
267.557: Application time: 0.0612440 seconds
267.560: [GC [PSYoungGen: 134640K->18928K(134656K)] 314902K->208358K(441344K), 0.0277110 secs] [Times: user=0.21 sys=0.00, real=0.02 secs] 
267.587: Total time for which application threads were stopped: 0.0305220 seconds, Stopping threads took: 0.0027280 seconds
267.643: Application time: 0.0554540 seconds
267.643: [GC [PSYoungGen: 134636K->18912K(134656K)] 324067K->224987K(441344K), 0.0287070 secs] [Times: user=0.23 sys=0.00, real=0.03 secs] 
267.672: Total time for which application threads were stopped: 0.0289160 seconds, Stopping threads took: 0.0001040 seconds
267.715: Application time: 0.0434660 seconds
267.715: [GC [PSYoungGen: 134624K->18928K(134656K)] 340699K->254527K(441344K), 0.0326260 secs] [Times: user=0.26 sys=0.00, real=0.03 secs] 
267.748: Total time for which application threads were stopped: 0.0327790 seconds, Stopping threads took: 0.0000660 seconds
267.792: Application time: 0.0443340 seconds
267.792: [GC [PSYoungGen: 134640K->18928K(134656K)] 370239K->285821K(441344K), 0.0355640 secs] [Times: user=0.28 sys=0.00, real=0.03 secs] 
267.828: [Full GC [PSYoungGen: 18928K->0K(134656K)] [ParOldGen: 266892K->127981K(306688K)] 285821K->127981K(441344K) [PSPermGen: 9150K->9150K(21504K)], 0.1442150 secs] [Times: user=1.07 sys=0.00, real=0.15 secs] 
267.972: Total time for which application threads were stopped: 0.1800090 seconds, Stopping threads took: 0.0000780 seconds
268.013: Application time: 0.0405280 seconds
268.016: [GC [PSYoungGen: 115703K->18930K(134656K)] 243685K->156617K(441344K), 0.0155860 secs] [Times: user=0.12 sys=0.00, real=0.01 secs] 
268.031: Total time for which application threads were stopped: 0.0184150 seconds, Stopping threads took: 0.0027410 seconds
268.076: Application time: 0.0446470 seconds
268.076: [GC [PSYoungGen: 134642K->18912K(134656K)] 272329K->185018K(441344K), 0.0253560 secs] [Times: user=0.20 sys=0.00, real=0.03 secs] 
268.101: Total time for which application threads were stopped: 0.0255220 seconds, Stopping threads took: 0.0000790 seconds
268.153: Application time: 0.0517770 seconds
268.153: [GC [PSYoungGen: 134624K->18928K(134656K)] 300730K->209328K(441344K), 0.0283070 secs] [Times: user=0.22 sys=0.00, real=0.03 secs] 
268.182: Total time for which application threads were stopped: 0.0284850 seconds, Stopping threads took: 0.0000740 seconds
268.242: Application time: 0.0605500 seconds
268.242: [GC [PSYoungGen: 134640K->18928K(134656K)] 325040K->222886K(441344K), 0.0264220 secs] [Times: user=0.20 sys=0.00, real=0.02 secs] 
268.269: Total time for which application threads were stopped: 0.0265900 seconds, Stopping threads took: 0.0000850 seconds
268.332: Application time: 0.0626840 seconds
268.332: [GC [PSYoungGen: 134640K->18912K(134656K)] 338598K->232326K(441344K), 0.0261860 secs] [Times: user=0.20 sys=0.00, real=0.02 secs] 
268.358: Total time for which application threads were stopped: 0.0263460 seconds, Stopping threads took: 0.0000760 seconds
268.414: Application time: 0.0561370 seconds
268.414: [GC [PSYoungGen: 134624K->18912K(134656K)] 348038K->246878K(441344K), 0.0291080 secs] [Times: user=0.23 sys=0.00, real=0.03 secs] 
268.443: Total time for which application threads were stopped: 0.0292680 seconds, Stopping threads took: 0.0000820 seconds
268.484: Application time: 0.0405670 seconds
268.484: [GC [PSYoungGen: 134624K->18928K(134656K)] 362590K->274988K(441344K), 0.0312200 secs] [Times: user=0.25 sys=0.00, real=0.03 secs] 
268.515: Total time for which application threads were stopped: 0.0313780 seconds, Stopping threads took: 0.0000690 seconds
268.555: Application time: 0.0397770 seconds
268.555: [GC [PSYoungGen: 134640K->18928K(134656K)] 390700K->309560K(441344K), 0.0351680 secs] [Times: user=0.28 sys=0.00, real=0.03 secs] 
268.590: [Full GC [PSYoungGen: 18928K->0K(134656K)] [ParOldGen: 290631K->129098K(306688K)] 309560K->129098K(441344K) [PSPermGen: 9150K->9150K(21504K)], 0.1445580 secs] [Times: user=1.07 sys=0.00, real=0.15 secs] 
268.735: Total time for which application threads were stopped: 0.1799500 seconds, Stopping threads took: 0.0000710 seconds
268.777: Application time: 0.0417660 seconds
268.777: [GC [PSYoungGen: 115712K->18919K(134656K)] 244810K->160921K(441344K), 0.0181720 secs] [Times: user=0.14 sys=0.00, real=0.02 secs] 
268.795: Total time for which application threads were stopped: 0.0183420 seconds, Stopping threads took: 0.0000730 seconds
268.840: Application time: 0.0448070 seconds
268.840: [GC [PSYoungGen: 134631K->18912K(134656K)] 276633K->187514K(441344K), 0.0260190 secs] [Times: user=0.21 sys=0.00, real=0.02 secs] 
268.866: Total time for which application threads were stopped: 0.0261790 seconds, Stopping threads took: 0.0000750 seconds
268.918: Application time: 0.0515930 seconds
268.918: [GC [PSYoungGen: 134624K->18928K(134656K)] 303226K->211358K(441344K), 0.0289440 secs] [Times: user=0.23 sys=0.00, real=0.03 secs] 
268.947: Total time for which application threads were stopped: 0.0291170 seconds, Stopping threads took: 0.0000860 seconds
269.005: Application time: 0.0578500 seconds
269.005: [GC [PSYoungGen: 134640K->18928K(134656K)] 327070K->225504K(441344K), 0.0346180 secs] [Times: user=0.26 sys=0.00, real=0.03 secs] 
269.039: Total time for which application threads were stopped: 0.0347730 seconds, Stopping threads took: 0.0000800 seconds
269.100: Application time: 0.0603130 seconds
269.100: [GC [PSYoungGen: 134640K->18912K(134656K)] 341216K->234296K(441344K), 0.0270350 secs] [Times: user=0.20 sys=0.00, real=0.02 secs] 
269.127: Total time for which application threads were stopped: 0.0272000 seconds, Stopping threads took: 0.0000830 seconds
269.184: Application time: 0.0566530 seconds
269.184: [GC [PSYoungGen: 134624K->18912K(134656K)] 350008K->248747K(441344K), 0.0282520 secs] [Times: user=0.21 sys=0.00, real=0.03 secs] 
269.212: Total time for which application threads were stopped: 0.0284290 seconds, Stopping threads took: 0.0000870 seconds
269.254: Application time: 0.0422160 seconds
269.254: [GC [PSYoungGen: 134624K->18912K(134656K)] 364459K->276504K(441344K), 0.0316480 secs] [Times: user=0.25 sys=0.00, real=0.03 secs] 
269.286: Total time for which application threads were stopped: 0.0318090 seconds, Stopping threads took: 0.0000740 seconds
269.325: Application time: 0.0390250 seconds
269.325: [GC [PSYoungGen: 134624K->18928K(134656K)] 392216K->311156K(441344K), 0.0359570 secs] [Times: user=0.29 sys=0.00, real=0.04 secs] 
269.361: [Full GC [PSYoungGen: 18928K->0K(134656K)] [ParOldGen: 292228K->128863K(306688K)] 311156K->128863K(441344K) [PSPermGen: 9150K->9150K(21504K)], 0.1448110 secs] [Times: user=1.07 sys=0.01, real=0.14 secs] 
269.506: Total time for which application threads were stopped: 0.1810170 seconds, Stopping threads took: 0.0000790 seconds
269.551: Application time: 0.0447620 seconds
269.551: [GC [PSYoungGen: 115712K->18942K(134656K)] 244575K->160644K(441344K), 0.0187590 secs] [Times: user=0.14 sys=0.00, real=0.02 secs] 
269.570: Total time for which application threads were stopped: 0.0189560 seconds, Stopping threads took: 0.0001070 seconds
269.615: Application time: 0.0447070 seconds
269.615: [GC [PSYoungGen: 134654K->18912K(134656K)] 276356K->187766K(441344K), 0.0258270 secs] [Times: user=0.20 sys=0.00, real=0.03 secs] 
269.641: Total time for which application threads were stopped: 0.0259850 seconds, Stopping threads took: 0.0000690 seconds
269.692: Application time: 0.0512500 seconds
269.692: [GC [PSYoungGen: 134624K->18928K(134656K)] 303478K->211609K(441344K), 0.0284850 secs] [Times: user=0.22 sys=0.00, real=0.03 secs] 
269.720: Total time for which application threads were stopped: 0.0286580 seconds, Stopping threads took: 0.0000860 seconds
269.779: Application time: 0.0580970 seconds
269.779: [GC [PSYoungGen: 134640K->18912K(134656K)] 327321K->225792K(441344K), 0.0265050 secs] [Times: user=0.21 sys=0.00, real=0.03 secs] 
269.805: Total time for which application threads were stopped: 0.0266800 seconds, Stopping threads took: 0.0000870 seconds
269.867: Application time: 0.0620800 seconds
269.867: [GC [PSYoungGen: 134624K->18928K(134656K)] 341504K->234846K(441344K), 0.0271500 secs] [Times: user=0.22 sys=0.00, real=0.03 secs] 
269.895: Total time for which application threads were stopped: 0.0273400 seconds, Stopping threads took: 0.0000860 seconds
269.951: Application time: 0.0559640 seconds
269.951: [GC [PSYoungGen: 134640K->18928K(134656K)] 350558K->250611K(441344K), 0.0276980 secs] [Times: user=0.22 sys=0.00, real=0.03 secs] 
269.978: Total time for which application threads were stopped: 0.0278730 seconds, Stopping threads took: 0.0000880 seconds
270.025: Application time: 0.0461940 seconds
270.025: [GC [PSYoungGen: 134624K->18912K(134656K)] 366307K->274901K(441344K), 0.0302490 secs] [Times: user=0.23 sys=0.00, real=0.03 secs] 
270.055: Total time for which application threads were stopped: 0.0304360 seconds, Stopping threads took: 0.0000990 seconds
270.095: Application time: 0.0399800 seconds
270.095: [GC [PSYoungGen: 134624K->18912K(134656K)] 390613K->311221K(441344K), 0.0364530 secs] [Times: user=0.29 sys=0.00, real=0.04 secs] 
270.132: [Full GC [PSYoungGen: 18912K->0K(134656K)] [ParOldGen: 292309K->127234K(306688K)] 311221K->127234K(441344K) [PSPermGen: 9150K->9150K(21504K)], 0.1396680 secs] [Times: user=1.03 sys=0.00, real=0.13 secs] 
270.271: Total time for which application threads were stopped: 0.1763680 seconds, Stopping threads took: 0.0000970 seconds
270.314: Application time: 0.0426020 seconds
270.314: [GC [PSYoungGen: 115712K->18928K(134656K)] 242946K->157505K(441344K), 0.0173790 secs] [Times: user=0.13 sys=0.00, real=0.02 secs] 
270.332: Total time for which application threads were stopped: 0.0175550 seconds, Stopping threads took: 0.0000900 seconds
270.377: Application time: 0.0449970 seconds
270.377: [GC [PSYoungGen: 134634K->18928K(134656K)] 273211K->184267K(441344K), 0.0255760 secs] [Times: user=0.20 sys=0.00, real=0.03 secs] 
270.402: Total time for which application threads were stopped: 0.0257550 seconds, Stopping threads took: 0.0000730 seconds
270.449: Application time: 0.0469600 seconds
270.449: [GC [PSYoungGen: 134640K->18928K(134656K)] 299979K->210210K(441344K), 0.0290460 secs] [Times: user=0.23 sys=0.00, real=0.03 secs] 
270.479: Total time for which application threads were stopped: 0.0292180 seconds, Stopping threads took: 0.0000820 seconds
270.537: Application time: 0.0583990 seconds
270.540: [GC [PSYoungGen: 134640K->18928K(134656K)] 325922K->224614K(441344K), 0.0304860 secs] [Times: user=0.22 sys=0.00, real=0.02 secs] 
270.570: Total time for which application threads were stopped: 0.0331850 seconds, Stopping threads took: 0.0026110 seconds
270.630: Application time: 0.0600340 seconds
270.630: [GC [PSYoungGen: 134640K->18912K(134656K)] 340326K->233405K(441344K), 0.0331240 secs] [Times: user=0.24 sys=0.00, real=0.04 secs] 
270.663: Total time for which application threads were stopped: 0.0332860 seconds, Stopping threads took: 0.0000870 seconds
270.716: Application time: 0.0529350 seconds
270.717: [GC [PSYoungGen: 134624K->18928K(134656K)] 349117K->248565K(441344K), 0.0276760 secs] [Times: user=0.22 sys=0.00, real=0.03 secs] 
270.744: Total time for which application threads were stopped: 0.0278710 seconds, Stopping threads took: 0.0001060 seconds
270.788: Application time: 0.0442300 seconds
270.789: [GC [PSYoungGen: 134640K->18928K(134656K)] 364277K->272531K(441344K), 0.0304510 secs] [Times: user=0.24 sys=0.00, real=0.03 secs] 
270.819: Total time for which application threads were stopped: 0.0306210 seconds, Stopping threads took: 0.0000880 seconds
270.860: Application time: 0.0405980 seconds
270.860: [GC [PSYoungGen: 134640K->18912K(134656K)] 388243K->309366K(441344K), 0.0375660 secs] [Times: user=0.30 sys=0.00, real=0.03 secs] 
270.897: [Full GC [PSYoungGen: 18912K->0K(134656K)] [ParOldGen: 290454K->129068K(306688K)] 309366K->129068K(441344K) [PSPermGen: 9150K->9150K(21504K)], 0.1423110 secs] [Times: user=1.05 sys=0.01, real=0.15 secs] 
271.040: Total time for which application threads were stopped: 0.1801230 seconds, Stopping threads took: 0.0001040 seconds
271.084: Application time: 0.0444600 seconds
271.084: [GC [PSYoungGen: 115629K->18930K(134656K)] 244698K->158656K(441344K), 0.0176040 secs] [Times: user=0.14 sys=0.00, real=0.02 secs] 
271.102: Total time for which application threads were stopped: 0.0177950 seconds, Stopping threads took: 0.0000940 seconds
271.150: Application time: 0.0481070 seconds
271.150: [GC [PSYoungGen: 134642K->18928K(134656K)] 274368K->184635K(441344K), 0.0257210 secs] [Times: user=0.20 sys=0.00, real=0.03 secs] 
271.176: Total time for which application threads were stopped: 0.0258780 seconds, Stopping threads took: 0.0000670 seconds
271.222: Application time: 0.0454040 seconds
271.222: [GC [PSYoungGen: 134640K->18928K(134656K)] 300347K->210809K(441344K), 0.0285710 secs] [Times: user=0.23 sys=0.00, real=0.02 secs] 
271.250: Total time for which application threads were stopped: 0.0287250 seconds, Stopping threads took: 0.0000670 seconds
271.309: Application time: 0.0589930 seconds
271.309: [GC [PSYoungGen: 134640K->18928K(134656K)] 326521K->226621K(441344K), 0.0284310 secs] [Times: user=0.23 sys=0.00, real=0.03 secs] 
271.338: Total time for which application threads were stopped: 0.0285940 seconds, Stopping threads took: 0.0000800 seconds
271.398: Application time: 0.0600030 seconds
271.398: [GC [PSYoungGen: 134640K->18912K(134656K)] 342333K->235561K(441344K), 0.0259270 secs] [Times: user=0.20 sys=0.00, real=0.03 secs] 
271.424: Total time for which application threads were stopped: 0.0260880 seconds, Stopping threads took: 0.0000780 seconds
271.477: Application time: 0.0535590 seconds
271.478: [GC [PSYoungGen: 134624K->18912K(134656K)] 351273K->250918K(441344K), 0.0270840 secs] [Times: user=0.21 sys=0.00, real=0.03 secs] 
271.505: Total time for which application threads were stopped: 0.0272610 seconds, Stopping threads took: 0.0000900 seconds
271.549: Application time: 0.0443330 seconds
271.549: [GC [PSYoungGen: 134624K->18928K(134656K)] 366630K->274076K(441344K), 0.0286910 secs] [Times: user=0.23 sys=0.00, real=0.03 secs] 
271.578: Total time for which application threads were stopped: 0.0288390 seconds, Stopping threads took: 0.0000620 seconds
271.617: Application time: 0.0394500 seconds
271.618: [GC [PSYoungGen: 134640K->18928K(134656K)] 389788K->309947K(441344K), 0.0356750 secs] [Times: user=0.28 sys=0.00, real=0.04 secs] 
271.653: [Full GC [PSYoungGen: 18928K->0K(134656K)] [ParOldGen: 291019K->128345K(306688K)] 309947K->128345K(441344K) [PSPermGen: 9150K->9150K(21504K)], 0.1434280 secs] [Times: user=1.06 sys=0.00, real=0.14 secs] 
271.797: Total time for which application threads were stopped: 0.1793490 seconds, Stopping threads took: 0.0000930 seconds
271.842: Application time: 0.0456040 seconds
271.842: [GC [PSYoungGen: 115712K->18928K(134656K)] 244057K->158516K(441344K), 0.0181420 secs] [Times: user=0.14 sys=0.00, real=0.02 secs] 
271.861: Total time for which application threads were stopped: 0.0183330 seconds, Stopping threads took: 0.0001030 seconds
271.907: Application time: 0.0466270 seconds
271.907: [GC [PSYoungGen: 134640K->18912K(134656K)] 274228K->183050K(441344K), 0.0251770 secs] [Times: user=0.20 sys=0.00, real=0.03 secs] 
271.933: Total time for which application threads were stopped: 0.0253590 seconds, Stopping threads took: 0.0000930 seconds
271.978: Application time: 0.0450530 seconds
271.978: [GC [PSYoungGen: 134624K->18912K(134656K)] 298762K->210781K(441344K), 0.0287520 secs] [Times: user=0.22 sys=0.00, real=0.03 secs] 
272.007: Total time for which application threads were stopped: 0.0289190 seconds, Stopping threads took: 0.0000790 seconds
272.066: Application time: 0.0593430 seconds
272.066: [GC [PSYoungGen: 134624K->18928K(134656K)] 326493K->227024K(441344K), 0.0311910 secs] [Times: user=0.22 sys=0.00, real=0.03 secs] 
272.097: Total time for which application threads were stopped: 0.0313780 seconds, Stopping threads took: 0.0001050 seconds
272.158: Application time: 0.0605460 seconds
272.158: [GC [PSYoungGen: 134640K->18912K(134656K)] 342736K->235735K(441344K), 0.0302410 secs] [Times: user=0.22 sys=0.00, real=0.03 secs] 
272.188: Total time for which application threads were stopped: 0.0304240 seconds, Stopping threads took: 0.0000880 seconds
272.246: Application time: 0.0572990 seconds
272.246: [GC [PSYoungGen: 134624K->18912K(134656K)] 351447K->247590K(441344K), 0.0270960 secs] [Times: user=0.21 sys=0.00, real=0.03 secs] 
272.273: Total time for which application threads were stopped: 0.0272650 seconds, Stopping threads took: 0.0000830 seconds
272.315: Application time: 0.0420020 seconds
272.315: [GC [PSYoungGen: 134624K->18928K(134656K)] 363302K->273920K(441344K), 0.0318600 secs] [Times: user=0.25 sys=0.00, real=0.03 secs] 
272.347: Total time for which application threads were stopped: 0.0320280 seconds, Stopping threads took: 0.0000790 seconds
272.386: Application time: 0.0392480 seconds
272.386: [GC [PSYoungGen: 134640K->18928K(134656K)] 389632K->308435K(441344K), 0.0372420 secs] [Times: user=0.29 sys=0.00, real=0.04 secs] 
272.424: [Full GC [PSYoungGen: 18928K->0K(134656K)] [ParOldGen: 289507K->128801K(306688K)] 308435K->128801K(441344K) [PSPermGen: 9152K->9152K(21504K)], 0.1429930 secs] [Times: user=1.06 sys=0.00, real=0.14 secs] 
272.567: Total time for which application threads were stopped: 0.1805020 seconds, Stopping threads took: 0.0001080 seconds
272.614: Application time: 0.0468720 seconds
272.614: [GC [PSYoungGen: 115712K->18912K(134656K)] 244513K->160818K(441344K), 0.0201880 secs] [Times: user=0.16 sys=0.00, real=0.02 secs] 
272.634: Total time for which application threads were stopped: 0.0203920 seconds, Stopping threads took: 0.0001180 seconds
272.684: Application time: 0.0502360 seconds
272.688: [GC [PSYoungGen: 134624K->18912K(134656K)] 276530K->183543K(441344K), 0.0261200 secs] [Times: user=0.20 sys=0.00, real=0.03 secs] 
272.714: Total time for which application threads were stopped: 0.0296090 seconds, Stopping threads took: 0.0033820 seconds
272.761: Application time: 0.0475940 seconds
272.762: [GC [PSYoungGen: 134624K->18928K(134656K)] 299255K->209762K(441344K), 0.0293040 secs] [Times: user=0.23 sys=0.00, real=0.02 secs] 
272.791: Total time for which application threads were stopped: 0.0294990 seconds, Stopping threads took: 0.0001030 seconds
272.849: Application time: 0.0579820 seconds
272.849: [GC [PSYoungGen: 134640K->18912K(134656K)] 325474K->229299K(441344K), 0.0290410 secs] [Times: user=0.23 sys=0.00, real=0.03 secs] 
272.878: Total time for which application threads were stopped: 0.0291960 seconds, Stopping threads took: 0.0000710 seconds
272.941: Application time: 0.0625490 seconds
272.941: [GC [PSYoungGen: 134624K->18912K(134656K)] 345011K->238275K(441344K), 0.0254130 secs] [Times: user=0.20 sys=0.00, real=0.02 secs] 
272.966: Total time for which application threads were stopped: 0.0256020 seconds, Stopping threads took: 0.0001050 seconds
273.026: Application time: 0.0597600 seconds
273.026: [GC [PSYoungGen: 134624K->18912K(134656K)] 353987K->250708K(441344K), 0.0270310 secs] [Times: user=0.21 sys=0.00, real=0.03 secs] 
273.053: Total time for which application threads were stopped: 0.0271870 seconds, Stopping threads took: 0.0000720 seconds
273.096: Application time: 0.0426790 seconds
273.096: [GC [PSYoungGen: 134624K->18928K(134656K)] 366420K->275961K(441344K), 0.0309470 secs] [Times: user=0.24 sys=0.00, real=0.03 secs] 
273.127: Total time for which application threads were stopped: 0.0311370 seconds, Stopping threads took: 0.0001010 seconds
273.168: Application time: 0.0408660 seconds
273.168: [GC [PSYoungGen: 134640K->18912K(134656K)] 391673K->312431K(441344K), 0.0370290 secs] [Times: user=0.29 sys=0.00, real=0.04 secs] 
273.205: [Full GC [PSYoungGen: 18912K->0K(134656K)] [ParOldGen: 293518K->129832K(306688K)] 312431K->129832K(441344K) [PSPermGen: 9152K->9152K(21504K)], 0.1458830 secs] [Times: user=1.08 sys=0.00, real=0.14 secs] 
273.351: Total time for which application threads were stopped: 0.1831340 seconds, Stopping threads took: 0.0000690 seconds
273.397: Application time: 0.0455430 seconds
273.397: [GC [PSYoungGen: 115712K->18928K(134656K)] 245544K->158710K(441344K), 0.0179110 secs] [Times: user=0.14 sys=0.00, real=0.02 secs] 
273.415: Total time for which application threads were stopped: 0.0181060 seconds, Stopping threads took: 0.0000940 seconds
273.463: Application time: 0.0478490 seconds
273.463: [GC [PSYoungGen: 134640K->18928K(134656K)] 274422K->182708K(441344K), 0.0251860 secs] [Times: user=0.20 sys=0.00, real=0.02 secs] 
273.488: Total time for which application threads were stopped: 0.0253530 seconds, Stopping threads took: 0.0000790 seconds
273.533: Application time: 0.0456110 seconds
273.534: [GC [PSYoungGen: 134640K->18928K(134656K)] 298420K->209221K(441344K), 0.0274550 secs] [Times: user=0.22 sys=0.00, real=0.03 secs] 
273.561: Total time for which application threads were stopped: 0.0276530 seconds, Stopping threads took: 0.0001050 seconds
273.618: Application time: 0.0571590 seconds
273.618: [GC [PSYoungGen: 134640K->18928K(134656K)] 324933K->229577K(441344K), 0.0285840 secs] [Times: user=0.23 sys=0.00, real=0.03 secs] 
273.647: Total time for which application threads were stopped: 0.0287560 seconds, Stopping threads took: 0.0000880 seconds
273.709: Application time: 0.0615140 seconds
273.709: [GC [PSYoungGen: 134640K->18928K(134656K)] 345289K->238509K(441344K), 0.0243110 secs] [Times: user=0.19 sys=0.00, real=0.03 secs] 
273.733: Total time for which application threads were stopped: 0.0244680 seconds, Stopping threads took: 0.0000740 seconds
273.790: Application time: 0.0567700 seconds
273.790: [GC [PSYoungGen: 134640K->18912K(134656K)] 354221K->251101K(441344K), 0.0258560 secs] [Times: user=0.21 sys=0.00, real=0.03 secs] 
273.816: Total time for which application threads were stopped: 0.0260330 seconds, Stopping threads took: 0.0000920 seconds
273.859: Application time: 0.0430410 seconds
273.859: [GC [PSYoungGen: 134624K->18912K(134656K)] 366813K->276061K(441344K), 0.0296630 secs] [Times: user=0.24 sys=0.00, real=0.03 secs] 
273.889: Total time for which application threads were stopped: 0.0298270 seconds, Stopping threads took: 0.0000700 seconds
273.929: Application time: 0.0399490 seconds
273.929: [GC [PSYoungGen: 134609K->18928K(134656K)] 391759K->312934K(441344K), 0.0365440 secs] [Times: user=0.29 sys=0.00, real=0.04 secs] 
273.965: [Full GC [PSYoungGen: 18928K->0K(134656K)] [ParOldGen: 294006K->133705K(306688K)] 312934K->133705K(441344K) [PSPermGen: 9152K->9152K(21504K)], 0.1527880 secs] [Times: user=1.14 sys=0.00, real=0.15 secs] 
274.118: Total time for which application threads were stopped: 0.1895800 seconds, Stopping threads took: 0.0000870 seconds
274.165: Application time: 0.0467380 seconds
274.165: [GC [PSYoungGen: 115712K->18928K(134656K)] 249417K->162482K(441344K), 0.0183220 secs] [Times: user=0.14 sys=0.00, real=0.02 secs] 
274.183: Total time for which application threads were stopped: 0.0184740 seconds, Stopping threads took: 0.0000690 seconds
274.235: Application time: 0.0515290 seconds
274.235: [GC [PSYoungGen: 134640K->18928K(134656K)] 278194K->182979K(441344K), 0.0245470 secs] [Times: user=0.19 sys=0.00, real=0.03 secs] 
274.260: Total time for which application threads were stopped: 0.0247300 seconds, Stopping threads took: 0.0000930 seconds
274.303: Application time: 0.0431890 seconds
274.303: [GC [PSYoungGen: 134640K->18928K(134656K)] 298691K->209301K(441344K), 0.0289790 secs] [Times: user=0.22 sys=0.00, real=0.03 secs] 
274.332: Total time for which application threads were stopped: 0.0291620 seconds, Stopping threads took: 0.0000950 seconds
274.387: Application time: 0.0550700 seconds
274.387: [GC [PSYoungGen: 134640K->18912K(134656K)] 325013K->232181K(441344K), 0.0325170 secs] [Times: user=0.26 sys=0.00, real=0.04 secs] 
274.420: Total time for which application threads were stopped: 0.0326710 seconds, Stopping threads took: 0.0000700 seconds
274.480: Application time: 0.0597050 seconds
274.480: [GC [PSYoungGen: 134624K->18928K(134656K)] 347893K->241653K(441344K), 0.0267460 secs] [Times: user=0.21 sys=0.00, real=0.02 secs] 
274.506: Total time for which application threads were stopped: 0.0269140 seconds, Stopping threads took: 0.0000740 seconds
274.560: Application time: 0.0538760 seconds
274.564: [GC [PSYoungGen: 134640K->18912K(134656K)] 357365K->256978K(441344K), 0.0261800 secs] [Times: user=0.21 sys=0.00, real=0.02 secs] 
274.590: Total time for which application threads were stopped: 0.0294870 seconds, Stopping threads took: 0.0032200 seconds
274.635: Application time: 0.0447760 seconds
274.635: [GC [PSYoungGen: 134624K->18912K(134656K)] 372690K->280310K(441344K), 0.0288790 secs] [Times: user=0.23 sys=0.00, real=0.03 secs] 
274.664: Total time for which application threads were stopped: 0.0290470 seconds, Stopping threads took: 0.0000790 seconds
274.705: Application time: 0.0413020 seconds
274.705: [GC [PSYoungGen: 134624K->18928K(134656K)] 396022K->315460K(441344K), 0.0345420 secs] [Times: user=0.27 sys=0.00, real=0.04 secs] 
274.740: [Full GC [PSYoungGen: 18928K->0K(134656K)] [ParOldGen: 296532K->129279K(306688K)] 315460K->129279K(441344K) [PSPermGen: 9152K->9152K(21504K)], 0.1461470 secs] [Times: user=1.08 sys=0.00, real=0.14 secs] 
274.886: Total time for which application threads were stopped: 0.1809000 seconds, Stopping threads took: 0.0000630 seconds
274.930: Application time: 0.0444940 seconds
274.930: [GC [PSYoungGen: 115712K->18931K(134656K)] 244991K->158031K(441344K), 0.0171850 secs] [Times: user=0.13 sys=0.00, real=0.02 secs] 
274.948: Total time for which application threads were stopped: 0.0173650 seconds, Stopping threads took: 0.0000870 seconds
274.999: Application time: 0.0508520 seconds
274.999: [GC [PSYoungGen: 134643K->18928K(134656K)] 273743K->178146K(441344K), 0.0238220 secs] [Times: user=0.19 sys=0.00, real=0.03 secs] 
275.023: Total time for which application threads were stopped: 0.0240070 seconds, Stopping threads took: 0.0000850 seconds
275.066: Application time: 0.0437250 seconds
275.066: [GC [PSYoungGen: 134640K->18928K(134656K)] 293858K->203811K(441344K), 0.0302130 secs] [Times: user=0.23 sys=0.00, real=0.03 secs] 
275.097: Total time for which application threads were stopped: 0.0303900 seconds, Stopping threads took: 0.0000810 seconds
275.152: Application time: 0.0553690 seconds
275.156: [GC [PSYoungGen: 134640K->18928K(134656K)] 319523K->228198K(441344K), 0.0409330 secs] [Times: user=0.31 sys=0.00, real=0.04 secs] 
275.197: Total time for which application threads were stopped: 0.0444940 seconds, Stopping threads took: 0.0034810 seconds
275.258: Application time: 0.0613020 seconds
275.258: [GC [PSYoungGen: 134640K->18928K(134656K)] 343910K->238298K(441344K), 0.0273970 secs] [Times: user=0.22 sys=0.00, real=0.03 secs] 
275.285: Total time for which application threads were stopped: 0.0275690 seconds, Stopping threads took: 0.0000880 seconds
275.343: Application time: 0.0579270 seconds
275.344: [GC [PSYoungGen: 134640K->18912K(134656K)] 354010K->250856K(441344K), 0.0275880 secs] [Times: user=0.22 sys=0.00, real=0.02 secs] 
275.371: Total time for which application threads were stopped: 0.0277730 seconds, Stopping threads took: 0.0000890 seconds
275.416: Application time: 0.0444850 seconds
275.416: [GC [PSYoungGen: 134624K->18912K(134656K)] 366568K->274902K(441344K), 0.0306000 secs] [Times: user=0.25 sys=0.00, real=0.03 secs] 
275.446: Total time for which application threads were stopped: 0.0307670 seconds, Stopping threads took: 0.0000790 seconds
275.485: Application time: 0.0381220 seconds
275.485: [GC [PSYoungGen: 134624K->18928K(134656K)] 390614K->311435K(441344K), 0.0368620 secs] [Times: user=0.28 sys=0.00, real=0.04 secs] 
275.522: [Full GC [PSYoungGen: 18928K->0K(134656K)] [ParOldGen: 292507K->132784K(306688K)] 311435K->132784K(441344K) [PSPermGen: 9152K->9152K(21504K)], 0.1505600 secs] [Times: user=1.12 sys=0.00, real=0.15 secs] 
275.672: Total time for which application threads were stopped: 0.1876510 seconds, Stopping threads took: 0.0000830 seconds
275.718: Application time: 0.0456520 seconds
275.718: [GC [PSYoungGen: 115712K->18912K(134656K)] 248496K->163194K(441344K), 0.0192450 secs] [Times: user=0.15 sys=0.00, real=0.02 secs] 
275.737: Total time for which application threads were stopped: 0.0194360 seconds, Stopping threads took: 0.0000950 seconds
275.789: Application time: 0.0521530 seconds
275.790: [GC [PSYoungGen: 134624K->18928K(134656K)] 278906K->179919K(441344K), 0.0231060 secs] [Times: user=0.18 sys=0.00, real=0.03 secs] 
275.813: Total time for which application threads were stopped: 0.0232640 seconds, Stopping threads took: 0.0000700 seconds
275.857: Application time: 0.0447430 seconds
275.858: [GC [PSYoungGen: 134482K->18912K(134656K)] 295473K->205615K(441344K), 0.0286320 secs] [Times: user=0.22 sys=0.00, real=0.03 secs] 
275.886: Total time for which application threads were stopped: 0.0288310 seconds, Stopping threads took: 0.0001050 seconds
275.938: Application time: 0.0521750 seconds
275.939: [GC [PSYoungGen: 134624K->18928K(134656K)] 321327K->230190K(441344K), 0.0306130 secs] [Times: user=0.24 sys=0.00, real=0.03 secs] 
275.969: Total time for which application threads were stopped: 0.0308020 seconds, Stopping threads took: 0.0001020 seconds
276.030: Application time: 0.0605660 seconds
276.030: [GC [PSYoungGen: 134640K->18928K(134656K)] 345902K->241024K(441344K), 0.0277360 secs] [Times: user=0.21 sys=0.00, real=0.03 secs] 
276.058: Total time for which application threads were stopped: 0.0279130 seconds, Stopping threads took: 0.0000930 seconds
276.119: Application time: 0.0612030 seconds
276.119: [GC [PSYoungGen: 134640K->18928K(134656K)] 356736K->251750K(441344K), 0.0279930 secs] [Times: user=0.22 sys=0.00, real=0.03 secs] 
276.147: Total time for which application threads were stopped: 0.0281520 seconds, Stopping threads took: 0.0000730 seconds
276.191: Application time: 0.0439520 seconds
276.191: [GC [PSYoungGen: 134640K->18912K(134656K)] 367462K->277147K(441344K), 0.0312790 secs] [Times: user=0.25 sys=0.00, real=0.04 secs] 
276.223: Total time for which application threads were stopped: 0.0314490 seconds, Stopping threads took: 0.0000800 seconds
276.261: Application time: 0.0383330 seconds
276.261: [GC [PSYoungGen: 134624K->18928K(134656K)] 392859K->313320K(441344K), 0.0372280 secs] [Times: user=0.30 sys=0.00, real=0.03 secs] 
276.298: [Full GC [PSYoungGen: 18928K->0K(134656K)] [ParOldGen: 294392K->132023K(306688K)] 313320K->132023K(441344K) [PSPermGen: 9152K->9152K(21504K)], 0.1490270 secs] [Times: user=1.10 sys=0.00, real=0.15 secs] 
276.447: Total time for which application threads were stopped: 0.1864830 seconds, Stopping threads took: 0.0000750 seconds
276.496: Application time: 0.0482080 seconds
276.496: [GC [PSYoungGen: 115712K->18928K(134656K)] 247735K->163567K(441344K), 0.0211910 secs] [Times: user=0.16 sys=0.00, real=0.02 secs] 
276.517: Total time for which application threads were stopped: 0.0213530 seconds, Stopping threads took: 0.0000760 seconds
276.572: Application time: 0.0551850 seconds
276.572: [GC [PSYoungGen: 134640K->18928K(134656K)] 279279K->178109K(441344K), 0.0226180 secs] [Times: user=0.18 sys=0.00, real=0.02 secs] 
276.595: Total time for which application threads were stopped: 0.0227970 seconds, Stopping threads took: 0.0000920 seconds
276.640: Application time: 0.0455690 seconds
276.641: [GC [PSYoungGen: 134640K->18928K(134656K)] 293821K->204663K(441344K), 0.0272000 secs] [Times: user=0.21 sys=0.00, real=0.02 secs] 
276.668: Total time for which application threads were stopped: 0.0273780 seconds, Stopping threads took: 0.0000910 seconds
276.719: Application time: 0.0512160 seconds
276.719: [GC [PSYoungGen: 134640K->18928K(134656K)] 320375K->228472K(441344K), 0.0301560 secs] [Times: user=0.24 sys=0.01, real=0.03 secs] 
276.749: Total time for which application threads were stopped: 0.0303290 seconds, Stopping threads took: 0.0000860 seconds
276.810: Application time: 0.0606480 seconds
276.812: [GC [PSYoungGen: 134640K->18928K(134656K)] 344184K->240775K(441344K), 0.0276460 secs] [Times: user=0.22 sys=0.00, real=0.02 secs] 
276.839: Total time for which application threads were stopped: 0.0292780 seconds, Stopping threads took: 0.0015390 seconds
276.899: Application time: 0.0595600 seconds
276.900: [GC [PSYoungGen: 134640K->18928K(134656K)] 356487K->252882K(441344K), 0.0269170 secs] [Times: user=0.21 sys=0.00, real=0.02 secs] 
276.927: Total time for which application threads were stopped: 0.0277040 seconds, Stopping threads took: 0.0006970 seconds
276.971: Application time: 0.0440990 seconds
276.971: [GC [PSYoungGen: 134640K->18912K(134656K)] 368594K->276123K(441344K), 0.0301170 secs] [Times: user=0.23 sys=0.00, real=0.04 secs] 
277.001: Total time for which application threads were stopped: 0.0302770 seconds, Stopping threads took: 0.0000750 seconds
277.041: Application time: 0.0398290 seconds
277.041: [GC [PSYoungGen: 134624K->18928K(134656K)] 391835K->313174K(441344K), 0.0370090 secs] [Times: user=0.29 sys=0.00, real=0.03 secs] 
277.078: [Full GC [PSYoungGen: 18928K->0K(134656K)] [ParOldGen: 294246K->132765K(306688K)] 313174K->132765K(441344K) [PSPermGen: 9154K->9154K(21504K)], 0.1543570 secs] [Times: user=1.16 sys=0.00, real=0.16 secs] 
277.232: Total time for which application threads were stopped: 0.1916120 seconds, Stopping threads took: 0.0000910 seconds
277.277: Application time: 0.0447340 seconds
277.280: [GC [PSYoungGen: 115712K->18912K(134656K)] 248477K->161246K(441344K), 0.0172660 secs] [Times: user=0.14 sys=0.00, real=0.01 secs] 
277.297: Total time for which application threads were stopped: 0.0198130 seconds, Stopping threads took: 0.0024590 seconds
277.353: Application time: 0.0555950 seconds
277.356: [GC [PSYoungGen: 134624K->18928K(134656K)] 276958K->176292K(441344K), 0.0223380 secs] [Times: user=0.17 sys=0.00, real=0.02 secs] 
277.378: Total time for which application threads were stopped: 0.0254430 seconds, Stopping threads took: 0.0030090 seconds
277.423: Application time: 0.0446240 seconds
277.423: [GC [PSYoungGen: 134640K->18928K(134656K)] 292004K->201632K(441344K), 0.0281720 secs] [Times: user=0.22 sys=0.00, real=0.02 secs] 
277.451: Total time for which application threads were stopped: 0.0283530 seconds, Stopping threads took: 0.0000900 seconds
277.499: Application time: 0.0483270 seconds
277.499: [GC [PSYoungGen: 134640K->18928K(134656K)] 317344K->228335K(441344K), 0.0326710 secs] [Times: user=0.25 sys=0.01, real=0.04 secs] 
277.532: Total time for which application threads were stopped: 0.0328360 seconds, Stopping threads took: 0.0000800 seconds
277.591: Application time: 0.0589340 seconds
277.591: [GC [PSYoungGen: 134640K->18912K(134656K)] 344047K->241564K(441344K), 0.0303650 secs] [Times: user=0.23 sys=0.00, real=0.04 secs] 
277.622: Total time for which application threads were stopped: 0.0305100 seconds, Stopping threads took: 0.0000700 seconds
277.681: Application time: 0.0589040 seconds
277.681: [GC [PSYoungGen: 134624K->18928K(134656K)] 357276K->252539K(441344K), 0.0276740 secs] [Times: user=0.21 sys=0.00, real=0.02 secs] 
277.708: Total time for which application threads were stopped: 0.0278510 seconds, Stopping threads took: 0.0000950 seconds
277.751: Application time: 0.0423630 seconds
277.751: [GC [PSYoungGen: 134640K->18928K(134656K)] 368251K->278678K(441344K), 0.0317030 secs] [Times: user=0.25 sys=0.00, real=0.04 secs] 
277.783: Total time for which application threads were stopped: 0.0318700 seconds, Stopping threads took: 0.0000770 seconds
277.820: Application time: 0.0374140 seconds
277.820: [GC [PSYoungGen: 134640K->18928K(134656K)] 394390K->313528K(441344K), 0.0374780 secs] [Times: user=0.29 sys=0.00, real=0.03 secs] 
277.858: [Full GC [PSYoungGen: 18928K->0K(134656K)] [ParOldGen: 294600K->132263K(306688K)] 313528K->132263K(441344K) [PSPermGen: 9155K->9155K(21504K)], 0.1490610 secs] [Times: user=1.09 sys=0.00, real=0.15 secs] 
278.007: Total time for which application threads were stopped: 0.1867630 seconds, Stopping threads took: 0.0000710 seconds
278.053: Application time: 0.0458590 seconds
278.053: [GC [PSYoungGen: 115712K->18928K(134656K)] 247975K->163398K(441344K), 0.0198030 secs] [Times: user=0.15 sys=0.00, real=0.02 secs] 
278.073: Total time for which application threads were stopped: 0.0199800 seconds, Stopping threads took: 0.0000780 seconds
278.131: Application time: 0.0579780 seconds
278.131: [GC [PSYoungGen: 134640K->18928K(134656K)] 279110K->177990K(441344K), 0.0230240 secs] [Times: user=0.18 sys=0.00, real=0.03 secs] 
278.154: Total time for which application threads were stopped: 0.0232070 seconds, Stopping threads took: 0.0000960 seconds
278.198: Application time: 0.0438820 seconds
278.198: [GC [PSYoungGen: 134505K->18928K(134656K)] 293567K->202949K(441344K), 0.0290130 secs] [Times: user=0.21 sys=0.00, real=0.03 secs] 
278.227: Total time for which application threads were stopped: 0.0291870 seconds, Stopping threads took: 0.0000870 seconds
278.276: Application time: 0.0493650 seconds
278.276: [GC [PSYoungGen: 134640K->18928K(134656K)] 318661K->229658K(441344K), 0.0314210 secs] [Times: user=0.24 sys=0.00, real=0.03 secs] 
278.308: Total time for which application threads were stopped: 0.0316040 seconds, Stopping threads took: 0.0000970 seconds
278.366: Application time: 0.0583820 seconds
278.366: [GC [PSYoungGen: 134640K->18912K(134656K)] 345370K->242957K(441344K), 0.0268680 secs] [Times: user=0.21 sys=0.00, real=0.03 secs] 
278.393: Total time for which application threads were stopped: 0.0270260 seconds, Stopping threads took: 0.0000780 seconds
278.456: Application time: 0.0623930 seconds
278.460: [GC [PSYoungGen: 134624K->18912K(134656K)] 358669K->251738K(441344K), 0.0260640 secs] [Times: user=0.20 sys=0.00, real=0.02 secs] 
278.486: Total time for which application threads were stopped: 0.0300250 seconds, Stopping threads took: 0.0038810 seconds
278.529: Application time: 0.0428290 seconds
278.529: [GC [PSYoungGen: 134624K->18928K(134656K)] 367450K->277312K(441344K), 0.0301690 secs] [Times: user=0.24 sys=0.00, real=0.03 secs] 
278.559: Total time for which application threads were stopped: 0.0303570 seconds, Stopping threads took: 0.0000990 seconds
278.594: Application time: 0.0355950 seconds
278.595: [GC [PSYoungGen: 134640K->18912K(134656K)] 393024K->311858K(441344K), 0.0343500 secs] [Times: user=0.27 sys=0.00, real=0.03 secs] 
278.629: [Full GC [PSYoungGen: 18912K->0K(134656K)] [ParOldGen: 292945K->129814K(306688K)] 311858K->129814K(441344K) [PSPermGen: 9155K->9155K(21504K)], 0.1440390 secs] [Times: user=1.05 sys=0.00, real=0.15 secs] 
278.773: Total time for which application threads were stopped: 0.1786500 seconds, Stopping threads took: 0.0000870 seconds
278.821: Application time: 0.0475860 seconds
278.821: [GC [PSYoungGen: 115712K->18912K(134656K)] 245526K->164375K(441344K), 0.0221820 secs] [Times: user=0.17 sys=0.00, real=0.02 secs] 
278.843: Total time for which application threads were stopped: 0.0223260 seconds, Stopping threads took: 0.0000610 seconds
278.902: Application time: 0.0589940 seconds
278.902: [GC [PSYoungGen: 134624K->18928K(134656K)] 280087K->175156K(441344K), 0.0226650 secs] [Times: user=0.18 sys=0.00, real=0.02 secs] 
278.925: Total time for which application threads were stopped: 0.0228700 seconds, Stopping threads took: 0.0001210 seconds
278.970: Application time: 0.0454030 seconds
278.970: [GC [PSYoungGen: 134640K->18912K(134656K)] 290868K->200385K(441344K), 0.0270570 secs] [Times: user=0.21 sys=0.00, real=0.03 secs] 
278.998: Total time for which application threads were stopped: 0.0272220 seconds, Stopping threads took: 0.0000750 seconds
279.044: Application time: 0.0467060 seconds
279.044: [GC [PSYoungGen: 134624K->18928K(134656K)] 316097K->228599K(441344K), 0.0325960 secs] [Times: user=0.26 sys=0.00, real=0.03 secs] 
279.077: Total time for which application threads were stopped: 0.0327500 seconds, Stopping threads took: 0.0000700 seconds
279.139: Application time: 0.0619070 seconds
279.139: [GC [PSYoungGen: 134640K->18928K(134656K)] 344311K->241599K(441344K), 0.0289710 secs] [Times: user=0.22 sys=0.00, real=0.03 secs] 
279.168: Total time for which application threads were stopped: 0.0291480 seconds, Stopping threads took: 0.0000800 seconds
279.229: Application time: 0.0611070 seconds
279.229: [GC [PSYoungGen: 134640K->18928K(134656K)] 357311K->250928K(441344K), 0.0313190 secs] [Times: user=0.23 sys=0.00, real=0.04 secs] 
279.261: Total time for which application threads were stopped: 0.0315000 seconds, Stopping threads took: 0.0000970 seconds
279.305: Application time: 0.0440840 seconds
279.305: [GC [PSYoungGen: 134640K->18912K(134656K)] 366640K->275497K(441344K), 0.0307420 secs] [Times: user=0.24 sys=0.00, real=0.03 secs] 
279.336: Total time for which application threads were stopped: 0.0309100 seconds, Stopping threads took: 0.0000800 seconds
279.370: Application time: 0.0346240 seconds
279.370: [GC [PSYoungGen: 134580K->18928K(134656K)] 391165K->309746K(441344K), 0.0345400 secs] [Times: user=0.26 sys=0.00, real=0.04 secs] 
279.405: [Full GC [PSYoungGen: 18928K->0K(134656K)] [ParOldGen: 290818K->127965K(306688K)] 309746K->127965K(441344K) [PSPermGen: 9155K->9155K(21504K)], 0.1386860 secs] [Times: user=1.03 sys=0.00, real=0.14 secs] 
279.544: Total time for which application threads were stopped: 0.1734770 seconds, Stopping threads took: 0.0000980 seconds
279.590: Application time: 0.0465800 seconds
279.591: [GC [PSYoungGen: 115712K->18928K(134656K)] 243677K->163733K(441344K), 0.0226290 secs] [Times: user=0.18 sys=0.00, real=0.03 secs] 
279.613: Total time for which application threads were stopped: 0.0228100 seconds, Stopping threads took: 0.0000980 seconds
279.672: Application time: 0.0592700 seconds
279.673: [GC [PSYoungGen: 134640K->18928K(134656K)] 279445K->175317K(441344K), 0.0217840 secs] [Times: user=0.18 sys=0.00, real=0.02 secs] 
279.694: Total time for which application threads were stopped: 0.0219710 seconds, Stopping threads took: 0.0000900 seconds
279.742: Application time: 0.0478770 seconds
279.742: [GC [PSYoungGen: 134640K->18912K(134656K)] 291029K->197823K(441344K), 0.0257940 secs] [Times: user=0.20 sys=0.00, real=0.02 secs] 
279.768: Total time for which application threads were stopped: 0.0259910 seconds, Stopping threads took: 0.0001040 seconds
279.814: Application time: 0.0461910 seconds
279.815: [GC [PSYoungGen: 134624K->18928K(134656K)] 313535K->225419K(441344K), 0.0314870 secs] [Times: user=0.25 sys=0.00, real=0.03 secs] 
279.846: Total time for which application threads were stopped: 0.0316650 seconds, Stopping threads took: 0.0000770 seconds
279.907: Application time: 0.0605060 seconds
279.907: [GC [PSYoungGen: 134640K->18928K(134656K)] 341131K->241811K(441344K), 0.0305860 secs] [Times: user=0.24 sys=0.00, real=0.03 secs] 
279.937: Total time for which application threads were stopped: 0.0307640 seconds, Stopping threads took: 0.0000870 seconds
279.998: Application time: 0.0603260 seconds
279.998: [GC [PSYoungGen: 134640K->18912K(134656K)] 357523K->250122K(441344K), 0.0260060 secs] [Times: user=0.20 sys=0.00, real=0.03 secs] 
280.024: Total time for which application threads were stopped: 0.0261500 seconds, Stopping threads took: 0.0000600 seconds
280.069: Application time: 0.0450110 seconds
280.069: [GC [PSYoungGen: 134624K->18928K(134656K)] 365834K->274875K(441344K), 0.0315750 secs] [Times: user=0.25 sys=0.00, real=0.04 secs] 
280.101: Total time for which application threads were stopped: 0.0317640 seconds, Stopping threads took: 0.0000980 seconds
280.136: Application time: 0.0350850 seconds
280.136: [GC [PSYoungGen: 134640K->18912K(134656K)] 390587K->308728K(441344K), 0.0351060 secs] [Times: user=0.27 sys=0.00, real=0.03 secs] 
280.171: [Full GC [PSYoungGen: 18912K->0K(134656K)] [ParOldGen: 289816K->128737K(306688K)] 308728K->128737K(441344K) [PSPermGen: 9155K->9155K(21504K)], 0.1359220 secs] [Times: user=1.00 sys=0.00, real=0.14 secs] 
280.307: Total time for which application threads were stopped: 0.1712730 seconds, Stopping threads took: 0.0000890 seconds
280.355: Application time: 0.0481070 seconds
280.355: [GC [PSYoungGen: 115712K->18912K(134656K)] 244449K->164403K(441344K), 0.0235420 secs] [Times: user=0.19 sys=0.00, real=0.02 secs] 
280.379: Total time for which application threads were stopped: 0.0237190 seconds, Stopping threads took: 0.0000840 seconds
280.439: Application time: 0.0597880 seconds
280.439: [GC [PSYoungGen: 134624K->18912K(134656K)] 280115K->175916K(441344K), 0.0233920 secs] [Times: user=0.18 sys=0.00, real=0.03 secs] 
280.462: Total time for which application threads were stopped: 0.0235680 seconds, Stopping threads took: 0.0000930 seconds
280.509: Application time: 0.0470870 seconds
280.509: [GC [PSYoungGen: 134624K->18928K(134656K)] 291628K->199747K(441344K), 0.0278600 secs] [Times: user=0.22 sys=0.00, real=0.03 secs] 
280.537: Total time for which application threads were stopped: 0.0280490 seconds, Stopping threads took: 0.0001020 seconds
280.581: Application time: 0.0439850 seconds
280.582: [GC [PSYoungGen: 134640K->18928K(134656K)] 315459K->226795K(441344K), 0.0318720 secs] [Times: user=0.25 sys=0.00, real=0.03 secs] 
280.613: Total time for which application threads were stopped: 0.0320530 seconds, Stopping threads took: 0.0000940 seconds
280.673: Application time: 0.0591890 seconds
280.673: [GC [PSYoungGen: 134640K->18928K(134656K)] 342507K->243887K(441344K), 0.0323750 secs] [Times: user=0.26 sys=0.00, real=0.03 secs] 
280.705: Total time for which application threads were stopped: 0.0325330 seconds, Stopping threads took: 0.0000740 seconds
280.766: Application time: 0.0609710 seconds
280.766: [GC [PSYoungGen: 134640K->18912K(134656K)] 359599K->254048K(441344K), 0.0296200 secs] [Times: user=0.24 sys=0.00, real=0.03 secs] 
280.796: Total time for which application threads were stopped: 0.0297990 seconds, Stopping threads took: 0.0000960 seconds
280.843: Application time: 0.0465890 seconds
280.843: [GC [PSYoungGen: 134624K->18928K(134656K)] 369760K->278035K(441344K), 0.0327590 secs] [Times: user=0.25 sys=0.00, real=0.03 secs] 
280.875: Total time for which application threads were stopped: 0.0329170 seconds, Stopping threads took: 0.0000670 seconds
280.908: Application time: 0.0330240 seconds
280.909: [GC [PSYoungGen: 134640K->18928K(134656K)] 393747K->312180K(441344K), 0.0363250 secs] [Times: user=0.28 sys=0.00, real=0.04 secs] 
280.945: [Full GC [PSYoungGen: 18928K->0K(134656K)] [ParOldGen: 293252K->127485K(306688K)] 312180K->127485K(441344K) [PSPermGen: 9155K->9155K(21504K)], 0.1307390 secs] [Times: user=0.97 sys=0.00, real=0.13 secs] 
281.076: Total time for which application threads were stopped: 0.1673170 seconds, Stopping threads took: 0.0000870 seconds
281.125: Application time: 0.0489250 seconds
281.125: [GC [PSYoungGen: 115712K->18928K(134656K)] 243197K->165405K(441344K), 0.0259050 secs] [Times: user=0.19 sys=0.00, real=0.02 secs] 
281.151: Total time for which application threads were stopped: 0.0260640 seconds, Stopping threads took: 0.0000770 seconds
281.208: Application time: 0.0574440 seconds
281.208: [GC [PSYoungGen: 134640K->18928K(134656K)] 281117K->175631K(441344K), 0.0235450 secs] [Times: user=0.19 sys=0.00, real=0.03 secs] 
281.232: Total time for which application threads were stopped: 0.0237090 seconds, Stopping threads took: 0.0000800 seconds
281.282: Application time: 0.0503500 seconds
281.282: [GC [PSYoungGen: 134620K->18928K(134656K)] 291323K->197040K(441344K), 0.0285270 secs] [Times: user=0.23 sys=0.00, real=0.02 secs] 
281.311: Total time for which application threads were stopped: 0.0287020 seconds, Stopping threads took: 0.0000870 seconds
281.352: Application time: 0.0408600 seconds
281.352: [GC [PSYoungGen: 134640K->18928K(134656K)] 312752K->223653K(441344K), 0.0330440 secs] [Times: user=0.25 sys=0.01, real=0.03 secs] 
281.385: Total time for which application threads were stopped: 0.0332120 seconds, Stopping threads took: 0.0000800 seconds
281.446: Application time: 0.0607360 seconds
281.446: [GC [PSYoungGen: 134640K->18928K(134656K)] 339365K->243117K(441344K), 0.0357200 secs] [Times: user=0.28 sys=0.00, real=0.04 secs] 
281.482: Total time for which application threads were stopped: 0.0359390 seconds, Stopping threads took: 0.0001220 seconds
281.541: Application time: 0.0596890 seconds
281.542: [GC [PSYoungGen: 134640K->18912K(134656K)] 358829K->252987K(441344K), 0.0310720 secs] [Times: user=0.24 sys=0.00, real=0.03 secs] 
281.573: Total time for which application threads were stopped: 0.0312440 seconds, Stopping threads took: 0.0000910 seconds
281.618: Application time: 0.0452150 seconds
281.618: [GC [PSYoungGen: 134624K->18928K(134656K)] 368699K->277396K(441344K), 0.0357380 secs] [Times: user=0.28 sys=0.00, real=0.04 secs] 
281.654: Total time for which application threads were stopped: 0.0359090 seconds, Stopping threads took: 0.0000830 seconds
281.687: Application time: 0.0328500 seconds
281.687: [GC [PSYoungGen: 134640K->18928K(134656K)] 393108K->310724K(441344K), 0.0389670 secs] [Times: user=0.30 sys=0.00, real=0.04 secs] 
281.726: [Full GC [PSYoungGen: 18928K->0K(134656K)] [ParOldGen: 291796K->127307K(306688K)] 310724K->127307K(441344K) [PSPermGen: 9157K->9157K(21504K)], 0.1312050 secs] [Times: user=0.97 sys=0.00, real=0.13 secs] 
281.857: Total time for which application threads were stopped: 0.1704180 seconds, Stopping threads took: 0.0000970 seconds
281.905: Application time: 0.0482680 seconds
281.905: [GC [PSYoungGen: 115712K->18928K(134656K)] 243019K->165257K(441344K), 0.0257290 secs] [Times: user=0.20 sys=0.00, real=0.02 secs] 
281.931: Total time for which application threads were stopped: 0.0259080 seconds, Stopping threads took: 0.0000930 seconds
281.990: Application time: 0.0588520 seconds
281.990: [GC [PSYoungGen: 134640K->18912K(134656K)] 280969K->175964K(441344K), 0.0241140 secs] [Times: user=0.19 sys=0.00, real=0.03 secs] 
282.014: Total time for which application threads were stopped: 0.0243210 seconds, Stopping threads took: 0.0001020 seconds
282.068: Application time: 0.0533550 seconds
282.068: [GC [PSYoungGen: 134624K->18912K(134656K)] 291676K->194343K(441344K), 0.0282070 secs] [Times: user=0.21 sys=0.00, real=0.03 secs] 
282.096: Total time for which application threads were stopped: 0.0283780 seconds, Stopping threads took: 0.0000830 seconds
282.138: Application time: 0.0418890 seconds
282.138: [GC [PSYoungGen: 134624K->18928K(134656K)] 310055K->221482K(441344K), 0.0338700 secs] [Times: user=0.26 sys=0.00, real=0.04 secs] 
282.172: Total time for which application threads were stopped: 0.0340750 seconds, Stopping threads took: 0.0001140 seconds
282.229: Application time: 0.0572320 seconds
282.232: [GC [PSYoungGen: 134640K->18928K(134656K)] 337194K->243434K(441344K), 0.0377490 secs] [Times: user=0.29 sys=0.00, real=0.03 secs] 
282.269: Total time for which application threads were stopped: 0.0400450 seconds, Stopping threads took: 0.0022120 seconds
282.329: Application time: 0.0600790 seconds
282.330: [GC [PSYoungGen: 134640K->18928K(134656K)] 359146K->253275K(441344K), 0.0315060 secs] [Times: user=0.25 sys=0.00, real=0.04 secs] 
282.361: Total time for which application threads were stopped: 0.0316670 seconds, Stopping threads took: 0.0000800 seconds
282.407: Application time: 0.0457310 seconds
282.407: [GC [PSYoungGen: 134640K->18912K(134656K)] 368987K->277432K(441344K), 0.0358470 secs] [Times: user=0.28 sys=0.00, real=0.04 secs] 
282.443: Total time for which application threads were stopped: 0.0360030 seconds, Stopping threads took: 0.0000630 seconds
282.477: Application time: 0.0345250 seconds
282.478: [GC [PSYoungGen: 134624K->18912K(134656K)] 393144K->311448K(441344K), 0.0407460 secs] [Times: user=0.30 sys=0.00, real=0.04 secs] 
282.518: [Full GC [PSYoungGen: 18912K->0K(134656K)] [ParOldGen: 292536K->128270K(306688K)] 311448K->128270K(441344K) [PSPermGen: 9157K->9157K(21504K)], 0.1414480 secs] [Times: user=1.04 sys=0.00, real=0.15 secs] 
282.660: Total time for which application threads were stopped: 0.1824400 seconds, Stopping threads took: 0.0000990 seconds
282.706: Application time: 0.0465370 seconds
282.707: [GC [PSYoungGen: 115712K->18912K(134656K)] 243982K->163740K(441344K), 0.0233810 secs] [Times: user=0.18 sys=0.00, real=0.02 secs] 
282.730: Total time for which application threads were stopped: 0.0235610 seconds, Stopping threads took: 0.0000880 seconds
282.790: Application time: 0.0597430 seconds
282.790: [GC [PSYoungGen: 134624K->18928K(134656K)] 279452K->175529K(441344K), 0.0227300 secs] [Times: user=0.18 sys=0.00, real=0.03 secs] 
282.813: Total time for which application threads were stopped: 0.0229020 seconds, Stopping threads took: 0.0000900 seconds
282.865: Application time: 0.0528610 seconds
282.866: [GC [PSYoungGen: 134640K->18928K(134656K)] 291241K->194222K(441344K), 0.0266980 secs] [Times: user=0.21 sys=0.00, real=0.03 secs] 
282.892: Total time for which application threads were stopped: 0.0268820 seconds, Stopping threads took: 0.0000970 seconds
282.936: Application time: 0.0432440 seconds
282.936: [GC [PSYoungGen: 134640K->18912K(134656K)] 309934K->221458K(441344K), 0.0321120 secs] [Times: user=0.24 sys=0.00, real=0.03 secs] 
282.968: Total time for which application threads were stopped: 0.0322850 seconds, Stopping threads took: 0.0000820 seconds
283.023: Application time: 0.0548020 seconds
283.023: [GC [PSYoungGen: 134624K->18912K(134656K)] 337170K->243277K(441344K), 0.0337430 secs] [Times: user=0.26 sys=0.00, real=0.03 secs] 
283.057: Total time for which application threads were stopped: 0.0339170 seconds, Stopping threads took: 0.0000890 seconds
283.116: Application time: 0.0593720 seconds
283.120: [GC [PSYoungGen: 134624K->18912K(134656K)] 358989K->252694K(441344K), 0.0292270 secs] [Times: user=0.23 sys=0.00, real=0.02 secs] 
283.149: Total time for which application threads were stopped: 0.0328720 seconds, Stopping threads took: 0.0035630 seconds
283.195: Application time: 0.0462220 seconds
283.195: [GC [PSYoungGen: 134624K->18928K(134656K)] 368406K->275497K(441344K), 0.0323690 secs] [Times: user=0.26 sys=0.00, real=0.03 secs] 
283.228: Total time for which application threads were stopped: 0.0325390 seconds, Stopping threads took: 0.0000800 seconds
283.262: Application time: 0.0338860 seconds
283.262: [GC [PSYoungGen: 134640K->18912K(134656K)] 391209K->310013K(441344K), 0.0377050 secs] [Times: user=0.29 sys=0.00, real=0.03 secs] 
283.299: [Full GC [PSYoungGen: 18912K->0K(134656K)] [ParOldGen: 291101K->127803K(306688K)] 310013K->127803K(441344K) [PSPermGen: 9157K->9157K(21504K)], 0.1348690 secs] [Times: user=1.00 sys=0.00, real=0.14 secs] 
283.434: Total time for which application threads were stopped: 0.1728260 seconds, Stopping threads took: 0.0000870 seconds
283.480: Application time: 0.0453060 seconds
283.480: [GC [PSYoungGen: 115712K->18912K(134656K)] 243515K->163281K(441344K), 0.0222340 secs] [Times: user=0.18 sys=0.00, real=0.02 secs] 
283.502: Total time for which application threads were stopped: 0.0224050 seconds, Stopping threads took: 0.0000840 seconds
283.560: Application time: 0.0579980 seconds
283.560: [GC [PSYoungGen: 134624K->18928K(134656K)] 278993K->175614K(441344K), 0.0219690 secs] [Times: user=0.17 sys=0.00, real=0.02 secs] 
283.582: Total time for which application threads were stopped: 0.0221570 seconds, Stopping threads took: 0.0001060 seconds
283.637: Application time: 0.0545460 seconds
283.637: [GC [PSYoungGen: 134640K->18928K(134656K)] 291326K->192151K(441344K), 0.0240470 secs] [Times: user=0.19 sys=0.00, real=0.03 secs] 
283.661: Total time for which application threads were stopped: 0.0242230 seconds, Stopping threads took: 0.0000910 seconds
283.703: Application time: 0.0420850 seconds
283.703: [GC [PSYoungGen: 134640K->18928K(134656K)] 307863K->219794K(441344K), 0.0299090 secs] [Times: user=0.23 sys=0.00, real=0.03 secs] 
283.733: Total time for which application threads were stopped: 0.0300870 seconds, Stopping threads took: 0.0000900 seconds
283.789: Application time: 0.0560770 seconds
283.789: [GC [PSYoungGen: 134640K->18928K(134656K)] 335506K->242991K(441344K), 0.0336550 secs] [Times: user=0.27 sys=0.00, real=0.04 secs] 
283.823: Total time for which application threads were stopped: 0.0338600 seconds, Stopping threads took: 0.0001070 seconds
283.884: Application time: 0.0608730 seconds
283.884: [GC [PSYoungGen: 134640K->18928K(134656K)] 358703K->252059K(441344K), 0.0282190 secs] [Times: user=0.22 sys=0.00, real=0.03 secs] 
283.912: Total time for which application threads were stopped: 0.0284050 seconds, Stopping threads took: 0.0001010 seconds
283.961: Application time: 0.0489440 seconds
283.964: [GC [PSYoungGen: 134640K->18912K(134656K)] 367771K->274054K(441344K), 0.0307940 secs] [Times: user=0.24 sys=0.00, real=0.03 secs] 
283.994: Total time for which application threads were stopped: 0.0331020 seconds, Stopping threads took: 0.0022200 seconds
284.030: Application time: 0.0352110 seconds
284.030: [GC [PSYoungGen: 134624K->18912K(134656K)] 389766K->307942K(441344K), 0.0350420 secs] [Times: user=0.28 sys=0.00, real=0.04 secs] 
284.065: [Full GC [PSYoungGen: 18912K->0K(134656K)] [ParOldGen: 289030K->126443K(306688K)] 307942K->126443K(441344K) [PSPermGen: 9157K->9157K(21504K)], 0.1323260 secs] [Times: user=0.96 sys=0.00, real=0.13 secs] 
284.197: Total time for which application threads were stopped: 0.1675750 seconds, Stopping threads took: 0.0000670 seconds
284.242: Application time: 0.0447820 seconds
284.242: [GC [PSYoungGen: 115712K->18912K(134656K)] 242155K->163037K(441344K), 0.0280870 secs] [Times: user=0.22 sys=0.00, real=0.02 secs] 
284.270: Total time for which application threads were stopped: 0.0282710 seconds, Stopping threads took: 0.0001070 seconds
284.328: Application time: 0.0576260 seconds
284.328: [GC [PSYoungGen: 134624K->18912K(134656K)] 278749K->176289K(441344K), 0.0229880 secs] [Times: user=0.18 sys=0.00, real=0.02 secs] 
284.351: Total time for which application threads were stopped: 0.0231800 seconds, Stopping threads took: 0.0000990 seconds
284.408: Application time: 0.0565790 seconds
284.408: [GC [PSYoungGen: 134624K->18928K(134656K)] 292001K->191028K(441344K), 0.0244690 secs] [Times: user=0.19 sys=0.00, real=0.03 secs] 
284.432: Total time for which application threads were stopped: 0.0246200 seconds, Stopping threads took: 0.0000640 seconds
284.475: Application time: 0.0429120 seconds
284.475: [GC [PSYoungGen: 134640K->18912K(134656K)] 306740K->218575K(441344K), 0.0304010 secs] [Times: user=0.24 sys=0.00, real=0.03 secs] 
284.506: Total time for which application threads were stopped: 0.0305850 seconds, Stopping threads took: 0.0000930 seconds
284.558: Application time: 0.0520350 seconds
284.558: [GC [PSYoungGen: 134624K->18928K(134656K)] 334287K->242631K(441344K), 0.0338660 secs] [Times: user=0.27 sys=0.00, real=0.04 secs] 
284.592: Total time for which application threads were stopped: 0.0340680 seconds, Stopping threads took: 0.0001080 seconds
284.651: Application time: 0.0594420 seconds
284.651: [GC [PSYoungGen: 134640K->18912K(134656K)] 358343K->252697K(441344K), 0.0277370 secs] [Times: user=0.22 sys=0.01, real=0.03 secs] 
284.679: Total time for which application threads were stopped: 0.0278980 seconds, Stopping threads took: 0.0000790 seconds
284.726: Application time: 0.0466150 seconds
284.726: [GC [PSYoungGen: 134624K->18928K(134656K)] 368409K->275256K(441344K), 0.0316370 secs] [Times: user=0.25 sys=0.00, real=0.03 secs] 
284.758: Total time for which application threads were stopped: 0.0317940 seconds, Stopping threads took: 0.0000690 seconds
284.794: Application time: 0.0363440 seconds
284.794: [GC [PSYoungGen: 134640K->18928K(134656K)] 390968K->307661K(441344K), 0.0352090 secs] [Times: user=0.28 sys=0.00, real=0.03 secs] 
284.829: [Full GC [PSYoungGen: 18928K->0K(134656K)] [ParOldGen: 288733K->124840K(306688K)] 307661K->124840K(441344K) [PSPermGen: 9157K->9157K(21504K)], 0.1331800 secs] [Times: user=0.98 sys=0.00, real=0.14 secs] 
284.963: Total time for which application threads were stopped: 0.1686470 seconds, Stopping threads took: 0.0001060 seconds
285.007: Application time: 0.0443350 seconds
285.007: [GC [PSYoungGen: 115712K->18926K(134656K)] 240552K->159920K(441344K), 0.0210990 secs] [Times: user=0.17 sys=0.00, real=0.02 secs] 
285.028: Total time for which application threads were stopped: 0.0212700 seconds, Stopping threads took: 0.0000710 seconds
285.085: Application time: 0.0568290 seconds
285.085: [GC [PSYoungGen: 134638K->18912K(134656K)] 275632K->175272K(441344K), 0.0248880 secs] [Times: user=0.19 sys=0.00, real=0.02 secs] 
285.110: Total time for which application threads were stopped: 0.0250490 seconds, Stopping threads took: 0.0000820 seconds
285.164: Application time: 0.0539180 seconds
285.164: [GC [PSYoungGen: 134624K->18928K(134656K)] 290984K->191575K(441344K), 0.0309870 secs] [Times: user=0.22 sys=0.00, real=0.03 secs] 
285.195: Total time for which application threads were stopped: 0.0311440 seconds, Stopping threads took: 0.0000730 seconds
285.242: Application time: 0.0472210 seconds
285.243: [GC [PSYoungGen: 134640K->18928K(134656K)] 307287K->216899K(441344K), 0.0301890 secs] [Times: user=0.24 sys=0.00, real=0.03 secs] 
285.273: Total time for which application threads were stopped: 0.0303910 seconds, Stopping threads took: 0.0001130 seconds
285.323: Application time: 0.0503450 seconds
285.323: [GC [PSYoungGen: 134640K->18928K(134656K)] 332611K->240223K(441344K), 0.0315850 secs] [Times: user=0.25 sys=0.00, real=0.03 secs] 
285.355: Total time for which application threads were stopped: 0.0317750 seconds, Stopping threads took: 0.0001030 seconds
285.415: Application time: 0.0595620 seconds
285.415: [GC [PSYoungGen: 134640K->18912K(134656K)] 355935K->251377K(441344K), 0.0285190 secs] [Times: user=0.23 sys=0.00, real=0.03 secs] 
285.443: Total time for which application threads were stopped: 0.0286900 seconds, Stopping threads took: 0.0000890 seconds
285.490: Application time: 0.0468400 seconds
285.490: [GC [PSYoungGen: 134624K->18912K(134656K)] 367089K->274150K(441344K), 0.0309060 secs] [Times: user=0.24 sys=0.00, real=0.04 secs] 
285.521: Total time for which application threads were stopped: 0.0310890 seconds, Stopping threads took: 0.0000970 seconds
285.559: Application time: 0.0381740 seconds
285.559: [GC [PSYoungGen: 134624K->18912K(134656K)] 389862K->306216K(441344K), 0.0356820 secs] [Times: user=0.27 sys=0.00, real=0.04 secs] 
285.595: [Full GC [PSYoungGen: 18912K->0K(134656K)] [ParOldGen: 287304K->130302K(306688K)] 306216K->130302K(441344K) [PSPermGen: 9157K->9157K(21504K)], 0.1429300 secs] [Times: user=1.05 sys=0.00, real=0.14 secs] 
285.738: Total time for which application threads were stopped: 0.1788640 seconds, Stopping threads took: 0.0000890 seconds
285.783: Application time: 0.0450420 seconds
285.783: [GC [PSYoungGen: 115712K->18928K(134656K)] 246014K->164357K(441344K), 0.0203560 secs] [Times: user=0.16 sys=0.00, real=0.02 secs] 
285.804: Total time for which application threads were stopped: 0.0205280 seconds, Stopping threads took: 0.0000870 seconds
285.861: Application time: 0.0572090 seconds
285.861: [GC [PSYoungGen: 134640K->18912K(134656K)] 280069K->180332K(441344K), 0.0257390 secs] [Times: user=0.20 sys=0.00, real=0.02 secs] 
285.887: Total time for which application threads were stopped: 0.0259200 seconds, Stopping threads took: 0.0000940 seconds
285.943: Application time: 0.0559390 seconds
285.943: [GC [PSYoungGen: 134624K->18928K(134656K)] 296044K->196409K(441344K), 0.0245990 secs] [Times: user=0.19 sys=0.00, real=0.02 secs] 
285.968: Total time for which application threads were stopped: 0.0247710 seconds, Stopping threads took: 0.0000800 seconds
286.016: Application time: 0.0488290 seconds
286.017: [GC [PSYoungGen: 134640K->18928K(134656K)] 312121K->220372K(441344K), 0.0488720 secs] [Times: user=0.34 sys=0.00, real=0.05 secs] 
286.066: Total time for which application threads were stopped: 0.0490630 seconds, Stopping threads took: 0.0001050 seconds
286.116: Application time: 0.0506130 seconds
286.120: [GC [PSYoungGen: 134640K->18912K(134656K)] 336084K->243760K(441344K), 0.0318830 secs] [Times: user=0.25 sys=0.00, real=0.02 secs] 
286.152: Total time for which application threads were stopped: 0.0354030 seconds, Stopping threads took: 0.0034090 seconds
286.212: Application time: 0.0601170 seconds
286.212: [GC [PSYoungGen: 134624K->18912K(134656K)] 359472K->256686K(441344K), 0.0293510 secs] [Times: user=0.24 sys=0.00, real=0.03 secs] 
286.241: Total time for which application threads were stopped: 0.0295360 seconds, Stopping threads took: 0.0000990 seconds
286.287: Application time: 0.0459190 seconds
286.287: [GC [PSYoungGen: 134624K->18912K(134656K)] 372398K->280446K(441344K), 0.0310820 secs] [Times: user=0.25 sys=0.00, real=0.03 secs] 
286.318: Total time for which application threads were stopped: 0.0312550 seconds, Stopping threads took: 0.0000810 seconds
286.359: Application time: 0.0402550 seconds
286.359: [GC [PSYoungGen: 134624K->18912K(134656K)] 396158K->311968K(441344K), 0.0360660 secs] [Times: user=0.29 sys=0.00, real=0.04 secs] 
286.395: [Full GC [PSYoungGen: 18912K->0K(134656K)] [ParOldGen: 293056K->133933K(306688K)] 311968K->133933K(441344K) [PSPermGen: 9157K->9157K(21504K)], 0.1503940 secs] [Times: user=1.11 sys=0.00, real=0.15 secs] 
286.545: Total time for which application threads were stopped: 0.1867010 seconds, Stopping threads took: 0.0000860 seconds
286.592: Application time: 0.0466800 seconds
286.592: [GC [PSYoungGen: 115712K->18928K(134656K)] 249645K->165059K(441344K), 0.0190840 secs] [Times: user=0.15 sys=0.00, real=0.01 secs] 
286.611: Total time for which application threads were stopped: 0.0192600 seconds, Stopping threads took: 0.0000840 seconds
286.667: Application time: 0.0554760 seconds
286.667: [GC [PSYoungGen: 134640K->18912K(134656K)] 280771K->182619K(441344K), 0.0243260 secs] [Times: user=0.19 sys=0.00, real=0.02 secs] 
286.691: Total time for which application threads were stopped: 0.0244950 seconds, Stopping threads took: 0.0000690 seconds
286.745: Application time: 0.0535340 seconds
286.745: [GC [PSYoungGen: 134624K->18928K(134656K)] 298331K->200563K(441344K), 0.0258840 secs] [Times: user=0.20 sys=0.00, real=0.02 secs] 
286.771: Total time for which application threads were stopped: 0.0260470 seconds, Stopping threads took: 0.0000760 seconds
286.823: Application time: 0.0523010 seconds
286.828: [GC [PSYoungGen: 134640K->18912K(134656K)] 316275K->220785K(441344K), 0.0272230 secs] [Times: user=0.22 sys=0.00, real=0.03 secs] 
286.855: Total time for which application threads were stopped: 0.0317050 seconds, Stopping threads took: 0.0043930 seconds
286.900: Application time: 0.0448090 seconds
286.900: [GC [PSYoungGen: 134624K->18928K(134656K)] 336497K->244231K(441344K), 0.0283470 secs] [Times: user=0.23 sys=0.00, real=0.02 secs] 
286.928: Total time for which application threads were stopped: 0.0284970 seconds, Stopping threads took: 0.0000640 seconds
286.989: Application time: 0.0608150 seconds
286.992: [GC [PSYoungGen: 134640K->18928K(134656K)] 359943K->261263K(441344K), 0.0298940 secs] [Times: user=0.24 sys=0.00, real=0.03 secs] 
287.022: Total time for which application threads were stopped: 0.0325520 seconds, Stopping threads took: 0.0025770 seconds
287.064: Application time: 0.0424000 seconds
287.064: [GC [PSYoungGen: 134640K->18912K(134656K)] 376975K->287705K(441344K), 0.0300810 secs] [Times: user=0.24 sys=0.00, real=0.03 secs] 
287.094: Total time for which application threads were stopped: 0.0302340 seconds, Stopping threads took: 0.0000630 seconds
287.139: Application time: 0.0447030 seconds
287.139: [GC [PSYoungGen: 134624K->18912K(134656K)] 403417K->318718K(441344K), 0.0344330 secs] [Times: user=0.28 sys=0.00, real=0.04 secs] 
287.174: [Full GC [PSYoungGen: 18912K->0K(134656K)] [ParOldGen: 299806K->137350K(306688K)] 318718K->137350K(441344K) [PSPermGen: 9157K->9157K(21504K)], 0.1665650 secs] [Times: user=1.21 sys=0.00, real=0.17 secs] 
287.340: Total time for which application threads were stopped: 0.2012360 seconds, Stopping threads took: 0.0000940 seconds
287.388: Application time: 0.0476580 seconds
287.388: [GC [PSYoungGen: 115712K->18928K(134656K)] 253062K->162311K(441344K), 0.0155410 secs] [Times: user=0.12 sys=0.00, real=0.02 secs] 
287.404: Total time for which application threads were stopped: 0.0157230 seconds, Stopping threads took: 0.0000810 seconds
287.456: Application time: 0.0521800 seconds
287.456: [GC [PSYoungGen: 134640K->18912K(134656K)] 278023K->182895K(441344K), 0.0235600 secs] [Times: user=0.18 sys=0.00, real=0.02 secs] 
287.479: Total time for which application threads were stopped: 0.0237260 seconds, Stopping threads took: 0.0000800 seconds
287.533: Application time: 0.0539430 seconds
287.533: [GC [PSYoungGen: 134624K->18928K(134656K)] 298607K->201431K(441344K), 0.0261270 secs] [Times: user=0.20 sys=0.00, real=0.03 secs] 
287.560: Total time for which application threads were stopped: 0.0263130 seconds, Stopping threads took: 0.0000950 seconds
287.608: Application time: 0.0483770 seconds
287.608: [GC [PSYoungGen: 134640K->18912K(134656K)] 317143K->222868K(441344K), 0.0278830 secs] [Times: user=0.21 sys=0.00, real=0.03 secs] 
287.636: Total time for which application threads were stopped: 0.0280630 seconds, Stopping threads took: 0.0000910 seconds
287.683: Application time: 0.0465040 seconds
287.683: [GC [PSYoungGen: 134624K->18928K(134656K)] 338580K->247718K(441344K), 0.0292310 secs] [Times: user=0.23 sys=0.01, real=0.03 secs] 
287.712: Total time for which application threads were stopped: 0.0293800 seconds, Stopping threads took: 0.0000600 seconds
287.771: Application time: 0.0593570 seconds
287.771: [GC [PSYoungGen: 134640K->18912K(134656K)] 363430K->263092K(441344K), 0.0273440 secs] [Times: user=0.21 sys=0.00, real=0.03 secs] 
287.799: Total time for which application threads were stopped: 0.0275110 seconds, Stopping threads took: 0.0000830 seconds
287.841: Application time: 0.0425870 seconds
287.842: [GC [PSYoungGen: 134624K->18912K(134656K)] 378804K->289888K(441344K), 0.0292720 secs] [Times: user=0.23 sys=0.00, real=0.02 secs] 
287.871: Total time for which application threads were stopped: 0.0294570 seconds, Stopping threads took: 0.0000930 seconds
287.916: Application time: 0.0449120 seconds
287.916: [GC [PSYoungGen: 134624K->18928K(134656K)] 405600K->319540K(441344K), 0.0330970 secs] [Times: user=0.26 sys=0.00, real=0.03 secs] 
287.949: [Full GC [PSYoungGen: 18928K->0K(134656K)] [ParOldGen: 300612K->136065K(306688K)] 319540K->136065K(441344K) [PSPermGen: 9157K->9157K(21504K)], 0.1599460 secs] [Times: user=1.18 sys=0.00, real=0.16 secs] 
288.109: Total time for which application threads were stopped: 0.1932860 seconds, Stopping threads took: 0.0000830 seconds
288.160: Application time: 0.0504170 seconds
288.160: [GC [PSYoungGen: 115712K->18928K(134656K)] 251777K->159382K(441344K), 0.0152390 secs] [Times: user=0.12 sys=0.00, real=0.01 secs] 
288.175: Total time for which application threads were stopped: 0.0153990 seconds, Stopping threads took: 0.0000660 seconds
288.224: Application time: 0.0492840 seconds
288.224: [GC [PSYoungGen: 134640K->18912K(134656K)] 275094K->179737K(441344K), 0.0236220 secs] [Times: user=0.18 sys=0.00, real=0.02 secs] 
288.248: Total time for which application threads were stopped: 0.0237970 seconds, Stopping threads took: 0.0000870 seconds
288.304: Application time: 0.0555900 seconds
288.308: [GC [PSYoungGen: 134624K->18928K(134656K)] 295449K->199376K(441344K), 0.0270560 secs] [Times: user=0.21 sys=0.00, real=0.03 secs] 
288.335: Total time for which application threads were stopped: 0.0310680 seconds, Stopping threads took: 0.0039230 seconds
288.380: Application time: 0.0450880 seconds
288.380: [GC [PSYoungGen: 134640K->18912K(134656K)] 315088K->224736K(441344K), 0.0286630 secs] [Times: user=0.22 sys=0.00, real=0.02 secs] 
288.409: Total time for which application threads were stopped: 0.0288430 seconds, Stopping threads took: 0.0000930 seconds
288.459: Application time: 0.0502290 seconds
288.459: [GC [PSYoungGen: 134624K->18928K(134656K)] 340448K->250893K(441344K), 0.0311130 secs] [Times: user=0.25 sys=0.00, real=0.03 secs] 
288.490: Total time for which application threads were stopped: 0.0312980 seconds, Stopping threads took: 0.0000900 seconds
288.550: Application time: 0.0599210 seconds
288.550: [GC [PSYoungGen: 134640K->18928K(134656K)] 366605K->263294K(441344K), 0.0284930 secs] [Times: user=0.21 sys=0.00, real=0.03 secs] 
288.579: Total time for which application threads were stopped: 0.0286820 seconds, Stopping threads took: 0.0001070 seconds
288.628: Application time: 0.0492590 seconds
288.628: [GC [PSYoungGen: 134640K->18912K(134656K)] 379006K->283747K(441344K), 0.0278910 secs] [Times: user=0.22 sys=0.00, real=0.03 secs] 
288.658: Total time for which application threads were stopped: 0.0295710 seconds, Stopping threads took: 0.0000830 seconds
288.697: Application time: 0.0393510 seconds
288.698: [GC [PSYoungGen: 134624K->18912K(134656K)] 399459K->314434K(441344K), 0.0315680 secs] [Times: user=0.25 sys=0.00, real=0.03 secs] 
288.730: [Full GC [PSYoungGen: 18912K->0K(134656K)] [ParOldGen: 295522K->130456K(306688K)] 314434K->130456K(441344K) [PSPermGen: 9157K->9157K(21504K)], 0.1466970 secs] [Times: user=1.07 sys=0.00, real=0.15 secs] 
288.876: Total time for which application threads were stopped: 0.1793540 seconds, Stopping threads took: 0.0009400 seconds
288.926: Application time: 0.0499110 seconds
288.926: [GC [PSYoungGen: 115712K->18928K(134656K)] 246168K->160546K(441344K), 0.0195590 secs] [Times: user=0.15 sys=0.00, real=0.02 secs] 
288.946: Total time for which application threads were stopped: 0.0197000 seconds, Stopping threads took: 0.0000560 seconds
288.998: Application time: 0.0520250 seconds
288.998: [GC [PSYoungGen: 134640K->18912K(134656K)] 276258K->177322K(441344K), 0.0235160 secs] [Times: user=0.18 sys=0.00, real=0.03 secs] 
289.022: Total time for which application threads were stopped: 0.0236950 seconds, Stopping threads took: 0.0000790 seconds
289.073: Application time: 0.0511540 seconds
289.076: [GC [PSYoungGen: 134576K->18912K(134656K)] 292987K->199785K(441344K), 0.0274420 secs] [Times: user=0.22 sys=0.00, real=0.03 secs] 
289.103: Total time for which application threads were stopped: 0.0302790 seconds, Stopping threads took: 0.0027480 seconds
289.149: Application time: 0.0462100 seconds
289.149: [GC [PSYoungGen: 134624K->18928K(134656K)] 315497K->226093K(441344K), 0.0291030 secs] [Times: user=0.23 sys=0.00, real=0.03 secs] 
289.179: Total time for which application threads were stopped: 0.0292820 seconds, Stopping threads took: 0.0000910 seconds
289.228: Application time: 0.0492540 seconds
289.228: [GC [PSYoungGen: 134640K->18912K(134656K)] 341805K->249231K(441344K), 0.0299610 secs] [Times: user=0.24 sys=0.00, real=0.03 secs] 
289.258: Total time for which application threads were stopped: 0.0301130 seconds, Stopping threads took: 0.0000660 seconds
289.319: Application time: 0.0607550 seconds
289.319: [GC [PSYoungGen: 134624K->18928K(134656K)] 364943K->262119K(441344K), 0.0284150 secs] [Times: user=0.22 sys=0.00, real=0.03 secs] 
289.347: Total time for which application threads were stopped: 0.0286040 seconds, Stopping threads took: 0.0001040 seconds
289.395: Application time: 0.0477310 seconds
289.395: [GC [PSYoungGen: 134640K->18928K(134656K)] 377831K->283630K(441344K), 0.0285160 secs] [Times: user=0.23 sys=0.00, real=0.03 secs] 
289.424: Total time for which application threads were stopped: 0.0287000 seconds, Stopping threads took: 0.0000960 seconds
289.462: Application time: 0.0386630 seconds
289.463: [GC [PSYoungGen: 134640K->18928K(134656K)] 399342K->313338K(441344K), 0.0323740 secs] [Times: user=0.26 sys=0.00, real=0.03 secs] 
289.495: [Full GC [PSYoungGen: 18928K->0K(134656K)] [ParOldGen: 294409K->131331K(306688K)] 313338K->131331K(441344K) [PSPermGen: 9157K->9157K(21504K)], 0.1462390 secs] [Times: user=1.08 sys=0.00, real=0.15 secs] 
289.641: Total time for which application threads were stopped: 0.1788510 seconds, Stopping threads took: 0.0000940 seconds
289.691: Application time: 0.0499640 seconds
289.691: [GC [PSYoungGen: 115712K->18928K(134656K)] 247043K->161126K(441344K), 0.0194730 secs] [Times: user=0.15 sys=0.00, real=0.02 secs] 
289.711: Total time for which application threads were stopped: 0.0196470 seconds, Stopping threads took: 0.0000780 seconds
289.765: Application time: 0.0542210 seconds
289.765: [GC [PSYoungGen: 134640K->18912K(134656K)] 276838K->176312K(441344K), 0.0230570 secs] [Times: user=0.18 sys=0.00, real=0.02 secs] 
289.788: Total time for which application threads were stopped: 0.0232390 seconds, Stopping threads took: 0.0000930 seconds
289.836: Application time: 0.0478820 seconds
289.840: [GC [PSYoungGen: 134624K->18928K(134656K)] 292024K->200538K(441344K), 0.0275110 secs] [Times: user=0.22 sys=0.00, real=0.02 secs] 
289.867: Total time for which application threads were stopped: 0.0309190 seconds, Stopping threads took: 0.0033170 seconds
289.914: Application time: 0.0469710 seconds
289.914: [GC [PSYoungGen: 134640K->18928K(134656K)] 316250K->226715K(441344K), 0.0300320 secs] [Times: user=0.24 sys=0.00, real=0.03 secs] 
289.944: Total time for which application threads were stopped: 0.0302230 seconds, Stopping threads took: 0.0001020 seconds
289.993: Application time: 0.0483730 seconds
289.993: [GC [PSYoungGen: 134640K->18912K(134656K)] 342427K->249351K(441344K), 0.0297830 secs] [Times: user=0.23 sys=0.00, real=0.03 secs] 
290.023: Total time for which application threads were stopped: 0.0299350 seconds, Stopping threads took: 0.0000640 seconds
290.082: Application time: 0.0597440 seconds
290.083: [GC [PSYoungGen: 134624K->18928K(134656K)] 365063K->264314K(441344K), 0.0313940 secs] [Times: user=0.24 sys=0.00, real=0.03 secs] 
290.114: Total time for which application threads were stopped: 0.0315850 seconds, Stopping threads took: 0.0001090 seconds
290.162: Application time: 0.0475650 seconds
290.162: [GC [PSYoungGen: 134640K->18928K(134656K)] 380026K->285532K(441344K), 0.0293680 secs] [Times: user=0.23 sys=0.00, real=0.02 secs] 
290.191: Total time for which application threads were stopped: 0.0295340 seconds, Stopping threads took: 0.0000780 seconds
290.235: Application time: 0.0434480 seconds
290.235: [GC [PSYoungGen: 134640K->18912K(134656K)] 401244K->316149K(441344K), 0.0345950 secs] [Times: user=0.27 sys=0.00, real=0.03 secs] 
290.269: [Full GC [PSYoungGen: 18912K->0K(134656K)] [ParOldGen: 297237K->133092K(306688K)] 316149K->133092K(441344K) [PSPermGen: 9157K->9157K(21504K)], 0.1525630 secs] [Times: user=1.12 sys=0.00, real=0.16 secs] 
290.422: Total time for which application threads were stopped: 0.1874010 seconds, Stopping threads took: 0.0000920 seconds
290.473: Application time: 0.0505930 seconds
290.473: [GC [PSYoungGen: 115712K->18928K(134656K)] 248804K->160311K(441344K), 0.0180160 secs] [Times: user=0.14 sys=0.00, real=0.01 secs] 
290.491: Total time for which application threads were stopped: 0.0182230 seconds, Stopping threads took: 0.0001230 seconds
290.547: Application time: 0.0566320 seconds
290.548: [GC [PSYoungGen: 134640K->18928K(134656K)] 276023K->175465K(441344K), 0.0228340 secs] [Times: user=0.18 sys=0.00, real=0.02 secs] 
290.570: Total time for which application threads were stopped: 0.0230060 seconds, Stopping threads took: 0.0000740 seconds
290.619: Application time: 0.0481750 seconds
290.619: [GC [PSYoungGen: 134640K->18912K(134656K)] 291177K->199126K(441344K), 0.0277690 secs] [Times: user=0.22 sys=0.00, real=0.03 secs] 
290.647: Total time for which application threads were stopped: 0.0279610 seconds, Stopping threads took: 0.0001000 seconds
290.696: Application time: 0.0490450 seconds
290.696: [GC [PSYoungGen: 134581K->18912K(134656K)] 314796K->225142K(441344K), 0.0301350 secs] [Times: user=0.24 sys=0.00, real=0.03 secs] 
290.726: Total time for which application threads were stopped: 0.0303080 seconds, Stopping threads took: 0.0000870 seconds
290.773: Application time: 0.0468730 seconds
290.773: [GC [PSYoungGen: 134624K->18912K(134656K)] 340854K->248134K(441344K), 0.0291380 secs] [Times: user=0.23 sys=0.00, real=0.03 secs] 
290.802: Total time for which application threads were stopped: 0.0293570 seconds, Stopping threads took: 0.0001180 seconds
290.861: Application time: 0.0592960 seconds
290.862: [GC [PSYoungGen: 134624K->18928K(134656K)] 363846K->264226K(441344K), 0.0290380 secs] [Times: user=0.23 sys=0.00, real=0.02 secs] 
290.891: Total time for which application threads were stopped: 0.0292210 seconds, Stopping threads took: 0.0000990 seconds
290.938: Application time: 0.0472820 seconds
290.938: [GC [PSYoungGen: 134640K->18912K(134656K)] 379938K->285920K(441344K), 0.0290140 secs] [Times: user=0.23 sys=0.00, real=0.03 secs] 
290.967: Total time for which application threads were stopped: 0.0291820 seconds, Stopping threads took: 0.0000800 seconds
291.009: Application time: 0.0414490 seconds
291.012: [GC [PSYoungGen: 134624K->18928K(134656K)] 401632K->314986K(441344K), 0.0331240 secs] [Times: user=0.26 sys=0.00, real=0.03 secs] 
291.045: [Full GC [PSYoungGen: 18928K->0K(134656K)] [ParOldGen: 296057K->132187K(306688K)] 314986K->132187K(441344K) [PSPermGen: 9157K->9157K(21504K)], 0.1522230 secs] [Times: user=1.12 sys=0.01, real=0.15 secs] 
291.197: Total time for which application threads were stopped: 0.1884660 seconds, Stopping threads took: 0.0029780 seconds
291.247: Application time: 0.0494670 seconds
291.247: [GC [PSYoungGen: 115712K->18928K(134656K)] 247899K->161640K(441344K), 0.0189680 secs] [Times: user=0.15 sys=0.00, real=0.02 secs] 
291.266: Total time for which application threads were stopped: 0.0191530 seconds, Stopping threads took: 0.0000970 seconds
291.321: Application time: 0.0553980 seconds
291.321: [GC [PSYoungGen: 134640K->18912K(134656K)] 277352K->176178K(441344K), 0.0224810 secs] [Times: user=0.18 sys=0.00, real=0.02 secs] 
291.344: Total time for which application threads were stopped: 0.0226660 seconds, Stopping threads took: 0.0000900 seconds
291.389: Application time: 0.0457430 seconds
291.392: [GC [PSYoungGen: 134624K->18912K(134656K)] 291890K->200596K(441344K), 0.0278330 secs] [Times: user=0.22 sys=0.00, real=0.02 secs] 
291.419: Total time for which application threads were stopped: 0.0300010 seconds, Stopping threads took: 0.0020780 seconds
291.472: Application time: 0.0528320 seconds
291.472: [GC [PSYoungGen: 134624K->18912K(134656K)] 316308K->223655K(441344K), 0.0300990 secs] [Times: user=0.24 sys=0.00, real=0.03 secs] 
291.503: Total time for which application threads were stopped: 0.0302500 seconds, Stopping threads took: 0.0000670 seconds
291.549: Application time: 0.0463950 seconds
291.549: [GC [PSYoungGen: 134624K->18928K(134656K)] 339367K->247052K(441344K), 0.0291160 secs] [Times: user=0.22 sys=0.00, real=0.03 secs] 
291.578: Total time for which application threads were stopped: 0.0293060 seconds, Stopping threads took: 0.0001010 seconds
291.637: Application time: 0.0585040 seconds
291.637: [GC [PSYoungGen: 134640K->18912K(134656K)] 362764K->264457K(441344K), 0.0302850 secs] [Times: user=0.24 sys=0.00, real=0.03 secs] 
291.667: Total time for which application threads were stopped: 0.0304440 seconds, Stopping threads took: 0.0000650 seconds
291.714: Application time: 0.0471570 seconds
291.716: [GC [PSYoungGen: 134624K->18912K(134656K)] 380169K->286054K(441344K), 0.0309340 secs] [Times: user=0.23 sys=0.00, real=0.03 secs] 
291.747: Total time for which application threads were stopped: 0.0322470 seconds, Stopping threads took: 0.0012170 seconds
291.789: Application time: 0.0422330 seconds
291.789: [GC [PSYoungGen: 134624K->18912K(134656K)] 401766K->315905K(441344K), 0.0372040 secs] [Times: user=0.28 sys=0.00, real=0.04 secs] 
291.826: [Full GC [PSYoungGen: 18912K->0K(134656K)] [ParOldGen: 296993K->132688K(306688K)] 315905K->132688K(441344K) [PSPermGen: 9157K->9157K(21504K)], 0.1525700 secs] [Times: user=1.13 sys=0.00, real=0.15 secs] 
291.979: Total time for which application threads were stopped: 0.1900180 seconds, Stopping threads took: 0.0000980 seconds
292.028: Application time: 0.0486640 seconds
292.028: [GC [PSYoungGen: 115712K->18928K(134656K)] 248400K->160536K(441344K), 0.0174960 secs] [Times: user=0.13 sys=0.00, real=0.02 secs] 
292.045: Total time for which application threads were stopped: 0.0176660 seconds, Stopping threads took: 0.0000680 seconds
292.100: Application time: 0.0549880 seconds
292.100: [GC [PSYoungGen: 134640K->18912K(134656K)] 276248K->178075K(441344K), 0.0244060 secs] [Times: user=0.19 sys=0.00, real=0.02 secs] 
292.125: Total time for which application threads were stopped: 0.0245810 seconds, Stopping threads took: 0.0000860 seconds
292.170: Application time: 0.0453700 seconds
292.170: [GC [PSYoungGen: 134624K->18912K(134656K)] 293787K->200879K(441344K), 0.0269390 secs] [Times: user=0.21 sys=0.00, real=0.03 secs] 
292.197: Total time for which application threads were stopped: 0.0271190 seconds, Stopping threads took: 0.0000920 seconds
292.253: Application time: 0.0558900 seconds
292.256: [GC [PSYoungGen: 134624K->18912K(134656K)] 316591K->222376K(441344K), 0.0292640 secs] [Times: user=0.23 sys=0.00, real=0.03 secs] 
292.285: Total time for which application threads were stopped: 0.0317370 seconds, Stopping threads took: 0.0023860 seconds
292.333: Application time: 0.0476180 seconds
292.333: [GC [PSYoungGen: 134624K->18928K(134656K)] 338088K->242852K(441344K), 0.0271690 secs] [Times: user=0.21 sys=0.00, real=0.03 secs] 
292.360: Total time for which application threads were stopped: 0.0273410 seconds, Stopping threads took: 0.0000850 seconds
292.415: Application time: 0.0547790 seconds
292.415: [GC [PSYoungGen: 134640K->18928K(134656K)] 358564K->264054K(441344K), 0.0310150 secs] [Times: user=0.24 sys=0.00, real=0.03 secs] 
292.446: Total time for which application threads were stopped: 0.0311990 seconds, Stopping threads took: 0.0000980 seconds
292.495: Application time: 0.0490170 seconds
292.495: [GC [PSYoungGen: 134640K->18928K(134656K)] 379766K->285806K(441344K), 0.0300610 secs] [Times: user=0.23 sys=0.00, real=0.03 secs] 
292.525: Total time for which application threads were stopped: 0.0302200 seconds, Stopping threads took: 0.0000720 seconds
292.565: Application time: 0.0398080 seconds
292.565: [GC [PSYoungGen: 134552K->18928K(134656K)] 401430K->316095K(441344K), 0.0332060 secs] [Times: user=0.26 sys=0.00, real=0.03 secs] 
292.598: [Full GC [PSYoungGen: 18928K->0K(134656K)] [ParOldGen: 297167K->133346K(306688K)] 316095K->133346K(441344K) [PSPermGen: 9157K->9157K(21504K)], 0.1504590 secs] [Times: user=1.11 sys=0.00, real=0.15 secs] 
292.749: Total time for which application threads were stopped: 0.1839360 seconds, Stopping threads took: 0.0001140 seconds
292.797: Application time: 0.0480010 seconds
292.797: [GC [PSYoungGen: 115712K->18933K(134656K)] 249058K->163051K(441344K), 0.0192770 secs] [Times: user=0.15 sys=0.00, real=0.02 secs] 
292.816: Total time for which application threads were stopped: 0.0194320 seconds, Stopping threads took: 0.0000700 seconds
292.871: Application time: 0.0545480 seconds
292.871: [GC [PSYoungGen: 134645K->18917K(134656K)] 278763K->177019K(441344K), 0.0217510 secs] [Times: user=0.17 sys=0.00, real=0.03 secs] 
292.893: Total time for which application threads were stopped: 0.0219280 seconds, Stopping threads took: 0.0000820 seconds
292.938: Application time: 0.0447950 seconds
292.938: [GC [PSYoungGen: 134629K->18917K(134656K)] 292731K->201000K(441344K), 0.0274370 secs] [Times: user=0.22 sys=0.00, real=0.03 secs] 
292.965: Total time for which application threads were stopped: 0.0276550 seconds, Stopping threads took: 0.0001280 seconds
293.019: Application time: 0.0540080 seconds
293.019: [GC [PSYoungGen: 134543K->18912K(134656K)] 316625K->223474K(441344K), 0.0301130 secs] [Times: user=0.23 sys=0.00, real=0.03 secs] 
293.050: Total time for which application threads were stopped: 0.0302910 seconds, Stopping threads took: 0.0000890 seconds
293.100: Application time: 0.0508990 seconds
293.101: [GC [PSYoungGen: 134624K->18912K(134656K)] 339186K->241807K(441344K), 0.0279060 secs] [Times: user=0.22 sys=0.00, real=0.02 secs] 
293.129: Total time for which application threads were stopped: 0.0280670 seconds, Stopping threads took: 0.0000650 seconds
293.181: Application time: 0.0520580 seconds
293.181: [GC [PSYoungGen: 134624K->18912K(134656K)] 357519K->260815K(441344K), 0.0294910 secs] [Times: user=0.23 sys=0.00, real=0.02 secs] 
293.210: Total time for which application threads were stopped: 0.0296640 seconds, Stopping threads took: 0.0000840 seconds
293.260: Application time: 0.0501420 seconds
293.264: [GC [PSYoungGen: 134624K->18928K(134656K)] 376527K->283994K(441344K), 0.0312940 secs] [Times: user=0.23 sys=0.00, real=0.03 secs] 
293.295: Total time for which application threads were stopped: 0.0345600 seconds, Stopping threads took: 0.0031810 seconds
293.338: Application time: 0.0426680 seconds
293.338: [GC [PSYoungGen: 134640K->18912K(134656K)] 399706K->314563K(441344K), 0.0332580 secs] [Times: user=0.26 sys=0.00, real=0.03 secs] 
293.371: [Full GC [PSYoungGen: 18912K->0K(134656K)] [ParOldGen: 295650K->132297K(306688K)] 314563K->132297K(441344K) [PSPermGen: 9157K->9157K(21504K)], 0.1489240 secs] [Times: user=1.11 sys=0.00, real=0.16 secs] 
293.520: Total time for which application threads were stopped: 0.1827660 seconds, Stopping threads took: 0.0004350 seconds
293.566: Application time: 0.0455680 seconds
293.568: [GC [PSYoungGen: 115712K->18912K(134656K)] 248009K->162036K(441344K), 0.0181410 secs] [Times: user=0.14 sys=0.00, real=0.02 secs] 
293.586: Total time for which application threads were stopped: 0.0198390 seconds, Stopping threads took: 0.0016140 seconds
293.640: Application time: 0.0545890 seconds
293.641: [GC [PSYoungGen: 134510K->18928K(134656K)] 277635K->176249K(441344K), 0.0220840 secs] [Times: user=0.17 sys=0.00, real=0.02 secs] 
293.663: Total time for which application threads were stopped: 0.0222910 seconds, Stopping threads took: 0.0000890 seconds
293.708: Application time: 0.0448870 seconds
293.708: [GC [PSYoungGen: 134640K->18912K(134656K)] 291961K->199802K(441344K), 0.0273460 secs] [Times: user=0.22 sys=0.00, real=0.03 secs] 
293.735: Total time for which application threads were stopped: 0.0274960 seconds, Stopping threads took: 0.0000640 seconds
293.790: Application time: 0.0546240 seconds
293.790: [GC [PSYoungGen: 134624K->18912K(134656K)] 315514K->223186K(441344K), 0.0316340 secs] [Times: user=0.25 sys=0.00, real=0.04 secs] 
293.822: Total time for which application threads were stopped: 0.0318190 seconds, Stopping threads took: 0.0000970 seconds
293.873: Application time: 0.0517400 seconds
293.873: [GC [PSYoungGen: 134624K->18912K(134656K)] 338898K->240580K(441344K), 0.0254310 secs] [Times: user=0.19 sys=0.00, real=0.02 secs] 
293.899: Total time for which application threads were stopped: 0.0256150 seconds, Stopping threads took: 0.0000950 seconds
293.950: Application time: 0.0511670 seconds
293.950: [GC [PSYoungGen: 134624K->18928K(134656K)] 356292K->260757K(441344K), 0.0273510 secs] [Times: user=0.22 sys=0.00, real=0.03 secs] 
293.978: Total time for which application threads were stopped: 0.0275110 seconds, Stopping threads took: 0.0000750 seconds
294.027: Application time: 0.0498730 seconds
294.028: [GC [PSYoungGen: 134640K->18912K(134656K)] 376469K->282262K(441344K), 0.0282640 secs] [Times: user=0.23 sys=0.00, real=0.03 secs] 
294.056: Total time for which application threads were stopped: 0.0284330 seconds, Stopping threads took: 0.0000730 seconds
294.095: Application time: 0.0396010 seconds
294.096: [GC [PSYoungGen: 134624K->18928K(134656K)] 397974K->311681K(441344K), 0.0315000 secs] [Times: user=0.25 sys=0.00, real=0.03 secs] 
294.127: [Full GC [PSYoungGen: 18928K->0K(134656K)] [ParOldGen: 292752K->129538K(306688K)] 311681K->129538K(441344K) [PSPermGen: 9157K->9157K(21504K)], 0.1449690 secs] [Times: user=1.06 sys=0.00, real=0.15 secs] 
294.272: Total time for which application threads were stopped: 0.1767030 seconds, Stopping threads took: 0.0000810 seconds
294.318: Application time: 0.0454240 seconds
294.318: [GC [PSYoungGen: 115712K->18912K(134656K)] 245250K->160375K(441344K), 0.0186490 secs] [Times: user=0.15 sys=0.00, real=0.02 secs] 
294.336: Total time for which application threads were stopped: 0.0188480 seconds, Stopping threads took: 0.0000960 seconds
294.391: Application time: 0.0550170 seconds
294.392: [GC [PSYoungGen: 134624K->18928K(134656K)] 276087K->177295K(441344K), 0.0242330 secs] [Times: user=0.18 sys=0.00, real=0.02 secs] 
294.416: Total time for which application threads were stopped: 0.0244060 seconds, Stopping threads took: 0.0000880 seconds
294.461: Application time: 0.0452660 seconds
294.461: [GC [PSYoungGen: 134640K->18928K(134656K)] 293007K->200558K(441344K), 0.0284930 secs] [Times: user=0.23 sys=0.00, real=0.02 secs] 
294.490: Total time for which application threads were stopped: 0.0286980 seconds, Stopping threads took: 0.0001160 seconds
294.548: Application time: 0.0579670 seconds
294.548: [GC [PSYoungGen: 134640K->18928K(134656K)] 316270K->221826K(441344K), 0.0323160 secs] [Times: user=0.26 sys=0.00, real=0.04 secs] 
294.580: Total time for which application threads were stopped: 0.0325040 seconds, Stopping threads took: 0.0000990 seconds
294.632: Application time: 0.0520160 seconds
294.632: [GC [PSYoungGen: 134640K->18928K(134656K)] 337538K->239939K(441344K), 0.0265440 secs] [Times: user=0.21 sys=0.00, real=0.02 secs] 
294.659: Total time for which application threads were stopped: 0.0267250 seconds, Stopping threads took: 0.0000930 seconds
294.711: Application time: 0.0516840 seconds
294.711: [GC [PSYoungGen: 134640K->18928K(134656K)] 355651K->261405K(441344K), 0.0362910 secs] [Times: user=0.27 sys=0.00, real=0.04 secs] 
294.747: Total time for which application threads were stopped: 0.0364650 seconds, Stopping threads took: 0.0000940 seconds
294.798: Application time: 0.0504230 seconds
294.800: [GC [PSYoungGen: 134640K->18928K(134656K)] 377117K->283593K(441344K), 0.0291390 secs] [Times: user=0.23 sys=0.00, real=0.02 secs] 
294.829: Total time for which application threads were stopped: 0.0313840 seconds, Stopping threads took: 0.0021550 seconds
294.873: Application time: 0.0438280 seconds
294.873: [GC [PSYoungGen: 134640K->18912K(134656K)] 399305K->312503K(441344K), 0.0315560 secs] [Times: user=0.24 sys=0.00, real=0.03 secs] 
294.905: [Full GC [PSYoungGen: 18912K->0K(134656K)] [ParOldGen: 293591K->128828K(306688K)] 312503K->128828K(441344K) [PSPermGen: 9157K->9157K(21504K)], 0.1464100 secs] [Times: user=1.08 sys=0.00, real=0.14 secs] 
295.051: Total time for which application threads were stopped: 0.1782210 seconds, Stopping threads took: 0.0000810 seconds
295.096: Application time: 0.0451340 seconds
295.096: [GC [PSYoungGen: 115712K->18912K(134656K)] 244540K->158187K(441344K), 0.0184960 secs] [Times: user=0.14 sys=0.00, real=0.02 secs] 
295.115: Total time for which application threads were stopped: 0.0186560 seconds, Stopping threads took: 0.0000760 seconds
295.171: Application time: 0.0560070 seconds
295.171: [GC [PSYoungGen: 134624K->18912K(134656K)] 273899K->175640K(441344K), 0.0233310 secs] [Times: user=0.19 sys=0.00, real=0.03 secs] 
295.194: Total time for which application threads were stopped: 0.0234910 seconds, Stopping threads took: 0.0000750 seconds
295.240: Application time: 0.0453940 seconds
295.240: [GC [PSYoungGen: 134624K->18912K(134656K)] 291352K->198920K(441344K), 0.0278950 secs] [Times: user=0.22 sys=0.00, real=0.02 secs] 
295.268: Total time for which application threads were stopped: 0.0280650 seconds, Stopping threads took: 0.0000800 seconds
295.321: Application time: 0.0533530 seconds
295.324: [GC [PSYoungGen: 134624K->18928K(134656K)] 314632K->222550K(441344K), 0.0323380 secs] [Times: user=0.24 sys=0.01, real=0.03 secs] 
295.356: Total time for which application threads were stopped: 0.0348310 seconds, Stopping threads took: 0.0024060 seconds
295.407: Application time: 0.0511410 seconds
295.412: [GC [PSYoungGen: 134640K->18928K(134656K)] 338262K->239855K(441344K), 0.0287920 secs] [Times: user=0.23 sys=0.00, real=0.03 secs] 
295.440: Total time for which application threads were stopped: 0.0333130 seconds, Stopping threads took: 0.0044170 seconds
295.493: Application time: 0.0526720 seconds
295.493: [GC [PSYoungGen: 134640K->18928K(134656K)] 355567K->260424K(441344K), 0.0299740 secs] [Times: user=0.24 sys=0.00, real=0.03 secs] 
295.523: Total time for which application threads were stopped: 0.0301650 seconds, Stopping threads took: 0.0001000 seconds
295.571: Application time: 0.0475920 seconds
295.571: [GC [PSYoungGen: 134640K->18912K(134656K)] 376136K->286312K(441344K), 0.0309270 secs] [Times: user=0.24 sys=0.00, real=0.04 secs] 
295.602: Total time for which application threads were stopped: 0.0311120 seconds, Stopping threads took: 0.0000970 seconds
295.647: Application time: 0.0451670 seconds
295.647: [GC [PSYoungGen: 134624K->18912K(134656K)] 402024K->313722K(441344K), 0.0329570 secs] [Times: user=0.26 sys=0.00, real=0.04 secs] 
295.680: [Full GC [PSYoungGen: 18912K->0K(134656K)] [ParOldGen: 294809K->130833K(306688K)] 313722K->130833K(441344K) [PSPermGen: 9157K->9157K(21504K)], 0.1499160 secs] [Times: user=1.11 sys=0.00, real=0.14 secs] 
295.830: Total time for which application threads were stopped: 0.1831190 seconds, Stopping threads took: 0.0000960 seconds
295.875: Application time: 0.0444380 seconds
295.875: [GC [PSYoungGen: 115712K->18912K(134656K)] 246545K->157680K(441344K), 0.0153350 secs] [Times: user=0.12 sys=0.00, real=0.01 secs] 
295.890: Total time for which application threads were stopped: 0.0155020 seconds, Stopping threads took: 0.0000780 seconds
295.949: Application time: 0.0589160 seconds
295.949: [GC [PSYoungGen: 134624K->18928K(134656K)] 273392K->173872K(441344K), 0.0232330 secs] [Times: user=0.19 sys=0.00, real=0.03 secs] 
295.973: Total time for which application threads were stopped: 0.0233980 seconds, Stopping threads took: 0.0000700 seconds
296.019: Application time: 0.0465480 seconds
296.019: [GC [PSYoungGen: 134640K->18928K(134656K)] 289584K->196050K(441344K), 0.0270210 secs] [Times: user=0.21 sys=0.00, real=0.03 secs] 
296.046: Total time for which application threads were stopped: 0.0271840 seconds, Stopping threads took: 0.0000730 seconds
296.099: Application time: 0.0526290 seconds
296.099: [GC [PSYoungGen: 134640K->18912K(134656K)] 311762K->219751K(441344K), 0.0325700 secs] [Times: user=0.25 sys=0.00, real=0.04 secs] 
296.132: Total time for which application threads were stopped: 0.0327510 seconds, Stopping threads took: 0.0000960 seconds
296.180: Application time: 0.0478720 seconds
296.180: [GC [PSYoungGen: 134624K->18928K(134656K)] 335463K->239784K(441344K), 0.0282290 secs] [Times: user=0.22 sys=0.00, real=0.02 secs] 
296.208: Total time for which application threads were stopped: 0.0283690 seconds, Stopping threads took: 0.0000530 seconds
296.261: Application time: 0.0527990 seconds
296.261: [GC [PSYoungGen: 134640K->18912K(134656K)] 355496K->261812K(441344K), 0.0301850 secs] [Times: user=0.24 sys=0.00, real=0.02 secs] 
296.291: Total time for which application threads were stopped: 0.0303280 seconds, Stopping threads took: 0.0000520 seconds
296.339: Application time: 0.0474230 seconds
296.339: [GC [PSYoungGen: 134618K->18928K(134656K)] 377518K->288359K(441344K), 0.0337680 secs] [Times: user=0.25 sys=0.00, real=0.04 secs] 
296.372: Total time for which application threads were stopped: 0.0339300 seconds, Stopping threads took: 0.0000730 seconds
296.418: Application time: 0.0455140 seconds
296.418: [GC [PSYoungGen: 134640K->18928K(134656K)] 404071K->316428K(441344K), 0.0332260 secs] [Times: user=0.26 sys=0.00, real=0.03 secs] 
296.451: [Full GC [PSYoungGen: 18928K->0K(134656K)] [ParOldGen: 297500K->135437K(306688K)] 316428K->135437K(441344K) [PSPermGen: 9157K->9157K(21504K)], 0.1565740 secs] [Times: user=1.16 sys=0.00, real=0.16 secs] 
296.608: Total time for which application threads were stopped: 0.1900540 seconds, Stopping threads took: 0.0001030 seconds
296.654: Application time: 0.0462310 seconds
296.654: [GC [PSYoungGen: 115712K->18928K(134656K)] 251149K->161062K(441344K), 0.0150990 secs] [Times: user=0.12 sys=0.00, real=0.01 secs] 
296.670: Total time for which application threads were stopped: 0.0152800 seconds, Stopping threads took: 0.0000850 seconds
296.728: Application time: 0.0580050 seconds
296.728: [GC [PSYoungGen: 134640K->18912K(134656K)] 276774K->175603K(441344K), 0.0226240 secs] [Times: user=0.18 sys=0.00, real=0.02 secs] 
296.750: Total time for which application threads were stopped: 0.0227700 seconds, Stopping threads took: 0.0000640 seconds
296.800: Application time: 0.0493160 seconds
296.800: [GC [PSYoungGen: 134624K->18912K(134656K)] 291315K->194647K(441344K), 0.0255140 secs] [Times: user=0.20 sys=0.00, real=0.02 secs] 
296.825: Total time for which application threads were stopped: 0.0256940 seconds, Stopping threads took: 0.0000930 seconds
296.874: Application time: 0.0489760 seconds
296.874: [GC [PSYoungGen: 134624K->18912K(134656K)] 310359K->218285K(441344K), 0.0305270 secs] [Times: user=0.24 sys=0.00, real=0.03 secs] 
296.905: Total time for which application threads were stopped: 0.0306890 seconds, Stopping threads took: 0.0000770 seconds
296.953: Application time: 0.0476250 seconds
296.953: [GC [PSYoungGen: 134624K->18912K(134656K)] 333997K->240100K(441344K), 0.0283710 secs] [Times: user=0.22 sys=0.00, real=0.03 secs] 
296.981: Total time for which application threads were stopped: 0.0285460 seconds, Stopping threads took: 0.0000860 seconds
297.030: Application time: 0.0492840 seconds
297.031: [GC [PSYoungGen: 134624K->18912K(134656K)] 355812K->263055K(441344K), 0.0283860 secs] [Times: user=0.22 sys=0.00, real=0.03 secs] 
297.059: Total time for which application threads were stopped: 0.0285640 seconds, Stopping threads took: 0.0000880 seconds
297.106: Application time: 0.0469860 seconds
297.112: [GC [PSYoungGen: 134624K->18912K(134656K)] 378767K->289503K(441344K), 0.0296810 secs] [Times: user=0.23 sys=0.00, real=0.03 secs] 
297.141: Total time for which application threads were stopped: 0.0354370 seconds, Stopping threads took: 0.0056710 seconds
297.185: Application time: 0.0431140 seconds
297.185: [GC [PSYoungGen: 134624K->18912K(134656K)] 405215K->317408K(441344K), 0.0303990 secs] [Times: user=0.24 sys=0.00, real=0.03 secs] 
297.215: [Full GC [PSYoungGen: 18912K->0K(134656K)] [ParOldGen: 298496K->134075K(306688K)] 317408K->134075K(441344K) [PSPermGen: 9157K->9157K(21504K)], 0.1540150 secs] [Times: user=1.12 sys=0.01, real=0.15 secs] 
297.369: Total time for which application threads were stopped: 0.1846440 seconds, Stopping threads took: 0.0000710 seconds
297.415: Application time: 0.0456600 seconds
297.415: [GC [PSYoungGen: 115712K->18928K(134656K)] 249787K->160636K(441344K), 0.0155190 secs] [Times: user=0.12 sys=0.00, real=0.01 secs] 
297.431: Total time for which application threads were stopped: 0.0156730 seconds, Stopping threads took: 0.0000660 seconds
297.488: Application time: 0.0578130 seconds
297.488: [GC [PSYoungGen: 134640K->18912K(134656K)] 276348K->175261K(441344K), 0.0224350 secs] [Times: user=0.18 sys=0.00, real=0.02 secs] 
297.511: Total time for which application threads were stopped: 0.0225980 seconds, Stopping threads took: 0.0000770 seconds
297.562: Application time: 0.0507400 seconds
297.562: [GC [PSYoungGen: 134624K->18912K(134656K)] 290973K->193512K(441344K), 0.0259990 secs] [Times: user=0.20 sys=0.00, real=0.02 secs] 
297.588: Total time for which application threads were stopped: 0.0261740 seconds, Stopping threads took: 0.0000770 seconds
297.637: Application time: 0.0489130 seconds
297.637: [GC [PSYoungGen: 134624K->18928K(134656K)] 309224K->216331K(441344K), 0.0311530 secs] [Times: user=0.25 sys=0.00, real=0.03 secs] 
297.668: Total time for which application threads were stopped: 0.0313600 seconds, Stopping threads took: 0.0001180 seconds
297.718: Application time: 0.0499220 seconds
297.718: [GC [PSYoungGen: 134640K->18928K(134656K)] 332043K->238360K(441344K), 0.0287380 secs] [Times: user=0.23 sys=0.00, real=0.03 secs] 
297.747: Total time for which application threads were stopped: 0.0289300 seconds, Stopping threads took: 0.0000900 seconds
297.797: Application time: 0.0503280 seconds
297.797: [GC [PSYoungGen: 134640K->18928K(134656K)] 354072K->261075K(441344K), 0.0291070 secs] [Times: user=0.22 sys=0.00, real=0.03 secs] 
297.827: Total time for which application threads were stopped: 0.0292870 seconds, Stopping threads took: 0.0000890 seconds
297.873: Application time: 0.0458870 seconds
297.873: [GC [PSYoungGen: 134640K->18928K(134656K)] 376787K->289896K(441344K), 0.0333670 secs] [Times: user=0.25 sys=0.00, real=0.03 secs] 
297.906: Total time for which application threads were stopped: 0.0335530 seconds, Stopping threads took: 0.0000980 seconds
297.950: Application time: 0.0441610 seconds
297.950: [GC [PSYoungGen: 134640K->18928K(134656K)] 405608K->318700K(441344K), 0.0328200 secs] [Times: user=0.26 sys=0.00, real=0.04 secs] 
297.983: [Full GC [PSYoungGen: 18928K->0K(134656K)] [ParOldGen: 299771K->138109K(306688K)] 318700K->138109K(441344K) [PSPermGen: 9157K->9157K(21504K)], 0.1619580 secs] [Times: user=1.20 sys=0.00, real=0.16 secs] 
298.145: Total time for which application threads were stopped: 0.1950120 seconds, Stopping threads took: 0.0000820 seconds
298.192: Application time: 0.0467980 seconds
298.192: [GC [PSYoungGen: 115712K->18912K(134656K)] 253821K->162750K(441344K), 0.0147360 secs] [Times: user=0.11 sys=0.00, real=0.01 secs] 
298.207: Total time for which application threads were stopped: 0.0148900 seconds, Stopping threads took: 0.0000720 seconds
298.266: Application time: 0.0593060 seconds
298.266: [GC [PSYoungGen: 134624K->18912K(134656K)] 278462K->176721K(441344K), 0.0227770 secs] [Times: user=0.17 sys=0.00, real=0.02 secs] 
298.289: Total time for which application threads were stopped: 0.0229540 seconds, Stopping threads took: 0.0000840 seconds
298.341: Application time: 0.0516190 seconds
298.341: [GC [PSYoungGen: 134624K->18912K(134656K)] 292433K->192894K(441344K), 0.0247540 secs] [Times: user=0.19 sys=0.00, real=0.02 secs] 
298.366: Total time for which application threads were stopped: 0.0249320 seconds, Stopping threads took: 0.0000880 seconds
298.413: Application time: 0.0470850 seconds
298.413: [GC [PSYoungGen: 134624K->18912K(134656K)] 308606K->216240K(441344K), 0.0299740 secs] [Times: user=0.23 sys=0.00, real=0.03 secs] 
298.443: Total time for which application threads were stopped: 0.0301460 seconds, Stopping threads took: 0.0000840 seconds
298.493: Application time: 0.0497590 seconds
298.493: [GC [PSYoungGen: 134624K->18912K(134656K)] 331952K->240018K(441344K), 0.0321510 secs] [Times: user=0.25 sys=0.00, real=0.03 secs] 
298.525: Total time for which application threads were stopped: 0.0323180 seconds, Stopping threads took: 0.0000780 seconds
298.576: Application time: 0.0506150 seconds
298.576: [GC [PSYoungGen: 134624K->18928K(134656K)] 355730K->262031K(441344K), 0.0295060 secs] [Times: user=0.23 sys=0.00, real=0.03 secs] 
298.605: Total time for which application threads were stopped: 0.0296850 seconds, Stopping threads took: 0.0000890 seconds
298.650: Application time: 0.0443390 seconds
298.650: [GC [PSYoungGen: 134640K->18912K(134656K)] 377743K->290168K(441344K), 0.0308770 secs] [Times: user=0.25 sys=0.00, real=0.04 secs] 
298.681: [Full GC [PSYoungGen: 18912K->0K(134656K)] [ParOldGen: 271256K->132172K(306688K)] 290168K->132172K(441344K) [PSPermGen: 9157K->9157K(21504K)], 0.1520710 secs] [Times: user=1.12 sys=0.00, real=0.15 secs] 
298.833: Total time for which application threads were stopped: 0.1832080 seconds, Stopping threads took: 0.0000750 seconds
298.878: Application time: 0.0454170 seconds
298.879: [GC [PSYoungGen: 115712K->18923K(134656K)] 247884K->161233K(441344K), 0.0169160 secs] [Times: user=0.14 sys=0.00, real=0.02 secs] 
298.895: Total time for which application threads were stopped: 0.0171120 seconds, Stopping threads took: 0.0000970 seconds
298.943: Application time: 0.0477740 seconds
298.943: [GC [PSYoungGen: 134635K->18928K(134656K)] 276945K->186548K(441344K), 0.0254560 secs] [Times: user=0.20 sys=0.00, real=0.02 secs] 
298.969: Total time for which application threads were stopped: 0.0256210 seconds, Stopping threads took: 0.0000760 seconds
299.028: Application time: 0.0587460 seconds
299.028: [GC [PSYoungGen: 134640K->18912K(134656K)] 302260K->200879K(441344K), 0.0255070 secs] [Times: user=0.20 sys=0.00, real=0.03 secs] 
299.053: Total time for which application threads were stopped: 0.0256610 seconds, Stopping threads took: 0.0000700 seconds
299.106: Application time: 0.0528900 seconds
299.106: [GC [PSYoungGen: 134624K->18912K(134656K)] 316591K->216137K(441344K), 0.0259210 secs] [Times: user=0.20 sys=0.00, real=0.03 secs] 
299.132: Total time for which application threads were stopped: 0.0260850 seconds, Stopping threads took: 0.0000760 seconds
299.180: Application time: 0.0475950 seconds
299.180: [GC [PSYoungGen: 134624K->18928K(134656K)] 331849K->239467K(441344K), 0.0306010 secs] [Times: user=0.24 sys=0.00, real=0.02 secs] 
299.211: Total time for which application threads were stopped: 0.0307810 seconds, Stopping threads took: 0.0000910 seconds
299.261: Application time: 0.0502180 seconds
299.261: [GC [PSYoungGen: 134640K->18912K(134656K)] 355179K->263855K(441344K), 0.0361870 secs] [Times: user=0.28 sys=0.00, real=0.03 secs] 
299.297: Total time for which application threads were stopped: 0.0363510 seconds, Stopping threads took: 0.0000780 seconds
299.351: Application time: 0.0536360 seconds
299.351: [GC [PSYoungGen: 134624K->18912K(134656K)] 379567K->283888K(441344K), 0.0308540 secs] [Times: user=0.24 sys=0.00, real=0.04 secs] 
299.382: Total time for which application threads were stopped: 0.0310050 seconds, Stopping threads took: 0.0000640 seconds
299.424: Application time: 0.0425150 seconds
299.425: [GC [PSYoungGen: 134606K->18912K(134656K)] 399582K->312282K(441344K), 0.0331040 secs] [Times: user=0.26 sys=0.00, real=0.03 secs] 
299.458: [Full GC [PSYoungGen: 18912K->0K(134656K)] [ParOldGen: 293370K->123796K(306688K)] 312282K->123796K(441344K) [PSPermGen: 9157K->9157K(21504K)], 0.1370510 secs] [Times: user=1.01 sys=0.00, real=0.14 secs] 
299.595: Total time for which application threads were stopped: 0.1703970 seconds, Stopping threads took: 0.0000760 seconds
299.639: Application time: 0.0440280 seconds
299.639: [GC [PSYoungGen: 115712K->18921K(134656K)] 239508K->155075K(441344K), 0.0186390 secs] [Times: user=0.15 sys=0.00, real=0.02 secs] 
299.658: Total time for which application threads were stopped: 0.0188130 seconds, Stopping threads took: 0.0000880 seconds
299.706: Application time: 0.0486800 seconds
299.706: [GC [PSYoungGen: 134633K->18912K(134656K)] 270787K->180611K(441344K), 0.0259670 secs] [Times: user=0.21 sys=0.00, real=0.03 secs] 
299.732: Total time for which application threads were stopped: 0.0261590 seconds, Stopping threads took: 0.0001010 seconds
299.790: Application time: 0.0573540 seconds
299.790: [GC [PSYoungGen: 134624K->18928K(134656K)] 296323K->194803K(441344K), 0.0261730 secs] [Times: user=0.20 sys=0.00, real=0.03 secs] 
299.816: Total time for which application threads were stopped: 0.0263450 seconds, Stopping threads took: 0.0000860 seconds
299.871: Application time: 0.0546070 seconds
299.871: [GC [PSYoungGen: 134640K->18912K(134656K)] 310515K->208328K(441344K), 0.0257040 secs] [Times: user=0.20 sys=0.00, real=0.03 secs] 
299.897: Total time for which application threads were stopped: 0.0258810 seconds, Stopping threads took: 0.0000910 seconds
299.942: Application time: 0.0456160 seconds
299.942: [GC [PSYoungGen: 134624K->18912K(134656K)] 324040K->232829K(441344K), 0.0314260 secs] [Times: user=0.24 sys=0.00, real=0.03 secs] 
299.974: Total time for which application threads were stopped: 0.0316210 seconds, Stopping threads took: 0.0000940 seconds
300.021: Application time: 0.0466000 seconds
300.024: [GC [PSYoungGen: 134624K->18912K(134656K)] 348541K->258210K(441344K), 0.0336690 secs] [Times: user=0.27 sys=0.00, real=0.03 secs] 
300.057: Total time for which application threads were stopped: 0.0368130 seconds, Stopping threads took: 0.0030600 seconds
300.112: Application time: 0.0542200 seconds
300.112: [GC [PSYoungGen: 134624K->18928K(134656K)] 373922K->277263K(441344K), 0.0317840 secs] [Times: user=0.25 sys=0.00, real=0.03 secs] 
300.144: Total time for which application threads were stopped: 0.0319510 seconds, Stopping threads took: 0.0000820 seconds
300.185: Application time: 0.0415940 seconds
300.185: [GC [PSYoungGen: 134640K->18928K(134656K)] 392975K->304838K(441344K), 0.0341180 secs] [Times: user=0.27 sys=0.00, real=0.03 secs] 
300.219: [Full GC [PSYoungGen: 18928K->0K(134656K)] [ParOldGen: 285910K->122496K(306688K)] 304838K->122496K(441344K) [PSPermGen: 9157K->9157K(21504K)], 0.1344510 secs] [Times: user=1.00 sys=0.00, real=0.14 secs] 
300.354: Total time for which application threads were stopped: 0.1688180 seconds, Stopping threads took: 0.0000960 seconds
300.397: Application time: 0.0428510 seconds
300.397: [GC [PSYoungGen: 115712K->18940K(134656K)] 238208K->154366K(441344K), 0.0182850 secs] [Times: user=0.14 sys=0.00, real=0.02 secs] 
300.415: Total time for which application threads were stopped: 0.0184720 seconds, Stopping threads took: 0.0000970 seconds
300.465: Application time: 0.0495390 seconds
300.465: [GC [PSYoungGen: 134652K->18921K(134656K)] 270078K->180802K(441344K), 0.0268280 secs] [Times: user=0.21 sys=0.00, real=0.03 secs] 
300.492: Total time for which application threads were stopped: 0.0270270 seconds, Stopping threads took: 0.0000970 seconds
300.550: Application time: 0.0577410 seconds
300.552: [GC [PSYoungGen: 134633K->18921K(134656K)] 296514K->195445K(441344K), 0.0264830 secs] [Times: user=0.21 sys=0.00, real=0.02 secs] 
300.578: Total time for which application threads were stopped: 0.0286290 seconds, Stopping threads took: 0.0020420 seconds
300.634: Application time: 0.0561710 seconds
300.634: [GC [PSYoungGen: 134633K->18937K(134656K)] 311157K->208613K(441344K), 0.0273440 secs] [Times: user=0.21 sys=0.00, real=0.03 secs] 
300.662: Total time for which application threads were stopped: 0.0275180 seconds, Stopping threads took: 0.0000900 seconds
300.712: Application time: 0.0505690 seconds
300.713: [GC [PSYoungGen: 134649K->18921K(134656K)] 324325K->230921K(441344K), 0.0311080 secs] [Times: user=0.24 sys=0.00, real=0.03 secs] 
300.744: Total time for which application threads were stopped: 0.0312770 seconds, Stopping threads took: 0.0000810 seconds
300.791: Application time: 0.0470800 seconds
300.791: [GC [PSYoungGen: 134633K->18928K(134656K)] 346633K->257139K(441344K), 0.0354690 secs] [Times: user=0.26 sys=0.00, real=0.04 secs] 
300.826: Total time for which application threads were stopped: 0.0356570 seconds, Stopping threads took: 0.0001010 seconds
300.880: Application time: 0.0537400 seconds
300.880: [GC [PSYoungGen: 134605K->18928K(134656K)] 372816K->278026K(441344K), 0.0374800 secs] [Times: user=0.28 sys=0.00, real=0.03 secs] 
300.918: Total time for which application threads were stopped: 0.0376500 seconds, Stopping threads took: 0.0000950 seconds
300.960: Application time: 0.0423270 seconds
300.960: [GC [PSYoungGen: 134640K->18928K(134656K)] 393738K->305407K(441344K), 0.0343170 secs] [Times: user=0.27 sys=0.00, real=0.03 secs] 
300.995: [Full GC [PSYoungGen: 18928K->0K(134656K)] [ParOldGen: 286478K->128917K(306688K)] 305407K->128917K(441344K) [PSPermGen: 9157K->9157K(21504K)], 0.1440780 secs] [Times: user=1.06 sys=0.00, real=0.14 secs] 
301.139: Total time for which application threads were stopped: 0.1786500 seconds, Stopping threads took: 0.0001020 seconds
301.183: Application time: 0.0437290 seconds
301.183: [GC [PSYoungGen: 115712K->18916K(134656K)] 244629K->160404K(441344K), 0.0179530 secs] [Times: user=0.14 sys=0.00, real=0.02 secs] 
301.201: Total time for which application threads were stopped: 0.0181330 seconds, Stopping threads took: 0.0000790 seconds
301.251: Application time: 0.0500030 seconds
301.251: [GC [PSYoungGen: 134628K->18937K(134656K)] 276116K->184425K(441344K), 0.0260010 secs] [Times: user=0.20 sys=0.00, real=0.03 secs] 
301.277: Total time for which application threads were stopped: 0.0262060 seconds, Stopping threads took: 0.0001190 seconds
301.334: Application time: 0.0571140 seconds
301.334: [GC [PSYoungGen: 134649K->18937K(134656K)] 300137K->200610K(441344K), 0.0256760 secs] [Times: user=0.20 sys=0.00, real=0.03 secs] 
301.360: Total time for which application threads were stopped: 0.0258380 seconds, Stopping threads took: 0.0000780 seconds
301.416: Application time: 0.0561790 seconds
301.416: [GC [PSYoungGen: 134649K->18937K(134656K)] 316322K->214405K(441344K), 0.0260150 secs] [Times: user=0.20 sys=0.00, real=0.03 secs] 
301.442: Total time for which application threads were stopped: 0.0261760 seconds, Stopping threads took: 0.0000710 seconds
301.491: Application time: 0.0488840 seconds
301.491: [GC [PSYoungGen: 134649K->18937K(134656K)] 330117K->236302K(441344K), 0.0293770 secs] [Times: user=0.23 sys=0.00, real=0.04 secs] 
301.521: Total time for which application threads were stopped: 0.0295420 seconds, Stopping threads took: 0.0000780 seconds
301.567: Application time: 0.0466930 seconds
301.568: [GC [PSYoungGen: 134649K->18937K(134656K)] 352014K->262369K(441344K), 0.0327080 secs] [Times: user=0.26 sys=0.00, real=0.04 secs] 
301.600: Total time for which application threads were stopped: 0.0328950 seconds, Stopping threads took: 0.0001000 seconds
301.655: Application time: 0.0545430 seconds
301.655: [GC [PSYoungGen: 134649K->18937K(134656K)] 378081K->282154K(441344K), 0.0306970 secs] [Times: user=0.24 sys=0.00, real=0.03 secs] 
301.686: Total time for which application threads were stopped: 0.0308830 seconds, Stopping threads took: 0.0000990 seconds
301.727: Application time: 0.0414810 seconds
301.727: [GC [PSYoungGen: 134649K->18921K(134656K)] 397866K->308797K(441344K), 0.0313170 secs] [Times: user=0.25 sys=0.00, real=0.03 secs] 
301.759: [Full GC [PSYoungGen: 18921K->0K(134656K)] [ParOldGen: 289875K->126124K(306688K)] 308797K->126124K(441344K) [PSPermGen: 9157K->9157K(21504K)], 0.1381170 secs] [Times: user=1.01 sys=0.00, real=0.14 secs] 
301.897: Total time for which application threads were stopped: 0.1696870 seconds, Stopping threads took: 0.0000890 seconds
301.941: Application time: 0.0444090 seconds
301.941: [GC [PSYoungGen: 115712K->18939K(134656K)] 241836K->158753K(441344K), 0.0190060 secs] [Times: user=0.15 sys=0.00, real=0.02 secs] 
301.960: Total time for which application threads were stopped: 0.0191960 seconds, Stopping threads took: 0.0001030 seconds
302.008: Application time: 0.0479390 seconds
302.009: [GC [PSYoungGen: 134651K->18928K(134656K)] 274465K->184272K(441344K), 0.0259270 secs] [Times: user=0.20 sys=0.00, real=0.03 secs] 
302.035: Total time for which application threads were stopped: 0.0261050 seconds, Stopping threads took: 0.0000930 seconds
302.091: Application time: 0.0564410 seconds
302.091: [GC [PSYoungGen: 134640K->18912K(134656K)] 299984K->201170K(441344K), 0.0272080 secs] [Times: user=0.21 sys=0.00, real=0.03 secs] 
302.118: Total time for which application threads were stopped: 0.0274010 seconds, Stopping threads took: 0.0001090 seconds
302.173: Application time: 0.0549750 seconds
302.173: [GC [PSYoungGen: 134624K->18928K(134656K)] 316882K->215545K(441344K), 0.0258540 secs] [Times: user=0.21 sys=0.00, real=0.02 secs] 
302.199: Total time for which application threads were stopped: 0.0260350 seconds, Stopping threads took: 0.0000920 seconds
302.249: Application time: 0.0491970 seconds
302.249: [GC [PSYoungGen: 134640K->18928K(134656K)] 331257K->236837K(441344K), 0.0284210 secs] [Times: user=0.22 sys=0.00, real=0.03 secs] 
302.277: Total time for which application threads were stopped: 0.0286130 seconds, Stopping threads took: 0.0000840 seconds
302.324: Application time: 0.0466290 seconds
302.324: [GC [PSYoungGen: 134640K->18928K(134656K)] 352549K->261859K(441344K), 0.0313160 secs] [Times: user=0.25 sys=0.00, real=0.03 secs] 
302.355: Total time for which application threads were stopped: 0.0315140 seconds, Stopping threads took: 0.0001110 seconds
302.408: Application time: 0.0529810 seconds
302.408: [GC [PSYoungGen: 134640K->18912K(134656K)] 377571K->283118K(441344K), 0.0353530 secs] [Times: user=0.27 sys=0.00, real=0.04 secs] 
302.444: Total time for which application threads were stopped: 0.0354970 seconds, Stopping threads took: 0.0000610 seconds
302.485: Application time: 0.0407690 seconds
302.485: [GC [PSYoungGen: 134624K->18912K(134656K)] 398830K->310088K(441344K), 0.0324170 secs] [Times: user=0.26 sys=0.00, real=0.03 secs] 
302.517: [Full GC [PSYoungGen: 18912K->0K(134656K)] [ParOldGen: 291176K->127236K(306688K)] 310088K->127236K(441344K) [PSPermGen: 9157K->9157K(21504K)], 0.1393790 secs] [Times: user=1.03 sys=0.00, real=0.14 secs] 
302.657: Total time for which application threads were stopped: 0.1720390 seconds, Stopping threads took: 0.0000940 seconds
302.700: Application time: 0.0432870 seconds
302.700: [GC [PSYoungGen: 115712K->18928K(134656K)] 242948K->159466K(441344K), 0.0186440 secs] [Times: user=0.14 sys=0.00, real=0.01 secs] 
302.719: Total time for which application threads were stopped: 0.0188420 seconds, Stopping threads took: 0.0001100 seconds
302.769: Application time: 0.0499180 seconds
302.769: [GC [PSYoungGen: 134640K->18928K(134656K)] 275178K->184105K(441344K), 0.0260590 secs] [Times: user=0.20 sys=0.00, real=0.03 secs] 
302.795: Total time for which application threads were stopped: 0.0262350 seconds, Stopping threads took: 0.0000760 seconds
302.850: Application time: 0.0552750 seconds
302.850: [GC [PSYoungGen: 134640K->18928K(134656K)] 299817K->200426K(441344K), 0.0260310 secs] [Times: user=0.20 sys=0.00, real=0.03 secs] 
302.876: Total time for which application threads were stopped: 0.0262290 seconds, Stopping threads took: 0.0001120 seconds
302.932: Application time: 0.0555700 seconds
302.932: [GC [PSYoungGen: 134640K->18912K(134656K)] 316138K->215790K(441344K), 0.0264700 secs] [Times: user=0.20 sys=0.00, real=0.02 secs] 
302.959: Total time for which application threads were stopped: 0.0266600 seconds, Stopping threads took: 0.0001040 seconds
303.011: Application time: 0.0527730 seconds
303.012: [GC [PSYoungGen: 134624K->18928K(134656K)] 331502K->235305K(441344K), 0.0293090 secs] [Times: user=0.23 sys=0.00, real=0.03 secs] 
303.041: Total time for which application threads were stopped: 0.0294850 seconds, Stopping threads took: 0.0000870 seconds
303.085: Application time: 0.0441880 seconds
303.085: [GC [PSYoungGen: 134640K->18928K(134656K)] 351017K->259782K(441344K), 0.0308830 secs] [Times: user=0.23 sys=0.00, real=0.03 secs] 
303.116: Total time for which application threads were stopped: 0.0310490 seconds, Stopping threads took: 0.0000770 seconds
303.172: Application time: 0.0558730 seconds
303.172: [GC [PSYoungGen: 134640K->18912K(134656K)] 375494K->280378K(441344K), 0.0327170 secs] [Times: user=0.25 sys=0.00, real=0.03 secs] 
303.205: Total time for which application threads were stopped: 0.0328780 seconds, Stopping threads took: 0.0000790 seconds
303.244: Application time: 0.0392940 seconds
303.244: [GC [PSYoungGen: 134624K->18928K(134656K)] 396090K->308640K(441344K), 0.0323990 secs] [Times: user=0.25 sys=0.00, real=0.03 secs] 
303.277: [Full GC [PSYoungGen: 18928K->0K(134656K)] [ParOldGen: 289712K->121255K(306688K)] 308640K->121255K(441344K) [PSPermGen: 9157K->9157K(21504K)], 0.1337200 secs] [Times: user=0.98 sys=0.00, real=0.13 secs] 
303.411: Total time for which application threads were stopped: 0.1663700 seconds, Stopping threads took: 0.0000990 seconds
303.452: Application time: 0.0413200 seconds
303.452: [GC [PSYoungGen: 115712K->18937K(134656K)] 236967K->154642K(441344K), 0.0190320 secs] [Times: user=0.15 sys=0.00, real=0.01 secs] 
303.471: Total time for which application threads were stopped: 0.0192620 seconds, Stopping threads took: 0.0001230 seconds
303.525: Application time: 0.0535570 seconds
303.525: [GC [PSYoungGen: 134649K->18928K(134656K)] 270354K->175982K(441344K), 0.0258510 secs] [Times: user=0.20 sys=0.00, real=0.02 secs] 
303.551: Total time for which application threads were stopped: 0.0260140 seconds, Stopping threads took: 0.0000760 seconds
303.603: Application time: 0.0523070 seconds
303.603: [GC [PSYoungGen: 134640K->18928K(134656K)] 291694K->192671K(441344K), 0.0258510 secs] [Times: user=0.20 sys=0.00, real=0.02 secs] 
303.629: Total time for which application threads were stopped: 0.0260350 seconds, Stopping threads took: 0.0000970 seconds
303.682: Application time: 0.0526910 seconds
303.682: [GC [PSYoungGen: 134640K->18912K(134656K)] 308383K->212352K(441344K), 0.0288380 secs] [Times: user=0.23 sys=0.00, real=0.02 secs] 
303.711: Total time for which application threads were stopped: 0.0290080 seconds, Stopping threads took: 0.0000790 seconds
303.768: Application time: 0.0574510 seconds
303.768: [GC [PSYoungGen: 134624K->18928K(134656K)] 328064K->227126K(441344K), 0.0285630 secs] [Times: user=0.23 sys=0.00, real=0.03 secs] 
303.797: Total time for which application threads were stopped: 0.0287910 seconds, Stopping threads took: 0.0001450 seconds
303.843: Application time: 0.0461780 seconds
303.843: [GC [PSYoungGen: 134640K->18912K(134656K)] 342838K->252456K(441344K), 0.0317750 secs] [Times: user=0.25 sys=0.00, real=0.03 secs] 
303.875: Total time for which application threads were stopped: 0.0319450 seconds, Stopping threads took: 0.0000800 seconds
303.932: Application time: 0.0565060 seconds
303.932: [GC [PSYoungGen: 134624K->18912K(134656K)] 368168K->273217K(441344K), 0.0364720 secs] [Times: user=0.27 sys=0.00, real=0.03 secs] 
303.968: Total time for which application threads were stopped: 0.0366420 seconds, Stopping threads took: 0.0000870 seconds
304.007: Application time: 0.0390180 seconds
304.007: [GC [PSYoungGen: 134624K->18912K(134656K)] 388929K->302826K(441344K), 0.0339420 secs] [Times: user=0.27 sys=0.00, real=0.04 secs] 
304.041: [Full GC [PSYoungGen: 18912K->0K(134656K)] [ParOldGen: 283914K->122382K(306688K)] 302826K->122382K(441344K) [PSPermGen: 9157K->9157K(21504K)], 0.1348080 secs] [Times: user=0.99 sys=0.00, real=0.13 secs] 
304.176: Total time for which application threads were stopped: 0.1689900 seconds, Stopping threads took: 0.0000760 seconds
304.215: Application time: 0.0387750 seconds
304.215: [GC [PSYoungGen: 115712K->18928K(134656K)] 238094K->153796K(441344K), 0.0167770 secs] [Times: user=0.13 sys=0.01, real=0.02 secs] 
304.232: Total time for which application threads were stopped: 0.0169510 seconds, Stopping threads took: 0.0000840 seconds
304.290: Application time: 0.0575640 seconds
304.290: [GC [PSYoungGen: 134640K->18912K(134656K)] 269508K->174215K(441344K), 0.0260030 secs] [Times: user=0.21 sys=0.00, real=0.03 secs] 
304.316: Total time for which application threads were stopped: 0.0261490 seconds, Stopping threads took: 0.0000640 seconds
304.367: Application time: 0.0507600 seconds
304.367: [GC [PSYoungGen: 134624K->18928K(134656K)] 289927K->190719K(441344K), 0.0263860 secs] [Times: user=0.20 sys=0.00, real=0.03 secs] 
304.393: Total time for which application threads were stopped: 0.0265590 seconds, Stopping threads took: 0.0000830 seconds
304.444: Application time: 0.0513280 seconds
304.445: [GC [PSYoungGen: 134640K->18912K(134656K)] 306431K->212707K(441344K), 0.0309590 secs] [Times: user=0.25 sys=0.00, real=0.03 secs] 
304.476: Total time for which application threads were stopped: 0.0311190 seconds, Stopping threads took: 0.0000710 seconds
304.532: Application time: 0.0559520 seconds
304.532: [GC [PSYoungGen: 134624K->18912K(134656K)] 328419K->227237K(441344K), 0.0301850 secs] [Times: user=0.23 sys=0.00, real=0.03 secs] 
304.562: Total time for which application threads were stopped: 0.0303660 seconds, Stopping threads took: 0.0000880 seconds
304.606: Application time: 0.0437660 seconds
304.606: [GC [PSYoungGen: 134624K->18912K(134656K)] 342949K->252830K(441344K), 0.0329900 secs] [Times: user=0.26 sys=0.00, real=0.03 secs] 
304.639: Total time for which application threads were stopped: 0.0331660 seconds, Stopping threads took: 0.0000870 seconds
304.692: Application time: 0.0531830 seconds
304.696: [GC [PSYoungGen: 134624K->18912K(134656K)] 368542K->274168K(441344K), 0.0352540 secs] [Times: user=0.28 sys=0.00, real=0.03 secs] 
304.731: Total time for which application threads were stopped: 0.0388890 seconds, Stopping threads took: 0.0035460 seconds
304.771: Application time: 0.0396170 seconds
304.771: [GC [PSYoungGen: 134468K->18928K(134656K)] 389724K->303047K(441344K), 0.0356770 secs] [Times: user=0.28 sys=0.00, real=0.04 secs] 
304.806: [Full GC [PSYoungGen: 18928K->0K(134656K)] [ParOldGen: 284119K->121798K(306688K)] 303047K->121798K(441344K) [PSPermGen: 9157K->9157K(21504K)], 0.1339940 secs] [Times: user=0.99 sys=0.00, real=0.14 secs] 
304.940: Total time for which application threads were stopped: 0.1699280 seconds, Stopping threads took: 0.0001070 seconds
304.980: Application time: 0.0395460 seconds
304.980: [GC [PSYoungGen: 115712K->18923K(134656K)] 237510K->153895K(441344K), 0.0172480 secs] [Times: user=0.13 sys=0.00, real=0.01 secs] 
304.997: Total time for which application threads were stopped: 0.0174080 seconds, Stopping threads took: 0.0000740 seconds
305.055: Application time: 0.0576170 seconds
305.055: [GC [PSYoungGen: 134635K->18928K(134656K)] 269607K->174350K(441344K), 0.0262560 secs] [Times: user=0.20 sys=0.00, real=0.03 secs] 
305.081: Total time for which application threads were stopped: 0.0264380 seconds, Stopping threads took: 0.0000870 seconds
305.134: Application time: 0.0529300 seconds
305.135: [GC [PSYoungGen: 134640K->18928K(134656K)] 290062K->190924K(441344K), 0.0269180 secs] [Times: user=0.21 sys=0.00, real=0.03 secs] 
305.162: Total time for which application threads were stopped: 0.0271140 seconds, Stopping threads took: 0.0001050 seconds
305.215: Application time: 0.0538480 seconds
305.215: [GC [PSYoungGen: 134640K->18928K(134656K)] 306636K->212544K(441344K), 0.0311380 secs] [Times: user=0.25 sys=0.00, real=0.03 secs] 
305.247: Total time for which application threads were stopped: 0.0313000 seconds, Stopping threads took: 0.0000730 seconds
305.304: Application time: 0.0568580 seconds
305.308: [GC [PSYoungGen: 134640K->18928K(134656K)] 328256K->227293K(441344K), 0.0292600 secs] [Times: user=0.23 sys=0.00, real=0.03 secs] 
305.337: Total time for which application threads were stopped: 0.0333640 seconds, Stopping threads took: 0.0040210 seconds
305.384: Application time: 0.0466500 seconds
305.384: [GC [PSYoungGen: 134640K->18928K(134656K)] 343005K->250631K(441344K), 0.0322230 secs] [Times: user=0.24 sys=0.01, real=0.03 secs] 
305.416: Total time for which application threads were stopped: 0.0324270 seconds, Stopping threads took: 0.0001170 seconds
305.470: Application time: 0.0536730 seconds
305.470: [GC [PSYoungGen: 134640K->18912K(134656K)] 366343K->274247K(441344K), 0.0349910 secs] [Times: user=0.28 sys=0.00, real=0.04 secs] 
305.505: Total time for which application threads were stopped: 0.0351650 seconds, Stopping threads took: 0.0000890 seconds
305.544: Application time: 0.0392340 seconds
305.544: [GC [PSYoungGen: 134624K->18928K(134656K)] 389959K->304322K(441344K), 0.0347920 secs] [Times: user=0.27 sys=0.00, real=0.03 secs] 
305.579: [Full GC [PSYoungGen: 18928K->0K(134656K)] [ParOldGen: 285394K->124432K(306688K)] 304322K->124432K(441344K) [PSPermGen: 9157K->9157K(21504K)], 0.1351330 secs] [Times: user=1.00 sys=0.00, real=0.14 secs] 
305.714: Total time for which application threads were stopped: 0.1701460 seconds, Stopping threads took: 0.0000700 seconds
305.752: Application time: 0.0373590 seconds
305.756: [GC [PSYoungGen: 115712K->18912K(134656K)] 240144K->154330K(441344K), 0.0158130 secs] [Times: user=0.12 sys=0.00, real=0.01 secs] 
305.771: Total time for which application threads were stopped: 0.0199010 seconds, Stopping threads took: 0.0039800 seconds
305.830: Application time: 0.0584900 seconds
305.830: [GC [PSYoungGen: 134624K->18928K(134656K)] 270042K->175865K(441344K), 0.0258110 secs] [Times: user=0.20 sys=0.00, real=0.03 secs] 
305.856: Total time for which application threads were stopped: 0.0259920 seconds, Stopping threads took: 0.0001000 seconds
305.908: Application time: 0.0520950 seconds
305.908: [GC [PSYoungGen: 134640K->18912K(134656K)] 291577K->191357K(441344K), 0.0249780 secs] [Times: user=0.19 sys=0.00, real=0.03 secs] 
305.933: Total time for which application threads were stopped: 0.0251470 seconds, Stopping threads took: 0.0000860 seconds
305.983: Application time: 0.0502400 seconds
305.984: [GC [PSYoungGen: 134624K->18928K(134656K)] 307069K->212936K(441344K), 0.0298340 secs] [Times: user=0.23 sys=0.00, real=0.03 secs] 
306.013: Total time for which application threads were stopped: 0.0300140 seconds, Stopping threads took: 0.0000940 seconds
306.069: Application time: 0.0550910 seconds
306.069: [GC [PSYoungGen: 134640K->18912K(134656K)] 328648K->229862K(441344K), 0.0296530 secs] [Times: user=0.23 sys=0.00, real=0.03 secs] 
306.098: Total time for which application threads were stopped: 0.0298020 seconds, Stopping threads took: 0.0000640 seconds
306.145: Application time: 0.0464420 seconds
306.145: [GC [PSYoungGen: 134624K->18912K(134656K)] 345574K->251784K(441344K), 0.0295280 secs] [Times: user=0.23 sys=0.00, real=0.03 secs] 
306.175: Total time for which application threads were stopped: 0.0296920 seconds, Stopping threads took: 0.0000770 seconds
306.225: Application time: 0.0509870 seconds
306.226: [GC [PSYoungGen: 134624K->18928K(134656K)] 367496K->274614K(441344K), 0.0329590 secs] [Times: user=0.26 sys=0.00, real=0.03 secs] 
306.259: Total time for which application threads were stopped: 0.0331210 seconds, Stopping threads took: 0.0000770 seconds
306.297: Application time: 0.0383630 seconds
306.297: [GC [PSYoungGen: 134550K->18928K(134656K)] 390236K->306419K(441344K), 0.0350700 secs] [Times: user=0.27 sys=0.00, real=0.04 secs] 
306.332: [Full GC [PSYoungGen: 18928K->0K(134656K)] [ParOldGen: 287491K->124535K(306688K)] 306419K->124535K(441344K) [PSPermGen: 9157K->9157K(21504K)], 0.1348630 secs] [Times: user=1.00 sys=0.00, real=0.13 secs] 
306.467: Total time for which application threads were stopped: 0.1701740 seconds, Stopping threads took: 0.0000750 seconds
306.505: Application time: 0.0377480 seconds
306.505: [GC [PSYoungGen: 115712K->18937K(134656K)] 240247K->154545K(441344K), 0.0155910 secs] [Times: user=0.12 sys=0.00, real=0.02 secs] 
306.521: Total time for which application threads were stopped: 0.0157640 seconds, Stopping threads took: 0.0000880 seconds
306.579: Application time: 0.0583670 seconds
306.579: [GC [PSYoungGen: 134649K->18921K(134656K)] 270257K->176099K(441344K), 0.0261470 secs] [Times: user=0.21 sys=0.00, real=0.03 secs] 
306.605: Total time for which application threads were stopped: 0.0263310 seconds, Stopping threads took: 0.0000990 seconds
306.659: Application time: 0.0534720 seconds
306.660: [GC [PSYoungGen: 134633K->18937K(134656K)] 291811K->190823K(441344K), 0.0258970 secs] [Times: user=0.21 sys=0.00, real=0.02 secs] 
306.686: Total time for which application threads were stopped: 0.0266810 seconds, Stopping threads took: 0.0006980 seconds
306.737: Application time: 0.0516540 seconds
306.737: [GC [PSYoungGen: 134649K->18921K(134656K)] 306535K->210502K(441344K), 0.0299850 secs] [Times: user=0.23 sys=0.00, real=0.03 secs] 
306.767: Total time for which application threads were stopped: 0.0301720 seconds, Stopping threads took: 0.0000970 seconds
306.822: Application time: 0.0550610 seconds
306.823: [GC [PSYoungGen: 134633K->18921K(134656K)] 326214K->228608K(441344K), 0.0398810 secs] [Times: user=0.31 sys=0.00, real=0.04 secs] 
306.862: Total time for which application threads were stopped: 0.0400500 seconds, Stopping threads took: 0.0000810 seconds
306.914: Application time: 0.0512150 seconds
306.914: [GC [PSYoungGen: 134633K->18922K(134656K)] 344320K->248305K(441344K), 0.0322070 secs] [Times: user=0.25 sys=0.00, real=0.03 secs] 
306.946: Total time for which application threads were stopped: 0.0323760 seconds, Stopping threads took: 0.0000800 seconds
306.994: Application time: 0.0474910 seconds
306.994: [GC [PSYoungGen: 134634K->18938K(134656K)] 364017K->274012K(441344K), 0.0355550 secs] [Times: user=0.28 sys=0.00, real=0.03 secs] 
307.029: Total time for which application threads were stopped: 0.0357500 seconds, Stopping threads took: 0.0001040 seconds
307.068: Application time: 0.0390640 seconds
307.068: [GC [PSYoungGen: 134650K->18922K(134656K)] 389724K->309882K(441344K), 0.0424740 secs] [Times: user=0.33 sys=0.00, real=0.04 secs] 
307.111: [Full GC [PSYoungGen: 18922K->0K(134656K)] [ParOldGen: 290960K->129400K(306688K)] 309882K->129400K(441344K) [PSPermGen: 9157K->9157K(21504K)], 0.1419070 secs] [Times: user=1.05 sys=0.00, real=0.15 secs] 
307.253: Total time for which application threads were stopped: 0.1845970 seconds, Stopping threads took: 0.0000700 seconds
307.294: Application time: 0.0409590 seconds
307.294: [GC [PSYoungGen: 115712K->18912K(134656K)] 245112K->160942K(441344K), 0.0179810 secs] [Times: user=0.14 sys=0.00, real=0.02 secs] 
307.312: Total time for which application threads were stopped: 0.0181290 seconds, Stopping threads took: 0.0000610 seconds
307.371: Application time: 0.0590240 seconds
307.371: [GC [PSYoungGen: 134624K->18912K(134656K)] 276654K->178461K(441344K), 0.0247420 secs] [Times: user=0.19 sys=0.00, real=0.03 secs] 
307.396: Total time for which application threads were stopped: 0.0249190 seconds, Stopping threads took: 0.0000830 seconds
307.453: Application time: 0.0572440 seconds
307.453: [GC [PSYoungGen: 134624K->18912K(134656K)] 294173K->191253K(441344K), 0.0242130 secs] [Times: user=0.19 sys=0.00, real=0.02 secs] 
307.478: Total time for which application threads were stopped: 0.0243910 seconds, Stopping threads took: 0.0000910 seconds
307.527: Application time: 0.0496210 seconds
307.527: [GC [PSYoungGen: 134624K->18912K(134656K)] 306965K->212026K(441344K), 0.0271560 secs] [Times: user=0.21 sys=0.00, real=0.03 secs] 
307.555: Total time for which application threads were stopped: 0.0273060 seconds, Stopping threads took: 0.0000630 seconds
307.609: Application time: 0.0540670 seconds
307.609: [GC [PSYoungGen: 134624K->18912K(134656K)] 327738K->231716K(441344K), 0.0296040 secs] [Times: user=0.24 sys=0.00, real=0.03 secs] 
307.638: Total time for which application threads were stopped: 0.0297620 seconds, Stopping threads took: 0.0000750 seconds
307.690: Application time: 0.0519650 seconds
307.691: [GC [PSYoungGen: 134624K->18928K(134656K)] 347428K->249354K(441344K), 0.0291280 secs] [Times: user=0.23 sys=0.00, real=0.04 secs] 
307.720: Total time for which application threads were stopped: 0.0293220 seconds, Stopping threads took: 0.0001040 seconds
307.767: Application time: 0.0469420 seconds
307.767: [GC [PSYoungGen: 134640K->18928K(134656K)] 365066K->274571K(441344K), 0.0330280 secs] [Times: user=0.26 sys=0.00, real=0.04 secs] 
307.800: Total time for which application threads were stopped: 0.0331900 seconds, Stopping threads took: 0.0000750 seconds
307.837: Application time: 0.0376500 seconds
307.838: [GC [PSYoungGen: 134640K->18928K(134656K)] 390283K->311364K(441344K), 0.0367740 secs] [Times: user=0.29 sys=0.00, real=0.04 secs] 
307.874: [Full GC [PSYoungGen: 18928K->0K(134656K)] [ParOldGen: 292436K->129522K(306688K)] 311364K->129522K(441344K) [PSPermGen: 9157K->9157K(21504K)], 0.1431610 secs] [Times: user=1.06 sys=0.00, real=0.14 secs] 
308.018: Total time for which application threads were stopped: 0.1801890 seconds, Stopping threads took: 0.0001070 seconds
308.058: Application time: 0.0401490 seconds
308.058: [GC [PSYoungGen: 115712K->18928K(134656K)] 245234K->160139K(441344K), 0.0171100 secs] [Times: user=0.13 sys=0.00, real=0.02 secs] 
308.075: Total time for which application threads were stopped: 0.0172880 seconds, Stopping threads took: 0.0000800 seconds
308.135: Application time: 0.0597090 seconds
308.135: [GC [PSYoungGen: 134640K->18912K(134656K)] 275851K->178081K(441344K), 0.0255040 secs] [Times: user=0.20 sys=0.00, real=0.03 secs] 
308.161: Total time for which application threads were stopped: 0.0257130 seconds, Stopping threads took: 0.0001230 seconds
308.220: Application time: 0.0592560 seconds
308.224: [GC [PSYoungGen: 134624K->18928K(134656K)] 293793K->190155K(441344K), 0.0239150 secs] [Times: user=0.19 sys=0.00, real=0.02 secs] 
308.248: Total time for which application threads were stopped: 0.0277730 seconds, Stopping threads took: 0.0037710 seconds
308.299: Application time: 0.0515290 seconds
308.299: [GC [PSYoungGen: 134640K->18912K(134656K)] 305867K->210717K(441344K), 0.0273820 secs] [Times: user=0.22 sys=0.00, real=0.03 secs] 
308.327: Total time for which application threads were stopped: 0.0275550 seconds, Stopping threads took: 0.0000820 seconds
308.382: Application time: 0.0557810 seconds
308.383: [GC [PSYoungGen: 134624K->18928K(134656K)] 326429K->231363K(441344K), 0.0307220 secs] [Times: user=0.25 sys=0.00, real=0.03 secs] 
308.413: Total time for which application threads were stopped: 0.0309350 seconds, Stopping threads took: 0.0001230 seconds
308.466: Application time: 0.0521790 seconds
308.468: [GC [PSYoungGen: 134640K->18912K(134656K)] 347075K->247576K(441344K), 0.0322080 secs] [Times: user=0.24 sys=0.00, real=0.04 secs] 
308.500: Total time for which application threads were stopped: 0.0342930 seconds, Stopping threads took: 0.0020030 seconds
308.545: Application time: 0.0447770 seconds
308.545: [GC [PSYoungGen: 134624K->18928K(134656K)] 363288K->272581K(441344K), 0.0311880 secs] [Times: user=0.25 sys=0.00, real=0.03 secs] 
308.576: Total time for which application threads were stopped: 0.0313610 seconds, Stopping threads took: 0.0000880 seconds
308.615: Application time: 0.0387940 seconds
308.615: [GC [PSYoungGen: 134640K->18928K(134656K)] 388293K->309945K(441344K), 0.0383680 secs] [Times: user=0.30 sys=0.00, real=0.04 secs] 
308.653: [Full GC [PSYoungGen: 18928K->0K(134656K)] [ParOldGen: 291017K->128472K(306688K)] 309945K->128472K(441344K) [PSPermGen: 9157K->9157K(21504K)], 0.1383980 secs] [Times: user=1.03 sys=0.00, real=0.14 secs] 
308.793: Total time for which application threads were stopped: 0.1784740 seconds, Stopping threads took: 0.0000780 seconds
308.834: Application time: 0.0403840 seconds
308.834: [GC [PSYoungGen: 115712K->18919K(134656K)] 244184K->159781K(441344K), 0.0171900 secs] [Times: user=0.14 sys=0.00, real=0.01 secs] 
308.851: Total time for which application threads were stopped: 0.0173560 seconds, Stopping threads took: 0.0000820 seconds
308.909: Application time: 0.0582430 seconds
308.909: [GC [PSYoungGen: 134631K->18935K(134656K)] 275493K->179045K(441344K), 0.0252760 secs] [Times: user=0.20 sys=0.00, real=0.03 secs] 
308.935: Total time for which application threads were stopped: 0.0254640 seconds, Stopping threads took: 0.0001010 seconds
308.991: Application time: 0.0558300 seconds
308.991: [GC [PSYoungGen: 134647K->18919K(134656K)] 294757K->191074K(441344K), 0.0246840 secs] [Times: user=0.19 sys=0.00, real=0.03 secs] 
309.015: Total time for which application threads were stopped: 0.0248570 seconds, Stopping threads took: 0.0000880 seconds
309.066: Application time: 0.0506600 seconds
309.066: [GC [PSYoungGen: 134631K->18935K(134656K)] 306786K->211177K(441344K), 0.0291580 secs] [Times: user=0.23 sys=0.00, real=0.03 secs] 
309.095: Total time for which application threads were stopped: 0.0293350 seconds, Stopping threads took: 0.0000890 seconds
309.149: Application time: 0.0539270 seconds
309.150: [GC [PSYoungGen: 134647K->18912K(134656K)] 326889K->231276K(441344K), 0.0300520 secs] [Times: user=0.24 sys=0.00, real=0.04 secs] 
309.180: Total time for which application threads were stopped: 0.0302430 seconds, Stopping threads took: 0.0000900 seconds
309.234: Application time: 0.0548400 seconds
309.235: [GC [PSYoungGen: 134624K->18928K(134656K)] 346988K->248309K(441344K), 0.0272450 secs] [Times: user=0.22 sys=0.00, real=0.03 secs] 
309.262: Total time for which application threads were stopped: 0.0274360 seconds, Stopping threads took: 0.0000910 seconds
309.307: Application time: 0.0447440 seconds
309.307: [GC [PSYoungGen: 134640K->18928K(134656K)] 364021K->272655K(441344K), 0.0291470 secs] [Times: user=0.22 sys=0.00, real=0.03 secs] 
309.336: Total time for which application threads were stopped: 0.0293090 seconds, Stopping threads took: 0.0000720 seconds
309.375: Application time: 0.0394060 seconds
309.375: [GC [PSYoungGen: 134640K->18912K(134656K)] 388367K->310001K(441344K), 0.0352260 secs] [Times: user=0.27 sys=0.00, real=0.03 secs] 
309.411: [Full GC [PSYoungGen: 18912K->0K(134656K)] [ParOldGen: 291089K->128482K(306688K)] 310001K->128482K(441344K) [PSPermGen: 9157K->9157K(21504K)], 0.1388350 secs] [Times: user=1.02 sys=0.00, real=0.14 secs] 
309.550: Total time for which application threads were stopped: 0.1742810 seconds, Stopping threads took: 0.0000750 seconds
309.591: Application time: 0.0410370 seconds
309.591: [GC [PSYoungGen: 115712K->18933K(134656K)] 244194K->159794K(441344K), 0.0171800 secs] [Times: user=0.13 sys=0.01, real=0.02 secs] 
309.608: Total time for which application threads were stopped: 0.0173560 seconds, Stopping threads took: 0.0000830 seconds
309.665: Application time: 0.0567180 seconds
309.665: [GC [PSYoungGen: 134645K->18933K(134656K)] 275506K->180238K(441344K), 0.0254280 secs] [Times: user=0.20 sys=0.00, real=0.02 secs] 
309.690: Total time for which application threads were stopped: 0.0256040 seconds, Stopping threads took: 0.0000810 seconds
309.747: Application time: 0.0565830 seconds
309.747: [GC [PSYoungGen: 134645K->18933K(134656K)] 295950K->192190K(441344K), 0.0240750 secs] [Times: user=0.19 sys=0.00, real=0.02 secs] 
309.771: Total time for which application threads were stopped: 0.0242450 seconds, Stopping threads took: 0.0000810 seconds
309.823: Application time: 0.0513730 seconds
309.824: [GC [PSYoungGen: 134645K->18912K(134656K)] 307902K->210820K(441344K), 0.0270780 secs] [Times: user=0.21 sys=0.00, real=0.02 secs] 
309.851: Total time for which application threads were stopped: 0.0281650 seconds, Stopping threads took: 0.0009990 seconds
309.903: Application time: 0.0519270 seconds
309.904: [GC [PSYoungGen: 134624K->18928K(134656K)] 326532K->231120K(441344K), 0.0298820 secs] [Times: user=0.24 sys=0.00, real=0.03 secs] 
309.934: Total time for which application threads were stopped: 0.0308540 seconds, Stopping threads took: 0.0008840 seconds
309.987: Application time: 0.0537990 seconds
309.987: [GC [PSYoungGen: 134640K->18928K(134656K)] 346832K->249306K(441344K), 0.0314400 secs] [Times: user=0.23 sys=0.01, real=0.03 secs] 
310.019: Total time for which application threads were stopped: 0.0316140 seconds, Stopping threads took: 0.0000880 seconds
310.062: Application time: 0.0434030 seconds
310.062: [GC [PSYoungGen: 134420K->18912K(134656K)] 364799K->274558K(441344K), 0.0291780 secs] [Times: user=0.22 sys=0.00, real=0.03 secs] 
310.092: Total time for which application threads were stopped: 0.0293460 seconds, Stopping threads took: 0.0000800 seconds
310.133: Application time: 0.0409440 seconds
310.133: [GC [PSYoungGen: 134624K->18912K(134656K)] 390270K->310368K(441344K), 0.0349720 secs] [Times: user=0.28 sys=0.00, real=0.03 secs] 
310.168: [Full GC [PSYoungGen: 18912K->0K(134656K)] [ParOldGen: 291455K->127105K(306688K)] 310368K->127105K(441344K) [PSPermGen: 9157K->9157K(21504K)], 0.1370280 secs] [Times: user=1.01 sys=0.00, real=0.14 secs] 
310.305: Total time for which application threads were stopped: 0.1722250 seconds, Stopping threads took: 0.0000750 seconds
310.346: Application time: 0.0414530 seconds
310.346: [GC [PSYoungGen: 115712K->18935K(134656K)] 242817K->160628K(441344K), 0.0186810 secs] [Times: user=0.15 sys=0.00, real=0.02 secs] 
310.365: Total time for which application threads were stopped: 0.0188600 seconds, Stopping threads took: 0.0000760 seconds
310.423: Application time: 0.0578040 seconds
310.423: [GC [PSYoungGen: 134647K->18928K(134656K)] 276340K->180189K(441344K), 0.0255040 secs] [Times: user=0.20 sys=0.00, real=0.02 secs] 
310.449: Total time for which application threads were stopped: 0.0256910 seconds, Stopping threads took: 0.0000930 seconds
310.507: Application time: 0.0579310 seconds
310.507: [GC [PSYoungGen: 134383K->18912K(134656K)] 295645K->191066K(441344K), 0.0237990 secs] [Times: user=0.18 sys=0.00, real=0.02 secs] 
310.531: Total time for which application threads were stopped: 0.0239700 seconds, Stopping threads took: 0.0000840 seconds
310.583: Application time: 0.0521340 seconds
310.584: [GC [PSYoungGen: 134624K->18912K(134656K)] 306778K->208642K(441344K), 0.0270770 secs] [Times: user=0.21 sys=0.00, real=0.02 secs] 
310.611: Total time for which application threads were stopped: 0.0280300 seconds, Stopping threads took: 0.0008650 seconds
310.661: Application time: 0.0502260 seconds
310.661: [GC [PSYoungGen: 134624K->18928K(134656K)] 324354K->229053K(441344K), 0.0286650 secs] [Times: user=0.23 sys=0.00, real=0.02 secs] 
310.690: Total time for which application threads were stopped: 0.0288360 seconds, Stopping threads took: 0.0000830 seconds
310.743: Application time: 0.0534180 seconds
310.743: [GC [PSYoungGen: 134564K->18928K(134656K)] 344689K->247840K(441344K), 0.0282060 secs] [Times: user=0.22 sys=0.00, real=0.03 secs] 
310.772: Total time for which application threads were stopped: 0.0283710 seconds, Stopping threads took: 0.0000790 seconds
310.814: Application time: 0.0428660 seconds
310.815: [GC [PSYoungGen: 134640K->18912K(134656K)] 363552K->273625K(441344K), 0.0297730 secs] [Times: user=0.23 sys=0.00, real=0.03 secs] 
310.844: Total time for which application threads were stopped: 0.0299780 seconds, Stopping threads took: 0.0001170 seconds
310.884: Application time: 0.0393260 seconds
310.884: [GC [PSYoungGen: 134624K->18928K(134656K)] 389337K->309532K(441344K), 0.0351370 secs] [Times: user=0.26 sys=0.00, real=0.03 secs] 
310.919: [Full GC [PSYoungGen: 18928K->0K(134656K)] [ParOldGen: 290604K->127736K(306688K)] 309532K->127736K(441344K) [PSPermGen: 9157K->9157K(21504K)], 0.1375600 secs] [Times: user=1.02 sys=0.00, real=0.14 secs] 
311.057: Total time for which application threads were stopped: 0.1729470 seconds, Stopping threads took: 0.0000840 seconds
311.098: Application time: 0.0415290 seconds
311.098: [GC [PSYoungGen: 115712K->18913K(134656K)] 243448K->160900K(441344K), 0.0197460 secs] [Times: user=0.14 sys=0.00, real=0.02 secs] 
311.118: Total time for which application threads were stopped: 0.0199430 seconds, Stopping threads took: 0.0001080 seconds
311.175: Application time: 0.0564100 seconds
311.175: [GC [PSYoungGen: 134625K->18928K(134656K)] 276612K->181742K(441344K), 0.0260300 secs] [Times: user=0.20 sys=0.00, real=0.03 secs] 
311.201: Total time for which application threads were stopped: 0.0262160 seconds, Stopping threads took: 0.0001030 seconds
311.261: Application time: 0.0601030 seconds
311.261: [GC [PSYoungGen: 134640K->18928K(134656K)] 297454K->189542K(441344K), 0.0222940 secs] [Times: user=0.17 sys=0.00, real=0.02 secs] 
311.283: Total time for which application threads were stopped: 0.0224620 seconds, Stopping threads took: 0.0000850 seconds
311.334: Application time: 0.0505020 seconds
311.334: [GC [PSYoungGen: 134640K->18912K(134656K)] 305254K->207843K(441344K), 0.0256580 secs] [Times: user=0.20 sys=0.00, real=0.03 secs] 
311.360: Total time for which application threads were stopped: 0.0258230 seconds, Stopping threads took: 0.0000780 seconds
311.409: Application time: 0.0496640 seconds
311.410: [GC [PSYoungGen: 134624K->18912K(134656K)] 323555K->230893K(441344K), 0.0305250 secs] [Times: user=0.24 sys=0.00, real=0.04 secs] 
311.440: Total time for which application threads were stopped: 0.0307120 seconds, Stopping threads took: 0.0000860 seconds
311.495: Application time: 0.0550610 seconds
311.495: [GC [PSYoungGen: 134624K->18928K(134656K)] 346605K->247869K(441344K), 0.0333650 secs] [Times: user=0.25 sys=0.00, real=0.03 secs] 
311.529: Total time for which application threads were stopped: 0.0335360 seconds, Stopping threads took: 0.0000920 seconds
311.572: Application time: 0.0428200 seconds
311.572: [GC [PSYoungGen: 134640K->18912K(134656K)] 363581K->272732K(441344K), 0.0308900 secs] [Times: user=0.25 sys=0.00, real=0.03 secs] 
311.603: Total time for which application threads were stopped: 0.0310580 seconds, Stopping threads took: 0.0000840 seconds
311.642: Application time: 0.0393360 seconds
311.642: [GC [PSYoungGen: 134624K->18912K(134656K)] 388444K->310001K(441344K), 0.0378250 secs] [Times: user=0.30 sys=0.00, real=0.04 secs] 
311.680: [Full GC [PSYoungGen: 18912K->0K(134656K)] [ParOldGen: 291089K->129624K(306688K)] 310001K->129624K(441344K) [PSPermGen: 9157K->9157K(21504K)], 0.1414720 secs] [Times: user=1.05 sys=0.00, real=0.14 secs] 
311.821: Total time for which application threads were stopped: 0.1795380 seconds, Stopping threads took: 0.0000840 seconds
311.863: Application time: 0.0410130 seconds
311.863: [GC [PSYoungGen: 115712K->18928K(134656K)] 245336K->162800K(441344K), 0.0182670 secs] [Times: user=0.15 sys=0.00, real=0.02 secs] 
311.881: Total time for which application threads were stopped: 0.0184450 seconds, Stopping threads took: 0.0000890 seconds
311.937: Application time: 0.0562670 seconds
311.937: [GC [PSYoungGen: 134640K->18912K(134656K)] 278512K->182218K(441344K), 0.0258580 secs] [Times: user=0.20 sys=0.00, real=0.03 secs] 
311.963: Total time for which application threads were stopped: 0.0260450 seconds, Stopping threads took: 0.0000870 seconds
312.025: Application time: 0.0613480 seconds
312.025: [GC [PSYoungGen: 134624K->18912K(134656K)] 297930K->191387K(441344K), 0.0245650 secs] [Times: user=0.19 sys=0.00, real=0.02 secs] 
312.049: Total time for which application threads were stopped: 0.0247480 seconds, Stopping threads took: 0.0000980 seconds
312.105: Application time: 0.0553250 seconds
312.105: [GC [PSYoungGen: 134624K->18912K(134656K)] 307099K->206474K(441344K), 0.0276610 secs] [Times: user=0.20 sys=0.00, real=0.03 secs] 
312.133: Total time for which application threads were stopped: 0.0278420 seconds, Stopping threads took: 0.0000890 seconds
312.180: Application time: 0.0475760 seconds
312.180: [GC [PSYoungGen: 134624K->18912K(134656K)] 322186K->229871K(441344K), 0.0309340 secs] [Times: user=0.24 sys=0.00, real=0.02 secs] 
312.211: Total time for which application threads were stopped: 0.0311120 seconds, Stopping threads took: 0.0000910 seconds
312.268: Application time: 0.0567820 seconds
312.272: [GC [PSYoungGen: 134624K->18928K(134656K)] 345583K->250315K(441344K), 0.0303710 secs] [Times: user=0.24 sys=0.00, real=0.03 secs] 
312.302: Total time for which application threads were stopped: 0.0340320 seconds, Stopping threads took: 0.0035730 seconds
312.347: Application time: 0.0446500 seconds
312.347: [GC [PSYoungGen: 134640K->18912K(134656K)] 366027K->274100K(441344K), 0.0287870 secs] [Times: user=0.22 sys=0.00, real=0.03 secs] 
312.376: Total time for which application threads were stopped: 0.0290390 seconds, Stopping threads took: 0.0001600 seconds
312.417: Application time: 0.0416430 seconds
312.417: [GC [PSYoungGen: 134624K->18928K(134656K)] 389812K->311512K(441344K), 0.0368720 secs] [Times: user=0.29 sys=0.00, real=0.04 secs] 
312.454: [Full GC [PSYoungGen: 18928K->0K(134656K)] [ParOldGen: 292584K->128413K(306688K)] 311512K->128413K(441344K) [PSPermGen: 9157K->9157K(21504K)], 0.1404140 secs] [Times: user=1.04 sys=0.00, real=0.14 secs] 
312.595: Total time for which application threads were stopped: 0.1774990 seconds, Stopping threads took: 0.0000650 seconds
312.635: Application time: 0.0401400 seconds
312.635: [GC [PSYoungGen: 115712K->18922K(134656K)] 244125K->161287K(441344K), 0.0177340 secs] [Times: user=0.14 sys=0.00, real=0.02 secs] 
312.653: Total time for which application threads were stopped: 0.0179140 seconds, Stopping threads took: 0.0000800 seconds
312.708: Application time: 0.0551560 seconds
312.708: [GC [PSYoungGen: 134634K->18912K(134656K)] 276999K->181625K(441344K), 0.0262140 secs] [Times: user=0.21 sys=0.00, real=0.03 secs] 
312.734: Total time for which application threads were stopped: 0.0263600 seconds, Stopping threads took: 0.0000620 seconds
312.794: Application time: 0.0598550 seconds
312.794: [GC [PSYoungGen: 134624K->18912K(134656K)] 297337K->190713K(441344K), 0.0244130 secs] [Times: user=0.19 sys=0.00, real=0.02 secs] 
312.819: Total time for which application threads were stopped: 0.0245920 seconds, Stopping threads took: 0.0000930 seconds
312.875: Application time: 0.0560330 seconds
312.875: [GC [PSYoungGen: 134624K->18928K(134656K)] 306425K->204228K(441344K), 0.0337760 secs] [Times: user=0.25 sys=0.01, real=0.03 secs] 
312.909: Total time for which application threads were stopped: 0.0339730 seconds, Stopping threads took: 0.0001200 seconds
312.955: Application time: 0.0457980 seconds
312.955: [GC [PSYoungGen: 134640K->18928K(134656K)] 319940K->228123K(441344K), 0.0298000 secs] [Times: user=0.23 sys=0.00, real=0.03 secs] 
312.985: Total time for which application threads were stopped: 0.0299590 seconds, Stopping threads took: 0.0000700 seconds
313.041: Application time: 0.0562990 seconds
313.041: [GC [PSYoungGen: 134640K->18912K(134656K)] 343835K->248849K(441344K), 0.0309360 secs] [Times: user=0.23 sys=0.00, real=0.03 secs] 
313.072: Total time for which application threads were stopped: 0.0311000 seconds, Stopping threads took: 0.0000800 seconds
313.117: Application time: 0.0449740 seconds
313.120: [GC [PSYoungGen: 134624K->18912K(134656K)] 364561K->274025K(441344K), 0.0292350 secs] [Times: user=0.23 sys=0.00, real=0.02 secs] 
313.149: Total time for which application threads were stopped: 0.0318130 seconds, Stopping threads took: 0.0024890 seconds
313.190: Application time: 0.0406920 seconds
313.190: [GC [PSYoungGen: 134624K->18928K(134656K)] 389737K->308907K(441344K), 0.0342940 secs] [Times: user=0.27 sys=0.00, real=0.04 secs] 
313.224: [Full GC [PSYoungGen: 18928K->0K(134656K)] [ParOldGen: 289979K->125125K(306688K)] 308907K->125125K(441344K) [PSPermGen: 9157K->9157K(21504K)], 0.1361340 secs] [Times: user=1.01 sys=0.00, real=0.14 secs] 
313.360: Total time for which application threads were stopped: 0.1706770 seconds, Stopping threads took: 0.0000830 seconds
313.398: Application time: 0.0380120 seconds
313.398: [GC [PSYoungGen: 115712K->18921K(134656K)] 240837K->158203K(441344K), 0.0174620 secs] [Times: user=0.13 sys=0.00, real=0.02 secs] 
313.416: Total time for which application threads were stopped: 0.0176610 seconds, Stopping threads took: 0.0001110 seconds
313.471: Application time: 0.0554310 seconds
313.471: [GC [PSYoungGen: 134633K->18918K(134656K)] 273915K->181817K(441344K), 0.0274340 secs] [Times: user=0.21 sys=0.00, real=0.03 secs] 
313.499: Total time for which application threads were stopped: 0.0276080 seconds, Stopping threads took: 0.0000860 seconds
313.560: Application time: 0.0613240 seconds
313.560: [GC [PSYoungGen: 134630K->18918K(134656K)] 297529K->190942K(441344K), 0.0244270 secs] [Times: user=0.19 sys=0.00, real=0.02 secs] 
313.585: Total time for which application threads were stopped: 0.0245890 seconds, Stopping threads took: 0.0000790 seconds
313.638: Application time: 0.0535640 seconds
313.639: [GC [PSYoungGen: 134630K->18928K(134656K)] 306654K->206840K(441344K), 0.0265730 secs] [Times: user=0.21 sys=0.00, real=0.03 secs] 
313.665: Total time for which application threads were stopped: 0.0267500 seconds, Stopping threads took: 0.0000860 seconds
313.712: Application time: 0.0470100 seconds
313.712: [GC [PSYoungGen: 134640K->18912K(134656K)] 322552K->230509K(441344K), 0.0306710 secs] [Times: user=0.24 sys=0.00, real=0.03 secs] 
313.743: Total time for which application threads were stopped: 0.0308670 seconds, Stopping threads took: 0.0000940 seconds
313.803: Application time: 0.0596040 seconds
313.804: [GC [PSYoungGen: 134624K->18912K(134656K)] 346221K->245937K(441344K), 0.0285450 secs] [Times: user=0.23 sys=0.00, real=0.03 secs] 
313.832: Total time for which application threads were stopped: 0.0295140 seconds, Stopping threads took: 0.0008770 seconds
313.875: Application time: 0.0427710 seconds
313.880: [GC [PSYoungGen: 134570K->18912K(134656K)] 361595K->273269K(441344K), 0.0296470 secs] [Times: user=0.24 sys=0.00, real=0.02 secs] 
313.909: Total time for which application threads were stopped: 0.0343650 seconds, Stopping threads took: 0.0046210 seconds
313.949: Application time: 0.0398160 seconds
313.952: [GC [PSYoungGen: 134624K->18912K(134656K)] 388981K->305138K(441344K), 0.0332690 secs] [Times: user=0.26 sys=0.00, real=0.03 secs] 
313.985: [Full GC [PSYoungGen: 18912K->0K(134656K)] [ParOldGen: 286225K->132259K(306688K)] 305138K->132259K(441344K) [PSPermGen: 9157K->9157K(21504K)], 0.1494420 secs] [Times: user=1.10 sys=0.01, real=0.15 secs] 
314.134: Total time for which application threads were stopped: 0.1852560 seconds, Stopping threads took: 0.0024070 seconds
314.177: Application time: 0.0421340 seconds
314.177: [GC [PSYoungGen: 115712K->18923K(134656K)] 247971K->168167K(441344K), 0.0205310 secs] [Times: user=0.16 sys=0.00, real=0.02 secs] 
314.197: Total time for which application threads were stopped: 0.0206840 seconds, Stopping threads took: 0.0000680 seconds
314.248: Application time: 0.0505430 seconds
314.248: [GC [PSYoungGen: 134635K->18928K(134656K)] 283879K->191323K(441344K), 0.0257660 secs] [Times: user=0.20 sys=0.00, real=0.03 secs] 
314.274: Total time for which application threads were stopped: 0.0259510 seconds, Stopping threads took: 0.0000900 seconds
314.334: Application time: 0.0605340 seconds
314.334: [GC [PSYoungGen: 134640K->18928K(134656K)] 307035K->200335K(441344K), 0.0215570 secs] [Times: user=0.17 sys=0.00, real=0.02 secs] 
314.356: Total time for which application threads were stopped: 0.0217150 seconds, Stopping threads took: 0.0000770 seconds
314.409: Application time: 0.0529200 seconds
314.409: [GC [PSYoungGen: 134640K->18928K(134656K)] 316047K->216643K(441344K), 0.0290340 secs] [Times: user=0.20 sys=0.00, real=0.03 secs] 
314.438: Total time for which application threads were stopped: 0.0291830 seconds, Stopping threads took: 0.0000650 seconds
314.484: Application time: 0.0460550 seconds
314.484: [GC [PSYoungGen: 134640K->18912K(134656K)] 332355K->239923K(441344K), 0.0292080 secs] [Times: user=0.23 sys=0.00, real=0.03 secs] 
314.514: Total time for which application threads were stopped: 0.0293580 seconds, Stopping threads took: 0.0000630 seconds
314.572: Application time: 0.0586190 seconds
314.576: [GC [PSYoungGen: 134624K->18928K(134656K)] 355635K->256423K(441344K), 0.0296530 secs] [Times: user=0.24 sys=0.00, real=0.03 secs] 
314.605: Total time for which application threads were stopped: 0.0331200 seconds, Stopping threads took: 0.0033860 seconds
314.647: Application time: 0.0422120 seconds
314.648: [GC [PSYoungGen: 134640K->18928K(134656K)] 372135K->283083K(441344K), 0.0306700 secs] [Times: user=0.24 sys=0.00, real=0.03 secs] 
314.678: Total time for which application threads were stopped: 0.0308570 seconds, Stopping threads took: 0.0000980 seconds
314.718: Application time: 0.0397220 seconds
314.718: [GC [PSYoungGen: 134640K->18912K(134656K)] 398795K->315132K(441344K), 0.0350180 secs] [Times: user=0.27 sys=0.00, real=0.04 secs] 
314.753: [Full GC [PSYoungGen: 18912K->0K(134656K)] [ParOldGen: 296220K->133964K(306688K)] 315132K->133964K(441344K) [PSPermGen: 9157K->9157K(21504K)], 0.1484250 secs] [Times: user=1.10 sys=0.00, real=0.15 secs] 
314.902: Total time for which application threads were stopped: 0.1836820 seconds, Stopping threads took: 0.0000900 seconds
314.946: Application time: 0.0437860 seconds
314.946: [GC [PSYoungGen: 115712K->18933K(134656K)] 249676K->169435K(441344K), 0.0207470 secs] [Times: user=0.16 sys=0.00, real=0.02 secs] 
314.967: Total time for which application threads were stopped: 0.0209710 seconds, Stopping threads took: 0.0001180 seconds
315.017: Application time: 0.0507050 seconds
315.017: [GC [PSYoungGen: 134645K->18912K(134656K)] 285147K->192335K(441344K), 0.0266180 secs] [Times: user=0.21 sys=0.00, real=0.03 secs] 
315.044: Total time for which application threads were stopped: 0.0267910 seconds, Stopping threads took: 0.0000860 seconds
315.106: Application time: 0.0620250 seconds
315.106: [GC [PSYoungGen: 134624K->18912K(134656K)] 308047K->202808K(441344K), 0.0255150 secs] [Times: user=0.19 sys=0.00, real=0.03 secs] 
315.132: Total time for which application threads were stopped: 0.0257100 seconds, Stopping threads took: 0.0001040 seconds
315.186: Application time: 0.0546710 seconds
315.188: [GC [PSYoungGen: 134624K->18928K(134656K)] 318520K->216568K(441344K), 0.0242960 secs] [Times: user=0.19 sys=0.00, real=0.03 secs] 
315.212: Total time for which application threads were stopped: 0.0254990 seconds, Stopping threads took: 0.0011170 seconds
315.257: Application time: 0.0454150 seconds
315.257: [GC [PSYoungGen: 134640K->18928K(134656K)] 332280K->240058K(441344K), 0.0290100 secs] [Times: user=0.23 sys=0.00, real=0.03 secs] 
315.287: Total time for which application threads were stopped: 0.0291750 seconds, Stopping threads took: 0.0000770 seconds
315.347: Application time: 0.0600000 seconds
315.347: [GC [PSYoungGen: 134640K->18928K(134656K)] 355770K->257166K(441344K), 0.0313320 secs] [Times: user=0.24 sys=0.00, real=0.03 secs] 
315.378: Total time for which application threads were stopped: 0.0314970 seconds, Stopping threads took: 0.0000820 seconds
315.419: Application time: 0.0409090 seconds
315.419: [GC [PSYoungGen: 134640K->18912K(134656K)] 372878K->284447K(441344K), 0.0307210 secs] [Times: user=0.24 sys=0.00, real=0.03 secs] 
315.450: Total time for which application threads were stopped: 0.0309160 seconds, Stopping threads took: 0.0001070 seconds
315.489: Application time: 0.0388790 seconds
315.489: [GC [PSYoungGen: 134624K->18912K(134656K)] 400159K->315755K(441344K), 0.0346380 secs] [Times: user=0.26 sys=0.01, real=0.04 secs] 
315.524: [Full GC [PSYoungGen: 18912K->0K(134656K)] [ParOldGen: 296843K->133618K(306688K)] 315755K->133618K(441344K) [PSPermGen: 9157K->9157K(21504K)], 0.1480860 secs] [Times: user=1.11 sys=0.00, real=0.15 secs] 
315.672: Total time for which application threads were stopped: 0.1829590 seconds, Stopping threads took: 0.0000600 seconds
315.717: Application time: 0.0450020 seconds
315.717: [GC [PSYoungGen: 115712K->18912K(134656K)] 249330K->170633K(441344K), 0.0223890 secs] [Times: user=0.17 sys=0.00, real=0.02 secs] 
315.739: Total time for which application threads were stopped: 0.0226160 seconds, Stopping threads took: 0.0001350 seconds
315.790: Application time: 0.0509640 seconds
315.790: [GC [PSYoungGen: 134624K->18928K(134656K)] 286345K->193073K(441344K), 0.0260420 secs] [Times: user=0.21 sys=0.00, real=0.03 secs] 
315.816: Total time for which application threads were stopped: 0.0261920 seconds, Stopping threads took: 0.0000650 seconds
315.878: Application time: 0.0613660 seconds
315.878: [GC [PSYoungGen: 134640K->18928K(134656K)] 308785K->203817K(441344K), 0.0239230 secs] [Times: user=0.19 sys=0.00, real=0.03 secs] 
315.902: Total time for which application threads were stopped: 0.0241130 seconds, Stopping threads took: 0.0001070 seconds
315.959: Application time: 0.0571380 seconds
315.959: [GC [PSYoungGen: 134640K->18912K(134656K)] 319529K->217650K(441344K), 0.0247800 secs] [Times: user=0.20 sys=0.00, real=0.03 secs] 
315.984: Total time for which application threads were stopped: 0.0249700 seconds, Stopping threads took: 0.0001000 seconds
316.029: Application time: 0.0452710 seconds
316.029: [GC [PSYoungGen: 134624K->18928K(134656K)] 333362K->241183K(441344K), 0.0295430 secs] [Times: user=0.22 sys=0.00, real=0.03 secs] 
316.059: Total time for which application threads were stopped: 0.0297160 seconds, Stopping threads took: 0.0000720 seconds
316.118: Application time: 0.0585260 seconds
316.118: [GC [PSYoungGen: 134640K->18912K(134656K)] 356895K->259922K(441344K), 0.0310010 secs] [Times: user=0.25 sys=0.00, real=0.03 secs] 
316.149: Total time for which application threads were stopped: 0.0311760 seconds, Stopping threads took: 0.0000910 seconds
316.193: Application time: 0.0438990 seconds
316.196: [GC [PSYoungGen: 134624K->18928K(134656K)] 375634K->283390K(441344K), 0.0300630 secs] [Times: user=0.24 sys=0.00, real=0.03 secs] 
316.226: Total time for which application threads were stopped: 0.0330300 seconds, Stopping threads took: 0.0028780 seconds
316.264: Application time: 0.0382440 seconds
316.264: [GC [PSYoungGen: 134640K->18912K(134656K)] 399102K->316736K(441344K), 0.0359760 secs] [Times: user=0.27 sys=0.00, real=0.04 secs] 
316.300: [Full GC [PSYoungGen: 18912K->0K(134656K)] [ParOldGen: 297824K->134175K(306688K)] 316736K->134175K(441344K) [PSPermGen: 9157K->9157K(21504K)], 0.1480650 secs] [Times: user=1.10 sys=0.00, real=0.14 secs] 
316.448: Total time for which application threads were stopped: 0.1842710 seconds, Stopping threads took: 0.0000840 seconds
316.495: Application time: 0.0462920 seconds
316.495: [GC [PSYoungGen: 115712K->18912K(134656K)] 249887K->169053K(441344K), 0.0214410 secs] [Times: user=0.17 sys=0.00, real=0.02 secs] 
316.516: Total time for which application threads were stopped: 0.0216120 seconds, Stopping threads took: 0.0000830 seconds
316.563: Application time: 0.0471910 seconds
316.563: [GC [PSYoungGen: 134624K->18912K(134656K)] 284765K->191149K(441344K), 0.0256600 secs] [Times: user=0.20 sys=0.00, real=0.02 secs] 
316.589: Total time for which application threads were stopped: 0.0258230 seconds, Stopping threads took: 0.0000650 seconds
316.650: Application time: 0.0612550 seconds
316.651: [GC [PSYoungGen: 134624K->18912K(134656K)] 306861K->204929K(441344K), 0.0261290 secs] [Times: user=0.20 sys=0.00, real=0.03 secs] 
316.677: Total time for which application threads were stopped: 0.0263120 seconds, Stopping threads took: 0.0000990 seconds
316.733: Application time: 0.0563520 seconds
316.733: [GC [PSYoungGen: 134464K->18928K(134656K)] 320481K->217922K(441344K), 0.0258200 secs] [Times: user=0.20 sys=0.00, real=0.02 secs] 
316.759: Total time for which application threads were stopped: 0.0260010 seconds, Stopping threads took: 0.0000940 seconds
316.805: Application time: 0.0455410 seconds
316.805: [GC [PSYoungGen: 134640K->18912K(134656K)] 333634K->241008K(441344K), 0.0303820 secs] [Times: user=0.24 sys=0.00, real=0.03 secs] 
316.835: Total time for which application threads were stopped: 0.0305650 seconds, Stopping threads took: 0.0000960 seconds
316.894: Application time: 0.0584250 seconds
316.894: [GC [PSYoungGen: 134624K->18928K(134656K)] 356720K->259648K(441344K), 0.0324370 secs] [Times: user=0.26 sys=0.00, real=0.03 secs] 
316.926: Total time for which application threads were stopped: 0.0326150 seconds, Stopping threads took: 0.0000950 seconds
316.967: Application time: 0.0403630 seconds
316.968: [GC [PSYoungGen: 134640K->18912K(134656K)] 375360K->285766K(441344K), 0.0315570 secs] [Times: user=0.24 sys=0.00, real=0.03 secs] 
316.999: Total time for which application threads were stopped: 0.0325850 seconds, Stopping threads took: 0.0009390 seconds
317.036: Application time: 0.0368420 seconds
317.036: [GC [PSYoungGen: 134624K->18928K(134656K)] 401478K->316438K(441344K), 0.0346810 secs] [Times: user=0.27 sys=0.00, real=0.03 secs] 
317.071: [Full GC [PSYoungGen: 18928K->0K(134656K)] [ParOldGen: 297510K->136659K(306688K)] 316438K->136659K(441344K) [PSPermGen: 9157K->9157K(21504K)], 0.1537230 secs] [Times: user=1.14 sys=0.00, real=0.16 secs] 
317.225: Total time for which application threads were stopped: 0.1886370 seconds, Stopping threads took: 0.0000860 seconds
317.277: Application time: 0.0520780 seconds
317.277: [GC [PSYoungGen: 115574K->18928K(134656K)] 252233K->168669K(441344K), 0.0214200 secs] [Times: user=0.17 sys=0.00, real=0.02 secs] 
317.298: Total time for which application threads were stopped: 0.0215900 seconds, Stopping threads took: 0.0000710 seconds
317.343: Application time: 0.0451150 seconds
317.344: [GC [PSYoungGen: 134640K->18912K(134656K)] 284381K->191359K(441344K), 0.0251630 secs] [Times: user=0.19 sys=0.00, real=0.02 secs] 
317.369: Total time for which application threads were stopped: 0.0253870 seconds, Stopping threads took: 0.0001370 seconds
317.429: Application time: 0.0603870 seconds
317.429: [GC [PSYoungGen: 134624K->18912K(134656K)] 307071K->208747K(441344K), 0.0304100 secs] [Times: user=0.23 sys=0.00, real=0.04 secs] 
317.460: Total time for which application threads were stopped: 0.0305780 seconds, Stopping threads took: 0.0000870 seconds
317.515: Application time: 0.0552540 seconds
317.515: [GC [PSYoungGen: 134624K->18928K(134656K)] 324459K->220556K(441344K), 0.0246790 secs] [Times: user=0.19 sys=0.00, real=0.03 secs] 
317.540: Total time for which application threads were stopped: 0.0248560 seconds, Stopping threads took: 0.0000920 seconds
317.586: Application time: 0.0460950 seconds
317.586: [GC [PSYoungGen: 134640K->18912K(134656K)] 336268K->244249K(441344K), 0.0301280 secs] [Times: user=0.24 sys=0.00, real=0.03 secs] 
317.616: Total time for which application threads were stopped: 0.0303080 seconds, Stopping threads took: 0.0000930 seconds
317.675: Application time: 0.0585740 seconds
317.676: [GC [PSYoungGen: 134624K->18928K(134656K)] 359961K->263013K(441344K), 0.0328250 secs] [Times: user=0.26 sys=0.00, real=0.03 secs] 
317.708: Total time for which application threads were stopped: 0.0335460 seconds, Stopping threads took: 0.0006370 seconds
317.751: Application time: 0.0421240 seconds
317.751: [GC [PSYoungGen: 134640K->18912K(134656K)] 378725K->288825K(441344K), 0.0318450 secs] [Times: user=0.25 sys=0.00, real=0.04 secs] 
317.783: Total time for which application threads were stopped: 0.0320450 seconds, Stopping threads took: 0.0001120 seconds
317.821: Application time: 0.0379680 seconds
317.821: [GC [PSYoungGen: 134624K->18912K(134656K)] 404537K->321605K(441344K), 0.0363820 secs] [Times: user=0.29 sys=0.00, real=0.03 secs] 
317.857: [Full GC [PSYoungGen: 18912K->0K(134656K)] [ParOldGen: 302693K->139346K(306688K)] 321605K->139346K(441344K) [PSPermGen: 9157K->9157K(21504K)], 0.1571010 secs] [Times: user=1.17 sys=0.00, real=0.16 secs] 
318.014: Total time for which application threads were stopped: 0.1937490 seconds, Stopping threads took: 0.0001020 seconds
318.069: Application time: 0.0544680 seconds
318.069: [GC [PSYoungGen: 115712K->18912K(134656K)] 255058K->166335K(441344K), 0.0193740 secs] [Times: user=0.15 sys=0.00, real=0.02 secs] 
318.088: Total time for which application threads were stopped: 0.0195240 seconds, Stopping threads took: 0.0000660 seconds
318.133: Application time: 0.0448290 seconds
318.136: [GC [PSYoungGen: 134624K->18928K(134656K)] 282047K->188493K(441344K), 0.0246710 secs] [Times: user=0.19 sys=0.00, real=0.03 secs] 
318.160: Total time for which application threads were stopped: 0.0272110 seconds, Stopping threads took: 0.0024260 seconds
318.217: Application time: 0.0568950 seconds
318.217: [GC [PSYoungGen: 134640K->18928K(134656K)] 304205K->209301K(441344K), 0.0293800 secs] [Times: user=0.22 sys=0.00, real=0.03 secs] 
318.247: Total time for which application threads were stopped: 0.0295780 seconds, Stopping threads took: 0.0001110 seconds
318.302: Application time: 0.0552830 seconds
318.302: [GC [PSYoungGen: 134640K->18912K(134656K)] 325013K->221786K(441344K), 0.0246330 secs] [Times: user=0.20 sys=0.00, real=0.02 secs] 
318.327: Total time for which application threads were stopped: 0.0248280 seconds, Stopping threads took: 0.0001080 seconds
318.374: Application time: 0.0473580 seconds
318.375: [GC [PSYoungGen: 134624K->18912K(134656K)] 337498K->245241K(441344K), 0.0299390 secs] [Times: user=0.23 sys=0.00, real=0.03 secs] 
318.405: Total time for which application threads were stopped: 0.0301410 seconds, Stopping threads took: 0.0001020 seconds
318.459: Application time: 0.0542600 seconds
318.459: [GC [PSYoungGen: 134624K->18928K(134656K)] 360953K->265955K(441344K), 0.0318960 secs] [Times: user=0.25 sys=0.00, real=0.03 secs] 
318.491: Total time for which application threads were stopped: 0.0320610 seconds, Stopping threads took: 0.0000760 seconds
318.532: Application time: 0.0416560 seconds
318.533: [GC [PSYoungGen: 134640K->18928K(134656K)] 381667K->290972K(441344K), 0.0306840 secs] [Times: user=0.24 sys=0.00, real=0.03 secs] 
318.563: Total time for which application threads were stopped: 0.0308650 seconds, Stopping threads took: 0.0000900 seconds
318.603: Application time: 0.0393590 seconds
318.603: [GC [PSYoungGen: 134640K->18912K(134656K)] 406684K->323798K(441344K), 0.0360030 secs] [Times: user=0.28 sys=0.00, real=0.03 secs] 
318.639: [Full GC [PSYoungGen: 18912K->0K(134656K)] [ParOldGen: 304885K->141805K(306688K)] 323798K->141805K(441344K) [PSPermGen: 9157K->9157K(21504K)], 0.1648540 secs] [Times: user=1.23 sys=0.00, real=0.17 secs] 
318.804: Total time for which application threads were stopped: 0.2011110 seconds, Stopping threads took: 0.0000990 seconds
318.857: Application time: 0.0536640 seconds
318.860: [GC [PSYoungGen: 115712K->18912K(134656K)] 257517K->167691K(441344K), 0.0187060 secs] [Times: user=0.14 sys=0.00, real=0.01 secs] 
318.878: Total time for which application threads were stopped: 0.0208600 seconds, Stopping threads took: 0.0020690 seconds
318.924: Application time: 0.0459330 seconds
318.924: [GC [PSYoungGen: 134624K->18912K(134656K)] 283403K->189175K(441344K), 0.0320290 secs] [Times: user=0.24 sys=0.00, real=0.03 secs] 
318.957: Total time for which application threads were stopped: 0.0322310 seconds, Stopping threads took: 0.0001130 seconds
319.013: Application time: 0.0561180 seconds
319.013: [GC [PSYoungGen: 134624K->18928K(134656K)] 304887K->209633K(441344K), 0.0278430 secs] [Times: user=0.22 sys=0.00, real=0.03 secs] 
319.041: Total time for which application threads were stopped: 0.0279760 seconds, Stopping threads took: 0.0000510 seconds
319.098: Application time: 0.0571540 seconds
319.098: [GC [PSYoungGen: 134640K->18912K(134656K)] 325345K->221756K(441344K), 0.0260220 secs] [Times: user=0.20 sys=0.00, real=0.03 secs] 
319.124: Total time for which application threads were stopped: 0.0261890 seconds, Stopping threads took: 0.0000810 seconds
319.173: Application time: 0.0493460 seconds
319.173: [GC [PSYoungGen: 134624K->18928K(134656K)] 337468K->244360K(441344K), 0.0304180 secs] [Times: user=0.24 sys=0.00, real=0.03 secs] 
319.204: Total time for which application threads were stopped: 0.0306010 seconds, Stopping threads took: 0.0000920 seconds
319.261: Application time: 0.0570260 seconds
319.261: [GC [PSYoungGen: 134640K->18928K(134656K)] 360072K->264200K(441344K), 0.0318430 secs] [Times: user=0.25 sys=0.00, real=0.03 secs] 
319.293: Total time for which application threads were stopped: 0.0319960 seconds, Stopping threads took: 0.0000690 seconds
319.336: Application time: 0.0428430 seconds
319.336: [GC [PSYoungGen: 134640K->18928K(134656K)] 379912K->289002K(441344K), 0.0304100 secs] [Times: user=0.24 sys=0.00, real=0.03 secs] 
319.366: Total time for which application threads were stopped: 0.0305590 seconds, Stopping threads took: 0.0000620 seconds
319.404: Application time: 0.0381370 seconds
319.405: [GC [PSYoungGen: 134640K->18912K(134656K)] 404714K->321009K(441344K), 0.0354110 secs] [Times: user=0.27 sys=0.00, real=0.04 secs] 
319.440: [Full GC [PSYoungGen: 18912K->0K(134656K)] [ParOldGen: 302097K->138233K(306688K)] 321009K->138233K(441344K) [PSPermGen: 9157K->9157K(21504K)], 0.1555860 secs] [Times: user=1.16 sys=0.00, real=0.15 secs] 
319.596: Total time for which application threads were stopped: 0.1912050 seconds, Stopping threads took: 0.0000640 seconds
319.649: Application time: 0.0530110 seconds
319.652: [GC [PSYoungGen: 115712K->18912K(134656K)] 253945K->166783K(441344K), 0.0201170 secs] [Times: user=0.16 sys=0.00, real=0.02 secs] 
319.672: Total time for which application threads were stopped: 0.0230610 seconds, Stopping threads took: 0.0028460 seconds
319.718: Application time: 0.0458980 seconds
319.718: [GC [PSYoungGen: 134624K->18912K(134656K)] 282495K->188302K(441344K), 0.0244370 secs] [Times: user=0.19 sys=0.00, real=0.03 secs] 
319.742: Total time for which application threads were stopped: 0.0246450 seconds, Stopping threads took: 0.0001180 seconds
319.798: Application time: 0.0558760 seconds
319.798: [GC [PSYoungGen: 134624K->18928K(134656K)] 304014K->209546K(441344K), 0.0287070 secs] [Times: user=0.23 sys=0.00, real=0.03 secs] 
319.827: Total time for which application threads were stopped: 0.0288830 seconds, Stopping threads took: 0.0000900 seconds
319.885: Application time: 0.0574870 seconds
319.885: [GC [PSYoungGen: 134640K->18912K(134656K)] 325258K->218995K(441344K), 0.0233930 secs] [Times: user=0.18 sys=0.00, real=0.02 secs] 
319.908: Total time for which application threads were stopped: 0.0235830 seconds, Stopping threads took: 0.0001000 seconds
319.953: Application time: 0.0448980 seconds
319.953: [GC [PSYoungGen: 134624K->18912K(134656K)] 334707K->243097K(441344K), 0.0297960 secs] [Times: user=0.23 sys=0.00, real=0.03 secs] 
319.983: Total time for which application threads were stopped: 0.0299510 seconds, Stopping threads took: 0.0000640 seconds
320.038: Application time: 0.0551010 seconds
320.040: [GC [PSYoungGen: 134624K->18928K(134656K)] 358809K->263862K(441344K), 0.0325090 secs] [Times: user=0.25 sys=0.00, real=0.03 secs] 
320.072: Total time for which application threads were stopped: 0.0340670 seconds, Stopping threads took: 0.0014740 seconds
320.118: Application time: 0.0455460 seconds
320.118: [GC [PSYoungGen: 134640K->18928K(134656K)] 379574K->286948K(441344K), 0.0302130 secs] [Times: user=0.24 sys=0.00, real=0.03 secs] 
320.148: Total time for which application threads were stopped: 0.0303750 seconds, Stopping threads took: 0.0000770 seconds
320.189: Application time: 0.0406870 seconds
320.189: [GC [PSYoungGen: 134640K->18928K(134656K)] 402660K->319566K(441344K), 0.0360680 secs] [Times: user=0.29 sys=0.00, real=0.04 secs] 
320.225: [Full GC [PSYoungGen: 18928K->0K(134656K)] [ParOldGen: 300637K->135522K(306688K)] 319566K->135522K(441344K) [PSPermGen: 9157K->9157K(21504K)], 0.1553620 secs] [Times: user=1.15 sys=0.00, real=0.16 secs] 
320.380: Total time for which application threads were stopped: 0.1916800 seconds, Stopping threads took: 0.0000880 seconds
320.427: Application time: 0.0466320 seconds
320.427: [GC [PSYoungGen: 115712K->18928K(134656K)] 251234K->163446K(441344K), 0.0171980 secs] [Times: user=0.14 sys=0.00, real=0.02 secs] 
320.444: Total time for which application threads were stopped: 0.0173790 seconds, Stopping threads took: 0.0000980 seconds
320.491: Application time: 0.0461460 seconds
320.491: [GC [PSYoungGen: 134640K->18912K(134656K)] 279158K->187369K(441344K), 0.0244780 secs] [Times: user=0.19 sys=0.00, real=0.03 secs] 
320.515: Total time for which application threads were stopped: 0.0246600 seconds, Stopping threads took: 0.0000930 seconds
320.571: Application time: 0.0552670 seconds
320.571: [GC [PSYoungGen: 134624K->18912K(134656K)] 303081K->207438K(441344K), 0.0306190 secs] [Times: user=0.23 sys=0.00, real=0.04 secs] 
320.601: Total time for which application threads were stopped: 0.0307740 seconds, Stopping threads took: 0.0000810 seconds
320.659: Application time: 0.0572190 seconds
320.659: [GC [PSYoungGen: 134624K->18928K(134656K)] 323150K->217713K(441344K), 0.0242710 secs] [Times: user=0.19 sys=0.00, real=0.03 secs] 
320.683: Total time for which application threads were stopped: 0.0244620 seconds, Stopping threads took: 0.0001050 seconds
320.727: Application time: 0.0435660 seconds
320.728: [GC [PSYoungGen: 134619K->18912K(134656K)] 333404K->241593K(441344K), 0.0300710 secs] [Times: user=0.23 sys=0.00, real=0.03 secs] 
320.758: Total time for which application threads were stopped: 0.0311430 seconds, Stopping threads took: 0.0009650 seconds
320.813: Application time: 0.0551800 seconds
320.813: [GC [PSYoungGen: 134624K->18912K(134656K)] 357305K->261965K(441344K), 0.0329270 secs] [Times: user=0.24 sys=0.00, real=0.03 secs] 
320.846: Total time for which application threads were stopped: 0.0330790 seconds, Stopping threads took: 0.0000710 seconds
320.892: Application time: 0.0459180 seconds
320.892: [GC [PSYoungGen: 134624K->18928K(134656K)] 377677K->284673K(441344K), 0.0305400 secs] [Times: user=0.24 sys=0.00, real=0.03 secs] 
320.923: Total time for which application threads were stopped: 0.0307100 seconds, Stopping threads took: 0.0000800 seconds
320.964: Application time: 0.0414450 seconds
320.964: [GC [PSYoungGen: 134640K->18912K(134656K)] 400385K->315819K(441344K), 0.0354560 secs] [Times: user=0.28 sys=0.00, real=0.04 secs] 
321.000: [Full GC [PSYoungGen: 18912K->0K(134656K)] [ParOldGen: 296907K->132001K(306688K)] 315819K->132001K(441344K) [PSPermGen: 9157K->9157K(21504K)], 0.1526020 secs] [Times: user=1.13 sys=0.01, real=0.15 secs] 
321.152: Total time for which application threads were stopped: 0.1883170 seconds, Stopping threads took: 0.0000930 seconds
321.198: Application time: 0.0457560 seconds
321.198: [GC [PSYoungGen: 115712K->18912K(134656K)] 247713K->162023K(441344K), 0.0182250 secs] [Times: user=0.14 sys=0.00, real=0.02 secs] 
321.217: Total time for which application threads were stopped: 0.0184110 seconds, Stopping threads took: 0.0001010 seconds
321.263: Application time: 0.0464210 seconds
321.263: [GC [PSYoungGen: 134624K->18928K(134656K)] 277735K->185872K(441344K), 0.0251680 secs] [Times: user=0.20 sys=0.00, real=0.02 secs] 
321.288: Total time for which application threads were stopped: 0.0253680 seconds, Stopping threads took: 0.0000990 seconds
321.344: Application time: 0.0560700 seconds
321.345: [GC [PSYoungGen: 134640K->18912K(134656K)] 301584K->206249K(441344K), 0.0285710 secs] [Times: user=0.22 sys=0.00, real=0.03 secs] 
321.373: Total time for which application threads were stopped: 0.0287320 seconds, Stopping threads took: 0.0000760 seconds
321.434: Application time: 0.0607800 seconds
321.434: [GC [PSYoungGen: 134624K->18928K(134656K)] 321961K->214225K(441344K), 0.0270500 secs] [Times: user=0.19 sys=0.00, real=0.03 secs] 
321.461: Total time for which application threads were stopped: 0.0272220 seconds, Stopping threads took: 0.0000900 seconds
321.507: Application time: 0.0460130 seconds
321.507: [GC [PSYoungGen: 134640K->18928K(134656K)] 329937K->238430K(441344K), 0.0280280 secs] [Times: user=0.22 sys=0.00, real=0.03 secs] 
321.535: Total time for which application threads were stopped: 0.0282270 seconds, Stopping threads took: 0.0001110 seconds
321.589: Application time: 0.0540370 seconds
321.590: [GC [PSYoungGen: 134640K->18928K(134656K)] 354142K->260495K(441344K), 0.0317840 secs] [Times: user=0.25 sys=0.00, real=0.04 secs] 
321.621: Total time for which application threads were stopped: 0.0319660 seconds, Stopping threads took: 0.0000960 seconds
321.671: Application time: 0.0494370 seconds
321.671: [GC [PSYoungGen: 134640K->18928K(134656K)] 376207K->278871K(441344K), 0.0271100 secs] [Times: user=0.21 sys=0.00, real=0.03 secs] 
321.698: Total time for which application threads were stopped: 0.0272740 seconds, Stopping threads took: 0.0000760 seconds
321.736: Application time: 0.0380820 seconds
321.736: [GC [PSYoungGen: 134640K->18928K(134656K)] 394583K->309836K(441344K), 0.0316590 secs] [Times: user=0.25 sys=0.01, real=0.03 secs] 
321.768: [Full GC [PSYoungGen: 18928K->0K(134656K)] [ParOldGen: 290908K->126915K(306688K)] 309836K->126915K(441344K) [PSPermGen: 9157K->9157K(21504K)], 0.1392470 secs] [Times: user=1.03 sys=0.00, real=0.14 secs] 
321.907: Total time for which application threads were stopped: 0.1711460 seconds, Stopping threads took: 0.0000910 seconds
321.952: Application time: 0.0442330 seconds
321.952: [GC [PSYoungGen: 115712K->18912K(134656K)] 242627K->161904K(441344K), 0.0283240 secs] [Times: user=0.21 sys=0.00, real=0.03 secs] 
321.980: Total time for which application threads were stopped: 0.0284820 seconds, Stopping threads took: 0.0000690 seconds
322.027: Application time: 0.0473320 seconds
322.028: [GC [PSYoungGen: 134624K->18912K(134656K)] 277616K->187241K(441344K), 0.0264400 secs] [Times: user=0.21 sys=0.00, real=0.03 secs] 
322.054: Total time for which application threads were stopped: 0.0266380 seconds, Stopping threads took: 0.0001090 seconds
322.113: Application time: 0.0587800 seconds
322.114: [GC [PSYoungGen: 134624K->18928K(134656K)] 302953K->204918K(441344K), 0.0273540 secs] [Times: user=0.22 sys=0.00, real=0.03 secs] 
322.141: Total time for which application threads were stopped: 0.0283550 seconds, Stopping threads took: 0.0009190 seconds
322.201: Application time: 0.0595220 seconds
322.204: [GC [PSYoungGen: 134530K->18928K(134656K)] 320520K->214786K(441344K), 0.0233100 secs] [Times: user=0.18 sys=0.00, real=0.02 secs] 
322.227: Total time for which application threads were stopped: 0.0262250 seconds, Stopping threads took: 0.0028320 seconds
322.274: Application time: 0.0467290 seconds
322.274: [GC [PSYoungGen: 134640K->18912K(134656K)] 330498K->236781K(441344K), 0.0277950 secs] [Times: user=0.22 sys=0.00, real=0.03 secs] 
322.302: Total time for which application threads were stopped: 0.0279720 seconds, Stopping threads took: 0.0000870 seconds
322.356: Application time: 0.0541900 seconds
322.356: [GC [PSYoungGen: 134624K->18928K(134656K)] 352493K->259149K(441344K), 0.0319780 secs] [Times: user=0.26 sys=0.00, real=0.03 secs] 
322.388: Total time for which application threads were stopped: 0.0321560 seconds, Stopping threads took: 0.0000920 seconds
322.439: Application time: 0.0509820 seconds
322.440: [GC [PSYoungGen: 134640K->18912K(134656K)] 374861K->277184K(441344K), 0.0278700 secs] [Times: user=0.22 sys=0.00, real=0.02 secs] 
322.468: Total time for which application threads were stopped: 0.0285510 seconds, Stopping threads took: 0.0005840 seconds
322.505: Application time: 0.0371550 seconds
322.505: [GC [PSYoungGen: 134624K->18912K(134656K)] 392896K->307951K(441344K), 0.0321980 secs] [Times: user=0.25 sys=0.00, real=0.03 secs] 
322.537: [Full GC [PSYoungGen: 18912K->0K(134656K)] [ParOldGen: 289039K->123481K(306688K)] 307951K->123481K(441344K) [PSPermGen: 9157K->9157K(21504K)], 0.1302330 secs] [Times: user=0.96 sys=0.00, real=0.13 secs] 
322.667: Total time for which application threads were stopped: 0.1626690 seconds, Stopping threads took: 0.0000710 seconds
322.710: Application time: 0.0423760 seconds
322.710: [GC [PSYoungGen: 115712K->18930K(134656K)] 239193K->160815K(441344K), 0.0216830 secs] [Times: user=0.17 sys=0.00, real=0.03 secs] 
322.732: Total time for which application threads were stopped: 0.0218890 seconds, Stopping threads took: 0.0001200 seconds
322.783: Application time: 0.0515270 seconds
322.783: [GC [PSYoungGen: 134642K->18928K(134656K)] 276527K->185403K(441344K), 0.0284750 secs] [Times: user=0.23 sys=0.00, real=0.03 secs] 
322.812: Total time for which application threads were stopped: 0.0286450 seconds, Stopping threads took: 0.0000850 seconds
322.865: Application time: 0.0533450 seconds
322.868: [GC [PSYoungGen: 134640K->18912K(134656K)] 301115K->202242K(441344K), 0.0258590 secs] [Times: user=0.20 sys=0.00, real=0.03 secs] 
322.894: Total time for which application threads were stopped: 0.0283580 seconds, Stopping threads took: 0.0024150 seconds
322.954: Application time: 0.0603800 seconds
322.954: [GC [PSYoungGen: 134624K->18912K(134656K)] 317954K->212875K(441344K), 0.0252780 secs] [Times: user=0.20 sys=0.00, real=0.02 secs] 
322.979: Total time for which application threads were stopped: 0.0254520 seconds, Stopping threads took: 0.0000940 seconds
323.027: Application time: 0.0480500 seconds
323.028: [GC [PSYoungGen: 134624K->18912K(134656K)] 328587K->234625K(441344K), 0.0294700 secs] [Times: user=0.23 sys=0.00, real=0.03 secs] 
323.057: Total time for which application threads were stopped: 0.0296520 seconds, Stopping threads took: 0.0000730 seconds
323.109: Application time: 0.0521900 seconds
323.112: [GC [PSYoungGen: 134624K->18912K(134656K)] 350337K->258234K(441344K), 0.0337230 secs] [Times: user=0.27 sys=0.00, real=0.03 secs] 
323.145: Total time for which application threads were stopped: 0.0360920 seconds, Stopping threads took: 0.0022800 seconds
323.197: Application time: 0.0515420 seconds
323.197: [GC [PSYoungGen: 134624K->18912K(134656K)] 373946K->277701K(441344K), 0.0306810 secs] [Times: user=0.24 sys=0.00, real=0.03 secs] 
323.228: Total time for which application threads were stopped: 0.0308820 seconds, Stopping threads took: 0.0001080 seconds
323.266: Application time: 0.0377400 seconds
323.266: [GC [PSYoungGen: 134624K->18928K(134656K)] 393413K->307136K(441344K), 0.0341960 secs] [Times: user=0.26 sys=0.00, real=0.04 secs] 
323.300: [Full GC [PSYoungGen: 18928K->0K(134656K)] [ParOldGen: 288207K->124698K(306688K)] 307136K->124698K(441344K) [PSPermGen: 9157K->9157K(21504K)], 0.1331250 secs] [Times: user=0.97 sys=0.00, real=0.13 secs] 
323.433: Total time for which application threads were stopped: 0.1675540 seconds, Stopping threads took: 0.0000690 seconds
323.478: Application time: 0.0447660 seconds
323.478: [GC [PSYoungGen: 115712K->18928K(134656K)] 240410K->161964K(441344K), 0.0233690 secs] [Times: user=0.17 sys=0.00, real=0.03 secs] 
323.501: Total time for which application threads were stopped: 0.0235410 seconds, Stopping threads took: 0.0000840 seconds
323.551: Application time: 0.0498180 seconds
323.551: [GC [PSYoungGen: 134640K->18912K(134656K)] 277676K->185458K(441344K), 0.0271100 secs] [Times: user=0.21 sys=0.00, real=0.03 secs] 
323.579: Total time for which application threads were stopped: 0.0272870 seconds, Stopping threads took: 0.0000770 seconds
323.634: Application time: 0.0556710 seconds
323.634: [GC [PSYoungGen: 134624K->18912K(134656K)] 301170K->204437K(441344K), 0.0284620 secs] [Times: user=0.22 sys=0.00, real=0.03 secs] 
323.663: Total time for which application threads were stopped: 0.0286350 seconds, Stopping threads took: 0.0000880 seconds
323.724: Application time: 0.0608460 seconds
323.724: [GC [PSYoungGen: 134624K->18912K(134656K)] 320149K->214906K(441344K), 0.0261610 secs] [Times: user=0.20 sys=0.00, real=0.02 secs] 
323.750: Total time for which application threads were stopped: 0.0263280 seconds, Stopping threads took: 0.0000850 seconds
323.796: Application time: 0.0462270 seconds
323.796: [GC [PSYoungGen: 134624K->18928K(134656K)] 330618K->237695K(441344K), 0.0318490 secs] [Times: user=0.24 sys=0.00, real=0.03 secs] 
323.828: Total time for which application threads were stopped: 0.0320180 seconds, Stopping threads took: 0.0000810 seconds
323.883: Application time: 0.0543900 seconds
323.883: [GC [PSYoungGen: 134640K->18912K(134656K)] 353407K->260466K(441344K), 0.0339860 secs] [Times: user=0.27 sys=0.00, real=0.03 secs] 
323.917: Total time for which application threads were stopped: 0.0341750 seconds, Stopping threads took: 0.0001030 seconds
323.968: Application time: 0.0513260 seconds
323.968: [GC [PSYoungGen: 134624K->18912K(134656K)] 376178K->277417K(441344K), 0.0297450 secs] [Times: user=0.22 sys=0.00, real=0.03 secs] 
323.998: Total time for which application threads were stopped: 0.0299030 seconds, Stopping threads took: 0.0000680 seconds
324.036: Application time: 0.0379720 seconds
324.036: [GC [PSYoungGen: 134624K->18928K(134656K)] 393129K->307462K(441344K), 0.0341910 secs] [Times: user=0.27 sys=0.00, real=0.03 secs] 
324.070: [Full GC [PSYoungGen: 18928K->0K(134656K)] [ParOldGen: 288534K->122925K(306688K)] 307462K->122925K(441344K) [PSPermGen: 9157K->9157K(21504K)], 0.1317640 secs] [Times: user=0.98 sys=0.00, real=0.14 secs] 
324.202: Total time for which application threads were stopped: 0.1661840 seconds, Stopping threads took: 0.0000780 seconds
324.245: Application time: 0.0425230 seconds
324.245: [GC [PSYoungGen: 115712K->18912K(134656K)] 238637K->157756K(441344K), 0.0202630 secs] [Times: user=0.16 sys=0.00, real=0.02 secs] 
324.265: Total time for which application threads were stopped: 0.0204530 seconds, Stopping threads took: 0.0000940 seconds
324.313: Application time: 0.0476780 seconds
324.313: [GC [PSYoungGen: 134624K->18928K(134656K)] 273468K->184257K(441344K), 0.0265530 secs] [Times: user=0.21 sys=0.00, real=0.03 secs] 
324.340: Total time for which application threads were stopped: 0.0267310 seconds, Stopping threads took: 0.0000880 seconds
324.393: Application time: 0.0531330 seconds
324.396: [GC [PSYoungGen: 134640K->18928K(134656K)] 299969K->203205K(441344K), 0.0266800 secs] [Times: user=0.21 sys=0.00, real=0.03 secs] 
324.422: Total time for which application threads were stopped: 0.0296110 seconds, Stopping threads took: 0.0028440 seconds
324.485: Application time: 0.0624440 seconds
324.485: [GC [PSYoungGen: 134640K->18912K(134656K)] 318917K->213185K(441344K), 0.0252020 secs] [Times: user=0.19 sys=0.00, real=0.02 secs] 
324.510: Total time for which application threads were stopped: 0.0253600 seconds, Stopping threads took: 0.0000750 seconds
324.557: Application time: 0.0471220 seconds
324.557: [GC [PSYoungGen: 134624K->18912K(134656K)] 328897K->236435K(441344K), 0.0292330 secs] [Times: user=0.23 sys=0.00, real=0.03 secs] 
324.587: Total time for which application threads were stopped: 0.0293980 seconds, Stopping threads took: 0.0000770 seconds
324.641: Application time: 0.0540570 seconds
324.641: [GC [PSYoungGen: 134624K->18928K(134656K)] 352147K->258828K(441344K), 0.0335940 secs] [Times: user=0.27 sys=0.00, real=0.03 secs] 
324.675: Total time for which application threads were stopped: 0.0337550 seconds, Stopping threads took: 0.0000730 seconds
324.727: Application time: 0.0529750 seconds
324.728: [GC [PSYoungGen: 134640K->18912K(134656K)] 374540K->275556K(441344K), 0.0299760 secs] [Times: user=0.22 sys=0.00, real=0.03 secs] 
324.758: Total time for which application threads were stopped: 0.0301440 seconds, Stopping threads took: 0.0000810 seconds
324.796: Application time: 0.0381750 seconds
324.796: [GC [PSYoungGen: 134624K->18928K(134656K)] 391268K->306553K(441344K), 0.0341750 secs] [Times: user=0.27 sys=0.00, real=0.03 secs] 
324.830: [Full GC [PSYoungGen: 18928K->0K(134656K)] [ParOldGen: 287625K->124056K(306688K)] 306553K->124056K(441344K) [PSPermGen: 9157K->9157K(21504K)], 0.1332290 secs] [Times: user=0.98 sys=0.00, real=0.14 secs] 
324.963: Total time for which application threads were stopped: 0.1676500 seconds, Stopping threads took: 0.0000820 seconds
325.009: Application time: 0.0457520 seconds
325.009: [GC [PSYoungGen: 115712K->18912K(134656K)] 239768K->158536K(441344K), 0.0209870 secs] [Times: user=0.17 sys=0.00, real=0.02 secs] 
325.030: Total time for which application threads were stopped: 0.0211720 seconds, Stopping threads took: 0.0000980 seconds
325.079: Application time: 0.0482110 seconds
325.079: [GC [PSYoungGen: 134624K->18928K(134656K)] 274248K->183183K(441344K), 0.0266480 secs] [Times: user=0.21 sys=0.00, real=0.03 secs] 
325.105: Total time for which application threads were stopped: 0.0268170 seconds, Stopping threads took: 0.0000830 seconds
325.161: Application time: 0.0557730 seconds
325.161: [GC [PSYoungGen: 134640K->18928K(134656K)] 298895K->204412K(441344K), 0.0289880 secs] [Times: user=0.23 sys=0.00, real=0.02 secs] 
325.190: Total time for which application threads were stopped: 0.0291530 seconds, Stopping threads took: 0.0000810 seconds
325.252: Application time: 0.0613440 seconds
325.252: [GC [PSYoungGen: 134640K->18928K(134656K)] 320124K->214452K(441344K), 0.0254470 secs] [Times: user=0.20 sys=0.00, real=0.02 secs] 
325.277: Total time for which application threads were stopped: 0.0256240 seconds, Stopping threads took: 0.0000950 seconds
325.325: Application time: 0.0476850 seconds
325.325: [GC [PSYoungGen: 134640K->18928K(134656K)] 330164K->236355K(441344K), 0.0296590 secs] [Times: user=0.24 sys=0.00, real=0.03 secs] 
325.355: Total time for which application threads were stopped: 0.0298330 seconds, Stopping threads took: 0.0000740 seconds
325.406: Application time: 0.0515820 seconds
325.407: [GC [PSYoungGen: 134640K->18912K(134656K)] 352067K->259478K(441344K), 0.0335770 secs] [Times: user=0.26 sys=0.00, real=0.04 secs] 
325.440: Total time for which application threads were stopped: 0.0337300 seconds, Stopping threads took: 0.0000680 seconds
325.496: Application time: 0.0560550 seconds
325.496: [GC [PSYoungGen: 134624K->18928K(134656K)] 375190K->274961K(441344K), 0.0318400 secs] [Times: user=0.24 sys=0.00, real=0.03 secs] 
325.528: Total time for which application threads were stopped: 0.0320240 seconds, Stopping threads took: 0.0001000 seconds
325.565: Application time: 0.0368050 seconds
325.565: [GC [PSYoungGen: 134640K->18928K(134656K)] 390673K->305851K(441344K), 0.0340020 secs] [Times: user=0.27 sys=0.00, real=0.03 secs] 
325.599: [Full GC [PSYoungGen: 18928K->0K(134656K)] [ParOldGen: 286923K->120650K(306688K)] 305851K->120650K(441344K) [PSPermGen: 9157K->9157K(21504K)], 0.1281990 secs] [Times: user=0.93 sys=0.01, real=0.13 secs] 
325.727: Total time for which application threads were stopped: 0.1624330 seconds, Stopping threads took: 0.0000810 seconds
325.768: Application time: 0.0409560 seconds
325.769: [GC [PSYoungGen: 115712K->18933K(134656K)] 236362K->155219K(441344K), 0.0195730 secs] [Times: user=0.15 sys=0.00, real=0.02 secs] 
325.788: Total time for which application threads were stopped: 0.0197680 seconds, Stopping threads took: 0.0001050 seconds
325.836: Application time: 0.0476490 seconds
325.836: [GC [PSYoungGen: 134645K->18912K(134656K)] 270931K->183680K(441344K), 0.0280270 secs] [Times: user=0.22 sys=0.00, real=0.03 secs] 
325.864: Total time for which application threads were stopped: 0.0281870 seconds, Stopping threads took: 0.0000610 seconds
325.918: Application time: 0.0542740 seconds
325.919: [GC [PSYoungGen: 134624K->18928K(134656K)] 299392K->201814K(441344K), 0.0267160 secs] [Times: user=0.21 sys=0.00, real=0.03 secs] 
325.945: Total time for which application threads were stopped: 0.0269300 seconds, Stopping threads took: 0.0001280 seconds
326.007: Application time: 0.0618010 seconds
326.007: [GC [PSYoungGen: 134640K->18928K(134656K)] 317526K->212147K(441344K), 0.0260130 secs] [Times: user=0.20 sys=0.00, real=0.03 secs] 
326.033: Total time for which application threads were stopped: 0.0261700 seconds, Stopping threads took: 0.0000700 seconds
326.083: Application time: 0.0498630 seconds
326.083: [GC [PSYoungGen: 134640K->18928K(134656K)] 327859K->233289K(441344K), 0.0318700 secs] [Times: user=0.24 sys=0.00, real=0.03 secs] 
326.115: Total time for which application threads were stopped: 0.0320440 seconds, Stopping threads took: 0.0000900 seconds
326.166: Application time: 0.0510170 seconds
326.166: [GC [PSYoungGen: 134640K->18928K(134656K)] 349001K->256505K(441344K), 0.0333450 secs] [Times: user=0.26 sys=0.00, real=0.04 secs] 
326.200: Total time for which application threads were stopped: 0.0335200 seconds, Stopping threads took: 0.0000890 seconds
326.255: Application time: 0.0550810 seconds
326.255: [GC [PSYoungGen: 134640K->18912K(134656K)] 372217K->272126K(441344K), 0.0298190 secs] [Times: user=0.23 sys=0.00, real=0.03 secs] 
326.285: Total time for which application threads were stopped: 0.0300120 seconds, Stopping threads took: 0.0001030 seconds
326.324: Application time: 0.0393030 seconds
326.324: [GC [PSYoungGen: 134624K->18912K(134656K)] 387838K->301362K(441344K), 0.0340920 secs] [Times: user=0.27 sys=0.00, real=0.03 secs] 
326.358: [Full GC [PSYoungGen: 18912K->0K(134656K)] [ParOldGen: 282449K->117552K(306688K)] 301362K->117552K(441344K) [PSPermGen: 9157K->9157K(21504K)], 0.1224720 secs] [Times: user=0.90 sys=0.00, real=0.13 secs] 
326.481: Total time for which application threads were stopped: 0.1568090 seconds, Stopping threads took: 0.0000950 seconds
326.523: Application time: 0.0423480 seconds
326.523: [GC [PSYoungGen: 115712K->18928K(134656K)] 233264K->154488K(441344K), 0.0199010 secs] [Times: user=0.16 sys=0.00, real=0.02 secs] 
326.543: Total time for which application threads were stopped: 0.0200850 seconds, Stopping threads took: 0.0000860 seconds
326.593: Application time: 0.0501490 seconds
326.594: [GC [PSYoungGen: 134640K->18928K(134656K)] 270200K->179066K(441344K), 0.0264390 secs] [Times: user=0.21 sys=0.00, real=0.03 secs] 
326.620: Total time for which application threads were stopped: 0.0266240 seconds, Stopping threads took: 0.0000970 seconds
326.674: Application time: 0.0535100 seconds
326.674: [GC [PSYoungGen: 134640K->18912K(134656K)] 294778K->197890K(441344K), 0.0267620 secs] [Times: user=0.21 sys=0.00, real=0.03 secs] 
326.701: Total time for which application threads were stopped: 0.0269470 seconds, Stopping threads took: 0.0000950 seconds
326.762: Application time: 0.0611040 seconds
326.762: [GC [PSYoungGen: 134624K->18928K(134656K)] 313602K->211674K(441344K), 0.0269050 secs] [Times: user=0.22 sys=0.00, real=0.02 secs] 
326.789: Total time for which application threads were stopped: 0.0270660 seconds, Stopping threads took: 0.0000790 seconds
326.837: Application time: 0.0479070 seconds
326.837: [GC [PSYoungGen: 134640K->18912K(134656K)] 327386K->232115K(441344K), 0.0280130 secs] [Times: user=0.22 sys=0.00, real=0.03 secs] 
326.865: Total time for which application threads were stopped: 0.0281960 seconds, Stopping threads took: 0.0000850 seconds
326.916: Application time: 0.0513250 seconds
326.916: [GC [PSYoungGen: 134624K->18912K(134656K)] 347827K->256022K(441344K), 0.0326880 secs] [Times: user=0.26 sys=0.00, real=0.03 secs] 
326.949: Total time for which application threads were stopped: 0.0328480 seconds, Stopping threads took: 0.0000770 seconds
327.005: Application time: 0.0556670 seconds
327.005: [GC [PSYoungGen: 134624K->18912K(134656K)] 371734K->271453K(441344K), 0.0282460 secs] [Times: user=0.22 sys=0.00, real=0.03 secs] 
327.033: Total time for which application threads were stopped: 0.0284060 seconds, Stopping threads took: 0.0000710 seconds
327.073: Application time: 0.0402780 seconds
327.076: [GC [PSYoungGen: 134624K->18912K(134656K)] 387165K->300623K(441344K), 0.0319620 secs] [Times: user=0.26 sys=0.00, real=0.03 secs] 
327.108: [Full GC [PSYoungGen: 18912K->0K(134656K)] [ParOldGen: 281711K->119695K(306688K)] 300623K->119695K(441344K) [PSPermGen: 9157K->9157K(21504K)], 0.1309030 secs] [Times: user=0.94 sys=0.00, real=0.13 secs] 
327.239: Total time for which application threads were stopped: 0.1652280 seconds, Stopping threads took: 0.0021800 seconds
327.279: Application time: 0.0405060 seconds
327.279: [GC [PSYoungGen: 115712K->18923K(134656K)] 235407K->154173K(441344K), 0.0187970 secs] [Times: user=0.14 sys=0.00, real=0.02 secs] 
327.298: Total time for which application threads were stopped: 0.0189840 seconds, Stopping threads took: 0.0000970 seconds
327.348: Application time: 0.0497760 seconds
327.348: [GC [PSYoungGen: 134635K->18928K(134656K)] 269885K->180420K(441344K), 0.0272520 secs] [Times: user=0.21 sys=0.00, real=0.03 secs] 
327.375: Total time for which application threads were stopped: 0.0274170 seconds, Stopping threads took: 0.0000800 seconds
327.426: Application time: 0.0504400 seconds
327.428: [GC [PSYoungGen: 134640K->18912K(134656K)] 296132K->198543K(441344K), 0.0260530 secs] [Times: user=0.20 sys=0.00, real=0.03 secs] 
327.454: Total time for which application threads were stopped: 0.0279400 seconds, Stopping threads took: 0.0018000 seconds
327.513: Application time: 0.0597550 seconds
327.514: [GC [PSYoungGen: 134624K->18928K(134656K)] 314255K->212675K(441344K), 0.0278690 secs] [Times: user=0.22 sys=0.00, real=0.03 secs] 
327.542: Total time for which application threads were stopped: 0.0280510 seconds, Stopping threads took: 0.0001000 seconds
327.589: Application time: 0.0470300 seconds
327.589: [GC [PSYoungGen: 134640K->18928K(134656K)] 328387K->233453K(441344K), 0.0286460 secs] [Times: user=0.23 sys=0.00, real=0.03 secs] 
327.617: Total time for which application threads were stopped: 0.0288210 seconds, Stopping threads took: 0.0000770 seconds
327.669: Application time: 0.0516160 seconds
327.669: [GC [PSYoungGen: 134640K->18928K(134656K)] 349165K->257539K(441344K), 0.0337190 secs] [Times: user=0.26 sys=0.00, real=0.04 secs] 
327.703: Total time for which application threads were stopped: 0.0338680 seconds, Stopping threads took: 0.0000670 seconds
327.759: Application time: 0.0565510 seconds
327.760: [GC [PSYoungGen: 134640K->18912K(134656K)] 373251K->270656K(441344K), 0.0286230 secs] [Times: user=0.23 sys=0.00, real=0.02 secs] 
327.788: Total time for which application threads were stopped: 0.0288010 seconds, Stopping threads took: 0.0000830 seconds
327.828: Application time: 0.0400740 seconds
327.828: [GC [PSYoungGen: 134624K->18912K(134656K)] 386368K->300011K(441344K), 0.0344190 secs] [Times: user=0.27 sys=0.00, real=0.04 secs] 
327.863: [Full GC [PSYoungGen: 18912K->0K(134656K)] [ParOldGen: 281098K->116735K(306688K)] 300011K->116735K(441344K) [PSPermGen: 9157K->9157K(21504K)], 0.1227920 secs] [Times: user=0.90 sys=0.00, real=0.12 secs] 
327.986: Total time for which application threads were stopped: 0.1574360 seconds, Stopping threads took: 0.0000700 seconds
328.026: Application time: 0.0400050 seconds
328.028: [GC [PSYoungGen: 115712K->18928K(134656K)] 232447K->151820K(441344K), 0.0195050 secs] [Times: user=0.14 sys=0.00, real=0.02 secs] 
328.047: Total time for which application threads were stopped: 0.0214500 seconds, Stopping threads took: 0.0018470 seconds
328.097: Application time: 0.0499200 seconds
328.097: [GC [PSYoungGen: 134640K->18912K(134656K)] 267532K->178703K(441344K), 0.0276800 secs] [Times: user=0.22 sys=0.00, real=0.03 secs] 
328.125: Total time for which application threads were stopped: 0.0278500 seconds, Stopping threads took: 0.0000730 seconds
328.176: Application time: 0.0509490 seconds
328.176: [GC [PSYoungGen: 134624K->18912K(134656K)] 294415K->198039K(441344K), 0.0266140 secs] [Times: user=0.21 sys=0.00, real=0.03 secs] 
328.203: Total time for which application threads were stopped: 0.0267880 seconds, Stopping threads took: 0.0000840 seconds
328.265: Application time: 0.0618310 seconds
328.265: [GC [PSYoungGen: 134624K->18928K(134656K)] 313751K->212611K(441344K), 0.0282330 secs] [Times: user=0.22 sys=0.00, real=0.03 secs] 
328.293: Total time for which application threads were stopped: 0.0283970 seconds, Stopping threads took: 0.0000810 seconds
328.341: Application time: 0.0484580 seconds
328.342: [GC [PSYoungGen: 134640K->18928K(134656K)] 328323K->233712K(441344K), 0.0280100 secs] [Times: user=0.22 sys=0.00, real=0.02 secs] 
328.370: Total time for which application threads were stopped: 0.0281750 seconds, Stopping threads took: 0.0000750 seconds
328.423: Application time: 0.0538100 seconds
328.424: [GC [PSYoungGen: 134640K->18928K(134656K)] 349424K->256809K(441344K), 0.0328510 secs] [Times: user=0.26 sys=0.00, real=0.03 secs] 
328.456: Total time for which application threads were stopped: 0.0330460 seconds, Stopping threads took: 0.0001000 seconds
328.513: Application time: 0.0567590 seconds
328.513: [GC [PSYoungGen: 134640K->18928K(134656K)] 372521K->269702K(441344K), 0.0277090 secs] [Times: user=0.22 sys=0.00, real=0.03 secs] 
328.541: Total time for which application threads were stopped: 0.0279030 seconds, Stopping threads took: 0.0001100 seconds
328.583: Application time: 0.0414250 seconds
328.583: [GC [PSYoungGen: 134590K->18928K(134656K)] 385364K->296652K(441344K), 0.0319720 secs] [Times: user=0.25 sys=0.00, real=0.03 secs] 
328.615: [Full GC [PSYoungGen: 18928K->0K(134656K)] [ParOldGen: 277724K->117374K(306688K)] 296652K->117374K(441344K) [PSPermGen: 9157K->9157K(21504K)], 0.1258920 secs] [Times: user=0.92 sys=0.00, real=0.13 secs] 
328.741: Total time for which application threads were stopped: 0.1580830 seconds, Stopping threads took: 0.0000800 seconds
328.779: Application time: 0.0386930 seconds
328.784: [GC [PSYoungGen: 115629K->18939K(134656K)] 233003K->152727K(441344K), 0.0183340 secs] [Times: user=0.14 sys=0.00, real=0.02 secs] 
328.802: Total time for which application threads were stopped: 0.0226760 seconds, Stopping threads took: 0.0042380 seconds
328.851: Application time: 0.0489260 seconds
328.851: [GC [PSYoungGen: 134651K->18928K(134656K)] 268439K->181622K(441344K), 0.0279080 secs] [Times: user=0.22 sys=0.00, real=0.03 secs] 
328.879: Total time for which application threads were stopped: 0.0280740 seconds, Stopping threads took: 0.0000760 seconds
328.930: Application time: 0.0512500 seconds
328.932: [GC [PSYoungGen: 134640K->18912K(134656K)] 297334K->200760K(441344K), 0.0254790 secs] [Times: user=0.20 sys=0.00, real=0.02 secs] 
328.957: Total time for which application threads were stopped: 0.0268710 seconds, Stopping threads took: 0.0012990 seconds
329.017: Application time: 0.0594060 seconds
329.020: [GC [PSYoungGen: 134624K->18928K(134656K)] 316472K->215713K(441344K), 0.0268830 secs] [Times: user=0.21 sys=0.00, real=0.02 secs] 
329.047: Total time for which application threads were stopped: 0.0300370 seconds, Stopping threads took: 0.0030670 seconds
329.094: Application time: 0.0471300 seconds
329.094: [GC [PSYoungGen: 134640K->18928K(134656K)] 331425K->236342K(441344K), 0.0287560 secs] [Times: user=0.22 sys=0.00, real=0.03 secs] 
329.123: Total time for which application threads were stopped: 0.0289560 seconds, Stopping threads took: 0.0001120 seconds
329.175: Application time: 0.0523630 seconds
329.175: [GC [PSYoungGen: 134640K->18912K(134656K)] 352054K->259837K(441344K), 0.0336910 secs] [Times: user=0.27 sys=0.00, real=0.03 secs] 
329.209: Total time for which application threads were stopped: 0.0338550 seconds, Stopping threads took: 0.0000770 seconds
329.266: Application time: 0.0570090 seconds
329.266: [GC [PSYoungGen: 134624K->18912K(134656K)] 375549K->273628K(441344K), 0.0281970 secs] [Times: user=0.23 sys=0.00, real=0.03 secs] 
329.294: Total time for which application threads were stopped: 0.0283540 seconds, Stopping threads took: 0.0000730 seconds
329.337: Application time: 0.0423410 seconds
329.337: [GC [PSYoungGen: 134624K->18912K(134656K)] 389340K->300118K(441344K), 0.0323400 secs] [Times: user=0.26 sys=0.00, real=0.03 secs] 
329.369: [Full GC [PSYoungGen: 18912K->0K(134656K)] [ParOldGen: 281206K->111728K(306688K)] 300118K->111728K(441344K) [PSPermGen: 9157K->9157K(21504K)], 0.1182000 secs] [Times: user=0.87 sys=0.00, real=0.12 secs] 
329.487: Total time for which application threads were stopped: 0.1507780 seconds, Stopping threads took: 0.0000710 seconds
329.524: Application time: 0.0364020 seconds
329.524: [GC [PSYoungGen: 115712K->18917K(134656K)] 227440K->147709K(441344K), 0.0232150 secs] [Times: user=0.18 sys=0.00, real=0.02 secs] 
329.547: Total time for which application threads were stopped: 0.0233640 seconds, Stopping threads took: 0.0000740 seconds
329.596: Application time: 0.0486980 seconds
329.596: [GC [PSYoungGen: 134629K->18921K(134656K)] 263421K->177511K(441344K), 0.0297790 secs] [Times: user=0.22 sys=0.00, real=0.03 secs] 
329.626: Total time for which application threads were stopped: 0.0299230 seconds, Stopping threads took: 0.0000600 seconds
329.679: Application time: 0.0534130 seconds
329.679: [GC [PSYoungGen: 134633K->18921K(134656K)] 293223K->195066K(441344K), 0.0266300 secs] [Times: user=0.21 sys=0.00, real=0.03 secs] 
329.706: Total time for which application threads were stopped: 0.0268400 seconds, Stopping threads took: 0.0001200 seconds
329.765: Application time: 0.0592530 seconds
329.765: [GC [PSYoungGen: 134633K->18921K(134656K)] 310778K->210535K(441344K), 0.0299620 secs] [Times: user=0.24 sys=0.00, real=0.03 secs] 
329.795: Total time for which application threads were stopped: 0.0301270 seconds, Stopping threads took: 0.0000800 seconds
329.846: Application time: 0.0508480 seconds
329.846: [GC [PSYoungGen: 134633K->18937K(134656K)] 326247K->229219K(441344K), 0.0305240 secs] [Times: user=0.24 sys=0.00, real=0.03 secs] 
329.877: Total time for which application threads were stopped: 0.0307250 seconds, Stopping threads took: 0.0000960 seconds
329.927: Application time: 0.0502060 seconds
329.927: [GC [PSYoungGen: 134649K->18938K(134656K)] 344931K->252994K(441344K), 0.0353970 secs] [Times: user=0.27 sys=0.00, real=0.04 secs] 
329.963: Total time for which application threads were stopped: 0.0355540 seconds, Stopping threads took: 0.0000680 seconds
330.020: Application time: 0.0572030 seconds
330.023: [GC [PSYoungGen: 134650K->18938K(134656K)] 368706K->268766K(441344K), 0.0337260 secs] [Times: user=0.26 sys=0.00, real=0.03 secs] 
330.057: Total time for which application threads were stopped: 0.0372180 seconds, Stopping threads took: 0.0034040 seconds
330.102: Application time: 0.0448740 seconds
330.102: [GC [PSYoungGen: 134615K->18938K(134656K)] 384444K->294770K(441344K), 0.0357680 secs] [Times: user=0.28 sys=0.01, real=0.03 secs] 
330.138: [Full GC [PSYoungGen: 18938K->0K(134656K)] [ParOldGen: 275832K->113038K(306688K)] 294770K->113038K(441344K) [PSPermGen: 9157K->9157K(21504K)], 0.1202650 secs] [Times: user=0.89 sys=0.00, real=0.12 secs] 
330.258: Total time for which application threads were stopped: 0.1562960 seconds, Stopping threads took: 0.0001050 seconds
330.296: Application time: 0.0374890 seconds
330.296: [GC [PSYoungGen: 115712K->18912K(134656K)] 228750K->147392K(441344K), 0.0171140 secs] [Times: user=0.13 sys=0.00, real=0.02 secs] 
330.313: Total time for which application threads were stopped: 0.0172650 seconds, Stopping threads took: 0.0000620 seconds
330.361: Application time: 0.0477480 seconds
330.361: [GC [PSYoungGen: 134624K->18919K(134656K)] 263104K->178443K(441344K), 0.0287530 secs] [Times: user=0.22 sys=0.00, real=0.02 secs] 
330.390: Total time for which application threads were stopped: 0.0289080 seconds, Stopping threads took: 0.0000600 seconds
330.451: Application time: 0.0616910 seconds
330.452: [GC [PSYoungGen: 134631K->18935K(134656K)] 294155K->192400K(441344K), 0.0260200 secs] [Times: user=0.20 sys=0.00, real=0.02 secs] 
330.478: Total time for which application threads were stopped: 0.0262220 seconds, Stopping threads took: 0.0001150 seconds
330.533: Application time: 0.0552870 seconds
330.533: [GC [PSYoungGen: 134647K->18919K(134656K)] 308112K->210581K(441344K), 0.0286810 secs] [Times: user=0.22 sys=0.00, real=0.03 secs] 
330.562: Total time for which application threads were stopped: 0.0288730 seconds, Stopping threads took: 0.0001020 seconds
330.611: Application time: 0.0495970 seconds
330.612: [GC [PSYoungGen: 134631K->18919K(134656K)] 326293K->230414K(441344K), 0.0293700 secs] [Times: user=0.23 sys=0.00, real=0.03 secs] 
330.641: Total time for which application threads were stopped: 0.0295570 seconds, Stopping threads took: 0.0000980 seconds
330.690: Application time: 0.0486200 seconds
330.690: [GC [PSYoungGen: 134631K->18919K(134656K)] 346126K->254314K(441344K), 0.0333420 secs] [Times: user=0.27 sys=0.00, real=0.04 secs] 
330.723: Total time for which application threads were stopped: 0.0335130 seconds, Stopping threads took: 0.0000840 seconds
330.779: Application time: 0.0557260 seconds
330.779: [GC [PSYoungGen: 134631K->18935K(134656K)] 370026K->270101K(441344K), 0.0312450 secs] [Times: user=0.25 sys=0.00, real=0.03 secs] 
330.810: Total time for which application threads were stopped: 0.0314250 seconds, Stopping threads took: 0.0000950 seconds
330.851: Application time: 0.0405660 seconds
330.851: [GC [PSYoungGen: 134647K->18919K(134656K)] 385813K->297402K(441344K), 0.0346490 secs] [Times: user=0.28 sys=0.00, real=0.04 secs] 
330.886: [Full GC [PSYoungGen: 18919K->0K(134656K)] [ParOldGen: 278483K->114225K(306688K)] 297402K->114225K(441344K) [PSPermGen: 9158K->9158K(21504K)], 0.1208050 secs] [Times: user=0.88 sys=0.00, real=0.12 secs] 
331.007: Total time for which application threads were stopped: 0.1556570 seconds, Stopping threads took: 0.0000500 seconds
331.045: Application time: 0.0387770 seconds
331.045: [GC [PSYoungGen: 115712K->18935K(134656K)] 229937K->149739K(441344K), 0.0190760 secs] [Times: user=0.14 sys=0.00, real=0.02 secs] 
331.065: Total time for which application threads were stopped: 0.0192380 seconds, Stopping threads took: 0.0000620 seconds
331.116: Application time: 0.0514770 seconds
331.116: [GC [PSYoungGen: 134647K->18928K(134656K)] 265451K->179712K(441344K), 0.0293480 secs] [Times: user=0.23 sys=0.00, real=0.03 secs] 
331.146: Total time for which application threads were stopped: 0.0295260 seconds, Stopping threads took: 0.0000900 seconds
331.207: Application time: 0.0610120 seconds
331.207: [GC [PSYoungGen: 134640K->18928K(134656K)] 295424K->192248K(441344K), 0.0250860 secs] [Times: user=0.19 sys=0.01, real=0.03 secs] 
331.232: Total time for which application threads were stopped: 0.0252830 seconds, Stopping threads took: 0.0001100 seconds
331.286: Application time: 0.0544590 seconds
331.286: [GC [PSYoungGen: 134640K->18928K(134656K)] 307960K->210473K(441344K), 0.0285380 secs] [Times: user=0.23 sys=0.00, real=0.03 secs] 
331.315: Total time for which application threads were stopped: 0.0287230 seconds, Stopping threads took: 0.0000980 seconds
331.366: Application time: 0.0510830 seconds
331.366: [GC [PSYoungGen: 134640K->18928K(134656K)] 326185K->230402K(441344K), 0.0288180 secs] [Times: user=0.22 sys=0.00, real=0.03 secs] 
331.395: Total time for which application threads were stopped: 0.0289930 seconds, Stopping threads took: 0.0000880 seconds
331.442: Application time: 0.0465660 seconds
331.442: [GC [PSYoungGen: 134640K->18912K(134656K)] 346114K->254115K(441344K), 0.0315310 secs] [Times: user=0.25 sys=0.00, real=0.03 secs] 
331.473: Total time for which application threads were stopped: 0.0316950 seconds, Stopping threads took: 0.0000660 seconds
331.531: Application time: 0.0572350 seconds
331.531: [GC [PSYoungGen: 134624K->18912K(134656K)] 369827K->270207K(441344K), 0.0299430 secs] [Times: user=0.24 sys=0.00, real=0.04 secs] 
331.561: Total time for which application threads were stopped: 0.0300820 seconds, Stopping threads took: 0.0000570 seconds
331.601: Application time: 0.0403420 seconds
331.601: [GC [PSYoungGen: 134624K->18912K(134656K)] 385919K->298569K(441344K), 0.0325450 secs] [Times: user=0.26 sys=0.00, real=0.03 secs] 
331.634: [Full GC [PSYoungGen: 18912K->0K(134656K)] [ParOldGen: 279656K->116254K(306688K)] 298569K->116254K(441344K) [PSPermGen: 9158K->9158K(21504K)], 0.1230710 secs] [Times: user=0.90 sys=0.00, real=0.12 secs] 
331.757: Total time for which application threads were stopped: 0.1558560 seconds, Stopping threads took: 0.0000800 seconds
331.796: Application time: 0.0388060 seconds
331.796: [GC [PSYoungGen: 115689K->18920K(134656K)] 231943K->150330K(441344K), 0.0179480 secs] [Times: user=0.14 sys=0.00, real=0.02 secs] 
331.814: Total time for which application threads were stopped: 0.0181230 seconds, Stopping threads took: 0.0000870 seconds
331.861: Application time: 0.0471810 seconds
331.861: [GC [PSYoungGen: 134632K->18928K(134656K)] 266042K->178704K(441344K), 0.0277650 secs] [Times: user=0.22 sys=0.00, real=0.02 secs] 
331.889: Total time for which application threads were stopped: 0.0279240 seconds, Stopping threads took: 0.0000710 seconds
331.947: Application time: 0.0583560 seconds
331.947: [GC [PSYoungGen: 134640K->18928K(134656K)] 294416K->192742K(441344K), 0.0257160 secs] [Times: user=0.21 sys=0.00, real=0.03 secs] 
331.973: Total time for which application threads were stopped: 0.0258590 seconds, Stopping threads took: 0.0000570 seconds
332.025: Application time: 0.0522460 seconds
332.026: [GC [PSYoungGen: 134640K->18912K(134656K)] 308454K->210296K(441344K), 0.0282570 secs] [Times: user=0.22 sys=0.00, real=0.03 secs] 
332.054: Total time for which application threads were stopped: 0.0284250 seconds, Stopping threads took: 0.0000770 seconds
332.105: Application time: 0.0510990 seconds
332.105: [GC [PSYoungGen: 134559K->18912K(134656K)] 325943K->230244K(441344K), 0.0305810 secs] [Times: user=0.23 sys=0.00, real=0.03 secs] 
332.136: Total time for which application threads were stopped: 0.0307650 seconds, Stopping threads took: 0.0000870 seconds
332.181: Application time: 0.0450310 seconds
332.184: [GC [PSYoungGen: 134624K->18912K(134656K)] 345956K->254029K(441344K), 0.0319040 secs] [Times: user=0.24 sys=0.01, real=0.03 secs] 
332.216: Total time for which application threads were stopped: 0.0348140 seconds, Stopping threads took: 0.0028130 seconds
332.274: Application time: 0.0582860 seconds
332.274: [GC [PSYoungGen: 134624K->18912K(134656K)] 369741K->270129K(441344K), 0.0316200 secs] [Times: user=0.24 sys=0.00, real=0.03 secs] 
332.306: Total time for which application threads were stopped: 0.0317990 seconds, Stopping threads took: 0.0000940 seconds
332.345: Application time: 0.0389840 seconds
332.345: [GC [PSYoungGen: 134624K->18912K(134656K)] 385841K->298788K(441344K), 0.0339840 secs] [Times: user=0.27 sys=0.00, real=0.03 secs] 
332.379: [Full GC [PSYoungGen: 18912K->0K(134656K)] [ParOldGen: 279876K->115370K(306688K)] 298788K->115370K(441344K) [PSPermGen: 9158K->9158K(21504K)], 0.1230300 secs] [Times: user=0.90 sys=0.00, real=0.13 secs] 
332.502: Total time for which application threads were stopped: 0.1572330 seconds, Stopping threads took: 0.0000650 seconds
332.540: Application time: 0.0385200 seconds
332.541: [GC [PSYoungGen: 115528K->18938K(134656K)] 230899K->149580K(441344K), 0.0178160 secs] [Times: user=0.14 sys=0.00, real=0.01 secs] 
332.558: Total time for which application threads were stopped: 0.0180060 seconds, Stopping threads took: 0.0001050 seconds
332.607: Application time: 0.0487420 seconds
332.607: [GC [PSYoungGen: 134650K->18928K(134656K)] 265292K->178804K(441344K), 0.0279120 secs] [Times: user=0.22 sys=0.00, real=0.03 secs] 
332.635: Total time for which application threads were stopped: 0.0281010 seconds, Stopping threads took: 0.0000810 seconds
332.696: Application time: 0.0605170 seconds
332.697: [GC [PSYoungGen: 134640K->18912K(134656K)] 294516K->190738K(441344K), 0.0249180 secs] [Times: user=0.19 sys=0.00, real=0.03 secs] 
332.722: Total time for which application threads were stopped: 0.0262840 seconds, Stopping threads took: 0.0012830 seconds
332.773: Application time: 0.0513940 seconds
332.774: [GC [PSYoungGen: 134624K->18928K(134656K)] 306450K->208374K(441344K), 0.0300460 secs] [Times: user=0.23 sys=0.00, real=0.03 secs] 
332.804: Total time for which application threads were stopped: 0.0302250 seconds, Stopping threads took: 0.0000940 seconds
332.857: Application time: 0.0533310 seconds
332.857: [GC [PSYoungGen: 134640K->18912K(134656K)] 324086K->228906K(441344K), 0.0314100 secs] [Times: user=0.25 sys=0.00, real=0.03 secs] 
332.889: Total time for which application threads were stopped: 0.0315940 seconds, Stopping threads took: 0.0000950 seconds
332.933: Application time: 0.0443610 seconds
332.933: [GC [PSYoungGen: 134624K->18928K(134656K)] 344618K->252473K(441344K), 0.0330540 secs] [Times: user=0.27 sys=0.00, real=0.03 secs] 
332.966: Total time for which application threads were stopped: 0.0332360 seconds, Stopping threads took: 0.0000940 seconds
333.026: Application time: 0.0599650 seconds
333.026: [GC [PSYoungGen: 134640K->18912K(134656K)] 368185K->268089K(441344K), 0.0333760 secs] [Times: user=0.26 sys=0.00, real=0.04 secs] 
333.060: Total time for which application threads were stopped: 0.0335340 seconds, Stopping threads took: 0.0000710 seconds
333.100: Application time: 0.0400120 seconds
333.100: [GC [PSYoungGen: 134624K->18912K(134656K)] 383801K->296701K(441344K), 0.0366140 secs] [Times: user=0.27 sys=0.00, real=0.03 secs] 
333.137: [Full GC [PSYoungGen: 18912K->0K(134656K)] [ParOldGen: 277789K->115552K(306688K)] 296701K->115552K(441344K) [PSPermGen: 9158K->9158K(21504K)], 0.1221550 secs] [Times: user=0.91 sys=0.00, real=0.12 secs] 
333.259: Total time for which application threads were stopped: 0.1590160 seconds, Stopping threads took: 0.0000940 seconds
333.298: Application time: 0.0393790 seconds
333.298: [GC [PSYoungGen: 115712K->18912K(134656K)] 231264K->149117K(441344K), 0.0180760 secs] [Times: user=0.14 sys=0.00, real=0.02 secs] 
333.316: Total time for which application threads were stopped: 0.0182850 seconds, Stopping threads took: 0.0001070 seconds
333.364: Application time: 0.0471740 seconds
333.364: [GC [PSYoungGen: 134624K->18928K(134656K)] 264829K->176522K(441344K), 0.0270580 secs] [Times: user=0.22 sys=0.00, real=0.02 secs] 
333.391: Total time for which application threads were stopped: 0.0272460 seconds, Stopping threads took: 0.0000950 seconds
333.450: Application time: 0.0589940 seconds
333.450: [GC [PSYoungGen: 134640K->18912K(134656K)] 292234K->190653K(441344K), 0.0263290 secs] [Times: user=0.20 sys=0.00, real=0.03 secs] 
333.476: Total time for which application threads were stopped: 0.0264640 seconds, Stopping threads took: 0.0000530 seconds
333.528: Application time: 0.0520640 seconds
333.529: [GC [PSYoungGen: 134624K->18928K(134656K)] 306365K->207790K(441344K), 0.0274980 secs] [Times: user=0.22 sys=0.00, real=0.03 secs] 
333.556: Total time for which application threads were stopped: 0.0276950 seconds, Stopping threads took: 0.0001070 seconds
333.607: Application time: 0.0509370 seconds
333.612: [GC [PSYoungGen: 134640K->18912K(134656K)] 323502K->228124K(441344K), 0.0309500 secs] [Times: user=0.24 sys=0.00, real=0.03 secs] 
333.643: Total time for which application threads were stopped: 0.0355860 seconds, Stopping threads took: 0.0045480 seconds
333.687: Application time: 0.0441870 seconds
333.687: [GC [PSYoungGen: 134624K->18912K(134656K)] 343836K->251178K(441344K), 0.0321120 secs] [Times: user=0.26 sys=0.00, real=0.03 secs] 
333.719: Total time for which application threads were stopped: 0.0322920 seconds, Stopping threads took: 0.0000950 seconds
333.776: Application time: 0.0571590 seconds
333.776: [GC [PSYoungGen: 134624K->18912K(134656K)] 366890K->269243K(441344K), 0.0339920 secs] [Times: user=0.27 sys=0.00, real=0.03 secs] 
333.810: Total time for which application threads were stopped: 0.0341600 seconds, Stopping threads took: 0.0000830 seconds
333.851: Application time: 0.0403480 seconds
333.851: [GC [PSYoungGen: 134624K->18928K(134656K)] 384955K->297530K(441344K), 0.0350090 secs] [Times: user=0.28 sys=0.00, real=0.04 secs] 
333.886: [Full GC [PSYoungGen: 18928K->0K(134656K)] [ParOldGen: 278602K->122374K(306688K)] 297530K->122374K(441344K) [PSPermGen: 9158K->9158K(21504K)], 0.1344370 secs] [Times: user=0.98 sys=0.00, real=0.14 secs] 
334.022: Total time for which application threads were stopped: 0.1711760 seconds, Stopping threads took: 0.0000870 seconds
334.062: Application time: 0.0405390 seconds
334.063: [GC [PSYoungGen: 115712K->18927K(134656K)] 238086K->155442K(441344K), 0.0253390 secs] [Times: user=0.19 sys=0.00, real=0.02 secs] 
334.088: Total time for which application threads were stopped: 0.0255080 seconds, Stopping threads took: 0.0000890 seconds
334.135: Application time: 0.0469280 seconds
334.135: [GC [PSYoungGen: 134639K->18928K(134656K)] 271154K->183082K(441344K), 0.0270870 secs] [Times: user=0.21 sys=0.00, real=0.03 secs] 
334.162: Total time for which application threads were stopped: 0.0272730 seconds, Stopping threads took: 0.0000960 seconds
334.223: Application time: 0.0610420 seconds
334.223: [GC [PSYoungGen: 134640K->18928K(134656K)] 298794K->197677K(441344K), 0.0256520 secs] [Times: user=0.20 sys=0.00, real=0.02 secs] 
334.249: Total time for which application threads were stopped: 0.0258180 seconds, Stopping threads took: 0.0000830 seconds
334.302: Application time: 0.0533730 seconds
334.303: [GC [PSYoungGen: 134640K->18928K(134656K)] 313389K->214044K(441344K), 0.0258960 secs] [Times: user=0.20 sys=0.00, real=0.02 secs] 
334.329: Total time for which application threads were stopped: 0.0260880 seconds, Stopping threads took: 0.0001040 seconds
334.379: Application time: 0.0506660 seconds
334.379: [GC [PSYoungGen: 134640K->18928K(134656K)] 329756K->235140K(441344K), 0.0298960 secs] [Times: user=0.23 sys=0.00, real=0.03 secs] 
334.409: Total time for which application threads were stopped: 0.0300550 seconds, Stopping threads took: 0.0000580 seconds
334.454: Application time: 0.0447250 seconds
334.454: [GC [PSYoungGen: 134640K->18912K(134656K)] 350852K->258250K(441344K), 0.0303540 secs] [Times: user=0.24 sys=0.00, real=0.03 secs] 
334.485: Total time for which application threads were stopped: 0.0305420 seconds, Stopping threads took: 0.0000980 seconds
334.543: Application time: 0.0581370 seconds
334.544: [GC [PSYoungGen: 134624K->18912K(134656K)] 373962K->277615K(441344K), 0.0321350 secs] [Times: user=0.25 sys=0.00, real=0.03 secs] 
334.576: Total time for which application threads were stopped: 0.0331540 seconds, Stopping threads took: 0.0009340 seconds
334.617: Application time: 0.0413440 seconds
334.620: [GC [PSYoungGen: 134624K->18928K(134656K)] 393327K->305069K(441344K), 0.0325620 secs] [Times: user=0.26 sys=0.00, real=0.03 secs] 
334.652: [Full GC [PSYoungGen: 18928K->0K(134656K)] [ParOldGen: 286141K->124574K(306688K)] 305069K->124574K(441344K) [PSPermGen: 9158K->9158K(21504K)], 0.1363980 secs] [Times: user=1.01 sys=0.00, real=0.13 secs] 
334.789: Total time for which application threads were stopped: 0.1715420 seconds, Stopping threads took: 0.0024330 seconds
334.832: Application time: 0.0432400 seconds
334.832: [GC [PSYoungGen: 115712K->18923K(134656K)] 240286K->156445K(441344K), 0.0182710 secs] [Times: user=0.14 sys=0.00, real=0.01 secs] 
334.850: Total time for which application threads were stopped: 0.0184610 seconds, Stopping threads took: 0.0001030 seconds
334.896: Application time: 0.0454040 seconds
334.896: [GC [PSYoungGen: 134635K->18912K(134656K)] 272157K->183572K(441344K), 0.0265460 secs] [Times: user=0.21 sys=0.00, real=0.03 secs] 
334.923: Total time for which application threads were stopped: 0.0267130 seconds, Stopping threads took: 0.0000670 seconds
334.981: Application time: 0.0583180 seconds
334.981: [GC [PSYoungGen: 134624K->18912K(134656K)] 299284K->200182K(441344K), 0.0275230 secs] [Times: user=0.22 sys=0.00, real=0.02 secs] 
335.009: Total time for which application threads were stopped: 0.0277010 seconds, Stopping threads took: 0.0000950 seconds
335.064: Application time: 0.0552940 seconds
335.064: [GC [PSYoungGen: 134624K->18928K(134656K)] 315894K->214636K(441344K), 0.0267260 secs] [Times: user=0.21 sys=0.00, real=0.02 secs] 
335.091: Total time for which application threads were stopped: 0.0269270 seconds, Stopping threads took: 0.0001140 seconds
335.141: Application time: 0.0499080 seconds
335.141: [GC [PSYoungGen: 134640K->18912K(134656K)] 330348K->237291K(441344K), 0.0302190 secs] [Times: user=0.24 sys=0.00, real=0.02 secs] 
335.171: Total time for which application threads were stopped: 0.0304040 seconds, Stopping threads took: 0.0000950 seconds
335.217: Application time: 0.0455710 seconds
335.217: [GC [PSYoungGen: 134624K->18912K(134656K)] 353003K->263463K(441344K), 0.0334900 secs] [Times: user=0.26 sys=0.00, real=0.03 secs] 
335.250: Total time for which application threads were stopped: 0.0336640 seconds, Stopping threads took: 0.0000840 seconds
335.307: Application time: 0.0569770 seconds
335.307: [GC [PSYoungGen: 134432K->18912K(134656K)] 378984K->280583K(441344K), 0.0324220 secs] [Times: user=0.25 sys=0.00, real=0.04 secs] 
335.340: Total time for which application threads were stopped: 0.0325760 seconds, Stopping threads took: 0.0000600 seconds
335.384: Application time: 0.0440170 seconds
335.388: [GC [PSYoungGen: 134624K->18928K(134656K)] 396295K->307395K(441344K), 0.0332260 secs] [Times: user=0.26 sys=0.00, real=0.04 secs] 
335.421: [Full GC [PSYoungGen: 18928K->0K(134656K)] [ParOldGen: 288467K->125852K(306688K)] 307395K->125852K(441344K) [PSPermGen: 9158K->9158K(21504K)], 0.1390220 secs] [Times: user=1.03 sys=0.00, real=0.14 secs] 
335.560: Total time for which application threads were stopped: 0.1760580 seconds, Stopping threads took: 0.0036600 seconds
335.608: Application time: 0.0478340 seconds
335.608: [GC [PSYoungGen: 115712K->18936K(134656K)] 241564K->155738K(441344K), 0.0183120 secs] [Times: user=0.15 sys=0.00, real=0.02 secs] 
335.626: Total time for which application threads were stopped: 0.0185350 seconds, Stopping threads took: 0.0001230 seconds
335.672: Application time: 0.0460570 seconds
335.673: [GC [PSYoungGen: 134648K->18928K(134656K)] 271450K->180845K(441344K), 0.0251590 secs] [Times: user=0.19 sys=0.00, real=0.02 secs] 
335.698: Total time for which application threads were stopped: 0.0253460 seconds, Stopping threads took: 0.0000970 seconds
335.755: Application time: 0.0571690 seconds
335.755: [GC [PSYoungGen: 134640K->18912K(134656K)] 296557K->201737K(441344K), 0.0287290 secs] [Times: user=0.22 sys=0.00, real=0.03 secs] 
335.784: Total time for which application threads were stopped: 0.0288990 seconds, Stopping threads took: 0.0000870 seconds
335.839: Application time: 0.0550520 seconds
335.839: [GC [PSYoungGen: 134574K->18912K(134656K)] 317400K->216152K(441344K), 0.0260670 secs] [Times: user=0.20 sys=0.00, real=0.03 secs] 
335.865: Total time for which application threads were stopped: 0.0262650 seconds, Stopping threads took: 0.0001100 seconds
335.915: Application time: 0.0500010 seconds
335.915: [GC [PSYoungGen: 134606K->18912K(134656K)] 331846K->238139K(441344K), 0.0301300 secs] [Times: user=0.24 sys=0.00, real=0.03 secs] 
335.945: Total time for which application threads were stopped: 0.0303130 seconds, Stopping threads took: 0.0000950 seconds
335.991: Application time: 0.0458040 seconds
335.991: [GC [PSYoungGen: 134624K->18912K(134656K)] 353851K->264204K(441344K), 0.0329700 secs] [Times: user=0.24 sys=0.00, real=0.04 secs] 
336.024: Total time for which application threads were stopped: 0.0331550 seconds, Stopping threads took: 0.0000960 seconds
336.080: Application time: 0.0556980 seconds
336.080: [GC [PSYoungGen: 134624K->18912K(134656K)] 379916K->285045K(441344K), 0.0323290 secs] [Times: user=0.25 sys=0.00, real=0.03 secs] 
336.113: Total time for which application threads were stopped: 0.0325110 seconds, Stopping threads took: 0.0000880 seconds
336.156: Application time: 0.0430720 seconds
336.156: [GC [PSYoungGen: 134624K->18912K(134656K)] 400757K->310791K(441344K), 0.0316290 secs] [Times: user=0.25 sys=0.00, real=0.03 secs] 
336.188: [Full GC [PSYoungGen: 18912K->0K(134656K)] [ParOldGen: 291879K->129540K(306688K)] 310791K->129540K(441344K) [PSPermGen: 9158K->9158K(21504K)], 0.1459200 secs] [Times: user=1.08 sys=0.00, real=0.15 secs] 
336.334: Total time for which application threads were stopped: 0.1778070 seconds, Stopping threads took: 0.0000840 seconds
336.381: Application time: 0.0476080 seconds
336.381: [GC [PSYoungGen: 115712K->18912K(134656K)] 245252K->157002K(441344K), 0.0169310 secs] [Times: user=0.14 sys=0.00, real=0.01 secs] 
336.398: Total time for which application threads were stopped: 0.0171140 seconds, Stopping threads took: 0.0000950 seconds
336.444: Application time: 0.0460950 seconds
336.444: [GC [PSYoungGen: 134624K->18912K(134656K)] 272714K->181755K(441344K), 0.0255420 secs] [Times: user=0.20 sys=0.00, real=0.02 secs] 
336.470: Total time for which application threads were stopped: 0.0257430 seconds, Stopping threads took: 0.0001090 seconds
336.525: Application time: 0.0551910 seconds
336.525: [GC [PSYoungGen: 134624K->18928K(134656K)] 297467K->203694K(441344K), 0.0296640 secs] [Times: user=0.23 sys=0.00, real=0.03 secs] 
336.555: Total time for which application threads were stopped: 0.0298640 seconds, Stopping threads took: 0.0001140 seconds
336.611: Application time: 0.0562070 seconds
336.611: [GC [PSYoungGen: 134640K->18928K(134656K)] 319406K->217151K(441344K), 0.0257080 secs] [Times: user=0.19 sys=0.00, real=0.03 secs] 
336.637: Total time for which application threads were stopped: 0.0258750 seconds, Stopping threads took: 0.0000770 seconds
336.684: Application time: 0.0468300 seconds
336.684: [GC [PSYoungGen: 134575K->18928K(134656K)] 332799K->241848K(441344K), 0.0290000 secs] [Times: user=0.23 sys=0.00, real=0.03 secs] 
336.713: Total time for which application threads were stopped: 0.0292100 seconds, Stopping threads took: 0.0001070 seconds
336.762: Application time: 0.0482520 seconds
336.764: [GC [PSYoungGen: 134640K->18928K(134656K)] 357560K->268060K(441344K), 0.0330720 secs] [Times: user=0.24 sys=0.00, real=0.03 secs] 
336.797: Total time for which application threads were stopped: 0.0351840 seconds, Stopping threads took: 0.0020240 seconds
336.854: Application time: 0.0571520 seconds
336.854: [GC [PSYoungGen: 134640K->18912K(134656K)] 383772K->284921K(441344K), 0.0299780 secs] [Times: user=0.24 sys=0.00, real=0.03 secs] 
336.884: Total time for which application threads were stopped: 0.0301470 seconds, Stopping threads took: 0.0000840 seconds
336.928: Application time: 0.0444450 seconds
336.929: [GC [PSYoungGen: 134624K->18912K(134656K)] 400633K->310837K(441344K), 0.0311050 secs] [Times: user=0.25 sys=0.00, real=0.04 secs] 
336.960: [Full GC [PSYoungGen: 18912K->0K(134656K)] [ParOldGen: 291925K->128093K(306688K)] 310837K->128093K(441344K) [PSPermGen: 9158K->9158K(21504K)], 0.1464880 secs] [Times: user=1.08 sys=0.00, real=0.14 secs] 
337.106: Total time for which application threads were stopped: 0.1778300 seconds, Stopping threads took: 0.0000810 seconds
337.155: Application time: 0.0486310 seconds
337.155: [GC [PSYoungGen: 115712K->18928K(134656K)] 243805K->155776K(441344K), 0.0172430 secs] [Times: user=0.13 sys=0.00, real=0.02 secs] 
337.172: Total time for which application threads were stopped: 0.0174110 seconds, Stopping threads took: 0.0000830 seconds
337.220: Application time: 0.0472840 seconds
337.220: [GC [PSYoungGen: 134640K->18912K(134656K)] 271488K->180999K(441344K), 0.0265150 secs] [Times: user=0.19 sys=0.00, real=0.02 secs] 
337.246: Total time for which application threads were stopped: 0.0267030 seconds, Stopping threads took: 0.0000860 seconds
337.298: Application time: 0.0521590 seconds
337.299: [GC [PSYoungGen: 134624K->18928K(134656K)] 296711K->203709K(441344K), 0.0294040 secs] [Times: user=0.23 sys=0.00, real=0.03 secs] 
337.328: Total time for which application threads were stopped: 0.0295970 seconds, Stopping threads took: 0.0000980 seconds
337.384: Application time: 0.0563710 seconds
337.385: [GC [PSYoungGen: 134429K->18912K(134656K)] 319211K->216533K(441344K), 0.0257460 secs] [Times: user=0.20 sys=0.00, real=0.02 secs] 
337.410: Total time for which application threads were stopped: 0.0259130 seconds, Stopping threads took: 0.0000810 seconds
337.454: Application time: 0.0438350 seconds
337.454: [GC [PSYoungGen: 134624K->18928K(134656K)] 332245K->239535K(441344K), 0.0293370 secs] [Times: user=0.23 sys=0.00, real=0.03 secs] 
337.484: Total time for which application threads were stopped: 0.0295230 seconds, Stopping threads took: 0.0000990 seconds
337.532: Application time: 0.0484120 seconds
337.532: [GC [PSYoungGen: 134640K->18912K(134656K)] 355247K->267655K(441344K), 0.0343210 secs] [Times: user=0.27 sys=0.00, real=0.03 secs] 
337.567: Total time for which application threads were stopped: 0.0345020 seconds, Stopping threads took: 0.0000960 seconds
337.623: Application time: 0.0567430 seconds
337.628: [GC [PSYoungGen: 134624K->18912K(134656K)] 383367K->283317K(441344K), 0.0300160 secs] [Times: user=0.23 sys=0.00, real=0.03 secs] 
337.658: Total time for which application threads were stopped: 0.0342350 seconds, Stopping threads took: 0.0041340 seconds
337.700: Application time: 0.0426360 seconds
337.700: [GC [PSYoungGen: 134624K->18912K(134656K)] 399029K->311033K(441344K), 0.0334920 secs] [Times: user=0.26 sys=0.00, real=0.03 secs] 
337.734: [Full GC [PSYoungGen: 18912K->0K(134656K)] [ParOldGen: 292121K->128819K(306688K)] 311033K->128819K(441344K) [PSPermGen: 9158K->9158K(21504K)], 0.1447730 secs] [Times: user=1.07 sys=0.00, real=0.14 secs] 
337.879: Total time for which application threads were stopped: 0.1785500 seconds, Stopping threads took: 0.0001340 seconds
337.926: Application time: 0.0467540 seconds
337.926: [GC [PSYoungGen: 115712K->18923K(134656K)] 244531K->157590K(441344K), 0.0179150 secs] [Times: user=0.14 sys=0.00, real=0.02 secs] 
337.944: Total time for which application threads were stopped: 0.0181130 seconds, Stopping threads took: 0.0000990 seconds
337.992: Application time: 0.0478530 seconds
337.992: [GC [PSYoungGen: 134635K->18928K(134656K)] 273302K->180012K(441344K), 0.0244470 secs] [Times: user=0.19 sys=0.00, real=0.02 secs] 
338.016: Total time for which application threads were stopped: 0.0246300 seconds, Stopping threads took: 0.0000950 seconds
338.065: Application time: 0.0490560 seconds
338.068: [GC [PSYoungGen: 134640K->18928K(134656K)] 295724K->203381K(441344K), 0.0298700 secs] [Times: user=0.23 sys=0.00, real=0.03 secs] 
338.098: Total time for which application threads were stopped: 0.0322970 seconds, Stopping threads took: 0.0023370 seconds
338.156: Application time: 0.0583510 seconds
338.156: [GC [PSYoungGen: 134640K->18912K(134656K)] 319093K->216805K(441344K), 0.0263830 secs] [Times: user=0.20 sys=0.00, real=0.03 secs] 
338.182: Total time for which application threads were stopped: 0.0265350 seconds, Stopping threads took: 0.0000690 seconds
338.226: Application time: 0.0432830 seconds
338.226: [GC [PSYoungGen: 134624K->18912K(134656K)] 332517K->240323K(441344K), 0.0294240 secs] [Times: user=0.23 sys=0.00, real=0.03 secs] 
338.255: Total time for which application threads were stopped: 0.0296120 seconds, Stopping threads took: 0.0000990 seconds
338.305: Application time: 0.0498620 seconds
338.305: [GC [PSYoungGen: 134624K->18928K(134656K)] 356035K->268150K(441344K), 0.0354470 secs] [Times: user=0.28 sys=0.00, real=0.04 secs] 
338.341: Total time for which application threads were stopped: 0.0356080 seconds, Stopping threads took: 0.0000700 seconds
338.398: Application time: 0.0570130 seconds
338.398: [GC [PSYoungGen: 134640K->18912K(134656K)] 383862K->283958K(441344K), 0.0299310 secs] [Times: user=0.24 sys=0.00, real=0.03 secs] 
338.428: Total time for which application threads were stopped: 0.0300970 seconds, Stopping threads took: 0.0000840 seconds
338.470: Application time: 0.0418460 seconds
338.470: [GC [PSYoungGen: 134624K->18912K(134656K)] 399670K->311238K(441344K), 0.0326170 secs] [Times: user=0.26 sys=0.00, real=0.04 secs] 
338.503: [Full GC [PSYoungGen: 18912K->0K(134656K)] [ParOldGen: 292326K->127644K(306688K)] 311238K->127644K(441344K) [PSPermGen: 9158K->9158K(21504K)], 0.1438400 secs] [Times: user=1.05 sys=0.00, real=0.14 secs] 
338.646: Total time for which application threads were stopped: 0.1767190 seconds, Stopping threads took: 0.0000980 seconds
338.693: Application time: 0.0461080 seconds
338.693: [GC [PSYoungGen: 115712K->18928K(134656K)] 243356K->156676K(441344K), 0.0176060 secs] [Times: user=0.14 sys=0.00, real=0.01 secs] 
338.710: Total time for which application threads were stopped: 0.0177820 seconds, Stopping threads took: 0.0000920 seconds
338.761: Application time: 0.0505260 seconds
338.761: [GC [PSYoungGen: 134640K->18912K(134656K)] 272388K->177825K(441344K), 0.0240570 secs] [Times: user=0.19 sys=0.00, real=0.02 secs] 
338.785: Total time for which application threads were stopped: 0.0242380 seconds, Stopping threads took: 0.0000930 seconds
338.833: Application time: 0.0473720 seconds
338.833: [GC [PSYoungGen: 134624K->18928K(134656K)] 293537K->200816K(441344K), 0.0285590 secs] [Times: user=0.23 sys=0.00, real=0.03 secs] 
338.861: Total time for which application threads were stopped: 0.0287080 seconds, Stopping threads took: 0.0000630 seconds
338.918: Application time: 0.0571420 seconds
338.919: [GC [PSYoungGen: 134640K->18912K(134656K)] 316528K->215717K(441344K), 0.0267130 secs] [Times: user=0.21 sys=0.00, real=0.03 secs] 
338.945: Total time for which application threads were stopped: 0.0268840 seconds, Stopping threads took: 0.0000880 seconds
338.990: Application time: 0.0446220 seconds
338.990: [GC [PSYoungGen: 134624K->18928K(134656K)] 331429K->239541K(441344K), 0.0295210 secs] [Times: user=0.23 sys=0.00, real=0.04 secs] 
339.021: Total time for which application threads were stopped: 0.0311700 seconds, Stopping threads took: 0.0000820 seconds
339.072: Application time: 0.0509980 seconds
339.072: [GC [PSYoungGen: 134640K->18912K(134656K)] 355253K->267158K(441344K), 0.0343650 secs] [Times: user=0.27 sys=0.00, real=0.03 secs] 
339.107: Total time for which application threads were stopped: 0.0345510 seconds, Stopping threads took: 0.0000960 seconds
339.164: Application time: 0.0570310 seconds
339.164: [GC [PSYoungGen: 134624K->18912K(134656K)] 382870K->282317K(441344K), 0.0286130 secs] [Times: user=0.23 sys=0.00, real=0.03 secs] 
339.192: Total time for which application threads were stopped: 0.0287870 seconds, Stopping threads took: 0.0000940 seconds
339.235: Application time: 0.0426290 seconds
339.235: [GC [PSYoungGen: 134624K->18928K(134656K)] 398029K->308497K(441344K), 0.0309440 secs] [Times: user=0.24 sys=0.00, real=0.03 secs] 
339.266: [Full GC [PSYoungGen: 18928K->0K(134656K)] [ParOldGen: 289569K->125899K(306688K)] 308497K->125899K(441344K) [PSPermGen: 9158K->9158K(21504K)], 0.1410200 secs] [Times: user=1.04 sys=0.00, real=0.14 secs] 
339.407: Total time for which application threads were stopped: 0.1722010 seconds, Stopping threads took: 0.0000880 seconds
339.453: Application time: 0.0453420 seconds
339.453: [GC [PSYoungGen: 115712K->18937K(134656K)] 241611K->154381K(441344K), 0.0170190 secs] [Times: user=0.13 sys=0.00, real=0.01 secs] 
339.470: Total time for which application threads were stopped: 0.0172100 seconds, Stopping threads took: 0.0001070 seconds
339.519: Application time: 0.0488550 seconds
339.520: [GC [PSYoungGen: 134649K->18921K(134656K)] 270093K->177397K(441344K), 0.0251630 secs] [Times: user=0.18 sys=0.00, real=0.02 secs] 
339.545: Total time for which application threads were stopped: 0.0261320 seconds, Stopping threads took: 0.0008700 seconds
339.593: Application time: 0.0480700 seconds
339.593: [GC [PSYoungGen: 134633K->18921K(134656K)] 293109K->200762K(441344K), 0.0285420 secs] [Times: user=0.23 sys=0.00, real=0.03 secs] 
339.622: Total time for which application threads were stopped: 0.0287060 seconds, Stopping threads took: 0.0000770 seconds
339.678: Application time: 0.0564900 seconds
339.678: [GC [PSYoungGen: 134633K->18921K(134656K)] 316474K->217075K(441344K), 0.0280520 secs] [Times: user=0.22 sys=0.00, real=0.03 secs] 
339.706: Total time for which application threads were stopped: 0.0282200 seconds, Stopping threads took: 0.0000800 seconds
339.752: Application time: 0.0456850 seconds
339.752: [GC [PSYoungGen: 134633K->18921K(134656K)] 332787K->239669K(441344K), 0.0303550 secs] [Times: user=0.23 sys=0.00, real=0.03 secs] 
339.783: Total time for which application threads were stopped: 0.0305430 seconds, Stopping threads took: 0.0000970 seconds
339.830: Application time: 0.0474820 seconds
339.830: [GC [PSYoungGen: 134633K->18937K(134656K)] 355381K->267354K(441344K), 0.0354240 secs] [Times: user=0.28 sys=0.00, real=0.04 secs] 
339.866: Total time for which application threads were stopped: 0.0356030 seconds, Stopping threads took: 0.0000890 seconds
339.921: Application time: 0.0557710 seconds
339.922: [GC [PSYoungGen: 134649K->18937K(134656K)] 383066K->284556K(441344K), 0.0325420 secs] [Times: user=0.25 sys=0.00, real=0.03 secs] 
339.954: Total time for which application threads were stopped: 0.0327040 seconds, Stopping threads took: 0.0000790 seconds
339.999: Application time: 0.0447230 seconds
339.999: [GC [PSYoungGen: 134649K->18921K(134656K)] 400268K->308796K(441344K), 0.0331850 secs] [Times: user=0.26 sys=0.00, real=0.04 secs] 
340.032: [Full GC [PSYoungGen: 18921K->0K(134656K)] [ParOldGen: 289874K->125677K(306688K)] 308796K->125677K(441344K) [PSPermGen: 9158K->9158K(21504K)], 0.1408310 secs] [Times: user=1.03 sys=0.00, real=0.14 secs] 
340.173: Total time for which application threads were stopped: 0.1742660 seconds, Stopping threads took: 0.0000980 seconds
340.219: Application time: 0.0455540 seconds
340.219: [GC [PSYoungGen: 115712K->18928K(134656K)] 241389K->154430K(441344K), 0.0168750 secs] [Times: user=0.13 sys=0.00, real=0.02 secs] 
340.236: Total time for which application threads were stopped: 0.0170540 seconds, Stopping threads took: 0.0000780 seconds
340.288: Application time: 0.0521390 seconds
340.288: [GC [PSYoungGen: 134588K->18928K(134656K)] 270090K->175561K(441344K), 0.0239470 secs] [Times: user=0.18 sys=0.00, real=0.03 secs] 
340.312: Total time for which application threads were stopped: 0.0241160 seconds, Stopping threads took: 0.0000820 seconds
340.359: Application time: 0.0470680 seconds
340.359: [GC [PSYoungGen: 134640K->18912K(134656K)] 291273K->199128K(441344K), 0.0285520 secs] [Times: user=0.23 sys=0.00, real=0.03 secs] 
340.388: Total time for which application threads were stopped: 0.0287160 seconds, Stopping threads took: 0.0000780 seconds
340.445: Application time: 0.0571770 seconds
340.445: [GC [PSYoungGen: 134624K->18928K(134656K)] 314840K->216283K(441344K), 0.0288900 secs] [Times: user=0.23 sys=0.00, real=0.03 secs] 
340.474: Total time for which application threads were stopped: 0.0290990 seconds, Stopping threads took: 0.0001240 seconds
340.519: Application time: 0.0452410 seconds
340.524: [GC [PSYoungGen: 134640K->18928K(134656K)] 331995K->239881K(441344K), 0.0303090 secs] [Times: user=0.24 sys=0.00, real=0.03 secs] 
340.554: Total time for which application threads were stopped: 0.0346760 seconds, Stopping threads took: 0.0042770 seconds
340.603: Application time: 0.0492690 seconds
340.603: [GC [PSYoungGen: 134640K->18928K(134656K)] 355593K->267586K(441344K), 0.0342650 secs] [Times: user=0.27 sys=0.00, real=0.03 secs] 
340.638: Total time for which application threads were stopped: 0.0344490 seconds, Stopping threads took: 0.0000970 seconds
340.692: Application time: 0.0547180 seconds
340.696: [GC [PSYoungGen: 134640K->18912K(134656K)] 383298K->285228K(441344K), 0.0310800 secs] [Times: user=0.24 sys=0.00, real=0.03 secs] 
340.727: Total time for which application threads were stopped: 0.0343430 seconds, Stopping threads took: 0.0031790 seconds
340.773: Application time: 0.0458740 seconds
340.773: [GC [PSYoungGen: 134624K->18928K(134656K)] 400940K->308488K(441344K), 0.0321920 secs] [Times: user=0.25 sys=0.00, real=0.03 secs] 
340.805: [Full GC [PSYoungGen: 18928K->0K(134656K)] [ParOldGen: 289560K->130862K(306688K)] 308488K->130862K(441344K) [PSPermGen: 9158K->9158K(21504K)], 0.1505860 secs] [Times: user=1.12 sys=0.00, real=0.15 secs] 
340.956: Total time for which application threads were stopped: 0.1830570 seconds, Stopping threads took: 0.0001080 seconds
341.004: Application time: 0.0481000 seconds
341.004: [GC [PSYoungGen: 115712K->18923K(134656K)] 246574K->159695K(441344K), 0.0174710 secs] [Times: user=0.13 sys=0.00, real=0.02 secs] 
341.021: Total time for which application threads were stopped: 0.0176390 seconds, Stopping threads took: 0.0000810 seconds
341.070: Application time: 0.0488200 seconds
341.070: [GC [PSYoungGen: 134635K->18912K(134656K)] 275407K->182033K(441344K), 0.0236880 secs] [Times: user=0.19 sys=0.00, real=0.03 secs] 
341.094: Total time for which application threads were stopped: 0.0238580 seconds, Stopping threads took: 0.0000840 seconds
341.141: Application time: 0.0466680 seconds
341.141: [GC [PSYoungGen: 134624K->18912K(134656K)] 297745K->205222K(441344K), 0.0266300 secs] [Times: user=0.21 sys=0.00, real=0.02 secs] 
341.168: Total time for which application threads were stopped: 0.0268080 seconds, Stopping threads took: 0.0000890 seconds
341.224: Application time: 0.0566780 seconds
341.224: [GC [PSYoungGen: 134435K->18928K(134656K)] 320744K->222096K(441344K), 0.0274730 secs] [Times: user=0.21 sys=0.00, real=0.03 secs] 
341.252: Total time for which application threads were stopped: 0.0276240 seconds, Stopping threads took: 0.0000670 seconds
341.297: Application time: 0.0452520 seconds
341.297: [GC [PSYoungGen: 134501K->18912K(134656K)] 337669K->245113K(441344K), 0.0287240 secs] [Times: user=0.23 sys=0.00, real=0.03 secs] 
341.326: Total time for which application threads were stopped: 0.0289070 seconds, Stopping threads took: 0.0000830 seconds
341.374: Application time: 0.0481600 seconds
341.376: [GC [PSYoungGen: 134624K->18912K(134656K)] 360825K->273775K(441344K), 0.0342370 secs] [Times: user=0.27 sys=0.00, real=0.03 secs] 
341.410: Total time for which application threads were stopped: 0.0356380 seconds, Stopping threads took: 0.0013100 seconds
341.467: Application time: 0.0568680 seconds
341.467: [GC [PSYoungGen: 134624K->18912K(134656K)] 389487K->290177K(441344K), 0.0298100 secs] [Times: user=0.24 sys=0.00, real=0.03 secs] 
341.497: Total time for which application threads were stopped: 0.0299760 seconds, Stopping threads took: 0.0000800 seconds
341.543: Application time: 0.0458450 seconds
341.543: [GC [PSYoungGen: 134624K->18912K(134656K)] 405889K->314674K(441344K), 0.0320310 secs] [Times: user=0.25 sys=0.00, real=0.03 secs] 
341.575: [Full GC [PSYoungGen: 18912K->0K(134656K)] [ParOldGen: 295761K->132670K(306688K)] 314674K->132670K(441344K) [PSPermGen: 9160K->9157K(21504K)], 0.1586690 secs] [Times: user=1.15 sys=0.01, real=0.16 secs] 
341.734: Total time for which application threads were stopped: 0.1909340 seconds, Stopping threads took: 0.0000880 seconds
341.785: Application time: 0.0515280 seconds
341.785: [GC [PSYoungGen: 115712K->18912K(134656K)] 248382K->159051K(441344K), 0.0167290 secs] [Times: user=0.13 sys=0.00, real=0.02 secs] 
341.802: Total time for which application threads were stopped: 0.0168830 seconds, Stopping threads took: 0.0000700 seconds
341.848: Application time: 0.0460120 seconds
341.848: [GC [PSYoungGen: 134624K->18928K(134656K)] 274763K->181675K(441344K), 0.0236880 secs] [Times: user=0.18 sys=0.00, real=0.03 secs] 
341.872: Total time for which application threads were stopped: 0.0238610 seconds, Stopping threads took: 0.0000730 seconds
341.919: Application time: 0.0475900 seconds
341.920: [GC [PSYoungGen: 134640K->18928K(134656K)] 297387K->206520K(441344K), 0.0281790 secs] [Times: user=0.22 sys=0.01, real=0.03 secs] 
341.948: Total time for which application threads were stopped: 0.0283400 seconds, Stopping threads took: 0.0000740 seconds
342.007: Application time: 0.0588100 seconds
342.007: [GC [PSYoungGen: 134640K->18912K(134656K)] 322232K->222279K(441344K), 0.0275030 secs] [Times: user=0.22 sys=0.00, real=0.03 secs] 
342.034: Total time for which application threads were stopped: 0.0276910 seconds, Stopping threads took: 0.0001040 seconds
342.081: Application time: 0.0465790 seconds
342.081: [GC [PSYoungGen: 134624K->18912K(134656K)] 337991K->244103K(441344K), 0.0304040 secs] [Times: user=0.24 sys=0.00, real=0.02 secs] 
342.111: Total time for which application threads were stopped: 0.0305790 seconds, Stopping threads took: 0.0000880 seconds
342.156: Application time: 0.0444160 seconds
342.156: [GC [PSYoungGen: 134624K->18912K(134656K)] 359815K->273775K(441344K), 0.0337580 secs] [Times: user=0.27 sys=0.00, real=0.03 secs] 
342.190: Total time for which application threads were stopped: 0.0339120 seconds, Stopping threads took: 0.0000670 seconds
342.246: Application time: 0.0565750 seconds
342.246: [GC [PSYoungGen: 134624K->18928K(134656K)] 389487K->291031K(441344K), 0.0311860 secs] [Times: user=0.24 sys=0.00, real=0.03 secs] 
342.278: [Full GC [PSYoungGen: 18928K->0K(134656K)] [ParOldGen: 272102K->127973K(306688K)] 291031K->127973K(441344K) [PSPermGen: 9157K->9157K(21504K)], 0.1493070 secs] [Times: user=1.12 sys=0.00, real=0.15 secs] 
342.427: Total time for which application threads were stopped: 0.1807100 seconds, Stopping threads took: 0.0000720 seconds
342.472: Application time: 0.0453880 seconds
342.476: [GC [PSYoungGen: 115712K->18935K(134656K)] 243685K->151719K(441344K), 0.0128540 secs] [Times: user=0.10 sys=0.00, real=0.01 secs] 
342.489: Total time for which application threads were stopped: 0.0160990 seconds, Stopping threads took: 0.0031490 seconds
342.538: Application time: 0.0492290 seconds
342.538: [GC [PSYoungGen: 134647K->18928K(134656K)] 267431K->177499K(441344K), 0.0245850 secs] [Times: user=0.19 sys=0.00, real=0.03 secs] 
342.562: Total time for which application threads were stopped: 0.0247480 seconds, Stopping threads took: 0.0000760 seconds
342.610: Application time: 0.0477410 seconds
342.610: [GC [PSYoungGen: 134640K->18928K(134656K)] 293211K->199173K(441344K), 0.0257480 secs] [Times: user=0.20 sys=0.00, real=0.03 secs] 
342.636: Total time for which application threads were stopped: 0.0259060 seconds, Stopping threads took: 0.0000700 seconds
342.682: Application time: 0.0462890 seconds
342.683: [GC [PSYoungGen: 134640K->18912K(134656K)] 314885K->224478K(441344K), 0.0299560 secs] [Times: user=0.23 sys=0.00, real=0.03 secs] 
342.713: Total time for which application threads were stopped: 0.0301510 seconds, Stopping threads took: 0.0001060 seconds
342.769: Application time: 0.0569000 seconds
342.770: [GC [PSYoungGen: 134624K->18912K(134656K)] 340190K->242211K(441344K), 0.0296780 secs] [Times: user=0.23 sys=0.00, real=0.03 secs] 
342.799: Total time for which application threads were stopped: 0.0298520 seconds, Stopping threads took: 0.0000890 seconds
342.847: Application time: 0.0475190 seconds
342.847: [GC [PSYoungGen: 134624K->18912K(134656K)] 357923K->263454K(441344K), 0.0277990 secs] [Times: user=0.22 sys=0.00, real=0.03 secs] 
342.875: Total time for which application threads were stopped: 0.0279920 seconds, Stopping threads took: 0.0001040 seconds
342.921: Application time: 0.0461420 seconds
342.921: [GC [PSYoungGen: 134624K->18912K(134656K)] 379166K->292485K(441344K), 0.0327050 secs] [Times: user=0.26 sys=0.00, real=0.03 secs] 
342.954: [Full GC [PSYoungGen: 18912K->0K(134656K)] [ParOldGen: 273572K->141422K(306688K)] 292485K->141422K(441344K) [PSPermGen: 9157K->9157K(21504K)], 0.1680900 secs] [Times: user=1.25 sys=0.00, real=0.17 secs] 
343.122: Total time for which application threads were stopped: 0.2010330 seconds, Stopping threads took: 0.0000890 seconds
343.180: Application time: 0.0575890 seconds
343.180: [GC [PSYoungGen: 115712K->17312K(134656K)] 257134K->158734K(441344K), 0.0144130 secs] [Times: user=0.11 sys=0.00, real=0.01 secs] 
343.194: Total time for which application threads were stopped: 0.0146130 seconds, Stopping threads took: 0.0001030 seconds
343.240: Application time: 0.0461480 seconds
343.241: [GC [PSYoungGen: 132987K->18912K(134656K)] 274410K->181292K(441344K), 0.0233920 secs] [Times: user=0.17 sys=0.01, real=0.02 secs] 
343.264: Total time for which application threads were stopped: 0.0235600 seconds, Stopping threads took: 0.0000810 seconds
343.315: Application time: 0.0510750 seconds
343.315: [GC [PSYoungGen: 134624K->18912K(134656K)] 297004K->207651K(441344K), 0.0296260 secs] [Times: user=0.23 sys=0.00, real=0.03 secs] 
343.345: Total time for which application threads were stopped: 0.0297750 seconds, Stopping threads took: 0.0000620 seconds
343.395: Application time: 0.0505220 seconds
343.395: [GC [PSYoungGen: 134624K->18928K(134656K)] 323363K->228599K(441344K), 0.0276440 secs] [Times: user=0.21 sys=0.00, real=0.03 secs] 
343.423: Total time for which application threads were stopped: 0.0278350 seconds, Stopping threads took: 0.0001040 seconds
343.470: Application time: 0.0464420 seconds
343.470: [GC [PSYoungGen: 134640K->18928K(134656K)] 344311K->252881K(441344K), 0.0301370 secs] [Times: user=0.22 sys=0.00, real=0.04 secs] 
343.500: Total time for which application threads were stopped: 0.0303180 seconds, Stopping threads took: 0.0000930 seconds
343.555: Application time: 0.0551400 seconds
343.560: [GC [PSYoungGen: 134640K->18928K(134656K)] 368593K->272764K(441344K), 0.0302070 secs] [Times: user=0.24 sys=0.00, real=0.02 secs] 
343.590: Total time for which application threads were stopped: 0.0347580 seconds, Stopping threads took: 0.0044680 seconds
343.636: Application time: 0.0457530 seconds
343.636: [GC [PSYoungGen: 134640K->18928K(134656K)] 388476K->295570K(441344K), 0.0293820 secs] [Times: user=0.23 sys=0.00, real=0.03 secs] 
343.665: [Full GC [PSYoungGen: 18928K->0K(134656K)] [ParOldGen: 276641K->124884K(306688K)] 295570K->124884K(441344K) [PSPermGen: 9157K->9157K(21504K)], 0.1390280 secs] [Times: user=1.02 sys=0.00, real=0.14 secs] 
343.804: Total time for which application threads were stopped: 0.1686370 seconds, Stopping threads took: 0.0000770 seconds
343.848: Application time: 0.0439440 seconds
343.848: [GC [PSYoungGen: 115712K->18926K(134656K)] 240596K->153636K(441344K), 0.0168640 secs] [Times: user=0.13 sys=0.00, real=0.02 secs] 
343.865: Total time for which application threads were stopped: 0.0170570 seconds, Stopping threads took: 0.0000960 seconds
343.923: Application time: 0.0580640 seconds
343.923: [GC [PSYoungGen: 134638K->18942K(134656K)] 269348K->170085K(441344K), 0.0234660 secs] [Times: user=0.18 sys=0.00, real=0.02 secs] 
343.947: Total time for which application threads were stopped: 0.0236280 seconds, Stopping threads took: 0.0000780 seconds
343.994: Application time: 0.0471930 seconds
343.994: [GC [PSYoungGen: 134654K->18912K(134656K)] 285797K->192752K(441344K), 0.0275340 secs] [Times: user=0.22 sys=0.00, real=0.03 secs] 
344.022: Total time for which application threads were stopped: 0.0277260 seconds, Stopping threads took: 0.0000820 seconds
344.072: Application time: 0.0503610 seconds
344.072: [GC [PSYoungGen: 134624K->18928K(134656K)] 308464K->218057K(441344K), 0.0322910 secs] [Times: user=0.25 sys=0.00, real=0.03 secs] 
344.105: Total time for which application threads were stopped: 0.0324650 seconds, Stopping threads took: 0.0000880 seconds
344.154: Application time: 0.0491530 seconds
344.154: [GC [PSYoungGen: 134640K->18912K(134656K)] 333769K->238789K(441344K), 0.0301620 secs] [Times: user=0.24 sys=0.00, real=0.03 secs] 
344.184: Total time for which application threads were stopped: 0.0303270 seconds, Stopping threads took: 0.0000780 seconds
344.230: Application time: 0.0454670 seconds
344.232: [GC [PSYoungGen: 134624K->18912K(134656K)] 354501K->265121K(441344K), 0.0334610 secs] [Times: user=0.26 sys=0.00, real=0.03 secs] 
344.265: Total time for which application threads were stopped: 0.0354530 seconds, Stopping threads took: 0.0019030 seconds
344.322: Application time: 0.0566930 seconds
344.322: [GC [PSYoungGen: 134624K->18912K(134656K)] 380833K->284580K(441344K), 0.0331530 secs] [Times: user=0.26 sys=0.00, real=0.03 secs] 
344.355: Total time for which application threads were stopped: 0.0333440 seconds, Stopping threads took: 0.0000960 seconds
344.400: Application time: 0.0450350 seconds
344.400: [GC [PSYoungGen: 134624K->18912K(134656K)] 400292K->308781K(441344K), 0.0321930 secs] [Times: user=0.25 sys=0.00, real=0.03 secs] 
344.433: [Full GC [PSYoungGen: 18912K->0K(134656K)] [ParOldGen: 289869K->127177K(306688K)] 308781K->127177K(441344K) [PSPermGen: 9157K->9157K(21504K)], 0.1416390 secs] [Times: user=1.05 sys=0.00, real=0.14 secs] 
344.574: Total time for which application threads were stopped: 0.1740720 seconds, Stopping threads took: 0.0000770 seconds
344.618: Application time: 0.0439150 seconds
344.618: [GC [PSYoungGen: 115712K->18912K(134656K)] 242889K->155344K(441344K), 0.0163560 secs] [Times: user=0.13 sys=0.00, real=0.02 secs] 
344.635: Total time for which application threads were stopped: 0.0165700 seconds, Stopping threads took: 0.0001240 seconds
344.695: Application time: 0.0599030 seconds
344.695: [GC [PSYoungGen: 134624K->18928K(134656K)] 271056K->170042K(441344K), 0.0230380 secs] [Times: user=0.18 sys=0.00, real=0.02 secs] 
344.718: Total time for which application threads were stopped: 0.0232250 seconds, Stopping threads took: 0.0001020 seconds
344.767: Application time: 0.0495050 seconds
344.768: [GC [PSYoungGen: 134640K->18928K(134656K)] 285754K->189300K(441344K), 0.0315630 secs] [Times: user=0.22 sys=0.00, real=0.03 secs] 
344.799: Total time for which application threads were stopped: 0.0317600 seconds, Stopping threads took: 0.0001100 seconds
344.845: Application time: 0.0459380 seconds
344.845: [GC [PSYoungGen: 134640K->18928K(134656K)] 305012K->214777K(441344K), 0.0311660 secs] [Times: user=0.25 sys=0.00, real=0.03 secs] 
344.876: Total time for which application threads were stopped: 0.0313470 seconds, Stopping threads took: 0.0000960 seconds
344.925: Application time: 0.0484680 seconds
344.925: [GC [PSYoungGen: 134640K->18928K(134656K)] 330489K->237792K(441344K), 0.0318890 secs] [Times: user=0.26 sys=0.00, real=0.03 secs] 
344.957: Total time for which application threads were stopped: 0.0320930 seconds, Stopping threads took: 0.0001060 seconds
345.002: Application time: 0.0446060 seconds
345.002: [GC [PSYoungGen: 134640K->18912K(134656K)] 353504K->265060K(441344K), 0.0333570 secs] [Times: user=0.26 sys=0.00, real=0.03 secs] 
345.035: Total time for which application threads were stopped: 0.0335350 seconds, Stopping threads took: 0.0000910 seconds
345.091: Application time: 0.0561540 seconds
345.091: [GC [PSYoungGen: 134624K->18928K(134656K)] 380772K->285100K(441344K), 0.0337100 secs] [Times: user=0.26 sys=0.00, real=0.04 secs] 
345.125: Total time for which application threads were stopped: 0.0338930 seconds, Stopping threads took: 0.0000990 seconds
345.170: Application time: 0.0449550 seconds
345.170: [GC [PSYoungGen: 134510K->18912K(134656K)] 400682K->308537K(441344K), 0.0313470 secs] [Times: user=0.24 sys=0.00, real=0.04 secs] 
345.202: [Full GC [PSYoungGen: 18912K->0K(134656K)] [ParOldGen: 289625K->127240K(306688K)] 308537K->127240K(441344K) [PSPermGen: 9157K->9157K(21504K)], 0.1399250 secs] [Times: user=1.04 sys=0.00, real=0.14 secs] 
345.342: Total time for which application threads were stopped: 0.1715000 seconds, Stopping threads took: 0.0000790 seconds
345.385: Application time: 0.0430690 seconds
345.385: [GC [PSYoungGen: 115712K->18928K(134656K)] 242952K->155469K(441344K), 0.0160240 secs] [Times: user=0.13 sys=0.00, real=0.02 secs] 
345.401: Total time for which application threads were stopped: 0.0161910 seconds, Stopping threads took: 0.0000800 seconds
345.458: Application time: 0.0567990 seconds
345.458: [GC [PSYoungGen: 134640K->18928K(134656K)] 271181K->172076K(441344K), 0.0234750 secs] [Times: user=0.19 sys=0.00, real=0.03 secs] 
345.481: Total time for which application threads were stopped: 0.0236610 seconds, Stopping threads took: 0.0000920 seconds
345.531: Application time: 0.0491510 seconds
345.531: [GC [PSYoungGen: 134415K->18928K(134656K)] 287564K->192234K(441344K), 0.0267030 secs] [Times: user=0.21 sys=0.00, real=0.03 secs] 
345.557: Total time for which application threads were stopped: 0.0269020 seconds, Stopping threads took: 0.0001020 seconds
345.606: Application time: 0.0486990 seconds
345.606: [GC [PSYoungGen: 134640K->18912K(134656K)] 307946K->217482K(441344K), 0.0314610 secs] [Times: user=0.24 sys=0.00, real=0.03 secs] 
345.638: Total time for which application threads were stopped: 0.0316370 seconds, Stopping threads took: 0.0000870 seconds
345.687: Application time: 0.0492040 seconds
345.687: [GC [PSYoungGen: 134624K->18928K(134656K)] 333194K->237758K(441344K), 0.0301890 secs] [Times: user=0.24 sys=0.00, real=0.03 secs] 
345.717: Total time for which application threads were stopped: 0.0303690 seconds, Stopping threads took: 0.0000910 seconds
345.761: Application time: 0.0436820 seconds
345.761: [GC [PSYoungGen: 134640K->18928K(134656K)] 353470K->265912K(441344K), 0.0334860 secs] [Times: user=0.26 sys=0.00, real=0.03 secs] 
345.795: Total time for which application threads were stopped: 0.0336600 seconds, Stopping threads took: 0.0000850 seconds
345.852: Application time: 0.0572820 seconds
345.852: [GC [PSYoungGen: 134640K->18928K(134656K)] 381624K->287303K(441344K), 0.0350200 secs] [Times: user=0.27 sys=0.00, real=0.03 secs] 
345.887: Total time for which application threads were stopped: 0.0351890 seconds, Stopping threads took: 0.0000870 seconds
345.934: Application time: 0.0465140 seconds
345.934: [GC [PSYoungGen: 134535K->18912K(134656K)] 402910K->309350K(441344K), 0.0318940 secs] [Times: user=0.25 sys=0.00, real=0.03 secs] 
345.966: [Full GC [PSYoungGen: 18912K->0K(134656K)] [ParOldGen: 290437K->125415K(306688K)] 309350K->125415K(441344K) [PSPermGen: 9157K->9157K(21504K)], 0.1389410 secs] [Times: user=1.03 sys=0.00, real=0.14 secs] 
346.105: Total time for which application threads were stopped: 0.1710570 seconds, Stopping threads took: 0.0000750 seconds
346.148: Application time: 0.0435670 seconds
346.148: [GC [PSYoungGen: 115712K->18928K(134656K)] 241127K->153630K(441344K), 0.0153860 secs] [Times: user=0.12 sys=0.00, real=0.02 secs] 
346.164: Total time for which application threads were stopped: 0.0155590 seconds, Stopping threads took: 0.0000730 seconds
346.222: Application time: 0.0581950 seconds
346.224: [GC [PSYoungGen: 134640K->18928K(134656K)] 269342K->171337K(441344K), 0.0237070 secs] [Times: user=0.19 sys=0.00, real=0.02 secs] 
346.247: Total time for which application threads were stopped: 0.0252510 seconds, Stopping threads took: 0.0014620 seconds
346.295: Application time: 0.0474030 seconds
346.295: [GC [PSYoungGen: 134553K->18912K(134656K)] 286962K->191675K(441344K), 0.0279930 secs] [Times: user=0.21 sys=0.00, real=0.03 secs] 
346.323: Total time for which application threads were stopped: 0.0281790 seconds, Stopping threads took: 0.0000970 seconds
346.374: Application time: 0.0507200 seconds
346.376: [GC [PSYoungGen: 134624K->18912K(134656K)] 307387K->215621K(441344K), 0.0319080 secs] [Times: user=0.25 sys=0.00, real=0.03 secs] 
346.408: Total time for which application threads were stopped: 0.0339490 seconds, Stopping threads took: 0.0019570 seconds
346.455: Application time: 0.0477500 seconds
346.455: [GC [PSYoungGen: 134624K->18912K(134656K)] 331333K->236073K(441344K), 0.0296280 secs] [Times: user=0.23 sys=0.01, real=0.03 secs] 
346.485: Total time for which application threads were stopped: 0.0298360 seconds, Stopping threads took: 0.0001180 seconds
346.529: Application time: 0.0440570 seconds
346.529: [GC [PSYoungGen: 134624K->18928K(134656K)] 351785K->265197K(441344K), 0.0352680 secs] [Times: user=0.28 sys=0.00, real=0.04 secs] 
346.565: Total time for which application threads were stopped: 0.0354310 seconds, Stopping threads took: 0.0000760 seconds
346.623: Application time: 0.0584020 seconds
346.623: [GC [PSYoungGen: 134640K->18912K(134656K)] 380909K->286198K(441344K), 0.0359140 secs] [Times: user=0.28 sys=0.00, real=0.03 secs] 
346.659: Total time for which application threads were stopped: 0.0360880 seconds, Stopping threads took: 0.0000890 seconds
346.707: Application time: 0.0479450 seconds
346.707: [GC [PSYoungGen: 134624K->18912K(134656K)] 401910K->307638K(441344K), 0.0321950 secs] [Times: user=0.26 sys=0.00, real=0.03 secs] 
346.739: [Full GC [PSYoungGen: 18912K->0K(134656K)] [ParOldGen: 288726K->125018K(306688K)] 307638K->125018K(441344K) [PSPermGen: 9157K->9157K(21504K)], 0.1422860 secs] [Times: user=1.06 sys=0.00, real=0.15 secs] 
346.882: Total time for which application threads were stopped: 0.1747170 seconds, Stopping threads took: 0.0000730 seconds
346.924: Application time: 0.0420400 seconds
346.927: [GC [PSYoungGen: 115712K->18940K(134656K)] 240730K->153345K(441344K), 0.0155560 secs] [Times: user=0.12 sys=0.00, real=0.02 secs] 
346.943: Total time for which application threads were stopped: 0.0190970 seconds, Stopping threads took: 0.0034510 seconds
347.000: Application time: 0.0574830 seconds
347.004: [GC [PSYoungGen: 134652K->18922K(134656K)] 269057K->172331K(441344K), 0.0248700 secs] [Times: user=0.20 sys=0.00, real=0.02 secs] 
347.029: Total time for which application threads were stopped: 0.0281550 seconds, Stopping threads took: 0.0031750 seconds
347.079: Application time: 0.0501300 seconds
347.079: [GC [PSYoungGen: 134634K->18922K(134656K)] 288043K->192010K(441344K), 0.0272940 secs] [Times: user=0.21 sys=0.00, real=0.03 secs] 
347.106: Total time for which application threads were stopped: 0.0274980 seconds, Stopping threads took: 0.0001140 seconds
347.159: Application time: 0.0527160 seconds
347.159: [GC [PSYoungGen: 134634K->18938K(134656K)] 307722K->215423K(441344K), 0.0312110 secs] [Times: user=0.25 sys=0.00, real=0.03 secs] 
347.190: Total time for which application threads were stopped: 0.0314050 seconds, Stopping threads took: 0.0001050 seconds
347.240: Application time: 0.0494440 seconds
347.240: [GC [PSYoungGen: 134650K->18922K(134656K)] 331135K->235827K(441344K), 0.0301540 secs] [Times: user=0.24 sys=0.00, real=0.02 secs] 
347.270: Total time for which application threads were stopped: 0.0303810 seconds, Stopping threads took: 0.0001270 seconds
347.313: Application time: 0.0428660 seconds
347.313: [GC [PSYoungGen: 134634K->18922K(134656K)] 351539K->264403K(441344K), 0.0336160 secs] [Times: user=0.26 sys=0.00, real=0.03 secs] 
347.347: Total time for which application threads were stopped: 0.0337770 seconds, Stopping threads took: 0.0000720 seconds
347.402: Application time: 0.0548600 seconds
347.404: [GC [PSYoungGen: 134634K->18922K(134656K)] 380115K->286776K(441344K), 0.0351700 secs] [Times: user=0.28 sys=0.00, real=0.03 secs] 
347.439: Total time for which application threads were stopped: 0.0371110 seconds, Stopping threads took: 0.0018550 seconds
347.487: Application time: 0.0484320 seconds
347.487: [GC [PSYoungGen: 134559K->18922K(134656K)] 402414K->307507K(441344K), 0.0319730 secs] [Times: user=0.25 sys=0.00, real=0.03 secs] 
347.519: [Full GC [PSYoungGen: 18922K->0K(134656K)] [ParOldGen: 288584K->124159K(306688K)] 307507K->124159K(441344K) [PSPermGen: 9157K->9157K(21504K)], 0.1384280 secs] [Times: user=1.02 sys=0.00, real=0.14 secs] 
347.658: Total time for which application threads were stopped: 0.1706560 seconds, Stopping threads took: 0.0001000 seconds
347.702: Application time: 0.0439060 seconds
347.702: [GC [PSYoungGen: 115712K->18916K(134656K)] 239871K->153451K(441344K), 0.0158940 secs] [Times: user=0.12 sys=0.00, real=0.01 secs] 
347.718: Total time for which application threads were stopped: 0.0160710 seconds, Stopping threads took: 0.0000920 seconds
347.775: Application time: 0.0568360 seconds
347.775: [GC [PSYoungGen: 134628K->18930K(134656K)] 269163K->171284K(441344K), 0.0236880 secs] [Times: user=0.19 sys=0.00, real=0.02 secs] 
347.799: Total time for which application threads were stopped: 0.0238540 seconds, Stopping threads took: 0.0000680 seconds
347.849: Application time: 0.0506130 seconds
347.849: [GC [PSYoungGen: 134642K->18914K(134656K)] 286996K->190843K(441344K), 0.0264580 secs] [Times: user=0.21 sys=0.00, real=0.03 secs] 
347.876: Total time for which application threads were stopped: 0.0266230 seconds, Stopping threads took: 0.0000780 seconds
347.926: Application time: 0.0499160 seconds
347.928: [GC [PSYoungGen: 134626K->18914K(134656K)] 306555K->214711K(441344K), 0.0312950 secs] [Times: user=0.24 sys=0.00, real=0.03 secs] 
347.959: Total time for which application threads were stopped: 0.0332010 seconds, Stopping threads took: 0.0018200 seconds
348.009: Application time: 0.0499740 seconds
348.009: [GC [PSYoungGen: 134626K->18930K(134656K)] 330423K->233864K(441344K), 0.0293980 secs] [Times: user=0.23 sys=0.00, real=0.03 secs] 
348.038: Total time for which application threads were stopped: 0.0295590 seconds, Stopping threads took: 0.0000730 seconds
348.082: Application time: 0.0434460 seconds
348.082: [GC [PSYoungGen: 134642K->18914K(134656K)] 349576K->263423K(441344K), 0.0357980 secs] [Times: user=0.27 sys=0.00, real=0.03 secs] 
348.118: Total time for which application threads were stopped: 0.0359690 seconds, Stopping threads took: 0.0000840 seconds
348.175: Application time: 0.0566550 seconds
348.175: [GC [PSYoungGen: 134626K->18914K(134656K)] 379135K->286160K(441344K), 0.0362620 secs] [Times: user=0.26 sys=0.00, real=0.03 secs] 
348.211: Total time for which application threads were stopped: 0.0365710 seconds, Stopping threads took: 0.0002190 seconds
348.262: Application time: 0.0510640 seconds
348.262: [GC [PSYoungGen: 134626K->18914K(134656K)] 401872K->303879K(441344K), 0.0306420 secs] [Times: user=0.24 sys=0.00, real=0.03 secs] 
348.293: [Full GC [PSYoungGen: 18914K->0K(134656K)] [ParOldGen: 284964K->120763K(306688K)] 303879K->120763K(441344K) [PSPermGen: 9157K->9157K(21504K)], 0.1399120 secs] [Times: user=1.04 sys=0.00, real=0.14 secs] 
348.433: Total time for which application threads were stopped: 0.1707840 seconds, Stopping threads took: 0.0000800 seconds
348.474: Application time: 0.0411630 seconds
348.474: [GC [PSYoungGen: 115712K->18928K(134656K)] 236475K->149035K(441344K), 0.0148520 secs] [Times: user=0.11 sys=0.00, real=0.01 secs] 
348.489: Total time for which application threads were stopped: 0.0150540 seconds, Stopping threads took: 0.0001040 seconds
348.545: Application time: 0.0554120 seconds
348.545: [GC [PSYoungGen: 134640K->18928K(134656K)] 264747K->170721K(441344K), 0.0247370 secs] [Times: user=0.20 sys=0.00, real=0.02 secs] 
348.570: Total time for which application threads were stopped: 0.0248880 seconds, Stopping threads took: 0.0000680 seconds
348.617: Application time: 0.0477430 seconds
348.617: [GC [PSYoungGen: 134640K->18912K(134656K)] 286433K->190624K(441344K), 0.0250910 secs] [Times: user=0.20 sys=0.00, real=0.03 secs] 
348.643: Total time for which application threads were stopped: 0.0252570 seconds, Stopping threads took: 0.0000750 seconds
348.694: Application time: 0.0510610 seconds
348.696: [GC [PSYoungGen: 134624K->18928K(134656K)] 306336K->214377K(441344K), 0.0309040 secs] [Times: user=0.24 sys=0.00, real=0.03 secs] 
348.727: Total time for which application threads were stopped: 0.0329660 seconds, Stopping threads took: 0.0019720 seconds
348.777: Application time: 0.0504800 seconds
348.777: [GC [PSYoungGen: 134640K->18928K(134656K)] 330089K->233512K(441344K), 0.0292970 secs] [Times: user=0.23 sys=0.00, real=0.03 secs] 
348.806: Total time for which application threads were stopped: 0.0294480 seconds, Stopping threads took: 0.0000610 seconds
348.852: Application time: 0.0460220 seconds
348.853: [GC [PSYoungGen: 134640K->18912K(134656K)] 349224K->261985K(441344K), 0.0347220 secs] [Times: user=0.27 sys=0.00, real=0.03 secs] 
348.887: Total time for which application threads were stopped: 0.0349250 seconds, Stopping threads took: 0.0001120 seconds
348.943: Application time: 0.0559930 seconds
348.944: [GC [PSYoungGen: 134624K->18912K(134656K)] 377697K->285097K(441344K), 0.0354660 secs] [Times: user=0.28 sys=0.00, real=0.03 secs] 
348.979: Total time for which application threads were stopped: 0.0356520 seconds, Stopping threads took: 0.0001000 seconds
349.033: Application time: 0.0535670 seconds
349.036: [GC [PSYoungGen: 134624K->18928K(134656K)] 400809K->302183K(441344K), 0.0413700 secs] [Times: user=0.26 sys=0.01, real=0.04 secs] 
349.077: [Full GC [PSYoungGen: 18928K->0K(134656K)] [ParOldGen: 283255K->125335K(306688K)] 302183K->125335K(441344K) [PSPermGen: 9157K->9157K(21504K)], 0.1473830 secs] [Times: user=1.08 sys=0.00, real=0.15 secs] 
349.225: Total time for which application threads were stopped: 0.1918570 seconds, Stopping threads took: 0.0029330 seconds
349.267: Application time: 0.0423110 seconds
349.267: [GC [PSYoungGen: 115712K->18918K(134656K)] 241047K->153077K(441344K), 0.0144250 secs] [Times: user=0.11 sys=0.00, real=0.02 secs] 
349.281: Total time for which application threads were stopped: 0.0146470 seconds, Stopping threads took: 0.0001340 seconds
349.337: Application time: 0.0558930 seconds
349.339: [GC [PSYoungGen: 134630K->18912K(134656K)] 268789K->175968K(441344K), 0.0248030 secs] [Times: user=0.19 sys=0.00, real=0.03 secs] 
349.364: Total time for which application threads were stopped: 0.0269530 seconds, Stopping threads took: 0.0020620 seconds
349.417: Application time: 0.0523320 seconds
349.417: [GC [PSYoungGen: 134624K->18912K(134656K)] 291680K->193320K(441344K), 0.0244060 secs] [Times: user=0.19 sys=0.00, real=0.03 secs] 
349.441: Total time for which application threads were stopped: 0.0246070 seconds, Stopping threads took: 0.0001130 seconds
349.488: Application time: 0.0467430 seconds
349.488: [GC [PSYoungGen: 134623K->18928K(134656K)] 309031K->217070K(441344K), 0.0294030 secs] [Times: user=0.23 sys=0.00, real=0.03 secs] 
349.518: Total time for which application threads were stopped: 0.0295830 seconds, Stopping threads took: 0.0000890 seconds
349.566: Application time: 0.0486080 seconds
349.566: [GC [PSYoungGen: 134588K->18912K(134656K)] 332731K->240226K(441344K), 0.0303620 secs] [Times: user=0.24 sys=0.00, real=0.03 secs] 
349.597: Total time for which application threads were stopped: 0.0305520 seconds, Stopping threads took: 0.0000880 seconds
349.642: Application time: 0.0449440 seconds
349.642: [GC [PSYoungGen: 134624K->18928K(134656K)] 355938K->266988K(441344K), 0.0319490 secs] [Times: user=0.25 sys=0.00, real=0.03 secs] 
349.674: Total time for which application threads were stopped: 0.0321260 seconds, Stopping threads took: 0.0000900 seconds
349.728: Application time: 0.0542770 seconds
349.732: [GC [PSYoungGen: 134640K->18912K(134656K)] 382700K->289749K(441344K), 0.0334360 secs] [Times: user=0.27 sys=0.00, real=0.03 secs] 
349.765: Total time for which application threads were stopped: 0.0369830 seconds, Stopping threads took: 0.0034610 seconds
349.814: Application time: 0.0488700 seconds
349.814: [GC [PSYoungGen: 134624K->18912K(134656K)] 405461K->309285K(441344K), 0.0301030 secs] [Times: user=0.23 sys=0.00, real=0.03 secs] 
349.844: [Full GC [PSYoungGen: 18912K->0K(134656K)] [ParOldGen: 290372K->128155K(306688K)] 309285K->128155K(441344K) [PSPermGen: 9157K->9157K(21504K)], 0.1447110 secs] [Times: user=1.08 sys=0.00, real=0.14 secs] 
349.989: Total time for which application threads were stopped: 0.1750500 seconds, Stopping threads took: 0.0000890 seconds
350.033: Application time: 0.0440110 seconds
350.033: [GC [PSYoungGen: 115712K->18929K(134656K)] 243867K->155267K(441344K), 0.0147670 secs] [Times: user=0.11 sys=0.00, real=0.01 secs] 
350.048: Total time for which application threads were stopped: 0.0149350 seconds, Stopping threads took: 0.0000800 seconds
350.101: Application time: 0.0534570 seconds
350.102: [GC [PSYoungGen: 134641K->18919K(134656K)] 270979K->176739K(441344K), 0.0245800 secs] [Times: user=0.19 sys=0.00, real=0.02 secs] 
350.126: Total time for which application threads were stopped: 0.0247560 seconds, Stopping threads took: 0.0000760 seconds
350.177: Application time: 0.0505760 seconds
350.177: [GC [PSYoungGen: 134631K->18935K(134656K)] 292451K->194654K(441344K), 0.0258240 secs] [Times: user=0.19 sys=0.01, real=0.03 secs] 
350.203: Total time for which application threads were stopped: 0.0260130 seconds, Stopping threads took: 0.0001020 seconds
350.250: Application time: 0.0475320 seconds
350.250: [GC [PSYoungGen: 134647K->18920K(134656K)] 310366K->218755K(441344K), 0.0290980 secs] [Times: user=0.23 sys=0.00, real=0.04 secs] 
350.280: Total time for which application threads were stopped: 0.0292990 seconds, Stopping threads took: 0.0001030 seconds
350.330: Application time: 0.0507650 seconds
350.330: [GC [PSYoungGen: 134608K->18920K(134656K)] 334444K->239775K(441344K), 0.0292600 secs] [Times: user=0.23 sys=0.00, real=0.04 secs] 
350.360: Total time for which application threads were stopped: 0.0294270 seconds, Stopping threads took: 0.0000810 seconds
350.405: Application time: 0.0451560 seconds
350.405: [GC [PSYoungGen: 134632K->18936K(134656K)] 355487K->265324K(441344K), 0.0306360 secs] [Times: user=0.24 sys=0.00, real=0.03 secs] 
350.436: Total time for which application threads were stopped: 0.0308090 seconds, Stopping threads took: 0.0000850 seconds
350.486: Application time: 0.0497430 seconds
350.486: [GC [PSYoungGen: 134648K->18936K(134656K)] 381036K->289913K(441344K), 0.0324620 secs] [Times: user=0.25 sys=0.00, real=0.03 secs] 
350.518: Total time for which application threads were stopped: 0.0326500 seconds, Stopping threads took: 0.0001020 seconds
350.568: Application time: 0.0500070 seconds
350.568: [GC [PSYoungGen: 134648K->18920K(134656K)] 405625K->310479K(441344K), 0.0299100 secs] [Times: user=0.24 sys=0.00, real=0.03 secs] 
350.598: [Full GC [PSYoungGen: 18920K->0K(134656K)] [ParOldGen: 291559K->128780K(306688K)] 310479K->128780K(441344K) [PSPermGen: 9157K->9157K(21504K)], 0.1475100 secs] [Times: user=1.08 sys=0.00, real=0.15 secs] 
350.746: Total time for which application threads were stopped: 0.1776710 seconds, Stopping threads took: 0.0001020 seconds
350.790: Application time: 0.0436650 seconds
350.790: [GC [PSYoungGen: 115712K->18934K(134656K)] 244492K->155513K(441344K), 0.0144170 secs] [Times: user=0.11 sys=0.00, real=0.02 secs] 
350.804: Total time for which application threads were stopped: 0.0146180 seconds, Stopping threads took: 0.0001030 seconds
350.858: Application time: 0.0541480 seconds
350.858: [GC [PSYoungGen: 134646K->18928K(134656K)] 271225K->177774K(441344K), 0.0240340 secs] [Times: user=0.19 sys=0.00, real=0.03 secs] 
350.883: Total time for which application threads were stopped: 0.0242140 seconds, Stopping threads took: 0.0000920 seconds
350.934: Application time: 0.0512370 seconds
350.934: [GC [PSYoungGen: 134640K->18928K(134656K)] 293486K->194242K(441344K), 0.0235660 secs] [Times: user=0.19 sys=0.00, real=0.02 secs] 
350.958: Total time for which application threads were stopped: 0.0237520 seconds, Stopping threads took: 0.0000970 seconds
351.004: Application time: 0.0467260 seconds
351.004: [GC [PSYoungGen: 134640K->18912K(134656K)] 309954K->218171K(441344K), 0.0288880 secs] [Times: user=0.22 sys=0.00, real=0.03 secs] 
351.033: Total time for which application threads were stopped: 0.0290490 seconds, Stopping threads took: 0.0000710 seconds
351.086: Application time: 0.0522590 seconds
351.086: [GC [PSYoungGen: 134624K->18928K(134656K)] 333883K->239672K(441344K), 0.0300840 secs] [Times: user=0.23 sys=0.00, real=0.03 secs] 
351.116: Total time for which application threads were stopped: 0.0302620 seconds, Stopping threads took: 0.0000910 seconds
351.161: Application time: 0.0449700 seconds
351.161: [GC [PSYoungGen: 134640K->18912K(134656K)] 355384K->265003K(441344K), 0.0312260 secs] [Times: user=0.24 sys=0.00, real=0.03 secs] 
351.192: Total time for which application threads were stopped: 0.0314090 seconds, Stopping threads took: 0.0000940 seconds
351.244: Application time: 0.0520200 seconds
351.244: [GC [PSYoungGen: 134624K->18928K(134656K)] 380715K->290463K(441344K), 0.0342030 secs] [Times: user=0.27 sys=0.00, real=0.03 secs] 
351.279: Total time for which application threads were stopped: 0.0343950 seconds, Stopping threads took: 0.0001050 seconds
351.328: Application time: 0.0497670 seconds
351.329: [GC [PSYoungGen: 134640K->18912K(134656K)] 406175K->311591K(441344K), 0.0306750 secs] [Times: user=0.24 sys=0.00, real=0.03 secs] 
351.359: [Full GC [PSYoungGen: 18912K->0K(134656K)] [ParOldGen: 292679K->129084K(306688K)] 311591K->129084K(441344K) [PSPermGen: 9157K->9157K(21504K)], 0.1487950 secs] [Times: user=1.11 sys=0.00, real=0.15 secs] 
351.508: Total time for which application threads were stopped: 0.1797360 seconds, Stopping threads took: 0.0000920 seconds
351.552: Application time: 0.0442520 seconds
351.552: [GC [PSYoungGen: 115712K->18935K(134656K)] 244796K->155150K(441344K), 0.0144490 secs] [Times: user=0.12 sys=0.00, real=0.01 secs] 
351.567: Total time for which application threads were stopped: 0.0146120 seconds, Stopping threads took: 0.0000740 seconds
351.620: Application time: 0.0527150 seconds
351.620: [GC [PSYoungGen: 134647K->18928K(134656K)] 270862K->177722K(441344K), 0.0243360 secs] [Times: user=0.19 sys=0.00, real=0.02 secs] 
351.644: Total time for which application threads were stopped: 0.0245190 seconds, Stopping threads took: 0.0000980 seconds
351.696: Application time: 0.0514640 seconds
351.696: [GC [PSYoungGen: 134640K->18928K(134656K)] 293434K->194438K(441344K), 0.0235580 secs] [Times: user=0.19 sys=0.00, real=0.02 secs] 
351.719: Total time for which application threads were stopped: 0.0237160 seconds, Stopping threads took: 0.0000700 seconds
351.767: Application time: 0.0471610 seconds
351.767: [GC [PSYoungGen: 134640K->18928K(134656K)] 310150K->218330K(441344K), 0.0288680 secs] [Times: user=0.23 sys=0.00, real=0.03 secs] 
351.796: Total time for which application threads were stopped: 0.0290490 seconds, Stopping threads took: 0.0000940 seconds
351.848: Application time: 0.0528250 seconds
351.852: [GC [PSYoungGen: 134640K->18928K(134656K)] 334042K->238533K(441344K), 0.0298460 secs] [Times: user=0.23 sys=0.00, real=0.03 secs] 
351.882: Total time for which application threads were stopped: 0.0330540 seconds, Stopping threads took: 0.0031110 seconds
351.927: Application time: 0.0454400 seconds
351.927: [GC [PSYoungGen: 134640K->18928K(134656K)] 354245K->262682K(441344K), 0.0301800 secs] [Times: user=0.24 sys=0.00, real=0.03 secs] 
351.957: Total time for which application threads were stopped: 0.0303540 seconds, Stopping threads took: 0.0000830 seconds
352.006: Application time: 0.0486870 seconds
352.006: [GC [PSYoungGen: 134640K->18928K(134656K)] 378394K->289473K(441344K), 0.0337450 secs] [Times: user=0.27 sys=0.00, real=0.04 secs] 
352.040: Total time for which application threads were stopped: 0.0339100 seconds, Stopping threads took: 0.0000760 seconds
352.089: Application time: 0.0491710 seconds
352.089: [GC [PSYoungGen: 134640K->18912K(134656K)] 405185K->312223K(441344K), 0.0325820 secs] [Times: user=0.26 sys=0.00, real=0.04 secs] 
352.122: [Full GC [PSYoungGen: 18912K->0K(134656K)] [ParOldGen: 293311K->129856K(306688K)] 312223K->129856K(441344K) [PSPermGen: 9157K->9157K(21504K)], 0.1484260 secs] [Times: user=1.07 sys=0.00, real=0.14 secs] 
352.270: Total time for which application threads were stopped: 0.1812960 seconds, Stopping threads took: 0.0001300 seconds
352.315: Application time: 0.0450480 seconds
352.316: [GC [PSYoungGen: 115712K->18917K(134656K)] 245568K->155138K(441344K), 0.0141800 secs] [Times: user=0.11 sys=0.00, real=0.01 secs] 
352.330: Total time for which application threads were stopped: 0.0143460 seconds, Stopping threads took: 0.0000710 seconds
352.383: Application time: 0.0535550 seconds
352.383: [GC [PSYoungGen: 134629K->18912K(134656K)] 270850K->178053K(441344K), 0.0243540 secs] [Times: user=0.19 sys=0.00, real=0.02 secs] 
352.408: Total time for which application threads were stopped: 0.0245520 seconds, Stopping threads took: 0.0000980 seconds
352.459: Application time: 0.0507760 seconds
352.459: [GC [PSYoungGen: 134624K->18912K(134656K)] 293765K->196096K(441344K), 0.0249340 secs] [Times: user=0.20 sys=0.00, real=0.03 secs] 
352.484: Total time for which application threads were stopped: 0.0251310 seconds, Stopping threads took: 0.0001060 seconds
352.532: Application time: 0.0484480 seconds
352.532: [GC [PSYoungGen: 134624K->18912K(134656K)] 311808K->220090K(441344K), 0.0298500 secs] [Times: user=0.24 sys=0.00, real=0.03 secs] 
352.562: Total time for which application threads were stopped: 0.0300500 seconds, Stopping threads took: 0.0001120 seconds
352.620: Application time: 0.0576900 seconds
352.620: [GC [PSYoungGen: 134624K->18928K(134656K)] 335802K->236607K(441344K), 0.0290500 secs] [Times: user=0.23 sys=0.00, real=0.02 secs] 
352.649: Total time for which application threads were stopped: 0.0292200 seconds, Stopping threads took: 0.0000860 seconds
352.693: Application time: 0.0436810 seconds
352.693: [GC [PSYoungGen: 134640K->18928K(134656K)] 352319K->262144K(441344K), 0.0304690 secs] [Times: user=0.24 sys=0.00, real=0.03 secs] 
352.724: Total time for which application threads were stopped: 0.0306420 seconds, Stopping threads took: 0.0000720 seconds
352.773: Application time: 0.0497930 seconds
352.773: [GC [PSYoungGen: 134640K->18912K(134656K)] 377856K->290091K(441344K), 0.0347700 secs] [Times: user=0.27 sys=0.00, real=0.03 secs] 
352.808: Total time for which application threads were stopped: 0.0349660 seconds, Stopping threads took: 0.0001080 seconds
352.859: Application time: 0.0509900 seconds
352.859: [GC [PSYoungGen: 134624K->18928K(134656K)] 405803K->310743K(441344K), 0.0314580 secs] [Times: user=0.25 sys=0.00, real=0.03 secs] 
352.891: [Full GC [PSYoungGen: 18928K->0K(134656K)] [ParOldGen: 291815K->127993K(306688K)] 310743K->127993K(441344K) [PSPermGen: 9157K->9157K(21504K)], 0.1466300 secs] [Times: user=1.08 sys=0.00, real=0.15 secs] 
353.038: Total time for which application threads were stopped: 0.1782850 seconds, Stopping threads took: 0.0000470 seconds
353.081: Application time: 0.0436840 seconds
353.081: [GC [PSYoungGen: 115712K->18917K(134656K)] 243705K->154010K(441344K), 0.0141130 secs] [Times: user=0.11 sys=0.00, real=0.01 secs] 
353.096: Total time for which application threads were stopped: 0.0143010 seconds, Stopping threads took: 0.0000870 seconds
353.148: Application time: 0.0523860 seconds
353.148: [GC [PSYoungGen: 134629K->18924K(134656K)] 269722K->177732K(441344K), 0.0248730 secs] [Times: user=0.19 sys=0.00, real=0.03 secs] 
353.173: Total time for which application threads were stopped: 0.0250300 seconds, Stopping threads took: 0.0000690 seconds
353.222: Application time: 0.0494000 seconds
353.223: [GC [PSYoungGen: 134636K->18940K(134656K)] 293444K->198688K(441344K), 0.0257830 secs] [Times: user=0.20 sys=0.00, real=0.02 secs] 
353.248: Total time for which application threads were stopped: 0.0259460 seconds, Stopping threads took: 0.0000750 seconds
353.297: Application time: 0.0490940 seconds
353.298: [GC [PSYoungGen: 134652K->18924K(134656K)] 314400K->222717K(441344K), 0.0301750 secs] [Times: user=0.24 sys=0.00, real=0.03 secs] 
353.328: Total time for which application threads were stopped: 0.0303580 seconds, Stopping threads took: 0.0000900 seconds
353.387: Application time: 0.0587880 seconds
353.387: [GC [PSYoungGen: 134636K->18930K(134656K)] 338429K->236299K(441344K), 0.0277910 secs] [Times: user=0.22 sys=0.00, real=0.03 secs] 
353.415: Total time for which application threads were stopped: 0.0280100 seconds, Stopping threads took: 0.0001340 seconds
353.460: Application time: 0.0455530 seconds
353.460: [GC [PSYoungGen: 134642K->18930K(134656K)] 352011K->259843K(441344K), 0.0304930 secs] [Times: user=0.24 sys=0.00, real=0.02 secs] 
353.491: Total time for which application threads were stopped: 0.0306630 seconds, Stopping threads took: 0.0000770 seconds
353.542: Application time: 0.0508890 seconds
353.544: [GC [PSYoungGen: 134642K->18930K(134656K)] 375555K->287772K(441344K), 0.0340190 secs] [Times: user=0.27 sys=0.00, real=0.03 secs] 
353.578: Total time for which application threads were stopped: 0.0359650 seconds, Stopping threads took: 0.0018580 seconds
353.626: Application time: 0.0485680 seconds
353.626: [GC [PSYoungGen: 134642K->18914K(134656K)] 403484K->312906K(441344K), 0.0322530 secs] [Times: user=0.25 sys=0.00, real=0.03 secs] 
353.659: [Full GC [PSYoungGen: 18914K->0K(134656K)] [ParOldGen: 293991K->133738K(306688K)] 312906K->133738K(441344K) [PSPermGen: 9157K->9157K(21504K)], 0.1577470 secs] [Times: user=1.16 sys=0.00, real=0.16 secs] 
353.817: Total time for which application threads were stopped: 0.1902700 seconds, Stopping threads took: 0.0001010 seconds
353.864: Application time: 0.0472490 seconds
353.868: [GC [PSYoungGen: 115638K->18921K(134656K)] 249376K->158242K(441344K), 0.0155280 secs] [Times: user=0.11 sys=0.00, real=0.02 secs] 
353.883: Total time for which application threads were stopped: 0.0194030 seconds, Stopping threads took: 0.0037870 seconds
353.934: Application time: 0.0507560 seconds
353.934: [GC [PSYoungGen: 134633K->18912K(134656K)] 273954K->178700K(441344K), 0.0231890 secs] [Times: user=0.19 sys=0.00, real=0.02 secs] 
353.957: Total time for which application threads were stopped: 0.0233530 seconds, Stopping threads took: 0.0000780 seconds
354.008: Application time: 0.0509530 seconds
354.008: [GC [PSYoungGen: 134538K->18912K(134656K)] 294327K->201606K(441344K), 0.0284220 secs] [Times: user=0.23 sys=0.00, real=0.03 secs] 
354.037: Total time for which application threads were stopped: 0.0286250 seconds, Stopping threads took: 0.0000880 seconds
354.087: Application time: 0.0498070 seconds
354.087: [GC [PSYoungGen: 134624K->18912K(134656K)] 317318K->224936K(441344K), 0.0311370 secs] [Times: user=0.24 sys=0.00, real=0.03 secs] 
354.118: Total time for which application threads were stopped: 0.0313230 seconds, Stopping threads took: 0.0000950 seconds
354.177: Application time: 0.0593470 seconds
354.177: [GC [PSYoungGen: 134391K->18912K(134656K)] 340416K->240306K(441344K), 0.0297710 secs] [Times: user=0.24 sys=0.00, real=0.03 secs] 
354.207: Total time for which application threads were stopped: 0.0299550 seconds, Stopping threads took: 0.0000850 seconds
354.254: Application time: 0.0467040 seconds
354.254: [GC [PSYoungGen: 134624K->18912K(134656K)] 356018K->262913K(441344K), 0.0295270 secs] [Times: user=0.23 sys=0.00, real=0.03 secs] 
354.284: Total time for which application threads were stopped: 0.0297020 seconds, Stopping threads took: 0.0000860 seconds
354.334: Application time: 0.0498000 seconds
354.334: [GC [PSYoungGen: 134624K->18928K(134656K)] 378625K->289600K(441344K), 0.0337610 secs] [Times: user=0.27 sys=0.00, real=0.03 secs] 
354.367: Total time for which application threads were stopped: 0.0339500 seconds, Stopping threads took: 0.0001000 seconds
354.413: Application time: 0.0460070 seconds
354.414: [GC [PSYoungGen: 134640K->18912K(134656K)] 405312K->315929K(441344K), 0.0333720 secs] [Times: user=0.25 sys=0.00, real=0.03 secs] 
354.447: [Full GC [PSYoungGen: 18912K->0K(134656K)] [ParOldGen: 297016K->133532K(306688K)] 315929K->133532K(441344K) [PSPermGen: 9157K->9157K(21504K)], 0.1538290 secs] [Times: user=1.14 sys=0.00, real=0.16 secs] 
354.601: Total time for which application threads were stopped: 0.1874380 seconds, Stopping threads took: 0.0000900 seconds
354.648: Application time: 0.0472640 seconds
354.648: [GC [PSYoungGen: 115712K->18928K(134656K)] 249244K->158182K(441344K), 0.0149960 secs] [Times: user=0.11 sys=0.00, real=0.02 secs] 
354.663: Total time for which application threads were stopped: 0.0151760 seconds, Stopping threads took: 0.0000910 seconds
354.715: Application time: 0.0512390 seconds
354.715: [GC [PSYoungGen: 134640K->18928K(134656K)] 273894K->179373K(441344K), 0.0233520 secs] [Times: user=0.18 sys=0.00, real=0.02 secs] 
354.738: Total time for which application threads were stopped: 0.0235060 seconds, Stopping threads took: 0.0000470 seconds
354.785: Application time: 0.0465330 seconds
354.785: [GC [PSYoungGen: 134591K->18912K(134656K)] 295037K->203012K(441344K), 0.0273590 secs] [Times: user=0.22 sys=0.00, real=0.03 secs] 
354.812: Total time for which application threads were stopped: 0.0275460 seconds, Stopping threads took: 0.0001010 seconds
354.861: Application time: 0.0489430 seconds
354.861: [GC [PSYoungGen: 134624K->18928K(134656K)] 318724K->226076K(441344K), 0.0301300 secs] [Times: user=0.24 sys=0.00, real=0.02 secs] 
354.891: Total time for which application threads were stopped: 0.0302880 seconds, Stopping threads took: 0.0000710 seconds
354.947: Application time: 0.0555640 seconds
354.947: [GC [PSYoungGen: 134640K->18912K(134656K)] 341788K->242089K(441344K), 0.0314990 secs] [Times: user=0.23 sys=0.00, real=0.03 secs] 
354.979: Total time for which application threads were stopped: 0.0316810 seconds, Stopping threads took: 0.0000980 seconds
355.026: Application time: 0.0472870 seconds
355.026: [GC [PSYoungGen: 134624K->18912K(134656K)] 357801K->262503K(441344K), 0.0296020 secs] [Times: user=0.23 sys=0.00, real=0.03 secs] 
355.056: Total time for which application threads were stopped: 0.0297870 seconds, Stopping threads took: 0.0000940 seconds
355.103: Application time: 0.0474220 seconds
355.103: [GC [PSYoungGen: 134624K->18928K(134656K)] 378215K->289123K(441344K), 0.0339970 secs] [Times: user=0.26 sys=0.00, real=0.03 secs] 
355.137: Total time for which application threads were stopped: 0.0341820 seconds, Stopping threads took: 0.0000960 seconds
355.183: Application time: 0.0455200 seconds
355.183: [GC [PSYoungGen: 134640K->18928K(134656K)] 404835K->315001K(441344K), 0.0336460 secs] [Times: user=0.26 sys=0.00, real=0.03 secs] 
355.217: [Full GC [PSYoungGen: 18928K->0K(134656K)] [ParOldGen: 296072K->131257K(306688K)] 315001K->131257K(441344K) [PSPermGen: 9157K->9157K(21504K)], 0.1514310 secs] [Times: user=1.11 sys=0.00, real=0.15 secs] 
355.368: Total time for which application threads were stopped: 0.1853090 seconds, Stopping threads took: 0.0000850 seconds
355.416: Application time: 0.0478730 seconds
355.416: [GC [PSYoungGen: 115712K->18912K(134656K)] 246969K->154892K(441344K), 0.0138280 secs] [Times: user=0.11 sys=0.00, real=0.01 secs] 
355.430: Total time for which application threads were stopped: 0.0140050 seconds, Stopping threads took: 0.0000810 seconds
355.481: Application time: 0.0512870 seconds
355.482: [GC [PSYoungGen: 134624K->18912K(134656K)] 270604K->178085K(441344K), 0.0247950 secs] [Times: user=0.19 sys=0.00, real=0.02 secs] 
355.506: Total time for which application threads were stopped: 0.0249690 seconds, Stopping threads took: 0.0000860 seconds
355.554: Application time: 0.0471640 seconds
355.556: [GC [PSYoungGen: 134624K->18928K(134656K)] 293797K->201231K(441344K), 0.0277210 secs] [Times: user=0.22 sys=0.00, real=0.03 secs] 
355.583: Total time for which application threads were stopped: 0.0298600 seconds, Stopping threads took: 0.0020510 seconds
355.633: Application time: 0.0497930 seconds
355.633: [GC [PSYoungGen: 134640K->18912K(134656K)] 316943K->224713K(441344K), 0.0298730 secs] [Times: user=0.24 sys=0.00, real=0.03 secs] 
355.663: Total time for which application threads were stopped: 0.0300490 seconds, Stopping threads took: 0.0000870 seconds
355.719: Application time: 0.0556240 seconds
355.719: [GC [PSYoungGen: 134624K->18928K(134656K)] 340425K->241406K(441344K), 0.0290760 secs] [Times: user=0.23 sys=0.00, real=0.03 secs] 
355.748: Total time for which application threads were stopped: 0.0292430 seconds, Stopping threads took: 0.0000810 seconds
355.798: Application time: 0.0501570 seconds
355.798: [GC [PSYoungGen: 134640K->18928K(134656K)] 357118K->262779K(441344K), 0.0294230 secs] [Times: user=0.23 sys=0.00, real=0.03 secs] 
355.828: Total time for which application threads were stopped: 0.0295970 seconds, Stopping threads took: 0.0000850 seconds
355.877: Application time: 0.0489430 seconds
355.877: [GC [PSYoungGen: 134640K->18912K(134656K)] 378491K->287461K(441344K), 0.0310870 secs] [Times: user=0.24 sys=0.00, real=0.03 secs] 
355.908: Total time for which application threads were stopped: 0.0312510 seconds, Stopping threads took: 0.0000770 seconds
355.954: Application time: 0.0457790 seconds
355.954: [GC [PSYoungGen: 134624K->18912K(134656K)] 403173K->312096K(441344K), 0.0312240 secs] [Times: user=0.24 sys=0.00, real=0.03 secs] 
355.985: [Full GC [PSYoungGen: 18912K->0K(134656K)] [ParOldGen: 293184K->128403K(306688K)] 312096K->128403K(441344K) [PSPermGen: 9157K->9157K(21504K)], 0.1489450 secs] [Times: user=1.11 sys=0.00, real=0.15 secs] 
356.134: Total time for which application threads were stopped: 0.1804350 seconds, Stopping threads took: 0.0000980 seconds
356.179: Application time: 0.0443810 seconds
356.180: [GC [PSYoungGen: 115712K->18912K(134656K)] 244115K->153962K(441344K), 0.0145660 secs] [Times: user=0.11 sys=0.00, real=0.01 secs] 
356.194: Total time for which application threads were stopped: 0.0155800 seconds, Stopping threads took: 0.0009270 seconds
356.246: Application time: 0.0519080 seconds
356.246: [GC [PSYoungGen: 134624K->18928K(134656K)] 269674K->175193K(441344K), 0.0235310 secs] [Times: user=0.19 sys=0.00, real=0.02 secs] 
356.270: Total time for which application threads were stopped: 0.0237060 seconds, Stopping threads took: 0.0000880 seconds
356.315: Application time: 0.0449380 seconds
356.315: [GC [PSYoungGen: 134640K->18912K(134656K)] 290905K->197819K(441344K), 0.0269730 secs] [Times: user=0.21 sys=0.00, real=0.03 secs] 
356.342: Total time for which application threads were stopped: 0.0271510 seconds, Stopping threads took: 0.0000900 seconds
356.392: Application time: 0.0502230 seconds
356.392: [GC [PSYoungGen: 134624K->18928K(134656K)] 313531K->222555K(441344K), 0.0310590 secs] [Times: user=0.25 sys=0.00, real=0.03 secs] 
356.423: Total time for which application threads were stopped: 0.0312330 seconds, Stopping threads took: 0.0000860 seconds
356.478: Application time: 0.0548890 seconds
356.478: [GC [PSYoungGen: 134640K->18912K(134656K)] 338267K->239642K(441344K), 0.0287620 secs] [Times: user=0.23 sys=0.00, real=0.03 secs] 
356.507: Total time for which application threads were stopped: 0.0289370 seconds, Stopping threads took: 0.0000760 seconds
356.558: Application time: 0.0504020 seconds
356.558: [GC [PSYoungGen: 134624K->18928K(134656K)] 355354K->261023K(441344K), 0.0298400 secs] [Times: user=0.24 sys=0.00, real=0.03 secs] 
356.588: Total time for which application threads were stopped: 0.0300070 seconds, Stopping threads took: 0.0000760 seconds
356.638: Application time: 0.0505050 seconds
356.638: [GC [PSYoungGen: 134640K->18928K(134656K)] 376735K->284679K(441344K), 0.0323150 secs] [Times: user=0.26 sys=0.00, real=0.03 secs] 
356.671: Total time for which application threads were stopped: 0.0324840 seconds, Stopping threads took: 0.0000820 seconds
356.719: Application time: 0.0486380 seconds
356.724: [GC [PSYoungGen: 134640K->18928K(134656K)] 400391K->307663K(441344K), 0.0346770 secs] [Times: user=0.26 sys=0.00, real=0.03 secs] 
356.758: [Full GC [PSYoungGen: 18928K->0K(134656K)] [ParOldGen: 288735K->124433K(306688K)] 307663K->124433K(441344K) [PSPermGen: 9157K->9157K(21504K)], 0.1425900 secs] [Times: user=1.05 sys=0.00, real=0.15 secs] 
356.901: Total time for which application threads were stopped: 0.1817270 seconds, Stopping threads took: 0.0043180 seconds
356.945: Application time: 0.0444340 seconds
356.946: [GC [PSYoungGen: 115712K->18912K(134656K)] 240145K->151303K(441344K), 0.0153490 secs] [Times: user=0.12 sys=0.00, real=0.02 secs] 
356.961: Total time for which application threads were stopped: 0.0155340 seconds, Stopping threads took: 0.0000980 seconds
357.015: Application time: 0.0542900 seconds
357.015: [GC [PSYoungGen: 134624K->18928K(134656K)] 267015K->174310K(441344K), 0.0248580 secs] [Times: user=0.20 sys=0.00, real=0.03 secs] 
357.040: Total time for which application threads were stopped: 0.0250510 seconds, Stopping threads took: 0.0000940 seconds
357.086: Application time: 0.0452640 seconds
357.086: [GC [PSYoungGen: 134640K->18928K(134656K)] 290022K->196873K(441344K), 0.0277590 secs] [Times: user=0.21 sys=0.00, real=0.03 secs] 
357.114: Total time for which application threads were stopped: 0.0279400 seconds, Stopping threads took: 0.0000960 seconds
357.164: Application time: 0.0503700 seconds
357.164: [GC [PSYoungGen: 134640K->18912K(134656K)] 312585K->222846K(441344K), 0.0315030 secs] [Times: user=0.25 sys=0.00, real=0.03 secs] 
357.196: Total time for which application threads were stopped: 0.0316840 seconds, Stopping threads took: 0.0000900 seconds
357.250: Application time: 0.0539680 seconds
357.250: [GC [PSYoungGen: 134624K->18928K(134656K)] 338558K->240627K(441344K), 0.0292870 secs] [Times: user=0.23 sys=0.00, real=0.03 secs] 
357.279: Total time for which application threads were stopped: 0.0294650 seconds, Stopping threads took: 0.0000880 seconds
357.332: Application time: 0.0525440 seconds
357.332: [GC [PSYoungGen: 134640K->18912K(134656K)] 356339K->261173K(441344K), 0.0311480 secs] [Times: user=0.24 sys=0.00, real=0.03 secs] 
357.363: Total time for which application threads were stopped: 0.0313150 seconds, Stopping threads took: 0.0000770 seconds
357.414: Application time: 0.0513500 seconds
357.414: [GC [PSYoungGen: 134624K->18912K(134656K)] 376885K->283145K(441344K), 0.0321870 secs] [Times: user=0.25 sys=0.00, real=0.03 secs] 
357.447: Total time for which application threads were stopped: 0.0323760 seconds, Stopping threads took: 0.0001000 seconds
357.495: Application time: 0.0487270 seconds
357.496: [GC [PSYoungGen: 134624K->18928K(134656K)] 398857K->306473K(441344K), 0.0330730 secs] [Times: user=0.26 sys=0.00, real=0.03 secs] 
357.529: [Full GC [PSYoungGen: 18928K->0K(134656K)] [ParOldGen: 287544K->121971K(306688K)] 306473K->121971K(441344K) [PSPermGen: 9157K->9157K(21504K)], 0.1376230 secs] [Times: user=1.02 sys=0.00, real=0.14 secs] 
357.666: Total time for which application threads were stopped: 0.1710830 seconds, Stopping threads took: 0.0002310 seconds
357.711: Application time: 0.0440960 seconds
357.711: [GC [PSYoungGen: 115712K->18928K(134656K)] 237683K->149277K(441344K), 0.0153930 secs] [Times: user=0.12 sys=0.00, real=0.02 secs] 
357.726: Total time for which application threads were stopped: 0.0155680 seconds, Stopping threads took: 0.0000730 seconds
357.780: Application time: 0.0541790 seconds
357.780: [GC [PSYoungGen: 134206K->18912K(134656K)] 264556K->173230K(441344K), 0.0255630 secs] [Times: user=0.20 sys=0.00, real=0.02 secs] 
357.806: Total time for which application threads were stopped: 0.0257330 seconds, Stopping threads took: 0.0000830 seconds
357.850: Application time: 0.0438590 seconds
357.850: [GC [PSYoungGen: 134624K->18928K(134656K)] 288942K->196469K(441344K), 0.0268170 secs] [Times: user=0.21 sys=0.00, real=0.03 secs] 
357.877: Total time for which application threads were stopped: 0.0269840 seconds, Stopping threads took: 0.0000800 seconds
357.928: Application time: 0.0510450 seconds
357.928: [GC [PSYoungGen: 134640K->18928K(134656K)] 312181K->222753K(441344K), 0.0326250 secs] [Times: user=0.25 sys=0.00, real=0.04 secs] 
357.961: Total time for which application threads were stopped: 0.0327930 seconds, Stopping threads took: 0.0000810 seconds
358.013: Application time: 0.0523810 seconds
358.013: [GC [PSYoungGen: 134640K->18928K(134656K)] 338465K->242456K(441344K), 0.0298060 secs] [Times: user=0.23 sys=0.00, real=0.03 secs] 
358.043: Total time for which application threads were stopped: 0.0299810 seconds, Stopping threads took: 0.0000900 seconds
358.098: Application time: 0.0545190 seconds
358.100: [GC [PSYoungGen: 134640K->18928K(134656K)] 358168K->260449K(441344K), 0.0306700 secs] [Times: user=0.23 sys=0.00, real=0.02 secs] 
358.130: Total time for which application threads were stopped: 0.0327140 seconds, Stopping threads took: 0.0019580 seconds
358.180: Application time: 0.0494810 seconds
358.180: [GC [PSYoungGen: 134640K->18912K(134656K)] 376161K->279789K(441344K), 0.0297480 secs] [Times: user=0.23 sys=0.00, real=0.02 secs] 
358.210: Total time for which application threads were stopped: 0.0299200 seconds, Stopping threads took: 0.0000860 seconds
358.255: Application time: 0.0452030 seconds
358.255: [GC [PSYoungGen: 134624K->18928K(134656K)] 395501K->306735K(441344K), 0.0353570 secs] [Times: user=0.27 sys=0.00, real=0.03 secs] 
358.290: [Full GC [PSYoungGen: 18928K->0K(134656K)] [ParOldGen: 287807K->123686K(306688K)] 306735K->123686K(441344K) [PSPermGen: 9157K->9157K(21504K)], 0.1380250 secs] [Times: user=1.00 sys=0.00, real=0.14 secs] 
358.429: Total time for which application threads were stopped: 0.1736080 seconds, Stopping threads took: 0.0000680 seconds
358.472: Application time: 0.0436400 seconds
358.472: [GC [PSYoungGen: 115712K->18928K(134656K)] 239398K->152619K(441344K), 0.0164890 secs] [Times: user=0.13 sys=0.00, real=0.01 secs] 
358.489: Total time for which application threads were stopped: 0.0166720 seconds, Stopping threads took: 0.0000800 seconds
358.545: Application time: 0.0562150 seconds
358.545: [GC [PSYoungGen: 134640K->18912K(134656K)] 268331K->172178K(441344K), 0.0242440 secs] [Times: user=0.19 sys=0.00, real=0.02 secs] 
358.569: Total time for which application threads were stopped: 0.0244060 seconds, Stopping threads took: 0.0000750 seconds
358.613: Application time: 0.0437950 seconds
358.613: [GC [PSYoungGen: 134624K->18928K(134656K)] 287890K->196156K(441344K), 0.0271750 secs] [Times: user=0.22 sys=0.00, real=0.03 secs] 
358.641: Total time for which application threads were stopped: 0.0273440 seconds, Stopping threads took: 0.0000780 seconds
358.690: Application time: 0.0490690 seconds
358.690: [GC [PSYoungGen: 134640K->18912K(134656K)] 311868K->223033K(441344K), 0.0324230 secs] [Times: user=0.26 sys=0.00, real=0.04 secs] 
358.722: Total time for which application threads were stopped: 0.0325870 seconds, Stopping threads took: 0.0000740 seconds
358.775: Application time: 0.0523770 seconds
358.775: [GC [PSYoungGen: 134624K->18928K(134656K)] 338745K->243379K(441344K), 0.0301770 secs] [Times: user=0.24 sys=0.00, real=0.03 secs] 
358.805: Total time for which application threads were stopped: 0.0303530 seconds, Stopping threads took: 0.0000760 seconds
358.862: Application time: 0.0572340 seconds
358.864: [GC [PSYoungGen: 134640K->18912K(134656K)] 359091K->260179K(441344K), 0.0283790 secs] [Times: user=0.22 sys=0.00, real=0.03 secs] 
358.892: Total time for which application threads were stopped: 0.0297770 seconds, Stopping threads took: 0.0013150 seconds
358.944: Application time: 0.0519750 seconds
358.948: [GC [PSYoungGen: 134624K->18912K(134656K)] 375891K->278195K(441344K), 0.0283300 secs] [Times: user=0.22 sys=0.00, real=0.03 secs] 
358.976: Total time for which application threads were stopped: 0.0319730 seconds, Stopping threads took: 0.0035530 seconds
359.018: Application time: 0.0424440 seconds
359.019: [GC [PSYoungGen: 134605K->18928K(134656K)] 393888K->307273K(441344K), 0.0329920 secs] [Times: user=0.26 sys=0.00, real=0.04 secs] 
359.052: [Full GC [PSYoungGen: 18928K->0K(134656K)] [ParOldGen: 288345K->125734K(306688K)] 307273K->125734K(441344K) [PSPermGen: 9157K->9157K(21504K)], 0.1397930 secs] [Times: user=1.03 sys=0.00, real=0.13 secs] 
359.191: Total time for which application threads were stopped: 0.1730390 seconds, Stopping threads took: 0.0000900 seconds
359.236: Application time: 0.0445340 seconds
359.236: [GC [PSYoungGen: 115712K->18919K(134656K)] 241446K->154888K(441344K), 0.0167600 secs] [Times: user=0.13 sys=0.00, real=0.02 secs] 
359.253: Total time for which application threads were stopped: 0.0169280 seconds, Stopping threads took: 0.0000820 seconds
359.308: Application time: 0.0555060 seconds
359.309: [GC [PSYoungGen: 134631K->18912K(134656K)] 270600K->174852K(441344K), 0.0247870 secs] [Times: user=0.19 sys=0.00, real=0.03 secs] 
359.333: Total time for which application threads were stopped: 0.0249700 seconds, Stopping threads took: 0.0000860 seconds
359.379: Application time: 0.0458590 seconds
359.379: [GC [PSYoungGen: 134624K->18928K(134656K)] 290564K->197995K(441344K), 0.0276500 secs] [Times: user=0.22 sys=0.00, real=0.03 secs] 
359.407: Total time for which application threads were stopped: 0.0278190 seconds, Stopping threads took: 0.0000810 seconds
359.455: Application time: 0.0479460 seconds
359.455: [GC [PSYoungGen: 134640K->18928K(134656K)] 313707K->225567K(441344K), 0.0319470 secs] [Times: user=0.26 sys=0.00, real=0.03 secs] 
359.487: Total time for which application threads were stopped: 0.0321080 seconds, Stopping threads took: 0.0000730 seconds
359.541: Application time: 0.0541860 seconds
359.541: [GC [PSYoungGen: 134640K->18912K(134656K)] 341279K->244221K(441344K), 0.0288420 secs] [Times: user=0.22 sys=0.00, real=0.02 secs] 
359.570: Total time for which application threads were stopped: 0.0290140 seconds, Stopping threads took: 0.0000850 seconds
359.627: Application time: 0.0566210 seconds
359.627: [GC [PSYoungGen: 134624K->18912K(134656K)] 359933K->261018K(441344K), 0.0303130 secs] [Times: user=0.23 sys=0.00, real=0.03 secs] 
359.657: Total time for which application threads were stopped: 0.0305000 seconds, Stopping threads took: 0.0001000 seconds
359.712: Application time: 0.0540450 seconds
359.712: [GC [PSYoungGen: 134581K->18912K(134656K)] 376686K->278059K(441344K), 0.0282000 secs] [Times: user=0.22 sys=0.00, real=0.03 secs] 
359.740: Total time for which application threads were stopped: 0.0283520 seconds, Stopping threads took: 0.0000640 seconds
359.781: Application time: 0.0408560 seconds
359.781: [GC [PSYoungGen: 134597K->18912K(134656K)] 393745K->306590K(441344K), 0.0339900 secs] [Times: user=0.24 sys=0.00, real=0.03 secs] 
359.815: [Full GC [PSYoungGen: 18912K->0K(134656K)] [ParOldGen: 287678K->122559K(306688K)] 306590K->122559K(441344K) [PSPermGen: 9157K->9157K(21504K)], 0.1367580 secs] [Times: user=1.00 sys=0.01, real=0.14 secs] 
359.952: Total time for which application threads were stopped: 0.1709860 seconds, Stopping threads took: 0.0000870 seconds
359.994: Application time: 0.0424090 seconds
359.994: [GC [PSYoungGen: 115697K->18930K(134656K)] 238256K->152980K(441344K), 0.0172420 secs] [Times: user=0.13 sys=0.00, real=0.02 secs] 
360.012: Total time for which application threads were stopped: 0.0174370 seconds, Stopping threads took: 0.0000980 seconds
360.065: Application time: 0.0530490 seconds
360.068: [GC [PSYoungGen: 134642K->18928K(134656K)] 268692K->174731K(441344K), 0.0250200 secs] [Times: user=0.20 sys=0.00, real=0.03 secs] 
360.093: Total time for which application threads were stopped: 0.0280160 seconds, Stopping threads took: 0.0029100 seconds
360.139: Application time: 0.0467000 seconds
360.139: [GC [PSYoungGen: 134622K->18928K(134656K)] 290425K->197378K(441344K), 0.0269100 secs] [Times: user=0.20 sys=0.00, real=0.03 secs] 
360.166: Total time for which application threads were stopped: 0.0270890 seconds, Stopping threads took: 0.0000910 seconds
360.213: Application time: 0.0466800 seconds
360.213: [GC [PSYoungGen: 134640K->18912K(134656K)] 313090K->224101K(441344K), 0.0313940 secs] [Times: user=0.24 sys=0.00, real=0.03 secs] 
360.245: Total time for which application threads were stopped: 0.0315710 seconds, Stopping threads took: 0.0000890 seconds
360.300: Application time: 0.0556610 seconds
360.300: [GC [PSYoungGen: 134624K->18928K(134656K)] 339813K->242315K(441344K), 0.0283180 secs] [Times: user=0.22 sys=0.00, real=0.02 secs] 
360.329: Total time for which application threads were stopped: 0.0284890 seconds, Stopping threads took: 0.0000860 seconds
360.384: Application time: 0.0547590 seconds
360.384: [GC [PSYoungGen: 134640K->18912K(134656K)] 358027K->260084K(441344K), 0.0282660 secs] [Times: user=0.19 sys=0.04, real=0.03 secs] 
360.412: Total time for which application threads were stopped: 0.0284370 seconds, Stopping threads took: 0.0000840 seconds
360.466: Application time: 0.0538990 seconds
360.466: [GC [PSYoungGen: 134612K->18912K(134656K)] 375785K->277821K(441344K), 0.0281020 secs] [Times: user=0.22 sys=0.00, real=0.03 secs] 
360.494: Total time for which application threads were stopped: 0.0282770 seconds, Stopping threads took: 0.0000830 seconds
360.537: Application time: 0.0429400 seconds
360.537: [GC [PSYoungGen: 134624K->18928K(134656K)] 393533K->304697K(441344K), 0.0311590 secs] [Times: user=0.24 sys=0.00, real=0.03 secs] 
360.569: [Full GC [PSYoungGen: 18928K->0K(134656K)] [ParOldGen: 285768K->120886K(306688K)] 304697K->120886K(441344K) [PSPermGen: 9157K->9157K(21504K)], 0.1331040 secs] [Times: user=0.98 sys=0.00, real=0.14 secs] 
360.702: Total time for which application threads were stopped: 0.1645150 seconds, Stopping threads took: 0.0000970 seconds
360.745: Application time: 0.0429640 seconds
360.745: [GC [PSYoungGen: 115712K->18934K(134656K)] 236598K->152160K(441344K), 0.0176400 secs] [Times: user=0.13 sys=0.00, real=0.02 secs] 
360.762: Total time for which application threads were stopped: 0.0177860 seconds, Stopping threads took: 0.0000600 seconds
360.817: Application time: 0.0547410 seconds
360.817: [GC [PSYoungGen: 134646K->18912K(134656K)] 267872K->173792K(441344K), 0.0256990 secs] [Times: user=0.20 sys=0.00, real=0.03 secs] 
360.843: Total time for which application threads were stopped: 0.0258750 seconds, Stopping threads took: 0.0000900 seconds
360.889: Application time: 0.0455300 seconds
360.889: [GC [PSYoungGen: 134624K->18912K(134656K)] 289504K->196288K(441344K), 0.0267050 secs] [Times: user=0.21 sys=0.00, real=0.03 secs] 
360.915: Total time for which application threads were stopped: 0.0268880 seconds, Stopping threads took: 0.0000950 seconds
360.961: Application time: 0.0455890 seconds
360.961: [GC [PSYoungGen: 134624K->18928K(134656K)] 312000K->223879K(441344K), 0.0312890 secs] [Times: user=0.25 sys=0.00, real=0.03 secs] 
360.993: Total time for which application threads were stopped: 0.0314740 seconds, Stopping threads took: 0.0000990 seconds
361.047: Application time: 0.0544210 seconds
361.047: [GC [PSYoungGen: 134640K->18912K(134656K)] 339591K->241862K(441344K), 0.0286350 secs] [Times: user=0.22 sys=0.00, real=0.03 secs] 
361.076: Total time for which application threads were stopped: 0.0288010 seconds, Stopping threads took: 0.0000700 seconds
361.130: Application time: 0.0544810 seconds
361.130: [GC [PSYoungGen: 134624K->18912K(134656K)] 357574K->259526K(441344K), 0.0267340 secs] [Times: user=0.21 sys=0.00, real=0.03 secs] 
361.157: Total time for which application threads were stopped: 0.0268760 seconds, Stopping threads took: 0.0000540 seconds
361.210: Application time: 0.0528830 seconds
361.210: [GC [PSYoungGen: 134624K->18912K(134656K)] 375238K->277172K(441344K), 0.0282470 secs] [Times: user=0.21 sys=0.00, real=0.03 secs] 
361.238: Total time for which application threads were stopped: 0.0284140 seconds, Stopping threads took: 0.0000850 seconds
361.279: Application time: 0.0402860 seconds
361.279: [GC [PSYoungGen: 134624K->18928K(134656K)] 392884K->302959K(441344K), 0.0310970 secs] [Times: user=0.24 sys=0.00, real=0.03 secs] 
361.310: [Full GC [PSYoungGen: 18928K->0K(134656K)] [ParOldGen: 284031K->118663K(306688K)] 302959K->118663K(441344K) [PSPermGen: 9157K->9157K(21504K)], 0.1296050 secs] [Times: user=0.94 sys=0.00, real=0.14 secs] 
361.440: Total time for which application threads were stopped: 0.1609280 seconds, Stopping threads took: 0.0000850 seconds
361.482: Application time: 0.0423960 seconds
361.482: [GC [PSYoungGen: 115712K->18913K(134656K)] 234375K->151057K(441344K), 0.0179440 secs] [Times: user=0.14 sys=0.00, real=0.02 secs] 
361.500: Total time for which application threads were stopped: 0.0181620 seconds, Stopping threads took: 0.0001320 seconds
361.554: Application time: 0.0532960 seconds
361.554: [GC [PSYoungGen: 134625K->18912K(134656K)] 266769K->172503K(441344K), 0.0254630 secs] [Times: user=0.20 sys=0.00, real=0.02 secs] 
361.579: Total time for which application threads were stopped: 0.0256330 seconds, Stopping threads took: 0.0000740 seconds
361.625: Application time: 0.0456280 seconds
361.625: [GC [PSYoungGen: 134624K->18928K(134656K)] 288215K->195546K(441344K), 0.0277910 secs] [Times: user=0.21 sys=0.00, real=0.03 secs] 
361.653: Total time for which application threads were stopped: 0.0279550 seconds, Stopping threads took: 0.0000750 seconds
361.700: Application time: 0.0475420 seconds
361.700: [GC [PSYoungGen: 134640K->18912K(134656K)] 311258K->223069K(441344K), 0.0324880 secs] [Times: user=0.25 sys=0.00, real=0.03 secs] 
361.733: Total time for which application threads were stopped: 0.0326640 seconds, Stopping threads took: 0.0000880 seconds
361.789: Application time: 0.0561040 seconds
361.789: [GC [PSYoungGen: 134624K->18928K(134656K)] 338781K->241655K(441344K), 0.0292350 secs] [Times: user=0.23 sys=0.00, real=0.03 secs] 
361.818: Total time for which application threads were stopped: 0.0294160 seconds, Stopping threads took: 0.0000950 seconds
361.873: Application time: 0.0543510 seconds
361.873: [GC [PSYoungGen: 134640K->18912K(134656K)] 357367K->259792K(441344K), 0.0296630 secs] [Times: user=0.23 sys=0.00, real=0.03 secs] 
361.903: Total time for which application threads were stopped: 0.0298450 seconds, Stopping threads took: 0.0000830 seconds
361.957: Application time: 0.0543130 seconds
361.957: [GC [PSYoungGen: 134624K->18912K(134656K)] 375504K->276533K(441344K), 0.0286730 secs] [Times: user=0.22 sys=0.00, real=0.03 secs] 
361.986: Total time for which application threads were stopped: 0.0288350 seconds, Stopping threads took: 0.0000720 seconds
362.027: Application time: 0.0414650 seconds
362.027: [GC [PSYoungGen: 134624K->18912K(134656K)] 392245K->302141K(441344K), 0.0313260 secs] [Times: user=0.25 sys=0.00, real=0.03 secs] 
362.059: [Full GC [PSYoungGen: 18912K->0K(134656K)] [ParOldGen: 283229K->118548K(306688K)] 302141K->118548K(441344K) [PSPermGen: 9157K->9157K(21504K)], 0.1289690 secs] [Times: user=0.94 sys=0.00, real=0.13 secs] 
362.188: Total time for which application threads were stopped: 0.1605200 seconds, Stopping threads took: 0.0000750 seconds
362.231: Application time: 0.0428790 seconds
362.231: [GC [PSYoungGen: 115712K->18914K(134656K)] 234260K->151556K(441344K), 0.0181720 secs] [Times: user=0.15 sys=0.00, real=0.02 secs] 
362.249: Total time for which application threads were stopped: 0.0183400 seconds, Stopping threads took: 0.0000630 seconds
362.303: Application time: 0.0541890 seconds
362.303: [GC [PSYoungGen: 134626K->18912K(134656K)] 267268K->172133K(441344K), 0.0259960 secs] [Times: user=0.20 sys=0.00, real=0.02 secs] 
362.329: Total time for which application threads were stopped: 0.0261780 seconds, Stopping threads took: 0.0000960 seconds
362.374: Application time: 0.0449490 seconds
362.374: [GC [PSYoungGen: 134624K->18928K(134656K)] 287845K->196064K(441344K), 0.0273530 secs] [Times: user=0.22 sys=0.00, real=0.03 secs] 
362.402: Total time for which application threads were stopped: 0.0275320 seconds, Stopping threads took: 0.0000890 seconds
362.449: Application time: 0.0472760 seconds
362.452: [GC [PSYoungGen: 134640K->18912K(134656K)] 311776K->224845K(441344K), 0.0330740 secs] [Times: user=0.26 sys=0.00, real=0.03 secs] 
362.485: Total time for which application threads were stopped: 0.0355370 seconds, Stopping threads took: 0.0023740 seconds
362.541: Application time: 0.0560770 seconds
362.541: [GC [PSYoungGen: 134624K->18912K(134656K)] 340557K->240808K(441344K), 0.0285370 secs] [Times: user=0.22 sys=0.00, real=0.02 secs] 
362.570: Total time for which application threads were stopped: 0.0287200 seconds, Stopping threads took: 0.0000980 seconds
362.623: Application time: 0.0532420 seconds
362.623: [GC [PSYoungGen: 134624K->18928K(134656K)] 356520K->259388K(441344K), 0.0273950 secs] [Times: user=0.21 sys=0.00, real=0.02 secs] 
362.650: Total time for which application threads were stopped: 0.0275620 seconds, Stopping threads took: 0.0000790 seconds
362.706: Application time: 0.0557880 seconds
362.706: [GC [PSYoungGen: 134640K->18912K(134656K)] 375100K->277205K(441344K), 0.0285250 secs] [Times: user=0.22 sys=0.00, real=0.03 secs] 
362.735: Total time for which application threads were stopped: 0.0286830 seconds, Stopping threads took: 0.0000710 seconds
362.778: Application time: 0.0431110 seconds
362.778: [GC [PSYoungGen: 134624K->18928K(134656K)] 392917K->304273K(441344K), 0.0308280 secs] [Times: user=0.24 sys=0.00, real=0.03 secs] 
362.809: [Full GC [PSYoungGen: 18928K->0K(134656K)] [ParOldGen: 285345K->124699K(306688K)] 304273K->124699K(441344K) [PSPermGen: 9157K->9157K(21504K)], 0.1434640 secs] [Times: user=1.04 sys=0.00, real=0.15 secs] 
362.952: Total time for which application threads were stopped: 0.1745630 seconds, Stopping threads took: 0.0001070 seconds
362.996: Application time: 0.0437580 seconds
362.996: [GC [PSYoungGen: 115712K->18912K(134656K)] 240411K->155772K(441344K), 0.0174890 secs] [Times: user=0.14 sys=0.00, real=0.02 secs] 
363.014: Total time for which application threads were stopped: 0.0176460 seconds, Stopping threads took: 0.0000680 seconds
363.067: Application time: 0.0529260 seconds
363.067: [GC [PSYoungGen: 134624K->18912K(134656K)] 271484K->176860K(441344K), 0.0252280 secs] [Times: user=0.20 sys=0.00, real=0.03 secs] 
363.092: Total time for which application threads were stopped: 0.0254040 seconds, Stopping threads took: 0.0000820 seconds
363.139: Application time: 0.0468690 seconds
363.139: [GC [PSYoungGen: 134624K->18912K(134656K)] 292572K->198663K(441344K), 0.0266590 secs] [Times: user=0.21 sys=0.00, real=0.03 secs] 
363.166: Total time for which application threads were stopped: 0.0268130 seconds, Stopping threads took: 0.0000690 seconds
363.211: Application time: 0.0446300 seconds
363.211: [GC [PSYoungGen: 134624K->18912K(134656K)] 314375K->227558K(441344K), 0.0327650 secs] [Times: user=0.25 sys=0.00, real=0.04 secs] 
363.243: Total time for which application threads were stopped: 0.0329250 seconds, Stopping threads took: 0.0000720 seconds
363.300: Application time: 0.0569300 seconds
363.301: [GC [PSYoungGen: 134624K->18928K(134656K)] 343270K->245403K(441344K), 0.0308150 secs] [Times: user=0.24 sys=0.00, real=0.02 secs] 
363.331: Total time for which application threads were stopped: 0.0310020 seconds, Stopping threads took: 0.0000910 seconds
363.383: Application time: 0.0519070 seconds
363.383: [GC [PSYoungGen: 134640K->18928K(134656K)] 361115K->262986K(441344K), 0.0309680 secs] [Times: user=0.25 sys=0.00, real=0.03 secs] 
363.414: Total time for which application threads were stopped: 0.0311440 seconds, Stopping threads took: 0.0000870 seconds
363.469: Application time: 0.0540970 seconds
363.472: [GC [PSYoungGen: 134640K->18912K(134656K)] 378698K->281360K(441344K), 0.0319990 secs] [Times: user=0.25 sys=0.00, real=0.03 secs] 
363.504: Total time for which application threads were stopped: 0.0350830 seconds, Stopping threads took: 0.0029950 seconds
363.546: Application time: 0.0428500 seconds
363.547: [GC [PSYoungGen: 134624K->18912K(134656K)] 397072K->307487K(441344K), 0.0348690 secs] [Times: user=0.28 sys=0.00, real=0.04 secs] 
363.582: [Full GC [PSYoungGen: 18912K->0K(134656K)] [ParOldGen: 288575K->125062K(306688K)] 307487K->125062K(441344K) [PSPermGen: 9157K->9157K(21504K)], 0.1420590 secs] [Times: user=1.05 sys=0.01, real=0.14 secs] 
363.724: Total time for which application threads were stopped: 0.1771760 seconds, Stopping threads took: 0.0000940 seconds
363.768: Application time: 0.0438780 seconds
363.768: [GC [PSYoungGen: 115712K->18933K(134656K)] 240774K->155546K(441344K), 0.0169450 secs] [Times: user=0.13 sys=0.00, real=0.02 secs] 
363.785: Total time for which application threads were stopped: 0.0170960 seconds, Stopping threads took: 0.0000630 seconds
363.839: Application time: 0.0541290 seconds
363.839: [GC [PSYoungGen: 134645K->18937K(134656K)] 271258K->176471K(441344K), 0.0250650 secs] [Times: user=0.19 sys=0.00, real=0.03 secs] 
363.864: Total time for which application threads were stopped: 0.0252370 seconds, Stopping threads took: 0.0000720 seconds
363.910: Application time: 0.0463000 seconds
363.910: [GC [PSYoungGen: 134649K->18937K(134656K)] 292183K->200206K(441344K), 0.0272580 secs] [Times: user=0.21 sys=0.00, real=0.03 secs] 
363.938: Total time for which application threads were stopped: 0.0274140 seconds, Stopping threads took: 0.0000670 seconds
363.984: Application time: 0.0458280 seconds
363.984: [GC [PSYoungGen: 134649K->18937K(134656K)] 315918K->229100K(441344K), 0.0324070 secs] [Times: user=0.24 sys=0.00, real=0.03 secs] 
364.016: Total time for which application threads were stopped: 0.0325670 seconds, Stopping threads took: 0.0000750 seconds
364.074: Application time: 0.0577940 seconds
364.074: [GC [PSYoungGen: 134649K->18937K(134656K)] 344812K->245801K(441344K), 0.0296250 secs] [Times: user=0.24 sys=0.00, real=0.03 secs] 
364.104: Total time for which application threads were stopped: 0.0298060 seconds, Stopping threads took: 0.0000930 seconds
364.156: Application time: 0.0523680 seconds
364.156: [GC [PSYoungGen: 134649K->18921K(134656K)] 361513K->263734K(441344K), 0.0288710 secs] [Times: user=0.23 sys=0.00, real=0.03 secs] 
364.185: Total time for which application threads were stopped: 0.0290570 seconds, Stopping threads took: 0.0000970 seconds
364.241: Application time: 0.0557830 seconds
364.241: [GC [PSYoungGen: 134633K->18937K(134656K)] 379446K->280191K(441344K), 0.0298560 secs] [Times: user=0.23 sys=0.00, real=0.02 secs] 
364.271: Total time for which application threads were stopped: 0.0300230 seconds, Stopping threads took: 0.0000810 seconds
364.313: Application time: 0.0420060 seconds
364.313: [GC [PSYoungGen: 134649K->18937K(134656K)] 395903K->305976K(441344K), 0.0346850 secs] [Times: user=0.26 sys=0.00, real=0.03 secs] 
364.348: [Full GC [PSYoungGen: 18937K->0K(134656K)] [ParOldGen: 287038K->120983K(306688K)] 305976K->120983K(441344K) [PSPermGen: 9157K->9157K(21504K)], 0.1314230 secs] [Times: user=0.96 sys=0.00, real=0.13 secs] 
364.479: Total time for which application threads were stopped: 0.1663530 seconds, Stopping threads took: 0.0000920 seconds
364.522: Application time: 0.0422820 seconds
364.522: [GC [PSYoungGen: 115712K->18928K(134656K)] 236695K->153524K(441344K), 0.0179390 secs] [Times: user=0.13 sys=0.00, real=0.02 secs] 
364.540: Total time for which application threads were stopped: 0.0181320 seconds, Stopping threads took: 0.0000940 seconds
364.593: Application time: 0.0529340 seconds
364.593: [GC [PSYoungGen: 134640K->18928K(134656K)] 269236K->176676K(441344K), 0.0258500 secs] [Times: user=0.21 sys=0.00, real=0.02 secs] 
364.619: Total time for which application threads were stopped: 0.0260190 seconds, Stopping threads took: 0.0000840 seconds
364.666: Application time: 0.0475300 seconds
364.666: [GC [PSYoungGen: 134640K->18928K(134656K)] 292388K->197309K(441344K), 0.0252190 secs] [Times: user=0.20 sys=0.00, real=0.03 secs] 
364.692: Total time for which application threads were stopped: 0.0253730 seconds, Stopping threads took: 0.0000680 seconds
364.738: Application time: 0.0464090 seconds
364.738: [GC [PSYoungGen: 134640K->18928K(134656K)] 313021K->225495K(441344K), 0.0310790 secs] [Times: user=0.24 sys=0.00, real=0.03 secs] 
364.769: Total time for which application threads were stopped: 0.0312600 seconds, Stopping threads took: 0.0000930 seconds
364.828: Application time: 0.0585240 seconds
364.828: [GC [PSYoungGen: 134640K->18928K(134656K)] 341207K->241776K(441344K), 0.0302420 secs] [Times: user=0.24 sys=0.00, real=0.03 secs] 
364.858: Total time for which application threads were stopped: 0.0303930 seconds, Stopping threads took: 0.0000700 seconds
364.910: Application time: 0.0514690 seconds
364.912: [GC [PSYoungGen: 134640K->18928K(134656K)] 357488K->259466K(441344K), 0.0292530 secs] [Times: user=0.23 sys=0.00, real=0.03 secs] 
364.941: Total time for which application threads were stopped: 0.0312420 seconds, Stopping threads took: 0.0018970 seconds
364.999: Application time: 0.0579490 seconds
364.999: [GC [PSYoungGen: 134640K->18928K(134656K)] 375178K->276747K(441344K), 0.0310960 secs] [Times: user=0.24 sys=0.00, real=0.03 secs] 
365.030: Total time for which application threads were stopped: 0.0312850 seconds, Stopping threads took: 0.0001030 seconds
365.074: Application time: 0.0439350 seconds
365.074: [GC [PSYoungGen: 134640K->18912K(134656K)] 392459K->301425K(441344K), 0.0325880 secs] [Times: user=0.26 sys=0.00, real=0.03 secs] 
365.107: [Full GC [PSYoungGen: 18912K->0K(134656K)] [ParOldGen: 282513K->118983K(306688K)] 301425K->118983K(441344K) [PSPermGen: 9157K->9157K(21504K)], 0.1305690 secs] [Times: user=0.95 sys=0.00, real=0.13 secs] 
365.238: Total time for which application threads were stopped: 0.1634130 seconds, Stopping threads took: 0.0000850 seconds
365.280: Application time: 0.0424110 seconds
365.280: [GC [PSYoungGen: 115712K->18924K(134656K)] 234695K->152160K(441344K), 0.0182650 secs] [Times: user=0.14 sys=0.00, real=0.01 secs] 
365.298: Total time for which application threads were stopped: 0.0185010 seconds, Stopping threads took: 0.0001460 seconds
365.350: Application time: 0.0518880 seconds
365.350: [GC [PSYoungGen: 134636K->18922K(134656K)] 267872K->176224K(441344K), 0.0261470 secs] [Times: user=0.20 sys=0.00, real=0.03 secs] 
365.377: Total time for which application threads were stopped: 0.0263350 seconds, Stopping threads took: 0.0001020 seconds
365.425: Application time: 0.0482120 seconds
365.425: [GC [PSYoungGen: 134634K->18938K(134656K)] 291936K->197012K(441344K), 0.0257840 secs] [Times: user=0.20 sys=0.00, real=0.02 secs] 
365.451: Total time for which application threads were stopped: 0.0259560 seconds, Stopping threads took: 0.0000830 seconds
365.497: Application time: 0.0459460 seconds
365.497: [GC [PSYoungGen: 134650K->18938K(134656K)] 312724K->225782K(441344K), 0.0316900 secs] [Times: user=0.25 sys=0.00, real=0.03 secs] 
365.529: Total time for which application threads were stopped: 0.0318530 seconds, Stopping threads took: 0.0000730 seconds
365.585: Application time: 0.0564450 seconds
365.585: [GC [PSYoungGen: 134650K->18922K(134656K)] 341494K->242123K(441344K), 0.0284580 secs] [Times: user=0.22 sys=0.00, real=0.03 secs] 
365.614: Total time for which application threads were stopped: 0.0286410 seconds, Stopping threads took: 0.0000860 seconds
365.665: Application time: 0.0512630 seconds
365.665: [GC [PSYoungGen: 134634K->18938K(134656K)] 357835K->259878K(441344K), 0.0293380 secs] [Times: user=0.22 sys=0.00, real=0.03 secs] 
365.694: Total time for which application threads were stopped: 0.0295010 seconds, Stopping threads took: 0.0000740 seconds
365.750: Application time: 0.0552610 seconds
365.750: [GC [PSYoungGen: 134650K->18938K(134656K)] 375590K->278359K(441344K), 0.0295160 secs] [Times: user=0.23 sys=0.00, real=0.03 secs] 
365.779: Total time for which application threads were stopped: 0.0297080 seconds, Stopping threads took: 0.0001020 seconds
365.824: Application time: 0.0442770 seconds
365.824: [GC [PSYoungGen: 134650K->18938K(134656K)] 394071K->300948K(441344K), 0.0325200 secs] [Times: user=0.24 sys=0.00, real=0.03 secs] 
365.856: [Full GC [PSYoungGen: 18938K->0K(134656K)] [ParOldGen: 282010K->124796K(306688K)] 300948K->124796K(441344K) [PSPermGen: 9157K->9157K(21504K)], 0.1397110 secs] [Times: user=1.02 sys=0.00, real=0.14 secs] 
365.996: Total time for which application threads were stopped: 0.1724370 seconds, Stopping threads took: 0.0000660 seconds
366.040: Application time: 0.0434620 seconds
366.040: [GC [PSYoungGen: 115712K->18917K(134656K)] 240508K->158036K(441344K), 0.0181620 secs] [Times: user=0.14 sys=0.00, real=0.01 secs] 
366.058: Total time for which application threads were stopped: 0.0183300 seconds, Stopping threads took: 0.0000820 seconds
366.108: Application time: 0.0497750 seconds
366.108: [GC [PSYoungGen: 134629K->18928K(134656K)] 273748K->181878K(441344K), 0.0262690 secs] [Times: user=0.20 sys=0.00, real=0.03 secs] 
366.134: Total time for which application threads were stopped: 0.0265110 seconds, Stopping threads took: 0.0001410 seconds
366.181: Application time: 0.0471220 seconds
366.181: [GC [PSYoungGen: 134640K->18928K(134656K)] 297590K->202849K(441344K), 0.0257430 secs] [Times: user=0.20 sys=0.00, real=0.02 secs] 
366.207: Total time for which application threads were stopped: 0.0258960 seconds, Stopping threads took: 0.0000660 seconds
366.253: Application time: 0.0456500 seconds
366.253: [GC [PSYoungGen: 134640K->18928K(134656K)] 318561K->232067K(441344K), 0.0316870 secs] [Times: user=0.24 sys=0.00, real=0.03 secs] 
366.285: Total time for which application threads were stopped: 0.0318840 seconds, Stopping threads took: 0.0001080 seconds
366.343: Application time: 0.0586570 seconds
366.344: [GC [PSYoungGen: 134640K->18928K(134656K)] 347779K->248971K(441344K), 0.0286070 secs] [Times: user=0.22 sys=0.00, real=0.03 secs] 
366.372: Total time for which application threads were stopped: 0.0287660 seconds, Stopping threads took: 0.0000780 seconds
366.428: Application time: 0.0553200 seconds
366.432: [GC [PSYoungGen: 134640K->18912K(134656K)] 364683K->263898K(441344K), 0.0261610 secs] [Times: user=0.21 sys=0.00, real=0.02 secs] 
366.458: Total time for which application threads were stopped: 0.0302270 seconds, Stopping threads took: 0.0039780 seconds
366.509: Application time: 0.0516860 seconds
366.512: [GC [PSYoungGen: 134624K->18912K(134656K)] 379610K->284016K(441344K), 0.0288060 secs] [Times: user=0.23 sys=0.00, real=0.03 secs] 
366.540: Total time for which application threads were stopped: 0.0309550 seconds, Stopping threads took: 0.0020500 seconds
366.584: Application time: 0.0438700 seconds
366.584: [GC [PSYoungGen: 134624K->18928K(134656K)] 399728K->307463K(441344K), 0.0294590 secs] [Times: user=0.23 sys=0.00, real=0.03 secs] 
366.614: [Full GC [PSYoungGen: 18928K->0K(134656K)] [ParOldGen: 288535K->125565K(306688K)] 307463K->125565K(441344K) [PSPermGen: 9157K->9157K(21504K)], 0.1409860 secs] [Times: user=1.04 sys=0.00, real=0.14 secs] 
366.755: Total time for which application threads were stopped: 0.1706910 seconds, Stopping threads took: 0.0000960 seconds
366.800: Application time: 0.0447140 seconds
366.800: [GC [PSYoungGen: 115712K->18912K(134656K)] 241277K->156685K(441344K), 0.0178670 secs] [Times: user=0.14 sys=0.00, real=0.01 secs] 
366.818: Total time for which application threads were stopped: 0.0180460 seconds, Stopping threads took: 0.0000780 seconds
366.866: Application time: 0.0480530 seconds
366.866: [GC [PSYoungGen: 134624K->18928K(134656K)] 272397K->181185K(441344K), 0.0245500 secs] [Times: user=0.20 sys=0.00, real=0.02 secs] 
366.891: Total time for which application threads were stopped: 0.0247140 seconds, Stopping threads took: 0.0000770 seconds
366.935: Application time: 0.0440490 seconds
366.936: [GC [PSYoungGen: 134640K->18928K(134656K)] 296897K->206455K(441344K), 0.0259480 secs] [Times: user=0.21 sys=0.00, real=0.03 secs] 
366.962: Total time for which application threads were stopped: 0.0270240 seconds, Stopping threads took: 0.0009900 seconds
367.008: Application time: 0.0463820 seconds
367.008: [GC [PSYoungGen: 134640K->18928K(134656K)] 322167K->234446K(441344K), 0.0299940 secs] [Times: user=0.23 sys=0.00, real=0.03 secs] 
367.038: Total time for which application threads were stopped: 0.0301640 seconds, Stopping threads took: 0.0000810 seconds
367.097: Application time: 0.0588900 seconds
367.097: [GC [PSYoungGen: 134640K->18928K(134656K)] 350158K->250154K(441344K), 0.0284780 secs] [Times: user=0.22 sys=0.00, real=0.03 secs] 
367.126: Total time for which application threads were stopped: 0.0286300 seconds, Stopping threads took: 0.0000720 seconds
367.181: Application time: 0.0551840 seconds
367.181: [GC [PSYoungGen: 134640K->18928K(134656K)] 365866K->264153K(441344K), 0.0252770 secs] [Times: user=0.20 sys=0.00, real=0.02 secs] 
367.206: Total time for which application threads were stopped: 0.0254560 seconds, Stopping threads took: 0.0000920 seconds
367.257: Application time: 0.0505440 seconds
367.257: [GC [PSYoungGen: 134640K->18912K(134656K)] 379865K->283566K(441344K), 0.0277590 secs] [Times: user=0.22 sys=0.00, real=0.03 secs] 
367.285: Total time for which application threads were stopped: 0.0279240 seconds, Stopping threads took: 0.0000800 seconds
367.329: Application time: 0.0441960 seconds
367.329: [GC [PSYoungGen: 134624K->18928K(134656K)] 399278K->308803K(441344K), 0.0359310 secs] [Times: user=0.27 sys=0.00, real=0.04 secs] 
367.365: [Full GC [PSYoungGen: 18928K->0K(134656K)] [ParOldGen: 289875K->125493K(306688K)] 308803K->125493K(441344K) [PSPermGen: 9157K->9157K(21504K)], 0.1424990 secs] [Times: user=1.04 sys=0.00, real=0.14 secs] 
367.508: Total time for which application threads were stopped: 0.1786590 seconds, Stopping threads took: 0.0000820 seconds
367.552: Application time: 0.0438820 seconds
367.552: [GC [PSYoungGen: 115712K->18917K(134656K)] 241205K->155757K(441344K), 0.0169920 secs] [Times: user=0.13 sys=0.00, real=0.01 secs] 
367.569: Total time for which application threads were stopped: 0.0171450 seconds, Stopping threads took: 0.0000650 seconds
367.616: Application time: 0.0476300 seconds
367.616: [GC [PSYoungGen: 134629K->18928K(134656K)] 271469K->181612K(441344K), 0.0252870 secs] [Times: user=0.20 sys=0.00, real=0.03 secs] 
367.642: Total time for which application threads were stopped: 0.0254720 seconds, Stopping threads took: 0.0000950 seconds
367.688: Application time: 0.0458110 seconds
367.688: [GC [PSYoungGen: 134640K->18928K(134656K)] 297324K->206295K(441344K), 0.0264830 secs] [Times: user=0.21 sys=0.00, real=0.03 secs] 
367.714: Total time for which application threads were stopped: 0.0266620 seconds, Stopping threads took: 0.0000810 seconds
367.761: Application time: 0.0471330 seconds
367.762: [GC [PSYoungGen: 134597K->18912K(134656K)] 321964K->234153K(441344K), 0.0302430 secs] [Times: user=0.24 sys=0.00, real=0.03 secs] 
367.792: Total time for which application threads were stopped: 0.0304110 seconds, Stopping threads took: 0.0000810 seconds
367.850: Application time: 0.0578190 seconds
367.850: [GC [PSYoungGen: 134624K->18928K(134656K)] 349865K->250422K(441344K), 0.0276460 secs] [Times: user=0.21 sys=0.00, real=0.03 secs] 
367.878: Total time for which application threads were stopped: 0.0278440 seconds, Stopping threads took: 0.0000970 seconds
367.934: Application time: 0.0561390 seconds
367.934: [GC [PSYoungGen: 134640K->18912K(134656K)] 366134K->263375K(441344K), 0.0259040 secs] [Times: user=0.21 sys=0.00, real=0.03 secs] 
367.960: Total time for which application threads were stopped: 0.0260940 seconds, Stopping threads took: 0.0000990 seconds
368.011: Application time: 0.0507820 seconds
368.012: [GC [PSYoungGen: 134624K->18912K(134656K)] 379087K->283793K(441344K), 0.0292040 secs] [Times: user=0.23 sys=0.00, real=0.03 secs] 
368.041: Total time for which application threads were stopped: 0.0303240 seconds, Stopping threads took: 0.0010320 seconds
368.086: Application time: 0.0451990 seconds
368.086: [GC [PSYoungGen: 134624K->18928K(134656K)] 399505K->309782K(441344K), 0.0324040 secs] [Times: user=0.25 sys=0.00, real=0.03 secs] 
368.119: [Full GC [PSYoungGen: 18928K->0K(134656K)] [ParOldGen: 290854K->129228K(306688K)] 309782K->129228K(441344K) [PSPermGen: 9157K->9157K(21504K)], 0.1472570 secs] [Times: user=1.09 sys=0.00, real=0.15 secs] 
368.266: Total time for which application threads were stopped: 0.1799120 seconds, Stopping threads took: 0.0000980 seconds
368.314: Application time: 0.0481680 seconds
368.314: [GC [PSYoungGen: 115712K->18940K(134656K)] 244940K->157710K(441344K), 0.0171380 secs] [Times: user=0.13 sys=0.00, real=0.01 secs] 
368.331: Total time for which application threads were stopped: 0.0173330 seconds, Stopping threads took: 0.0001090 seconds
368.378: Application time: 0.0467640 seconds
368.378: [GC [PSYoungGen: 134652K->18912K(134656K)] 273422K->181433K(441344K), 0.0249280 secs] [Times: user=0.20 sys=0.00, real=0.03 secs] 
368.403: Total time for which application threads were stopped: 0.0251370 seconds, Stopping threads took: 0.0001050 seconds
368.449: Application time: 0.0451990 seconds
368.449: [GC [PSYoungGen: 134624K->18912K(134656K)] 297145K->209766K(441344K), 0.0285450 secs] [Times: user=0.22 sys=0.00, real=0.03 secs] 
368.477: Total time for which application threads were stopped: 0.0287170 seconds, Stopping threads took: 0.0000830 seconds
368.526: Application time: 0.0485810 seconds
368.526: [GC [PSYoungGen: 134624K->18928K(134656K)] 325478K->236658K(441344K), 0.0305250 secs] [Times: user=0.24 sys=0.00, real=0.03 secs] 
368.557: Total time for which application threads were stopped: 0.0307060 seconds, Stopping threads took: 0.0000940 seconds
368.613: Application time: 0.0567100 seconds
368.616: [GC [PSYoungGen: 134640K->18928K(134656K)] 352370K->253776K(441344K), 0.0271980 secs] [Times: user=0.22 sys=0.00, real=0.03 secs] 
368.643: Total time for which application threads were stopped: 0.0295400 seconds, Stopping threads took: 0.0022580 seconds
368.700: Application time: 0.0574370 seconds
368.700: [GC [PSYoungGen: 134640K->18912K(134656K)] 369488K->265128K(441344K), 0.0254530 secs] [Times: user=0.19 sys=0.00, real=0.02 secs] 
368.726: Total time for which application threads were stopped: 0.0256400 seconds, Stopping threads took: 0.0001020 seconds
368.774: Application time: 0.0478170 seconds
368.774: [GC [PSYoungGen: 134624K->18928K(134656K)] 380840K->283975K(441344K), 0.0273830 secs] [Times: user=0.21 sys=0.00, real=0.03 secs] 
368.801: Total time for which application threads were stopped: 0.0275670 seconds, Stopping threads took: 0.0000970 seconds
368.845: Application time: 0.0439520 seconds
368.845: [GC [PSYoungGen: 134640K->18928K(134656K)] 399687K->312643K(441344K), 0.0340030 secs] [Times: user=0.26 sys=0.00, real=0.03 secs] 
368.879: [Full GC [PSYoungGen: 18928K->0K(134656K)] [ParOldGen: 293715K->127702K(306688K)] 312643K->127702K(441344K) [PSPermGen: 9157K->9157K(21504K)], 0.1467360 secs] [Times: user=1.08 sys=0.00, real=0.15 secs] 
369.026: Total time for which application threads were stopped: 0.1809840 seconds, Stopping threads took: 0.0000980 seconds
369.072: Application time: 0.0457870 seconds
369.072: [GC [PSYoungGen: 115712K->18915K(134656K)] 243414K->158375K(441344K), 0.0184380 secs] [Times: user=0.15 sys=0.00, real=0.01 secs] 
369.091: Total time for which application threads were stopped: 0.0186580 seconds, Stopping threads took: 0.0001170 seconds
369.141: Application time: 0.0506700 seconds
369.141: [GC [PSYoungGen: 134627K->18912K(134656K)] 274087K->181674K(441344K), 0.0247510 secs] [Times: user=0.19 sys=0.00, real=0.02 secs] 
369.166: Total time for which application threads were stopped: 0.0249090 seconds, Stopping threads took: 0.0000710 seconds
369.210: Application time: 0.0439320 seconds
369.210: [GC [PSYoungGen: 134624K->18912K(134656K)] 297386K->209190K(441344K), 0.0269140 secs] [Times: user=0.21 sys=0.00, real=0.03 secs] 
369.237: Total time for which application threads were stopped: 0.0270690 seconds, Stopping threads took: 0.0000680 seconds
369.287: Application time: 0.0492260 seconds
369.288: [GC [PSYoungGen: 134624K->18912K(134656K)] 324902K->234733K(441344K), 0.0297700 secs] [Times: user=0.23 sys=0.00, real=0.03 secs] 
369.317: Total time for which application threads were stopped: 0.0309060 seconds, Stopping threads took: 0.0010480 seconds
369.372: Application time: 0.0548870 seconds
369.372: [GC [PSYoungGen: 134624K->18912K(134656K)] 350445K->251853K(441344K), 0.0268730 secs] [Times: user=0.21 sys=0.00, real=0.02 secs] 
369.399: Total time for which application threads were stopped: 0.0270590 seconds, Stopping threads took: 0.0000990 seconds
369.457: Application time: 0.0577370 seconds
369.457: [GC [PSYoungGen: 134624K->18912K(134656K)] 367565K->263387K(441344K), 0.0256870 secs] [Times: user=0.20 sys=0.00, real=0.03 secs] 
369.483: Total time for which application threads were stopped: 0.0258700 seconds, Stopping threads took: 0.0000980 seconds
369.532: Application time: 0.0487920 seconds
369.532: [GC [PSYoungGen: 134624K->18912K(134656K)] 379099K->282005K(441344K), 0.0278420 secs] [Times: user=0.22 sys=0.00, real=0.03 secs] 
369.560: Total time for which application threads were stopped: 0.0280180 seconds, Stopping threads took: 0.0000900 seconds
369.604: Application time: 0.0443890 seconds
369.608: [GC [PSYoungGen: 134624K->18928K(134656K)] 397717K->311024K(441344K), 0.0337120 secs] [Times: user=0.26 sys=0.00, real=0.04 secs] 
369.641: [Full GC [PSYoungGen: 18928K->0K(134656K)] [ParOldGen: 292096K->126791K(306688K)] 311024K->126791K(441344K) [PSPermGen: 9157K->9157K(21504K)], 0.1429120 secs] [Times: user=1.06 sys=0.00, real=0.14 secs] 
369.784: Total time for which application threads were stopped: 0.1802490 seconds, Stopping threads took: 0.0034650 seconds
369.829: Application time: 0.0445440 seconds
369.829: [GC [PSYoungGen: 115712K->18921K(134656K)] 242503K->156977K(441344K), 0.0173760 secs] [Times: user=0.13 sys=0.00, real=0.02 secs] 
369.847: Total time for which application threads were stopped: 0.0175540 seconds, Stopping threads took: 0.0000890 seconds
369.894: Application time: 0.0475110 seconds
369.894: [GC [PSYoungGen: 134618K->18912K(134656K)] 272674K->180862K(441344K), 0.0247970 secs] [Times: user=0.20 sys=0.00, real=0.02 secs] 
369.919: Total time for which application threads were stopped: 0.0249830 seconds, Stopping threads took: 0.0000970 seconds
369.964: Application time: 0.0446030 seconds
369.966: [GC [PSYoungGen: 134624K->18928K(134656K)] 296574K->208048K(441344K), 0.0277510 secs] [Times: user=0.21 sys=0.00, real=0.03 secs] 
369.994: Total time for which application threads were stopped: 0.0302340 seconds, Stopping threads took: 0.0023930 seconds
370.046: Application time: 0.0520950 seconds
370.046: [GC [PSYoungGen: 134640K->18912K(134656K)] 323760K->231917K(441344K), 0.0296970 secs] [Times: user=0.23 sys=0.00, real=0.03 secs] 
370.076: Total time for which application threads were stopped: 0.0298510 seconds, Stopping threads took: 0.0000680 seconds
370.129: Application time: 0.0536200 seconds
370.130: [GC [PSYoungGen: 134624K->18928K(134656K)] 347629K->249279K(441344K), 0.0267310 secs] [Times: user=0.20 sys=0.00, real=0.03 secs] 
370.156: Total time for which application threads were stopped: 0.0269100 seconds, Stopping threads took: 0.0000800 seconds
370.216: Application time: 0.0598610 seconds
370.216: [GC [PSYoungGen: 134640K->18912K(134656K)] 364991K->261678K(441344K), 0.0265060 secs] [Times: user=0.21 sys=0.00, real=0.03 secs] 
370.243: Total time for which application threads were stopped: 0.0266780 seconds, Stopping threads took: 0.0000880 seconds
370.293: Application time: 0.0497360 seconds
370.293: [GC [PSYoungGen: 134624K->18928K(134656K)] 377390K->279530K(441344K), 0.0274830 secs] [Times: user=0.21 sys=0.00, real=0.03 secs] 
370.320: Total time for which application threads were stopped: 0.0276450 seconds, Stopping threads took: 0.0000760 seconds
370.365: Application time: 0.0450180 seconds
370.365: [GC [PSYoungGen: 134640K->18912K(134656K)] 395242K->307661K(441344K), 0.0361460 secs] [Times: user=0.27 sys=0.00, real=0.04 secs] 
370.402: [Full GC [PSYoungGen: 18912K->0K(134656K)] [ParOldGen: 288748K->123095K(306688K)] 307661K->123095K(441344K) [PSPermGen: 9157K->9157K(21504K)], 0.1385970 secs] [Times: user=1.01 sys=0.00, real=0.14 secs] 
370.540: Total time for which application threads were stopped: 0.1749720 seconds, Stopping threads took: 0.0000760 seconds
370.582: Application time: 0.0422010 seconds
370.583: [GC [PSYoungGen: 115712K->18928K(134656K)] 238807K->153347K(441344K), 0.0168200 secs] [Times: user=0.13 sys=0.00, real=0.01 secs] 
370.600: Total time for which application threads were stopped: 0.0169870 seconds, Stopping threads took: 0.0000790 seconds
370.647: Application time: 0.0470650 seconds
370.647: [GC [PSYoungGen: 134640K->18912K(134656K)] 269059K->178255K(441344K), 0.0246280 secs] [Times: user=0.19 sys=0.00, real=0.02 secs] 
370.671: Total time for which application threads were stopped: 0.0247980 seconds, Stopping threads took: 0.0000690 seconds
370.717: Application time: 0.0451600 seconds
370.717: [GC [PSYoungGen: 134624K->18912K(134656K)] 293967K->205279K(441344K), 0.0276370 secs] [Times: user=0.22 sys=0.00, real=0.03 secs] 
370.744: Total time for which application threads were stopped: 0.0278240 seconds, Stopping threads took: 0.0000970 seconds
370.795: Application time: 0.0502670 seconds
370.796: [GC [PSYoungGen: 134624K->18928K(134656K)] 320991K->230421K(441344K), 0.0296820 secs] [Times: user=0.23 sys=0.00, real=0.03 secs] 
370.825: Total time for which application threads were stopped: 0.0307400 seconds, Stopping threads took: 0.0009680 seconds
370.879: Application time: 0.0539820 seconds
370.879: [GC [PSYoungGen: 134640K->18912K(134656K)] 346133K->247858K(441344K), 0.0271580 secs] [Times: user=0.21 sys=0.00, real=0.03 secs] 
370.907: Total time for which application threads were stopped: 0.0273510 seconds, Stopping threads took: 0.0001070 seconds
370.966: Application time: 0.0593070 seconds
370.966: [GC [PSYoungGen: 134624K->18912K(134656K)] 363570K->259973K(441344K), 0.0264450 secs] [Times: user=0.21 sys=0.00, real=0.03 secs] 
370.993: Total time for which application threads were stopped: 0.0266180 seconds, Stopping threads took: 0.0000890 seconds
371.043: Application time: 0.0505230 seconds
371.043: [GC [PSYoungGen: 134624K->18912K(134656K)] 375685K->277512K(441344K), 0.0279540 secs] [Times: user=0.22 sys=0.00, real=0.02 secs] 
371.071: Total time for which application threads were stopped: 0.0280970 seconds, Stopping threads took: 0.0000510 seconds
371.119: Application time: 0.0478970 seconds
371.119: [GC [PSYoungGen: 134624K->18912K(134656K)] 393224K->305080K(441344K), 0.0329630 secs] [Times: user=0.26 sys=0.00, real=0.04 secs] 
371.152: [Full GC [PSYoungGen: 18912K->0K(134656K)] [ParOldGen: 286168K->123084K(306688K)] 305080K->123084K(441344K) [PSPermGen: 9157K->9157K(21504K)], 0.1386540 secs] [Times: user=1.02 sys=0.00, real=0.13 secs] 
371.291: Total time for which application threads were stopped: 0.1718620 seconds, Stopping threads took: 0.0000830 seconds
371.333: Application time: 0.0420620 seconds
371.333: [GC [PSYoungGen: 115712K->18912K(134656K)] 238796K->152867K(441344K), 0.0164490 secs] [Times: user=0.13 sys=0.00, real=0.01 secs] 
371.350: Total time for which application threads were stopped: 0.0166100 seconds, Stopping threads took: 0.0000590 seconds
371.397: Application time: 0.0476230 seconds
371.397: [GC [PSYoungGen: 134624K->18912K(134656K)] 268579K->177562K(441344K), 0.0250280 secs] [Times: user=0.19 sys=0.00, real=0.03 secs] 
371.423: Total time for which application threads were stopped: 0.0252040 seconds, Stopping threads took: 0.0000880 seconds
371.471: Application time: 0.0481280 seconds
371.471: [GC [PSYoungGen: 134624K->18928K(134656K)] 293274K->203706K(441344K), 0.0278930 secs] [Times: user=0.22 sys=0.00, real=0.03 secs] 
371.499: Total time for which application threads were stopped: 0.0280900 seconds, Stopping threads took: 0.0001050 seconds
371.547: Application time: 0.0480600 seconds
371.547: [GC [PSYoungGen: 134640K->18912K(134656K)] 319418K->228729K(441344K), 0.0287970 secs] [Times: user=0.23 sys=0.00, real=0.03 secs] 
371.576: Total time for which application threads were stopped: 0.0289720 seconds, Stopping threads took: 0.0000880 seconds
371.635: Application time: 0.0591090 seconds
371.635: [GC [PSYoungGen: 134624K->18928K(134656K)] 344441K->246336K(441344K), 0.0296190 secs] [Times: user=0.22 sys=0.00, real=0.03 secs] 
371.665: Total time for which application threads were stopped: 0.0298330 seconds, Stopping threads took: 0.0001230 seconds
371.730: Application time: 0.0649430 seconds
371.730: [GC [PSYoungGen: 134640K->18928K(134656K)] 362048K->260023K(441344K), 0.0266480 secs] [Times: user=0.21 sys=0.00, real=0.03 secs] 
371.757: Total time for which application threads were stopped: 0.0268380 seconds, Stopping threads took: 0.0000990 seconds
371.806: Application time: 0.0494870 seconds
371.806: [GC [PSYoungGen: 134640K->18912K(134656K)] 375735K->278552K(441344K), 0.0285310 secs] [Times: user=0.22 sys=0.00, real=0.03 secs] 
371.835: Total time for which application threads were stopped: 0.0287000 seconds, Stopping threads took: 0.0000790 seconds
371.881: Application time: 0.0458910 seconds
371.881: [GC [PSYoungGen: 134624K->18912K(134656K)] 394264K->305958K(441344K), 0.0354650 secs] [Times: user=0.27 sys=0.00, real=0.03 secs] 
371.916: [Full GC [PSYoungGen: 18912K->0K(134656K)] [ParOldGen: 287046K->128039K(306688K)] 305958K->128039K(441344K) [PSPermGen: 9157K->9157K(21504K)], 0.1467300 secs] [Times: user=1.07 sys=0.00, real=0.15 secs] 
372.063: Total time for which application threads were stopped: 0.1824610 seconds, Stopping threads took: 0.0000950 seconds
372.109: Application time: 0.0459870 seconds
372.110: [GC [PSYoungGen: 115712K->18935K(134656K)] 243751K->157009K(441344K), 0.0168140 secs] [Times: user=0.13 sys=0.00, real=0.02 secs] 
372.127: Total time for which application threads were stopped: 0.0175220 seconds, Stopping threads took: 0.0006190 seconds
372.174: Application time: 0.0474110 seconds
372.174: [GC [PSYoungGen: 134647K->18923K(134656K)] 272721K->180439K(441344K), 0.0242650 secs] [Times: user=0.19 sys=0.00, real=0.02 secs] 
372.198: Total time for which application threads were stopped: 0.0244470 seconds, Stopping threads took: 0.0000950 seconds
372.250: Application time: 0.0514520 seconds
372.250: [GC [PSYoungGen: 134635K->18939K(134656K)] 296151K->203917K(441344K), 0.0275580 secs] [Times: user=0.21 sys=0.00, real=0.03 secs] 
372.278: Total time for which application threads were stopped: 0.0277330 seconds, Stopping threads took: 0.0000890 seconds
372.325: Application time: 0.0476300 seconds
372.325: [GC [PSYoungGen: 134651K->18912K(134656K)] 319629K->227470K(441344K), 0.0284620 secs] [Times: user=0.22 sys=0.00, real=0.03 secs] 
372.354: Total time for which application threads were stopped: 0.0286470 seconds, Stopping threads took: 0.0000970 seconds
372.405: Application time: 0.0515320 seconds
372.406: [GC [PSYoungGen: 134624K->18912K(134656K)] 343182K->250226K(441344K), 0.0300930 secs] [Times: user=0.24 sys=0.00, real=0.03 secs] 
372.436: Total time for which application threads were stopped: 0.0302770 seconds, Stopping threads took: 0.0000870 seconds
372.496: Application time: 0.0602850 seconds
372.496: [GC [PSYoungGen: 134624K->18928K(134656K)] 365938K->263372K(441344K), 0.0278710 secs] [Times: user=0.22 sys=0.00, real=0.03 secs] 
372.524: Total time for which application threads were stopped: 0.0280340 seconds, Stopping threads took: 0.0000820 seconds
372.573: Application time: 0.0492640 seconds
372.573: [GC [PSYoungGen: 134640K->18912K(134656K)] 379084K->282764K(441344K), 0.0281900 secs] [Times: user=0.21 sys=0.00, real=0.03 secs] 
372.602: Total time for which application threads were stopped: 0.0283810 seconds, Stopping threads took: 0.0001010 seconds
372.646: Application time: 0.0442510 seconds
372.646: [GC [PSYoungGen: 134624K->18912K(134656K)] 398476K->312370K(441344K), 0.0330720 secs] [Times: user=0.26 sys=0.00, real=0.03 secs] 
372.679: [Full GC [PSYoungGen: 18912K->0K(134656K)] [ParOldGen: 293457K->132362K(306688K)] 312370K->132362K(441344K) [PSPermGen: 9157K->9157K(21504K)], 0.1563050 secs] [Times: user=1.14 sys=0.01, real=0.16 secs] 
372.836: Total time for which application threads were stopped: 0.1896340 seconds, Stopping threads took: 0.0000860 seconds
372.883: Application time: 0.0472900 seconds
372.883: [GC [PSYoungGen: 115712K->18915K(134656K)] 248074K->159683K(441344K), 0.0169140 secs] [Times: user=0.14 sys=0.00, real=0.02 secs] 
372.900: Total time for which application threads were stopped: 0.0170900 seconds, Stopping threads took: 0.0000900 seconds
372.946: Application time: 0.0461440 seconds
372.946: [GC [PSYoungGen: 134627K->18912K(134656K)] 275395K->182491K(441344K), 0.0240910 secs] [Times: user=0.19 sys=0.01, real=0.02 secs] 
372.970: Total time for which application threads were stopped: 0.0242820 seconds, Stopping threads took: 0.0000930 seconds
373.020: Application time: 0.0495240 seconds
373.020: [GC [PSYoungGen: 134624K->18928K(134656K)] 298203K->207480K(441344K), 0.0279570 secs] [Times: user=0.22 sys=0.00, real=0.02 secs] 
373.048: Total time for which application threads were stopped: 0.0281190 seconds, Stopping threads took: 0.0000760 seconds
373.096: Application time: 0.0478600 seconds
373.100: [GC [PSYoungGen: 134640K->18928K(134656K)] 323192K->231017K(441344K), 0.0293080 secs] [Times: user=0.22 sys=0.00, real=0.02 secs] 
373.129: Total time for which application threads were stopped: 0.0330630 seconds, Stopping threads took: 0.0036680 seconds
373.180: Application time: 0.0511530 seconds
373.180: [GC [PSYoungGen: 134640K->18928K(134656K)] 346729K->251874K(441344K), 0.0294740 secs] [Times: user=0.23 sys=0.00, real=0.02 secs] 
373.210: Total time for which application threads were stopped: 0.0296340 seconds, Stopping threads took: 0.0000740 seconds
373.269: Application time: 0.0589900 seconds
373.269: [GC [PSYoungGen: 134640K->18928K(134656K)] 367586K->266426K(441344K), 0.0297120 secs] [Times: user=0.23 sys=0.00, real=0.03 secs] 
373.299: Total time for which application threads were stopped: 0.0298770 seconds, Stopping threads took: 0.0000820 seconds
373.349: Application time: 0.0507950 seconds
373.350: [GC [PSYoungGen: 134531K->18928K(134656K)] 382029K->285030K(441344K), 0.0286580 secs] [Times: user=0.23 sys=0.00, real=0.03 secs] 
373.378: Total time for which application threads were stopped: 0.0288390 seconds, Stopping threads took: 0.0000930 seconds
373.423: Application time: 0.0448900 seconds
373.424: [GC [PSYoungGen: 134640K->18928K(134656K)] 400742K->314288K(441344K), 0.0344470 secs] [Times: user=0.26 sys=0.00, real=0.03 secs] 
373.458: [Full GC [PSYoungGen: 18928K->0K(134656K)] [ParOldGen: 295360K->131634K(306688K)] 314288K->131634K(441344K) [PSPermGen: 9157K->9157K(21504K)], 0.1518150 secs] [Times: user=1.12 sys=0.00, real=0.15 secs] 
373.610: Total time for which application threads were stopped: 0.1868670 seconds, Stopping threads took: 0.0004410 seconds
373.658: Application time: 0.0483480 seconds
373.659: [GC [PSYoungGen: 115712K->18928K(134656K)] 247346K->159181K(441344K), 0.0179330 secs] [Times: user=0.14 sys=0.00, real=0.02 secs] 
373.676: Total time for which application threads were stopped: 0.0180950 seconds, Stopping threads took: 0.0000700 seconds
373.721: Application time: 0.0441570 seconds
373.721: [GC [PSYoungGen: 134640K->18912K(134656K)] 274893K->181164K(441344K), 0.0235410 secs] [Times: user=0.19 sys=0.00, real=0.02 secs] 
373.744: Total time for which application threads were stopped: 0.0237410 seconds, Stopping threads took: 0.0001120 seconds
373.794: Application time: 0.0496790 seconds
373.794: [GC [PSYoungGen: 134624K->18928K(134656K)] 296876K->208978K(441344K), 0.0297630 secs] [Times: user=0.24 sys=0.00, real=0.03 secs] 
373.824: Total time for which application threads were stopped: 0.0299360 seconds, Stopping threads took: 0.0000850 seconds
373.874: Application time: 0.0495820 seconds
373.876: [GC [PSYoungGen: 134640K->18912K(134656K)] 324690K->231543K(441344K), 0.0284250 secs] [Times: user=0.23 sys=0.00, real=0.03 secs] 
373.904: Total time for which application threads were stopped: 0.0305090 seconds, Stopping threads took: 0.0019980 seconds
373.956: Application time: 0.0518010 seconds
373.956: [GC [PSYoungGen: 134624K->18928K(134656K)] 347255K->252160K(441344K), 0.0287690 secs] [Times: user=0.23 sys=0.00, real=0.03 secs] 
373.985: Total time for which application threads were stopped: 0.0289380 seconds, Stopping threads took: 0.0000820 seconds
374.045: Application time: 0.0599010 seconds
374.048: [GC [PSYoungGen: 134640K->18912K(134656K)] 367872K->266749K(441344K), 0.0295580 secs] [Times: user=0.23 sys=0.00, real=0.03 secs] 
374.077: Total time for which application threads were stopped: 0.0324580 seconds, Stopping threads took: 0.0028170 seconds
374.129: Application time: 0.0519920 seconds
374.129: [GC [PSYoungGen: 134624K->18928K(134656K)] 382461K->286123K(441344K), 0.0286360 secs] [Times: user=0.22 sys=0.00, real=0.03 secs] 
374.158: Total time for which application threads were stopped: 0.0288060 seconds, Stopping threads took: 0.0000810 seconds
374.199: Application time: 0.0406750 seconds
374.199: [GC [PSYoungGen: 134640K->18928K(134656K)] 401835K->314304K(441344K), 0.0324340 secs] [Times: user=0.25 sys=0.00, real=0.03 secs] 
374.231: [Full GC [PSYoungGen: 18928K->0K(134656K)] [ParOldGen: 295376K->134467K(306688K)] 314304K->134467K(441344K) [PSPermGen: 9157K->9157K(21504K)], 0.1526900 secs] [Times: user=1.12 sys=0.00, real=0.16 secs] 
374.384: Total time for which application threads were stopped: 0.1853760 seconds, Stopping threads took: 0.0000870 seconds
374.438: Application time: 0.0544310 seconds
374.439: [GC [PSYoungGen: 115712K->18928K(134656K)] 250179K->160089K(441344K), 0.0180410 secs] [Times: user=0.14 sys=0.00, real=0.02 secs] 
374.457: Total time for which application threads were stopped: 0.0182130 seconds, Stopping threads took: 0.0000830 seconds
374.502: Application time: 0.0448000 seconds
374.502: [GC [PSYoungGen: 134640K->18912K(134656K)] 275801K->183014K(441344K), 0.0252260 secs] [Times: user=0.20 sys=0.00, real=0.02 secs] 
374.527: Total time for which application threads were stopped: 0.0253980 seconds, Stopping threads took: 0.0000790 seconds
374.578: Application time: 0.0515440 seconds
374.579: [GC [PSYoungGen: 134624K->18928K(134656K)] 298726K->211193K(441344K), 0.0309160 secs] [Times: user=0.25 sys=0.00, real=0.03 secs] 
374.610: Total time for which application threads were stopped: 0.0310820 seconds, Stopping threads took: 0.0000770 seconds
374.657: Application time: 0.0476030 seconds
374.657: [GC [PSYoungGen: 134640K->18912K(134656K)] 326905K->234328K(441344K), 0.0287610 secs] [Times: user=0.22 sys=0.00, real=0.03 secs] 
374.686: Total time for which application threads were stopped: 0.0289420 seconds, Stopping threads took: 0.0000820 seconds
374.740: Application time: 0.0540220 seconds
374.740: [GC [PSYoungGen: 134624K->18912K(134656K)] 350040K->254510K(441344K), 0.0296890 secs] [Times: user=0.24 sys=0.00, real=0.02 secs] 
374.770: Total time for which application threads were stopped: 0.0298780 seconds, Stopping threads took: 0.0000890 seconds
374.826: Application time: 0.0558640 seconds
374.826: [GC [PSYoungGen: 134624K->18912K(134656K)] 370222K->270974K(441344K), 0.0291420 secs] [Times: user=0.23 sys=0.00, real=0.03 secs] 
374.855: Total time for which application threads were stopped: 0.0293490 seconds, Stopping threads took: 0.0001220 seconds
374.905: Application time: 0.0497750 seconds
374.905: [GC [PSYoungGen: 134600K->18912K(134656K)] 386663K->290889K(441344K), 0.0334280 secs] [Times: user=0.25 sys=0.00, real=0.03 secs] 
374.939: Total time for which application threads were stopped: 0.0335990 seconds, Stopping threads took: 0.0000900 seconds
374.981: Application time: 0.0426880 seconds
374.981: [GC [PSYoungGen: 134624K->18912K(134656K)] 406601K->319184K(441344K), 0.0418340 secs] [Times: user=0.32 sys=0.00, real=0.04 secs] 
375.023: [Full GC [PSYoungGen: 18912K->0K(134656K)] [ParOldGen: 300271K->134995K(306688K)] 319184K->134995K(441344K) [PSPermGen: 9157K->9157K(21504K)], 0.1574310 secs] [Times: user=1.17 sys=0.00, real=0.16 secs] 
375.181: Total time for which application threads were stopped: 0.1994930 seconds, Stopping threads took: 0.0000930 seconds
375.234: Application time: 0.0537160 seconds
375.235: [GC [PSYoungGen: 115712K->18928K(134656K)] 250707K->159366K(441344K), 0.0170470 secs] [Times: user=0.13 sys=0.00, real=0.02 secs] 
375.252: Total time for which application threads were stopped: 0.0172270 seconds, Stopping threads took: 0.0000970 seconds
375.295: Application time: 0.0435810 seconds
375.295: [GC [PSYoungGen: 134640K->18928K(134656K)] 275078K->182340K(441344K), 0.0241500 secs] [Times: user=0.19 sys=0.00, real=0.03 secs] 
375.320: Total time for which application threads were stopped: 0.0243070 seconds, Stopping threads took: 0.0000600 seconds
375.371: Application time: 0.0511100 seconds
375.371: [GC [PSYoungGen: 134640K->18912K(134656K)] 298052K->208414K(441344K), 0.0291640 secs] [Times: user=0.22 sys=0.01, real=0.04 secs] 
375.400: Total time for which application threads were stopped: 0.0293350 seconds, Stopping threads took: 0.0000810 seconds
375.446: Application time: 0.0461070 seconds
375.446: [GC [PSYoungGen: 134624K->18928K(134656K)] 324126K->231099K(441344K), 0.0276860 secs] [Times: user=0.22 sys=0.00, real=0.03 secs] 
375.474: Total time for which application threads were stopped: 0.0278590 seconds, Stopping threads took: 0.0000800 seconds
375.529: Application time: 0.0546110 seconds
375.529: [GC [PSYoungGen: 134640K->18928K(134656K)] 346811K->253095K(441344K), 0.0321700 secs] [Times: user=0.24 sys=0.00, real=0.04 secs] 
375.561: Total time for which application threads were stopped: 0.0323300 seconds, Stopping threads took: 0.0000730 seconds
375.617: Application time: 0.0559670 seconds
375.617: [GC [PSYoungGen: 134640K->18928K(134656K)] 368807K->269795K(441344K), 0.0295020 secs] [Times: user=0.23 sys=0.00, real=0.03 secs] 
375.647: Total time for which application threads were stopped: 0.0296860 seconds, Stopping threads took: 0.0000990 seconds
375.699: Application time: 0.0524200 seconds
375.699: [GC [PSYoungGen: 134640K->18928K(134656K)] 385507K->288495K(441344K), 0.0281820 secs] [Times: user=0.23 sys=0.00, real=0.03 secs] 
375.727: Total time for which application threads were stopped: 0.0283540 seconds, Stopping threads took: 0.0000820 seconds
375.768: Application time: 0.0407600 seconds
375.772: [GC [PSYoungGen: 134410K->18912K(134656K)] 403977K->317339K(441344K), 0.0325860 secs] [Times: user=0.25 sys=0.00, real=0.03 secs] 
375.804: [Full GC [PSYoungGen: 18912K->0K(134656K)] [ParOldGen: 298427K->133714K(306688K)] 317339K->133714K(441344K) [PSPermGen: 9157K->9157K(21504K)], 0.1540790 secs] [Times: user=1.14 sys=0.01, real=0.15 secs] 
375.958: Total time for which application threads were stopped: 0.1902230 seconds, Stopping threads took: 0.0034060 seconds
376.011: Application time: 0.0522440 seconds
376.012: [GC [PSYoungGen: 115595K->18928K(134656K)] 249309K->158862K(441344K), 0.0172980 secs] [Times: user=0.14 sys=0.00, real=0.01 secs] 
376.029: Total time for which application threads were stopped: 0.0183620 seconds, Stopping threads took: 0.0009730 seconds
376.073: Application time: 0.0440090 seconds
376.073: [GC [PSYoungGen: 134640K->18912K(134656K)] 274574K->181641K(441344K), 0.0240650 secs] [Times: user=0.19 sys=0.00, real=0.02 secs] 
376.097: Total time for which application threads were stopped: 0.0242690 seconds, Stopping threads took: 0.0001150 seconds
376.147: Application time: 0.0500140 seconds
376.147: [GC [PSYoungGen: 134624K->18912K(134656K)] 297353K->208046K(441344K), 0.0298010 secs] [Times: user=0.23 sys=0.00, real=0.03 secs] 
376.177: Total time for which application threads were stopped: 0.0299800 seconds, Stopping threads took: 0.0000920 seconds
376.224: Application time: 0.0468200 seconds
376.224: [GC [PSYoungGen: 134624K->18928K(134656K)] 323758K->231730K(441344K), 0.0280190 secs] [Times: user=0.22 sys=0.00, real=0.03 secs] 
376.252: Total time for which application threads were stopped: 0.0282150 seconds, Stopping threads took: 0.0001080 seconds
376.306: Application time: 0.0535540 seconds
376.306: [GC [PSYoungGen: 134640K->18912K(134656K)] 347442K->252567K(441344K), 0.0292160 secs] [Times: user=0.23 sys=0.00, real=0.03 secs] 
376.335: Total time for which application threads were stopped: 0.0294060 seconds, Stopping threads took: 0.0001040 seconds
376.390: Application time: 0.0549260 seconds
376.392: [GC [PSYoungGen: 134624K->18912K(134656K)] 368279K->269722K(441344K), 0.0289660 secs] [Times: user=0.23 sys=0.00, real=0.03 secs] 
376.421: Total time for which application threads were stopped: 0.0303920 seconds, Stopping threads took: 0.0013400 seconds
376.475: Application time: 0.0545220 seconds
376.475: [GC [PSYoungGen: 134624K->18928K(134656K)] 385434K->287356K(441344K), 0.0297460 secs] [Times: user=0.23 sys=0.00, real=0.03 secs] 
376.505: Total time for which application threads were stopped: 0.0299210 seconds, Stopping threads took: 0.0000860 seconds
376.549: Application time: 0.0436830 seconds
376.549: [GC [PSYoungGen: 134640K->18912K(134656K)] 403068K->315176K(441344K), 0.0330710 secs] [Times: user=0.26 sys=0.00, real=0.04 secs] 
376.582: [Full GC [PSYoungGen: 18912K->0K(134656K)] [ParOldGen: 296264K->133030K(306688K)] 315176K->133030K(441344K) [PSPermGen: 9157K->9157K(21504K)], 0.1548230 secs] [Times: user=1.14 sys=0.00, real=0.15 secs] 
376.737: Total time for which application threads were stopped: 0.1881600 seconds, Stopping threads took: 0.0001080 seconds
376.790: Application time: 0.0532370 seconds
376.790: [GC [PSYoungGen: 115712K->18928K(134656K)] 248742K->157623K(441344K), 0.0171600 secs] [Times: user=0.13 sys=0.00, real=0.02 secs] 
376.807: Total time for which application threads were stopped: 0.0173310 seconds, Stopping threads took: 0.0000840 seconds
376.852: Application time: 0.0447050 seconds
376.852: [GC [PSYoungGen: 134640K->18912K(134656K)] 273335K->179897K(441344K), 0.0241590 secs] [Times: user=0.19 sys=0.00, real=0.02 secs] 
376.877: Total time for which application threads were stopped: 0.0243490 seconds, Stopping threads took: 0.0000980 seconds
376.923: Application time: 0.0468930 seconds
376.924: [GC [PSYoungGen: 134624K->18928K(134656K)] 295609K->209759K(441344K), 0.0314300 secs] [Times: user=0.24 sys=0.00, real=0.03 secs] 
376.955: Total time for which application threads were stopped: 0.0316330 seconds, Stopping threads took: 0.0001090 seconds
377.004: Application time: 0.0488430 seconds
377.004: [GC [PSYoungGen: 134640K->18912K(134656K)] 325471K->234347K(441344K), 0.0298520 secs] [Times: user=0.24 sys=0.00, real=0.03 secs] 
377.034: Total time for which application threads were stopped: 0.0300160 seconds, Stopping threads took: 0.0000760 seconds
377.091: Application time: 0.0575700 seconds
377.092: [GC [PSYoungGen: 134624K->18928K(134656K)] 350059K->249384K(441344K), 0.0293570 secs] [Times: user=0.22 sys=0.00, real=0.03 secs] 
377.121: Total time for which application threads were stopped: 0.0295330 seconds, Stopping threads took: 0.0000760 seconds
377.173: Application time: 0.0521910 seconds
377.173: [GC [PSYoungGen: 134640K->18912K(134656K)] 365096K->267392K(441344K), 0.0275310 secs] [Times: user=0.22 sys=0.00, real=0.03 secs] 
377.201: Total time for which application threads were stopped: 0.0277120 seconds, Stopping threads took: 0.0000960 seconds
377.250: Application time: 0.0493200 seconds
377.250: [GC [PSYoungGen: 134624K->18912K(134656K)] 383104K->289567K(441344K), 0.0294770 secs] [Times: user=0.24 sys=0.00, real=0.04 secs] 
377.280: Total time for which application threads were stopped: 0.0296430 seconds, Stopping threads took: 0.0000770 seconds
377.322: Application time: 0.0420210 seconds
377.322: [GC [PSYoungGen: 134624K->18912K(134656K)] 405279K->317683K(441344K), 0.0315770 secs] [Times: user=0.25 sys=0.00, real=0.03 secs] 
377.354: [Full GC [PSYoungGen: 18912K->0K(134656K)] [ParOldGen: 298771K->135354K(306688K)] 317683K->135354K(441344K) [PSPermGen: 9157K->9157K(21504K)], 0.1592040 secs] [Times: user=1.18 sys=0.00, real=0.16 secs] 
377.513: Total time for which application threads were stopped: 0.1910030 seconds, Stopping threads took: 0.0000740 seconds
377.567: Application time: 0.0543530 seconds
377.567: [GC [PSYoungGen: 115712K->18928K(134656K)] 251066K->159902K(441344K), 0.0169860 secs] [Times: user=0.13 sys=0.00, real=0.02 secs] 
377.584: Total time for which application threads were stopped: 0.0171680 seconds, Stopping threads took: 0.0000930 seconds
377.630: Application time: 0.0451640 seconds
377.630: [GC [PSYoungGen: 134640K->18912K(134656K)] 275614K->180027K(441344K), 0.0229100 secs] [Times: user=0.18 sys=0.00, real=0.03 secs] 
377.653: Total time for which application threads were stopped: 0.0230710 seconds, Stopping threads took: 0.0000630 seconds
377.698: Application time: 0.0453830 seconds
377.698: [GC [PSYoungGen: 134624K->18912K(134656K)] 295739K->210587K(441344K), 0.0303390 secs] [Times: user=0.24 sys=0.00, real=0.03 secs] 
377.729: Total time for which application threads were stopped: 0.0304820 seconds, Stopping threads took: 0.0000550 seconds
377.777: Application time: 0.0486010 seconds
377.777: [GC [PSYoungGen: 134624K->18928K(134656K)] 326299K->235937K(441344K), 0.0313360 secs] [Times: user=0.24 sys=0.00, real=0.03 secs] 
377.809: Total time for which application threads were stopped: 0.0315370 seconds, Stopping threads took: 0.0001150 seconds
377.868: Application time: 0.0590460 seconds
377.868: [GC [PSYoungGen: 134640K->18912K(134656K)] 351649K->250683K(441344K), 0.0280730 secs] [Times: user=0.22 sys=0.00, real=0.03 secs] 
377.896: Total time for which application threads were stopped: 0.0282350 seconds, Stopping threads took: 0.0000760 seconds
377.949: Application time: 0.0529040 seconds
377.949: [GC [PSYoungGen: 134624K->18912K(134656K)] 366395K->268900K(441344K), 0.0327700 secs] [Times: user=0.25 sys=0.00, real=0.04 secs] 
377.982: Total time for which application threads were stopped: 0.0329400 seconds, Stopping threads took: 0.0000830 seconds
378.032: Application time: 0.0502970 seconds
378.032: [GC [PSYoungGen: 134624K->18912K(134656K)] 384612K->290325K(441344K), 0.0341930 secs] [Times: user=0.25 sys=0.00, real=0.03 secs] 
378.067: Total time for which application threads were stopped: 0.0343800 seconds, Stopping threads took: 0.0001020 seconds
378.107: Application time: 0.0408830 seconds
378.108: [GC [PSYoungGen: 134624K->18912K(134656K)] 406037K->318656K(441344K), 0.0331700 secs] [Times: user=0.25 sys=0.00, real=0.04 secs] 
378.141: [Full GC [PSYoungGen: 18912K->0K(134656K)] [ParOldGen: 299744K->135417K(306688K)] 318656K->135417K(441344K) [PSPermGen: 9157K->9157K(21504K)], 0.1567400 secs] [Times: user=1.16 sys=0.00, real=0.15 secs] 
378.298: Total time for which application threads were stopped: 0.1901540 seconds, Stopping threads took: 0.0000840 seconds
378.352: Application time: 0.0546440 seconds
378.352: [GC [PSYoungGen: 115712K->18912K(134656K)] 251129K->159703K(441344K), 0.0178190 secs] [Times: user=0.13 sys=0.00, real=0.01 secs] 
378.370: Total time for which application threads were stopped: 0.0179800 seconds, Stopping threads took: 0.0000660 seconds
378.417: Application time: 0.0467670 seconds
378.417: [GC [PSYoungGen: 134624K->18928K(134656K)] 275415K->179669K(441344K), 0.0236770 secs] [Times: user=0.18 sys=0.00, real=0.03 secs] 
378.441: Total time for which application threads were stopped: 0.0238670 seconds, Stopping threads took: 0.0001000 seconds
378.485: Application time: 0.0443890 seconds
378.485: [GC [PSYoungGen: 134640K->18928K(134656K)] 295381K->209442K(441344K), 0.0298170 secs] [Times: user=0.24 sys=0.00, real=0.03 secs] 
378.515: Total time for which application threads were stopped: 0.0299880 seconds, Stopping threads took: 0.0000820 seconds
378.563: Application time: 0.0476300 seconds
378.563: [GC [PSYoungGen: 134640K->18912K(134656K)] 325154K->236199K(441344K), 0.0319200 secs] [Times: user=0.25 sys=0.00, real=0.03 secs] 
378.595: Total time for which application threads were stopped: 0.0321000 seconds, Stopping threads took: 0.0000890 seconds
378.652: Application time: 0.0573020 seconds
378.652: [GC [PSYoungGen: 134624K->18928K(134656K)] 351911K->250971K(441344K), 0.0276980 secs] [Times: user=0.22 sys=0.00, real=0.03 secs] 
378.680: Total time for which application threads were stopped: 0.0278480 seconds, Stopping threads took: 0.0000670 seconds
378.733: Application time: 0.0530200 seconds
378.733: [GC [PSYoungGen: 134640K->18912K(134656K)] 366683K->269970K(441344K), 0.0289030 secs] [Times: user=0.22 sys=0.00, real=0.03 secs] 
378.762: Total time for which application threads were stopped: 0.0291100 seconds, Stopping threads took: 0.0001200 seconds
378.812: Application time: 0.0497420 seconds
378.812: [GC [PSYoungGen: 134624K->18928K(134656K)] 385682K->292156K(441344K), 0.0295840 secs] [Times: user=0.23 sys=0.00, real=0.03 secs] 
378.842: [Full GC [PSYoungGen: 18928K->0K(134656K)] [ParOldGen: 273228K->125055K(306688K)] 292156K->125055K(441344K) [PSPermGen: 9157K->9157K(21504K)], 0.1422050 secs] [Times: user=1.05 sys=0.00, real=0.14 secs] 
378.984: Total time for which application threads were stopped: 0.1720040 seconds, Stopping threads took: 0.0000750 seconds
379.028: Application time: 0.0441460 seconds
379.028: [GC [PSYoungGen: 115712K->18912K(134656K)] 240767K->152403K(441344K), 0.0150910 secs] [Times: user=0.11 sys=0.00, real=0.02 secs] 
379.043: Total time for which application threads were stopped: 0.0152610 seconds, Stopping threads took: 0.0000740 seconds
379.098: Application time: 0.0542490 seconds
379.098: [GC [PSYoungGen: 134624K->18923K(134656K)] 268115K->173173K(441344K), 0.0243970 secs] [Times: user=0.18 sys=0.00, real=0.03 secs] 
379.122: Total time for which application threads were stopped: 0.0245580 seconds, Stopping threads took: 0.0000790 seconds
379.173: Application time: 0.0506270 seconds
379.173: [GC [PSYoungGen: 134568K->18923K(134656K)] 288818K->192833K(441344K), 0.0252830 secs] [Times: user=0.20 sys=0.00, real=0.02 secs] 
379.198: Total time for which application threads were stopped: 0.0254740 seconds, Stopping threads took: 0.0001010 seconds
379.241: Application time: 0.0430040 seconds
379.241: [GC [PSYoungGen: 134635K->18939K(134656K)] 308545K->220787K(441344K), 0.0306310 secs] [Times: user=0.22 sys=0.00, real=0.03 secs] 
379.272: Total time for which application threads were stopped: 0.0307810 seconds, Stopping threads took: 0.0000580 seconds
379.319: Application time: 0.0467180 seconds
379.319: [GC [PSYoungGen: 134651K->18939K(134656K)] 336499K->250282K(441344K), 0.0348350 secs] [Times: user=0.27 sys=0.00, real=0.04 secs] 
379.354: Total time for which application threads were stopped: 0.0350500 seconds, Stopping threads took: 0.0001250 seconds
379.411: Application time: 0.0573200 seconds
379.411: [GC [PSYoungGen: 134651K->18939K(134656K)] 365994K->266852K(441344K), 0.0299870 secs] [Times: user=0.24 sys=0.00, real=0.04 secs] 
379.441: Total time for which application threads were stopped: 0.0301720 seconds, Stopping threads took: 0.0000920 seconds
379.496: Application time: 0.0549900 seconds
379.496: [GC [PSYoungGen: 134651K->18939K(134656K)] 382564K->285001K(441344K), 0.0307780 secs] [Times: user=0.24 sys=0.00, real=0.03 secs] 
379.527: Total time for which application threads were stopped: 0.0309660 seconds, Stopping threads took: 0.0000990 seconds
379.578: Application time: 0.0507590 seconds
379.578: [GC [PSYoungGen: 134651K->18939K(134656K)] 400713K->310223K(441344K), 0.0331970 secs] [Times: user=0.26 sys=0.00, real=0.03 secs] 
379.611: [Full GC [PSYoungGen: 18939K->0K(134656K)] [ParOldGen: 291284K->129570K(306688K)] 310223K->129570K(441344K) [PSPermGen: 9157K->9157K(21504K)], 0.1472380 secs] [Times: user=1.08 sys=0.00, real=0.15 secs] 
379.759: Total time for which application threads were stopped: 0.1807020 seconds, Stopping threads took: 0.0001010 seconds
379.781: Application time: 0.0220720 seconds
379.781: Total time for which application threads were stopped: 0.0001130 seconds, Stopping threads took: 0.0000930 seconds
379.809: Application time: 0.0282260 seconds
379.809: [GC [PSYoungGen: 115712K->18928K(134656K)] 245282K->153251K(441344K), 0.0155880 secs] [Times: user=0.12 sys=0.00, real=0.02 secs] 
379.825: Total time for which application threads were stopped: 0.0157450 seconds, Stopping threads took: 0.0000750 seconds
379.858: Application time: 0.0330010 seconds
379.858: Total time for which application threads were stopped: 0.0000940 seconds, Stopping threads took: 0.0000740 seconds
379.893: Application time: 0.0347820 seconds
379.893: [GC [PSYoungGen: 134640K->18928K(134656K)] 268963K->161051K(441344K), 0.0196980 secs] [Times: user=0.15 sys=0.00, real=0.02 secs] 
379.913: Total time for which application threads were stopped: 0.0198410 seconds, Stopping threads took: 0.0000610 seconds
379.926: Application time: 0.0131730 seconds
379.926: Total time for which application threads were stopped: 0.0001160 seconds, Stopping threads took: 0.0000940 seconds
379.941: Application time: 0.0152910 seconds
379.941: Total time for which application threads were stopped: 0.0000650 seconds, Stopping threads took: 0.0000440 seconds
379.951: Application time: 0.0093220 seconds
379.951: Total time for which application threads were stopped: 0.0000740 seconds, Stopping threads took: 0.0000540 seconds
380.003: Application time: 0.0521190 seconds
380.003: [GC [PSYoungGen: 134640K->18912K(134656K)] 276763K->169251K(441344K), 0.0228440 secs] [Times: user=0.18 sys=0.00, real=0.02 secs] 
380.026: Total time for which application threads were stopped: 0.0229750 seconds, Stopping threads took: 0.0000470 seconds
380.036: Application time: 0.0101990 seconds
380.036: Total time for which application threads were stopped: 0.0000620 seconds, Stopping threads took: 0.0000420 seconds
380.316: Application time: 0.2803060 seconds
380.316: Total time for which application threads were stopped: 0.0000700 seconds, Stopping threads took: 0.0000160 seconds
380.383: Application time: 0.0662760 seconds
380.383: Total time for which application threads were stopped: 0.0000490 seconds, Stopping threads took: 0.0000250 seconds
380.396: Application time: 0.0128780 seconds
380.396: Total time for which application threads were stopped: 0.0001780 seconds, Stopping threads took: 0.0000080 seconds
380.896: Application time: 0.4999770 seconds
380.896: Total time for which application threads were stopped: 0.0000750 seconds, Stopping threads took: 0.0000120 seconds
Heap
 PSYoungGen      total 134656K, used 124086K [0x00000000f6a00000, 0x0000000100000000, 0x0000000100000000)
  eden space 115712K, 90% used [0x00000000f6a00000,0x00000000fd0b5a40,0x00000000fdb00000)
  from space 18944K, 99% used [0x00000000fdb00000,0x00000000fed780f0,0x00000000fed80000)
  to   space 18944K, 0% used [0x00000000fed80000,0x00000000fed80000,0x0000000100000000)
 ParOldGen       total 306688K, used 150339K [0x00000000e3e00000, 0x00000000f6980000, 0x00000000f6a00000)
  object space 306688K, 49% used [0x00000000e3e00000,0x00000000ed0d0c78,0x00000000f6980000)
 PSPermGen       total 21504K, used 16740K [0x00000000dec00000, 0x00000000e0100000, 0x00000000e3e00000)
  object space 21504K, 77% used [0x00000000dec00000,0x00000000dfc59040,0x00000000e0100000)
380.896: Application time: 0.0001970 seconds
